OpenJDK 64-Bit Server VM (25.202-b05) for bsd-amd64 JRE (Zulu 8.36.0.1-CA-macosx) (1.8.0_202-b05), built on Jan 29 2019 06:07:09 by "zulu_re" with gcc 4.2.1 (Based on Apple Inc. build 5658) (LLVM build 2336.11.00)
Memory: 4k page, physical 16777216k(1424752k free)

/proc/meminfo:

CommandLine flags: -XX:InitialHeapSize=268435456 -XX:MaxHeapSize=4294967296 -XX:+PrintGC -XX:+PrintGCDetails -XX:+PrintGCTimeStamps -XX:+UseCompressedClassPointers -XX:+UseCompressedOops -XX:+UseParallelGC 
Heap
 PSYoungGen      total 76288K, used 35785K [0x000000076ab00000, 0x0000000770000000, 0x00000007c0000000)
  eden space 65536K, 54% used [0x000000076ab00000,0x000000076cdf2720,0x000000076eb00000)
  from space 10752K, 0% used [0x000000076f580000,0x000000076f580000,0x0000000770000000)
  to   space 10752K, 0% used [0x000000076eb00000,0x000000076eb00000,0x000000076f580000)
 ParOldGen       total 175104K, used 0K [0x00000006c0000000, 0x00000006cab00000, 0x000000076ab00000)
  object space 175104K, 0% used [0x00000006c0000000,0x00000006c0000000,0x00000006cab00000)
 Metaspace       used 7659K, capacity 8005K, committed 8192K, reserved 1056768K
  class space    used 852K, capacity 948K, committed 1024K, reserved 1048576K
31: [GC (Allocation Failure) [PSYoungGen: 132720K->1632K(141824K)] 132744K->1656K(316928K), 0,0025203 secs] [Times: user=0,01 sys=0,00, real=0,00 secs] 
0,928: [GC (Allocation Failure) [PSYoungGen: 132704K->1664K(266752K)] 132728K->1688K(441856K), 0,0016213 secs] [Times: user=0,01 sys=0,00, real=0,01 secs] 
1,171: [GC (Allocation Failure) [PSYoungGen: 263808K->96K(266752K)] 263832K->1707K(441856K), 0,0018028 secs] [Times: user=0,00 sys=0,00, real=0,00 secs] 
1,367: [GC (Allocation Failure) [PSYoungGen: 262240K->96K(528896K)] 263851K->1723K(704000K), 0,0005088 secs] [Times: user=0,00 sys=0,00, real=0,00 secs] 
1,852: [GC (Allocation Failure) [PSYoungGen: 524384K->96K(501760K)] 526011K->1731K(676864K), 0,0005347 secs] [Times: user=0,00 sys=0,00, real=0,00 secs] 
2,215: [GC (Allocation Failure) [PSYoungGen: 501344K->96K(479744K)] 502979K->1731K(654848K), 0,0005278 secs] [Times: user=0,00 sys=0,00, real=0,00 secs] 
2,563: [GC (Allocation Failure) [PSYoungGen: 479328K->64K(462848K)] 480963K->1707K(637952K), 0,0004902 secs] [Times: user=0,00 sys=0,00, real=0,00 secs] 
2,897: [GC (Allocation Failure) [PSYoungGen: 458304K->32K(438784K)] 459947K->1675K(613888K), 0,0005796 secs] [Times: user=0,00 sys=0,00, real=0,00 secs] 
3,215: [GC (Allocation Failure) [PSYoungGen: 438304K->32K(423936K)] 439947K->1683K(599040K), 0,0010213 secs] [Times: user=0,00 sys=0,00, real=0,00 secs] 
3,521: [GC (Allocation Failure) [PSYoungGen: 419360K->96K(401920K)] 421011K->1747K(577024K), 0,0005894 secs] [Times: user=0,00 sys=0,00, real=0,00 secs] 
3,813: [GC (Allocation Failure) [PSYoungGen: 401504K->64K(388608K)] 403155K->1715K(563712K), 0,0005098 secs] [Times: user=0,00 sys=0,00, real=0,00 secs] 
4,092: [GC (Allocation Failure) [PSYoungGen: 384576K->64K(368640K)] 386227K->1715K(543744K), 0,0005146 secs] [Times: user=0,00 sys=0,00, real=0,00 secs] 
4,358: [GC (Allocation Failure) [PSYoungGen: 368192K->64K(356352K)] 369843K->1715K(531456K), 0,0005090 secs] [Times: user=0,00 sys=0,00, real=0,00 secs] 
4,613: [GC (Allocation Failure) [PSYoungGen: 352832K->64K(338432K)] 354483K->1715K(513536K), 0,0005953 secs] [Times: user=0,00 sys=0,00, real=0,00 secs] 
4,858: [GC (Allocation Failure) [PSYoungGen: 337984K->96K(327680K)] 339635K->1747K(502784K), 0,0005144 secs] [Times: user=0,00 sys=0,00, real=0,00 secs] 
5,092: [GC (Allocation Failure) [PSYoungGen: 324192K->32K(311296K)] 325843K->1683K(486400K), 0,0005794 secs] [Times: user=0,00 sys=0,00, real=0,00 secs] 
5,317: [GC (Allocation Failure) [PSYoungGen: 310816K->96K(301056K)] 312467K->1747K(476160K), 0,0004975 secs] [Times: user=0,01 sys=0,00, real=0,00 secs] 
5,533: [GC (Allocation Failure) [PSYoungGen: 298080K->96K(286720K)] 299731K->1747K(461824K), 0,0005761 secs] [Times: user=0,00 sys=0,00, real=0,00 secs] 
5,740: [GC (Allocation Failure) [PSYoungGen: 286304K->64K(277504K)] 287955K->1715K(452608K), 0,0005059 secs] [Times: user=0,00 sys=0,00, real=0,00 secs] 
5,938: [GC (Allocation Failure) [PSYoungGen: 275008K->32K(264704K)] 276659K->1683K(439808K), 0,0005647 secs] [Times: user=0,00 sys=0,00, real=0,00 secs] 
6,130: [GC (Allocation Failure) [PSYoungGen: 264224K->64K(256512K)] 265875K->1715K(431616K), 0,0004906 secs] [Times: user=0,00 sys=0,00, real=0,00 secs] 
6,314: [GC (Allocation Failure) [PSYoungGen: 254016K->0K(244736K)] 255667K->1651K(419840K), 0,0005572 secs] [Times: user=0,00 sys=0,00, real=0,00 secs] 
6,491: [GC (Allocation Failure) [PSYoungGen: 244223K->96K(237056K)] 245875K->1747K(412160K), 0,0004893 secs] [Times: user=0,00 sys=0,00, real=0,00 secs] 
6,661: [GC (Allocation Failure) [PSYoungGen: 235104K->32K(226816K)] 236755K->1691K(401920K), 0,0005585 secs] [Times: user=0,00 sys=0,00, real=0,00 secs] 
6,825: [GC (Allocation Failure) [PSYoungGen: 226336K->64K(219648K)] 227995K->1723K(394752K), 0,0004815 secs] [Times: user=0,00 sys=0,00, real=0,00 secs] 
6,983: [GC (Allocation Failure) [PSYoungGen: 217664K->96K(209920K)] 219323K->1755K(385024K), 0,0005990 secs] [Times: user=0,00 sys=0,00, real=0,00 secs] 
7,134: [GC (Allocation Failure) [PSYoungGen: 209504K->64K(203264K)] 211163K->1723K(378368K), 0,0004941 secs] [Times: user=0,00 sys=0,00, real=0,00 secs] 
7,280: [GC (Allocation Failure) [PSYoungGen: 201792K->64K(195072K)] 203451K->1723K(370176K), 0,0005309 secs] [Times: user=0,00 sys=0,00, real=0,00 secs] 
7,421: [GC (Allocation Failure) [PSYoungGen: 194624K->32K(188928K)] 196283K->1691K(364032K), 0,0004993 secs] [Times: user=0,00 sys=0,00, real=0,00 secs] 
7,557: [GC (Allocation Failure) [PSYoungGen: 187424K->64K(181248K)] 189083K->1723K(356352K), 0,0005256 secs] [Times: user=0,00 sys=0,00, real=0,00 secs] 
7,688: [GC (Allocation Failure) [PSYoungGen: 180800K->64K(176128K)] 182459K->1723K(351232K), 0,0006412 secs] [Times: user=0,00 sys=0,00, real=0,00 secs] 
7,815: [GC (Allocation Failure) [PSYoungGen: 174656K->64K(168960K)] 176315K->1723K(344064K), 0,0005175 secs] [Times: user=0,00 sys=0,00, real=0,00 secs] 
7,936: [GC (Allocation Failure) [PSYoungGen: 168512K->96K(163840K)] 170171K->1755K(338944K), 0,0004807 secs] [Times: user=0,00 sys=0,00, real=0,00 secs] 
8,057: [GC (Allocation Failure) [PSYoungGen: 162912K->96K(157696K)] 164571K->1755K(332800K), 0,0005188 secs] [Times: user=0,00 sys=0,00, real=0,00 secs] 
8,172: [GC (Allocation Failure) [PSYoungGen: 157280K->64K(153088K)] 158939K->1723K(328192K), 0,0004941 secs] [Times: user=0,00 sys=0,00, real=0,00 secs] 
8,282: [GC (Allocation Failure) [PSYoungGen: 152128K->64K(147456K)] 153787K->1723K(322560K), 0,0005027 secs] [Times: user=0,00 sys=0,00, real=0,00 secs] 
8,388: [GC (Allocation Failure) [PSYoungGen: 147008K->64K(143360K)] 148667K->1723K(318464K), 0,0004991 secs] [Times: user=0,00 sys=0,00, real=0,00 secs] 
8,492: [GC (Allocation Failure) [PSYoungGen: 142400K->64K(138240K)] 144059K->1723K(313344K), 0,0005270 secs] [Times: user=0,00 sys=0,00, real=0,00 secs] 
8,592: [GC (Allocation Failure) [PSYoungGen: 137792K->64K(134144K)] 139451K->1723K(309248K), 0,0004665 secs] [Times: user=0,00 sys=0,00, real=0,00 secs] 
8,688: [GC (Allocation Failure) [PSYoungGen: 133184K->96K(129536K)] 134843K->1755K(304640K), 0,0006671 secs] [Times: user=0,01 sys=0,01, real=0,00 secs] 
8,782: [GC (Allocation Failure) [PSYoungGen: 129120K->32K(125952K)] 130779K->1691K(301056K), 0,0004788 secs] [Times: user=0,00 sys=0,00, real=0,00 secs] 
8,873: [GC (Allocation Failure) [PSYoungGen: 124960K->96K(121344K)] 126619K->1755K(296448K), 0,0004671 secs] [Times: user=0,00 sys=0,00, real=0,00 secs] 
8,961: [GC (Allocation Failure) [PSYoungGen: 120928K->64K(117760K)] 122587K->1723K(292864K), 0,0004914 secs] [Times: user=0,00 sys=0,00, real=0,00 secs] 
9,046: [GC (Allocation Failure) [PSYoungGen: 117312K->32K(114176K)] 118971K->1691K(289280K), 0,0005939 secs] [Times: user=0,01 sys=0,00, real=0,00 secs] 
9,129: [GC (Allocation Failure) [PSYoungGen: 113696K->96K(110592K)] 115355K->1755K(285696K), 0,0004681 secs] [Times: user=0,00 sys=0,00, real=0,01 secs] 
9,209: [GC (Allocation Failure) [PSYoungGen: 110176K->96K(107520K)] 111835K->1755K(282624K), 0,0004692 secs] [Times: user=0,00 sys=0,00, real=0,01 secs] 
9,287: [GC (Allocation Failure) [PSYoungGen: 107104K->64K(104448K)] 108763K->1723K(279552K), 0,0004736 secs] [Times: user=0,00 sys=0,00, real=0,00 secs] 
9,362: [GC (Allocation Failure) [PSYoungGen: 103999K->32K(101376K)] 105659K->1691K(276480K), 0,0004792 secs] [Times: user=0,00 sys=0,00, real=0,00 secs] 
9,436: [GC (Allocation Failure) [PSYoungGen: 100896K->96K(98816K)] 102555K->1755K(273920K), 0,0004464 secs] [Times: user=0,00 sys=0,00, real=0,00 secs] 
9,508: [GC (Allocation Failure) [PSYoungGen: 98400K->64K(96256K)] 100059K->1723K(271360K), 0,0006052 secs] [Times: user=0,00 sys=0,00, real=0,00 secs] 
9,577: [GC (Allocation Failure) [PSYoungGen: 95808K->64K(93696K)] 97467K->1723K(268800K), 0,0004833 secs] [Times: user=0,00 sys=0,00, real=0,00 secs] 
9,645: [GC (Allocation Failure) [PSYoungGen: 93248K->96K(91136K)] 94907K->1755K(266240K), 0,0004484 secs] [Times: user=0,00 sys=0,00, real=0,00 secs] 
9,711: [GC (Allocation Failure) [PSYoungGen: 90720K->96K(88576K)] 92379K->1755K(263680K), 0,0004770 secs] [Times: user=0,00 sys=0,00, real=0,00 secs] 
9,775: [GC (Allocation Failure) [PSYoungGen: 88160K->96K(86528K)] 89819K->1755K(261632K), 0,0004412 secs] [Times: user=0,00 sys=0,00, real=0,00 secs] 
9,837: [GC (Allocation Failure) [PSYoungGen: 86112K->96K(84480K)] 87771K->1755K(259584K), 0,0004517 secs] [Times: user=0,00 sys=0,00, real=0,00 secs] 
9,898: [GC (Allocation Failure) [PSYoungGen: 84064K->32K(82432K)] 85723K->1691K(257536K), 0,0004485 secs] [Times: user=0,00 sys=0,00, real=0,00 secs] 
9,958: [GC (Allocation Failure) [PSYoungGen: 81952K->96K(80384K)] 83611K->1755K(255488K), 0,0004841 secs] [Times: user=0,00 sys=0,00, real=0,00 secs] 
10,017: [GC (Allocation Failure) [PSYoungGen: 79968K->64K(78336K)] 81627K->1723K(253440K), 0,0004817 secs] [Times: user=0,00 sys=0,00, real=0,00 secs] 
10,073: [GC (Allocation Failure) [PSYoungGen: 77888K->96K(76288K)] 79547K->1755K(251392K), 0,0004673 secs] [Times: user=0,00 sys=0,00, real=0,00 secs] 
10,128: [GC (Allocation Failure) [PSYoungGen: 75872K->64K(74752K)] 77531K->1723K(249856K), 0,0004504 secs] [Times: user=0,00 sys=0,00, real=0,00 secs] 
10,183: [GC (Allocation Failure) [PSYoungGen: 74304K->96K(73216K)] 75963K->1755K(248320K), 0,0004471 secs] [Times: user=0,00 sys=0,00, real=0,00 secs] 
10,245: [GC (Allocation Failure) [PSYoungGen: 72800K->160K(71680K)] 74459K->1819K(246784K), 0,0004518 secs] [Times: user=0,00 sys=0,00, real=0,00 secs] 
10,299: [GC (Allocation Failure) [PSYoungGen: 71328K->32K(70144K)] 72987K->1755K(245248K), 0,0004751 secs] [Times: user=0,00 sys=0,00, real=0,01 secs] 
10,350: [GC (Allocation Failure) [PSYoungGen: 69664K->64K(68608K)] 71387K->1787K(243712K), 0,0004687 secs] [Times: user=0,00 sys=0,00, real=0,00 secs] 
10,400: [GC (Allocation Failure) [PSYoungGen: 68160K->32K(67072K)] 69883K->1755K(242176K), 0,0004786 secs] [Times: user=0,00 sys=0,00, real=0,00 secs] 
10,449: [GC (Allocation Failure) [PSYoungGen: 66592K->64K(65536K)] 68315K->1787K(240640K), 0,0004713 secs] [Times: user=0,00 sys=0,00, real=0,00 secs] 
10,496: [GC (Allocation Failure) [PSYoungGen: 65088K->64K(64000K)] 66811K->1787K(239104K), 0,0004961 secs] [Times: user=0,00 sys=0,00, real=0,00 secs] 
10,543: [GC (Allocation Failure) [PSYoungGen: 63552K->64K(62464K)] 65275K->1787K(237568K), 0,0004754 secs] [Times: user=0,00 sys=0,00, real=0,00 secs] 
10,588: [GC (Allocation Failure) [PSYoungGen: 62016K->96K(61440K)] 63739K->1819K(236544K), 0,0004639 secs] [Times: user=0,00 sys=0,00, real=0,00 secs] 
10,632: [GC (Allocation Failure) [PSYoungGen: 61024K->96K(60416K)] 62747K->1819K(235520K), 0,0004571 secs] [Times: user=0,00 sys=0,00, real=0,00 secs] 
10,676: [GC (Allocation Failure) [PSYoungGen: 60000K->96K(59392K)] 61723K->1819K(234496K), 0,0003721 secs] [Times: user=0,00 sys=0,00, real=0,00 secs] 
10,718: [GC (Allocation Failure) [PSYoungGen: 58976K->96K(58368K)] 60699K->1819K(233472K), 0,0004628 secs] [Times: user=0,00 sys=0,00, real=0,00 secs] 
10,761: [GC (Allocation Failure) [PSYoungGen: 57952K->96K(57344K)] 59675K->1819K(232448K), 0,0004563 secs] [Times: user=0,00 sys=0,00, real=0,00 secs] 
10,802: [GC (Allocation Failure) [PSYoungGen: 56928K->64K(56320K)] 58651K->1787K(231424K), 0,0003763 secs] [Times: user=0,00 sys=0,00, real=0,00 secs] 
10,843: [GC (Allocation Failure) [PSYoungGen: 55872K->96K(55296K)] 57595K->1819K(230400K), 0,0004717 secs] [Times: user=0,00 sys=0,00, real=0,00 secs] 
10,883: [GC (Allocation Failure) [PSYoungGen: 54880K->64K(54272K)] 56603K->1787K(229376K), 0,0004497 secs] [Times: user=0,00 sys=0,00, real=0,00 secs] 
10,922: [GC (Allocation Failure) [PSYoungGen: 53824K->96K(53248K)] 55547K->1819K(228352K), 0,0003550 secs] [Times: user=0,00 sys=0,00, real=0,00 secs] 
10,961: [GC (Allocation Failure) [PSYoungGen: 52832K->96K(64000K)] 54555K->1819K(239104K), 0,0005751 secs] [Times: user=0,00 sys=0,00, real=0,00 secs] 
11,007: [GC (Allocation Failure) [PSYoungGen: 63584K->128K(76800K)] 65307K->1851K(251904K), 0,0004926 secs] [Times: user=0,01 sys=0,00, real=0,00 secs] 
11,063: [GC (Allocation Failure) [PSYoungGen: 76416K->96K(74752K)] 78139K->1819K(249856K), 0,0004701 secs] [Times: user=0,00 sys=0,00, real=0,00 secs] 
11,117: [GC (Allocation Failure) [PSYoungGen: 74336K->64K(73216K)] 76059K->1787K(248320K), 0,0004807 secs] [Times: user=0,01 sys=0,00, real=0,00 secs] 
11,169: [GC (Allocation Failure) [PSYoungGen: 72768K->96K(71680K)] 74491K->1819K(246784K), 0,0004569 secs] [Times: user=0,00 sys=0,00, real=0,00 secs] 
11,221: [GC (Allocation Failure) [PSYoungGen: 71264K->64K(70144K)] 72987K->1787K(245248K), 0,0004611 secs] [Times: user=0,00 sys=0,00, real=0,00 secs] 
11,272: [GC (Allocation Failure) [PSYoungGen: 69696K->64K(68608K)] 71419K->1787K(243712K), 0,0004654 secs] [Times: user=0,00 sys=0,00, real=0,00 secs] 
11,321: [GC (Allocation Failure) [PSYoungGen: 68160K->96K(67072K)] 69883K->1819K(242176K), 0,0004500 secs] [Times: user=0,00 sys=0,00, real=0,00 secs] 
11,370: [GC (Allocation Failure) [PSYoungGen: 66656K->96K(65536K)] 68379K->1819K(240640K), 0,0004585 secs] [Times: user=0,00 sys=0,00, real=0,00 secs] 
11,417: [GC (Allocation Failure) [PSYoungGen: 65120K->64K(64000K)] 66843K->1787K(239104K), 0,0004485 secs] [Times: user=0,00 sys=0,00, real=0,00 secs] 
11,464: [GC (Allocation Failure) [PSYoungGen: 63552K->96K(62464K)] 65275K->1819K(237568K), 0,0004890 secs] [Times: user=0,01 sys=0,00, real=0,00 secs] 
11,509: [GC (Allocation Failure) [PSYoungGen: 62048K->64K(61440K)] 63771K->1787K(236544K), 0,0004744 secs] [Times: user=0,00 sys=0,00, real=0,00 secs] 
11,553: [GC (Allocation Failure) [PSYoungGen: 60992K->64K(60416K)] 62715K->1787K(235520K), 0,0004717 secs] [Times: user=0,01 sys=0,00, real=0,00 secs] 
11,597: [GC (Allocation Failure) [PSYoungGen: 59968K->64K(59392K)] 61691K->1787K(234496K), 0,0004595 secs] [Times: user=0,00 sys=0,00, real=0,00 secs] 
11,640: [GC (Allocation Failure) [PSYoungGen: 58944K->96K(58368K)] 60667K->1819K(233472K), 0,0004482 secs] [Times: user=0,00 sys=0,00, real=0,00 secs] 
11,682: [GC (Allocation Failure) [PSYoungGen: 57952K->96K(57344K)] 59675K->1819K(232448K), 0,0004604 secs] [Times: user=0,01 sys=0,00, real=0,00 secs] 
11,723: [GC (Allocation Failure) [PSYoungGen: 56928K->64K(56320K)] 58651K->1787K(231424K), 0,0004579 secs] [Times: user=0,00 sys=0,00, real=0,00 secs] 
11,764: [GC (Allocation Failure) [PSYoungGen: 55872K->96K(55296K)] 57595K->1819K(230400K), 0,0003770 secs] [Times: user=0,00 sys=0,00, real=0,00 secs] 
11,804: [GC (Allocation Failure) [PSYoungGen: 54880K->96K(54272K)] 56603K->1819K(229376K), 0,0003565 secs] [Times: user=0,00 sys=0,00, real=0,00 secs] 
11,843: [GC (Allocation Failure) [PSYoungGen: 53856K->96K(53248K)] 55579K->1819K(228352K), 0,0003621 secs] [Times: user=0,00 sys=0,00, real=0,00 secs] 
11,881: [GC (Allocation Failure) [PSYoungGen: 52832K->96K(52224K)] 54555K->1819K(227328K), 0,0003604 secs] [Times: user=0,00 sys=0,00, real=0,00 secs] 
11,919: [GC (Allocation Failure) [PSYoungGen: 51808K->96K(51200K)] 53531K->1819K(226304K), 0,0003689 secs] [Times: user=0,00 sys=0,00, real=0,01 secs] 
11,956: [GC (Allocation Failure) [PSYoungGen: 50783K->96K(50176K)] 52507K->1819K(225280K), 0,0005011 secs] [Times: user=0,00 sys=0,00, real=0,00 secs] 
11,993: [GC (Allocation Failure) [PSYoungGen: 49760K->64K(60416K)] 51483K->1787K(235520K), 0,0004675 secs] [Times: user=0,00 sys=0,00, real=0,00 secs] 
12,036: [GC (Allocation Failure) [PSYoungGen: 59968K->96K(72704K)] 61691K->1819K(247808K), 0,0004887 secs] [Times: user=0,00 sys=0,00, real=0,00 secs] 
12,089: [GC (Allocation Failure) [PSYoungGen: 72288K->64K(71168K)] 74011K->1787K(246272K), 0,0004693 secs] [Times: user=0,01 sys=0,00, real=0,01 secs] 
12,140: [GC (Allocation Failure) [PSYoungGen: 70720K->64K(69632K)] 72443K->1787K(244736K), 0,0004601 secs] [Times: user=0,00 sys=0,00, real=0,00 secs] 
12,191: [GC (Allocation Failure) [PSYoungGen: 69184K->64K(68096K)] 70907K->1787K(243200K), 0,0004589 secs] [Times: user=0,00 sys=0,00, real=0,00 secs] 
12,240: [GC (Allocation Failure) [PSYoungGen: 67648K->64K(66560K)] 69371K->1787K(241664K), 0,0004580 secs] [Times: user=0,00 sys=0,00, real=0,00 secs] 
12,288: [GC (Allocation Failure) [PSYoungGen: 66112K->32K(65024K)] 67835K->1755K(240128K), 0,0004677 secs] [Times: user=0,00 sys=0,00, real=0,00 secs] 
12,335: [GC (Allocation Failure) [PSYoungGen: 64544K->96K(63488K)] 66267K->1819K(238592K), 0,0004589 secs] [Times: user=0,00 sys=0,00, real=0,00 secs] 
12,381: [GC (Allocation Failure) [PSYoungGen: 63072K->64K(61952K)] 64795K->1787K(237056K), 0,0004554 secs] [Times: user=0,00 sys=0,00, real=0,00 secs] 
12,425: [GC (Allocation Failure) [PSYoungGen: 61504K->96K(60928K)] 63227K->1819K(236032K), 0,0004635 secs] [Times: user=0,01 sys=0,00, real=0,00 secs] 
12,470: [GC (Allocation Failure) [PSYoungGen: 60512K->96K(59904K)] 62235K->1819K(235008K), 0,0004923 secs] [Times: user=0,00 sys=0,00, real=0,00 secs] 
12,513: [GC (Allocation Failure) [PSYoungGen: 59488K->96K(58880K)] 61211K->1819K(233984K), 0,0004544 secs] [Times: user=0,00 sys=0,00, real=0,00 secs] 
12,556: [GC (Allocation Failure) [PSYoungGen: 58464K->128K(57856K)] 60187K->1851K(232960K), 0,0004648 secs] [Times: user=0,00 sys=0,00, real=0,00 secs] 
12,598: [GC (Allocation Failure) [PSYoungGen: 57472K->96K(56832K)] 59195K->1819K(231936K), 0,0004601 secs] [Times: user=0,00 sys=0,00, real=0,00 secs] 
12,639: [GC (Allocation Failure) [PSYoungGen: 56416K->32K(55808K)] 58139K->1755K(230912K), 0,0004479 secs] [Times: user=0,00 sys=0,00, real=0,00 secs] 
12,679: [GC (Allocation Failure) [PSYoungGen: 55328K->96K(54784K)] 57051K->1819K(229888K), 0,0003673 secs] [Times: user=0,00 sys=0,00, real=0,01 secs] 
12,719: [GC (Allocation Failure) [PSYoungGen: 54368K->64K(53760K)] 56091K->1787K(228864K), 0,0004668 secs] [Times: user=0,00 sys=0,00, real=0,00 secs] 
12,757: [GC (Allocation Failure) [PSYoungGen: 53312K->64K(52736K)] 55035K->1787K(227840K), 0,0003568 secs] [Times: user=0,00 sys=0,00, real=0,00 secs] 
12,795: [GC (Allocation Failure) [PSYoungGen: 52288K->96K(51712K)] 54011K->1819K(226816K), 0,0003655 secs] [Times: user=0,00 sys=0,00, real=0,00 secs] 
12,833: [GC (Allocation Failure) [PSYoungGen: 51296K->96K(50688K)] 53019K->1819K(225792K), 0,0003609 secs] [Times: user=0,01 sys=0,00, real=0,00 secs] 
12,869: [GC (Allocation Failure) [PSYoungGen: 50272K->64K(60928K)] 51995K->1787K(236032K), 0,0006464 secs] [Times: user=0,00 sys=0,00, real=0,01 secs] 
12,913: [GC (Allocation Failure) [PSYoungGen: 60480K->64K(73216K)] 62203K->1787K(248320K), 0,0004762 secs] [Times: user=0,00 sys=0,00, real=0,00 secs] 
12,966: [GC (Allocation Failure) [PSYoungGen: 72768K->64K(88064K)] 74491K->1787K(263168K), 0,0004833 secs] [Times: user=0,00 sys=0,00, real=0,00 secs] 
13,030: [GC (Allocation Failure) [PSYoungGen: 87616K->64K(86016K)] 89339K->1787K(261120K), 0,0004987 secs] [Times: user=0,00 sys=0,00, real=0,00 secs] 
13,092: [GC (Allocation Failure) [PSYoungGen: 85568K->64K(83968K)] 87291K->1787K(259072K), 0,0004856 secs] [Times: user=0,00 sys=0,00, real=0,00 secs] 
13,153: [GC (Allocation Failure) [PSYoungGen: 83520K->64K(81920K)] 85243K->1787K(257024K), 0,0004782 secs] [Times: user=0,00 sys=0,00, real=0,00 secs] 
13,212: [GC (Allocation Failure) [PSYoungGen: 81472K->64K(79872K)] 83195K->1787K(254976K), 0,0004932 secs] [Times: user=0,00 sys=0,00, real=0,00 secs] 
13,271: [GC (Allocation Failure) [PSYoungGen: 79424K->96K(77824K)] 81147K->1819K(252928K), 0,0005022 secs] [Times: user=0,00 sys=0,00, real=0,00 secs] 
13,327: [GC (Allocation Failure) [PSYoungGen: 77408K->64K(75776K)] 79131K->1787K(250880K), 0,0004613 secs] [Times: user=0,00 sys=0,00, real=0,00 secs] 
13,382: [GC (Allocation Failure) [PSYoungGen: 75328K->96K(74240K)] 77051K->1819K(249344K), 0,0004880 secs] [Times: user=0,00 sys=0,00, real=0,00 secs] 
13,436: [GC (Allocation Failure) [PSYoungGen: 73824K->64K(72704K)] 75547K->1787K(247808K), 0,0004843 secs] [Times: user=0,00 sys=0,00, real=0,00 secs] 
13,489: [GC (Allocation Failure) [PSYoungGen: 72256K->64K(71168K)] 73979K->1787K(246272K), 0,0004589 secs] [Times: user=0,00 sys=0,00, real=0,00 secs] 
13,540: [GC (Allocation Failure) [PSYoungGen: 70720K->96K(69632K)] 72443K->1819K(244736K), 0,0004705 secs] [Times: user=0,00 sys=0,00, real=0,00 secs] 
13,590: [GC (Allocation Failure) [PSYoungGen: 69216K->32K(68096K)] 70939K->1755K(243200K), 0,0004686 secs] [Times: user=0,00 sys=0,00, real=0,00 secs] 
13,639: [GC (Allocation Failure) [PSYoungGen: 67616K->96K(66560K)] 69339K->1819K(241664K), 0,0003707 secs] [Times: user=0,00 sys=0,00, real=0,01 secs] 
13,687: [GC (Allocation Failure) [PSYoungGen: 66144K->96K(65024K)] 67867K->1819K(240128K), 0,0004472 secs] [Times: user=0,00 sys=0,00, real=0,00 secs] 
13,734: [GC (Allocation Failure) [PSYoungGen: 64608K->64K(63488K)] 66331K->1787K(238592K), 0,0004589 secs] [Times: user=0,00 sys=0,00, real=0,00 secs] 
13,780: [GC (Allocation Failure) [PSYoungGen: 63040K->32K(61952K)] 64763K->1755K(237056K), 0,0004613 secs] [Times: user=0,00 sys=0,00, real=0,00 secs] 
13,824: [GC (Allocation Failure) [PSYoungGen: 61472K->96K(60928K)] 63195K->1819K(236032K), 0,0003567 secs] [Times: user=0,00 sys=0,00, real=0,00 secs] 
13,868: [GC (Allocation Failure) [PSYoungGen: 60512K->64K(59904K)] 62235K->1787K(235008K), 0,0003492 secs] [Times: user=0,00 sys=0,00, real=0,00 secs] 
13,911: [GC (Allocation Failure) [PSYoungGen: 59456K->96K(58880K)] 61179K->1819K(233984K), 0,0003612 secs] [Times: user=0,00 sys=0,00, real=0,00 secs] 
13,954: [GC (Allocation Failure) [PSYoungGen: 58464K->32K(57856K)] 60187K->1755K(232960K), 0,0003387 secs] [Times: user=0,00 sys=0,00, real=0,00 secs] 
13,996: [GC (Allocation Failure) [PSYoungGen: 57376K->32K(56832K)] 59099K->1755K(231936K), 0,0004965 secs] [Times: user=0,00 sys=0,00, real=0,00 secs] 
14,037: [GC (Allocation Failure) [PSYoungGen: 56352K->64K(55808K)] 58075K->1787K(230912K), 0,0004632 secs] [Times: user=0,00 sys=0,00, real=0,00 secs] 
14,077: [GC (Allocation Failure) [PSYoungGen: 55360K->64K(54784K)] 57083K->1795K(229888K), 0,0003473 secs] [Times: user=0,00 sys=0,00, real=0,00 secs] 
14,117: [GC (Allocation Failure) [PSYoungGen: 54336K->96K(53760K)] 56067K->1827K(228864K), 0,0003528 secs] [Times: user=0,00 sys=0,00, real=0,00 secs] 
14,155: [GC (Allocation Failure) [PSYoungGen: 53344K->96K(52736K)] 55075K->1827K(227840K), 0,0003541 secs] [Times: user=0,00 sys=0,00, real=0,00 secs] 
14,193: [GC (Allocation Failure) [PSYoungGen: 52320K->96K(51712K)] 54051K->1827K(226816K), 0,0003690 secs] [Times: user=0,01 sys=0,00, real=0,00 secs] 
14,230: [GC (Allocation Failure) [PSYoungGen: 51296K->128K(50688K)] 53027K->1859K(225792K), 0,0003483 secs] [Times: user=0,00 sys=0,00, real=0,00 secs] 
14,267: [GC (Allocation Failure) [PSYoungGen: 50304K->64K(49664K)] 52035K->1795K(224768K), 0,0003477 secs] [Times: user=0,00 sys=0,00, real=0,00 secs] 
14,303: [GC (Allocation Failure) [PSYoungGen: 49216K->96K(48640K)] 50947K->1827K(223744K), 0,0003637 secs] [Times: user=0,00 sys=0,00, real=0,00 secs] 
14,338: [GC (Allocation Failure) [PSYoungGen: 48224K->96K(48128K)] 49955K->1827K(223232K), 0,0003474 secs] [Times: user=0,00 sys=0,00, real=0,00 secs] 
14,372: [GC (Allocation Failure) [PSYoungGen: 47712K->64K(47616K)] 49443K->1795K(222720K), 0,0003624 secs] [Times: user=0,00 sys=0,00, real=0,00 secs] 
14,406: [GC (Allocation Failure) [PSYoungGen: 47168K->96K(47104K)] 48899K->1827K(222208K), 0,0004500 secs] [Times: user=0,00 sys=0,00, real=0,00 secs] 
14,443: [GC (Allocation Failure) [PSYoungGen: 46688K->64K(56832K)] 48419K->1795K(231936K), 0,0004952 secs] [Times: user=0,00 sys=0,00, real=0,00 secs] 
14,484: [GC (Allocation Failure) [PSYoungGen: 56384K->64K(68096K)] 58115K->1795K(243200K), 0,0004610 secs] [Times: user=0,00 sys=0,00, real=0,00 secs] 
14,533: [GC (Allocation Failure) [PSYoungGen: 67648K->64K(66560K)] 69379K->1795K(241664K), 0,0004341 secs] [Times: user=0,00 sys=0,00, real=0,00 secs] 
14,581: [GC (Allocation Failure) [PSYoungGen: 66112K->32K(65024K)] 67843K->1763K(240128K), 0,0004391 secs] [Times: user=0,00 sys=0,00, real=0,00 secs] 
14,628: [GC (Allocation Failure) [PSYoungGen: 64544K->64K(63488K)] 66275K->1795K(238592K), 0,0004523 secs] [Times: user=0,00 sys=0,00, real=0,00 secs] 
14,674: [GC (Allocation Failure) [PSYoungGen: 63040K->32K(61952K)] 64771K->1763K(237056K), 0,0004288 secs] [Times: user=0,00 sys=0,00, real=0,00 secs] 
14,719: [GC (Allocation Failure) [PSYoungGen: 61472K->96K(60928K)] 63203K->1827K(236032K), 0,0004641 secs] [Times: user=0,01 sys=0,00, real=0,00 secs] 
14,763: [GC (Allocation Failure) [PSYoungGen: 60512K->96K(59904K)] 62243K->1827K(235008K), 0,0003706 secs] [Times: user=0,00 sys=0,00, real=0,00 secs] 
14,806: [GC (Allocation Failure) [PSYoungGen: 59488K->32K(58880K)] 61219K->1763K(233984K), 0,0003427 secs] [Times: user=0,00 sys=0,00, real=0,00 secs] 
14,848: [GC (Allocation Failure) [PSYoungGen: 58400K->64K(57856K)] 60131K->1795K(232960K), 0,0003524 secs] [Times: user=0,01 sys=0,00, real=0,00 secs] 
14,889: [GC (Allocation Failure) [PSYoungGen: 57408K->96K(56832K)] 59139K->1827K(231936K), 0,0003581 secs] [Times: user=0,00 sys=0,00, real=0,00 secs] 
14,930: [GC (Allocation Failure) [PSYoungGen: 56416K->96K(55808K)] 58147K->1827K(230912K), 0,0003573 secs] [Times: user=0,00 sys=0,00, real=0,00 secs] 
14,971: [GC (Allocation Failure) [PSYoungGen: 55392K->64K(54784K)] 57123K->1795K(229888K), 0,0004844 secs] [Times: user=0,00 sys=0,00, real=0,00 secs] 
15,011: [GC (Allocation Failure) [PSYoungGen: 54336K->64K(53760K)] 56067K->1795K(228864K), 0,0004737 secs] [Times: user=0,00 sys=0,00, real=0,00 secs] 
15,049: [GC (Allocation Failure) [PSYoungGen: 53312K->96K(52736K)] 55043K->1827K(227840K), 0,0003483 secs] [Times: user=0,00 sys=0,00, real=0,00 secs] 
15,087: [GC (Allocation Failure) [PSYoungGen: 52320K->64K(51712K)] 54051K->1795K(226816K), 0,0003583 secs] [Times: user=0,00 sys=0,00, real=0,00 secs] 
15,124: [GC (Allocation Failure) [PSYoungGen: 51264K->64K(50688K)] 52995K->1795K(225792K), 0,0003652 secs] [Times: user=0,00 sys=0,00, real=0,00 secs] 
15,161: [GC (Allocation Failure) [PSYoungGen: 50240K->96K(49664K)] 51971K->1827K(224768K), 0,0003681 secs] [Times: user=0,00 sys=0,00, real=0,00 secs] 
15,197: [GC (Allocation Failure) [PSYoungGen: 49248K->96K(48640K)] 50979K->1827K(223744K), 0,0003692 secs] [Times: user=0,00 sys=0,00, real=0,00 secs] 
15,232: [GC (Allocation Failure) [PSYoungGen: 48224K->32K(48128K)] 49955K->1763K(223232K), 0,0003672 secs] [Times: user=0,00 sys=0,00, real=0,00 secs] 
15,267: [GC (Allocation Failure) [PSYoungGen: 47647K->96K(47616K)] 49379K->1827K(222720K), 0,0003574 secs] [Times: user=0,00 sys=0,00, real=0,00 secs] 
15,301: [GC (Allocation Failure) [PSYoungGen: 47200K->64K(47104K)] 48931K->1795K(222208K), 0,0003778 secs] [Times: user=0,00 sys=0,00, real=0,00 secs] 
15,335: [GC (Allocation Failure) [PSYoungGen: 46656K->64K(46592K)] 48387K->1795K(221696K), 0,0003577 secs] [Times: user=0,01 sys=0,00, real=0,00 secs] 
15,368: [GC (Allocation Failure) [PSYoungGen: 46144K->128K(46080K)] 47875K->1859K(221184K), 0,0003610 secs] [Times: user=0,00 sys=0,00, real=0,00 secs] 
15,402: [GC (Allocation Failure) [PSYoungGen: 45696K->64K(45568K)] 47427K->1795K(220672K), 0,0003462 secs] [Times: user=0,00 sys=0,00, real=0,00 secs] 
15,434: [GC (Allocation Failure) [PSYoungGen: 45120K->32K(45056K)] 46851K->1763K(220160K), 0,0003550 secs] [Times: user=0,01 sys=0,00, real=0,00 secs] 
15,468: [GC (Allocation Failure) [PSYoungGen: 44576K->64K(54272K)] 46307K->1795K(229376K), 0,0004911 secs] [Times: user=0,00 sys=0,00, real=0,00 secs] 
15,507: [GC (Allocation Failure) [PSYoungGen: 53824K->64K(65024K)] 55555K->1795K(240128K), 0,0004557 secs] [Times: user=0,00 sys=0,00, real=0,00 secs] 
15,554: [GC (Allocation Failure) [PSYoungGen: 64576K->64K(78336K)] 66307K->1795K(253440K), 0,0004528 secs] [Times: user=0,01 sys=0,00, real=0,00 secs] 
15,610: [GC (Allocation Failure) [PSYoungGen: 77888K->96K(76288K)] 79619K->1827K(251392K), 0,0004756 secs] [Times: user=0,00 sys=0,00, real=0,00 secs] 
15,665: [GC (Allocation Failure) [PSYoungGen: 75872K->96K(74752K)] 77603K->1827K(249856K), 0,0004578 secs] [Times: user=0,00 sys=0,00, real=0,00 secs] 
15,720: [GC (Allocation Failure) [PSYoungGen: 74336K->64K(73216K)] 76067K->1795K(248320K), 0,0004651 secs] [Times: user=0,00 sys=0,00, real=0,00 secs] 
15,773: [GC (Allocation Failure) [PSYoungGen: 72768K->32K(71680K)] 74499K->1763K(246784K), 0,0004450 secs] [Times: user=0,00 sys=0,00, real=0,00 secs] 
15,824: [GC (Allocation Failure) [PSYoungGen: 71200K->96K(70144K)] 72931K->1827K(245248K), 0,0004398 secs] [Times: user=0,00 sys=0,00, real=0,00 secs] 
15,875: [GC (Allocation Failure) [PSYoungGen: 69728K->32K(68608K)] 71459K->1763K(243712K), 0,0004445 secs] [Times: user=0,00 sys=0,00, real=0,00 secs] 
15,925: [GC (Allocation Failure) [PSYoungGen: 68128K->96K(67072K)] 69859K->1827K(242176K), 0,0004895 secs] [Times: user=0,00 sys=0,00, real=0,00 secs] 
15,973: [GC (Allocation Failure) [PSYoungGen: 66656K->96K(65536K)] 68387K->1827K(240640K), 0,0004476 secs] [Times: user=0,00 sys=0,00, real=0,00 secs] 
16,021: [GC (Allocation Failure) [PSYoungGen: 65120K->64K(64000K)] 66851K->1795K(239104K), 0,0004754 secs] [Times: user=0,00 sys=0,00, real=0,00 secs] 
16,067: [GC (Allocation Failure) [PSYoungGen: 63552K->96K(62464K)] 65283K->1827K(237568K), 0,0004603 secs] [Times: user=0,00 sys=0,00, real=0,00 secs] 
16,112: [GC (Allocation Failure) [PSYoungGen: 62048K->96K(61440K)] 63779K->1827K(236544K), 0,0004489 secs] [Times: user=0,00 sys=0,00, real=0,00 secs] 
16,156: [GC (Allocation Failure) [PSYoungGen: 61024K->64K(60416K)] 62755K->1795K(235520K), 0,0003694 secs] [Times: user=0,00 sys=0,00, real=0,00 secs] 
16,199: [GC (Allocation Failure) [PSYoungGen: 59968K->96K(59392K)] 61699K->1827K(234496K), 0,0003539 secs] [Times: user=0,00 sys=0,00, real=0,00 secs] 
16,242: [GC (Allocation Failure) [PSYoungGen: 58976K->64K(58368K)] 60707K->1795K(233472K), 0,0003612 secs] [Times: user=0,00 sys=0,00, real=0,00 secs] 
16,284: [GC (Allocation Failure) [PSYoungGen: 57920K->64K(57344K)] 59651K->1795K(232448K), 0,0004511 secs] [Times: user=0,00 sys=0,00, real=0,00 secs] 
16,325: [GC (Allocation Failure) [PSYoungGen: 56896K->96K(56320K)] 58627K->1827K(231424K), 0,0003614 secs] [Times: user=0,00 sys=0,00, real=0,00 secs] 
16,366: [GC (Allocation Failure) [PSYoungGen: 55904K->96K(55296K)] 57635K->1827K(230400K), 0,0003610 secs] [Times: user=0,00 sys=0,00, real=0,00 secs] 
16,406: [GC (Allocation Failure) [PSYoungGen: 54880K->64K(54272K)] 56611K->1795K(229376K), 0,0003453 secs] [Times: user=0,00 sys=0,00, real=0,00 secs] 
16,445: [GC (Allocation Failure) [PSYoungGen: 53824K->96K(53248K)] 55555K->1827K(228352K), 0,0003769 secs] [Times: user=0,00 sys=0,00, real=0,00 secs] 
16,483: [GC (Allocation Failure) [PSYoungGen: 52832K->64K(52224K)] 54563K->1795K(227328K), 0,0004779 secs] [Times: user=0,00 sys=0,00, real=0,00 secs] 
16,521: [GC (Allocation Failure) [PSYoungGen: 51776K->96K(51200K)] 53507K->1827K(226304K), 0,0004555 secs] [Times: user=0,00 sys=0,00, real=0,00 secs] 
16,558: [GC (Allocation Failure) [PSYoungGen: 50784K->96K(50176K)] 52515K->1827K(225280K), 0,0003466 secs] [Times: user=0,00 sys=0,00, real=0,00 secs] 
16,594: [GC (Allocation Failure) [PSYoungGen: 49760K->128K(49152K)] 51491K->1859K(224256K), 0,0003565 secs] [Times: user=0,00 sys=0,00, real=0,00 secs] 
16,629: [GC (Allocation Failure) [PSYoungGen: 48768K->96K(48128K)] 50499K->1827K(223232K), 0,0003596 secs] [Times: user=0,00 sys=0,00, real=0,00 secs] 
16,664: [GC (Allocation Failure) [PSYoungGen: 47712K->96K(47616K)] 49443K->1827K(222720K), 0,0003462 secs] [Times: user=0,00 sys=0,00, real=0,00 secs] 
16,698: [GC (Allocation Failure) [PSYoungGen: 47200K->64K(57344K)] 48931K->1795K(232448K), 0,0008796 secs] [Times: user=0,00 sys=0,00, real=0,01 secs] 
16,740: [GC (Allocation Failure) [PSYoungGen: 56896K->64K(69120K)] 58627K->1795K(244224K), 0,0003478 secs] [Times: user=0,00 sys=0,00, real=0,00 secs] 
16,790: [GC (Allocation Failure) [PSYoungGen: 68672K->96K(82944K)] 70403K->1827K(258048K), 0,0003789 secs] [Times: user=0,00 sys=0,00, real=0,00 secs] 
16,850: [GC (Allocation Failure) [PSYoungGen: 82528K->64K(80896K)] 84259K->1795K(256000K), 0,0004512 secs] [Times: user=0,00 sys=0,00, real=0,00 secs] 
16,908: [GC (Allocation Failure) [PSYoungGen: 80448K->96K(78848K)] 82179K->1827K(253952K), 0,0004514 secs] [Times: user=0,00 sys=0,00, real=0,00 secs] 
16,965: [GC (Allocation Failure) [PSYoungGen: 78432K->64K(76800K)] 80163K->1795K(251904K), 0,0004863 secs] [Times: user=0,00 sys=0,00, real=0,00 secs] 
17,021: [GC (Allocation Failure) [PSYoungGen: 76352K->64K(74752K)] 78083K->1795K(249856K), 0,0004975 secs] [Times: user=0,00 sys=0,00, real=0,00 secs] 
17,075: [GC (Allocation Failure) [PSYoungGen: 74304K->96K(73216K)] 76035K->1827K(248320K), 0,0004429 secs] [Times: user=0,00 sys=0,00, real=0,00 secs] 
17,128: [GC (Allocation Failure) [PSYoungGen: 72800K->64K(71680K)] 74531K->1795K(246784K), 0,0004664 secs] [Times: user=0,00 sys=0,00, real=0,00 secs] 
17,179: [GC (Allocation Failure) [PSYoungGen: 71231K->64K(70144K)] 72963K->1795K(245248K), 0,0004490 secs] [Times: user=0,00 sys=0,00, real=0,00 secs] 
17,230: [GC (Allocation Failure) [PSYoungGen: 69696K->128K(68608K)] 71427K->1859K(243712K), 0,0004383 secs] [Times: user=0,01 sys=0,00, real=0,00 secs] 
17,279: [GC (Allocation Failure) [PSYoungGen: 68224K->128K(67072K)] 69955K->1859K(242176K), 0,0004697 secs] [Times: user=0,01 sys=0,00, real=0,00 secs] 
17,328: [GC (Allocation Failure) [PSYoungGen: 66688K->64K(65536K)] 68419K->1795K(240640K), 0,0004627 secs] [Times: user=0,00 sys=0,00, real=0,00 secs] 
17,375: [GC (Allocation Failure) [PSYoungGen: 65088K->64K(64000K)] 66819K->1795K(239104K), 0,0004551 secs] [Times: user=0,00 sys=0,00, real=0,00 secs] 
17,421: [GC (Allocation Failure) [PSYoungGen: 63552K->64K(62464K)] 65283K->1795K(237568K), 0,0005349 secs] [Times: user=0,00 sys=0,00, real=0,00 secs] 
17,467: [GC (Allocation Failure) [PSYoungGen: 62016K->64K(61440K)] 63747K->1795K(236544K), 0,0004681 secs] [Times: user=0,00 sys=0,00, real=0,00 secs] 
17,511: [GC (Allocation Failure) [PSYoungGen: 60992K->64K(60416K)] 62723K->1795K(235520K), 0,0004445 secs] [Times: user=0,00 sys=0,00, real=0,00 secs] 
17,555: [GC (Allocation Failure) [PSYoungGen: 59968K->64K(59392K)] 61699K->1795K(234496K), 0,0004457 secs] [Times: user=0,00 sys=0,00, real=0,00 secs] 
17,598: [GC (Allocation Failure) [PSYoungGen: 58944K->96K(58368K)] 60675K->1827K(233472K), 0,0004730 secs] [Times: user=0,00 sys=0,00, real=0,00 secs] 
17,640: [GC (Allocation Failure) [PSYoungGen: 57952K->96K(57344K)] 59683K->1827K(232448K), 0,0004513 secs] [Times: user=0,00 sys=0,00, real=0,00 secs] 
17,681: [GC (Allocation Failure) [PSYoungGen: 56928K->64K(56320K)] 58659K->1795K(231424K), 0,0004420 secs] [Times: user=0,00 sys=0,00, real=0,00 secs] 
17,722: [GC (Allocation Failure) [PSYoungGen: 55872K->64K(55296K)] 57603K->1795K(230400K), 0,0004380 secs] [Times: user=0,00 sys=0,00, real=0,00 secs] 
17,762: [GC (Allocation Failure) [PSYoungGen: 54848K->96K(54272K)] 56579K->1827K(229376K), 0,0003579 secs] [Times: user=0,00 sys=0,00, real=0,00 secs] 
17,801: [GC (Allocation Failure) [PSYoungGen: 53856K->96K(53248K)] 55587K->1827K(228352K), 0,0003466 secs] [Times: user=0,00 sys=0,00, real=0,00 secs] 
17,839: [GC (Allocation Failure) [PSYoungGen: 52832K->128K(52224K)] 54563K->1859K(227328K), 0,0003449 secs] [Times: user=0,00 sys=0,00, real=0,01 secs] 
17,877: [GC (Allocation Failure) [PSYoungGen: 51840K->96K(51200K)] 53571K->1827K(226304K), 0,0003711 secs] [Times: user=0,00 sys=0,00, real=0,00 secs] 
17,913: [GC (Allocation Failure) [PSYoungGen: 50784K->96K(50176K)] 52515K->1827K(225280K), 0,0003727 secs] [Times: user=0,00 sys=0,00, real=0,00 secs] 
17,950: [GC (Allocation Failure) [PSYoungGen: 49760K->32K(49152K)] 51491K->1763K(224256K), 0,0004936 secs] [Times: user=0,00 sys=0,00, real=0,00 secs] 
17,986: [GC (Allocation Failure) [PSYoungGen: 48672K->96K(48128K)] 50403K->1827K(223232K), 0,0003847 secs] [Times: user=0,00 sys=0,00, real=0,00 secs] 
18,020: [GC (Allocation Failure) [PSYoungGen: 47712K->96K(47616K)] 49443K->1827K(222720K), 0,0003647 secs] [Times: user=0,00 sys=0,00, real=0,00 secs] 
18,055: [GC (Allocation Failure) [PSYoungGen: 47200K->32K(47104K)] 48931K->1763K(222208K), 0,0003541 secs] [Times: user=0,00 sys=0,00, real=0,00 secs] 
18,088: [GC (Allocation Failure) [PSYoungGen: 46624K->32K(46592K)] 48355K->1763K(221696K), 0,0003536 secs] [Times: user=0,00 sys=0,00, real=0,00 secs] 
18,122: [GC (Allocation Failure) [PSYoungGen: 46112K->64K(46080K)] 47843K->1795K(221184K), 0,0003495 secs] [Times: user=0,00 sys=0,00, real=0,00 secs] 
18,155: [GC (Allocation Failure) [PSYoungGen: 45632K->64K(45568K)] 47363K->1795K(220672K), 0,0003577 secs] [Times: user=0,00 sys=0,00, real=0,00 secs] 
18,188: [GC (Allocation Failure) [PSYoungGen: 45120K->32K(45056K)] 46851K->1763K(220160K), 0,0003575 secs] [Times: user=0,00 sys=0,00, real=0,00 secs] 
18,220: [GC (Allocation Failure) [PSYoungGen: 44576K->128K(44544K)] 46307K->1859K(219648K), 0,0003646 secs] [Times: user=0,00 sys=0,00, real=0,00 secs] 
18,253: [GC (Allocation Failure) [PSYoungGen: 44160K->96K(53760K)] 45891K->1827K(228864K), 0,0003502 secs] [Times: user=0,00 sys=0,00, real=0,00 secs] 
18,291: [GC (Allocation Failure) [PSYoungGen: 53344K->96K(52736K)] 55075K->1827K(227840K), 0,0003735 secs] [Times: user=0,00 sys=0,00, real=0,00 secs] 
18,329: [GC (Allocation Failure) [PSYoungGen: 52320K->96K(51712K)] 54051K->1827K(226816K), 0,0003775 secs] [Times: user=0,00 sys=0,00, real=0,00 secs] 
18,367: [GC (Allocation Failure) [PSYoungGen: 51296K->96K(50688K)] 53027K->1827K(225792K), 0,0003601 secs] [Times: user=0,00 sys=0,00, real=0,00 secs] 
18,403: [GC (Allocation Failure) [PSYoungGen: 50272K->32K(49664K)] 52003K->1763K(224768K), 0,0003509 secs] [Times: user=0,00 sys=0,00, real=0,00 secs] 
18,439: [GC (Allocation Failure) [PSYoungGen: 49184K->96K(48640K)] 50915K->1827K(223744K), 0,0003453 secs] [Times: user=0,00 sys=0,00, real=0,01 secs] 
18,474: [GC (Allocation Failure) [PSYoungGen: 48224K->96K(58368K)] 49955K->1827K(233472K), 0,0004880 secs] [Times: user=0,00 sys=0,00, real=0,00 secs] 
18,516: [GC (Allocation Failure) [PSYoungGen: 57952K->32K(70144K)] 59683K->1763K(245248K), 0,0004754 secs] [Times: user=0,00 sys=0,00, real=0,00 secs] 
18,567: [GC (Allocation Failure) [PSYoungGen: 69664K->64K(68608K)] 71395K->1795K(243712K), 0,0004403 secs] [Times: user=0,00 sys=0,00, real=0,00 secs] 
18,616: [GC (Allocation Failure) [PSYoungGen: 68160K->64K(67072K)] 69891K->1795K(242176K), 0,0004577 secs] [Times: user=0,00 sys=0,00, real=0,00 secs] 
18,665: [GC (Allocation Failure) [PSYoungGen: 66624K->32K(65536K)] 68355K->1763K(240640K), 0,0004411 secs] [Times: user=0,00 sys=0,00, real=0,00 secs] 
18,712: [GC (Allocation Failure) [PSYoungGen: 65056K->96K(64000K)] 66787K->1827K(239104K), 0,0004456 secs] [Times: user=0,00 sys=0,00, real=0,00 secs] 
18,758: [GC (Allocation Failure) [PSYoungGen: 63584K->96K(62464K)] 65315K->1827K(237568K), 0,0004575 secs] [Times: user=0,01 sys=0,00, real=0,00 secs] 
18,803: [GC (Allocation Failure) [PSYoungGen: 62048K->64K(61440K)] 63779K->1795K(236544K), 0,0004596 secs] [Times: user=0,00 sys=0,00, real=0,00 secs] 
18,847: [GC (Allocation Failure) [PSYoungGen: 60992K->96K(60416K)] 62723K->1827K(235520K), 0,0003504 secs] [Times: user=0,01 sys=0,00, real=0,00 secs] 
18,891: [GC (Allocation Failure) [PSYoungGen: 60000K->32K(59392K)] 61731K->1763K(234496K), 0,0003690 secs] [Times: user=0,00 sys=0,00, real=0,00 secs] 
18,934: [GC (Allocation Failure) [PSYoungGen: 58912K->64K(58368K)] 60643K->1795K(233472K), 0,0004903 secs] [Times: user=0,00 sys=0,00, real=0,00 secs] 
18,976: [GC (Allocation Failure) [PSYoungGen: 57920K->64K(57344K)] 59651K->1795K(232448K), 0,0004557 secs] [Times: user=0,01 sys=0,00, real=0,00 secs] 
19,018: [GC (Allocation Failure) [PSYoungGen: 56896K->96K(56320K)] 58627K->1827K(231424K), 0,0004606 secs] [Times: user=0,00 sys=0,00, real=0,00 secs] 
19,058: [GC (Allocation Failure) [PSYoungGen: 55904K->96K(55296K)] 57635K->1827K(230400K), 0,0003546 secs] [Times: user=0,00 sys=0,00, real=0,00 secs] 
19,098: [GC (Allocation Failure) [PSYoungGen: 54880K->128K(54272K)] 56611K->1859K(229376K), 0,0003434 secs] [Times: user=0,00 sys=0,00, real=0,00 secs] 
19,137: [GC (Allocation Failure) [PSYoungGen: 53888K->96K(53248K)] 55619K->1827K(228352K), 0,0003732 secs] [Times: user=0,00 sys=0,00, real=0,00 secs] 
19,176: [GC (Allocation Failure) [PSYoungGen: 52832K->96K(52224K)] 54563K->1827K(227328K), 0,0003513 secs] [Times: user=0,00 sys=0,00, real=0,00 secs] 
19,213: [GC (Allocation Failure) [PSYoungGen: 51808K->96K(51200K)] 53539K->1827K(226304K), 0,0003496 secs] [Times: user=0,00 sys=0,00, real=0,00 secs] 
19,250: [GC (Allocation Failure) [PSYoungGen: 50783K->96K(50176K)] 52515K->1827K(225280K), 0,0003480 secs] [Times: user=0,00 sys=0,00, real=0,00 secs] 
19,286: [GC (Allocation Failure) [PSYoungGen: 49760K->64K(49152K)] 51491K->1795K(224256K), 0,0003723 secs] [Times: user=0,00 sys=0,00, real=0,00 secs] 
19,321: [GC (Allocation Failure) [PSYoungGen: 48704K->64K(48128K)] 50435K->1795K(223232K), 0,0003531 secs] [Times: user=0,00 sys=0,00, real=0,00 secs] 
19,356: [GC (Allocation Failure) [PSYoungGen: 47680K->96K(47616K)] 49411K->1827K(222720K), 0,0003525 secs] [Times: user=0,00 sys=0,00, real=0,00 secs] 
19,390: [GC (Allocation Failure) [PSYoungGen: 47200K->32K(47104K)] 48931K->1763K(222208K), 0,0003480 secs] [Times: user=0,00 sys=0,00, real=0,00 secs] 
19,424: [GC (Allocation Failure) [PSYoungGen: 46624K->96K(46592K)] 48355K->1827K(221696K), 0,0003483 secs] [Times: user=0,00 sys=0,00, real=0,00 secs] 
19,458: [GC (Allocation Failure) [PSYoungGen: 46176K->96K(55808K)] 47907K->1827K(230912K), 0,0004713 secs] [Times: user=0,00 sys=0,00, real=0,00 secs] 
19,499: [GC (Allocation Failure) [PSYoungGen: 55392K->64K(54784K)] 57123K->1795K(229888K), 0,0003716 secs] [Times: user=0,00 sys=0,00, real=0,00 secs] 
19,538: [GC (Allocation Failure) [PSYoungGen: 54335K->96K(53760K)] 56067K->1827K(228864K), 0,0003648 secs] [Times: user=0,00 sys=0,00, real=0,00 secs] 
19,577: [GC (Allocation Failure) [PSYoungGen: 53344K->32K(52736K)] 55075K->1763K(227840K), 0,0003477 secs] [Times: user=0,00 sys=0,00, real=0,00 secs] 
19,615: [GC (Allocation Failure) [PSYoungGen: 52256K->64K(51712K)] 53987K->1795K(226816K), 0,0003484 secs] [Times: user=0,00 sys=0,00, real=0,00 secs] 
19,652: [GC (Allocation Failure) [PSYoungGen: 51264K->96K(50688K)] 52995K->1827K(225792K), 0,0003563 secs] [Times: user=0,01 sys=0,00, real=0,00 secs] 
19,688: [GC (Allocation Failure) [PSYoungGen: 50272K->96K(49664K)] 52003K->1827K(224768K), 0,0003715 secs] [Times: user=0,00 sys=0,00, real=0,00 secs] 
19,724: [GC (Allocation Failure) [PSYoungGen: 49248K->96K(48640K)] 50979K->1827K(223744K), 0,0003665 secs] [Times: user=0,00 sys=0,00, real=0,00 secs] 
19,759: [GC (Allocation Failure) [PSYoungGen: 48224K->128K(48128K)] 49955K->1859K(223232K), 0,0003643 secs] [Times: user=0,00 sys=0,00, real=0,00 secs] 
19,794: [GC (Allocation Failure) [PSYoungGen: 47744K->96K(47616K)] 49475K->1827K(222720K), 0,0003488 secs] [Times: user=0,00 sys=0,00, real=0,00 secs] 
19,828: [GC (Allocation Failure) [PSYoungGen: 47200K->96K(47104K)] 48931K->1827K(222208K), 0,0003526 secs] [Times: user=0,00 sys=0,00, real=0,00 secs] 
19,862: [GC (Allocation Failure) [PSYoungGen: 46688K->64K(46592K)] 48419K->1795K(221696K), 0,0003473 secs] [Times: user=0,00 sys=0,00, real=0,00 secs] 
19,895: [GC (Allocation Failure) [PSYoungGen: 46144K->32K(46080K)] 47875K->1763K(221184K), 0,0003630 secs] [Times: user=0,00 sys=0,00, real=0,00 secs] 
19,929: [GC (Allocation Failure) [PSYoungGen: 45600K->96K(45568K)] 47331K->1827K(220672K), 0,0003484 secs] [Times: user=0,00 sys=0,00, real=0,00 secs] 
19,962: [GC (Allocation Failure) [PSYoungGen: 45152K->64K(54784K)] 46883K->1795K(229888K), 0,0004946 secs] [Times: user=0,00 sys=0,00, real=0,00 secs] 
20,002: [GC (Allocation Failure) [PSYoungGen: 54335K->96K(66048K)] 56067K->1827K(241152K), 0,0004759 secs] [Times: user=0,00 sys=0,00, real=0,00 secs] 
20,049: [GC (Allocation Failure) [PSYoungGen: 65632K->96K(79360K)] 67363K->1827K(254464K), 0,0004517 secs] [Times: user=0,01 sys=0,00, real=0,00 secs] 
20,106: [GC (Allocation Failure) [PSYoungGen: 78944K->96K(77312K)] 80675K->1827K(252416K), 0,0004691 secs] [Times: user=0,00 sys=0,00, real=0,00 secs] 
20,162: [GC (Allocation Failure) [PSYoungGen: 76896K->96K(75264K)] 78627K->1827K(250368K), 0,0004548 secs] [Times: user=0,00 sys=0,00, real=0,00 secs] 
20,216: [GC (Allocation Failure) [PSYoungGen: 74848K->96K(73728K)] 76579K->1827K(248832K), 0,0004496 secs] [Times: user=0,00 sys=0,00, real=0,00 secs] 
20,274: [GC (Allocation Failure) [PSYoungGen: 73312K->96K(72192K)] 75043K->1827K(247296K), 0,0005017 secs] [Times: user=0,00 sys=0,00, real=0,00 secs] 
20,326: [GC (Allocation Failure) [PSYoungGen: 71776K->96K(70656K)] 73507K->1851K(245760K), 0,0004818 secs] [Times: user=0,00 sys=0,00, real=0,00 secs] 
20,378: [GC (Allocation Failure) [PSYoungGen: 70240K->96K(69120K)] 71995K->1851K(244224K), 0,0004602 secs] [Times: user=0,01 sys=0,00, real=0,00 secs] 
20,427: [GC (Allocation Failure) [PSYoungGen: 68704K->64K(67584K)] 70459K->1819K(242688K), 0,0004498 secs] [Times: user=0,00 sys=0,00, real=0,00 secs] 
20,477: [GC (Allocation Failure) [PSYoungGen: 67136K->64K(66048K)] 68891K->1819K(241152K), 0,0005026 secs] [Times: user=0,01 sys=0,00, real=0,00 secs] 
20,524: [GC (Allocation Failure) [PSYoungGen: 65600K->96K(64512K)] 67355K->1851K(239616K), 0,0004865 secs] [Times: user=0,00 sys=0,00, real=0,00 secs] 
20,571: [GC (Allocation Failure) [PSYoungGen: 64096K->96K(62976K)] 65851K->1851K(238080K), 0,0004698 secs] [Times: user=0,00 sys=0,00, real=0,00 secs] 
20,617: [GC (Allocation Failure) [PSYoungGen: 62560K->96K(61952K)] 64315K->1851K(237056K), 0,0004562 secs] [Times: user=0,00 sys=0,00, real=0,00 secs] 
20,661: [GC (Allocation Failure) [PSYoungGen: 61536K->64K(60928K)] 63291K->1819K(236032K), 0,0004733 secs] [Times: user=0,00 sys=0,00, real=0,00 secs] 
20,705: [GC (Allocation Failure) [PSYoungGen: 60480K->64K(59904K)] 62235K->1819K(235008K), 0,0004755 secs] [Times: user=0,00 sys=0,00, real=0,00 secs] 
20,749: [GC (Allocation Failure) [PSYoungGen: 59456K->96K(58880K)] 61211K->1851K(233984K), 0,0004570 secs] [Times: user=0,00 sys=0,00, real=0,01 secs] 
20,791: [GC (Allocation Failure) [PSYoungGen: 58464K->96K(57856K)] 60219K->1851K(232960K), 0,0004456 secs] [Times: user=0,00 sys=0,00, real=0,00 secs] 
20,833: [GC (Allocation Failure) [PSYoungGen: 57440K->96K(56832K)] 59195K->1851K(231936K), 0,0003774 secs] [Times: user=0,01 sys=0,00, real=0,00 secs] 
20,874: [GC (Allocation Failure) [PSYoungGen: 56416K->32K(55808K)] 58171K->1787K(230912K), 0,0004718 secs] [Times: user=0,00 sys=0,00, real=0,00 secs] 
20,914: [GC (Allocation Failure) [PSYoungGen: 55328K->96K(54784K)] 57083K->1851K(229888K), 0,0003687 secs] [Times: user=0,00 sys=0,00, real=0,00 secs] 
20,954: [GC (Allocation Failure) [PSYoungGen: 54368K->64K(66048K)] 56123K->1819K(241152K), 0,0006367 secs] [Times: user=0,00 sys=0,00, real=0,00 secs] 
21,002: [GC (Allocation Failure) [PSYoungGen: 65600K->96K(79360K)] 67355K->1851K(254464K), 0,0004851 secs] [Times: user=0,01 sys=0,00, real=0,00 secs] 
21,060: [GC (Allocation Failure) [PSYoungGen: 78944K->96K(77312K)] 80699K->1851K(252416K), 0,0004643 secs] [Times: user=0,00 sys=0,00, real=0,00 secs] 
21,115: [GC (Allocation Failure) [PSYoungGen: 76896K->64K(75264K)] 78651K->1819K(250368K), 0,0004764 secs] [Times: user=0,00 sys=0,00, real=0,00 secs] 
21,170: [GC (Allocation Failure) [PSYoungGen: 74816K->64K(73728K)] 76571K->1819K(248832K), 0,0004727 secs] [Times: user=0,00 sys=0,00, real=0,00 secs] 
21,223: [GC (Allocation Failure) [PSYoungGen: 73280K->64K(72192K)] 75035K->1819K(247296K), 0,0004711 secs] [Times: user=0,00 sys=0,00, real=0,00 secs] 
21,275: [GC (Allocation Failure) [PSYoungGen: 71744K->64K(70656K)] 73499K->1819K(245760K), 0,0004663 secs] [Times: user=0,00 sys=0,00, real=0,00 secs] 
21,326: [GC (Allocation Failure) [PSYoungGen: 70208K->64K(69120K)] 71963K->1819K(244224K), 0,0004535 secs] [Times: user=0,00 sys=0,00, real=0,00 secs] 
21,376: [GC (Allocation Failure) [PSYoungGen: 68672K->96K(67584K)] 70427K->1851K(242688K), 0,0004706 secs] [Times: user=0,00 sys=0,00, real=0,00 secs] 
21,425: [GC (Allocation Failure) [PSYoungGen: 67167K->96K(66048K)] 68923K->1851K(241152K), 0,0004490 secs] [Times: user=0,00 sys=0,00, real=0,00 secs] 
21,473: [GC (Allocation Failure) [PSYoungGen: 65632K->64K(64512K)] 67387K->1819K(239616K), 0,0005455 secs] [Times: user=0,00 sys=0,00, real=0,00 secs] 
21,520: [GC (Allocation Failure) [PSYoungGen: 64064K->64K(77312K)] 65819K->1819K(252416K), 0,0048816 secs] [Times: user=0,00 sys=0,00, real=0,00 secs] 
21,582: [GC (Allocation Failure) [PSYoungGen: 76864K->96K(92672K)] 78619K->1851K(267776K), 0,0016565 secs] [Times: user=0,00 sys=0,00, real=0,00 secs] 
21,651: [GC (Allocation Failure) [PSYoungGen: 92256K->96K(111104K)] 94011K->1851K(286208K), 0,0004977 secs] [Times: user=0,01 sys=0,00, real=0,00 secs] 
21,731: [GC (Allocation Failure) [PSYoungGen: 110688K->64K(108032K)] 112443K->1819K(283136K), 0,0004971 secs] [Times: user=0,01 sys=0,00, real=0,00 secs] 
21,809: [GC (Allocation Failure) [PSYoungGen: 107584K->64K(104960K)] 109339K->1819K(280064K), 0,0004971 secs] [Times: user=0,00 sys=0,00, real=0,01 secs] 
21,885: [GC (Allocation Failure) [PSYoungGen: 104512K->64K(101888K)] 106267K->1819K(276992K), 0,0004895 secs] [Times: user=0,00 sys=0,00, real=0,00 secs] 
21,958: [GC (Allocation Failure) [PSYoungGen: 101440K->64K(98816K)] 103195K->1819K(273920K), 0,0005623 secs] [Times: user=0,00 sys=0,00, real=0,00 secs] 
22,030: [GC (Allocation Failure) [PSYoungGen: 98368K->96K(96256K)] 100123K->1851K(271360K), 0,0004940 secs] [Times: user=0,00 sys=0,00, real=0,00 secs] 
22,100: [GC (Allocation Failure) [PSYoungGen: 95840K->96K(93696K)] 97595K->1851K(268800K), 0,0004841 secs] [Times: user=0,00 sys=0,00, real=0,00 secs] 
22,167: [GC (Allocation Failure) [PSYoungGen: 93280K->64K(91136K)] 95035K->1819K(266240K), 0,0004886 secs] [Times: user=0,00 sys=0,00, real=0,00 secs] 
22,233: [GC (Allocation Failure) [PSYoungGen: 90688K->64K(88576K)] 92443K->1819K(263680K), 0,0004938 secs] [Times: user=0,00 sys=0,00, real=0,00 secs] 
22,297: [GC (Allocation Failure) [PSYoungGen: 88128K->96K(86528K)] 89883K->1851K(261632K), 0,0004817 secs] [Times: user=0,01 sys=0,00, real=0,00 secs] 
22,360: [GC (Allocation Failure) [PSYoungGen: 86112K->64K(84480K)] 87867K->1819K(259584K), 0,0004616 secs] [Times: user=0,00 sys=0,00, real=0,00 secs] 
22,421: [GC (Allocation Failure) [PSYoungGen: 84032K->32K(82432K)] 85787K->1787K(257536K), 0,0004894 secs] [Times: user=0,00 sys=0,00, real=0,00 secs] 
22,480: [GC (Allocation Failure) [PSYoungGen: 81952K->64K(80384K)] 83707K->1819K(255488K), 0,0005085 secs] [Times: user=0,00 sys=0,00, real=0,00 secs] 
22,539: [GC (Allocation Failure) [PSYoungGen: 79936K->32K(78336K)] 81691K->1787K(253440K), 0,0004871 secs] [Times: user=0,00 sys=0,00, real=0,01 secs] 
22,595: [GC (Allocation Failure) [PSYoungGen: 77856K->96K(76288K)] 79611K->1851K(251392K), 0,0004791 secs] [Times: user=0,01 sys=0,00, real=0,00 secs] 
22,650: [GC (Allocation Failure) [PSYoungGen: 75872K->64K(74752K)] 77627K->1819K(249856K), 0,0004860 secs] [Times: user=0,00 sys=0,00, real=0,00 secs] 
22,704: [GC (Allocation Failure) [PSYoungGen: 74304K->64K(73216K)] 76059K->1819K(248320K), 0,0006639 secs] [Times: user=0,01 sys=0,00, real=0,00 secs] 
22,757: [GC (Allocation Failure) [PSYoungGen: 72768K->96K(71680K)] 74523K->1851K(246784K), 0,0004597 secs] [Times: user=0,00 sys=0,00, real=0,00 secs] 
22,809: [GC (Allocation Failure) [PSYoungGen: 71264K->64K(70144K)] 73019K->1819K(245248K), 0,0004547 secs] [Times: user=0,00 sys=0,00, real=0,00 secs] 
22,860: [GC (Allocation Failure) [PSYoungGen: 69696K->64K(68608K)] 71451K->1819K(243712K), 0,0004661 secs] [Times: user=0,00 sys=0,00, real=0,00 secs] 
22,909: [GC (Allocation Failure) [PSYoungGen: 68160K->96K(67072K)] 69915K->1851K(242176K), 0,0004531 secs] [Times: user=0,00 sys=0,00, real=0,00 secs] 
22,958: [GC (Allocation Failure) [PSYoungGen: 66656K->96K(65536K)] 68411K->1851K(240640K), 0,0006511 secs] [Times: user=0,00 sys=0,00, real=0,00 secs] 
23,009: [GC (Allocation Failure) [PSYoungGen: 65120K->64K(64000K)] 66875K->1819K(239104K), 0,0004768 secs] [Times: user=0,00 sys=0,00, real=0,00 secs] 
23,055: [GC (Allocation Failure) [PSYoungGen: 63552K->64K(62464K)] 65307K->1819K(237568K), 0,0004559 secs] [Times: user=0,00 sys=0,00, real=0,00 secs] 
23,101: [GC (Allocation Failure) [PSYoungGen: 62016K->32K(61440K)] 63771K->1787K(236544K), 0,0004736 secs] [Times: user=0,00 sys=0,00, real=0,00 secs] 
23,145: [GC (Allocation Failure) [PSYoungGen: 60960K->32K(60416K)] 62715K->1787K(235520K), 0,0004604 secs] [Times: user=0,00 sys=0,00, real=0,00 secs] 
23,189: [GC (Allocation Failure) [PSYoungGen: 59936K->64K(59392K)] 61691K->1819K(234496K), 0,0004644 secs] [Times: user=0,00 sys=0,00, real=0,01 secs] 
23,232: [GC (Allocation Failure) [PSYoungGen: 58944K->96K(58368K)] 60699K->1851K(233472K), 0,0003743 secs] [Times: user=0,00 sys=0,00, real=0,00 secs] 
23,275: [GC (Allocation Failure) [PSYoungGen: 57952K->96K(57344K)] 59707K->1851K(232448K), 0,0004914 secs] [Times: user=0,00 sys=0,00, real=0,00 secs] 
23,317: [GC (Allocation Failure) [PSYoungGen: 56928K->64K(56320K)] 58683K->1819K(231424K), 0,0004580 secs] [Times: user=0,00 sys=0,00, real=0,00 secs] 
23,358: [GC (Allocation Failure) [PSYoungGen: 55872K->64K(55296K)] 57627K->1819K(230400K), 0,0004663 secs] [Times: user=0,00 sys=0,00, real=0,00 secs] 
23,398: [GC (Allocation Failure) [PSYoungGen: 54848K->96K(54272K)] 56603K->1851K(229376K), 0,0003699 secs] [Times: user=0,00 sys=0,00, real=0,00 secs] 
23,437: [GC (Allocation Failure) [PSYoungGen: 53856K->96K(53248K)] 55611K->1851K(228352K), 0,0004928 secs] [Times: user=0,00 sys=0,00, real=0,00 secs] 
23,476: [GC (Allocation Failure) [PSYoungGen: 52832K->32K(64000K)] 54587K->1787K(239104K), 0,0004567 secs] [Times: user=0,00 sys=0,00, real=0,00 secs] 
23,522: [GC (Allocation Failure) [PSYoungGen: 63520K->96K(62464K)] 65275K->1851K(237568K), 0,0004594 secs] [Times: user=0,00 sys=0,00, real=0,00 secs] 
23,567: [GC (Allocation Failure) [PSYoungGen: 62048K->64K(61440K)] 63803K->1819K(236544K), 0,0003600 secs] [Times: user=0,00 sys=0,00, real=0,00 secs] 
23,611: [GC (Allocation Failure) [PSYoungGen: 60992K->96K(60416K)] 62747K->1851K(235520K), 0,0003425 secs] [Times: user=0,00 sys=0,00, real=0,00 secs] 
23,655: [GC (Allocation Failure) [PSYoungGen: 60000K->96K(59392K)] 61755K->1851K(234496K), 0,0003651 secs] [Times: user=0,00 sys=0,00, real=0,00 secs] 
23,697: [GC (Allocation Failure) [PSYoungGen: 58976K->96K(58368K)] 60731K->1851K(233472K), 0,0003643 secs] [Times: user=0,00 sys=0,00, real=0,00 secs] 
23,739: [GC (Allocation Failure) [PSYoungGen: 57952K->96K(57344K)] 59707K->1851K(232448K), 0,0003600 secs] [Times: user=0,00 sys=0,00, real=0,00 secs] 
23,781: [GC (Allocation Failure) [PSYoungGen: 56928K->64K(56320K)] 58683K->1819K(231424K), 0,0003609 secs] [Times: user=0,00 sys=0,00, real=0,00 secs] 
23,821: [GC (Allocation Failure) [PSYoungGen: 55872K->96K(55296K)] 57627K->1851K(230400K), 0,0003652 secs] [Times: user=0,00 sys=0,00, real=0,00 secs] 
23,861: [GC (Allocation Failure) [PSYoungGen: 54880K->128K(54272K)] 56635K->1883K(229376K), 0,0003581 secs] [Times: user=0,00 sys=0,00, real=0,00 secs] 
23,900: [GC (Allocation Failure) [PSYoungGen: 53888K->128K(53248K)] 55643K->1883K(228352K), 0,0003672 secs] [Times: user=0,00 sys=0,00, real=0,00 secs] 
23,938: [GC (Allocation Failure) [PSYoungGen: 52864K->128K(52224K)] 54619K->1883K(227328K), 0,0003566 secs] [Times: user=0,00 sys=0,00, real=0,00 secs] 
23,976: [GC (Allocation Failure) [PSYoungGen: 51840K->96K(51200K)] 53595K->1851K(226304K), 0,0004928 secs] [Times: user=0,00 sys=0,00, real=0,00 secs] 
24,013: [GC (Allocation Failure) [PSYoungGen: 50784K->64K(50176K)] 52539K->1819K(225280K), 0,0004662 secs] [Times: user=0,00 sys=0,00, real=0,00 secs] 
24,050: [GC (Allocation Failure) [PSYoungGen: 49728K->64K(49152K)] 51483K->1819K(224256K), 0,0003556 secs] [Times: user=0,00 sys=0,00, real=0,00 secs] 
24,085: [GC (Allocation Failure) [PSYoungGen: 48704K->64K(48128K)] 50459K->1819K(223232K), 0,0003429 secs] [Times: user=0,00 sys=0,00, real=0,00 secs] 
24,120: [GC (Allocation Failure) [PSYoungGen: 47680K->64K(47616K)] 49435K->1819K(222720K), 0,0003630 secs] [Times: user=0,00 sys=0,00, real=0,00 secs] 
24,154: [GC (Allocation Failure) [PSYoungGen: 47168K->64K(47104K)] 48923K->1819K(222208K), 0,0003559 secs] [Times: user=0,00 sys=0,00, real=0,00 secs] 
24,188: [GC (Allocation Failure) [PSYoungGen: 46656K->32K(46592K)] 48411K->1787K(221696K), 0,0003539 secs] [Times: user=0,00 sys=0,00, real=0,00 secs] 
24,222: [GC (Allocation Failure) [PSYoungGen: 46112K->96K(46080K)] 47867K->1851K(221184K), 0,0003590 secs] [Times: user=0,00 sys=0,00, real=0,00 secs] 
24,255: [GC (Allocation Failure) [PSYoungGen: 45664K->64K(45568K)] 47419K->1819K(220672K), 0,0003470 secs] [Times: user=0,00 sys=0,00, real=0,00 secs] 
24,288: [GC (Allocation Failure) [PSYoungGen: 45120K->32K(45056K)] 46875K->1787K(220160K), 0,0003571 secs] [Times: user=0,00 sys=0,00, real=0,00 secs] 
24,320: [GC (Allocation Failure) [PSYoungGen: 44576K->64K(44544K)] 46331K->1819K(219648K), 0,0003528 secs] [Times: user=0,00 sys=0,00, real=0,00 secs] 
24,352: [GC (Allocation Failure) [PSYoungGen: 44096K->64K(44032K)] 45851K->1819K(219136K), 0,0003429 secs] [Times: user=0,01 sys=0,00, real=0,00 secs] 
24,384: [GC (Allocation Failure) [PSYoungGen: 43584K->64K(43520K)] 45339K->1819K(218624K), 0,0003483 secs] [Times: user=0,00 sys=0,00, real=0,00 secs] 
24,415: [GC (Allocation Failure) [PSYoungGen: 43072K->0K(52224K)] 44827K->1755K(227328K), 0,0003698 secs] [Times: user=0,00 sys=0,00, real=0,00 secs] 
24,453: [GC (Allocation Failure) [PSYoungGen: 51712K->32K(62976K)] 53467K->1787K(238080K), 0,0004842 secs] [Times: user=0,00 sys=0,00, real=0,00 secs] 
24,499: [GC (Allocation Failure) [PSYoungGen: 62496K->96K(75776K)] 64251K->1851K(250880K), 0,0004451 secs] [Times: user=0,00 sys=0,00, real=0,00 secs] 
24,554: [GC (Allocation Failure) [PSYoungGen: 75360K->96K(74240K)] 77115K->1851K(249344K), 0,0004431 secs] [Times: user=0,00 sys=0,00, real=0,00 secs] 
24,607: [GC (Allocation Failure) [PSYoungGen: 73824K->64K(72704K)] 75579K->1819K(247808K), 0,0004545 secs] [Times: user=0,00 sys=0,00, real=0,00 secs] 
24,659: [GC (Allocation Failure) [PSYoungGen: 72256K->64K(71168K)] 74011K->1819K(246272K), 0,0004484 secs] [Times: user=0,01 sys=0,00, real=0,00 secs] 
24,711: [GC (Allocation Failure) [PSYoungGen: 70720K->96K(69632K)] 72475K->1851K(244736K), 0,0004508 secs] [Times: user=0,00 sys=0,00, real=0,00 secs] 
24,761: [GC (Allocation Failure) [PSYoungGen: 69216K->64K(68096K)] 70971K->1819K(243200K), 0,0004578 secs] [Times: user=0,00 sys=0,00, real=0,00 secs] 
24,810: [GC (Allocation Failure) [PSYoungGen: 67648K->96K(66560K)] 69403K->1851K(241664K), 0,0004536 secs] [Times: user=0,00 sys=0,00, real=0,00 secs] 
24,858: [GC (Allocation Failure) [PSYoungGen: 66144K->96K(65024K)] 67899K->1851K(240128K), 0,0004357 secs] [Times: user=0,01 sys=0,00, real=0,00 secs] 
24,905: [GC (Allocation Failure) [PSYoungGen: 64608K->64K(63488K)] 66363K->1819K(238592K), 0,0004439 secs] [Times: user=0,00 sys=0,00, real=0,00 secs] 
24,951: [GC (Allocation Failure) [PSYoungGen: 63040K->96K(61952K)] 64795K->1851K(237056K), 0,0004880 secs] [Times: user=0,00 sys=0,00, real=0,00 secs] 
24,996: [GC (Allocation Failure) [PSYoungGen: 61536K->64K(60928K)] 63291K->1819K(236032K), 0,0004630 secs] [Times: user=0,00 sys=0,00, real=0,00 secs] 
25,040: [GC (Allocation Failure) [PSYoungGen: 60480K->96K(59904K)] 62235K->1851K(235008K), 0,0004484 secs] [Times: user=0,00 sys=0,00, real=0,00 secs] 
25,084: [GC (Allocation Failure) [PSYoungGen: 59488K->32K(58880K)] 61243K->1787K(233984K), 0,0004357 secs] [Times: user=0,00 sys=0,00, real=0,00 secs] 
25,126: [GC (Allocation Failure) [PSYoungGen: 58400K->64K(57856K)] 60155K->1819K(232960K), 0,0003520 secs] [Times: user=0,01 sys=0,00, real=0,00 secs] 
25,168: [GC (Allocation Failure) [PSYoungGen: 57408K->64K(56832K)] 59163K->1819K(231936K), 0,0003501 secs] [Times: user=0,00 sys=0,00, real=0,00 secs] 
25,209: [GC (Allocation Failure) [PSYoungGen: 56384K->64K(55808K)] 58139K->1819K(230912K), 0,0003518 secs] [Times: user=0,00 sys=0,00, real=0,01 secs] 
25,249: [GC (Allocation Failure) [PSYoungGen: 55360K->64K(54784K)] 57115K->1819K(229888K), 0,0003668 secs] [Times: user=0,00 sys=0,00, real=0,01 secs] 
25,288: [GC (Allocation Failure) [PSYoungGen: 54336K->64K(53760K)] 56091K->1819K(228864K), 0,0003670 secs] [Times: user=0,00 sys=0,00, real=0,00 secs] 
25,327: [GC (Allocation Failure) [PSYoungGen: 53312K->96K(52736K)] 55067K->1851K(227840K), 0,0003721 secs] [Times: user=0,00 sys=0,00, real=0,00 secs] 
25,365: [GC (Allocation Failure) [PSYoungGen: 52320K->128K(51712K)] 54075K->1883K(226816K), 0,0003436 secs] [Times: user=0,00 sys=0,00, real=0,00 secs] 
25,403: [GC (Allocation Failure) [PSYoungGen: 51328K->64K(50688K)] 53083K->1819K(225792K), 0,0004895 secs] [Times: user=0,00 sys=0,00, real=0,00 secs] 
25,440: [GC (Allocation Failure) [PSYoungGen: 50240K->96K(49664K)] 51995K->1851K(224768K), 0,0004608 secs] [Times: user=0,00 sys=0,00, real=0,00 secs] 
25,476: [GC (Allocation Failure) [PSYoungGen: 49248K->64K(48640K)] 51003K->1819K(223744K), 0,0003773 secs] [Times: user=0,00 sys=0,00, real=0,00 secs] 
25,511: [GC (Allocation Failure) [PSYoungGen: 48192K->64K(48128K)] 49947K->1819K(223232K), 0,0003518 secs] [Times: user=0,00 sys=0,00, real=0,00 secs] 
25,545: [GC (Allocation Failure) [PSYoungGen: 47679K->96K(47616K)] 49435K->1851K(222720K), 0,0003563 secs] [Times: user=0,00 sys=0,00, real=0,00 secs] 
25,580: [GC (Allocation Failure) [PSYoungGen: 47200K->96K(47104K)] 48955K->1851K(222208K), 0,0003578 secs] [Times: user=0,00 sys=0,00, real=0,00 secs] 
25,614: [GC (Allocation Failure) [PSYoungGen: 46688K->64K(46592K)] 48443K->1819K(221696K), 0,0003541 secs] [Times: user=0,00 sys=0,00, real=0,00 secs] 
25,647: [GC (Allocation Failure) [PSYoungGen: 46144K->64K(46080K)] 47899K->1819K(221184K), 0,0003622 secs] [Times: user=0,00 sys=0,00, real=0,00 secs] 
25,680: [GC (Allocation Failure) [PSYoungGen: 45632K->96K(45568K)] 47387K->1851K(220672K), 0,0003449 secs] [Times: user=0,00 sys=0,00, real=0,00 secs] 
25,713: [GC (Allocation Failure) [PSYoungGen: 45152K->32K(45056K)] 46907K->1787K(220160K), 0,0003437 secs] [Times: user=0,00 sys=0,00, real=0,00 secs] 
25,745: [GC (Allocation Failure) [PSYoungGen: 44576K->64K(44544K)] 46331K->1819K(219648K), 0,0003481 secs] [Times: user=0,00 sys=0,00, real=0,00 secs] 
25,777: [GC (Allocation Failure) [PSYoungGen: 44096K->128K(44032K)] 45851K->1883K(219136K), 0,0003391 secs] [Times: user=0,00 sys=0,00, real=0,00 secs] 
25,809: [GC (Allocation Failure) [PSYoungGen: 43648K->96K(43520K)] 45403K->1851K(218624K), 0,0003460 secs] [Times: user=0,00 sys=0,00, real=0,00 secs] 
25,841: [GC (Allocation Failure) [PSYoungGen: 43104K->0K(52224K)] 44859K->1755K(227328K), 0,0003521 secs] [Times: user=0,00 sys=0,00, real=0,00 secs] 
25,878: [GC (Allocation Failure) [PSYoungGen: 51712K->32K(51200K)] 53467K->1787K(226304K), 0,0003505 secs] [Times: user=0,00 sys=0,00, real=0,00 secs] 
25,915: [GC (Allocation Failure) [PSYoungGen: 50720K->128K(50176K)] 52475K->1883K(225280K), 0,0003526 secs] [Times: user=0,00 sys=0,00, real=0,00 secs] 
25,951: [GC (Allocation Failure) [PSYoungGen: 49792K->96K(49152K)] 51547K->1851K(224256K), 0,0003506 secs] [Times: user=0,01 sys=0,00, real=0,00 secs] 
25,987: [GC (Allocation Failure) [PSYoungGen: 48736K->64K(58880K)] 50491K->1819K(233984K), 0,0004845 secs] [Times: user=0,00 sys=0,00, real=0,00 secs] 
26,029: [GC (Allocation Failure) [PSYoungGen: 58432K->96K(70656K)] 60187K->1851K(245760K), 0,0004495 secs] [Times: user=0,00 sys=0,00, real=0,00 secs] 
26,080: [GC (Allocation Failure) [PSYoungGen: 70240K->96K(69120K)] 71995K->1851K(244224K), 0,0004535 secs] [Times: user=0,00 sys=0,00, real=0,00 secs] 
26,130: [GC (Allocation Failure) [PSYoungGen: 68704K->96K(67584K)] 70459K->1851K(242688K), 0,0004295 secs] [Times: user=0,00 sys=0,00, real=0,00 secs] 
26,179: [GC (Allocation Failure) [PSYoungGen: 67168K->96K(66048K)] 68923K->1851K(241152K), 0,0004651 secs] [Times: user=0,01 sys=0,00, real=0,01 secs] 
26,226: [GC (Allocation Failure) [PSYoungGen: 65632K->64K(64512K)] 67387K->1819K(239616K), 0,0004520 secs] [Times: user=0,00 sys=0,00, real=0,00 secs] 
26,273: [GC (Allocation Failure) [PSYoungGen: 64064K->96K(62976K)] 65819K->1851K(238080K), 0,0004583 secs] [Times: user=0,00 sys=0,00, real=0,00 secs] 
26,318: [GC (Allocation Failure) [PSYoungGen: 62560K->96K(61952K)] 64315K->1851K(237056K), 0,0004592 secs] [Times: user=0,00 sys=0,00, real=0,01 secs] 
26,363: [GC (Allocation Failure) [PSYoungGen: 61536K->0K(60928K)] 63291K->1755K(236032K), 0,0004432 secs] [Times: user=0,00 sys=0,00, real=0,00 secs] 
26,407: [GC (Allocation Failure) [PSYoungGen: 60416K->32K(59904K)] 62171K->1787K(235008K), 0,0006972 secs] [Times: user=0,01 sys=0,00, real=0,00 secs] 
26,451: [GC (Allocation Failure) [PSYoungGen: 59424K->64K(58880K)] 61179K->1819K(233984K), 0,0004988 secs] [Times: user=0,00 sys=0,00, real=0,00 secs] 
26,494: [GC (Allocation Failure) [PSYoungGen: 58432K->96K(57856K)] 60187K->1851K(232960K), 0,0003614 secs] [Times: user=0,00 sys=0,00, real=0,00 secs] 
26,535: [GC (Allocation Failure) [PSYoungGen: 57440K->96K(56832K)] 59195K->1851K(231936K), 0,0003687 secs] [Times: user=0,00 sys=0,00, real=0,00 secs] 
26,581: [GC (Allocation Failure) [PSYoungGen: 56416K->96K(55808K)] 58171K->1851K(230912K), 0,0003482 secs] [Times: user=0,00 sys=0,00, real=0,00 secs] 
26,621: [GC (Allocation Failure) [PSYoungGen: 55392K->64K(54784K)] 57147K->1819K(229888K), 0,0003611 secs] [Times: user=0,00 sys=0,00, real=0,00 secs] 
26,660: [GC (Allocation Failure) [PSYoungGen: 54336K->96K(53760K)] 56091K->1851K(228864K), 0,0003675 secs] [Times: user=0,00 sys=0,00, real=0,00 secs] 
26,699: [GC (Allocation Failure) [PSYoungGen: 53344K->96K(52736K)] 55099K->1851K(227840K), 0,0003512 secs] [Times: user=0,00 sys=0,00, real=0,00 secs] 
26,737: [GC (Allocation Failure) [PSYoungGen: 52320K->32K(51712K)] 54075K->1787K(226816K), 0,0003520 secs] [Times: user=0,00 sys=0,00, real=0,00 secs] 
26,774: [GC (Allocation Failure) [PSYoungGen: 51232K->96K(50688K)] 52987K->1851K(225792K), 0,0003474 secs] [Times: user=0,00 sys=0,00, real=0,00 secs] 
26,811: [GC (Allocation Failure) [PSYoungGen: 50272K->96K(49664K)] 52027K->1851K(224768K), 0,0003645 secs] [Times: user=0,00 sys=0,00, real=0,00 secs] 
26,847: [GC (Allocation Failure) [PSYoungGen: 49248K->64K(48640K)] 51003K->1819K(223744K), 0,0003575 secs] [Times: user=0,00 sys=0,00, real=0,00 secs] 
26,882: [GC (Allocation Failure) [PSYoungGen: 48192K->96K(48128K)] 49947K->1851K(223232K), 0,0003523 secs] [Times: user=0,00 sys=0,00, real=0,00 secs] 
26,917: [GC (Allocation Failure) [PSYoungGen: 47712K->96K(47616K)] 49467K->1851K(222720K), 0,0004779 secs] [Times: user=0,00 sys=0,00, real=0,00 secs] 
26,954: [GC (Allocation Failure) [PSYoungGen: 47200K->96K(47104K)] 48955K->1851K(222208K), 0,0003736 secs] [Times: user=0,00 sys=0,00, real=0,00 secs] 
26,988: [GC (Allocation Failure) [PSYoungGen: 46688K->96K(46592K)] 48443K->1851K(221696K), 0,0003713 secs] [Times: user=0,00 sys=0,00, real=0,00 secs] 
27,022: [GC (Allocation Failure) [PSYoungGen: 46176K->32K(46080K)] 47931K->1787K(221184K), 0,0003586 secs] [Times: user=0,00 sys=0,00, real=0,00 secs] 
27,055: [GC (Allocation Failure) [PSYoungGen: 45600K->128K(45568K)] 47355K->1883K(220672K), 0,0003495 secs] [Times: user=0,00 sys=0,00, real=0,00 secs] 
27,088: [GC (Allocation Failure) [PSYoungGen: 45184K->96K(45056K)] 46939K->1851K(220160K), 0,0003564 secs] [Times: user=0,00 sys=0,00, real=0,00 secs] 
27,120: [GC (Allocation Failure) [PSYoungGen: 44640K->32K(44544K)] 46395K->1787K(219648K), 0,0003385 secs] [Times: user=0,00 sys=0,00, real=0,00 secs] 
27,152: [GC (Allocation Failure) [PSYoungGen: 44064K->96K(44032K)] 45819K->1851K(219136K), 0,0003596 secs] [Times: user=0,01 sys=0,00, real=0,00 secs] 
27,184: [GC (Allocation Failure) [PSYoungGen: 43616K->32K(52736K)] 45371K->1787K(227840K), 0,0003521 secs] [Times: user=0,00 sys=0,00, real=0,00 secs] 
27,222: [GC (Allocation Failure) [PSYoungGen: 52256K->64K(51712K)] 54011K->1819K(226816K), 0,0003552 secs] [Times: user=0,01 sys=0,00, real=0,00 secs] 
27,259: [GC (Allocation Failure) [PSYoungGen: 51264K->96K(50688K)] 53019K->1851K(225792K), 0,0003491 secs] [Times: user=0,00 sys=0,00, real=0,00 secs] 
27,296: [GC (Allocation Failure) [PSYoungGen: 50272K->96K(49664K)] 52027K->1851K(224768K), 0,0003854 secs] [Times: user=0,00 sys=0,00, real=0,00 secs] 
27,332: [GC (Allocation Failure) [PSYoungGen: 49248K->32K(48640K)] 51003K->1787K(223744K), 0,0003588 secs] [Times: user=0,00 sys=0,00, real=0,00 secs] 
27,367: [GC (Allocation Failure) [PSYoungGen: 48160K->0K(48128K)] 49915K->1755K(223232K), 0,0003663 secs] [Times: user=0,00 sys=0,00, real=0,00 secs] 
27,401: [GC (Allocation Failure) [PSYoungGen: 47616K->64K(47616K)] 49371K->1819K(222720K), 0,0003628 secs] [Times: user=0,00 sys=0,00, real=0,00 secs] 
27,436: [GC (Allocation Failure) [PSYoungGen: 47168K->96K(47104K)] 48923K->1851K(222208K), 0,0003441 secs] [Times: user=0,00 sys=0,00, real=0,00 secs] 
27,470: [GC (Allocation Failure) [PSYoungGen: 46688K->96K(56832K)] 48443K->1851K(231936K), 0,0004754 secs] [Times: user=0,01 sys=0,00, real=0,00 secs] 
27,511: [GC (Allocation Failure) [PSYoungGen: 56416K->64K(68096K)] 58171K->1819K(243200K), 0,0004489 secs] [Times: user=0,00 sys=0,00, real=0,00 secs] 
27,560: [GC (Allocation Failure) [PSYoungGen: 67648K->96K(66560K)] 69403K->1851K(241664K), 0,0004433 secs] [Times: user=0,00 sys=0,00, real=0,00 secs] 
27,608: [GC (Allocation Failure) [PSYoungGen: 66144K->96K(65024K)] 67899K->1851K(240128K), 0,0004395 secs] [Times: user=0,00 sys=0,00, real=0,00 secs] 
27,655: [GC (Allocation Failure) [PSYoungGen: 64608K->96K(63488K)] 66363K->1851K(238592K), 0,0004686 secs] [Times: user=0,00 sys=0,00, real=0,00 secs] 
27,701: [GC (Allocation Failure) [PSYoungGen: 63072K->96K(61952K)] 64827K->1851K(237056K), 0,0003531 secs] [Times: user=0,00 sys=0,00, real=0,00 secs] 
27,746: [GC (Allocation Failure) [PSYoungGen: 61536K->96K(60928K)] 63291K->1851K(236032K), 0,0004517 secs] [Times: user=0,00 sys=0,00, real=0,00 secs] 
27,790: [GC (Allocation Failure) [PSYoungGen: 60512K->64K(59904K)] 62267K->1819K(235008K), 0,0003661 secs] [Times: user=0,00 sys=0,00, real=0,00 secs] 
27,833: [GC (Allocation Failure) [PSYoungGen: 59456K->64K(58880K)] 61211K->1819K(233984K), 0,0003647 secs] [Times: user=0,00 sys=0,00, real=0,00 secs] 
27,875: [GC (Allocation Failure) [PSYoungGen: 58432K->96K(57856K)] 60187K->1851K(232960K), 0,0003428 secs] [Times: user=0,00 sys=0,00, real=0,00 secs] 
27,917: [GC (Allocation Failure) [PSYoungGen: 57440K->64K(56832K)] 59195K->1819K(231936K), 0,0004851 secs] [Times: user=0,01 sys=0,00, real=0,00 secs] 
27,958: [GC (Allocation Failure) [PSYoungGen: 56384K->96K(55808K)] 58139K->1851K(230912K), 0,0003652 secs] [Times: user=0,00 sys=0,00, real=0,00 secs] 
27,998: [GC (Allocation Failure) [PSYoungGen: 55392K->96K(54784K)] 57147K->1851K(229888K), 0,0004714 secs] [Times: user=0,00 sys=0,00, real=0,00 secs] 
28,038: [GC (Allocation Failure) [PSYoungGen: 54368K->96K(53760K)] 56123K->1851K(228864K), 0,0003661 secs] [Times: user=0,00 sys=0,00, real=0,00 secs] 
28,077: [GC (Allocation Failure) [PSYoungGen: 53344K->96K(52736K)] 55099K->1851K(227840K), 0,0003501 secs] [Times: user=0,00 sys=0,00, real=0,00 secs] 
28,115: [GC (Allocation Failure) [PSYoungGen: 52320K->96K(51712K)] 54075K->1851K(226816K), 0,0003529 secs] [Times: user=0,00 sys=0,00, real=0,00 secs] 
28,152: [GC (Allocation Failure) [PSYoungGen: 51296K->128K(50688K)] 53051K->1883K(225792K), 0,0003491 secs] [Times: user=0,00 sys=0,00, real=0,00 secs] 
28,188: [GC (Allocation Failure) [PSYoungGen: 50304K->96K(49664K)] 52059K->1851K(224768K), 0,0003561 secs] [Times: user=0,00 sys=0,00, real=0,00 secs] 
28,224: [GC (Allocation Failure) [PSYoungGen: 49248K->96K(48640K)] 51003K->1851K(223744K), 0,0003489 secs] [Times: user=0,00 sys=0,00, real=0,00 secs] 
28,259: [GC (Allocation Failure) [PSYoungGen: 48224K->96K(48128K)] 49979K->1851K(223232K), 0,0003606 secs] [Times: user=0,00 sys=0,00, real=0,00 secs] 
28,294: [GC (Allocation Failure) [PSYoungGen: 47711K->96K(47616K)] 49467K->1851K(222720K), 0,0003681 secs] [Times: user=0,00 sys=0,00, real=0,00 secs] 
28,328: [GC (Allocation Failure) [PSYoungGen: 47200K->32K(47104K)] 48955K->1787K(222208K), 0,0003550 secs] [Times: user=0,00 sys=0,00, real=0,00 secs] 
28,362: [GC (Allocation Failure) [PSYoungGen: 46624K->64K(46592K)] 48379K->1819K(221696K), 0,0003385 secs] [Times: user=0,00 sys=0,00, real=0,00 secs] 
28,396: [GC (Allocation Failure) [PSYoungGen: 46144K->128K(46080K)] 47899K->1883K(221184K), 0,0003493 secs] [Times: user=0,00 sys=0,00, real=0,00 secs] 
28,429: [GC (Allocation Failure) [PSYoungGen: 45696K->64K(45568K)] 47451K->1819K(220672K), 0,0003482 secs] [Times: user=0,00 sys=0,00, real=0,01 secs] 
28,462: [GC (Allocation Failure) [PSYoungGen: 45120K->32K(45056K)] 46875K->1787K(220160K), 0,0003632 secs] [Times: user=0,00 sys=0,00, real=0,00 secs] 
28,494: [GC (Allocation Failure) [PSYoungGen: 44576K->64K(54272K)] 46331K->1819K(229376K), 0,0004818 secs] [Times: user=0,00 sys=0,00, real=0,00 secs] 
28,534: [GC (Allocation Failure) [PSYoungGen: 53824K->64K(65024K)] 55579K->1819K(240128K), 0,0004609 secs] [Times: user=0,00 sys=0,00, real=0,00 secs] 
28,581: [GC (Allocation Failure) [PSYoungGen: 64576K->96K(63488K)] 66331K->1851K(238592K), 0,0003664 secs] [Times: user=0,00 sys=0,00, real=0,00 secs] 
28,626: [GC (Allocation Failure) [PSYoungGen: 63072K->64K(61952K)] 64827K->1819K(237056K), 0,0003638 secs] [Times: user=0,00 sys=0,01, real=0,00 secs] 
28,671: [GC (Allocation Failure) [PSYoungGen: 61504K->96K(60928K)] 63259K->1851K(236032K), 0,0003584 secs] [Times: user=0,00 sys=0,00, real=0,00 secs] 
28,715: [GC (Allocation Failure) [PSYoungGen: 60512K->64K(59904K)] 62267K->1819K(235008K), 0,0004516 secs] [Times: user=0,00 sys=0,00, real=0,00 secs] 
28,758: [GC (Allocation Failure) [PSYoungGen: 59456K->64K(58880K)] 61211K->1819K(233984K), 0,0003642 secs] [Times: user=0,00 sys=0,00, real=0,00 secs] 
28,801: [GC (Allocation Failure) [PSYoungGen: 58432K->96K(57856K)] 60187K->1851K(232960K), 0,0003539 secs] [Times: user=0,00 sys=0,00, real=0,00 secs] 
28,842: [GC (Allocation Failure) [PSYoungGen: 57440K->96K(56832K)] 59195K->1851K(231936K), 0,0003672 secs] [Times: user=0,00 sys=0,00, real=0,00 secs] 
28,883: [GC (Allocation Failure) [PSYoungGen: 56416K->64K(55808K)] 58171K->1819K(230912K), 0,0003573 secs] [Times: user=0,00 sys=0,00, real=0,00 secs] 
28,923: [GC (Allocation Failure) [PSYoungGen: 55360K->64K(54784K)] 57115K->1819K(229888K), 0,0003409 secs] [Times: user=0,00 sys=0,00, real=0,00 secs] 
28,963: [GC (Allocation Failure) [PSYoungGen: 54336K->64K(53760K)] 56091K->1819K(228864K), 0,0004819 secs] [Times: user=0,00 sys=0,00, real=0,00 secs] 
29,002: [GC (Allocation Failure) [PSYoungGen: 53312K->64K(52736K)] 55067K->1819K(227840K), 0,0004781 secs] [Times: user=0,00 sys=0,00, real=0,00 secs] 
29,040: [GC (Allocation Failure) [PSYoungGen: 52288K->96K(51712K)] 54043K->1851K(226816K), 0,0003714 secs] [Times: user=0,00 sys=0,00, real=0,00 secs] 
29,077: [GC (Allocation Failure) [PSYoungGen: 51296K->96K(50688K)] 53051K->1851K(225792K), 0,0003557 secs] [Times: user=0,00 sys=0,00, real=0,00 secs] 
29,114: [GC (Allocation Failure) [PSYoungGen: 50272K->128K(49664K)] 52027K->1883K(224768K), 0,0003651 secs] [Times: user=0,00 sys=0,00, real=0,00 secs] 
29,150: [GC (Allocation Failure) [PSYoungGen: 49280K->64K(48640K)] 51035K->1827K(223744K), 0,0003498 secs] [Times: user=0,00 sys=0,00, real=0,00 secs] 
29,185: [GC (Allocation Failure) [PSYoungGen: 48192K->64K(48128K)] 49955K->1827K(223232K), 0,0003583 secs] [Times: user=0,00 sys=0,00, real=0,00 secs] 
29,219: [GC (Allocation Failure) [PSYoungGen: 47680K->96K(47616K)] 49443K->1859K(222720K), 0,0003456 secs] [Times: user=0,00 sys=0,00, real=0,00 secs] 
29,254: [GC (Allocation Failure) [PSYoungGen: 47200K->64K(47104K)] 48963K->1827K(222208K), 0,0003517 secs] [Times: user=0,00 sys=0,00, real=0,00 secs] 
29,288: [GC (Allocation Failure) [PSYoungGen: 46656K->32K(46592K)] 48419K->1795K(221696K), 0,0003723 secs] [Times: user=0,01 sys=0,00, real=0,00 secs] 
29,321: [GC (Allocation Failure) [PSYoungGen: 46112K->96K(46080K)] 47875K->1859K(221184K), 0,0003514 secs] [Times: user=0,00 sys=0,00, real=0,00 secs] 
29,354: [GC (Allocation Failure) [PSYoungGen: 45664K->96K(45568K)] 47427K->1859K(220672K), 0,0003474 secs] [Times: user=0,00 sys=0,00, real=0,00 secs] 
29,387: [GC (Allocation Failure) [PSYoungGen: 45152K->32K(45056K)] 46915K->1795K(220160K), 0,0003441 secs] [Times: user=0,01 sys=0,00, real=0,00 secs] 
29,420: [GC (Allocation Failure) [PSYoungGen: 44576K->96K(54272K)] 46339K->1859K(229376K), 0,0004685 secs] [Times: user=0,00 sys=0,00, real=0,00 secs] 
29,459: [GC (Allocation Failure) [PSYoungGen: 53856K->64K(53248K)] 55619K->1827K(228352K), 0,0003657 secs] [Times: user=0,00 sys=0,00, real=0,00 secs] 
29,498: [GC (Allocation Failure) [PSYoungGen: 52800K->96K(52224K)] 54563K->1859K(227328K), 0,0003841 secs] [Times: user=0,00 sys=0,00, real=0,00 secs] 
29,535: [GC (Allocation Failure) [PSYoungGen: 51808K->32K(51200K)] 53571K->1795K(226304K), 0,0003498 secs] [Times: user=0,00 sys=0,00, real=0,00 secs] 
29,572: [GC (Allocation Failure) [PSYoungGen: 50720K->96K(50176K)] 52483K->1859K(225280K), 0,0003520 secs] [Times: user=0,00 sys=0,00, real=0,00 secs] 
29,608: [GC (Allocation Failure) [PSYoungGen: 49760K->128K(49152K)] 51523K->1891K(224256K), 0,0003649 secs] [Times: user=0,00 sys=0,00, real=0,00 secs] 
29,644: [GC (Allocation Failure) [PSYoungGen: 48768K->96K(48128K)] 50531K->1859K(223232K), 0,0003574 secs] [Times: user=0,00 sys=0,00, real=0,00 secs] 
29,678: [GC (Allocation Failure) [PSYoungGen: 47712K->128K(47616K)] 49475K->1891K(222720K), 0,0003526 secs] [Times: user=0,00 sys=0,00, real=0,00 secs] 
29,713: [GC (Allocation Failure) [PSYoungGen: 47232K->96K(47104K)] 48995K->1859K(222208K), 0,0003557 secs] [Times: user=0,00 sys=0,00, real=0,00 secs] 
29,747: [GC (Allocation Failure) [PSYoungGen: 46688K->96K(46592K)] 48451K->1859K(221696K), 0,0003544 secs] [Times: user=0,00 sys=0,00, real=0,00 secs] 
29,780: [GC (Allocation Failure) [PSYoungGen: 46176K->32K(46080K)] 47939K->1795K(221184K), 0,0003573 secs] [Times: user=0,00 sys=0,00, real=0,00 secs] 
29,813: [GC (Allocation Failure) [PSYoungGen: 45600K->96K(45568K)] 47363K->1859K(220672K), 0,0003587 secs] [Times: user=0,00 sys=0,00, real=0,00 secs] 
29,846: [GC (Allocation Failure) [PSYoungGen: 45152K->96K(45056K)] 46915K->1859K(220160K), 0,0003437 secs] [Times: user=0,00 sys=0,00, real=0,00 secs] 
29,879: [GC (Allocation Failure) [PSYoungGen: 44640K->64K(44544K)] 46403K->1827K(219648K), 0,0003745 secs] [Times: user=0,00 sys=0,00, real=0,01 secs] 
29,911: [GC (Allocation Failure) [PSYoungGen: 44096K->96K(53760K)] 45859K->1859K(228864K), 0,0003502 secs] [Times: user=0,00 sys=0,00, real=0,00 secs] 
29,950: [GC (Allocation Failure) [PSYoungGen: 53344K->32K(64512K)] 55107K->1795K(239616K), 0,0004885 secs] [Times: user=0,00 sys=0,00, real=0,00 secs] 
29,997: [GC (Allocation Failure) [PSYoungGen: 64032K->32K(77312K)] 65795K->1795K(252416K), 0,0004797 secs] [Times: user=0,00 sys=0,00, real=0,00 secs] 
30,052: [GC (Allocation Failure) [PSYoungGen: 76832K->96K(75264K)] 78595K->1859K(250368K), 0,0004615 secs] [Times: user=0,01 sys=0,00, real=0,00 secs] 
30,107: [GC (Allocation Failure) [PSYoungGen: 74848K->64K(73728K)] 76611K->1827K(248832K), 0,0004484 secs] [Times: user=0,00 sys=0,00, real=0,00 secs] 
30,160: [GC (Allocation Failure) [PSYoungGen: 73280K->64K(72192K)] 75043K->1827K(247296K), 0,0004622 secs] [Times: user=0,00 sys=0,00, real=0,00 secs] 
30,212: [GC (Allocation Failure) [PSYoungGen: 71744K->96K(70656K)] 73507K->1859K(245760K), 0,0004548 secs] [Times: user=0,00 sys=0,00, real=0,00 secs] 
30,270: [GC (Allocation Failure) [PSYoungGen: 70240K->96K(69120K)] 72003K->1859K(244224K), 0,0004990 secs] [Times: user=0,00 sys=0,00, real=0,00 secs] 
30,320: [GC (Allocation Failure) [PSYoungGen: 68704K->32K(67584K)] 70467K->1819K(242688K), 0,0005022 secs] [Times: user=0,00 sys=0,00, real=0,00 secs] 
30,369: [GC (Allocation Failure) [PSYoungGen: 67104K->96K(66048K)] 68891K->1883K(241152K), 0,0004633 secs] [Times: user=0,00 sys=0,00, real=0,00 secs] 
30,417: [GC (Allocation Failure) [PSYoungGen: 65632K->32K(64512K)] 67419K->1819K(239616K), 0,0004645 secs] [Times: user=0,00 sys=0,00, real=0,00 secs] 
30,464: [GC (Allocation Failure) [PSYoungGen: 64032K->64K(62976K)] 65819K->1851K(238080K), 0,0004909 secs] [Times: user=0,00 sys=0,00, real=0,00 secs] 
30,510: [GC (Allocation Failure) [PSYoungGen: 62528K->96K(61952K)] 64315K->1883K(237056K), 0,0004754 secs] [Times: user=0,00 sys=0,00, real=0,00 secs] 
30,555: [GC (Allocation Failure) [PSYoungGen: 61536K->96K(60928K)] 63323K->1883K(236032K), 0,0004573 secs] [Times: user=0,00 sys=0,00, real=0,00 secs] 
30,599: [GC (Allocation Failure) [PSYoungGen: 60512K->64K(59904K)] 62299K->1851K(235008K), 0,0004549 secs] [Times: user=0,00 sys=0,00, real=0,01 secs] 
30,642: [GC (Allocation Failure) [PSYoungGen: 59456K->64K(58880K)] 61243K->1851K(233984K), 0,0004642 secs] [Times: user=0,00 sys=0,00, real=0,00 secs] 
30,684: [GC (Allocation Failure) [PSYoungGen: 58432K->96K(57856K)] 60219K->1883K(232960K), 0,0004651 secs] [Times: user=0,00 sys=0,00, real=0,00 secs] 
30,726: [GC (Allocation Failure) [PSYoungGen: 57440K->64K(56832K)] 59227K->1851K(231936K), 0,0003710 secs] [Times: user=0,00 sys=0,00, real=0,00 secs] 
30,767: [GC (Allocation Failure) [PSYoungGen: 56384K->64K(55808K)] 58171K->1851K(230912K), 0,0004744 secs] [Times: user=0,00 sys=0,00, real=0,00 secs] 
30,808: [GC (Allocation Failure) [PSYoungGen: 55360K->64K(54784K)] 57147K->1851K(229888K), 0,0004643 secs] [Times: user=0,00 sys=0,00, real=0,00 secs] 
30,852: [GC (Allocation Failure) [PSYoungGen: 54336K->64K(66048K)] 56123K->1851K(241152K), 0,0005203 secs] [Times: user=0,00 sys=0,00, real=0,00 secs] 
30,912: [GC (Allocation Failure) [PSYoungGen: 65600K->32K(64512K)] 67387K->1819K(239616K), 0,0004676 secs] [Times: user=0,00 sys=0,00, real=0,00 secs] 
30,975: [GC (Allocation Failure) [PSYoungGen: 64032K->64K(62976K)] 65819K->1851K(238080K), 0,0005400 secs] [Times: user=0,00 sys=0,00, real=0,00 secs] 
31,038: [GC (Allocation Failure) [PSYoungGen: 62528K->96K(61952K)] 64315K->1883K(237056K), 0,0004956 secs] [Times: user=0,01 sys=0,00, real=0,01 secs] 
31,102: [GC (Allocation Failure) [PSYoungGen: 61536K->96K(60928K)] 63323K->1883K(236032K), 0,0004933 secs] [Times: user=0,00 sys=0,00, real=0,00 secs] 
31,158: [GC (Allocation Failure) [PSYoungGen: 60512K->0K(59904K)] 62299K->1787K(235008K), 0,0004642 secs] [Times: user=0,00 sys=0,00, real=0,01 secs] 
31,206: [GC (Allocation Failure) [PSYoungGen: 59392K->64K(58880K)] 61179K->1851K(233984K), 0,0005013 secs] [Times: user=0,01 sys=0,00, real=0,00 secs] 
31,249: [GC (Allocation Failure) [PSYoungGen: 58432K->64K(57856K)] 60219K->1851K(232960K), 0,0004940 secs] [Times: user=0,00 sys=0,00, real=0,00 secs] 
31,291: [GC (Allocation Failure) [PSYoungGen: 57408K->96K(56832K)] 59195K->1883K(231936K), 0,0004783 secs] [Times: user=0,00 sys=0,00, real=0,00 secs] 
31,333: [GC (Allocation Failure) [PSYoungGen: 56416K->96K(55808K)] 58203K->1883K(230912K), 0,0004837 secs] [Times: user=0,00 sys=0,00, real=0,00 secs] 
31,373: [GC (Allocation Failure) [PSYoungGen: 55392K->96K(54784K)] 57179K->1883K(229888K), 0,0004584 secs] [Times: user=0,00 sys=0,00, real=0,00 secs] 
31,412: [GC (Allocation Failure) [PSYoungGen: 54368K->96K(53760K)] 56155K->1883K(228864K), 0,0004414 secs] [Times: user=0,00 sys=0,00, real=0,00 secs] 
31,451: [GC (Allocation Failure) [PSYoungGen: 53344K->96K(52736K)] 55131K->1883K(227840K), 0,0003742 secs] [Times: user=0,00 sys=0,00, real=0,00 secs] 
31,490: [GC (Allocation Failure) [PSYoungGen: 52320K->64K(63488K)] 54107K->1851K(238592K), 0,0004795 secs] [Times: user=0,00 sys=0,00, real=0,00 secs] 
31,536: [GC (Allocation Failure) [PSYoungGen: 63040K->64K(61952K)] 64827K->1851K(237056K), 0,0004812 secs] [Times: user=0,00 sys=0,00, real=0,00 secs] 
31,581: [GC (Allocation Failure) [PSYoungGen: 61504K->64K(60928K)] 63291K->1851K(236032K), 0,0004725 secs] [Times: user=0,00 sys=0,00, real=0,00 secs] 
31,625: [GC (Allocation Failure) [PSYoungGen: 60480K->96K(73216K)] 62267K->1883K(248320K), 0,0004973 secs] [Times: user=0,00 sys=0,00, real=0,00 secs] 
31,678: [GC (Allocation Failure) [PSYoungGen: 72800K->32K(71680K)] 74587K->1819K(246784K), 0,0004654 secs] [Times: user=0,00 sys=0,00, real=0,00 secs] 
31,729: [GC (Allocation Failure) [PSYoungGen: 71200K->64K(70144K)] 72987K->1851K(245248K), 0,0004589 secs] [Times: user=0,00 sys=0,00, real=0,00 secs] 
31,780: [GC (Allocation Failure) [PSYoungGen: 69696K->64K(68608K)] 71483K->1851K(243712K), 0,0004996 secs] [Times: user=0,00 sys=0,00, real=0,00 secs] 
31,830: [GC (Allocation Failure) [PSYoungGen: 68160K->96K(67072K)] 69947K->1883K(242176K), 0,0004573 secs] [Times: user=0,00 sys=0,00, real=0,00 secs] 
31,878: [GC (Allocation Failure) [PSYoungGen: 66656K->64K(65536K)] 68443K->1851K(240640K), 0,0004549 secs] [Times: user=0,00 sys=0,00, real=0,01 secs] 
31,926: [GC (Allocation Failure) [PSYoungGen: 65088K->96K(64000K)] 66875K->1883K(239104K), 0,0004828 secs] [Times: user=0,00 sys=0,00, real=0,00 secs] 
31,972: [GC (Allocation Failure) [PSYoungGen: 63584K->64K(62464K)] 65371K->1851K(237568K), 0,0004785 secs] [Times: user=0,00 sys=0,00, real=0,00 secs] 
32,018: [GC (Allocation Failure) [PSYoungGen: 62016K->32K(61440K)] 63803K->1819K(236544K), 0,0004821 secs] [Times: user=0,00 sys=0,00, real=0,00 secs] 
32,062: [GC (Allocation Failure) [PSYoungGen: 60960K->64K(60416K)] 62747K->1851K(235520K), 0,0004712 secs] [Times: user=0,00 sys=0,00, real=0,00 secs] 
32,106: [GC (Allocation Failure) [PSYoungGen: 59968K->96K(59392K)] 61755K->1883K(234496K), 0,0004621 secs] [Times: user=0,00 sys=0,00, real=0,00 secs] 
32,149: [GC (Allocation Failure) [PSYoungGen: 58976K->64K(58368K)] 60763K->1851K(233472K), 0,0004595 secs] [Times: user=0,01 sys=0,00, real=0,00 secs] 
32,191: [GC (Allocation Failure) [PSYoungGen: 57920K->96K(57344K)] 59707K->1883K(232448K), 0,0004470 secs] [Times: user=0,00 sys=0,00, real=0,00 secs] 
32,232: [GC (Allocation Failure) [PSYoungGen: 56928K->96K(56320K)] 58715K->1883K(231424K), 0,0004409 secs] [Times: user=0,00 sys=0,00, real=0,00 secs] 
32,273: [GC (Allocation Failure) [PSYoungGen: 55904K->96K(55296K)] 57691K->1883K(230400K), 0,0004555 secs] [Times: user=0,00 sys=0,00, real=0,00 secs] 
32,313: [GC (Allocation Failure) [PSYoungGen: 54880K->96K(66560K)] 56667K->1883K(241664K), 0,0004595 secs] [Times: user=0,00 sys=0,00, real=0,00 secs] 
32,361: [GC (Allocation Failure) [PSYoungGen: 66144K->64K(65024K)] 67931K->1851K(240128K), 0,0004540 secs] [Times: user=0,00 sys=0,00, real=0,00 secs] 
32,408: [GC (Allocation Failure) [PSYoungGen: 64576K->128K(63488K)] 66363K->1915K(238592K), 0,0004681 secs] [Times: user=0,00 sys=0,00, real=0,00 secs] 
32,454: [GC (Allocation Failure) [PSYoungGen: 63104K->96K(61952K)] 64891K->1883K(237056K), 0,0004631 secs] [Times: user=0,00 sys=0,00, real=0,00 secs] 
32,499: [GC (Allocation Failure) [PSYoungGen: 61536K->32K(60928K)] 63323K->1819K(236032K), 0,0004863 secs] [Times: user=0,00 sys=0,00, real=0,00 secs] 
32,543: [GC (Allocation Failure) [PSYoungGen: 60448K->96K(59904K)] 62235K->1883K(235008K), 0,0004652 secs] [Times: user=0,00 sys=0,00, real=0,00 secs] 
32,587: [GC (Allocation Failure) [PSYoungGen: 59488K->96K(58880K)] 61275K->1883K(233984K), 0,0004711 secs] [Times: user=0,00 sys=0,00, real=0,00 secs] 
32,629: [GC (Allocation Failure) [PSYoungGen: 58464K->96K(57856K)] 60251K->1883K(232960K), 0,0003778 secs] [Times: user=0,00 sys=0,00, real=0,00 secs] 
32,671: [GC (Allocation Failure) [PSYoungGen: 57440K->96K(56832K)] 59227K->1883K(231936K), 0,0003679 secs] [Times: user=0,00 sys=0,00, real=0,00 secs] 
32,712: [GC (Allocation Failure) [PSYoungGen: 56416K->32K(55808K)] 58203K->1819K(230912K), 0,0004552 secs] [Times: user=0,00 sys=0,00, real=0,00 secs] 
32,752: [GC (Allocation Failure) [PSYoungGen: 55328K->96K(54784K)] 57115K->1883K(229888K), 0,0003639 secs] [Times: user=0,00 sys=0,00, real=0,00 secs] 
32,792: [GC (Allocation Failure) [PSYoungGen: 54368K->96K(53760K)] 56155K->1883K(228864K), 0,0003567 secs] [Times: user=0,00 sys=0,00, real=0,00 secs] 
32,830: [GC (Allocation Failure) [PSYoungGen: 53344K->96K(52736K)] 55131K->1883K(227840K), 0,0003545 secs] [Times: user=0,00 sys=0,00, real=0,00 secs] 
32,868: [GC (Allocation Failure) [PSYoungGen: 52320K->96K(51712K)] 54107K->1883K(226816K), 0,0003756 secs] [Times: user=0,00 sys=0,00, real=0,01 secs] 
32,906: [GC (Allocation Failure) [PSYoungGen: 51296K->96K(50688K)] 53083K->1883K(225792K), 0,0003621 secs] [Times: user=0,00 sys=0,00, real=0,00 secs] 
32,942: [GC (Allocation Failure) [PSYoungGen: 50272K->64K(49664K)] 52059K->1851K(224768K), 0,0003651 secs] [Times: user=0,00 sys=0,01, real=0,00 secs] 
32,978: [GC (Allocation Failure) [PSYoungGen: 49216K->64K(48640K)] 51003K->1851K(223744K), 0,0004844 secs] [Times: user=0,00 sys=0,00, real=0,01 secs] 
33,014: [GC (Allocation Failure) [PSYoungGen: 48192K->96K(58368K)] 49979K->1883K(233472K), 0,0004744 secs] [Times: user=0,00 sys=0,00, real=0,00 secs] 
33,056: [GC (Allocation Failure) [PSYoungGen: 57952K->64K(70144K)] 59739K->1851K(245248K), 0,0004507 secs] [Times: user=0,00 sys=0,00, real=0,00 secs] 
33,106: [GC (Allocation Failure) [PSYoungGen: 69696K->64K(68608K)] 71483K->1851K(243712K), 0,0004634 secs] [Times: user=0,00 sys=0,00, real=0,00 secs] 
33,156: [GC (Allocation Failure) [PSYoungGen: 68160K->64K(67072K)] 69947K->1851K(242176K), 0,0004720 secs] [Times: user=0,00 sys=0,00, real=0,00 secs] 
33,204: [GC (Allocation Failure) [PSYoungGen: 66624K->96K(65536K)] 68411K->1883K(240640K), 0,0004729 secs] [Times: user=0,00 sys=0,00, real=0,00 secs] 
33,253: [GC (Allocation Failure) [PSYoungGen: 65120K->96K(64000K)] 66907K->1883K(239104K), 0,0004878 secs] [Times: user=0,00 sys=0,00, real=0,00 secs] 
33,300: [GC (Allocation Failure) [PSYoungGen: 63584K->32K(62464K)] 65371K->1819K(237568K), 0,0005007 secs] [Times: user=0,01 sys=0,00, real=0,00 secs] 
33,345: [GC (Allocation Failure) [PSYoungGen: 61984K->64K(75264K)] 63771K->1851K(250368K), 0,0009503 secs] [Times: user=0,00 sys=0,00, real=0,00 secs] 
33,400: [GC (Allocation Failure) [PSYoungGen: 74816K->64K(90624K)] 76603K->1851K(265728K), 0,0004672 secs] [Times: user=0,00 sys=0,00, real=0,00 secs] 
33,466: [GC (Allocation Failure) [PSYoungGen: 90175K->64K(88064K)] 91963K->1851K(263168K), 0,0005020 secs] [Times: user=0,00 sys=0,00, real=0,00 secs] 
33,530: [GC (Allocation Failure) [PSYoungGen: 87616K->96K(86016K)] 89403K->1883K(261120K), 0,0004746 secs] [Times: user=0,00 sys=0,00, real=0,00 secs] 
33,591: [GC (Allocation Failure) [PSYoungGen: 85600K->96K(83968K)] 87387K->1883K(259072K), 0,0004318 secs] [Times: user=0,00 sys=0,00, real=0,00 secs] 
33,652: [GC (Allocation Failure) [PSYoungGen: 83552K->96K(81920K)] 85339K->1883K(257024K), 0,0004627 secs] [Times: user=0,00 sys=0,00, real=0,00 secs] 
33,711: [GC (Allocation Failure) [PSYoungGen: 81504K->96K(79872K)] 83291K->1883K(254976K), 0,0004539 secs] [Times: user=0,00 sys=0,00, real=0,00 secs] 
33,769: [GC (Allocation Failure) [PSYoungGen: 79456K->64K(77824K)] 81243K->1851K(252928K), 0,0004740 secs] [Times: user=0,00 sys=0,00, real=0,01 secs] 
33,825: [GC (Allocation Failure) [PSYoungGen: 77376K->96K(75776K)] 79163K->1883K(250880K), 0,0004424 secs] [Times: user=0,01 sys=0,00, real=0,00 secs] 
33,879: [GC (Allocation Failure) [PSYoungGen: 75360K->64K(74240K)] 77147K->1851K(249344K), 0,0004449 secs] [Times: user=0,00 sys=0,00, real=0,00 secs] 
33,933: [GC (Allocation Failure) [PSYoungGen: 73792K->96K(72704K)] 75579K->1883K(247808K), 0,0004876 secs] [Times: user=0,00 sys=0,00, real=0,00 secs] 
33,986: [GC (Allocation Failure) [PSYoungGen: 72288K->64K(71168K)] 74075K->1851K(246272K), 0,0004842 secs] [Times: user=0,00 sys=0,00, real=0,00 secs] 
34,037: [GC (Allocation Failure) [PSYoungGen: 70720K->96K(69632K)] 72507K->1883K(244736K), 0,0004443 secs] [Times: user=0,00 sys=0,00, real=0,00 secs] 
34,087: [GC (Allocation Failure) [PSYoungGen: 69216K->64K(68096K)] 71003K->1851K(243200K), 0,0004496 secs] [Times: user=0,00 sys=0,00, real=0,00 secs] 
34,136: [GC (Allocation Failure) [PSYoungGen: 67648K->96K(66560K)] 69435K->1883K(241664K), 0,0004504 secs] [Times: user=0,00 sys=0,00, real=0,00 secs] 
34,185: [GC (Allocation Failure) [PSYoungGen: 66144K->96K(65024K)] 67931K->1883K(240128K), 0,0004506 secs] [Times: user=0,00 sys=0,00, real=0,00 secs] 
34,231: [GC (Allocation Failure) [PSYoungGen: 64608K->96K(63488K)] 66395K->1883K(238592K), 0,0004540 secs] [Times: user=0,01 sys=0,00, real=0,00 secs] 
34,277: [GC (Allocation Failure) [PSYoungGen: 63072K->96K(61952K)] 64859K->1883K(237056K), 0,0004503 secs] [Times: user=0,00 sys=0,00, real=0,00 secs] 
34,322: [GC (Allocation Failure) [PSYoungGen: 61536K->96K(60928K)] 63323K->1883K(236032K), 0,0003686 secs] [Times: user=0,00 sys=0,00, real=0,00 secs] 
34,366: [GC (Allocation Failure) [PSYoungGen: 60512K->96K(59904K)] 62299K->1883K(235008K), 0,0003601 secs] [Times: user=0,00 sys=0,00, real=0,00 secs] 
34,409: [GC (Allocation Failure) [PSYoungGen: 59488K->96K(58880K)] 61275K->1883K(233984K), 0,0003654 secs] [Times: user=0,00 sys=0,00, real=0,00 secs] 
34,452: [GC (Allocation Failure) [PSYoungGen: 58464K->96K(57856K)] 60251K->1883K(232960K), 0,0004854 secs] [Times: user=0,00 sys=0,00, real=0,00 secs] 
34,493: [GC (Allocation Failure) [PSYoungGen: 57440K->32K(56832K)] 59227K->1819K(231936K), 0,0004576 secs] [Times: user=0,00 sys=0,00, real=0,00 secs] 
34,534: [GC (Allocation Failure) [PSYoungGen: 56352K->64K(55808K)] 58139K->1851K(230912K), 0,0003647 secs] [Times: user=0,00 sys=0,00, real=0,00 secs] 
34,575: [GC (Allocation Failure) [PSYoungGen: 55360K->96K(54784K)] 57147K->1883K(229888K), 0,0003628 secs] [Times: user=0,00 sys=0,00, real=0,00 secs] 
34,614: [GC (Allocation Failure) [PSYoungGen: 54368K->96K(53760K)] 56155K->1883K(228864K), 0,0003572 secs] [Times: user=0,00 sys=0,00, real=0,00 secs] 
34,653: [GC (Allocation Failure) [PSYoungGen: 53344K->128K(52736K)] 55131K->1915K(227840K), 0,0003758 secs] [Times: user=0,00 sys=0,00, real=0,00 secs] 
34,691: [GC (Allocation Failure) [PSYoungGen: 52352K->64K(51712K)] 54139K->1851K(226816K), 0,0004649 secs] [Times: user=0,00 sys=0,00, real=0,00 secs] 
34,729: [GC (Allocation Failure) [PSYoungGen: 51264K->64K(50688K)] 53051K->1851K(225792K), 0,0003515 secs] [Times: user=0,01 sys=0,00, real=0,01 secs] 
34,765: [GC (Allocation Failure) [PSYoungGen: 50240K->128K(49664K)] 52027K->1915K(224768K), 0,0003724 secs] [Times: user=0,00 sys=0,00, real=0,00 secs] 
34,801: [GC (Allocation Failure) [PSYoungGen: 49280K->128K(48640K)] 51067K->1915K(223744K), 0,0003585 secs] [Times: user=0,00 sys=0,00, real=0,00 secs] 
34,836: [GC (Allocation Failure) [PSYoungGen: 48256K->96K(48128K)] 50043K->1883K(223232K), 0,0003409 secs] [Times: user=0,00 sys=0,00, real=0,00 secs] 
34,870: [GC (Allocation Failure) [PSYoungGen: 47712K->128K(47616K)] 49499K->1915K(222720K), 0,0003423 secs] [Times: user=0,00 sys=0,00, real=0,00 secs] 
34,905: [GC (Allocation Failure) [PSYoungGen: 47232K->32K(47104K)] 49019K->1819K(222208K), 0,0003537 secs] [Times: user=0,00 sys=0,00, real=0,00 secs] 
34,939: [GC (Allocation Failure) [PSYoungGen: 46624K->32K(46592K)] 48411K->1819K(221696K), 0,0003448 secs] [Times: user=0,00 sys=0,00, real=0,01 secs] 
34,973: [GC (Allocation Failure) [PSYoungGen: 46112K->96K(55808K)] 47899K->1883K(230912K), 0,0004728 secs] [Times: user=0,00 sys=0,00, real=0,00 secs] 
35,013: [GC (Allocation Failure) [PSYoungGen: 55392K->64K(67072K)] 57179K->1851K(242176K), 0,0004762 secs] [Times: user=0,00 sys=0,00, real=0,00 secs] 
35,061: [GC (Allocation Failure) [PSYoungGen: 66624K->64K(65536K)] 68411K->1851K(240640K), 0,0004580 secs] [Times: user=0,00 sys=0,00, real=0,00 secs] 
35,109: [GC (Allocation Failure) [PSYoungGen: 65088K->96K(64000K)] 66875K->1883K(239104K), 0,0004437 secs] [Times: user=0,00 sys=0,00, real=0,01 secs] 
35,155: [GC (Allocation Failure) [PSYoungGen: 63584K->64K(62464K)] 65371K->1851K(237568K), 0,0004315 secs] [Times: user=0,01 sys=0,00, real=0,00 secs] 
35,200: [GC (Allocation Failure) [PSYoungGen: 62016K->64K(61440K)] 63803K->1851K(236544K), 0,0004337 secs] [Times: user=0,00 sys=0,00, real=0,00 secs] 
35,244: [GC (Allocation Failure) [PSYoungGen: 60991K->64K(60416K)] 62779K->1851K(235520K), 0,0004463 secs] [Times: user=0,01 sys=0,00, real=0,00 secs] 
35,288: [GC (Allocation Failure) [PSYoungGen: 59968K->64K(59392K)] 61755K->1851K(234496K), 0,0004694 secs] [Times: user=0,00 sys=0,00, real=0,00 secs] 
35,331: [GC (Allocation Failure) [PSYoungGen: 58944K->96K(58368K)] 60731K->1883K(233472K), 0,0003662 secs] [Times: user=0,00 sys=0,00, real=0,00 secs] 
35,373: [GC (Allocation Failure) [PSYoungGen: 57952K->96K(57344K)] 59739K->1883K(232448K), 0,0003573 secs] [Times: user=0,00 sys=0,00, real=0,00 secs] 
35,414: [GC (Allocation Failure) [PSYoungGen: 56928K->64K(56320K)] 58715K->1851K(231424K), 0,0004832 secs] [Times: user=0,00 sys=0,00, real=0,00 secs] 
35,455: [GC (Allocation Failure) [PSYoungGen: 55872K->96K(55296K)] 57659K->1883K(230400K), 0,0004511 secs] [Times: user=0,00 sys=0,00, real=0,00 secs] 
35,495: [GC (Allocation Failure) [PSYoungGen: 54880K->96K(54272K)] 56667K->1883K(229376K), 0,0003741 secs] [Times: user=0,00 sys=0,00, real=0,00 secs] 
35,534: [GC (Allocation Failure) [PSYoungGen: 53856K->96K(53248K)] 55643K->1883K(228352K), 0,0003522 secs] [Times: user=0,00 sys=0,00, real=0,00 secs] 
35,573: [GC (Allocation Failure) [PSYoungGen: 52832K->96K(52224K)] 54619K->1883K(227328K), 0,0003553 secs] [Times: user=0,00 sys=0,00, real=0,00 secs] 
35,610: [GC (Allocation Failure) [PSYoungGen: 51808K->64K(51200K)] 53595K->1851K(226304K), 0,0003693 secs] [Times: user=0,00 sys=0,00, real=0,00 secs] 
35,647: [GC (Allocation Failure) [PSYoungGen: 50752K->64K(50176K)] 52539K->1851K(225280K), 0,0003504 secs] [Times: user=0,00 sys=0,00, real=0,00 secs] 
35,683: [GC (Allocation Failure) [PSYoungGen: 49728K->64K(49152K)] 51515K->1851K(224256K), 0,0003614 secs] [Times: user=0,00 sys=0,00, real=0,00 secs] 
35,719: [GC (Allocation Failure) [PSYoungGen: 48704K->96K(48128K)] 50491K->1883K(223232K), 0,0003741 secs] [Times: user=0,00 sys=0,00, real=0,00 secs] 
35,753: [GC (Allocation Failure) [PSYoungGen: 47712K->128K(47616K)] 49499K->1915K(222720K), 0,0003517 secs] [Times: user=0,00 sys=0,00, real=0,00 secs] 
35,788: [GC (Allocation Failure) [PSYoungGen: 47232K->64K(47104K)] 49019K->1851K(222208K), 0,0003527 secs] [Times: user=0,00 sys=0,00, real=0,00 secs] 
35,821: [GC (Allocation Failure) [PSYoungGen: 46656K->128K(46592K)] 48443K->1915K(221696K), 0,0003432 secs] [Times: user=0,00 sys=0,00, real=0,00 secs] 
35,855: [GC (Allocation Failure) [PSYoungGen: 46208K->96K(46080K)] 47995K->1883K(221184K), 0,0003514 secs] [Times: user=0,00 sys=0,00, real=0,00 secs] 
35,888: [GC (Allocation Failure) [PSYoungGen: 45664K->96K(45568K)] 47451K->1883K(220672K), 0,0003626 secs] [Times: user=0,00 sys=0,00, real=0,01 secs] 
35,921: [GC (Allocation Failure) [PSYoungGen: 45152K->96K(45056K)] 46939K->1883K(220160K), 0,0003475 secs] [Times: user=0,00 sys=0,00, real=0,00 secs] 
35,953: [GC (Allocation Failure) [PSYoungGen: 44640K->64K(44544K)] 46427K->1851K(219648K), 0,0003535 secs] [Times: user=0,00 sys=0,01, real=0,00 secs] 
35,986: [GC (Allocation Failure) [PSYoungGen: 44096K->64K(53760K)] 45883K->1851K(228864K), 0,0004964 secs] [Times: user=0,00 sys=0,00, real=0,00 secs] 
36,025: [GC (Allocation Failure) [PSYoungGen: 53312K->64K(64512K)] 55099K->1851K(239616K), 0,0003741 secs] [Times: user=0,00 sys=0,00, real=0,00 secs] 
36,072: [GC (Allocation Failure) [PSYoungGen: 64064K->32K(62976K)] 65851K->1819K(238080K), 0,0004392 secs] [Times: user=0,00 sys=0,00, real=0,00 secs] 
36,117: [GC (Allocation Failure) [PSYoungGen: 62496K->128K(61952K)] 64283K->1915K(237056K), 0,0003583 secs] [Times: user=0,00 sys=0,00, real=0,00 secs] 
36,162: [GC (Allocation Failure) [PSYoungGen: 61568K->128K(60928K)] 63355K->1915K(236032K), 0,0003504 secs] [Times: user=0,00 sys=0,00, real=0,00 secs] 
36,206: [GC (Allocation Failure) [PSYoungGen: 60544K->96K(59904K)] 62331K->1883K(235008K), 0,0003656 secs] [Times: user=0,00 sys=0,00, real=0,00 secs] 
36,249: [GC (Allocation Failure) [PSYoungGen: 59488K->96K(58880K)] 61275K->1883K(233984K), 0,0004573 secs] [Times: user=0,00 sys=0,00, real=0,00 secs] 
36,291: [GC (Allocation Failure) [PSYoungGen: 58464K->64K(57856K)] 60251K->1851K(232960K), 0,0004632 secs] [Times: user=0,00 sys=0,00, real=0,00 secs] 
36,333: [GC (Allocation Failure) [PSYoungGen: 57408K->64K(56832K)] 59195K->1851K(231936K), 0,0004716 secs] [Times: user=0,00 sys=0,00, real=0,00 secs] 
36,375: [GC (Allocation Failure) [PSYoungGen: 56384K->96K(55808K)] 58171K->1883K(230912K), 0,0003489 secs] [Times: user=0,00 sys=0,00, real=0,00 secs] 
36,415: [GC (Allocation Failure) [PSYoungGen: 55392K->96K(54784K)] 57179K->1883K(229888K), 0,0003497 secs] [Times: user=0,00 sys=0,00, real=0,00 secs] 
36,454: [GC (Allocation Failure) [PSYoungGen: 54368K->96K(53760K)] 56155K->1883K(228864K), 0,0003594 secs] [Times: user=0,00 sys=0,00, real=0,00 secs] 
36,494: [GC (Allocation Failure) [PSYoungGen: 53344K->96K(52736K)] 55131K->1883K(227840K), 0,0004888 secs] [Times: user=0,00 sys=0,00, real=0,00 secs] 
36,532: [GC (Allocation Failure) [PSYoungGen: 52320K->64K(51712K)] 54107K->1851K(226816K), 0,0004534 secs] [Times: user=0,00 sys=0,00, real=0,00 secs] 
36,569: [GC (Allocation Failure) [PSYoungGen: 51264K->96K(50688K)] 53051K->1883K(225792K), 0,0003780 secs] [Times: user=0,00 sys=0,00, real=0,00 secs] 
36,605: [GC (Allocation Failure) [PSYoungGen: 50272K->96K(49664K)] 52059K->1883K(224768K), 0,0003687 secs] [Times: user=0,00 sys=0,00, real=0,00 secs] 
36,641: [GC (Allocation Failure) [PSYoungGen: 49248K->96K(48640K)] 51035K->1883K(223744K), 0,0003486 secs] [Times: user=0,00 sys=0,00, real=0,00 secs] 
36,676: [GC (Allocation Failure) [PSYoungGen: 48224K->64K(48128K)] 50011K->1851K(223232K), 0,0003596 secs] [Times: user=0,00 sys=0,00, real=0,00 secs] 
36,711: [GC (Allocation Failure) [PSYoungGen: 47680K->96K(47616K)] 49467K->1883K(222720K), 0,0003458 secs] [Times: user=0,00 sys=0,00, real=0,00 secs] 
36,745: [GC (Allocation Failure) [PSYoungGen: 47200K->64K(47104K)] 48987K->1851K(222208K), 0,0003529 secs] [Times: user=0,00 sys=0,00, real=0,00 secs] 
36,779: [GC (Allocation Failure) [PSYoungGen: 46656K->64K(46592K)] 48443K->1851K(221696K), 0,0003641 secs] [Times: user=0,00 sys=0,00, real=0,00 secs] 
36,813: [GC (Allocation Failure) [PSYoungGen: 46144K->96K(46080K)] 47931K->1883K(221184K), 0,0003508 secs] [Times: user=0,00 sys=0,00, real=0,00 secs] 
36,846: [GC (Allocation Failure) [PSYoungGen: 45664K->128K(45568K)] 47451K->1915K(220672K), 0,0003531 secs] [Times: user=0,00 sys=0,00, real=0,00 secs] 
36,879: [GC (Allocation Failure) [PSYoungGen: 45184K->96K(45056K)] 46971K->1883K(220160K), 0,0003605 secs] [Times: user=0,00 sys=0,00, real=0,00 secs] 
36,912: [GC (Allocation Failure) [PSYoungGen: 44640K->96K(54272K)] 46427K->1883K(229376K), 0,0004801 secs] [Times: user=0,00 sys=0,00, real=0,00 secs] 
36,951: [GC (Allocation Failure) [PSYoungGen: 53856K->96K(65024K)] 55643K->1883K(240128K), 0,0004667 secs] [Times: user=0,00 sys=0,00, real=0,00 secs] 
36,998: [GC (Allocation Failure) [PSYoungGen: 64608K->96K(78336K)] 66395K->1883K(253440K), 0,0004611 secs] [Times: user=0,00 sys=0,00, real=0,00 secs] 
37,054: [GC (Allocation Failure) [PSYoungGen: 77920K->96K(76288K)] 79707K->1883K(251392K), 0,0004616 secs] [Times: user=0,00 sys=0,00, real=0,00 secs] 
37,110: [GC (Allocation Failure) [PSYoungGen: 75872K->96K(74752K)] 77659K->1883K(249856K), 0,0004479 secs] [Times: user=0,00 sys=0,00, real=0,00 secs] 
37,163: [GC (Allocation Failure) [PSYoungGen: 74336K->96K(73216K)] 76123K->1883K(248320K), 0,0004579 secs] [Times: user=0,00 sys=0,00, real=0,00 secs] 
37,216: [GC (Allocation Failure) [PSYoungGen: 72800K->64K(71680K)] 74587K->1851K(246784K), 0,0004625 secs] [Times: user=0,00 sys=0,00, real=0,00 secs] 
37,268: [GC (Allocation Failure) [PSYoungGen: 71232K->32K(70144K)] 73019K->1819K(245248K), 0,0004292 secs] [Times: user=0,00 sys=0,00, real=0,00 secs] 
37,319: [GC (Allocation Failure) [PSYoungGen: 69664K->64K(68608K)] 71451K->1851K(243712K), 0,0004653 secs] [Times: user=0,00 sys=0,00, real=0,01 secs] 
37,368: [GC (Allocation Failure) [PSYoungGen: 68160K->32K(67072K)] 69947K->1819K(242176K), 0,0004639 secs] [Times: user=0,00 sys=0,00, real=0,01 secs] 
37,417: [GC (Allocation Failure) [PSYoungGen: 66592K->96K(65536K)] 68379K->1883K(240640K), 0,0004434 secs] [Times: user=0,00 sys=0,00, real=0,00 secs] 
37,464: [GC (Allocation Failure) [PSYoungGen: 65120K->32K(64000K)] 66907K->1819K(239104K), 0,0005251 secs] [Times: user=0,00 sys=0,00, real=0,00 secs] 
37,511: [GC (Allocation Failure) [PSYoungGen: 63520K->32K(62464K)] 65307K->1819K(237568K), 0,0004624 secs] [Times: user=0,00 sys=0,00, real=0,00 secs] 
37,556: [GC (Allocation Failure) [PSYoungGen: 61984K->96K(61440K)] 63771K->1883K(236544K), 0,0004538 secs] [Times: user=0,00 sys=0,00, real=0,00 secs] 
37,600: [GC (Allocation Failure) [PSYoungGen: 61024K->64K(60416K)] 62811K->1851K(235520K), 0,0004521 secs] [Times: user=0,00 sys=0,00, real=0,00 secs] 
37,644: [GC (Allocation Failure) [PSYoungGen: 59968K->96K(59392K)] 61755K->1883K(234496K), 0,0003700 secs] [Times: user=0,00 sys=0,00, real=0,00 secs] 
37,686: [GC (Allocation Failure) [PSYoungGen: 58976K->32K(58368K)] 60763K->1819K(233472K), 0,0003651 secs] [Times: user=0,01 sys=0,00, real=0,00 secs] 
37,728: [GC (Allocation Failure) [PSYoungGen: 57888K->96K(57344K)] 59675K->1883K(232448K), 0,0003648 secs] [Times: user=0,00 sys=0,00, real=0,01 secs] 
37,770: [GC (Allocation Failure) [PSYoungGen: 56928K->64K(56320K)] 58715K->1851K(231424K), 0,0003577 secs] [Times: user=0,00 sys=0,00, real=0,00 secs] 
37,810: [GC (Allocation Failure) [PSYoungGen: 55872K->32K(55296K)] 57659K->1819K(230400K), 0,0003539 secs] [Times: user=0,00 sys=0,00, real=0,00 secs] 
37,850: [GC (Allocation Failure) [PSYoungGen: 54816K->96K(54272K)] 56603K->1883K(229376K), 0,0003577 secs] [Times: user=0,00 sys=0,00, real=0,00 secs] 
37,889: [GC (Allocation Failure) [PSYoungGen: 53856K->96K(53248K)] 55643K->1883K(228352K), 0,0003474 secs] [Times: user=0,00 sys=0,00, real=0,00 secs] 
37,927: [GC (Allocation Failure) [PSYoungGen: 52832K->64K(52224K)] 54619K->1851K(227328K), 0,0003603 secs] [Times: user=0,00 sys=0,00, real=0,00 secs] 
37,965: [GC (Allocation Failure) [PSYoungGen: 51776K->64K(51200K)] 53563K->1851K(226304K), 0,0004924 secs] [Times: user=0,00 sys=0,00, real=0,00 secs] 
38,003: [GC (Allocation Failure) [PSYoungGen: 50752K->64K(50176K)] 52539K->1851K(225280K), 0,0004658 secs] [Times: user=0,00 sys=0,00, real=0,00 secs] 
38,039: [GC (Allocation Failure) [PSYoungGen: 49728K->96K(49152K)] 51515K->1883K(224256K), 0,0003688 secs] [Times: user=0,00 sys=0,00, real=0,00 secs] 
38,074: [GC (Allocation Failure) [PSYoungGen: 48736K->96K(48128K)] 50523K->1883K(223232K), 0,0003643 secs] [Times: user=0,00 sys=0,00, real=0,00 secs] 
38,109: [GC (Allocation Failure) [PSYoungGen: 47712K->128K(47616K)] 49499K->1915K(222720K), 0,0003729 secs] [Times: user=0,00 sys=0,00, real=0,00 secs] 
38,143: [GC (Allocation Failure) [PSYoungGen: 47232K->96K(47104K)] 49019K->1883K(222208K), 0,0003568 secs] [Times: user=0,01 sys=0,00, real=0,00 secs] 
38,177: [GC (Allocation Failure) [PSYoungGen: 46688K->128K(46592K)] 48475K->1915K(221696K), 0,0003493 secs] [Times: user=0,00 sys=0,00, real=0,00 secs] 
38,211: [GC (Allocation Failure) [PSYoungGen: 46208K->64K(46080K)] 47995K->1851K(221184K), 0,0003635 secs] [Times: user=0,00 sys=0,00, real=0,00 secs] 
38,244: [GC (Allocation Failure) [PSYoungGen: 45632K->32K(45568K)] 47419K->1819K(220672K), 0,0003621 secs] [Times: user=0,00 sys=0,00, real=0,00 secs] 
38,277: [GC (Allocation Failure) [PSYoungGen: 45088K->64K(54784K)] 46875K->1851K(229888K), 0,0005106 secs] [Times: user=0,00 sys=0,00, real=0,00 secs] 
38,316: [GC (Allocation Failure) [PSYoungGen: 54336K->64K(66048K)] 56123K->1851K(241152K), 0,0003588 secs] [Times: user=0,00 sys=0,00, real=0,00 secs] 
38,364: [GC (Allocation Failure) [PSYoungGen: 65600K->96K(64512K)] 67387K->1883K(239616K), 0,0003619 secs] [Times: user=0,00 sys=0,00, real=0,00 secs] 
38,410: [GC (Allocation Failure) [PSYoungGen: 64096K->96K(62976K)] 65883K->1883K(238080K), 0,0005405 secs] [Times: user=0,00 sys=0,00, real=0,00 secs] 
38,456: [GC (Allocation Failure) [PSYoungGen: 62560K->96K(61952K)] 64347K->1883K(237056K), 0,0004776 secs] [Times: user=0,00 sys=0,00, real=0,00 secs] 
38,501: [GC (Allocation Failure) [PSYoungGen: 61536K->96K(60928K)] 63323K->1883K(236032K), 0,0004450 secs] [Times: user=0,01 sys=0,00, real=0,00 secs] 
38,545: [GC (Allocation Failure) [PSYoungGen: 60512K->0K(59904K)] 62299K->1787K(235008K), 0,0004335 secs] [Times: user=0,00 sys=0,00, real=0,00 secs] 
38,588: [GC (Allocation Failure) [PSYoungGen: 59392K->64K(58880K)] 61179K->1851K(233984K), 0,0004382 secs] [Times: user=0,00 sys=0,00, real=0,00 secs] 
38,630: [GC (Allocation Failure) [PSYoungGen: 58432K->64K(57856K)] 60219K->1851K(232960K), 0,0003579 secs] [Times: user=0,00 sys=0,00, real=0,00 secs] 
38,672: [GC (Allocation Failure) [PSYoungGen: 57408K->96K(56832K)] 59195K->1883K(231936K), 0,0003613 secs] [Times: user=0,00 sys=0,00, real=0,00 secs] 
38,713: [GC (Allocation Failure) [PSYoungGen: 56416K->32K(55808K)] 58203K->1819K(230912K), 0,0003844 secs] [Times: user=0,00 sys=0,00, real=0,00 secs] 
38,754: [GC (Allocation Failure) [PSYoungGen: 55328K->96K(54784K)] 57115K->1883K(229888K), 0,0003595 secs] [Times: user=0,00 sys=0,00, real=0,00 secs] 
38,794: [GC (Allocation Failure) [PSYoungGen: 54368K->96K(53760K)] 56155K->1883K(228864K), 0,0003527 secs] [Times: user=0,00 sys=0,00, real=0,00 secs] 
38,832: [GC (Allocation Failure) [PSYoungGen: 53344K->64K(52736K)] 55131K->1851K(227840K), 0,0003543 secs] [Times: user=0,00 sys=0,00, real=0,00 secs] 
38,870: [GC (Allocation Failure) [PSYoungGen: 52288K->96K(51712K)] 54075K->1883K(226816K), 0,0003679 secs] [Times: user=0,00 sys=0,01, real=0,00 secs] 
38,908: [GC (Allocation Failure) [PSYoungGen: 51296K->64K(50688K)] 53083K->1851K(225792K), 0,0003410 secs] [Times: user=0,00 sys=0,00, real=0,00 secs] 
38,945: [GC (Allocation Failure) [PSYoungGen: 50240K->96K(49664K)] 52027K->1883K(224768K), 0,0004958 secs] [Times: user=0,00 sys=0,00, real=0,00 secs] 
38,980: [GC (Allocation Failure) [PSYoungGen: 49248K->64K(48640K)] 51035K->1851K(223744K), 0,0004426 secs] [Times: user=0,00 sys=0,00, real=0,00 secs] 
39,016: [GC (Allocation Failure) [PSYoungGen: 48192K->64K(48128K)] 49979K->1851K(223232K), 0,0003808 secs] [Times: user=0,00 sys=0,00, real=0,00 secs] 
39,050: [GC (Allocation Failure) [PSYoungGen: 47680K->96K(47616K)] 49467K->1883K(222720K), 0,0003630 secs] [Times: user=0,00 sys=0,00, real=0,00 secs] 
39,085: [GC (Allocation Failure) [PSYoungGen: 47200K->96K(47104K)] 48987K->1883K(222208K), 0,0003553 secs] [Times: user=0,00 sys=0,00, real=0,00 secs] 
39,119: [GC (Allocation Failure) [PSYoungGen: 46688K->64K(46592K)] 48475K->1851K(221696K), 0,0003642 secs] [Times: user=0,00 sys=0,00, real=0,01 secs] 
39,152: [GC (Allocation Failure) [PSYoungGen: 46144K->96K(46080K)] 47931K->1883K(221184K), 0,0003563 secs] [Times: user=0,00 sys=0,00, real=0,00 secs] 
39,185: [GC (Allocation Failure) [PSYoungGen: 45664K->128K(45568K)] 47451K->1915K(220672K), 0,0003597 secs] [Times: user=0,00 sys=0,00, real=0,00 secs] 
39,218: [GC (Allocation Failure) [PSYoungGen: 45184K->128K(45056K)] 46971K->1915K(220160K), 0,0003487 secs] [Times: user=0,00 sys=0,00, real=0,00 secs] 
39,251: [GC (Allocation Failure) [PSYoungGen: 44672K->96K(44544K)] 46459K->1883K(219648K), 0,0003632 secs] [Times: user=0,00 sys=0,00, real=0,00 secs] 
39,283: [GC (Allocation Failure) [PSYoungGen: 44128K->96K(53760K)] 45915K->1883K(228864K), 0,0003612 secs] [Times: user=0,00 sys=0,00, real=0,00 secs] 
39,322: [GC (Allocation Failure) [PSYoungGen: 53344K->96K(52736K)] 55131K->1883K(227840K), 0,0003720 secs] [Times: user=0,00 sys=0,00, real=0,00 secs] 
39,360: [GC (Allocation Failure) [PSYoungGen: 52320K->96K(51712K)] 54107K->1883K(226816K), 0,0003680 secs] [Times: user=0,00 sys=0,00, real=0,00 secs] 
39,397: [GC (Allocation Failure) [PSYoungGen: 51296K->128K(50688K)] 53083K->1915K(225792K), 0,0003545 secs] [Times: user=0,00 sys=0,00, real=0,00 secs] 
39,433: [GC (Allocation Failure) [PSYoungGen: 50304K->64K(49664K)] 52091K->1851K(224768K), 0,0003543 secs] [Times: user=0,00 sys=0,00, real=0,00 secs] 
39,470: [GC (Allocation Failure) [PSYoungGen: 49216K->96K(48640K)] 51003K->1883K(223744K), 0,0004728 secs] [Times: user=0,00 sys=0,00, real=0,00 secs] 
39,505: [GC (Allocation Failure) [PSYoungGen: 48224K->32K(58368K)] 50011K->1819K(233472K), 0,0004524 secs] [Times: user=0,00 sys=0,00, real=0,00 secs] 
39,547: [GC (Allocation Failure) [PSYoungGen: 57888K->128K(57344K)] 59675K->1915K(232448K), 0,0003600 secs] [Times: user=0,00 sys=0,00, real=0,00 secs] 
39,588: [GC (Allocation Failure) [PSYoungGen: 56960K->64K(56320K)] 58747K->1851K(231424K), 0,0003671 secs] [Times: user=0,00 sys=0,00, real=0,01 secs] 
39,629: [GC (Allocation Failure) [PSYoungGen: 55872K->96K(55296K)] 57659K->1883K(230400K), 0,0003550 secs] [Times: user=0,00 sys=0,00, real=0,00 secs] 
39,669: [GC (Allocation Failure) [PSYoungGen: 54880K->96K(54272K)] 56667K->1883K(229376K), 0,0003670 secs] [Times: user=0,00 sys=0,00, real=0,00 secs] 
39,708: [GC (Allocation Failure) [PSYoungGen: 53856K->96K(53248K)] 55643K->1883K(228352K), 0,0003630 secs] [Times: user=0,00 sys=0,00, real=0,00 secs] 
39,746: [GC (Allocation Failure) [PSYoungGen: 52832K->96K(52224K)] 54619K->1883K(227328K), 0,0003526 secs] [Times: user=0,00 sys=0,00, real=0,00 secs] 
39,784: [GC (Allocation Failure) [PSYoungGen: 51808K->96K(51200K)] 53595K->1883K(226304K), 0,0003561 secs] [Times: user=0,00 sys=0,00, real=0,00 secs] 
39,820: [GC (Allocation Failure) [PSYoungGen: 50784K->32K(50176K)] 52571K->1819K(225280K), 0,0003543 secs] [Times: user=0,00 sys=0,00, real=0,00 secs] 
39,857: [GC (Allocation Failure) [PSYoungGen: 49696K->96K(49152K)] 51483K->1883K(224256K), 0,0003422 secs] [Times: user=0,00 sys=0,00, real=0,00 secs] 
39,892: [GC (Allocation Failure) [PSYoungGen: 48736K->128K(48128K)] 50523K->1915K(223232K), 0,0003525 secs] [Times: user=0,00 sys=0,00, real=0,00 secs] 
39,927: [GC (Allocation Failure) [PSYoungGen: 47744K->64K(47616K)] 49531K->1851K(222720K), 0,0004800 secs] [Times: user=0,00 sys=0,00, real=0,00 secs] 
39,962: [GC (Allocation Failure) [PSYoungGen: 47168K->96K(57344K)] 48955K->1883K(232448K), 0,0004555 secs] [Times: user=0,00 sys=0,00, real=0,00 secs] 
40,003: [GC (Allocation Failure) [PSYoungGen: 56928K->96K(56320K)] 58715K->1883K(231424K), 0,0003824 secs] [Times: user=0,00 sys=0,00, real=0,00 secs] 
40,044: [GC (Allocation Failure) [PSYoungGen: 55904K->96K(55296K)] 57691K->1883K(230400K), 0,0003609 secs] [Times: user=0,00 sys=0,00, real=0,00 secs] 
40,083: [GC (Allocation Failure) [PSYoungGen: 54880K->96K(54272K)] 56667K->1883K(229376K), 0,0003618 secs] [Times: user=0,00 sys=0,00, real=0,00 secs] 
40,123: [GC (Allocation Failure) [PSYoungGen: 53856K->64K(53248K)] 55643K->1851K(228352K), 0,0003616 secs] [Times: user=0,00 sys=0,00, real=0,00 secs] 
40,161: [GC (Allocation Failure) [PSYoungGen: 52800K->96K(52224K)] 54587K->1883K(227328K), 0,0003673 secs] [Times: user=0,00 sys=0,00, real=0,00 secs] 
40,199: [GC (Allocation Failure) [PSYoungGen: 51808K->64K(51200K)] 53595K->1851K(226304K), 0,0003624 secs] [Times: user=0,00 sys=0,00, real=0,01 secs] 
40,235: [GC (Allocation Failure) [PSYoungGen: 50752K->96K(50176K)] 52539K->1883K(225280K), 0,0003684 secs] [Times: user=0,00 sys=0,00, real=0,00 secs] 
40,277: [GC (Allocation Failure) [PSYoungGen: 49760K->96K(49152K)] 51547K->1883K(224256K), 0,0005146 secs] [Times: user=0,00 sys=0,00, real=0,00 secs] 
40,312: [GC (Allocation Failure) [PSYoungGen: 48736K->96K(48128K)] 50523K->1907K(223232K), 0,0003996 secs] [Times: user=0,00 sys=0,00, real=0,00 secs] 
40,347: [GC (Allocation Failure) [PSYoungGen: 47712K->64K(47616K)] 49523K->1875K(222720K), 0,0003541 secs] [Times: user=0,00 sys=0,00, real=0,00 secs] 
40,382: [GC (Allocation Failure) [PSYoungGen: 47168K->96K(47104K)] 48979K->1907K(222208K), 0,0003611 secs] [Times: user=0,00 sys=0,00, real=0,00 secs] 
40,415: [GC (Allocation Failure) [PSYoungGen: 46688K->64K(46592K)] 48499K->1875K(221696K), 0,0003701 secs] [Times: user=0,00 sys=0,00, real=0,00 secs] 
40,449: [GC (Allocation Failure) [PSYoungGen: 46144K->96K(46080K)] 47955K->1907K(221184K), 0,0003573 secs] [Times: user=0,00 sys=0,00, real=0,00 secs] 
40,483: [GC (Allocation Failure) [PSYoungGen: 45664K->64K(55296K)] 47475K->1875K(230400K), 0,0004949 secs] [Times: user=0,00 sys=0,00, real=0,00 secs] 
40,523: [GC (Allocation Failure) [PSYoungGen: 54848K->64K(66560K)] 56659K->1875K(241664K), 0,0004761 secs] [Times: user=0,00 sys=0,00, real=0,00 secs] 
40,571: [GC (Allocation Failure) [PSYoungGen: 66112K->64K(65024K)] 67923K->1875K(240128K), 0,0003602 secs] [Times: user=0,00 sys=0,00, real=0,00 secs] 
40,618: [GC (Allocation Failure) [PSYoungGen: 64576K->96K(63488K)] 66387K->1907K(238592K), 0,0003902 secs] [Times: user=0,01 sys=0,00, real=0,00 secs] 
40,663: [GC (Allocation Failure) [PSYoungGen: 63072K->64K(61952K)] 64883K->1875K(237056K), 0,0004507 secs] [Times: user=0,00 sys=0,00, real=0,00 secs] 
40,708: [GC (Allocation Failure) [PSYoungGen: 61504K->64K(60928K)] 63315K->1875K(236032K), 0,0004802 secs] [Times: user=0,00 sys=0,00, real=0,01 secs] 
40,752: [GC (Allocation Failure) [PSYoungGen: 60480K->96K(59904K)] 62291K->1907K(235008K), 0,0004738 secs] [Times: user=0,00 sys=0,00, real=0,00 secs] 
40,795: [GC (Allocation Failure) [PSYoungGen: 59488K->96K(58880K)] 61299K->1907K(233984K), 0,0004522 secs] [Times: user=0,00 sys=0,00, real=0,00 secs] 
40,838: [GC (Allocation Failure) [PSYoungGen: 58464K->96K(57856K)] 60275K->1907K(232960K), 0,0003654 secs] [Times: user=0,00 sys=0,00, real=0,00 secs] 
40,880: [GC (Allocation Failure) [PSYoungGen: 57440K->96K(56832K)] 59251K->1907K(231936K), 0,0003662 secs] [Times: user=0,00 sys=0,00, real=0,00 secs] 
40,921: [GC (Allocation Failure) [PSYoungGen: 56416K->96K(55808K)] 58227K->1907K(230912K), 0,0003687 secs] [Times: user=0,00 sys=0,00, real=0,00 secs] 
40,961: [GC (Allocation Failure) [PSYoungGen: 55392K->64K(54784K)] 57203K->1875K(229888K), 0,0004857 secs] [Times: user=0,00 sys=0,00, real=0,00 secs] 
41,001: [GC (Allocation Failure) [PSYoungGen: 54336K->96K(53760K)] 56147K->1907K(228864K), 0,0004656 secs] [Times: user=0,00 sys=0,00, real=0,00 secs] 
41,040: [GC (Allocation Failure) [PSYoungGen: 53344K->64K(52736K)] 55155K->1875K(227840K), 0,0004687 secs] [Times: user=0,00 sys=0,00, real=0,00 secs] 
41,078: [GC (Allocation Failure) [PSYoungGen: 52288K->0K(51712K)] 54099K->1811K(226816K), 0,0003682 secs] [Times: user=0,00 sys=0,00, real=0,01 secs] 
41,116: [GC (Allocation Failure) [PSYoungGen: 51200K->64K(50688K)] 53011K->1875K(225792K), 0,0003668 secs] [Times: user=0,00 sys=0,00, real=0,00 secs] 
41,152: [GC (Allocation Failure) [PSYoungGen: 50240K->96K(49664K)] 52051K->1907K(224768K), 0,0003552 secs] [Times: user=0,00 sys=0,00, real=0,00 secs] 
41,188: [GC (Allocation Failure) [PSYoungGen: 49248K->64K(48640K)] 51059K->1875K(223744K), 0,0003580 secs] [Times: user=0,00 sys=0,00, real=0,00 secs] 
41,223: [GC (Allocation Failure) [PSYoungGen: 48192K->64K(48128K)] 50003K->1875K(223232K), 0,0003538 secs] [Times: user=0,01 sys=0,00, real=0,00 secs] 
41,258: [GC (Allocation Failure) [PSYoungGen: 47680K->64K(47616K)] 49491K->1875K(222720K), 0,0003613 secs] [Times: user=0,00 sys=0,00, real=0,00 secs] 
41,292: [GC (Allocation Failure) [PSYoungGen: 47168K->0K(47104K)] 48979K->1811K(222208K), 0,0004482 secs] [Times: user=0,00 sys=0,00, real=0,00 secs] 
41,326: [GC (Allocation Failure) [PSYoungGen: 46592K->96K(56832K)] 48403K->1907K(231936K), 0,0003699 secs] [Times: user=0,00 sys=0,00, real=0,00 secs] 
41,367: [GC (Allocation Failure) [PSYoungGen: 56416K->32K(55808K)] 58227K->1843K(230912K), 0,0003740 secs] [Times: user=0,00 sys=0,00, real=0,00 secs] 
41,407: [GC (Allocation Failure) [PSYoungGen: 55328K->96K(54784K)] 57139K->1907K(229888K), 0,0004035 secs] [Times: user=0,00 sys=0,00, real=0,00 secs] 
41,447: [GC (Allocation Failure) [PSYoungGen: 54368K->64K(53760K)] 56179K->1875K(228864K), 0,0003739 secs] [Times: user=0,00 sys=0,00, real=0,00 secs] 
41,486: [GC (Allocation Failure) [PSYoungGen: 53312K->64K(52736K)] 55123K->1875K(227840K), 0,0004913 secs] [Times: user=0,00 sys=0,00, real=0,00 secs] 
41,525: [GC (Allocation Failure) [PSYoungGen: 52288K->96K(63488K)] 54099K->1907K(238592K), 0,0004744 secs] [Times: user=0,00 sys=0,00, real=0,00 secs] 
41,570: [GC (Allocation Failure) [PSYoungGen: 63072K->96K(76288K)] 64883K->1907K(251392K), 0,0004683 secs] [Times: user=0,01 sys=0,00, real=0,00 secs] 
41,625: [GC (Allocation Failure) [PSYoungGen: 75872K->32K(74752K)] 77683K->1843K(249856K), 0,0004756 secs] [Times: user=0,00 sys=0,00, real=0,00 secs] 
41,679: [GC (Allocation Failure) [PSYoungGen: 74272K->64K(73216K)] 76083K->1875K(248320K), 0,0004705 secs] [Times: user=0,00 sys=0,00, real=0,00 secs] 
41,732: [GC (Allocation Failure) [PSYoungGen: 72768K->64K(71680K)] 74579K->1875K(246784K), 0,0004771 secs] [Times: user=0,00 sys=0,00, real=0,00 secs] 
41,784: [GC (Allocation Failure) [PSYoungGen: 71232K->96K(70144K)] 73043K->1907K(245248K), 0,0004609 secs] [Times: user=0,00 sys=0,00, real=0,00 secs] 
41,835: [GC (Allocation Failure) [PSYoungGen: 69728K->96K(68608K)] 71539K->1907K(243712K), 0,0004452 secs] [Times: user=0,00 sys=0,00, real=0,00 secs] 
41,884: [GC (Allocation Failure) [PSYoungGen: 68192K->96K(67072K)] 70003K->1907K(242176K), 0,0004579 secs] [Times: user=0,00 sys=0,00, real=0,00 secs] 
41,933: [GC (Allocation Failure) [PSYoungGen: 66656K->96K(65536K)] 68467K->1907K(240640K), 0,0004484 secs] [Times: user=0,00 sys=0,00, real=0,00 secs] 
41,980: [GC (Allocation Failure) [PSYoungGen: 65120K->96K(64000K)] 66931K->1907K(239104K), 0,0005033 secs] [Times: user=0,00 sys=0,00, real=0,00 secs] 
42,027: [GC (Allocation Failure) [PSYoungGen: 63584K->64K(62464K)] 65395K->1875K(237568K), 0,0004735 secs] [Times: user=0,01 sys=0,00, real=0,00 secs] 
42,072: [GC (Allocation Failure) [PSYoungGen: 62016K->64K(61440K)] 63827K->1875K(236544K), 0,0004554 secs] [Times: user=0,00 sys=0,00, real=0,00 secs] 
42,116: [GC (Allocation Failure) [PSYoungGen: 60992K->64K(60416K)] 62803K->1875K(235520K), 0,0004605 secs] [Times: user=0,01 sys=0,00, real=0,00 secs] 
42,160: [GC (Allocation Failure) [PSYoungGen: 59968K->64K(59392K)] 61779K->1875K(234496K), 0,0004499 secs] [Times: user=0,00 sys=0,00, real=0,00 secs] 
42,203: [GC (Allocation Failure) [PSYoungGen: 58944K->96K(58368K)] 60755K->1907K(233472K), 0,0003746 secs] [Times: user=0,00 sys=0,00, real=0,00 secs] 
42,245: [GC (Allocation Failure) [PSYoungGen: 57952K->64K(57344K)] 59763K->1875K(232448K), 0,0004476 secs] [Times: user=0,00 sys=0,00, real=0,00 secs] 
42,286: [GC (Allocation Failure) [PSYoungGen: 56896K->64K(56320K)] 58707K->1875K(231424K), 0,0004611 secs] [Times: user=0,00 sys=0,00, real=0,00 secs] 
42,327: [GC (Allocation Failure) [PSYoungGen: 55872K->96K(55296K)] 57683K->1907K(230400K), 0,0003771 secs] [Times: user=0,00 sys=0,00, real=0,00 secs] 
42,367: [GC (Allocation Failure) [PSYoungGen: 54880K->64K(54272K)] 56691K->1875K(229376K), 0,0003676 secs] [Times: user=0,00 sys=0,00, real=0,00 secs] 
42,406: [GC (Allocation Failure) [PSYoungGen: 53824K->128K(53248K)] 55635K->1939K(228352K), 0,0003602 secs] [Times: user=0,00 sys=0,00, real=0,00 secs] 
42,444: [GC (Allocation Failure) [PSYoungGen: 52864K->96K(52224K)] 54675K->1907K(227328K), 0,0003766 secs] [Times: user=0,01 sys=0,00, real=0,00 secs] 
42,482: [GC (Allocation Failure) [PSYoungGen: 51808K->64K(51200K)] 53619K->1875K(226304K), 0,0004829 secs] [Times: user=0,00 sys=0,00, real=0,00 secs] 
42,520: [GC (Allocation Failure) [PSYoungGen: 50751K->96K(50176K)] 52563K->1907K(225280K), 0,0003621 secs] [Times: user=0,00 sys=0,00, real=0,00 secs] 
42,556: [GC (Allocation Failure) [PSYoungGen: 49760K->64K(49152K)] 51571K->1875K(224256K), 0,0003504 secs] [Times: user=0,00 sys=0,00, real=0,00 secs] 
42,591: [GC (Allocation Failure) [PSYoungGen: 48704K->32K(48128K)] 50515K->1843K(223232K), 0,0003462 secs] [Times: user=0,00 sys=0,00, real=0,00 secs] 
42,626: [GC (Allocation Failure) [PSYoungGen: 47648K->96K(47616K)] 49459K->1907K(222720K), 0,0003340 secs] [Times: user=0,00 sys=0,00, real=0,00 secs] 
42,660: [GC (Allocation Failure) [PSYoungGen: 47200K->32K(47104K)] 49011K->1843K(222208K), 0,0003539 secs] [Times: user=0,00 sys=0,00, real=0,00 secs] 
42,694: [GC (Allocation Failure) [PSYoungGen: 46624K->96K(46592K)] 48435K->1907K(221696K), 0,0003776 secs] [Times: user=0,00 sys=0,00, real=0,00 secs] 
42,728: [GC (Allocation Failure) [PSYoungGen: 46176K->64K(46080K)] 47987K->1875K(221184K), 0,0003558 secs] [Times: user=0,00 sys=0,00, real=0,00 secs] 
42,761: [GC (Allocation Failure) [PSYoungGen: 45632K->0K(45568K)] 47443K->1811K(220672K), 0,0003509 secs] [Times: user=0,00 sys=0,00, real=0,00 secs] 
42,794: [GC (Allocation Failure) [PSYoungGen: 45056K->96K(45056K)] 46867K->1907K(220160K), 0,0003590 secs] [Times: user=0,00 sys=0,00, real=0,00 secs] 
42,826: [GC (Allocation Failure) [PSYoungGen: 44640K->96K(44544K)] 46451K->1907K(219648K), 0,0003570 secs] [Times: user=0,00 sys=0,00, real=0,00 secs] 
42,859: [GC (Allocation Failure) [PSYoungGen: 44128K->64K(44032K)] 45939K->1875K(219136K), 0,0003760 secs] [Times: user=0,00 sys=0,00, real=0,00 secs] 
42,890: [GC (Allocation Failure) [PSYoungGen: 43584K->96K(43520K)] 45395K->1907K(218624K), 0,0003498 secs] [Times: user=0,00 sys=0,00, real=0,00 secs] 
42,922: [GC (Allocation Failure) [PSYoungGen: 43104K->96K(52224K)] 44915K->1907K(227328K), 0,0003678 secs] [Times: user=0,00 sys=0,00, real=0,00 secs] 
42,960: [GC (Allocation Failure) [PSYoungGen: 51808K->64K(51200K)] 53619K->1875K(226304K), 0,0003675 secs] [Times: user=0,00 sys=0,00, real=0,00 secs] 
42,997: [GC (Allocation Failure) [PSYoungGen: 50752K->64K(61440K)] 52563K->1875K(236544K), 0,0004774 secs] [Times: user=0,00 sys=0,00, real=0,00 secs] 
43,041: [GC (Allocation Failure) [PSYoungGen: 60992K->64K(73728K)] 62803K->1875K(248832K), 0,0004707 secs] [Times: user=0,00 sys=0,00, real=0,00 secs] 
43,095: [GC (Allocation Failure) [PSYoungGen: 73280K->64K(72192K)] 75091K->1875K(247296K), 0,0004609 secs] [Times: user=0,00 sys=0,00, real=0,00 secs] 
43,147: [GC (Allocation Failure) [PSYoungGen: 71744K->64K(70656K)] 73555K->1875K(245760K), 0,0004725 secs] [Times: user=0,00 sys=0,00, real=0,00 secs] 
43,198: [GC (Allocation Failure) [PSYoungGen: 70208K->96K(69120K)] 72019K->1907K(244224K), 0,0004517 secs] [Times: user=0,00 sys=0,00, real=0,00 secs] 
43,248: [GC (Allocation Failure) [PSYoungGen: 68704K->32K(67584K)] 70515K->1843K(242688K), 0,0004988 secs] [Times: user=0,00 sys=0,00, real=0,01 secs] 
43,297: [GC (Allocation Failure) [PSYoungGen: 67104K->64K(66048K)] 68915K->1875K(241152K), 0,0005024 secs] [Times: user=0,00 sys=0,00, real=0,00 secs] 
43,345: [GC (Allocation Failure) [PSYoungGen: 65600K->64K(79360K)] 67411K->1875K(254464K), 0,0010209 secs] [Times: user=0,00 sys=0,00, real=0,00 secs] 
43,403: [GC (Allocation Failure) [PSYoungGen: 78912K->96K(95232K)] 80723K->1907K(270336K), 0,0004858 secs] [Times: user=0,00 sys=0,00, real=0,00 secs] 
43,472: [GC (Allocation Failure) [PSYoungGen: 94816K->96K(92672K)] 96627K->1907K(267776K), 0,0004881 secs] [Times: user=0,00 sys=0,00, real=0,00 secs] 
43,539: [GC (Allocation Failure) [PSYoungGen: 92256K->96K(90112K)] 94067K->1907K(265216K), 0,0004895 secs] [Times: user=0,00 sys=0,00, real=0,00 secs] 
43,604: [GC (Allocation Failure) [PSYoungGen: 89696K->64K(87552K)] 91507K->1875K(262656K), 0,0004593 secs] [Times: user=0,00 sys=0,00, real=0,00 secs] 
43,667: [GC (Allocation Failure) [PSYoungGen: 87104K->96K(85504K)] 88915K->1907K(260608K), 0,0004502 secs] [Times: user=0,00 sys=0,00, real=0,00 secs] 
43,729: [GC (Allocation Failure) [PSYoungGen: 85088K->32K(83456K)] 86899K->1843K(258560K), 0,0004814 secs] [Times: user=0,00 sys=0,00, real=0,00 secs] 
43,789: [GC (Allocation Failure) [PSYoungGen: 82976K->32K(81408K)] 84787K->1843K(256512K), 0,0004752 secs] [Times: user=0,00 sys=0,00, real=0,00 secs] 
43,848: [GC (Allocation Failure) [PSYoungGen: 80928K->64K(79360K)] 82739K->1875K(254464K), 0,0004621 secs] [Times: user=0,00 sys=0,00, real=0,00 secs] 
43,905: [GC (Allocation Failure) [PSYoungGen: 78912K->64K(77312K)] 80723K->1875K(252416K), 0,0004468 secs] [Times: user=0,00 sys=0,00, real=0,00 secs] 
43,961: [GC (Allocation Failure) [PSYoungGen: 76864K->96K(75264K)] 78675K->1907K(250368K), 0,0005403 secs] [Times: user=0,00 sys=0,00, real=0,00 secs] 
44,015: [GC (Allocation Failure) [PSYoungGen: 74848K->96K(73728K)] 76659K->1907K(248832K), 0,0005045 secs] [Times: user=0,00 sys=0,00, real=0,00 secs] 
44,069: [GC (Allocation Failure) [PSYoungGen: 73312K->64K(72192K)] 75123K->1875K(247296K), 0,0004470 secs] [Times: user=0,00 sys=0,00, real=0,00 secs] 
44,121: [GC (Allocation Failure) [PSYoungGen: 71744K->96K(70656K)] 73555K->1907K(245760K), 0,0004460 secs] [Times: user=0,00 sys=0,00, real=0,00 secs] 
44,172: [GC (Allocation Failure) [PSYoungGen: 70240K->96K(69120K)] 72051K->1907K(244224K), 0,0004562 secs] [Times: user=0,00 sys=0,00, real=0,00 secs] 
44,222: [GC (Allocation Failure) [PSYoungGen: 68704K->64K(67584K)] 70515K->1875K(242688K), 0,0004683 secs] [Times: user=0,00 sys=0,00, real=0,00 secs] 
44,270: [GC (Allocation Failure) [PSYoungGen: 67136K->96K(66048K)] 68947K->1907K(241152K), 0,0003609 secs] [Times: user=0,01 sys=0,01, real=0,00 secs] 
44,318: [GC (Allocation Failure) [PSYoungGen: 65632K->64K(64512K)] 67443K->1875K(239616K), 0,0004695 secs] [Times: user=0,00 sys=0,00, real=0,01 secs] 
44,365: [GC (Allocation Failure) [PSYoungGen: 64064K->128K(62976K)] 65875K->1939K(238080K), 0,0003474 secs] [Times: user=0,00 sys=0,00, real=0,00 secs] 
44,410: [GC (Allocation Failure) [PSYoungGen: 62592K->96K(61952K)] 64403K->1907K(237056K), 0,0006055 secs] [Times: user=0,00 sys=0,00, real=0,00 secs] 
44,455: [GC (Allocation Failure) [PSYoungGen: 61536K->96K(60928K)] 63347K->1907K(236032K), 0,0004632 secs] [Times: user=0,00 sys=0,00, real=0,00 secs] 
44,499: [GC (Allocation Failure) [PSYoungGen: 60512K->96K(59904K)] 62323K->1907K(235008K), 0,0004839 secs] [Times: user=0,00 sys=0,00, real=0,00 secs] 
44,542: [GC (Allocation Failure) [PSYoungGen: 59488K->96K(58880K)] 61299K->1907K(233984K), 0,0003506 secs] [Times: user=0,00 sys=0,00, real=0,00 secs] 
44,585: [GC (Allocation Failure) [PSYoungGen: 58464K->96K(57856K)] 60275K->1907K(232960K), 0,0003607 secs] [Times: user=0,00 sys=0,00, real=0,00 secs] 
44,627: [GC (Allocation Failure) [PSYoungGen: 57440K->96K(56832K)] 59251K->1907K(231936K), 0,0003479 secs] [Times: user=0,00 sys=0,00, real=0,00 secs] 
44,668: [GC (Allocation Failure) [PSYoungGen: 56416K->64K(55808K)] 58227K->1875K(230912K), 0,0003540 secs] [Times: user=0,01 sys=0,00, real=0,00 secs] 
44,708: [GC (Allocation Failure) [PSYoungGen: 55360K->96K(54784K)] 57171K->1907K(229888K), 0,0003497 secs] [Times: user=0,00 sys=0,00, real=0,00 secs] 
44,747: [GC (Allocation Failure) [PSYoungGen: 54368K->96K(53760K)] 56179K->1907K(228864K), 0,0003618 secs] [Times: user=0,01 sys=0,00, real=0,00 secs] 
44,786: [GC (Allocation Failure) [PSYoungGen: 53344K->96K(52736K)] 55155K->1907K(227840K), 0,0003504 secs] [Times: user=0,00 sys=0,00, real=0,00 secs] 
44,824: [GC (Allocation Failure) [PSYoungGen: 52320K->64K(51712K)] 54131K->1875K(226816K), 0,0003582 secs] [Times: user=0,00 sys=0,00, real=0,00 secs] 
44,861: [GC (Allocation Failure) [PSYoungGen: 51264K->128K(50688K)] 53075K->1939K(225792K), 0,0003515 secs] [Times: user=0,00 sys=0,00, real=0,00 secs] 
44,898: [GC (Allocation Failure) [PSYoungGen: 50304K->96K(49664K)] 52115K->1907K(224768K), 0,0003466 secs] [Times: user=0,00 sys=0,00, real=0,00 secs] 
44,934: [GC (Allocation Failure) [PSYoungGen: 49248K->96K(48640K)] 51059K->1907K(223744K), 0,0003402 secs] [Times: user=0,00 sys=0,00, real=0,00 secs] 
44,969: [GC (Allocation Failure) [PSYoungGen: 48224K->64K(48128K)] 50035K->1875K(223232K), 0,0004880 secs] [Times: user=0,00 sys=0,00, real=0,00 secs] 
45,004: [GC (Allocation Failure) [PSYoungGen: 47680K->64K(57856K)] 49491K->1875K(232960K), 0,0004692 secs] [Times: user=0,00 sys=0,00, real=0,00 secs] 
45,046: [GC (Allocation Failure) [PSYoungGen: 57408K->96K(69632K)] 59219K->1907K(244736K), 0,0004561 secs] [Times: user=0,00 sys=0,00, real=0,00 secs] 
45,096: [GC (Allocation Failure) [PSYoungGen: 69216K->96K(68096K)] 71027K->1907K(243200K), 0,0004455 secs] [Times: user=0,00 sys=0,00, real=0,00 secs] 
45,145: [GC (Allocation Failure) [PSYoungGen: 67680K->64K(66560K)] 69491K->1875K(241664K), 0,0004462 secs] [Times: user=0,00 sys=0,00, real=0,00 secs] 
45,193: [GC (Allocation Failure) [PSYoungGen: 66112K->96K(65024K)] 67923K->1907K(240128K), 0,0004530 secs] [Times: user=0,00 sys=0,00, real=0,00 secs] 
45,240: [GC (Allocation Failure) [PSYoungGen: 64608K->64K(63488K)] 66419K->1875K(238592K), 0,0004464 secs] [Times: user=0,00 sys=0,00, real=0,00 secs] 
45,286: [GC (Allocation Failure) [PSYoungGen: 63040K->96K(61952K)] 64851K->1907K(237056K), 0,0004558 secs] [Times: user=0,00 sys=0,00, real=0,00 secs] 
45,331: [GC (Allocation Failure) [PSYoungGen: 61536K->96K(60928K)] 63347K->1907K(236032K), 0,0004618 secs] [Times: user=0,00 sys=0,00, real=0,00 secs] 
45,375: [GC (Allocation Failure) [PSYoungGen: 60512K->96K(59904K)] 62323K->1907K(235008K), 0,0003487 secs] [Times: user=0,00 sys=0,00, real=0,00 secs] 
45,418: [GC (Allocation Failure) [PSYoungGen: 59488K->128K(58880K)] 61299K->1939K(233984K), 0,0003580 secs] [Times: user=0,00 sys=0,00, real=0,00 secs] 
45,460: [GC (Allocation Failure) [PSYoungGen: 58496K->96K(57856K)] 60307K->1907K(232960K), 0,0005238 secs] [Times: user=0,00 sys=0,00, real=0,00 secs] 
45,503: [GC (Allocation Failure) [PSYoungGen: 57440K->64K(56832K)] 59251K->1875K(231936K), 0,0004744 secs] [Times: user=0,00 sys=0,00, real=0,00 secs] 
45,544: [GC (Allocation Failure) [PSYoungGen: 56384K->32K(55808K)] 58195K->1843K(230912K), 0,0004373 secs] [Times: user=0,00 sys=0,00, real=0,00 secs] 
45,584: [GC (Allocation Failure) [PSYoungGen: 55328K->96K(54784K)] 57139K->1907K(229888K), 0,0003605 secs] [Times: user=0,00 sys=0,00, real=0,00 secs] 
45,623: [GC (Allocation Failure) [PSYoungGen: 54368K->64K(53760K)] 56179K->1875K(228864K), 0,0003521 secs] [Times: user=0,00 sys=0,00, real=0,00 secs] 
45,662: [GC (Allocation Failure) [PSYoungGen: 53312K->64K(52736K)] 55123K->1875K(227840K), 0,0003583 secs] [Times: user=0,00 sys=0,00, real=0,00 secs] 
45,700: [GC (Allocation Failure) [PSYoungGen: 52288K->96K(51712K)] 54099K->1907K(226816K), 0,0003486 secs] [Times: user=0,01 sys=0,00, real=0,00 secs] 
45,737: [GC (Allocation Failure) [PSYoungGen: 51296K->96K(50688K)] 53107K->1907K(225792K), 0,0003698 secs] [Times: user=0,00 sys=0,00, real=0,00 secs] 
45,774: [GC (Allocation Failure) [PSYoungGen: 50272K->96K(49664K)] 52083K->1907K(224768K), 0,0003463 secs] [Times: user=0,00 sys=0,00, real=0,00 secs] 
45,810: [GC (Allocation Failure) [PSYoungGen: 49248K->96K(48640K)] 51059K->1907K(223744K), 0,0003593 secs] [Times: user=0,00 sys=0,00, real=0,00 secs] 
45,845: [GC (Allocation Failure) [PSYoungGen: 48224K->128K(48128K)] 50035K->1939K(223232K), 0,0003597 secs] [Times: user=0,00 sys=0,00, real=0,00 secs] 
45,879: [GC (Allocation Failure) [PSYoungGen: 47744K->96K(47616K)] 49555K->1907K(222720K), 0,0003650 secs] [Times: user=0,00 sys=0,00, real=0,00 secs] 
45,914: [GC (Allocation Failure) [PSYoungGen: 47200K->96K(57344K)] 49011K->1907K(232448K), 0,0004725 secs] [Times: user=0,00 sys=0,00, real=0,00 secs] 
45,955: [GC (Allocation Failure) [PSYoungGen: 56928K->64K(69120K)] 58739K->1875K(244224K), 0,0004562 secs] [Times: user=0,00 sys=0,00, real=0,00 secs] 
46,005: [GC (Allocation Failure) [PSYoungGen: 68672K->64K(67584K)] 70483K->1875K(242688K), 0,0004792 secs] [Times: user=0,00 sys=0,00, real=0,00 secs] 
46,054: [GC (Allocation Failure) [PSYoungGen: 67136K->96K(66048K)] 68947K->1907K(241152K), 0,0004432 secs] [Times: user=0,00 sys=0,00, real=0,00 secs] 
46,102: [GC (Allocation Failure) [PSYoungGen: 65632K->64K(64512K)] 67443K->1875K(239616K), 0,0004470 secs] [Times: user=0,00 sys=0,00, real=0,00 secs] 
46,148: [GC (Allocation Failure) [PSYoungGen: 64064K->64K(62976K)] 65875K->1875K(238080K), 0,0004303 secs] [Times: user=0,00 sys=0,00, real=0,01 secs] 
46,194: [GC (Allocation Failure) [PSYoungGen: 62528K->96K(61952K)] 64339K->1907K(237056K), 0,0003603 secs] [Times: user=0,00 sys=0,00, real=0,00 secs] 
46,238: [GC (Allocation Failure) [PSYoungGen: 61536K->96K(60928K)] 63347K->1907K(236032K), 0,0004550 secs] [Times: user=0,00 sys=0,00, real=0,01 secs] 
46,282: [GC (Allocation Failure) [PSYoungGen: 60512K->96K(59904K)] 62323K->1907K(235008K), 0,0004496 secs] [Times: user=0,00 sys=0,00, real=0,00 secs] 
46,325: [GC (Allocation Failure) [PSYoungGen: 59488K->96K(58880K)] 61299K->1907K(233984K), 0,0003562 secs] [Times: user=0,00 sys=0,00, real=0,00 secs] 
46,368: [GC (Allocation Failure) [PSYoungGen: 58464K->128K(57856K)] 60275K->1939K(232960K), 0,0003507 secs] [Times: user=0,00 sys=0,00, real=0,00 secs] 
46,409: [GC (Allocation Failure) [PSYoungGen: 57472K->96K(56832K)] 59283K->1907K(231936K), 0,0003580 secs] [Times: user=0,00 sys=0,00, real=0,00 secs] 
46,450: [GC (Allocation Failure) [PSYoungGen: 56416K->128K(55808K)] 58227K->1939K(230912K), 0,0003483 secs] [Times: user=0,00 sys=0,00, real=0,00 secs] 
46,491: [GC (Allocation Failure) [PSYoungGen: 55424K->96K(54784K)] 57235K->1907K(229888K), 0,0004881 secs] [Times: user=0,00 sys=0,00, real=0,00 secs] 
46,531: [GC (Allocation Failure) [PSYoungGen: 54368K->64K(53760K)] 56179K->1875K(228864K), 0,0004514 secs] [Times: user=0,00 sys=0,00, real=0,00 secs] 
46,569: [GC (Allocation Failure) [PSYoungGen: 53312K->96K(52736K)] 55123K->1907K(227840K), 0,0003531 secs] [Times: user=0,00 sys=0,00, real=0,00 secs] 
46,607: [GC (Allocation Failure) [PSYoungGen: 52320K->64K(51712K)] 54131K->1875K(226816K), 0,0004523 secs] [Times: user=0,00 sys=0,00, real=0,00 secs] 
46,645: [GC (Allocation Failure) [PSYoungGen: 51264K->96K(50688K)] 53075K->1907K(225792K), 0,0003539 secs] [Times: user=0,00 sys=0,00, real=0,00 secs] 
46,681: [GC (Allocation Failure) [PSYoungGen: 50272K->96K(49664K)] 52083K->1907K(224768K), 0,0003689 secs] [Times: user=0,00 sys=0,00, real=0,00 secs] 
46,717: [GC (Allocation Failure) [PSYoungGen: 49248K->96K(48640K)] 51059K->1907K(223744K), 0,0003501 secs] [Times: user=0,00 sys=0,00, real=0,00 secs] 
46,752: [GC (Allocation Failure) [PSYoungGen: 48224K->96K(48128K)] 50035K->1907K(223232K), 0,0003706 secs] [Times: user=0,00 sys=0,00, real=0,00 secs] 
46,787: [GC (Allocation Failure) [PSYoungGen: 47712K->96K(47616K)] 49523K->1907K(222720K), 0,0003558 secs] [Times: user=0,00 sys=0,00, real=0,00 secs] 
46,821: [GC (Allocation Failure) [PSYoungGen: 47200K->64K(47104K)] 49011K->1875K(222208K), 0,0003609 secs] [Times: user=0,01 sys=0,00, real=0,00 secs] 
46,855: [GC (Allocation Failure) [PSYoungGen: 46656K->96K(46592K)] 48467K->1907K(221696K), 0,0003633 secs] [Times: user=0,00 sys=0,00, real=0,00 secs] 
46,889: [GC (Allocation Failure) [PSYoungGen: 46176K->96K(46080K)] 47987K->1907K(221184K), 0,0003706 secs] [Times: user=0,00 sys=0,00, real=0,00 secs] 
46,922: [GC (Allocation Failure) [PSYoungGen: 45664K->96K(45568K)] 47475K->1907K(220672K), 0,0003615 secs] [Times: user=0,00 sys=0,00, real=0,00 secs] 
46,955: [GC (Allocation Failure) [PSYoungGen: 45152K->64K(45056K)] 46963K->1875K(220160K), 0,0003429 secs] [Times: user=0,00 sys=0,00, real=0,00 secs] 
46,988: [GC (Allocation Failure) [PSYoungGen: 44608K->96K(54272K)] 46419K->1907K(229376K), 0,0004863 secs] [Times: user=0,00 sys=0,00, real=0,00 secs] 
47,027: [GC (Allocation Failure) [PSYoungGen: 53856K->64K(65024K)] 55667K->1875K(240128K), 0,0004445 secs] [Times: user=0,00 sys=0,00, real=0,00 secs] 
47,074: [GC (Allocation Failure) [PSYoungGen: 64576K->96K(63488K)] 66387K->1907K(238592K), 0,0003551 secs] [Times: user=0,00 sys=0,00, real=0,00 secs] 
47,119: [GC (Allocation Failure) [PSYoungGen: 63072K->96K(61952K)] 64883K->1907K(237056K), 0,0004431 secs] [Times: user=0,01 sys=0,00, real=0,00 secs] 
47,164: [GC (Allocation Failure) [PSYoungGen: 61536K->96K(60928K)] 63347K->1907K(236032K), 0,0004454 secs] [Times: user=0,00 sys=0,00, real=0,00 secs] 
47,208: [GC (Allocation Failure) [PSYoungGen: 60512K->64K(59904K)] 62323K->1875K(235008K), 0,0004417 secs] [Times: user=0,01 sys=0,01, real=0,01 secs] 
47,251: [GC (Allocation Failure) [PSYoungGen: 59456K->64K(58880K)] 61267K->1875K(233984K), 0,0003650 secs] [Times: user=0,00 sys=0,00, real=0,00 secs] 
47,294: [GC (Allocation Failure) [PSYoungGen: 58432K->96K(57856K)] 60243K->1907K(232960K), 0,0003687 secs] [Times: user=0,00 sys=0,00, real=0,00 secs] 
47,336: [GC (Allocation Failure) [PSYoungGen: 57440K->128K(56832K)] 59251K->1939K(231936K), 0,0003474 secs] [Times: user=0,00 sys=0,00, real=0,00 secs] 
47,376: [GC (Allocation Failure) [PSYoungGen: 56448K->64K(55808K)] 58259K->1875K(230912K), 0,0003519 secs] [Times: user=0,00 sys=0,00, real=0,00 secs] 
47,417: [GC (Allocation Failure) [PSYoungGen: 55360K->32K(54784K)] 57171K->1843K(229888K), 0,0004814 secs] [Times: user=0,01 sys=0,00, real=0,00 secs] 
47,457: [GC (Allocation Failure) [PSYoungGen: 54304K->64K(53760K)] 56115K->1875K(228864K), 0,0004601 secs] [Times: user=0,01 sys=0,00, real=0,00 secs] 
47,495: [GC (Allocation Failure) [PSYoungGen: 53312K->64K(52736K)] 55123K->1875K(227840K), 0,0003648 secs] [Times: user=0,00 sys=0,00, real=0,00 secs] 
47,533: [GC (Allocation Failure) [PSYoungGen: 52288K->96K(51712K)] 54099K->1907K(226816K), 0,0003732 secs] [Times: user=0,00 sys=0,00, real=0,00 secs] 
47,571: [GC (Allocation Failure) [PSYoungGen: 51296K->96K(50688K)] 53107K->1907K(225792K), 0,0003587 secs] [Times: user=0,00 sys=0,00, real=0,00 secs] 
47,607: [GC (Allocation Failure) [PSYoungGen: 50272K->64K(49664K)] 52083K->1875K(224768K), 0,0003568 secs] [Times: user=0,00 sys=0,00, real=0,00 secs] 
47,643: [GC (Allocation Failure) [PSYoungGen: 49216K->96K(48640K)] 51027K->1907K(223744K), 0,0003647 secs] [Times: user=0,00 sys=0,00, real=0,00 secs] 
47,678: [GC (Allocation Failure) [PSYoungGen: 48224K->96K(48128K)] 50035K->1907K(223232K), 0,0003515 secs] [Times: user=0,00 sys=0,00, real=0,00 secs] 
47,713: [GC (Allocation Failure) [PSYoungGen: 47712K->96K(47616K)] 49523K->1907K(222720K), 0,0003506 secs] [Times: user=0,00 sys=0,00, real=0,00 secs] 
47,747: [GC (Allocation Failure) [PSYoungGen: 47200K->64K(47104K)] 49011K->1875K(222208K), 0,0003533 secs] [Times: user=0,00 sys=0,00, real=0,00 secs] 
47,781: [GC (Allocation Failure) [PSYoungGen: 46656K->96K(46592K)] 48467K->1907K(221696K), 0,0003547 secs] [Times: user=0,00 sys=0,00, real=0,00 secs] 
47,814: [GC (Allocation Failure) [PSYoungGen: 46176K->32K(46080K)] 47987K->1843K(221184K), 0,0003580 secs] [Times: user=0,01 sys=0,00, real=0,00 secs] 
47,848: [GC (Allocation Failure) [PSYoungGen: 45600K->128K(45568K)] 47411K->1939K(220672K), 0,0003424 secs] [Times: user=0,00 sys=0,00, real=0,00 secs] 
47,880: [GC (Allocation Failure) [PSYoungGen: 45184K->96K(45056K)] 46995K->1907K(220160K), 0,0003510 secs] [Times: user=0,00 sys=0,00, real=0,00 secs] 
47,913: [GC (Allocation Failure) [PSYoungGen: 44640K->32K(44544K)] 46451K->1843K(219648K), 0,0003468 secs] [Times: user=0,00 sys=0,00, real=0,00 secs] 
47,945: [GC (Allocation Failure) [PSYoungGen: 44064K->96K(53760K)] 45875K->1907K(228864K), 0,0004854 secs] [Times: user=0,00 sys=0,00, real=0,00 secs] 
47,984: [GC (Allocation Failure) [PSYoungGen: 53344K->32K(64512K)] 55155K->1843K(239616K), 0,0004737 secs] [Times: user=0,00 sys=0,00, real=0,00 secs] 
48,031: [GC (Allocation Failure) [PSYoungGen: 64032K->64K(62976K)] 65843K->1875K(238080K), 0,0003645 secs] [Times: user=0,00 sys=0,00, real=0,00 secs] 
48,076: [GC (Allocation Failure) [PSYoungGen: 62528K->64K(61952K)] 64339K->1875K(237056K), 0,0003725 secs] [Times: user=0,00 sys=0,00, real=0,00 secs] 
48,121: [GC (Allocation Failure) [PSYoungGen: 61504K->96K(60928K)] 63315K->1907K(236032K), 0,0003668 secs] [Times: user=0,00 sys=0,00, real=0,00 secs] 
48,165: [GC (Allocation Failure) [PSYoungGen: 60512K->64K(59904K)] 62323K->1875K(235008K), 0,0003659 secs] [Times: user=0,00 sys=0,00, real=0,00 secs] 
48,208: [GC (Allocation Failure) [PSYoungGen: 59456K->64K(58880K)] 61267K->1875K(233984K), 0,0003685 secs] [Times: user=0,00 sys=0,00, real=0,00 secs] 
48,250: [GC (Allocation Failure) [PSYoungGen: 58432K->96K(57856K)] 60243K->1907K(232960K), 0,0003491 secs] [Times: user=0,00 sys=0,00, real=0,00 secs] 
48,292: [GC (Allocation Failure) [PSYoungGen: 57440K->96K(56832K)] 59251K->1907K(231936K), 0,0003669 secs] [Times: user=0,00 sys=0,00, real=0,00 secs] 
48,333: [GC (Allocation Failure) [PSYoungGen: 56416K->64K(55808K)] 58227K->1875K(230912K), 0,0004694 secs] [Times: user=0,00 sys=0,00, real=0,00 secs] 
48,373: [GC (Allocation Failure) [PSYoungGen: 55360K->128K(54784K)] 57171K->1939K(229888K), 0,0003551 secs] [Times: user=0,00 sys=0,00, real=0,00 secs] 
48,413: [GC (Allocation Failure) [PSYoungGen: 54400K->96K(53760K)] 56211K->1907K(228864K), 0,0003484 secs] [Times: user=0,00 sys=0,00, real=0,00 secs] 
48,451: [GC (Allocation Failure) [PSYoungGen: 53344K->96K(52736K)] 55155K->1907K(227840K), 0,0003329 secs] [Times: user=0,00 sys=0,00, real=0,00 secs] 
48,490: [GC (Allocation Failure) [PSYoungGen: 52320K->96K(51712K)] 54131K->1907K(226816K), 0,0004777 secs] [Times: user=0,01 sys=0,00, real=0,00 secs] 
48,527: [GC (Allocation Failure) [PSYoungGen: 51296K->64K(50688K)] 53107K->1875K(225792K), 0,0004591 secs] [Times: user=0,00 sys=0,00, real=0,00 secs] 
48,564: [GC (Allocation Failure) [PSYoungGen: 50240K->64K(49664K)] 52051K->1875K(224768K), 0,0003645 secs] [Times: user=0,00 sys=0,00, real=0,00 secs] 
48,600: [GC (Allocation Failure) [PSYoungGen: 49216K->96K(48640K)] 51027K->1907K(223744K), 0,0003538 secs] [Times: user=0,00 sys=0,00, real=0,00 secs] 
48,635: [GC (Allocation Failure) [PSYoungGen: 48224K->96K(48128K)] 50035K->1907K(223232K), 0,0003459 secs] [Times: user=0,00 sys=0,00, real=0,00 secs] 
48,669: [GC (Allocation Failure) [PSYoungGen: 47712K->96K(47616K)] 49523K->1907K(222720K), 0,0003661 secs] [Times: user=0,00 sys=0,00, real=0,00 secs] 
48,704: [GC (Allocation Failure) [PSYoungGen: 47200K->96K(57344K)] 49011K->1907K(232448K), 0,0004758 secs] [Times: user=0,00 sys=0,00, real=0,00 secs] 
48,746: [GC (Allocation Failure) [PSYoungGen: 56928K->64K(69120K)] 58739K->1875K(244224K), 0,0005032 secs] [Times: user=0,00 sys=0,00, real=0,00 secs] 
48,796: [GC (Allocation Failure) [PSYoungGen: 68672K->64K(67584K)] 70483K->1875K(242688K), 0,0004586 secs] [Times: user=0,00 sys=0,00, real=0,00 secs] 
48,845: [GC (Allocation Failure) [PSYoungGen: 67136K->96K(66048K)] 68947K->1907K(241152K), 0,0004368 secs] [Times: user=0,00 sys=0,00, real=0,00 secs] 
48,892: [GC (Allocation Failure) [PSYoungGen: 65632K->128K(64512K)] 67443K->1939K(239616K), 0,0004328 secs] [Times: user=0,00 sys=0,00, real=0,00 secs] 
48,939: [GC (Allocation Failure) [PSYoungGen: 64128K->96K(62976K)] 65939K->1907K(238080K), 0,0004852 secs] [Times: user=0,00 sys=0,00, real=0,00 secs] 
48,985: [GC (Allocation Failure) [PSYoungGen: 62560K->64K(61952K)] 64371K->1875K(237056K), 0,0004579 secs] [Times: user=0,00 sys=0,00, real=0,00 secs] 
49,029: [GC (Allocation Failure) [PSYoungGen: 61504K->0K(60928K)] 63315K->1811K(236032K), 0,0004437 secs] [Times: user=0,00 sys=0,00, real=0,00 secs] 
49,073: [GC (Allocation Failure) [PSYoungGen: 60416K->96K(59904K)] 62227K->1907K(235008K), 0,0004286 secs] [Times: user=0,00 sys=0,00, real=0,00 secs] 
49,117: [GC (Allocation Failure) [PSYoungGen: 59488K->128K(58880K)] 61299K->1939K(233984K), 0,0003560 secs] [Times: user=0,00 sys=0,00, real=0,00 secs] 
49,159: [GC (Allocation Failure) [PSYoungGen: 58496K->96K(57856K)] 60307K->1907K(232960K), 0,0003609 secs] [Times: user=0,00 sys=0,00, real=0,00 secs] 
49,201: [GC (Allocation Failure) [PSYoungGen: 57440K->96K(56832K)] 59251K->1907K(231936K), 0,0003573 secs] [Times: user=0,00 sys=0,00, real=0,00 secs] 
49,242: [GC (Allocation Failure) [PSYoungGen: 56416K->96K(55808K)] 58227K->1907K(230912K), 0,0003830 secs] [Times: user=0,00 sys=0,00, real=0,00 secs] 
49,282: [GC (Allocation Failure) [PSYoungGen: 55392K->96K(54784K)] 57203K->1907K(229888K), 0,0004569 secs] [Times: user=0,00 sys=0,00, real=0,00 secs] 
49,322: [GC (Allocation Failure) [PSYoungGen: 54368K->64K(53760K)] 56179K->1875K(228864K), 0,0003601 secs] [Times: user=0,00 sys=0,00, real=0,00 secs] 
49,360: [GC (Allocation Failure) [PSYoungGen: 53312K->96K(52736K)] 55123K->1907K(227840K), 0,0003607 secs] [Times: user=0,00 sys=0,00, real=0,00 secs] 
49,398: [GC (Allocation Failure) [PSYoungGen: 52320K->32K(51712K)] 54131K->1843K(226816K), 0,0003544 secs] [Times: user=0,00 sys=0,00, real=0,00 secs] 
49,436: [GC (Allocation Failure) [PSYoungGen: 51232K->96K(50688K)] 53043K->1907K(225792K), 0,0003558 secs] [Times: user=0,00 sys=0,00, real=0,00 secs] 
49,473: [GC (Allocation Failure) [PSYoungGen: 50272K->96K(49664K)] 52083K->1907K(224768K), 0,0004916 secs] [Times: user=0,01 sys=0,00, real=0,00 secs] 
49,508: [GC (Allocation Failure) [PSYoungGen: 49248K->64K(59904K)] 51059K->1875K(235008K), 0,0004617 secs] [Times: user=0,00 sys=0,00, real=0,00 secs] 
49,552: [GC (Allocation Failure) [PSYoungGen: 59456K->96K(58880K)] 61267K->1907K(233984K), 0,0003660 secs] [Times: user=0,01 sys=0,00, real=0,00 secs] 
49,594: [GC (Allocation Failure) [PSYoungGen: 58464K->96K(57856K)] 60275K->1907K(232960K), 0,0003694 secs] [Times: user=0,00 sys=0,00, real=0,00 secs] 
49,636: [GC (Allocation Failure) [PSYoungGen: 57440K->96K(56832K)] 59251K->1907K(231936K), 0,0003565 secs] [Times: user=0,00 sys=0,00, real=0,00 secs] 
49,677: [GC (Allocation Failure) [PSYoungGen: 56416K->96K(55808K)] 58227K->1907K(230912K), 0,0003493 secs] [Times: user=0,00 sys=0,00, real=0,00 secs] 
49,717: [GC (Allocation Failure) [PSYoungGen: 55392K->32K(54784K)] 57203K->1843K(229888K), 0,0003525 secs] [Times: user=0,00 sys=0,00, real=0,00 secs] 
49,756: [GC (Allocation Failure) [PSYoungGen: 54304K->96K(53760K)] 56115K->1907K(228864K), 0,0003731 secs] [Times: user=0,00 sys=0,00, real=0,00 secs] 
49,795: [GC (Allocation Failure) [PSYoungGen: 53344K->128K(52736K)] 55155K->1939K(227840K), 0,0003594 secs] [Times: user=0,00 sys=0,00, real=0,00 secs] 
49,833: [GC (Allocation Failure) [PSYoungGen: 52352K->0K(51712K)] 54163K->1811K(226816K), 0,0003412 secs] [Times: user=0,00 sys=0,00, real=0,00 secs] 
49,870: [GC (Allocation Failure) [PSYoungGen: 51200K->96K(50688K)] 53011K->1907K(225792K), 0,0003562 secs] [Times: user=0,00 sys=0,00, real=0,00 secs] 
49,907: [GC (Allocation Failure) [PSYoungGen: 50272K->96K(49664K)] 52083K->1907K(224768K), 0,0003484 secs] [Times: user=0,00 sys=0,00, real=0,00 secs] 
49,942: [GC (Allocation Failure) [PSYoungGen: 49248K->96K(48640K)] 51059K->1907K(223744K), 0,0003370 secs] [Times: user=0,00 sys=0,00, real=0,00 secs] 
49,978: [GC (Allocation Failure) [PSYoungGen: 48224K->64K(48128K)] 50035K->1875K(223232K), 0,0004820 secs] [Times: user=0,00 sys=0,00, real=0,01 secs] 
50,016: [GC (Allocation Failure) [PSYoungGen: 47680K->96K(57856K)] 49491K->1907K(232960K), 0,0004763 secs] [Times: user=0,00 sys=0,00, real=0,00 secs] 
50,058: [GC (Allocation Failure) [PSYoungGen: 57440K->64K(56832K)] 59251K->1875K(231936K), 0,0003833 secs] [Times: user=0,00 sys=0,00, real=0,00 secs] 
50,099: [GC (Allocation Failure) [PSYoungGen: 56384K->64K(55808K)] 58195K->1875K(230912K), 0,0003641 secs] [Times: user=0,00 sys=0,01, real=0,00 secs] 
50,139: [GC (Allocation Failure) [PSYoungGen: 55360K->96K(54784K)] 57171K->1907K(229888K), 0,0003647 secs] [Times: user=0,00 sys=0,00, real=0,00 secs] 
50,178: [GC (Allocation Failure) [PSYoungGen: 54368K->64K(53760K)] 56179K->1875K(228864K), 0,0003650 secs] [Times: user=0,00 sys=0,00, real=0,00 secs] 
50,217: [GC (Allocation Failure) [PSYoungGen: 53312K->96K(52736K)] 55123K->1907K(227840K), 0,0003484 secs] [Times: user=0,00 sys=0,00, real=0,00 secs] 
50,258: [GC (Allocation Failure) [PSYoungGen: 52320K->96K(51712K)] 54131K->1907K(226816K), 0,0004920 secs] [Times: user=0,01 sys=0,00, real=0,00 secs] 
50,297: [GC (Allocation Failure) [PSYoungGen: 51296K->96K(50688K)] 53107K->1931K(225792K), 0,0005039 secs] [Times: user=0,01 sys=0,00, real=0,00 secs] 
50,334: [GC (Allocation Failure) [PSYoungGen: 50272K->32K(60928K)] 52107K->1867K(236032K), 0,0004704 secs] [Times: user=0,00 sys=0,00, real=0,00 secs] 
50,378: [GC (Allocation Failure) [PSYoungGen: 60448K->64K(73216K)] 62283K->1899K(248320K), 0,0004487 secs] [Times: user=0,00 sys=0,00, real=0,01 secs] 
50,431: [GC (Allocation Failure) [PSYoungGen: 72768K->96K(71680K)] 74603K->1931K(246784K), 0,0004642 secs] [Times: user=0,00 sys=0,00, real=0,00 secs] 
50,483: [GC (Allocation Failure) [PSYoungGen: 71264K->96K(70144K)] 73099K->1931K(245248K), 0,0004862 secs] [Times: user=0,00 sys=0,00, real=0,00 secs] 
50,534: [GC (Allocation Failure) [PSYoungGen: 69728K->32K(68608K)] 71563K->1867K(243712K), 0,0004889 secs] [Times: user=0,00 sys=0,00, real=0,00 secs] 
50,584: [GC (Allocation Failure) [PSYoungGen: 68128K->64K(67072K)] 69963K->1899K(242176K), 0,0004696 secs] [Times: user=0,00 sys=0,00, real=0,00 secs] 
50,632: [GC (Allocation Failure) [PSYoungGen: 66624K->96K(65536K)] 68459K->1931K(240640K), 0,0004648 secs] [Times: user=0,00 sys=0,00, real=0,00 secs] 
50,679: [GC (Allocation Failure) [PSYoungGen: 65120K->96K(64000K)] 66955K->1931K(239104K), 0,0004509 secs] [Times: user=0,00 sys=0,00, real=0,00 secs] 
50,726: [GC (Allocation Failure) [PSYoungGen: 63584K->64K(62464K)] 65419K->1899K(237568K), 0,0004518 secs] [Times: user=0,00 sys=0,00, real=0,00 secs] 
50,771: [GC (Allocation Failure) [PSYoungGen: 62016K->64K(61440K)] 63851K->1899K(236544K), 0,0004795 secs] [Times: user=0,00 sys=0,00, real=0,00 secs] 
50,815: [GC (Allocation Failure) [PSYoungGen: 60992K->96K(60416K)] 62827K->1931K(235520K), 0,0004517 secs] [Times: user=0,00 sys=0,00, real=0,00 secs] 
50,859: [GC (Allocation Failure) [PSYoungGen: 60000K->64K(59392K)] 61835K->1899K(234496K), 0,0004509 secs] [Times: user=0,00 sys=0,00, real=0,00 secs] 
50,902: [GC (Allocation Failure) [PSYoungGen: 58944K->96K(58368K)] 60779K->1931K(233472K), 0,0004537 secs] [Times: user=0,00 sys=0,00, real=0,00 secs] 
50,944: [GC (Allocation Failure) [PSYoungGen: 57952K->128K(57344K)] 59787K->1963K(232448K), 0,0003685 secs] [Times: user=0,00 sys=0,00, real=0,00 secs] 
50,986: [GC (Allocation Failure) [PSYoungGen: 56960K->32K(56320K)] 58795K->1867K(231424K), 0,0004949 secs] [Times: user=0,00 sys=0,00, real=0,00 secs] 
51,027: [GC (Allocation Failure) [PSYoungGen: 55840K->64K(55296K)] 57675K->1899K(230400K), 0,0004771 secs] [Times: user=0,00 sys=0,00, real=0,00 secs] 
51,067: [GC (Allocation Failure) [PSYoungGen: 54848K->96K(54272K)] 56683K->1931K(229376K), 0,0004482 secs] [Times: user=0,00 sys=0,00, real=0,00 secs] 
51,106: [GC (Allocation Failure) [PSYoungGen: 53856K->64K(65024K)] 55691K->1899K(240128K), 0,0004502 secs] [Times: user=0,00 sys=0,00, real=0,00 secs] 
51,153: [GC (Allocation Failure) [PSYoungGen: 64576K->64K(63488K)] 66411K->1899K(238592K), 0,0004571 secs] [Times: user=0,00 sys=0,00, real=0,00 secs] 
51,198: [GC (Allocation Failure) [PSYoungGen: 63040K->64K(61952K)] 64875K->1899K(237056K), 0,0004484 secs] [Times: user=0,00 sys=0,00, real=0,00 secs] 
51,243: [GC (Allocation Failure) [PSYoungGen: 61504K->96K(60928K)] 63339K->1931K(236032K), 0,0004504 secs] [Times: user=0,00 sys=0,00, real=0,00 secs] 
51,287: [GC (Allocation Failure) [PSYoungGen: 60512K->64K(59904K)] 62347K->1899K(235008K), 0,0004800 secs] [Times: user=0,00 sys=0,00, real=0,00 secs] 
51,331: [GC (Allocation Failure) [PSYoungGen: 59456K->64K(58880K)] 61291K->1899K(233984K), 0,0004623 secs] [Times: user=0,00 sys=0,00, real=0,00 secs] 
51,373: [GC (Allocation Failure) [PSYoungGen: 58432K->96K(57856K)] 60267K->1931K(232960K), 0,0004557 secs] [Times: user=0,00 sys=0,00, real=0,00 secs] 
51,415: [GC (Allocation Failure) [PSYoungGen: 57440K->96K(56832K)] 59275K->1931K(231936K), 0,0003614 secs] [Times: user=0,00 sys=0,00, real=0,00 secs] 
51,456: [GC (Allocation Failure) [PSYoungGen: 56416K->32K(55808K)] 58251K->1867K(230912K), 0,0003752 secs] [Times: user=0,00 sys=0,00, real=0,00 secs] 
51,497: [GC (Allocation Failure) [PSYoungGen: 55328K->64K(54784K)] 57163K->1899K(229888K), 0,0004889 secs] [Times: user=0,00 sys=0,00, real=0,00 secs] 
51,537: [GC (Allocation Failure) [PSYoungGen: 54336K->64K(66048K)] 56171K->1899K(241152K), 0,0009782 secs] [Times: user=0,01 sys=0,00, real=0,00 secs] 
51,585: [GC (Allocation Failure) [PSYoungGen: 65600K->96K(79360K)] 67435K->1931K(254464K), 0,0017208 secs] [Times: user=0,00 sys=0,00, real=0,00 secs] 
51,644: [GC (Allocation Failure) [PSYoungGen: 78944K->96K(95232K)] 80779K->1931K(270336K), 0,0004819 secs] [Times: user=0,00 sys=0,00, real=0,00 secs] 
51,713: [GC (Allocation Failure) [PSYoungGen: 94816K->64K(92672K)] 96651K->1899K(267776K), 0,0004736 secs] [Times: user=0,00 sys=0,00, real=0,00 secs] 
51,780: [GC (Allocation Failure) [PSYoungGen: 92224K->96K(90112K)] 94059K->1931K(265216K), 0,0005044 secs] [Times: user=0,00 sys=0,00, real=0,00 secs] 
51,850: [GC (Allocation Failure) [PSYoungGen: 89696K->32K(87552K)] 91531K->1867K(262656K), 0,0004887 secs] [Times: user=0,00 sys=0,00, real=0,00 secs] 
51,913: [GC (Allocation Failure) [PSYoungGen: 87072K->96K(85504K)] 88907K->1931K(260608K), 0,0004729 secs] [Times: user=0,00 sys=0,00, real=0,00 secs] 
51,975: [GC (Allocation Failure) [PSYoungGen: 85088K->96K(83456K)] 86923K->1931K(258560K), 0,0004919 secs] [Times: user=0,00 sys=0,00, real=0,00 secs] 
52,036: [GC (Allocation Failure) [PSYoungGen: 83040K->32K(81408K)] 84875K->1867K(256512K), 0,0005001 secs] [Times: user=0,01 sys=0,00, real=0,00 secs] 
52,095: [GC (Allocation Failure) [PSYoungGen: 80928K->96K(79360K)] 82763K->1931K(254464K), 0,0004724 secs] [Times: user=0,00 sys=0,00, real=0,00 secs] 
52,152: [GC (Allocation Failure) [PSYoungGen: 78944K->64K(77312K)] 80779K->1899K(252416K), 0,0004782 secs] [Times: user=0,00 sys=0,00, real=0,00 secs] 
52,208: [GC (Allocation Failure) [PSYoungGen: 76864K->64K(75264K)] 78699K->1899K(250368K), 0,0004563 secs] [Times: user=0,00 sys=0,00, real=0,00 secs] 
52,262: [GC (Allocation Failure) [PSYoungGen: 74816K->96K(73728K)] 76651K->1931K(248832K), 0,0004665 secs] [Times: user=0,00 sys=0,00, real=0,00 secs] 
52,315: [GC (Allocation Failure) [PSYoungGen: 73312K->32K(72192K)] 75147K->1867K(247296K), 0,0004946 secs] [Times: user=0,00 sys=0,00, real=0,00 secs] 
52,367: [GC (Allocation Failure) [PSYoungGen: 71712K->64K(70656K)] 73547K->1899K(245760K), 0,0004674 secs] [Times: user=0,00 sys=0,00, real=0,00 secs] 
52,419: [GC (Allocation Failure) [PSYoungGen: 70208K->96K(69120K)] 72043K->1931K(244224K), 0,0004851 secs] [Times: user=0,00 sys=0,00, real=0,00 secs] 
52,469: [GC (Allocation Failure) [PSYoungGen: 68704K->64K(67584K)] 70539K->1899K(242688K), 0,0005042 secs] [Times: user=0,00 sys=0,00, real=0,00 secs] 
52,518: [GC (Allocation Failure) [PSYoungGen: 67136K->64K(66048K)] 68971K->1899K(241152K), 0,0004786 secs] [Times: user=0,00 sys=0,00, real=0,01 secs] 
52,566: [GC (Allocation Failure) [PSYoungGen: 65600K->64K(64512K)] 67435K->1899K(239616K), 0,0004672 secs] [Times: user=0,00 sys=0,00, real=0,00 secs] 
52,612: [GC (Allocation Failure) [PSYoungGen: 64064K->64K(62976K)] 65899K->1899K(238080K), 0,0004473 secs] [Times: user=0,00 sys=0,00, real=0,00 secs] 
52,658: [GC (Allocation Failure) [PSYoungGen: 62528K->96K(61952K)] 64363K->1931K(237056K), 0,0004628 secs] [Times: user=0,00 sys=0,01, real=0,00 secs] 
52,702: [GC (Allocation Failure) [PSYoungGen: 61536K->64K(60928K)] 63371K->1899K(236032K), 0,0004512 secs] [Times: user=0,00 sys=0,00, real=0,00 secs] 
52,746: [GC (Allocation Failure) [PSYoungGen: 60480K->96K(59904K)] 62315K->1931K(235008K), 0,0004605 secs] [Times: user=0,00 sys=0,00, real=0,00 secs] 
52,790: [GC (Allocation Failure) [PSYoungGen: 59488K->96K(58880K)] 61323K->1931K(233984K), 0,0004862 secs] [Times: user=0,01 sys=0,00, real=0,00 secs] 
52,832: [GC (Allocation Failure) [PSYoungGen: 58464K->96K(57856K)] 60299K->1931K(232960K), 0,0004598 secs] [Times: user=0,00 sys=0,00, real=0,00 secs] 
52,874: [GC (Allocation Failure) [PSYoungGen: 57440K->96K(56832K)] 59275K->1931K(231936K), 0,0003759 secs] [Times: user=0,00 sys=0,00, real=0,00 secs] 
52,915: [GC (Allocation Failure) [PSYoungGen: 56416K->96K(55808K)] 58251K->1931K(230912K), 0,0004587 secs] [Times: user=0,00 sys=0,00, real=0,00 secs] 
52,956: [GC (Allocation Failure) [PSYoungGen: 55392K->96K(54784K)] 57227K->1931K(229888K), 0,0003714 secs] [Times: user=0,00 sys=0,00, real=0,00 secs] 
52,996: [GC (Allocation Failure) [PSYoungGen: 54368K->96K(53760K)] 56203K->1931K(228864K), 0,0004925 secs] [Times: user=0,00 sys=0,00, real=0,00 secs] 
53,035: [GC (Allocation Failure) [PSYoungGen: 53344K->96K(52736K)] 55179K->1931K(227840K), 0,0004716 secs] [Times: user=0,00 sys=0,00, real=0,00 secs] 
53,073: [GC (Allocation Failure) [PSYoungGen: 52320K->64K(51712K)] 54155K->1899K(226816K), 0,0003607 secs] [Times: user=0,00 sys=0,00, real=0,00 secs] 
53,110: [GC (Allocation Failure) [PSYoungGen: 51264K->64K(50688K)] 53099K->1899K(225792K), 0,0003712 secs] [Times: user=0,00 sys=0,00, real=0,00 secs] 
53,147: [GC (Allocation Failure) [PSYoungGen: 50240K->96K(49664K)] 52075K->1931K(224768K), 0,0003785 secs] [Times: user=0,00 sys=0,00, real=0,00 secs] 
53,182: [GC (Allocation Failure) [PSYoungGen: 49248K->96K(48640K)] 51083K->1931K(223744K), 0,0003640 secs] [Times: user=0,00 sys=0,00, real=0,00 secs] 
53,218: [GC (Allocation Failure) [PSYoungGen: 48224K->96K(48128K)] 50059K->1931K(223232K), 0,0003734 secs] [Times: user=0,00 sys=0,00, real=0,00 secs] 
53,253: [GC (Allocation Failure) [PSYoungGen: 47712K->64K(57856K)] 49547K->1899K(232960K), 0,0004827 secs] [Times: user=0,00 sys=0,00, real=0,00 secs] 
53,295: [GC (Allocation Failure) [PSYoungGen: 57408K->96K(69632K)] 59243K->1931K(244736K), 0,0004972 secs] [Times: user=0,00 sys=0,00, real=0,00 secs] 
53,346: [GC (Allocation Failure) [PSYoungGen: 69216K->64K(83456K)] 71051K->1899K(258560K), 0,0007027 secs] [Times: user=0,01 sys=0,00, real=0,00 secs] 
53,406: [GC (Allocation Failure) [PSYoungGen: 83008K->64K(81408K)] 84843K->1899K(256512K), 0,0004703 secs] [Times: user=0,01 sys=0,00, real=0,00 secs] 
53,465: [GC (Allocation Failure) [PSYoungGen: 80960K->32K(79360K)] 82795K->1867K(254464K), 0,0005107 secs] [Times: user=0,01 sys=0,00, real=0,00 secs] 
53,522: [GC (Allocation Failure) [PSYoungGen: 78880K->96K(77312K)] 80715K->1931K(252416K), 0,0004680 secs] [Times: user=0,00 sys=0,00, real=0,00 secs] 
53,578: [GC (Allocation Failure) [PSYoungGen: 76896K->96K(75264K)] 78731K->1931K(250368K), 0,0004689 secs] [Times: user=0,00 sys=0,00, real=0,00 secs] 
53,633: [GC (Allocation Failure) [PSYoungGen: 74848K->32K(73728K)] 76683K->1867K(248832K), 0,0004315 secs] [Times: user=0,00 sys=0,00, real=0,00 secs] 
53,686: [GC (Allocation Failure) [PSYoungGen: 73248K->96K(72192K)] 75083K->1931K(247296K), 0,0004771 secs] [Times: user=0,00 sys=0,00, real=0,00 secs] 
53,738: [GC (Allocation Failure) [PSYoungGen: 71776K->64K(70656K)] 73611K->1899K(245760K), 0,0004576 secs] [Times: user=0,00 sys=0,00, real=0,01 secs] 
53,789: [GC (Allocation Failure) [PSYoungGen: 70208K->64K(69120K)] 72043K->1899K(244224K), 0,0004952 secs] [Times: user=0,00 sys=0,00, real=0,00 secs] 
53,839: [GC (Allocation Failure) [PSYoungGen: 68672K->96K(67584K)] 70507K->1931K(242688K), 0,0003618 secs] [Times: user=0,00 sys=0,00, real=0,00 secs] 
53,888: [GC (Allocation Failure) [PSYoungGen: 67167K->64K(66048K)] 69003K->1899K(241152K), 0,0004752 secs] [Times: user=0,00 sys=0,00, real=0,01 secs] 
53,936: [GC (Allocation Failure) [PSYoungGen: 65600K->96K(64512K)] 67435K->1931K(239616K), 0,0004748 secs] [Times: user=0,00 sys=0,00, real=0,00 secs] 
53,983: [GC (Allocation Failure) [PSYoungGen: 64096K->64K(62976K)] 65931K->1899K(238080K), 0,0005331 secs] [Times: user=0,00 sys=0,00, real=0,00 secs] 
54,028: [GC (Allocation Failure) [PSYoungGen: 62528K->96K(61952K)] 64363K->1931K(237056K), 0,0004784 secs] [Times: user=0,00 sys=0,00, real=0,00 secs] 
54,073: [GC (Allocation Failure) [PSYoungGen: 61536K->96K(60928K)] 63371K->1931K(236032K), 0,0004411 secs] [Times: user=0,00 sys=0,00, real=0,00 secs] 
54,117: [GC (Allocation Failure) [PSYoungGen: 60512K->128K(59904K)] 62347K->1963K(235008K), 0,0003493 secs] [Times: user=0,00 sys=0,00, real=0,00 secs] 
54,160: [GC (Allocation Failure) [PSYoungGen: 59520K->128K(58880K)] 61355K->1963K(233984K), 0,0003724 secs] [Times: user=0,01 sys=0,00, real=0,00 secs] 
54,203: [GC (Allocation Failure) [PSYoungGen: 58496K->128K(57856K)] 60331K->1963K(232960K), 0,0003698 secs] [Times: user=0,00 sys=0,00, real=0,00 secs] 
54,244: [GC (Allocation Failure) [PSYoungGen: 57472K->96K(56832K)] 59307K->1931K(231936K), 0,0003530 secs] [Times: user=0,00 sys=0,00, real=0,00 secs] 
54,285: [GC (Allocation Failure) [PSYoungGen: 56416K->96K(55808K)] 58251K->1931K(230912K), 0,0003782 secs] [Times: user=0,00 sys=0,00, real=0,00 secs] 
54,325: [GC (Allocation Failure) [PSYoungGen: 55392K->64K(54784K)] 57227K->1899K(229888K), 0,0003734 secs] [Times: user=0,00 sys=0,00, real=0,00 secs] 
54,365: [GC (Allocation Failure) [PSYoungGen: 54336K->96K(53760K)] 56171K->1931K(228864K), 0,0003676 secs] [Times: user=0,00 sys=0,00, real=0,00 secs] 
54,404: [GC (Allocation Failure) [PSYoungGen: 53344K->96K(52736K)] 55179K->1931K(227840K), 0,0003443 secs] [Times: user=0,00 sys=0,00, real=0,00 secs] 
54,442: [GC (Allocation Failure) [PSYoungGen: 52320K->0K(51712K)] 54155K->1835K(226816K), 0,0003444 secs] [Times: user=0,00 sys=0,00, real=0,00 secs] 
54,479: [GC (Allocation Failure) [PSYoungGen: 51200K->96K(50688K)] 53035K->1931K(225792K), 0,0004937 secs] [Times: user=0,00 sys=0,00, real=0,00 secs] 
54,516: [GC (Allocation Failure) [PSYoungGen: 50272K->64K(49664K)] 52107K->1899K(224768K), 0,0004783 secs] [Times: user=0,00 sys=0,00, real=0,00 secs] 
54,552: [GC (Allocation Failure) [PSYoungGen: 49216K->96K(59904K)] 51051K->1931K(235008K), 0,0004682 secs] [Times: user=0,00 sys=0,00, real=0,00 secs] 
54,596: [GC (Allocation Failure) [PSYoungGen: 59488K->64K(72192K)] 61323K->1899K(247296K), 0,0004635 secs] [Times: user=0,00 sys=0,00, real=0,00 secs] 
54,648: [GC (Allocation Failure) [PSYoungGen: 71744K->64K(70656K)] 73579K->1899K(245760K), 0,0004681 secs] [Times: user=0,00 sys=0,00, real=0,01 secs] 
54,699: [GC (Allocation Failure) [PSYoungGen: 70208K->96K(69120K)] 72043K->1931K(244224K), 0,0004524 secs] [Times: user=0,00 sys=0,00, real=0,00 secs] 
54,749: [GC (Allocation Failure) [PSYoungGen: 68704K->96K(67584K)] 70539K->1931K(242688K), 0,0004651 secs] [Times: user=0,00 sys=0,00, real=0,00 secs] 
54,797: [GC (Allocation Failure) [PSYoungGen: 67168K->96K(66048K)] 69003K->1931K(241152K), 0,0004712 secs] [Times: user=0,00 sys=0,00, real=0,00 secs] 
54,845: [GC (Allocation Failure) [PSYoungGen: 65632K->96K(64512K)] 67467K->1931K(239616K), 0,0004510 secs] [Times: user=0,01 sys=0,00, real=0,00 secs] 
54,891: [GC (Allocation Failure) [PSYoungGen: 64096K->64K(62976K)] 65931K->1899K(238080K), 0,0004493 secs] [Times: user=0,00 sys=0,00, real=0,00 secs] 
54,937: [GC (Allocation Failure) [PSYoungGen: 62528K->64K(61952K)] 64363K->1899K(237056K), 0,0004902 secs] [Times: user=0,00 sys=0,00, real=0,00 secs] 
54,982: [GC (Allocation Failure) [PSYoungGen: 61504K->64K(60928K)] 63339K->1899K(236032K), 0,0004749 secs] [Times: user=0,00 sys=0,00, real=0,00 secs] 
55,026: [GC (Allocation Failure) [PSYoungGen: 60480K->64K(59904K)] 62315K->1899K(235008K), 0,0004753 secs] [Times: user=0,00 sys=0,00, real=0,00 secs] 
55,069: [GC (Allocation Failure) [PSYoungGen: 59456K->96K(58880K)] 61291K->1931K(233984K), 0,0004640 secs] [Times: user=0,00 sys=0,00, real=0,00 secs] 
55,112: [GC (Allocation Failure) [PSYoungGen: 58464K->64K(57856K)] 60299K->1899K(232960K), 0,0004237 secs] [Times: user=0,00 sys=0,00, real=0,00 secs] 
55,154: [GC (Allocation Failure) [PSYoungGen: 57408K->96K(56832K)] 59243K->1931K(231936K), 0,0003657 secs] [Times: user=0,00 sys=0,00, real=0,00 secs] 
55,194: [GC (Allocation Failure) [PSYoungGen: 56416K->64K(55808K)] 58251K->1899K(230912K), 0,0003439 secs] [Times: user=0,00 sys=0,00, real=0,00 secs] 
55,235: [GC (Allocation Failure) [PSYoungGen: 55360K->96K(54784K)] 57195K->1931K(229888K), 0,0003670 secs] [Times: user=0,00 sys=0,00, real=0,00 secs] 
55,274: [GC (Allocation Failure) [PSYoungGen: 54368K->64K(53760K)] 56203K->1899K(228864K), 0,0003599 secs] [Times: user=0,00 sys=0,00, real=0,00 secs] 
55,313: [GC (Allocation Failure) [PSYoungGen: 53312K->64K(52736K)] 55147K->1899K(227840K), 0,0004796 secs] [Times: user=0,00 sys=0,00, real=0,00 secs] 
55,351: [GC (Allocation Failure) [PSYoungGen: 52288K->64K(51712K)] 54123K->1899K(226816K), 0,0003463 secs] [Times: user=0,01 sys=0,00, real=0,00 secs] 
55,389: [GC (Allocation Failure) [PSYoungGen: 51264K->96K(50688K)] 53099K->1931K(225792K), 0,0003747 secs] [Times: user=0,00 sys=0,00, real=0,00 secs] 
55,425: [GC (Allocation Failure) [PSYoungGen: 50272K->64K(49664K)] 52107K->1899K(224768K), 0,0003428 secs] [Times: user=0,00 sys=0,00, real=0,00 secs] 
55,461: [GC (Allocation Failure) [PSYoungGen: 49216K->96K(48640K)] 51051K->1931K(223744K), 0,0004849 secs] [Times: user=0,00 sys=0,00, real=0,00 secs] 
55,497: [GC (Allocation Failure) [PSYoungGen: 48224K->96K(48128K)] 50059K->1931K(223232K), 0,0003959 secs] [Times: user=0,00 sys=0,00, real=0,00 secs] 
55,532: [GC (Allocation Failure) [PSYoungGen: 47712K->64K(47616K)] 49547K->1899K(222720K), 0,0003827 secs] [Times: user=0,00 sys=0,00, real=0,00 secs] 
55,566: [GC (Allocation Failure) [PSYoungGen: 47168K->64K(47104K)] 49003K->1899K(222208K), 0,0003600 secs] [Times: user=0,00 sys=0,00, real=0,00 secs] 
55,600: [GC (Allocation Failure) [PSYoungGen: 46656K->96K(46592K)] 48491K->1931K(221696K), 0,0003500 secs] [Times: user=0,01 sys=0,00, real=0,00 secs] 
55,634: [GC (Allocation Failure) [PSYoungGen: 46176K->96K(46080K)] 48011K->1931K(221184K), 0,0003517 secs] [Times: user=0,00 sys=0,00, real=0,00 secs] 
55,667: [GC (Allocation Failure) [PSYoungGen: 45664K->96K(45568K)] 47499K->1931K(220672K), 0,0003652 secs] [Times: user=0,00 sys=0,00, real=0,00 secs] 
55,700: [GC (Allocation Failure) [PSYoungGen: 45152K->128K(45056K)] 46987K->1963K(220160K), 0,0003452 secs] [Times: user=0,00 sys=0,00, real=0,00 secs] 
55,732: [GC (Allocation Failure) [PSYoungGen: 44672K->128K(44544K)] 46507K->1963K(219648K), 0,0003447 secs] [Times: user=0,00 sys=0,00, real=0,00 secs] 
55,764: [GC (Allocation Failure) [PSYoungGen: 44160K->96K(44032K)] 45995K->1931K(219136K), 0,0003640 secs] [Times: user=0,00 sys=0,00, real=0,00 secs] 
55,796: [GC (Allocation Failure) [PSYoungGen: 43616K->64K(43520K)] 45451K->1899K(218624K), 0,0003527 secs] [Times: user=0,00 sys=0,00, real=0,00 secs] 
55,827: [GC (Allocation Failure) [PSYoungGen: 43072K->128K(52224K)] 44907K->1963K(227328K), 0,0003612 secs] [Times: user=0,00 sys=0,00, real=0,00 secs] 
55,865: [GC (Allocation Failure) [PSYoungGen: 51840K->128K(51200K)] 53675K->1963K(226304K), 0,0003464 secs] [Times: user=0,00 sys=0,00, real=0,00 secs] 
55,902: [GC (Allocation Failure) [PSYoungGen: 50816K->96K(50176K)] 52651K->1931K(225280K), 0,0003600 secs] [Times: user=0,00 sys=0,00, real=0,00 secs] 
55,938: [GC (Allocation Failure) [PSYoungGen: 49760K->32K(49152K)] 51595K->1867K(224256K), 0,0003446 secs] [Times: user=0,01 sys=0,00, real=0,01 secs] 
55,974: [GC (Allocation Failure) [PSYoungGen: 48672K->96K(58880K)] 50507K->1931K(233984K), 0,0004951 secs] [Times: user=0,00 sys=0,00, real=0,00 secs] 
56,016: [GC (Allocation Failure) [PSYoungGen: 58464K->64K(70656K)] 60299K->1899K(245760K), 0,0004714 secs] [Times: user=0,00 sys=0,00, real=0,00 secs] 
56,068: [GC (Allocation Failure) [PSYoungGen: 70208K->96K(69120K)] 72043K->1931K(244224K), 0,0004669 secs] [Times: user=0,00 sys=0,00, real=0,00 secs] 
56,117: [GC (Allocation Failure) [PSYoungGen: 68704K->64K(67584K)] 70539K->1899K(242688K), 0,0004498 secs] [Times: user=0,00 sys=0,00, real=0,00 secs] 
56,166: [GC (Allocation Failure) [PSYoungGen: 67136K->64K(66048K)] 68971K->1899K(241152K), 0,0004517 secs] [Times: user=0,01 sys=0,00, real=0,00 secs] 
56,214: [GC (Allocation Failure) [PSYoungGen: 65600K->64K(64512K)] 67435K->1899K(239616K), 0,0004435 secs] [Times: user=0,00 sys=0,00, real=0,00 secs] 
56,260: [GC (Allocation Failure) [PSYoungGen: 64064K->64K(62976K)] 65899K->1899K(238080K), 0,0003592 secs] [Times: user=0,00 sys=0,00, real=0,00 secs] 
56,306: [GC (Allocation Failure) [PSYoungGen: 62528K->96K(61952K)] 64363K->1931K(237056K), 0,0004823 secs] [Times: user=0,00 sys=0,00, real=0,00 secs] 
56,351: [GC (Allocation Failure) [PSYoungGen: 61536K->96K(60928K)] 63371K->1931K(236032K), 0,0004672 secs] [Times: user=0,00 sys=0,00, real=0,00 secs] 
56,394: [GC (Allocation Failure) [PSYoungGen: 60512K->0K(59904K)] 62347K->1835K(235008K), 0,0004488 secs] [Times: user=0,01 sys=0,00, real=0,00 secs] 
56,438: [GC (Allocation Failure) [PSYoungGen: 59392K->64K(58880K)] 61227K->1899K(233984K), 0,0004943 secs] [Times: user=0,00 sys=0,00, real=0,00 secs] 
56,481: [GC (Allocation Failure) [PSYoungGen: 58432K->64K(57856K)] 60267K->1899K(232960K), 0,0004831 secs] [Times: user=0,00 sys=0,00, real=0,00 secs] 
56,523: [GC (Allocation Failure) [PSYoungGen: 57408K->96K(56832K)] 59243K->1931K(231936K), 0,0004514 secs] [Times: user=0,01 sys=0,00, real=0,00 secs] 
56,564: [GC (Allocation Failure) [PSYoungGen: 56416K->96K(55808K)] 58251K->1931K(230912K), 0,0003563 secs] [Times: user=0,00 sys=0,00, real=0,00 secs] 
56,604: [GC (Allocation Failure) [PSYoungGen: 55392K->96K(54784K)] 57227K->1931K(229888K), 0,0003629 secs] [Times: user=0,00 sys=0,00, real=0,00 secs] 
56,643: [GC (Allocation Failure) [PSYoungGen: 54368K->96K(53760K)] 56203K->1931K(228864K), 0,0003596 secs] [Times: user=0,00 sys=0,00, real=0,00 secs] 
56,682: [GC (Allocation Failure) [PSYoungGen: 53344K->96K(52736K)] 55179K->1931K(227840K), 0,0003642 secs] [Times: user=0,01 sys=0,00, real=0,00 secs] 
56,720: [GC (Allocation Failure) [PSYoungGen: 52320K->64K(51712K)] 54155K->1899K(226816K), 0,0003759 secs] [Times: user=0,00 sys=0,00, real=0,00 secs] 
56,757: [GC (Allocation Failure) [PSYoungGen: 51264K->64K(50688K)] 53099K->1899K(225792K), 0,0003610 secs] [Times: user=0,00 sys=0,00, real=0,00 secs] 
56,794: [GC (Allocation Failure) [PSYoungGen: 50240K->96K(49664K)] 52075K->1931K(224768K), 0,0003570 secs] [Times: user=0,00 sys=0,00, real=0,00 secs] 
56,830: [GC (Allocation Failure) [PSYoungGen: 49248K->64K(48640K)] 51083K->1899K(223744K), 0,0003569 secs] [Times: user=0,00 sys=0,00, real=0,00 secs] 
56,865: [GC (Allocation Failure) [PSYoungGen: 48192K->96K(48128K)] 50027K->1931K(223232K), 0,0003483 secs] [Times: user=0,00 sys=0,00, real=0,00 secs] 
56,899: [GC (Allocation Failure) [PSYoungGen: 47712K->96K(47616K)] 49547K->1931K(222720K), 0,0003549 secs] [Times: user=0,00 sys=0,00, real=0,00 secs] 
56,934: [GC (Allocation Failure) [PSYoungGen: 47200K->32K(57344K)] 49035K->1867K(232448K), 0,0005201 secs] [Times: user=0,00 sys=0,00, real=0,00 secs] 
56,976: [GC (Allocation Failure) [PSYoungGen: 56864K->64K(69120K)] 58699K->1899K(244224K), 0,0004575 secs] [Times: user=0,00 sys=0,00, real=0,00 secs] 
57,026: [GC (Allocation Failure) [PSYoungGen: 68672K->64K(82944K)] 70507K->1899K(258048K), 0,0009155 secs] [Times: user=0,00 sys=0,00, real=0,00 secs] 
57,086: [GC (Allocation Failure) [PSYoungGen: 82496K->64K(99840K)] 84331K->1899K(274944K), 0,0004861 secs] [Times: user=0,00 sys=0,00, real=0,00 secs] 
57,158: [GC (Allocation Failure) [PSYoungGen: 99392K->96K(97280K)] 101227K->1931K(272384K), 0,0004591 secs] [Times: user=0,01 sys=0,00, real=0,01 secs] 
57,228: [GC (Allocation Failure) [PSYoungGen: 96864K->32K(94720K)] 98699K->1867K(269824K), 0,0004435 secs] [Times: user=0,01 sys=0,00, real=0,01 secs] 
57,296: [GC (Allocation Failure) [PSYoungGen: 94240K->64K(92160K)] 96075K->1899K(267264K), 0,0004914 secs] [Times: user=0,00 sys=0,00, real=0,00 secs] 
57,363: [GC (Allocation Failure) [PSYoungGen: 91712K->64K(89600K)] 93547K->1899K(264704K), 0,0004741 secs] [Times: user=0,00 sys=0,00, real=0,00 secs] 
57,427: [GC (Allocation Failure) [PSYoungGen: 89152K->64K(87040K)] 90987K->1899K(262144K), 0,0004812 secs] [Times: user=0,00 sys=0,00, real=0,00 secs] 
57,491: [GC (Allocation Failure) [PSYoungGen: 86592K->96K(84992K)] 88427K->1931K(260096K), 0,0005013 secs] [Times: user=0,00 sys=0,00, real=0,00 secs] 
57,552: [GC (Allocation Failure) [PSYoungGen: 84576K->64K(82944K)] 86411K->1899K(258048K), 0,0004835 secs] [Times: user=0,00 sys=0,00, real=0,00 secs] 
57,612: [GC (Allocation Failure) [PSYoungGen: 82496K->96K(80896K)] 84331K->1931K(256000K), 0,0004509 secs] [Times: user=0,00 sys=0,00, real=0,00 secs] 
57,670: [GC (Allocation Failure) [PSYoungGen: 80480K->64K(78848K)] 82315K->1899K(253952K), 0,0004447 secs] [Times: user=0,00 sys=0,00, real=0,00 secs] 
57,727: [GC (Allocation Failure) [PSYoungGen: 78400K->96K(76800K)] 80235K->1931K(251904K), 0,0004364 secs] [Times: user=0,00 sys=0,00, real=0,00 secs] 
57,782: [GC (Allocation Failure) [PSYoungGen: 76384K->32K(74752K)] 78219K->1867K(249856K), 0,0004860 secs] [Times: user=0,00 sys=0,00, real=0,00 secs] 
57,836: [GC (Allocation Failure) [PSYoungGen: 74272K->96K(73216K)] 76107K->1931K(248320K), 0,0003733 secs] [Times: user=0,00 sys=0,00, real=0,00 secs] 
57,889: [GC (Allocation Failure) [PSYoungGen: 72800K->64K(71680K)] 74635K->1899K(246784K), 0,0003569 secs] [Times: user=0,00 sys=0,00, real=0,00 secs] 
57,941: [GC (Allocation Failure) [PSYoungGen: 71232K->96K(70144K)] 73067K->1931K(245248K), 0,0005001 secs] [Times: user=0,00 sys=0,00, real=0,00 secs] 
57,992: [GC (Allocation Failure) [PSYoungGen: 69728K->32K(68608K)] 71563K->1867K(243712K), 0,0004754 secs] [Times: user=0,00 sys=0,00, real=0,00 secs] 
58,041: [GC (Allocation Failure) [PSYoungGen: 68128K->64K(67072K)] 69963K->1899K(242176K), 0,0004706 secs] [Times: user=0,00 sys=0,00, real=0,00 secs] 
58,090: [GC (Allocation Failure) [PSYoungGen: 66624K->96K(65536K)] 68459K->1931K(240640K), 0,0004478 secs] [Times: user=0,00 sys=0,00, real=0,00 secs] 
58,137: [GC (Allocation Failure) [PSYoungGen: 65120K->96K(64000K)] 66955K->1931K(239104K), 0,0004486 secs] [Times: user=0,00 sys=0,00, real=0,00 secs] 
58,183: [GC (Allocation Failure) [PSYoungGen: 63584K->64K(62464K)] 65419K->1899K(237568K), 0,0003611 secs] [Times: user=0,00 sys=0,00, real=0,00 secs] 
58,228: [GC (Allocation Failure) [PSYoungGen: 62016K->96K(61440K)] 63851K->1931K(236544K), 0,0003704 secs] [Times: user=0,00 sys=0,01, real=0,00 secs] 
58,272: [GC (Allocation Failure) [PSYoungGen: 61024K->96K(60416K)] 62859K->1931K(235520K), 0,0003655 secs] [Times: user=0,00 sys=0,00, real=0,00 secs] 
58,316: [GC (Allocation Failure) [PSYoungGen: 60000K->64K(59392K)] 61835K->1899K(234496K), 0,0004871 secs] [Times: user=0,00 sys=0,00, real=0,00 secs] 
58,359: [GC (Allocation Failure) [PSYoungGen: 58944K->64K(58368K)] 60779K->1899K(233472K), 0,0003673 secs] [Times: user=0,00 sys=0,00, real=0,00 secs] 
58,401: [GC (Allocation Failure) [PSYoungGen: 57920K->96K(57344K)] 59755K->1931K(232448K), 0,0003477 secs] [Times: user=0,00 sys=0,00, real=0,00 secs] 
58,443: [GC (Allocation Failure) [PSYoungGen: 56928K->64K(56320K)] 58763K->1899K(231424K), 0,0004956 secs] [Times: user=0,00 sys=0,00, real=0,00 secs] 
58,483: [GC (Allocation Failure) [PSYoungGen: 55872K->96K(55296K)] 57707K->1931K(230400K), 0,0004579 secs] [Times: user=0,00 sys=0,00, real=0,00 secs] 
58,523: [GC (Allocation Failure) [PSYoungGen: 54880K->128K(54272K)] 56715K->1963K(229376K), 0,0004420 secs] [Times: user=0,00 sys=0,00, real=0,00 secs] 
58,563: [GC (Allocation Failure) [PSYoungGen: 53888K->64K(53248K)] 55723K->1899K(228352K), 0,0003678 secs] [Times: user=0,00 sys=0,00, real=0,00 secs] 
58,601: [GC (Allocation Failure) [PSYoungGen: 52800K->96K(52224K)] 54635K->1931K(227328K), 0,0003670 secs] [Times: user=0,00 sys=0,00, real=0,00 secs] 
58,638: [GC (Allocation Failure) [PSYoungGen: 51808K->96K(51200K)] 53643K->1931K(226304K), 0,0003599 secs] [Times: user=0,00 sys=0,00, real=0,00 secs] 
58,675: [GC (Allocation Failure) [PSYoungGen: 50783K->96K(50176K)] 52619K->1931K(225280K), 0,0003499 secs] [Times: user=0,00 sys=0,00, real=0,00 secs] 
58,711: [GC (Allocation Failure) [PSYoungGen: 49760K->64K(49152K)] 51595K->1899K(224256K), 0,0003576 secs] [Times: user=0,00 sys=0,00, real=0,00 secs] 
58,747: [GC (Allocation Failure) [PSYoungGen: 48704K->96K(48128K)] 50539K->1931K(223232K), 0,0003484 secs] [Times: user=0,00 sys=0,00, real=0,00 secs] 
58,781: [GC (Allocation Failure) [PSYoungGen: 47712K->128K(47616K)] 49547K->1963K(222720K), 0,0003652 secs] [Times: user=0,00 sys=0,00, real=0,00 secs] 
58,816: [GC (Allocation Failure) [PSYoungGen: 47232K->32K(47104K)] 49067K->1867K(222208K), 0,0003608 secs] [Times: user=0,00 sys=0,00, real=0,00 secs] 
58,850: [GC (Allocation Failure) [PSYoungGen: 46624K->96K(46592K)] 48459K->1931K(221696K), 0,0003438 secs] [Times: user=0,00 sys=0,00, real=0,00 secs] 
58,883: [GC (Allocation Failure) [PSYoungGen: 46176K->32K(46080K)] 48011K->1867K(221184K), 0,0003388 secs] [Times: user=0,00 sys=0,00, real=0,00 secs] 
58,920: [GC (Allocation Failure) [PSYoungGen: 45600K->0K(45568K)] 47435K->1835K(220672K), 0,0003604 secs] [Times: user=0,00 sys=0,00, real=0,00 secs] 
58,953: [GC (Allocation Failure) [PSYoungGen: 45056K->96K(45056K)] 46891K->1931K(220160K), 0,0003521 secs] [Times: user=0,00 sys=0,00, real=0,00 secs] 
58,986: [GC (Allocation Failure) [PSYoungGen: 44640K->64K(54272K)] 46475K->1899K(229376K), 0,0005016 secs] [Times: user=0,01 sys=0,00, real=0,00 secs] 
59,025: [GC (Allocation Failure) [PSYoungGen: 53824K->96K(65024K)] 55659K->1931K(240128K), 0,0004625 secs] [Times: user=0,01 sys=0,00, real=0,00 secs] 
59,072: [GC (Allocation Failure) [PSYoungGen: 64608K->96K(78336K)] 66443K->1931K(253440K), 0,0004469 secs] [Times: user=0,00 sys=0,00, real=0,00 secs] 
59,128: [GC (Allocation Failure) [PSYoungGen: 77920K->64K(76288K)] 79755K->1899K(251392K), 0,0004439 secs] [Times: user=0,00 sys=0,00, real=0,00 secs] 
59,184: [GC (Allocation Failure) [PSYoungGen: 75840K->64K(74752K)] 77675K->1899K(249856K), 0,0004560 secs] [Times: user=0,00 sys=0,00, real=0,00 secs] 
59,237: [GC (Allocation Failure) [PSYoungGen: 74304K->32K(73216K)] 76139K->1867K(248320K), 0,0004637 secs] [Times: user=0,00 sys=0,00, real=0,00 secs] 
59,290: [GC (Allocation Failure) [PSYoungGen: 72736K->64K(71680K)] 74571K->1899K(246784K), 0,0004792 secs] [Times: user=0,00 sys=0,00, real=0,00 secs] 
59,342: [GC (Allocation Failure) [PSYoungGen: 71232K->96K(70144K)] 73067K->1931K(245248K), 0,0004597 secs] [Times: user=0,00 sys=0,00, real=0,00 secs] 
59,393: [GC (Allocation Failure) [PSYoungGen: 69728K->96K(68608K)] 71563K->1931K(243712K), 0,0004554 secs] [Times: user=0,01 sys=0,00, real=0,00 secs] 
59,443: [GC (Allocation Failure) [PSYoungGen: 68192K->64K(67072K)] 70027K->1907K(242176K), 0,0005338 secs] [Times: user=0,01 sys=0,00, real=0,00 secs] 
59,491: [GC (Allocation Failure) [PSYoungGen: 66624K->96K(65536K)] 68467K->1939K(240640K), 0,0004599 secs] [Times: user=0,00 sys=0,00, real=0,00 secs] 
59,539: [GC (Allocation Failure) [PSYoungGen: 65120K->96K(64000K)] 66963K->1939K(239104K), 0,0004719 secs] [Times: user=0,00 sys=0,00, real=0,00 secs] 
59,585: [GC (Allocation Failure) [PSYoungGen: 63584K->96K(62464K)] 65427K->1939K(237568K), 0,0004419 secs] [Times: user=0,00 sys=0,00, real=0,00 secs] 
59,630: [GC (Allocation Failure) [PSYoungGen: 62048K->64K(61440K)] 63891K->1907K(236544K), 0,0004453 secs] [Times: user=0,00 sys=0,00, real=0,00 secs] 
59,674: [GC (Allocation Failure) [PSYoungGen: 60992K->64K(60416K)] 62835K->1907K(235520K), 0,0003747 secs] [Times: user=0,00 sys=0,00, real=0,00 secs] 
59,718: [GC (Allocation Failure) [PSYoungGen: 59968K->96K(59392K)] 61811K->1939K(234496K), 0,0003580 secs] [Times: user=0,00 sys=0,00, real=0,01 secs] 
59,760: [GC (Allocation Failure) [PSYoungGen: 58976K->96K(58368K)] 60819K->1939K(233472K), 0,0003734 secs] [Times: user=0,00 sys=0,00, real=0,00 secs] 
59,803: [GC (Allocation Failure) [PSYoungGen: 57952K->96K(57344K)] 59795K->1939K(232448K), 0,0003728 secs] [Times: user=0,00 sys=0,00, real=0,00 secs] 
59,844: [GC (Allocation Failure) [PSYoungGen: 56928K->128K(56320K)] 58771K->1971K(231424K), 0,0003511 secs] [Times: user=0,00 sys=0,00, real=0,00 secs] 
59,884: [GC (Allocation Failure) [PSYoungGen: 55936K->96K(55296K)] 57779K->1939K(230400K), 0,0003517 secs] [Times: user=0,00 sys=0,00, real=0,00 secs] 
59,924: [GC (Allocation Failure) [PSYoungGen: 54880K->96K(54272K)] 56723K->1939K(229376K), 0,0003568 secs] [Times: user=0,00 sys=0,00, real=0,00 secs] 
59,964: [GC (Allocation Failure) [PSYoungGen: 53856K->64K(53248K)] 55699K->1907K(228352K), 0,0005073 secs] [Times: user=0,00 sys=0,00, real=0,00 secs] 
60,002: [GC (Allocation Failure) [PSYoungGen: 52800K->64K(52224K)] 54643K->1907K(227328K), 0,0004823 secs] [Times: user=0,00 sys=0,00, real=0,00 secs] 
60,040: [GC (Allocation Failure) [PSYoungGen: 51776K->64K(51200K)] 53619K->1907K(226304K), 0,0004577 secs] [Times: user=0,00 sys=0,00, real=0,00 secs] 
60,077: [GC (Allocation Failure) [PSYoungGen: 50752K->64K(50176K)] 52595K->1907K(225280K), 0,0003432 secs] [Times: user=0,00 sys=0,00, real=0,00 secs] 
60,113: [GC (Allocation Failure) [PSYoungGen: 49728K->64K(49152K)] 51571K->1907K(224256K), 0,0003623 secs] [Times: user=0,00 sys=0,00, real=0,00 secs] 
60,149: [GC (Allocation Failure) [PSYoungGen: 48704K->96K(48128K)] 50547K->1939K(223232K), 0,0003468 secs] [Times: user=0,00 sys=0,00, real=0,00 secs] 
60,183: [GC (Allocation Failure) [PSYoungGen: 47712K->96K(47616K)] 49555K->1939K(222720K), 0,0003543 secs] [Times: user=0,00 sys=0,00, real=0,00 secs] 
60,218: [GC (Allocation Failure) [PSYoungGen: 47200K->96K(47104K)] 49043K->1939K(222208K), 0,0003560 secs] [Times: user=0,00 sys=0,00, real=0,01 secs] 
60,256: [GC (Allocation Failure) [PSYoungGen: 46688K->160K(56832K)] 48531K->2003K(231936K), 0,0004960 secs] [Times: user=0,01 sys=0,00, real=0,00 secs] 
60,299: [GC (Allocation Failure) [PSYoungGen: 56480K->96K(68096K)] 58323K->1971K(243200K), 0,0005321 secs] [Times: user=0,00 sys=0,00, real=0,00 secs] 
60,349: [GC (Allocation Failure) [PSYoungGen: 67680K->64K(66560K)] 69555K->1939K(241664K), 0,0004939 secs] [Times: user=0,00 sys=0,00, real=0,00 secs] 
60,397: [GC (Allocation Failure) [PSYoungGen: 66112K->64K(65024K)] 67987K->1939K(240128K), 0,0004843 secs] [Times: user=0,00 sys=0,00, real=0,00 secs] 
60,444: [GC (Allocation Failure) [PSYoungGen: 64576K->64K(63488K)] 66451K->1939K(238592K), 0,0004560 secs] [Times: user=0,01 sys=0,00, real=0,00 secs] 
60,490: [GC (Allocation Failure) [PSYoungGen: 63040K->32K(61952K)] 64915K->1907K(237056K), 0,0005028 secs] [Times: user=0,00 sys=0,00, real=0,00 secs] 
60,535: [GC (Allocation Failure) [PSYoungGen: 61472K->64K(60928K)] 63347K->1939K(236032K), 0,0004843 secs] [Times: user=0,00 sys=0,00, real=0,00 secs] 
60,579: [GC (Allocation Failure) [PSYoungGen: 60480K->64K(59904K)] 62355K->1939K(235008K), 0,0004811 secs] [Times: user=0,00 sys=0,00, real=0,00 secs] 
60,623: [GC (Allocation Failure) [PSYoungGen: 59456K->64K(58880K)] 61331K->1939K(233984K), 0,0004688 secs] [Times: user=0,01 sys=0,00, real=0,00 secs] 
60,665: [GC (Allocation Failure) [PSYoungGen: 58432K->64K(57856K)] 60307K->1939K(232960K), 0,0003615 secs] [Times: user=0,00 sys=0,00, real=0,00 secs] 
60,707: [GC (Allocation Failure) [PSYoungGen: 57408K->64K(56832K)] 59283K->1939K(231936K), 0,0003741 secs] [Times: user=0,00 sys=0,00, real=0,00 secs] 
60,750: [GC (Allocation Failure) [PSYoungGen: 56384K->64K(55808K)] 58259K->1939K(230912K), 0,0005558 secs] [Times: user=0,00 sys=0,00, real=0,00 secs] 
60,791: [GC (Allocation Failure) [PSYoungGen: 55360K->96K(54784K)] 57235K->1971K(229888K), 0,0004692 secs] [Times: user=0,00 sys=0,00, real=0,00 secs] 
60,830: [GC (Allocation Failure) [PSYoungGen: 54368K->64K(66048K)] 56243K->1939K(241152K), 0,0009572 secs] [Times: user=0,01 sys=0,00, real=0,00 secs] 
60,879: [GC (Allocation Failure) [PSYoungGen: 65600K->64K(79360K)] 67475K->1939K(254464K), 0,0005014 secs] [Times: user=0,00 sys=0,00, real=0,00 secs] 
60,936: [GC (Allocation Failure) [PSYoungGen: 78911K->64K(95232K)] 80787K->1939K(270336K), 0,0004756 secs] [Times: user=0,00 sys=0,00, real=0,00 secs] 
61,006: [GC (Allocation Failure) [PSYoungGen: 94784K->96K(92672K)] 96659K->1971K(267776K), 0,0004933 secs] [Times: user=0,00 sys=0,00, real=0,00 secs] 
61,072: [GC (Allocation Failure) [PSYoungGen: 92256K->96K(90112K)] 94131K->1971K(265216K), 0,0004959 secs] [Times: user=0,00 sys=0,00, real=0,00 secs] 
61,137: [GC (Allocation Failure) [PSYoungGen: 89696K->96K(87552K)] 91571K->1971K(262656K), 0,0004802 secs] [Times: user=0,00 sys=0,00, real=0,00 secs] 
61,201: [GC (Allocation Failure) [PSYoungGen: 87136K->64K(85504K)] 89011K->1939K(260608K), 0,0004804 secs] [Times: user=0,00 sys=0,00, real=0,00 secs] 
61,262: [GC (Allocation Failure) [PSYoungGen: 85056K->64K(83456K)] 86931K->1939K(258560K), 0,0004787 secs] [Times: user=0,00 sys=0,00, real=0,00 secs] 
61,323: [GC (Allocation Failure) [PSYoungGen: 83008K->96K(81408K)] 84883K->1971K(256512K), 0,0004935 secs] [Times: user=0,00 sys=0,00, real=0,00 secs] 
61,381: [GC (Allocation Failure) [PSYoungGen: 80992K->64K(79360K)] 82867K->1939K(254464K), 0,0004854 secs] [Times: user=0,00 sys=0,00, real=0,00 secs] 
61,439: [GC (Allocation Failure) [PSYoungGen: 78912K->96K(77312K)] 80787K->1971K(252416K), 0,0004759 secs] [Times: user=0,00 sys=0,00, real=0,00 secs] 
61,495: [GC (Allocation Failure) [PSYoungGen: 76896K->96K(75264K)] 78771K->1971K(250368K), 0,0005550 secs] [Times: user=0,00 sys=0,00, real=0,00 secs] 
61,550: [GC (Allocation Failure) [PSYoungGen: 74848K->64K(73728K)] 76723K->1939K(248832K), 0,0004938 secs] [Times: user=0,00 sys=0,00, real=0,00 secs] 
61,603: [GC (Allocation Failure) [PSYoungGen: 73280K->96K(72192K)] 75155K->1971K(247296K), 0,0004668 secs] [Times: user=0,00 sys=0,00, real=0,00 secs] 
61,655: [GC (Allocation Failure) [PSYoungGen: 71776K->96K(70656K)] 73651K->1971K(245760K), 0,0004703 secs] [Times: user=0,01 sys=0,00, real=0,00 secs] 
61,706: [GC (Allocation Failure) [PSYoungGen: 70240K->96K(69120K)] 72115K->1971K(244224K), 0,0004843 secs] [Times: user=0,00 sys=0,00, real=0,00 secs] 
61,758: [GC (Allocation Failure) [PSYoungGen: 68704K->64K(67584K)] 70579K->1939K(242688K), 0,0004740 secs] [Times: user=0,00 sys=0,00, real=0,00 secs] 
61,807: [GC (Allocation Failure) [PSYoungGen: 67136K->96K(66048K)] 69011K->1971K(241152K), 0,0004831 secs] [Times: user=0,00 sys=0,00, real=0,01 secs] 
61,855: [GC (Allocation Failure) [PSYoungGen: 65632K->64K(64512K)] 67507K->1939K(239616K), 0,0004625 secs] [Times: user=0,00 sys=0,00, real=0,00 secs] 
61,902: [GC (Allocation Failure) [PSYoungGen: 64064K->64K(62976K)] 65939K->1939K(238080K), 0,0004713 secs] [Times: user=0,00 sys=0,00, real=0,00 secs] 
61,947: [GC (Allocation Failure) [PSYoungGen: 62528K->64K(61952K)] 64403K->1939K(237056K), 0,0004620 secs] [Times: user=0,00 sys=0,00, real=0,00 secs] 
61,993: [GC (Allocation Failure) [PSYoungGen: 61504K->64K(60928K)] 63379K->1939K(236032K), 0,0005068 secs] [Times: user=0,01 sys=0,00, real=0,00 secs] 
62,037: [GC (Allocation Failure) [PSYoungGen: 60480K->32K(59904K)] 62355K->1907K(235008K), 0,0004909 secs] [Times: user=0,00 sys=0,00, real=0,00 secs] 
62,081: [GC (Allocation Failure) [PSYoungGen: 59424K->64K(58880K)] 61299K->1939K(233984K), 0,0004597 secs] [Times: user=0,00 sys=0,00, real=0,00 secs] 
62,123: [GC (Allocation Failure) [PSYoungGen: 58432K->96K(57856K)] 60307K->1971K(232960K), 0,0004577 secs] [Times: user=0,00 sys=0,00, real=0,00 secs] 
62,165: [GC (Allocation Failure) [PSYoungGen: 57440K->96K(56832K)] 59315K->1971K(231936K), 0,0004649 secs] [Times: user=0,00 sys=0,00, real=0,00 secs] 
62,206: [GC (Allocation Failure) [PSYoungGen: 56416K->32K(55808K)] 58291K->1907K(230912K), 0,0004469 secs] [Times: user=0,00 sys=0,00, real=0,00 secs] 
62,246: [GC (Allocation Failure) [PSYoungGen: 55328K->96K(54784K)] 57203K->1971K(229888K), 0,0003628 secs] [Times: user=0,00 sys=0,00, real=0,00 secs] 
62,286: [GC (Allocation Failure) [PSYoungGen: 54368K->64K(53760K)] 56243K->1939K(228864K), 0,0004604 secs] [Times: user=0,00 sys=0,00, real=0,00 secs] 
62,325: [GC (Allocation Failure) [PSYoungGen: 53312K->64K(52736K)] 55187K->1939K(227840K), 0,0003772 secs] [Times: user=0,00 sys=0,00, real=0,00 secs] 
62,363: [GC (Allocation Failure) [PSYoungGen: 52288K->96K(51712K)] 54163K->1971K(226816K), 0,0003663 secs] [Times: user=0,00 sys=0,00, real=0,00 secs] 
62,400: [GC (Allocation Failure) [PSYoungGen: 51296K->64K(50688K)] 53171K->1939K(225792K), 0,0003670 secs] [Times: user=0,00 sys=0,00, real=0,00 secs] 
62,437: [GC (Allocation Failure) [PSYoungGen: 50240K->96K(49664K)] 52115K->1971K(224768K), 0,0003748 secs] [Times: user=0,00 sys=0,00, real=0,00 secs] 
62,473: [GC (Allocation Failure) [PSYoungGen: 49248K->64K(48640K)] 51123K->1939K(223744K), 0,0004899 secs] [Times: user=0,00 sys=0,00, real=0,00 secs] 
62,508: [GC (Allocation Failure) [PSYoungGen: 48192K->64K(58368K)] 50067K->1939K(233472K), 0,0004660 secs] [Times: user=0,01 sys=0,00, real=0,00 secs] 
62,551: [GC (Allocation Failure) [PSYoungGen: 57920K->96K(70144K)] 59795K->1971K(245248K), 0,0004697 secs] [Times: user=0,00 sys=0,00, real=0,00 secs] 
62,601: [GC (Allocation Failure) [PSYoungGen: 69728K->96K(68608K)] 71603K->1971K(243712K), 0,0004816 secs] [Times: user=0,00 sys=0,00, real=0,00 secs] 
62,651: [GC (Allocation Failure) [PSYoungGen: 68192K->64K(67072K)] 70067K->1939K(242176K), 0,0004681 secs] [Times: user=0,00 sys=0,00, real=0,00 secs] 
62,699: [GC (Allocation Failure) [PSYoungGen: 66624K->64K(65536K)] 68499K->1939K(240640K), 0,0005044 secs] [Times: user=0,00 sys=0,00, real=0,00 secs] 
62,747: [GC (Allocation Failure) [PSYoungGen: 65088K->96K(64000K)] 66963K->1971K(239104K), 0,0004836 secs] [Times: user=0,01 sys=0,00, real=0,00 secs] 
62,793: [GC (Allocation Failure) [PSYoungGen: 63584K->32K(62464K)] 65459K->1907K(237568K), 0,0004644 secs] [Times: user=0,00 sys=0,00, real=0,00 secs] 
62,838: [GC (Allocation Failure) [PSYoungGen: 61984K->64K(61440K)] 63859K->1939K(236544K), 0,0004730 secs] [Times: user=0,00 sys=0,00, real=0,00 secs] 
62,882: [GC (Allocation Failure) [PSYoungGen: 60992K->64K(60416K)] 62867K->1939K(235520K), 0,0004721 secs] [Times: user=0,00 sys=0,00, real=0,00 secs] 
62,926: [GC (Allocation Failure) [PSYoungGen: 59968K->64K(59392K)] 61843K->1939K(234496K), 0,0004661 secs] [Times: user=0,00 sys=0,00, real=0,00 secs] 
62,970: [GC (Allocation Failure) [PSYoungGen: 58944K->96K(58368K)] 60819K->1971K(233472K), 0,0005100 secs] [Times: user=0,00 sys=0,00, real=0,00 secs] 
63,012: [GC (Allocation Failure) [PSYoungGen: 57952K->96K(57344K)] 59827K->1971K(232448K), 0,0004817 secs] [Times: user=0,00 sys=0,00, real=0,00 secs] 
63,054: [GC (Allocation Failure) [PSYoungGen: 56928K->32K(69120K)] 58803K->1907K(244224K), 0,0004817 secs] [Times: user=0,01 sys=0,00, real=0,00 secs] 
63,103: [GC (Allocation Failure) [PSYoungGen: 68640K->64K(67584K)] 70515K->1939K(242688K), 0,0004651 secs] [Times: user=0,01 sys=0,00, real=0,00 secs] 
63,152: [GC (Allocation Failure) [PSYoungGen: 67135K->64K(66048K)] 69011K->1939K(241152K), 0,0004703 secs] [Times: user=0,00 sys=0,00, real=0,00 secs] 
63,200: [GC (Allocation Failure) [PSYoungGen: 65600K->64K(64512K)] 67475K->1939K(239616K), 0,0004771 secs] [Times: user=0,00 sys=0,00, real=0,00 secs] 
63,247: [GC (Allocation Failure) [PSYoungGen: 64064K->96K(62976K)] 65939K->1971K(238080K), 0,0004495 secs] [Times: user=0,00 sys=0,00, real=0,00 secs] 
63,293: [GC (Allocation Failure) [PSYoungGen: 62560K->96K(61952K)] 64435K->1971K(237056K), 0,0005134 secs] [Times: user=0,00 sys=0,00, real=0,00 secs] 
63,338: [GC (Allocation Failure) [PSYoungGen: 61536K->96K(60928K)] 63411K->1971K(236032K), 0,0004844 secs] [Times: user=0,00 sys=0,00, real=0,00 secs] 
63,383: [GC (Allocation Failure) [PSYoungGen: 60512K->64K(59904K)] 62387K->1939K(235008K), 0,0004765 secs] [Times: user=0,00 sys=0,00, real=0,00 secs] 
63,426: [GC (Allocation Failure) [PSYoungGen: 59456K->96K(58880K)] 61331K->1971K(233984K), 0,0004435 secs] [Times: user=0,00 sys=0,00, real=0,00 secs] 
63,469: [GC (Allocation Failure) [PSYoungGen: 58464K->64K(57856K)] 60339K->1939K(232960K), 0,0004867 secs] [Times: user=0,00 sys=0,00, real=0,00 secs] 
63,511: [GC (Allocation Failure) [PSYoungGen: 57408K->96K(56832K)] 59283K->1971K(231936K), 0,0004432 secs] [Times: user=0,00 sys=0,00, real=0,00 secs] 
63,552: [GC (Allocation Failure) [PSYoungGen: 56416K->96K(55808K)] 58291K->1971K(230912K), 0,0004596 secs] [Times: user=0,00 sys=0,00, real=0,00 secs] 
63,593: [GC (Allocation Failure) [PSYoungGen: 55392K->96K(67072K)] 57267K->1971K(242176K), 0,0004679 secs] [Times: user=0,00 sys=0,00, real=0,00 secs] 
63,641: [GC (Allocation Failure) [PSYoungGen: 66656K->96K(65536K)] 68531K->1971K(240640K), 0,0004656 secs] [Times: user=0,00 sys=0,00, real=0,00 secs] 
63,688: [GC (Allocation Failure) [PSYoungGen: 65120K->96K(64000K)] 66995K->1971K(239104K), 0,0004571 secs] [Times: user=0,01 sys=0,00, real=0,00 secs] 
63,735: [GC (Allocation Failure) [PSYoungGen: 63584K->96K(62464K)] 65459K->1971K(237568K), 0,0003658 secs] [Times: user=0,00 sys=0,00, real=0,00 secs] 
63,780: [GC (Allocation Failure) [PSYoungGen: 62048K->96K(61440K)] 63923K->1971K(236544K), 0,0005063 secs] [Times: user=0,00 sys=0,00, real=0,00 secs] 
63,824: [GC (Allocation Failure) [PSYoungGen: 61024K->96K(60416K)] 62899K->1971K(235520K), 0,0003625 secs] [Times: user=0,00 sys=0,00, real=0,00 secs] 
63,867: [GC (Allocation Failure) [PSYoungGen: 60000K->96K(59392K)] 61875K->1971K(234496K), 0,0003470 secs] [Times: user=0,01 sys=0,00, real=0,00 secs] 
63,911: [GC (Allocation Failure) [PSYoungGen: 58976K->96K(58368K)] 60851K->1971K(233472K), 0,0006133 secs] [Times: user=0,00 sys=0,00, real=0,00 secs] 
63,953: [GC (Allocation Failure) [PSYoungGen: 57952K->96K(57344K)] 59827K->1971K(232448K), 0,0004708 secs] [Times: user=0,00 sys=0,00, real=0,00 secs] 
63,995: [GC (Allocation Failure) [PSYoungGen: 56928K->96K(56320K)] 58803K->1971K(231424K), 0,0004739 secs] [Times: user=0,00 sys=0,00, real=0,00 secs] 
64,035: [GC (Allocation Failure) [PSYoungGen: 55904K->96K(55296K)] 57779K->1971K(230400K), 0,0003655 secs] [Times: user=0,00 sys=0,00, real=0,00 secs] 
64,075: [GC (Allocation Failure) [PSYoungGen: 54880K->96K(54272K)] 56755K->1971K(229376K), 0,0003885 secs] [Times: user=0,00 sys=0,00, real=0,00 secs] 
64,114: [GC (Allocation Failure) [PSYoungGen: 53856K->96K(53248K)] 55731K->1971K(228352K), 0,0003574 secs] [Times: user=0,00 sys=0,00, real=0,00 secs] 
64,152: [GC (Allocation Failure) [PSYoungGen: 52832K->96K(52224K)] 54707K->1971K(227328K), 0,0003584 secs] [Times: user=0,00 sys=0,00, real=0,00 secs] 
64,190: [GC (Allocation Failure) [PSYoungGen: 51808K->96K(51200K)] 53683K->1971K(226304K), 0,0003606 secs] [Times: user=0,00 sys=0,00, real=0,00 secs] 
64,227: [GC (Allocation Failure) [PSYoungGen: 50784K->64K(50176K)] 52659K->1939K(225280K), 0,0003445 secs] [Times: user=0,00 sys=0,00, real=0,00 secs] 
64,263: [GC (Allocation Failure) [PSYoungGen: 49728K->96K(49152K)] 51603K->1971K(224256K), 0,0003634 secs] [Times: user=0,00 sys=0,00, real=0,00 secs] 
64,299: [GC (Allocation Failure) [PSYoungGen: 48736K->64K(48128K)] 50611K->1939K(223232K), 0,0003599 secs] [Times: user=0,00 sys=0,00, real=0,00 secs] 
64,333: [GC (Allocation Failure) [PSYoungGen: 47680K->96K(47616K)] 49555K->1971K(222720K), 0,0003665 secs] [Times: user=0,00 sys=0,00, real=0,00 secs] 
64,367: [GC (Allocation Failure) [PSYoungGen: 47200K->96K(47104K)] 49075K->1971K(222208K), 0,0003574 secs] [Times: user=0,00 sys=0,00, real=0,00 secs] 
64,401: [GC (Allocation Failure) [PSYoungGen: 46688K->96K(46592K)] 48563K->1971K(221696K), 0,0003473 secs] [Times: user=0,00 sys=0,00, real=0,00 secs] 
64,435: [GC (Allocation Failure) [PSYoungGen: 46176K->96K(46080K)] 48051K->1971K(221184K), 0,0003512 secs] [Times: user=0,00 sys=0,00, real=0,00 secs] 
64,468: [GC (Allocation Failure) [PSYoungGen: 45664K->96K(55296K)] 47539K->1971K(230400K), 0,0005199 secs] [Times: user=0,00 sys=0,00, real=0,00 secs] 
64,508: [GC (Allocation Failure) [PSYoungGen: 54880K->96K(66560K)] 56755K->1971K(241664K), 0,0004608 secs] [Times: user=0,00 sys=0,00, real=0,00 secs] 
64,557: [GC (Allocation Failure) [PSYoungGen: 66144K->64K(79872K)] 68019K->1939K(254976K), 0,0004798 secs] [Times: user=0,00 sys=0,00, real=0,00 secs] 
64,615: [GC (Allocation Failure) [PSYoungGen: 79424K->96K(77824K)] 81299K->1971K(252928K), 0,0004855 secs] [Times: user=0,00 sys=0,00, real=0,00 secs] 
64,671: [GC (Allocation Failure) [PSYoungGen: 77408K->64K(75776K)] 79283K->1939K(250880K), 0,0004665 secs] [Times: user=0,01 sys=0,00, real=0,00 secs] 
64,726: [GC (Allocation Failure) [PSYoungGen: 75328K->96K(74240K)] 77203K->1971K(249344K), 0,0004535 secs] [Times: user=0,00 sys=0,00, real=0,00 secs] 
64,779: [GC (Allocation Failure) [PSYoungGen: 73824K->64K(72704K)] 75699K->1939K(247808K), 0,0004744 secs] [Times: user=0,00 sys=0,00, real=0,00 secs] 
64,832: [GC (Allocation Failure) [PSYoungGen: 72256K->64K(71168K)] 74131K->1939K(246272K), 0,0004669 secs] [Times: user=0,00 sys=0,00, real=0,00 secs] 
64,883: [GC (Allocation Failure) [PSYoungGen: 70720K->96K(69632K)] 72595K->1971K(244736K), 0,0004531 secs] [Times: user=0,00 sys=0,00, real=0,00 secs] 
64,933: [GC (Allocation Failure) [PSYoungGen: 69216K->64K(68096K)] 71091K->1939K(243200K), 0,0004494 secs] [Times: user=0,00 sys=0,00, real=0,00 secs] 
64,983: [GC (Allocation Failure) [PSYoungGen: 67648K->64K(66560K)] 69523K->1939K(241664K), 0,0007174 secs] [Times: user=0,00 sys=0,00, real=0,00 secs] 
65,031: [GC (Allocation Failure) [PSYoungGen: 66112K->32K(65024K)] 67987K->1907K(240128K), 0,0004784 secs] [Times: user=0,00 sys=0,00, real=0,00 secs] 
65,078: [GC (Allocation Failure) [PSYoungGen: 64544K->96K(63488K)] 66419K->1971K(238592K), 0,0004581 secs] [Times: user=0,01 sys=0,00, real=0,00 secs] 
65,124: [GC (Allocation Failure) [PSYoungGen: 63072K->96K(61952K)] 64947K->1971K(237056K), 0,0004486 secs] [Times: user=0,00 sys=0,00, real=0,00 secs] 
65,169: [GC (Allocation Failure) [PSYoungGen: 61536K->64K(60928K)] 63411K->1939K(236032K), 0,0004557 secs] [Times: user=0,00 sys=0,00, real=0,00 secs] 
65,213: [GC (Allocation Failure) [PSYoungGen: 60480K->64K(59904K)] 62355K->1939K(235008K), 0,0003510 secs] [Times: user=0,00 sys=0,00, real=0,00 secs] 
65,256: [GC (Allocation Failure) [PSYoungGen: 59456K->64K(58880K)] 61331K->1939K(233984K), 0,0003587 secs] [Times: user=0,00 sys=0,00, real=0,00 secs] 
65,298: [GC (Allocation Failure) [PSYoungGen: 58432K->64K(57856K)] 60307K->1939K(232960K), 0,0004683 secs] [Times: user=0,00 sys=0,00, real=0,00 secs] 
65,340: [GC (Allocation Failure) [PSYoungGen: 57408K->64K(56832K)] 59283K->1939K(231936K), 0,0004641 secs] [Times: user=0,00 sys=0,00, real=0,00 secs] 
65,381: [GC (Allocation Failure) [PSYoungGen: 56384K->64K(55808K)] 58259K->1939K(230912K), 0,0003498 secs] [Times: user=0,00 sys=0,00, real=0,00 secs] 
65,422: [GC (Allocation Failure) [PSYoungGen: 55360K->64K(54784K)] 57235K->1939K(229888K), 0,0004917 secs] [Times: user=0,00 sys=0,00, real=0,00 secs] 
65,461: [GC (Allocation Failure) [PSYoungGen: 54336K->96K(53760K)] 56211K->1971K(228864K), 0,0004490 secs] [Times: user=0,00 sys=0,00, real=0,00 secs] 
65,500: [GC (Allocation Failure) [PSYoungGen: 53344K->96K(52736K)] 55219K->1971K(227840K), 0,0003817 secs] [Times: user=0,00 sys=0,00, real=0,00 secs] 
65,538: [GC (Allocation Failure) [PSYoungGen: 52320K->96K(51712K)] 54195K->1971K(226816K), 0,0003573 secs] [Times: user=0,00 sys=0,00, real=0,00 secs] 
65,575: [GC (Allocation Failure) [PSYoungGen: 51296K->96K(50688K)] 53171K->1971K(225792K), 0,0003612 secs] [Times: user=0,00 sys=0,00, real=0,00 secs] 
65,612: [GC (Allocation Failure) [PSYoungGen: 50272K->64K(49664K)] 52147K->1939K(224768K), 0,0003625 secs] [Times: user=0,00 sys=0,00, real=0,00 secs] 
65,648: [GC (Allocation Failure) [PSYoungGen: 49216K->128K(48640K)] 51091K->2003K(223744K), 0,0003437 secs] [Times: user=0,00 sys=0,00, real=0,01 secs] 
65,683: [GC (Allocation Failure) [PSYoungGen: 48256K->64K(48128K)] 50131K->1939K(223232K), 0,0003520 secs] [Times: user=0,00 sys=0,00, real=0,00 secs] 
65,717: [GC (Allocation Failure) [PSYoungGen: 47680K->96K(47616K)] 49555K->1971K(222720K), 0,0003575 secs] [Times: user=0,00 sys=0,00, real=0,00 secs] 
65,752: [GC (Allocation Failure) [PSYoungGen: 47200K->96K(47104K)] 49075K->1971K(222208K), 0,0003439 secs] [Times: user=0,00 sys=0,00, real=0,00 secs] 
65,786: [GC (Allocation Failure) [PSYoungGen: 46688K->64K(46592K)] 48563K->1939K(221696K), 0,0003404 secs] [Times: user=0,00 sys=0,00, real=0,00 secs] 
65,819: [GC (Allocation Failure) [PSYoungGen: 46144K->96K(46080K)] 48019K->1971K(221184K), 0,0003445 secs] [Times: user=0,00 sys=0,00, real=0,00 secs] 
65,852: [GC (Allocation Failure) [PSYoungGen: 45664K->32K(45568K)] 47539K->1907K(220672K), 0,0003716 secs] [Times: user=0,01 sys=0,00, real=0,00 secs] 
65,885: [GC (Allocation Failure) [PSYoungGen: 45088K->32K(45056K)] 46963K->1907K(220160K), 0,0003602 secs] [Times: user=0,00 sys=0,00, real=0,00 secs] 
65,918: [GC (Allocation Failure) [PSYoungGen: 44576K->96K(54272K)] 46451K->1971K(229376K), 0,0004741 secs] [Times: user=0,00 sys=0,00, real=0,00 secs] 
65,957: [GC (Allocation Failure) [PSYoungGen: 53856K->64K(65024K)] 55731K->1939K(240128K), 0,0004546 secs] [Times: user=0,00 sys=0,00, real=0,01 secs] 
66,004: [GC (Allocation Failure) [PSYoungGen: 64576K->64K(78336K)] 66451K->1939K(253440K), 0,0004518 secs] [Times: user=0,00 sys=0,01, real=0,00 secs] 
66,061: [GC (Allocation Failure) [PSYoungGen: 77888K->64K(76288K)] 79763K->1939K(251392K), 0,0004642 secs] [Times: user=0,01 sys=0,00, real=0,00 secs] 
66,116: [GC (Allocation Failure) [PSYoungGen: 75840K->64K(74752K)] 77715K->1939K(249856K), 0,0004323 secs] [Times: user=0,00 sys=0,00, real=0,00 secs] 
66,170: [GC (Allocation Failure) [PSYoungGen: 74304K->96K(73216K)] 76179K->1971K(248320K), 0,0004714 secs] [Times: user=0,01 sys=0,00, real=0,00 secs] 
66,223: [GC (Allocation Failure) [PSYoungGen: 72800K->32K(71680K)] 74675K->1907K(246784K), 0,0004365 secs] [Times: user=0,00 sys=0,00, real=0,00 secs] 
66,274: [GC (Allocation Failure) [PSYoungGen: 71200K->96K(70144K)] 73075K->1971K(245248K), 0,0004336 secs] [Times: user=0,00 sys=0,00, real=0,00 secs] 
66,325: [GC (Allocation Failure) [PSYoungGen: 69728K->32K(68608K)] 71603K->1907K(243712K), 0,0004752 secs] [Times: user=0,00 sys=0,00, real=0,00 secs] 
66,374: [GC (Allocation Failure) [PSYoungGen: 68128K->96K(67072K)] 70003K->1971K(242176K), 0,0004445 secs] [Times: user=0,00 sys=0,00, real=0,00 secs] 
66,423: [GC (Allocation Failure) [PSYoungGen: 66656K->64K(65536K)] 68531K->1939K(240640K), 0,0003645 secs] [Times: user=0,00 sys=0,00, real=0,00 secs] 
66,470: [GC (Allocation Failure) [PSYoungGen: 65088K->96K(64000K)] 66963K->1971K(239104K), 0,0004818 secs] [Times: user=0,00 sys=0,00, real=0,00 secs] 
66,517: [GC (Allocation Failure) [PSYoungGen: 63584K->64K(62464K)] 65459K->1939K(237568K), 0,0004683 secs] [Times: user=0,00 sys=0,00, real=0,00 secs] 
66,562: [GC (Allocation Failure) [PSYoungGen: 62016K->64K(61440K)] 63891K->1939K(236544K), 0,0004427 secs] [Times: user=0,00 sys=0,00, real=0,00 secs] 
66,606: [GC (Allocation Failure) [PSYoungGen: 60992K->96K(60416K)] 62867K->1971K(235520K), 0,0004595 secs] [Times: user=0,01 sys=0,00, real=0,00 secs] 
66,650: [GC (Allocation Failure) [PSYoungGen: 60000K->96K(59392K)] 61875K->1971K(234496K), 0,0003441 secs] [Times: user=0,00 sys=0,00, real=0,00 secs] 
66,692: [GC (Allocation Failure) [PSYoungGen: 58976K->64K(58368K)] 60851K->1939K(233472K), 0,0003498 secs] [Times: user=0,00 sys=0,00, real=0,00 secs] 
66,734: [GC (Allocation Failure) [PSYoungGen: 57920K->64K(57344K)] 59795K->1939K(232448K), 0,0003500 secs] [Times: user=0,00 sys=0,00, real=0,00 secs] 
66,776: [GC (Allocation Failure) [PSYoungGen: 56896K->96K(56320K)] 58771K->1971K(231424K), 0,0003787 secs] [Times: user=0,01 sys=0,00, real=0,00 secs] 
66,816: [GC (Allocation Failure) [PSYoungGen: 55904K->96K(55296K)] 57779K->1971K(230400K), 0,0003626 secs] [Times: user=0,00 sys=0,00, real=0,00 secs] 
66,856: [GC (Allocation Failure) [PSYoungGen: 54880K->32K(54272K)] 56755K->1907K(229376K), 0,0003521 secs] [Times: user=0,00 sys=0,00, real=0,00 secs] 
66,895: [GC (Allocation Failure) [PSYoungGen: 53792K->96K(53248K)] 55667K->1971K(228352K), 0,0003669 secs] [Times: user=0,01 sys=0,00, real=0,00 secs] 
66,934: [GC (Allocation Failure) [PSYoungGen: 52832K->64K(52224K)] 54707K->1939K(227328K), 0,0005003 secs] [Times: user=0,00 sys=0,00, real=0,00 secs] 
66,971: [GC (Allocation Failure) [PSYoungGen: 51776K->96K(51200K)] 53651K->1971K(226304K), 0,0004518 secs] [Times: user=0,00 sys=0,00, real=0,00 secs] 
67,008: [GC (Allocation Failure) [PSYoungGen: 50784K->96K(50176K)] 52659K->1971K(225280K), 0,0003691 secs] [Times: user=0,00 sys=0,00, real=0,00 secs] 
67,044: [GC (Allocation Failure) [PSYoungGen: 49760K->96K(49152K)] 51635K->1971K(224256K), 0,0003680 secs] [Times: user=0,00 sys=0,00, real=0,00 secs] 
67,080: [GC (Allocation Failure) [PSYoungGen: 48736K->96K(48128K)] 50611K->1971K(223232K), 0,0003516 secs] [Times: user=0,00 sys=0,00, real=0,00 secs] 
67,115: [GC (Allocation Failure) [PSYoungGen: 47712K->96K(47616K)] 49587K->1971K(222720K), 0,0003535 secs] [Times: user=0,00 sys=0,00, real=0,00 secs] 
67,149: [GC (Allocation Failure) [PSYoungGen: 47200K->96K(47104K)] 49075K->1971K(222208K), 0,0003603 secs] [Times: user=0,00 sys=0,00, real=0,00 secs] 
67,183: [GC (Allocation Failure) [PSYoungGen: 46688K->96K(46592K)] 48563K->1971K(221696K), 0,0003575 secs] [Times: user=0,00 sys=0,00, real=0,00 secs] 
67,217: [GC (Allocation Failure) [PSYoungGen: 46176K->96K(46080K)] 48051K->1971K(221184K), 0,0003565 secs] [Times: user=0,00 sys=0,00, real=0,00 secs] 
67,250: [GC (Allocation Failure) [PSYoungGen: 45664K->64K(45568K)] 47539K->1939K(220672K), 0,0003418 secs] [Times: user=0,00 sys=0,00, real=0,00 secs] 
67,283: [GC (Allocation Failure) [PSYoungGen: 45120K->96K(45056K)] 46995K->1971K(220160K), 0,0003613 secs] [Times: user=0,00 sys=0,00, real=0,00 secs] 
67,315: [GC (Allocation Failure) [PSYoungGen: 44640K->96K(44544K)] 46515K->1971K(219648K), 0,0003584 secs] [Times: user=0,00 sys=0,00, real=0,00 secs] 
67,347: [GC (Allocation Failure) [PSYoungGen: 44128K->128K(44032K)] 46003K->2003K(219136K), 0,0003499 secs] [Times: user=0,00 sys=0,00, real=0,00 secs] 
67,379: [GC (Allocation Failure) [PSYoungGen: 43648K->64K(52736K)] 45523K->1939K(227840K), 0,0003589 secs] [Times: user=0,00 sys=0,00, real=0,00 secs] 
67,417: [GC (Allocation Failure) [PSYoungGen: 52288K->64K(51712K)] 54163K->1939K(226816K), 0,0003752 secs] [Times: user=0,00 sys=0,00, real=0,00 secs] 
67,456: [GC (Allocation Failure) [PSYoungGen: 51264K->96K(61952K)] 53139K->1971K(237056K), 0,0004753 secs] [Times: user=0,00 sys=0,00, real=0,00 secs] 
67,501: [GC (Allocation Failure) [PSYoungGen: 61536K->96K(60928K)] 63411K->1971K(236032K), 0,0004474 secs] [Times: user=0,01 sys=0,00, real=0,00 secs] 
67,545: [GC (Allocation Failure) [PSYoungGen: 60512K->96K(59904K)] 62387K->1971K(235008K), 0,0004383 secs] [Times: user=0,00 sys=0,00, real=0,00 secs] 
67,588: [GC (Allocation Failure) [PSYoungGen: 59488K->32K(58880K)] 61363K->1907K(233984K), 0,0004432 secs] [Times: user=0,00 sys=0,00, real=0,01 secs] 
67,630: [GC (Allocation Failure) [PSYoungGen: 58400K->96K(57856K)] 60275K->1971K(232960K), 0,0003552 secs] [Times: user=0,00 sys=0,00, real=0,00 secs] 
67,672: [GC (Allocation Failure) [PSYoungGen: 57440K->64K(56832K)] 59315K->1939K(231936K), 0,0003592 secs] [Times: user=0,00 sys=0,00, real=0,00 secs] 
67,713: [GC (Allocation Failure) [PSYoungGen: 56384K->96K(55808K)] 58259K->1971K(230912K), 0,0003539 secs] [Times: user=0,00 sys=0,00, real=0,00 secs] 
67,753: [GC (Allocation Failure) [PSYoungGen: 55392K->32K(54784K)] 57267K->1907K(229888K), 0,0003463 secs] [Times: user=0,00 sys=0,00, real=0,00 secs] 
67,792: [GC (Allocation Failure) [PSYoungGen: 54304K->32K(53760K)] 56179K->1907K(228864K), 0,0003543 secs] [Times: user=0,00 sys=0,00, real=0,00 secs] 
67,831: [GC (Allocation Failure) [PSYoungGen: 53280K->64K(52736K)] 55155K->1939K(227840K), 0,0003733 secs] [Times: user=0,00 sys=0,00, real=0,00 secs] 
67,869: [GC (Allocation Failure) [PSYoungGen: 52288K->96K(51712K)] 54163K->1971K(226816K), 0,0003478 secs] [Times: user=0,00 sys=0,00, real=0,00 secs] 
67,906: [GC (Allocation Failure) [PSYoungGen: 51296K->96K(50688K)] 53171K->1971K(225792K), 0,0003453 secs] [Times: user=0,00 sys=0,00, real=0,00 secs] 
67,943: [GC (Allocation Failure) [PSYoungGen: 50272K->96K(49664K)] 52147K->1971K(224768K), 0,0003545 secs] [Times: user=0,00 sys=0,00, real=0,00 secs] 
67,979: [GC (Allocation Failure) [PSYoungGen: 49248K->96K(48640K)] 51123K->1971K(223744K), 0,0004936 secs] [Times: user=0,00 sys=0,00, real=0,00 secs] 
68,014: [GC (Allocation Failure) [PSYoungGen: 48224K->96K(58368K)] 50099K->1971K(233472K), 0,0004611 secs] [Times: user=0,00 sys=0,00, real=0,00 secs] 
68,056: [GC (Allocation Failure) [PSYoungGen: 57952K->64K(57344K)] 59827K->1939K(232448K), 0,0003506 secs] [Times: user=0,01 sys=0,00, real=0,00 secs] 
68,098: [GC (Allocation Failure) [PSYoungGen: 56896K->32K(56320K)] 58771K->1907K(231424K), 0,0003577 secs] [Times: user=0,00 sys=0,00, real=0,00 secs] 
68,138: [GC (Allocation Failure) [PSYoungGen: 55840K->96K(55296K)] 57715K->1971K(230400K), 0,0003540 secs] [Times: user=0,00 sys=0,00, real=0,00 secs] 
68,178: [GC (Allocation Failure) [PSYoungGen: 54880K->32K(54272K)] 56755K->1907K(229376K), 0,0003450 secs] [Times: user=0,00 sys=0,00, real=0,00 secs] 
68,217: [GC (Allocation Failure) [PSYoungGen: 53792K->96K(53248K)] 55667K->1971K(228352K), 0,0003489 secs] [Times: user=0,00 sys=0,00, real=0,00 secs] 
68,256: [GC (Allocation Failure) [PSYoungGen: 52832K->96K(52224K)] 54707K->1971K(227328K), 0,0003632 secs] [Times: user=0,01 sys=0,00, real=0,00 secs] 
68,293: [GC (Allocation Failure) [PSYoungGen: 51808K->96K(51200K)] 53683K->1971K(226304K), 0,0003746 secs] [Times: user=0,00 sys=0,00, real=0,00 secs] 
68,330: [GC (Allocation Failure) [PSYoungGen: 50784K->64K(50176K)] 52659K->1939K(225280K), 0,0004947 secs] [Times: user=0,00 sys=0,00, real=0,00 secs] 
68,366: [GC (Allocation Failure) [PSYoungGen: 49728K->96K(49152K)] 51603K->1971K(224256K), 0,0003538 secs] [Times: user=0,00 sys=0,00, real=0,00 secs] 
68,402: [GC (Allocation Failure) [PSYoungGen: 48736K->64K(48128K)] 50611K->1939K(223232K), 0,0003478 secs] [Times: user=0,00 sys=0,00, real=0,00 secs] 
68,437: [GC (Allocation Failure) [PSYoungGen: 47680K->64K(57856K)] 49555K->1939K(232960K), 0,0004841 secs] [Times: user=0,00 sys=0,00, real=0,00 secs] 
68,479: [GC (Allocation Failure) [PSYoungGen: 57408K->64K(69632K)] 59283K->1939K(244736K), 0,0004530 secs] [Times: user=0,00 sys=0,00, real=0,00 secs] 
68,529: [GC (Allocation Failure) [PSYoungGen: 69184K->64K(68096K)] 71059K->1939K(243200K), 0,0004525 secs] [Times: user=0,00 sys=0,00, real=0,00 secs] 
68,578: [GC (Allocation Failure) [PSYoungGen: 67648K->64K(66560K)] 69523K->1939K(241664K), 0,0004570 secs] [Times: user=0,00 sys=0,00, real=0,00 secs] 
68,626: [GC (Allocation Failure) [PSYoungGen: 66112K->96K(65024K)] 67987K->1971K(240128K), 0,0004495 secs] [Times: user=0,00 sys=0,00, real=0,00 secs] 
68,673: [GC (Allocation Failure) [PSYoungGen: 64608K->64K(63488K)] 66483K->1939K(238592K), 0,0003544 secs] [Times: user=0,00 sys=0,00, real=0,00 secs] 
68,719: [GC (Allocation Failure) [PSYoungGen: 63040K->128K(61952K)] 64915K->2003K(237056K), 0,0003640 secs] [Times: user=0,00 sys=0,00, real=0,00 secs] 
68,763: [GC (Allocation Failure) [PSYoungGen: 61568K->32K(60928K)] 63443K->1907K(236032K), 0,0003591 secs] [Times: user=0,00 sys=0,00, real=0,00 secs] 
68,807: [GC (Allocation Failure) [PSYoungGen: 60448K->96K(59904K)] 62323K->1971K(235008K), 0,0003540 secs] [Times: user=0,00 sys=0,00, real=0,00 secs] 
68,850: [GC (Allocation Failure) [PSYoungGen: 59488K->96K(58880K)] 61363K->1971K(233984K), 0,0003537 secs] [Times: user=0,00 sys=0,00, real=0,00 secs] 
68,893: [GC (Allocation Failure) [PSYoungGen: 58464K->96K(57856K)] 60339K->1971K(232960K), 0,0003562 secs] [Times: user=0,00 sys=0,00, real=0,00 secs] 
68,935: [GC (Allocation Failure) [PSYoungGen: 57440K->96K(56832K)] 59315K->1971K(231936K), 0,0004825 secs] [Times: user=0,00 sys=0,00, real=0,00 secs] 
68,976: [GC (Allocation Failure) [PSYoungGen: 56416K->32K(55808K)] 58291K->1907K(230912K), 0,0004585 secs] [Times: user=0,00 sys=0,00, real=0,00 secs] 
69,016: [GC (Allocation Failure) [PSYoungGen: 55328K->64K(54784K)] 57203K->1939K(229888K), 0,0004642 secs] [Times: user=0,00 sys=0,01, real=0,00 secs] 
69,056: [GC (Allocation Failure) [PSYoungGen: 54336K->64K(53760K)] 56211K->1939K(228864K), 0,0004506 secs] [Times: user=0,00 sys=0,00, real=0,00 secs] 
69,094: [GC (Allocation Failure) [PSYoungGen: 53312K->64K(52736K)] 55187K->1939K(227840K), 0,0003608 secs] [Times: user=0,00 sys=0,00, real=0,00 secs] 
69,132: [GC (Allocation Failure) [PSYoungGen: 52288K->96K(51712K)] 54163K->1971K(226816K), 0,0003548 secs] [Times: user=0,00 sys=0,00, real=0,00 secs] 
69,170: [GC (Allocation Failure) [PSYoungGen: 51296K->128K(50688K)] 53171K->2003K(225792K), 0,0003685 secs] [Times: user=0,00 sys=0,00, real=0,00 secs] 
69,206: [GC (Allocation Failure) [PSYoungGen: 50304K->64K(49664K)] 52179K->1939K(224768K), 0,0003573 secs] [Times: user=0,00 sys=0,00, real=0,00 secs] 
69,242: [GC (Allocation Failure) [PSYoungGen: 49216K->96K(48640K)] 51091K->1971K(223744K), 0,0003547 secs] [Times: user=0,00 sys=0,00, real=0,00 secs] 
69,277: [GC (Allocation Failure) [PSYoungGen: 48224K->64K(48128K)] 50099K->1939K(223232K), 0,0003672 secs] [Times: user=0,00 sys=0,00, real=0,00 secs] 
69,312: [GC (Allocation Failure) [PSYoungGen: 47680K->96K(47616K)] 49555K->1971K(222720K), 0,0003880 secs] [Times: user=0,00 sys=0,00, real=0,00 secs] 
69,346: [GC (Allocation Failure) [PSYoungGen: 47200K->96K(47104K)] 49075K->1971K(222208K), 0,0003659 secs] [Times: user=0,00 sys=0,00, real=0,00 secs] 
69,380: [GC (Allocation Failure) [PSYoungGen: 46688K->64K(46592K)] 48563K->1939K(221696K), 0,0003564 secs] [Times: user=0,00 sys=0,00, real=0,00 secs] 
69,414: [GC (Allocation Failure) [PSYoungGen: 46144K->64K(46080K)] 48019K->1939K(221184K), 0,0003463 secs] [Times: user=0,00 sys=0,00, real=0,00 secs] 
69,447: [GC (Allocation Failure) [PSYoungGen: 45632K->96K(45568K)] 47507K->1971K(220672K), 0,0003487 secs] [Times: user=0,00 sys=0,00, real=0,00 secs] 
69,480: [GC (Allocation Failure) [PSYoungGen: 45152K->64K(54784K)] 47027K->1939K(229888K), 0,0004957 secs] [Times: user=0,00 sys=0,00, real=0,00 secs] 
69,520: [GC (Allocation Failure) [PSYoungGen: 54336K->32K(66048K)] 56211K->1907K(241152K), 0,0004716 secs] [Times: user=0,00 sys=0,00, real=0,00 secs] 
69,567: [GC (Allocation Failure) [PSYoungGen: 65568K->96K(64512K)] 67443K->1971K(239616K), 0,0003690 secs] [Times: user=0,00 sys=0,00, real=0,01 secs] 
69,614: [GC (Allocation Failure) [PSYoungGen: 64096K->96K(62976K)] 65971K->1971K(238080K), 0,0004611 secs] [Times: user=0,00 sys=0,00, real=0,00 secs] 
69,659: [GC (Allocation Failure) [PSYoungGen: 62560K->64K(61952K)] 64435K->1939K(237056K), 0,0004538 secs] [Times: user=0,00 sys=0,00, real=0,00 secs] 
69,704: [GC (Allocation Failure) [PSYoungGen: 61504K->128K(60928K)] 63379K->2003K(236032K), 0,0003698 secs] [Times: user=0,00 sys=0,00, real=0,00 secs] 
69,748: [GC (Allocation Failure) [PSYoungGen: 60544K->96K(59904K)] 62419K->1971K(235008K), 0,0003671 secs] [Times: user=0,00 sys=0,00, real=0,01 secs] 
69,791: [GC (Allocation Failure) [PSYoungGen: 59488K->64K(58880K)] 61363K->1939K(233984K), 0,0003610 secs] [Times: user=0,00 sys=0,00, real=0,00 secs] 
69,833: [GC (Allocation Failure) [PSYoungGen: 58432K->128K(57856K)] 60307K->2003K(232960K), 0,0003650 secs] [Times: user=0,00 sys=0,00, real=0,00 secs] 
69,875: [GC (Allocation Failure) [PSYoungGen: 57472K->96K(56832K)] 59347K->1971K(231936K), 0,0003550 secs] [Times: user=0,00 sys=0,00, real=0,00 secs] 
69,916: [GC (Allocation Failure) [PSYoungGen: 56416K->64K(55808K)] 58291K->1939K(230912K), 0,0004794 secs] [Times: user=0,00 sys=0,00, real=0,00 secs] 
69,956: [GC (Allocation Failure) [PSYoungGen: 55360K->64K(54784K)] 57235K->1939K(229888K), 0,0004521 secs] [Times: user=0,00 sys=0,00, real=0,00 secs] 
69,996: [GC (Allocation Failure) [PSYoungGen: 54336K->32K(53760K)] 56211K->1907K(228864K), 0,0004877 secs] [Times: user=0,00 sys=0,00, real=0,00 secs] 
70,035: [GC (Allocation Failure) [PSYoungGen: 53280K->96K(52736K)] 55155K->1971K(227840K), 0,0003646 secs] [Times: user=0,00 sys=0,00, real=0,00 secs] 
70,073: [GC (Allocation Failure) [PSYoungGen: 52320K->96K(51712K)] 54195K->1971K(226816K), 0,0003500 secs] [Times: user=0,00 sys=0,00, real=0,00 secs] 
70,110: [GC (Allocation Failure) [PSYoungGen: 51296K->96K(50688K)] 53171K->1971K(225792K), 0,0003655 secs] [Times: user=0,00 sys=0,00, real=0,00 secs] 
70,147: [GC (Allocation Failure) [PSYoungGen: 50272K->64K(49664K)] 52147K->1939K(224768K), 0,0003520 secs] [Times: user=0,00 sys=0,00, real=0,00 secs] 
70,183: [GC (Allocation Failure) [PSYoungGen: 49216K->96K(48640K)] 51091K->1971K(223744K), 0,0003568 secs] [Times: user=0,00 sys=0,00, real=0,00 secs] 
70,218: [GC (Allocation Failure) [PSYoungGen: 48224K->96K(48128K)] 50099K->1971K(223232K), 0,0003644 secs] [Times: user=0,00 sys=0,00, real=0,01 secs] 
70,254: [GC (Allocation Failure) [PSYoungGen: 47712K->96K(57856K)] 49587K->1971K(232960K), 0,0008335 secs] [Times: user=0,00 sys=0,00, real=0,00 secs] 
70,299: [GC (Allocation Failure) [PSYoungGen: 57440K->96K(69632K)] 59315K->1995K(244736K), 0,0005000 secs] [Times: user=0,00 sys=0,00, real=0,00 secs] 
70,350: [GC (Allocation Failure) [PSYoungGen: 69216K->64K(83456K)] 71115K->1963K(258560K), 0,0009216 secs] [Times: user=0,00 sys=0,00, real=0,00 secs] 
70,410: [GC (Allocation Failure) [PSYoungGen: 83008K->64K(100352K)] 84907K->1963K(275456K), 0,0004794 secs] [Times: user=0,00 sys=0,00, real=0,00 secs] 
70,483: [GC (Allocation Failure) [PSYoungGen: 99904K->64K(120320K)] 101803K->1963K(295424K), 0,0005000 secs] [Times: user=0,00 sys=0,00, real=0,00 secs] 
70,570: [GC (Allocation Failure) [PSYoungGen: 119872K->96K(116736K)] 121771K->1995K(291840K), 0,0004989 secs] [Times: user=0,01 sys=0,00, real=0,00 secs] 
70,654: [GC (Allocation Failure) [PSYoungGen: 116320K->96K(113152K)] 118219K->1995K(288256K), 0,0004790 secs] [Times: user=0,00 sys=0,00, real=0,00 secs] 
70,736: [GC (Allocation Failure) [PSYoungGen: 112736K->64K(110080K)] 114635K->1963K(285184K), 0,0004571 secs] [Times: user=0,00 sys=0,00, real=0,00 secs] 
70,815: [GC (Allocation Failure) [PSYoungGen: 109632K->64K(107008K)] 111531K->1963K(282112K), 0,0004852 secs] [Times: user=0,00 sys=0,00, real=0,00 secs] 
70,893: [GC (Allocation Failure) [PSYoungGen: 106560K->96K(103936K)] 108459K->1995K(279040K), 0,0004910 secs] [Times: user=0,00 sys=0,00, real=0,00 secs] 
70,968: [GC (Allocation Failure) [PSYoungGen: 103520K->64K(100864K)] 105419K->1963K(275968K), 0,0004918 secs] [Times: user=0,01 sys=0,00, real=0,00 secs] 
71,041: [GC (Allocation Failure) [PSYoungGen: 100416K->64K(98304K)] 102315K->1963K(273408K), 0,0004852 secs] [Times: user=0,00 sys=0,00, real=0,00 secs] 
71,112: [GC (Allocation Failure) [PSYoungGen: 97856K->64K(95744K)] 99755K->1963K(270848K), 0,0004813 secs] [Times: user=0,00 sys=0,00, real=0,00 secs] 
71,181: [GC (Allocation Failure) [PSYoungGen: 95296K->96K(93184K)] 97195K->1995K(268288K), 0,0004787 secs] [Times: user=0,00 sys=0,00, real=0,00 secs] 
71,248: [GC (Allocation Failure) [PSYoungGen: 92768K->96K(90624K)] 94667K->1995K(265728K), 0,0004727 secs] [Times: user=0,00 sys=0,00, real=0,00 secs] 
71,314: [GC (Allocation Failure) [PSYoungGen: 90207K->96K(88064K)] 92107K->1995K(263168K), 0,0004864 secs] [Times: user=0,00 sys=0,00, real=0,00 secs] 
71,377: [GC (Allocation Failure) [PSYoungGen: 87648K->64K(86016K)] 89547K->1963K(261120K), 0,0004741 secs] [Times: user=0,00 sys=0,00, real=0,01 secs] 
71,439: [GC (Allocation Failure) [PSYoungGen: 85568K->64K(83968K)] 87467K->1963K(259072K), 0,0004640 secs] [Times: user=0,00 sys=0,00, real=0,00 secs] 
71,500: [GC (Allocation Failure) [PSYoungGen: 83520K->32K(81920K)] 85419K->1931K(257024K), 0,0005231 secs] [Times: user=0,00 sys=0,00, real=0,00 secs] 
71,560: [GC (Allocation Failure) [PSYoungGen: 81440K->64K(79872K)] 83339K->1963K(254976K), 0,0004859 secs] [Times: user=0,00 sys=0,00, real=0,00 secs] 
71,617: [GC (Allocation Failure) [PSYoungGen: 79424K->64K(77824K)] 81323K->1963K(252928K), 0,0004803 secs] [Times: user=0,00 sys=0,00, real=0,01 secs] 
71,674: [GC (Allocation Failure) [PSYoungGen: 77376K->64K(75776K)] 79275K->1963K(250880K), 0,0004880 secs] [Times: user=0,01 sys=0,00, real=0,00 secs] 
71,728: [GC (Allocation Failure) [PSYoungGen: 75328K->96K(74240K)] 77227K->1995K(249344K), 0,0004582 secs] [Times: user=0,00 sys=0,00, real=0,00 secs] 
71,782: [GC (Allocation Failure) [PSYoungGen: 73824K->64K(72704K)] 75723K->1963K(247808K), 0,0004734 secs] [Times: user=0,00 sys=0,00, real=0,00 secs] 
71,834: [GC (Allocation Failure) [PSYoungGen: 72256K->32K(71168K)] 74155K->1931K(246272K), 0,0004716 secs] [Times: user=0,00 sys=0,00, real=0,00 secs] 
71,886: [GC (Allocation Failure) [PSYoungGen: 70688K->64K(69632K)] 72587K->1963K(244736K), 0,0004588 secs] [Times: user=0,00 sys=0,01, real=0,00 secs] 
71,936: [GC (Allocation Failure) [PSYoungGen: 69184K->64K(68096K)] 71083K->1963K(243200K), 0,0004569 secs] [Times: user=0,00 sys=0,00, real=0,00 secs] 
71,986: [GC (Allocation Failure) [PSYoungGen: 67648K->96K(66560K)] 69547K->1995K(241664K), 0,0005059 secs] [Times: user=0,00 sys=0,00, real=0,00 secs] 
72,034: [GC (Allocation Failure) [PSYoungGen: 66144K->64K(65024K)] 68043K->1963K(240128K), 0,0004749 secs] [Times: user=0,00 sys=0,00, real=0,00 secs] 
72,081: [GC (Allocation Failure) [PSYoungGen: 64576K->64K(63488K)] 66475K->1963K(238592K), 0,0004520 secs] [Times: user=0,01 sys=0,00, real=0,00 secs] 
72,127: [GC (Allocation Failure) [PSYoungGen: 63040K->96K(61952K)] 64939K->1995K(237056K), 0,0004646 secs] [Times: user=0,00 sys=0,00, real=0,00 secs] 
72,171: [GC (Allocation Failure) [PSYoungGen: 61536K->96K(60928K)] 63435K->1995K(236032K), 0,0004629 secs] [Times: user=0,00 sys=0,00, real=0,00 secs] 
72,215: [GC (Allocation Failure) [PSYoungGen: 60512K->96K(59904K)] 62411K->1995K(235008K), 0,0004615 secs] [Times: user=0,00 sys=0,00, real=0,00 secs] 
72,259: [GC (Allocation Failure) [PSYoungGen: 59488K->96K(58880K)] 61387K->1995K(233984K), 0,0003583 secs] [Times: user=0,00 sys=0,00, real=0,00 secs] 
72,301: [GC (Allocation Failure) [PSYoungGen: 58464K->32K(57856K)] 60363K->1931K(232960K), 0,0004785 secs] [Times: user=0,00 sys=0,00, real=0,00 secs] 
72,343: [GC (Allocation Failure) [PSYoungGen: 57376K->64K(56832K)] 59275K->1963K(231936K), 0,0004604 secs] [Times: user=0,00 sys=0,00, real=0,00 secs] 
72,384: [GC (Allocation Failure) [PSYoungGen: 56384K->96K(55808K)] 58283K->1995K(230912K), 0,0004578 secs] [Times: user=0,00 sys=0,00, real=0,00 secs] 
72,424: [GC (Allocation Failure) [PSYoungGen: 55392K->96K(54784K)] 57291K->1995K(229888K), 0,0003651 secs] [Times: user=0,00 sys=0,00, real=0,00 secs] 
72,464: [GC (Allocation Failure) [PSYoungGen: 54368K->96K(53760K)] 56267K->1995K(228864K), 0,0004848 secs] [Times: user=0,00 sys=0,00, real=0,00 secs] 
72,503: [GC (Allocation Failure) [PSYoungGen: 53344K->32K(64512K)] 55243K->1931K(239616K), 0,0004634 secs] [Times: user=0,00 sys=0,00, real=0,00 secs] 
72,550: [GC (Allocation Failure) [PSYoungGen: 64032K->96K(62976K)] 65931K->1995K(238080K), 0,0004713 secs] [Times: user=0,00 sys=0,00, real=0,00 secs] 
72,596: [GC (Allocation Failure) [PSYoungGen: 62560K->64K(61952K)] 64459K->1963K(237056K), 0,0004552 secs] [Times: user=0,00 sys=0,00, real=0,00 secs] 
72,640: [GC (Allocation Failure) [PSYoungGen: 61504K->96K(60928K)] 63403K->1995K(236032K), 0,0004652 secs] [Times: user=0,00 sys=0,00, real=0,00 secs] 
72,684: [GC (Allocation Failure) [PSYoungGen: 60512K->96K(59904K)] 62411K->1995K(235008K), 0,0004510 secs] [Times: user=0,00 sys=0,00, real=0,00 secs] 
72,727: [GC (Allocation Failure) [PSYoungGen: 59488K->64K(58880K)] 61387K->1963K(233984K), 0,0004416 secs] [Times: user=0,00 sys=0,00, real=0,01 secs] 
72,770: [GC (Allocation Failure) [PSYoungGen: 58432K->64K(70656K)] 60331K->1963K(245760K), 0,0006322 secs] [Times: user=0,00 sys=0,00, real=0,00 secs] 
72,821: [GC (Allocation Failure) [PSYoungGen: 70208K->96K(84992K)] 72107K->1995K(260096K), 0,0004533 secs] [Times: user=0,00 sys=0,00, real=0,00 secs] 
72,882: [GC (Allocation Failure) [PSYoungGen: 84576K->64K(82944K)] 86475K->1963K(258048K), 0,0004793 secs] [Times: user=0,00 sys=0,00, real=0,00 secs] 
72,942: [GC (Allocation Failure) [PSYoungGen: 82496K->96K(80896K)] 84395K->1995K(256000K), 0,0004794 secs] [Times: user=0,00 sys=0,00, real=0,00 secs] 
73,001: [GC (Allocation Failure) [PSYoungGen: 80480K->96K(78848K)] 82379K->1995K(253952K), 0,0005048 secs] [Times: user=0,00 sys=0,00, real=0,00 secs] 
73,058: [GC (Allocation Failure) [PSYoungGen: 78432K->64K(76800K)] 80331K->1963K(251904K), 0,0004542 secs] [Times: user=0,00 sys=0,00, real=0,00 secs] 
73,114: [GC (Allocation Failure) [PSYoungGen: 76352K->96K(74752K)] 78251K->1995K(249856K), 0,0004803 secs] [Times: user=0,00 sys=0,00, real=0,00 secs] 
73,168: [GC (Allocation Failure) [PSYoungGen: 74336K->96K(73216K)] 76235K->1995K(248320K), 0,0004681 secs] [Times: user=0,00 sys=0,00, real=0,01 secs] 
73,221: [GC (Allocation Failure) [PSYoungGen: 72800K->96K(71680K)] 74699K->1995K(246784K), 0,0004652 secs] [Times: user=0,00 sys=0,00, real=0,00 secs] 
73,272: [GC (Allocation Failure) [PSYoungGen: 71264K->32K(70144K)] 73163K->1931K(245248K), 0,0004983 secs] [Times: user=0,00 sys=0,00, real=0,00 secs] 
73,324: [GC (Allocation Failure) [PSYoungGen: 69664K->96K(68608K)] 71563K->1995K(243712K), 0,0004915 secs] [Times: user=0,00 sys=0,00, real=0,00 secs] 
73,374: [GC (Allocation Failure) [PSYoungGen: 68192K->96K(67072K)] 70091K->1995K(242176K), 0,0004786 secs] [Times: user=0,00 sys=0,00, real=0,00 secs] 
73,423: [GC (Allocation Failure) [PSYoungGen: 66656K->96K(65536K)] 68555K->1995K(240640K), 0,0004392 secs] [Times: user=0,00 sys=0,00, real=0,00 secs] 
73,470: [GC (Allocation Failure) [PSYoungGen: 65120K->96K(64000K)] 67019K->1995K(239104K), 0,0005048 secs] [Times: user=0,00 sys=0,00, real=0,00 secs] 
73,517: [GC (Allocation Failure) [PSYoungGen: 63584K->96K(62464K)] 65483K->1995K(237568K), 0,0004634 secs] [Times: user=0,00 sys=0,00, real=0,00 secs] 
73,562: [GC (Allocation Failure) [PSYoungGen: 62048K->64K(61440K)] 63947K->1963K(236544K), 0,0004353 secs] [Times: user=0,00 sys=0,00, real=0,00 secs] 
73,606: [GC (Allocation Failure) [PSYoungGen: 60992K->64K(60416K)] 62891K->1963K(235520K), 0,0004527 secs] [Times: user=0,00 sys=0,00, real=0,00 secs] 
73,650: [GC (Allocation Failure) [PSYoungGen: 59968K->96K(59392K)] 61867K->1995K(234496K), 0,0004412 secs] [Times: user=0,00 sys=0,00, real=0,00 secs] 
73,693: [GC (Allocation Failure) [PSYoungGen: 58976K->64K(58368K)] 60875K->1963K(233472K), 0,0003593 secs] [Times: user=0,00 sys=0,00, real=0,00 secs] 
73,735: [GC (Allocation Failure) [PSYoungGen: 57920K->96K(57344K)] 59819K->1995K(232448K), 0,0003421 secs] [Times: user=0,00 sys=0,00, real=0,00 secs] 
73,776: [GC (Allocation Failure) [PSYoungGen: 56928K->64K(56320K)] 58827K->1963K(231424K), 0,0004801 secs] [Times: user=0,00 sys=0,00, real=0,00 secs] 
73,817: [GC (Allocation Failure) [PSYoungGen: 55872K->96K(55296K)] 57771K->1995K(230400K), 0,0003648 secs] [Times: user=0,01 sys=0,00, real=0,00 secs] 
73,857: [GC (Allocation Failure) [PSYoungGen: 54880K->64K(54272K)] 56779K->1963K(229376K), 0,0003661 secs] [Times: user=0,01 sys=0,00, real=0,00 secs] 
73,896: [GC (Allocation Failure) [PSYoungGen: 53824K->96K(53248K)] 55723K->1995K(228352K), 0,0003725 secs] [Times: user=0,00 sys=0,00, real=0,00 secs] 
73,934: [GC (Allocation Failure) [PSYoungGen: 52832K->96K(52224K)] 54731K->1995K(227328K), 0,0003426 secs] [Times: user=0,00 sys=0,00, real=0,00 secs] 
73,972: [GC (Allocation Failure) [PSYoungGen: 51808K->96K(51200K)] 53707K->1995K(226304K), 0,0004809 secs] [Times: user=0,00 sys=0,00, real=0,00 secs] 
74,009: [GC (Allocation Failure) [PSYoungGen: 50784K->64K(50176K)] 52683K->1963K(225280K), 0,0004546 secs] [Times: user=0,00 sys=0,00, real=0,00 secs] 
74,045: [GC (Allocation Failure) [PSYoungGen: 49728K->128K(49152K)] 51627K->2027K(224256K), 0,0003535 secs] [Times: user=0,00 sys=0,00, real=0,00 secs] 
74,081: [GC (Allocation Failure) [PSYoungGen: 48768K->64K(48128K)] 50667K->1963K(223232K), 0,0003482 secs] [Times: user=0,00 sys=0,00, real=0,00 secs] 
74,116: [GC (Allocation Failure) [PSYoungGen: 47680K->96K(47616K)] 49579K->1995K(222720K), 0,0003555 secs] [Times: user=0,00 sys=0,00, real=0,00 secs] 
74,150: [GC (Allocation Failure) [PSYoungGen: 47200K->96K(47104K)] 49099K->1995K(222208K), 0,0003526 secs] [Times: user=0,00 sys=0,00, real=0,00 secs] 
74,184: [GC (Allocation Failure) [PSYoungGen: 46688K->128K(46592K)] 48587K->2027K(221696K), 0,0003503 secs] [Times: user=0,00 sys=0,00, real=0,00 secs] 
74,217: [GC (Allocation Failure) [PSYoungGen: 46208K->96K(46080K)] 48107K->1995K(221184K), 0,0003426 secs] [Times: user=0,00 sys=0,00, real=0,00 secs] 
74,250: [GC (Allocation Failure) [PSYoungGen: 45664K->128K(45568K)] 47563K->2027K(220672K), 0,0003539 secs] [Times: user=0,00 sys=0,00, real=0,00 secs] 
74,283: [GC (Allocation Failure) [PSYoungGen: 45184K->96K(45056K)] 47083K->1995K(220160K), 0,0003525 secs] [Times: user=0,01 sys=0,00, real=0,00 secs] 
74,316: [GC (Allocation Failure) [PSYoungGen: 44640K->96K(44544K)] 46539K->1995K(219648K), 0,0003633 secs] [Times: user=0,00 sys=0,00, real=0,00 secs] 
74,348: [GC (Allocation Failure) [PSYoungGen: 44128K->128K(44032K)] 46027K->2027K(219136K), 0,0003510 secs] [Times: user=0,00 sys=0,00, real=0,00 secs] 
74,379: [GC (Allocation Failure) [PSYoungGen: 43648K->64K(52736K)] 45547K->1963K(227840K), 0,0003619 secs] [Times: user=0,00 sys=0,00, real=0,00 secs] 
74,418: [GC (Allocation Failure) [PSYoungGen: 52288K->96K(63488K)] 54187K->1995K(238592K), 0,0004839 secs] [Times: user=0,00 sys=0,00, real=0,00 secs] 
74,464: [GC (Allocation Failure) [PSYoungGen: 63072K->96K(76288K)] 64971K->1995K(251392K), 0,0004612 secs] [Times: user=0,00 sys=0,00, real=0,00 secs] 
74,519: [GC (Allocation Failure) [PSYoungGen: 75872K->64K(74752K)] 77771K->1963K(249856K), 0,0004494 secs] [Times: user=0,00 sys=0,00, real=0,00 secs] 
74,573: [GC (Allocation Failure) [PSYoungGen: 74304K->32K(73216K)] 76203K->1931K(248320K), 0,0004668 secs] [Times: user=0,00 sys=0,00, real=0,00 secs] 
74,626: [GC (Allocation Failure) [PSYoungGen: 72736K->96K(71680K)] 74635K->1995K(246784K), 0,0004610 secs] [Times: user=0,00 sys=0,00, real=0,00 secs] 
74,677: [GC (Allocation Failure) [PSYoungGen: 71264K->32K(70144K)] 73163K->1931K(245248K), 0,0004629 secs] [Times: user=0,00 sys=0,00, real=0,01 secs] 
74,728: [GC (Allocation Failure) [PSYoungGen: 69664K->96K(68608K)] 71563K->1995K(243712K), 0,0004613 secs] [Times: user=0,00 sys=0,00, real=0,00 secs] 
74,777: [GC (Allocation Failure) [PSYoungGen: 68192K->96K(67072K)] 70091K->1995K(242176K), 0,0004505 secs] [Times: user=0,00 sys=0,00, real=0,01 secs] 
74,826: [GC (Allocation Failure) [PSYoungGen: 66656K->64K(65536K)] 68555K->1963K(240640K), 0,0004542 secs] [Times: user=0,00 sys=0,01, real=0,00 secs] 
74,873: [GC (Allocation Failure) [PSYoungGen: 65088K->96K(64000K)] 66987K->1995K(239104K), 0,0003750 secs] [Times: user=0,00 sys=0,00, real=0,00 secs] 
74,919: [GC (Allocation Failure) [PSYoungGen: 63584K->96K(62464K)] 65483K->1995K(237568K), 0,0003739 secs] [Times: user=0,00 sys=0,00, real=0,00 secs] 
74,964: [GC (Allocation Failure) [PSYoungGen: 62048K->32K(61440K)] 63947K->1931K(236544K), 0,0004950 secs] [Times: user=0,00 sys=0,00, real=0,00 secs] 
75,009: [GC (Allocation Failure) [PSYoungGen: 60960K->96K(60416K)] 62859K->1995K(235520K), 0,0004642 secs] [Times: user=0,00 sys=0,00, real=0,00 secs] 
75,052: [GC (Allocation Failure) [PSYoungGen: 60000K->96K(59392K)] 61899K->1995K(234496K), 0,0004536 secs] [Times: user=0,00 sys=0,00, real=0,00 secs] 
75,095: [GC (Allocation Failure) [PSYoungGen: 58976K->96K(58368K)] 60875K->1995K(233472K), 0,0004387 secs] [Times: user=0,00 sys=0,00, real=0,00 secs] 
75,137: [GC (Allocation Failure) [PSYoungGen: 57952K->96K(57344K)] 59851K->1995K(232448K), 0,0004564 secs] [Times: user=0,00 sys=0,00, real=0,01 secs] 
75,179: [GC (Allocation Failure) [PSYoungGen: 56928K->96K(56320K)] 58827K->1995K(231424K), 0,0003529 secs] [Times: user=0,00 sys=0,00, real=0,00 secs] 
75,219: [GC (Allocation Failure) [PSYoungGen: 55904K->96K(55296K)] 57803K->1995K(230400K), 0,0003553 secs] [Times: user=0,00 sys=0,00, real=0,00 secs] 
75,259: [GC (Allocation Failure) [PSYoungGen: 54880K->64K(54272K)] 56779K->1963K(229376K), 0,0003630 secs] [Times: user=0,00 sys=0,00, real=0,00 secs] 
75,298: [GC (Allocation Failure) [PSYoungGen: 53824K->96K(53248K)] 55723K->1995K(228352K), 0,0003732 secs] [Times: user=0,00 sys=0,00, real=0,00 secs] 
75,337: [GC (Allocation Failure) [PSYoungGen: 52832K->64K(52224K)] 54731K->1963K(227328K), 0,0003747 secs] [Times: user=0,00 sys=0,00, real=0,00 secs] 
75,374: [GC (Allocation Failure) [PSYoungGen: 51776K->96K(51200K)] 53675K->1995K(226304K), 0,0003561 secs] [Times: user=0,00 sys=0,00, real=0,00 secs] 
75,411: [GC (Allocation Failure) [PSYoungGen: 50783K->128K(50176K)] 52683K->2027K(225280K), 0,0003589 secs] [Times: user=0,00 sys=0,00, real=0,00 secs] 
75,447: [GC (Allocation Failure) [PSYoungGen: 49792K->96K(49152K)] 51691K->1995K(224256K), 0,0003440 secs] [Times: user=0,00 sys=0,00, real=0,00 secs] 
75,483: [GC (Allocation Failure) [PSYoungGen: 48736K->32K(48128K)] 50635K->1931K(223232K), 0,0004996 secs] [Times: user=0,00 sys=0,00, real=0,00 secs] 
75,518: [GC (Allocation Failure) [PSYoungGen: 47648K->96K(57856K)] 49547K->1995K(232960K), 0,0004494 secs] [Times: user=0,00 sys=0,00, real=0,00 secs] 
75,560: [GC (Allocation Failure) [PSYoungGen: 57440K->64K(56832K)] 59339K->1963K(231936K), 0,0003676 secs] [Times: user=0,00 sys=0,00, real=0,00 secs] 
75,601: [GC (Allocation Failure) [PSYoungGen: 56384K->64K(55808K)] 58283K->1963K(230912K), 0,0004115 secs] [Times: user=0,00 sys=0,00, real=0,00 secs] 
75,641: [GC (Allocation Failure) [PSYoungGen: 55360K->96K(54784K)] 57259K->1995K(229888K), 0,0003582 secs] [Times: user=0,00 sys=0,00, real=0,00 secs] 
75,681: [GC (Allocation Failure) [PSYoungGen: 54368K->64K(53760K)] 56267K->1963K(228864K), 0,0003558 secs] [Times: user=0,00 sys=0,00, real=0,00 secs] 
75,719: [GC (Allocation Failure) [PSYoungGen: 53312K->32K(52736K)] 55211K->1931K(227840K), 0,0003567 secs] [Times: user=0,00 sys=0,00, real=0,00 secs] 
75,757: [GC (Allocation Failure) [PSYoungGen: 52256K->96K(51712K)] 54155K->1995K(226816K), 0,0003447 secs] [Times: user=0,00 sys=0,00, real=0,01 secs] 
75,795: [GC (Allocation Failure) [PSYoungGen: 51296K->96K(50688K)] 53195K->1995K(225792K), 0,0003523 secs] [Times: user=0,00 sys=0,00, real=0,00 secs] 
75,831: [GC (Allocation Failure) [PSYoungGen: 50272K->64K(49664K)] 52171K->1963K(224768K), 0,0003645 secs] [Times: user=0,00 sys=0,00, real=0,00 secs] 
75,867: [GC (Allocation Failure) [PSYoungGen: 49216K->64K(48640K)] 51115K->1963K(223744K), 0,0003701 secs] [Times: user=0,00 sys=0,00, real=0,00 secs] 
75,902: [GC (Allocation Failure) [PSYoungGen: 48192K->96K(48128K)] 50091K->1995K(223232K), 0,0003696 secs] [Times: user=0,01 sys=0,00, real=0,00 secs] 
75,937: [GC (Allocation Failure) [PSYoungGen: 47712K->96K(57856K)] 49611K->1995K(232960K), 0,0005037 secs] [Times: user=0,00 sys=0,00, real=0,00 secs] 
75,979: [GC (Allocation Failure) [PSYoungGen: 57440K->96K(56832K)] 59339K->1995K(231936K), 0,0003681 secs] [Times: user=0,00 sys=0,00, real=0,00 secs] 
76,020: [GC (Allocation Failure) [PSYoungGen: 56416K->96K(55808K)] 58315K->1995K(230912K), 0,0004650 secs] [Times: user=0,00 sys=0,00, real=0,00 secs] 
76,060: [GC (Allocation Failure) [PSYoungGen: 55392K->64K(54784K)] 57291K->1963K(229888K), 0,0004351 secs] [Times: user=0,01 sys=0,00, real=0,00 secs] 
76,100: [GC (Allocation Failure) [PSYoungGen: 54336K->96K(53760K)] 56235K->1995K(228864K), 0,0003609 secs] [Times: user=0,00 sys=0,00, real=0,00 secs] 
76,138: [GC (Allocation Failure) [PSYoungGen: 53344K->96K(52736K)] 55243K->1995K(227840K), 0,0003664 secs] [Times: user=0,00 sys=0,00, real=0,00 secs] 
76,176: [GC (Allocation Failure) [PSYoungGen: 52320K->32K(51712K)] 54219K->1931K(226816K), 0,0003533 secs] [Times: user=0,00 sys=0,00, real=0,00 secs] 
76,213: [GC (Allocation Failure) [PSYoungGen: 51232K->96K(50688K)] 53131K->1995K(225792K), 0,0003519 secs] [Times: user=0,00 sys=0,00, real=0,00 secs] 
76,250: [GC (Allocation Failure) [PSYoungGen: 50272K->96K(49664K)] 52171K->1995K(224768K), 0,0003509 secs] [Times: user=0,00 sys=0,00, real=0,00 secs] 
76,286: [GC (Allocation Failure) [PSYoungGen: 49248K->96K(48640K)] 51147K->1995K(223744K), 0,0003522 secs] [Times: user=0,00 sys=0,00, real=0,00 secs] 
76,321: [GC (Allocation Failure) [PSYoungGen: 48224K->96K(48128K)] 50123K->1995K(223232K), 0,0003617 secs] [Times: user=0,00 sys=0,00, real=0,00 secs] 
76,356: [GC (Allocation Failure) [PSYoungGen: 47712K->96K(47616K)] 49611K->1995K(222720K), 0,0003588 secs] [Times: user=0,00 sys=0,00, real=0,00 secs] 
76,390: [GC (Allocation Failure) [PSYoungGen: 47200K->96K(47104K)] 49099K->1995K(222208K), 0,0003643 secs] [Times: user=0,00 sys=0,00, real=0,00 secs] 
76,424: [GC (Allocation Failure) [PSYoungGen: 46688K->96K(46592K)] 48587K->1995K(221696K), 0,0003500 secs] [Times: user=0,00 sys=0,00, real=0,00 secs] 
76,457: [GC (Allocation Failure) [PSYoungGen: 46176K->32K(46080K)] 48075K->1931K(221184K), 0,0003467 secs] [Times: user=0,00 sys=0,00, real=0,01 secs] 
76,491: [GC (Allocation Failure) [PSYoungGen: 45600K->96K(55296K)] 47499K->1995K(230400K), 0,0004736 secs] [Times: user=0,00 sys=0,00, real=0,00 secs] 
76,531: [GC (Allocation Failure) [PSYoungGen: 54880K->96K(54272K)] 56779K->1995K(229376K), 0,0003625 secs] [Times: user=0,00 sys=0,00, real=0,00 secs] 
76,570: [GC (Allocation Failure) [PSYoungGen: 53856K->128K(53248K)] 55755K->2027K(228352K), 0,0003493 secs] [Times: user=0,00 sys=0,00, real=0,00 secs] 
76,608: [GC (Allocation Failure) [PSYoungGen: 52864K->96K(52224K)] 54763K->1995K(227328K), 0,0003598 secs] [Times: user=0,00 sys=0,00, real=0,00 secs] 
76,646: [GC (Allocation Failure) [PSYoungGen: 51808K->96K(51200K)] 53707K->1995K(226304K), 0,0003572 secs] [Times: user=0,00 sys=0,00, real=0,00 secs] 
76,683: [GC (Allocation Failure) [PSYoungGen: 50784K->96K(50176K)] 52683K->1995K(225280K), 0,0003528 secs] [Times: user=0,00 sys=0,00, real=0,00 secs] 
76,719: [GC (Allocation Failure) [PSYoungGen: 49760K->96K(49152K)] 51659K->1995K(224256K), 0,0003547 secs] [Times: user=0,00 sys=0,00, real=0,00 secs] 
76,754: [GC (Allocation Failure) [PSYoungGen: 48736K->96K(48128K)] 50635K->1995K(223232K), 0,0003444 secs] [Times: user=0,00 sys=0,00, real=0,00 secs] 
76,789: [GC (Allocation Failure) [PSYoungGen: 47712K->64K(47616K)] 49611K->1963K(222720K), 0,0003717 secs] [Times: user=0,00 sys=0,00, real=0,00 secs] 
76,823: [GC (Allocation Failure) [PSYoungGen: 47168K->64K(47104K)] 49067K->1963K(222208K), 0,0003464 secs] [Times: user=0,00 sys=0,00, real=0,00 secs] 
76,857: [GC (Allocation Failure) [PSYoungGen: 46656K->64K(46592K)] 48555K->1963K(221696K), 0,0003495 secs] [Times: user=0,00 sys=0,00, real=0,01 secs] 
76,891: [GC (Allocation Failure) [PSYoungGen: 46144K->96K(46080K)] 48043K->1995K(221184K), 0,0003645 secs] [Times: user=0,00 sys=0,00, real=0,00 secs] 
76,924: [GC (Allocation Failure) [PSYoungGen: 45664K->128K(45568K)] 47563K->2027K(220672K), 0,0003438 secs] [Times: user=0,00 sys=0,00, real=0,00 secs] 
76,957: [GC (Allocation Failure) [PSYoungGen: 45184K->96K(45056K)] 47083K->1995K(220160K), 0,0003756 secs] [Times: user=0,00 sys=0,00, real=0,00 secs] 
76,990: [GC (Allocation Failure) [PSYoungGen: 44640K->96K(54272K)] 46539K->1995K(229376K), 0,0004906 secs] [Times: user=0,00 sys=0,00, real=0,00 secs] 
77,029: [GC (Allocation Failure) [PSYoungGen: 53856K->96K(65024K)] 55755K->1995K(240128K), 0,0009497 secs] [Times: user=0,00 sys=0,00, real=0,00 secs] 
77,076: [GC (Allocation Failure) [PSYoungGen: 64608K->64K(78336K)] 66507K->1963K(253440K), 0,0004477 secs] [Times: user=0,00 sys=0,00, real=0,00 secs] 
77,133: [GC (Allocation Failure) [PSYoungGen: 77888K->32K(94208K)] 79787K->1931K(269312K), 0,0004665 secs] [Times: user=0,01 sys=0,00, real=0,00 secs] 
77,201: [GC (Allocation Failure) [PSYoungGen: 93728K->96K(91648K)] 95627K->1995K(266752K), 0,0004587 secs] [Times: user=0,00 sys=0,00, real=0,00 secs] 
77,267: [GC (Allocation Failure) [PSYoungGen: 91232K->64K(89088K)] 93131K->1963K(264192K), 0,0004493 secs] [Times: user=0,00 sys=0,00, real=0,00 secs] 
77,331: [GC (Allocation Failure) [PSYoungGen: 88640K->64K(87040K)] 90539K->1963K(262144K), 0,0004860 secs] [Times: user=0,01 sys=0,00, real=0,00 secs] 
77,394: [GC (Allocation Failure) [PSYoungGen: 86592K->64K(84992K)] 88491K->1963K(260096K), 0,0004510 secs] [Times: user=0,00 sys=0,00, real=0,00 secs] 
77,455: [GC (Allocation Failure) [PSYoungGen: 84544K->96K(82944K)] 86443K->1995K(258048K), 0,0004886 secs] [Times: user=0,00 sys=0,00, real=0,00 secs] 
77,515: [GC (Allocation Failure) [PSYoungGen: 82528K->96K(80896K)] 84427K->1995K(256000K), 0,0004723 secs] [Times: user=0,00 sys=0,00, real=0,00 secs] 
77,574: [GC (Allocation Failure) [PSYoungGen: 80480K->96K(78848K)] 82379K->1995K(253952K), 0,0004669 secs] [Times: user=0,00 sys=0,00, real=0,00 secs] 
77,631: [GC (Allocation Failure) [PSYoungGen: 78432K->0K(76800K)] 80331K->1899K(251904K), 0,0004667 secs] [Times: user=0,00 sys=0,00, real=0,00 secs] 
77,686: [GC (Allocation Failure) [PSYoungGen: 76288K->96K(74752K)] 78187K->1995K(249856K), 0,0004389 secs] [Times: user=0,00 sys=0,00, real=0,00 secs] 
77,740: [GC (Allocation Failure) [PSYoungGen: 74336K->96K(73216K)] 76235K->1995K(248320K), 0,0004688 secs] [Times: user=0,00 sys=0,01, real=0,00 secs] 
77,793: [GC (Allocation Failure) [PSYoungGen: 72800K->64K(71680K)] 74699K->1963K(246784K), 0,0004516 secs] [Times: user=0,00 sys=0,00, real=0,00 secs] 
77,844: [GC (Allocation Failure) [PSYoungGen: 71232K->96K(70144K)] 73131K->1995K(245248K), 0,0004479 secs] [Times: user=0,00 sys=0,00, real=0,00 secs] 
77,895: [GC (Allocation Failure) [PSYoungGen: 69728K->96K(68608K)] 71627K->1995K(243712K), 0,0004512 secs] [Times: user=0,00 sys=0,00, real=0,00 secs] 
77,944: [GC (Allocation Failure) [PSYoungGen: 68192K->96K(67072K)] 70091K->1995K(242176K), 0,0003601 secs] [Times: user=0,00 sys=0,00, real=0,00 secs] 
77,993: [GC (Allocation Failure) [PSYoungGen: 66656K->96K(65536K)] 68555K->1995K(240640K), 0,0006027 secs] [Times: user=0,00 sys=0,00, real=0,00 secs] 
78,041: [GC (Allocation Failure) [PSYoungGen: 65120K->96K(64000K)] 67019K->1995K(239104K), 0,0004567 secs] [Times: user=0,00 sys=0,00, real=0,00 secs] 
78,087: [GC (Allocation Failure) [PSYoungGen: 63584K->96K(62464K)] 65483K->1995K(237568K), 0,0004351 secs] [Times: user=0,00 sys=0,00, real=0,00 secs] 
78,132: [GC (Allocation Failure) [PSYoungGen: 62048K->64K(61440K)] 63947K->1963K(236544K), 0,0004551 secs] [Times: user=0,00 sys=0,00, real=0,00 secs] 
78,176: [GC (Allocation Failure) [PSYoungGen: 60992K->96K(60416K)] 62891K->1995K(235520K), 0,0003716 secs] [Times: user=0,00 sys=0,00, real=0,00 secs] 
78,220: [GC (Allocation Failure) [PSYoungGen: 60000K->32K(59392K)] 61899K->1931K(234496K), 0,0004529 secs] [Times: user=0,00 sys=0,00, real=0,00 secs] 
78,262: [GC (Allocation Failure) [PSYoungGen: 58912K->96K(58368K)] 60811K->1995K(233472K), 0,0003586 secs] [Times: user=0,00 sys=0,00, real=0,00 secs] 
78,305: [GC (Allocation Failure) [PSYoungGen: 57952K->96K(57344K)] 59851K->1995K(232448K), 0,0003769 secs] [Times: user=0,00 sys=0,00, real=0,00 secs] 
78,346: [GC (Allocation Failure) [PSYoungGen: 56928K->64K(56320K)] 58827K->1963K(231424K), 0,0004484 secs] [Times: user=0,00 sys=0,00, real=0,00 secs] 
78,387: [GC (Allocation Failure) [PSYoungGen: 55872K->64K(55296K)] 57771K->1963K(230400K), 0,0003639 secs] [Times: user=0,00 sys=0,00, real=0,00 secs] 
78,426: [GC (Allocation Failure) [PSYoungGen: 54848K->96K(54272K)] 56747K->1995K(229376K), 0,0003583 secs] [Times: user=0,00 sys=0,00, real=0,00 secs] 
78,466: [GC (Allocation Failure) [PSYoungGen: 53856K->64K(53248K)] 55755K->1963K(228352K), 0,0004769 secs] [Times: user=0,00 sys=0,00, real=0,00 secs] 
78,504: [GC (Allocation Failure) [PSYoungGen: 52800K->96K(52224K)] 54699K->1995K(227328K), 0,0004716 secs] [Times: user=0,00 sys=0,00, real=0,00 secs] 
78,542: [GC (Allocation Failure) [PSYoungGen: 51808K->96K(51200K)] 53707K->1995K(226304K), 0,0003548 secs] [Times: user=0,01 sys=0,00, real=0,00 secs] 
78,579: [GC (Allocation Failure) [PSYoungGen: 50784K->96K(50176K)] 52683K->1995K(225280K), 0,0003575 secs] [Times: user=0,00 sys=0,00, real=0,00 secs] 
78,615: [GC (Allocation Failure) [PSYoungGen: 49760K->32K(49152K)] 51659K->1931K(224256K), 0,0003501 secs] [Times: user=0,00 sys=0,00, real=0,00 secs] 
78,651: [GC (Allocation Failure) [PSYoungGen: 48672K->96K(48128K)] 50571K->1995K(223232K), 0,0003518 secs] [Times: user=0,00 sys=0,00, real=0,00 secs] 
78,685: [GC (Allocation Failure) [PSYoungGen: 47712K->96K(47616K)] 49611K->1995K(222720K), 0,0003506 secs] [Times: user=0,00 sys=0,00, real=0,00 secs] 
78,719: [GC (Allocation Failure) [PSYoungGen: 47200K->96K(47104K)] 49099K->1995K(222208K), 0,0003435 secs] [Times: user=0,00 sys=0,00, real=0,00 secs] 
78,753: [GC (Allocation Failure) [PSYoungGen: 46688K->128K(46592K)] 48587K->2027K(221696K), 0,0003498 secs] [Times: user=0,00 sys=0,00, real=0,00 secs] 
78,788: [GC (Allocation Failure) [PSYoungGen: 46208K->64K(46080K)] 48107K->1963K(221184K), 0,0003652 secs] [Times: user=0,00 sys=0,00, real=0,00 secs] 
78,821: [GC (Allocation Failure) [PSYoungGen: 45632K->64K(45568K)] 47531K->1963K(220672K), 0,0003495 secs] [Times: user=0,00 sys=0,00, real=0,00 secs] 
78,854: [GC (Allocation Failure) [PSYoungGen: 45120K->96K(45056K)] 47019K->1995K(220160K), 0,0003493 secs] [Times: user=0,00 sys=0,00, real=0,00 secs] 
78,886: [GC (Allocation Failure) [PSYoungGen: 44640K->128K(44544K)] 46539K->2027K(219648K), 0,0003515 secs] [Times: user=0,00 sys=0,00, real=0,00 secs] 
78,919: [GC (Allocation Failure) [PSYoungGen: 44160K->96K(53760K)] 46059K->1995K(228864K), 0,0004794 secs] [Times: user=0,00 sys=0,00, real=0,00 secs] 
78,957: [GC (Allocation Failure) [PSYoungGen: 53344K->32K(64512K)] 55243K->1931K(239616K), 0,0004551 secs] [Times: user=0,00 sys=0,00, real=0,01 secs] 
79,009: [GC (Allocation Failure) [PSYoungGen: 64032K->96K(77312K)] 65931K->1995K(252416K), 0,0004701 secs] [Times: user=0,01 sys=0,00, real=0,00 secs] 
79,065: [GC (Allocation Failure) [PSYoungGen: 76896K->64K(75264K)] 78795K->1963K(250368K), 0,0004525 secs] [Times: user=0,00 sys=0,00, real=0,00 secs] 
79,119: [GC (Allocation Failure) [PSYoungGen: 74816K->96K(73728K)] 76715K->1995K(248832K), 0,0004644 secs] [Times: user=0,00 sys=0,00, real=0,00 secs] 
79,172: [GC (Allocation Failure) [PSYoungGen: 73312K->64K(72192K)] 75211K->1963K(247296K), 0,0004398 secs] [Times: user=0,00 sys=0,00, real=0,00 secs] 
79,224: [GC (Allocation Failure) [PSYoungGen: 71744K->96K(70656K)] 73643K->1995K(245760K), 0,0004467 secs] [Times: user=0,00 sys=0,00, real=0,00 secs] 
79,275: [GC (Allocation Failure) [PSYoungGen: 70240K->96K(69120K)] 72139K->1995K(244224K), 0,0004520 secs] [Times: user=0,00 sys=0,00, real=0,00 secs] 
79,325: [GC (Allocation Failure) [PSYoungGen: 68704K->64K(67584K)] 70603K->1963K(242688K), 0,0004749 secs] [Times: user=0,00 sys=0,00, real=0,00 secs] 
79,374: [GC (Allocation Failure) [PSYoungGen: 67136K->64K(66048K)] 69035K->1963K(241152K), 0,0004443 secs] [Times: user=0,00 sys=0,00, real=0,00 secs] 
79,421: [GC (Allocation Failure) [PSYoungGen: 65600K->64K(64512K)] 67499K->1963K(239616K), 0,0004563 secs] [Times: user=0,00 sys=0,00, real=0,00 secs] 
79,468: [GC (Allocation Failure) [PSYoungGen: 64064K->64K(62976K)] 65963K->1963K(238080K), 0,0004902 secs] [Times: user=0,00 sys=0,00, real=0,00 secs] 
79,514: [GC (Allocation Failure) [PSYoungGen: 62528K->96K(61952K)] 64427K->1995K(237056K), 0,0004571 secs] [Times: user=0,00 sys=0,00, real=0,00 secs] 
79,559: [GC (Allocation Failure) [PSYoungGen: 61536K->128K(60928K)] 63435K->2027K(236032K), 0,0005099 secs] [Times: user=0,00 sys=0,00, real=0,00 secs] 
79,603: [GC (Allocation Failure) [PSYoungGen: 60544K->96K(59904K)] 62443K->1995K(235008K), 0,0003626 secs] [Times: user=0,00 sys=0,00, real=0,00 secs] 
79,646: [GC (Allocation Failure) [PSYoungGen: 59488K->96K(58880K)] 61387K->1995K(233984K), 0,0003564 secs] [Times: user=0,00 sys=0,00, real=0,00 secs] 
79,688: [GC (Allocation Failure) [PSYoungGen: 58464K->96K(57856K)] 60363K->1995K(232960K), 0,0003560 secs] [Times: user=0,00 sys=0,00, real=0,00 secs] 
79,730: [GC (Allocation Failure) [PSYoungGen: 57440K->96K(56832K)] 59339K->1995K(231936K), 0,0003565 secs] [Times: user=0,00 sys=0,00, real=0,00 secs] 
79,771: [GC (Allocation Failure) [PSYoungGen: 56416K->64K(55808K)] 58315K->1963K(230912K), 0,0003621 secs] [Times: user=0,00 sys=0,00, real=0,00 secs] 
79,811: [GC (Allocation Failure) [PSYoungGen: 55360K->64K(54784K)] 57259K->1963K(229888K), 0,0003555 secs] [Times: user=0,00 sys=0,00, real=0,00 secs] 
79,850: [GC (Allocation Failure) [PSYoungGen: 54336K->96K(53760K)] 56235K->1995K(228864K), 0,0003586 secs] [Times: user=0,00 sys=0,00, real=0,00 secs] 
79,889: [GC (Allocation Failure) [PSYoungGen: 53344K->128K(52736K)] 55243K->2027K(227840K), 0,0003541 secs] [Times: user=0,00 sys=0,00, real=0,00 secs] 
79,927: [GC (Allocation Failure) [PSYoungGen: 52352K->32K(51712K)] 54251K->1931K(226816K), 0,0003556 secs] [Times: user=0,00 sys=0,00, real=0,00 secs] 
79,965: [GC (Allocation Failure) [PSYoungGen: 51232K->64K(50688K)] 53131K->1963K(225792K), 0,0004977 secs] [Times: user=0,00 sys=0,00, real=0,00 secs] 
80,001: [GC (Allocation Failure) [PSYoungGen: 50240K->96K(49664K)] 52139K->1995K(224768K), 0,0003873 secs] [Times: user=0,01 sys=0,00, real=0,00 secs] 
80,037: [GC (Allocation Failure) [PSYoungGen: 49248K->96K(48640K)] 51147K->1995K(223744K), 0,0003540 secs] [Times: user=0,00 sys=0,00, real=0,01 secs] 
80,072: [GC (Allocation Failure) [PSYoungGen: 48224K->64K(48128K)] 50123K->1963K(223232K), 0,0003603 secs] [Times: user=0,00 sys=0,00, real=0,00 secs] 
80,107: [GC (Allocation Failure) [PSYoungGen: 47680K->96K(47616K)] 49579K->1995K(222720K), 0,0003659 secs] [Times: user=0,00 sys=0,00, real=0,00 secs] 
80,141: [GC (Allocation Failure) [PSYoungGen: 47200K->96K(47104K)] 49099K->1995K(222208K), 0,0003535 secs] [Times: user=0,00 sys=0,00, real=0,00 secs] 
80,175: [GC (Allocation Failure) [PSYoungGen: 46688K->128K(46592K)] 48587K->2027K(221696K), 0,0003447 secs] [Times: user=0,00 sys=0,00, real=0,00 secs] 
80,209: [GC (Allocation Failure) [PSYoungGen: 46208K->32K(46080K)] 48107K->1931K(221184K), 0,0003640 secs] [Times: user=0,00 sys=0,00, real=0,00 secs] 
80,242: [GC (Allocation Failure) [PSYoungGen: 45600K->96K(45568K)] 47499K->1995K(220672K), 0,0003459 secs] [Times: user=0,00 sys=0,00, real=0,00 secs] 
80,280: [GC (Allocation Failure) [PSYoungGen: 45152K->96K(54784K)] 47051K->1995K(229888K), 0,0004995 secs] [Times: user=0,00 sys=0,00, real=0,00 secs] 
80,320: [GC (Allocation Failure) [PSYoungGen: 54368K->96K(66048K)] 56267K->2019K(241152K), 0,0005143 secs] [Times: user=0,01 sys=0,00, real=0,00 secs] 
80,368: [GC (Allocation Failure) [PSYoungGen: 65632K->64K(79360K)] 67555K->1987K(254464K), 0,0004534 secs] [Times: user=0,00 sys=0,00, real=0,00 secs] 
80,425: [GC (Allocation Failure) [PSYoungGen: 78912K->64K(77312K)] 80835K->1987K(252416K), 0,0004738 secs] [Times: user=0,00 sys=0,01, real=0,00 secs] 
80,481: [GC (Allocation Failure) [PSYoungGen: 76864K->96K(75264K)] 78787K->2019K(250368K), 0,0004889 secs] [Times: user=0,00 sys=0,00, real=0,00 secs] 
80,536: [GC (Allocation Failure) [PSYoungGen: 74848K->32K(73728K)] 76771K->1955K(248832K), 0,0004781 secs] [Times: user=0,00 sys=0,00, real=0,00 secs] 
80,589: [GC (Allocation Failure) [PSYoungGen: 73248K->96K(72192K)] 75171K->2019K(247296K), 0,0004735 secs] [Times: user=0,00 sys=0,00, real=0,00 secs] 
80,641: [GC (Allocation Failure) [PSYoungGen: 71776K->64K(70656K)] 73699K->1987K(245760K), 0,0004663 secs] [Times: user=0,00 sys=0,00, real=0,00 secs] 
80,692: [GC (Allocation Failure) [PSYoungGen: 70208K->128K(69120K)] 72131K->2051K(244224K), 0,0004704 secs] [Times: user=0,00 sys=0,00, real=0,00 secs] 
80,742: [GC (Allocation Failure) [PSYoungGen: 68736K->96K(67584K)] 70659K->2019K(242688K), 0,0004572 secs] [Times: user=0,00 sys=0,00, real=0,00 secs] 
80,791: [GC (Allocation Failure) [PSYoungGen: 67168K->64K(66048K)] 69091K->1987K(241152K), 0,0004942 secs] [Times: user=0,00 sys=0,00, real=0,00 secs] 
80,839: [GC (Allocation Failure) [PSYoungGen: 65600K->96K(64512K)] 67523K->2019K(239616K), 0,0004482 secs] [Times: user=0,00 sys=0,00, real=0,00 secs] 
80,885: [GC (Allocation Failure) [PSYoungGen: 64096K->96K(62976K)] 66019K->2019K(238080K), 0,0004678 secs] [Times: user=0,00 sys=0,00, real=0,00 secs] 
80,931: [GC (Allocation Failure) [PSYoungGen: 62560K->96K(61952K)] 64483K->2019K(237056K), 0,0004527 secs] [Times: user=0,00 sys=0,00, real=0,00 secs] 
80,976: [GC (Allocation Failure) [PSYoungGen: 61536K->96K(60928K)] 63459K->2019K(236032K), 0,0004990 secs] [Times: user=0,00 sys=0,00, real=0,00 secs] 
81,020: [GC (Allocation Failure) [PSYoungGen: 60512K->0K(59904K)] 62435K->1923K(235008K), 0,0004849 secs] [Times: user=0,00 sys=0,00, real=0,00 secs] 
81,064: [GC (Allocation Failure) [PSYoungGen: 59392K->64K(58880K)] 61315K->1987K(233984K), 0,0004494 secs] [Times: user=0,00 sys=0,00, real=0,00 secs] 
81,106: [GC (Allocation Failure) [PSYoungGen: 58432K->64K(57856K)] 60355K->1987K(232960K), 0,0004289 secs] [Times: user=0,00 sys=0,00, real=0,00 secs] 
81,148: [GC (Allocation Failure) [PSYoungGen: 57408K->64K(56832K)] 59331K->1987K(231936K), 0,0004548 secs] [Times: user=0,00 sys=0,00, real=0,00 secs] 
81,189: [GC (Allocation Failure) [PSYoungGen: 56384K->96K(55808K)] 58307K->2019K(230912K), 0,0004587 secs] [Times: user=0,00 sys=0,00, real=0,00 secs] 
81,229: [GC (Allocation Failure) [PSYoungGen: 55392K->64K(54784K)] 57315K->1987K(229888K), 0,0003623 secs] [Times: user=0,00 sys=0,00, real=0,00 secs] 
81,269: [GC (Allocation Failure) [PSYoungGen: 54336K->96K(53760K)] 56259K->2019K(228864K), 0,0003681 secs] [Times: user=0,00 sys=0,00, real=0,00 secs] 
81,308: [GC (Allocation Failure) [PSYoungGen: 53344K->128K(52736K)] 55267K->2051K(227840K), 0,0003717 secs] [Times: user=0,00 sys=0,00, real=0,00 secs] 
81,346: [GC (Allocation Failure) [PSYoungGen: 52352K->64K(51712K)] 54275K->1987K(226816K), 0,0003554 secs] [Times: user=0,00 sys=0,00, real=0,00 secs] 
81,383: [GC (Allocation Failure) [PSYoungGen: 51264K->96K(50688K)] 53187K->2019K(225792K), 0,0003641 secs] [Times: user=0,00 sys=0,00, real=0,00 secs] 
81,420: [GC (Allocation Failure) [PSYoungGen: 50272K->96K(49664K)] 52195K->2019K(224768K), 0,0003710 secs] [Times: user=0,00 sys=0,00, real=0,00 secs] 
81,456: [GC (Allocation Failure) [PSYoungGen: 49248K->96K(48640K)] 51171K->2019K(223744K), 0,0003503 secs] [Times: user=0,00 sys=0,00, real=0,00 secs] 
81,491: [GC (Allocation Failure) [PSYoungGen: 48224K->96K(48128K)] 50147K->2019K(223232K), 0,0004850 secs] [Times: user=0,01 sys=0,00, real=0,00 secs] 
81,526: [GC (Allocation Failure) [PSYoungGen: 47712K->64K(57856K)] 49635K->1987K(232960K), 0,0009624 secs] [Times: user=0,00 sys=0,00, real=0,00 secs] 
81,569: [GC (Allocation Failure) [PSYoungGen: 57408K->96K(69632K)] 59331K->2019K(244736K), 0,0014001 secs] [Times: user=0,00 sys=0,00, real=0,00 secs] 
81,620: [GC (Allocation Failure) [PSYoungGen: 69216K->64K(83456K)] 71139K->1987K(258560K), 0,0004923 secs] [Times: user=0,01 sys=0,00, real=0,00 secs] 
81,681: [GC (Allocation Failure) [PSYoungGen: 83008K->64K(100352K)] 84931K->1987K(275456K), 0,0004863 secs] [Times: user=0,01 sys=0,00, real=0,00 secs] 
81,753: [GC (Allocation Failure) [PSYoungGen: 99904K->32K(97792K)] 101827K->1955K(272896K), 0,0004901 secs] [Times: user=0,00 sys=0,00, real=0,00 secs] 
81,824: [GC (Allocation Failure) [PSYoungGen: 97312K->96K(95232K)] 99235K->2019K(270336K), 0,0004847 secs] [Times: user=0,00 sys=0,00, real=0,00 secs] 
81,892: [GC (Allocation Failure) [PSYoungGen: 94816K->64K(92672K)] 96739K->1987K(267776K), 0,0004887 secs] [Times: user=0,00 sys=0,00, real=0,00 secs] 
81,959: [GC (Allocation Failure) [PSYoungGen: 92224K->96K(90112K)] 94147K->2019K(265216K), 0,0005777 secs] [Times: user=0,00 sys=0,00, real=0,00 secs] 
82,025: [GC (Allocation Failure) [PSYoungGen: 89696K->96K(87552K)] 91619K->2019K(262656K), 0,0004954 secs] [Times: user=0,00 sys=0,00, real=0,00 secs] 
82,088: [GC (Allocation Failure) [PSYoungGen: 87136K->64K(85504K)] 89059K->1987K(260608K), 0,0004882 secs] [Times: user=0,01 sys=0,00, real=0,00 secs] 
82,150: [GC (Allocation Failure) [PSYoungGen: 85056K->64K(83456K)] 86979K->1987K(258560K), 0,0004806 secs] [Times: user=0,00 sys=0,00, real=0,00 secs] 
82,210: [GC (Allocation Failure) [PSYoungGen: 83007K->64K(81408K)] 84931K->1987K(256512K), 0,0004748 secs] [Times: user=0,00 sys=0,00, real=0,00 secs] 
82,269: [GC (Allocation Failure) [PSYoungGen: 80960K->64K(79360K)] 82883K->1987K(254464K), 0,0004765 secs] [Times: user=0,00 sys=0,00, real=0,00 secs] 
82,326: [GC (Allocation Failure) [PSYoungGen: 78912K->96K(77312K)] 80835K->2019K(252416K), 0,0004874 secs] [Times: user=0,01 sys=0,00, real=0,00 secs] 
82,382: [GC (Allocation Failure) [PSYoungGen: 76896K->64K(75264K)] 78819K->1987K(250368K), 0,0004816 secs] [Times: user=0,00 sys=0,00, real=0,00 secs] 
82,437: [GC (Allocation Failure) [PSYoungGen: 74816K->64K(73728K)] 76739K->1987K(248832K), 0,0005467 secs] [Times: user=0,00 sys=0,00, real=0,01 secs] 
82,491: [GC (Allocation Failure) [PSYoungGen: 73280K->64K(72192K)] 75203K->1987K(247296K), 0,0005004 secs] [Times: user=0,00 sys=0,00, real=0,00 secs] 
82,543: [GC (Allocation Failure) [PSYoungGen: 71744K->96K(70656K)] 73667K->2019K(245760K), 0,0004565 secs] [Times: user=0,00 sys=0,00, real=0,00 secs] 
82,594: [GC (Allocation Failure) [PSYoungGen: 70240K->96K(69120K)] 72163K->2019K(244224K), 0,0004645 secs] [Times: user=0,00 sys=0,00, real=0,00 secs] 
82,644: [GC (Allocation Failure) [PSYoungGen: 68704K->32K(67584K)] 70627K->1955K(242688K), 0,0004807 secs] [Times: user=0,01 sys=0,00, real=0,00 secs] 
82,693: [GC (Allocation Failure) [PSYoungGen: 67104K->96K(66048K)] 69027K->2019K(241152K), 0,0004719 secs] [Times: user=0,00 sys=0,00, real=0,00 secs] 
82,740: [GC (Allocation Failure) [PSYoungGen: 65632K->96K(64512K)] 67555K->2019K(239616K), 0,0004536 secs] [Times: user=0,00 sys=0,00, real=0,00 secs] 
82,787: [GC (Allocation Failure) [PSYoungGen: 64096K->64K(62976K)] 66019K->1987K(238080K), 0,0004759 secs] [Times: user=0,00 sys=0,00, real=0,01 secs] 
82,832: [GC (Allocation Failure) [PSYoungGen: 62528K->64K(61952K)] 64451K->1987K(237056K), 0,0004555 secs] [Times: user=0,01 sys=0,00, real=0,00 secs] 
82,877: [GC (Allocation Failure) [PSYoungGen: 61504K->32K(60928K)] 63427K->1955K(236032K), 0,0004487 secs] [Times: user=0,00 sys=0,00, real=0,01 secs] 
82,921: [GC (Allocation Failure) [PSYoungGen: 60448K->64K(59904K)] 62371K->1987K(235008K), 0,0004592 secs] [Times: user=0,00 sys=0,00, real=0,00 secs] 
82,965: [GC (Allocation Failure) [PSYoungGen: 59456K->96K(58880K)] 61379K->2019K(233984K), 0,0004946 secs] [Times: user=0,00 sys=0,00, real=0,00 secs] 
83,008: [GC (Allocation Failure) [PSYoungGen: 58464K->64K(57856K)] 60387K->1987K(232960K), 0,0004786 secs] [Times: user=0,00 sys=0,00, real=0,00 secs] 
83,050: [GC (Allocation Failure) [PSYoungGen: 57408K->96K(56832K)] 59331K->2019K(231936K), 0,0004652 secs] [Times: user=0,00 sys=0,00, real=0,00 secs] 
83,091: [GC (Allocation Failure) [PSYoungGen: 56416K->96K(55808K)] 58339K->2019K(230912K), 0,0003607 secs] [Times: user=0,01 sys=0,00, real=0,00 secs] 
83,131: [GC (Allocation Failure) [PSYoungGen: 55392K->96K(54784K)] 57315K->2019K(229888K), 0,0003714 secs] [Times: user=0,00 sys=0,00, real=0,00 secs] 
83,170: [GC (Allocation Failure) [PSYoungGen: 54368K->96K(53760K)] 56291K->2019K(228864K), 0,0004383 secs] [Times: user=0,00 sys=0,00, real=0,00 secs] 
83,209: [GC (Allocation Failure) [PSYoungGen: 53344K->96K(52736K)] 55267K->2019K(227840K), 0,0003625 secs] [Times: user=0,00 sys=0,00, real=0,00 secs] 
83,247: [GC (Allocation Failure) [PSYoungGen: 52320K->32K(51712K)] 54243K->1955K(226816K), 0,0003747 secs] [Times: user=0,00 sys=0,01, real=0,01 secs] 
83,285: [GC (Allocation Failure) [PSYoungGen: 51232K->64K(61952K)] 53155K->1987K(237056K), 0,0006313 secs] [Times: user=0,00 sys=0,00, real=0,00 secs] 
83,330: [GC (Allocation Failure) [PSYoungGen: 61504K->64K(74240K)] 63427K->1987K(249344K), 0,0004874 secs] [Times: user=0,00 sys=0,00, real=0,00 secs] 
83,384: [GC (Allocation Failure) [PSYoungGen: 73791K->64K(72704K)] 75715K->1987K(247808K), 0,0004884 secs] [Times: user=0,00 sys=0,00, real=0,00 secs] 
83,437: [GC (Allocation Failure) [PSYoungGen: 72256K->96K(71168K)] 74179K->2019K(246272K), 0,0004979 secs] [Times: user=0,00 sys=0,00, real=0,01 secs] 
83,489: [GC (Allocation Failure) [PSYoungGen: 70752K->96K(69632K)] 72675K->2019K(244736K), 0,0004599 secs] [Times: user=0,00 sys=0,00, real=0,00 secs] 
83,539: [GC (Allocation Failure) [PSYoungGen: 69216K->96K(68096K)] 71139K->2019K(243200K), 0,0004484 secs] [Times: user=0,00 sys=0,00, real=0,00 secs] 
83,588: [GC (Allocation Failure) [PSYoungGen: 67680K->96K(66560K)] 69603K->2019K(241664K), 0,0004483 secs] [Times: user=0,00 sys=0,00, real=0,00 secs] 
83,636: [GC (Allocation Failure) [PSYoungGen: 66144K->96K(65024K)] 68067K->2019K(240128K), 0,0004598 secs] [Times: user=0,01 sys=0,00, real=0,00 secs] 
83,683: [GC (Allocation Failure) [PSYoungGen: 64608K->96K(63488K)] 66531K->2019K(238592K), 0,0003848 secs] [Times: user=0,00 sys=0,00, real=0,00 secs] 
83,733: [GC (Allocation Failure) [PSYoungGen: 63072K->128K(61952K)] 64995K->2051K(237056K), 0,0003672 secs] [Times: user=0,00 sys=0,00, real=0,00 secs] 
83,778: [GC (Allocation Failure) [PSYoungGen: 61568K->96K(60928K)] 63491K->2019K(236032K), 0,0004648 secs] [Times: user=0,00 sys=0,00, real=0,00 secs] 
83,822: [GC (Allocation Failure) [PSYoungGen: 60512K->96K(59904K)] 62435K->2019K(235008K), 0,0003665 secs] [Times: user=0,00 sys=0,00, real=0,00 secs] 
83,865: [GC (Allocation Failure) [PSYoungGen: 59488K->96K(58880K)] 61411K->2019K(233984K), 0,0003683 secs] [Times: user=0,01 sys=0,00, real=0,00 secs] 
83,907: [GC (Allocation Failure) [PSYoungGen: 58464K->96K(57856K)] 60387K->2019K(232960K), 0,0003636 secs] [Times: user=0,00 sys=0,00, real=0,01 secs] 
83,949: [GC (Allocation Failure) [PSYoungGen: 57440K->96K(56832K)] 59363K->2019K(231936K), 0,0003580 secs] [Times: user=0,00 sys=0,00, real=0,00 secs] 
83,990: [GC (Allocation Failure) [PSYoungGen: 56416K->32K(55808K)] 58339K->1955K(230912K), 0,0005081 secs] [Times: user=0,00 sys=0,00, real=0,00 secs] 
84,031: [GC (Allocation Failure) [PSYoungGen: 55328K->96K(54784K)] 57251K->2019K(229888K), 0,0003726 secs] [Times: user=0,00 sys=0,00, real=0,00 secs] 
84,070: [GC (Allocation Failure) [PSYoungGen: 54368K->64K(53760K)] 56291K->1987K(228864K), 0,0004253 secs] [Times: user=0,00 sys=0,00, real=0,00 secs] 
84,109: [GC (Allocation Failure) [PSYoungGen: 53312K->96K(52736K)] 55235K->2019K(227840K), 0,0003660 secs] [Times: user=0,00 sys=0,00, real=0,00 secs] 
84,147: [GC (Allocation Failure) [PSYoungGen: 52320K->96K(51712K)] 54243K->2019K(226816K), 0,0003569 secs] [Times: user=0,00 sys=0,00, real=0,01 secs] 
84,184: [GC (Allocation Failure) [PSYoungGen: 51296K->96K(50688K)] 53219K->2019K(225792K), 0,0003651 secs] [Times: user=0,00 sys=0,00, real=0,00 secs] 
84,221: [GC (Allocation Failure) [PSYoungGen: 50272K->64K(49664K)] 52195K->1987K(224768K), 0,0003583 secs] [Times: user=0,00 sys=0,00, real=0,00 secs] 
84,256: [GC (Allocation Failure) [PSYoungGen: 49216K->96K(48640K)] 51139K->2019K(223744K), 0,0003521 secs] [Times: user=0,00 sys=0,00, real=0,00 secs] 
84,291: [GC (Allocation Failure) [PSYoungGen: 48224K->96K(48128K)] 50147K->2019K(223232K), 0,0003563 secs] [Times: user=0,00 sys=0,00, real=0,00 secs] 
84,326: [GC (Allocation Failure) [PSYoungGen: 47712K->96K(47616K)] 49635K->2019K(222720K), 0,0003742 secs] [Times: user=0,00 sys=0,00, real=0,00 secs] 
84,360: [GC (Allocation Failure) [PSYoungGen: 47200K->128K(47104K)] 49123K->2051K(222208K), 0,0003580 secs] [Times: user=0,00 sys=0,00, real=0,00 secs] 
84,394: [GC (Allocation Failure) [PSYoungGen: 46720K->96K(46592K)] 48643K->2019K(221696K), 0,0003598 secs] [Times: user=0,00 sys=0,00, real=0,00 secs] 
84,428: [GC (Allocation Failure) [PSYoungGen: 46176K->96K(46080K)] 48099K->2019K(221184K), 0,0003541 secs] [Times: user=0,00 sys=0,00, real=0,00 secs] 
84,461: [GC (Allocation Failure) [PSYoungGen: 45664K->96K(55296K)] 47587K->2019K(230400K), 0,0006068 secs] [Times: user=0,00 sys=0,00, real=0,00 secs] 
84,502: [GC (Allocation Failure) [PSYoungGen: 54880K->32K(66560K)] 56803K->1955K(241664K), 0,0004485 secs] [Times: user=0,00 sys=0,00, real=0,00 secs] 
84,550: [GC (Allocation Failure) [PSYoungGen: 66080K->96K(79872K)] 68003K->2019K(254976K), 0,0004451 secs] [Times: user=0,01 sys=0,00, real=0,00 secs] 
84,607: [GC (Allocation Failure) [PSYoungGen: 79456K->96K(95744K)] 81379K->2019K(270848K), 0,0005381 secs] [Times: user=0,00 sys=0,00, real=0,01 secs] 
84,676: [GC (Allocation Failure) [PSYoungGen: 95328K->96K(93184K)] 97251K->2019K(268288K), 0,0004686 secs] [Times: user=0,00 sys=0,00, real=0,00 secs] 
84,743: [GC (Allocation Failure) [PSYoungGen: 92768K->96K(90624K)] 94691K->2019K(265728K), 0,0004615 secs] [Times: user=0,00 sys=0,00, real=0,00 secs] 
84,809: [GC (Allocation Failure) [PSYoungGen: 90208K->64K(88064K)] 92131K->1987K(263168K), 0,0004657 secs] [Times: user=0,01 sys=0,00, real=0,00 secs] 
84,872: [GC (Allocation Failure) [PSYoungGen: 87616K->96K(86016K)] 89539K->2019K(261120K), 0,0004549 secs] [Times: user=0,00 sys=0,00, real=0,00 secs] 
84,934: [GC (Allocation Failure) [PSYoungGen: 85600K->96K(83968K)] 87523K->2019K(259072K), 0,0004873 secs] [Times: user=0,00 sys=0,00, real=0,00 secs] 
84,995: [GC (Allocation Failure) [PSYoungGen: 83552K->32K(81920K)] 85475K->1955K(257024K), 0,0004764 secs] [Times: user=0,00 sys=0,00, real=0,00 secs] 
85,054: [GC (Allocation Failure) [PSYoungGen: 81440K->32K(79872K)] 83363K->1955K(254976K), 0,0004494 secs] [Times: user=0,00 sys=0,00, real=0,00 secs] 
85,112: [GC (Allocation Failure) [PSYoungGen: 79392K->96K(77824K)] 81315K->2019K(252928K), 0,0004595 secs] [Times: user=0,00 sys=0,00, real=0,00 secs] 
85,168: [GC (Allocation Failure) [PSYoungGen: 77408K->64K(75776K)] 79331K->1987K(250880K), 0,0004669 secs] [Times: user=0,00 sys=0,00, real=0,00 secs] 
85,223: [GC (Allocation Failure) [PSYoungGen: 75328K->96K(74240K)] 77251K->2019K(249344K), 0,0004526 secs] [Times: user=0,00 sys=0,00, real=0,00 secs] 
85,276: [GC (Allocation Failure) [PSYoungGen: 73824K->64K(72704K)] 75747K->1987K(247808K), 0,0004461 secs] [Times: user=0,00 sys=0,00, real=0,00 secs] 
85,329: [GC (Allocation Failure) [PSYoungGen: 72256K->96K(71168K)] 74179K->2019K(246272K), 0,0004615 secs] [Times: user=0,00 sys=0,00, real=0,00 secs] 
85,380: [GC (Allocation Failure) [PSYoungGen: 70752K->96K(69632K)] 72675K->2019K(244736K), 0,0004496 secs] [Times: user=0,00 sys=0,00, real=0,00 secs] 
85,431: [GC (Allocation Failure) [PSYoungGen: 69216K->96K(68096K)] 71139K->2019K(243200K), 0,0003495 secs] [Times: user=0,00 sys=0,00, real=0,00 secs] 
85,480: [GC (Allocation Failure) [PSYoungGen: 67680K->64K(66560K)] 69603K->1987K(241664K), 0,0004971 secs] [Times: user=0,00 sys=0,00, real=0,00 secs] 
85,528: [GC (Allocation Failure) [PSYoungGen: 66112K->64K(65024K)] 68035K->1987K(240128K), 0,0004702 secs] [Times: user=0,00 sys=0,00, real=0,00 secs] 
85,575: [GC (Allocation Failure) [PSYoungGen: 64576K->96K(63488K)] 66499K->2019K(238592K), 0,0004578 secs] [Times: user=0,00 sys=0,00, real=0,00 secs] 
85,621: [GC (Allocation Failure) [PSYoungGen: 63072K->64K(61952K)] 64995K->1987K(237056K), 0,0004471 secs] [Times: user=0,00 sys=0,00, real=0,00 secs] 
85,666: [GC (Allocation Failure) [PSYoungGen: 61504K->96K(60928K)] 63427K->2019K(236032K), 0,0004581 secs] [Times: user=0,00 sys=0,00, real=0,00 secs] 
85,710: [GC (Allocation Failure) [PSYoungGen: 60512K->64K(59904K)] 62435K->1987K(235008K), 0,0003471 secs] [Times: user=0,00 sys=0,00, real=0,00 secs] 
85,753: [GC (Allocation Failure) [PSYoungGen: 59456K->96K(58880K)] 61379K->2019K(233984K), 0,0003605 secs] [Times: user=0,00 sys=0,00, real=0,00 secs] 
85,795: [GC (Allocation Failure) [PSYoungGen: 58464K->64K(57856K)] 60387K->1987K(232960K), 0,0004606 secs] [Times: user=0,00 sys=0,00, real=0,00 secs] 
85,837: [GC (Allocation Failure) [PSYoungGen: 57408K->64K(56832K)] 59331K->1987K(231936K), 0,0003555 secs] [Times: user=0,00 sys=0,00, real=0,01 secs] 
85,878: [GC (Allocation Failure) [PSYoungGen: 56384K->96K(55808K)] 58307K->2019K(230912K), 0,0003613 secs] [Times: user=0,00 sys=0,00, real=0,00 secs] 
85,918: [GC (Allocation Failure) [PSYoungGen: 55392K->96K(54784K)] 57315K->2019K(229888K), 0,0003586 secs] [Times: user=0,00 sys=0,00, real=0,00 secs] 
85,957: [GC (Allocation Failure) [PSYoungGen: 54368K->96K(53760K)] 56291K->2019K(228864K), 0,0003631 secs] [Times: user=0,00 sys=0,00, real=0,00 secs] 
85,997: [GC (Allocation Failure) [PSYoungGen: 53344K->32K(52736K)] 55267K->1955K(227840K), 0,0004972 secs] [Times: user=0,00 sys=0,00, real=0,00 secs] 
86,035: [GC (Allocation Failure) [PSYoungGen: 52256K->64K(51712K)] 54179K->1987K(226816K), 0,0003704 secs] [Times: user=0,00 sys=0,00, real=0,00 secs] 
86,072: [GC (Allocation Failure) [PSYoungGen: 51264K->96K(50688K)] 53187K->2019K(225792K), 0,0003434 secs] [Times: user=0,00 sys=0,00, real=0,00 secs] 
86,109: [GC (Allocation Failure) [PSYoungGen: 50272K->96K(49664K)] 52195K->2019K(224768K), 0,0003737 secs] [Times: user=0,01 sys=0,00, real=0,00 secs] 
86,145: [GC (Allocation Failure) [PSYoungGen: 49248K->64K(48640K)] 51171K->1987K(223744K), 0,0003526 secs] [Times: user=0,00 sys=0,00, real=0,00 secs] 
86,180: [GC (Allocation Failure) [PSYoungGen: 48192K->96K(48128K)] 50115K->2019K(223232K), 0,0003511 secs] [Times: user=0,00 sys=0,00, real=0,00 secs] 
86,214: [GC (Allocation Failure) [PSYoungGen: 47712K->96K(47616K)] 49635K->2019K(222720K), 0,0003507 secs] [Times: user=0,00 sys=0,00, real=0,00 secs] 
86,248: [GC (Allocation Failure) [PSYoungGen: 47200K->128K(47104K)] 49123K->2051K(222208K), 0,0003442 secs] [Times: user=0,00 sys=0,00, real=0,00 secs] 
86,282: [GC (Allocation Failure) [PSYoungGen: 46720K->96K(46592K)] 48643K->2019K(221696K), 0,0003442 secs] [Times: user=0,00 sys=0,00, real=0,00 secs] 
86,316: [GC (Allocation Failure) [PSYoungGen: 46176K->32K(46080K)] 48099K->1955K(221184K), 0,0003635 secs] [Times: user=0,00 sys=0,00, real=0,00 secs] 
86,349: [GC (Allocation Failure) [PSYoungGen: 45600K->96K(45568K)] 47523K->2019K(220672K), 0,0003448 secs] [Times: user=0,00 sys=0,01, real=0,00 secs] 
86,382: [GC (Allocation Failure) [PSYoungGen: 45152K->96K(45056K)] 47075K->2019K(220160K), 0,0003558 secs] [Times: user=0,00 sys=0,00, real=0,00 secs] 
86,415: [GC (Allocation Failure) [PSYoungGen: 44640K->32K(54272K)] 46563K->1955K(229376K), 0,0004675 secs] [Times: user=0,00 sys=0,00, real=0,00 secs] 
86,454: [GC (Allocation Failure) [PSYoungGen: 53792K->96K(53248K)] 55715K->2019K(228352K), 0,0003770 secs] [Times: user=0,00 sys=0,00, real=0,00 secs] 
86,493: [GC (Allocation Failure) [PSYoungGen: 52832K->128K(52224K)] 54755K->2051K(227328K), 0,0003682 secs] [Times: user=0,00 sys=0,00, real=0,00 secs] 
86,530: [GC (Allocation Failure) [PSYoungGen: 51840K->96K(51200K)] 53763K->2019K(226304K), 0,0003773 secs] [Times: user=0,00 sys=0,00, real=0,00 secs] 
86,567: [GC (Allocation Failure) [PSYoungGen: 50784K->96K(50176K)] 52707K->2019K(225280K), 0,0003651 secs] [Times: user=0,00 sys=0,00, real=0,01 secs] 
86,603: [GC (Allocation Failure) [PSYoungGen: 49760K->96K(49152K)] 51683K->2019K(224256K), 0,0003592 secs] [Times: user=0,00 sys=0,00, real=0,00 secs] 
86,639: [GC (Allocation Failure) [PSYoungGen: 48736K->96K(48128K)] 50659K->2019K(223232K), 0,0003399 secs] [Times: user=0,00 sys=0,00, real=0,00 secs] 
86,674: [GC (Allocation Failure) [PSYoungGen: 47712K->128K(47616K)] 49635K->2051K(222720K), 0,0003696 secs] [Times: user=0,00 sys=0,00, real=0,00 secs] 
86,708: [GC (Allocation Failure) [PSYoungGen: 47232K->96K(47104K)] 49155K->2019K(222208K), 0,0003562 secs] [Times: user=0,00 sys=0,00, real=0,00 secs] 
86,742: [GC (Allocation Failure) [PSYoungGen: 46688K->128K(46592K)] 48611K->2051K(221696K), 0,0003480 secs] [Times: user=0,00 sys=0,00, real=0,00 secs] 
86,776: [GC (Allocation Failure) [PSYoungGen: 46208K->64K(46080K)] 48131K->1987K(221184K), 0,0003492 secs] [Times: user=0,00 sys=0,00, real=0,00 secs] 
86,810: [GC (Allocation Failure) [PSYoungGen: 45632K->128K(45568K)] 47555K->2051K(220672K), 0,0003575 secs] [Times: user=0,00 sys=0,00, real=0,00 secs] 
86,842: [GC (Allocation Failure) [PSYoungGen: 45184K->128K(45056K)] 47107K->2051K(220160K), 0,0003558 secs] [Times: user=0,00 sys=0,00, real=0,00 secs] 
86,875: [GC (Allocation Failure) [PSYoungGen: 44672K->96K(44544K)] 46595K->2019K(219648K), 0,0003522 secs] [Times: user=0,00 sys=0,00, real=0,00 secs] 
86,907: [GC (Allocation Failure) [PSYoungGen: 44128K->96K(44032K)] 46051K->2019K(219136K), 0,0003432 secs] [Times: user=0,00 sys=0,00, real=0,00 secs] 
86,939: [GC (Allocation Failure) [PSYoungGen: 43616K->64K(43520K)] 45539K->1987K(218624K), 0,0003379 secs] [Times: user=0,00 sys=0,00, real=0,00 secs] 
86,970: [GC (Allocation Failure) [PSYoungGen: 43072K->64K(52224K)] 44995K->1987K(227328K), 0,0004851 secs] [Times: user=0,00 sys=0,00, real=0,00 secs] 
87,008: [GC (Allocation Failure) [PSYoungGen: 51776K->96K(62976K)] 53699K->2019K(238080K), 0,0004686 secs] [Times: user=0,00 sys=0,00, real=0,00 secs] 
87,054: [GC (Allocation Failure) [PSYoungGen: 62560K->64K(75776K)] 64483K->1987K(250880K), 0,0004468 secs] [Times: user=0,00 sys=0,00, real=0,00 secs] 
87,108: [GC (Allocation Failure) [PSYoungGen: 75328K->64K(74240K)] 77251K->1987K(249344K), 0,0004373 secs] [Times: user=0,00 sys=0,00, real=0,00 secs] 
87,162: [GC (Allocation Failure) [PSYoungGen: 73792K->32K(72704K)] 75715K->1955K(247808K), 0,0004740 secs] [Times: user=0,00 sys=0,00, real=0,00 secs] 
87,214: [GC (Allocation Failure) [PSYoungGen: 72224K->96K(71168K)] 74147K->2019K(246272K), 0,0004556 secs] [Times: user=0,00 sys=0,00, real=0,00 secs] 
87,266: [GC (Allocation Failure) [PSYoungGen: 70752K->128K(69632K)] 72675K->2051K(244736K), 0,0004526 secs] [Times: user=0,00 sys=0,00, real=0,00 secs] 
87,316: [GC (Allocation Failure) [PSYoungGen: 69248K->32K(68096K)] 71171K->1955K(243200K), 0,0004756 secs] [Times: user=0,00 sys=0,00, real=0,00 secs] 
87,365: [GC (Allocation Failure) [PSYoungGen: 67616K->96K(66560K)] 69539K->2019K(241664K), 0,0004525 secs] [Times: user=0,00 sys=0,00, real=0,00 secs] 
87,413: [GC (Allocation Failure) [PSYoungGen: 66144K->96K(65024K)] 68067K->2019K(240128K), 0,0003749 secs] [Times: user=0,00 sys=0,00, real=0,00 secs] 
87,460: [GC (Allocation Failure) [PSYoungGen: 64608K->96K(63488K)] 66531K->2019K(238592K), 0,0005849 secs] [Times: user=0,00 sys=0,00, real=0,00 secs] 
87,506: [GC (Allocation Failure) [PSYoungGen: 63072K->64K(61952K)] 64995K->1987K(237056K), 0,0004892 secs] [Times: user=0,00 sys=0,00, real=0,00 secs] 
87,551: [GC (Allocation Failure) [PSYoungGen: 61504K->64K(60928K)] 63427K->1987K(236032K), 0,0004409 secs] [Times: user=0,00 sys=0,00, real=0,00 secs] 
87,595: [GC (Allocation Failure) [PSYoungGen: 60480K->64K(59904K)] 62403K->1987K(235008K), 0,0004408 secs] [Times: user=0,00 sys=0,00, real=0,00 secs] 
87,638: [GC (Allocation Failure) [PSYoungGen: 59456K->96K(58880K)] 61379K->2019K(233984K), 0,0003698 secs] [Times: user=0,01 sys=0,00, real=0,00 secs] 
87,681: [GC (Allocation Failure) [PSYoungGen: 58464K->32K(57856K)] 60387K->1955K(232960K), 0,0004650 secs] [Times: user=0,00 sys=0,00, real=0,00 secs] 
87,722: [GC (Allocation Failure) [PSYoungGen: 57376K->96K(56832K)] 59299K->2019K(231936K), 0,0003514 secs] [Times: user=0,00 sys=0,00, real=0,00 secs] 
87,763: [GC (Allocation Failure) [PSYoungGen: 56416K->96K(55808K)] 58339K->2019K(230912K), 0,0003557 secs] [Times: user=0,00 sys=0,00, real=0,00 secs] 
87,804: [GC (Allocation Failure) [PSYoungGen: 55392K->96K(54784K)] 57315K->2019K(229888K), 0,0003686 secs] [Times: user=0,00 sys=0,00, real=0,00 secs] 
87,843: [GC (Allocation Failure) [PSYoungGen: 54368K->32K(53760K)] 56291K->1955K(228864K), 0,0003553 secs] [Times: user=0,00 sys=0,00, real=0,00 secs] 
87,882: [GC (Allocation Failure) [PSYoungGen: 53280K->64K(52736K)] 55203K->1987K(227840K), 0,0003514 secs] [Times: user=0,00 sys=0,00, real=0,00 secs] 
87,920: [GC (Allocation Failure) [PSYoungGen: 52288K->64K(51712K)] 54211K->1987K(226816K), 0,0004855 secs] [Times: user=0,00 sys=0,00, real=0,00 secs] 
87,958: [GC (Allocation Failure) [PSYoungGen: 51264K->96K(50688K)] 53187K->2019K(225792K), 0,0004409 secs] [Times: user=0,00 sys=0,00, real=0,00 secs] 
87,994: [GC (Allocation Failure) [PSYoungGen: 50272K->96K(49664K)] 52195K->2019K(224768K), 0,0003665 secs] [Times: user=0,00 sys=0,00, real=0,00 secs] 
88,030: [GC (Allocation Failure) [PSYoungGen: 49248K->96K(48640K)] 51171K->2019K(223744K), 0,0003541 secs] [Times: user=0,00 sys=0,00, real=0,00 secs] 
88,065: [GC (Allocation Failure) [PSYoungGen: 48224K->96K(48128K)] 50147K->2019K(223232K), 0,0003516 secs] [Times: user=0,00 sys=0,00, real=0,00 secs] 
88,100: [GC (Allocation Failure) [PSYoungGen: 47712K->128K(47616K)] 49635K->2051K(222720K), 0,0003522 secs] [Times: user=0,00 sys=0,00, real=0,00 secs] 
88,134: [GC (Allocation Failure) [PSYoungGen: 47232K->128K(47104K)] 49155K->2051K(222208K), 0,0003495 secs] [Times: user=0,01 sys=0,00, real=0,00 secs] 
88,168: [GC (Allocation Failure) [PSYoungGen: 46720K->64K(46592K)] 48643K->1987K(221696K), 0,0003579 secs] [Times: user=0,00 sys=0,00, real=0,00 secs] 
88,202: [GC (Allocation Failure) [PSYoungGen: 46144K->32K(55808K)] 48067K->1955K(230912K), 0,0004738 secs] [Times: user=0,00 sys=0,00, real=0,00 secs] 
88,243: [GC (Allocation Failure) [PSYoungGen: 55328K->32K(67072K)] 57251K->1955K(242176K), 0,0004415 secs] [Times: user=0,00 sys=0,00, real=0,00 secs] 
88,291: [GC (Allocation Failure) [PSYoungGen: 66592K->96K(65536K)] 68515K->2019K(240640K), 0,0003517 secs] [Times: user=0,00 sys=0,00, real=0,00 secs] 
88,338: [GC (Allocation Failure) [PSYoungGen: 65120K->64K(64000K)] 67043K->1987K(239104K), 0,0004756 secs] [Times: user=0,00 sys=0,00, real=0,00 secs] 
88,384: [GC (Allocation Failure) [PSYoungGen: 63552K->96K(62464K)] 65475K->2019K(237568K), 0,0004410 secs] [Times: user=0,00 sys=0,00, real=0,00 secs] 
88,430: [GC (Allocation Failure) [PSYoungGen: 62048K->64K(61440K)] 63971K->1987K(236544K), 0,0004974 secs] [Times: user=0,00 sys=0,00, real=0,00 secs] 
88,474: [GC (Allocation Failure) [PSYoungGen: 60992K->64K(60416K)] 62915K->1987K(235520K), 0,0004761 secs] [Times: user=0,00 sys=0,00, real=0,00 secs] 
88,518: [GC (Allocation Failure) [PSYoungGen: 59968K->32K(59392K)] 61891K->1955K(234496K), 0,0004677 secs] [Times: user=0,00 sys=0,00, real=0,00 secs] 
88,561: [GC (Allocation Failure) [PSYoungGen: 58912K->64K(58368K)] 60835K->1987K(233472K), 0,0003637 secs] [Times: user=0,01 sys=0,00, real=0,00 secs] 
88,603: [GC (Allocation Failure) [PSYoungGen: 57920K->64K(57344K)] 59843K->1987K(232448K), 0,0003917 secs] [Times: user=0,00 sys=0,00, real=0,00 secs] 
88,644: [GC (Allocation Failure) [PSYoungGen: 56896K->96K(56320K)] 58819K->2019K(231424K), 0,0003581 secs] [Times: user=0,00 sys=0,00, real=0,00 secs] 
88,684: [GC (Allocation Failure) [PSYoungGen: 55904K->64K(55296K)] 57827K->1987K(230400K), 0,0003735 secs] [Times: user=0,00 sys=0,00, real=0,00 secs] 
88,724: [GC (Allocation Failure) [PSYoungGen: 54848K->96K(54272K)] 56771K->2019K(229376K), 0,0003616 secs] [Times: user=0,00 sys=0,00, real=0,00 secs] 
88,763: [GC (Allocation Failure) [PSYoungGen: 53856K->96K(53248K)] 55779K->2019K(228352K), 0,0003487 secs] [Times: user=0,00 sys=0,00, real=0,00 secs] 
88,802: [GC (Allocation Failure) [PSYoungGen: 52832K->96K(52224K)] 54755K->2019K(227328K), 0,0003540 secs] [Times: user=0,00 sys=0,00, real=0,00 secs] 
88,839: [GC (Allocation Failure) [PSYoungGen: 51808K->96K(51200K)] 53731K->2019K(226304K), 0,0003469 secs] [Times: user=0,01 sys=0,00, real=0,00 secs] 
88,876: [GC (Allocation Failure) [PSYoungGen: 50784K->96K(50176K)] 52707K->2019K(225280K), 0,0003479 secs] [Times: user=0,00 sys=0,00, real=0,00 secs] 
88,912: [GC (Allocation Failure) [PSYoungGen: 49760K->96K(49152K)] 51683K->2019K(224256K), 0,0003529 secs] [Times: user=0,00 sys=0,00, real=0,00 secs] 
88,947: [GC (Allocation Failure) [PSYoungGen: 48736K->64K(48128K)] 50659K->1987K(223232K), 0,0003423 secs] [Times: user=0,00 sys=0,00, real=0,00 secs] 
88,982: [GC (Allocation Failure) [PSYoungGen: 47680K->64K(47616K)] 49603K->1987K(222720K), 0,0005014 secs] [Times: user=0,00 sys=0,00, real=0,00 secs] 
89,017: [GC (Allocation Failure) [PSYoungGen: 47168K->32K(57344K)] 49091K->1955K(232448K), 0,0004431 secs] [Times: user=0,00 sys=0,00, real=0,01 secs] 
89,058: [GC (Allocation Failure) [PSYoungGen: 56864K->96K(56320K)] 58787K->2019K(231424K), 0,0003583 secs] [Times: user=0,00 sys=0,00, real=0,00 secs] 
89,099: [GC (Allocation Failure) [PSYoungGen: 55904K->96K(55296K)] 57827K->2019K(230400K), 0,0003581 secs] [Times: user=0,00 sys=0,00, real=0,00 secs] 
89,139: [GC (Allocation Failure) [PSYoungGen: 54880K->96K(54272K)] 56803K->2019K(229376K), 0,0003455 secs] [Times: user=0,00 sys=0,00, real=0,00 secs] 
89,178: [GC (Allocation Failure) [PSYoungGen: 53856K->64K(53248K)] 55779K->1987K(228352K), 0,0003502 secs] [Times: user=0,00 sys=0,00, real=0,00 secs] 
89,216: [GC (Allocation Failure) [PSYoungGen: 52800K->64K(52224K)] 54723K->1987K(227328K), 0,0004506 secs] [Times: user=0,01 sys=0,00, real=0,00 secs] 
89,254: [GC (Allocation Failure) [PSYoungGen: 51776K->96K(51200K)] 53699K->2019K(226304K), 0,0003563 secs] [Times: user=0,00 sys=0,00, real=0,00 secs] 
89,291: [GC (Allocation Failure) [PSYoungGen: 50784K->64K(50176K)] 52707K->1987K(225280K), 0,0003794 secs] [Times: user=0,00 sys=0,00, real=0,00 secs] 
89,327: [GC (Allocation Failure) [PSYoungGen: 49728K->96K(49152K)] 51651K->2019K(224256K), 0,0003756 secs] [Times: user=0,00 sys=0,00, real=0,01 secs] 
89,362: [GC (Allocation Failure) [PSYoungGen: 48736K->128K(48128K)] 50659K->2051K(223232K), 0,0003609 secs] [Times: user=0,00 sys=0,00, real=0,00 secs] 
89,397: [GC (Allocation Failure) [PSYoungGen: 47744K->32K(47616K)] 49667K->1955K(222720K), 0,0003470 secs] [Times: user=0,00 sys=0,00, real=0,01 secs] 
89,432: [GC (Allocation Failure) [PSYoungGen: 47136K->96K(57344K)] 49059K->2019K(232448K), 0,0004782 secs] [Times: user=0,00 sys=0,00, real=0,00 secs] 
89,473: [GC (Allocation Failure) [PSYoungGen: 56928K->96K(69120K)] 58851K->2019K(244224K), 0,0004429 secs] [Times: user=0,00 sys=0,00, real=0,00 secs] 
89,523: [GC (Allocation Failure) [PSYoungGen: 68704K->32K(67584K)] 70627K->1955K(242688K), 0,0004780 secs] [Times: user=0,00 sys=0,00, real=0,00 secs] 
89,572: [GC (Allocation Failure) [PSYoungGen: 67104K->32K(66048K)] 69027K->1963K(241152K), 0,0004595 secs] [Times: user=0,00 sys=0,00, real=0,00 secs] 
89,620: [GC (Allocation Failure) [PSYoungGen: 65568K->96K(64512K)] 67499K->2027K(239616K), 0,0004643 secs] [Times: user=0,00 sys=0,00, real=0,00 secs] 
89,666: [GC (Allocation Failure) [PSYoungGen: 64096K->64K(62976K)] 66027K->1995K(238080K), 0,0004645 secs] [Times: user=0,00 sys=0,00, real=0,00 secs] 
89,712: [GC (Allocation Failure) [PSYoungGen: 62528K->96K(61952K)] 64459K->2027K(237056K), 0,0003743 secs] [Times: user=0,00 sys=0,00, real=0,00 secs] 
89,757: [GC (Allocation Failure) [PSYoungGen: 61536K->96K(60928K)] 63467K->2027K(236032K), 0,0003700 secs] [Times: user=0,00 sys=0,00, real=0,00 secs] 
89,800: [GC (Allocation Failure) [PSYoungGen: 60512K->64K(59904K)] 62443K->1995K(235008K), 0,0003589 secs] [Times: user=0,00 sys=0,00, real=0,00 secs] 
89,844: [GC (Allocation Failure) [PSYoungGen: 59456K->96K(58880K)] 61387K->2027K(233984K), 0,0003545 secs] [Times: user=0,00 sys=0,00, real=0,00 secs] 
89,886: [GC (Allocation Failure) [PSYoungGen: 58464K->96K(57856K)] 60395K->2027K(232960K), 0,0003466 secs] [Times: user=0,00 sys=0,00, real=0,00 secs] 
89,928: [GC (Allocation Failure) [PSYoungGen: 57440K->96K(56832K)] 59371K->2027K(231936K), 0,0003607 secs] [Times: user=0,00 sys=0,00, real=0,00 secs] 
89,969: [GC (Allocation Failure) [PSYoungGen: 56416K->96K(55808K)] 58347K->2027K(230912K), 0,0004826 secs] [Times: user=0,00 sys=0,00, real=0,00 secs] 
90,009: [GC (Allocation Failure) [PSYoungGen: 55392K->32K(54784K)] 57323K->1963K(229888K), 0,0004858 secs] [Times: user=0,00 sys=0,00, real=0,00 secs] 
90,049: [GC (Allocation Failure) [PSYoungGen: 54304K->96K(53760K)] 56235K->2027K(228864K), 0,0003646 secs] [Times: user=0,00 sys=0,00, real=0,00 secs] 
90,088: [GC (Allocation Failure) [PSYoungGen: 53344K->128K(52736K)] 55275K->2059K(227840K), 0,0003550 secs] [Times: user=0,00 sys=0,00, real=0,00 secs] 
90,126: [GC (Allocation Failure) [PSYoungGen: 52352K->96K(51712K)] 54283K->2027K(226816K), 0,0003572 secs] [Times: user=0,00 sys=0,00, real=0,00 secs] 
90,163: [GC (Allocation Failure) [PSYoungGen: 51296K->64K(50688K)] 53227K->1995K(225792K), 0,0003631 secs] [Times: user=0,00 sys=0,00, real=0,00 secs] 
90,199: [GC (Allocation Failure) [PSYoungGen: 50240K->96K(49664K)] 52171K->2027K(224768K), 0,0003554 secs] [Times: user=0,01 sys=0,00, real=0,00 secs] 
90,235: [GC (Allocation Failure) [PSYoungGen: 49248K->96K(48640K)] 51179K->2027K(223744K), 0,0003507 secs] [Times: user=0,00 sys=0,00, real=0,00 secs] 
90,275: [GC (Allocation Failure) [PSYoungGen: 48224K->96K(48128K)] 50155K->2027K(223232K), 0,0005102 secs] [Times: user=0,00 sys=0,00, real=0,00 secs] 
90,311: [GC (Allocation Failure) [PSYoungGen: 47712K->96K(57856K)] 49643K->2051K(232960K), 0,0005061 secs] [Times: user=0,00 sys=0,00, real=0,00 secs] 
90,353: [GC (Allocation Failure) [PSYoungGen: 57440K->64K(69632K)] 59395K->2019K(244736K), 0,0004611 secs] [Times: user=0,00 sys=0,00, real=0,00 secs] 
90,403: [GC (Allocation Failure) [PSYoungGen: 69183K->96K(68096K)] 71139K->2051K(243200K), 0,0004650 secs] [Times: user=0,00 sys=0,00, real=0,00 secs] 
90,453: [GC (Allocation Failure) [PSYoungGen: 67680K->96K(66560K)] 69635K->2051K(241664K), 0,0004693 secs] [Times: user=0,00 sys=0,00, real=0,00 secs] 
90,501: [GC (Allocation Failure) [PSYoungGen: 66144K->32K(65024K)] 68099K->1987K(240128K), 0,0005019 secs] [Times: user=0,00 sys=0,00, real=0,00 secs] 
90,548: [GC (Allocation Failure) [PSYoungGen: 64544K->32K(63488K)] 66499K->1987K(238592K), 0,0004552 secs] [Times: user=0,00 sys=0,00, real=0,00 secs] 
90,594: [GC (Allocation Failure) [PSYoungGen: 63008K->96K(61952K)] 64963K->2051K(237056K), 0,0004557 secs] [Times: user=0,00 sys=0,00, real=0,00 secs] 
90,639: [GC (Allocation Failure) [PSYoungGen: 61536K->96K(60928K)] 63491K->2051K(236032K), 0,0004578 secs] [Times: user=0,00 sys=0,00, real=0,00 secs] 
90,683: [GC (Allocation Failure) [PSYoungGen: 60512K->96K(59904K)] 62467K->2051K(235008K), 0,0004713 secs] [Times: user=0,01 sys=0,00, real=0,00 secs] 
90,726: [GC (Allocation Failure) [PSYoungGen: 59488K->64K(58880K)] 61443K->2019K(233984K), 0,0003792 secs] [Times: user=0,00 sys=0,00, real=0,00 secs] 
90,769: [GC (Allocation Failure) [PSYoungGen: 58432K->64K(57856K)] 60387K->2019K(232960K), 0,0005345 secs] [Times: user=0,00 sys=0,00, real=0,00 secs] 
90,810: [GC (Allocation Failure) [PSYoungGen: 57408K->32K(56832K)] 59363K->1987K(231936K), 0,0004785 secs] [Times: user=0,00 sys=0,00, real=0,00 secs] 
90,859: [GC (Allocation Failure) [PSYoungGen: 56352K->96K(55808K)] 58307K->2051K(230912K), 0,0004952 secs] [Times: user=0,00 sys=0,00, real=0,00 secs] 
90,915: [GC (Allocation Failure) [PSYoungGen: 55392K->96K(54784K)] 57347K->2051K(229888K), 0,0004869 secs] [Times: user=0,01 sys=0,00, real=0,00 secs] 
90,966: [GC (Allocation Failure) [PSYoungGen: 54368K->96K(53760K)] 56323K->2051K(228864K), 0,0004897 secs] [Times: user=0,00 sys=0,00, real=0,00 secs] 
91,016: [GC (Allocation Failure) [PSYoungGen: 53344K->32K(52736K)] 55299K->1987K(227840K), 0,0004853 secs] [Times: user=0,00 sys=0,01, real=0,00 secs] 
91,066: [GC (Allocation Failure) [PSYoungGen: 52256K->96K(51712K)] 54211K->2051K(226816K), 0,0005012 secs] [Times: user=0,00 sys=0,00, real=0,00 secs] 
91,115: [GC (Allocation Failure) [PSYoungGen: 51296K->96K(50688K)] 53251K->2051K(225792K), 0,0004894 secs] [Times: user=0,00 sys=0,00, real=0,00 secs] 
91,165: [GC (Allocation Failure) [PSYoungGen: 50272K->96K(49664K)] 52227K->2051K(224768K), 0,0005059 secs] [Times: user=0,01 sys=0,00, real=0,00 secs] 
91,210: [GC (Allocation Failure) [PSYoungGen: 49248K->64K(48640K)] 51203K->2019K(223744K), 0,0005044 secs] [Times: user=0,00 sys=0,00, real=0,00 secs] 
91,245: [GC (Allocation Failure) [PSYoungGen: 48192K->96K(48128K)] 50147K->2051K(223232K), 0,0003666 secs] [Times: user=0,01 sys=0,00, real=0,00 secs] 
91,280: [GC (Allocation Failure) [PSYoungGen: 47712K->96K(47616K)] 49667K->2051K(222720K), 0,0003762 secs] [Times: user=0,00 sys=0,00, real=0,00 secs] 
91,314: [GC (Allocation Failure) [PSYoungGen: 47200K->96K(47104K)] 49155K->2051K(222208K), 0,0003640 secs] [Times: user=0,00 sys=0,00, real=0,00 secs] 
91,348: [GC (Allocation Failure) [PSYoungGen: 46688K->96K(46592K)] 48643K->2051K(221696K), 0,0003590 secs] [Times: user=0,00 sys=0,00, real=0,00 secs] 
91,382: [GC (Allocation Failure) [PSYoungGen: 46176K->32K(46080K)] 48131K->1987K(221184K), 0,0003677 secs] [Times: user=0,00 sys=0,00, real=0,00 secs] 
91,415: [GC (Allocation Failure) [PSYoungGen: 45600K->96K(45568K)] 47555K->2051K(220672K), 0,0003680 secs] [Times: user=0,00 sys=0,00, real=0,00 secs] 
91,448: [GC (Allocation Failure) [PSYoungGen: 45152K->64K(45056K)] 47107K->2019K(220160K), 0,0003686 secs] [Times: user=0,00 sys=0,00, real=0,00 secs] 
91,481: [GC (Allocation Failure) [PSYoungGen: 44608K->32K(54272K)] 46563K->1987K(229376K), 0,0004928 secs] [Times: user=0,00 sys=0,00, real=0,00 secs] 
91,521: [GC (Allocation Failure) [PSYoungGen: 53792K->96K(65024K)] 55747K->2051K(240128K), 0,0004573 secs] [Times: user=0,00 sys=0,00, real=0,00 secs] 
91,567: [GC (Allocation Failure) [PSYoungGen: 64608K->96K(78336K)] 66563K->2051K(253440K), 0,0004620 secs] [Times: user=0,00 sys=0,00, real=0,00 secs] 
91,624: [GC (Allocation Failure) [PSYoungGen: 77920K->64K(76288K)] 79875K->2019K(251392K), 0,0004707 secs] [Times: user=0,00 sys=0,00, real=0,00 secs] 
91,679: [GC (Allocation Failure) [PSYoungGen: 75840K->96K(74752K)] 77795K->2051K(249856K), 0,0004731 secs] [Times: user=0,00 sys=0,00, real=0,00 secs] 
91,733: [GC (Allocation Failure) [PSYoungGen: 74336K->64K(73216K)] 76291K->2019K(248320K), 0,0004637 secs] [Times: user=0,00 sys=0,00, real=0,00 secs] 
91,786: [GC (Allocation Failure) [PSYoungGen: 72768K->64K(71680K)] 74723K->2019K(246784K), 0,0004721 secs] [Times: user=0,00 sys=0,00, real=0,00 secs] 
91,838: [GC (Allocation Failure) [PSYoungGen: 71232K->64K(70144K)] 73187K->2019K(245248K), 0,0004712 secs] [Times: user=0,00 sys=0,00, real=0,00 secs] 
91,889: [GC (Allocation Failure) [PSYoungGen: 69696K->64K(68608K)] 71651K->2019K(243712K), 0,0004559 secs] [Times: user=0,00 sys=0,00, real=0,00 secs] 
91,938: [GC (Allocation Failure) [PSYoungGen: 68160K->96K(67072K)] 70115K->2051K(242176K), 0,0004722 secs] [Times: user=0,00 sys=0,00, real=0,00 secs] 
91,987: [GC (Allocation Failure) [PSYoungGen: 66656K->96K(65536K)] 68611K->2051K(240640K), 0,0004854 secs] [Times: user=0,00 sys=0,00, real=0,00 secs] 
92,035: [GC (Allocation Failure) [PSYoungGen: 65120K->96K(64000K)] 67075K->2051K(239104K), 0,0005290 secs] [Times: user=0,00 sys=0,00, real=0,00 secs] 
92,081: [GC (Allocation Failure) [PSYoungGen: 63584K->96K(62464K)] 65539K->2051K(237568K), 0,0004711 secs] [Times: user=0,00 sys=0,00, real=0,00 secs] 
92,126: [GC (Allocation Failure) [PSYoungGen: 62048K->64K(61440K)] 64003K->2019K(236544K), 0,0004556 secs] [Times: user=0,00 sys=0,00, real=0,00 secs] 
92,171: [GC (Allocation Failure) [PSYoungGen: 60992K->64K(60416K)] 62947K->2019K(235520K), 0,0004653 secs] [Times: user=0,00 sys=0,00, real=0,00 secs] 
92,214: [GC (Allocation Failure) [PSYoungGen: 59968K->64K(59392K)] 61923K->2019K(234496K), 0,0004530 secs] [Times: user=0,00 sys=0,00, real=0,00 secs] 
92,257: [GC (Allocation Failure) [PSYoungGen: 58944K->96K(58368K)] 60899K->2051K(233472K), 0,0004579 secs] [Times: user=0,00 sys=0,00, real=0,01 secs] 
92,303: [GC (Allocation Failure) [PSYoungGen: 57952K->64K(57344K)] 59907K->2019K(232448K), 0,0004635 secs] [Times: user=0,00 sys=0,00, real=0,00 secs] 
92,344: [GC (Allocation Failure) [PSYoungGen: 56896K->96K(56320K)] 58851K->2051K(231424K), 0,0003728 secs] [Times: user=0,00 sys=0,00, real=0,00 secs] 
92,385: [GC (Allocation Failure) [PSYoungGen: 55904K->64K(55296K)] 57859K->2019K(230400K), 0,0003729 secs] [Times: user=0,00 sys=0,00, real=0,00 secs] 
92,424: [GC (Allocation Failure) [PSYoungGen: 54848K->96K(54272K)] 56803K->2051K(229376K), 0,0003698 secs] [Times: user=0,00 sys=0,00, real=0,00 secs] 
92,464: [GC (Allocation Failure) [PSYoungGen: 53856K->96K(53248K)] 55811K->2051K(228352K), 0,0004776 secs] [Times: user=0,00 sys=0,00, real=0,00 secs] 
92,503: [GC (Allocation Failure) [PSYoungGen: 52832K->96K(52224K)] 54787K->2051K(227328K), 0,0004810 secs] [Times: user=0,00 sys=0,00, real=0,00 secs] 
92,540: [GC (Allocation Failure) [PSYoungGen: 51808K->96K(51200K)] 53763K->2051K(226304K), 0,0003667 secs] [Times: user=0,00 sys=0,00, real=0,00 secs] 
92,577: [GC (Allocation Failure) [PSYoungGen: 50784K->64K(50176K)] 52739K->2019K(225280K), 0,0003827 secs] [Times: user=0,00 sys=0,00, real=0,00 secs] 
92,614: [GC (Allocation Failure) [PSYoungGen: 49728K->64K(60416K)] 51683K->2019K(235520K), 0,0004525 secs] [Times: user=0,00 sys=0,00, real=0,00 secs] 
92,657: [GC (Allocation Failure) [PSYoungGen: 59968K->96K(59392K)] 61923K->2051K(234496K), 0,0003627 secs] [Times: user=0,00 sys=0,00, real=0,00 secs] 
92,700: [GC (Allocation Failure) [PSYoungGen: 58976K->32K(58368K)] 60931K->1987K(233472K), 0,0004373 secs] [Times: user=0,00 sys=0,00, real=0,00 secs] 
92,742: [GC (Allocation Failure) [PSYoungGen: 57888K->64K(57344K)] 59843K->2019K(232448K), 0,0003673 secs] [Times: user=0,00 sys=0,00, real=0,00 secs] 
92,783: [GC (Allocation Failure) [PSYoungGen: 56896K->96K(56320K)] 58851K->2051K(231424K), 0,0004814 secs] [Times: user=0,00 sys=0,00, real=0,00 secs] 
92,824: [GC (Allocation Failure) [PSYoungGen: 55904K->96K(55296K)] 57859K->2051K(230400K), 0,0003621 secs] [Times: user=0,00 sys=0,00, real=0,00 secs] 
92,864: [GC (Allocation Failure) [PSYoungGen: 54880K->96K(54272K)] 56835K->2051K(229376K), 0,0003808 secs] [Times: user=0,00 sys=0,00, real=0,00 secs] 
92,903: [GC (Allocation Failure) [PSYoungGen: 53856K->64K(53248K)] 55811K->2019K(228352K), 0,0003629 secs] [Times: user=0,01 sys=0,00, real=0,00 secs] 
92,942: [GC (Allocation Failure) [PSYoungGen: 52800K->64K(52224K)] 54755K->2019K(227328K), 0,0004712 secs] [Times: user=0,00 sys=0,00, real=0,00 secs] 
92,980: [GC (Allocation Failure) [PSYoungGen: 51776K->64K(62976K)] 53731K->2019K(238080K), 0,0004921 secs] [Times: user=0,00 sys=0,00, real=0,00 secs] 
93,025: [GC (Allocation Failure) [PSYoungGen: 62528K->64K(61952K)] 64483K->2019K(237056K), 0,0004787 secs] [Times: user=0,00 sys=0,00, real=0,00 secs] 
93,070: [GC (Allocation Failure) [PSYoungGen: 61504K->64K(60928K)] 63459K->2019K(236032K), 0,0004555 secs] [Times: user=0,00 sys=0,00, real=0,00 secs] 
93,114: [GC (Allocation Failure) [PSYoungGen: 60480K->96K(59904K)] 62435K->2051K(235008K), 0,0004517 secs] [Times: user=0,00 sys=0,00, real=0,00 secs] 
93,158: [GC (Allocation Failure) [PSYoungGen: 59488K->0K(58880K)] 61443K->1955K(233984K), 0,0004695 secs] [Times: user=0,00 sys=0,00, real=0,00 secs] 
93,200: [GC (Allocation Failure) [PSYoungGen: 58368K->64K(57856K)] 60323K->2019K(232960K), 0,0004494 secs] [Times: user=0,01 sys=0,00, real=0,00 secs] 
93,242: [GC (Allocation Failure) [PSYoungGen: 57408K->64K(56832K)] 59363K->2019K(231936K), 0,0004585 secs] [Times: user=0,00 sys=0,00, real=0,00 secs] 
93,283: [GC (Allocation Failure) [PSYoungGen: 56384K->96K(68096K)] 58339K->2051K(243200K), 0,0004774 secs] [Times: user=0,00 sys=0,00, real=0,00 secs] 
93,333: [GC (Allocation Failure) [PSYoungGen: 67680K->64K(66560K)] 69635K->2019K(241664K), 0,0004863 secs] [Times: user=0,00 sys=0,00, real=0,00 secs] 
93,382: [GC (Allocation Failure) [PSYoungGen: 66112K->96K(65024K)] 68067K->2051K(240128K), 0,0004808 secs] [Times: user=0,00 sys=0,00, real=0,00 secs] 
93,429: [GC (Allocation Failure) [PSYoungGen: 64608K->96K(63488K)] 66563K->2051K(238592K), 0,0004518 secs] [Times: user=0,01 sys=0,00, real=0,00 secs] 
93,475: [GC (Allocation Failure) [PSYoungGen: 63072K->96K(61952K)] 65027K->2051K(237056K), 0,0004785 secs] [Times: user=0,00 sys=0,00, real=0,00 secs] 
93,520: [GC (Allocation Failure) [PSYoungGen: 61536K->64K(60928K)] 63491K->2019K(236032K), 0,0004761 secs] [Times: user=0,00 sys=0,00, real=0,00 secs] 
93,564: [GC (Allocation Failure) [PSYoungGen: 60480K->32K(59904K)] 62435K->1987K(235008K), 0,0004336 secs] [Times: user=0,00 sys=0,00, real=0,00 secs] 
93,607: [GC (Allocation Failure) [PSYoungGen: 59424K->96K(58880K)] 61379K->2051K(233984K), 0,0003840 secs] [Times: user=0,01 sys=0,00, real=0,01 secs] 
93,649: [GC (Allocation Failure) [PSYoungGen: 58464K->96K(57856K)] 60419K->2051K(232960K), 0,0003571 secs] [Times: user=0,00 sys=0,00, real=0,00 secs] 
93,691: [GC (Allocation Failure) [PSYoungGen: 57440K->96K(56832K)] 59395K->2051K(231936K), 0,0003611 secs] [Times: user=0,00 sys=0,00, real=0,00 secs] 
93,732: [GC (Allocation Failure) [PSYoungGen: 56416K->32K(55808K)] 58371K->1987K(230912K), 0,0003410 secs] [Times: user=0,00 sys=0,00, real=0,00 secs] 
93,772: [GC (Allocation Failure) [PSYoungGen: 55328K->96K(67072K)] 57283K->2051K(242176K), 0,0009507 secs] [Times: user=0,00 sys=0,00, real=0,00 secs] 
93,821: [GC (Allocation Failure) [PSYoungGen: 66656K->96K(80384K)] 68611K->2051K(255488K), 0,0004589 secs] [Times: user=0,00 sys=0,00, real=0,00 secs] 
93,879: [GC (Allocation Failure) [PSYoungGen: 79968K->96K(96768K)] 81923K->2051K(271872K), 0,0004524 secs] [Times: user=0,00 sys=0,00, real=0,00 secs] 
93,949: [GC (Allocation Failure) [PSYoungGen: 96352K->96K(94208K)] 98307K->2051K(269312K), 0,0004988 secs] [Times: user=0,00 sys=0,00, real=0,00 secs] 
94,017: [GC (Allocation Failure) [PSYoungGen: 93792K->64K(91648K)] 95747K->2019K(266752K), 0,0004885 secs] [Times: user=0,00 sys=0,00, real=0,00 secs] 
94,083: [GC (Allocation Failure) [PSYoungGen: 91200K->64K(89088K)] 93155K->2019K(264192K), 0,0004633 secs] [Times: user=0,01 sys=0,00, real=0,00 secs] 
94,148: [GC (Allocation Failure) [PSYoungGen: 88640K->96K(87040K)] 90595K->2051K(262144K), 0,0004486 secs] [Times: user=0,00 sys=0,00, real=0,00 secs] 
94,210: [GC (Allocation Failure) [PSYoungGen: 86624K->64K(84992K)] 88579K->2019K(260096K), 0,0004639 secs] [Times: user=0,00 sys=0,00, real=0,00 secs] 
94,272: [GC (Allocation Failure) [PSYoungGen: 84544K->32K(82944K)] 86499K->1987K(258048K), 0,0004379 secs] [Times: user=0,00 sys=0,00, real=0,00 secs] 
94,331: [GC (Allocation Failure) [PSYoungGen: 82464K->64K(80896K)] 84419K->2019K(256000K), 0,0004706 secs] [Times: user=0,00 sys=0,00, real=0,00 secs] 
94,390: [GC (Allocation Failure) [PSYoungGen: 80448K->96K(78848K)] 82403K->2051K(253952K), 0,0004339 secs] [Times: user=0,00 sys=0,00, real=0,00 secs] 
94,447: [GC (Allocation Failure) [PSYoungGen: 78432K->64K(76800K)] 80387K->2019K(251904K), 0,0004536 secs] [Times: user=0,00 sys=0,00, real=0,00 secs] 
94,502: [GC (Allocation Failure) [PSYoungGen: 76352K->64K(74752K)] 78307K->2019K(249856K), 0,0004937 secs] [Times: user=0,00 sys=0,00, real=0,00 secs] 
94,556: [GC (Allocation Failure) [PSYoungGen: 74304K->96K(73216K)] 76259K->2051K(248320K), 0,0004699 secs] [Times: user=0,00 sys=0,00, real=0,00 secs] 
94,609: [GC (Allocation Failure) [PSYoungGen: 72800K->64K(71680K)] 74755K->2019K(246784K), 0,0004576 secs] [Times: user=0,01 sys=0,00, real=0,00 secs] 
94,661: [GC (Allocation Failure) [PSYoungGen: 71232K->96K(70144K)] 73187K->2051K(245248K), 0,0004491 secs] [Times: user=0,00 sys=0,00, real=0,00 secs] 
94,712: [GC (Allocation Failure) [PSYoungGen: 69728K->64K(68608K)] 71683K->2019K(243712K), 0,0004648 secs] [Times: user=0,00 sys=0,00, real=0,00 secs] 
94,761: [GC (Allocation Failure) [PSYoungGen: 68160K->96K(67072K)] 70115K->2051K(242176K), 0,0004389 secs] [Times: user=0,00 sys=0,00, real=0,00 secs] 
94,810: [GC (Allocation Failure) [PSYoungGen: 66656K->32K(65536K)] 68611K->1987K(240640K), 0,0004479 secs] [Times: user=0,00 sys=0,00, real=0,00 secs] 
94,857: [GC (Allocation Failure) [PSYoungGen: 65056K->128K(64000K)] 67011K->2083K(239104K), 0,0003638 secs] [Times: user=0,01 sys=0,00, real=0,00 secs] 
94,904: [GC (Allocation Failure) [PSYoungGen: 63616K->96K(62464K)] 65571K->2051K(237568K), 0,0003614 secs] [Times: user=0,00 sys=0,00, real=0,00 secs] 
94,948: [GC (Allocation Failure) [PSYoungGen: 62048K->32K(61440K)] 64003K->1987K(236544K), 0,0003405 secs] [Times: user=0,00 sys=0,00, real=0,00 secs] 
94,993: [GC (Allocation Failure) [PSYoungGen: 60960K->0K(60416K)] 62915K->1955K(235520K), 0,0004802 secs] [Times: user=0,00 sys=0,00, real=0,00 secs] 
95,037: [GC (Allocation Failure) [PSYoungGen: 59904K->32K(59392K)] 61859K->1987K(234496K), 0,0004690 secs] [Times: user=0,01 sys=0,00, real=0,01 secs] 
95,080: [GC (Allocation Failure) [PSYoungGen: 58912K->64K(58368K)] 60867K->2019K(233472K), 0,0003703 secs] [Times: user=0,00 sys=0,00, real=0,00 secs] 
95,122: [GC (Allocation Failure) [PSYoungGen: 57920K->128K(57344K)] 59875K->2083K(232448K), 0,0003592 secs] [Times: user=0,00 sys=0,00, real=0,00 secs] 
95,163: [GC (Allocation Failure) [PSYoungGen: 56960K->96K(56320K)] 58915K->2051K(231424K), 0,0003521 secs] [Times: user=0,00 sys=0,00, real=0,00 secs] 
95,203: [GC (Allocation Failure) [PSYoungGen: 55904K->96K(55296K)] 57859K->2051K(230400K), 0,0003478 secs] [Times: user=0,00 sys=0,00, real=0,00 secs] 
95,243: [GC (Allocation Failure) [PSYoungGen: 54880K->96K(54272K)] 56835K->2051K(229376K), 0,0003605 secs] [Times: user=0,00 sys=0,00, real=0,00 secs] 
95,282: [GC (Allocation Failure) [PSYoungGen: 53856K->96K(53248K)] 55811K->2051K(228352K), 0,0003571 secs] [Times: user=0,00 sys=0,00, real=0,00 secs] 
95,321: [GC (Allocation Failure) [PSYoungGen: 52832K->96K(52224K)] 54787K->2051K(227328K), 0,0003750 secs] [Times: user=0,00 sys=0,00, real=0,00 secs] 
95,358: [GC (Allocation Failure) [PSYoungGen: 51808K->96K(51200K)] 53763K->2051K(226304K), 0,0003495 secs] [Times: user=0,00 sys=0,00, real=0,00 secs] 
95,395: [GC (Allocation Failure) [PSYoungGen: 50784K->128K(50176K)] 52739K->2083K(225280K), 0,0003591 secs] [Times: user=0,00 sys=0,00, real=0,00 secs] 
95,432: [GC (Allocation Failure) [PSYoungGen: 49792K->64K(49152K)] 51747K->2019K(224256K), 0,0004882 secs] [Times: user=0,00 sys=0,00, real=0,00 secs] 
95,468: [GC (Allocation Failure) [PSYoungGen: 48704K->96K(58880K)] 50659K->2051K(233984K), 0,0004510 secs] [Times: user=0,00 sys=0,00, real=0,00 secs] 
95,510: [GC (Allocation Failure) [PSYoungGen: 58464K->96K(57856K)] 60419K->2051K(232960K), 0,0004306 secs] [Times: user=0,00 sys=0,00, real=0,00 secs] 
95,552: [GC (Allocation Failure) [PSYoungGen: 57440K->64K(56832K)] 59395K->2019K(231936K), 0,0003532 secs] [Times: user=0,00 sys=0,00, real=0,00 secs] 
95,593: [GC (Allocation Failure) [PSYoungGen: 56384K->64K(55808K)] 58339K->2019K(230912K), 0,0003680 secs] [Times: user=0,01 sys=0,00, real=0,00 secs] 
95,633: [GC (Allocation Failure) [PSYoungGen: 55360K->64K(54784K)] 57315K->2019K(229888K), 0,0003649 secs] [Times: user=0,00 sys=0,00, real=0,00 secs] 
95,672: [GC (Allocation Failure) [PSYoungGen: 54336K->96K(53760K)] 56291K->2051K(228864K), 0,0003667 secs] [Times: user=0,01 sys=0,00, real=0,00 secs] 
95,711: [GC (Allocation Failure) [PSYoungGen: 53344K->32K(52736K)] 55299K->1987K(227840K), 0,0003470 secs] [Times: user=0,00 sys=0,00, real=0,00 secs] 
95,749: [GC (Allocation Failure) [PSYoungGen: 52256K->96K(51712K)] 54211K->2051K(226816K), 0,0003576 secs] [Times: user=0,00 sys=0,00, real=0,00 secs] 
95,786: [GC (Allocation Failure) [PSYoungGen: 51296K->96K(50688K)] 53251K->2051K(225792K), 0,0003642 secs] [Times: user=0,00 sys=0,00, real=0,00 secs] 
95,823: [GC (Allocation Failure) [PSYoungGen: 50272K->96K(49664K)] 52227K->2051K(224768K), 0,0003628 secs] [Times: user=0,00 sys=0,00, real=0,00 secs] 
95,859: [GC (Allocation Failure) [PSYoungGen: 49248K->64K(48640K)] 51203K->2019K(223744K), 0,0003508 secs] [Times: user=0,00 sys=0,00, real=0,00 secs] 
95,894: [GC (Allocation Failure) [PSYoungGen: 48192K->96K(48128K)] 50147K->2051K(223232K), 0,0003592 secs] [Times: user=0,00 sys=0,00, real=0,00 secs] 
95,929: [GC (Allocation Failure) [PSYoungGen: 47712K->96K(47616K)] 49667K->2051K(222720K), 0,0004774 secs] [Times: user=0,00 sys=0,00, real=0,00 secs] 
95,963: [GC (Allocation Failure) [PSYoungGen: 47200K->96K(47104K)] 49155K->2051K(222208K), 0,0003601 secs] [Times: user=0,00 sys=0,00, real=0,00 secs] 
95,997: [GC (Allocation Failure) [PSYoungGen: 46688K->96K(46592K)] 48643K->2051K(221696K), 0,0003804 secs] [Times: user=0,00 sys=0,00, real=0,00 secs] 
96,031: [GC (Allocation Failure) [PSYoungGen: 46176K->32K(55808K)] 48131K->1987K(230912K), 0,0004775 secs] [Times: user=0,00 sys=0,00, real=0,00 secs] 
96,071: [GC (Allocation Failure) [PSYoungGen: 55328K->64K(67072K)] 57283K->2019K(242176K), 0,0003779 secs] [Times: user=0,00 sys=0,00, real=0,00 secs] 
96,120: [GC (Allocation Failure) [PSYoungGen: 66624K->96K(65536K)] 68579K->2051K(240640K), 0,0003737 secs] [Times: user=0,01 sys=0,00, real=0,00 secs] 
96,167: [GC (Allocation Failure) [PSYoungGen: 65120K->64K(64000K)] 67075K->2019K(239104K), 0,0004890 secs] [Times: user=0,00 sys=0,00, real=0,00 secs] 
96,214: [GC (Allocation Failure) [PSYoungGen: 63552K->64K(62464K)] 65507K->2019K(237568K), 0,0004837 secs] [Times: user=0,00 sys=0,00, real=0,00 secs] 
96,259: [GC (Allocation Failure) [PSYoungGen: 62016K->96K(61440K)] 63971K->2051K(236544K), 0,0004465 secs] [Times: user=0,01 sys=0,00, real=0,00 secs] 
96,303: [GC (Allocation Failure) [PSYoungGen: 61024K->96K(60416K)] 62979K->2051K(235520K), 0,0004874 secs] [Times: user=0,00 sys=0,00, real=0,00 secs] 
96,347: [GC (Allocation Failure) [PSYoungGen: 60000K->64K(59392K)] 61955K->2019K(234496K), 0,0004657 secs] [Times: user=0,00 sys=0,00, real=0,01 secs] 
96,390: [GC (Allocation Failure) [PSYoungGen: 58944K->96K(58368K)] 60899K->2051K(233472K), 0,0004278 secs] [Times: user=0,00 sys=0,00, real=0,00 secs] 
96,432: [GC (Allocation Failure) [PSYoungGen: 57952K->96K(57344K)] 59907K->2051K(232448K), 0,0003463 secs] [Times: user=0,00 sys=0,01, real=0,00 secs] 
96,474: [GC (Allocation Failure) [PSYoungGen: 56928K->96K(56320K)] 58883K->2051K(231424K), 0,0004874 secs] [Times: user=0,00 sys=0,00, real=0,00 secs] 
96,514: [GC (Allocation Failure) [PSYoungGen: 55904K->64K(55296K)] 57859K->2019K(230400K), 0,0004606 secs] [Times: user=0,00 sys=0,00, real=0,00 secs] 
96,554: [GC (Allocation Failure) [PSYoungGen: 54848K->64K(54272K)] 56803K->2019K(229376K), 0,0003657 secs] [Times: user=0,00 sys=0,00, real=0,00 secs] 
96,593: [GC (Allocation Failure) [PSYoungGen: 53824K->128K(53248K)] 55779K->2083K(228352K), 0,0003663 secs] [Times: user=0,00 sys=0,00, real=0,00 secs] 
96,632: [GC (Allocation Failure) [PSYoungGen: 52864K->96K(52224K)] 54819K->2051K(227328K), 0,0003747 secs] [Times: user=0,00 sys=0,00, real=0,00 secs] 
96,670: [GC (Allocation Failure) [PSYoungGen: 51808K->96K(51200K)] 53763K->2051K(226304K), 0,0003782 secs] [Times: user=0,00 sys=0,00, real=0,00 secs] 
96,707: [GC (Allocation Failure) [PSYoungGen: 50784K->96K(50176K)] 52739K->2051K(225280K), 0,0003570 secs] [Times: user=0,00 sys=0,00, real=0,00 secs] 
96,743: [GC (Allocation Failure) [PSYoungGen: 49760K->64K(49152K)] 51715K->2019K(224256K), 0,0003556 secs] [Times: user=0,00 sys=0,00, real=0,00 secs] 
96,778: [GC (Allocation Failure) [PSYoungGen: 48704K->64K(48128K)] 50659K->2019K(223232K), 0,0003511 secs] [Times: user=0,00 sys=0,00, real=0,00 secs] 
96,813: [GC (Allocation Failure) [PSYoungGen: 47680K->96K(47616K)] 49635K->2051K(222720K), 0,0003571 secs] [Times: user=0,00 sys=0,00, real=0,00 secs] 
96,847: [GC (Allocation Failure) [PSYoungGen: 47200K->32K(47104K)] 49155K->1987K(222208K), 0,0003451 secs] [Times: user=0,00 sys=0,00, real=0,00 secs] 
96,881: [GC (Allocation Failure) [PSYoungGen: 46624K->96K(46592K)] 48579K->2051K(221696K), 0,0003474 secs] [Times: user=0,00 sys=0,00, real=0,00 secs] 
96,915: [GC (Allocation Failure) [PSYoungGen: 46176K->96K(55808K)] 48131K->2051K(230912K), 0,0004801 secs] [Times: user=0,00 sys=0,00, real=0,00 secs] 
96,956: [GC (Allocation Failure) [PSYoungGen: 55392K->64K(67072K)] 57347K->2019K(242176K), 0,0004559 secs] [Times: user=0,00 sys=0,00, real=0,00 secs] 
97,004: [GC (Allocation Failure) [PSYoungGen: 66624K->64K(65536K)] 68579K->2019K(240640K), 0,0004512 secs] [Times: user=0,00 sys=0,00, real=0,00 secs] 
97,051: [GC (Allocation Failure) [PSYoungGen: 65088K->96K(64000K)] 67043K->2051K(239104K), 0,0004639 secs] [Times: user=0,00 sys=0,00, real=0,00 secs] 
97,098: [GC (Allocation Failure) [PSYoungGen: 63584K->32K(62464K)] 65539K->1987K(237568K), 0,0004523 secs] [Times: user=0,00 sys=0,00, real=0,00 secs] 
97,142: [GC (Allocation Failure) [PSYoungGen: 61984K->32K(61440K)] 63939K->1987K(236544K), 0,0004341 secs] [Times: user=0,00 sys=0,00, real=0,00 secs] 
97,187: [GC (Allocation Failure) [PSYoungGen: 60960K->64K(60416K)] 62915K->2019K(235520K), 0,0004614 secs] [Times: user=0,00 sys=0,00, real=0,01 secs] 
97,231: [GC (Allocation Failure) [PSYoungGen: 59968K->96K(59392K)] 61923K->2051K(234496K), 0,0003723 secs] [Times: user=0,01 sys=0,00, real=0,00 secs] 
97,273: [GC (Allocation Failure) [PSYoungGen: 58976K->96K(58368K)] 60931K->2051K(233472K), 0,0003546 secs] [Times: user=0,00 sys=0,00, real=0,00 secs] 
97,315: [GC (Allocation Failure) [PSYoungGen: 57952K->64K(57344K)] 59907K->2019K(232448K), 0,0004647 secs] [Times: user=0,00 sys=0,00, real=0,00 secs] 
97,357: [GC (Allocation Failure) [PSYoungGen: 56896K->96K(69120K)] 58851K->2051K(244224K), 0,0006051 secs] [Times: user=0,00 sys=0,00, real=0,01 secs] 
97,407: [GC (Allocation Failure) [PSYoungGen: 68704K->96K(67584K)] 70659K->2051K(242688K), 0,0004908 secs] [Times: user=0,00 sys=0,00, real=0,00 secs] 
97,456: [GC (Allocation Failure) [PSYoungGen: 67168K->96K(66048K)] 69123K->2051K(241152K), 0,0004719 secs] [Times: user=0,00 sys=0,00, real=0,00 secs] 
97,504: [GC (Allocation Failure) [PSYoungGen: 65632K->96K(64512K)] 67587K->2051K(239616K), 0,0004513 secs] [Times: user=0,00 sys=0,00, real=0,00 secs] 
97,550: [GC (Allocation Failure) [PSYoungGen: 64096K->64K(62976K)] 66051K->2019K(238080K), 0,0004431 secs] [Times: user=0,00 sys=0,00, real=0,00 secs] 
97,596: [GC (Allocation Failure) [PSYoungGen: 62528K->64K(61952K)] 64483K->2019K(237056K), 0,0004632 secs] [Times: user=0,00 sys=0,00, real=0,00 secs] 
97,640: [GC (Allocation Failure) [PSYoungGen: 61504K->0K(60928K)] 63459K->1955K(236032K), 0,0003608 secs] [Times: user=0,00 sys=0,00, real=0,00 secs] 
97,684: [GC (Allocation Failure) [PSYoungGen: 60416K->32K(59904K)] 62371K->1987K(235008K), 0,0003497 secs] [Times: user=0,00 sys=0,00, real=0,00 secs] 
97,727: [GC (Allocation Failure) [PSYoungGen: 59424K->64K(58880K)] 61379K->2019K(233984K), 0,0003602 secs] [Times: user=0,01 sys=0,00, real=0,00 secs] 
97,770: [GC (Allocation Failure) [PSYoungGen: 58432K->96K(57856K)] 60387K->2051K(232960K), 0,0003566 secs] [Times: user=0,00 sys=0,00, real=0,00 secs] 
97,812: [GC (Allocation Failure) [PSYoungGen: 57440K->96K(56832K)] 59395K->2051K(231936K), 0,0003634 secs] [Times: user=0,00 sys=0,00, real=0,00 secs] 
97,853: [GC (Allocation Failure) [PSYoungGen: 56416K->96K(55808K)] 58371K->2051K(230912K), 0,0003637 secs] [Times: user=0,00 sys=0,00, real=0,00 secs] 
97,893: [GC (Allocation Failure) [PSYoungGen: 55392K->128K(54784K)] 57347K->2083K(229888K), 0,0003689 secs] [Times: user=0,00 sys=0,00, real=0,00 secs] 
97,932: [GC (Allocation Failure) [PSYoungGen: 54400K->96K(53760K)] 56355K->2051K(228864K), 0,0003520 secs] [Times: user=0,00 sys=0,00, real=0,00 secs] 
97,971: [GC (Allocation Failure) [PSYoungGen: 53344K->96K(52736K)] 55299K->2051K(227840K), 0,0004788 secs] [Times: user=0,00 sys=0,00, real=0,00 secs] 
98,010: [GC (Allocation Failure) [PSYoungGen: 52320K->32K(51712K)] 54275K->1987K(226816K), 0,0004689 secs] [Times: user=0,00 sys=0,00, real=0,00 secs] 
98,047: [GC (Allocation Failure) [PSYoungGen: 51232K->96K(50688K)] 53187K->2051K(225792K), 0,0003696 secs] [Times: user=0,00 sys=0,00, real=0,01 secs] 
98,083: [GC (Allocation Failure) [PSYoungGen: 50272K->96K(49664K)] 52227K->2051K(224768K), 0,0003623 secs] [Times: user=0,00 sys=0,00, real=0,00 secs] 
98,119: [GC (Allocation Failure) [PSYoungGen: 49248K->96K(48640K)] 51203K->2051K(223744K), 0,0003617 secs] [Times: user=0,00 sys=0,00, real=0,00 secs] 
98,154: [GC (Allocation Failure) [PSYoungGen: 48224K->96K(48128K)] 50179K->2051K(223232K), 0,0003518 secs] [Times: user=0,00 sys=0,00, real=0,00 secs] 
98,189: [GC (Allocation Failure) [PSYoungGen: 47712K->128K(47616K)] 49667K->2083K(222720K), 0,0003613 secs] [Times: user=0,00 sys=0,00, real=0,00 secs] 
98,223: [GC (Allocation Failure) [PSYoungGen: 47232K->96K(47104K)] 49187K->2051K(222208K), 0,0003626 secs] [Times: user=0,00 sys=0,00, real=0,00 secs] 
98,257: [GC (Allocation Failure) [PSYoungGen: 46688K->96K(46592K)] 48643K->2051K(221696K), 0,0003670 secs] [Times: user=0,00 sys=0,00, real=0,00 secs] 
98,291: [GC (Allocation Failure) [PSYoungGen: 46176K->32K(46080K)] 48131K->1987K(221184K), 0,0003573 secs] [Times: user=0,00 sys=0,00, real=0,00 secs] 
98,324: [GC (Allocation Failure) [PSYoungGen: 45600K->96K(45568K)] 47555K->2051K(220672K), 0,0003750 secs] [Times: user=0,00 sys=0,00, real=0,00 secs] 
98,357: [GC (Allocation Failure) [PSYoungGen: 45152K->128K(45056K)] 47107K->2083K(220160K), 0,0003442 secs] [Times: user=0,00 sys=0,00, real=0,01 secs] 
98,389: [GC (Allocation Failure) [PSYoungGen: 44672K->32K(44544K)] 46627K->1987K(219648K), 0,0003456 secs] [Times: user=0,00 sys=0,00, real=0,00 secs] 
98,422: [GC (Allocation Failure) [PSYoungGen: 44064K->96K(53760K)] 46019K->2051K(228864K), 0,0004207 secs] [Times: user=0,00 sys=0,00, real=0,00 secs] 
98,461: [GC (Allocation Failure) [PSYoungGen: 53344K->96K(52736K)] 55299K->2051K(227840K), 0,0003821 secs] [Times: user=0,00 sys=0,00, real=0,00 secs] 
98,499: [GC (Allocation Failure) [PSYoungGen: 52320K->32K(51712K)] 54275K->1987K(226816K), 0,0003746 secs] [Times: user=0,00 sys=0,00, real=0,00 secs] 
98,536: [GC (Allocation Failure) [PSYoungGen: 51232K->32K(61952K)] 53187K->1987K(237056K), 0,0004299 secs] [Times: user=0,00 sys=0,00, real=0,00 secs] 
98,581: [GC (Allocation Failure) [PSYoungGen: 61472K->96K(60928K)] 63427K->2051K(236032K), 0,0003562 secs] [Times: user=0,00 sys=0,00, real=0,00 secs] 
98,624: [GC (Allocation Failure) [PSYoungGen: 60512K->96K(59904K)] 62467K->2051K(235008K), 0,0003636 secs] [Times: user=0,00 sys=0,00, real=0,00 secs] 
98,667: [GC (Allocation Failure) [PSYoungGen: 59488K->128K(58880K)] 61443K->2083K(233984K), 0,0003502 secs] [Times: user=0,00 sys=0,00, real=0,00 secs] 
98,710: [GC (Allocation Failure) [PSYoungGen: 58496K->64K(57856K)] 60451K->2019K(232960K), 0,0003684 secs] [Times: user=0,00 sys=0,00, real=0,00 secs] 
98,752: [GC (Allocation Failure) [PSYoungGen: 57408K->96K(56832K)] 59363K->2051K(231936K), 0,0003741 secs] [Times: user=0,00 sys=0,00, real=0,00 secs] 
98,792: [GC (Allocation Failure) [PSYoungGen: 56416K->96K(55808K)] 58371K->2051K(230912K), 0,0003685 secs] [Times: user=0,00 sys=0,00, real=0,00 secs] 
98,833: [GC (Allocation Failure) [PSYoungGen: 55392K->96K(54784K)] 57347K->2051K(229888K), 0,0003378 secs] [Times: user=0,00 sys=0,00, real=0,00 secs] 
98,872: [GC (Allocation Failure) [PSYoungGen: 54368K->128K(53760K)] 56323K->2083K(228864K), 0,0003566 secs] [Times: user=0,00 sys=0,00, real=0,00 secs] 
98,911: [GC (Allocation Failure) [PSYoungGen: 53376K->64K(52736K)] 55331K->2019K(227840K), 0,0003582 secs] [Times: user=0,00 sys=0,00, real=0,00 secs] 
98,949: [GC (Allocation Failure) [PSYoungGen: 52288K->96K(51712K)] 54243K->2051K(226816K), 0,0003720 secs] [Times: user=0,00 sys=0,00, real=0,00 secs] 
98,989: [GC (Allocation Failure) [PSYoungGen: 51296K->96K(50688K)] 53251K->2051K(225792K), 0,0004920 secs] [Times: user=0,01 sys=0,00, real=0,00 secs] 
99,026: [GC (Allocation Failure) [PSYoungGen: 50272K->64K(49664K)] 52227K->2019K(224768K), 0,0004547 secs] [Times: user=0,00 sys=0,00, real=0,00 secs] 
99,062: [GC (Allocation Failure) [PSYoungGen: 49216K->96K(48640K)] 51171K->2051K(223744K), 0,0003624 secs] [Times: user=0,00 sys=0,00, real=0,00 secs] 
99,097: [GC (Allocation Failure) [PSYoungGen: 48224K->96K(48128K)] 50179K->2051K(223232K), 0,0003490 secs] [Times: user=0,00 sys=0,00, real=0,00 secs] 
99,132: [GC (Allocation Failure) [PSYoungGen: 47712K->96K(47616K)] 49667K->2051K(222720K), 0,0003501 secs] [Times: user=0,00 sys=0,00, real=0,00 secs] 
99,166: [GC (Allocation Failure) [PSYoungGen: 47200K->96K(47104K)] 49155K->2051K(222208K), 0,0003572 secs] [Times: user=0,00 sys=0,00, real=0,00 secs] 
99,200: [GC (Allocation Failure) [PSYoungGen: 46688K->96K(46592K)] 48643K->2051K(221696K), 0,0003702 secs] [Times: user=0,00 sys=0,00, real=0,00 secs] 
99,234: [GC (Allocation Failure) [PSYoungGen: 46176K->128K(46080K)] 48131K->2083K(221184K), 0,0003495 secs] [Times: user=0,00 sys=0,00, real=0,00 secs] 
99,267: [GC (Allocation Failure) [PSYoungGen: 45696K->96K(45568K)] 47651K->2051K(220672K), 0,0003486 secs] [Times: user=0,00 sys=0,00, real=0,01 secs] 
99,300: [GC (Allocation Failure) [PSYoungGen: 45152K->96K(45056K)] 47107K->2051K(220160K), 0,0003678 secs] [Times: user=0,00 sys=0,00, real=0,00 secs] 
99,332: [GC (Allocation Failure) [PSYoungGen: 44640K->64K(44544K)] 46595K->2019K(219648K), 0,0003756 secs] [Times: user=0,00 sys=0,00, real=0,00 secs] 
99,364: [GC (Allocation Failure) [PSYoungGen: 44096K->96K(53760K)] 46051K->2051K(228864K), 0,0003581 secs] [Times: user=0,00 sys=0,00, real=0,00 secs] 
99,403: [GC (Allocation Failure) [PSYoungGen: 53344K->32K(52736K)] 55299K->1987K(227840K), 0,0003320 secs] [Times: user=0,00 sys=0,00, real=0,00 secs] 
99,441: [GC (Allocation Failure) [PSYoungGen: 52256K->96K(51712K)] 54211K->2051K(226816K), 0,0003550 secs] [Times: user=0,00 sys=0,00, real=0,00 secs] 
99,479: [GC (Allocation Failure) [PSYoungGen: 51296K->96K(50688K)] 53251K->2051K(225792K), 0,0004752 secs] [Times: user=0,00 sys=0,00, real=0,00 secs] 
99,515: [GC (Allocation Failure) [PSYoungGen: 50272K->96K(49664K)] 52227K->2051K(224768K), 0,0003742 secs] [Times: user=0,00 sys=0,00, real=0,00 secs] 
99,551: [GC (Allocation Failure) [PSYoungGen: 49248K->128K(48640K)] 51203K->2083K(223744K), 0,0003409 secs] [Times: user=0,00 sys=0,00, real=0,00 secs] 
99,586: [GC (Allocation Failure) [PSYoungGen: 48256K->96K(48128K)] 50211K->2051K(223232K), 0,0003478 secs] [Times: user=0,00 sys=0,00, real=0,00 secs] 
99,621: [GC (Allocation Failure) [PSYoungGen: 47712K->128K(47616K)] 49667K->2083K(222720K), 0,0003586 secs] [Times: user=0,00 sys=0,00, real=0,00 secs] 
99,655: [GC (Allocation Failure) [PSYoungGen: 47232K->96K(47104K)] 49187K->2051K(222208K), 0,0003550 secs] [Times: user=0,00 sys=0,00, real=0,00 secs] 
99,689: [GC (Allocation Failure) [PSYoungGen: 46688K->32K(46592K)] 48643K->1987K(221696K), 0,0003459 secs] [Times: user=0,00 sys=0,00, real=0,00 secs] 
99,723: [GC (Allocation Failure) [PSYoungGen: 46112K->128K(46080K)] 48067K->2083K(221184K), 0,0003449 secs] [Times: user=0,00 sys=0,00, real=0,00 secs] 
99,756: [GC (Allocation Failure) [PSYoungGen: 45696K->64K(45568K)] 47651K->2019K(220672K), 0,0003413 secs] [Times: user=0,00 sys=0,00, real=0,00 secs] 
99,789: [GC (Allocation Failure) [PSYoungGen: 45120K->32K(45056K)] 47075K->1987K(220160K), 0,0003529 secs] [Times: user=0,00 sys=0,00, real=0,00 secs] 
99,821: [GC (Allocation Failure) [PSYoungGen: 44576K->64K(44544K)] 46531K->2019K(219648K), 0,0003482 secs] [Times: user=0,00 sys=0,00, real=0,00 secs] 
99,853: [GC (Allocation Failure) [PSYoungGen: 44096K->32K(44032K)] 46051K->1987K(219136K), 0,0003419 secs] [Times: user=0,01 sys=0,00, real=0,00 secs] 
99,885: [GC (Allocation Failure) [PSYoungGen: 43552K->96K(43520K)] 45507K->2051K(218624K), 0,0003512 secs] [Times: user=0,00 sys=0,00, real=0,00 secs] 
99,917: [GC (Allocation Failure) [PSYoungGen: 43104K->0K(52224K)] 45059K->1955K(227328K), 0,0004689 secs] [Times: user=0,00 sys=0,00, real=0,01 secs] 
99,954: [GC (Allocation Failure) [PSYoungGen: 51712K->32K(62976K)] 53667K->1987K(238080K), 0,0004553 secs] [Times: user=0,00 sys=0,00, real=0,00 secs] 
100,000: [GC (Allocation Failure) [PSYoungGen: 62496K->64K(75776K)] 64451K->2019K(250880K), 0,0004664 secs] [Times: user=0,00 sys=0,00, real=0,00 secs] 
100,055: [GC (Allocation Failure) [PSYoungGen: 75328K->96K(74240K)] 77283K->2051K(249344K), 0,0004513 secs] [Times: user=0,00 sys=0,00, real=0,00 secs] 
100,108: [GC (Allocation Failure) [PSYoungGen: 73824K->64K(72704K)] 75779K->2019K(247808K), 0,0004495 secs] [Times: user=0,00 sys=0,00, real=0,00 secs] 
100,161: [GC (Allocation Failure) [PSYoungGen: 72256K->96K(71168K)] 74211K->2051K(246272K), 0,0004540 secs] [Times: user=0,01 sys=0,00, real=0,00 secs] 
100,212: [GC (Allocation Failure) [PSYoungGen: 70752K->96K(69632K)] 72707K->2051K(244736K), 0,0004601 secs] [Times: user=0,00 sys=0,00, real=0,00 secs] 
100,267: [GC (Allocation Failure) [PSYoungGen: 69216K->128K(83456K)] 71171K->2083K(258560K), 0,0011371 secs] [Times: user=0,00 sys=0,00, real=0,00 secs] 
Heap
 PSYoungGen      total 83456K, used 1786K [0x000000076ab00000, 0x0000000788d00000, 0x00000007c0000000)
  eden space 82944K, 2% used [0x000000076ab00000,0x000000076ac9ebe8,0x000000076fc00000)
  from space 512K, 25% used [0x0000000788c00000,0x0000000788c20000,0x0000000788c80000)
  to   space 512K, 0% used [0x0000000788c80000,0x0000000788c80000,0x0000000788d00000)
 ParOldGen       total 175104K, used 1955K [0x00000006c0000000, 0x00000006cab00000, 0x000000076ab00000)
  object space 175104K, 1% used [0x00000006c0000000,0x00000006c01e8ff0,0x00000006cab00000)
 Metaspace       used 9308K, capacity 9562K, committed 9856K, reserved 1058816K
  class space    used 1000K, capacity 1107K, committed 1152K, reserved 1048576K
