OpenJDK 64-Bit Server VM (25.202-b05) for bsd-amd64 JRE (Zulu 8.36.0.1-CA-macosx) (1.8.0_202-b05), built on Jan 29 2019 06:07:09 by "zulu_re" with gcc 4.2.1 (Based on Apple Inc. build 5658) (LLVM build 2336.11.00)
Memory: 4k page, physical 16777216k(3507876k free)

/proc/meminfo:

CommandLine flags: -XX:InitialHeapSize=268435456 -XX:MaxHeapSize=4294967296 -XX:+PrintGC -XX:+PrintGCDetails -XX:+PrintGCTimeStamps -XX:+UseCompressedClassPointers -XX:+UseCompressedOops -XX:+UseParallelGC 
Heap
 PSYoungGen      total 76288K, used 35778K [0x000000076ab00000, 0x0000000770000000, 0x00000007c0000000)
  eden space 65536K, 54% used [0x000000076ab00000,0x000000076cdf09f8,0x000000076eb00000)
  from space 10752K, 0% used [0x000000076f580000,0x000000076f580000,0x0000000770000000)
  to   space 10752K, 0% used [0x000000076eb00000,0x000000076eb00000,0x000000076f580000)
 ParOldGen       total 175104K, used 0K [0x00000006c0000000, 0x00000006cab00000, 0x000000076ab00000)
  object space 175104K, 0% used [0x00000006c0000000,0x00000006c0000000,0x00000006cab00000)
 Metaspace       used 7650K, capacity 8005K, committed 8192K, reserved 1056768K
  class space    used 852K, capacity 948K, committed 1024K, reserved 1048576K
745: [GC (Allocation Failure) [PSYoungGen: 132752K->1664K(141824K)] 132776K->1696K(316928K), 0,0016565 secs] [Times: user=0,00 sys=0,00, real=0,00 secs] 
0,769: [GC (Allocation Failure) [PSYoungGen: 132736K->1664K(267264K)] 132768K->1696K(442368K), 0,0015992 secs] [Times: user=0,01 sys=0,00, real=0,00 secs] 
0,863: [GC (Allocation Failure) [PSYoungGen: 263808K->128K(267776K)] 263840K->1779K(442880K), 0,0018086 secs] [Times: user=0,00 sys=0,00, real=0,00 secs] 
0,912: [GC (Allocation Failure) [PSYoungGen: 262272K->96K(529920K)] 263923K->1763K(705024K), 0,0004887 secs] [Times: user=0,00 sys=0,00, real=0,00 secs] 
1,099: [GC (Allocation Failure) [PSYoungGen: 524384K->96K(529920K)] 526051K->1763K(705024K), 0,0007585 secs] [Times: user=0,00 sys=0,00, real=0,00 secs] 
1,191: [GC (Allocation Failure) [PSYoungGen: 524384K->96K(844800K)] 526051K->1763K(1019904K), 0,0005139 secs] [Times: user=0,01 sys=0,00, real=0,00 secs] 
1,456: [GC (Allocation Failure) [PSYoungGen: 839264K->96K(844800K)] 840931K->1771K(1019904K), 0,0008963 secs] [Times: user=0,00 sys=0,00, real=0,00 secs] 
1,605: [GC (Allocation Failure) [PSYoungGen: 839264K->96K(1348096K)] 840939K->1787K(1523200K), 0,0032750 secs] [Times: user=0,00 sys=0,00, real=0,00 secs] 
2,025: [GC (Allocation Failure) [PSYoungGen: 1343072K->64K(1348096K)] 1344763K->1755K(1523200K), 0,0005689 secs] [Times: user=0,00 sys=0,00, real=0,00 secs] 
2,260: [GC (Allocation Failure) [PSYoungGen: 1343040K->96K(1279488K)] 1344731K->1795K(1454592K), 0,0005401 secs] [Times: user=0,00 sys=0,00, real=0,00 secs] 
2,482: [GC (Allocation Failure) [PSYoungGen: 1279072K->96K(1223168K)] 1280771K->1795K(1398272K), 0,0005281 secs] [Times: user=0,00 sys=0,00, real=0,00 secs] 
2,694: [GC (Allocation Failure) [PSYoungGen: 1218656K->96K(1161728K)] 1220355K->1795K(1336832K), 0,0005443 secs] [Times: user=0,00 sys=0,00, real=0,00 secs] 
2,896: [GC (Allocation Failure) [PSYoungGen: 1161312K->96K(1111040K)] 1163011K->1803K(1286144K), 0,0005294 secs] [Times: user=0,01 sys=0,00, real=0,00 secs] 
3,089: [GC (Allocation Failure) [PSYoungGen: 1106528K->96K(1054720K)] 1108235K->1803K(1229824K), 0,0005184 secs] [Times: user=0,00 sys=0,00, real=0,00 secs] 
3,275: [GC (Allocation Failure) [PSYoungGen: 1054304K->96K(1009152K)] 1056011K->1803K(1184256K), 0,0005094 secs] [Times: user=0,00 sys=0,00, real=0,00 secs] 
3,451: [GC (Allocation Failure) [PSYoungGen: 1005152K->96K(958464K)] 1006859K->1803K(1133568K), 0,0005403 secs] [Times: user=0,00 sys=0,00, real=0,00 secs] 
3,618: [GC (Allocation Failure) [PSYoungGen: 958048K->96K(916992K)] 959755K->1803K(1092096K), 0,0005090 secs] [Times: user=0,00 sys=0,00, real=0,00 secs] 
3,777: [GC (Allocation Failure) [PSYoungGen: 913504K->96K(871424K)] 915211K->1803K(1046528K), 0,0005434 secs] [Times: user=0,00 sys=0,00, real=0,00 secs] 
3,928: [GC (Allocation Failure) [PSYoungGen: 871008K->96K(833536K)] 872715K->1803K(1008640K), 0,0005007 secs] [Times: user=0,00 sys=0,00, real=0,00 secs] 
4,074: [GC (Allocation Failure) [PSYoungGen: 830560K->96K(792576K)] 832267K->1803K(967680K), 0,0004357 secs] [Times: user=0,00 sys=0,00, real=0,00 secs] 
4,214: [GC (Allocation Failure) [PSYoungGen: 792160K->96K(758784K)] 793867K->1803K(933888K), 0,0004995 secs] [Times: user=0,01 sys=0,00, real=0,00 secs] 
4,346: [GC (Allocation Failure) [PSYoungGen: 755808K->96K(721920K)] 757515K->1803K(897024K), 0,0005350 secs] [Times: user=0,00 sys=0,00, real=0,00 secs] 
4,473: [GC (Allocation Failure) [PSYoungGen: 721504K->96K(691200K)] 723211K->1803K(866304K), 0,0005231 secs] [Times: user=0,00 sys=0,00, real=0,00 secs] 
4,593: [GC (Allocation Failure) [PSYoungGen: 688736K->96K(657920K)] 690443K->1803K(833024K), 0,0005191 secs] [Times: user=0,01 sys=0,00, real=0,00 secs] 
4,707: [GC (Allocation Failure) [PSYoungGen: 657504K->96K(629760K)] 659211K->1803K(804864K), 0,0004964 secs] [Times: user=0,00 sys=0,00, real=0,00 secs] 
4,817: [GC (Allocation Failure) [PSYoungGen: 627808K->64K(600064K)] 629515K->1771K(775168K), 0,0005403 secs] [Times: user=0,00 sys=0,00, real=0,00 secs] 
4,924: [GC (Allocation Failure) [PSYoungGen: 599616K->96K(574976K)] 601323K->1803K(750080K), 0,0004859 secs] [Times: user=0,00 sys=0,00, real=0,00 secs] 
5,024: [GC (Allocation Failure) [PSYoungGen: 573024K->96K(547840K)] 574731K->1811K(722944K), 0,0005789 secs] [Times: user=0,00 sys=0,00, real=0,00 secs] 
5,120: [GC (Allocation Failure) [PSYoungGen: 547424K->96K(524800K)] 549139K->1811K(699904K), 0,0004986 secs] [Times: user=0,00 sys=0,00, real=0,00 secs] 
5,212: [GC (Allocation Failure) [PSYoungGen: 523360K->64K(500736K)] 525075K->1779K(675840K), 0,0005354 secs] [Times: user=0,00 sys=0,00, real=0,00 secs] 
5,299: [GC (Allocation Failure) [PSYoungGen: 500288K->96K(479744K)] 502003K->1811K(654848K), 0,0005158 secs] [Times: user=0,00 sys=0,00, real=0,01 secs] 
5,382: [GC (Allocation Failure) [PSYoungGen: 478304K->96K(457728K)] 480019K->1811K(632832K), 0,0005012 secs] [Times: user=0,00 sys=0,00, real=0,00 secs] 
5,463: [GC (Allocation Failure) [PSYoungGen: 457312K->96K(438784K)] 459027K->1811K(613888K), 0,0005409 secs] [Times: user=0,00 sys=0,00, real=0,00 secs] 
5,539: [GC (Allocation Failure) [PSYoungGen: 437344K->96K(418816K)] 439059K->1811K(593920K), 0,0005148 secs] [Times: user=0,00 sys=0,00, real=0,00 secs] 
5,613: [GC (Allocation Failure) [PSYoungGen: 418400K->64K(401408K)] 420115K->1779K(576512K), 0,0004907 secs] [Times: user=0,00 sys=0,00, real=0,00 secs] 
5,683: [GC (Allocation Failure) [PSYoungGen: 400448K->64K(384000K)] 402163K->1779K(559104K), 0,0004979 secs] [Times: user=0,00 sys=0,00, real=0,00 secs] 
5,750: [GC (Allocation Failure) [PSYoungGen: 383552K->96K(368640K)] 385267K->1811K(543744K), 0,0004919 secs] [Times: user=0,00 sys=0,00, real=0,00 secs] 
5,815: [GC (Allocation Failure) [PSYoungGen: 367712K->96K(352768K)] 369427K->1811K(527872K), 0,0004858 secs] [Times: user=0,00 sys=0,00, real=0,00 secs] 
5,876: [GC (Allocation Failure) [PSYoungGen: 352352K->128K(338432K)] 354067K->1843K(513536K), 0,0004582 secs] [Times: user=0,01 sys=0,00, real=0,00 secs] 
5,935: [GC (Allocation Failure) [PSYoungGen: 337536K->96K(324096K)] 339251K->1811K(499200K), 0,0005150 secs] [Times: user=0,00 sys=0,00, real=0,00 secs] 
5,992: [GC (Allocation Failure) [PSYoungGen: 323680K->96K(311296K)] 325395K->1811K(486400K), 0,0005008 secs] [Times: user=0,00 sys=0,00, real=0,00 secs] 
6,046: [GC (Allocation Failure) [PSYoungGen: 310368K->96K(297984K)] 312083K->1811K(473088K), 0,0004689 secs] [Times: user=0,00 sys=0,00, real=0,00 secs] 
6,098: [GC (Allocation Failure) [PSYoungGen: 297568K->96K(286720K)] 299283K->1811K(461824K), 0,0004711 secs] [Times: user=0,00 sys=0,00, real=0,00 secs] 
6,148: [GC (Allocation Failure) [PSYoungGen: 285792K->96K(274944K)] 287507K->1811K(450048K), 0,0004506 secs] [Times: user=0,00 sys=0,00, real=0,00 secs] 
6,196: [GC (Allocation Failure) [PSYoungGen: 274528K->96K(264192K)] 276243K->1811K(439296K), 0,0004622 secs] [Times: user=0,00 sys=0,00, real=0,00 secs] 
6,243: [GC (Allocation Failure) [PSYoungGen: 263776K->64K(253952K)] 265491K->1779K(429056K), 0,0004992 secs] [Times: user=0,01 sys=0,00, real=0,00 secs] 
6,287: [GC (Allocation Failure) [PSYoungGen: 253504K->64K(244224K)] 255219K->1779K(419328K), 0,0005167 secs] [Times: user=0,00 sys=0,00, real=0,00 secs] 
6,330: [GC (Allocation Failure) [PSYoungGen: 243776K->64K(235008K)] 245491K->1779K(410112K), 0,0004618 secs] [Times: user=0,00 sys=0,00, real=0,00 secs] 
6,371: [GC (Allocation Failure) [PSYoungGen: 234560K->96K(226304K)] 236275K->1811K(401408K), 0,0004610 secs] [Times: user=0,00 sys=0,00, real=0,00 secs] 
6,411: [GC (Allocation Failure) [PSYoungGen: 225888K->96K(217600K)] 227603K->1811K(392704K), 0,0004982 secs] [Times: user=0,00 sys=0,00, real=0,00 secs] 
6,449: [GC (Allocation Failure) [PSYoungGen: 217184K->64K(263680K)] 218899K->1779K(438784K), 0,0004802 secs] [Times: user=0,00 sys=0,00, real=0,01 secs] 
6,495: [GC (Allocation Failure) [PSYoungGen: 263232K->64K(318976K)] 264947K->1779K(494080K), 0,0004699 secs] [Times: user=0,00 sys=0,00, real=0,00 secs] 
6,551: [GC (Allocation Failure) [PSYoungGen: 318528K->64K(306176K)] 320243K->1779K(481280K), 0,0004833 secs] [Times: user=0,00 sys=0,01, real=0,00 secs] 
6,604: [GC (Allocation Failure) [PSYoungGen: 305728K->96K(293888K)] 307443K->1811K(468992K), 0,0004545 secs] [Times: user=0,00 sys=0,00, real=0,00 secs] 
6,655: [GC (Allocation Failure) [PSYoungGen: 293472K->96K(282112K)] 295187K->1811K(457216K), 0,0004533 secs] [Times: user=0,00 sys=0,00, real=0,00 secs] 
6,706: [GC (Allocation Failure) [PSYoungGen: 281696K->96K(270848K)] 283411K->1811K(445952K), 0,0004720 secs] [Times: user=0,00 sys=0,00, real=0,00 secs] 
6,754: [GC (Allocation Failure) [PSYoungGen: 270432K->96K(260096K)] 272147K->1811K(435200K), 0,0004639 secs] [Times: user=0,00 sys=0,00, real=0,00 secs] 
6,800: [GC (Allocation Failure) [PSYoungGen: 259680K->96K(249856K)] 261395K->1811K(424960K), 0,0004603 secs] [Times: user=0,00 sys=0,00, real=0,00 secs] 
6,844: [GC (Allocation Failure) [PSYoungGen: 249440K->96K(240128K)] 251155K->1811K(415232K), 0,0004672 secs] [Times: user=0,00 sys=0,00, real=0,00 secs] 
6,886: [GC (Allocation Failure) [PSYoungGen: 239712K->96K(230912K)] 241427K->1811K(406016K), 0,0004401 secs] [Times: user=0,00 sys=0,00, real=0,00 secs] 
6,927: [GC (Allocation Failure) [PSYoungGen: 230496K->96K(222208K)] 232211K->1811K(397312K), 0,0005051 secs] [Times: user=0,00 sys=0,00, real=0,00 secs] 
6,966: [GC (Allocation Failure) [PSYoungGen: 221792K->96K(266752K)] 223507K->1811K(441856K), 0,0004854 secs] [Times: user=0,01 sys=0,00, real=0,00 secs] 
7,013: [GC (Allocation Failure) [PSYoungGen: 266336K->96K(256512K)] 268051K->1811K(431616K), 0,0004778 secs] [Times: user=0,00 sys=0,00, real=0,00 secs] 
7,058: [GC (Allocation Failure) [PSYoungGen: 256096K->96K(246784K)] 257811K->1811K(421888K), 0,0004716 secs] [Times: user=0,00 sys=0,00, real=0,00 secs] 
7,102: [GC (Allocation Failure) [PSYoungGen: 246368K->96K(237568K)] 248083K->1811K(412672K), 0,0004555 secs] [Times: user=0,00 sys=0,00, real=0,00 secs] 
7,145: [GC (Allocation Failure) [PSYoungGen: 237152K->96K(228352K)] 238867K->1811K(403456K), 0,0004586 secs] [Times: user=0,00 sys=0,00, real=0,00 secs] 
7,185: [GC (Allocation Failure) [PSYoungGen: 227936K->64K(219648K)] 229651K->1779K(394752K), 0,0004499 secs] [Times: user=0,00 sys=0,00, real=0,00 secs] 
7,224: [GC (Allocation Failure) [PSYoungGen: 219200K->64K(263680K)] 220915K->1779K(438784K), 0,0004681 secs] [Times: user=0,00 sys=0,00, real=0,00 secs] 
7,270: [GC (Allocation Failure) [PSYoungGen: 263232K->64K(316416K)] 264947K->1787K(491520K), 0,0005149 secs] [Times: user=0,00 sys=0,00, real=0,00 secs] 
7,326: [GC (Allocation Failure) [PSYoungGen: 315968K->64K(303616K)] 317691K->1787K(478720K), 0,0004907 secs] [Times: user=0,00 sys=0,00, real=0,00 secs] 
7,379: [GC (Allocation Failure) [PSYoungGen: 303168K->64K(291328K)] 304891K->1787K(466432K), 0,0004732 secs] [Times: user=0,00 sys=0,00, real=0,01 secs] 
7,430: [GC (Allocation Failure) [PSYoungGen: 290880K->96K(279552K)] 292603K->1819K(454656K), 0,0004866 secs] [Times: user=0,00 sys=0,00, real=0,00 secs] 
7,479: [GC (Allocation Failure) [PSYoungGen: 279136K->96K(268288K)] 280859K->1819K(443392K), 0,0004916 secs] [Times: user=0,00 sys=0,00, real=0,01 secs] 
7,526: [GC (Allocation Failure) [PSYoungGen: 267872K->96K(257536K)] 269595K->1819K(432640K), 0,0004698 secs] [Times: user=0,00 sys=0,00, real=0,00 secs] 
7,571: [GC (Allocation Failure) [PSYoungGen: 257120K->64K(247296K)] 258843K->1787K(422400K), 0,0004664 secs] [Times: user=0,00 sys=0,00, real=0,00 secs] 
7,614: [GC (Allocation Failure) [PSYoungGen: 246848K->64K(237568K)] 248571K->1787K(412672K), 0,0004677 secs] [Times: user=0,00 sys=0,00, real=0,00 secs] 
7,656: [GC (Allocation Failure) [PSYoungGen: 237120K->96K(228352K)] 238843K->1819K(403456K), 0,0004673 secs] [Times: user=0,00 sys=0,00, real=0,00 secs] 
7,696: [GC (Allocation Failure) [PSYoungGen: 227936K->96K(219648K)] 229659K->1819K(394752K), 0,0004483 secs] [Times: user=0,00 sys=0,00, real=0,00 secs] 
7,735: [GC (Allocation Failure) [PSYoungGen: 219232K->64K(263680K)] 220955K->1787K(438784K), 0,0004685 secs] [Times: user=0,00 sys=0,00, real=0,00 secs] 
7,781: [GC (Allocation Failure) [PSYoungGen: 263232K->96K(316416K)] 264955K->1819K(491520K), 0,0004869 secs] [Times: user=0,00 sys=0,00, real=0,00 secs] 
7,836: [GC (Allocation Failure) [PSYoungGen: 316000K->96K(303616K)] 317723K->1819K(478720K), 0,0004634 secs] [Times: user=0,00 sys=0,00, real=0,00 secs] 
7,889: [GC (Allocation Failure) [PSYoungGen: 303200K->96K(291328K)] 304923K->1819K(466432K), 0,0005033 secs] [Times: user=0,00 sys=0,00, real=0,00 secs] 
7,941: [GC (Allocation Failure) [PSYoungGen: 290912K->96K(279552K)] 292635K->1819K(454656K), 0,0004964 secs] [Times: user=0,00 sys=0,00, real=0,00 secs] 
7,989: [GC (Allocation Failure) [PSYoungGen: 279136K->96K(268288K)] 280859K->1819K(443392K), 0,0004889 secs] [Times: user=0,00 sys=0,00, real=0,00 secs] 
8,036: [GC (Allocation Failure) [PSYoungGen: 267872K->96K(257536K)] 269595K->1819K(432640K), 0,0004784 secs] [Times: user=0,00 sys=0,00, real=0,00 secs] 
8,081: [GC (Allocation Failure) [PSYoungGen: 257120K->96K(247296K)] 258843K->1819K(422400K), 0,0004587 secs] [Times: user=0,00 sys=0,00, real=0,00 secs] 
8,125: [GC (Allocation Failure) [PSYoungGen: 246880K->64K(237568K)] 248603K->1787K(412672K), 0,0004664 secs] [Times: user=0,01 sys=0,00, real=0,00 secs] 
8,166: [GC (Allocation Failure) [PSYoungGen: 237120K->64K(228352K)] 238843K->1787K(403456K), 0,0004464 secs] [Times: user=0,00 sys=0,00, real=0,00 secs] 
8,206: [GC (Allocation Failure) [PSYoungGen: 227904K->96K(219648K)] 229627K->1819K(394752K), 0,0004568 secs] [Times: user=0,00 sys=0,00, real=0,00 secs] 
8,245: [GC (Allocation Failure) [PSYoungGen: 219232K->96K(263680K)] 220955K->1819K(438784K), 0,0004590 secs] [Times: user=0,00 sys=0,00, real=0,00 secs] 
8,291: [GC (Allocation Failure) [PSYoungGen: 263264K->64K(316416K)] 264987K->1787K(491520K), 0,0004934 secs] [Times: user=0,00 sys=0,00, real=0,00 secs] 
8,346: [GC (Allocation Failure) [PSYoungGen: 315968K->64K(303616K)] 317691K->1787K(478720K), 0,0004791 secs] [Times: user=0,00 sys=0,00, real=0,00 secs] 
8,400: [GC (Allocation Failure) [PSYoungGen: 303168K->64K(291328K)] 304891K->1787K(466432K), 0,0004665 secs] [Times: user=0,00 sys=0,00, real=0,00 secs] 
8,452: [GC (Allocation Failure) [PSYoungGen: 290880K->96K(279552K)] 292603K->1819K(454656K), 0,0006950 secs] [Times: user=0,00 sys=0,00, real=0,00 secs] 
8,506: [GC (Allocation Failure) [PSYoungGen: 279136K->96K(268288K)] 280859K->1819K(443392K), 0,0004834 secs] [Times: user=0,00 sys=0,00, real=0,00 secs] 
8,553: [GC (Allocation Failure) [PSYoungGen: 267872K->64K(257536K)] 269595K->1787K(432640K), 0,0004781 secs] [Times: user=0,00 sys=0,00, real=0,00 secs] 
8,598: [GC (Allocation Failure) [PSYoungGen: 257088K->96K(247296K)] 258811K->1819K(422400K), 0,0004494 secs] [Times: user=0,00 sys=0,00, real=0,00 secs] 
8,641: [GC (Allocation Failure) [PSYoungGen: 246880K->96K(237568K)] 248603K->1819K(412672K), 0,0004768 secs] [Times: user=0,00 sys=0,00, real=0,00 secs] 
8,682: [GC (Allocation Failure) [PSYoungGen: 237152K->96K(228352K)] 238875K->1819K(403456K), 0,0004500 secs] [Times: user=0,00 sys=0,00, real=0,00 secs] 
8,722: [GC (Allocation Failure) [PSYoungGen: 227936K->96K(219648K)] 229659K->1819K(394752K), 0,0004629 secs] [Times: user=0,00 sys=0,00, real=0,00 secs] 
8,761: [GC (Allocation Failure) [PSYoungGen: 219232K->32K(263680K)] 220955K->1755K(438784K), 0,0004702 secs] [Times: user=0,00 sys=0,00, real=0,00 secs] 
8,807: [GC (Allocation Failure) [PSYoungGen: 263200K->32K(316416K)] 264923K->1755K(491520K), 0,0004735 secs] [Times: user=0,00 sys=0,00, real=0,00 secs] 
8,862: [GC (Allocation Failure) [PSYoungGen: 315936K->64K(303616K)] 317659K->1787K(478720K), 0,0004640 secs] [Times: user=0,00 sys=0,00, real=0,00 secs] 
8,915: [GC (Allocation Failure) [PSYoungGen: 303168K->64K(291328K)] 304891K->1787K(466432K), 0,0004597 secs] [Times: user=0,00 sys=0,00, real=0,00 secs] 
8,967: [GC (Allocation Failure) [PSYoungGen: 290880K->64K(279552K)] 292603K->1787K(454656K), 0,0005002 secs] [Times: user=0,01 sys=0,00, real=0,00 secs] 
9,016: [GC (Allocation Failure) [PSYoungGen: 279104K->96K(268288K)] 280827K->1819K(443392K), 0,0004980 secs] [Times: user=0,01 sys=0,00, real=0,00 secs] 
9,063: [GC (Allocation Failure) [PSYoungGen: 267872K->64K(257536K)] 269595K->1787K(432640K), 0,0004683 secs] [Times: user=0,00 sys=0,00, real=0,00 secs] 
9,108: [GC (Allocation Failure) [PSYoungGen: 257088K->64K(247296K)] 258811K->1787K(422400K), 0,0004749 secs] [Times: user=0,00 sys=0,00, real=0,00 secs] 
9,151: [GC (Allocation Failure) [PSYoungGen: 246848K->32K(237568K)] 248571K->1755K(412672K), 0,0004747 secs] [Times: user=0,00 sys=0,00, real=0,00 secs] 
9,193: [GC (Allocation Failure) [PSYoungGen: 237088K->96K(228352K)] 238811K->1819K(403456K), 0,0004554 secs] [Times: user=0,00 sys=0,00, real=0,00 secs] 
9,233: [GC (Allocation Failure) [PSYoungGen: 227936K->64K(219648K)] 229659K->1787K(394752K), 0,0004685 secs] [Times: user=0,00 sys=0,00, real=0,00 secs] 
9,271: [GC (Allocation Failure) [PSYoungGen: 219200K->96K(263680K)] 220923K->1819K(438784K), 0,0004955 secs] [Times: user=0,00 sys=0,00, real=0,00 secs] 
9,318: [GC (Allocation Failure) [PSYoungGen: 263264K->64K(316416K)] 264987K->1787K(491520K), 0,0004563 secs] [Times: user=0,00 sys=0,00, real=0,00 secs] 
9,373: [GC (Allocation Failure) [PSYoungGen: 315968K->64K(303616K)] 317691K->1787K(478720K), 0,0004438 secs] [Times: user=0,00 sys=0,00, real=0,00 secs] 
9,427: [GC (Allocation Failure) [PSYoungGen: 303168K->96K(291328K)] 304891K->1819K(466432K), 0,0005028 secs] [Times: user=0,00 sys=0,00, real=0,00 secs] 
9,478: [GC (Allocation Failure) [PSYoungGen: 290912K->64K(279552K)] 292635K->1787K(454656K), 0,0004653 secs] [Times: user=0,00 sys=0,01, real=0,00 secs] 
9,527: [GC (Allocation Failure) [PSYoungGen: 279104K->64K(268288K)] 280827K->1787K(443392K), 0,0004874 secs] [Times: user=0,00 sys=0,00, real=0,00 secs] 
9,575: [GC (Allocation Failure) [PSYoungGen: 267840K->96K(257536K)] 269563K->1819K(432640K), 0,0004491 secs] [Times: user=0,00 sys=0,00, real=0,00 secs] 
9,621: [GC (Allocation Failure) [PSYoungGen: 257120K->96K(247296K)] 258843K->1819K(422400K), 0,0004573 secs] [Times: user=0,01 sys=0,00, real=0,00 secs] 
9,664: [GC (Allocation Failure) [PSYoungGen: 246880K->128K(237568K)] 248603K->1851K(412672K), 0,0004742 secs] [Times: user=0,00 sys=0,00, real=0,00 secs] 
9,705: [GC (Allocation Failure) [PSYoungGen: 237184K->96K(285184K)] 238907K->1819K(460288K), 0,0009887 secs] [Times: user=0,00 sys=0,00, real=0,00 secs] 
9,756: [GC (Allocation Failure) [PSYoungGen: 284768K->64K(342528K)] 286491K->1787K(517632K), 0,0004788 secs] [Times: user=0,00 sys=0,00, real=0,00 secs] 
9,816: [GC (Allocation Failure) [PSYoungGen: 342080K->96K(411136K)] 343803K->1819K(586240K), 0,0004614 secs] [Times: user=0,00 sys=0,00, real=0,00 secs] 
9,889: [GC (Allocation Failure) [PSYoungGen: 410720K->96K(393728K)] 412443K->1819K(568832K), 0,0004835 secs] [Times: user=0,00 sys=0,00, real=0,00 secs] 
9,960: [GC (Allocation Failure) [PSYoungGen: 393312K->96K(377344K)] 395035K->1819K(552448K), 0,0005244 secs] [Times: user=0,00 sys=0,00, real=0,00 secs] 
10,028: [GC (Allocation Failure) [PSYoungGen: 376928K->64K(361472K)] 378651K->1787K(536576K), 0,0004886 secs] [Times: user=0,00 sys=0,00, real=0,00 secs] 
10,092: [GC (Allocation Failure) [PSYoungGen: 361024K->64K(346624K)] 362747K->1787K(521728K), 0,0004835 secs] [Times: user=0,00 sys=0,00, real=0,00 secs] 
10,154: [GC (Allocation Failure) [PSYoungGen: 346176K->64K(332288K)] 347899K->1787K(507392K), 0,0004747 secs] [Times: user=0,00 sys=0,00, real=0,00 secs] 
10,212: [GC (Allocation Failure) [PSYoungGen: 331840K->64K(318464K)] 333563K->1787K(493568K), 0,0004792 secs] [Times: user=0,00 sys=0,00, real=0,00 secs] 
10,283: [GC (Allocation Failure) [PSYoungGen: 318016K->160K(305664K)] 319739K->1883K(480768K), 0,0005806 secs] [Times: user=0,00 sys=0,00, real=0,00 secs] 
10,337: [GC (Allocation Failure) [PSYoungGen: 305312K->32K(293376K)] 307035K->1827K(468480K), 0,0005556 secs] [Times: user=0,00 sys=0,00, real=0,00 secs] 
10,388: [GC (Allocation Failure) [PSYoungGen: 292896K->64K(281600K)] 294691K->1859K(456704K), 0,0004926 secs] [Times: user=0,01 sys=0,00, real=0,00 secs] 
10,438: [GC (Allocation Failure) [PSYoungGen: 281152K->64K(270336K)] 282947K->1859K(445440K), 0,0005174 secs] [Times: user=0,01 sys=0,00, real=0,00 secs] 
10,485: [GC (Allocation Failure) [PSYoungGen: 269888K->96K(259584K)] 271683K->1891K(434688K), 0,0005097 secs] [Times: user=0,00 sys=0,00, real=0,00 secs] 
10,531: [GC (Allocation Failure) [PSYoungGen: 259168K->96K(249344K)] 260963K->1891K(424448K), 0,0005245 secs] [Times: user=0,00 sys=0,00, real=0,00 secs] 
10,574: [GC (Allocation Failure) [PSYoungGen: 248928K->96K(239616K)] 250723K->1891K(414720K), 0,0004681 secs] [Times: user=0,00 sys=0,00, real=0,00 secs] 
10,616: [GC (Allocation Failure) [PSYoungGen: 239200K->96K(230400K)] 240995K->1891K(405504K), 0,0004849 secs] [Times: user=0,00 sys=0,00, real=0,00 secs] 
10,656: [GC (Allocation Failure) [PSYoungGen: 229984K->96K(221696K)] 231779K->1891K(396800K), 0,0004754 secs] [Times: user=0,00 sys=0,00, real=0,00 secs] 
10,695: [GC (Allocation Failure) [PSYoungGen: 221280K->96K(266240K)] 223075K->1891K(441344K), 0,0004695 secs] [Times: user=0,00 sys=0,00, real=0,00 secs] 
10,742: [GC (Allocation Failure) [PSYoungGen: 265824K->64K(256000K)] 267619K->1859K(431104K), 0,0004911 secs] [Times: user=0,00 sys=0,00, real=0,00 secs] 
10,788: [GC (Allocation Failure) [PSYoungGen: 255552K->96K(246272K)] 257347K->1891K(421376K), 0,0004995 secs] [Times: user=0,00 sys=0,00, real=0,00 secs] 
10,831: [GC (Allocation Failure) [PSYoungGen: 245856K->96K(295424K)] 247651K->1891K(470528K), 0,0005307 secs] [Times: user=0,00 sys=0,00, real=0,00 secs] 
10,882: [GC (Allocation Failure) [PSYoungGen: 295008K->96K(283648K)] 296803K->1891K(458752K), 0,0004759 secs] [Times: user=0,00 sys=0,00, real=0,00 secs] 
10,932: [GC (Allocation Failure) [PSYoungGen: 283232K->64K(272384K)] 285027K->1859K(447488K), 0,0005283 secs] [Times: user=0,00 sys=0,00, real=0,00 secs] 
10,980: [GC (Allocation Failure) [PSYoungGen: 271936K->64K(261632K)] 273731K->1859K(436736K), 0,0005039 secs] [Times: user=0,00 sys=0,00, real=0,00 secs] 
11,026: [GC (Allocation Failure) [PSYoungGen: 261184K->64K(251392K)] 262979K->1859K(426496K), 0,0004982 secs] [Times: user=0,00 sys=0,00, real=0,00 secs] 
11,071: [GC (Allocation Failure) [PSYoungGen: 250944K->96K(241664K)] 252739K->1891K(416768K), 0,0004933 secs] [Times: user=0,00 sys=0,00, real=0,00 secs] 
11,114: [GC (Allocation Failure) [PSYoungGen: 241248K->96K(232448K)] 243043K->1891K(407552K), 0,0004755 secs] [Times: user=0,00 sys=0,00, real=0,00 secs] 
11,154: [GC (Allocation Failure) [PSYoungGen: 232032K->96K(279040K)] 233827K->1891K(454144K), 0,0004670 secs] [Times: user=0,00 sys=0,00, real=0,00 secs] 
11,203: [GC (Allocation Failure) [PSYoungGen: 278624K->64K(267776K)] 280419K->1859K(442880K), 0,0004824 secs] [Times: user=0,00 sys=0,00, real=0,00 secs] 
11,250: [GC (Allocation Failure) [PSYoungGen: 267328K->64K(257536K)] 269123K->1859K(432640K), 0,0004966 secs] [Times: user=0,00 sys=0,00, real=0,00 secs] 
11,296: [GC (Allocation Failure) [PSYoungGen: 257088K->96K(247296K)] 258883K->1891K(422400K), 0,0004970 secs] [Times: user=0,00 sys=0,00, real=0,00 secs] 
11,340: [GC (Allocation Failure) [PSYoungGen: 246880K->64K(237568K)] 248675K->1859K(412672K), 0,0004781 secs] [Times: user=0,00 sys=0,00, real=0,00 secs] 
11,382: [GC (Allocation Failure) [PSYoungGen: 237120K->64K(228352K)] 238915K->1859K(403456K), 0,0004733 secs] [Times: user=0,00 sys=0,00, real=0,00 secs] 
11,422: [GC (Allocation Failure) [PSYoungGen: 227904K->64K(273920K)] 229699K->1859K(449024K), 0,0004734 secs] [Times: user=0,00 sys=0,00, real=0,00 secs] 
11,470: [GC (Allocation Failure) [PSYoungGen: 273472K->96K(263168K)] 275267K->1891K(438272K), 0,0004986 secs] [Times: user=0,00 sys=0,00, real=0,00 secs] 
11,516: [GC (Allocation Failure) [PSYoungGen: 262752K->96K(252928K)] 264547K->1891K(428032K), 0,0005216 secs] [Times: user=0,00 sys=0,00, real=0,00 secs] 
11,561: [GC (Allocation Failure) [PSYoungGen: 252512K->96K(243200K)] 254307K->1891K(418304K), 0,0004726 secs] [Times: user=0,00 sys=0,00, real=0,00 secs] 
11,603: [GC (Allocation Failure) [PSYoungGen: 242784K->96K(291840K)] 244579K->1891K(466944K), 0,0005124 secs] [Times: user=0,00 sys=0,00, real=0,00 secs] 
11,654: [GC (Allocation Failure) [PSYoungGen: 291424K->96K(280064K)] 293219K->1891K(455168K), 0,0004901 secs] [Times: user=0,00 sys=0,01, real=0,00 secs] 
11,704: [GC (Allocation Failure) [PSYoungGen: 279648K->96K(268800K)] 281443K->1891K(443904K), 0,0005244 secs] [Times: user=0,00 sys=0,00, real=0,00 secs] 
11,752: [GC (Allocation Failure) [PSYoungGen: 268384K->64K(258048K)] 270179K->1859K(433152K), 0,0005109 secs] [Times: user=0,00 sys=0,00, real=0,00 secs] 
11,797: [GC (Allocation Failure) [PSYoungGen: 257600K->64K(247808K)] 259395K->1859K(422912K), 0,0004704 secs] [Times: user=0,00 sys=0,00, real=0,00 secs] 
11,840: [GC (Allocation Failure) [PSYoungGen: 247360K->96K(238080K)] 249155K->1891K(413184K), 0,0004749 secs] [Times: user=0,01 sys=0,00, real=0,00 secs] 
11,882: [GC (Allocation Failure) [PSYoungGen: 237664K->96K(228864K)] 239459K->1891K(403968K), 0,0004781 secs] [Times: user=0,00 sys=0,00, real=0,00 secs] 
11,922: [GC (Allocation Failure) [PSYoungGen: 228448K->64K(274944K)] 230243K->1867K(450048K), 0,0004787 secs] [Times: user=0,00 sys=0,00, real=0,00 secs] 
11,971: [GC (Allocation Failure) [PSYoungGen: 274496K->96K(264192K)] 276299K->1899K(439296K), 0,0004967 secs] [Times: user=0,00 sys=0,00, real=0,00 secs] 
12,017: [GC (Allocation Failure) [PSYoungGen: 263776K->64K(253952K)] 265579K->1867K(429056K), 0,0004970 secs] [Times: user=0,00 sys=0,00, real=0,00 secs] 
12,063: [GC (Allocation Failure) [PSYoungGen: 253504K->96K(244224K)] 255307K->1899K(419328K), 0,0004843 secs] [Times: user=0,00 sys=0,00, real=0,00 secs] 
12,105: [GC (Allocation Failure) [PSYoungGen: 243808K->96K(293376K)] 245611K->1899K(468480K), 0,0004933 secs] [Times: user=0,00 sys=0,00, real=0,00 secs] 
12,157: [GC (Allocation Failure) [PSYoungGen: 292960K->64K(281600K)] 294763K->1867K(456704K), 0,0004903 secs] [Times: user=0,01 sys=0,00, real=0,00 secs] 
12,206: [GC (Allocation Failure) [PSYoungGen: 281152K->96K(270336K)] 282955K->1899K(445440K), 0,0004956 secs] [Times: user=0,01 sys=0,00, real=0,00 secs] 
12,254: [GC (Allocation Failure) [PSYoungGen: 269920K->96K(259584K)] 271723K->1899K(434688K), 0,0004938 secs] [Times: user=0,00 sys=0,00, real=0,00 secs] 
12,299: [GC (Allocation Failure) [PSYoungGen: 259168K->64K(249344K)] 260971K->1867K(424448K), 0,0004877 secs] [Times: user=0,00 sys=0,00, real=0,00 secs] 
12,342: [GC (Allocation Failure) [PSYoungGen: 248896K->64K(239616K)] 250699K->1867K(414720K), 0,0004728 secs] [Times: user=0,00 sys=0,00, real=0,00 secs] 
12,384: [GC (Allocation Failure) [PSYoungGen: 239168K->64K(230400K)] 240971K->1867K(405504K), 0,0004689 secs] [Times: user=0,01 sys=0,00, real=0,00 secs] 
12,425: [GC (Allocation Failure) [PSYoungGen: 229952K->64K(276480K)] 231755K->1867K(451584K), 0,0004753 secs] [Times: user=0,00 sys=0,00, real=0,00 secs] 
12,474: [GC (Allocation Failure) [PSYoungGen: 276032K->96K(265728K)] 277835K->1899K(440832K), 0,0005080 secs] [Times: user=0,01 sys=0,00, real=0,00 secs] 
12,520: [GC (Allocation Failure) [PSYoungGen: 265312K->96K(255488K)] 267115K->1899K(430592K), 0,0005050 secs] [Times: user=0,00 sys=0,00, real=0,00 secs] 
12,565: [GC (Allocation Failure) [PSYoungGen: 255072K->64K(245760K)] 256875K->1867K(420864K), 0,0004985 secs] [Times: user=0,00 sys=0,00, real=0,00 secs] 
12,608: [GC (Allocation Failure) [PSYoungGen: 245312K->64K(294912K)] 247115K->1867K(470016K), 0,0004833 secs] [Times: user=0,00 sys=0,00, real=0,00 secs] 
12,660: [GC (Allocation Failure) [PSYoungGen: 294464K->96K(283136K)] 296267K->1899K(458240K), 0,0004780 secs] [Times: user=0,00 sys=0,00, real=0,00 secs] 
12,710: [GC (Allocation Failure) [PSYoungGen: 282720K->96K(271872K)] 284523K->1899K(446976K), 0,0005062 secs] [Times: user=0,00 sys=0,00, real=0,00 secs] 
12,758: [GC (Allocation Failure) [PSYoungGen: 271456K->96K(261120K)] 273259K->1899K(436224K), 0,0004877 secs] [Times: user=0,00 sys=0,00, real=0,00 secs] 
12,804: [GC (Allocation Failure) [PSYoungGen: 260704K->96K(250880K)] 262507K->1899K(425984K), 0,0004708 secs] [Times: user=0,00 sys=0,00, real=0,00 secs] 
12,848: [GC (Allocation Failure) [PSYoungGen: 250464K->96K(241152K)] 252267K->1899K(416256K), 0,0004773 secs] [Times: user=0,00 sys=0,00, real=0,00 secs] 
12,891: [GC (Allocation Failure) [PSYoungGen: 240736K->64K(231936K)] 242539K->1867K(407040K), 0,0004704 secs] [Times: user=0,00 sys=0,00, real=0,00 secs] 
12,931: [GC (Allocation Failure) [PSYoungGen: 231488K->96K(278528K)] 233291K->1899K(453632K), 0,0005168 secs] [Times: user=0,00 sys=0,00, real=0,00 secs] 
12,980: [GC (Allocation Failure) [PSYoungGen: 278112K->96K(334336K)] 279915K->1899K(509440K), 0,0005280 secs] [Times: user=0,00 sys=0,00, real=0,00 secs] 
13,043: [GC (Allocation Failure) [PSYoungGen: 333920K->96K(320512K)] 335723K->1899K(495616K), 0,0005014 secs] [Times: user=0,00 sys=0,00, real=0,00 secs] 
13,099: [GC (Allocation Failure) [PSYoungGen: 320096K->96K(307712K)] 321899K->1899K(482816K), 0,0004961 secs] [Times: user=0,00 sys=0,00, real=0,01 secs] 
13,153: [GC (Allocation Failure) [PSYoungGen: 307296K->96K(295424K)] 309099K->1899K(470528K), 0,0004903 secs] [Times: user=0,00 sys=0,00, real=0,00 secs] 
13,206: [GC (Allocation Failure) [PSYoungGen: 295008K->64K(283648K)] 296811K->1867K(458752K), 0,0004886 secs] [Times: user=0,00 sys=0,00, real=0,00 secs] 
13,257: [GC (Allocation Failure) [PSYoungGen: 283200K->96K(272384K)] 285003K->1899K(447488K), 0,0005022 secs] [Times: user=0,00 sys=0,00, real=0,00 secs] 
13,305: [GC (Allocation Failure) [PSYoungGen: 271968K->64K(261632K)] 273771K->1867K(436736K), 0,0004880 secs] [Times: user=0,00 sys=0,00, real=0,00 secs] 
13,351: [GC (Allocation Failure) [PSYoungGen: 261184K->96K(251392K)] 262987K->1899K(426496K), 0,0005029 secs] [Times: user=0,00 sys=0,00, real=0,00 secs] 
13,395: [GC (Allocation Failure) [PSYoungGen: 250976K->64K(241664K)] 252779K->1867K(416768K), 0,0004682 secs] [Times: user=0,01 sys=0,00, real=0,00 secs] 
13,438: [GC (Allocation Failure) [PSYoungGen: 241216K->96K(232448K)] 243019K->1899K(407552K), 0,0005060 secs] [Times: user=0,00 sys=0,00, real=0,00 secs] 
13,479: [GC (Allocation Failure) [PSYoungGen: 232032K->96K(223744K)] 233835K->1899K(398848K), 0,0004877 secs] [Times: user=0,00 sys=0,00, real=0,00 secs] 
13,518: [GC (Allocation Failure) [PSYoungGen: 223328K->96K(268800K)] 225131K->1899K(443904K), 0,0004755 secs] [Times: user=0,00 sys=0,00, real=0,00 secs] 
13,565: [GC (Allocation Failure) [PSYoungGen: 268384K->96K(322560K)] 270187K->1899K(497664K), 0,0004809 secs] [Times: user=0,00 sys=0,00, real=0,00 secs] 
13,622: [GC (Allocation Failure) [PSYoungGen: 322144K->96K(309248K)] 323947K->1899K(484352K), 0,0004772 secs] [Times: user=0,00 sys=0,00, real=0,00 secs] 
13,675: [GC (Allocation Failure) [PSYoungGen: 308832K->64K(296960K)] 310635K->1867K(472064K), 0,0004635 secs] [Times: user=0,00 sys=0,00, real=0,00 secs] 
13,727: [GC (Allocation Failure) [PSYoungGen: 296512K->64K(285184K)] 298315K->1867K(460288K), 0,0004910 secs] [Times: user=0,00 sys=0,00, real=0,00 secs] 
13,778: [GC (Allocation Failure) [PSYoungGen: 284736K->96K(273920K)] 286539K->1899K(449024K), 0,0005126 secs] [Times: user=0,00 sys=0,00, real=0,01 secs] 
13,827: [GC (Allocation Failure) [PSYoungGen: 273504K->64K(263168K)] 275307K->1867K(438272K), 0,0004775 secs] [Times: user=0,00 sys=0,00, real=0,00 secs] 
13,873: [GC (Allocation Failure) [PSYoungGen: 262720K->96K(252928K)] 264523K->1899K(428032K), 0,0004644 secs] [Times: user=0,00 sys=0,00, real=0,00 secs] 
13,918: [GC (Allocation Failure) [PSYoungGen: 252512K->32K(243200K)] 254315K->1835K(418304K), 0,0005110 secs] [Times: user=0,00 sys=0,00, real=0,00 secs] 
13,964: [GC (Allocation Failure) [PSYoungGen: 242720K->96K(233984K)] 244523K->1899K(409088K), 0,0005026 secs] [Times: user=0,00 sys=0,00, real=0,00 secs] 
14,005: [GC (Allocation Failure) [PSYoungGen: 233568K->64K(225280K)] 235371K->1867K(400384K), 0,0004841 secs] [Times: user=0,00 sys=0,00, real=0,00 secs] 
14,044: [GC (Allocation Failure) [PSYoungGen: 224832K->96K(270336K)] 226635K->1899K(445440K), 0,0004708 secs] [Times: user=0,00 sys=0,00, real=0,00 secs] 
14,091: [GC (Allocation Failure) [PSYoungGen: 269920K->96K(259584K)] 271723K->1899K(434688K), 0,0004623 secs] [Times: user=0,00 sys=0,00, real=0,00 secs] 
14,137: [GC (Allocation Failure) [PSYoungGen: 259168K->96K(249344K)] 260971K->1899K(424448K), 0,0004697 secs] [Times: user=0,00 sys=0,00, real=0,00 secs] 
14,181: [GC (Allocation Failure) [PSYoungGen: 248928K->64K(239616K)] 250731K->1867K(414720K), 0,0004764 secs] [Times: user=0,00 sys=0,00, real=0,00 secs] 
14,223: [GC (Allocation Failure) [PSYoungGen: 239168K->96K(230400K)] 240971K->1899K(405504K), 0,0004643 secs] [Times: user=0,00 sys=0,00, real=0,00 secs] 
14,263: [GC (Allocation Failure) [PSYoungGen: 229984K->0K(276480K)] 231787K->1803K(451584K), 0,0004864 secs] [Times: user=0,00 sys=0,00, real=0,00 secs] 
14,311: [GC (Allocation Failure) [PSYoungGen: 275968K->96K(265728K)] 277771K->1899K(440832K), 0,0004817 secs] [Times: user=0,00 sys=0,00, real=0,00 secs] 
14,360: [GC (Allocation Failure) [PSYoungGen: 265312K->96K(255488K)] 267115K->1899K(430592K), 0,0004964 secs] [Times: user=0,00 sys=0,00, real=0,00 secs] 
14,408: [GC (Allocation Failure) [PSYoungGen: 255072K->96K(245760K)] 256875K->1899K(420864K), 0,0005174 secs] [Times: user=0,00 sys=0,00, real=0,01 secs] 
14,452: [GC (Allocation Failure) [PSYoungGen: 245344K->96K(236544K)] 247147K->1899K(411648K), 0,0005178 secs] [Times: user=0,00 sys=0,00, real=0,00 secs] 
14,494: [GC (Allocation Failure) [PSYoungGen: 236128K->96K(284160K)] 237931K->1899K(459264K), 0,0004793 secs] [Times: user=0,00 sys=0,00, real=0,00 secs] 
14,543: [GC (Allocation Failure) [PSYoungGen: 283744K->96K(272896K)] 285547K->1899K(448000K), 0,0004929 secs] [Times: user=0,00 sys=0,00, real=0,00 secs] 
14,591: [GC (Allocation Failure) [PSYoungGen: 272480K->96K(262144K)] 274283K->1899K(437248K), 0,0004618 secs] [Times: user=0,00 sys=0,00, real=0,00 secs] 
14,637: [GC (Allocation Failure) [PSYoungGen: 261728K->64K(251904K)] 263531K->1867K(427008K), 0,0004809 secs] [Times: user=0,00 sys=0,00, real=0,00 secs] 
14,681: [GC (Allocation Failure) [PSYoungGen: 251456K->64K(242176K)] 253259K->1867K(417280K), 0,0004655 secs] [Times: user=0,00 sys=0,00, real=0,00 secs] 
14,724: [GC (Allocation Failure) [PSYoungGen: 241728K->96K(232960K)] 243531K->1899K(408064K), 0,0004793 secs] [Times: user=0,00 sys=0,00, real=0,00 secs] 
14,764: [GC (Allocation Failure) [PSYoungGen: 232544K->96K(224256K)] 234347K->1899K(399360K), 0,0004509 secs] [Times: user=0,00 sys=0,00, real=0,00 secs] 
14,804: [GC (Allocation Failure) [PSYoungGen: 223840K->128K(269312K)] 225643K->1931K(444416K), 0,0004553 secs] [Times: user=0,00 sys=0,00, real=0,00 secs] 
14,851: [GC (Allocation Failure) [PSYoungGen: 268928K->64K(258560K)] 270731K->1867K(433664K), 0,0004620 secs] [Times: user=0,00 sys=0,00, real=0,00 secs] 
14,896: [GC (Allocation Failure) [PSYoungGen: 258112K->96K(248320K)] 259915K->1899K(423424K), 0,0004669 secs] [Times: user=0,00 sys=0,00, real=0,00 secs] 
14,940: [GC (Allocation Failure) [PSYoungGen: 247904K->96K(238592K)] 249707K->1899K(413696K), 0,0005033 secs] [Times: user=0,00 sys=0,00, real=0,00 secs] 
14,982: [GC (Allocation Failure) [PSYoungGen: 238176K->96K(286208K)] 239979K->1899K(461312K), 0,0004903 secs] [Times: user=0,00 sys=0,00, real=0,00 secs] 
15,033: [GC (Allocation Failure) [PSYoungGen: 285792K->96K(274944K)] 287595K->1899K(450048K), 0,0004987 secs] [Times: user=0,00 sys=0,00, real=0,00 secs] 
15,082: [GC (Allocation Failure) [PSYoungGen: 274528K->96K(264192K)] 276331K->1899K(439296K), 0,0004698 secs] [Times: user=0,00 sys=0,00, real=0,00 secs] 
15,128: [GC (Allocation Failure) [PSYoungGen: 263776K->64K(253952K)] 265579K->1867K(429056K), 0,0004688 secs] [Times: user=0,00 sys=0,00, real=0,00 secs] 
15,172: [GC (Allocation Failure) [PSYoungGen: 253504K->32K(244224K)] 255307K->1835K(419328K), 0,0004667 secs] [Times: user=0,00 sys=0,00, real=0,00 secs] 
15,215: [GC (Allocation Failure) [PSYoungGen: 243744K->64K(235008K)] 245547K->1867K(410112K), 0,0004618 secs] [Times: user=0,00 sys=0,00, real=0,00 secs] 
15,256: [GC (Allocation Failure) [PSYoungGen: 234560K->96K(226304K)] 236363K->1899K(401408K), 0,0004765 secs] [Times: user=0,00 sys=0,00, real=0,00 secs] 
15,296: [GC (Allocation Failure) [PSYoungGen: 225888K->96K(271872K)] 227691K->1899K(446976K), 0,0004836 secs] [Times: user=0,00 sys=0,00, real=0,00 secs] 
15,343: [GC (Allocation Failure) [PSYoungGen: 271456K->64K(261120K)] 273259K->1867K(436224K), 0,0004602 secs] [Times: user=0,00 sys=0,00, real=0,00 secs] 
15,389: [GC (Allocation Failure) [PSYoungGen: 260672K->96K(250880K)] 262475K->1899K(425984K), 0,0004999 secs] [Times: user=0,00 sys=0,00, real=0,00 secs] 
15,433: [GC (Allocation Failure) [PSYoungGen: 250464K->96K(241152K)] 252267K->1899K(416256K), 0,0004749 secs] [Times: user=0,00 sys=0,00, real=0,00 secs] 
15,476: [GC (Allocation Failure) [PSYoungGen: 240736K->96K(231936K)] 242539K->1899K(407040K), 0,0004552 secs] [Times: user=0,00 sys=0,00, real=0,00 secs] 
15,516: [GC (Allocation Failure) [PSYoungGen: 231520K->96K(278528K)] 233323K->1899K(453632K), 0,0004697 secs] [Times: user=0,00 sys=0,00, real=0,00 secs] 
15,565: [GC (Allocation Failure) [PSYoungGen: 278112K->96K(267776K)] 279915K->1899K(442880K), 0,0004913 secs] [Times: user=0,00 sys=0,00, real=0,00 secs] 
15,612: [GC (Allocation Failure) [PSYoungGen: 267360K->96K(257536K)] 269163K->1899K(432640K), 0,0004769 secs] [Times: user=0,00 sys=0,00, real=0,00 secs] 
15,658: [GC (Allocation Failure) [PSYoungGen: 257120K->96K(247296K)] 258923K->1899K(422400K), 0,0004596 secs] [Times: user=0,00 sys=0,00, real=0,00 secs] 
15,702: [GC (Allocation Failure) [PSYoungGen: 246880K->64K(237568K)] 248683K->1867K(412672K), 0,0004771 secs] [Times: user=0,01 sys=0,00, real=0,00 secs] 
15,745: [GC (Allocation Failure) [PSYoungGen: 237120K->64K(228352K)] 238923K->1867K(403456K), 0,0004680 secs] [Times: user=0,00 sys=0,00, real=0,00 secs] 
15,785: [GC (Allocation Failure) [PSYoungGen: 227904K->96K(273920K)] 229707K->1899K(449024K), 0,0004759 secs] [Times: user=0,00 sys=0,00, real=0,00 secs] 
15,833: [GC (Allocation Failure) [PSYoungGen: 273504K->96K(263168K)] 275307K->1899K(438272K), 0,0004692 secs] [Times: user=0,00 sys=0,00, real=0,00 secs] 
15,879: [GC (Allocation Failure) [PSYoungGen: 262752K->96K(252928K)] 264555K->1899K(428032K), 0,0004465 secs] [Times: user=0,00 sys=0,00, real=0,01 secs] 
15,923: [GC (Allocation Failure) [PSYoungGen: 252512K->96K(243200K)] 254315K->1899K(418304K), 0,0005391 secs] [Times: user=0,00 sys=0,00, real=0,00 secs] 
15,966: [GC (Allocation Failure) [PSYoungGen: 242784K->64K(291840K)] 244587K->1867K(466944K), 0,0005005 secs] [Times: user=0,00 sys=0,00, real=0,00 secs] 
16,017: [GC (Allocation Failure) [PSYoungGen: 291392K->64K(280064K)] 293195K->1867K(455168K), 0,0004745 secs] [Times: user=0,00 sys=0,00, real=0,00 secs] 
16,066: [GC (Allocation Failure) [PSYoungGen: 279616K->64K(268800K)] 281419K->1867K(443904K), 0,0004691 secs] [Times: user=0,00 sys=0,00, real=0,00 secs] 
16,113: [GC (Allocation Failure) [PSYoungGen: 268352K->64K(258048K)] 270155K->1867K(433152K), 0,0004631 secs] [Times: user=0,00 sys=0,00, real=0,00 secs] 
16,158: [GC (Allocation Failure) [PSYoungGen: 257600K->64K(247808K)] 259403K->1867K(422912K), 0,0004613 secs] [Times: user=0,00 sys=0,00, real=0,00 secs] 
16,202: [GC (Allocation Failure) [PSYoungGen: 247360K->32K(238080K)] 249163K->1835K(413184K), 0,0004582 secs] [Times: user=0,00 sys=0,00, real=0,00 secs] 
16,244: [GC (Allocation Failure) [PSYoungGen: 237600K->96K(228864K)] 239403K->1899K(403968K), 0,0004620 secs] [Times: user=0,00 sys=0,00, real=0,00 secs] 
16,284: [GC (Allocation Failure) [PSYoungGen: 228448K->96K(274944K)] 230251K->1899K(450048K), 0,0004932 secs] [Times: user=0,00 sys=0,00, real=0,00 secs] 
16,332: [GC (Allocation Failure) [PSYoungGen: 274528K->32K(264192K)] 276331K->1835K(439296K), 0,0004761 secs] [Times: user=0,00 sys=0,00, real=0,00 secs] 
16,378: [GC (Allocation Failure) [PSYoungGen: 263712K->96K(253952K)] 265515K->1899K(429056K), 0,0004383 secs] [Times: user=0,00 sys=0,00, real=0,00 secs] 
16,423: [GC (Allocation Failure) [PSYoungGen: 253536K->96K(244224K)] 255339K->1899K(419328K), 0,0004594 secs] [Times: user=0,00 sys=0,00, real=0,00 secs] 
16,466: [GC (Allocation Failure) [PSYoungGen: 243808K->64K(235008K)] 245611K->1867K(410112K), 0,0004981 secs] [Times: user=0,00 sys=0,00, real=0,00 secs] 
16,507: [GC (Allocation Failure) [PSYoungGen: 234560K->64K(226304K)] 236363K->1867K(401408K), 0,0004813 secs] [Times: user=0,00 sys=0,00, real=0,00 secs] 
16,547: [GC (Allocation Failure) [PSYoungGen: 225856K->96K(271872K)] 227659K->1899K(446976K), 0,0004850 secs] [Times: user=0,00 sys=0,00, real=0,00 secs] 
16,595: [GC (Allocation Failure) [PSYoungGen: 271456K->96K(261120K)] 273259K->1899K(436224K), 0,0004682 secs] [Times: user=0,00 sys=0,00, real=0,00 secs] 
16,640: [GC (Allocation Failure) [PSYoungGen: 260704K->64K(250880K)] 262507K->1867K(425984K), 0,0004623 secs] [Times: user=0,00 sys=0,00, real=0,00 secs] 
16,684: [GC (Allocation Failure) [PSYoungGen: 250432K->64K(241152K)] 252235K->1867K(416256K), 0,0004646 secs] [Times: user=0,00 sys=0,00, real=0,00 secs] 
16,726: [GC (Allocation Failure) [PSYoungGen: 240704K->32K(289280K)] 242507K->1835K(464384K), 0,0005408 secs] [Times: user=0,00 sys=0,00, real=0,00 secs] 
16,777: [GC (Allocation Failure) [PSYoungGen: 288800K->32K(278016K)] 290603K->1835K(453120K), 0,0004871 secs] [Times: user=0,00 sys=0,00, real=0,00 secs] 
16,826: [GC (Allocation Failure) [PSYoungGen: 277536K->96K(267264K)] 279339K->1899K(442368K), 0,0004629 secs] [Times: user=0,00 sys=0,00, real=0,00 secs] 
16,873: [GC (Allocation Failure) [PSYoungGen: 266848K->96K(257024K)] 268651K->1899K(432128K), 0,0004510 secs] [Times: user=0,00 sys=0,00, real=0,00 secs] 
16,918: [GC (Allocation Failure) [PSYoungGen: 256608K->96K(247296K)] 258411K->1899K(422400K), 0,0005129 secs] [Times: user=0,00 sys=0,00, real=0,00 secs] 
16,962: [GC (Allocation Failure) [PSYoungGen: 246880K->96K(237568K)] 248683K->1899K(412672K), 0,0004891 secs] [Times: user=0,00 sys=0,00, real=0,00 secs] 
17,004: [GC (Allocation Failure) [PSYoungGen: 237152K->96K(228352K)] 238955K->1899K(403456K), 0,0004709 secs] [Times: user=0,00 sys=0,00, real=0,00 secs] 
17,044: [GC (Allocation Failure) [PSYoungGen: 227936K->64K(273920K)] 229739K->1867K(449024K), 0,0004683 secs] [Times: user=0,00 sys=0,00, real=0,00 secs] 
17,092: [GC (Allocation Failure) [PSYoungGen: 273472K->96K(263168K)] 275275K->1899K(438272K), 0,0004580 secs] [Times: user=0,00 sys=0,00, real=0,00 secs] 
17,138: [GC (Allocation Failure) [PSYoungGen: 262752K->64K(252928K)] 264555K->1867K(428032K), 0,0004718 secs] [Times: user=0,01 sys=0,00, real=0,00 secs] 
17,182: [GC (Allocation Failure) [PSYoungGen: 252480K->96K(243200K)] 254283K->1899K(418304K), 0,0004548 secs] [Times: user=0,00 sys=0,00, real=0,00 secs] 
17,225: [GC (Allocation Failure) [PSYoungGen: 242784K->64K(233984K)] 244587K->1867K(409088K), 0,0004581 secs] [Times: user=0,00 sys=0,00, real=0,00 secs] 
17,266: [GC (Allocation Failure) [PSYoungGen: 233536K->64K(281088K)] 235339K->1867K(456192K), 0,0006458 secs] [Times: user=0,01 sys=0,00, real=0,00 secs] 
17,316: [GC (Allocation Failure) [PSYoungGen: 280640K->64K(337408K)] 282443K->1867K(512512K), 0,0004611 secs] [Times: user=0,01 sys=0,00, real=0,00 secs] 
17,374: [GC (Allocation Failure) [PSYoungGen: 336960K->64K(323584K)] 338763K->1867K(498688K), 0,0004728 secs] [Times: user=0,00 sys=0,00, real=0,00 secs] 
17,431: [GC (Allocation Failure) [PSYoungGen: 323136K->96K(310272K)] 324939K->1899K(485376K), 0,0004952 secs] [Times: user=0,00 sys=0,00, real=0,00 secs] 
17,484: [GC (Allocation Failure) [PSYoungGen: 309856K->64K(297984K)] 311659K->1867K(473088K), 0,0004960 secs] [Times: user=0,01 sys=0,00, real=0,00 secs] 
17,536: [GC (Allocation Failure) [PSYoungGen: 297536K->96K(286208K)] 299339K->1899K(461312K), 0,0004890 secs] [Times: user=0,00 sys=0,00, real=0,00 secs] 
17,586: [GC (Allocation Failure) [PSYoungGen: 285792K->96K(274944K)] 287595K->1899K(450048K), 0,0004488 secs] [Times: user=0,00 sys=0,00, real=0,00 secs] 
17,634: [GC (Allocation Failure) [PSYoungGen: 274528K->64K(264192K)] 276331K->1867K(439296K), 0,0004631 secs] [Times: user=0,00 sys=0,00, real=0,00 secs] 
17,680: [GC (Allocation Failure) [PSYoungGen: 263744K->64K(253952K)] 265547K->1867K(429056K), 0,0004742 secs] [Times: user=0,00 sys=0,00, real=0,00 secs] 
17,725: [GC (Allocation Failure) [PSYoungGen: 253504K->64K(244224K)] 255307K->1867K(419328K), 0,0004673 secs] [Times: user=0,00 sys=0,00, real=0,00 secs] 
17,767: [GC (Allocation Failure) [PSYoungGen: 243776K->96K(235008K)] 245579K->1899K(410112K), 0,0004657 secs] [Times: user=0,00 sys=0,00, real=0,00 secs] 
17,809: [GC (Allocation Failure) [PSYoungGen: 234592K->96K(226304K)] 236395K->1899K(401408K), 0,0004831 secs] [Times: user=0,00 sys=0,00, real=0,01 secs] 
17,848: [GC (Allocation Failure) [PSYoungGen: 225888K->96K(217600K)] 227691K->1899K(392704K), 0,0004482 secs] [Times: user=0,00 sys=0,00, real=0,00 secs] 
17,886: [GC (Allocation Failure) [PSYoungGen: 217184K->96K(261120K)] 218987K->1899K(436224K), 0,0004500 secs] [Times: user=0,00 sys=0,00, real=0,00 secs] 
17,932: [GC (Allocation Failure) [PSYoungGen: 260704K->96K(313344K)] 262507K->1899K(488448K), 0,0004937 secs] [Times: user=0,00 sys=0,00, real=0,00 secs] 
17,987: [GC (Allocation Failure) [PSYoungGen: 312928K->32K(300544K)] 314731K->1835K(475648K), 0,0004907 secs] [Times: user=0,00 sys=0,00, real=0,00 secs] 
18,040: [GC (Allocation Failure) [PSYoungGen: 300064K->64K(288256K)] 301867K->1867K(463360K), 0,0004751 secs] [Times: user=0,00 sys=0,00, real=0,00 secs] 
18,090: [GC (Allocation Failure) [PSYoungGen: 287808K->64K(276992K)] 289611K->1867K(452096K), 0,0004681 secs] [Times: user=0,00 sys=0,00, real=0,00 secs] 
18,138: [GC (Allocation Failure) [PSYoungGen: 276544K->96K(266240K)] 278347K->1899K(441344K), 0,0004624 secs] [Times: user=0,00 sys=0,00, real=0,01 secs] 
18,185: [GC (Allocation Failure) [PSYoungGen: 265824K->96K(256000K)] 267627K->1899K(431104K), 0,0004487 secs] [Times: user=0,00 sys=0,00, real=0,00 secs] 
18,230: [GC (Allocation Failure) [PSYoungGen: 255584K->64K(246272K)] 257387K->1867K(421376K), 0,0004651 secs] [Times: user=0,00 sys=0,00, real=0,00 secs] 
18,273: [GC (Allocation Failure) [PSYoungGen: 245824K->96K(237056K)] 247627K->1899K(412160K), 0,0004997 secs] [Times: user=0,00 sys=0,00, real=0,00 secs] 
18,314: [GC (Allocation Failure) [PSYoungGen: 236640K->64K(227840K)] 238443K->1867K(402944K), 0,0004647 secs] [Times: user=0,00 sys=0,00, real=0,00 secs] 
18,354: [GC (Allocation Failure) [PSYoungGen: 227392K->64K(219136K)] 229195K->1867K(394240K), 0,0004493 secs] [Times: user=0,00 sys=0,00, real=0,00 secs] 
18,393: [GC (Allocation Failure) [PSYoungGen: 218688K->96K(263168K)] 220491K->1899K(438272K), 0,0005083 secs] [Times: user=0,00 sys=0,00, real=0,00 secs] 
18,439: [GC (Allocation Failure) [PSYoungGen: 262752K->64K(315904K)] 264555K->1867K(491008K), 0,0004856 secs] [Times: user=0,00 sys=0,00, real=0,00 secs] 
18,494: [GC (Allocation Failure) [PSYoungGen: 315456K->64K(303104K)] 317259K->1867K(478208K), 0,0004878 secs] [Times: user=0,01 sys=0,00, real=0,00 secs] 
18,547: [GC (Allocation Failure) [PSYoungGen: 302656K->96K(290816K)] 304459K->1899K(465920K), 0,0004933 secs] [Times: user=0,00 sys=0,00, real=0,00 secs] 
18,598: [GC (Allocation Failure) [PSYoungGen: 290400K->96K(279040K)] 292203K->1899K(454144K), 0,0004669 secs] [Times: user=0,00 sys=0,00, real=0,00 secs] 
18,647: [GC (Allocation Failure) [PSYoungGen: 278624K->64K(267776K)] 280427K->1867K(442880K), 0,0004720 secs] [Times: user=0,00 sys=0,00, real=0,00 secs] 
18,694: [GC (Allocation Failure) [PSYoungGen: 267328K->64K(257536K)] 269131K->1867K(432640K), 0,0004706 secs] [Times: user=0,00 sys=0,00, real=0,00 secs] 
18,739: [GC (Allocation Failure) [PSYoungGen: 257088K->64K(247296K)] 258891K->1867K(422400K), 0,0004599 secs] [Times: user=0,00 sys=0,00, real=0,01 secs] 
18,782: [GC (Allocation Failure) [PSYoungGen: 246848K->96K(237568K)] 248651K->1899K(412672K), 0,0004703 secs] [Times: user=0,00 sys=0,00, real=0,00 secs] 
18,824: [GC (Allocation Failure) [PSYoungGen: 237152K->128K(228352K)] 238955K->1931K(403456K), 0,0004613 secs] [Times: user=0,00 sys=0,00, real=0,00 secs] 
18,864: [GC (Allocation Failure) [PSYoungGen: 227968K->64K(219648K)] 229771K->1867K(394752K), 0,0004798 secs] [Times: user=0,00 sys=0,00, real=0,00 secs] 
18,902: [GC (Allocation Failure) [PSYoungGen: 219200K->128K(263680K)] 221003K->1931K(438784K), 0,0004592 secs] [Times: user=0,00 sys=0,00, real=0,00 secs] 
18,949: [GC (Allocation Failure) [PSYoungGen: 263296K->96K(316416K)] 265099K->1899K(491520K), 0,0005353 secs] [Times: user=0,01 sys=0,00, real=0,00 secs] 
19,005: [GC (Allocation Failure) [PSYoungGen: 316000K->96K(303616K)] 317803K->1899K(478720K), 0,0004882 secs] [Times: user=0,00 sys=0,00, real=0,00 secs] 
19,059: [GC (Allocation Failure) [PSYoungGen: 303200K->96K(291328K)] 305003K->1899K(466432K), 0,0004661 secs] [Times: user=0,01 sys=0,00, real=0,01 secs] 
19,110: [GC (Allocation Failure) [PSYoungGen: 290912K->96K(279552K)] 292715K->1899K(454656K), 0,0004839 secs] [Times: user=0,00 sys=0,00, real=0,00 secs] 
19,160: [GC (Allocation Failure) [PSYoungGen: 279136K->64K(268288K)] 280939K->1867K(443392K), 0,0004697 secs] [Times: user=0,00 sys=0,00, real=0,00 secs] 
19,207: [GC (Allocation Failure) [PSYoungGen: 267840K->32K(257536K)] 269643K->1835K(432640K), 0,0004724 secs] [Times: user=0,01 sys=0,00, real=0,00 secs] 
19,252: [GC (Allocation Failure) [PSYoungGen: 257056K->64K(247296K)] 258859K->1867K(422400K), 0,0004721 secs] [Times: user=0,00 sys=0,00, real=0,00 secs] 
19,295: [GC (Allocation Failure) [PSYoungGen: 246848K->96K(237568K)] 248651K->1899K(412672K), 0,0005022 secs] [Times: user=0,00 sys=0,00, real=0,00 secs] 
19,336: [GC (Allocation Failure) [PSYoungGen: 237152K->96K(228352K)] 238955K->1899K(403456K), 0,0004664 secs] [Times: user=0,00 sys=0,00, real=0,00 secs] 
19,376: [GC (Allocation Failure) [PSYoungGen: 227936K->64K(273920K)] 229739K->1867K(449024K), 0,0004879 secs] [Times: user=0,00 sys=0,00, real=0,00 secs] 
19,424: [GC (Allocation Failure) [PSYoungGen: 273472K->96K(328704K)] 275275K->1899K(503808K), 0,0005321 secs] [Times: user=0,01 sys=0,00, real=0,00 secs] 
19,482: [GC (Allocation Failure) [PSYoungGen: 328288K->96K(315392K)] 330091K->1899K(490496K), 0,0005735 secs] [Times: user=0,00 sys=0,00, real=0,00 secs] 
19,538: [GC (Allocation Failure) [PSYoungGen: 314976K->96K(302592K)] 316779K->1899K(477696K), 0,0004828 secs] [Times: user=0,00 sys=0,00, real=0,00 secs] 
19,591: [GC (Allocation Failure) [PSYoungGen: 302176K->96K(290304K)] 303979K->1899K(465408K), 0,0004872 secs] [Times: user=0,00 sys=0,00, real=0,00 secs] 
19,642: [GC (Allocation Failure) [PSYoungGen: 289888K->32K(278528K)] 291691K->1835K(453632K), 0,0004729 secs] [Times: user=0,00 sys=0,00, real=0,00 secs] 
19,691: [GC (Allocation Failure) [PSYoungGen: 278048K->96K(267776K)] 279851K->1899K(442880K), 0,0004792 secs] [Times: user=0,00 sys=0,01, real=0,00 secs] 
19,739: [GC (Allocation Failure) [PSYoungGen: 267360K->96K(257536K)] 269163K->1899K(432640K), 0,0004825 secs] [Times: user=0,00 sys=0,00, real=0,00 secs] 
19,784: [GC (Allocation Failure) [PSYoungGen: 257120K->64K(247296K)] 258923K->1867K(422400K), 0,0004673 secs] [Times: user=0,00 sys=0,00, real=0,00 secs] 
19,828: [GC (Allocation Failure) [PSYoungGen: 246848K->96K(237568K)] 248651K->1899K(412672K), 0,0004589 secs] [Times: user=0,00 sys=0,00, real=0,00 secs] 
19,869: [GC (Allocation Failure) [PSYoungGen: 237152K->64K(228352K)] 238955K->1867K(403456K), 0,0004766 secs] [Times: user=0,00 sys=0,00, real=0,00 secs] 
19,910: [GC (Allocation Failure) [PSYoungGen: 227904K->64K(273920K)] 229707K->1867K(449024K), 0,0005106 secs] [Times: user=0,01 sys=0,00, real=0,00 secs] 
19,958: [GC (Allocation Failure) [PSYoungGen: 273472K->96K(263168K)] 275275K->1899K(438272K), 0,0004916 secs] [Times: user=0,00 sys=0,00, real=0,00 secs] 
20,004: [GC (Allocation Failure) [PSYoungGen: 262752K->64K(252928K)] 264555K->1867K(428032K), 0,0004787 secs] [Times: user=0,00 sys=0,00, real=0,00 secs] 
20,048: [GC (Allocation Failure) [PSYoungGen: 252480K->96K(243200K)] 254283K->1899K(418304K), 0,0004671 secs] [Times: user=0,01 sys=0,00, real=0,00 secs] 
20,091: [GC (Allocation Failure) [PSYoungGen: 242784K->64K(233984K)] 244587K->1867K(409088K), 0,0004708 secs] [Times: user=0,00 sys=0,00, real=0,00 secs] 
20,132: [GC (Allocation Failure) [PSYoungGen: 233536K->32K(281088K)] 235339K->1835K(456192K), 0,0004745 secs] [Times: user=0,00 sys=0,00, real=0,00 secs] 
20,182: [GC (Allocation Failure) [PSYoungGen: 280608K->96K(269824K)] 282411K->1899K(444928K), 0,0004864 secs] [Times: user=0,00 sys=0,00, real=0,00 secs] 
20,231: [GC (Allocation Failure) [PSYoungGen: 269408K->96K(259072K)] 271211K->1899K(434176K), 0,0005230 secs] [Times: user=0,00 sys=0,00, real=0,00 secs] 
20,283: [GC (Allocation Failure) [PSYoungGen: 258656K->96K(248832K)] 260459K->1899K(423936K), 0,0005079 secs] [Times: user=0,00 sys=0,00, real=0,00 secs] 
20,327: [GC (Allocation Failure) [PSYoungGen: 248416K->96K(239104K)] 250219K->1923K(414208K), 0,0004940 secs] [Times: user=0,00 sys=0,00, real=0,00 secs] 
20,369: [GC (Allocation Failure) [PSYoungGen: 238688K->96K(229888K)] 240515K->1923K(404992K), 0,0004895 secs] [Times: user=0,00 sys=0,00, real=0,00 secs] 
20,410: [GC (Allocation Failure) [PSYoungGen: 229472K->96K(275968K)] 231299K->1923K(451072K), 0,0005110 secs] [Times: user=0,00 sys=0,00, real=0,00 secs] 
20,458: [GC (Allocation Failure) [PSYoungGen: 275552K->96K(265216K)] 277379K->1923K(440320K), 0,0004943 secs] [Times: user=0,00 sys=0,00, real=0,01 secs] 
20,506: [GC (Allocation Failure) [PSYoungGen: 264800K->64K(254976K)] 266627K->1891K(430080K), 0,0005067 secs] [Times: user=0,00 sys=0,00, real=0,00 secs] 
20,551: [GC (Allocation Failure) [PSYoungGen: 254528K->64K(245248K)] 256355K->1891K(420352K), 0,0004943 secs] [Times: user=0,00 sys=0,00, real=0,00 secs] 
20,594: [GC (Allocation Failure) [PSYoungGen: 244800K->64K(294400K)] 246627K->1891K(469504K), 0,0004833 secs] [Times: user=0,00 sys=0,00, real=0,00 secs] 
20,645: [GC (Allocation Failure) [PSYoungGen: 293952K->96K(282624K)] 295779K->1923K(457728K), 0,0004915 secs] [Times: user=0,00 sys=0,00, real=0,00 secs] 
20,695: [GC (Allocation Failure) [PSYoungGen: 282208K->96K(271360K)] 284035K->1923K(446464K), 0,0004907 secs] [Times: user=0,00 sys=0,00, real=0,00 secs] 
20,742: [GC (Allocation Failure) [PSYoungGen: 270944K->96K(260608K)] 272771K->1923K(435712K), 0,0004910 secs] [Times: user=0,01 sys=0,00, real=0,00 secs] 
20,788: [GC (Allocation Failure) [PSYoungGen: 260192K->64K(250368K)] 262019K->1891K(425472K), 0,0004846 secs] [Times: user=0,00 sys=0,00, real=0,00 secs] 
20,832: [GC (Allocation Failure) [PSYoungGen: 249920K->96K(240640K)] 251747K->1923K(415744K), 0,0004676 secs] [Times: user=0,01 sys=0,00, real=0,00 secs] 
20,874: [GC (Allocation Failure) [PSYoungGen: 240224K->64K(231424K)] 242051K->1891K(406528K), 0,0004772 secs] [Times: user=0,00 sys=0,00, real=0,00 secs] 
20,915: [GC (Allocation Failure) [PSYoungGen: 230976K->64K(278016K)] 232803K->1891K(453120K), 0,0004765 secs] [Times: user=0,00 sys=0,00, real=0,00 secs] 
20,964: [GC (Allocation Failure) [PSYoungGen: 277568K->64K(267264K)] 279395K->1891K(442368K), 0,0005046 secs] [Times: user=0,00 sys=0,00, real=0,00 secs] 
21,011: [GC (Allocation Failure) [PSYoungGen: 266816K->96K(257024K)] 268643K->1923K(432128K), 0,0004979 secs] [Times: user=0,00 sys=0,00, real=0,00 secs] 
21,056: [GC (Allocation Failure) [PSYoungGen: 256608K->64K(247296K)] 258435K->1891K(422400K), 0,0004839 secs] [Times: user=0,00 sys=0,00, real=0,00 secs] 
21,099: [GC (Allocation Failure) [PSYoungGen: 246848K->96K(237568K)] 248675K->1923K(412672K), 0,0004730 secs] [Times: user=0,01 sys=0,00, real=0,00 secs] 
21,141: [GC (Allocation Failure) [PSYoungGen: 237152K->96K(285184K)] 238979K->1923K(460288K), 0,0004786 secs] [Times: user=0,00 sys=0,00, real=0,00 secs] 
21,191: [GC (Allocation Failure) [PSYoungGen: 284768K->96K(273920K)] 286595K->1923K(449024K), 0,0004690 secs] [Times: user=0,00 sys=0,00, real=0,00 secs] 
21,239: [GC (Allocation Failure) [PSYoungGen: 273504K->64K(263168K)] 275331K->1891K(438272K), 0,0004836 secs] [Times: user=0,00 sys=0,00, real=0,00 secs] 
21,285: [GC (Allocation Failure) [PSYoungGen: 262720K->32K(252928K)] 264547K->1859K(428032K), 0,0004943 secs] [Times: user=0,00 sys=0,00, real=0,00 secs] 
21,329: [GC (Allocation Failure) [PSYoungGen: 252448K->64K(243200K)] 254275K->1891K(418304K), 0,0004981 secs] [Times: user=0,00 sys=0,00, real=0,00 secs] 
21,372: [GC (Allocation Failure) [PSYoungGen: 242752K->96K(233984K)] 244579K->1923K(409088K), 0,0004815 secs] [Times: user=0,00 sys=0,00, real=0,00 secs] 
21,413: [GC (Allocation Failure) [PSYoungGen: 233568K->96K(281088K)] 235395K->1923K(456192K), 0,0004710 secs] [Times: user=0,00 sys=0,00, real=0,00 secs] 
21,462: [GC (Allocation Failure) [PSYoungGen: 280672K->96K(269824K)] 282499K->1923K(444928K), 0,0004949 secs] [Times: user=0,00 sys=0,00, real=0,00 secs] 
21,510: [GC (Allocation Failure) [PSYoungGen: 269408K->96K(259072K)] 271235K->1923K(434176K), 0,0004979 secs] [Times: user=0,00 sys=0,00, real=0,00 secs] 
21,555: [GC (Allocation Failure) [PSYoungGen: 258656K->96K(248832K)] 260483K->1923K(423936K), 0,0004944 secs] [Times: user=0,01 sys=0,00, real=0,00 secs] 
21,599: [GC (Allocation Failure) [PSYoungGen: 248416K->96K(239104K)] 250243K->1923K(414208K), 0,0004888 secs] [Times: user=0,00 sys=0,00, real=0,00 secs] 
21,641: [GC (Allocation Failure) [PSYoungGen: 238688K->96K(287232K)] 240515K->1923K(462336K), 0,0004762 secs] [Times: user=0,00 sys=0,00, real=0,00 secs] 
21,691: [GC (Allocation Failure) [PSYoungGen: 286816K->96K(275968K)] 288643K->1923K(451072K), 0,0004815 secs] [Times: user=0,00 sys=0,00, real=0,00 secs] 
21,739: [GC (Allocation Failure) [PSYoungGen: 275552K->64K(265216K)] 277379K->1891K(440320K), 0,0004954 secs] [Times: user=0,00 sys=0,00, real=0,00 secs] 
21,786: [GC (Allocation Failure) [PSYoungGen: 264768K->96K(254976K)] 266595K->1923K(430080K), 0,0004905 secs] [Times: user=0,00 sys=0,00, real=0,00 secs] 
21,831: [GC (Allocation Failure) [PSYoungGen: 254560K->96K(245248K)] 256387K->1923K(420352K), 0,0004809 secs] [Times: user=0,00 sys=0,00, real=0,00 secs] 
21,874: [GC (Allocation Failure) [PSYoungGen: 244832K->96K(236032K)] 246659K->1923K(411136K), 0,0004740 secs] [Times: user=0,00 sys=0,00, real=0,00 secs] 
21,915: [GC (Allocation Failure) [PSYoungGen: 235616K->96K(227328K)] 237443K->1923K(402432K), 0,0004625 secs] [Times: user=0,00 sys=0,00, real=0,00 secs] 
21,955: [GC (Allocation Failure) [PSYoungGen: 226912K->64K(272896K)] 228739K->1891K(448000K), 0,0005119 secs] [Times: user=0,00 sys=0,00, real=0,00 secs] 
22,003: [GC (Allocation Failure) [PSYoungGen: 272448K->96K(262144K)] 274275K->1923K(437248K), 0,0004798 secs] [Times: user=0,00 sys=0,00, real=0,00 secs] 
22,049: [GC (Allocation Failure) [PSYoungGen: 261728K->96K(251904K)] 263555K->1923K(427008K), 0,0004711 secs] [Times: user=0,00 sys=0,00, real=0,00 secs] 
22,093: [GC (Allocation Failure) [PSYoungGen: 251488K->96K(242176K)] 253315K->1923K(417280K), 0,0004654 secs] [Times: user=0,00 sys=0,00, real=0,00 secs] 
22,136: [GC (Allocation Failure) [PSYoungGen: 241760K->64K(232960K)] 243587K->1891K(408064K), 0,0004890 secs] [Times: user=0,00 sys=0,00, real=0,00 secs] 
22,177: [GC (Allocation Failure) [PSYoungGen: 232512K->96K(279552K)] 234339K->1923K(454656K), 0,0004672 secs] [Times: user=0,00 sys=0,00, real=0,00 secs] 
22,226: [GC (Allocation Failure) [PSYoungGen: 279136K->96K(268288K)] 280963K->1923K(443392K), 0,0005020 secs] [Times: user=0,00 sys=0,00, real=0,00 secs] 
22,273: [GC (Allocation Failure) [PSYoungGen: 267872K->96K(257536K)] 269699K->1923K(432640K), 0,0004975 secs] [Times: user=0,00 sys=0,00, real=0,00 secs] 
22,318: [GC (Allocation Failure) [PSYoungGen: 257120K->96K(247296K)] 258947K->1923K(422400K), 0,0004970 secs] [Times: user=0,00 sys=0,00, real=0,00 secs] 
22,361: [GC (Allocation Failure) [PSYoungGen: 246880K->64K(237568K)] 248707K->1891K(412672K), 0,0004747 secs] [Times: user=0,00 sys=0,00, real=0,00 secs] 
22,403: [GC (Allocation Failure) [PSYoungGen: 237120K->64K(285184K)] 238947K->1891K(460288K), 0,0004755 secs] [Times: user=0,00 sys=0,00, real=0,00 secs] 
22,453: [GC (Allocation Failure) [PSYoungGen: 284736K->96K(273920K)] 286563K->1923K(449024K), 0,0005153 secs] [Times: user=0,00 sys=0,00, real=0,00 secs] 
22,501: [GC (Allocation Failure) [PSYoungGen: 273504K->64K(263168K)] 275331K->1891K(438272K), 0,0004873 secs] [Times: user=0,00 sys=0,00, real=0,00 secs] 
22,547: [GC (Allocation Failure) [PSYoungGen: 262720K->96K(252928K)] 264547K->1923K(428032K), 0,0004761 secs] [Times: user=0,00 sys=0,00, real=0,00 secs] 
22,592: [GC (Allocation Failure) [PSYoungGen: 252512K->96K(243200K)] 254339K->1923K(418304K), 0,0004802 secs] [Times: user=0,00 sys=0,00, real=0,00 secs] 
22,634: [GC (Allocation Failure) [PSYoungGen: 242784K->64K(233984K)] 244611K->1891K(409088K), 0,0004816 secs] [Times: user=0,01 sys=0,00, real=0,00 secs] 
22,675: [GC (Allocation Failure) [PSYoungGen: 233536K->96K(225280K)] 235363K->1923K(400384K), 0,0004763 secs] [Times: user=0,00 sys=0,00, real=0,00 secs] 
22,715: [GC (Allocation Failure) [PSYoungGen: 224864K->64K(270336K)] 226691K->1891K(445440K), 0,0004956 secs] [Times: user=0,00 sys=0,00, real=0,00 secs] 
22,763: [GC (Allocation Failure) [PSYoungGen: 269888K->96K(324608K)] 271715K->1923K(499712K), 0,0004888 secs] [Times: user=0,01 sys=0,00, real=0,00 secs] 
22,820: [GC (Allocation Failure) [PSYoungGen: 324192K->96K(311296K)] 326019K->1923K(486400K), 0,0005023 secs] [Times: user=0,00 sys=0,00, real=0,00 secs] 
22,874: [GC (Allocation Failure) [PSYoungGen: 310880K->96K(298496K)] 312707K->1923K(473600K), 0,0004852 secs] [Times: user=0,00 sys=0,00, real=0,00 secs] 
22,927: [GC (Allocation Failure) [PSYoungGen: 298080K->96K(286720K)] 299907K->1923K(461824K), 0,0004935 secs] [Times: user=0,00 sys=0,00, real=0,00 secs] 
22,977: [GC (Allocation Failure) [PSYoungGen: 286304K->96K(275456K)] 288131K->1923K(450560K), 0,0004965 secs] [Times: user=0,00 sys=0,00, real=0,00 secs] 
23,026: [GC (Allocation Failure) [PSYoungGen: 275040K->96K(264704K)] 276867K->1923K(439808K), 0,0004903 secs] [Times: user=0,00 sys=0,00, real=0,00 secs] 
23,073: [GC (Allocation Failure) [PSYoungGen: 264288K->64K(254464K)] 266115K->1891K(429568K), 0,0004959 secs] [Times: user=0,00 sys=0,00, real=0,00 secs] 
23,118: [GC (Allocation Failure) [PSYoungGen: 254016K->64K(244736K)] 255843K->1891K(419840K), 0,0004861 secs] [Times: user=0,00 sys=0,00, real=0,01 secs] 
23,161: [GC (Allocation Failure) [PSYoungGen: 244288K->96K(235520K)] 246115K->1923K(410624K), 0,0004730 secs] [Times: user=0,00 sys=0,00, real=0,00 secs] 
23,202: [GC (Allocation Failure) [PSYoungGen: 235104K->96K(226816K)] 236931K->1923K(401920K), 0,0004976 secs] [Times: user=0,00 sys=0,00, real=0,00 secs] 
23,243: [GC (Allocation Failure) [PSYoungGen: 226400K->96K(272384K)] 228227K->1923K(447488K), 0,0004863 secs] [Times: user=0,00 sys=0,00, real=0,00 secs] 
23,294: [GC (Allocation Failure) [PSYoungGen: 271968K->96K(261632K)] 273795K->1923K(436736K), 0,0005110 secs] [Times: user=0,00 sys=0,00, real=0,00 secs] 
23,341: [GC (Allocation Failure) [PSYoungGen: 261216K->96K(251392K)] 263043K->1923K(426496K), 0,0005023 secs] [Times: user=0,00 sys=0,00, real=0,00 secs] 
23,386: [GC (Allocation Failure) [PSYoungGen: 250976K->96K(241664K)] 252803K->1923K(416768K), 0,0005001 secs] [Times: user=0,00 sys=0,00, real=0,00 secs] 
23,430: [GC (Allocation Failure) [PSYoungGen: 241248K->96K(290304K)] 243075K->1923K(465408K), 0,0005507 secs] [Times: user=0,00 sys=0,00, real=0,00 secs] 
23,481: [GC (Allocation Failure) [PSYoungGen: 289888K->96K(348672K)] 291715K->1923K(523776K), 0,0005025 secs] [Times: user=0,00 sys=0,00, real=0,00 secs] 
23,542: [GC (Allocation Failure) [PSYoungGen: 348256K->64K(334336K)] 350083K->1891K(509440K), 0,0004647 secs] [Times: user=0,00 sys=0,00, real=0,00 secs] 
23,602: [GC (Allocation Failure) [PSYoungGen: 333888K->96K(320512K)] 335715K->1923K(495616K), 0,0004641 secs] [Times: user=0,00 sys=0,00, real=0,00 secs] 
23,659: [GC (Allocation Failure) [PSYoungGen: 320096K->64K(307712K)] 321923K->1891K(482816K), 0,0004610 secs] [Times: user=0,00 sys=0,00, real=0,00 secs] 
23,714: [GC (Allocation Failure) [PSYoungGen: 307264K->96K(295424K)] 309091K->1923K(470528K), 0,0004625 secs] [Times: user=0,01 sys=0,00, real=0,00 secs] 
23,766: [GC (Allocation Failure) [PSYoungGen: 295008K->96K(283648K)] 296835K->1923K(458752K), 0,0004784 secs] [Times: user=0,00 sys=0,00, real=0,00 secs] 
23,815: [GC (Allocation Failure) [PSYoungGen: 283232K->64K(272384K)] 285059K->1891K(447488K), 0,0004818 secs] [Times: user=0,00 sys=0,00, real=0,00 secs] 
23,863: [GC (Allocation Failure) [PSYoungGen: 271936K->96K(261632K)] 273763K->1923K(436736K), 0,0004624 secs] [Times: user=0,01 sys=0,00, real=0,00 secs] 
23,909: [GC (Allocation Failure) [PSYoungGen: 261216K->96K(251392K)] 263043K->1923K(426496K), 0,0004532 secs] [Times: user=0,00 sys=0,00, real=0,01 secs] 
23,953: [GC (Allocation Failure) [PSYoungGen: 250976K->96K(241664K)] 252803K->1923K(416768K), 0,0005145 secs] [Times: user=0,00 sys=0,00, real=0,00 secs] 
23,995: [GC (Allocation Failure) [PSYoungGen: 241248K->96K(232448K)] 243075K->1923K(407552K), 0,0004738 secs] [Times: user=0,00 sys=0,00, real=0,00 secs] 
24,036: [GC (Allocation Failure) [PSYoungGen: 232032K->64K(223744K)] 233859K->1891K(398848K), 0,0004763 secs] [Times: user=0,00 sys=0,00, real=0,00 secs] 
24,075: [GC (Allocation Failure) [PSYoungGen: 223296K->64K(268800K)] 225123K->1891K(443904K), 0,0004889 secs] [Times: user=0,00 sys=0,00, real=0,00 secs] 
24,123: [GC (Allocation Failure) [PSYoungGen: 268352K->64K(258048K)] 270179K->1891K(433152K), 0,0004752 secs] [Times: user=0,00 sys=0,00, real=0,00 secs] 
24,168: [GC (Allocation Failure) [PSYoungGen: 257600K->64K(247808K)] 259427K->1891K(422912K), 0,0004677 secs] [Times: user=0,00 sys=0,00, real=0,00 secs] 
24,211: [GC (Allocation Failure) [PSYoungGen: 247360K->96K(238080K)] 249187K->1923K(413184K), 0,0004605 secs] [Times: user=0,00 sys=0,00, real=0,00 secs] 
24,253: [GC (Allocation Failure) [PSYoungGen: 237664K->96K(285696K)] 239491K->1923K(460800K), 0,0004843 secs] [Times: user=0,00 sys=0,00, real=0,00 secs] 
24,303: [GC (Allocation Failure) [PSYoungGen: 285280K->96K(274432K)] 287107K->1923K(449536K), 0,0004852 secs] [Times: user=0,00 sys=0,00, real=0,00 secs] 
24,351: [GC (Allocation Failure) [PSYoungGen: 274016K->64K(263680K)] 275843K->1891K(438784K), 0,0004718 secs] [Times: user=0,00 sys=0,00, real=0,00 secs] 
24,397: [GC (Allocation Failure) [PSYoungGen: 263232K->96K(253440K)] 265059K->1923K(428544K), 0,0005050 secs] [Times: user=0,01 sys=0,00, real=0,00 secs] 
24,442: [GC (Allocation Failure) [PSYoungGen: 253024K->96K(243712K)] 254851K->1923K(418816K), 0,0004626 secs] [Times: user=0,00 sys=0,00, real=0,00 secs] 
24,485: [GC (Allocation Failure) [PSYoungGen: 243296K->64K(234496K)] 245123K->1891K(409600K), 0,0004890 secs] [Times: user=0,00 sys=0,00, real=0,00 secs] 
24,526: [GC (Allocation Failure) [PSYoungGen: 234048K->64K(281600K)] 235875K->1891K(456704K), 0,0004774 secs] [Times: user=0,01 sys=0,00, real=0,00 secs] 
24,576: [GC (Allocation Failure) [PSYoungGen: 281152K->96K(270336K)] 282979K->1923K(445440K), 0,0004842 secs] [Times: user=0,01 sys=0,00, real=0,00 secs] 
24,623: [GC (Allocation Failure) [PSYoungGen: 269920K->64K(259584K)] 271747K->1891K(434688K), 0,0004669 secs] [Times: user=0,00 sys=0,00, real=0,00 secs] 
24,670: [GC (Allocation Failure) [PSYoungGen: 259136K->64K(249344K)] 260963K->1891K(424448K), 0,0004828 secs] [Times: user=0,00 sys=0,00, real=0,00 secs] 
24,714: [GC (Allocation Failure) [PSYoungGen: 248896K->96K(239616K)] 250723K->1923K(414720K), 0,0004739 secs] [Times: user=0,01 sys=0,00, real=0,00 secs] 
24,756: [GC (Allocation Failure) [PSYoungGen: 239200K->96K(230400K)] 241027K->1923K(405504K), 0,0004933 secs] [Times: user=0,00 sys=0,00, real=0,00 secs] 
24,796: [GC (Allocation Failure) [PSYoungGen: 229984K->32K(276480K)] 231811K->1859K(451584K), 0,0004641 secs] [Times: user=0,00 sys=0,00, real=0,00 secs] 
24,845: [GC (Allocation Failure) [PSYoungGen: 276000K->96K(265728K)] 277827K->1923K(440832K), 0,0004780 secs] [Times: user=0,00 sys=0,01, real=0,00 secs] 
24,891: [GC (Allocation Failure) [PSYoungGen: 265312K->64K(255488K)] 267139K->1891K(430592K), 0,0004503 secs] [Times: user=0,00 sys=0,00, real=0,00 secs] 
24,936: [GC (Allocation Failure) [PSYoungGen: 255040K->96K(245760K)] 256867K->1923K(420864K), 0,0005078 secs] [Times: user=0,00 sys=0,00, real=0,00 secs] 
24,979: [GC (Allocation Failure) [PSYoungGen: 245344K->96K(236544K)] 247171K->1923K(411648K), 0,0004916 secs] [Times: user=0,00 sys=0,00, real=0,00 secs] 
25,021: [GC (Allocation Failure) [PSYoungGen: 236128K->96K(227328K)] 237955K->1923K(402432K), 0,0004567 secs] [Times: user=0,01 sys=0,00, real=0,00 secs] 
25,061: [GC (Allocation Failure) [PSYoungGen: 226912K->64K(272896K)] 228739K->1891K(448000K), 0,0004648 secs] [Times: user=0,01 sys=0,00, real=0,00 secs] 
25,108: [GC (Allocation Failure) [PSYoungGen: 272448K->96K(262144K)] 274275K->1923K(437248K), 0,0004741 secs] [Times: user=0,00 sys=0,00, real=0,01 secs] 
25,155: [GC (Allocation Failure) [PSYoungGen: 261728K->96K(251904K)] 263555K->1923K(427008K), 0,0004733 secs] [Times: user=0,00 sys=0,00, real=0,00 secs] 
25,200: [GC (Allocation Failure) [PSYoungGen: 251488K->96K(242176K)] 253315K->1923K(417280K), 0,0004681 secs] [Times: user=0,00 sys=0,00, real=0,00 secs] 
25,242: [GC (Allocation Failure) [PSYoungGen: 241760K->64K(232960K)] 243587K->1891K(408064K), 0,0004551 secs] [Times: user=0,00 sys=0,00, real=0,00 secs] 
25,283: [GC (Allocation Failure) [PSYoungGen: 232512K->96K(279552K)] 234339K->1923K(454656K), 0,0004902 secs] [Times: user=0,00 sys=0,00, real=0,00 secs] 
25,332: [GC (Allocation Failure) [PSYoungGen: 279136K->96K(268288K)] 280963K->1923K(443392K), 0,0004839 secs] [Times: user=0,00 sys=0,00, real=0,00 secs] 
25,379: [GC (Allocation Failure) [PSYoungGen: 267872K->96K(257536K)] 269699K->1923K(432640K), 0,0004698 secs] [Times: user=0,00 sys=0,00, real=0,00 secs] 
25,424: [GC (Allocation Failure) [PSYoungGen: 257120K->96K(247296K)] 258947K->1923K(422400K), 0,0004596 secs] [Times: user=0,00 sys=0,00, real=0,00 secs] 
25,468: [GC (Allocation Failure) [PSYoungGen: 246880K->96K(296960K)] 248707K->1923K(472064K), 0,0005512 secs] [Times: user=0,00 sys=0,00, real=0,00 secs] 
25,520: [GC (Allocation Failure) [PSYoungGen: 296544K->32K(285184K)] 298371K->1859K(460288K), 0,0004762 secs] [Times: user=0,00 sys=0,00, real=0,00 secs] 
25,570: [GC (Allocation Failure) [PSYoungGen: 284704K->64K(273920K)] 286531K->1891K(449024K), 0,0004692 secs] [Times: user=0,00 sys=0,00, real=0,00 secs] 
25,618: [GC (Allocation Failure) [PSYoungGen: 273472K->64K(263168K)] 275299K->1891K(438272K), 0,0004966 secs] [Times: user=0,00 sys=0,00, real=0,00 secs] 
25,664: [GC (Allocation Failure) [PSYoungGen: 262720K->96K(252928K)] 264547K->1923K(428032K), 0,0004621 secs] [Times: user=0,00 sys=0,00, real=0,00 secs] 
25,708: [GC (Allocation Failure) [PSYoungGen: 252512K->32K(243200K)] 254339K->1859K(418304K), 0,0004709 secs] [Times: user=0,00 sys=0,00, real=0,00 secs] 
25,750: [GC (Allocation Failure) [PSYoungGen: 242720K->64K(233984K)] 244547K->1891K(409088K), 0,0004789 secs] [Times: user=0,00 sys=0,00, real=0,00 secs] 
25,791: [GC (Allocation Failure) [PSYoungGen: 233536K->64K(225280K)] 235363K->1891K(400384K), 0,0004491 secs] [Times: user=0,00 sys=0,00, real=0,00 secs] 
25,831: [GC (Allocation Failure) [PSYoungGen: 224832K->64K(270336K)] 226659K->1891K(445440K), 0,0004543 secs] [Times: user=0,00 sys=0,00, real=0,00 secs] 
25,878: [GC (Allocation Failure) [PSYoungGen: 269888K->96K(324608K)] 271715K->1923K(499712K), 0,0005390 secs] [Times: user=0,00 sys=0,00, real=0,00 secs] 
25,935: [GC (Allocation Failure) [PSYoungGen: 324192K->96K(311296K)] 326019K->1923K(486400K), 0,0005022 secs] [Times: user=0,00 sys=0,00, real=0,00 secs] 
25,990: [GC (Allocation Failure) [PSYoungGen: 310880K->96K(298496K)] 312707K->1923K(473600K), 0,0004910 secs] [Times: user=0,00 sys=0,00, real=0,00 secs] 
26,042: [GC (Allocation Failure) [PSYoungGen: 298080K->96K(286720K)] 299907K->1923K(461824K), 0,0004612 secs] [Times: user=0,00 sys=0,00, real=0,00 secs] 
26,092: [GC (Allocation Failure) [PSYoungGen: 286304K->64K(275456K)] 288131K->1891K(450560K), 0,0004702 secs] [Times: user=0,00 sys=0,00, real=0,00 secs] 
26,140: [GC (Allocation Failure) [PSYoungGen: 275008K->64K(264704K)] 276835K->1891K(439808K), 0,0004713 secs] [Times: user=0,01 sys=0,00, real=0,00 secs] 
26,186: [GC (Allocation Failure) [PSYoungGen: 264256K->64K(254464K)] 266083K->1891K(429568K), 0,0004686 secs] [Times: user=0,00 sys=0,00, real=0,00 secs] 
26,231: [GC (Allocation Failure) [PSYoungGen: 254016K->64K(244736K)] 255843K->1891K(419840K), 0,0004581 secs] [Times: user=0,00 sys=0,00, real=0,00 secs] 
26,274: [GC (Allocation Failure) [PSYoungGen: 244288K->64K(235520K)] 246115K->1891K(410624K), 0,0004655 secs] [Times: user=0,00 sys=0,00, real=0,00 secs] 
26,315: [GC (Allocation Failure) [PSYoungGen: 235072K->96K(226816K)] 236899K->1923K(401920K), 0,0004872 secs] [Times: user=0,00 sys=0,00, real=0,00 secs] 
26,354: [GC (Allocation Failure) [PSYoungGen: 226400K->96K(272384K)] 228227K->1923K(447488K), 0,0004750 secs] [Times: user=0,00 sys=0,00, real=0,00 secs] 
26,402: [GC (Allocation Failure) [PSYoungGen: 271968K->96K(261632K)] 273795K->1923K(436736K), 0,0005047 secs] [Times: user=0,00 sys=0,00, real=0,00 secs] 
26,449: [GC (Allocation Failure) [PSYoungGen: 261216K->96K(251392K)] 263043K->1923K(426496K), 0,0004882 secs] [Times: user=0,00 sys=0,00, real=0,01 secs] 
26,493: [GC (Allocation Failure) [PSYoungGen: 250976K->64K(241664K)] 252803K->1891K(416768K), 0,0004657 secs] [Times: user=0,00 sys=0,00, real=0,00 secs] 
26,535: [GC (Allocation Failure) [PSYoungGen: 241216K->96K(232448K)] 243043K->1923K(407552K), 0,0004662 secs] [Times: user=0,00 sys=0,00, real=0,00 secs] 
26,576: [GC (Allocation Failure) [PSYoungGen: 232032K->64K(279040K)] 233859K->1891K(454144K), 0,0004717 secs] [Times: user=0,01 sys=0,00, real=0,00 secs] 
26,624: [GC (Allocation Failure) [PSYoungGen: 278592K->64K(267776K)] 280419K->1891K(442880K), 0,0004849 secs] [Times: user=0,01 sys=0,00, real=0,00 secs] 
26,671: [GC (Allocation Failure) [PSYoungGen: 267328K->96K(257536K)] 269155K->1923K(432640K), 0,0004572 secs] [Times: user=0,00 sys=0,00, real=0,00 secs] 
26,716: [GC (Allocation Failure) [PSYoungGen: 257120K->64K(247296K)] 258947K->1891K(422400K), 0,0004738 secs] [Times: user=0,00 sys=0,00, real=0,00 secs] 
26,759: [GC (Allocation Failure) [PSYoungGen: 246848K->64K(237568K)] 248675K->1891K(412672K), 0,0004610 secs] [Times: user=0,00 sys=0,00, real=0,00 secs] 
26,801: [GC (Allocation Failure) [PSYoungGen: 237120K->96K(228352K)] 238947K->1923K(403456K), 0,0004758 secs] [Times: user=0,00 sys=0,00, real=0,00 secs] 
26,841: [GC (Allocation Failure) [PSYoungGen: 227936K->32K(273920K)] 229763K->1859K(449024K), 0,0004712 secs] [Times: user=0,00 sys=0,00, real=0,00 secs] 
26,889: [GC (Allocation Failure) [PSYoungGen: 273440K->64K(263168K)] 275267K->1891K(438272K), 0,0004673 secs] [Times: user=0,00 sys=0,00, real=0,00 secs] 
26,935: [GC (Allocation Failure) [PSYoungGen: 262720K->96K(252928K)] 264547K->1923K(428032K), 0,0005024 secs] [Times: user=0,00 sys=0,00, real=0,00 secs] 
26,980: [GC (Allocation Failure) [PSYoungGen: 252512K->64K(243200K)] 254339K->1891K(418304K), 0,0005147 secs] [Times: user=0,00 sys=0,00, real=0,00 secs] 
27,023: [GC (Allocation Failure) [PSYoungGen: 242752K->96K(291840K)] 244579K->1923K(466944K), 0,0004686 secs] [Times: user=0,00 sys=0,00, real=0,00 secs] 
27,074: [GC (Allocation Failure) [PSYoungGen: 291424K->96K(280064K)] 293251K->1923K(455168K), 0,0004705 secs] [Times: user=0,00 sys=0,00, real=0,00 secs] 
27,122: [GC (Allocation Failure) [PSYoungGen: 279648K->64K(268800K)] 281475K->1891K(443904K), 0,0004631 secs] [Times: user=0,00 sys=0,00, real=0,00 secs] 
27,169: [GC (Allocation Failure) [PSYoungGen: 268352K->64K(258048K)] 270179K->1891K(433152K), 0,0004616 secs] [Times: user=0,01 sys=0,00, real=0,00 secs] 
27,214: [GC (Allocation Failure) [PSYoungGen: 257600K->32K(247808K)] 259427K->1859K(422912K), 0,0004797 secs] [Times: user=0,00 sys=0,00, real=0,00 secs] 
27,258: [GC (Allocation Failure) [PSYoungGen: 247328K->64K(238080K)] 249155K->1891K(413184K), 0,0004923 secs] [Times: user=0,01 sys=0,00, real=0,00 secs] 
27,300: [GC (Allocation Failure) [PSYoungGen: 237632K->96K(228864K)] 239459K->1923K(403968K), 0,0004763 secs] [Times: user=0,00 sys=0,00, real=0,00 secs] 
27,340: [GC (Allocation Failure) [PSYoungGen: 228448K->64K(274944K)] 230275K->1891K(450048K), 0,0004618 secs] [Times: user=0,00 sys=0,00, real=0,00 secs] 
27,389: [GC (Allocation Failure) [PSYoungGen: 274496K->96K(264192K)] 276323K->1923K(439296K), 0,0005029 secs] [Times: user=0,00 sys=0,00, real=0,00 secs] 
27,435: [GC (Allocation Failure) [PSYoungGen: 263776K->96K(253952K)] 265603K->1923K(429056K), 0,0004799 secs] [Times: user=0,00 sys=0,00, real=0,00 secs] 
27,479: [GC (Allocation Failure) [PSYoungGen: 253536K->96K(244224K)] 255363K->1923K(419328K), 0,0004779 secs] [Times: user=0,00 sys=0,00, real=0,00 secs] 
27,522: [GC (Allocation Failure) [PSYoungGen: 243808K->64K(235008K)] 245635K->1891K(410112K), 0,0004608 secs] [Times: user=0,00 sys=0,00, real=0,00 secs] 
27,563: [GC (Allocation Failure) [PSYoungGen: 234560K->96K(226304K)] 236387K->1923K(401408K), 0,0004548 secs] [Times: user=0,00 sys=0,00, real=0,00 secs] 
27,603: [GC (Allocation Failure) [PSYoungGen: 225888K->64K(271872K)] 227715K->1891K(446976K), 0,0004917 secs] [Times: user=0,00 sys=0,00, real=0,00 secs] 
27,651: [GC (Allocation Failure) [PSYoungGen: 271424K->64K(261120K)] 273251K->1891K(436224K), 0,0004644 secs] [Times: user=0,00 sys=0,00, real=0,00 secs] 
27,696: [GC (Allocation Failure) [PSYoungGen: 260672K->64K(250880K)] 262499K->1891K(425984K), 0,0004622 secs] [Times: user=0,00 sys=0,01, real=0,00 secs] 
27,740: [GC (Allocation Failure) [PSYoungGen: 250432K->64K(241152K)] 252259K->1891K(416256K), 0,0004776 secs] [Times: user=0,00 sys=0,00, real=0,00 secs] 
27,782: [GC (Allocation Failure) [PSYoungGen: 240704K->64K(231936K)] 242531K->1891K(407040K), 0,0004564 secs] [Times: user=0,01 sys=0,00, real=0,00 secs] 
27,823: [GC (Allocation Failure) [PSYoungGen: 231488K->96K(278528K)] 233315K->1923K(453632K), 0,0004516 secs] [Times: user=0,00 sys=0,00, real=0,00 secs] 
27,873: [GC (Allocation Failure) [PSYoungGen: 278112K->64K(267776K)] 279939K->1891K(442880K), 0,0004660 secs] [Times: user=0,00 sys=0,00, real=0,00 secs] 
27,920: [GC (Allocation Failure) [PSYoungGen: 267328K->64K(257536K)] 269155K->1891K(432640K), 0,0004946 secs] [Times: user=0,00 sys=0,00, real=0,00 secs] 
27,965: [GC (Allocation Failure) [PSYoungGen: 257088K->96K(247296K)] 258915K->1923K(422400K), 0,0004931 secs] [Times: user=0,00 sys=0,00, real=0,00 secs] 
28,008: [GC (Allocation Failure) [PSYoungGen: 246880K->64K(237568K)] 248707K->1891K(412672K), 0,0004678 secs] [Times: user=0,00 sys=0,00, real=0,01 secs] 
28,050: [GC (Allocation Failure) [PSYoungGen: 237120K->96K(228352K)] 238947K->1923K(403456K), 0,0004605 secs] [Times: user=0,01 sys=0,00, real=0,00 secs] 
28,090: [GC (Allocation Failure) [PSYoungGen: 227936K->96K(273920K)] 229763K->1923K(449024K), 0,0004670 secs] [Times: user=0,00 sys=0,00, real=0,00 secs] 
28,138: [GC (Allocation Failure) [PSYoungGen: 273504K->64K(263168K)] 275331K->1891K(438272K), 0,0004766 secs] [Times: user=0,00 sys=0,00, real=0,00 secs] 
28,184: [GC (Allocation Failure) [PSYoungGen: 262720K->96K(252928K)] 264547K->1923K(428032K), 0,0004663 secs] [Times: user=0,00 sys=0,00, real=0,00 secs] 
28,228: [GC (Allocation Failure) [PSYoungGen: 252512K->96K(243200K)] 254339K->1923K(418304K), 0,0004695 secs] [Times: user=0,01 sys=0,00, real=0,01 secs] 
28,271: [GC (Allocation Failure) [PSYoungGen: 242784K->96K(233984K)] 244611K->1923K(409088K), 0,0004944 secs] [Times: user=0,00 sys=0,00, real=0,00 secs] 
28,312: [GC (Allocation Failure) [PSYoungGen: 233568K->64K(281088K)] 235395K->1891K(456192K), 0,0004916 secs] [Times: user=0,00 sys=0,00, real=0,00 secs] 
28,361: [GC (Allocation Failure) [PSYoungGen: 280640K->64K(269824K)] 282467K->1891K(444928K), 0,0004692 secs] [Times: user=0,00 sys=0,00, real=0,00 secs] 
28,408: [GC (Allocation Failure) [PSYoungGen: 269376K->96K(259072K)] 271203K->1923K(434176K), 0,0004725 secs] [Times: user=0,00 sys=0,00, real=0,00 secs] 
28,454: [GC (Allocation Failure) [PSYoungGen: 258656K->64K(248832K)] 260483K->1891K(423936K), 0,0005284 secs] [Times: user=0,00 sys=0,00, real=0,00 secs] 
28,501: [GC (Allocation Failure) [PSYoungGen: 248384K->32K(239104K)] 250211K->1859K(414208K), 0,0004908 secs] [Times: user=0,00 sys=0,00, real=0,00 secs] 
28,543: [GC (Allocation Failure) [PSYoungGen: 238624K->96K(229888K)] 240451K->1923K(404992K), 0,0004591 secs] [Times: user=0,00 sys=0,00, real=0,00 secs] 
28,584: [GC (Allocation Failure) [PSYoungGen: 229472K->64K(275968K)] 231299K->1891K(451072K), 0,0004716 secs] [Times: user=0,00 sys=0,00, real=0,00 secs] 
28,632: [GC (Allocation Failure) [PSYoungGen: 275520K->32K(265216K)] 277347K->1859K(440320K), 0,0004774 secs] [Times: user=0,00 sys=0,00, real=0,00 secs] 
28,678: [GC (Allocation Failure) [PSYoungGen: 264736K->32K(254976K)] 266563K->1859K(430080K), 0,0004640 secs] [Times: user=0,00 sys=0,00, real=0,01 secs] 
28,724: [GC (Allocation Failure) [PSYoungGen: 254496K->64K(245248K)] 256323K->1891K(420352K), 0,0004755 secs] [Times: user=0,00 sys=0,00, real=0,00 secs] 
28,767: [GC (Allocation Failure) [PSYoungGen: 244800K->96K(236032K)] 246627K->1923K(411136K), 0,0004831 secs] [Times: user=0,00 sys=0,00, real=0,00 secs] 
28,809: [GC (Allocation Failure) [PSYoungGen: 235616K->96K(227328K)] 237443K->1923K(402432K), 0,0004521 secs] [Times: user=0,00 sys=0,00, real=0,00 secs] 
28,849: [GC (Allocation Failure) [PSYoungGen: 226912K->128K(272896K)] 228739K->1955K(448000K), 0,0004692 secs] [Times: user=0,00 sys=0,00, real=0,00 secs] 
28,897: [GC (Allocation Failure) [PSYoungGen: 272512K->96K(327680K)] 274339K->1923K(502784K), 0,0005117 secs] [Times: user=0,00 sys=0,00, real=0,00 secs] 
28,954: [GC (Allocation Failure) [PSYoungGen: 327264K->96K(314368K)] 329091K->1923K(489472K), 0,0004966 secs] [Times: user=0,00 sys=0,00, real=0,00 secs] 
29,009: [GC (Allocation Failure) [PSYoungGen: 313952K->96K(301568K)] 315779K->1923K(476672K), 0,0004610 secs] [Times: user=0,00 sys=0,00, real=0,00 secs] 
29,062: [GC (Allocation Failure) [PSYoungGen: 301152K->64K(289280K)] 302979K->1891K(464384K), 0,0004598 secs] [Times: user=0,00 sys=0,00, real=0,00 secs] 
29,113: [GC (Allocation Failure) [PSYoungGen: 288832K->96K(278016K)] 290659K->1923K(453120K), 0,0004720 secs] [Times: user=0,00 sys=0,00, real=0,00 secs] 
29,163: [GC (Allocation Failure) [PSYoungGen: 277600K->96K(267264K)] 279427K->1923K(442368K), 0,0005006 secs] [Times: user=0,00 sys=0,00, real=0,00 secs] 
29,210: [GC (Allocation Failure) [PSYoungGen: 266848K->64K(257024K)] 268675K->1891K(432128K), 0,0004638 secs] [Times: user=0,00 sys=0,00, real=0,00 secs] 
29,255: [GC (Allocation Failure) [PSYoungGen: 256576K->96K(247296K)] 258403K->1923K(422400K), 0,0004873 secs] [Times: user=0,00 sys=0,00, real=0,00 secs] 
29,298: [GC (Allocation Failure) [PSYoungGen: 246880K->64K(237568K)] 248707K->1891K(412672K), 0,0004789 secs] [Times: user=0,00 sys=0,00, real=0,01 secs] 
29,340: [GC (Allocation Failure) [PSYoungGen: 237120K->96K(228352K)] 238947K->1923K(403456K), 0,0004645 secs] [Times: user=0,00 sys=0,00, real=0,00 secs] 
29,380: [GC (Allocation Failure) [PSYoungGen: 227936K->64K(219648K)] 229763K->1891K(394752K), 0,0004633 secs] [Times: user=0,00 sys=0,00, real=0,00 secs] 
29,418: [GC (Allocation Failure) [PSYoungGen: 219200K->96K(263680K)] 221027K->1923K(438784K), 0,0005002 secs] [Times: user=0,00 sys=0,00, real=0,01 secs] 
29,465: [GC (Allocation Failure) [PSYoungGen: 263264K->96K(316416K)] 265091K->1923K(491520K), 0,0004972 secs] [Times: user=0,01 sys=0,00, real=0,00 secs] 
29,521: [GC (Allocation Failure) [PSYoungGen: 316000K->64K(303616K)] 317827K->1891K(478720K), 0,0004753 secs] [Times: user=0,00 sys=0,00, real=0,00 secs] 
29,575: [GC (Allocation Failure) [PSYoungGen: 303168K->64K(291328K)] 304995K->1891K(466432K), 0,0004709 secs] [Times: user=0,01 sys=0,00, real=0,00 secs] 
29,626: [GC (Allocation Failure) [PSYoungGen: 290880K->96K(279552K)] 292707K->1923K(454656K), 0,0004682 secs] [Times: user=0,00 sys=0,00, real=0,00 secs] 
29,675: [GC (Allocation Failure) [PSYoungGen: 279136K->64K(268288K)] 280963K->1891K(443392K), 0,0004699 secs] [Times: user=0,00 sys=0,00, real=0,00 secs] 
29,722: [GC (Allocation Failure) [PSYoungGen: 267840K->96K(322048K)] 269667K->1923K(497152K), 0,0006606 secs] [Times: user=0,01 sys=0,00, real=0,00 secs] 
29,780: [GC (Allocation Failure) [PSYoungGen: 321632K->96K(308736K)] 323459K->1923K(483840K), 0,0004850 secs] [Times: user=0,00 sys=0,00, real=0,00 secs] 
29,835: [GC (Allocation Failure) [PSYoungGen: 308320K->96K(296448K)] 310147K->1923K(471552K), 0,0004833 secs] [Times: user=0,00 sys=0,00, real=0,00 secs] 
29,888: [GC (Allocation Failure) [PSYoungGen: 296032K->96K(284672K)] 297859K->1923K(459776K), 0,0004811 secs] [Times: user=0,00 sys=0,00, real=0,01 secs] 
29,939: [GC (Allocation Failure) [PSYoungGen: 284256K->96K(273408K)] 286083K->1923K(448512K), 0,0005235 secs] [Times: user=0,00 sys=0,00, real=0,00 secs] 
29,988: [GC (Allocation Failure) [PSYoungGen: 272992K->64K(262656K)] 274819K->1891K(437760K), 0,0005147 secs] [Times: user=0,00 sys=0,00, real=0,00 secs] 
30,035: [GC (Allocation Failure) [PSYoungGen: 262208K->96K(252416K)] 264035K->1923K(427520K), 0,0004581 secs] [Times: user=0,00 sys=0,00, real=0,00 secs] 
30,080: [GC (Allocation Failure) [PSYoungGen: 252000K->64K(242688K)] 253827K->1891K(417792K), 0,0004829 secs] [Times: user=0,01 sys=0,00, real=0,00 secs] 
30,122: [GC (Allocation Failure) [PSYoungGen: 242240K->64K(233472K)] 244067K->1891K(408576K), 0,0004545 secs] [Times: user=0,00 sys=0,00, real=0,00 secs] 
30,163: [GC (Allocation Failure) [PSYoungGen: 233024K->64K(224768K)] 234851K->1891K(399872K), 0,0004619 secs] [Times: user=0,00 sys=0,00, real=0,00 secs] 
30,203: [GC (Allocation Failure) [PSYoungGen: 224320K->96K(269824K)] 226147K->1923K(444928K), 0,0004818 secs] [Times: user=0,00 sys=0,00, real=0,00 secs] 
30,254: [GC (Allocation Failure) [PSYoungGen: 269408K->96K(324096K)] 271235K->1923K(499200K), 0,0010214 secs] [Times: user=0,00 sys=0,00, real=0,00 secs] 
30,315: [GC (Allocation Failure) [PSYoungGen: 323680K->96K(389120K)] 325507K->1947K(564224K), 0,0005302 secs] [Times: user=0,00 sys=0,00, real=0,00 secs] 
30,383: [GC (Allocation Failure) [PSYoungGen: 388704K->96K(466944K)] 390555K->1947K(642048K), 0,0005085 secs] [Times: user=0,00 sys=0,00, real=0,00 secs] 
30,465: [GC (Allocation Failure) [PSYoungGen: 466528K->96K(446976K)] 468379K->1947K(622080K), 0,0005009 secs] [Times: user=0,00 sys=0,00, real=0,00 secs] 
30,543: [GC (Allocation Failure) [PSYoungGen: 446560K->96K(427520K)] 448411K->1947K(602624K), 0,0004892 secs] [Times: user=0,00 sys=0,00, real=0,00 secs] 
30,617: [GC (Allocation Failure) [PSYoungGen: 427104K->96K(409088K)] 428955K->1955K(584192K), 0,0005136 secs] [Times: user=0,00 sys=0,00, real=0,00 secs] 
30,689: [GC (Allocation Failure) [PSYoungGen: 408672K->96K(391680K)] 410531K->1955K(566784K), 0,0005264 secs] [Times: user=0,00 sys=0,00, real=0,00 secs] 
30,758: [GC (Allocation Failure) [PSYoungGen: 391264K->64K(375296K)] 393123K->1923K(550400K), 0,0004957 secs] [Times: user=0,00 sys=0,00, real=0,00 secs] 
30,823: [GC (Allocation Failure) [PSYoungGen: 374848K->96K(359424K)] 376707K->1955K(534528K), 0,0004815 secs] [Times: user=0,00 sys=0,00, real=0,00 secs] 
30,886: [GC (Allocation Failure) [PSYoungGen: 359008K->64K(344576K)] 360867K->1923K(519680K), 0,0004888 secs] [Times: user=0,00 sys=0,00, real=0,00 secs] 
30,947: [GC (Allocation Failure) [PSYoungGen: 344128K->64K(330240K)] 345987K->1923K(505344K), 0,0005047 secs] [Times: user=0,00 sys=0,00, real=0,00 secs] 
31,004: [GC (Allocation Failure) [PSYoungGen: 329792K->96K(316928K)] 331651K->1955K(492032K), 0,0005134 secs] [Times: user=0,00 sys=0,00, real=0,00 secs] 
31,060: [GC (Allocation Failure) [PSYoungGen: 316512K->64K(304128K)] 318371K->1923K(479232K), 0,0004821 secs] [Times: user=0,00 sys=0,00, real=0,00 secs] 
31,113: [GC (Allocation Failure) [PSYoungGen: 303680K->96K(291840K)] 305539K->1955K(466944K), 0,0004887 secs] [Times: user=0,01 sys=0,00, real=0,00 secs] 
31,164: [GC (Allocation Failure) [PSYoungGen: 291424K->96K(280064K)] 293283K->1955K(455168K), 0,0004794 secs] [Times: user=0,00 sys=0,00, real=0,00 secs] 
31,213: [GC (Allocation Failure) [PSYoungGen: 279648K->96K(268800K)] 281507K->1955K(443904K), 0,0004717 secs] [Times: user=0,00 sys=0,00, real=0,00 secs] 
31,260: [GC (Allocation Failure) [PSYoungGen: 268384K->96K(258048K)] 270243K->1955K(433152K), 0,0004831 secs] [Times: user=0,00 sys=0,00, real=0,00 secs] 
31,305: [GC (Allocation Failure) [PSYoungGen: 257632K->96K(247808K)] 259491K->1955K(422912K), 0,0004718 secs] [Times: user=0,00 sys=0,00, real=0,00 secs] 
31,349: [GC (Allocation Failure) [PSYoungGen: 247392K->64K(238080K)] 249251K->1923K(413184K), 0,0004701 secs] [Times: user=0,00 sys=0,00, real=0,00 secs] 
31,390: [GC (Allocation Failure) [PSYoungGen: 237632K->64K(228864K)] 239491K->1923K(403968K), 0,0004751 secs] [Times: user=0,01 sys=0,00, real=0,00 secs] 
31,431: [GC (Allocation Failure) [PSYoungGen: 228416K->96K(220160K)] 230275K->1955K(395264K), 0,0005014 secs] [Times: user=0,00 sys=0,00, real=0,00 secs] 
31,470: [GC (Allocation Failure) [PSYoungGen: 219744K->64K(264192K)] 221603K->1923K(439296K), 0,0004963 secs] [Times: user=0,01 sys=0,00, real=0,00 secs] 
31,516: [GC (Allocation Failure) [PSYoungGen: 263744K->96K(316928K)] 265603K->1955K(492032K), 0,0025296 secs] [Times: user=0,00 sys=0,00, real=0,01 secs] 
31,575: [GC (Allocation Failure) [PSYoungGen: 316512K->96K(380416K)] 318371K->1955K(555520K), 0,0004905 secs] [Times: user=0,00 sys=0,00, real=0,00 secs] 
31,641: [GC (Allocation Failure) [PSYoungGen: 380000K->64K(364544K)] 381859K->1923K(539648K), 0,0004952 secs] [Times: user=0,00 sys=0,00, real=0,00 secs] 
31,705: [GC (Allocation Failure) [PSYoungGen: 364096K->96K(349184K)] 365955K->1955K(524288K), 0,0004998 secs] [Times: user=0,00 sys=0,00, real=0,00 secs] 
31,766: [GC (Allocation Failure) [PSYoungGen: 348768K->96K(334848K)] 350627K->1955K(509952K), 0,0004959 secs] [Times: user=0,00 sys=0,00, real=0,00 secs] 
31,824: [GC (Allocation Failure) [PSYoungGen: 334432K->96K(321024K)] 336291K->1955K(496128K), 0,0004828 secs] [Times: user=0,00 sys=0,00, real=0,00 secs] 
31,881: [GC (Allocation Failure) [PSYoungGen: 320608K->96K(308224K)] 322467K->1955K(483328K), 0,0005008 secs] [Times: user=0,00 sys=0,00, real=0,00 secs] 
31,935: [GC (Allocation Failure) [PSYoungGen: 307808K->96K(295936K)] 309667K->1955K(471040K), 0,0005139 secs] [Times: user=0,00 sys=0,00, real=0,00 secs] 
31,987: [GC (Allocation Failure) [PSYoungGen: 295520K->96K(284160K)] 297379K->1955K(459264K), 0,0005038 secs] [Times: user=0,01 sys=0,00, real=0,00 secs] 
32,037: [GC (Allocation Failure) [PSYoungGen: 283744K->96K(272896K)] 285603K->1955K(448000K), 0,0004849 secs] [Times: user=0,01 sys=0,00, real=0,00 secs] 
32,085: [GC (Allocation Failure) [PSYoungGen: 272480K->96K(262144K)] 274339K->1955K(437248K), 0,0004839 secs] [Times: user=0,00 sys=0,00, real=0,00 secs] 
32,131: [GC (Allocation Failure) [PSYoungGen: 261728K->96K(251904K)] 263587K->1955K(427008K), 0,0004947 secs] [Times: user=0,00 sys=0,00, real=0,00 secs] 
32,175: [GC (Allocation Failure) [PSYoungGen: 251488K->96K(242176K)] 253347K->1955K(417280K), 0,0004926 secs] [Times: user=0,01 sys=0,00, real=0,00 secs] 
32,217: [GC (Allocation Failure) [PSYoungGen: 241760K->96K(232960K)] 243619K->1955K(408064K), 0,0004999 secs] [Times: user=0,00 sys=0,00, real=0,00 secs] 
32,258: [GC (Allocation Failure) [PSYoungGen: 232544K->96K(224256K)] 234403K->1955K(399360K), 0,0004881 secs] [Times: user=0,00 sys=0,00, real=0,01 secs] 
32,298: [GC (Allocation Failure) [PSYoungGen: 223840K->96K(269312K)] 225699K->1955K(444416K), 0,0004845 secs] [Times: user=0,00 sys=0,00, real=0,00 secs] 
32,345: [GC (Allocation Failure) [PSYoungGen: 268896K->96K(258560K)] 270755K->1955K(433664K), 0,0004998 secs] [Times: user=0,00 sys=0,00, real=0,00 secs] 
32,390: [GC (Allocation Failure) [PSYoungGen: 258144K->96K(248320K)] 260003K->1955K(423424K), 0,0004913 secs] [Times: user=0,00 sys=0,00, real=0,00 secs] 
32,434: [GC (Allocation Failure) [PSYoungGen: 247904K->96K(297984K)] 249763K->1955K(473088K), 0,0005096 secs] [Times: user=0,00 sys=0,00, real=0,00 secs] 
32,486: [GC (Allocation Failure) [PSYoungGen: 297568K->96K(286208K)] 299427K->1955K(461312K), 0,0005063 secs] [Times: user=0,00 sys=0,00, real=0,00 secs] 
32,536: [GC (Allocation Failure) [PSYoungGen: 285792K->96K(274944K)] 287651K->1955K(450048K), 0,0004928 secs] [Times: user=0,00 sys=0,00, real=0,00 secs] 
32,584: [GC (Allocation Failure) [PSYoungGen: 274528K->96K(264192K)] 276387K->1955K(439296K), 0,0004806 secs] [Times: user=0,00 sys=0,00, real=0,00 secs] 
32,630: [GC (Allocation Failure) [PSYoungGen: 263776K->64K(253952K)] 265635K->1923K(429056K), 0,0004852 secs] [Times: user=0,00 sys=0,00, real=0,00 secs] 
32,675: [GC (Allocation Failure) [PSYoungGen: 253504K->64K(244224K)] 255363K->1923K(419328K), 0,0004776 secs] [Times: user=0,00 sys=0,00, real=0,00 secs] 
32,717: [GC (Allocation Failure) [PSYoungGen: 243776K->96K(235008K)] 245635K->1955K(410112K), 0,0004722 secs] [Times: user=0,00 sys=0,00, real=0,00 secs] 
32,759: [GC (Allocation Failure) [PSYoungGen: 234592K->96K(226304K)] 236451K->1955K(401408K), 0,0004921 secs] [Times: user=0,00 sys=0,00, real=0,00 secs] 
32,799: [GC (Allocation Failure) [PSYoungGen: 225888K->96K(271872K)] 227747K->1955K(446976K), 0,0004950 secs] [Times: user=0,01 sys=0,00, real=0,00 secs] 
32,848: [GC (Allocation Failure) [PSYoungGen: 271456K->96K(261120K)] 273315K->1955K(436224K), 0,0005001 secs] [Times: user=0,00 sys=0,00, real=0,00 secs] 
32,893: [GC (Allocation Failure) [PSYoungGen: 260704K->96K(250880K)] 262563K->1955K(425984K), 0,0004737 secs] [Times: user=0,00 sys=0,00, real=0,00 secs] 
32,938: [GC (Allocation Failure) [PSYoungGen: 250464K->96K(241152K)] 252323K->1955K(416256K), 0,0005039 secs] [Times: user=0,01 sys=0,00, real=0,00 secs] 
32,980: [GC (Allocation Failure) [PSYoungGen: 240736K->96K(289280K)] 242595K->1955K(464384K), 0,0005020 secs] [Times: user=0,00 sys=0,00, real=0,00 secs] 
33,031: [GC (Allocation Failure) [PSYoungGen: 288864K->96K(278016K)] 290723K->1955K(453120K), 0,0005041 secs] [Times: user=0,00 sys=0,00, real=0,00 secs] 
33,080: [GC (Allocation Failure) [PSYoungGen: 277600K->96K(267264K)] 279459K->1955K(442368K), 0,0004909 secs] [Times: user=0,00 sys=0,00, real=0,00 secs] 
33,127: [GC (Allocation Failure) [PSYoungGen: 266848K->64K(257024K)] 268707K->1923K(432128K), 0,0005044 secs] [Times: user=0,00 sys=0,00, real=0,00 secs] 
33,172: [GC (Allocation Failure) [PSYoungGen: 256576K->96K(247296K)] 258435K->1955K(422400K), 0,0004847 secs] [Times: user=0,00 sys=0,00, real=0,00 secs] 
33,215: [GC (Allocation Failure) [PSYoungGen: 246880K->96K(237568K)] 248739K->1955K(412672K), 0,0004791 secs] [Times: user=0,01 sys=0,00, real=0,00 secs] 
33,257: [GC (Allocation Failure) [PSYoungGen: 237152K->96K(285184K)] 239011K->1955K(460288K), 0,0005122 secs] [Times: user=0,00 sys=0,00, real=0,00 secs] 
33,309: [GC (Allocation Failure) [PSYoungGen: 284768K->96K(273920K)] 286627K->1955K(449024K), 0,0005127 secs] [Times: user=0,00 sys=0,00, real=0,00 secs] 
33,358: [GC (Allocation Failure) [PSYoungGen: 273504K->96K(263168K)] 275363K->1955K(438272K), 0,0005275 secs] [Times: user=0,00 sys=0,00, real=0,00 secs] 
33,404: [GC (Allocation Failure) [PSYoungGen: 262752K->96K(315904K)] 264611K->1955K(491008K), 0,0007122 secs] [Times: user=0,00 sys=0,00, real=0,00 secs] 
33,464: [GC (Allocation Failure) [PSYoungGen: 315488K->64K(303104K)] 317347K->1923K(478208K), 0,0004906 secs] [Times: user=0,00 sys=0,00, real=0,00 secs] 
33,517: [GC (Allocation Failure) [PSYoungGen: 302656K->64K(290816K)] 304515K->1923K(465920K), 0,0004752 secs] [Times: user=0,00 sys=0,00, real=0,00 secs] 
33,569: [GC (Allocation Failure) [PSYoungGen: 290368K->64K(279040K)] 292227K->1923K(454144K), 0,0004919 secs] [Times: user=0,00 sys=0,00, real=0,00 secs] 
33,617: [GC (Allocation Failure) [PSYoungGen: 278592K->64K(267776K)] 280451K->1923K(442880K), 0,0004851 secs] [Times: user=0,00 sys=0,00, real=0,00 secs] 
33,664: [GC (Allocation Failure) [PSYoungGen: 267328K->96K(257536K)] 269187K->1955K(432640K), 0,0004540 secs] [Times: user=0,00 sys=0,00, real=0,00 secs] 
33,709: [GC (Allocation Failure) [PSYoungGen: 257120K->64K(247296K)] 258979K->1923K(422400K), 0,0004770 secs] [Times: user=0,00 sys=0,00, real=0,00 secs] 
33,752: [GC (Allocation Failure) [PSYoungGen: 246848K->64K(237568K)] 248707K->1923K(412672K), 0,0004698 secs] [Times: user=0,00 sys=0,00, real=0,00 secs] 
33,794: [GC (Allocation Failure) [PSYoungGen: 237120K->96K(228352K)] 238979K->1955K(403456K), 0,0004850 secs] [Times: user=0,00 sys=0,00, real=0,00 secs] 
33,834: [GC (Allocation Failure) [PSYoungGen: 227936K->64K(219648K)] 229795K->1923K(394752K), 0,0004652 secs] [Times: user=0,00 sys=0,00, real=0,00 secs] 
33,873: [GC (Allocation Failure) [PSYoungGen: 219200K->64K(263680K)] 221059K->1923K(438784K), 0,0004742 secs] [Times: user=0,00 sys=0,00, real=0,00 secs] 
33,919: [GC (Allocation Failure) [PSYoungGen: 263232K->64K(316416K)] 265091K->1923K(491520K), 0,0004623 secs] [Times: user=0,00 sys=0,00, real=0,00 secs] 
33,974: [GC (Allocation Failure) [PSYoungGen: 315968K->96K(303616K)] 317827K->1955K(478720K), 0,0005312 secs] [Times: user=0,00 sys=0,00, real=0,00 secs] 
34,029: [GC (Allocation Failure) [PSYoungGen: 303200K->64K(291328K)] 305059K->1923K(466432K), 0,0004814 secs] [Times: user=0,00 sys=0,00, real=0,00 secs] 
34,079: [GC (Allocation Failure) [PSYoungGen: 290880K->64K(279552K)] 292739K->1923K(454656K), 0,0004690 secs] [Times: user=0,00 sys=0,00, real=0,00 secs] 
34,128: [GC (Allocation Failure) [PSYoungGen: 279104K->96K(268288K)] 280963K->1955K(443392K), 0,0004813 secs] [Times: user=0,00 sys=0,00, real=0,01 secs] 
34,175: [GC (Allocation Failure) [PSYoungGen: 267872K->96K(257536K)] 269731K->1955K(432640K), 0,0004766 secs] [Times: user=0,00 sys=0,00, real=0,00 secs] 
34,220: [GC (Allocation Failure) [PSYoungGen: 257120K->96K(247296K)] 258979K->1955K(422400K), 0,0004566 secs] [Times: user=0,00 sys=0,00, real=0,00 secs] 
34,264: [GC (Allocation Failure) [PSYoungGen: 246880K->64K(237568K)] 248739K->1923K(412672K), 0,0004931 secs] [Times: user=0,00 sys=0,00, real=0,00 secs] 
34,305: [GC (Allocation Failure) [PSYoungGen: 237120K->96K(228352K)] 238979K->1955K(403456K), 0,0004891 secs] [Times: user=0,00 sys=0,00, real=0,00 secs] 
34,345: [GC (Allocation Failure) [PSYoungGen: 227936K->96K(273920K)] 229795K->1955K(449024K), 0,0004712 secs] [Times: user=0,00 sys=0,00, real=0,00 secs] 
34,393: [GC (Allocation Failure) [PSYoungGen: 273504K->64K(263168K)] 275363K->1923K(438272K), 0,0004706 secs] [Times: user=0,00 sys=0,00, real=0,00 secs] 
34,439: [GC (Allocation Failure) [PSYoungGen: 262720K->96K(252928K)] 264579K->1955K(428032K), 0,0005244 secs] [Times: user=0,00 sys=0,00, real=0,00 secs] 
34,484: [GC (Allocation Failure) [PSYoungGen: 252512K->96K(243200K)] 254371K->1955K(418304K), 0,0004944 secs] [Times: user=0,00 sys=0,00, real=0,00 secs] 
34,527: [GC (Allocation Failure) [PSYoungGen: 242784K->96K(233984K)] 244643K->1955K(409088K), 0,0004723 secs] [Times: user=0,00 sys=0,00, real=0,00 secs] 
34,568: [GC (Allocation Failure) [PSYoungGen: 233568K->96K(281088K)] 235427K->1955K(456192K), 0,0004844 secs] [Times: user=0,00 sys=0,00, real=0,00 secs] 
34,617: [GC (Allocation Failure) [PSYoungGen: 280672K->96K(269824K)] 282531K->1955K(444928K), 0,0005068 secs] [Times: user=0,00 sys=0,00, real=0,00 secs] 
34,664: [GC (Allocation Failure) [PSYoungGen: 269408K->64K(259072K)] 271267K->1923K(434176K), 0,0004595 secs] [Times: user=0,00 sys=0,00, real=0,00 secs] 
34,710: [GC (Allocation Failure) [PSYoungGen: 258624K->96K(248832K)] 260483K->1955K(423936K), 0,0004610 secs] [Times: user=0,00 sys=0,00, real=0,00 secs] 
34,754: [GC (Allocation Failure) [PSYoungGen: 248416K->32K(239104K)] 250275K->1891K(414208K), 0,0004891 secs] [Times: user=0,00 sys=0,00, real=0,00 secs] 
34,796: [GC (Allocation Failure) [PSYoungGen: 238624K->96K(229888K)] 240483K->1955K(404992K), 0,0004694 secs] [Times: user=0,00 sys=0,00, real=0,00 secs] 
34,836: [GC (Allocation Failure) [PSYoungGen: 229472K->96K(275968K)] 231331K->1955K(451072K), 0,0004571 secs] [Times: user=0,00 sys=0,00, real=0,00 secs] 
34,884: [GC (Allocation Failure) [PSYoungGen: 275552K->64K(265216K)] 277411K->1923K(440320K), 0,0005198 secs] [Times: user=0,00 sys=0,00, real=0,00 secs] 
34,931: [GC (Allocation Failure) [PSYoungGen: 264768K->96K(254976K)] 266627K->1955K(430080K), 0,0004926 secs] [Times: user=0,00 sys=0,00, real=0,00 secs] 
34,976: [GC (Allocation Failure) [PSYoungGen: 254560K->96K(245248K)] 256419K->1955K(420352K), 0,0004865 secs] [Times: user=0,00 sys=0,00, real=0,00 secs] 
35,019: [GC (Allocation Failure) [PSYoungGen: 244832K->64K(236032K)] 246691K->1923K(411136K), 0,0004668 secs] [Times: user=0,00 sys=0,00, real=0,00 secs] 
35,060: [GC (Allocation Failure) [PSYoungGen: 235584K->96K(227328K)] 237443K->1955K(402432K), 0,0004662 secs] [Times: user=0,00 sys=0,00, real=0,00 secs] 
35,100: [GC (Allocation Failure) [PSYoungGen: 226912K->96K(272896K)] 228771K->1955K(448000K), 0,0004809 secs] [Times: user=0,00 sys=0,00, real=0,00 secs] 
35,147: [GC (Allocation Failure) [PSYoungGen: 272480K->96K(262144K)] 274339K->1955K(437248K), 0,0004600 secs] [Times: user=0,00 sys=0,00, real=0,00 secs] 
35,194: [GC (Allocation Failure) [PSYoungGen: 261728K->96K(251904K)] 263587K->1955K(427008K), 0,0004667 secs] [Times: user=0,00 sys=0,00, real=0,00 secs] 
35,238: [GC (Allocation Failure) [PSYoungGen: 251488K->96K(242176K)] 253347K->1955K(417280K), 0,0004800 secs] [Times: user=0,00 sys=0,00, real=0,00 secs] 
35,280: [GC (Allocation Failure) [PSYoungGen: 241760K->96K(232960K)] 243619K->1955K(408064K), 0,0004836 secs] [Times: user=0,00 sys=0,00, real=0,00 secs] 
35,320: [GC (Allocation Failure) [PSYoungGen: 232544K->96K(279552K)] 234403K->1955K(454656K), 0,0004877 secs] [Times: user=0,00 sys=0,00, real=0,00 secs] 
35,369: [GC (Allocation Failure) [PSYoungGen: 279136K->96K(268288K)] 280995K->1955K(443392K), 0,0004787 secs] [Times: user=0,00 sys=0,00, real=0,00 secs] 
35,416: [GC (Allocation Failure) [PSYoungGen: 267872K->64K(257536K)] 269731K->1923K(432640K), 0,0004798 secs] [Times: user=0,00 sys=0,00, real=0,00 secs] 
35,462: [GC (Allocation Failure) [PSYoungGen: 257088K->96K(247296K)] 258947K->1955K(422400K), 0,0005244 secs] [Times: user=0,00 sys=0,00, real=0,00 secs] 
35,505: [GC (Allocation Failure) [PSYoungGen: 246880K->96K(237568K)] 248739K->1955K(412672K), 0,0004879 secs] [Times: user=0,00 sys=0,00, real=0,00 secs] 
35,547: [GC (Allocation Failure) [PSYoungGen: 237152K->96K(285184K)] 239011K->1955K(460288K), 0,0004770 secs] [Times: user=0,00 sys=0,00, real=0,00 secs] 
35,598: [GC (Allocation Failure) [PSYoungGen: 284768K->64K(273920K)] 286627K->1923K(449024K), 0,0004668 secs] [Times: user=0,00 sys=0,01, real=0,01 secs] 
35,647: [GC (Allocation Failure) [PSYoungGen: 273472K->96K(263168K)] 275331K->1955K(438272K), 0,0004942 secs] [Times: user=0,00 sys=0,00, real=0,00 secs] 
35,693: [GC (Allocation Failure) [PSYoungGen: 262752K->96K(252928K)] 264611K->1955K(428032K), 0,0004776 secs] [Times: user=0,00 sys=0,00, real=0,00 secs] 
35,738: [GC (Allocation Failure) [PSYoungGen: 252512K->96K(243200K)] 254371K->1955K(418304K), 0,0004815 secs] [Times: user=0,00 sys=0,00, real=0,00 secs] 
35,780: [GC (Allocation Failure) [PSYoungGen: 242784K->96K(233984K)] 244643K->1955K(409088K), 0,0004757 secs] [Times: user=0,00 sys=0,00, real=0,00 secs] 
35,821: [GC (Allocation Failure) [PSYoungGen: 233568K->64K(225280K)] 235427K->1923K(400384K), 0,0004677 secs] [Times: user=0,00 sys=0,00, real=0,00 secs] 
35,861: [GC (Allocation Failure) [PSYoungGen: 224832K->64K(270336K)] 226691K->1923K(445440K), 0,0004711 secs] [Times: user=0,00 sys=0,00, real=0,00 secs] 
35,908: [GC (Allocation Failure) [PSYoungGen: 269888K->64K(259584K)] 271747K->1923K(434688K), 0,0004602 secs] [Times: user=0,01 sys=0,00, real=0,00 secs] 
35,954: [GC (Allocation Failure) [PSYoungGen: 259136K->96K(311808K)] 260995K->1955K(486912K), 0,0006256 secs] [Times: user=0,00 sys=0,00, real=0,00 secs] 
36,011: [GC (Allocation Failure) [PSYoungGen: 311392K->96K(299008K)] 313251K->1955K(474112K), 0,0004948 secs] [Times: user=0,00 sys=0,00, real=0,00 secs] 
36,063: [GC (Allocation Failure) [PSYoungGen: 298592K->64K(287232K)] 300451K->1923K(462336K), 0,0004716 secs] [Times: user=0,00 sys=0,00, real=0,00 secs] 
36,114: [GC (Allocation Failure) [PSYoungGen: 286784K->96K(275968K)] 288643K->1955K(451072K), 0,0004908 secs] [Times: user=0,00 sys=0,00, real=0,00 secs] 
36,162: [GC (Allocation Failure) [PSYoungGen: 275552K->64K(265216K)] 277411K->1923K(440320K), 0,0004784 secs] [Times: user=0,00 sys=0,00, real=0,00 secs] 
36,208: [GC (Allocation Failure) [PSYoungGen: 264768K->96K(254976K)] 266627K->1955K(430080K), 0,0004531 secs] [Times: user=0,00 sys=0,00, real=0,01 secs] 
36,253: [GC (Allocation Failure) [PSYoungGen: 254560K->64K(245248K)] 256419K->1923K(420352K), 0,0004855 secs] [Times: user=0,00 sys=0,00, real=0,00 secs] 
36,296: [GC (Allocation Failure) [PSYoungGen: 244800K->96K(236032K)] 246659K->1955K(411136K), 0,0004806 secs] [Times: user=0,00 sys=0,00, real=0,00 secs] 
36,337: [GC (Allocation Failure) [PSYoungGen: 235616K->32K(227328K)] 237475K->1891K(402432K), 0,0004651 secs] [Times: user=0,00 sys=0,00, real=0,00 secs] 
36,378: [GC (Allocation Failure) [PSYoungGen: 226848K->96K(272896K)] 228707K->1955K(448000K), 0,0005008 secs] [Times: user=0,00 sys=0,00, real=0,00 secs] 
36,426: [GC (Allocation Failure) [PSYoungGen: 272480K->96K(262144K)] 274339K->1955K(437248K), 0,0005244 secs] [Times: user=0,00 sys=0,00, real=0,00 secs] 
36,472: [GC (Allocation Failure) [PSYoungGen: 261728K->64K(251904K)] 263587K->1923K(427008K), 0,0004871 secs] [Times: user=0,01 sys=0,00, real=0,00 secs] 
36,516: [GC (Allocation Failure) [PSYoungGen: 251456K->96K(242176K)] 253315K->1955K(417280K), 0,0004538 secs] [Times: user=0,00 sys=0,00, real=0,00 secs] 
36,559: [GC (Allocation Failure) [PSYoungGen: 241760K->64K(232960K)] 243619K->1923K(408064K), 0,0004838 secs] [Times: user=0,00 sys=0,00, real=0,00 secs] 
36,600: [GC (Allocation Failure) [PSYoungGen: 232512K->64K(279552K)] 234371K->1923K(454656K), 0,0004836 secs] [Times: user=0,00 sys=0,00, real=0,00 secs] 
36,649: [GC (Allocation Failure) [PSYoungGen: 279104K->32K(268288K)] 280963K->1891K(443392K), 0,0004826 secs] [Times: user=0,00 sys=0,00, real=0,00 secs] 
36,696: [GC (Allocation Failure) [PSYoungGen: 267808K->96K(257536K)] 269667K->1955K(432640K), 0,0004869 secs] [Times: user=0,00 sys=0,00, real=0,00 secs] 
36,741: [GC (Allocation Failure) [PSYoungGen: 257120K->64K(247296K)] 258979K->1923K(422400K), 0,0004786 secs] [Times: user=0,00 sys=0,00, real=0,00 secs] 
36,784: [GC (Allocation Failure) [PSYoungGen: 246848K->96K(237568K)] 248707K->1955K(412672K), 0,0004593 secs] [Times: user=0,00 sys=0,00, real=0,00 secs] 
36,826: [GC (Allocation Failure) [PSYoungGen: 237152K->128K(228352K)] 239011K->1987K(403456K), 0,0004649 secs] [Times: user=0,00 sys=0,00, real=0,00 secs] 
36,866: [GC (Allocation Failure) [PSYoungGen: 227968K->32K(273920K)] 229827K->1891K(449024K), 0,0004757 secs] [Times: user=0,00 sys=0,00, real=0,00 secs] 
36,913: [GC (Allocation Failure) [PSYoungGen: 273440K->96K(263168K)] 275299K->1955K(438272K), 0,0004642 secs] [Times: user=0,00 sys=0,00, real=0,00 secs] 
36,960: [GC (Allocation Failure) [PSYoungGen: 262752K->96K(315904K)] 264611K->1955K(491008K), 0,0005934 secs] [Times: user=0,00 sys=0,00, real=0,00 secs] 
37,017: [GC (Allocation Failure) [PSYoungGen: 315488K->96K(303104K)] 317347K->1955K(478208K), 0,0004946 secs] [Times: user=0,00 sys=0,00, real=0,00 secs] 
37,070: [GC (Allocation Failure) [PSYoungGen: 302688K->64K(290816K)] 304547K->1923K(465920K), 0,0004699 secs] [Times: user=0,00 sys=0,00, real=0,00 secs] 
37,121: [GC (Allocation Failure) [PSYoungGen: 290368K->96K(279040K)] 292227K->1955K(454144K), 0,0004879 secs] [Times: user=0,00 sys=0,00, real=0,00 secs] 
37,170: [GC (Allocation Failure) [PSYoungGen: 278624K->64K(267776K)] 280483K->1923K(442880K), 0,0004873 secs] [Times: user=0,00 sys=0,00, real=0,00 secs] 
37,218: [GC (Allocation Failure) [PSYoungGen: 267328K->96K(257536K)] 269187K->1955K(432640K), 0,0004870 secs] [Times: user=0,00 sys=0,00, real=0,00 secs] 
37,263: [GC (Allocation Failure) [PSYoungGen: 257120K->96K(247296K)] 258979K->1955K(422400K), 0,0004712 secs] [Times: user=0,00 sys=0,00, real=0,00 secs] 
37,306: [GC (Allocation Failure) [PSYoungGen: 246880K->96K(237568K)] 248739K->1955K(412672K), 0,0004846 secs] [Times: user=0,00 sys=0,00, real=0,00 secs] 
37,348: [GC (Allocation Failure) [PSYoungGen: 237152K->64K(228352K)] 239011K->1923K(403456K), 0,0004743 secs] [Times: user=0,00 sys=0,00, real=0,00 secs] 
37,388: [GC (Allocation Failure) [PSYoungGen: 227904K->32K(219648K)] 229763K->1891K(394752K), 0,0004680 secs] [Times: user=0,00 sys=0,00, real=0,00 secs] 
37,426: [GC (Allocation Failure) [PSYoungGen: 219168K->96K(263680K)] 221027K->1955K(438784K), 0,0005182 secs] [Times: user=0,00 sys=0,00, real=0,00 secs] 
37,473: [GC (Allocation Failure) [PSYoungGen: 263264K->96K(316416K)] 265123K->1955K(491520K), 0,0005165 secs] [Times: user=0,00 sys=0,00, real=0,00 secs] 
37,529: [GC (Allocation Failure) [PSYoungGen: 316000K->96K(303616K)] 317859K->1955K(478720K), 0,0004700 secs] [Times: user=0,00 sys=0,00, real=0,00 secs] 
37,582: [GC (Allocation Failure) [PSYoungGen: 303200K->96K(291328K)] 305059K->1955K(466432K), 0,0004782 secs] [Times: user=0,01 sys=0,00, real=0,00 secs] 
37,633: [GC (Allocation Failure) [PSYoungGen: 290912K->64K(279552K)] 292771K->1923K(454656K), 0,0004809 secs] [Times: user=0,00 sys=0,00, real=0,00 secs] 
37,683: [GC (Allocation Failure) [PSYoungGen: 279104K->64K(268288K)] 280963K->1923K(443392K), 0,0004885 secs] [Times: user=0,00 sys=0,00, real=0,00 secs] 
37,731: [GC (Allocation Failure) [PSYoungGen: 267840K->96K(257536K)] 269699K->1955K(432640K), 0,0004808 secs] [Times: user=0,00 sys=0,00, real=0,00 secs] 
37,776: [GC (Allocation Failure) [PSYoungGen: 257120K->64K(247296K)] 258979K->1923K(422400K), 0,0004694 secs] [Times: user=0,00 sys=0,00, real=0,00 secs] 
37,820: [GC (Allocation Failure) [PSYoungGen: 246848K->64K(237568K)] 248707K->1923K(412672K), 0,0004615 secs] [Times: user=0,01 sys=0,00, real=0,00 secs] 
37,861: [GC (Allocation Failure) [PSYoungGen: 237120K->96K(228352K)] 238979K->1955K(403456K), 0,0004611 secs] [Times: user=0,00 sys=0,00, real=0,00 secs] 
37,902: [GC (Allocation Failure) [PSYoungGen: 227936K->96K(219648K)] 229795K->1955K(394752K), 0,0005149 secs] [Times: user=0,00 sys=0,00, real=0,00 secs] 
37,941: [GC (Allocation Failure) [PSYoungGen: 219232K->96K(263680K)] 221091K->1955K(438784K), 0,0005003 secs] [Times: user=0,00 sys=0,00, real=0,00 secs] 
37,987: [GC (Allocation Failure) [PSYoungGen: 263264K->96K(316416K)] 265123K->1955K(491520K), 0,0005021 secs] [Times: user=0,01 sys=0,00, real=0,00 secs] 
38,043: [GC (Allocation Failure) [PSYoungGen: 316000K->64K(303616K)] 317859K->1923K(478720K), 0,0004816 secs] [Times: user=0,00 sys=0,00, real=0,00 secs] 
38,096: [GC (Allocation Failure) [PSYoungGen: 303168K->96K(291328K)] 305027K->1955K(466432K), 0,0004709 secs] [Times: user=0,00 sys=0,00, real=0,00 secs] 
38,147: [GC (Allocation Failure) [PSYoungGen: 290912K->96K(279552K)] 292771K->1955K(454656K), 0,0004817 secs] [Times: user=0,01 sys=0,00, real=0,00 secs] 
38,196: [GC (Allocation Failure) [PSYoungGen: 279136K->96K(268288K)] 280995K->1955K(443392K), 0,0004886 secs] [Times: user=0,01 sys=0,00, real=0,00 secs] 
38,243: [GC (Allocation Failure) [PSYoungGen: 267872K->96K(257536K)] 269731K->1955K(432640K), 0,0004638 secs] [Times: user=0,00 sys=0,00, real=0,00 secs] 
38,288: [GC (Allocation Failure) [PSYoungGen: 257120K->96K(247296K)] 258979K->1955K(422400K), 0,0004873 secs] [Times: user=0,00 sys=0,00, real=0,01 secs] 
38,331: [GC (Allocation Failure) [PSYoungGen: 246880K->96K(237568K)] 248739K->1955K(412672K), 0,0004826 secs] [Times: user=0,00 sys=0,01, real=0,00 secs] 
38,372: [GC (Allocation Failure) [PSYoungGen: 237152K->64K(228352K)] 239011K->1923K(403456K), 0,0004595 secs] [Times: user=0,00 sys=0,00, real=0,00 secs] 
38,413: [GC (Allocation Failure) [PSYoungGen: 227904K->64K(273920K)] 229763K->1923K(449024K), 0,0005308 secs] [Times: user=0,00 sys=0,00, real=0,00 secs] 
38,462: [GC (Allocation Failure) [PSYoungGen: 273472K->96K(263168K)] 275331K->1955K(438272K), 0,0004839 secs] [Times: user=0,00 sys=0,00, real=0,00 secs] 
38,509: [GC (Allocation Failure) [PSYoungGen: 262752K->96K(252928K)] 264611K->1955K(428032K), 0,0004740 secs] [Times: user=0,00 sys=0,00, real=0,00 secs] 
38,554: [GC (Allocation Failure) [PSYoungGen: 252512K->64K(243200K)] 254371K->1923K(418304K), 0,0004819 secs] [Times: user=0,00 sys=0,00, real=0,00 secs] 
38,598: [GC (Allocation Failure) [PSYoungGen: 242752K->96K(233984K)] 244611K->1955K(409088K), 0,0004611 secs] [Times: user=0,00 sys=0,00, real=0,01 secs] 
38,639: [GC (Allocation Failure) [PSYoungGen: 233568K->96K(225280K)] 235427K->1955K(400384K), 0,0004932 secs] [Times: user=0,00 sys=0,00, real=0,00 secs] 
38,679: [GC (Allocation Failure) [PSYoungGen: 224864K->96K(270336K)] 226723K->1955K(445440K), 0,0004750 secs] [Times: user=0,00 sys=0,00, real=0,00 secs] 
38,726: [GC (Allocation Failure) [PSYoungGen: 269919K->96K(259584K)] 271779K->1955K(434688K), 0,0004701 secs] [Times: user=0,00 sys=0,00, real=0,00 secs] 
38,772: [GC (Allocation Failure) [PSYoungGen: 259168K->64K(249344K)] 261027K->1923K(424448K), 0,0004756 secs] [Times: user=0,00 sys=0,00, real=0,00 secs] 
38,817: [GC (Allocation Failure) [PSYoungGen: 248896K->64K(239616K)] 250755K->1923K(414720K), 0,0004559 secs] [Times: user=0,00 sys=0,00, real=0,00 secs] 
38,859: [GC (Allocation Failure) [PSYoungGen: 239168K->64K(287744K)] 241027K->1923K(462848K), 0,0004872 secs] [Times: user=0,01 sys=0,00, real=0,00 secs] 
38,909: [GC (Allocation Failure) [PSYoungGen: 287295K->96K(276480K)] 289155K->1955K(451584K), 0,0004775 secs] [Times: user=0,01 sys=0,00, real=0,00 secs] 
38,958: [GC (Allocation Failure) [PSYoungGen: 276064K->96K(265728K)] 277923K->1955K(440832K), 0,0005225 secs] [Times: user=0,01 sys=0,00, real=0,00 secs] 
39,004: [GC (Allocation Failure) [PSYoungGen: 265312K->96K(255488K)] 267171K->1955K(430592K), 0,0005047 secs] [Times: user=0,00 sys=0,00, real=0,00 secs] 
39,049: [GC (Allocation Failure) [PSYoungGen: 255072K->64K(245760K)] 256931K->1923K(420864K), 0,0004741 secs] [Times: user=0,00 sys=0,00, real=0,00 secs] 
39,093: [GC (Allocation Failure) [PSYoungGen: 245312K->64K(236544K)] 247171K->1923K(411648K), 0,0004847 secs] [Times: user=0,00 sys=0,00, real=0,00 secs] 
39,135: [GC (Allocation Failure) [PSYoungGen: 236096K->64K(227328K)] 237955K->1923K(402432K), 0,0004775 secs] [Times: user=0,00 sys=0,00, real=0,00 secs] 
39,174: [GC (Allocation Failure) [PSYoungGen: 226880K->64K(272896K)] 228739K->1923K(448000K), 0,0004588 secs] [Times: user=0,00 sys=0,00, real=0,00 secs] 
39,222: [GC (Allocation Failure) [PSYoungGen: 272448K->64K(262144K)] 274307K->1923K(437248K), 0,0004611 secs] [Times: user=0,00 sys=0,00, real=0,00 secs] 
39,268: [GC (Allocation Failure) [PSYoungGen: 261696K->96K(251904K)] 263555K->1955K(427008K), 0,0004941 secs] [Times: user=0,00 sys=0,00, real=0,01 secs] 
39,312: [GC (Allocation Failure) [PSYoungGen: 251488K->32K(242176K)] 253347K->1891K(417280K), 0,0004899 secs] [Times: user=0,00 sys=0,00, real=0,00 secs] 
39,355: [GC (Allocation Failure) [PSYoungGen: 241696K->64K(232960K)] 243555K->1923K(408064K), 0,0004462 secs] [Times: user=0,01 sys=0,00, real=0,00 secs] 
39,396: [GC (Allocation Failure) [PSYoungGen: 232512K->96K(279552K)] 234371K->1955K(454656K), 0,0005097 secs] [Times: user=0,00 sys=0,00, real=0,00 secs] 
39,445: [GC (Allocation Failure) [PSYoungGen: 279136K->64K(268288K)] 280995K->1923K(443392K), 0,0005060 secs] [Times: user=0,00 sys=0,00, real=0,00 secs] 
39,493: [GC (Allocation Failure) [PSYoungGen: 267840K->96K(257536K)] 269699K->1955K(432640K), 0,0004741 secs] [Times: user=0,01 sys=0,00, real=0,00 secs] 
39,538: [GC (Allocation Failure) [PSYoungGen: 257120K->64K(247296K)] 258979K->1923K(422400K), 0,0004796 secs] [Times: user=0,00 sys=0,00, real=0,01 secs] 
39,581: [GC (Allocation Failure) [PSYoungGen: 246848K->96K(237568K)] 248707K->1955K(412672K), 0,0004797 secs] [Times: user=0,01 sys=0,00, real=0,00 secs] 
39,624: [GC (Allocation Failure) [PSYoungGen: 237152K->96K(228352K)] 239011K->1955K(403456K), 0,0004708 secs] [Times: user=0,00 sys=0,00, real=0,00 secs] 
39,665: [GC (Allocation Failure) [PSYoungGen: 227936K->64K(273920K)] 229795K->1923K(449024K), 0,0004633 secs] [Times: user=0,00 sys=0,00, real=0,00 secs] 
39,713: [GC (Allocation Failure) [PSYoungGen: 273472K->96K(263168K)] 275331K->1955K(438272K), 0,0004767 secs] [Times: user=0,00 sys=0,00, real=0,00 secs] 
39,759: [GC (Allocation Failure) [PSYoungGen: 262752K->96K(252928K)] 264611K->1955K(428032K), 0,0004996 secs] [Times: user=0,01 sys=0,00, real=0,00 secs] 
39,804: [GC (Allocation Failure) [PSYoungGen: 252512K->96K(243200K)] 254371K->1955K(418304K), 0,0004688 secs] [Times: user=0,00 sys=0,00, real=0,00 secs] 
39,846: [GC (Allocation Failure) [PSYoungGen: 242784K->96K(233984K)] 244643K->1955K(409088K), 0,0004530 secs] [Times: user=0,00 sys=0,00, real=0,00 secs] 
39,887: [GC (Allocation Failure) [PSYoungGen: 233568K->32K(281088K)] 235427K->1891K(456192K), 0,0004746 secs] [Times: user=0,00 sys=0,00, real=0,00 secs] 
39,937: [GC (Allocation Failure) [PSYoungGen: 280608K->96K(337408K)] 282467K->1955K(512512K), 0,0006975 secs] [Times: user=0,00 sys=0,00, real=0,00 secs] 
40,000: [GC (Allocation Failure) [PSYoungGen: 336992K->64K(323584K)] 338851K->1923K(498688K), 0,0005174 secs] [Times: user=0,00 sys=0,00, real=0,00 secs] 
40,057: [GC (Allocation Failure) [PSYoungGen: 323136K->96K(310272K)] 324995K->1955K(485376K), 0,0004854 secs] [Times: user=0,00 sys=0,00, real=0,00 secs] 
40,111: [GC (Allocation Failure) [PSYoungGen: 309856K->96K(297984K)] 311715K->1955K(473088K), 0,0004595 secs] [Times: user=0,00 sys=0,00, real=0,00 secs] 
40,163: [GC (Allocation Failure) [PSYoungGen: 297568K->96K(286208K)] 299427K->1955K(461312K), 0,0004843 secs] [Times: user=0,00 sys=0,00, real=0,00 secs] 
40,213: [GC (Allocation Failure) [PSYoungGen: 285792K->96K(274944K)] 287651K->1955K(450048K), 0,0004718 secs] [Times: user=0,00 sys=0,00, real=0,00 secs] 
40,267: [GC (Allocation Failure) [PSYoungGen: 274528K->96K(264192K)] 276387K->1955K(439296K), 0,0005129 secs] [Times: user=0,00 sys=0,00, real=0,00 secs] 
40,314: [GC (Allocation Failure) [PSYoungGen: 263776K->96K(253952K)] 265635K->1979K(429056K), 0,0005285 secs] [Times: user=0,00 sys=0,00, real=0,00 secs] 
40,359: [GC (Allocation Failure) [PSYoungGen: 253536K->64K(244224K)] 255419K->1947K(419328K), 0,0004855 secs] [Times: user=0,00 sys=0,00, real=0,00 secs] 
40,401: [GC (Allocation Failure) [PSYoungGen: 243776K->96K(235008K)] 245659K->1979K(410112K), 0,0004887 secs] [Times: user=0,00 sys=0,00, real=0,00 secs] 
40,443: [GC (Allocation Failure) [PSYoungGen: 234592K->96K(226304K)] 236475K->1979K(401408K), 0,0005101 secs] [Times: user=0,00 sys=0,00, real=0,00 secs] 
40,483: [GC (Allocation Failure) [PSYoungGen: 225888K->96K(271872K)] 227771K->1979K(446976K), 0,0004817 secs] [Times: user=0,00 sys=0,00, real=0,00 secs] 
40,530: [GC (Allocation Failure) [PSYoungGen: 271456K->96K(261120K)] 273339K->1979K(436224K), 0,0005113 secs] [Times: user=0,00 sys=0,00, real=0,00 secs] 
40,576: [GC (Allocation Failure) [PSYoungGen: 260704K->64K(250880K)] 262587K->1947K(425984K), 0,0004834 secs] [Times: user=0,00 sys=0,00, real=0,00 secs] 
40,620: [GC (Allocation Failure) [PSYoungGen: 250432K->64K(241152K)] 252315K->1947K(416256K), 0,0004861 secs] [Times: user=0,00 sys=0,00, real=0,00 secs] 
40,663: [GC (Allocation Failure) [PSYoungGen: 240704K->64K(289280K)] 242587K->1947K(464384K), 0,0004971 secs] [Times: user=0,00 sys=0,00, real=0,00 secs] 
40,713: [GC (Allocation Failure) [PSYoungGen: 288832K->64K(278016K)] 290715K->1947K(453120K), 0,0004816 secs] [Times: user=0,00 sys=0,00, real=0,00 secs] 
40,765: [GC (Allocation Failure) [PSYoungGen: 277568K->96K(267264K)] 279451K->1979K(442368K), 0,0005164 secs] [Times: user=0,00 sys=0,00, real=0,00 secs] 
40,820: [GC (Allocation Failure) [PSYoungGen: 266848K->96K(257024K)] 268731K->1979K(432128K), 0,0006064 secs] [Times: user=0,00 sys=0,00, real=0,00 secs] 
40,876: [GC (Allocation Failure) [PSYoungGen: 256608K->96K(247296K)] 258491K->1979K(422400K), 0,0005360 secs] [Times: user=0,00 sys=0,00, real=0,00 secs] 
40,930: [GC (Allocation Failure) [PSYoungGen: 246880K->64K(237568K)] 248763K->1947K(412672K), 0,0005144 secs] [Times: user=0,00 sys=0,00, real=0,00 secs] 
40,987: [GC (Allocation Failure) [PSYoungGen: 237120K->96K(228352K)] 239003K->1979K(403456K), 0,0005334 secs] [Times: user=0,01 sys=0,00, real=0,00 secs] 
41,045: [GC (Allocation Failure) [PSYoungGen: 227936K->96K(219648K)] 229819K->1979K(394752K), 0,0005649 secs] [Times: user=0,00 sys=0,00, real=0,00 secs] 
41,095: [GC (Allocation Failure) [PSYoungGen: 219232K->96K(211456K)] 221115K->1979K(386560K), 0,0006166 secs] [Times: user=0,00 sys=0,00, real=0,00 secs] 
41,140: [GC (Allocation Failure) [PSYoungGen: 211040K->96K(203776K)] 212923K->1979K(378880K), 0,0005152 secs] [Times: user=0,00 sys=0,00, real=0,00 secs] 
41,175: [GC (Allocation Failure) [PSYoungGen: 203360K->96K(244736K)] 205243K->1979K(419840K), 0,0004844 secs] [Times: user=0,00 sys=0,00, real=0,00 secs] 
41,219: [GC (Allocation Failure) [PSYoungGen: 244320K->64K(293888K)] 246203K->1947K(468992K), 0,0004886 secs] [Times: user=0,00 sys=0,00, real=0,00 secs] 
41,270: [GC (Allocation Failure) [PSYoungGen: 293440K->96K(282112K)] 295323K->1979K(457216K), 0,0004894 secs] [Times: user=0,00 sys=0,00, real=0,00 secs] 
41,320: [GC (Allocation Failure) [PSYoungGen: 281696K->96K(270848K)] 283579K->1979K(445952K), 0,0004970 secs] [Times: user=0,00 sys=0,00, real=0,00 secs] 
41,367: [GC (Allocation Failure) [PSYoungGen: 270432K->96K(260096K)] 272315K->1979K(435200K), 0,0005068 secs] [Times: user=0,00 sys=0,00, real=0,00 secs] 
41,413: [GC (Allocation Failure) [PSYoungGen: 259680K->64K(249856K)] 261563K->1947K(424960K), 0,0004952 secs] [Times: user=0,00 sys=0,00, real=0,00 secs] 
41,457: [GC (Allocation Failure) [PSYoungGen: 249408K->64K(240128K)] 251291K->1947K(415232K), 0,0004912 secs] [Times: user=0,00 sys=0,00, real=0,00 secs] 
41,499: [GC (Allocation Failure) [PSYoungGen: 239680K->96K(230912K)] 241563K->1979K(406016K), 0,0004889 secs] [Times: user=0,00 sys=0,00, real=0,00 secs] 
41,539: [GC (Allocation Failure) [PSYoungGen: 230496K->64K(276992K)] 232379K->1947K(452096K), 0,0004826 secs] [Times: user=0,00 sys=0,00, real=0,00 secs] 
41,588: [GC (Allocation Failure) [PSYoungGen: 276544K->64K(266240K)] 278427K->1947K(441344K), 0,0004736 secs] [Times: user=0,00 sys=0,00, real=0,00 secs] 
41,634: [GC (Allocation Failure) [PSYoungGen: 265792K->32K(256000K)] 267675K->1915K(431104K), 0,0005015 secs] [Times: user=0,00 sys=0,00, real=0,00 secs] 
41,679: [GC (Allocation Failure) [PSYoungGen: 255520K->96K(246272K)] 257403K->1979K(421376K), 0,0004871 secs] [Times: user=0,00 sys=0,00, real=0,00 secs] 
41,723: [GC (Allocation Failure) [PSYoungGen: 245856K->64K(237056K)] 247739K->1947K(412160K), 0,0004899 secs] [Times: user=0,01 sys=0,00, real=0,00 secs] 
41,764: [GC (Allocation Failure) [PSYoungGen: 236608K->96K(284672K)] 238491K->1979K(459776K), 0,0004917 secs] [Times: user=0,00 sys=0,00, real=0,00 secs] 
41,814: [GC (Allocation Failure) [PSYoungGen: 284256K->96K(273408K)] 286139K->1979K(448512K), 0,0004947 secs] [Times: user=0,00 sys=0,00, real=0,00 secs] 
41,862: [GC (Allocation Failure) [PSYoungGen: 272992K->96K(262656K)] 274875K->1979K(437760K), 0,0004773 secs] [Times: user=0,01 sys=0,00, real=0,00 secs] 
41,908: [GC (Allocation Failure) [PSYoungGen: 262240K->64K(252416K)] 264123K->1947K(427520K), 0,0005042 secs] [Times: user=0,00 sys=0,00, real=0,01 secs] 
41,953: [GC (Allocation Failure) [PSYoungGen: 251968K->96K(242688K)] 253851K->1979K(417792K), 0,0005142 secs] [Times: user=0,00 sys=0,00, real=0,00 secs] 
41,995: [GC (Allocation Failure) [PSYoungGen: 242272K->96K(233472K)] 244155K->1979K(408576K), 0,0005075 secs] [Times: user=0,00 sys=0,00, real=0,00 secs] 
42,036: [GC (Allocation Failure) [PSYoungGen: 233056K->64K(280064K)] 234939K->1947K(455168K), 0,0004757 secs] [Times: user=0,00 sys=0,00, real=0,00 secs] 
42,086: [GC (Allocation Failure) [PSYoungGen: 279616K->96K(268800K)] 281499K->1979K(443904K), 0,0005101 secs] [Times: user=0,00 sys=0,00, real=0,00 secs] 
42,133: [GC (Allocation Failure) [PSYoungGen: 268384K->96K(258048K)] 270267K->1979K(433152K), 0,0004893 secs] [Times: user=0,00 sys=0,00, real=0,00 secs] 
42,178: [GC (Allocation Failure) [PSYoungGen: 257632K->96K(247808K)] 259515K->1979K(422912K), 0,0004845 secs] [Times: user=0,00 sys=0,00, real=0,01 secs] 
42,222: [GC (Allocation Failure) [PSYoungGen: 247392K->32K(238080K)] 249275K->1915K(413184K), 0,0004823 secs] [Times: user=0,00 sys=0,00, real=0,00 secs] 
42,264: [GC (Allocation Failure) [PSYoungGen: 237600K->96K(285696K)] 239483K->1979K(460800K), 0,0005065 secs] [Times: user=0,00 sys=0,00, real=0,00 secs] 
42,314: [GC (Allocation Failure) [PSYoungGen: 285280K->96K(274432K)] 287163K->1979K(449536K), 0,0004787 secs] [Times: user=0,00 sys=0,00, real=0,00 secs] 
42,363: [GC (Allocation Failure) [PSYoungGen: 274016K->96K(263680K)] 275899K->1979K(438784K), 0,0004895 secs] [Times: user=0,00 sys=0,00, real=0,00 secs] 
42,409: [GC (Allocation Failure) [PSYoungGen: 263264K->96K(253440K)] 265147K->1979K(428544K), 0,0004973 secs] [Times: user=0,00 sys=0,00, real=0,00 secs] 
42,454: [GC (Allocation Failure) [PSYoungGen: 253024K->64K(304128K)] 254907K->1947K(479232K), 0,0007147 secs] [Times: user=0,00 sys=0,00, real=0,00 secs] 
42,512: [GC (Allocation Failure) [PSYoungGen: 303680K->64K(291840K)] 305563K->1947K(466944K), 0,0005056 secs] [Times: user=0,00 sys=0,00, real=0,00 secs] 
42,563: [GC (Allocation Failure) [PSYoungGen: 291392K->64K(280064K)] 293275K->1947K(455168K), 0,0005204 secs] [Times: user=0,00 sys=0,00, real=0,00 secs] 
42,612: [GC (Allocation Failure) [PSYoungGen: 279616K->64K(268800K)] 281499K->1947K(443904K), 0,0004799 secs] [Times: user=0,00 sys=0,00, real=0,00 secs] 
42,659: [GC (Allocation Failure) [PSYoungGen: 268352K->96K(258048K)] 270235K->1979K(433152K), 0,0004899 secs] [Times: user=0,00 sys=0,00, real=0,00 secs] 
42,705: [GC (Allocation Failure) [PSYoungGen: 257632K->64K(247808K)] 259515K->1947K(422912K), 0,0004901 secs] [Times: user=0,00 sys=0,00, real=0,00 secs] 
42,748: [GC (Allocation Failure) [PSYoungGen: 247360K->64K(238080K)] 249243K->1947K(413184K), 0,0004866 secs] [Times: user=0,00 sys=0,00, real=0,01 secs] 
42,790: [GC (Allocation Failure) [PSYoungGen: 237632K->64K(228864K)] 239515K->1947K(403968K), 0,0004871 secs] [Times: user=0,00 sys=0,00, real=0,00 secs] 
42,830: [GC (Allocation Failure) [PSYoungGen: 228416K->64K(274944K)] 230299K->1947K(450048K), 0,0004866 secs] [Times: user=0,00 sys=0,00, real=0,00 secs] 
42,878: [GC (Allocation Failure) [PSYoungGen: 274496K->64K(264192K)] 276379K->1947K(439296K), 0,0004836 secs] [Times: user=0,00 sys=0,00, real=0,01 secs] 
42,924: [GC (Allocation Failure) [PSYoungGen: 263744K->96K(253952K)] 265627K->1979K(429056K), 0,0005227 secs] [Times: user=0,00 sys=0,00, real=0,00 secs] 
42,970: [GC (Allocation Failure) [PSYoungGen: 253536K->96K(244224K)] 255419K->1979K(419328K), 0,0005111 secs] [Times: user=0,00 sys=0,00, real=0,00 secs] 
43,013: [GC (Allocation Failure) [PSYoungGen: 243808K->96K(293376K)] 245691K->1979K(468480K), 0,0004950 secs] [Times: user=0,00 sys=0,00, real=0,00 secs] 
43,065: [GC (Allocation Failure) [PSYoungGen: 292960K->96K(281600K)] 294843K->1979K(456704K), 0,0004928 secs] [Times: user=0,00 sys=0,00, real=0,00 secs] 
43,115: [GC (Allocation Failure) [PSYoungGen: 281184K->96K(270336K)] 283067K->1979K(445440K), 0,0005029 secs] [Times: user=0,00 sys=0,00, real=0,00 secs] 
43,163: [GC (Allocation Failure) [PSYoungGen: 269920K->96K(259584K)] 271803K->1979K(434688K), 0,0005075 secs] [Times: user=0,00 sys=0,00, real=0,00 secs] 
43,208: [GC (Allocation Failure) [PSYoungGen: 259168K->96K(249344K)] 261051K->1979K(424448K), 0,0004910 secs] [Times: user=0,01 sys=0,00, real=0,00 secs] 
43,253: [GC (Allocation Failure) [PSYoungGen: 248928K->64K(239616K)] 250811K->1947K(414720K), 0,0004901 secs] [Times: user=0,00 sys=0,00, real=0,00 secs] 
43,297: [GC (Allocation Failure) [PSYoungGen: 239168K->96K(230400K)] 241051K->1979K(405504K), 0,0005098 secs] [Times: user=0,00 sys=0,00, real=0,00 secs] 
43,338: [GC (Allocation Failure) [PSYoungGen: 229984K->96K(276480K)] 231867K->1979K(451584K), 0,0005028 secs] [Times: user=0,00 sys=0,00, real=0,01 secs] 
43,388: [GC (Allocation Failure) [PSYoungGen: 276064K->96K(265728K)] 277947K->1979K(440832K), 0,0005092 secs] [Times: user=0,00 sys=0,00, real=0,01 secs] 
43,436: [GC (Allocation Failure) [PSYoungGen: 265312K->64K(255488K)] 267195K->1947K(430592K), 0,0005082 secs] [Times: user=0,00 sys=0,00, real=0,00 secs] 
43,481: [GC (Allocation Failure) [PSYoungGen: 255040K->96K(245760K)] 256923K->1979K(420864K), 0,0005065 secs] [Times: user=0,00 sys=0,00, real=0,00 secs] 
43,524: [GC (Allocation Failure) [PSYoungGen: 245344K->96K(236544K)] 247227K->1979K(411648K), 0,0004688 secs] [Times: user=0,00 sys=0,00, real=0,00 secs] 
43,566: [GC (Allocation Failure) [PSYoungGen: 236128K->64K(227328K)] 238011K->1947K(402432K), 0,0004642 secs] [Times: user=0,00 sys=0,00, real=0,00 secs] 
43,606: [GC (Allocation Failure) [PSYoungGen: 226880K->96K(272896K)] 228763K->1979K(448000K), 0,0004728 secs] [Times: user=0,00 sys=0,00, real=0,00 secs] 
43,654: [GC (Allocation Failure) [PSYoungGen: 272480K->96K(262144K)] 274363K->1979K(437248K), 0,0004813 secs] [Times: user=0,00 sys=0,00, real=0,00 secs] 
43,700: [GC (Allocation Failure) [PSYoungGen: 261728K->64K(251904K)] 263611K->1947K(427008K), 0,0004694 secs] [Times: user=0,00 sys=0,00, real=0,00 secs] 
43,744: [GC (Allocation Failure) [PSYoungGen: 251456K->64K(242176K)] 253339K->1947K(417280K), 0,0004789 secs] [Times: user=0,01 sys=0,00, real=0,00 secs] 
43,786: [GC (Allocation Failure) [PSYoungGen: 241728K->96K(232960K)] 243611K->1979K(408064K), 0,0004813 secs] [Times: user=0,00 sys=0,00, real=0,00 secs] 
43,827: [GC (Allocation Failure) [PSYoungGen: 232544K->64K(279552K)] 234427K->1947K(454656K), 0,0004672 secs] [Times: user=0,00 sys=0,00, real=0,00 secs] 
43,876: [GC (Allocation Failure) [PSYoungGen: 279104K->96K(268288K)] 280987K->1979K(443392K), 0,0004933 secs] [Times: user=0,00 sys=0,00, real=0,00 secs] 
43,924: [GC (Allocation Failure) [PSYoungGen: 267872K->96K(257536K)] 269755K->1979K(432640K), 0,0005296 secs] [Times: user=0,00 sys=0,00, real=0,00 secs] 
43,970: [GC (Allocation Failure) [PSYoungGen: 257120K->96K(247296K)] 259003K->1979K(422400K), 0,0005155 secs] [Times: user=0,00 sys=0,00, real=0,00 secs] 
44,013: [GC (Allocation Failure) [PSYoungGen: 246880K->64K(237568K)] 248763K->1947K(412672K), 0,0004720 secs] [Times: user=0,00 sys=0,00, real=0,00 secs] 
44,055: [GC (Allocation Failure) [PSYoungGen: 237120K->96K(285184K)] 239003K->1979K(460288K), 0,0004999 secs] [Times: user=0,00 sys=0,00, real=0,00 secs] 
44,105: [GC (Allocation Failure) [PSYoungGen: 284768K->96K(273920K)] 286651K->1979K(449024K), 0,0004919 secs] [Times: user=0,00 sys=0,00, real=0,00 secs] 
44,153: [GC (Allocation Failure) [PSYoungGen: 273504K->96K(263168K)] 275387K->1979K(438272K), 0,0004798 secs] [Times: user=0,00 sys=0,00, real=0,00 secs] 
44,199: [GC (Allocation Failure) [PSYoungGen: 262752K->64K(252928K)] 264635K->1947K(428032K), 0,0004626 secs] [Times: user=0,01 sys=0,00, real=0,00 secs] 
44,243: [GC (Allocation Failure) [PSYoungGen: 252480K->96K(243200K)] 254363K->1979K(418304K), 0,0004555 secs] [Times: user=0,00 sys=0,00, real=0,00 secs] 
44,286: [GC (Allocation Failure) [PSYoungGen: 242784K->96K(233984K)] 244667K->1979K(409088K), 0,0004768 secs] [Times: user=0,00 sys=0,00, real=0,00 secs] 
44,327: [GC (Allocation Failure) [PSYoungGen: 233568K->32K(225280K)] 235451K->1915K(400384K), 0,0004870 secs] [Times: user=0,01 sys=0,00, real=0,00 secs] 
44,366: [GC (Allocation Failure) [PSYoungGen: 224800K->64K(270336K)] 226683K->1947K(445440K), 0,0004591 secs] [Times: user=0,01 sys=0,00, real=0,00 secs] 
44,414: [GC (Allocation Failure) [PSYoungGen: 269888K->64K(259584K)] 271771K->1947K(434688K), 0,0005087 secs] [Times: user=0,00 sys=0,00, real=0,00 secs] 
44,460: [GC (Allocation Failure) [PSYoungGen: 259136K->96K(249344K)] 261019K->1979K(424448K), 0,0004967 secs] [Times: user=0,00 sys=0,00, real=0,00 secs] 
44,505: [GC (Allocation Failure) [PSYoungGen: 248928K->64K(239616K)] 250811K->1947K(414720K), 0,0004906 secs] [Times: user=0,01 sys=0,00, real=0,00 secs] 
44,548: [GC (Allocation Failure) [PSYoungGen: 239168K->64K(287744K)] 241051K->1947K(462848K), 0,0004857 secs] [Times: user=0,00 sys=0,00, real=0,01 secs] 
44,599: [GC (Allocation Failure) [PSYoungGen: 287296K->64K(276480K)] 289179K->1947K(451584K), 0,0004721 secs] [Times: user=0,00 sys=0,00, real=0,00 secs] 
44,647: [GC (Allocation Failure) [PSYoungGen: 276032K->64K(265728K)] 277915K->1947K(440832K), 0,0004716 secs] [Times: user=0,00 sys=0,00, real=0,00 secs] 
44,693: [GC (Allocation Failure) [PSYoungGen: 265280K->64K(255488K)] 267163K->1947K(430592K), 0,0004751 secs] [Times: user=0,01 sys=0,00, real=0,00 secs] 
44,738: [GC (Allocation Failure) [PSYoungGen: 255040K->96K(245760K)] 256923K->1979K(420864K), 0,0004644 secs] [Times: user=0,00 sys=0,00, real=0,01 secs] 
44,781: [GC (Allocation Failure) [PSYoungGen: 245344K->96K(236544K)] 247227K->1979K(411648K), 0,0004706 secs] [Times: user=0,00 sys=0,00, real=0,00 secs] 
44,823: [GC (Allocation Failure) [PSYoungGen: 236128K->96K(227328K)] 238011K->1979K(402432K), 0,0004733 secs] [Times: user=0,00 sys=0,00, real=0,00 secs] 
44,863: [GC (Allocation Failure) [PSYoungGen: 226912K->64K(272896K)] 228795K->1947K(448000K), 0,0004521 secs] [Times: user=0,00 sys=0,00, real=0,00 secs] 
44,910: [GC (Allocation Failure) [PSYoungGen: 272448K->96K(262144K)] 274331K->1979K(437248K), 0,0004590 secs] [Times: user=0,00 sys=0,00, real=0,00 secs] 
44,957: [GC (Allocation Failure) [PSYoungGen: 261728K->96K(251904K)] 263611K->1979K(427008K), 0,0005210 secs] [Times: user=0,00 sys=0,00, real=0,00 secs] 
45,001: [GC (Allocation Failure) [PSYoungGen: 251488K->32K(242176K)] 253371K->1915K(417280K), 0,0004689 secs] [Times: user=0,00 sys=0,01, real=0,00 secs] 
45,044: [GC (Allocation Failure) [PSYoungGen: 241696K->64K(232960K)] 243579K->1947K(408064K), 0,0004629 secs] [Times: user=0,00 sys=0,00, real=0,00 secs] 
45,085: [GC (Allocation Failure) [PSYoungGen: 232512K->96K(279552K)] 234395K->1979K(454656K), 0,0004653 secs] [Times: user=0,00 sys=0,00, real=0,00 secs] 
45,134: [GC (Allocation Failure) [PSYoungGen: 279136K->64K(268288K)] 281019K->1947K(443392K), 0,0004679 secs] [Times: user=0,00 sys=0,00, real=0,00 secs] 
45,180: [GC (Allocation Failure) [PSYoungGen: 267840K->64K(257536K)] 269723K->1947K(432640K), 0,0004752 secs] [Times: user=0,00 sys=0,00, real=0,00 secs] 
45,225: [GC (Allocation Failure) [PSYoungGen: 257088K->64K(247296K)] 258971K->1947K(422400K), 0,0004623 secs] [Times: user=0,00 sys=0,00, real=0,00 secs] 
45,269: [GC (Allocation Failure) [PSYoungGen: 246848K->96K(237568K)] 248731K->1979K(412672K), 0,0004790 secs] [Times: user=0,00 sys=0,00, real=0,00 secs] 
45,310: [GC (Allocation Failure) [PSYoungGen: 237152K->96K(228352K)] 239035K->1979K(403456K), 0,0004900 secs] [Times: user=0,00 sys=0,00, real=0,00 secs] 
45,350: [GC (Allocation Failure) [PSYoungGen: 227936K->64K(273920K)] 229819K->1947K(449024K), 0,0004678 secs] [Times: user=0,00 sys=0,00, real=0,00 secs] 
45,399: [GC (Allocation Failure) [PSYoungGen: 273472K->96K(328704K)] 275355K->1979K(503808K), 0,0005078 secs] [Times: user=0,00 sys=0,00, real=0,00 secs] 
45,456: [GC (Allocation Failure) [PSYoungGen: 328288K->96K(315392K)] 330171K->1979K(490496K), 0,0005331 secs] [Times: user=0,01 sys=0,00, real=0,00 secs] 
45,512: [GC (Allocation Failure) [PSYoungGen: 314976K->32K(302592K)] 316859K->1915K(477696K), 0,0004784 secs] [Times: user=0,00 sys=0,00, real=0,00 secs] 
45,565: [GC (Allocation Failure) [PSYoungGen: 302112K->64K(290304K)] 303995K->1947K(465408K), 0,0004713 secs] [Times: user=0,01 sys=0,00, real=0,00 secs] 
45,617: [GC (Allocation Failure) [PSYoungGen: 289856K->64K(278528K)] 291739K->1947K(453632K), 0,0006501 secs] [Times: user=0,00 sys=0,00, real=0,00 secs] 
45,667: [GC (Allocation Failure) [PSYoungGen: 278080K->96K(267776K)] 279963K->1979K(442880K), 0,0004744 secs] [Times: user=0,00 sys=0,00, real=0,00 secs] 
45,714: [GC (Allocation Failure) [PSYoungGen: 267360K->64K(257536K)] 269243K->1947K(432640K), 0,0004749 secs] [Times: user=0,00 sys=0,00, real=0,00 secs] 
45,760: [GC (Allocation Failure) [PSYoungGen: 257088K->64K(247296K)] 258971K->1947K(422400K), 0,0004916 secs] [Times: user=0,00 sys=0,00, real=0,00 secs] 
45,805: [GC (Allocation Failure) [PSYoungGen: 246848K->96K(237568K)] 248731K->1979K(412672K), 0,0004555 secs] [Times: user=0,00 sys=0,00, real=0,00 secs] 
45,846: [GC (Allocation Failure) [PSYoungGen: 237152K->96K(228352K)] 239035K->1979K(403456K), 0,0004522 secs] [Times: user=0,00 sys=0,00, real=0,00 secs] 
45,886: [GC (Allocation Failure) [PSYoungGen: 227936K->96K(219648K)] 229819K->1979K(394752K), 0,0004434 secs] [Times: user=0,00 sys=0,00, real=0,00 secs] 
45,925: [GC (Allocation Failure) [PSYoungGen: 219232K->96K(263680K)] 221115K->1979K(438784K), 0,0005088 secs] [Times: user=0,00 sys=0,00, real=0,00 secs] 
45,972: [GC (Allocation Failure) [PSYoungGen: 263264K->96K(316416K)] 265147K->1979K(491520K), 0,0005011 secs] [Times: user=0,00 sys=0,00, real=0,00 secs] 
46,027: [GC (Allocation Failure) [PSYoungGen: 316000K->96K(303616K)] 317883K->1979K(478720K), 0,0004757 secs] [Times: user=0,00 sys=0,00, real=0,00 secs] 
46,080: [GC (Allocation Failure) [PSYoungGen: 303200K->96K(291328K)] 305083K->1979K(466432K), 0,0004650 secs] [Times: user=0,00 sys=0,00, real=0,00 secs] 
46,131: [GC (Allocation Failure) [PSYoungGen: 290912K->64K(279552K)] 292795K->1947K(454656K), 0,0004657 secs] [Times: user=0,00 sys=0,00, real=0,00 secs] 
46,180: [GC (Allocation Failure) [PSYoungGen: 279104K->96K(268288K)] 280987K->1979K(443392K), 0,0004906 secs] [Times: user=0,00 sys=0,00, real=0,00 secs] 
46,227: [GC (Allocation Failure) [PSYoungGen: 267872K->64K(257536K)] 269755K->1947K(432640K), 0,0004817 secs] [Times: user=0,00 sys=0,00, real=0,00 secs] 
46,272: [GC (Allocation Failure) [PSYoungGen: 257088K->64K(247296K)] 258971K->1947K(422400K), 0,0004834 secs] [Times: user=0,00 sys=0,00, real=0,00 secs] 
46,316: [GC (Allocation Failure) [PSYoungGen: 246848K->96K(237568K)] 248731K->1979K(412672K), 0,0004996 secs] [Times: user=0,00 sys=0,00, real=0,00 secs] 
46,357: [GC (Allocation Failure) [PSYoungGen: 237152K->96K(228352K)] 239035K->1979K(403456K), 0,0004467 secs] [Times: user=0,00 sys=0,00, real=0,00 secs] 
46,397: [GC (Allocation Failure) [PSYoungGen: 227936K->64K(219648K)] 229819K->1947K(394752K), 0,0004572 secs] [Times: user=0,00 sys=0,00, real=0,00 secs] 
46,436: [GC (Allocation Failure) [PSYoungGen: 219200K->96K(263680K)] 221083K->1979K(438784K), 0,0005117 secs] [Times: user=0,01 sys=0,00, real=0,00 secs] 
46,482: [GC (Allocation Failure) [PSYoungGen: 263264K->64K(316416K)] 265147K->1947K(491520K), 0,0005048 secs] [Times: user=0,00 sys=0,00, real=0,00 secs] 
46,539: [GC (Allocation Failure) [PSYoungGen: 315968K->96K(303616K)] 317851K->1979K(478720K), 0,0004804 secs] [Times: user=0,00 sys=0,00, real=0,00 secs] 
46,592: [GC (Allocation Failure) [PSYoungGen: 303200K->96K(291328K)] 305083K->1979K(466432K), 0,0004880 secs] [Times: user=0,00 sys=0,00, real=0,00 secs] 
46,643: [GC (Allocation Failure) [PSYoungGen: 290912K->64K(279552K)] 292795K->1947K(454656K), 0,0004737 secs] [Times: user=0,00 sys=0,00, real=0,00 secs] 
46,692: [GC (Allocation Failure) [PSYoungGen: 279104K->64K(268288K)] 280987K->1947K(443392K), 0,0004777 secs] [Times: user=0,00 sys=0,00, real=0,00 secs] 
46,740: [GC (Allocation Failure) [PSYoungGen: 267840K->64K(257536K)] 269723K->1947K(432640K), 0,0005041 secs] [Times: user=0,00 sys=0,00, real=0,00 secs] 
46,785: [GC (Allocation Failure) [PSYoungGen: 257088K->96K(247296K)] 258971K->1979K(422400K), 0,0004753 secs] [Times: user=0,00 sys=0,00, real=0,00 secs] 
46,829: [GC (Allocation Failure) [PSYoungGen: 246880K->96K(237568K)] 248763K->1979K(412672K), 0,0004698 secs] [Times: user=0,00 sys=0,00, real=0,00 secs] 
46,871: [GC (Allocation Failure) [PSYoungGen: 237152K->96K(228352K)] 239035K->1979K(403456K), 0,0004593 secs] [Times: user=0,01 sys=0,00, real=0,00 secs] 
46,912: [GC (Allocation Failure) [PSYoungGen: 227936K->96K(273920K)] 229819K->1979K(449024K), 0,0005056 secs] [Times: user=0,00 sys=0,00, real=0,00 secs] 
46,961: [GC (Allocation Failure) [PSYoungGen: 273504K->96K(263168K)] 275387K->1979K(438272K), 0,0004962 secs] [Times: user=0,01 sys=0,00, real=0,00 secs] 
47,007: [GC (Allocation Failure) [PSYoungGen: 262752K->64K(252928K)] 264635K->1947K(428032K), 0,0004633 secs] [Times: user=0,00 sys=0,00, real=0,00 secs] 
47,051: [GC (Allocation Failure) [PSYoungGen: 252480K->64K(243200K)] 254363K->1947K(418304K), 0,0004595 secs] [Times: user=0,00 sys=0,00, real=0,00 secs] 
47,093: [GC (Allocation Failure) [PSYoungGen: 242752K->96K(233984K)] 244635K->1979K(409088K), 0,0004657 secs] [Times: user=0,00 sys=0,00, real=0,00 secs] 
47,134: [GC (Allocation Failure) [PSYoungGen: 233568K->64K(225280K)] 235451K->1947K(400384K), 0,0004526 secs] [Times: user=0,00 sys=0,00, real=0,00 secs] 
47,174: [GC (Allocation Failure) [PSYoungGen: 224832K->64K(270336K)] 226715K->1947K(445440K), 0,0004661 secs] [Times: user=0,00 sys=0,00, real=0,00 secs] 
47,222: [GC (Allocation Failure) [PSYoungGen: 269888K->64K(259584K)] 271771K->1947K(434688K), 0,0004821 secs] [Times: user=0,00 sys=0,00, real=0,00 secs] 
47,268: [GC (Allocation Failure) [PSYoungGen: 259136K->96K(249344K)] 261019K->1979K(424448K), 0,0004806 secs] [Times: user=0,00 sys=0,00, real=0,01 secs] 
47,312: [GC (Allocation Failure) [PSYoungGen: 248928K->64K(239616K)] 250811K->1947K(414720K), 0,0004754 secs] [Times: user=0,00 sys=0,00, real=0,00 secs] 
47,354: [GC (Allocation Failure) [PSYoungGen: 239168K->64K(230400K)] 241051K->1947K(405504K), 0,0004586 secs] [Times: user=0,00 sys=0,00, real=0,00 secs] 
47,395: [GC (Allocation Failure) [PSYoungGen: 229952K->96K(276480K)] 231835K->1979K(451584K), 0,0004658 secs] [Times: user=0,00 sys=0,00, real=0,00 secs] 
47,444: [GC (Allocation Failure) [PSYoungGen: 276064K->96K(265728K)] 277947K->1979K(440832K), 0,0005048 secs] [Times: user=0,00 sys=0,00, real=0,00 secs] 
47,491: [GC (Allocation Failure) [PSYoungGen: 265312K->64K(255488K)] 267195K->1947K(430592K), 0,0004949 secs] [Times: user=0,00 sys=0,00, real=0,00 secs] 
47,536: [GC (Allocation Failure) [PSYoungGen: 255040K->96K(245760K)] 256923K->1979K(420864K), 0,0004742 secs] [Times: user=0,00 sys=0,00, real=0,00 secs] 
47,579: [GC (Allocation Failure) [PSYoungGen: 245344K->64K(236544K)] 247227K->1947K(411648K), 0,0004581 secs] [Times: user=0,00 sys=0,00, real=0,00 secs] 
47,620: [GC (Allocation Failure) [PSYoungGen: 236096K->96K(227328K)] 237979K->1979K(402432K), 0,0004569 secs] [Times: user=0,00 sys=0,00, real=0,00 secs] 
47,660: [GC (Allocation Failure) [PSYoungGen: 226912K->96K(272896K)] 228795K->1979K(448000K), 0,0004793 secs] [Times: user=0,00 sys=0,00, real=0,00 secs] 
47,708: [GC (Allocation Failure) [PSYoungGen: 272480K->96K(262144K)] 274363K->1979K(437248K), 0,0004670 secs] [Times: user=0,00 sys=0,00, real=0,01 secs] 
47,754: [GC (Allocation Failure) [PSYoungGen: 261728K->64K(251904K)] 263611K->1947K(427008K), 0,0004754 secs] [Times: user=0,00 sys=0,00, real=0,00 secs] 
47,798: [GC (Allocation Failure) [PSYoungGen: 251456K->64K(242176K)] 253339K->1947K(417280K), 0,0004649 secs] [Times: user=0,00 sys=0,00, real=0,01 secs] 
47,840: [GC (Allocation Failure) [PSYoungGen: 241728K->96K(232960K)] 243611K->1979K(408064K), 0,0004577 secs] [Times: user=0,00 sys=0,00, real=0,00 secs] 
47,881: [GC (Allocation Failure) [PSYoungGen: 232544K->96K(279552K)] 234427K->1979K(454656K), 0,0004543 secs] [Times: user=0,01 sys=0,01, real=0,00 secs] 
47,930: [GC (Allocation Failure) [PSYoungGen: 279136K->96K(268288K)] 281019K->1979K(443392K), 0,0004963 secs] [Times: user=0,01 sys=0,00, real=0,00 secs] 
47,978: [GC (Allocation Failure) [PSYoungGen: 267872K->96K(257536K)] 269755K->1979K(432640K), 0,0005033 secs] [Times: user=0,00 sys=0,00, real=0,01 secs] 
48,023: [GC (Allocation Failure) [PSYoungGen: 257120K->64K(247296K)] 259003K->1947K(422400K), 0,0004684 secs] [Times: user=0,00 sys=0,00, real=0,00 secs] 
48,067: [GC (Allocation Failure) [PSYoungGen: 246848K->64K(237568K)] 248731K->1947K(412672K), 0,0004578 secs] [Times: user=0,00 sys=0,00, real=0,00 secs] 
48,108: [GC (Allocation Failure) [PSYoungGen: 237120K->96K(228352K)] 239003K->1979K(403456K), 0,0004694 secs] [Times: user=0,01 sys=0,00, real=0,01 secs] 
48,149: [GC (Allocation Failure) [PSYoungGen: 227936K->96K(273920K)] 229819K->1979K(449024K), 0,0004670 secs] [Times: user=0,01 sys=0,00, real=0,00 secs] 
48,197: [GC (Allocation Failure) [PSYoungGen: 273504K->96K(263168K)] 275387K->1979K(438272K), 0,0004761 secs] [Times: user=0,00 sys=0,00, real=0,00 secs] 
48,243: [GC (Allocation Failure) [PSYoungGen: 262752K->96K(252928K)] 264635K->1979K(428032K), 0,0004604 secs] [Times: user=0,00 sys=0,00, real=0,00 secs] 
48,287: [GC (Allocation Failure) [PSYoungGen: 252512K->96K(243200K)] 254395K->1979K(418304K), 0,0004881 secs] [Times: user=0,00 sys=0,00, real=0,00 secs] 
48,330: [GC (Allocation Failure) [PSYoungGen: 242784K->96K(233984K)] 244667K->1979K(409088K), 0,0004827 secs] [Times: user=0,00 sys=0,00, real=0,00 secs] 
48,371: [GC (Allocation Failure) [PSYoungGen: 233568K->96K(281088K)] 235451K->1979K(456192K), 0,0004548 secs] [Times: user=0,00 sys=0,00, real=0,00 secs] 
48,421: [GC (Allocation Failure) [PSYoungGen: 280672K->96K(269824K)] 282555K->1979K(444928K), 0,0005022 secs] [Times: user=0,00 sys=0,00, real=0,00 secs] 
48,468: [GC (Allocation Failure) [PSYoungGen: 269408K->64K(259072K)] 271291K->1947K(434176K), 0,0004705 secs] [Times: user=0,00 sys=0,00, real=0,01 secs] 
48,513: [GC (Allocation Failure) [PSYoungGen: 258624K->64K(248832K)] 260507K->1947K(423936K), 0,0004797 secs] [Times: user=0,00 sys=0,00, real=0,00 secs] 
48,558: [GC (Allocation Failure) [PSYoungGen: 248384K->96K(239104K)] 250267K->1979K(414208K), 0,0004735 secs] [Times: user=0,00 sys=0,00, real=0,01 secs] 
48,601: [GC (Allocation Failure) [PSYoungGen: 238688K->64K(229888K)] 240571K->1947K(404992K), 0,0004642 secs] [Times: user=0,00 sys=0,00, real=0,00 secs] 
48,641: [GC (Allocation Failure) [PSYoungGen: 229440K->64K(275968K)] 231323K->1947K(451072K), 0,0004697 secs] [Times: user=0,00 sys=0,00, real=0,00 secs] 
48,689: [GC (Allocation Failure) [PSYoungGen: 275520K->96K(265216K)] 277403K->1979K(440320K), 0,0004708 secs] [Times: user=0,00 sys=0,00, real=0,00 secs] 
48,736: [GC (Allocation Failure) [PSYoungGen: 264800K->96K(254976K)] 266683K->1979K(430080K), 0,0004684 secs] [Times: user=0,00 sys=0,00, real=0,00 secs] 
48,781: [GC (Allocation Failure) [PSYoungGen: 254560K->96K(245248K)] 256443K->1979K(420352K), 0,0004782 secs] [Times: user=0,01 sys=0,00, real=0,00 secs] 
48,824: [GC (Allocation Failure) [PSYoungGen: 244832K->64K(236032K)] 246715K->1947K(411136K), 0,0004630 secs] [Times: user=0,00 sys=0,00, real=0,00 secs] 
48,865: [GC (Allocation Failure) [PSYoungGen: 235584K->128K(227328K)] 237467K->2011K(402432K), 0,0004614 secs] [Times: user=0,00 sys=0,00, real=0,00 secs] 
48,905: [GC (Allocation Failure) [PSYoungGen: 226944K->64K(272896K)] 228827K->1947K(448000K), 0,0004512 secs] [Times: user=0,00 sys=0,00, real=0,00 secs] 
48,953: [GC (Allocation Failure) [PSYoungGen: 272448K->96K(262144K)] 274331K->1979K(437248K), 0,0004963 secs] [Times: user=0,00 sys=0,00, real=0,00 secs] 
48,999: [GC (Allocation Failure) [PSYoungGen: 261728K->64K(251904K)] 263611K->1947K(427008K), 0,0004580 secs] [Times: user=0,01 sys=0,00, real=0,00 secs] 
49,044: [GC (Allocation Failure) [PSYoungGen: 251456K->96K(242176K)] 253339K->1979K(417280K), 0,0004990 secs] [Times: user=0,00 sys=0,00, real=0,00 secs] 
49,087: [GC (Allocation Failure) [PSYoungGen: 241760K->64K(232960K)] 243643K->1947K(408064K), 0,0004770 secs] [Times: user=0,00 sys=0,00, real=0,00 secs] 
49,128: [GC (Allocation Failure) [PSYoungGen: 232512K->64K(279552K)] 234395K->1947K(454656K), 0,0004618 secs] [Times: user=0,01 sys=0,00, real=0,01 secs] 
49,178: [GC (Allocation Failure) [PSYoungGen: 279104K->64K(268288K)] 280987K->1947K(443392K), 0,0004688 secs] [Times: user=0,01 sys=0,00, real=0,01 secs] 
49,225: [GC (Allocation Failure) [PSYoungGen: 267840K->96K(257536K)] 269723K->1979K(432640K), 0,0004650 secs] [Times: user=0,00 sys=0,00, real=0,00 secs] 
49,271: [GC (Allocation Failure) [PSYoungGen: 257120K->64K(247296K)] 259003K->1947K(422400K), 0,0004713 secs] [Times: user=0,00 sys=0,00, real=0,00 secs] 
49,315: [GC (Allocation Failure) [PSYoungGen: 246848K->64K(237568K)] 248731K->1955K(412672K), 0,0004935 secs] [Times: user=0,00 sys=0,00, real=0,00 secs] 
49,356: [GC (Allocation Failure) [PSYoungGen: 237120K->96K(228352K)] 239011K->1987K(403456K), 0,0004807 secs] [Times: user=0,00 sys=0,00, real=0,00 secs] 
49,396: [GC (Allocation Failure) [PSYoungGen: 227936K->96K(273920K)] 229827K->1987K(449024K), 0,0004445 secs] [Times: user=0,00 sys=0,00, real=0,00 secs] 
49,444: [GC (Allocation Failure) [PSYoungGen: 273504K->96K(263168K)] 275395K->1987K(438272K), 0,0005016 secs] [Times: user=0,01 sys=0,00, real=0,00 secs] 
49,490: [GC (Allocation Failure) [PSYoungGen: 262752K->96K(252928K)] 264643K->1987K(428032K), 0,0004965 secs] [Times: user=0,00 sys=0,00, real=0,00 secs] 
49,535: [GC (Allocation Failure) [PSYoungGen: 252512K->96K(243200K)] 254403K->1987K(418304K), 0,0004611 secs] [Times: user=0,00 sys=0,00, real=0,00 secs] 
49,578: [GC (Allocation Failure) [PSYoungGen: 242784K->64K(233984K)] 244675K->1955K(409088K), 0,0004704 secs] [Times: user=0,00 sys=0,00, real=0,01 secs] 
49,619: [GC (Allocation Failure) [PSYoungGen: 233536K->64K(281088K)] 235427K->1955K(456192K), 0,0004608 secs] [Times: user=0,00 sys=0,00, real=0,00 secs] 
49,668: [GC (Allocation Failure) [PSYoungGen: 280640K->96K(269824K)] 282531K->1987K(444928K), 0,0004702 secs] [Times: user=0,00 sys=0,00, real=0,01 secs] 
49,715: [GC (Allocation Failure) [PSYoungGen: 269408K->64K(259072K)] 271299K->1955K(434176K), 0,0004651 secs] [Times: user=0,00 sys=0,00, real=0,00 secs] 
49,760: [GC (Allocation Failure) [PSYoungGen: 258624K->64K(248832K)] 260515K->1955K(423936K), 0,0004930 secs] [Times: user=0,00 sys=0,00, real=0,00 secs] 
49,804: [GC (Allocation Failure) [PSYoungGen: 248384K->96K(239104K)] 250275K->1987K(414208K), 0,0004645 secs] [Times: user=0,00 sys=0,00, real=0,00 secs] 
49,846: [GC (Allocation Failure) [PSYoungGen: 238688K->64K(229888K)] 240579K->1955K(404992K), 0,0004475 secs] [Times: user=0,00 sys=0,00, real=0,00 secs] 
49,886: [GC (Allocation Failure) [PSYoungGen: 229440K->96K(275968K)] 231331K->1987K(451072K), 0,0004958 secs] [Times: user=0,00 sys=0,00, real=0,00 secs] 
49,934: [GC (Allocation Failure) [PSYoungGen: 275552K->96K(265216K)] 277443K->1987K(440320K), 0,0004958 secs] [Times: user=0,00 sys=0,00, real=0,00 secs] 
49,981: [GC (Allocation Failure) [PSYoungGen: 264800K->96K(254976K)] 266691K->1987K(430080K), 0,0004768 secs] [Times: user=0,00 sys=0,00, real=0,00 secs] 
50,026: [GC (Allocation Failure) [PSYoungGen: 254560K->96K(245248K)] 256451K->1987K(420352K), 0,0004923 secs] [Times: user=0,00 sys=0,00, real=0,00 secs] 
50,070: [GC (Allocation Failure) [PSYoungGen: 244832K->96K(236032K)] 246723K->1987K(411136K), 0,0004600 secs] [Times: user=0,00 sys=0,00, real=0,00 secs] 
50,115: [GC (Allocation Failure) [PSYoungGen: 235616K->96K(227328K)] 237507K->1987K(402432K), 0,0004658 secs] [Times: user=0,00 sys=0,00, real=0,00 secs] 
50,156: [GC (Allocation Failure) [PSYoungGen: 226912K->96K(218624K)] 228803K->1987K(393728K), 0,0004659 secs] [Times: user=0,00 sys=0,00, real=0,00 secs] 
50,194: [GC (Allocation Failure) [PSYoungGen: 218208K->64K(262656K)] 220099K->1955K(437760K), 0,0004763 secs] [Times: user=0,00 sys=0,00, real=0,00 secs] 
50,240: [GC (Allocation Failure) [PSYoungGen: 262208K->96K(315392K)] 264099K->1987K(490496K), 0,0004716 secs] [Times: user=0,00 sys=0,00, real=0,00 secs] 
50,302: [GC (Allocation Failure) [PSYoungGen: 314976K->96K(302592K)] 316867K->1987K(477696K), 0,0005187 secs] [Times: user=0,00 sys=0,00, real=0,00 secs] 
50,355: [GC (Allocation Failure) [PSYoungGen: 302176K->96K(290304K)] 304067K->2011K(465408K), 0,0005035 secs] [Times: user=0,00 sys=0,00, real=0,00 secs] 
50,405: [GC (Allocation Failure) [PSYoungGen: 289888K->96K(278528K)] 291803K->2011K(453632K), 0,0004900 secs] [Times: user=0,01 sys=0,00, real=0,00 secs] 
50,455: [GC (Allocation Failure) [PSYoungGen: 278112K->96K(267776K)] 280027K->2011K(442880K), 0,0005025 secs] [Times: user=0,01 sys=0,00, real=0,00 secs] 
50,502: [GC (Allocation Failure) [PSYoungGen: 267360K->96K(257536K)] 269275K->2011K(432640K), 0,0004755 secs] [Times: user=0,00 sys=0,00, real=0,00 secs] 
50,547: [GC (Allocation Failure) [PSYoungGen: 257120K->96K(247296K)] 259035K->2011K(422400K), 0,0004835 secs] [Times: user=0,00 sys=0,00, real=0,00 secs] 
50,591: [GC (Allocation Failure) [PSYoungGen: 246880K->96K(237568K)] 248795K->2011K(412672K), 0,0004797 secs] [Times: user=0,00 sys=0,00, real=0,00 secs] 
50,634: [GC (Allocation Failure) [PSYoungGen: 237152K->64K(228352K)] 239067K->1979K(403456K), 0,0004880 secs] [Times: user=0,01 sys=0,00, real=0,00 secs] 
50,674: [GC (Allocation Failure) [PSYoungGen: 227904K->64K(273920K)] 229819K->1979K(449024K), 0,0009573 secs] [Times: user=0,00 sys=0,00, real=0,00 secs] 
50,723: [GC (Allocation Failure) [PSYoungGen: 273472K->64K(328704K)] 275387K->1979K(503808K), 0,0004956 secs] [Times: user=0,00 sys=0,00, real=0,00 secs] 
50,781: [GC (Allocation Failure) [PSYoungGen: 328256K->96K(394752K)] 330171K->2011K(569856K), 0,0004978 secs] [Times: user=0,01 sys=0,00, real=0,00 secs] 
50,850: [GC (Allocation Failure) [PSYoungGen: 394336K->96K(377856K)] 396251K->2011K(552960K), 0,0004938 secs] [Times: user=0,00 sys=0,00, real=0,00 secs] 
50,916: [GC (Allocation Failure) [PSYoungGen: 377440K->96K(361984K)] 379355K->2011K(537088K), 0,0004909 secs] [Times: user=0,00 sys=0,00, real=0,00 secs] 
50,980: [GC (Allocation Failure) [PSYoungGen: 361568K->96K(347136K)] 363483K->2011K(522240K), 0,0005110 secs] [Times: user=0,01 sys=0,00, real=0,00 secs] 
51,041: [GC (Allocation Failure) [PSYoungGen: 346720K->64K(332800K)] 348635K->1979K(507904K), 0,0005763 secs] [Times: user=0,00 sys=0,00, real=0,00 secs] 
51,100: [GC (Allocation Failure) [PSYoungGen: 332352K->96K(318976K)] 334267K->2011K(494080K), 0,0004838 secs] [Times: user=0,00 sys=0,00, real=0,00 secs] 
51,156: [GC (Allocation Failure) [PSYoungGen: 318560K->96K(306176K)] 320475K->2011K(481280K), 0,0004794 secs] [Times: user=0,00 sys=0,00, real=0,00 secs] 
51,210: [GC (Allocation Failure) [PSYoungGen: 305760K->96K(293888K)] 307675K->2011K(468992K), 0,0005143 secs] [Times: user=0,00 sys=0,00, real=0,00 secs] 
51,263: [GC (Allocation Failure) [PSYoungGen: 293472K->96K(282112K)] 295387K->2011K(457216K), 0,0004820 secs] [Times: user=0,00 sys=0,00, real=0,00 secs] 
51,312: [GC (Allocation Failure) [PSYoungGen: 281696K->64K(270848K)] 283611K->1979K(445952K), 0,0004813 secs] [Times: user=0,00 sys=0,00, real=0,00 secs] 
51,360: [GC (Allocation Failure) [PSYoungGen: 270400K->96K(260096K)] 272315K->2011K(435200K), 0,0005070 secs] [Times: user=0,00 sys=0,00, real=0,00 secs] 
51,406: [GC (Allocation Failure) [PSYoungGen: 259680K->96K(249856K)] 261595K->2011K(424960K), 0,0004881 secs] [Times: user=0,01 sys=0,00, real=0,00 secs] 
51,450: [GC (Allocation Failure) [PSYoungGen: 249440K->96K(240128K)] 251355K->2011K(415232K), 0,0005050 secs] [Times: user=0,00 sys=0,00, real=0,00 secs] 
51,492: [GC (Allocation Failure) [PSYoungGen: 239712K->64K(230912K)] 241627K->1979K(406016K), 0,0004969 secs] [Times: user=0,00 sys=0,00, real=0,00 secs] 
51,533: [GC (Allocation Failure) [PSYoungGen: 230464K->96K(222208K)] 232379K->2011K(397312K), 0,0004812 secs] [Times: user=0,00 sys=0,00, real=0,00 secs] 
51,572: [GC (Allocation Failure) [PSYoungGen: 221792K->64K(266752K)] 223707K->1979K(441856K), 0,0004845 secs] [Times: user=0,00 sys=0,00, real=0,00 secs] 
51,619: [GC (Allocation Failure) [PSYoungGen: 266304K->64K(320000K)] 268219K->1979K(495104K), 0,0004994 secs] [Times: user=0,00 sys=0,00, real=0,00 secs] 
51,675: [GC (Allocation Failure) [PSYoungGen: 319552K->96K(307200K)] 321467K->2011K(482304K), 0,0005219 secs] [Times: user=0,00 sys=0,00, real=0,00 secs] 
51,729: [GC (Allocation Failure) [PSYoungGen: 306784K->96K(294912K)] 308699K->2011K(470016K), 0,0004759 secs] [Times: user=0,00 sys=0,00, real=0,00 secs] 
51,780: [GC (Allocation Failure) [PSYoungGen: 294496K->96K(283136K)] 296411K->2011K(458240K), 0,0004942 secs] [Times: user=0,00 sys=0,00, real=0,00 secs] 
51,830: [GC (Allocation Failure) [PSYoungGen: 282720K->96K(271872K)] 284635K->2011K(446976K), 0,0004706 secs] [Times: user=0,00 sys=0,00, real=0,00 secs] 
51,877: [GC (Allocation Failure) [PSYoungGen: 271456K->96K(261120K)] 273371K->2011K(436224K), 0,0004727 secs] [Times: user=0,00 sys=0,00, real=0,00 secs] 
51,923: [GC (Allocation Failure) [PSYoungGen: 260704K->96K(250880K)] 262619K->2011K(425984K), 0,0004811 secs] [Times: user=0,00 sys=0,00, real=0,00 secs] 
51,968: [GC (Allocation Failure) [PSYoungGen: 250464K->96K(241152K)] 252379K->2011K(416256K), 0,0005084 secs] [Times: user=0,00 sys=0,00, real=0,00 secs] 
52,010: [GC (Allocation Failure) [PSYoungGen: 240736K->64K(231936K)] 242651K->1979K(407040K), 0,0004986 secs] [Times: user=0,01 sys=0,00, real=0,00 secs] 
52,051: [GC (Allocation Failure) [PSYoungGen: 231488K->64K(223232K)] 233403K->1979K(398336K), 0,0004774 secs] [Times: user=0,00 sys=0,00, real=0,00 secs] 
52,091: [GC (Allocation Failure) [PSYoungGen: 222784K->96K(267776K)] 224699K->2011K(442880K), 0,0004722 secs] [Times: user=0,00 sys=0,00, real=0,00 secs] 
52,138: [GC (Allocation Failure) [PSYoungGen: 267360K->64K(257536K)] 269275K->1979K(432640K), 0,0004885 secs] [Times: user=0,00 sys=0,00, real=0,00 secs] 
52,183: [GC (Allocation Failure) [PSYoungGen: 257088K->96K(247296K)] 259003K->2011K(422400K), 0,0004837 secs] [Times: user=0,00 sys=0,00, real=0,00 secs] 
52,227: [GC (Allocation Failure) [PSYoungGen: 246880K->64K(296960K)] 248795K->1979K(472064K), 0,0005025 secs] [Times: user=0,00 sys=0,00, real=0,00 secs] 
52,279: [GC (Allocation Failure) [PSYoungGen: 296512K->64K(285184K)] 298427K->1979K(460288K), 0,0004935 secs] [Times: user=0,00 sys=0,00, real=0,00 secs] 
52,328: [GC (Allocation Failure) [PSYoungGen: 284736K->96K(273920K)] 286651K->2011K(449024K), 0,0004736 secs] [Times: user=0,00 sys=0,00, real=0,00 secs] 
52,376: [GC (Allocation Failure) [PSYoungGen: 273504K->96K(263168K)] 275419K->2011K(438272K), 0,0004657 secs] [Times: user=0,01 sys=0,00, real=0,00 secs] 
52,422: [GC (Allocation Failure) [PSYoungGen: 262752K->96K(252928K)] 264667K->2011K(428032K), 0,0004735 secs] [Times: user=0,00 sys=0,00, real=0,00 secs] 
52,467: [GC (Allocation Failure) [PSYoungGen: 252512K->96K(243200K)] 254427K->2011K(418304K), 0,0005279 secs] [Times: user=0,00 sys=0,00, real=0,00 secs] 
52,510: [GC (Allocation Failure) [PSYoungGen: 242784K->96K(233984K)] 244699K->2011K(409088K), 0,0004784 secs] [Times: user=0,00 sys=0,00, real=0,00 secs] 
52,551: [GC (Allocation Failure) [PSYoungGen: 233568K->96K(225280K)] 235483K->2011K(400384K), 0,0004770 secs] [Times: user=0,00 sys=0,00, real=0,00 secs] 
52,590: [GC (Allocation Failure) [PSYoungGen: 224864K->64K(270336K)] 226779K->1979K(445440K), 0,0004872 secs] [Times: user=0,00 sys=0,00, real=0,00 secs] 
52,638: [GC (Allocation Failure) [PSYoungGen: 269888K->64K(259584K)] 271803K->1979K(434688K), 0,0004736 secs] [Times: user=0,00 sys=0,00, real=0,01 secs] 
52,683: [GC (Allocation Failure) [PSYoungGen: 259136K->96K(249344K)] 261051K->2011K(424448K), 0,0004759 secs] [Times: user=0,01 sys=0,00, real=0,00 secs] 
52,727: [GC (Allocation Failure) [PSYoungGen: 248928K->64K(239616K)] 250843K->1979K(414720K), 0,0005018 secs] [Times: user=0,00 sys=0,00, real=0,00 secs] 
52,770: [GC (Allocation Failure) [PSYoungGen: 239168K->96K(287744K)] 241083K->2011K(462848K), 0,0004838 secs] [Times: user=0,00 sys=0,00, real=0,00 secs] 
52,821: [GC (Allocation Failure) [PSYoungGen: 287328K->96K(276480K)] 289243K->2011K(451584K), 0,0004788 secs] [Times: user=0,00 sys=0,00, real=0,00 secs] 
52,869: [GC (Allocation Failure) [PSYoungGen: 276064K->96K(265728K)] 277979K->2011K(440832K), 0,0004855 secs] [Times: user=0,00 sys=0,00, real=0,00 secs] 
52,915: [GC (Allocation Failure) [PSYoungGen: 265312K->64K(255488K)] 267227K->1979K(430592K), 0,0004754 secs] [Times: user=0,00 sys=0,00, real=0,00 secs] 
52,961: [GC (Allocation Failure) [PSYoungGen: 255040K->64K(306688K)] 256955K->1979K(481792K), 0,0007955 secs] [Times: user=0,01 sys=0,00, real=0,00 secs] 
53,016: [GC (Allocation Failure) [PSYoungGen: 306240K->96K(368128K)] 308155K->2011K(543232K), 0,0005040 secs] [Times: user=0,00 sys=0,00, real=0,00 secs] 
53,080: [GC (Allocation Failure) [PSYoungGen: 367712K->64K(352768K)] 369627K->1979K(527872K), 0,0004810 secs] [Times: user=0,01 sys=0,00, real=0,00 secs] 
53,142: [GC (Allocation Failure) [PSYoungGen: 352320K->96K(337920K)] 354235K->2011K(513024K), 0,0004833 secs] [Times: user=0,00 sys=0,00, real=0,00 secs] 
53,201: [GC (Allocation Failure) [PSYoungGen: 337504K->64K(324096K)] 339419K->1979K(499200K), 0,0004975 secs] [Times: user=0,00 sys=0,00, real=0,00 secs] 
53,257: [GC (Allocation Failure) [PSYoungGen: 323648K->96K(310784K)] 325563K->2011K(485888K), 0,0004979 secs] [Times: user=0,00 sys=0,00, real=0,00 secs] 
53,314: [GC (Allocation Failure) [PSYoungGen: 310368K->96K(297984K)] 312283K->2011K(473088K), 0,0005115 secs] [Times: user=0,00 sys=0,00, real=0,00 secs] 
53,366: [GC (Allocation Failure) [PSYoungGen: 297568K->96K(286208K)] 299483K->2011K(461312K), 0,0005074 secs] [Times: user=0,00 sys=0,00, real=0,00 secs] 
53,416: [GC (Allocation Failure) [PSYoungGen: 285792K->64K(274944K)] 287707K->1979K(450048K), 0,0004617 secs] [Times: user=0,00 sys=0,00, real=0,00 secs] 
53,465: [GC (Allocation Failure) [PSYoungGen: 274496K->96K(264192K)] 276411K->2011K(439296K), 0,0005440 secs] [Times: user=0,00 sys=0,00, real=0,00 secs] 
53,511: [GC (Allocation Failure) [PSYoungGen: 263776K->96K(253952K)] 265691K->2011K(429056K), 0,0004824 secs] [Times: user=0,00 sys=0,00, real=0,00 secs] 
53,556: [GC (Allocation Failure) [PSYoungGen: 253536K->64K(244224K)] 255451K->1979K(419328K), 0,0004621 secs] [Times: user=0,01 sys=0,00, real=0,00 secs] 
53,599: [GC (Allocation Failure) [PSYoungGen: 243776K->64K(235008K)] 245691K->1979K(410112K), 0,0004970 secs] [Times: user=0,00 sys=0,00, real=0,00 secs] 
53,641: [GC (Allocation Failure) [PSYoungGen: 234560K->64K(226304K)] 236475K->1979K(401408K), 0,0004921 secs] [Times: user=0,00 sys=0,00, real=0,00 secs] 
53,681: [GC (Allocation Failure) [PSYoungGen: 225856K->96K(271872K)] 227771K->2011K(446976K), 0,0004708 secs] [Times: user=0,00 sys=0,00, real=0,00 secs] 
53,728: [GC (Allocation Failure) [PSYoungGen: 271456K->96K(261120K)] 273371K->2011K(436224K), 0,0004550 secs] [Times: user=0,00 sys=0,00, real=0,00 secs] 
53,775: [GC (Allocation Failure) [PSYoungGen: 260704K->96K(250880K)] 262619K->2011K(425984K), 0,0005082 secs] [Times: user=0,00 sys=0,00, real=0,00 secs] 
53,820: [GC (Allocation Failure) [PSYoungGen: 250464K->64K(241152K)] 252379K->1979K(416256K), 0,0004691 secs] [Times: user=0,00 sys=0,00, real=0,00 secs] 
53,863: [GC (Allocation Failure) [PSYoungGen: 240704K->96K(231936K)] 242619K->2011K(407040K), 0,0004460 secs] [Times: user=0,01 sys=0,00, real=0,00 secs] 
53,905: [GC (Allocation Failure) [PSYoungGen: 231520K->96K(223232K)] 233435K->2011K(398336K), 0,0004469 secs] [Times: user=0,00 sys=0,00, real=0,00 secs] 
53,944: [GC (Allocation Failure) [PSYoungGen: 222816K->96K(267776K)] 224731K->2011K(442880K), 0,0004953 secs] [Times: user=0,00 sys=0,00, real=0,00 secs] 
53,991: [GC (Allocation Failure) [PSYoungGen: 267360K->96K(321536K)] 269275K->2011K(496640K), 0,0004924 secs] [Times: user=0,01 sys=0,00, real=0,00 secs] 
54,048: [GC (Allocation Failure) [PSYoungGen: 321120K->96K(308224K)] 323035K->2011K(483328K), 0,0004833 secs] [Times: user=0,00 sys=0,00, real=0,01 secs] 
54,101: [GC (Allocation Failure) [PSYoungGen: 307808K->96K(295936K)] 309723K->2011K(471040K), 0,0004674 secs] [Times: user=0,00 sys=0,00, real=0,00 secs] 
54,153: [GC (Allocation Failure) [PSYoungGen: 295520K->96K(284160K)] 297435K->2011K(459264K), 0,0004595 secs] [Times: user=0,00 sys=0,00, real=0,00 secs] 
54,203: [GC (Allocation Failure) [PSYoungGen: 283744K->96K(272896K)] 285659K->2011K(448000K), 0,0004644 secs] [Times: user=0,00 sys=0,00, real=0,00 secs] 
54,251: [GC (Allocation Failure) [PSYoungGen: 272480K->64K(262144K)] 274395K->1979K(437248K), 0,0004684 secs] [Times: user=0,00 sys=0,00, real=0,00 secs] 
54,297: [GC (Allocation Failure) [PSYoungGen: 261696K->96K(251904K)] 263611K->2011K(427008K), 0,0004823 secs] [Times: user=0,00 sys=0,00, real=0,00 secs] 
54,341: [GC (Allocation Failure) [PSYoungGen: 251488K->64K(242176K)] 253403K->1979K(417280K), 0,0004737 secs] [Times: user=0,00 sys=0,00, real=0,00 secs] 
54,384: [GC (Allocation Failure) [PSYoungGen: 241728K->96K(232960K)] 243643K->2011K(408064K), 0,0005053 secs] [Times: user=0,00 sys=0,00, real=0,00 secs] 
54,424: [GC (Allocation Failure) [PSYoungGen: 232544K->64K(224256K)] 234459K->1979K(399360K), 0,0004847 secs] [Times: user=0,00 sys=0,00, real=0,00 secs] 
54,464: [GC (Allocation Failure) [PSYoungGen: 223808K->96K(269312K)] 225723K->2011K(444416K), 0,0004847 secs] [Times: user=0,00 sys=0,00, real=0,00 secs] 
54,511: [GC (Allocation Failure) [PSYoungGen: 268896K->64K(258560K)] 270811K->1979K(433664K), 0,0004622 secs] [Times: user=0,00 sys=0,00, real=0,00 secs] 
54,556: [GC (Allocation Failure) [PSYoungGen: 258112K->96K(248320K)] 260027K->2011K(423424K), 0,0004806 secs] [Times: user=0,01 sys=0,00, real=0,00 secs] 
54,600: [GC (Allocation Failure) [PSYoungGen: 247904K->96K(238592K)] 249819K->2011K(413696K), 0,0004615 secs] [Times: user=0,00 sys=0,00, real=0,00 secs] 
54,642: [GC (Allocation Failure) [PSYoungGen: 238176K->96K(229376K)] 240091K->2011K(404480K), 0,0004466 secs] [Times: user=0,00 sys=0,00, real=0,00 secs] 
54,683: [GC (Allocation Failure) [PSYoungGen: 228960K->32K(275456K)] 230875K->1947K(450560K), 0,0004794 secs] [Times: user=0,00 sys=0,00, real=0,00 secs] 
54,733: [GC (Allocation Failure) [PSYoungGen: 274976K->96K(264704K)] 276891K->2011K(439808K), 0,0004746 secs] [Times: user=0,00 sys=0,00, real=0,00 secs] 
54,779: [GC (Allocation Failure) [PSYoungGen: 264288K->96K(254464K)] 266203K->2011K(429568K), 0,0004769 secs] [Times: user=0,00 sys=0,00, real=0,00 secs] 
54,823: [GC (Allocation Failure) [PSYoungGen: 254048K->64K(244736K)] 255963K->1979K(419840K), 0,0004631 secs] [Times: user=0,01 sys=0,00, real=0,00 secs] 
54,867: [GC (Allocation Failure) [PSYoungGen: 244288K->64K(235520K)] 246203K->1979K(410624K), 0,0004885 secs] [Times: user=0,00 sys=0,00, real=0,00 secs] 
54,909: [GC (Allocation Failure) [PSYoungGen: 235072K->96K(282624K)] 236987K->2011K(457728K), 0,0005082 secs] [Times: user=0,00 sys=0,00, real=0,00 secs] 
54,959: [GC (Allocation Failure) [PSYoungGen: 282208K->96K(271360K)] 284123K->2011K(446464K), 0,0005012 secs] [Times: user=0,00 sys=0,00, real=0,00 secs] 
55,007: [GC (Allocation Failure) [PSYoungGen: 270944K->96K(260608K)] 272859K->2011K(435712K), 0,0004818 secs] [Times: user=0,00 sys=0,00, real=0,00 secs] 
55,053: [GC (Allocation Failure) [PSYoungGen: 260192K->64K(250368K)] 262107K->1979K(425472K), 0,0004494 secs] [Times: user=0,00 sys=0,00, real=0,00 secs] 
55,098: [GC (Allocation Failure) [PSYoungGen: 249920K->96K(240640K)] 251835K->2011K(415744K), 0,0004785 secs] [Times: user=0,00 sys=0,00, real=0,00 secs] 
55,140: [GC (Allocation Failure) [PSYoungGen: 240224K->64K(231424K)] 242139K->1979K(406528K), 0,0004608 secs] [Times: user=0,00 sys=0,00, real=0,00 secs] 
55,181: [GC (Allocation Failure) [PSYoungGen: 230976K->64K(222720K)] 232891K->1979K(397824K), 0,0004624 secs] [Times: user=0,00 sys=0,00, real=0,00 secs] 
55,220: [GC (Allocation Failure) [PSYoungGen: 222272K->96K(267264K)] 224187K->2011K(442368K), 0,0004508 secs] [Times: user=0,00 sys=0,00, real=0,00 secs] 
55,267: [GC (Allocation Failure) [PSYoungGen: 266848K->96K(257024K)] 268763K->2011K(432128K), 0,0004870 secs] [Times: user=0,00 sys=0,00, real=0,00 secs] 
55,312: [GC (Allocation Failure) [PSYoungGen: 256608K->96K(247296K)] 258523K->2011K(422400K), 0,0004792 secs] [Times: user=0,00 sys=0,00, real=0,00 secs] 
55,355: [GC (Allocation Failure) [PSYoungGen: 246880K->64K(237568K)] 248795K->1979K(412672K), 0,0004691 secs] [Times: user=0,00 sys=0,00, real=0,00 secs] 
55,397: [GC (Allocation Failure) [PSYoungGen: 237120K->96K(285184K)] 239035K->2011K(460288K), 0,0004705 secs] [Times: user=0,00 sys=0,00, real=0,01 secs] 
55,448: [GC (Allocation Failure) [PSYoungGen: 284768K->96K(273920K)] 286683K->2011K(449024K), 0,0005162 secs] [Times: user=0,00 sys=0,00, real=0,00 secs] 
55,497: [GC (Allocation Failure) [PSYoungGen: 273504K->96K(263168K)] 275419K->2011K(438272K), 0,0004887 secs] [Times: user=0,00 sys=0,00, real=0,00 secs] 
55,544: [GC (Allocation Failure) [PSYoungGen: 262752K->96K(252928K)] 264667K->2011K(428032K), 0,0004799 secs] [Times: user=0,00 sys=0,00, real=0,00 secs] 
55,589: [GC (Allocation Failure) [PSYoungGen: 252512K->96K(243200K)] 254427K->2011K(418304K), 0,0005018 secs] [Times: user=0,00 sys=0,00, real=0,00 secs] 
55,633: [GC (Allocation Failure) [PSYoungGen: 242784K->96K(233984K)] 244699K->2011K(409088K), 0,0004942 secs] [Times: user=0,00 sys=0,00, real=0,00 secs] 
55,675: [GC (Allocation Failure) [PSYoungGen: 233568K->96K(281088K)] 235483K->2011K(456192K), 0,0004751 secs] [Times: user=0,00 sys=0,00, real=0,00 secs] 
55,726: [GC (Allocation Failure) [PSYoungGen: 280672K->64K(269824K)] 282587K->1979K(444928K), 0,0005008 secs] [Times: user=0,00 sys=0,00, real=0,00 secs] 
55,775: [GC (Allocation Failure) [PSYoungGen: 269376K->96K(259072K)] 271291K->2011K(434176K), 0,0004864 secs] [Times: user=0,00 sys=0,00, real=0,00 secs] 
55,821: [GC (Allocation Failure) [PSYoungGen: 258656K->96K(248832K)] 260571K->2011K(423936K), 0,0004578 secs] [Times: user=0,00 sys=0,00, real=0,00 secs] 
55,866: [GC (Allocation Failure) [PSYoungGen: 248416K->96K(239104K)] 250331K->2011K(414208K), 0,0004578 secs] [Times: user=0,00 sys=0,00, real=0,00 secs] 
55,909: [GC (Allocation Failure) [PSYoungGen: 238688K->96K(229888K)] 240603K->2011K(404992K), 0,0005353 secs] [Times: user=0,00 sys=0,00, real=0,00 secs] 
55,950: [GC (Allocation Failure) [PSYoungGen: 229472K->96K(275968K)] 231387K->2011K(451072K), 0,0005417 secs] [Times: user=0,01 sys=0,00, real=0,00 secs] 
56,000: [GC (Allocation Failure) [PSYoungGen: 275552K->96K(331264K)] 277467K->2011K(506368K), 0,0004918 secs] [Times: user=0,01 sys=0,00, real=0,00 secs] 
56,060: [GC (Allocation Failure) [PSYoungGen: 330848K->96K(317952K)] 332763K->2011K(493056K), 0,0004677 secs] [Times: user=0,01 sys=0,00, real=0,00 secs] 
56,117: [GC (Allocation Failure) [PSYoungGen: 317536K->96K(305152K)] 319451K->2011K(480256K), 0,0004716 secs] [Times: user=0,00 sys=0,00, real=0,00 secs] 
56,171: [GC (Allocation Failure) [PSYoungGen: 304736K->96K(292864K)] 306651K->2011K(467968K), 0,0004765 secs] [Times: user=0,00 sys=0,00, real=0,00 secs] 
56,224: [GC (Allocation Failure) [PSYoungGen: 292448K->96K(281088K)] 294363K->2011K(456192K), 0,0004931 secs] [Times: user=0,00 sys=0,01, real=0,00 secs] 
56,274: [GC (Allocation Failure) [PSYoungGen: 280672K->96K(269824K)] 282587K->2011K(444928K), 0,0004768 secs] [Times: user=0,00 sys=0,00, real=0,00 secs] 
56,321: [GC (Allocation Failure) [PSYoungGen: 269408K->96K(259072K)] 271323K->2011K(434176K), 0,0004705 secs] [Times: user=0,00 sys=0,00, real=0,00 secs] 
56,367: [GC (Allocation Failure) [PSYoungGen: 258656K->96K(248832K)] 260571K->2011K(423936K), 0,0004672 secs] [Times: user=0,01 sys=0,00, real=0,00 secs] 
56,412: [GC (Allocation Failure) [PSYoungGen: 248416K->96K(239104K)] 250331K->2011K(414208K), 0,0005357 secs] [Times: user=0,00 sys=0,00, real=0,00 secs] 
56,455: [GC (Allocation Failure) [PSYoungGen: 238688K->64K(229888K)] 240603K->1979K(404992K), 0,0004876 secs] [Times: user=0,00 sys=0,00, real=0,00 secs] 
56,496: [GC (Allocation Failure) [PSYoungGen: 229440K->96K(275968K)] 231355K->2011K(451072K), 0,0004909 secs] [Times: user=0,00 sys=0,00, real=0,00 secs] 
56,545: [GC (Allocation Failure) [PSYoungGen: 275552K->96K(265216K)] 277467K->2011K(440320K), 0,0004781 secs] [Times: user=0,01 sys=0,00, real=0,00 secs] 
56,592: [GC (Allocation Failure) [PSYoungGen: 264800K->96K(254976K)] 266715K->2011K(430080K), 0,0004600 secs] [Times: user=0,00 sys=0,00, real=0,00 secs] 
56,637: [GC (Allocation Failure) [PSYoungGen: 254560K->96K(245248K)] 256475K->2011K(420352K), 0,0004644 secs] [Times: user=0,00 sys=0,00, real=0,00 secs] 
56,680: [GC (Allocation Failure) [PSYoungGen: 244832K->64K(236032K)] 246747K->1979K(411136K), 0,0004708 secs] [Times: user=0,00 sys=0,00, real=0,00 secs] 
56,721: [GC (Allocation Failure) [PSYoungGen: 235584K->96K(227328K)] 237499K->2011K(402432K), 0,0004608 secs] [Times: user=0,00 sys=0,00, real=0,00 secs] 
56,761: [GC (Allocation Failure) [PSYoungGen: 226912K->64K(272896K)] 228827K->1979K(448000K), 0,0004681 secs] [Times: user=0,00 sys=0,00, real=0,00 secs] 
56,809: [GC (Allocation Failure) [PSYoungGen: 272448K->64K(262144K)] 274363K->1979K(437248K), 0,0004720 secs] [Times: user=0,00 sys=0,00, real=0,00 secs] 
56,854: [GC (Allocation Failure) [PSYoungGen: 261696K->96K(251904K)] 263611K->2011K(427008K), 0,0004505 secs] [Times: user=0,00 sys=0,00, real=0,00 secs] 
56,899: [GC (Allocation Failure) [PSYoungGen: 251488K->64K(242176K)] 253403K->1979K(417280K), 0,0004622 secs] [Times: user=0,00 sys=0,00, real=0,00 secs] 
56,941: [GC (Allocation Failure) [PSYoungGen: 241728K->96K(232960K)] 243643K->2011K(408064K), 0,0005042 secs] [Times: user=0,01 sys=0,00, real=0,00 secs] 
56,982: [GC (Allocation Failure) [PSYoungGen: 232544K->96K(279552K)] 234459K->2011K(454656K), 0,0004902 secs] [Times: user=0,00 sys=0,00, real=0,00 secs] 
57,032: [GC (Allocation Failure) [PSYoungGen: 279135K->96K(268288K)] 281051K->2011K(443392K), 0,0004822 secs] [Times: user=0,00 sys=0,00, real=0,00 secs] 
57,079: [GC (Allocation Failure) [PSYoungGen: 267872K->96K(257536K)] 269787K->2011K(432640K), 0,0004593 secs] [Times: user=0,00 sys=0,00, real=0,00 secs] 
57,124: [GC (Allocation Failure) [PSYoungGen: 257120K->96K(247296K)] 259035K->2011K(422400K), 0,0004789 secs] [Times: user=0,00 sys=0,00, real=0,00 secs] 
57,168: [GC (Allocation Failure) [PSYoungGen: 246880K->64K(237568K)] 248795K->1979K(412672K), 0,0004612 secs] [Times: user=0,00 sys=0,00, real=0,01 secs] 
57,209: [GC (Allocation Failure) [PSYoungGen: 237120K->96K(228352K)] 239035K->2011K(403456K), 0,0004660 secs] [Times: user=0,00 sys=0,00, real=0,00 secs] 
57,250: [GC (Allocation Failure) [PSYoungGen: 227936K->64K(273920K)] 229851K->1979K(449024K), 0,0004856 secs] [Times: user=0,00 sys=0,00, real=0,00 secs] 
57,298: [GC (Allocation Failure) [PSYoungGen: 273472K->96K(263168K)] 275387K->2011K(438272K), 0,0004892 secs] [Times: user=0,01 sys=0,00, real=0,01 secs] 
57,343: [GC (Allocation Failure) [PSYoungGen: 262752K->32K(252928K)] 264667K->1947K(428032K), 0,0004553 secs] [Times: user=0,00 sys=0,00, real=0,00 secs] 
57,388: [GC (Allocation Failure) [PSYoungGen: 252448K->96K(243200K)] 254363K->2011K(418304K), 0,0004930 secs] [Times: user=0,00 sys=0,00, real=0,00 secs] 
57,431: [GC (Allocation Failure) [PSYoungGen: 242784K->96K(233984K)] 244699K->2011K(409088K), 0,0005027 secs] [Times: user=0,00 sys=0,00, real=0,00 secs] 
57,473: [GC (Allocation Failure) [PSYoungGen: 233568K->96K(281088K)] 235483K->2011K(456192K), 0,0004589 secs] [Times: user=0,00 sys=0,00, real=0,00 secs] 
57,523: [GC (Allocation Failure) [PSYoungGen: 280672K->96K(269824K)] 282587K->2011K(444928K), 0,0004884 secs] [Times: user=0,00 sys=0,00, real=0,00 secs] 
57,570: [GC (Allocation Failure) [PSYoungGen: 269408K->96K(259072K)] 271323K->2011K(434176K), 0,0004621 secs] [Times: user=0,00 sys=0,00, real=0,00 secs] 
57,616: [GC (Allocation Failure) [PSYoungGen: 258656K->96K(248832K)] 260571K->2011K(423936K), 0,0004783 secs] [Times: user=0,00 sys=0,00, real=0,00 secs] 
57,661: [GC (Allocation Failure) [PSYoungGen: 248416K->64K(239104K)] 250331K->1979K(414208K), 0,0004703 secs] [Times: user=0,00 sys=0,00, real=0,00 secs] 
57,703: [GC (Allocation Failure) [PSYoungGen: 238656K->96K(229888K)] 240571K->2011K(404992K), 0,0004774 secs] [Times: user=0,01 sys=0,00, real=0,00 secs] 
57,743: [GC (Allocation Failure) [PSYoungGen: 229472K->96K(275968K)] 231387K->2011K(451072K), 0,0004527 secs] [Times: user=0,00 sys=0,00, real=0,00 secs] 
57,791: [GC (Allocation Failure) [PSYoungGen: 275552K->128K(265216K)] 277467K->2043K(440320K), 0,0004630 secs] [Times: user=0,00 sys=0,00, real=0,00 secs] 
57,837: [GC (Allocation Failure) [PSYoungGen: 264832K->64K(254976K)] 266747K->1979K(430080K), 0,0004691 secs] [Times: user=0,00 sys=0,00, real=0,00 secs] 
57,882: [GC (Allocation Failure) [PSYoungGen: 254528K->96K(245248K)] 256443K->2011K(420352K), 0,0004554 secs] [Times: user=0,00 sys=0,00, real=0,00 secs] 
57,925: [GC (Allocation Failure) [PSYoungGen: 244832K->96K(236032K)] 246747K->2011K(411136K), 0,0004611 secs] [Times: user=0,00 sys=0,00, real=0,00 secs] 
57,971: [GC (Allocation Failure) [PSYoungGen: 235616K->64K(227328K)] 237531K->1979K(402432K), 0,0004964 secs] [Times: user=0,00 sys=0,00, real=0,00 secs] 
58,011: [GC (Allocation Failure) [PSYoungGen: 226880K->96K(272896K)] 228795K->2011K(448000K), 0,0004841 secs] [Times: user=0,00 sys=0,00, real=0,00 secs] 
58,059: [GC (Allocation Failure) [PSYoungGen: 272480K->96K(262144K)] 274395K->2011K(437248K), 0,0004846 secs] [Times: user=0,00 sys=0,00, real=0,00 secs] 
58,104: [GC (Allocation Failure) [PSYoungGen: 261728K->64K(251904K)] 263643K->1979K(427008K), 0,0004573 secs] [Times: user=0,00 sys=0,00, real=0,00 secs] 
58,149: [GC (Allocation Failure) [PSYoungGen: 251456K->96K(242176K)] 253371K->2011K(417280K), 0,0004785 secs] [Times: user=0,01 sys=0,00, real=0,00 secs] 
58,191: [GC (Allocation Failure) [PSYoungGen: 241760K->32K(232960K)] 243675K->1947K(408064K), 0,0004669 secs] [Times: user=0,00 sys=0,00, real=0,00 secs] 
58,232: [GC (Allocation Failure) [PSYoungGen: 232480K->96K(279552K)] 234395K->2011K(454656K), 0,0004582 secs] [Times: user=0,00 sys=0,00, real=0,00 secs] 
58,281: [GC (Allocation Failure) [PSYoungGen: 279136K->96K(268288K)] 281051K->2011K(443392K), 0,0004801 secs] [Times: user=0,00 sys=0,00, real=0,00 secs] 
58,328: [GC (Allocation Failure) [PSYoungGen: 267872K->96K(257536K)] 269787K->2011K(432640K), 0,0004790 secs] [Times: user=0,00 sys=0,00, real=0,01 secs] 
58,373: [GC (Allocation Failure) [PSYoungGen: 257120K->96K(247296K)] 259035K->2011K(422400K), 0,0004650 secs] [Times: user=0,00 sys=0,00, real=0,00 secs] 
58,418: [GC (Allocation Failure) [PSYoungGen: 246880K->96K(237568K)] 248795K->2011K(412672K), 0,0004613 secs] [Times: user=0,00 sys=0,00, real=0,01 secs] 
58,461: [GC (Allocation Failure) [PSYoungGen: 237152K->96K(228352K)] 239067K->2011K(403456K), 0,0005145 secs] [Times: user=0,00 sys=0,00, real=0,00 secs] 
58,502: [GC (Allocation Failure) [PSYoungGen: 227936K->64K(273920K)] 229851K->1979K(449024K), 0,0004769 secs] [Times: user=0,00 sys=0,00, real=0,00 secs] 
58,550: [GC (Allocation Failure) [PSYoungGen: 273472K->128K(263168K)] 275387K->2043K(438272K), 0,0004858 secs] [Times: user=0,00 sys=0,00, real=0,00 secs] 
58,596: [GC (Allocation Failure) [PSYoungGen: 262784K->64K(252928K)] 264699K->1979K(428032K), 0,0004791 secs] [Times: user=0,00 sys=0,00, real=0,00 secs] 
58,640: [GC (Allocation Failure) [PSYoungGen: 252480K->64K(243200K)] 254395K->1979K(418304K), 0,0004606 secs] [Times: user=0,00 sys=0,00, real=0,00 secs] 
58,685: [GC (Allocation Failure) [PSYoungGen: 242752K->96K(233984K)] 244667K->2011K(409088K), 0,0005042 secs] [Times: user=0,00 sys=0,00, real=0,00 secs] 
58,726: [GC (Allocation Failure) [PSYoungGen: 233568K->96K(281088K)] 235483K->2011K(456192K), 0,0004675 secs] [Times: user=0,00 sys=0,00, real=0,00 secs] 
58,776: [GC (Allocation Failure) [PSYoungGen: 280672K->96K(269824K)] 282587K->2011K(444928K), 0,0004802 secs] [Times: user=0,00 sys=0,00, real=0,00 secs] 
58,823: [GC (Allocation Failure) [PSYoungGen: 269408K->64K(259072K)] 271323K->1979K(434176K), 0,0004612 secs] [Times: user=0,00 sys=0,00, real=0,00 secs] 
58,868: [GC (Allocation Failure) [PSYoungGen: 258624K->96K(248832K)] 260539K->2011K(423936K), 0,0004637 secs] [Times: user=0,00 sys=0,00, real=0,01 secs] 
58,912: [GC (Allocation Failure) [PSYoungGen: 248416K->96K(239104K)] 250331K->2011K(414208K), 0,0005066 secs] [Times: user=0,00 sys=0,00, real=0,00 secs] 
58,954: [GC (Allocation Failure) [PSYoungGen: 238688K->96K(229888K)] 240603K->2011K(404992K), 0,0005072 secs] [Times: user=0,00 sys=0,00, real=0,00 secs] 
58,995: [GC (Allocation Failure) [PSYoungGen: 229472K->96K(275968K)] 231387K->2011K(451072K), 0,0004592 secs] [Times: user=0,00 sys=0,00, real=0,00 secs] 
59,043: [GC (Allocation Failure) [PSYoungGen: 275552K->96K(265216K)] 277467K->2011K(440320K), 0,0004605 secs] [Times: user=0,00 sys=0,01, real=0,00 secs] 
59,090: [GC (Allocation Failure) [PSYoungGen: 264800K->96K(254976K)] 266715K->2011K(430080K), 0,0004661 secs] [Times: user=0,00 sys=0,00, real=0,00 secs] 
59,136: [GC (Allocation Failure) [PSYoungGen: 254560K->96K(245248K)] 256475K->2011K(420352K), 0,0004748 secs] [Times: user=0,00 sys=0,00, real=0,00 secs] 
59,180: [GC (Allocation Failure) [PSYoungGen: 244832K->64K(236032K)] 246747K->1979K(411136K), 0,0004717 secs] [Times: user=0,00 sys=0,00, real=0,00 secs] 
59,222: [GC (Allocation Failure) [PSYoungGen: 235584K->96K(227328K)] 237499K->2011K(402432K), 0,0004803 secs] [Times: user=0,00 sys=0,00, real=0,00 secs] 
59,262: [GC (Allocation Failure) [PSYoungGen: 226912K->64K(272896K)] 228827K->1979K(448000K), 0,0004674 secs] [Times: user=0,00 sys=0,00, real=0,00 secs] 
59,310: [GC (Allocation Failure) [PSYoungGen: 272448K->64K(262144K)] 274363K->1979K(437248K), 0,0004835 secs] [Times: user=0,00 sys=0,00, real=0,00 secs] 
59,356: [GC (Allocation Failure) [PSYoungGen: 261696K->64K(251904K)] 263611K->1979K(427008K), 0,0004577 secs] [Times: user=0,01 sys=0,00, real=0,00 secs] 
59,400: [GC (Allocation Failure) [PSYoungGen: 251456K->96K(242176K)] 253371K->2011K(417280K), 0,0005038 secs] [Times: user=0,00 sys=0,00, real=0,00 secs] 
59,443: [GC (Allocation Failure) [PSYoungGen: 241760K->64K(232960K)] 243675K->1979K(408064K), 0,0004635 secs] [Times: user=0,00 sys=0,00, real=0,00 secs] 
59,483: [GC (Allocation Failure) [PSYoungGen: 232512K->96K(279552K)] 234427K->2011K(454656K), 0,0004826 secs] [Times: user=0,00 sys=0,00, real=0,00 secs] 
59,533: [GC (Allocation Failure) [PSYoungGen: 279136K->96K(268288K)] 281051K->2011K(443392K), 0,0004498 secs] [Times: user=0,00 sys=0,00, real=0,00 secs] 
59,580: [GC (Allocation Failure) [PSYoungGen: 267872K->96K(257536K)] 269787K->2011K(432640K), 0,0004727 secs] [Times: user=0,00 sys=0,00, real=0,00 secs] 
59,625: [GC (Allocation Failure) [PSYoungGen: 257120K->64K(247296K)] 259035K->1979K(422400K), 0,0004650 secs] [Times: user=0,00 sys=0,00, real=0,00 secs] 
59,669: [GC (Allocation Failure) [PSYoungGen: 246848K->96K(237568K)] 248763K->2011K(412672K), 0,0004770 secs] [Times: user=0,00 sys=0,00, real=0,00 secs] 
59,710: [GC (Allocation Failure) [PSYoungGen: 237152K->96K(228352K)] 239067K->2011K(403456K), 0,0004680 secs] [Times: user=0,00 sys=0,00, real=0,00 secs] 
59,750: [GC (Allocation Failure) [PSYoungGen: 227936K->64K(273920K)] 229851K->1979K(449024K), 0,0010384 secs] [Times: user=0,01 sys=0,00, real=0,00 secs] 
59,799: [GC (Allocation Failure) [PSYoungGen: 273472K->96K(328704K)] 275387K->2011K(503808K), 0,0004794 secs] [Times: user=0,00 sys=0,00, real=0,00 secs] 
59,857: [GC (Allocation Failure) [PSYoungGen: 328287K->96K(394752K)] 330203K->2011K(569856K), 0,0004897 secs] [Times: user=0,00 sys=0,00, real=0,00 secs] 
59,928: [GC (Allocation Failure) [PSYoungGen: 394336K->96K(473600K)] 396251K->2011K(648704K), 0,0004942 secs] [Times: user=0,00 sys=0,00, real=0,01 secs] 
60,010: [GC (Allocation Failure) [PSYoungGen: 473184K->96K(453120K)] 475099K->2011K(628224K), 0,0005291 secs] [Times: user=0,00 sys=0,00, real=0,00 secs] 
60,090: [GC (Allocation Failure) [PSYoungGen: 452704K->64K(433664K)] 454619K->1979K(608768K), 0,0004788 secs] [Times: user=0,00 sys=0,00, real=0,00 secs] 
60,165: [GC (Allocation Failure) [PSYoungGen: 433216K->96K(415232K)] 435131K->2011K(590336K), 0,0004745 secs] [Times: user=0,00 sys=0,00, real=0,00 secs] 
60,237: [GC (Allocation Failure) [PSYoungGen: 414816K->96K(397824K)] 416731K->2011K(572928K), 0,0004714 secs] [Times: user=0,01 sys=0,00, real=0,01 secs] 
60,316: [GC (Allocation Failure) [PSYoungGen: 397408K->160K(380928K)] 399323K->2075K(556032K), 0,0005462 secs] [Times: user=0,00 sys=0,00, real=0,00 secs] 
60,382: [GC (Allocation Failure) [PSYoungGen: 380576K->96K(365056K)] 382491K->2043K(540160K), 0,0005221 secs] [Times: user=0,00 sys=0,00, real=0,00 secs] 
60,447: [GC (Allocation Failure) [PSYoungGen: 364640K->64K(349696K)] 366587K->2011K(524800K), 0,0005157 secs] [Times: user=0,00 sys=0,00, real=0,00 secs] 
60,511: [GC (Allocation Failure) [PSYoungGen: 349248K->96K(335360K)] 351195K->2043K(510464K), 0,0005261 secs] [Times: user=0,00 sys=0,00, real=0,00 secs] 
60,571: [GC (Allocation Failure) [PSYoungGen: 334944K->64K(321536K)] 336891K->2011K(496640K), 0,0005062 secs] [Times: user=0,00 sys=0,00, real=0,00 secs] 
60,629: [GC (Allocation Failure) [PSYoungGen: 321088K->96K(308224K)] 323035K->2043K(483328K), 0,0005263 secs] [Times: user=0,00 sys=0,00, real=0,00 secs] 
60,684: [GC (Allocation Failure) [PSYoungGen: 307808K->64K(295936K)] 309755K->2011K(471040K), 0,0004852 secs] [Times: user=0,00 sys=0,00, real=0,00 secs] 
60,736: [GC (Allocation Failure) [PSYoungGen: 295488K->96K(284160K)] 297435K->2043K(459264K), 0,0004928 secs] [Times: user=0,00 sys=0,00, real=0,00 secs] 
60,785: [GC (Allocation Failure) [PSYoungGen: 283744K->96K(272896K)] 285691K->2043K(448000K), 0,0004985 secs] [Times: user=0,00 sys=0,00, real=0,00 secs] 
60,833: [GC (Allocation Failure) [PSYoungGen: 272480K->64K(262144K)] 274427K->2011K(437248K), 0,0004896 secs] [Times: user=0,00 sys=0,00, real=0,00 secs] 
60,879: [GC (Allocation Failure) [PSYoungGen: 261696K->64K(251904K)] 263643K->2011K(427008K), 0,0004780 secs] [Times: user=0,00 sys=0,00, real=0,00 secs] 
60,923: [GC (Allocation Failure) [PSYoungGen: 251456K->96K(242176K)] 253403K->2043K(417280K), 0,0004847 secs] [Times: user=0,00 sys=0,00, real=0,00 secs] 
60,966: [GC (Allocation Failure) [PSYoungGen: 241760K->64K(232960K)] 243707K->2011K(408064K), 0,0005129 secs] [Times: user=0,00 sys=0,00, real=0,00 secs] 
61,007: [GC (Allocation Failure) [PSYoungGen: 232512K->96K(224256K)] 234459K->2043K(399360K), 0,0004931 secs] [Times: user=0,00 sys=0,00, real=0,00 secs] 
61,046: [GC (Allocation Failure) [PSYoungGen: 223840K->64K(269312K)] 225787K->2011K(444416K), 0,0004753 secs] [Times: user=0,00 sys=0,00, real=0,00 secs] 
61,093: [GC (Allocation Failure) [PSYoungGen: 268864K->96K(258560K)] 270811K->2043K(433664K), 0,0004771 secs] [Times: user=0,00 sys=0,00, real=0,00 secs] 
61,138: [GC (Allocation Failure) [PSYoungGen: 258144K->96K(248320K)] 260091K->2043K(423424K), 0,0004870 secs] [Times: user=0,00 sys=0,00, real=0,00 secs] 
61,182: [GC (Allocation Failure) [PSYoungGen: 247904K->96K(238592K)] 249851K->2043K(413696K), 0,0004742 secs] [Times: user=0,00 sys=0,00, real=0,00 secs] 
61,224: [GC (Allocation Failure) [PSYoungGen: 238176K->96K(286208K)] 240123K->2043K(461312K), 0,0004913 secs] [Times: user=0,00 sys=0,00, real=0,00 secs] 
61,274: [GC (Allocation Failure) [PSYoungGen: 285792K->64K(274944K)] 287739K->2011K(450048K), 0,0004835 secs] [Times: user=0,00 sys=0,00, real=0,00 secs] 
61,322: [GC (Allocation Failure) [PSYoungGen: 274496K->96K(264192K)] 276443K->2043K(439296K), 0,0004821 secs] [Times: user=0,00 sys=0,00, real=0,00 secs] 
61,369: [GC (Allocation Failure) [PSYoungGen: 263776K->96K(253952K)] 265723K->2043K(429056K), 0,0004958 secs] [Times: user=0,00 sys=0,00, real=0,00 secs] 
61,413: [GC (Allocation Failure) [PSYoungGen: 253536K->96K(244224K)] 255483K->2043K(419328K), 0,0004754 secs] [Times: user=0,00 sys=0,00, real=0,00 secs] 
61,457: [GC (Allocation Failure) [PSYoungGen: 243808K->96K(235008K)] 245755K->2043K(410112K), 0,0005268 secs] [Times: user=0,00 sys=0,01, real=0,00 secs] 
61,499: [GC (Allocation Failure) [PSYoungGen: 234592K->64K(282112K)] 236539K->2011K(457216K), 0,0010199 secs] [Times: user=0,00 sys=0,00, real=0,00 secs] 
61,550: [GC (Allocation Failure) [PSYoungGen: 281664K->96K(338432K)] 283611K->2043K(513536K), 0,0025395 secs] [Times: user=0,00 sys=0,00, real=0,00 secs] 
61,612: [GC (Allocation Failure) [PSYoungGen: 338016K->96K(406016K)] 339963K->2043K(581120K), 0,0005152 secs] [Times: user=0,00 sys=0,00, real=0,00 secs] 
61,683: [GC (Allocation Failure) [PSYoungGen: 405600K->96K(487424K)] 407547K->2043K(662528K), 0,0005057 secs] [Times: user=0,00 sys=0,00, real=0,00 secs] 
61,768: [GC (Allocation Failure) [PSYoungGen: 487008K->96K(466432K)] 488955K->2043K(641536K), 0,0005120 secs] [Times: user=0,00 sys=0,00, real=0,00 secs] 
61,851: [GC (Allocation Failure) [PSYoungGen: 466016K->64K(446464K)] 467963K->2011K(621568K), 0,0004839 secs] [Times: user=0,00 sys=0,00, real=0,00 secs] 
61,929: [GC (Allocation Failure) [PSYoungGen: 446016K->64K(427520K)] 447963K->2011K(602624K), 0,0005061 secs] [Times: user=0,00 sys=0,00, real=0,00 secs] 
62,005: [GC (Allocation Failure) [PSYoungGen: 427072K->64K(409088K)] 429019K->2011K(584192K), 0,0005382 secs] [Times: user=0,00 sys=0,00, real=0,00 secs] 
62,077: [GC (Allocation Failure) [PSYoungGen: 408640K->64K(391680K)] 410587K->2011K(566784K), 0,0005057 secs] [Times: user=0,00 sys=0,00, real=0,00 secs] 
62,146: [GC (Allocation Failure) [PSYoungGen: 391232K->96K(375296K)] 393179K->2043K(550400K), 0,0005184 secs] [Times: user=0,00 sys=0,00, real=0,00 secs] 
62,211: [GC (Allocation Failure) [PSYoungGen: 374880K->96K(359424K)] 376827K->2043K(534528K), 0,0005008 secs] [Times: user=0,01 sys=0,00, real=0,00 secs] 
62,274: [GC (Allocation Failure) [PSYoungGen: 359008K->96K(344576K)] 360955K->2043K(519680K), 0,0004999 secs] [Times: user=0,00 sys=0,00, real=0,00 secs] 
62,335: [GC (Allocation Failure) [PSYoungGen: 344160K->64K(330240K)] 346107K->2011K(505344K), 0,0004901 secs] [Times: user=0,00 sys=0,00, real=0,00 secs] 
62,392: [GC (Allocation Failure) [PSYoungGen: 329792K->64K(316928K)] 331739K->2011K(492032K), 0,0004926 secs] [Times: user=0,00 sys=0,00, real=0,00 secs] 
62,449: [GC (Allocation Failure) [PSYoungGen: 316480K->96K(304128K)] 318427K->2043K(479232K), 0,0005125 secs] [Times: user=0,00 sys=0,00, real=0,00 secs] 
62,502: [GC (Allocation Failure) [PSYoungGen: 303712K->64K(291840K)] 305659K->2011K(466944K), 0,0005132 secs] [Times: user=0,00 sys=0,00, real=0,00 secs] 
62,553: [GC (Allocation Failure) [PSYoungGen: 291392K->96K(280064K)] 293339K->2043K(455168K), 0,0005005 secs] [Times: user=0,00 sys=0,00, real=0,00 secs] 
62,602: [GC (Allocation Failure) [PSYoungGen: 279648K->96K(268800K)] 281595K->2043K(443904K), 0,0005008 secs] [Times: user=0,00 sys=0,00, real=0,00 secs] 
62,649: [GC (Allocation Failure) [PSYoungGen: 268384K->64K(258048K)] 270331K->2011K(433152K), 0,0004806 secs] [Times: user=0,00 sys=0,00, real=0,00 secs] 
62,694: [GC (Allocation Failure) [PSYoungGen: 257600K->64K(247808K)] 259547K->2011K(422912K), 0,0004772 secs] [Times: user=0,00 sys=0,00, real=0,00 secs] 
62,738: [GC (Allocation Failure) [PSYoungGen: 247360K->96K(238080K)] 249307K->2043K(413184K), 0,0004889 secs] [Times: user=0,00 sys=0,00, real=0,00 secs] 
62,780: [GC (Allocation Failure) [PSYoungGen: 237664K->96K(228864K)] 239611K->2043K(403968K), 0,0004973 secs] [Times: user=0,00 sys=0,00, real=0,00 secs] 
62,819: [GC (Allocation Failure) [PSYoungGen: 228448K->96K(220160K)] 230395K->2043K(395264K), 0,0004835 secs] [Times: user=0,00 sys=0,00, real=0,00 secs] 
62,858: [GC (Allocation Failure) [PSYoungGen: 219744K->64K(264192K)] 221691K->2011K(439296K), 0,0004716 secs] [Times: user=0,00 sys=0,00, real=0,00 secs] 
62,904: [GC (Allocation Failure) [PSYoungGen: 263744K->96K(253952K)] 265691K->2043K(429056K), 0,0004857 secs] [Times: user=0,00 sys=0,00, real=0,00 secs] 
62,949: [GC (Allocation Failure) [PSYoungGen: 253536K->96K(304640K)] 255483K->2043K(479744K), 0,0005252 secs] [Times: user=0,00 sys=0,00, real=0,00 secs] 
63,003: [GC (Allocation Failure) [PSYoungGen: 304224K->96K(292352K)] 306171K->2043K(467456K), 0,0005220 secs] [Times: user=0,00 sys=0,00, real=0,00 secs] 
63,054: [GC (Allocation Failure) [PSYoungGen: 291936K->96K(280576K)] 293883K->2043K(455680K), 0,0004840 secs] [Times: user=0,01 sys=0,00, real=0,00 secs] 
63,103: [GC (Allocation Failure) [PSYoungGen: 280160K->64K(269312K)] 282107K->2011K(444416K), 0,0004841 secs] [Times: user=0,01 sys=0,00, real=0,00 secs] 
63,150: [GC (Allocation Failure) [PSYoungGen: 268864K->64K(258560K)] 270811K->2011K(433664K), 0,0004904 secs] [Times: user=0,00 sys=0,00, real=0,00 secs] 
63,196: [GC (Allocation Failure) [PSYoungGen: 258112K->64K(248320K)] 260059K->2011K(423424K), 0,0004956 secs] [Times: user=0,00 sys=0,00, real=0,00 secs] 
63,240: [GC (Allocation Failure) [PSYoungGen: 247872K->96K(238592K)] 249819K->2043K(413696K), 0,0005236 secs] [Times: user=0,00 sys=0,00, real=0,00 secs] 
63,283: [GC (Allocation Failure) [PSYoungGen: 238176K->96K(286208K)] 240123K->2043K(461312K), 0,0005740 secs] [Times: user=0,00 sys=0,00, real=0,00 secs] 
63,334: [GC (Allocation Failure) [PSYoungGen: 285792K->64K(343552K)] 287739K->2011K(518656K), 0,0005251 secs] [Times: user=0,00 sys=0,00, real=0,00 secs] 
63,395: [GC (Allocation Failure) [PSYoungGen: 343104K->96K(329216K)] 345051K->2043K(504320K), 0,0005106 secs] [Times: user=0,00 sys=0,00, real=0,00 secs] 
63,452: [GC (Allocation Failure) [PSYoungGen: 328800K->64K(315904K)] 330747K->2011K(491008K), 0,0004962 secs] [Times: user=0,00 sys=0,00, real=0,00 secs] 
63,507: [GC (Allocation Failure) [PSYoungGen: 315456K->64K(303104K)] 317403K->2011K(478208K), 0,0004830 secs] [Times: user=0,00 sys=0,00, real=0,01 secs] 
63,560: [GC (Allocation Failure) [PSYoungGen: 302656K->96K(290816K)] 304603K->2043K(465920K), 0,0004624 secs] [Times: user=0,00 sys=0,00, real=0,00 secs] 
63,612: [GC (Allocation Failure) [PSYoungGen: 290400K->96K(279040K)] 292347K->2043K(454144K), 0,0005065 secs] [Times: user=0,00 sys=0,00, real=0,00 secs] 
63,662: [GC (Allocation Failure) [PSYoungGen: 278624K->96K(267776K)] 280571K->2043K(442880K), 0,0005047 secs] [Times: user=0,00 sys=0,00, real=0,00 secs] 
63,709: [GC (Allocation Failure) [PSYoungGen: 267360K->32K(257536K)] 269307K->1979K(432640K), 0,0004797 secs] [Times: user=0,00 sys=0,00, real=0,00 secs] 
63,754: [GC (Allocation Failure) [PSYoungGen: 257056K->64K(247296K)] 259003K->2011K(422400K), 0,0005540 secs] [Times: user=0,00 sys=0,00, real=0,00 secs] 
63,797: [GC (Allocation Failure) [PSYoungGen: 246848K->96K(237568K)] 248795K->2043K(412672K), 0,0004867 secs] [Times: user=0,01 sys=0,00, real=0,00 secs] 
63,839: [GC (Allocation Failure) [PSYoungGen: 237152K->64K(228352K)] 239099K->2011K(403456K), 0,0004826 secs] [Times: user=0,00 sys=0,00, real=0,00 secs] 
63,880: [GC (Allocation Failure) [PSYoungGen: 227904K->96K(219648K)] 229851K->2043K(394752K), 0,0004544 secs] [Times: user=0,00 sys=0,00, real=0,00 secs] 
63,920: [GC (Allocation Failure) [PSYoungGen: 219232K->96K(263680K)] 221179K->2043K(438784K), 0,0005125 secs] [Times: user=0,00 sys=0,00, real=0,00 secs] 
63,967: [GC (Allocation Failure) [PSYoungGen: 263264K->96K(316416K)] 265211K->2043K(491520K), 0,0004964 secs] [Times: user=0,00 sys=0,00, real=0,00 secs] 
64,023: [GC (Allocation Failure) [PSYoungGen: 316000K->96K(303616K)] 317947K->2043K(478720K), 0,0005104 secs] [Times: user=0,00 sys=0,00, real=0,00 secs] 
64,076: [GC (Allocation Failure) [PSYoungGen: 303200K->96K(291328K)] 305147K->2043K(466432K), 0,0004760 secs] [Times: user=0,00 sys=0,00, real=0,00 secs] 
64,127: [GC (Allocation Failure) [PSYoungGen: 290912K->64K(279552K)] 292859K->2011K(454656K), 0,0004903 secs] [Times: user=0,00 sys=0,00, real=0,00 secs] 
64,176: [GC (Allocation Failure) [PSYoungGen: 279104K->32K(268288K)] 281051K->1979K(443392K), 0,0004813 secs] [Times: user=0,00 sys=0,00, real=0,00 secs] 
64,223: [GC (Allocation Failure) [PSYoungGen: 267808K->96K(257536K)] 269755K->2043K(432640K), 0,0004670 secs] [Times: user=0,01 sys=0,00, real=0,00 secs] 
64,268: [GC (Allocation Failure) [PSYoungGen: 257120K->96K(247296K)] 259067K->2043K(422400K), 0,0004845 secs] [Times: user=0,00 sys=0,00, real=0,00 secs] 
64,312: [GC (Allocation Failure) [PSYoungGen: 246880K->96K(237568K)] 248827K->2043K(412672K), 0,0004978 secs] [Times: user=0,00 sys=0,00, real=0,00 secs] 
64,353: [GC (Allocation Failure) [PSYoungGen: 237152K->64K(228352K)] 239099K->2011K(403456K), 0,0004808 secs] [Times: user=0,00 sys=0,00, real=0,00 secs] 
64,393: [GC (Allocation Failure) [PSYoungGen: 227904K->64K(273920K)] 229851K->2011K(449024K), 0,0004704 secs] [Times: user=0,00 sys=0,00, real=0,00 secs] 
64,441: [GC (Allocation Failure) [PSYoungGen: 273472K->96K(328704K)] 275419K->2043K(503808K), 0,0006710 secs] [Times: user=0,01 sys=0,00, real=0,00 secs] 
64,502: [GC (Allocation Failure) [PSYoungGen: 328288K->96K(315392K)] 330235K->2043K(490496K), 0,0004853 secs] [Times: user=0,00 sys=0,00, real=0,00 secs] 
64,557: [GC (Allocation Failure) [PSYoungGen: 314976K->96K(302592K)] 316923K->2043K(477696K), 0,0004960 secs] [Times: user=0,00 sys=0,00, real=0,00 secs] 
64,610: [GC (Allocation Failure) [PSYoungGen: 302176K->96K(290304K)] 304123K->2043K(465408K), 0,0004877 secs] [Times: user=0,01 sys=0,00, real=0,00 secs] 
64,660: [GC (Allocation Failure) [PSYoungGen: 289888K->64K(278528K)] 291835K->2011K(453632K), 0,0004803 secs] [Times: user=0,00 sys=0,00, real=0,00 secs] 
64,709: [GC (Allocation Failure) [PSYoungGen: 278080K->64K(267776K)] 280027K->2011K(442880K), 0,0004747 secs] [Times: user=0,01 sys=0,00, real=0,00 secs] 
64,756: [GC (Allocation Failure) [PSYoungGen: 267328K->64K(257536K)] 269275K->2011K(432640K), 0,0005146 secs] [Times: user=0,00 sys=0,00, real=0,00 secs] 
64,801: [GC (Allocation Failure) [PSYoungGen: 257088K->64K(247296K)] 259035K->2011K(422400K), 0,0004584 secs] [Times: user=0,00 sys=0,00, real=0,00 secs] 
64,844: [GC (Allocation Failure) [PSYoungGen: 246848K->96K(237568K)] 248795K->2043K(412672K), 0,0004657 secs] [Times: user=0,00 sys=0,00, real=0,00 secs] 
64,886: [GC (Allocation Failure) [PSYoungGen: 237152K->96K(228352K)] 239099K->2043K(403456K), 0,0005040 secs] [Times: user=0,00 sys=0,00, real=0,00 secs] 
64,926: [GC (Allocation Failure) [PSYoungGen: 227936K->64K(273920K)] 229883K->2011K(449024K), 0,0004934 secs] [Times: user=0,01 sys=0,00, real=0,00 secs] 
64,974: [GC (Allocation Failure) [PSYoungGen: 273472K->96K(328704K)] 275419K->2043K(503808K), 0,0005069 secs] [Times: user=0,00 sys=0,00, real=0,00 secs] 
65,032: [GC (Allocation Failure) [PSYoungGen: 328288K->96K(315392K)] 330235K->2043K(490496K), 0,0005404 secs] [Times: user=0,00 sys=0,00, real=0,00 secs] 
65,087: [GC (Allocation Failure) [PSYoungGen: 314976K->96K(302592K)] 316923K->2043K(477696K), 0,0004927 secs] [Times: user=0,00 sys=0,00, real=0,00 secs] 
65,140: [GC (Allocation Failure) [PSYoungGen: 302176K->32K(290304K)] 304123K->1979K(465408K), 0,0004721 secs] [Times: user=0,00 sys=0,00, real=0,00 secs] 
65,191: [GC (Allocation Failure) [PSYoungGen: 289824K->96K(278528K)] 291771K->2043K(453632K), 0,0004630 secs] [Times: user=0,00 sys=0,00, real=0,00 secs] 
65,240: [GC (Allocation Failure) [PSYoungGen: 278112K->32K(267776K)] 280059K->1979K(442880K), 0,0004815 secs] [Times: user=0,00 sys=0,00, real=0,00 secs] 
65,287: [GC (Allocation Failure) [PSYoungGen: 267296K->96K(257536K)] 269243K->2043K(432640K), 0,0004930 secs] [Times: user=0,00 sys=0,00, real=0,00 secs] 
65,332: [GC (Allocation Failure) [PSYoungGen: 257120K->96K(247296K)] 259067K->2043K(422400K), 0,0004848 secs] [Times: user=0,00 sys=0,00, real=0,00 secs] 
65,375: [GC (Allocation Failure) [PSYoungGen: 246880K->96K(237568K)] 248827K->2043K(412672K), 0,0004830 secs] [Times: user=0,00 sys=0,00, real=0,00 secs] 
65,418: [GC (Allocation Failure) [PSYoungGen: 237152K->96K(228352K)] 239099K->2043K(403456K), 0,0005015 secs] [Times: user=0,00 sys=0,00, real=0,00 secs] 
65,458: [GC (Allocation Failure) [PSYoungGen: 227936K->96K(273920K)] 229883K->2043K(449024K), 0,0004916 secs] [Times: user=0,00 sys=0,00, real=0,00 secs] 
65,506: [GC (Allocation Failure) [PSYoungGen: 273504K->64K(263168K)] 275451K->2011K(438272K), 0,0004956 secs] [Times: user=0,00 sys=0,00, real=0,00 secs] 
65,553: [GC (Allocation Failure) [PSYoungGen: 262720K->64K(252928K)] 264667K->2011K(428032K), 0,0004919 secs] [Times: user=0,00 sys=0,00, real=0,00 secs] 
65,599: [GC (Allocation Failure) [PSYoungGen: 252480K->96K(243200K)] 254427K->2043K(418304K), 0,0004713 secs] [Times: user=0,00 sys=0,00, real=0,00 secs] 
65,641: [GC (Allocation Failure) [PSYoungGen: 242784K->64K(233984K)] 244731K->2011K(409088K), 0,0004639 secs] [Times: user=0,00 sys=0,00, real=0,00 secs] 
65,683: [GC (Allocation Failure) [PSYoungGen: 233536K->0K(281088K)] 235483K->1947K(456192K), 0,0004601 secs] [Times: user=0,00 sys=0,00, real=0,00 secs] 
65,732: [GC (Allocation Failure) [PSYoungGen: 280576K->64K(269824K)] 282523K->2011K(444928K), 0,0004794 secs] [Times: user=0,00 sys=0,00, real=0,00 secs] 
65,780: [GC (Allocation Failure) [PSYoungGen: 269376K->96K(259072K)] 271323K->2043K(434176K), 0,0004768 secs] [Times: user=0,00 sys=0,00, real=0,00 secs] 
65,825: [GC (Allocation Failure) [PSYoungGen: 258656K->96K(248832K)] 260603K->2043K(423936K), 0,0004538 secs] [Times: user=0,00 sys=0,00, real=0,00 secs] 
65,868: [GC (Allocation Failure) [PSYoungGen: 248416K->64K(239104K)] 250363K->2011K(414208K), 0,0004492 secs] [Times: user=0,00 sys=0,00, real=0,00 secs] 
65,910: [GC (Allocation Failure) [PSYoungGen: 238656K->64K(229888K)] 240603K->2011K(404992K), 0,0004441 secs] [Times: user=0,00 sys=0,00, real=0,00 secs] 
65,950: [GC (Allocation Failure) [PSYoungGen: 229440K->96K(275968K)] 231387K->2043K(451072K), 0,0005457 secs] [Times: user=0,00 sys=0,00, real=0,00 secs] 
65,999: [GC (Allocation Failure) [PSYoungGen: 275552K->96K(331264K)] 277499K->2043K(506368K), 0,0004923 secs] [Times: user=0,00 sys=0,00, real=0,00 secs] 
66,057: [GC (Allocation Failure) [PSYoungGen: 330848K->64K(317952K)] 332795K->2011K(493056K), 0,0004791 secs] [Times: user=0,00 sys=0,00, real=0,00 secs] 
66,113: [GC (Allocation Failure) [PSYoungGen: 317504K->96K(305152K)] 319451K->2043K(480256K), 0,0004993 secs] [Times: user=0,00 sys=0,00, real=0,00 secs] 
66,168: [GC (Allocation Failure) [PSYoungGen: 304736K->64K(292864K)] 306683K->2011K(467968K), 0,0004756 secs] [Times: user=0,00 sys=0,00, real=0,01 secs] 
66,219: [GC (Allocation Failure) [PSYoungGen: 292416K->64K(281088K)] 294363K->2011K(456192K), 0,0004621 secs] [Times: user=0,00 sys=0,00, real=0,00 secs] 
66,269: [GC (Allocation Failure) [PSYoungGen: 280640K->96K(269824K)] 282587K->2043K(444928K), 0,0004922 secs] [Times: user=0,00 sys=0,00, real=0,00 secs] 
66,316: [GC (Allocation Failure) [PSYoungGen: 269408K->96K(259072K)] 271355K->2043K(434176K), 0,0004931 secs] [Times: user=0,00 sys=0,00, real=0,00 secs] 
66,362: [GC (Allocation Failure) [PSYoungGen: 258656K->96K(248832K)] 260603K->2043K(423936K), 0,0004583 secs] [Times: user=0,00 sys=0,00, real=0,00 secs] 
66,406: [GC (Allocation Failure) [PSYoungGen: 248416K->96K(239104K)] 250363K->2043K(414208K), 0,0005034 secs] [Times: user=0,00 sys=0,00, real=0,00 secs] 
66,449: [GC (Allocation Failure) [PSYoungGen: 238688K->96K(229888K)] 240635K->2043K(404992K), 0,0004973 secs] [Times: user=0,00 sys=0,00, real=0,00 secs] 
66,490: [GC (Allocation Failure) [PSYoungGen: 229472K->64K(221184K)] 231419K->2011K(396288K), 0,0004636 secs] [Times: user=0,00 sys=0,00, real=0,00 secs] 
66,529: [GC (Allocation Failure) [PSYoungGen: 220736K->64K(265728K)] 222683K->2011K(440832K), 0,0004663 secs] [Times: user=0,00 sys=0,00, real=0,00 secs] 
66,575: [GC (Allocation Failure) [PSYoungGen: 265280K->0K(255488K)] 267227K->1947K(430592K), 0,0004748 secs] [Times: user=0,00 sys=0,00, real=0,00 secs] 
66,620: [GC (Allocation Failure) [PSYoungGen: 254976K->64K(245760K)] 256923K->2011K(420864K), 0,0004620 secs] [Times: user=0,01 sys=0,00, real=0,00 secs] 
66,663: [GC (Allocation Failure) [PSYoungGen: 245312K->96K(236544K)] 247259K->2043K(411648K), 0,0004551 secs] [Times: user=0,00 sys=0,00, real=0,00 secs] 
66,704: [GC (Allocation Failure) [PSYoungGen: 236128K->96K(284160K)] 238075K->2043K(459264K), 0,0004689 secs] [Times: user=0,00 sys=0,00, real=0,00 secs] 
66,754: [GC (Allocation Failure) [PSYoungGen: 283744K->96K(272896K)] 285691K->2043K(448000K), 0,0004673 secs] [Times: user=0,00 sys=0,00, real=0,00 secs] 
66,802: [GC (Allocation Failure) [PSYoungGen: 272480K->64K(262144K)] 274427K->2011K(437248K), 0,0004867 secs] [Times: user=0,00 sys=0,00, real=0,00 secs] 
66,848: [GC (Allocation Failure) [PSYoungGen: 261696K->64K(251904K)] 263643K->2011K(427008K), 0,0004627 secs] [Times: user=0,01 sys=0,00, real=0,01 secs] 
66,891: [GC (Allocation Failure) [PSYoungGen: 251456K->64K(242176K)] 253403K->2011K(417280K), 0,0004582 secs] [Times: user=0,00 sys=0,01, real=0,00 secs] 
66,934: [GC (Allocation Failure) [PSYoungGen: 241728K->96K(290816K)] 243675K->2043K(465920K), 0,0005597 secs] [Times: user=0,00 sys=0,00, real=0,00 secs] 
66,986: [GC (Allocation Failure) [PSYoungGen: 290400K->96K(279040K)] 292347K->2043K(454144K), 0,0005302 secs] [Times: user=0,01 sys=0,00, real=0,00 secs] 
67,034: [GC (Allocation Failure) [PSYoungGen: 278624K->64K(267776K)] 280571K->2011K(442880K), 0,0004709 secs] [Times: user=0,00 sys=0,00, real=0,00 secs] 
67,081: [GC (Allocation Failure) [PSYoungGen: 267328K->96K(257536K)] 269275K->2043K(432640K), 0,0004709 secs] [Times: user=0,00 sys=0,00, real=0,00 secs] 
67,126: [GC (Allocation Failure) [PSYoungGen: 257120K->96K(247296K)] 259067K->2043K(422400K), 0,0004795 secs] [Times: user=0,00 sys=0,00, real=0,00 secs] 
67,170: [GC (Allocation Failure) [PSYoungGen: 246880K->96K(237568K)] 248827K->2043K(412672K), 0,0004795 secs] [Times: user=0,00 sys=0,00, real=0,00 secs] 
67,211: [GC (Allocation Failure) [PSYoungGen: 237152K->64K(228352K)] 239099K->2011K(403456K), 0,0004721 secs] [Times: user=0,00 sys=0,00, real=0,00 secs] 
67,252: [GC (Allocation Failure) [PSYoungGen: 227904K->96K(273920K)] 229851K->2043K(449024K), 0,0004758 secs] [Times: user=0,00 sys=0,00, real=0,00 secs] 
67,300: [GC (Allocation Failure) [PSYoungGen: 273504K->64K(263168K)] 275451K->2011K(438272K), 0,0004787 secs] [Times: user=0,00 sys=0,00, real=0,00 secs] 
67,346: [GC (Allocation Failure) [PSYoungGen: 262720K->96K(252928K)] 264667K->2043K(428032K), 0,0004696 secs] [Times: user=0,00 sys=0,00, real=0,00 secs] 
67,390: [GC (Allocation Failure) [PSYoungGen: 252512K->64K(243200K)] 254459K->2011K(418304K), 0,0004689 secs] [Times: user=0,00 sys=0,00, real=0,00 secs] 
67,433: [GC (Allocation Failure) [PSYoungGen: 242752K->96K(291840K)] 244699K->2043K(466944K), 0,0005261 secs] [Times: user=0,00 sys=0,00, real=0,00 secs] 
67,485: [GC (Allocation Failure) [PSYoungGen: 291424K->96K(280064K)] 293371K->2043K(455168K), 0,0005028 secs] [Times: user=0,00 sys=0,00, real=0,00 secs] 
67,534: [GC (Allocation Failure) [PSYoungGen: 279648K->64K(268800K)] 281595K->2011K(443904K), 0,0004801 secs] [Times: user=0,00 sys=0,00, real=0,00 secs] 
67,581: [GC (Allocation Failure) [PSYoungGen: 268352K->96K(258048K)] 270299K->2043K(433152K), 0,0004747 secs] [Times: user=0,00 sys=0,00, real=0,00 secs] 
67,626: [GC (Allocation Failure) [PSYoungGen: 257632K->96K(247808K)] 259579K->2043K(422912K), 0,0004662 secs] [Times: user=0,00 sys=0,00, real=0,00 secs] 
67,669: [GC (Allocation Failure) [PSYoungGen: 247392K->32K(238080K)] 249339K->1979K(413184K), 0,0004619 secs] [Times: user=0,01 sys=0,00, real=0,00 secs] 
67,711: [GC (Allocation Failure) [PSYoungGen: 237600K->96K(228864K)] 239547K->2043K(403968K), 0,0004597 secs] [Times: user=0,00 sys=0,00, real=0,00 secs] 
67,751: [GC (Allocation Failure) [PSYoungGen: 228448K->64K(274944K)] 230395K->2011K(450048K), 0,0004617 secs] [Times: user=0,00 sys=0,00, real=0,00 secs] 
67,799: [GC (Allocation Failure) [PSYoungGen: 274496K->64K(264192K)] 276443K->2011K(439296K), 0,0004728 secs] [Times: user=0,00 sys=0,00, real=0,00 secs] 
67,845: [GC (Allocation Failure) [PSYoungGen: 263744K->96K(253952K)] 265691K->2043K(429056K), 0,0004749 secs] [Times: user=0,00 sys=0,00, real=0,00 secs] 
67,890: [GC (Allocation Failure) [PSYoungGen: 253536K->96K(244224K)] 255483K->2043K(419328K), 0,0005010 secs] [Times: user=0,00 sys=0,00, real=0,00 secs] 
67,933: [GC (Allocation Failure) [PSYoungGen: 243808K->96K(235008K)] 245755K->2043K(410112K), 0,0004824 secs] [Times: user=0,00 sys=0,00, real=0,00 secs] 
67,975: [GC (Allocation Failure) [PSYoungGen: 234592K->96K(282112K)] 236539K->2043K(457216K), 0,0005102 secs] [Times: user=0,00 sys=0,00, real=0,00 secs] 
68,026: [GC (Allocation Failure) [PSYoungGen: 281696K->96K(270848K)] 283643K->2043K(445952K), 0,0004851 secs] [Times: user=0,01 sys=0,00, real=0,00 secs] 
68,073: [GC (Allocation Failure) [PSYoungGen: 270432K->64K(260096K)] 272379K->2011K(435200K), 0,0004766 secs] [Times: user=0,00 sys=0,00, real=0,00 secs] 
68,120: [GC (Allocation Failure) [PSYoungGen: 259648K->32K(249856K)] 261595K->1979K(424960K), 0,0004768 secs] [Times: user=0,00 sys=0,00, real=0,00 secs] 
68,165: [GC (Allocation Failure) [PSYoungGen: 249376K->64K(240128K)] 251323K->2011K(415232K), 0,0004843 secs] [Times: user=0,00 sys=0,00, real=0,00 secs] 
68,207: [GC (Allocation Failure) [PSYoungGen: 239680K->96K(230912K)] 241627K->2043K(406016K), 0,0004839 secs] [Times: user=0,00 sys=0,00, real=0,01 secs] 
68,249: [GC (Allocation Failure) [PSYoungGen: 230496K->96K(276992K)] 232443K->2043K(452096K), 0,0005005 secs] [Times: user=0,00 sys=0,00, real=0,00 secs] 
68,298: [GC (Allocation Failure) [PSYoungGen: 276576K->64K(332288K)] 278523K->2011K(507392K), 0,0005420 secs] [Times: user=0,00 sys=0,00, real=0,00 secs] 
68,356: [GC (Allocation Failure) [PSYoungGen: 331840K->64K(318464K)] 333787K->2011K(493568K), 0,0004866 secs] [Times: user=0,00 sys=0,00, real=0,00 secs] 
68,412: [GC (Allocation Failure) [PSYoungGen: 318016K->96K(305664K)] 319963K->2043K(480768K), 0,0004683 secs] [Times: user=0,01 sys=0,00, real=0,00 secs] 
68,466: [GC (Allocation Failure) [PSYoungGen: 305248K->96K(293376K)] 307195K->2043K(468480K), 0,0005008 secs] [Times: user=0,00 sys=0,00, real=0,00 secs] 
68,518: [GC (Allocation Failure) [PSYoungGen: 292960K->96K(281600K)] 294907K->2043K(456704K), 0,0005070 secs] [Times: user=0,00 sys=0,00, real=0,00 secs] 
68,568: [GC (Allocation Failure) [PSYoungGen: 281184K->96K(270336K)] 283131K->2043K(445440K), 0,0004954 secs] [Times: user=0,00 sys=0,00, real=0,00 secs] 
68,616: [GC (Allocation Failure) [PSYoungGen: 269920K->96K(259584K)] 271867K->2043K(434688K), 0,0004603 secs] [Times: user=0,00 sys=0,00, real=0,00 secs] 
68,663: [GC (Allocation Failure) [PSYoungGen: 259168K->64K(249344K)] 261115K->2011K(424448K), 0,0004882 secs] [Times: user=0,00 sys=0,00, real=0,00 secs] 
68,708: [GC (Allocation Failure) [PSYoungGen: 248896K->64K(239616K)] 250843K->2011K(414720K), 0,0004625 secs] [Times: user=0,00 sys=0,00, real=0,01 secs] 
68,750: [GC (Allocation Failure) [PSYoungGen: 239168K->64K(230400K)] 241115K->2011K(405504K), 0,0004611 secs] [Times: user=0,00 sys=0,00, real=0,00 secs] 
68,791: [GC (Allocation Failure) [PSYoungGen: 229952K->64K(221696K)] 231899K->2011K(396800K), 0,0004694 secs] [Times: user=0,00 sys=0,00, real=0,00 secs] 
68,830: [GC (Allocation Failure) [PSYoungGen: 221248K->96K(266240K)] 223195K->2043K(441344K), 0,0004453 secs] [Times: user=0,00 sys=0,00, real=0,00 secs] 
68,876: [GC (Allocation Failure) [PSYoungGen: 265824K->96K(256000K)] 267771K->2043K(431104K), 0,0004564 secs] [Times: user=0,00 sys=0,00, real=0,00 secs] 
68,921: [GC (Allocation Failure) [PSYoungGen: 255584K->96K(246272K)] 257531K->2043K(421376K), 0,0004678 secs] [Times: user=0,00 sys=0,00, real=0,00 secs] 
68,964: [GC (Allocation Failure) [PSYoungGen: 245856K->64K(237056K)] 247803K->2011K(412160K), 0,0005024 secs] [Times: user=0,00 sys=0,00, real=0,00 secs] 
69,006: [GC (Allocation Failure) [PSYoungGen: 236608K->96K(284672K)] 238555K->2043K(459776K), 0,0004939 secs] [Times: user=0,01 sys=0,00, real=0,00 secs] 
69,057: [GC (Allocation Failure) [PSYoungGen: 284256K->64K(273408K)] 286203K->2011K(448512K), 0,0004611 secs] [Times: user=0,00 sys=0,00, real=0,00 secs] 
69,105: [GC (Allocation Failure) [PSYoungGen: 272960K->96K(262656K)] 274907K->2043K(437760K), 0,0004756 secs] [Times: user=0,01 sys=0,00, real=0,00 secs] 
69,151: [GC (Allocation Failure) [PSYoungGen: 262240K->32K(252416K)] 264187K->1979K(427520K), 0,0004774 secs] [Times: user=0,00 sys=0,00, real=0,00 secs] 
69,196: [GC (Allocation Failure) [PSYoungGen: 251936K->96K(242688K)] 253883K->2043K(417792K), 0,0004842 secs] [Times: user=0,00 sys=0,00, real=0,00 secs] 
69,240: [GC (Allocation Failure) [PSYoungGen: 242272K->64K(233472K)] 244219K->2011K(408576K), 0,0004644 secs] [Times: user=0,00 sys=0,00, real=0,00 secs] 
69,281: [GC (Allocation Failure) [PSYoungGen: 233024K->96K(224768K)] 234971K->2043K(399872K), 0,0004952 secs] [Times: user=0,00 sys=0,00, real=0,00 secs] 
69,320: [GC (Allocation Failure) [PSYoungGen: 224352K->64K(269824K)] 226299K->2011K(444928K), 0,0004902 secs] [Times: user=0,00 sys=0,00, real=0,00 secs] 
69,367: [GC (Allocation Failure) [PSYoungGen: 269376K->96K(324096K)] 271323K->2043K(499200K), 0,0004600 secs] [Times: user=0,00 sys=0,00, real=0,01 secs] 
69,424: [GC (Allocation Failure) [PSYoungGen: 323680K->64K(310784K)] 325627K->2011K(485888K), 0,0005030 secs] [Times: user=0,00 sys=0,00, real=0,00 secs] 
69,479: [GC (Allocation Failure) [PSYoungGen: 310336K->96K(297984K)] 312283K->2043K(473088K), 0,0004707 secs] [Times: user=0,00 sys=0,00, real=0,00 secs] 
69,531: [GC (Allocation Failure) [PSYoungGen: 297568K->64K(286208K)] 299515K->2011K(461312K), 0,0004838 secs] [Times: user=0,01 sys=0,00, real=0,00 secs] 
69,581: [GC (Allocation Failure) [PSYoungGen: 285760K->64K(274944K)] 287707K->2011K(450048K), 0,0004815 secs] [Times: user=0,01 sys=0,00, real=0,00 secs] 
69,629: [GC (Allocation Failure) [PSYoungGen: 274496K->64K(264192K)] 276443K->2011K(439296K), 0,0004619 secs] [Times: user=0,00 sys=0,00, real=0,00 secs] 
69,676: [GC (Allocation Failure) [PSYoungGen: 263744K->96K(253952K)] 265691K->2043K(429056K), 0,0004582 secs] [Times: user=0,00 sys=0,00, real=0,00 secs] 
69,721: [GC (Allocation Failure) [PSYoungGen: 253536K->64K(244224K)] 255483K->2011K(419328K), 0,0004598 secs] [Times: user=0,00 sys=0,00, real=0,00 secs] 
69,765: [GC (Allocation Failure) [PSYoungGen: 243776K->64K(235008K)] 245723K->2011K(410112K), 0,0004778 secs] [Times: user=0,00 sys=0,00, real=0,00 secs] 
69,806: [GC (Allocation Failure) [PSYoungGen: 234560K->96K(226304K)] 236507K->2043K(401408K), 0,0004545 secs] [Times: user=0,00 sys=0,00, real=0,00 secs] 
69,846: [GC (Allocation Failure) [PSYoungGen: 225888K->64K(217600K)] 227835K->2011K(392704K), 0,0004583 secs] [Times: user=0,00 sys=0,00, real=0,00 secs] 
69,884: [GC (Allocation Failure) [PSYoungGen: 217152K->64K(261120K)] 219099K->2011K(436224K), 0,0005253 secs] [Times: user=0,00 sys=0,00, real=0,00 secs] 
69,934: [GC (Allocation Failure) [PSYoungGen: 260672K->96K(313344K)] 262619K->2043K(488448K), 0,0004885 secs] [Times: user=0,00 sys=0,00, real=0,00 secs] 
69,989: [GC (Allocation Failure) [PSYoungGen: 312928K->96K(300544K)] 314875K->2043K(475648K), 0,0005086 secs] [Times: user=0,00 sys=0,00, real=0,00 secs] 
70,042: [GC (Allocation Failure) [PSYoungGen: 300128K->96K(288256K)] 302075K->2043K(463360K), 0,0004796 secs] [Times: user=0,00 sys=0,00, real=0,00 secs] 
70,092: [GC (Allocation Failure) [PSYoungGen: 287840K->64K(276992K)] 289787K->2011K(452096K), 0,0004706 secs] [Times: user=0,00 sys=0,00, real=0,00 secs] 
70,141: [GC (Allocation Failure) [PSYoungGen: 276544K->64K(266240K)] 278491K->2011K(441344K), 0,0004695 secs] [Times: user=0,00 sys=0,00, real=0,00 secs] 
70,187: [GC (Allocation Failure) [PSYoungGen: 265792K->96K(256000K)] 267739K->2043K(431104K), 0,0004667 secs] [Times: user=0,00 sys=0,00, real=0,00 secs] 
70,232: [GC (Allocation Failure) [PSYoungGen: 255584K->64K(246272K)] 257531K->2011K(421376K), 0,0004619 secs] [Times: user=0,00 sys=0,00, real=0,00 secs] 
70,280: [GC (Allocation Failure) [PSYoungGen: 245824K->96K(237056K)] 247771K->2043K(412160K), 0,0005107 secs] [Times: user=0,00 sys=0,00, real=0,00 secs] 
70,323: [GC (Allocation Failure) [PSYoungGen: 236640K->96K(227840K)] 238587K->2067K(402944K), 0,0005246 secs] [Times: user=0,00 sys=0,00, real=0,00 secs] 
70,363: [GC (Allocation Failure) [PSYoungGen: 227424K->96K(273408K)] 229395K->2067K(448512K), 0,0004841 secs] [Times: user=0,00 sys=0,00, real=0,00 secs] 
70,411: [GC (Allocation Failure) [PSYoungGen: 272992K->64K(262656K)] 274963K->2035K(437760K), 0,0004944 secs] [Times: user=0,00 sys=0,00, real=0,00 secs] 
70,458: [GC (Allocation Failure) [PSYoungGen: 262208K->96K(252416K)] 264179K->2067K(427520K), 0,0005079 secs] [Times: user=0,00 sys=0,00, real=0,01 secs] 
70,502: [GC (Allocation Failure) [PSYoungGen: 252000K->96K(242688K)] 253971K->2067K(417792K), 0,0005023 secs] [Times: user=0,00 sys=0,00, real=0,00 secs] 
70,544: [GC (Allocation Failure) [PSYoungGen: 242272K->64K(291328K)] 244243K->2035K(466432K), 0,0004814 secs] [Times: user=0,00 sys=0,00, real=0,00 secs] 
70,595: [GC (Allocation Failure) [PSYoungGen: 290880K->96K(279552K)] 292851K->2067K(454656K), 0,0004807 secs] [Times: user=0,00 sys=0,00, real=0,00 secs] 
70,645: [GC (Allocation Failure) [PSYoungGen: 279136K->96K(268288K)] 281107K->2067K(443392K), 0,0005060 secs] [Times: user=0,00 sys=0,00, real=0,00 secs] 
70,693: [GC (Allocation Failure) [PSYoungGen: 267872K->96K(257536K)] 269843K->2067K(432640K), 0,0004931 secs] [Times: user=0,00 sys=0,00, real=0,00 secs] 
70,738: [GC (Allocation Failure) [PSYoungGen: 257120K->96K(247296K)] 259091K->2067K(422400K), 0,0004864 secs] [Times: user=0,00 sys=0,00, real=0,00 secs] 
70,783: [GC (Allocation Failure) [PSYoungGen: 246880K->64K(237568K)] 248851K->2035K(412672K), 0,0004948 secs] [Times: user=0,00 sys=0,00, real=0,00 secs] 
70,825: [GC (Allocation Failure) [PSYoungGen: 237120K->64K(285184K)] 239091K->2035K(460288K), 0,0005121 secs] [Times: user=0,00 sys=0,00, real=0,00 secs] 
70,875: [GC (Allocation Failure) [PSYoungGen: 284736K->96K(273920K)] 286707K->2067K(449024K), 0,0004856 secs] [Times: user=0,00 sys=0,00, real=0,00 secs] 
70,924: [GC (Allocation Failure) [PSYoungGen: 273504K->96K(263168K)] 275475K->2067K(438272K), 0,0005240 secs] [Times: user=0,00 sys=0,00, real=0,00 secs] 
70,971: [GC (Allocation Failure) [PSYoungGen: 262752K->96K(252928K)] 264723K->2067K(428032K), 0,0005050 secs] [Times: user=0,00 sys=0,00, real=0,00 secs] 
71,015: [GC (Allocation Failure) [PSYoungGen: 252512K->96K(243200K)] 254483K->2067K(418304K), 0,0005130 secs] [Times: user=0,00 sys=0,00, real=0,00 secs] 
71,057: [GC (Allocation Failure) [PSYoungGen: 242784K->96K(291840K)] 244755K->2067K(466944K), 0,0004960 secs] [Times: user=0,00 sys=0,00, real=0,00 secs] 
71,108: [GC (Allocation Failure) [PSYoungGen: 291424K->96K(280064K)] 293395K->2067K(455168K), 0,0004934 secs] [Times: user=0,00 sys=0,00, real=0,00 secs] 
71,157: [GC (Allocation Failure) [PSYoungGen: 279648K->96K(268800K)] 281619K->2067K(443904K), 0,0004842 secs] [Times: user=0,00 sys=0,00, real=0,01 secs] 
71,204: [GC (Allocation Failure) [PSYoungGen: 268384K->96K(258048K)] 270355K->2067K(433152K), 0,0004673 secs] [Times: user=0,00 sys=0,00, real=0,00 secs] 
71,250: [GC (Allocation Failure) [PSYoungGen: 257632K->96K(247808K)] 259603K->2067K(422912K), 0,0004887 secs] [Times: user=0,00 sys=0,00, real=0,00 secs] 
71,293: [GC (Allocation Failure) [PSYoungGen: 247392K->96K(238080K)] 249363K->2067K(413184K), 0,0005033 secs] [Times: user=0,00 sys=0,00, real=0,00 secs] 
71,335: [GC (Allocation Failure) [PSYoungGen: 237664K->64K(228864K)] 239635K->2035K(403968K), 0,0004809 secs] [Times: user=0,01 sys=0,00, real=0,00 secs] 
71,376: [GC (Allocation Failure) [PSYoungGen: 228416K->96K(274944K)] 230387K->2067K(450048K), 0,0005050 secs] [Times: user=0,00 sys=0,00, real=0,00 secs] 
71,425: [GC (Allocation Failure) [PSYoungGen: 274528K->96K(264192K)] 276499K->2067K(439296K), 0,0004907 secs] [Times: user=0,00 sys=0,00, real=0,00 secs] 
71,472: [GC (Allocation Failure) [PSYoungGen: 263776K->96K(253952K)] 265747K->2067K(429056K), 0,0004829 secs] [Times: user=0,00 sys=0,00, real=0,00 secs] 
71,518: [GC (Allocation Failure) [PSYoungGen: 253536K->96K(244224K)] 255507K->2067K(419328K), 0,0004779 secs] [Times: user=0,00 sys=0,00, real=0,01 secs] 
71,561: [GC (Allocation Failure) [PSYoungGen: 243808K->96K(235008K)] 245779K->2067K(410112K), 0,0004902 secs] [Times: user=0,00 sys=0,00, real=0,00 secs] 
71,602: [GC (Allocation Failure) [PSYoungGen: 234592K->96K(282112K)] 236563K->2067K(457216K), 0,0004657 secs] [Times: user=0,01 sys=0,00, real=0,00 secs] 
71,652: [GC (Allocation Failure) [PSYoungGen: 281696K->64K(270848K)] 283667K->2035K(445952K), 0,0004942 secs] [Times: user=0,01 sys=0,00, real=0,00 secs] 
71,699: [GC (Allocation Failure) [PSYoungGen: 270400K->96K(260096K)] 272371K->2067K(435200K), 0,0004720 secs] [Times: user=0,00 sys=0,00, real=0,00 secs] 
71,745: [GC (Allocation Failure) [PSYoungGen: 259680K->96K(249856K)] 261651K->2067K(424960K), 0,0004947 secs] [Times: user=0,00 sys=0,00, real=0,00 secs] 
71,789: [GC (Allocation Failure) [PSYoungGen: 249440K->64K(240128K)] 251411K->2035K(415232K), 0,0005130 secs] [Times: user=0,00 sys=0,00, real=0,00 secs] 
71,831: [GC (Allocation Failure) [PSYoungGen: 239680K->96K(230912K)] 241651K->2067K(406016K), 0,0004676 secs] [Times: user=0,01 sys=0,00, real=0,00 secs] 
71,871: [GC (Allocation Failure) [PSYoungGen: 230496K->64K(276992K)] 232467K->2035K(452096K), 0,0004750 secs] [Times: user=0,00 sys=0,00, real=0,00 secs] 
71,920: [GC (Allocation Failure) [PSYoungGen: 276544K->96K(266240K)] 278515K->2067K(441344K), 0,0004733 secs] [Times: user=0,01 sys=0,00, real=0,00 secs] 
71,967: [GC (Allocation Failure) [PSYoungGen: 265824K->96K(256000K)] 267795K->2067K(431104K), 0,0005076 secs] [Times: user=0,00 sys=0,00, real=0,00 secs] 
72,013: [GC (Allocation Failure) [PSYoungGen: 255584K->96K(246272K)] 257555K->2067K(421376K), 0,0004839 secs] [Times: user=0,00 sys=0,00, real=0,00 secs] 
72,057: [GC (Allocation Failure) [PSYoungGen: 245856K->96K(237056K)] 247827K->2067K(412160K), 0,0004937 secs] [Times: user=0,00 sys=0,00, real=0,00 secs] 
72,098: [GC (Allocation Failure) [PSYoungGen: 236640K->96K(284672K)] 238611K->2067K(459776K), 0,0004806 secs] [Times: user=0,01 sys=0,00, real=0,00 secs] 
72,148: [GC (Allocation Failure) [PSYoungGen: 284256K->96K(273408K)] 286227K->2067K(448512K), 0,0004930 secs] [Times: user=0,00 sys=0,00, real=0,00 secs] 
72,197: [GC (Allocation Failure) [PSYoungGen: 272992K->96K(262656K)] 274963K->2067K(437760K), 0,0005023 secs] [Times: user=0,01 sys=0,01, real=0,00 secs] 
72,243: [GC (Allocation Failure) [PSYoungGen: 262240K->96K(252416K)] 264211K->2067K(427520K), 0,0005158 secs] [Times: user=0,00 sys=0,00, real=0,00 secs] 
72,288: [GC (Allocation Failure) [PSYoungGen: 252000K->96K(242688K)] 253971K->2067K(417792K), 0,0005184 secs] [Times: user=0,00 sys=0,00, real=0,00 secs] 
72,331: [GC (Allocation Failure) [PSYoungGen: 242272K->64K(233472K)] 244243K->2035K(408576K), 0,0004747 secs] [Times: user=0,00 sys=0,00, real=0,00 secs] 
72,372: [GC (Allocation Failure) [PSYoungGen: 233024K->64K(280064K)] 234995K->2035K(455168K), 0,0004734 secs] [Times: user=0,00 sys=0,00, real=0,00 secs] 
72,421: [GC (Allocation Failure) [PSYoungGen: 279616K->64K(268800K)] 281587K->2035K(443904K), 0,0005123 secs] [Times: user=0,00 sys=0,00, real=0,00 secs] 
72,469: [GC (Allocation Failure) [PSYoungGen: 268352K->96K(258048K)] 270323K->2067K(433152K), 0,0005133 secs] [Times: user=0,00 sys=0,00, real=0,00 secs] 
72,514: [GC (Allocation Failure) [PSYoungGen: 257632K->64K(247808K)] 259603K->2035K(422912K), 0,0004864 secs] [Times: user=0,01 sys=0,00, real=0,00 secs] 
72,557: [GC (Allocation Failure) [PSYoungGen: 247360K->64K(238080K)] 249331K->2035K(413184K), 0,0004765 secs] [Times: user=0,00 sys=0,00, real=0,00 secs] 
72,599: [GC (Allocation Failure) [PSYoungGen: 237632K->64K(285696K)] 239603K->2035K(460800K), 0,0004850 secs] [Times: user=0,00 sys=0,00, real=0,00 secs] 
72,649: [GC (Allocation Failure) [PSYoungGen: 285248K->96K(274432K)] 287219K->2067K(449536K), 0,0004853 secs] [Times: user=0,00 sys=0,00, real=0,00 secs] 
72,697: [GC (Allocation Failure) [PSYoungGen: 274016K->96K(263680K)] 275987K->2067K(438784K), 0,0005075 secs] [Times: user=0,00 sys=0,00, real=0,01 secs] 
72,744: [GC (Allocation Failure) [PSYoungGen: 263264K->96K(253440K)] 265235K->2067K(428544K), 0,0004803 secs] [Times: user=0,00 sys=0,00, real=0,00 secs] 
72,788: [GC (Allocation Failure) [PSYoungGen: 253024K->96K(243712K)] 254995K->2067K(418816K), 0,0005207 secs] [Times: user=0,00 sys=0,00, real=0,00 secs] 
72,831: [GC (Allocation Failure) [PSYoungGen: 243296K->96K(234496K)] 245267K->2067K(409600K), 0,0004823 secs] [Times: user=0,00 sys=0,00, real=0,00 secs] 
72,872: [GC (Allocation Failure) [PSYoungGen: 234080K->96K(281600K)] 236051K->2067K(456704K), 0,0004782 secs] [Times: user=0,00 sys=0,00, real=0,00 secs] 
72,921: [GC (Allocation Failure) [PSYoungGen: 281184K->96K(337920K)] 283155K->2067K(513024K), 0,0006498 secs] [Times: user=0,00 sys=0,00, real=0,00 secs] 
72,985: [GC (Allocation Failure) [PSYoungGen: 337504K->96K(324096K)] 339475K->2067K(499200K), 0,0005049 secs] [Times: user=0,00 sys=0,00, real=0,00 secs] 
73,042: [GC (Allocation Failure) [PSYoungGen: 323680K->96K(310784K)] 325651K->2067K(485888K), 0,0004881 secs] [Times: user=0,00 sys=0,00, real=0,00 secs] 
73,097: [GC (Allocation Failure) [PSYoungGen: 310368K->96K(297984K)] 312339K->2067K(473088K), 0,0005163 secs] [Times: user=0,00 sys=0,00, real=0,01 secs] 
73,150: [GC (Allocation Failure) [PSYoungGen: 297568K->96K(286208K)] 299539K->2067K(461312K), 0,0004884 secs] [Times: user=0,00 sys=0,00, real=0,00 secs] 
73,200: [GC (Allocation Failure) [PSYoungGen: 285792K->96K(274944K)] 287763K->2067K(450048K), 0,0004778 secs] [Times: user=0,00 sys=0,00, real=0,00 secs] 
73,248: [GC (Allocation Failure) [PSYoungGen: 274528K->96K(264192K)] 276499K->2067K(439296K), 0,0004803 secs] [Times: user=0,00 sys=0,00, real=0,00 secs] 
73,296: [GC (Allocation Failure) [PSYoungGen: 263776K->96K(253952K)] 265747K->2067K(429056K), 0,0005024 secs] [Times: user=0,01 sys=0,00, real=0,00 secs] 
73,341: [GC (Allocation Failure) [PSYoungGen: 253536K->64K(304640K)] 255507K->2035K(479744K), 0,0010636 secs] [Times: user=0,00 sys=0,00, real=0,00 secs] 
73,396: [GC (Allocation Failure) [PSYoungGen: 304192K->96K(365568K)] 306163K->2067K(540672K), 0,0005180 secs] [Times: user=0,00 sys=0,00, real=0,00 secs] 
73,460: [GC (Allocation Failure) [PSYoungGen: 365152K->96K(438784K)] 367123K->2067K(613888K), 0,0005202 secs] [Times: user=0,00 sys=0,00, real=0,00 secs] 
73,540: [GC (Allocation Failure) [PSYoungGen: 438368K->64K(419840K)] 440339K->2035K(594944K), 0,0004958 secs] [Times: user=0,00 sys=0,00, real=0,00 secs] 
73,613: [GC (Allocation Failure) [PSYoungGen: 419392K->96K(401920K)] 421363K->2067K(577024K), 0,0004812 secs] [Times: user=0,01 sys=0,00, real=0,00 secs] 
73,683: [GC (Allocation Failure) [PSYoungGen: 401504K->96K(385024K)] 403475K->2067K(560128K), 0,0004707 secs] [Times: user=0,01 sys=0,00, real=0,00 secs] 
73,751: [GC (Allocation Failure) [PSYoungGen: 384608K->96K(368640K)] 386579K->2067K(543744K), 0,0004973 secs] [Times: user=0,00 sys=0,00, real=0,00 secs] 
73,816: [GC (Allocation Failure) [PSYoungGen: 368224K->96K(353280K)] 370195K->2067K(528384K), 0,0005081 secs] [Times: user=0,00 sys=0,00, real=0,00 secs] 
73,878: [GC (Allocation Failure) [PSYoungGen: 352864K->96K(338432K)] 354835K->2067K(513536K), 0,0005278 secs] [Times: user=0,00 sys=0,00, real=0,00 secs] 
73,942: [GC (Allocation Failure) [PSYoungGen: 338016K->64K(324608K)] 339987K->2035K(499712K), 0,0009671 secs] [Times: user=0,01 sys=0,00, real=0,00 secs] 
73,999: [GC (Allocation Failure) [PSYoungGen: 324160K->64K(311296K)] 326131K->2035K(486400K), 0,0006930 secs] [Times: user=0,00 sys=0,00, real=0,00 secs] 
74,053: [GC (Allocation Failure) [PSYoungGen: 310848K->96K(298496K)] 312819K->2067K(473600K), 0,0005004 secs] [Times: user=0,00 sys=0,00, real=0,00 secs] 
74,106: [GC (Allocation Failure) [PSYoungGen: 298080K->96K(286720K)] 300051K->2067K(461824K), 0,0005061 secs] [Times: user=0,00 sys=0,00, real=0,00 secs] 
74,156: [GC (Allocation Failure) [PSYoungGen: 286304K->96K(275456K)] 288275K->2067K(450560K), 0,0005005 secs] [Times: user=0,00 sys=0,00, real=0,00 secs] 
74,204: [GC (Allocation Failure) [PSYoungGen: 275040K->64K(264704K)] 277011K->2035K(439808K), 0,0004622 secs] [Times: user=0,00 sys=0,00, real=0,00 secs] 
74,250: [GC (Allocation Failure) [PSYoungGen: 264256K->96K(254464K)] 266227K->2067K(429568K), 0,0005055 secs] [Times: user=0,00 sys=0,00, real=0,00 secs] 
74,304: [GC (Allocation Failure) [PSYoungGen: 254048K->96K(244736K)] 256019K->2067K(419840K), 0,0005008 secs] [Times: user=0,00 sys=0,00, real=0,00 secs] 
74,346: [GC (Allocation Failure) [PSYoungGen: 244320K->64K(235520K)] 246291K->2035K(410624K), 0,0004654 secs] [Times: user=0,00 sys=0,00, real=0,00 secs] 
74,388: [GC (Allocation Failure) [PSYoungGen: 235072K->64K(226816K)] 237043K->2035K(401920K), 0,0004785 secs] [Times: user=0,01 sys=0,00, real=0,01 secs] 
74,428: [GC (Allocation Failure) [PSYoungGen: 226368K->96K(218112K)] 228339K->2067K(393216K), 0,0005020 secs] [Times: user=0,01 sys=0,00, real=0,00 secs] 
74,467: [GC (Allocation Failure) [PSYoungGen: 217696K->64K(261632K)] 219667K->2035K(436736K), 0,0004968 secs] [Times: user=0,00 sys=0,00, real=0,00 secs] 
74,513: [GC (Allocation Failure) [PSYoungGen: 261184K->96K(313856K)] 263155K->2067K(488960K), 0,0004906 secs] [Times: user=0,00 sys=0,00, real=0,00 secs] 
74,569: [GC (Allocation Failure) [PSYoungGen: 313440K->96K(301056K)] 315411K->2067K(476160K), 0,0005052 secs] [Times: user=0,00 sys=0,00, real=0,00 secs] 
74,621: [GC (Allocation Failure) [PSYoungGen: 300640K->96K(288768K)] 302611K->2067K(463872K), 0,0005055 secs] [Times: user=0,00 sys=0,00, real=0,00 secs] 
74,672: [GC (Allocation Failure) [PSYoungGen: 288352K->96K(277504K)] 290323K->2067K(452608K), 0,0004995 secs] [Times: user=0,00 sys=0,00, real=0,00 secs] 
74,722: [GC (Allocation Failure) [PSYoungGen: 277088K->96K(266752K)] 279059K->2067K(441856K), 0,0005085 secs] [Times: user=0,00 sys=0,00, real=0,00 secs] 
74,768: [GC (Allocation Failure) [PSYoungGen: 266336K->96K(256512K)] 268307K->2067K(431616K), 0,0004977 secs] [Times: user=0,00 sys=0,00, real=0,00 secs] 
74,813: [GC (Allocation Failure) [PSYoungGen: 256096K->96K(246784K)] 258067K->2067K(421888K), 0,0004773 secs] [Times: user=0,00 sys=0,01, real=0,00 secs] 
74,857: [GC (Allocation Failure) [PSYoungGen: 246368K->64K(237568K)] 248339K->2035K(412672K), 0,0004802 secs] [Times: user=0,00 sys=0,00, real=0,00 secs] 
74,898: [GC (Allocation Failure) [PSYoungGen: 237120K->96K(228352K)] 239091K->2067K(403456K), 0,0004723 secs] [Times: user=0,00 sys=0,00, real=0,00 secs] 
74,939: [GC (Allocation Failure) [PSYoungGen: 227936K->64K(273920K)] 229907K->2035K(449024K), 0,0007002 secs] [Times: user=0,00 sys=0,00, real=0,00 secs] 
74,988: [GC (Allocation Failure) [PSYoungGen: 273472K->96K(328704K)] 275443K->2067K(503808K), 0,0005026 secs] [Times: user=0,00 sys=0,00, real=0,00 secs] 
75,045: [GC (Allocation Failure) [PSYoungGen: 328288K->96K(394752K)] 330259K->2067K(569856K), 0,0004723 secs] [Times: user=0,00 sys=0,00, real=0,00 secs] 
75,115: [GC (Allocation Failure) [PSYoungGen: 394336K->96K(377856K)] 396307K->2067K(552960K), 0,0005104 secs] [Times: user=0,00 sys=0,00, real=0,00 secs] 
75,183: [GC (Allocation Failure) [PSYoungGen: 377440K->96K(361984K)] 379411K->2067K(537088K), 0,0005010 secs] [Times: user=0,00 sys=0,00, real=0,00 secs] 
75,247: [GC (Allocation Failure) [PSYoungGen: 361568K->96K(347136K)] 363539K->2067K(522240K), 0,0004952 secs] [Times: user=0,00 sys=0,00, real=0,00 secs] 
75,308: [GC (Allocation Failure) [PSYoungGen: 346720K->96K(332800K)] 348691K->2067K(507904K), 0,0005383 secs] [Times: user=0,00 sys=0,00, real=0,00 secs] 
75,368: [GC (Allocation Failure) [PSYoungGen: 332384K->96K(318976K)] 334355K->2067K(494080K), 0,0004871 secs] [Times: user=0,00 sys=0,00, real=0,01 secs] 
75,424: [GC (Allocation Failure) [PSYoungGen: 318560K->96K(306176K)] 320531K->2067K(481280K), 0,0005013 secs] [Times: user=0,00 sys=0,00, real=0,00 secs] 
75,478: [GC (Allocation Failure) [PSYoungGen: 305760K->96K(293888K)] 307731K->2067K(468992K), 0,0005044 secs] [Times: user=0,00 sys=0,00, real=0,00 secs] 
75,529: [GC (Allocation Failure) [PSYoungGen: 293472K->64K(282112K)] 295443K->2035K(457216K), 0,0004924 secs] [Times: user=0,00 sys=0,00, real=0,00 secs] 
75,579: [GC (Allocation Failure) [PSYoungGen: 281664K->96K(270848K)] 283635K->2067K(445952K), 0,0004931 secs] [Times: user=0,00 sys=0,00, real=0,00 secs] 
75,626: [GC (Allocation Failure) [PSYoungGen: 270432K->64K(260096K)] 272403K->2035K(435200K), 0,0004676 secs] [Times: user=0,00 sys=0,00, real=0,00 secs] 
75,673: [GC (Allocation Failure) [PSYoungGen: 259648K->64K(249856K)] 261619K->2035K(424960K), 0,0004961 secs] [Times: user=0,00 sys=0,00, real=0,00 secs] 
75,716: [GC (Allocation Failure) [PSYoungGen: 249408K->64K(240128K)] 251379K->2035K(415232K), 0,0004761 secs] [Times: user=0,01 sys=0,00, real=0,00 secs] 
75,759: [GC (Allocation Failure) [PSYoungGen: 239680K->64K(230912K)] 241651K->2035K(406016K), 0,0005042 secs] [Times: user=0,00 sys=0,00, real=0,00 secs] 
75,801: [GC (Allocation Failure) [PSYoungGen: 230464K->96K(222208K)] 232435K->2067K(397312K), 0,0004860 secs] [Times: user=0,00 sys=0,00, real=0,00 secs] 
75,841: [GC (Allocation Failure) [PSYoungGen: 221792K->32K(266752K)] 223763K->2003K(441856K), 0,0004700 secs] [Times: user=0,00 sys=0,00, real=0,00 secs] 
75,888: [GC (Allocation Failure) [PSYoungGen: 266272K->96K(256512K)] 268243K->2067K(431616K), 0,0004695 secs] [Times: user=0,00 sys=0,00, real=0,00 secs] 
75,934: [GC (Allocation Failure) [PSYoungGen: 256096K->96K(246784K)] 258067K->2067K(421888K), 0,0005050 secs] [Times: user=0,01 sys=0,00, real=0,00 secs] 
75,977: [GC (Allocation Failure) [PSYoungGen: 246368K->96K(296448K)] 248339K->2067K(471552K), 0,0005021 secs] [Times: user=0,00 sys=0,00, real=0,01 secs] 
76,029: [GC (Allocation Failure) [PSYoungGen: 296032K->64K(284672K)] 298003K->2035K(459776K), 0,0004756 secs] [Times: user=0,00 sys=0,00, real=0,00 secs] 
76,080: [GC (Allocation Failure) [PSYoungGen: 284224K->96K(273408K)] 286195K->2067K(448512K), 0,0004866 secs] [Times: user=0,00 sys=0,00, real=0,00 secs] 
76,128: [GC (Allocation Failure) [PSYoungGen: 272992K->96K(262656K)] 274963K->2067K(437760K), 0,0004653 secs] [Times: user=0,00 sys=0,00, real=0,00 secs] 
76,174: [GC (Allocation Failure) [PSYoungGen: 262240K->96K(252416K)] 264211K->2067K(427520K), 0,0004816 secs] [Times: user=0,00 sys=0,00, real=0,00 secs] 
76,218: [GC (Allocation Failure) [PSYoungGen: 252000K->96K(242688K)] 253971K->2067K(417792K), 0,0005061 secs] [Times: user=0,00 sys=0,00, real=0,00 secs] 
76,261: [GC (Allocation Failure) [PSYoungGen: 242272K->96K(233472K)] 244243K->2067K(408576K), 0,0004800 secs] [Times: user=0,00 sys=0,00, real=0,00 secs] 
76,303: [GC (Allocation Failure) [PSYoungGen: 233056K->96K(224768K)] 235027K->2067K(399872K), 0,0004827 secs] [Times: user=0,00 sys=0,00, real=0,00 secs] 
76,342: [GC (Allocation Failure) [PSYoungGen: 224352K->96K(269824K)] 226323K->2067K(444928K), 0,0004592 secs] [Times: user=0,00 sys=0,00, real=0,00 secs] 
76,390: [GC (Allocation Failure) [PSYoungGen: 269408K->64K(324096K)] 271379K->2035K(499200K), 0,0004955 secs] [Times: user=0,00 sys=0,00, real=0,00 secs] 
76,447: [GC (Allocation Failure) [PSYoungGen: 323648K->96K(310784K)] 325619K->2067K(485888K), 0,0005066 secs] [Times: user=0,00 sys=0,00, real=0,01 secs] 
76,502: [GC (Allocation Failure) [PSYoungGen: 310368K->96K(297984K)] 312339K->2067K(473088K), 0,0005100 secs] [Times: user=0,00 sys=0,00, real=0,00 secs] 
76,557: [GC (Allocation Failure) [PSYoungGen: 297568K->64K(286208K)] 299539K->2035K(461312K), 0,0004873 secs] [Times: user=0,00 sys=0,00, real=0,00 secs] 
76,607: [GC (Allocation Failure) [PSYoungGen: 285760K->96K(274944K)] 287731K->2067K(450048K), 0,0004949 secs] [Times: user=0,01 sys=0,00, real=0,00 secs] 
76,655: [GC (Allocation Failure) [PSYoungGen: 274528K->96K(264192K)] 276499K->2067K(439296K), 0,0004816 secs] [Times: user=0,00 sys=0,00, real=0,00 secs] 
76,702: [GC (Allocation Failure) [PSYoungGen: 263776K->96K(253952K)] 265747K->2067K(429056K), 0,0004719 secs] [Times: user=0,00 sys=0,00, real=0,00 secs] 
76,746: [GC (Allocation Failure) [PSYoungGen: 253536K->96K(244224K)] 255507K->2067K(419328K), 0,0004736 secs] [Times: user=0,01 sys=0,00, real=0,00 secs] 
76,789: [GC (Allocation Failure) [PSYoungGen: 243808K->96K(235008K)] 245779K->2067K(410112K), 0,0005018 secs] [Times: user=0,00 sys=0,00, real=0,00 secs] 
76,830: [GC (Allocation Failure) [PSYoungGen: 234592K->64K(226304K)] 236563K->2035K(401408K), 0,0004684 secs] [Times: user=0,00 sys=0,00, real=0,00 secs] 
76,870: [GC (Allocation Failure) [PSYoungGen: 225856K->64K(271872K)] 227827K->2035K(446976K), 0,0004504 secs] [Times: user=0,00 sys=0,00, real=0,00 secs] 
76,918: [GC (Allocation Failure) [PSYoungGen: 271424K->96K(326144K)] 273395K->2067K(501248K), 0,0006103 secs] [Times: user=0,00 sys=0,00, real=0,00 secs] 
76,975: [GC (Allocation Failure) [PSYoungGen: 325728K->96K(312832K)] 327699K->2067K(487936K), 0,0004975 secs] [Times: user=0,00 sys=0,00, real=0,00 secs] 
77,030: [GC (Allocation Failure) [PSYoungGen: 312416K->64K(300032K)] 314387K->2035K(475136K), 0,0004934 secs] [Times: user=0,00 sys=0,00, real=0,00 secs] 
77,083: [GC (Allocation Failure) [PSYoungGen: 299584K->64K(288256K)] 301555K->2035K(463360K), 0,0004789 secs] [Times: user=0,01 sys=0,00, real=0,00 secs] 
77,134: [GC (Allocation Failure) [PSYoungGen: 287808K->96K(276992K)] 289779K->2067K(452096K), 0,0005028 secs] [Times: user=0,00 sys=0,00, real=0,00 secs] 
77,183: [GC (Allocation Failure) [PSYoungGen: 276576K->96K(266240K)] 278547K->2067K(441344K), 0,0004815 secs] [Times: user=0,00 sys=0,00, real=0,00 secs] 
77,229: [GC (Allocation Failure) [PSYoungGen: 265824K->96K(256000K)] 267795K->2067K(431104K), 0,0004902 secs] [Times: user=0,00 sys=0,00, real=0,00 secs] 
77,274: [GC (Allocation Failure) [PSYoungGen: 255584K->96K(246272K)] 257555K->2067K(421376K), 0,0004738 secs] [Times: user=0,00 sys=0,00, real=0,00 secs] 
77,318: [GC (Allocation Failure) [PSYoungGen: 245856K->96K(237056K)] 247827K->2067K(412160K), 0,0005100 secs] [Times: user=0,00 sys=0,00, real=0,00 secs] 
77,359: [GC (Allocation Failure) [PSYoungGen: 236640K->96K(284672K)] 238611K->2067K(459776K), 0,0005383 secs] [Times: user=0,00 sys=0,00, real=0,00 secs] 
77,410: [GC (Allocation Failure) [PSYoungGen: 284256K->96K(273408K)] 286227K->2067K(448512K), 0,0005026 secs] [Times: user=0,01 sys=0,00, real=0,00 secs] 
77,458: [GC (Allocation Failure) [PSYoungGen: 272992K->64K(262656K)] 274963K->2035K(437760K), 0,0004742 secs] [Times: user=0,00 sys=0,00, real=0,00 secs] 
77,504: [GC (Allocation Failure) [PSYoungGen: 262208K->64K(252416K)] 264179K->2035K(427520K), 0,0005116 secs] [Times: user=0,00 sys=0,00, real=0,00 secs] 
77,548: [GC (Allocation Failure) [PSYoungGen: 251968K->96K(242688K)] 253939K->2067K(417792K), 0,0004953 secs] [Times: user=0,00 sys=0,00, real=0,00 secs] 
77,590: [GC (Allocation Failure) [PSYoungGen: 242272K->64K(233472K)] 244243K->2035K(408576K), 0,0004669 secs] [Times: user=0,00 sys=0,01, real=0,00 secs] 
77,631: [GC (Allocation Failure) [PSYoungGen: 233024K->96K(280064K)] 234995K->2067K(455168K), 0,0004933 secs] [Times: user=0,00 sys=0,00, real=0,00 secs] 
77,680: [GC (Allocation Failure) [PSYoungGen: 279648K->64K(268800K)] 281619K->2035K(443904K), 0,0004832 secs] [Times: user=0,00 sys=0,00, real=0,00 secs] 
77,728: [GC (Allocation Failure) [PSYoungGen: 268352K->96K(258048K)] 270323K->2067K(433152K), 0,0004688 secs] [Times: user=0,00 sys=0,00, real=0,00 secs] 
77,773: [GC (Allocation Failure) [PSYoungGen: 257632K->64K(247808K)] 259603K->2035K(422912K), 0,0004676 secs] [Times: user=0,00 sys=0,00, real=0,00 secs] 
77,817: [GC (Allocation Failure) [PSYoungGen: 247360K->96K(238080K)] 249331K->2067K(413184K), 0,0004855 secs] [Times: user=0,00 sys=0,00, real=0,00 secs] 
77,859: [GC (Allocation Failure) [PSYoungGen: 237664K->64K(228864K)] 239635K->2035K(403968K), 0,0004512 secs] [Times: user=0,00 sys=0,00, real=0,00 secs] 
77,899: [GC (Allocation Failure) [PSYoungGen: 228416K->96K(274944K)] 230387K->2067K(450048K), 0,0004634 secs] [Times: user=0,00 sys=0,00, real=0,00 secs] 
77,947: [GC (Allocation Failure) [PSYoungGen: 274528K->96K(264192K)] 276499K->2067K(439296K), 0,0005067 secs] [Times: user=0,00 sys=0,00, real=0,00 secs] 
77,994: [GC (Allocation Failure) [PSYoungGen: 263776K->96K(253952K)] 265747K->2067K(429056K), 0,0005285 secs] [Times: user=0,01 sys=0,00, real=0,00 secs] 
78,039: [GC (Allocation Failure) [PSYoungGen: 253536K->96K(304640K)] 255507K->2067K(479744K), 0,0005101 secs] [Times: user=0,00 sys=0,00, real=0,00 secs] 
78,094: [GC (Allocation Failure) [PSYoungGen: 304224K->64K(292352K)] 306195K->2035K(467456K), 0,0004678 secs] [Times: user=0,00 sys=0,00, real=0,00 secs] 
78,146: [GC (Allocation Failure) [PSYoungGen: 291904K->96K(280576K)] 293875K->2067K(455680K), 0,0004853 secs] [Times: user=0,00 sys=0,00, real=0,00 secs] 
78,195: [GC (Allocation Failure) [PSYoungGen: 280160K->64K(269312K)] 282131K->2035K(444416K), 0,0004780 secs] [Times: user=0,00 sys=0,00, real=0,00 secs] 
78,243: [GC (Allocation Failure) [PSYoungGen: 268864K->96K(258560K)] 270835K->2067K(433664K), 0,0004904 secs] [Times: user=0,00 sys=0,00, real=0,00 secs] 
78,290: [GC (Allocation Failure) [PSYoungGen: 258144K->64K(310272K)] 260115K->2035K(485376K), 0,0006991 secs] [Times: user=0,01 sys=0,00, real=0,00 secs] 
78,346: [GC (Allocation Failure) [PSYoungGen: 309824K->96K(297984K)] 311795K->2067K(473088K), 0,0004942 secs] [Times: user=0,00 sys=0,00, real=0,00 secs] 
78,399: [GC (Allocation Failure) [PSYoungGen: 297568K->64K(286208K)] 299539K->2035K(461312K), 0,0005337 secs] [Times: user=0,01 sys=0,00, real=0,00 secs] 
78,450: [GC (Allocation Failure) [PSYoungGen: 285760K->96K(274944K)] 287731K->2067K(450048K), 0,0005246 secs] [Times: user=0,00 sys=0,00, real=0,00 secs] 
78,499: [GC (Allocation Failure) [PSYoungGen: 274528K->96K(264192K)] 276499K->2067K(439296K), 0,0004621 secs] [Times: user=0,01 sys=0,00, real=0,00 secs] 
78,545: [GC (Allocation Failure) [PSYoungGen: 263776K->96K(253952K)] 265747K->2067K(429056K), 0,0004993 secs] [Times: user=0,00 sys=0,00, real=0,00 secs] 
78,590: [GC (Allocation Failure) [PSYoungGen: 253536K->64K(244224K)] 255507K->2035K(419328K), 0,0005020 secs] [Times: user=0,00 sys=0,00, real=0,00 secs] 
78,633: [GC (Allocation Failure) [PSYoungGen: 243776K->96K(235008K)] 245747K->2067K(410112K), 0,0004701 secs] [Times: user=0,00 sys=0,00, real=0,00 secs] 
78,674: [GC (Allocation Failure) [PSYoungGen: 234592K->64K(226304K)] 236563K->2035K(401408K), 0,0004561 secs] [Times: user=0,00 sys=0,00, real=0,00 secs] 
78,714: [GC (Allocation Failure) [PSYoungGen: 225856K->96K(271872K)] 227827K->2067K(446976K), 0,0004573 secs] [Times: user=0,00 sys=0,00, real=0,00 secs] 
78,761: [GC (Allocation Failure) [PSYoungGen: 271456K->64K(261120K)] 273427K->2035K(436224K), 0,0004801 secs] [Times: user=0,00 sys=0,00, real=0,00 secs] 
78,807: [GC (Allocation Failure) [PSYoungGen: 260672K->96K(250880K)] 262643K->2067K(425984K), 0,0004684 secs] [Times: user=0,00 sys=0,00, real=0,00 secs] 
78,851: [GC (Allocation Failure) [PSYoungGen: 250464K->96K(241152K)] 252435K->2067K(416256K), 0,0004963 secs] [Times: user=0,00 sys=0,00, real=0,00 secs] 
78,893: [GC (Allocation Failure) [PSYoungGen: 240736K->64K(289280K)] 242707K->2035K(464384K), 0,0004714 secs] [Times: user=0,00 sys=0,00, real=0,00 secs] 
78,944: [GC (Allocation Failure) [PSYoungGen: 288832K->32K(347136K)] 290803K->2003K(522240K), 0,0011432 secs] [Times: user=0,01 sys=0,00, real=0,00 secs] 
79,006: [GC (Allocation Failure) [PSYoungGen: 346656K->96K(416768K)] 348627K->2067K(591872K), 0,0004981 secs] [Times: user=0,00 sys=0,00, real=0,00 secs] 
79,079: [GC (Allocation Failure) [PSYoungGen: 416352K->96K(500224K)] 418323K->2067K(675328K), 0,0004836 secs] [Times: user=0,00 sys=0,00, real=0,00 secs] 
79,168: [GC (Allocation Failure) [PSYoungGen: 499808K->96K(478208K)] 501779K->2067K(653312K), 0,0005005 secs] [Times: user=0,00 sys=0,00, real=0,00 secs] 
79,254: [GC (Allocation Failure) [PSYoungGen: 477791K->96K(457216K)] 479763K->2067K(632320K), 0,0004975 secs] [Times: user=0,00 sys=0,00, real=0,00 secs] 
79,335: [GC (Allocation Failure) [PSYoungGen: 456800K->64K(437248K)] 458771K->2035K(612352K), 0,0004989 secs] [Times: user=0,00 sys=0,00, real=0,00 secs] 
79,412: [GC (Allocation Failure) [PSYoungGen: 436800K->96K(418304K)] 438771K->2067K(593408K), 0,0004645 secs] [Times: user=0,00 sys=0,00, real=0,00 secs] 
79,486: [GC (Allocation Failure) [PSYoungGen: 417888K->64K(400384K)] 419859K->2035K(575488K), 0,0005048 secs] [Times: user=0,00 sys=0,00, real=0,00 secs] 
79,557: [GC (Allocation Failure) [PSYoungGen: 399936K->96K(383488K)] 401907K->2067K(558592K), 0,0004842 secs] [Times: user=0,00 sys=0,00, real=0,01 secs] 
79,624: [GC (Allocation Failure) [PSYoungGen: 383072K->64K(367616K)] 385043K->2035K(542720K), 0,0004768 secs] [Times: user=0,00 sys=0,00, real=0,00 secs] 
79,689: [GC (Allocation Failure) [PSYoungGen: 367168K->64K(352256K)] 369139K->2035K(527360K), 0,0004809 secs] [Times: user=0,01 sys=0,00, real=0,00 secs] 
79,750: [GC (Allocation Failure) [PSYoungGen: 351808K->96K(337920K)] 353779K->2067K(513024K), 0,0004946 secs] [Times: user=0,00 sys=0,00, real=0,00 secs] 
79,809: [GC (Allocation Failure) [PSYoungGen: 337504K->96K(324096K)] 339475K->2067K(499200K), 0,0004873 secs] [Times: user=0,00 sys=0,00, real=0,00 secs] 
79,866: [GC (Allocation Failure) [PSYoungGen: 323680K->64K(310784K)] 325651K->2035K(485888K), 0,0004606 secs] [Times: user=0,00 sys=0,00, real=0,00 secs] 
79,920: [GC (Allocation Failure) [PSYoungGen: 310336K->96K(297984K)] 312307K->2067K(473088K), 0,0005021 secs] [Times: user=0,00 sys=0,00, real=0,00 secs] 
79,972: [GC (Allocation Failure) [PSYoungGen: 297568K->96K(286208K)] 299539K->2067K(461312K), 0,0004895 secs] [Times: user=0,00 sys=0,00, real=0,00 secs] 
80,022: [GC (Allocation Failure) [PSYoungGen: 285792K->64K(274944K)] 287763K->2035K(450048K), 0,0004669 secs] [Times: user=0,00 sys=0,00, real=0,00 secs] 
80,070: [GC (Allocation Failure) [PSYoungGen: 274496K->96K(264192K)] 276467K->2067K(439296K), 0,0006699 secs] [Times: user=0,00 sys=0,00, real=0,00 secs] 
80,117: [GC (Allocation Failure) [PSYoungGen: 263776K->96K(253952K)] 265747K->2067K(429056K), 0,0004686 secs] [Times: user=0,00 sys=0,00, real=0,00 secs] 
80,161: [GC (Allocation Failure) [PSYoungGen: 253536K->96K(244224K)] 255507K->2067K(419328K), 0,0004786 secs] [Times: user=0,00 sys=0,00, real=0,00 secs] 
80,204: [GC (Allocation Failure) [PSYoungGen: 243808K->96K(235008K)] 245779K->2067K(410112K), 0,0004670 secs] [Times: user=0,01 sys=0,00, real=0,00 secs] 
80,245: [GC (Allocation Failure) [PSYoungGen: 234592K->96K(226304K)] 236563K->2067K(401408K), 0,0004707 secs] [Times: user=0,00 sys=0,00, real=0,00 secs] 
80,292: [GC (Allocation Failure) [PSYoungGen: 225888K->96K(217600K)] 227859K->2067K(392704K), 0,0005177 secs] [Times: user=0,00 sys=0,00, real=0,00 secs] 
80,331: [GC (Allocation Failure) [PSYoungGen: 217184K->96K(261120K)] 219155K->2091K(436224K), 0,0005256 secs] [Times: user=0,00 sys=0,00, real=0,00 secs] 
80,377: [GC (Allocation Failure) [PSYoungGen: 260704K->96K(313344K)] 262699K->2091K(488448K), 0,0004990 secs] [Times: user=0,00 sys=0,00, real=0,01 secs] 
80,433: [GC (Allocation Failure) [PSYoungGen: 312928K->96K(300544K)] 314923K->2091K(475648K), 0,0005013 secs] [Times: user=0,00 sys=0,00, real=0,00 secs] 
80,485: [GC (Allocation Failure) [PSYoungGen: 300128K->64K(288256K)] 302123K->2059K(463360K), 0,0004994 secs] [Times: user=0,00 sys=0,00, real=0,00 secs] 
80,536: [GC (Allocation Failure) [PSYoungGen: 287808K->96K(276992K)] 289803K->2091K(452096K), 0,0004816 secs] [Times: user=0,00 sys=0,00, real=0,00 secs] 
80,584: [GC (Allocation Failure) [PSYoungGen: 276576K->96K(266240K)] 278571K->2091K(441344K), 0,0004817 secs] [Times: user=0,00 sys=0,00, real=0,00 secs] 
80,631: [GC (Allocation Failure) [PSYoungGen: 265824K->96K(256000K)] 267819K->2091K(431104K), 0,0004934 secs] [Times: user=0,00 sys=0,00, real=0,00 secs] 
80,676: [GC (Allocation Failure) [PSYoungGen: 255584K->96K(246272K)] 257579K->2091K(421376K), 0,0004995 secs] [Times: user=0,00 sys=0,00, real=0,00 secs] 
80,719: [GC (Allocation Failure) [PSYoungGen: 245856K->96K(237056K)] 247851K->2091K(412160K), 0,0004847 secs] [Times: user=0,00 sys=0,00, real=0,00 secs] 
80,761: [GC (Allocation Failure) [PSYoungGen: 236640K->32K(284672K)] 238635K->2027K(459776K), 0,0005064 secs] [Times: user=0,01 sys=0,00, real=0,00 secs] 
80,811: [GC (Allocation Failure) [PSYoungGen: 284192K->64K(273408K)] 286187K->2059K(448512K), 0,0004991 secs] [Times: user=0,01 sys=0,00, real=0,00 secs] 
80,858: [GC (Allocation Failure) [PSYoungGen: 272960K->96K(262656K)] 274955K->2091K(437760K), 0,0004897 secs] [Times: user=0,00 sys=0,00, real=0,00 secs] 
80,904: [GC (Allocation Failure) [PSYoungGen: 262240K->96K(252416K)] 264235K->2091K(427520K), 0,0004851 secs] [Times: user=0,00 sys=0,00, real=0,00 secs] 
80,949: [GC (Allocation Failure) [PSYoungGen: 252000K->96K(242688K)] 253995K->2091K(417792K), 0,0005105 secs] [Times: user=0,01 sys=0,00, real=0,00 secs] 
80,992: [GC (Allocation Failure) [PSYoungGen: 242272K->64K(291328K)] 244267K->2059K(466432K), 0,0007059 secs] [Times: user=0,00 sys=0,00, real=0,00 secs] 
81,043: [GC (Allocation Failure) [PSYoungGen: 290880K->96K(349696K)] 292875K->2091K(524800K), 0,0004795 secs] [Times: user=0,00 sys=0,00, real=0,00 secs] 
81,104: [GC (Allocation Failure) [PSYoungGen: 349280K->96K(335360K)] 351275K->2091K(510464K), 0,0005041 secs] [Times: user=0,00 sys=0,00, real=0,00 secs] 
81,163: [GC (Allocation Failure) [PSYoungGen: 334944K->96K(321536K)] 336939K->2091K(496640K), 0,0004818 secs] [Times: user=0,00 sys=0,00, real=0,00 secs] 
81,219: [GC (Allocation Failure) [PSYoungGen: 321120K->96K(308224K)] 323115K->2091K(483328K), 0,0004898 secs] [Times: user=0,00 sys=0,00, real=0,00 secs] 
81,273: [GC (Allocation Failure) [PSYoungGen: 307808K->96K(295936K)] 309803K->2091K(471040K), 0,0004878 secs] [Times: user=0,00 sys=0,00, real=0,00 secs] 
81,324: [GC (Allocation Failure) [PSYoungGen: 295520K->64K(284160K)] 297515K->2059K(459264K), 0,0005239 secs] [Times: user=0,00 sys=0,00, real=0,00 secs] 
81,374: [GC (Allocation Failure) [PSYoungGen: 283712K->96K(272896K)] 285707K->2091K(448000K), 0,0004796 secs] [Times: user=0,00 sys=0,00, real=0,00 secs] 
81,422: [GC (Allocation Failure) [PSYoungGen: 272480K->96K(262144K)] 274475K->2091K(437248K), 0,0004782 secs] [Times: user=0,00 sys=0,00, real=0,00 secs] 
81,468: [GC (Allocation Failure) [PSYoungGen: 261728K->64K(251904K)] 263723K->2059K(427008K), 0,0005681 secs] [Times: user=0,00 sys=0,00, real=0,00 secs] 
81,512: [GC (Allocation Failure) [PSYoungGen: 251456K->96K(242176K)] 253451K->2091K(417280K), 0,0004984 secs] [Times: user=0,00 sys=0,00, real=0,00 secs] 
81,555: [GC (Allocation Failure) [PSYoungGen: 241760K->96K(232960K)] 243755K->2091K(408064K), 0,0004925 secs] [Times: user=0,00 sys=0,00, real=0,00 secs] 
81,596: [GC (Allocation Failure) [PSYoungGen: 232544K->64K(224256K)] 234539K->2059K(399360K), 0,0004675 secs] [Times: user=0,00 sys=0,00, real=0,00 secs] 
81,635: [GC (Allocation Failure) [PSYoungGen: 223808K->64K(269312K)] 225803K->2059K(444416K), 0,0004713 secs] [Times: user=0,00 sys=0,00, real=0,00 secs] 
81,682: [GC (Allocation Failure) [PSYoungGen: 268864K->64K(258560K)] 270859K->2059K(433664K), 0,0004671 secs] [Times: user=0,01 sys=0,00, real=0,00 secs] 
81,727: [GC (Allocation Failure) [PSYoungGen: 258112K->64K(248320K)] 260107K->2059K(423424K), 0,0004875 secs] [Times: user=0,00 sys=0,00, real=0,00 secs] 
81,771: [GC (Allocation Failure) [PSYoungGen: 247872K->32K(297984K)] 249867K->2027K(473088K), 0,0009758 secs] [Times: user=0,01 sys=0,00, real=0,00 secs] 
81,824: [GC (Allocation Failure) [PSYoungGen: 297504K->32K(357888K)] 299499K->2027K(532992K), 0,0005074 secs] [Times: user=0,00 sys=0,00, real=0,00 secs] 
81,887: [GC (Allocation Failure) [PSYoungGen: 357408K->64K(429568K)] 359403K->2059K(604672K), 0,0004831 secs] [Times: user=0,00 sys=0,00, real=0,00 secs] 
81,962: [GC (Allocation Failure) [PSYoungGen: 429120K->96K(411136K)] 431115K->2091K(586240K), 0,0005048 secs] [Times: user=0,00 sys=0,00, real=0,00 secs] 
82,034: [GC (Allocation Failure) [PSYoungGen: 410720K->96K(393728K)] 412715K->2091K(568832K), 0,0005027 secs] [Times: user=0,00 sys=0,00, real=0,00 secs] 
82,103: [GC (Allocation Failure) [PSYoungGen: 393312K->96K(377344K)] 395307K->2091K(552448K), 0,0004996 secs] [Times: user=0,00 sys=0,00, real=0,00 secs] 
82,169: [GC (Allocation Failure) [PSYoungGen: 376928K->96K(361472K)] 378923K->2091K(536576K), 0,0004862 secs] [Times: user=0,00 sys=0,00, real=0,00 secs] 
82,233: [GC (Allocation Failure) [PSYoungGen: 361056K->96K(346624K)] 363051K->2091K(521728K), 0,0004834 secs] [Times: user=0,00 sys=0,00, real=0,00 secs] 
82,293: [GC (Allocation Failure) [PSYoungGen: 346208K->96K(332288K)] 348203K->2091K(507392K), 0,0004894 secs] [Times: user=0,00 sys=0,00, real=0,00 secs] 
82,352: [GC (Allocation Failure) [PSYoungGen: 331872K->96K(318464K)] 333867K->2091K(493568K), 0,0005309 secs] [Times: user=0,00 sys=0,00, real=0,00 secs] 
82,408: [GC (Allocation Failure) [PSYoungGen: 318048K->96K(305664K)] 320043K->2091K(480768K), 0,0004874 secs] [Times: user=0,00 sys=0,00, real=0,00 secs] 
82,462: [GC (Allocation Failure) [PSYoungGen: 305248K->96K(293376K)] 307243K->2091K(468480K), 0,0005002 secs] [Times: user=0,00 sys=0,00, real=0,00 secs] 
82,514: [GC (Allocation Failure) [PSYoungGen: 292960K->96K(281600K)] 294955K->2091K(456704K), 0,0004825 secs] [Times: user=0,00 sys=0,00, real=0,00 secs] 
82,563: [GC (Allocation Failure) [PSYoungGen: 281184K->96K(270336K)] 283179K->2091K(445440K), 0,0004902 secs] [Times: user=0,00 sys=0,00, real=0,00 secs] 
82,611: [GC (Allocation Failure) [PSYoungGen: 269920K->96K(259584K)] 271915K->2091K(434688K), 0,0004777 secs] [Times: user=0,00 sys=0,00, real=0,00 secs] 
82,657: [GC (Allocation Failure) [PSYoungGen: 259168K->64K(249344K)] 261163K->2059K(424448K), 0,0004796 secs] [Times: user=0,00 sys=0,00, real=0,00 secs] 
82,701: [GC (Allocation Failure) [PSYoungGen: 248896K->64K(239616K)] 250891K->2059K(414720K), 0,0004809 secs] [Times: user=0,00 sys=0,00, real=0,00 secs] 
82,743: [GC (Allocation Failure) [PSYoungGen: 239168K->64K(230400K)] 241163K->2059K(405504K), 0,0004666 secs] [Times: user=0,00 sys=0,00, real=0,00 secs] 
82,784: [GC (Allocation Failure) [PSYoungGen: 229952K->96K(221696K)] 231947K->2091K(396800K), 0,0004878 secs] [Times: user=0,00 sys=0,00, real=0,00 secs] 
82,823: [GC (Allocation Failure) [PSYoungGen: 221280K->96K(266240K)] 223275K->2091K(441344K), 0,0004800 secs] [Times: user=0,00 sys=0,00, real=0,00 secs] 
82,869: [GC (Allocation Failure) [PSYoungGen: 265824K->96K(256000K)] 267819K->2091K(431104K), 0,0004861 secs] [Times: user=0,00 sys=0,00, real=0,00 secs] 
82,914: [GC (Allocation Failure) [PSYoungGen: 255584K->64K(246272K)] 257579K->2059K(421376K), 0,0004810 secs] [Times: user=0,00 sys=0,00, real=0,00 secs] 
82,957: [GC (Allocation Failure) [PSYoungGen: 245824K->96K(295424K)] 247819K->2091K(470528K), 0,0005410 secs] [Times: user=0,00 sys=0,00, real=0,00 secs] 
83,009: [GC (Allocation Failure) [PSYoungGen: 295008K->96K(283648K)] 297003K->2091K(458752K), 0,0004861 secs] [Times: user=0,00 sys=0,00, real=0,00 secs] 
83,060: [GC (Allocation Failure) [PSYoungGen: 283232K->96K(272384K)] 285227K->2091K(447488K), 0,0004904 secs] [Times: user=0,01 sys=0,00, real=0,00 secs] 
83,109: [GC (Allocation Failure) [PSYoungGen: 271968K->64K(261632K)] 273963K->2059K(436736K), 0,0004633 secs] [Times: user=0,00 sys=0,00, real=0,00 secs] 
83,154: [GC (Allocation Failure) [PSYoungGen: 261184K->96K(251392K)] 263179K->2091K(426496K), 0,0004838 secs] [Times: user=0,00 sys=0,00, real=0,00 secs] 
83,198: [GC (Allocation Failure) [PSYoungGen: 250976K->96K(241664K)] 252971K->2091K(416768K), 0,0004942 secs] [Times: user=0,01 sys=0,01, real=0,00 secs] 
83,240: [GC (Allocation Failure) [PSYoungGen: 241248K->96K(232448K)] 243243K->2091K(407552K), 0,0004815 secs] [Times: user=0,00 sys=0,00, real=0,00 secs] 
83,283: [GC (Allocation Failure) [PSYoungGen: 232032K->64K(279040K)] 234027K->2059K(454144K), 0,0005904 secs] [Times: user=0,00 sys=0,00, real=0,00 secs] 
83,332: [GC (Allocation Failure) [PSYoungGen: 278592K->96K(267776K)] 280587K->2091K(442880K), 0,0004893 secs] [Times: user=0,00 sys=0,00, real=0,00 secs] 
83,379: [GC (Allocation Failure) [PSYoungGen: 267360K->96K(257536K)] 269355K->2091K(432640K), 0,0005076 secs] [Times: user=0,00 sys=0,00, real=0,00 secs] 
83,424: [GC (Allocation Failure) [PSYoungGen: 257120K->96K(247296K)] 259115K->2091K(422400K), 0,0004760 secs] [Times: user=0,00 sys=0,00, real=0,00 secs] 
83,469: [GC (Allocation Failure) [PSYoungGen: 246880K->96K(237568K)] 248875K->2091K(412672K), 0,0005049 secs] [Times: user=0,00 sys=0,00, real=0,00 secs] 
83,511: [GC (Allocation Failure) [PSYoungGen: 237152K->96K(285184K)] 239147K->2091K(460288K), 0,0004747 secs] [Times: user=0,00 sys=0,00, real=0,00 secs] 
83,561: [GC (Allocation Failure) [PSYoungGen: 284768K->96K(273920K)] 286763K->2091K(449024K), 0,0004606 secs] [Times: user=0,00 sys=0,00, real=0,00 secs] 
83,608: [GC (Allocation Failure) [PSYoungGen: 273504K->96K(263168K)] 275499K->2091K(438272K), 0,0004549 secs] [Times: user=0,00 sys=0,00, real=0,00 secs] 
83,654: [GC (Allocation Failure) [PSYoungGen: 262752K->96K(252928K)] 264747K->2091K(428032K), 0,0004709 secs] [Times: user=0,00 sys=0,00, real=0,00 secs] 
83,699: [GC (Allocation Failure) [PSYoungGen: 252512K->96K(243200K)] 254507K->2091K(418304K), 0,0004677 secs] [Times: user=0,00 sys=0,00, real=0,00 secs] 
83,741: [GC (Allocation Failure) [PSYoungGen: 242784K->96K(233984K)] 244779K->2091K(409088K), 0,0004537 secs] [Times: user=0,00 sys=0,00, real=0,00 secs] 
83,783: [GC (Allocation Failure) [PSYoungGen: 233568K->64K(225280K)] 235563K->2059K(400384K), 0,0004895 secs] [Times: user=0,01 sys=0,00, real=0,00 secs] 
83,822: [GC (Allocation Failure) [PSYoungGen: 224832K->64K(270336K)] 226827K->2059K(445440K), 0,0004747 secs] [Times: user=0,01 sys=0,00, real=0,00 secs] 
83,870: [GC (Allocation Failure) [PSYoungGen: 269887K->64K(259584K)] 271883K->2059K(434688K), 0,0004621 secs] [Times: user=0,00 sys=0,00, real=0,00 secs] 
83,916: [GC (Allocation Failure) [PSYoungGen: 259136K->96K(249344K)] 261131K->2091K(424448K), 0,0004510 secs] [Times: user=0,00 sys=0,00, real=0,00 secs] 
83,961: [GC (Allocation Failure) [PSYoungGen: 248928K->96K(299520K)] 250923K->2091K(474624K), 0,0006312 secs] [Times: user=0,00 sys=0,00, real=0,00 secs] 
84,018: [GC (Allocation Failure) [PSYoungGen: 299104K->96K(287744K)] 301099K->2091K(462848K), 0,0004816 secs] [Times: user=0,00 sys=0,00, real=0,00 secs] 
84,068: [GC (Allocation Failure) [PSYoungGen: 287328K->64K(276480K)] 289323K->2059K(451584K), 0,0004987 secs] [Times: user=0,00 sys=0,00, real=0,00 secs] 
84,117: [GC (Allocation Failure) [PSYoungGen: 276032K->96K(265728K)] 278027K->2091K(440832K), 0,0004814 secs] [Times: user=0,00 sys=0,00, real=0,01 secs] 
84,163: [GC (Allocation Failure) [PSYoungGen: 265312K->96K(255488K)] 267307K->2091K(430592K), 0,0004677 secs] [Times: user=0,00 sys=0,00, real=0,00 secs] 
84,208: [GC (Allocation Failure) [PSYoungGen: 255072K->64K(245760K)] 257067K->2059K(420864K), 0,0004663 secs] [Times: user=0,01 sys=0,00, real=0,00 secs] 
84,251: [GC (Allocation Failure) [PSYoungGen: 245312K->96K(236544K)] 247307K->2091K(411648K), 0,0004736 secs] [Times: user=0,00 sys=0,00, real=0,00 secs] 
84,292: [GC (Allocation Failure) [PSYoungGen: 236128K->96K(227328K)] 238123K->2091K(402432K), 0,0004623 secs] [Times: user=0,00 sys=0,00, real=0,00 secs] 
84,332: [GC (Allocation Failure) [PSYoungGen: 226912K->96K(272896K)] 228907K->2091K(448000K), 0,0004828 secs] [Times: user=0,00 sys=0,00, real=0,00 secs] 
84,380: [GC (Allocation Failure) [PSYoungGen: 272480K->96K(262144K)] 274475K->2091K(437248K), 0,0005023 secs] [Times: user=0,00 sys=0,00, real=0,00 secs] 
84,426: [GC (Allocation Failure) [PSYoungGen: 261728K->64K(251904K)] 263723K->2059K(427008K), 0,0004917 secs] [Times: user=0,01 sys=0,00, real=0,00 secs] 
84,471: [GC (Allocation Failure) [PSYoungGen: 251456K->96K(242176K)] 253451K->2091K(417280K), 0,0004771 secs] [Times: user=0,00 sys=0,00, real=0,00 secs] 
84,513: [GC (Allocation Failure) [PSYoungGen: 241760K->64K(232960K)] 243755K->2059K(408064K), 0,0004653 secs] [Times: user=0,00 sys=0,00, real=0,00 secs] 
84,554: [GC (Allocation Failure) [PSYoungGen: 232512K->64K(279552K)] 234507K->2059K(454656K), 0,0004838 secs] [Times: user=0,01 sys=0,00, real=0,00 secs] 
84,603: [GC (Allocation Failure) [PSYoungGen: 279104K->64K(335360K)] 281099K->2059K(510464K), 0,0005246 secs] [Times: user=0,00 sys=0,00, real=0,00 secs] 
84,663: [GC (Allocation Failure) [PSYoungGen: 334912K->96K(321536K)] 336907K->2091K(496640K), 0,0004670 secs] [Times: user=0,00 sys=0,00, real=0,00 secs] 
84,720: [GC (Allocation Failure) [PSYoungGen: 321120K->64K(308224K)] 323115K->2059K(483328K), 0,0004739 secs] [Times: user=0,00 sys=0,00, real=0,00 secs] 
84,774: [GC (Allocation Failure) [PSYoungGen: 307776K->64K(295936K)] 309771K->2059K(471040K), 0,0004686 secs] [Times: user=0,00 sys=0,00, real=0,00 secs] 
84,826: [GC (Allocation Failure) [PSYoungGen: 295488K->64K(284160K)] 297483K->2059K(459264K), 0,0004902 secs] [Times: user=0,00 sys=0,00, real=0,00 secs] 
84,877: [GC (Allocation Failure) [PSYoungGen: 283712K->96K(272896K)] 285707K->2091K(448000K), 0,0004555 secs] [Times: user=0,00 sys=0,00, real=0,01 secs] 
84,926: [GC (Allocation Failure) [PSYoungGen: 272480K->96K(262144K)] 274475K->2091K(437248K), 0,0004503 secs] [Times: user=0,00 sys=0,00, real=0,00 secs] 
84,972: [GC (Allocation Failure) [PSYoungGen: 261728K->64K(251904K)] 263723K->2059K(427008K), 0,0004989 secs] [Times: user=0,00 sys=0,00, real=0,00 secs] 
85,016: [GC (Allocation Failure) [PSYoungGen: 251456K->96K(242176K)] 253451K->2091K(417280K), 0,0005036 secs] [Times: user=0,00 sys=0,00, real=0,00 secs] 
85,059: [GC (Allocation Failure) [PSYoungGen: 241760K->64K(232960K)] 243755K->2059K(408064K), 0,0004713 secs] [Times: user=0,00 sys=0,00, real=0,00 secs] 
85,100: [GC (Allocation Failure) [PSYoungGen: 232512K->96K(224256K)] 234507K->2091K(399360K), 0,0004646 secs] [Times: user=0,01 sys=0,00, real=0,00 secs] 
85,139: [GC (Allocation Failure) [PSYoungGen: 223840K->32K(269312K)] 225835K->2027K(444416K), 0,0004760 secs] [Times: user=0,01 sys=0,00, real=0,00 secs] 
85,186: [GC (Allocation Failure) [PSYoungGen: 268832K->96K(258560K)] 270827K->2091K(433664K), 0,0004673 secs] [Times: user=0,00 sys=0,00, real=0,00 secs] 
85,232: [GC (Allocation Failure) [PSYoungGen: 258144K->96K(248320K)] 260139K->2091K(423424K), 0,0004630 secs] [Times: user=0,00 sys=0,00, real=0,00 secs] 
85,276: [GC (Allocation Failure) [PSYoungGen: 247904K->96K(238592K)] 249899K->2091K(413696K), 0,0004983 secs] [Times: user=0,00 sys=0,00, real=0,00 secs] 
85,318: [GC (Allocation Failure) [PSYoungGen: 238176K->64K(286208K)] 240171K->2059K(461312K), 0,0004885 secs] [Times: user=0,00 sys=0,00, real=0,00 secs] 
85,368: [GC (Allocation Failure) [PSYoungGen: 285760K->32K(274944K)] 287755K->2027K(450048K), 0,0004724 secs] [Times: user=0,00 sys=0,00, real=0,00 secs] 
85,415: [GC (Allocation Failure) [PSYoungGen: 274464K->64K(264192K)] 276459K->2059K(439296K), 0,0004657 secs] [Times: user=0,00 sys=0,00, real=0,00 secs] 
85,462: [GC (Allocation Failure) [PSYoungGen: 263744K->96K(253952K)] 265739K->2091K(429056K), 0,0005070 secs] [Times: user=0,00 sys=0,00, real=0,00 secs] 
85,507: [GC (Allocation Failure) [PSYoungGen: 253536K->96K(244224K)] 255531K->2091K(419328K), 0,0004674 secs] [Times: user=0,00 sys=0,00, real=0,00 secs] 
85,549: [GC (Allocation Failure) [PSYoungGen: 243808K->96K(235008K)] 245803K->2091K(410112K), 0,0005057 secs] [Times: user=0,00 sys=0,00, real=0,00 secs] 
85,591: [GC (Allocation Failure) [PSYoungGen: 234592K->64K(282112K)] 236587K->2059K(457216K), 0,0004704 secs] [Times: user=0,00 sys=0,00, real=0,00 secs] 
85,641: [GC (Allocation Failure) [PSYoungGen: 281664K->64K(270848K)] 283659K->2059K(445952K), 0,0004830 secs] [Times: user=0,00 sys=0,00, real=0,00 secs] 
85,689: [GC (Allocation Failure) [PSYoungGen: 270400K->96K(260096K)] 272395K->2091K(435200K), 0,0004733 secs] [Times: user=0,00 sys=0,00, real=0,00 secs] 
85,736: [GC (Allocation Failure) [PSYoungGen: 259680K->32K(249856K)] 261675K->2027K(424960K), 0,0004733 secs] [Times: user=0,00 sys=0,00, real=0,00 secs] 
85,780: [GC (Allocation Failure) [PSYoungGen: 249376K->96K(240128K)] 251371K->2091K(415232K), 0,0004691 secs] [Times: user=0,00 sys=0,00, real=0,00 secs] 
85,822: [GC (Allocation Failure) [PSYoungGen: 239712K->96K(230912K)] 241707K->2091K(406016K), 0,0004553 secs] [Times: user=0,01 sys=0,00, real=0,00 secs] 
85,862: [GC (Allocation Failure) [PSYoungGen: 230496K->64K(222208K)] 232491K->2059K(397312K), 0,0004638 secs] [Times: user=0,00 sys=0,00, real=0,00 secs] 
85,902: [GC (Allocation Failure) [PSYoungGen: 221760K->96K(266752K)] 223755K->2091K(441856K), 0,0005093 secs] [Times: user=0,01 sys=0,00, real=0,00 secs] 
85,948: [GC (Allocation Failure) [PSYoungGen: 266336K->96K(320000K)] 268331K->2091K(495104K), 0,0004973 secs] [Times: user=0,00 sys=0,00, real=0,00 secs] 
86,005: [GC (Allocation Failure) [PSYoungGen: 319584K->96K(307200K)] 321579K->2091K(482304K), 0,0004899 secs] [Times: user=0,00 sys=0,00, real=0,00 secs] 
86,059: [GC (Allocation Failure) [PSYoungGen: 306784K->96K(294912K)] 308779K->2091K(470016K), 0,0004712 secs] [Times: user=0,01 sys=0,01, real=0,00 secs] 
86,111: [GC (Allocation Failure) [PSYoungGen: 294496K->64K(283136K)] 296491K->2059K(458240K), 0,0004749 secs] [Times: user=0,00 sys=0,00, real=0,00 secs] 
86,161: [GC (Allocation Failure) [PSYoungGen: 282688K->64K(271872K)] 284683K->2059K(446976K), 0,0004652 secs] [Times: user=0,00 sys=0,00, real=0,00 secs] 
86,208: [GC (Allocation Failure) [PSYoungGen: 271424K->96K(261120K)] 273419K->2091K(436224K), 0,0004693 secs] [Times: user=0,01 sys=0,00, real=0,00 secs] 
86,254: [GC (Allocation Failure) [PSYoungGen: 260704K->96K(250880K)] 262699K->2091K(425984K), 0,0004676 secs] [Times: user=0,00 sys=0,00, real=0,00 secs] 
86,298: [GC (Allocation Failure) [PSYoungGen: 250464K->96K(241152K)] 252459K->2091K(416256K), 0,0004677 secs] [Times: user=0,01 sys=0,00, real=0,00 secs] 
86,340: [GC (Allocation Failure) [PSYoungGen: 240736K->96K(231936K)] 242731K->2091K(407040K), 0,0004770 secs] [Times: user=0,00 sys=0,00, real=0,00 secs] 
86,381: [GC (Allocation Failure) [PSYoungGen: 231520K->96K(223232K)] 233515K->2091K(398336K), 0,0004534 secs] [Times: user=0,00 sys=0,00, real=0,00 secs] 
86,420: [GC (Allocation Failure) [PSYoungGen: 222816K->96K(215040K)] 224811K->2091K(390144K), 0,0004426 secs] [Times: user=0,00 sys=0,00, real=0,00 secs] 
86,459: [GC (Allocation Failure) [PSYoungGen: 214624K->96K(258048K)] 216619K->2091K(433152K), 0,0005300 secs] [Times: user=0,00 sys=0,00, real=0,00 secs] 
86,504: [GC (Allocation Failure) [PSYoungGen: 257632K->64K(309760K)] 259627K->2059K(484864K), 0,0004908 secs] [Times: user=0,00 sys=0,00, real=0,00 secs] 
86,559: [GC (Allocation Failure) [PSYoungGen: 309312K->64K(297472K)] 311307K->2059K(472576K), 0,0004808 secs] [Times: user=0,00 sys=0,00, real=0,00 secs] 
86,611: [GC (Allocation Failure) [PSYoungGen: 297024K->96K(285696K)] 299019K->2091K(460800K), 0,0004885 secs] [Times: user=0,00 sys=0,00, real=0,00 secs] 
86,662: [GC (Allocation Failure) [PSYoungGen: 285280K->96K(274432K)] 287275K->2091K(449536K), 0,0004862 secs] [Times: user=0,00 sys=0,00, real=0,00 secs] 
86,710: [GC (Allocation Failure) [PSYoungGen: 274016K->64K(263680K)] 276011K->2067K(438784K), 0,0004738 secs] [Times: user=0,00 sys=0,00, real=0,00 secs] 
86,756: [GC (Allocation Failure) [PSYoungGen: 263232K->96K(253440K)] 265235K->2099K(428544K), 0,0004701 secs] [Times: user=0,00 sys=0,00, real=0,00 secs] 
86,801: [GC (Allocation Failure) [PSYoungGen: 253024K->96K(243712K)] 255027K->2099K(418816K), 0,0004790 secs] [Times: user=0,00 sys=0,00, real=0,00 secs] 
86,844: [GC (Allocation Failure) [PSYoungGen: 243296K->64K(234496K)] 245299K->2067K(409600K), 0,0004703 secs] [Times: user=0,00 sys=0,00, real=0,00 secs] 
86,885: [GC (Allocation Failure) [PSYoungGen: 234048K->64K(225792K)] 236051K->2067K(400896K), 0,0004584 secs] [Times: user=0,00 sys=0,00, real=0,00 secs] 
86,924: [GC (Allocation Failure) [PSYoungGen: 225344K->64K(270848K)] 227347K->2067K(445952K), 0,0004705 secs] [Times: user=0,00 sys=0,00, real=0,00 secs] 
86,972: [GC (Allocation Failure) [PSYoungGen: 270400K->96K(260096K)] 272403K->2099K(435200K), 0,0004968 secs] [Times: user=0,00 sys=0,00, real=0,00 secs] 
87,017: [GC (Allocation Failure) [PSYoungGen: 259680K->32K(249856K)] 261683K->2035K(424960K), 0,0004792 secs] [Times: user=0,00 sys=0,00, real=0,00 secs] 
87,061: [GC (Allocation Failure) [PSYoungGen: 249376K->64K(240128K)] 251379K->2067K(415232K), 0,0004676 secs] [Times: user=0,00 sys=0,00, real=0,00 secs] 
87,103: [GC (Allocation Failure) [PSYoungGen: 239680K->96K(288256K)] 241683K->2099K(463360K), 0,0004836 secs] [Times: user=0,00 sys=0,00, real=0,00 secs] 
87,154: [GC (Allocation Failure) [PSYoungGen: 287840K->64K(276992K)] 289843K->2067K(452096K), 0,0004625 secs] [Times: user=0,00 sys=0,00, real=0,00 secs] 
87,202: [GC (Allocation Failure) [PSYoungGen: 276544K->64K(266240K)] 278547K->2067K(441344K), 0,0004629 secs] [Times: user=0,00 sys=0,00, real=0,00 secs] 
87,248: [GC (Allocation Failure) [PSYoungGen: 265792K->64K(256000K)] 267795K->2067K(431104K), 0,0004920 secs] [Times: user=0,00 sys=0,00, real=0,00 secs] 
87,294: [GC (Allocation Failure) [PSYoungGen: 255552K->96K(246272K)] 257555K->2099K(421376K), 0,0004816 secs] [Times: user=0,00 sys=0,00, real=0,00 secs] 
87,337: [GC (Allocation Failure) [PSYoungGen: 245856K->96K(237056K)] 247859K->2099K(412160K), 0,0004635 secs] [Times: user=0,01 sys=0,00, real=0,01 secs] 
87,379: [GC (Allocation Failure) [PSYoungGen: 236640K->96K(284672K)] 238643K->2099K(459776K), 0,0005540 secs] [Times: user=0,00 sys=0,00, real=0,00 secs] 
87,429: [GC (Allocation Failure) [PSYoungGen: 284256K->96K(273408K)] 286259K->2099K(448512K), 0,0004959 secs] [Times: user=0,00 sys=0,00, real=0,00 secs] 
87,476: [GC (Allocation Failure) [PSYoungGen: 272992K->96K(262656K)] 274995K->2099K(437760K), 0,0004954 secs] [Times: user=0,00 sys=0,00, real=0,00 secs] 
87,522: [GC (Allocation Failure) [PSYoungGen: 262240K->64K(252416K)] 264243K->2067K(427520K), 0,0004639 secs] [Times: user=0,00 sys=0,00, real=0,00 secs] 
87,567: [GC (Allocation Failure) [PSYoungGen: 251968K->64K(242688K)] 253971K->2067K(417792K), 0,0004673 secs] [Times: user=0,00 sys=0,00, real=0,00 secs] 
87,609: [GC (Allocation Failure) [PSYoungGen: 242240K->96K(233472K)] 244243K->2099K(408576K), 0,0004750 secs] [Times: user=0,00 sys=0,00, real=0,00 secs] 
87,651: [GC (Allocation Failure) [PSYoungGen: 233056K->64K(224768K)] 235059K->2067K(399872K), 0,0004549 secs] [Times: user=0,00 sys=0,00, real=0,00 secs] 
87,690: [GC (Allocation Failure) [PSYoungGen: 224320K->96K(269824K)] 226323K->2099K(444928K), 0,0004886 secs] [Times: user=0,00 sys=0,00, real=0,00 secs] 
87,738: [GC (Allocation Failure) [PSYoungGen: 269408K->96K(259072K)] 271411K->2099K(434176K), 0,0004630 secs] [Times: user=0,00 sys=0,00, real=0,00 secs] 
87,783: [GC (Allocation Failure) [PSYoungGen: 258656K->96K(248832K)] 260659K->2099K(423936K), 0,0004686 secs] [Times: user=0,00 sys=0,00, real=0,00 secs] 
87,827: [GC (Allocation Failure) [PSYoungGen: 248416K->64K(239104K)] 250419K->2067K(414208K), 0,0004598 secs] [Times: user=0,00 sys=0,00, real=0,00 secs] 
87,868: [GC (Allocation Failure) [PSYoungGen: 238656K->96K(287232K)] 240659K->2099K(462336K), 0,0004620 secs] [Times: user=0,00 sys=0,00, real=0,00 secs] 
87,919: [GC (Allocation Failure) [PSYoungGen: 286816K->96K(275968K)] 288819K->2099K(451072K), 0,0005063 secs] [Times: user=0,00 sys=0,00, real=0,00 secs] 
87,968: [GC (Allocation Failure) [PSYoungGen: 275552K->96K(265216K)] 277555K->2099K(440320K), 0,0005070 secs] [Times: user=0,00 sys=0,00, real=0,00 secs] 
88,016: [GC (Allocation Failure) [PSYoungGen: 264800K->64K(254976K)] 266803K->2067K(430080K), 0,0004818 secs] [Times: user=0,00 sys=0,00, real=0,00 secs] 
88,061: [GC (Allocation Failure) [PSYoungGen: 254528K->64K(245248K)] 256531K->2067K(420352K), 0,0004747 secs] [Times: user=0,00 sys=0,00, real=0,00 secs] 
88,105: [GC (Allocation Failure) [PSYoungGen: 244800K->64K(236032K)] 246803K->2067K(411136K), 0,0004963 secs] [Times: user=0,00 sys=0,00, real=0,00 secs] 
88,147: [GC (Allocation Failure) [PSYoungGen: 235584K->64K(283136K)] 237587K->2067K(458240K), 0,0004845 secs] [Times: user=0,00 sys=0,00, real=0,01 secs] 
88,197: [GC (Allocation Failure) [PSYoungGen: 282688K->96K(271872K)] 284691K->2099K(446976K), 0,0004961 secs] [Times: user=0,01 sys=0,00, real=0,01 secs] 
88,245: [GC (Allocation Failure) [PSYoungGen: 271456K->64K(261120K)] 273459K->2067K(436224K), 0,0004701 secs] [Times: user=0,00 sys=0,00, real=0,00 secs] 
88,290: [GC (Allocation Failure) [PSYoungGen: 260672K->96K(250880K)] 262675K->2099K(425984K), 0,0004864 secs] [Times: user=0,00 sys=0,00, real=0,00 secs] 
88,334: [GC (Allocation Failure) [PSYoungGen: 250464K->96K(241152K)] 252467K->2099K(416256K), 0,0004818 secs] [Times: user=0,00 sys=0,00, real=0,00 secs] 
88,376: [GC (Allocation Failure) [PSYoungGen: 240736K->64K(289280K)] 242739K->2067K(464384K), 0,0005164 secs] [Times: user=0,00 sys=0,00, real=0,00 secs] 
88,427: [GC (Allocation Failure) [PSYoungGen: 288832K->96K(278016K)] 290835K->2099K(453120K), 0,0004989 secs] [Times: user=0,00 sys=0,00, real=0,00 secs] 
88,476: [GC (Allocation Failure) [PSYoungGen: 277600K->96K(267264K)] 279603K->2099K(442368K), 0,0005004 secs] [Times: user=0,00 sys=0,00, real=0,00 secs] 
88,523: [GC (Allocation Failure) [PSYoungGen: 266848K->96K(257024K)] 268851K->2099K(432128K), 0,0005016 secs] [Times: user=0,00 sys=0,00, real=0,00 secs] 
88,568: [GC (Allocation Failure) [PSYoungGen: 256608K->96K(247296K)] 258611K->2099K(422400K), 0,0004606 secs] [Times: user=0,00 sys=0,00, real=0,00 secs] 
88,611: [GC (Allocation Failure) [PSYoungGen: 246880K->96K(237568K)] 248883K->2099K(412672K), 0,0004780 secs] [Times: user=0,00 sys=0,00, real=0,00 secs] 
88,653: [GC (Allocation Failure) [PSYoungGen: 237152K->0K(228352K)] 239155K->2003K(403456K), 0,0004735 secs] [Times: user=0,01 sys=0,00, real=0,00 secs] 
88,693: [GC (Allocation Failure) [PSYoungGen: 227840K->96K(273920K)] 229843K->2099K(449024K), 0,0004731 secs] [Times: user=0,01 sys=0,00, real=0,00 secs] 
88,741: [GC (Allocation Failure) [PSYoungGen: 273504K->64K(328704K)] 275507K->2067K(503808K), 0,0004855 secs] [Times: user=0,00 sys=0,00, real=0,00 secs] 
88,798: [GC (Allocation Failure) [PSYoungGen: 328256K->96K(315392K)] 330259K->2099K(490496K), 0,0004904 secs] [Times: user=0,00 sys=0,00, real=0,00 secs] 
88,854: [GC (Allocation Failure) [PSYoungGen: 314976K->96K(302592K)] 316979K->2099K(477696K), 0,0004704 secs] [Times: user=0,00 sys=0,00, real=0,00 secs] 
88,908: [GC (Allocation Failure) [PSYoungGen: 302176K->96K(290304K)] 304179K->2099K(465408K), 0,0005520 secs] [Times: user=0,00 sys=0,00, real=0,00 secs] 
88,960: [GC (Allocation Failure) [PSYoungGen: 289888K->96K(278528K)] 291891K->2099K(453632K), 0,0004954 secs] [Times: user=0,01 sys=0,00, real=0,00 secs] 
89,009: [GC (Allocation Failure) [PSYoungGen: 278112K->96K(267776K)] 280115K->2099K(442880K), 0,0004741 secs] [Times: user=0,00 sys=0,00, real=0,00 secs] 
89,055: [GC (Allocation Failure) [PSYoungGen: 267360K->96K(257536K)] 269363K->2099K(432640K), 0,0004705 secs] [Times: user=0,00 sys=0,00, real=0,00 secs] 
89,100: [GC (Allocation Failure) [PSYoungGen: 257120K->64K(247296K)] 259123K->2067K(422400K), 0,0004637 secs] [Times: user=0,00 sys=0,00, real=0,00 secs] 
89,144: [GC (Allocation Failure) [PSYoungGen: 246848K->64K(237568K)] 248851K->2067K(412672K), 0,0004565 secs] [Times: user=0,00 sys=0,00, real=0,00 secs] 
89,185: [GC (Allocation Failure) [PSYoungGen: 237120K->96K(228352K)] 239123K->2099K(403456K), 0,0004604 secs] [Times: user=0,00 sys=0,00, real=0,00 secs] 
89,225: [GC (Allocation Failure) [PSYoungGen: 227936K->96K(219648K)] 229939K->2099K(394752K), 0,0004678 secs] [Times: user=0,00 sys=0,00, real=0,00 secs] 
89,264: [GC (Allocation Failure) [PSYoungGen: 219232K->64K(263680K)] 221235K->2067K(438784K), 0,0004646 secs] [Times: user=0,00 sys=0,00, real=0,00 secs] 
89,310: [GC (Allocation Failure) [PSYoungGen: 263232K->96K(253440K)] 265235K->2099K(428544K), 0,0004733 secs] [Times: user=0,00 sys=0,00, real=0,00 secs] 
89,354: [GC (Allocation Failure) [PSYoungGen: 253024K->96K(243712K)] 255027K->2099K(418816K), 0,0004698 secs] [Times: user=0,00 sys=0,00, real=0,00 secs] 
89,396: [GC (Allocation Failure) [PSYoungGen: 243296K->64K(292352K)] 245299K->2067K(467456K), 0,0004726 secs] [Times: user=0,00 sys=0,00, real=0,00 secs] 
89,448: [GC (Allocation Failure) [PSYoungGen: 291904K->64K(280576K)] 293907K->2067K(455680K), 0,0005016 secs] [Times: user=0,00 sys=0,00, real=0,00 secs] 
89,498: [GC (Allocation Failure) [PSYoungGen: 280128K->96K(269312K)] 282131K->2099K(444416K), 0,0004946 secs] [Times: user=0,00 sys=0,00, real=0,00 secs] 
89,546: [GC (Allocation Failure) [PSYoungGen: 268896K->96K(258560K)] 270899K->2099K(433664K), 0,0005030 secs] [Times: user=0,00 sys=0,00, real=0,00 secs] 
89,592: [GC (Allocation Failure) [PSYoungGen: 258144K->32K(248320K)] 260147K->2035K(423424K), 0,0004746 secs] [Times: user=0,00 sys=0,00, real=0,00 secs] 
89,637: [GC (Allocation Failure) [PSYoungGen: 247840K->64K(238592K)] 249843K->2067K(413696K), 0,0004873 secs] [Times: user=0,00 sys=0,00, real=0,01 secs] 
89,680: [GC (Allocation Failure) [PSYoungGen: 238144K->96K(229376K)] 240147K->2099K(404480K), 0,0004895 secs] [Times: user=0,00 sys=0,00, real=0,00 secs] 
89,720: [GC (Allocation Failure) [PSYoungGen: 228960K->64K(275456K)] 230963K->2067K(450560K), 0,0004710 secs] [Times: user=0,00 sys=0,00, real=0,00 secs] 
89,768: [GC (Allocation Failure) [PSYoungGen: 275008K->96K(264704K)] 277011K->2099K(439808K), 0,0004710 secs] [Times: user=0,00 sys=0,00, real=0,00 secs] 
89,815: [GC (Allocation Failure) [PSYoungGen: 264288K->64K(254464K)] 266291K->2067K(429568K), 0,0004843 secs] [Times: user=0,00 sys=0,00, real=0,00 secs] 
89,859: [GC (Allocation Failure) [PSYoungGen: 254016K->96K(244736K)] 256019K->2099K(419840K), 0,0004651 secs] [Times: user=0,00 sys=0,00, real=0,00 secs] 
89,902: [GC (Allocation Failure) [PSYoungGen: 244320K->64K(235520K)] 246323K->2067K(410624K), 0,0004668 secs] [Times: user=0,00 sys=0,00, real=0,00 secs] 
89,944: [GC (Allocation Failure) [PSYoungGen: 235072K->96K(282624K)] 237075K->2099K(457728K), 0,0005247 secs] [Times: user=0,00 sys=0,00, real=0,00 secs] 
89,995: [GC (Allocation Failure) [PSYoungGen: 282208K->96K(271360K)] 284211K->2099K(446464K), 0,0005110 secs] [Times: user=0,00 sys=0,00, real=0,00 secs] 
90,043: [GC (Allocation Failure) [PSYoungGen: 270944K->96K(260608K)] 272947K->2099K(435712K), 0,0004822 secs] [Times: user=0,00 sys=0,00, real=0,00 secs] 
90,088: [GC (Allocation Failure) [PSYoungGen: 260192K->96K(250368K)] 262195K->2099K(425472K), 0,0004886 secs] [Times: user=0,01 sys=0,00, real=0,00 secs] 
90,132: [GC (Allocation Failure) [PSYoungGen: 249952K->96K(240640K)] 251955K->2099K(415744K), 0,0004565 secs] [Times: user=0,00 sys=0,00, real=0,00 secs] 
90,175: [GC (Allocation Failure) [PSYoungGen: 240224K->96K(231424K)] 242227K->2099K(406528K), 0,0004510 secs] [Times: user=0,00 sys=0,00, real=0,00 secs] 
90,215: [GC (Allocation Failure) [PSYoungGen: 231008K->96K(222720K)] 233011K->2099K(397824K), 0,0004564 secs] [Times: user=0,00 sys=0,00, real=0,00 secs] 
90,254: [GC (Allocation Failure) [PSYoungGen: 222304K->96K(267264K)] 224307K->2099K(442368K), 0,0004703 secs] [Times: user=0,00 sys=0,00, real=0,00 secs] 
90,309: [GC (Allocation Failure) [PSYoungGen: 266848K->96K(257024K)] 268851K->2099K(432128K), 0,0005050 secs] [Times: user=0,00 sys=0,00, real=0,00 secs] 
90,354: [GC (Allocation Failure) [PSYoungGen: 256608K->96K(247296K)] 258611K->2123K(422400K), 0,0005038 secs] [Times: user=0,00 sys=0,00, real=0,00 secs] 
90,398: [GC (Allocation Failure) [PSYoungGen: 246880K->96K(237568K)] 248907K->2123K(412672K), 0,0004811 secs] [Times: user=0,00 sys=0,00, real=0,00 secs] 
90,440: [GC (Allocation Failure) [PSYoungGen: 237152K->96K(285184K)] 239179K->2123K(460288K), 0,0005042 secs] [Times: user=0,00 sys=0,00, real=0,00 secs] 
90,490: [GC (Allocation Failure) [PSYoungGen: 284768K->96K(273920K)] 286795K->2123K(449024K), 0,0005326 secs] [Times: user=0,00 sys=0,00, real=0,00 secs] 
90,538: [GC (Allocation Failure) [PSYoungGen: 273504K->96K(263168K)] 275531K->2123K(438272K), 0,0004841 secs] [Times: user=0,00 sys=0,00, real=0,00 secs] 
90,584: [GC (Allocation Failure) [PSYoungGen: 262752K->0K(252928K)] 264779K->2027K(428032K), 0,0004611 secs] [Times: user=0,00 sys=0,00, real=0,00 secs] 
90,628: [GC (Allocation Failure) [PSYoungGen: 252416K->64K(243200K)] 254443K->2091K(418304K), 0,0004906 secs] [Times: user=0,00 sys=0,00, real=0,00 secs] 
90,671: [GC (Allocation Failure) [PSYoungGen: 242752K->64K(233984K)] 244779K->2091K(409088K), 0,0004781 secs] [Times: user=0,00 sys=0,00, real=0,00 secs] 
90,712: [GC (Allocation Failure) [PSYoungGen: 233536K->96K(281088K)] 235563K->2123K(456192K), 0,0004871 secs] [Times: user=0,00 sys=0,00, real=0,00 secs] 
90,761: [GC (Allocation Failure) [PSYoungGen: 280672K->96K(269824K)] 282699K->2123K(444928K), 0,0004929 secs] [Times: user=0,00 sys=0,00, real=0,00 secs] 
90,809: [GC (Allocation Failure) [PSYoungGen: 269408K->96K(259072K)] 271435K->2123K(434176K), 0,0004900 secs] [Times: user=0,01 sys=0,00, real=0,00 secs] 
90,854: [GC (Allocation Failure) [PSYoungGen: 258656K->96K(248832K)] 260683K->2123K(423936K), 0,0004815 secs] [Times: user=0,00 sys=0,00, real=0,00 secs] 
90,898: [GC (Allocation Failure) [PSYoungGen: 248416K->96K(239104K)] 250443K->2123K(414208K), 0,0004809 secs] [Times: user=0,00 sys=0,00, real=0,00 secs] 
90,941: [GC (Allocation Failure) [PSYoungGen: 238688K->96K(229888K)] 240715K->2123K(404992K), 0,0005068 secs] [Times: user=0,00 sys=0,00, real=0,00 secs] 
90,981: [GC (Allocation Failure) [PSYoungGen: 229472K->96K(275968K)] 231499K->2123K(451072K), 0,0005117 secs] [Times: user=0,00 sys=0,00, real=0,00 secs] 
91,029: [GC (Allocation Failure) [PSYoungGen: 275552K->96K(331264K)] 277579K->2123K(506368K), 0,0004936 secs] [Times: user=0,00 sys=0,01, real=0,00 secs] 
91,087: [GC (Allocation Failure) [PSYoungGen: 330848K->96K(317952K)] 332875K->2123K(493056K), 0,0004808 secs] [Times: user=0,00 sys=0,00, real=0,00 secs] 
91,143: [GC (Allocation Failure) [PSYoungGen: 317536K->96K(305152K)] 319563K->2123K(480256K), 0,0004904 secs] [Times: user=0,00 sys=0,00, real=0,00 secs] 
91,196: [GC (Allocation Failure) [PSYoungGen: 304736K->96K(292864K)] 306763K->2123K(467968K), 0,0004814 secs] [Times: user=0,00 sys=0,00, real=0,00 secs] 
91,247: [GC (Allocation Failure) [PSYoungGen: 292448K->96K(281088K)] 294475K->2123K(456192K), 0,0004871 secs] [Times: user=0,00 sys=0,00, real=0,00 secs] 
91,297: [GC (Allocation Failure) [PSYoungGen: 280672K->64K(269824K)] 282699K->2091K(444928K), 0,0004938 secs] [Times: user=0,00 sys=0,00, real=0,00 secs] 
91,344: [GC (Allocation Failure) [PSYoungGen: 269376K->64K(259072K)] 271403K->2091K(434176K), 0,0004924 secs] [Times: user=0,01 sys=0,00, real=0,00 secs] 
91,389: [GC (Allocation Failure) [PSYoungGen: 258624K->64K(248832K)] 260651K->2091K(423936K), 0,0004854 secs] [Times: user=0,00 sys=0,00, real=0,00 secs] 
91,433: [GC (Allocation Failure) [PSYoungGen: 248384K->96K(239104K)] 250411K->2123K(414208K), 0,0005053 secs] [Times: user=0,01 sys=0,00, real=0,00 secs] 
91,476: [GC (Allocation Failure) [PSYoungGen: 238688K->96K(229888K)] 240715K->2123K(404992K), 0,0004859 secs] [Times: user=0,00 sys=0,00, real=0,00 secs] 
91,527: [GC (Allocation Failure) [PSYoungGen: 229472K->64K(275968K)] 231499K->2091K(451072K), 0,0015768 secs] [Times: user=0,00 sys=0,00, real=0,01 secs] 
91,577: [GC (Allocation Failure) [PSYoungGen: 275520K->96K(331264K)] 277547K->2123K(506368K), 0,0005027 secs] [Times: user=0,00 sys=0,00, real=0,01 secs] 
91,643: [GC (Allocation Failure) [PSYoungGen: 330848K->64K(317952K)] 332875K->2091K(493056K), 0,0004986 secs] [Times: user=0,01 sys=0,00, real=0,00 secs] 
91,698: [GC (Allocation Failure) [PSYoungGen: 317504K->64K(305152K)] 319531K->2091K(480256K), 0,0004970 secs] [Times: user=0,00 sys=0,00, real=0,00 secs] 
91,752: [GC (Allocation Failure) [PSYoungGen: 304704K->96K(292864K)] 306731K->2123K(467968K), 0,0004969 secs] [Times: user=0,01 sys=0,00, real=0,00 secs] 
91,803: [GC (Allocation Failure) [PSYoungGen: 292448K->96K(281088K)] 294475K->2123K(456192K), 0,0005049 secs] [Times: user=0,00 sys=0,00, real=0,00 secs] 
91,852: [GC (Allocation Failure) [PSYoungGen: 280672K->96K(269824K)] 282699K->2123K(444928K), 0,0004920 secs] [Times: user=0,00 sys=0,00, real=0,00 secs] 
91,899: [GC (Allocation Failure) [PSYoungGen: 269408K->96K(259072K)] 271435K->2123K(434176K), 0,0004900 secs] [Times: user=0,00 sys=0,00, real=0,00 secs] 
91,945: [GC (Allocation Failure) [PSYoungGen: 258656K->96K(248832K)] 260683K->2123K(423936K), 0,0005203 secs] [Times: user=0,00 sys=0,00, real=0,00 secs] 
91,989: [GC (Allocation Failure) [PSYoungGen: 248416K->96K(239104K)] 250443K->2123K(414208K), 0,0005081 secs] [Times: user=0,01 sys=0,00, real=0,00 secs] 
92,031: [GC (Allocation Failure) [PSYoungGen: 238688K->96K(229888K)] 240715K->2123K(404992K), 0,0004942 secs] [Times: user=0,00 sys=0,00, real=0,00 secs] 
92,072: [GC (Allocation Failure) [PSYoungGen: 229472K->96K(275968K)] 231499K->2123K(451072K), 0,0004896 secs] [Times: user=0,00 sys=0,00, real=0,00 secs] 
92,120: [GC (Allocation Failure) [PSYoungGen: 275552K->96K(265216K)] 277579K->2123K(440320K), 0,0004927 secs] [Times: user=0,00 sys=0,00, real=0,00 secs] 
92,167: [GC (Allocation Failure) [PSYoungGen: 264800K->64K(254976K)] 266827K->2091K(430080K), 0,0004871 secs] [Times: user=0,01 sys=0,00, real=0,00 secs] 
92,212: [GC (Allocation Failure) [PSYoungGen: 254528K->64K(245248K)] 256555K->2091K(420352K), 0,0005244 secs] [Times: user=0,00 sys=0,00, real=0,00 secs] 
92,256: [GC (Allocation Failure) [PSYoungGen: 244800K->96K(294400K)] 246827K->2123K(469504K), 0,0005042 secs] [Times: user=0,00 sys=0,00, real=0,00 secs] 
92,308: [GC (Allocation Failure) [PSYoungGen: 293984K->96K(282624K)] 296011K->2123K(457728K), 0,0004871 secs] [Times: user=0,00 sys=0,00, real=0,00 secs] 
92,358: [GC (Allocation Failure) [PSYoungGen: 282208K->64K(271360K)] 284235K->2091K(446464K), 0,0004899 secs] [Times: user=0,00 sys=0,00, real=0,00 secs] 
92,405: [GC (Allocation Failure) [PSYoungGen: 270912K->64K(260608K)] 272939K->2091K(435712K), 0,0004937 secs] [Times: user=0,01 sys=0,00, real=0,00 secs] 
92,451: [GC (Allocation Failure) [PSYoungGen: 260160K->96K(250368K)] 262187K->2123K(425472K), 0,0005131 secs] [Times: user=0,00 sys=0,00, real=0,00 secs] 
92,495: [GC (Allocation Failure) [PSYoungGen: 249952K->64K(240640K)] 251979K->2091K(415744K), 0,0005411 secs] [Times: user=0,00 sys=0,00, real=0,00 secs] 
92,537: [GC (Allocation Failure) [PSYoungGen: 240192K->96K(288768K)] 242219K->2123K(463872K), 0,0004894 secs] [Times: user=0,00 sys=0,00, real=0,00 secs] 
92,588: [GC (Allocation Failure) [PSYoungGen: 288352K->96K(277504K)] 290379K->2123K(452608K), 0,0004870 secs] [Times: user=0,00 sys=0,00, real=0,00 secs] 
92,637: [GC (Allocation Failure) [PSYoungGen: 277088K->96K(266752K)] 279115K->2123K(441856K), 0,0004899 secs] [Times: user=0,00 sys=0,00, real=0,00 secs] 
92,683: [GC (Allocation Failure) [PSYoungGen: 266336K->64K(256512K)] 268363K->2091K(431616K), 0,0004897 secs] [Times: user=0,00 sys=0,00, real=0,00 secs] 
92,728: [GC (Allocation Failure) [PSYoungGen: 256064K->64K(246784K)] 258091K->2091K(421888K), 0,0005322 secs] [Times: user=0,00 sys=0,00, real=0,00 secs] 
92,771: [GC (Allocation Failure) [PSYoungGen: 246336K->96K(237568K)] 248363K->2123K(412672K), 0,0004854 secs] [Times: user=0,00 sys=0,00, real=0,00 secs] 
92,813: [GC (Allocation Failure) [PSYoungGen: 237152K->96K(285184K)] 239179K->2123K(460288K), 0,0005132 secs] [Times: user=0,00 sys=0,00, real=0,00 secs] 
92,862: [GC (Allocation Failure) [PSYoungGen: 284768K->96K(273920K)] 286795K->2123K(449024K), 0,0004992 secs] [Times: user=0,00 sys=0,00, real=0,00 secs] 
92,910: [GC (Allocation Failure) [PSYoungGen: 273504K->64K(263168K)] 275531K->2091K(438272K), 0,0004805 secs] [Times: user=0,01 sys=0,00, real=0,00 secs] 
92,957: [GC (Allocation Failure) [PSYoungGen: 262720K->96K(252928K)] 264747K->2123K(428032K), 0,0005233 secs] [Times: user=0,00 sys=0,00, real=0,01 secs] 
93,001: [GC (Allocation Failure) [PSYoungGen: 252512K->96K(303616K)] 254539K->2123K(478720K), 0,0005418 secs] [Times: user=0,00 sys=0,00, real=0,00 secs] 
93,055: [GC (Allocation Failure) [PSYoungGen: 303200K->64K(291328K)] 305227K->2091K(466432K), 0,0004923 secs] [Times: user=0,00 sys=0,00, real=0,00 secs] 
93,106: [GC (Allocation Failure) [PSYoungGen: 290880K->96K(279552K)] 292907K->2123K(454656K), 0,0005029 secs] [Times: user=0,00 sys=0,00, real=0,00 secs] 
93,155: [GC (Allocation Failure) [PSYoungGen: 279136K->96K(268288K)] 281163K->2123K(443392K), 0,0004866 secs] [Times: user=0,00 sys=0,00, real=0,00 secs] 
93,202: [GC (Allocation Failure) [PSYoungGen: 267872K->96K(257536K)] 269899K->2123K(432640K), 0,0004862 secs] [Times: user=0,00 sys=0,00, real=0,00 secs] 
93,247: [GC (Allocation Failure) [PSYoungGen: 257120K->96K(247296K)] 259147K->2123K(422400K), 0,0004866 secs] [Times: user=0,01 sys=0,00, real=0,01 secs] 
93,292: [GC (Allocation Failure) [PSYoungGen: 246880K->96K(237568K)] 248907K->2123K(412672K), 0,0005120 secs] [Times: user=0,00 sys=0,00, real=0,00 secs] 
93,334: [GC (Allocation Failure) [PSYoungGen: 237152K->96K(228352K)] 239179K->2123K(403456K), 0,0004962 secs] [Times: user=0,00 sys=0,00, real=0,00 secs] 
93,374: [GC (Allocation Failure) [PSYoungGen: 227936K->96K(273920K)] 229963K->2123K(449024K), 0,0005566 secs] [Times: user=0,00 sys=0,01, real=0,00 secs] 
93,423: [GC (Allocation Failure) [PSYoungGen: 273504K->64K(328704K)] 275531K->2091K(503808K), 0,0005165 secs] [Times: user=0,00 sys=0,00, real=0,00 secs] 
93,481: [GC (Allocation Failure) [PSYoungGen: 328256K->128K(315392K)] 330283K->2155K(490496K), 0,0004904 secs] [Times: user=0,00 sys=0,00, real=0,00 secs] 
93,536: [GC (Allocation Failure) [PSYoungGen: 315008K->64K(302592K)] 317035K->2091K(477696K), 0,0004761 secs] [Times: user=0,00 sys=0,00, real=0,00 secs] 
93,589: [GC (Allocation Failure) [PSYoungGen: 302144K->64K(290304K)] 304171K->2091K(465408K), 0,0004746 secs] [Times: user=0,00 sys=0,00, real=0,00 secs] 
93,639: [GC (Allocation Failure) [PSYoungGen: 289856K->64K(278528K)] 291883K->2091K(453632K), 0,0004757 secs] [Times: user=0,00 sys=0,00, real=0,00 secs] 
93,689: [GC (Allocation Failure) [PSYoungGen: 278080K->96K(267776K)] 280107K->2123K(442880K), 0,0004914 secs] [Times: user=0,00 sys=0,00, real=0,00 secs] 
93,736: [GC (Allocation Failure) [PSYoungGen: 267360K->32K(257536K)] 269387K->2059K(432640K), 0,0004732 secs] [Times: user=0,00 sys=0,00, real=0,00 secs] 
93,781: [GC (Allocation Failure) [PSYoungGen: 257056K->64K(309248K)] 259083K->2091K(484352K), 0,0006609 secs] [Times: user=0,00 sys=0,00, real=0,00 secs] 
93,835: [GC (Allocation Failure) [PSYoungGen: 308800K->96K(296960K)] 310827K->2123K(472064K), 0,0004737 secs] [Times: user=0,00 sys=0,00, real=0,00 secs] 
93,887: [GC (Allocation Failure) [PSYoungGen: 296544K->64K(285184K)] 298571K->2091K(460288K), 0,0004813 secs] [Times: user=0,00 sys=0,00, real=0,01 secs] 
93,937: [GC (Allocation Failure) [PSYoungGen: 284736K->64K(273920K)] 286763K->2091K(449024K), 0,0005167 secs] [Times: user=0,00 sys=0,00, real=0,01 secs] 
93,985: [GC (Allocation Failure) [PSYoungGen: 273472K->96K(263168K)] 275499K->2123K(438272K), 0,0005061 secs] [Times: user=0,00 sys=0,00, real=0,00 secs] 
94,031: [GC (Allocation Failure) [PSYoungGen: 262752K->96K(252928K)] 264779K->2123K(428032K), 0,0004821 secs] [Times: user=0,00 sys=0,00, real=0,00 secs] 
94,076: [GC (Allocation Failure) [PSYoungGen: 252512K->96K(243200K)] 254539K->2123K(418304K), 0,0004898 secs] [Times: user=0,00 sys=0,00, real=0,00 secs] 
94,118: [GC (Allocation Failure) [PSYoungGen: 242784K->96K(233984K)] 244811K->2123K(409088K), 0,0004877 secs] [Times: user=0,00 sys=0,00, real=0,00 secs] 
94,159: [GC (Allocation Failure) [PSYoungGen: 233568K->32K(225280K)] 235595K->2059K(400384K), 0,0004733 secs] [Times: user=0,01 sys=0,00, real=0,00 secs] 
94,199: [GC (Allocation Failure) [PSYoungGen: 224800K->32K(270336K)] 226827K->2059K(445440K), 0,0004772 secs] [Times: user=0,01 sys=0,00, real=0,00 secs] 
94,246: [GC (Allocation Failure) [PSYoungGen: 269856K->64K(324608K)] 271883K->2091K(499712K), 0,0004828 secs] [Times: user=0,00 sys=0,00, real=0,00 secs] 
94,303: [GC (Allocation Failure) [PSYoungGen: 324160K->96K(311296K)] 326187K->2123K(486400K), 0,0004988 secs] [Times: user=0,00 sys=0,00, real=0,00 secs] 
94,358: [GC (Allocation Failure) [PSYoungGen: 310880K->96K(298496K)] 312907K->2123K(473600K), 0,0004771 secs] [Times: user=0,01 sys=0,00, real=0,00 secs] 
94,410: [GC (Allocation Failure) [PSYoungGen: 298080K->96K(286720K)] 300107K->2123K(461824K), 0,0005171 secs] [Times: user=0,00 sys=0,00, real=0,00 secs] 
94,461: [GC (Allocation Failure) [PSYoungGen: 286304K->96K(275456K)] 288331K->2123K(450560K), 0,0005022 secs] [Times: user=0,00 sys=0,00, real=0,00 secs] 
94,509: [GC (Allocation Failure) [PSYoungGen: 275040K->96K(264704K)] 277067K->2123K(439808K), 0,0004896 secs] [Times: user=0,00 sys=0,00, real=0,00 secs] 
94,555: [GC (Allocation Failure) [PSYoungGen: 264288K->96K(254464K)] 266315K->2123K(429568K), 0,0004886 secs] [Times: user=0,01 sys=0,00, real=0,00 secs] 
94,600: [GC (Allocation Failure) [PSYoungGen: 254048K->96K(244736K)] 256075K->2123K(419840K), 0,0004756 secs] [Times: user=0,00 sys=0,00, real=0,00 secs] 
94,643: [GC (Allocation Failure) [PSYoungGen: 244320K->64K(235520K)] 246347K->2091K(410624K), 0,0004796 secs] [Times: user=0,00 sys=0,00, real=0,00 secs] 
94,684: [GC (Allocation Failure) [PSYoungGen: 235072K->32K(226816K)] 237099K->2059K(401920K), 0,0004676 secs] [Times: user=0,01 sys=0,00, real=0,00 secs] 
94,724: [GC (Allocation Failure) [PSYoungGen: 226336K->64K(272384K)] 228363K->2091K(447488K), 0,0004749 secs] [Times: user=0,01 sys=0,00, real=0,00 secs] 
94,772: [GC (Allocation Failure) [PSYoungGen: 271936K->96K(327168K)] 273963K->2123K(502272K), 0,0005187 secs] [Times: user=0,00 sys=0,00, real=0,00 secs] 
94,829: [GC (Allocation Failure) [PSYoungGen: 326752K->64K(313856K)] 328779K->2091K(488960K), 0,0004774 secs] [Times: user=0,00 sys=0,00, real=0,00 secs] 
94,884: [GC (Allocation Failure) [PSYoungGen: 313408K->96K(301056K)] 315435K->2123K(476160K), 0,0005047 secs] [Times: user=0,00 sys=0,00, real=0,00 secs] 
94,937: [GC (Allocation Failure) [PSYoungGen: 300640K->64K(288768K)] 302667K->2091K(463872K), 0,0004777 secs] [Times: user=0,00 sys=0,00, real=0,01 secs] 
94,987: [GC (Allocation Failure) [PSYoungGen: 288320K->96K(277504K)] 290347K->2123K(452608K), 0,0004957 secs] [Times: user=0,00 sys=0,00, real=0,00 secs] 
95,036: [GC (Allocation Failure) [PSYoungGen: 277088K->96K(266752K)] 279115K->2123K(441856K), 0,0004706 secs] [Times: user=0,00 sys=0,00, real=0,00 secs] 
95,083: [GC (Allocation Failure) [PSYoungGen: 266336K->96K(256512K)] 268363K->2123K(431616K), 0,0004749 secs] [Times: user=0,00 sys=0,00, real=0,00 secs] 
95,128: [GC (Allocation Failure) [PSYoungGen: 256096K->64K(246784K)] 258123K->2091K(421888K), 0,0004834 secs] [Times: user=0,00 sys=0,00, real=0,00 secs] 
95,171: [GC (Allocation Failure) [PSYoungGen: 246336K->96K(237568K)] 248363K->2123K(412672K), 0,0004923 secs] [Times: user=0,00 sys=0,00, real=0,00 secs] 
95,213: [GC (Allocation Failure) [PSYoungGen: 237152K->64K(228352K)] 239179K->2091K(403456K), 0,0004747 secs] [Times: user=0,00 sys=0,00, real=0,00 secs] 
95,253: [GC (Allocation Failure) [PSYoungGen: 227904K->96K(219648K)] 229931K->2123K(394752K), 0,0004767 secs] [Times: user=0,00 sys=0,00, real=0,00 secs] 
95,291: [GC (Allocation Failure) [PSYoungGen: 219232K->64K(263680K)] 221259K->2091K(438784K), 0,0004707 secs] [Times: user=0,00 sys=0,00, real=0,00 secs] 
95,338: [GC (Allocation Failure) [PSYoungGen: 263232K->96K(316416K)] 265259K->2123K(491520K), 0,0004864 secs] [Times: user=0,01 sys=0,00, real=0,00 secs] 
95,393: [GC (Allocation Failure) [PSYoungGen: 316000K->96K(303616K)] 318027K->2123K(478720K), 0,0004912 secs] [Times: user=0,00 sys=0,00, real=0,00 secs] 
95,447: [GC (Allocation Failure) [PSYoungGen: 303200K->96K(291328K)] 305227K->2123K(466432K), 0,0005411 secs] [Times: user=0,01 sys=0,00, real=0,01 secs] 
95,499: [GC (Allocation Failure) [PSYoungGen: 290912K->96K(279552K)] 292939K->2123K(454656K), 0,0004973 secs] [Times: user=0,00 sys=0,00, real=0,00 secs] 
95,548: [GC (Allocation Failure) [PSYoungGen: 279136K->96K(268288K)] 281163K->2123K(443392K), 0,0004751 secs] [Times: user=0,00 sys=0,00, real=0,00 secs] 
95,595: [GC (Allocation Failure) [PSYoungGen: 267872K->96K(257536K)] 269899K->2123K(432640K), 0,0004650 secs] [Times: user=0,00 sys=0,00, real=0,00 secs] 
95,640: [GC (Allocation Failure) [PSYoungGen: 257120K->64K(247296K)] 259147K->2091K(422400K), 0,0004847 secs] [Times: user=0,00 sys=0,00, real=0,00 secs] 
95,683: [GC (Allocation Failure) [PSYoungGen: 246848K->96K(237568K)] 248875K->2123K(412672K), 0,0004699 secs] [Times: user=0,00 sys=0,00, real=0,00 secs] 
95,725: [GC (Allocation Failure) [PSYoungGen: 237152K->0K(228352K)] 239179K->2027K(403456K), 0,0004670 secs] [Times: user=0,00 sys=0,00, real=0,00 secs] 
95,765: [GC (Allocation Failure) [PSYoungGen: 227840K->96K(219648K)] 229867K->2123K(394752K), 0,0004562 secs] [Times: user=0,00 sys=0,00, real=0,00 secs] 
95,803: [GC (Allocation Failure) [PSYoungGen: 219232K->64K(263680K)] 221259K->2091K(438784K), 0,0004849 secs] [Times: user=0,01 sys=0,00, real=0,00 secs] 
95,849: [GC (Allocation Failure) [PSYoungGen: 263232K->64K(316416K)] 265259K->2091K(491520K), 0,0004631 secs] [Times: user=0,00 sys=0,00, real=0,00 secs] 
95,905: [GC (Allocation Failure) [PSYoungGen: 315968K->64K(303616K)] 317995K->2091K(478720K), 0,0004736 secs] [Times: user=0,00 sys=0,00, real=0,00 secs] 
95,958: [GC (Allocation Failure) [PSYoungGen: 303168K->96K(291328K)] 305195K->2123K(466432K), 0,0005299 secs] [Times: user=0,00 sys=0,00, real=0,00 secs] 
96,011: [GC (Allocation Failure) [PSYoungGen: 290912K->96K(279552K)] 292939K->2123K(454656K), 0,0004711 secs] [Times: user=0,00 sys=0,00, real=0,00 secs] 
96,061: [GC (Allocation Failure) [PSYoungGen: 279136K->96K(268288K)] 281163K->2123K(443392K), 0,0004922 secs] [Times: user=0,01 sys=0,00, real=0,00 secs] 
96,108: [GC (Allocation Failure) [PSYoungGen: 267872K->64K(257536K)] 269899K->2091K(432640K), 0,0004659 secs] [Times: user=0,00 sys=0,00, real=0,00 secs] 
96,153: [GC (Allocation Failure) [PSYoungGen: 257088K->64K(247296K)] 259115K->2091K(422400K), 0,0004692 secs] [Times: user=0,00 sys=0,00, real=0,00 secs] 
96,196: [GC (Allocation Failure) [PSYoungGen: 246848K->64K(237568K)] 248875K->2091K(412672K), 0,0004716 secs] [Times: user=0,00 sys=0,00, real=0,00 secs] 
96,238: [GC (Allocation Failure) [PSYoungGen: 237120K->64K(228352K)] 239147K->2091K(403456K), 0,0004745 secs] [Times: user=0,00 sys=0,00, real=0,00 secs] 
96,278: [GC (Allocation Failure) [PSYoungGen: 227904K->96K(219648K)] 229931K->2123K(394752K), 0,0004836 secs] [Times: user=0,00 sys=0,00, real=0,00 secs] 
96,316: [GC (Allocation Failure) [PSYoungGen: 219232K->64K(263680K)] 221259K->2091K(438784K), 0,0004783 secs] [Times: user=0,00 sys=0,00, real=0,00 secs] 
96,362: [GC (Allocation Failure) [PSYoungGen: 263232K->32K(316416K)] 265259K->2059K(491520K), 0,0004703 secs] [Times: user=0,00 sys=0,00, real=0,00 secs] 
96,418: [GC (Allocation Failure) [PSYoungGen: 315936K->96K(303616K)] 317963K->2123K(478720K), 0,0005143 secs] [Times: user=0,01 sys=0,00, real=0,00 secs] 
96,471: [GC (Allocation Failure) [PSYoungGen: 303200K->64K(291328K)] 305227K->2091K(466432K), 0,0004793 secs] [Times: user=0,00 sys=0,00, real=0,00 secs] 
96,522: [GC (Allocation Failure) [PSYoungGen: 290880K->96K(279552K)] 292907K->2123K(454656K), 0,0004752 secs] [Times: user=0,00 sys=0,00, real=0,00 secs] 
96,572: [GC (Allocation Failure) [PSYoungGen: 279136K->96K(268288K)] 281163K->2123K(443392K), 0,0004799 secs] [Times: user=0,00 sys=0,00, real=0,00 secs] 
96,619: [GC (Allocation Failure) [PSYoungGen: 267872K->96K(257536K)] 269899K->2123K(432640K), 0,0004731 secs] [Times: user=0,00 sys=0,00, real=0,00 secs] 
96,664: [GC (Allocation Failure) [PSYoungGen: 257120K->64K(247296K)] 259147K->2091K(422400K), 0,0004630 secs] [Times: user=0,00 sys=0,00, real=0,00 secs] 
96,707: [GC (Allocation Failure) [PSYoungGen: 246848K->64K(237568K)] 248875K->2091K(412672K), 0,0004760 secs] [Times: user=0,00 sys=0,00, real=0,00 secs] 
96,749: [GC (Allocation Failure) [PSYoungGen: 237120K->0K(228352K)] 239147K->2027K(403456K), 0,0004619 secs] [Times: user=0,00 sys=0,00, real=0,00 secs] 
96,789: [GC (Allocation Failure) [PSYoungGen: 227840K->64K(219648K)] 229867K->2091K(394752K), 0,0004621 secs] [Times: user=0,00 sys=0,00, real=0,00 secs] 
96,827: [GC (Allocation Failure) [PSYoungGen: 219200K->64K(263680K)] 221227K->2091K(438784K), 0,0004606 secs] [Times: user=0,00 sys=0,00, real=0,01 secs] 
96,873: [GC (Allocation Failure) [PSYoungGen: 263232K->64K(253440K)] 265259K->2091K(428544K), 0,0004592 secs] [Times: user=0,01 sys=0,00, real=0,00 secs] 
96,918: [GC (Allocation Failure) [PSYoungGen: 252992K->96K(243712K)] 255019K->2123K(418816K), 0,0004647 secs] [Times: user=0,00 sys=0,00, real=0,00 secs] 
96,961: [GC (Allocation Failure) [PSYoungGen: 243296K->64K(292352K)] 245323K->2091K(467456K), 0,0005238 secs] [Times: user=0,00 sys=0,00, real=0,00 secs] 
97,012: [GC (Allocation Failure) [PSYoungGen: 291904K->64K(280576K)] 293931K->2091K(455680K), 0,0004970 secs] [Times: user=0,01 sys=0,00, real=0,00 secs] 
97,062: [GC (Allocation Failure) [PSYoungGen: 280128K->96K(269312K)] 282155K->2123K(444416K), 0,0004733 secs] [Times: user=0,01 sys=0,00, real=0,00 secs] 
97,109: [GC (Allocation Failure) [PSYoungGen: 268896K->96K(258560K)] 270923K->2123K(433664K), 0,0004692 secs] [Times: user=0,00 sys=0,00, real=0,00 secs] 
97,154: [GC (Allocation Failure) [PSYoungGen: 258144K->64K(248320K)] 260171K->2091K(423424K), 0,0004971 secs] [Times: user=0,00 sys=0,00, real=0,00 secs] 
97,197: [GC (Allocation Failure) [PSYoungGen: 247872K->64K(238592K)] 249899K->2091K(413696K), 0,0004823 secs] [Times: user=0,00 sys=0,00, real=0,00 secs] 
97,239: [GC (Allocation Failure) [PSYoungGen: 238144K->96K(229376K)] 240171K->2123K(404480K), 0,0004669 secs] [Times: user=0,01 sys=0,00, real=0,00 secs] 
97,279: [GC (Allocation Failure) [PSYoungGen: 228960K->64K(275456K)] 230987K->2091K(450560K), 0,0004838 secs] [Times: user=0,01 sys=0,00, real=0,00 secs] 
97,328: [GC (Allocation Failure) [PSYoungGen: 275008K->96K(264704K)] 277035K->2123K(439808K), 0,0004943 secs] [Times: user=0,00 sys=0,00, real=0,00 secs] 
97,374: [GC (Allocation Failure) [PSYoungGen: 264288K->64K(254464K)] 266315K->2091K(429568K), 0,0004884 secs] [Times: user=0,00 sys=0,00, real=0,00 secs] 
97,418: [GC (Allocation Failure) [PSYoungGen: 254016K->128K(244736K)] 256043K->2155K(419840K), 0,0004617 secs] [Times: user=0,01 sys=0,00, real=0,00 secs] 
97,461: [GC (Allocation Failure) [PSYoungGen: 244352K->96K(235520K)] 246379K->2123K(410624K), 0,0005124 secs] [Times: user=0,00 sys=0,00, real=0,00 secs] 
97,503: [GC (Allocation Failure) [PSYoungGen: 235104K->96K(282624K)] 237131K->2123K(457728K), 0,0004851 secs] [Times: user=0,00 sys=0,00, real=0,00 secs] 
97,552: [GC (Allocation Failure) [PSYoungGen: 282208K->96K(271360K)] 284235K->2123K(446464K), 0,0004928 secs] [Times: user=0,00 sys=0,00, real=0,00 secs] 
97,600: [GC (Allocation Failure) [PSYoungGen: 270944K->64K(260608K)] 272971K->2091K(435712K), 0,0004727 secs] [Times: user=0,00 sys=0,00, real=0,00 secs] 
97,645: [GC (Allocation Failure) [PSYoungGen: 260160K->96K(250368K)] 262187K->2123K(425472K), 0,0004742 secs] [Times: user=0,01 sys=0,00, real=0,00 secs] 
97,690: [GC (Allocation Failure) [PSYoungGen: 249952K->96K(240640K)] 251979K->2123K(415744K), 0,0005036 secs] [Times: user=0,00 sys=0,00, real=0,00 secs] 
97,732: [GC (Allocation Failure) [PSYoungGen: 240224K->96K(231424K)] 242251K->2123K(406528K), 0,0004735 secs] [Times: user=0,00 sys=0,00, real=0,00 secs] 
97,773: [GC (Allocation Failure) [PSYoungGen: 231008K->96K(278016K)] 233035K->2123K(453120K), 0,0004588 secs] [Times: user=0,00 sys=0,00, real=0,00 secs] 
97,821: [GC (Allocation Failure) [PSYoungGen: 277600K->64K(267264K)] 279627K->2091K(442368K), 0,0004817 secs] [Times: user=0,00 sys=0,00, real=0,00 secs] 
97,868: [GC (Allocation Failure) [PSYoungGen: 266816K->96K(257024K)] 268843K->2123K(432128K), 0,0004678 secs] [Times: user=0,00 sys=0,00, real=0,00 secs] 
97,914: [GC (Allocation Failure) [PSYoungGen: 256608K->96K(247296K)] 258635K->2123K(422400K), 0,0005277 secs] [Times: user=0,00 sys=0,00, real=0,00 secs] 
97,958: [GC (Allocation Failure) [PSYoungGen: 246880K->96K(237568K)] 248907K->2123K(412672K), 0,0005035 secs] [Times: user=0,00 sys=0,00, real=0,00 secs] 
98,000: [GC (Allocation Failure) [PSYoungGen: 237152K->96K(228352K)] 239179K->2123K(403456K), 0,0004699 secs] [Times: user=0,00 sys=0,00, real=0,00 secs] 
98,041: [GC (Allocation Failure) [PSYoungGen: 227936K->64K(273920K)] 229963K->2091K(449024K), 0,0004708 secs] [Times: user=0,01 sys=0,00, real=0,00 secs] 
98,091: [GC (Allocation Failure) [PSYoungGen: 273472K->96K(263168K)] 275499K->2123K(438272K), 0,0004667 secs] [Times: user=0,01 sys=0,00, real=0,00 secs] 
98,138: [GC (Allocation Failure) [PSYoungGen: 262752K->96K(252928K)] 264779K->2123K(428032K), 0,0005084 secs] [Times: user=0,00 sys=0,00, real=0,00 secs] 
98,182: [GC (Allocation Failure) [PSYoungGen: 252512K->32K(243200K)] 254539K->2059K(418304K), 0,0004808 secs] [Times: user=0,00 sys=0,00, real=0,00 secs] 
98,225: [GC (Allocation Failure) [PSYoungGen: 242720K->64K(291840K)] 244747K->2091K(466944K), 0,0004988 secs] [Times: user=0,00 sys=0,00, real=0,00 secs] 
98,281: [GC (Allocation Failure) [PSYoungGen: 291392K->96K(280064K)] 293419K->2123K(455168K), 0,0004961 secs] [Times: user=0,00 sys=0,00, real=0,00 secs] 
98,330: [GC (Allocation Failure) [PSYoungGen: 279648K->96K(268800K)] 281675K->2123K(443904K), 0,0005120 secs] [Times: user=0,00 sys=0,00, real=0,00 secs] 
98,379: [GC (Allocation Failure) [PSYoungGen: 268384K->96K(258048K)] 270411K->2123K(433152K), 0,0005204 secs] [Times: user=0,00 sys=0,00, real=0,00 secs] 
98,425: [GC (Allocation Failure) [PSYoungGen: 257632K->96K(247808K)] 259659K->2123K(422912K), 0,0005217 secs] [Times: user=0,00 sys=0,00, real=0,00 secs] 
98,469: [GC (Allocation Failure) [PSYoungGen: 247392K->96K(238080K)] 249419K->2123K(413184K), 0,0005004 secs] [Times: user=0,00 sys=0,00, real=0,00 secs] 
98,512: [GC (Allocation Failure) [PSYoungGen: 237664K->96K(228864K)] 239691K->2123K(403968K), 0,0004870 secs] [Times: user=0,00 sys=0,00, real=0,00 secs] 
98,553: [GC (Allocation Failure) [PSYoungGen: 228448K->96K(274944K)] 230475K->2123K(450048K), 0,0004682 secs] [Times: user=0,00 sys=0,00, real=0,00 secs] 
98,602: [GC (Allocation Failure) [PSYoungGen: 274528K->64K(264192K)] 276555K->2091K(439296K), 0,0004755 secs] [Times: user=0,00 sys=0,00, real=0,00 secs] 
98,650: [GC (Allocation Failure) [PSYoungGen: 263744K->64K(253952K)] 265771K->2091K(429056K), 0,0004846 secs] [Times: user=0,00 sys=0,00, real=0,00 secs] 
98,694: [GC (Allocation Failure) [PSYoungGen: 253504K->64K(244224K)] 255531K->2091K(419328K), 0,0004722 secs] [Times: user=0,01 sys=0,00, real=0,00 secs] 
98,737: [GC (Allocation Failure) [PSYoungGen: 243776K->32K(235008K)] 245803K->2059K(410112K), 0,0004752 secs] [Times: user=0,00 sys=0,00, real=0,01 secs] 
98,778: [GC (Allocation Failure) [PSYoungGen: 234528K->64K(226304K)] 236555K->2091K(401408K), 0,0004652 secs] [Times: user=0,00 sys=0,01, real=0,00 secs] 
98,818: [GC (Allocation Failure) [PSYoungGen: 225856K->96K(271872K)] 227883K->2123K(446976K), 0,0004784 secs] [Times: user=0,00 sys=0,00, real=0,00 secs] 
98,865: [GC (Allocation Failure) [PSYoungGen: 271456K->96K(261120K)] 273483K->2123K(436224K), 0,0004650 secs] [Times: user=0,00 sys=0,00, real=0,00 secs] 
98,911: [GC (Allocation Failure) [PSYoungGen: 260704K->64K(250880K)] 262731K->2091K(425984K), 0,0004631 secs] [Times: user=0,00 sys=0,00, real=0,00 secs] 
98,955: [GC (Allocation Failure) [PSYoungGen: 250432K->64K(241152K)] 252459K->2091K(416256K), 0,0005007 secs] [Times: user=0,00 sys=0,00, real=0,00 secs] 
98,997: [GC (Allocation Failure) [PSYoungGen: 240704K->96K(289280K)] 242731K->2123K(464384K), 0,0005025 secs] [Times: user=0,00 sys=0,00, real=0,00 secs] 
99,048: [GC (Allocation Failure) [PSYoungGen: 288864K->64K(278016K)] 290891K->2091K(453120K), 0,0004785 secs] [Times: user=0,00 sys=0,00, real=0,00 secs] 
99,096: [GC (Allocation Failure) [PSYoungGen: 277568K->96K(267264K)] 279595K->2123K(442368K), 0,0004840 secs] [Times: user=0,00 sys=0,00, real=0,00 secs] 
99,143: [GC (Allocation Failure) [PSYoungGen: 266848K->64K(257024K)] 268875K->2091K(432128K), 0,0004868 secs] [Times: user=0,00 sys=0,00, real=0,00 secs] 
99,188: [GC (Allocation Failure) [PSYoungGen: 256576K->32K(247296K)] 258603K->2059K(422400K), 0,0004688 secs] [Times: user=0,00 sys=0,00, real=0,00 secs] 
99,232: [GC (Allocation Failure) [PSYoungGen: 246816K->96K(237568K)] 248843K->2123K(412672K), 0,0004684 secs] [Times: user=0,00 sys=0,00, real=0,00 secs] 
99,273: [GC (Allocation Failure) [PSYoungGen: 237152K->96K(228352K)] 239179K->2123K(403456K), 0,0004916 secs] [Times: user=0,00 sys=0,00, real=0,00 secs] 
99,313: [GC (Allocation Failure) [PSYoungGen: 227936K->64K(273920K)] 229963K->2091K(449024K), 0,0004779 secs] [Times: user=0,00 sys=0,00, real=0,00 secs] 
99,364: [GC (Allocation Failure) [PSYoungGen: 273472K->96K(263168K)] 275499K->2123K(438272K), 0,0004641 secs] [Times: user=0,00 sys=0,00, real=0,00 secs] 
99,410: [GC (Allocation Failure) [PSYoungGen: 262752K->64K(252928K)] 264779K->2091K(428032K), 0,0005225 secs] [Times: user=0,00 sys=0,00, real=0,00 secs] 
99,459: [GC (Allocation Failure) [PSYoungGen: 252480K->96K(243200K)] 254507K->2123K(418304K), 0,0004754 secs] [Times: user=0,00 sys=0,00, real=0,00 secs] 
99,502: [GC (Allocation Failure) [PSYoungGen: 242784K->64K(233984K)] 244811K->2091K(409088K), 0,0004656 secs] [Times: user=0,00 sys=0,00, real=0,00 secs] 
99,543: [GC (Allocation Failure) [PSYoungGen: 233536K->32K(225280K)] 235563K->2059K(400384K), 0,0004691 secs] [Times: user=0,00 sys=0,00, real=0,00 secs] 
99,582: [GC (Allocation Failure) [PSYoungGen: 224800K->96K(270336K)] 226827K->2123K(445440K), 0,0004697 secs] [Times: user=0,00 sys=0,00, real=0,00 secs] 
99,629: [GC (Allocation Failure) [PSYoungGen: 269920K->64K(259584K)] 271947K->2091K(434688K), 0,0004755 secs] [Times: user=0,00 sys=0,00, real=0,00 secs] 
99,675: [GC (Allocation Failure) [PSYoungGen: 259136K->96K(311808K)] 261163K->2123K(486912K), 0,0006525 secs] [Times: user=0,01 sys=0,00, real=0,00 secs] 
99,729: [GC (Allocation Failure) [PSYoungGen: 311392K->96K(374272K)] 313419K->2123K(549376K), 0,0004639 secs] [Times: user=0,00 sys=0,00, real=0,00 secs] 
99,796: [GC (Allocation Failure) [PSYoungGen: 373856K->64K(358400K)] 375883K->2091K(533504K), 0,0004656 secs] [Times: user=0,00 sys=0,00, real=0,00 secs] 
99,858: [GC (Allocation Failure) [PSYoungGen: 357952K->64K(343552K)] 359979K->2091K(518656K), 0,0004758 secs] [Times: user=0,00 sys=0,00, real=0,00 secs] 
99,919: [GC (Allocation Failure) [PSYoungGen: 343104K->96K(329216K)] 345131K->2123K(504320K), 0,0005174 secs] [Times: user=0,00 sys=0,00, real=0,00 secs] 
99,977: [GC (Allocation Failure) [PSYoungGen: 328800K->96K(315904K)] 330827K->2123K(491008K), 0,0005061 secs] [Times: user=0,00 sys=0,00, real=0,01 secs] 
100,033: [GC (Allocation Failure) [PSYoungGen: 315488K->96K(303104K)] 317515K->2123K(478208K), 0,0005052 secs] [Times: user=0,00 sys=0,00, real=0,00 secs] 
100,087: [GC (Allocation Failure) [PSYoungGen: 302688K->64K(290816K)] 304715K->2091K(465920K), 0,0004858 secs] [Times: user=0,00 sys=0,00, real=0,00 secs] 
100,138: [GC (Allocation Failure) [PSYoungGen: 290368K->64K(279040K)] 292395K->2091K(454144K), 0,0004876 secs] [Times: user=0,00 sys=0,00, real=0,00 secs] 
100,187: [GC (Allocation Failure) [PSYoungGen: 278592K->96K(267776K)] 280619K->2123K(442880K), 0,0004766 secs] [Times: user=0,00 sys=0,00, real=0,01 secs] 
100,234: [GC (Allocation Failure) [PSYoungGen: 267360K->64K(257536K)] 269387K->2091K(432640K), 0,0004780 secs] [Times: user=0,00 sys=0,00, real=0,00 secs] 
Heap
 PSYoungGen      total 257536K, used 171489K [0x000000076ab00000, 0x00000007bdf80000, 0x00000007c0000000)
  eden space 257024K, 66% used [0x000000076ab00000,0x00000007752685f0,0x000000077a600000)
  from space 512K, 12% used [0x00000007bde80000,0x00000007bde90000,0x00000007bdf00000)
  to   space 512K, 0% used [0x00000007bdf00000,0x00000007bdf00000,0x00000007bdf80000)
 ParOldGen       total 175104K, used 2027K [0x00000006c0000000, 0x00000006cab00000, 0x000000076ab00000)
  object space 175104K, 1% used [0x00000006c0000000,0x00000006c01faff0,0x00000006cab00000)
 Metaspace       used 11226K, capacity 11476K, committed 11648K, reserved 1058816K
  class space    used 1219K, capacity 1298K, committed 1408K, reserved 1048576K
