OpenJDK 64-Bit Server VM (25.202-b05) for bsd-amd64 JRE (Zulu 8.36.0.1-CA-macosx) (1.8.0_202-b05), built on Jan 29 2019 06:07:09 by "zulu_re" with gcc 4.2.1 (Based on Apple Inc. build 5658) (LLVM build 2336.11.00)
Memory: 4k page, physical 16777216k(3383116k free)

/proc/meminfo:

CommandLine flags: -XX:InitialHeapSize=268435456 -XX:MaxHeapSize=4294967296 -XX:+PrintGC -XX:+PrintGCDetails -XX:+PrintGCTimeStamps -XX:+UseCompressedClassPointers -XX:+UseCompressedOops -XX:+UseParallelGC 
Heap
 PSYoungGen      total 76288K, used 35777K [0x000000076ab00000, 0x0000000770000000, 0x00000007c0000000)
  eden space 65536K, 54% used [0x000000076ab00000,0x000000076cdf06a8,0x000000076eb00000)
  from space 10752K, 0% used [0x000000076f580000,0x000000076f580000,0x0000000770000000)
  to   space 10752K, 0% used [0x000000076eb00000,0x000000076eb00000,0x000000076f580000)
 ParOldGen       total 175104K, used 0K [0x00000006c0000000, 0x00000006cab00000, 0x000000076ab00000)
  object space 175104K, 0% used [0x00000006c0000000,0x00000006c0000000,0x00000006cab00000)
 Metaspace       used 7668K, capacity 8005K, committed 8192K, reserved 1056768K
  class space    used 852K, capacity 948K, committed 1024K, reserved 1048576K
960: [GC (Allocation Failure) [PSYoungGen: 132784K->1728K(141824K)] 132816K->1768K(316928K), 0,0018056 secs] [Times: user=0,00 sys=0,01, real=0,00 secs] 
1,024: [GC (Allocation Failure) [PSYoungGen: 132800K->1760K(268288K)] 132840K->1808K(443392K), 0,0017075 secs] [Times: user=0,01 sys=0,00, real=0,00 secs] 
1,199: [GC (Allocation Failure) [PSYoungGen: 263904K->128K(268288K)] 263952K->1863K(443392K), 0,0019534 secs] [Times: user=0,00 sys=0,00, real=0,01 secs] 
1,317: [GC (Allocation Failure) [PSYoungGen: 262272K->128K(530432K)] 264007K->1887K(705536K), 0,0005458 secs] [Times: user=0,00 sys=0,00, real=0,00 secs] 
1,645: [GC (Allocation Failure) [PSYoungGen: 524416K->128K(530432K)] 526175K->1935K(705536K), 0,0007872 secs] [Times: user=0,00 sys=0,00, real=0,00 secs] 
1,871: [GC (Allocation Failure) [PSYoungGen: 524416K->96K(844800K)] 526223K->1911K(1019904K), 0,0005233 secs] [Times: user=0,00 sys=0,00, real=0,00 secs] 
2,356: [GC (Allocation Failure) [PSYoungGen: 839264K->64K(800768K)] 841079K->1895K(975872K), 0,0005307 secs] [Times: user=0,00 sys=0,00, real=0,00 secs] 
2,700: [GC (Allocation Failure) [PSYoungGen: 800320K->96K(763904K)] 802151K->1935K(939008K), 0,0005341 secs] [Times: user=0,00 sys=0,00, real=0,00 secs] 
3,029: [GC (Allocation Failure) [PSYoungGen: 763488K->64K(734208K)] 765327K->1903K(909312K), 0,0005142 secs] [Times: user=0,00 sys=0,00, real=0,01 secs] 
3,349: [GC (Allocation Failure) [PSYoungGen: 728640K->64K(695808K)] 730479K->1903K(870912K), 0,0005986 secs] [Times: user=0,00 sys=0,00, real=0,00 secs] 
3,648: [GC (Allocation Failure) [PSYoungGen: 695360K->96K(668672K)] 697199K->1935K(843776K), 0,0005222 secs] [Times: user=0,00 sys=0,00, real=0,00 secs] 
3,932: [GC (Allocation Failure) [PSYoungGen: 663648K->64K(634368K)] 665487K->1911K(809472K), 0,0006189 secs] [Times: user=0,00 sys=0,00, real=0,00 secs] 
4,210: [GC (Allocation Failure) [PSYoungGen: 633920K->64K(609792K)] 635767K->1911K(784896K), 0,0005164 secs] [Times: user=0,00 sys=0,00, real=0,00 secs] 
4,470: [GC (Allocation Failure) [PSYoungGen: 605248K->96K(578560K)] 607095K->1943K(753664K), 0,0006319 secs] [Times: user=0,00 sys=0,00, real=0,00 secs] 
4,721: [GC (Allocation Failure) [PSYoungGen: 578144K->96K(556544K)] 579991K->1943K(731648K), 0,0005005 secs] [Times: user=0,00 sys=0,00, real=0,00 secs] 
4,957: [GC (Allocation Failure) [PSYoungGen: 552544K->64K(528384K)] 554391K->1919K(703488K), 0,0006355 secs] [Times: user=0,00 sys=0,00, real=0,00 secs] 
5,184: [GC (Allocation Failure) [PSYoungGen: 527936K->96K(508416K)] 529791K->1951K(683520K), 0,0005100 secs] [Times: user=0,00 sys=0,00, real=0,00 secs] 
5,401: [GC (Allocation Failure) [PSYoungGen: 504928K->96K(483328K)] 506783K->1951K(658432K), 0,0005866 secs] [Times: user=0,01 sys=0,00, real=0,00 secs] 
5,608: [GC (Allocation Failure) [PSYoungGen: 482912K->96K(465408K)] 484767K->1951K(640512K), 0,0005015 secs] [Times: user=0,00 sys=0,00, real=0,00 secs] 
5,807: [GC (Allocation Failure) [PSYoungGen: 461920K->64K(442368K)] 463775K->1919K(617472K), 0,0005778 secs] [Times: user=0,00 sys=0,00, real=0,00 secs] 
5,997: [GC (Allocation Failure) [PSYoungGen: 441920K->96K(425984K)] 443775K->1951K(601088K), 0,0005094 secs] [Times: user=0,00 sys=0,00, real=0,00 secs] 
6,179: [GC (Allocation Failure) [PSYoungGen: 423008K->96K(405504K)] 424863K->1951K(580608K), 0,0005648 secs] [Times: user=0,00 sys=0,00, real=0,00 secs] 
6,352: [GC (Allocation Failure) [PSYoungGen: 405088K->96K(390144K)] 406943K->1951K(565248K), 0,0005020 secs] [Times: user=0,00 sys=0,00, real=0,00 secs] 
6,520: [GC (Allocation Failure) [PSYoungGen: 387680K->64K(371712K)] 389535K->1919K(546816K), 0,0005581 secs] [Times: user=0,00 sys=0,00, real=0,00 secs] 
6,680: [GC (Allocation Failure) [PSYoungGen: 371264K->96K(358400K)] 373119K->1951K(533504K), 0,0004923 secs] [Times: user=0,00 sys=0,00, real=0,00 secs] 
6,833: [GC (Allocation Failure) [PSYoungGen: 355936K->96K(341504K)] 357791K->1951K(516608K), 0,0005279 secs] [Times: user=0,00 sys=0,00, real=0,00 secs] 
6,981: [GC (Allocation Failure) [PSYoungGen: 341088K->32K(329216K)] 342943K->1887K(504320K), 0,0005980 secs] [Times: user=0,00 sys=0,01, real=0,00 secs] 
7,122: [GC (Allocation Failure) [PSYoungGen: 327200K->96K(314368K)] 329055K->1951K(489472K), 0,0005733 secs] [Times: user=0,00 sys=0,00, real=0,00 secs] 
7,257: [GC (Allocation Failure) [PSYoungGen: 313952K->64K(303104K)] 315807K->1919K(478208K), 0,0004969 secs] [Times: user=0,00 sys=0,00, real=0,00 secs] 
7,387: [GC (Allocation Failure) [PSYoungGen: 301120K->64K(289280K)] 302975K->1919K(464384K), 0,0005379 secs] [Times: user=0,00 sys=0,00, real=0,00 secs] 
7,511: [GC (Allocation Failure) [PSYoungGen: 288832K->64K(279040K)] 290687K->1919K(454144K), 0,0005072 secs] [Times: user=0,00 sys=0,00, real=0,00 secs] 
7,630: [GC (Allocation Failure) [PSYoungGen: 277568K->96K(267264K)] 279423K->1951K(442368K), 0,0005197 secs] [Times: user=0,00 sys=0,00, real=0,00 secs] 
7,745: [GC (Allocation Failure) [PSYoungGen: 266848K->32K(258048K)] 268703K->1887K(433152K), 0,0005175 secs] [Times: user=0,00 sys=0,00, real=0,00 secs] 
7,855: [GC (Allocation Failure) [PSYoungGen: 256544K->96K(247296K)] 258399K->1951K(422400K), 0,0005023 secs] [Times: user=0,01 sys=0,00, real=0,00 secs] 
7,962: [GC (Allocation Failure) [PSYoungGen: 246880K->96K(238080K)] 248735K->1951K(413184K), 0,0004992 secs] [Times: user=0,00 sys=0,00, real=0,00 secs] 
8,064: [GC (Allocation Failure) [PSYoungGen: 237152K->96K(228352K)] 239007K->1951K(403456K), 0,0005142 secs] [Times: user=0,00 sys=0,00, real=0,00 secs] 
8,162: [GC (Allocation Failure) [PSYoungGen: 227936K->64K(220160K)] 229791K->1919K(395264K), 0,0004856 secs] [Times: user=0,00 sys=0,00, real=0,00 secs] 
8,257: [GC (Allocation Failure) [PSYoungGen: 219200K->64K(211456K)] 221055K->1919K(386560K), 0,0005118 secs] [Times: user=0,00 sys=0,00, real=0,00 secs] 
8,347: [GC (Allocation Failure) [PSYoungGen: 211008K->96K(204288K)] 212863K->1951K(379392K), 0,0004668 secs] [Times: user=0,00 sys=0,00, real=0,00 secs] 
8,435: [GC (Allocation Failure) [PSYoungGen: 203360K->64K(196096K)] 205215K->1919K(371200K), 0,0005052 secs] [Times: user=0,00 sys=0,00, real=0,00 secs] 
8,520: [GC (Allocation Failure) [PSYoungGen: 195648K->32K(189440K)] 197503K->1887K(364544K), 0,0004981 secs] [Times: user=0,00 sys=0,00, real=0,00 secs] 
8,601: [GC (Allocation Failure) [PSYoungGen: 188448K->64K(182272K)] 190303K->1919K(357376K), 0,0005162 secs] [Times: user=0,00 sys=0,00, real=0,00 secs] 
8,679: [GC (Allocation Failure) [PSYoungGen: 181824K->64K(176128K)] 183679K->1919K(351232K), 0,0004731 secs] [Times: user=0,00 sys=0,00, real=0,01 secs] 
8,755: [GC (Allocation Failure) [PSYoungGen: 175168K->96K(169472K)] 177023K->1951K(344576K), 0,0006634 secs] [Times: user=0,00 sys=0,00, real=0,00 secs] 
8,828: [GC (Allocation Failure) [PSYoungGen: 169056K->64K(163840K)] 170911K->1919K(338944K), 0,0004701 secs] [Times: user=0,00 sys=0,00, real=0,00 secs] 
8,898: [GC (Allocation Failure) [PSYoungGen: 163392K->32K(158208K)] 165247K->1887K(333312K), 0,0008073 secs] [Times: user=0,00 sys=0,00, real=0,00 secs] 
8,967: [GC (Allocation Failure) [PSYoungGen: 157728K->96K(153088K)] 159583K->1951K(328192K), 0,0005021 secs] [Times: user=0,00 sys=0,00, real=0,00 secs] 
9,033: [GC (Allocation Failure) [PSYoungGen: 152672K->96K(147968K)] 154527K->1951K(323072K), 0,0004773 secs] [Times: user=0,00 sys=0,00, real=0,00 secs] 
9,097: [GC (Allocation Failure) [PSYoungGen: 147552K->96K(143360K)] 149407K->1951K(318464K), 0,0004683 secs] [Times: user=0,00 sys=0,00, real=0,00 secs] 
9,159: [GC (Allocation Failure) [PSYoungGen: 142944K->64K(138752K)] 144799K->1919K(313856K), 0,0004571 secs] [Times: user=0,00 sys=0,00, real=0,00 secs] 
9,218: [GC (Allocation Failure) [PSYoungGen: 138304K->32K(134144K)] 140159K->1887K(309248K), 0,0004544 secs] [Times: user=0,00 sys=0,00, real=0,00 secs] 
9,276: [GC (Allocation Failure) [PSYoungGen: 133664K->64K(130048K)] 135519K->1919K(305152K), 0,0004666 secs] [Times: user=0,00 sys=0,00, real=0,00 secs] 
9,332: [GC (Allocation Failure) [PSYoungGen: 129600K->32K(125952K)] 131455K->1887K(301056K), 0,0004438 secs] [Times: user=0,00 sys=0,00, real=0,00 secs] 
9,387: [GC (Allocation Failure) [PSYoungGen: 125472K->64K(121856K)] 127327K->1919K(296960K), 0,0005032 secs] [Times: user=0,00 sys=0,00, real=0,00 secs] 
9,439: [GC (Allocation Failure) [PSYoungGen: 121408K->64K(118272K)] 123263K->1919K(293376K), 0,0004921 secs] [Times: user=0,00 sys=0,00, real=0,00 secs] 
9,490: [GC (Allocation Failure) [PSYoungGen: 117824K->64K(114688K)] 119679K->1919K(289792K), 0,0004624 secs] [Times: user=0,00 sys=0,00, real=0,00 secs] 
9,540: [GC (Allocation Failure) [PSYoungGen: 114240K->64K(111104K)] 116095K->1919K(286208K), 0,0004687 secs] [Times: user=0,00 sys=0,00, real=0,00 secs] 
9,588: [GC (Allocation Failure) [PSYoungGen: 110656K->96K(108032K)] 112511K->1951K(283136K), 0,0004575 secs] [Times: user=0,00 sys=0,00, real=0,00 secs] 
9,634: [GC (Allocation Failure) [PSYoungGen: 107616K->96K(104960K)] 109471K->1951K(280064K), 0,0004522 secs] [Times: user=0,01 sys=0,00, real=0,00 secs] 
9,679: [GC (Allocation Failure) [PSYoungGen: 104544K->64K(101888K)] 106399K->1919K(276992K), 0,0004658 secs] [Times: user=0,00 sys=0,00, real=0,00 secs] 
9,723: [GC (Allocation Failure) [PSYoungGen: 101440K->96K(98816K)] 103295K->1951K(273920K), 0,0004429 secs] [Times: user=0,01 sys=0,00, real=0,00 secs] 
9,766: [GC (Allocation Failure) [PSYoungGen: 98400K->96K(96256K)] 100255K->1959K(271360K), 0,0004551 secs] [Times: user=0,00 sys=0,00, real=0,00 secs] 
9,807: [GC (Allocation Failure) [PSYoungGen: 95840K->96K(93696K)] 97703K->1959K(268800K), 0,0004554 secs] [Times: user=0,00 sys=0,00, real=0,00 secs] 
9,848: [GC (Allocation Failure) [PSYoungGen: 93280K->64K(91136K)] 95143K->1927K(266240K), 0,0004609 secs] [Times: user=0,00 sys=0,00, real=0,00 secs] 
9,887: [GC (Allocation Failure) [PSYoungGen: 90688K->96K(109568K)] 92551K->1959K(284672K), 0,0004523 secs] [Times: user=0,00 sys=0,00, real=0,00 secs] 
9,934: [GC (Allocation Failure) [PSYoungGen: 109152K->96K(106496K)] 111015K->1959K(281600K), 0,0004794 secs] [Times: user=0,00 sys=0,00, real=0,00 secs] 
9,981: [GC (Allocation Failure) [PSYoungGen: 106080K->96K(103424K)] 107943K->1959K(278528K), 0,0004953 secs] [Times: user=0,00 sys=0,00, real=0,00 secs] 
10,026: [GC (Allocation Failure) [PSYoungGen: 103008K->64K(100352K)] 104871K->1927K(275456K), 0,0004779 secs] [Times: user=0,00 sys=0,00, real=0,00 secs] 
10,069: [GC (Allocation Failure) [PSYoungGen: 99904K->32K(97792K)] 101767K->1895K(272896K), 0,0004542 secs] [Times: user=0,00 sys=0,00, real=0,01 secs] 
10,111: [GC (Allocation Failure) [PSYoungGen: 97312K->64K(95232K)] 99175K->1927K(270336K), 0,0004670 secs] [Times: user=0,00 sys=0,00, real=0,00 secs] 
10,152: [GC (Allocation Failure) [PSYoungGen: 94784K->64K(114176K)] 96647K->1927K(289280K), 0,0004831 secs] [Times: user=0,00 sys=0,00, real=0,00 secs] 
10,201: [GC (Allocation Failure) [PSYoungGen: 113728K->64K(110592K)] 115591K->1927K(285696K), 0,0004517 secs] [Times: user=0,00 sys=0,00, real=0,00 secs] 
10,261: [GC (Allocation Failure) [PSYoungGen: 110144K->160K(107520K)] 112007K->2023K(282624K), 0,0005643 secs] [Times: user=0,00 sys=0,00, real=0,00 secs] 
10,308: [GC (Allocation Failure) [PSYoungGen: 107168K->32K(104448K)] 109031K->1951K(279552K), 0,0005400 secs] [Times: user=0,00 sys=0,01, real=0,00 secs] 
10,353: [GC (Allocation Failure) [PSYoungGen: 103968K->96K(101376K)] 105887K->2015K(276480K), 0,0004729 secs] [Times: user=0,00 sys=0,00, real=0,00 secs] 
10,397: [GC (Allocation Failure) [PSYoungGen: 100960K->64K(98816K)] 102879K->1983K(273920K), 0,0004677 secs] [Times: user=0,00 sys=0,00, real=0,00 secs] 
10,440: [GC (Allocation Failure) [PSYoungGen: 98368K->64K(96256K)] 100287K->1983K(271360K), 0,0004676 secs] [Times: user=0,00 sys=0,00, real=0,00 secs] 
10,482: [GC (Allocation Failure) [PSYoungGen: 95808K->96K(115712K)] 97727K->2015K(290816K), 0,0005088 secs] [Times: user=0,01 sys=0,00, real=0,00 secs] 
10,533: [GC (Allocation Failure) [PSYoungGen: 115296K->64K(112128K)] 117215K->1983K(287232K), 0,0005012 secs] [Times: user=0,00 sys=0,00, real=0,00 secs] 
10,582: [GC (Allocation Failure) [PSYoungGen: 111680K->64K(109056K)] 113599K->1983K(284160K), 0,0004745 secs] [Times: user=0,00 sys=0,00, real=0,00 secs] 
10,629: [GC (Allocation Failure) [PSYoungGen: 108608K->64K(105984K)] 110527K->1983K(281088K), 0,0004743 secs] [Times: user=0,01 sys=0,00, real=0,01 secs] 
10,676: [GC (Allocation Failure) [PSYoungGen: 105536K->96K(102912K)] 107455K->2015K(278016K), 0,0005221 secs] [Times: user=0,00 sys=0,00, real=0,00 secs] 
10,720: [GC (Allocation Failure) [PSYoungGen: 102496K->64K(99840K)] 104415K->1983K(274944K), 0,0004757 secs] [Times: user=0,00 sys=0,00, real=0,00 secs] 
10,763: [GC (Allocation Failure) [PSYoungGen: 99392K->96K(97280K)] 101311K->2015K(272384K), 0,0004790 secs] [Times: user=0,00 sys=0,00, real=0,00 secs] 
10,806: [GC (Allocation Failure) [PSYoungGen: 96864K->96K(94720K)] 98783K->2015K(269824K), 0,0004667 secs] [Times: user=0,00 sys=0,00, real=0,00 secs] 
10,848: [GC (Allocation Failure) [PSYoungGen: 94304K->96K(113664K)] 96223K->2015K(288768K), 0,0005068 secs] [Times: user=0,00 sys=0,00, real=0,00 secs] 
10,897: [GC (Allocation Failure) [PSYoungGen: 113248K->96K(110592K)] 115167K->2015K(285696K), 0,0004745 secs] [Times: user=0,00 sys=0,00, real=0,00 secs] 
10,945: [GC (Allocation Failure) [PSYoungGen: 110176K->96K(107520K)] 112095K->2015K(282624K), 0,0004885 secs] [Times: user=0,00 sys=0,00, real=0,00 secs] 
10,992: [GC (Allocation Failure) [PSYoungGen: 107104K->96K(104448K)] 109023K->2015K(279552K), 0,0004977 secs] [Times: user=0,00 sys=0,00, real=0,00 secs] 
11,037: [GC (Allocation Failure) [PSYoungGen: 104032K->64K(101376K)] 105951K->1983K(276480K), 0,0004899 secs] [Times: user=0,00 sys=0,00, real=0,00 secs] 
11,084: [GC (Allocation Failure) [PSYoungGen: 100928K->64K(98816K)] 102847K->1983K(273920K), 0,0004963 secs] [Times: user=0,01 sys=0,00, real=0,00 secs] 
11,127: [GC (Allocation Failure) [PSYoungGen: 98368K->96K(96256K)] 100287K->2015K(271360K), 0,0004813 secs] [Times: user=0,00 sys=0,00, real=0,00 secs] 
11,169: [GC (Allocation Failure) [PSYoungGen: 95840K->96K(93696K)] 97759K->2015K(268800K), 0,0004895 secs] [Times: user=0,00 sys=0,00, real=0,01 secs] 
11,210: [GC (Allocation Failure) [PSYoungGen: 93280K->64K(112640K)] 95199K->1983K(287744K), 0,0004885 secs] [Times: user=0,00 sys=0,00, real=0,00 secs] 
11,259: [GC (Allocation Failure) [PSYoungGen: 112192K->96K(109568K)] 114111K->2015K(284672K), 0,0004964 secs] [Times: user=0,00 sys=0,00, real=0,00 secs] 
11,307: [GC (Allocation Failure) [PSYoungGen: 109152K->96K(106496K)] 111071K->2015K(281600K), 0,0004884 secs] [Times: user=0,00 sys=0,00, real=0,00 secs] 
11,353: [GC (Allocation Failure) [PSYoungGen: 106080K->128K(103424K)] 107999K->2047K(278528K), 0,0005249 secs] [Times: user=0,00 sys=0,00, real=0,00 secs] 
11,398: [GC (Allocation Failure) [PSYoungGen: 103040K->64K(124416K)] 104959K->1983K(299520K), 0,0009513 secs] [Times: user=0,00 sys=0,00, real=0,00 secs] 
11,453: [GC (Allocation Failure) [PSYoungGen: 123968K->96K(149504K)] 125887K->2015K(324608K), 0,0005095 secs] [Times: user=0,00 sys=0,00, real=0,00 secs] 
11,518: [GC (Allocation Failure) [PSYoungGen: 149088K->96K(179712K)] 151007K->2015K(354816K), 0,0005169 secs] [Times: user=0,00 sys=0,00, real=0,00 secs] 
11,595: [GC (Allocation Failure) [PSYoungGen: 179296K->96K(173568K)] 181215K->2015K(348672K), 0,0004905 secs] [Times: user=0,00 sys=0,00, real=0,00 secs] 
11,670: [GC (Allocation Failure) [PSYoungGen: 173152K->32K(167424K)] 175071K->1951K(342528K), 0,0005015 secs] [Times: user=0,01 sys=0,00, real=0,00 secs] 
11,742: [GC (Allocation Failure) [PSYoungGen: 166944K->96K(161792K)] 168863K->2015K(336896K), 0,0004861 secs] [Times: user=0,00 sys=0,00, real=0,00 secs] 
11,812: [GC (Allocation Failure) [PSYoungGen: 161376K->96K(156160K)] 163295K->2015K(331264K), 0,0004893 secs] [Times: user=0,00 sys=0,00, real=0,00 secs] 
11,879: [GC (Allocation Failure) [PSYoungGen: 155744K->64K(151040K)] 157663K->1983K(326144K), 0,0004955 secs] [Times: user=0,01 sys=0,00, real=0,01 secs] 
11,944: [GC (Allocation Failure) [PSYoungGen: 150592K->96K(145920K)] 152511K->2015K(321024K), 0,0004939 secs] [Times: user=0,00 sys=0,00, real=0,00 secs] 
12,007: [GC (Allocation Failure) [PSYoungGen: 145504K->96K(141312K)] 147423K->2015K(316416K), 0,0005225 secs] [Times: user=0,01 sys=0,00, real=0,00 secs] 
12,069: [GC (Allocation Failure) [PSYoungGen: 140896K->96K(136704K)] 142815K->2015K(311808K), 0,0005014 secs] [Times: user=0,00 sys=0,00, real=0,00 secs] 
12,128: [GC (Allocation Failure) [PSYoungGen: 136288K->96K(132608K)] 138207K->2015K(307712K), 0,0004701 secs] [Times: user=0,00 sys=0,00, real=0,00 secs] 
12,185: [GC (Allocation Failure) [PSYoungGen: 132192K->96K(128512K)] 134111K->2015K(303616K), 0,0004797 secs] [Times: user=0,00 sys=0,00, real=0,00 secs] 
12,240: [GC (Allocation Failure) [PSYoungGen: 128096K->96K(124416K)] 130015K->2015K(299520K), 0,0004924 secs] [Times: user=0,00 sys=0,00, real=0,00 secs] 
12,294: [GC (Allocation Failure) [PSYoungGen: 124000K->96K(120832K)] 125919K->2015K(295936K), 0,0004903 secs] [Times: user=0,00 sys=0,00, real=0,00 secs] 
12,346: [GC (Allocation Failure) [PSYoungGen: 120416K->64K(117248K)] 122335K->1983K(292352K), 0,0004804 secs] [Times: user=0,00 sys=0,00, real=0,00 secs] 
12,397: [GC (Allocation Failure) [PSYoungGen: 116800K->64K(113664K)] 118719K->1983K(288768K), 0,0004615 secs] [Times: user=0,00 sys=0,00, real=0,00 secs] 
12,446: [GC (Allocation Failure) [PSYoungGen: 113216K->64K(110592K)] 115135K->1983K(285696K), 0,0004837 secs] [Times: user=0,00 sys=0,00, real=0,00 secs] 
12,494: [GC (Allocation Failure) [PSYoungGen: 110144K->96K(107520K)] 112063K->2015K(282624K), 0,0004885 secs] [Times: user=0,00 sys=0,00, real=0,00 secs] 
12,541: [GC (Allocation Failure) [PSYoungGen: 107104K->64K(104448K)] 109023K->1983K(279552K), 0,0004948 secs] [Times: user=0,00 sys=0,00, real=0,00 secs] 
12,586: [GC (Allocation Failure) [PSYoungGen: 104000K->64K(101376K)] 105919K->1983K(276480K), 0,0004790 secs] [Times: user=0,00 sys=0,00, real=0,00 secs] 
12,630: [GC (Allocation Failure) [PSYoungGen: 100928K->96K(98816K)] 102847K->2015K(273920K), 0,0004679 secs] [Times: user=0,00 sys=0,00, real=0,00 secs] 
12,672: [GC (Allocation Failure) [PSYoungGen: 98400K->64K(96256K)] 100319K->1983K(271360K), 0,0004848 secs] [Times: user=0,00 sys=0,00, real=0,00 secs] 
12,714: [GC (Allocation Failure) [PSYoungGen: 95808K->64K(93696K)] 97727K->1983K(268800K), 0,0004702 secs] [Times: user=0,00 sys=0,00, real=0,00 secs] 
12,755: [GC (Allocation Failure) [PSYoungGen: 93248K->32K(112640K)] 95167K->1951K(287744K), 0,0004785 secs] [Times: user=0,00 sys=0,00, real=0,00 secs] 
12,803: [GC (Allocation Failure) [PSYoungGen: 112160K->96K(109568K)] 114079K->2015K(284672K), 0,0004708 secs] [Times: user=0,00 sys=0,00, real=0,00 secs] 
12,851: [GC (Allocation Failure) [PSYoungGen: 109152K->64K(106496K)] 111071K->1983K(281600K), 0,0004710 secs] [Times: user=0,00 sys=0,00, real=0,00 secs] 
12,897: [GC (Allocation Failure) [PSYoungGen: 106048K->96K(103424K)] 107967K->2015K(278528K), 0,0004709 secs] [Times: user=0,00 sys=0,00, real=0,00 secs] 
12,942: [GC (Allocation Failure) [PSYoungGen: 103008K->96K(100352K)] 104927K->2015K(275456K), 0,0004988 secs] [Times: user=0,00 sys=0,00, real=0,00 secs] 
12,985: [GC (Allocation Failure) [PSYoungGen: 99936K->96K(97792K)] 101855K->2015K(272896K), 0,0004959 secs] [Times: user=0,00 sys=0,00, real=0,00 secs] 
13,028: [GC (Allocation Failure) [PSYoungGen: 97376K->32K(117248K)] 99295K->1951K(292352K), 0,0005388 secs] [Times: user=0,00 sys=0,01, real=0,00 secs] 
13,079: [GC (Allocation Failure) [PSYoungGen: 116768K->96K(113664K)] 118687K->2015K(288768K), 0,0004916 secs] [Times: user=0,01 sys=0,00, real=0,00 secs] 
13,128: [GC (Allocation Failure) [PSYoungGen: 113248K->64K(110592K)] 115167K->1983K(285696K), 0,0004637 secs] [Times: user=0,01 sys=0,00, real=0,00 secs] 
13,175: [GC (Allocation Failure) [PSYoungGen: 110144K->32K(107520K)] 112063K->1951K(282624K), 0,0005074 secs] [Times: user=0,00 sys=0,00, real=0,00 secs] 
13,222: [GC (Allocation Failure) [PSYoungGen: 107040K->64K(104448K)] 108959K->1983K(279552K), 0,0004770 secs] [Times: user=0,00 sys=0,00, real=0,00 secs] 
13,268: [GC (Allocation Failure) [PSYoungGen: 104000K->64K(101376K)] 105919K->1983K(276480K), 0,0005096 secs] [Times: user=0,00 sys=0,00, real=0,00 secs] 
13,312: [GC (Allocation Failure) [PSYoungGen: 100928K->96K(98816K)] 102847K->2015K(273920K), 0,0004883 secs] [Times: user=0,00 sys=0,00, real=0,00 secs] 
13,355: [GC (Allocation Failure) [PSYoungGen: 98400K->64K(96256K)] 100319K->1983K(271360K), 0,0004942 secs] [Times: user=0,00 sys=0,00, real=0,00 secs] 
13,397: [GC (Allocation Failure) [PSYoungGen: 95808K->64K(115712K)] 97727K->1983K(290816K), 0,0004567 secs] [Times: user=0,00 sys=0,00, real=0,00 secs] 
13,448: [GC (Allocation Failure) [PSYoungGen: 115264K->96K(112128K)] 117183K->2015K(287232K), 0,0011546 secs] [Times: user=0,00 sys=0,00, real=0,00 secs] 
13,497: [GC (Allocation Failure) [PSYoungGen: 111712K->64K(109056K)] 113631K->1983K(284160K), 0,0004903 secs] [Times: user=0,00 sys=0,00, real=0,00 secs] 
13,544: [GC (Allocation Failure) [PSYoungGen: 108608K->96K(105984K)] 110527K->2015K(281088K), 0,0004543 secs] [Times: user=0,00 sys=0,00, real=0,00 secs] 
13,590: [GC (Allocation Failure) [PSYoungGen: 105568K->64K(102912K)] 107487K->1983K(278016K), 0,0004550 secs] [Times: user=0,00 sys=0,00, real=0,00 secs] 
13,634: [GC (Allocation Failure) [PSYoungGen: 102464K->96K(99840K)] 104383K->2015K(274944K), 0,0004583 secs] [Times: user=0,01 sys=0,00, real=0,00 secs] 
13,677: [GC (Allocation Failure) [PSYoungGen: 99424K->64K(97280K)] 101343K->1983K(272384K), 0,0004704 secs] [Times: user=0,00 sys=0,00, real=0,00 secs] 
13,719: [GC (Allocation Failure) [PSYoungGen: 96832K->96K(94720K)] 98751K->2015K(269824K), 0,0004569 secs] [Times: user=0,00 sys=0,00, real=0,00 secs] 
13,760: [GC (Allocation Failure) [PSYoungGen: 94304K->96K(92160K)] 96223K->2015K(267264K), 0,0004671 secs] [Times: user=0,00 sys=0,00, real=0,00 secs] 
13,800: [GC (Allocation Failure) [PSYoungGen: 91744K->64K(110592K)] 93663K->1983K(285696K), 0,0004568 secs] [Times: user=0,00 sys=0,00, real=0,00 secs] 
13,848: [GC (Allocation Failure) [PSYoungGen: 110144K->64K(107520K)] 112063K->1983K(282624K), 0,0004742 secs] [Times: user=0,00 sys=0,00, real=0,00 secs] 
13,894: [GC (Allocation Failure) [PSYoungGen: 107072K->64K(104448K)] 108991K->1983K(279552K), 0,0004625 secs] [Times: user=0,00 sys=0,00, real=0,00 secs] 
13,940: [GC (Allocation Failure) [PSYoungGen: 104000K->96K(101376K)] 105919K->2015K(276480K), 0,0005174 secs] [Times: user=0,00 sys=0,00, real=0,00 secs] 
13,984: [GC (Allocation Failure) [PSYoungGen: 100960K->64K(98816K)] 102879K->1983K(273920K), 0,0004819 secs] [Times: user=0,00 sys=0,00, real=0,00 secs] 
14,026: [GC (Allocation Failure) [PSYoungGen: 98368K->64K(96256K)] 100287K->1983K(271360K), 0,0004773 secs] [Times: user=0,00 sys=0,00, real=0,00 secs] 
14,068: [GC (Allocation Failure) [PSYoungGen: 95808K->96K(93696K)] 97727K->2015K(268800K), 0,0004432 secs] [Times: user=0,00 sys=0,00, real=0,00 secs] 
14,108: [GC (Allocation Failure) [PSYoungGen: 93280K->96K(112640K)] 95199K->2015K(287744K), 0,0004626 secs] [Times: user=0,00 sys=0,00, real=0,00 secs] 
14,157: [GC (Allocation Failure) [PSYoungGen: 112224K->96K(109568K)] 114143K->2015K(284672K), 0,0004490 secs] [Times: user=0,00 sys=0,00, real=0,00 secs] 
14,204: [GC (Allocation Failure) [PSYoungGen: 109152K->96K(106496K)] 111071K->2015K(281600K), 0,0004519 secs] [Times: user=0,00 sys=0,00, real=0,00 secs] 
14,250: [GC (Allocation Failure) [PSYoungGen: 106080K->96K(103424K)] 107999K->2015K(278528K), 0,0004704 secs] [Times: user=0,00 sys=0,00, real=0,00 secs] 
14,295: [GC (Allocation Failure) [PSYoungGen: 103008K->64K(100352K)] 104927K->1983K(275456K), 0,0004669 secs] [Times: user=0,00 sys=0,00, real=0,00 secs] 
14,338: [GC (Allocation Failure) [PSYoungGen: 99904K->96K(97792K)] 101823K->2015K(272896K), 0,0004746 secs] [Times: user=0,00 sys=0,00, real=0,00 secs] 
14,384: [GC (Allocation Failure) [PSYoungGen: 97376K->96K(95232K)] 99295K->2015K(270336K), 0,0004877 secs] [Times: user=0,00 sys=0,00, real=0,00 secs] 
14,425: [GC (Allocation Failure) [PSYoungGen: 94816K->64K(92672K)] 96735K->1983K(267776K), 0,0004500 secs] [Times: user=0,00 sys=0,00, real=0,00 secs] 
14,466: [GC (Allocation Failure) [PSYoungGen: 92224K->96K(111104K)] 94143K->2015K(286208K), 0,0005085 secs] [Times: user=0,01 sys=0,00, real=0,00 secs] 
14,514: [GC (Allocation Failure) [PSYoungGen: 110688K->96K(108032K)] 112607K->2015K(283136K), 0,0004818 secs] [Times: user=0,00 sys=0,00, real=0,00 secs] 
14,561: [GC (Allocation Failure) [PSYoungGen: 107616K->64K(104960K)] 109535K->1983K(280064K), 0,0004707 secs] [Times: user=0,00 sys=0,00, real=0,00 secs] 
14,606: [GC (Allocation Failure) [PSYoungGen: 104512K->32K(101888K)] 106431K->1951K(276992K), 0,0004680 secs] [Times: user=0,00 sys=0,00, real=0,00 secs] 
14,650: [GC (Allocation Failure) [PSYoungGen: 101408K->32K(98816K)] 103327K->1951K(273920K), 0,0004341 secs] [Times: user=0,00 sys=0,00, real=0,00 secs] 
14,693: [GC (Allocation Failure) [PSYoungGen: 98336K->64K(96256K)] 100255K->1983K(271360K), 0,0004650 secs] [Times: user=0,00 sys=0,00, real=0,00 secs] 
14,734: [GC (Allocation Failure) [PSYoungGen: 95808K->96K(93696K)] 97727K->2015K(268800K), 0,0004555 secs] [Times: user=0,00 sys=0,00, real=0,00 secs] 
14,775: [GC (Allocation Failure) [PSYoungGen: 93280K->64K(112640K)] 95199K->1983K(287744K), 0,0004571 secs] [Times: user=0,00 sys=0,00, real=0,00 secs] 
14,823: [GC (Allocation Failure) [PSYoungGen: 112192K->96K(109568K)] 114111K->2015K(284672K), 0,0004418 secs] [Times: user=0,00 sys=0,00, real=0,00 secs] 
14,871: [GC (Allocation Failure) [PSYoungGen: 109152K->96K(106496K)] 111071K->2023K(281600K), 0,0004513 secs] [Times: user=0,00 sys=0,00, real=0,00 secs] 
14,916: [GC (Allocation Failure) [PSYoungGen: 106080K->96K(103424K)] 108007K->2023K(278528K), 0,0004709 secs] [Times: user=0,00 sys=0,00, real=0,00 secs] 
14,962: [GC (Allocation Failure) [PSYoungGen: 103008K->96K(100352K)] 104935K->2023K(275456K), 0,0004984 secs] [Times: user=0,01 sys=0,00, real=0,00 secs] 
15,005: [GC (Allocation Failure) [PSYoungGen: 99936K->32K(97792K)] 101863K->1959K(272896K), 0,0004687 secs] [Times: user=0,00 sys=0,00, real=0,00 secs] 
15,047: [GC (Allocation Failure) [PSYoungGen: 97312K->64K(95232K)] 99239K->1991K(270336K), 0,0004658 secs] [Times: user=0,00 sys=0,00, real=0,00 secs] 
15,088: [GC (Allocation Failure) [PSYoungGen: 94784K->96K(114176K)] 96711K->2023K(289280K), 0,0004661 secs] [Times: user=0,00 sys=0,00, real=0,00 secs] 
15,138: [GC (Allocation Failure) [PSYoungGen: 113760K->32K(110592K)] 115687K->1959K(285696K), 0,0004638 secs] [Times: user=0,00 sys=0,00, real=0,00 secs] 
15,185: [GC (Allocation Failure) [PSYoungGen: 110112K->96K(107520K)] 112039K->2023K(282624K), 0,0004500 secs] [Times: user=0,00 sys=0,00, real=0,00 secs] 
15,232: [GC (Allocation Failure) [PSYoungGen: 107104K->64K(104448K)] 109031K->1991K(279552K), 0,0004461 secs] [Times: user=0,00 sys=0,00, real=0,00 secs] 
15,277: [GC (Allocation Failure) [PSYoungGen: 104000K->64K(101376K)] 105927K->1991K(276480K), 0,0005016 secs] [Times: user=0,00 sys=0,00, real=0,00 secs] 
15,320: [GC (Allocation Failure) [PSYoungGen: 100928K->96K(98816K)] 102855K->2023K(273920K), 0,0004860 secs] [Times: user=0,00 sys=0,00, real=0,00 secs] 
15,364: [GC (Allocation Failure) [PSYoungGen: 98400K->64K(96256K)] 100327K->1991K(271360K), 0,0005033 secs] [Times: user=0,00 sys=0,00, real=0,00 secs] 
15,405: [GC (Allocation Failure) [PSYoungGen: 95808K->64K(115712K)] 97735K->1991K(290816K), 0,0004802 secs] [Times: user=0,00 sys=0,00, real=0,00 secs] 
15,455: [GC (Allocation Failure) [PSYoungGen: 115264K->96K(112128K)] 117191K->2023K(287232K), 0,0004768 secs] [Times: user=0,00 sys=0,00, real=0,00 secs] 
15,504: [GC (Allocation Failure) [PSYoungGen: 111712K->64K(109056K)] 113639K->1991K(284160K), 0,0004634 secs] [Times: user=0,00 sys=0,00, real=0,00 secs] 
15,551: [GC (Allocation Failure) [PSYoungGen: 108608K->96K(105984K)] 110535K->2023K(281088K), 0,0004548 secs] [Times: user=0,00 sys=0,00, real=0,00 secs] 
15,596: [GC (Allocation Failure) [PSYoungGen: 105568K->96K(102912K)] 107495K->2023K(278016K), 0,0004562 secs] [Times: user=0,00 sys=0,00, real=0,00 secs] 
15,641: [GC (Allocation Failure) [PSYoungGen: 102496K->96K(99840K)] 104423K->2023K(274944K), 0,0004407 secs] [Times: user=0,00 sys=0,00, real=0,00 secs] 
15,684: [GC (Allocation Failure) [PSYoungGen: 99424K->64K(97280K)] 101351K->1991K(272384K), 0,0004884 secs] [Times: user=0,01 sys=0,00, real=0,00 secs] 
15,726: [GC (Allocation Failure) [PSYoungGen: 96832K->64K(94720K)] 98759K->1991K(269824K), 0,0004357 secs] [Times: user=0,00 sys=0,00, real=0,00 secs] 
15,767: [GC (Allocation Failure) [PSYoungGen: 94272K->64K(92160K)] 96199K->1991K(267264K), 0,0004606 secs] [Times: user=0,00 sys=0,00, real=0,00 secs] 
15,806: [GC (Allocation Failure) [PSYoungGen: 91712K->96K(110592K)] 93639K->2023K(285696K), 0,0004492 secs] [Times: user=0,00 sys=0,00, real=0,00 secs] 
15,854: [GC (Allocation Failure) [PSYoungGen: 110176K->96K(107520K)] 112103K->2023K(282624K), 0,0004493 secs] [Times: user=0,00 sys=0,00, real=0,00 secs] 
15,900: [GC (Allocation Failure) [PSYoungGen: 107104K->96K(104448K)] 109031K->2023K(279552K), 0,0004484 secs] [Times: user=0,00 sys=0,00, real=0,00 secs] 
15,946: [GC (Allocation Failure) [PSYoungGen: 104032K->64K(101376K)] 105959K->1991K(276480K), 0,0004918 secs] [Times: user=0,00 sys=0,00, real=0,00 secs] 
15,990: [GC (Allocation Failure) [PSYoungGen: 100928K->96K(98816K)] 102855K->2023K(273920K), 0,0005050 secs] [Times: user=0,00 sys=0,00, real=0,00 secs] 
16,033: [GC (Allocation Failure) [PSYoungGen: 98400K->64K(96256K)] 100327K->1991K(271360K), 0,0004741 secs] [Times: user=0,00 sys=0,00, real=0,00 secs] 
16,074: [GC (Allocation Failure) [PSYoungGen: 95808K->96K(93696K)] 97735K->2023K(268800K), 0,0004488 secs] [Times: user=0,00 sys=0,00, real=0,00 secs] 
16,115: [GC (Allocation Failure) [PSYoungGen: 93280K->64K(112640K)] 95207K->1991K(287744K), 0,0004524 secs] [Times: user=0,00 sys=0,00, real=0,00 secs] 
16,163: [GC (Allocation Failure) [PSYoungGen: 112192K->64K(109568K)] 114119K->1991K(284672K), 0,0004653 secs] [Times: user=0,00 sys=0,00, real=0,00 secs] 
16,211: [GC (Allocation Failure) [PSYoungGen: 109120K->64K(106496K)] 111047K->1991K(281600K), 0,0004490 secs] [Times: user=0,00 sys=0,00, real=0,00 secs] 
16,257: [GC (Allocation Failure) [PSYoungGen: 106048K->64K(103424K)] 107975K->1991K(278528K), 0,0004669 secs] [Times: user=0,00 sys=0,00, real=0,00 secs] 
16,302: [GC (Allocation Failure) [PSYoungGen: 102976K->64K(100352K)] 104903K->1991K(275456K), 0,0004778 secs] [Times: user=0,00 sys=0,00, real=0,00 secs] 
16,345: [GC (Allocation Failure) [PSYoungGen: 99904K->64K(97792K)] 101831K->1991K(272896K), 0,0004462 secs] [Times: user=0,00 sys=0,00, real=0,00 secs] 
16,387: [GC (Allocation Failure) [PSYoungGen: 97344K->96K(95232K)] 99271K->2023K(270336K), 0,0004517 secs] [Times: user=0,01 sys=0,00, real=0,00 secs] 
16,429: [GC (Allocation Failure) [PSYoungGen: 94816K->96K(114176K)] 96743K->2023K(289280K), 0,0005037 secs] [Times: user=0,00 sys=0,00, real=0,01 secs] 
16,478: [GC (Allocation Failure) [PSYoungGen: 113760K->96K(110592K)] 115687K->2023K(285696K), 0,0004495 secs] [Times: user=0,00 sys=0,00, real=0,00 secs] 
16,526: [GC (Allocation Failure) [PSYoungGen: 110176K->96K(107520K)] 112103K->2023K(282624K), 0,0004798 secs] [Times: user=0,01 sys=0,00, real=0,00 secs] 
16,572: [GC (Allocation Failure) [PSYoungGen: 107104K->32K(104448K)] 109031K->1959K(279552K), 0,0004711 secs] [Times: user=0,00 sys=0,00, real=0,00 secs] 
16,617: [GC (Allocation Failure) [PSYoungGen: 103968K->64K(101376K)] 105895K->1991K(276480K), 0,0004589 secs] [Times: user=0,00 sys=0,00, real=0,00 secs] 
16,661: [GC (Allocation Failure) [PSYoungGen: 100928K->96K(98816K)] 102855K->2023K(273920K), 0,0004720 secs] [Times: user=0,00 sys=0,00, real=0,00 secs] 
16,704: [GC (Allocation Failure) [PSYoungGen: 98400K->64K(96256K)] 100327K->1991K(271360K), 0,0004695 secs] [Times: user=0,01 sys=0,00, real=0,00 secs] 
16,745: [GC (Allocation Failure) [PSYoungGen: 95808K->64K(93696K)] 97735K->1991K(268800K), 0,0004714 secs] [Times: user=0,00 sys=0,00, real=0,00 secs] 
16,786: [GC (Allocation Failure) [PSYoungGen: 93248K->96K(112640K)] 95175K->2023K(287744K), 0,0004557 secs] [Times: user=0,00 sys=0,00, real=0,00 secs] 
16,834: [GC (Allocation Failure) [PSYoungGen: 112224K->64K(109568K)] 114151K->1991K(284672K), 0,0004494 secs] [Times: user=0,00 sys=0,00, real=0,00 secs] 
16,881: [GC (Allocation Failure) [PSYoungGen: 109120K->96K(106496K)] 111047K->2023K(281600K), 0,0004539 secs] [Times: user=0,01 sys=0,00, real=0,00 secs] 
16,927: [GC (Allocation Failure) [PSYoungGen: 106080K->96K(103424K)] 108007K->2023K(278528K), 0,0004639 secs] [Times: user=0,00 sys=0,00, real=0,00 secs] 
16,973: [GC (Allocation Failure) [PSYoungGen: 103008K->96K(100352K)] 104935K->2023K(275456K), 0,0005085 secs] [Times: user=0,00 sys=0,00, real=0,00 secs] 
17,016: [GC (Allocation Failure) [PSYoungGen: 99936K->96K(97792K)] 101863K->2023K(272896K), 0,0004922 secs] [Times: user=0,00 sys=0,00, real=0,00 secs] 
17,058: [GC (Allocation Failure) [PSYoungGen: 97376K->64K(95232K)] 99303K->1991K(270336K), 0,0004596 secs] [Times: user=0,00 sys=0,00, real=0,00 secs] 
17,099: [GC (Allocation Failure) [PSYoungGen: 94784K->64K(92672K)] 96711K->1991K(267776K), 0,0004409 secs] [Times: user=0,01 sys=0,00, real=0,00 secs] 
17,139: [GC (Allocation Failure) [PSYoungGen: 92224K->96K(111104K)] 94151K->2023K(286208K), 0,0004474 secs] [Times: user=0,01 sys=0,00, real=0,00 secs] 
17,187: [GC (Allocation Failure) [PSYoungGen: 110688K->64K(108032K)] 112615K->1991K(283136K), 0,0004551 secs] [Times: user=0,00 sys=0,00, real=0,00 secs] 
17,233: [GC (Allocation Failure) [PSYoungGen: 107584K->96K(104960K)] 109511K->2023K(280064K), 0,0004483 secs] [Times: user=0,00 sys=0,00, real=0,00 secs] 
17,279: [GC (Allocation Failure) [PSYoungGen: 104544K->64K(125952K)] 106471K->1991K(301056K), 0,0006547 secs] [Times: user=0,00 sys=0,00, real=0,01 secs] 
17,333: [GC (Allocation Failure) [PSYoungGen: 125503K->64K(121856K)] 127431K->1991K(296960K), 0,0004673 secs] [Times: user=0,00 sys=0,00, real=0,00 secs] 
17,386: [GC (Allocation Failure) [PSYoungGen: 121408K->96K(118272K)] 123335K->2023K(293376K), 0,0004878 secs] [Times: user=0,00 sys=0,00, real=0,00 secs] 
17,437: [GC (Allocation Failure) [PSYoungGen: 117856K->64K(114688K)] 119783K->1991K(289792K), 0,0004618 secs] [Times: user=0,00 sys=0,00, real=0,00 secs] 
17,487: [GC (Allocation Failure) [PSYoungGen: 114240K->96K(111104K)] 116167K->2023K(286208K), 0,0005127 secs] [Times: user=0,00 sys=0,00, real=0,00 secs] 
17,535: [GC (Allocation Failure) [PSYoungGen: 110688K->64K(108032K)] 112615K->1991K(283136K), 0,0004744 secs] [Times: user=0,00 sys=0,00, real=0,00 secs] 
17,581: [GC (Allocation Failure) [PSYoungGen: 107584K->96K(104960K)] 109511K->2023K(280064K), 0,0004671 secs] [Times: user=0,00 sys=0,00, real=0,00 secs] 
17,626: [GC (Allocation Failure) [PSYoungGen: 104544K->96K(101888K)] 106471K->2023K(276992K), 0,0004603 secs] [Times: user=0,00 sys=0,00, real=0,00 secs] 
17,670: [GC (Allocation Failure) [PSYoungGen: 101472K->64K(98816K)] 103399K->1991K(273920K), 0,0004386 secs] [Times: user=0,00 sys=0,00, real=0,00 secs] 
17,713: [GC (Allocation Failure) [PSYoungGen: 98368K->64K(96256K)] 100295K->1991K(271360K), 0,0004587 secs] [Times: user=0,01 sys=0,00, real=0,00 secs] 
17,755: [GC (Allocation Failure) [PSYoungGen: 95808K->64K(93696K)] 97735K->1991K(268800K), 0,0004498 secs] [Times: user=0,00 sys=0,00, real=0,00 secs] 
17,795: [GC (Allocation Failure) [PSYoungGen: 93248K->96K(91136K)] 95175K->2023K(266240K), 0,0004428 secs] [Times: user=0,00 sys=0,00, real=0,00 secs] 
17,834: [GC (Allocation Failure) [PSYoungGen: 90720K->96K(109568K)] 92647K->2023K(284672K), 0,0004475 secs] [Times: user=0,00 sys=0,00, real=0,00 secs] 
17,881: [GC (Allocation Failure) [PSYoungGen: 109152K->64K(106496K)] 111079K->1991K(281600K), 0,0004521 secs] [Times: user=0,01 sys=0,00, real=0,00 secs] 
17,928: [GC (Allocation Failure) [PSYoungGen: 106048K->64K(103424K)] 107975K->1991K(278528K), 0,0004513 secs] [Times: user=0,00 sys=0,00, real=0,00 secs] 
17,973: [GC (Allocation Failure) [PSYoungGen: 102976K->96K(124416K)] 104903K->2023K(299520K), 0,0005684 secs] [Times: user=0,00 sys=0,00, real=0,00 secs] 
18,027: [GC (Allocation Failure) [PSYoungGen: 124000K->64K(120832K)] 125927K->1991K(295936K), 0,0004583 secs] [Times: user=0,00 sys=0,00, real=0,00 secs] 
18,079: [GC (Allocation Failure) [PSYoungGen: 120384K->64K(117248K)] 122311K->1991K(292352K), 0,0004701 secs] [Times: user=0,00 sys=0,00, real=0,00 secs] 
18,130: [GC (Allocation Failure) [PSYoungGen: 116800K->96K(113664K)] 118727K->2023K(288768K), 0,0004461 secs] [Times: user=0,01 sys=0,00, real=0,00 secs] 
18,179: [GC (Allocation Failure) [PSYoungGen: 113248K->96K(110592K)] 115175K->2023K(285696K), 0,0004443 secs] [Times: user=0,01 sys=0,00, real=0,00 secs] 
18,226: [GC (Allocation Failure) [PSYoungGen: 110176K->96K(107520K)] 112103K->2023K(282624K), 0,0004739 secs] [Times: user=0,00 sys=0,00, real=0,00 secs] 
18,273: [GC (Allocation Failure) [PSYoungGen: 107104K->64K(104448K)] 109031K->1991K(279552K), 0,0004745 secs] [Times: user=0,00 sys=0,00, real=0,00 secs] 
18,318: [GC (Allocation Failure) [PSYoungGen: 104000K->32K(101376K)] 105927K->1959K(276480K), 0,0004761 secs] [Times: user=0,01 sys=0,00, real=0,00 secs] 
18,362: [GC (Allocation Failure) [PSYoungGen: 100896K->96K(98816K)] 102823K->2023K(273920K), 0,0005053 secs] [Times: user=0,00 sys=0,00, real=0,00 secs] 
18,405: [GC (Allocation Failure) [PSYoungGen: 98400K->64K(96256K)] 100327K->1991K(271360K), 0,0004719 secs] [Times: user=0,00 sys=0,00, real=0,00 secs] 
18,446: [GC (Allocation Failure) [PSYoungGen: 95808K->64K(93696K)] 97735K->1991K(268800K), 0,0004633 secs] [Times: user=0,01 sys=0,00, real=0,00 secs] 
18,487: [GC (Allocation Failure) [PSYoungGen: 93248K->96K(112640K)] 95175K->2023K(287744K), 0,0004666 secs] [Times: user=0,00 sys=0,00, real=0,00 secs] 
18,535: [GC (Allocation Failure) [PSYoungGen: 112224K->96K(109568K)] 114151K->2023K(284672K), 0,0004531 secs] [Times: user=0,01 sys=0,00, real=0,00 secs] 
18,583: [GC (Allocation Failure) [PSYoungGen: 109152K->96K(106496K)] 111079K->2023K(281600K), 0,0004531 secs] [Times: user=0,00 sys=0,00, real=0,00 secs] 
18,629: [GC (Allocation Failure) [PSYoungGen: 106080K->96K(103424K)] 108007K->2023K(278528K), 0,0004570 secs] [Times: user=0,00 sys=0,00, real=0,01 secs] 
18,673: [GC (Allocation Failure) [PSYoungGen: 103008K->96K(100352K)] 104935K->2023K(275456K), 0,0004526 secs] [Times: user=0,00 sys=0,00, real=0,00 secs] 
18,717: [GC (Allocation Failure) [PSYoungGen: 99936K->96K(97792K)] 101863K->2023K(272896K), 0,0004605 secs] [Times: user=0,00 sys=0,00, real=0,00 secs] 
18,759: [GC (Allocation Failure) [PSYoungGen: 97376K->64K(95232K)] 99303K->1991K(270336K), 0,0004532 secs] [Times: user=0,00 sys=0,00, real=0,01 secs] 
18,800: [GC (Allocation Failure) [PSYoungGen: 94784K->64K(92672K)] 96711K->1991K(267776K), 0,0004580 secs] [Times: user=0,00 sys=0,00, real=0,00 secs] 
18,840: [GC (Allocation Failure) [PSYoungGen: 92224K->96K(111104K)] 94151K->2023K(286208K), 0,0004722 secs] [Times: user=0,00 sys=0,00, real=0,00 secs] 
18,888: [GC (Allocation Failure) [PSYoungGen: 110688K->64K(108032K)] 112615K->1991K(283136K), 0,0004571 secs] [Times: user=0,00 sys=0,00, real=0,00 secs] 
18,934: [GC (Allocation Failure) [PSYoungGen: 107584K->96K(104960K)] 109511K->2023K(280064K), 0,0004749 secs] [Times: user=0,00 sys=0,00, real=0,00 secs] 
18,980: [GC (Allocation Failure) [PSYoungGen: 104544K->96K(101888K)] 106471K->2023K(276992K), 0,0005057 secs] [Times: user=0,00 sys=0,00, real=0,00 secs] 
19,024: [GC (Allocation Failure) [PSYoungGen: 101472K->96K(98816K)] 103399K->2023K(273920K), 0,0004698 secs] [Times: user=0,00 sys=0,00, real=0,00 secs] 
19,067: [GC (Allocation Failure) [PSYoungGen: 98400K->96K(96256K)] 100327K->2023K(271360K), 0,0004578 secs] [Times: user=0,00 sys=0,00, real=0,00 secs] 
19,108: [GC (Allocation Failure) [PSYoungGen: 95840K->96K(115712K)] 97767K->2023K(290816K), 0,0004655 secs] [Times: user=0,00 sys=0,00, real=0,00 secs] 
19,158: [GC (Allocation Failure) [PSYoungGen: 115296K->96K(112128K)] 117223K->2023K(287232K), 0,0004519 secs] [Times: user=0,00 sys=0,00, real=0,00 secs] 
19,207: [GC (Allocation Failure) [PSYoungGen: 111711K->96K(109056K)] 113639K->2023K(284160K), 0,0004732 secs] [Times: user=0,00 sys=0,00, real=0,00 secs] 
19,254: [GC (Allocation Failure) [PSYoungGen: 108640K->96K(105984K)] 110567K->2023K(281088K), 0,0004731 secs] [Times: user=0,00 sys=0,00, real=0,00 secs] 
19,299: [GC (Allocation Failure) [PSYoungGen: 105568K->96K(102912K)] 107495K->2023K(278016K), 0,0004611 secs] [Times: user=0,00 sys=0,00, real=0,00 secs] 
19,344: [GC (Allocation Failure) [PSYoungGen: 102496K->64K(99840K)] 104423K->1991K(274944K), 0,0004540 secs] [Times: user=0,00 sys=0,00, real=0,00 secs] 
19,387: [GC (Allocation Failure) [PSYoungGen: 99392K->96K(97280K)] 101319K->2023K(272384K), 0,0004623 secs] [Times: user=0,01 sys=0,00, real=0,00 secs] 
19,429: [GC (Allocation Failure) [PSYoungGen: 96864K->96K(94720K)] 98791K->2023K(269824K), 0,0004984 secs] [Times: user=0,00 sys=0,00, real=0,00 secs] 
19,470: [GC (Allocation Failure) [PSYoungGen: 94304K->96K(113664K)] 96231K->2023K(288768K), 0,0004735 secs] [Times: user=0,00 sys=0,00, real=0,00 secs] 
19,519: [GC (Allocation Failure) [PSYoungGen: 113248K->96K(110592K)] 115175K->2023K(285696K), 0,0004611 secs] [Times: user=0,00 sys=0,00, real=0,00 secs] 
19,567: [GC (Allocation Failure) [PSYoungGen: 110176K->64K(107520K)] 112103K->1991K(282624K), 0,0004904 secs] [Times: user=0,00 sys=0,00, real=0,00 secs] 
19,614: [GC (Allocation Failure) [PSYoungGen: 107072K->64K(104448K)] 108999K->1991K(279552K), 0,0004657 secs] [Times: user=0,00 sys=0,00, real=0,00 secs] 
19,659: [GC (Allocation Failure) [PSYoungGen: 104000K->96K(101376K)] 105927K->2023K(276480K), 0,0004546 secs] [Times: user=0,00 sys=0,00, real=0,00 secs] 
19,702: [GC (Allocation Failure) [PSYoungGen: 100960K->32K(98816K)] 102887K->1959K(273920K), 0,0004376 secs] [Times: user=0,00 sys=0,00, real=0,00 secs] 
19,745: [GC (Allocation Failure) [PSYoungGen: 98336K->64K(96256K)] 100263K->1991K(271360K), 0,0004697 secs] [Times: user=0,00 sys=0,00, real=0,00 secs] 
19,786: [GC (Allocation Failure) [PSYoungGen: 95808K->96K(93696K)] 97735K->2023K(268800K), 0,0004434 secs] [Times: user=0,00 sys=0,00, real=0,00 secs] 
19,827: [GC (Allocation Failure) [PSYoungGen: 93280K->96K(91136K)] 95207K->2023K(266240K), 0,0004556 secs] [Times: user=0,00 sys=0,00, real=0,00 secs] 
19,866: [GC (Allocation Failure) [PSYoungGen: 90720K->96K(109568K)] 92647K->2023K(284672K), 0,0004430 secs] [Times: user=0,00 sys=0,00, real=0,00 secs] 
19,914: [GC (Allocation Failure) [PSYoungGen: 109152K->96K(106496K)] 111079K->2023K(281600K), 0,0004563 secs] [Times: user=0,00 sys=0,00, real=0,00 secs] 
19,960: [GC (Allocation Failure) [PSYoungGen: 106080K->96K(103424K)] 108007K->2023K(278528K), 0,0005099 secs] [Times: user=0,00 sys=0,00, real=0,00 secs] 
20,005: [GC (Allocation Failure) [PSYoungGen: 103008K->96K(100352K)] 104935K->2023K(275456K), 0,0004934 secs] [Times: user=0,00 sys=0,00, real=0,00 secs] 
20,048: [GC (Allocation Failure) [PSYoungGen: 99936K->64K(97792K)] 101863K->1991K(272896K), 0,0004517 secs] [Times: user=0,00 sys=0,00, real=0,00 secs] 
20,090: [GC (Allocation Failure) [PSYoungGen: 97344K->96K(95232K)] 99271K->2023K(270336K), 0,0004641 secs] [Times: user=0,00 sys=0,00, real=0,00 secs] 
20,135: [GC (Allocation Failure) [PSYoungGen: 94816K->96K(92672K)] 96743K->2023K(267776K), 0,0004555 secs] [Times: user=0,00 sys=0,00, real=0,00 secs] 
20,175: [GC (Allocation Failure) [PSYoungGen: 92256K->96K(111104K)] 94183K->2023K(286208K), 0,0004463 secs] [Times: user=0,00 sys=0,00, real=0,00 secs] 
20,222: [GC (Allocation Failure) [PSYoungGen: 110688K->96K(108032K)] 112615K->2023K(283136K), 0,0004579 secs] [Times: user=0,00 sys=0,00, real=0,00 secs] 
20,275: [GC (Allocation Failure) [PSYoungGen: 107616K->96K(104960K)] 109543K->2023K(280064K), 0,0005032 secs] [Times: user=0,00 sys=0,00, real=0,00 secs] 
20,320: [GC (Allocation Failure) [PSYoungGen: 104544K->96K(101888K)] 106471K->2047K(276992K), 0,0004981 secs] [Times: user=0,00 sys=0,00, real=0,00 secs] 
20,365: [GC (Allocation Failure) [PSYoungGen: 101472K->64K(98816K)] 103423K->2015K(273920K), 0,0005237 secs] [Times: user=0,00 sys=0,00, real=0,00 secs] 
20,407: [GC (Allocation Failure) [PSYoungGen: 98368K->64K(118784K)] 100319K->2015K(293888K), 0,0004779 secs] [Times: user=0,01 sys=0,00, real=0,00 secs] 
20,459: [GC (Allocation Failure) [PSYoungGen: 118336K->96K(115200K)] 120287K->2047K(290304K), 0,0004692 secs] [Times: user=0,00 sys=0,00, real=0,01 secs] 
20,509: [GC (Allocation Failure) [PSYoungGen: 114784K->64K(138240K)] 116735K->2015K(313344K), 0,0006874 secs] [Times: user=0,00 sys=0,00, real=0,01 secs] 
20,569: [GC (Allocation Failure) [PSYoungGen: 137792K->96K(133632K)] 139743K->2047K(308736K), 0,0004871 secs] [Times: user=0,00 sys=0,00, real=0,01 secs] 
20,626: [GC (Allocation Failure) [PSYoungGen: 133216K->64K(129536K)] 135167K->2015K(304640K), 0,0004704 secs] [Times: user=0,00 sys=0,00, real=0,00 secs] 
20,682: [GC (Allocation Failure) [PSYoungGen: 129088K->64K(125440K)] 131039K->2015K(300544K), 0,0004668 secs] [Times: user=0,00 sys=0,00, real=0,00 secs] 
20,736: [GC (Allocation Failure) [PSYoungGen: 124992K->96K(121344K)] 126943K->2047K(296448K), 0,0004780 secs] [Times: user=0,00 sys=0,00, real=0,00 secs] 
20,789: [GC (Allocation Failure) [PSYoungGen: 120928K->64K(117760K)] 122879K->2015K(292864K), 0,0004779 secs] [Times: user=0,00 sys=0,00, real=0,01 secs] 
20,840: [GC (Allocation Failure) [PSYoungGen: 117312K->64K(114176K)] 119263K->2015K(289280K), 0,0004819 secs] [Times: user=0,00 sys=0,00, real=0,00 secs] 
20,889: [GC (Allocation Failure) [PSYoungGen: 113728K->96K(110592K)] 115679K->2047K(285696K), 0,0004739 secs] [Times: user=0,00 sys=0,00, real=0,00 secs] 
20,937: [GC (Allocation Failure) [PSYoungGen: 110176K->96K(107520K)] 112127K->2047K(282624K), 0,0005046 secs] [Times: user=0,00 sys=0,00, real=0,00 secs] 
20,983: [GC (Allocation Failure) [PSYoungGen: 107104K->96K(129024K)] 109055K->2047K(304128K), 0,0007045 secs] [Times: user=0,00 sys=0,00, real=0,00 secs] 
21,044: [GC (Allocation Failure) [PSYoungGen: 128608K->96K(124928K)] 130559K->2047K(300032K), 0,0005072 secs] [Times: user=0,00 sys=0,00, real=0,00 secs] 
21,098: [GC (Allocation Failure) [PSYoungGen: 124512K->64K(121344K)] 126463K->2015K(296448K), 0,0004796 secs] [Times: user=0,00 sys=0,00, real=0,00 secs] 
21,150: [GC (Allocation Failure) [PSYoungGen: 120896K->96K(117760K)] 122847K->2047K(292864K), 0,0004857 secs] [Times: user=0,00 sys=0,00, real=0,00 secs] 
21,201: [GC (Allocation Failure) [PSYoungGen: 117344K->64K(114176K)] 119295K->2015K(289280K), 0,0004921 secs] [Times: user=0,01 sys=0,00, real=0,00 secs] 
21,250: [GC (Allocation Failure) [PSYoungGen: 113728K->64K(110592K)] 115679K->2015K(285696K), 0,0004868 secs] [Times: user=0,01 sys=0,00, real=0,00 secs] 
21,298: [GC (Allocation Failure) [PSYoungGen: 110144K->96K(107520K)] 112095K->2047K(282624K), 0,0004923 secs] [Times: user=0,00 sys=0,00, real=0,00 secs] 
21,345: [GC (Allocation Failure) [PSYoungGen: 107104K->64K(104448K)] 109055K->2015K(279552K), 0,0004796 secs] [Times: user=0,00 sys=0,01, real=0,00 secs] 
21,390: [GC (Allocation Failure) [PSYoungGen: 104000K->64K(101376K)] 105951K->2015K(276480K), 0,0004789 secs] [Times: user=0,00 sys=0,00, real=0,00 secs] 
21,434: [GC (Allocation Failure) [PSYoungGen: 100928K->96K(98816K)] 102879K->2047K(273920K), 0,0004820 secs] [Times: user=0,00 sys=0,00, real=0,00 secs] 
21,477: [GC (Allocation Failure) [PSYoungGen: 98400K->64K(96256K)] 100351K->2015K(271360K), 0,0004844 secs] [Times: user=0,00 sys=0,00, real=0,00 secs] 
21,519: [GC (Allocation Failure) [PSYoungGen: 95808K->64K(115712K)] 97759K->2015K(290816K), 0,0005320 secs] [Times: user=0,01 sys=0,00, real=0,01 secs] 
21,569: [GC (Allocation Failure) [PSYoungGen: 115264K->64K(112128K)] 117215K->2015K(287232K), 0,0005017 secs] [Times: user=0,00 sys=0,00, real=0,01 secs] 
21,617: [GC (Allocation Failure) [PSYoungGen: 111680K->96K(109056K)] 113631K->2047K(284160K), 0,0004839 secs] [Times: user=0,01 sys=0,00, real=0,00 secs] 
21,664: [GC (Allocation Failure) [PSYoungGen: 108640K->96K(105984K)] 110591K->2047K(281088K), 0,0004656 secs] [Times: user=0,00 sys=0,00, real=0,00 secs] 
21,710: [GC (Allocation Failure) [PSYoungGen: 105568K->96K(102912K)] 107519K->2047K(278016K), 0,0004732 secs] [Times: user=0,00 sys=0,00, real=0,00 secs] 
21,754: [GC (Allocation Failure) [PSYoungGen: 102496K->64K(99840K)] 104447K->2015K(274944K), 0,0004838 secs] [Times: user=0,00 sys=0,00, real=0,00 secs] 
21,797: [GC (Allocation Failure) [PSYoungGen: 99392K->64K(97280K)] 101343K->2015K(272384K), 0,0004705 secs] [Times: user=0,00 sys=0,00, real=0,00 secs] 
21,840: [GC (Allocation Failure) [PSYoungGen: 96832K->96K(94720K)] 98783K->2047K(269824K), 0,0004867 secs] [Times: user=0,00 sys=0,00, real=0,00 secs] 
21,880: [GC (Allocation Failure) [PSYoungGen: 94304K->96K(113664K)] 96255K->2047K(288768K), 0,0004577 secs] [Times: user=0,00 sys=0,00, real=0,00 secs] 
21,930: [GC (Allocation Failure) [PSYoungGen: 113248K->96K(110592K)] 115199K->2047K(285696K), 0,0004914 secs] [Times: user=0,00 sys=0,00, real=0,00 secs] 
21,977: [GC (Allocation Failure) [PSYoungGen: 110176K->64K(107520K)] 112127K->2015K(282624K), 0,0004811 secs] [Times: user=0,00 sys=0,00, real=0,00 secs] 
22,024: [GC (Allocation Failure) [PSYoungGen: 107072K->96K(104448K)] 109023K->2047K(279552K), 0,0005087 secs] [Times: user=0,00 sys=0,00, real=0,00 secs] 
22,070: [GC (Allocation Failure) [PSYoungGen: 104032K->64K(101376K)] 105983K->2015K(276480K), 0,0004877 secs] [Times: user=0,00 sys=0,00, real=0,00 secs] 
22,113: [GC (Allocation Failure) [PSYoungGen: 100928K->64K(98816K)] 102879K->2015K(273920K), 0,0004724 secs] [Times: user=0,00 sys=0,00, real=0,00 secs] 
22,156: [GC (Allocation Failure) [PSYoungGen: 98368K->64K(96256K)] 100319K->2015K(271360K), 0,0004780 secs] [Times: user=0,00 sys=0,00, real=0,00 secs] 
22,198: [GC (Allocation Failure) [PSYoungGen: 95808K->64K(115712K)] 97759K->2015K(290816K), 0,0004690 secs] [Times: user=0,00 sys=0,00, real=0,00 secs] 
22,248: [GC (Allocation Failure) [PSYoungGen: 115264K->64K(112128K)] 117215K->2015K(287232K), 0,0004737 secs] [Times: user=0,00 sys=0,00, real=0,00 secs] 
22,296: [GC (Allocation Failure) [PSYoungGen: 111680K->64K(109056K)] 113631K->2015K(284160K), 0,0004720 secs] [Times: user=0,00 sys=0,00, real=0,00 secs] 
22,343: [GC (Allocation Failure) [PSYoungGen: 108608K->96K(131072K)] 110559K->2047K(306176K), 0,0006368 secs] [Times: user=0,00 sys=0,00, real=0,00 secs] 
22,404: [GC (Allocation Failure) [PSYoungGen: 130656K->96K(126976K)] 132607K->2047K(302080K), 0,0004822 secs] [Times: user=0,00 sys=0,00, real=0,00 secs] 
22,459: [GC (Allocation Failure) [PSYoungGen: 126560K->64K(122880K)] 128511K->2015K(297984K), 0,0004680 secs] [Times: user=0,01 sys=0,00, real=0,00 secs] 
22,513: [GC (Allocation Failure) [PSYoungGen: 122432K->64K(119296K)] 124383K->2015K(294400K), 0,0005089 secs] [Times: user=0,00 sys=0,00, real=0,00 secs] 
22,564: [GC (Allocation Failure) [PSYoungGen: 118848K->96K(115712K)] 120799K->2047K(290816K), 0,0004909 secs] [Times: user=0,00 sys=0,00, real=0,00 secs] 
22,614: [GC (Allocation Failure) [PSYoungGen: 115296K->96K(112128K)] 117247K->2047K(287232K), 0,0004671 secs] [Times: user=0,00 sys=0,00, real=0,00 secs] 
22,663: [GC (Allocation Failure) [PSYoungGen: 111712K->64K(109056K)] 113663K->2015K(284160K), 0,0004667 secs] [Times: user=0,00 sys=0,00, real=0,00 secs] 
22,710: [GC (Allocation Failure) [PSYoungGen: 108608K->96K(105984K)] 110559K->2047K(281088K), 0,0004739 secs] [Times: user=0,00 sys=0,00, real=0,00 secs] 
22,756: [GC (Allocation Failure) [PSYoungGen: 105568K->32K(102912K)] 107519K->1983K(278016K), 0,0004789 secs] [Times: user=0,00 sys=0,00, real=0,00 secs] 
22,801: [GC (Allocation Failure) [PSYoungGen: 102432K->96K(99840K)] 104383K->2047K(274944K), 0,0005146 secs] [Times: user=0,00 sys=0,00, real=0,00 secs] 
22,844: [GC (Allocation Failure) [PSYoungGen: 99424K->64K(97280K)] 101375K->2015K(272384K), 0,0004669 secs] [Times: user=0,00 sys=0,00, real=0,00 secs] 
22,886: [GC (Allocation Failure) [PSYoungGen: 96832K->64K(94720K)] 98783K->2015K(269824K), 0,0004758 secs] [Times: user=0,00 sys=0,00, real=0,00 secs] 
22,927: [GC (Allocation Failure) [PSYoungGen: 94272K->64K(113664K)] 96223K->2015K(288768K), 0,0006747 secs] [Times: user=0,00 sys=0,00, real=0,00 secs] 
22,976: [GC (Allocation Failure) [PSYoungGen: 113216K->96K(136704K)] 115167K->2047K(311808K), 0,0005078 secs] [Times: user=0,00 sys=0,00, real=0,00 secs] 
23,035: [GC (Allocation Failure) [PSYoungGen: 136287K->96K(132608K)] 138239K->2047K(307712K), 0,0005011 secs] [Times: user=0,00 sys=0,00, real=0,00 secs] 
23,093: [GC (Allocation Failure) [PSYoungGen: 132192K->96K(128512K)] 134143K->2047K(303616K), 0,0004769 secs] [Times: user=0,00 sys=0,00, real=0,00 secs] 
23,148: [GC (Allocation Failure) [PSYoungGen: 128096K->64K(124416K)] 130047K->2015K(299520K), 0,0005186 secs] [Times: user=0,00 sys=0,00, real=0,00 secs] 
23,202: [GC (Allocation Failure) [PSYoungGen: 123968K->64K(120832K)] 125919K->2015K(295936K), 0,0004820 secs] [Times: user=0,01 sys=0,00, real=0,00 secs] 
23,255: [GC (Allocation Failure) [PSYoungGen: 120384K->64K(117248K)] 122335K->2015K(292352K), 0,0005481 secs] [Times: user=0,00 sys=0,00, real=0,00 secs] 
23,306: [GC (Allocation Failure) [PSYoungGen: 116800K->96K(113664K)] 118751K->2047K(288768K), 0,0004956 secs] [Times: user=0,00 sys=0,00, real=0,00 secs] 
23,355: [GC (Allocation Failure) [PSYoungGen: 113248K->96K(110592K)] 115199K->2047K(285696K), 0,0004985 secs] [Times: user=0,00 sys=0,00, real=0,00 secs] 
23,403: [GC (Allocation Failure) [PSYoungGen: 110176K->96K(107520K)] 112127K->2047K(282624K), 0,0004511 secs] [Times: user=0,00 sys=0,00, real=0,00 secs] 
23,449: [GC (Allocation Failure) [PSYoungGen: 107104K->64K(104448K)] 109055K->2015K(279552K), 0,0004736 secs] [Times: user=0,00 sys=0,00, real=0,00 secs] 
23,495: [GC (Allocation Failure) [PSYoungGen: 104000K->96K(101376K)] 105951K->2047K(276480K), 0,0005039 secs] [Times: user=0,00 sys=0,00, real=0,00 secs] 
23,539: [GC (Allocation Failure) [PSYoungGen: 100960K->96K(98816K)] 102911K->2047K(273920K), 0,0004488 secs] [Times: user=0,01 sys=0,00, real=0,01 secs] 
23,582: [GC (Allocation Failure) [PSYoungGen: 98400K->64K(96256K)] 100351K->2015K(271360K), 0,0004676 secs] [Times: user=0,00 sys=0,00, real=0,00 secs] 
23,623: [GC (Allocation Failure) [PSYoungGen: 95808K->32K(93696K)] 97759K->1983K(268800K), 0,0004512 secs] [Times: user=0,00 sys=0,00, real=0,00 secs] 
23,663: [GC (Allocation Failure) [PSYoungGen: 93216K->96K(91136K)] 95167K->2047K(266240K), 0,0004547 secs] [Times: user=0,00 sys=0,00, real=0,00 secs] 
23,703: [GC (Allocation Failure) [PSYoungGen: 90720K->96K(109568K)] 92671K->2047K(284672K), 0,0004380 secs] [Times: user=0,00 sys=0,00, real=0,00 secs] 
23,750: [GC (Allocation Failure) [PSYoungGen: 109152K->32K(106496K)] 111103K->1983K(281600K), 0,0004966 secs] [Times: user=0,00 sys=0,00, real=0,00 secs] 
23,797: [GC (Allocation Failure) [PSYoungGen: 106016K->32K(103424K)] 107967K->1983K(278528K), 0,0004809 secs] [Times: user=0,01 sys=0,00, real=0,00 secs] 
23,841: [GC (Allocation Failure) [PSYoungGen: 102944K->64K(100352K)] 104895K->2015K(275456K), 0,0004634 secs] [Times: user=0,00 sys=0,00, real=0,00 secs] 
23,884: [GC (Allocation Failure) [PSYoungGen: 99904K->64K(97792K)] 101855K->2015K(272896K), 0,0004430 secs] [Times: user=0,00 sys=0,00, real=0,00 secs] 
23,927: [GC (Allocation Failure) [PSYoungGen: 97344K->96K(117248K)] 99295K->2047K(292352K), 0,0009503 secs] [Times: user=0,00 sys=0,00, real=0,00 secs] 
23,978: [GC (Allocation Failure) [PSYoungGen: 116832K->96K(140800K)] 118783K->2047K(315904K), 0,0005038 secs] [Times: user=0,00 sys=0,00, real=0,01 secs] 
24,039: [GC (Allocation Failure) [PSYoungGen: 140384K->96K(168960K)] 142335K->2047K(344064K), 0,0004797 secs] [Times: user=0,00 sys=0,00, real=0,00 secs] 
24,112: [GC (Allocation Failure) [PSYoungGen: 168544K->96K(163328K)] 170495K->2047K(338432K), 0,0004570 secs] [Times: user=0,00 sys=0,00, real=0,00 secs] 
24,182: [GC (Allocation Failure) [PSYoungGen: 162912K->0K(157696K)] 164863K->1951K(332800K), 0,0004648 secs] [Times: user=0,00 sys=0,00, real=0,00 secs] 
24,250: [GC (Allocation Failure) [PSYoungGen: 157184K->96K(152576K)] 159135K->2047K(327680K), 0,0004683 secs] [Times: user=0,00 sys=0,00, real=0,00 secs] 
24,316: [GC (Allocation Failure) [PSYoungGen: 152160K->96K(147456K)] 154111K->2047K(322560K), 0,0004828 secs] [Times: user=0,00 sys=0,00, real=0,00 secs] 
24,380: [GC (Allocation Failure) [PSYoungGen: 147040K->64K(142848K)] 148991K->2015K(317952K), 0,0005046 secs] [Times: user=0,00 sys=0,00, real=0,00 secs] 
24,441: [GC (Allocation Failure) [PSYoungGen: 142400K->64K(138240K)] 144351K->2015K(313344K), 0,0004872 secs] [Times: user=0,01 sys=0,00, real=0,00 secs] 
24,500: [GC (Allocation Failure) [PSYoungGen: 137792K->96K(133632K)] 139743K->2047K(308736K), 0,0004645 secs] [Times: user=0,00 sys=0,00, real=0,00 secs] 
24,558: [GC (Allocation Failure) [PSYoungGen: 133216K->32K(129536K)] 135167K->1983K(304640K), 0,0004598 secs] [Times: user=0,00 sys=0,00, real=0,00 secs] 
24,614: [GC (Allocation Failure) [PSYoungGen: 129056K->96K(125440K)] 131007K->2047K(300544K), 0,0004599 secs] [Times: user=0,00 sys=0,00, real=0,00 secs] 
24,668: [GC (Allocation Failure) [PSYoungGen: 125024K->96K(121344K)] 126975K->2047K(296448K), 0,0004766 secs] [Times: user=0,00 sys=0,00, real=0,00 secs] 
24,720: [GC (Allocation Failure) [PSYoungGen: 120928K->64K(117760K)] 122879K->2015K(292864K), 0,0004729 secs] [Times: user=0,00 sys=0,00, real=0,00 secs] 
24,771: [GC (Allocation Failure) [PSYoungGen: 117312K->96K(114176K)] 119263K->2047K(289280K), 0,0004734 secs] [Times: user=0,00 sys=0,00, real=0,00 secs] 
24,820: [GC (Allocation Failure) [PSYoungGen: 113760K->96K(110592K)] 115711K->2047K(285696K), 0,0004590 secs] [Times: user=0,00 sys=0,00, real=0,00 secs] 
24,867: [GC (Allocation Failure) [PSYoungGen: 110176K->96K(107520K)] 112127K->2047K(282624K), 0,0004424 secs] [Times: user=0,01 sys=0,00, real=0,00 secs] 
24,914: [GC (Allocation Failure) [PSYoungGen: 107104K->96K(104448K)] 109055K->2047K(279552K), 0,0004448 secs] [Times: user=0,00 sys=0,00, real=0,00 secs] 
24,959: [GC (Allocation Failure) [PSYoungGen: 104032K->96K(101376K)] 105983K->2047K(276480K), 0,0004997 secs] [Times: user=0,00 sys=0,00, real=0,00 secs] 
25,003: [GC (Allocation Failure) [PSYoungGen: 100960K->96K(98816K)] 102911K->2055K(273920K), 0,0005074 secs] [Times: user=0,00 sys=0,00, real=0,00 secs] 
25,046: [GC (Allocation Failure) [PSYoungGen: 98400K->96K(96256K)] 100359K->2055K(271360K), 0,0004730 secs] [Times: user=0,01 sys=0,00, real=0,00 secs] 
25,087: [GC (Allocation Failure) [PSYoungGen: 95840K->64K(93696K)] 97799K->2023K(268800K), 0,0004655 secs] [Times: user=0,00 sys=0,00, real=0,00 secs] 
25,128: [GC (Allocation Failure) [PSYoungGen: 93248K->64K(112640K)] 95207K->2023K(287744K), 0,0004678 secs] [Times: user=0,00 sys=0,00, real=0,00 secs] 
25,176: [GC (Allocation Failure) [PSYoungGen: 112191K->64K(109568K)] 114151K->2023K(284672K), 0,0004600 secs] [Times: user=0,00 sys=0,00, real=0,00 secs] 
25,223: [GC (Allocation Failure) [PSYoungGen: 109120K->96K(106496K)] 111079K->2055K(281600K), 0,0004427 secs] [Times: user=0,00 sys=0,00, real=0,00 secs] 
25,269: [GC (Allocation Failure) [PSYoungGen: 106080K->96K(103424K)] 108039K->2055K(278528K), 0,0004766 secs] [Times: user=0,00 sys=0,00, real=0,00 secs] 
25,314: [GC (Allocation Failure) [PSYoungGen: 103008K->96K(100352K)] 104967K->2055K(275456K), 0,0004664 secs] [Times: user=0,00 sys=0,00, real=0,00 secs] 
25,358: [GC (Allocation Failure) [PSYoungGen: 99936K->96K(97792K)] 101895K->2055K(272896K), 0,0005016 secs] [Times: user=0,00 sys=0,00, real=0,00 secs] 
25,400: [GC (Allocation Failure) [PSYoungGen: 97376K->96K(95232K)] 99335K->2055K(270336K), 0,0005005 secs] [Times: user=0,00 sys=0,00, real=0,00 secs] 
25,441: [GC (Allocation Failure) [PSYoungGen: 94816K->64K(114176K)] 96775K->2023K(289280K), 0,0004530 secs] [Times: user=0,01 sys=0,00, real=0,00 secs] 
25,490: [GC (Allocation Failure) [PSYoungGen: 113728K->96K(110592K)] 115687K->2055K(285696K), 0,0004546 secs] [Times: user=0,00 sys=0,00, real=0,00 secs] 
25,538: [GC (Allocation Failure) [PSYoungGen: 110176K->64K(107520K)] 112135K->2023K(282624K), 0,0004797 secs] [Times: user=0,00 sys=0,00, real=0,00 secs] 
25,585: [GC (Allocation Failure) [PSYoungGen: 107072K->96K(104448K)] 109031K->2055K(279552K), 0,0004646 secs] [Times: user=0,00 sys=0,00, real=0,00 secs] 
25,630: [GC (Allocation Failure) [PSYoungGen: 104032K->96K(101376K)] 105991K->2055K(276480K), 0,0004427 secs] [Times: user=0,01 sys=0,00, real=0,00 secs] 
25,673: [GC (Allocation Failure) [PSYoungGen: 100960K->32K(98816K)] 102919K->1991K(273920K), 0,0004627 secs] [Times: user=0,00 sys=0,00, real=0,00 secs] 
25,716: [GC (Allocation Failure) [PSYoungGen: 98336K->96K(96256K)] 100295K->2055K(271360K), 0,0004515 secs] [Times: user=0,00 sys=0,00, real=0,00 secs] 
25,758: [GC (Allocation Failure) [PSYoungGen: 95840K->96K(93696K)] 97799K->2055K(268800K), 0,0004443 secs] [Times: user=0,00 sys=0,00, real=0,00 secs] 
25,798: [GC (Allocation Failure) [PSYoungGen: 93280K->96K(112640K)] 95239K->2055K(287744K), 0,0004744 secs] [Times: user=0,01 sys=0,00, real=0,00 secs] 
25,847: [GC (Allocation Failure) [PSYoungGen: 112224K->32K(109568K)] 114183K->1991K(284672K), 0,0004705 secs] [Times: user=0,00 sys=0,00, real=0,00 secs] 
25,895: [GC (Allocation Failure) [PSYoungGen: 109088K->96K(106496K)] 111047K->2055K(281600K), 0,0005075 secs] [Times: user=0,00 sys=0,00, real=0,00 secs] 
25,943: [GC (Allocation Failure) [PSYoungGen: 106080K->96K(103424K)] 108039K->2055K(278528K), 0,0004985 secs] [Times: user=0,00 sys=0,00, real=0,00 secs] 
25,988: [GC (Allocation Failure) [PSYoungGen: 103008K->96K(100352K)] 104967K->2055K(275456K), 0,0004496 secs] [Times: user=0,00 sys=0,00, real=0,00 secs] 
26,031: [GC (Allocation Failure) [PSYoungGen: 99936K->64K(97792K)] 101895K->2023K(272896K), 0,0004755 secs] [Times: user=0,00 sys=0,00, real=0,00 secs] 
26,074: [GC (Allocation Failure) [PSYoungGen: 97344K->64K(95232K)] 99303K->2023K(270336K), 0,0004546 secs] [Times: user=0,00 sys=0,00, real=0,00 secs] 
26,115: [GC (Allocation Failure) [PSYoungGen: 94784K->96K(92672K)] 96743K->2055K(267776K), 0,0004504 secs] [Times: user=0,01 sys=0,00, real=0,00 secs] 
26,155: [GC (Allocation Failure) [PSYoungGen: 92256K->96K(111104K)] 94215K->2055K(286208K), 0,0004713 secs] [Times: user=0,01 sys=0,00, real=0,00 secs] 
26,203: [GC (Allocation Failure) [PSYoungGen: 110688K->96K(108032K)] 112647K->2055K(283136K), 0,0004477 secs] [Times: user=0,00 sys=0,00, real=0,00 secs] 
26,249: [GC (Allocation Failure) [PSYoungGen: 107616K->64K(104960K)] 109575K->2023K(280064K), 0,0004684 secs] [Times: user=0,00 sys=0,00, real=0,00 secs] 
26,294: [GC (Allocation Failure) [PSYoungGen: 104512K->64K(101888K)] 106471K->2023K(276992K), 0,0004779 secs] [Times: user=0,00 sys=0,00, real=0,00 secs] 
26,338: [GC (Allocation Failure) [PSYoungGen: 101440K->96K(98816K)] 103399K->2055K(273920K), 0,0004571 secs] [Times: user=0,00 sys=0,00, real=0,00 secs] 
26,381: [GC (Allocation Failure) [PSYoungGen: 98400K->96K(96256K)] 100359K->2055K(271360K), 0,0004546 secs] [Times: user=0,00 sys=0,00, real=0,00 secs] 
26,423: [GC (Allocation Failure) [PSYoungGen: 95840K->96K(93696K)] 97799K->2055K(268800K), 0,0004546 secs] [Times: user=0,00 sys=0,00, real=0,00 secs] 
26,464: [GC (Allocation Failure) [PSYoungGen: 93280K->64K(112640K)] 95239K->2023K(287744K), 0,0005112 secs] [Times: user=0,00 sys=0,00, real=0,00 secs] 
26,512: [GC (Allocation Failure) [PSYoungGen: 112192K->64K(109568K)] 114151K->2023K(284672K), 0,0004832 secs] [Times: user=0,00 sys=0,00, real=0,00 secs] 
26,564: [GC (Allocation Failure) [PSYoungGen: 109120K->64K(106496K)] 111079K->2023K(281600K), 0,0004723 secs] [Times: user=0,00 sys=0,00, real=0,00 secs] 
26,610: [GC (Allocation Failure) [PSYoungGen: 106048K->96K(103424K)] 108007K->2055K(278528K), 0,0004608 secs] [Times: user=0,01 sys=0,00, real=0,00 secs] 
26,655: [GC (Allocation Failure) [PSYoungGen: 103008K->96K(100352K)] 104967K->2055K(275456K), 0,0004685 secs] [Times: user=0,00 sys=0,00, real=0,00 secs] 
26,698: [GC (Allocation Failure) [PSYoungGen: 99936K->64K(97792K)] 101895K->2023K(272896K), 0,0004598 secs] [Times: user=0,00 sys=0,00, real=0,00 secs] 
26,740: [GC (Allocation Failure) [PSYoungGen: 97344K->96K(95232K)] 99303K->2055K(270336K), 0,0004469 secs] [Times: user=0,00 sys=0,00, real=0,00 secs] 
26,781: [GC (Allocation Failure) [PSYoungGen: 94816K->32K(114176K)] 96775K->1991K(289280K), 0,0004784 secs] [Times: user=0,00 sys=0,00, real=0,00 secs] 
26,831: [GC (Allocation Failure) [PSYoungGen: 113696K->64K(110592K)] 115655K->2023K(285696K), 0,0004545 secs] [Times: user=0,00 sys=0,00, real=0,00 secs] 
26,878: [GC (Allocation Failure) [PSYoungGen: 110144K->96K(107520K)] 112103K->2055K(282624K), 0,0004532 secs] [Times: user=0,00 sys=0,00, real=0,00 secs] 
26,925: [GC (Allocation Failure) [PSYoungGen: 107104K->96K(104448K)] 109063K->2055K(279552K), 0,0004481 secs] [Times: user=0,00 sys=0,00, real=0,00 secs] 
26,971: [GC (Allocation Failure) [PSYoungGen: 104032K->96K(101376K)] 105991K->2055K(276480K), 0,0005076 secs] [Times: user=0,00 sys=0,00, real=0,00 secs] 
27,020: [GC (Allocation Failure) [PSYoungGen: 100960K->96K(98816K)] 102919K->2055K(273920K), 0,0004906 secs] [Times: user=0,00 sys=0,00, real=0,00 secs] 
27,062: [GC (Allocation Failure) [PSYoungGen: 98400K->96K(96256K)] 100359K->2055K(271360K), 0,0004569 secs] [Times: user=0,00 sys=0,00, real=0,00 secs] 
27,104: [GC (Allocation Failure) [PSYoungGen: 95840K->96K(93696K)] 97799K->2055K(268800K), 0,0004500 secs] [Times: user=0,00 sys=0,00, real=0,00 secs] 
27,144: [GC (Allocation Failure) [PSYoungGen: 93280K->96K(91136K)] 95239K->2055K(266240K), 0,0004579 secs] [Times: user=0,00 sys=0,00, real=0,00 secs] 
27,183: [GC (Allocation Failure) [PSYoungGen: 90720K->32K(109568K)] 92679K->1991K(284672K), 0,0004453 secs] [Times: user=0,00 sys=0,01, real=0,00 secs] 
27,231: [GC (Allocation Failure) [PSYoungGen: 109088K->96K(106496K)] 111047K->2055K(281600K), 0,0004407 secs] [Times: user=0,00 sys=0,00, real=0,00 secs] 
27,277: [GC (Allocation Failure) [PSYoungGen: 106080K->96K(103424K)] 108039K->2055K(278528K), 0,0004914 secs] [Times: user=0,00 sys=0,00, real=0,00 secs] 
27,321: [GC (Allocation Failure) [PSYoungGen: 103008K->96K(100352K)] 104967K->2055K(275456K), 0,0004528 secs] [Times: user=0,00 sys=0,00, real=0,00 secs] 
27,365: [GC (Allocation Failure) [PSYoungGen: 99936K->96K(97792K)] 101895K->2055K(272896K), 0,0004987 secs] [Times: user=0,00 sys=0,00, real=0,00 secs] 
27,408: [GC (Allocation Failure) [PSYoungGen: 97376K->96K(95232K)] 99335K->2055K(270336K), 0,0004683 secs] [Times: user=0,00 sys=0,00, real=0,00 secs] 
27,449: [GC (Allocation Failure) [PSYoungGen: 94816K->96K(114176K)] 96775K->2055K(289280K), 0,0004683 secs] [Times: user=0,00 sys=0,00, real=0,01 secs] 
27,498: [GC (Allocation Failure) [PSYoungGen: 113760K->96K(110592K)] 115719K->2055K(285696K), 0,0004500 secs] [Times: user=0,00 sys=0,00, real=0,00 secs] 
27,546: [GC (Allocation Failure) [PSYoungGen: 110176K->64K(107520K)] 112135K->2023K(282624K), 0,0004721 secs] [Times: user=0,00 sys=0,00, real=0,00 secs] 
27,592: [GC (Allocation Failure) [PSYoungGen: 107072K->96K(104448K)] 109031K->2055K(279552K), 0,0004565 secs] [Times: user=0,00 sys=0,00, real=0,00 secs] 
27,637: [GC (Allocation Failure) [PSYoungGen: 104032K->96K(101376K)] 105991K->2055K(276480K), 0,0004404 secs] [Times: user=0,00 sys=0,00, real=0,00 secs] 
27,681: [GC (Allocation Failure) [PSYoungGen: 100960K->32K(98816K)] 102919K->1991K(273920K), 0,0004512 secs] [Times: user=0,00 sys=0,00, real=0,00 secs] 
27,723: [GC (Allocation Failure) [PSYoungGen: 98336K->96K(96256K)] 100295K->2055K(271360K), 0,0004547 secs] [Times: user=0,00 sys=0,00, real=0,00 secs] 
27,765: [GC (Allocation Failure) [PSYoungGen: 95840K->96K(93696K)] 97799K->2055K(268800K), 0,0004481 secs] [Times: user=0,00 sys=0,00, real=0,00 secs] 
27,805: [GC (Allocation Failure) [PSYoungGen: 93280K->96K(91136K)] 95239K->2055K(266240K), 0,0004568 secs] [Times: user=0,00 sys=0,00, real=0,00 secs] 
27,844: [GC (Allocation Failure) [PSYoungGen: 90720K->64K(109568K)] 92679K->2023K(284672K), 0,0004571 secs] [Times: user=0,00 sys=0,00, real=0,00 secs] 
27,892: [GC (Allocation Failure) [PSYoungGen: 109120K->96K(106496K)] 111079K->2055K(281600K), 0,0004643 secs] [Times: user=0,00 sys=0,00, real=0,00 secs] 
27,938: [GC (Allocation Failure) [PSYoungGen: 106080K->96K(103424K)] 108039K->2055K(278528K), 0,0004730 secs] [Times: user=0,00 sys=0,00, real=0,00 secs] 
27,983: [GC (Allocation Failure) [PSYoungGen: 103008K->64K(100352K)] 104967K->2023K(275456K), 0,0005145 secs] [Times: user=0,00 sys=0,00, real=0,00 secs] 
28,027: [GC (Allocation Failure) [PSYoungGen: 99904K->96K(97792K)] 101863K->2055K(272896K), 0,0004747 secs] [Times: user=0,00 sys=0,00, real=0,00 secs] 
28,069: [GC (Allocation Failure) [PSYoungGen: 97376K->64K(95232K)] 99335K->2023K(270336K), 0,0004466 secs] [Times: user=0,00 sys=0,00, real=0,01 secs] 
28,110: [GC (Allocation Failure) [PSYoungGen: 94784K->64K(114176K)] 96743K->2023K(289280K), 0,0004564 secs] [Times: user=0,00 sys=0,00, real=0,00 secs] 
28,159: [GC (Allocation Failure) [PSYoungGen: 113728K->96K(110592K)] 115687K->2055K(285696K), 0,0004477 secs] [Times: user=0,00 sys=0,00, real=0,00 secs] 
28,207: [GC (Allocation Failure) [PSYoungGen: 110176K->96K(107520K)] 112135K->2055K(282624K), 0,0004389 secs] [Times: user=0,00 sys=0,00, real=0,00 secs] 
28,253: [GC (Allocation Failure) [PSYoungGen: 107104K->96K(104448K)] 109063K->2055K(279552K), 0,0004730 secs] [Times: user=0,01 sys=0,00, real=0,00 secs] 
28,298: [GC (Allocation Failure) [PSYoungGen: 104032K->96K(101376K)] 105991K->2055K(276480K), 0,0004911 secs] [Times: user=0,00 sys=0,00, real=0,00 secs] 
28,342: [GC (Allocation Failure) [PSYoungGen: 100960K->96K(98816K)] 102919K->2055K(273920K), 0,0004476 secs] [Times: user=0,00 sys=0,00, real=0,00 secs] 
28,385: [GC (Allocation Failure) [PSYoungGen: 98400K->96K(96256K)] 100359K->2055K(271360K), 0,0004597 secs] [Times: user=0,00 sys=0,00, real=0,00 secs] 
28,427: [GC (Allocation Failure) [PSYoungGen: 95840K->96K(93696K)] 97799K->2055K(268800K), 0,0004981 secs] [Times: user=0,00 sys=0,00, real=0,00 secs] 
28,467: [GC (Allocation Failure) [PSYoungGen: 93280K->64K(112640K)] 95239K->2023K(287744K), 0,0004651 secs] [Times: user=0,00 sys=0,00, real=0,00 secs] 
28,516: [GC (Allocation Failure) [PSYoungGen: 112192K->64K(109568K)] 114151K->2023K(284672K), 0,0004892 secs] [Times: user=0,00 sys=0,00, real=0,00 secs] 
28,568: [GC (Allocation Failure) [PSYoungGen: 109120K->96K(106496K)] 111079K->2055K(281600K), 0,0004720 secs] [Times: user=0,00 sys=0,00, real=0,00 secs] 
28,613: [GC (Allocation Failure) [PSYoungGen: 106080K->32K(103424K)] 108039K->1991K(278528K), 0,0004456 secs] [Times: user=0,00 sys=0,00, real=0,00 secs] 
28,658: [GC (Allocation Failure) [PSYoungGen: 102944K->64K(100352K)] 104903K->2023K(275456K), 0,0004507 secs] [Times: user=0,00 sys=0,00, real=0,00 secs] 
28,701: [GC (Allocation Failure) [PSYoungGen: 99904K->96K(97792K)] 101863K->2055K(272896K), 0,0004594 secs] [Times: user=0,00 sys=0,00, real=0,00 secs] 
28,743: [GC (Allocation Failure) [PSYoungGen: 97376K->96K(95232K)] 99335K->2055K(270336K), 0,0004535 secs] [Times: user=0,00 sys=0,00, real=0,00 secs] 
28,784: [GC (Allocation Failure) [PSYoungGen: 94816K->128K(92672K)] 96775K->2087K(267776K), 0,0004666 secs] [Times: user=0,00 sys=0,00, real=0,00 secs] 
28,824: [GC (Allocation Failure) [PSYoungGen: 92288K->96K(111104K)] 94247K->2055K(286208K), 0,0004427 secs] [Times: user=0,00 sys=0,00, real=0,00 secs] 
28,872: [GC (Allocation Failure) [PSYoungGen: 110688K->64K(108032K)] 112647K->2023K(283136K), 0,0004468 secs] [Times: user=0,00 sys=0,00, real=0,00 secs] 
28,919: [GC (Allocation Failure) [PSYoungGen: 107584K->96K(104960K)] 109543K->2055K(280064K), 0,0004498 secs] [Times: user=0,00 sys=0,00, real=0,00 secs] 
28,965: [GC (Allocation Failure) [PSYoungGen: 104544K->96K(101888K)] 106503K->2055K(276992K), 0,0005159 secs] [Times: user=0,00 sys=0,00, real=0,00 secs] 
29,009: [GC (Allocation Failure) [PSYoungGen: 101472K->64K(98816K)] 103431K->2023K(273920K), 0,0004754 secs] [Times: user=0,00 sys=0,00, real=0,00 secs] 
29,052: [GC (Allocation Failure) [PSYoungGen: 98368K->96K(96256K)] 100327K->2055K(271360K), 0,0004577 secs] [Times: user=0,00 sys=0,00, real=0,00 secs] 
29,093: [GC (Allocation Failure) [PSYoungGen: 95840K->96K(93696K)] 97799K->2055K(268800K), 0,0004552 secs] [Times: user=0,00 sys=0,00, real=0,00 secs] 
29,133: [GC (Allocation Failure) [PSYoungGen: 93280K->96K(112640K)] 95239K->2055K(287744K), 0,0004425 secs] [Times: user=0,00 sys=0,00, real=0,00 secs] 
29,182: [GC (Allocation Failure) [PSYoungGen: 112224K->64K(109568K)] 114183K->2023K(284672K), 0,0004574 secs] [Times: user=0,00 sys=0,00, real=0,00 secs] 
29,229: [GC (Allocation Failure) [PSYoungGen: 109120K->96K(106496K)] 111079K->2055K(281600K), 0,0004401 secs] [Times: user=0,00 sys=0,00, real=0,00 secs] 
29,275: [GC (Allocation Failure) [PSYoungGen: 106080K->96K(103424K)] 108039K->2055K(278528K), 0,0004984 secs] [Times: user=0,00 sys=0,00, real=0,00 secs] 
29,320: [GC (Allocation Failure) [PSYoungGen: 103008K->64K(100352K)] 104967K->2023K(275456K), 0,0004619 secs] [Times: user=0,00 sys=0,00, real=0,00 secs] 
29,363: [GC (Allocation Failure) [PSYoungGen: 99904K->64K(97792K)] 101863K->2023K(272896K), 0,0004559 secs] [Times: user=0,00 sys=0,00, real=0,00 secs] 
29,405: [GC (Allocation Failure) [PSYoungGen: 97344K->96K(95232K)] 99303K->2055K(270336K), 0,0004542 secs] [Times: user=0,00 sys=0,00, real=0,00 secs] 
29,446: [GC (Allocation Failure) [PSYoungGen: 94816K->96K(92672K)] 96775K->2055K(267776K), 0,0004594 secs] [Times: user=0,00 sys=0,00, real=0,00 secs] 
29,487: [GC (Allocation Failure) [PSYoungGen: 92256K->96K(111104K)] 94215K->2055K(286208K), 0,0005167 secs] [Times: user=0,00 sys=0,00, real=0,00 secs] 
29,535: [GC (Allocation Failure) [PSYoungGen: 110688K->96K(133632K)] 112647K->2055K(308736K), 0,0004830 secs] [Times: user=0,00 sys=0,00, real=0,00 secs] 
29,592: [GC (Allocation Failure) [PSYoungGen: 133216K->32K(129536K)] 135175K->1991K(304640K), 0,0004469 secs] [Times: user=0,00 sys=0,00, real=0,00 secs] 
29,648: [GC (Allocation Failure) [PSYoungGen: 129056K->96K(125440K)] 131015K->2055K(300544K), 0,0004917 secs] [Times: user=0,00 sys=0,00, real=0,00 secs] 
29,702: [GC (Allocation Failure) [PSYoungGen: 125024K->64K(121344K)] 126983K->2023K(296448K), 0,0004492 secs] [Times: user=0,00 sys=0,00, real=0,00 secs] 
29,754: [GC (Allocation Failure) [PSYoungGen: 120896K->96K(117760K)] 122855K->2055K(292864K), 0,0004682 secs] [Times: user=0,00 sys=0,00, real=0,00 secs] 
29,805: [GC (Allocation Failure) [PSYoungGen: 117344K->32K(114176K)] 119303K->1991K(289280K), 0,0004740 secs] [Times: user=0,00 sys=0,00, real=0,00 secs] 
29,854: [GC (Allocation Failure) [PSYoungGen: 113696K->96K(110592K)] 115655K->2055K(285696K), 0,0004377 secs] [Times: user=0,00 sys=0,00, real=0,00 secs] 
29,902: [GC (Allocation Failure) [PSYoungGen: 110176K->96K(107520K)] 112135K->2055K(282624K), 0,0004558 secs] [Times: user=0,00 sys=0,00, real=0,00 secs] 
29,949: [GC (Allocation Failure) [PSYoungGen: 107104K->96K(104448K)] 109063K->2055K(279552K), 0,0004958 secs] [Times: user=0,00 sys=0,00, real=0,00 secs] 
29,994: [GC (Allocation Failure) [PSYoungGen: 104032K->96K(101376K)] 105991K->2055K(276480K), 0,0004708 secs] [Times: user=0,00 sys=0,00, real=0,00 secs] 
30,038: [GC (Allocation Failure) [PSYoungGen: 100960K->64K(98816K)] 102919K->2023K(273920K), 0,0004802 secs] [Times: user=0,00 sys=0,00, real=0,00 secs] 
30,081: [GC (Allocation Failure) [PSYoungGen: 98368K->64K(96256K)] 100327K->2023K(271360K), 0,0004602 secs] [Times: user=0,00 sys=0,00, real=0,00 secs] 
30,122: [GC (Allocation Failure) [PSYoungGen: 95808K->96K(93696K)] 97767K->2055K(268800K), 0,0004499 secs] [Times: user=0,00 sys=0,00, real=0,00 secs] 
30,162: [GC (Allocation Failure) [PSYoungGen: 93280K->128K(91136K)] 95239K->2087K(266240K), 0,0004553 secs] [Times: user=0,00 sys=0,00, real=0,00 secs] 
30,202: [GC (Allocation Failure) [PSYoungGen: 90752K->64K(109568K)] 92711K->2023K(284672K), 0,0004551 secs] [Times: user=0,00 sys=0,00, real=0,00 secs] 
30,254: [GC (Allocation Failure) [PSYoungGen: 109120K->96K(131584K)] 111079K->2055K(306688K), 0,0010073 secs] [Times: user=0,01 sys=0,00, real=0,00 secs] 
30,313: [GC (Allocation Failure) [PSYoungGen: 131168K->96K(158208K)] 133127K->2079K(333312K), 0,0005200 secs] [Times: user=0,00 sys=0,00, real=0,00 secs] 
30,381: [GC (Allocation Failure) [PSYoungGen: 157792K->96K(153088K)] 159775K->2079K(328192K), 0,0004833 secs] [Times: user=0,00 sys=0,00, real=0,00 secs] 
30,447: [GC (Allocation Failure) [PSYoungGen: 152672K->64K(147968K)] 154655K->2047K(323072K), 0,0004910 secs] [Times: user=0,00 sys=0,00, real=0,00 secs] 
30,511: [GC (Allocation Failure) [PSYoungGen: 147520K->96K(143360K)] 149503K->2079K(318464K), 0,0005160 secs] [Times: user=0,00 sys=0,00, real=0,00 secs] 
30,573: [GC (Allocation Failure) [PSYoungGen: 142944K->96K(138752K)] 144927K->2079K(313856K), 0,0004809 secs] [Times: user=0,01 sys=0,00, real=0,00 secs] 
30,633: [GC (Allocation Failure) [PSYoungGen: 138336K->64K(134144K)] 140319K->2047K(309248K), 0,0004801 secs] [Times: user=0,01 sys=0,00, real=0,00 secs] 
30,690: [GC (Allocation Failure) [PSYoungGen: 133696K->64K(130048K)] 135679K->2047K(305152K), 0,0004707 secs] [Times: user=0,00 sys=0,00, real=0,00 secs] 
30,747: [GC (Allocation Failure) [PSYoungGen: 129600K->96K(125952K)] 131583K->2079K(301056K), 0,0004897 secs] [Times: user=0,00 sys=0,00, real=0,00 secs] 
30,801: [GC (Allocation Failure) [PSYoungGen: 125536K->64K(121856K)] 127519K->2047K(296960K), 0,0004868 secs] [Times: user=0,01 sys=0,00, real=0,00 secs] 
30,854: [GC (Allocation Failure) [PSYoungGen: 121408K->96K(118272K)] 123391K->2079K(293376K), 0,0004872 secs] [Times: user=0,00 sys=0,00, real=0,00 secs] 
30,905: [GC (Allocation Failure) [PSYoungGen: 117856K->64K(114688K)] 119839K->2047K(289792K), 0,0004946 secs] [Times: user=0,00 sys=0,00, real=0,00 secs] 
30,954: [GC (Allocation Failure) [PSYoungGen: 114240K->64K(111104K)] 116223K->2047K(286208K), 0,0005002 secs] [Times: user=0,00 sys=0,00, real=0,00 secs] 
31,003: [GC (Allocation Failure) [PSYoungGen: 110656K->64K(108032K)] 112639K->2047K(283136K), 0,0005237 secs] [Times: user=0,00 sys=0,00, real=0,00 secs] 
31,050: [GC (Allocation Failure) [PSYoungGen: 107584K->96K(104960K)] 109567K->2079K(280064K), 0,0004864 secs] [Times: user=0,01 sys=0,00, real=0,00 secs] 
31,095: [GC (Allocation Failure) [PSYoungGen: 104544K->64K(101888K)] 106527K->2047K(276992K), 0,0004644 secs] [Times: user=0,00 sys=0,00, real=0,00 secs] 
31,139: [GC (Allocation Failure) [PSYoungGen: 101440K->64K(98816K)] 103423K->2047K(273920K), 0,0004837 secs] [Times: user=0,00 sys=0,00, real=0,00 secs] 
31,182: [GC (Allocation Failure) [PSYoungGen: 98368K->96K(96256K)] 100351K->2079K(271360K), 0,0004636 secs] [Times: user=0,00 sys=0,00, real=0,00 secs] 
31,223: [GC (Allocation Failure) [PSYoungGen: 95840K->96K(93696K)] 97823K->2079K(268800K), 0,0004661 secs] [Times: user=0,00 sys=0,00, real=0,00 secs] 
31,264: [GC (Allocation Failure) [PSYoungGen: 93280K->64K(91136K)] 95263K->2047K(266240K), 0,0004629 secs] [Times: user=0,00 sys=0,00, real=0,00 secs] 
31,303: [GC (Allocation Failure) [PSYoungGen: 90688K->128K(109568K)] 92671K->2111K(284672K), 0,0004902 secs] [Times: user=0,00 sys=0,00, real=0,00 secs] 
31,351: [GC (Allocation Failure) [PSYoungGen: 109184K->64K(106496K)] 111167K->2047K(281600K), 0,0004552 secs] [Times: user=0,00 sys=0,00, real=0,00 secs] 
31,397: [GC (Allocation Failure) [PSYoungGen: 106048K->96K(103424K)] 108031K->2079K(278528K), 0,0004576 secs] [Times: user=0,00 sys=0,00, real=0,00 secs] 
31,441: [GC (Allocation Failure) [PSYoungGen: 103008K->64K(100352K)] 104991K->2047K(275456K), 0,0004624 secs] [Times: user=0,00 sys=0,00, real=0,00 secs] 
31,485: [GC (Allocation Failure) [PSYoungGen: 99904K->96K(97792K)] 101887K->2079K(272896K), 0,0005181 secs] [Times: user=0,01 sys=0,00, real=0,00 secs] 
31,527: [GC (Allocation Failure) [PSYoungGen: 97376K->64K(117248K)] 99359K->2047K(292352K), 0,0004959 secs] [Times: user=0,00 sys=0,00, real=0,00 secs] 
31,578: [GC (Allocation Failure) [PSYoungGen: 116800K->96K(113664K)] 118783K->2079K(288768K), 0,0004973 secs] [Times: user=0,00 sys=0,00, real=0,00 secs] 
31,627: [GC (Allocation Failure) [PSYoungGen: 113248K->64K(110592K)] 115231K->2047K(285696K), 0,0004700 secs] [Times: user=0,00 sys=0,00, real=0,00 secs] 
31,675: [GC (Allocation Failure) [PSYoungGen: 110144K->32K(107520K)] 112127K->2015K(282624K), 0,0004875 secs] [Times: user=0,00 sys=0,00, real=0,00 secs] 
31,721: [GC (Allocation Failure) [PSYoungGen: 107040K->64K(104448K)] 109023K->2047K(279552K), 0,0004691 secs] [Times: user=0,00 sys=0,00, real=0,00 secs] 
31,766: [GC (Allocation Failure) [PSYoungGen: 104000K->64K(101376K)] 105983K->2047K(276480K), 0,0004726 secs] [Times: user=0,00 sys=0,00, real=0,00 secs] 
31,810: [GC (Allocation Failure) [PSYoungGen: 100928K->96K(98816K)] 102911K->2079K(273920K), 0,0004893 secs] [Times: user=0,00 sys=0,00, real=0,00 secs] 
31,853: [GC (Allocation Failure) [PSYoungGen: 98400K->32K(96256K)] 100383K->2015K(271360K), 0,0004774 secs] [Times: user=0,00 sys=0,00, real=0,00 secs] 
31,895: [GC (Allocation Failure) [PSYoungGen: 95776K->96K(115712K)] 97759K->2079K(290816K), 0,0005012 secs] [Times: user=0,00 sys=0,00, real=0,00 secs] 
31,945: [GC (Allocation Failure) [PSYoungGen: 115296K->96K(112128K)] 117279K->2079K(287232K), 0,0005020 secs] [Times: user=0,00 sys=0,00, real=0,00 secs] 
31,993: [GC (Allocation Failure) [PSYoungGen: 111712K->64K(109056K)] 113695K->2047K(284160K), 0,0004909 secs] [Times: user=0,00 sys=0,00, real=0,00 secs] 
32,040: [GC (Allocation Failure) [PSYoungGen: 108608K->96K(105984K)] 110591K->2079K(281088K), 0,0004743 secs] [Times: user=0,00 sys=0,00, real=0,00 secs] 
32,086: [GC (Allocation Failure) [PSYoungGen: 105568K->64K(102912K)] 107551K->2047K(278016K), 0,0004615 secs] [Times: user=0,00 sys=0,00, real=0,00 secs] 
32,130: [GC (Allocation Failure) [PSYoungGen: 102464K->64K(99840K)] 104447K->2047K(274944K), 0,0004693 secs] [Times: user=0,00 sys=0,00, real=0,00 secs] 
32,173: [GC (Allocation Failure) [PSYoungGen: 99392K->64K(97280K)] 101375K->2047K(272384K), 0,0004637 secs] [Times: user=0,00 sys=0,00, real=0,00 secs] 
32,215: [GC (Allocation Failure) [PSYoungGen: 96832K->64K(94720K)] 98815K->2047K(269824K), 0,0004689 secs] [Times: user=0,00 sys=0,00, real=0,00 secs] 
32,256: [GC (Allocation Failure) [PSYoungGen: 94272K->96K(113664K)] 96255K->2079K(288768K), 0,0004835 secs] [Times: user=0,00 sys=0,00, real=0,00 secs] 
32,306: [GC (Allocation Failure) [PSYoungGen: 113248K->64K(110592K)] 115231K->2047K(285696K), 0,0004821 secs] [Times: user=0,00 sys=0,00, real=0,00 secs] 
32,353: [GC (Allocation Failure) [PSYoungGen: 110144K->64K(107520K)] 112127K->2047K(282624K), 0,0004725 secs] [Times: user=0,00 sys=0,00, real=0,00 secs] 
32,400: [GC (Allocation Failure) [PSYoungGen: 107072K->96K(104448K)] 109055K->2079K(279552K), 0,0004698 secs] [Times: user=0,00 sys=0,00, real=0,00 secs] 
32,445: [GC (Allocation Failure) [PSYoungGen: 104032K->96K(101376K)] 106015K->2079K(276480K), 0,0004903 secs] [Times: user=0,01 sys=0,00, real=0,00 secs] 
32,489: [GC (Allocation Failure) [PSYoungGen: 100960K->96K(98816K)] 102943K->2079K(273920K), 0,0005055 secs] [Times: user=0,00 sys=0,00, real=0,00 secs] 
32,532: [GC (Allocation Failure) [PSYoungGen: 98400K->96K(96256K)] 100383K->2079K(271360K), 0,0004854 secs] [Times: user=0,00 sys=0,00, real=0,00 secs] 
32,574: [GC (Allocation Failure) [PSYoungGen: 95840K->96K(115712K)] 97823K->2079K(290816K), 0,0004848 secs] [Times: user=0,01 sys=0,00, real=0,00 secs] 
32,624: [GC (Allocation Failure) [PSYoungGen: 115296K->64K(112128K)] 117279K->2047K(287232K), 0,0004764 secs] [Times: user=0,01 sys=0,00, real=0,00 secs] 
32,672: [GC (Allocation Failure) [PSYoungGen: 111680K->96K(109056K)] 113663K->2079K(284160K), 0,0004754 secs] [Times: user=0,00 sys=0,00, real=0,00 secs] 
32,719: [GC (Allocation Failure) [PSYoungGen: 108640K->64K(105984K)] 110623K->2047K(281088K), 0,0004672 secs] [Times: user=0,00 sys=0,01, real=0,00 secs] 
32,765: [GC (Allocation Failure) [PSYoungGen: 105536K->64K(102912K)] 107519K->2047K(278016K), 0,0004536 secs] [Times: user=0,00 sys=0,00, real=0,00 secs] 
32,809: [GC (Allocation Failure) [PSYoungGen: 102464K->64K(99840K)] 104447K->2047K(274944K), 0,0004960 secs] [Times: user=0,00 sys=0,00, real=0,00 secs] 
32,853: [GC (Allocation Failure) [PSYoungGen: 99392K->64K(97280K)] 101375K->2047K(272384K), 0,0004672 secs] [Times: user=0,00 sys=0,00, real=0,00 secs] 
32,895: [GC (Allocation Failure) [PSYoungGen: 96832K->96K(94720K)] 98815K->2079K(269824K), 0,0004795 secs] [Times: user=0,00 sys=0,00, real=0,00 secs] 
32,936: [GC (Allocation Failure) [PSYoungGen: 94304K->64K(113664K)] 96287K->2047K(288768K), 0,0005913 secs] [Times: user=0,00 sys=0,00, real=0,00 secs] 
32,985: [GC (Allocation Failure) [PSYoungGen: 113216K->96K(136704K)] 115199K->2079K(311808K), 0,0004930 secs] [Times: user=0,00 sys=0,00, real=0,00 secs] 
33,044: [GC (Allocation Failure) [PSYoungGen: 136288K->96K(132608K)] 138271K->2079K(307712K), 0,0004960 secs] [Times: user=0,00 sys=0,00, real=0,00 secs] 
33,101: [GC (Allocation Failure) [PSYoungGen: 132192K->96K(128512K)] 134175K->2079K(303616K), 0,0004988 secs] [Times: user=0,00 sys=0,00, real=0,00 secs] 
33,157: [GC (Allocation Failure) [PSYoungGen: 128096K->64K(124416K)] 130079K->2047K(299520K), 0,0004839 secs] [Times: user=0,00 sys=0,00, real=0,00 secs] 
33,210: [GC (Allocation Failure) [PSYoungGen: 123968K->96K(120832K)] 125951K->2079K(295936K), 0,0004779 secs] [Times: user=0,00 sys=0,00, real=0,00 secs] 
33,263: [GC (Allocation Failure) [PSYoungGen: 120416K->96K(117248K)] 122399K->2079K(292352K), 0,0004992 secs] [Times: user=0,00 sys=0,00, real=0,00 secs] 
33,314: [GC (Allocation Failure) [PSYoungGen: 116832K->64K(140800K)] 118815K->2047K(315904K), 0,0009604 secs] [Times: user=0,00 sys=0,00, real=0,00 secs] 
33,376: [GC (Allocation Failure) [PSYoungGen: 140352K->96K(168960K)] 142335K->2079K(344064K), 0,0005008 secs] [Times: user=0,00 sys=0,00, real=0,00 secs] 
33,449: [GC (Allocation Failure) [PSYoungGen: 168544K->96K(163328K)] 170527K->2079K(338432K), 0,0004965 secs] [Times: user=0,00 sys=0,00, real=0,01 secs] 
33,519: [GC (Allocation Failure) [PSYoungGen: 162912K->96K(157696K)] 164895K->2079K(332800K), 0,0004595 secs] [Times: user=0,00 sys=0,00, real=0,00 secs] 
33,587: [GC (Allocation Failure) [PSYoungGen: 157280K->96K(152576K)] 159263K->2079K(327680K), 0,0004742 secs] [Times: user=0,00 sys=0,00, real=0,00 secs] 
33,652: [GC (Allocation Failure) [PSYoungGen: 152160K->96K(147456K)] 154143K->2079K(322560K), 0,0004458 secs] [Times: user=0,00 sys=0,00, real=0,00 secs] 
33,716: [GC (Allocation Failure) [PSYoungGen: 147040K->64K(142848K)] 149023K->2047K(317952K), 0,0004665 secs] [Times: user=0,00 sys=0,00, real=0,00 secs] 
33,777: [GC (Allocation Failure) [PSYoungGen: 142400K->64K(138240K)] 144383K->2047K(313344K), 0,0004861 secs] [Times: user=0,00 sys=0,00, real=0,00 secs] 
33,837: [GC (Allocation Failure) [PSYoungGen: 137792K->96K(133632K)] 139775K->2079K(308736K), 0,0004848 secs] [Times: user=0,00 sys=0,00, real=0,00 secs] 
33,895: [GC (Allocation Failure) [PSYoungGen: 133216K->64K(129536K)] 135199K->2047K(304640K), 0,0004691 secs] [Times: user=0,00 sys=0,00, real=0,00 secs] 
33,951: [GC (Allocation Failure) [PSYoungGen: 129088K->64K(125440K)] 131071K->2047K(300544K), 0,0004812 secs] [Times: user=0,00 sys=0,00, real=0,00 secs] 
34,005: [GC (Allocation Failure) [PSYoungGen: 124992K->96K(121344K)] 126975K->2079K(296448K), 0,0005163 secs] [Times: user=0,00 sys=0,00, real=0,00 secs] 
34,057: [GC (Allocation Failure) [PSYoungGen: 120928K->64K(117760K)] 122911K->2047K(292864K), 0,0004540 secs] [Times: user=0,00 sys=0,00, real=0,00 secs] 
34,108: [GC (Allocation Failure) [PSYoungGen: 117312K->96K(114176K)] 119295K->2079K(289280K), 0,0004930 secs] [Times: user=0,00 sys=0,00, real=0,01 secs] 
34,157: [GC (Allocation Failure) [PSYoungGen: 113760K->64K(110592K)] 115743K->2047K(285696K), 0,0004578 secs] [Times: user=0,00 sys=0,00, real=0,00 secs] 
34,205: [GC (Allocation Failure) [PSYoungGen: 110144K->96K(107520K)] 112127K->2079K(282624K), 0,0004594 secs] [Times: user=0,00 sys=0,00, real=0,00 secs] 
34,251: [GC (Allocation Failure) [PSYoungGen: 107104K->96K(104448K)] 109087K->2079K(279552K), 0,0004585 secs] [Times: user=0,00 sys=0,00, real=0,00 secs] 
34,297: [GC (Allocation Failure) [PSYoungGen: 104032K->64K(101376K)] 106015K->2047K(276480K), 0,0004785 secs] [Times: user=0,00 sys=0,00, real=0,00 secs] 
34,340: [GC (Allocation Failure) [PSYoungGen: 100928K->96K(98816K)] 102911K->2079K(273920K), 0,0004471 secs] [Times: user=0,00 sys=0,00, real=0,00 secs] 
34,383: [GC (Allocation Failure) [PSYoungGen: 98400K->96K(96256K)] 100383K->2079K(271360K), 0,0004543 secs] [Times: user=0,00 sys=0,00, real=0,00 secs] 
34,425: [GC (Allocation Failure) [PSYoungGen: 95840K->96K(93696K)] 97823K->2079K(268800K), 0,0005084 secs] [Times: user=0,00 sys=0,00, real=0,00 secs] 
34,466: [GC (Allocation Failure) [PSYoungGen: 93280K->96K(91136K)] 95263K->2079K(266240K), 0,0004812 secs] [Times: user=0,00 sys=0,00, real=0,00 secs] 
34,505: [GC (Allocation Failure) [PSYoungGen: 90720K->96K(109568K)] 92703K->2079K(284672K), 0,0004595 secs] [Times: user=0,00 sys=0,00, real=0,00 secs] 
34,552: [GC (Allocation Failure) [PSYoungGen: 109152K->96K(106496K)] 111135K->2079K(281600K), 0,0004433 secs] [Times: user=0,00 sys=0,00, real=0,00 secs] 
34,598: [GC (Allocation Failure) [PSYoungGen: 106080K->96K(103424K)] 108063K->2079K(278528K), 0,0004516 secs] [Times: user=0,00 sys=0,00, real=0,00 secs] 
34,643: [GC (Allocation Failure) [PSYoungGen: 103008K->64K(100352K)] 104991K->2047K(275456K), 0,0004531 secs] [Times: user=0,00 sys=0,00, real=0,00 secs] 
34,686: [GC (Allocation Failure) [PSYoungGen: 99904K->128K(97792K)] 101887K->2111K(272896K), 0,0004648 secs] [Times: user=0,00 sys=0,00, real=0,00 secs] 
34,728: [GC (Allocation Failure) [PSYoungGen: 97408K->96K(95232K)] 99391K->2079K(270336K), 0,0004427 secs] [Times: user=0,00 sys=0,00, real=0,00 secs] 
34,769: [GC (Allocation Failure) [PSYoungGen: 94816K->96K(92672K)] 96799K->2079K(267776K), 0,0004473 secs] [Times: user=0,00 sys=0,00, real=0,00 secs] 
34,809: [GC (Allocation Failure) [PSYoungGen: 92256K->96K(90112K)] 94239K->2079K(265216K), 0,0004499 secs] [Times: user=0,00 sys=0,00, real=0,00 secs] 
34,848: [GC (Allocation Failure) [PSYoungGen: 89696K->96K(108032K)] 91679K->2079K(283136K), 0,0004538 secs] [Times: user=0,00 sys=0,00, real=0,01 secs] 
34,895: [GC (Allocation Failure) [PSYoungGen: 107616K->64K(104960K)] 109599K->2047K(280064K), 0,0004563 secs] [Times: user=0,00 sys=0,00, real=0,00 secs] 
34,941: [GC (Allocation Failure) [PSYoungGen: 104512K->96K(125952K)] 106495K->2079K(301056K), 0,0005731 secs] [Times: user=0,00 sys=0,00, real=0,00 secs] 
34,995: [GC (Allocation Failure) [PSYoungGen: 125536K->96K(121856K)] 127519K->2079K(296960K), 0,0004879 secs] [Times: user=0,00 sys=0,00, real=0,00 secs] 
35,048: [GC (Allocation Failure) [PSYoungGen: 121440K->96K(118272K)] 123423K->2079K(293376K), 0,0004913 secs] [Times: user=0,00 sys=0,00, real=0,00 secs] 
35,099: [GC (Allocation Failure) [PSYoungGen: 117856K->64K(114688K)] 119839K->2047K(289792K), 0,0004621 secs] [Times: user=0,00 sys=0,00, real=0,01 secs] 
35,148: [GC (Allocation Failure) [PSYoungGen: 114240K->96K(111104K)] 116223K->2079K(286208K), 0,0004462 secs] [Times: user=0,00 sys=0,00, real=0,00 secs] 
35,196: [GC (Allocation Failure) [PSYoungGen: 110688K->128K(108032K)] 112671K->2111K(283136K), 0,0004677 secs] [Times: user=0,00 sys=0,00, real=0,00 secs] 
35,243: [GC (Allocation Failure) [PSYoungGen: 107648K->64K(104960K)] 109631K->2047K(280064K), 0,0004600 secs] [Times: user=0,00 sys=0,00, real=0,00 secs] 
35,288: [GC (Allocation Failure) [PSYoungGen: 104512K->32K(101888K)] 106495K->2015K(276992K), 0,0004856 secs] [Times: user=0,00 sys=0,00, real=0,00 secs] 
35,332: [GC (Allocation Failure) [PSYoungGen: 101408K->64K(98816K)] 103391K->2047K(273920K), 0,0004611 secs] [Times: user=0,00 sys=0,00, real=0,00 secs] 
35,374: [GC (Allocation Failure) [PSYoungGen: 98368K->64K(96256K)] 100351K->2047K(271360K), 0,0004669 secs] [Times: user=0,00 sys=0,00, real=0,00 secs] 
35,416: [GC (Allocation Failure) [PSYoungGen: 95808K->64K(93696K)] 97791K->2047K(268800K), 0,0004657 secs] [Times: user=0,00 sys=0,00, real=0,00 secs] 
35,457: [GC (Allocation Failure) [PSYoungGen: 93248K->96K(112640K)] 95231K->2079K(287744K), 0,0005671 secs] [Times: user=0,00 sys=0,00, real=0,00 secs] 
35,506: [GC (Allocation Failure) [PSYoungGen: 112224K->128K(135168K)] 114207K->2111K(310272K), 0,0005036 secs] [Times: user=0,00 sys=0,00, real=0,00 secs] 
35,564: [GC (Allocation Failure) [PSYoungGen: 134783K->32K(131072K)] 136767K->2015K(306176K), 0,0004783 secs] [Times: user=0,00 sys=0,00, real=0,00 secs] 
35,620: [GC (Allocation Failure) [PSYoungGen: 130592K->96K(126976K)] 132575K->2079K(302080K), 0,0004733 secs] [Times: user=0,00 sys=0,00, real=0,00 secs] 
35,675: [GC (Allocation Failure) [PSYoungGen: 126560K->64K(122880K)] 128543K->2047K(297984K), 0,0004562 secs] [Times: user=0,00 sys=0,00, real=0,00 secs] 
35,728: [GC (Allocation Failure) [PSYoungGen: 122432K->64K(119296K)] 124415K->2047K(294400K), 0,0004350 secs] [Times: user=0,00 sys=0,00, real=0,00 secs] 
35,779: [GC (Allocation Failure) [PSYoungGen: 118848K->128K(115712K)] 120831K->2111K(290816K), 0,0004639 secs] [Times: user=0,00 sys=0,00, real=0,00 secs] 
35,829: [GC (Allocation Failure) [PSYoungGen: 115328K->96K(112128K)] 117311K->2079K(287232K), 0,0004551 secs] [Times: user=0,00 sys=0,01, real=0,00 secs] 
35,878: [GC (Allocation Failure) [PSYoungGen: 111712K->96K(109056K)] 113695K->2079K(284160K), 0,0004648 secs] [Times: user=0,00 sys=0,00, real=0,00 secs] 
35,925: [GC (Allocation Failure) [PSYoungGen: 108640K->96K(105984K)] 110623K->2079K(281088K), 0,0005030 secs] [Times: user=0,00 sys=0,00, real=0,00 secs] 
35,971: [GC (Allocation Failure) [PSYoungGen: 105568K->96K(102912K)] 107551K->2079K(278016K), 0,0004904 secs] [Times: user=0,00 sys=0,00, real=0,00 secs] 
36,015: [GC (Allocation Failure) [PSYoungGen: 102496K->64K(99840K)] 104479K->2047K(274944K), 0,0004689 secs] [Times: user=0,00 sys=0,00, real=0,00 secs] 
36,059: [GC (Allocation Failure) [PSYoungGen: 99392K->96K(97280K)] 101375K->2079K(272384K), 0,0004461 secs] [Times: user=0,00 sys=0,00, real=0,01 secs] 
36,101: [GC (Allocation Failure) [PSYoungGen: 96864K->64K(94720K)] 98847K->2047K(269824K), 0,0004753 secs] [Times: user=0,00 sys=0,00, real=0,00 secs] 
36,141: [GC (Allocation Failure) [PSYoungGen: 94272K->96K(92160K)] 96255K->2079K(267264K), 0,0004511 secs] [Times: user=0,01 sys=0,00, real=0,00 secs] 
36,181: [GC (Allocation Failure) [PSYoungGen: 91744K->64K(89600K)] 93727K->2047K(264704K), 0,0004480 secs] [Times: user=0,01 sys=0,00, real=0,00 secs] 
36,220: [GC (Allocation Failure) [PSYoungGen: 89152K->128K(107520K)] 91135K->2111K(282624K), 0,0004594 secs] [Times: user=0,00 sys=0,00, real=0,00 secs] 
36,266: [GC (Allocation Failure) [PSYoungGen: 107136K->64K(129024K)] 109119K->2047K(304128K), 0,0004710 secs] [Times: user=0,00 sys=0,00, real=0,00 secs] 
36,322: [GC (Allocation Failure) [PSYoungGen: 128576K->64K(124928K)] 130559K->2047K(300032K), 0,0004795 secs] [Times: user=0,00 sys=0,00, real=0,00 secs] 
36,376: [GC (Allocation Failure) [PSYoungGen: 124480K->96K(121344K)] 126463K->2079K(296448K), 0,0005010 secs] [Times: user=0,00 sys=0,00, real=0,00 secs] 
36,428: [GC (Allocation Failure) [PSYoungGen: 120928K->96K(117760K)] 122911K->2079K(292864K), 0,0004760 secs] [Times: user=0,01 sys=0,00, real=0,01 secs] 
36,479: [GC (Allocation Failure) [PSYoungGen: 117344K->64K(114176K)] 119327K->2047K(289280K), 0,0004753 secs] [Times: user=0,00 sys=0,00, real=0,00 secs] 
36,528: [GC (Allocation Failure) [PSYoungGen: 113728K->64K(110592K)] 115711K->2047K(285696K), 0,0004707 secs] [Times: user=0,00 sys=0,00, real=0,01 secs] 
36,576: [GC (Allocation Failure) [PSYoungGen: 110144K->96K(107520K)] 112127K->2079K(282624K), 0,0004541 secs] [Times: user=0,00 sys=0,00, real=0,00 secs] 
36,622: [GC (Allocation Failure) [PSYoungGen: 107104K->64K(104448K)] 109087K->2047K(279552K), 0,0004552 secs] [Times: user=0,00 sys=0,00, real=0,00 secs] 
36,668: [GC (Allocation Failure) [PSYoungGen: 104000K->64K(101376K)] 105983K->2047K(276480K), 0,0004429 secs] [Times: user=0,00 sys=0,00, real=0,00 secs] 
36,711: [GC (Allocation Failure) [PSYoungGen: 100928K->64K(98816K)] 102911K->2047K(273920K), 0,0004552 secs] [Times: user=0,00 sys=0,00, real=0,00 secs] 
36,754: [GC (Allocation Failure) [PSYoungGen: 98368K->96K(96256K)] 100351K->2079K(271360K), 0,0004423 secs] [Times: user=0,00 sys=0,00, real=0,00 secs] 
36,795: [GC (Allocation Failure) [PSYoungGen: 95840K->96K(93696K)] 97823K->2079K(268800K), 0,0004566 secs] [Times: user=0,01 sys=0,00, real=0,00 secs] 
36,836: [GC (Allocation Failure) [PSYoungGen: 93280K->32K(91136K)] 95263K->2015K(266240K), 0,0004409 secs] [Times: user=0,00 sys=0,00, real=0,00 secs] 
36,875: [GC (Allocation Failure) [PSYoungGen: 90656K->96K(109568K)] 92639K->2079K(284672K), 0,0004588 secs] [Times: user=0,00 sys=0,00, real=0,00 secs] 
36,922: [GC (Allocation Failure) [PSYoungGen: 109152K->64K(106496K)] 111135K->2047K(281600K), 0,0004493 secs] [Times: user=0,00 sys=0,00, real=0,00 secs] 
36,969: [GC (Allocation Failure) [PSYoungGen: 106048K->96K(103424K)] 108031K->2079K(278528K), 0,0004989 secs] [Times: user=0,00 sys=0,00, real=0,00 secs] 
37,014: [GC (Allocation Failure) [PSYoungGen: 103008K->64K(100352K)] 104991K->2047K(275456K), 0,0004754 secs] [Times: user=0,00 sys=0,00, real=0,00 secs] 
37,057: [GC (Allocation Failure) [PSYoungGen: 99904K->96K(97792K)] 101887K->2079K(272896K), 0,0004618 secs] [Times: user=0,00 sys=0,00, real=0,00 secs] 
37,099: [GC (Allocation Failure) [PSYoungGen: 97376K->96K(95232K)] 99359K->2079K(270336K), 0,0004509 secs] [Times: user=0,00 sys=0,00, real=0,00 secs] 
37,140: [GC (Allocation Failure) [PSYoungGen: 94816K->64K(92672K)] 96799K->2047K(267776K), 0,0004521 secs] [Times: user=0,00 sys=0,00, real=0,00 secs] 
37,180: [GC (Allocation Failure) [PSYoungGen: 92224K->96K(111104K)] 94207K->2079K(286208K), 0,0004479 secs] [Times: user=0,00 sys=0,00, real=0,00 secs] 
37,228: [GC (Allocation Failure) [PSYoungGen: 110688K->96K(108032K)] 112671K->2079K(283136K), 0,0004530 secs] [Times: user=0,00 sys=0,00, real=0,00 secs] 
37,275: [GC (Allocation Failure) [PSYoungGen: 107616K->96K(104960K)] 109599K->2079K(280064K), 0,0004764 secs] [Times: user=0,00 sys=0,00, real=0,00 secs] 
37,320: [GC (Allocation Failure) [PSYoungGen: 104544K->96K(101888K)] 106527K->2079K(276992K), 0,0004709 secs] [Times: user=0,01 sys=0,00, real=0,00 secs] 
37,364: [GC (Allocation Failure) [PSYoungGen: 101472K->96K(98816K)] 103455K->2079K(273920K), 0,0004604 secs] [Times: user=0,00 sys=0,00, real=0,00 secs] 
37,407: [GC (Allocation Failure) [PSYoungGen: 98400K->96K(118784K)] 100383K->2079K(293888K), 0,0005265 secs] [Times: user=0,00 sys=0,00, real=0,00 secs] 
37,458: [GC (Allocation Failure) [PSYoungGen: 118368K->64K(115200K)] 120351K->2047K(290304K), 0,0005020 secs] [Times: user=0,01 sys=0,00, real=0,01 secs] 
37,508: [GC (Allocation Failure) [PSYoungGen: 114752K->64K(111616K)] 116735K->2047K(286720K), 0,0004547 secs] [Times: user=0,01 sys=0,00, real=0,00 secs] 
37,556: [GC (Allocation Failure) [PSYoungGen: 111168K->64K(108544K)] 113151K->2047K(283648K), 0,0004758 secs] [Times: user=0,00 sys=0,00, real=0,00 secs] 
37,603: [GC (Allocation Failure) [PSYoungGen: 108096K->64K(105472K)] 110079K->2047K(280576K), 0,0004687 secs] [Times: user=0,00 sys=0,00, real=0,00 secs] 
37,649: [GC (Allocation Failure) [PSYoungGen: 105024K->96K(102400K)] 107007K->2079K(277504K), 0,0004563 secs] [Times: user=0,00 sys=0,00, real=0,00 secs] 
37,693: [GC (Allocation Failure) [PSYoungGen: 101984K->96K(99328K)] 103967K->2079K(274432K), 0,0004388 secs] [Times: user=0,00 sys=0,00, real=0,00 secs] 
37,736: [GC (Allocation Failure) [PSYoungGen: 98912K->96K(96768K)] 100895K->2079K(271872K), 0,0004587 secs] [Times: user=0,01 sys=0,00, real=0,00 secs] 
37,777: [GC (Allocation Failure) [PSYoungGen: 96352K->96K(94208K)] 98335K->2079K(269312K), 0,0004514 secs] [Times: user=0,00 sys=0,00, real=0,00 secs] 
37,818: [GC (Allocation Failure) [PSYoungGen: 93792K->96K(91648K)] 95775K->2079K(266752K), 0,0004508 secs] [Times: user=0,00 sys=0,00, real=0,00 secs] 
37,858: [GC (Allocation Failure) [PSYoungGen: 91232K->64K(110080K)] 93215K->2047K(285184K), 0,0004635 secs] [Times: user=0,00 sys=0,00, real=0,00 secs] 
37,905: [GC (Allocation Failure) [PSYoungGen: 109632K->64K(107008K)] 111615K->2047K(282112K), 0,0004612 secs] [Times: user=0,00 sys=0,00, real=0,00 secs] 
37,952: [GC (Allocation Failure) [PSYoungGen: 106560K->96K(103936K)] 108543K->2079K(279040K), 0,0005148 secs] [Times: user=0,00 sys=0,00, real=0,00 secs] 
37,997: [GC (Allocation Failure) [PSYoungGen: 103520K->64K(100864K)] 105503K->2047K(275968K), 0,0004785 secs] [Times: user=0,00 sys=0,00, real=0,00 secs] 
38,040: [GC (Allocation Failure) [PSYoungGen: 100416K->96K(98304K)] 102399K->2079K(273408K), 0,0004774 secs] [Times: user=0,00 sys=0,00, real=0,00 secs] 
38,083: [GC (Allocation Failure) [PSYoungGen: 97888K->96K(95744K)] 99871K->2079K(270848K), 0,0004462 secs] [Times: user=0,01 sys=0,00, real=0,00 secs] 
38,124: [GC (Allocation Failure) [PSYoungGen: 95328K->96K(115200K)] 97311K->2079K(290304K), 0,0004572 secs] [Times: user=0,00 sys=0,00, real=0,00 secs] 
38,174: [GC (Allocation Failure) [PSYoungGen: 114784K->96K(111616K)] 116767K->2079K(286720K), 0,0004547 secs] [Times: user=0,00 sys=0,00, real=0,00 secs] 
38,222: [GC (Allocation Failure) [PSYoungGen: 111200K->96K(108544K)] 113183K->2079K(283648K), 0,0004473 secs] [Times: user=0,00 sys=0,00, real=0,00 secs] 
38,268: [GC (Allocation Failure) [PSYoungGen: 108128K->96K(105472K)] 110111K->2079K(280576K), 0,0004712 secs] [Times: user=0,00 sys=0,00, real=0,01 secs] 
38,314: [GC (Allocation Failure) [PSYoungGen: 105056K->96K(102400K)] 107039K->2079K(277504K), 0,0004765 secs] [Times: user=0,00 sys=0,00, real=0,00 secs] 
38,358: [GC (Allocation Failure) [PSYoungGen: 101984K->96K(99328K)] 103967K->2079K(274432K), 0,0004549 secs] [Times: user=0,00 sys=0,00, real=0,01 secs] 
38,401: [GC (Allocation Failure) [PSYoungGen: 98912K->32K(96768K)] 100895K->2015K(271872K), 0,0004573 secs] [Times: user=0,00 sys=0,00, real=0,00 secs] 
38,443: [GC (Allocation Failure) [PSYoungGen: 96288K->96K(94208K)] 98271K->2079K(269312K), 0,0004517 secs] [Times: user=0,00 sys=0,00, real=0,00 secs] 
38,484: [GC (Allocation Failure) [PSYoungGen: 93792K->96K(113152K)] 95775K->2079K(288256K), 0,0005044 secs] [Times: user=0,00 sys=0,00, real=0,00 secs] 
38,533: [GC (Allocation Failure) [PSYoungGen: 112736K->64K(110080K)] 114719K->2047K(285184K), 0,0004877 secs] [Times: user=0,00 sys=0,00, real=0,00 secs] 
38,580: [GC (Allocation Failure) [PSYoungGen: 109632K->96K(107008K)] 111615K->2079K(282112K), 0,0004493 secs] [Times: user=0,00 sys=0,00, real=0,00 secs] 
38,626: [GC (Allocation Failure) [PSYoungGen: 106592K->96K(103936K)] 108575K->2079K(279040K), 0,0004547 secs] [Times: user=0,00 sys=0,00, real=0,00 secs] 
38,671: [GC (Allocation Failure) [PSYoungGen: 103520K->96K(100864K)] 105503K->2079K(275968K), 0,0004610 secs] [Times: user=0,00 sys=0,00, real=0,00 secs] 
38,714: [GC (Allocation Failure) [PSYoungGen: 100448K->64K(98304K)] 102431K->2047K(273408K), 0,0004525 secs] [Times: user=0,00 sys=0,00, real=0,00 secs] 
38,757: [GC (Allocation Failure) [PSYoungGen: 97856K->64K(95744K)] 99839K->2047K(270848K), 0,0004615 secs] [Times: user=0,00 sys=0,00, real=0,00 secs] 
38,798: [GC (Allocation Failure) [PSYoungGen: 95296K->64K(93184K)] 97279K->2047K(268288K), 0,0004556 secs] [Times: user=0,00 sys=0,00, real=0,01 secs] 
38,838: [GC (Allocation Failure) [PSYoungGen: 92736K->96K(112128K)] 94719K->2079K(287232K), 0,0004593 secs] [Times: user=0,00 sys=0,01, real=0,01 secs] 
38,887: [GC (Allocation Failure) [PSYoungGen: 111712K->64K(109056K)] 113695K->2047K(284160K), 0,0004635 secs] [Times: user=0,00 sys=0,00, real=0,00 secs] 
38,934: [GC (Allocation Failure) [PSYoungGen: 108608K->96K(105984K)] 110591K->2079K(281088K), 0,0005278 secs] [Times: user=0,01 sys=0,00, real=0,00 secs] 
38,981: [GC (Allocation Failure) [PSYoungGen: 105568K->96K(102912K)] 107551K->2079K(278016K), 0,0004965 secs] [Times: user=0,00 sys=0,00, real=0,00 secs] 
39,025: [GC (Allocation Failure) [PSYoungGen: 102496K->64K(99840K)] 104479K->2047K(274944K), 0,0004746 secs] [Times: user=0,00 sys=0,00, real=0,00 secs] 
39,068: [GC (Allocation Failure) [PSYoungGen: 99392K->64K(97280K)] 101375K->2047K(272384K), 0,0004516 secs] [Times: user=0,00 sys=0,00, real=0,01 secs] 
39,110: [GC (Allocation Failure) [PSYoungGen: 96832K->64K(94720K)] 98815K->2047K(269824K), 0,0004628 secs] [Times: user=0,00 sys=0,00, real=0,00 secs] 
39,151: [GC (Allocation Failure) [PSYoungGen: 94272K->32K(113664K)] 96255K->2015K(288768K), 0,0004692 secs] [Times: user=0,01 sys=0,00, real=0,00 secs] 
39,200: [GC (Allocation Failure) [PSYoungGen: 113184K->128K(110592K)] 115167K->2111K(285696K), 0,0004610 secs] [Times: user=0,00 sys=0,00, real=0,00 secs] 
39,248: [GC (Allocation Failure) [PSYoungGen: 110207K->96K(107520K)] 112191K->2079K(282624K), 0,0004629 secs] [Times: user=0,00 sys=0,00, real=0,00 secs] 
39,294: [GC (Allocation Failure) [PSYoungGen: 107104K->96K(104448K)] 109087K->2079K(279552K), 0,0004769 secs] [Times: user=0,00 sys=0,00, real=0,00 secs] 
39,339: [GC (Allocation Failure) [PSYoungGen: 104032K->96K(101376K)] 106015K->2079K(276480K), 0,0004404 secs] [Times: user=0,01 sys=0,00, real=0,00 secs] 
39,383: [GC (Allocation Failure) [PSYoungGen: 100960K->96K(98816K)] 102943K->2079K(273920K), 0,0005033 secs] [Times: user=0,00 sys=0,00, real=0,00 secs] 
39,426: [GC (Allocation Failure) [PSYoungGen: 98400K->64K(96256K)] 100383K->2047K(271360K), 0,0004683 secs] [Times: user=0,00 sys=0,00, real=0,00 secs] 
39,471: [GC (Allocation Failure) [PSYoungGen: 95808K->96K(93696K)] 97791K->2079K(268800K), 0,0004613 secs] [Times: user=0,00 sys=0,00, real=0,00 secs] 
39,512: [GC (Allocation Failure) [PSYoungGen: 93280K->96K(91136K)] 95263K->2079K(266240K), 0,0004565 secs] [Times: user=0,00 sys=0,00, real=0,00 secs] 
39,551: [GC (Allocation Failure) [PSYoungGen: 90720K->96K(109568K)] 92703K->2079K(284672K), 0,0004473 secs] [Times: user=0,00 sys=0,00, real=0,00 secs] 
39,598: [GC (Allocation Failure) [PSYoungGen: 109152K->96K(106496K)] 111135K->2079K(281600K), 0,0004562 secs] [Times: user=0,00 sys=0,00, real=0,00 secs] 
39,644: [GC (Allocation Failure) [PSYoungGen: 106080K->96K(103424K)] 108063K->2079K(278528K), 0,0004666 secs] [Times: user=0,00 sys=0,00, real=0,00 secs] 
39,689: [GC (Allocation Failure) [PSYoungGen: 103008K->64K(100352K)] 104991K->2047K(275456K), 0,0004685 secs] [Times: user=0,00 sys=0,00, real=0,00 secs] 
39,732: [GC (Allocation Failure) [PSYoungGen: 99904K->96K(97792K)] 101887K->2079K(272896K), 0,0004440 secs] [Times: user=0,00 sys=0,00, real=0,00 secs] 
39,774: [GC (Allocation Failure) [PSYoungGen: 97376K->96K(95232K)] 99359K->2079K(270336K), 0,0004413 secs] [Times: user=0,00 sys=0,00, real=0,00 secs] 
39,815: [GC (Allocation Failure) [PSYoungGen: 94816K->96K(92672K)] 96799K->2079K(267776K), 0,0004657 secs] [Times: user=0,00 sys=0,00, real=0,00 secs] 
39,855: [GC (Allocation Failure) [PSYoungGen: 92256K->64K(111104K)] 94239K->2047K(286208K), 0,0004650 secs] [Times: user=0,00 sys=0,00, real=0,00 secs] 
39,903: [GC (Allocation Failure) [PSYoungGen: 110656K->96K(108032K)] 112639K->2079K(283136K), 0,0004569 secs] [Times: user=0,01 sys=0,00, real=0,00 secs] 
39,950: [GC (Allocation Failure) [PSYoungGen: 107616K->64K(129536K)] 109599K->2047K(304640K), 0,0005302 secs] [Times: user=0,00 sys=0,00, real=0,00 secs] 
40,006: [GC (Allocation Failure) [PSYoungGen: 129088K->96K(125440K)] 131071K->2079K(300544K), 0,0005107 secs] [Times: user=0,00 sys=0,00, real=0,00 secs] 
40,060: [GC (Allocation Failure) [PSYoungGen: 125024K->96K(121344K)] 127007K->2079K(296448K), 0,0004570 secs] [Times: user=0,00 sys=0,00, real=0,00 secs] 
40,112: [GC (Allocation Failure) [PSYoungGen: 120928K->64K(117760K)] 122911K->2047K(292864K), 0,0004672 secs] [Times: user=0,00 sys=0,00, real=0,00 secs] 
40,163: [GC (Allocation Failure) [PSYoungGen: 117312K->64K(114176K)] 119295K->2047K(289280K), 0,0004829 secs] [Times: user=0,00 sys=0,00, real=0,00 secs] 
40,212: [GC (Allocation Failure) [PSYoungGen: 113728K->32K(110592K)] 115711K->2015K(285696K), 0,0004591 secs] [Times: user=0,00 sys=0,00, real=0,00 secs] 
40,265: [GC (Allocation Failure) [PSYoungGen: 110112K->64K(132608K)] 112095K->2047K(307712K), 0,0008532 secs] [Times: user=0,00 sys=0,00, real=0,00 secs] 
40,324: [GC (Allocation Failure) [PSYoungGen: 132160K->96K(128512K)] 134143K->2103K(303616K), 0,0005367 secs] [Times: user=0,00 sys=0,00, real=0,00 secs] 
40,380: [GC (Allocation Failure) [PSYoungGen: 128096K->64K(124416K)] 130103K->2071K(299520K), 0,0004970 secs] [Times: user=0,00 sys=0,00, real=0,00 secs] 
40,433: [GC (Allocation Failure) [PSYoungGen: 123968K->64K(120832K)] 125975K->2071K(295936K), 0,0004834 secs] [Times: user=0,00 sys=0,00, real=0,00 secs] 
40,486: [GC (Allocation Failure) [PSYoungGen: 120384K->96K(117248K)] 122391K->2103K(292352K), 0,0005354 secs] [Times: user=0,00 sys=0,00, real=0,00 secs] 
40,536: [GC (Allocation Failure) [PSYoungGen: 116832K->64K(113664K)] 118839K->2071K(288768K), 0,0004844 secs] [Times: user=0,00 sys=0,00, real=0,00 secs] 
40,586: [GC (Allocation Failure) [PSYoungGen: 113216K->64K(110592K)] 115223K->2071K(285696K), 0,0004911 secs] [Times: user=0,00 sys=0,00, real=0,00 secs] 
40,633: [GC (Allocation Failure) [PSYoungGen: 110144K->96K(107520K)] 112151K->2103K(282624K), 0,0004755 secs] [Times: user=0,00 sys=0,00, real=0,00 secs] 
40,680: [GC (Allocation Failure) [PSYoungGen: 107104K->64K(104448K)] 109111K->2071K(279552K), 0,0004717 secs] [Times: user=0,00 sys=0,00, real=0,00 secs] 
40,725: [GC (Allocation Failure) [PSYoungGen: 104000K->64K(101376K)] 106007K->2071K(276480K), 0,0004736 secs] [Times: user=0,00 sys=0,00, real=0,00 secs] 
40,769: [GC (Allocation Failure) [PSYoungGen: 100928K->64K(98816K)] 102935K->2071K(273920K), 0,0004854 secs] [Times: user=0,00 sys=0,00, real=0,00 secs] 
40,811: [GC (Allocation Failure) [PSYoungGen: 98368K->96K(96256K)] 100375K->2103K(271360K), 0,0004596 secs] [Times: user=0,00 sys=0,00, real=0,00 secs] 
40,853: [GC (Allocation Failure) [PSYoungGen: 95840K->64K(93696K)] 97847K->2071K(268800K), 0,0004595 secs] [Times: user=0,00 sys=0,00, real=0,00 secs] 
40,893: [GC (Allocation Failure) [PSYoungGen: 93248K->96K(112640K)] 95255K->2103K(287744K), 0,0004726 secs] [Times: user=0,00 sys=0,00, real=0,00 secs] 
40,942: [GC (Allocation Failure) [PSYoungGen: 112223K->96K(109568K)] 114231K->2103K(284672K), 0,0004727 secs] [Times: user=0,00 sys=0,00, real=0,00 secs] 
40,990: [GC (Allocation Failure) [PSYoungGen: 109152K->96K(106496K)] 111159K->2103K(281600K), 0,0004981 secs] [Times: user=0,00 sys=0,00, real=0,00 secs] 
41,036: [GC (Allocation Failure) [PSYoungGen: 106080K->96K(103424K)] 108087K->2103K(278528K), 0,0004917 secs] [Times: user=0,00 sys=0,00, real=0,00 secs] 
41,081: [GC (Allocation Failure) [PSYoungGen: 103008K->64K(100352K)] 105015K->2071K(275456K), 0,0004737 secs] [Times: user=0,00 sys=0,00, real=0,00 secs] 
41,124: [GC (Allocation Failure) [PSYoungGen: 99904K->64K(97792K)] 101911K->2071K(272896K), 0,0004736 secs] [Times: user=0,01 sys=0,00, real=0,00 secs] 
41,166: [GC (Allocation Failure) [PSYoungGen: 97344K->64K(95232K)] 99351K->2071K(270336K), 0,0004695 secs] [Times: user=0,00 sys=0,00, real=0,00 secs] 
41,207: [GC (Allocation Failure) [PSYoungGen: 94784K->96K(114176K)] 96791K->2103K(289280K), 0,0004703 secs] [Times: user=0,00 sys=0,00, real=0,00 secs] 
41,257: [GC (Allocation Failure) [PSYoungGen: 113760K->64K(110592K)] 115767K->2071K(285696K), 0,0004690 secs] [Times: user=0,00 sys=0,00, real=0,00 secs] 
41,304: [GC (Allocation Failure) [PSYoungGen: 110144K->64K(107520K)] 112151K->2071K(282624K), 0,0004770 secs] [Times: user=0,00 sys=0,00, real=0,00 secs] 
41,351: [GC (Allocation Failure) [PSYoungGen: 107072K->96K(104448K)] 109079K->2103K(279552K), 0,0004692 secs] [Times: user=0,00 sys=0,00, real=0,00 secs] 
41,396: [GC (Allocation Failure) [PSYoungGen: 104032K->64K(101376K)] 106039K->2071K(276480K), 0,0005212 secs] [Times: user=0,00 sys=0,00, real=0,00 secs] 
41,440: [GC (Allocation Failure) [PSYoungGen: 100928K->96K(98816K)] 102935K->2103K(273920K), 0,0004796 secs] [Times: user=0,00 sys=0,00, real=0,00 secs] 
41,483: [GC (Allocation Failure) [PSYoungGen: 98400K->96K(96256K)] 100407K->2103K(271360K), 0,0005029 secs] [Times: user=0,00 sys=0,00, real=0,00 secs] 
41,525: [GC (Allocation Failure) [PSYoungGen: 95840K->96K(115712K)] 97847K->2103K(290816K), 0,0005914 secs] [Times: user=0,00 sys=0,00, real=0,00 secs] 
41,575: [GC (Allocation Failure) [PSYoungGen: 115296K->96K(138752K)] 117303K->2103K(313856K), 0,0004823 secs] [Times: user=0,00 sys=0,00, real=0,00 secs] 
41,635: [GC (Allocation Failure) [PSYoungGen: 138336K->96K(134144K)] 140343K->2103K(309248K), 0,0004820 secs] [Times: user=0,00 sys=0,00, real=0,00 secs] 
41,693: [GC (Allocation Failure) [PSYoungGen: 133728K->96K(130048K)] 135735K->2103K(305152K), 0,0004693 secs] [Times: user=0,00 sys=0,00, real=0,00 secs] 
41,749: [GC (Allocation Failure) [PSYoungGen: 129632K->96K(125952K)] 131639K->2103K(301056K), 0,0004768 secs] [Times: user=0,00 sys=0,00, real=0,00 secs] 
41,803: [GC (Allocation Failure) [PSYoungGen: 125536K->96K(121856K)] 127543K->2103K(296960K), 0,0004671 secs] [Times: user=0,00 sys=0,00, real=0,00 secs] 
41,856: [GC (Allocation Failure) [PSYoungGen: 121440K->96K(118272K)] 123447K->2103K(293376K), 0,0004526 secs] [Times: user=0,00 sys=0,00, real=0,00 secs] 
41,907: [GC (Allocation Failure) [PSYoungGen: 117856K->96K(114688K)] 119863K->2103K(289792K), 0,0004818 secs] [Times: user=0,01 sys=0,00, real=0,00 secs] 
41,956: [GC (Allocation Failure) [PSYoungGen: 114272K->96K(111104K)] 116279K->2103K(286208K), 0,0004803 secs] [Times: user=0,01 sys=0,00, real=0,00 secs] 
42,005: [GC (Allocation Failure) [PSYoungGen: 110688K->96K(108032K)] 112695K->2103K(283136K), 0,0005188 secs] [Times: user=0,00 sys=0,00, real=0,00 secs] 
42,055: [GC (Allocation Failure) [PSYoungGen: 107616K->96K(104960K)] 109623K->2103K(280064K), 0,0004876 secs] [Times: user=0,01 sys=0,00, real=0,00 secs] 
42,100: [GC (Allocation Failure) [PSYoungGen: 104544K->96K(101888K)] 106551K->2103K(276992K), 0,0004675 secs] [Times: user=0,00 sys=0,00, real=0,00 secs] 
42,144: [GC (Allocation Failure) [PSYoungGen: 101472K->96K(98816K)] 103479K->2103K(273920K), 0,0004744 secs] [Times: user=0,01 sys=0,00, real=0,00 secs] 
42,187: [GC (Allocation Failure) [PSYoungGen: 98400K->64K(96256K)] 100407K->2071K(271360K), 0,0004688 secs] [Times: user=0,00 sys=0,00, real=0,00 secs] 
42,228: [GC (Allocation Failure) [PSYoungGen: 95808K->96K(93696K)] 97815K->2103K(268800K), 0,0004858 secs] [Times: user=0,00 sys=0,00, real=0,01 secs] 
42,269: [GC (Allocation Failure) [PSYoungGen: 93280K->64K(112640K)] 95287K->2071K(287744K), 0,0004672 secs] [Times: user=0,00 sys=0,00, real=0,00 secs] 
42,317: [GC (Allocation Failure) [PSYoungGen: 112192K->64K(109568K)] 114199K->2071K(284672K), 0,0004685 secs] [Times: user=0,00 sys=0,00, real=0,00 secs] 
42,364: [GC (Allocation Failure) [PSYoungGen: 109120K->64K(106496K)] 111127K->2071K(281600K), 0,0004834 secs] [Times: user=0,00 sys=0,00, real=0,00 secs] 
42,410: [GC (Allocation Failure) [PSYoungGen: 106048K->32K(103424K)] 108055K->2039K(278528K), 0,0004862 secs] [Times: user=0,00 sys=0,00, real=0,00 secs] 
42,455: [GC (Allocation Failure) [PSYoungGen: 102944K->96K(100352K)] 104951K->2103K(275456K), 0,0004664 secs] [Times: user=0,00 sys=0,00, real=0,00 secs] 
42,499: [GC (Allocation Failure) [PSYoungGen: 99936K->96K(97792K)] 101943K->2103K(272896K), 0,0004950 secs] [Times: user=0,00 sys=0,00, real=0,00 secs] 
42,541: [GC (Allocation Failure) [PSYoungGen: 97376K->64K(95232K)] 99383K->2071K(270336K), 0,0004891 secs] [Times: user=0,00 sys=0,00, real=0,00 secs] 
42,582: [GC (Allocation Failure) [PSYoungGen: 94784K->96K(114176K)] 96791K->2103K(289280K), 0,0004703 secs] [Times: user=0,00 sys=0,00, real=0,00 secs] 
42,632: [GC (Allocation Failure) [PSYoungGen: 113760K->64K(110592K)] 115767K->2071K(285696K), 0,0004794 secs] [Times: user=0,00 sys=0,00, real=0,00 secs] 
42,680: [GC (Allocation Failure) [PSYoungGen: 110144K->64K(107520K)] 112151K->2071K(282624K), 0,0004793 secs] [Times: user=0,00 sys=0,00, real=0,00 secs] 
42,726: [GC (Allocation Failure) [PSYoungGen: 107072K->96K(104448K)] 109079K->2103K(279552K), 0,0004697 secs] [Times: user=0,00 sys=0,00, real=0,00 secs] 
42,771: [GC (Allocation Failure) [PSYoungGen: 104032K->96K(101376K)] 106039K->2103K(276480K), 0,0004733 secs] [Times: user=0,00 sys=0,00, real=0,00 secs] 
42,815: [GC (Allocation Failure) [PSYoungGen: 100960K->64K(98816K)] 102967K->2071K(273920K), 0,0004889 secs] [Times: user=0,00 sys=0,00, real=0,00 secs] 
42,857: [GC (Allocation Failure) [PSYoungGen: 98368K->64K(96256K)] 100375K->2071K(271360K), 0,0004699 secs] [Times: user=0,01 sys=0,00, real=0,00 secs] 
42,899: [GC (Allocation Failure) [PSYoungGen: 95808K->64K(115712K)] 97815K->2071K(290816K), 0,0004782 secs] [Times: user=0,00 sys=0,00, real=0,00 secs] 
42,949: [GC (Allocation Failure) [PSYoungGen: 115264K->64K(112128K)] 117271K->2071K(287232K), 0,0004689 secs] [Times: user=0,00 sys=0,00, real=0,00 secs] 
42,998: [GC (Allocation Failure) [PSYoungGen: 111680K->96K(109056K)] 113687K->2103K(284160K), 0,0004944 secs] [Times: user=0,00 sys=0,00, real=0,00 secs] 
43,045: [GC (Allocation Failure) [PSYoungGen: 108640K->96K(105984K)] 110647K->2103K(281088K), 0,0004865 secs] [Times: user=0,01 sys=0,00, real=0,00 secs] 
43,091: [GC (Allocation Failure) [PSYoungGen: 105568K->64K(102912K)] 107575K->2071K(278016K), 0,0004764 secs] [Times: user=0,00 sys=0,00, real=0,00 secs] 
43,135: [GC (Allocation Failure) [PSYoungGen: 102464K->96K(99840K)] 104471K->2103K(274944K), 0,0004733 secs] [Times: user=0,00 sys=0,00, real=0,00 secs] 
43,178: [GC (Allocation Failure) [PSYoungGen: 99424K->64K(97280K)] 101431K->2071K(272384K), 0,0004779 secs] [Times: user=0,00 sys=0,00, real=0,01 secs] 
43,220: [GC (Allocation Failure) [PSYoungGen: 96832K->64K(94720K)] 98839K->2071K(269824K), 0,0004691 secs] [Times: user=0,00 sys=0,00, real=0,00 secs] 
43,261: [GC (Allocation Failure) [PSYoungGen: 94272K->64K(113664K)] 96279K->2071K(288768K), 0,0009812 secs] [Times: user=0,00 sys=0,00, real=0,00 secs] 
43,312: [GC (Allocation Failure) [PSYoungGen: 113216K->96K(136704K)] 115223K->2103K(311808K), 0,0005097 secs] [Times: user=0,01 sys=0,00, real=0,00 secs] 
43,371: [GC (Allocation Failure) [PSYoungGen: 136288K->96K(164352K)] 138295K->2103K(339456K), 0,0004974 secs] [Times: user=0,01 sys=0,00, real=0,00 secs] 
43,443: [GC (Allocation Failure) [PSYoungGen: 163936K->96K(158720K)] 165943K->2103K(333824K), 0,0028590 secs] [Times: user=0,00 sys=0,00, real=0,00 secs] 
43,514: [GC (Allocation Failure) [PSYoungGen: 158304K->96K(153600K)] 160311K->2103K(328704K), 0,0005039 secs] [Times: user=0,00 sys=0,00, real=0,00 secs] 
43,580: [GC (Allocation Failure) [PSYoungGen: 153184K->64K(148480K)] 155191K->2071K(323584K), 0,0004781 secs] [Times: user=0,00 sys=0,00, real=0,00 secs] 
43,644: [GC (Allocation Failure) [PSYoungGen: 148032K->96K(143360K)] 150039K->2103K(318464K), 0,0004835 secs] [Times: user=0,00 sys=0,00, real=0,00 secs] 
43,706: [GC (Allocation Failure) [PSYoungGen: 142944K->96K(138752K)] 144951K->2103K(313856K), 0,0004685 secs] [Times: user=0,00 sys=0,00, real=0,00 secs] 
43,766: [GC (Allocation Failure) [PSYoungGen: 138336K->64K(134144K)] 140343K->2071K(309248K), 0,0004649 secs] [Times: user=0,00 sys=0,00, real=0,00 secs] 
43,823: [GC (Allocation Failure) [PSYoungGen: 133696K->64K(130048K)] 135703K->2071K(305152K), 0,0004825 secs] [Times: user=0,00 sys=0,00, real=0,00 secs] 
43,879: [GC (Allocation Failure) [PSYoungGen: 129600K->32K(125952K)] 131607K->2039K(301056K), 0,0004741 secs] [Times: user=0,00 sys=0,00, real=0,00 secs] 
43,934: [GC (Allocation Failure) [PSYoungGen: 125472K->96K(121856K)] 127479K->2103K(296960K), 0,0005083 secs] [Times: user=0,00 sys=0,00, real=0,00 secs] 
43,987: [GC (Allocation Failure) [PSYoungGen: 121440K->64K(118272K)] 123447K->2071K(293376K), 0,0005052 secs] [Times: user=0,00 sys=0,01, real=0,00 secs] 
44,038: [GC (Allocation Failure) [PSYoungGen: 117824K->96K(114688K)] 119831K->2103K(289792K), 0,0004621 secs] [Times: user=0,00 sys=0,00, real=0,00 secs] 
44,087: [GC (Allocation Failure) [PSYoungGen: 114272K->96K(111104K)] 116279K->2103K(286208K), 0,0004452 secs] [Times: user=0,00 sys=0,00, real=0,00 secs] 
44,135: [GC (Allocation Failure) [PSYoungGen: 110688K->96K(108032K)] 112695K->2103K(283136K), 0,0004569 secs] [Times: user=0,00 sys=0,00, real=0,00 secs] 
44,182: [GC (Allocation Failure) [PSYoungGen: 107616K->96K(104960K)] 109623K->2103K(280064K), 0,0004596 secs] [Times: user=0,00 sys=0,00, real=0,00 secs] 
44,227: [GC (Allocation Failure) [PSYoungGen: 104544K->128K(101888K)] 106551K->2135K(276992K), 0,0004629 secs] [Times: user=0,00 sys=0,00, real=0,00 secs] 
44,271: [GC (Allocation Failure) [PSYoungGen: 101504K->64K(98816K)] 103511K->2071K(273920K), 0,0004706 secs] [Times: user=0,00 sys=0,00, real=0,00 secs] 
44,314: [GC (Allocation Failure) [PSYoungGen: 98368K->96K(96256K)] 100375K->2103K(271360K), 0,0004687 secs] [Times: user=0,00 sys=0,00, real=0,00 secs] 
44,355: [GC (Allocation Failure) [PSYoungGen: 95840K->96K(93696K)] 97847K->2103K(268800K), 0,0004512 secs] [Times: user=0,00 sys=0,00, real=0,00 secs] 
44,396: [GC (Allocation Failure) [PSYoungGen: 93280K->96K(91136K)] 95287K->2103K(266240K), 0,0004447 secs] [Times: user=0,01 sys=0,00, real=0,00 secs] 
44,435: [GC (Allocation Failure) [PSYoungGen: 90720K->96K(88576K)] 92727K->2103K(263680K), 0,0004539 secs] [Times: user=0,00 sys=0,00, real=0,00 secs] 
44,474: [GC (Allocation Failure) [PSYoungGen: 88160K->64K(106496K)] 90167K->2071K(281600K), 0,0005138 secs] [Times: user=0,00 sys=0,00, real=0,00 secs] 
44,520: [GC (Allocation Failure) [PSYoungGen: 106048K->96K(128000K)] 108055K->2103K(303104K), 0,0004633 secs] [Times: user=0,00 sys=0,00, real=0,00 secs] 
44,575: [GC (Allocation Failure) [PSYoungGen: 127584K->96K(123904K)] 129591K->2103K(299008K), 0,0004678 secs] [Times: user=0,00 sys=0,00, real=0,00 secs] 
44,628: [GC (Allocation Failure) [PSYoungGen: 123488K->64K(120320K)] 125495K->2071K(295424K), 0,0004718 secs] [Times: user=0,00 sys=0,00, real=0,01 secs] 
44,680: [GC (Allocation Failure) [PSYoungGen: 119872K->96K(116736K)] 121879K->2103K(291840K), 0,0004633 secs] [Times: user=0,00 sys=0,00, real=0,00 secs] 
44,730: [GC (Allocation Failure) [PSYoungGen: 116320K->128K(113152K)] 118327K->2135K(288256K), 0,0004658 secs] [Times: user=0,00 sys=0,00, real=0,00 secs] 
44,779: [GC (Allocation Failure) [PSYoungGen: 112768K->96K(110080K)] 114775K->2103K(285184K), 0,0004691 secs] [Times: user=0,00 sys=0,00, real=0,00 secs] 
44,827: [GC (Allocation Failure) [PSYoungGen: 109664K->96K(107008K)] 111671K->2103K(282112K), 0,0004682 secs] [Times: user=0,00 sys=0,00, real=0,00 secs] 
44,873: [GC (Allocation Failure) [PSYoungGen: 106592K->96K(103936K)] 108599K->2103K(279040K), 0,0004600 secs] [Times: user=0,00 sys=0,00, real=0,00 secs] 
44,918: [GC (Allocation Failure) [PSYoungGen: 103520K->96K(100864K)] 105527K->2103K(275968K), 0,0004692 secs] [Times: user=0,00 sys=0,00, real=0,00 secs] 
44,962: [GC (Allocation Failure) [PSYoungGen: 100448K->96K(98304K)] 102455K->2103K(273408K), 0,0005302 secs] [Times: user=0,00 sys=0,00, real=0,00 secs] 
45,004: [GC (Allocation Failure) [PSYoungGen: 97888K->64K(95744K)] 99895K->2071K(270848K), 0,0004791 secs] [Times: user=0,00 sys=0,00, real=0,00 secs] 
45,046: [GC (Allocation Failure) [PSYoungGen: 95296K->96K(93184K)] 97303K->2103K(268288K), 0,0004677 secs] [Times: user=0,00 sys=0,00, real=0,00 secs] 
45,086: [GC (Allocation Failure) [PSYoungGen: 92768K->64K(112128K)] 94775K->2071K(287232K), 0,0004693 secs] [Times: user=0,00 sys=0,00, real=0,00 secs] 
45,134: [GC (Allocation Failure) [PSYoungGen: 111680K->64K(109056K)] 113687K->2071K(284160K), 0,0004413 secs] [Times: user=0,00 sys=0,00, real=0,00 secs] 
45,181: [GC (Allocation Failure) [PSYoungGen: 108608K->32K(105984K)] 110615K->2039K(281088K), 0,0004766 secs] [Times: user=0,00 sys=0,00, real=0,00 secs] 
45,227: [GC (Allocation Failure) [PSYoungGen: 105504K->96K(102912K)] 107511K->2103K(278016K), 0,0004552 secs] [Times: user=0,00 sys=0,00, real=0,00 secs] 
45,272: [GC (Allocation Failure) [PSYoungGen: 102496K->32K(99840K)] 104503K->2039K(274944K), 0,0004875 secs] [Times: user=0,00 sys=0,00, real=0,00 secs] 
45,315: [GC (Allocation Failure) [PSYoungGen: 99360K->96K(97280K)] 101367K->2103K(272384K), 0,0004943 secs] [Times: user=0,00 sys=0,00, real=0,00 secs] 
45,357: [GC (Allocation Failure) [PSYoungGen: 96864K->64K(94720K)] 98871K->2071K(269824K), 0,0004712 secs] [Times: user=0,01 sys=0,00, real=0,00 secs] 
45,398: [GC (Allocation Failure) [PSYoungGen: 94272K->96K(113664K)] 96279K->2103K(288768K), 0,0005195 secs] [Times: user=0,00 sys=0,00, real=0,01 secs] 
45,447: [GC (Allocation Failure) [PSYoungGen: 113248K->96K(110592K)] 115255K->2103K(285696K), 0,0005044 secs] [Times: user=0,00 sys=0,00, real=0,00 secs] 
45,495: [GC (Allocation Failure) [PSYoungGen: 110176K->32K(107520K)] 112183K->2039K(282624K), 0,0004739 secs] [Times: user=0,01 sys=0,00, real=0,00 secs] 
45,542: [GC (Allocation Failure) [PSYoungGen: 107040K->32K(104448K)] 109047K->2039K(279552K), 0,0004710 secs] [Times: user=0,00 sys=0,00, real=0,00 secs] 
45,587: [GC (Allocation Failure) [PSYoungGen: 103968K->64K(101376K)] 105975K->2071K(276480K), 0,0004577 secs] [Times: user=0,00 sys=0,00, real=0,00 secs] 
45,630: [GC (Allocation Failure) [PSYoungGen: 100928K->0K(98816K)] 102935K->2007K(273920K), 0,0004503 secs] [Times: user=0,00 sys=0,00, real=0,00 secs] 
45,673: [GC (Allocation Failure) [PSYoungGen: 98304K->96K(96256K)] 100311K->2103K(271360K), 0,0004720 secs] [Times: user=0,00 sys=0,00, real=0,00 secs] 
45,715: [GC (Allocation Failure) [PSYoungGen: 95840K->96K(93696K)] 97847K->2103K(268800K), 0,0004542 secs] [Times: user=0,00 sys=0,00, real=0,00 secs] 
45,755: [GC (Allocation Failure) [PSYoungGen: 93280K->64K(91136K)] 95287K->2071K(266240K), 0,0004464 secs] [Times: user=0,00 sys=0,00, real=0,00 secs] 
45,794: [GC (Allocation Failure) [PSYoungGen: 90688K->96K(109568K)] 92695K->2103K(284672K), 0,0004521 secs] [Times: user=0,00 sys=0,00, real=0,00 secs] 
45,842: [GC (Allocation Failure) [PSYoungGen: 109152K->64K(106496K)] 111159K->2071K(281600K), 0,0004671 secs] [Times: user=0,01 sys=0,00, real=0,00 secs] 
45,888: [GC (Allocation Failure) [PSYoungGen: 106048K->96K(103424K)] 108055K->2103K(278528K), 0,0004666 secs] [Times: user=0,00 sys=0,00, real=0,00 secs] 
45,932: [GC (Allocation Failure) [PSYoungGen: 103008K->64K(100352K)] 105015K->2071K(275456K), 0,0004694 secs] [Times: user=0,00 sys=0,00, real=0,00 secs] 
45,976: [GC (Allocation Failure) [PSYoungGen: 99904K->96K(97792K)] 101911K->2103K(272896K), 0,0005311 secs] [Times: user=0,00 sys=0,00, real=0,00 secs] 
46,018: [GC (Allocation Failure) [PSYoungGen: 97376K->64K(117248K)] 99383K->2071K(292352K), 0,0004961 secs] [Times: user=0,00 sys=0,00, real=0,00 secs] 
46,069: [GC (Allocation Failure) [PSYoungGen: 116800K->96K(113664K)] 118807K->2103K(288768K), 0,0004469 secs] [Times: user=0,00 sys=0,00, real=0,00 secs] 
46,118: [GC (Allocation Failure) [PSYoungGen: 113248K->64K(110592K)] 115255K->2071K(285696K), 0,0004668 secs] [Times: user=0,00 sys=0,00, real=0,01 secs] 
46,166: [GC (Allocation Failure) [PSYoungGen: 110144K->96K(107520K)] 112151K->2103K(282624K), 0,0004767 secs] [Times: user=0,00 sys=0,00, real=0,00 secs] 
46,212: [GC (Allocation Failure) [PSYoungGen: 107104K->64K(104448K)] 109111K->2071K(279552K), 0,0004623 secs] [Times: user=0,00 sys=0,00, real=0,00 secs] 
46,257: [GC (Allocation Failure) [PSYoungGen: 104000K->64K(101376K)] 106007K->2071K(276480K), 0,0004802 secs] [Times: user=0,00 sys=0,00, real=0,00 secs] 
46,301: [GC (Allocation Failure) [PSYoungGen: 100928K->96K(98816K)] 102935K->2103K(273920K), 0,0004659 secs] [Times: user=0,00 sys=0,00, real=0,00 secs] 
46,344: [GC (Allocation Failure) [PSYoungGen: 98400K->64K(96256K)] 100407K->2071K(271360K), 0,0004505 secs] [Times: user=0,00 sys=0,00, real=0,00 secs] 
46,385: [GC (Allocation Failure) [PSYoungGen: 95808K->96K(93696K)] 97815K->2103K(268800K), 0,0004702 secs] [Times: user=0,00 sys=0,00, real=0,00 secs] 
46,426: [GC (Allocation Failure) [PSYoungGen: 93280K->96K(112640K)] 95287K->2103K(287744K), 0,0005065 secs] [Times: user=0,01 sys=0,00, real=0,00 secs] 
46,475: [GC (Allocation Failure) [PSYoungGen: 112224K->96K(109568K)] 114231K->2103K(284672K), 0,0004545 secs] [Times: user=0,00 sys=0,00, real=0,00 secs] 
46,522: [GC (Allocation Failure) [PSYoungGen: 109152K->96K(106496K)] 111159K->2103K(281600K), 0,0004779 secs] [Times: user=0,00 sys=0,00, real=0,00 secs] 
46,568: [GC (Allocation Failure) [PSYoungGen: 106080K->96K(103424K)] 108087K->2103K(278528K), 0,0004599 secs] [Times: user=0,00 sys=0,00, real=0,00 secs] 
46,612: [GC (Allocation Failure) [PSYoungGen: 103008K->96K(100352K)] 105015K->2103K(275456K), 0,0004559 secs] [Times: user=0,00 sys=0,00, real=0,00 secs] 
46,656: [GC (Allocation Failure) [PSYoungGen: 99936K->96K(97792K)] 101943K->2103K(272896K), 0,0004659 secs] [Times: user=0,00 sys=0,00, real=0,00 secs] 
46,698: [GC (Allocation Failure) [PSYoungGen: 97376K->96K(95232K)] 99383K->2103K(270336K), 0,0004477 secs] [Times: user=0,00 sys=0,00, real=0,00 secs] 
46,739: [GC (Allocation Failure) [PSYoungGen: 94816K->64K(92672K)] 96823K->2071K(267776K), 0,0004654 secs] [Times: user=0,00 sys=0,00, real=0,00 secs] 
46,779: [GC (Allocation Failure) [PSYoungGen: 92224K->64K(111104K)] 94231K->2071K(286208K), 0,0004609 secs] [Times: user=0,00 sys=0,00, real=0,00 secs] 
46,827: [GC (Allocation Failure) [PSYoungGen: 110656K->96K(108032K)] 112663K->2103K(283136K), 0,0004518 secs] [Times: user=0,00 sys=0,00, real=0,00 secs] 
46,873: [GC (Allocation Failure) [PSYoungGen: 107616K->64K(104960K)] 109623K->2071K(280064K), 0,0004607 secs] [Times: user=0,00 sys=0,00, real=0,00 secs] 
46,919: [GC (Allocation Failure) [PSYoungGen: 104512K->96K(101888K)] 106519K->2103K(276992K), 0,0004514 secs] [Times: user=0,00 sys=0,00, real=0,00 secs] 
46,963: [GC (Allocation Failure) [PSYoungGen: 101472K->96K(98816K)] 103479K->2103K(273920K), 0,0005105 secs] [Times: user=0,00 sys=0,00, real=0,00 secs] 
47,006: [GC (Allocation Failure) [PSYoungGen: 98400K->64K(96256K)] 100407K->2071K(271360K), 0,0004855 secs] [Times: user=0,00 sys=0,00, real=0,00 secs] 
47,047: [GC (Allocation Failure) [PSYoungGen: 95808K->64K(93696K)] 97815K->2071K(268800K), 0,0004588 secs] [Times: user=0,00 sys=0,00, real=0,00 secs] 
47,088: [GC (Allocation Failure) [PSYoungGen: 93248K->96K(112640K)] 95255K->2103K(287744K), 0,0004532 secs] [Times: user=0,00 sys=0,00, real=0,00 secs] 
47,136: [GC (Allocation Failure) [PSYoungGen: 112224K->96K(109568K)] 114231K->2103K(284672K), 0,0004473 secs] [Times: user=0,00 sys=0,00, real=0,00 secs] 
47,184: [GC (Allocation Failure) [PSYoungGen: 109152K->96K(106496K)] 111159K->2103K(281600K), 0,0004836 secs] [Times: user=0,00 sys=0,00, real=0,00 secs] 
47,230: [GC (Allocation Failure) [PSYoungGen: 106080K->32K(103424K)] 108087K->2039K(278528K), 0,0004504 secs] [Times: user=0,00 sys=0,00, real=0,00 secs] 
47,274: [GC (Allocation Failure) [PSYoungGen: 102944K->32K(100352K)] 104951K->2039K(275456K), 0,0004727 secs] [Times: user=0,00 sys=0,00, real=0,00 secs] 
47,318: [GC (Allocation Failure) [PSYoungGen: 99872K->96K(97792K)] 101879K->2103K(272896K), 0,0004722 secs] [Times: user=0,01 sys=0,00, real=0,00 secs] 
47,360: [GC (Allocation Failure) [PSYoungGen: 97376K->64K(95232K)] 99383K->2071K(270336K), 0,0004633 secs] [Times: user=0,00 sys=0,00, real=0,00 secs] 
47,401: [GC (Allocation Failure) [PSYoungGen: 94784K->96K(92672K)] 96791K->2103K(267776K), 0,0004737 secs] [Times: user=0,00 sys=0,00, real=0,00 secs] 
47,441: [GC (Allocation Failure) [PSYoungGen: 92256K->96K(111104K)] 94263K->2103K(286208K), 0,0004688 secs] [Times: user=0,00 sys=0,00, real=0,00 secs] 
47,489: [GC (Allocation Failure) [PSYoungGen: 110688K->96K(133632K)] 112695K->2103K(308736K), 0,0006720 secs] [Times: user=0,00 sys=0,00, real=0,00 secs] 
47,547: [GC (Allocation Failure) [PSYoungGen: 133216K->64K(129536K)] 135223K->2071K(304640K), 0,0004839 secs] [Times: user=0,00 sys=0,00, real=0,00 secs] 
47,603: [GC (Allocation Failure) [PSYoungGen: 129088K->96K(125440K)] 131095K->2103K(300544K), 0,0004730 secs] [Times: user=0,00 sys=0,00, real=0,00 secs] 
47,657: [GC (Allocation Failure) [PSYoungGen: 125024K->64K(121344K)] 127031K->2071K(296448K), 0,0004731 secs] [Times: user=0,00 sys=0,00, real=0,00 secs] 
47,709: [GC (Allocation Failure) [PSYoungGen: 120896K->128K(117760K)] 122903K->2135K(292864K), 0,0004717 secs] [Times: user=0,00 sys=0,00, real=0,00 secs] 
47,760: [GC (Allocation Failure) [PSYoungGen: 117376K->64K(114176K)] 119383K->2071K(289280K), 0,0004601 secs] [Times: user=0,00 sys=0,00, real=0,00 secs] 
47,809: [GC (Allocation Failure) [PSYoungGen: 113728K->32K(110592K)] 115735K->2039K(285696K), 0,0005088 secs] [Times: user=0,00 sys=0,00, real=0,00 secs] 
47,857: [GC (Allocation Failure) [PSYoungGen: 110112K->96K(107520K)] 112119K->2103K(282624K), 0,0004455 secs] [Times: user=0,00 sys=0,00, real=0,00 secs] 
47,903: [GC (Allocation Failure) [PSYoungGen: 107104K->96K(104448K)] 109111K->2103K(279552K), 0,0004670 secs] [Times: user=0,00 sys=0,00, real=0,00 secs] 
47,949: [GC (Allocation Failure) [PSYoungGen: 104032K->96K(101376K)] 106039K->2103K(276480K), 0,0004996 secs] [Times: user=0,00 sys=0,00, real=0,00 secs] 
47,993: [GC (Allocation Failure) [PSYoungGen: 100960K->96K(98816K)] 102967K->2103K(273920K), 0,0004554 secs] [Times: user=0,00 sys=0,00, real=0,00 secs] 
48,035: [GC (Allocation Failure) [PSYoungGen: 98400K->64K(96256K)] 100407K->2071K(271360K), 0,0004501 secs] [Times: user=0,00 sys=0,00, real=0,00 secs] 
48,077: [GC (Allocation Failure) [PSYoungGen: 95808K->32K(93696K)] 97815K->2039K(268800K), 0,0004636 secs] [Times: user=0,00 sys=0,00, real=0,00 secs] 
48,117: [GC (Allocation Failure) [PSYoungGen: 93216K->96K(91136K)] 95223K->2103K(266240K), 0,0004495 secs] [Times: user=0,00 sys=0,00, real=0,00 secs] 
48,156: [GC (Allocation Failure) [PSYoungGen: 90720K->96K(109568K)] 92727K->2103K(284672K), 0,0004485 secs] [Times: user=0,00 sys=0,00, real=0,00 secs] 
48,204: [GC (Allocation Failure) [PSYoungGen: 109152K->96K(106496K)] 111159K->2103K(281600K), 0,0004664 secs] [Times: user=0,00 sys=0,00, real=0,00 secs] 
48,250: [GC (Allocation Failure) [PSYoungGen: 106080K->64K(103424K)] 108087K->2071K(278528K), 0,0004611 secs] [Times: user=0,00 sys=0,00, real=0,00 secs] 
48,294: [GC (Allocation Failure) [PSYoungGen: 102976K->96K(100352K)] 104983K->2103K(275456K), 0,0004410 secs] [Times: user=0,00 sys=0,00, real=0,00 secs] 
48,337: [GC (Allocation Failure) [PSYoungGen: 99936K->64K(97792K)] 101943K->2071K(272896K), 0,0004741 secs] [Times: user=0,01 sys=0,00, real=0,00 secs] 
48,380: [GC (Allocation Failure) [PSYoungGen: 97344K->96K(95232K)] 99351K->2103K(270336K), 0,0004498 secs] [Times: user=0,00 sys=0,00, real=0,00 secs] 
48,421: [GC (Allocation Failure) [PSYoungGen: 94816K->64K(92672K)] 96823K->2071K(267776K), 0,0004534 secs] [Times: user=0,00 sys=0,00, real=0,00 secs] 
48,461: [GC (Allocation Failure) [PSYoungGen: 92224K->96K(111104K)] 94231K->2103K(286208K), 0,0004920 secs] [Times: user=0,00 sys=0,00, real=0,00 secs] 
48,509: [GC (Allocation Failure) [PSYoungGen: 110688K->32K(108032K)] 112695K->2039K(283136K), 0,0004858 secs] [Times: user=0,00 sys=0,00, real=0,00 secs] 
48,556: [GC (Allocation Failure) [PSYoungGen: 107552K->96K(104960K)] 109559K->2103K(280064K), 0,0004482 secs] [Times: user=0,00 sys=0,00, real=0,00 secs] 
48,601: [GC (Allocation Failure) [PSYoungGen: 104544K->96K(101888K)] 106551K->2103K(276992K), 0,0004673 secs] [Times: user=0,00 sys=0,00, real=0,00 secs] 
48,645: [GC (Allocation Failure) [PSYoungGen: 101472K->64K(98816K)] 103479K->2071K(273920K), 0,0004494 secs] [Times: user=0,00 sys=0,00, real=0,00 secs] 
48,688: [GC (Allocation Failure) [PSYoungGen: 98368K->64K(96256K)] 100375K->2071K(271360K), 0,0004560 secs] [Times: user=0,00 sys=0,00, real=0,00 secs] 
48,729: [GC (Allocation Failure) [PSYoungGen: 95808K->96K(93696K)] 97815K->2103K(268800K), 0,0004437 secs] [Times: user=0,00 sys=0,00, real=0,00 secs] 
48,770: [GC (Allocation Failure) [PSYoungGen: 93280K->64K(112640K)] 95287K->2071K(287744K), 0,0004570 secs] [Times: user=0,00 sys=0,00, real=0,00 secs] 
48,818: [GC (Allocation Failure) [PSYoungGen: 112192K->64K(135168K)] 114199K->2071K(310272K), 0,0008306 secs] [Times: user=0,00 sys=0,00, real=0,01 secs] 
48,877: [GC (Allocation Failure) [PSYoungGen: 134720K->64K(162304K)] 136727K->2071K(337408K), 0,0004691 secs] [Times: user=0,00 sys=0,00, real=0,00 secs] 
48,946: [GC (Allocation Failure) [PSYoungGen: 161856K->96K(156672K)] 163863K->2103K(331776K), 0,0004670 secs] [Times: user=0,00 sys=0,00, real=0,00 secs] 
49,014: [GC (Allocation Failure) [PSYoungGen: 156255K->32K(151552K)] 158263K->2039K(326656K), 0,0004904 secs] [Times: user=0,00 sys=0,00, real=0,00 secs] 
49,080: [GC (Allocation Failure) [PSYoungGen: 151072K->64K(146432K)] 153079K->2071K(321536K), 0,0004689 secs] [Times: user=0,00 sys=0,00, real=0,00 secs] 
49,143: [GC (Allocation Failure) [PSYoungGen: 145984K->64K(141824K)] 147991K->2071K(316928K), 0,0004589 secs] [Times: user=0,00 sys=0,00, real=0,00 secs] 
49,203: [GC (Allocation Failure) [PSYoungGen: 141376K->64K(137216K)] 143383K->2071K(312320K), 0,0004804 secs] [Times: user=0,00 sys=0,00, real=0,00 secs] 
49,263: [GC (Allocation Failure) [PSYoungGen: 136768K->96K(132608K)] 138775K->2103K(307712K), 0,0004819 secs] [Times: user=0,00 sys=0,00, real=0,00 secs] 
49,320: [GC (Allocation Failure) [PSYoungGen: 132192K->96K(128512K)] 134199K->2103K(303616K), 0,0004961 secs] [Times: user=0,00 sys=0,00, real=0,00 secs] 
49,375: [GC (Allocation Failure) [PSYoungGen: 128096K->32K(124416K)] 130103K->2039K(299520K), 0,0004701 secs] [Times: user=0,00 sys=0,00, real=0,00 secs] 
49,429: [GC (Allocation Failure) [PSYoungGen: 123936K->96K(120832K)] 125943K->2103K(295936K), 0,0005050 secs] [Times: user=0,00 sys=0,00, real=0,00 secs] 
49,481: [GC (Allocation Failure) [PSYoungGen: 120416K->64K(117248K)] 122423K->2071K(292352K), 0,0004941 secs] [Times: user=0,00 sys=0,00, real=0,00 secs] 
49,532: [GC (Allocation Failure) [PSYoungGen: 116800K->96K(113664K)] 118807K->2103K(288768K), 0,0004581 secs] [Times: user=0,00 sys=0,00, real=0,00 secs] 
49,581: [GC (Allocation Failure) [PSYoungGen: 113248K->64K(110592K)] 115255K->2071K(285696K), 0,0004545 secs] [Times: user=0,00 sys=0,00, real=0,00 secs] 
49,628: [GC (Allocation Failure) [PSYoungGen: 110144K->32K(107520K)] 112151K->2039K(282624K), 0,0004317 secs] [Times: user=0,00 sys=0,00, real=0,00 secs] 
49,675: [GC (Allocation Failure) [PSYoungGen: 107040K->96K(104448K)] 109047K->2103K(279552K), 0,0004561 secs] [Times: user=0,00 sys=0,00, real=0,00 secs] 
49,720: [GC (Allocation Failure) [PSYoungGen: 104032K->64K(101376K)] 106039K->2071K(276480K), 0,0004650 secs] [Times: user=0,00 sys=0,00, real=0,00 secs] 
49,763: [GC (Allocation Failure) [PSYoungGen: 100928K->96K(98816K)] 102935K->2103K(273920K), 0,0004550 secs] [Times: user=0,00 sys=0,00, real=0,00 secs] 
49,806: [GC (Allocation Failure) [PSYoungGen: 98400K->96K(96256K)] 100407K->2103K(271360K), 0,0004394 secs] [Times: user=0,00 sys=0,00, real=0,00 secs] 
49,848: [GC (Allocation Failure) [PSYoungGen: 95840K->64K(93696K)] 97847K->2071K(268800K), 0,0004593 secs] [Times: user=0,00 sys=0,00, real=0,00 secs] 
49,888: [GC (Allocation Failure) [PSYoungGen: 93248K->96K(91136K)] 95255K->2103K(266240K), 0,0004445 secs] [Times: user=0,00 sys=0,00, real=0,01 secs] 
49,927: [GC (Allocation Failure) [PSYoungGen: 90720K->96K(88576K)] 92727K->2103K(263680K), 0,0004491 secs] [Times: user=0,00 sys=0,00, real=0,00 secs] 
49,967: [GC (Allocation Failure) [PSYoungGen: 88160K->96K(106496K)] 90167K->2103K(281600K), 0,0005633 secs] [Times: user=0,00 sys=0,00, real=0,00 secs] 
50,013: [GC (Allocation Failure) [PSYoungGen: 106080K->64K(128000K)] 108087K->2071K(303104K), 0,0004775 secs] [Times: user=0,00 sys=0,00, real=0,00 secs] 
50,068: [GC (Allocation Failure) [PSYoungGen: 127552K->64K(123904K)] 129559K->2071K(299008K), 0,0004568 secs] [Times: user=0,00 sys=0,00, real=0,00 secs] 
50,121: [GC (Allocation Failure) [PSYoungGen: 123456K->96K(120320K)] 125463K->2103K(295424K), 0,0004663 secs] [Times: user=0,01 sys=0,00, real=0,00 secs] 
50,173: [GC (Allocation Failure) [PSYoungGen: 119904K->32K(116736K)] 121911K->2039K(291840K), 0,0004694 secs] [Times: user=0,00 sys=0,00, real=0,00 secs] 
50,223: [GC (Allocation Failure) [PSYoungGen: 116256K->64K(113152K)] 118263K->2071K(288256K), 0,0004451 secs] [Times: user=0,00 sys=0,00, real=0,00 secs] 
50,276: [GC (Allocation Failure) [PSYoungGen: 112704K->96K(110080K)] 114711K->2103K(285184K), 0,0005132 secs] [Times: user=0,00 sys=0,00, real=0,00 secs] 
50,324: [GC (Allocation Failure) [PSYoungGen: 109664K->96K(107008K)] 111671K->2127K(282112K), 0,0005032 secs] [Times: user=0,00 sys=0,00, real=0,00 secs] 
50,370: [GC (Allocation Failure) [PSYoungGen: 106592K->64K(103936K)] 108623K->2095K(279040K), 0,0004879 secs] [Times: user=0,00 sys=0,00, real=0,00 secs] 
50,415: [GC (Allocation Failure) [PSYoungGen: 103488K->32K(100864K)] 105519K->2063K(275968K), 0,0005343 secs] [Times: user=0,00 sys=0,00, real=0,00 secs] 
50,459: [GC (Allocation Failure) [PSYoungGen: 100384K->96K(98304K)] 102415K->2127K(273408K), 0,0004700 secs] [Times: user=0,01 sys=0,00, real=0,00 secs] 
50,502: [GC (Allocation Failure) [PSYoungGen: 97888K->96K(95744K)] 99919K->2127K(270848K), 0,0004964 secs] [Times: user=0,00 sys=0,00, real=0,00 secs] 
50,543: [GC (Allocation Failure) [PSYoungGen: 95328K->96K(115200K)] 97359K->2127K(290304K), 0,0004771 secs] [Times: user=0,00 sys=0,00, real=0,00 secs] 
50,596: [GC (Allocation Failure) [PSYoungGen: 114784K->96K(111616K)] 116815K->2127K(286720K), 0,0004771 secs] [Times: user=0,00 sys=0,00, real=0,00 secs] 
50,644: [GC (Allocation Failure) [PSYoungGen: 111200K->96K(108544K)] 113231K->2127K(283648K), 0,0004754 secs] [Times: user=0,00 sys=0,00, real=0,00 secs] 
50,691: [GC (Allocation Failure) [PSYoungGen: 108128K->0K(105472K)] 110159K->2031K(280576K), 0,0005256 secs] [Times: user=0,00 sys=0,00, real=0,00 secs] 
50,737: [GC (Allocation Failure) [PSYoungGen: 104960K->32K(102400K)] 106991K->2063K(277504K), 0,0004516 secs] [Times: user=0,00 sys=0,00, real=0,00 secs] 
50,781: [GC (Allocation Failure) [PSYoungGen: 101920K->96K(99328K)] 103951K->2127K(274432K), 0,0004755 secs] [Times: user=0,00 sys=0,00, real=0,00 secs] 
50,824: [GC (Allocation Failure) [PSYoungGen: 98912K->64K(96768K)] 100943K->2095K(271872K), 0,0004706 secs] [Times: user=0,00 sys=0,00, real=0,00 secs] 
50,866: [GC (Allocation Failure) [PSYoungGen: 96320K->64K(94208K)] 98351K->2095K(269312K), 0,0004722 secs] [Times: user=0,00 sys=0,00, real=0,00 secs] 
50,907: [GC (Allocation Failure) [PSYoungGen: 93760K->64K(113152K)] 95791K->2095K(288256K), 0,0004720 secs] [Times: user=0,00 sys=0,00, real=0,00 secs] 
50,955: [GC (Allocation Failure) [PSYoungGen: 112704K->96K(110080K)] 114735K->2127K(285184K), 0,0005018 secs] [Times: user=0,00 sys=0,00, real=0,00 secs] 
51,004: [GC (Allocation Failure) [PSYoungGen: 109664K->96K(107008K)] 111695K->2127K(282112K), 0,0004957 secs] [Times: user=0,01 sys=0,00, real=0,00 secs] 
51,050: [GC (Allocation Failure) [PSYoungGen: 106592K->96K(103936K)] 108623K->2127K(279040K), 0,0004856 secs] [Times: user=0,00 sys=0,00, real=0,00 secs] 
51,095: [GC (Allocation Failure) [PSYoungGen: 103520K->64K(100864K)] 105551K->2095K(275968K), 0,0004850 secs] [Times: user=0,00 sys=0,00, real=0,00 secs] 
51,139: [GC (Allocation Failure) [PSYoungGen: 100416K->64K(98304K)] 102447K->2095K(273408K), 0,0004689 secs] [Times: user=0,00 sys=0,00, real=0,00 secs] 
51,181: [GC (Allocation Failure) [PSYoungGen: 97856K->64K(95744K)] 99887K->2095K(270848K), 0,0004725 secs] [Times: user=0,01 sys=0,00, real=0,00 secs] 
51,223: [GC (Allocation Failure) [PSYoungGen: 95296K->96K(115200K)] 97327K->2127K(290304K), 0,0004651 secs] [Times: user=0,00 sys=0,00, real=0,00 secs] 
51,273: [GC (Allocation Failure) [PSYoungGen: 114784K->96K(111616K)] 116815K->2127K(286720K), 0,0004850 secs] [Times: user=0,00 sys=0,00, real=0,00 secs] 
51,321: [GC (Allocation Failure) [PSYoungGen: 111200K->96K(108544K)] 113231K->2127K(283648K), 0,0004562 secs] [Times: user=0,01 sys=0,00, real=0,00 secs] 
51,367: [GC (Allocation Failure) [PSYoungGen: 108128K->64K(105472K)] 110159K->2095K(280576K), 0,0004777 secs] [Times: user=0,00 sys=0,00, real=0,00 secs] 
51,413: [GC (Allocation Failure) [PSYoungGen: 105024K->96K(102400K)] 107055K->2127K(277504K), 0,0004665 secs] [Times: user=0,00 sys=0,00, real=0,00 secs] 
51,457: [GC (Allocation Failure) [PSYoungGen: 101984K->64K(99328K)] 104015K->2095K(274432K), 0,0004652 secs] [Times: user=0,00 sys=0,00, real=0,00 secs] 
51,500: [GC (Allocation Failure) [PSYoungGen: 98880K->96K(96768K)] 100911K->2127K(271872K), 0,0005050 secs] [Times: user=0,00 sys=0,00, real=0,00 secs] 
51,542: [GC (Allocation Failure) [PSYoungGen: 96352K->96K(94208K)] 98383K->2127K(269312K), 0,0004912 secs] [Times: user=0,00 sys=0,00, real=0,00 secs] 
51,583: [GC (Allocation Failure) [PSYoungGen: 93792K->96K(113152K)] 95823K->2127K(288256K), 0,0004644 secs] [Times: user=0,00 sys=0,00, real=0,00 secs] 
51,632: [GC (Allocation Failure) [PSYoungGen: 112736K->96K(110080K)] 114767K->2127K(285184K), 0,0004792 secs] [Times: user=0,00 sys=0,00, real=0,00 secs] 
51,679: [GC (Allocation Failure) [PSYoungGen: 109664K->64K(107008K)] 111695K->2095K(282112K), 0,0004695 secs] [Times: user=0,00 sys=0,00, real=0,00 secs] 
51,726: [GC (Allocation Failure) [PSYoungGen: 106560K->64K(103936K)] 108591K->2095K(279040K), 0,0004700 secs] [Times: user=0,00 sys=0,00, real=0,00 secs] 
51,770: [GC (Allocation Failure) [PSYoungGen: 103488K->64K(100864K)] 105519K->2095K(275968K), 0,0004734 secs] [Times: user=0,00 sys=0,00, real=0,00 secs] 
51,814: [GC (Allocation Failure) [PSYoungGen: 100416K->96K(98304K)] 102447K->2127K(273408K), 0,0004703 secs] [Times: user=0,00 sys=0,00, real=0,00 secs] 
51,856: [GC (Allocation Failure) [PSYoungGen: 97888K->64K(95744K)] 99919K->2095K(270848K), 0,0004637 secs] [Times: user=0,00 sys=0,00, real=0,00 secs] 
51,898: [GC (Allocation Failure) [PSYoungGen: 95296K->64K(93184K)] 97327K->2095K(268288K), 0,0004652 secs] [Times: user=0,00 sys=0,00, real=0,01 secs] 
51,938: [GC (Allocation Failure) [PSYoungGen: 92736K->64K(112128K)] 94767K->2095K(287232K), 0,0004733 secs] [Times: user=0,00 sys=0,00, real=0,01 secs] 
51,987: [GC (Allocation Failure) [PSYoungGen: 111680K->96K(109056K)] 113711K->2127K(284160K), 0,0005052 secs] [Times: user=0,00 sys=0,00, real=0,00 secs] 
52,034: [GC (Allocation Failure) [PSYoungGen: 108640K->64K(105984K)] 110671K->2095K(281088K), 0,0004773 secs] [Times: user=0,00 sys=0,00, real=0,00 secs] 
52,080: [GC (Allocation Failure) [PSYoungGen: 105536K->64K(102912K)] 107567K->2095K(278016K), 0,0004912 secs] [Times: user=0,00 sys=0,00, real=0,00 secs] 
52,124: [GC (Allocation Failure) [PSYoungGen: 102464K->32K(99840K)] 104495K->2063K(274944K), 0,0004805 secs] [Times: user=0,00 sys=0,00, real=0,00 secs] 
52,167: [GC (Allocation Failure) [PSYoungGen: 99360K->64K(97280K)] 101391K->2095K(272384K), 0,0004730 secs] [Times: user=0,00 sys=0,00, real=0,00 secs] 
52,209: [GC (Allocation Failure) [PSYoungGen: 96832K->64K(94720K)] 98863K->2095K(269824K), 0,0004713 secs] [Times: user=0,00 sys=0,00, real=0,00 secs] 
52,250: [GC (Allocation Failure) [PSYoungGen: 94272K->96K(113664K)] 96303K->2127K(288768K), 0,0004766 secs] [Times: user=0,01 sys=0,00, real=0,00 secs] 
52,299: [GC (Allocation Failure) [PSYoungGen: 113248K->96K(110592K)] 115279K->2127K(285696K), 0,0004893 secs] [Times: user=0,00 sys=0,00, real=0,00 secs] 
52,347: [GC (Allocation Failure) [PSYoungGen: 110176K->64K(107520K)] 112207K->2095K(282624K), 0,0004785 secs] [Times: user=0,00 sys=0,00, real=0,00 secs] 
52,394: [GC (Allocation Failure) [PSYoungGen: 107072K->96K(104448K)] 109103K->2127K(279552K), 0,0004779 secs] [Times: user=0,00 sys=0,00, real=0,00 secs] 
52,439: [GC (Allocation Failure) [PSYoungGen: 104032K->64K(101376K)] 106063K->2095K(276480K), 0,0004688 secs] [Times: user=0,01 sys=0,00, real=0,00 secs] 
52,482: [GC (Allocation Failure) [PSYoungGen: 100928K->96K(98816K)] 102959K->2127K(273920K), 0,0004839 secs] [Times: user=0,00 sys=0,00, real=0,00 secs] 
52,526: [GC (Allocation Failure) [PSYoungGen: 98400K->96K(118784K)] 100431K->2127K(293888K), 0,0005167 secs] [Times: user=0,00 sys=0,00, real=0,00 secs] 
52,577: [GC (Allocation Failure) [PSYoungGen: 118368K->96K(115200K)] 120399K->2127K(290304K), 0,0005010 secs] [Times: user=0,00 sys=0,00, real=0,00 secs] 
52,627: [GC (Allocation Failure) [PSYoungGen: 114784K->64K(111616K)] 116815K->2095K(286720K), 0,0004746 secs] [Times: user=0,01 sys=0,00, real=0,00 secs] 
52,675: [GC (Allocation Failure) [PSYoungGen: 111168K->96K(108544K)] 113199K->2127K(283648K), 0,0004614 secs] [Times: user=0,00 sys=0,00, real=0,00 secs] 
52,722: [GC (Allocation Failure) [PSYoungGen: 108128K->96K(105472K)] 110159K->2127K(280576K), 0,0004792 secs] [Times: user=0,00 sys=0,00, real=0,00 secs] 
52,775: [GC (Allocation Failure) [PSYoungGen: 105056K->96K(102400K)] 107087K->2127K(277504K), 0,0005200 secs] [Times: user=0,00 sys=0,00, real=0,00 secs] 
52,830: [GC (Allocation Failure) [PSYoungGen: 101984K->96K(99328K)] 104015K->2127K(274432K), 0,0005280 secs] [Times: user=0,00 sys=0,00, real=0,00 secs] 
52,883: [GC (Allocation Failure) [PSYoungGen: 98912K->96K(96768K)] 100943K->2127K(271872K), 0,0005388 secs] [Times: user=0,00 sys=0,00, real=0,00 secs] 
52,934: [GC (Allocation Failure) [PSYoungGen: 96352K->96K(94208K)] 98383K->2127K(269312K), 0,0005371 secs] [Times: user=0,00 sys=0,00, real=0,00 secs] 
52,986: [GC (Allocation Failure) [PSYoungGen: 93792K->32K(91648K)] 95823K->2063K(266752K), 0,0005269 secs] [Times: user=0,00 sys=0,00, real=0,00 secs] 
53,038: [GC (Allocation Failure) [PSYoungGen: 91168K->96K(89088K)] 93199K->2127K(264192K), 0,0004945 secs] [Times: user=0,00 sys=0,00, real=0,00 secs] 
53,090: [GC (Allocation Failure) [PSYoungGen: 88672K->96K(87040K)] 90703K->2127K(262144K), 0,0005300 secs] [Times: user=0,00 sys=0,00, real=0,00 secs] 
53,129: [GC (Allocation Failure) [PSYoungGen: 86624K->32K(84992K)] 88655K->2063K(260096K), 0,0005043 secs] [Times: user=0,00 sys=0,00, real=0,00 secs] 
53,166: [GC (Allocation Failure) [PSYoungGen: 84512K->96K(101888K)] 86543K->2127K(276992K), 0,0004714 secs] [Times: user=0,00 sys=0,00, real=0,00 secs] 
53,210: [GC (Allocation Failure) [PSYoungGen: 101472K->64K(122368K)] 103503K->2095K(297472K), 0,0004814 secs] [Times: user=0,00 sys=0,00, real=0,00 secs] 
53,263: [GC (Allocation Failure) [PSYoungGen: 121920K->96K(118784K)] 123951K->2127K(293888K), 0,0005079 secs] [Times: user=0,01 sys=0,00, real=0,00 secs] 
53,316: [GC (Allocation Failure) [PSYoungGen: 118368K->32K(142848K)] 120399K->2063K(317952K), 0,0006854 secs] [Times: user=0,00 sys=0,00, real=0,00 secs] 
53,378: [GC (Allocation Failure) [PSYoungGen: 142368K->64K(138240K)] 144399K->2095K(313344K), 0,0005093 secs] [Times: user=0,00 sys=0,00, real=0,01 secs] 
53,438: [GC (Allocation Failure) [PSYoungGen: 137792K->96K(133632K)] 139823K->2127K(308736K), 0,0004720 secs] [Times: user=0,00 sys=0,00, real=0,00 secs] 
53,495: [GC (Allocation Failure) [PSYoungGen: 133216K->96K(129536K)] 135247K->2127K(304640K), 0,0005065 secs] [Times: user=0,00 sys=0,00, real=0,00 secs] 
53,551: [GC (Allocation Failure) [PSYoungGen: 129120K->64K(125440K)] 131151K->2095K(300544K), 0,0004906 secs] [Times: user=0,01 sys=0,00, real=0,00 secs] 
53,605: [GC (Allocation Failure) [PSYoungGen: 124992K->96K(121344K)] 127023K->2127K(296448K), 0,0004532 secs] [Times: user=0,00 sys=0,00, real=0,00 secs] 
53,658: [GC (Allocation Failure) [PSYoungGen: 120928K->96K(117760K)] 122959K->2127K(292864K), 0,0004711 secs] [Times: user=0,00 sys=0,00, real=0,01 secs] 
53,708: [GC (Allocation Failure) [PSYoungGen: 117344K->96K(114176K)] 119375K->2127K(289280K), 0,0004512 secs] [Times: user=0,00 sys=0,00, real=0,00 secs] 
53,758: [GC (Allocation Failure) [PSYoungGen: 113760K->64K(110592K)] 115791K->2095K(285696K), 0,0004789 secs] [Times: user=0,00 sys=0,00, real=0,01 secs] 
53,805: [GC (Allocation Failure) [PSYoungGen: 110144K->64K(107520K)] 112175K->2095K(282624K), 0,0004712 secs] [Times: user=0,00 sys=0,00, real=0,00 secs] 
53,852: [GC (Allocation Failure) [PSYoungGen: 107072K->96K(104448K)] 109103K->2127K(279552K), 0,0004535 secs] [Times: user=0,00 sys=0,00, real=0,00 secs] 
53,897: [GC (Allocation Failure) [PSYoungGen: 104032K->96K(101376K)] 106063K->2127K(276480K), 0,0004448 secs] [Times: user=0,00 sys=0,00, real=0,00 secs] 
53,941: [GC (Allocation Failure) [PSYoungGen: 100960K->64K(98816K)] 102991K->2095K(273920K), 0,0004924 secs] [Times: user=0,00 sys=0,00, real=0,00 secs] 
53,984: [GC (Allocation Failure) [PSYoungGen: 98368K->96K(96256K)] 100399K->2127K(271360K), 0,0004874 secs] [Times: user=0,00 sys=0,00, real=0,00 secs] 
54,026: [GC (Allocation Failure) [PSYoungGen: 95840K->64K(93696K)] 97871K->2095K(268800K), 0,0004609 secs] [Times: user=0,00 sys=0,00, real=0,00 secs] 
54,066: [GC (Allocation Failure) [PSYoungGen: 93248K->96K(91136K)] 95279K->2127K(266240K), 0,0004551 secs] [Times: user=0,01 sys=0,00, real=0,00 secs] 
54,106: [GC (Allocation Failure) [PSYoungGen: 90720K->64K(109568K)] 92751K->2095K(284672K), 0,0004532 secs] [Times: user=0,01 sys=0,00, real=0,00 secs] 
54,153: [GC (Allocation Failure) [PSYoungGen: 109120K->64K(106496K)] 111151K->2095K(281600K), 0,0004449 secs] [Times: user=0,00 sys=0,00, real=0,00 secs] 
54,199: [GC (Allocation Failure) [PSYoungGen: 106048K->96K(103424K)] 108079K->2127K(278528K), 0,0004545 secs] [Times: user=0,00 sys=0,00, real=0,00 secs] 
54,243: [GC (Allocation Failure) [PSYoungGen: 103008K->64K(100352K)] 105039K->2095K(275456K), 0,0004699 secs] [Times: user=0,00 sys=0,00, real=0,00 secs] 
54,287: [GC (Allocation Failure) [PSYoungGen: 99904K->96K(97792K)] 101935K->2127K(272896K), 0,0004626 secs] [Times: user=0,00 sys=0,00, real=0,00 secs] 
54,329: [GC (Allocation Failure) [PSYoungGen: 97376K->64K(95232K)] 99407K->2095K(270336K), 0,0004627 secs] [Times: user=0,00 sys=0,00, real=0,00 secs] 
54,370: [GC (Allocation Failure) [PSYoungGen: 94784K->64K(92672K)] 96815K->2095K(267776K), 0,0004543 secs] [Times: user=0,00 sys=0,00, real=0,00 secs] 
54,410: [GC (Allocation Failure) [PSYoungGen: 92224K->96K(111104K)] 94255K->2127K(286208K), 0,0004979 secs] [Times: user=0,00 sys=0,00, real=0,00 secs] 
54,459: [GC (Allocation Failure) [PSYoungGen: 110688K->64K(133632K)] 112719K->2095K(308736K), 0,0004881 secs] [Times: user=0,00 sys=0,00, real=0,00 secs] 
54,516: [GC (Allocation Failure) [PSYoungGen: 133184K->64K(129536K)] 135215K->2095K(304640K), 0,0004733 secs] [Times: user=0,00 sys=0,00, real=0,00 secs] 
54,572: [GC (Allocation Failure) [PSYoungGen: 129088K->64K(125440K)] 131119K->2095K(300544K), 0,0004704 secs] [Times: user=0,00 sys=0,00, real=0,00 secs] 
54,626: [GC (Allocation Failure) [PSYoungGen: 124992K->64K(121344K)] 127023K->2095K(296448K), 0,0004586 secs] [Times: user=0,00 sys=0,00, real=0,00 secs] 
54,678: [GC (Allocation Failure) [PSYoungGen: 120896K->32K(117760K)] 122927K->2063K(292864K), 0,0004479 secs] [Times: user=0,00 sys=0,00, real=0,00 secs] 
54,729: [GC (Allocation Failure) [PSYoungGen: 117280K->96K(114176K)] 119311K->2127K(289280K), 0,0004556 secs] [Times: user=0,00 sys=0,00, real=0,00 secs] 
54,778: [GC (Allocation Failure) [PSYoungGen: 113760K->64K(110592K)] 115791K->2095K(285696K), 0,0004566 secs] [Times: user=0,00 sys=0,00, real=0,00 secs] 
54,826: [GC (Allocation Failure) [PSYoungGen: 110144K->32K(107520K)] 112175K->2063K(282624K), 0,0004725 secs] [Times: user=0,00 sys=0,00, real=0,00 secs] 
54,872: [GC (Allocation Failure) [PSYoungGen: 107040K->96K(104448K)] 109071K->2127K(279552K), 0,0004520 secs] [Times: user=0,00 sys=0,00, real=0,00 secs] 
54,917: [GC (Allocation Failure) [PSYoungGen: 104032K->96K(101376K)] 106063K->2127K(276480K), 0,0004587 secs] [Times: user=0,00 sys=0,00, real=0,00 secs] 
54,962: [GC (Allocation Failure) [PSYoungGen: 100960K->96K(98816K)] 102991K->2127K(273920K), 0,0004961 secs] [Times: user=0,00 sys=0,00, real=0,00 secs] 
55,004: [GC (Allocation Failure) [PSYoungGen: 98400K->96K(96256K)] 100431K->2127K(271360K), 0,0004849 secs] [Times: user=0,00 sys=0,00, real=0,00 secs] 
55,050: [GC (Allocation Failure) [PSYoungGen: 95840K->96K(93696K)] 97871K->2127K(268800K), 0,0004539 secs] [Times: user=0,00 sys=0,00, real=0,00 secs] 
55,091: [GC (Allocation Failure) [PSYoungGen: 93280K->32K(91136K)] 95311K->2063K(266240K), 0,0004459 secs] [Times: user=0,00 sys=0,00, real=0,00 secs] 
55,130: [GC (Allocation Failure) [PSYoungGen: 90656K->64K(88576K)] 92687K->2095K(263680K), 0,0004642 secs] [Times: user=0,00 sys=0,00, real=0,00 secs] 
55,168: [GC (Allocation Failure) [PSYoungGen: 88128K->96K(106496K)] 90159K->2127K(281600K), 0,0004532 secs] [Times: user=0,00 sys=0,00, real=0,00 secs] 
55,214: [GC (Allocation Failure) [PSYoungGen: 106080K->64K(128000K)] 108111K->2095K(303104K), 0,0004509 secs] [Times: user=0,00 sys=0,00, real=0,00 secs] 
55,270: [GC (Allocation Failure) [PSYoungGen: 127552K->64K(123904K)] 129583K->2095K(299008K), 0,0004812 secs] [Times: user=0,00 sys=0,00, real=0,00 secs] 
55,323: [GC (Allocation Failure) [PSYoungGen: 123456K->96K(120320K)] 125487K->2127K(295424K), 0,0004699 secs] [Times: user=0,00 sys=0,00, real=0,00 secs] 
55,375: [GC (Allocation Failure) [PSYoungGen: 119904K->64K(116736K)] 121935K->2095K(291840K), 0,0004656 secs] [Times: user=0,00 sys=0,00, real=0,00 secs] 
55,426: [GC (Allocation Failure) [PSYoungGen: 116288K->96K(113152K)] 118319K->2127K(288256K), 0,0005192 secs] [Times: user=0,00 sys=0,00, real=0,00 secs] 
55,475: [GC (Allocation Failure) [PSYoungGen: 112736K->64K(110080K)] 114767K->2095K(285184K), 0,0004820 secs] [Times: user=0,00 sys=0,00, real=0,00 secs] 
55,522: [GC (Allocation Failure) [PSYoungGen: 109632K->96K(107008K)] 111663K->2127K(282112K), 0,0004605 secs] [Times: user=0,01 sys=0,00, real=0,00 secs] 
55,568: [GC (Allocation Failure) [PSYoungGen: 106592K->96K(103936K)] 108623K->2127K(279040K), 0,0004712 secs] [Times: user=0,00 sys=0,00, real=0,00 secs] 
55,613: [GC (Allocation Failure) [PSYoungGen: 103520K->96K(100864K)] 105551K->2127K(275968K), 0,0004508 secs] [Times: user=0,00 sys=0,00, real=0,00 secs] 
55,656: [GC (Allocation Failure) [PSYoungGen: 100448K->96K(98304K)] 102479K->2127K(273408K), 0,0004536 secs] [Times: user=0,00 sys=0,00, real=0,00 secs] 
55,699: [GC (Allocation Failure) [PSYoungGen: 97888K->96K(95744K)] 99919K->2127K(270848K), 0,0004451 secs] [Times: user=0,00 sys=0,00, real=0,00 secs] 
55,740: [GC (Allocation Failure) [PSYoungGen: 95328K->96K(93184K)] 97359K->2127K(268288K), 0,0004554 secs] [Times: user=0,01 sys=0,00, real=0,00 secs] 
55,780: [GC (Allocation Failure) [PSYoungGen: 92768K->96K(90624K)] 94799K->2127K(265728K), 0,0004415 secs] [Times: user=0,00 sys=0,00, real=0,00 secs] 
55,819: [GC (Allocation Failure) [PSYoungGen: 90208K->64K(109056K)] 92239K->2095K(284160K), 0,0004598 secs] [Times: user=0,01 sys=0,00, real=0,00 secs] 
55,866: [GC (Allocation Failure) [PSYoungGen: 108608K->96K(105984K)] 110639K->2127K(281088K), 0,0004490 secs] [Times: user=0,00 sys=0,00, real=0,00 secs] 
55,912: [GC (Allocation Failure) [PSYoungGen: 105568K->96K(102912K)] 107599K->2127K(278016K), 0,0005074 secs] [Times: user=0,00 sys=0,00, real=0,00 secs] 
55,957: [GC (Allocation Failure) [PSYoungGen: 102496K->96K(99840K)] 104527K->2127K(274944K), 0,0005053 secs] [Times: user=0,00 sys=0,00, real=0,00 secs] 
56,000: [GC (Allocation Failure) [PSYoungGen: 99424K->96K(119808K)] 101455K->2127K(294912K), 0,0004915 secs] [Times: user=0,00 sys=0,00, real=0,00 secs] 
56,052: [GC (Allocation Failure) [PSYoungGen: 119392K->64K(116224K)] 121423K->2095K(291328K), 0,0004653 secs] [Times: user=0,00 sys=0,00, real=0,00 secs] 
56,102: [GC (Allocation Failure) [PSYoungGen: 115776K->96K(112640K)] 117807K->2127K(287744K), 0,0004630 secs] [Times: user=0,00 sys=0,00, real=0,00 secs] 
56,150: [GC (Allocation Failure) [PSYoungGen: 112224K->64K(135168K)] 114255K->2095K(310272K), 0,0009145 secs] [Times: user=0,00 sys=0,00, real=0,00 secs] 
56,209: [GC (Allocation Failure) [PSYoungGen: 134720K->96K(162304K)] 136751K->2127K(337408K), 0,0004765 secs] [Times: user=0,00 sys=0,00, real=0,00 secs] 
56,279: [GC (Allocation Failure) [PSYoungGen: 161888K->96K(156672K)] 163919K->2127K(331776K), 0,0004916 secs] [Times: user=0,00 sys=0,00, real=0,00 secs] 
56,346: [GC (Allocation Failure) [PSYoungGen: 156256K->96K(151552K)] 158287K->2127K(326656K), 0,0004854 secs] [Times: user=0,00 sys=0,00, real=0,00 secs] 
56,411: [GC (Allocation Failure) [PSYoungGen: 151136K->64K(146432K)] 153167K->2095K(321536K), 0,0004691 secs] [Times: user=0,00 sys=0,00, real=0,00 secs] 
56,475: [GC (Allocation Failure) [PSYoungGen: 145984K->96K(141824K)] 148015K->2127K(316928K), 0,0004973 secs] [Times: user=0,00 sys=0,00, real=0,00 secs] 
56,536: [GC (Allocation Failure) [PSYoungGen: 141408K->96K(137216K)] 143439K->2127K(312320K), 0,0004802 secs] [Times: user=0,00 sys=0,00, real=0,00 secs] 
56,595: [GC (Allocation Failure) [PSYoungGen: 136800K->64K(132608K)] 138831K->2095K(307712K), 0,0004688 secs] [Times: user=0,00 sys=0,00, real=0,00 secs] 
56,652: [GC (Allocation Failure) [PSYoungGen: 132160K->64K(128512K)] 134191K->2095K(303616K), 0,0004659 secs] [Times: user=0,00 sys=0,00, real=0,00 secs] 
56,707: [GC (Allocation Failure) [PSYoungGen: 128064K->96K(124416K)] 130095K->2127K(299520K), 0,0004468 secs] [Times: user=0,00 sys=0,00, real=0,00 secs] 
56,761: [GC (Allocation Failure) [PSYoungGen: 124000K->96K(120832K)] 126031K->2127K(295936K), 0,0004703 secs] [Times: user=0,00 sys=0,00, real=0,00 secs] 
56,813: [GC (Allocation Failure) [PSYoungGen: 120416K->64K(117248K)] 122447K->2095K(292352K), 0,0004514 secs] [Times: user=0,00 sys=0,00, real=0,00 secs] 
56,864: [GC (Allocation Failure) [PSYoungGen: 116800K->96K(113664K)] 118831K->2127K(288768K), 0,0004598 secs] [Times: user=0,00 sys=0,00, real=0,00 secs] 
56,912: [GC (Allocation Failure) [PSYoungGen: 113248K->64K(110592K)] 115279K->2095K(285696K), 0,0004449 secs] [Times: user=0,00 sys=0,00, real=0,00 secs] 
56,961: [GC (Allocation Failure) [PSYoungGen: 110144K->96K(107520K)] 112175K->2127K(282624K), 0,0005085 secs] [Times: user=0,00 sys=0,00, real=0,00 secs] 
57,007: [GC (Allocation Failure) [PSYoungGen: 107104K->96K(104448K)] 109135K->2127K(279552K), 0,0004938 secs] [Times: user=0,00 sys=0,00, real=0,00 secs] 
57,052: [GC (Allocation Failure) [PSYoungGen: 104032K->96K(101376K)] 106063K->2127K(276480K), 0,0004744 secs] [Times: user=0,00 sys=0,00, real=0,00 secs] 
57,096: [GC (Allocation Failure) [PSYoungGen: 100960K->64K(98816K)] 102991K->2095K(273920K), 0,0004757 secs] [Times: user=0,00 sys=0,00, real=0,00 secs] 
57,139: [GC (Allocation Failure) [PSYoungGen: 98368K->96K(96256K)] 100399K->2127K(271360K), 0,0004603 secs] [Times: user=0,00 sys=0,00, real=0,00 secs] 
57,180: [GC (Allocation Failure) [PSYoungGen: 95840K->64K(93696K)] 97871K->2095K(268800K), 0,0004553 secs] [Times: user=0,00 sys=0,00, real=0,00 secs] 
57,220: [GC (Allocation Failure) [PSYoungGen: 93248K->96K(91136K)] 95279K->2127K(266240K), 0,0004426 secs] [Times: user=0,00 sys=0,00, real=0,00 secs] 
57,260: [GC (Allocation Failure) [PSYoungGen: 90720K->96K(109568K)] 92751K->2127K(284672K), 0,0004749 secs] [Times: user=0,00 sys=0,00, real=0,00 secs] 
57,307: [GC (Allocation Failure) [PSYoungGen: 109152K->96K(106496K)] 111183K->2127K(281600K), 0,0004627 secs] [Times: user=0,00 sys=0,00, real=0,00 secs] 
57,353: [GC (Allocation Failure) [PSYoungGen: 106080K->64K(128000K)] 108111K->2095K(303104K), 0,0005153 secs] [Times: user=0,00 sys=0,00, real=0,00 secs] 
57,409: [GC (Allocation Failure) [PSYoungGen: 127552K->64K(123904K)] 129583K->2095K(299008K), 0,0005064 secs] [Times: user=0,00 sys=0,00, real=0,00 secs] 
57,462: [GC (Allocation Failure) [PSYoungGen: 123456K->96K(120320K)] 125487K->2127K(295424K), 0,0004919 secs] [Times: user=0,00 sys=0,00, real=0,00 secs] 
57,514: [GC (Allocation Failure) [PSYoungGen: 119904K->64K(116736K)] 121935K->2095K(291840K), 0,0004658 secs] [Times: user=0,00 sys=0,00, real=0,00 secs] 
57,564: [GC (Allocation Failure) [PSYoungGen: 116288K->64K(113152K)] 118319K->2095K(288256K), 0,0004638 secs] [Times: user=0,00 sys=0,00, real=0,00 secs] 
57,613: [GC (Allocation Failure) [PSYoungGen: 112704K->96K(110080K)] 114735K->2127K(285184K), 0,0004488 secs] [Times: user=0,00 sys=0,00, real=0,00 secs] 
57,660: [GC (Allocation Failure) [PSYoungGen: 109664K->64K(107008K)] 111695K->2095K(282112K), 0,0004519 secs] [Times: user=0,00 sys=0,00, real=0,00 secs] 
57,707: [GC (Allocation Failure) [PSYoungGen: 106560K->128K(103936K)] 108591K->2159K(279040K), 0,0004578 secs] [Times: user=0,00 sys=0,00, real=0,00 secs] 
57,751: [GC (Allocation Failure) [PSYoungGen: 103552K->64K(100864K)] 105583K->2095K(275968K), 0,0004621 secs] [Times: user=0,01 sys=0,00, real=0,00 secs] 
57,795: [GC (Allocation Failure) [PSYoungGen: 100416K->64K(98304K)] 102447K->2095K(273408K), 0,0004401 secs] [Times: user=0,00 sys=0,00, real=0,00 secs] 
57,837: [GC (Allocation Failure) [PSYoungGen: 97856K->96K(95744K)] 99887K->2127K(270848K), 0,0004592 secs] [Times: user=0,00 sys=0,00, real=0,00 secs] 
57,878: [GC (Allocation Failure) [PSYoungGen: 95328K->96K(93184K)] 97359K->2127K(268288K), 0,0004437 secs] [Times: user=0,00 sys=0,01, real=0,00 secs] 
57,919: [GC (Allocation Failure) [PSYoungGen: 92768K->96K(90624K)] 94799K->2127K(265728K), 0,0004440 secs] [Times: user=0,01 sys=0,00, real=0,00 secs] 
57,958: [GC (Allocation Failure) [PSYoungGen: 90208K->96K(109056K)] 92239K->2127K(284160K), 0,0005716 secs] [Times: user=0,01 sys=0,00, real=0,00 secs] 
58,006: [GC (Allocation Failure) [PSYoungGen: 108640K->96K(131072K)] 110671K->2127K(306176K), 0,0004857 secs] [Times: user=0,00 sys=0,00, real=0,00 secs] 
58,062: [GC (Allocation Failure) [PSYoungGen: 130656K->96K(126976K)] 132687K->2127K(302080K), 0,0004915 secs] [Times: user=0,00 sys=0,00, real=0,00 secs] 
58,117: [GC (Allocation Failure) [PSYoungGen: 126559K->32K(122880K)] 128591K->2063K(297984K), 0,0004838 secs] [Times: user=0,01 sys=0,00, real=0,00 secs] 
58,170: [GC (Allocation Failure) [PSYoungGen: 122400K->96K(119296K)] 124431K->2127K(294400K), 0,0004639 secs] [Times: user=0,00 sys=0,00, real=0,00 secs] 
58,221: [GC (Allocation Failure) [PSYoungGen: 118880K->96K(115712K)] 120911K->2127K(290816K), 0,0004539 secs] [Times: user=0,00 sys=0,00, real=0,00 secs] 
58,271: [GC (Allocation Failure) [PSYoungGen: 115296K->96K(112128K)] 117327K->2127K(287232K), 0,0005078 secs] [Times: user=0,00 sys=0,00, real=0,00 secs] 
58,320: [GC (Allocation Failure) [PSYoungGen: 111712K->64K(109056K)] 113743K->2095K(284160K), 0,0004952 secs] [Times: user=0,00 sys=0,00, real=0,00 secs] 
58,367: [GC (Allocation Failure) [PSYoungGen: 108608K->32K(105984K)] 110639K->2063K(281088K), 0,0004592 secs] [Times: user=0,00 sys=0,00, real=0,00 secs] 
58,413: [GC (Allocation Failure) [PSYoungGen: 105504K->96K(102912K)] 107535K->2127K(278016K), 0,0005041 secs] [Times: user=0,00 sys=0,00, real=0,00 secs] 
58,457: [GC (Allocation Failure) [PSYoungGen: 102496K->96K(99840K)] 104527K->2127K(274944K), 0,0005056 secs] [Times: user=0,00 sys=0,00, real=0,00 secs] 
58,500: [GC (Allocation Failure) [PSYoungGen: 99424K->64K(97280K)] 101455K->2095K(272384K), 0,0004576 secs] [Times: user=0,00 sys=0,00, real=0,00 secs] 
58,543: [GC (Allocation Failure) [PSYoungGen: 96832K->64K(94720K)] 98863K->2095K(269824K), 0,0004532 secs] [Times: user=0,00 sys=0,00, real=0,00 secs] 
58,583: [GC (Allocation Failure) [PSYoungGen: 94272K->96K(92160K)] 96303K->2127K(267264K), 0,0004421 secs] [Times: user=0,00 sys=0,00, real=0,00 secs] 
58,623: [GC (Allocation Failure) [PSYoungGen: 91744K->64K(110592K)] 93775K->2095K(285696K), 0,0004529 secs] [Times: user=0,00 sys=0,00, real=0,00 secs] 
58,671: [GC (Allocation Failure) [PSYoungGen: 110144K->96K(107520K)] 112175K->2127K(282624K), 0,0004499 secs] [Times: user=0,00 sys=0,00, real=0,00 secs] 
58,717: [GC (Allocation Failure) [PSYoungGen: 107104K->96K(104448K)] 109135K->2127K(279552K), 0,0004581 secs] [Times: user=0,00 sys=0,00, real=0,00 secs] 
58,762: [GC (Allocation Failure) [PSYoungGen: 104032K->96K(101376K)] 106063K->2127K(276480K), 0,0004537 secs] [Times: user=0,00 sys=0,00, real=0,00 secs] 
58,806: [GC (Allocation Failure) [PSYoungGen: 100960K->96K(98816K)] 102991K->2127K(273920K), 0,0004475 secs] [Times: user=0,00 sys=0,00, real=0,00 secs] 
58,848: [GC (Allocation Failure) [PSYoungGen: 98400K->96K(96256K)] 100431K->2127K(271360K), 0,0004571 secs] [Times: user=0,00 sys=0,00, real=0,00 secs] 
58,890: [GC (Allocation Failure) [PSYoungGen: 95840K->96K(93696K)] 97871K->2127K(268800K), 0,0004480 secs] [Times: user=0,01 sys=0,00, real=0,00 secs] 
58,930: [GC (Allocation Failure) [PSYoungGen: 93280K->64K(112640K)] 95311K->2095K(287744K), 0,0007641 secs] [Times: user=0,00 sys=0,00, real=0,00 secs] 
58,980: [GC (Allocation Failure) [PSYoungGen: 112192K->96K(135168K)] 114223K->2127K(310272K), 0,0005098 secs] [Times: user=0,00 sys=0,00, real=0,00 secs] 
59,038: [GC (Allocation Failure) [PSYoungGen: 134752K->96K(162304K)] 136783K->2127K(337408K), 0,0004680 secs] [Times: user=0,01 sys=0,00, real=0,00 secs] 
59,108: [GC (Allocation Failure) [PSYoungGen: 161888K->96K(156672K)] 163919K->2127K(331776K), 0,0004601 secs] [Times: user=0,01 sys=0,00, real=0,01 secs] 
59,175: [GC (Allocation Failure) [PSYoungGen: 156256K->64K(151552K)] 158287K->2095K(326656K), 0,0004813 secs] [Times: user=0,00 sys=0,00, real=0,00 secs] 
59,240: [GC (Allocation Failure) [PSYoungGen: 151104K->64K(146432K)] 153135K->2095K(321536K), 0,0004877 secs] [Times: user=0,00 sys=0,00, real=0,00 secs] 
59,303: [GC (Allocation Failure) [PSYoungGen: 145984K->96K(141824K)] 148015K->2127K(316928K), 0,0004987 secs] [Times: user=0,00 sys=0,00, real=0,00 secs] 
59,364: [GC (Allocation Failure) [PSYoungGen: 141408K->64K(137216K)] 143439K->2095K(312320K), 0,0004702 secs] [Times: user=0,00 sys=0,00, real=0,00 secs] 
59,424: [GC (Allocation Failure) [PSYoungGen: 136768K->64K(132608K)] 138799K->2095K(307712K), 0,0004796 secs] [Times: user=0,00 sys=0,00, real=0,00 secs] 
59,481: [GC (Allocation Failure) [PSYoungGen: 132160K->96K(128512K)] 134191K->2127K(303616K), 0,0004982 secs] [Times: user=0,00 sys=0,00, real=0,00 secs] 
59,537: [GC (Allocation Failure) [PSYoungGen: 128096K->96K(124416K)] 130127K->2127K(299520K), 0,0004825 secs] [Times: user=0,00 sys=0,00, real=0,00 secs] 
59,590: [GC (Allocation Failure) [PSYoungGen: 124000K->96K(120832K)] 126031K->2127K(295936K), 0,0004644 secs] [Times: user=0,00 sys=0,00, real=0,00 secs] 
59,642: [GC (Allocation Failure) [PSYoungGen: 120416K->64K(117248K)] 122447K->2095K(292352K), 0,0004584 secs] [Times: user=0,00 sys=0,00, real=0,00 secs] 
59,693: [GC (Allocation Failure) [PSYoungGen: 116800K->96K(113664K)] 118831K->2127K(288768K), 0,0004576 secs] [Times: user=0,01 sys=0,00, real=0,00 secs] 
59,742: [GC (Allocation Failure) [PSYoungGen: 113248K->128K(110592K)] 115279K->2159K(285696K), 0,0004648 secs] [Times: user=0,00 sys=0,00, real=0,00 secs] 
59,789: [GC (Allocation Failure) [PSYoungGen: 110208K->96K(107520K)] 112239K->2127K(282624K), 0,0004614 secs] [Times: user=0,00 sys=0,00, real=0,00 secs] 
59,836: [GC (Allocation Failure) [PSYoungGen: 107104K->96K(104448K)] 109135K->2127K(279552K), 0,0004637 secs] [Times: user=0,00 sys=0,00, real=0,00 secs] 
59,881: [GC (Allocation Failure) [PSYoungGen: 104032K->96K(101376K)] 106063K->2127K(276480K), 0,0004510 secs] [Times: user=0,00 sys=0,00, real=0,00 secs] 
59,925: [GC (Allocation Failure) [PSYoungGen: 100960K->32K(98816K)] 102991K->2063K(273920K), 0,0004617 secs] [Times: user=0,00 sys=0,00, real=0,00 secs] 
59,968: [GC (Allocation Failure) [PSYoungGen: 98336K->96K(96256K)] 100367K->2127K(271360K), 0,0005023 secs] [Times: user=0,00 sys=0,00, real=0,01 secs] 
60,009: [GC (Allocation Failure) [PSYoungGen: 95840K->64K(93696K)] 97871K->2095K(268800K), 0,0004527 secs] [Times: user=0,00 sys=0,00, real=0,00 secs] 
60,050: [GC (Allocation Failure) [PSYoungGen: 93248K->96K(91136K)] 95279K->2127K(266240K), 0,0004664 secs] [Times: user=0,01 sys=0,00, real=0,00 secs] 
60,089: [GC (Allocation Failure) [PSYoungGen: 90720K->32K(109568K)] 92751K->2063K(284672K), 0,0004850 secs] [Times: user=0,01 sys=0,00, real=0,00 secs] 
60,136: [GC (Allocation Failure) [PSYoungGen: 109088K->96K(106496K)] 111119K->2127K(281600K), 0,0004596 secs] [Times: user=0,00 sys=0,00, real=0,00 secs] 
60,182: [GC (Allocation Failure) [PSYoungGen: 106080K->96K(103424K)] 108111K->2127K(278528K), 0,0004762 secs] [Times: user=0,00 sys=0,00, real=0,00 secs] 
60,227: [GC (Allocation Failure) [PSYoungGen: 103008K->96K(100352K)] 105039K->2127K(275456K), 0,0004534 secs] [Times: user=0,00 sys=0,00, real=0,00 secs] 
60,276: [GC (Allocation Failure) [PSYoungGen: 99936K->96K(120320K)] 101967K->2127K(295424K), 0,0008444 secs] [Times: user=0,01 sys=0,00, real=0,00 secs] 
60,329: [GC (Allocation Failure) [PSYoungGen: 119904K->96K(144384K)] 121935K->2159K(319488K), 0,0005198 secs] [Times: user=0,00 sys=0,00, real=0,00 secs] 
60,392: [GC (Allocation Failure) [PSYoungGen: 143968K->96K(139776K)] 146031K->2159K(314880K), 0,0004833 secs] [Times: user=0,00 sys=0,00, real=0,00 secs] 
60,452: [GC (Allocation Failure) [PSYoungGen: 139360K->96K(135168K)] 141423K->2159K(310272K), 0,0004936 secs] [Times: user=0,00 sys=0,00, real=0,00 secs] 
60,511: [GC (Allocation Failure) [PSYoungGen: 134752K->96K(131072K)] 136815K->2159K(306176K), 0,0005070 secs] [Times: user=0,00 sys=0,00, real=0,00 secs] 
60,568: [GC (Allocation Failure) [PSYoungGen: 130656K->96K(126976K)] 132719K->2159K(302080K), 0,0005023 secs] [Times: user=0,00 sys=0,00, real=0,01 secs] 
60,622: [GC (Allocation Failure) [PSYoungGen: 126560K->96K(122880K)] 128623K->2159K(297984K), 0,0004899 secs] [Times: user=0,00 sys=0,00, real=0,00 secs] 
60,675: [GC (Allocation Failure) [PSYoungGen: 122464K->64K(119296K)] 124527K->2127K(294400K), 0,0004860 secs] [Times: user=0,00 sys=0,00, real=0,00 secs] 
60,727: [GC (Allocation Failure) [PSYoungGen: 118848K->64K(115712K)] 120911K->2127K(290816K), 0,0004765 secs] [Times: user=0,00 sys=0,00, real=0,00 secs] 
60,777: [GC (Allocation Failure) [PSYoungGen: 115264K->96K(112128K)] 117327K->2159K(287232K), 0,0004949 secs] [Times: user=0,00 sys=0,00, real=0,00 secs] 
60,826: [GC (Allocation Failure) [PSYoungGen: 111712K->32K(109056K)] 113775K->2095K(284160K), 0,0004426 secs] [Times: user=0,00 sys=0,00, real=0,00 secs] 
60,873: [GC (Allocation Failure) [PSYoungGen: 108576K->64K(105984K)] 110639K->2127K(281088K), 0,0004764 secs] [Times: user=0,00 sys=0,00, real=0,00 secs] 
60,918: [GC (Allocation Failure) [PSYoungGen: 105536K->96K(102912K)] 107599K->2159K(278016K), 0,0004609 secs] [Times: user=0,00 sys=0,00, real=0,00 secs] 
60,963: [GC (Allocation Failure) [PSYoungGen: 102496K->64K(99840K)] 104559K->2127K(274944K), 0,0004920 secs] [Times: user=0,00 sys=0,00, real=0,00 secs] 
61,007: [GC (Allocation Failure) [PSYoungGen: 99392K->96K(97280K)] 101455K->2159K(272384K), 0,0005123 secs] [Times: user=0,00 sys=0,00, real=0,00 secs] 
61,049: [GC (Allocation Failure) [PSYoungGen: 96864K->96K(94720K)] 98927K->2159K(269824K), 0,0004923 secs] [Times: user=0,00 sys=0,00, real=0,00 secs] 
61,090: [GC (Allocation Failure) [PSYoungGen: 94304K->96K(92160K)] 96367K->2159K(267264K), 0,0004637 secs] [Times: user=0,01 sys=0,00, real=0,00 secs] 
61,129: [GC (Allocation Failure) [PSYoungGen: 91744K->96K(110592K)] 93807K->2159K(285696K), 0,0004590 secs] [Times: user=0,01 sys=0,00, real=0,00 secs] 
61,177: [GC (Allocation Failure) [PSYoungGen: 110176K->96K(107520K)] 112239K->2159K(282624K), 0,0004699 secs] [Times: user=0,00 sys=0,00, real=0,00 secs] 
61,224: [GC (Allocation Failure) [PSYoungGen: 107104K->64K(104448K)] 109167K->2127K(279552K), 0,0004672 secs] [Times: user=0,00 sys=0,00, real=0,00 secs] 
61,269: [GC (Allocation Failure) [PSYoungGen: 104000K->64K(101376K)] 106063K->2127K(276480K), 0,0004836 secs] [Times: user=0,00 sys=0,00, real=0,00 secs] 
61,312: [GC (Allocation Failure) [PSYoungGen: 100928K->64K(98816K)] 102991K->2127K(273920K), 0,0004679 secs] [Times: user=0,00 sys=0,00, real=0,00 secs] 
61,355: [GC (Allocation Failure) [PSYoungGen: 98368K->96K(96256K)] 100431K->2159K(271360K), 0,0004558 secs] [Times: user=0,00 sys=0,00, real=0,00 secs] 
61,396: [GC (Allocation Failure) [PSYoungGen: 95840K->64K(93696K)] 97903K->2127K(268800K), 0,0004685 secs] [Times: user=0,01 sys=0,00, real=0,00 secs] 
61,437: [GC (Allocation Failure) [PSYoungGen: 93248K->32K(112640K)] 95311K->2095K(287744K), 0,0004947 secs] [Times: user=0,00 sys=0,00, real=0,00 secs] 
61,486: [GC (Allocation Failure) [PSYoungGen: 112160K->96K(135168K)] 114223K->2159K(310272K), 0,0005065 secs] [Times: user=0,00 sys=0,00, real=0,00 secs] 
61,544: [GC (Allocation Failure) [PSYoungGen: 134752K->64K(131072K)] 136815K->2127K(306176K), 0,0005058 secs] [Times: user=0,01 sys=0,00, real=0,00 secs] 
61,601: [GC (Allocation Failure) [PSYoungGen: 130624K->96K(126976K)] 132687K->2159K(302080K), 0,0004717 secs] [Times: user=0,00 sys=0,00, real=0,00 secs] 
61,656: [GC (Allocation Failure) [PSYoungGen: 126560K->96K(122880K)] 128623K->2159K(297984K), 0,0006097 secs] [Times: user=0,00 sys=0,00, real=0,00 secs] 
61,713: [GC (Allocation Failure) [PSYoungGen: 122464K->64K(119296K)] 124527K->2127K(294400K), 0,0004802 secs] [Times: user=0,01 sys=0,00, real=0,00 secs] 
61,765: [GC (Allocation Failure) [PSYoungGen: 118848K->96K(115712K)] 120911K->2159K(290816K), 0,0004868 secs] [Times: user=0,00 sys=0,00, real=0,00 secs] 
61,815: [GC (Allocation Failure) [PSYoungGen: 115296K->96K(112128K)] 117359K->2159K(287232K), 0,0004858 secs] [Times: user=0,00 sys=0,00, real=0,00 secs] 
61,863: [GC (Allocation Failure) [PSYoungGen: 111712K->96K(109056K)] 113775K->2159K(284160K), 0,0004741 secs] [Times: user=0,00 sys=0,00, real=0,00 secs] 
61,910: [GC (Allocation Failure) [PSYoungGen: 108640K->64K(105984K)] 110703K->2127K(281088K), 0,0004805 secs] [Times: user=0,00 sys=0,00, real=0,00 secs] 
61,956: [GC (Allocation Failure) [PSYoungGen: 105536K->64K(102912K)] 107599K->2127K(278016K), 0,0004791 secs] [Times: user=0,00 sys=0,00, real=0,00 secs] 
62,001: [GC (Allocation Failure) [PSYoungGen: 102464K->64K(99840K)] 104527K->2127K(274944K), 0,0005032 secs] [Times: user=0,01 sys=0,00, real=0,00 secs] 
62,045: [GC (Allocation Failure) [PSYoungGen: 99392K->96K(97280K)] 101455K->2159K(272384K), 0,0005053 secs] [Times: user=0,00 sys=0,00, real=0,00 secs] 
62,087: [GC (Allocation Failure) [PSYoungGen: 96864K->64K(94720K)] 98927K->2127K(269824K), 0,0004571 secs] [Times: user=0,00 sys=0,00, real=0,00 secs] 
62,128: [GC (Allocation Failure) [PSYoungGen: 94272K->96K(92160K)] 96335K->2159K(267264K), 0,0004697 secs] [Times: user=0,00 sys=0,00, real=0,01 secs] 
62,168: [GC (Allocation Failure) [PSYoungGen: 91744K->64K(110592K)] 93807K->2127K(285696K), 0,0004740 secs] [Times: user=0,00 sys=0,00, real=0,01 secs] 
62,215: [GC (Allocation Failure) [PSYoungGen: 110144K->64K(107520K)] 112207K->2127K(282624K), 0,0004724 secs] [Times: user=0,00 sys=0,00, real=0,00 secs] 
62,262: [GC (Allocation Failure) [PSYoungGen: 107072K->64K(104448K)] 109135K->2127K(279552K), 0,0004760 secs] [Times: user=0,00 sys=0,00, real=0,00 secs] 
62,307: [GC (Allocation Failure) [PSYoungGen: 104000K->32K(101376K)] 106063K->2095K(276480K), 0,0004854 secs] [Times: user=0,00 sys=0,00, real=0,00 secs] 
62,351: [GC (Allocation Failure) [PSYoungGen: 100896K->64K(98816K)] 102959K->2127K(273920K), 0,0004774 secs] [Times: user=0,00 sys=0,00, real=0,00 secs] 
62,393: [GC (Allocation Failure) [PSYoungGen: 98368K->32K(96256K)] 100431K->2095K(271360K), 0,0004568 secs] [Times: user=0,00 sys=0,00, real=0,00 secs] 
62,435: [GC (Allocation Failure) [PSYoungGen: 95776K->32K(115712K)] 97839K->2095K(290816K), 0,0004785 secs] [Times: user=0,00 sys=0,00, real=0,00 secs] 
62,485: [GC (Allocation Failure) [PSYoungGen: 115232K->96K(112128K)] 117295K->2159K(287232K), 0,0004921 secs] [Times: user=0,00 sys=0,00, real=0,00 secs] 
62,534: [GC (Allocation Failure) [PSYoungGen: 111712K->96K(109056K)] 113775K->2159K(284160K), 0,0004991 secs] [Times: user=0,00 sys=0,00, real=0,00 secs] 
62,581: [GC (Allocation Failure) [PSYoungGen: 108640K->64K(105984K)] 110703K->2127K(281088K), 0,0004959 secs] [Times: user=0,00 sys=0,00, real=0,00 secs] 
62,627: [GC (Allocation Failure) [PSYoungGen: 105536K->64K(102912K)] 107599K->2127K(278016K), 0,0004650 secs] [Times: user=0,00 sys=0,00, real=0,00 secs] 
62,671: [GC (Allocation Failure) [PSYoungGen: 102464K->96K(99840K)] 104527K->2159K(274944K), 0,0004649 secs] [Times: user=0,00 sys=0,00, real=0,00 secs] 
62,714: [GC (Allocation Failure) [PSYoungGen: 99424K->96K(97280K)] 101487K->2159K(272384K), 0,0004668 secs] [Times: user=0,00 sys=0,00, real=0,00 secs] 
62,756: [GC (Allocation Failure) [PSYoungGen: 96864K->96K(94720K)] 98927K->2159K(269824K), 0,0004704 secs] [Times: user=0,00 sys=0,00, real=0,00 secs] 
62,797: [GC (Allocation Failure) [PSYoungGen: 94304K->96K(113664K)] 96367K->2159K(288768K), 0,0004762 secs] [Times: user=0,00 sys=0,00, real=0,00 secs] 
62,846: [GC (Allocation Failure) [PSYoungGen: 113248K->96K(110592K)] 115311K->2159K(285696K), 0,0004775 secs] [Times: user=0,00 sys=0,00, real=0,00 secs] 
62,894: [GC (Allocation Failure) [PSYoungGen: 110176K->64K(107520K)] 112239K->2127K(282624K), 0,0004773 secs] [Times: user=0,00 sys=0,00, real=0,00 secs] 
62,940: [GC (Allocation Failure) [PSYoungGen: 107072K->96K(104448K)] 109135K->2159K(279552K), 0,0004767 secs] [Times: user=0,00 sys=0,00, real=0,00 secs] 
62,986: [GC (Allocation Failure) [PSYoungGen: 104032K->96K(101376K)] 106095K->2159K(276480K), 0,0005037 secs] [Times: user=0,00 sys=0,00, real=0,00 secs] 
63,030: [GC (Allocation Failure) [PSYoungGen: 100960K->96K(98816K)] 103023K->2159K(273920K), 0,0004855 secs] [Times: user=0,00 sys=0,00, real=0,00 secs] 
63,072: [GC (Allocation Failure) [PSYoungGen: 98400K->96K(96256K)] 100463K->2159K(271360K), 0,0004728 secs] [Times: user=0,00 sys=0,00, real=0,00 secs] 
63,114: [GC (Allocation Failure) [PSYoungGen: 95840K->96K(93696K)] 97903K->2159K(268800K), 0,0004666 secs] [Times: user=0,00 sys=0,00, real=0,00 secs] 
63,155: [GC (Allocation Failure) [PSYoungGen: 93280K->64K(112640K)] 95343K->2127K(287744K), 0,0004700 secs] [Times: user=0,00 sys=0,00, real=0,00 secs] 
63,203: [GC (Allocation Failure) [PSYoungGen: 112192K->64K(135168K)] 114255K->2127K(310272K), 0,0004982 secs] [Times: user=0,00 sys=0,00, real=0,00 secs] 
63,261: [GC (Allocation Failure) [PSYoungGen: 134720K->64K(131072K)] 136783K->2127K(306176K), 0,0004684 secs] [Times: user=0,00 sys=0,00, real=0,00 secs] 
63,319: [GC (Allocation Failure) [PSYoungGen: 130624K->96K(126976K)] 132687K->2159K(302080K), 0,0005019 secs] [Times: user=0,00 sys=0,00, real=0,00 secs] 
63,374: [GC (Allocation Failure) [PSYoungGen: 126560K->96K(122880K)] 128623K->2159K(297984K), 0,0005000 secs] [Times: user=0,00 sys=0,00, real=0,00 secs] 
63,427: [GC (Allocation Failure) [PSYoungGen: 122464K->96K(119296K)] 124527K->2159K(294400K), 0,0005001 secs] [Times: user=0,01 sys=0,00, real=0,00 secs] 
63,479: [GC (Allocation Failure) [PSYoungGen: 118880K->32K(115712K)] 120943K->2095K(290816K), 0,0004504 secs] [Times: user=0,00 sys=0,00, real=0,00 secs] 
63,529: [GC (Allocation Failure) [PSYoungGen: 115232K->64K(112128K)] 117295K->2127K(287232K), 0,0004858 secs] [Times: user=0,00 sys=0,00, real=0,00 secs] 
63,577: [GC (Allocation Failure) [PSYoungGen: 111680K->0K(109056K)] 113743K->2063K(284160K), 0,0004599 secs] [Times: user=0,00 sys=0,00, real=0,00 secs] 
63,624: [GC (Allocation Failure) [PSYoungGen: 108544K->96K(105984K)] 110607K->2159K(281088K), 0,0004617 secs] [Times: user=0,00 sys=0,00, real=0,00 secs] 
63,670: [GC (Allocation Failure) [PSYoungGen: 105568K->64K(102912K)] 107631K->2127K(278016K), 0,0004506 secs] [Times: user=0,00 sys=0,00, real=0,00 secs] 
63,714: [GC (Allocation Failure) [PSYoungGen: 102464K->64K(99840K)] 104527K->2127K(274944K), 0,0004468 secs] [Times: user=0,01 sys=0,00, real=0,00 secs] 
63,757: [GC (Allocation Failure) [PSYoungGen: 99392K->96K(97280K)] 101455K->2159K(272384K), 0,0004584 secs] [Times: user=0,00 sys=0,00, real=0,00 secs] 
63,799: [GC (Allocation Failure) [PSYoungGen: 96864K->32K(94720K)] 98927K->2095K(269824K), 0,0004668 secs] [Times: user=0,00 sys=0,00, real=0,00 secs] 
63,840: [GC (Allocation Failure) [PSYoungGen: 94240K->96K(92160K)] 96303K->2159K(267264K), 0,0004623 secs] [Times: user=0,00 sys=0,00, real=0,00 secs] 
63,880: [GC (Allocation Failure) [PSYoungGen: 91744K->96K(89600K)] 93807K->2159K(264704K), 0,0004492 secs] [Times: user=0,00 sys=0,00, real=0,00 secs] 
63,918: [GC (Allocation Failure) [PSYoungGen: 89184K->96K(107520K)] 91247K->2159K(282624K), 0,0004537 secs] [Times: user=0,00 sys=0,00, real=0,00 secs] 
63,965: [GC (Allocation Failure) [PSYoungGen: 107104K->96K(104448K)] 109167K->2159K(279552K), 0,0004870 secs] [Times: user=0,00 sys=0,00, real=0,00 secs] 
64,011: [GC (Allocation Failure) [PSYoungGen: 104032K->96K(101376K)] 106095K->2159K(276480K), 0,0005003 secs] [Times: user=0,00 sys=0,00, real=0,00 secs] 
64,054: [GC (Allocation Failure) [PSYoungGen: 100960K->96K(98816K)] 103023K->2159K(273920K), 0,0004720 secs] [Times: user=0,00 sys=0,00, real=0,00 secs] 
64,097: [GC (Allocation Failure) [PSYoungGen: 98400K->64K(96256K)] 100463K->2127K(271360K), 0,0004599 secs] [Times: user=0,00 sys=0,00, real=0,00 secs] 
64,139: [GC (Allocation Failure) [PSYoungGen: 95808K->64K(115712K)] 97871K->2127K(290816K), 0,0004481 secs] [Times: user=0,00 sys=0,00, real=0,00 secs] 
64,188: [GC (Allocation Failure) [PSYoungGen: 115264K->64K(112128K)] 117327K->2127K(287232K), 0,0004542 secs] [Times: user=0,00 sys=0,00, real=0,00 secs] 
64,237: [GC (Allocation Failure) [PSYoungGen: 111680K->64K(109056K)] 113743K->2127K(284160K), 0,0004584 secs] [Times: user=0,00 sys=0,00, real=0,00 secs] 
64,284: [GC (Allocation Failure) [PSYoungGen: 108608K->64K(105984K)] 110671K->2127K(281088K), 0,0004574 secs] [Times: user=0,00 sys=0,00, real=0,00 secs] 
64,329: [GC (Allocation Failure) [PSYoungGen: 105536K->64K(102912K)] 107599K->2127K(278016K), 0,0004833 secs] [Times: user=0,00 sys=0,00, real=0,00 secs] 
64,374: [GC (Allocation Failure) [PSYoungGen: 102464K->96K(99840K)] 104527K->2159K(274944K), 0,0004518 secs] [Times: user=0,00 sys=0,00, real=0,00 secs] 
64,417: [GC (Allocation Failure) [PSYoungGen: 99424K->96K(97280K)] 101487K->2159K(272384K), 0,0005571 secs] [Times: user=0,01 sys=0,00, real=0,00 secs] 
64,460: [GC (Allocation Failure) [PSYoungGen: 96864K->64K(116736K)] 98927K->2127K(291840K), 0,0005641 secs] [Times: user=0,00 sys=0,00, real=0,00 secs] 
64,510: [GC (Allocation Failure) [PSYoungGen: 116287K->96K(113152K)] 118351K->2159K(288256K), 0,0004831 secs] [Times: user=0,00 sys=0,00, real=0,00 secs] 
64,559: [GC (Allocation Failure) [PSYoungGen: 112736K->64K(110080K)] 114799K->2127K(285184K), 0,0004680 secs] [Times: user=0,00 sys=0,00, real=0,00 secs] 
64,606: [GC (Allocation Failure) [PSYoungGen: 109632K->64K(107008K)] 111695K->2127K(282112K), 0,0004604 secs] [Times: user=0,00 sys=0,00, real=0,00 secs] 
64,652: [GC (Allocation Failure) [PSYoungGen: 106560K->64K(103936K)] 108623K->2127K(279040K), 0,0004539 secs] [Times: user=0,00 sys=0,00, real=0,00 secs] 
64,697: [GC (Allocation Failure) [PSYoungGen: 103488K->96K(100864K)] 105551K->2159K(275968K), 0,0004548 secs] [Times: user=0,00 sys=0,00, real=0,00 secs] 
64,741: [GC (Allocation Failure) [PSYoungGen: 100448K->96K(98304K)] 102511K->2159K(273408K), 0,0004659 secs] [Times: user=0,00 sys=0,00, real=0,00 secs] 
64,783: [GC (Allocation Failure) [PSYoungGen: 97888K->64K(95744K)] 99951K->2127K(270848K), 0,0004602 secs] [Times: user=0,01 sys=0,00, real=0,00 secs] 
64,825: [GC (Allocation Failure) [PSYoungGen: 95296K->64K(93184K)] 97359K->2127K(268288K), 0,0004518 secs] [Times: user=0,00 sys=0,00, real=0,00 secs] 
64,865: [GC (Allocation Failure) [PSYoungGen: 92736K->96K(90624K)] 94799K->2159K(265728K), 0,0004510 secs] [Times: user=0,00 sys=0,00, real=0,00 secs] 
64,904: [GC (Allocation Failure) [PSYoungGen: 90208K->96K(109056K)] 92271K->2159K(284160K), 0,0004538 secs] [Times: user=0,00 sys=0,00, real=0,00 secs] 
64,951: [GC (Allocation Failure) [PSYoungGen: 108640K->96K(131072K)] 110703K->2159K(306176K), 0,0005161 secs] [Times: user=0,01 sys=0,00, real=0,00 secs] 
65,008: [GC (Allocation Failure) [PSYoungGen: 130656K->96K(126976K)] 132719K->2159K(302080K), 0,0004891 secs] [Times: user=0,00 sys=0,00, real=0,00 secs] 
65,063: [GC (Allocation Failure) [PSYoungGen: 126560K->64K(122880K)] 128623K->2127K(297984K), 0,0004652 secs] [Times: user=0,00 sys=0,00, real=0,00 secs] 
65,116: [GC (Allocation Failure) [PSYoungGen: 122432K->64K(119296K)] 124495K->2127K(294400K), 0,0004582 secs] [Times: user=0,00 sys=0,00, real=0,00 secs] 
65,167: [GC (Allocation Failure) [PSYoungGen: 118848K->64K(115712K)] 120911K->2127K(290816K), 0,0004555 secs] [Times: user=0,00 sys=0,00, real=0,00 secs] 
65,217: [GC (Allocation Failure) [PSYoungGen: 115264K->96K(112128K)] 117327K->2159K(287232K), 0,0004361 secs] [Times: user=0,00 sys=0,00, real=0,00 secs] 
65,265: [GC (Allocation Failure) [PSYoungGen: 111712K->64K(109056K)] 113775K->2127K(284160K), 0,0004612 secs] [Times: user=0,00 sys=0,00, real=0,00 secs] 
65,312: [GC (Allocation Failure) [PSYoungGen: 108608K->96K(105984K)] 110671K->2159K(281088K), 0,0004811 secs] [Times: user=0,00 sys=0,00, real=0,00 secs] 
65,358: [GC (Allocation Failure) [PSYoungGen: 105568K->96K(102912K)] 107631K->2159K(278016K), 0,0004556 secs] [Times: user=0,01 sys=0,00, real=0,00 secs] 
65,402: [GC (Allocation Failure) [PSYoungGen: 102496K->64K(99840K)] 104559K->2127K(274944K), 0,0004679 secs] [Times: user=0,00 sys=0,00, real=0,00 secs] 
65,446: [GC (Allocation Failure) [PSYoungGen: 99392K->64K(97280K)] 101455K->2127K(272384K), 0,0004609 secs] [Times: user=0,00 sys=0,00, real=0,00 secs] 
65,488: [GC (Allocation Failure) [PSYoungGen: 96832K->32K(94720K)] 98895K->2095K(269824K), 0,0005386 secs] [Times: user=0,00 sys=0,00, real=0,00 secs] 
65,529: [GC (Allocation Failure) [PSYoungGen: 94240K->96K(113664K)] 96303K->2159K(288768K), 0,0004614 secs] [Times: user=0,00 sys=0,00, real=0,00 secs] 
65,578: [GC (Allocation Failure) [PSYoungGen: 113248K->64K(110592K)] 115311K->2127K(285696K), 0,0004668 secs] [Times: user=0,00 sys=0,00, real=0,00 secs] 
65,626: [GC (Allocation Failure) [PSYoungGen: 110144K->32K(107520K)] 112207K->2103K(282624K), 0,0004898 secs] [Times: user=0,01 sys=0,00, real=0,00 secs] 
65,672: [GC (Allocation Failure) [PSYoungGen: 107040K->64K(104448K)] 109111K->2135K(279552K), 0,0004644 secs] [Times: user=0,00 sys=0,00, real=0,00 secs] 
65,717: [GC (Allocation Failure) [PSYoungGen: 104000K->96K(101376K)] 106071K->2167K(276480K), 0,0004630 secs] [Times: user=0,00 sys=0,00, real=0,00 secs] 
65,761: [GC (Allocation Failure) [PSYoungGen: 100960K->32K(98816K)] 103031K->2103K(273920K), 0,0004675 secs] [Times: user=0,00 sys=0,00, real=0,00 secs] 
65,803: [GC (Allocation Failure) [PSYoungGen: 98336K->64K(96256K)] 100407K->2135K(271360K), 0,0004395 secs] [Times: user=0,01 sys=0,00, real=0,00 secs] 
65,845: [GC (Allocation Failure) [PSYoungGen: 95808K->96K(93696K)] 97879K->2167K(268800K), 0,0004580 secs] [Times: user=0,00 sys=0,00, real=0,00 secs] 
65,885: [GC (Allocation Failure) [PSYoungGen: 93280K->96K(91136K)] 95351K->2167K(266240K), 0,0004419 secs] [Times: user=0,00 sys=0,00, real=0,00 secs] 
65,925: [GC (Allocation Failure) [PSYoungGen: 90720K->96K(109568K)] 92791K->2167K(284672K), 0,0004455 secs] [Times: user=0,00 sys=0,00, real=0,00 secs] 
65,972: [GC (Allocation Failure) [PSYoungGen: 109152K->64K(131584K)] 111223K->2135K(306688K), 0,0005094 secs] [Times: user=0,00 sys=0,00, real=0,00 secs] 
66,029: [GC (Allocation Failure) [PSYoungGen: 131136K->64K(127488K)] 133207K->2135K(302592K), 0,0004553 secs] [Times: user=0,00 sys=0,00, real=0,00 secs] 
66,084: [GC (Allocation Failure) [PSYoungGen: 127040K->96K(123392K)] 129111K->2167K(298496K), 0,0005571 secs] [Times: user=0,00 sys=0,00, real=0,00 secs] 
66,137: [GC (Allocation Failure) [PSYoungGen: 122976K->96K(119808K)] 125047K->2167K(294912K), 0,0004687 secs] [Times: user=0,00 sys=0,00, real=0,01 secs] 
66,189: [GC (Allocation Failure) [PSYoungGen: 119392K->96K(116224K)] 121463K->2167K(291328K), 0,0004560 secs] [Times: user=0,00 sys=0,00, real=0,00 secs] 
66,239: [GC (Allocation Failure) [PSYoungGen: 115808K->96K(112640K)] 117879K->2167K(287744K), 0,0004772 secs] [Times: user=0,01 sys=0,00, real=0,00 secs] 
66,288: [GC (Allocation Failure) [PSYoungGen: 112224K->64K(109568K)] 114295K->2135K(284672K), 0,0004645 secs] [Times: user=0,00 sys=0,00, real=0,01 secs] 
66,335: [GC (Allocation Failure) [PSYoungGen: 109120K->96K(106496K)] 111191K->2167K(281600K), 0,0004773 secs] [Times: user=0,00 sys=0,01, real=0,00 secs] 
66,381: [GC (Allocation Failure) [PSYoungGen: 106080K->96K(103424K)] 108151K->2167K(278528K), 0,0004627 secs] [Times: user=0,00 sys=0,00, real=0,00 secs] 
66,426: [GC (Allocation Failure) [PSYoungGen: 103008K->96K(100352K)] 105079K->2167K(275456K), 0,0005010 secs] [Times: user=0,00 sys=0,00, real=0,00 secs] 
66,469: [GC (Allocation Failure) [PSYoungGen: 99936K->64K(97792K)] 102007K->2135K(272896K), 0,0004770 secs] [Times: user=0,00 sys=0,00, real=0,00 secs] 
66,511: [GC (Allocation Failure) [PSYoungGen: 97344K->96K(95232K)] 99415K->2167K(270336K), 0,0004479 secs] [Times: user=0,00 sys=0,00, real=0,00 secs] 
66,552: [GC (Allocation Failure) [PSYoungGen: 94816K->96K(92672K)] 96887K->2167K(267776K), 0,0004717 secs] [Times: user=0,00 sys=0,00, real=0,00 secs] 
66,597: [GC (Allocation Failure) [PSYoungGen: 92256K->64K(90112K)] 94327K->2135K(265216K), 0,0004700 secs] [Times: user=0,00 sys=0,00, real=0,00 secs] 
66,636: [GC (Allocation Failure) [PSYoungGen: 89664K->96K(108032K)] 91735K->2167K(283136K), 0,0004452 secs] [Times: user=0,00 sys=0,00, real=0,00 secs] 
66,683: [GC (Allocation Failure) [PSYoungGen: 107616K->64K(104960K)] 109687K->2135K(280064K), 0,0004509 secs] [Times: user=0,00 sys=0,00, real=0,00 secs] 
66,728: [GC (Allocation Failure) [PSYoungGen: 104512K->32K(101888K)] 106583K->2103K(276992K), 0,0004646 secs] [Times: user=0,00 sys=0,00, real=0,00 secs] 
66,772: [GC (Allocation Failure) [PSYoungGen: 101408K->128K(98816K)] 103479K->2199K(273920K), 0,0004617 secs] [Times: user=0,00 sys=0,00, real=0,00 secs] 
66,814: [GC (Allocation Failure) [PSYoungGen: 98432K->64K(96256K)] 100503K->2135K(271360K), 0,0004496 secs] [Times: user=0,00 sys=0,00, real=0,00 secs] 
66,856: [GC (Allocation Failure) [PSYoungGen: 95808K->96K(93696K)] 97879K->2167K(268800K), 0,0004538 secs] [Times: user=0,00 sys=0,00, real=0,00 secs] 
66,896: [GC (Allocation Failure) [PSYoungGen: 93280K->96K(112640K)] 95351K->2167K(287744K), 0,0004504 secs] [Times: user=0,00 sys=0,00, real=0,00 secs] 
66,945: [GC (Allocation Failure) [PSYoungGen: 112224K->96K(109568K)] 114295K->2167K(284672K), 0,0004711 secs] [Times: user=0,00 sys=0,00, real=0,00 secs] 
66,993: [GC (Allocation Failure) [PSYoungGen: 109152K->64K(106496K)] 111223K->2135K(281600K), 0,0005049 secs] [Times: user=0,00 sys=0,00, real=0,00 secs] 
67,039: [GC (Allocation Failure) [PSYoungGen: 106048K->64K(103424K)] 108119K->2135K(278528K), 0,0004555 secs] [Times: user=0,00 sys=0,00, real=0,00 secs] 
67,084: [GC (Allocation Failure) [PSYoungGen: 102976K->64K(100352K)] 105047K->2135K(275456K), 0,0004498 secs] [Times: user=0,00 sys=0,00, real=0,00 secs] 
67,127: [GC (Allocation Failure) [PSYoungGen: 99904K->64K(97792K)] 101975K->2135K(272896K), 0,0004703 secs] [Times: user=0,00 sys=0,00, real=0,00 secs] 
67,169: [GC (Allocation Failure) [PSYoungGen: 97344K->64K(95232K)] 99415K->2135K(270336K), 0,0004444 secs] [Times: user=0,00 sys=0,00, real=0,00 secs] 
67,210: [GC (Allocation Failure) [PSYoungGen: 94784K->96K(92672K)] 96855K->2167K(267776K), 0,0004468 secs] [Times: user=0,00 sys=0,00, real=0,00 secs] 
67,250: [GC (Allocation Failure) [PSYoungGen: 92256K->96K(111104K)] 94327K->2167K(286208K), 0,0004596 secs] [Times: user=0,00 sys=0,00, real=0,00 secs] 
67,298: [GC (Allocation Failure) [PSYoungGen: 110688K->64K(108032K)] 112759K->2135K(283136K), 0,0004597 secs] [Times: user=0,01 sys=0,00, real=0,00 secs] 
67,345: [GC (Allocation Failure) [PSYoungGen: 107584K->96K(104960K)] 109655K->2167K(280064K), 0,0004771 secs] [Times: user=0,00 sys=0,00, real=0,00 secs] 
67,390: [GC (Allocation Failure) [PSYoungGen: 104544K->96K(101888K)] 106615K->2167K(276992K), 0,0004647 secs] [Times: user=0,00 sys=0,00, real=0,00 secs] 
67,434: [GC (Allocation Failure) [PSYoungGen: 101472K->96K(98816K)] 103543K->2167K(273920K), 0,0005145 secs] [Times: user=0,00 sys=0,00, real=0,00 secs] 
67,477: [GC (Allocation Failure) [PSYoungGen: 98400K->96K(96256K)] 100471K->2167K(271360K), 0,0004580 secs] [Times: user=0,01 sys=0,00, real=0,00 secs] 
67,519: [GC (Allocation Failure) [PSYoungGen: 95840K->64K(115712K)] 97911K->2135K(290816K), 0,0004783 secs] [Times: user=0,00 sys=0,00, real=0,00 secs] 
67,568: [GC (Allocation Failure) [PSYoungGen: 115264K->64K(112128K)] 117335K->2135K(287232K), 0,0004637 secs] [Times: user=0,00 sys=0,00, real=0,00 secs] 
67,617: [GC (Allocation Failure) [PSYoungGen: 111680K->96K(109056K)] 113751K->2167K(284160K), 0,0004624 secs] [Times: user=0,00 sys=0,00, real=0,00 secs] 
67,664: [GC (Allocation Failure) [PSYoungGen: 108640K->64K(105984K)] 110711K->2135K(281088K), 0,0004587 secs] [Times: user=0,00 sys=0,00, real=0,00 secs] 
67,709: [GC (Allocation Failure) [PSYoungGen: 105536K->96K(102912K)] 107607K->2167K(278016K), 0,0004613 secs] [Times: user=0,00 sys=0,00, real=0,00 secs] 
67,754: [GC (Allocation Failure) [PSYoungGen: 102496K->64K(99840K)] 104567K->2135K(274944K), 0,0004431 secs] [Times: user=0,01 sys=0,00, real=0,00 secs] 
67,797: [GC (Allocation Failure) [PSYoungGen: 99392K->96K(97280K)] 101463K->2167K(272384K), 0,0004396 secs] [Times: user=0,00 sys=0,00, real=0,00 secs] 
67,839: [GC (Allocation Failure) [PSYoungGen: 96864K->64K(94720K)] 98935K->2135K(269824K), 0,0004797 secs] [Times: user=0,00 sys=0,00, real=0,00 secs] 
67,880: [GC (Allocation Failure) [PSYoungGen: 94272K->96K(92160K)] 96343K->2167K(267264K), 0,0004479 secs] [Times: user=0,00 sys=0,00, real=0,00 secs] 
67,919: [GC (Allocation Failure) [PSYoungGen: 91744K->64K(89600K)] 93815K->2135K(264704K), 0,0004343 secs] [Times: user=0,00 sys=0,00, real=0,00 secs] 
67,958: [GC (Allocation Failure) [PSYoungGen: 89152K->96K(107520K)] 91223K->2167K(282624K), 0,0005229 secs] [Times: user=0,00 sys=0,00, real=0,00 secs] 
68,005: [GC (Allocation Failure) [PSYoungGen: 107104K->96K(129024K)] 109175K->2167K(304128K), 0,0004874 secs] [Times: user=0,00 sys=0,00, real=0,00 secs] 
68,061: [GC (Allocation Failure) [PSYoungGen: 128608K->64K(124928K)] 130679K->2135K(300032K), 0,0004519 secs] [Times: user=0,01 sys=0,00, real=0,00 secs] 
68,115: [GC (Allocation Failure) [PSYoungGen: 124480K->96K(121344K)] 126551K->2167K(296448K), 0,0004569 secs] [Times: user=0,00 sys=0,00, real=0,00 secs] 
68,167: [GC (Allocation Failure) [PSYoungGen: 120928K->96K(117760K)] 122999K->2167K(292864K), 0,0004495 secs] [Times: user=0,00 sys=0,00, real=0,00 secs] 
68,218: [GC (Allocation Failure) [PSYoungGen: 117344K->64K(114176K)] 119415K->2135K(289280K), 0,0004449 secs] [Times: user=0,00 sys=0,00, real=0,01 secs] 
68,267: [GC (Allocation Failure) [PSYoungGen: 113728K->64K(110592K)] 115799K->2135K(285696K), 0,0004680 secs] [Times: user=0,00 sys=0,00, real=0,00 secs] 
68,314: [GC (Allocation Failure) [PSYoungGen: 110144K->64K(107520K)] 112215K->2135K(282624K), 0,0004759 secs] [Times: user=0,00 sys=0,00, real=0,00 secs] 
68,361: [GC (Allocation Failure) [PSYoungGen: 107072K->64K(104448K)] 109143K->2135K(279552K), 0,0004835 secs] [Times: user=0,00 sys=0,00, real=0,00 secs] 
68,406: [GC (Allocation Failure) [PSYoungGen: 104000K->96K(101376K)] 106071K->2167K(276480K), 0,0004489 secs] [Times: user=0,00 sys=0,00, real=0,00 secs] 
68,450: [GC (Allocation Failure) [PSYoungGen: 100960K->64K(98816K)] 103031K->2135K(273920K), 0,0004539 secs] [Times: user=0,00 sys=0,00, real=0,00 secs] 
68,493: [GC (Allocation Failure) [PSYoungGen: 98368K->96K(96256K)] 100439K->2167K(271360K), 0,0005363 secs] [Times: user=0,00 sys=0,00, real=0,00 secs] 
68,535: [GC (Allocation Failure) [PSYoungGen: 95840K->64K(93696K)] 97911K->2135K(268800K), 0,0004742 secs] [Times: user=0,00 sys=0,00, real=0,00 secs] 
68,575: [GC (Allocation Failure) [PSYoungGen: 93248K->64K(91136K)] 95319K->2135K(266240K), 0,0004454 secs] [Times: user=0,01 sys=0,00, real=0,00 secs] 
68,615: [GC (Allocation Failure) [PSYoungGen: 90688K->64K(109568K)] 92759K->2135K(284672K), 0,0004676 secs] [Times: user=0,01 sys=0,00, real=0,00 secs] 
68,662: [GC (Allocation Failure) [PSYoungGen: 109120K->64K(106496K)] 111191K->2135K(281600K), 0,0004494 secs] [Times: user=0,00 sys=0,00, real=0,00 secs] 
68,708: [GC (Allocation Failure) [PSYoungGen: 106048K->64K(103424K)] 108119K->2135K(278528K), 0,0004725 secs] [Times: user=0,00 sys=0,00, real=0,01 secs] 
68,752: [GC (Allocation Failure) [PSYoungGen: 102976K->64K(100352K)] 105047K->2135K(275456K), 0,0004432 secs] [Times: user=0,00 sys=0,00, real=0,00 secs] 
68,796: [GC (Allocation Failure) [PSYoungGen: 99904K->96K(97792K)] 101975K->2167K(272896K), 0,0004768 secs] [Times: user=0,00 sys=0,00, real=0,00 secs] 
68,838: [GC (Allocation Failure) [PSYoungGen: 97376K->64K(117248K)] 99447K->2135K(292352K), 0,0004883 secs] [Times: user=0,00 sys=0,00, real=0,00 secs] 
68,888: [GC (Allocation Failure) [PSYoungGen: 116800K->96K(113664K)] 118871K->2167K(288768K), 0,0004485 secs] [Times: user=0,00 sys=0,00, real=0,00 secs] 
68,938: [GC (Allocation Failure) [PSYoungGen: 113248K->96K(110592K)] 115319K->2167K(285696K), 0,0005029 secs] [Times: user=0,00 sys=0,00, real=0,00 secs] 
68,985: [GC (Allocation Failure) [PSYoungGen: 110176K->96K(107520K)] 112247K->2167K(282624K), 0,0004966 secs] [Times: user=0,00 sys=0,00, real=0,00 secs] 
69,032: [GC (Allocation Failure) [PSYoungGen: 107104K->96K(104448K)] 109175K->2167K(279552K), 0,0004756 secs] [Times: user=0,00 sys=0,00, real=0,00 secs] 
69,077: [GC (Allocation Failure) [PSYoungGen: 104032K->32K(101376K)] 106103K->2103K(276480K), 0,0004733 secs] [Times: user=0,00 sys=0,00, real=0,00 secs] 
69,121: [GC (Allocation Failure) [PSYoungGen: 100896K->96K(98816K)] 102967K->2167K(273920K), 0,0004824 secs] [Times: user=0,00 sys=0,00, real=0,00 secs] 
69,163: [GC (Allocation Failure) [PSYoungGen: 98400K->32K(96256K)] 100471K->2103K(271360K), 0,0004598 secs] [Times: user=0,00 sys=0,00, real=0,00 secs] 
69,205: [GC (Allocation Failure) [PSYoungGen: 95776K->64K(93696K)] 97847K->2135K(268800K), 0,0004610 secs] [Times: user=0,00 sys=0,00, real=0,00 secs] 
69,245: [GC (Allocation Failure) [PSYoungGen: 93248K->96K(112640K)] 95319K->2167K(287744K), 0,0004648 secs] [Times: user=0,00 sys=0,00, real=0,00 secs] 
69,294: [GC (Allocation Failure) [PSYoungGen: 112223K->96K(109568K)] 114295K->2167K(284672K), 0,0004509 secs] [Times: user=0,00 sys=0,00, real=0,00 secs] 
69,341: [GC (Allocation Failure) [PSYoungGen: 109152K->64K(106496K)] 111223K->2135K(281600K), 0,0004828 secs] [Times: user=0,00 sys=0,01, real=0,00 secs] 
69,387: [GC (Allocation Failure) [PSYoungGen: 106048K->64K(103424K)] 108119K->2135K(278528K), 0,0004533 secs] [Times: user=0,01 sys=0,00, real=0,00 secs] 
69,432: [GC (Allocation Failure) [PSYoungGen: 102976K->64K(100352K)] 105047K->2135K(275456K), 0,0005104 secs] [Times: user=0,00 sys=0,00, real=0,00 secs] 
69,476: [GC (Allocation Failure) [PSYoungGen: 99904K->96K(97792K)] 101975K->2167K(272896K), 0,0004659 secs] [Times: user=0,00 sys=0,00, real=0,00 secs] 
69,518: [GC (Allocation Failure) [PSYoungGen: 97376K->96K(95232K)] 99447K->2167K(270336K), 0,0004638 secs] [Times: user=0,00 sys=0,00, real=0,00 secs] 
69,559: [GC (Allocation Failure) [PSYoungGen: 94816K->96K(114176K)] 96887K->2167K(289280K), 0,0004700 secs] [Times: user=0,00 sys=0,00, real=0,00 secs] 
69,608: [GC (Allocation Failure) [PSYoungGen: 113760K->96K(110592K)] 115831K->2167K(285696K), 0,0004737 secs] [Times: user=0,00 sys=0,00, real=0,00 secs] 
69,656: [GC (Allocation Failure) [PSYoungGen: 110176K->96K(107520K)] 112247K->2167K(282624K), 0,0004457 secs] [Times: user=0,00 sys=0,00, real=0,00 secs] 
69,702: [GC (Allocation Failure) [PSYoungGen: 107104K->96K(104448K)] 109175K->2167K(279552K), 0,0004456 secs] [Times: user=0,00 sys=0,00, real=0,00 secs] 
69,747: [GC (Allocation Failure) [PSYoungGen: 104032K->96K(101376K)] 106103K->2167K(276480K), 0,0004500 secs] [Times: user=0,00 sys=0,00, real=0,01 secs] 
69,791: [GC (Allocation Failure) [PSYoungGen: 100960K->96K(98816K)] 103031K->2167K(273920K), 0,0004426 secs] [Times: user=0,00 sys=0,00, real=0,00 secs] 
69,834: [GC (Allocation Failure) [PSYoungGen: 98400K->64K(96256K)] 100471K->2135K(271360K), 0,0004595 secs] [Times: user=0,00 sys=0,00, real=0,00 secs] 
69,875: [GC (Allocation Failure) [PSYoungGen: 95808K->64K(93696K)] 97879K->2135K(268800K), 0,0004628 secs] [Times: user=0,00 sys=0,00, real=0,00 secs] 
69,916: [GC (Allocation Failure) [PSYoungGen: 93248K->96K(91136K)] 95319K->2167K(266240K), 0,0004441 secs] [Times: user=0,00 sys=0,00, real=0,00 secs] 
69,955: [GC (Allocation Failure) [PSYoungGen: 90720K->96K(109568K)] 92791K->2167K(284672K), 0,0004752 secs] [Times: user=0,00 sys=0,00, real=0,00 secs] 
70,007: [GC (Allocation Failure) [PSYoungGen: 109152K->96K(106496K)] 111223K->2167K(281600K), 0,0005021 secs] [Times: user=0,00 sys=0,00, real=0,00 secs] 
70,053: [GC (Allocation Failure) [PSYoungGen: 106080K->64K(103424K)] 108151K->2135K(278528K), 0,0004810 secs] [Times: user=0,00 sys=0,00, real=0,00 secs] 
70,098: [GC (Allocation Failure) [PSYoungGen: 102976K->64K(100352K)] 105047K->2135K(275456K), 0,0004735 secs] [Times: user=0,00 sys=0,00, real=0,01 secs] 
70,141: [GC (Allocation Failure) [PSYoungGen: 99904K->96K(97792K)] 101975K->2167K(272896K), 0,0004773 secs] [Times: user=0,00 sys=0,00, real=0,00 secs] 
70,183: [GC (Allocation Failure) [PSYoungGen: 97376K->96K(95232K)] 99447K->2167K(270336K), 0,0004548 secs] [Times: user=0,00 sys=0,00, real=0,00 secs] 
70,224: [GC (Allocation Failure) [PSYoungGen: 94816K->96K(114176K)] 96887K->2167K(289280K), 0,0004699 secs] [Times: user=0,00 sys=0,00, real=0,00 secs] 
70,279: [GC (Allocation Failure) [PSYoungGen: 113760K->64K(110592K)] 115831K->2135K(285696K), 0,0005155 secs] [Times: user=0,00 sys=0,00, real=0,00 secs] 
70,327: [GC (Allocation Failure) [PSYoungGen: 110144K->96K(107520K)] 112215K->2191K(282624K), 0,0005221 secs] [Times: user=0,00 sys=0,00, real=0,01 secs] 
70,374: [GC (Allocation Failure) [PSYoungGen: 107104K->96K(104448K)] 109199K->2191K(279552K), 0,0004876 secs] [Times: user=0,00 sys=0,00, real=0,00 secs] 
70,419: [GC (Allocation Failure) [PSYoungGen: 104032K->96K(101376K)] 106127K->2191K(276480K), 0,0004760 secs] [Times: user=0,01 sys=0,00, real=0,00 secs] 
70,463: [GC (Allocation Failure) [PSYoungGen: 100960K->64K(98816K)] 103055K->2159K(273920K), 0,0004839 secs] [Times: user=0,00 sys=0,00, real=0,00 secs] 
70,506: [GC (Allocation Failure) [PSYoungGen: 98368K->96K(118784K)] 100463K->2191K(293888K), 0,0005206 secs] [Times: user=0,00 sys=0,00, real=0,00 secs] 
70,557: [GC (Allocation Failure) [PSYoungGen: 118368K->64K(115200K)] 120463K->2159K(290304K), 0,0004968 secs] [Times: user=0,01 sys=0,00, real=0,01 secs] 
70,612: [GC (Allocation Failure) [PSYoungGen: 114752K->64K(111616K)] 116847K->2159K(286720K), 0,0004941 secs] [Times: user=0,00 sys=0,00, real=0,00 secs] 
70,660: [GC (Allocation Failure) [PSYoungGen: 111168K->64K(134144K)] 113263K->2159K(309248K), 0,0010524 secs] [Times: user=0,00 sys=0,00, real=0,00 secs] 
70,719: [GC (Allocation Failure) [PSYoungGen: 133696K->96K(161280K)] 135791K->2191K(336384K), 0,0004953 secs] [Times: user=0,00 sys=0,00, real=0,00 secs] 
70,789: [GC (Allocation Failure) [PSYoungGen: 160864K->64K(155648K)] 162959K->2159K(330752K), 0,0004847 secs] [Times: user=0,00 sys=0,00, real=0,00 secs] 
70,856: [GC (Allocation Failure) [PSYoungGen: 155200K->96K(150528K)] 157295K->2191K(325632K), 0,0004848 secs] [Times: user=0,00 sys=0,00, real=0,00 secs] 
70,921: [GC (Allocation Failure) [PSYoungGen: 150112K->64K(145408K)] 152207K->2159K(320512K), 0,0004874 secs] [Times: user=0,00 sys=0,00, real=0,00 secs] 
70,984: [GC (Allocation Failure) [PSYoungGen: 144960K->96K(140800K)] 147055K->2191K(315904K), 0,0005090 secs] [Times: user=0,01 sys=0,00, real=0,00 secs] 
71,045: [GC (Allocation Failure) [PSYoungGen: 140384K->96K(136192K)] 142479K->2191K(311296K), 0,0005049 secs] [Times: user=0,00 sys=0,00, real=0,00 secs] 
71,104: [GC (Allocation Failure) [PSYoungGen: 135776K->96K(132096K)] 137871K->2191K(307200K), 0,0004949 secs] [Times: user=0,01 sys=0,00, real=0,00 secs] 
71,161: [GC (Allocation Failure) [PSYoungGen: 131680K->96K(128000K)] 133775K->2191K(303104K), 0,0004733 secs] [Times: user=0,00 sys=0,00, real=0,00 secs] 
71,216: [GC (Allocation Failure) [PSYoungGen: 127584K->96K(123904K)] 129679K->2191K(299008K), 0,0004718 secs] [Times: user=0,00 sys=0,00, real=0,00 secs] 
71,269: [GC (Allocation Failure) [PSYoungGen: 123488K->96K(120320K)] 125583K->2191K(295424K), 0,0004595 secs] [Times: user=0,00 sys=0,00, real=0,00 secs] 
71,321: [GC (Allocation Failure) [PSYoungGen: 119904K->64K(116736K)] 121999K->2159K(291840K), 0,0004724 secs] [Times: user=0,01 sys=0,00, real=0,00 secs] 
71,372: [GC (Allocation Failure) [PSYoungGen: 116288K->64K(113152K)] 118383K->2159K(288256K), 0,0004790 secs] [Times: user=0,00 sys=0,00, real=0,00 secs] 
71,421: [GC (Allocation Failure) [PSYoungGen: 112704K->64K(110080K)] 114799K->2159K(285184K), 0,0004761 secs] [Times: user=0,01 sys=0,00, real=0,00 secs] 
71,468: [GC (Allocation Failure) [PSYoungGen: 109632K->96K(107008K)] 111727K->2191K(282112K), 0,0004805 secs] [Times: user=0,00 sys=0,00, real=0,00 secs] 
71,515: [GC (Allocation Failure) [PSYoungGen: 106592K->96K(103936K)] 108687K->2191K(279040K), 0,0005036 secs] [Times: user=0,00 sys=0,00, real=0,00 secs] 
71,560: [GC (Allocation Failure) [PSYoungGen: 103520K->96K(100864K)] 105615K->2191K(275968K), 0,0004990 secs] [Times: user=0,01 sys=0,00, real=0,00 secs] 
71,604: [GC (Allocation Failure) [PSYoungGen: 100448K->64K(98304K)] 102543K->2159K(273408K), 0,0005246 secs] [Times: user=0,00 sys=0,00, real=0,00 secs] 
71,646: [GC (Allocation Failure) [PSYoungGen: 97856K->64K(95744K)] 99951K->2159K(270848K), 0,0004734 secs] [Times: user=0,00 sys=0,00, real=0,00 secs] 
71,688: [GC (Allocation Failure) [PSYoungGen: 95296K->96K(93184K)] 97391K->2191K(268288K), 0,0004850 secs] [Times: user=0,00 sys=0,00, real=0,01 secs] 
71,728: [GC (Allocation Failure) [PSYoungGen: 92768K->64K(112128K)] 94863K->2159K(287232K), 0,0004549 secs] [Times: user=0,01 sys=0,00, real=0,00 secs] 
71,776: [GC (Allocation Failure) [PSYoungGen: 111680K->96K(109056K)] 113775K->2191K(284160K), 0,0004724 secs] [Times: user=0,00 sys=0,00, real=0,00 secs] 
71,823: [GC (Allocation Failure) [PSYoungGen: 108640K->64K(105984K)] 110735K->2159K(281088K), 0,0004711 secs] [Times: user=0,00 sys=0,00, real=0,00 secs] 
71,869: [GC (Allocation Failure) [PSYoungGen: 105536K->96K(102912K)] 107631K->2191K(278016K), 0,0004859 secs] [Times: user=0,00 sys=0,00, real=0,00 secs] 
71,913: [GC (Allocation Failure) [PSYoungGen: 102496K->96K(99840K)] 104591K->2191K(274944K), 0,0004721 secs] [Times: user=0,00 sys=0,00, real=0,00 secs] 
71,956: [GC (Allocation Failure) [PSYoungGen: 99424K->0K(97280K)] 101519K->2095K(272384K), 0,0004868 secs] [Times: user=0,00 sys=0,00, real=0,00 secs] 
71,999: [GC (Allocation Failure) [PSYoungGen: 96767K->64K(116736K)] 98863K->2159K(291840K), 0,0004940 secs] [Times: user=0,00 sys=0,00, real=0,00 secs] 
72,049: [GC (Allocation Failure) [PSYoungGen: 116288K->64K(113152K)] 118383K->2159K(288256K), 0,0004804 secs] [Times: user=0,00 sys=0,00, real=0,00 secs] 
72,098: [GC (Allocation Failure) [PSYoungGen: 112704K->96K(110080K)] 114799K->2191K(285184K), 0,0004815 secs] [Times: user=0,00 sys=0,00, real=0,00 secs] 
72,146: [GC (Allocation Failure) [PSYoungGen: 109664K->96K(107008K)] 111759K->2191K(282112K), 0,0004844 secs] [Times: user=0,00 sys=0,00, real=0,00 secs] 
72,192: [GC (Allocation Failure) [PSYoungGen: 106592K->64K(103936K)] 108687K->2159K(279040K), 0,0004690 secs] [Times: user=0,00 sys=0,00, real=0,00 secs] 
72,237: [GC (Allocation Failure) [PSYoungGen: 103488K->32K(100864K)] 105583K->2127K(275968K), 0,0004734 secs] [Times: user=0,00 sys=0,00, real=0,00 secs] 
72,280: [GC (Allocation Failure) [PSYoungGen: 100384K->96K(98304K)] 102479K->2191K(273408K), 0,0004647 secs] [Times: user=0,00 sys=0,00, real=0,00 secs] 
72,323: [GC (Allocation Failure) [PSYoungGen: 97888K->96K(95744K)] 99983K->2191K(270848K), 0,0004728 secs] [Times: user=0,00 sys=0,00, real=0,00 secs] 
72,364: [GC (Allocation Failure) [PSYoungGen: 95328K->96K(93184K)] 97423K->2191K(268288K), 0,0004715 secs] [Times: user=0,00 sys=0,00, real=0,00 secs] 
72,404: [GC (Allocation Failure) [PSYoungGen: 92768K->96K(112128K)] 94863K->2191K(287232K), 0,0004632 secs] [Times: user=0,00 sys=0,00, real=0,00 secs] 
72,453: [GC (Allocation Failure) [PSYoungGen: 111712K->64K(109056K)] 113807K->2159K(284160K), 0,0004866 secs] [Times: user=0,00 sys=0,00, real=0,00 secs] 
72,500: [GC (Allocation Failure) [PSYoungGen: 108608K->96K(105984K)] 110703K->2191K(281088K), 0,0005119 secs] [Times: user=0,01 sys=0,00, real=0,00 secs] 
72,546: [GC (Allocation Failure) [PSYoungGen: 105568K->64K(102912K)] 107663K->2159K(278016K), 0,0004812 secs] [Times: user=0,00 sys=0,00, real=0,00 secs] 
72,591: [GC (Allocation Failure) [PSYoungGen: 102464K->96K(99840K)] 104559K->2191K(274944K), 0,0004614 secs] [Times: user=0,00 sys=0,00, real=0,00 secs] 
72,634: [GC (Allocation Failure) [PSYoungGen: 99424K->96K(97280K)] 101519K->2191K(272384K), 0,0004850 secs] [Times: user=0,00 sys=0,00, real=0,00 secs] 
72,676: [GC (Allocation Failure) [PSYoungGen: 96864K->64K(94720K)] 98959K->2159K(269824K), 0,0004640 secs] [Times: user=0,00 sys=0,00, real=0,00 secs] 
72,717: [GC (Allocation Failure) [PSYoungGen: 94272K->96K(113664K)] 96367K->2191K(288768K), 0,0004617 secs] [Times: user=0,00 sys=0,00, real=0,00 secs] 
72,766: [GC (Allocation Failure) [PSYoungGen: 113248K->64K(110592K)] 115343K->2159K(285696K), 0,0004677 secs] [Times: user=0,00 sys=0,00, real=0,00 secs] 
72,814: [GC (Allocation Failure) [PSYoungGen: 110144K->96K(107520K)] 112239K->2191K(282624K), 0,0004705 secs] [Times: user=0,00 sys=0,00, real=0,00 secs] 
72,860: [GC (Allocation Failure) [PSYoungGen: 107104K->64K(104448K)] 109199K->2159K(279552K), 0,0004818 secs] [Times: user=0,00 sys=0,00, real=0,00 secs] 
72,905: [GC (Allocation Failure) [PSYoungGen: 104000K->64K(101376K)] 106095K->2159K(276480K), 0,0004709 secs] [Times: user=0,00 sys=0,00, real=0,00 secs] 
72,949: [GC (Allocation Failure) [PSYoungGen: 100928K->64K(98816K)] 103023K->2159K(273920K), 0,0004929 secs] [Times: user=0,00 sys=0,00, real=0,00 secs] 
72,992: [GC (Allocation Failure) [PSYoungGen: 98368K->96K(118784K)] 100463K->2191K(293888K), 0,0005200 secs] [Times: user=0,00 sys=0,00, real=0,00 secs] 
73,044: [GC (Allocation Failure) [PSYoungGen: 118368K->96K(115200K)] 120463K->2191K(290304K), 0,0005009 secs] [Times: user=0,00 sys=0,00, real=0,00 secs] 
73,093: [GC (Allocation Failure) [PSYoungGen: 114784K->96K(111616K)] 116879K->2191K(286720K), 0,0004872 secs] [Times: user=0,00 sys=0,00, real=0,00 secs] 
73,142: [GC (Allocation Failure) [PSYoungGen: 111200K->96K(108544K)] 113295K->2191K(283648K), 0,0004699 secs] [Times: user=0,00 sys=0,00, real=0,00 secs] 
73,188: [GC (Allocation Failure) [PSYoungGen: 108128K->64K(105472K)] 110223K->2159K(280576K), 0,0004739 secs] [Times: user=0,00 sys=0,00, real=0,00 secs] 
73,234: [GC (Allocation Failure) [PSYoungGen: 105024K->96K(102400K)] 107119K->2191K(277504K), 0,0004571 secs] [Times: user=0,00 sys=0,00, real=0,00 secs] 
73,278: [GC (Allocation Failure) [PSYoungGen: 101984K->96K(99328K)] 104079K->2191K(274432K), 0,0004976 secs] [Times: user=0,00 sys=0,00, real=0,00 secs] 
73,323: [GC (Allocation Failure) [PSYoungGen: 98912K->96K(96768K)] 101007K->2191K(271872K), 0,0005102 secs] [Times: user=0,01 sys=0,00, real=0,00 secs] 
73,365: [GC (Allocation Failure) [PSYoungGen: 96352K->64K(94208K)] 98447K->2159K(269312K), 0,0004847 secs] [Times: user=0,00 sys=0,00, real=0,00 secs] 
73,405: [GC (Allocation Failure) [PSYoungGen: 93760K->96K(113152K)] 95855K->2191K(288256K), 0,0004860 secs] [Times: user=0,00 sys=0,00, real=0,00 secs] 
73,456: [GC (Allocation Failure) [PSYoungGen: 112736K->96K(135680K)] 114831K->2191K(310784K), 0,0033996 secs] [Times: user=0,00 sys=0,00, real=0,01 secs] 
73,520: [GC (Allocation Failure) [PSYoungGen: 135264K->64K(131584K)] 137359K->2159K(306688K), 0,0004975 secs] [Times: user=0,00 sys=0,00, real=0,00 secs] 
73,577: [GC (Allocation Failure) [PSYoungGen: 131136K->96K(127488K)] 133231K->2191K(302592K), 0,0004772 secs] [Times: user=0,00 sys=0,00, real=0,00 secs] 
73,632: [GC (Allocation Failure) [PSYoungGen: 127072K->64K(123392K)] 129167K->2159K(298496K), 0,0004649 secs] [Times: user=0,00 sys=0,00, real=0,00 secs] 
73,685: [GC (Allocation Failure) [PSYoungGen: 122944K->64K(119808K)] 125039K->2159K(294912K), 0,0004695 secs] [Times: user=0,00 sys=0,00, real=0,00 secs] 
73,736: [GC (Allocation Failure) [PSYoungGen: 119360K->96K(116224K)] 121455K->2191K(291328K), 0,0004674 secs] [Times: user=0,00 sys=0,00, real=0,00 secs] 
73,787: [GC (Allocation Failure) [PSYoungGen: 115808K->64K(112640K)] 117903K->2159K(287744K), 0,0004725 secs] [Times: user=0,00 sys=0,00, real=0,00 secs] 
73,835: [GC (Allocation Failure) [PSYoungGen: 112192K->32K(109568K)] 114287K->2127K(284672K), 0,0004627 secs] [Times: user=0,00 sys=0,00, real=0,00 secs] 
73,882: [GC (Allocation Failure) [PSYoungGen: 109088K->64K(106496K)] 111183K->2159K(281600K), 0,0004939 secs] [Times: user=0,00 sys=0,00, real=0,00 secs] 
73,928: [GC (Allocation Failure) [PSYoungGen: 106048K->96K(103424K)] 108143K->2191K(278528K), 0,0004520 secs] [Times: user=0,00 sys=0,00, real=0,00 secs] 
73,973: [GC (Allocation Failure) [PSYoungGen: 103008K->96K(100352K)] 105103K->2191K(275456K), 0,0005043 secs] [Times: user=0,00 sys=0,00, real=0,00 secs] 
74,017: [GC (Allocation Failure) [PSYoungGen: 99936K->96K(97792K)] 102031K->2191K(272896K), 0,0004983 secs] [Times: user=0,00 sys=0,00, real=0,00 secs] 
74,059: [GC (Allocation Failure) [PSYoungGen: 97376K->96K(95232K)] 99471K->2191K(270336K), 0,0004533 secs] [Times: user=0,00 sys=0,00, real=0,00 secs] 
74,100: [GC (Allocation Failure) [PSYoungGen: 94816K->64K(92672K)] 96911K->2159K(267776K), 0,0004746 secs] [Times: user=0,00 sys=0,00, real=0,00 secs] 
74,140: [GC (Allocation Failure) [PSYoungGen: 92224K->96K(111104K)] 94319K->2191K(286208K), 0,0004600 secs] [Times: user=0,00 sys=0,00, real=0,00 secs] 
74,188: [GC (Allocation Failure) [PSYoungGen: 110688K->96K(108032K)] 112783K->2191K(283136K), 0,0004482 secs] [Times: user=0,00 sys=0,00, real=0,00 secs] 
74,235: [GC (Allocation Failure) [PSYoungGen: 107616K->96K(104960K)] 109711K->2191K(280064K), 0,0004584 secs] [Times: user=0,00 sys=0,00, real=0,00 secs] 
74,281: [GC (Allocation Failure) [PSYoungGen: 104544K->32K(125952K)] 106639K->2127K(301056K), 0,0020983 secs] [Times: user=0,00 sys=0,00, real=0,00 secs] 
74,347: [GC (Allocation Failure) [PSYoungGen: 125472K->96K(151040K)] 127567K->2191K(326144K), 0,0005205 secs] [Times: user=0,01 sys=0,00, real=0,01 secs] 
74,412: [GC (Allocation Failure) [PSYoungGen: 150624K->64K(181248K)] 152719K->2159K(356352K), 0,0004878 secs] [Times: user=0,00 sys=0,00, real=0,00 secs] 
74,491: [GC (Allocation Failure) [PSYoungGen: 180800K->96K(217600K)] 182895K->2191K(392704K), 0,0005098 secs] [Times: user=0,00 sys=0,01, real=0,00 secs] 
74,584: [GC (Allocation Failure) [PSYoungGen: 217184K->96K(209408K)] 219279K->2191K(384512K), 0,0004829 secs] [Times: user=0,00 sys=0,00, real=0,00 secs] 
74,674: [GC (Allocation Failure) [PSYoungGen: 208992K->64K(201728K)] 211087K->2159K(376832K), 0,0004931 secs] [Times: user=0,00 sys=0,00, real=0,00 secs] 
74,761: [GC (Allocation Failure) [PSYoungGen: 201280K->96K(194560K)] 203375K->2191K(369664K), 0,0004696 secs] [Times: user=0,00 sys=0,00, real=0,00 secs] 
74,845: [GC (Allocation Failure) [PSYoungGen: 194144K->64K(187392K)] 196239K->2159K(362496K), 0,0004786 secs] [Times: user=0,01 sys=0,00, real=0,00 secs] 
74,925: [GC (Allocation Failure) [PSYoungGen: 186944K->64K(180736K)] 189039K->2159K(355840K), 0,0004784 secs] [Times: user=0,00 sys=0,00, real=0,00 secs] 
75,003: [GC (Allocation Failure) [PSYoungGen: 180288K->64K(174592K)] 182383K->2159K(349696K), 0,0005555 secs] [Times: user=0,01 sys=0,00, real=0,00 secs] 
75,079: [GC (Allocation Failure) [PSYoungGen: 174144K->96K(168448K)] 176239K->2191K(343552K), 0,0004904 secs] [Times: user=0,00 sys=0,00, real=0,00 secs] 
75,151: [GC (Allocation Failure) [PSYoungGen: 168032K->96K(162816K)] 170127K->2191K(337920K), 0,0004706 secs] [Times: user=0,00 sys=0,00, real=0,00 secs] 
75,221: [GC (Allocation Failure) [PSYoungGen: 162400K->64K(157184K)] 164495K->2159K(332288K), 0,0004706 secs] [Times: user=0,00 sys=0,00, real=0,00 secs] 
75,289: [GC (Allocation Failure) [PSYoungGen: 156736K->96K(152064K)] 158831K->2191K(327168K), 0,0004872 secs] [Times: user=0,00 sys=0,00, real=0,00 secs] 
75,354: [GC (Allocation Failure) [PSYoungGen: 151648K->96K(146944K)] 153743K->2191K(322048K), 0,0005073 secs] [Times: user=0,00 sys=0,00, real=0,00 secs] 
75,418: [GC (Allocation Failure) [PSYoungGen: 146528K->64K(142336K)] 148623K->2159K(317440K), 0,0004803 secs] [Times: user=0,00 sys=0,00, real=0,01 secs] 
75,479: [GC (Allocation Failure) [PSYoungGen: 141888K->32K(137728K)] 143983K->2127K(312832K), 0,0005173 secs] [Times: user=0,00 sys=0,00, real=0,00 secs] 
75,539: [GC (Allocation Failure) [PSYoungGen: 137248K->96K(133120K)] 139343K->2191K(308224K), 0,0004736 secs] [Times: user=0,00 sys=0,00, real=0,00 secs] 
75,596: [GC (Allocation Failure) [PSYoungGen: 132704K->96K(129024K)] 134799K->2191K(304128K), 0,0004687 secs] [Times: user=0,00 sys=0,00, real=0,00 secs] 
75,652: [GC (Allocation Failure) [PSYoungGen: 128608K->64K(124928K)] 130703K->2159K(300032K), 0,0004479 secs] [Times: user=0,00 sys=0,00, real=0,00 secs] 
75,705: [GC (Allocation Failure) [PSYoungGen: 124480K->64K(121344K)] 126575K->2159K(296448K), 0,0004622 secs] [Times: user=0,00 sys=0,00, real=0,00 secs] 
75,758: [GC (Allocation Failure) [PSYoungGen: 120896K->32K(117760K)] 122991K->2127K(292864K), 0,0004781 secs] [Times: user=0,00 sys=0,00, real=0,00 secs] 
75,808: [GC (Allocation Failure) [PSYoungGen: 117280K->64K(114176K)] 119375K->2159K(289280K), 0,0004502 secs] [Times: user=0,01 sys=0,00, real=0,00 secs] 
75,858: [GC (Allocation Failure) [PSYoungGen: 113728K->96K(110592K)] 115823K->2191K(285696K), 0,0004521 secs] [Times: user=0,01 sys=0,00, real=0,00 secs] 
75,905: [GC (Allocation Failure) [PSYoungGen: 110176K->128K(107520K)] 112271K->2223K(282624K), 0,0004758 secs] [Times: user=0,00 sys=0,00, real=0,00 secs] 
75,952: [GC (Allocation Failure) [PSYoungGen: 107136K->96K(104448K)] 109231K->2191K(279552K), 0,0004820 secs] [Times: user=0,00 sys=0,00, real=0,00 secs] 
75,997: [GC (Allocation Failure) [PSYoungGen: 104032K->96K(101376K)] 106127K->2191K(276480K), 0,0005166 secs] [Times: user=0,00 sys=0,00, real=0,01 secs] 
76,041: [GC (Allocation Failure) [PSYoungGen: 100960K->64K(98816K)] 103055K->2159K(273920K), 0,0004807 secs] [Times: user=0,00 sys=0,00, real=0,00 secs] 
76,084: [GC (Allocation Failure) [PSYoungGen: 98368K->32K(96256K)] 100463K->2127K(271360K), 0,0005210 secs] [Times: user=0,00 sys=0,00, real=0,00 secs] 
76,126: [GC (Allocation Failure) [PSYoungGen: 95776K->64K(93696K)] 97871K->2159K(268800K), 0,0004621 secs] [Times: user=0,01 sys=0,00, real=0,00 secs] 
76,166: [GC (Allocation Failure) [PSYoungGen: 93248K->32K(112640K)] 95343K->2127K(287744K), 0,0004547 secs] [Times: user=0,00 sys=0,00, real=0,00 secs] 
76,215: [GC (Allocation Failure) [PSYoungGen: 112160K->96K(109568K)] 114255K->2191K(284672K), 0,0004608 secs] [Times: user=0,01 sys=0,00, real=0,00 secs] 
76,262: [GC (Allocation Failure) [PSYoungGen: 109152K->64K(106496K)] 111247K->2159K(281600K), 0,0004752 secs] [Times: user=0,00 sys=0,00, real=0,00 secs] 
76,308: [GC (Allocation Failure) [PSYoungGen: 106048K->64K(103424K)] 108143K->2159K(278528K), 0,0004622 secs] [Times: user=0,00 sys=0,00, real=0,00 secs] 
76,352: [GC (Allocation Failure) [PSYoungGen: 102976K->64K(100352K)] 105071K->2159K(275456K), 0,0004894 secs] [Times: user=0,01 sys=0,00, real=0,00 secs] 
76,396: [GC (Allocation Failure) [PSYoungGen: 99904K->96K(97792K)] 101999K->2191K(272896K), 0,0004885 secs] [Times: user=0,00 sys=0,00, real=0,00 secs] 
76,438: [GC (Allocation Failure) [PSYoungGen: 97376K->64K(95232K)] 99471K->2159K(270336K), 0,0004653 secs] [Times: user=0,00 sys=0,00, real=0,00 secs] 
76,479: [GC (Allocation Failure) [PSYoungGen: 94784K->96K(114176K)] 96879K->2191K(289280K), 0,0006457 secs] [Times: user=0,00 sys=0,00, real=0,00 secs] 
76,531: [GC (Allocation Failure) [PSYoungGen: 113760K->96K(137216K)] 115855K->2191K(312320K), 0,0004983 secs] [Times: user=0,01 sys=0,00, real=0,00 secs] 
76,590: [GC (Allocation Failure) [PSYoungGen: 136800K->96K(132608K)] 138895K->2191K(307712K), 0,0004939 secs] [Times: user=0,01 sys=0,00, real=0,00 secs] 
76,648: [GC (Allocation Failure) [PSYoungGen: 132192K->64K(128512K)] 134287K->2159K(303616K), 0,0004900 secs] [Times: user=0,00 sys=0,00, real=0,00 secs] 
76,703: [GC (Allocation Failure) [PSYoungGen: 128064K->96K(124416K)] 130159K->2191K(299520K), 0,0004731 secs] [Times: user=0,00 sys=0,00, real=0,00 secs] 
76,757: [GC (Allocation Failure) [PSYoungGen: 124000K->96K(120832K)] 126095K->2191K(295936K), 0,0004839 secs] [Times: user=0,00 sys=0,00, real=0,00 secs] 
76,809: [GC (Allocation Failure) [PSYoungGen: 120416K->96K(117248K)] 122511K->2191K(292352K), 0,0004657 secs] [Times: user=0,01 sys=0,00, real=0,00 secs] 
76,859: [GC (Allocation Failure) [PSYoungGen: 116832K->32K(113664K)] 118927K->2127K(288768K), 0,0004725 secs] [Times: user=0,00 sys=0,00, real=0,00 secs] 
76,908: [GC (Allocation Failure) [PSYoungGen: 113184K->64K(110592K)] 115279K->2159K(285696K), 0,0004702 secs] [Times: user=0,01 sys=0,00, real=0,00 secs] 
76,956: [GC (Allocation Failure) [PSYoungGen: 110144K->96K(107520K)] 112239K->2191K(282624K), 0,0005349 secs] [Times: user=0,00 sys=0,00, real=0,00 secs] 
77,003: [GC (Allocation Failure) [PSYoungGen: 107104K->64K(104448K)] 109199K->2159K(279552K), 0,0005254 secs] [Times: user=0,00 sys=0,00, real=0,00 secs] 
77,048: [GC (Allocation Failure) [PSYoungGen: 104000K->96K(101376K)] 106095K->2191K(276480K), 0,0004825 secs] [Times: user=0,00 sys=0,00, real=0,00 secs] 
77,091: [GC (Allocation Failure) [PSYoungGen: 100960K->128K(98816K)] 103055K->2223K(273920K), 0,0004675 secs] [Times: user=0,00 sys=0,00, real=0,00 secs] 
77,134: [GC (Allocation Failure) [PSYoungGen: 98432K->64K(96256K)] 100527K->2159K(271360K), 0,0004627 secs] [Times: user=0,00 sys=0,00, real=0,00 secs] 
77,176: [GC (Allocation Failure) [PSYoungGen: 95808K->96K(93696K)] 97903K->2191K(268800K), 0,0004558 secs] [Times: user=0,01 sys=0,00, real=0,00 secs] 
77,216: [GC (Allocation Failure) [PSYoungGen: 93280K->96K(91136K)] 95375K->2191K(266240K), 0,0004601 secs] [Times: user=0,00 sys=0,00, real=0,00 secs] 
77,255: [GC (Allocation Failure) [PSYoungGen: 90720K->96K(109568K)] 92815K->2191K(284672K), 0,0004748 secs] [Times: user=0,00 sys=0,00, real=0,00 secs] 
77,303: [GC (Allocation Failure) [PSYoungGen: 109152K->64K(106496K)] 111247K->2159K(281600K), 0,0004615 secs] [Times: user=0,00 sys=0,00, real=0,00 secs] 
77,349: [GC (Allocation Failure) [PSYoungGen: 106048K->96K(103424K)] 108143K->2191K(278528K), 0,0004936 secs] [Times: user=0,00 sys=0,00, real=0,00 secs] 
77,393: [GC (Allocation Failure) [PSYoungGen: 103008K->96K(100352K)] 105103K->2191K(275456K), 0,0004626 secs] [Times: user=0,01 sys=0,00, real=0,00 secs] 
77,437: [GC (Allocation Failure) [PSYoungGen: 99936K->64K(97792K)] 102031K->2159K(272896K), 0,0004533 secs] [Times: user=0,00 sys=0,00, real=0,00 secs] 
77,479: [GC (Allocation Failure) [PSYoungGen: 97344K->96K(95232K)] 99439K->2191K(270336K), 0,0005031 secs] [Times: user=0,00 sys=0,00, real=0,00 secs] 
77,520: [GC (Allocation Failure) [PSYoungGen: 94816K->96K(114176K)] 96911K->2191K(289280K), 0,0004598 secs] [Times: user=0,00 sys=0,00, real=0,00 secs] 
77,570: [GC (Allocation Failure) [PSYoungGen: 113760K->96K(110592K)] 115855K->2191K(285696K), 0,0004609 secs] [Times: user=0,00 sys=0,00, real=0,00 secs] 
77,617: [GC (Allocation Failure) [PSYoungGen: 110176K->64K(107520K)] 112271K->2159K(282624K), 0,0004571 secs] [Times: user=0,00 sys=0,00, real=0,01 secs] 
77,664: [GC (Allocation Failure) [PSYoungGen: 107072K->96K(104448K)] 109167K->2191K(279552K), 0,0004528 secs] [Times: user=0,00 sys=0,00, real=0,00 secs] 
77,709: [GC (Allocation Failure) [PSYoungGen: 104032K->64K(101376K)] 106127K->2159K(276480K), 0,0004620 secs] [Times: user=0,00 sys=0,00, real=0,00 secs] 
77,753: [GC (Allocation Failure) [PSYoungGen: 100928K->96K(98816K)] 103023K->2191K(273920K), 0,0004496 secs] [Times: user=0,00 sys=0,00, real=0,00 secs] 
77,795: [GC (Allocation Failure) [PSYoungGen: 98400K->96K(96256K)] 100495K->2191K(271360K), 0,0004638 secs] [Times: user=0,00 sys=0,00, real=0,00 secs] 
77,837: [GC (Allocation Failure) [PSYoungGen: 95840K->64K(93696K)] 97935K->2159K(268800K), 0,0004565 secs] [Times: user=0,00 sys=0,00, real=0,00 secs] 
77,877: [GC (Allocation Failure) [PSYoungGen: 93248K->64K(91136K)] 95343K->2159K(266240K), 0,0004570 secs] [Times: user=0,00 sys=0,00, real=0,01 secs] 
77,916: [GC (Allocation Failure) [PSYoungGen: 90688K->64K(109568K)] 92783K->2159K(284672K), 0,0004651 secs] [Times: user=0,00 sys=0,00, real=0,00 secs] 
77,964: [GC (Allocation Failure) [PSYoungGen: 109120K->64K(131584K)] 111215K->2159K(306688K), 0,0005285 secs] [Times: user=0,00 sys=0,00, real=0,00 secs] 
78,025: [GC (Allocation Failure) [PSYoungGen: 131136K->64K(127488K)] 133231K->2159K(302592K), 0,0005110 secs] [Times: user=0,00 sys=0,00, real=0,00 secs] 
78,080: [GC (Allocation Failure) [PSYoungGen: 127040K->64K(123392K)] 129135K->2159K(298496K), 0,0004687 secs] [Times: user=0,00 sys=0,00, real=0,00 secs] 
78,133: [GC (Allocation Failure) [PSYoungGen: 122944K->64K(119808K)] 125039K->2159K(294912K), 0,0004617 secs] [Times: user=0,00 sys=0,00, real=0,00 secs] 
78,185: [GC (Allocation Failure) [PSYoungGen: 119360K->64K(116224K)] 121455K->2159K(291328K), 0,0004759 secs] [Times: user=0,00 sys=0,00, real=0,00 secs] 
78,235: [GC (Allocation Failure) [PSYoungGen: 115776K->96K(112640K)] 117871K->2191K(287744K), 0,0004534 secs] [Times: user=0,01 sys=0,00, real=0,00 secs] 
78,284: [GC (Allocation Failure) [PSYoungGen: 112224K->64K(109568K)] 114319K->2159K(284672K), 0,0004827 secs] [Times: user=0,00 sys=0,00, real=0,00 secs] 
78,331: [GC (Allocation Failure) [PSYoungGen: 109120K->96K(106496K)] 111215K->2191K(281600K), 0,0004913 secs] [Times: user=0,00 sys=0,00, real=0,00 secs] 
78,377: [GC (Allocation Failure) [PSYoungGen: 106080K->96K(103424K)] 108175K->2191K(278528K), 0,0005051 secs] [Times: user=0,00 sys=0,00, real=0,01 secs] 
78,422: [GC (Allocation Failure) [PSYoungGen: 103008K->96K(100352K)] 105103K->2191K(275456K), 0,0004993 secs] [Times: user=0,00 sys=0,00, real=0,00 secs] 
78,465: [GC (Allocation Failure) [PSYoungGen: 99936K->32K(97792K)] 102031K->2127K(272896K), 0,0004773 secs] [Times: user=0,00 sys=0,00, real=0,00 secs] 
78,508: [GC (Allocation Failure) [PSYoungGen: 97312K->96K(95232K)] 99407K->2191K(270336K), 0,0004873 secs] [Times: user=0,00 sys=0,00, real=0,00 secs] 
78,549: [GC (Allocation Failure) [PSYoungGen: 94816K->96K(92672K)] 96911K->2191K(267776K), 0,0004697 secs] [Times: user=0,00 sys=0,00, real=0,00 secs] 
78,589: [GC (Allocation Failure) [PSYoungGen: 92256K->64K(111104K)] 94351K->2159K(286208K), 0,0004452 secs] [Times: user=0,00 sys=0,00, real=0,00 secs] 
78,637: [GC (Allocation Failure) [PSYoungGen: 110656K->96K(108032K)] 112751K->2191K(283136K), 0,0004573 secs] [Times: user=0,00 sys=0,00, real=0,00 secs] 
78,683: [GC (Allocation Failure) [PSYoungGen: 107616K->96K(104960K)] 109711K->2191K(280064K), 0,0004701 secs] [Times: user=0,00 sys=0,00, real=0,00 secs] 
78,729: [GC (Allocation Failure) [PSYoungGen: 104544K->64K(101888K)] 106639K->2159K(276992K), 0,0004566 secs] [Times: user=0,00 sys=0,00, real=0,00 secs] 
78,773: [GC (Allocation Failure) [PSYoungGen: 101440K->64K(98816K)] 103535K->2159K(273920K), 0,0004694 secs] [Times: user=0,00 sys=0,00, real=0,00 secs] 
78,815: [GC (Allocation Failure) [PSYoungGen: 98368K->64K(96256K)] 100463K->2159K(271360K), 0,0004550 secs] [Times: user=0,00 sys=0,00, real=0,00 secs] 
78,857: [GC (Allocation Failure) [PSYoungGen: 95808K->32K(93696K)] 97903K->2127K(268800K), 0,0004739 secs] [Times: user=0,00 sys=0,00, real=0,00 secs] 
78,897: [GC (Allocation Failure) [PSYoungGen: 93216K->128K(112640K)] 95311K->2223K(287744K), 0,0004605 secs] [Times: user=0,00 sys=0,00, real=0,01 secs] 
78,946: [GC (Allocation Failure) [PSYoungGen: 112256K->64K(109568K)] 114351K->2159K(284672K), 0,0005019 secs] [Times: user=0,00 sys=0,00, real=0,00 secs] 
78,994: [GC (Allocation Failure) [PSYoungGen: 109120K->96K(106496K)] 111215K->2191K(281600K), 0,0005182 secs] [Times: user=0,00 sys=0,00, real=0,00 secs] 
79,040: [GC (Allocation Failure) [PSYoungGen: 106080K->96K(103424K)] 108175K->2191K(278528K), 0,0005188 secs] [Times: user=0,00 sys=0,00, real=0,00 secs] 
79,084: [GC (Allocation Failure) [PSYoungGen: 103008K->96K(100352K)] 105103K->2191K(275456K), 0,0004517 secs] [Times: user=0,00 sys=0,00, real=0,00 secs] 
79,128: [GC (Allocation Failure) [PSYoungGen: 99936K->96K(97792K)] 102031K->2191K(272896K), 0,0004596 secs] [Times: user=0,00 sys=0,00, real=0,00 secs] 
79,170: [GC (Allocation Failure) [PSYoungGen: 97376K->64K(95232K)] 99471K->2159K(270336K), 0,0004822 secs] [Times: user=0,00 sys=0,00, real=0,00 secs] 
79,211: [GC (Allocation Failure) [PSYoungGen: 94784K->96K(114176K)] 96879K->2191K(289280K), 0,0004576 secs] [Times: user=0,00 sys=0,00, real=0,00 secs] 
79,260: [GC (Allocation Failure) [PSYoungGen: 113760K->96K(110592K)] 115855K->2191K(285696K), 0,0004716 secs] [Times: user=0,00 sys=0,00, real=0,00 secs] 
79,308: [GC (Allocation Failure) [PSYoungGen: 110175K->64K(107520K)] 112271K->2159K(282624K), 0,0004796 secs] [Times: user=0,00 sys=0,00, real=0,00 secs] 
79,354: [GC (Allocation Failure) [PSYoungGen: 107072K->96K(104448K)] 109167K->2191K(279552K), 0,0004644 secs] [Times: user=0,01 sys=0,00, real=0,00 secs] 
79,399: [GC (Allocation Failure) [PSYoungGen: 104032K->64K(101376K)] 106127K->2159K(276480K), 0,0004681 secs] [Times: user=0,00 sys=0,00, real=0,00 secs] 
79,444: [GC (Allocation Failure) [PSYoungGen: 100928K->96K(121856K)] 103023K->2191K(296960K), 0,0007171 secs] [Times: user=0,00 sys=0,00, real=0,00 secs] 
79,497: [GC (Allocation Failure) [PSYoungGen: 121440K->96K(146432K)] 123535K->2191K(321536K), 0,0005034 secs] [Times: user=0,00 sys=0,00, real=0,00 secs] 
79,560: [GC (Allocation Failure) [PSYoungGen: 146016K->64K(141824K)] 148111K->2159K(316928K), 0,0004624 secs] [Times: user=0,00 sys=0,00, real=0,00 secs] 
79,621: [GC (Allocation Failure) [PSYoungGen: 141376K->64K(137216K)] 143471K->2159K(312320K), 0,0004939 secs] [Times: user=0,00 sys=0,00, real=0,00 secs] 
79,680: [GC (Allocation Failure) [PSYoungGen: 136768K->64K(132608K)] 138863K->2159K(307712K), 0,0004642 secs] [Times: user=0,00 sys=0,00, real=0,00 secs] 
79,737: [GC (Allocation Failure) [PSYoungGen: 132160K->32K(128512K)] 134255K->2127K(303616K), 0,0004679 secs] [Times: user=0,00 sys=0,00, real=0,00 secs] 
79,793: [GC (Allocation Failure) [PSYoungGen: 128032K->96K(124416K)] 130127K->2191K(299520K), 0,0005083 secs] [Times: user=0,00 sys=0,00, real=0,00 secs] 
79,846: [GC (Allocation Failure) [PSYoungGen: 124000K->96K(120832K)] 126095K->2191K(295936K), 0,0004569 secs] [Times: user=0,00 sys=0,00, real=0,00 secs] 
79,898: [GC (Allocation Failure) [PSYoungGen: 120416K->96K(117248K)] 122511K->2191K(292352K), 0,0004673 secs] [Times: user=0,00 sys=0,00, real=0,00 secs] 
79,950: [GC (Allocation Failure) [PSYoungGen: 116832K->64K(113664K)] 118927K->2159K(288768K), 0,0005037 secs] [Times: user=0,01 sys=0,00, real=0,00 secs] 
79,999: [GC (Allocation Failure) [PSYoungGen: 113216K->96K(110592K)] 115311K->2191K(285696K), 0,0004793 secs] [Times: user=0,01 sys=0,00, real=0,00 secs] 
80,047: [GC (Allocation Failure) [PSYoungGen: 110176K->64K(107520K)] 112271K->2159K(282624K), 0,0004797 secs] [Times: user=0,00 sys=0,00, real=0,00 secs] 
80,093: [GC (Allocation Failure) [PSYoungGen: 107072K->96K(104448K)] 109167K->2191K(279552K), 0,0004610 secs] [Times: user=0,00 sys=0,00, real=0,00 secs] 
80,138: [GC (Allocation Failure) [PSYoungGen: 104032K->96K(101376K)] 106127K->2191K(276480K), 0,0004453 secs] [Times: user=0,00 sys=0,00, real=0,00 secs] 
80,182: [GC (Allocation Failure) [PSYoungGen: 100960K->64K(98816K)] 103055K->2159K(273920K), 0,0004703 secs] [Times: user=0,00 sys=0,00, real=0,00 secs] 
80,224: [GC (Allocation Failure) [PSYoungGen: 98368K->64K(96256K)] 100463K->2159K(271360K), 0,0004562 secs] [Times: user=0,00 sys=0,00, real=0,00 secs] 
80,270: [GC (Allocation Failure) [PSYoungGen: 95808K->96K(93696K)] 97903K->2191K(268800K), 0,0005031 secs] [Times: user=0,00 sys=0,00, real=0,00 secs] 
80,313: [GC (Allocation Failure) [PSYoungGen: 93280K->96K(91136K)] 95375K->2215K(266240K), 0,0005247 secs] [Times: user=0,00 sys=0,00, real=0,00 secs] 
80,352: [GC (Allocation Failure) [PSYoungGen: 90720K->64K(109568K)] 92839K->2183K(284672K), 0,0004696 secs] [Times: user=0,00 sys=0,00, real=0,00 secs] 
80,400: [GC (Allocation Failure) [PSYoungGen: 109120K->96K(106496K)] 111239K->2215K(281600K), 0,0004824 secs] [Times: user=0,00 sys=0,00, real=0,00 secs] 
80,446: [GC (Allocation Failure) [PSYoungGen: 106080K->64K(103424K)] 108199K->2183K(278528K), 0,0004818 secs] [Times: user=0,01 sys=0,00, real=0,00 secs] 
80,491: [GC (Allocation Failure) [PSYoungGen: 102976K->96K(100352K)] 105095K->2215K(275456K), 0,0005072 secs] [Times: user=0,00 sys=0,00, real=0,00 secs] 
80,534: [GC (Allocation Failure) [PSYoungGen: 99936K->64K(97792K)] 102055K->2183K(272896K), 0,0005032 secs] [Times: user=0,00 sys=0,00, real=0,00 secs] 
80,577: [GC (Allocation Failure) [PSYoungGen: 97344K->96K(95232K)] 99463K->2215K(270336K), 0,0004734 secs] [Times: user=0,00 sys=0,00, real=0,00 secs] 
80,618: [GC (Allocation Failure) [PSYoungGen: 94816K->64K(114176K)] 96935K->2183K(289280K), 0,0004732 secs] [Times: user=0,00 sys=0,00, real=0,00 secs] 
80,667: [GC (Allocation Failure) [PSYoungGen: 113728K->64K(110592K)] 115847K->2183K(285696K), 0,0004874 secs] [Times: user=0,00 sys=0,00, real=0,01 secs] 
80,715: [GC (Allocation Failure) [PSYoungGen: 110144K->96K(107520K)] 112263K->2215K(282624K), 0,0004755 secs] [Times: user=0,00 sys=0,00, real=0,00 secs] 
80,761: [GC (Allocation Failure) [PSYoungGen: 107104K->64K(104448K)] 109223K->2183K(279552K), 0,0004850 secs] [Times: user=0,00 sys=0,00, real=0,00 secs] 
80,807: [GC (Allocation Failure) [PSYoungGen: 104000K->64K(101376K)] 106119K->2183K(276480K), 0,0004796 secs] [Times: user=0,00 sys=0,00, real=0,00 secs] 
80,850: [GC (Allocation Failure) [PSYoungGen: 100928K->96K(98816K)] 103047K->2215K(273920K), 0,0004627 secs] [Times: user=0,00 sys=0,00, real=0,00 secs] 
80,893: [GC (Allocation Failure) [PSYoungGen: 98400K->64K(96256K)] 100519K->2183K(271360K), 0,0004657 secs] [Times: user=0,00 sys=0,00, real=0,00 secs] 
80,935: [GC (Allocation Failure) [PSYoungGen: 95808K->96K(93696K)] 97927K->2215K(268800K), 0,0004886 secs] [Times: user=0,00 sys=0,00, real=0,00 secs] 
80,975: [GC (Allocation Failure) [PSYoungGen: 93280K->32K(112640K)] 95399K->2151K(287744K), 0,0004815 secs] [Times: user=0,00 sys=0,00, real=0,00 secs] 
81,024: [GC (Allocation Failure) [PSYoungGen: 112160K->96K(109568K)] 114279K->2215K(284672K), 0,0005079 secs] [Times: user=0,00 sys=0,00, real=0,00 secs] 
81,072: [GC (Allocation Failure) [PSYoungGen: 109152K->64K(106496K)] 111271K->2183K(281600K), 0,0004973 secs] [Times: user=0,00 sys=0,00, real=0,00 secs] 
81,118: [GC (Allocation Failure) [PSYoungGen: 106048K->96K(103424K)] 108167K->2215K(278528K), 0,0004660 secs] [Times: user=0,00 sys=0,00, real=0,00 secs] 
81,162: [GC (Allocation Failure) [PSYoungGen: 103008K->96K(100352K)] 105127K->2215K(275456K), 0,0004816 secs] [Times: user=0,00 sys=0,00, real=0,00 secs] 
81,206: [GC (Allocation Failure) [PSYoungGen: 99936K->96K(97792K)] 102055K->2215K(272896K), 0,0004957 secs] [Times: user=0,00 sys=0,00, real=0,00 secs] 
81,248: [GC (Allocation Failure) [PSYoungGen: 97376K->64K(95232K)] 99495K->2183K(270336K), 0,0004729 secs] [Times: user=0,01 sys=0,00, real=0,00 secs] 
81,289: [GC (Allocation Failure) [PSYoungGen: 94784K->64K(114176K)] 96903K->2183K(289280K), 0,0004840 secs] [Times: user=0,00 sys=0,00, real=0,00 secs] 
81,339: [GC (Allocation Failure) [PSYoungGen: 113728K->32K(110592K)] 115847K->2151K(285696K), 0,0004869 secs] [Times: user=0,00 sys=0,00, real=0,00 secs] 
81,387: [GC (Allocation Failure) [PSYoungGen: 110112K->96K(107520K)] 112231K->2215K(282624K), 0,0004824 secs] [Times: user=0,01 sys=0,00, real=0,00 secs] 
81,433: [GC (Allocation Failure) [PSYoungGen: 107104K->96K(104448K)] 109223K->2215K(279552K), 0,0004815 secs] [Times: user=0,00 sys=0,00, real=0,00 secs] 
81,478: [GC (Allocation Failure) [PSYoungGen: 104032K->64K(101376K)] 106151K->2183K(276480K), 0,0004730 secs] [Times: user=0,00 sys=0,00, real=0,00 secs] 
81,523: [GC (Allocation Failure) [PSYoungGen: 100928K->96K(98816K)] 103047K->2215K(273920K), 0,0005137 secs] [Times: user=0,00 sys=0,00, real=0,00 secs] 
81,565: [GC (Allocation Failure) [PSYoungGen: 98400K->96K(96256K)] 100519K->2215K(271360K), 0,0004692 secs] [Times: user=0,00 sys=0,00, real=0,00 secs] 
81,607: [GC (Allocation Failure) [PSYoungGen: 95840K->64K(93696K)] 97959K->2183K(268800K), 0,0004683 secs] [Times: user=0,00 sys=0,00, real=0,00 secs] 
81,647: [GC (Allocation Failure) [PSYoungGen: 93248K->64K(112640K)] 95367K->2183K(287744K), 0,0004717 secs] [Times: user=0,00 sys=0,00, real=0,01 secs] 
81,696: [GC (Allocation Failure) [PSYoungGen: 112192K->96K(109568K)] 114311K->2215K(284672K), 0,0004884 secs] [Times: user=0,00 sys=0,00, real=0,00 secs] 
81,743: [GC (Allocation Failure) [PSYoungGen: 109152K->64K(106496K)] 111271K->2183K(281600K), 0,0004760 secs] [Times: user=0,01 sys=0,00, real=0,00 secs] 
81,789: [GC (Allocation Failure) [PSYoungGen: 106048K->64K(103424K)] 108167K->2183K(278528K), 0,0004804 secs] [Times: user=0,00 sys=0,00, real=0,00 secs] 
81,834: [GC (Allocation Failure) [PSYoungGen: 102976K->64K(100352K)] 105095K->2183K(275456K), 0,0004656 secs] [Times: user=0,00 sys=0,00, real=0,00 secs] 
81,877: [GC (Allocation Failure) [PSYoungGen: 99904K->96K(97792K)] 102023K->2215K(272896K), 0,0004631 secs] [Times: user=0,00 sys=0,00, real=0,01 secs] 
81,919: [GC (Allocation Failure) [PSYoungGen: 97376K->32K(95232K)] 99495K->2151K(270336K), 0,0004721 secs] [Times: user=0,00 sys=0,00, real=0,00 secs] 
81,961: [GC (Allocation Failure) [PSYoungGen: 94752K->96K(114176K)] 96871K->2215K(289280K), 0,0004874 secs] [Times: user=0,01 sys=0,00, real=0,00 secs] 
82,010: [GC (Allocation Failure) [PSYoungGen: 113760K->96K(110592K)] 115879K->2215K(285696K), 0,0005048 secs] [Times: user=0,01 sys=0,00, real=0,00 secs] 
82,058: [GC (Allocation Failure) [PSYoungGen: 110176K->96K(107520K)] 112295K->2215K(282624K), 0,0004800 secs] [Times: user=0,00 sys=0,00, real=0,00 secs] 
82,105: [GC (Allocation Failure) [PSYoungGen: 107104K->96K(104448K)] 109223K->2215K(279552K), 0,0005161 secs] [Times: user=0,00 sys=0,00, real=0,00 secs] 
82,150: [GC (Allocation Failure) [PSYoungGen: 104032K->96K(101376K)] 106151K->2215K(276480K), 0,0004900 secs] [Times: user=0,00 sys=0,00, real=0,00 secs] 
82,194: [GC (Allocation Failure) [PSYoungGen: 100960K->64K(121856K)] 103079K->2183K(296960K), 0,0005211 secs] [Times: user=0,00 sys=0,00, real=0,00 secs] 
82,246: [GC (Allocation Failure) [PSYoungGen: 121408K->64K(118272K)] 123527K->2183K(293376K), 0,0004932 secs] [Times: user=0,00 sys=0,00, real=0,00 secs] 
82,297: [GC (Allocation Failure) [PSYoungGen: 117824K->96K(114688K)] 119943K->2215K(289792K), 0,0004742 secs] [Times: user=0,01 sys=0,00, real=0,00 secs] 
82,347: [GC (Allocation Failure) [PSYoungGen: 114272K->96K(111104K)] 116391K->2215K(286208K), 0,0004756 secs] [Times: user=0,01 sys=0,00, real=0,01 secs] 
82,395: [GC (Allocation Failure) [PSYoungGen: 110688K->64K(108032K)] 112807K->2183K(283136K), 0,0004857 secs] [Times: user=0,00 sys=0,00, real=0,00 secs] 
82,442: [GC (Allocation Failure) [PSYoungGen: 107584K->96K(104960K)] 109703K->2215K(280064K), 0,0004854 secs] [Times: user=0,00 sys=0,00, real=0,00 secs] 
82,487: [GC (Allocation Failure) [PSYoungGen: 104544K->96K(101888K)] 106663K->2215K(276992K), 0,0005090 secs] [Times: user=0,00 sys=0,00, real=0,01 secs] 
82,532: [GC (Allocation Failure) [PSYoungGen: 101472K->96K(98816K)] 103591K->2215K(273920K), 0,0004950 secs] [Times: user=0,00 sys=0,00, real=0,00 secs] 
82,574: [GC (Allocation Failure) [PSYoungGen: 98400K->96K(96256K)] 100519K->2215K(271360K), 0,0004883 secs] [Times: user=0,01 sys=0,00, real=0,00 secs] 
82,616: [GC (Allocation Failure) [PSYoungGen: 95840K->96K(93696K)] 97959K->2215K(268800K), 0,0004620 secs] [Times: user=0,00 sys=0,00, real=0,00 secs] 
82,656: [GC (Allocation Failure) [PSYoungGen: 93280K->96K(112640K)] 95399K->2215K(287744K), 0,0004657 secs] [Times: user=0,00 sys=0,00, real=0,00 secs] 
82,705: [GC (Allocation Failure) [PSYoungGen: 112224K->96K(109568K)] 114343K->2215K(284672K), 0,0004871 secs] [Times: user=0,00 sys=0,01, real=0,00 secs] 
82,752: [GC (Allocation Failure) [PSYoungGen: 109152K->96K(106496K)] 111271K->2215K(281600K), 0,0004679 secs] [Times: user=0,00 sys=0,00, real=0,00 secs] 
82,799: [GC (Allocation Failure) [PSYoungGen: 106080K->64K(103424K)] 108199K->2183K(278528K), 0,0005083 secs] [Times: user=0,00 sys=0,00, real=0,00 secs] 
82,843: [GC (Allocation Failure) [PSYoungGen: 102976K->32K(100352K)] 105095K->2151K(275456K), 0,0004897 secs] [Times: user=0,00 sys=0,00, real=0,00 secs] 
82,887: [GC (Allocation Failure) [PSYoungGen: 99872K->64K(97792K)] 101991K->2183K(272896K), 0,0004762 secs] [Times: user=0,00 sys=0,00, real=0,00 secs] 
82,929: [GC (Allocation Failure) [PSYoungGen: 97344K->96K(95232K)] 99463K->2215K(270336K), 0,0004721 secs] [Times: user=0,00 sys=0,00, real=0,00 secs] 
82,970: [GC (Allocation Failure) [PSYoungGen: 94816K->96K(114176K)] 96935K->2215K(289280K), 0,0004851 secs] [Times: user=0,01 sys=0,00, real=0,00 secs] 
83,020: [GC (Allocation Failure) [PSYoungGen: 113760K->96K(110592K)] 115879K->2215K(285696K), 0,0005169 secs] [Times: user=0,01 sys=0,00, real=0,00 secs] 
83,068: [GC (Allocation Failure) [PSYoungGen: 110176K->64K(107520K)] 112295K->2183K(282624K), 0,0004972 secs] [Times: user=0,00 sys=0,00, real=0,00 secs] 
83,114: [GC (Allocation Failure) [PSYoungGen: 107072K->96K(104448K)] 109191K->2215K(279552K), 0,0004607 secs] [Times: user=0,00 sys=0,00, real=0,00 secs] 
83,159: [GC (Allocation Failure) [PSYoungGen: 104032K->96K(101376K)] 106151K->2215K(276480K), 0,0004720 secs] [Times: user=0,00 sys=0,00, real=0,00 secs] 
83,203: [GC (Allocation Failure) [PSYoungGen: 100960K->64K(98816K)] 103079K->2183K(273920K), 0,0004878 secs] [Times: user=0,00 sys=0,00, real=0,00 secs] 
83,246: [GC (Allocation Failure) [PSYoungGen: 98368K->96K(96256K)] 100487K->2215K(271360K), 0,0004826 secs] [Times: user=0,00 sys=0,00, real=0,00 secs] 
83,288: [GC (Allocation Failure) [PSYoungGen: 95840K->96K(115712K)] 97959K->2215K(290816K), 0,0005058 secs] [Times: user=0,00 sys=0,00, real=0,00 secs] 
83,339: [GC (Allocation Failure) [PSYoungGen: 115296K->64K(112128K)] 117415K->2183K(287232K), 0,0004896 secs] [Times: user=0,00 sys=0,00, real=0,00 secs] 
83,387: [GC (Allocation Failure) [PSYoungGen: 111680K->96K(109056K)] 113799K->2215K(284160K), 0,0005045 secs] [Times: user=0,00 sys=0,00, real=0,00 secs] 
83,435: [GC (Allocation Failure) [PSYoungGen: 108640K->64K(105984K)] 110759K->2183K(281088K), 0,0004647 secs] [Times: user=0,00 sys=0,00, real=0,00 secs] 
83,481: [GC (Allocation Failure) [PSYoungGen: 105536K->96K(127488K)] 107655K->2215K(302592K), 0,0006092 secs] [Times: user=0,00 sys=0,00, real=0,00 secs] 
83,536: [GC (Allocation Failure) [PSYoungGen: 127072K->96K(123392K)] 129191K->2215K(298496K), 0,0004999 secs] [Times: user=0,01 sys=0,00, real=0,00 secs] 
83,589: [GC (Allocation Failure) [PSYoungGen: 122976K->64K(119808K)] 125095K->2183K(294912K), 0,0004681 secs] [Times: user=0,00 sys=0,00, real=0,00 secs] 
83,641: [GC (Allocation Failure) [PSYoungGen: 119360K->64K(116224K)] 121479K->2183K(291328K), 0,0004650 secs] [Times: user=0,00 sys=0,00, real=0,00 secs] 
83,691: [GC (Allocation Failure) [PSYoungGen: 115776K->96K(112640K)] 117895K->2215K(287744K), 0,0004494 secs] [Times: user=0,00 sys=0,00, real=0,00 secs] 
83,739: [GC (Allocation Failure) [PSYoungGen: 112224K->64K(109568K)] 114343K->2183K(284672K), 0,0004513 secs] [Times: user=0,00 sys=0,00, real=0,00 secs] 
83,787: [GC (Allocation Failure) [PSYoungGen: 109120K->96K(106496K)] 111239K->2215K(281600K), 0,0004870 secs] [Times: user=0,00 sys=0,00, real=0,01 secs] 
83,833: [GC (Allocation Failure) [PSYoungGen: 106080K->96K(103424K)] 108199K->2215K(278528K), 0,0004596 secs] [Times: user=0,01 sys=0,00, real=0,00 secs] 
83,878: [GC (Allocation Failure) [PSYoungGen: 103008K->64K(100352K)] 105127K->2183K(275456K), 0,0004636 secs] [Times: user=0,00 sys=0,00, real=0,00 secs] 
83,921: [GC (Allocation Failure) [PSYoungGen: 99904K->64K(97792K)] 102023K->2183K(272896K), 0,0004609 secs] [Times: user=0,00 sys=0,00, real=0,00 secs] 
83,964: [GC (Allocation Failure) [PSYoungGen: 97344K->96K(95232K)] 99463K->2215K(270336K), 0,0005063 secs] [Times: user=0,00 sys=0,00, real=0,00 secs] 
84,005: [GC (Allocation Failure) [PSYoungGen: 94816K->96K(92672K)] 96935K->2215K(267776K), 0,0004714 secs] [Times: user=0,00 sys=0,00, real=0,00 secs] 
84,045: [GC (Allocation Failure) [PSYoungGen: 92256K->64K(111104K)] 94375K->2183K(286208K), 0,0004726 secs] [Times: user=0,00 sys=0,00, real=0,00 secs] 
84,093: [GC (Allocation Failure) [PSYoungGen: 110656K->96K(108032K)] 112775K->2215K(283136K), 0,0004962 secs] [Times: user=0,00 sys=0,00, real=0,00 secs] 
84,139: [GC (Allocation Failure) [PSYoungGen: 107616K->96K(104960K)] 109735K->2215K(280064K), 0,0004537 secs] [Times: user=0,00 sys=0,00, real=0,00 secs] 
84,185: [GC (Allocation Failure) [PSYoungGen: 104544K->96K(101888K)] 106663K->2215K(276992K), 0,0004562 secs] [Times: user=0,00 sys=0,00, real=0,00 secs] 
84,228: [GC (Allocation Failure) [PSYoungGen: 101472K->96K(98816K)] 103591K->2215K(273920K), 0,0004696 secs] [Times: user=0,00 sys=0,00, real=0,00 secs] 
84,271: [GC (Allocation Failure) [PSYoungGen: 98400K->96K(96256K)] 100519K->2215K(271360K), 0,0004577 secs] [Times: user=0,00 sys=0,00, real=0,00 secs] 
84,313: [GC (Allocation Failure) [PSYoungGen: 95840K->32K(93696K)] 97959K->2151K(268800K), 0,0004820 secs] [Times: user=0,00 sys=0,00, real=0,00 secs] 
84,353: [GC (Allocation Failure) [PSYoungGen: 93216K->96K(112640K)] 95335K->2215K(287744K), 0,0004691 secs] [Times: user=0,00 sys=0,00, real=0,00 secs] 
84,402: [GC (Allocation Failure) [PSYoungGen: 112224K->96K(109568K)] 114343K->2215K(284672K), 0,0004611 secs] [Times: user=0,00 sys=0,00, real=0,00 secs] 
84,449: [GC (Allocation Failure) [PSYoungGen: 109152K->64K(106496K)] 111271K->2183K(281600K), 0,0004907 secs] [Times: user=0,00 sys=0,00, real=0,00 secs] 
84,496: [GC (Allocation Failure) [PSYoungGen: 106048K->64K(103424K)] 108167K->2183K(278528K), 0,0005072 secs] [Times: user=0,01 sys=0,00, real=0,00 secs] 
84,543: [GC (Allocation Failure) [PSYoungGen: 102976K->96K(100352K)] 105095K->2215K(275456K), 0,0012784 secs] [Times: user=0,00 sys=0,00, real=0,00 secs] 
84,588: [GC (Allocation Failure) [PSYoungGen: 99936K->96K(120320K)] 102055K->2215K(295424K), 0,0008713 secs] [Times: user=0,00 sys=0,00, real=0,00 secs] 
84,643: [GC (Allocation Failure) [PSYoungGen: 119904K->64K(116736K)] 122023K->2183K(291840K), 0,0004891 secs] [Times: user=0,00 sys=0,00, real=0,00 secs] 
84,695: [GC (Allocation Failure) [PSYoungGen: 116288K->96K(113152K)] 118407K->2215K(288256K), 0,0005027 secs] [Times: user=0,00 sys=0,00, real=0,00 secs] 
84,743: [GC (Allocation Failure) [PSYoungGen: 112736K->64K(110080K)] 114855K->2183K(285184K), 0,0004826 secs] [Times: user=0,00 sys=0,00, real=0,00 secs] 
84,791: [GC (Allocation Failure) [PSYoungGen: 109632K->32K(107008K)] 111751K->2151K(282112K), 0,0004690 secs] [Times: user=0,00 sys=0,00, real=0,00 secs] 
84,837: [GC (Allocation Failure) [PSYoungGen: 106528K->32K(103936K)] 108647K->2151K(279040K), 0,0004508 secs] [Times: user=0,00 sys=0,00, real=0,01 secs] 
84,882: [GC (Allocation Failure) [PSYoungGen: 103456K->64K(100864K)] 105575K->2183K(275968K), 0,0004487 secs] [Times: user=0,00 sys=0,00, real=0,00 secs] 
84,925: [GC (Allocation Failure) [PSYoungGen: 100416K->96K(98304K)] 102535K->2215K(273408K), 0,0004485 secs] [Times: user=0,01 sys=0,00, real=0,00 secs] 
84,968: [GC (Allocation Failure) [PSYoungGen: 97888K->96K(95744K)] 100007K->2215K(270848K), 0,0004959 secs] [Times: user=0,00 sys=0,00, real=0,00 secs] 
85,009: [GC (Allocation Failure) [PSYoungGen: 95328K->32K(93184K)] 97447K->2151K(268288K), 0,0004842 secs] [Times: user=0,00 sys=0,01, real=0,00 secs] 
85,050: [GC (Allocation Failure) [PSYoungGen: 92704K->96K(112128K)] 94823K->2215K(287232K), 0,0004791 secs] [Times: user=0,00 sys=0,00, real=0,00 secs] 
85,098: [GC (Allocation Failure) [PSYoungGen: 111712K->64K(109056K)] 113831K->2183K(284160K), 0,0004576 secs] [Times: user=0,00 sys=0,00, real=0,00 secs] 
85,145: [GC (Allocation Failure) [PSYoungGen: 108608K->96K(105984K)] 110727K->2215K(281088K), 0,0004804 secs] [Times: user=0,00 sys=0,00, real=0,00 secs] 
85,191: [GC (Allocation Failure) [PSYoungGen: 105568K->64K(102912K)] 107687K->2183K(278016K), 0,0004650 secs] [Times: user=0,00 sys=0,00, real=0,00 secs] 
85,235: [GC (Allocation Failure) [PSYoungGen: 102464K->96K(99840K)] 104583K->2215K(274944K), 0,0004679 secs] [Times: user=0,00 sys=0,00, real=0,00 secs] 
85,278: [GC (Allocation Failure) [PSYoungGen: 99424K->96K(97280K)] 101543K->2215K(272384K), 0,0005014 secs] [Times: user=0,00 sys=0,00, real=0,00 secs] 
85,324: [GC (Allocation Failure) [PSYoungGen: 96863K->64K(94720K)] 98983K->2183K(269824K), 0,0004964 secs] [Times: user=0,00 sys=0,00, real=0,00 secs] 
85,365: [GC (Allocation Failure) [PSYoungGen: 94272K->64K(113664K)] 96391K->2183K(288768K), 0,0004670 secs] [Times: user=0,00 sys=0,00, real=0,00 secs] 
85,414: [GC (Allocation Failure) [PSYoungGen: 113216K->64K(110592K)] 115335K->2183K(285696K), 0,0004543 secs] [Times: user=0,00 sys=0,00, real=0,00 secs] 
85,462: [GC (Allocation Failure) [PSYoungGen: 110144K->96K(107520K)] 112263K->2215K(282624K), 0,0005046 secs] [Times: user=0,00 sys=0,00, real=0,00 secs] 
85,508: [GC (Allocation Failure) [PSYoungGen: 107104K->96K(104448K)] 109223K->2215K(279552K), 0,0004743 secs] [Times: user=0,00 sys=0,00, real=0,00 secs] 
85,553: [GC (Allocation Failure) [PSYoungGen: 104032K->64K(101376K)] 106151K->2183K(276480K), 0,0005309 secs] [Times: user=0,00 sys=0,00, real=0,00 secs] 
85,597: [GC (Allocation Failure) [PSYoungGen: 100928K->96K(98816K)] 103047K->2215K(273920K), 0,0004596 secs] [Times: user=0,00 sys=0,00, real=0,00 secs] 
85,640: [GC (Allocation Failure) [PSYoungGen: 98400K->64K(96256K)] 100519K->2183K(271360K), 0,0004617 secs] [Times: user=0,00 sys=0,00, real=0,00 secs] 
85,681: [GC (Allocation Failure) [PSYoungGen: 95808K->64K(93696K)] 97927K->2183K(268800K), 0,0004625 secs] [Times: user=0,00 sys=0,00, real=0,00 secs] 
85,722: [GC (Allocation Failure) [PSYoungGen: 93248K->96K(112640K)] 95367K->2215K(287744K), 0,0004690 secs] [Times: user=0,00 sys=0,00, real=0,00 secs] 
85,770: [GC (Allocation Failure) [PSYoungGen: 112224K->64K(109568K)] 114343K->2183K(284672K), 0,0004722 secs] [Times: user=0,00 sys=0,00, real=0,00 secs] 
85,818: [GC (Allocation Failure) [PSYoungGen: 109120K->64K(106496K)] 111239K->2183K(281600K), 0,0004559 secs] [Times: user=0,00 sys=0,00, real=0,00 secs] 
85,864: [GC (Allocation Failure) [PSYoungGen: 106048K->96K(103424K)] 108167K->2215K(278528K), 0,0004518 secs] [Times: user=0,00 sys=0,00, real=0,00 secs] 
85,908: [GC (Allocation Failure) [PSYoungGen: 103008K->64K(100352K)] 105127K->2183K(275456K), 0,0004465 secs] [Times: user=0,00 sys=0,00, real=0,00 secs] 
85,952: [GC (Allocation Failure) [PSYoungGen: 99904K->96K(97792K)] 102023K->2215K(272896K), 0,0005055 secs] [Times: user=0,00 sys=0,00, real=0,00 secs] 
85,994: [GC (Allocation Failure) [PSYoungGen: 97376K->64K(95232K)] 99495K->2183K(270336K), 0,0004735 secs] [Times: user=0,01 sys=0,00, real=0,00 secs] 
86,035: [GC (Allocation Failure) [PSYoungGen: 94784K->96K(92672K)] 96903K->2215K(267776K), 0,0004848 secs] [Times: user=0,00 sys=0,00, real=0,00 secs] 
86,075: [GC (Allocation Failure) [PSYoungGen: 92256K->96K(111104K)] 94375K->2215K(286208K), 0,0004553 secs] [Times: user=0,00 sys=0,00, real=0,00 secs] 
86,123: [GC (Allocation Failure) [PSYoungGen: 110688K->96K(108032K)] 112807K->2215K(283136K), 0,0004599 secs] [Times: user=0,01 sys=0,00, real=0,00 secs] 
86,170: [GC (Allocation Failure) [PSYoungGen: 107616K->96K(104960K)] 109735K->2215K(280064K), 0,0004609 secs] [Times: user=0,00 sys=0,00, real=0,00 secs] 
86,215: [GC (Allocation Failure) [PSYoungGen: 104544K->96K(101888K)] 106663K->2215K(276992K), 0,0004574 secs] [Times: user=0,00 sys=0,00, real=0,00 secs] 
86,259: [GC (Allocation Failure) [PSYoungGen: 101472K->64K(98816K)] 103591K->2183K(273920K), 0,0004658 secs] [Times: user=0,00 sys=0,00, real=0,00 secs] 
86,302: [GC (Allocation Failure) [PSYoungGen: 98368K->96K(96256K)] 100487K->2215K(271360K), 0,0004620 secs] [Times: user=0,01 sys=0,00, real=0,00 secs] 
86,343: [GC (Allocation Failure) [PSYoungGen: 95840K->96K(93696K)] 97959K->2215K(268800K), 0,0004550 secs] [Times: user=0,00 sys=0,00, real=0,00 secs] 
86,384: [GC (Allocation Failure) [PSYoungGen: 93280K->96K(91136K)] 95399K->2215K(266240K), 0,0004578 secs] [Times: user=0,00 sys=0,00, real=0,00 secs] 
86,423: [GC (Allocation Failure) [PSYoungGen: 90720K->64K(109568K)] 92839K->2183K(284672K), 0,0004487 secs] [Times: user=0,00 sys=0,00, real=0,00 secs] 
86,471: [GC (Allocation Failure) [PSYoungGen: 109120K->96K(131584K)] 111239K->2215K(306688K), 0,0005210 secs] [Times: user=0,00 sys=0,00, real=0,00 secs] 
86,528: [GC (Allocation Failure) [PSYoungGen: 131168K->96K(127488K)] 133287K->2215K(302592K), 0,0004785 secs] [Times: user=0,00 sys=0,00, real=0,00 secs] 
86,583: [GC (Allocation Failure) [PSYoungGen: 127072K->96K(123392K)] 129191K->2215K(298496K), 0,0004690 secs] [Times: user=0,00 sys=0,00, real=0,00 secs] 
86,636: [GC (Allocation Failure) [PSYoungGen: 122976K->96K(119808K)] 125095K->2215K(294912K), 0,0004803 secs] [Times: user=0,00 sys=0,00, real=0,00 secs] 
86,688: [GC (Allocation Failure) [PSYoungGen: 119392K->64K(116224K)] 121511K->2183K(291328K), 0,0004595 secs] [Times: user=0,01 sys=0,00, real=0,00 secs] 
86,738: [GC (Allocation Failure) [PSYoungGen: 115776K->96K(112640K)] 117895K->2215K(287744K), 0,0004816 secs] [Times: user=0,01 sys=0,00, real=0,00 secs] 
86,786: [GC (Allocation Failure) [PSYoungGen: 112224K->64K(109568K)] 114343K->2183K(284672K), 0,0004791 secs] [Times: user=0,00 sys=0,00, real=0,00 secs] 
86,834: [GC (Allocation Failure) [PSYoungGen: 109120K->64K(106496K)] 111239K->2183K(281600K), 0,0004645 secs] [Times: user=0,00 sys=0,00, real=0,00 secs] 
86,879: [GC (Allocation Failure) [PSYoungGen: 106048K->64K(103424K)] 108167K->2183K(278528K), 0,0004474 secs] [Times: user=0,00 sys=0,00, real=0,00 secs] 
86,924: [GC (Allocation Failure) [PSYoungGen: 102976K->96K(100352K)] 105095K->2215K(275456K), 0,0004613 secs] [Times: user=0,00 sys=0,00, real=0,00 secs] 
86,968: [GC (Allocation Failure) [PSYoungGen: 99936K->96K(97792K)] 102055K->2215K(272896K), 0,0005173 secs] [Times: user=0,00 sys=0,00, real=0,00 secs] 
87,011: [GC (Allocation Failure) [PSYoungGen: 97376K->96K(95232K)] 99495K->2215K(270336K), 0,0004727 secs] [Times: user=0,00 sys=0,00, real=0,00 secs] 
87,052: [GC (Allocation Failure) [PSYoungGen: 94816K->96K(92672K)] 96935K->2215K(267776K), 0,0004679 secs] [Times: user=0,00 sys=0,00, real=0,00 secs] 
87,092: [GC (Allocation Failure) [PSYoungGen: 92256K->96K(111104K)] 94375K->2215K(286208K), 0,0004815 secs] [Times: user=0,00 sys=0,00, real=0,00 secs] 
87,140: [GC (Allocation Failure) [PSYoungGen: 110688K->96K(108032K)] 112807K->2215K(283136K), 0,0004591 secs] [Times: user=0,00 sys=0,00, real=0,00 secs] 
87,186: [GC (Allocation Failure) [PSYoungGen: 107616K->96K(104960K)] 109735K->2215K(280064K), 0,0004497 secs] [Times: user=0,00 sys=0,00, real=0,00 secs] 
87,232: [GC (Allocation Failure) [PSYoungGen: 104544K->96K(101888K)] 106663K->2215K(276992K), 0,0004585 secs] [Times: user=0,00 sys=0,00, real=0,00 secs] 
87,276: [GC (Allocation Failure) [PSYoungGen: 101472K->96K(98816K)] 103591K->2215K(273920K), 0,0004693 secs] [Times: user=0,00 sys=0,00, real=0,00 secs] 
87,318: [GC (Allocation Failure) [PSYoungGen: 98400K->64K(96256K)] 100519K->2183K(271360K), 0,0004668 secs] [Times: user=0,00 sys=0,00, real=0,00 secs] 
87,360: [GC (Allocation Failure) [PSYoungGen: 95808K->64K(93696K)] 97927K->2183K(268800K), 0,0004756 secs] [Times: user=0,00 sys=0,00, real=0,00 secs] 
87,400: [GC (Allocation Failure) [PSYoungGen: 93248K->96K(112640K)] 95367K->2215K(287744K), 0,0004477 secs] [Times: user=0,01 sys=0,00, real=0,00 secs] 
87,449: [GC (Allocation Failure) [PSYoungGen: 112224K->96K(109568K)] 114343K->2215K(284672K), 0,0004578 secs] [Times: user=0,00 sys=0,00, real=0,00 secs] 
87,497: [GC (Allocation Failure) [PSYoungGen: 109152K->96K(106496K)] 111271K->2215K(281600K), 0,0005112 secs] [Times: user=0,00 sys=0,00, real=0,01 secs] 
87,543: [GC (Allocation Failure) [PSYoungGen: 106080K->96K(103424K)] 108199K->2215K(278528K), 0,0004755 secs] [Times: user=0,00 sys=0,00, real=0,00 secs] 
87,587: [GC (Allocation Failure) [PSYoungGen: 103008K->64K(100352K)] 105127K->2183K(275456K), 0,0004818 secs] [Times: user=0,00 sys=0,00, real=0,00 secs] 
87,631: [GC (Allocation Failure) [PSYoungGen: 99904K->96K(97792K)] 102023K->2215K(272896K), 0,0004649 secs] [Times: user=0,00 sys=0,00, real=0,00 secs] 
87,673: [GC (Allocation Failure) [PSYoungGen: 97376K->96K(95232K)] 99495K->2215K(270336K), 0,0004597 secs] [Times: user=0,00 sys=0,00, real=0,00 secs] 
87,714: [GC (Allocation Failure) [PSYoungGen: 94816K->64K(92672K)] 96935K->2183K(267776K), 0,0004580 secs] [Times: user=0,00 sys=0,00, real=0,00 secs] 
87,754: [GC (Allocation Failure) [PSYoungGen: 92224K->64K(111104K)] 94343K->2183K(286208K), 0,0004631 secs] [Times: user=0,00 sys=0,00, real=0,00 secs] 
87,802: [GC (Allocation Failure) [PSYoungGen: 110656K->96K(108032K)] 112775K->2215K(283136K), 0,0004508 secs] [Times: user=0,00 sys=0,01, real=0,00 secs] 
87,848: [GC (Allocation Failure) [PSYoungGen: 107616K->64K(104960K)] 109735K->2183K(280064K), 0,0004520 secs] [Times: user=0,00 sys=0,00, real=0,00 secs] 
87,894: [GC (Allocation Failure) [PSYoungGen: 104512K->64K(101888K)] 106631K->2183K(276992K), 0,0004532 secs] [Times: user=0,00 sys=0,00, real=0,00 secs] 
87,938: [GC (Allocation Failure) [PSYoungGen: 101440K->64K(98816K)] 103559K->2183K(273920K), 0,0004710 secs] [Times: user=0,00 sys=0,00, real=0,00 secs] 
87,981: [GC (Allocation Failure) [PSYoungGen: 98368K->96K(96256K)] 100487K->2215K(271360K), 0,0005014 secs] [Times: user=0,00 sys=0,00, real=0,00 secs] 
88,023: [GC (Allocation Failure) [PSYoungGen: 95840K->64K(93696K)] 97959K->2183K(268800K), 0,0005028 secs] [Times: user=0,00 sys=0,00, real=0,00 secs] 
88,063: [GC (Allocation Failure) [PSYoungGen: 93248K->96K(112640K)] 95367K->2215K(287744K), 0,0004802 secs] [Times: user=0,00 sys=0,00, real=0,00 secs] 
88,112: [GC (Allocation Failure) [PSYoungGen: 112224K->32K(109568K)] 114343K->2151K(284672K), 0,0004668 secs] [Times: user=0,00 sys=0,00, real=0,00 secs] 
88,159: [GC (Allocation Failure) [PSYoungGen: 109088K->96K(106496K)] 111207K->2215K(281600K), 0,0004416 secs] [Times: user=0,00 sys=0,00, real=0,00 secs] 
88,205: [GC (Allocation Failure) [PSYoungGen: 106080K->128K(103424K)] 108199K->2247K(278528K), 0,0004627 secs] [Times: user=0,00 sys=0,00, real=0,00 secs] 
88,249: [GC (Allocation Failure) [PSYoungGen: 103040K->96K(100352K)] 105159K->2215K(275456K), 0,0004689 secs] [Times: user=0,00 sys=0,00, real=0,00 secs] 
88,293: [GC (Allocation Failure) [PSYoungGen: 99936K->96K(97792K)] 102055K->2215K(272896K), 0,0004696 secs] [Times: user=0,00 sys=0,00, real=0,00 secs] 
88,335: [GC (Allocation Failure) [PSYoungGen: 97376K->96K(95232K)] 99495K->2215K(270336K), 0,0004633 secs] [Times: user=0,00 sys=0,00, real=0,00 secs] 
88,376: [GC (Allocation Failure) [PSYoungGen: 94816K->96K(114176K)] 96935K->2215K(289280K), 0,0004562 secs] [Times: user=0,00 sys=0,00, real=0,00 secs] 
88,425: [GC (Allocation Failure) [PSYoungGen: 113760K->96K(110592K)] 115879K->2215K(285696K), 0,0004440 secs] [Times: user=0,00 sys=0,00, real=0,00 secs] 
88,473: [GC (Allocation Failure) [PSYoungGen: 110176K->96K(107520K)] 112295K->2215K(282624K), 0,0004980 secs] [Times: user=0,00 sys=0,00, real=0,00 secs] 
88,523: [GC (Allocation Failure) [PSYoungGen: 107104K->96K(104448K)] 109223K->2215K(279552K), 0,0004872 secs] [Times: user=0,00 sys=0,00, real=0,00 secs] 
88,568: [GC (Allocation Failure) [PSYoungGen: 104032K->64K(101376K)] 106151K->2183K(276480K), 0,0004658 secs] [Times: user=0,00 sys=0,00, real=0,00 secs] 
88,612: [GC (Allocation Failure) [PSYoungGen: 100928K->64K(98816K)] 103047K->2183K(273920K), 0,0004619 secs] [Times: user=0,00 sys=0,00, real=0,00 secs] 
88,655: [GC (Allocation Failure) [PSYoungGen: 98368K->64K(96256K)] 100487K->2183K(271360K), 0,0004640 secs] [Times: user=0,00 sys=0,00, real=0,00 secs] 
88,696: [GC (Allocation Failure) [PSYoungGen: 95808K->64K(93696K)] 97927K->2183K(268800K), 0,0004435 secs] [Times: user=0,00 sys=0,00, real=0,00 secs] 
88,737: [GC (Allocation Failure) [PSYoungGen: 93248K->32K(112640K)] 95367K->2151K(287744K), 0,0004714 secs] [Times: user=0,00 sys=0,00, real=0,00 secs] 
88,785: [GC (Allocation Failure) [PSYoungGen: 112160K->64K(109568K)] 114279K->2183K(284672K), 0,0004595 secs] [Times: user=0,00 sys=0,00, real=0,00 secs] 
88,832: [GC (Allocation Failure) [PSYoungGen: 109120K->96K(131584K)] 111239K->2215K(306688K), 0,0005387 secs] [Times: user=0,00 sys=0,00, real=0,00 secs] 
88,889: [GC (Allocation Failure) [PSYoungGen: 131168K->96K(127488K)] 133287K->2215K(302592K), 0,0004555 secs] [Times: user=0,00 sys=0,00, real=0,00 secs] 
88,944: [GC (Allocation Failure) [PSYoungGen: 127072K->96K(123392K)] 129191K->2215K(298496K), 0,0004935 secs] [Times: user=0,00 sys=0,00, real=0,00 secs] 
88,998: [GC (Allocation Failure) [PSYoungGen: 122976K->96K(119808K)] 125095K->2215K(294912K), 0,0005011 secs] [Times: user=0,00 sys=0,00, real=0,00 secs] 
89,051: [GC (Allocation Failure) [PSYoungGen: 119392K->96K(116224K)] 121511K->2215K(291328K), 0,0004734 secs] [Times: user=0,00 sys=0,00, real=0,00 secs] 
89,101: [GC (Allocation Failure) [PSYoungGen: 115808K->96K(112640K)] 117927K->2215K(287744K), 0,0004486 secs] [Times: user=0,00 sys=0,00, real=0,00 secs] 
89,149: [GC (Allocation Failure) [PSYoungGen: 112224K->64K(109568K)] 114343K->2183K(284672K), 0,0004369 secs] [Times: user=0,00 sys=0,00, real=0,00 secs] 
89,196: [GC (Allocation Failure) [PSYoungGen: 109120K->96K(106496K)] 111239K->2215K(281600K), 0,0004651 secs] [Times: user=0,00 sys=0,00, real=0,00 secs] 
89,242: [GC (Allocation Failure) [PSYoungGen: 106080K->96K(103424K)] 108199K->2215K(278528K), 0,0004580 secs] [Times: user=0,01 sys=0,00, real=0,00 secs] 
89,287: [GC (Allocation Failure) [PSYoungGen: 103008K->96K(100352K)] 105127K->2215K(275456K), 0,0004584 secs] [Times: user=0,00 sys=0,00, real=0,01 secs] 
89,330: [GC (Allocation Failure) [PSYoungGen: 99936K->64K(97792K)] 102055K->2183K(272896K), 0,0004641 secs] [Times: user=0,00 sys=0,00, real=0,00 secs] 
89,372: [GC (Allocation Failure) [PSYoungGen: 97344K->64K(95232K)] 99463K->2183K(270336K), 0,0004473 secs] [Times: user=0,00 sys=0,00, real=0,00 secs] 
89,413: [GC (Allocation Failure) [PSYoungGen: 94784K->64K(92672K)] 96903K->2183K(267776K), 0,0004608 secs] [Times: user=0,00 sys=0,00, real=0,00 secs] 
89,453: [GC (Allocation Failure) [PSYoungGen: 92224K->96K(90112K)] 94343K->2215K(265216K), 0,0003978 secs] [Times: user=0,00 sys=0,00, real=0,00 secs] 
89,492: [GC (Allocation Failure) [PSYoungGen: 89696K->96K(108032K)] 91815K->2215K(283136K), 0,0004953 secs] [Times: user=0,00 sys=0,00, real=0,00 secs] 
89,539: [GC (Allocation Failure) [PSYoungGen: 107616K->96K(104960K)] 109735K->2215K(280064K), 0,0004768 secs] [Times: user=0,01 sys=0,00, real=0,00 secs] 
89,585: [GC (Allocation Failure) [PSYoungGen: 104543K->64K(101888K)] 106663K->2183K(276992K), 0,0004645 secs] [Times: user=0,00 sys=0,00, real=0,00 secs] 
89,629: [GC (Allocation Failure) [PSYoungGen: 101440K->96K(98816K)] 103559K->2215K(273920K), 0,0004637 secs] [Times: user=0,01 sys=0,00, real=0,00 secs] 
89,671: [GC (Allocation Failure) [PSYoungGen: 98400K->32K(96256K)] 100519K->2151K(271360K), 0,0004700 secs] [Times: user=0,00 sys=0,00, real=0,00 secs] 
89,713: [GC (Allocation Failure) [PSYoungGen: 95776K->64K(115712K)] 97895K->2183K(290816K), 0,0004664 secs] [Times: user=0,00 sys=0,00, real=0,00 secs] 
89,763: [GC (Allocation Failure) [PSYoungGen: 115264K->64K(112128K)] 117383K->2183K(287232K), 0,0004768 secs] [Times: user=0,00 sys=0,00, real=0,00 secs] 
89,811: [GC (Allocation Failure) [PSYoungGen: 111680K->32K(109056K)] 113799K->2151K(284160K), 0,0004498 secs] [Times: user=0,00 sys=0,00, real=0,00 secs] 
89,858: [GC (Allocation Failure) [PSYoungGen: 108576K->96K(105984K)] 110695K->2215K(281088K), 0,0004548 secs] [Times: user=0,00 sys=0,00, real=0,00 secs] 
89,904: [GC (Allocation Failure) [PSYoungGen: 105568K->64K(102912K)] 107687K->2183K(278016K), 0,0004380 secs] [Times: user=0,00 sys=0,00, real=0,00 secs] 
89,948: [GC (Allocation Failure) [PSYoungGen: 102464K->96K(99840K)] 104583K->2215K(274944K), 0,0005055 secs] [Times: user=0,00 sys=0,00, real=0,00 secs] 
89,992: [GC (Allocation Failure) [PSYoungGen: 99424K->96K(97280K)] 101543K->2215K(272384K), 0,0004677 secs] [Times: user=0,00 sys=0,00, real=0,00 secs] 
90,034: [GC (Allocation Failure) [PSYoungGen: 96864K->32K(94720K)] 98983K->2151K(269824K), 0,0004674 secs] [Times: user=0,00 sys=0,00, real=0,00 secs] 
90,075: [GC (Allocation Failure) [PSYoungGen: 94240K->96K(92160K)] 96359K->2215K(267264K), 0,0004614 secs] [Times: user=0,00 sys=0,00, real=0,00 secs] 
90,115: [GC (Allocation Failure) [PSYoungGen: 91744K->96K(110592K)] 93863K->2215K(285696K), 0,0004539 secs] [Times: user=0,00 sys=0,00, real=0,00 secs] 
90,162: [GC (Allocation Failure) [PSYoungGen: 110176K->64K(107520K)] 112295K->2183K(282624K), 0,0004574 secs] [Times: user=0,00 sys=0,00, real=0,00 secs] 
90,209: [GC (Allocation Failure) [PSYoungGen: 107072K->64K(104448K)] 109191K->2183K(279552K), 0,0004707 secs] [Times: user=0,00 sys=0,00, real=0,00 secs] 
90,254: [GC (Allocation Failure) [PSYoungGen: 104000K->96K(101376K)] 106119K->2215K(276480K), 0,0004742 secs] [Times: user=0,00 sys=0,00, real=0,00 secs] 
90,304: [GC (Allocation Failure) [PSYoungGen: 100960K->96K(98816K)] 103079K->2215K(273920K), 0,0005073 secs] [Times: user=0,00 sys=0,00, real=0,00 secs] 
90,347: [GC (Allocation Failure) [PSYoungGen: 98400K->96K(118784K)] 100519K->2239K(293888K), 0,0005539 secs] [Times: user=0,00 sys=0,00, real=0,00 secs] 
90,398: [GC (Allocation Failure) [PSYoungGen: 118368K->96K(115200K)] 120511K->2239K(290304K), 0,0004900 secs] [Times: user=0,01 sys=0,00, real=0,00 secs] 
90,448: [GC (Allocation Failure) [PSYoungGen: 114784K->64K(111616K)] 116927K->2207K(286720K), 0,0004708 secs] [Times: user=0,01 sys=0,00, real=0,00 secs] 
90,496: [GC (Allocation Failure) [PSYoungGen: 111168K->96K(108544K)] 113311K->2239K(283648K), 0,0005078 secs] [Times: user=0,00 sys=0,00, real=0,00 secs] 
90,543: [GC (Allocation Failure) [PSYoungGen: 108128K->96K(105472K)] 110271K->2239K(280576K), 0,0004935 secs] [Times: user=0,00 sys=0,00, real=0,00 secs] 
90,589: [GC (Allocation Failure) [PSYoungGen: 105056K->96K(102400K)] 107199K->2239K(277504K), 0,0004699 secs] [Times: user=0,00 sys=0,00, real=0,00 secs] 
90,633: [GC (Allocation Failure) [PSYoungGen: 101984K->96K(99328K)] 104127K->2239K(274432K), 0,0004662 secs] [Times: user=0,00 sys=0,00, real=0,00 secs] 
90,676: [GC (Allocation Failure) [PSYoungGen: 98912K->96K(96768K)] 101055K->2239K(271872K), 0,0004698 secs] [Times: user=0,00 sys=0,00, real=0,00 secs] 
90,718: [GC (Allocation Failure) [PSYoungGen: 96352K->64K(94208K)] 98495K->2207K(269312K), 0,0004730 secs] [Times: user=0,00 sys=0,00, real=0,00 secs] 
90,759: [GC (Allocation Failure) [PSYoungGen: 93760K->96K(113152K)] 95903K->2239K(288256K), 0,0004683 secs] [Times: user=0,00 sys=0,00, real=0,00 secs] 
90,808: [GC (Allocation Failure) [PSYoungGen: 112736K->96K(110080K)] 114879K->2239K(285184K), 0,0004833 secs] [Times: user=0,00 sys=0,00, real=0,00 secs] 
90,855: [GC (Allocation Failure) [PSYoungGen: 109664K->96K(107008K)] 111807K->2239K(282112K), 0,0004687 secs] [Times: user=0,00 sys=0,00, real=0,00 secs] 
90,902: [GC (Allocation Failure) [PSYoungGen: 106592K->96K(103936K)] 108735K->2239K(279040K), 0,0004934 secs] [Times: user=0,00 sys=0,00, real=0,00 secs] 
90,947: [GC (Allocation Failure) [PSYoungGen: 103520K->96K(100864K)] 105663K->2239K(275968K), 0,0004874 secs] [Times: user=0,00 sys=0,00, real=0,01 secs] 
90,991: [GC (Allocation Failure) [PSYoungGen: 100448K->96K(98304K)] 102591K->2239K(273408K), 0,0004998 secs] [Times: user=0,00 sys=0,00, real=0,00 secs] 
91,035: [GC (Allocation Failure) [PSYoungGen: 97888K->96K(95744K)] 100031K->2239K(270848K), 0,0004984 secs] [Times: user=0,00 sys=0,00, real=0,00 secs] 
91,080: [GC (Allocation Failure) [PSYoungGen: 95328K->64K(115200K)] 97471K->2207K(290304K), 0,0005503 secs] [Times: user=0,00 sys=0,00, real=0,00 secs] 
91,131: [GC (Allocation Failure) [PSYoungGen: 114752K->96K(111616K)] 116895K->2239K(286720K), 0,0004865 secs] [Times: user=0,00 sys=0,00, real=0,00 secs] 
91,180: [GC (Allocation Failure) [PSYoungGen: 111200K->96K(108544K)] 113343K->2239K(283648K), 0,0005092 secs] [Times: user=0,00 sys=0,00, real=0,00 secs] 
91,229: [GC (Allocation Failure) [PSYoungGen: 108128K->96K(105472K)] 110271K->2239K(280576K), 0,0005516 secs] [Times: user=0,00 sys=0,00, real=0,00 secs] 
91,280: [GC (Allocation Failure) [PSYoungGen: 105056K->96K(102400K)] 107199K->2239K(277504K), 0,0004971 secs] [Times: user=0,00 sys=0,00, real=0,00 secs] 
91,324: [GC (Allocation Failure) [PSYoungGen: 101984K->96K(99328K)] 104127K->2239K(274432K), 0,0004645 secs] [Times: user=0,00 sys=0,00, real=0,00 secs] 
91,367: [GC (Allocation Failure) [PSYoungGen: 98912K->96K(96768K)] 101055K->2239K(271872K), 0,0004823 secs] [Times: user=0,00 sys=0,00, real=0,01 secs] 
91,409: [GC (Allocation Failure) [PSYoungGen: 96352K->96K(94208K)] 98495K->2239K(269312K), 0,0004711 secs] [Times: user=0,00 sys=0,00, real=0,00 secs] 
91,450: [GC (Allocation Failure) [PSYoungGen: 93792K->96K(113152K)] 95935K->2239K(288256K), 0,0004721 secs] [Times: user=0,00 sys=0,00, real=0,00 secs] 
91,499: [GC (Allocation Failure) [PSYoungGen: 112736K->96K(110080K)] 114879K->2239K(285184K), 0,0005180 secs] [Times: user=0,01 sys=0,00, real=0,00 secs] 
91,547: [GC (Allocation Failure) [PSYoungGen: 109664K->64K(107008K)] 111807K->2207K(282112K), 0,0005030 secs] [Times: user=0,00 sys=0,00, real=0,01 secs] 
91,593: [GC (Allocation Failure) [PSYoungGen: 106560K->96K(103936K)] 108703K->2239K(279040K), 0,0004720 secs] [Times: user=0,00 sys=0,00, real=0,00 secs] 
91,638: [GC (Allocation Failure) [PSYoungGen: 103520K->96K(100864K)] 105663K->2239K(275968K), 0,0004761 secs] [Times: user=0,01 sys=0,00, real=0,00 secs] 
91,686: [GC (Allocation Failure) [PSYoungGen: 100448K->96K(98304K)] 102591K->2239K(273408K), 0,0004666 secs] [Times: user=0,00 sys=0,00, real=0,00 secs] 
91,728: [GC (Allocation Failure) [PSYoungGen: 97888K->64K(95744K)] 100031K->2207K(270848K), 0,0004661 secs] [Times: user=0,00 sys=0,00, real=0,00 secs] 
91,770: [GC (Allocation Failure) [PSYoungGen: 95296K->96K(115200K)] 97439K->2239K(290304K), 0,0004831 secs] [Times: user=0,00 sys=0,00, real=0,00 secs] 
91,819: [GC (Allocation Failure) [PSYoungGen: 114784K->64K(111616K)] 116927K->2207K(286720K), 0,0004763 secs] [Times: user=0,00 sys=0,00, real=0,00 secs] 
91,867: [GC (Allocation Failure) [PSYoungGen: 111168K->32K(108544K)] 113311K->2175K(283648K), 0,0004768 secs] [Times: user=0,00 sys=0,00, real=0,00 secs] 
91,914: [GC (Allocation Failure) [PSYoungGen: 108064K->96K(105472K)] 110207K->2239K(280576K), 0,0004716 secs] [Times: user=0,01 sys=0,00, real=0,00 secs] 
91,960: [GC (Allocation Failure) [PSYoungGen: 105056K->96K(102400K)] 107199K->2239K(277504K), 0,0004764 secs] [Times: user=0,00 sys=0,00, real=0,00 secs] 
92,005: [GC (Allocation Failure) [PSYoungGen: 101984K->96K(99328K)] 104127K->2239K(274432K), 0,0005016 secs] [Times: user=0,00 sys=0,00, real=0,00 secs] 
92,048: [GC (Allocation Failure) [PSYoungGen: 98912K->96K(96768K)] 101055K->2239K(271872K), 0,0004819 secs] [Times: user=0,00 sys=0,00, real=0,00 secs] 
92,090: [GC (Allocation Failure) [PSYoungGen: 96352K->64K(94208K)] 98495K->2207K(269312K), 0,0004690 secs] [Times: user=0,00 sys=0,00, real=0,00 secs] 
92,131: [GC (Allocation Failure) [PSYoungGen: 93760K->64K(113152K)] 95903K->2207K(288256K), 0,0004695 secs] [Times: user=0,00 sys=0,00, real=0,00 secs] 
92,179: [GC (Allocation Failure) [PSYoungGen: 112704K->64K(110080K)] 114847K->2207K(285184K), 0,0004769 secs] [Times: user=0,00 sys=0,00, real=0,00 secs] 
92,227: [GC (Allocation Failure) [PSYoungGen: 109632K->64K(107008K)] 111775K->2207K(282112K), 0,0004689 secs] [Times: user=0,00 sys=0,00, real=0,01 secs] 
92,273: [GC (Allocation Failure) [PSYoungGen: 106560K->96K(103936K)] 108703K->2239K(279040K), 0,0004811 secs] [Times: user=0,00 sys=0,00, real=0,00 secs] 
92,318: [GC (Allocation Failure) [PSYoungGen: 103520K->64K(100864K)] 105663K->2207K(275968K), 0,0004692 secs] [Times: user=0,00 sys=0,00, real=0,00 secs] 
92,362: [GC (Allocation Failure) [PSYoungGen: 100416K->96K(98304K)] 102559K->2239K(273408K), 0,0004672 secs] [Times: user=0,00 sys=0,00, real=0,00 secs] 
92,404: [GC (Allocation Failure) [PSYoungGen: 97888K->96K(95744K)] 100031K->2239K(270848K), 0,0004753 secs] [Times: user=0,00 sys=0,00, real=0,00 secs] 
92,446: [GC (Allocation Failure) [PSYoungGen: 95328K->64K(115200K)] 97471K->2207K(290304K), 0,0004754 secs] [Times: user=0,00 sys=0,00, real=0,00 secs] 
92,496: [GC (Allocation Failure) [PSYoungGen: 114752K->96K(111616K)] 116895K->2239K(286720K), 0,0005080 secs] [Times: user=0,00 sys=0,00, real=0,00 secs] 
92,544: [GC (Allocation Failure) [PSYoungGen: 111200K->96K(108544K)] 113343K->2239K(283648K), 0,0004925 secs] [Times: user=0,00 sys=0,00, real=0,00 secs] 
92,591: [GC (Allocation Failure) [PSYoungGen: 108128K->64K(105472K)] 110271K->2207K(280576K), 0,0004657 secs] [Times: user=0,00 sys=0,00, real=0,00 secs] 
92,637: [GC (Allocation Failure) [PSYoungGen: 105024K->64K(102400K)] 107167K->2207K(277504K), 0,0005147 secs] [Times: user=0,00 sys=0,01, real=0,00 secs] 
92,681: [GC (Allocation Failure) [PSYoungGen: 101952K->96K(99328K)] 104095K->2239K(274432K), 0,0004707 secs] [Times: user=0,00 sys=0,00, real=0,00 secs] 
92,724: [GC (Allocation Failure) [PSYoungGen: 98912K->96K(96768K)] 101055K->2239K(271872K), 0,0004663 secs] [Times: user=0,00 sys=0,00, real=0,00 secs] 
92,765: [GC (Allocation Failure) [PSYoungGen: 96352K->64K(94208K)] 98495K->2207K(269312K), 0,0004542 secs] [Times: user=0,00 sys=0,00, real=0,00 secs] 
92,806: [GC (Allocation Failure) [PSYoungGen: 93760K->64K(113152K)] 95903K->2207K(288256K), 0,0004606 secs] [Times: user=0,01 sys=0,00, real=0,00 secs] 
92,855: [GC (Allocation Failure) [PSYoungGen: 112704K->64K(110080K)] 114847K->2207K(285184K), 0,0004664 secs] [Times: user=0,00 sys=0,00, real=0,00 secs] 
92,902: [GC (Allocation Failure) [PSYoungGen: 109632K->96K(107008K)] 111775K->2239K(282112K), 0,0004771 secs] [Times: user=0,00 sys=0,00, real=0,00 secs] 
92,949: [GC (Allocation Failure) [PSYoungGen: 106592K->96K(103936K)] 108735K->2239K(279040K), 0,0004795 secs] [Times: user=0,00 sys=0,00, real=0,00 secs] 
92,994: [GC (Allocation Failure) [PSYoungGen: 103520K->96K(100864K)] 105663K->2239K(275968K), 0,0005012 secs] [Times: user=0,01 sys=0,00, real=0,00 secs] 
93,038: [GC (Allocation Failure) [PSYoungGen: 100448K->64K(121344K)] 102591K->2207K(296448K), 0,0005275 secs] [Times: user=0,00 sys=0,00, real=0,00 secs] 
93,090: [GC (Allocation Failure) [PSYoungGen: 120896K->96K(117760K)] 123039K->2239K(292864K), 0,0004916 secs] [Times: user=0,00 sys=0,00, real=0,00 secs] 
93,141: [GC (Allocation Failure) [PSYoungGen: 117344K->96K(114176K)] 119487K->2239K(289280K), 0,0004862 secs] [Times: user=0,00 sys=0,00, real=0,00 secs] 
93,190: [GC (Allocation Failure) [PSYoungGen: 113760K->96K(110592K)] 115903K->2239K(285696K), 0,0004640 secs] [Times: user=0,00 sys=0,00, real=0,00 secs] 
93,238: [GC (Allocation Failure) [PSYoungGen: 110176K->64K(107520K)] 112319K->2207K(282624K), 0,0005123 secs] [Times: user=0,00 sys=0,00, real=0,00 secs] 
93,285: [GC (Allocation Failure) [PSYoungGen: 107072K->96K(104448K)] 109215K->2239K(279552K), 0,0005094 secs] [Times: user=0,00 sys=0,00, real=0,00 secs] 
93,331: [GC (Allocation Failure) [PSYoungGen: 104032K->96K(101376K)] 106175K->2239K(276480K), 0,0005091 secs] [Times: user=0,00 sys=0,00, real=0,00 secs] 
93,375: [GC (Allocation Failure) [PSYoungGen: 100960K->96K(98816K)] 103103K->2239K(273920K), 0,0004859 secs] [Times: user=0,00 sys=0,00, real=0,00 secs] 
93,417: [GC (Allocation Failure) [PSYoungGen: 98400K->96K(96256K)] 100543K->2239K(271360K), 0,0004553 secs] [Times: user=0,00 sys=0,00, real=0,00 secs] 
93,459: [GC (Allocation Failure) [PSYoungGen: 95840K->96K(93696K)] 97983K->2239K(268800K), 0,0004576 secs] [Times: user=0,00 sys=0,00, real=0,00 secs] 
93,500: [GC (Allocation Failure) [PSYoungGen: 93280K->64K(112640K)] 95423K->2207K(287744K), 0,0005015 secs] [Times: user=0,01 sys=0,00, real=0,00 secs] 
93,548: [GC (Allocation Failure) [PSYoungGen: 112192K->64K(109568K)] 114335K->2207K(284672K), 0,0004781 secs] [Times: user=0,00 sys=0,00, real=0,00 secs] 
93,596: [GC (Allocation Failure) [PSYoungGen: 109120K->96K(106496K)] 111263K->2239K(281600K), 0,0004503 secs] [Times: user=0,00 sys=0,00, real=0,00 secs] 
93,641: [GC (Allocation Failure) [PSYoungGen: 106080K->64K(103424K)] 108223K->2207K(278528K), 0,0004535 secs] [Times: user=0,00 sys=0,00, real=0,00 secs] 
93,686: [GC (Allocation Failure) [PSYoungGen: 102976K->96K(100352K)] 105119K->2239K(275456K), 0,0004549 secs] [Times: user=0,00 sys=0,00, real=0,00 secs] 
93,729: [GC (Allocation Failure) [PSYoungGen: 99936K->64K(97792K)] 102079K->2207K(272896K), 0,0004544 secs] [Times: user=0,00 sys=0,00, real=0,00 secs] 
93,771: [GC (Allocation Failure) [PSYoungGen: 97344K->96K(95232K)] 99487K->2239K(270336K), 0,0004369 secs] [Times: user=0,00 sys=0,00, real=0,00 secs] 
93,813: [GC (Allocation Failure) [PSYoungGen: 94816K->64K(92672K)] 96959K->2207K(267776K), 0,0004753 secs] [Times: user=0,00 sys=0,00, real=0,00 secs] 
93,853: [GC (Allocation Failure) [PSYoungGen: 92224K->96K(111104K)] 94367K->2239K(286208K), 0,0004599 secs] [Times: user=0,00 sys=0,00, real=0,00 secs] 
93,900: [GC (Allocation Failure) [PSYoungGen: 110688K->64K(108032K)] 112831K->2207K(283136K), 0,0004591 secs] [Times: user=0,00 sys=0,00, real=0,00 secs] 
93,947: [GC (Allocation Failure) [PSYoungGen: 107584K->96K(104960K)] 109727K->2239K(280064K), 0,0004642 secs] [Times: user=0,00 sys=0,00, real=0,01 secs] 
93,993: [GC (Allocation Failure) [PSYoungGen: 104544K->96K(101888K)] 106687K->2239K(276992K), 0,0005066 secs] [Times: user=0,00 sys=0,00, real=0,00 secs] 
94,037: [GC (Allocation Failure) [PSYoungGen: 101472K->96K(98816K)] 103615K->2239K(273920K), 0,0004751 secs] [Times: user=0,00 sys=0,00, real=0,01 secs] 
94,079: [GC (Allocation Failure) [PSYoungGen: 98400K->64K(96256K)] 100543K->2207K(271360K), 0,0004488 secs] [Times: user=0,00 sys=0,00, real=0,00 secs] 
94,121: [GC (Allocation Failure) [PSYoungGen: 95808K->64K(93696K)] 97951K->2207K(268800K), 0,0004580 secs] [Times: user=0,00 sys=0,00, real=0,00 secs] 
94,161: [GC (Allocation Failure) [PSYoungGen: 93248K->96K(112640K)] 95391K->2239K(287744K), 0,0004513 secs] [Times: user=0,00 sys=0,00, real=0,00 secs] 
94,210: [GC (Allocation Failure) [PSYoungGen: 112224K->64K(109568K)] 114367K->2207K(284672K), 0,0004487 secs] [Times: user=0,00 sys=0,00, real=0,00 secs] 
94,257: [GC (Allocation Failure) [PSYoungGen: 109120K->64K(106496K)] 111263K->2207K(281600K), 0,0004698 secs] [Times: user=0,00 sys=0,00, real=0,00 secs] 
94,303: [GC (Allocation Failure) [PSYoungGen: 106048K->64K(103424K)] 108191K->2207K(278528K), 0,0004628 secs] [Times: user=0,00 sys=0,00, real=0,00 secs] 
94,348: [GC (Allocation Failure) [PSYoungGen: 102976K->64K(100352K)] 105119K->2207K(275456K), 0,0004719 secs] [Times: user=0,00 sys=0,00, real=0,00 secs] 
94,391: [GC (Allocation Failure) [PSYoungGen: 99904K->64K(97792K)] 102047K->2207K(272896K), 0,0004534 secs] [Times: user=0,00 sys=0,00, real=0,00 secs] 
94,433: [GC (Allocation Failure) [PSYoungGen: 97344K->96K(95232K)] 99487K->2239K(270336K), 0,0004635 secs] [Times: user=0,00 sys=0,00, real=0,00 secs] 
94,475: [GC (Allocation Failure) [PSYoungGen: 94816K->96K(92672K)] 96959K->2239K(267776K), 0,0004949 secs] [Times: user=0,00 sys=0,00, real=0,00 secs] 
94,515: [GC (Allocation Failure) [PSYoungGen: 92256K->96K(111104K)] 94399K->2239K(286208K), 0,0004395 secs] [Times: user=0,00 sys=0,00, real=0,00 secs] 
94,563: [GC (Allocation Failure) [PSYoungGen: 110688K->64K(108032K)] 112831K->2207K(283136K), 0,0004884 secs] [Times: user=0,00 sys=0,00, real=0,00 secs] 
94,609: [GC (Allocation Failure) [PSYoungGen: 107584K->96K(104960K)] 109727K->2239K(280064K), 0,0004596 secs] [Times: user=0,00 sys=0,00, real=0,00 secs] 
94,654: [GC (Allocation Failure) [PSYoungGen: 104544K->64K(101888K)] 106687K->2207K(276992K), 0,0004400 secs] [Times: user=0,00 sys=0,00, real=0,00 secs] 
94,699: [GC (Allocation Failure) [PSYoungGen: 101440K->64K(98816K)] 103583K->2207K(273920K), 0,0004658 secs] [Times: user=0,00 sys=0,00, real=0,00 secs] 
94,741: [GC (Allocation Failure) [PSYoungGen: 98368K->64K(96256K)] 100511K->2207K(271360K), 0,0004653 secs] [Times: user=0,00 sys=0,00, real=0,00 secs] 
94,783: [GC (Allocation Failure) [PSYoungGen: 95808K->96K(93696K)] 97951K->2239K(268800K), 0,0004582 secs] [Times: user=0,00 sys=0,00, real=0,00 secs] 
94,823: [GC (Allocation Failure) [PSYoungGen: 93280K->96K(112640K)] 95423K->2239K(287744K), 0,0004495 secs] [Times: user=0,00 sys=0,00, real=0,00 secs] 
94,871: [GC (Allocation Failure) [PSYoungGen: 112224K->64K(109568K)] 114367K->2207K(284672K), 0,0004546 secs] [Times: user=0,00 sys=0,00, real=0,00 secs] 
94,919: [GC (Allocation Failure) [PSYoungGen: 109120K->96K(106496K)] 111263K->2239K(281600K), 0,0004650 secs] [Times: user=0,00 sys=0,00, real=0,00 secs] 
94,965: [GC (Allocation Failure) [PSYoungGen: 106080K->96K(103424K)] 108223K->2239K(278528K), 0,0005026 secs] [Times: user=0,00 sys=0,00, real=0,00 secs] 
95,010: [GC (Allocation Failure) [PSYoungGen: 103008K->96K(100352K)] 105151K->2239K(275456K), 0,0004845 secs] [Times: user=0,00 sys=0,00, real=0,00 secs] 
95,053: [GC (Allocation Failure) [PSYoungGen: 99936K->64K(97792K)] 102079K->2207K(272896K), 0,0004673 secs] [Times: user=0,01 sys=0,00, real=0,00 secs] 
95,095: [GC (Allocation Failure) [PSYoungGen: 97344K->64K(95232K)] 99487K->2207K(270336K), 0,0004590 secs] [Times: user=0,00 sys=0,00, real=0,00 secs] 
95,136: [GC (Allocation Failure) [PSYoungGen: 94784K->64K(114176K)] 96927K->2207K(289280K), 0,0004567 secs] [Times: user=0,00 sys=0,00, real=0,00 secs] 
95,186: [GC (Allocation Failure) [PSYoungGen: 113728K->64K(110592K)] 115871K->2207K(285696K), 0,0004584 secs] [Times: user=0,00 sys=0,00, real=0,00 secs] 
95,233: [GC (Allocation Failure) [PSYoungGen: 110144K->96K(107520K)] 112287K->2239K(282624K), 0,0004555 secs] [Times: user=0,00 sys=0,00, real=0,00 secs] 
95,279: [GC (Allocation Failure) [PSYoungGen: 107104K->64K(104448K)] 109247K->2207K(279552K), 0,0004671 secs] [Times: user=0,00 sys=0,00, real=0,00 secs] 
95,325: [GC (Allocation Failure) [PSYoungGen: 104000K->96K(101376K)] 106143K->2239K(276480K), 0,0005032 secs] [Times: user=0,00 sys=0,00, real=0,00 secs] 
95,368: [GC (Allocation Failure) [PSYoungGen: 100960K->96K(98816K)] 103103K->2239K(273920K), 0,0004613 secs] [Times: user=0,00 sys=0,00, real=0,00 secs] 
95,411: [GC (Allocation Failure) [PSYoungGen: 98400K->64K(96256K)] 100543K->2207K(271360K), 0,0004606 secs] [Times: user=0,00 sys=0,00, real=0,00 secs] 
95,453: [GC (Allocation Failure) [PSYoungGen: 95808K->64K(93696K)] 97951K->2207K(268800K), 0,0004451 secs] [Times: user=0,00 sys=0,00, real=0,00 secs] 
95,493: [GC (Allocation Failure) [PSYoungGen: 93248K->96K(112640K)] 95391K->2239K(287744K), 0,0004995 secs] [Times: user=0,00 sys=0,00, real=0,00 secs] 
95,542: [GC (Allocation Failure) [PSYoungGen: 112224K->64K(109568K)] 114367K->2207K(284672K), 0,0005055 secs] [Times: user=0,00 sys=0,00, real=0,00 secs] 
95,589: [GC (Allocation Failure) [PSYoungGen: 109120K->96K(106496K)] 111263K->2239K(281600K), 0,0004585 secs] [Times: user=0,00 sys=0,00, real=0,00 secs] 
95,635: [GC (Allocation Failure) [PSYoungGen: 106080K->64K(103424K)] 108223K->2207K(278528K), 0,0004607 secs] [Times: user=0,00 sys=0,00, real=0,00 secs] 
95,680: [GC (Allocation Failure) [PSYoungGen: 102976K->96K(100352K)] 105119K->2239K(275456K), 0,0004585 secs] [Times: user=0,00 sys=0,00, real=0,00 secs] 
95,723: [GC (Allocation Failure) [PSYoungGen: 99936K->96K(97792K)] 102079K->2239K(272896K), 0,0004601 secs] [Times: user=0,00 sys=0,00, real=0,00 secs] 
95,765: [GC (Allocation Failure) [PSYoungGen: 97376K->64K(95232K)] 99519K->2207K(270336K), 0,0004534 secs] [Times: user=0,00 sys=0,00, real=0,00 secs] 
95,806: [GC (Allocation Failure) [PSYoungGen: 94784K->64K(92672K)] 96927K->2207K(267776K), 0,0004495 secs] [Times: user=0,00 sys=0,00, real=0,00 secs] 
95,846: [GC (Allocation Failure) [PSYoungGen: 92224K->64K(111104K)] 94367K->2207K(286208K), 0,0004522 secs] [Times: user=0,00 sys=0,00, real=0,00 secs] 
95,894: [GC (Allocation Failure) [PSYoungGen: 110656K->96K(108032K)] 112799K->2239K(283136K), 0,0004573 secs] [Times: user=0,01 sys=0,00, real=0,00 secs] 
95,941: [GC (Allocation Failure) [PSYoungGen: 107616K->96K(104960K)] 109759K->2239K(280064K), 0,0004975 secs] [Times: user=0,00 sys=0,00, real=0,00 secs] 
95,987: [GC (Allocation Failure) [PSYoungGen: 104544K->96K(101888K)] 106687K->2239K(276992K), 0,0004740 secs] [Times: user=0,00 sys=0,00, real=0,01 secs] 
96,031: [GC (Allocation Failure) [PSYoungGen: 101472K->64K(122368K)] 103615K->2207K(297472K), 0,0005563 secs] [Times: user=0,00 sys=0,00, real=0,00 secs] 
96,084: [GC (Allocation Failure) [PSYoungGen: 121920K->64K(118784K)] 124063K->2207K(293888K), 0,0004788 secs] [Times: user=0,00 sys=0,00, real=0,00 secs] 
96,135: [GC (Allocation Failure) [PSYoungGen: 118336K->96K(115200K)] 120479K->2239K(290304K), 0,0004873 secs] [Times: user=0,00 sys=0,00, real=0,00 secs] 
96,184: [GC (Allocation Failure) [PSYoungGen: 114784K->96K(111616K)] 116927K->2239K(286720K), 0,0004438 secs] [Times: user=0,00 sys=0,00, real=0,00 secs] 
96,233: [GC (Allocation Failure) [PSYoungGen: 111200K->96K(108544K)] 113343K->2239K(283648K), 0,0004702 secs] [Times: user=0,00 sys=0,00, real=0,00 secs] 
96,279: [GC (Allocation Failure) [PSYoungGen: 108128K->64K(105472K)] 110271K->2207K(280576K), 0,0004793 secs] [Times: user=0,00 sys=0,00, real=0,00 secs] 
96,325: [GC (Allocation Failure) [PSYoungGen: 105024K->64K(102400K)] 107167K->2207K(277504K), 0,0004722 secs] [Times: user=0,00 sys=0,00, real=0,00 secs] 
96,369: [GC (Allocation Failure) [PSYoungGen: 101952K->64K(99328K)] 104095K->2207K(274432K), 0,0004630 secs] [Times: user=0,00 sys=0,00, real=0,00 secs] 
96,412: [GC (Allocation Failure) [PSYoungGen: 98880K->96K(96768K)] 101023K->2239K(271872K), 0,0004447 secs] [Times: user=0,00 sys=0,00, real=0,00 secs] 
96,454: [GC (Allocation Failure) [PSYoungGen: 96352K->64K(94208K)] 98495K->2207K(269312K), 0,0004542 secs] [Times: user=0,00 sys=0,00, real=0,00 secs] 
96,495: [GC (Allocation Failure) [PSYoungGen: 93760K->96K(113152K)] 95903K->2239K(288256K), 0,0005101 secs] [Times: user=0,00 sys=0,00, real=0,00 secs] 
96,544: [GC (Allocation Failure) [PSYoungGen: 112736K->96K(110080K)] 114879K->2239K(285184K), 0,0004867 secs] [Times: user=0,00 sys=0,00, real=0,00 secs] 
96,591: [GC (Allocation Failure) [PSYoungGen: 109664K->64K(107008K)] 111807K->2207K(282112K), 0,0004654 secs] [Times: user=0,00 sys=0,00, real=0,00 secs] 
96,637: [GC (Allocation Failure) [PSYoungGen: 106560K->96K(103936K)] 108703K->2239K(279040K), 0,0004558 secs] [Times: user=0,01 sys=0,00, real=0,00 secs] 
96,682: [GC (Allocation Failure) [PSYoungGen: 103520K->96K(100864K)] 105663K->2239K(275968K), 0,0004600 secs] [Times: user=0,00 sys=0,00, real=0,00 secs] 
96,726: [GC (Allocation Failure) [PSYoungGen: 100448K->64K(98304K)] 102591K->2207K(273408K), 0,0004750 secs] [Times: user=0,00 sys=0,00, real=0,00 secs] 
96,768: [GC (Allocation Failure) [PSYoungGen: 97856K->96K(95744K)] 99999K->2239K(270848K), 0,0004593 secs] [Times: user=0,00 sys=0,00, real=0,00 secs] 
96,809: [GC (Allocation Failure) [PSYoungGen: 95328K->96K(93184K)] 97471K->2239K(268288K), 0,0004590 secs] [Times: user=0,00 sys=0,00, real=0,00 secs] 
96,850: [GC (Allocation Failure) [PSYoungGen: 92768K->64K(112128K)] 94911K->2207K(287232K), 0,0004556 secs] [Times: user=0,00 sys=0,00, real=0,00 secs] 
96,898: [GC (Allocation Failure) [PSYoungGen: 111680K->64K(109056K)] 113823K->2207K(284160K), 0,0004406 secs] [Times: user=0,00 sys=0,00, real=0,00 secs] 
96,945: [GC (Allocation Failure) [PSYoungGen: 108608K->96K(105984K)] 110751K->2239K(281088K), 0,0004596 secs] [Times: user=0,00 sys=0,00, real=0,00 secs] 
96,991: [GC (Allocation Failure) [PSYoungGen: 105568K->96K(102912K)] 107711K->2239K(278016K), 0,0004993 secs] [Times: user=0,00 sys=0,00, real=0,00 secs] 
97,036: [GC (Allocation Failure) [PSYoungGen: 102496K->96K(99840K)] 104639K->2239K(274944K), 0,0004686 secs] [Times: user=0,00 sys=0,00, real=0,00 secs] 
97,079: [GC (Allocation Failure) [PSYoungGen: 99424K->96K(97280K)] 101567K->2239K(272384K), 0,0004517 secs] [Times: user=0,00 sys=0,00, real=0,00 secs] 
97,121: [GC (Allocation Failure) [PSYoungGen: 96864K->32K(94720K)] 99007K->2175K(269824K), 0,0004786 secs] [Times: user=0,00 sys=0,00, real=0,00 secs] 
97,162: [GC (Allocation Failure) [PSYoungGen: 94240K->32K(113664K)] 96383K->2175K(288768K), 0,0004533 secs] [Times: user=0,01 sys=0,00, real=0,00 secs] 
97,211: [GC (Allocation Failure) [PSYoungGen: 113184K->96K(110592K)] 115327K->2239K(285696K), 0,0004703 secs] [Times: user=0,01 sys=0,00, real=0,00 secs] 
97,259: [GC (Allocation Failure) [PSYoungGen: 110175K->96K(107520K)] 112319K->2239K(282624K), 0,0004654 secs] [Times: user=0,00 sys=0,00, real=0,00 secs] 
97,305: [GC (Allocation Failure) [PSYoungGen: 107104K->64K(129024K)] 109247K->2207K(304128K), 0,0007529 secs] [Times: user=0,00 sys=0,00, real=0,00 secs] 
97,361: [GC (Allocation Failure) [PSYoungGen: 128576K->96K(155136K)] 130719K->2239K(330240K), 0,0004960 secs] [Times: user=0,00 sys=0,00, real=0,00 secs] 
97,428: [GC (Allocation Failure) [PSYoungGen: 154720K->96K(150016K)] 156863K->2239K(325120K), 0,0004746 secs] [Times: user=0,00 sys=0,00, real=0,00 secs] 
97,493: [GC (Allocation Failure) [PSYoungGen: 149600K->96K(144896K)] 151743K->2239K(320000K), 0,0005015 secs] [Times: user=0,00 sys=0,00, real=0,00 secs] 
97,556: [GC (Allocation Failure) [PSYoungGen: 144480K->64K(140288K)] 146623K->2207K(315392K), 0,0005263 secs] [Times: user=0,00 sys=0,00, real=0,00 secs] 
97,616: [GC (Allocation Failure) [PSYoungGen: 139840K->96K(135680K)] 141983K->2239K(310784K), 0,0004582 secs] [Times: user=0,00 sys=0,00, real=0,00 secs] 
97,674: [GC (Allocation Failure) [PSYoungGen: 135264K->64K(131584K)] 137407K->2207K(306688K), 0,0004591 secs] [Times: user=0,00 sys=0,00, real=0,00 secs] 
97,731: [GC (Allocation Failure) [PSYoungGen: 131136K->96K(127488K)] 133279K->2239K(302592K), 0,0004800 secs] [Times: user=0,00 sys=0,00, real=0,00 secs] 
97,786: [GC (Allocation Failure) [PSYoungGen: 127072K->96K(123392K)] 129215K->2239K(298496K), 0,0004636 secs] [Times: user=0,00 sys=0,00, real=0,00 secs] 
97,839: [GC (Allocation Failure) [PSYoungGen: 122976K->64K(119808K)] 125119K->2207K(294912K), 0,0004677 secs] [Times: user=0,00 sys=0,00, real=0,00 secs] 
97,891: [GC (Allocation Failure) [PSYoungGen: 119360K->64K(116224K)] 121503K->2207K(291328K), 0,0004510 secs] [Times: user=0,00 sys=0,00, real=0,00 secs] 
97,941: [GC (Allocation Failure) [PSYoungGen: 115776K->96K(112640K)] 117919K->2239K(287744K), 0,0005114 secs] [Times: user=0,00 sys=0,00, real=0,00 secs] 
97,990: [GC (Allocation Failure) [PSYoungGen: 112224K->96K(109568K)] 114367K->2239K(284672K), 0,0004868 secs] [Times: user=0,00 sys=0,00, real=0,00 secs] 
98,037: [GC (Allocation Failure) [PSYoungGen: 109152K->64K(106496K)] 111295K->2207K(281600K), 0,0004764 secs] [Times: user=0,00 sys=0,00, real=0,00 secs] 
98,083: [GC (Allocation Failure) [PSYoungGen: 106048K->96K(103424K)] 108191K->2239K(278528K), 0,0004557 secs] [Times: user=0,00 sys=0,00, real=0,00 secs] 
98,128: [GC (Allocation Failure) [PSYoungGen: 103008K->64K(100352K)] 105151K->2207K(275456K), 0,0004685 secs] [Times: user=0,00 sys=0,00, real=0,00 secs] 
98,171: [GC (Allocation Failure) [PSYoungGen: 99904K->96K(97792K)] 102047K->2239K(272896K), 0,0004569 secs] [Times: user=0,00 sys=0,00, real=0,00 secs] 
98,213: [GC (Allocation Failure) [PSYoungGen: 97376K->96K(95232K)] 99519K->2239K(270336K), 0,0004434 secs] [Times: user=0,01 sys=0,00, real=0,00 secs] 
98,254: [GC (Allocation Failure) [PSYoungGen: 94816K->96K(92672K)] 96959K->2239K(267776K), 0,0004794 secs] [Times: user=0,00 sys=0,00, real=0,00 secs] 
98,294: [GC (Allocation Failure) [PSYoungGen: 92256K->96K(90112K)] 94399K->2239K(265216K), 0,0004477 secs] [Times: user=0,00 sys=0,00, real=0,00 secs] 
98,333: [GC (Allocation Failure) [PSYoungGen: 89696K->64K(108032K)] 91839K->2207K(283136K), 0,0004749 secs] [Times: user=0,00 sys=0,00, real=0,00 secs] 
98,380: [GC (Allocation Failure) [PSYoungGen: 107584K->96K(104960K)] 109727K->2239K(280064K), 0,0004579 secs] [Times: user=0,00 sys=0,00, real=0,00 secs] 
98,425: [GC (Allocation Failure) [PSYoungGen: 104544K->64K(101888K)] 106687K->2207K(276992K), 0,0004598 secs] [Times: user=0,00 sys=0,00, real=0,00 secs] 
98,469: [GC (Allocation Failure) [PSYoungGen: 101440K->64K(98816K)] 103583K->2207K(273920K), 0,0004562 secs] [Times: user=0,00 sys=0,00, real=0,00 secs] 
98,512: [GC (Allocation Failure) [PSYoungGen: 98368K->96K(118784K)] 100511K->2239K(293888K), 0,0005198 secs] [Times: user=0,00 sys=0,00, real=0,00 secs] 
98,563: [GC (Allocation Failure) [PSYoungGen: 118368K->96K(115200K)] 120511K->2239K(290304K), 0,0004831 secs] [Times: user=0,00 sys=0,00, real=0,00 secs] 
98,613: [GC (Allocation Failure) [PSYoungGen: 114783K->32K(111616K)] 116927K->2175K(286720K), 0,0004449 secs] [Times: user=0,00 sys=0,00, real=0,00 secs] 
98,661: [GC (Allocation Failure) [PSYoungGen: 111136K->96K(108544K)] 113279K->2239K(283648K), 0,0004546 secs] [Times: user=0,00 sys=0,00, real=0,00 secs] 
98,708: [GC (Allocation Failure) [PSYoungGen: 108128K->64K(105472K)] 110271K->2207K(280576K), 0,0004552 secs] [Times: user=0,01 sys=0,00, real=0,00 secs] 
98,753: [GC (Allocation Failure) [PSYoungGen: 105024K->64K(102400K)] 107167K->2207K(277504K), 0,0004566 secs] [Times: user=0,00 sys=0,00, real=0,00 secs] 
98,797: [GC (Allocation Failure) [PSYoungGen: 101952K->96K(99328K)] 104095K->2239K(274432K), 0,0004431 secs] [Times: user=0,00 sys=0,00, real=0,00 secs] 
98,840: [GC (Allocation Failure) [PSYoungGen: 98912K->64K(96768K)] 101055K->2207K(271872K), 0,0004632 secs] [Times: user=0,00 sys=0,00, real=0,00 secs] 
98,882: [GC (Allocation Failure) [PSYoungGen: 96320K->64K(94208K)] 98463K->2207K(269312K), 0,0004494 secs] [Times: user=0,00 sys=0,00, real=0,00 secs] 
98,923: [GC (Allocation Failure) [PSYoungGen: 93760K->64K(91648K)] 95903K->2207K(266752K), 0,0004461 secs] [Times: user=0,00 sys=0,00, real=0,00 secs] 
98,963: [GC (Allocation Failure) [PSYoungGen: 91200K->96K(110080K)] 93343K->2239K(285184K), 0,0005112 secs] [Times: user=0,00 sys=0,00, real=0,00 secs] 
99,010: [GC (Allocation Failure) [PSYoungGen: 109664K->64K(107008K)] 111807K->2207K(282112K), 0,0004824 secs] [Times: user=0,00 sys=0,00, real=0,00 secs] 
99,057: [GC (Allocation Failure) [PSYoungGen: 106560K->96K(103936K)] 108703K->2239K(279040K), 0,0004758 secs] [Times: user=0,00 sys=0,00, real=0,01 secs] 
99,101: [GC (Allocation Failure) [PSYoungGen: 103520K->64K(100864K)] 105663K->2207K(275968K), 0,0004596 secs] [Times: user=0,00 sys=0,00, real=0,00 secs] 
99,145: [GC (Allocation Failure) [PSYoungGen: 100416K->64K(98304K)] 102559K->2207K(273408K), 0,0004416 secs] [Times: user=0,00 sys=0,00, real=0,00 secs] 
99,187: [GC (Allocation Failure) [PSYoungGen: 97856K->96K(95744K)] 99999K->2239K(270848K), 0,0004479 secs] [Times: user=0,00 sys=0,00, real=0,00 secs] 
99,229: [GC (Allocation Failure) [PSYoungGen: 95328K->32K(93184K)] 97471K->2175K(268288K), 0,0004623 secs] [Times: user=0,00 sys=0,00, real=0,00 secs] 
99,269: [GC (Allocation Failure) [PSYoungGen: 92704K->32K(112128K)] 94847K->2175K(287232K), 0,0004766 secs] [Times: user=0,00 sys=0,00, real=0,00 secs] 
99,317: [GC (Allocation Failure) [PSYoungGen: 111648K->96K(109056K)] 113791K->2239K(284160K), 0,0004796 secs] [Times: user=0,00 sys=0,00, real=0,00 secs] 
99,364: [GC (Allocation Failure) [PSYoungGen: 108640K->96K(105984K)] 110783K->2239K(281088K), 0,0005044 secs] [Times: user=0,00 sys=0,00, real=0,00 secs] 
99,410: [GC (Allocation Failure) [PSYoungGen: 105568K->96K(102912K)] 107711K->2239K(278016K), 0,0004952 secs] [Times: user=0,01 sys=0,00, real=0,00 secs] 
99,455: [GC (Allocation Failure) [PSYoungGen: 102496K->96K(99840K)] 104639K->2239K(274944K), 0,0004592 secs] [Times: user=0,00 sys=0,00, real=0,00 secs] 
99,498: [GC (Allocation Failure) [PSYoungGen: 99424K->96K(97280K)] 101567K->2239K(272384K), 0,0004502 secs] [Times: user=0,00 sys=0,00, real=0,00 secs] 
99,540: [GC (Allocation Failure) [PSYoungGen: 96864K->96K(94720K)] 99007K->2239K(269824K), 0,0004600 secs] [Times: user=0,00 sys=0,00, real=0,00 secs] 
99,581: [GC (Allocation Failure) [PSYoungGen: 94304K->96K(113664K)] 96447K->2239K(288768K), 0,0004517 secs] [Times: user=0,00 sys=0,00, real=0,00 secs] 
99,630: [GC (Allocation Failure) [PSYoungGen: 113248K->96K(110592K)] 115391K->2239K(285696K), 0,0004459 secs] [Times: user=0,00 sys=0,00, real=0,00 secs] 
99,677: [GC (Allocation Failure) [PSYoungGen: 110176K->96K(107520K)] 112319K->2239K(282624K), 0,0004466 secs] [Times: user=0,00 sys=0,00, real=0,00 secs] 
99,724: [GC (Allocation Failure) [PSYoungGen: 107104K->96K(104448K)] 109247K->2239K(279552K), 0,0004575 secs] [Times: user=0,00 sys=0,00, real=0,00 secs] 
99,769: [GC (Allocation Failure) [PSYoungGen: 104032K->64K(101376K)] 106175K->2207K(276480K), 0,0004568 secs] [Times: user=0,00 sys=0,00, real=0,00 secs] 
99,812: [GC (Allocation Failure) [PSYoungGen: 100928K->64K(98816K)] 103071K->2207K(273920K), 0,0004626 secs] [Times: user=0,00 sys=0,00, real=0,00 secs] 
99,855: [GC (Allocation Failure) [PSYoungGen: 98368K->64K(96256K)] 100511K->2207K(271360K), 0,0004586 secs] [Times: user=0,00 sys=0,00, real=0,00 secs] 
99,896: [GC (Allocation Failure) [PSYoungGen: 95808K->96K(93696K)] 97951K->2239K(268800K), 0,0004505 secs] [Times: user=0,00 sys=0,00, real=0,01 secs] 
99,937: [GC (Allocation Failure) [PSYoungGen: 93280K->64K(112640K)] 95423K->2207K(287744K), 0,0004735 secs] [Times: user=0,00 sys=0,00, real=0,00 secs] 
99,986: [GC (Allocation Failure) [PSYoungGen: 112192K->64K(109568K)] 114335K->2207K(284672K), 0,0005369 secs] [Times: user=0,00 sys=0,00, real=0,00 secs] 
100,033: [GC (Allocation Failure) [PSYoungGen: 109120K->96K(106496K)] 111263K->2239K(281600K), 0,0004797 secs] [Times: user=0,00 sys=0,00, real=0,00 secs] 
100,080: [GC (Allocation Failure) [PSYoungGen: 106080K->96K(103424K)] 108223K->2239K(278528K), 0,0004716 secs] [Times: user=0,00 sys=0,00, real=0,00 secs] 
100,124: [GC (Allocation Failure) [PSYoungGen: 103008K->64K(100352K)] 105151K->2207K(275456K), 0,0004714 secs] [Times: user=0,00 sys=0,00, real=0,00 secs] 
100,167: [GC (Allocation Failure) [PSYoungGen: 99904K->64K(97792K)] 102047K->2207K(272896K), 0,0004464 secs] [Times: user=0,00 sys=0,00, real=0,00 secs] 
100,210: [GC (Allocation Failure) [PSYoungGen: 97344K->96K(95232K)] 99487K->2239K(270336K), 0,0004542 secs] [Times: user=0,00 sys=0,00, real=0,00 secs] 
100,251: [GC (Allocation Failure) [PSYoungGen: 94816K->64K(92672K)] 96959K->2207K(267776K), 0,0004603 secs] [Times: user=0,00 sys=0,00, real=0,00 secs] 
Heap
 PSYoungGen      total 92672K, used 59521K [0x000000076ab00000, 0x000000079bd80000, 0x00000007c0000000)
  eden space 92160K, 64% used [0x000000076ab00000,0x000000076e510418,0x0000000770500000)
  from space 512K, 12% used [0x000000079bd00000,0x000000079bd10000,0x000000079bd80000)
  to   space 512K, 0% used [0x000000079bc80000,0x000000079bc80000,0x000000079bd00000)
 ParOldGen       total 175104K, used 2143K [0x00000006c0000000, 0x00000006cab00000, 0x000000076ab00000)
  object space 175104K, 1% used [0x00000006c0000000,0x00000006c0217fe0,0x00000006cab00000)
 Metaspace       used 11648K, capacity 11944K, committed 12288K, reserved 1060864K
  class space    used 1325K, capacity 1415K, committed 1536K, reserved 1048576K
