OpenJDK 64-Bit Server VM (25.202-b05) for bsd-amd64 JRE (Zulu 8.36.0.1-CA-macosx) (1.8.0_202-b05), built on Jan 29 2019 06:07:09 by "zulu_re" with gcc 4.2.1 (Based on Apple Inc. build 5658) (LLVM build 2336.11.00)
Memory: 4k page, physical 16777216k(1221864k free)

/proc/meminfo:

CommandLine flags: -XX:InitialHeapSize=268435456 -XX:MaxHeapSize=4294967296 -XX:+PrintGC -XX:+PrintGCDetails -XX:+PrintGCTimeStamps -XX:+UseCompressedClassPointers -XX:+UseCompressedOops -XX:+UseParallelGC 
Heap
 PSYoungGen      total 76288K, used 35676K [0x000000076ab00000, 0x0000000770000000, 0x00000007c0000000)
  eden space 65536K, 54% used [0x000000076ab00000,0x000000076cdd71c8,0x000000076eb00000)
  from space 10752K, 0% used [0x000000076f580000,0x000000076f580000,0x0000000770000000)
  to   space 10752K, 0% used [0x000000076eb00000,0x000000076eb00000,0x000000076f580000)
 ParOldGen       total 175104K, used 0K [0x00000006c0000000, 0x00000006cab00000, 0x000000076ab00000)
  object space 175104K, 0% used [0x00000006c0000000,0x00000006c0000000,0x00000006cab00000)
 Metaspace       used 7665K, capacity 8005K, committed 8192K, reserved 1056768K
  class space    used 852K, capacity 948K, committed 1024K, reserved 1048576K
452: [GC (Allocation Failure) [PSYoungGen: 133088K->2000K(141824K)] 133120K->2040K(316928K), 0,0023618 secs] [Times: user=0,01 sys=0,00, real=0,00 secs] 
1,617: [GC (Allocation Failure) [PSYoungGen: 133072K->2032K(267776K)] 133112K->2072K(442880K), 0,0022439 secs] [Times: user=0,01 sys=0,00, real=0,00 secs] 
1,965: [GC (Allocation Failure) [PSYoungGen: 264176K->96K(267776K)] 264216K->2104K(442880K), 0,0024648 secs] [Times: user=0,01 sys=0,00, real=0,00 secs] 
2,300: [GC (Allocation Failure) [PSYoungGen: 262240K->96K(252416K)] 264248K->2120K(427520K), 0,0006138 secs] [Times: user=0,00 sys=0,00, real=0,00 secs] 
2,595: [GC (Allocation Failure) [PSYoungGen: 252000K->96K(247808K)] 254024K->2120K(422912K), 0,0006107 secs] [Times: user=0,00 sys=0,00, real=0,00 secs] 
2,818: [GC (Allocation Failure) [PSYoungGen: 242272K->96K(233472K)] 244296K->2136K(408576K), 0,0006088 secs] [Times: user=0,00 sys=0,00, real=0,00 secs] 
3,021: [GC (Allocation Failure) [PSYoungGen: 233056K->64K(229888K)] 235096K->2104K(404992K), 0,0007794 secs] [Times: user=0,00 sys=0,00, real=0,00 secs] 
3,226: [GC (Allocation Failure) [PSYoungGen: 224320K->96K(216576K)] 226360K->2136K(391680K), 0,0007414 secs] [Times: user=0,00 sys=0,00, real=0,00 secs] 
3,417: [GC (Allocation Failure) [PSYoungGen: 216160K->96K(212992K)] 218200K->2136K(388096K), 0,0006085 secs] [Times: user=0,00 sys=0,00, real=0,00 secs] 
3,606: [GC (Allocation Failure) [PSYoungGen: 207968K->64K(200704K)] 210008K->2104K(375808K), 0,0006803 secs] [Times: user=0,00 sys=0,00, real=0,00 secs] 
3,774: [GC (Allocation Failure) [PSYoungGen: 200256K->32K(198144K)] 202296K->2080K(373248K), 0,0012707 secs] [Times: user=0,01 sys=0,00, real=0,00 secs] 
3,949: [GC (Allocation Failure) [PSYoungGen: 193056K->32K(186368K)] 195104K->2080K(361472K), 0,0012119 secs] [Times: user=0,00 sys=0,01, real=0,00 secs] 
4,114: [GC (Allocation Failure) [PSYoungGen: 185888K->32K(183808K)] 187936K->2080K(358912K), 0,0013564 secs] [Times: user=0,00 sys=0,00, real=0,00 secs] 
4,283: [GC (Allocation Failure) [PSYoungGen: 179232K->64K(173568K)] 181280K->2112K(348672K), 0,0013482 secs] [Times: user=0,00 sys=0,00, real=0,00 secs] 
4,450: [GC (Allocation Failure) [PSYoungGen: 173120K->64K(171008K)] 175168K->2112K(346112K), 0,0012817 secs] [Times: user=0,00 sys=0,00, real=0,01 secs] 
4,596: [GC (Allocation Failure) [PSYoungGen: 166976K->32K(161792K)] 169024K->2080K(336896K), 0,0012951 secs] [Times: user=0,00 sys=0,00, real=0,00 secs] 
4,725: [GC (Allocation Failure) [PSYoungGen: 161312K->96K(159232K)] 163360K->2144K(334336K), 0,0005968 secs] [Times: user=0,00 sys=0,00, real=0,00 secs] 
4,877: [GC (Allocation Failure) [PSYoungGen: 155744K->96K(151040K)] 157792K->2144K(326144K), 0,0006241 secs] [Times: user=0,00 sys=0,00, real=0,00 secs] 
5,012: [GC (Allocation Failure) [PSYoungGen: 150624K->96K(148992K)] 152672K->2144K(324096K), 0,0006258 secs] [Times: user=0,00 sys=0,00, real=0,00 secs] 
5,176: [GC (Allocation Failure) [PSYoungGen: 145504K->96K(141312K)] 147552K->2144K(316416K), 0,0012298 secs] [Times: user=0,00 sys=0,00, real=0,00 secs] 
5,331: [GC (Allocation Failure) [PSYoungGen: 140896K->96K(139264K)] 142944K->2144K(314368K), 0,0006172 secs] [Times: user=0,00 sys=0,00, real=0,00 secs] 
5,479: [GC (Allocation Failure) [PSYoungGen: 136288K->96K(132608K)] 138336K->2144K(307712K), 0,0006333 secs] [Times: user=0,00 sys=0,00, real=0,00 secs] 
5,625: [GC (Allocation Failure) [PSYoungGen: 132192K->96K(130560K)] 134240K->2144K(305664K), 0,0006171 secs] [Times: user=0,00 sys=0,00, real=0,00 secs] 
5,759: [GC (Allocation Failure) [PSYoungGen: 128096K->96K(124416K)] 130144K->2144K(299520K), 0,0006471 secs] [Times: user=0,00 sys=0,00, real=0,00 secs] 
5,880: [GC (Allocation Failure) [PSYoungGen: 124000K->96K(122880K)] 126048K->2144K(297984K), 0,0006243 secs] [Times: user=0,00 sys=0,00, real=0,01 secs] 
6,015: [GC (Allocation Failure) [PSYoungGen: 120416K->96K(117248K)] 122464K->2144K(292352K), 0,0006605 secs] [Times: user=0,01 sys=0,00, real=0,00 secs] 
6,132: [GC (Allocation Failure) [PSYoungGen: 116832K->64K(115200K)] 118880K->2112K(290304K), 0,0008904 secs] [Times: user=0,00 sys=0,00, real=0,00 secs] 
6,261: [GC (Allocation Failure) [PSYoungGen: 113216K->96K(110592K)] 115264K->2144K(285696K), 0,0006347 secs] [Times: user=0,00 sys=0,00, real=0,00 secs] 
6,385: [GC (Allocation Failure) [PSYoungGen: 110176K->96K(109056K)] 112224K->2152K(284160K), 0,0006175 secs] [Times: user=0,00 sys=0,00, real=0,00 secs] 
6,520: [GC (Allocation Failure) [PSYoungGen: 107104K->96K(104448K)] 109160K->2152K(279552K), 0,0006269 secs] [Times: user=0,00 sys=0,00, real=0,01 secs] 
6,657: [GC (Allocation Failure) [PSYoungGen: 104032K->96K(102400K)] 106088K->2152K(277504K), 0,0006229 secs] [Times: user=0,00 sys=0,00, real=0,00 secs] 
6,757: [GC (Allocation Failure) [PSYoungGen: 100960K->64K(98816K)] 103016K->2120K(273920K), 0,0006849 secs] [Times: user=0,00 sys=0,00, real=0,00 secs] 
6,876: [GC (Allocation Failure) [PSYoungGen: 98368K->96K(97280K)] 100424K->2152K(272384K), 0,0006186 secs] [Times: user=0,00 sys=0,00, real=0,00 secs] 
6,987: [GC (Allocation Failure) [PSYoungGen: 95840K->96K(93696K)] 97896K->2152K(268800K), 0,0006467 secs] [Times: user=0,00 sys=0,00, real=0,00 secs] 
7,118: [GC (Allocation Failure) [PSYoungGen: 93280K->32K(92160K)] 95336K->2088K(267264K), 0,0006207 secs] [Times: user=0,00 sys=0,00, real=0,00 secs] 
7,225: [GC (Allocation Failure) [PSYoungGen: 90656K->32K(88576K)] 92712K->2088K(263680K), 0,0010081 secs] [Times: user=0,01 sys=0,00, real=0,00 secs] 
7,347: [GC (Allocation Failure) [PSYoungGen: 88096K->96K(87040K)] 90152K->2152K(262144K), 0,0006036 secs] [Times: user=0,01 sys=0,00, real=0,00 secs] 
7,462: [GC (Allocation Failure) [PSYoungGen: 86112K->64K(105472K)] 88168K->2120K(280576K), 0,0110540 secs] [Times: user=0,01 sys=0,00, real=0,01 secs] 
7,613: [GC (Allocation Failure) [PSYoungGen: 105024K->64K(129536K)] 107080K->2120K(304640K), 0,0020708 secs] [Times: user=0,00 sys=0,00, real=0,00 secs] 
7,784: [GC (Allocation Failure) [PSYoungGen: 128576K->96K(157696K)] 130632K->2152K(332800K), 0,0006237 secs] [Times: user=0,00 sys=0,00, real=0,00 secs] 
7,945: [GC (Allocation Failure) [PSYoungGen: 157280K->96K(193024K)] 159336K->2152K(368128K), 0,0005990 secs] [Times: user=0,00 sys=0,00, real=0,00 secs] 
8,113: [GC (Allocation Failure) [PSYoungGen: 192096K->96K(235008K)] 194152K->2152K(410112K), 0,0006301 secs] [Times: user=0,00 sys=0,00, real=0,00 secs] 
8,341: [GC (Allocation Failure) [PSYoungGen: 234592K->32K(287232K)] 236648K->2088K(462336K), 0,0018712 secs] [Times: user=0,00 sys=0,00, real=0,00 secs] 
8,699: [GC (Allocation Failure) [PSYoungGen: 286240K->64K(275456K)] 288296K->2120K(450560K), 0,0013173 secs] [Times: user=0,01 sys=0,00, real=0,01 secs] 
8,929: [GC (Allocation Failure) [PSYoungGen: 275008K->96K(264704K)] 277064K->2152K(439808K), 0,0005816 secs] [Times: user=0,00 sys=0,00, real=0,00 secs] 
9,245: [GC (Allocation Failure) [PSYoungGen: 264288K->64K(254464K)] 266344K->2120K(429568K), 0,0011230 secs] [Times: user=0,01 sys=0,00, real=0,00 secs] 
9,542: [GC (Allocation Failure) [PSYoungGen: 254016K->96K(244736K)] 256072K->2152K(419840K), 0,0005813 secs] [Times: user=0,00 sys=0,00, real=0,00 secs] 
9,761: [GC (Allocation Failure) [PSYoungGen: 244320K->96K(235520K)] 246376K->2160K(410624K), 0,0005633 secs] [Times: user=0,00 sys=0,00, real=0,00 secs] 
9,985: [GC (Allocation Failure) [PSYoungGen: 235104K->64K(226816K)] 237168K->2128K(401920K), 0,0011151 secs] [Times: user=0,00 sys=0,00, real=0,00 secs] 
10,248: [GC (Allocation Failure) [PSYoungGen: 226368K->96K(218112K)] 228432K->2160K(393216K), 0,0006148 secs] [Times: user=0,00 sys=0,00, real=0,00 secs] 
10,463: [GC (Allocation Failure) [PSYoungGen: 217696K->192K(209920K)] 219760K->2256K(385024K), 0,0006839 secs] [Times: user=0,00 sys=0,00, real=0,00 secs] 
10,629: [GC (Allocation Failure) [PSYoungGen: 209600K->32K(202240K)] 211664K->2160K(377344K), 0,0016195 secs] [Times: user=0,00 sys=0,00, real=0,01 secs] 
10,758: [GC (Allocation Failure) [PSYoungGen: 201760K->96K(195072K)] 203888K->2224K(370176K), 0,0006260 secs] [Times: user=0,00 sys=0,00, real=0,00 secs] 
10,872: [GC (Allocation Failure) [PSYoungGen: 194656K->96K(187904K)] 196784K->2224K(363008K), 0,0006070 secs] [Times: user=0,00 sys=0,00, real=0,00 secs] 
10,981: [GC (Allocation Failure) [PSYoungGen: 187488K->96K(181248K)] 189616K->2224K(356352K), 0,0006211 secs] [Times: user=0,00 sys=0,00, real=0,00 secs] 
11,086: [GC (Allocation Failure) [PSYoungGen: 180832K->32K(175104K)] 182960K->2160K(350208K), 0,0005682 secs] [Times: user=0,01 sys=0,00, real=0,00 secs] 
11,198: [GC (Allocation Failure) [PSYoungGen: 174624K->32K(168960K)] 176752K->2160K(344064K), 0,0005725 secs] [Times: user=0,00 sys=0,00, real=0,00 secs] 
11,300: [GC (Allocation Failure) [PSYoungGen: 168480K->96K(163328K)] 170608K->2224K(338432K), 0,0005794 secs] [Times: user=0,00 sys=0,00, real=0,00 secs] 
11,392: [GC (Allocation Failure) [PSYoungGen: 162912K->96K(157696K)] 165040K->2224K(332800K), 0,0005853 secs] [Times: user=0,00 sys=0,00, real=0,00 secs] 
11,480: [GC (Allocation Failure) [PSYoungGen: 157280K->96K(152576K)] 159408K->2224K(327680K), 0,0005550 secs] [Times: user=0,00 sys=0,00, real=0,00 secs] 
11,569: [GC (Allocation Failure) [PSYoungGen: 152160K->96K(147456K)] 154288K->2224K(322560K), 0,0011556 secs] [Times: user=0,00 sys=0,00, real=0,00 secs] 
11,659: [GC (Allocation Failure) [PSYoungGen: 147040K->96K(142848K)] 149168K->2224K(317952K), 0,0005545 secs] [Times: user=0,00 sys=0,00, real=0,00 secs] 
11,745: [GC (Allocation Failure) [PSYoungGen: 142432K->64K(138240K)] 144560K->2192K(313344K), 0,0013268 secs] [Times: user=0,01 sys=0,00, real=0,00 secs] 
11,827: [GC (Allocation Failure) [PSYoungGen: 137792K->64K(133632K)] 139920K->2192K(308736K), 0,0011919 secs] [Times: user=0,01 sys=0,00, real=0,00 secs] 
11,906: [GC (Allocation Failure) [PSYoungGen: 133184K->64K(129536K)] 135312K->2192K(304640K), 0,0006208 secs] [Times: user=0,00 sys=0,00, real=0,00 secs] 
11,983: [GC (Allocation Failure) [PSYoungGen: 129088K->96K(125440K)] 131216K->2224K(300544K), 0,0005514 secs] [Times: user=0,00 sys=0,00, real=0,00 secs] 
12,053: [GC (Allocation Failure) [PSYoungGen: 125024K->96K(121344K)] 127152K->2224K(296448K), 0,0005352 secs] [Times: user=0,00 sys=0,00, real=0,00 secs] 
12,119: [GC (Allocation Failure) [PSYoungGen: 120928K->96K(117760K)] 123056K->2224K(292864K), 0,0005760 secs] [Times: user=0,01 sys=0,00, real=0,00 secs] 
12,184: [GC (Allocation Failure) [PSYoungGen: 117344K->96K(114176K)] 119472K->2224K(289280K), 0,0005762 secs] [Times: user=0,00 sys=0,00, real=0,00 secs] 
12,246: [GC (Allocation Failure) [PSYoungGen: 113760K->96K(110592K)] 115888K->2224K(285696K), 0,0005406 secs] [Times: user=0,00 sys=0,00, real=0,00 secs] 
12,306: [GC (Allocation Failure) [PSYoungGen: 110176K->96K(107520K)] 112304K->2224K(282624K), 0,0005412 secs] [Times: user=0,00 sys=0,00, real=0,00 secs] 
12,363: [GC (Allocation Failure) [PSYoungGen: 107104K->96K(104448K)] 109232K->2224K(279552K), 0,0005161 secs] [Times: user=0,00 sys=0,00, real=0,00 secs] 
12,418: [GC (Allocation Failure) [PSYoungGen: 104032K->96K(101376K)] 106160K->2224K(276480K), 0,0005068 secs] [Times: user=0,00 sys=0,00, real=0,00 secs] 
12,472: [GC (Allocation Failure) [PSYoungGen: 100960K->64K(98816K)] 103088K->2192K(273920K), 0,0005172 secs] [Times: user=0,00 sys=0,00, real=0,00 secs] 
12,523: [GC (Allocation Failure) [PSYoungGen: 98368K->96K(96256K)] 100496K->2224K(271360K), 0,0005173 secs] [Times: user=0,00 sys=0,00, real=0,00 secs] 
12,574: [GC (Allocation Failure) [PSYoungGen: 95840K->64K(93696K)] 97968K->2192K(268800K), 0,0005916 secs] [Times: user=0,00 sys=0,00, real=0,00 secs] 
12,623: [GC (Allocation Failure) [PSYoungGen: 93248K->96K(91136K)] 95376K->2224K(266240K), 0,0005174 secs] [Times: user=0,00 sys=0,00, real=0,00 secs] 
12,671: [GC (Allocation Failure) [PSYoungGen: 90720K->96K(88576K)] 92848K->2224K(263680K), 0,0005621 secs] [Times: user=0,00 sys=0,00, real=0,00 secs] 
12,717: [GC (Allocation Failure) [PSYoungGen: 88160K->96K(86528K)] 90288K->2224K(261632K), 0,0005131 secs] [Times: user=0,01 sys=0,00, real=0,00 secs] 
12,764: [GC (Allocation Failure) [PSYoungGen: 86112K->96K(84480K)] 88240K->2224K(259584K), 0,0005201 secs] [Times: user=0,00 sys=0,00, real=0,00 secs] 
12,808: [GC (Allocation Failure) [PSYoungGen: 84064K->64K(101376K)] 86192K->2192K(276480K), 0,0006030 secs] [Times: user=0,00 sys=0,00, real=0,00 secs] 
12,862: [GC (Allocation Failure) [PSYoungGen: 100928K->96K(98816K)] 103056K->2224K(273920K), 0,0005064 secs] [Times: user=0,00 sys=0,00, real=0,00 secs] 
12,915: [GC (Allocation Failure) [PSYoungGen: 98400K->96K(96256K)] 100528K->2224K(271360K), 0,0005183 secs] [Times: user=0,00 sys=0,00, real=0,00 secs] 
12,966: [GC (Allocation Failure) [PSYoungGen: 95840K->64K(93696K)] 97968K->2192K(268800K), 0,0005114 secs] [Times: user=0,00 sys=0,00, real=0,00 secs] 
13,015: [GC (Allocation Failure) [PSYoungGen: 93248K->96K(91136K)] 95376K->2224K(266240K), 0,0005119 secs] [Times: user=0,00 sys=0,00, real=0,00 secs] 
13,063: [GC (Allocation Failure) [PSYoungGen: 90720K->64K(88576K)] 92848K->2192K(263680K), 0,0005078 secs] [Times: user=0,00 sys=0,00, real=0,00 secs] 
13,109: [GC (Allocation Failure) [PSYoungGen: 88128K->96K(86528K)] 90256K->2224K(261632K), 0,0005044 secs] [Times: user=0,00 sys=0,00, real=0,00 secs] 
13,152: [GC (Allocation Failure) [PSYoungGen: 86112K->64K(84480K)] 88240K->2192K(259584K), 0,0004810 secs] [Times: user=0,00 sys=0,00, real=0,00 secs] 
13,195: [GC (Allocation Failure) [PSYoungGen: 84032K->96K(82432K)] 86160K->2224K(257536K), 0,0004983 secs] [Times: user=0,00 sys=0,00, real=0,00 secs] 
13,237: [GC (Allocation Failure) [PSYoungGen: 82016K->96K(98816K)] 84144K->2224K(273920K), 0,0004800 secs] [Times: user=0,00 sys=0,00, real=0,00 secs] 
13,287: [GC (Allocation Failure) [PSYoungGen: 98400K->64K(96256K)] 100528K->2192K(271360K), 0,0004753 secs] [Times: user=0,00 sys=0,00, real=0,00 secs] 
13,336: [GC (Allocation Failure) [PSYoungGen: 95808K->64K(93696K)] 97936K->2192K(268800K), 0,0004849 secs] [Times: user=0,00 sys=0,00, real=0,00 secs] 
13,384: [GC (Allocation Failure) [PSYoungGen: 93248K->96K(91136K)] 95376K->2224K(266240K), 0,0005014 secs] [Times: user=0,00 sys=0,00, real=0,00 secs] 
13,430: [GC (Allocation Failure) [PSYoungGen: 90720K->64K(109568K)] 92848K->2192K(284672K), 0,0005825 secs] [Times: user=0,00 sys=0,00, real=0,00 secs] 
13,486: [GC (Allocation Failure) [PSYoungGen: 109120K->64K(106496K)] 111248K->2192K(281600K), 0,0004969 secs] [Times: user=0,00 sys=0,00, real=0,00 secs] 
13,539: [GC (Allocation Failure) [PSYoungGen: 106048K->96K(103424K)] 108176K->2224K(278528K), 0,0004668 secs] [Times: user=0,00 sys=0,00, real=0,00 secs] 
13,592: [GC (Allocation Failure) [PSYoungGen: 103008K->96K(100352K)] 105136K->2224K(275456K), 0,0004485 secs] [Times: user=0,00 sys=0,00, real=0,00 secs] 
13,643: [GC (Allocation Failure) [PSYoungGen: 99936K->96K(97792K)] 102064K->2224K(272896K), 0,0004778 secs] [Times: user=0,01 sys=0,00, real=0,00 secs] 
13,692: [GC (Allocation Failure) [PSYoungGen: 97376K->64K(95232K)] 99504K->2192K(270336K), 0,0004777 secs] [Times: user=0,01 sys=0,00, real=0,00 secs] 
13,740: [GC (Allocation Failure) [PSYoungGen: 94784K->64K(92672K)] 96912K->2192K(267776K), 0,0004719 secs] [Times: user=0,00 sys=0,00, real=0,00 secs] 
13,786: [GC (Allocation Failure) [PSYoungGen: 92224K->64K(90112K)] 94352K->2192K(265216K), 0,0004736 secs] [Times: user=0,00 sys=0,01, real=0,00 secs] 
13,832: [GC (Allocation Failure) [PSYoungGen: 89664K->96K(87552K)] 91792K->2224K(262656K), 0,0004467 secs] [Times: user=0,00 sys=0,00, real=0,00 secs] 
13,876: [GC (Allocation Failure) [PSYoungGen: 87136K->96K(85504K)] 89264K->2224K(260608K), 0,0004773 secs] [Times: user=0,00 sys=0,00, real=0,00 secs] 
13,920: [GC (Allocation Failure) [PSYoungGen: 85088K->96K(83456K)] 87216K->2224K(258560K), 0,0004569 secs] [Times: user=0,01 sys=0,00, real=0,00 secs] 
13,962: [GC (Allocation Failure) [PSYoungGen: 83040K->96K(81408K)] 85168K->2224K(256512K), 0,0005009 secs] [Times: user=0,00 sys=0,00, real=0,00 secs] 
14,003: [GC (Allocation Failure) [PSYoungGen: 80992K->64K(97792K)] 83120K->2192K(272896K), 0,0004897 secs] [Times: user=0,00 sys=0,00, real=0,00 secs] 
14,053: [GC (Allocation Failure) [PSYoungGen: 97344K->96K(95232K)] 99472K->2224K(270336K), 0,0004648 secs] [Times: user=0,00 sys=0,00, real=0,00 secs] 
14,101: [GC (Allocation Failure) [PSYoungGen: 94816K->96K(92672K)] 96944K->2224K(267776K), 0,0004556 secs] [Times: user=0,00 sys=0,00, real=0,00 secs] 
14,148: [GC (Allocation Failure) [PSYoungGen: 92256K->96K(90112K)] 94384K->2224K(265216K), 0,0005168 secs] [Times: user=0,01 sys=0,00, real=0,00 secs] 
14,193: [GC (Allocation Failure) [PSYoungGen: 89696K->96K(87552K)] 91824K->2224K(262656K), 0,0004726 secs] [Times: user=0,00 sys=0,00, real=0,00 secs] 
14,237: [GC (Allocation Failure) [PSYoungGen: 87136K->96K(85504K)] 89264K->2224K(260608K), 0,0004864 secs] [Times: user=0,01 sys=0,00, real=0,00 secs] 
14,280: [GC (Allocation Failure) [PSYoungGen: 85087K->32K(102912K)] 87215K->2160K(278016K), 0,0004824 secs] [Times: user=0,00 sys=0,00, real=0,00 secs] 
14,332: [GC (Allocation Failure) [PSYoungGen: 102432K->96K(99840K)] 104560K->2224K(274944K), 0,0004995 secs] [Times: user=0,00 sys=0,00, real=0,00 secs] 
14,382: [GC (Allocation Failure) [PSYoungGen: 99424K->96K(97280K)] 101552K->2224K(272384K), 0,0004639 secs] [Times: user=0,00 sys=0,00, real=0,00 secs] 
14,432: [GC (Allocation Failure) [PSYoungGen: 96864K->96K(94720K)] 98992K->2224K(269824K), 0,0005128 secs] [Times: user=0,00 sys=0,00, real=0,00 secs] 
14,480: [GC (Allocation Failure) [PSYoungGen: 94304K->96K(92160K)] 96432K->2224K(267264K), 0,0004882 secs] [Times: user=0,00 sys=0,00, real=0,01 secs] 
14,526: [GC (Allocation Failure) [PSYoungGen: 91744K->96K(89600K)] 93872K->2224K(264704K), 0,0004674 secs] [Times: user=0,00 sys=0,00, real=0,00 secs] 
14,571: [GC (Allocation Failure) [PSYoungGen: 89184K->96K(87040K)] 91312K->2224K(262144K), 0,0004677 secs] [Times: user=0,00 sys=0,00, real=0,00 secs] 
14,615: [GC (Allocation Failure) [PSYoungGen: 86624K->96K(84992K)] 88752K->2224K(260096K), 0,0004650 secs] [Times: user=0,00 sys=0,00, real=0,00 secs] 
14,657: [GC (Allocation Failure) [PSYoungGen: 84576K->64K(82944K)] 86704K->2192K(258048K), 0,0004778 secs] [Times: user=0,00 sys=0,00, real=0,00 secs] 
14,699: [GC (Allocation Failure) [PSYoungGen: 82496K->64K(80896K)] 84624K->2192K(256000K), 0,0004697 secs] [Times: user=0,00 sys=0,00, real=0,00 secs] 
14,740: [GC (Allocation Failure) [PSYoungGen: 80448K->96K(97280K)] 82576K->2224K(272384K), 0,0004680 secs] [Times: user=0,00 sys=0,00, real=0,01 secs] 
14,789: [GC (Allocation Failure) [PSYoungGen: 96864K->96K(94720K)] 98992K->2224K(269824K), 0,0004509 secs] [Times: user=0,00 sys=0,00, real=0,00 secs] 
14,837: [GC (Allocation Failure) [PSYoungGen: 94304K->32K(92160K)] 96432K->2160K(267264K), 0,0005050 secs] [Times: user=0,00 sys=0,00, real=0,00 secs] 
14,885: [GC (Allocation Failure) [PSYoungGen: 91680K->96K(89600K)] 93808K->2224K(264704K), 0,0005128 secs] [Times: user=0,00 sys=0,00, real=0,00 secs] 
14,931: [GC (Allocation Failure) [PSYoungGen: 89184K->96K(87040K)] 91312K->2224K(262144K), 0,0004880 secs] [Times: user=0,00 sys=0,00, real=0,00 secs] 
14,976: [GC (Allocation Failure) [PSYoungGen: 86624K->64K(84992K)] 88752K->2192K(260096K), 0,0004930 secs] [Times: user=0,00 sys=0,00, real=0,00 secs] 
15,020: [GC (Allocation Failure) [PSYoungGen: 84544K->96K(101888K)] 86672K->2224K(276992K), 0,0004947 secs] [Times: user=0,00 sys=0,00, real=0,00 secs] 
15,072: [GC (Allocation Failure) [PSYoungGen: 101472K->96K(122368K)] 103600K->2224K(297472K), 0,0006195 secs] [Times: user=0,00 sys=0,00, real=0,00 secs] 
15,137: [GC (Allocation Failure) [PSYoungGen: 121952K->96K(118784K)] 124080K->2224K(293888K), 0,0004780 secs] [Times: user=0,00 sys=0,00, real=0,00 secs] 
15,196: [GC (Allocation Failure) [PSYoungGen: 118368K->64K(115200K)] 120496K->2192K(290304K), 0,0004733 secs] [Times: user=0,00 sys=0,00, real=0,00 secs] 
15,255: [GC (Allocation Failure) [PSYoungGen: 114752K->64K(111616K)] 116880K->2192K(286720K), 0,0004682 secs] [Times: user=0,00 sys=0,00, real=0,00 secs] 
15,312: [GC (Allocation Failure) [PSYoungGen: 111168K->32K(108544K)] 113296K->2160K(283648K), 0,0004879 secs] [Times: user=0,00 sys=0,00, real=0,00 secs] 
15,366: [GC (Allocation Failure) [PSYoungGen: 108064K->32K(105472K)] 110192K->2160K(280576K), 0,0004748 secs] [Times: user=0,00 sys=0,00, real=0,00 secs] 
15,419: [GC (Allocation Failure) [PSYoungGen: 104992K->64K(102400K)] 107120K->2192K(277504K), 0,0004821 secs] [Times: user=0,00 sys=0,00, real=0,00 secs] 
15,472: [GC (Allocation Failure) [PSYoungGen: 101952K->96K(99328K)] 104080K->2224K(274432K), 0,0005438 secs] [Times: user=0,00 sys=0,00, real=0,00 secs] 
15,523: [GC (Allocation Failure) [PSYoungGen: 98912K->96K(96768K)] 101040K->2224K(271872K), 0,0004973 secs] [Times: user=0,00 sys=0,00, real=0,00 secs] 
15,571: [GC (Allocation Failure) [PSYoungGen: 96352K->64K(94208K)] 98480K->2192K(269312K), 0,0004802 secs] [Times: user=0,00 sys=0,00, real=0,00 secs] 
15,619: [GC (Allocation Failure) [PSYoungGen: 93760K->64K(91648K)] 95888K->2192K(266752K), 0,0004990 secs] [Times: user=0,00 sys=0,00, real=0,00 secs] 
15,666: [GC (Allocation Failure) [PSYoungGen: 91200K->96K(89088K)] 93328K->2224K(264192K), 0,0004690 secs] [Times: user=0,00 sys=0,00, real=0,00 secs] 
15,710: [GC (Allocation Failure) [PSYoungGen: 88672K->96K(87040K)] 90800K->2224K(262144K), 0,0004625 secs] [Times: user=0,00 sys=0,00, real=0,00 secs] 
15,754: [GC (Allocation Failure) [PSYoungGen: 86624K->96K(84992K)] 88752K->2224K(260096K), 0,0004689 secs] [Times: user=0,00 sys=0,00, real=0,00 secs] 
15,797: [GC (Allocation Failure) [PSYoungGen: 84576K->96K(82944K)] 86704K->2224K(258048K), 0,0004634 secs] [Times: user=0,00 sys=0,00, real=0,00 secs] 
15,839: [GC (Allocation Failure) [PSYoungGen: 82528K->64K(80896K)] 84656K->2192K(256000K), 0,0004485 secs] [Times: user=0,00 sys=0,00, real=0,00 secs] 
15,880: [GC (Allocation Failure) [PSYoungGen: 80448K->96K(78848K)] 82576K->2224K(253952K), 0,0004581 secs] [Times: user=0,00 sys=0,00, real=0,00 secs] 
15,920: [GC (Allocation Failure) [PSYoungGen: 78432K->96K(94720K)] 80560K->2224K(269824K), 0,0005323 secs] [Times: user=0,01 sys=0,00, real=0,00 secs] 
15,968: [GC (Allocation Failure) [PSYoungGen: 94304K->96K(113664K)] 96432K->2224K(288768K), 0,0005056 secs] [Times: user=0,00 sys=0,00, real=0,00 secs] 
16,026: [GC (Allocation Failure) [PSYoungGen: 113248K->64K(110592K)] 115376K->2192K(285696K), 0,0004778 secs] [Times: user=0,00 sys=0,00, real=0,00 secs] 
16,081: [GC (Allocation Failure) [PSYoungGen: 110143K->64K(107520K)] 112271K->2192K(282624K), 0,0004771 secs] [Times: user=0,00 sys=0,00, real=0,00 secs] 
16,135: [GC (Allocation Failure) [PSYoungGen: 107072K->96K(104448K)] 109200K->2224K(279552K), 0,0004687 secs] [Times: user=0,00 sys=0,00, real=0,00 secs] 
16,188: [GC (Allocation Failure) [PSYoungGen: 104032K->32K(101376K)] 106160K->2160K(276480K), 0,0004760 secs] [Times: user=0,01 sys=0,00, real=0,00 secs] 
16,239: [GC (Allocation Failure) [PSYoungGen: 100896K->64K(98816K)] 103024K->2200K(273920K), 0,0005001 secs] [Times: user=0,00 sys=0,00, real=0,00 secs] 
16,289: [GC (Allocation Failure) [PSYoungGen: 98368K->96K(96256K)] 100504K->2232K(271360K), 0,0004730 secs] [Times: user=0,00 sys=0,00, real=0,00 secs] 
16,337: [GC (Allocation Failure) [PSYoungGen: 95840K->64K(93696K)] 97976K->2200K(268800K), 0,0004652 secs] [Times: user=0,00 sys=0,00, real=0,00 secs] 
16,385: [GC (Allocation Failure) [PSYoungGen: 93248K->64K(91136K)] 95384K->2200K(266240K), 0,0004608 secs] [Times: user=0,00 sys=0,00, real=0,00 secs] 
16,431: [GC (Allocation Failure) [PSYoungGen: 90688K->96K(88576K)] 92824K->2232K(263680K), 0,0005095 secs] [Times: user=0,00 sys=0,00, real=0,00 secs] 
16,476: [GC (Allocation Failure) [PSYoungGen: 88160K->32K(86528K)] 90296K->2168K(261632K), 0,0004680 secs] [Times: user=0,00 sys=0,00, real=0,00 secs] 
16,521: [GC (Allocation Failure) [PSYoungGen: 86048K->64K(84480K)] 88184K->2200K(259584K), 0,0004737 secs] [Times: user=0,00 sys=0,00, real=0,00 secs] 
16,564: [GC (Allocation Failure) [PSYoungGen: 84032K->96K(82432K)] 86168K->2232K(257536K), 0,0004601 secs] [Times: user=0,01 sys=0,00, real=0,00 secs] 
16,606: [GC (Allocation Failure) [PSYoungGen: 82016K->32K(80384K)] 84152K->2168K(255488K), 0,0004693 secs] [Times: user=0,00 sys=0,00, real=0,00 secs] 
16,647: [GC (Allocation Failure) [PSYoungGen: 79904K->64K(96768K)] 82040K->2200K(271872K), 0,0004750 secs] [Times: user=0,00 sys=0,00, real=0,00 secs] 
16,696: [GC (Allocation Failure) [PSYoungGen: 96320K->96K(94208K)] 98456K->2232K(269312K), 0,0004582 secs] [Times: user=0,00 sys=0,00, real=0,00 secs] 
16,744: [GC (Allocation Failure) [PSYoungGen: 93792K->96K(91648K)] 95928K->2232K(266752K), 0,0004518 secs] [Times: user=0,00 sys=0,00, real=0,00 secs] 
16,792: [GC (Allocation Failure) [PSYoungGen: 91232K->96K(89088K)] 93368K->2232K(264192K), 0,0004629 secs] [Times: user=0,01 sys=0,00, real=0,00 secs] 
16,838: [GC (Allocation Failure) [PSYoungGen: 88672K->32K(87040K)] 90808K->2168K(262144K), 0,0004824 secs] [Times: user=0,00 sys=0,01, real=0,00 secs] 
16,883: [GC (Allocation Failure) [PSYoungGen: 86560K->64K(84992K)] 88696K->2200K(260096K), 0,0004485 secs] [Times: user=0,00 sys=0,00, real=0,00 secs] 
16,927: [GC (Allocation Failure) [PSYoungGen: 84544K->96K(82944K)] 86680K->2232K(258048K), 0,0004776 secs] [Times: user=0,00 sys=0,00, real=0,00 secs] 
16,970: [GC (Allocation Failure) [PSYoungGen: 82528K->64K(99840K)] 84664K->2200K(274944K), 0,0005239 secs] [Times: user=0,01 sys=0,00, real=0,01 secs] 
17,020: [GC (Allocation Failure) [PSYoungGen: 99392K->64K(97280K)] 101528K->2200K(272384K), 0,0004809 secs] [Times: user=0,01 sys=0,00, real=0,01 secs] 
17,069: [GC (Allocation Failure) [PSYoungGen: 96832K->96K(94720K)] 98968K->2232K(269824K), 0,0004640 secs] [Times: user=0,01 sys=0,00, real=0,00 secs] 
17,117: [GC (Allocation Failure) [PSYoungGen: 94304K->64K(92160K)] 96440K->2200K(267264K), 0,0004571 secs] [Times: user=0,00 sys=0,00, real=0,00 secs] 
17,163: [GC (Allocation Failure) [PSYoungGen: 91712K->96K(89600K)] 93848K->2232K(264704K), 0,0004597 secs] [Times: user=0,00 sys=0,00, real=0,00 secs] 
17,209: [GC (Allocation Failure) [PSYoungGen: 89184K->64K(87040K)] 91320K->2200K(262144K), 0,0004815 secs] [Times: user=0,00 sys=0,00, real=0,00 secs] 
17,252: [GC (Allocation Failure) [PSYoungGen: 86592K->64K(84992K)] 88728K->2200K(260096K), 0,0004533 secs] [Times: user=0,00 sys=0,00, real=0,00 secs] 
17,295: [GC (Allocation Failure) [PSYoungGen: 84544K->96K(82944K)] 86680K->2232K(258048K), 0,0004745 secs] [Times: user=0,00 sys=0,00, real=0,00 secs] 
17,337: [GC (Allocation Failure) [PSYoungGen: 82528K->96K(80896K)] 84664K->2232K(256000K), 0,0004622 secs] [Times: user=0,00 sys=0,00, real=0,00 secs] 
17,378: [GC (Allocation Failure) [PSYoungGen: 80480K->96K(78848K)] 82616K->2232K(253952K), 0,0004506 secs] [Times: user=0,00 sys=0,00, real=0,00 secs] 
17,418: [GC (Allocation Failure) [PSYoungGen: 78432K->96K(94720K)] 80568K->2232K(269824K), 0,0005096 secs] [Times: user=0,00 sys=0,00, real=0,00 secs] 
17,466: [GC (Allocation Failure) [PSYoungGen: 94304K->64K(113664K)] 96440K->2200K(288768K), 0,0005083 secs] [Times: user=0,00 sys=0,00, real=0,00 secs] 
17,528: [GC (Allocation Failure) [PSYoungGen: 113216K->64K(110592K)] 115352K->2200K(285696K), 0,0004879 secs] [Times: user=0,00 sys=0,00, real=0,00 secs] 
17,584: [GC (Allocation Failure) [PSYoungGen: 110144K->64K(107520K)] 112280K->2200K(282624K), 0,0004565 secs] [Times: user=0,01 sys=0,00, real=0,00 secs] 
17,638: [GC (Allocation Failure) [PSYoungGen: 107072K->64K(104448K)] 109208K->2200K(279552K), 0,0004761 secs] [Times: user=0,00 sys=0,00, real=0,00 secs] 
17,690: [GC (Allocation Failure) [PSYoungGen: 103999K->96K(101376K)] 106135K->2232K(276480K), 0,0004525 secs] [Times: user=0,00 sys=0,00, real=0,00 secs] 
17,742: [GC (Allocation Failure) [PSYoungGen: 100960K->64K(98816K)] 103096K->2200K(273920K), 0,0004606 secs] [Times: user=0,01 sys=0,00, real=0,00 secs] 
17,794: [GC (Allocation Failure) [PSYoungGen: 98368K->64K(96256K)] 100504K->2200K(271360K), 0,0004644 secs] [Times: user=0,00 sys=0,00, real=0,00 secs] 
17,842: [GC (Allocation Failure) [PSYoungGen: 95808K->96K(93696K)] 97944K->2232K(268800K), 0,0004596 secs] [Times: user=0,00 sys=0,00, real=0,00 secs] 
17,890: [GC (Allocation Failure) [PSYoungGen: 93280K->64K(91136K)] 95416K->2200K(266240K), 0,0004683 secs] [Times: user=0,00 sys=0,00, real=0,01 secs] 
17,936: [GC (Allocation Failure) [PSYoungGen: 90688K->32K(88576K)] 92824K->2168K(263680K), 0,0004377 secs] [Times: user=0,00 sys=0,00, real=0,00 secs] 
17,982: [GC (Allocation Failure) [PSYoungGen: 88096K->96K(86528K)] 90232K->2232K(261632K), 0,0005278 secs] [Times: user=0,00 sys=0,00, real=0,00 secs] 
18,025: [GC (Allocation Failure) [PSYoungGen: 86112K->96K(84480K)] 88248K->2232K(259584K), 0,0004877 secs] [Times: user=0,00 sys=0,00, real=0,00 secs] 
18,068: [GC (Allocation Failure) [PSYoungGen: 84064K->96K(82432K)] 86200K->2232K(257536K), 0,0004635 secs] [Times: user=0,00 sys=0,00, real=0,00 secs] 
18,109: [GC (Allocation Failure) [PSYoungGen: 82016K->64K(80384K)] 84152K->2200K(255488K), 0,0004555 secs] [Times: user=0,00 sys=0,00, real=0,00 secs] 
18,150: [GC (Allocation Failure) [PSYoungGen: 79936K->96K(96768K)] 82072K->2232K(271872K), 0,0004568 secs] [Times: user=0,00 sys=0,00, real=0,00 secs] 
18,199: [GC (Allocation Failure) [PSYoungGen: 96352K->64K(94208K)] 98488K->2200K(269312K), 0,0004672 secs] [Times: user=0,00 sys=0,00, real=0,00 secs] 
18,246: [GC (Allocation Failure) [PSYoungGen: 93760K->96K(91648K)] 95896K->2232K(266752K), 0,0004692 secs] [Times: user=0,00 sys=0,00, real=0,00 secs] 
18,292: [GC (Allocation Failure) [PSYoungGen: 91232K->96K(89088K)] 93368K->2232K(264192K), 0,0004637 secs] [Times: user=0,00 sys=0,00, real=0,00 secs] 
18,337: [GC (Allocation Failure) [PSYoungGen: 88672K->64K(87040K)] 90808K->2200K(262144K), 0,0004642 secs] [Times: user=0,01 sys=0,00, real=0,00 secs] 
18,381: [GC (Allocation Failure) [PSYoungGen: 86592K->96K(84992K)] 88728K->2232K(260096K), 0,0004463 secs] [Times: user=0,00 sys=0,00, real=0,00 secs] 
18,423: [GC (Allocation Failure) [PSYoungGen: 84576K->64K(82944K)] 86712K->2200K(258048K), 0,0004724 secs] [Times: user=0,00 sys=0,00, real=0,00 secs] 
18,466: [GC (Allocation Failure) [PSYoungGen: 82496K->32K(80896K)] 84632K->2168K(256000K), 0,0004894 secs] [Times: user=0,00 sys=0,00, real=0,00 secs] 
18,507: [GC (Allocation Failure) [PSYoungGen: 80416K->96K(97280K)] 82552K->2232K(272384K), 0,0004829 secs] [Times: user=0,00 sys=0,00, real=0,00 secs] 
18,556: [GC (Allocation Failure) [PSYoungGen: 96864K->32K(94720K)] 99000K->2168K(269824K), 0,0004740 secs] [Times: user=0,00 sys=0,00, real=0,00 secs] 
18,603: [GC (Allocation Failure) [PSYoungGen: 94240K->64K(92160K)] 96376K->2200K(267264K), 0,0004880 secs] [Times: user=0,01 sys=0,00, real=0,00 secs] 
18,649: [GC (Allocation Failure) [PSYoungGen: 91712K->96K(89600K)] 93848K->2232K(264704K), 0,0004581 secs] [Times: user=0,00 sys=0,00, real=0,00 secs] 
18,694: [GC (Allocation Failure) [PSYoungGen: 89184K->96K(87040K)] 91320K->2232K(262144K), 0,0004550 secs] [Times: user=0,00 sys=0,00, real=0,00 secs] 
18,738: [GC (Allocation Failure) [PSYoungGen: 86624K->64K(84992K)] 88760K->2200K(260096K), 0,0004992 secs] [Times: user=0,00 sys=0,00, real=0,00 secs] 
18,790: [GC (Allocation Failure) [PSYoungGen: 84544K->96K(82944K)] 86680K->2232K(258048K), 0,0005183 secs] [Times: user=0,00 sys=0,00, real=0,00 secs] 
18,845: [GC (Allocation Failure) [PSYoungGen: 82528K->96K(80896K)] 84664K->2232K(256000K), 0,0005114 secs] [Times: user=0,00 sys=0,00, real=0,00 secs] 
18,897: [GC (Allocation Failure) [PSYoungGen: 80480K->64K(97280K)] 82616K->2200K(272384K), 0,0011271 secs] [Times: user=0,00 sys=0,00, real=0,00 secs] 
18,961: [GC (Allocation Failure) [PSYoungGen: 96832K->96K(116736K)] 98968K->2232K(291840K), 0,0005854 secs] [Times: user=0,00 sys=0,00, real=0,00 secs] 
19,039: [GC (Allocation Failure) [PSYoungGen: 116320K->96K(113152K)] 118456K->2232K(288256K), 0,0004966 secs] [Times: user=0,00 sys=0,00, real=0,00 secs] 
19,116: [GC (Allocation Failure) [PSYoungGen: 112736K->96K(110080K)] 114872K->2232K(285184K), 0,0005208 secs] [Times: user=0,00 sys=0,00, real=0,00 secs] 
19,172: [GC (Allocation Failure) [PSYoungGen: 109664K->96K(107008K)] 111800K->2232K(282112K), 0,0004751 secs] [Times: user=0,00 sys=0,00, real=0,00 secs] 
19,226: [GC (Allocation Failure) [PSYoungGen: 106592K->64K(103936K)] 108728K->2200K(279040K), 0,0004925 secs] [Times: user=0,00 sys=0,00, real=0,00 secs] 
19,278: [GC (Allocation Failure) [PSYoungGen: 103488K->64K(100864K)] 105624K->2200K(275968K), 0,0004707 secs] [Times: user=0,00 sys=0,00, real=0,00 secs] 
19,329: [GC (Allocation Failure) [PSYoungGen: 100416K->64K(98304K)] 102552K->2200K(273408K), 0,0004609 secs] [Times: user=0,00 sys=0,00, real=0,00 secs] 
19,378: [GC (Allocation Failure) [PSYoungGen: 97856K->128K(95744K)] 99992K->2264K(270848K), 0,0004607 secs] [Times: user=0,00 sys=0,00, real=0,00 secs] 
19,427: [GC (Allocation Failure) [PSYoungGen: 95360K->32K(93184K)] 97496K->2168K(268288K), 0,0005145 secs] [Times: user=0,00 sys=0,00, real=0,00 secs] 
19,474: [GC (Allocation Failure) [PSYoungGen: 92704K->64K(90624K)] 94840K->2200K(265728K), 0,0004876 secs] [Times: user=0,00 sys=0,00, real=0,00 secs] 
19,520: [GC (Allocation Failure) [PSYoungGen: 90176K->32K(88064K)] 92312K->2168K(263168K), 0,0004582 secs] [Times: user=0,00 sys=0,00, real=0,00 secs] 
19,564: [GC (Allocation Failure) [PSYoungGen: 87584K->96K(86016K)] 89720K->2232K(261120K), 0,0004900 secs] [Times: user=0,00 sys=0,00, real=0,00 secs] 
19,608: [GC (Allocation Failure) [PSYoungGen: 85600K->64K(83968K)] 87736K->2200K(259072K), 0,0004622 secs] [Times: user=0,00 sys=0,00, real=0,00 secs] 
19,650: [GC (Allocation Failure) [PSYoungGen: 83520K->96K(81920K)] 85656K->2232K(257024K), 0,0004614 secs] [Times: user=0,00 sys=0,00, real=0,00 secs] 
19,691: [GC (Allocation Failure) [PSYoungGen: 81504K->64K(79872K)] 83640K->2200K(254976K), 0,0004611 secs] [Times: user=0,00 sys=0,00, real=0,00 secs] 
19,732: [GC (Allocation Failure) [PSYoungGen: 79424K->64K(95744K)] 81560K->2200K(270848K), 0,0004740 secs] [Times: user=0,00 sys=0,00, real=0,00 secs] 
19,780: [GC (Allocation Failure) [PSYoungGen: 95296K->96K(93184K)] 97432K->2232K(268288K), 0,0004622 secs] [Times: user=0,00 sys=0,00, real=0,00 secs] 
19,827: [GC (Allocation Failure) [PSYoungGen: 92768K->64K(90624K)] 94904K->2200K(265728K), 0,0004613 secs] [Times: user=0,00 sys=0,00, real=0,00 secs] 
19,872: [GC (Allocation Failure) [PSYoungGen: 90176K->96K(88064K)] 92312K->2232K(263168K), 0,0004547 secs] [Times: user=0,00 sys=0,00, real=0,00 secs] 
19,916: [GC (Allocation Failure) [PSYoungGen: 87648K->32K(86016K)] 89784K->2168K(261120K), 0,0004519 secs] [Times: user=0,01 sys=0,00, real=0,00 secs] 
19,960: [GC (Allocation Failure) [PSYoungGen: 85536K->96K(83968K)] 87672K->2232K(259072K), 0,0005122 secs] [Times: user=0,00 sys=0,00, real=0,00 secs] 
20,003: [GC (Allocation Failure) [PSYoungGen: 83552K->96K(100864K)] 85688K->2232K(275968K), 0,0004873 secs] [Times: user=0,00 sys=0,00, real=0,00 secs] 
20,054: [GC (Allocation Failure) [PSYoungGen: 100448K->32K(98304K)] 102584K->2168K(273408K), 0,0004769 secs] [Times: user=0,00 sys=0,00, real=0,00 secs] 
20,103: [GC (Allocation Failure) [PSYoungGen: 97824K->64K(95744K)] 99960K->2200K(270848K), 0,0004775 secs] [Times: user=0,00 sys=0,00, real=0,00 secs] 
20,152: [GC (Allocation Failure) [PSYoungGen: 95296K->96K(93184K)] 97432K->2232K(268288K), 0,0004743 secs] [Times: user=0,00 sys=0,00, real=0,00 secs] 
20,200: [GC (Allocation Failure) [PSYoungGen: 92768K->96K(90624K)] 94904K->2232K(265728K), 0,0004872 secs] [Times: user=0,00 sys=0,00, real=0,01 secs] 
20,246: [GC (Allocation Failure) [PSYoungGen: 90208K->0K(88064K)] 92344K->2136K(263168K), 0,0004804 secs] [Times: user=0,00 sys=0,00, real=0,00 secs] 
20,291: [GC (Allocation Failure) [PSYoungGen: 87552K->64K(86016K)] 89688K->2200K(261120K), 0,0004939 secs] [Times: user=0,00 sys=0,00, real=0,00 secs] 
20,334: [GC (Allocation Failure) [PSYoungGen: 85568K->96K(83968K)] 87704K->2232K(259072K), 0,0004608 secs] [Times: user=0,00 sys=0,00, real=0,00 secs] 
20,381: [GC (Allocation Failure) [PSYoungGen: 83552K->96K(81920K)] 85688K->2232K(257024K), 0,0005245 secs] [Times: user=0,00 sys=0,00, real=0,00 secs] 
20,423: [GC (Allocation Failure) [PSYoungGen: 81504K->96K(98304K)] 83640K->2256K(273408K), 0,0007149 secs] [Times: user=0,01 sys=0,00, real=0,00 secs] 
20,473: [GC (Allocation Failure) [PSYoungGen: 97888K->64K(118272K)] 100048K->2224K(293376K), 0,0005090 secs] [Times: user=0,00 sys=0,00, real=0,00 secs] 
20,533: [GC (Allocation Failure) [PSYoungGen: 117824K->64K(114688K)] 119984K->2224K(289792K), 0,0004865 secs] [Times: user=0,00 sys=0,00, real=0,00 secs] 
20,591: [GC (Allocation Failure) [PSYoungGen: 114240K->96K(111104K)] 116400K->2256K(286208K), 0,0004925 secs] [Times: user=0,00 sys=0,00, real=0,00 secs] 
20,647: [GC (Allocation Failure) [PSYoungGen: 110688K->32K(108032K)] 112848K->2192K(283136K), 0,0004900 secs] [Times: user=0,00 sys=0,00, real=0,00 secs] 
20,701: [GC (Allocation Failure) [PSYoungGen: 107552K->64K(104960K)] 109712K->2224K(280064K), 0,0004828 secs] [Times: user=0,00 sys=0,00, real=0,00 secs] 
20,754: [GC (Allocation Failure) [PSYoungGen: 104512K->96K(101888K)] 106672K->2256K(276992K), 0,0004883 secs] [Times: user=0,00 sys=0,00, real=0,00 secs] 
20,806: [GC (Allocation Failure) [PSYoungGen: 101472K->96K(98816K)] 103632K->2256K(273920K), 0,0004823 secs] [Times: user=0,00 sys=0,00, real=0,00 secs] 
20,856: [GC (Allocation Failure) [PSYoungGen: 98400K->64K(96256K)] 100560K->2224K(271360K), 0,0004819 secs] [Times: user=0,00 sys=0,00, real=0,00 secs] 
20,905: [GC (Allocation Failure) [PSYoungGen: 95808K->64K(115712K)] 97968K->2224K(290816K), 0,0010124 secs] [Times: user=0,00 sys=0,00, real=0,00 secs] 
20,972: [GC (Allocation Failure) [PSYoungGen: 115264K->32K(138752K)] 117424K->2192K(313856K), 0,0005139 secs] [Times: user=0,00 sys=0,00, real=0,00 secs] 
21,048: [GC (Allocation Failure) [PSYoungGen: 138272K->96K(134144K)] 140432K->2256K(309248K), 0,0005112 secs] [Times: user=0,00 sys=0,00, real=0,00 secs] 
21,116: [GC (Allocation Failure) [PSYoungGen: 133728K->96K(130048K)] 135888K->2256K(305152K), 0,0004954 secs] [Times: user=0,00 sys=0,00, real=0,00 secs] 
21,181: [GC (Allocation Failure) [PSYoungGen: 129632K->96K(125952K)] 131792K->2256K(301056K), 0,0004930 secs] [Times: user=0,01 sys=0,00, real=0,00 secs] 
21,245: [GC (Allocation Failure) [PSYoungGen: 125536K->64K(121856K)] 127696K->2224K(296960K), 0,0005084 secs] [Times: user=0,00 sys=0,00, real=0,00 secs] 
21,308: [GC (Allocation Failure) [PSYoungGen: 121408K->96K(118272K)] 123568K->2256K(293376K), 0,0005131 secs] [Times: user=0,00 sys=0,00, real=0,00 secs] 
21,369: [GC (Allocation Failure) [PSYoungGen: 117856K->96K(114688K)] 120016K->2256K(289792K), 0,0005022 secs] [Times: user=0,00 sys=0,00, real=0,00 secs] 
21,427: [GC (Allocation Failure) [PSYoungGen: 114272K->96K(111104K)] 116432K->2256K(286208K), 0,0005044 secs] [Times: user=0,00 sys=0,00, real=0,00 secs] 
21,484: [GC (Allocation Failure) [PSYoungGen: 110688K->96K(108032K)] 112848K->2256K(283136K), 0,0005332 secs] [Times: user=0,00 sys=0,00, real=0,00 secs] 
21,539: [GC (Allocation Failure) [PSYoungGen: 107616K->64K(104960K)] 109776K->2224K(280064K), 0,0004951 secs] [Times: user=0,00 sys=0,00, real=0,00 secs] 
21,593: [GC (Allocation Failure) [PSYoungGen: 104512K->96K(101888K)] 106672K->2256K(276992K), 0,0004973 secs] [Times: user=0,00 sys=0,00, real=0,00 secs] 
21,645: [GC (Allocation Failure) [PSYoungGen: 101472K->64K(98816K)] 103632K->2224K(273920K), 0,0007629 secs] [Times: user=0,00 sys=0,00, real=0,00 secs] 
21,697: [GC (Allocation Failure) [PSYoungGen: 98368K->64K(96256K)] 100528K->2224K(271360K), 0,0005063 secs] [Times: user=0,00 sys=0,00, real=0,00 secs] 
21,746: [GC (Allocation Failure) [PSYoungGen: 95808K->64K(93696K)] 97968K->2224K(268800K), 0,0004990 secs] [Times: user=0,00 sys=0,00, real=0,00 secs] 
21,794: [GC (Allocation Failure) [PSYoungGen: 93248K->64K(91136K)] 95408K->2224K(266240K), 0,0005122 secs] [Times: user=0,00 sys=0,00, real=0,00 secs] 
21,841: [GC (Allocation Failure) [PSYoungGen: 90688K->32K(88576K)] 92848K->2192K(263680K), 0,0005188 secs] [Times: user=0,00 sys=0,00, real=0,00 secs] 
21,887: [GC (Allocation Failure) [PSYoungGen: 88096K->96K(86528K)] 90256K->2256K(261632K), 0,0005114 secs] [Times: user=0,00 sys=0,00, real=0,00 secs] 
21,932: [GC (Allocation Failure) [PSYoungGen: 86112K->96K(84480K)] 88272K->2256K(259584K), 0,0005015 secs] [Times: user=0,00 sys=0,00, real=0,00 secs] 
21,976: [GC (Allocation Failure) [PSYoungGen: 84064K->96K(82432K)] 86224K->2256K(257536K), 0,0005103 secs] [Times: user=0,00 sys=0,00, real=0,00 secs] 
22,019: [GC (Allocation Failure) [PSYoungGen: 82016K->96K(98816K)] 84176K->2256K(273920K), 0,0005229 secs] [Times: user=0,01 sys=0,00, real=0,00 secs] 
22,071: [GC (Allocation Failure) [PSYoungGen: 98400K->96K(96256K)] 100560K->2256K(271360K), 0,0005060 secs] [Times: user=0,00 sys=0,00, real=0,00 secs] 
22,121: [GC (Allocation Failure) [PSYoungGen: 95840K->96K(93696K)] 98000K->2256K(268800K), 0,0005083 secs] [Times: user=0,00 sys=0,00, real=0,00 secs] 
22,170: [GC (Allocation Failure) [PSYoungGen: 93280K->64K(91136K)] 95440K->2224K(266240K), 0,0005136 secs] [Times: user=0,01 sys=0,00, real=0,01 secs] 
22,218: [GC (Allocation Failure) [PSYoungGen: 90688K->32K(88576K)] 92848K->2192K(263680K), 0,0005116 secs] [Times: user=0,00 sys=0,00, real=0,00 secs] 
22,264: [GC (Allocation Failure) [PSYoungGen: 88096K->96K(86528K)] 90256K->2256K(261632K), 0,0005036 secs] [Times: user=0,00 sys=0,00, real=0,00 secs] 
22,308: [GC (Allocation Failure) [PSYoungGen: 86112K->64K(103936K)] 88272K->2224K(279040K), 0,0007765 secs] [Times: user=0,00 sys=0,00, real=0,00 secs] 
22,361: [GC (Allocation Failure) [PSYoungGen: 103488K->96K(124928K)] 105648K->2256K(300032K), 0,0005048 secs] [Times: user=0,00 sys=0,00, real=0,00 secs] 
22,424: [GC (Allocation Failure) [PSYoungGen: 124512K->64K(121344K)] 126672K->2224K(296448K), 0,0004964 secs] [Times: user=0,00 sys=0,00, real=0,00 secs] 
22,487: [GC (Allocation Failure) [PSYoungGen: 120896K->96K(117760K)] 123056K->2256K(292864K), 0,0005470 secs] [Times: user=0,00 sys=0,00, real=0,00 secs] 
22,546: [GC (Allocation Failure) [PSYoungGen: 117344K->96K(114176K)] 119504K->2256K(289280K), 0,0005025 secs] [Times: user=0,00 sys=0,00, real=0,00 secs] 
22,604: [GC (Allocation Failure) [PSYoungGen: 113760K->96K(110592K)] 115920K->2256K(285696K), 0,0004925 secs] [Times: user=0,00 sys=0,00, real=0,00 secs] 
22,661: [GC (Allocation Failure) [PSYoungGen: 110176K->32K(107520K)] 112336K->2192K(282624K), 0,0004884 secs] [Times: user=0,00 sys=0,01, real=0,00 secs] 
22,715: [GC (Allocation Failure) [PSYoungGen: 107040K->64K(104448K)] 109200K->2224K(279552K), 0,0004749 secs] [Times: user=0,00 sys=0,00, real=0,00 secs] 
22,768: [GC (Allocation Failure) [PSYoungGen: 104000K->32K(101376K)] 106160K->2192K(276480K), 0,0004915 secs] [Times: user=0,00 sys=0,00, real=0,00 secs] 
22,820: [GC (Allocation Failure) [PSYoungGen: 100896K->96K(98816K)] 103056K->2256K(273920K), 0,0004851 secs] [Times: user=0,00 sys=0,00, real=0,00 secs] 
22,870: [GC (Allocation Failure) [PSYoungGen: 98400K->96K(96256K)] 100560K->2256K(271360K), 0,0004740 secs] [Times: user=0,00 sys=0,00, real=0,01 secs] 
22,918: [GC (Allocation Failure) [PSYoungGen: 95840K->96K(93696K)] 98000K->2256K(268800K), 0,0004697 secs] [Times: user=0,00 sys=0,00, real=0,00 secs] 
22,966: [GC (Allocation Failure) [PSYoungGen: 93280K->96K(91136K)] 95440K->2256K(266240K), 0,0005295 secs] [Times: user=0,00 sys=0,00, real=0,00 secs] 
23,012: [GC (Allocation Failure) [PSYoungGen: 90720K->96K(88576K)] 92880K->2256K(263680K), 0,0005072 secs] [Times: user=0,00 sys=0,00, real=0,00 secs] 
23,056: [GC (Allocation Failure) [PSYoungGen: 88160K->96K(86528K)] 90320K->2256K(261632K), 0,0004911 secs] [Times: user=0,00 sys=0,00, real=0,00 secs] 
23,101: [GC (Allocation Failure) [PSYoungGen: 86112K->96K(84480K)] 88272K->2256K(259584K), 0,0005031 secs] [Times: user=0,00 sys=0,00, real=0,00 secs] 
23,146: [GC (Allocation Failure) [PSYoungGen: 84064K->96K(82432K)] 86224K->2256K(257536K), 0,0005055 secs] [Times: user=0,00 sys=0,00, real=0,00 secs] 
23,188: [GC (Allocation Failure) [PSYoungGen: 82016K->64K(98816K)] 84176K->2224K(273920K), 0,0005169 secs] [Times: user=0,00 sys=0,00, real=0,00 secs] 
23,239: [GC (Allocation Failure) [PSYoungGen: 98368K->96K(96256K)] 100528K->2256K(271360K), 0,0004955 secs] [Times: user=0,00 sys=0,00, real=0,00 secs] 
23,287: [GC (Allocation Failure) [PSYoungGen: 95840K->96K(93696K)] 98000K->2256K(268800K), 0,0004715 secs] [Times: user=0,00 sys=0,00, real=0,00 secs] 
23,334: [GC (Allocation Failure) [PSYoungGen: 93280K->64K(91136K)] 95440K->2224K(266240K), 0,0004856 secs] [Times: user=0,00 sys=0,00, real=0,00 secs] 
23,381: [GC (Allocation Failure) [PSYoungGen: 90688K->96K(88576K)] 92848K->2256K(263680K), 0,0004960 secs] [Times: user=0,01 sys=0,00, real=0,00 secs] 
23,426: [GC (Allocation Failure) [PSYoungGen: 88160K->96K(86528K)] 90320K->2256K(261632K), 0,0004955 secs] [Times: user=0,00 sys=0,00, real=0,00 secs] 
23,472: [GC (Allocation Failure) [PSYoungGen: 86112K->64K(84480K)] 88272K->2224K(259584K), 0,0005241 secs] [Times: user=0,00 sys=0,00, real=0,00 secs] 
23,515: [GC (Allocation Failure) [PSYoungGen: 84032K->64K(82432K)] 86192K->2224K(257536K), 0,0004760 secs] [Times: user=0,00 sys=0,00, real=0,00 secs] 
23,558: [GC (Allocation Failure) [PSYoungGen: 81984K->64K(80384K)] 84144K->2224K(255488K), 0,0004632 secs] [Times: user=0,00 sys=0,00, real=0,00 secs] 
23,599: [GC (Allocation Failure) [PSYoungGen: 79936K->32K(96768K)] 82096K->2192K(271872K), 0,0004579 secs] [Times: user=0,01 sys=0,00, real=0,01 secs] 
23,648: [GC (Allocation Failure) [PSYoungGen: 96288K->128K(94208K)] 98448K->2288K(269312K), 0,0004842 secs] [Times: user=0,00 sys=0,00, real=0,00 secs] 
23,695: [GC (Allocation Failure) [PSYoungGen: 93824K->64K(91648K)] 95984K->2224K(266752K), 0,0004884 secs] [Times: user=0,00 sys=0,00, real=0,00 secs] 
23,742: [GC (Allocation Failure) [PSYoungGen: 91200K->32K(89088K)] 93360K->2192K(264192K), 0,0004641 secs] [Times: user=0,00 sys=0,00, real=0,00 secs] 
23,787: [GC (Allocation Failure) [PSYoungGen: 88608K->96K(87040K)] 90768K->2256K(262144K), 0,0004453 secs] [Times: user=0,00 sys=0,00, real=0,00 secs] 
23,830: [GC (Allocation Failure) [PSYoungGen: 86624K->96K(84992K)] 88784K->2256K(260096K), 0,0004476 secs] [Times: user=0,00 sys=0,00, real=0,01 secs] 
23,872: [GC (Allocation Failure) [PSYoungGen: 84576K->32K(82944K)] 86736K->2192K(258048K), 0,0004690 secs] [Times: user=0,00 sys=0,00, real=0,00 secs] 
23,915: [GC (Allocation Failure) [PSYoungGen: 82464K->96K(99840K)] 84624K->2256K(274944K), 0,0005248 secs] [Times: user=0,00 sys=0,00, real=0,00 secs] 
23,965: [GC (Allocation Failure) [PSYoungGen: 99424K->96K(97280K)] 101584K->2256K(272384K), 0,0004894 secs] [Times: user=0,00 sys=0,00, real=0,00 secs] 
24,014: [GC (Allocation Failure) [PSYoungGen: 96864K->96K(94720K)] 99024K->2256K(269824K), 0,0004991 secs] [Times: user=0,00 sys=0,00, real=0,00 secs] 
24,062: [GC (Allocation Failure) [PSYoungGen: 94304K->64K(92160K)] 96464K->2224K(267264K), 0,0005197 secs] [Times: user=0,00 sys=0,00, real=0,00 secs] 
24,108: [GC (Allocation Failure) [PSYoungGen: 91712K->64K(89600K)] 93872K->2224K(264704K), 0,0004733 secs] [Times: user=0,00 sys=0,00, real=0,00 secs] 
24,154: [GC (Allocation Failure) [PSYoungGen: 89152K->64K(107520K)] 91312K->2224K(282624K), 0,0005461 secs] [Times: user=0,01 sys=0,00, real=0,00 secs] 
24,208: [GC (Allocation Failure) [PSYoungGen: 107072K->64K(104448K)] 109232K->2224K(279552K), 0,0005039 secs] [Times: user=0,00 sys=0,00, real=0,00 secs] 
24,260: [GC (Allocation Failure) [PSYoungGen: 104000K->32K(101376K)] 106160K->2192K(276480K), 0,0004971 secs] [Times: user=0,00 sys=0,00, real=0,00 secs] 
24,312: [GC (Allocation Failure) [PSYoungGen: 100896K->64K(98816K)] 103056K->2224K(273920K), 0,0005010 secs] [Times: user=0,00 sys=0,00, real=0,00 secs] 
24,362: [GC (Allocation Failure) [PSYoungGen: 98368K->96K(96256K)] 100528K->2256K(271360K), 0,0004529 secs] [Times: user=0,01 sys=0,00, real=0,00 secs] 
24,412: [GC (Allocation Failure) [PSYoungGen: 95840K->96K(93696K)] 98000K->2256K(268800K), 0,0004689 secs] [Times: user=0,01 sys=0,00, real=0,00 secs] 
24,460: [GC (Allocation Failure) [PSYoungGen: 93280K->96K(91136K)] 95440K->2256K(266240K), 0,0005001 secs] [Times: user=0,00 sys=0,00, real=0,00 secs] 
24,507: [GC (Allocation Failure) [PSYoungGen: 90720K->64K(88576K)] 92880K->2224K(263680K), 0,0004991 secs] [Times: user=0,00 sys=0,00, real=0,00 secs] 
24,552: [GC (Allocation Failure) [PSYoungGen: 88128K->96K(86528K)] 90288K->2256K(261632K), 0,0004952 secs] [Times: user=0,00 sys=0,00, real=0,00 secs] 
24,597: [GC (Allocation Failure) [PSYoungGen: 86112K->96K(84480K)] 88272K->2256K(259584K), 0,0005041 secs] [Times: user=0,00 sys=0,00, real=0,00 secs] 
24,640: [GC (Allocation Failure) [PSYoungGen: 84064K->64K(82432K)] 86224K->2224K(257536K), 0,0005035 secs] [Times: user=0,00 sys=0,00, real=0,00 secs] 
24,682: [GC (Allocation Failure) [PSYoungGen: 81984K->64K(98816K)] 84144K->2224K(273920K), 0,0004954 secs] [Times: user=0,00 sys=0,00, real=0,00 secs] 
24,732: [GC (Allocation Failure) [PSYoungGen: 98368K->32K(96256K)] 100528K->2192K(271360K), 0,0005137 secs] [Times: user=0,00 sys=0,00, real=0,00 secs] 
24,784: [GC (Allocation Failure) [PSYoungGen: 95776K->64K(93696K)] 97936K->2224K(268800K), 0,0005025 secs] [Times: user=0,00 sys=0,00, real=0,00 secs] 
24,832: [GC (Allocation Failure) [PSYoungGen: 93248K->96K(91136K)] 95408K->2256K(266240K), 0,0005060 secs] [Times: user=0,01 sys=0,00, real=0,00 secs] 
24,878: [GC (Allocation Failure) [PSYoungGen: 90720K->32K(109568K)] 92880K->2192K(284672K), 0,0009689 secs] [Times: user=0,00 sys=0,00, real=0,00 secs] 
24,935: [GC (Allocation Failure) [PSYoungGen: 109088K->96K(131584K)] 111248K->2256K(306688K), 0,0005010 secs] [Times: user=0,00 sys=0,00, real=0,00 secs] 
25,002: [GC (Allocation Failure) [PSYoungGen: 131168K->64K(158208K)] 133328K->2224K(333312K), 0,0005042 secs] [Times: user=0,00 sys=0,00, real=0,00 secs] 
25,093: [GC (Allocation Failure) [PSYoungGen: 157760K->64K(189952K)] 159920K->2224K(365056K), 0,0010821 secs] [Times: user=0,00 sys=0,00, real=0,00 secs] 
25,213: [GC (Allocation Failure) [PSYoungGen: 189504K->96K(183296K)] 191664K->2256K(358400K), 0,0009962 secs] [Times: user=0,00 sys=0,00, real=0,00 secs] 
25,349: [GC (Allocation Failure) [PSYoungGen: 182880K->32K(176640K)] 185040K->2192K(351744K), 0,0011968 secs] [Times: user=0,00 sys=0,00, real=0,01 secs] 
25,517: [GC (Allocation Failure) [PSYoungGen: 176160K->64K(170496K)] 178320K->2224K(345600K), 0,0011528 secs] [Times: user=0,00 sys=0,00, real=0,00 secs] 
25,660: [GC (Allocation Failure) [PSYoungGen: 170048K->32K(164864K)] 172208K->2192K(339968K), 0,0005568 secs] [Times: user=0,01 sys=0,00, real=0,00 secs] 
25,774: [GC (Allocation Failure) [PSYoungGen: 164384K->96K(159232K)] 166544K->2256K(334336K), 0,0005219 secs] [Times: user=0,00 sys=0,00, real=0,00 secs] 
25,873: [GC (Allocation Failure) [PSYoungGen: 158816K->96K(154112K)] 160976K->2256K(329216K), 0,0005268 secs] [Times: user=0,00 sys=0,00, real=0,00 secs] 
25,981: [GC (Allocation Failure) [PSYoungGen: 153696K->96K(148992K)] 155856K->2256K(324096K), 0,0005527 secs] [Times: user=0,00 sys=0,00, real=0,00 secs] 
26,070: [GC (Allocation Failure) [PSYoungGen: 148576K->96K(143872K)] 150736K->2256K(318976K), 0,0005284 secs] [Times: user=0,00 sys=0,00, real=0,00 secs] 
26,147: [GC (Allocation Failure) [PSYoungGen: 143456K->96K(139264K)] 145616K->2256K(314368K), 0,0005288 secs] [Times: user=0,00 sys=0,00, real=0,00 secs] 
26,248: [GC (Allocation Failure) [PSYoungGen: 138848K->64K(134656K)] 141008K->2224K(309760K), 0,0010926 secs] [Times: user=0,00 sys=0,00, real=0,00 secs] 
26,372: [GC (Allocation Failure) [PSYoungGen: 134208K->64K(130560K)] 136368K->2224K(305664K), 0,0011654 secs] [Times: user=0,01 sys=0,00, real=0,00 secs] 
26,502: [GC (Allocation Failure) [PSYoungGen: 130112K->96K(126464K)] 132272K->2256K(301568K), 0,0005782 secs] [Times: user=0,00 sys=0,00, real=0,00 secs] 
26,699: [GC (Allocation Failure) [PSYoungGen: 126048K->64K(122368K)] 128208K->2224K(297472K), 0,0010928 secs] [Times: user=0,00 sys=0,00, real=0,01 secs] 
26,839: [GC (Allocation Failure) [PSYoungGen: 121920K->96K(118784K)] 124080K->2256K(293888K), 0,0005851 secs] [Times: user=0,00 sys=0,00, real=0,01 secs] 
27,012: [GC (Allocation Failure) [PSYoungGen: 118368K->96K(115200K)] 120528K->2256K(290304K), 0,0005832 secs] [Times: user=0,00 sys=0,00, real=0,00 secs] 
27,149: [GC (Allocation Failure) [PSYoungGen: 114784K->96K(111616K)] 116944K->2256K(286720K), 0,0005862 secs] [Times: user=0,00 sys=0,00, real=0,00 secs] 
27,258: [GC (Allocation Failure) [PSYoungGen: 111200K->96K(108544K)] 113360K->2256K(283648K), 0,0006196 secs] [Times: user=0,00 sys=0,00, real=0,00 secs] 
27,356: [GC (Allocation Failure) [PSYoungGen: 108128K->96K(105472K)] 110288K->2256K(280576K), 0,0006028 secs] [Times: user=0,01 sys=0,00, real=0,00 secs] 
27,457: [GC (Allocation Failure) [PSYoungGen: 105056K->96K(102400K)] 107216K->2256K(277504K), 0,0005893 secs] [Times: user=0,01 sys=0,00, real=0,00 secs] 
27,553: [GC (Allocation Failure) [PSYoungGen: 101984K->96K(99328K)] 104144K->2256K(274432K), 0,0006031 secs] [Times: user=0,00 sys=0,00, real=0,00 secs] 
27,636: [GC (Allocation Failure) [PSYoungGen: 98912K->96K(96768K)] 101072K->2256K(271872K), 0,0006097 secs] [Times: user=0,01 sys=0,00, real=0,00 secs] 
27,848: [GC (Allocation Failure) [PSYoungGen: 96352K->96K(94208K)] 98512K->2256K(269312K), 0,0006255 secs] [Times: user=0,01 sys=0,00, real=0,00 secs] 
28,016: [GC (Allocation Failure) [PSYoungGen: 93792K->96K(91648K)] 95952K->2256K(266752K), 0,0006125 secs] [Times: user=0,00 sys=0,00, real=0,00 secs] 
28,188: [GC (Allocation Failure) [PSYoungGen: 91232K->96K(89088K)] 93392K->2256K(264192K), 0,0005854 secs] [Times: user=0,00 sys=0,00, real=0,00 secs] 
28,307: [GC (Allocation Failure) [PSYoungGen: 88672K->96K(87040K)] 90832K->2256K(262144K), 0,0005753 secs] [Times: user=0,00 sys=0,00, real=0,00 secs] 
28,392: [GC (Allocation Failure) [PSYoungGen: 86624K->96K(84992K)] 88784K->2256K(260096K), 0,0006147 secs] [Times: user=0,00 sys=0,00, real=0,00 secs] 
28,481: [GC (Allocation Failure) [PSYoungGen: 84576K->32K(82944K)] 86736K->2192K(258048K), 0,0006048 secs] [Times: user=0,00 sys=0,00, real=0,00 secs] 
28,576: [GC (Allocation Failure) [PSYoungGen: 82464K->96K(80896K)] 84624K->2256K(256000K), 0,0006126 secs] [Times: user=0,00 sys=0,00, real=0,00 secs] 
28,673: [GC (Allocation Failure) [PSYoungGen: 80480K->96K(78848K)] 82640K->2256K(253952K), 0,0006287 secs] [Times: user=0,00 sys=0,00, real=0,00 secs] 
28,863: [GC (Allocation Failure) [PSYoungGen: 78432K->96K(76800K)] 80592K->2256K(251904K), 0,0006132 secs] [Times: user=0,00 sys=0,00, real=0,00 secs] 
29,134: [GC (Allocation Failure) [PSYoungGen: 76384K->96K(74752K)] 78544K->2256K(249856K), 0,0006051 secs] [Times: user=0,00 sys=0,00, real=0,00 secs] 
29,304: [GC (Allocation Failure) [PSYoungGen: 74336K->96K(73216K)] 76496K->2256K(248320K), 0,0006349 secs] [Times: user=0,00 sys=0,00, real=0,00 secs] 
29,473: [GC (Allocation Failure) [PSYoungGen: 72800K->96K(71680K)] 74960K->2256K(246784K), 0,0006129 secs] [Times: user=0,01 sys=0,00, real=0,00 secs] 
29,623: [GC (Allocation Failure) [PSYoungGen: 71264K->64K(70144K)] 73424K->2224K(245248K), 0,0011653 secs] [Times: user=0,01 sys=0,00, real=0,00 secs] 
29,723: [GC (Allocation Failure) [PSYoungGen: 69696K->32K(68608K)] 71856K->2192K(243712K), 0,0015480 secs] [Times: user=0,00 sys=0,00, real=0,00 secs] 
29,871: [GC (Allocation Failure) [PSYoungGen: 68128K->96K(67072K)] 70288K->2256K(242176K), 0,0006271 secs] [Times: user=0,00 sys=0,00, real=0,00 secs] 
29,963: [GC (Allocation Failure) [PSYoungGen: 66656K->64K(65536K)] 68816K->2224K(240640K), 0,0008654 secs] [Times: user=0,00 sys=0,00, real=0,00 secs] 
30,093: [GC (Allocation Failure) [PSYoungGen: 65088K->96K(64000K)] 67248K->2256K(239104K), 0,0006172 secs] [Times: user=0,00 sys=0,00, real=0,00 secs] 
30,200: [GC (Allocation Failure) [PSYoungGen: 63584K->96K(62464K)] 65744K->2256K(237568K), 0,0006100 secs] [Times: user=0,00 sys=0,00, real=0,01 secs] 
30,328: [GC (Allocation Failure) [PSYoungGen: 62048K->96K(61440K)] 64208K->2256K(236544K), 0,0005822 secs] [Times: user=0,00 sys=0,00, real=0,00 secs] 
30,408: [GC (Allocation Failure) [PSYoungGen: 61024K->96K(60416K)] 63184K->2256K(235520K), 0,0006527 secs] [Times: user=0,00 sys=0,00, real=0,00 secs] 
30,477: [GC (Allocation Failure) [PSYoungGen: 60000K->96K(59392K)] 62160K->2280K(234496K), 0,0006147 secs] [Times: user=0,00 sys=0,00, real=0,00 secs] 
30,523: [GC (Allocation Failure) [PSYoungGen: 58976K->32K(58368K)] 61160K->2216K(233472K), 0,0005934 secs] [Times: user=0,00 sys=0,00, real=0,00 secs] 
30,574: [GC (Allocation Failure) [PSYoungGen: 57888K->96K(57344K)] 60072K->2280K(232448K), 0,0006203 secs] [Times: user=0,00 sys=0,00, real=0,00 secs] 
30,632: [GC (Allocation Failure) [PSYoungGen: 56928K->96K(56320K)] 59112K->2280K(231424K), 0,0005860 secs] [Times: user=0,00 sys=0,00, real=0,00 secs] 
30,694: [GC (Allocation Failure) [PSYoungGen: 55904K->64K(67584K)] 58088K->2248K(242688K), 0,0075580 secs] [Times: user=0,00 sys=0,00, real=0,01 secs] 
30,779: [GC (Allocation Failure) [PSYoungGen: 67136K->96K(81408K)] 69320K->2280K(256512K), 0,0006211 secs] [Times: user=0,00 sys=0,00, real=0,00 secs] 
30,863: [GC (Allocation Failure) [PSYoungGen: 80992K->96K(97792K)] 83176K->2280K(272896K), 0,0006245 secs] [Times: user=0,01 sys=0,00, real=0,00 secs] 
30,957: [GC (Allocation Failure) [PSYoungGen: 97376K->96K(117248K)] 99560K->2280K(292352K), 0,0006225 secs] [Times: user=0,00 sys=0,00, real=0,00 secs] 
31,093: [GC (Allocation Failure) [PSYoungGen: 116832K->96K(140800K)] 119016K->2280K(315904K), 0,0006117 secs] [Times: user=0,00 sys=0,00, real=0,00 secs] 
31,232: [GC (Allocation Failure) [PSYoungGen: 140384K->96K(168960K)] 142568K->2280K(344064K), 0,0006158 secs] [Times: user=0,00 sys=0,00, real=0,00 secs] 
31,382: [GC (Allocation Failure) [PSYoungGen: 168544K->96K(163328K)] 170728K->2280K(338432K), 0,0005990 secs] [Times: user=0,00 sys=0,00, real=0,00 secs] 
31,610: [GC (Allocation Failure) [PSYoungGen: 162912K->96K(157696K)] 165096K->2280K(332800K), 0,0006191 secs] [Times: user=0,00 sys=0,00, real=0,00 secs] 
31,790: [GC (Allocation Failure) [PSYoungGen: 157280K->64K(152576K)] 159464K->2248K(327680K), 0,0005846 secs] [Times: user=0,00 sys=0,00, real=0,00 secs] 
31,930: [GC (Allocation Failure) [PSYoungGen: 152128K->96K(147456K)] 154312K->2288K(322560K), 0,0006135 secs] [Times: user=0,00 sys=0,00, real=0,00 secs] 
32,075: [GC (Allocation Failure) [PSYoungGen: 147040K->96K(142848K)] 149232K->2288K(317952K), 0,0006175 secs] [Times: user=0,00 sys=0,00, real=0,00 secs] 
32,224: [GC (Allocation Failure) [PSYoungGen: 142432K->96K(138240K)] 144624K->2288K(313344K), 0,0006267 secs] [Times: user=0,00 sys=0,00, real=0,00 secs] 
32,360: [GC (Allocation Failure) [PSYoungGen: 137824K->96K(133632K)] 140016K->2288K(308736K), 0,0006185 secs] [Times: user=0,00 sys=0,00, real=0,00 secs] 
32,521: [GC (Allocation Failure) [PSYoungGen: 133216K->64K(129536K)] 135408K->2256K(304640K), 0,0018687 secs] [Times: user=0,01 sys=0,00, real=0,00 secs] 
32,679: [GC (Allocation Failure) [PSYoungGen: 129088K->0K(125440K)] 131280K->2192K(300544K), 0,0006198 secs] [Times: user=0,00 sys=0,00, real=0,01 secs] 
32,842: [GC (Allocation Failure) [PSYoungGen: 124928K->96K(121344K)] 127120K->2288K(296448K), 0,0006103 secs] [Times: user=0,00 sys=0,00, real=0,00 secs] 
33,003: [GC (Allocation Failure) [PSYoungGen: 120928K->96K(117760K)] 123120K->2288K(292864K), 0,0006054 secs] [Times: user=0,00 sys=0,00, real=0,00 secs] 
33,146: [GC (Allocation Failure) [PSYoungGen: 117344K->96K(114176K)] 119536K->2288K(289280K), 0,0006369 secs] [Times: user=0,00 sys=0,00, real=0,00 secs] 
33,282: [GC (Allocation Failure) [PSYoungGen: 113760K->64K(110592K)] 115952K->2256K(285696K), 0,0013803 secs] [Times: user=0,01 sys=0,00, real=0,00 secs] 
33,422: [GC (Allocation Failure) [PSYoungGen: 110144K->96K(107520K)] 112336K->2288K(282624K), 0,0006252 secs] [Times: user=0,01 sys=0,00, real=0,00 secs] 
33,527: [GC (Allocation Failure) [PSYoungGen: 107104K->96K(104448K)] 109296K->2288K(279552K), 0,0006407 secs] [Times: user=0,01 sys=0,00, real=0,00 secs] 
33,657: [GC (Allocation Failure) [PSYoungGen: 104032K->96K(101376K)] 106224K->2288K(276480K), 0,0006098 secs] [Times: user=0,00 sys=0,00, real=0,00 secs] 
33,801: [GC (Allocation Failure) [PSYoungGen: 100960K->96K(98816K)] 103152K->2288K(273920K), 0,0006180 secs] [Times: user=0,00 sys=0,00, real=0,00 secs] 
33,913: [GC (Allocation Failure) [PSYoungGen: 98400K->96K(96256K)] 100592K->2288K(271360K), 0,0005870 secs] [Times: user=0,00 sys=0,00, real=0,00 secs] 
34,030: [GC (Allocation Failure) [PSYoungGen: 95840K->64K(93696K)] 98032K->2256K(268800K), 0,0013007 secs] [Times: user=0,00 sys=0,00, real=0,00 secs] 
34,133: [GC (Allocation Failure) [PSYoungGen: 93248K->96K(91136K)] 95440K->2288K(266240K), 0,0005854 secs] [Times: user=0,00 sys=0,00, real=0,00 secs] 
34,227: [GC (Allocation Failure) [PSYoungGen: 90720K->96K(88576K)] 92912K->2288K(263680K), 0,0006307 secs] [Times: user=0,00 sys=0,00, real=0,00 secs] 
34,309: [GC (Allocation Failure) [PSYoungGen: 88160K->96K(86528K)] 90352K->2288K(261632K), 0,0006119 secs] [Times: user=0,00 sys=0,00, real=0,00 secs] 
34,401: [GC (Allocation Failure) [PSYoungGen: 86112K->64K(84480K)] 88304K->2256K(259584K), 0,0011814 secs] [Times: user=0,00 sys=0,00, real=0,00 secs] 
34,473: [GC (Allocation Failure) [PSYoungGen: 84032K->96K(82432K)] 86224K->2288K(257536K), 0,0006193 secs] [Times: user=0,00 sys=0,00, real=0,00 secs] 
34,556: [GC (Allocation Failure) [PSYoungGen: 82016K->64K(80384K)] 84208K->2256K(255488K), 0,0011401 secs] [Times: user=0,00 sys=0,00, real=0,00 secs] 
34,639: [GC (Allocation Failure) [PSYoungGen: 79936K->96K(78336K)] 82128K->2288K(253440K), 0,0006101 secs] [Times: user=0,00 sys=0,00, real=0,00 secs] 
34,704: [GC (Allocation Failure) [PSYoungGen: 77920K->96K(76288K)] 80112K->2288K(251392K), 0,0006053 secs] [Times: user=0,00 sys=0,00, real=0,00 secs] 
34,774: [GC (Allocation Failure) [PSYoungGen: 75872K->96K(74752K)] 78064K->2288K(249856K), 0,0005680 secs] [Times: user=0,00 sys=0,00, real=0,00 secs] 
34,859: [GC (Allocation Failure) [PSYoungGen: 74336K->96K(73216K)] 76528K->2288K(248320K), 0,0006073 secs] [Times: user=0,01 sys=0,00, real=0,01 secs] 
34,937: [GC (Allocation Failure) [PSYoungGen: 72800K->64K(88064K)] 74992K->2256K(263168K), 0,0060475 secs] [Times: user=0,00 sys=0,00, real=0,01 secs] 
35,031: [GC (Allocation Failure) [PSYoungGen: 87616K->96K(105984K)] 89808K->2288K(281088K), 0,0005994 secs] [Times: user=0,00 sys=0,00, real=0,00 secs] 
35,146: [GC (Allocation Failure) [PSYoungGen: 105567K->96K(127488K)] 107759K->2288K(302592K), 0,0005980 secs] [Times: user=0,00 sys=0,00, real=0,00 secs] 
35,250: [GC (Allocation Failure) [PSYoungGen: 127072K->96K(153088K)] 129264K->2288K(328192K), 0,0005590 secs] [Times: user=0,01 sys=0,00, real=0,00 secs] 
35,375: [GC (Allocation Failure) [PSYoungGen: 152672K->96K(183808K)] 154864K->2288K(358912K), 0,0005782 secs] [Times: user=0,00 sys=0,00, real=0,00 secs] 
35,541: [GC (Allocation Failure) [PSYoungGen: 183392K->96K(177152K)] 185584K->2288K(352256K), 0,0005692 secs] [Times: user=0,00 sys=0,00, real=0,00 secs] 
35,719: [GC (Allocation Failure) [PSYoungGen: 176736K->96K(171008K)] 178928K->2288K(346112K), 0,0005981 secs] [Times: user=0,00 sys=0,00, real=0,00 secs] 
35,869: [GC (Allocation Failure) [PSYoungGen: 170592K->96K(164864K)] 172784K->2288K(339968K), 0,0005865 secs] [Times: user=0,01 sys=0,00, real=0,01 secs] 
36,034: [GC (Allocation Failure) [PSYoungGen: 164448K->96K(159232K)] 166640K->2288K(334336K), 0,0006072 secs] [Times: user=0,00 sys=0,00, real=0,00 secs] 
36,186: [GC (Allocation Failure) [PSYoungGen: 158816K->96K(154112K)] 161008K->2288K(329216K), 0,0005956 secs] [Times: user=0,00 sys=0,00, real=0,00 secs] 
36,337: [GC (Allocation Failure) [PSYoungGen: 153696K->96K(148992K)] 155888K->2288K(324096K), 0,0005732 secs] [Times: user=0,00 sys=0,00, real=0,00 secs] 
36,467: [GC (Allocation Failure) [PSYoungGen: 148576K->64K(143872K)] 150768K->2256K(318976K), 0,0009165 secs] [Times: user=0,00 sys=0,00, real=0,00 secs] 
36,625: [GC (Allocation Failure) [PSYoungGen: 143424K->32K(139264K)] 145616K->2224K(314368K), 0,0016907 secs] [Times: user=0,00 sys=0,00, real=0,00 secs] 
36,783: [GC (Allocation Failure) [PSYoungGen: 138784K->96K(134656K)] 140976K->2288K(309760K), 0,0005791 secs] [Times: user=0,00 sys=0,00, real=0,00 secs] 
36,915: [GC (Allocation Failure) [PSYoungGen: 134240K->96K(130560K)] 136432K->2288K(305664K), 0,0005988 secs] [Times: user=0,00 sys=0,00, real=0,00 secs] 
37,036: [GC (Allocation Failure) [PSYoungGen: 130144K->96K(126464K)] 132336K->2288K(301568K), 0,0005791 secs] [Times: user=0,00 sys=0,00, real=0,00 secs] 
37,181: [GC (Allocation Failure) [PSYoungGen: 126048K->64K(122368K)] 128240K->2256K(297472K), 0,0006251 secs] [Times: user=0,00 sys=0,00, real=0,00 secs] 
37,311: [GC (Allocation Failure) [PSYoungGen: 121920K->96K(118784K)] 124112K->2288K(293888K), 0,0005892 secs] [Times: user=0,00 sys=0,00, real=0,00 secs] 
37,440: [GC (Allocation Failure) [PSYoungGen: 118368K->96K(115200K)] 120560K->2288K(290304K), 0,0005766 secs] [Times: user=0,00 sys=0,00, real=0,00 secs] 
37,577: [GC (Allocation Failure) [PSYoungGen: 114784K->96K(111616K)] 116976K->2288K(286720K), 0,0006048 secs] [Times: user=0,00 sys=0,00, real=0,00 secs] 
37,691: [GC (Allocation Failure) [PSYoungGen: 111200K->96K(108544K)] 113392K->2288K(283648K), 0,0005951 secs] [Times: user=0,00 sys=0,00, real=0,00 secs] 
37,812: [GC (Allocation Failure) [PSYoungGen: 108128K->96K(105472K)] 110320K->2288K(280576K), 0,0005922 secs] [Times: user=0,00 sys=0,00, real=0,00 secs] 
37,930: [GC (Allocation Failure) [PSYoungGen: 105056K->96K(102400K)] 107248K->2288K(277504K), 0,0006058 secs] [Times: user=0,00 sys=0,00, real=0,00 secs] 
38,020: [GC (Allocation Failure) [PSYoungGen: 101984K->96K(99328K)] 104176K->2288K(274432K), 0,0005866 secs] [Times: user=0,00 sys=0,00, real=0,00 secs] 
38,138: [GC (Allocation Failure) [PSYoungGen: 98912K->96K(96768K)] 101104K->2288K(271872K), 0,0006031 secs] [Times: user=0,00 sys=0,00, real=0,00 secs] 
38,252: [GC (Allocation Failure) [PSYoungGen: 96352K->96K(94208K)] 98544K->2288K(269312K), 0,0006052 secs] [Times: user=0,00 sys=0,00, real=0,00 secs] 
38,360: [GC (Allocation Failure) [PSYoungGen: 93792K->64K(91648K)] 95984K->2256K(266752K), 0,0011831 secs] [Times: user=0,01 sys=0,00, real=0,00 secs] 
38,465: [GC (Allocation Failure) [PSYoungGen: 91200K->96K(89088K)] 93392K->2288K(264192K), 0,0006251 secs] [Times: user=0,00 sys=0,00, real=0,00 secs] 
38,597: [GC (Allocation Failure) [PSYoungGen: 88672K->64K(87040K)] 90864K->2256K(262144K), 0,0005836 secs] [Times: user=0,01 sys=0,00, real=0,00 secs] 
38,741: [GC (Allocation Failure) [PSYoungGen: 86592K->64K(84992K)] 88784K->2256K(260096K), 0,0006218 secs] [Times: user=0,00 sys=0,00, real=0,00 secs] 
38,859: [GC (Allocation Failure) [PSYoungGen: 84544K->96K(82944K)] 86736K->2288K(258048K), 0,0005673 secs] [Times: user=0,00 sys=0,00, real=0,01 secs] 
38,937: [GC (Allocation Failure) [PSYoungGen: 82528K->96K(80896K)] 84720K->2288K(256000K), 0,0006014 secs] [Times: user=0,00 sys=0,00, real=0,00 secs] 
39,017: [GC (Allocation Failure) [PSYoungGen: 80480K->96K(78848K)] 82672K->2288K(253952K), 0,0005947 secs] [Times: user=0,00 sys=0,00, real=0,00 secs] 
39,101: [GC (Allocation Failure) [PSYoungGen: 78432K->96K(76800K)] 80624K->2288K(251904K), 0,0005905 secs] [Times: user=0,00 sys=0,00, real=0,00 secs] 
39,175: [GC (Allocation Failure) [PSYoungGen: 76384K->96K(74752K)] 78576K->2288K(249856K), 0,0005990 secs] [Times: user=0,00 sys=0,00, real=0,00 secs] 
39,249: [GC (Allocation Failure) [PSYoungGen: 74336K->64K(73216K)] 76528K->2256K(248320K), 0,0005887 secs] [Times: user=0,00 sys=0,00, real=0,00 secs] 
39,318: [GC (Allocation Failure) [PSYoungGen: 72768K->96K(71680K)] 74960K->2288K(246784K), 0,0005567 secs] [Times: user=0,00 sys=0,00, real=0,00 secs] 
39,372: [GC (Allocation Failure) [PSYoungGen: 71264K->96K(70144K)] 73456K->2288K(245248K), 0,0005935 secs] [Times: user=0,00 sys=0,00, real=0,00 secs] 
39,444: [GC (Allocation Failure) [PSYoungGen: 69728K->64K(68608K)] 71920K->2256K(243712K), 0,0082414 secs] [Times: user=0,00 sys=0,00, real=0,01 secs] 
39,514: [GC (Allocation Failure) [PSYoungGen: 68160K->96K(67072K)] 70352K->2288K(242176K), 0,0006149 secs] [Times: user=0,00 sys=0,00, real=0,00 secs] 
39,583: [GC (Allocation Failure) [PSYoungGen: 66656K->96K(65536K)] 68848K->2288K(240640K), 0,0006009 secs] [Times: user=0,00 sys=0,00, real=0,00 secs] 
39,665: [GC (Allocation Failure) [PSYoungGen: 65120K->96K(64000K)] 67312K->2288K(239104K), 0,0006426 secs] [Times: user=0,00 sys=0,00, real=0,00 secs] 
39,738: [GC (Allocation Failure) [PSYoungGen: 63584K->32K(62464K)] 65776K->2224K(237568K), 0,0005650 secs] [Times: user=0,00 sys=0,00, real=0,00 secs] 
39,893: [GC (Allocation Failure) [PSYoungGen: 61984K->96K(61440K)] 64176K->2288K(236544K), 0,0006120 secs] [Times: user=0,00 sys=0,00, real=0,00 secs] 
39,948: [GC (Allocation Failure) [PSYoungGen: 61024K->96K(60416K)] 63216K->2288K(235520K), 0,0006050 secs] [Times: user=0,01 sys=0,00, real=0,00 secs] 
40,005: [GC (Allocation Failure) [PSYoungGen: 60000K->96K(59392K)] 62192K->2288K(234496K), 0,0005984 secs] [Times: user=0,00 sys=0,00, real=0,00 secs] 
40,058: [GC (Allocation Failure) [PSYoungGen: 58976K->96K(58368K)] 61168K->2288K(233472K), 0,0005819 secs] [Times: user=0,01 sys=0,00, real=0,00 secs] 
40,106: [GC (Allocation Failure) [PSYoungGen: 57952K->96K(57344K)] 60144K->2288K(232448K), 0,0005610 secs] [Times: user=0,00 sys=0,00, real=0,00 secs] 
40,148: [GC (Allocation Failure) [PSYoungGen: 56928K->96K(56320K)] 59120K->2288K(231424K), 0,0005907 secs] [Times: user=0,00 sys=0,00, real=0,00 secs] 
40,197: [GC (Allocation Failure) [PSYoungGen: 55904K->96K(67584K)] 58096K->2288K(242688K), 0,0005728 secs] [Times: user=0,01 sys=0,00, real=0,00 secs] 
40,260: [GC (Allocation Failure) [PSYoungGen: 67168K->96K(66048K)] 69360K->2288K(241152K), 0,0005723 secs] [Times: user=0,00 sys=0,00, real=0,00 secs] 
40,322: [GC (Allocation Failure) [PSYoungGen: 65632K->96K(64512K)] 67824K->2288K(239616K), 0,0006101 secs] [Times: user=0,00 sys=0,00, real=0,00 secs] 
40,389: [GC (Allocation Failure) [PSYoungGen: 64096K->96K(77312K)] 66288K->2288K(252416K), 0,0014417 secs] [Times: user=0,01 sys=0,00, real=0,01 secs] 
40,458: [GC (Allocation Failure) [PSYoungGen: 76896K->96K(92672K)] 79088K->2304K(267776K), 0,0006202 secs] [Times: user=0,00 sys=0,00, real=0,00 secs] 
40,535: [GC (Allocation Failure) [PSYoungGen: 92256K->96K(90112K)] 94464K->2304K(265216K), 0,0006117 secs] [Times: user=0,00 sys=0,00, real=0,00 secs] 
40,608: [GC (Allocation Failure) [PSYoungGen: 89696K->32K(87552K)] 91904K->2240K(262656K), 0,0005751 secs] [Times: user=0,00 sys=0,00, real=0,00 secs] 
40,690: [GC (Allocation Failure) [PSYoungGen: 87072K->96K(85504K)] 89280K->2304K(260608K), 0,0006045 secs] [Times: user=0,00 sys=0,00, real=0,00 secs] 
40,756: [GC (Allocation Failure) [PSYoungGen: 85088K->96K(83456K)] 87296K->2304K(258560K), 0,0005964 secs] [Times: user=0,00 sys=0,00, real=0,00 secs] 
40,837: [GC (Allocation Failure) [PSYoungGen: 83040K->96K(81408K)] 85248K->2304K(256512K), 0,0005867 secs] [Times: user=0,00 sys=0,00, real=0,00 secs] 
40,907: [GC (Allocation Failure) [PSYoungGen: 80992K->96K(79360K)] 83200K->2304K(254464K), 0,0005507 secs] [Times: user=0,00 sys=0,00, real=0,00 secs] 
40,977: [GC (Allocation Failure) [PSYoungGen: 78944K->96K(77312K)] 81152K->2304K(252416K), 0,0006160 secs] [Times: user=0,00 sys=0,00, real=0,00 secs] 
41,051: [GC (Allocation Failure) [PSYoungGen: 76896K->64K(75264K)] 79104K->2272K(250368K), 0,0005725 secs] [Times: user=0,00 sys=0,00, real=0,00 secs] 
41,111: [GC (Allocation Failure) [PSYoungGen: 74816K->96K(73728K)] 77024K->2304K(248832K), 0,0005969 secs] [Times: user=0,01 sys=0,00, real=0,00 secs] 
41,177: [GC (Allocation Failure) [PSYoungGen: 73312K->96K(72192K)] 75520K->2304K(247296K), 0,0005864 secs] [Times: user=0,00 sys=0,00, real=0,00 secs] 
41,234: [GC (Allocation Failure) [PSYoungGen: 71776K->64K(86528K)] 73984K->2272K(261632K), 0,0011204 secs] [Times: user=0,00 sys=0,00, real=0,00 secs] 
41,322: [GC (Allocation Failure) [PSYoungGen: 86080K->96K(84480K)] 88288K->2304K(259584K), 0,0006165 secs] [Times: user=0,00 sys=0,00, real=0,00 secs] 
41,401: [GC (Allocation Failure) [PSYoungGen: 84064K->96K(82432K)] 86272K->2304K(257536K), 0,0005765 secs] [Times: user=0,00 sys=0,00, real=0,00 secs] 
41,470: [GC (Allocation Failure) [PSYoungGen: 82016K->96K(80384K)] 84224K->2304K(255488K), 0,0006061 secs] [Times: user=0,00 sys=0,00, real=0,00 secs] 
41,542: [GC (Allocation Failure) [PSYoungGen: 79968K->96K(78336K)] 82176K->2304K(253440K), 0,0006081 secs] [Times: user=0,00 sys=0,00, real=0,00 secs] 
41,615: [GC (Allocation Failure) [PSYoungGen: 77920K->96K(76288K)] 80128K->2304K(251392K), 0,0005654 secs] [Times: user=0,00 sys=0,00, real=0,00 secs] 
41,692: [GC (Allocation Failure) [PSYoungGen: 75872K->64K(74752K)] 78080K->2272K(249856K), 0,0006038 secs] [Times: user=0,01 sys=0,00, real=0,00 secs] 
41,765: [GC (Allocation Failure) [PSYoungGen: 74304K->96K(73216K)] 76512K->2304K(248320K), 0,0006226 secs] [Times: user=0,00 sys=0,00, real=0,00 secs] 
41,825: [GC (Allocation Failure) [PSYoungGen: 72800K->96K(71680K)] 75008K->2304K(246784K), 0,0005835 secs] [Times: user=0,00 sys=0,00, real=0,00 secs] 
41,885: [GC (Allocation Failure) [PSYoungGen: 71264K->96K(70144K)] 73472K->2304K(245248K), 0,0006096 secs] [Times: user=0,00 sys=0,00, real=0,00 secs] 
41,950: [GC (Allocation Failure) [PSYoungGen: 69728K->96K(68608K)] 71936K->2304K(243712K), 0,0006061 secs] [Times: user=0,00 sys=0,00, real=0,00 secs] 
42,000: [GC (Allocation Failure) [PSYoungGen: 68192K->64K(67072K)] 70400K->2272K(242176K), 0,0005776 secs] [Times: user=0,00 sys=0,00, real=0,00 secs] 
42,050: [GC (Allocation Failure) [PSYoungGen: 66624K->96K(65536K)] 68832K->2304K(240640K), 0,0005677 secs] [Times: user=0,00 sys=0,00, real=0,00 secs] 
42,103: [GC (Allocation Failure) [PSYoungGen: 65120K->96K(64000K)] 67328K->2304K(239104K), 0,0006108 secs] [Times: user=0,01 sys=0,00, real=0,00 secs] 
42,161: [GC (Allocation Failure) [PSYoungGen: 63584K->96K(62464K)] 65792K->2304K(237568K), 0,0005905 secs] [Times: user=0,00 sys=0,00, real=0,00 secs] 
42,222: [GC (Allocation Failure) [PSYoungGen: 62048K->96K(61440K)] 64256K->2304K(236544K), 0,0006055 secs] [Times: user=0,01 sys=0,00, real=0,00 secs] 
42,272: [GC (Allocation Failure) [PSYoungGen: 61024K->96K(60416K)] 63232K->2304K(235520K), 0,0005740 secs] [Times: user=0,01 sys=0,00, real=0,00 secs] 
42,328: [GC (Allocation Failure) [PSYoungGen: 60000K->96K(59392K)] 62208K->2304K(234496K), 0,0006129 secs] [Times: user=0,01 sys=0,00, real=0,00 secs] 
42,386: [GC (Allocation Failure) [PSYoungGen: 58976K->64K(71168K)] 61184K->2272K(246272K), 0,0011200 secs] [Times: user=0,01 sys=0,01, real=0,00 secs] 
42,460: [GC (Allocation Failure) [PSYoungGen: 70720K->96K(85504K)] 72928K->2304K(260608K), 0,0005976 secs] [Times: user=0,00 sys=0,00, real=0,00 secs] 
42,541: [GC (Allocation Failure) [PSYoungGen: 85088K->96K(83456K)] 87296K->2304K(258560K), 0,0005720 secs] [Times: user=0,00 sys=0,00, real=0,00 secs] 
42,606: [GC (Allocation Failure) [PSYoungGen: 83040K->96K(81408K)] 85248K->2304K(256512K), 0,0006694 secs] [Times: user=0,00 sys=0,00, real=0,00 secs] 
42,682: [GC (Allocation Failure) [PSYoungGen: 80992K->96K(79360K)] 83200K->2304K(254464K), 0,0005676 secs] [Times: user=0,00 sys=0,00, real=0,00 secs] 
42,749: [GC (Allocation Failure) [PSYoungGen: 78944K->96K(77312K)] 81152K->2304K(252416K), 0,0006106 secs] [Times: user=0,00 sys=0,00, real=0,00 secs] 
42,815: [GC (Allocation Failure) [PSYoungGen: 76896K->64K(75264K)] 79104K->2272K(250368K), 0,0005708 secs] [Times: user=0,00 sys=0,00, real=0,00 secs] 
42,872: [GC (Allocation Failure) [PSYoungGen: 74816K->96K(73728K)] 77024K->2304K(248832K), 0,0006134 secs] [Times: user=0,00 sys=0,00, real=0,00 secs] 
42,936: [GC (Allocation Failure) [PSYoungGen: 73312K->64K(88576K)] 75520K->2272K(263680K), 0,0011355 secs] [Times: user=0,00 sys=0,00, real=0,00 secs] 
43,012: [GC (Allocation Failure) [PSYoungGen: 88128K->96K(86528K)] 90336K->2304K(261632K), 0,0005735 secs] [Times: user=0,00 sys=0,00, real=0,00 secs] 
43,088: [GC (Allocation Failure) [PSYoungGen: 86112K->96K(84480K)] 88320K->2304K(259584K), 0,0005980 secs] [Times: user=0,01 sys=0,00, real=0,00 secs] 
43,165: [GC (Allocation Failure) [PSYoungGen: 84064K->96K(82432K)] 86272K->2304K(257536K), 0,0006108 secs] [Times: user=0,00 sys=0,00, real=0,00 secs] 
43,232: [GC (Allocation Failure) [PSYoungGen: 82016K->96K(80384K)] 84224K->2304K(255488K), 0,0005722 secs] [Times: user=0,00 sys=0,00, real=0,00 secs] 
43,305: [GC (Allocation Failure) [PSYoungGen: 79968K->96K(78336K)] 82176K->2304K(253440K), 0,0006002 secs] [Times: user=0,00 sys=0,00, real=0,00 secs] 
43,370: [GC (Allocation Failure) [PSYoungGen: 77920K->96K(76288K)] 80128K->2304K(251392K), 0,0006355 secs] [Times: user=0,00 sys=0,00, real=0,00 secs] 
43,445: [GC (Allocation Failure) [PSYoungGen: 75872K->96K(74752K)] 78080K->2304K(249856K), 0,0006121 secs] [Times: user=0,00 sys=0,00, real=0,00 secs] 
43,513: [GC (Allocation Failure) [PSYoungGen: 74336K->96K(73216K)] 76544K->2304K(248320K), 0,0006061 secs] [Times: user=0,00 sys=0,00, real=0,00 secs] 
43,574: [GC (Allocation Failure) [PSYoungGen: 72800K->96K(71680K)] 75008K->2304K(246784K), 0,0005898 secs] [Times: user=0,00 sys=0,00, real=0,00 secs] 
43,638: [GC (Allocation Failure) [PSYoungGen: 71264K->96K(70144K)] 73472K->2304K(245248K), 0,0005682 secs] [Times: user=0,01 sys=0,00, real=0,00 secs] 
43,699: [GC (Allocation Failure) [PSYoungGen: 69728K->96K(68608K)] 71936K->2304K(243712K), 0,0006601 secs] [Times: user=0,00 sys=0,00, real=0,01 secs] 
43,756: [GC (Allocation Failure) [PSYoungGen: 68192K->96K(67072K)] 70400K->2304K(242176K), 0,0006079 secs] [Times: user=0,00 sys=0,00, real=0,00 secs] 
43,814: [GC (Allocation Failure) [PSYoungGen: 66656K->96K(65536K)] 68864K->2304K(240640K), 0,0006025 secs] [Times: user=0,00 sys=0,00, real=0,00 secs] 
43,872: [GC (Allocation Failure) [PSYoungGen: 65120K->96K(64000K)] 67328K->2304K(239104K), 0,0006084 secs] [Times: user=0,00 sys=0,00, real=0,00 secs] 
43,924: [GC (Allocation Failure) [PSYoungGen: 63584K->64K(62464K)] 65792K->2272K(237568K), 0,0005838 secs] [Times: user=0,00 sys=0,00, real=0,00 secs] 
43,975: [GC (Allocation Failure) [PSYoungGen: 62016K->96K(61440K)] 64224K->2304K(236544K), 0,0006059 secs] [Times: user=0,00 sys=0,00, real=0,00 secs] 
44,034: [GC (Allocation Failure) [PSYoungGen: 61024K->96K(60416K)] 63232K->2304K(235520K), 0,0006940 secs] [Times: user=0,00 sys=0,00, real=0,00 secs] 
44,076: [GC (Allocation Failure) [PSYoungGen: 60000K->64K(72704K)] 62208K->2272K(247808K), 0,0005889 secs] [Times: user=0,01 sys=0,00, real=0,00 secs] 
44,118: [GC (Allocation Failure) [PSYoungGen: 72256K->96K(87552K)] 74464K->2304K(262656K), 0,0005706 secs] [Times: user=0,00 sys=0,00, real=0,00 secs] 
44,169: [GC (Allocation Failure) [PSYoungGen: 87136K->64K(104960K)] 89344K->2272K(280064K), 0,0005675 secs] [Times: user=0,00 sys=0,00, real=0,01 secs] 
44,227: [GC (Allocation Failure) [PSYoungGen: 104512K->96K(125952K)] 106720K->2304K(301056K), 0,0005471 secs] [Times: user=0,00 sys=0,01, real=0,00 secs] 
44,298: [GC (Allocation Failure) [PSYoungGen: 125536K->96K(121856K)] 127744K->2304K(296960K), 0,0005505 secs] [Times: user=0,00 sys=0,00, real=0,00 secs] 
44,365: [GC (Allocation Failure) [PSYoungGen: 121440K->32K(118272K)] 123648K->2240K(293376K), 0,0005542 secs] [Times: user=0,01 sys=0,00, real=0,00 secs] 
44,431: [GC (Allocation Failure) [PSYoungGen: 117792K->32K(114688K)] 120000K->2240K(289792K), 0,0005470 secs] [Times: user=0,00 sys=0,00, real=0,00 secs] 
44,495: [GC (Allocation Failure) [PSYoungGen: 114208K->96K(111104K)] 116416K->2304K(286208K), 0,0005720 secs] [Times: user=0,01 sys=0,00, real=0,00 secs] 
44,557: [GC (Allocation Failure) [PSYoungGen: 110688K->64K(108032K)] 112896K->2272K(283136K), 0,0005899 secs] [Times: user=0,00 sys=0,00, real=0,00 secs] 
44,616: [GC (Allocation Failure) [PSYoungGen: 107584K->96K(104960K)] 109792K->2304K(280064K), 0,0007533 secs] [Times: user=0,00 sys=0,00, real=0,00 secs] 
44,672: [GC (Allocation Failure) [PSYoungGen: 104544K->96K(101888K)] 106752K->2304K(276992K), 0,0005347 secs] [Times: user=0,00 sys=0,00, real=0,00 secs] 
44,727: [GC (Allocation Failure) [PSYoungGen: 101472K->96K(98816K)] 103680K->2304K(273920K), 0,0005764 secs] [Times: user=0,00 sys=0,00, real=0,00 secs] 
44,780: [GC (Allocation Failure) [PSYoungGen: 98400K->64K(96256K)] 100608K->2272K(271360K), 0,0005855 secs] [Times: user=0,00 sys=0,00, real=0,00 secs] 
44,832: [GC (Allocation Failure) [PSYoungGen: 95808K->96K(93696K)] 98016K->2304K(268800K), 0,0005349 secs] [Times: user=0,00 sys=0,00, real=0,00 secs] 
44,881: [GC (Allocation Failure) [PSYoungGen: 93280K->64K(91136K)] 95488K->2272K(266240K), 0,0005630 secs] [Times: user=0,00 sys=0,00, real=0,00 secs] 
44,929: [GC (Allocation Failure) [PSYoungGen: 90688K->32K(88576K)] 92896K->2240K(263680K), 0,0005292 secs] [Times: user=0,00 sys=0,00, real=0,01 secs] 
44,975: [GC (Allocation Failure) [PSYoungGen: 88096K->64K(106496K)] 90304K->2272K(281600K), 0,0005773 secs] [Times: user=0,00 sys=0,00, real=0,00 secs] 
45,030: [GC (Allocation Failure) [PSYoungGen: 106048K->64K(103424K)] 108256K->2272K(278528K), 0,0005136 secs] [Times: user=0,00 sys=0,00, real=0,00 secs] 
45,084: [GC (Allocation Failure) [PSYoungGen: 102976K->96K(100352K)] 105184K->2304K(275456K), 0,0005858 secs] [Times: user=0,00 sys=0,00, real=0,00 secs] 
45,137: [GC (Allocation Failure) [PSYoungGen: 99936K->64K(97792K)] 102144K->2272K(272896K), 0,0005276 secs] [Times: user=0,00 sys=0,00, real=0,00 secs] 
45,187: [GC (Allocation Failure) [PSYoungGen: 97344K->64K(95232K)] 99552K->2272K(270336K), 0,0005160 secs] [Times: user=0,00 sys=0,00, real=0,00 secs] 
45,237: [GC (Allocation Failure) [PSYoungGen: 94784K->64K(92672K)] 96992K->2272K(267776K), 0,0005047 secs] [Times: user=0,00 sys=0,00, real=0,00 secs] 
45,285: [GC (Allocation Failure) [PSYoungGen: 92224K->96K(90112K)] 94432K->2304K(265216K), 0,0005020 secs] [Times: user=0,00 sys=0,00, real=0,00 secs] 
45,332: [GC (Allocation Failure) [PSYoungGen: 89696K->64K(87552K)] 91904K->2272K(262656K), 0,0005150 secs] [Times: user=0,00 sys=0,00, real=0,00 secs] 
45,377: [GC (Allocation Failure) [PSYoungGen: 87104K->96K(85504K)] 89312K->2304K(260608K), 0,0005196 secs] [Times: user=0,00 sys=0,00, real=0,00 secs] 
45,421: [GC (Allocation Failure) [PSYoungGen: 85088K->64K(102912K)] 87296K->2272K(278016K), 0,0010448 secs] [Times: user=0,00 sys=0,00, real=0,00 secs] 
45,476: [GC (Allocation Failure) [PSYoungGen: 102464K->32K(123392K)] 104672K->2240K(298496K), 0,0010398 secs] [Times: user=0,01 sys=0,00, real=0,00 secs] 
45,542: [GC (Allocation Failure) [PSYoungGen: 122912K->32K(147968K)] 125120K->2240K(323072K), 0,0005109 secs] [Times: user=0,00 sys=0,00, real=0,00 secs] 
45,620: [GC (Allocation Failure) [PSYoungGen: 147488K->64K(177664K)] 149696K->2272K(352768K), 0,0005717 secs] [Times: user=0,00 sys=0,00, real=0,00 secs] 
45,712: [GC (Allocation Failure) [PSYoungGen: 177216K->32K(171520K)] 179424K->2240K(346624K), 0,0007059 secs] [Times: user=0,00 sys=0,00, real=0,00 secs] 
45,798: [GC (Allocation Failure) [PSYoungGen: 171040K->64K(165376K)] 173248K->2272K(340480K), 0,0005035 secs] [Times: user=0,00 sys=0,00, real=0,00 secs] 
45,881: [GC (Allocation Failure) [PSYoungGen: 164928K->96K(159744K)] 167136K->2304K(334848K), 0,0005050 secs] [Times: user=0,00 sys=0,00, real=0,00 secs] 
45,963: [GC (Allocation Failure) [PSYoungGen: 159328K->96K(154112K)] 161536K->2304K(329216K), 0,0005494 secs] [Times: user=0,00 sys=0,00, real=0,00 secs] 
46,043: [GC (Allocation Failure) [PSYoungGen: 153696K->96K(148992K)] 155904K->2304K(324096K), 0,0005361 secs] [Times: user=0,00 sys=0,00, real=0,00 secs] 
46,119: [GC (Allocation Failure) [PSYoungGen: 148576K->96K(143872K)] 150784K->2304K(318976K), 0,0005612 secs] [Times: user=0,00 sys=0,00, real=0,01 secs] 
46,192: [GC (Allocation Failure) [PSYoungGen: 143456K->96K(139264K)] 145664K->2304K(314368K), 0,0005141 secs] [Times: user=0,00 sys=0,00, real=0,00 secs] 
46,262: [GC (Allocation Failure) [PSYoungGen: 138848K->96K(134656K)] 141056K->2304K(309760K), 0,0005208 secs] [Times: user=0,00 sys=0,00, real=0,00 secs] 
46,330: [GC (Allocation Failure) [PSYoungGen: 134240K->64K(130560K)] 136448K->2272K(305664K), 0,0010232 secs] [Times: user=0,00 sys=0,00, real=0,00 secs] 
46,396: [GC (Allocation Failure) [PSYoungGen: 130112K->96K(126464K)] 132320K->2304K(301568K), 0,0005475 secs] [Times: user=0,00 sys=0,00, real=0,00 secs] 
46,461: [GC (Allocation Failure) [PSYoungGen: 126048K->96K(122368K)] 128256K->2304K(297472K), 0,0005282 secs] [Times: user=0,01 sys=0,00, real=0,00 secs] 
46,525: [GC (Allocation Failure) [PSYoungGen: 121952K->64K(118784K)] 124160K->2272K(293888K), 0,0010148 secs] [Times: user=0,00 sys=0,00, real=0,00 secs] 
46,589: [GC (Allocation Failure) [PSYoungGen: 118336K->96K(115200K)] 120544K->2304K(290304K), 0,0005206 secs] [Times: user=0,01 sys=0,00, real=0,01 secs] 
46,648: [GC (Allocation Failure) [PSYoungGen: 114784K->64K(138240K)] 116992K->2272K(313344K), 0,0010335 secs] [Times: user=0,01 sys=0,00, real=0,00 secs] 
46,721: [GC (Allocation Failure) [PSYoungGen: 137792K->64K(133632K)] 140000K->2272K(308736K), 0,0005470 secs] [Times: user=0,00 sys=0,00, real=0,00 secs] 
46,788: [GC (Allocation Failure) [PSYoungGen: 133184K->64K(129536K)] 135392K->2272K(304640K), 0,0005254 secs] [Times: user=0,00 sys=0,00, real=0,00 secs] 
46,853: [GC (Allocation Failure) [PSYoungGen: 129088K->64K(125440K)] 131296K->2272K(300544K), 0,0005115 secs] [Times: user=0,00 sys=0,00, real=0,00 secs] 
46,916: [GC (Allocation Failure) [PSYoungGen: 124992K->96K(121344K)] 127200K->2304K(296448K), 0,0004973 secs] [Times: user=0,01 sys=0,00, real=0,00 secs] 
46,978: [GC (Allocation Failure) [PSYoungGen: 120928K->64K(117760K)] 123136K->2272K(292864K), 0,0005331 secs] [Times: user=0,00 sys=0,00, real=0,00 secs] 
47,040: [GC (Allocation Failure) [PSYoungGen: 117312K->64K(114176K)] 119520K->2272K(289280K), 0,0005163 secs] [Times: user=0,00 sys=0,00, real=0,00 secs] 
47,098: [GC (Allocation Failure) [PSYoungGen: 113728K->64K(110592K)] 115936K->2272K(285696K), 0,0004920 secs] [Times: user=0,00 sys=0,00, real=0,00 secs] 
47,154: [GC (Allocation Failure) [PSYoungGen: 110144K->96K(107520K)] 112352K->2304K(282624K), 0,0005207 secs] [Times: user=0,01 sys=0,00, real=0,00 secs] 
47,208: [GC (Allocation Failure) [PSYoungGen: 107104K->64K(129024K)] 109312K->2272K(304128K), 0,0009785 secs] [Times: user=0,00 sys=0,00, real=0,01 secs] 
47,274: [GC (Allocation Failure) [PSYoungGen: 128576K->64K(124928K)] 130784K->2272K(300032K), 0,0005278 secs] [Times: user=0,00 sys=0,00, real=0,00 secs] 
47,337: [GC (Allocation Failure) [PSYoungGen: 124480K->32K(121344K)] 126688K->2240K(296448K), 0,0005158 secs] [Times: user=0,00 sys=0,00, real=0,00 secs] 
47,400: [GC (Allocation Failure) [PSYoungGen: 120864K->96K(117760K)] 123072K->2304K(292864K), 0,0005124 secs] [Times: user=0,00 sys=0,00, real=0,00 secs] 
47,461: [GC (Allocation Failure) [PSYoungGen: 117344K->96K(114176K)] 119552K->2304K(289280K), 0,0005294 secs] [Times: user=0,00 sys=0,00, real=0,00 secs] 
47,518: [GC (Allocation Failure) [PSYoungGen: 113760K->96K(110592K)] 115968K->2304K(285696K), 0,0004947 secs] [Times: user=0,00 sys=0,00, real=0,00 secs] 
47,575: [GC (Allocation Failure) [PSYoungGen: 110176K->96K(107520K)] 112384K->2304K(282624K), 0,0005108 secs] [Times: user=0,00 sys=0,00, real=0,00 secs] 
47,631: [GC (Allocation Failure) [PSYoungGen: 107104K->64K(104448K)] 109312K->2272K(279552K), 0,0004839 secs] [Times: user=0,01 sys=0,00, real=0,00 secs] 
47,685: [GC (Allocation Failure) [PSYoungGen: 104000K->96K(101376K)] 106208K->2304K(276480K), 0,0005232 secs] [Times: user=0,00 sys=0,00, real=0,00 secs] 
47,738: [GC (Allocation Failure) [PSYoungGen: 100960K->64K(98816K)] 103168K->2272K(273920K), 0,0005004 secs] [Times: user=0,00 sys=0,00, real=0,00 secs] 
47,787: [GC (Allocation Failure) [PSYoungGen: 98368K->64K(96256K)] 100576K->2272K(271360K), 0,0005004 secs] [Times: user=0,00 sys=0,00, real=0,00 secs] 
47,836: [GC (Allocation Failure) [PSYoungGen: 95808K->64K(93696K)] 98016K->2272K(268800K), 0,0005046 secs] [Times: user=0,00 sys=0,00, real=0,00 secs] 
47,885: [GC (Allocation Failure) [PSYoungGen: 93248K->96K(91136K)] 95456K->2304K(266240K), 0,0005118 secs] [Times: user=0,00 sys=0,00, real=0,00 secs] 
47,933: [GC (Allocation Failure) [PSYoungGen: 90720K->96K(88576K)] 92928K->2304K(263680K), 0,0005374 secs] [Times: user=0,00 sys=0,00, real=0,00 secs] 
47,978: [GC (Allocation Failure) [PSYoungGen: 88160K->96K(86528K)] 90368K->2304K(261632K), 0,0005337 secs] [Times: user=0,00 sys=0,00, real=0,00 secs] 
48,023: [GC (Allocation Failure) [PSYoungGen: 86112K->96K(84480K)] 88320K->2304K(259584K), 0,0004976 secs] [Times: user=0,00 sys=0,00, real=0,00 secs] 
48,067: [GC (Allocation Failure) [PSYoungGen: 84064K->64K(82432K)] 86272K->2272K(257536K), 0,0005206 secs] [Times: user=0,00 sys=0,00, real=0,00 secs] 
48,110: [GC (Allocation Failure) [PSYoungGen: 81984K->96K(98816K)] 84192K->2304K(273920K), 0,0004995 secs] [Times: user=0,00 sys=0,00, real=0,00 secs] 
48,161: [GC (Allocation Failure) [PSYoungGen: 98400K->96K(96256K)] 100608K->2304K(271360K), 0,0005106 secs] [Times: user=0,00 sys=0,00, real=0,00 secs] 
48,211: [GC (Allocation Failure) [PSYoungGen: 95840K->64K(93696K)] 98048K->2272K(268800K), 0,0004873 secs] [Times: user=0,00 sys=0,00, real=0,00 secs] 
48,258: [GC (Allocation Failure) [PSYoungGen: 93248K->64K(112640K)] 95456K->2272K(287744K), 0,0010340 secs] [Times: user=0,00 sys=0,00, real=0,00 secs] 
48,316: [GC (Allocation Failure) [PSYoungGen: 112192K->32K(135168K)] 114400K->2240K(310272K), 0,0010236 secs] [Times: user=0,00 sys=0,00, real=0,00 secs] 
48,386: [GC (Allocation Failure) [PSYoungGen: 134688K->96K(162304K)] 136896K->2304K(337408K), 0,0005269 secs] [Times: user=0,00 sys=0,00, real=0,00 secs] 
48,468: [GC (Allocation Failure) [PSYoungGen: 161888K->96K(195072K)] 164096K->2304K(370176K), 0,0005546 secs] [Times: user=0,00 sys=0,00, real=0,00 secs] 
48,573: [GC (Allocation Failure) [PSYoungGen: 194656K->96K(187904K)] 196864K->2304K(363008K), 0,0005969 secs] [Times: user=0,00 sys=0,00, real=0,00 secs] 
48,668: [GC (Allocation Failure) [PSYoungGen: 187488K->96K(181248K)] 189696K->2304K(356352K), 0,0005389 secs] [Times: user=0,00 sys=0,00, real=0,00 secs] 
48,759: [GC (Allocation Failure) [PSYoungGen: 180832K->64K(175104K)] 183040K->2272K(350208K), 0,0010516 secs] [Times: user=0,00 sys=0,00, real=0,01 secs] 
48,849: [GC (Allocation Failure) [PSYoungGen: 174656K->96K(168960K)] 176864K->2304K(344064K), 0,0005428 secs] [Times: user=0,01 sys=0,00, real=0,00 secs] 
48,936: [GC (Allocation Failure) [PSYoungGen: 168544K->96K(163328K)] 170752K->2304K(338432K), 0,0005751 secs] [Times: user=0,00 sys=0,00, real=0,00 secs] 
49,019: [GC (Allocation Failure) [PSYoungGen: 162912K->96K(157696K)] 165120K->2304K(332800K), 0,0005210 secs] [Times: user=0,01 sys=0,00, real=0,01 secs] 
49,098: [GC (Allocation Failure) [PSYoungGen: 157280K->64K(152576K)] 159488K->2272K(327680K), 0,0005219 secs] [Times: user=0,01 sys=0,00, real=0,00 secs] 
49,176: [GC (Allocation Failure) [PSYoungGen: 152128K->96K(147456K)] 154336K->2304K(322560K), 0,0005276 secs] [Times: user=0,00 sys=0,00, real=0,00 secs] 
49,250: [GC (Allocation Failure) [PSYoungGen: 147040K->64K(142848K)] 149248K->2272K(317952K), 0,0005048 secs] [Times: user=0,00 sys=0,00, real=0,00 secs] 
49,322: [GC (Allocation Failure) [PSYoungGen: 142400K->96K(138240K)] 144608K->2304K(313344K), 0,0005224 secs] [Times: user=0,00 sys=0,00, real=0,00 secs] 
49,392: [GC (Allocation Failure) [PSYoungGen: 137824K->96K(133632K)] 140032K->2304K(308736K), 0,0005134 secs] [Times: user=0,00 sys=0,00, real=0,00 secs] 
49,461: [GC (Allocation Failure) [PSYoungGen: 133216K->64K(129536K)] 135424K->2272K(304640K), 0,0005303 secs] [Times: user=0,00 sys=0,00, real=0,00 secs] 
49,526: [GC (Allocation Failure) [PSYoungGen: 129088K->64K(125440K)] 131296K->2272K(300544K), 0,0010586 secs] [Times: user=0,01 sys=0,00, real=0,00 secs] 
49,589: [GC (Allocation Failure) [PSYoungGen: 124992K->96K(121344K)] 127200K->2304K(296448K), 0,0005042 secs] [Times: user=0,00 sys=0,00, real=0,01 secs] 
49,650: [GC (Allocation Failure) [PSYoungGen: 120928K->0K(117760K)] 123136K->2208K(292864K), 0,0005070 secs] [Times: user=0,00 sys=0,00, real=0,00 secs] 
49,710: [GC (Allocation Failure) [PSYoungGen: 117248K->96K(114176K)] 119456K->2304K(289280K), 0,0004982 secs] [Times: user=0,00 sys=0,00, real=0,00 secs] 
49,767: [GC (Allocation Failure) [PSYoungGen: 113760K->96K(110592K)] 115968K->2304K(285696K), 0,0004975 secs] [Times: user=0,00 sys=0,00, real=0,00 secs] 
49,823: [GC (Allocation Failure) [PSYoungGen: 110176K->64K(107520K)] 112384K->2272K(282624K), 0,0004945 secs] [Times: user=0,01 sys=0,01, real=0,00 secs] 
49,879: [GC (Allocation Failure) [PSYoungGen: 107072K->64K(129024K)] 109280K->2272K(304128K), 0,0010395 secs] [Times: user=0,00 sys=0,00, real=0,01 secs] 
49,947: [GC (Allocation Failure) [PSYoungGen: 128576K->64K(155136K)] 130784K->2272K(330240K), 0,0007237 secs] [Times: user=0,00 sys=0,00, real=0,00 secs] 
50,028: [GC (Allocation Failure) [PSYoungGen: 154688K->96K(150016K)] 156896K->2304K(325120K), 0,0005220 secs] [Times: user=0,00 sys=0,00, real=0,00 secs] 
50,104: [GC (Allocation Failure) [PSYoungGen: 149600K->96K(144896K)] 151808K->2304K(320000K), 0,0005098 secs] [Times: user=0,00 sys=0,00, real=0,00 secs] 
50,177: [GC (Allocation Failure) [PSYoungGen: 144480K->32K(140288K)] 146688K->2240K(315392K), 0,0005173 secs] [Times: user=0,00 sys=0,00, real=0,00 secs] 
50,248: [GC (Allocation Failure) [PSYoungGen: 139808K->96K(135680K)] 142016K->2304K(310784K), 0,0005066 secs] [Times: user=0,00 sys=0,00, real=0,00 secs] 
50,317: [GC (Allocation Failure) [PSYoungGen: 135264K->96K(131584K)] 137472K->2304K(306688K), 0,0005313 secs] [Times: user=0,00 sys=0,00, real=0,00 secs] 
50,388: [GC (Allocation Failure) [PSYoungGen: 131168K->32K(127488K)] 133376K->2240K(302592K), 0,0010554 secs] [Times: user=0,00 sys=0,00, real=0,00 secs] 
50,454: [GC (Allocation Failure) [PSYoungGen: 127008K->64K(153088K)] 129216K->2288K(328192K), 0,0010065 secs] [Times: user=0,00 sys=0,00, real=0,00 secs] 
50,532: [GC (Allocation Failure) [PSYoungGen: 152640K->64K(183808K)] 154864K->2288K(358912K), 0,0024734 secs] [Times: user=0,00 sys=0,00, real=0,00 secs] 
50,628: [GC (Allocation Failure) [PSYoungGen: 183360K->64K(220672K)] 185584K->2288K(395776K), 0,0005306 secs] [Times: user=0,00 sys=0,00, real=0,00 secs] 
50,739: [GC (Allocation Failure) [PSYoungGen: 220224K->32K(264704K)] 222448K->2256K(439808K), 0,0005167 secs] [Times: user=0,01 sys=0,00, real=0,01 secs] 
50,872: [GC (Allocation Failure) [PSYoungGen: 264224K->96K(254464K)] 266448K->2320K(429568K), 0,0005259 secs] [Times: user=0,00 sys=0,00, real=0,00 secs] 
51,000: [GC (Allocation Failure) [PSYoungGen: 254048K->64K(244736K)] 256272K->2288K(419840K), 0,0005216 secs] [Times: user=0,00 sys=0,00, real=0,00 secs] 
51,123: [GC (Allocation Failure) [PSYoungGen: 244288K->64K(235520K)] 246512K->2288K(410624K), 0,0005206 secs] [Times: user=0,00 sys=0,00, real=0,00 secs] 
51,243: [GC (Allocation Failure) [PSYoungGen: 235072K->96K(226816K)] 237296K->2320K(401920K), 0,0005367 secs] [Times: user=0,00 sys=0,00, real=0,00 secs] 
51,359: [GC (Allocation Failure) [PSYoungGen: 226400K->64K(218112K)] 228624K->2288K(393216K), 0,0005355 secs] [Times: user=0,00 sys=0,00, real=0,00 secs] 
51,469: [GC (Allocation Failure) [PSYoungGen: 217664K->96K(209920K)] 219888K->2320K(385024K), 0,0005201 secs] [Times: user=0,00 sys=0,00, real=0,01 secs] 
51,575: [GC (Allocation Failure) [PSYoungGen: 209504K->96K(202240K)] 211728K->2320K(377344K), 0,0005337 secs] [Times: user=0,00 sys=0,00, real=0,00 secs] 
51,678: [GC (Allocation Failure) [PSYoungGen: 201824K->96K(195072K)] 204048K->2320K(370176K), 0,0005157 secs] [Times: user=0,00 sys=0,00, real=0,00 secs] 
51,776: [GC (Allocation Failure) [PSYoungGen: 194656K->64K(187904K)] 196880K->2288K(363008K), 0,0005143 secs] [Times: user=0,01 sys=0,00, real=0,00 secs] 
51,871: [GC (Allocation Failure) [PSYoungGen: 187456K->96K(181248K)] 189680K->2320K(356352K), 0,0005138 secs] [Times: user=0,00 sys=0,00, real=0,00 secs] 
51,963: [GC (Allocation Failure) [PSYoungGen: 180832K->96K(175104K)] 183056K->2320K(350208K), 0,0005164 secs] [Times: user=0,00 sys=0,00, real=0,00 secs] 
52,051: [GC (Allocation Failure) [PSYoungGen: 174688K->96K(168960K)] 176912K->2320K(344064K), 0,0005118 secs] [Times: user=0,00 sys=0,00, real=0,00 secs] 
52,136: [GC (Allocation Failure) [PSYoungGen: 168544K->96K(163328K)] 170768K->2320K(338432K), 0,0005125 secs] [Times: user=0,00 sys=0,00, real=0,00 secs] 
52,220: [GC (Allocation Failure) [PSYoungGen: 162912K->64K(157696K)] 165136K->2288K(332800K), 0,0005138 secs] [Times: user=0,00 sys=0,00, real=0,00 secs] 
52,301: [GC (Allocation Failure) [PSYoungGen: 157248K->96K(152576K)] 159472K->2320K(327680K), 0,0005368 secs] [Times: user=0,00 sys=0,00, real=0,00 secs] 
52,378: [GC (Allocation Failure) [PSYoungGen: 152160K->96K(147456K)] 154384K->2320K(322560K), 0,0005229 secs] [Times: user=0,00 sys=0,00, real=0,00 secs] 
52,453: [GC (Allocation Failure) [PSYoungGen: 147040K->64K(142848K)] 149264K->2288K(317952K), 0,0005176 secs] [Times: user=0,01 sys=0,00, real=0,00 secs] 
52,526: [GC (Allocation Failure) [PSYoungGen: 142400K->96K(138240K)] 144624K->2320K(313344K), 0,0005298 secs] [Times: user=0,00 sys=0,00, real=0,00 secs] 
52,596: [GC (Allocation Failure) [PSYoungGen: 137824K->64K(133632K)] 140048K->2288K(308736K), 0,0005210 secs] [Times: user=0,00 sys=0,00, real=0,00 secs] 
52,663: [GC (Allocation Failure) [PSYoungGen: 133184K->64K(129536K)] 135408K->2288K(304640K), 0,0005181 secs] [Times: user=0,00 sys=0,00, real=0,00 secs] 
52,728: [GC (Allocation Failure) [PSYoungGen: 129088K->96K(125440K)] 131312K->2320K(300544K), 0,0005047 secs] [Times: user=0,00 sys=0,00, real=0,00 secs] 
52,793: [GC (Allocation Failure) [PSYoungGen: 125024K->64K(121344K)] 127248K->2288K(296448K), 0,0005177 secs] [Times: user=0,00 sys=0,00, real=0,00 secs] 
52,854: [GC (Allocation Failure) [PSYoungGen: 120896K->96K(117760K)] 123120K->2320K(292864K), 0,0005140 secs] [Times: user=0,00 sys=0,00, real=0,00 secs] 
52,913: [GC (Allocation Failure) [PSYoungGen: 117344K->96K(114176K)] 119568K->2320K(289280K), 0,0004952 secs] [Times: user=0,00 sys=0,00, real=0,00 secs] 
52,971: [GC (Allocation Failure) [PSYoungGen: 113760K->96K(110592K)] 115984K->2320K(285696K), 0,0005394 secs] [Times: user=0,00 sys=0,00, real=0,00 secs] 
53,027: [GC (Allocation Failure) [PSYoungGen: 110176K->32K(107520K)] 112400K->2256K(282624K), 0,0005132 secs] [Times: user=0,00 sys=0,00, real=0,00 secs] 
53,081: [GC (Allocation Failure) [PSYoungGen: 107040K->64K(104448K)] 109264K->2288K(279552K), 0,0005163 secs] [Times: user=0,00 sys=0,00, real=0,00 secs] 
53,137: [GC (Allocation Failure) [PSYoungGen: 104000K->32K(101376K)] 106224K->2256K(276480K), 0,0005281 secs] [Times: user=0,00 sys=0,00, real=0,00 secs] 
53,190: [GC (Allocation Failure) [PSYoungGen: 100896K->64K(98816K)] 103120K->2288K(273920K), 0,0005052 secs] [Times: user=0,00 sys=0,00, real=0,00 secs] 
53,241: [GC (Allocation Failure) [PSYoungGen: 98368K->96K(96256K)] 100592K->2320K(271360K), 0,0004985 secs] [Times: user=0,00 sys=0,00, real=0,00 secs] 
53,290: [GC (Allocation Failure) [PSYoungGen: 95840K->64K(93696K)] 98064K->2288K(268800K), 0,0005046 secs] [Times: user=0,00 sys=0,00, real=0,00 secs] 
53,337: [GC (Allocation Failure) [PSYoungGen: 93248K->96K(91136K)] 95472K->2320K(266240K), 0,0005134 secs] [Times: user=0,01 sys=0,00, real=0,00 secs] 
53,383: [GC (Allocation Failure) [PSYoungGen: 90720K->96K(88576K)] 92944K->2320K(263680K), 0,0005200 secs] [Times: user=0,00 sys=0,00, real=0,00 secs] 
53,428: [GC (Allocation Failure) [PSYoungGen: 88160K->64K(86528K)] 90384K->2288K(261632K), 0,0005327 secs] [Times: user=0,00 sys=0,00, real=0,00 secs] 
53,472: [GC (Allocation Failure) [PSYoungGen: 86080K->96K(84480K)] 88304K->2320K(259584K), 0,0005475 secs] [Times: user=0,00 sys=0,00, real=0,00 secs] 
53,515: [GC (Allocation Failure) [PSYoungGen: 84064K->96K(101376K)] 86288K->2320K(276480K), 0,0004816 secs] [Times: user=0,01 sys=0,00, real=0,00 secs] 
53,566: [GC (Allocation Failure) [PSYoungGen: 100960K->64K(98816K)] 103184K->2288K(273920K), 0,0004887 secs] [Times: user=0,00 sys=0,00, real=0,00 secs] 
53,616: [GC (Allocation Failure) [PSYoungGen: 98368K->64K(118784K)] 100592K->2288K(293888K), 0,0007355 secs] [Times: user=0,00 sys=0,00, real=0,00 secs] 
53,677: [GC (Allocation Failure) [PSYoungGen: 118336K->96K(115200K)] 120560K->2320K(290304K), 0,0005079 secs] [Times: user=0,00 sys=0,00, real=0,00 secs] 
53,735: [GC (Allocation Failure) [PSYoungGen: 114784K->96K(111616K)] 117008K->2320K(286720K), 0,0005232 secs] [Times: user=0,00 sys=0,00, real=0,00 secs] 
53,793: [GC (Allocation Failure) [PSYoungGen: 111200K->96K(108544K)] 113424K->2320K(283648K), 0,0004922 secs] [Times: user=0,00 sys=0,00, real=0,00 secs] 
53,850: [GC (Allocation Failure) [PSYoungGen: 108128K->96K(105472K)] 110352K->2320K(280576K), 0,0005359 secs] [Times: user=0,00 sys=0,00, real=0,00 secs] 
53,903: [GC (Allocation Failure) [PSYoungGen: 105056K->96K(102400K)] 107280K->2320K(277504K), 0,0005232 secs] [Times: user=0,00 sys=0,00, real=0,00 secs] 
53,955: [GC (Allocation Failure) [PSYoungGen: 101984K->96K(99328K)] 104208K->2320K(274432K), 0,0004939 secs] [Times: user=0,00 sys=0,00, real=0,00 secs] 
54,005: [GC (Allocation Failure) [PSYoungGen: 98912K->96K(96768K)] 101136K->2320K(271872K), 0,0005008 secs] [Times: user=0,00 sys=0,00, real=0,00 secs] 
54,054: [GC (Allocation Failure) [PSYoungGen: 96352K->32K(94208K)] 98576K->2256K(269312K), 0,0004974 secs] [Times: user=0,00 sys=0,00, real=0,00 secs] 
54,101: [GC (Allocation Failure) [PSYoungGen: 93728K->64K(91648K)] 95952K->2288K(266752K), 0,0004934 secs] [Times: user=0,00 sys=0,00, real=0,00 secs] 
54,147: [GC (Allocation Failure) [PSYoungGen: 91200K->64K(89088K)] 93424K->2288K(264192K), 0,0005074 secs] [Times: user=0,00 sys=0,00, real=0,00 secs] 
54,192: [GC (Allocation Failure) [PSYoungGen: 88640K->64K(87040K)] 90864K->2288K(262144K), 0,0004801 secs] [Times: user=0,00 sys=0,00, real=0,00 secs] 
54,238: [GC (Allocation Failure) [PSYoungGen: 86592K->64K(84992K)] 88816K->2288K(260096K), 0,0004930 secs] [Times: user=0,00 sys=0,00, real=0,00 secs] 
54,281: [GC (Allocation Failure) [PSYoungGen: 84544K->32K(82944K)] 86768K->2256K(258048K), 0,0004868 secs] [Times: user=0,00 sys=0,00, real=0,00 secs] 
54,323: [GC (Allocation Failure) [PSYoungGen: 82464K->64K(80896K)] 84688K->2288K(256000K), 0,0005048 secs] [Times: user=0,00 sys=0,00, real=0,00 secs] 
54,364: [GC (Allocation Failure) [PSYoungGen: 80448K->64K(97280K)] 82672K->2288K(272384K), 0,0004891 secs] [Times: user=0,00 sys=0,00, real=0,00 secs] 
54,413: [GC (Allocation Failure) [PSYoungGen: 96832K->96K(94720K)] 99056K->2320K(269824K), 0,0004933 secs] [Times: user=0,00 sys=0,00, real=0,00 secs] 
54,461: [GC (Allocation Failure) [PSYoungGen: 94304K->96K(92160K)] 96528K->2320K(267264K), 0,0005090 secs] [Times: user=0,00 sys=0,00, real=0,00 secs] 
54,508: [GC (Allocation Failure) [PSYoungGen: 91744K->96K(89600K)] 93968K->2320K(264704K), 0,0005309 secs] [Times: user=0,00 sys=0,00, real=0,00 secs] 
54,552: [GC (Allocation Failure) [PSYoungGen: 89184K->64K(87040K)] 91408K->2288K(262144K), 0,0004635 secs] [Times: user=0,00 sys=0,00, real=0,00 secs] 
54,596: [GC (Allocation Failure) [PSYoungGen: 86592K->64K(84992K)] 88816K->2288K(260096K), 0,0004767 secs] [Times: user=0,00 sys=0,00, real=0,00 secs] 
54,639: [GC (Allocation Failure) [PSYoungGen: 84544K->96K(82944K)] 86768K->2320K(258048K), 0,0004874 secs] [Times: user=0,00 sys=0,00, real=0,00 secs] 
54,681: [GC (Allocation Failure) [PSYoungGen: 82528K->32K(99840K)] 84752K->2256K(274944K), 0,0004806 secs] [Times: user=0,00 sys=0,00, real=0,00 secs] 
54,731: [GC (Allocation Failure) [PSYoungGen: 99360K->64K(97280K)] 101584K->2288K(272384K), 0,0004867 secs] [Times: user=0,00 sys=0,00, real=0,00 secs] 
54,780: [GC (Allocation Failure) [PSYoungGen: 96832K->96K(94720K)] 99056K->2320K(269824K), 0,0004869 secs] [Times: user=0,00 sys=0,00, real=0,00 secs] 
54,828: [GC (Allocation Failure) [PSYoungGen: 94304K->96K(92160K)] 96528K->2320K(267264K), 0,0005247 secs] [Times: user=0,00 sys=0,00, real=0,00 secs] 
54,875: [GC (Allocation Failure) [PSYoungGen: 91744K->32K(89600K)] 93968K->2256K(264704K), 0,0005065 secs] [Times: user=0,00 sys=0,00, real=0,00 secs] 
54,920: [GC (Allocation Failure) [PSYoungGen: 89120K->64K(107520K)] 91344K->2288K(282624K), 0,0010257 secs] [Times: user=0,01 sys=0,00, real=0,00 secs] 
54,976: [GC (Allocation Failure) [PSYoungGen: 107072K->96K(129024K)] 109296K->2320K(304128K), 0,0005307 secs] [Times: user=0,00 sys=0,00, real=0,00 secs] 
55,041: [GC (Allocation Failure) [PSYoungGen: 128608K->64K(155136K)] 130832K->2288K(330240K), 0,0004988 secs] [Times: user=0,00 sys=0,00, real=0,00 secs] 
55,120: [GC (Allocation Failure) [PSYoungGen: 154688K->64K(150016K)] 156912K->2288K(325120K), 0,0005051 secs] [Times: user=0,01 sys=0,00, real=0,00 secs] 
55,196: [GC (Allocation Failure) [PSYoungGen: 149568K->96K(144896K)] 151792K->2320K(320000K), 0,0005195 secs] [Times: user=0,00 sys=0,00, real=0,00 secs] 
55,270: [GC (Allocation Failure) [PSYoungGen: 144480K->96K(140288K)] 146704K->2320K(315392K), 0,0005249 secs] [Times: user=0,00 sys=0,00, real=0,00 secs] 
55,343: [GC (Allocation Failure) [PSYoungGen: 139872K->64K(135680K)] 142096K->2288K(310784K), 0,0005116 secs] [Times: user=0,00 sys=0,00, real=0,00 secs] 
55,413: [GC (Allocation Failure) [PSYoungGen: 135232K->96K(131584K)] 137456K->2320K(306688K), 0,0005651 secs] [Times: user=0,00 sys=0,00, real=0,00 secs] 
55,481: [GC (Allocation Failure) [PSYoungGen: 131168K->96K(127488K)] 133392K->2320K(302592K), 0,0005356 secs] [Times: user=0,00 sys=0,00, real=0,00 secs] 
55,548: [GC (Allocation Failure) [PSYoungGen: 127072K->64K(123392K)] 129296K->2288K(298496K), 0,0005004 secs] [Times: user=0,00 sys=0,00, real=0,00 secs] 
55,610: [GC (Allocation Failure) [PSYoungGen: 122944K->64K(119808K)] 125168K->2288K(294912K), 0,0004962 secs] [Times: user=0,00 sys=0,00, real=0,00 secs] 
55,670: [GC (Allocation Failure) [PSYoungGen: 119360K->64K(116224K)] 121584K->2288K(291328K), 0,0005001 secs] [Times: user=0,00 sys=0,00, real=0,00 secs] 
55,729: [GC (Allocation Failure) [PSYoungGen: 115776K->96K(112640K)] 118000K->2320K(287744K), 0,0004901 secs] [Times: user=0,00 sys=0,00, real=0,01 secs] 
55,786: [GC (Allocation Failure) [PSYoungGen: 112224K->96K(109568K)] 114448K->2320K(284672K), 0,0004721 secs] [Times: user=0,00 sys=0,00, real=0,00 secs] 
55,842: [GC (Allocation Failure) [PSYoungGen: 109152K->96K(106496K)] 111376K->2320K(281600K), 0,0005264 secs] [Times: user=0,00 sys=0,00, real=0,00 secs] 
55,896: [GC (Allocation Failure) [PSYoungGen: 106080K->32K(103424K)] 108304K->2256K(278528K), 0,0005037 secs] [Times: user=0,00 sys=0,00, real=0,00 secs] 
55,948: [GC (Allocation Failure) [PSYoungGen: 102944K->96K(100352K)] 105168K->2320K(275456K), 0,0005102 secs] [Times: user=0,00 sys=0,01, real=0,00 secs] 
55,999: [GC (Allocation Failure) [PSYoungGen: 99936K->96K(97792K)] 102160K->2320K(272896K), 0,0005103 secs] [Times: user=0,00 sys=0,00, real=0,00 secs] 
56,048: [GC (Allocation Failure) [PSYoungGen: 97376K->96K(95232K)] 99600K->2320K(270336K), 0,0005210 secs] [Times: user=0,00 sys=0,00, real=0,00 secs] 
56,096: [GC (Allocation Failure) [PSYoungGen: 94816K->32K(92672K)] 97040K->2256K(267776K), 0,0005135 secs] [Times: user=0,00 sys=0,00, real=0,00 secs] 
56,143: [GC (Allocation Failure) [PSYoungGen: 92192K->96K(90112K)] 94416K->2320K(265216K), 0,0005036 secs] [Times: user=0,00 sys=0,00, real=0,00 secs] 
56,189: [GC (Allocation Failure) [PSYoungGen: 89696K->96K(87552K)] 91920K->2320K(262656K), 0,0004961 secs] [Times: user=0,00 sys=0,00, real=0,01 secs] 
56,234: [GC (Allocation Failure) [PSYoungGen: 87136K->64K(85504K)] 89360K->2288K(260608K), 0,0004884 secs] [Times: user=0,00 sys=0,00, real=0,00 secs] 
56,277: [GC (Allocation Failure) [PSYoungGen: 85056K->96K(83456K)] 87280K->2320K(258560K), 0,0004952 secs] [Times: user=0,00 sys=0,00, real=0,00 secs] 
56,319: [GC (Allocation Failure) [PSYoungGen: 83040K->96K(81408K)] 85264K->2320K(256512K), 0,0004745 secs] [Times: user=0,00 sys=0,00, real=0,01 secs] 
56,360: [GC (Allocation Failure) [PSYoungGen: 80992K->64K(97792K)] 83216K->2288K(272896K), 0,0005036 secs] [Times: user=0,00 sys=0,00, real=0,00 secs] 
56,410: [GC (Allocation Failure) [PSYoungGen: 97344K->96K(95232K)] 99568K->2320K(270336K), 0,0005047 secs] [Times: user=0,00 sys=0,00, real=0,00 secs] 
56,458: [GC (Allocation Failure) [PSYoungGen: 94816K->64K(92672K)] 97040K->2288K(267776K), 0,0005060 secs] [Times: user=0,00 sys=0,00, real=0,00 secs] 
56,505: [GC (Allocation Failure) [PSYoungGen: 92224K->96K(90112K)] 94448K->2320K(265216K), 0,0004781 secs] [Times: user=0,00 sys=0,00, real=0,00 secs] 
56,550: [GC (Allocation Failure) [PSYoungGen: 89696K->64K(87552K)] 91920K->2288K(262656K), 0,0004838 secs] [Times: user=0,00 sys=0,00, real=0,00 secs] 
56,594: [GC (Allocation Failure) [PSYoungGen: 87104K->64K(85504K)] 89328K->2288K(260608K), 0,0004817 secs] [Times: user=0,00 sys=0,00, real=0,00 secs] 
56,637: [GC (Allocation Failure) [PSYoungGen: 85056K->64K(83456K)] 87280K->2288K(258560K), 0,0004836 secs] [Times: user=0,01 sys=0,00, real=0,00 secs] 
56,679: [GC (Allocation Failure) [PSYoungGen: 83008K->96K(100352K)] 85232K->2320K(275456K), 0,0004834 secs] [Times: user=0,00 sys=0,00, real=0,00 secs] 
56,731: [GC (Allocation Failure) [PSYoungGen: 99936K->64K(97792K)] 102160K->2288K(272896K), 0,0005197 secs] [Times: user=0,00 sys=0,00, real=0,00 secs] 
56,782: [GC (Allocation Failure) [PSYoungGen: 97344K->96K(95232K)] 99568K->2320K(270336K), 0,0004898 secs] [Times: user=0,00 sys=0,00, real=0,00 secs] 
56,830: [GC (Allocation Failure) [PSYoungGen: 94816K->96K(92672K)] 97040K->2320K(267776K), 0,0004749 secs] [Times: user=0,00 sys=0,00, real=0,00 secs] 
56,877: [GC (Allocation Failure) [PSYoungGen: 92256K->96K(90112K)] 94480K->2320K(265216K), 0,0004952 secs] [Times: user=0,00 sys=0,00, real=0,00 secs] 
56,923: [GC (Allocation Failure) [PSYoungGen: 89696K->96K(87552K)] 91920K->2320K(262656K), 0,0005561 secs] [Times: user=0,00 sys=0,00, real=0,00 secs] 
56,968: [GC (Allocation Failure) [PSYoungGen: 87136K->96K(85504K)] 89360K->2320K(260608K), 0,0004977 secs] [Times: user=0,00 sys=0,00, real=0,00 secs] 
57,011: [GC (Allocation Failure) [PSYoungGen: 85088K->96K(83456K)] 87312K->2320K(258560K), 0,0004820 secs] [Times: user=0,00 sys=0,00, real=0,00 secs] 
57,054: [GC (Allocation Failure) [PSYoungGen: 83040K->96K(100352K)] 85264K->2320K(275456K), 0,0004955 secs] [Times: user=0,00 sys=0,00, real=0,00 secs] 
57,104: [GC (Allocation Failure) [PSYoungGen: 99936K->96K(97792K)] 102160K->2320K(272896K), 0,0004701 secs] [Times: user=0,00 sys=0,00, real=0,00 secs] 
57,154: [GC (Allocation Failure) [PSYoungGen: 97376K->96K(95232K)] 99600K->2320K(270336K), 0,0005039 secs] [Times: user=0,00 sys=0,00, real=0,00 secs] 
57,203: [GC (Allocation Failure) [PSYoungGen: 94816K->96K(92672K)] 97040K->2320K(267776K), 0,0004864 secs] [Times: user=0,00 sys=0,00, real=0,00 secs] 
57,250: [GC (Allocation Failure) [PSYoungGen: 92256K->64K(90112K)] 94480K->2288K(265216K), 0,0004796 secs] [Times: user=0,00 sys=0,00, real=0,00 secs] 
57,295: [GC (Allocation Failure) [PSYoungGen: 89664K->96K(87552K)] 91888K->2320K(262656K), 0,0004934 secs] [Times: user=0,00 sys=0,00, real=0,00 secs] 
57,339: [GC (Allocation Failure) [PSYoungGen: 87136K->32K(85504K)] 89360K->2256K(260608K), 0,0005311 secs] [Times: user=0,00 sys=0,00, real=0,00 secs] 
57,382: [GC (Allocation Failure) [PSYoungGen: 85024K->96K(102912K)] 87248K->2320K(278016K), 0,0004989 secs] [Times: user=0,00 sys=0,00, real=0,00 secs] 
57,434: [GC (Allocation Failure) [PSYoungGen: 102496K->96K(99840K)] 104720K->2320K(274944K), 0,0005058 secs] [Times: user=0,00 sys=0,00, real=0,00 secs] 
57,485: [GC (Allocation Failure) [PSYoungGen: 99424K->96K(97280K)] 101648K->2320K(272384K), 0,0005242 secs] [Times: user=0,00 sys=0,00, real=0,00 secs] 
57,534: [GC (Allocation Failure) [PSYoungGen: 96864K->64K(94720K)] 99088K->2288K(269824K), 0,0004996 secs] [Times: user=0,00 sys=0,00, real=0,00 secs] 
57,582: [GC (Allocation Failure) [PSYoungGen: 94272K->64K(92160K)] 96496K->2288K(267264K), 0,0005116 secs] [Times: user=0,00 sys=0,00, real=0,00 secs] 
57,628: [GC (Allocation Failure) [PSYoungGen: 91712K->32K(89600K)] 93936K->2256K(264704K), 0,0004977 secs] [Times: user=0,00 sys=0,00, real=0,00 secs] 
57,674: [GC (Allocation Failure) [PSYoungGen: 89120K->96K(87040K)] 91344K->2320K(262144K), 0,0004805 secs] [Times: user=0,00 sys=0,00, real=0,00 secs] 
57,717: [GC (Allocation Failure) [PSYoungGen: 86624K->96K(84992K)] 88848K->2320K(260096K), 0,0004705 secs] [Times: user=0,00 sys=0,00, real=0,00 secs] 
57,760: [GC (Allocation Failure) [PSYoungGen: 84576K->64K(82944K)] 86800K->2288K(258048K), 0,0005074 secs] [Times: user=0,00 sys=0,00, real=0,00 secs] 
57,802: [GC (Allocation Failure) [PSYoungGen: 82496K->64K(99840K)] 84720K->2288K(274944K), 0,0004870 secs] [Times: user=0,00 sys=0,00, real=0,00 secs] 
57,853: [GC (Allocation Failure) [PSYoungGen: 99392K->64K(97280K)] 101616K->2288K(272384K), 0,0004883 secs] [Times: user=0,00 sys=0,00, real=0,00 secs] 
57,902: [GC (Allocation Failure) [PSYoungGen: 96832K->96K(94720K)] 99056K->2320K(269824K), 0,0005129 secs] [Times: user=0,00 sys=0,00, real=0,00 secs] 
57,950: [GC (Allocation Failure) [PSYoungGen: 94304K->96K(92160K)] 96528K->2320K(267264K), 0,0004983 secs] [Times: user=0,00 sys=0,00, real=0,00 secs] 
57,997: [GC (Allocation Failure) [PSYoungGen: 91744K->96K(89600K)] 93968K->2320K(264704K), 0,0004981 secs] [Times: user=0,00 sys=0,00, real=0,00 secs] 
58,042: [GC (Allocation Failure) [PSYoungGen: 89184K->96K(87040K)] 91408K->2320K(262144K), 0,0004983 secs] [Times: user=0,00 sys=0,00, real=0,00 secs] 
58,086: [GC (Allocation Failure) [PSYoungGen: 86624K->96K(84992K)] 88848K->2320K(260096K), 0,0004870 secs] [Times: user=0,00 sys=0,00, real=0,00 secs] 
58,129: [GC (Allocation Failure) [PSYoungGen: 84576K->96K(101888K)] 86800K->2320K(276992K), 0,0005420 secs] [Times: user=0,00 sys=0,00, real=0,00 secs] 
58,181: [GC (Allocation Failure) [PSYoungGen: 101472K->64K(98816K)] 103696K->2288K(273920K), 0,0005149 secs] [Times: user=0,00 sys=0,00, real=0,00 secs] 
58,230: [GC (Allocation Failure) [PSYoungGen: 98368K->96K(96256K)] 100592K->2320K(271360K), 0,0004994 secs] [Times: user=0,00 sys=0,00, real=0,00 secs] 
58,280: [GC (Allocation Failure) [PSYoungGen: 95840K->96K(93696K)] 98064K->2320K(268800K), 0,0005192 secs] [Times: user=0,00 sys=0,00, real=0,00 secs] 
58,327: [GC (Allocation Failure) [PSYoungGen: 93280K->96K(91136K)] 95504K->2320K(266240K), 0,0005128 secs] [Times: user=0,00 sys=0,00, real=0,00 secs] 
58,374: [GC (Allocation Failure) [PSYoungGen: 90720K->64K(88576K)] 92944K->2288K(263680K), 0,0005107 secs] [Times: user=0,00 sys=0,00, real=0,00 secs] 
58,420: [GC (Allocation Failure) [PSYoungGen: 88128K->96K(86528K)] 90352K->2320K(261632K), 0,0005190 secs] [Times: user=0,01 sys=0,00, real=0,00 secs] 
58,464: [GC (Allocation Failure) [PSYoungGen: 86112K->96K(84480K)] 88336K->2320K(259584K), 0,0005008 secs] [Times: user=0,00 sys=0,00, real=0,00 secs] 
58,507: [GC (Allocation Failure) [PSYoungGen: 84064K->96K(82432K)] 86288K->2320K(257536K), 0,0004670 secs] [Times: user=0,00 sys=0,00, real=0,00 secs] 
58,550: [GC (Allocation Failure) [PSYoungGen: 82016K->64K(98816K)] 84240K->2288K(273920K), 0,0004820 secs] [Times: user=0,00 sys=0,00, real=0,00 secs] 
58,601: [GC (Allocation Failure) [PSYoungGen: 98368K->96K(96256K)] 100592K->2320K(271360K), 0,0005286 secs] [Times: user=0,00 sys=0,01, real=0,00 secs] 
58,650: [GC (Allocation Failure) [PSYoungGen: 95840K->96K(93696K)] 98064K->2320K(268800K), 0,0005024 secs] [Times: user=0,00 sys=0,00, real=0,00 secs] 
58,698: [GC (Allocation Failure) [PSYoungGen: 93279K->64K(91136K)] 95503K->2288K(266240K), 0,0004907 secs] [Times: user=0,00 sys=0,00, real=0,00 secs] 
58,745: [GC (Allocation Failure) [PSYoungGen: 90688K->96K(88576K)] 92912K->2320K(263680K), 0,0005696 secs] [Times: user=0,00 sys=0,00, real=0,00 secs] 
58,792: [GC (Allocation Failure) [PSYoungGen: 88160K->96K(86528K)] 90384K->2320K(261632K), 0,0005006 secs] [Times: user=0,00 sys=0,00, real=0,00 secs] 
58,835: [GC (Allocation Failure) [PSYoungGen: 86112K->96K(84480K)] 88336K->2320K(259584K), 0,0004740 secs] [Times: user=0,01 sys=0,00, real=0,00 secs] 
58,878: [GC (Allocation Failure) [PSYoungGen: 84064K->64K(101376K)] 86288K->2288K(276480K), 0,0004767 secs] [Times: user=0,00 sys=0,00, real=0,00 secs] 
58,929: [GC (Allocation Failure) [PSYoungGen: 100928K->64K(98816K)] 103152K->2288K(273920K), 0,0004792 secs] [Times: user=0,00 sys=0,00, real=0,01 secs] 
58,979: [GC (Allocation Failure) [PSYoungGen: 98368K->32K(96256K)] 100592K->2256K(271360K), 0,0005046 secs] [Times: user=0,00 sys=0,00, real=0,00 secs] 
59,028: [GC (Allocation Failure) [PSYoungGen: 95776K->96K(93696K)] 98000K->2320K(268800K), 0,0004946 secs] [Times: user=0,00 sys=0,00, real=0,00 secs] 
59,076: [GC (Allocation Failure) [PSYoungGen: 93280K->64K(91136K)] 95504K->2288K(266240K), 0,0005170 secs] [Times: user=0,00 sys=0,00, real=0,00 secs] 
59,122: [GC (Allocation Failure) [PSYoungGen: 90688K->32K(88576K)] 92912K->2256K(263680K), 0,0005197 secs] [Times: user=0,01 sys=0,00, real=0,00 secs] 
59,167: [GC (Allocation Failure) [PSYoungGen: 88096K->64K(86528K)] 90320K->2288K(261632K), 0,0004750 secs] [Times: user=0,00 sys=0,00, real=0,00 secs] 
59,211: [GC (Allocation Failure) [PSYoungGen: 86080K->64K(84480K)] 88304K->2288K(259584K), 0,0004760 secs] [Times: user=0,00 sys=0,00, real=0,00 secs] 
59,253: [GC (Allocation Failure) [PSYoungGen: 84032K->32K(82432K)] 86256K->2256K(257536K), 0,0004830 secs] [Times: user=0,00 sys=0,00, real=0,00 secs] 
59,295: [GC (Allocation Failure) [PSYoungGen: 81952K->64K(98816K)] 84176K->2288K(273920K), 0,0004991 secs] [Times: user=0,00 sys=0,00, real=0,00 secs] 
59,345: [GC (Allocation Failure) [PSYoungGen: 98368K->96K(96256K)] 100592K->2320K(271360K), 0,0004937 secs] [Times: user=0,00 sys=0,00, real=0,00 secs] 
59,394: [GC (Allocation Failure) [PSYoungGen: 95840K->96K(93696K)] 98064K->2320K(268800K), 0,0005146 secs] [Times: user=0,00 sys=0,00, real=0,00 secs] 
59,442: [GC (Allocation Failure) [PSYoungGen: 93280K->64K(91136K)] 95504K->2288K(266240K), 0,0005164 secs] [Times: user=0,00 sys=0,00, real=0,00 secs] 
59,488: [GC (Allocation Failure) [PSYoungGen: 90688K->64K(88576K)] 92912K->2288K(263680K), 0,0004821 secs] [Times: user=0,00 sys=0,00, real=0,00 secs] 
59,532: [GC (Allocation Failure) [PSYoungGen: 88128K->32K(86528K)] 90352K->2256K(261632K), 0,0004790 secs] [Times: user=0,00 sys=0,00, real=0,00 secs] 
59,576: [GC (Allocation Failure) [PSYoungGen: 86048K->64K(84480K)] 88272K->2288K(259584K), 0,0004898 secs] [Times: user=0,00 sys=0,00, real=0,00 secs] 
59,618: [GC (Allocation Failure) [PSYoungGen: 84032K->96K(101376K)] 86256K->2320K(276480K), 0,0005112 secs] [Times: user=0,00 sys=0,00, real=0,00 secs] 
59,670: [GC (Allocation Failure) [PSYoungGen: 100960K->96K(98816K)] 103184K->2320K(273920K), 0,0004865 secs] [Times: user=0,00 sys=0,00, real=0,00 secs] 
59,720: [GC (Allocation Failure) [PSYoungGen: 98400K->96K(96256K)] 100624K->2320K(271360K), 0,0005105 secs] [Times: user=0,00 sys=0,00, real=0,00 secs] 
59,768: [GC (Allocation Failure) [PSYoungGen: 95840K->64K(93696K)] 98064K->2288K(268800K), 0,0004777 secs] [Times: user=0,00 sys=0,00, real=0,00 secs] 
59,816: [GC (Allocation Failure) [PSYoungGen: 93248K->64K(91136K)] 95472K->2288K(266240K), 0,0004889 secs] [Times: user=0,01 sys=0,00, real=0,00 secs] 
59,863: [GC (Allocation Failure) [PSYoungGen: 90688K->96K(88576K)] 92912K->2320K(263680K), 0,0004750 secs] [Times: user=0,00 sys=0,00, real=0,00 secs] 
59,907: [GC (Allocation Failure) [PSYoungGen: 88160K->32K(86528K)] 90384K->2256K(261632K), 0,0004884 secs] [Times: user=0,00 sys=0,00, real=0,00 secs] 
59,951: [GC (Allocation Failure) [PSYoungGen: 86048K->96K(84480K)] 88272K->2320K(259584K), 0,0005154 secs] [Times: user=0,00 sys=0,00, real=0,00 secs] 
59,994: [GC (Allocation Failure) [PSYoungGen: 84064K->64K(82432K)] 86288K->2288K(257536K), 0,0005034 secs] [Times: user=0,01 sys=0,00, real=0,00 secs] 
60,036: [GC (Allocation Failure) [PSYoungGen: 81984K->32K(98816K)] 84208K->2256K(273920K), 0,0005169 secs] [Times: user=0,00 sys=0,00, real=0,00 secs] 
60,086: [GC (Allocation Failure) [PSYoungGen: 98336K->32K(96256K)] 100560K->2256K(271360K), 0,0004691 secs] [Times: user=0,00 sys=0,00, real=0,00 secs] 
60,134: [GC (Allocation Failure) [PSYoungGen: 95776K->96K(93696K)] 98000K->2320K(268800K), 0,0004986 secs] [Times: user=0,00 sys=0,00, real=0,00 secs] 
60,181: [GC (Allocation Failure) [PSYoungGen: 93280K->96K(91136K)] 95504K->2320K(266240K), 0,0004788 secs] [Times: user=0,00 sys=0,00, real=0,00 secs] 
60,227: [GC (Allocation Failure) [PSYoungGen: 90720K->96K(88576K)] 92944K->2320K(263680K), 0,0004865 secs] [Times: user=0,00 sys=0,00, real=0,00 secs] 
60,274: [GC (Allocation Failure) [PSYoungGen: 88160K->96K(86528K)] 90384K->2320K(261632K), 0,0004863 secs] [Times: user=0,00 sys=0,00, real=0,00 secs] 
60,318: [GC (Allocation Failure) [PSYoungGen: 86112K->96K(84480K)] 88336K->2320K(259584K), 0,0005006 secs] [Times: user=0,00 sys=0,00, real=0,00 secs] 
60,361: [GC (Allocation Failure) [PSYoungGen: 84064K->96K(101376K)] 86288K->2320K(276480K), 0,0005246 secs] [Times: user=0,01 sys=0,00, real=0,00 secs] 
60,420: [GC (Allocation Failure) [PSYoungGen: 100960K->160K(98816K)] 103184K->2384K(273920K), 0,0005212 secs] [Times: user=0,00 sys=0,00, real=0,00 secs] 
60,470: [GC (Allocation Failure) [PSYoungGen: 98464K->96K(96256K)] 100688K->2352K(271360K), 0,0005284 secs] [Times: user=0,01 sys=0,00, real=0,00 secs] 
60,519: [GC (Allocation Failure) [PSYoungGen: 95840K->96K(93696K)] 98096K->2352K(268800K), 0,0005191 secs] [Times: user=0,00 sys=0,00, real=0,01 secs] 
60,566: [GC (Allocation Failure) [PSYoungGen: 93280K->64K(91136K)] 95536K->2320K(266240K), 0,0004996 secs] [Times: user=0,00 sys=0,00, real=0,00 secs] 
60,612: [GC (Allocation Failure) [PSYoungGen: 90688K->32K(88576K)] 92944K->2288K(263680K), 0,0005059 secs] [Times: user=0,00 sys=0,00, real=0,00 secs] 
60,657: [GC (Allocation Failure) [PSYoungGen: 88096K->96K(86528K)] 90352K->2352K(261632K), 0,0005258 secs] [Times: user=0,00 sys=0,00, real=0,00 secs] 
60,700: [GC (Allocation Failure) [PSYoungGen: 86112K->96K(84480K)] 88368K->2352K(259584K), 0,0005066 secs] [Times: user=0,00 sys=0,00, real=0,00 secs] 
60,743: [GC (Allocation Failure) [PSYoungGen: 84064K->64K(101376K)] 86320K->2320K(276480K), 0,0004931 secs] [Times: user=0,00 sys=0,00, real=0,00 secs] 
60,794: [GC (Allocation Failure) [PSYoungGen: 100928K->96K(98816K)] 103184K->2352K(273920K), 0,0004884 secs] [Times: user=0,00 sys=0,01, real=0,00 secs] 
60,844: [GC (Allocation Failure) [PSYoungGen: 98400K->96K(96256K)] 100656K->2352K(271360K), 0,0004898 secs] [Times: user=0,00 sys=0,00, real=0,00 secs] 
60,893: [GC (Allocation Failure) [PSYoungGen: 95840K->64K(93696K)] 98096K->2320K(268800K), 0,0005182 secs] [Times: user=0,00 sys=0,00, real=0,00 secs] 
60,940: [GC (Allocation Failure) [PSYoungGen: 93248K->64K(91136K)] 95504K->2320K(266240K), 0,0005025 secs] [Times: user=0,00 sys=0,00, real=0,00 secs] 
60,987: [GC (Allocation Failure) [PSYoungGen: 90688K->64K(109568K)] 92944K->2320K(284672K), 0,0006568 secs] [Times: user=0,00 sys=0,00, real=0,00 secs] 
61,042: [GC (Allocation Failure) [PSYoungGen: 109120K->96K(106496K)] 111376K->2352K(281600K), 0,0004984 secs] [Times: user=0,00 sys=0,00, real=0,00 secs] 
61,096: [GC (Allocation Failure) [PSYoungGen: 106080K->64K(103424K)] 108336K->2320K(278528K), 0,0005122 secs] [Times: user=0,00 sys=0,00, real=0,00 secs] 
61,149: [GC (Allocation Failure) [PSYoungGen: 102976K->64K(100352K)] 105232K->2320K(275456K), 0,0004908 secs] [Times: user=0,00 sys=0,00, real=0,00 secs] 
61,201: [GC (Allocation Failure) [PSYoungGen: 99904K->32K(97792K)] 102160K->2288K(272896K), 0,0005147 secs] [Times: user=0,00 sys=0,00, real=0,00 secs] 
61,253: [GC (Allocation Failure) [PSYoungGen: 97312K->64K(95232K)] 99568K->2320K(270336K), 0,0007207 secs] [Times: user=0,01 sys=0,00, real=0,00 secs] 
61,301: [GC (Allocation Failure) [PSYoungGen: 94784K->64K(92672K)] 97040K->2320K(267776K), 0,0005112 secs] [Times: user=0,00 sys=0,00, real=0,00 secs] 
61,348: [GC (Allocation Failure) [PSYoungGen: 92224K->96K(90112K)] 94480K->2352K(265216K), 0,0005273 secs] [Times: user=0,00 sys=0,00, real=0,01 secs] 
61,394: [GC (Allocation Failure) [PSYoungGen: 89696K->64K(87552K)] 91952K->2320K(262656K), 0,0005085 secs] [Times: user=0,00 sys=0,00, real=0,00 secs] 
61,439: [GC (Allocation Failure) [PSYoungGen: 87104K->64K(85504K)] 89360K->2328K(260608K), 0,0005124 secs] [Times: user=0,00 sys=0,00, real=0,01 secs] 
61,483: [GC (Allocation Failure) [PSYoungGen: 85056K->32K(102912K)] 87320K->2296K(278016K), 0,0005356 secs] [Times: user=0,00 sys=0,00, real=0,00 secs] 
61,535: [GC (Allocation Failure) [PSYoungGen: 102432K->96K(99840K)] 104696K->2360K(274944K), 0,0005068 secs] [Times: user=0,00 sys=0,00, real=0,00 secs] 
61,585: [GC (Allocation Failure) [PSYoungGen: 99424K->96K(97280K)] 101688K->2360K(272384K), 0,0005018 secs] [Times: user=0,00 sys=0,00, real=0,00 secs] 
61,634: [GC (Allocation Failure) [PSYoungGen: 96864K->96K(94720K)] 99128K->2360K(269824K), 0,0005088 secs] [Times: user=0,00 sys=0,00, real=0,00 secs] 
61,682: [GC (Allocation Failure) [PSYoungGen: 94304K->64K(92160K)] 96568K->2328K(267264K), 0,0004897 secs] [Times: user=0,00 sys=0,00, real=0,00 secs] 
61,728: [GC (Allocation Failure) [PSYoungGen: 91712K->64K(89600K)] 93976K->2328K(264704K), 0,0005219 secs] [Times: user=0,01 sys=0,00, real=0,01 secs] 
61,774: [GC (Allocation Failure) [PSYoungGen: 89152K->64K(87040K)] 91416K->2328K(262144K), 0,0004904 secs] [Times: user=0,00 sys=0,00, real=0,00 secs] 
61,817: [GC (Allocation Failure) [PSYoungGen: 86592K->64K(84992K)] 88856K->2328K(260096K), 0,0004986 secs] [Times: user=0,01 sys=0,00, real=0,00 secs] 
61,861: [GC (Allocation Failure) [PSYoungGen: 84544K->96K(82944K)] 86808K->2360K(258048K), 0,0004801 secs] [Times: user=0,00 sys=0,00, real=0,00 secs] 
61,903: [GC (Allocation Failure) [PSYoungGen: 82528K->64K(99840K)] 84792K->2328K(274944K), 0,0005046 secs] [Times: user=0,00 sys=0,00, real=0,00 secs] 
61,953: [GC (Allocation Failure) [PSYoungGen: 99392K->64K(119808K)] 101656K->2328K(294912K), 0,0006924 secs] [Times: user=0,00 sys=0,00, real=0,00 secs] 
62,016: [GC (Allocation Failure) [PSYoungGen: 119360K->96K(116224K)] 121624K->2360K(291328K), 0,0005188 secs] [Times: user=0,01 sys=0,00, real=0,00 secs] 
62,075: [GC (Allocation Failure) [PSYoungGen: 115808K->64K(112640K)] 118072K->2328K(287744K), 0,0005192 secs] [Times: user=0,01 sys=0,00, real=0,00 secs] 
62,134: [GC (Allocation Failure) [PSYoungGen: 112192K->64K(109568K)] 114456K->2328K(284672K), 0,0005232 secs] [Times: user=0,00 sys=0,00, real=0,00 secs] 
62,190: [GC (Allocation Failure) [PSYoungGen: 109120K->96K(106496K)] 111384K->2360K(281600K), 0,0005091 secs] [Times: user=0,00 sys=0,00, real=0,00 secs] 
62,243: [GC (Allocation Failure) [PSYoungGen: 106080K->96K(103424K)] 108344K->2360K(278528K), 0,0004885 secs] [Times: user=0,00 sys=0,00, real=0,00 secs] 
62,296: [GC (Allocation Failure) [PSYoungGen: 103008K->64K(100352K)] 105272K->2328K(275456K), 0,0005211 secs] [Times: user=0,00 sys=0,00, real=0,00 secs] 
62,346: [GC (Allocation Failure) [PSYoungGen: 99904K->64K(97792K)] 102168K->2328K(272896K), 0,0005111 secs] [Times: user=0,00 sys=0,00, real=0,00 secs] 
62,396: [GC (Allocation Failure) [PSYoungGen: 97344K->96K(95232K)] 99608K->2360K(270336K), 0,0005272 secs] [Times: user=0,00 sys=0,00, real=0,00 secs] 
62,444: [GC (Allocation Failure) [PSYoungGen: 94816K->96K(92672K)] 97080K->2360K(267776K), 0,0005100 secs] [Times: user=0,00 sys=0,00, real=0,00 secs] 
62,491: [GC (Allocation Failure) [PSYoungGen: 92256K->64K(90112K)] 94520K->2328K(265216K), 0,0005109 secs] [Times: user=0,00 sys=0,00, real=0,00 secs] 
62,537: [GC (Allocation Failure) [PSYoungGen: 89664K->64K(87552K)] 91928K->2328K(262656K), 0,0005061 secs] [Times: user=0,00 sys=0,00, real=0,00 secs] 
62,583: [GC (Allocation Failure) [PSYoungGen: 87104K->64K(85504K)] 89368K->2328K(260608K), 0,0005027 secs] [Times: user=0,00 sys=0,00, real=0,00 secs] 
62,626: [GC (Allocation Failure) [PSYoungGen: 85056K->96K(83456K)] 87320K->2360K(258560K), 0,0005179 secs] [Times: user=0,00 sys=0,00, real=0,00 secs] 
62,669: [GC (Allocation Failure) [PSYoungGen: 83040K->96K(100352K)] 85304K->2360K(275456K), 0,0005018 secs] [Times: user=0,00 sys=0,00, real=0,01 secs] 
62,719: [GC (Allocation Failure) [PSYoungGen: 99936K->64K(97792K)] 102200K->2328K(272896K), 0,0005127 secs] [Times: user=0,00 sys=0,00, real=0,00 secs] 
62,769: [GC (Allocation Failure) [PSYoungGen: 97344K->96K(95232K)] 99608K->2360K(270336K), 0,0005374 secs] [Times: user=0,00 sys=0,00, real=0,00 secs] 
62,817: [GC (Allocation Failure) [PSYoungGen: 94816K->96K(92672K)] 97080K->2360K(267776K), 0,0005205 secs] [Times: user=0,00 sys=0,00, real=0,00 secs] 
62,864: [GC (Allocation Failure) [PSYoungGen: 92256K->64K(90112K)] 94520K->2328K(265216K), 0,0004937 secs] [Times: user=0,00 sys=0,00, real=0,00 secs] 
62,910: [GC (Allocation Failure) [PSYoungGen: 89664K->96K(87552K)] 91928K->2360K(262656K), 0,0005196 secs] [Times: user=0,00 sys=0,00, real=0,00 secs] 
62,954: [GC (Allocation Failure) [PSYoungGen: 87136K->64K(85504K)] 89400K->2328K(260608K), 0,0005143 secs] [Times: user=0,00 sys=0,00, real=0,00 secs] 
62,998: [GC (Allocation Failure) [PSYoungGen: 85056K->32K(102912K)] 87320K->2296K(278016K), 0,0005022 secs] [Times: user=0,01 sys=0,00, real=0,00 secs] 
63,049: [GC (Allocation Failure) [PSYoungGen: 102432K->96K(99840K)] 104696K->2360K(274944K), 0,0005090 secs] [Times: user=0,00 sys=0,00, real=0,00 secs] 
63,100: [GC (Allocation Failure) [PSYoungGen: 99424K->96K(97280K)] 101688K->2360K(272384K), 0,0004966 secs] [Times: user=0,00 sys=0,00, real=0,00 secs] 
63,149: [GC (Allocation Failure) [PSYoungGen: 96864K->96K(94720K)] 99128K->2360K(269824K), 0,0004978 secs] [Times: user=0,00 sys=0,00, real=0,01 secs] 
63,197: [GC (Allocation Failure) [PSYoungGen: 94304K->96K(92160K)] 96568K->2360K(267264K), 0,0005170 secs] [Times: user=0,00 sys=0,00, real=0,00 secs] 
63,243: [GC (Allocation Failure) [PSYoungGen: 91744K->96K(89600K)] 94008K->2360K(264704K), 0,0004995 secs] [Times: user=0,00 sys=0,00, real=0,00 secs] 
63,289: [GC (Allocation Failure) [PSYoungGen: 89184K->96K(87040K)] 91448K->2360K(262144K), 0,0005022 secs] [Times: user=0,00 sys=0,00, real=0,01 secs] 
63,333: [GC (Allocation Failure) [PSYoungGen: 86624K->64K(84992K)] 88888K->2328K(260096K), 0,0005053 secs] [Times: user=0,00 sys=0,01, real=0,00 secs] 
63,376: [GC (Allocation Failure) [PSYoungGen: 84544K->64K(82944K)] 86808K->2328K(258048K), 0,0004860 secs] [Times: user=0,00 sys=0,00, real=0,00 secs] 
63,420: [GC (Allocation Failure) [PSYoungGen: 82496K->96K(99840K)] 84760K->2360K(274944K), 0,0006844 secs] [Times: user=0,00 sys=0,00, real=0,00 secs] 
63,471: [GC (Allocation Failure) [PSYoungGen: 99424K->64K(119808K)] 101688K->2328K(294912K), 0,0005253 secs] [Times: user=0,00 sys=0,00, real=0,00 secs] 
63,531: [GC (Allocation Failure) [PSYoungGen: 119360K->96K(116224K)] 121624K->2360K(291328K), 0,0005377 secs] [Times: user=0,00 sys=0,00, real=0,00 secs] 
63,590: [GC (Allocation Failure) [PSYoungGen: 115808K->64K(112640K)] 118072K->2328K(287744K), 0,0004789 secs] [Times: user=0,00 sys=0,00, real=0,00 secs] 
63,646: [GC (Allocation Failure) [PSYoungGen: 112192K->64K(109568K)] 114456K->2328K(284672K), 0,0004809 secs] [Times: user=0,00 sys=0,00, real=0,00 secs] 
63,702: [GC (Allocation Failure) [PSYoungGen: 109120K->96K(106496K)] 111384K->2360K(281600K), 0,0004953 secs] [Times: user=0,01 sys=0,00, real=0,00 secs] 
63,755: [GC (Allocation Failure) [PSYoungGen: 106080K->64K(103424K)] 108344K->2328K(278528K), 0,0005218 secs] [Times: user=0,00 sys=0,00, real=0,00 secs] 
63,808: [GC (Allocation Failure) [PSYoungGen: 102976K->64K(100352K)] 105240K->2328K(275456K), 0,0004832 secs] [Times: user=0,00 sys=0,00, real=0,00 secs] 
63,859: [GC (Allocation Failure) [PSYoungGen: 99904K->64K(97792K)] 102168K->2328K(272896K), 0,0004741 secs] [Times: user=0,00 sys=0,00, real=0,01 secs] 
63,908: [GC (Allocation Failure) [PSYoungGen: 97344K->64K(95232K)] 99608K->2328K(270336K), 0,0005147 secs] [Times: user=0,00 sys=0,00, real=0,00 secs] 
63,959: [GC (Allocation Failure) [PSYoungGen: 94784K->96K(92672K)] 97048K->2360K(267776K), 0,0005001 secs] [Times: user=0,01 sys=0,00, real=0,00 secs] 
64,007: [GC (Allocation Failure) [PSYoungGen: 92256K->64K(90112K)] 94520K->2328K(265216K), 0,0005244 secs] [Times: user=0,00 sys=0,00, real=0,00 secs] 
64,053: [GC (Allocation Failure) [PSYoungGen: 89664K->64K(87552K)] 91928K->2328K(262656K), 0,0005042 secs] [Times: user=0,00 sys=0,00, real=0,00 secs] 
64,098: [GC (Allocation Failure) [PSYoungGen: 87104K->64K(85504K)] 89368K->2328K(260608K), 0,0005002 secs] [Times: user=0,01 sys=0,00, real=0,00 secs] 
64,141: [GC (Allocation Failure) [PSYoungGen: 85056K->64K(83456K)] 87320K->2328K(258560K), 0,0004771 secs] [Times: user=0,00 sys=0,00, real=0,00 secs] 
64,183: [GC (Allocation Failure) [PSYoungGen: 83008K->96K(81408K)] 85272K->2360K(256512K), 0,0004707 secs] [Times: user=0,00 sys=0,00, real=0,00 secs] 
64,224: [GC (Allocation Failure) [PSYoungGen: 80992K->32K(97792K)] 83256K->2296K(272896K), 0,0006962 secs] [Times: user=0,00 sys=0,00, real=0,00 secs] 
64,273: [GC (Allocation Failure) [PSYoungGen: 97312K->64K(117248K)] 99576K->2328K(292352K), 0,0004951 secs] [Times: user=0,00 sys=0,00, real=0,00 secs] 
64,332: [GC (Allocation Failure) [PSYoungGen: 116800K->64K(140800K)] 119064K->2328K(315904K), 0,0005476 secs] [Times: user=0,00 sys=0,00, real=0,00 secs] 
64,404: [GC (Allocation Failure) [PSYoungGen: 140352K->96K(136192K)] 142616K->2360K(311296K), 0,0004919 secs] [Times: user=0,00 sys=0,00, real=0,00 secs] 
64,473: [GC (Allocation Failure) [PSYoungGen: 135776K->64K(132096K)] 138040K->2328K(307200K), 0,0005150 secs] [Times: user=0,00 sys=0,00, real=0,00 secs] 
64,539: [GC (Allocation Failure) [PSYoungGen: 131648K->64K(128000K)] 133912K->2328K(303104K), 0,0005002 secs] [Times: user=0,00 sys=0,00, real=0,00 secs] 
64,603: [GC (Allocation Failure) [PSYoungGen: 127552K->96K(123904K)] 129816K->2360K(299008K), 0,0004820 secs] [Times: user=0,01 sys=0,00, real=0,00 secs] 
64,665: [GC (Allocation Failure) [PSYoungGen: 123488K->64K(120320K)] 125752K->2328K(295424K), 0,0004970 secs] [Times: user=0,00 sys=0,00, real=0,00 secs] 
64,726: [GC (Allocation Failure) [PSYoungGen: 119872K->96K(116736K)] 122136K->2360K(291840K), 0,0004694 secs] [Times: user=0,00 sys=0,00, real=0,00 secs] 
64,786: [GC (Allocation Failure) [PSYoungGen: 116320K->96K(113152K)] 118584K->2360K(288256K), 0,0004934 secs] [Times: user=0,00 sys=0,00, real=0,00 secs] 
64,843: [GC (Allocation Failure) [PSYoungGen: 112736K->64K(110080K)] 115000K->2328K(285184K), 0,0005024 secs] [Times: user=0,00 sys=0,00, real=0,00 secs] 
64,898: [GC (Allocation Failure) [PSYoungGen: 109632K->96K(107008K)] 111896K->2360K(282112K), 0,0004703 secs] [Times: user=0,00 sys=0,00, real=0,00 secs] 
64,953: [GC (Allocation Failure) [PSYoungGen: 106592K->96K(103936K)] 108856K->2360K(279040K), 0,0005044 secs] [Times: user=0,00 sys=0,00, real=0,00 secs] 
65,005: [GC (Allocation Failure) [PSYoungGen: 103520K->96K(100864K)] 105784K->2360K(275968K), 0,0005114 secs] [Times: user=0,00 sys=0,00, real=0,00 secs] 
65,056: [GC (Allocation Failure) [PSYoungGen: 100448K->64K(98304K)] 102712K->2328K(273408K), 0,0004844 secs] [Times: user=0,00 sys=0,00, real=0,00 secs] 
65,106: [GC (Allocation Failure) [PSYoungGen: 97856K->64K(95744K)] 100120K->2328K(270848K), 0,0004847 secs] [Times: user=0,00 sys=0,00, real=0,00 secs] 
65,154: [GC (Allocation Failure) [PSYoungGen: 95296K->64K(93184K)] 97560K->2328K(268288K), 0,0004833 secs] [Times: user=0,00 sys=0,00, real=0,00 secs] 
65,201: [GC (Allocation Failure) [PSYoungGen: 92736K->96K(90624K)] 95000K->2360K(265728K), 0,0004869 secs] [Times: user=0,00 sys=0,00, real=0,00 secs] 
65,247: [GC (Allocation Failure) [PSYoungGen: 90208K->96K(88064K)] 92472K->2360K(263168K), 0,0005033 secs] [Times: user=0,00 sys=0,00, real=0,00 secs] 
65,291: [GC (Allocation Failure) [PSYoungGen: 87648K->96K(86016K)] 89912K->2360K(261120K), 0,0004755 secs] [Times: user=0,00 sys=0,00, real=0,00 secs] 
65,335: [GC (Allocation Failure) [PSYoungGen: 85600K->64K(83968K)] 87864K->2328K(259072K), 0,0004978 secs] [Times: user=0,00 sys=0,00, real=0,00 secs] 
65,377: [GC (Allocation Failure) [PSYoungGen: 83520K->96K(81920K)] 85784K->2360K(257024K), 0,0004759 secs] [Times: user=0,00 sys=0,00, real=0,00 secs] 
65,419: [GC (Allocation Failure) [PSYoungGen: 81504K->96K(98304K)] 83768K->2360K(273408K), 0,0005237 secs] [Times: user=0,00 sys=0,00, real=0,00 secs] 
65,471: [GC (Allocation Failure) [PSYoungGen: 97888K->96K(95744K)] 100152K->2360K(270848K), 0,0005294 secs] [Times: user=0,00 sys=0,00, real=0,00 secs] 
65,519: [GC (Allocation Failure) [PSYoungGen: 95328K->96K(93184K)] 97592K->2360K(268288K), 0,0004742 secs] [Times: user=0,00 sys=0,00, real=0,01 secs] 
65,566: [GC (Allocation Failure) [PSYoungGen: 92768K->32K(90624K)] 95032K->2296K(265728K), 0,0004797 secs] [Times: user=0,00 sys=0,00, real=0,00 secs] 
65,613: [GC (Allocation Failure) [PSYoungGen: 90144K->64K(88064K)] 92408K->2328K(263168K), 0,0004717 secs] [Times: user=0,00 sys=0,00, real=0,00 secs] 
65,659: [GC (Allocation Failure) [PSYoungGen: 87616K->64K(86016K)] 89880K->2328K(261120K), 0,0005189 secs] [Times: user=0,00 sys=0,00, real=0,00 secs] 
65,703: [GC (Allocation Failure) [PSYoungGen: 85568K->96K(83968K)] 87832K->2360K(259072K), 0,0004911 secs] [Times: user=0,01 sys=0,00, real=0,00 secs] 
65,745: [GC (Allocation Failure) [PSYoungGen: 83552K->64K(100864K)] 85816K->2328K(275968K), 0,0004738 secs] [Times: user=0,00 sys=0,00, real=0,00 secs] 
65,796: [GC (Allocation Failure) [PSYoungGen: 100416K->96K(98304K)] 102680K->2360K(273408K), 0,0004895 secs] [Times: user=0,00 sys=0,00, real=0,00 secs] 
65,847: [GC (Allocation Failure) [PSYoungGen: 97888K->32K(95744K)] 100152K->2296K(270848K), 0,0004760 secs] [Times: user=0,00 sys=0,00, real=0,00 secs] 
65,895: [GC (Allocation Failure) [PSYoungGen: 95264K->96K(93184K)] 97528K->2360K(268288K), 0,0004573 secs] [Times: user=0,00 sys=0,00, real=0,00 secs] 
65,941: [GC (Allocation Failure) [PSYoungGen: 92768K->96K(90624K)] 95032K->2360K(265728K), 0,0004958 secs] [Times: user=0,00 sys=0,00, real=0,00 secs] 
65,989: [GC (Allocation Failure) [PSYoungGen: 90208K->96K(88064K)] 92472K->2360K(263168K), 0,0005186 secs] [Times: user=0,00 sys=0,00, real=0,00 secs] 
66,033: [GC (Allocation Failure) [PSYoungGen: 87648K->96K(86016K)] 89912K->2360K(261120K), 0,0004921 secs] [Times: user=0,00 sys=0,00, real=0,00 secs] 
66,077: [GC (Allocation Failure) [PSYoungGen: 85600K->32K(83968K)] 87864K->2296K(259072K), 0,0004776 secs] [Times: user=0,00 sys=0,00, real=0,00 secs] 
66,119: [GC (Allocation Failure) [PSYoungGen: 83488K->32K(100864K)] 85752K->2296K(275968K), 0,0004799 secs] [Times: user=0,01 sys=0,00, real=0,01 secs] 
66,169: [GC (Allocation Failure) [PSYoungGen: 100384K->32K(98304K)] 102648K->2296K(273408K), 0,0004956 secs] [Times: user=0,00 sys=0,00, real=0,00 secs] 
66,219: [GC (Allocation Failure) [PSYoungGen: 97824K->96K(95744K)] 100088K->2360K(270848K), 0,0004775 secs] [Times: user=0,00 sys=0,00, real=0,00 secs] 
66,267: [GC (Allocation Failure) [PSYoungGen: 95328K->96K(93184K)] 97592K->2360K(268288K), 0,0004877 secs] [Times: user=0,01 sys=0,00, real=0,00 secs] 
66,315: [GC (Allocation Failure) [PSYoungGen: 92768K->32K(90624K)] 95032K->2296K(265728K), 0,0004860 secs] [Times: user=0,00 sys=0,00, real=0,00 secs] 
66,360: [GC (Allocation Failure) [PSYoungGen: 90144K->96K(88064K)] 92408K->2360K(263168K), 0,0005121 secs] [Times: user=0,00 sys=0,00, real=0,00 secs] 
66,405: [GC (Allocation Failure) [PSYoungGen: 87648K->64K(86016K)] 89912K->2328K(261120K), 0,0004811 secs] [Times: user=0,00 sys=0,00, real=0,00 secs] 
66,449: [GC (Allocation Failure) [PSYoungGen: 85568K->96K(83968K)] 87832K->2360K(259072K), 0,0005135 secs] [Times: user=0,00 sys=0,00, real=0,01 secs] 
66,491: [GC (Allocation Failure) [PSYoungGen: 83552K->64K(100864K)] 85816K->2328K(275968K), 0,0004807 secs] [Times: user=0,00 sys=0,00, real=0,00 secs] 
66,542: [GC (Allocation Failure) [PSYoungGen: 100416K->96K(98304K)] 102680K->2360K(273408K), 0,0004993 secs] [Times: user=0,00 sys=0,00, real=0,00 secs] 
66,591: [GC (Allocation Failure) [PSYoungGen: 97888K->32K(95744K)] 100152K->2296K(270848K), 0,0004770 secs] [Times: user=0,00 sys=0,00, real=0,00 secs] 
66,639: [GC (Allocation Failure) [PSYoungGen: 95264K->64K(93184K)] 97528K->2328K(268288K), 0,0004892 secs] [Times: user=0,00 sys=0,00, real=0,00 secs] 
66,686: [GC (Allocation Failure) [PSYoungGen: 92736K->64K(90624K)] 95000K->2328K(265728K), 0,0004840 secs] [Times: user=0,00 sys=0,00, real=0,00 secs] 
66,732: [GC (Allocation Failure) [PSYoungGen: 90176K->96K(88064K)] 92440K->2360K(263168K), 0,0004804 secs] [Times: user=0,00 sys=0,00, real=0,00 secs] 
66,777: [GC (Allocation Failure) [PSYoungGen: 87648K->64K(86016K)] 89912K->2328K(261120K), 0,0004845 secs] [Times: user=0,00 sys=0,00, real=0,00 secs] 
66,820: [GC (Allocation Failure) [PSYoungGen: 85568K->96K(83968K)] 87832K->2360K(259072K), 0,0004718 secs] [Times: user=0,00 sys=0,00, real=0,00 secs] 
66,862: [GC (Allocation Failure) [PSYoungGen: 83552K->96K(81920K)] 85816K->2360K(257024K), 0,0004536 secs] [Times: user=0,01 sys=0,00, real=0,00 secs] 
66,903: [GC (Allocation Failure) [PSYoungGen: 81504K->96K(98304K)] 83768K->2360K(273408K), 0,0005050 secs] [Times: user=0,00 sys=0,00, real=0,00 secs] 
66,953: [GC (Allocation Failure) [PSYoungGen: 97888K->32K(95744K)] 100152K->2296K(270848K), 0,0005102 secs] [Times: user=0,00 sys=0,00, real=0,00 secs] 
67,001: [GC (Allocation Failure) [PSYoungGen: 95264K->96K(93184K)] 97528K->2360K(268288K), 0,0004949 secs] [Times: user=0,01 sys=0,00, real=0,00 secs] 
67,048: [GC (Allocation Failure) [PSYoungGen: 92768K->96K(90624K)] 95032K->2360K(265728K), 0,0005170 secs] [Times: user=0,00 sys=0,00, real=0,00 secs] 
67,093: [GC (Allocation Failure) [PSYoungGen: 90208K->64K(88064K)] 92472K->2328K(263168K), 0,0004755 secs] [Times: user=0,00 sys=0,00, real=0,00 secs] 
67,138: [GC (Allocation Failure) [PSYoungGen: 87616K->64K(86016K)] 89880K->2328K(261120K), 0,0004980 secs] [Times: user=0,01 sys=0,00, real=0,01 secs] 
67,182: [GC (Allocation Failure) [PSYoungGen: 85568K->96K(103424K)] 87832K->2360K(278528K), 0,0004809 secs] [Times: user=0,00 sys=0,00, real=0,00 secs] 
67,234: [GC (Allocation Failure) [PSYoungGen: 103008K->96K(100352K)] 105272K->2360K(275456K), 0,0005046 secs] [Times: user=0,00 sys=0,00, real=0,00 secs] 
67,286: [GC (Allocation Failure) [PSYoungGen: 99936K->96K(97792K)] 102200K->2360K(272896K), 0,0005144 secs] [Times: user=0,00 sys=0,00, real=0,00 secs] 
67,337: [GC (Allocation Failure) [PSYoungGen: 97376K->96K(95232K)] 99640K->2360K(270336K), 0,0005037 secs] [Times: user=0,01 sys=0,00, real=0,00 secs] 
67,385: [GC (Allocation Failure) [PSYoungGen: 94816K->64K(92672K)] 97080K->2328K(267776K), 0,0004764 secs] [Times: user=0,00 sys=0,00, real=0,00 secs] 
67,433: [GC (Allocation Failure) [PSYoungGen: 92224K->96K(90112K)] 94488K->2360K(265216K), 0,0005018 secs] [Times: user=0,00 sys=0,00, real=0,00 secs] 
67,478: [GC (Allocation Failure) [PSYoungGen: 89696K->96K(87552K)] 91960K->2360K(262656K), 0,0005023 secs] [Times: user=0,00 sys=0,00, real=0,01 secs] 
67,523: [GC (Allocation Failure) [PSYoungGen: 87136K->96K(85504K)] 89400K->2360K(260608K), 0,0004931 secs] [Times: user=0,00 sys=0,00, real=0,00 secs] 
67,567: [GC (Allocation Failure) [PSYoungGen: 85088K->96K(83456K)] 87352K->2360K(258560K), 0,0004666 secs] [Times: user=0,00 sys=0,00, real=0,00 secs] 
67,610: [GC (Allocation Failure) [PSYoungGen: 83040K->96K(81408K)] 85304K->2360K(256512K), 0,0004928 secs] [Times: user=0,00 sys=0,00, real=0,00 secs] 
67,651: [GC (Allocation Failure) [PSYoungGen: 80992K->96K(97792K)] 83256K->2360K(272896K), 0,0004974 secs] [Times: user=0,00 sys=0,00, real=0,00 secs] 
67,700: [GC (Allocation Failure) [PSYoungGen: 97376K->96K(95232K)] 99640K->2360K(270336K), 0,0004917 secs] [Times: user=0,00 sys=0,00, real=0,00 secs] 
67,748: [GC (Allocation Failure) [PSYoungGen: 94816K->64K(92672K)] 97080K->2328K(267776K), 0,0004677 secs] [Times: user=0,00 sys=0,00, real=0,01 secs] 
67,795: [GC (Allocation Failure) [PSYoungGen: 92224K->96K(90112K)] 94488K->2360K(265216K), 0,0004684 secs] [Times: user=0,00 sys=0,00, real=0,00 secs] 
67,840: [GC (Allocation Failure) [PSYoungGen: 89696K->96K(87552K)] 91960K->2360K(262656K), 0,0004693 secs] [Times: user=0,00 sys=0,00, real=0,00 secs] 
67,885: [GC (Allocation Failure) [PSYoungGen: 87136K->96K(85504K)] 89400K->2360K(260608K), 0,0004690 secs] [Times: user=0,00 sys=0,00, real=0,00 secs] 
67,929: [GC (Allocation Failure) [PSYoungGen: 85088K->64K(83456K)] 87352K->2328K(258560K), 0,0004716 secs] [Times: user=0,00 sys=0,00, real=0,00 secs] 
67,972: [GC (Allocation Failure) [PSYoungGen: 83008K->64K(100352K)] 85272K->2328K(275456K), 0,0005385 secs] [Times: user=0,00 sys=0,00, real=0,00 secs] 
68,023: [GC (Allocation Failure) [PSYoungGen: 99904K->96K(97792K)] 102168K->2360K(272896K), 0,0005184 secs] [Times: user=0,00 sys=0,00, real=0,00 secs] 
68,074: [GC (Allocation Failure) [PSYoungGen: 97376K->64K(95232K)] 99640K->2328K(270336K), 0,0005585 secs] [Times: user=0,00 sys=0,00, real=0,00 secs] 
68,123: [GC (Allocation Failure) [PSYoungGen: 94784K->64K(92672K)] 97048K->2328K(267776K), 0,0005141 secs] [Times: user=0,00 sys=0,00, real=0,00 secs] 
68,169: [GC (Allocation Failure) [PSYoungGen: 92224K->96K(90112K)] 94488K->2360K(265216K), 0,0005037 secs] [Times: user=0,00 sys=0,00, real=0,00 secs] 
68,215: [GC (Allocation Failure) [PSYoungGen: 89696K->64K(87552K)] 91960K->2328K(262656K), 0,0004882 secs] [Times: user=0,00 sys=0,00, real=0,00 secs] 
68,259: [GC (Allocation Failure) [PSYoungGen: 87104K->64K(85504K)] 89368K->2328K(260608K), 0,0004783 secs] [Times: user=0,00 sys=0,00, real=0,00 secs] 
68,303: [GC (Allocation Failure) [PSYoungGen: 85056K->64K(102912K)] 87320K->2328K(278016K), 0,0004888 secs] [Times: user=0,00 sys=0,00, real=0,00 secs] 
68,355: [GC (Allocation Failure) [PSYoungGen: 102464K->96K(99840K)] 104728K->2360K(274944K), 0,0004832 secs] [Times: user=0,00 sys=0,00, real=0,00 secs] 
68,405: [GC (Allocation Failure) [PSYoungGen: 99424K->64K(97280K)] 101688K->2328K(272384K), 0,0004802 secs] [Times: user=0,00 sys=0,00, real=0,00 secs] 
68,455: [GC (Allocation Failure) [PSYoungGen: 96832K->96K(94720K)] 99096K->2360K(269824K), 0,0005153 secs] [Times: user=0,00 sys=0,00, real=0,00 secs] 
68,503: [GC (Allocation Failure) [PSYoungGen: 94304K->96K(92160K)] 96568K->2360K(267264K), 0,0004995 secs] [Times: user=0,00 sys=0,00, real=0,00 secs] 
68,550: [GC (Allocation Failure) [PSYoungGen: 91744K->64K(89600K)] 94008K->2328K(264704K), 0,0004869 secs] [Times: user=0,00 sys=0,00, real=0,00 secs] 
68,595: [GC (Allocation Failure) [PSYoungGen: 89152K->64K(87040K)] 91416K->2328K(262144K), 0,0004839 secs] [Times: user=0,00 sys=0,00, real=0,00 secs] 
68,639: [GC (Allocation Failure) [PSYoungGen: 86592K->64K(84992K)] 88856K->2328K(260096K), 0,0005000 secs] [Times: user=0,00 sys=0,00, real=0,00 secs] 
68,682: [GC (Allocation Failure) [PSYoungGen: 84544K->64K(82944K)] 86808K->2328K(258048K), 0,0005020 secs] [Times: user=0,00 sys=0,00, real=0,00 secs] 
68,724: [GC (Allocation Failure) [PSYoungGen: 82496K->64K(99840K)] 84760K->2328K(274944K), 0,0009900 secs] [Times: user=0,00 sys=0,00, real=0,00 secs] 
68,776: [GC (Allocation Failure) [PSYoungGen: 99392K->96K(119808K)] 101656K->2360K(294912K), 0,0004977 secs] [Times: user=0,00 sys=0,00, real=0,00 secs] 
68,836: [GC (Allocation Failure) [PSYoungGen: 119392K->96K(143872K)] 121656K->2360K(318976K), 0,0005027 secs] [Times: user=0,00 sys=0,00, real=0,00 secs] 
68,908: [GC (Allocation Failure) [PSYoungGen: 143456K->128K(172544K)] 145720K->2392K(347648K), 0,0007525 secs] [Times: user=0,00 sys=0,00, real=0,01 secs] 
68,997: [GC (Allocation Failure) [PSYoungGen: 172160K->64K(166400K)] 174424K->2328K(341504K), 0,0005179 secs] [Times: user=0,00 sys=0,00, real=0,00 secs] 
69,080: [GC (Allocation Failure) [PSYoungGen: 165952K->96K(160768K)] 168216K->2360K(335872K), 0,0004959 secs] [Times: user=0,01 sys=0,00, real=0,00 secs] 
69,161: [GC (Allocation Failure) [PSYoungGen: 160352K->64K(155136K)] 162616K->2328K(330240K), 0,0004788 secs] [Times: user=0,00 sys=0,00, real=0,00 secs] 
69,239: [GC (Allocation Failure) [PSYoungGen: 154688K->64K(150016K)] 156952K->2328K(325120K), 0,0005055 secs] [Times: user=0,01 sys=0,00, real=0,01 secs] 
69,315: [GC (Allocation Failure) [PSYoungGen: 149568K->64K(144896K)] 151832K->2328K(320000K), 0,0004955 secs] [Times: user=0,00 sys=0,00, real=0,00 secs] 
69,388: [GC (Allocation Failure) [PSYoungGen: 144448K->96K(140288K)] 146712K->2360K(315392K), 0,0004940 secs] [Times: user=0,01 sys=0,01, real=0,00 secs] 
69,459: [GC (Allocation Failure) [PSYoungGen: 139872K->32K(135680K)] 142136K->2296K(310784K), 0,0010027 secs] [Times: user=0,00 sys=0,00, real=0,01 secs] 
69,528: [GC (Allocation Failure) [PSYoungGen: 135200K->32K(131584K)] 137464K->2296K(306688K), 0,0034888 secs] [Times: user=0,00 sys=0,00, real=0,01 secs] 
69,598: [GC (Allocation Failure) [PSYoungGen: 131104K->64K(127488K)] 133368K->2328K(302592K), 0,0005206 secs] [Times: user=0,00 sys=0,00, real=0,00 secs] 
69,663: [GC (Allocation Failure) [PSYoungGen: 127040K->64K(123392K)] 129304K->2328K(298496K), 0,0004964 secs] [Times: user=0,00 sys=0,00, real=0,00 secs] 
69,726: [GC (Allocation Failure) [PSYoungGen: 122944K->96K(119808K)] 125208K->2360K(294912K), 0,0005083 secs] [Times: user=0,00 sys=0,00, real=0,00 secs] 
69,787: [GC (Allocation Failure) [PSYoungGen: 119392K->96K(116224K)] 121656K->2360K(291328K), 0,0004903 secs] [Times: user=0,00 sys=0,00, real=0,00 secs] 
69,846: [GC (Allocation Failure) [PSYoungGen: 115808K->64K(112640K)] 118072K->2328K(287744K), 0,0005119 secs] [Times: user=0,00 sys=0,00, real=0,00 secs] 
69,902: [GC (Allocation Failure) [PSYoungGen: 112192K->64K(109568K)] 114456K->2328K(284672K), 0,0004993 secs] [Times: user=0,00 sys=0,00, real=0,00 secs] 
69,958: [GC (Allocation Failure) [PSYoungGen: 109120K->96K(106496K)] 111384K->2360K(281600K), 0,0005825 secs] [Times: user=0,00 sys=0,00, real=0,00 secs] 
70,012: [GC (Allocation Failure) [PSYoungGen: 106080K->96K(103424K)] 108344K->2360K(278528K), 0,0005165 secs] [Times: user=0,00 sys=0,00, real=0,00 secs] 
70,064: [GC (Allocation Failure) [PSYoungGen: 103008K->96K(100352K)] 105272K->2360K(275456K), 0,0004811 secs] [Times: user=0,00 sys=0,00, real=0,00 secs] 
70,114: [GC (Allocation Failure) [PSYoungGen: 99936K->64K(97792K)] 102200K->2328K(272896K), 0,0004717 secs] [Times: user=0,00 sys=0,00, real=0,00 secs] 
70,164: [GC (Allocation Failure) [PSYoungGen: 97344K->64K(95232K)] 99608K->2328K(270336K), 0,0004869 secs] [Times: user=0,00 sys=0,00, real=0,00 secs] 
70,212: [GC (Allocation Failure) [PSYoungGen: 94784K->64K(92672K)] 97048K->2328K(267776K), 0,0005051 secs] [Times: user=0,00 sys=0,00, real=0,00 secs] 
70,260: [GC (Allocation Failure) [PSYoungGen: 92224K->64K(90112K)] 94488K->2328K(265216K), 0,0004766 secs] [Times: user=0,00 sys=0,00, real=0,00 secs] 
70,305: [GC (Allocation Failure) [PSYoungGen: 89664K->96K(87552K)] 91928K->2360K(262656K), 0,0004883 secs] [Times: user=0,00 sys=0,00, real=0,00 secs] 
70,349: [GC (Allocation Failure) [PSYoungGen: 87136K->96K(85504K)] 89400K->2360K(260608K), 0,0005070 secs] [Times: user=0,00 sys=0,00, real=0,01 secs] 
70,397: [GC (Allocation Failure) [PSYoungGen: 85088K->96K(83456K)] 87352K->2360K(258560K), 0,0005569 secs] [Times: user=0,00 sys=0,00, real=0,00 secs] 
70,439: [GC (Allocation Failure) [PSYoungGen: 83040K->32K(100352K)] 85304K->2320K(275456K), 0,0005444 secs] [Times: user=0,00 sys=0,00, real=0,00 secs] 
70,491: [GC (Allocation Failure) [PSYoungGen: 99872K->0K(97792K)] 102160K->2288K(272896K), 0,0005386 secs] [Times: user=0,00 sys=0,00, real=0,00 secs] 
70,540: [GC (Allocation Failure) [PSYoungGen: 97280K->96K(95232K)] 99568K->2384K(270336K), 0,0005072 secs] [Times: user=0,00 sys=0,00, real=0,00 secs] 
70,588: [GC (Allocation Failure) [PSYoungGen: 94816K->64K(92672K)] 97104K->2352K(267776K), 0,0004977 secs] [Times: user=0,00 sys=0,00, real=0,01 secs] 
70,635: [GC (Allocation Failure) [PSYoungGen: 92224K->64K(90112K)] 94512K->2352K(265216K), 0,0004917 secs] [Times: user=0,00 sys=0,00, real=0,00 secs] 
70,681: [GC (Allocation Failure) [PSYoungGen: 89664K->96K(87552K)] 91952K->2384K(262656K), 0,0005025 secs] [Times: user=0,01 sys=0,00, real=0,00 secs] 
70,725: [GC (Allocation Failure) [PSYoungGen: 87136K->64K(85504K)] 89424K->2352K(260608K), 0,0004827 secs] [Times: user=0,00 sys=0,00, real=0,00 secs] 
70,768: [GC (Allocation Failure) [PSYoungGen: 85056K->96K(83456K)] 87344K->2384K(258560K), 0,0004754 secs] [Times: user=0,00 sys=0,00, real=0,00 secs] 
70,810: [GC (Allocation Failure) [PSYoungGen: 83040K->64K(100352K)] 85328K->2352K(275456K), 0,0004926 secs] [Times: user=0,00 sys=0,00, real=0,00 secs] 
70,861: [GC (Allocation Failure) [PSYoungGen: 99904K->96K(97792K)] 102192K->2384K(272896K), 0,0004929 secs] [Times: user=0,00 sys=0,00, real=0,00 secs] 
70,910: [GC (Allocation Failure) [PSYoungGen: 97376K->64K(95232K)] 99664K->2352K(270336K), 0,0005073 secs] [Times: user=0,00 sys=0,00, real=0,00 secs] 
70,959: [GC (Allocation Failure) [PSYoungGen: 94784K->96K(92672K)] 97072K->2384K(267776K), 0,0005183 secs] [Times: user=0,00 sys=0,00, real=0,01 secs] 
71,006: [GC (Allocation Failure) [PSYoungGen: 92256K->96K(90112K)] 94544K->2384K(265216K), 0,0005182 secs] [Times: user=0,00 sys=0,00, real=0,00 secs] 
71,051: [GC (Allocation Failure) [PSYoungGen: 89696K->64K(87552K)] 91984K->2352K(262656K), 0,0004975 secs] [Times: user=0,00 sys=0,00, real=0,00 secs] 
71,095: [GC (Allocation Failure) [PSYoungGen: 87104K->64K(85504K)] 89392K->2352K(260608K), 0,0005006 secs] [Times: user=0,00 sys=0,00, real=0,00 secs] 
71,139: [GC (Allocation Failure) [PSYoungGen: 85055K->64K(83456K)] 87343K->2352K(258560K), 0,0004844 secs] [Times: user=0,00 sys=0,00, real=0,01 secs] 
71,181: [GC (Allocation Failure) [PSYoungGen: 83008K->32K(100352K)] 85296K->2320K(275456K), 0,0004793 secs] [Times: user=0,00 sys=0,00, real=0,00 secs] 
71,232: [GC (Allocation Failure) [PSYoungGen: 99872K->32K(120320K)] 102160K->2320K(295424K), 0,0006157 secs] [Times: user=0,00 sys=0,00, real=0,00 secs] 
71,294: [GC (Allocation Failure) [PSYoungGen: 119840K->96K(116736K)] 122128K->2384K(291840K), 0,0005180 secs] [Times: user=0,00 sys=0,00, real=0,00 secs] 
71,353: [GC (Allocation Failure) [PSYoungGen: 116320K->96K(113152K)] 118608K->2384K(288256K), 0,0005593 secs] [Times: user=0,00 sys=0,00, real=0,00 secs] 
71,411: [GC (Allocation Failure) [PSYoungGen: 112736K->96K(110080K)] 115024K->2384K(285184K), 0,0005144 secs] [Times: user=0,00 sys=0,00, real=0,00 secs] 
71,466: [GC (Allocation Failure) [PSYoungGen: 109664K->96K(107008K)] 111952K->2384K(282112K), 0,0005162 secs] [Times: user=0,00 sys=0,00, real=0,00 secs] 
71,521: [GC (Allocation Failure) [PSYoungGen: 106592K->64K(103936K)] 108880K->2352K(279040K), 0,0005816 secs] [Times: user=0,00 sys=0,00, real=0,00 secs] 
71,573: [GC (Allocation Failure) [PSYoungGen: 103488K->96K(100864K)] 105776K->2384K(275968K), 0,0005075 secs] [Times: user=0,01 sys=0,01, real=0,00 secs] 
71,624: [GC (Allocation Failure) [PSYoungGen: 100448K->64K(98304K)] 102736K->2352K(273408K), 0,0004965 secs] [Times: user=0,00 sys=0,00, real=0,00 secs] 
71,673: [GC (Allocation Failure) [PSYoungGen: 97856K->64K(95744K)] 100144K->2352K(270848K), 0,0005519 secs] [Times: user=0,00 sys=0,00, real=0,00 secs] 
71,722: [GC (Allocation Failure) [PSYoungGen: 95296K->64K(93184K)] 97584K->2352K(268288K), 0,0005319 secs] [Times: user=0,00 sys=0,00, real=0,00 secs] 
71,770: [GC (Allocation Failure) [PSYoungGen: 92736K->64K(90624K)] 95024K->2352K(265728K), 0,0004927 secs] [Times: user=0,00 sys=0,00, real=0,00 secs] 
71,815: [GC (Allocation Failure) [PSYoungGen: 90176K->64K(88064K)] 92464K->2352K(263168K), 0,0005072 secs] [Times: user=0,00 sys=0,00, real=0,00 secs] 
71,860: [GC (Allocation Failure) [PSYoungGen: 87616K->96K(86016K)] 89904K->2384K(261120K), 0,0005182 secs] [Times: user=0,00 sys=0,00, real=0,00 secs] 
71,903: [GC (Allocation Failure) [PSYoungGen: 85600K->64K(83968K)] 87888K->2352K(259072K), 0,0004875 secs] [Times: user=0,00 sys=0,00, real=0,00 secs] 
71,946: [GC (Allocation Failure) [PSYoungGen: 83520K->96K(100864K)] 85808K->2384K(275968K), 0,0005309 secs] [Times: user=0,00 sys=0,00, real=0,00 secs] 
71,997: [GC (Allocation Failure) [PSYoungGen: 100448K->96K(98304K)] 102736K->2384K(273408K), 0,0005112 secs] [Times: user=0,00 sys=0,00, real=0,00 secs] 
72,047: [GC (Allocation Failure) [PSYoungGen: 97888K->96K(95744K)] 100176K->2384K(270848K), 0,0004888 secs] [Times: user=0,00 sys=0,00, real=0,00 secs] 
72,095: [GC (Allocation Failure) [PSYoungGen: 95328K->64K(93184K)] 97616K->2352K(268288K), 0,0005193 secs] [Times: user=0,00 sys=0,00, real=0,00 secs] 
72,142: [GC (Allocation Failure) [PSYoungGen: 92736K->64K(90624K)] 95024K->2352K(265728K), 0,0005225 secs] [Times: user=0,00 sys=0,00, real=0,00 secs] 
72,188: [GC (Allocation Failure) [PSYoungGen: 90176K->64K(88064K)] 92464K->2352K(263168K), 0,0005247 secs] [Times: user=0,00 sys=0,00, real=0,00 secs] 
72,233: [GC (Allocation Failure) [PSYoungGen: 87616K->64K(86016K)] 89904K->2352K(261120K), 0,0005074 secs] [Times: user=0,00 sys=0,00, real=0,00 secs] 
72,278: [GC (Allocation Failure) [PSYoungGen: 85568K->96K(103424K)] 87856K->2384K(278528K), 0,0005141 secs] [Times: user=0,00 sys=0,00, real=0,00 secs] 
72,330: [GC (Allocation Failure) [PSYoungGen: 103008K->64K(100352K)] 105296K->2352K(275456K), 0,0004981 secs] [Times: user=0,00 sys=0,00, real=0,00 secs] 
72,381: [GC (Allocation Failure) [PSYoungGen: 99904K->96K(97792K)] 102192K->2384K(272896K), 0,0005086 secs] [Times: user=0,00 sys=0,00, real=0,00 secs] 
72,431: [GC (Allocation Failure) [PSYoungGen: 97376K->96K(95232K)] 99664K->2384K(270336K), 0,0005081 secs] [Times: user=0,00 sys=0,00, real=0,00 secs] 
72,479: [GC (Allocation Failure) [PSYoungGen: 94816K->96K(92672K)] 97104K->2384K(267776K), 0,0005043 secs] [Times: user=0,00 sys=0,00, real=0,01 secs] 
72,526: [GC (Allocation Failure) [PSYoungGen: 92256K->96K(90112K)] 94544K->2384K(265216K), 0,0005031 secs] [Times: user=0,00 sys=0,00, real=0,00 secs] 
72,572: [GC (Allocation Failure) [PSYoungGen: 89696K->64K(87552K)] 91984K->2352K(262656K), 0,0005165 secs] [Times: user=0,00 sys=0,00, real=0,00 secs] 
72,616: [GC (Allocation Failure) [PSYoungGen: 87104K->64K(85504K)] 89392K->2352K(260608K), 0,0004938 secs] [Times: user=0,00 sys=0,00, real=0,00 secs] 
72,659: [GC (Allocation Failure) [PSYoungGen: 85055K->64K(83456K)] 87343K->2352K(258560K), 0,0004984 secs] [Times: user=0,00 sys=0,00, real=0,00 secs] 
72,701: [GC (Allocation Failure) [PSYoungGen: 83008K->32K(100352K)] 85296K->2320K(275456K), 0,0004983 secs] [Times: user=0,00 sys=0,00, real=0,00 secs] 
72,752: [GC (Allocation Failure) [PSYoungGen: 99872K->32K(97792K)] 102160K->2320K(272896K), 0,0004988 secs] [Times: user=0,01 sys=0,00, real=0,00 secs] 
72,802: [GC (Allocation Failure) [PSYoungGen: 97312K->64K(95232K)] 99600K->2352K(270336K), 0,0005007 secs] [Times: user=0,00 sys=0,00, real=0,00 secs] 
72,850: [GC (Allocation Failure) [PSYoungGen: 94784K->96K(92672K)] 97072K->2384K(267776K), 0,0004981 secs] [Times: user=0,00 sys=0,00, real=0,00 secs] 
72,897: [GC (Allocation Failure) [PSYoungGen: 92256K->96K(90112K)] 94544K->2384K(265216K), 0,0005141 secs] [Times: user=0,00 sys=0,00, real=0,00 secs] 
72,943: [GC (Allocation Failure) [PSYoungGen: 89696K->96K(108032K)] 91984K->2384K(283136K), 0,0006427 secs] [Times: user=0,00 sys=0,00, real=0,00 secs] 
72,998: [GC (Allocation Failure) [PSYoungGen: 107616K->96K(104960K)] 109904K->2384K(280064K), 0,0005107 secs] [Times: user=0,00 sys=0,00, real=0,00 secs] 
73,051: [GC (Allocation Failure) [PSYoungGen: 104544K->96K(101888K)] 106832K->2384K(276992K), 0,0004969 secs] [Times: user=0,00 sys=0,00, real=0,00 secs] 
73,103: [GC (Allocation Failure) [PSYoungGen: 101472K->96K(98816K)] 103760K->2384K(273920K), 0,0005013 secs] [Times: user=0,00 sys=0,00, real=0,00 secs] 
73,153: [GC (Allocation Failure) [PSYoungGen: 98400K->32K(96256K)] 100688K->2320K(271360K), 0,0005021 secs] [Times: user=0,00 sys=0,00, real=0,00 secs] 
73,201: [GC (Allocation Failure) [PSYoungGen: 95776K->96K(93696K)] 98064K->2384K(268800K), 0,0004962 secs] [Times: user=0,00 sys=0,00, real=0,00 secs] 
73,248: [GC (Allocation Failure) [PSYoungGen: 93280K->96K(91136K)] 95568K->2384K(266240K), 0,0005016 secs] [Times: user=0,01 sys=0,00, real=0,01 secs] 
73,294: [GC (Allocation Failure) [PSYoungGen: 90720K->32K(88576K)] 93008K->2320K(263680K), 0,0005070 secs] [Times: user=0,00 sys=0,00, real=0,00 secs] 
73,339: [GC (Allocation Failure) [PSYoungGen: 88096K->64K(86528K)] 90384K->2352K(261632K), 0,0004859 secs] [Times: user=0,00 sys=0,00, real=0,01 secs] 
73,382: [GC (Allocation Failure) [PSYoungGen: 86080K->96K(84480K)] 88368K->2384K(259584K), 0,0005063 secs] [Times: user=0,00 sys=0,00, real=0,00 secs] 
73,426: [GC (Allocation Failure) [PSYoungGen: 84064K->32K(82432K)] 86352K->2320K(257536K), 0,0004987 secs] [Times: user=0,01 sys=0,00, real=0,00 secs] 
73,468: [GC (Allocation Failure) [PSYoungGen: 81952K->32K(98816K)] 84240K->2320K(273920K), 0,0005264 secs] [Times: user=0,00 sys=0,00, real=0,00 secs] 
73,518: [GC (Allocation Failure) [PSYoungGen: 98336K->64K(96256K)] 100624K->2352K(271360K), 0,0005183 secs] [Times: user=0,00 sys=0,00, real=0,00 secs] 
73,567: [GC (Allocation Failure) [PSYoungGen: 95808K->96K(93696K)] 98096K->2384K(268800K), 0,0004823 secs] [Times: user=0,00 sys=0,00, real=0,00 secs] 
73,614: [GC (Allocation Failure) [PSYoungGen: 93280K->32K(91136K)] 95568K->2320K(266240K), 0,0005207 secs] [Times: user=0,00 sys=0,00, real=0,00 secs] 
73,660: [GC (Allocation Failure) [PSYoungGen: 90656K->64K(88576K)] 92944K->2352K(263680K), 0,0004951 secs] [Times: user=0,00 sys=0,00, real=0,00 secs] 
73,704: [GC (Allocation Failure) [PSYoungGen: 88128K->64K(86528K)] 90416K->2352K(261632K), 0,0004896 secs] [Times: user=0,00 sys=0,00, real=0,00 secs] 
73,748: [GC (Allocation Failure) [PSYoungGen: 86080K->64K(103936K)] 88368K->2352K(279040K), 0,0005151 secs] [Times: user=0,00 sys=0,00, real=0,00 secs] 
73,800: [GC (Allocation Failure) [PSYoungGen: 103488K->96K(100864K)] 105776K->2384K(275968K), 0,0004764 secs] [Times: user=0,00 sys=0,00, real=0,00 secs] 
73,851: [GC (Allocation Failure) [PSYoungGen: 100448K->64K(98304K)] 102736K->2352K(273408K), 0,0004726 secs] [Times: user=0,00 sys=0,00, real=0,00 secs] 
73,901: [GC (Allocation Failure) [PSYoungGen: 97856K->64K(95744K)] 100144K->2352K(270848K), 0,0004876 secs] [Times: user=0,00 sys=0,00, real=0,00 secs] 
73,949: [GC (Allocation Failure) [PSYoungGen: 95296K->96K(93184K)] 97584K->2384K(268288K), 0,0005148 secs] [Times: user=0,00 sys=0,00, real=0,00 secs] 
73,996: [GC (Allocation Failure) [PSYoungGen: 92768K->64K(90624K)] 95056K->2352K(265728K), 0,0005118 secs] [Times: user=0,00 sys=0,00, real=0,00 secs] 
74,042: [GC (Allocation Failure) [PSYoungGen: 90176K->96K(88064K)] 92464K->2384K(263168K), 0,0005248 secs] [Times: user=0,00 sys=0,00, real=0,00 secs] 
74,086: [GC (Allocation Failure) [PSYoungGen: 87648K->96K(105984K)] 89936K->2384K(281088K), 0,0005454 secs] [Times: user=0,00 sys=0,01, real=0,00 secs] 
74,140: [GC (Allocation Failure) [PSYoungGen: 105568K->32K(102912K)] 107856K->2320K(278016K), 0,0005050 secs] [Times: user=0,01 sys=0,00, real=0,00 secs] 
74,191: [GC (Allocation Failure) [PSYoungGen: 102432K->64K(99840K)] 104720K->2352K(274944K), 0,0004938 secs] [Times: user=0,00 sys=0,00, real=0,00 secs] 
74,242: [GC (Allocation Failure) [PSYoungGen: 99392K->96K(97280K)] 101680K->2384K(272384K), 0,0004811 secs] [Times: user=0,00 sys=0,00, real=0,00 secs] 
74,291: [GC (Allocation Failure) [PSYoungGen: 96864K->64K(94720K)] 99152K->2352K(269824K), 0,0004950 secs] [Times: user=0,00 sys=0,00, real=0,00 secs] 
74,340: [GC (Allocation Failure) [PSYoungGen: 94272K->64K(92160K)] 96560K->2352K(267264K), 0,0004660 secs] [Times: user=0,00 sys=0,00, real=0,00 secs] 
74,387: [GC (Allocation Failure) [PSYoungGen: 91712K->96K(89600K)] 94000K->2384K(264704K), 0,0005155 secs] [Times: user=0,01 sys=0,00, real=0,00 secs] 
74,433: [GC (Allocation Failure) [PSYoungGen: 89184K->96K(87040K)] 91472K->2384K(262144K), 0,0005133 secs] [Times: user=0,00 sys=0,00, real=0,00 secs] 
74,478: [GC (Allocation Failure) [PSYoungGen: 86624K->64K(84992K)] 88912K->2352K(260096K), 0,0005108 secs] [Times: user=0,00 sys=0,00, real=0,00 secs] 
74,520: [GC (Allocation Failure) [PSYoungGen: 84544K->64K(82944K)] 86832K->2352K(258048K), 0,0004950 secs] [Times: user=0,00 sys=0,00, real=0,00 secs] 
74,562: [GC (Allocation Failure) [PSYoungGen: 82496K->64K(99840K)] 84784K->2352K(274944K), 0,0005509 secs] [Times: user=0,00 sys=0,00, real=0,00 secs] 
74,613: [GC (Allocation Failure) [PSYoungGen: 99392K->64K(119808K)] 101680K->2352K(294912K), 0,0004832 secs] [Times: user=0,00 sys=0,00, real=0,00 secs] 
74,673: [GC (Allocation Failure) [PSYoungGen: 119360K->64K(143872K)] 121648K->2352K(318976K), 0,0010500 secs] [Times: user=0,01 sys=0,00, real=0,00 secs] 
74,746: [GC (Allocation Failure) [PSYoungGen: 143424K->0K(172544K)] 145712K->2288K(347648K), 0,0006753 secs] [Times: user=0,00 sys=0,00, real=0,00 secs] 
74,833: [GC (Allocation Failure) [PSYoungGen: 172032K->96K(166400K)] 174320K->2384K(341504K), 0,0004827 secs] [Times: user=0,01 sys=0,00, real=0,00 secs] 
74,917: [GC (Allocation Failure) [PSYoungGen: 165984K->96K(160768K)] 168272K->2384K(335872K), 0,0005291 secs] [Times: user=0,00 sys=0,00, real=0,00 secs] 
75,000: [GC (Allocation Failure) [PSYoungGen: 160352K->96K(155136K)] 162640K->2384K(330240K), 0,0005284 secs] [Times: user=0,00 sys=0,00, real=0,00 secs] 
75,078: [GC (Allocation Failure) [PSYoungGen: 154720K->64K(150016K)] 157008K->2352K(325120K), 0,0004968 secs] [Times: user=0,00 sys=0,00, real=0,00 secs] 
75,153: [GC (Allocation Failure) [PSYoungGen: 149568K->96K(144896K)] 151856K->2384K(320000K), 0,0004996 secs] [Times: user=0,00 sys=0,00, real=0,00 secs] 
75,226: [GC (Allocation Failure) [PSYoungGen: 144480K->64K(140288K)] 146768K->2352K(315392K), 0,0005056 secs] [Times: user=0,00 sys=0,00, real=0,00 secs] 
75,297: [GC (Allocation Failure) [PSYoungGen: 139840K->96K(135680K)] 142128K->2384K(310784K), 0,0005160 secs] [Times: user=0,00 sys=0,00, real=0,00 secs] 
75,366: [GC (Allocation Failure) [PSYoungGen: 135264K->96K(131584K)] 137552K->2384K(306688K), 0,0005142 secs] [Times: user=0,00 sys=0,00, real=0,00 secs] 
75,432: [GC (Allocation Failure) [PSYoungGen: 131168K->96K(127488K)] 133456K->2384K(302592K), 0,0005158 secs] [Times: user=0,00 sys=0,00, real=0,00 secs] 
75,496: [GC (Allocation Failure) [PSYoungGen: 127072K->64K(123392K)] 129360K->2352K(298496K), 0,0005145 secs] [Times: user=0,00 sys=0,00, real=0,00 secs] 
75,558: [GC (Allocation Failure) [PSYoungGen: 122944K->96K(119808K)] 125232K->2384K(294912K), 0,0005143 secs] [Times: user=0,01 sys=0,00, real=0,01 secs] 
75,619: [GC (Allocation Failure) [PSYoungGen: 119392K->96K(116224K)] 121680K->2384K(291328K), 0,0005171 secs] [Times: user=0,01 sys=0,00, real=0,01 secs] 
75,677: [GC (Allocation Failure) [PSYoungGen: 115808K->96K(112640K)] 118096K->2384K(287744K), 0,0004809 secs] [Times: user=0,00 sys=0,00, real=0,00 secs] 
75,734: [GC (Allocation Failure) [PSYoungGen: 112224K->96K(109568K)] 114512K->2384K(284672K), 0,0004936 secs] [Times: user=0,00 sys=0,00, real=0,00 secs] 
75,789: [GC (Allocation Failure) [PSYoungGen: 109152K->64K(106496K)] 111440K->2352K(281600K), 0,0005124 secs] [Times: user=0,00 sys=0,00, real=0,01 secs] 
75,844: [GC (Allocation Failure) [PSYoungGen: 106048K->64K(103424K)] 108336K->2352K(278528K), 0,0004771 secs] [Times: user=0,00 sys=0,00, real=0,00 secs] 
75,896: [GC (Allocation Failure) [PSYoungGen: 102976K->96K(100352K)] 105264K->2384K(275456K), 0,0006602 secs] [Times: user=0,01 sys=0,00, real=0,00 secs] 
75,951: [GC (Allocation Failure) [PSYoungGen: 99936K->64K(97792K)] 102224K->2352K(272896K), 0,0005095 secs] [Times: user=0,00 sys=0,00, real=0,00 secs] 
76,000: [GC (Allocation Failure) [PSYoungGen: 97344K->64K(95232K)] 99632K->2352K(270336K), 0,0005141 secs] [Times: user=0,00 sys=0,00, real=0,00 secs] 
76,048: [GC (Allocation Failure) [PSYoungGen: 94784K->96K(92672K)] 97072K->2384K(267776K), 0,0004904 secs] [Times: user=0,00 sys=0,00, real=0,00 secs] 
76,095: [GC (Allocation Failure) [PSYoungGen: 92256K->96K(90112K)] 94544K->2384K(265216K), 0,0004829 secs] [Times: user=0,00 sys=0,00, real=0,00 secs] 
76,140: [GC (Allocation Failure) [PSYoungGen: 89696K->96K(87552K)] 91984K->2384K(262656K), 0,0004896 secs] [Times: user=0,00 sys=0,00, real=0,00 secs] 
76,185: [GC (Allocation Failure) [PSYoungGen: 87136K->64K(85504K)] 89424K->2352K(260608K), 0,0004718 secs] [Times: user=0,00 sys=0,00, real=0,00 secs] 
76,229: [GC (Allocation Failure) [PSYoungGen: 85056K->96K(83456K)] 87344K->2384K(258560K), 0,0004975 secs] [Times: user=0,00 sys=0,00, real=0,01 secs] 
76,271: [GC (Allocation Failure) [PSYoungGen: 83040K->64K(100352K)] 85328K->2352K(275456K), 0,0005375 secs] [Times: user=0,00 sys=0,00, real=0,00 secs] 
76,322: [GC (Allocation Failure) [PSYoungGen: 99904K->64K(97792K)] 102192K->2352K(272896K), 0,0004755 secs] [Times: user=0,01 sys=0,00, real=0,00 secs] 
76,371: [GC (Allocation Failure) [PSYoungGen: 97344K->96K(95232K)] 99632K->2384K(270336K), 0,0005324 secs] [Times: user=0,01 sys=0,00, real=0,00 secs] 
76,419: [GC (Allocation Failure) [PSYoungGen: 94816K->96K(92672K)] 97104K->2384K(267776K), 0,0005114 secs] [Times: user=0,00 sys=0,00, real=0,00 secs] 
76,466: [GC (Allocation Failure) [PSYoungGen: 92256K->96K(90112K)] 94544K->2384K(265216K), 0,0005165 secs] [Times: user=0,00 sys=0,00, real=0,00 secs] 
76,512: [GC (Allocation Failure) [PSYoungGen: 89696K->96K(87552K)] 91984K->2384K(262656K), 0,0004921 secs] [Times: user=0,00 sys=0,00, real=0,00 secs] 
76,556: [GC (Allocation Failure) [PSYoungGen: 87136K->64K(85504K)] 89424K->2352K(260608K), 0,0004788 secs] [Times: user=0,00 sys=0,00, real=0,00 secs] 
76,599: [GC (Allocation Failure) [PSYoungGen: 85056K->64K(83456K)] 87344K->2352K(258560K), 0,0004985 secs] [Times: user=0,01 sys=0,00, real=0,00 secs] 
76,643: [GC (Allocation Failure) [PSYoungGen: 83008K->64K(100352K)] 85296K->2352K(275456K), 0,0010591 secs] [Times: user=0,00 sys=0,00, real=0,00 secs] 
76,695: [GC (Allocation Failure) [PSYoungGen: 99904K->64K(120320K)] 102192K->2352K(295424K), 0,0005713 secs] [Times: user=0,00 sys=0,00, real=0,00 secs] 
76,760: [GC (Allocation Failure) [PSYoungGen: 119872K->64K(144384K)] 122160K->2352K(319488K), 0,0004843 secs] [Times: user=0,00 sys=0,00, real=0,00 secs] 
76,832: [GC (Allocation Failure) [PSYoungGen: 143936K->64K(139776K)] 146224K->2352K(314880K), 0,0004984 secs] [Times: user=0,00 sys=0,00, real=0,00 secs] 
76,901: [GC (Allocation Failure) [PSYoungGen: 139328K->96K(135168K)] 141616K->2384K(310272K), 0,0004838 secs] [Times: user=0,00 sys=0,00, real=0,00 secs] 
76,970: [GC (Allocation Failure) [PSYoungGen: 134752K->96K(131072K)] 137040K->2384K(306176K), 0,0005162 secs] [Times: user=0,00 sys=0,00, real=0,00 secs] 
77,036: [GC (Allocation Failure) [PSYoungGen: 130656K->64K(126976K)] 132944K->2352K(302080K), 0,0005011 secs] [Times: user=0,00 sys=0,00, real=0,00 secs] 
77,100: [GC (Allocation Failure) [PSYoungGen: 126528K->64K(122880K)] 128816K->2352K(297984K), 0,0004903 secs] [Times: user=0,00 sys=0,00, real=0,00 secs] 
77,162: [GC (Allocation Failure) [PSYoungGen: 122432K->96K(119296K)] 124720K->2384K(294400K), 0,0004825 secs] [Times: user=0,00 sys=0,00, real=0,00 secs] 
77,222: [GC (Allocation Failure) [PSYoungGen: 118880K->0K(115712K)] 121168K->2288K(290816K), 0,0004807 secs] [Times: user=0,00 sys=0,00, real=0,00 secs] 
77,281: [GC (Allocation Failure) [PSYoungGen: 115200K->96K(112128K)] 117488K->2384K(287232K), 0,0005186 secs] [Times: user=0,00 sys=0,00, real=0,00 secs] 
77,338: [GC (Allocation Failure) [PSYoungGen: 111712K->96K(109056K)] 114000K->2384K(284160K), 0,0004827 secs] [Times: user=0,00 sys=0,00, real=0,00 secs] 
77,392: [GC (Allocation Failure) [PSYoungGen: 108640K->96K(105984K)] 110928K->2384K(281088K), 0,0005115 secs] [Times: user=0,01 sys=0,00, real=0,00 secs] 
77,446: [GC (Allocation Failure) [PSYoungGen: 105568K->96K(102912K)] 107856K->2384K(278016K), 0,0005124 secs] [Times: user=0,00 sys=0,00, real=0,00 secs] 
77,498: [GC (Allocation Failure) [PSYoungGen: 102496K->96K(99840K)] 104784K->2384K(274944K), 0,0005068 secs] [Times: user=0,00 sys=0,00, real=0,01 secs] 
77,549: [GC (Allocation Failure) [PSYoungGen: 99424K->64K(97280K)] 101712K->2352K(272384K), 0,0004861 secs] [Times: user=0,00 sys=0,00, real=0,00 secs] 
77,599: [GC (Allocation Failure) [PSYoungGen: 96832K->96K(94720K)] 99120K->2384K(269824K), 0,0004844 secs] [Times: user=0,00 sys=0,00, real=0,00 secs] 
77,648: [GC (Allocation Failure) [PSYoungGen: 94304K->64K(92160K)] 96592K->2352K(267264K), 0,0004798 secs] [Times: user=0,00 sys=0,00, real=0,00 secs] 
77,694: [GC (Allocation Failure) [PSYoungGen: 91712K->64K(110592K)] 94000K->2352K(285696K), 0,0012140 secs] [Times: user=0,00 sys=0,00, real=0,00 secs] 
77,751: [GC (Allocation Failure) [PSYoungGen: 110144K->96K(132608K)] 112432K->2384K(307712K), 0,0004876 secs] [Times: user=0,00 sys=0,00, real=0,00 secs] 
77,817: [GC (Allocation Failure) [PSYoungGen: 132192K->96K(159232K)] 134480K->2384K(334336K), 0,0005079 secs] [Times: user=0,00 sys=0,00, real=0,00 secs] 
77,897: [GC (Allocation Failure) [PSYoungGen: 158816K->96K(154112K)] 161104K->2384K(329216K), 0,0005051 secs] [Times: user=0,00 sys=0,00, real=0,00 secs] 
77,975: [GC (Allocation Failure) [PSYoungGen: 153696K->96K(148992K)] 155984K->2384K(324096K), 0,0006867 secs] [Times: user=0,00 sys=0,00, real=0,00 secs] 
78,050: [GC (Allocation Failure) [PSYoungGen: 148576K->96K(143872K)] 150864K->2384K(318976K), 0,0005056 secs] [Times: user=0,00 sys=0,00, real=0,00 secs] 
78,123: [GC (Allocation Failure) [PSYoungGen: 143456K->64K(139264K)] 145744K->2352K(314368K), 0,0004910 secs] [Times: user=0,00 sys=0,00, real=0,00 secs] 
78,193: [GC (Allocation Failure) [PSYoungGen: 138816K->96K(134656K)] 141104K->2384K(309760K), 0,0004903 secs] [Times: user=0,00 sys=0,00, real=0,00 secs] 
78,262: [GC (Allocation Failure) [PSYoungGen: 134240K->64K(130560K)] 136528K->2352K(305664K), 0,0005036 secs] [Times: user=0,00 sys=0,00, real=0,00 secs] 
78,328: [GC (Allocation Failure) [PSYoungGen: 130112K->96K(126464K)] 132400K->2384K(301568K), 0,0004882 secs] [Times: user=0,00 sys=0,00, real=0,00 secs] 
78,392: [GC (Allocation Failure) [PSYoungGen: 126048K->64K(122368K)] 128336K->2352K(297472K), 0,0004982 secs] [Times: user=0,00 sys=0,00, real=0,00 secs] 
78,454: [GC (Allocation Failure) [PSYoungGen: 121920K->96K(118784K)] 124208K->2384K(293888K), 0,0005101 secs] [Times: user=0,01 sys=0,00, real=0,00 secs] 
78,514: [GC (Allocation Failure) [PSYoungGen: 118368K->64K(115200K)] 120656K->2352K(290304K), 0,0005185 secs] [Times: user=0,01 sys=0,00, real=0,00 secs] 
78,573: [GC (Allocation Failure) [PSYoungGen: 114752K->64K(111616K)] 117040K->2352K(286720K), 0,0005009 secs] [Times: user=0,00 sys=0,00, real=0,00 secs] 
78,630: [GC (Allocation Failure) [PSYoungGen: 111168K->64K(108544K)] 113456K->2352K(283648K), 0,0004851 secs] [Times: user=0,00 sys=0,00, real=0,00 secs] 
78,684: [GC (Allocation Failure) [PSYoungGen: 108096K->96K(105472K)] 110384K->2384K(280576K), 0,0005768 secs] [Times: user=0,00 sys=0,00, real=0,00 secs] 
78,738: [GC (Allocation Failure) [PSYoungGen: 105056K->96K(102400K)] 107344K->2384K(277504K), 0,0005296 secs] [Times: user=0,00 sys=0,00, real=0,00 secs] 
78,797: [GC (Allocation Failure) [PSYoungGen: 101984K->64K(122880K)] 104272K->2352K(297984K), 0,0047619 secs] [Times: user=0,00 sys=0,00, real=0,01 secs] 
78,879: [GC (Allocation Failure) [PSYoungGen: 122432K->96K(147456K)] 124720K->2384K(322560K), 0,0005367 secs] [Times: user=0,00 sys=0,00, real=0,00 secs] 
78,972: [GC (Allocation Failure) [PSYoungGen: 147040K->96K(177152K)] 149328K->2384K(352256K), 0,0005169 secs] [Times: user=0,00 sys=0,00, real=0,00 secs] 
79,086: [GC (Allocation Failure) [PSYoungGen: 176736K->96K(212480K)] 179024K->2384K(387584K), 0,0005078 secs] [Times: user=0,00 sys=0,00, real=0,00 secs] 
79,203: [GC (Allocation Failure) [PSYoungGen: 212064K->64K(254976K)] 214352K->2352K(430080K), 0,0005089 secs] [Times: user=0,00 sys=0,00, real=0,00 secs] 
79,332: [GC (Allocation Failure) [PSYoungGen: 254528K->96K(245248K)] 256816K->2384K(420352K), 0,0005404 secs] [Times: user=0,01 sys=0,00, real=0,00 secs] 
79,458: [GC (Allocation Failure) [PSYoungGen: 244832K->96K(236032K)] 247120K->2384K(411136K), 0,0006534 secs] [Times: user=0,00 sys=0,00, real=0,00 secs] 
79,580: [GC (Allocation Failure) [PSYoungGen: 235616K->96K(227328K)] 237904K->2384K(402432K), 0,0005190 secs] [Times: user=0,00 sys=0,00, real=0,00 secs] 
79,695: [GC (Allocation Failure) [PSYoungGen: 226912K->96K(218624K)] 229200K->2384K(393728K), 0,0005093 secs] [Times: user=0,00 sys=0,00, real=0,00 secs] 
79,804: [GC (Allocation Failure) [PSYoungGen: 218208K->96K(210432K)] 220496K->2384K(385536K), 0,0005100 secs] [Times: user=0,00 sys=0,00, real=0,00 secs] 
79,911: [GC (Allocation Failure) [PSYoungGen: 210016K->64K(202752K)] 212304K->2352K(377856K), 0,0004831 secs] [Times: user=0,00 sys=0,00, real=0,00 secs] 
80,014: [GC (Allocation Failure) [PSYoungGen: 202304K->96K(195584K)] 204592K->2384K(370688K), 0,0005353 secs] [Times: user=0,00 sys=0,00, real=0,00 secs] 
80,113: [GC (Allocation Failure) [PSYoungGen: 195168K->96K(188416K)] 197456K->2384K(363520K), 0,0005139 secs] [Times: user=0,00 sys=0,00, real=0,00 secs] 
80,209: [GC (Allocation Failure) [PSYoungGen: 188000K->64K(181760K)] 190288K->2352K(356864K), 0,0004971 secs] [Times: user=0,01 sys=0,00, real=0,00 secs] 
80,301: [GC (Allocation Failure) [PSYoungGen: 181312K->64K(175616K)] 183600K->2352K(350720K), 0,0005227 secs] [Times: user=0,00 sys=0,00, real=0,00 secs] 
80,394: [GC (Allocation Failure) [PSYoungGen: 175168K->96K(169472K)] 177456K->2384K(344576K), 0,0010728 secs] [Times: user=0,00 sys=0,00, real=0,00 secs] 
80,481: [GC (Allocation Failure) [PSYoungGen: 169056K->96K(163840K)] 171344K->2408K(338944K), 0,0005436 secs] [Times: user=0,00 sys=0,00, real=0,00 secs] 
80,564: [GC (Allocation Failure) [PSYoungGen: 163424K->96K(158208K)] 165736K->2408K(333312K), 0,0005188 secs] [Times: user=0,00 sys=0,00, real=0,00 secs] 
80,644: [GC (Allocation Failure) [PSYoungGen: 157792K->96K(153088K)] 160104K->2408K(328192K), 0,0005074 secs] [Times: user=0,00 sys=0,00, real=0,00 secs] 
80,721: [GC (Allocation Failure) [PSYoungGen: 152672K->64K(147968K)] 154984K->2376K(323072K), 0,0005060 secs] [Times: user=0,00 sys=0,00, real=0,00 secs] 
80,796: [GC (Allocation Failure) [PSYoungGen: 147520K->32K(143360K)] 149832K->2344K(318464K), 0,0004994 secs] [Times: user=0,00 sys=0,00, real=0,00 secs] 
80,868: [GC (Allocation Failure) [PSYoungGen: 142880K->96K(138752K)] 145192K->2408K(313856K), 0,0004963 secs] [Times: user=0,00 sys=0,00, real=0,00 secs] 
80,938: [GC (Allocation Failure) [PSYoungGen: 138336K->96K(134144K)] 140648K->2408K(309248K), 0,0005210 secs] [Times: user=0,00 sys=0,00, real=0,00 secs] 
81,007: [GC (Allocation Failure) [PSYoungGen: 133728K->96K(130048K)] 136040K->2408K(305152K), 0,0005409 secs] [Times: user=0,00 sys=0,00, real=0,00 secs] 
81,073: [GC (Allocation Failure) [PSYoungGen: 129632K->64K(125952K)] 131944K->2376K(301056K), 0,0005107 secs] [Times: user=0,00 sys=0,00, real=0,00 secs] 
81,136: [GC (Allocation Failure) [PSYoungGen: 125504K->96K(121856K)] 127816K->2408K(296960K), 0,0005056 secs] [Times: user=0,00 sys=0,00, real=0,00 secs] 
81,197: [GC (Allocation Failure) [PSYoungGen: 121440K->96K(118272K)] 123752K->2408K(293376K), 0,0005011 secs] [Times: user=0,00 sys=0,00, real=0,00 secs] 
81,256: [GC (Allocation Failure) [PSYoungGen: 117856K->64K(114688K)] 120168K->2376K(289792K), 0,0005153 secs] [Times: user=0,00 sys=0,00, real=0,00 secs] 
81,314: [GC (Allocation Failure) [PSYoungGen: 114240K->96K(111104K)] 116552K->2408K(286208K), 0,0005273 secs] [Times: user=0,00 sys=0,00, real=0,00 secs] 
81,371: [GC (Allocation Failure) [PSYoungGen: 110688K->32K(108032K)] 113000K->2344K(283136K), 0,0005157 secs] [Times: user=0,00 sys=0,00, real=0,00 secs] 
81,425: [GC (Allocation Failure) [PSYoungGen: 107552K->96K(104960K)] 109864K->2408K(280064K), 0,0005080 secs] [Times: user=0,00 sys=0,00, real=0,00 secs] 
81,479: [GC (Allocation Failure) [PSYoungGen: 104544K->96K(101888K)] 106856K->2408K(276992K), 0,0005181 secs] [Times: user=0,00 sys=0,00, real=0,00 secs] 
81,530: [GC (Allocation Failure) [PSYoungGen: 101472K->96K(98816K)] 103784K->2408K(273920K), 0,0005414 secs] [Times: user=0,00 sys=0,00, real=0,00 secs] 
81,583: [GC (Allocation Failure) [PSYoungGen: 98400K->64K(96256K)] 100712K->2376K(271360K), 0,0004906 secs] [Times: user=0,00 sys=0,00, real=0,00 secs] 
81,632: [GC (Allocation Failure) [PSYoungGen: 95808K->64K(93696K)] 98120K->2376K(268800K), 0,0004945 secs] [Times: user=0,00 sys=0,00, real=0,00 secs] 
81,679: [GC (Allocation Failure) [PSYoungGen: 93248K->64K(91136K)] 95560K->2376K(266240K), 0,0004876 secs] [Times: user=0,00 sys=0,00, real=0,00 secs] 
81,725: [GC (Allocation Failure) [PSYoungGen: 90688K->64K(88576K)] 93000K->2376K(263680K), 0,0005572 secs] [Times: user=0,00 sys=0,00, real=0,00 secs] 
81,770: [GC (Allocation Failure) [PSYoungGen: 88128K->64K(86528K)] 90440K->2376K(261632K), 0,0004990 secs] [Times: user=0,00 sys=0,00, real=0,00 secs] 
81,813: [GC (Allocation Failure) [PSYoungGen: 86080K->64K(84480K)] 88392K->2376K(259584K), 0,0004866 secs] [Times: user=0,00 sys=0,00, real=0,00 secs] 
81,856: [GC (Allocation Failure) [PSYoungGen: 84032K->64K(82432K)] 86344K->2376K(257536K), 0,0004984 secs] [Times: user=0,00 sys=0,00, real=0,00 secs] 
81,898: [GC (Allocation Failure) [PSYoungGen: 81984K->96K(98816K)] 84296K->2408K(273920K), 0,0004823 secs] [Times: user=0,01 sys=0,00, real=0,00 secs] 
81,948: [GC (Allocation Failure) [PSYoungGen: 98400K->64K(96256K)] 100712K->2376K(271360K), 0,0005167 secs] [Times: user=0,00 sys=0,00, real=0,00 secs] 
81,997: [GC (Allocation Failure) [PSYoungGen: 95808K->64K(93696K)] 98120K->2376K(268800K), 0,0005241 secs] [Times: user=0,01 sys=0,00, real=0,00 secs] 
82,044: [GC (Allocation Failure) [PSYoungGen: 93248K->96K(91136K)] 95560K->2408K(266240K), 0,0004924 secs] [Times: user=0,00 sys=0,00, real=0,00 secs] 
82,090: [GC (Allocation Failure) [PSYoungGen: 90720K->96K(88576K)] 93032K->2408K(263680K), 0,0004884 secs] [Times: user=0,00 sys=0,00, real=0,00 secs] 
82,135: [GC (Allocation Failure) [PSYoungGen: 88160K->64K(86528K)] 90472K->2376K(261632K), 0,0004952 secs] [Times: user=0,01 sys=0,00, real=0,00 secs] 
82,179: [GC (Allocation Failure) [PSYoungGen: 86080K->64K(84480K)] 88392K->2376K(259584K), 0,0005040 secs] [Times: user=0,00 sys=0,00, real=0,00 secs] 
82,222: [GC (Allocation Failure) [PSYoungGen: 84032K->96K(101376K)] 86344K->2408K(276480K), 0,0004917 secs] [Times: user=0,00 sys=0,00, real=0,00 secs] 
82,273: [GC (Allocation Failure) [PSYoungGen: 100960K->64K(98816K)] 103272K->2376K(273920K), 0,0005023 secs] [Times: user=0,00 sys=0,00, real=0,00 secs] 
82,323: [GC (Allocation Failure) [PSYoungGen: 98368K->64K(96256K)] 100680K->2376K(271360K), 0,0004800 secs] [Times: user=0,00 sys=0,00, real=0,00 secs] 
82,371: [GC (Allocation Failure) [PSYoungGen: 95808K->96K(93696K)] 98120K->2408K(268800K), 0,0005004 secs] [Times: user=0,00 sys=0,00, real=0,00 secs] 
82,419: [GC (Allocation Failure) [PSYoungGen: 93280K->96K(91136K)] 95592K->2408K(266240K), 0,0005110 secs] [Times: user=0,00 sys=0,00, real=0,00 secs] 
82,465: [GC (Allocation Failure) [PSYoungGen: 90720K->64K(88576K)] 93032K->2376K(263680K), 0,0005137 secs] [Times: user=0,00 sys=0,00, real=0,00 secs] 
82,510: [GC (Allocation Failure) [PSYoungGen: 88128K->64K(86528K)] 90440K->2376K(261632K), 0,0005061 secs] [Times: user=0,00 sys=0,00, real=0,00 secs] 
82,553: [GC (Allocation Failure) [PSYoungGen: 86080K->96K(84480K)] 88392K->2408K(259584K), 0,0005122 secs] [Times: user=0,00 sys=0,00, real=0,00 secs] 
82,597: [GC (Allocation Failure) [PSYoungGen: 84064K->96K(101376K)] 86376K->2408K(276480K), 0,0005072 secs] [Times: user=0,00 sys=0,00, real=0,00 secs] 
82,648: [GC (Allocation Failure) [PSYoungGen: 100960K->96K(98816K)] 103272K->2408K(273920K), 0,0004979 secs] [Times: user=0,00 sys=0,00, real=0,01 secs] 
82,698: [GC (Allocation Failure) [PSYoungGen: 98400K->96K(96256K)] 100712K->2408K(271360K), 0,0005003 secs] [Times: user=0,00 sys=0,00, real=0,01 secs] 
82,746: [GC (Allocation Failure) [PSYoungGen: 95840K->64K(93696K)] 98152K->2376K(268800K), 0,0004935 secs] [Times: user=0,00 sys=0,00, real=0,00 secs] 
82,794: [GC (Allocation Failure) [PSYoungGen: 93248K->64K(91136K)] 95560K->2376K(266240K), 0,0004817 secs] [Times: user=0,00 sys=0,00, real=0,00 secs] 
82,839: [GC (Allocation Failure) [PSYoungGen: 90688K->64K(88576K)] 93000K->2376K(263680K), 0,0004971 secs] [Times: user=0,00 sys=0,00, real=0,00 secs] 
82,884: [GC (Allocation Failure) [PSYoungGen: 88128K->96K(86528K)] 90440K->2408K(261632K), 0,0005320 secs] [Times: user=0,00 sys=0,00, real=0,00 secs] 
82,928: [GC (Allocation Failure) [PSYoungGen: 86112K->32K(84480K)] 88424K->2344K(259584K), 0,0004952 secs] [Times: user=0,00 sys=0,00, real=0,01 secs] 
82,972: [GC (Allocation Failure) [PSYoungGen: 84000K->64K(101376K)] 86312K->2376K(276480K), 0,0005360 secs] [Times: user=0,00 sys=0,00, real=0,00 secs] 
83,024: [GC (Allocation Failure) [PSYoungGen: 100928K->32K(98816K)] 103240K->2344K(273920K), 0,0005276 secs] [Times: user=0,00 sys=0,00, real=0,00 secs] 
83,075: [GC (Allocation Failure) [PSYoungGen: 98336K->32K(96256K)] 100648K->2344K(271360K), 0,0005045 secs] [Times: user=0,00 sys=0,00, real=0,00 secs] 
83,123: [GC (Allocation Failure) [PSYoungGen: 95776K->96K(93696K)] 98088K->2408K(268800K), 0,0005012 secs] [Times: user=0,00 sys=0,00, real=0,00 secs] 
83,171: [GC (Allocation Failure) [PSYoungGen: 93280K->64K(91136K)] 95592K->2376K(266240K), 0,0005077 secs] [Times: user=0,00 sys=0,00, real=0,00 secs] 
83,217: [GC (Allocation Failure) [PSYoungGen: 90688K->64K(88576K)] 93000K->2376K(263680K), 0,0004893 secs] [Times: user=0,00 sys=0,00, real=0,00 secs] 
83,261: [GC (Allocation Failure) [PSYoungGen: 88128K->96K(86528K)] 90440K->2408K(261632K), 0,0005065 secs] [Times: user=0,00 sys=0,00, real=0,00 secs] 
83,305: [GC (Allocation Failure) [PSYoungGen: 86112K->96K(84480K)] 88424K->2408K(259584K), 0,0004766 secs] [Times: user=0,00 sys=0,00, real=0,00 secs] 
83,347: [GC (Allocation Failure) [PSYoungGen: 84064K->64K(82432K)] 86376K->2376K(257536K), 0,0004864 secs] [Times: user=0,00 sys=0,00, real=0,00 secs] 
83,389: [GC (Allocation Failure) [PSYoungGen: 81984K->96K(98816K)] 84296K->2408K(273920K), 0,0005064 secs] [Times: user=0,00 sys=0,00, real=0,00 secs] 
83,441: [GC (Allocation Failure) [PSYoungGen: 98400K->96K(96256K)] 100712K->2408K(271360K), 0,0005087 secs] [Times: user=0,00 sys=0,00, real=0,00 secs] 
83,490: [GC (Allocation Failure) [PSYoungGen: 95840K->96K(93696K)] 98152K->2408K(268800K), 0,0005040 secs] [Times: user=0,00 sys=0,00, real=0,00 secs] 
83,537: [GC (Allocation Failure) [PSYoungGen: 93280K->32K(91136K)] 95592K->2344K(266240K), 0,0004848 secs] [Times: user=0,00 sys=0,00, real=0,00 secs] 
83,583: [GC (Allocation Failure) [PSYoungGen: 90656K->32K(88576K)] 92968K->2344K(263680K), 0,0004939 secs] [Times: user=0,00 sys=0,00, real=0,00 secs] 
83,628: [GC (Allocation Failure) [PSYoungGen: 88096K->96K(86528K)] 90408K->2408K(261632K), 0,0004651 secs] [Times: user=0,00 sys=0,00, real=0,01 secs] 
83,672: [GC (Allocation Failure) [PSYoungGen: 86112K->96K(84480K)] 88424K->2408K(259584K), 0,0004848 secs] [Times: user=0,00 sys=0,00, real=0,00 secs] 
83,715: [GC (Allocation Failure) [PSYoungGen: 84064K->96K(82432K)] 86376K->2408K(257536K), 0,0004740 secs] [Times: user=0,00 sys=0,00, real=0,00 secs] 
83,756: [GC (Allocation Failure) [PSYoungGen: 82016K->96K(98816K)] 84328K->2408K(273920K), 0,0005152 secs] [Times: user=0,00 sys=0,00, real=0,00 secs] 
83,806: [GC (Allocation Failure) [PSYoungGen: 98400K->96K(96256K)] 100712K->2408K(271360K), 0,0004988 secs] [Times: user=0,00 sys=0,00, real=0,00 secs] 
83,854: [GC (Allocation Failure) [PSYoungGen: 95840K->96K(93696K)] 98152K->2408K(268800K), 0,0004882 secs] [Times: user=0,00 sys=0,00, real=0,00 secs] 
83,902: [GC (Allocation Failure) [PSYoungGen: 93280K->96K(91136K)] 95592K->2408K(266240K), 0,0005130 secs] [Times: user=0,00 sys=0,00, real=0,00 secs] 
83,948: [GC (Allocation Failure) [PSYoungGen: 90720K->32K(88576K)] 93032K->2344K(263680K), 0,0004971 secs] [Times: user=0,01 sys=0,00, real=0,01 secs] 
83,993: [GC (Allocation Failure) [PSYoungGen: 88096K->64K(86528K)] 90408K->2376K(261632K), 0,0005058 secs] [Times: user=0,00 sys=0,00, real=0,00 secs] 
84,037: [GC (Allocation Failure) [PSYoungGen: 86080K->96K(84480K)] 88392K->2408K(259584K), 0,0004595 secs] [Times: user=0,01 sys=0,00, real=0,00 secs] 
84,080: [GC (Allocation Failure) [PSYoungGen: 84064K->96K(82432K)] 86376K->2408K(257536K), 0,0004820 secs] [Times: user=0,00 sys=0,00, real=0,00 secs] 
84,122: [GC (Allocation Failure) [PSYoungGen: 82016K->96K(98816K)] 84328K->2408K(273920K), 0,0004872 secs] [Times: user=0,00 sys=0,00, real=0,00 secs] 
84,171: [GC (Allocation Failure) [PSYoungGen: 98400K->32K(96256K)] 100712K->2344K(271360K), 0,0004805 secs] [Times: user=0,00 sys=0,00, real=0,00 secs] 
84,220: [GC (Allocation Failure) [PSYoungGen: 95776K->64K(93696K)] 98088K->2376K(268800K), 0,0004745 secs] [Times: user=0,00 sys=0,00, real=0,00 secs] 
84,269: [GC (Allocation Failure) [PSYoungGen: 93248K->96K(91136K)] 95560K->2408K(266240K), 0,0005354 secs] [Times: user=0,00 sys=0,00, real=0,00 secs] 
84,315: [GC (Allocation Failure) [PSYoungGen: 90720K->32K(88576K)] 93032K->2344K(263680K), 0,0004618 secs] [Times: user=0,01 sys=0,00, real=0,00 secs] 
84,361: [GC (Allocation Failure) [PSYoungGen: 88096K->96K(86528K)] 90408K->2408K(261632K), 0,0005121 secs] [Times: user=0,00 sys=0,00, real=0,00 secs] 
84,404: [GC (Allocation Failure) [PSYoungGen: 86112K->96K(84480K)] 88424K->2408K(259584K), 0,0004983 secs] [Times: user=0,00 sys=0,00, real=0,00 secs] 
84,448: [GC (Allocation Failure) [PSYoungGen: 84064K->96K(101376K)] 86376K->2408K(276480K), 0,0005988 secs] [Times: user=0,00 sys=0,00, real=0,00 secs] 
84,500: [GC (Allocation Failure) [PSYoungGen: 100960K->96K(121856K)] 103272K->2408K(296960K), 0,0005180 secs] [Times: user=0,00 sys=0,00, real=0,00 secs] 
84,561: [GC (Allocation Failure) [PSYoungGen: 121440K->32K(118272K)] 123752K->2344K(293376K), 0,0004952 secs] [Times: user=0,00 sys=0,00, real=0,00 secs] 
84,621: [GC (Allocation Failure) [PSYoungGen: 117792K->96K(114688K)] 120104K->2408K(289792K), 0,0005105 secs] [Times: user=0,00 sys=0,00, real=0,00 secs] 
84,679: [GC (Allocation Failure) [PSYoungGen: 114272K->64K(111104K)] 116584K->2376K(286208K), 0,0005049 secs] [Times: user=0,00 sys=0,00, real=0,00 secs] 
84,735: [GC (Allocation Failure) [PSYoungGen: 110656K->64K(108032K)] 112968K->2376K(283136K), 0,0004966 secs] [Times: user=0,00 sys=0,00, real=0,00 secs] 
84,790: [GC (Allocation Failure) [PSYoungGen: 107584K->64K(104960K)] 109896K->2376K(280064K), 0,0004843 secs] [Times: user=0,01 sys=0,00, real=0,00 secs] 
84,842: [GC (Allocation Failure) [PSYoungGen: 104512K->64K(101888K)] 106824K->2376K(276992K), 0,0004868 secs] [Times: user=0,00 sys=0,00, real=0,00 secs] 
84,895: [GC (Allocation Failure) [PSYoungGen: 101440K->64K(98816K)] 103752K->2384K(273920K), 0,0005386 secs] [Times: user=0,00 sys=0,00, real=0,00 secs] 
84,946: [GC (Allocation Failure) [PSYoungGen: 98368K->96K(96256K)] 100688K->2416K(271360K), 0,0005153 secs] [Times: user=0,00 sys=0,00, real=0,00 secs] 
84,994: [GC (Allocation Failure) [PSYoungGen: 95840K->96K(93696K)] 98160K->2416K(268800K), 0,0005191 secs] [Times: user=0,00 sys=0,00, real=0,00 secs] 
85,042: [GC (Allocation Failure) [PSYoungGen: 93280K->64K(91136K)] 95600K->2384K(266240K), 0,0004866 secs] [Times: user=0,00 sys=0,00, real=0,00 secs] 
85,089: [GC (Allocation Failure) [PSYoungGen: 90688K->96K(88576K)] 93008K->2416K(263680K), 0,0004810 secs] [Times: user=0,00 sys=0,00, real=0,00 secs] 
85,134: [GC (Allocation Failure) [PSYoungGen: 88160K->96K(86528K)] 90480K->2416K(261632K), 0,0004846 secs] [Times: user=0,00 sys=0,00, real=0,00 secs] 
85,177: [GC (Allocation Failure) [PSYoungGen: 86112K->64K(84480K)] 88432K->2384K(259584K), 0,0004721 secs] [Times: user=0,00 sys=0,00, real=0,00 secs] 
85,220: [GC (Allocation Failure) [PSYoungGen: 84032K->64K(82432K)] 86352K->2384K(257536K), 0,0004781 secs] [Times: user=0,00 sys=0,00, real=0,00 secs] 
85,262: [GC (Allocation Failure) [PSYoungGen: 81984K->96K(80384K)] 84304K->2416K(255488K), 0,0004918 secs] [Times: user=0,00 sys=0,00, real=0,00 secs] 
85,303: [GC (Allocation Failure) [PSYoungGen: 79968K->64K(96768K)] 82288K->2384K(271872K), 0,0004662 secs] [Times: user=0,00 sys=0,01, real=0,00 secs] 
85,352: [GC (Allocation Failure) [PSYoungGen: 96320K->64K(94208K)] 98640K->2384K(269312K), 0,0004787 secs] [Times: user=0,00 sys=0,00, real=0,00 secs] 
85,399: [GC (Allocation Failure) [PSYoungGen: 93760K->96K(91648K)] 96080K->2416K(266752K), 0,0005253 secs] [Times: user=0,00 sys=0,00, real=0,00 secs] 
85,446: [GC (Allocation Failure) [PSYoungGen: 91232K->96K(89088K)] 93552K->2416K(264192K), 0,0005080 secs] [Times: user=0,00 sys=0,00, real=0,00 secs] 
85,491: [GC (Allocation Failure) [PSYoungGen: 88672K->96K(87040K)] 90992K->2416K(262144K), 0,0005052 secs] [Times: user=0,00 sys=0,00, real=0,00 secs] 
85,535: [GC (Allocation Failure) [PSYoungGen: 86624K->32K(84992K)] 88944K->2352K(260096K), 0,0004911 secs] [Times: user=0,00 sys=0,00, real=0,00 secs] 
85,578: [GC (Allocation Failure) [PSYoungGen: 84512K->64K(82944K)] 86832K->2384K(258048K), 0,0004661 secs] [Times: user=0,00 sys=0,00, real=0,00 secs] 
85,620: [GC (Allocation Failure) [PSYoungGen: 82496K->64K(99840K)] 84816K->2384K(274944K), 0,0004808 secs] [Times: user=0,00 sys=0,00, real=0,00 secs] 
85,671: [GC (Allocation Failure) [PSYoungGen: 99392K->64K(97280K)] 101712K->2384K(272384K), 0,0004858 secs] [Times: user=0,00 sys=0,00, real=0,00 secs] 
85,720: [GC (Allocation Failure) [PSYoungGen: 96832K->96K(94720K)] 99152K->2416K(269824K), 0,0004644 secs] [Times: user=0,00 sys=0,00, real=0,00 secs] 
85,767: [GC (Allocation Failure) [PSYoungGen: 94304K->96K(92160K)] 96624K->2416K(267264K), 0,0004992 secs] [Times: user=0,00 sys=0,00, real=0,00 secs] 
85,814: [GC (Allocation Failure) [PSYoungGen: 91744K->96K(89600K)] 94064K->2416K(264704K), 0,0004977 secs] [Times: user=0,00 sys=0,00, real=0,00 secs] 
85,859: [GC (Allocation Failure) [PSYoungGen: 89184K->32K(87040K)] 91504K->2352K(262144K), 0,0005280 secs] [Times: user=0,00 sys=0,00, real=0,00 secs] 
85,903: [GC (Allocation Failure) [PSYoungGen: 86560K->32K(84992K)] 88880K->2352K(260096K), 0,0004539 secs] [Times: user=0,00 sys=0,00, real=0,00 secs] 
85,946: [GC (Allocation Failure) [PSYoungGen: 84512K->96K(82944K)] 86832K->2416K(258048K), 0,0005052 secs] [Times: user=0,00 sys=0,00, real=0,00 secs] 
85,988: [GC (Allocation Failure) [PSYoungGen: 82528K->96K(99840K)] 84848K->2416K(274944K), 0,0005099 secs] [Times: user=0,01 sys=0,00, real=0,01 secs] 
86,038: [GC (Allocation Failure) [PSYoungGen: 99424K->96K(97280K)] 101744K->2416K(272384K), 0,0004753 secs] [Times: user=0,01 sys=0,00, real=0,01 secs] 
86,087: [GC (Allocation Failure) [PSYoungGen: 96864K->96K(94720K)] 99184K->2416K(269824K), 0,0004896 secs] [Times: user=0,01 sys=0,00, real=0,00 secs] 
86,135: [GC (Allocation Failure) [PSYoungGen: 94304K->64K(92160K)] 96624K->2384K(267264K), 0,0004802 secs] [Times: user=0,00 sys=0,00, real=0,00 secs] 
86,183: [GC (Allocation Failure) [PSYoungGen: 91712K->96K(89600K)] 94032K->2416K(264704K), 0,0004991 secs] [Times: user=0,00 sys=0,00, real=0,00 secs] 
86,229: [GC (Allocation Failure) [PSYoungGen: 89184K->0K(87040K)] 91504K->2320K(262144K), 0,0004696 secs] [Times: user=0,00 sys=0,00, real=0,00 secs] 
86,273: [GC (Allocation Failure) [PSYoungGen: 86528K->96K(84992K)] 88848K->2416K(260096K), 0,0005142 secs] [Times: user=0,00 sys=0,00, real=0,00 secs] 
86,316: [GC (Allocation Failure) [PSYoungGen: 84576K->96K(82944K)] 86896K->2416K(258048K), 0,0004771 secs] [Times: user=0,01 sys=0,00, real=0,00 secs] 
86,357: [GC (Allocation Failure) [PSYoungGen: 82528K->64K(99840K)] 84848K->2384K(274944K), 0,0004716 secs] [Times: user=0,00 sys=0,00, real=0,00 secs] 
86,407: [GC (Allocation Failure) [PSYoungGen: 99392K->64K(97280K)] 101712K->2384K(272384K), 0,0004929 secs] [Times: user=0,00 sys=0,00, real=0,00 secs] 
86,457: [GC (Allocation Failure) [PSYoungGen: 96832K->96K(94720K)] 99152K->2416K(269824K), 0,0005180 secs] [Times: user=0,00 sys=0,00, real=0,00 secs] 
86,505: [GC (Allocation Failure) [PSYoungGen: 94304K->96K(92160K)] 96624K->2416K(267264K), 0,0005454 secs] [Times: user=0,00 sys=0,00, real=0,00 secs] 
86,556: [GC (Allocation Failure) [PSYoungGen: 91744K->96K(89600K)] 94064K->2416K(264704K), 0,0004998 secs] [Times: user=0,00 sys=0,00, real=0,00 secs] 
86,602: [GC (Allocation Failure) [PSYoungGen: 89184K->64K(87040K)] 91504K->2384K(262144K), 0,0004722 secs] [Times: user=0,00 sys=0,00, real=0,00 secs] 
86,646: [GC (Allocation Failure) [PSYoungGen: 86592K->32K(84992K)] 88912K->2352K(260096K), 0,0004826 secs] [Times: user=0,00 sys=0,00, real=0,00 secs] 
86,689: [GC (Allocation Failure) [PSYoungGen: 84512K->96K(82944K)] 86832K->2416K(258048K), 0,0004792 secs] [Times: user=0,00 sys=0,00, real=0,00 secs] 
86,731: [GC (Allocation Failure) [PSYoungGen: 82528K->64K(80896K)] 84848K->2384K(256000K), 0,0004742 secs] [Times: user=0,01 sys=0,00, real=0,00 secs] 
86,772: [GC (Allocation Failure) [PSYoungGen: 80448K->96K(97280K)] 82768K->2416K(272384K), 0,0004806 secs] [Times: user=0,00 sys=0,00, real=0,00 secs] 
86,824: [GC (Allocation Failure) [PSYoungGen: 96864K->64K(94720K)] 99184K->2384K(269824K), 0,0004664 secs] [Times: user=0,00 sys=0,00, real=0,00 secs] 
86,871: [GC (Allocation Failure) [PSYoungGen: 94272K->96K(92160K)] 96592K->2416K(267264K), 0,0004744 secs] [Times: user=0,00 sys=0,00, real=0,00 secs] 
86,917: [GC (Allocation Failure) [PSYoungGen: 91744K->96K(89600K)] 94064K->2416K(264704K), 0,0004807 secs] [Times: user=0,00 sys=0,00, real=0,00 secs] 
86,965: [GC (Allocation Failure) [PSYoungGen: 89184K->96K(87040K)] 91504K->2416K(262144K), 0,0005108 secs] [Times: user=0,00 sys=0,00, real=0,00 secs] 
87,009: [GC (Allocation Failure) [PSYoungGen: 86624K->96K(84992K)] 88944K->2416K(260096K), 0,0004925 secs] [Times: user=0,00 sys=0,00, real=0,00 secs] 
87,053: [GC (Allocation Failure) [PSYoungGen: 84576K->96K(82944K)] 86896K->2416K(258048K), 0,0004818 secs] [Times: user=0,00 sys=0,00, real=0,00 secs] 
87,096: [GC (Allocation Failure) [PSYoungGen: 82528K->64K(80896K)] 84848K->2384K(256000K), 0,0004691 secs] [Times: user=0,00 sys=0,00, real=0,00 secs] 
87,136: [GC (Allocation Failure) [PSYoungGen: 80448K->96K(97280K)] 82768K->2416K(272384K), 0,0004802 secs] [Times: user=0,01 sys=0,00, real=0,00 secs] 
87,186: [GC (Allocation Failure) [PSYoungGen: 96864K->64K(94720K)] 99184K->2384K(269824K), 0,0004687 secs] [Times: user=0,01 sys=0,00, real=0,00 secs] 
87,235: [GC (Allocation Failure) [PSYoungGen: 94272K->96K(92160K)] 96592K->2416K(267264K), 0,0005038 secs] [Times: user=0,01 sys=0,00, real=0,00 secs] 
87,282: [GC (Allocation Failure) [PSYoungGen: 91744K->64K(89600K)] 94064K->2384K(264704K), 0,0005003 secs] [Times: user=0,00 sys=0,00, real=0,00 secs] 
87,327: [GC (Allocation Failure) [PSYoungGen: 89152K->64K(87040K)] 91472K->2384K(262144K), 0,0004701 secs] [Times: user=0,00 sys=0,00, real=0,00 secs] 
87,371: [GC (Allocation Failure) [PSYoungGen: 86592K->96K(84992K)] 88912K->2416K(260096K), 0,0004951 secs] [Times: user=0,00 sys=0,00, real=0,00 secs] 
87,414: [GC (Allocation Failure) [PSYoungGen: 84576K->96K(82944K)] 86896K->2416K(258048K), 0,0004742 secs] [Times: user=0,01 sys=0,00, real=0,00 secs] 
87,456: [GC (Allocation Failure) [PSYoungGen: 82528K->96K(99840K)] 84848K->2416K(274944K), 0,0004951 secs] [Times: user=0,00 sys=0,00, real=0,00 secs] 
87,507: [GC (Allocation Failure) [PSYoungGen: 99424K->96K(97280K)] 101744K->2416K(272384K), 0,0005171 secs] [Times: user=0,00 sys=0,00, real=0,00 secs] 
87,556: [GC (Allocation Failure) [PSYoungGen: 96864K->64K(94720K)] 99184K->2384K(269824K), 0,0004692 secs] [Times: user=0,00 sys=0,00, real=0,00 secs] 
87,604: [GC (Allocation Failure) [PSYoungGen: 94272K->32K(92160K)] 96592K->2352K(267264K), 0,0004764 secs] [Times: user=0,00 sys=0,00, real=0,00 secs] 
87,650: [GC (Allocation Failure) [PSYoungGen: 91680K->64K(89600K)] 94000K->2384K(264704K), 0,0004800 secs] [Times: user=0,00 sys=0,00, real=0,00 secs] 
87,696: [GC (Allocation Failure) [PSYoungGen: 89152K->96K(87040K)] 91472K->2416K(262144K), 0,0004674 secs] [Times: user=0,00 sys=0,00, real=0,00 secs] 
87,740: [GC (Allocation Failure) [PSYoungGen: 86624K->96K(84992K)] 88944K->2416K(260096K), 0,0004699 secs] [Times: user=0,01 sys=0,00, real=0,00 secs] 
87,783: [GC (Allocation Failure) [PSYoungGen: 84576K->64K(82944K)] 86896K->2384K(258048K), 0,0004916 secs] [Times: user=0,00 sys=0,00, real=0,00 secs] 
87,825: [GC (Allocation Failure) [PSYoungGen: 82496K->64K(99840K)] 84816K->2384K(274944K), 0,0004700 secs] [Times: user=0,00 sys=0,00, real=0,00 secs] 
87,874: [GC (Allocation Failure) [PSYoungGen: 99392K->96K(97280K)] 101712K->2416K(272384K), 0,0004556 secs] [Times: user=0,00 sys=0,00, real=0,00 secs] 
87,924: [GC (Allocation Failure) [PSYoungGen: 96864K->96K(94720K)] 99184K->2416K(269824K), 0,0005190 secs] [Times: user=0,00 sys=0,00, real=0,00 secs] 
87,971: [GC (Allocation Failure) [PSYoungGen: 94304K->96K(92160K)] 96624K->2416K(267264K), 0,0005170 secs] [Times: user=0,00 sys=0,00, real=0,00 secs] 
88,018: [GC (Allocation Failure) [PSYoungGen: 91744K->64K(89600K)] 94064K->2384K(264704K), 0,0005029 secs] [Times: user=0,01 sys=0,00, real=0,00 secs] 
88,063: [GC (Allocation Failure) [PSYoungGen: 89152K->64K(87040K)] 91472K->2384K(262144K), 0,0004794 secs] [Times: user=0,00 sys=0,00, real=0,00 secs] 
88,106: [GC (Allocation Failure) [PSYoungGen: 86592K->64K(84992K)] 88912K->2384K(260096K), 0,0004740 secs] [Times: user=0,01 sys=0,01, real=0,00 secs] 
88,149: [GC (Allocation Failure) [PSYoungGen: 84544K->64K(82944K)] 86864K->2384K(258048K), 0,0004754 secs] [Times: user=0,00 sys=0,00, real=0,00 secs] 
88,191: [GC (Allocation Failure) [PSYoungGen: 82496K->96K(99840K)] 84816K->2416K(274944K), 0,0004713 secs] [Times: user=0,00 sys=0,00, real=0,00 secs] 
88,242: [GC (Allocation Failure) [PSYoungGen: 99424K->64K(97280K)] 101744K->2384K(272384K), 0,0004578 secs] [Times: user=0,00 sys=0,00, real=0,00 secs] 
88,292: [GC (Allocation Failure) [PSYoungGen: 96832K->64K(94720K)] 99152K->2384K(269824K), 0,0004927 secs] [Times: user=0,00 sys=0,00, real=0,00 secs] 
88,340: [GC (Allocation Failure) [PSYoungGen: 94272K->64K(92160K)] 96592K->2384K(267264K), 0,0004742 secs] [Times: user=0,00 sys=0,00, real=0,00 secs] 
88,386: [GC (Allocation Failure) [PSYoungGen: 91712K->96K(89600K)] 94032K->2416K(264704K), 0,0005049 secs] [Times: user=0,00 sys=0,00, real=0,00 secs] 
88,432: [GC (Allocation Failure) [PSYoungGen: 89184K->64K(87040K)] 91504K->2384K(262144K), 0,0005234 secs] [Times: user=0,00 sys=0,00, real=0,00 secs] 
88,477: [GC (Allocation Failure) [PSYoungGen: 86592K->32K(104448K)] 88912K->2352K(279552K), 0,0005484 secs] [Times: user=0,00 sys=0,00, real=0,00 secs] 
88,529: [GC (Allocation Failure) [PSYoungGen: 103968K->96K(101376K)] 106288K->2416K(276480K), 0,0005105 secs] [Times: user=0,00 sys=0,00, real=0,00 secs] 
88,582: [GC (Allocation Failure) [PSYoungGen: 100960K->64K(98816K)] 103280K->2384K(273920K), 0,0004737 secs] [Times: user=0,01 sys=0,00, real=0,00 secs] 
88,631: [GC (Allocation Failure) [PSYoungGen: 98368K->64K(96256K)] 100688K->2384K(271360K), 0,0004747 secs] [Times: user=0,01 sys=0,00, real=0,00 secs] 
88,680: [GC (Allocation Failure) [PSYoungGen: 95808K->96K(93696K)] 98128K->2416K(268800K), 0,0004795 secs] [Times: user=0,00 sys=0,00, real=0,00 secs] 
88,727: [GC (Allocation Failure) [PSYoungGen: 93280K->96K(91136K)] 95600K->2416K(266240K), 0,0004741 secs] [Times: user=0,00 sys=0,00, real=0,00 secs] 
88,773: [GC (Allocation Failure) [PSYoungGen: 90720K->96K(88576K)] 93040K->2416K(263680K), 0,0004947 secs] [Times: user=0,00 sys=0,00, real=0,00 secs] 
88,817: [GC (Allocation Failure) [PSYoungGen: 88160K->64K(86528K)] 90480K->2384K(261632K), 0,0004762 secs] [Times: user=0,00 sys=0,00, real=0,00 secs] 
88,862: [GC (Allocation Failure) [PSYoungGen: 86080K->96K(84480K)] 88400K->2416K(259584K), 0,0004544 secs] [Times: user=0,00 sys=0,00, real=0,00 secs] 
88,904: [GC (Allocation Failure) [PSYoungGen: 84064K->64K(82432K)] 86384K->2384K(257536K), 0,0004770 secs] [Times: user=0,00 sys=0,00, real=0,00 secs] 
88,946: [GC (Allocation Failure) [PSYoungGen: 81984K->64K(98816K)] 84304K->2384K(273920K), 0,0005088 secs] [Times: user=0,00 sys=0,00, real=0,00 secs] 
88,996: [GC (Allocation Failure) [PSYoungGen: 98368K->96K(96256K)] 100688K->2416K(271360K), 0,0005008 secs] [Times: user=0,00 sys=0,00, real=0,00 secs] 
89,045: [GC (Allocation Failure) [PSYoungGen: 95840K->64K(93696K)] 98160K->2384K(268800K), 0,0004767 secs] [Times: user=0,00 sys=0,00, real=0,00 secs] 
89,093: [GC (Allocation Failure) [PSYoungGen: 93248K->64K(91136K)] 95568K->2384K(266240K), 0,0004870 secs] [Times: user=0,00 sys=0,00, real=0,00 secs] 
89,139: [GC (Allocation Failure) [PSYoungGen: 90688K->96K(88576K)] 93008K->2416K(263680K), 0,0004792 secs] [Times: user=0,00 sys=0,00, real=0,00 secs] 
89,183: [GC (Allocation Failure) [PSYoungGen: 88160K->64K(86528K)] 90480K->2384K(261632K), 0,0004714 secs] [Times: user=0,00 sys=0,00, real=0,00 secs] 
89,227: [GC (Allocation Failure) [PSYoungGen: 86080K->96K(84480K)] 88400K->2416K(259584K), 0,0004547 secs] [Times: user=0,00 sys=0,00, real=0,00 secs] 
89,270: [GC (Allocation Failure) [PSYoungGen: 84064K->64K(82432K)] 86384K->2384K(257536K), 0,0004985 secs] [Times: user=0,00 sys=0,00, real=0,00 secs] 
89,311: [GC (Allocation Failure) [PSYoungGen: 81984K->64K(98816K)] 84304K->2384K(273920K), 0,0004610 secs] [Times: user=0,00 sys=0,00, real=0,00 secs] 
89,361: [GC (Allocation Failure) [PSYoungGen: 98368K->96K(96256K)] 100688K->2416K(271360K), 0,0004659 secs] [Times: user=0,00 sys=0,00, real=0,00 secs] 
89,410: [GC (Allocation Failure) [PSYoungGen: 95840K->96K(93696K)] 98160K->2416K(268800K), 0,0005157 secs] [Times: user=0,00 sys=0,00, real=0,00 secs] 
89,458: [GC (Allocation Failure) [PSYoungGen: 93280K->96K(91136K)] 95600K->2416K(266240K), 0,0005144 secs] [Times: user=0,00 sys=0,00, real=0,01 secs] 
89,504: [GC (Allocation Failure) [PSYoungGen: 90720K->32K(88576K)] 93040K->2352K(263680K), 0,0005005 secs] [Times: user=0,00 sys=0,00, real=0,00 secs] 
89,549: [GC (Allocation Failure) [PSYoungGen: 88096K->96K(86528K)] 90416K->2416K(261632K), 0,0004946 secs] [Times: user=0,00 sys=0,00, real=0,00 secs] 
89,593: [GC (Allocation Failure) [PSYoungGen: 86112K->96K(84480K)] 88432K->2416K(259584K), 0,0004944 secs] [Times: user=0,00 sys=0,00, real=0,00 secs] 
89,636: [GC (Allocation Failure) [PSYoungGen: 84064K->96K(101376K)] 86384K->2416K(276480K), 0,0004785 secs] [Times: user=0,00 sys=0,00, real=0,00 secs] 
89,687: [GC (Allocation Failure) [PSYoungGen: 100960K->96K(98816K)] 103280K->2416K(273920K), 0,0005258 secs] [Times: user=0,00 sys=0,00, real=0,00 secs] 
89,737: [GC (Allocation Failure) [PSYoungGen: 98400K->96K(96256K)] 100720K->2416K(271360K), 0,0004755 secs] [Times: user=0,00 sys=0,00, real=0,00 secs] 
89,786: [GC (Allocation Failure) [PSYoungGen: 95840K->96K(93696K)] 98160K->2416K(268800K), 0,0004882 secs] [Times: user=0,00 sys=0,00, real=0,00 secs] 
89,833: [GC (Allocation Failure) [PSYoungGen: 93280K->32K(91136K)] 95600K->2352K(266240K), 0,0004783 secs] [Times: user=0,00 sys=0,00, real=0,00 secs] 
89,879: [GC (Allocation Failure) [PSYoungGen: 90656K->96K(88576K)] 92976K->2416K(263680K), 0,0004637 secs] [Times: user=0,01 sys=0,00, real=0,00 secs] 
89,923: [GC (Allocation Failure) [PSYoungGen: 88160K->64K(86528K)] 90480K->2384K(261632K), 0,0004572 secs] [Times: user=0,00 sys=0,00, real=0,00 secs] 
89,968: [GC (Allocation Failure) [PSYoungGen: 86080K->96K(84480K)] 88400K->2416K(259584K), 0,0005131 secs] [Times: user=0,01 sys=0,00, real=0,00 secs] 
90,011: [GC (Allocation Failure) [PSYoungGen: 84064K->96K(101376K)] 86384K->2416K(276480K), 0,0005108 secs] [Times: user=0,00 sys=0,00, real=0,00 secs] 
90,062: [GC (Allocation Failure) [PSYoungGen: 100960K->96K(98816K)] 103280K->2416K(273920K), 0,0004968 secs] [Times: user=0,00 sys=0,00, real=0,00 secs] 
90,112: [GC (Allocation Failure) [PSYoungGen: 98400K->128K(96256K)] 100720K->2448K(271360K), 0,0004812 secs] [Times: user=0,00 sys=0,00, real=0,00 secs] 
90,160: [GC (Allocation Failure) [PSYoungGen: 95872K->96K(93696K)] 98192K->2416K(268800K), 0,0005013 secs] [Times: user=0,00 sys=0,00, real=0,00 secs] 
90,207: [GC (Allocation Failure) [PSYoungGen: 93280K->96K(91136K)] 95600K->2416K(266240K), 0,0005057 secs] [Times: user=0,00 sys=0,00, real=0,00 secs] 
90,253: [GC (Allocation Failure) [PSYoungGen: 90720K->64K(88576K)] 93040K->2384K(263680K), 0,0005091 secs] [Times: user=0,00 sys=0,00, real=0,00 secs] 
90,298: [GC (Allocation Failure) [PSYoungGen: 88128K->64K(86528K)] 90448K->2384K(261632K), 0,0004949 secs] [Times: user=0,00 sys=0,00, real=0,01 secs] 
90,342: [GC (Allocation Failure) [PSYoungGen: 86080K->64K(84480K)] 88400K->2384K(259584K), 0,0004824 secs] [Times: user=0,00 sys=0,00, real=0,00 secs] 
90,390: [GC (Allocation Failure) [PSYoungGen: 84032K->96K(101376K)] 86352K->2416K(276480K), 0,0005421 secs] [Times: user=0,01 sys=0,00, real=0,00 secs] 
90,443: [GC (Allocation Failure) [PSYoungGen: 100960K->96K(98816K)] 103280K->2440K(273920K), 0,0005766 secs] [Times: user=0,00 sys=0,00, real=0,00 secs] 
90,494: [GC (Allocation Failure) [PSYoungGen: 98400K->96K(96256K)] 100744K->2440K(271360K), 0,0005159 secs] [Times: user=0,00 sys=0,00, real=0,00 secs] 
90,542: [GC (Allocation Failure) [PSYoungGen: 95840K->96K(93696K)] 98184K->2440K(268800K), 0,0005139 secs] [Times: user=0,00 sys=0,00, real=0,00 secs] 
90,590: [GC (Allocation Failure) [PSYoungGen: 93280K->64K(91136K)] 95624K->2408K(266240K), 0,0004973 secs] [Times: user=0,00 sys=0,00, real=0,00 secs] 
90,637: [GC (Allocation Failure) [PSYoungGen: 90688K->96K(88576K)] 93032K->2440K(263680K), 0,0005232 secs] [Times: user=0,00 sys=0,00, real=0,00 secs] 
90,683: [GC (Allocation Failure) [PSYoungGen: 88160K->96K(86528K)] 90504K->2440K(261632K), 0,0004966 secs] [Times: user=0,00 sys=0,00, real=0,00 secs] 
90,726: [GC (Allocation Failure) [PSYoungGen: 86112K->96K(84480K)] 88456K->2440K(259584K), 0,0004827 secs] [Times: user=0,00 sys=0,00, real=0,00 secs] 
90,769: [GC (Allocation Failure) [PSYoungGen: 84064K->64K(101376K)] 86408K->2408K(276480K), 0,0005016 secs] [Times: user=0,00 sys=0,00, real=0,00 secs] 
90,821: [GC (Allocation Failure) [PSYoungGen: 100928K->64K(98816K)] 103272K->2408K(273920K), 0,0004915 secs] [Times: user=0,00 sys=0,00, real=0,00 secs] 
90,871: [GC (Allocation Failure) [PSYoungGen: 98368K->96K(96256K)] 100712K->2440K(271360K), 0,0004848 secs] [Times: user=0,00 sys=0,00, real=0,00 secs] 
90,919: [GC (Allocation Failure) [PSYoungGen: 95840K->96K(93696K)] 98184K->2440K(268800K), 0,0005005 secs] [Times: user=0,00 sys=0,00, real=0,00 secs] 
90,967: [GC (Allocation Failure) [PSYoungGen: 93280K->96K(91136K)] 95624K->2440K(266240K), 0,0005205 secs] [Times: user=0,00 sys=0,00, real=0,00 secs] 
91,013: [GC (Allocation Failure) [PSYoungGen: 90720K->64K(88576K)] 93064K->2408K(263680K), 0,0005091 secs] [Times: user=0,00 sys=0,00, real=0,00 secs] 
91,058: [GC (Allocation Failure) [PSYoungGen: 88128K->64K(86528K)] 90472K->2408K(261632K), 0,0005188 secs] [Times: user=0,00 sys=0,00, real=0,00 secs] 
91,102: [GC (Allocation Failure) [PSYoungGen: 86080K->32K(103936K)] 88424K->2376K(279040K), 0,0004945 secs] [Times: user=0,00 sys=0,00, real=0,00 secs] 
91,154: [GC (Allocation Failure) [PSYoungGen: 103456K->96K(100864K)] 105800K->2440K(275968K), 0,0005219 secs] [Times: user=0,00 sys=0,00, real=0,00 secs] 
91,205: [GC (Allocation Failure) [PSYoungGen: 100448K->96K(98304K)] 102792K->2440K(273408K), 0,0005017 secs] [Times: user=0,00 sys=0,00, real=0,00 secs] 
91,254: [GC (Allocation Failure) [PSYoungGen: 97888K->96K(95744K)] 100232K->2440K(270848K), 0,0004889 secs] [Times: user=0,00 sys=0,00, real=0,00 secs] 
91,302: [GC (Allocation Failure) [PSYoungGen: 95328K->96K(93184K)] 97672K->2440K(268288K), 0,0005188 secs] [Times: user=0,00 sys=0,00, real=0,00 secs] 
91,349: [GC (Allocation Failure) [PSYoungGen: 92768K->64K(90624K)] 95112K->2408K(265728K), 0,0004946 secs] [Times: user=0,00 sys=0,00, real=0,00 secs] 
91,395: [GC (Allocation Failure) [PSYoungGen: 90176K->96K(88064K)] 92520K->2440K(263168K), 0,0005085 secs] [Times: user=0,00 sys=0,00, real=0,00 secs] 
91,440: [GC (Allocation Failure) [PSYoungGen: 87648K->64K(86016K)] 89992K->2408K(261120K), 0,0004821 secs] [Times: user=0,00 sys=0,00, real=0,00 secs] 
91,483: [GC (Allocation Failure) [PSYoungGen: 85568K->96K(103424K)] 87912K->2440K(278528K), 0,0005331 secs] [Times: user=0,00 sys=0,00, real=0,00 secs] 
91,536: [GC (Allocation Failure) [PSYoungGen: 103008K->64K(100352K)] 105352K->2408K(275456K), 0,0005104 secs] [Times: user=0,00 sys=0,00, real=0,00 secs] 
91,586: [GC (Allocation Failure) [PSYoungGen: 99904K->96K(97792K)] 102248K->2440K(272896K), 0,0004984 secs] [Times: user=0,00 sys=0,00, real=0,00 secs] 
91,636: [GC (Allocation Failure) [PSYoungGen: 97376K->96K(95232K)] 99720K->2440K(270336K), 0,0004911 secs] [Times: user=0,00 sys=0,00, real=0,00 secs] 
91,684: [GC (Allocation Failure) [PSYoungGen: 94816K->64K(92672K)] 97160K->2408K(267776K), 0,0005002 secs] [Times: user=0,00 sys=0,00, real=0,00 secs] 
91,732: [GC (Allocation Failure) [PSYoungGen: 92224K->96K(90112K)] 94568K->2440K(265216K), 0,0005328 secs] [Times: user=0,00 sys=0,00, real=0,00 secs] 
91,777: [GC (Allocation Failure) [PSYoungGen: 89696K->96K(87552K)] 92040K->2440K(262656K), 0,0005317 secs] [Times: user=0,01 sys=0,00, real=0,00 secs] 
91,821: [GC (Allocation Failure) [PSYoungGen: 87136K->64K(85504K)] 89480K->2408K(260608K), 0,0004858 secs] [Times: user=0,00 sys=0,00, real=0,00 secs] 
91,864: [GC (Allocation Failure) [PSYoungGen: 85056K->96K(102912K)] 87400K->2440K(278016K), 0,0005072 secs] [Times: user=0,00 sys=0,00, real=0,00 secs] 
91,916: [GC (Allocation Failure) [PSYoungGen: 102496K->96K(99840K)] 104840K->2440K(274944K), 0,0004860 secs] [Times: user=0,01 sys=0,00, real=0,00 secs] 
91,967: [GC (Allocation Failure) [PSYoungGen: 99424K->96K(97280K)] 101768K->2440K(272384K), 0,0005126 secs] [Times: user=0,00 sys=0,00, real=0,00 secs] 
92,016: [GC (Allocation Failure) [PSYoungGen: 96864K->96K(94720K)] 99208K->2440K(269824K), 0,0004979 secs] [Times: user=0,00 sys=0,00, real=0,00 secs] 
92,064: [GC (Allocation Failure) [PSYoungGen: 94304K->96K(92160K)] 96648K->2440K(267264K), 0,0004947 secs] [Times: user=0,01 sys=0,00, real=0,00 secs] 
92,112: [GC (Allocation Failure) [PSYoungGen: 91744K->96K(89600K)] 94088K->2440K(264704K), 0,0004845 secs] [Times: user=0,00 sys=0,00, real=0,00 secs] 
92,158: [GC (Allocation Failure) [PSYoungGen: 89184K->96K(87040K)] 91528K->2440K(262144K), 0,0004965 secs] [Times: user=0,00 sys=0,00, real=0,01 secs] 
92,202: [GC (Allocation Failure) [PSYoungGen: 86624K->96K(84992K)] 88968K->2440K(260096K), 0,0004790 secs] [Times: user=0,00 sys=0,00, real=0,00 secs] 
92,245: [GC (Allocation Failure) [PSYoungGen: 84576K->64K(82944K)] 86920K->2408K(258048K), 0,0004936 secs] [Times: user=0,00 sys=0,00, real=0,00 secs] 
92,287: [GC (Allocation Failure) [PSYoungGen: 82496K->96K(99840K)] 84840K->2440K(274944K), 0,0005041 secs] [Times: user=0,00 sys=0,00, real=0,00 secs] 
92,337: [GC (Allocation Failure) [PSYoungGen: 99424K->96K(97280K)] 101768K->2440K(272384K), 0,0004943 secs] [Times: user=0,00 sys=0,00, real=0,00 secs] 
92,386: [GC (Allocation Failure) [PSYoungGen: 96864K->64K(94720K)] 99208K->2408K(269824K), 0,0005167 secs] [Times: user=0,00 sys=0,00, real=0,00 secs] 
92,435: [GC (Allocation Failure) [PSYoungGen: 94272K->64K(92160K)] 96616K->2408K(267264K), 0,0005368 secs] [Times: user=0,00 sys=0,00, real=0,00 secs] 
92,482: [GC (Allocation Failure) [PSYoungGen: 91712K->96K(89600K)] 94056K->2440K(264704K), 0,0004842 secs] [Times: user=0,00 sys=0,00, real=0,00 secs] 
92,527: [GC (Allocation Failure) [PSYoungGen: 89184K->96K(87040K)] 91528K->2440K(262144K), 0,0005044 secs] [Times: user=0,00 sys=0,00, real=0,00 secs] 
92,571: [GC (Allocation Failure) [PSYoungGen: 86624K->96K(84992K)] 88968K->2440K(260096K), 0,0005082 secs] [Times: user=0,00 sys=0,00, real=0,00 secs] 
92,614: [GC (Allocation Failure) [PSYoungGen: 84576K->96K(101888K)] 86920K->2440K(276992K), 0,0004817 secs] [Times: user=0,00 sys=0,00, real=0,00 secs] 
92,666: [GC (Allocation Failure) [PSYoungGen: 101472K->64K(98816K)] 103816K->2408K(273920K), 0,0004975 secs] [Times: user=0,00 sys=0,00, real=0,00 secs] 
92,715: [GC (Allocation Failure) [PSYoungGen: 98368K->64K(96256K)] 100712K->2408K(271360K), 0,0004945 secs] [Times: user=0,00 sys=0,00, real=0,00 secs] 
92,764: [GC (Allocation Failure) [PSYoungGen: 95808K->96K(93696K)] 98152K->2440K(268800K), 0,0005114 secs] [Times: user=0,00 sys=0,00, real=0,00 secs] 
92,812: [GC (Allocation Failure) [PSYoungGen: 93280K->96K(91136K)] 95624K->2440K(266240K), 0,0004829 secs] [Times: user=0,00 sys=0,00, real=0,00 secs] 
92,858: [GC (Allocation Failure) [PSYoungGen: 90720K->64K(88576K)] 93064K->2408K(263680K), 0,0004843 secs] [Times: user=0,00 sys=0,00, real=0,01 secs] 
92,903: [GC (Allocation Failure) [PSYoungGen: 88128K->96K(86528K)] 90472K->2440K(261632K), 0,0004853 secs] [Times: user=0,00 sys=0,00, real=0,00 secs] 
92,947: [GC (Allocation Failure) [PSYoungGen: 86112K->32K(103936K)] 88456K->2376K(279040K), 0,0005895 secs] [Times: user=0,00 sys=0,00, real=0,00 secs] 
93,000: [GC (Allocation Failure) [PSYoungGen: 103456K->96K(100864K)] 105800K->2440K(275968K), 0,0005158 secs] [Times: user=0,00 sys=0,01, real=0,00 secs] 
93,051: [GC (Allocation Failure) [PSYoungGen: 100448K->96K(98304K)] 102792K->2440K(273408K), 0,0005042 secs] [Times: user=0,00 sys=0,00, real=0,00 secs] 
93,101: [GC (Allocation Failure) [PSYoungGen: 97888K->32K(95744K)] 100232K->2376K(270848K), 0,0004704 secs] [Times: user=0,00 sys=0,00, real=0,00 secs] 
93,149: [GC (Allocation Failure) [PSYoungGen: 95264K->96K(93184K)] 97608K->2440K(268288K), 0,0005046 secs] [Times: user=0,00 sys=0,00, real=0,00 secs] 
93,196: [GC (Allocation Failure) [PSYoungGen: 92768K->96K(90624K)] 95112K->2440K(265728K), 0,0005029 secs] [Times: user=0,00 sys=0,00, real=0,00 secs] 
93,242: [GC (Allocation Failure) [PSYoungGen: 90208K->96K(88064K)] 92552K->2440K(263168K), 0,0005076 secs] [Times: user=0,00 sys=0,00, real=0,00 secs] 
93,286: [GC (Allocation Failure) [PSYoungGen: 87648K->96K(105984K)] 89992K->2440K(281088K), 0,0005608 secs] [Times: user=0,00 sys=0,00, real=0,00 secs] 
93,340: [GC (Allocation Failure) [PSYoungGen: 105568K->64K(102912K)] 107912K->2408K(278016K), 0,0005247 secs] [Times: user=0,00 sys=0,00, real=0,00 secs] 
93,392: [GC (Allocation Failure) [PSYoungGen: 102464K->96K(99840K)] 104808K->2440K(274944K), 0,0005185 secs] [Times: user=0,01 sys=0,00, real=0,00 secs] 
93,443: [GC (Allocation Failure) [PSYoungGen: 99424K->96K(97280K)] 101768K->2440K(272384K), 0,0005126 secs] [Times: user=0,00 sys=0,00, real=0,00 secs] 
93,492: [GC (Allocation Failure) [PSYoungGen: 96864K->96K(94720K)] 99208K->2440K(269824K), 0,0005076 secs] [Times: user=0,00 sys=0,00, real=0,00 secs] 
93,540: [GC (Allocation Failure) [PSYoungGen: 94304K->96K(92160K)] 96648K->2440K(267264K), 0,0004962 secs] [Times: user=0,01 sys=0,00, real=0,00 secs] 
93,587: [GC (Allocation Failure) [PSYoungGen: 91744K->96K(89600K)] 94088K->2440K(264704K), 0,0004945 secs] [Times: user=0,00 sys=0,00, real=0,00 secs] 
93,632: [GC (Allocation Failure) [PSYoungGen: 89184K->96K(87040K)] 91528K->2440K(262144K), 0,0004795 secs] [Times: user=0,00 sys=0,00, real=0,00 secs] 
93,676: [GC (Allocation Failure) [PSYoungGen: 86624K->96K(84992K)] 88968K->2440K(260096K), 0,0005037 secs] [Times: user=0,00 sys=0,00, real=0,00 secs] 
93,720: [GC (Allocation Failure) [PSYoungGen: 84576K->64K(82944K)] 86920K->2408K(258048K), 0,0004585 secs] [Times: user=0,00 sys=0,00, real=0,00 secs] 
93,762: [GC (Allocation Failure) [PSYoungGen: 82496K->96K(80896K)] 84840K->2440K(256000K), 0,0004832 secs] [Times: user=0,00 sys=0,00, real=0,00 secs] 
93,803: [GC (Allocation Failure) [PSYoungGen: 80480K->64K(97280K)] 82824K->2408K(272384K), 0,0004712 secs] [Times: user=0,00 sys=0,00, real=0,00 secs] 
93,853: [GC (Allocation Failure) [PSYoungGen: 96832K->96K(94720K)] 99176K->2440K(269824K), 0,0005041 secs] [Times: user=0,00 sys=0,00, real=0,00 secs] 
93,901: [GC (Allocation Failure) [PSYoungGen: 94304K->96K(92160K)] 96648K->2440K(267264K), 0,0005081 secs] [Times: user=0,00 sys=0,00, real=0,00 secs] 
93,948: [GC (Allocation Failure) [PSYoungGen: 91744K->64K(89600K)] 94088K->2408K(264704K), 0,0005150 secs] [Times: user=0,00 sys=0,00, real=0,01 secs] 
93,994: [GC (Allocation Failure) [PSYoungGen: 89152K->64K(87040K)] 91496K->2408K(262144K), 0,0005243 secs] [Times: user=0,00 sys=0,00, real=0,00 secs] 
94,038: [GC (Allocation Failure) [PSYoungGen: 86592K->96K(104448K)] 88936K->2440K(279552K), 0,0004930 secs] [Times: user=0,00 sys=0,00, real=0,01 secs] 
94,091: [GC (Allocation Failure) [PSYoungGen: 104032K->96K(101376K)] 106376K->2440K(276480K), 0,0005250 secs] [Times: user=0,00 sys=0,00, real=0,00 secs] 
94,144: [GC (Allocation Failure) [PSYoungGen: 100960K->96K(98816K)] 103304K->2440K(273920K), 0,0004976 secs] [Times: user=0,01 sys=0,00, real=0,00 secs] 
94,194: [GC (Allocation Failure) [PSYoungGen: 98400K->96K(96256K)] 100744K->2440K(271360K), 0,0004879 secs] [Times: user=0,01 sys=0,00, real=0,00 secs] 
94,244: [GC (Allocation Failure) [PSYoungGen: 95840K->96K(93696K)] 98184K->2440K(268800K), 0,0004506 secs] [Times: user=0,00 sys=0,00, real=0,00 secs] 
94,293: [GC (Allocation Failure) [PSYoungGen: 93280K->96K(91136K)] 95624K->2440K(266240K), 0,0005130 secs] [Times: user=0,01 sys=0,00, real=0,00 secs] 
94,340: [GC (Allocation Failure) [PSYoungGen: 90720K->64K(88576K)] 93064K->2408K(263680K), 0,0004837 secs] [Times: user=0,00 sys=0,00, real=0,00 secs] 
94,385: [GC (Allocation Failure) [PSYoungGen: 88128K->96K(86528K)] 90472K->2440K(261632K), 0,0004898 secs] [Times: user=0,00 sys=0,00, real=0,00 secs] 
94,429: [GC (Allocation Failure) [PSYoungGen: 86112K->32K(84480K)] 88456K->2376K(259584K), 0,0005166 secs] [Times: user=0,00 sys=0,00, real=0,00 secs] 
94,472: [GC (Allocation Failure) [PSYoungGen: 84000K->96K(82432K)] 86344K->2440K(257536K), 0,0004895 secs] [Times: user=0,00 sys=0,00, real=0,00 secs] 
94,514: [GC (Allocation Failure) [PSYoungGen: 82016K->96K(98816K)] 84360K->2440K(273920K), 0,0005304 secs] [Times: user=0,00 sys=0,00, real=0,00 secs] 
94,564: [GC (Allocation Failure) [PSYoungGen: 98400K->64K(118784K)] 100744K->2408K(293888K), 0,0004857 secs] [Times: user=0,00 sys=0,00, real=0,00 secs] 
94,624: [GC (Allocation Failure) [PSYoungGen: 118336K->96K(115200K)] 120680K->2440K(290304K), 0,0004778 secs] [Times: user=0,00 sys=0,00, real=0,00 secs] 
94,682: [GC (Allocation Failure) [PSYoungGen: 114784K->96K(111616K)] 117128K->2440K(286720K), 0,0004710 secs] [Times: user=0,00 sys=0,00, real=0,00 secs] 
94,738: [GC (Allocation Failure) [PSYoungGen: 111200K->96K(108544K)] 113544K->2440K(283648K), 0,0005067 secs] [Times: user=0,01 sys=0,00, real=0,00 secs] 
94,794: [GC (Allocation Failure) [PSYoungGen: 108128K->96K(105472K)] 110472K->2440K(280576K), 0,0005045 secs] [Times: user=0,00 sys=0,00, real=0,00 secs] 
94,847: [GC (Allocation Failure) [PSYoungGen: 105056K->96K(102400K)] 107400K->2440K(277504K), 0,0004757 secs] [Times: user=0,01 sys=0,00, real=0,00 secs] 
94,899: [GC (Allocation Failure) [PSYoungGen: 101984K->64K(99328K)] 104328K->2408K(274432K), 0,0004573 secs] [Times: user=0,00 sys=0,00, real=0,00 secs] 
94,951: [GC (Allocation Failure) [PSYoungGen: 98880K->96K(96768K)] 101224K->2440K(271872K), 0,0005090 secs] [Times: user=0,00 sys=0,00, real=0,00 secs] 
95,001: [GC (Allocation Failure) [PSYoungGen: 96352K->96K(94208K)] 98696K->2440K(269312K), 0,0005148 secs] [Times: user=0,00 sys=0,00, real=0,00 secs] 
95,050: [GC (Allocation Failure) [PSYoungGen: 93792K->96K(91648K)] 96136K->2440K(266752K), 0,0004991 secs] [Times: user=0,00 sys=0,00, real=0,00 secs] 
95,096: [GC (Allocation Failure) [PSYoungGen: 91232K->64K(89088K)] 93576K->2408K(264192K), 0,0004875 secs] [Times: user=0,01 sys=0,00, real=0,00 secs] 
95,141: [GC (Allocation Failure) [PSYoungGen: 88640K->64K(87040K)] 90984K->2408K(262144K), 0,0004740 secs] [Times: user=0,00 sys=0,00, real=0,00 secs] 
95,185: [GC (Allocation Failure) [PSYoungGen: 86592K->96K(84992K)] 88936K->2440K(260096K), 0,0005168 secs] [Times: user=0,01 sys=0,00, real=0,00 secs] 
95,228: [GC (Allocation Failure) [PSYoungGen: 84576K->32K(82944K)] 86920K->2376K(258048K), 0,0004678 secs] [Times: user=0,00 sys=0,00, real=0,00 secs] 
95,270: [GC (Allocation Failure) [PSYoungGen: 82464K->96K(99840K)] 84808K->2440K(274944K), 0,0005094 secs] [Times: user=0,00 sys=0,00, real=0,00 secs] 
95,320: [GC (Allocation Failure) [PSYoungGen: 99424K->64K(97280K)] 101768K->2408K(272384K), 0,0004987 secs] [Times: user=0,00 sys=0,00, real=0,00 secs] 
95,369: [GC (Allocation Failure) [PSYoungGen: 96832K->96K(94720K)] 99176K->2440K(269824K), 0,0004724 secs] [Times: user=0,00 sys=0,00, real=0,00 secs] 
95,417: [GC (Allocation Failure) [PSYoungGen: 94304K->96K(92160K)] 96648K->2440K(267264K), 0,0005026 secs] [Times: user=0,00 sys=0,00, real=0,00 secs] 
95,464: [GC (Allocation Failure) [PSYoungGen: 91744K->96K(89600K)] 94088K->2440K(264704K), 0,0005128 secs] [Times: user=0,00 sys=0,00, real=0,00 secs] 
95,509: [GC (Allocation Failure) [PSYoungGen: 89184K->64K(87040K)] 91528K->2408K(262144K), 0,0004717 secs] [Times: user=0,00 sys=0,00, real=0,00 secs] 
95,553: [GC (Allocation Failure) [PSYoungGen: 86592K->64K(84992K)] 88936K->2408K(260096K), 0,0004812 secs] [Times: user=0,00 sys=0,00, real=0,00 secs] 
95,596: [GC (Allocation Failure) [PSYoungGen: 84544K->96K(82944K)] 86888K->2440K(258048K), 0,0004767 secs] [Times: user=0,00 sys=0,00, real=0,00 secs] 
95,638: [GC (Allocation Failure) [PSYoungGen: 82528K->64K(99840K)] 84872K->2408K(274944K), 0,0004991 secs] [Times: user=0,00 sys=0,00, real=0,01 secs] 
95,689: [GC (Allocation Failure) [PSYoungGen: 99392K->64K(97280K)] 101736K->2408K(272384K), 0,0004791 secs] [Times: user=0,01 sys=0,00, real=0,00 secs] 
95,738: [GC (Allocation Failure) [PSYoungGen: 96832K->96K(94720K)] 99176K->2440K(269824K), 0,0004852 secs] [Times: user=0,00 sys=0,00, real=0,00 secs] 
95,785: [GC (Allocation Failure) [PSYoungGen: 94304K->96K(92160K)] 96648K->2440K(267264K), 0,0004759 secs] [Times: user=0,00 sys=0,00, real=0,00 secs] 
95,832: [GC (Allocation Failure) [PSYoungGen: 91744K->96K(89600K)] 94088K->2440K(264704K), 0,0004593 secs] [Times: user=0,00 sys=0,00, real=0,00 secs] 
95,877: [GC (Allocation Failure) [PSYoungGen: 89184K->64K(87040K)] 91528K->2408K(262144K), 0,0004747 secs] [Times: user=0,00 sys=0,00, real=0,00 secs] 
95,921: [GC (Allocation Failure) [PSYoungGen: 86592K->64K(84992K)] 88936K->2408K(260096K), 0,0004735 secs] [Times: user=0,00 sys=0,00, real=0,00 secs] 
95,964: [GC (Allocation Failure) [PSYoungGen: 84544K->64K(82944K)] 86888K->2408K(258048K), 0,0005205 secs] [Times: user=0,00 sys=0,00, real=0,00 secs] 
96,006: [GC (Allocation Failure) [PSYoungGen: 82496K->96K(99840K)] 84840K->2440K(274944K), 0,0004948 secs] [Times: user=0,01 sys=0,00, real=0,00 secs] 
96,056: [GC (Allocation Failure) [PSYoungGen: 99424K->96K(97280K)] 101768K->2440K(272384K), 0,0004927 secs] [Times: user=0,00 sys=0,00, real=0,00 secs] 
96,105: [GC (Allocation Failure) [PSYoungGen: 96864K->96K(94720K)] 99208K->2440K(269824K), 0,0004717 secs] [Times: user=0,01 sys=0,00, real=0,00 secs] 
96,153: [GC (Allocation Failure) [PSYoungGen: 94304K->64K(92160K)] 96648K->2408K(267264K), 0,0004804 secs] [Times: user=0,00 sys=0,00, real=0,00 secs] 
96,199: [GC (Allocation Failure) [PSYoungGen: 91712K->64K(89600K)] 94056K->2408K(264704K), 0,0004806 secs] [Times: user=0,00 sys=0,00, real=0,00 secs] 
96,244: [GC (Allocation Failure) [PSYoungGen: 89152K->64K(87040K)] 91496K->2408K(262144K), 0,0004940 secs] [Times: user=0,00 sys=0,00, real=0,00 secs] 
96,290: [GC (Allocation Failure) [PSYoungGen: 86592K->96K(84992K)] 88936K->2440K(260096K), 0,0005001 secs] [Times: user=0,00 sys=0,00, real=0,00 secs] 
96,333: [GC (Allocation Failure) [PSYoungGen: 84576K->96K(82944K)] 86920K->2440K(258048K), 0,0004748 secs] [Times: user=0,01 sys=0,00, real=0,00 secs] 
96,376: [GC (Allocation Failure) [PSYoungGen: 82528K->64K(80896K)] 84872K->2408K(256000K), 0,0004520 secs] [Times: user=0,00 sys=0,00, real=0,00 secs] 
96,417: [GC (Allocation Failure) [PSYoungGen: 80448K->96K(97280K)] 82792K->2440K(272384K), 0,0005105 secs] [Times: user=0,00 sys=0,00, real=0,00 secs] 
96,467: [GC (Allocation Failure) [PSYoungGen: 96864K->96K(116736K)] 99208K->2440K(291840K), 0,0005251 secs] [Times: user=0,00 sys=0,00, real=0,00 secs] 
96,526: [GC (Allocation Failure) [PSYoungGen: 116320K->96K(113152K)] 118664K->2440K(288256K), 0,0005040 secs] [Times: user=0,00 sys=0,00, real=0,00 secs] 
96,583: [GC (Allocation Failure) [PSYoungGen: 112736K->64K(110080K)] 115080K->2408K(285184K), 0,0005687 secs] [Times: user=0,00 sys=0,00, real=0,00 secs] 
96,638: [GC (Allocation Failure) [PSYoungGen: 109632K->0K(107008K)] 111976K->2344K(282112K), 0,0004765 secs] [Times: user=0,00 sys=0,00, real=0,00 secs] 
96,694: [GC (Allocation Failure) [PSYoungGen: 106496K->64K(103936K)] 108840K->2408K(279040K), 0,0005295 secs] [Times: user=0,00 sys=0,00, real=0,00 secs] 
96,747: [GC (Allocation Failure) [PSYoungGen: 103488K->96K(100864K)] 105832K->2440K(275968K), 0,0004776 secs] [Times: user=0,00 sys=0,00, real=0,00 secs] 
96,798: [GC (Allocation Failure) [PSYoungGen: 100448K->96K(98304K)] 102792K->2440K(273408K), 0,0004979 secs] [Times: user=0,00 sys=0,00, real=0,00 secs] 
96,847: [GC (Allocation Failure) [PSYoungGen: 97888K->64K(95744K)] 100232K->2408K(270848K), 0,0004702 secs] [Times: user=0,00 sys=0,00, real=0,00 secs] 
96,896: [GC (Allocation Failure) [PSYoungGen: 95296K->64K(93184K)] 97640K->2408K(268288K), 0,0005311 secs] [Times: user=0,00 sys=0,00, real=0,00 secs] 
96,943: [GC (Allocation Failure) [PSYoungGen: 92736K->96K(90624K)] 95080K->2440K(265728K), 0,0004891 secs] [Times: user=0,00 sys=0,00, real=0,00 secs] 
96,988: [GC (Allocation Failure) [PSYoungGen: 90208K->64K(88064K)] 92552K->2408K(263168K), 0,0004975 secs] [Times: user=0,00 sys=0,00, real=0,00 secs] 
97,033: [GC (Allocation Failure) [PSYoungGen: 87616K->64K(86016K)] 89960K->2408K(261120K), 0,0004881 secs] [Times: user=0,00 sys=0,00, real=0,00 secs] 
97,076: [GC (Allocation Failure) [PSYoungGen: 85567K->32K(83968K)] 87911K->2376K(259072K), 0,0004548 secs] [Times: user=0,01 sys=0,00, real=0,00 secs] 
97,118: [GC (Allocation Failure) [PSYoungGen: 83488K->96K(81920K)] 85832K->2440K(257024K), 0,0004703 secs] [Times: user=0,00 sys=0,00, real=0,01 secs] 
97,160: [GC (Allocation Failure) [PSYoungGen: 81504K->96K(79872K)] 83848K->2440K(254976K), 0,0004551 secs] [Times: user=0,00 sys=0,00, real=0,00 secs] 
97,200: [GC (Allocation Failure) [PSYoungGen: 79456K->96K(95744K)] 81800K->2440K(270848K), 0,0004842 secs] [Times: user=0,00 sys=0,00, real=0,00 secs] 
97,249: [GC (Allocation Failure) [PSYoungGen: 95328K->64K(93184K)] 97672K->2408K(268288K), 0,0004575 secs] [Times: user=0,00 sys=0,00, real=0,00 secs] 
97,295: [GC (Allocation Failure) [PSYoungGen: 92736K->64K(90624K)] 95080K->2408K(265728K), 0,0004950 secs] [Times: user=0,00 sys=0,00, real=0,00 secs] 
97,341: [GC (Allocation Failure) [PSYoungGen: 90176K->64K(88064K)] 92520K->2408K(263168K), 0,0004737 secs] [Times: user=0,00 sys=0,00, real=0,00 secs] 
97,385: [GC (Allocation Failure) [PSYoungGen: 87616K->96K(86016K)] 89960K->2440K(261120K), 0,0004984 secs] [Times: user=0,00 sys=0,00, real=0,00 secs] 
97,429: [GC (Allocation Failure) [PSYoungGen: 85600K->96K(103424K)] 87944K->2440K(278528K), 0,0005606 secs] [Times: user=0,00 sys=0,00, real=0,00 secs] 
97,482: [GC (Allocation Failure) [PSYoungGen: 103008K->96K(124416K)] 105352K->2440K(299520K), 0,0006487 secs] [Times: user=0,01 sys=0,00, real=0,00 secs] 
97,544: [GC (Allocation Failure) [PSYoungGen: 124000K->64K(120832K)] 126344K->2408K(295936K), 0,0005125 secs] [Times: user=0,00 sys=0,00, real=0,00 secs] 
97,605: [GC (Allocation Failure) [PSYoungGen: 120384K->96K(117248K)] 122728K->2440K(292352K), 0,0005023 secs] [Times: user=0,00 sys=0,00, real=0,00 secs] 
97,665: [GC (Allocation Failure) [PSYoungGen: 116832K->96K(113664K)] 119176K->2440K(288768K), 0,0005037 secs] [Times: user=0,00 sys=0,00, real=0,00 secs] 
97,723: [GC (Allocation Failure) [PSYoungGen: 113248K->96K(110592K)] 115592K->2440K(285696K), 0,0005560 secs] [Times: user=0,00 sys=0,00, real=0,00 secs] 
97,780: [GC (Allocation Failure) [PSYoungGen: 110176K->96K(107520K)] 112520K->2440K(282624K), 0,0004754 secs] [Times: user=0,00 sys=0,00, real=0,00 secs] 
97,835: [GC (Allocation Failure) [PSYoungGen: 107104K->96K(104448K)] 109448K->2440K(279552K), 0,0005123 secs] [Times: user=0,00 sys=0,00, real=0,00 secs] 
97,888: [GC (Allocation Failure) [PSYoungGen: 104032K->64K(101376K)] 106376K->2408K(276480K), 0,0004791 secs] [Times: user=0,00 sys=0,00, real=0,00 secs] 
97,939: [GC (Allocation Failure) [PSYoungGen: 100928K->96K(98816K)] 103272K->2440K(273920K), 0,0005442 secs] [Times: user=0,00 sys=0,00, real=0,00 secs] 
97,989: [GC (Allocation Failure) [PSYoungGen: 98400K->64K(96256K)] 100744K->2408K(271360K), 0,0005098 secs] [Times: user=0,00 sys=0,00, real=0,00 secs] 
98,037: [GC (Allocation Failure) [PSYoungGen: 95808K->96K(93696K)] 98152K->2440K(268800K), 0,0004786 secs] [Times: user=0,01 sys=0,00, real=0,00 secs] 
98,084: [GC (Allocation Failure) [PSYoungGen: 93280K->64K(91136K)] 95624K->2408K(266240K), 0,0004651 secs] [Times: user=0,00 sys=0,00, real=0,00 secs] 
98,130: [GC (Allocation Failure) [PSYoungGen: 90688K->64K(88576K)] 93032K->2408K(263680K), 0,0004758 secs] [Times: user=0,00 sys=0,00, real=0,00 secs] 
98,175: [GC (Allocation Failure) [PSYoungGen: 88128K->96K(86528K)] 90472K->2440K(261632K), 0,0004850 secs] [Times: user=0,01 sys=0,00, real=0,00 secs] 
98,220: [GC (Allocation Failure) [PSYoungGen: 86112K->96K(84480K)] 88456K->2440K(259584K), 0,0004705 secs] [Times: user=0,00 sys=0,00, real=0,00 secs] 
98,263: [GC (Allocation Failure) [PSYoungGen: 84064K->96K(82432K)] 86408K->2440K(257536K), 0,0004917 secs] [Times: user=0,00 sys=0,00, real=0,00 secs] 
98,305: [GC (Allocation Failure) [PSYoungGen: 82016K->32K(80384K)] 84360K->2376K(255488K), 0,0004705 secs] [Times: user=0,00 sys=0,00, real=0,00 secs] 
98,345: [GC (Allocation Failure) [PSYoungGen: 79904K->96K(96768K)] 82248K->2440K(271872K), 0,0004681 secs] [Times: user=0,00 sys=0,00, real=0,00 secs] 
98,394: [GC (Allocation Failure) [PSYoungGen: 96352K->96K(94208K)] 98696K->2440K(269312K), 0,0004864 secs] [Times: user=0,00 sys=0,00, real=0,00 secs] 
98,442: [GC (Allocation Failure) [PSYoungGen: 93792K->96K(91648K)] 96136K->2440K(266752K), 0,0005069 secs] [Times: user=0,00 sys=0,00, real=0,00 secs] 
98,488: [GC (Allocation Failure) [PSYoungGen: 91232K->96K(89088K)] 93576K->2440K(264192K), 0,0004984 secs] [Times: user=0,00 sys=0,00, real=0,00 secs] 
98,534: [GC (Allocation Failure) [PSYoungGen: 88672K->96K(87040K)] 91016K->2440K(262144K), 0,0005038 secs] [Times: user=0,00 sys=0,00, real=0,00 secs] 
98,578: [GC (Allocation Failure) [PSYoungGen: 86624K->64K(84992K)] 88968K->2408K(260096K), 0,0004783 secs] [Times: user=0,00 sys=0,00, real=0,00 secs] 
98,621: [GC (Allocation Failure) [PSYoungGen: 84544K->96K(101888K)] 86888K->2440K(276992K), 0,0004940 secs] [Times: user=0,01 sys=0,00, real=0,00 secs] 
98,672: [GC (Allocation Failure) [PSYoungGen: 101472K->64K(98816K)] 103816K->2408K(273920K), 0,0004723 secs] [Times: user=0,00 sys=0,00, real=0,00 secs] 
98,722: [GC (Allocation Failure) [PSYoungGen: 98368K->32K(96256K)] 100712K->2376K(271360K), 0,0004592 secs] [Times: user=0,00 sys=0,00, real=0,00 secs] 
98,770: [GC (Allocation Failure) [PSYoungGen: 95776K->64K(93696K)] 98120K->2408K(268800K), 0,0005089 secs] [Times: user=0,00 sys=0,00, real=0,00 secs] 
98,818: [GC (Allocation Failure) [PSYoungGen: 93248K->64K(91136K)] 95592K->2408K(266240K), 0,0004951 secs] [Times: user=0,00 sys=0,00, real=0,01 secs] 
98,864: [GC (Allocation Failure) [PSYoungGen: 90688K->32K(88576K)] 93032K->2376K(263680K), 0,0004739 secs] [Times: user=0,00 sys=0,00, real=0,00 secs] 
98,909: [GC (Allocation Failure) [PSYoungGen: 88096K->96K(86528K)] 90440K->2440K(261632K), 0,0004668 secs] [Times: user=0,00 sys=0,00, real=0,00 secs] 
98,953: [GC (Allocation Failure) [PSYoungGen: 86112K->96K(84480K)] 88456K->2440K(259584K), 0,0005234 secs] [Times: user=0,00 sys=0,00, real=0,00 secs] 
98,995: [GC (Allocation Failure) [PSYoungGen: 84064K->96K(101376K)] 86408K->2440K(276480K), 0,0005001 secs] [Times: user=0,00 sys=0,00, real=0,00 secs] 
99,047: [GC (Allocation Failure) [PSYoungGen: 100960K->64K(98816K)] 103304K->2408K(273920K), 0,0004948 secs] [Times: user=0,01 sys=0,00, real=0,00 secs] 
99,097: [GC (Allocation Failure) [PSYoungGen: 98368K->96K(96256K)] 100712K->2440K(271360K), 0,0004786 secs] [Times: user=0,01 sys=0,00, real=0,00 secs] 
99,145: [GC (Allocation Failure) [PSYoungGen: 95840K->64K(93696K)] 98184K->2408K(268800K), 0,0004811 secs] [Times: user=0,00 sys=0,00, real=0,00 secs] 
99,192: [GC (Allocation Failure) [PSYoungGen: 93248K->32K(91136K)] 95592K->2376K(266240K), 0,0004697 secs] [Times: user=0,00 sys=0,00, real=0,00 secs] 
99,238: [GC (Allocation Failure) [PSYoungGen: 90656K->32K(88576K)] 93000K->2376K(263680K), 0,0004818 secs] [Times: user=0,00 sys=0,00, real=0,00 secs] 
99,283: [GC (Allocation Failure) [PSYoungGen: 88096K->64K(86528K)] 90440K->2408K(261632K), 0,0005142 secs] [Times: user=0,00 sys=0,00, real=0,00 secs] 
99,326: [GC (Allocation Failure) [PSYoungGen: 86080K->64K(84480K)] 88424K->2408K(259584K), 0,0004776 secs] [Times: user=0,00 sys=0,00, real=0,00 secs] 
99,369: [GC (Allocation Failure) [PSYoungGen: 84032K->96K(82432K)] 86376K->2440K(257536K), 0,0004631 secs] [Times: user=0,00 sys=0,00, real=0,00 secs] 
99,410: [GC (Allocation Failure) [PSYoungGen: 82016K->96K(98816K)] 84360K->2440K(273920K), 0,0004855 secs] [Times: user=0,00 sys=0,00, real=0,00 secs] 
99,461: [GC (Allocation Failure) [PSYoungGen: 98400K->64K(118784K)] 100744K->2408K(293888K), 0,0009930 secs] [Times: user=0,00 sys=0,00, real=0,00 secs] 
99,522: [GC (Allocation Failure) [PSYoungGen: 118336K->96K(142848K)] 120680K->2440K(317952K), 0,0024577 secs] [Times: user=0,01 sys=0,00, real=0,00 secs] 
99,598: [GC (Allocation Failure) [PSYoungGen: 142432K->64K(171520K)] 144776K->2408K(346624K), 0,0005499 secs] [Times: user=0,00 sys=0,00, real=0,01 secs] 
99,683: [GC (Allocation Failure) [PSYoungGen: 171072K->64K(165376K)] 173416K->2408K(340480K), 0,0005051 secs] [Times: user=0,01 sys=0,00, real=0,00 secs] 
99,766: [GC (Allocation Failure) [PSYoungGen: 164928K->96K(159744K)] 167272K->2440K(334848K), 0,0004906 secs] [Times: user=0,00 sys=0,00, real=0,00 secs] 
99,846: [GC (Allocation Failure) [PSYoungGen: 159328K->64K(154112K)] 161672K->2408K(329216K), 0,0004965 secs] [Times: user=0,00 sys=0,00, real=0,00 secs] 
99,924: [GC (Allocation Failure) [PSYoungGen: 153664K->96K(148992K)] 156008K->2440K(324096K), 0,0005396 secs] [Times: user=0,00 sys=0,00, real=0,00 secs] 
99,999: [GC (Allocation Failure) [PSYoungGen: 148576K->64K(143872K)] 150920K->2408K(318976K), 0,0005127 secs] [Times: user=0,00 sys=0,00, real=0,00 secs] 
100,072: [GC (Allocation Failure) [PSYoungGen: 143424K->96K(139264K)] 145768K->2440K(314368K), 0,0004994 secs] [Times: user=0,00 sys=0,00, real=0,00 secs] 
100,142: [GC (Allocation Failure) [PSYoungGen: 138848K->64K(134656K)] 141192K->2408K(309760K), 0,0004917 secs] [Times: user=0,00 sys=0,00, real=0,00 secs] 
100,210: [GC (Allocation Failure) [PSYoungGen: 134208K->96K(130560K)] 136552K->2440K(305664K), 0,0004904 secs] [Times: user=0,01 sys=0,00, real=0,00 secs] 
100,276: [GC (Allocation Failure) [PSYoungGen: 130144K->96K(126464K)] 132488K->2440K(301568K), 0,0005081 secs] [Times: user=0,00 sys=0,00, real=0,00 secs] 
100,339: [GC (Allocation Failure) [PSYoungGen: 126048K->64K(122368K)] 128392K->2408K(297472K), 0,0005007 secs] [Times: user=0,01 sys=0,00, real=0,00 secs] 
Heap
 PSYoungGen      total 122368K, used 81366K [0x000000076ab00000, 0x0000000788480000, 0x00000007c0000000)
  eden space 121856K, 66% used [0x000000076ab00000,0x000000076fa65ae8,0x0000000772200000)
  from space 512K, 12% used [0x0000000788380000,0x0000000788390000,0x0000000788400000)
  to   space 512K, 0% used [0x0000000788400000,0x0000000788400000,0x0000000788480000)
 ParOldGen       total 175104K, used 2344K [0x00000006c0000000, 0x00000006cab00000, 0x000000076ab00000)
  object space 175104K, 1% used [0x00000006c0000000,0x00000006c024a000,0x00000006cab00000)
 Metaspace       used 10312K, capacity 10538K, committed 10752K, reserved 1058816K
  class space    used 1130K, capacity 1197K, committed 1280K, reserved 1048576K
