OpenJDK 64-Bit Server VM (25.202-b05) for bsd-amd64 JRE (Zulu 8.36.0.1-CA-macosx) (1.8.0_202-b05), built on Jan 29 2019 06:07:09 by "zulu_re" with gcc 4.2.1 (Based on Apple Inc. build 5658) (LLVM build 2336.11.00)
Memory: 4k page, physical 16777216k(587728k free)

/proc/meminfo:

CommandLine flags: -XX:InitialHeapSize=268435456 -XX:MaxHeapSize=4294967296 -XX:+PrintGC -XX:+PrintGCDetails -XX:+PrintGCTimeStamps -XX:+UseCompressedClassPointers -XX:+UseCompressedOops -XX:+UseParallelGC 
Heap
 PSYoungGen      total 76288K, used 35777K [0x000000076ab00000, 0x0000000770000000, 0x00000007c0000000)
  eden space 65536K, 54% used [0x000000076ab00000,0x000000076cdf05f0,0x000000076eb00000)
  from space 10752K, 0% used [0x000000076f580000,0x000000076f580000,0x0000000770000000)
  to   space 10752K, 0% used [0x000000076eb00000,0x000000076eb00000,0x000000076f580000)
 ParOldGen       total 175104K, used 0K [0x00000006c0000000, 0x00000006cab00000, 0x000000076ab00000)
  object space 175104K, 0% used [0x00000006c0000000,0x00000006c0000000,0x00000006cab00000)
 Metaspace       used 7665K, capacity 8005K, committed 8192K, reserved 1056768K
  class space    used 852K, capacity 948K, committed 1024K, reserved 1048576K
130: [GC (Allocation Failure) [PSYoungGen: 67200K->1648K(76288K)] 67232K->1688K(251392K), 0,0016718 secs] [Times: user=0,01 sys=0,00, real=0,00 secs] 
1,204: [GC (Allocation Failure) [PSYoungGen: 67184K->1632K(135680K)] 67224K->1680K(310784K), 0,0016945 secs] [Times: user=0,00 sys=0,00, real=0,00 secs] 
1,377: [GC (Allocation Failure) [PSYoungGen: 132704K->32K(135680K)] 132752K->1659K(310784K), 0,0020290 secs] [Times: user=0,01 sys=0,00, real=0,00 secs] 
1,523: [GC (Allocation Failure) [PSYoungGen: 131104K->96K(266752K)] 132731K->1723K(441856K), 0,0005533 secs] [Times: user=0,00 sys=0,00, real=0,00 secs] 
1,871: [GC (Allocation Failure) [PSYoungGen: 262240K->96K(252416K)] 263867K->1723K(427520K), 0,0005702 secs] [Times: user=0,00 sys=0,00, real=0,00 secs] 
2,152: [GC (Allocation Failure) [PSYoungGen: 252000K->96K(242688K)] 253627K->1723K(417792K), 0,0011261 secs] [Times: user=0,00 sys=0,00, real=0,01 secs] 
2,424: [GC (Allocation Failure) [PSYoungGen: 242272K->64K(237568K)] 243899K->1699K(412672K), 0,0006506 secs] [Times: user=0,00 sys=0,00, real=0,00 secs] 
2,696: [GC (Allocation Failure) [PSYoungGen: 233024K->96K(224768K)] 234659K->1731K(399872K), 0,0006351 secs] [Times: user=0,00 sys=0,00, real=0,00 secs] 
2,948: [GC (Allocation Failure) [PSYoungGen: 224352K->64K(220672K)] 225987K->1707K(395776K), 0,0005416 secs] [Times: user=0,00 sys=0,00, real=0,00 secs] 
3,192: [GC (Allocation Failure) [PSYoungGen: 216128K->96K(208384K)] 217771K->1739K(383488K), 0,0006322 secs] [Times: user=0,00 sys=0,00, real=0,01 secs] 
3,440: [GC (Allocation Failure) [PSYoungGen: 207968K->64K(204288K)] 209611K->1707K(379392K), 0,0019152 secs] [Times: user=0,00 sys=0,00, real=0,00 secs] 
3,698: [GC (Allocation Failure) [PSYoungGen: 200256K->32K(193536K)] 201899K->1675K(368640K), 0,0005979 secs] [Times: user=0,00 sys=0,00, real=0,00 secs] 
3,938: [GC (Allocation Failure) [PSYoungGen: 193056K->96K(189440K)] 194699K->1739K(364544K), 0,0005235 secs] [Times: user=0,00 sys=0,00, real=0,00 secs] 
4,260: [GC (Allocation Failure) [PSYoungGen: 185952K->64K(179712K)] 187595K->1707K(354816K), 0,0006189 secs] [Times: user=0,00 sys=0,00, real=0,00 secs] 
4,487: [GC (Allocation Failure) [PSYoungGen: 179264K->96K(176640K)] 180907K->1739K(351744K), 0,0005479 secs] [Times: user=0,00 sys=0,00, real=0,00 secs] 
4,679: [GC (Allocation Failure) [PSYoungGen: 173152K->96K(167424K)] 174795K->1739K(342528K), 0,0006744 secs] [Times: user=0,00 sys=0,00, real=0,00 secs] 
4,863: [GC (Allocation Failure) [PSYoungGen: 167008K->64K(164352K)] 168651K->1707K(339456K), 0,0005661 secs] [Times: user=0,00 sys=0,00, real=0,00 secs] 
5,045: [GC (Allocation Failure) [PSYoungGen: 161344K->96K(156160K)] 162987K->1739K(331264K), 0,0006114 secs] [Times: user=0,00 sys=0,00, real=0,00 secs] 
5,217: [GC (Allocation Failure) [PSYoungGen: 155744K->96K(153088K)] 157387K->1739K(328192K), 0,0005358 secs] [Times: user=0,00 sys=0,00, real=0,00 secs] 
5,385: [GC (Allocation Failure) [PSYoungGen: 150624K->96K(145920K)] 152267K->1739K(321024K), 0,0005841 secs] [Times: user=0,01 sys=0,00, real=0,00 secs] 
5,543: [GC (Allocation Failure) [PSYoungGen: 145504K->96K(143360K)] 147147K->1739K(318464K), 0,0006388 secs] [Times: user=0,00 sys=0,00, real=0,00 secs] 
5,815: [GC (Allocation Failure) [PSYoungGen: 140896K->64K(136704K)] 142539K->1715K(311808K), 0,0013575 secs] [Times: user=0,01 sys=0,00, real=0,00 secs] 
6,009: [GC (Allocation Failure) [PSYoungGen: 136256K->64K(134144K)] 137907K->1715K(309248K), 0,0006422 secs] [Times: user=0,01 sys=0,00, real=0,00 secs] 
6,220: [GC (Allocation Failure) [PSYoungGen: 132160K->96K(128512K)] 133811K->1747K(303616K), 0,0006728 secs] [Times: user=0,01 sys=0,00, real=0,00 secs] 
6,429: [GC (Allocation Failure) [PSYoungGen: 128096K->96K(125952K)] 129747K->1747K(301056K), 0,0005875 secs] [Times: user=0,00 sys=0,00, real=0,00 secs] 
6,579: [GC (Allocation Failure) [PSYoungGen: 124000K->96K(120832K)] 125651K->1747K(295936K), 0,0006939 secs] [Times: user=0,00 sys=0,00, real=0,00 secs] 
6,756: [GC (Allocation Failure) [PSYoungGen: 120416K->64K(118272K)] 122067K->1715K(293376K), 0,0032612 secs] [Times: user=0,00 sys=0,00, real=0,00 secs] 
6,954: [GC (Allocation Failure) [PSYoungGen: 116800K->96K(113664K)] 118451K->1747K(288768K), 0,0005960 secs] [Times: user=0,00 sys=0,00, real=0,00 secs] 
7,092: [GC (Allocation Failure) [PSYoungGen: 113248K->96K(111616K)] 114899K->1747K(286720K), 0,0005904 secs] [Times: user=0,00 sys=0,00, real=0,00 secs] 
7,244: [GC (Allocation Failure) [PSYoungGen: 110176K->64K(107520K)] 111827K->1715K(282624K), 0,0011438 secs] [Times: user=0,01 sys=0,00, real=0,00 secs] 
7,396: [GC (Allocation Failure) [PSYoungGen: 107072K->64K(105472K)] 108723K->1715K(280576K), 0,0013122 secs] [Times: user=0,00 sys=0,00, real=0,00 secs] 
7,533: [GC (Allocation Failure) [PSYoungGen: 104000K->96K(101376K)] 105651K->1747K(276480K), 0,0006199 secs] [Times: user=0,00 sys=0,00, real=0,01 secs] 
7,709: [GC (Allocation Failure) [PSYoungGen: 100960K->64K(99328K)] 102611K->1715K(274432K), 0,0011510 secs] [Times: user=0,00 sys=0,00, real=0,00 secs] 
7,902: [GC (Allocation Failure) [PSYoungGen: 98368K->96K(96256K)] 100019K->1747K(271360K), 0,0007162 secs] [Times: user=0,00 sys=0,00, real=0,01 secs] 
8,047: [GC (Allocation Failure) [PSYoungGen: 95840K->64K(94208K)] 97491K->1715K(269312K), 0,0019059 secs] [Times: user=0,00 sys=0,00, real=0,00 secs] 
8,173: [GC (Allocation Failure) [PSYoungGen: 93248K->96K(91136K)] 94899K->1747K(266240K), 0,0005962 secs] [Times: user=0,00 sys=0,00, real=0,00 secs] 
8,353: [GC (Allocation Failure) [PSYoungGen: 90720K->64K(89088K)] 92371K->1715K(264192K), 0,0015584 secs] [Times: user=0,00 sys=0,00, real=0,00 secs] 
8,485: [GC (Allocation Failure) [PSYoungGen: 88128K->64K(86528K)] 89779K->1715K(261632K), 0,0005866 secs] [Times: user=0,00 sys=0,00, real=0,00 secs] 
8,593: [GC (Allocation Failure) [PSYoungGen: 86080K->96K(84992K)] 87731K->1747K(260096K), 0,0005835 secs] [Times: user=0,00 sys=0,00, real=0,00 secs] 
8,697: [GC (Allocation Failure) [PSYoungGen: 84064K->96K(82432K)] 85715K->1747K(257536K), 0,0006386 secs] [Times: user=0,01 sys=0,00, real=0,00 secs] 
8,823: [GC (Allocation Failure) [PSYoungGen: 82016K->64K(80896K)] 83667K->1715K(256000K), 0,0014588 secs] [Times: user=0,00 sys=0,00, real=0,00 secs] 
8,963: [GC (Allocation Failure) [PSYoungGen: 79936K->128K(78336K)] 81587K->1779K(253440K), 0,0006085 secs] [Times: user=0,00 sys=0,00, real=0,00 secs] 
9,058: [GC (Allocation Failure) [PSYoungGen: 77952K->96K(76288K)] 79603K->1747K(251392K), 0,0005727 secs] [Times: user=0,00 sys=0,00, real=0,00 secs] 
9,151: [GC (Allocation Failure) [PSYoungGen: 75872K->96K(74752K)] 77523K->1747K(249856K), 0,0004860 secs] [Times: user=0,00 sys=0,00, real=0,00 secs] 
9,241: [GC (Allocation Failure) [PSYoungGen: 74336K->32K(73216K)] 75987K->1683K(248320K), 0,0005152 secs] [Times: user=0,00 sys=0,00, real=0,00 secs] 
9,328: [GC (Allocation Failure) [PSYoungGen: 72736K->96K(71680K)] 74387K->1747K(246784K), 0,0006291 secs] [Times: user=0,00 sys=0,00, real=0,00 secs] 
9,412: [GC (Allocation Failure) [PSYoungGen: 71264K->64K(70144K)] 72915K->1715K(245248K), 0,0006176 secs] [Times: user=0,00 sys=0,00, real=0,00 secs] 
9,492: [GC (Allocation Failure) [PSYoungGen: 69696K->64K(68608K)] 71347K->1715K(243712K), 0,0006938 secs] [Times: user=0,00 sys=0,00, real=0,01 secs] 
9,572: [GC (Allocation Failure) [PSYoungGen: 68160K->32K(67072K)] 69811K->1683K(242176K), 0,0008504 secs] [Times: user=0,00 sys=0,00, real=0,00 secs] 
9,651: [GC (Allocation Failure) [PSYoungGen: 66592K->64K(65536K)] 68243K->1715K(240640K), 0,0011526 secs] [Times: user=0,00 sys=0,00, real=0,00 secs] 
9,728: [GC (Allocation Failure) [PSYoungGen: 65088K->96K(64000K)] 66739K->1747K(239104K), 0,0006640 secs] [Times: user=0,01 sys=0,00, real=0,00 secs] 
9,798: [GC (Allocation Failure) [PSYoungGen: 63584K->96K(62464K)] 65235K->1747K(237568K), 0,0005565 secs] [Times: user=0,01 sys=0,00, real=0,00 secs] 
9,867: [GC (Allocation Failure) [PSYoungGen: 62048K->64K(61440K)] 63699K->1715K(236544K), 0,0005531 secs] [Times: user=0,00 sys=0,00, real=0,00 secs] 
9,935: [GC (Allocation Failure) [PSYoungGen: 60992K->96K(60416K)] 62643K->1747K(235520K), 0,0005501 secs] [Times: user=0,00 sys=0,00, real=0,00 secs] 
10,003: [GC (Allocation Failure) [PSYoungGen: 60000K->64K(59392K)] 61651K->1715K(234496K), 0,0008686 secs] [Times: user=0,00 sys=0,00, real=0,00 secs] 
10,073: [GC (Allocation Failure) [PSYoungGen: 58944K->64K(58368K)] 60595K->1715K(233472K), 0,0004441 secs] [Times: user=0,00 sys=0,00, real=0,00 secs] 
10,137: [GC (Allocation Failure) [PSYoungGen: 57920K->32K(57344K)] 59571K->1683K(232448K), 0,0005612 secs] [Times: user=0,00 sys=0,00, real=0,00 secs] 
10,201: [GC (Allocation Failure) [PSYoungGen: 56864K->96K(56320K)] 58515K->1747K(231424K), 0,0005532 secs] [Times: user=0,01 sys=0,00, real=0,00 secs] 
10,261: [GC (Allocation Failure) [PSYoungGen: 55904K->96K(55296K)] 57555K->1747K(230400K), 0,0005441 secs] [Times: user=0,01 sys=0,00, real=0,00 secs] 
10,336: [GC (Allocation Failure) [PSYoungGen: 54880K->160K(54272K)] 56531K->1811K(229376K), 0,0005212 secs] [Times: user=0,00 sys=0,00, real=0,00 secs] 
10,395: [GC (Allocation Failure) [PSYoungGen: 53920K->32K(53248K)] 55571K->1747K(228352K), 0,0004914 secs] [Times: user=0,00 sys=0,00, real=0,00 secs] 
10,455: [GC (Allocation Failure) [PSYoungGen: 52768K->32K(52224K)] 54483K->1747K(227328K), 0,0005093 secs] [Times: user=0,00 sys=0,00, real=0,00 secs] 
10,511: [GC (Allocation Failure) [PSYoungGen: 51744K->64K(51200K)] 53459K->1779K(226304K), 0,0005430 secs] [Times: user=0,00 sys=0,00, real=0,00 secs] 
10,565: [GC (Allocation Failure) [PSYoungGen: 50752K->96K(50176K)] 52467K->1811K(225280K), 0,0005000 secs] [Times: user=0,00 sys=0,00, real=0,00 secs] 
10,618: [GC (Allocation Failure) [PSYoungGen: 49760K->96K(49152K)] 51475K->1811K(224256K), 0,0005200 secs] [Times: user=0,01 sys=0,00, real=0,00 secs] 
10,670: [GC (Allocation Failure) [PSYoungGen: 48736K->96K(48128K)] 50451K->1811K(223232K), 0,0005766 secs] [Times: user=0,00 sys=0,00, real=0,00 secs] 
10,723: [GC (Allocation Failure) [PSYoungGen: 47712K->96K(47616K)] 49427K->1811K(222720K), 0,0004939 secs] [Times: user=0,00 sys=0,00, real=0,00 secs] 
10,774: [GC (Allocation Failure) [PSYoungGen: 47200K->96K(47104K)] 48915K->1811K(222208K), 0,0004914 secs] [Times: user=0,00 sys=0,00, real=0,00 secs] 
10,832: [GC (Allocation Failure) [PSYoungGen: 46688K->32K(56832K)] 48403K->1747K(231936K), 0,0013327 secs] [Times: user=0,00 sys=0,00, real=0,01 secs] 
10,936: [GC (Allocation Failure) [PSYoungGen: 56352K->32K(68096K)] 58067K->1747K(243200K), 0,0088921 secs] [Times: user=0,00 sys=0,00, real=0,01 secs] 
11,057: [GC (Allocation Failure) [PSYoungGen: 67616K->32K(81920K)] 69331K->1747K(257024K), 0,0005492 secs] [Times: user=0,01 sys=0,00, real=0,00 secs] 
11,263: [GC (Allocation Failure) [PSYoungGen: 81440K->64K(98304K)] 83155K->1779K(273408K), 0,0020162 secs] [Times: user=0,00 sys=0,00, real=0,00 secs] 
11,555: [GC (Allocation Failure) [PSYoungGen: 97856K->64K(118272K)] 99571K->1779K(293376K), 0,0006221 secs] [Times: user=0,00 sys=0,00, real=0,00 secs] 
11,866: [GC (Allocation Failure) [PSYoungGen: 117823K->64K(141824K)] 119539K->1779K(316928K), 0,0011920 secs] [Times: user=0,00 sys=0,00, real=0,00 secs] 
12,283: [GC (Allocation Failure) [PSYoungGen: 141376K->96K(137216K)] 143091K->1811K(312320K), 0,0017249 secs] [Times: user=0,00 sys=0,00, real=0,00 secs] 
12,616: [GC (Allocation Failure) [PSYoungGen: 136800K->96K(132608K)] 138515K->1819K(307712K), 0,0005590 secs] [Times: user=0,00 sys=0,00, real=0,00 secs] 
12,785: [GC (Allocation Failure) [PSYoungGen: 132192K->96K(128512K)] 133915K->1819K(303616K), 0,0005921 secs] [Times: user=0,00 sys=0,00, real=0,00 secs] 
12,946: [GC (Allocation Failure) [PSYoungGen: 128096K->64K(124416K)] 129819K->1787K(299520K), 0,0006453 secs] [Times: user=0,00 sys=0,00, real=0,00 secs] 
13,102: [GC (Allocation Failure) [PSYoungGen: 123968K->96K(120832K)] 125691K->1819K(295936K), 0,0006018 secs] [Times: user=0,00 sys=0,00, real=0,01 secs] 
13,297: [GC (Allocation Failure) [PSYoungGen: 120416K->96K(117248K)] 122139K->1819K(292352K), 0,0005988 secs] [Times: user=0,00 sys=0,00, real=0,00 secs] 
13,473: [GC (Allocation Failure) [PSYoungGen: 116832K->64K(113664K)] 118555K->1787K(288768K), 0,0005192 secs] [Times: user=0,00 sys=0,00, real=0,00 secs] 
13,634: [GC (Allocation Failure) [PSYoungGen: 113216K->32K(110592K)] 114939K->1755K(285696K), 0,0012841 secs] [Times: user=0,00 sys=0,00, real=0,00 secs] 
13,773: [GC (Allocation Failure) [PSYoungGen: 110112K->96K(107520K)] 111835K->1819K(282624K), 0,0006281 secs] [Times: user=0,00 sys=0,00, real=0,00 secs] 
13,903: [GC (Allocation Failure) [PSYoungGen: 107104K->96K(104448K)] 108827K->1819K(279552K), 0,0006619 secs] [Times: user=0,00 sys=0,00, real=0,00 secs] 
14,029: [GC (Allocation Failure) [PSYoungGen: 104032K->64K(101376K)] 105755K->1787K(276480K), 0,0010510 secs] [Times: user=0,01 sys=0,00, real=0,00 secs] 
14,164: [GC (Allocation Failure) [PSYoungGen: 100928K->32K(98816K)] 102651K->1755K(273920K), 0,0011016 secs] [Times: user=0,00 sys=0,00, real=0,00 secs] 
14,293: [GC (Allocation Failure) [PSYoungGen: 98336K->32K(96256K)] 100059K->1755K(271360K), 0,0010884 secs] [Times: user=0,00 sys=0,00, real=0,00 secs] 
14,413: [GC (Allocation Failure) [PSYoungGen: 95776K->32K(93696K)] 97499K->1755K(268800K), 0,0011153 secs] [Times: user=0,00 sys=0,00, real=0,00 secs] 
14,528: [GC (Allocation Failure) [PSYoungGen: 93216K->96K(91136K)] 94939K->1819K(266240K), 0,0005417 secs] [Times: user=0,00 sys=0,00, real=0,00 secs] 
14,648: [GC (Allocation Failure) [PSYoungGen: 90720K->32K(88576K)] 92443K->1755K(263680K), 0,0015216 secs] [Times: user=0,00 sys=0,00, real=0,00 secs] 
14,770: [GC (Allocation Failure) [PSYoungGen: 88096K->64K(86528K)] 89819K->1787K(261632K), 0,0011031 secs] [Times: user=0,00 sys=0,00, real=0,00 secs] 
14,872: [GC (Allocation Failure) [PSYoungGen: 86080K->96K(84480K)] 87803K->1819K(259584K), 0,0005511 secs] [Times: user=0,01 sys=0,00, real=0,00 secs] 
14,968: [GC (Allocation Failure) [PSYoungGen: 84064K->96K(82432K)] 85787K->1819K(257536K), 0,0005467 secs] [Times: user=0,00 sys=0,00, real=0,00 secs] 
15,067: [GC (Allocation Failure) [PSYoungGen: 82016K->96K(80384K)] 83739K->1819K(255488K), 0,0005517 secs] [Times: user=0,00 sys=0,00, real=0,00 secs] 
15,161: [GC (Allocation Failure) [PSYoungGen: 79968K->96K(78336K)] 81691K->1819K(253440K), 0,0004595 secs] [Times: user=0,00 sys=0,00, real=0,00 secs] 
15,250: [GC (Allocation Failure) [PSYoungGen: 77920K->64K(76288K)] 79643K->1787K(251392K), 0,0005556 secs] [Times: user=0,00 sys=0,00, real=0,00 secs] 
15,335: [GC (Allocation Failure) [PSYoungGen: 75840K->64K(74752K)] 77563K->1787K(249856K), 0,0005760 secs] [Times: user=0,00 sys=0,00, real=0,00 secs] 
15,418: [GC (Allocation Failure) [PSYoungGen: 74304K->96K(73216K)] 76027K->1819K(248320K), 0,0005305 secs] [Times: user=0,00 sys=0,00, real=0,00 secs] 
15,509: [GC (Allocation Failure) [PSYoungGen: 72800K->64K(71680K)] 74523K->1787K(246784K), 0,0010238 secs] [Times: user=0,00 sys=0,00, real=0,00 secs] 
15,592: [GC (Allocation Failure) [PSYoungGen: 71232K->96K(70144K)] 72955K->1819K(245248K), 0,0005840 secs] [Times: user=0,00 sys=0,00, real=0,00 secs] 
15,671: [GC (Allocation Failure) [PSYoungGen: 69728K->96K(68608K)] 71451K->1819K(243712K), 0,0004924 secs] [Times: user=0,00 sys=0,00, real=0,00 secs] 
15,749: [GC (Allocation Failure) [PSYoungGen: 68192K->96K(67072K)] 69915K->1819K(242176K), 0,0005830 secs] [Times: user=0,00 sys=0,00, real=0,00 secs] 
15,821: [GC (Allocation Failure) [PSYoungGen: 66656K->64K(65536K)] 68379K->1787K(240640K), 0,0005532 secs] [Times: user=0,00 sys=0,00, real=0,00 secs] 
15,892: [GC (Allocation Failure) [PSYoungGen: 65088K->96K(64000K)] 66811K->1819K(239104K), 0,0005279 secs] [Times: user=0,00 sys=0,00, real=0,00 secs] 
15,960: [GC (Allocation Failure) [PSYoungGen: 63584K->96K(62464K)] 65307K->1819K(237568K), 0,0005467 secs] [Times: user=0,00 sys=0,00, real=0,00 secs] 
16,027: [GC (Allocation Failure) [PSYoungGen: 62048K->64K(61440K)] 63771K->1787K(236544K), 0,0005368 secs] [Times: user=0,00 sys=0,00, real=0,00 secs] 
16,099: [GC (Allocation Failure) [PSYoungGen: 60992K->64K(60416K)] 62715K->1787K(235520K), 0,0005321 secs] [Times: user=0,00 sys=0,00, real=0,00 secs] 
16,170: [GC (Allocation Failure) [PSYoungGen: 59967K->96K(59392K)] 61691K->1819K(234496K), 0,0008852 secs] [Times: user=0,00 sys=0,00, real=0,00 secs] 
16,236: [GC (Allocation Failure) [PSYoungGen: 58976K->96K(58368K)] 60699K->1819K(233472K), 0,0005131 secs] [Times: user=0,01 sys=0,00, real=0,00 secs] 
16,297: [GC (Allocation Failure) [PSYoungGen: 57952K->96K(57344K)] 59675K->1819K(232448K), 0,0005216 secs] [Times: user=0,00 sys=0,00, real=0,00 secs] 
16,369: [GC (Allocation Failure) [PSYoungGen: 56928K->32K(56320K)] 58651K->1755K(231424K), 0,0010655 secs] [Times: user=0,00 sys=0,00, real=0,00 secs] 
16,432: [GC (Allocation Failure) [PSYoungGen: 55840K->64K(67584K)] 57563K->1787K(242688K), 0,0010818 secs] [Times: user=0,00 sys=0,00, real=0,01 secs] 
16,507: [GC (Allocation Failure) [PSYoungGen: 67136K->64K(66048K)] 68859K->1787K(241152K), 0,0005164 secs] [Times: user=0,00 sys=0,00, real=0,00 secs] 
16,579: [GC (Allocation Failure) [PSYoungGen: 65600K->32K(64512K)] 67323K->1755K(239616K), 0,0005010 secs] [Times: user=0,00 sys=0,00, real=0,00 secs] 
16,647: [GC (Allocation Failure) [PSYoungGen: 64032K->96K(62976K)] 65755K->1819K(238080K), 0,0004937 secs] [Times: user=0,00 sys=0,00, real=0,00 secs] 
16,716: [GC (Allocation Failure) [PSYoungGen: 62560K->64K(61952K)] 64283K->1787K(237056K), 0,0009773 secs] [Times: user=0,00 sys=0,00, real=0,00 secs] 
16,782: [GC (Allocation Failure) [PSYoungGen: 61504K->96K(60928K)] 63227K->1819K(236032K), 0,0005145 secs] [Times: user=0,00 sys=0,00, real=0,01 secs] 
16,847: [GC (Allocation Failure) [PSYoungGen: 60512K->32K(59904K)] 62235K->1755K(235008K), 0,0004958 secs] [Times: user=0,00 sys=0,00, real=0,00 secs] 
16,911: [GC (Allocation Failure) [PSYoungGen: 59424K->96K(58880K)] 61147K->1819K(233984K), 0,0005508 secs] [Times: user=0,01 sys=0,00, real=0,00 secs] 
16,974: [GC (Allocation Failure) [PSYoungGen: 58464K->64K(57856K)] 60187K->1787K(232960K), 0,0005036 secs] [Times: user=0,00 sys=0,00, real=0,00 secs] 
17,037: [GC (Allocation Failure) [PSYoungGen: 57408K->96K(56832K)] 59131K->1819K(231936K), 0,0005144 secs] [Times: user=0,00 sys=0,00, real=0,00 secs] 
17,099: [GC (Allocation Failure) [PSYoungGen: 56416K->96K(55808K)] 58139K->1819K(230912K), 0,0005116 secs] [Times: user=0,00 sys=0,00, real=0,00 secs] 
17,158: [GC (Allocation Failure) [PSYoungGen: 55392K->32K(67072K)] 57115K->1755K(242176K), 0,0010724 secs] [Times: user=0,00 sys=0,00, real=0,00 secs] 
17,232: [GC (Allocation Failure) [PSYoungGen: 66592K->64K(65536K)] 68315K->1787K(240640K), 0,0005216 secs] [Times: user=0,01 sys=0,00, real=0,01 secs] 
17,302: [GC (Allocation Failure) [PSYoungGen: 65088K->64K(64000K)] 66811K->1787K(239104K), 0,0005061 secs] [Times: user=0,01 sys=0,00, real=0,01 secs] 
17,370: [GC (Allocation Failure) [PSYoungGen: 63552K->64K(62464K)] 65275K->1787K(237568K), 0,0005031 secs] [Times: user=0,00 sys=0,00, real=0,00 secs] 
17,437: [GC (Allocation Failure) [PSYoungGen: 62016K->96K(61440K)] 63739K->1819K(236544K), 0,0005152 secs] [Times: user=0,00 sys=0,00, real=0,00 secs] 
17,511: [GC (Allocation Failure) [PSYoungGen: 61024K->64K(60416K)] 62747K->1787K(235520K), 0,0015271 secs] [Times: user=0,00 sys=0,00, real=0,01 secs] 
17,578: [GC (Allocation Failure) [PSYoungGen: 59968K->64K(59392K)] 61691K->1787K(234496K), 0,0005385 secs] [Times: user=0,00 sys=0,00, real=0,00 secs] 
17,640: [GC (Allocation Failure) [PSYoungGen: 58944K->96K(58368K)] 60667K->1819K(233472K), 0,0005245 secs] [Times: user=0,00 sys=0,00, real=0,00 secs] 
17,701: [GC (Allocation Failure) [PSYoungGen: 57952K->96K(57344K)] 59675K->1819K(232448K), 0,0005465 secs] [Times: user=0,00 sys=0,00, real=0,00 secs] 
17,761: [GC (Allocation Failure) [PSYoungGen: 56928K->96K(56320K)] 58651K->1819K(231424K), 0,0004860 secs] [Times: user=0,00 sys=0,00, real=0,00 secs] 
17,820: [GC (Allocation Failure) [PSYoungGen: 55904K->96K(55296K)] 57627K->1819K(230400K), 0,0005084 secs] [Times: user=0,00 sys=0,00, real=0,00 secs] 
17,877: [GC (Allocation Failure) [PSYoungGen: 54880K->64K(54272K)] 56603K->1787K(229376K), 0,0004831 secs] [Times: user=0,00 sys=0,00, real=0,00 secs] 
17,934: [GC (Allocation Failure) [PSYoungGen: 53824K->96K(53248K)] 55547K->1819K(228352K), 0,0004883 secs] [Times: user=0,00 sys=0,00, real=0,00 secs] 
17,990: [GC (Allocation Failure) [PSYoungGen: 52832K->96K(52224K)] 54555K->1819K(227328K), 0,0005184 secs] [Times: user=0,00 sys=0,00, real=0,00 secs] 
18,044: [GC (Allocation Failure) [PSYoungGen: 51808K->32K(51200K)] 53531K->1755K(226304K), 0,0007511 secs] [Times: user=0,00 sys=0,00, real=0,00 secs] 
18,099: [GC (Allocation Failure) [PSYoungGen: 50720K->96K(50176K)] 52443K->1819K(225280K), 0,0005048 secs] [Times: user=0,00 sys=0,00, real=0,00 secs] 
18,151: [GC (Allocation Failure) [PSYoungGen: 49760K->96K(49152K)] 51483K->1819K(224256K), 0,0005285 secs] [Times: user=0,00 sys=0,00, real=0,00 secs] 
18,203: [GC (Allocation Failure) [PSYoungGen: 48736K->96K(48128K)] 50459K->1819K(223232K), 0,0004849 secs] [Times: user=0,01 sys=0,00, real=0,00 secs] 
18,253: [GC (Allocation Failure) [PSYoungGen: 47712K->96K(47616K)] 49435K->1819K(222720K), 0,0003980 secs] [Times: user=0,01 sys=0,00, real=0,00 secs] 
18,303: [GC (Allocation Failure) [PSYoungGen: 47200K->96K(47104K)] 48923K->1819K(222208K), 0,0005138 secs] [Times: user=0,00 sys=0,00, real=0,00 secs] 
18,354: [GC (Allocation Failure) [PSYoungGen: 46688K->32K(46592K)] 48411K->1755K(221696K), 0,0005217 secs] [Times: user=0,00 sys=0,00, real=0,00 secs] 
18,404: [GC (Allocation Failure) [PSYoungGen: 46112K->96K(55808K)] 47835K->1819K(230912K), 0,0008097 secs] [Times: user=0,00 sys=0,00, real=0,00 secs] 
18,465: [GC (Allocation Failure) [PSYoungGen: 55392K->96K(54784K)] 57115K->1819K(229888K), 0,0005274 secs] [Times: user=0,00 sys=0,00, real=0,00 secs] 
18,524: [GC (Allocation Failure) [PSYoungGen: 54368K->64K(66048K)] 56091K->1787K(241152K), 0,0007676 secs] [Times: user=0,01 sys=0,00, real=0,00 secs] 
18,593: [GC (Allocation Failure) [PSYoungGen: 65600K->96K(64512K)] 67323K->1819K(239616K), 0,0005523 secs] [Times: user=0,01 sys=0,00, real=0,00 secs] 
18,663: [GC (Allocation Failure) [PSYoungGen: 64096K->96K(62976K)] 65819K->1819K(238080K), 0,0005144 secs] [Times: user=0,01 sys=0,00, real=0,00 secs] 
18,736: [GC (Allocation Failure) [PSYoungGen: 62560K->96K(61952K)] 64283K->1819K(237056K), 0,0005699 secs] [Times: user=0,00 sys=0,00, real=0,00 secs] 
18,804: [GC (Allocation Failure) [PSYoungGen: 61536K->96K(60928K)] 63259K->1819K(236032K), 0,0005256 secs] [Times: user=0,00 sys=0,00, real=0,00 secs] 
18,876: [GC (Allocation Failure) [PSYoungGen: 60512K->96K(59904K)] 62235K->1819K(235008K), 0,0005201 secs] [Times: user=0,01 sys=0,00, real=0,00 secs] 
18,941: [GC (Allocation Failure) [PSYoungGen: 59488K->96K(58880K)] 61211K->1819K(233984K), 0,0005080 secs] [Times: user=0,00 sys=0,00, real=0,00 secs] 
19,004: [GC (Allocation Failure) [PSYoungGen: 58464K->64K(57856K)] 60187K->1787K(232960K), 0,0010053 secs] [Times: user=0,00 sys=0,00, real=0,00 secs] 
19,113: [GC (Allocation Failure) [PSYoungGen: 57408K->32K(69632K)] 59131K->1755K(244736K), 0,0016702 secs] [Times: user=0,01 sys=0,00, real=0,00 secs] 
19,209: [GC (Allocation Failure) [PSYoungGen: 69152K->96K(68096K)] 70875K->1819K(243200K), 0,0005946 secs] [Times: user=0,00 sys=0,00, real=0,00 secs] 
19,287: [GC (Allocation Failure) [PSYoungGen: 67680K->96K(66560K)] 69403K->1819K(241664K), 0,0005143 secs] [Times: user=0,01 sys=0,00, real=0,00 secs] 
19,457: [GC (Allocation Failure) [PSYoungGen: 66144K->96K(65024K)] 67867K->1819K(240128K), 0,0011439 secs] [Times: user=0,00 sys=0,00, real=0,00 secs] 
19,531: [GC (Allocation Failure) [PSYoungGen: 64608K->96K(63488K)] 66331K->1819K(238592K), 0,0005268 secs] [Times: user=0,00 sys=0,00, real=0,00 secs] 
19,598: [GC (Allocation Failure) [PSYoungGen: 63072K->96K(61952K)] 64795K->1819K(237056K), 0,0005172 secs] [Times: user=0,01 sys=0,00, real=0,00 secs] 
19,665: [GC (Allocation Failure) [PSYoungGen: 61536K->96K(60928K)] 63259K->1819K(236032K), 0,0005109 secs] [Times: user=0,00 sys=0,00, real=0,00 secs] 
19,733: [GC (Allocation Failure) [PSYoungGen: 60512K->96K(59904K)] 62235K->1819K(235008K), 0,0005119 secs] [Times: user=0,00 sys=0,00, real=0,00 secs] 
19,797: [GC (Allocation Failure) [PSYoungGen: 59488K->96K(58880K)] 61211K->1819K(233984K), 0,0005108 secs] [Times: user=0,00 sys=0,00, real=0,00 secs] 
19,861: [GC (Allocation Failure) [PSYoungGen: 58464K->0K(57856K)] 60187K->1723K(232960K), 0,0004912 secs] [Times: user=0,00 sys=0,00, real=0,00 secs] 
19,957: [GC (Allocation Failure) [PSYoungGen: 57344K->64K(56832K)] 59067K->1787K(231936K), 0,0013890 secs] [Times: user=0,00 sys=0,00, real=0,00 secs] 
20,044: [GC (Allocation Failure) [PSYoungGen: 56384K->96K(55808K)] 58107K->1819K(230912K), 0,0005309 secs] [Times: user=0,00 sys=0,00, real=0,00 secs] 
20,125: [GC (Allocation Failure) [PSYoungGen: 55392K->64K(54784K)] 57115K->1787K(229888K), 0,0010031 secs] [Times: user=0,00 sys=0,00, real=0,00 secs] 
20,201: [GC (Allocation Failure) [PSYoungGen: 54336K->96K(53760K)] 56059K->1819K(228864K), 0,0009981 secs] [Times: user=0,00 sys=0,00, real=0,00 secs] 
20,279: [GC (Allocation Failure) [PSYoungGen: 53344K->64K(64512K)] 55067K->1787K(239616K), 0,0010972 secs] [Times: user=0,01 sys=0,00, real=0,00 secs] 
20,379: [GC (Allocation Failure) [PSYoungGen: 64064K->64K(77312K)] 65787K->1787K(252416K), 0,0012471 secs] [Times: user=0,01 sys=0,00, real=0,00 secs] 
20,503: [GC (Allocation Failure) [PSYoungGen: 76864K->32K(92672K)] 78587K->1771K(267776K), 0,0015454 secs] [Times: user=0,01 sys=0,00, real=0,00 secs] 
20,636: [GC (Allocation Failure) [PSYoungGen: 92192K->64K(90112K)] 93931K->1803K(265216K), 0,0009532 secs] [Times: user=0,01 sys=0,00, real=0,00 secs] 
20,756: [GC (Allocation Failure) [PSYoungGen: 89664K->96K(87552K)] 91403K->1835K(262656K), 0,0005639 secs] [Times: user=0,00 sys=0,00, real=0,00 secs] 
20,861: [GC (Allocation Failure) [PSYoungGen: 87136K->96K(85504K)] 88875K->1835K(260608K), 0,0005594 secs] [Times: user=0,00 sys=0,00, real=0,00 secs] 
20,963: [GC (Allocation Failure) [PSYoungGen: 85088K->96K(83456K)] 86827K->1835K(258560K), 0,0006385 secs] [Times: user=0,00 sys=0,00, real=0,00 secs] 
21,067: [GC (Allocation Failure) [PSYoungGen: 83040K->96K(81408K)] 84779K->1835K(256512K), 0,0004541 secs] [Times: user=0,00 sys=0,00, real=0,00 secs] 
21,175: [GC (Allocation Failure) [PSYoungGen: 80992K->64K(79360K)] 82731K->1803K(254464K), 0,0011299 secs] [Times: user=0,00 sys=0,01, real=0,00 secs] 
21,297: [GC (Allocation Failure) [PSYoungGen: 78912K->64K(77312K)] 80651K->1803K(252416K), 0,0019238 secs] [Times: user=0,00 sys=0,00, real=0,00 secs] 
21,416: [GC (Allocation Failure) [PSYoungGen: 76864K->32K(75264K)] 78603K->1771K(250368K), 0,0012616 secs] [Times: user=0,00 sys=0,00, real=0,00 secs] 
21,512: [GC (Allocation Failure) [PSYoungGen: 74784K->96K(73728K)] 76523K->1835K(248832K), 0,0006082 secs] [Times: user=0,00 sys=0,00, real=0,01 secs] 
21,599: [GC (Allocation Failure) [PSYoungGen: 73312K->64K(72192K)] 75051K->1803K(247296K), 0,0005513 secs] [Times: user=0,00 sys=0,00, real=0,00 secs] 
21,684: [GC (Allocation Failure) [PSYoungGen: 71744K->96K(70656K)] 73483K->1835K(245760K), 0,0006003 secs] [Times: user=0,00 sys=0,00, real=0,00 secs] 
21,776: [GC (Allocation Failure) [PSYoungGen: 70240K->64K(69120K)] 71979K->1803K(244224K), 0,0005928 secs] [Times: user=0,00 sys=0,00, real=0,00 secs] 
21,857: [GC (Allocation Failure) [PSYoungGen: 68672K->96K(67584K)] 70411K->1835K(242688K), 0,0005586 secs] [Times: user=0,00 sys=0,00, real=0,00 secs] 
21,934: [GC (Allocation Failure) [PSYoungGen: 67168K->32K(66048K)] 68907K->1771K(241152K), 0,0005226 secs] [Times: user=0,00 sys=0,00, real=0,00 secs] 
22,013: [GC (Allocation Failure) [PSYoungGen: 65568K->96K(64512K)] 67307K->1835K(239616K), 0,0005825 secs] [Times: user=0,00 sys=0,00, real=0,00 secs] 
22,090: [GC (Allocation Failure) [PSYoungGen: 64096K->64K(62976K)] 65835K->1803K(238080K), 0,0012178 secs] [Times: user=0,01 sys=0,00, real=0,00 secs] 
22,163: [GC (Allocation Failure) [PSYoungGen: 62528K->96K(61952K)] 64267K->1835K(237056K), 0,0005426 secs] [Times: user=0,00 sys=0,00, real=0,00 secs] 
22,233: [GC (Allocation Failure) [PSYoungGen: 61536K->64K(60928K)] 63275K->1803K(236032K), 0,0010739 secs] [Times: user=0,00 sys=0,00, real=0,00 secs] 
22,320: [GC (Allocation Failure) [PSYoungGen: 60480K->64K(73216K)] 62219K->1803K(248320K), 0,0011460 secs] [Times: user=0,00 sys=0,00, real=0,00 secs] 
22,411: [GC (Allocation Failure) [PSYoungGen: 72768K->64K(88064K)] 74507K->1803K(263168K), 0,0010715 secs] [Times: user=0,01 sys=0,00, real=0,00 secs] 
22,514: [GC (Allocation Failure) [PSYoungGen: 87616K->64K(105984K)] 89355K->1803K(281088K), 0,0010452 secs] [Times: user=0,00 sys=0,00, real=0,00 secs] 
22,639: [GC (Allocation Failure) [PSYoungGen: 105536K->64K(102912K)] 107275K->1803K(278016K), 0,0010206 secs] [Times: user=0,00 sys=0,00, real=0,00 secs] 
22,757: [GC (Allocation Failure) [PSYoungGen: 102464K->96K(99840K)] 104203K->1835K(274944K), 0,0005312 secs] [Times: user=0,00 sys=0,00, real=0,00 secs] 
22,868: [GC (Allocation Failure) [PSYoungGen: 99424K->96K(97280K)] 101163K->1835K(272384K), 0,0005394 secs] [Times: user=0,00 sys=0,00, real=0,00 secs] 
22,979: [GC (Allocation Failure) [PSYoungGen: 96864K->64K(94720K)] 98603K->1803K(269824K), 0,0005458 secs] [Times: user=0,00 sys=0,00, real=0,00 secs] 
23,089: [GC (Allocation Failure) [PSYoungGen: 94272K->64K(92160K)] 96011K->1803K(267264K), 0,0010307 secs] [Times: user=0,00 sys=0,00, real=0,00 secs] 
23,195: [GC (Allocation Failure) [PSYoungGen: 91712K->96K(89600K)] 93451K->1835K(264704K), 0,0005078 secs] [Times: user=0,00 sys=0,00, real=0,00 secs] 
23,295: [GC (Allocation Failure) [PSYoungGen: 89184K->96K(87040K)] 90923K->1835K(262144K), 0,0005317 secs] [Times: user=0,01 sys=0,00, real=0,00 secs] 
23,391: [GC (Allocation Failure) [PSYoungGen: 86624K->96K(84992K)] 88363K->1835K(260096K), 0,0005305 secs] [Times: user=0,00 sys=0,00, real=0,00 secs] 
23,486: [GC (Allocation Failure) [PSYoungGen: 84576K->96K(82944K)] 86315K->1835K(258048K), 0,0005496 secs] [Times: user=0,00 sys=0,00, real=0,00 secs] 
23,581: [GC (Allocation Failure) [PSYoungGen: 82528K->96K(80896K)] 84267K->1843K(256000K), 0,0005157 secs] [Times: user=0,00 sys=0,00, real=0,00 secs] 
23,671: [GC (Allocation Failure) [PSYoungGen: 80480K->96K(78848K)] 82227K->1843K(253952K), 0,0005383 secs] [Times: user=0,00 sys=0,00, real=0,00 secs] 
23,758: [GC (Allocation Failure) [PSYoungGen: 78432K->96K(76800K)] 80179K->1843K(251904K), 0,0005339 secs] [Times: user=0,00 sys=0,00, real=0,00 secs] 
23,844: [GC (Allocation Failure) [PSYoungGen: 76384K->96K(74752K)] 78131K->1843K(249856K), 0,0005384 secs] [Times: user=0,00 sys=0,00, real=0,00 secs] 
23,929: [GC (Allocation Failure) [PSYoungGen: 74336K->96K(73216K)] 76083K->1843K(248320K), 0,0005366 secs] [Times: user=0,00 sys=0,00, real=0,00 secs] 
24,013: [GC (Allocation Failure) [PSYoungGen: 72800K->32K(71680K)] 74547K->1779K(246784K), 0,0010591 secs] [Times: user=0,00 sys=0,00, real=0,00 secs] 
24,094: [GC (Allocation Failure) [PSYoungGen: 71200K->96K(70144K)] 72947K->1843K(245248K), 0,0005185 secs] [Times: user=0,00 sys=0,00, real=0,00 secs] 
24,170: [GC (Allocation Failure) [PSYoungGen: 69728K->96K(68608K)] 71475K->1843K(243712K), 0,0005553 secs] [Times: user=0,00 sys=0,00, real=0,00 secs] 
24,246: [GC (Allocation Failure) [PSYoungGen: 68192K->96K(67072K)] 69939K->1843K(242176K), 0,0005123 secs] [Times: user=0,00 sys=0,00, real=0,00 secs] 
24,320: [GC (Allocation Failure) [PSYoungGen: 66656K->64K(65536K)] 68403K->1811K(240640K), 0,0010066 secs] [Times: user=0,00 sys=0,00, real=0,00 secs] 
24,394: [GC (Allocation Failure) [PSYoungGen: 65088K->96K(64000K)] 66835K->1843K(239104K), 0,0005330 secs] [Times: user=0,00 sys=0,00, real=0,00 secs] 
24,465: [GC (Allocation Failure) [PSYoungGen: 63584K->96K(62464K)] 65331K->1843K(237568K), 0,0005069 secs] [Times: user=0,00 sys=0,00, real=0,00 secs] 
24,534: [GC (Allocation Failure) [PSYoungGen: 62048K->64K(61440K)] 63795K->1811K(236544K), 0,0005361 secs] [Times: user=0,00 sys=0,00, real=0,00 secs] 
24,601: [GC (Allocation Failure) [PSYoungGen: 60992K->96K(60416K)] 62739K->1843K(235520K), 0,0005287 secs] [Times: user=0,00 sys=0,00, real=0,00 secs] 
24,666: [GC (Allocation Failure) [PSYoungGen: 60000K->64K(59392K)] 61747K->1811K(234496K), 0,0007541 secs] [Times: user=0,00 sys=0,00, real=0,00 secs] 
24,732: [GC (Allocation Failure) [PSYoungGen: 58944K->64K(58368K)] 60691K->1811K(233472K), 0,0005174 secs] [Times: user=0,00 sys=0,00, real=0,00 secs] 
24,796: [GC (Allocation Failure) [PSYoungGen: 57920K->96K(57344K)] 59667K->1843K(232448K), 0,0005225 secs] [Times: user=0,00 sys=0,00, real=0,00 secs] 
24,859: [GC (Allocation Failure) [PSYoungGen: 56928K->96K(56320K)] 58675K->1843K(231424K), 0,0005133 secs] [Times: user=0,00 sys=0,00, real=0,00 secs] 
24,923: [GC (Allocation Failure) [PSYoungGen: 55904K->64K(55296K)] 57651K->1811K(230400K), 0,0010438 secs] [Times: user=0,00 sys=0,00, real=0,00 secs] 
24,988: [GC (Allocation Failure) [PSYoungGen: 54848K->96K(54272K)] 56595K->1843K(229376K), 0,0005273 secs] [Times: user=0,00 sys=0,00, real=0,00 secs] 
25,050: [GC (Allocation Failure) [PSYoungGen: 53856K->96K(53248K)] 55603K->1843K(228352K), 0,0005114 secs] [Times: user=0,00 sys=0,00, real=0,00 secs] 
25,109: [GC (Allocation Failure) [PSYoungGen: 52832K->32K(52224K)] 54579K->1779K(227328K), 0,0005042 secs] [Times: user=0,00 sys=0,00, real=0,00 secs] 
25,166: [GC (Allocation Failure) [PSYoungGen: 51744K->96K(51200K)] 53491K->1843K(226304K), 0,0005010 secs] [Times: user=0,00 sys=0,00, real=0,00 secs] 
25,244: [GC (Allocation Failure) [PSYoungGen: 50784K->64K(61440K)] 52531K->1811K(236544K), 0,0013350 secs] [Times: user=0,00 sys=0,00, real=0,00 secs] 
25,358: [GC (Allocation Failure) [PSYoungGen: 60992K->96K(60416K)] 62739K->1843K(235520K), 0,0005685 secs] [Times: user=0,01 sys=0,00, real=0,00 secs] 
25,430: [GC (Allocation Failure) [PSYoungGen: 60000K->96K(59392K)] 61747K->1843K(234496K), 0,0005222 secs] [Times: user=0,00 sys=0,00, real=0,00 secs] 
25,499: [GC (Allocation Failure) [PSYoungGen: 58976K->96K(58368K)] 60723K->1843K(233472K), 0,0005220 secs] [Times: user=0,01 sys=0,00, real=0,00 secs] 
25,618: [GC (Allocation Failure) [PSYoungGen: 57952K->96K(57344K)] 59699K->1843K(232448K), 0,0005430 secs] [Times: user=0,00 sys=0,00, real=0,00 secs] 
25,684: [GC (Allocation Failure) [PSYoungGen: 56928K->96K(56320K)] 58675K->1843K(231424K), 0,0005322 secs] [Times: user=0,00 sys=0,00, real=0,00 secs] 
25,750: [GC (Allocation Failure) [PSYoungGen: 55904K->64K(55296K)] 57651K->1811K(230400K), 0,0005627 secs] [Times: user=0,00 sys=0,00, real=0,00 secs] 
25,813: [GC (Allocation Failure) [PSYoungGen: 54848K->96K(54272K)] 56595K->1843K(229376K), 0,0005442 secs] [Times: user=0,00 sys=0,00, real=0,00 secs] 
25,874: [GC (Allocation Failure) [PSYoungGen: 53856K->96K(53248K)] 55603K->1843K(228352K), 0,0005333 secs] [Times: user=0,00 sys=0,00, real=0,00 secs] 
25,939: [GC (Allocation Failure) [PSYoungGen: 52832K->64K(52224K)] 54579K->1811K(227328K), 0,0005381 secs] [Times: user=0,00 sys=0,00, real=0,00 secs] 
26,010: [GC (Allocation Failure) [PSYoungGen: 51776K->96K(51200K)] 53523K->1843K(226304K), 0,0011719 secs] [Times: user=0,01 sys=0,00, real=0,00 secs] 
26,083: [GC (Allocation Failure) [PSYoungGen: 50784K->96K(50176K)] 52531K->1843K(225280K), 0,0005943 secs] [Times: user=0,00 sys=0,00, real=0,00 secs] 
26,152: [GC (Allocation Failure) [PSYoungGen: 49760K->96K(49152K)] 51507K->1843K(224256K), 0,0009747 secs] [Times: user=0,01 sys=0,00, real=0,00 secs] 
26,221: [GC (Allocation Failure) [PSYoungGen: 48736K->64K(58880K)] 50483K->1811K(233984K), 0,0015283 secs] [Times: user=0,00 sys=0,01, real=0,00 secs] 
26,303: [GC (Allocation Failure) [PSYoungGen: 58431K->64K(70656K)] 60179K->1811K(245760K), 0,0010633 secs] [Times: user=0,00 sys=0,00, real=0,00 secs] 
26,394: [GC (Allocation Failure) [PSYoungGen: 70208K->96K(84992K)] 71955K->1843K(260096K), 0,0005717 secs] [Times: user=0,00 sys=0,00, real=0,00 secs] 
26,518: [GC (Allocation Failure) [PSYoungGen: 84576K->32K(101888K)] 86323K->1779K(276992K), 0,0011137 secs] [Times: user=0,01 sys=0,00, real=0,00 secs] 
26,648: [GC (Allocation Failure) [PSYoungGen: 101408K->64K(98816K)] 103155K->1811K(273920K), 0,0011327 secs] [Times: user=0,01 sys=0,00, real=0,00 secs] 
26,773: [GC (Allocation Failure) [PSYoungGen: 98368K->32K(96256K)] 100115K->1779K(271360K), 0,0012852 secs] [Times: user=0,00 sys=0,00, real=0,00 secs] 
26,933: [GC (Allocation Failure) [PSYoungGen: 95776K->64K(93696K)] 97523K->1811K(268800K), 0,0010293 secs] [Times: user=0,01 sys=0,00, real=0,00 secs] 
27,073: [GC (Allocation Failure) [PSYoungGen: 93248K->96K(91136K)] 94995K->1843K(266240K), 0,0005816 secs] [Times: user=0,00 sys=0,00, real=0,00 secs] 
27,184: [GC (Allocation Failure) [PSYoungGen: 90720K->96K(88576K)] 92467K->1843K(263680K), 0,0006343 secs] [Times: user=0,00 sys=0,00, real=0,00 secs] 
27,356: [GC (Allocation Failure) [PSYoungGen: 88160K->64K(86528K)] 89907K->1811K(261632K), 0,0011548 secs] [Times: user=0,00 sys=0,00, real=0,00 secs] 
27,484: [GC (Allocation Failure) [PSYoungGen: 86080K->32K(84480K)] 87827K->1779K(259584K), 0,0015401 secs] [Times: user=0,00 sys=0,00, real=0,00 secs] 
27,604: [GC (Allocation Failure) [PSYoungGen: 84000K->96K(82432K)] 85747K->1843K(257536K), 0,0006203 secs] [Times: user=0,01 sys=0,00, real=0,00 secs] 
27,719: [GC (Allocation Failure) [PSYoungGen: 82016K->64K(80384K)] 83763K->1811K(255488K), 0,0014368 secs] [Times: user=0,01 sys=0,00, real=0,00 secs] 
27,836: [GC (Allocation Failure) [PSYoungGen: 79936K->64K(78336K)] 81683K->1811K(253440K), 0,0012297 secs] [Times: user=0,00 sys=0,00, real=0,00 secs] 
27,971: [GC (Allocation Failure) [PSYoungGen: 77888K->64K(76288K)] 79635K->1811K(251392K), 0,0011370 secs] [Times: user=0,01 sys=0,00, real=0,01 secs] 
28,077: [GC (Allocation Failure) [PSYoungGen: 75840K->96K(74752K)] 77587K->1843K(249856K), 0,0005602 secs] [Times: user=0,00 sys=0,00, real=0,00 secs] 
28,169: [GC (Allocation Failure) [PSYoungGen: 74336K->64K(73216K)] 76083K->1811K(248320K), 0,0005710 secs] [Times: user=0,00 sys=0,00, real=0,00 secs] 
28,260: [GC (Allocation Failure) [PSYoungGen: 72768K->96K(71680K)] 74515K->1843K(246784K), 0,0005991 secs] [Times: user=0,00 sys=0,00, real=0,00 secs] 
28,348: [GC (Allocation Failure) [PSYoungGen: 71264K->96K(70144K)] 73011K->1843K(245248K), 0,0004626 secs] [Times: user=0,00 sys=0,00, real=0,00 secs] 
28,435: [GC (Allocation Failure) [PSYoungGen: 69728K->96K(68608K)] 71475K->1843K(243712K), 0,0004657 secs] [Times: user=0,00 sys=0,00, real=0,00 secs] 
28,521: [GC (Allocation Failure) [PSYoungGen: 68192K->96K(67072K)] 69939K->1843K(242176K), 0,0004576 secs] [Times: user=0,00 sys=0,00, real=0,00 secs] 
28,604: [GC (Allocation Failure) [PSYoungGen: 66656K->64K(65536K)] 68403K->1811K(240640K), 0,0010681 secs] [Times: user=0,00 sys=0,00, real=0,00 secs] 
28,686: [GC (Allocation Failure) [PSYoungGen: 65088K->64K(64000K)] 66835K->1811K(239104K), 0,0015564 secs] [Times: user=0,01 sys=0,00, real=0,00 secs] 
28,775: [GC (Allocation Failure) [PSYoungGen: 63552K->32K(76800K)] 65299K->1779K(251904K), 0,0013097 secs] [Times: user=0,00 sys=0,00, real=0,00 secs] 
28,886: [GC (Allocation Failure) [PSYoungGen: 76320K->64K(92160K)] 78067K->1811K(267264K), 0,0010922 secs] [Times: user=0,00 sys=0,00, real=0,00 secs] 
29,026: [GC (Allocation Failure) [PSYoungGen: 91712K->64K(89600K)] 93459K->1811K(264704K), 0,0012216 secs] [Times: user=0,00 sys=0,00, real=0,00 secs] 
29,147: [GC (Allocation Failure) [PSYoungGen: 89152K->96K(87040K)] 90899K->1843K(262144K), 0,0005730 secs] [Times: user=0,00 sys=0,00, real=0,00 secs] 
29,252: [GC (Allocation Failure) [PSYoungGen: 86624K->96K(84992K)] 88371K->1843K(260096K), 0,0005722 secs] [Times: user=0,00 sys=0,00, real=0,01 secs] 
29,352: [GC (Allocation Failure) [PSYoungGen: 84576K->64K(82944K)] 86323K->1811K(258048K), 0,0005801 secs] [Times: user=0,00 sys=0,00, real=0,01 secs] 
29,450: [GC (Allocation Failure) [PSYoungGen: 82496K->32K(80896K)] 84243K->1779K(256000K), 0,0005375 secs] [Times: user=0,00 sys=0,00, real=0,00 secs] 
29,543: [GC (Allocation Failure) [PSYoungGen: 80416K->96K(78848K)] 82163K->1843K(253952K), 0,0005646 secs] [Times: user=0,00 sys=0,00, real=0,00 secs] 
29,633: [GC (Allocation Failure) [PSYoungGen: 78432K->64K(76800K)] 80179K->1811K(251904K), 0,0004443 secs] [Times: user=0,00 sys=0,00, real=0,00 secs] 
29,720: [GC (Allocation Failure) [PSYoungGen: 76352K->96K(74752K)] 78099K->1843K(249856K), 0,0004477 secs] [Times: user=0,00 sys=0,00, real=0,00 secs] 
29,805: [GC (Allocation Failure) [PSYoungGen: 74336K->96K(73216K)] 76083K->1843K(248320K), 0,0004542 secs] [Times: user=0,00 sys=0,00, real=0,00 secs] 
29,888: [GC (Allocation Failure) [PSYoungGen: 72800K->64K(71680K)] 74547K->1811K(246784K), 0,0004817 secs] [Times: user=0,00 sys=0,00, real=0,00 secs] 
29,970: [GC (Allocation Failure) [PSYoungGen: 71232K->32K(70144K)] 72979K->1779K(245248K), 0,0005090 secs] [Times: user=0,00 sys=0,00, real=0,00 secs] 
30,048: [GC (Allocation Failure) [PSYoungGen: 69664K->64K(68608K)] 71411K->1811K(243712K), 0,0005625 secs] [Times: user=0,00 sys=0,00, real=0,00 secs] 
30,126: [GC (Allocation Failure) [PSYoungGen: 68160K->96K(67072K)] 69907K->1843K(242176K), 0,0004351 secs] [Times: user=0,00 sys=0,00, real=0,00 secs] 
30,199: [GC (Allocation Failure) [PSYoungGen: 66656K->96K(65536K)] 68403K->1843K(240640K), 0,0004354 secs] [Times: user=0,00 sys=0,00, real=0,00 secs] 
30,271: [GC (Allocation Failure) [PSYoungGen: 65120K->64K(64000K)] 66867K->1811K(239104K), 0,0005182 secs] [Times: user=0,00 sys=0,00, real=0,00 secs] 
30,343: [GC (Allocation Failure) [PSYoungGen: 63552K->96K(62464K)] 65299K->1843K(237568K), 0,0004426 secs] [Times: user=0,00 sys=0,00, real=0,00 secs] 
30,412: [GC (Allocation Failure) [PSYoungGen: 62048K->96K(61440K)] 63795K->1867K(236544K), 0,0006316 secs] [Times: user=0,00 sys=0,00, real=0,00 secs] 
30,477: [GC (Allocation Failure) [PSYoungGen: 61024K->96K(60416K)] 62795K->1867K(235520K), 0,0004210 secs] [Times: user=0,00 sys=0,00, real=0,00 secs] 
30,542: [GC (Allocation Failure) [PSYoungGen: 60000K->64K(59392K)] 61771K->1835K(234496K), 0,0005383 secs] [Times: user=0,00 sys=0,00, real=0,01 secs] 
30,605: [GC (Allocation Failure) [PSYoungGen: 58944K->64K(58368K)] 60715K->1835K(233472K), 0,0004743 secs] [Times: user=0,00 sys=0,00, real=0,00 secs] 
30,668: [GC (Allocation Failure) [PSYoungGen: 57920K->32K(57344K)] 59691K->1803K(232448K), 0,0005488 secs] [Times: user=0,00 sys=0,00, real=0,00 secs] 
30,728: [GC (Allocation Failure) [PSYoungGen: 56864K->64K(56320K)] 58635K->1835K(231424K), 0,0007667 secs] [Times: user=0,00 sys=0,00, real=0,00 secs] 
30,787: [GC (Allocation Failure) [PSYoungGen: 55872K->96K(55296K)] 57643K->1867K(230400K), 0,0005293 secs] [Times: user=0,00 sys=0,00, real=0,00 secs] 
30,847: [GC (Allocation Failure) [PSYoungGen: 54880K->96K(54272K)] 56651K->1867K(229376K), 0,0005042 secs] [Times: user=0,00 sys=0,00, real=0,00 secs] 
30,912: [GC (Allocation Failure) [PSYoungGen: 53856K->64K(53248K)] 55627K->1835K(228352K), 0,0008062 secs] [Times: user=0,01 sys=0,00, real=0,00 secs] 
30,968: [GC (Allocation Failure) [PSYoungGen: 52800K->64K(52224K)] 54571K->1835K(227328K), 0,0005083 secs] [Times: user=0,00 sys=0,00, real=0,00 secs] 
31,023: [GC (Allocation Failure) [PSYoungGen: 51776K->96K(51200K)] 53547K->1867K(226304K), 0,0005081 secs] [Times: user=0,00 sys=0,00, real=0,00 secs] 
31,078: [GC (Allocation Failure) [PSYoungGen: 50784K->96K(50176K)] 52555K->1867K(225280K), 0,0005012 secs] [Times: user=0,00 sys=0,00, real=0,00 secs] 
31,131: [GC (Allocation Failure) [PSYoungGen: 49759K->96K(49152K)] 51531K->1867K(224256K), 0,0005010 secs] [Times: user=0,00 sys=0,00, real=0,00 secs] 
31,185: [GC (Allocation Failure) [PSYoungGen: 48736K->96K(48128K)] 50507K->1867K(223232K), 0,0005007 secs] [Times: user=0,00 sys=0,00, real=0,00 secs] 
31,237: [GC (Allocation Failure) [PSYoungGen: 47712K->96K(47616K)] 49483K->1867K(222720K), 0,0004946 secs] [Times: user=0,00 sys=0,00, real=0,00 secs] 
31,288: [GC (Allocation Failure) [PSYoungGen: 47200K->64K(47104K)] 48971K->1835K(222208K), 0,0005755 secs] [Times: user=0,00 sys=0,00, real=0,00 secs] 
31,338: [GC (Allocation Failure) [PSYoungGen: 46656K->96K(46592K)] 48427K->1867K(221696K), 0,0004876 secs] [Times: user=0,00 sys=0,00, real=0,00 secs] 
31,388: [GC (Allocation Failure) [PSYoungGen: 46176K->96K(46080K)] 47947K->1867K(221184K), 0,0005025 secs] [Times: user=0,00 sys=0,00, real=0,00 secs] 
31,437: [GC (Allocation Failure) [PSYoungGen: 45664K->96K(45568K)] 47435K->1867K(220672K), 0,0004864 secs] [Times: user=0,00 sys=0,00, real=0,00 secs] 
31,486: [GC (Allocation Failure) [PSYoungGen: 45152K->96K(45056K)] 46923K->1867K(220160K), 0,0005548 secs] [Times: user=0,00 sys=0,00, real=0,00 secs] 
31,535: [GC (Allocation Failure) [PSYoungGen: 44640K->64K(54272K)] 46411K->1835K(229376K), 0,0008015 secs] [Times: user=0,01 sys=0,00, real=0,00 secs] 
31,592: [GC (Allocation Failure) [PSYoungGen: 53824K->64K(65024K)] 55595K->1835K(240128K), 0,0004944 secs] [Times: user=0,00 sys=0,00, real=0,01 secs] 
31,712: [GC (Allocation Failure) [PSYoungGen: 64576K->64K(63488K)] 66347K->1835K(238592K), 0,0011837 secs] [Times: user=0,00 sys=0,00, real=0,00 secs] 
31,783: [GC (Allocation Failure) [PSYoungGen: 63040K->64K(76288K)] 64811K->1835K(251392K), 0,0010096 secs] [Times: user=0,00 sys=0,00, real=0,00 secs] 
31,864: [GC (Allocation Failure) [PSYoungGen: 75840K->96K(74752K)] 77611K->1867K(249856K), 0,0005020 secs] [Times: user=0,00 sys=0,00, real=0,00 secs] 
31,942: [GC (Allocation Failure) [PSYoungGen: 74336K->96K(73216K)] 76107K->1867K(248320K), 0,0005080 secs] [Times: user=0,00 sys=0,00, real=0,01 secs] 
32,035: [GC (Allocation Failure) [PSYoungGen: 72800K->32K(71680K)] 74571K->1803K(246784K), 0,0011461 secs] [Times: user=0,00 sys=0,00, real=0,00 secs] 
32,156: [GC (Allocation Failure) [PSYoungGen: 71200K->96K(70144K)] 72971K->1867K(245248K), 0,0005120 secs] [Times: user=0,00 sys=0,00, real=0,00 secs] 
32,271: [GC (Allocation Failure) [PSYoungGen: 69727K->96K(68608K)] 71499K->1867K(243712K), 0,0005262 secs] [Times: user=0,00 sys=0,00, real=0,00 secs] 
32,380: [GC (Allocation Failure) [PSYoungGen: 68192K->96K(67072K)] 69963K->1867K(242176K), 0,0005628 secs] [Times: user=0,00 sys=0,00, real=0,00 secs] 
32,483: [GC (Allocation Failure) [PSYoungGen: 66656K->64K(65536K)] 68427K->1835K(240640K), 0,0015662 secs] [Times: user=0,00 sys=0,00, real=0,00 secs] 
32,621: [GC (Allocation Failure) [PSYoungGen: 65088K->32K(64000K)] 66859K->1803K(239104K), 0,0005921 secs] [Times: user=0,00 sys=0,00, real=0,00 secs] 
32,765: [GC (Allocation Failure) [PSYoungGen: 63520K->96K(62464K)] 65291K->1867K(237568K), 0,0005423 secs] [Times: user=0,00 sys=0,00, real=0,00 secs] 
32,879: [GC (Allocation Failure) [PSYoungGen: 62048K->64K(61440K)] 63819K->1835K(236544K), 0,0010808 secs] [Times: user=0,00 sys=0,00, real=0,00 secs] 
32,963: [GC (Allocation Failure) [PSYoungGen: 60992K->96K(60416K)] 62763K->1867K(235520K), 0,0005328 secs] [Times: user=0,00 sys=0,00, real=0,00 secs] 
33,032: [GC (Allocation Failure) [PSYoungGen: 60000K->96K(59392K)] 61771K->1867K(234496K), 0,0005226 secs] [Times: user=0,00 sys=0,00, real=0,01 secs] 
33,100: [GC (Allocation Failure) [PSYoungGen: 58976K->96K(58368K)] 60747K->1867K(233472K), 0,0005370 secs] [Times: user=0,00 sys=0,00, real=0,00 secs] 
33,164: [GC (Allocation Failure) [PSYoungGen: 57952K->96K(57344K)] 59723K->1867K(232448K), 0,0005284 secs] [Times: user=0,00 sys=0,00, real=0,00 secs] 
33,238: [GC (Allocation Failure) [PSYoungGen: 56928K->96K(56320K)] 58699K->1867K(231424K), 0,0005268 secs] [Times: user=0,01 sys=0,00, real=0,00 secs] 
33,305: [GC (Allocation Failure) [PSYoungGen: 55904K->96K(55296K)] 57675K->1867K(230400K), 0,0005377 secs] [Times: user=0,00 sys=0,00, real=0,00 secs] 
33,369: [GC (Allocation Failure) [PSYoungGen: 54880K->96K(54272K)] 56651K->1867K(229376K), 0,0005382 secs] [Times: user=0,01 sys=0,00, real=0,00 secs] 
33,429: [GC (Allocation Failure) [PSYoungGen: 53856K->96K(53248K)] 55627K->1867K(228352K), 0,0005367 secs] [Times: user=0,00 sys=0,00, real=0,00 secs] 
33,488: [GC (Allocation Failure) [PSYoungGen: 52832K->96K(52224K)] 54603K->1867K(227328K), 0,0004984 secs] [Times: user=0,01 sys=0,00, real=0,00 secs] 
33,645: [GC (Allocation Failure) [PSYoungGen: 51808K->96K(51200K)] 53579K->1867K(226304K), 0,0005614 secs] [Times: user=0,00 sys=0,00, real=0,00 secs] 
33,750: [GC (Allocation Failure) [PSYoungGen: 50784K->96K(50176K)] 52555K->1867K(225280K), 0,0005489 secs] [Times: user=0,00 sys=0,00, real=0,00 secs] 
33,810: [GC (Allocation Failure) [PSYoungGen: 49760K->96K(49152K)] 51531K->1867K(224256K), 0,0005360 secs] [Times: user=0,00 sys=0,00, real=0,00 secs] 
33,867: [GC (Allocation Failure) [PSYoungGen: 48736K->96K(48128K)] 50507K->1867K(223232K), 0,0005834 secs] [Times: user=0,00 sys=0,00, real=0,00 secs] 
33,922: [GC (Allocation Failure) [PSYoungGen: 47712K->64K(47616K)] 49483K->1835K(222720K), 0,0004356 secs] [Times: user=0,00 sys=0,00, real=0,00 secs] 
33,976: [GC (Allocation Failure) [PSYoungGen: 47168K->96K(47104K)] 48939K->1867K(222208K), 0,0004343 secs] [Times: user=0,00 sys=0,00, real=0,00 secs] 
34,031: [GC (Allocation Failure) [PSYoungGen: 46688K->96K(46592K)] 48459K->1867K(221696K), 0,0005520 secs] [Times: user=0,00 sys=0,00, real=0,00 secs] 
34,086: [GC (Allocation Failure) [PSYoungGen: 46176K->96K(46080K)] 47947K->1867K(221184K), 0,0005269 secs] [Times: user=0,00 sys=0,00, real=0,00 secs] 
34,139: [GC (Allocation Failure) [PSYoungGen: 45664K->96K(45568K)] 47435K->1867K(220672K), 0,0004388 secs] [Times: user=0,00 sys=0,00, real=0,00 secs] 
34,191: [GC (Allocation Failure) [PSYoungGen: 45152K->96K(45056K)] 46923K->1867K(220160K), 0,0004671 secs] [Times: user=0,00 sys=0,01, real=0,00 secs] 
34,245: [GC (Allocation Failure) [PSYoungGen: 44640K->96K(44544K)] 46411K->1867K(219648K), 0,0004203 secs] [Times: user=0,00 sys=0,00, real=0,00 secs] 
34,296: [GC (Allocation Failure) [PSYoungGen: 44128K->96K(44032K)] 45899K->1867K(219136K), 0,0004746 secs] [Times: user=0,00 sys=0,00, real=0,00 secs] 
34,346: [GC (Allocation Failure) [PSYoungGen: 43616K->96K(43520K)] 45387K->1867K(218624K), 0,0004289 secs] [Times: user=0,00 sys=0,00, real=0,00 secs] 
34,396: [GC (Allocation Failure) [PSYoungGen: 43104K->96K(43008K)] 44875K->1867K(218112K), 0,0004389 secs] [Times: user=0,00 sys=0,00, real=0,00 secs] 
34,445: [GC (Allocation Failure) [PSYoungGen: 42592K->32K(42496K)] 44363K->1803K(217600K), 0,0004162 secs] [Times: user=0,00 sys=0,00, real=0,00 secs] 
34,492: [GC (Allocation Failure) [PSYoungGen: 42016K->96K(41984K)] 43787K->1867K(217088K), 0,0004748 secs] [Times: user=0,00 sys=0,00, real=0,01 secs] 
34,539: [GC (Allocation Failure) [PSYoungGen: 41568K->64K(41472K)] 43339K->1835K(216576K), 0,0004642 secs] [Times: user=0,00 sys=0,00, real=0,00 secs] 
34,585: [GC (Allocation Failure) [PSYoungGen: 41024K->96K(40960K)] 42795K->1867K(216064K), 0,0004140 secs] [Times: user=0,00 sys=0,00, real=0,00 secs] 
34,630: [GC (Allocation Failure) [PSYoungGen: 40544K->96K(40448K)] 42315K->1867K(215552K), 0,0004164 secs] [Times: user=0,00 sys=0,00, real=0,00 secs] 
34,675: [GC (Allocation Failure) [PSYoungGen: 40032K->96K(39936K)] 41803K->1867K(215040K), 0,0004094 secs] [Times: user=0,00 sys=0,00, real=0,00 secs] 
34,720: [GC (Allocation Failure) [PSYoungGen: 39520K->96K(39424K)] 41291K->1867K(214528K), 0,0004521 secs] [Times: user=0,00 sys=0,00, real=0,00 secs] 
34,763: [GC (Allocation Failure) [PSYoungGen: 39008K->96K(38912K)] 40779K->1867K(214016K), 0,0004058 secs] [Times: user=0,00 sys=0,00, real=0,00 secs] 
34,806: [GC (Allocation Failure) [PSYoungGen: 38496K->96K(38400K)] 40267K->1867K(213504K), 0,0004168 secs] [Times: user=0,00 sys=0,00, real=0,00 secs] 
34,848: [GC (Allocation Failure) [PSYoungGen: 37984K->64K(46080K)] 39755K->1835K(221184K), 0,0009675 secs] [Times: user=0,00 sys=0,00, real=0,00 secs] 
34,900: [GC (Allocation Failure) [PSYoungGen: 45632K->64K(55296K)] 47403K->1835K(230400K), 0,0005189 secs] [Times: user=0,00 sys=0,00, real=0,00 secs] 
34,960: [GC (Allocation Failure) [PSYoungGen: 54848K->96K(66560K)] 56619K->1867K(241664K), 0,0004844 secs] [Times: user=0,01 sys=0,00, real=0,00 secs] 
35,032: [GC (Allocation Failure) [PSYoungGen: 66144K->96K(65024K)] 67915K->1867K(240128K), 0,0005144 secs] [Times: user=0,00 sys=0,00, real=0,01 secs] 
35,103: [GC (Allocation Failure) [PSYoungGen: 64608K->96K(63488K)] 66379K->1867K(238592K), 0,0005622 secs] [Times: user=0,00 sys=0,00, real=0,00 secs] 
35,171: [GC (Allocation Failure) [PSYoungGen: 63072K->96K(61952K)] 64843K->1867K(237056K), 0,0005802 secs] [Times: user=0,00 sys=0,00, real=0,00 secs] 
35,238: [GC (Allocation Failure) [PSYoungGen: 61536K->64K(60928K)] 63307K->1835K(236032K), 0,0007724 secs] [Times: user=0,00 sys=0,00, real=0,00 secs] 
35,303: [GC (Allocation Failure) [PSYoungGen: 60480K->96K(59904K)] 62251K->1867K(235008K), 0,0005109 secs] [Times: user=0,00 sys=0,00, real=0,00 secs] 
35,368: [GC (Allocation Failure) [PSYoungGen: 59488K->96K(58880K)] 61259K->1867K(233984K), 0,0005398 secs] [Times: user=0,00 sys=0,00, real=0,00 secs] 
35,429: [GC (Allocation Failure) [PSYoungGen: 58463K->32K(57856K)] 60235K->1803K(232960K), 0,0004877 secs] [Times: user=0,01 sys=0,00, real=0,00 secs] 
35,489: [GC (Allocation Failure) [PSYoungGen: 57376K->96K(56832K)] 59147K->1867K(231936K), 0,0004838 secs] [Times: user=0,01 sys=0,00, real=0,00 secs] 
35,549: [GC (Allocation Failure) [PSYoungGen: 56416K->96K(55808K)] 58187K->1867K(230912K), 0,0004471 secs] [Times: user=0,00 sys=0,00, real=0,00 secs] 
35,607: [GC (Allocation Failure) [PSYoungGen: 55392K->96K(54784K)] 57163K->1867K(229888K), 0,0005413 secs] [Times: user=0,00 sys=0,00, real=0,00 secs] 
35,664: [GC (Allocation Failure) [PSYoungGen: 54368K->96K(53760K)] 56139K->1867K(228864K), 0,0004967 secs] [Times: user=0,00 sys=0,00, real=0,00 secs] 
35,720: [GC (Allocation Failure) [PSYoungGen: 53344K->96K(52736K)] 55115K->1867K(227840K), 0,0004895 secs] [Times: user=0,00 sys=0,00, real=0,00 secs] 
35,775: [GC (Allocation Failure) [PSYoungGen: 52320K->64K(51712K)] 54091K->1835K(226816K), 0,0005518 secs] [Times: user=0,00 sys=0,00, real=0,00 secs] 
35,832: [GC (Allocation Failure) [PSYoungGen: 51264K->96K(50688K)] 53035K->1867K(225792K), 0,0005280 secs] [Times: user=0,00 sys=0,00, real=0,01 secs] 
35,885: [GC (Allocation Failure) [PSYoungGen: 50272K->96K(49664K)] 52043K->1867K(224768K), 0,0003899 secs] [Times: user=0,00 sys=0,00, real=0,00 secs] 
35,936: [GC (Allocation Failure) [PSYoungGen: 49248K->96K(48640K)] 51019K->1867K(223744K), 0,0003817 secs] [Times: user=0,00 sys=0,00, real=0,00 secs] 
35,987: [GC (Allocation Failure) [PSYoungGen: 48224K->64K(48128K)] 49995K->1835K(223232K), 0,0005160 secs] [Times: user=0,00 sys=0,00, real=0,00 secs] 
36,038: [GC (Allocation Failure) [PSYoungGen: 47680K->96K(47616K)] 49451K->1867K(222720K), 0,0004966 secs] [Times: user=0,00 sys=0,00, real=0,00 secs] 
36,089: [GC (Allocation Failure) [PSYoungGen: 47200K->96K(47104K)] 48971K->1867K(222208K), 0,0005583 secs] [Times: user=0,00 sys=0,00, real=0,00 secs] 
36,138: [GC (Allocation Failure) [PSYoungGen: 46688K->96K(46592K)] 48459K->1867K(221696K), 0,0005024 secs] [Times: user=0,01 sys=0,00, real=0,00 secs] 
36,187: [GC (Allocation Failure) [PSYoungGen: 46176K->96K(46080K)] 47947K->1867K(221184K), 0,0004104 secs] [Times: user=0,00 sys=0,00, real=0,00 secs] 
36,235: [GC (Allocation Failure) [PSYoungGen: 45664K->64K(45568K)] 47435K->1835K(220672K), 0,0005142 secs] [Times: user=0,00 sys=0,00, real=0,00 secs] 
36,282: [GC (Allocation Failure) [PSYoungGen: 45120K->96K(45056K)] 46891K->1867K(220160K), 0,0003964 secs] [Times: user=0,00 sys=0,00, real=0,00 secs] 
36,329: [GC (Allocation Failure) [PSYoungGen: 44640K->64K(44544K)] 46411K->1835K(219648K), 0,0004272 secs] [Times: user=0,00 sys=0,00, real=0,00 secs] 
36,375: [GC (Allocation Failure) [PSYoungGen: 44096K->64K(44032K)] 45867K->1835K(219136K), 0,0004134 secs] [Times: user=0,00 sys=0,00, real=0,00 secs] 
36,421: [GC (Allocation Failure) [PSYoungGen: 43584K->64K(43520K)] 45355K->1835K(218624K), 0,0004783 secs] [Times: user=0,00 sys=0,00, real=0,00 secs] 
36,467: [GC (Allocation Failure) [PSYoungGen: 43072K->64K(43008K)] 44843K->1835K(218112K), 0,0005755 secs] [Times: user=0,00 sys=0,00, real=0,00 secs] 
36,511: [GC (Allocation Failure) [PSYoungGen: 42560K->32K(42496K)] 44331K->1803K(217600K), 0,0005298 secs] [Times: user=0,00 sys=0,00, real=0,01 secs] 
36,556: [GC (Allocation Failure) [PSYoungGen: 42016K->64K(41984K)] 43787K->1835K(217088K), 0,0005028 secs] [Times: user=0,00 sys=0,00, real=0,00 secs] 
36,599: [GC (Allocation Failure) [PSYoungGen: 41536K->64K(41472K)] 43307K->1835K(216576K), 0,0004743 secs] [Times: user=0,00 sys=0,00, real=0,00 secs] 
36,641: [GC (Allocation Failure) [PSYoungGen: 41024K->96K(40960K)] 42795K->1867K(216064K), 0,0003778 secs] [Times: user=0,00 sys=0,00, real=0,00 secs] 
36,682: [GC (Allocation Failure) [PSYoungGen: 40544K->64K(40448K)] 42315K->1835K(215552K), 0,0003847 secs] [Times: user=0,00 sys=0,00, real=0,00 secs] 
36,724: [GC (Allocation Failure) [PSYoungGen: 40000K->96K(39936K)] 41771K->1867K(215040K), 0,0004063 secs] [Times: user=0,00 sys=0,00, real=0,00 secs] 
36,764: [GC (Allocation Failure) [PSYoungGen: 39520K->96K(39424K)] 41291K->1867K(214528K), 0,0003683 secs] [Times: user=0,00 sys=0,00, real=0,00 secs] 
36,804: [GC (Allocation Failure) [PSYoungGen: 39008K->96K(38912K)] 40779K->1867K(214016K), 0,0003858 secs] [Times: user=0,00 sys=0,00, real=0,00 secs] 
36,843: [GC (Allocation Failure) [PSYoungGen: 38496K->96K(38400K)] 40267K->1867K(213504K), 0,0003737 secs] [Times: user=0,00 sys=0,00, real=0,00 secs] 
36,882: [GC (Allocation Failure) [PSYoungGen: 37984K->96K(37888K)] 39755K->1867K(212992K), 0,0003700 secs] [Times: user=0,00 sys=0,00, real=0,01 secs] 
36,920: [GC (Allocation Failure) [PSYoungGen: 37472K->96K(37376K)] 39243K->1867K(212480K), 0,0003683 secs] [Times: user=0,00 sys=0,00, real=0,00 secs] 
36,958: [GC (Allocation Failure) [PSYoungGen: 36960K->64K(36864K)] 38731K->1835K(211968K), 0,0003624 secs] [Times: user=0,00 sys=0,00, real=0,00 secs] 
36,995: [GC (Allocation Failure) [PSYoungGen: 36416K->64K(36352K)] 38187K->1835K(211456K), 0,0004002 secs] [Times: user=0,00 sys=0,00, real=0,00 secs] 
37,032: [GC (Allocation Failure) [PSYoungGen: 35904K->64K(35840K)] 37675K->1835K(210944K), 0,0004682 secs] [Times: user=0,00 sys=0,00, real=0,00 secs] 
37,069: [GC (Allocation Failure) [PSYoungGen: 35392K->64K(43008K)] 37163K->1835K(218112K), 0,0004724 secs] [Times: user=0,00 sys=0,00, real=0,00 secs] 
37,114: [GC (Allocation Failure) [PSYoungGen: 42560K->64K(51712K)] 44331K->1835K(226816K), 0,0004993 secs] [Times: user=0,00 sys=0,00, real=0,00 secs] 
37,167: [GC (Allocation Failure) [PSYoungGen: 51264K->96K(50688K)] 53035K->1867K(225792K), 0,0004161 secs] [Times: user=0,00 sys=0,00, real=0,00 secs] 
37,219: [GC (Allocation Failure) [PSYoungGen: 50272K->64K(49664K)] 52043K->1835K(224768K), 0,0004757 secs] [Times: user=0,00 sys=0,00, real=0,00 secs] 
37,270: [GC (Allocation Failure) [PSYoungGen: 49216K->96K(48640K)] 50987K->1867K(223744K), 0,0004669 secs] [Times: user=0,00 sys=0,00, real=0,00 secs] 
37,320: [GC (Allocation Failure) [PSYoungGen: 48224K->64K(58368K)] 49995K->1835K(233472K), 0,0008184 secs] [Times: user=0,00 sys=0,00, real=0,00 secs] 
37,379: [GC (Allocation Failure) [PSYoungGen: 57920K->64K(57344K)] 59691K->1835K(232448K), 0,0004800 secs] [Times: user=0,00 sys=0,00, real=0,00 secs] 
37,437: [GC (Allocation Failure) [PSYoungGen: 56896K->32K(56320K)] 58667K->1803K(231424K), 0,0004937 secs] [Times: user=0,00 sys=0,00, real=0,00 secs] 
37,495: [GC (Allocation Failure) [PSYoungGen: 55840K->32K(55296K)] 57611K->1803K(230400K), 0,0005038 secs] [Times: user=0,00 sys=0,00, real=0,00 secs] 
37,551: [GC (Allocation Failure) [PSYoungGen: 54816K->96K(54272K)] 56587K->1867K(229376K), 0,0005157 secs] [Times: user=0,00 sys=0,00, real=0,00 secs] 
37,606: [GC (Allocation Failure) [PSYoungGen: 53856K->64K(53248K)] 55627K->1835K(228352K), 0,0004745 secs] [Times: user=0,01 sys=0,00, real=0,00 secs] 
37,660: [GC (Allocation Failure) [PSYoungGen: 52800K->96K(52224K)] 54571K->1867K(227328K), 0,0004649 secs] [Times: user=0,00 sys=0,00, real=0,00 secs] 
37,714: [GC (Allocation Failure) [PSYoungGen: 51808K->96K(51200K)] 53579K->1867K(226304K), 0,0004688 secs] [Times: user=0,00 sys=0,00, real=0,00 secs] 
37,765: [GC (Allocation Failure) [PSYoungGen: 50784K->96K(50176K)] 52555K->1867K(225280K), 0,0003766 secs] [Times: user=0,01 sys=0,00, real=0,00 secs] 
37,817: [GC (Allocation Failure) [PSYoungGen: 49760K->32K(49152K)] 51531K->1803K(224256K), 0,0004642 secs] [Times: user=0,00 sys=0,00, real=0,00 secs] 
37,867: [GC (Allocation Failure) [PSYoungGen: 48672K->96K(48128K)] 50443K->1867K(223232K), 0,0003845 secs] [Times: user=0,00 sys=0,00, real=0,00 secs] 
37,915: [GC (Allocation Failure) [PSYoungGen: 47712K->96K(47616K)] 49483K->1867K(222720K), 0,0003919 secs] [Times: user=0,01 sys=0,00, real=0,00 secs] 
37,964: [GC (Allocation Failure) [PSYoungGen: 47200K->64K(47104K)] 48971K->1835K(222208K), 0,0003953 secs] [Times: user=0,00 sys=0,00, real=0,00 secs] 
38,012: [GC (Allocation Failure) [PSYoungGen: 46656K->96K(46592K)] 48427K->1867K(221696K), 0,0004810 secs] [Times: user=0,00 sys=0,00, real=0,01 secs] 
38,059: [GC (Allocation Failure) [PSYoungGen: 46176K->96K(46080K)] 47947K->1867K(221184K), 0,0004086 secs] [Times: user=0,00 sys=0,00, real=0,00 secs] 
38,107: [GC (Allocation Failure) [PSYoungGen: 45664K->64K(45568K)] 47435K->1835K(220672K), 0,0004932 secs] [Times: user=0,00 sys=0,00, real=0,00 secs] 
38,154: [GC (Allocation Failure) [PSYoungGen: 45120K->96K(45056K)] 46891K->1867K(220160K), 0,0004742 secs] [Times: user=0,00 sys=0,00, real=0,00 secs] 
38,200: [GC (Allocation Failure) [PSYoungGen: 44640K->96K(44544K)] 46411K->1867K(219648K), 0,0003864 secs] [Times: user=0,00 sys=0,00, real=0,00 secs] 
38,245: [GC (Allocation Failure) [PSYoungGen: 44128K->32K(44032K)] 45899K->1803K(219136K), 0,0006424 secs] [Times: user=0,01 sys=0,00, real=0,00 secs] 
38,290: [GC (Allocation Failure) [PSYoungGen: 43552K->64K(43520K)] 45323K->1835K(218624K), 0,0003912 secs] [Times: user=0,00 sys=0,00, real=0,00 secs] 
38,335: [GC (Allocation Failure) [PSYoungGen: 43072K->96K(43008K)] 44843K->1867K(218112K), 0,0003851 secs] [Times: user=0,00 sys=0,00, real=0,00 secs] 
38,378: [GC (Allocation Failure) [PSYoungGen: 42592K->64K(42496K)] 44363K->1835K(217600K), 0,0004048 secs] [Times: user=0,00 sys=0,00, real=0,00 secs] 
38,423: [GC (Allocation Failure) [PSYoungGen: 42048K->96K(41984K)] 43819K->1867K(217088K), 0,0003869 secs] [Times: user=0,00 sys=0,00, real=0,00 secs] 
38,466: [GC (Allocation Failure) [PSYoungGen: 41568K->64K(41472K)] 43339K->1835K(216576K), 0,0003803 secs] [Times: user=0,00 sys=0,00, real=0,00 secs] 
38,510: [GC (Allocation Failure) [PSYoungGen: 41024K->96K(40960K)] 42795K->1867K(216064K), 0,0004081 secs] [Times: user=0,00 sys=0,00, real=0,00 secs] 
38,552: [GC (Allocation Failure) [PSYoungGen: 40544K->64K(40448K)] 42315K->1835K(215552K), 0,0004711 secs] [Times: user=0,00 sys=0,00, real=0,01 secs] 
38,597: [GC (Allocation Failure) [PSYoungGen: 40000K->32K(39936K)] 41771K->1803K(215040K), 0,0004814 secs] [Times: user=0,00 sys=0,00, real=0,00 secs] 
38,639: [GC (Allocation Failure) [PSYoungGen: 39456K->96K(39424K)] 41227K->1867K(214528K), 0,0004054 secs] [Times: user=0,00 sys=0,00, real=0,00 secs] 
38,680: [GC (Allocation Failure) [PSYoungGen: 39008K->96K(38912K)] 40779K->1867K(214016K), 0,0004009 secs] [Times: user=0,00 sys=0,00, real=0,00 secs] 
38,719: [GC (Allocation Failure) [PSYoungGen: 38496K->64K(38400K)] 40267K->1835K(213504K), 0,0004051 secs] [Times: user=0,00 sys=0,00, real=0,00 secs] 
38,759: [GC (Allocation Failure) [PSYoungGen: 37952K->96K(37888K)] 39723K->1867K(212992K), 0,0003906 secs] [Times: user=0,00 sys=0,00, real=0,00 secs] 
38,798: [GC (Allocation Failure) [PSYoungGen: 37472K->64K(37376K)] 39243K->1835K(212480K), 0,0003949 secs] [Times: user=0,00 sys=0,00, real=0,00 secs] 
38,838: [GC (Allocation Failure) [PSYoungGen: 36928K->64K(36864K)] 38699K->1835K(211968K), 0,0004844 secs] [Times: user=0,01 sys=0,00, real=0,00 secs] 
38,879: [GC (Allocation Failure) [PSYoungGen: 36416K->96K(44544K)] 38187K->1867K(219648K), 0,0008486 secs] [Times: user=0,00 sys=0,00, real=0,00 secs] 
38,928: [GC (Allocation Failure) [PSYoungGen: 44128K->32K(53760K)] 45899K->1803K(228864K), 0,0015031 secs] [Times: user=0,01 sys=0,00, real=0,00 secs] 
38,989: [GC (Allocation Failure) [PSYoungGen: 53280K->96K(64512K)] 55051K->1867K(239616K), 0,0005026 secs] [Times: user=0,01 sys=0,00, real=0,00 secs] 
39,062: [GC (Allocation Failure) [PSYoungGen: 64096K->32K(77312K)] 65867K->1803K(252416K), 0,0013170 secs] [Times: user=0,01 sys=0,00, real=0,01 secs] 
39,150: [GC (Allocation Failure) [PSYoungGen: 76832K->96K(92672K)] 78603K->1867K(267776K), 0,0005066 secs] [Times: user=0,00 sys=0,00, real=0,00 secs] 
39,251: [GC (Allocation Failure) [PSYoungGen: 92256K->96K(111104K)] 94027K->1867K(286208K), 0,0005638 secs] [Times: user=0,00 sys=0,00, real=0,01 secs] 
39,365: [GC (Allocation Failure) [PSYoungGen: 110688K->96K(108032K)] 112459K->1867K(283136K), 0,0005089 secs] [Times: user=0,01 sys=0,00, real=0,00 secs] 
39,474: [GC (Allocation Failure) [PSYoungGen: 107616K->96K(104960K)] 109387K->1867K(280064K), 0,0005125 secs] [Times: user=0,00 sys=0,00, real=0,00 secs] 
39,585: [GC (Allocation Failure) [PSYoungGen: 104544K->96K(101888K)] 106315K->1867K(276992K), 0,0004983 secs] [Times: user=0,00 sys=0,00, real=0,00 secs] 
39,699: [GC (Allocation Failure) [PSYoungGen: 101472K->96K(98816K)] 103243K->1867K(273920K), 0,0004938 secs] [Times: user=0,00 sys=0,00, real=0,00 secs] 
39,802: [GC (Allocation Failure) [PSYoungGen: 98400K->64K(96256K)] 100171K->1835K(271360K), 0,0005104 secs] [Times: user=0,00 sys=0,00, real=0,00 secs] 
39,903: [GC (Allocation Failure) [PSYoungGen: 95808K->96K(93696K)] 97579K->1867K(268800K), 0,0004991 secs] [Times: user=0,00 sys=0,00, real=0,00 secs] 
40,001: [GC (Allocation Failure) [PSYoungGen: 93280K->96K(91136K)] 95051K->1867K(266240K), 0,0008854 secs] [Times: user=0,00 sys=0,00, real=0,00 secs] 
40,096: [GC (Allocation Failure) [PSYoungGen: 90720K->96K(88576K)] 92491K->1867K(263680K), 0,0004913 secs] [Times: user=0,00 sys=0,00, real=0,00 secs] 
40,187: [GC (Allocation Failure) [PSYoungGen: 88160K->32K(86528K)] 89931K->1803K(261632K), 0,0005159 secs] [Times: user=0,00 sys=0,00, real=0,00 secs] 
40,276: [GC (Allocation Failure) [PSYoungGen: 86048K->96K(84480K)] 87819K->1867K(259584K), 0,0004862 secs] [Times: user=0,00 sys=0,00, real=0,00 secs] 
40,368: [GC (Allocation Failure) [PSYoungGen: 84064K->64K(82432K)] 85835K->1835K(257536K), 0,0006860 secs] [Times: user=0,00 sys=0,00, real=0,00 secs] 
40,452: [GC (Allocation Failure) [PSYoungGen: 81984K->96K(80384K)] 83755K->1891K(255488K), 0,0005197 secs] [Times: user=0,01 sys=0,00, real=0,00 secs] 
40,535: [GC (Allocation Failure) [PSYoungGen: 79968K->96K(78336K)] 81763K->1891K(253440K), 0,0004572 secs] [Times: user=0,00 sys=0,00, real=0,00 secs] 
40,614: [GC (Allocation Failure) [PSYoungGen: 77920K->96K(76288K)] 79715K->1891K(251392K), 0,0004914 secs] [Times: user=0,00 sys=0,00, real=0,00 secs] 
40,692: [GC (Allocation Failure) [PSYoungGen: 75872K->96K(74752K)] 77667K->1891K(249856K), 0,0005010 secs] [Times: user=0,00 sys=0,00, real=0,01 secs] 
40,768: [GC (Allocation Failure) [PSYoungGen: 74336K->64K(73216K)] 76131K->1859K(248320K), 0,0005004 secs] [Times: user=0,00 sys=0,00, real=0,00 secs] 
40,843: [GC (Allocation Failure) [PSYoungGen: 72768K->96K(71680K)] 74563K->1891K(246784K), 0,0005082 secs] [Times: user=0,01 sys=0,00, real=0,00 secs] 
40,918: [GC (Allocation Failure) [PSYoungGen: 71264K->96K(70144K)] 73059K->1891K(245248K), 0,0005576 secs] [Times: user=0,00 sys=0,00, real=0,00 secs] 
40,991: [GC (Allocation Failure) [PSYoungGen: 69728K->32K(68608K)] 71523K->1827K(243712K), 0,0004880 secs] [Times: user=0,00 sys=0,00, real=0,00 secs] 
41,063: [GC (Allocation Failure) [PSYoungGen: 68128K->64K(67072K)] 69923K->1859K(242176K), 0,0006199 secs] [Times: user=0,00 sys=0,00, real=0,00 secs] 
41,152: [GC (Allocation Failure) [PSYoungGen: 66624K->32K(80384K)] 68419K->1827K(255488K), 0,0020656 secs] [Times: user=0,00 sys=0,00, real=0,00 secs] 
41,260: [GC (Allocation Failure) [PSYoungGen: 79904K->64K(78336K)] 81699K->1859K(253440K), 0,0004642 secs] [Times: user=0,00 sys=0,00, real=0,00 secs] 
41,343: [GC (Allocation Failure) [PSYoungGen: 77888K->64K(76288K)] 79683K->1859K(251392K), 0,0005517 secs] [Times: user=0,00 sys=0,00, real=0,00 secs] 
41,423: [GC (Allocation Failure) [PSYoungGen: 75840K->96K(74752K)] 77635K->1891K(249856K), 0,0005478 secs] [Times: user=0,00 sys=0,00, real=0,00 secs] 
41,525: [GC (Allocation Failure) [PSYoungGen: 74336K->96K(73216K)] 76131K->1891K(248320K), 0,0005219 secs] [Times: user=0,00 sys=0,00, real=0,00 secs] 
41,604: [GC (Allocation Failure) [PSYoungGen: 72800K->96K(71680K)] 74595K->1891K(246784K), 0,0004961 secs] [Times: user=0,00 sys=0,00, real=0,00 secs] 
41,680: [GC (Allocation Failure) [PSYoungGen: 71264K->96K(70144K)] 73059K->1891K(245248K), 0,0005055 secs] [Times: user=0,00 sys=0,00, real=0,00 secs] 
41,756: [GC (Allocation Failure) [PSYoungGen: 69728K->96K(68608K)] 71523K->1891K(243712K), 0,0005118 secs] [Times: user=0,00 sys=0,00, real=0,00 secs] 
41,829: [GC (Allocation Failure) [PSYoungGen: 68192K->96K(67072K)] 69987K->1891K(242176K), 0,0005212 secs] [Times: user=0,00 sys=0,00, real=0,00 secs] 
41,900: [GC (Allocation Failure) [PSYoungGen: 66656K->96K(65536K)] 68451K->1891K(240640K), 0,0005303 secs] [Times: user=0,00 sys=0,00, real=0,00 secs] 
41,969: [GC (Allocation Failure) [PSYoungGen: 65120K->96K(64000K)] 66915K->1891K(239104K), 0,0005138 secs] [Times: user=0,00 sys=0,00, real=0,00 secs] 
42,036: [GC (Allocation Failure) [PSYoungGen: 63584K->96K(62464K)] 65379K->1891K(237568K), 0,0004915 secs] [Times: user=0,00 sys=0,00, real=0,00 secs] 
42,102: [GC (Allocation Failure) [PSYoungGen: 62048K->96K(61440K)] 63843K->1891K(236544K), 0,0005071 secs] [Times: user=0,00 sys=0,00, real=0,00 secs] 
42,166: [GC (Allocation Failure) [PSYoungGen: 61024K->96K(60416K)] 62819K->1891K(235520K), 0,0005047 secs] [Times: user=0,00 sys=0,00, real=0,00 secs] 
42,229: [GC (Allocation Failure) [PSYoungGen: 59999K->96K(59392K)] 61795K->1891K(234496K), 0,0005034 secs] [Times: user=0,00 sys=0,00, real=0,00 secs] 
42,290: [GC (Allocation Failure) [PSYoungGen: 58976K->96K(58368K)] 60771K->1891K(233472K), 0,0004881 secs] [Times: user=0,00 sys=0,00, real=0,00 secs] 
42,351: [GC (Allocation Failure) [PSYoungGen: 57952K->64K(57344K)] 59747K->1859K(232448K), 0,0004926 secs] [Times: user=0,01 sys=0,00, real=0,00 secs] 
42,410: [GC (Allocation Failure) [PSYoungGen: 56896K->64K(56320K)] 58691K->1859K(231424K), 0,0005102 secs] [Times: user=0,01 sys=0,00, real=0,00 secs] 
42,469: [GC (Allocation Failure) [PSYoungGen: 55872K->96K(55296K)] 57667K->1891K(230400K), 0,0004801 secs] [Times: user=0,00 sys=0,00, real=0,00 secs] 
42,526: [GC (Allocation Failure) [PSYoungGen: 54880K->96K(54272K)] 56675K->1891K(229376K), 0,0005034 secs] [Times: user=0,00 sys=0,00, real=0,00 secs] 
42,583: [GC (Allocation Failure) [PSYoungGen: 53856K->32K(53248K)] 55651K->1827K(228352K), 0,0004948 secs] [Times: user=0,00 sys=0,00, real=0,00 secs] 
42,638: [GC (Allocation Failure) [PSYoungGen: 52768K->96K(52224K)] 54563K->1891K(227328K), 0,0004906 secs] [Times: user=0,00 sys=0,00, real=0,00 secs] 
42,692: [GC (Allocation Failure) [PSYoungGen: 51808K->64K(51200K)] 53603K->1859K(226304K), 0,0005095 secs] [Times: user=0,00 sys=0,00, real=0,01 secs] 
42,745: [GC (Allocation Failure) [PSYoungGen: 50752K->96K(50176K)] 52547K->1891K(225280K), 0,0004754 secs] [Times: user=0,00 sys=0,00, real=0,00 secs] 
42,798: [GC (Allocation Failure) [PSYoungGen: 49760K->96K(49152K)] 51555K->1891K(224256K), 0,0005183 secs] [Times: user=0,01 sys=0,00, real=0,00 secs] 
42,849: [GC (Allocation Failure) [PSYoungGen: 48736K->96K(48128K)] 50531K->1891K(223232K), 0,0005141 secs] [Times: user=0,00 sys=0,00, real=0,00 secs] 
42,900: [GC (Allocation Failure) [PSYoungGen: 47712K->96K(47616K)] 49507K->1891K(222720K), 0,0004064 secs] [Times: user=0,00 sys=0,00, real=0,00 secs] 
42,949: [GC (Allocation Failure) [PSYoungGen: 47200K->96K(47104K)] 48995K->1891K(222208K), 0,0003916 secs] [Times: user=0,00 sys=0,00, real=0,00 secs] 
42,998: [GC (Allocation Failure) [PSYoungGen: 46688K->64K(46592K)] 48483K->1859K(221696K), 0,0004875 secs] [Times: user=0,00 sys=0,01, real=0,00 secs] 
43,046: [GC (Allocation Failure) [PSYoungGen: 46144K->64K(46080K)] 47939K->1859K(221184K), 0,0004904 secs] [Times: user=0,00 sys=0,00, real=0,00 secs] 
43,095: [GC (Allocation Failure) [PSYoungGen: 45632K->96K(45568K)] 47427K->1891K(220672K), 0,0005063 secs] [Times: user=0,00 sys=0,00, real=0,00 secs] 
43,142: [GC (Allocation Failure) [PSYoungGen: 45152K->64K(45056K)] 46947K->1859K(220160K), 0,0005138 secs] [Times: user=0,00 sys=0,00, real=0,00 secs] 
43,189: [GC (Allocation Failure) [PSYoungGen: 44608K->96K(44544K)] 46403K->1891K(219648K), 0,0004022 secs] [Times: user=0,00 sys=0,00, real=0,00 secs] 
43,235: [GC (Allocation Failure) [PSYoungGen: 44128K->96K(44032K)] 45923K->1891K(219136K), 0,0003918 secs] [Times: user=0,01 sys=0,00, real=0,00 secs] 
43,281: [GC (Allocation Failure) [PSYoungGen: 43616K->128K(43520K)] 45411K->1923K(218624K), 0,0005041 secs] [Times: user=0,00 sys=0,00, real=0,00 secs] 
43,326: [GC (Allocation Failure) [PSYoungGen: 43136K->64K(43008K)] 44931K->1859K(218112K), 0,0004756 secs] [Times: user=0,00 sys=0,00, real=0,00 secs] 
43,371: [GC (Allocation Failure) [PSYoungGen: 42560K->96K(42496K)] 44355K->1891K(217600K), 0,0005154 secs] [Times: user=0,00 sys=0,00, real=0,00 secs] 
43,416: [GC (Allocation Failure) [PSYoungGen: 42080K->64K(41984K)] 43875K->1859K(217088K), 0,0004964 secs] [Times: user=0,00 sys=0,00, real=0,00 secs] 
43,461: [GC (Allocation Failure) [PSYoungGen: 41536K->32K(41472K)] 43331K->1827K(216576K), 0,0004822 secs] [Times: user=0,00 sys=0,00, real=0,00 secs] 
43,505: [GC (Allocation Failure) [PSYoungGen: 40992K->32K(49664K)] 42787K->1827K(224768K), 0,0009824 secs] [Times: user=0,00 sys=0,00, real=0,00 secs] 
43,559: [GC (Allocation Failure) [PSYoungGen: 49184K->64K(59904K)] 50979K->1859K(235008K), 0,0005154 secs] [Times: user=0,00 sys=0,00, real=0,00 secs] 
43,623: [GC (Allocation Failure) [PSYoungGen: 59456K->64K(72192K)] 61251K->1859K(247296K), 0,0005234 secs] [Times: user=0,00 sys=0,00, real=0,00 secs] 
43,704: [GC (Allocation Failure) [PSYoungGen: 71744K->96K(70656K)] 73539K->1891K(245760K), 0,0005487 secs] [Times: user=0,01 sys=0,00, real=0,00 secs] 
43,778: [GC (Allocation Failure) [PSYoungGen: 70240K->96K(69120K)] 72035K->1891K(244224K), 0,0006802 secs] [Times: user=0,00 sys=0,00, real=0,00 secs] 
43,854: [GC (Allocation Failure) [PSYoungGen: 68704K->96K(67584K)] 70499K->1891K(242688K), 0,0005112 secs] [Times: user=0,01 sys=0,00, real=0,00 secs] 
43,925: [GC (Allocation Failure) [PSYoungGen: 67168K->32K(66048K)] 68963K->1827K(241152K), 0,0005440 secs] [Times: user=0,00 sys=0,00, real=0,00 secs] 
43,994: [GC (Allocation Failure) [PSYoungGen: 65568K->96K(64512K)] 67363K->1891K(239616K), 0,0005013 secs] [Times: user=0,01 sys=0,00, real=0,00 secs] 
44,065: [GC (Allocation Failure) [PSYoungGen: 64096K->96K(62976K)] 65891K->1891K(238080K), 0,0004995 secs] [Times: user=0,01 sys=0,00, real=0,00 secs] 
44,133: [GC (Allocation Failure) [PSYoungGen: 62560K->96K(61952K)] 64355K->1891K(237056K), 0,0004996 secs] [Times: user=0,00 sys=0,00, real=0,00 secs] 
44,201: [GC (Allocation Failure) [PSYoungGen: 61536K->64K(60928K)] 63331K->1859K(236032K), 0,0009649 secs] [Times: user=0,00 sys=0,00, real=0,01 secs] 
44,266: [GC (Allocation Failure) [PSYoungGen: 60480K->96K(59904K)] 62275K->1891K(235008K), 0,0005186 secs] [Times: user=0,00 sys=0,00, real=0,00 secs] 
44,328: [GC (Allocation Failure) [PSYoungGen: 59488K->96K(58880K)] 61283K->1891K(233984K), 0,0005899 secs] [Times: user=0,00 sys=0,00, real=0,00 secs] 
44,390: [GC (Allocation Failure) [PSYoungGen: 58464K->64K(57856K)] 60259K->1859K(232960K), 0,0004853 secs] [Times: user=0,00 sys=0,00, real=0,00 secs] 
44,452: [GC (Allocation Failure) [PSYoungGen: 57408K->96K(56832K)] 59203K->1891K(231936K), 0,0005019 secs] [Times: user=0,00 sys=0,00, real=0,01 secs] 
44,513: [GC (Allocation Failure) [PSYoungGen: 56416K->96K(55808K)] 58211K->1891K(230912K), 0,0004998 secs] [Times: user=0,00 sys=0,00, real=0,00 secs] 
44,574: [GC (Allocation Failure) [PSYoungGen: 55392K->64K(54784K)] 57187K->1859K(229888K), 0,0010090 secs] [Times: user=0,01 sys=0,00, real=0,00 secs] 
44,634: [GC (Allocation Failure) [PSYoungGen: 54336K->96K(53760K)] 56131K->1899K(228864K), 0,0005310 secs] [Times: user=0,01 sys=0,00, real=0,00 secs] 
44,691: [GC (Allocation Failure) [PSYoungGen: 53344K->96K(52736K)] 55147K->1899K(227840K), 0,0005187 secs] [Times: user=0,00 sys=0,00, real=0,00 secs] 
44,747: [GC (Allocation Failure) [PSYoungGen: 52320K->96K(51712K)] 54123K->1899K(226816K), 0,0005090 secs] [Times: user=0,00 sys=0,00, real=0,00 secs] 
44,801: [GC (Allocation Failure) [PSYoungGen: 51296K->96K(50688K)] 53099K->1899K(225792K), 0,0004007 secs] [Times: user=0,00 sys=0,00, real=0,00 secs] 
44,855: [GC (Allocation Failure) [PSYoungGen: 50272K->96K(49664K)] 52075K->1899K(224768K), 0,0004979 secs] [Times: user=0,00 sys=0,00, real=0,00 secs] 
44,908: [GC (Allocation Failure) [PSYoungGen: 49248K->96K(48640K)] 51051K->1899K(223744K), 0,0005003 secs] [Times: user=0,00 sys=0,00, real=0,00 secs] 
44,963: [GC (Allocation Failure) [PSYoungGen: 48224K->64K(48128K)] 50027K->1867K(223232K), 0,0005951 secs] [Times: user=0,00 sys=0,00, real=0,00 secs] 
45,014: [GC (Allocation Failure) [PSYoungGen: 47680K->96K(47616K)] 49483K->1899K(222720K), 0,0004933 secs] [Times: user=0,01 sys=0,00, real=0,00 secs] 
45,064: [GC (Allocation Failure) [PSYoungGen: 47200K->96K(47104K)] 49003K->1899K(222208K), 0,0005577 secs] [Times: user=0,01 sys=0,00, real=0,00 secs] 
45,114: [GC (Allocation Failure) [PSYoungGen: 46688K->96K(46592K)] 48491K->1899K(221696K), 0,0005137 secs] [Times: user=0,01 sys=0,00, real=0,00 secs] 
45,163: [GC (Allocation Failure) [PSYoungGen: 46176K->64K(46080K)] 47979K->1867K(221184K), 0,0005409 secs] [Times: user=0,00 sys=0,00, real=0,00 secs] 
45,211: [GC (Allocation Failure) [PSYoungGen: 45632K->96K(45568K)] 47435K->1899K(220672K), 0,0004928 secs] [Times: user=0,00 sys=0,00, real=0,00 secs] 
45,259: [GC (Allocation Failure) [PSYoungGen: 45152K->64K(45056K)] 46955K->1867K(220160K), 0,0004811 secs] [Times: user=0,00 sys=0,00, real=0,00 secs] 
45,307: [GC (Allocation Failure) [PSYoungGen: 44608K->96K(44544K)] 46411K->1899K(219648K), 0,0004997 secs] [Times: user=0,00 sys=0,00, real=0,00 secs] 
45,361: [GC (Allocation Failure) [PSYoungGen: 44128K->32K(53760K)] 45931K->1835K(228864K), 0,0017567 secs] [Times: user=0,00 sys=0,00, real=0,01 secs] 
45,426: [GC (Allocation Failure) [PSYoungGen: 53280K->64K(64512K)] 55083K->1867K(239616K), 0,0010277 secs] [Times: user=0,01 sys=0,00, real=0,00 secs] 
45,499: [GC (Allocation Failure) [PSYoungGen: 64064K->96K(77312K)] 65867K->1899K(252416K), 0,0005096 secs] [Times: user=0,00 sys=0,00, real=0,00 secs] 
45,579: [GC (Allocation Failure) [PSYoungGen: 76896K->96K(92672K)] 78699K->1899K(267776K), 0,0005416 secs] [Times: user=0,00 sys=0,00, real=0,00 secs] 
45,677: [GC (Allocation Failure) [PSYoungGen: 92256K->32K(111104K)] 94059K->1835K(286208K), 0,0010296 secs] [Times: user=0,01 sys=0,00, real=0,00 secs] 
45,799: [GC (Allocation Failure) [PSYoungGen: 110624K->96K(108032K)] 112427K->1899K(283136K), 0,0005079 secs] [Times: user=0,00 sys=0,00, real=0,00 secs] 
45,910: [GC (Allocation Failure) [PSYoungGen: 107616K->96K(104960K)] 109419K->1899K(280064K), 0,0005323 secs] [Times: user=0,00 sys=0,00, real=0,00 secs] 
46,046: [GC (Allocation Failure) [PSYoungGen: 104544K->64K(101888K)] 106347K->1867K(276992K), 0,0005305 secs] [Times: user=0,00 sys=0,00, real=0,00 secs] 
46,173: [GC (Allocation Failure) [PSYoungGen: 101440K->64K(98816K)] 103243K->1867K(273920K), 0,0009494 secs] [Times: user=0,01 sys=0,00, real=0,00 secs] 
46,288: [GC (Allocation Failure) [PSYoungGen: 98368K->96K(96256K)] 100171K->1899K(271360K), 0,0005969 secs] [Times: user=0,00 sys=0,00, real=0,00 secs] 
46,404: [GC (Allocation Failure) [PSYoungGen: 95840K->96K(93696K)] 97643K->1899K(268800K), 0,0005595 secs] [Times: user=0,00 sys=0,00, real=0,00 secs] 
46,503: [GC (Allocation Failure) [PSYoungGen: 93280K->64K(91136K)] 95083K->1867K(266240K), 0,0005263 secs] [Times: user=0,00 sys=0,00, real=0,00 secs] 
46,599: [GC (Allocation Failure) [PSYoungGen: 90688K->96K(88576K)] 92491K->1899K(263680K), 0,0005060 secs] [Times: user=0,00 sys=0,00, real=0,00 secs] 
46,693: [GC (Allocation Failure) [PSYoungGen: 88160K->96K(86528K)] 89963K->1899K(261632K), 0,0005136 secs] [Times: user=0,00 sys=0,00, real=0,00 secs] 
46,786: [GC (Allocation Failure) [PSYoungGen: 86112K->64K(84480K)] 87915K->1867K(259584K), 0,0010023 secs] [Times: user=0,00 sys=0,00, real=0,00 secs] 
46,881: [GC (Allocation Failure) [PSYoungGen: 84032K->96K(82432K)] 85835K->1899K(257536K), 0,0005382 secs] [Times: user=0,00 sys=0,00, real=0,00 secs] 
46,987: [GC (Allocation Failure) [PSYoungGen: 82016K->64K(80384K)] 83819K->1867K(255488K), 0,0005103 secs] [Times: user=0,00 sys=0,00, real=0,00 secs] 
47,075: [GC (Allocation Failure) [PSYoungGen: 79936K->96K(78336K)] 81739K->1899K(253440K), 0,0005213 secs] [Times: user=0,00 sys=0,00, real=0,00 secs] 
47,210: [GC (Allocation Failure) [PSYoungGen: 77920K->96K(76288K)] 79723K->1899K(251392K), 0,0010449 secs] [Times: user=0,00 sys=0,00, real=0,00 secs] 
47,326: [GC (Allocation Failure) [PSYoungGen: 75872K->64K(74752K)] 77675K->1867K(249856K), 0,0010782 secs] [Times: user=0,00 sys=0,00, real=0,00 secs] 
47,427: [GC (Allocation Failure) [PSYoungGen: 74304K->96K(73216K)] 76107K->1899K(248320K), 0,0005360 secs] [Times: user=0,00 sys=0,00, real=0,00 secs] 
47,537: [GC (Allocation Failure) [PSYoungGen: 72800K->96K(71680K)] 74603K->1899K(246784K), 0,0018651 secs] [Times: user=0,00 sys=0,00, real=0,00 secs] 
47,632: [GC (Allocation Failure) [PSYoungGen: 71264K->64K(70144K)] 73067K->1867K(245248K), 0,0016872 secs] [Times: user=0,00 sys=0,00, real=0,00 secs] 
47,716: [GC (Allocation Failure) [PSYoungGen: 69696K->32K(68608K)] 71499K->1835K(243712K), 0,0005201 secs] [Times: user=0,00 sys=0,00, real=0,00 secs] 
47,793: [GC (Allocation Failure) [PSYoungGen: 68128K->64K(67072K)] 69931K->1867K(242176K), 0,0005701 secs] [Times: user=0,00 sys=0,00, real=0,00 secs] 
47,867: [GC (Allocation Failure) [PSYoungGen: 66624K->96K(65536K)] 68427K->1899K(240640K), 0,0005394 secs] [Times: user=0,00 sys=0,00, real=0,00 secs] 
47,940: [GC (Allocation Failure) [PSYoungGen: 65120K->96K(64000K)] 66923K->1899K(239104K), 0,0005858 secs] [Times: user=0,00 sys=0,00, real=0,00 secs] 
48,013: [GC (Allocation Failure) [PSYoungGen: 63584K->96K(62464K)] 65387K->1899K(237568K), 0,0005773 secs] [Times: user=0,00 sys=0,00, real=0,00 secs] 
48,085: [GC (Allocation Failure) [PSYoungGen: 62048K->96K(61440K)] 63851K->1899K(236544K), 0,0005440 secs] [Times: user=0,00 sys=0,00, real=0,00 secs] 
48,155: [GC (Allocation Failure) [PSYoungGen: 61024K->96K(60416K)] 62827K->1899K(235520K), 0,0005445 secs] [Times: user=0,00 sys=0,00, real=0,00 secs] 
48,222: [GC (Allocation Failure) [PSYoungGen: 60000K->64K(59392K)] 61803K->1867K(234496K), 0,0005278 secs] [Times: user=0,00 sys=0,00, real=0,00 secs] 
48,288: [GC (Allocation Failure) [PSYoungGen: 58944K->64K(58368K)] 60747K->1867K(233472K), 0,0005185 secs] [Times: user=0,00 sys=0,00, real=0,00 secs] 
48,353: [GC (Allocation Failure) [PSYoungGen: 57920K->64K(57344K)] 59723K->1867K(232448K), 0,0005257 secs] [Times: user=0,00 sys=0,00, real=0,00 secs] 
48,416: [GC (Allocation Failure) [PSYoungGen: 56896K->64K(56320K)] 58699K->1867K(231424K), 0,0005123 secs] [Times: user=0,00 sys=0,00, real=0,00 secs] 
48,479: [GC (Allocation Failure) [PSYoungGen: 55872K->96K(55296K)] 57675K->1899K(230400K), 0,0005528 secs] [Times: user=0,00 sys=0,00, real=0,00 secs] 
48,542: [GC (Allocation Failure) [PSYoungGen: 54880K->96K(54272K)] 56683K->1899K(229376K), 0,0005424 secs] [Times: user=0,00 sys=0,00, real=0,00 secs] 
48,604: [GC (Allocation Failure) [PSYoungGen: 53856K->64K(53248K)] 55659K->1867K(228352K), 0,0008343 secs] [Times: user=0,00 sys=0,00, real=0,00 secs] 
48,665: [GC (Allocation Failure) [PSYoungGen: 52800K->96K(52224K)] 54603K->1899K(227328K), 0,0005381 secs] [Times: user=0,00 sys=0,00, real=0,00 secs] 
48,723: [GC (Allocation Failure) [PSYoungGen: 51808K->96K(51200K)] 53611K->1899K(226304K), 0,0006103 secs] [Times: user=0,00 sys=0,00, real=0,00 secs] 
48,780: [GC (Allocation Failure) [PSYoungGen: 50784K->96K(50176K)] 52587K->1899K(225280K), 0,0004285 secs] [Times: user=0,00 sys=0,00, real=0,00 secs] 
48,835: [GC (Allocation Failure) [PSYoungGen: 49760K->32K(49152K)] 51563K->1835K(224256K), 0,0005152 secs] [Times: user=0,00 sys=0,00, real=0,00 secs] 
48,890: [GC (Allocation Failure) [PSYoungGen: 48672K->96K(48128K)] 50475K->1899K(223232K), 0,0004146 secs] [Times: user=0,00 sys=0,00, real=0,00 secs] 
48,943: [GC (Allocation Failure) [PSYoungGen: 47712K->96K(47616K)] 49515K->1899K(222720K), 0,0004264 secs] [Times: user=0,00 sys=0,00, real=0,00 secs] 
48,995: [GC (Allocation Failure) [PSYoungGen: 47200K->96K(47104K)] 49003K->1899K(222208K), 0,0005233 secs] [Times: user=0,00 sys=0,00, real=0,00 secs] 
49,048: [GC (Allocation Failure) [PSYoungGen: 46688K->96K(46592K)] 48491K->1899K(221696K), 0,0004310 secs] [Times: user=0,00 sys=0,00, real=0,00 secs] 
49,101: [GC (Allocation Failure) [PSYoungGen: 46176K->64K(55808K)] 47979K->1867K(230912K), 0,0012657 secs] [Times: user=0,01 sys=0,00, real=0,01 secs] 
49,164: [GC (Allocation Failure) [PSYoungGen: 55360K->96K(67072K)] 57163K->1899K(242176K), 0,0005383 secs] [Times: user=0,00 sys=0,00, real=0,00 secs] 
49,237: [GC (Allocation Failure) [PSYoungGen: 66656K->64K(65536K)] 68459K->1867K(240640K), 0,0005400 secs] [Times: user=0,00 sys=0,00, real=0,00 secs] 
49,307: [GC (Allocation Failure) [PSYoungGen: 65088K->64K(64000K)] 66891K->1867K(239104K), 0,0005248 secs] [Times: user=0,00 sys=0,00, real=0,00 secs] 
49,376: [GC (Allocation Failure) [PSYoungGen: 63552K->96K(62464K)] 65355K->1899K(237568K), 0,0005288 secs] [Times: user=0,00 sys=0,00, real=0,00 secs] 
49,443: [GC (Allocation Failure) [PSYoungGen: 62048K->32K(61440K)] 63851K->1835K(236544K), 0,0005009 secs] [Times: user=0,00 sys=0,00, real=0,00 secs] 
49,509: [GC (Allocation Failure) [PSYoungGen: 60960K->96K(60416K)] 62763K->1899K(235520K), 0,0004406 secs] [Times: user=0,00 sys=0,00, real=0,00 secs] 
49,574: [GC (Allocation Failure) [PSYoungGen: 60000K->64K(59392K)] 61803K->1867K(234496K), 0,0005315 secs] [Times: user=0,00 sys=0,00, real=0,00 secs] 
49,638: [GC (Allocation Failure) [PSYoungGen: 58944K->96K(58368K)] 60747K->1899K(233472K), 0,0005316 secs] [Times: user=0,00 sys=0,00, real=0,00 secs] 
49,700: [GC (Allocation Failure) [PSYoungGen: 57952K->96K(57344K)] 59755K->1899K(232448K), 0,0005175 secs] [Times: user=0,01 sys=0,00, real=0,00 secs] 
49,760: [GC (Allocation Failure) [PSYoungGen: 56928K->64K(56320K)] 58731K->1867K(231424K), 0,0008170 secs] [Times: user=0,01 sys=0,00, real=0,00 secs] 
49,819: [GC (Allocation Failure) [PSYoungGen: 55872K->96K(55296K)] 57675K->1899K(230400K), 0,0005318 secs] [Times: user=0,00 sys=0,00, real=0,00 secs] 
49,876: [GC (Allocation Failure) [PSYoungGen: 54880K->96K(54272K)] 56683K->1899K(229376K), 0,0005318 secs] [Times: user=0,00 sys=0,00, real=0,00 secs] 
49,933: [GC (Allocation Failure) [PSYoungGen: 53856K->96K(53248K)] 55659K->1899K(228352K), 0,0004969 secs] [Times: user=0,00 sys=0,00, real=0,00 secs] 
49,989: [GC (Allocation Failure) [PSYoungGen: 52832K->64K(52224K)] 54635K->1867K(227328K), 0,0005162 secs] [Times: user=0,01 sys=0,00, real=0,00 secs] 
50,044: [GC (Allocation Failure) [PSYoungGen: 51776K->0K(51200K)] 53579K->1803K(226304K), 0,0004912 secs] [Times: user=0,00 sys=0,00, real=0,00 secs] 
50,098: [GC (Allocation Failure) [PSYoungGen: 50688K->64K(50176K)] 52491K->1867K(225280K), 0,0008769 secs] [Times: user=0,00 sys=0,00, real=0,00 secs] 
50,151: [GC (Allocation Failure) [PSYoungGen: 49728K->32K(60416K)] 51531K->1835K(235520K), 0,0008973 secs] [Times: user=0,00 sys=0,00, real=0,00 secs] 
50,214: [GC (Allocation Failure) [PSYoungGen: 59936K->32K(72704K)] 61739K->1835K(247808K), 0,0004986 secs] [Times: user=0,00 sys=0,00, real=0,00 secs] 
50,290: [GC (Allocation Failure) [PSYoungGen: 72224K->96K(71168K)] 74027K->1899K(246272K), 0,0005001 secs] [Times: user=0,00 sys=0,00, real=0,00 secs] 
50,368: [GC (Allocation Failure) [PSYoungGen: 70752K->96K(69632K)] 72555K->1899K(244736K), 0,0005374 secs] [Times: user=0,00 sys=0,00, real=0,00 secs] 
50,440: [GC (Allocation Failure) [PSYoungGen: 69216K->96K(68096K)] 71019K->1923K(243200K), 0,0005266 secs] [Times: user=0,01 sys=0,00, real=0,00 secs] 
50,511: [GC (Allocation Failure) [PSYoungGen: 67680K->32K(66560K)] 69507K->1859K(241664K), 0,0005077 secs] [Times: user=0,00 sys=0,00, real=0,01 secs] 
50,581: [GC (Allocation Failure) [PSYoungGen: 66080K->96K(65024K)] 67907K->1923K(240128K), 0,0005078 secs] [Times: user=0,00 sys=0,00, real=0,00 secs] 
50,649: [GC (Allocation Failure) [PSYoungGen: 64608K->64K(63488K)] 66435K->1891K(238592K), 0,0005047 secs] [Times: user=0,00 sys=0,00, real=0,00 secs] 
50,715: [GC (Allocation Failure) [PSYoungGen: 63040K->96K(61952K)] 64867K->1923K(237056K), 0,0005091 secs] [Times: user=0,00 sys=0,00, real=0,00 secs] 
50,780: [GC (Allocation Failure) [PSYoungGen: 61536K->96K(60928K)] 63363K->1923K(236032K), 0,0005008 secs] [Times: user=0,01 sys=0,00, real=0,00 secs] 
50,843: [GC (Allocation Failure) [PSYoungGen: 60512K->96K(59904K)] 62339K->1923K(235008K), 0,0005515 secs] [Times: user=0,00 sys=0,00, real=0,00 secs] 
50,906: [GC (Allocation Failure) [PSYoungGen: 59488K->64K(58880K)] 61315K->1891K(233984K), 0,0005535 secs] [Times: user=0,00 sys=0,00, real=0,00 secs] 
50,968: [GC (Allocation Failure) [PSYoungGen: 58432K->64K(57856K)] 60259K->1891K(232960K), 0,0004899 secs] [Times: user=0,00 sys=0,00, real=0,00 secs] 
51,028: [GC (Allocation Failure) [PSYoungGen: 57408K->96K(56832K)] 59235K->1923K(231936K), 0,0005118 secs] [Times: user=0,00 sys=0,00, real=0,00 secs] 
51,090: [GC (Allocation Failure) [PSYoungGen: 56416K->64K(55808K)] 58243K->1891K(230912K), 0,0006986 secs] [Times: user=0,01 sys=0,00, real=0,00 secs] 
51,149: [GC (Allocation Failure) [PSYoungGen: 55360K->96K(54784K)] 57187K->1923K(229888K), 0,0005098 secs] [Times: user=0,00 sys=0,00, real=0,00 secs] 
51,206: [GC (Allocation Failure) [PSYoungGen: 54368K->64K(53760K)] 56195K->1891K(228864K), 0,0004334 secs] [Times: user=0,00 sys=0,00, real=0,00 secs] 
51,261: [GC (Allocation Failure) [PSYoungGen: 53312K->96K(52736K)] 55139K->1923K(227840K), 0,0005259 secs] [Times: user=0,00 sys=0,00, real=0,00 secs] 
51,314: [GC (Allocation Failure) [PSYoungGen: 52320K->64K(51712K)] 54147K->1891K(226816K), 0,0004075 secs] [Times: user=0,00 sys=0,00, real=0,00 secs] 
51,367: [GC (Allocation Failure) [PSYoungGen: 51264K->64K(50688K)] 53091K->1891K(225792K), 0,0004917 secs] [Times: user=0,00 sys=0,00, real=0,00 secs] 
51,418: [GC (Allocation Failure) [PSYoungGen: 50240K->96K(49664K)] 52067K->1923K(224768K), 0,0004781 secs] [Times: user=0,00 sys=0,00, real=0,00 secs] 
51,469: [GC (Allocation Failure) [PSYoungGen: 49248K->96K(48640K)] 51075K->1923K(223744K), 0,0005115 secs] [Times: user=0,00 sys=0,00, real=0,00 secs] 
51,519: [GC (Allocation Failure) [PSYoungGen: 48224K->96K(48128K)] 50051K->1923K(223232K), 0,0005166 secs] [Times: user=0,00 sys=0,00, real=0,00 secs] 
51,569: [GC (Allocation Failure) [PSYoungGen: 47712K->96K(47616K)] 49539K->1923K(222720K), 0,0003847 secs] [Times: user=0,00 sys=0,00, real=0,00 secs] 
51,617: [GC (Allocation Failure) [PSYoungGen: 47200K->96K(47104K)] 49027K->1923K(222208K), 0,0004685 secs] [Times: user=0,00 sys=0,00, real=0,00 secs] 
51,666: [GC (Allocation Failure) [PSYoungGen: 46688K->64K(46592K)] 48515K->1891K(221696K), 0,0004825 secs] [Times: user=0,00 sys=0,00, real=0,00 secs] 
51,713: [GC (Allocation Failure) [PSYoungGen: 46144K->96K(46080K)] 47971K->1923K(221184K), 0,0005146 secs] [Times: user=0,00 sys=0,00, real=0,00 secs] 
51,760: [GC (Allocation Failure) [PSYoungGen: 45664K->96K(45568K)] 47491K->1923K(220672K), 0,0004982 secs] [Times: user=0,00 sys=0,00, real=0,00 secs] 
51,807: [GC (Allocation Failure) [PSYoungGen: 45152K->96K(45056K)] 46979K->1923K(220160K), 0,0003980 secs] [Times: user=0,00 sys=0,00, real=0,00 secs] 
51,853: [GC (Allocation Failure) [PSYoungGen: 44640K->64K(44544K)] 46467K->1891K(219648K), 0,0004784 secs] [Times: user=0,00 sys=0,00, real=0,00 secs] 
51,898: [GC (Allocation Failure) [PSYoungGen: 44096K->64K(44032K)] 45923K->1891K(219136K), 0,0004785 secs] [Times: user=0,00 sys=0,00, real=0,00 secs] 
51,943: [GC (Allocation Failure) [PSYoungGen: 43584K->64K(43520K)] 45411K->1891K(218624K), 0,0003920 secs] [Times: user=0,00 sys=0,00, real=0,00 secs] 
51,987: [GC (Allocation Failure) [PSYoungGen: 43072K->32K(43008K)] 44899K->1859K(218112K), 0,0004830 secs] [Times: user=0,00 sys=0,00, real=0,00 secs] 
52,031: [GC (Allocation Failure) [PSYoungGen: 42528K->96K(42496K)] 44355K->1923K(217600K), 0,0004900 secs] [Times: user=0,00 sys=0,00, real=0,00 secs] 
52,074: [GC (Allocation Failure) [PSYoungGen: 42080K->96K(41984K)] 43907K->1923K(217088K), 0,0004147 secs] [Times: user=0,00 sys=0,00, real=0,00 secs] 
52,119: [GC (Allocation Failure) [PSYoungGen: 41568K->96K(41472K)] 43395K->1923K(216576K), 0,0004971 secs] [Times: user=0,01 sys=0,00, real=0,00 secs] 
52,161: [GC (Allocation Failure) [PSYoungGen: 41056K->64K(40960K)] 42883K->1891K(216064K), 0,0004315 secs] [Times: user=0,00 sys=0,00, real=0,00 secs] 
52,203: [GC (Allocation Failure) [PSYoungGen: 40512K->64K(40448K)] 42339K->1891K(215552K), 0,0005298 secs] [Times: user=0,00 sys=0,00, real=0,00 secs] 
52,245: [GC (Allocation Failure) [PSYoungGen: 40000K->96K(39936K)] 41827K->1923K(215040K), 0,0003898 secs] [Times: user=0,00 sys=0,00, real=0,00 secs] 
52,286: [GC (Allocation Failure) [PSYoungGen: 39520K->96K(39424K)] 41347K->1923K(214528K), 0,0003851 secs] [Times: user=0,00 sys=0,00, real=0,00 secs] 
52,326: [GC (Allocation Failure) [PSYoungGen: 39008K->64K(38912K)] 40835K->1891K(214016K), 0,0004756 secs] [Times: user=0,00 sys=0,00, real=0,00 secs] 
52,365: [GC (Allocation Failure) [PSYoungGen: 38464K->64K(38400K)] 40291K->1891K(213504K), 0,0003903 secs] [Times: user=0,00 sys=0,00, real=0,00 secs] 
52,405: [GC (Allocation Failure) [PSYoungGen: 37952K->96K(37888K)] 39779K->1923K(212992K), 0,0003961 secs] [Times: user=0,00 sys=0,00, real=0,00 secs] 
52,444: [GC (Allocation Failure) [PSYoungGen: 37472K->96K(37376K)] 39299K->1923K(212480K), 0,0004921 secs] [Times: user=0,00 sys=0,00, real=0,00 secs] 
52,482: [GC (Allocation Failure) [PSYoungGen: 36960K->64K(45056K)] 38787K->1891K(220160K), 0,0005098 secs] [Times: user=0,00 sys=0,00, real=0,00 secs] 
52,529: [GC (Allocation Failure) [PSYoungGen: 44608K->32K(54272K)] 46435K->1859K(229376K), 0,0005025 secs] [Times: user=0,00 sys=0,00, real=0,00 secs] 
52,585: [GC (Allocation Failure) [PSYoungGen: 53792K->32K(53248K)] 55619K->1859K(228352K), 0,0005287 secs] [Times: user=0,00 sys=0,00, real=0,00 secs] 
52,639: [GC (Allocation Failure) [PSYoungGen: 52768K->96K(52224K)] 54595K->1923K(227328K), 0,0004768 secs] [Times: user=0,00 sys=0,00, real=0,00 secs] 
52,692: [GC (Allocation Failure) [PSYoungGen: 51808K->96K(51200K)] 53635K->1923K(226304K), 0,0004706 secs] [Times: user=0,00 sys=0,00, real=0,00 secs] 
52,744: [GC (Allocation Failure) [PSYoungGen: 50784K->96K(50176K)] 52611K->1923K(225280K), 0,0004887 secs] [Times: user=0,00 sys=0,00, real=0,00 secs] 
52,795: [GC (Allocation Failure) [PSYoungGen: 49760K->96K(49152K)] 51587K->1923K(224256K), 0,0004839 secs] [Times: user=0,00 sys=0,00, real=0,00 secs] 
52,845: [GC (Allocation Failure) [PSYoungGen: 48736K->96K(48128K)] 50563K->1923K(223232K), 0,0004888 secs] [Times: user=0,00 sys=0,00, real=0,00 secs] 
52,894: [GC (Allocation Failure) [PSYoungGen: 47712K->64K(47616K)] 49539K->1891K(222720K), 0,0004903 secs] [Times: user=0,00 sys=0,00, real=0,00 secs] 
52,942: [GC (Allocation Failure) [PSYoungGen: 47168K->64K(47104K)] 48995K->1891K(222208K), 0,0004098 secs] [Times: user=0,00 sys=0,00, real=0,00 secs] 
52,991: [GC (Allocation Failure) [PSYoungGen: 46656K->96K(46592K)] 48483K->1923K(221696K), 0,0005009 secs] [Times: user=0,00 sys=0,00, real=0,00 secs] 
53,038: [GC (Allocation Failure) [PSYoungGen: 46176K->96K(46080K)] 48003K->1923K(221184K), 0,0004795 secs] [Times: user=0,00 sys=0,00, real=0,00 secs] 
53,085: [GC (Allocation Failure) [PSYoungGen: 45664K->32K(45568K)] 47491K->1859K(220672K), 0,0005246 secs] [Times: user=0,00 sys=0,00, real=0,00 secs] 
53,133: [GC (Allocation Failure) [PSYoungGen: 45088K->96K(45056K)] 46915K->1923K(220160K), 0,0004988 secs] [Times: user=0,00 sys=0,00, real=0,00 secs] 
53,180: [GC (Allocation Failure) [PSYoungGen: 44640K->96K(44544K)] 46467K->1923K(219648K), 0,0004825 secs] [Times: user=0,00 sys=0,00, real=0,00 secs] 
53,226: [GC (Allocation Failure) [PSYoungGen: 44128K->64K(44032K)] 45955K->1891K(219136K), 0,0004704 secs] [Times: user=0,00 sys=0,00, real=0,00 secs] 
53,271: [GC (Allocation Failure) [PSYoungGen: 43584K->96K(43520K)] 45411K->1923K(218624K), 0,0003918 secs] [Times: user=0,00 sys=0,00, real=0,00 secs] 
53,315: [GC (Allocation Failure) [PSYoungGen: 43104K->32K(43008K)] 44931K->1859K(218112K), 0,0004834 secs] [Times: user=0,00 sys=0,00, real=0,00 secs] 
53,359: [GC (Allocation Failure) [PSYoungGen: 42528K->96K(42496K)] 44355K->1923K(217600K), 0,0004855 secs] [Times: user=0,00 sys=0,00, real=0,00 secs] 
53,402: [GC (Allocation Failure) [PSYoungGen: 42080K->96K(41984K)] 43907K->1923K(217088K), 0,0004486 secs] [Times: user=0,00 sys=0,00, real=0,00 secs] 
53,445: [GC (Allocation Failure) [PSYoungGen: 41568K->64K(41472K)] 43395K->1891K(216576K), 0,0004723 secs] [Times: user=0,00 sys=0,00, real=0,00 secs] 
53,487: [GC (Allocation Failure) [PSYoungGen: 41024K->64K(40960K)] 42851K->1891K(216064K), 0,0004191 secs] [Times: user=0,00 sys=0,00, real=0,00 secs] 
53,529: [GC (Allocation Failure) [PSYoungGen: 40512K->96K(40448K)] 42339K->1923K(215552K), 0,0005491 secs] [Times: user=0,00 sys=0,00, real=0,00 secs] 
53,570: [GC (Allocation Failure) [PSYoungGen: 40032K->64K(39936K)] 41859K->1891K(215040K), 0,0003861 secs] [Times: user=0,00 sys=0,00, real=0,00 secs] 
53,611: [GC (Allocation Failure) [PSYoungGen: 39488K->96K(39424K)] 41315K->1923K(214528K), 0,0004011 secs] [Times: user=0,00 sys=0,00, real=0,00 secs] 
53,651: [GC (Allocation Failure) [PSYoungGen: 39008K->96K(38912K)] 40835K->1923K(214016K), 0,0004076 secs] [Times: user=0,00 sys=0,00, real=0,00 secs] 
53,691: [GC (Allocation Failure) [PSYoungGen: 38496K->96K(38400K)] 40323K->1923K(213504K), 0,0003833 secs] [Times: user=0,00 sys=0,00, real=0,00 secs] 
53,730: [GC (Allocation Failure) [PSYoungGen: 37984K->64K(37888K)] 39811K->1891K(212992K), 0,0003911 secs] [Times: user=0,00 sys=0,00, real=0,00 secs] 
53,768: [GC (Allocation Failure) [PSYoungGen: 37440K->96K(37376K)] 39267K->1923K(212480K), 0,0003745 secs] [Times: user=0,00 sys=0,00, real=0,00 secs] 
53,806: [GC (Allocation Failure) [PSYoungGen: 36960K->32K(36864K)] 38787K->1859K(211968K), 0,0003750 secs] [Times: user=0,00 sys=0,00, real=0,00 secs] 
53,843: [GC (Allocation Failure) [PSYoungGen: 36384K->96K(36352K)] 38211K->1923K(211456K), 0,0003832 secs] [Times: user=0,00 sys=0,00, real=0,00 secs] 
53,880: [GC (Allocation Failure) [PSYoungGen: 35936K->96K(35840K)] 37763K->1923K(210944K), 0,0003757 secs] [Times: user=0,00 sys=0,00, real=0,00 secs] 
53,916: [GC (Allocation Failure) [PSYoungGen: 35424K->96K(35328K)] 37251K->1923K(210432K), 0,0003860 secs] [Times: user=0,00 sys=0,00, real=0,00 secs] 
53,952: [GC (Allocation Failure) [PSYoungGen: 34912K->96K(34816K)] 36739K->1923K(209920K), 0,0004013 secs] [Times: user=0,00 sys=0,00, real=0,00 secs] 
53,988: [GC (Allocation Failure) [PSYoungGen: 34400K->96K(34304K)] 36227K->1923K(209408K), 0,0003864 secs] [Times: user=0,00 sys=0,00, real=0,00 secs] 
54,023: [GC (Allocation Failure) [PSYoungGen: 33888K->64K(33792K)] 35715K->1891K(208896K), 0,0003876 secs] [Times: user=0,00 sys=0,00, real=0,00 secs] 
54,057: [GC (Allocation Failure) [PSYoungGen: 33344K->96K(33280K)] 35171K->1923K(208384K), 0,0003798 secs] [Times: user=0,00 sys=0,00, real=0,00 secs] 
54,092: [GC (Allocation Failure) [PSYoungGen: 32864K->96K(39936K)] 34691K->1923K(215040K), 0,0004920 secs] [Times: user=0,00 sys=0,01, real=0,00 secs] 
54,134: [GC (Allocation Failure) [PSYoungGen: 39520K->64K(48128K)] 41347K->1891K(223232K), 0,0008433 secs] [Times: user=0,00 sys=0,00, real=0,00 secs] 
54,184: [GC (Allocation Failure) [PSYoungGen: 47680K->96K(57856K)] 49507K->1923K(232960K), 0,0004741 secs] [Times: user=0,00 sys=0,00, real=0,00 secs] 
54,243: [GC (Allocation Failure) [PSYoungGen: 57440K->64K(69632K)] 59267K->1891K(244736K), 0,0005105 secs] [Times: user=0,00 sys=0,00, real=0,00 secs] 
54,314: [GC (Allocation Failure) [PSYoungGen: 69184K->64K(68096K)] 71011K->1891K(243200K), 0,0005078 secs] [Times: user=0,00 sys=0,00, real=0,00 secs] 
54,383: [GC (Allocation Failure) [PSYoungGen: 67648K->96K(66560K)] 69475K->1923K(241664K), 0,0005030 secs] [Times: user=0,00 sys=0,00, real=0,00 secs] 
54,451: [GC (Allocation Failure) [PSYoungGen: 66144K->96K(65024K)] 67971K->1923K(240128K), 0,0005026 secs] [Times: user=0,00 sys=0,00, real=0,00 secs] 
54,517: [GC (Allocation Failure) [PSYoungGen: 64608K->96K(63488K)] 66435K->1923K(238592K), 0,0004977 secs] [Times: user=0,00 sys=0,00, real=0,00 secs] 
54,582: [GC (Allocation Failure) [PSYoungGen: 63072K->64K(61952K)] 64899K->1891K(237056K), 0,0004879 secs] [Times: user=0,00 sys=0,00, real=0,01 secs] 
54,644: [GC (Allocation Failure) [PSYoungGen: 61504K->96K(60928K)] 63331K->1923K(236032K), 0,0005172 secs] [Times: user=0,00 sys=0,00, real=0,00 secs] 
54,707: [GC (Allocation Failure) [PSYoungGen: 60512K->64K(59904K)] 62339K->1891K(235008K), 0,0005189 secs] [Times: user=0,00 sys=0,00, real=0,00 secs] 
54,768: [GC (Allocation Failure) [PSYoungGen: 59456K->32K(58880K)] 61283K->1859K(233984K), 0,0004914 secs] [Times: user=0,00 sys=0,00, real=0,00 secs] 
54,828: [GC (Allocation Failure) [PSYoungGen: 58399K->64K(57856K)] 60227K->1891K(232960K), 0,0004840 secs] [Times: user=0,00 sys=0,00, real=0,00 secs] 
54,886: [GC (Allocation Failure) [PSYoungGen: 57408K->96K(56832K)] 59235K->1923K(231936K), 0,0004803 secs] [Times: user=0,00 sys=0,00, real=0,00 secs] 
54,944: [GC (Allocation Failure) [PSYoungGen: 56416K->96K(55808K)] 58243K->1923K(230912K), 0,0004847 secs] [Times: user=0,01 sys=0,00, real=0,00 secs] 
55,000: [GC (Allocation Failure) [PSYoungGen: 55392K->64K(54784K)] 57219K->1891K(229888K), 0,0004942 secs] [Times: user=0,00 sys=0,00, real=0,00 secs] 
55,055: [GC (Allocation Failure) [PSYoungGen: 54336K->96K(53760K)] 56163K->1923K(228864K), 0,0004858 secs] [Times: user=0,00 sys=0,00, real=0,00 secs] 
55,111: [GC (Allocation Failure) [PSYoungGen: 53344K->64K(52736K)] 55171K->1891K(227840K), 0,0005069 secs] [Times: user=0,00 sys=0,00, real=0,01 secs] 
55,165: [GC (Allocation Failure) [PSYoungGen: 52288K->96K(51712K)] 54115K->1923K(226816K), 0,0004813 secs] [Times: user=0,00 sys=0,00, real=0,00 secs] 
55,217: [GC (Allocation Failure) [PSYoungGen: 51296K->64K(50688K)] 53123K->1891K(225792K), 0,0004882 secs] [Times: user=0,00 sys=0,00, real=0,00 secs] 
55,268: [GC (Allocation Failure) [PSYoungGen: 50240K->96K(49664K)] 52067K->1923K(224768K), 0,0004698 secs] [Times: user=0,00 sys=0,00, real=0,00 secs] 
55,319: [GC (Allocation Failure) [PSYoungGen: 49248K->96K(48640K)] 51075K->1923K(223744K), 0,0004627 secs] [Times: user=0,00 sys=0,00, real=0,00 secs] 
55,368: [GC (Allocation Failure) [PSYoungGen: 48224K->64K(48128K)] 50051K->1891K(223232K), 0,0004722 secs] [Times: user=0,00 sys=0,00, real=0,00 secs] 
55,418: [GC (Allocation Failure) [PSYoungGen: 47680K->96K(47616K)] 49507K->1923K(222720K), 0,0003880 secs] [Times: user=0,00 sys=0,00, real=0,00 secs] 
55,466: [GC (Allocation Failure) [PSYoungGen: 47200K->64K(57344K)] 49027K->1891K(232448K), 0,0009951 secs] [Times: user=0,00 sys=0,00, real=0,00 secs] 
55,526: [GC (Allocation Failure) [PSYoungGen: 56896K->64K(56320K)] 58723K->1891K(231424K), 0,0004854 secs] [Times: user=0,00 sys=0,00, real=0,00 secs] 
55,584: [GC (Allocation Failure) [PSYoungGen: 55872K->64K(55296K)] 57699K->1891K(230400K), 0,0004849 secs] [Times: user=0,00 sys=0,00, real=0,00 secs] 
55,640: [GC (Allocation Failure) [PSYoungGen: 54848K->64K(54272K)] 56675K->1891K(229376K), 0,0005028 secs] [Times: user=0,01 sys=0,00, real=0,00 secs] 
55,695: [GC (Allocation Failure) [PSYoungGen: 53824K->64K(53248K)] 55651K->1891K(228352K), 0,0004862 secs] [Times: user=0,00 sys=0,00, real=0,00 secs] 
55,750: [GC (Allocation Failure) [PSYoungGen: 52800K->96K(52224K)] 54627K->1923K(227328K), 0,0005248 secs] [Times: user=0,00 sys=0,00, real=0,00 secs] 
55,804: [GC (Allocation Failure) [PSYoungGen: 51808K->96K(51200K)] 53635K->1923K(226304K), 0,0004775 secs] [Times: user=0,00 sys=0,00, real=0,00 secs] 
55,855: [GC (Allocation Failure) [PSYoungGen: 50784K->96K(50176K)] 52611K->1923K(225280K), 0,0003949 secs] [Times: user=0,00 sys=0,00, real=0,00 secs] 
55,905: [GC (Allocation Failure) [PSYoungGen: 49760K->96K(49152K)] 51587K->1923K(224256K), 0,0005193 secs] [Times: user=0,00 sys=0,00, real=0,00 secs] 
55,955: [GC (Allocation Failure) [PSYoungGen: 48736K->96K(48128K)] 50563K->1923K(223232K), 0,0004063 secs] [Times: user=0,00 sys=0,00, real=0,00 secs] 
56,004: [GC (Allocation Failure) [PSYoungGen: 47712K->96K(47616K)] 49539K->1923K(222720K), 0,0004920 secs] [Times: user=0,00 sys=0,00, real=0,00 secs] 
56,052: [GC (Allocation Failure) [PSYoungGen: 47200K->96K(47104K)] 49027K->1923K(222208K), 0,0004845 secs] [Times: user=0,00 sys=0,00, real=0,00 secs] 
56,102: [GC (Allocation Failure) [PSYoungGen: 46688K->96K(46592K)] 48515K->1923K(221696K), 0,0005116 secs] [Times: user=0,00 sys=0,01, real=0,00 secs] 
56,149: [GC (Allocation Failure) [PSYoungGen: 46176K->96K(46080K)] 48003K->1923K(221184K), 0,0004964 secs] [Times: user=0,00 sys=0,00, real=0,00 secs] 
56,196: [GC (Allocation Failure) [PSYoungGen: 45664K->64K(45568K)] 47491K->1891K(220672K), 0,0004803 secs] [Times: user=0,00 sys=0,00, real=0,00 secs] 
56,242: [GC (Allocation Failure) [PSYoungGen: 45120K->64K(45056K)] 46947K->1891K(220160K), 0,0004754 secs] [Times: user=0,00 sys=0,00, real=0,00 secs] 
56,288: [GC (Allocation Failure) [PSYoungGen: 44608K->96K(44544K)] 46435K->1923K(219648K), 0,0003848 secs] [Times: user=0,00 sys=0,00, real=0,00 secs] 
56,332: [GC (Allocation Failure) [PSYoungGen: 44128K->64K(44032K)] 45955K->1891K(219136K), 0,0004779 secs] [Times: user=0,00 sys=0,00, real=0,00 secs] 
56,378: [GC (Allocation Failure) [PSYoungGen: 43584K->64K(43520K)] 45411K->1891K(218624K), 0,0005084 secs] [Times: user=0,00 sys=0,00, real=0,00 secs] 
56,423: [GC (Allocation Failure) [PSYoungGen: 43072K->32K(43008K)] 44899K->1859K(218112K), 0,0004631 secs] [Times: user=0,00 sys=0,00, real=0,00 secs] 
56,466: [GC (Allocation Failure) [PSYoungGen: 42528K->96K(42496K)] 44355K->1923K(217600K), 0,0004061 secs] [Times: user=0,00 sys=0,00, real=0,00 secs] 
56,510: [GC (Allocation Failure) [PSYoungGen: 42080K->64K(41984K)] 43907K->1891K(217088K), 0,0005178 secs] [Times: user=0,00 sys=0,00, real=0,00 secs] 
56,553: [GC (Allocation Failure) [PSYoungGen: 41536K->96K(41472K)] 43363K->1923K(216576K), 0,0004807 secs] [Times: user=0,00 sys=0,00, real=0,00 secs] 
56,595: [GC (Allocation Failure) [PSYoungGen: 41056K->96K(40960K)] 42883K->1923K(216064K), 0,0003871 secs] [Times: user=0,01 sys=0,00, real=0,00 secs] 
56,636: [GC (Allocation Failure) [PSYoungGen: 40544K->64K(40448K)] 42371K->1891K(215552K), 0,0003752 secs] [Times: user=0,00 sys=0,00, real=0,00 secs] 
56,677: [GC (Allocation Failure) [PSYoungGen: 40000K->96K(39936K)] 41827K->1923K(215040K), 0,0003892 secs] [Times: user=0,00 sys=0,00, real=0,00 secs] 
56,717: [GC (Allocation Failure) [PSYoungGen: 39520K->96K(39424K)] 41347K->1923K(214528K), 0,0003952 secs] [Times: user=0,00 sys=0,00, real=0,00 secs] 
56,758: [GC (Allocation Failure) [PSYoungGen: 39008K->96K(38912K)] 40835K->1923K(214016K), 0,0003785 secs] [Times: user=0,00 sys=0,00, real=0,00 secs] 
56,798: [GC (Allocation Failure) [PSYoungGen: 38496K->96K(38400K)] 40323K->1923K(213504K), 0,0005063 secs] [Times: user=0,00 sys=0,00, real=0,00 secs] 
56,848: [GC (Allocation Failure) [PSYoungGen: 37983K->96K(37888K)] 39811K->1923K(212992K), 0,0005160 secs] [Times: user=0,00 sys=0,00, real=0,00 secs] 
56,896: [GC (Allocation Failure) [PSYoungGen: 37472K->96K(37376K)] 39299K->1923K(212480K), 0,0004130 secs] [Times: user=0,00 sys=0,00, real=0,00 secs] 
56,945: [GC (Allocation Failure) [PSYoungGen: 36960K->96K(36864K)] 38787K->1923K(211968K), 0,0005352 secs] [Times: user=0,00 sys=0,00, real=0,00 secs] 
56,993: [GC (Allocation Failure) [PSYoungGen: 36448K->96K(44544K)] 38275K->1923K(219648K), 0,0008484 secs] [Times: user=0,00 sys=0,00, real=0,00 secs] 
57,054: [GC (Allocation Failure) [PSYoungGen: 44128K->64K(53760K)] 45955K->1891K(228864K), 0,0005460 secs] [Times: user=0,00 sys=0,00, real=0,00 secs] 
57,127: [GC (Allocation Failure) [PSYoungGen: 53312K->96K(52736K)] 55139K->1923K(227840K), 0,0005098 secs] [Times: user=0,00 sys=0,00, real=0,00 secs] 
57,186: [GC (Allocation Failure) [PSYoungGen: 52320K->96K(51712K)] 54147K->1923K(226816K), 0,0005032 secs] [Times: user=0,00 sys=0,00, real=0,00 secs] 
57,238: [GC (Allocation Failure) [PSYoungGen: 51296K->64K(50688K)] 53123K->1891K(225792K), 0,0004834 secs] [Times: user=0,00 sys=0,00, real=0,00 secs] 
57,289: [GC (Allocation Failure) [PSYoungGen: 50240K->96K(49664K)] 52067K->1923K(224768K), 0,0004742 secs] [Times: user=0,00 sys=0,00, real=0,00 secs] 
57,340: [GC (Allocation Failure) [PSYoungGen: 49248K->96K(48640K)] 51075K->1923K(223744K), 0,0004911 secs] [Times: user=0,00 sys=0,00, real=0,00 secs] 
57,389: [GC (Allocation Failure) [PSYoungGen: 48224K->64K(48128K)] 50051K->1891K(223232K), 0,0004689 secs] [Times: user=0,00 sys=0,00, real=0,00 secs] 
57,438: [GC (Allocation Failure) [PSYoungGen: 47680K->96K(47616K)] 49507K->1923K(222720K), 0,0005050 secs] [Times: user=0,00 sys=0,00, real=0,00 secs] 
57,487: [GC (Allocation Failure) [PSYoungGen: 47200K->96K(47104K)] 49027K->1923K(222208K), 0,0005132 secs] [Times: user=0,00 sys=0,00, real=0,00 secs] 
57,534: [GC (Allocation Failure) [PSYoungGen: 46688K->96K(46592K)] 48515K->1923K(221696K), 0,0004689 secs] [Times: user=0,00 sys=0,01, real=0,00 secs] 
57,582: [GC (Allocation Failure) [PSYoungGen: 46176K->96K(46080K)] 48003K->1923K(221184K), 0,0004649 secs] [Times: user=0,01 sys=0,00, real=0,00 secs] 
57,628: [GC (Allocation Failure) [PSYoungGen: 45664K->64K(45568K)] 47491K->1891K(220672K), 0,0004826 secs] [Times: user=0,00 sys=0,00, real=0,00 secs] 
57,675: [GC (Allocation Failure) [PSYoungGen: 45120K->96K(45056K)] 46947K->1923K(220160K), 0,0003904 secs] [Times: user=0,00 sys=0,00, real=0,00 secs] 
57,721: [GC (Allocation Failure) [PSYoungGen: 44640K->128K(44544K)] 46467K->1955K(219648K), 0,0003889 secs] [Times: user=0,00 sys=0,00, real=0,00 secs] 
57,766: [GC (Allocation Failure) [PSYoungGen: 44160K->64K(44032K)] 45987K->1891K(219136K), 0,0004068 secs] [Times: user=0,00 sys=0,00, real=0,00 secs] 
57,811: [GC (Allocation Failure) [PSYoungGen: 43584K->64K(43520K)] 45411K->1891K(218624K), 0,0004493 secs] [Times: user=0,01 sys=0,00, real=0,00 secs] 
57,855: [GC (Allocation Failure) [PSYoungGen: 43072K->64K(43008K)] 44899K->1891K(218112K), 0,0003853 secs] [Times: user=0,00 sys=0,00, real=0,00 secs] 
57,899: [GC (Allocation Failure) [PSYoungGen: 42560K->96K(42496K)] 44387K->1923K(217600K), 0,0004040 secs] [Times: user=0,00 sys=0,00, real=0,00 secs] 
57,944: [GC (Allocation Failure) [PSYoungGen: 42079K->32K(41984K)] 43907K->1859K(217088K), 0,0004713 secs] [Times: user=0,00 sys=0,00, real=0,00 secs] 
57,986: [GC (Allocation Failure) [PSYoungGen: 41504K->96K(41472K)] 43331K->1923K(216576K), 0,0003908 secs] [Times: user=0,00 sys=0,00, real=0,00 secs] 
58,028: [GC (Allocation Failure) [PSYoungGen: 41056K->64K(40960K)] 42883K->1891K(216064K), 0,0004962 secs] [Times: user=0,00 sys=0,00, real=0,00 secs] 
58,070: [GC (Allocation Failure) [PSYoungGen: 40512K->64K(40448K)] 42339K->1891K(215552K), 0,0004689 secs] [Times: user=0,01 sys=0,00, real=0,00 secs] 
58,112: [GC (Allocation Failure) [PSYoungGen: 40000K->96K(39936K)] 41827K->1923K(215040K), 0,0005152 secs] [Times: user=0,00 sys=0,00, real=0,00 secs] 
58,154: [GC (Allocation Failure) [PSYoungGen: 39520K->96K(48128K)] 41347K->1923K(223232K), 0,0005177 secs] [Times: user=0,00 sys=0,00, real=0,00 secs] 
58,203: [GC (Allocation Failure) [PSYoungGen: 47712K->96K(47616K)] 49539K->1923K(222720K), 0,0003905 secs] [Times: user=0,00 sys=0,00, real=0,00 secs] 
58,252: [GC (Allocation Failure) [PSYoungGen: 47200K->96K(47104K)] 49027K->1923K(222208K), 0,0004019 secs] [Times: user=0,00 sys=0,00, real=0,00 secs] 
58,301: [GC (Allocation Failure) [PSYoungGen: 46688K->96K(46592K)] 48515K->1923K(221696K), 0,0004102 secs] [Times: user=0,00 sys=0,00, real=0,01 secs] 
58,350: [GC (Allocation Failure) [PSYoungGen: 46176K->96K(46080K)] 48003K->1923K(221184K), 0,0004048 secs] [Times: user=0,00 sys=0,00, real=0,00 secs] 
58,396: [GC (Allocation Failure) [PSYoungGen: 45664K->96K(45568K)] 47491K->1923K(220672K), 0,0003955 secs] [Times: user=0,00 sys=0,00, real=0,00 secs] 
58,442: [GC (Allocation Failure) [PSYoungGen: 45152K->64K(45056K)] 46979K->1891K(220160K), 0,0005216 secs] [Times: user=0,00 sys=0,00, real=0,00 secs] 
58,488: [GC (Allocation Failure) [PSYoungGen: 44608K->96K(44544K)] 46435K->1923K(219648K), 0,0003977 secs] [Times: user=0,01 sys=0,00, real=0,00 secs] 
58,533: [GC (Allocation Failure) [PSYoungGen: 44128K->96K(44032K)] 45955K->1923K(219136K), 0,0004055 secs] [Times: user=0,00 sys=0,00, real=0,00 secs] 
58,577: [GC (Allocation Failure) [PSYoungGen: 43616K->96K(43520K)] 45443K->1923K(218624K), 0,0003910 secs] [Times: user=0,00 sys=0,00, real=0,00 secs] 
58,621: [GC (Allocation Failure) [PSYoungGen: 43104K->96K(43008K)] 44931K->1923K(218112K), 0,0004172 secs] [Times: user=0,00 sys=0,00, real=0,00 secs] 
58,665: [GC (Allocation Failure) [PSYoungGen: 42592K->64K(42496K)] 44419K->1891K(217600K), 0,0003895 secs] [Times: user=0,00 sys=0,00, real=0,00 secs] 
58,708: [GC (Allocation Failure) [PSYoungGen: 42048K->128K(41984K)] 43875K->1955K(217088K), 0,0004466 secs] [Times: user=0,01 sys=0,00, real=0,00 secs] 
58,751: [GC (Allocation Failure) [PSYoungGen: 41600K->96K(41472K)] 43427K->1923K(216576K), 0,0004385 secs] [Times: user=0,00 sys=0,00, real=0,00 secs] 
58,793: [GC (Allocation Failure) [PSYoungGen: 41056K->96K(40960K)] 42883K->1923K(216064K), 0,0003902 secs] [Times: user=0,00 sys=0,00, real=0,00 secs] 
58,835: [GC (Allocation Failure) [PSYoungGen: 40544K->96K(40448K)] 42371K->1923K(215552K), 0,0003842 secs] [Times: user=0,00 sys=0,00, real=0,00 secs] 
58,876: [GC (Allocation Failure) [PSYoungGen: 40032K->32K(39936K)] 41859K->1859K(215040K), 0,0004441 secs] [Times: user=0,00 sys=0,00, real=0,00 secs] 
58,916: [GC (Allocation Failure) [PSYoungGen: 39456K->96K(39424K)] 41283K->1923K(214528K), 0,0004039 secs] [Times: user=0,00 sys=0,00, real=0,00 secs] 
58,957: [GC (Allocation Failure) [PSYoungGen: 39008K->96K(38912K)] 40835K->1923K(214016K), 0,0003920 secs] [Times: user=0,01 sys=0,00, real=0,00 secs] 
58,996: [GC (Allocation Failure) [PSYoungGen: 38496K->64K(38400K)] 40323K->1891K(213504K), 0,0004814 secs] [Times: user=0,01 sys=0,00, real=0,00 secs] 
59,035: [GC (Allocation Failure) [PSYoungGen: 37952K->96K(37888K)] 39779K->1923K(212992K), 0,0004040 secs] [Times: user=0,00 sys=0,00, real=0,00 secs] 
59,073: [GC (Allocation Failure) [PSYoungGen: 37472K->64K(37376K)] 39299K->1891K(212480K), 0,0003937 secs] [Times: user=0,00 sys=0,00, real=0,00 secs] 
59,112: [GC (Allocation Failure) [PSYoungGen: 36928K->64K(45056K)] 38755K->1891K(220160K), 0,0007236 secs] [Times: user=0,00 sys=0,00, real=0,00 secs] 
59,159: [GC (Allocation Failure) [PSYoungGen: 44608K->96K(54272K)] 46435K->1923K(229376K), 0,0004962 secs] [Times: user=0,00 sys=0,00, real=0,00 secs] 
59,215: [GC (Allocation Failure) [PSYoungGen: 53856K->96K(65024K)] 55683K->1923K(240128K), 0,0004878 secs] [Times: user=0,01 sys=0,00, real=0,00 secs] 
59,283: [GC (Allocation Failure) [PSYoungGen: 64608K->96K(63488K)] 66435K->1923K(238592K), 0,0004976 secs] [Times: user=0,00 sys=0,00, real=0,00 secs] 
59,349: [GC (Allocation Failure) [PSYoungGen: 63072K->96K(61952K)] 64899K->1923K(237056K), 0,0004919 secs] [Times: user=0,00 sys=0,00, real=0,00 secs] 
59,411: [GC (Allocation Failure) [PSYoungGen: 61536K->32K(60928K)] 63363K->1859K(236032K), 0,0004925 secs] [Times: user=0,00 sys=0,00, real=0,00 secs] 
59,472: [GC (Allocation Failure) [PSYoungGen: 60448K->96K(59904K)] 62275K->1923K(235008K), 0,0004959 secs] [Times: user=0,00 sys=0,00, real=0,00 secs] 
59,535: [GC (Allocation Failure) [PSYoungGen: 59488K->64K(58880K)] 61315K->1891K(233984K), 0,0004941 secs] [Times: user=0,00 sys=0,00, real=0,00 secs] 
59,595: [GC (Allocation Failure) [PSYoungGen: 58432K->64K(57856K)] 60259K->1891K(232960K), 0,0004799 secs] [Times: user=0,00 sys=0,00, real=0,00 secs] 
59,655: [GC (Allocation Failure) [PSYoungGen: 57408K->96K(56832K)] 59235K->1923K(231936K), 0,0005227 secs] [Times: user=0,00 sys=0,00, real=0,00 secs] 
59,712: [GC (Allocation Failure) [PSYoungGen: 56416K->64K(55808K)] 58243K->1891K(230912K), 0,0005409 secs] [Times: user=0,00 sys=0,00, real=0,00 secs] 
59,769: [GC (Allocation Failure) [PSYoungGen: 55360K->96K(54784K)] 57187K->1923K(229888K), 0,0005020 secs] [Times: user=0,00 sys=0,00, real=0,00 secs] 
59,824: [GC (Allocation Failure) [PSYoungGen: 54368K->64K(53760K)] 56195K->1891K(228864K), 0,0004763 secs] [Times: user=0,00 sys=0,00, real=0,00 secs] 
59,878: [GC (Allocation Failure) [PSYoungGen: 53312K->64K(52736K)] 55139K->1891K(227840K), 0,0004968 secs] [Times: user=0,00 sys=0,00, real=0,00 secs] 
59,931: [GC (Allocation Failure) [PSYoungGen: 52288K->96K(51712K)] 54115K->1923K(226816K), 0,0004853 secs] [Times: user=0,01 sys=0,00, real=0,01 secs] 
59,984: [GC (Allocation Failure) [PSYoungGen: 51296K->64K(50688K)] 53123K->1891K(225792K), 0,0005402 secs] [Times: user=0,00 sys=0,00, real=0,00 secs] 
60,035: [GC (Allocation Failure) [PSYoungGen: 50240K->64K(49664K)] 52067K->1891K(224768K), 0,0004857 secs] [Times: user=0,00 sys=0,00, real=0,00 secs] 
60,087: [GC (Allocation Failure) [PSYoungGen: 49216K->64K(48640K)] 51043K->1891K(223744K), 0,0004706 secs] [Times: user=0,00 sys=0,00, real=0,00 secs] 
60,137: [GC (Allocation Failure) [PSYoungGen: 48192K->96K(48128K)] 50019K->1923K(223232K), 0,0005149 secs] [Times: user=0,00 sys=0,00, real=0,00 secs] 
60,187: [GC (Allocation Failure) [PSYoungGen: 47712K->96K(47616K)] 49539K->1923K(222720K), 0,0004681 secs] [Times: user=0,00 sys=0,00, real=0,00 secs] 
60,235: [GC (Allocation Failure) [PSYoungGen: 47200K->64K(47104K)] 49027K->1891K(222208K), 0,0004947 secs] [Times: user=0,00 sys=0,00, real=0,00 secs] 
60,282: [GC (Allocation Failure) [PSYoungGen: 46656K->128K(46592K)] 48483K->1955K(221696K), 0,0004750 secs] [Times: user=0,00 sys=0,00, real=0,00 secs] 
60,335: [GC (Allocation Failure) [PSYoungGen: 46208K->160K(55808K)] 48035K->1987K(230912K), 0,0009693 secs] [Times: user=0,01 sys=0,00, real=0,00 secs] 
60,391: [GC (Allocation Failure) [PSYoungGen: 55456K->32K(67072K)] 57283K->1891K(242176K), 0,0005174 secs] [Times: user=0,00 sys=0,00, real=0,01 secs] 
60,459: [GC (Allocation Failure) [PSYoungGen: 66592K->96K(65536K)] 68451K->1955K(240640K), 0,0005199 secs] [Times: user=0,00 sys=0,00, real=0,00 secs] 
60,525: [GC (Allocation Failure) [PSYoungGen: 65120K->96K(64000K)] 66979K->1955K(239104K), 0,0005024 secs] [Times: user=0,01 sys=0,00, real=0,00 secs] 
60,589: [GC (Allocation Failure) [PSYoungGen: 63584K->96K(62464K)] 65443K->1955K(237568K), 0,0004861 secs] [Times: user=0,00 sys=0,00, real=0,00 secs] 
60,653: [GC (Allocation Failure) [PSYoungGen: 62048K->96K(61440K)] 63907K->1955K(236544K), 0,0005295 secs] [Times: user=0,00 sys=0,00, real=0,00 secs] 
60,715: [GC (Allocation Failure) [PSYoungGen: 61024K->64K(60416K)] 62883K->1923K(235520K), 0,0004925 secs] [Times: user=0,00 sys=0,00, real=0,00 secs] 
60,776: [GC (Allocation Failure) [PSYoungGen: 59968K->96K(59392K)] 61827K->1955K(234496K), 0,0005369 secs] [Times: user=0,00 sys=0,00, real=0,00 secs] 
60,836: [GC (Allocation Failure) [PSYoungGen: 58976K->64K(58368K)] 60835K->1923K(233472K), 0,0004857 secs] [Times: user=0,00 sys=0,00, real=0,00 secs] 
60,895: [GC (Allocation Failure) [PSYoungGen: 57920K->96K(57344K)] 59779K->1955K(232448K), 0,0004980 secs] [Times: user=0,00 sys=0,00, real=0,00 secs] 
60,952: [GC (Allocation Failure) [PSYoungGen: 56928K->96K(56320K)] 58787K->1955K(231424K), 0,0004904 secs] [Times: user=0,00 sys=0,00, real=0,00 secs] 
61,009: [GC (Allocation Failure) [PSYoungGen: 55904K->96K(55296K)] 57763K->1955K(230400K), 0,0005191 secs] [Times: user=0,00 sys=0,00, real=0,00 secs] 
61,065: [GC (Allocation Failure) [PSYoungGen: 54880K->96K(54272K)] 56739K->1955K(229376K), 0,0004947 secs] [Times: user=0,00 sys=0,00, real=0,00 secs] 
61,123: [GC (Allocation Failure) [PSYoungGen: 53856K->96K(53248K)] 55715K->1955K(228352K), 0,0005115 secs] [Times: user=0,00 sys=0,00, real=0,00 secs] 
61,177: [GC (Allocation Failure) [PSYoungGen: 52832K->64K(52224K)] 54691K->1923K(227328K), 0,0009190 secs] [Times: user=0,00 sys=0,00, real=0,00 secs] 
61,230: [GC (Allocation Failure) [PSYoungGen: 51776K->64K(51200K)] 53635K->1923K(226304K), 0,0004925 secs] [Times: user=0,00 sys=0,00, real=0,00 secs] 
61,284: [GC (Allocation Failure) [PSYoungGen: 50752K->64K(50176K)] 52611K->1923K(225280K), 0,0004847 secs] [Times: user=0,00 sys=0,00, real=0,00 secs] 
61,335: [GC (Allocation Failure) [PSYoungGen: 49728K->96K(49152K)] 51587K->1955K(224256K), 0,0005210 secs] [Times: user=0,00 sys=0,00, real=0,00 secs] 
61,386: [GC (Allocation Failure) [PSYoungGen: 48736K->96K(48128K)] 50595K->1955K(223232K), 0,0004926 secs] [Times: user=0,00 sys=0,00, real=0,00 secs] 
61,435: [GC (Allocation Failure) [PSYoungGen: 47712K->96K(47616K)] 49571K->1955K(222720K), 0,0004107 secs] [Times: user=0,00 sys=0,00, real=0,00 secs] 
61,484: [GC (Allocation Failure) [PSYoungGen: 47200K->96K(47104K)] 49059K->1955K(222208K), 0,0005404 secs] [Times: user=0,00 sys=0,00, real=0,00 secs] 
61,532: [GC (Allocation Failure) [PSYoungGen: 46688K->96K(46592K)] 48547K->1955K(221696K), 0,0004033 secs] [Times: user=0,00 sys=0,00, real=0,00 secs] 
61,579: [GC (Allocation Failure) [PSYoungGen: 46176K->96K(46080K)] 48035K->1955K(221184K), 0,0004760 secs] [Times: user=0,01 sys=0,00, real=0,00 secs] 
61,625: [GC (Allocation Failure) [PSYoungGen: 45664K->64K(45568K)] 47523K->1923K(220672K), 0,0004273 secs] [Times: user=0,00 sys=0,00, real=0,00 secs] 
61,670: [GC (Allocation Failure) [PSYoungGen: 45120K->96K(45056K)] 46979K->1955K(220160K), 0,0003983 secs] [Times: user=0,00 sys=0,00, real=0,00 secs] 
61,716: [GC (Allocation Failure) [PSYoungGen: 44640K->64K(44544K)] 46499K->1923K(219648K), 0,0004886 secs] [Times: user=0,00 sys=0,00, real=0,00 secs] 
61,761: [GC (Allocation Failure) [PSYoungGen: 44096K->96K(44032K)] 45955K->1955K(219136K), 0,0004703 secs] [Times: user=0,00 sys=0,00, real=0,01 secs] 
61,805: [GC (Allocation Failure) [PSYoungGen: 43616K->96K(43520K)] 45475K->1955K(218624K), 0,0003884 secs] [Times: user=0,00 sys=0,00, real=0,00 secs] 
61,849: [GC (Allocation Failure) [PSYoungGen: 43104K->96K(43008K)] 44963K->1955K(218112K), 0,0003908 secs] [Times: user=0,00 sys=0,00, real=0,00 secs] 
61,891: [GC (Allocation Failure) [PSYoungGen: 42592K->96K(42496K)] 44451K->1955K(217600K), 0,0003774 secs] [Times: user=0,00 sys=0,00, real=0,01 secs] 
61,934: [GC (Allocation Failure) [PSYoungGen: 42080K->96K(41984K)] 43939K->1955K(217088K), 0,0004029 secs] [Times: user=0,00 sys=0,00, real=0,00 secs] 
61,977: [GC (Allocation Failure) [PSYoungGen: 41568K->96K(41472K)] 43427K->1955K(216576K), 0,0004860 secs] [Times: user=0,00 sys=0,00, real=0,00 secs] 
62,019: [GC (Allocation Failure) [PSYoungGen: 41056K->64K(40960K)] 42915K->1923K(216064K), 0,0004750 secs] [Times: user=0,00 sys=0,00, real=0,00 secs] 
62,061: [GC (Allocation Failure) [PSYoungGen: 40512K->96K(40448K)] 42371K->1955K(215552K), 0,0004129 secs] [Times: user=0,00 sys=0,00, real=0,00 secs] 
62,103: [GC (Allocation Failure) [PSYoungGen: 40032K->96K(39936K)] 41891K->1955K(215040K), 0,0004997 secs] [Times: user=0,00 sys=0,00, real=0,00 secs] 
62,145: [GC (Allocation Failure) [PSYoungGen: 39520K->64K(39424K)] 41379K->1923K(214528K), 0,0005175 secs] [Times: user=0,00 sys=0,00, real=0,00 secs] 
62,184: [GC (Allocation Failure) [PSYoungGen: 38976K->96K(38912K)] 40835K->1955K(214016K), 0,0003795 secs] [Times: user=0,00 sys=0,00, real=0,00 secs] 
62,223: [GC (Allocation Failure) [PSYoungGen: 38496K->64K(38400K)] 40355K->1923K(213504K), 0,0003840 secs] [Times: user=0,00 sys=0,00, real=0,00 secs] 
62,261: [GC (Allocation Failure) [PSYoungGen: 37952K->96K(37888K)] 39811K->1955K(212992K), 0,0003867 secs] [Times: user=0,00 sys=0,00, real=0,01 secs] 
62,299: [GC (Allocation Failure) [PSYoungGen: 37472K->64K(37376K)] 39331K->1923K(212480K), 0,0003801 secs] [Times: user=0,00 sys=0,00, real=0,00 secs] 
62,337: [GC (Allocation Failure) [PSYoungGen: 36928K->96K(36864K)] 38787K->1955K(211968K), 0,0003934 secs] [Times: user=0,00 sys=0,00, real=0,00 secs] 
62,373: [GC (Allocation Failure) [PSYoungGen: 36448K->96K(36352K)] 38307K->1955K(211456K), 0,0003893 secs] [Times: user=0,00 sys=0,00, real=0,00 secs] 
62,410: [GC (Allocation Failure) [PSYoungGen: 35936K->64K(35840K)] 37795K->1923K(210944K), 0,0003717 secs] [Times: user=0,00 sys=0,00, real=0,00 secs] 
62,445: [GC (Allocation Failure) [PSYoungGen: 35392K->96K(35328K)] 37251K->1955K(210432K), 0,0003899 secs] [Times: user=0,01 sys=0,00, real=0,00 secs] 
62,480: [GC (Allocation Failure) [PSYoungGen: 34912K->96K(34816K)] 36771K->1955K(209920K), 0,0003666 secs] [Times: user=0,00 sys=0,00, real=0,00 secs] 
62,516: [GC (Allocation Failure) [PSYoungGen: 34400K->96K(41984K)] 36259K->1955K(217088K), 0,0005151 secs] [Times: user=0,00 sys=0,00, real=0,00 secs] 
62,558: [GC (Allocation Failure) [PSYoungGen: 41568K->64K(50688K)] 43427K->1923K(225792K), 0,0004788 secs] [Times: user=0,00 sys=0,00, real=0,00 secs] 
62,612: [GC (Allocation Failure) [PSYoungGen: 50240K->96K(49664K)] 52099K->1955K(224768K), 0,0005281 secs] [Times: user=0,00 sys=0,00, real=0,00 secs] 
62,666: [GC (Allocation Failure) [PSYoungGen: 49248K->32K(48640K)] 51107K->1891K(223744K), 0,0005056 secs] [Times: user=0,00 sys=0,00, real=0,00 secs] 
62,716: [GC (Allocation Failure) [PSYoungGen: 48160K->96K(48128K)] 50019K->1955K(223232K), 0,0005601 secs] [Times: user=0,00 sys=0,00, real=0,00 secs] 
62,765: [GC (Allocation Failure) [PSYoungGen: 47712K->64K(47616K)] 49571K->1923K(222720K), 0,0004899 secs] [Times: user=0,01 sys=0,00, real=0,00 secs] 
62,812: [GC (Allocation Failure) [PSYoungGen: 47168K->64K(47104K)] 49027K->1923K(222208K), 0,0004666 secs] [Times: user=0,00 sys=0,00, real=0,00 secs] 
62,860: [GC (Allocation Failure) [PSYoungGen: 46656K->64K(46592K)] 48515K->1923K(221696K), 0,0004800 secs] [Times: user=0,00 sys=0,00, real=0,00 secs] 
62,906: [GC (Allocation Failure) [PSYoungGen: 46144K->96K(46080K)] 48003K->1955K(221184K), 0,0004001 secs] [Times: user=0,00 sys=0,00, real=0,00 secs] 
62,952: [GC (Allocation Failure) [PSYoungGen: 45664K->128K(45568K)] 47523K->1987K(220672K), 0,0005060 secs] [Times: user=0,00 sys=0,00, real=0,00 secs] 
62,999: [GC (Allocation Failure) [PSYoungGen: 45184K->96K(45056K)] 47043K->1955K(220160K), 0,0004935 secs] [Times: user=0,00 sys=0,00, real=0,00 secs] 
63,044: [GC (Allocation Failure) [PSYoungGen: 44640K->32K(44544K)] 46499K->1891K(219648K), 0,0004759 secs] [Times: user=0,00 sys=0,00, real=0,00 secs] 
63,089: [GC (Allocation Failure) [PSYoungGen: 44064K->96K(44032K)] 45923K->1955K(219136K), 0,0003735 secs] [Times: user=0,00 sys=0,00, real=0,00 secs] 
63,135: [GC (Allocation Failure) [PSYoungGen: 43616K->96K(43520K)] 45475K->1955K(218624K), 0,0005175 secs] [Times: user=0,00 sys=0,01, real=0,00 secs] 
63,178: [GC (Allocation Failure) [PSYoungGen: 43104K->128K(43008K)] 44963K->1987K(218112K), 0,0004953 secs] [Times: user=0,00 sys=0,00, real=0,00 secs] 
63,221: [GC (Allocation Failure) [PSYoungGen: 42624K->64K(42496K)] 44483K->1923K(217600K), 0,0003834 secs] [Times: user=0,00 sys=0,00, real=0,01 secs] 
63,264: [GC (Allocation Failure) [PSYoungGen: 42048K->96K(41984K)] 43907K->1955K(217088K), 0,0003963 secs] [Times: user=0,00 sys=0,00, real=0,00 secs] 
63,306: [GC (Allocation Failure) [PSYoungGen: 41568K->96K(41472K)] 43427K->1955K(216576K), 0,0003912 secs] [Times: user=0,00 sys=0,00, real=0,00 secs] 
63,347: [GC (Allocation Failure) [PSYoungGen: 41056K->96K(40960K)] 42915K->1955K(216064K), 0,0003884 secs] [Times: user=0,00 sys=0,00, real=0,00 secs] 
63,389: [GC (Allocation Failure) [PSYoungGen: 40544K->96K(40448K)] 42403K->1955K(215552K), 0,0005040 secs] [Times: user=0,00 sys=0,00, real=0,00 secs] 
63,430: [GC (Allocation Failure) [PSYoungGen: 40032K->96K(39936K)] 41891K->1955K(215040K), 0,0003833 secs] [Times: user=0,00 sys=0,00, real=0,00 secs] 
63,470: [GC (Allocation Failure) [PSYoungGen: 39520K->96K(39424K)] 41379K->1955K(214528K), 0,0004050 secs] [Times: user=0,00 sys=0,00, real=0,00 secs] 
63,510: [GC (Allocation Failure) [PSYoungGen: 39008K->96K(38912K)] 40867K->1955K(214016K), 0,0003921 secs] [Times: user=0,00 sys=0,00, real=0,00 secs] 
63,549: [GC (Allocation Failure) [PSYoungGen: 38496K->96K(38400K)] 40355K->1955K(213504K), 0,0003902 secs] [Times: user=0,00 sys=0,00, real=0,00 secs] 
63,587: [GC (Allocation Failure) [PSYoungGen: 37984K->128K(37888K)] 39843K->1987K(212992K), 0,0003975 secs] [Times: user=0,00 sys=0,00, real=0,00 secs] 
63,625: [GC (Allocation Failure) [PSYoungGen: 37504K->96K(37376K)] 39363K->1955K(212480K), 0,0003805 secs] [Times: user=0,00 sys=0,00, real=0,00 secs] 
63,662: [GC (Allocation Failure) [PSYoungGen: 36960K->96K(36864K)] 38819K->1955K(211968K), 0,0003757 secs] [Times: user=0,00 sys=0,00, real=0,00 secs] 
63,699: [GC (Allocation Failure) [PSYoungGen: 36448K->96K(36352K)] 38307K->1955K(211456K), 0,0004156 secs] [Times: user=0,00 sys=0,00, real=0,00 secs] 
63,736: [GC (Allocation Failure) [PSYoungGen: 35936K->96K(35840K)] 37795K->1955K(210944K), 0,0004028 secs] [Times: user=0,00 sys=0,00, real=0,00 secs] 
63,772: [GC (Allocation Failure) [PSYoungGen: 35424K->64K(35328K)] 37283K->1923K(210432K), 0,0003640 secs] [Times: user=0,00 sys=0,00, real=0,00 secs] 
63,808: [GC (Allocation Failure) [PSYoungGen: 34880K->96K(34816K)] 36739K->1955K(209920K), 0,0003737 secs] [Times: user=0,00 sys=0,00, real=0,00 secs] 
63,843: [GC (Allocation Failure) [PSYoungGen: 34400K->128K(34304K)] 36259K->1987K(209408K), 0,0003674 secs] [Times: user=0,00 sys=0,00, real=0,00 secs] 
63,877: [GC (Allocation Failure) [PSYoungGen: 33920K->96K(33792K)] 35779K->1955K(208896K), 0,0003967 secs] [Times: user=0,00 sys=0,00, real=0,00 secs] 
63,911: [GC (Allocation Failure) [PSYoungGen: 33376K->96K(33280K)] 35235K->1955K(208384K), 0,0003901 secs] [Times: user=0,00 sys=0,00, real=0,00 secs] 
63,944: [GC (Allocation Failure) [PSYoungGen: 32864K->128K(32768K)] 34723K->1987K(207872K), 0,0003726 secs] [Times: user=0,00 sys=0,00, real=0,00 secs] 
63,976: [GC (Allocation Failure) [PSYoungGen: 32384K->96K(39424K)] 34243K->1955K(214528K), 0,0003751 secs] [Times: user=0,00 sys=0,00, real=0,00 secs] 
64,016: [GC (Allocation Failure) [PSYoungGen: 39008K->64K(47616K)] 40867K->1923K(222720K), 0,0005222 secs] [Times: user=0,00 sys=0,00, real=0,00 secs] 
64,064: [GC (Allocation Failure) [PSYoungGen: 47168K->32K(57344K)] 49027K->1891K(232448K), 0,0004728 secs] [Times: user=0,00 sys=0,00, real=0,00 secs] 
64,123: [GC (Allocation Failure) [PSYoungGen: 56864K->96K(56320K)] 58723K->1955K(231424K), 0,0005093 secs] [Times: user=0,00 sys=0,00, real=0,00 secs] 
64,180: [GC (Allocation Failure) [PSYoungGen: 55904K->64K(67584K)] 57763K->1923K(242688K), 0,0009254 secs] [Times: user=0,00 sys=0,00, real=0,00 secs] 
64,249: [GC (Allocation Failure) [PSYoungGen: 67136K->64K(66048K)] 68995K->1923K(241152K), 0,0004879 secs] [Times: user=0,00 sys=0,00, real=0,00 secs] 
64,315: [GC (Allocation Failure) [PSYoungGen: 65600K->96K(64512K)] 67459K->1955K(239616K), 0,0004915 secs] [Times: user=0,00 sys=0,00, real=0,00 secs] 
64,380: [GC (Allocation Failure) [PSYoungGen: 64096K->96K(62976K)] 65955K->1955K(238080K), 0,0004803 secs] [Times: user=0,00 sys=0,00, real=0,00 secs] 
64,443: [GC (Allocation Failure) [PSYoungGen: 62560K->96K(61952K)] 64419K->1955K(237056K), 0,0005538 secs] [Times: user=0,00 sys=0,00, real=0,00 secs] 
64,505: [GC (Allocation Failure) [PSYoungGen: 61536K->96K(60928K)] 63395K->1955K(236032K), 0,0004871 secs] [Times: user=0,00 sys=0,00, real=0,00 secs] 
64,566: [GC (Allocation Failure) [PSYoungGen: 60512K->32K(59904K)] 62371K->1891K(235008K), 0,0004849 secs] [Times: user=0,01 sys=0,00, real=0,00 secs] 
64,626: [GC (Allocation Failure) [PSYoungGen: 59424K->128K(58880K)] 61283K->1987K(233984K), 0,0004801 secs] [Times: user=0,01 sys=0,00, real=0,00 secs] 
64,685: [GC (Allocation Failure) [PSYoungGen: 58496K->96K(57856K)] 60355K->1955K(232960K), 0,0004985 secs] [Times: user=0,01 sys=0,00, real=0,00 secs] 
64,743: [GC (Allocation Failure) [PSYoungGen: 57440K->64K(56832K)] 59299K->1923K(231936K), 0,0004823 secs] [Times: user=0,00 sys=0,00, real=0,00 secs] 
64,799: [GC (Allocation Failure) [PSYoungGen: 56384K->0K(55808K)] 58243K->1859K(230912K), 0,0004608 secs] [Times: user=0,00 sys=0,00, real=0,00 secs] 
64,855: [GC (Allocation Failure) [PSYoungGen: 55296K->96K(54784K)] 57155K->1955K(229888K), 0,0003668 secs] [Times: user=0,01 sys=0,00, real=0,00 secs] 
64,909: [GC (Allocation Failure) [PSYoungGen: 54368K->96K(53760K)] 56227K->1955K(228864K), 0,0004455 secs] [Times: user=0,00 sys=0,00, real=0,00 secs] 
64,963: [GC (Allocation Failure) [PSYoungGen: 53344K->96K(52736K)] 55203K->1955K(227840K), 0,0004905 secs] [Times: user=0,00 sys=0,00, real=0,00 secs] 
65,016: [GC (Allocation Failure) [PSYoungGen: 52320K->64K(51712K)] 54179K->1923K(226816K), 0,0004713 secs] [Times: user=0,00 sys=0,00, real=0,00 secs] 
65,067: [GC (Allocation Failure) [PSYoungGen: 51264K->32K(50688K)] 53123K->1891K(225792K), 0,0005153 secs] [Times: user=0,00 sys=0,00, real=0,00 secs] 
65,120: [GC (Allocation Failure) [PSYoungGen: 50208K->96K(49664K)] 52067K->1955K(224768K), 0,0005200 secs] [Times: user=0,00 sys=0,00, real=0,00 secs] 
65,170: [GC (Allocation Failure) [PSYoungGen: 49248K->96K(48640K)] 51107K->1955K(223744K), 0,0005047 secs] [Times: user=0,00 sys=0,00, real=0,00 secs] 
65,219: [GC (Allocation Failure) [PSYoungGen: 48224K->96K(48128K)] 50083K->1955K(223232K), 0,0004655 secs] [Times: user=0,00 sys=0,00, real=0,00 secs] 
65,267: [GC (Allocation Failure) [PSYoungGen: 47712K->96K(47616K)] 49571K->1955K(222720K), 0,0003836 secs] [Times: user=0,00 sys=0,00, real=0,00 secs] 
65,315: [GC (Allocation Failure) [PSYoungGen: 47200K->128K(47104K)] 49059K->1987K(222208K), 0,0003776 secs] [Times: user=0,00 sys=0,00, real=0,00 secs] 
65,363: [GC (Allocation Failure) [PSYoungGen: 46720K->96K(46592K)] 48579K->1955K(221696K), 0,0005105 secs] [Times: user=0,00 sys=0,00, real=0,00 secs] 
65,410: [GC (Allocation Failure) [PSYoungGen: 46176K->96K(46080K)] 48035K->1955K(221184K), 0,0004779 secs] [Times: user=0,00 sys=0,00, real=0,00 secs] 
65,457: [GC (Allocation Failure) [PSYoungGen: 45664K->96K(45568K)] 47523K->1955K(220672K), 0,0003970 secs] [Times: user=0,00 sys=0,00, real=0,00 secs] 
65,505: [GC (Allocation Failure) [PSYoungGen: 45152K->96K(45056K)] 47011K->1955K(220160K), 0,0004853 secs] [Times: user=0,00 sys=0,00, real=0,00 secs] 
65,550: [GC (Allocation Failure) [PSYoungGen: 44640K->64K(44544K)] 46499K->1923K(219648K), 0,0004645 secs] [Times: user=0,01 sys=0,00, real=0,00 secs] 
65,595: [GC (Allocation Failure) [PSYoungGen: 44096K->128K(44032K)] 45955K->1987K(219136K), 0,0003763 secs] [Times: user=0,00 sys=0,00, real=0,00 secs] 
65,639: [GC (Allocation Failure) [PSYoungGen: 43648K->96K(43520K)] 45507K->1955K(218624K), 0,0004106 secs] [Times: user=0,00 sys=0,00, real=0,00 secs] 
65,683: [GC (Allocation Failure) [PSYoungGen: 43104K->64K(43008K)] 44963K->1923K(218112K), 0,0003858 secs] [Times: user=0,00 sys=0,00, real=0,00 secs] 
65,725: [GC (Allocation Failure) [PSYoungGen: 42560K->32K(42496K)] 44419K->1891K(217600K), 0,0003670 secs] [Times: user=0,00 sys=0,00, real=0,00 secs] 
65,768: [GC (Allocation Failure) [PSYoungGen: 42016K->96K(41984K)] 43875K->1955K(217088K), 0,0003691 secs] [Times: user=0,00 sys=0,00, real=0,00 secs] 
65,810: [GC (Allocation Failure) [PSYoungGen: 41568K->64K(41472K)] 43427K->1923K(216576K), 0,0004044 secs] [Times: user=0,00 sys=0,00, real=0,00 secs] 
65,852: [GC (Allocation Failure) [PSYoungGen: 41024K->96K(40960K)] 42883K->1955K(216064K), 0,0003720 secs] [Times: user=0,00 sys=0,00, real=0,00 secs] 
65,892: [GC (Allocation Failure) [PSYoungGen: 40544K->96K(40448K)] 42403K->1955K(215552K), 0,0003534 secs] [Times: user=0,00 sys=0,00, real=0,00 secs] 
65,933: [GC (Allocation Failure) [PSYoungGen: 40032K->96K(39936K)] 41891K->1955K(215040K), 0,0003892 secs] [Times: user=0,00 sys=0,00, real=0,00 secs] 
65,973: [GC (Allocation Failure) [PSYoungGen: 39520K->96K(39424K)] 41379K->1955K(214528K), 0,0005295 secs] [Times: user=0,00 sys=0,00, real=0,00 secs] 
66,014: [GC (Allocation Failure) [PSYoungGen: 39008K->96K(38912K)] 40867K->1955K(214016K), 0,0003848 secs] [Times: user=0,00 sys=0,00, real=0,00 secs] 
66,053: [GC (Allocation Failure) [PSYoungGen: 38496K->96K(38400K)] 40355K->1955K(213504K), 0,0003840 secs] [Times: user=0,00 sys=0,00, real=0,00 secs] 
66,092: [GC (Allocation Failure) [PSYoungGen: 37984K->96K(46080K)] 39843K->1955K(221184K), 0,0009503 secs] [Times: user=0,00 sys=0,00, real=0,00 secs] 
66,141: [GC (Allocation Failure) [PSYoungGen: 45664K->64K(55296K)] 47523K->1923K(230400K), 0,0010644 secs] [Times: user=0,00 sys=0,00, real=0,01 secs] 
66,198: [GC (Allocation Failure) [PSYoungGen: 54848K->96K(66560K)] 56707K->1955K(241664K), 0,0004941 secs] [Times: user=0,00 sys=0,00, real=0,00 secs] 
66,265: [GC (Allocation Failure) [PSYoungGen: 66144K->96K(79872K)] 68003K->1955K(254976K), 0,0004824 secs] [Times: user=0,01 sys=0,00, real=0,00 secs] 
66,347: [GC (Allocation Failure) [PSYoungGen: 79456K->96K(77824K)] 81315K->1955K(252928K), 0,0004753 secs] [Times: user=0,00 sys=0,00, real=0,00 secs] 
66,424: [GC (Allocation Failure) [PSYoungGen: 77408K->64K(75776K)] 79267K->1923K(250880K), 0,0004987 secs] [Times: user=0,01 sys=0,00, real=0,00 secs] 
66,500: [GC (Allocation Failure) [PSYoungGen: 75328K->64K(74240K)] 77187K->1923K(249344K), 0,0004902 secs] [Times: user=0,00 sys=0,00, real=0,00 secs] 
66,575: [GC (Allocation Failure) [PSYoungGen: 73792K->96K(72704K)] 75651K->1955K(247808K), 0,0004955 secs] [Times: user=0,00 sys=0,00, real=0,00 secs] 
66,649: [GC (Allocation Failure) [PSYoungGen: 72288K->64K(71168K)] 74147K->1923K(246272K), 0,0004850 secs] [Times: user=0,00 sys=0,00, real=0,00 secs] 
66,722: [GC (Allocation Failure) [PSYoungGen: 70720K->96K(69632K)] 72579K->1955K(244736K), 0,0005020 secs] [Times: user=0,00 sys=0,00, real=0,00 secs] 
66,792: [GC (Allocation Failure) [PSYoungGen: 69216K->96K(68096K)] 71075K->1955K(243200K), 0,0004916 secs] [Times: user=0,00 sys=0,00, real=0,00 secs] 
66,861: [GC (Allocation Failure) [PSYoungGen: 67680K->96K(66560K)] 69539K->1955K(241664K), 0,0005210 secs] [Times: user=0,00 sys=0,00, real=0,00 secs] 
66,928: [GC (Allocation Failure) [PSYoungGen: 66144K->32K(65024K)] 68003K->1891K(240128K), 0,0008096 secs] [Times: user=0,00 sys=0,00, real=0,00 secs] 
66,993: [GC (Allocation Failure) [PSYoungGen: 64544K->96K(63488K)] 66403K->1955K(238592K), 0,0005623 secs] [Times: user=0,01 sys=0,00, real=0,00 secs] 
67,057: [GC (Allocation Failure) [PSYoungGen: 63072K->96K(61952K)] 64931K->1955K(237056K), 0,0004917 secs] [Times: user=0,00 sys=0,00, real=0,00 secs] 
67,121: [GC (Allocation Failure) [PSYoungGen: 61536K->96K(60928K)] 63395K->1955K(236032K), 0,0005326 secs] [Times: user=0,00 sys=0,00, real=0,01 secs] 
67,183: [GC (Allocation Failure) [PSYoungGen: 60512K->32K(59904K)] 62371K->1891K(235008K), 0,0004818 secs] [Times: user=0,00 sys=0,00, real=0,00 secs] 
67,243: [GC (Allocation Failure) [PSYoungGen: 59424K->128K(58880K)] 61283K->1987K(233984K), 0,0004763 secs] [Times: user=0,00 sys=0,00, real=0,00 secs] 
67,301: [GC (Allocation Failure) [PSYoungGen: 58496K->32K(57856K)] 60355K->1891K(232960K), 0,0004768 secs] [Times: user=0,01 sys=0,00, real=0,01 secs] 
67,360: [GC (Allocation Failure) [PSYoungGen: 57376K->96K(56832K)] 59235K->1955K(231936K), 0,0004842 secs] [Times: user=0,00 sys=0,00, real=0,00 secs] 
67,417: [GC (Allocation Failure) [PSYoungGen: 56416K->64K(55808K)] 58275K->1923K(230912K), 0,0005139 secs] [Times: user=0,00 sys=0,00, real=0,00 secs] 
67,474: [GC (Allocation Failure) [PSYoungGen: 55360K->64K(54784K)] 57219K->1923K(229888K), 0,0005269 secs] [Times: user=0,00 sys=0,00, real=0,00 secs] 
67,529: [GC (Allocation Failure) [PSYoungGen: 54336K->96K(53760K)] 56195K->1955K(228864K), 0,0005181 secs] [Times: user=0,00 sys=0,00, real=0,00 secs] 
67,584: [GC (Allocation Failure) [PSYoungGen: 53344K->96K(52736K)] 55203K->1955K(227840K), 0,0004783 secs] [Times: user=0,00 sys=0,00, real=0,00 secs] 
67,640: [GC (Allocation Failure) [PSYoungGen: 52320K->96K(51712K)] 54179K->1955K(226816K), 0,0005230 secs] [Times: user=0,01 sys=0,00, real=0,00 secs] 
67,692: [GC (Allocation Failure) [PSYoungGen: 51296K->96K(50688K)] 53155K->1955K(225792K), 0,0004633 secs] [Times: user=0,00 sys=0,00, real=0,00 secs] 
67,743: [GC (Allocation Failure) [PSYoungGen: 50272K->64K(49664K)] 52131K->1923K(224768K), 0,0005112 secs] [Times: user=0,00 sys=0,00, real=0,00 secs] 
67,796: [GC (Allocation Failure) [PSYoungGen: 49216K->96K(48640K)] 51075K->1955K(223744K), 0,0004801 secs] [Times: user=0,00 sys=0,00, real=0,00 secs] 
67,847: [GC (Allocation Failure) [PSYoungGen: 48224K->0K(48128K)] 50083K->1859K(223232K), 0,0004640 secs] [Times: user=0,00 sys=0,00, real=0,00 secs] 
67,895: [GC (Allocation Failure) [PSYoungGen: 47616K->96K(47616K)] 49475K->1955K(222720K), 0,0003702 secs] [Times: user=0,00 sys=0,01, real=0,00 secs] 
67,943: [GC (Allocation Failure) [PSYoungGen: 47200K->32K(47104K)] 49059K->1891K(222208K), 0,0004549 secs] [Times: user=0,00 sys=0,00, real=0,00 secs] 
67,992: [GC (Allocation Failure) [PSYoungGen: 46624K->96K(46592K)] 48483K->1955K(221696K), 0,0004887 secs] [Times: user=0,00 sys=0,00, real=0,00 secs] 
68,039: [GC (Allocation Failure) [PSYoungGen: 46176K->96K(46080K)] 48035K->1955K(221184K), 0,0004979 secs] [Times: user=0,00 sys=0,00, real=0,00 secs] 
68,086: [GC (Allocation Failure) [PSYoungGen: 45664K->96K(45568K)] 47523K->1955K(220672K), 0,0004751 secs] [Times: user=0,00 sys=0,00, real=0,00 secs] 
68,133: [GC (Allocation Failure) [PSYoungGen: 45152K->96K(45056K)] 47011K->1955K(220160K), 0,0005029 secs] [Times: user=0,00 sys=0,00, real=0,00 secs] 
68,180: [GC (Allocation Failure) [PSYoungGen: 44640K->32K(44544K)] 46499K->1891K(219648K), 0,0004640 secs] [Times: user=0,00 sys=0,00, real=0,00 secs] 
68,225: [GC (Allocation Failure) [PSYoungGen: 44064K->96K(44032K)] 45923K->1955K(219136K), 0,0004033 secs] [Times: user=0,00 sys=0,00, real=0,00 secs] 
68,272: [GC (Allocation Failure) [PSYoungGen: 43616K->32K(43520K)] 45475K->1891K(218624K), 0,0003730 secs] [Times: user=0,00 sys=0,00, real=0,00 secs] 
68,315: [GC (Allocation Failure) [PSYoungGen: 43040K->96K(43008K)] 44899K->1955K(218112K), 0,0003648 secs] [Times: user=0,00 sys=0,00, real=0,00 secs] 
68,358: [GC (Allocation Failure) [PSYoungGen: 42592K->32K(42496K)] 44451K->1891K(217600K), 0,0003712 secs] [Times: user=0,00 sys=0,00, real=0,00 secs] 
68,403: [GC (Allocation Failure) [PSYoungGen: 42016K->96K(41984K)] 43875K->1955K(217088K), 0,0003747 secs] [Times: user=0,00 sys=0,00, real=0,00 secs] 
68,447: [GC (Allocation Failure) [PSYoungGen: 41568K->64K(41472K)] 43427K->1923K(216576K), 0,0004001 secs] [Times: user=0,00 sys=0,00, real=0,00 secs] 
68,491: [GC (Allocation Failure) [PSYoungGen: 41024K->96K(40960K)] 42883K->1955K(216064K), 0,0004224 secs] [Times: user=0,00 sys=0,00, real=0,01 secs] 
68,534: [GC (Allocation Failure) [PSYoungGen: 40544K->96K(40448K)] 42403K->1955K(215552K), 0,0005256 secs] [Times: user=0,01 sys=0,00, real=0,00 secs] 
68,575: [GC (Allocation Failure) [PSYoungGen: 40032K->96K(39936K)] 41891K->1955K(215040K), 0,0003866 secs] [Times: user=0,01 sys=0,00, real=0,00 secs] 
68,614: [GC (Allocation Failure) [PSYoungGen: 39520K->96K(39424K)] 41379K->1955K(214528K), 0,0003879 secs] [Times: user=0,01 sys=0,00, real=0,00 secs] 
68,653: [GC (Allocation Failure) [PSYoungGen: 39008K->64K(38912K)] 40867K->1923K(214016K), 0,0004652 secs] [Times: user=0,00 sys=0,00, real=0,00 secs] 
68,692: [GC (Allocation Failure) [PSYoungGen: 38464K->96K(38400K)] 40323K->1955K(213504K), 0,0003786 secs] [Times: user=0,00 sys=0,00, real=0,00 secs] 
68,731: [GC (Allocation Failure) [PSYoungGen: 37984K->96K(37888K)] 39843K->1955K(212992K), 0,0004146 secs] [Times: user=0,00 sys=0,00, real=0,01 secs] 
68,772: [GC (Allocation Failure) [PSYoungGen: 37472K->96K(45568K)] 39331K->1955K(220672K), 0,0005319 secs] [Times: user=0,00 sys=0,00, real=0,00 secs] 
68,817: [GC (Allocation Failure) [PSYoungGen: 45152K->64K(45056K)] 47011K->1923K(220160K), 0,0003749 secs] [Times: user=0,00 sys=0,00, real=0,00 secs] 
68,862: [GC (Allocation Failure) [PSYoungGen: 44607K->32K(44544K)] 46467K->1891K(219648K), 0,0004491 secs] [Times: user=0,00 sys=0,00, real=0,00 secs] 
68,906: [GC (Allocation Failure) [PSYoungGen: 44064K->96K(44032K)] 45923K->1955K(219136K), 0,0003723 secs] [Times: user=0,00 sys=0,00, real=0,00 secs] 
68,950: [GC (Allocation Failure) [PSYoungGen: 43616K->96K(43520K)] 45475K->1955K(218624K), 0,0003604 secs] [Times: user=0,00 sys=0,00, real=0,00 secs] 
68,993: [GC (Allocation Failure) [PSYoungGen: 43104K->96K(43008K)] 44963K->1955K(218112K), 0,0004633 secs] [Times: user=0,00 sys=0,00, real=0,00 secs] 
69,038: [GC (Allocation Failure) [PSYoungGen: 42592K->32K(42496K)] 44451K->1891K(217600K), 0,0004979 secs] [Times: user=0,00 sys=0,00, real=0,00 secs] 
69,081: [GC (Allocation Failure) [PSYoungGen: 42016K->96K(41984K)] 43875K->1955K(217088K), 0,0003958 secs] [Times: user=0,00 sys=0,00, real=0,00 secs] 
69,124: [GC (Allocation Failure) [PSYoungGen: 41568K->64K(41472K)] 43427K->1923K(216576K), 0,0005058 secs] [Times: user=0,00 sys=0,00, real=0,00 secs] 
69,166: [GC (Allocation Failure) [PSYoungGen: 41024K->96K(40960K)] 42883K->1955K(216064K), 0,0004944 secs] [Times: user=0,00 sys=0,00, real=0,00 secs] 
69,207: [GC (Allocation Failure) [PSYoungGen: 40544K->96K(40448K)] 42403K->1955K(215552K), 0,0003767 secs] [Times: user=0,00 sys=0,00, real=0,00 secs] 
69,247: [GC (Allocation Failure) [PSYoungGen: 40032K->96K(39936K)] 41891K->1955K(215040K), 0,0003778 secs] [Times: user=0,00 sys=0,00, real=0,00 secs] 
69,287: [GC (Allocation Failure) [PSYoungGen: 39520K->96K(39424K)] 41379K->1955K(214528K), 0,0003857 secs] [Times: user=0,00 sys=0,00, real=0,00 secs] 
69,327: [GC (Allocation Failure) [PSYoungGen: 39008K->96K(38912K)] 40867K->1955K(214016K), 0,0003796 secs] [Times: user=0,00 sys=0,00, real=0,00 secs] 
69,366: [GC (Allocation Failure) [PSYoungGen: 38496K->64K(38400K)] 40355K->1923K(213504K), 0,0003966 secs] [Times: user=0,00 sys=0,00, real=0,00 secs] 
69,405: [GC (Allocation Failure) [PSYoungGen: 37952K->96K(37888K)] 39811K->1955K(212992K), 0,0003751 secs] [Times: user=0,00 sys=0,00, real=0,00 secs] 
69,443: [GC (Allocation Failure) [PSYoungGen: 37472K->96K(37376K)] 39331K->1955K(212480K), 0,0003981 secs] [Times: user=0,00 sys=0,00, real=0,00 secs] 
69,481: [GC (Allocation Failure) [PSYoungGen: 36960K->96K(36864K)] 38819K->1955K(211968K), 0,0003787 secs] [Times: user=0,00 sys=0,00, real=0,00 secs] 
69,518: [GC (Allocation Failure) [PSYoungGen: 36448K->96K(36352K)] 38307K->1955K(211456K), 0,0003584 secs] [Times: user=0,00 sys=0,00, real=0,00 secs] 
69,555: [GC (Allocation Failure) [PSYoungGen: 35936K->64K(35840K)] 37795K->1923K(210944K), 0,0003686 secs] [Times: user=0,00 sys=0,00, real=0,00 secs] 
69,591: [GC (Allocation Failure) [PSYoungGen: 35392K->96K(35328K)] 37251K->1955K(210432K), 0,0003624 secs] [Times: user=0,00 sys=0,00, real=0,01 secs] 
69,626: [GC (Allocation Failure) [PSYoungGen: 34912K->96K(34816K)] 36771K->1955K(209920K), 0,0003622 secs] [Times: user=0,00 sys=0,00, real=0,00 secs] 
69,661: [GC (Allocation Failure) [PSYoungGen: 34400K->96K(34304K)] 36259K->1955K(209408K), 0,0003972 secs] [Times: user=0,00 sys=0,00, real=0,01 secs] 
69,695: [GC (Allocation Failure) [PSYoungGen: 33888K->96K(33792K)] 35747K->1955K(208896K), 0,0003640 secs] [Times: user=0,00 sys=0,00, real=0,00 secs] 
69,729: [GC (Allocation Failure) [PSYoungGen: 33376K->96K(33280K)] 35235K->1955K(208384K), 0,0003720 secs] [Times: user=0,01 sys=0,00, real=0,00 secs] 
69,763: [GC (Allocation Failure) [PSYoungGen: 32864K->96K(32768K)] 34723K->1955K(207872K), 0,0003705 secs] [Times: user=0,00 sys=0,00, real=0,00 secs] 
69,796: [GC (Allocation Failure) [PSYoungGen: 32352K->96K(32256K)] 34211K->1955K(207360K), 0,0003518 secs] [Times: user=0,00 sys=0,00, real=0,00 secs] 
69,828: [GC (Allocation Failure) [PSYoungGen: 31840K->128K(31744K)] 33699K->1987K(206848K), 0,0003564 secs] [Times: user=0,00 sys=0,00, real=0,00 secs] 
69,860: [GC (Allocation Failure) [PSYoungGen: 31360K->96K(38400K)] 33219K->1955K(213504K), 0,0003730 secs] [Times: user=0,00 sys=0,00, real=0,00 secs] 
69,898: [GC (Allocation Failure) [PSYoungGen: 37984K->128K(37888K)] 39843K->1987K(212992K), 0,0003707 secs] [Times: user=0,01 sys=0,00, real=0,00 secs] 
69,936: [GC (Allocation Failure) [PSYoungGen: 37504K->128K(37376K)] 39363K->1987K(212480K), 0,0003881 secs] [Times: user=0,00 sys=0,00, real=0,00 secs] 
69,973: [GC (Allocation Failure) [PSYoungGen: 36992K->64K(36864K)] 38851K->1923K(211968K), 0,0003916 secs] [Times: user=0,00 sys=0,00, real=0,00 secs] 
70,011: [GC (Allocation Failure) [PSYoungGen: 36416K->96K(36352K)] 38275K->1955K(211456K), 0,0004631 secs] [Times: user=0,00 sys=0,00, real=0,01 secs] 
70,047: [GC (Allocation Failure) [PSYoungGen: 35936K->96K(35840K)] 37795K->1955K(210944K), 0,0003814 secs] [Times: user=0,01 sys=0,00, real=0,00 secs] 
70,083: [GC (Allocation Failure) [PSYoungGen: 35424K->96K(35328K)] 37283K->1955K(210432K), 0,0003759 secs] [Times: user=0,00 sys=0,00, real=0,00 secs] 
70,120: [GC (Allocation Failure) [PSYoungGen: 34912K->96K(42496K)] 36771K->1955K(217600K), 0,0004957 secs] [Times: user=0,00 sys=0,00, real=0,00 secs] 
70,162: [GC (Allocation Failure) [PSYoungGen: 42080K->96K(51200K)] 43939K->1955K(226304K), 0,0004770 secs] [Times: user=0,00 sys=0,01, real=0,00 secs] 
70,215: [GC (Allocation Failure) [PSYoungGen: 50784K->64K(50176K)] 52643K->1923K(225280K), 0,0004861 secs] [Times: user=0,00 sys=0,00, real=0,00 secs] 
70,268: [GC (Allocation Failure) [PSYoungGen: 49728K->96K(49152K)] 51587K->1955K(224256K), 0,0004877 secs] [Times: user=0,00 sys=0,00, real=0,00 secs] 
70,318: [GC (Allocation Failure) [PSYoungGen: 48736K->64K(48128K)] 50595K->1923K(223232K), 0,0004272 secs] [Times: user=0,00 sys=0,00, real=0,00 secs] 
70,369: [GC (Allocation Failure) [PSYoungGen: 47680K->96K(47616K)] 49539K->1955K(222720K), 0,0005078 secs] [Times: user=0,00 sys=0,00, real=0,00 secs] 
70,417: [GC (Allocation Failure) [PSYoungGen: 47200K->96K(47104K)] 49059K->1979K(222208K), 0,0003992 secs] [Times: user=0,00 sys=0,00, real=0,00 secs] 
70,464: [GC (Allocation Failure) [PSYoungGen: 46688K->64K(46592K)] 48571K->1947K(221696K), 0,0003768 secs] [Times: user=0,00 sys=0,00, real=0,00 secs] 
70,511: [GC (Allocation Failure) [PSYoungGen: 46144K->96K(46080K)] 48027K->1979K(221184K), 0,0004909 secs] [Times: user=0,00 sys=0,00, real=0,00 secs] 
70,558: [GC (Allocation Failure) [PSYoungGen: 45664K->64K(45568K)] 47547K->1947K(220672K), 0,0004667 secs] [Times: user=0,00 sys=0,00, real=0,00 secs] 
70,604: [GC (Allocation Failure) [PSYoungGen: 45120K->64K(45056K)] 47003K->1947K(220160K), 0,0004651 secs] [Times: user=0,00 sys=0,00, real=0,00 secs] 
70,649: [GC (Allocation Failure) [PSYoungGen: 44608K->128K(44544K)] 46491K->2011K(219648K), 0,0004001 secs] [Times: user=0,00 sys=0,00, real=0,00 secs] 
70,694: [GC (Allocation Failure) [PSYoungGen: 44160K->64K(44032K)] 46043K->1947K(219136K), 0,0004067 secs] [Times: user=0,00 sys=0,00, real=0,00 secs] 
70,738: [GC (Allocation Failure) [PSYoungGen: 43584K->96K(43520K)] 45467K->1979K(218624K), 0,0003932 secs] [Times: user=0,00 sys=0,00, real=0,00 secs] 
70,781: [GC (Allocation Failure) [PSYoungGen: 43104K->64K(43008K)] 44987K->1947K(218112K), 0,0003933 secs] [Times: user=0,00 sys=0,00, real=0,01 secs] 
70,824: [GC (Allocation Failure) [PSYoungGen: 42560K->96K(42496K)] 44443K->1979K(217600K), 0,0003772 secs] [Times: user=0,01 sys=0,00, real=0,00 secs] 
70,866: [GC (Allocation Failure) [PSYoungGen: 42080K->128K(41984K)] 43963K->2011K(217088K), 0,0003728 secs] [Times: user=0,00 sys=0,00, real=0,00 secs] 
70,908: [GC (Allocation Failure) [PSYoungGen: 41599K->96K(41472K)] 43483K->1979K(216576K), 0,0003707 secs] [Times: user=0,00 sys=0,00, real=0,00 secs] 
70,949: [GC (Allocation Failure) [PSYoungGen: 41056K->96K(40960K)] 42939K->1979K(216064K), 0,0004812 secs] [Times: user=0,00 sys=0,00, real=0,00 secs] 
70,991: [GC (Allocation Failure) [PSYoungGen: 40544K->64K(40448K)] 42427K->1947K(215552K), 0,0004755 secs] [Times: user=0,00 sys=0,00, real=0,00 secs] 
71,031: [GC (Allocation Failure) [PSYoungGen: 40000K->96K(39936K)] 41883K->1979K(215040K), 0,0003819 secs] [Times: user=0,00 sys=0,00, real=0,00 secs] 
71,071: [GC (Allocation Failure) [PSYoungGen: 39520K->96K(39424K)] 41403K->1979K(214528K), 0,0003888 secs] [Times: user=0,00 sys=0,00, real=0,00 secs] 
71,113: [GC (Allocation Failure) [PSYoungGen: 39008K->96K(47616K)] 40891K->1979K(222720K), 0,0009908 secs] [Times: user=0,01 sys=0,00, real=0,00 secs] 
71,163: [GC (Allocation Failure) [PSYoungGen: 47200K->96K(57344K)] 49083K->1979K(232448K), 0,0005053 secs] [Times: user=0,00 sys=0,00, real=0,00 secs] 
71,223: [GC (Allocation Failure) [PSYoungGen: 56928K->96K(69120K)] 58811K->1979K(244224K), 0,0004740 secs] [Times: user=0,00 sys=0,00, real=0,00 secs] 
71,292: [GC (Allocation Failure) [PSYoungGen: 68704K->64K(67584K)] 70587K->1947K(242688K), 0,0005215 secs] [Times: user=0,00 sys=0,00, real=0,00 secs] 
71,360: [GC (Allocation Failure) [PSYoungGen: 67136K->64K(66048K)] 69019K->1947K(241152K), 0,0004894 secs] [Times: user=0,01 sys=0,00, real=0,00 secs] 
71,427: [GC (Allocation Failure) [PSYoungGen: 65600K->96K(64512K)] 67483K->1979K(239616K), 0,0005250 secs] [Times: user=0,00 sys=0,00, real=0,00 secs] 
71,492: [GC (Allocation Failure) [PSYoungGen: 64096K->96K(62976K)] 65979K->1979K(238080K), 0,0005361 secs] [Times: user=0,00 sys=0,00, real=0,00 secs] 
71,555: [GC (Allocation Failure) [PSYoungGen: 62560K->96K(61952K)] 64443K->1979K(237056K), 0,0005056 secs] [Times: user=0,00 sys=0,00, real=0,00 secs] 
71,618: [GC (Allocation Failure) [PSYoungGen: 61536K->64K(60928K)] 63419K->1947K(236032K), 0,0004996 secs] [Times: user=0,00 sys=0,00, real=0,00 secs] 
71,679: [GC (Allocation Failure) [PSYoungGen: 60480K->96K(59904K)] 62363K->1979K(235008K), 0,0004874 secs] [Times: user=0,00 sys=0,00, real=0,00 secs] 
71,739: [GC (Allocation Failure) [PSYoungGen: 59488K->64K(58880K)] 61371K->1947K(233984K), 0,0004913 secs] [Times: user=0,00 sys=0,00, real=0,00 secs] 
71,800: [GC (Allocation Failure) [PSYoungGen: 58431K->96K(57856K)] 60315K->1979K(232960K), 0,0004880 secs] [Times: user=0,00 sys=0,00, real=0,00 secs] 
71,860: [GC (Allocation Failure) [PSYoungGen: 57440K->96K(56832K)] 59323K->1979K(231936K), 0,0004801 secs] [Times: user=0,00 sys=0,00, real=0,00 secs] 
71,918: [GC (Allocation Failure) [PSYoungGen: 56416K->96K(55808K)] 58299K->1979K(230912K), 0,0004671 secs] [Times: user=0,00 sys=0,00, real=0,00 secs] 
71,974: [GC (Allocation Failure) [PSYoungGen: 55392K->64K(54784K)] 57275K->1947K(229888K), 0,0005328 secs] [Times: user=0,00 sys=0,00, real=0,00 secs] 
72,030: [GC (Allocation Failure) [PSYoungGen: 54336K->96K(53760K)] 56219K->1979K(228864K), 0,0004862 secs] [Times: user=0,00 sys=0,00, real=0,00 secs] 
72,084: [GC (Allocation Failure) [PSYoungGen: 53344K->96K(52736K)] 55227K->1979K(227840K), 0,0004566 secs] [Times: user=0,00 sys=0,00, real=0,00 secs] 
72,139: [GC (Allocation Failure) [PSYoungGen: 52320K->96K(51712K)] 54203K->1979K(226816K), 0,0005085 secs] [Times: user=0,00 sys=0,00, real=0,00 secs] 
72,192: [GC (Allocation Failure) [PSYoungGen: 51296K->96K(50688K)] 53179K->1979K(225792K), 0,0005209 secs] [Times: user=0,00 sys=0,00, real=0,00 secs] 
72,242: [GC (Allocation Failure) [PSYoungGen: 50272K->64K(49664K)] 52155K->1947K(224768K), 0,0004883 secs] [Times: user=0,00 sys=0,00, real=0,00 secs] 
72,292: [GC (Allocation Failure) [PSYoungGen: 49216K->64K(48640K)] 51099K->1947K(223744K), 0,0004622 secs] [Times: user=0,00 sys=0,00, real=0,00 secs] 
72,340: [GC (Allocation Failure) [PSYoungGen: 48192K->96K(48128K)] 50075K->1979K(223232K), 0,0004730 secs] [Times: user=0,00 sys=0,00, real=0,00 secs] 
72,388: [GC (Allocation Failure) [PSYoungGen: 47712K->64K(47616K)] 49595K->1947K(222720K), 0,0004662 secs] [Times: user=0,00 sys=0,00, real=0,00 secs] 
72,435: [GC (Allocation Failure) [PSYoungGen: 47168K->64K(47104K)] 49051K->1947K(222208K), 0,0004655 secs] [Times: user=0,00 sys=0,00, real=0,00 secs] 
72,483: [GC (Allocation Failure) [PSYoungGen: 46656K->96K(46592K)] 48539K->1979K(221696K), 0,0004732 secs] [Times: user=0,00 sys=0,00, real=0,00 secs] 
72,530: [GC (Allocation Failure) [PSYoungGen: 46176K->96K(46080K)] 48059K->1979K(221184K), 0,0003937 secs] [Times: user=0,00 sys=0,00, real=0,00 secs] 
72,576: [GC (Allocation Failure) [PSYoungGen: 45664K->32K(45568K)] 47547K->1915K(220672K), 0,0004821 secs] [Times: user=0,00 sys=0,00, real=0,00 secs] 
72,622: [GC (Allocation Failure) [PSYoungGen: 45088K->96K(45056K)] 46971K->1979K(220160K), 0,0003813 secs] [Times: user=0,00 sys=0,00, real=0,00 secs] 
72,667: [GC (Allocation Failure) [PSYoungGen: 44640K->96K(44544K)] 46523K->1979K(219648K), 0,0003792 secs] [Times: user=0,00 sys=0,00, real=0,00 secs] 
72,711: [GC (Allocation Failure) [PSYoungGen: 44128K->96K(44032K)] 46011K->1979K(219136K), 0,0003770 secs] [Times: user=0,00 sys=0,00, real=0,00 secs] 
72,755: [GC (Allocation Failure) [PSYoungGen: 43616K->96K(43520K)] 45499K->1979K(218624K), 0,0003767 secs] [Times: user=0,00 sys=0,00, real=0,00 secs] 
72,798: [GC (Allocation Failure) [PSYoungGen: 43104K->64K(43008K)] 44987K->1947K(218112K), 0,0004543 secs] [Times: user=0,00 sys=0,00, real=0,00 secs] 
72,843: [GC (Allocation Failure) [PSYoungGen: 42560K->96K(42496K)] 44443K->1979K(217600K), 0,0004363 secs] [Times: user=0,00 sys=0,00, real=0,00 secs] 
72,886: [GC (Allocation Failure) [PSYoungGen: 42080K->96K(41984K)] 43963K->1979K(217088K), 0,0004120 secs] [Times: user=0,00 sys=0,00, real=0,00 secs] 
72,929: [GC (Allocation Failure) [PSYoungGen: 41568K->32K(41472K)] 43451K->1915K(216576K), 0,0004109 secs] [Times: user=0,00 sys=0,00, real=0,00 secs] 
72,972: [GC (Allocation Failure) [PSYoungGen: 40992K->96K(40960K)] 42875K->1979K(216064K), 0,0003724 secs] [Times: user=0,00 sys=0,00, real=0,00 secs] 
73,014: [GC (Allocation Failure) [PSYoungGen: 40544K->96K(40448K)] 42427K->1979K(215552K), 0,0004681 secs] [Times: user=0,00 sys=0,00, real=0,00 secs] 
73,056: [GC (Allocation Failure) [PSYoungGen: 40032K->96K(39936K)] 41915K->1979K(215040K), 0,0004150 secs] [Times: user=0,00 sys=0,00, real=0,00 secs] 
73,096: [GC (Allocation Failure) [PSYoungGen: 39520K->64K(39424K)] 41403K->1947K(214528K), 0,0004017 secs] [Times: user=0,00 sys=0,00, real=0,00 secs] 
73,138: [GC (Allocation Failure) [PSYoungGen: 38976K->96K(38912K)] 40859K->1979K(214016K), 0,0005107 secs] [Times: user=0,00 sys=0,00, real=0,00 secs] 
73,178: [GC (Allocation Failure) [PSYoungGen: 38496K->96K(38400K)] 40379K->1979K(213504K), 0,0004631 secs] [Times: user=0,00 sys=0,00, real=0,00 secs] 
73,217: [GC (Allocation Failure) [PSYoungGen: 37984K->96K(37888K)] 39867K->1979K(212992K), 0,0004054 secs] [Times: user=0,00 sys=0,00, real=0,00 secs] 
73,256: [GC (Allocation Failure) [PSYoungGen: 37472K->64K(37376K)] 39355K->1947K(212480K), 0,0003979 secs] [Times: user=0,00 sys=0,00, real=0,00 secs] 
73,294: [GC (Allocation Failure) [PSYoungGen: 36928K->96K(36864K)] 38811K->1979K(211968K), 0,0004121 secs] [Times: user=0,00 sys=0,00, real=0,00 secs] 
73,332: [GC (Allocation Failure) [PSYoungGen: 36448K->96K(36352K)] 38331K->1979K(211456K), 0,0003886 secs] [Times: user=0,00 sys=0,00, real=0,00 secs] 
73,370: [GC (Allocation Failure) [PSYoungGen: 35936K->96K(35840K)] 37819K->1979K(210944K), 0,0003958 secs] [Times: user=0,00 sys=0,00, real=0,00 secs] 
73,407: [GC (Allocation Failure) [PSYoungGen: 35424K->96K(35328K)] 37307K->1979K(210432K), 0,0004021 secs] [Times: user=0,00 sys=0,00, real=0,00 secs] 
73,443: [GC (Allocation Failure) [PSYoungGen: 34912K->96K(34816K)] 36795K->1979K(209920K), 0,0004000 secs] [Times: user=0,00 sys=0,00, real=0,00 secs] 
73,479: [GC (Allocation Failure) [PSYoungGen: 34400K->128K(34304K)] 36283K->2011K(209408K), 0,0004012 secs] [Times: user=0,00 sys=0,00, real=0,00 secs] 
73,514: [GC (Allocation Failure) [PSYoungGen: 33920K->64K(33792K)] 35803K->1947K(208896K), 0,0003790 secs] [Times: user=0,00 sys=0,00, real=0,00 secs] 
73,549: [GC (Allocation Failure) [PSYoungGen: 33344K->96K(40448K)] 35227K->1979K(215552K), 0,0004241 secs] [Times: user=0,00 sys=0,00, real=0,00 secs] 
73,590: [GC (Allocation Failure) [PSYoungGen: 40032K->64K(39936K)] 41915K->1947K(215040K), 0,0003843 secs] [Times: user=0,00 sys=0,00, real=0,00 secs] 
73,631: [GC (Allocation Failure) [PSYoungGen: 39488K->64K(39424K)] 41371K->1947K(214528K), 0,0003682 secs] [Times: user=0,00 sys=0,00, real=0,01 secs] 
73,671: [GC (Allocation Failure) [PSYoungGen: 38976K->128K(38912K)] 40859K->2011K(214016K), 0,0004000 secs] [Times: user=0,00 sys=0,00, real=0,00 secs] 
73,711: [GC (Allocation Failure) [PSYoungGen: 38528K->96K(38400K)] 40411K->1979K(213504K), 0,0003806 secs] [Times: user=0,00 sys=0,00, real=0,01 secs] 
73,751: [GC (Allocation Failure) [PSYoungGen: 37984K->96K(37888K)] 39867K->1979K(212992K), 0,0004056 secs] [Times: user=0,00 sys=0,00, real=0,00 secs] 
73,789: [GC (Allocation Failure) [PSYoungGen: 37472K->96K(37376K)] 39355K->1979K(212480K), 0,0003754 secs] [Times: user=0,00 sys=0,00, real=0,00 secs] 
73,828: [GC (Allocation Failure) [PSYoungGen: 36960K->96K(36864K)] 38843K->1979K(211968K), 0,0003885 secs] [Times: user=0,00 sys=0,00, real=0,00 secs] 
73,866: [GC (Allocation Failure) [PSYoungGen: 36448K->96K(36352K)] 38331K->1979K(211456K), 0,0003765 secs] [Times: user=0,01 sys=0,00, real=0,00 secs] 
73,904: [GC (Allocation Failure) [PSYoungGen: 35936K->96K(35840K)] 37819K->1979K(210944K), 0,0004274 secs] [Times: user=0,00 sys=0,00, real=0,00 secs] 
73,941: [GC (Allocation Failure) [PSYoungGen: 35424K->96K(35328K)] 37307K->1979K(210432K), 0,0004084 secs] [Times: user=0,00 sys=0,00, real=0,00 secs] 
73,978: [GC (Allocation Failure) [PSYoungGen: 34912K->96K(34816K)] 36795K->1979K(209920K), 0,0004022 secs] [Times: user=0,00 sys=0,00, real=0,00 secs] 
74,018: [GC (Allocation Failure) [PSYoungGen: 34400K->96K(34304K)] 36283K->1979K(209408K), 0,0004237 secs] [Times: user=0,00 sys=0,00, real=0,00 secs] 
74,053: [GC (Allocation Failure) [PSYoungGen: 33888K->96K(33792K)] 35771K->1979K(208896K), 0,0003812 secs] [Times: user=0,00 sys=0,00, real=0,00 secs] 
74,087: [GC (Allocation Failure) [PSYoungGen: 33376K->96K(33280K)] 35259K->1979K(208384K), 0,0004081 secs] [Times: user=0,00 sys=0,00, real=0,00 secs] 
74,123: [GC (Allocation Failure) [PSYoungGen: 32864K->96K(39936K)] 34747K->1979K(215040K), 0,0005081 secs] [Times: user=0,00 sys=0,00, real=0,00 secs] 
74,164: [GC (Allocation Failure) [PSYoungGen: 39520K->96K(48128K)] 41403K->1979K(223232K), 0,0004522 secs] [Times: user=0,01 sys=0,00, real=0,00 secs] 
74,213: [GC (Allocation Failure) [PSYoungGen: 47712K->96K(47616K)] 49595K->1979K(222720K), 0,0003878 secs] [Times: user=0,00 sys=0,00, real=0,00 secs] 
74,263: [GC (Allocation Failure) [PSYoungGen: 47200K->96K(47104K)] 49083K->1979K(222208K), 0,0003703 secs] [Times: user=0,00 sys=0,00, real=0,00 secs] 
74,311: [GC (Allocation Failure) [PSYoungGen: 46688K->32K(46592K)] 48571K->1915K(221696K), 0,0003751 secs] [Times: user=0,00 sys=0,00, real=0,01 secs] 
74,359: [GC (Allocation Failure) [PSYoungGen: 46112K->96K(46080K)] 47995K->1979K(221184K), 0,0003978 secs] [Times: user=0,00 sys=0,00, real=0,00 secs] 
74,406: [GC (Allocation Failure) [PSYoungGen: 45664K->96K(45568K)] 47547K->1979K(220672K), 0,0003957 secs] [Times: user=0,00 sys=0,00, real=0,00 secs] 
74,452: [GC (Allocation Failure) [PSYoungGen: 45152K->96K(45056K)] 47035K->1979K(220160K), 0,0003971 secs] [Times: user=0,00 sys=0,00, real=0,00 secs] 
74,499: [GC (Allocation Failure) [PSYoungGen: 44640K->96K(44544K)] 46523K->1979K(219648K), 0,0004808 secs] [Times: user=0,00 sys=0,00, real=0,00 secs] 
74,544: [GC (Allocation Failure) [PSYoungGen: 44128K->64K(44032K)] 46011K->1947K(219136K), 0,0003885 secs] [Times: user=0,00 sys=0,00, real=0,00 secs] 
74,589: [GC (Allocation Failure) [PSYoungGen: 43584K->96K(43520K)] 45467K->1979K(218624K), 0,0004082 secs] [Times: user=0,00 sys=0,00, real=0,00 secs] 
74,634: [GC (Allocation Failure) [PSYoungGen: 43104K->32K(43008K)] 44987K->1915K(218112K), 0,0004616 secs] [Times: user=0,00 sys=0,00, real=0,00 secs] 
74,678: [GC (Allocation Failure) [PSYoungGen: 42528K->96K(42496K)] 44411K->1979K(217600K), 0,0004255 secs] [Times: user=0,00 sys=0,00, real=0,00 secs] 
74,722: [GC (Allocation Failure) [PSYoungGen: 42080K->64K(51200K)] 43963K->1947K(226304K), 0,0009650 secs] [Times: user=0,00 sys=0,00, real=0,00 secs] 
74,776: [GC (Allocation Failure) [PSYoungGen: 50752K->96K(61440K)] 52635K->1979K(236544K), 0,0005079 secs] [Times: user=0,00 sys=0,00, real=0,00 secs] 
74,838: [GC (Allocation Failure) [PSYoungGen: 61024K->96K(60416K)] 62907K->1979K(235520K), 0,0004668 secs] [Times: user=0,00 sys=0,00, real=0,00 secs] 
74,900: [GC (Allocation Failure) [PSYoungGen: 60000K->96K(59392K)] 61883K->1979K(234496K), 0,0003754 secs] [Times: user=0,01 sys=0,00, real=0,00 secs] 
74,962: [GC (Allocation Failure) [PSYoungGen: 58976K->96K(58368K)] 60859K->1979K(233472K), 0,0005119 secs] [Times: user=0,00 sys=0,00, real=0,00 secs] 
75,022: [GC (Allocation Failure) [PSYoungGen: 57952K->96K(57344K)] 59835K->1979K(232448K), 0,0004899 secs] [Times: user=0,00 sys=0,00, real=0,00 secs] 
75,082: [GC (Allocation Failure) [PSYoungGen: 56928K->96K(56320K)] 58811K->1979K(231424K), 0,0003942 secs] [Times: user=0,00 sys=0,00, real=0,00 secs] 
75,141: [GC (Allocation Failure) [PSYoungGen: 55904K->96K(55296K)] 57787K->1979K(230400K), 0,0005175 secs] [Times: user=0,00 sys=0,00, real=0,00 secs] 
75,198: [GC (Allocation Failure) [PSYoungGen: 54880K->96K(54272K)] 56763K->1979K(229376K), 0,0004861 secs] [Times: user=0,00 sys=0,00, real=0,00 secs] 
75,254: [GC (Allocation Failure) [PSYoungGen: 53856K->96K(53248K)] 55739K->1979K(228352K), 0,0005242 secs] [Times: user=0,00 sys=0,00, real=0,00 secs] 
75,308: [GC (Allocation Failure) [PSYoungGen: 52832K->96K(52224K)] 54715K->1979K(227328K), 0,0004629 secs] [Times: user=0,01 sys=0,01, real=0,00 secs] 
75,362: [GC (Allocation Failure) [PSYoungGen: 51808K->128K(51200K)] 53691K->2011K(226304K), 0,0003954 secs] [Times: user=0,00 sys=0,00, real=0,00 secs] 
75,414: [GC (Allocation Failure) [PSYoungGen: 50816K->64K(50176K)] 52699K->1947K(225280K), 0,0003722 secs] [Times: user=0,00 sys=0,00, real=0,00 secs] 
75,466: [GC (Allocation Failure) [PSYoungGen: 49728K->96K(49152K)] 51611K->1979K(224256K), 0,0005014 secs] [Times: user=0,00 sys=0,00, real=0,00 secs] 
75,516: [GC (Allocation Failure) [PSYoungGen: 48736K->96K(48128K)] 50619K->1979K(223232K), 0,0004979 secs] [Times: user=0,01 sys=0,00, real=0,00 secs] 
75,566: [GC (Allocation Failure) [PSYoungGen: 47712K->96K(47616K)] 49595K->1979K(222720K), 0,0003798 secs] [Times: user=0,00 sys=0,00, real=0,00 secs] 
75,615: [GC (Allocation Failure) [PSYoungGen: 47200K->96K(47104K)] 49083K->1979K(222208K), 0,0003772 secs] [Times: user=0,00 sys=0,00, real=0,00 secs] 
75,663: [GC (Allocation Failure) [PSYoungGen: 46688K->96K(46592K)] 48571K->1979K(221696K), 0,0003876 secs] [Times: user=0,00 sys=0,00, real=0,00 secs] 
75,710: [GC (Allocation Failure) [PSYoungGen: 46176K->32K(46080K)] 48059K->1915K(221184K), 0,0004684 secs] [Times: user=0,00 sys=0,00, real=0,00 secs] 
75,757: [GC (Allocation Failure) [PSYoungGen: 45600K->96K(45568K)] 47483K->1979K(220672K), 0,0004777 secs] [Times: user=0,00 sys=0,00, real=0,00 secs] 
75,802: [GC (Allocation Failure) [PSYoungGen: 45152K->64K(45056K)] 47035K->1947K(220160K), 0,0003726 secs] [Times: user=0,00 sys=0,00, real=0,00 secs] 
75,847: [GC (Allocation Failure) [PSYoungGen: 44608K->96K(44544K)] 46491K->1979K(219648K), 0,0003605 secs] [Times: user=0,00 sys=0,00, real=0,00 secs] 
75,891: [GC (Allocation Failure) [PSYoungGen: 44128K->64K(44032K)] 46011K->1947K(219136K), 0,0003685 secs] [Times: user=0,00 sys=0,00, real=0,00 secs] 
75,937: [GC (Allocation Failure) [PSYoungGen: 43584K->96K(43520K)] 45467K->1979K(218624K), 0,0003725 secs] [Times: user=0,00 sys=0,00, real=0,00 secs] 
75,982: [GC (Allocation Failure) [PSYoungGen: 43104K->96K(43008K)] 44987K->1979K(218112K), 0,0003776 secs] [Times: user=0,00 sys=0,00, real=0,00 secs] 
76,026: [GC (Allocation Failure) [PSYoungGen: 42592K->96K(42496K)] 44475K->1979K(217600K), 0,0004931 secs] [Times: user=0,00 sys=0,00, real=0,00 secs] 
76,068: [GC (Allocation Failure) [PSYoungGen: 42080K->96K(41984K)] 43963K->1979K(217088K), 0,0004006 secs] [Times: user=0,00 sys=0,00, real=0,00 secs] 
76,112: [GC (Allocation Failure) [PSYoungGen: 41568K->32K(41472K)] 43451K->1915K(216576K), 0,0004938 secs] [Times: user=0,00 sys=0,00, real=0,00 secs] 
76,156: [GC (Allocation Failure) [PSYoungGen: 40992K->96K(40960K)] 42875K->1979K(216064K), 0,0005293 secs] [Times: user=0,00 sys=0,00, real=0,00 secs] 
76,198: [GC (Allocation Failure) [PSYoungGen: 40544K->32K(40448K)] 42427K->1915K(215552K), 0,0003799 secs] [Times: user=0,00 sys=0,00, real=0,00 secs] 
76,239: [GC (Allocation Failure) [PSYoungGen: 39968K->64K(39936K)] 41851K->1947K(215040K), 0,0003825 secs] [Times: user=0,00 sys=0,00, real=0,00 secs] 
76,278: [GC (Allocation Failure) [PSYoungGen: 39488K->64K(39424K)] 41371K->1947K(214528K), 0,0003843 secs] [Times: user=0,00 sys=0,00, real=0,00 secs] 
76,318: [GC (Allocation Failure) [PSYoungGen: 38976K->64K(38912K)] 40859K->1947K(214016K), 0,0003780 secs] [Times: user=0,00 sys=0,00, real=0,00 secs] 
76,358: [GC (Allocation Failure) [PSYoungGen: 38464K->96K(38400K)] 40347K->1979K(213504K), 0,0003875 secs] [Times: user=0,00 sys=0,00, real=0,00 secs] 
76,396: [GC (Allocation Failure) [PSYoungGen: 37984K->96K(37888K)] 39867K->1979K(212992K), 0,0003847 secs] [Times: user=0,00 sys=0,00, real=0,00 secs] 
76,434: [GC (Allocation Failure) [PSYoungGen: 37472K->96K(37376K)] 39355K->1979K(212480K), 0,0003743 secs] [Times: user=0,00 sys=0,00, real=0,00 secs] 
76,472: [GC (Allocation Failure) [PSYoungGen: 36960K->96K(36864K)] 38843K->1979K(211968K), 0,0004824 secs] [Times: user=0,01 sys=0,00, real=0,00 secs] 
76,509: [GC (Allocation Failure) [PSYoungGen: 36448K->64K(36352K)] 38331K->1947K(211456K), 0,0003751 secs] [Times: user=0,00 sys=0,00, real=0,00 secs] 
76,545: [GC (Allocation Failure) [PSYoungGen: 35903K->32K(35840K)] 37787K->1915K(210944K), 0,0003432 secs] [Times: user=0,00 sys=0,00, real=0,00 secs] 
76,581: [GC (Allocation Failure) [PSYoungGen: 35360K->64K(35328K)] 37243K->1947K(210432K), 0,0003765 secs] [Times: user=0,00 sys=0,00, real=0,00 secs] 
76,616: [GC (Allocation Failure) [PSYoungGen: 34880K->96K(34816K)] 36763K->1979K(209920K), 0,0003765 secs] [Times: user=0,00 sys=0,00, real=0,00 secs] 
76,650: [GC (Allocation Failure) [PSYoungGen: 34400K->32K(34304K)] 36283K->1915K(209408K), 0,0003806 secs] [Times: user=0,01 sys=0,00, real=0,00 secs] 
76,684: [GC (Allocation Failure) [PSYoungGen: 33824K->96K(33792K)] 35707K->1979K(208896K), 0,0003671 secs] [Times: user=0,00 sys=0,00, real=0,00 secs] 
76,718: [GC (Allocation Failure) [PSYoungGen: 33376K->96K(33280K)] 35259K->1979K(208384K), 0,0003650 secs] [Times: user=0,00 sys=0,00, real=0,00 secs] 
76,752: [GC (Allocation Failure) [PSYoungGen: 32864K->96K(32768K)] 34747K->1979K(207872K), 0,0003907 secs] [Times: user=0,00 sys=0,00, real=0,00 secs] 
76,785: [GC (Allocation Failure) [PSYoungGen: 32352K->96K(32256K)] 34235K->1979K(207360K), 0,0003584 secs] [Times: user=0,00 sys=0,00, real=0,00 secs] 
76,818: [GC (Allocation Failure) [PSYoungGen: 31840K->96K(31744K)] 33723K->1979K(206848K), 0,0003651 secs] [Times: user=0,00 sys=0,00, real=0,00 secs] 
76,851: [GC (Allocation Failure) [PSYoungGen: 31328K->64K(31744K)] 33211K->1947K(206848K), 0,0003535 secs] [Times: user=0,00 sys=0,00, real=0,01 secs] 
76,884: [GC (Allocation Failure) [PSYoungGen: 31296K->96K(38400K)] 33179K->1979K(213504K), 0,0003670 secs] [Times: user=0,00 sys=0,00, real=0,00 secs] 
76,923: [GC (Allocation Failure) [PSYoungGen: 37984K->96K(37888K)] 39867K->1979K(212992K), 0,0003653 secs] [Times: user=0,00 sys=0,00, real=0,00 secs] 
76,960: [GC (Allocation Failure) [PSYoungGen: 37472K->64K(37376K)] 39355K->1947K(212480K), 0,0003798 secs] [Times: user=0,00 sys=0,00, real=0,00 secs] 
76,998: [GC (Allocation Failure) [PSYoungGen: 36928K->96K(36864K)] 38811K->1979K(211968K), 0,0003907 secs] [Times: user=0,01 sys=0,00, real=0,00 secs] 
77,037: [GC (Allocation Failure) [PSYoungGen: 36448K->96K(36352K)] 38331K->1979K(211456K), 0,0003989 secs] [Times: user=0,00 sys=0,00, real=0,00 secs] 
77,073: [GC (Allocation Failure) [PSYoungGen: 35936K->96K(35840K)] 37819K->1979K(210944K), 0,0003967 secs] [Times: user=0,00 sys=0,00, real=0,00 secs] 
77,109: [GC (Allocation Failure) [PSYoungGen: 35424K->64K(35328K)] 37307K->1947K(210432K), 0,0003836 secs] [Times: user=0,00 sys=0,00, real=0,00 secs] 
77,145: [GC (Allocation Failure) [PSYoungGen: 34880K->64K(42496K)] 36763K->1947K(217600K), 0,0004968 secs] [Times: user=0,00 sys=0,00, real=0,00 secs] 
77,187: [GC (Allocation Failure) [PSYoungGen: 42048K->128K(41984K)] 43931K->2011K(217088K), 0,0003744 secs] [Times: user=0,01 sys=0,00, real=0,00 secs] 
77,229: [GC (Allocation Failure) [PSYoungGen: 41600K->64K(41472K)] 43483K->1947K(216576K), 0,0003806 secs] [Times: user=0,00 sys=0,00, real=0,00 secs] 
77,271: [GC (Allocation Failure) [PSYoungGen: 41024K->96K(40960K)] 42907K->1979K(216064K), 0,0003883 secs] [Times: user=0,00 sys=0,00, real=0,00 secs] 
77,312: [GC (Allocation Failure) [PSYoungGen: 40544K->96K(40448K)] 42427K->1979K(215552K), 0,0003706 secs] [Times: user=0,00 sys=0,00, real=0,00 secs] 
77,352: [GC (Allocation Failure) [PSYoungGen: 40032K->96K(39936K)] 41915K->1979K(215040K), 0,0003874 secs] [Times: user=0,00 sys=0,00, real=0,00 secs] 
77,391: [GC (Allocation Failure) [PSYoungGen: 39520K->96K(39424K)] 41403K->1979K(214528K), 0,0003725 secs] [Times: user=0,00 sys=0,00, real=0,00 secs] 
77,431: [GC (Allocation Failure) [PSYoungGen: 39008K->96K(38912K)] 40891K->1979K(214016K), 0,0003748 secs] [Times: user=0,00 sys=0,00, real=0,00 secs] 
77,471: [GC (Allocation Failure) [PSYoungGen: 38496K->96K(38400K)] 40379K->1979K(213504K), 0,0003791 secs] [Times: user=0,00 sys=0,00, real=0,01 secs] 
77,510: [GC (Allocation Failure) [PSYoungGen: 37984K->64K(46080K)] 39867K->1947K(221184K), 0,0009480 secs] [Times: user=0,00 sys=0,00, real=0,00 secs] 
77,558: [GC (Allocation Failure) [PSYoungGen: 45632K->32K(55296K)] 47515K->1915K(230400K), 0,0025740 secs] [Times: user=0,00 sys=0,00, real=0,00 secs] 
77,618: [GC (Allocation Failure) [PSYoungGen: 54816K->64K(66560K)] 56699K->1947K(241664K), 0,0004892 secs] [Times: user=0,00 sys=0,01, real=0,00 secs] 
77,684: [GC (Allocation Failure) [PSYoungGen: 66112K->64K(65024K)] 67995K->1947K(240128K), 0,0004687 secs] [Times: user=0,00 sys=0,00, real=0,00 secs] 
77,749: [GC (Allocation Failure) [PSYoungGen: 64576K->96K(63488K)] 66459K->1979K(238592K), 0,0004990 secs] [Times: user=0,00 sys=0,00, real=0,00 secs] 
77,812: [GC (Allocation Failure) [PSYoungGen: 63072K->64K(61952K)] 64955K->1947K(237056K), 0,0004699 secs] [Times: user=0,00 sys=0,00, real=0,00 secs] 
77,876: [GC (Allocation Failure) [PSYoungGen: 61504K->64K(60928K)] 63387K->1947K(236032K), 0,0004862 secs] [Times: user=0,00 sys=0,00, real=0,00 secs] 
77,937: [GC (Allocation Failure) [PSYoungGen: 60480K->96K(59904K)] 62363K->1979K(235008K), 0,0004579 secs] [Times: user=0,00 sys=0,00, real=0,00 secs] 
77,997: [GC (Allocation Failure) [PSYoungGen: 59488K->64K(58880K)] 61371K->1947K(233984K), 0,0004925 secs] [Times: user=0,00 sys=0,00, real=0,00 secs] 
78,057: [GC (Allocation Failure) [PSYoungGen: 58432K->96K(57856K)] 60315K->1979K(232960K), 0,0004990 secs] [Times: user=0,00 sys=0,00, real=0,00 secs] 
78,116: [GC (Allocation Failure) [PSYoungGen: 57440K->32K(56832K)] 59323K->1915K(231936K), 0,0009818 secs] [Times: user=0,00 sys=0,00, real=0,00 secs] 
78,174: [GC (Allocation Failure) [PSYoungGen: 56352K->96K(55808K)] 58235K->1979K(230912K), 0,0005116 secs] [Times: user=0,01 sys=0,00, real=0,00 secs] 
78,231: [GC (Allocation Failure) [PSYoungGen: 55392K->64K(54784K)] 57275K->1947K(229888K), 0,0004861 secs] [Times: user=0,00 sys=0,00, real=0,01 secs] 
78,287: [GC (Allocation Failure) [PSYoungGen: 54336K->96K(66048K)] 56219K->1979K(241152K), 0,0008631 secs] [Times: user=0,00 sys=0,00, real=0,00 secs] 
78,354: [GC (Allocation Failure) [PSYoungGen: 65632K->64K(64512K)] 67515K->1947K(239616K), 0,0004903 secs] [Times: user=0,01 sys=0,00, real=0,00 secs] 
78,419: [GC (Allocation Failure) [PSYoungGen: 64064K->64K(62976K)] 65947K->1947K(238080K), 0,0005166 secs] [Times: user=0,00 sys=0,00, real=0,00 secs] 
78,483: [GC (Allocation Failure) [PSYoungGen: 62528K->64K(61952K)] 64411K->1947K(237056K), 0,0004949 secs] [Times: user=0,01 sys=0,00, real=0,00 secs] 
78,547: [GC (Allocation Failure) [PSYoungGen: 61504K->96K(60928K)] 63387K->1979K(236032K), 0,0005118 secs] [Times: user=0,00 sys=0,00, real=0,00 secs] 
78,608: [GC (Allocation Failure) [PSYoungGen: 60512K->96K(59904K)] 62395K->1979K(235008K), 0,0004941 secs] [Times: user=0,00 sys=0,00, real=0,00 secs] 
78,668: [GC (Allocation Failure) [PSYoungGen: 59488K->64K(58880K)] 61371K->1947K(233984K), 0,0004835 secs] [Times: user=0,00 sys=0,00, real=0,00 secs] 
78,728: [GC (Allocation Failure) [PSYoungGen: 58432K->96K(57856K)] 60315K->1979K(232960K), 0,0009260 secs] [Times: user=0,00 sys=0,00, real=0,00 secs] 
78,786: [GC (Allocation Failure) [PSYoungGen: 57440K->96K(56832K)] 59323K->1979K(231936K), 0,0004813 secs] [Times: user=0,00 sys=0,00, real=0,00 secs] 
78,844: [GC (Allocation Failure) [PSYoungGen: 56416K->96K(55808K)] 58299K->1979K(230912K), 0,0004871 secs] [Times: user=0,00 sys=0,00, real=0,00 secs] 
78,901: [GC (Allocation Failure) [PSYoungGen: 55392K->64K(54784K)] 57275K->1947K(229888K), 0,0004789 secs] [Times: user=0,00 sys=0,00, real=0,01 secs] 
78,956: [GC (Allocation Failure) [PSYoungGen: 54336K->96K(53760K)] 56219K->1979K(228864K), 0,0005027 secs] [Times: user=0,00 sys=0,00, real=0,00 secs] 
79,010: [GC (Allocation Failure) [PSYoungGen: 53344K->96K(52736K)] 55227K->1979K(227840K), 0,0004958 secs] [Times: user=0,00 sys=0,00, real=0,00 secs] 
79,064: [GC (Allocation Failure) [PSYoungGen: 52320K->32K(51712K)] 54203K->1915K(226816K), 0,0005026 secs] [Times: user=0,00 sys=0,00, real=0,00 secs] 
79,117: [GC (Allocation Failure) [PSYoungGen: 51232K->96K(61952K)] 53115K->1979K(237056K), 0,0009079 secs] [Times: user=0,00 sys=0,00, real=0,00 secs] 
79,181: [GC (Allocation Failure) [PSYoungGen: 61536K->96K(60928K)] 63419K->1979K(236032K), 0,0005124 secs] [Times: user=0,01 sys=0,00, real=0,00 secs] 
79,243: [GC (Allocation Failure) [PSYoungGen: 60512K->64K(59904K)] 62395K->1947K(235008K), 0,0004797 secs] [Times: user=0,00 sys=0,00, real=0,00 secs] 
79,304: [GC (Allocation Failure) [PSYoungGen: 59456K->96K(58880K)] 61339K->1979K(233984K), 0,0004928 secs] [Times: user=0,00 sys=0,00, real=0,00 secs] 
79,363: [GC (Allocation Failure) [PSYoungGen: 58464K->64K(57856K)] 60347K->1947K(232960K), 0,0005214 secs] [Times: user=0,00 sys=0,00, real=0,00 secs] 
79,421: [GC (Allocation Failure) [PSYoungGen: 57408K->96K(56832K)] 59291K->1979K(231936K), 0,0004883 secs] [Times: user=0,00 sys=0,00, real=0,00 secs] 
79,479: [GC (Allocation Failure) [PSYoungGen: 56416K->96K(55808K)] 58299K->1979K(230912K), 0,0004925 secs] [Times: user=0,00 sys=0,00, real=0,00 secs] 
79,535: [GC (Allocation Failure) [PSYoungGen: 55392K->64K(54784K)] 57275K->1947K(229888K), 0,0004855 secs] [Times: user=0,00 sys=0,00, real=0,00 secs] 
79,590: [GC (Allocation Failure) [PSYoungGen: 54336K->96K(53760K)] 56219K->1979K(228864K), 0,0005268 secs] [Times: user=0,01 sys=0,00, real=0,00 secs] 
79,644: [GC (Allocation Failure) [PSYoungGen: 53344K->96K(52736K)] 55227K->1979K(227840K), 0,0004761 secs] [Times: user=0,00 sys=0,00, real=0,00 secs] 
79,697: [GC (Allocation Failure) [PSYoungGen: 52320K->96K(51712K)] 54203K->1979K(226816K), 0,0004798 secs] [Times: user=0,00 sys=0,00, real=0,00 secs] 
79,750: [GC (Allocation Failure) [PSYoungGen: 51296K->64K(61952K)] 53179K->1947K(237056K), 0,0009652 secs] [Times: user=0,01 sys=0,00, real=0,00 secs] 
79,812: [GC (Allocation Failure) [PSYoungGen: 61504K->96K(60928K)] 63387K->1979K(236032K), 0,0004912 secs] [Times: user=0,00 sys=0,00, real=0,00 secs] 
79,874: [GC (Allocation Failure) [PSYoungGen: 60512K->64K(59904K)] 62395K->1947K(235008K), 0,0004853 secs] [Times: user=0,00 sys=0,00, real=0,00 secs] 
79,934: [GC (Allocation Failure) [PSYoungGen: 59456K->96K(58880K)] 61339K->1979K(233984K), 0,0005012 secs] [Times: user=0,00 sys=0,00, real=0,00 secs] 
79,994: [GC (Allocation Failure) [PSYoungGen: 58464K->64K(57856K)] 60347K->1947K(232960K), 0,0008704 secs] [Times: user=0,00 sys=0,00, real=0,00 secs] 
80,053: [GC (Allocation Failure) [PSYoungGen: 57408K->96K(56832K)] 59291K->1979K(231936K), 0,0004904 secs] [Times: user=0,00 sys=0,00, real=0,00 secs] 
80,110: [GC (Allocation Failure) [PSYoungGen: 56416K->96K(55808K)] 58299K->1979K(230912K), 0,0004797 secs] [Times: user=0,00 sys=0,00, real=0,00 secs] 
80,168: [GC (Allocation Failure) [PSYoungGen: 55392K->64K(54784K)] 57275K->1947K(229888K), 0,0005100 secs] [Times: user=0,01 sys=0,00, real=0,00 secs] 
80,224: [GC (Allocation Failure) [PSYoungGen: 54336K->96K(53760K)] 56219K->1979K(228864K), 0,0005193 secs] [Times: user=0,00 sys=0,00, real=0,00 secs] 
80,278: [GC (Allocation Failure) [PSYoungGen: 53344K->64K(52736K)] 55227K->1947K(227840K), 0,0004935 secs] [Times: user=0,00 sys=0,00, real=0,00 secs] 
80,332: [GC (Allocation Failure) [PSYoungGen: 52288K->96K(51712K)] 54171K->1979K(226816K), 0,0004878 secs] [Times: user=0,00 sys=0,00, real=0,00 secs] 
80,387: [GC (Allocation Failure) [PSYoungGen: 51296K->96K(50688K)] 53179K->2003K(225792K), 0,0005158 secs] [Times: user=0,01 sys=0,00, real=0,00 secs] 
80,438: [GC (Allocation Failure) [PSYoungGen: 50272K->64K(49664K)] 52179K->1971K(224768K), 0,0004668 secs] [Times: user=0,00 sys=0,00, real=0,00 secs] 
80,488: [GC (Allocation Failure) [PSYoungGen: 49216K->96K(48640K)] 51123K->2003K(223744K), 0,0004215 secs] [Times: user=0,00 sys=0,00, real=0,00 secs] 
80,538: [GC (Allocation Failure) [PSYoungGen: 48224K->96K(48128K)] 50131K->2003K(223232K), 0,0005070 secs] [Times: user=0,00 sys=0,00, real=0,00 secs] 
80,587: [GC (Allocation Failure) [PSYoungGen: 47712K->64K(47616K)] 49619K->1971K(222720K), 0,0004846 secs] [Times: user=0,01 sys=0,00, real=0,00 secs] 
80,635: [GC (Allocation Failure) [PSYoungGen: 47168K->64K(47104K)] 49075K->1971K(222208K), 0,0004929 secs] [Times: user=0,00 sys=0,00, real=0,00 secs] 
80,682: [GC (Allocation Failure) [PSYoungGen: 46656K->96K(46592K)] 48563K->2003K(221696K), 0,0005081 secs] [Times: user=0,00 sys=0,00, real=0,00 secs] 
80,730: [GC (Allocation Failure) [PSYoungGen: 46176K->64K(55808K)] 48083K->1971K(230912K), 0,0009189 secs] [Times: user=0,00 sys=0,00, real=0,00 secs] 
80,786: [GC (Allocation Failure) [PSYoungGen: 55360K->96K(67072K)] 57267K->2003K(242176K), 0,0004832 secs] [Times: user=0,00 sys=0,00, real=0,00 secs] 
80,854: [GC (Allocation Failure) [PSYoungGen: 66656K->96K(65536K)] 68563K->2003K(240640K), 0,0004946 secs] [Times: user=0,00 sys=0,00, real=0,00 secs] 
80,921: [GC (Allocation Failure) [PSYoungGen: 65120K->64K(64000K)] 67027K->1971K(239104K), 0,0004828 secs] [Times: user=0,00 sys=0,00, real=0,01 secs] 
80,986: [GC (Allocation Failure) [PSYoungGen: 63552K->64K(62464K)] 65459K->1971K(237568K), 0,0005021 secs] [Times: user=0,00 sys=0,00, real=0,00 secs] 
81,049: [GC (Allocation Failure) [PSYoungGen: 62016K->96K(61440K)] 63923K->2003K(236544K), 0,0005061 secs] [Times: user=0,00 sys=0,00, real=0,00 secs] 
81,114: [GC (Allocation Failure) [PSYoungGen: 61024K->64K(60416K)] 62931K->1971K(235520K), 0,0005166 secs] [Times: user=0,00 sys=0,00, real=0,00 secs] 
81,176: [GC (Allocation Failure) [PSYoungGen: 59968K->32K(59392K)] 61875K->1939K(234496K), 0,0006435 secs] [Times: user=0,00 sys=0,00, real=0,00 secs] 
81,236: [GC (Allocation Failure) [PSYoungGen: 58912K->64K(58368K)] 60819K->1971K(233472K), 0,0004951 secs] [Times: user=0,00 sys=0,00, real=0,00 secs] 
81,296: [GC (Allocation Failure) [PSYoungGen: 57920K->96K(57344K)] 59827K->2003K(232448K), 0,0005069 secs] [Times: user=0,00 sys=0,00, real=0,00 secs] 
81,355: [GC (Allocation Failure) [PSYoungGen: 56928K->96K(56320K)] 58835K->2003K(231424K), 0,0005053 secs] [Times: user=0,00 sys=0,00, real=0,00 secs] 
81,413: [GC (Allocation Failure) [PSYoungGen: 55904K->96K(55296K)] 57811K->2003K(230400K), 0,0004950 secs] [Times: user=0,00 sys=0,00, real=0,00 secs] 
81,471: [GC (Allocation Failure) [PSYoungGen: 54880K->96K(54272K)] 56787K->2003K(229376K), 0,0005543 secs] [Times: user=0,00 sys=0,00, real=0,01 secs] 
81,527: [GC (Allocation Failure) [PSYoungGen: 53856K->96K(53248K)] 55763K->2003K(228352K), 0,0005020 secs] [Times: user=0,00 sys=0,00, real=0,00 secs] 
81,582: [GC (Allocation Failure) [PSYoungGen: 52832K->32K(52224K)] 54739K->1939K(227328K), 0,0005044 secs] [Times: user=0,00 sys=0,00, real=0,00 secs] 
81,636: [GC (Allocation Failure) [PSYoungGen: 51744K->64K(51200K)] 53651K->1971K(226304K), 0,0004258 secs] [Times: user=0,00 sys=0,00, real=0,00 secs] 
81,689: [GC (Allocation Failure) [PSYoungGen: 50752K->64K(50176K)] 52659K->1971K(225280K), 0,0003988 secs] [Times: user=0,00 sys=0,00, real=0,00 secs] 
81,741: [GC (Allocation Failure) [PSYoungGen: 49728K->96K(49152K)] 51635K->2003K(224256K), 0,0004969 secs] [Times: user=0,00 sys=0,00, real=0,01 secs] 
81,792: [GC (Allocation Failure) [PSYoungGen: 48736K->64K(48128K)] 50643K->1971K(223232K), 0,0004820 secs] [Times: user=0,00 sys=0,00, real=0,00 secs] 
81,842: [GC (Allocation Failure) [PSYoungGen: 47680K->96K(47616K)] 49587K->2003K(222720K), 0,0004137 secs] [Times: user=0,00 sys=0,00, real=0,00 secs] 
81,891: [GC (Allocation Failure) [PSYoungGen: 47200K->64K(47104K)] 49107K->1971K(222208K), 0,0005306 secs] [Times: user=0,00 sys=0,00, real=0,01 secs] 
81,940: [GC (Allocation Failure) [PSYoungGen: 46656K->96K(46592K)] 48563K->2003K(221696K), 0,0004914 secs] [Times: user=0,00 sys=0,00, real=0,00 secs] 
81,988: [GC (Allocation Failure) [PSYoungGen: 46176K->96K(46080K)] 48083K->2003K(221184K), 0,0004436 secs] [Times: user=0,00 sys=0,00, real=0,00 secs] 
82,036: [GC (Allocation Failure) [PSYoungGen: 45664K->96K(45568K)] 47571K->2003K(220672K), 0,0004999 secs] [Times: user=0,00 sys=0,00, real=0,00 secs] 
82,083: [GC (Allocation Failure) [PSYoungGen: 45152K->32K(45056K)] 47059K->1939K(220160K), 0,0004851 secs] [Times: user=0,01 sys=0,00, real=0,00 secs] 
82,131: [GC (Allocation Failure) [PSYoungGen: 44576K->64K(44544K)] 46483K->1971K(219648K), 0,0005116 secs] [Times: user=0,00 sys=0,00, real=0,01 secs] 
82,178: [GC (Allocation Failure) [PSYoungGen: 44096K->96K(44032K)] 46003K->2003K(219136K), 0,0005144 secs] [Times: user=0,00 sys=0,00, real=0,00 secs] 
82,224: [GC (Allocation Failure) [PSYoungGen: 43616K->64K(43520K)] 45523K->1971K(218624K), 0,0004922 secs] [Times: user=0,00 sys=0,00, real=0,00 secs] 
82,269: [GC (Allocation Failure) [PSYoungGen: 43072K->96K(43008K)] 44979K->2003K(218112K), 0,0004464 secs] [Times: user=0,00 sys=0,00, real=0,00 secs] 
82,314: [GC (Allocation Failure) [PSYoungGen: 42592K->32K(42496K)] 44499K->1939K(217600K), 0,0004782 secs] [Times: user=0,00 sys=0,00, real=0,00 secs] 
82,358: [GC (Allocation Failure) [PSYoungGen: 42016K->64K(51200K)] 43923K->1971K(226304K), 0,0009824 secs] [Times: user=0,00 sys=0,00, real=0,00 secs] 
82,411: [GC (Allocation Failure) [PSYoungGen: 50752K->96K(61440K)] 52659K->2003K(236544K), 0,0005020 secs] [Times: user=0,00 sys=0,00, real=0,00 secs] 
82,475: [GC (Allocation Failure) [PSYoungGen: 61024K->32K(73728K)] 62931K->1947K(248832K), 0,0005244 secs] [Times: user=0,00 sys=0,00, real=0,00 secs] 
82,552: [GC (Allocation Failure) [PSYoungGen: 73248K->64K(72192K)] 75163K->1979K(247296K), 0,0005048 secs] [Times: user=0,01 sys=0,00, real=0,00 secs] 
82,626: [GC (Allocation Failure) [PSYoungGen: 71744K->96K(70656K)] 73659K->2011K(245760K), 0,0005384 secs] [Times: user=0,00 sys=0,00, real=0,00 secs] 
82,699: [GC (Allocation Failure) [PSYoungGen: 70240K->96K(69120K)] 72155K->2011K(244224K), 0,0005452 secs] [Times: user=0,00 sys=0,00, real=0,00 secs] 
82,770: [GC (Allocation Failure) [PSYoungGen: 68704K->96K(67584K)] 70619K->2011K(242688K), 0,0005067 secs] [Times: user=0,00 sys=0,00, real=0,00 secs] 
82,840: [GC (Allocation Failure) [PSYoungGen: 67168K->96K(66048K)] 69083K->2011K(241152K), 0,0005305 secs] [Times: user=0,00 sys=0,00, real=0,00 secs] 
82,909: [GC (Allocation Failure) [PSYoungGen: 65632K->96K(64512K)] 67547K->2011K(239616K), 0,0005414 secs] [Times: user=0,00 sys=0,00, real=0,00 secs] 
82,976: [GC (Allocation Failure) [PSYoungGen: 64096K->64K(62976K)] 66011K->1979K(238080K), 0,0005119 secs] [Times: user=0,00 sys=0,00, real=0,00 secs] 
83,041: [GC (Allocation Failure) [PSYoungGen: 62528K->64K(61952K)] 64443K->1979K(237056K), 0,0005078 secs] [Times: user=0,01 sys=0,00, real=0,00 secs] 
83,105: [GC (Allocation Failure) [PSYoungGen: 61504K->96K(60928K)] 63419K->2011K(236032K), 0,0005060 secs] [Times: user=0,00 sys=0,00, real=0,00 secs] 
83,170: [GC (Allocation Failure) [PSYoungGen: 60512K->96K(59904K)] 62427K->2011K(235008K), 0,0005749 secs] [Times: user=0,00 sys=0,00, real=0,00 secs] 
83,232: [GC (Allocation Failure) [PSYoungGen: 59488K->96K(58880K)] 61403K->2011K(233984K), 0,0005099 secs] [Times: user=0,00 sys=0,00, real=0,00 secs] 
83,293: [GC (Allocation Failure) [PSYoungGen: 58464K->96K(57856K)] 60379K->2011K(232960K), 0,0005049 secs] [Times: user=0,00 sys=0,00, real=0,00 secs] 
83,353: [GC (Allocation Failure) [PSYoungGen: 57440K->64K(56832K)] 59355K->1979K(231936K), 0,0005380 secs] [Times: user=0,00 sys=0,00, real=0,00 secs] 
83,411: [GC (Allocation Failure) [PSYoungGen: 56384K->64K(55808K)] 58299K->1979K(230912K), 0,0006778 secs] [Times: user=0,00 sys=0,00, real=0,00 secs] 
83,469: [GC (Allocation Failure) [PSYoungGen: 55360K->64K(54784K)] 57275K->1979K(229888K), 0,0004916 secs] [Times: user=0,00 sys=0,00, real=0,00 secs] 
83,527: [GC (Allocation Failure) [PSYoungGen: 54336K->96K(53760K)] 56251K->2011K(228864K), 0,0005137 secs] [Times: user=0,00 sys=0,00, real=0,00 secs] 
83,582: [GC (Allocation Failure) [PSYoungGen: 53344K->64K(52736K)] 55259K->1979K(227840K), 0,0004918 secs] [Times: user=0,00 sys=0,00, real=0,00 secs] 
83,637: [GC (Allocation Failure) [PSYoungGen: 52288K->32K(51712K)] 54203K->1947K(226816K), 0,0004845 secs] [Times: user=0,00 sys=0,00, real=0,00 secs] 
83,690: [GC (Allocation Failure) [PSYoungGen: 51232K->96K(50688K)] 53147K->2011K(225792K), 0,0005446 secs] [Times: user=0,00 sys=0,00, real=0,00 secs] 
83,744: [GC (Allocation Failure) [PSYoungGen: 50272K->96K(49664K)] 52187K->2011K(224768K), 0,0004891 secs] [Times: user=0,00 sys=0,00, real=0,00 secs] 
83,795: [GC (Allocation Failure) [PSYoungGen: 49248K->64K(48640K)] 51163K->1979K(223744K), 0,0004930 secs] [Times: user=0,00 sys=0,00, real=0,00 secs] 
83,846: [GC (Allocation Failure) [PSYoungGen: 48192K->64K(48128K)] 50107K->1979K(223232K), 0,0004080 secs] [Times: user=0,00 sys=0,00, real=0,00 secs] 
83,895: [GC (Allocation Failure) [PSYoungGen: 47680K->96K(47616K)] 49595K->2011K(222720K), 0,0004107 secs] [Times: user=0,00 sys=0,00, real=0,00 secs] 
83,945: [GC (Allocation Failure) [PSYoungGen: 47200K->96K(47104K)] 49115K->2011K(222208K), 0,0004926 secs] [Times: user=0,00 sys=0,00, real=0,00 secs] 
83,994: [GC (Allocation Failure) [PSYoungGen: 46688K->32K(46592K)] 48603K->1947K(221696K), 0,0006659 secs] [Times: user=0,00 sys=0,00, real=0,00 secs] 
84,042: [GC (Allocation Failure) [PSYoungGen: 46112K->32K(46080K)] 48027K->1947K(221184K), 0,0004682 secs] [Times: user=0,00 sys=0,00, real=0,00 secs] 
84,090: [GC (Allocation Failure) [PSYoungGen: 45600K->64K(45568K)] 47515K->1979K(220672K), 0,0003995 secs] [Times: user=0,00 sys=0,01, real=0,00 secs] 
84,138: [GC (Allocation Failure) [PSYoungGen: 45120K->64K(45056K)] 47035K->1979K(220160K), 0,0005160 secs] [Times: user=0,00 sys=0,00, real=0,00 secs] 
84,185: [GC (Allocation Failure) [PSYoungGen: 44608K->64K(54272K)] 46523K->1979K(229376K), 0,0006920 secs] [Times: user=0,00 sys=0,00, real=0,00 secs] 
84,241: [GC (Allocation Failure) [PSYoungGen: 53824K->96K(53248K)] 55739K->2011K(228352K), 0,0004986 secs] [Times: user=0,00 sys=0,00, real=0,00 secs] 
84,297: [GC (Allocation Failure) [PSYoungGen: 52832K->96K(64000K)] 54747K->2011K(239104K), 0,0009079 secs] [Times: user=0,00 sys=0,00, real=0,00 secs] 
84,363: [GC (Allocation Failure) [PSYoungGen: 63584K->96K(62464K)] 65499K->2011K(237568K), 0,0005092 secs] [Times: user=0,00 sys=0,00, real=0,00 secs] 
84,428: [GC (Allocation Failure) [PSYoungGen: 62048K->64K(61440K)] 63963K->1979K(236544K), 0,0004975 secs] [Times: user=0,01 sys=0,00, real=0,00 secs] 
84,492: [GC (Allocation Failure) [PSYoungGen: 60992K->96K(60416K)] 62907K->2011K(235520K), 0,0005144 secs] [Times: user=0,00 sys=0,00, real=0,00 secs] 
84,554: [GC (Allocation Failure) [PSYoungGen: 60000K->96K(59392K)] 61915K->2011K(234496K), 0,0004994 secs] [Times: user=0,00 sys=0,00, real=0,00 secs] 
84,616: [GC (Allocation Failure) [PSYoungGen: 58976K->96K(58368K)] 60891K->2011K(233472K), 0,0009549 secs] [Times: user=0,00 sys=0,00, real=0,00 secs] 
84,677: [GC (Allocation Failure) [PSYoungGen: 57952K->96K(57344K)] 59867K->2011K(232448K), 0,0004950 secs] [Times: user=0,00 sys=0,00, real=0,00 secs] 
84,736: [GC (Allocation Failure) [PSYoungGen: 56928K->96K(56320K)] 58843K->2011K(231424K), 0,0004926 secs] [Times: user=0,00 sys=0,00, real=0,00 secs] 
84,794: [GC (Allocation Failure) [PSYoungGen: 55904K->64K(55296K)] 57819K->1979K(230400K), 0,0005367 secs] [Times: user=0,00 sys=0,00, real=0,00 secs] 
84,851: [GC (Allocation Failure) [PSYoungGen: 54848K->64K(54272K)] 56763K->1979K(229376K), 0,0004876 secs] [Times: user=0,00 sys=0,00, real=0,00 secs] 
84,907: [GC (Allocation Failure) [PSYoungGen: 53824K->64K(53248K)] 55739K->1979K(228352K), 0,0004887 secs] [Times: user=0,00 sys=0,00, real=0,00 secs] 
84,962: [GC (Allocation Failure) [PSYoungGen: 52800K->64K(52224K)] 54715K->1979K(227328K), 0,0004346 secs] [Times: user=0,00 sys=0,00, real=0,00 secs] 
85,015: [GC (Allocation Failure) [PSYoungGen: 51776K->96K(51200K)] 53691K->2011K(226304K), 0,0005110 secs] [Times: user=0,00 sys=0,00, real=0,00 secs] 
85,067: [GC (Allocation Failure) [PSYoungGen: 50784K->96K(50176K)] 52699K->2011K(225280K), 0,0004862 secs] [Times: user=0,01 sys=0,00, real=0,00 secs] 
85,117: [GC (Allocation Failure) [PSYoungGen: 49760K->96K(49152K)] 51675K->2011K(224256K), 0,0004664 secs] [Times: user=0,00 sys=0,00, real=0,00 secs] 
85,168: [GC (Allocation Failure) [PSYoungGen: 48736K->96K(48128K)] 50651K->2011K(223232K), 0,0005072 secs] [Times: user=0,00 sys=0,00, real=0,00 secs] 
85,216: [GC (Allocation Failure) [PSYoungGen: 47712K->96K(47616K)] 49627K->2011K(222720K), 0,0004826 secs] [Times: user=0,01 sys=0,00, real=0,00 secs] 
85,264: [GC (Allocation Failure) [PSYoungGen: 47200K->64K(47104K)] 49115K->1979K(222208K), 0,0004762 secs] [Times: user=0,00 sys=0,00, real=0,00 secs] 
85,312: [GC (Allocation Failure) [PSYoungGen: 46656K->96K(46592K)] 48571K->2011K(221696K), 0,0003885 secs] [Times: user=0,00 sys=0,00, real=0,00 secs] 
85,359: [GC (Allocation Failure) [PSYoungGen: 46176K->96K(46080K)] 48091K->2011K(221184K), 0,0003887 secs] [Times: user=0,00 sys=0,00, real=0,00 secs] 
85,405: [GC (Allocation Failure) [PSYoungGen: 45664K->64K(45568K)] 47579K->1979K(220672K), 0,0005007 secs] [Times: user=0,01 sys=0,00, real=0,00 secs] 
85,452: [GC (Allocation Failure) [PSYoungGen: 45120K->96K(45056K)] 47035K->2011K(220160K), 0,0004896 secs] [Times: user=0,00 sys=0,00, real=0,00 secs] 
85,497: [GC (Allocation Failure) [PSYoungGen: 44640K->96K(44544K)] 46555K->2011K(219648K), 0,0003888 secs] [Times: user=0,00 sys=0,00, real=0,00 secs] 
85,542: [GC (Allocation Failure) [PSYoungGen: 44128K->128K(44032K)] 46043K->2043K(219136K), 0,0004011 secs] [Times: user=0,00 sys=0,00, real=0,00 secs] 
85,586: [GC (Allocation Failure) [PSYoungGen: 43648K->32K(43520K)] 45563K->1947K(218624K), 0,0003813 secs] [Times: user=0,00 sys=0,00, real=0,00 secs] 
85,630: [GC (Allocation Failure) [PSYoungGen: 43040K->64K(43008K)] 44955K->1979K(218112K), 0,0003895 secs] [Times: user=0,00 sys=0,00, real=0,00 secs] 
85,673: [GC (Allocation Failure) [PSYoungGen: 42560K->96K(42496K)] 44475K->2011K(217600K), 0,0003767 secs] [Times: user=0,00 sys=0,00, real=0,00 secs] 
85,715: [GC (Allocation Failure) [PSYoungGen: 42080K->64K(41984K)] 43995K->1979K(217088K), 0,0005010 secs] [Times: user=0,01 sys=0,00, real=0,00 secs] 
85,758: [GC (Allocation Failure) [PSYoungGen: 41536K->64K(41472K)] 43451K->1979K(216576K), 0,0004789 secs] [Times: user=0,00 sys=0,00, real=0,00 secs] 
85,800: [GC (Allocation Failure) [PSYoungGen: 41024K->96K(40960K)] 42939K->2011K(216064K), 0,0003902 secs] [Times: user=0,00 sys=0,00, real=0,00 secs] 
85,841: [GC (Allocation Failure) [PSYoungGen: 40544K->96K(40448K)] 42459K->2011K(215552K), 0,0003819 secs] [Times: user=0,00 sys=0,00, real=0,00 secs] 
85,881: [GC (Allocation Failure) [PSYoungGen: 40032K->32K(39936K)] 41947K->1947K(215040K), 0,0003755 secs] [Times: user=0,00 sys=0,00, real=0,00 secs] 
85,921: [GC (Allocation Failure) [PSYoungGen: 39456K->128K(39424K)] 41371K->2043K(214528K), 0,0003743 secs] [Times: user=0,00 sys=0,00, real=0,00 secs] 
85,961: [GC (Allocation Failure) [PSYoungGen: 39040K->96K(38912K)] 40955K->2011K(214016K), 0,0003881 secs] [Times: user=0,00 sys=0,00, real=0,00 secs] 
86,001: [GC (Allocation Failure) [PSYoungGen: 38496K->96K(38400K)] 40411K->2011K(213504K), 0,0004185 secs] [Times: user=0,00 sys=0,00, real=0,01 secs] 
86,039: [GC (Allocation Failure) [PSYoungGen: 37984K->64K(37888K)] 39899K->1979K(212992K), 0,0003766 secs] [Times: user=0,00 sys=0,00, real=0,00 secs] 
86,077: [GC (Allocation Failure) [PSYoungGen: 37440K->96K(37376K)] 39355K->2011K(212480K), 0,0003802 secs] [Times: user=0,00 sys=0,00, real=0,00 secs] 
86,116: [GC (Allocation Failure) [PSYoungGen: 36960K->96K(36864K)] 38875K->2011K(211968K), 0,0004986 secs] [Times: user=0,00 sys=0,00, real=0,00 secs] 
86,154: [GC (Allocation Failure) [PSYoungGen: 36448K->96K(36352K)] 38363K->2011K(211456K), 0,0004384 secs] [Times: user=0,00 sys=0,00, real=0,00 secs] 
86,191: [GC (Allocation Failure) [PSYoungGen: 35936K->96K(43520K)] 37851K->2011K(218624K), 0,0004875 secs] [Times: user=0,00 sys=0,00, real=0,01 secs] 
86,236: [GC (Allocation Failure) [PSYoungGen: 43104K->64K(52224K)] 45019K->1979K(227328K), 0,0004753 secs] [Times: user=0,00 sys=0,00, real=0,00 secs] 
86,288: [GC (Allocation Failure) [PSYoungGen: 51776K->96K(51200K)] 53691K->2011K(226304K), 0,0004774 secs] [Times: user=0,00 sys=0,00, real=0,00 secs] 
86,340: [GC (Allocation Failure) [PSYoungGen: 50784K->64K(50176K)] 52699K->1979K(225280K), 0,0004293 secs] [Times: user=0,00 sys=0,00, real=0,00 secs] 
86,390: [GC (Allocation Failure) [PSYoungGen: 49728K->96K(49152K)] 51643K->2011K(224256K), 0,0004684 secs] [Times: user=0,00 sys=0,00, real=0,00 secs] 
86,439: [GC (Allocation Failure) [PSYoungGen: 48736K->96K(48128K)] 50651K->2011K(223232K), 0,0003699 secs] [Times: user=0,00 sys=0,00, real=0,00 secs] 
86,487: [GC (Allocation Failure) [PSYoungGen: 47712K->96K(47616K)] 49627K->2011K(222720K), 0,0003992 secs] [Times: user=0,00 sys=0,00, real=0,00 secs] 
86,536: [GC (Allocation Failure) [PSYoungGen: 47200K->96K(47104K)] 49115K->2011K(222208K), 0,0005036 secs] [Times: user=0,00 sys=0,00, real=0,00 secs] 
86,584: [GC (Allocation Failure) [PSYoungGen: 46688K->32K(46592K)] 48603K->1947K(221696K), 0,0004666 secs] [Times: user=0,00 sys=0,00, real=0,00 secs] 
86,630: [GC (Allocation Failure) [PSYoungGen: 46112K->32K(46080K)] 48027K->1947K(221184K), 0,0004521 secs] [Times: user=0,00 sys=0,00, real=0,00 secs] 
86,676: [GC (Allocation Failure) [PSYoungGen: 45600K->96K(45568K)] 47515K->2011K(220672K), 0,0003782 secs] [Times: user=0,00 sys=0,00, real=0,00 secs] 
86,721: [GC (Allocation Failure) [PSYoungGen: 45152K->96K(45056K)] 47067K->2011K(220160K), 0,0003753 secs] [Times: user=0,00 sys=0,00, real=0,00 secs] 
86,766: [GC (Allocation Failure) [PSYoungGen: 44640K->32K(44544K)] 46555K->1947K(219648K), 0,0004701 secs] [Times: user=0,00 sys=0,00, real=0,00 secs] 
86,811: [GC (Allocation Failure) [PSYoungGen: 44064K->64K(44032K)] 45979K->1979K(219136K), 0,0003878 secs] [Times: user=0,00 sys=0,00, real=0,01 secs] 
86,855: [GC (Allocation Failure) [PSYoungGen: 43584K->64K(43520K)] 45499K->1979K(218624K), 0,0004802 secs] [Times: user=0,00 sys=0,00, real=0,00 secs] 
86,899: [GC (Allocation Failure) [PSYoungGen: 43072K->96K(43008K)] 44987K->2011K(218112K), 0,0003802 secs] [Times: user=0,00 sys=0,00, real=0,00 secs] 
86,942: [GC (Allocation Failure) [PSYoungGen: 42592K->96K(42496K)] 44507K->2011K(217600K), 0,0004733 secs] [Times: user=0,00 sys=0,00, real=0,00 secs] 
86,986: [GC (Allocation Failure) [PSYoungGen: 42080K->96K(41984K)] 43995K->2011K(217088K), 0,0004295 secs] [Times: user=0,00 sys=0,00, real=0,00 secs] 
87,029: [GC (Allocation Failure) [PSYoungGen: 41568K->64K(41472K)] 43483K->1979K(216576K), 0,0003819 secs] [Times: user=0,00 sys=0,00, real=0,00 secs] 
87,072: [GC (Allocation Failure) [PSYoungGen: 41024K->96K(40960K)] 42939K->2011K(216064K), 0,0003718 secs] [Times: user=0,00 sys=0,00, real=0,00 secs] 
87,113: [GC (Allocation Failure) [PSYoungGen: 40544K->96K(40448K)] 42459K->2011K(215552K), 0,0003909 secs] [Times: user=0,00 sys=0,00, real=0,00 secs] 
87,155: [GC (Allocation Failure) [PSYoungGen: 40032K->32K(39936K)] 41947K->1947K(215040K), 0,0004910 secs] [Times: user=0,00 sys=0,00, real=0,00 secs] 
87,195: [GC (Allocation Failure) [PSYoungGen: 39456K->32K(39424K)] 41371K->1947K(214528K), 0,0004497 secs] [Times: user=0,00 sys=0,00, real=0,00 secs] 
87,234: [GC (Allocation Failure) [PSYoungGen: 38944K->96K(38912K)] 40859K->2011K(214016K), 0,0004140 secs] [Times: user=0,00 sys=0,00, real=0,00 secs] 
87,274: [GC (Allocation Failure) [PSYoungGen: 38496K->96K(38400K)] 40411K->2011K(213504K), 0,0003869 secs] [Times: user=0,00 sys=0,00, real=0,00 secs] 
87,312: [GC (Allocation Failure) [PSYoungGen: 37984K->32K(37888K)] 39899K->1947K(212992K), 0,0003564 secs] [Times: user=0,00 sys=0,00, real=0,00 secs] 
87,350: [GC (Allocation Failure) [PSYoungGen: 37408K->64K(37376K)] 39323K->1979K(212480K), 0,0003615 secs] [Times: user=0,00 sys=0,00, real=0,00 secs] 
87,388: [GC (Allocation Failure) [PSYoungGen: 36928K->96K(36864K)] 38843K->2011K(211968K), 0,0003743 secs] [Times: user=0,00 sys=0,00, real=0,00 secs] 
87,425: [GC (Allocation Failure) [PSYoungGen: 36448K->96K(36352K)] 38363K->2011K(211456K), 0,0003704 secs] [Times: user=0,00 sys=0,00, real=0,00 secs] 
87,462: [GC (Allocation Failure) [PSYoungGen: 35936K->64K(35840K)] 37851K->1979K(210944K), 0,0004736 secs] [Times: user=0,00 sys=0,00, real=0,00 secs] 
87,498: [GC (Allocation Failure) [PSYoungGen: 35392K->96K(35328K)] 37307K->2011K(210432K), 0,0003887 secs] [Times: user=0,01 sys=0,00, real=0,00 secs] 
87,533: [GC (Allocation Failure) [PSYoungGen: 34912K->96K(34816K)] 36827K->2011K(209920K), 0,0003773 secs] [Times: user=0,00 sys=0,00, real=0,00 secs] 
87,568: [GC (Allocation Failure) [PSYoungGen: 34400K->96K(34304K)] 36315K->2011K(209408K), 0,0003778 secs] [Times: user=0,01 sys=0,01, real=0,00 secs] 
87,602: [GC (Allocation Failure) [PSYoungGen: 33888K->64K(33792K)] 35803K->1979K(208896K), 0,0003829 secs] [Times: user=0,00 sys=0,00, real=0,00 secs] 
87,636: [GC (Allocation Failure) [PSYoungGen: 33344K->96K(33280K)] 35259K->2011K(208384K), 0,0003641 secs] [Times: user=0,00 sys=0,00, real=0,00 secs] 
87,669: [GC (Allocation Failure) [PSYoungGen: 32864K->96K(32768K)] 34779K->2011K(207872K), 0,0003669 secs] [Times: user=0,00 sys=0,00, real=0,00 secs] 
87,702: [GC (Allocation Failure) [PSYoungGen: 32352K->64K(39424K)] 34267K->1979K(214528K), 0,0003749 secs] [Times: user=0,00 sys=0,00, real=0,00 secs] 
87,742: [GC (Allocation Failure) [PSYoungGen: 38976K->96K(38912K)] 40891K->2011K(214016K), 0,0004278 secs] [Times: user=0,00 sys=0,00, real=0,00 secs] 
87,781: [GC (Allocation Failure) [PSYoungGen: 38496K->96K(46592K)] 40411K->2011K(221696K), 0,0004900 secs] [Times: user=0,00 sys=0,00, real=0,00 secs] 
87,828: [GC (Allocation Failure) [PSYoungGen: 46176K->64K(46080K)] 48091K->1979K(221184K), 0,0003801 secs] [Times: user=0,00 sys=0,00, real=0,00 secs] 
87,874: [GC (Allocation Failure) [PSYoungGen: 45632K->32K(45568K)] 47547K->1947K(220672K), 0,0004705 secs] [Times: user=0,00 sys=0,00, real=0,00 secs] 
87,920: [GC (Allocation Failure) [PSYoungGen: 45088K->96K(45056K)] 47003K->2011K(220160K), 0,0003769 secs] [Times: user=0,00 sys=0,00, real=0,00 secs] 
87,964: [GC (Allocation Failure) [PSYoungGen: 44640K->96K(44544K)] 46555K->2011K(219648K), 0,0003744 secs] [Times: user=0,00 sys=0,00, real=0,00 secs] 
88,009: [GC (Allocation Failure) [PSYoungGen: 44128K->64K(44032K)] 46043K->1979K(219136K), 0,0004735 secs] [Times: user=0,00 sys=0,00, real=0,00 secs] 
88,054: [GC (Allocation Failure) [PSYoungGen: 43584K->96K(43520K)] 45499K->2011K(218624K), 0,0003980 secs] [Times: user=0,00 sys=0,00, real=0,00 secs] 
88,099: [GC (Allocation Failure) [PSYoungGen: 43104K->32K(43008K)] 45019K->1947K(218112K), 0,0004030 secs] [Times: user=0,00 sys=0,00, real=0,00 secs] 
88,143: [GC (Allocation Failure) [PSYoungGen: 42528K->96K(42496K)] 44443K->2011K(217600K), 0,0005121 secs] [Times: user=0,00 sys=0,00, real=0,00 secs] 
88,186: [GC (Allocation Failure) [PSYoungGen: 42080K->64K(41984K)] 43995K->1979K(217088K), 0,0004936 secs] [Times: user=0,01 sys=0,00, real=0,00 secs] 
88,228: [GC (Allocation Failure) [PSYoungGen: 41536K->64K(41472K)] 43451K->1979K(216576K), 0,0004033 secs] [Times: user=0,00 sys=0,00, real=0,00 secs] 
88,271: [GC (Allocation Failure) [PSYoungGen: 41024K->96K(40960K)] 42939K->2011K(216064K), 0,0004328 secs] [Times: user=0,00 sys=0,00, real=0,01 secs] 
88,312: [GC (Allocation Failure) [PSYoungGen: 40544K->64K(40448K)] 42459K->1979K(215552K), 0,0003850 secs] [Times: user=0,00 sys=0,00, real=0,00 secs] 
88,353: [GC (Allocation Failure) [PSYoungGen: 40000K->96K(39936K)] 41915K->2011K(215040K), 0,0003824 secs] [Times: user=0,00 sys=0,00, real=0,00 secs] 
88,393: [GC (Allocation Failure) [PSYoungGen: 39520K->64K(39424K)] 41435K->1979K(214528K), 0,0003724 secs] [Times: user=0,00 sys=0,00, real=0,00 secs] 
88,432: [GC (Allocation Failure) [PSYoungGen: 38976K->96K(38912K)] 40891K->2011K(214016K), 0,0003772 secs] [Times: user=0,00 sys=0,00, real=0,00 secs] 
88,472: [GC (Allocation Failure) [PSYoungGen: 38496K->96K(38400K)] 40411K->2011K(213504K), 0,0004784 secs] [Times: user=0,00 sys=0,00, real=0,00 secs] 
88,510: [GC (Allocation Failure) [PSYoungGen: 37984K->96K(37888K)] 39899K->2011K(212992K), 0,0003900 secs] [Times: user=0,00 sys=0,00, real=0,00 secs] 
88,548: [GC (Allocation Failure) [PSYoungGen: 37472K->96K(37376K)] 39387K->2011K(212480K), 0,0003742 secs] [Times: user=0,00 sys=0,00, real=0,00 secs] 
88,585: [GC (Allocation Failure) [PSYoungGen: 36960K->96K(36864K)] 38875K->2011K(211968K), 0,0003938 secs] [Times: user=0,00 sys=0,00, real=0,00 secs] 
88,622: [GC (Allocation Failure) [PSYoungGen: 36448K->32K(36352K)] 38363K->1947K(211456K), 0,0003766 secs] [Times: user=0,00 sys=0,00, real=0,00 secs] 
88,659: [GC (Allocation Failure) [PSYoungGen: 35872K->32K(43520K)] 37787K->1947K(218624K), 0,0006211 secs] [Times: user=0,00 sys=0,00, real=0,00 secs] 
88,705: [GC (Allocation Failure) [PSYoungGen: 43040K->64K(52224K)] 44955K->1979K(227328K), 0,0004042 secs] [Times: user=0,00 sys=0,00, real=0,00 secs] 
88,758: [GC (Allocation Failure) [PSYoungGen: 51776K->96K(51200K)] 53691K->2011K(226304K), 0,0003931 secs] [Times: user=0,00 sys=0,00, real=0,00 secs] 
88,809: [GC (Allocation Failure) [PSYoungGen: 50784K->64K(50176K)] 52699K->1979K(225280K), 0,0004628 secs] [Times: user=0,00 sys=0,00, real=0,00 secs] 
88,860: [GC (Allocation Failure) [PSYoungGen: 49728K->64K(49152K)] 51643K->1979K(224256K), 0,0004646 secs] [Times: user=0,00 sys=0,00, real=0,00 secs] 
88,909: [GC (Allocation Failure) [PSYoungGen: 48704K->96K(48128K)] 50619K->2011K(223232K), 0,0003844 secs] [Times: user=0,00 sys=0,00, real=0,00 secs] 
88,957: [GC (Allocation Failure) [PSYoungGen: 47712K->96K(47616K)] 49627K->2011K(222720K), 0,0004514 secs] [Times: user=0,00 sys=0,00, real=0,00 secs] 
89,004: [GC (Allocation Failure) [PSYoungGen: 47200K->0K(47104K)] 49115K->1915K(222208K), 0,0005137 secs] [Times: user=0,00 sys=0,00, real=0,00 secs] 
89,052: [GC (Allocation Failure) [PSYoungGen: 46592K->64K(46592K)] 48507K->1979K(221696K), 0,0004807 secs] [Times: user=0,00 sys=0,00, real=0,00 secs] 
89,098: [GC (Allocation Failure) [PSYoungGen: 46144K->96K(46080K)] 48059K->2011K(221184K), 0,0003697 secs] [Times: user=0,00 sys=0,00, real=0,00 secs] 
89,145: [GC (Allocation Failure) [PSYoungGen: 45664K->96K(55296K)] 47579K->2011K(230400K), 0,0007686 secs] [Times: user=0,00 sys=0,00, real=0,00 secs] 
89,201: [GC (Allocation Failure) [PSYoungGen: 54880K->96K(54272K)] 56795K->2011K(229376K), 0,0004918 secs] [Times: user=0,00 sys=0,00, real=0,00 secs] 
89,255: [GC (Allocation Failure) [PSYoungGen: 53856K->96K(53248K)] 55771K->2011K(228352K), 0,0004762 secs] [Times: user=0,00 sys=0,00, real=0,00 secs] 
89,308: [GC (Allocation Failure) [PSYoungGen: 52832K->96K(52224K)] 54747K->2011K(227328K), 0,0004728 secs] [Times: user=0,00 sys=0,00, real=0,00 secs] 
89,361: [GC (Allocation Failure) [PSYoungGen: 51808K->32K(51200K)] 53723K->1947K(226304K), 0,0004874 secs] [Times: user=0,00 sys=0,00, real=0,01 secs] 
89,412: [GC (Allocation Failure) [PSYoungGen: 50720K->64K(50176K)] 52635K->1979K(225280K), 0,0004761 secs] [Times: user=0,00 sys=0,00, real=0,00 secs] 
89,462: [GC (Allocation Failure) [PSYoungGen: 49728K->64K(49152K)] 51643K->1979K(224256K), 0,0004602 secs] [Times: user=0,00 sys=0,00, real=0,00 secs] 
89,511: [GC (Allocation Failure) [PSYoungGen: 48704K->64K(48128K)] 50619K->1979K(223232K), 0,0004902 secs] [Times: user=0,00 sys=0,00, real=0,00 secs] 
89,559: [GC (Allocation Failure) [PSYoungGen: 47680K->32K(47616K)] 49595K->1947K(222720K), 0,0004835 secs] [Times: user=0,00 sys=0,00, real=0,00 secs] 
89,607: [GC (Allocation Failure) [PSYoungGen: 47136K->96K(47104K)] 49051K->2011K(222208K), 0,0003981 secs] [Times: user=0,00 sys=0,00, real=0,00 secs] 
89,654: [GC (Allocation Failure) [PSYoungGen: 46688K->64K(46592K)] 48603K->1979K(221696K), 0,0005100 secs] [Times: user=0,00 sys=0,00, real=0,00 secs] 
89,701: [GC (Allocation Failure) [PSYoungGen: 46144K->96K(46080K)] 48059K->2011K(221184K), 0,0003890 secs] [Times: user=0,00 sys=0,00, real=0,00 secs] 
89,747: [GC (Allocation Failure) [PSYoungGen: 45664K->96K(45568K)] 47579K->2011K(220672K), 0,0003905 secs] [Times: user=0,00 sys=0,00, real=0,00 secs] 
89,792: [GC (Allocation Failure) [PSYoungGen: 45152K->64K(45056K)] 47067K->1979K(220160K), 0,0003781 secs] [Times: user=0,00 sys=0,00, real=0,00 secs] 
89,838: [GC (Allocation Failure) [PSYoungGen: 44607K->96K(44544K)] 46523K->2011K(219648K), 0,0003920 secs] [Times: user=0,00 sys=0,00, real=0,00 secs] 
89,882: [GC (Allocation Failure) [PSYoungGen: 44128K->96K(44032K)] 46043K->2011K(219136K), 0,0003844 secs] [Times: user=0,00 sys=0,00, real=0,00 secs] 
89,926: [GC (Allocation Failure) [PSYoungGen: 43616K->96K(43520K)] 45531K->2011K(218624K), 0,0003806 secs] [Times: user=0,00 sys=0,00, real=0,00 secs] 
89,970: [GC (Allocation Failure) [PSYoungGen: 43104K->96K(43008K)] 45019K->2011K(218112K), 0,0004751 secs] [Times: user=0,00 sys=0,00, real=0,00 secs] 
90,014: [GC (Allocation Failure) [PSYoungGen: 42592K->64K(42496K)] 44507K->1979K(217600K), 0,0004723 secs] [Times: user=0,00 sys=0,00, real=0,00 secs] 
90,057: [GC (Allocation Failure) [PSYoungGen: 42048K->96K(41984K)] 43963K->2011K(217088K), 0,0004159 secs] [Times: user=0,00 sys=0,00, real=0,00 secs] 
90,101: [GC (Allocation Failure) [PSYoungGen: 41568K->96K(41472K)] 43483K->2011K(216576K), 0,0003772 secs] [Times: user=0,00 sys=0,00, real=0,00 secs] 
90,143: [GC (Allocation Failure) [PSYoungGen: 41056K->96K(40960K)] 42971K->2011K(216064K), 0,0005100 secs] [Times: user=0,00 sys=0,00, real=0,00 secs] 
90,185: [GC (Allocation Failure) [PSYoungGen: 40544K->96K(40448K)] 42459K->2011K(215552K), 0,0005059 secs] [Times: user=0,01 sys=0,00, real=0,00 secs] 
90,226: [GC (Allocation Failure) [PSYoungGen: 40032K->96K(39936K)] 41947K->2011K(215040K), 0,0003894 secs] [Times: user=0,00 sys=0,00, real=0,00 secs] 
90,266: [GC (Allocation Failure) [PSYoungGen: 39520K->96K(39424K)] 41435K->2011K(214528K), 0,0003805 secs] [Times: user=0,00 sys=0,00, real=0,00 secs] 
90,305: [GC (Allocation Failure) [PSYoungGen: 39008K->96K(38912K)] 40923K->2011K(214016K), 0,0004096 secs] [Times: user=0,01 sys=0,00, real=0,00 secs] 
90,346: [GC (Allocation Failure) [PSYoungGen: 38496K->96K(38400K)] 40411K->2011K(213504K), 0,0003925 secs] [Times: user=0,00 sys=0,00, real=0,00 secs] 
90,385: [GC (Allocation Failure) [PSYoungGen: 37984K->96K(37888K)] 39899K->2035K(212992K), 0,0004048 secs] [Times: user=0,00 sys=0,00, real=0,00 secs] 
90,423: [GC (Allocation Failure) [PSYoungGen: 37472K->96K(37376K)] 39411K->2035K(212480K), 0,0004875 secs] [Times: user=0,00 sys=0,00, real=0,00 secs] 
90,462: [GC (Allocation Failure) [PSYoungGen: 36960K->96K(45056K)] 38899K->2035K(220160K), 0,0004925 secs] [Times: user=0,00 sys=0,00, real=0,00 secs] 
90,507: [GC (Allocation Failure) [PSYoungGen: 44640K->96K(44544K)] 46579K->2035K(219648K), 0,0004124 secs] [Times: user=0,00 sys=0,00, real=0,00 secs] 
90,552: [GC (Allocation Failure) [PSYoungGen: 44128K->64K(44032K)] 46067K->2003K(219136K), 0,0004462 secs] [Times: user=0,00 sys=0,00, real=0,00 secs] 
90,597: [GC (Allocation Failure) [PSYoungGen: 43584K->96K(43520K)] 45523K->2035K(218624K), 0,0003823 secs] [Times: user=0,00 sys=0,00, real=0,00 secs] 
90,641: [GC (Allocation Failure) [PSYoungGen: 43104K->96K(43008K)] 45043K->2035K(218112K), 0,0004000 secs] [Times: user=0,00 sys=0,00, real=0,00 secs] 
90,684: [GC (Allocation Failure) [PSYoungGen: 42592K->96K(42496K)] 44531K->2035K(217600K), 0,0003738 secs] [Times: user=0,00 sys=0,00, real=0,00 secs] 
90,726: [GC (Allocation Failure) [PSYoungGen: 42080K->64K(51200K)] 44019K->2003K(226304K), 0,0007404 secs] [Times: user=0,00 sys=0,00, real=0,00 secs] 
90,778: [GC (Allocation Failure) [PSYoungGen: 50752K->96K(61440K)] 52691K->2035K(236544K), 0,0005077 secs] [Times: user=0,00 sys=0,00, real=0,00 secs] 
90,841: [GC (Allocation Failure) [PSYoungGen: 61024K->96K(60416K)] 62963K->2035K(235520K), 0,0004638 secs] [Times: user=0,00 sys=0,00, real=0,01 secs] 
90,903: [GC (Allocation Failure) [PSYoungGen: 60000K->96K(59392K)] 61939K->2035K(234496K), 0,0004902 secs] [Times: user=0,00 sys=0,00, real=0,00 secs] 
90,963: [GC (Allocation Failure) [PSYoungGen: 58976K->64K(58368K)] 60915K->2003K(233472K), 0,0004764 secs] [Times: user=0,00 sys=0,00, real=0,00 secs] 
91,021: [GC (Allocation Failure) [PSYoungGen: 57920K->96K(57344K)] 59859K->2035K(232448K), 0,0005030 secs] [Times: user=0,00 sys=0,00, real=0,00 secs] 
91,079: [GC (Allocation Failure) [PSYoungGen: 56928K->96K(56320K)] 58867K->2035K(231424K), 0,0004924 secs] [Times: user=0,00 sys=0,00, real=0,00 secs] 
91,138: [GC (Allocation Failure) [PSYoungGen: 55904K->96K(55296K)] 57843K->2035K(230400K), 0,0005015 secs] [Times: user=0,00 sys=0,00, real=0,00 secs] 
91,194: [GC (Allocation Failure) [PSYoungGen: 54880K->32K(54272K)] 56819K->1971K(229376K), 0,0004920 secs] [Times: user=0,00 sys=0,00, real=0,00 secs] 
91,248: [GC (Allocation Failure) [PSYoungGen: 53792K->64K(53248K)] 55731K->2003K(228352K), 0,0004711 secs] [Times: user=0,00 sys=0,00, real=0,00 secs] 
91,301: [GC (Allocation Failure) [PSYoungGen: 52800K->96K(52224K)] 54739K->2035K(227328K), 0,0006394 secs] [Times: user=0,00 sys=0,00, real=0,00 secs] 
91,358: [GC (Allocation Failure) [PSYoungGen: 51808K->96K(51200K)] 53747K->2035K(226304K), 0,0004581 secs] [Times: user=0,00 sys=0,00, real=0,00 secs] 
91,409: [GC (Allocation Failure) [PSYoungGen: 50784K->64K(50176K)] 52723K->2003K(225280K), 0,0004770 secs] [Times: user=0,00 sys=0,00, real=0,00 secs] 
91,459: [GC (Allocation Failure) [PSYoungGen: 49728K->96K(49152K)] 51667K->2035K(224256K), 0,0004911 secs] [Times: user=0,00 sys=0,00, real=0,00 secs] 
91,508: [GC (Allocation Failure) [PSYoungGen: 48736K->96K(48128K)] 50675K->2035K(223232K), 0,0004855 secs] [Times: user=0,00 sys=0,00, real=0,00 secs] 
91,557: [GC (Allocation Failure) [PSYoungGen: 47712K->32K(47616K)] 49651K->1971K(222720K), 0,0004792 secs] [Times: user=0,00 sys=0,00, real=0,00 secs] 
91,605: [GC (Allocation Failure) [PSYoungGen: 47136K->64K(47104K)] 49075K->2003K(222208K), 0,0004655 secs] [Times: user=0,00 sys=0,00, real=0,00 secs] 
91,653: [GC (Allocation Failure) [PSYoungGen: 46656K->96K(46592K)] 48595K->2035K(221696K), 0,0004271 secs] [Times: user=0,00 sys=0,00, real=0,00 secs] 
91,704: [GC (Allocation Failure) [PSYoungGen: 46176K->64K(46080K)] 48115K->2003K(221184K), 0,0004046 secs] [Times: user=0,00 sys=0,00, real=0,00 secs] 
91,751: [GC (Allocation Failure) [PSYoungGen: 45632K->96K(45568K)] 47571K->2035K(220672K), 0,0003879 secs] [Times: user=0,00 sys=0,00, real=0,00 secs] 
91,797: [GC (Allocation Failure) [PSYoungGen: 45152K->96K(45056K)] 47091K->2035K(220160K), 0,0004927 secs] [Times: user=0,00 sys=0,01, real=0,00 secs] 
91,842: [GC (Allocation Failure) [PSYoungGen: 44640K->96K(44544K)] 46579K->2035K(219648K), 0,0003713 secs] [Times: user=0,00 sys=0,00, real=0,00 secs] 
91,887: [GC (Allocation Failure) [PSYoungGen: 44128K->96K(44032K)] 46067K->2035K(219136K), 0,0003860 secs] [Times: user=0,00 sys=0,00, real=0,00 secs] 
91,931: [GC (Allocation Failure) [PSYoungGen: 43616K->96K(43520K)] 45555K->2035K(218624K), 0,0003806 secs] [Times: user=0,00 sys=0,00, real=0,01 secs] 
91,974: [GC (Allocation Failure) [PSYoungGen: 43104K->32K(43008K)] 45043K->1971K(218112K), 0,0004825 secs] [Times: user=0,00 sys=0,00, real=0,00 secs] 
92,018: [GC (Allocation Failure) [PSYoungGen: 42528K->96K(42496K)] 44467K->2035K(217600K), 0,0004001 secs] [Times: user=0,00 sys=0,00, real=0,00 secs] 
92,060: [GC (Allocation Failure) [PSYoungGen: 42080K->96K(41984K)] 44019K->2035K(217088K), 0,0003817 secs] [Times: user=0,00 sys=0,00, real=0,00 secs] 
92,102: [GC (Allocation Failure) [PSYoungGen: 41568K->96K(41472K)] 43507K->2035K(216576K), 0,0003621 secs] [Times: user=0,01 sys=0,00, real=0,00 secs] 
92,145: [GC (Allocation Failure) [PSYoungGen: 41056K->64K(49664K)] 42995K->2003K(224768K), 0,0010029 secs] [Times: user=0,00 sys=0,00, real=0,00 secs] 
92,196: [GC (Allocation Failure) [PSYoungGen: 49216K->64K(59904K)] 51155K->2003K(235008K), 0,0005086 secs] [Times: user=0,00 sys=0,00, real=0,00 secs] 
92,257: [GC (Allocation Failure) [PSYoungGen: 59456K->96K(58880K)] 61395K->2035K(233984K), 0,0004813 secs] [Times: user=0,00 sys=0,00, real=0,00 secs] 
92,316: [GC (Allocation Failure) [PSYoungGen: 58464K->96K(57856K)] 60403K->2035K(232960K), 0,0004775 secs] [Times: user=0,00 sys=0,00, real=0,00 secs] 
92,374: [GC (Allocation Failure) [PSYoungGen: 57440K->96K(56832K)] 59379K->2035K(231936K), 0,0004878 secs] [Times: user=0,00 sys=0,00, real=0,00 secs] 
92,431: [GC (Allocation Failure) [PSYoungGen: 56416K->96K(55808K)] 58355K->2035K(230912K), 0,0004705 secs] [Times: user=0,00 sys=0,00, real=0,00 secs] 
92,487: [GC (Allocation Failure) [PSYoungGen: 55392K->96K(54784K)] 57331K->2035K(229888K), 0,0003900 secs] [Times: user=0,00 sys=0,00, real=0,00 secs] 
92,543: [GC (Allocation Failure) [PSYoungGen: 54368K->64K(53760K)] 56307K->2003K(228864K), 0,0005080 secs] [Times: user=0,00 sys=0,00, real=0,00 secs] 
92,597: [GC (Allocation Failure) [PSYoungGen: 53312K->64K(52736K)] 55251K->2003K(227840K), 0,0004838 secs] [Times: user=0,00 sys=0,00, real=0,00 secs] 
92,650: [GC (Allocation Failure) [PSYoungGen: 52288K->96K(51712K)] 54227K->2035K(226816K), 0,0004732 secs] [Times: user=0,00 sys=0,00, real=0,00 secs] 
92,702: [GC (Allocation Failure) [PSYoungGen: 51296K->96K(50688K)] 53235K->2035K(225792K), 0,0004850 secs] [Times: user=0,00 sys=0,00, real=0,00 secs] 
92,754: [GC (Allocation Failure) [PSYoungGen: 50272K->96K(49664K)] 52211K->2035K(224768K), 0,0004703 secs] [Times: user=0,00 sys=0,00, real=0,00 secs] 
92,803: [GC (Allocation Failure) [PSYoungGen: 49248K->96K(48640K)] 51187K->2035K(223744K), 0,0004781 secs] [Times: user=0,00 sys=0,00, real=0,00 secs] 
92,852: [GC (Allocation Failure) [PSYoungGen: 48224K->32K(48128K)] 50163K->1971K(223232K), 0,0004444 secs] [Times: user=0,00 sys=0,00, real=0,00 secs] 
92,901: [GC (Allocation Failure) [PSYoungGen: 47648K->96K(47616K)] 49587K->2035K(222720K), 0,0003714 secs] [Times: user=0,00 sys=0,00, real=0,01 secs] 
92,949: [GC (Allocation Failure) [PSYoungGen: 47200K->96K(47104K)] 49139K->2035K(222208K), 0,0004963 secs] [Times: user=0,00 sys=0,00, real=0,00 secs] 
92,996: [GC (Allocation Failure) [PSYoungGen: 46688K->96K(46592K)] 48627K->2035K(221696K), 0,0004731 secs] [Times: user=0,00 sys=0,00, real=0,00 secs] 
93,043: [GC (Allocation Failure) [PSYoungGen: 46176K->64K(46080K)] 48115K->2003K(221184K), 0,0004790 secs] [Times: user=0,00 sys=0,00, real=0,00 secs] 
93,090: [GC (Allocation Failure) [PSYoungGen: 45632K->96K(45568K)] 47571K->2035K(220672K), 0,0004267 secs] [Times: user=0,00 sys=0,00, real=0,01 secs] 
93,137: [GC (Allocation Failure) [PSYoungGen: 45152K->64K(45056K)] 47091K->2003K(220160K), 0,0004816 secs] [Times: user=0,01 sys=0,00, real=0,00 secs] 
93,185: [GC (Allocation Failure) [PSYoungGen: 44608K->32K(44544K)] 46547K->1971K(219648K), 0,0005208 secs] [Times: user=0,00 sys=0,00, real=0,00 secs] 
93,230: [GC (Allocation Failure) [PSYoungGen: 44064K->96K(44032K)] 46003K->2035K(219136K), 0,0004079 secs] [Times: user=0,00 sys=0,00, real=0,00 secs] 
93,275: [GC (Allocation Failure) [PSYoungGen: 43616K->96K(43520K)] 45555K->2035K(218624K), 0,0004641 secs] [Times: user=0,00 sys=0,00, real=0,00 secs] 
93,320: [GC (Allocation Failure) [PSYoungGen: 43104K->64K(43008K)] 45043K->2003K(218112K), 0,0003821 secs] [Times: user=0,00 sys=0,00, real=0,00 secs] 
93,363: [GC (Allocation Failure) [PSYoungGen: 42560K->32K(42496K)] 44499K->1971K(217600K), 0,0003770 secs] [Times: user=0,00 sys=0,00, real=0,00 secs] 
93,406: [GC (Allocation Failure) [PSYoungGen: 42016K->64K(41984K)] 43955K->2003K(217088K), 0,0004871 secs] [Times: user=0,01 sys=0,00, real=0,00 secs] 
93,448: [GC (Allocation Failure) [PSYoungGen: 41536K->64K(41472K)] 43475K->2003K(216576K), 0,0003953 secs] [Times: user=0,00 sys=0,00, real=0,00 secs] 
93,489: [GC (Allocation Failure) [PSYoungGen: 41024K->96K(40960K)] 42963K->2035K(216064K), 0,0003954 secs] [Times: user=0,00 sys=0,00, real=0,00 secs] 
93,531: [GC (Allocation Failure) [PSYoungGen: 40544K->96K(40448K)] 42483K->2035K(215552K), 0,0004811 secs] [Times: user=0,00 sys=0,00, real=0,01 secs] 
93,572: [GC (Allocation Failure) [PSYoungGen: 40032K->96K(39936K)] 41971K->2035K(215040K), 0,0004074 secs] [Times: user=0,00 sys=0,00, real=0,00 secs] 
93,612: [GC (Allocation Failure) [PSYoungGen: 39520K->96K(39424K)] 41459K->2035K(214528K), 0,0003890 secs] [Times: user=0,00 sys=0,00, real=0,00 secs] 
93,651: [GC (Allocation Failure) [PSYoungGen: 39008K->32K(38912K)] 40947K->1971K(214016K), 0,0004050 secs] [Times: user=0,00 sys=0,00, real=0,00 secs] 
93,691: [GC (Allocation Failure) [PSYoungGen: 38432K->96K(38400K)] 40371K->2035K(213504K), 0,0004132 secs] [Times: user=0,00 sys=0,00, real=0,01 secs] 
93,729: [GC (Allocation Failure) [PSYoungGen: 37984K->96K(37888K)] 39923K->2035K(212992K), 0,0003763 secs] [Times: user=0,00 sys=0,00, real=0,00 secs] 
93,767: [GC (Allocation Failure) [PSYoungGen: 37472K->96K(37376K)] 39411K->2035K(212480K), 0,0003735 secs] [Times: user=0,00 sys=0,00, real=0,00 secs] 
93,804: [GC (Allocation Failure) [PSYoungGen: 36960K->96K(36864K)] 38899K->2035K(211968K), 0,0003933 secs] [Times: user=0,00 sys=0,00, real=0,00 secs] 
93,841: [GC (Allocation Failure) [PSYoungGen: 36448K->64K(36352K)] 38387K->2003K(211456K), 0,0003770 secs] [Times: user=0,00 sys=0,00, real=0,00 secs] 
93,877: [GC (Allocation Failure) [PSYoungGen: 35904K->96K(35840K)] 37843K->2035K(210944K), 0,0003705 secs] [Times: user=0,00 sys=0,01, real=0,00 secs] 
93,913: [GC (Allocation Failure) [PSYoungGen: 35424K->96K(35328K)] 37363K->2035K(210432K), 0,0003558 secs] [Times: user=0,00 sys=0,00, real=0,00 secs] 
93,948: [GC (Allocation Failure) [PSYoungGen: 34912K->96K(34816K)] 36851K->2035K(209920K), 0,0003621 secs] [Times: user=0,00 sys=0,00, real=0,00 secs] 
93,983: [GC (Allocation Failure) [PSYoungGen: 34400K->96K(34304K)] 36339K->2035K(209408K), 0,0003690 secs] [Times: user=0,00 sys=0,00, real=0,00 secs] 
94,018: [GC (Allocation Failure) [PSYoungGen: 33888K->64K(41472K)] 35827K->2003K(216576K), 0,0004799 secs] [Times: user=0,00 sys=0,00, real=0,00 secs] 
94,059: [GC (Allocation Failure) [PSYoungGen: 41024K->32K(49664K)] 42963K->1971K(224768K), 0,0004894 secs] [Times: user=0,00 sys=0,00, real=0,00 secs] 
94,109: [GC (Allocation Failure) [PSYoungGen: 49184K->96K(48640K)] 51123K->2035K(223744K), 0,0003998 secs] [Times: user=0,00 sys=0,00, real=0,00 secs] 
94,162: [GC (Allocation Failure) [PSYoungGen: 48224K->32K(58368K)] 50163K->1971K(233472K), 0,0009394 secs] [Times: user=0,00 sys=0,00, real=0,00 secs] 
94,223: [GC (Allocation Failure) [PSYoungGen: 57888K->96K(70144K)] 59827K->2035K(245248K), 0,0005092 secs] [Times: user=0,01 sys=0,00, real=0,00 secs] 
94,295: [GC (Allocation Failure) [PSYoungGen: 69728K->96K(68608K)] 71667K->2035K(243712K), 0,0005377 secs] [Times: user=0,00 sys=0,00, real=0,00 secs] 
94,366: [GC (Allocation Failure) [PSYoungGen: 68192K->96K(67072K)] 70131K->2035K(242176K), 0,0004884 secs] [Times: user=0,00 sys=0,00, real=0,00 secs] 
94,435: [GC (Allocation Failure) [PSYoungGen: 66656K->64K(65536K)] 68595K->2003K(240640K), 0,0004868 secs] [Times: user=0,00 sys=0,00, real=0,00 secs] 
94,503: [GC (Allocation Failure) [PSYoungGen: 65088K->96K(64000K)] 67027K->2035K(239104K), 0,0004996 secs] [Times: user=0,00 sys=0,00, real=0,00 secs] 
94,569: [GC (Allocation Failure) [PSYoungGen: 63584K->96K(62464K)] 65523K->2035K(237568K), 0,0004931 secs] [Times: user=0,00 sys=0,00, real=0,00 secs] 
94,633: [GC (Allocation Failure) [PSYoungGen: 62048K->64K(61440K)] 63987K->2003K(236544K), 0,0005236 secs] [Times: user=0,00 sys=0,00, real=0,00 secs] 
94,696: [GC (Allocation Failure) [PSYoungGen: 60992K->96K(60416K)] 62931K->2035K(235520K), 0,0004848 secs] [Times: user=0,00 sys=0,00, real=0,00 secs] 
94,759: [GC (Allocation Failure) [PSYoungGen: 60000K->64K(59392K)] 61939K->2003K(234496K), 0,0004940 secs] [Times: user=0,00 sys=0,00, real=0,00 secs] 
94,820: [GC (Allocation Failure) [PSYoungGen: 58944K->96K(58368K)] 60883K->2035K(233472K), 0,0005319 secs] [Times: user=0,00 sys=0,00, real=0,00 secs] 
94,880: [GC (Allocation Failure) [PSYoungGen: 57952K->96K(57344K)] 59891K->2035K(232448K), 0,0004855 secs] [Times: user=0,00 sys=0,00, real=0,00 secs] 
94,939: [GC (Allocation Failure) [PSYoungGen: 56928K->96K(56320K)] 58867K->2035K(231424K), 0,0004756 secs] [Times: user=0,00 sys=0,00, real=0,00 secs] 
94,998: [GC (Allocation Failure) [PSYoungGen: 55904K->64K(55296K)] 57843K->2003K(230400K), 0,0004861 secs] [Times: user=0,00 sys=0,00, real=0,00 secs] 
95,055: [GC (Allocation Failure) [PSYoungGen: 54848K->64K(54272K)] 56787K->2003K(229376K), 0,0005047 secs] [Times: user=0,00 sys=0,00, real=0,00 secs] 
95,111: [GC (Allocation Failure) [PSYoungGen: 53824K->96K(53248K)] 55763K->2035K(228352K), 0,0004758 secs] [Times: user=0,00 sys=0,00, real=0,01 secs] 
95,167: [GC (Allocation Failure) [PSYoungGen: 52832K->32K(52224K)] 54771K->1971K(227328K), 0,0005080 secs] [Times: user=0,00 sys=0,00, real=0,00 secs] 
95,221: [GC (Allocation Failure) [PSYoungGen: 51744K->64K(51200K)] 53683K->2003K(226304K), 0,0005144 secs] [Times: user=0,00 sys=0,00, real=0,01 secs] 
95,273: [GC (Allocation Failure) [PSYoungGen: 50752K->64K(50176K)] 52691K->2003K(225280K), 0,0004907 secs] [Times: user=0,00 sys=0,00, real=0,00 secs] 
95,325: [GC (Allocation Failure) [PSYoungGen: 49728K->96K(49152K)] 51667K->2035K(224256K), 0,0004712 secs] [Times: user=0,00 sys=0,00, real=0,00 secs] 
95,375: [GC (Allocation Failure) [PSYoungGen: 48736K->64K(48128K)] 50675K->2003K(223232K), 0,0004746 secs] [Times: user=0,00 sys=0,00, real=0,00 secs] 
95,425: [GC (Allocation Failure) [PSYoungGen: 47680K->96K(47616K)] 49619K->2035K(222720K), 0,0003887 secs] [Times: user=0,00 sys=0,00, real=0,00 secs] 
95,473: [GC (Allocation Failure) [PSYoungGen: 47200K->96K(47104K)] 49139K->2035K(222208K), 0,0003984 secs] [Times: user=0,00 sys=0,00, real=0,00 secs] 
95,522: [GC (Allocation Failure) [PSYoungGen: 46688K->64K(46592K)] 48627K->2003K(221696K), 0,0004712 secs] [Times: user=0,00 sys=0,00, real=0,00 secs] 
95,570: [GC (Allocation Failure) [PSYoungGen: 46144K->64K(46080K)] 48083K->2003K(221184K), 0,0004854 secs] [Times: user=0,00 sys=0,00, real=0,01 secs] 
95,618: [GC (Allocation Failure) [PSYoungGen: 45632K->128K(45568K)] 47571K->2067K(220672K), 0,0003830 secs] [Times: user=0,01 sys=0,00, real=0,00 secs] 
95,664: [GC (Allocation Failure) [PSYoungGen: 45184K->96K(45056K)] 47123K->2035K(220160K), 0,0004283 secs] [Times: user=0,00 sys=0,00, real=0,00 secs] 
95,710: [GC (Allocation Failure) [PSYoungGen: 44640K->32K(44544K)] 46579K->1971K(219648K), 0,0003770 secs] [Times: user=0,00 sys=0,00, real=0,01 secs] 
95,756: [GC (Allocation Failure) [PSYoungGen: 44064K->96K(44032K)] 46003K->2035K(219136K), 0,0003972 secs] [Times: user=0,00 sys=0,00, real=0,00 secs] 
95,801: [GC (Allocation Failure) [PSYoungGen: 43616K->96K(43520K)] 45555K->2035K(218624K), 0,0004047 secs] [Times: user=0,00 sys=0,00, real=0,00 secs] 
95,846: [GC (Allocation Failure) [PSYoungGen: 43104K->96K(43008K)] 45043K->2035K(218112K), 0,0003903 secs] [Times: user=0,00 sys=0,00, real=0,00 secs] 
95,890: [GC (Allocation Failure) [PSYoungGen: 42592K->96K(42496K)] 44531K->2035K(217600K), 0,0003730 secs] [Times: user=0,00 sys=0,00, real=0,00 secs] 
95,933: [GC (Allocation Failure) [PSYoungGen: 42080K->96K(41984K)] 44019K->2035K(217088K), 0,0003878 secs] [Times: user=0,00 sys=0,00, real=0,00 secs] 
95,977: [GC (Allocation Failure) [PSYoungGen: 41568K->96K(41472K)] 43507K->2035K(216576K), 0,0005091 secs] [Times: user=0,00 sys=0,00, real=0,00 secs] 
96,020: [GC (Allocation Failure) [PSYoungGen: 41056K->64K(40960K)] 42995K->2003K(216064K), 0,0005053 secs] [Times: user=0,00 sys=0,00, real=0,00 secs] 
96,062: [GC (Allocation Failure) [PSYoungGen: 40512K->64K(40448K)] 42451K->2003K(215552K), 0,0003986 secs] [Times: user=0,00 sys=0,00, real=0,00 secs] 
96,104: [GC (Allocation Failure) [PSYoungGen: 40000K->96K(39936K)] 41939K->2035K(215040K), 0,0005104 secs] [Times: user=0,00 sys=0,00, real=0,00 secs] 
96,146: [GC (Allocation Failure) [PSYoungGen: 39520K->96K(48128K)] 41459K->2035K(223232K), 0,0005684 secs] [Times: user=0,00 sys=0,00, real=0,00 secs] 
96,196: [GC (Allocation Failure) [PSYoungGen: 47712K->96K(47616K)] 49651K->2035K(222720K), 0,0005123 secs] [Times: user=0,00 sys=0,00, real=0,00 secs] 
96,245: [GC (Allocation Failure) [PSYoungGen: 47200K->64K(47104K)] 49139K->2003K(222208K), 0,0003955 secs] [Times: user=0,00 sys=0,00, real=0,00 secs] 
96,294: [GC (Allocation Failure) [PSYoungGen: 46656K->96K(46592K)] 48595K->2035K(221696K), 0,0004328 secs] [Times: user=0,00 sys=0,00, real=0,00 secs] 
96,341: [GC (Allocation Failure) [PSYoungGen: 46176K->96K(46080K)] 48115K->2035K(221184K), 0,0004290 secs] [Times: user=0,00 sys=0,00, real=0,00 secs] 
96,389: [GC (Allocation Failure) [PSYoungGen: 45664K->64K(45568K)] 47603K->2003K(220672K), 0,0005622 secs] [Times: user=0,00 sys=0,00, real=0,00 secs] 
96,436: [GC (Allocation Failure) [PSYoungGen: 45120K->96K(45056K)] 47059K->2035K(220160K), 0,0004004 secs] [Times: user=0,00 sys=0,00, real=0,00 secs] 
96,482: [GC (Allocation Failure) [PSYoungGen: 44640K->96K(44544K)] 46579K->2035K(219648K), 0,0003939 secs] [Times: user=0,00 sys=0,00, real=0,00 secs] 
96,528: [GC (Allocation Failure) [PSYoungGen: 44128K->64K(44032K)] 46067K->2003K(219136K), 0,0004919 secs] [Times: user=0,00 sys=0,00, real=0,00 secs] 
96,573: [GC (Allocation Failure) [PSYoungGen: 43584K->96K(43520K)] 45523K->2035K(218624K), 0,0004189 secs] [Times: user=0,01 sys=0,00, real=0,00 secs] 
96,618: [GC (Allocation Failure) [PSYoungGen: 43104K->64K(43008K)] 45043K->2003K(218112K), 0,0004775 secs] [Times: user=0,00 sys=0,00, real=0,00 secs] 
96,662: [GC (Allocation Failure) [PSYoungGen: 42560K->96K(42496K)] 44499K->2035K(217600K), 0,0003920 secs] [Times: user=0,00 sys=0,00, real=0,00 secs] 
96,706: [GC (Allocation Failure) [PSYoungGen: 42080K->96K(41984K)] 44019K->2035K(217088K), 0,0004021 secs] [Times: user=0,00 sys=0,00, real=0,00 secs] 
96,749: [GC (Allocation Failure) [PSYoungGen: 41568K->96K(41472K)] 43507K->2035K(216576K), 0,0003907 secs] [Times: user=0,00 sys=0,00, real=0,00 secs] 
96,791: [GC (Allocation Failure) [PSYoungGen: 41056K->64K(40960K)] 42995K->2003K(216064K), 0,0005463 secs] [Times: user=0,00 sys=0,00, real=0,00 secs] 
96,833: [GC (Allocation Failure) [PSYoungGen: 40512K->96K(40448K)] 42451K->2035K(215552K), 0,0004737 secs] [Times: user=0,00 sys=0,00, real=0,00 secs] 
96,875: [GC (Allocation Failure) [PSYoungGen: 40032K->64K(39936K)] 41971K->2003K(215040K), 0,0004018 secs] [Times: user=0,00 sys=0,00, real=0,00 secs] 
96,916: [GC (Allocation Failure) [PSYoungGen: 39488K->96K(39424K)] 41427K->2035K(214528K), 0,0003772 secs] [Times: user=0,00 sys=0,00, real=0,00 secs] 
96,956: [GC (Allocation Failure) [PSYoungGen: 39008K->96K(38912K)] 40947K->2035K(214016K), 0,0004115 secs] [Times: user=0,00 sys=0,00, real=0,00 secs] 
96,996: [GC (Allocation Failure) [PSYoungGen: 38496K->96K(38400K)] 40435K->2035K(213504K), 0,0004034 secs] [Times: user=0,00 sys=0,00, real=0,00 secs] 
97,036: [GC (Allocation Failure) [PSYoungGen: 37984K->64K(37888K)] 39923K->2003K(212992K), 0,0004856 secs] [Times: user=0,00 sys=0,00, real=0,00 secs] 
97,075: [GC (Allocation Failure) [PSYoungGen: 37440K->64K(37376K)] 39379K->2003K(212480K), 0,0004032 secs] [Times: user=0,00 sys=0,00, real=0,00 secs] 
97,113: [GC (Allocation Failure) [PSYoungGen: 36928K->96K(36864K)] 38867K->2035K(211968K), 0,0003783 secs] [Times: user=0,00 sys=0,00, real=0,00 secs] 
97,153: [GC (Allocation Failure) [PSYoungGen: 36448K->96K(36352K)] 38387K->2035K(211456K), 0,0005061 secs] [Times: user=0,00 sys=0,00, real=0,00 secs] 
97,190: [GC (Allocation Failure) [PSYoungGen: 35936K->128K(35840K)] 37875K->2067K(210944K), 0,0003883 secs] [Times: user=0,00 sys=0,00, real=0,00 secs] 
97,227: [GC (Allocation Failure) [PSYoungGen: 35456K->64K(35328K)] 37395K->2003K(210432K), 0,0003931 secs] [Times: user=0,00 sys=0,00, real=0,00 secs] 
97,263: [GC (Allocation Failure) [PSYoungGen: 34879K->96K(42496K)] 36819K->2035K(217600K), 0,0004351 secs] [Times: user=0,00 sys=0,00, real=0,00 secs] 
97,307: [GC (Allocation Failure) [PSYoungGen: 42080K->96K(41984K)] 44019K->2035K(217088K), 0,0004091 secs] [Times: user=0,00 sys=0,00, real=0,00 secs] 
97,350: [GC (Allocation Failure) [PSYoungGen: 41568K->96K(41472K)] 43507K->2035K(216576K), 0,0004249 secs] [Times: user=0,01 sys=0,00, real=0,00 secs] 
97,392: [GC (Allocation Failure) [PSYoungGen: 41056K->96K(40960K)] 42995K->2035K(216064K), 0,0003947 secs] [Times: user=0,00 sys=0,00, real=0,00 secs] 
97,434: [GC (Allocation Failure) [PSYoungGen: 40544K->96K(40448K)] 42483K->2035K(215552K), 0,0003935 secs] [Times: user=0,00 sys=0,00, real=0,00 secs] 
97,476: [GC (Allocation Failure) [PSYoungGen: 40032K->96K(39936K)] 41971K->2035K(215040K), 0,0004459 secs] [Times: user=0,00 sys=0,00, real=0,00 secs] 
97,517: [GC (Allocation Failure) [PSYoungGen: 39520K->96K(39424K)] 41459K->2035K(214528K), 0,0004323 secs] [Times: user=0,00 sys=0,00, real=0,00 secs] 
97,557: [GC (Allocation Failure) [PSYoungGen: 39008K->64K(38912K)] 40947K->2003K(214016K), 0,0003816 secs] [Times: user=0,00 sys=0,00, real=0,00 secs] 
97,597: [GC (Allocation Failure) [PSYoungGen: 38464K->64K(38400K)] 40403K->2003K(213504K), 0,0004246 secs] [Times: user=0,00 sys=0,00, real=0,00 secs] 
97,637: [GC (Allocation Failure) [PSYoungGen: 37952K->64K(46080K)] 39891K->2003K(221184K), 0,0006384 secs] [Times: user=0,00 sys=0,00, real=0,00 secs] 
97,684: [GC (Allocation Failure) [PSYoungGen: 45632K->96K(45568K)] 47571K->2035K(220672K), 0,0003952 secs] [Times: user=0,00 sys=0,00, real=0,00 secs] 
97,731: [GC (Allocation Failure) [PSYoungGen: 45152K->96K(45056K)] 47091K->2035K(220160K), 0,0003899 secs] [Times: user=0,00 sys=0,00, real=0,00 secs] 
97,777: [GC (Allocation Failure) [PSYoungGen: 44640K->96K(44544K)] 46579K->2035K(219648K), 0,0003973 secs] [Times: user=0,01 sys=0,00, real=0,00 secs] 
97,823: [GC (Allocation Failure) [PSYoungGen: 44128K->64K(44032K)] 46067K->2003K(219136K), 0,0003893 secs] [Times: user=0,00 sys=0,00, real=0,00 secs] 
97,868: [GC (Allocation Failure) [PSYoungGen: 43584K->96K(43520K)] 45523K->2035K(218624K), 0,0003838 secs] [Times: user=0,00 sys=0,00, real=0,00 secs] 
97,912: [GC (Allocation Failure) [PSYoungGen: 43104K->64K(43008K)] 45043K->2003K(218112K), 0,0003668 secs] [Times: user=0,00 sys=0,00, real=0,00 secs] 
97,956: [GC (Allocation Failure) [PSYoungGen: 42560K->96K(42496K)] 44499K->2035K(217600K), 0,0003956 secs] [Times: user=0,00 sys=0,00, real=0,00 secs] 
98,000: [GC (Allocation Failure) [PSYoungGen: 42080K->64K(41984K)] 44019K->2003K(217088K), 0,0004861 secs] [Times: user=0,00 sys=0,00, real=0,01 secs] 
98,044: [GC (Allocation Failure) [PSYoungGen: 41536K->64K(41472K)] 43475K->2003K(216576K), 0,0004773 secs] [Times: user=0,00 sys=0,00, real=0,00 secs] 
98,086: [GC (Allocation Failure) [PSYoungGen: 41024K->96K(40960K)] 42963K->2035K(216064K), 0,0003860 secs] [Times: user=0,01 sys=0,00, real=0,00 secs] 
98,128: [GC (Allocation Failure) [PSYoungGen: 40544K->96K(40448K)] 42483K->2035K(215552K), 0,0004230 secs] [Times: user=0,00 sys=0,00, real=0,00 secs] 
98,171: [GC (Allocation Failure) [PSYoungGen: 40032K->96K(39936K)] 41971K->2035K(215040K), 0,0005013 secs] [Times: user=0,00 sys=0,00, real=0,01 secs] 
98,212: [GC (Allocation Failure) [PSYoungGen: 39520K->96K(39424K)] 41459K->2035K(214528K), 0,0004354 secs] [Times: user=0,00 sys=0,00, real=0,00 secs] 
98,252: [GC (Allocation Failure) [PSYoungGen: 39008K->128K(38912K)] 40947K->2067K(214016K), 0,0003889 secs] [Times: user=0,00 sys=0,00, real=0,00 secs] 
98,292: [GC (Allocation Failure) [PSYoungGen: 38528K->96K(38400K)] 40467K->2035K(213504K), 0,0003939 secs] [Times: user=0,00 sys=0,00, real=0,00 secs] 
98,332: [GC (Allocation Failure) [PSYoungGen: 37984K->64K(37888K)] 39923K->2003K(212992K), 0,0004109 secs] [Times: user=0,00 sys=0,01, real=0,00 secs] 
98,371: [GC (Allocation Failure) [PSYoungGen: 37440K->96K(37376K)] 39379K->2035K(212480K), 0,0004074 secs] [Times: user=0,00 sys=0,00, real=0,01 secs] 
98,409: [GC (Allocation Failure) [PSYoungGen: 36960K->96K(36864K)] 38899K->2035K(211968K), 0,0003693 secs] [Times: user=0,00 sys=0,00, real=0,00 secs] 
98,447: [GC (Allocation Failure) [PSYoungGen: 36448K->32K(36352K)] 38387K->1971K(211456K), 0,0003929 secs] [Times: user=0,00 sys=0,00, real=0,00 secs] 
98,484: [GC (Allocation Failure) [PSYoungGen: 35872K->96K(35840K)] 37811K->2035K(210944K), 0,0004187 secs] [Times: user=0,01 sys=0,00, real=0,00 secs] 
98,522: [GC (Allocation Failure) [PSYoungGen: 35424K->64K(43008K)] 37363K->2003K(218112K), 0,0009882 secs] [Times: user=0,00 sys=0,00, real=0,00 secs] 
98,567: [GC (Allocation Failure) [PSYoungGen: 42560K->96K(51712K)] 44499K->2035K(226816K), 0,0004088 secs] [Times: user=0,00 sys=0,00, real=0,00 secs] 
98,620: [GC (Allocation Failure) [PSYoungGen: 51296K->64K(61952K)] 53235K->2003K(237056K), 0,0004757 secs] [Times: user=0,00 sys=0,00, real=0,00 secs] 
98,683: [GC (Allocation Failure) [PSYoungGen: 61504K->96K(74240K)] 63443K->2035K(249344K), 0,0005266 secs] [Times: user=0,00 sys=0,00, real=0,00 secs] 
98,760: [GC (Allocation Failure) [PSYoungGen: 73824K->32K(72704K)] 75763K->1971K(247808K), 0,0005358 secs] [Times: user=0,00 sys=0,00, real=0,01 secs] 
98,846: [GC (Allocation Failure) [PSYoungGen: 72224K->96K(71168K)] 74163K->2035K(246272K), 0,0005041 secs] [Times: user=0,00 sys=0,00, real=0,00 secs] 
98,921: [GC (Allocation Failure) [PSYoungGen: 70752K->96K(69632K)] 72691K->2035K(244736K), 0,0005283 secs] [Times: user=0,00 sys=0,00, real=0,00 secs] 
98,994: [GC (Allocation Failure) [PSYoungGen: 69216K->96K(68096K)] 71155K->2035K(243200K), 0,0005241 secs] [Times: user=0,00 sys=0,00, real=0,00 secs] 
99,064: [GC (Allocation Failure) [PSYoungGen: 67680K->96K(66560K)] 69619K->2035K(241664K), 0,0005053 secs] [Times: user=0,01 sys=0,00, real=0,00 secs] 
99,132: [GC (Allocation Failure) [PSYoungGen: 66144K->96K(65024K)] 68083K->2035K(240128K), 0,0005217 secs] [Times: user=0,00 sys=0,00, real=0,00 secs] 
99,201: [GC (Allocation Failure) [PSYoungGen: 64608K->96K(63488K)] 66547K->2035K(238592K), 0,0005297 secs] [Times: user=0,00 sys=0,00, real=0,00 secs] 
99,266: [GC (Allocation Failure) [PSYoungGen: 63072K->32K(61952K)] 65011K->1971K(237056K), 0,0005040 secs] [Times: user=0,00 sys=0,00, real=0,00 secs] 
99,330: [GC (Allocation Failure) [PSYoungGen: 61472K->96K(60928K)] 63411K->2035K(236032K), 0,0005021 secs] [Times: user=0,00 sys=0,00, real=0,00 secs] 
99,393: [GC (Allocation Failure) [PSYoungGen: 60512K->96K(59904K)] 62451K->2035K(235008K), 0,0004780 secs] [Times: user=0,01 sys=0,00, real=0,00 secs] 
99,455: [GC (Allocation Failure) [PSYoungGen: 59488K->64K(58880K)] 61427K->2003K(233984K), 0,0004890 secs] [Times: user=0,00 sys=0,00, real=0,00 secs] 
99,516: [GC (Allocation Failure) [PSYoungGen: 58432K->96K(57856K)] 60371K->2035K(232960K), 0,0004992 secs] [Times: user=0,00 sys=0,00, real=0,00 secs] 
99,576: [GC (Allocation Failure) [PSYoungGen: 57440K->96K(56832K)] 59379K->2035K(231936K), 0,0004990 secs] [Times: user=0,00 sys=0,00, real=0,00 secs] 
99,634: [GC (Allocation Failure) [PSYoungGen: 56416K->96K(55808K)] 58355K->2035K(230912K), 0,0004901 secs] [Times: user=0,00 sys=0,00, real=0,00 secs] 
99,692: [GC (Allocation Failure) [PSYoungGen: 55392K->96K(54784K)] 57331K->2035K(229888K), 0,0004684 secs] [Times: user=0,01 sys=0,00, real=0,00 secs] 
99,748: [GC (Allocation Failure) [PSYoungGen: 54368K->96K(53760K)] 56307K->2035K(228864K), 0,0004861 secs] [Times: user=0,00 sys=0,00, real=0,00 secs] 
99,804: [GC (Allocation Failure) [PSYoungGen: 53344K->96K(52736K)] 55283K->2035K(227840K), 0,0004895 secs] [Times: user=0,00 sys=0,00, real=0,00 secs] 
99,858: [GC (Allocation Failure) [PSYoungGen: 52320K->64K(51712K)] 54259K->2003K(226816K), 0,0005080 secs] [Times: user=0,00 sys=0,00, real=0,00 secs] 
99,912: [GC (Allocation Failure) [PSYoungGen: 51264K->96K(50688K)] 53203K->2035K(225792K), 0,0005541 secs] [Times: user=0,01 sys=0,00, real=0,00 secs] 
99,964: [GC (Allocation Failure) [PSYoungGen: 50272K->96K(49664K)] 52211K->2035K(224768K), 0,0003892 secs] [Times: user=0,00 sys=0,00, real=0,00 secs] 
100,016: [GC (Allocation Failure) [PSYoungGen: 49248K->96K(48640K)] 51187K->2035K(223744K), 0,0004963 secs] [Times: user=0,00 sys=0,00, real=0,00 secs] 
100,066: [GC (Allocation Failure) [PSYoungGen: 48224K->96K(48128K)] 50163K->2035K(223232K), 0,0005011 secs] [Times: user=0,00 sys=0,00, real=0,00 secs] 
100,115: [GC (Allocation Failure) [PSYoungGen: 47712K->96K(47616K)] 49651K->2035K(222720K), 0,0003829 secs] [Times: user=0,00 sys=0,00, real=0,00 secs] 
100,166: [GC (Allocation Failure) [PSYoungGen: 47200K->96K(47104K)] 49139K->2035K(222208K), 0,0004971 secs] [Times: user=0,00 sys=0,00, real=0,00 secs] 
100,215: [GC (Allocation Failure) [PSYoungGen: 46688K->96K(46592K)] 48627K->2035K(221696K), 0,0005692 secs] [Times: user=0,00 sys=0,00, real=0,00 secs] 
100,263: [GC (Allocation Failure) [PSYoungGen: 46176K->64K(46080K)] 48115K->2003K(221184K), 0,0003891 secs] [Times: user=0,00 sys=0,00, real=0,00 secs] 
100,310: [GC (Allocation Failure) [PSYoungGen: 45632K->64K(45568K)] 47571K->2003K(220672K), 0,0004866 secs] [Times: user=0,01 sys=0,00, real=0,01 secs] 
Heap
 PSYoungGen      total 45568K, used 18467K [0x000000076ab00000, 0x0000000778c80000, 0x00000007c0000000)
  eden space 45056K, 40% used [0x000000076ab00000,0x000000076bcf8c48,0x000000076d700000)
  from space 512K, 12% used [0x0000000778c00000,0x0000000778c10000,0x0000000778c80000)
  to   space 512K, 0% used [0x0000000778b80000,0x0000000778b80000,0x0000000778c00000)
 ParOldGen       total 175104K, used 1939K [0x00000006c0000000, 0x00000006cab00000, 0x000000076ab00000)
  object space 175104K, 1% used [0x00000006c0000000,0x00000006c01e4ff0,0x00000006cab00000)
 Metaspace       used 9359K, capacity 9632K, committed 9856K, reserved 1058816K
  class space    used 1003K, capacity 1108K, committed 1152K, reserved 1048576K
