OpenJDK 64-Bit Server VM (25.202-b05) for bsd-amd64 JRE (Zulu 8.36.0.1-CA-macosx) (1.8.0_202-b05), built on Jan 29 2019 06:07:09 by "zulu_re" with gcc 4.2.1 (Based on Apple Inc. build 5658) (LLVM build 2336.11.00)
Memory: 4k page, physical 16777216k(2772284k free)

/proc/meminfo:

CommandLine flags: -XX:InitialHeapSize=268435456 -XX:MaxHeapSize=4294967296 -XX:+PrintGC -XX:+PrintGCDetails -XX:+PrintGCTimeStamps -XX:+UseCompressedClassPointers -XX:+UseCompressedOops -XX:+UseParallelGC 
Heap
 PSYoungGen      total 76288K, used 35777K [0x000000076ab00000, 0x0000000770000000, 0x00000007c0000000)
  eden space 65536K, 54% used [0x000000076ab00000,0x000000076cdf05e0,0x000000076eb00000)
  from space 10752K, 0% used [0x000000076f580000,0x000000076f580000,0x0000000770000000)
  to   space 10752K, 0% used [0x000000076eb00000,0x000000076eb00000,0x000000076f580000)
 ParOldGen       total 175104K, used 0K [0x00000006c0000000, 0x00000006cab00000, 0x000000076ab00000)
  object space 175104K, 0% used [0x00000006c0000000,0x00000006c0000000,0x00000006cab00000)
 Metaspace       used 7649K, capacity 8005K, committed 8192K, reserved 1056768K
  class space    used 852K, capacity 948K, committed 1024K, reserved 1048576K
094: [GC (Allocation Failure) [PSYoungGen: 132784K->1696K(141824K)] 132808K->1728K(316928K), 0,0018198 secs] [Times: user=0,01 sys=0,00, real=0,00 secs] 
1,217: [GC (Allocation Failure) [PSYoungGen: 132768K->1664K(267776K)] 132800K->1704K(442880K), 0,0016240 secs] [Times: user=0,00 sys=0,00, real=0,00 secs] 
1,507: [GC (Allocation Failure) [PSYoungGen: 263808K->96K(267776K)] 263848K->1776K(442880K), 0,0019008 secs] [Times: user=0,00 sys=0,00, real=0,00 secs] 
1,743: [GC (Allocation Failure) [PSYoungGen: 262240K->96K(529920K)] 263920K->1792K(705024K), 0,0005463 secs] [Times: user=0,00 sys=0,00, real=0,01 secs] 
2,311: [GC (Allocation Failure) [PSYoungGen: 524384K->96K(501760K)] 526080K->1792K(676864K), 0,0005636 secs] [Times: user=0,00 sys=0,00, real=0,00 secs] 
2,768: [GC (Allocation Failure) [PSYoungGen: 501344K->96K(479744K)] 503040K->1800K(654848K), 0,0005465 secs] [Times: user=0,00 sys=0,00, real=0,00 secs] 
3,198: [GC (Allocation Failure) [PSYoungGen: 479328K->96K(463872K)] 481032K->1800K(638976K), 0,0005174 secs] [Times: user=0,00 sys=0,00, real=0,00 secs] 
3,611: [GC (Allocation Failure) [PSYoungGen: 458336K->96K(438784K)] 460040K->1808K(613888K), 0,0006527 secs] [Times: user=0,00 sys=0,00, real=0,00 secs] 
4,002: [GC (Allocation Failure) [PSYoungGen: 438368K->64K(424448K)] 440080K->1776K(599552K), 0,0005454 secs] [Times: user=0,00 sys=0,00, real=0,00 secs] 
4,377: [GC (Allocation Failure) [PSYoungGen: 419392K->96K(401920K)] 421104K->1808K(577024K), 0,0006261 secs] [Times: user=0,00 sys=0,00, real=0,00 secs] 
4,738: [GC (Allocation Failure) [PSYoungGen: 401504K->96K(389120K)] 403216K->1808K(564224K), 0,0005638 secs] [Times: user=0,00 sys=0,00, real=0,00 secs] 
5,081: [GC (Allocation Failure) [PSYoungGen: 384608K->64K(368640K)] 386320K->1776K(543744K), 0,0007475 secs] [Times: user=0,00 sys=0,00, real=0,00 secs] 
5,407: [GC (Allocation Failure) [PSYoungGen: 368192K->64K(357376K)] 369904K->1776K(532480K), 0,0005258 secs] [Times: user=0,00 sys=0,00, real=0,00 secs] 
5,719: [GC (Allocation Failure) [PSYoungGen: 352832K->64K(338432K)] 354544K->1776K(513536K), 0,0006245 secs] [Times: user=0,00 sys=0,00, real=0,00 secs] 
6,018: [GC (Allocation Failure) [PSYoungGen: 337984K->96K(328192K)] 339696K->1816K(503296K), 0,0005316 secs] [Times: user=0,00 sys=0,00, real=0,00 secs] 
6,310: [GC (Allocation Failure) [PSYoungGen: 324191K->96K(311296K)] 325911K->1816K(486400K), 0,0006400 secs] [Times: user=0,00 sys=0,00, real=0,00 secs] 
6,584: [GC (Allocation Failure) [PSYoungGen: 310880K->32K(301568K)] 312600K->1752K(476672K), 0,0005119 secs] [Times: user=0,00 sys=0,00, real=0,00 secs] 
6,844: [GC (Allocation Failure) [PSYoungGen: 298016K->96K(286720K)] 299736K->1816K(461824K), 0,0006117 secs] [Times: user=0,00 sys=0,00, real=0,00 secs] 
7,096: [GC (Allocation Failure) [PSYoungGen: 286304K->96K(278016K)] 288024K->1816K(453120K), 0,0005341 secs] [Times: user=0,01 sys=0,00, real=0,00 secs] 
7,342: [GC (Allocation Failure) [PSYoungGen: 275040K->96K(264704K)] 276760K->1816K(439808K), 0,0005846 secs] [Times: user=0,00 sys=0,00, real=0,00 secs] 
7,578: [GC (Allocation Failure) [PSYoungGen: 264288K->64K(257024K)] 266008K->1784K(432128K), 0,0005479 secs] [Times: user=0,00 sys=0,00, real=0,00 secs] 
7,806: [GC (Allocation Failure) [PSYoungGen: 254016K->96K(244736K)] 255736K->1816K(419840K), 0,0005871 secs] [Times: user=0,01 sys=0,00, real=0,00 secs] 
8,024: [GC (Allocation Failure) [PSYoungGen: 244320K->96K(237568K)] 246040K->1816K(412672K), 0,0005039 secs] [Times: user=0,00 sys=0,00, real=0,00 secs] 
8,234: [GC (Allocation Failure) [PSYoungGen: 235104K->96K(226816K)] 236824K->1816K(401920K), 0,0006204 secs] [Times: user=0,00 sys=0,00, real=0,00 secs] 
8,441: [GC (Allocation Failure) [PSYoungGen: 226400K->96K(219648K)] 228120K->1816K(394752K), 0,0005170 secs] [Times: user=0,00 sys=0,00, real=0,00 secs] 
8,632: [GC (Allocation Failure) [PSYoungGen: 217696K->32K(209920K)] 219416K->1752K(385024K), 0,0005577 secs] [Times: user=0,00 sys=0,00, real=0,00 secs] 
8,816: [GC (Allocation Failure) [PSYoungGen: 209440K->96K(203776K)] 211160K->1816K(378880K), 0,0005005 secs] [Times: user=0,00 sys=0,00, real=0,00 secs] 
8,996: [GC (Allocation Failure) [PSYoungGen: 201824K->96K(195072K)] 203544K->1816K(370176K), 0,0006249 secs] [Times: user=0,01 sys=0,00, real=0,00 secs] 
9,166: [GC (Allocation Failure) [PSYoungGen: 194656K->96K(188928K)] 196376K->1816K(364032K), 0,0005771 secs] [Times: user=0,01 sys=0,00, real=0,00 secs] 
9,332: [GC (Allocation Failure) [PSYoungGen: 187488K->64K(181248K)] 189208K->1784K(356352K), 0,0005379 secs] [Times: user=0,00 sys=0,00, real=0,00 secs] 
9,491: [GC (Allocation Failure) [PSYoungGen: 180800K->64K(176128K)] 182520K->1784K(351232K), 0,0005483 secs] [Times: user=0,00 sys=0,00, real=0,00 secs] 
9,651: [GC (Allocation Failure) [PSYoungGen: 174656K->96K(168960K)] 176376K->1816K(344064K), 0,0006132 secs] [Times: user=0,00 sys=0,00, real=0,00 secs] 
9,803: [GC (Allocation Failure) [PSYoungGen: 168544K->96K(164352K)] 170264K->1816K(339456K), 0,0005172 secs] [Times: user=0,00 sys=0,00, real=0,00 secs] 
9,948: [GC (Allocation Failure) [PSYoungGen: 162912K->32K(157696K)] 164632K->1752K(332800K), 0,0008621 secs] [Times: user=0,00 sys=0,00, real=0,00 secs] 
10,088: [GC (Allocation Failure) [PSYoungGen: 157216K->96K(153088K)] 158936K->1816K(328192K), 0,0005240 secs] [Times: user=0,00 sys=0,00, real=0,00 secs] 
10,225: [GC (Allocation Failure) [PSYoungGen: 152160K->64K(147456K)] 153880K->1784K(322560K), 0,0005414 secs] [Times: user=0,00 sys=0,00, real=0,00 secs] 
10,370: [GC (Allocation Failure) [PSYoungGen: 147008K->160K(143360K)] 148728K->1888K(318464K), 0,0005765 secs] [Times: user=0,00 sys=0,00, real=0,00 secs] 
10,499: [GC (Allocation Failure) [PSYoungGen: 142496K->96K(138240K)] 144224K->1896K(313344K), 0,0005402 secs] [Times: user=0,00 sys=0,00, real=0,00 secs] 
10,623: [GC (Allocation Failure) [PSYoungGen: 137824K->64K(134144K)] 139624K->1864K(309248K), 0,0005588 secs] [Times: user=0,00 sys=0,00, real=0,00 secs] 
10,740: [GC (Allocation Failure) [PSYoungGen: 133184K->96K(129536K)] 134984K->1896K(304640K), 0,0005878 secs] [Times: user=0,01 sys=0,00, real=0,00 secs] 
10,856: [GC (Allocation Failure) [PSYoungGen: 129120K->64K(125952K)] 130920K->1864K(301056K), 0,0005229 secs] [Times: user=0,00 sys=0,00, real=0,00 secs] 
10,967: [GC (Allocation Failure) [PSYoungGen: 124992K->96K(121344K)] 126792K->1896K(296448K), 0,0005464 secs] [Times: user=0,00 sys=0,00, real=0,00 secs] 
11,073: [GC (Allocation Failure) [PSYoungGen: 120928K->96K(118272K)] 122728K->1896K(293376K), 0,0005119 secs] [Times: user=0,00 sys=0,00, real=0,00 secs] 
11,177: [GC (Allocation Failure) [PSYoungGen: 117344K->96K(114176K)] 119144K->1896K(289280K), 0,0005718 secs] [Times: user=0,00 sys=0,00, real=0,00 secs] 
11,279: [GC (Allocation Failure) [PSYoungGen: 113760K->64K(110592K)] 115560K->1864K(285696K), 0,0005407 secs] [Times: user=0,00 sys=0,00, real=0,00 secs] 
11,377: [GC (Allocation Failure) [PSYoungGen: 110144K->96K(107520K)] 111944K->1896K(282624K), 0,0005504 secs] [Times: user=0,00 sys=0,00, real=0,00 secs] 
11,473: [GC (Allocation Failure) [PSYoungGen: 107104K->96K(104448K)] 108904K->1896K(279552K), 0,0005157 secs] [Times: user=0,00 sys=0,00, real=0,00 secs] 
11,565: [GC (Allocation Failure) [PSYoungGen: 104032K->96K(101376K)] 105832K->1896K(276480K), 0,0005500 secs] [Times: user=0,00 sys=0,00, real=0,00 secs] 
11,653: [GC (Allocation Failure) [PSYoungGen: 100960K->96K(98816K)] 102760K->1896K(273920K), 0,0005286 secs] [Times: user=0,00 sys=0,00, real=0,00 secs] 
11,740: [GC (Allocation Failure) [PSYoungGen: 98400K->96K(96256K)] 100200K->1896K(271360K), 0,0004973 secs] [Times: user=0,00 sys=0,00, real=0,00 secs] 
11,826: [GC (Allocation Failure) [PSYoungGen: 95840K->96K(93696K)] 97640K->1896K(268800K), 0,0005308 secs] [Times: user=0,00 sys=0,00, real=0,00 secs] 
11,908: [GC (Allocation Failure) [PSYoungGen: 93280K->96K(91136K)] 95080K->1896K(266240K), 0,0005472 secs] [Times: user=0,00 sys=0,00, real=0,00 secs] 
11,991: [GC (Allocation Failure) [PSYoungGen: 90720K->32K(88576K)] 92520K->1832K(263680K), 0,0005292 secs] [Times: user=0,00 sys=0,00, real=0,00 secs] 
12,069: [GC (Allocation Failure) [PSYoungGen: 88096K->96K(86528K)] 89896K->1896K(261632K), 0,0005277 secs] [Times: user=0,00 sys=0,00, real=0,00 secs] 
12,146: [GC (Allocation Failure) [PSYoungGen: 86112K->96K(84480K)] 87912K->1896K(259584K), 0,0005533 secs] [Times: user=0,00 sys=0,00, real=0,00 secs] 
12,222: [GC (Allocation Failure) [PSYoungGen: 84064K->32K(82432K)] 85864K->1832K(257536K), 0,0005097 secs] [Times: user=0,00 sys=0,00, real=0,00 secs] 
12,296: [GC (Allocation Failure) [PSYoungGen: 81952K->96K(80384K)] 83752K->1896K(255488K), 0,0005199 secs] [Times: user=0,00 sys=0,00, real=0,00 secs] 
12,366: [GC (Allocation Failure) [PSYoungGen: 79968K->96K(78336K)] 81768K->1896K(253440K), 0,0005178 secs] [Times: user=0,01 sys=0,00, real=0,00 secs] 
12,435: [GC (Allocation Failure) [PSYoungGen: 77920K->96K(76288K)] 79720K->1896K(251392K), 0,0004990 secs] [Times: user=0,00 sys=0,00, real=0,00 secs] 
12,503: [GC (Allocation Failure) [PSYoungGen: 75872K->96K(74752K)] 77672K->1896K(249856K), 0,0005270 secs] [Times: user=0,00 sys=0,00, real=0,01 secs] 
12,568: [GC (Allocation Failure) [PSYoungGen: 74336K->96K(73216K)] 76136K->1896K(248320K), 0,0005071 secs] [Times: user=0,00 sys=0,00, real=0,00 secs] 
12,634: [GC (Allocation Failure) [PSYoungGen: 72800K->64K(71680K)] 74600K->1864K(246784K), 0,0005051 secs] [Times: user=0,00 sys=0,00, real=0,00 secs] 
12,697: [GC (Allocation Failure) [PSYoungGen: 71232K->96K(70144K)] 73032K->1896K(245248K), 0,0005089 secs] [Times: user=0,00 sys=0,00, real=0,00 secs] 
12,758: [GC (Allocation Failure) [PSYoungGen: 69728K->64K(68608K)] 71528K->1864K(243712K), 0,0004765 secs] [Times: user=0,00 sys=0,00, real=0,00 secs] 
12,820: [GC (Allocation Failure) [PSYoungGen: 68160K->64K(67072K)] 69960K->1864K(242176K), 0,0004826 secs] [Times: user=0,00 sys=0,00, real=0,00 secs] 
12,879: [GC (Allocation Failure) [PSYoungGen: 66624K->96K(65536K)] 68424K->1896K(240640K), 0,0005089 secs] [Times: user=0,00 sys=0,00, real=0,00 secs] 
12,937: [GC (Allocation Failure) [PSYoungGen: 65120K->64K(64000K)] 66920K->1864K(239104K), 0,0005407 secs] [Times: user=0,00 sys=0,00, real=0,00 secs] 
12,994: [GC (Allocation Failure) [PSYoungGen: 63552K->32K(62464K)] 65352K->1832K(237568K), 0,0004958 secs] [Times: user=0,00 sys=0,00, real=0,00 secs] 
13,052: [GC (Allocation Failure) [PSYoungGen: 61984K->96K(61440K)] 63784K->1896K(236544K), 0,0005026 secs] [Times: user=0,00 sys=0,00, real=0,00 secs] 
13,108: [GC (Allocation Failure) [PSYoungGen: 61024K->64K(60416K)] 62824K->1864K(235520K), 0,0005557 secs] [Times: user=0,00 sys=0,00, real=0,00 secs] 
13,162: [GC (Allocation Failure) [PSYoungGen: 59968K->64K(59392K)] 61768K->1864K(234496K), 0,0004806 secs] [Times: user=0,01 sys=0,00, real=0,00 secs] 
13,215: [GC (Allocation Failure) [PSYoungGen: 58944K->96K(58368K)] 60744K->1896K(233472K), 0,0005700 secs] [Times: user=0,00 sys=0,00, real=0,00 secs] 
13,266: [GC (Allocation Failure) [PSYoungGen: 57952K->64K(70144K)] 59752K->1864K(245248K), 0,0009680 secs] [Times: user=0,00 sys=0,00, real=0,00 secs] 
13,329: [GC (Allocation Failure) [PSYoungGen: 69696K->96K(68608K)] 71496K->1896K(243712K), 0,0005324 secs] [Times: user=0,00 sys=0,00, real=0,00 secs] 
13,389: [GC (Allocation Failure) [PSYoungGen: 68192K->64K(67072K)] 69992K->1864K(242176K), 0,0005444 secs] [Times: user=0,00 sys=0,00, real=0,00 secs] 
13,448: [GC (Allocation Failure) [PSYoungGen: 66624K->96K(65536K)] 68424K->1896K(240640K), 0,0005209 secs] [Times: user=0,00 sys=0,00, real=0,00 secs] 
13,506: [GC (Allocation Failure) [PSYoungGen: 65120K->96K(64000K)] 66920K->1896K(239104K), 0,0004843 secs] [Times: user=0,00 sys=0,00, real=0,00 secs] 
13,562: [GC (Allocation Failure) [PSYoungGen: 63584K->64K(62464K)] 65384K->1864K(237568K), 0,0004882 secs] [Times: user=0,00 sys=0,00, real=0,00 secs] 
13,617: [GC (Allocation Failure) [PSYoungGen: 62016K->96K(61440K)] 63816K->1896K(236544K), 0,0004742 secs] [Times: user=0,00 sys=0,00, real=0,00 secs] 
13,670: [GC (Allocation Failure) [PSYoungGen: 61024K->96K(60416K)] 62824K->1896K(235520K), 0,0004741 secs] [Times: user=0,00 sys=0,00, real=0,00 secs] 
13,723: [GC (Allocation Failure) [PSYoungGen: 60000K->96K(59392K)] 61800K->1896K(234496K), 0,0004644 secs] [Times: user=0,00 sys=0,00, real=0,01 secs] 
13,775: [GC (Allocation Failure) [PSYoungGen: 58976K->96K(58368K)] 60776K->1896K(233472K), 0,0004736 secs] [Times: user=0,00 sys=0,00, real=0,00 secs] 
13,826: [GC (Allocation Failure) [PSYoungGen: 57952K->96K(57344K)] 59752K->1896K(232448K), 0,0004611 secs] [Times: user=0,00 sys=0,00, real=0,00 secs] 
13,877: [GC (Allocation Failure) [PSYoungGen: 56928K->64K(56320K)] 58728K->1864K(231424K), 0,0005010 secs] [Times: user=0,01 sys=0,00, real=0,00 secs] 
13,928: [GC (Allocation Failure) [PSYoungGen: 55872K->96K(55296K)] 57672K->1896K(230400K), 0,0005110 secs] [Times: user=0,00 sys=0,00, real=0,00 secs] 
13,979: [GC (Allocation Failure) [PSYoungGen: 54880K->96K(54272K)] 56680K->1896K(229376K), 0,0005112 secs] [Times: user=0,00 sys=0,00, real=0,00 secs] 
14,028: [GC (Allocation Failure) [PSYoungGen: 53855K->64K(53248K)] 55655K->1864K(228352K), 0,0004828 secs] [Times: user=0,00 sys=0,00, real=0,00 secs] 
14,074: [GC (Allocation Failure) [PSYoungGen: 52800K->96K(52224K)] 54600K->1896K(227328K), 0,0004318 secs] [Times: user=0,00 sys=0,00, real=0,00 secs] 
14,121: [GC (Allocation Failure) [PSYoungGen: 51808K->96K(51200K)] 53608K->1896K(226304K), 0,0004852 secs] [Times: user=0,00 sys=0,00, real=0,00 secs] 
14,166: [GC (Allocation Failure) [PSYoungGen: 50784K->96K(50176K)] 52584K->1896K(225280K), 0,0004678 secs] [Times: user=0,00 sys=0,00, real=0,00 secs] 
14,212: [GC (Allocation Failure) [PSYoungGen: 49760K->64K(49152K)] 51560K->1864K(224256K), 0,0005340 secs] [Times: user=0,00 sys=0,00, real=0,00 secs] 
14,256: [GC (Allocation Failure) [PSYoungGen: 48704K->32K(48128K)] 50504K->1832K(223232K), 0,0005106 secs] [Times: user=0,00 sys=0,00, real=0,00 secs] 
14,298: [GC (Allocation Failure) [PSYoungGen: 47648K->96K(47616K)] 49448K->1896K(222720K), 0,0004755 secs] [Times: user=0,00 sys=0,00, real=0,00 secs] 
14,341: [GC (Allocation Failure) [PSYoungGen: 47200K->96K(47104K)] 49000K->1896K(222208K), 0,0004712 secs] [Times: user=0,00 sys=0,00, real=0,00 secs] 
14,382: [GC (Allocation Failure) [PSYoungGen: 46688K->96K(46592K)] 48488K->1896K(221696K), 0,0003901 secs] [Times: user=0,00 sys=0,00, real=0,00 secs] 
14,423: [GC (Allocation Failure) [PSYoungGen: 46176K->64K(55808K)] 47976K->1864K(230912K), 0,0005359 secs] [Times: user=0,01 sys=0,00, real=0,00 secs] 
14,474: [GC (Allocation Failure) [PSYoungGen: 55360K->96K(54784K)] 57160K->1896K(229888K), 0,0004822 secs] [Times: user=0,00 sys=0,00, real=0,00 secs] 
14,521: [GC (Allocation Failure) [PSYoungGen: 54368K->64K(53760K)] 56168K->1864K(228864K), 0,0004718 secs] [Times: user=0,00 sys=0,00, real=0,00 secs] 
14,568: [GC (Allocation Failure) [PSYoungGen: 53312K->64K(52736K)] 55112K->1864K(227840K), 0,0004553 secs] [Times: user=0,00 sys=0,00, real=0,00 secs] 
14,614: [GC (Allocation Failure) [PSYoungGen: 52288K->64K(51712K)] 54088K->1864K(226816K), 0,0004787 secs] [Times: user=0,00 sys=0,00, real=0,00 secs] 
14,661: [GC (Allocation Failure) [PSYoungGen: 51264K->96K(50688K)] 53064K->1896K(225792K), 0,0003941 secs] [Times: user=0,00 sys=0,00, real=0,00 secs] 
14,706: [GC (Allocation Failure) [PSYoungGen: 50272K->96K(49664K)] 52072K->1896K(224768K), 0,0004274 secs] [Times: user=0,00 sys=0,00, real=0,00 secs] 
14,752: [GC (Allocation Failure) [PSYoungGen: 49248K->64K(48640K)] 51048K->1864K(223744K), 0,0004785 secs] [Times: user=0,00 sys=0,00, real=0,00 secs] 
14,798: [GC (Allocation Failure) [PSYoungGen: 48192K->64K(48128K)] 49992K->1864K(223232K), 0,0005125 secs] [Times: user=0,00 sys=0,00, real=0,00 secs] 
14,843: [GC (Allocation Failure) [PSYoungGen: 47680K->96K(47616K)] 49480K->1896K(222720K), 0,0004527 secs] [Times: user=0,00 sys=0,00, real=0,01 secs] 
14,887: [GC (Allocation Failure) [PSYoungGen: 47200K->64K(47104K)] 49000K->1864K(222208K), 0,0004837 secs] [Times: user=0,00 sys=0,00, real=0,00 secs] 
14,928: [GC (Allocation Failure) [PSYoungGen: 46656K->64K(46592K)] 48456K->1864K(221696K), 0,0004735 secs] [Times: user=0,00 sys=0,00, real=0,00 secs] 
14,969: [GC (Allocation Failure) [PSYoungGen: 46144K->96K(46080K)] 47944K->1896K(221184K), 0,0003833 secs] [Times: user=0,00 sys=0,00, real=0,00 secs] 
15,009: [GC (Allocation Failure) [PSYoungGen: 45664K->96K(45568K)] 47464K->1896K(220672K), 0,0003960 secs] [Times: user=0,00 sys=0,00, real=0,00 secs] 
15,049: [GC (Allocation Failure) [PSYoungGen: 45152K->96K(45056K)] 46952K->1896K(220160K), 0,0004237 secs] [Times: user=0,01 sys=0,00, real=0,00 secs] 
15,091: [GC (Allocation Failure) [PSYoungGen: 44640K->96K(44544K)] 46440K->1896K(219648K), 0,0003994 secs] [Times: user=0,00 sys=0,00, real=0,00 secs] 
15,132: [GC (Allocation Failure) [PSYoungGen: 44128K->96K(44032K)] 45928K->1896K(219136K), 0,0004079 secs] [Times: user=0,00 sys=0,00, real=0,00 secs] 
15,171: [GC (Allocation Failure) [PSYoungGen: 43615K->96K(43520K)] 45415K->1896K(218624K), 0,0004033 secs] [Times: user=0,00 sys=0,00, real=0,00 secs] 
15,210: [GC (Allocation Failure) [PSYoungGen: 43104K->96K(52224K)] 44904K->1896K(227328K), 0,0005599 secs] [Times: user=0,00 sys=0,00, real=0,00 secs] 
15,257: [GC (Allocation Failure) [PSYoungGen: 51808K->96K(62976K)] 53608K->1896K(238080K), 0,0004989 secs] [Times: user=0,00 sys=0,00, real=0,00 secs] 
15,312: [GC (Allocation Failure) [PSYoungGen: 62560K->96K(61952K)] 64360K->1896K(237056K), 0,0004724 secs] [Times: user=0,00 sys=0,00, real=0,00 secs] 
15,368: [GC (Allocation Failure) [PSYoungGen: 61536K->96K(60928K)] 63336K->1896K(236032K), 0,0005137 secs] [Times: user=0,00 sys=0,00, real=0,00 secs] 
15,423: [GC (Allocation Failure) [PSYoungGen: 60512K->96K(59904K)] 62312K->1896K(235008K), 0,0005429 secs] [Times: user=0,00 sys=0,00, real=0,01 secs] 
15,476: [GC (Allocation Failure) [PSYoungGen: 59488K->64K(58880K)] 61288K->1864K(233984K), 0,0004637 secs] [Times: user=0,01 sys=0,00, real=0,00 secs] 
15,528: [GC (Allocation Failure) [PSYoungGen: 58432K->64K(57856K)] 60232K->1864K(232960K), 0,0004817 secs] [Times: user=0,00 sys=0,00, real=0,00 secs] 
15,578: [GC (Allocation Failure) [PSYoungGen: 57408K->96K(56832K)] 59208K->1896K(231936K), 0,0004887 secs] [Times: user=0,00 sys=0,00, real=0,00 secs] 
15,628: [GC (Allocation Failure) [PSYoungGen: 56416K->96K(55808K)] 58216K->1896K(230912K), 0,0004900 secs] [Times: user=0,00 sys=0,00, real=0,00 secs] 
15,677: [GC (Allocation Failure) [PSYoungGen: 55392K->96K(54784K)] 57192K->1896K(229888K), 0,0004991 secs] [Times: user=0,00 sys=0,00, real=0,00 secs] 
15,728: [GC (Allocation Failure) [PSYoungGen: 54368K->96K(53760K)] 56168K->1896K(228864K), 0,0004739 secs] [Times: user=0,00 sys=0,00, real=0,00 secs] 
15,775: [GC (Allocation Failure) [PSYoungGen: 53344K->96K(52736K)] 55144K->1896K(227840K), 0,0004533 secs] [Times: user=0,01 sys=0,00, real=0,00 secs] 
15,821: [GC (Allocation Failure) [PSYoungGen: 52320K->64K(51712K)] 54120K->1864K(226816K), 0,0004828 secs] [Times: user=0,00 sys=0,00, real=0,00 secs] 
15,867: [GC (Allocation Failure) [PSYoungGen: 51264K->64K(50688K)] 53064K->1864K(225792K), 0,0004662 secs] [Times: user=0,00 sys=0,00, real=0,00 secs] 
15,911: [GC (Allocation Failure) [PSYoungGen: 50240K->96K(49664K)] 52040K->1896K(224768K), 0,0004618 secs] [Times: user=0,00 sys=0,00, real=0,00 secs] 
15,956: [GC (Allocation Failure) [PSYoungGen: 49248K->64K(48640K)] 51048K->1864K(223744K), 0,0005182 secs] [Times: user=0,00 sys=0,00, real=0,00 secs] 
15,999: [GC (Allocation Failure) [PSYoungGen: 48192K->96K(48128K)] 49992K->1896K(223232K), 0,0004729 secs] [Times: user=0,00 sys=0,00, real=0,00 secs] 
16,042: [GC (Allocation Failure) [PSYoungGen: 47712K->64K(57856K)] 49512K->1864K(232960K), 0,0005035 secs] [Times: user=0,01 sys=0,00, real=0,00 secs] 
16,094: [GC (Allocation Failure) [PSYoungGen: 57408K->96K(56832K)] 59208K->1896K(231936K), 0,0004885 secs] [Times: user=0,00 sys=0,00, real=0,00 secs] 
16,145: [GC (Allocation Failure) [PSYoungGen: 56416K->96K(55808K)] 58216K->1896K(230912K), 0,0004821 secs] [Times: user=0,00 sys=0,00, real=0,00 secs] 
16,195: [GC (Allocation Failure) [PSYoungGen: 55392K->96K(54784K)] 57192K->1896K(229888K), 0,0004849 secs] [Times: user=0,00 sys=0,00, real=0,00 secs] 
16,245: [GC (Allocation Failure) [PSYoungGen: 54368K->96K(53760K)] 56168K->1896K(228864K), 0,0005412 secs] [Times: user=0,00 sys=0,00, real=0,00 secs] 
16,292: [GC (Allocation Failure) [PSYoungGen: 53344K->96K(52736K)] 55144K->1896K(227840K), 0,0004694 secs] [Times: user=0,00 sys=0,00, real=0,00 secs] 
16,338: [GC (Allocation Failure) [PSYoungGen: 52320K->96K(51712K)] 54120K->1896K(226816K), 0,0004854 secs] [Times: user=0,00 sys=0,00, real=0,00 secs] 
16,383: [GC (Allocation Failure) [PSYoungGen: 51296K->64K(50688K)] 53096K->1864K(225792K), 0,0004735 secs] [Times: user=0,00 sys=0,00, real=0,01 secs] 
16,428: [GC (Allocation Failure) [PSYoungGen: 50240K->96K(49664K)] 52040K->1896K(224768K), 0,0004870 secs] [Times: user=0,00 sys=0,00, real=0,00 secs] 
16,472: [GC (Allocation Failure) [PSYoungGen: 49248K->64K(48640K)] 51048K->1864K(223744K), 0,0004888 secs] [Times: user=0,00 sys=0,00, real=0,00 secs] 
16,516: [GC (Allocation Failure) [PSYoungGen: 48192K->96K(48128K)] 49992K->1896K(223232K), 0,0004956 secs] [Times: user=0,00 sys=0,00, real=0,00 secs] 
16,560: [GC (Allocation Failure) [PSYoungGen: 47712K->64K(47616K)] 49512K->1864K(222720K), 0,0004765 secs] [Times: user=0,00 sys=0,00, real=0,00 secs] 
16,601: [GC (Allocation Failure) [PSYoungGen: 47168K->96K(47104K)] 48968K->1896K(222208K), 0,0003769 secs] [Times: user=0,00 sys=0,00, real=0,00 secs] 
16,644: [GC (Allocation Failure) [PSYoungGen: 46688K->96K(46592K)] 48488K->1896K(221696K), 0,0004227 secs] [Times: user=0,00 sys=0,00, real=0,00 secs] 
16,686: [GC (Allocation Failure) [PSYoungGen: 46176K->64K(46080K)] 47976K->1864K(221184K), 0,0004669 secs] [Times: user=0,00 sys=0,00, real=0,00 secs] 
16,726: [GC (Allocation Failure) [PSYoungGen: 45632K->96K(45568K)] 47432K->1896K(220672K), 0,0004584 secs] [Times: user=0,00 sys=0,00, real=0,00 secs] 
16,766: [GC (Allocation Failure) [PSYoungGen: 45152K->32K(45056K)] 46952K->1832K(220160K), 0,0003589 secs] [Times: user=0,00 sys=0,00, real=0,00 secs] 
16,805: [GC (Allocation Failure) [PSYoungGen: 44576K->96K(44544K)] 46376K->1896K(219648K), 0,0003671 secs] [Times: user=0,00 sys=0,00, real=0,00 secs] 
16,843: [GC (Allocation Failure) [PSYoungGen: 44128K->96K(44032K)] 45928K->1896K(219136K), 0,0003981 secs] [Times: user=0,00 sys=0,00, real=0,00 secs] 
16,882: [GC (Allocation Failure) [PSYoungGen: 43616K->64K(43520K)] 45416K->1864K(218624K), 0,0005092 secs] [Times: user=0,00 sys=0,00, real=0,00 secs] 
16,921: [GC (Allocation Failure) [PSYoungGen: 43072K->96K(43008K)] 44872K->1896K(218112K), 0,0003886 secs] [Times: user=0,00 sys=0,00, real=0,00 secs] 
16,958: [GC (Allocation Failure) [PSYoungGen: 42592K->32K(51712K)] 44392K->1832K(226816K), 0,0004611 secs] [Times: user=0,00 sys=0,00, real=0,00 secs] 
17,004: [GC (Allocation Failure) [PSYoungGen: 51232K->96K(61952K)] 53032K->1896K(237056K), 0,0004808 secs] [Times: user=0,00 sys=0,00, real=0,00 secs] 
17,058: [GC (Allocation Failure) [PSYoungGen: 61536K->64K(60928K)] 63336K->1864K(236032K), 0,0004671 secs] [Times: user=0,00 sys=0,00, real=0,00 secs] 
17,111: [GC (Allocation Failure) [PSYoungGen: 60480K->96K(59904K)] 62280K->1896K(235008K), 0,0004973 secs] [Times: user=0,00 sys=0,01, real=0,00 secs] 
17,166: [GC (Allocation Failure) [PSYoungGen: 59488K->96K(58880K)] 61288K->1896K(233984K), 0,0004977 secs] [Times: user=0,00 sys=0,00, real=0,00 secs] 
17,221: [GC (Allocation Failure) [PSYoungGen: 58464K->96K(57856K)] 60264K->1896K(232960K), 0,0005339 secs] [Times: user=0,00 sys=0,00, real=0,00 secs] 
17,275: [GC (Allocation Failure) [PSYoungGen: 57440K->64K(56832K)] 59240K->1864K(231936K), 0,0004918 secs] [Times: user=0,00 sys=0,00, real=0,00 secs] 
17,327: [GC (Allocation Failure) [PSYoungGen: 56384K->64K(55808K)] 58184K->1864K(230912K), 0,0005140 secs] [Times: user=0,00 sys=0,00, real=0,00 secs] 
17,379: [GC (Allocation Failure) [PSYoungGen: 55360K->96K(54784K)] 57160K->1896K(229888K), 0,0004815 secs] [Times: user=0,00 sys=0,00, real=0,00 secs] 
17,428: [GC (Allocation Failure) [PSYoungGen: 54368K->64K(53760K)] 56168K->1864K(228864K), 0,0005739 secs] [Times: user=0,00 sys=0,00, real=0,00 secs] 
17,477: [GC (Allocation Failure) [PSYoungGen: 53312K->64K(52736K)] 55112K->1864K(227840K), 0,0005268 secs] [Times: user=0,00 sys=0,00, real=0,00 secs] 
17,525: [GC (Allocation Failure) [PSYoungGen: 52288K->96K(51712K)] 54088K->1896K(226816K), 0,0004983 secs] [Times: user=0,00 sys=0,00, real=0,00 secs] 
17,574: [GC (Allocation Failure) [PSYoungGen: 51296K->96K(50688K)] 53096K->1896K(225792K), 0,0004830 secs] [Times: user=0,00 sys=0,00, real=0,00 secs] 
17,621: [GC (Allocation Failure) [PSYoungGen: 50272K->96K(49664K)] 52072K->1896K(224768K), 0,0004195 secs] [Times: user=0,00 sys=0,00, real=0,00 secs] 
17,666: [GC (Allocation Failure) [PSYoungGen: 49248K->96K(48640K)] 51048K->1896K(223744K), 0,0004866 secs] [Times: user=0,00 sys=0,00, real=0,00 secs] 
17,708: [GC (Allocation Failure) [PSYoungGen: 48224K->96K(48128K)] 50024K->1896K(223232K), 0,0003892 secs] [Times: user=0,00 sys=0,00, real=0,00 secs] 
17,751: [GC (Allocation Failure) [PSYoungGen: 47712K->96K(47616K)] 49512K->1896K(222720K), 0,0004149 secs] [Times: user=0,00 sys=0,00, real=0,00 secs] 
17,795: [GC (Allocation Failure) [PSYoungGen: 47200K->96K(47104K)] 49000K->1896K(222208K), 0,0003850 secs] [Times: user=0,00 sys=0,00, real=0,00 secs] 
17,836: [GC (Allocation Failure) [PSYoungGen: 46688K->96K(46592K)] 48488K->1896K(221696K), 0,0003928 secs] [Times: user=0,00 sys=0,00, real=0,00 secs] 
17,877: [GC (Allocation Failure) [PSYoungGen: 46176K->64K(46080K)] 47976K->1864K(221184K), 0,0003743 secs] [Times: user=0,00 sys=0,00, real=0,00 secs] 
17,917: [GC (Allocation Failure) [PSYoungGen: 45632K->64K(45568K)] 47432K->1864K(220672K), 0,0005134 secs] [Times: user=0,00 sys=0,00, real=0,00 secs] 
17,958: [GC (Allocation Failure) [PSYoungGen: 45120K->64K(45056K)] 46920K->1864K(220160K), 0,0004794 secs] [Times: user=0,00 sys=0,00, real=0,00 secs] 
17,999: [GC (Allocation Failure) [PSYoungGen: 44608K->96K(44544K)] 46408K->1896K(219648K), 0,0004289 secs] [Times: user=0,01 sys=0,00, real=0,00 secs] 
18,039: [GC (Allocation Failure) [PSYoungGen: 44128K->96K(44032K)] 45928K->1896K(219136K), 0,0003804 secs] [Times: user=0,01 sys=0,00, real=0,00 secs] 
18,077: [GC (Allocation Failure) [PSYoungGen: 43616K->96K(43520K)] 45416K->1896K(218624K), 0,0003715 secs] [Times: user=0,00 sys=0,00, real=0,00 secs] 
18,117: [GC (Allocation Failure) [PSYoungGen: 43104K->96K(43008K)] 44904K->1896K(218112K), 0,0005241 secs] [Times: user=0,00 sys=0,00, real=0,00 secs] 
18,155: [GC (Allocation Failure) [PSYoungGen: 42592K->96K(42496K)] 44392K->1896K(217600K), 0,0004051 secs] [Times: user=0,00 sys=0,00, real=0,00 secs] 
18,193: [GC (Allocation Failure) [PSYoungGen: 42080K->96K(41984K)] 43880K->1896K(217088K), 0,0004188 secs] [Times: user=0,00 sys=0,00, real=0,00 secs] 
18,233: [GC (Allocation Failure) [PSYoungGen: 41568K->96K(50688K)] 43368K->1896K(225792K), 0,0005475 secs] [Times: user=0,00 sys=0,00, real=0,00 secs] 
18,278: [GC (Allocation Failure) [PSYoungGen: 50272K->96K(60928K)] 52072K->1896K(236032K), 0,0004603 secs] [Times: user=0,01 sys=0,00, real=0,00 secs] 
18,331: [GC (Allocation Failure) [PSYoungGen: 60512K->96K(59904K)] 62312K->1896K(235008K), 0,0004980 secs] [Times: user=0,00 sys=0,00, real=0,00 secs] 
18,386: [GC (Allocation Failure) [PSYoungGen: 59488K->96K(58880K)] 61288K->1896K(233984K), 0,0004711 secs] [Times: user=0,00 sys=0,00, real=0,00 secs] 
18,438: [GC (Allocation Failure) [PSYoungGen: 58464K->96K(57856K)] 60264K->1896K(232960K), 0,0005188 secs] [Times: user=0,00 sys=0,00, real=0,00 secs] 
18,490: [GC (Allocation Failure) [PSYoungGen: 57440K->96K(56832K)] 59240K->1896K(231936K), 0,0004812 secs] [Times: user=0,00 sys=0,00, real=0,00 secs] 
18,542: [GC (Allocation Failure) [PSYoungGen: 56416K->96K(55808K)] 58216K->1896K(230912K), 0,0004845 secs] [Times: user=0,00 sys=0,00, real=0,00 secs] 
18,593: [GC (Allocation Failure) [PSYoungGen: 55392K->96K(54784K)] 57192K->1896K(229888K), 0,0004564 secs] [Times: user=0,00 sys=0,00, real=0,00 secs] 
18,641: [GC (Allocation Failure) [PSYoungGen: 54368K->64K(53760K)] 56168K->1864K(228864K), 0,0004937 secs] [Times: user=0,00 sys=0,00, real=0,00 secs] 
18,689: [GC (Allocation Failure) [PSYoungGen: 53312K->96K(52736K)] 55112K->1896K(227840K), 0,0004918 secs] [Times: user=0,00 sys=0,00, real=0,00 secs] 
18,735: [GC (Allocation Failure) [PSYoungGen: 52320K->64K(51712K)] 54120K->1864K(226816K), 0,0004735 secs] [Times: user=0,00 sys=0,00, real=0,00 secs] 
18,780: [GC (Allocation Failure) [PSYoungGen: 51264K->96K(50688K)] 53064K->1896K(225792K), 0,0004592 secs] [Times: user=0,00 sys=0,00, real=0,00 secs] 
18,824: [GC (Allocation Failure) [PSYoungGen: 50272K->64K(49664K)] 52072K->1864K(224768K), 0,0004863 secs] [Times: user=0,00 sys=0,00, real=0,00 secs] 
18,867: [GC (Allocation Failure) [PSYoungGen: 49216K->64K(48640K)] 51016K->1864K(223744K), 0,0003916 secs] [Times: user=0,00 sys=0,00, real=0,00 secs] 
18,909: [GC (Allocation Failure) [PSYoungGen: 48192K->96K(48128K)] 49992K->1896K(223232K), 0,0003911 secs] [Times: user=0,00 sys=0,00, real=0,00 secs] 
18,953: [GC (Allocation Failure) [PSYoungGen: 47712K->32K(47616K)] 49512K->1832K(222720K), 0,0005238 secs] [Times: user=0,01 sys=0,00, real=0,01 secs] 
18,995: [GC (Allocation Failure) [PSYoungGen: 47136K->96K(47104K)] 48936K->1896K(222208K), 0,0004012 secs] [Times: user=0,00 sys=0,00, real=0,00 secs] 
19,039: [GC (Allocation Failure) [PSYoungGen: 46688K->96K(46592K)] 48488K->1896K(221696K), 0,0003891 secs] [Times: user=0,00 sys=0,00, real=0,00 secs] 
19,079: [GC (Allocation Failure) [PSYoungGen: 46176K->96K(46080K)] 47976K->1896K(221184K), 0,0004028 secs] [Times: user=0,00 sys=0,00, real=0,00 secs] 
19,119: [GC (Allocation Failure) [PSYoungGen: 45664K->96K(45568K)] 47464K->1896K(220672K), 0,0004008 secs] [Times: user=0,00 sys=0,00, real=0,00 secs] 
19,159: [GC (Allocation Failure) [PSYoungGen: 45152K->64K(45056K)] 46952K->1864K(220160K), 0,0003811 secs] [Times: user=0,00 sys=0,00, real=0,00 secs] 
19,199: [GC (Allocation Failure) [PSYoungGen: 44608K->96K(44544K)] 46408K->1896K(219648K), 0,0004670 secs] [Times: user=0,00 sys=0,00, real=0,00 secs] 
19,239: [GC (Allocation Failure) [PSYoungGen: 44128K->96K(53760K)] 45928K->1896K(228864K), 0,0005503 secs] [Times: user=0,00 sys=0,00, real=0,00 secs] 
19,286: [GC (Allocation Failure) [PSYoungGen: 53344K->64K(64512K)] 55144K->1864K(239616K), 0,0008921 secs] [Times: user=0,00 sys=0,00, real=0,00 secs] 
19,344: [GC (Allocation Failure) [PSYoungGen: 64064K->96K(77312K)] 65864K->1896K(252416K), 0,0005085 secs] [Times: user=0,00 sys=0,00, real=0,00 secs] 
19,413: [GC (Allocation Failure) [PSYoungGen: 76896K->64K(92672K)] 78696K->1864K(267776K), 0,0005378 secs] [Times: user=0,00 sys=0,00, real=0,01 secs] 
19,495: [GC (Allocation Failure) [PSYoungGen: 92224K->96K(90112K)] 94024K->1896K(265216K), 0,0005414 secs] [Times: user=0,00 sys=0,00, real=0,00 secs] 
19,575: [GC (Allocation Failure) [PSYoungGen: 89696K->96K(87552K)] 91496K->1896K(262656K), 0,0004893 secs] [Times: user=0,00 sys=0,00, real=0,00 secs] 
19,656: [GC (Allocation Failure) [PSYoungGen: 87136K->64K(85504K)] 88936K->1864K(260608K), 0,0005489 secs] [Times: user=0,00 sys=0,00, real=0,00 secs] 
19,734: [GC (Allocation Failure) [PSYoungGen: 85056K->96K(83456K)] 86856K->1896K(258560K), 0,0005578 secs] [Times: user=0,00 sys=0,00, real=0,00 secs] 
19,812: [GC (Allocation Failure) [PSYoungGen: 83040K->64K(81408K)] 84840K->1864K(256512K), 0,0005369 secs] [Times: user=0,00 sys=0,01, real=0,00 secs] 
19,885: [GC (Allocation Failure) [PSYoungGen: 80960K->32K(79360K)] 82760K->1832K(254464K), 0,0004994 secs] [Times: user=0,00 sys=0,00, real=0,00 secs] 
19,955: [GC (Allocation Failure) [PSYoungGen: 78880K->32K(77312K)] 80680K->1832K(252416K), 0,0005067 secs] [Times: user=0,00 sys=0,00, real=0,00 secs] 
20,022: [GC (Allocation Failure) [PSYoungGen: 76832K->96K(75264K)] 78632K->1896K(250368K), 0,0005041 secs] [Times: user=0,00 sys=0,00, real=0,00 secs] 
20,088: [GC (Allocation Failure) [PSYoungGen: 74848K->96K(73728K)] 76648K->1896K(248832K), 0,0005118 secs] [Times: user=0,00 sys=0,00, real=0,00 secs] 
20,154: [GC (Allocation Failure) [PSYoungGen: 73312K->96K(72192K)] 75112K->1904K(247296K), 0,0005358 secs] [Times: user=0,00 sys=0,00, real=0,00 secs] 
20,220: [GC (Allocation Failure) [PSYoungGen: 71776K->96K(70656K)] 73584K->1904K(245760K), 0,0005226 secs] [Times: user=0,00 sys=0,00, real=0,00 secs] 
20,289: [GC (Allocation Failure) [PSYoungGen: 70240K->96K(69120K)] 72048K->1904K(244224K), 0,0005124 secs] [Times: user=0,00 sys=0,00, real=0,00 secs] 
20,350: [GC (Allocation Failure) [PSYoungGen: 68704K->96K(67584K)] 70512K->1928K(242688K), 0,0005093 secs] [Times: user=0,00 sys=0,00, real=0,00 secs] 
20,410: [GC (Allocation Failure) [PSYoungGen: 67168K->32K(66048K)] 69000K->1864K(241152K), 0,0005242 secs] [Times: user=0,00 sys=0,00, real=0,00 secs] 
20,471: [GC (Allocation Failure) [PSYoungGen: 65568K->96K(64512K)] 67400K->1928K(239616K), 0,0005148 secs] [Times: user=0,00 sys=0,00, real=0,00 secs] 
20,528: [GC (Allocation Failure) [PSYoungGen: 64095K->96K(62976K)] 65927K->1928K(238080K), 0,0005252 secs] [Times: user=0,00 sys=0,00, real=0,00 secs] 
20,583: [GC (Allocation Failure) [PSYoungGen: 62560K->96K(61952K)] 64392K->1928K(237056K), 0,0005029 secs] [Times: user=0,01 sys=0,00, real=0,00 secs] 
20,637: [GC (Allocation Failure) [PSYoungGen: 61536K->32K(60928K)] 63368K->1864K(236032K), 0,0004818 secs] [Times: user=0,00 sys=0,00, real=0,00 secs] 
20,692: [GC (Allocation Failure) [PSYoungGen: 60448K->96K(59904K)] 62280K->1928K(235008K), 0,0004968 secs] [Times: user=0,00 sys=0,00, real=0,00 secs] 
20,745: [GC (Allocation Failure) [PSYoungGen: 59488K->96K(58880K)] 61320K->1928K(233984K), 0,0004691 secs] [Times: user=0,00 sys=0,00, real=0,00 secs] 
20,799: [GC (Allocation Failure) [PSYoungGen: 58464K->96K(57856K)] 60296K->1928K(232960K), 0,0005085 secs] [Times: user=0,00 sys=0,00, real=0,00 secs] 
20,852: [GC (Allocation Failure) [PSYoungGen: 57440K->96K(56832K)] 59272K->1928K(231936K), 0,0004722 secs] [Times: user=0,01 sys=0,00, real=0,00 secs] 
20,902: [GC (Allocation Failure) [PSYoungGen: 56416K->64K(55808K)] 58248K->1896K(230912K), 0,0004755 secs] [Times: user=0,01 sys=0,00, real=0,00 secs] 
20,951: [GC (Allocation Failure) [PSYoungGen: 55360K->64K(54784K)] 57192K->1896K(229888K), 0,0004798 secs] [Times: user=0,01 sys=0,00, real=0,00 secs] 
21,002: [GC (Allocation Failure) [PSYoungGen: 54336K->64K(53760K)] 56168K->1896K(228864K), 0,0004919 secs] [Times: user=0,01 sys=0,00, real=0,00 secs] 
21,049: [GC (Allocation Failure) [PSYoungGen: 53312K->64K(52736K)] 55144K->1896K(227840K), 0,0004703 secs] [Times: user=0,00 sys=0,00, real=0,00 secs] 
21,095: [GC (Allocation Failure) [PSYoungGen: 52288K->96K(51712K)] 54120K->1928K(226816K), 0,0004652 secs] [Times: user=0,00 sys=0,00, real=0,00 secs] 
21,140: [GC (Allocation Failure) [PSYoungGen: 51296K->96K(50688K)] 53128K->1928K(225792K), 0,0004819 secs] [Times: user=0,01 sys=0,00, real=0,00 secs] 
21,185: [GC (Allocation Failure) [PSYoungGen: 50272K->96K(49664K)] 52104K->1928K(224768K), 0,0004790 secs] [Times: user=0,00 sys=0,00, real=0,00 secs] 
21,230: [GC (Allocation Failure) [PSYoungGen: 49248K->96K(48640K)] 51080K->1928K(223744K), 0,0005207 secs] [Times: user=0,01 sys=0,00, real=0,00 secs] 
21,274: [GC (Allocation Failure) [PSYoungGen: 48224K->96K(48128K)] 50056K->1928K(223232K), 0,0005099 secs] [Times: user=0,00 sys=0,00, real=0,00 secs] 
21,317: [GC (Allocation Failure) [PSYoungGen: 47712K->64K(47616K)] 49544K->1896K(222720K), 0,0004637 secs] [Times: user=0,00 sys=0,00, real=0,00 secs] 
21,359: [GC (Allocation Failure) [PSYoungGen: 47168K->96K(47104K)] 49000K->1928K(222208K), 0,0004083 secs] [Times: user=0,00 sys=0,00, real=0,00 secs] 
21,401: [GC (Allocation Failure) [PSYoungGen: 46688K->96K(46592K)] 48520K->1928K(221696K), 0,0004139 secs] [Times: user=0,00 sys=0,00, real=0,00 secs] 
21,443: [GC (Allocation Failure) [PSYoungGen: 46176K->96K(46080K)] 48008K->1928K(221184K), 0,0004902 secs] [Times: user=0,00 sys=0,00, real=0,00 secs] 
21,484: [GC (Allocation Failure) [PSYoungGen: 45664K->64K(45568K)] 47496K->1896K(220672K), 0,0004792 secs] [Times: user=0,00 sys=0,00, real=0,00 secs] 
21,524: [GC (Allocation Failure) [PSYoungGen: 45120K->96K(54784K)] 46952K->1928K(229888K), 0,0004767 secs] [Times: user=0,00 sys=0,00, real=0,00 secs] 
21,572: [GC (Allocation Failure) [PSYoungGen: 54368K->64K(53760K)] 56200K->1896K(228864K), 0,0004665 secs] [Times: user=0,00 sys=0,00, real=0,00 secs] 
21,620: [GC (Allocation Failure) [PSYoungGen: 53312K->32K(52736K)] 55144K->1864K(227840K), 0,0005084 secs] [Times: user=0,00 sys=0,00, real=0,00 secs] 
21,667: [GC (Allocation Failure) [PSYoungGen: 52256K->96K(51712K)] 54088K->1928K(226816K), 0,0004596 secs] [Times: user=0,00 sys=0,00, real=0,00 secs] 
21,712: [GC (Allocation Failure) [PSYoungGen: 51296K->96K(50688K)] 53128K->1928K(225792K), 0,0004875 secs] [Times: user=0,00 sys=0,00, real=0,01 secs] 
21,757: [GC (Allocation Failure) [PSYoungGen: 50272K->96K(49664K)] 52104K->1928K(224768K), 0,0004734 secs] [Times: user=0,00 sys=0,00, real=0,00 secs] 
21,802: [GC (Allocation Failure) [PSYoungGen: 49248K->96K(48640K)] 51080K->1928K(223744K), 0,0004306 secs] [Times: user=0,00 sys=0,00, real=0,00 secs] 
21,844: [GC (Allocation Failure) [PSYoungGen: 48224K->96K(48128K)] 50056K->1928K(223232K), 0,0004687 secs] [Times: user=0,00 sys=0,00, real=0,00 secs] 
21,886: [GC (Allocation Failure) [PSYoungGen: 47712K->96K(47616K)] 49544K->1928K(222720K), 0,0004811 secs] [Times: user=0,00 sys=0,00, real=0,00 secs] 
21,928: [GC (Allocation Failure) [PSYoungGen: 47200K->96K(47104K)] 49032K->1928K(222208K), 0,0004575 secs] [Times: user=0,00 sys=0,00, real=0,00 secs] 
21,972: [GC (Allocation Failure) [PSYoungGen: 46688K->64K(56832K)] 48520K->1896K(231936K), 0,0005092 secs] [Times: user=0,00 sys=0,00, real=0,00 secs] 
22,022: [GC (Allocation Failure) [PSYoungGen: 56384K->96K(55808K)] 58216K->1928K(230912K), 0,0005068 secs] [Times: user=0,00 sys=0,00, real=0,01 secs] 
22,071: [GC (Allocation Failure) [PSYoungGen: 55392K->32K(54784K)] 57224K->1864K(229888K), 0,0004609 secs] [Times: user=0,00 sys=0,00, real=0,00 secs] 
22,120: [GC (Allocation Failure) [PSYoungGen: 54304K->64K(53760K)] 56136K->1896K(228864K), 0,0004712 secs] [Times: user=0,00 sys=0,00, real=0,00 secs] 
22,167: [GC (Allocation Failure) [PSYoungGen: 53312K->96K(52736K)] 55144K->1928K(227840K), 0,0004819 secs] [Times: user=0,00 sys=0,00, real=0,00 secs] 
22,215: [GC (Allocation Failure) [PSYoungGen: 52320K->64K(51712K)] 54152K->1896K(226816K), 0,0004747 secs] [Times: user=0,00 sys=0,00, real=0,00 secs] 
22,262: [GC (Allocation Failure) [PSYoungGen: 51264K->96K(50688K)] 53096K->1928K(225792K), 0,0005265 secs] [Times: user=0,00 sys=0,00, real=0,00 secs] 
22,307: [GC (Allocation Failure) [PSYoungGen: 50272K->64K(49664K)] 52104K->1896K(224768K), 0,0004830 secs] [Times: user=0,00 sys=0,00, real=0,00 secs] 
22,351: [GC (Allocation Failure) [PSYoungGen: 49216K->96K(48640K)] 51048K->1928K(223744K), 0,0004625 secs] [Times: user=0,00 sys=0,00, real=0,00 secs] 
22,394: [GC (Allocation Failure) [PSYoungGen: 48224K->96K(48128K)] 50056K->1928K(223232K), 0,0004801 secs] [Times: user=0,00 sys=0,00, real=0,00 secs] 
22,437: [GC (Allocation Failure) [PSYoungGen: 47712K->32K(47616K)] 49544K->1864K(222720K), 0,0004796 secs] [Times: user=0,00 sys=0,00, real=0,00 secs] 
22,481: [GC (Allocation Failure) [PSYoungGen: 47136K->64K(47104K)] 48968K->1896K(222208K), 0,0004844 secs] [Times: user=0,00 sys=0,00, real=0,00 secs] 
22,523: [GC (Allocation Failure) [PSYoungGen: 46656K->64K(56832K)] 48488K->1896K(231936K), 0,0004881 secs] [Times: user=0,00 sys=0,00, real=0,01 secs] 
22,572: [GC (Allocation Failure) [PSYoungGen: 56384K->96K(55808K)] 58216K->1928K(230912K), 0,0004704 secs] [Times: user=0,00 sys=0,00, real=0,01 secs] 
22,623: [GC (Allocation Failure) [PSYoungGen: 55392K->64K(54784K)] 57224K->1896K(229888K), 0,0004770 secs] [Times: user=0,00 sys=0,00, real=0,01 secs] 
22,672: [GC (Allocation Failure) [PSYoungGen: 54336K->64K(53760K)] 56168K->1896K(228864K), 0,0004862 secs] [Times: user=0,00 sys=0,00, real=0,01 secs] 
22,722: [GC (Allocation Failure) [PSYoungGen: 53312K->96K(52736K)] 55144K->1928K(227840K), 0,0005095 secs] [Times: user=0,00 sys=0,00, real=0,00 secs] 
22,769: [GC (Allocation Failure) [PSYoungGen: 52320K->64K(51712K)] 54152K->1896K(226816K), 0,0004737 secs] [Times: user=0,00 sys=0,00, real=0,00 secs] 
22,815: [GC (Allocation Failure) [PSYoungGen: 51264K->64K(50688K)] 53096K->1896K(225792K), 0,0004886 secs] [Times: user=0,00 sys=0,00, real=0,00 secs] 
22,860: [GC (Allocation Failure) [PSYoungGen: 50240K->96K(49664K)] 52072K->1928K(224768K), 0,0004663 secs] [Times: user=0,00 sys=0,00, real=0,00 secs] 
22,905: [GC (Allocation Failure) [PSYoungGen: 49248K->64K(48640K)] 51080K->1896K(223744K), 0,0004991 secs] [Times: user=0,00 sys=0,00, real=0,00 secs] 
22,951: [GC (Allocation Failure) [PSYoungGen: 48192K->96K(48128K)] 50024K->1928K(223232K), 0,0005037 secs] [Times: user=0,00 sys=0,00, real=0,00 secs] 
22,996: [GC (Allocation Failure) [PSYoungGen: 47712K->32K(47616K)] 49544K->1864K(222720K), 0,0004808 secs] [Times: user=0,00 sys=0,00, real=0,00 secs] 
23,038: [GC (Allocation Failure) [PSYoungGen: 47136K->64K(47104K)] 48968K->1896K(222208K), 0,0004899 secs] [Times: user=0,00 sys=0,00, real=0,00 secs] 
23,079: [GC (Allocation Failure) [PSYoungGen: 46656K->64K(46592K)] 48488K->1896K(221696K), 0,0004016 secs] [Times: user=0,00 sys=0,00, real=0,00 secs] 
23,121: [GC (Allocation Failure) [PSYoungGen: 46144K->96K(55808K)] 47976K->1928K(230912K), 0,0005217 secs] [Times: user=0,00 sys=0,00, real=0,00 secs] 
23,170: [GC (Allocation Failure) [PSYoungGen: 55392K->32K(54784K)] 57224K->1864K(229888K), 0,0004851 secs] [Times: user=0,00 sys=0,00, real=0,00 secs] 
23,219: [GC (Allocation Failure) [PSYoungGen: 54304K->64K(53760K)] 56136K->1896K(228864K), 0,0005074 secs] [Times: user=0,00 sys=0,00, real=0,00 secs] 
23,267: [GC (Allocation Failure) [PSYoungGen: 53312K->64K(52736K)] 55144K->1896K(227840K), 0,0005452 secs] [Times: user=0,00 sys=0,00, real=0,00 secs] 
23,316: [GC (Allocation Failure) [PSYoungGen: 52288K->64K(51712K)] 54120K->1896K(226816K), 0,0004943 secs] [Times: user=0,01 sys=0,00, real=0,00 secs] 
23,364: [GC (Allocation Failure) [PSYoungGen: 51264K->96K(50688K)] 53096K->1928K(225792K), 0,0005138 secs] [Times: user=0,00 sys=0,00, real=0,00 secs] 
23,412: [GC (Allocation Failure) [PSYoungGen: 50272K->96K(49664K)] 52104K->1928K(224768K), 0,0004916 secs] [Times: user=0,00 sys=0,00, real=0,00 secs] 
23,457: [GC (Allocation Failure) [PSYoungGen: 49248K->64K(48640K)] 51080K->1896K(223744K), 0,0005084 secs] [Times: user=0,00 sys=0,00, real=0,00 secs] 
23,500: [GC (Allocation Failure) [PSYoungGen: 48192K->96K(48128K)] 50024K->1928K(223232K), 0,0004856 secs] [Times: user=0,00 sys=0,00, real=0,00 secs] 
23,543: [GC (Allocation Failure) [PSYoungGen: 47712K->96K(47616K)] 49544K->1928K(222720K), 0,0004142 secs] [Times: user=0,00 sys=0,00, real=0,00 secs] 
23,586: [GC (Allocation Failure) [PSYoungGen: 47200K->96K(47104K)] 49032K->1928K(222208K), 0,0003985 secs] [Times: user=0,00 sys=0,00, real=0,00 secs] 
23,628: [GC (Allocation Failure) [PSYoungGen: 46688K->64K(46592K)] 48520K->1896K(221696K), 0,0004926 secs] [Times: user=0,00 sys=0,00, real=0,00 secs] 
23,670: [GC (Allocation Failure) [PSYoungGen: 46144K->96K(46080K)] 47976K->1928K(221184K), 0,0004556 secs] [Times: user=0,00 sys=0,00, real=0,00 secs] 
23,710: [GC (Allocation Failure) [PSYoungGen: 45664K->64K(45568K)] 47496K->1896K(220672K), 0,0003887 secs] [Times: user=0,00 sys=0,00, real=0,00 secs] 
23,751: [GC (Allocation Failure) [PSYoungGen: 45120K->32K(45056K)] 46952K->1864K(220160K), 0,0004777 secs] [Times: user=0,00 sys=0,00, real=0,00 secs] 
23,792: [GC (Allocation Failure) [PSYoungGen: 44576K->64K(54272K)] 46408K->1896K(229376K), 0,0004858 secs] [Times: user=0,01 sys=0,00, real=0,01 secs] 
23,840: [GC (Allocation Failure) [PSYoungGen: 53824K->96K(53248K)] 55656K->1928K(228352K), 0,0004223 secs] [Times: user=0,00 sys=0,00, real=0,00 secs] 
23,886: [GC (Allocation Failure) [PSYoungGen: 52832K->32K(52224K)] 54664K->1864K(227328K), 0,0004692 secs] [Times: user=0,00 sys=0,00, real=0,00 secs] 
23,935: [GC (Allocation Failure) [PSYoungGen: 51744K->96K(51200K)] 53576K->1928K(226304K), 0,0012257 secs] [Times: user=0,00 sys=0,00, real=0,00 secs] 
23,981: [GC (Allocation Failure) [PSYoungGen: 50784K->96K(50176K)] 52616K->1928K(225280K), 0,0004924 secs] [Times: user=0,00 sys=0,00, real=0,00 secs] 
24,025: [GC (Allocation Failure) [PSYoungGen: 49760K->96K(49152K)] 51592K->1928K(224256K), 0,0004923 secs] [Times: user=0,00 sys=0,00, real=0,00 secs] 
24,068: [GC (Allocation Failure) [PSYoungGen: 48736K->96K(48128K)] 50568K->1928K(223232K), 0,0004693 secs] [Times: user=0,00 sys=0,00, real=0,00 secs] 
24,110: [GC (Allocation Failure) [PSYoungGen: 47712K->32K(47616K)] 49544K->1864K(222720K), 0,0004515 secs] [Times: user=0,00 sys=0,00, real=0,00 secs] 
24,152: [GC (Allocation Failure) [PSYoungGen: 47136K->96K(47104K)] 48968K->1928K(222208K), 0,0003812 secs] [Times: user=0,00 sys=0,00, real=0,00 secs] 
24,193: [GC (Allocation Failure) [PSYoungGen: 46688K->96K(46592K)] 48520K->1928K(221696K), 0,0004120 secs] [Times: user=0,00 sys=0,00, real=0,00 secs] 
24,234: [GC (Allocation Failure) [PSYoungGen: 46176K->64K(46080K)] 48008K->1896K(221184K), 0,0005224 secs] [Times: user=0,00 sys=0,00, real=0,00 secs] 
24,276: [GC (Allocation Failure) [PSYoungGen: 45632K->64K(55296K)] 47464K->1896K(230400K), 0,0005472 secs] [Times: user=0,00 sys=0,00, real=0,00 secs] 
24,324: [GC (Allocation Failure) [PSYoungGen: 54848K->32K(66560K)] 56680K->1864K(241664K), 0,0004864 secs] [Times: user=0,00 sys=0,00, real=0,00 secs] 
24,383: [GC (Allocation Failure) [PSYoungGen: 66080K->96K(65024K)] 67912K->1928K(240128K), 0,0004752 secs] [Times: user=0,00 sys=0,00, real=0,00 secs] 
24,441: [GC (Allocation Failure) [PSYoungGen: 64608K->96K(63488K)] 66440K->1928K(238592K), 0,0005134 secs] [Times: user=0,00 sys=0,00, real=0,00 secs] 
24,500: [GC (Allocation Failure) [PSYoungGen: 63072K->64K(61952K)] 64904K->1896K(237056K), 0,0005128 secs] [Times: user=0,01 sys=0,01, real=0,00 secs] 
24,558: [GC (Allocation Failure) [PSYoungGen: 61504K->96K(60928K)] 63336K->1928K(236032K), 0,0005050 secs] [Times: user=0,00 sys=0,00, real=0,00 secs] 
24,615: [GC (Allocation Failure) [PSYoungGen: 60512K->96K(59904K)] 62344K->1928K(235008K), 0,0004969 secs] [Times: user=0,00 sys=0,00, real=0,00 secs] 
24,668: [GC (Allocation Failure) [PSYoungGen: 59488K->64K(58880K)] 61320K->1896K(233984K), 0,0004669 secs] [Times: user=0,01 sys=0,00, real=0,00 secs] 
24,722: [GC (Allocation Failure) [PSYoungGen: 58432K->96K(57856K)] 60264K->1928K(232960K), 0,0005010 secs] [Times: user=0,00 sys=0,00, real=0,00 secs] 
24,776: [GC (Allocation Failure) [PSYoungGen: 57440K->96K(56832K)] 59272K->1928K(231936K), 0,0004713 secs] [Times: user=0,00 sys=0,00, real=0,00 secs] 
24,825: [GC (Allocation Failure) [PSYoungGen: 56416K->96K(55808K)] 58248K->1928K(230912K), 0,0004570 secs] [Times: user=0,00 sys=0,00, real=0,00 secs] 
24,875: [GC (Allocation Failure) [PSYoungGen: 55392K->96K(54784K)] 57224K->1928K(229888K), 0,0005135 secs] [Times: user=0,00 sys=0,00, real=0,00 secs] 
24,923: [GC (Allocation Failure) [PSYoungGen: 54368K->64K(53760K)] 56200K->1896K(228864K), 0,0005156 secs] [Times: user=0,00 sys=0,00, real=0,00 secs] 
24,970: [GC (Allocation Failure) [PSYoungGen: 53312K->96K(52736K)] 55144K->1928K(227840K), 0,0004767 secs] [Times: user=0,00 sys=0,00, real=0,00 secs] 
25,018: [GC (Allocation Failure) [PSYoungGen: 52320K->64K(51712K)] 54152K->1896K(226816K), 0,0004624 secs] [Times: user=0,00 sys=0,00, real=0,00 secs] 
25,064: [GC (Allocation Failure) [PSYoungGen: 51264K->96K(50688K)] 53096K->1928K(225792K), 0,0005175 secs] [Times: user=0,00 sys=0,00, real=0,00 secs] 
25,111: [GC (Allocation Failure) [PSYoungGen: 50272K->96K(60928K)] 52104K->1928K(236032K), 0,0009560 secs] [Times: user=0,00 sys=0,00, real=0,00 secs] 
25,168: [GC (Allocation Failure) [PSYoungGen: 60512K->64K(73216K)] 62344K->1896K(248320K), 0,0004987 secs] [Times: user=0,00 sys=0,00, real=0,00 secs] 
25,233: [GC (Allocation Failure) [PSYoungGen: 72768K->96K(71680K)] 74600K->1928K(246784K), 0,0005251 secs] [Times: user=0,01 sys=0,00, real=0,00 secs] 
25,298: [GC (Allocation Failure) [PSYoungGen: 71264K->96K(70144K)] 73096K->1928K(245248K), 0,0005223 secs] [Times: user=0,00 sys=0,00, real=0,00 secs] 
25,361: [GC (Allocation Failure) [PSYoungGen: 69728K->96K(68608K)] 71560K->1928K(243712K), 0,0005011 secs] [Times: user=0,00 sys=0,00, real=0,00 secs] 
25,423: [GC (Allocation Failure) [PSYoungGen: 68192K->64K(67072K)] 70024K->1896K(242176K), 0,0005000 secs] [Times: user=0,01 sys=0,00, real=0,01 secs] 
25,482: [GC (Allocation Failure) [PSYoungGen: 66624K->96K(65536K)] 68456K->1928K(240640K), 0,0005164 secs] [Times: user=0,01 sys=0,00, real=0,01 secs] 
25,540: [GC (Allocation Failure) [PSYoungGen: 65120K->64K(64000K)] 66952K->1896K(239104K), 0,0005146 secs] [Times: user=0,00 sys=0,00, real=0,00 secs] 
25,597: [GC (Allocation Failure) [PSYoungGen: 63552K->96K(62464K)] 65384K->1928K(237568K), 0,0004824 secs] [Times: user=0,00 sys=0,00, real=0,00 secs] 
25,651: [GC (Allocation Failure) [PSYoungGen: 62048K->96K(61440K)] 63880K->1928K(236544K), 0,0004524 secs] [Times: user=0,00 sys=0,00, real=0,00 secs] 
25,705: [GC (Allocation Failure) [PSYoungGen: 61024K->32K(60416K)] 62856K->1864K(235520K), 0,0004545 secs] [Times: user=0,00 sys=0,00, real=0,00 secs] 
25,759: [GC (Allocation Failure) [PSYoungGen: 59936K->96K(59392K)] 61768K->1928K(234496K), 0,0004961 secs] [Times: user=0,00 sys=0,00, real=0,00 secs] 
25,813: [GC (Allocation Failure) [PSYoungGen: 58976K->32K(58368K)] 60808K->1864K(233472K), 0,0004443 secs] [Times: user=0,00 sys=0,00, real=0,00 secs] 
25,864: [GC (Allocation Failure) [PSYoungGen: 57888K->96K(57344K)] 59720K->1928K(232448K), 0,0004832 secs] [Times: user=0,00 sys=0,00, real=0,00 secs] 
25,915: [GC (Allocation Failure) [PSYoungGen: 56928K->96K(56320K)] 58760K->1928K(231424K), 0,0005072 secs] [Times: user=0,00 sys=0,00, real=0,00 secs] 
25,965: [GC (Allocation Failure) [PSYoungGen: 55904K->96K(55296K)] 57736K->1928K(230400K), 0,0005044 secs] [Times: user=0,00 sys=0,00, real=0,00 secs] 
26,018: [GC (Allocation Failure) [PSYoungGen: 54880K->96K(54272K)] 56712K->1928K(229376K), 0,0004882 secs] [Times: user=0,00 sys=0,00, real=0,00 secs] 
26,067: [GC (Allocation Failure) [PSYoungGen: 53856K->96K(53248K)] 55688K->1928K(228352K), 0,0004803 secs] [Times: user=0,00 sys=0,00, real=0,00 secs] 
26,115: [GC (Allocation Failure) [PSYoungGen: 52832K->32K(52224K)] 54664K->1864K(227328K), 0,0006057 secs] [Times: user=0,00 sys=0,00, real=0,00 secs] 
26,162: [GC (Allocation Failure) [PSYoungGen: 51744K->96K(51200K)] 53576K->1928K(226304K), 0,0003879 secs] [Times: user=0,00 sys=0,00, real=0,00 secs] 
26,207: [GC (Allocation Failure) [PSYoungGen: 50783K->96K(50176K)] 52615K->1928K(225280K), 0,0004646 secs] [Times: user=0,00 sys=0,00, real=0,00 secs] 
26,253: [GC (Allocation Failure) [PSYoungGen: 49760K->64K(49152K)] 51592K->1896K(224256K), 0,0005296 secs] [Times: user=0,00 sys=0,00, real=0,00 secs] 
26,298: [GC (Allocation Failure) [PSYoungGen: 48704K->64K(48128K)] 50536K->1896K(223232K), 0,0005100 secs] [Times: user=0,01 sys=0,00, real=0,00 secs] 
26,340: [GC (Allocation Failure) [PSYoungGen: 47680K->96K(47616K)] 49512K->1928K(222720K), 0,0004634 secs] [Times: user=0,00 sys=0,00, real=0,00 secs] 
26,382: [GC (Allocation Failure) [PSYoungGen: 47200K->64K(47104K)] 49032K->1896K(222208K), 0,0003920 secs] [Times: user=0,00 sys=0,00, real=0,00 secs] 
26,423: [GC (Allocation Failure) [PSYoungGen: 46656K->64K(46592K)] 48488K->1896K(221696K), 0,0004790 secs] [Times: user=0,00 sys=0,00, real=0,00 secs] 
26,464: [GC (Allocation Failure) [PSYoungGen: 46144K->96K(46080K)] 47976K->1928K(221184K), 0,0004521 secs] [Times: user=0,00 sys=0,00, real=0,00 secs] 
26,505: [GC (Allocation Failure) [PSYoungGen: 45664K->96K(55296K)] 47496K->1928K(230400K), 0,0004796 secs] [Times: user=0,00 sys=0,00, real=0,00 secs] 
26,555: [GC (Allocation Failure) [PSYoungGen: 54880K->96K(54272K)] 56712K->1928K(229376K), 0,0004040 secs] [Times: user=0,00 sys=0,00, real=0,00 secs] 
26,603: [GC (Allocation Failure) [PSYoungGen: 53856K->96K(53248K)] 55688K->1928K(228352K), 0,0004308 secs] [Times: user=0,00 sys=0,00, real=0,00 secs] 
26,652: [GC (Allocation Failure) [PSYoungGen: 52832K->96K(52224K)] 54664K->1928K(227328K), 0,0003902 secs] [Times: user=0,00 sys=0,00, real=0,01 secs] 
26,698: [GC (Allocation Failure) [PSYoungGen: 51808K->64K(51200K)] 53640K->1896K(226304K), 0,0003786 secs] [Times: user=0,00 sys=0,00, real=0,00 secs] 
26,743: [GC (Allocation Failure) [PSYoungGen: 50752K->96K(50176K)] 52584K->1928K(225280K), 0,0004173 secs] [Times: user=0,00 sys=0,00, real=0,01 secs] 
26,788: [GC (Allocation Failure) [PSYoungGen: 49760K->96K(49152K)] 51592K->1928K(224256K), 0,0004136 secs] [Times: user=0,00 sys=0,00, real=0,00 secs] 
26,831: [GC (Allocation Failure) [PSYoungGen: 48736K->64K(48128K)] 50568K->1896K(223232K), 0,0005031 secs] [Times: user=0,00 sys=0,00, real=0,00 secs] 
26,873: [GC (Allocation Failure) [PSYoungGen: 47680K->96K(47616K)] 49512K->1928K(222720K), 0,0004730 secs] [Times: user=0,00 sys=0,00, real=0,00 secs] 
26,916: [GC (Allocation Failure) [PSYoungGen: 47200K->64K(47104K)] 49032K->1896K(222208K), 0,0004660 secs] [Times: user=0,00 sys=0,00, real=0,00 secs] 
26,959: [GC (Allocation Failure) [PSYoungGen: 46656K->96K(46592K)] 48488K->1928K(221696K), 0,0004331 secs] [Times: user=0,00 sys=0,00, real=0,00 secs] 
27,000: [GC (Allocation Failure) [PSYoungGen: 46176K->96K(46080K)] 48008K->1928K(221184K), 0,0004023 secs] [Times: user=0,00 sys=0,00, real=0,00 secs] 
27,041: [GC (Allocation Failure) [PSYoungGen: 45664K->96K(45568K)] 47496K->1928K(220672K), 0,0003877 secs] [Times: user=0,00 sys=0,00, real=0,00 secs] 
27,082: [GC (Allocation Failure) [PSYoungGen: 45152K->96K(45056K)] 46984K->1928K(220160K), 0,0004128 secs] [Times: user=0,00 sys=0,00, real=0,00 secs] 
27,123: [GC (Allocation Failure) [PSYoungGen: 44640K->96K(44544K)] 46472K->1928K(219648K), 0,0003993 secs] [Times: user=0,00 sys=0,00, real=0,00 secs] 
27,164: [GC (Allocation Failure) [PSYoungGen: 44128K->96K(44032K)] 45960K->1928K(219136K), 0,0004752 secs] [Times: user=0,00 sys=0,01, real=0,00 secs] 
27,203: [GC (Allocation Failure) [PSYoungGen: 43616K->96K(43520K)] 45448K->1928K(218624K), 0,0003841 secs] [Times: user=0,01 sys=0,00, real=0,01 secs] 
27,242: [GC (Allocation Failure) [PSYoungGen: 43104K->64K(52224K)] 44936K->1896K(227328K), 0,0008664 secs] [Times: user=0,01 sys=0,00, real=0,01 secs] 
27,290: [GC (Allocation Failure) [PSYoungGen: 51776K->96K(62976K)] 53608K->1928K(238080K), 0,0004758 secs] [Times: user=0,00 sys=0,00, real=0,00 secs] 
27,345: [GC (Allocation Failure) [PSYoungGen: 62560K->64K(75776K)] 64392K->1896K(250880K), 0,0004812 secs] [Times: user=0,00 sys=0,00, real=0,00 secs] 
27,411: [GC (Allocation Failure) [PSYoungGen: 75328K->64K(74240K)] 77160K->1896K(249344K), 0,0004907 secs] [Times: user=0,01 sys=0,00, real=0,00 secs] 
27,478: [GC (Allocation Failure) [PSYoungGen: 73792K->32K(72704K)] 75624K->1864K(247808K), 0,0004974 secs] [Times: user=0,00 sys=0,00, real=0,00 secs] 
27,545: [GC (Allocation Failure) [PSYoungGen: 72224K->96K(71168K)] 74056K->1928K(246272K), 0,0004998 secs] [Times: user=0,00 sys=0,00, real=0,00 secs] 
27,607: [GC (Allocation Failure) [PSYoungGen: 70752K->64K(69632K)] 72584K->1896K(244736K), 0,0004831 secs] [Times: user=0,00 sys=0,00, real=0,00 secs] 
27,668: [GC (Allocation Failure) [PSYoungGen: 69184K->64K(68096K)] 71016K->1896K(243200K), 0,0005082 secs] [Times: user=0,00 sys=0,00, real=0,00 secs] 
27,727: [GC (Allocation Failure) [PSYoungGen: 67648K->96K(66560K)] 69480K->1928K(241664K), 0,0004856 secs] [Times: user=0,00 sys=0,00, real=0,00 secs] 
27,786: [GC (Allocation Failure) [PSYoungGen: 66144K->64K(65024K)] 67976K->1896K(240128K), 0,0004690 secs] [Times: user=0,00 sys=0,00, real=0,00 secs] 
27,844: [GC (Allocation Failure) [PSYoungGen: 64576K->96K(63488K)] 66408K->1928K(238592K), 0,0004857 secs] [Times: user=0,00 sys=0,00, real=0,00 secs] 
27,900: [GC (Allocation Failure) [PSYoungGen: 63072K->96K(61952K)] 64904K->1928K(237056K), 0,0004785 secs] [Times: user=0,00 sys=0,00, real=0,00 secs] 
27,955: [GC (Allocation Failure) [PSYoungGen: 61536K->96K(60928K)] 63368K->1928K(236032K), 0,0004939 secs] [Times: user=0,00 sys=0,00, real=0,00 secs] 
28,008: [GC (Allocation Failure) [PSYoungGen: 60512K->32K(59904K)] 62344K->1864K(235008K), 0,0004785 secs] [Times: user=0,00 sys=0,00, real=0,00 secs] 
28,060: [GC (Allocation Failure) [PSYoungGen: 59424K->96K(58880K)] 61256K->1928K(233984K), 0,0004988 secs] [Times: user=0,00 sys=0,00, real=0,00 secs] 
28,114: [GC (Allocation Failure) [PSYoungGen: 58464K->96K(57856K)] 60296K->1928K(232960K), 0,0005448 secs] [Times: user=0,00 sys=0,00, real=0,00 secs] 
28,167: [GC (Allocation Failure) [PSYoungGen: 57440K->96K(56832K)] 59272K->1928K(231936K), 0,0004846 secs] [Times: user=0,00 sys=0,00, real=0,00 secs] 
28,220: [GC (Allocation Failure) [PSYoungGen: 56416K->96K(55808K)] 58248K->1928K(230912K), 0,0005075 secs] [Times: user=0,00 sys=0,00, real=0,00 secs] 
28,272: [GC (Allocation Failure) [PSYoungGen: 55392K->64K(54784K)] 57224K->1896K(229888K), 0,0005281 secs] [Times: user=0,00 sys=0,00, real=0,00 secs] 
28,321: [GC (Allocation Failure) [PSYoungGen: 54336K->32K(53760K)] 56168K->1864K(228864K), 0,0004824 secs] [Times: user=0,00 sys=0,00, real=0,00 secs] 
28,369: [GC (Allocation Failure) [PSYoungGen: 53280K->96K(52736K)] 55112K->1928K(227840K), 0,0004054 secs] [Times: user=0,00 sys=0,00, real=0,00 secs] 
28,418: [GC (Allocation Failure) [PSYoungGen: 52320K->32K(51712K)] 54152K->1864K(226816K), 0,0005103 secs] [Times: user=0,00 sys=0,00, real=0,00 secs] 
28,465: [GC (Allocation Failure) [PSYoungGen: 51232K->96K(50688K)] 53064K->1928K(225792K), 0,0005311 secs] [Times: user=0,00 sys=0,00, real=0,00 secs] 
28,511: [GC (Allocation Failure) [PSYoungGen: 50272K->64K(49664K)] 52104K->1896K(224768K), 0,0004994 secs] [Times: user=0,00 sys=0,00, real=0,00 secs] 
28,556: [GC (Allocation Failure) [PSYoungGen: 49216K->32K(48640K)] 51048K->1864K(223744K), 0,0004878 secs] [Times: user=0,00 sys=0,00, real=0,00 secs] 
28,599: [GC (Allocation Failure) [PSYoungGen: 48160K->96K(48128K)] 49992K->1928K(223232K), 0,0004068 secs] [Times: user=0,00 sys=0,00, real=0,00 secs] 
28,643: [GC (Allocation Failure) [PSYoungGen: 47712K->32K(47616K)] 49544K->1864K(222720K), 0,0004612 secs] [Times: user=0,00 sys=0,00, real=0,01 secs] 
28,685: [GC (Allocation Failure) [PSYoungGen: 47136K->96K(47104K)] 48968K->1928K(222208K), 0,0003885 secs] [Times: user=0,00 sys=0,00, real=0,00 secs] 
28,728: [GC (Allocation Failure) [PSYoungGen: 46688K->96K(46592K)] 48520K->1928K(221696K), 0,0004100 secs] [Times: user=0,00 sys=0,00, real=0,00 secs] 
28,769: [GC (Allocation Failure) [PSYoungGen: 46176K->96K(46080K)] 48008K->1928K(221184K), 0,0004201 secs] [Times: user=0,00 sys=0,00, real=0,00 secs] 
28,812: [GC (Allocation Failure) [PSYoungGen: 45664K->64K(45568K)] 47496K->1896K(220672K), 0,0004187 secs] [Times: user=0,00 sys=0,00, real=0,00 secs] 
28,854: [GC (Allocation Failure) [PSYoungGen: 45120K->96K(45056K)] 46952K->1928K(220160K), 0,0003947 secs] [Times: user=0,00 sys=0,00, real=0,00 secs] 
28,894: [GC (Allocation Failure) [PSYoungGen: 44640K->64K(44544K)] 46472K->1896K(219648K), 0,0003776 secs] [Times: user=0,00 sys=0,00, real=0,00 secs] 
28,934: [GC (Allocation Failure) [PSYoungGen: 44096K->64K(44032K)] 45928K->1896K(219136K), 0,0004996 secs] [Times: user=0,00 sys=0,00, real=0,00 secs] 
28,974: [GC (Allocation Failure) [PSYoungGen: 43584K->96K(43520K)] 45416K->1928K(218624K), 0,0004908 secs] [Times: user=0,00 sys=0,00, real=0,00 secs] 
29,013: [GC (Allocation Failure) [PSYoungGen: 43104K->64K(52224K)] 44936K->1896K(227328K), 0,0004743 secs] [Times: user=0,00 sys=0,00, real=0,00 secs] 
29,060: [GC (Allocation Failure) [PSYoungGen: 51776K->96K(51200K)] 53608K->1928K(226304K), 0,0004703 secs] [Times: user=0,01 sys=0,00, real=0,00 secs] 
29,106: [GC (Allocation Failure) [PSYoungGen: 50784K->32K(50176K)] 52616K->1864K(225280K), 0,0004519 secs] [Times: user=0,00 sys=0,00, real=0,00 secs] 
29,151: [GC (Allocation Failure) [PSYoungGen: 49696K->96K(49152K)] 51528K->1928K(224256K), 0,0003794 secs] [Times: user=0,00 sys=0,00, real=0,00 secs] 
29,195: [GC (Allocation Failure) [PSYoungGen: 48736K->64K(48128K)] 50568K->1896K(223232K), 0,0003804 secs] [Times: user=0,00 sys=0,00, real=0,00 secs] 
29,239: [GC (Allocation Failure) [PSYoungGen: 47680K->96K(47616K)] 49512K->1928K(222720K), 0,0005211 secs] [Times: user=0,01 sys=0,00, real=0,00 secs] 
29,282: [GC (Allocation Failure) [PSYoungGen: 47200K->64K(57344K)] 49032K->1896K(232448K), 0,0005970 secs] [Times: user=0,00 sys=0,00, real=0,01 secs] 
29,334: [GC (Allocation Failure) [PSYoungGen: 56896K->96K(69120K)] 58728K->1928K(244224K), 0,0005359 secs] [Times: user=0,00 sys=0,00, real=0,00 secs] 
29,396: [GC (Allocation Failure) [PSYoungGen: 68704K->96K(67584K)] 70536K->1928K(242688K), 0,0004801 secs] [Times: user=0,00 sys=0,00, real=0,00 secs] 
29,457: [GC (Allocation Failure) [PSYoungGen: 67168K->64K(66048K)] 69000K->1896K(241152K), 0,0005576 secs] [Times: user=0,00 sys=0,00, real=0,00 secs] 
29,517: [GC (Allocation Failure) [PSYoungGen: 65600K->96K(64512K)] 67432K->1928K(239616K), 0,0005036 secs] [Times: user=0,01 sys=0,00, real=0,00 secs] 
29,575: [GC (Allocation Failure) [PSYoungGen: 64096K->96K(62976K)] 65928K->1928K(238080K), 0,0004971 secs] [Times: user=0,00 sys=0,00, real=0,00 secs] 
29,632: [GC (Allocation Failure) [PSYoungGen: 62560K->96K(61952K)] 64392K->1928K(237056K), 0,0004850 secs] [Times: user=0,00 sys=0,00, real=0,00 secs] 
29,688: [GC (Allocation Failure) [PSYoungGen: 61536K->64K(60928K)] 63368K->1896K(236032K), 0,0004727 secs] [Times: user=0,00 sys=0,00, real=0,00 secs] 
29,743: [GC (Allocation Failure) [PSYoungGen: 60480K->64K(59904K)] 62312K->1896K(235008K), 0,0004878 secs] [Times: user=0,00 sys=0,00, real=0,00 secs] 
29,799: [GC (Allocation Failure) [PSYoungGen: 59456K->96K(58880K)] 61288K->1928K(233984K), 0,0004832 secs] [Times: user=0,00 sys=0,00, real=0,00 secs] 
29,852: [GC (Allocation Failure) [PSYoungGen: 58464K->96K(57856K)] 60296K->1928K(232960K), 0,0004770 secs] [Times: user=0,00 sys=0,00, real=0,00 secs] 
29,904: [GC (Allocation Failure) [PSYoungGen: 57440K->96K(56832K)] 59272K->1928K(231936K), 0,0004935 secs] [Times: user=0,01 sys=0,00, real=0,00 secs] 
29,955: [GC (Allocation Failure) [PSYoungGen: 56416K->96K(55808K)] 58248K->1928K(230912K), 0,0004965 secs] [Times: user=0,00 sys=0,00, real=0,00 secs] 
30,005: [GC (Allocation Failure) [PSYoungGen: 55392K->96K(54784K)] 57224K->1928K(229888K), 0,0004815 secs] [Times: user=0,00 sys=0,00, real=0,00 secs] 
30,056: [GC (Allocation Failure) [PSYoungGen: 54368K->96K(53760K)] 56200K->1928K(228864K), 0,0005022 secs] [Times: user=0,00 sys=0,00, real=0,00 secs] 
30,105: [GC (Allocation Failure) [PSYoungGen: 53344K->64K(52736K)] 55176K->1896K(227840K), 0,0004943 secs] [Times: user=0,00 sys=0,00, real=0,00 secs] 
30,153: [GC (Allocation Failure) [PSYoungGen: 52288K->96K(51712K)] 54120K->1928K(226816K), 0,0004061 secs] [Times: user=0,00 sys=0,00, real=0,00 secs] 
30,200: [GC (Allocation Failure) [PSYoungGen: 51296K->64K(50688K)] 53128K->1896K(225792K), 0,0004757 secs] [Times: user=0,00 sys=0,00, real=0,00 secs] 
30,250: [GC (Allocation Failure) [PSYoungGen: 50240K->96K(49664K)] 52072K->1928K(224768K), 0,0005260 secs] [Times: user=0,00 sys=0,00, real=0,00 secs] 
30,297: [GC (Allocation Failure) [PSYoungGen: 49248K->96K(48640K)] 51080K->1952K(223744K), 0,0005151 secs] [Times: user=0,00 sys=0,00, real=0,00 secs] 
30,341: [GC (Allocation Failure) [PSYoungGen: 48224K->32K(48128K)] 50080K->1888K(223232K), 0,0004936 secs] [Times: user=0,00 sys=0,00, real=0,00 secs] 
30,386: [GC (Allocation Failure) [PSYoungGen: 47648K->96K(47616K)] 49504K->1952K(222720K), 0,0004322 secs] [Times: user=0,00 sys=0,00, real=0,00 secs] 
30,429: [GC (Allocation Failure) [PSYoungGen: 47200K->32K(47104K)] 49056K->1888K(222208K), 0,0005230 secs] [Times: user=0,00 sys=0,00, real=0,00 secs] 
30,472: [GC (Allocation Failure) [PSYoungGen: 46624K->96K(46592K)] 48480K->1952K(221696K), 0,0004793 secs] [Times: user=0,01 sys=0,00, real=0,00 secs] 
30,514: [GC (Allocation Failure) [PSYoungGen: 46176K->96K(55808K)] 48032K->1952K(230912K), 0,0004943 secs] [Times: user=0,00 sys=0,00, real=0,00 secs] 
30,564: [GC (Allocation Failure) [PSYoungGen: 55392K->96K(54784K)] 57248K->1952K(229888K), 0,0004937 secs] [Times: user=0,00 sys=0,00, real=0,00 secs] 
30,613: [GC (Allocation Failure) [PSYoungGen: 54368K->96K(53760K)] 56224K->1952K(228864K), 0,0004781 secs] [Times: user=0,00 sys=0,00, real=0,00 secs] 
30,662: [GC (Allocation Failure) [PSYoungGen: 53344K->96K(52736K)] 55200K->1952K(227840K), 0,0004867 secs] [Times: user=0,00 sys=0,00, real=0,00 secs] 
30,709: [GC (Allocation Failure) [PSYoungGen: 52320K->32K(51712K)] 54176K->1888K(226816K), 0,0004656 secs] [Times: user=0,00 sys=0,00, real=0,00 secs] 
30,756: [GC (Allocation Failure) [PSYoungGen: 51232K->96K(50688K)] 53088K->1952K(225792K), 0,0004855 secs] [Times: user=0,00 sys=0,00, real=0,00 secs] 
30,801: [GC (Allocation Failure) [PSYoungGen: 50272K->96K(49664K)] 52128K->1952K(224768K), 0,0004959 secs] [Times: user=0,00 sys=0,00, real=0,00 secs] 
30,846: [GC (Allocation Failure) [PSYoungGen: 49248K->64K(48640K)] 51104K->1920K(223744K), 0,0004901 secs] [Times: user=0,00 sys=0,00, real=0,00 secs] 
30,890: [GC (Allocation Failure) [PSYoungGen: 48192K->96K(48128K)] 50048K->1952K(223232K), 0,0004850 secs] [Times: user=0,00 sys=0,00, real=0,00 secs] 
30,933: [GC (Allocation Failure) [PSYoungGen: 47712K->96K(47616K)] 49568K->1952K(222720K), 0,0004161 secs] [Times: user=0,00 sys=0,00, real=0,00 secs] 
30,976: [GC (Allocation Failure) [PSYoungGen: 47200K->64K(47104K)] 49056K->1920K(222208K), 0,0004844 secs] [Times: user=0,00 sys=0,00, real=0,00 secs] 
31,019: [GC (Allocation Failure) [PSYoungGen: 46656K->64K(46592K)] 48512K->1920K(221696K), 0,0004719 secs] [Times: user=0,01 sys=0,00, real=0,00 secs] 
31,061: [GC (Allocation Failure) [PSYoungGen: 46144K->96K(55808K)] 48000K->1952K(230912K), 0,0004911 secs] [Times: user=0,00 sys=0,00, real=0,00 secs] 
31,111: [GC (Allocation Failure) [PSYoungGen: 55392K->96K(54784K)] 57248K->1952K(229888K), 0,0005228 secs] [Times: user=0,00 sys=0,00, real=0,00 secs] 
31,160: [GC (Allocation Failure) [PSYoungGen: 54368K->96K(53760K)] 56224K->1952K(228864K), 0,0005166 secs] [Times: user=0,00 sys=0,00, real=0,00 secs] 
31,209: [GC (Allocation Failure) [PSYoungGen: 53344K->96K(52736K)] 55200K->1952K(227840K), 0,0004796 secs] [Times: user=0,00 sys=0,00, real=0,00 secs] 
31,257: [GC (Allocation Failure) [PSYoungGen: 52320K->64K(51712K)] 54176K->1920K(226816K), 0,0004896 secs] [Times: user=0,01 sys=0,00, real=0,00 secs] 
31,305: [GC (Allocation Failure) [PSYoungGen: 51264K->96K(50688K)] 53120K->1952K(225792K), 0,0005267 secs] [Times: user=0,00 sys=0,00, real=0,00 secs] 
31,351: [GC (Allocation Failure) [PSYoungGen: 50272K->64K(49664K)] 52128K->1920K(224768K), 0,0004894 secs] [Times: user=0,00 sys=0,00, real=0,00 secs] 
31,396: [GC (Allocation Failure) [PSYoungGen: 49216K->96K(48640K)] 51072K->1952K(223744K), 0,0004947 secs] [Times: user=0,01 sys=0,00, real=0,00 secs] 
31,439: [GC (Allocation Failure) [PSYoungGen: 48224K->64K(48128K)] 50080K->1920K(223232K), 0,0004052 secs] [Times: user=0,00 sys=0,00, real=0,00 secs] 
31,483: [GC (Allocation Failure) [PSYoungGen: 47680K->64K(57856K)] 49536K->1920K(232960K), 0,0008462 secs] [Times: user=0,00 sys=0,00, real=0,00 secs] 
31,535: [GC (Allocation Failure) [PSYoungGen: 57408K->96K(69632K)] 59264K->1952K(244736K), 0,0005578 secs] [Times: user=0,00 sys=0,00, real=0,00 secs] 
31,598: [GC (Allocation Failure) [PSYoungGen: 69216K->96K(83456K)] 71072K->1952K(258560K), 0,0005036 secs] [Times: user=0,00 sys=0,00, real=0,00 secs] 
31,673: [GC (Allocation Failure) [PSYoungGen: 83040K->96K(81408K)] 84896K->1952K(256512K), 0,0005235 secs] [Times: user=0,00 sys=0,00, real=0,00 secs] 
31,747: [GC (Allocation Failure) [PSYoungGen: 80992K->64K(79360K)] 82848K->1920K(254464K), 0,0005306 secs] [Times: user=0,00 sys=0,00, real=0,00 secs] 
31,819: [GC (Allocation Failure) [PSYoungGen: 78912K->64K(77312K)] 80768K->1920K(252416K), 0,0005017 secs] [Times: user=0,00 sys=0,00, real=0,00 secs] 
31,888: [GC (Allocation Failure) [PSYoungGen: 76864K->96K(75264K)] 78720K->1952K(250368K), 0,0004928 secs] [Times: user=0,00 sys=0,00, real=0,00 secs] 
31,957: [GC (Allocation Failure) [PSYoungGen: 74848K->64K(73728K)] 76704K->1920K(248832K), 0,0005389 secs] [Times: user=0,00 sys=0,00, real=0,00 secs] 
32,023: [GC (Allocation Failure) [PSYoungGen: 73280K->64K(72192K)] 75136K->1920K(247296K), 0,0005925 secs] [Times: user=0,00 sys=0,00, real=0,00 secs] 
32,088: [GC (Allocation Failure) [PSYoungGen: 71744K->96K(70656K)] 73600K->1952K(245760K), 0,0005148 secs] [Times: user=0,00 sys=0,00, real=0,00 secs] 
32,153: [GC (Allocation Failure) [PSYoungGen: 70240K->32K(69120K)] 72096K->1888K(244224K), 0,0004899 secs] [Times: user=0,00 sys=0,00, real=0,00 secs] 
32,215: [GC (Allocation Failure) [PSYoungGen: 68640K->96K(67584K)] 70496K->1952K(242688K), 0,0005143 secs] [Times: user=0,00 sys=0,00, real=0,00 secs] 
32,278: [GC (Allocation Failure) [PSYoungGen: 67168K->96K(66048K)] 69024K->1952K(241152K), 0,0005504 secs] [Times: user=0,00 sys=0,00, real=0,00 secs] 
32,338: [GC (Allocation Failure) [PSYoungGen: 65632K->64K(64512K)] 67488K->1920K(239616K), 0,0005218 secs] [Times: user=0,00 sys=0,00, real=0,00 secs] 
32,396: [GC (Allocation Failure) [PSYoungGen: 64064K->96K(62976K)] 65920K->1952K(238080K), 0,0004861 secs] [Times: user=0,00 sys=0,00, real=0,00 secs] 
32,453: [GC (Allocation Failure) [PSYoungGen: 62560K->96K(61952K)] 64416K->1952K(237056K), 0,0005220 secs] [Times: user=0,00 sys=0,00, real=0,00 secs] 
32,509: [GC (Allocation Failure) [PSYoungGen: 61536K->96K(60928K)] 63392K->1952K(236032K), 0,0005475 secs] [Times: user=0,01 sys=0,00, real=0,00 secs] 
32,564: [GC (Allocation Failure) [PSYoungGen: 60512K->96K(59904K)] 62368K->1952K(235008K), 0,0005115 secs] [Times: user=0,00 sys=0,01, real=0,00 secs] 
32,618: [GC (Allocation Failure) [PSYoungGen: 59488K->96K(58880K)] 61344K->1952K(233984K), 0,0004948 secs] [Times: user=0,01 sys=0,00, real=0,00 secs] 
32,671: [GC (Allocation Failure) [PSYoungGen: 58464K->96K(57856K)] 60320K->1952K(232960K), 0,0004926 secs] [Times: user=0,00 sys=0,00, real=0,00 secs] 
32,723: [GC (Allocation Failure) [PSYoungGen: 57440K->32K(56832K)] 59296K->1888K(231936K), 0,0005040 secs] [Times: user=0,00 sys=0,00, real=0,00 secs] 
32,774: [GC (Allocation Failure) [PSYoungGen: 56352K->96K(55808K)] 58208K->1952K(230912K), 0,0005018 secs] [Times: user=0,00 sys=0,00, real=0,00 secs] 
32,824: [GC (Allocation Failure) [PSYoungGen: 55392K->96K(54784K)] 57248K->1952K(229888K), 0,0005195 secs] [Times: user=0,00 sys=0,00, real=0,00 secs] 
32,874: [GC (Allocation Failure) [PSYoungGen: 54368K->64K(53760K)] 56224K->1920K(228864K), 0,0005174 secs] [Times: user=0,00 sys=0,00, real=0,00 secs] 
32,922: [GC (Allocation Failure) [PSYoungGen: 53312K->96K(52736K)] 55168K->1952K(227840K), 0,0004777 secs] [Times: user=0,00 sys=0,00, real=0,00 secs] 
32,970: [GC (Allocation Failure) [PSYoungGen: 52320K->64K(51712K)] 54176K->1920K(226816K), 0,0005250 secs] [Times: user=0,00 sys=0,00, real=0,00 secs] 
33,016: [GC (Allocation Failure) [PSYoungGen: 51264K->96K(50688K)] 53120K->1952K(225792K), 0,0004965 secs] [Times: user=0,00 sys=0,00, real=0,00 secs] 
33,062: [GC (Allocation Failure) [PSYoungGen: 50272K->96K(49664K)] 52128K->1952K(224768K), 0,0004680 secs] [Times: user=0,00 sys=0,00, real=0,00 secs] 
33,108: [GC (Allocation Failure) [PSYoungGen: 49248K->96K(48640K)] 51104K->1952K(223744K), 0,0005373 secs] [Times: user=0,00 sys=0,00, real=0,00 secs] 
33,156: [GC (Allocation Failure) [PSYoungGen: 48224K->64K(48128K)] 50080K->1920K(223232K), 0,0005268 secs] [Times: user=0,00 sys=0,00, real=0,00 secs] 
33,210: [GC (Allocation Failure) [PSYoungGen: 47680K->96K(47616K)] 49536K->1952K(222720K), 0,0005584 secs] [Times: user=0,00 sys=0,00, real=0,00 secs] 
33,266: [GC (Allocation Failure) [PSYoungGen: 47200K->96K(57344K)] 49056K->1952K(232448K), 0,0012201 secs] [Times: user=0,00 sys=0,00, real=0,00 secs] 
33,333: [GC (Allocation Failure) [PSYoungGen: 56928K->64K(69120K)] 58784K->1920K(244224K), 0,0010370 secs] [Times: user=0,00 sys=0,00, real=0,00 secs] 
33,420: [GC (Allocation Failure) [PSYoungGen: 68672K->96K(82944K)] 70528K->1952K(258048K), 0,0005429 secs] [Times: user=0,00 sys=0,00, real=0,00 secs] 
33,516: [GC (Allocation Failure) [PSYoungGen: 82528K->64K(80896K)] 84384K->1920K(256000K), 0,0005142 secs] [Times: user=0,00 sys=0,00, real=0,00 secs] 
33,591: [GC (Allocation Failure) [PSYoungGen: 80448K->96K(78848K)] 82304K->1952K(253952K), 0,0005226 secs] [Times: user=0,00 sys=0,00, real=0,00 secs] 
33,663: [GC (Allocation Failure) [PSYoungGen: 78432K->96K(76800K)] 80288K->1952K(251904K), 0,0005372 secs] [Times: user=0,00 sys=0,00, real=0,01 secs] 
33,732: [GC (Allocation Failure) [PSYoungGen: 76384K->96K(74752K)] 78240K->1952K(249856K), 0,0004821 secs] [Times: user=0,00 sys=0,00, real=0,01 secs] 
33,800: [GC (Allocation Failure) [PSYoungGen: 74336K->96K(73216K)] 76192K->1952K(248320K), 0,0005259 secs] [Times: user=0,00 sys=0,00, real=0,00 secs] 
33,866: [GC (Allocation Failure) [PSYoungGen: 72800K->96K(71680K)] 74656K->1952K(246784K), 0,0005552 secs] [Times: user=0,00 sys=0,00, real=0,00 secs] 
33,931: [GC (Allocation Failure) [PSYoungGen: 71264K->64K(70144K)] 73120K->1920K(245248K), 0,0005244 secs] [Times: user=0,00 sys=0,00, real=0,00 secs] 
33,994: [GC (Allocation Failure) [PSYoungGen: 69696K->96K(68608K)] 71552K->1952K(243712K), 0,0005154 secs] [Times: user=0,00 sys=0,00, real=0,00 secs] 
34,056: [GC (Allocation Failure) [PSYoungGen: 68192K->32K(67072K)] 70048K->1888K(242176K), 0,0005388 secs] [Times: user=0,00 sys=0,00, real=0,00 secs] 
34,116: [GC (Allocation Failure) [PSYoungGen: 66592K->96K(65536K)] 68448K->1952K(240640K), 0,0005086 secs] [Times: user=0,00 sys=0,00, real=0,00 secs] 
34,175: [GC (Allocation Failure) [PSYoungGen: 65120K->64K(64000K)] 66976K->1920K(239104K), 0,0004989 secs] [Times: user=0,00 sys=0,00, real=0,00 secs] 
34,233: [GC (Allocation Failure) [PSYoungGen: 63552K->64K(62464K)] 65408K->1920K(237568K), 0,0004904 secs] [Times: user=0,00 sys=0,00, real=0,00 secs] 
34,290: [GC (Allocation Failure) [PSYoungGen: 62016K->96K(61440K)] 63872K->1952K(236544K), 0,0005346 secs] [Times: user=0,00 sys=0,00, real=0,00 secs] 
34,346: [GC (Allocation Failure) [PSYoungGen: 61024K->96K(60416K)] 62880K->1952K(235520K), 0,0005334 secs] [Times: user=0,01 sys=0,00, real=0,00 secs] 
34,403: [GC (Allocation Failure) [PSYoungGen: 60000K->32K(72704K)] 61856K->1888K(247808K), 0,0014063 secs] [Times: user=0,00 sys=0,00, real=0,00 secs] 
34,477: [GC (Allocation Failure) [PSYoungGen: 72224K->96K(87552K)] 74080K->1952K(262656K), 0,0005297 secs] [Times: user=0,01 sys=0,00, real=0,00 secs] 
34,556: [GC (Allocation Failure) [PSYoungGen: 87136K->96K(85504K)] 88992K->1952K(260608K), 0,0005340 secs] [Times: user=0,00 sys=0,00, real=0,00 secs] 
34,633: [GC (Allocation Failure) [PSYoungGen: 85088K->64K(83456K)] 86944K->1920K(258560K), 0,0005252 secs] [Times: user=0,00 sys=0,00, real=0,00 secs] 
34,708: [GC (Allocation Failure) [PSYoungGen: 83008K->32K(81408K)] 84864K->1888K(256512K), 0,0005000 secs] [Times: user=0,00 sys=0,00, real=0,00 secs] 
34,781: [GC (Allocation Failure) [PSYoungGen: 80928K->96K(79360K)] 82784K->1952K(254464K), 0,0005250 secs] [Times: user=0,00 sys=0,00, real=0,00 secs] 
34,853: [GC (Allocation Failure) [PSYoungGen: 78944K->64K(77312K)] 80800K->1920K(252416K), 0,0006048 secs] [Times: user=0,00 sys=0,00, real=0,00 secs] 
34,923: [GC (Allocation Failure) [PSYoungGen: 76864K->64K(75264K)] 78720K->1920K(250368K), 0,0004959 secs] [Times: user=0,00 sys=0,00, real=0,00 secs] 
34,993: [GC (Allocation Failure) [PSYoungGen: 74816K->64K(73728K)] 76672K->1920K(248832K), 0,0005301 secs] [Times: user=0,00 sys=0,00, real=0,00 secs] 
35,062: [GC (Allocation Failure) [PSYoungGen: 73280K->64K(72192K)] 75136K->1920K(247296K), 0,0005555 secs] [Times: user=0,00 sys=0,00, real=0,00 secs] 
35,127: [GC (Allocation Failure) [PSYoungGen: 71744K->96K(70656K)] 73600K->1952K(245760K), 0,0005485 secs] [Times: user=0,00 sys=0,00, real=0,00 secs] 
35,191: [GC (Allocation Failure) [PSYoungGen: 70240K->96K(69120K)] 72096K->1952K(244224K), 0,0005294 secs] [Times: user=0,00 sys=0,00, real=0,00 secs] 
35,255: [GC (Allocation Failure) [PSYoungGen: 68704K->64K(67584K)] 70560K->1920K(242688K), 0,0005046 secs] [Times: user=0,00 sys=0,00, real=0,00 secs] 
35,317: [GC (Allocation Failure) [PSYoungGen: 67136K->96K(66048K)] 68992K->1952K(241152K), 0,0005271 secs] [Times: user=0,00 sys=0,00, real=0,00 secs] 
35,376: [GC (Allocation Failure) [PSYoungGen: 65632K->64K(64512K)] 67488K->1920K(239616K), 0,0005057 secs] [Times: user=0,00 sys=0,00, real=0,00 secs] 
35,434: [GC (Allocation Failure) [PSYoungGen: 64064K->96K(62976K)] 65920K->1952K(238080K), 0,0005142 secs] [Times: user=0,00 sys=0,00, real=0,00 secs] 
35,491: [GC (Allocation Failure) [PSYoungGen: 62560K->96K(61952K)] 64416K->1952K(237056K), 0,0005117 secs] [Times: user=0,00 sys=0,00, real=0,00 secs] 
35,547: [GC (Allocation Failure) [PSYoungGen: 61536K->96K(60928K)] 63392K->1952K(236032K), 0,0005184 secs] [Times: user=0,00 sys=0,00, real=0,00 secs] 
35,602: [GC (Allocation Failure) [PSYoungGen: 60512K->96K(59904K)] 62368K->1952K(235008K), 0,0004991 secs] [Times: user=0,00 sys=0,00, real=0,00 secs] 
35,656: [GC (Allocation Failure) [PSYoungGen: 59488K->96K(58880K)] 61344K->1952K(233984K), 0,0005034 secs] [Times: user=0,00 sys=0,00, real=0,00 secs] 
35,709: [GC (Allocation Failure) [PSYoungGen: 58463K->96K(57856K)] 60319K->1952K(232960K), 0,0004964 secs] [Times: user=0,00 sys=0,00, real=0,00 secs] 
35,761: [GC (Allocation Failure) [PSYoungGen: 57440K->96K(56832K)] 59296K->1952K(231936K), 0,0004854 secs] [Times: user=0,00 sys=0,00, real=0,00 secs] 
35,812: [GC (Allocation Failure) [PSYoungGen: 56416K->64K(55808K)] 58272K->1920K(230912K), 0,0004873 secs] [Times: user=0,00 sys=0,00, real=0,00 secs] 
35,863: [GC (Allocation Failure) [PSYoungGen: 55360K->96K(54784K)] 57216K->1952K(229888K), 0,0004900 secs] [Times: user=0,00 sys=0,00, real=0,00 secs] 
35,914: [GC (Allocation Failure) [PSYoungGen: 54368K->32K(53760K)] 56224K->1888K(228864K), 0,0004765 secs] [Times: user=0,00 sys=0,00, real=0,00 secs] 
35,964: [GC (Allocation Failure) [PSYoungGen: 53280K->96K(52736K)] 55136K->1952K(227840K), 0,0004796 secs] [Times: user=0,00 sys=0,00, real=0,00 secs] 
36,013: [GC (Allocation Failure) [PSYoungGen: 52320K->32K(51712K)] 54176K->1888K(226816K), 0,0005105 secs] [Times: user=0,00 sys=0,00, real=0,00 secs] 
36,060: [GC (Allocation Failure) [PSYoungGen: 51232K->96K(50688K)] 53088K->1952K(225792K), 0,0004903 secs] [Times: user=0,00 sys=0,00, real=0,00 secs] 
36,105: [GC (Allocation Failure) [PSYoungGen: 50272K->64K(49664K)] 52128K->1920K(224768K), 0,0004876 secs] [Times: user=0,00 sys=0,00, real=0,00 secs] 
36,150: [GC (Allocation Failure) [PSYoungGen: 49216K->96K(48640K)] 51072K->1952K(223744K), 0,0004888 secs] [Times: user=0,00 sys=0,00, real=0,00 secs] 
36,194: [GC (Allocation Failure) [PSYoungGen: 48224K->96K(48128K)] 50080K->1952K(223232K), 0,0004159 secs] [Times: user=0,00 sys=0,00, real=0,00 secs] 
36,237: [GC (Allocation Failure) [PSYoungGen: 47712K->32K(47616K)] 49568K->1888K(222720K), 0,0005203 secs] [Times: user=0,01 sys=0,00, real=0,00 secs] 
36,281: [GC (Allocation Failure) [PSYoungGen: 47136K->64K(57344K)] 48992K->1920K(232448K), 0,0005918 secs] [Times: user=0,00 sys=0,00, real=0,00 secs] 
36,333: [GC (Allocation Failure) [PSYoungGen: 56896K->96K(56320K)] 58752K->1952K(231424K), 0,0004938 secs] [Times: user=0,00 sys=0,00, real=0,00 secs] 
36,383: [GC (Allocation Failure) [PSYoungGen: 55904K->96K(55296K)] 57760K->1952K(230400K), 0,0004775 secs] [Times: user=0,00 sys=0,00, real=0,00 secs] 
36,433: [GC (Allocation Failure) [PSYoungGen: 54880K->96K(54272K)] 56736K->1952K(229376K), 0,0005226 secs] [Times: user=0,00 sys=0,00, real=0,00 secs] 
36,482: [GC (Allocation Failure) [PSYoungGen: 53856K->96K(53248K)] 55712K->1952K(228352K), 0,0004924 secs] [Times: user=0,00 sys=0,00, real=0,00 secs] 
36,530: [GC (Allocation Failure) [PSYoungGen: 52832K->64K(52224K)] 54688K->1920K(227328K), 0,0004910 secs] [Times: user=0,00 sys=0,00, real=0,00 secs] 
36,576: [GC (Allocation Failure) [PSYoungGen: 51776K->96K(51200K)] 53632K->1952K(226304K), 0,0004639 secs] [Times: user=0,00 sys=0,00, real=0,00 secs] 
36,622: [GC (Allocation Failure) [PSYoungGen: 50783K->96K(50176K)] 52639K->1952K(225280K), 0,0003968 secs] [Times: user=0,00 sys=0,00, real=0,00 secs] 
36,668: [GC (Allocation Failure) [PSYoungGen: 49760K->96K(49152K)] 51616K->1952K(224256K), 0,0004692 secs] [Times: user=0,00 sys=0,00, real=0,00 secs] 
36,712: [GC (Allocation Failure) [PSYoungGen: 48736K->96K(48128K)] 50592K->1952K(223232K), 0,0004849 secs] [Times: user=0,00 sys=0,00, real=0,00 secs] 
36,755: [GC (Allocation Failure) [PSYoungGen: 47712K->96K(47616K)] 49568K->1952K(222720K), 0,0004152 secs] [Times: user=0,00 sys=0,00, real=0,00 secs] 
36,798: [GC (Allocation Failure) [PSYoungGen: 47200K->96K(47104K)] 49056K->1952K(222208K), 0,0004762 secs] [Times: user=0,00 sys=0,00, real=0,00 secs] 
36,841: [GC (Allocation Failure) [PSYoungGen: 46688K->96K(46592K)] 48544K->1952K(221696K), 0,0004012 secs] [Times: user=0,00 sys=0,00, real=0,00 secs] 
36,884: [GC (Allocation Failure) [PSYoungGen: 46176K->96K(46080K)] 48032K->1952K(221184K), 0,0003861 secs] [Times: user=0,00 sys=0,00, real=0,00 secs] 
36,927: [GC (Allocation Failure) [PSYoungGen: 45664K->96K(45568K)] 47520K->1952K(220672K), 0,0005940 secs] [Times: user=0,00 sys=0,00, real=0,00 secs] 
36,970: [GC (Allocation Failure) [PSYoungGen: 45152K->96K(45056K)] 47008K->1952K(220160K), 0,0004845 secs] [Times: user=0,00 sys=0,00, real=0,00 secs] 
37,010: [GC (Allocation Failure) [PSYoungGen: 44640K->96K(44544K)] 46496K->1952K(219648K), 0,0004057 secs] [Times: user=0,00 sys=0,00, real=0,00 secs] 
37,050: [GC (Allocation Failure) [PSYoungGen: 44128K->96K(44032K)] 45984K->1952K(219136K), 0,0004094 secs] [Times: user=0,00 sys=0,00, real=0,00 secs] 
37,090: [GC (Allocation Failure) [PSYoungGen: 43616K->64K(43520K)] 45472K->1920K(218624K), 0,0004706 secs] [Times: user=0,00 sys=0,00, real=0,00 secs] 
37,129: [GC (Allocation Failure) [PSYoungGen: 43072K->96K(43008K)] 44928K->1952K(218112K), 0,0004120 secs] [Times: user=0,00 sys=0,00, real=0,00 secs] 
37,167: [GC (Allocation Failure) [PSYoungGen: 42592K->96K(42496K)] 44448K->1952K(217600K), 0,0004000 secs] [Times: user=0,00 sys=0,00, real=0,00 secs] 
37,205: [GC (Allocation Failure) [PSYoungGen: 42080K->96K(41984K)] 43936K->1952K(217088K), 0,0003870 secs] [Times: user=0,00 sys=0,00, real=0,00 secs] 
37,243: [GC (Allocation Failure) [PSYoungGen: 41568K->96K(41472K)] 43424K->1952K(216576K), 0,0004053 secs] [Times: user=0,00 sys=0,00, real=0,00 secs] 
37,281: [GC (Allocation Failure) [PSYoungGen: 41056K->64K(49664K)] 42912K->1920K(224768K), 0,0005894 secs] [Times: user=0,00 sys=0,00, real=0,00 secs] 
37,326: [GC (Allocation Failure) [PSYoungGen: 49216K->96K(59904K)] 51072K->1952K(235008K), 0,0005386 secs] [Times: user=0,00 sys=0,00, real=0,00 secs] 
37,382: [GC (Allocation Failure) [PSYoungGen: 59488K->96K(72192K)] 61344K->1952K(247296K), 0,0004810 secs] [Times: user=0,00 sys=0,00, real=0,00 secs] 
37,447: [GC (Allocation Failure) [PSYoungGen: 71776K->96K(70656K)] 73632K->1952K(245760K), 0,0005746 secs] [Times: user=0,00 sys=0,00, real=0,00 secs] 
37,511: [GC (Allocation Failure) [PSYoungGen: 70239K->96K(69120K)] 72095K->1952K(244224K), 0,0005098 secs] [Times: user=0,00 sys=0,00, real=0,00 secs] 
37,573: [GC (Allocation Failure) [PSYoungGen: 68704K->64K(67584K)] 70560K->1920K(242688K), 0,0004962 secs] [Times: user=0,00 sys=0,00, real=0,00 secs] 
37,634: [GC (Allocation Failure) [PSYoungGen: 67136K->96K(66048K)] 68992K->1952K(241152K), 0,0004907 secs] [Times: user=0,00 sys=0,00, real=0,00 secs] 
37,694: [GC (Allocation Failure) [PSYoungGen: 65632K->96K(64512K)] 67488K->1952K(239616K), 0,0005244 secs] [Times: user=0,00 sys=0,00, real=0,00 secs] 
37,751: [GC (Allocation Failure) [PSYoungGen: 64096K->96K(62976K)] 65952K->1952K(238080K), 0,0004785 secs] [Times: user=0,00 sys=0,00, real=0,00 secs] 
37,808: [GC (Allocation Failure) [PSYoungGen: 62560K->96K(61952K)] 64416K->1952K(237056K), 0,0004988 secs] [Times: user=0,00 sys=0,00, real=0,00 secs] 
37,864: [GC (Allocation Failure) [PSYoungGen: 61536K->64K(60928K)] 63392K->1920K(236032K), 0,0005165 secs] [Times: user=0,00 sys=0,00, real=0,00 secs] 
37,920: [GC (Allocation Failure) [PSYoungGen: 60480K->64K(59904K)] 62336K->1920K(235008K), 0,0005343 secs] [Times: user=0,00 sys=0,00, real=0,00 secs] 
37,976: [GC (Allocation Failure) [PSYoungGen: 59456K->64K(58880K)] 61312K->1920K(233984K), 0,0004865 secs] [Times: user=0,00 sys=0,00, real=0,00 secs] 
38,030: [GC (Allocation Failure) [PSYoungGen: 58432K->96K(57856K)] 60288K->1952K(232960K), 0,0005114 secs] [Times: user=0,00 sys=0,00, real=0,00 secs] 
38,082: [GC (Allocation Failure) [PSYoungGen: 57440K->96K(56832K)] 59296K->1952K(231936K), 0,0005031 secs] [Times: user=0,00 sys=0,00, real=0,01 secs] 
38,135: [GC (Allocation Failure) [PSYoungGen: 56416K->64K(55808K)] 58272K->1920K(230912K), 0,0005530 secs] [Times: user=0,00 sys=0,00, real=0,00 secs] 
38,186: [GC (Allocation Failure) [PSYoungGen: 55360K->96K(54784K)] 57216K->1952K(229888K), 0,0004820 secs] [Times: user=0,00 sys=0,00, real=0,00 secs] 
38,238: [GC (Allocation Failure) [PSYoungGen: 54368K->32K(53760K)] 56224K->1888K(228864K), 0,0005102 secs] [Times: user=0,00 sys=0,00, real=0,00 secs] 
38,288: [GC (Allocation Failure) [PSYoungGen: 53280K->96K(52736K)] 55136K->1952K(227840K), 0,0005329 secs] [Times: user=0,00 sys=0,00, real=0,00 secs] 
38,335: [GC (Allocation Failure) [PSYoungGen: 52320K->32K(51712K)] 54176K->1888K(226816K), 0,0004950 secs] [Times: user=0,00 sys=0,00, real=0,00 secs] 
38,382: [GC (Allocation Failure) [PSYoungGen: 51232K->64K(50688K)] 53088K->1920K(225792K), 0,0004840 secs] [Times: user=0,00 sys=0,00, real=0,00 secs] 
38,428: [GC (Allocation Failure) [PSYoungGen: 50240K->96K(49664K)] 52096K->1952K(224768K), 0,0004949 secs] [Times: user=0,00 sys=0,00, real=0,00 secs] 
38,473: [GC (Allocation Failure) [PSYoungGen: 49248K->96K(48640K)] 51104K->1952K(223744K), 0,0004295 secs] [Times: user=0,00 sys=0,00, real=0,00 secs] 
38,518: [GC (Allocation Failure) [PSYoungGen: 48224K->96K(48128K)] 50080K->1952K(223232K), 0,0004924 secs] [Times: user=0,00 sys=0,00, real=0,00 secs] 
38,561: [GC (Allocation Failure) [PSYoungGen: 47712K->96K(47616K)] 49568K->1952K(222720K), 0,0004664 secs] [Times: user=0,01 sys=0,00, real=0,00 secs] 
38,604: [GC (Allocation Failure) [PSYoungGen: 47200K->96K(47104K)] 49056K->1952K(222208K), 0,0004837 secs] [Times: user=0,00 sys=0,00, real=0,00 secs] 
38,646: [GC (Allocation Failure) [PSYoungGen: 46688K->96K(46592K)] 48544K->1952K(221696K), 0,0003888 secs] [Times: user=0,00 sys=0,00, real=0,00 secs] 
38,689: [GC (Allocation Failure) [PSYoungGen: 46176K->96K(46080K)] 48032K->1952K(221184K), 0,0004175 secs] [Times: user=0,00 sys=0,00, real=0,00 secs] 
38,731: [GC (Allocation Failure) [PSYoungGen: 45664K->96K(45568K)] 47520K->1952K(220672K), 0,0004306 secs] [Times: user=0,00 sys=0,00, real=0,00 secs] 
38,773: [GC (Allocation Failure) [PSYoungGen: 45152K->96K(45056K)] 47008K->1952K(220160K), 0,0004065 secs] [Times: user=0,00 sys=0,00, real=0,00 secs] 
38,814: [GC (Allocation Failure) [PSYoungGen: 44640K->96K(44544K)] 46496K->1952K(219648K), 0,0003955 secs] [Times: user=0,00 sys=0,00, real=0,00 secs] 
38,854: [GC (Allocation Failure) [PSYoungGen: 44128K->64K(53760K)] 45984K->1920K(228864K), 0,0009101 secs] [Times: user=0,00 sys=0,00, real=0,00 secs] 
38,904: [GC (Allocation Failure) [PSYoungGen: 53312K->96K(64512K)] 55168K->1952K(239616K), 0,0004849 secs] [Times: user=0,00 sys=0,00, real=0,00 secs] 
38,963: [GC (Allocation Failure) [PSYoungGen: 64096K->96K(77312K)] 65952K->1952K(252416K), 0,0005724 secs] [Times: user=0,00 sys=0,00, real=0,00 secs] 
39,033: [GC (Allocation Failure) [PSYoungGen: 76896K->64K(75264K)] 78752K->1920K(250368K), 0,0005223 secs] [Times: user=0,00 sys=0,00, real=0,00 secs] 
39,100: [GC (Allocation Failure) [PSYoungGen: 74816K->96K(73728K)] 76672K->1952K(248832K), 0,0005033 secs] [Times: user=0,00 sys=0,00, real=0,00 secs] 
39,168: [GC (Allocation Failure) [PSYoungGen: 73312K->96K(72192K)] 75168K->1952K(247296K), 0,0005335 secs] [Times: user=0,00 sys=0,00, real=0,00 secs] 
39,233: [GC (Allocation Failure) [PSYoungGen: 71776K->64K(70656K)] 73632K->1920K(245760K), 0,0005007 secs] [Times: user=0,00 sys=0,00, real=0,00 secs] 
39,299: [GC (Allocation Failure) [PSYoungGen: 70208K->64K(69120K)] 72064K->1920K(244224K), 0,0005474 secs] [Times: user=0,00 sys=0,00, real=0,00 secs] 
39,364: [GC (Allocation Failure) [PSYoungGen: 68672K->64K(67584K)] 70528K->1920K(242688K), 0,0005242 secs] [Times: user=0,00 sys=0,00, real=0,00 secs] 
39,425: [GC (Allocation Failure) [PSYoungGen: 67136K->96K(66048K)] 68992K->1952K(241152K), 0,0005035 secs] [Times: user=0,01 sys=0,00, real=0,00 secs] 
39,485: [GC (Allocation Failure) [PSYoungGen: 65632K->64K(64512K)] 67488K->1920K(239616K), 0,0005177 secs] [Times: user=0,01 sys=0,00, real=0,00 secs] 
39,543: [GC (Allocation Failure) [PSYoungGen: 64064K->96K(62976K)] 65920K->1952K(238080K), 0,0005518 secs] [Times: user=0,00 sys=0,00, real=0,00 secs] 
39,601: [GC (Allocation Failure) [PSYoungGen: 62560K->64K(61952K)] 64416K->1920K(237056K), 0,0006178 secs] [Times: user=0,00 sys=0,00, real=0,00 secs] 
39,657: [GC (Allocation Failure) [PSYoungGen: 61504K->64K(60928K)] 63360K->1920K(236032K), 0,0008124 secs] [Times: user=0,00 sys=0,00, real=0,00 secs] 
39,713: [GC (Allocation Failure) [PSYoungGen: 60480K->32K(59904K)] 62336K->1888K(235008K), 0,0005002 secs] [Times: user=0,01 sys=0,00, real=0,00 secs] 
39,767: [GC (Allocation Failure) [PSYoungGen: 59424K->96K(58880K)] 61280K->1952K(233984K), 0,0004813 secs] [Times: user=0,00 sys=0,00, real=0,00 secs] 
39,820: [GC (Allocation Failure) [PSYoungGen: 58464K->96K(57856K)] 60320K->1952K(232960K), 0,0004849 secs] [Times: user=0,00 sys=0,00, real=0,00 secs] 
39,872: [GC (Allocation Failure) [PSYoungGen: 57440K->96K(56832K)] 59296K->1952K(231936K), 0,0004876 secs] [Times: user=0,01 sys=0,00, real=0,01 secs] 
39,924: [GC (Allocation Failure) [PSYoungGen: 56416K->96K(55808K)] 58272K->1952K(230912K), 0,0005259 secs] [Times: user=0,00 sys=0,00, real=0,00 secs] 
39,975: [GC (Allocation Failure) [PSYoungGen: 55392K->64K(54784K)] 57248K->1920K(229888K), 0,0004911 secs] [Times: user=0,00 sys=0,00, real=0,00 secs] 
40,024: [GC (Allocation Failure) [PSYoungGen: 54336K->32K(53760K)] 56192K->1896K(228864K), 0,0005088 secs] [Times: user=0,00 sys=0,00, real=0,00 secs] 
40,073: [GC (Allocation Failure) [PSYoungGen: 53280K->96K(52736K)] 55144K->1960K(227840K), 0,0004877 secs] [Times: user=0,00 sys=0,00, real=0,00 secs] 
40,120: [GC (Allocation Failure) [PSYoungGen: 52320K->64K(51712K)] 54184K->1928K(226816K), 0,0004647 secs] [Times: user=0,00 sys=0,00, real=0,00 secs] 
40,167: [GC (Allocation Failure) [PSYoungGen: 51264K->64K(50688K)] 53128K->1928K(225792K), 0,0004143 secs] [Times: user=0,00 sys=0,00, real=0,00 secs] 
40,212: [GC (Allocation Failure) [PSYoungGen: 50240K->96K(49664K)] 52104K->1960K(224768K), 0,0004677 secs] [Times: user=0,00 sys=0,01, real=0,00 secs] 
40,261: [GC (Allocation Failure) [PSYoungGen: 49248K->96K(48640K)] 51112K->1960K(223744K), 0,0005112 secs] [Times: user=0,01 sys=0,00, real=0,00 secs] 
40,308: [GC (Allocation Failure) [PSYoungGen: 48224K->96K(48128K)] 50088K->1984K(223232K), 0,0005394 secs] [Times: user=0,00 sys=0,00, real=0,00 secs] 
40,352: [GC (Allocation Failure) [PSYoungGen: 47712K->96K(47616K)] 49600K->1984K(222720K), 0,0004862 secs] [Times: user=0,01 sys=0,00, real=0,00 secs] 
40,395: [GC (Allocation Failure) [PSYoungGen: 47200K->96K(47104K)] 49088K->1984K(222208K), 0,0004908 secs] [Times: user=0,00 sys=0,00, real=0,00 secs] 
40,438: [GC (Allocation Failure) [PSYoungGen: 46688K->64K(46592K)] 48576K->1952K(221696K), 0,0004889 secs] [Times: user=0,00 sys=0,00, real=0,00 secs] 
40,480: [GC (Allocation Failure) [PSYoungGen: 46144K->96K(55808K)] 48032K->1984K(230912K), 0,0005057 secs] [Times: user=0,00 sys=0,00, real=0,00 secs] 
40,530: [GC (Allocation Failure) [PSYoungGen: 55392K->64K(67072K)] 57280K->1952K(242176K), 0,0005589 secs] [Times: user=0,00 sys=0,00, real=0,00 secs] 
40,590: [GC (Allocation Failure) [PSYoungGen: 66624K->96K(65536K)] 68512K->1984K(240640K), 0,0005450 secs] [Times: user=0,01 sys=0,00, real=0,00 secs] 
40,649: [GC (Allocation Failure) [PSYoungGen: 65120K->64K(64000K)] 67008K->1952K(239104K), 0,0004827 secs] [Times: user=0,01 sys=0,00, real=0,00 secs] 
40,707: [GC (Allocation Failure) [PSYoungGen: 63552K->64K(62464K)] 65440K->1952K(237568K), 0,0005036 secs] [Times: user=0,00 sys=0,00, real=0,00 secs] 
40,763: [GC (Allocation Failure) [PSYoungGen: 62016K->64K(61440K)] 63904K->1952K(236544K), 0,0004904 secs] [Times: user=0,00 sys=0,00, real=0,00 secs] 
40,819: [GC (Allocation Failure) [PSYoungGen: 60992K->32K(60416K)] 62880K->1920K(235520K), 0,0004991 secs] [Times: user=0,01 sys=0,00, real=0,00 secs] 
40,873: [GC (Allocation Failure) [PSYoungGen: 59936K->96K(59392K)] 61824K->1984K(234496K), 0,0004813 secs] [Times: user=0,00 sys=0,00, real=0,00 secs] 
40,926: [GC (Allocation Failure) [PSYoungGen: 58976K->96K(58368K)] 60864K->1984K(233472K), 0,0004826 secs] [Times: user=0,00 sys=0,00, real=0,00 secs] 
40,979: [GC (Allocation Failure) [PSYoungGen: 57952K->96K(57344K)] 59840K->1984K(232448K), 0,0005678 secs] [Times: user=0,00 sys=0,00, real=0,00 secs] 
41,032: [GC (Allocation Failure) [PSYoungGen: 56928K->64K(56320K)] 58816K->1952K(231424K), 0,0004876 secs] [Times: user=0,00 sys=0,00, real=0,00 secs] 
41,082: [GC (Allocation Failure) [PSYoungGen: 55872K->96K(55296K)] 57760K->1984K(230400K), 0,0005240 secs] [Times: user=0,00 sys=0,00, real=0,01 secs] 
41,132: [GC (Allocation Failure) [PSYoungGen: 54880K->96K(54272K)] 56768K->1984K(229376K), 0,0004875 secs] [Times: user=0,00 sys=0,00, real=0,00 secs] 
41,181: [GC (Allocation Failure) [PSYoungGen: 53856K->96K(53248K)] 55744K->1984K(228352K), 0,0004788 secs] [Times: user=0,00 sys=0,00, real=0,00 secs] 
41,228: [GC (Allocation Failure) [PSYoungGen: 52832K->96K(52224K)] 54720K->1984K(227328K), 0,0004849 secs] [Times: user=0,00 sys=0,00, real=0,00 secs] 
41,276: [GC (Allocation Failure) [PSYoungGen: 51808K->64K(51200K)] 53696K->1952K(226304K), 0,0005197 secs] [Times: user=0,00 sys=0,00, real=0,00 secs] 
41,323: [GC (Allocation Failure) [PSYoungGen: 50752K->64K(50176K)] 52640K->1952K(225280K), 0,0005235 secs] [Times: user=0,00 sys=0,00, real=0,00 secs] 
41,368: [GC (Allocation Failure) [PSYoungGen: 49728K->96K(49152K)] 51616K->1984K(224256K), 0,0004089 secs] [Times: user=0,00 sys=0,00, real=0,00 secs] 
41,412: [GC (Allocation Failure) [PSYoungGen: 48736K->96K(48128K)] 50624K->1984K(223232K), 0,0005262 secs] [Times: user=0,00 sys=0,00, real=0,00 secs] 
41,456: [GC (Allocation Failure) [PSYoungGen: 47712K->64K(47616K)] 49600K->1952K(222720K), 0,0005049 secs] [Times: user=0,00 sys=0,00, real=0,00 secs] 
41,500: [GC (Allocation Failure) [PSYoungGen: 47168K->96K(47104K)] 49056K->1984K(222208K), 0,0004919 secs] [Times: user=0,00 sys=0,00, real=0,00 secs] 
41,542: [GC (Allocation Failure) [PSYoungGen: 46688K->96K(46592K)] 48576K->1984K(221696K), 0,0004176 secs] [Times: user=0,00 sys=0,00, real=0,00 secs] 
41,584: [GC (Allocation Failure) [PSYoungGen: 46176K->64K(46080K)] 48064K->1952K(221184K), 0,0004909 secs] [Times: user=0,00 sys=0,00, real=0,00 secs] 
41,625: [GC (Allocation Failure) [PSYoungGen: 45632K->96K(55296K)] 47520K->1984K(230400K), 0,0004743 secs] [Times: user=0,00 sys=0,00, real=0,00 secs] 
41,676: [GC (Allocation Failure) [PSYoungGen: 54880K->32K(54272K)] 56768K->1920K(229376K), 0,0004784 secs] [Times: user=0,00 sys=0,00, real=0,00 secs] 
41,725: [GC (Allocation Failure) [PSYoungGen: 53792K->96K(53248K)] 55680K->1984K(228352K), 0,0004824 secs] [Times: user=0,00 sys=0,00, real=0,00 secs] 
41,773: [GC (Allocation Failure) [PSYoungGen: 52832K->96K(52224K)] 54720K->1984K(227328K), 0,0004808 secs] [Times: user=0,00 sys=0,00, real=0,00 secs] 
41,821: [GC (Allocation Failure) [PSYoungGen: 51808K->32K(51200K)] 53696K->1920K(226304K), 0,0004942 secs] [Times: user=0,00 sys=0,00, real=0,00 secs] 
41,867: [GC (Allocation Failure) [PSYoungGen: 50720K->96K(50176K)] 52608K->1984K(225280K), 0,0005207 secs] [Times: user=0,00 sys=0,00, real=0,00 secs] 
41,912: [GC (Allocation Failure) [PSYoungGen: 49760K->32K(60416K)] 51648K->1920K(235520K), 0,0009604 secs] [Times: user=0,00 sys=0,00, real=0,01 secs] 
41,967: [GC (Allocation Failure) [PSYoungGen: 59936K->64K(72704K)] 61824K->1952K(247808K), 0,0005285 secs] [Times: user=0,00 sys=0,00, real=0,00 secs] 
42,033: [GC (Allocation Failure) [PSYoungGen: 72256K->64K(87552K)] 74144K->1952K(262656K), 0,0005128 secs] [Times: user=0,00 sys=0,00, real=0,00 secs] 
42,112: [GC (Allocation Failure) [PSYoungGen: 87104K->64K(85504K)] 88992K->1952K(260608K), 0,0005235 secs] [Times: user=0,00 sys=0,00, real=0,01 secs] 
42,190: [GC (Allocation Failure) [PSYoungGen: 85056K->64K(83456K)] 86944K->1952K(258560K), 0,0005175 secs] [Times: user=0,00 sys=0,00, real=0,00 secs] 
42,266: [GC (Allocation Failure) [PSYoungGen: 83008K->64K(81408K)] 84896K->1952K(256512K), 0,0005208 secs] [Times: user=0,00 sys=0,00, real=0,00 secs] 
42,341: [GC (Allocation Failure) [PSYoungGen: 80960K->96K(79360K)] 82848K->1984K(254464K), 0,0005367 secs] [Times: user=0,00 sys=0,00, real=0,00 secs] 
42,413: [GC (Allocation Failure) [PSYoungGen: 78944K->96K(77312K)] 80832K->1984K(252416K), 0,0005349 secs] [Times: user=0,00 sys=0,00, real=0,00 secs] 
42,485: [GC (Allocation Failure) [PSYoungGen: 76896K->96K(75264K)] 78784K->1984K(250368K), 0,0005410 secs] [Times: user=0,00 sys=0,00, real=0,00 secs] 
42,553: [GC (Allocation Failure) [PSYoungGen: 74848K->96K(73728K)] 76736K->1984K(248832K), 0,0005291 secs] [Times: user=0,00 sys=0,00, real=0,00 secs] 
42,620: [GC (Allocation Failure) [PSYoungGen: 73312K->32K(72192K)] 75200K->1920K(247296K), 0,0004896 secs] [Times: user=0,00 sys=0,00, real=0,00 secs] 
42,685: [GC (Allocation Failure) [PSYoungGen: 71712K->96K(70656K)] 73600K->1984K(245760K), 0,0005032 secs] [Times: user=0,00 sys=0,00, real=0,00 secs] 
42,749: [GC (Allocation Failure) [PSYoungGen: 70240K->96K(69120K)] 72128K->1984K(244224K), 0,0005655 secs] [Times: user=0,00 sys=0,00, real=0,00 secs] 
42,811: [GC (Allocation Failure) [PSYoungGen: 68704K->96K(67584K)] 70592K->1984K(242688K), 0,0005102 secs] [Times: user=0,00 sys=0,01, real=0,00 secs] 
42,872: [GC (Allocation Failure) [PSYoungGen: 67168K->96K(66048K)] 69056K->1984K(241152K), 0,0005121 secs] [Times: user=0,00 sys=0,00, real=0,01 secs] 
42,931: [GC (Allocation Failure) [PSYoungGen: 65632K->96K(64512K)] 67520K->1984K(239616K), 0,0004890 secs] [Times: user=0,00 sys=0,00, real=0,00 secs] 
42,991: [GC (Allocation Failure) [PSYoungGen: 64096K->96K(62976K)] 65984K->1984K(238080K), 0,0005304 secs] [Times: user=0,00 sys=0,00, real=0,00 secs] 
43,047: [GC (Allocation Failure) [PSYoungGen: 62560K->96K(61952K)] 64448K->1984K(237056K), 0,0005213 secs] [Times: user=0,00 sys=0,00, real=0,00 secs] 
43,104: [GC (Allocation Failure) [PSYoungGen: 61536K->96K(60928K)] 63424K->1984K(236032K), 0,0008302 secs] [Times: user=0,01 sys=0,00, real=0,00 secs] 
43,160: [GC (Allocation Failure) [PSYoungGen: 60512K->96K(59904K)] 62400K->1984K(235008K), 0,0004988 secs] [Times: user=0,00 sys=0,00, real=0,00 secs] 
43,214: [GC (Allocation Failure) [PSYoungGen: 59488K->96K(58880K)] 61376K->1984K(233984K), 0,0005145 secs] [Times: user=0,00 sys=0,00, real=0,00 secs] 
43,268: [GC (Allocation Failure) [PSYoungGen: 58464K->64K(57856K)] 60352K->1952K(232960K), 0,0004942 secs] [Times: user=0,00 sys=0,00, real=0,00 secs] 
43,322: [GC (Allocation Failure) [PSYoungGen: 57408K->32K(56832K)] 59296K->1920K(231936K), 0,0005045 secs] [Times: user=0,01 sys=0,00, real=0,01 secs] 
43,375: [GC (Allocation Failure) [PSYoungGen: 56352K->96K(55808K)] 58240K->1984K(230912K), 0,0005068 secs] [Times: user=0,00 sys=0,00, real=0,00 secs] 
43,425: [GC (Allocation Failure) [PSYoungGen: 55392K->96K(54784K)] 57280K->1984K(229888K), 0,0004968 secs] [Times: user=0,00 sys=0,00, real=0,00 secs] 
43,475: [GC (Allocation Failure) [PSYoungGen: 54368K->96K(53760K)] 56256K->1984K(228864K), 0,0004974 secs] [Times: user=0,00 sys=0,00, real=0,00 secs] 
43,525: [GC (Allocation Failure) [PSYoungGen: 53344K->64K(52736K)] 55232K->1952K(227840K), 0,0004930 secs] [Times: user=0,00 sys=0,00, real=0,00 secs] 
43,573: [GC (Allocation Failure) [PSYoungGen: 52288K->96K(51712K)] 54176K->1984K(226816K), 0,0004933 secs] [Times: user=0,00 sys=0,00, real=0,00 secs] 
43,620: [GC (Allocation Failure) [PSYoungGen: 51296K->96K(50688K)] 53184K->1984K(225792K), 0,0004803 secs] [Times: user=0,00 sys=0,00, real=0,00 secs] 
43,665: [GC (Allocation Failure) [PSYoungGen: 50272K->32K(49664K)] 52160K->1920K(224768K), 0,0005576 secs] [Times: user=0,00 sys=0,00, real=0,00 secs] 
43,710: [GC (Allocation Failure) [PSYoungGen: 49184K->96K(48640K)] 51072K->1984K(223744K), 0,0004991 secs] [Times: user=0,01 sys=0,00, real=0,00 secs] 
43,754: [GC (Allocation Failure) [PSYoungGen: 48224K->96K(48128K)] 50112K->1984K(223232K), 0,0004188 secs] [Times: user=0,00 sys=0,00, real=0,00 secs] 
43,797: [GC (Allocation Failure) [PSYoungGen: 47712K->96K(47616K)] 49600K->1984K(222720K), 0,0004675 secs] [Times: user=0,00 sys=0,00, real=0,00 secs] 
43,840: [GC (Allocation Failure) [PSYoungGen: 47200K->96K(47104K)] 49088K->1984K(222208K), 0,0003972 secs] [Times: user=0,00 sys=0,00, real=0,00 secs] 
43,882: [GC (Allocation Failure) [PSYoungGen: 46688K->96K(46592K)] 48576K->1984K(221696K), 0,0005243 secs] [Times: user=0,00 sys=0,00, real=0,00 secs] 
43,925: [GC (Allocation Failure) [PSYoungGen: 46176K->64K(46080K)] 48064K->1952K(221184K), 0,0003974 secs] [Times: user=0,00 sys=0,00, real=0,00 secs] 
43,967: [GC (Allocation Failure) [PSYoungGen: 45632K->64K(45568K)] 47520K->1952K(220672K), 0,0004836 secs] [Times: user=0,00 sys=0,00, real=0,00 secs] 
44,008: [GC (Allocation Failure) [PSYoungGen: 45120K->96K(54784K)] 47008K->1984K(229888K), 0,0004760 secs] [Times: user=0,00 sys=0,00, real=0,00 secs] 
44,057: [GC (Allocation Failure) [PSYoungGen: 54368K->64K(53760K)] 56256K->1952K(228864K), 0,0005093 secs] [Times: user=0,00 sys=0,00, real=0,00 secs] 
44,106: [GC (Allocation Failure) [PSYoungGen: 53312K->32K(52736K)] 55200K->1920K(227840K), 0,0005027 secs] [Times: user=0,00 sys=0,00, real=0,00 secs] 
44,154: [GC (Allocation Failure) [PSYoungGen: 52256K->96K(51712K)] 54144K->1984K(226816K), 0,0004739 secs] [Times: user=0,00 sys=0,00, real=0,00 secs] 
44,200: [GC (Allocation Failure) [PSYoungGen: 51296K->96K(50688K)] 53184K->1984K(225792K), 0,0004037 secs] [Times: user=0,00 sys=0,00, real=0,00 secs] 
44,245: [GC (Allocation Failure) [PSYoungGen: 50272K->96K(49664K)] 52160K->1984K(224768K), 0,0004275 secs] [Times: user=0,00 sys=0,00, real=0,00 secs] 
44,292: [GC (Allocation Failure) [PSYoungGen: 49248K->96K(48640K)] 51136K->1984K(223744K), 0,0005333 secs] [Times: user=0,00 sys=0,00, real=0,01 secs] 
44,336: [GC (Allocation Failure) [PSYoungGen: 48224K->64K(48128K)] 50112K->1952K(223232K), 0,0005529 secs] [Times: user=0,01 sys=0,00, real=0,00 secs] 
44,379: [GC (Allocation Failure) [PSYoungGen: 47680K->96K(47616K)] 49568K->1984K(222720K), 0,0004149 secs] [Times: user=0,00 sys=0,00, real=0,00 secs] 
44,422: [GC (Allocation Failure) [PSYoungGen: 47200K->64K(47104K)] 49088K->1952K(222208K), 0,0004728 secs] [Times: user=0,00 sys=0,00, real=0,01 secs] 
44,465: [GC (Allocation Failure) [PSYoungGen: 46656K->64K(56832K)] 48544K->1952K(231936K), 0,0005093 secs] [Times: user=0,00 sys=0,00, real=0,00 secs] 
44,516: [GC (Allocation Failure) [PSYoungGen: 56384K->96K(55808K)] 58272K->1984K(230912K), 0,0005009 secs] [Times: user=0,00 sys=0,00, real=0,00 secs] 
44,566: [GC (Allocation Failure) [PSYoungGen: 55392K->32K(54784K)] 57280K->1920K(229888K), 0,0004662 secs] [Times: user=0,00 sys=0,00, real=0,00 secs] 
44,616: [GC (Allocation Failure) [PSYoungGen: 54304K->96K(53760K)] 56192K->1984K(228864K), 0,0004977 secs] [Times: user=0,00 sys=0,00, real=0,00 secs] 
44,664: [GC (Allocation Failure) [PSYoungGen: 53344K->96K(52736K)] 55232K->1984K(227840K), 0,0005404 secs] [Times: user=0,01 sys=0,00, real=0,00 secs] 
44,731: [GC (Allocation Failure) [PSYoungGen: 52320K->32K(63488K)] 54208K->1920K(238592K), 0,0010627 secs] [Times: user=0,00 sys=0,00, real=0,00 secs] 
44,810: [GC (Allocation Failure) [PSYoungGen: 63008K->96K(61952K)] 64896K->1984K(237056K), 0,0005154 secs] [Times: user=0,00 sys=0,00, real=0,00 secs] 
44,868: [GC (Allocation Failure) [PSYoungGen: 61536K->32K(60928K)] 63424K->1920K(236032K), 0,0005391 secs] [Times: user=0,00 sys=0,00, real=0,00 secs] 
44,927: [GC (Allocation Failure) [PSYoungGen: 60448K->64K(59904K)] 62336K->1952K(235008K), 0,0005295 secs] [Times: user=0,00 sys=0,00, real=0,00 secs] 
44,982: [GC (Allocation Failure) [PSYoungGen: 59456K->64K(72192K)] 61344K->1952K(247296K), 0,0010325 secs] [Times: user=0,01 sys=0,00, real=0,01 secs] 
45,058: [GC (Allocation Failure) [PSYoungGen: 71744K->32K(86528K)] 73632K->1920K(261632K), 0,0008988 secs] [Times: user=0,00 sys=0,00, real=0,00 secs] 
45,170: [GC (Allocation Failure) [PSYoungGen: 86048K->32K(103936K)] 87936K->1920K(279040K), 0,0011851 secs] [Times: user=0,00 sys=0,00, real=0,00 secs] 
45,291: [GC (Allocation Failure) [PSYoungGen: 103456K->64K(124928K)] 105344K->1952K(300032K), 0,0010863 secs] [Times: user=0,01 sys=0,00, real=0,01 secs] 
45,413: [GC (Allocation Failure) [PSYoungGen: 124480K->96K(121344K)] 126368K->1984K(296448K), 0,0005680 secs] [Times: user=0,00 sys=0,00, real=0,00 secs] 
45,529: [GC (Allocation Failure) [PSYoungGen: 120928K->64K(117760K)] 122816K->1952K(292864K), 0,0005553 secs] [Times: user=0,00 sys=0,01, real=0,00 secs] 
45,641: [GC (Allocation Failure) [PSYoungGen: 117312K->32K(114176K)] 119200K->1920K(289280K), 0,0005618 secs] [Times: user=0,00 sys=0,00, real=0,00 secs] 
45,749: [GC (Allocation Failure) [PSYoungGen: 113696K->96K(110592K)] 115584K->1984K(285696K), 0,0005616 secs] [Times: user=0,01 sys=0,00, real=0,00 secs] 
45,855: [GC (Allocation Failure) [PSYoungGen: 110176K->96K(107520K)] 112064K->1984K(282624K), 0,0005685 secs] [Times: user=0,00 sys=0,00, real=0,00 secs] 
45,957: [GC (Allocation Failure) [PSYoungGen: 107104K->96K(104448K)] 108992K->1984K(279552K), 0,0005641 secs] [Times: user=0,00 sys=0,00, real=0,00 secs] 
46,057: [GC (Allocation Failure) [PSYoungGen: 104032K->64K(101376K)] 105920K->1952K(276480K), 0,0005366 secs] [Times: user=0,00 sys=0,00, real=0,00 secs] 
46,153: [GC (Allocation Failure) [PSYoungGen: 100928K->96K(98816K)] 102816K->1984K(273920K), 0,0005544 secs] [Times: user=0,00 sys=0,00, real=0,00 secs] 
46,247: [GC (Allocation Failure) [PSYoungGen: 98400K->96K(96256K)] 100288K->1984K(271360K), 0,0005452 secs] [Times: user=0,01 sys=0,00, real=0,00 secs] 
46,340: [GC (Allocation Failure) [PSYoungGen: 95840K->96K(93696K)] 97728K->1984K(268800K), 0,0005702 secs] [Times: user=0,00 sys=0,00, real=0,00 secs] 
46,430: [GC (Allocation Failure) [PSYoungGen: 93280K->64K(91136K)] 95168K->1952K(266240K), 0,0005457 secs] [Times: user=0,00 sys=0,00, real=0,00 secs] 
46,517: [GC (Allocation Failure) [PSYoungGen: 90688K->96K(88576K)] 92576K->1984K(263680K), 0,0005528 secs] [Times: user=0,01 sys=0,00, real=0,00 secs] 
46,601: [GC (Allocation Failure) [PSYoungGen: 88160K->96K(86528K)] 90048K->1984K(261632K), 0,0005206 secs] [Times: user=0,00 sys=0,00, real=0,00 secs] 
46,684: [GC (Allocation Failure) [PSYoungGen: 86112K->96K(84480K)] 88000K->1984K(259584K), 0,0005373 secs] [Times: user=0,00 sys=0,00, real=0,00 secs] 
46,764: [GC (Allocation Failure) [PSYoungGen: 84064K->96K(82432K)] 85952K->1984K(257536K), 0,0005347 secs] [Times: user=0,00 sys=0,00, real=0,00 secs] 
46,843: [GC (Allocation Failure) [PSYoungGen: 82016K->96K(80384K)] 83904K->1984K(255488K), 0,0005487 secs] [Times: user=0,00 sys=0,00, real=0,00 secs] 
46,919: [GC (Allocation Failure) [PSYoungGen: 79968K->64K(78336K)] 81856K->1952K(253440K), 0,0006181 secs] [Times: user=0,00 sys=0,00, real=0,00 secs] 
46,994: [GC (Allocation Failure) [PSYoungGen: 77888K->96K(76288K)] 79776K->1984K(251392K), 0,0005519 secs] [Times: user=0,01 sys=0,00, real=0,00 secs] 
47,066: [GC (Allocation Failure) [PSYoungGen: 75872K->96K(74752K)] 77760K->1984K(249856K), 0,0005167 secs] [Times: user=0,00 sys=0,00, real=0,00 secs] 
47,137: [GC (Allocation Failure) [PSYoungGen: 74336K->96K(73216K)] 76224K->1984K(248320K), 0,0005228 secs] [Times: user=0,00 sys=0,00, real=0,00 secs] 
47,204: [GC (Allocation Failure) [PSYoungGen: 72800K->64K(71680K)] 74688K->1952K(246784K), 0,0005202 secs] [Times: user=0,00 sys=0,00, real=0,00 secs] 
47,271: [GC (Allocation Failure) [PSYoungGen: 71232K->96K(70144K)] 73120K->1984K(245248K), 0,0005157 secs] [Times: user=0,00 sys=0,00, real=0,00 secs] 
47,338: [GC (Allocation Failure) [PSYoungGen: 69728K->32K(68608K)] 71616K->1920K(243712K), 0,0005051 secs] [Times: user=0,00 sys=0,00, real=0,00 secs] 
47,401: [GC (Allocation Failure) [PSYoungGen: 68128K->96K(67072K)] 70016K->1984K(242176K), 0,0005333 secs] [Times: user=0,00 sys=0,00, real=0,00 secs] 
47,464: [GC (Allocation Failure) [PSYoungGen: 66656K->96K(65536K)] 68544K->1984K(240640K), 0,0005378 secs] [Times: user=0,00 sys=0,00, real=0,00 secs] 
47,524: [GC (Allocation Failure) [PSYoungGen: 65120K->96K(64000K)] 67008K->1984K(239104K), 0,0005238 secs] [Times: user=0,00 sys=0,00, real=0,00 secs] 
47,584: [GC (Allocation Failure) [PSYoungGen: 63584K->0K(62464K)] 65472K->1888K(237568K), 0,0005089 secs] [Times: user=0,00 sys=0,00, real=0,00 secs] 
47,641: [GC (Allocation Failure) [PSYoungGen: 61952K->32K(61440K)] 63840K->1920K(236544K), 0,0004942 secs] [Times: user=0,00 sys=0,00, real=0,00 secs] 
47,698: [GC (Allocation Failure) [PSYoungGen: 60960K->64K(60416K)] 62848K->1952K(235520K), 0,0005106 secs] [Times: user=0,00 sys=0,00, real=0,00 secs] 
47,754: [GC (Allocation Failure) [PSYoungGen: 59968K->96K(59392K)] 61856K->1984K(234496K), 0,0005209 secs] [Times: user=0,00 sys=0,00, real=0,00 secs] 
47,809: [GC (Allocation Failure) [PSYoungGen: 58976K->96K(58368K)] 60864K->1984K(233472K), 0,0005371 secs] [Times: user=0,01 sys=0,00, real=0,00 secs] 
47,863: [GC (Allocation Failure) [PSYoungGen: 57952K->96K(57344K)] 59840K->1984K(232448K), 0,0004839 secs] [Times: user=0,00 sys=0,00, real=0,00 secs] 
47,916: [GC (Allocation Failure) [PSYoungGen: 56928K->96K(56320K)] 58816K->1984K(231424K), 0,0004877 secs] [Times: user=0,00 sys=0,00, real=0,00 secs] 
47,968: [GC (Allocation Failure) [PSYoungGen: 55904K->96K(55296K)] 57792K->1984K(230400K), 0,0006471 secs] [Times: user=0,00 sys=0,00, real=0,00 secs] 
48,020: [GC (Allocation Failure) [PSYoungGen: 54880K->96K(54272K)] 56768K->1984K(229376K), 0,0004967 secs] [Times: user=0,00 sys=0,00, real=0,00 secs] 
48,069: [GC (Allocation Failure) [PSYoungGen: 53856K->64K(53248K)] 55744K->1952K(228352K), 0,0005439 secs] [Times: user=0,00 sys=0,00, real=0,00 secs] 
48,118: [GC (Allocation Failure) [PSYoungGen: 52800K->96K(52224K)] 54688K->1984K(227328K), 0,0005321 secs] [Times: user=0,00 sys=0,00, real=0,00 secs] 
48,165: [GC (Allocation Failure) [PSYoungGen: 51808K->64K(51200K)] 53696K->1952K(226304K), 0,0005157 secs] [Times: user=0,00 sys=0,00, real=0,00 secs] 
48,211: [GC (Allocation Failure) [PSYoungGen: 50752K->64K(50176K)] 52640K->1952K(225280K), 0,0005098 secs] [Times: user=0,00 sys=0,00, real=0,00 secs] 
48,257: [GC (Allocation Failure) [PSYoungGen: 49728K->96K(49152K)] 51616K->1984K(224256K), 0,0004898 secs] [Times: user=0,00 sys=0,00, real=0,00 secs] 
48,301: [GC (Allocation Failure) [PSYoungGen: 48736K->96K(48128K)] 50624K->1984K(223232K), 0,0005154 secs] [Times: user=0,00 sys=0,00, real=0,00 secs] 
48,345: [GC (Allocation Failure) [PSYoungGen: 47712K->64K(57856K)] 49600K->1952K(232960K), 0,0005165 secs] [Times: user=0,01 sys=0,00, real=0,00 secs] 
48,397: [GC (Allocation Failure) [PSYoungGen: 57408K->96K(56832K)] 59296K->1984K(231936K), 0,0004963 secs] [Times: user=0,00 sys=0,00, real=0,00 secs] 
48,449: [GC (Allocation Failure) [PSYoungGen: 56416K->96K(55808K)] 58304K->1984K(230912K), 0,0004961 secs] [Times: user=0,00 sys=0,00, real=0,00 secs] 
48,499: [GC (Allocation Failure) [PSYoungGen: 55392K->96K(54784K)] 57280K->1984K(229888K), 0,0004953 secs] [Times: user=0,00 sys=0,00, real=0,00 secs] 
48,549: [GC (Allocation Failure) [PSYoungGen: 54368K->96K(53760K)] 56256K->1984K(228864K), 0,0004780 secs] [Times: user=0,00 sys=0,00, real=0,00 secs] 
48,598: [GC (Allocation Failure) [PSYoungGen: 53344K->96K(52736K)] 55232K->1984K(227840K), 0,0004807 secs] [Times: user=0,00 sys=0,00, real=0,00 secs] 
48,645: [GC (Allocation Failure) [PSYoungGen: 52320K->96K(51712K)] 54208K->1984K(226816K), 0,0004912 secs] [Times: user=0,00 sys=0,00, real=0,00 secs] 
48,693: [GC (Allocation Failure) [PSYoungGen: 51296K->64K(50688K)] 53184K->1952K(225792K), 0,0004835 secs] [Times: user=0,00 sys=0,00, real=0,00 secs] 
48,739: [GC (Allocation Failure) [PSYoungGen: 50240K->96K(49664K)] 52128K->1984K(224768K), 0,0004745 secs] [Times: user=0,00 sys=0,00, real=0,00 secs] 
48,783: [GC (Allocation Failure) [PSYoungGen: 49248K->96K(48640K)] 51136K->1984K(223744K), 0,0003940 secs] [Times: user=0,00 sys=0,00, real=0,00 secs] 
48,827: [GC (Allocation Failure) [PSYoungGen: 48224K->96K(48128K)] 50112K->1984K(223232K), 0,0003942 secs] [Times: user=0,00 sys=0,00, real=0,00 secs] 
48,870: [GC (Allocation Failure) [PSYoungGen: 47712K->64K(47616K)] 49600K->1952K(222720K), 0,0004605 secs] [Times: user=0,00 sys=0,00, real=0,00 secs] 
48,912: [GC (Allocation Failure) [PSYoungGen: 47168K->96K(47104K)] 49056K->1984K(222208K), 0,0003931 secs] [Times: user=0,00 sys=0,00, real=0,00 secs] 
48,955: [GC (Allocation Failure) [PSYoungGen: 46688K->96K(46592K)] 48576K->1984K(221696K), 0,0005198 secs] [Times: user=0,00 sys=0,00, real=0,00 secs] 
48,998: [GC (Allocation Failure) [PSYoungGen: 46176K->64K(46080K)] 48064K->1952K(221184K), 0,0004706 secs] [Times: user=0,00 sys=0,00, real=0,00 secs] 
49,040: [GC (Allocation Failure) [PSYoungGen: 45632K->96K(45568K)] 47520K->1984K(220672K), 0,0004031 secs] [Times: user=0,01 sys=0,00, real=0,00 secs] 
49,081: [GC (Allocation Failure) [PSYoungGen: 45152K->32K(45056K)] 47040K->1920K(220160K), 0,0005092 secs] [Times: user=0,00 sys=0,00, real=0,00 secs] 
49,121: [GC (Allocation Failure) [PSYoungGen: 44576K->64K(54272K)] 46464K->1952K(229376K), 0,0004564 secs] [Times: user=0,00 sys=0,00, real=0,00 secs] 
49,170: [GC (Allocation Failure) [PSYoungGen: 53824K->96K(53248K)] 55712K->1984K(228352K), 0,0004095 secs] [Times: user=0,00 sys=0,00, real=0,00 secs] 
49,218: [GC (Allocation Failure) [PSYoungGen: 52832K->64K(52224K)] 54720K->1952K(227328K), 0,0004557 secs] [Times: user=0,00 sys=0,00, real=0,00 secs] 
49,265: [GC (Allocation Failure) [PSYoungGen: 51776K->96K(51200K)] 53664K->1984K(226304K), 0,0004034 secs] [Times: user=0,00 sys=0,00, real=0,00 secs] 
49,313: [GC (Allocation Failure) [PSYoungGen: 50784K->64K(50176K)] 52672K->1952K(225280K), 0,0005112 secs] [Times: user=0,00 sys=0,00, real=0,00 secs] 
49,359: [GC (Allocation Failure) [PSYoungGen: 49728K->64K(49152K)] 51616K->1952K(224256K), 0,0004746 secs] [Times: user=0,00 sys=0,00, real=0,00 secs] 
49,403: [GC (Allocation Failure) [PSYoungGen: 48704K->96K(48128K)] 50592K->1984K(223232K), 0,0004875 secs] [Times: user=0,00 sys=0,00, real=0,00 secs] 
49,447: [GC (Allocation Failure) [PSYoungGen: 47712K->64K(47616K)] 49600K->1952K(222720K), 0,0004968 secs] [Times: user=0,01 sys=0,00, real=0,00 secs] 
49,490: [GC (Allocation Failure) [PSYoungGen: 47168K->96K(47104K)] 49056K->1984K(222208K), 0,0004905 secs] [Times: user=0,00 sys=0,00, real=0,00 secs] 
49,533: [GC (Allocation Failure) [PSYoungGen: 46688K->96K(46592K)] 48576K->1984K(221696K), 0,0004680 secs] [Times: user=0,00 sys=0,00, real=0,00 secs] 
49,574: [GC (Allocation Failure) [PSYoungGen: 46176K->96K(46080K)] 48064K->1984K(221184K), 0,0004023 secs] [Times: user=0,00 sys=0,00, real=0,00 secs] 
49,616: [GC (Allocation Failure) [PSYoungGen: 45664K->96K(45568K)] 47552K->1984K(220672K), 0,0004006 secs] [Times: user=0,00 sys=0,00, real=0,00 secs] 
49,658: [GC (Allocation Failure) [PSYoungGen: 45152K->96K(45056K)] 47040K->1984K(220160K), 0,0004288 secs] [Times: user=0,00 sys=0,00, real=0,00 secs] 
49,699: [GC (Allocation Failure) [PSYoungGen: 44640K->64K(44544K)] 46528K->1952K(219648K), 0,0004923 secs] [Times: user=0,00 sys=0,00, real=0,00 secs] 
49,739: [GC (Allocation Failure) [PSYoungGen: 44096K->96K(44032K)] 45984K->1984K(219136K), 0,0003922 secs] [Times: user=0,00 sys=0,00, real=0,00 secs] 
49,778: [GC (Allocation Failure) [PSYoungGen: 43616K->96K(43520K)] 45504K->1984K(218624K), 0,0004089 secs] [Times: user=0,00 sys=0,00, real=0,00 secs] 
49,817: [GC (Allocation Failure) [PSYoungGen: 43104K->96K(43008K)] 44992K->1984K(218112K), 0,0003935 secs] [Times: user=0,00 sys=0,00, real=0,00 secs] 
49,856: [GC (Allocation Failure) [PSYoungGen: 42592K->96K(42496K)] 44480K->1984K(217600K), 0,0003892 secs] [Times: user=0,00 sys=0,00, real=0,00 secs] 
49,894: [GC (Allocation Failure) [PSYoungGen: 42080K->96K(41984K)] 43968K->1984K(217088K), 0,0004343 secs] [Times: user=0,00 sys=0,00, real=0,00 secs] 
49,932: [GC (Allocation Failure) [PSYoungGen: 41568K->96K(50688K)] 43456K->1984K(225792K), 0,0005518 secs] [Times: user=0,00 sys=0,00, real=0,01 secs] 
49,977: [GC (Allocation Failure) [PSYoungGen: 50272K->96K(60928K)] 52160K->1984K(236032K), 0,0004969 secs] [Times: user=0,00 sys=0,00, real=0,00 secs] 
50,032: [GC (Allocation Failure) [PSYoungGen: 60512K->64K(59904K)] 62400K->1952K(235008K), 0,0004888 secs] [Times: user=0,00 sys=0,00, real=0,00 secs] 
50,086: [GC (Allocation Failure) [PSYoungGen: 59456K->96K(58880K)] 61344K->1984K(233984K), 0,0005180 secs] [Times: user=0,00 sys=0,00, real=0,00 secs] 
50,139: [GC (Allocation Failure) [PSYoungGen: 58464K->96K(57856K)] 60352K->1984K(232960K), 0,0004922 secs] [Times: user=0,00 sys=0,00, real=0,00 secs] 
50,191: [GC (Allocation Failure) [PSYoungGen: 57440K->96K(56832K)] 59328K->1984K(231936K), 0,0005018 secs] [Times: user=0,00 sys=0,00, real=0,00 secs] 
50,244: [GC (Allocation Failure) [PSYoungGen: 56416K->96K(55808K)] 58304K->1984K(230912K), 0,0004715 secs] [Times: user=0,00 sys=0,00, real=0,00 secs] 
50,300: [GC (Allocation Failure) [PSYoungGen: 55392K->64K(54784K)] 57280K->1952K(229888K), 0,0005684 secs] [Times: user=0,00 sys=0,00, real=0,00 secs] 
50,350: [GC (Allocation Failure) [PSYoungGen: 54336K->96K(53760K)] 56224K->2008K(228864K), 0,0005457 secs] [Times: user=0,00 sys=0,00, real=0,00 secs] 
50,399: [GC (Allocation Failure) [PSYoungGen: 53344K->96K(52736K)] 55256K->2008K(227840K), 0,0004973 secs] [Times: user=0,00 sys=0,00, real=0,00 secs] 
50,447: [GC (Allocation Failure) [PSYoungGen: 52320K->96K(63488K)] 54232K->2008K(238592K), 0,0006699 secs] [Times: user=0,00 sys=0,00, real=0,00 secs] 
50,504: [GC (Allocation Failure) [PSYoungGen: 63072K->64K(61952K)] 64984K->1976K(237056K), 0,0005447 secs] [Times: user=0,00 sys=0,00, real=0,00 secs] 
50,560: [GC (Allocation Failure) [PSYoungGen: 61504K->96K(60928K)] 63416K->2008K(236032K), 0,0005027 secs] [Times: user=0,00 sys=0,00, real=0,00 secs] 
50,615: [GC (Allocation Failure) [PSYoungGen: 60512K->96K(59904K)] 62424K->2008K(235008K), 0,0004832 secs] [Times: user=0,00 sys=0,00, real=0,00 secs] 
50,670: [GC (Allocation Failure) [PSYoungGen: 59488K->96K(58880K)] 61400K->2008K(233984K), 0,0005102 secs] [Times: user=0,00 sys=0,00, real=0,00 secs] 
50,723: [GC (Allocation Failure) [PSYoungGen: 58464K->96K(57856K)] 60376K->2008K(232960K), 0,0004954 secs] [Times: user=0,00 sys=0,00, real=0,00 secs] 
50,775: [GC (Allocation Failure) [PSYoungGen: 57440K->96K(56832K)] 59352K->2008K(231936K), 0,0004946 secs] [Times: user=0,00 sys=0,00, real=0,00 secs] 
50,826: [GC (Allocation Failure) [PSYoungGen: 56416K->96K(55808K)] 58328K->2008K(230912K), 0,0004870 secs] [Times: user=0,00 sys=0,00, real=0,00 secs] 
50,877: [GC (Allocation Failure) [PSYoungGen: 55392K->96K(54784K)] 57304K->2008K(229888K), 0,0004938 secs] [Times: user=0,00 sys=0,00, real=0,00 secs] 
50,926: [GC (Allocation Failure) [PSYoungGen: 54368K->32K(53760K)] 56280K->1944K(228864K), 0,0004711 secs] [Times: user=0,00 sys=0,00, real=0,00 secs] 
50,975: [GC (Allocation Failure) [PSYoungGen: 53280K->96K(52736K)] 55192K->2008K(227840K), 0,0005448 secs] [Times: user=0,00 sys=0,00, real=0,00 secs] 
51,023: [GC (Allocation Failure) [PSYoungGen: 52320K->64K(51712K)] 54232K->1976K(226816K), 0,0004685 secs] [Times: user=0,00 sys=0,00, real=0,00 secs] 
51,071: [GC (Allocation Failure) [PSYoungGen: 51264K->96K(50688K)] 53176K->2008K(225792K), 0,0005514 secs] [Times: user=0,00 sys=0,00, real=0,00 secs] 
51,117: [GC (Allocation Failure) [PSYoungGen: 50272K->64K(49664K)] 52184K->1976K(224768K), 0,0004710 secs] [Times: user=0,00 sys=0,00, real=0,00 secs] 
51,161: [GC (Allocation Failure) [PSYoungGen: 49216K->96K(48640K)] 51128K->2008K(223744K), 0,0004918 secs] [Times: user=0,00 sys=0,00, real=0,00 secs] 
51,205: [GC (Allocation Failure) [PSYoungGen: 48224K->96K(48128K)] 50136K->2008K(223232K), 0,0004955 secs] [Times: user=0,00 sys=0,00, real=0,00 secs] 
51,248: [GC (Allocation Failure) [PSYoungGen: 47712K->64K(47616K)] 49624K->1976K(222720K), 0,0004835 secs] [Times: user=0,00 sys=0,00, real=0,00 secs] 
51,291: [GC (Allocation Failure) [PSYoungGen: 47168K->96K(47104K)] 49080K->2008K(222208K), 0,0003990 secs] [Times: user=0,00 sys=0,00, real=0,00 secs] 
51,335: [GC (Allocation Failure) [PSYoungGen: 46688K->96K(46592K)] 48600K->2008K(221696K), 0,0005044 secs] [Times: user=0,00 sys=0,01, real=0,00 secs] 
51,376: [GC (Allocation Failure) [PSYoungGen: 46176K->96K(46080K)] 48088K->2008K(221184K), 0,0004775 secs] [Times: user=0,00 sys=0,00, real=0,00 secs] 
51,418: [GC (Allocation Failure) [PSYoungGen: 45664K->96K(55296K)] 47576K->2008K(230400K), 0,0004876 secs] [Times: user=0,00 sys=0,00, real=0,00 secs] 
51,468: [GC (Allocation Failure) [PSYoungGen: 54880K->32K(54272K)] 56792K->1944K(229376K), 0,0005028 secs] [Times: user=0,00 sys=0,00, real=0,00 secs] 
51,519: [GC (Allocation Failure) [PSYoungGen: 53792K->64K(53248K)] 55704K->1976K(228352K), 0,0005212 secs] [Times: user=0,00 sys=0,00, real=0,00 secs] 
51,568: [GC (Allocation Failure) [PSYoungGen: 52800K->96K(52224K)] 54712K->2008K(227328K), 0,0005334 secs] [Times: user=0,00 sys=0,00, real=0,00 secs] 
51,616: [GC (Allocation Failure) [PSYoungGen: 51808K->32K(51200K)] 53720K->1944K(226304K), 0,0005384 secs] [Times: user=0,00 sys=0,00, real=0,00 secs] 
51,662: [GC (Allocation Failure) [PSYoungGen: 50720K->96K(50176K)] 52632K->2008K(225280K), 0,0004796 secs] [Times: user=0,00 sys=0,00, real=0,01 secs] 
51,707: [GC (Allocation Failure) [PSYoungGen: 49760K->96K(49152K)] 51672K->2008K(224256K), 0,0005006 secs] [Times: user=0,00 sys=0,00, real=0,00 secs] 
51,751: [GC (Allocation Failure) [PSYoungGen: 48736K->96K(48128K)] 50648K->2008K(223232K), 0,0004776 secs] [Times: user=0,00 sys=0,00, real=0,00 secs] 
51,795: [GC (Allocation Failure) [PSYoungGen: 47712K->96K(47616K)] 49624K->2008K(222720K), 0,0004645 secs] [Times: user=0,00 sys=0,00, real=0,00 secs] 
51,838: [GC (Allocation Failure) [PSYoungGen: 47200K->64K(57344K)] 49112K->1976K(232448K), 0,0005124 secs] [Times: user=0,00 sys=0,00, real=0,00 secs] 
51,890: [GC (Allocation Failure) [PSYoungGen: 56896K->64K(69120K)] 58808K->1976K(244224K), 0,0006997 secs] [Times: user=0,00 sys=0,00, real=0,00 secs] 
51,952: [GC (Allocation Failure) [PSYoungGen: 68672K->96K(82944K)] 70584K->2008K(258048K), 0,0005677 secs] [Times: user=0,01 sys=0,00, real=0,00 secs] 
52,028: [GC (Allocation Failure) [PSYoungGen: 82528K->96K(80896K)] 84440K->2008K(256000K), 0,0005269 secs] [Times: user=0,00 sys=0,00, real=0,00 secs] 
52,101: [GC (Allocation Failure) [PSYoungGen: 80480K->96K(78848K)] 82392K->2008K(253952K), 0,0005201 secs] [Times: user=0,01 sys=0,00, real=0,00 secs] 
52,173: [GC (Allocation Failure) [PSYoungGen: 78432K->96K(76800K)] 80344K->2008K(251904K), 0,0005242 secs] [Times: user=0,00 sys=0,00, real=0,00 secs] 
52,243: [GC (Allocation Failure) [PSYoungGen: 76384K->96K(74752K)] 78296K->2008K(249856K), 0,0005184 secs] [Times: user=0,00 sys=0,00, real=0,00 secs] 
52,310: [GC (Allocation Failure) [PSYoungGen: 74336K->96K(73216K)] 76248K->2008K(248320K), 0,0005226 secs] [Times: user=0,01 sys=0,00, real=0,00 secs] 
52,378: [GC (Allocation Failure) [PSYoungGen: 72800K->96K(71680K)] 74712K->2008K(246784K), 0,0005395 secs] [Times: user=0,00 sys=0,00, real=0,00 secs] 
52,443: [GC (Allocation Failure) [PSYoungGen: 71264K->64K(70144K)] 73176K->1976K(245248K), 0,0005309 secs] [Times: user=0,00 sys=0,00, real=0,00 secs] 
52,506: [GC (Allocation Failure) [PSYoungGen: 69696K->96K(68608K)] 71608K->2008K(243712K), 0,0005103 secs] [Times: user=0,00 sys=0,00, real=0,00 secs] 
52,568: [GC (Allocation Failure) [PSYoungGen: 68192K->32K(67072K)] 70104K->1944K(242176K), 0,0005323 secs] [Times: user=0,00 sys=0,00, real=0,00 secs] 
52,628: [GC (Allocation Failure) [PSYoungGen: 66592K->96K(65536K)] 68504K->2008K(240640K), 0,0005167 secs] [Times: user=0,01 sys=0,00, real=0,00 secs] 
52,687: [GC (Allocation Failure) [PSYoungGen: 65120K->96K(64000K)] 67032K->2008K(239104K), 0,0004936 secs] [Times: user=0,00 sys=0,00, real=0,00 secs] 
52,745: [GC (Allocation Failure) [PSYoungGen: 63584K->96K(62464K)] 65496K->2008K(237568K), 0,0004977 secs] [Times: user=0,00 sys=0,00, real=0,00 secs] 
52,801: [GC (Allocation Failure) [PSYoungGen: 62048K->96K(61440K)] 63960K->2008K(236544K), 0,0004874 secs] [Times: user=0,00 sys=0,00, real=0,00 secs] 
52,856: [GC (Allocation Failure) [PSYoungGen: 61024K->96K(60416K)] 62936K->2008K(235520K), 0,0005088 secs] [Times: user=0,00 sys=0,00, real=0,00 secs] 
52,910: [GC (Allocation Failure) [PSYoungGen: 60000K->64K(59392K)] 61912K->1976K(234496K), 0,0005120 secs] [Times: user=0,00 sys=0,00, real=0,00 secs] 
52,964: [GC (Allocation Failure) [PSYoungGen: 58944K->96K(58368K)] 60856K->2008K(233472K), 0,0005355 secs] [Times: user=0,00 sys=0,00, real=0,00 secs] 
53,017: [GC (Allocation Failure) [PSYoungGen: 57952K->96K(57344K)] 59864K->2008K(232448K), 0,0004884 secs] [Times: user=0,00 sys=0,00, real=0,00 secs] 
53,068: [GC (Allocation Failure) [PSYoungGen: 56928K->64K(56320K)] 58840K->1976K(231424K), 0,0005245 secs] [Times: user=0,00 sys=0,00, real=0,00 secs] 
53,120: [GC (Allocation Failure) [PSYoungGen: 55872K->96K(55296K)] 57784K->2008K(230400K), 0,0005237 secs] [Times: user=0,00 sys=0,00, real=0,00 secs] 
53,170: [GC (Allocation Failure) [PSYoungGen: 54880K->64K(66560K)] 56792K->1976K(241664K), 0,0009479 secs] [Times: user=0,00 sys=0,00, real=0,00 secs] 
53,230: [GC (Allocation Failure) [PSYoungGen: 66112K->96K(79872K)] 68024K->2008K(254976K), 0,0005216 secs] [Times: user=0,00 sys=0,00, real=0,00 secs] 
53,303: [GC (Allocation Failure) [PSYoungGen: 79456K->96K(77824K)] 81368K->2008K(252928K), 0,0005403 secs] [Times: user=0,01 sys=0,00, real=0,00 secs] 
53,374: [GC (Allocation Failure) [PSYoungGen: 77408K->96K(75776K)] 79320K->2008K(250880K), 0,0005331 secs] [Times: user=0,00 sys=0,00, real=0,00 secs] 
53,443: [GC (Allocation Failure) [PSYoungGen: 75360K->96K(74240K)] 77272K->2008K(249344K), 0,0005238 secs] [Times: user=0,01 sys=0,00, real=0,00 secs] 
53,510: [GC (Allocation Failure) [PSYoungGen: 73824K->96K(72704K)] 75736K->2008K(247808K), 0,0005199 secs] [Times: user=0,00 sys=0,00, real=0,00 secs] 
53,575: [GC (Allocation Failure) [PSYoungGen: 72288K->64K(71168K)] 74200K->1976K(246272K), 0,0005277 secs] [Times: user=0,00 sys=0,00, real=0,00 secs] 
53,640: [GC (Allocation Failure) [PSYoungGen: 70720K->96K(69632K)] 72632K->2008K(244736K), 0,0004788 secs] [Times: user=0,00 sys=0,00, real=0,00 secs] 
53,703: [GC (Allocation Failure) [PSYoungGen: 69216K->96K(68096K)] 71128K->2008K(243200K), 0,0004986 secs] [Times: user=0,00 sys=0,00, real=0,00 secs] 
53,764: [GC (Allocation Failure) [PSYoungGen: 67680K->96K(66560K)] 69592K->2008K(241664K), 0,0004997 secs] [Times: user=0,00 sys=0,00, real=0,00 secs] 
53,824: [GC (Allocation Failure) [PSYoungGen: 66144K->64K(65024K)] 68056K->1976K(240128K), 0,0009838 secs] [Times: user=0,00 sys=0,00, real=0,00 secs] 
53,884: [GC (Allocation Failure) [PSYoungGen: 64576K->96K(63488K)] 66488K->2008K(238592K), 0,0021022 secs] [Times: user=0,00 sys=0,00, real=0,00 secs] 
53,944: [GC (Allocation Failure) [PSYoungGen: 63072K->96K(61952K)] 64984K->2008K(237056K), 0,0005227 secs] [Times: user=0,00 sys=0,00, real=0,00 secs] 
54,000: [GC (Allocation Failure) [PSYoungGen: 61536K->96K(60928K)] 63448K->2008K(236032K), 0,0004994 secs] [Times: user=0,00 sys=0,00, real=0,00 secs] 
54,056: [GC (Allocation Failure) [PSYoungGen: 60512K->96K(59904K)] 62424K->2008K(235008K), 0,0005120 secs] [Times: user=0,00 sys=0,01, real=0,00 secs] 
54,112: [GC (Allocation Failure) [PSYoungGen: 59488K->96K(58880K)] 61400K->2008K(233984K), 0,0004924 secs] [Times: user=0,00 sys=0,00, real=0,01 secs] 
54,166: [GC (Allocation Failure) [PSYoungGen: 58464K->96K(57856K)] 60376K->2008K(232960K), 0,0004947 secs] [Times: user=0,00 sys=0,00, real=0,00 secs] 
54,220: [GC (Allocation Failure) [PSYoungGen: 57440K->96K(56832K)] 59352K->2008K(231936K), 0,0004899 secs] [Times: user=0,00 sys=0,00, real=0,00 secs] 
54,273: [GC (Allocation Failure) [PSYoungGen: 56416K->96K(55808K)] 58328K->2008K(230912K), 0,0004802 secs] [Times: user=0,00 sys=0,00, real=0,00 secs] 
54,324: [GC (Allocation Failure) [PSYoungGen: 55392K->96K(54784K)] 57304K->2008K(229888K), 0,0005260 secs] [Times: user=0,00 sys=0,00, real=0,00 secs] 
54,374: [GC (Allocation Failure) [PSYoungGen: 54368K->96K(53760K)] 56280K->2008K(228864K), 0,0005699 secs] [Times: user=0,00 sys=0,00, real=0,00 secs] 
54,424: [GC (Allocation Failure) [PSYoungGen: 53344K->96K(52736K)] 55256K->2008K(227840K), 0,0005733 secs] [Times: user=0,00 sys=0,00, real=0,00 secs] 
54,471: [GC (Allocation Failure) [PSYoungGen: 52320K->64K(51712K)] 54232K->1976K(226816K), 0,0004840 secs] [Times: user=0,00 sys=0,00, real=0,00 secs] 
54,518: [GC (Allocation Failure) [PSYoungGen: 51264K->64K(50688K)] 53176K->1976K(225792K), 0,0004334 secs] [Times: user=0,00 sys=0,00, real=0,00 secs] 
54,564: [GC (Allocation Failure) [PSYoungGen: 50240K->64K(49664K)] 52152K->1976K(224768K), 0,0005163 secs] [Times: user=0,00 sys=0,00, real=0,00 secs] 
54,609: [GC (Allocation Failure) [PSYoungGen: 49216K->96K(48640K)] 51128K->2008K(223744K), 0,0003942 secs] [Times: user=0,00 sys=0,00, real=0,00 secs] 
54,653: [GC (Allocation Failure) [PSYoungGen: 48224K->96K(48128K)] 50136K->2008K(223232K), 0,0004984 secs] [Times: user=0,00 sys=0,00, real=0,00 secs] 
54,696: [GC (Allocation Failure) [PSYoungGen: 47712K->96K(47616K)] 49624K->2008K(222720K), 0,0004926 secs] [Times: user=0,00 sys=0,00, real=0,00 secs] 
54,739: [GC (Allocation Failure) [PSYoungGen: 47200K->96K(47104K)] 49112K->2008K(222208K), 0,0004329 secs] [Times: user=0,00 sys=0,00, real=0,00 secs] 
54,781: [GC (Allocation Failure) [PSYoungGen: 46688K->96K(46592K)] 48600K->2008K(221696K), 0,0004103 secs] [Times: user=0,00 sys=0,00, real=0,00 secs] 
54,823: [GC (Allocation Failure) [PSYoungGen: 46176K->96K(46080K)] 48088K->2008K(221184K), 0,0004069 secs] [Times: user=0,00 sys=0,00, real=0,00 secs] 
54,864: [GC (Allocation Failure) [PSYoungGen: 45664K->96K(45568K)] 47576K->2008K(220672K), 0,0003924 secs] [Times: user=0,00 sys=0,00, real=0,00 secs] 
54,905: [GC (Allocation Failure) [PSYoungGen: 45152K->64K(45056K)] 47064K->1976K(220160K), 0,0003796 secs] [Times: user=0,00 sys=0,00, real=0,00 secs] 
54,946: [GC (Allocation Failure) [PSYoungGen: 44608K->96K(44544K)] 46520K->2008K(219648K), 0,0005506 secs] [Times: user=0,00 sys=0,00, real=0,00 secs] 
54,986: [GC (Allocation Failure) [PSYoungGen: 44128K->96K(53760K)] 46040K->2008K(228864K), 0,0005335 secs] [Times: user=0,00 sys=0,00, real=0,00 secs] 
55,035: [GC (Allocation Failure) [PSYoungGen: 53344K->96K(64512K)] 55256K->2008K(239616K), 0,0005177 secs] [Times: user=0,00 sys=0,00, real=0,00 secs] 
55,093: [GC (Allocation Failure) [PSYoungGen: 64096K->96K(62976K)] 66008K->2008K(238080K), 0,0005086 secs] [Times: user=0,01 sys=0,00, real=0,00 secs] 
55,151: [GC (Allocation Failure) [PSYoungGen: 62560K->96K(61952K)] 64472K->2008K(237056K), 0,0004990 secs] [Times: user=0,00 sys=0,00, real=0,01 secs] 
55,209: [GC (Allocation Failure) [PSYoungGen: 61536K->96K(60928K)] 63448K->2008K(236032K), 0,0005044 secs] [Times: user=0,00 sys=0,00, real=0,00 secs] 
55,265: [GC (Allocation Failure) [PSYoungGen: 60512K->96K(59904K)] 62424K->2008K(235008K), 0,0004941 secs] [Times: user=0,00 sys=0,00, real=0,00 secs] 
55,320: [GC (Allocation Failure) [PSYoungGen: 59488K->64K(72192K)] 61400K->1976K(247296K), 0,0008700 secs] [Times: user=0,00 sys=0,00, real=0,00 secs] 
55,386: [GC (Allocation Failure) [PSYoungGen: 71744K->96K(70656K)] 73656K->2008K(245760K), 0,0005605 secs] [Times: user=0,00 sys=0,00, real=0,00 secs] 
55,451: [GC (Allocation Failure) [PSYoungGen: 70239K->96K(69120K)] 72151K->2008K(244224K), 0,0006222 secs] [Times: user=0,00 sys=0,00, real=0,00 secs] 
55,513: [GC (Allocation Failure) [PSYoungGen: 68704K->96K(67584K)] 70616K->2008K(242688K), 0,0004720 secs] [Times: user=0,00 sys=0,00, real=0,00 secs] 
55,575: [GC (Allocation Failure) [PSYoungGen: 67168K->64K(66048K)] 69080K->1976K(241152K), 0,0005203 secs] [Times: user=0,00 sys=0,00, real=0,00 secs] 
55,636: [GC (Allocation Failure) [PSYoungGen: 65600K->96K(64512K)] 67512K->2008K(239616K), 0,0005206 secs] [Times: user=0,00 sys=0,00, real=0,00 secs] 
55,694: [GC (Allocation Failure) [PSYoungGen: 64096K->96K(62976K)] 66008K->2008K(238080K), 0,0005302 secs] [Times: user=0,00 sys=0,00, real=0,00 secs] 
55,751: [GC (Allocation Failure) [PSYoungGen: 62560K->96K(61952K)] 64472K->2008K(237056K), 0,0005319 secs] [Times: user=0,00 sys=0,00, real=0,00 secs] 
55,808: [GC (Allocation Failure) [PSYoungGen: 61536K->64K(60928K)] 63448K->1976K(236032K), 0,0004956 secs] [Times: user=0,00 sys=0,00, real=0,00 secs] 
55,864: [GC (Allocation Failure) [PSYoungGen: 60480K->64K(59904K)] 62392K->1976K(235008K), 0,0005235 secs] [Times: user=0,00 sys=0,00, real=0,00 secs] 
55,918: [GC (Allocation Failure) [PSYoungGen: 59456K->96K(58880K)] 61368K->2008K(233984K), 0,0005182 secs] [Times: user=0,00 sys=0,00, real=0,00 secs] 
55,971: [GC (Allocation Failure) [PSYoungGen: 58464K->96K(57856K)] 60376K->2008K(232960K), 0,0005083 secs] [Times: user=0,00 sys=0,00, real=0,00 secs] 
56,023: [GC (Allocation Failure) [PSYoungGen: 57440K->96K(56832K)] 59352K->2008K(231936K), 0,0004956 secs] [Times: user=0,00 sys=0,00, real=0,00 secs] 
56,074: [GC (Allocation Failure) [PSYoungGen: 56416K->64K(55808K)] 58328K->1976K(230912K), 0,0004592 secs] [Times: user=0,00 sys=0,00, real=0,00 secs] 
56,124: [GC (Allocation Failure) [PSYoungGen: 55360K->96K(54784K)] 57272K->2008K(229888K), 0,0004708 secs] [Times: user=0,00 sys=0,00, real=0,00 secs] 
56,173: [GC (Allocation Failure) [PSYoungGen: 54368K->32K(53760K)] 56280K->1944K(228864K), 0,0004522 secs] [Times: user=0,00 sys=0,00, real=0,00 secs] 
56,222: [GC (Allocation Failure) [PSYoungGen: 53280K->96K(52736K)] 55192K->2008K(227840K), 0,0005387 secs] [Times: user=0,00 sys=0,00, real=0,01 secs] 
56,269: [GC (Allocation Failure) [PSYoungGen: 52320K->32K(51712K)] 54232K->1944K(226816K), 0,0005024 secs] [Times: user=0,00 sys=0,00, real=0,00 secs] 
56,315: [GC (Allocation Failure) [PSYoungGen: 51232K->64K(50688K)] 53144K->1976K(225792K), 0,0004890 secs] [Times: user=0,01 sys=0,00, real=0,00 secs] 
56,362: [GC (Allocation Failure) [PSYoungGen: 50240K->96K(49664K)] 52152K->2008K(224768K), 0,0005418 secs] [Times: user=0,00 sys=0,00, real=0,00 secs] 
56,407: [GC (Allocation Failure) [PSYoungGen: 49248K->96K(48640K)] 51160K->2008K(223744K), 0,0004788 secs] [Times: user=0,00 sys=0,00, real=0,00 secs] 
56,451: [GC (Allocation Failure) [PSYoungGen: 48224K->64K(48128K)] 50136K->1976K(223232K), 0,0005094 secs] [Times: user=0,00 sys=0,00, real=0,00 secs] 
56,494: [GC (Allocation Failure) [PSYoungGen: 47680K->96K(47616K)] 49592K->2008K(222720K), 0,0004062 secs] [Times: user=0,01 sys=0,00, real=0,00 secs] 
56,537: [GC (Allocation Failure) [PSYoungGen: 47200K->96K(47104K)] 49112K->2008K(222208K), 0,0005258 secs] [Times: user=0,00 sys=0,00, real=0,00 secs] 
56,579: [GC (Allocation Failure) [PSYoungGen: 46688K->96K(56832K)] 48600K->2008K(231936K), 0,0004641 secs] [Times: user=0,00 sys=0,00, real=0,00 secs] 
56,631: [GC (Allocation Failure) [PSYoungGen: 56416K->96K(55808K)] 58328K->2008K(230912K), 0,0004138 secs] [Times: user=0,00 sys=0,00, real=0,00 secs] 
56,681: [GC (Allocation Failure) [PSYoungGen: 55392K->32K(54784K)] 57304K->1944K(229888K), 0,0005289 secs] [Times: user=0,00 sys=0,00, real=0,00 secs] 
56,730: [GC (Allocation Failure) [PSYoungGen: 54304K->64K(53760K)] 56216K->1976K(228864K), 0,0004832 secs] [Times: user=0,00 sys=0,00, real=0,00 secs] 
56,779: [GC (Allocation Failure) [PSYoungGen: 53312K->96K(52736K)] 55224K->2008K(227840K), 0,0005612 secs] [Times: user=0,00 sys=0,00, real=0,00 secs] 
56,826: [GC (Allocation Failure) [PSYoungGen: 52320K->64K(51712K)] 54232K->1976K(226816K), 0,0004612 secs] [Times: user=0,00 sys=0,01, real=0,00 secs] 
56,872: [GC (Allocation Failure) [PSYoungGen: 51264K->96K(50688K)] 53176K->2008K(225792K), 0,0004891 secs] [Times: user=0,00 sys=0,00, real=0,00 secs] 
56,918: [GC (Allocation Failure) [PSYoungGen: 50272K->64K(49664K)] 52184K->1976K(224768K), 0,0004783 secs] [Times: user=0,00 sys=0,00, real=0,00 secs] 
56,963: [GC (Allocation Failure) [PSYoungGen: 49216K->64K(48640K)] 51128K->1976K(223744K), 0,0004867 secs] [Times: user=0,00 sys=0,00, real=0,00 secs] 
57,007: [GC (Allocation Failure) [PSYoungGen: 48192K->96K(58368K)] 50104K->2008K(233472K), 0,0005370 secs] [Times: user=0,00 sys=0,00, real=0,00 secs] 
57,060: [GC (Allocation Failure) [PSYoungGen: 57952K->96K(57344K)] 59864K->2008K(232448K), 0,0004846 secs] [Times: user=0,00 sys=0,00, real=0,00 secs] 
57,113: [GC (Allocation Failure) [PSYoungGen: 56928K->96K(56320K)] 58840K->2008K(231424K), 0,0004667 secs] [Times: user=0,00 sys=0,00, real=0,00 secs] 
57,163: [GC (Allocation Failure) [PSYoungGen: 55904K->64K(55296K)] 57816K->1976K(230400K), 0,0004694 secs] [Times: user=0,00 sys=0,00, real=0,00 secs] 
57,213: [GC (Allocation Failure) [PSYoungGen: 54848K->96K(54272K)] 56760K->2008K(229376K), 0,0004973 secs] [Times: user=0,00 sys=0,00, real=0,00 secs] 
57,262: [GC (Allocation Failure) [PSYoungGen: 53856K->64K(53248K)] 55768K->1976K(228352K), 0,0004815 secs] [Times: user=0,00 sys=0,00, real=0,01 secs] 
57,310: [GC (Allocation Failure) [PSYoungGen: 52800K->96K(52224K)] 54712K->2008K(227328K), 0,0005139 secs] [Times: user=0,00 sys=0,00, real=0,00 secs] 
57,358: [GC (Allocation Failure) [PSYoungGen: 51808K->96K(51200K)] 53720K->2008K(226304K), 0,0005437 secs] [Times: user=0,01 sys=0,00, real=0,00 secs] 
57,404: [GC (Allocation Failure) [PSYoungGen: 50784K->96K(50176K)] 52696K->2008K(225280K), 0,0005232 secs] [Times: user=0,00 sys=0,00, real=0,00 secs] 
57,450: [GC (Allocation Failure) [PSYoungGen: 49760K->96K(49152K)] 51672K->2008K(224256K), 0,0005072 secs] [Times: user=0,00 sys=0,00, real=0,00 secs] 
57,494: [GC (Allocation Failure) [PSYoungGen: 48736K->64K(58880K)] 50648K->1976K(233984K), 0,0005105 secs] [Times: user=0,00 sys=0,00, real=0,00 secs] 
57,547: [GC (Allocation Failure) [PSYoungGen: 58432K->96K(57856K)] 60344K->2008K(232960K), 0,0004952 secs] [Times: user=0,01 sys=0,00, real=0,00 secs] 
57,599: [GC (Allocation Failure) [PSYoungGen: 57440K->32K(56832K)] 59352K->1944K(231936K), 0,0004583 secs] [Times: user=0,00 sys=0,00, real=0,00 secs] 
57,650: [GC (Allocation Failure) [PSYoungGen: 56352K->96K(55808K)] 58264K->2008K(230912K), 0,0004767 secs] [Times: user=0,00 sys=0,00, real=0,00 secs] 
57,701: [GC (Allocation Failure) [PSYoungGen: 55392K->96K(54784K)] 57304K->2008K(229888K), 0,0004786 secs] [Times: user=0,00 sys=0,00, real=0,00 secs] 
57,750: [GC (Allocation Failure) [PSYoungGen: 54368K->96K(53760K)] 56280K->2008K(228864K), 0,0004698 secs] [Times: user=0,00 sys=0,00, real=0,00 secs] 
57,798: [GC (Allocation Failure) [PSYoungGen: 53344K->96K(52736K)] 55256K->2008K(227840K), 0,0004897 secs] [Times: user=0,00 sys=0,00, real=0,00 secs] 
57,847: [GC (Allocation Failure) [PSYoungGen: 52320K->96K(51712K)] 54232K->2008K(226816K), 0,0004925 secs] [Times: user=0,00 sys=0,00, real=0,00 secs] 
57,895: [GC (Allocation Failure) [PSYoungGen: 51296K->96K(50688K)] 53208K->2008K(225792K), 0,0003934 secs] [Times: user=0,00 sys=0,00, real=0,00 secs] 
57,940: [GC (Allocation Failure) [PSYoungGen: 50272K->96K(49664K)] 52184K->2008K(224768K), 0,0004144 secs] [Times: user=0,00 sys=0,00, real=0,00 secs] 
57,985: [GC (Allocation Failure) [PSYoungGen: 49248K->96K(48640K)] 51160K->2008K(223744K), 0,0004951 secs] [Times: user=0,00 sys=0,00, real=0,00 secs] 
58,030: [GC (Allocation Failure) [PSYoungGen: 48224K->96K(48128K)] 50136K->2008K(223232K), 0,0004977 secs] [Times: user=0,00 sys=0,00, real=0,00 secs] 
58,073: [GC (Allocation Failure) [PSYoungGen: 47712K->64K(47616K)] 49624K->1976K(222720K), 0,0005077 secs] [Times: user=0,01 sys=0,00, real=0,00 secs] 
58,117: [GC (Allocation Failure) [PSYoungGen: 47168K->96K(47104K)] 49080K->2008K(222208K), 0,0005201 secs] [Times: user=0,00 sys=0,00, real=0,00 secs] 
58,159: [GC (Allocation Failure) [PSYoungGen: 46688K->96K(56832K)] 48600K->2008K(231936K), 0,0005051 secs] [Times: user=0,00 sys=0,00, real=0,00 secs] 
58,210: [GC (Allocation Failure) [PSYoungGen: 56416K->96K(55808K)] 58328K->2008K(230912K), 0,0004905 secs] [Times: user=0,00 sys=0,00, real=0,00 secs] 
58,260: [GC (Allocation Failure) [PSYoungGen: 55392K->96K(54784K)] 57304K->2008K(229888K), 0,0004863 secs] [Times: user=0,00 sys=0,00, real=0,00 secs] 
58,309: [GC (Allocation Failure) [PSYoungGen: 54368K->96K(53760K)] 56280K->2008K(228864K), 0,0004790 secs] [Times: user=0,00 sys=0,00, real=0,00 secs] 
58,359: [GC (Allocation Failure) [PSYoungGen: 53344K->96K(52736K)] 55256K->2008K(227840K), 0,0005445 secs] [Times: user=0,00 sys=0,00, real=0,00 secs] 
58,408: [GC (Allocation Failure) [PSYoungGen: 52320K->96K(51712K)] 54232K->2008K(226816K), 0,0005057 secs] [Times: user=0,00 sys=0,00, real=0,00 secs] 
58,455: [GC (Allocation Failure) [PSYoungGen: 51296K->64K(50688K)] 53208K->1976K(225792K), 0,0005088 secs] [Times: user=0,00 sys=0,00, real=0,00 secs] 
58,501: [GC (Allocation Failure) [PSYoungGen: 50240K->96K(49664K)] 52152K->2008K(224768K), 0,0004727 secs] [Times: user=0,01 sys=0,00, real=0,00 secs] 
58,545: [GC (Allocation Failure) [PSYoungGen: 49248K->96K(48640K)] 51160K->2008K(223744K), 0,0004799 secs] [Times: user=0,00 sys=0,00, real=0,00 secs] 
58,590: [GC (Allocation Failure) [PSYoungGen: 48224K->96K(48128K)] 50136K->2008K(223232K), 0,0004173 secs] [Times: user=0,01 sys=0,00, real=0,00 secs] 
58,633: [GC (Allocation Failure) [PSYoungGen: 47712K->96K(47616K)] 49624K->2008K(222720K), 0,0004633 secs] [Times: user=0,00 sys=0,00, real=0,00 secs] 
58,676: [GC (Allocation Failure) [PSYoungGen: 47200K->96K(47104K)] 49112K->2008K(222208K), 0,0003957 secs] [Times: user=0,00 sys=0,00, real=0,00 secs] 
58,718: [GC (Allocation Failure) [PSYoungGen: 46688K->96K(46592K)] 48600K->2008K(221696K), 0,0004140 secs] [Times: user=0,00 sys=0,00, real=0,00 secs] 
58,760: [GC (Allocation Failure) [PSYoungGen: 46176K->64K(46080K)] 48088K->1976K(221184K), 0,0004584 secs] [Times: user=0,00 sys=0,00, real=0,00 secs] 
58,801: [GC (Allocation Failure) [PSYoungGen: 45632K->96K(45568K)] 47544K->2008K(220672K), 0,0003996 secs] [Times: user=0,00 sys=0,00, real=0,00 secs] 
58,842: [GC (Allocation Failure) [PSYoungGen: 45152K->32K(45056K)] 47064K->1944K(220160K), 0,0004717 secs] [Times: user=0,00 sys=0,00, real=0,00 secs] 
58,883: [GC (Allocation Failure) [PSYoungGen: 44576K->64K(54272K)] 46488K->1976K(229376K), 0,0009638 secs] [Times: user=0,00 sys=0,00, real=0,00 secs] 
58,933: [GC (Allocation Failure) [PSYoungGen: 53824K->64K(65024K)] 55736K->1976K(240128K), 0,0009815 secs] [Times: user=0,00 sys=0,00, real=0,00 secs] 
58,992: [GC (Allocation Failure) [PSYoungGen: 64576K->96K(78336K)] 66488K->2008K(253440K), 0,0005169 secs] [Times: user=0,00 sys=0,00, real=0,00 secs] 
59,063: [GC (Allocation Failure) [PSYoungGen: 77920K->96K(94208K)] 79832K->2008K(269312K), 0,0005258 secs] [Times: user=0,00 sys=0,00, real=0,00 secs] 
59,148: [GC (Allocation Failure) [PSYoungGen: 93792K->64K(91648K)] 95704K->1976K(266752K), 0,0005179 secs] [Times: user=0,00 sys=0,00, real=0,00 secs] 
59,230: [GC (Allocation Failure) [PSYoungGen: 91200K->96K(89088K)] 93112K->2008K(264192K), 0,0005333 secs] [Times: user=0,00 sys=0,00, real=0,00 secs] 
59,311: [GC (Allocation Failure) [PSYoungGen: 88672K->96K(87040K)] 90584K->2008K(262144K), 0,0005234 secs] [Times: user=0,00 sys=0,00, real=0,00 secs] 
59,391: [GC (Allocation Failure) [PSYoungGen: 86624K->64K(84992K)] 88536K->1976K(260096K), 0,0006059 secs] [Times: user=0,00 sys=0,00, real=0,00 secs] 
59,469: [GC (Allocation Failure) [PSYoungGen: 84544K->96K(82944K)] 86456K->2008K(258048K), 0,0005024 secs] [Times: user=0,00 sys=0,00, real=0,00 secs] 
59,545: [GC (Allocation Failure) [PSYoungGen: 82528K->96K(80896K)] 84440K->2008K(256000K), 0,0005206 secs] [Times: user=0,01 sys=0,00, real=0,00 secs] 
59,619: [GC (Allocation Failure) [PSYoungGen: 80480K->64K(78848K)] 82392K->1976K(253952K), 0,0005148 secs] [Times: user=0,00 sys=0,01, real=0,00 secs] 
59,692: [GC (Allocation Failure) [PSYoungGen: 78400K->64K(76800K)] 80312K->1976K(251904K), 0,0004892 secs] [Times: user=0,00 sys=0,00, real=0,01 secs] 
59,762: [GC (Allocation Failure) [PSYoungGen: 76352K->96K(74752K)] 78264K->2008K(249856K), 0,0005318 secs] [Times: user=0,00 sys=0,00, real=0,01 secs] 
59,829: [GC (Allocation Failure) [PSYoungGen: 74336K->64K(73216K)] 76248K->1976K(248320K), 0,0005049 secs] [Times: user=0,00 sys=0,00, real=0,00 secs] 
59,896: [GC (Allocation Failure) [PSYoungGen: 72768K->96K(71680K)] 74680K->2008K(246784K), 0,0004982 secs] [Times: user=0,00 sys=0,00, real=0,00 secs] 
59,962: [GC (Allocation Failure) [PSYoungGen: 71264K->64K(70144K)] 73176K->1976K(245248K), 0,0005144 secs] [Times: user=0,00 sys=0,00, real=0,00 secs] 
60,025: [GC (Allocation Failure) [PSYoungGen: 69696K->96K(68608K)] 71608K->2008K(243712K), 0,0005547 secs] [Times: user=0,00 sys=0,00, real=0,00 secs] 
60,091: [GC (Allocation Failure) [PSYoungGen: 68192K->96K(67072K)] 70104K->2008K(242176K), 0,0005473 secs] [Times: user=0,01 sys=0,00, real=0,01 secs] 
60,151: [GC (Allocation Failure) [PSYoungGen: 66656K->0K(65536K)] 68568K->1920K(240640K), 0,0004919 secs] [Times: user=0,00 sys=0,00, real=0,01 secs] 
60,210: [GC (Allocation Failure) [PSYoungGen: 65024K->64K(64000K)] 66944K->1984K(239104K), 0,0005199 secs] [Times: user=0,01 sys=0,00, real=0,00 secs] 
60,273: [GC (Allocation Failure) [PSYoungGen: 63552K->128K(62464K)] 65472K->2048K(237568K), 0,0011630 secs] [Times: user=0,00 sys=0,00, real=0,00 secs] 
60,332: [GC (Allocation Failure) [PSYoungGen: 62080K->32K(61440K)] 64000K->1984K(236544K), 0,0005272 secs] [Times: user=0,00 sys=0,00, real=0,00 secs] 
60,388: [GC (Allocation Failure) [PSYoungGen: 60960K->64K(60416K)] 62912K->2016K(235520K), 0,0005602 secs] [Times: user=0,01 sys=0,00, real=0,00 secs] 
60,443: [GC (Allocation Failure) [PSYoungGen: 59968K->96K(59392K)] 61920K->2048K(234496K), 0,0005124 secs] [Times: user=0,00 sys=0,00, real=0,00 secs] 
60,497: [GC (Allocation Failure) [PSYoungGen: 58976K->96K(58368K)] 60928K->2048K(233472K), 0,0004974 secs] [Times: user=0,00 sys=0,00, real=0,00 secs] 
60,549: [GC (Allocation Failure) [PSYoungGen: 57952K->96K(57344K)] 59904K->2048K(232448K), 0,0005259 secs] [Times: user=0,00 sys=0,00, real=0,00 secs] 
60,602: [GC (Allocation Failure) [PSYoungGen: 56928K->96K(56320K)] 58880K->2048K(231424K), 0,0005100 secs] [Times: user=0,00 sys=0,00, real=0,01 secs] 
60,652: [GC (Allocation Failure) [PSYoungGen: 55904K->96K(55296K)] 57856K->2048K(230400K), 0,0005111 secs] [Times: user=0,00 sys=0,00, real=0,00 secs] 
60,702: [GC (Allocation Failure) [PSYoungGen: 54880K->96K(54272K)] 56832K->2048K(229376K), 0,0004932 secs] [Times: user=0,00 sys=0,00, real=0,00 secs] 
60,751: [GC (Allocation Failure) [PSYoungGen: 53856K->96K(53248K)] 55808K->2048K(228352K), 0,0005376 secs] [Times: user=0,00 sys=0,00, real=0,00 secs] 
60,799: [GC (Allocation Failure) [PSYoungGen: 52832K->64K(52224K)] 54784K->2016K(227328K), 0,0004934 secs] [Times: user=0,00 sys=0,00, real=0,00 secs] 
60,846: [GC (Allocation Failure) [PSYoungGen: 51776K->96K(51200K)] 53728K->2048K(226304K), 0,0004745 secs] [Times: user=0,00 sys=0,00, real=0,00 secs] 
60,892: [GC (Allocation Failure) [PSYoungGen: 50783K->64K(50176K)] 52735K->2016K(225280K), 0,0004321 secs] [Times: user=0,00 sys=0,00, real=0,00 secs] 
60,941: [GC (Allocation Failure) [PSYoungGen: 49728K->96K(49152K)] 51680K->2048K(224256K), 0,0004704 secs] [Times: user=0,00 sys=0,00, real=0,00 secs] 
60,986: [GC (Allocation Failure) [PSYoungGen: 48736K->64K(48128K)] 50688K->2016K(223232K), 0,0004849 secs] [Times: user=0,00 sys=0,00, real=0,00 secs] 
61,029: [GC (Allocation Failure) [PSYoungGen: 47680K->96K(47616K)] 49632K->2048K(222720K), 0,0004879 secs] [Times: user=0,00 sys=0,00, real=0,00 secs] 
61,072: [GC (Allocation Failure) [PSYoungGen: 47200K->64K(47104K)] 49152K->2016K(222208K), 0,0004946 secs] [Times: user=0,00 sys=0,00, real=0,00 secs] 
61,115: [GC (Allocation Failure) [PSYoungGen: 46656K->96K(46592K)] 48608K->2048K(221696K), 0,0004689 secs] [Times: user=0,00 sys=0,00, real=0,00 secs] 
61,157: [GC (Allocation Failure) [PSYoungGen: 46176K->96K(46080K)] 48128K->2048K(221184K), 0,0004118 secs] [Times: user=0,00 sys=0,00, real=0,00 secs] 
61,198: [GC (Allocation Failure) [PSYoungGen: 45664K->96K(45568K)] 47616K->2048K(220672K), 0,0004269 secs] [Times: user=0,00 sys=0,00, real=0,00 secs] 
61,239: [GC (Allocation Failure) [PSYoungGen: 45152K->96K(54784K)] 47104K->2048K(229888K), 0,0005685 secs] [Times: user=0,00 sys=0,00, real=0,00 secs] 
61,289: [GC (Allocation Failure) [PSYoungGen: 54368K->96K(66048K)] 56320K->2048K(241152K), 0,0005216 secs] [Times: user=0,00 sys=0,00, real=0,00 secs] 
61,350: [GC (Allocation Failure) [PSYoungGen: 65632K->96K(64512K)] 67584K->2048K(239616K), 0,0004950 secs] [Times: user=0,00 sys=0,00, real=0,00 secs] 
61,409: [GC (Allocation Failure) [PSYoungGen: 64096K->64K(62976K)] 66048K->2016K(238080K), 0,0007057 secs] [Times: user=0,00 sys=0,00, real=0,00 secs] 
61,466: [GC (Allocation Failure) [PSYoungGen: 62528K->96K(75776K)] 64480K->2048K(250880K), 0,0006871 secs] [Times: user=0,00 sys=0,00, real=0,00 secs] 
61,534: [GC (Allocation Failure) [PSYoungGen: 75360K->64K(74240K)] 77312K->2016K(249344K), 0,0005205 secs] [Times: user=0,00 sys=0,00, real=0,00 secs] 
61,601: [GC (Allocation Failure) [PSYoungGen: 73792K->96K(72704K)] 75744K->2048K(247808K), 0,0005189 secs] [Times: user=0,01 sys=0,00, real=0,00 secs] 
61,666: [GC (Allocation Failure) [PSYoungGen: 72288K->64K(71168K)] 74240K->2016K(246272K), 0,0005525 secs] [Times: user=0,00 sys=0,00, real=0,00 secs] 
61,730: [GC (Allocation Failure) [PSYoungGen: 70720K->96K(69632K)] 72672K->2048K(244736K), 0,0005221 secs] [Times: user=0,01 sys=0,00, real=0,00 secs] 
61,793: [GC (Allocation Failure) [PSYoungGen: 69216K->96K(68096K)] 71168K->2048K(243200K), 0,0005139 secs] [Times: user=0,00 sys=0,00, real=0,00 secs] 
61,854: [GC (Allocation Failure) [PSYoungGen: 67680K->96K(66560K)] 69632K->2048K(241664K), 0,0005057 secs] [Times: user=0,00 sys=0,00, real=0,00 secs] 
61,914: [GC (Allocation Failure) [PSYoungGen: 66144K->64K(65024K)] 68096K->2016K(240128K), 0,0005018 secs] [Times: user=0,00 sys=0,00, real=0,00 secs] 
61,973: [GC (Allocation Failure) [PSYoungGen: 64576K->64K(63488K)] 66528K->2016K(238592K), 0,0005013 secs] [Times: user=0,00 sys=0,00, real=0,00 secs] 
62,030: [GC (Allocation Failure) [PSYoungGen: 63040K->64K(61952K)] 64992K->2016K(237056K), 0,0005342 secs] [Times: user=0,00 sys=0,01, real=0,00 secs] 
62,087: [GC (Allocation Failure) [PSYoungGen: 61504K->32K(60928K)] 63456K->1984K(236032K), 0,0004816 secs] [Times: user=0,00 sys=0,00, real=0,00 secs] 
62,141: [GC (Allocation Failure) [PSYoungGen: 60448K->96K(59904K)] 62400K->2048K(235008K), 0,0004991 secs] [Times: user=0,00 sys=0,00, real=0,01 secs] 
62,195: [GC (Allocation Failure) [PSYoungGen: 59488K->96K(58880K)] 61440K->2048K(233984K), 0,0005008 secs] [Times: user=0,00 sys=0,00, real=0,00 secs] 
62,248: [GC (Allocation Failure) [PSYoungGen: 58464K->96K(57856K)] 60416K->2048K(232960K), 0,0005104 secs] [Times: user=0,00 sys=0,00, real=0,00 secs] 
62,300: [GC (Allocation Failure) [PSYoungGen: 57440K->64K(56832K)] 59392K->2016K(231936K), 0,0004873 secs] [Times: user=0,00 sys=0,00, real=0,00 secs] 
62,353: [GC (Allocation Failure) [PSYoungGen: 56384K->96K(55808K)] 58336K->2048K(230912K), 0,0005605 secs] [Times: user=0,00 sys=0,00, real=0,00 secs] 
62,403: [GC (Allocation Failure) [PSYoungGen: 55392K->96K(54784K)] 57344K->2048K(229888K), 0,0005072 secs] [Times: user=0,00 sys=0,00, real=0,00 secs] 
62,453: [GC (Allocation Failure) [PSYoungGen: 54368K->96K(53760K)] 56320K->2048K(228864K), 0,0004936 secs] [Times: user=0,00 sys=0,00, real=0,00 secs] 
62,501: [GC (Allocation Failure) [PSYoungGen: 53344K->64K(52736K)] 55296K->2016K(227840K), 0,0004896 secs] [Times: user=0,00 sys=0,00, real=0,00 secs] 
62,553: [GC (Allocation Failure) [PSYoungGen: 52288K->96K(51712K)] 54240K->2048K(226816K), 0,0005195 secs] [Times: user=0,00 sys=0,00, real=0,00 secs] 
62,599: [GC (Allocation Failure) [PSYoungGen: 51296K->96K(50688K)] 53248K->2048K(225792K), 0,0004961 secs] [Times: user=0,00 sys=0,00, real=0,00 secs] 
62,645: [GC (Allocation Failure) [PSYoungGen: 50272K->96K(49664K)] 52224K->2048K(224768K), 0,0004858 secs] [Times: user=0,00 sys=0,00, real=0,00 secs] 
62,691: [GC (Allocation Failure) [PSYoungGen: 49248K->96K(48640K)] 51200K->2048K(223744K), 0,0004580 secs] [Times: user=0,00 sys=0,00, real=0,00 secs] 
62,735: [GC (Allocation Failure) [PSYoungGen: 48224K->32K(48128K)] 50176K->1984K(223232K), 0,0004834 secs] [Times: user=0,00 sys=0,00, real=0,00 secs] 
62,779: [GC (Allocation Failure) [PSYoungGen: 47648K->96K(47616K)] 49600K->2048K(222720K), 0,0004644 secs] [Times: user=0,00 sys=0,00, real=0,00 secs] 
62,821: [GC (Allocation Failure) [PSYoungGen: 47200K->96K(47104K)] 49152K->2048K(222208K), 0,0004174 secs] [Times: user=0,00 sys=0,00, real=0,01 secs] 
62,864: [GC (Allocation Failure) [PSYoungGen: 46688K->96K(46592K)] 48640K->2048K(221696K), 0,0004334 secs] [Times: user=0,00 sys=0,00, real=0,00 secs] 
62,906: [GC (Allocation Failure) [PSYoungGen: 46176K->96K(46080K)] 48128K->2048K(221184K), 0,0004977 secs] [Times: user=0,00 sys=0,00, real=0,00 secs] 
62,947: [GC (Allocation Failure) [PSYoungGen: 45664K->96K(55296K)] 47616K->2048K(230400K), 0,0005341 secs] [Times: user=0,00 sys=0,00, real=0,00 secs] 
62,997: [GC (Allocation Failure) [PSYoungGen: 54880K->96K(54272K)] 56832K->2048K(229376K), 0,0005182 secs] [Times: user=0,00 sys=0,00, real=0,00 secs] 
63,046: [GC (Allocation Failure) [PSYoungGen: 53856K->96K(53248K)] 55808K->2048K(228352K), 0,0005337 secs] [Times: user=0,00 sys=0,00, real=0,00 secs] 
63,095: [GC (Allocation Failure) [PSYoungGen: 52832K->32K(64000K)] 54784K->1984K(239104K), 0,0012452 secs] [Times: user=0,00 sys=0,00, real=0,00 secs] 
63,158: [GC (Allocation Failure) [PSYoungGen: 63520K->64K(76800K)] 65472K->2016K(251904K), 0,0009724 secs] [Times: user=0,00 sys=0,00, real=0,00 secs] 
63,228: [GC (Allocation Failure) [PSYoungGen: 76352K->96K(92160K)] 78304K->2048K(267264K), 0,0005406 secs] [Times: user=0,00 sys=0,00, real=0,00 secs] 
63,312: [GC (Allocation Failure) [PSYoungGen: 91744K->0K(110592K)] 93696K->1952K(285696K), 0,0005478 secs] [Times: user=0,00 sys=0,00, real=0,00 secs] 
63,414: [GC (Allocation Failure) [PSYoungGen: 110080K->96K(107520K)] 112032K->2048K(282624K), 0,0005655 secs] [Times: user=0,00 sys=0,00, real=0,00 secs] 
63,512: [GC (Allocation Failure) [PSYoungGen: 107104K->96K(104448K)] 109056K->2048K(279552K), 0,0005277 secs] [Times: user=0,00 sys=0,00, real=0,00 secs] 
63,606: [GC (Allocation Failure) [PSYoungGen: 104032K->96K(101376K)] 105984K->2048K(276480K), 0,0005334 secs] [Times: user=0,00 sys=0,00, real=0,00 secs] 
63,699: [GC (Allocation Failure) [PSYoungGen: 100960K->96K(98816K)] 102912K->2048K(273920K), 0,0009644 secs] [Times: user=0,01 sys=0,00, real=0,00 secs] 
63,789: [GC (Allocation Failure) [PSYoungGen: 98400K->64K(96256K)] 100352K->2016K(271360K), 0,0005440 secs] [Times: user=0,00 sys=0,00, real=0,00 secs] 
63,876: [GC (Allocation Failure) [PSYoungGen: 95808K->96K(93696K)] 97760K->2048K(268800K), 0,0005295 secs] [Times: user=0,00 sys=0,00, real=0,00 secs] 
63,961: [GC (Allocation Failure) [PSYoungGen: 93280K->64K(91136K)] 95232K->2016K(266240K), 0,0005656 secs] [Times: user=0,00 sys=0,00, real=0,00 secs] 
64,043: [GC (Allocation Failure) [PSYoungGen: 90688K->96K(88576K)] 92640K->2048K(263680K), 0,0005225 secs] [Times: user=0,00 sys=0,00, real=0,00 secs] 
64,123: [GC (Allocation Failure) [PSYoungGen: 88160K->96K(86528K)] 90112K->2048K(261632K), 0,0004918 secs] [Times: user=0,00 sys=0,00, real=0,00 secs] 
64,202: [GC (Allocation Failure) [PSYoungGen: 86112K->64K(84480K)] 88064K->2016K(259584K), 0,0005085 secs] [Times: user=0,00 sys=0,00, real=0,00 secs] 
64,280: [GC (Allocation Failure) [PSYoungGen: 84032K->96K(82432K)] 85984K->2048K(257536K), 0,0005156 secs] [Times: user=0,00 sys=0,00, real=0,00 secs] 
64,357: [GC (Allocation Failure) [PSYoungGen: 82016K->96K(80384K)] 83968K->2048K(255488K), 0,0005516 secs] [Times: user=0,00 sys=0,00, real=0,00 secs] 
64,430: [GC (Allocation Failure) [PSYoungGen: 79968K->64K(78336K)] 81920K->2016K(253440K), 0,0009786 secs] [Times: user=0,00 sys=0,00, real=0,00 secs] 
64,501: [GC (Allocation Failure) [PSYoungGen: 77888K->96K(76288K)] 79840K->2048K(251392K), 0,0005558 secs] [Times: user=0,00 sys=0,00, real=0,01 secs] 
64,570: [GC (Allocation Failure) [PSYoungGen: 75872K->96K(74752K)] 77824K->2048K(249856K), 0,0005143 secs] [Times: user=0,00 sys=0,00, real=0,00 secs] 
64,637: [GC (Allocation Failure) [PSYoungGen: 74336K->96K(73216K)] 76288K->2048K(248320K), 0,0008937 secs] [Times: user=0,00 sys=0,00, real=0,00 secs] 
64,703: [GC (Allocation Failure) [PSYoungGen: 72800K->64K(71680K)] 74752K->2016K(246784K), 0,0005089 secs] [Times: user=0,00 sys=0,00, real=0,00 secs] 
64,768: [GC (Allocation Failure) [PSYoungGen: 71232K->96K(70144K)] 73184K->2048K(245248K), 0,0005188 secs] [Times: user=0,00 sys=0,00, real=0,00 secs] 
64,831: [GC (Allocation Failure) [PSYoungGen: 69728K->32K(68608K)] 71680K->1984K(243712K), 0,0004878 secs] [Times: user=0,00 sys=0,00, real=0,01 secs] 
64,894: [GC (Allocation Failure) [PSYoungGen: 68128K->96K(67072K)] 70080K->2048K(242176K), 0,0005576 secs] [Times: user=0,00 sys=0,00, real=0,00 secs] 
64,954: [GC (Allocation Failure) [PSYoungGen: 66656K->96K(65536K)] 68608K->2048K(240640K), 0,0005393 secs] [Times: user=0,00 sys=0,00, real=0,00 secs] 
65,013: [GC (Allocation Failure) [PSYoungGen: 65120K->96K(64000K)] 67072K->2048K(239104K), 0,0005248 secs] [Times: user=0,00 sys=0,00, real=0,00 secs] 
65,072: [GC (Allocation Failure) [PSYoungGen: 63584K->0K(62464K)] 65536K->1952K(237568K), 0,0004621 secs] [Times: user=0,00 sys=0,00, real=0,00 secs] 
65,130: [GC (Allocation Failure) [PSYoungGen: 61952K->32K(61440K)] 63904K->1984K(236544K), 0,0004958 secs] [Times: user=0,01 sys=0,00, real=0,00 secs] 
65,186: [GC (Allocation Failure) [PSYoungGen: 60960K->64K(60416K)] 62912K->2016K(235520K), 0,0005196 secs] [Times: user=0,00 sys=0,00, real=0,00 secs] 
65,242: [GC (Allocation Failure) [PSYoungGen: 59968K->96K(59392K)] 61920K->2048K(234496K), 0,0005263 secs] [Times: user=0,00 sys=0,00, real=0,00 secs] 
65,296: [GC (Allocation Failure) [PSYoungGen: 58976K->64K(58368K)] 60928K->2016K(233472K), 0,0005051 secs] [Times: user=0,00 sys=0,00, real=0,00 secs] 
65,350: [GC (Allocation Failure) [PSYoungGen: 57920K->64K(57344K)] 59872K->2016K(232448K), 0,0005175 secs] [Times: user=0,00 sys=0,00, real=0,00 secs] 
65,402: [GC (Allocation Failure) [PSYoungGen: 56896K->96K(56320K)] 58848K->2048K(231424K), 0,0005171 secs] [Times: user=0,00 sys=0,00, real=0,00 secs] 
65,453: [GC (Allocation Failure) [PSYoungGen: 55904K->64K(67584K)] 57856K->2016K(242688K), 0,0009527 secs] [Times: user=0,00 sys=0,00, real=0,00 secs] 
65,514: [GC (Allocation Failure) [PSYoungGen: 67136K->96K(81408K)] 69088K->2048K(256512K), 0,0005393 secs] [Times: user=0,00 sys=0,00, real=0,00 secs] 
65,588: [GC (Allocation Failure) [PSYoungGen: 80992K->32K(79360K)] 82944K->1984K(254464K), 0,0005469 secs] [Times: user=0,00 sys=0,00, real=0,00 secs] 
65,659: [GC (Allocation Failure) [PSYoungGen: 78880K->64K(95232K)] 80832K->2016K(270336K), 0,0010027 secs] [Times: user=0,00 sys=0,00, real=0,00 secs] 
65,745: [GC (Allocation Failure) [PSYoungGen: 94784K->64K(92672K)] 96736K->2016K(267776K), 0,0005436 secs] [Times: user=0,01 sys=0,00, real=0,00 secs] 
65,828: [GC (Allocation Failure) [PSYoungGen: 92224K->96K(90112K)] 94176K->2048K(265216K), 0,0005199 secs] [Times: user=0,00 sys=0,00, real=0,00 secs] 
65,910: [GC (Allocation Failure) [PSYoungGen: 89696K->64K(87552K)] 91648K->2016K(262656K), 0,0005286 secs] [Times: user=0,00 sys=0,00, real=0,00 secs] 
65,989: [GC (Allocation Failure) [PSYoungGen: 87104K->96K(85504K)] 89056K->2048K(260608K), 0,0004967 secs] [Times: user=0,00 sys=0,00, real=0,00 secs] 
66,066: [GC (Allocation Failure) [PSYoungGen: 85088K->64K(83456K)] 87040K->2016K(258560K), 0,0005185 secs] [Times: user=0,00 sys=0,00, real=0,00 secs] 
66,141: [GC (Allocation Failure) [PSYoungGen: 83008K->96K(81408K)] 84960K->2048K(256512K), 0,0005277 secs] [Times: user=0,00 sys=0,00, real=0,00 secs] 
66,214: [GC (Allocation Failure) [PSYoungGen: 80992K->64K(79360K)] 82944K->2016K(254464K), 0,0005278 secs] [Times: user=0,00 sys=0,00, real=0,00 secs] 
66,285: [GC (Allocation Failure) [PSYoungGen: 78912K->64K(77312K)] 80864K->2016K(252416K), 0,0005184 secs] [Times: user=0,00 sys=0,00, real=0,00 secs] 
66,356: [GC (Allocation Failure) [PSYoungGen: 76864K->64K(75264K)] 78816K->2016K(250368K), 0,0009970 secs] [Times: user=0,00 sys=0,00, real=0,00 secs] 
66,425: [GC (Allocation Failure) [PSYoungGen: 74816K->96K(73728K)] 76768K->2048K(248832K), 0,0005349 secs] [Times: user=0,00 sys=0,00, real=0,00 secs] 
66,491: [GC (Allocation Failure) [PSYoungGen: 73312K->96K(72192K)] 75264K->2048K(247296K), 0,0005251 secs] [Times: user=0,00 sys=0,00, real=0,01 secs] 
66,557: [GC (Allocation Failure) [PSYoungGen: 71776K->32K(70656K)] 73728K->1984K(245760K), 0,0005091 secs] [Times: user=0,00 sys=0,00, real=0,00 secs] 
66,621: [GC (Allocation Failure) [PSYoungGen: 70176K->64K(69120K)] 72128K->2016K(244224K), 0,0005264 secs] [Times: user=0,00 sys=0,00, real=0,01 secs] 
66,684: [GC (Allocation Failure) [PSYoungGen: 68672K->64K(67584K)] 70624K->2016K(242688K), 0,0009413 secs] [Times: user=0,00 sys=0,00, real=0,00 secs] 
66,746: [GC (Allocation Failure) [PSYoungGen: 67136K->96K(66048K)] 69088K->2048K(241152K), 0,0005208 secs] [Times: user=0,00 sys=0,00, real=0,00 secs] 
66,805: [GC (Allocation Failure) [PSYoungGen: 65632K->64K(64512K)] 67584K->2016K(239616K), 0,0005124 secs] [Times: user=0,00 sys=0,00, real=0,00 secs] 
66,863: [GC (Allocation Failure) [PSYoungGen: 64064K->32K(62976K)] 66016K->1984K(238080K), 0,0005046 secs] [Times: user=0,00 sys=0,00, real=0,00 secs] 
66,920: [GC (Allocation Failure) [PSYoungGen: 62496K->96K(61952K)] 64448K->2048K(237056K), 0,0005005 secs] [Times: user=0,00 sys=0,00, real=0,00 secs] 
66,976: [GC (Allocation Failure) [PSYoungGen: 61536K->96K(60928K)] 63488K->2048K(236032K), 0,0005023 secs] [Times: user=0,00 sys=0,00, real=0,00 secs] 
67,031: [GC (Allocation Failure) [PSYoungGen: 60512K->96K(59904K)] 62464K->2048K(235008K), 0,0004954 secs] [Times: user=0,00 sys=0,00, real=0,00 secs] 
67,085: [GC (Allocation Failure) [PSYoungGen: 59488K->96K(58880K)] 61440K->2048K(233984K), 0,0005619 secs] [Times: user=0,00 sys=0,00, real=0,00 secs] 
67,139: [GC (Allocation Failure) [PSYoungGen: 58464K->32K(57856K)] 60416K->1984K(232960K), 0,0004817 secs] [Times: user=0,00 sys=0,00, real=0,00 secs] 
67,192: [GC (Allocation Failure) [PSYoungGen: 57376K->96K(56832K)] 59328K->2048K(231936K), 0,0007616 secs] [Times: user=0,00 sys=0,00, real=0,00 secs] 
67,243: [GC (Allocation Failure) [PSYoungGen: 56416K->96K(55808K)] 58368K->2048K(230912K), 0,0004856 secs] [Times: user=0,00 sys=0,00, real=0,00 secs] 
67,294: [GC (Allocation Failure) [PSYoungGen: 55392K->64K(54784K)] 57344K->2016K(229888K), 0,0004804 secs] [Times: user=0,01 sys=0,00, real=0,00 secs] 
67,344: [GC (Allocation Failure) [PSYoungGen: 54336K->64K(53760K)] 56288K->2016K(228864K), 0,0005481 secs] [Times: user=0,01 sys=0,00, real=0,00 secs] 
67,394: [GC (Allocation Failure) [PSYoungGen: 53312K->96K(52736K)] 55264K->2048K(227840K), 0,0005193 secs] [Times: user=0,01 sys=0,00, real=0,00 secs] 
67,441: [GC (Allocation Failure) [PSYoungGen: 52320K->64K(51712K)] 54272K->2016K(226816K), 0,0004735 secs] [Times: user=0,00 sys=0,00, real=0,01 secs] 
67,488: [GC (Allocation Failure) [PSYoungGen: 51264K->96K(50688K)] 53216K->2048K(225792K), 0,0004942 secs] [Times: user=0,00 sys=0,00, real=0,00 secs] 
67,534: [GC (Allocation Failure) [PSYoungGen: 50272K->64K(49664K)] 52224K->2016K(224768K), 0,0005228 secs] [Times: user=0,00 sys=0,00, real=0,00 secs] 
67,578: [GC (Allocation Failure) [PSYoungGen: 49216K->96K(48640K)] 51168K->2048K(223744K), 0,0004068 secs] [Times: user=0,00 sys=0,00, real=0,00 secs] 
67,622: [GC (Allocation Failure) [PSYoungGen: 48224K->96K(48128K)] 50176K->2048K(223232K), 0,0004166 secs] [Times: user=0,01 sys=0,00, real=0,00 secs] 
67,665: [GC (Allocation Failure) [PSYoungGen: 47712K->96K(47616K)] 49664K->2048K(222720K), 0,0004641 secs] [Times: user=0,00 sys=0,00, real=0,00 secs] 
67,708: [GC (Allocation Failure) [PSYoungGen: 47200K->96K(47104K)] 49152K->2048K(222208K), 0,0004825 secs] [Times: user=0,00 sys=0,00, real=0,00 secs] 
67,750: [GC (Allocation Failure) [PSYoungGen: 46688K->96K(46592K)] 48640K->2048K(221696K), 0,0004087 secs] [Times: user=0,00 sys=0,00, real=0,00 secs] 
67,792: [GC (Allocation Failure) [PSYoungGen: 46176K->64K(46080K)] 48128K->2016K(221184K), 0,0004892 secs] [Times: user=0,00 sys=0,00, real=0,00 secs] 
67,834: [GC (Allocation Failure) [PSYoungGen: 45632K->96K(45568K)] 47584K->2048K(220672K), 0,0003947 secs] [Times: user=0,00 sys=0,00, real=0,00 secs] 
67,875: [GC (Allocation Failure) [PSYoungGen: 45152K->64K(45056K)] 47104K->2016K(220160K), 0,0004755 secs] [Times: user=0,00 sys=0,00, real=0,00 secs] 
67,916: [GC (Allocation Failure) [PSYoungGen: 44608K->96K(44544K)] 46560K->2048K(219648K), 0,0004832 secs] [Times: user=0,00 sys=0,00, real=0,00 secs] 
67,956: [GC (Allocation Failure) [PSYoungGen: 44128K->96K(44032K)] 46080K->2048K(219136K), 0,0004097 secs] [Times: user=0,00 sys=0,00, real=0,00 secs] 
67,995: [GC (Allocation Failure) [PSYoungGen: 43616K->96K(43520K)] 45568K->2048K(218624K), 0,0004061 secs] [Times: user=0,00 sys=0,00, real=0,00 secs] 
68,035: [GC (Allocation Failure) [PSYoungGen: 43104K->96K(43008K)] 45056K->2048K(218112K), 0,0004228 secs] [Times: user=0,00 sys=0,00, real=0,00 secs] 
68,073: [GC (Allocation Failure) [PSYoungGen: 42592K->96K(42496K)] 44544K->2048K(217600K), 0,0003853 secs] [Times: user=0,00 sys=0,00, real=0,00 secs] 
68,113: [GC (Allocation Failure) [PSYoungGen: 42080K->96K(51200K)] 44032K->2048K(226304K), 0,0005551 secs] [Times: user=0,00 sys=0,00, real=0,00 secs] 
68,160: [GC (Allocation Failure) [PSYoungGen: 50784K->64K(61440K)] 52736K->2016K(236544K), 0,0004735 secs] [Times: user=0,01 sys=0,00, real=0,00 secs] 
68,215: [GC (Allocation Failure) [PSYoungGen: 60992K->96K(73728K)] 62944K->2048K(248832K), 0,0009217 secs] [Times: user=0,00 sys=0,00, real=0,00 secs] 
68,284: [GC (Allocation Failure) [PSYoungGen: 73312K->64K(88576K)] 75264K->2016K(263680K), 0,0005112 secs] [Times: user=0,00 sys=0,00, real=0,00 secs] 
68,366: [GC (Allocation Failure) [PSYoungGen: 88128K->96K(86528K)] 90080K->2048K(261632K), 0,0005116 secs] [Times: user=0,00 sys=0,00, real=0,00 secs] 
68,445: [GC (Allocation Failure) [PSYoungGen: 86112K->96K(84480K)] 88064K->2048K(259584K), 0,0006630 secs] [Times: user=0,00 sys=0,00, real=0,00 secs] 
68,522: [GC (Allocation Failure) [PSYoungGen: 84064K->64K(82432K)] 86016K->2016K(257536K), 0,0005359 secs] [Times: user=0,00 sys=0,00, real=0,00 secs] 
68,597: [GC (Allocation Failure) [PSYoungGen: 81984K->64K(80384K)] 83936K->2016K(255488K), 0,0004874 secs] [Times: user=0,01 sys=0,00, real=0,00 secs] 
68,669: [GC (Allocation Failure) [PSYoungGen: 79936K->64K(78336K)] 81888K->2016K(253440K), 0,0004899 secs] [Times: user=0,00 sys=0,00, real=0,00 secs] 
68,740: [GC (Allocation Failure) [PSYoungGen: 77888K->32K(76288K)] 79840K->1984K(251392K), 0,0011325 secs] [Times: user=0,00 sys=0,00, real=0,00 secs] 
68,809: [GC (Allocation Failure) [PSYoungGen: 75808K->64K(74752K)] 77760K->2016K(249856K), 0,0005221 secs] [Times: user=0,00 sys=0,00, real=0,00 secs] 
68,876: [GC (Allocation Failure) [PSYoungGen: 74304K->32K(73216K)] 76256K->1984K(248320K), 0,0004887 secs] [Times: user=0,01 sys=0,00, real=0,00 secs] 
68,941: [GC (Allocation Failure) [PSYoungGen: 72736K->96K(71680K)] 74688K->2048K(246784K), 0,0005156 secs] [Times: user=0,00 sys=0,00, real=0,01 secs] 
69,007: [GC (Allocation Failure) [PSYoungGen: 71264K->96K(70144K)] 73216K->2048K(245248K), 0,0005267 secs] [Times: user=0,00 sys=0,00, real=0,00 secs] 
69,070: [GC (Allocation Failure) [PSYoungGen: 69728K->96K(68608K)] 71680K->2048K(243712K), 0,0005098 secs] [Times: user=0,00 sys=0,00, real=0,00 secs] 
69,132: [GC (Allocation Failure) [PSYoungGen: 68192K->64K(67072K)] 70144K->2016K(242176K), 0,0004855 secs] [Times: user=0,00 sys=0,00, real=0,00 secs] 
69,192: [GC (Allocation Failure) [PSYoungGen: 66624K->64K(65536K)] 68576K->2016K(240640K), 0,0005142 secs] [Times: user=0,00 sys=0,00, real=0,00 secs] 
69,252: [GC (Allocation Failure) [PSYoungGen: 65088K->96K(64000K)] 67040K->2048K(239104K), 0,0004878 secs] [Times: user=0,00 sys=0,00, real=0,00 secs] 
69,310: [GC (Allocation Failure) [PSYoungGen: 63584K->64K(62464K)] 65536K->2016K(237568K), 0,0005844 secs] [Times: user=0,00 sys=0,00, real=0,00 secs] 
69,369: [GC (Allocation Failure) [PSYoungGen: 62016K->96K(61440K)] 63968K->2048K(236544K), 0,0005367 secs] [Times: user=0,00 sys=0,00, real=0,00 secs] 
69,425: [GC (Allocation Failure) [PSYoungGen: 61024K->96K(60416K)] 62976K->2048K(235520K), 0,0005270 secs] [Times: user=0,00 sys=0,00, real=0,00 secs] 
69,480: [GC (Allocation Failure) [PSYoungGen: 60000K->64K(59392K)] 61952K->2016K(234496K), 0,0005228 secs] [Times: user=0,00 sys=0,00, real=0,00 secs] 
69,533: [GC (Allocation Failure) [PSYoungGen: 58944K->96K(58368K)] 60896K->2048K(233472K), 0,0005073 secs] [Times: user=0,00 sys=0,00, real=0,00 secs] 
69,586: [GC (Allocation Failure) [PSYoungGen: 57952K->96K(57344K)] 59904K->2048K(232448K), 0,0004823 secs] [Times: user=0,00 sys=0,00, real=0,00 secs] 
69,637: [GC (Allocation Failure) [PSYoungGen: 56928K->96K(56320K)] 58880K->2048K(231424K), 0,0005015 secs] [Times: user=0,00 sys=0,00, real=0,00 secs] 
69,688: [GC (Allocation Failure) [PSYoungGen: 55904K->96K(55296K)] 57856K->2048K(230400K), 0,0004827 secs] [Times: user=0,00 sys=0,00, real=0,00 secs] 
69,738: [GC (Allocation Failure) [PSYoungGen: 54880K->96K(54272K)] 56832K->2048K(229376K), 0,0004792 secs] [Times: user=0,00 sys=0,00, real=0,00 secs] 
69,786: [GC (Allocation Failure) [PSYoungGen: 53855K->96K(53248K)] 55807K->2048K(228352K), 0,0005108 secs] [Times: user=0,00 sys=0,00, real=0,00 secs] 
69,834: [GC (Allocation Failure) [PSYoungGen: 52832K->96K(52224K)] 54784K->2048K(227328K), 0,0005550 secs] [Times: user=0,00 sys=0,00, real=0,00 secs] 
69,881: [GC (Allocation Failure) [PSYoungGen: 51808K->96K(51200K)] 53760K->2048K(226304K), 0,0004104 secs] [Times: user=0,00 sys=0,00, real=0,01 secs] 
69,928: [GC (Allocation Failure) [PSYoungGen: 50784K->64K(50176K)] 52736K->2016K(225280K), 0,0005129 secs] [Times: user=0,01 sys=0,00, real=0,00 secs] 
69,973: [GC (Allocation Failure) [PSYoungGen: 49728K->32K(49152K)] 51680K->1984K(224256K), 0,0005263 secs] [Times: user=0,00 sys=0,00, real=0,00 secs] 
70,018: [GC (Allocation Failure) [PSYoungGen: 48672K->32K(48128K)] 50624K->1984K(223232K), 0,0004821 secs] [Times: user=0,01 sys=0,00, real=0,00 secs] 
70,061: [GC (Allocation Failure) [PSYoungGen: 47648K->96K(57856K)] 49600K->2048K(232960K), 0,0005321 secs] [Times: user=0,00 sys=0,00, real=0,01 secs] 
70,113: [GC (Allocation Failure) [PSYoungGen: 57440K->32K(56832K)] 59392K->1984K(231936K), 0,0004655 secs] [Times: user=0,00 sys=0,00, real=0,00 secs] 
70,165: [GC (Allocation Failure) [PSYoungGen: 56352K->96K(55808K)] 58304K->2048K(230912K), 0,0005027 secs] [Times: user=0,00 sys=0,00, real=0,00 secs] 
70,215: [GC (Allocation Failure) [PSYoungGen: 55392K->96K(54784K)] 57344K->2048K(229888K), 0,0005166 secs] [Times: user=0,00 sys=0,00, real=0,00 secs] 
70,264: [GC (Allocation Failure) [PSYoungGen: 54368K->96K(66048K)] 56320K->2048K(241152K), 0,0006774 secs] [Times: user=0,00 sys=0,00, real=0,00 secs] 
70,328: [GC (Allocation Failure) [PSYoungGen: 65632K->96K(64512K)] 67584K->2064K(239616K), 0,0005620 secs] [Times: user=0,00 sys=0,00, real=0,00 secs] 
70,388: [GC (Allocation Failure) [PSYoungGen: 64096K->96K(62976K)] 66064K->2088K(238080K), 0,0005569 secs] [Times: user=0,00 sys=0,00, real=0,00 secs] 
70,445: [GC (Allocation Failure) [PSYoungGen: 62560K->96K(61952K)] 64552K->2088K(237056K), 0,0005280 secs] [Times: user=0,00 sys=0,00, real=0,00 secs] 
70,501: [GC (Allocation Failure) [PSYoungGen: 61536K->32K(60928K)] 63528K->2024K(236032K), 0,0004990 secs] [Times: user=0,00 sys=0,00, real=0,00 secs] 
70,556: [GC (Allocation Failure) [PSYoungGen: 60448K->96K(59904K)] 62440K->2088K(235008K), 0,0005257 secs] [Times: user=0,01 sys=0,00, real=0,00 secs] 
70,609: [GC (Allocation Failure) [PSYoungGen: 59488K->96K(58880K)] 61480K->2088K(233984K), 0,0005024 secs] [Times: user=0,00 sys=0,00, real=0,00 secs] 
70,662: [GC (Allocation Failure) [PSYoungGen: 58464K->96K(57856K)] 60456K->2088K(232960K), 0,0004894 secs] [Times: user=0,00 sys=0,00, real=0,00 secs] 
70,714: [GC (Allocation Failure) [PSYoungGen: 57440K->96K(56832K)] 59432K->2088K(231936K), 0,0004848 secs] [Times: user=0,01 sys=0,00, real=0,00 secs] 
70,766: [GC (Allocation Failure) [PSYoungGen: 56416K->64K(55808K)] 58408K->2056K(230912K), 0,0006450 secs] [Times: user=0,00 sys=0,00, real=0,00 secs] 
70,816: [GC (Allocation Failure) [PSYoungGen: 55360K->96K(54784K)] 57352K->2088K(229888K), 0,0005676 secs] [Times: user=0,00 sys=0,00, real=0,00 secs] 
70,866: [GC (Allocation Failure) [PSYoungGen: 54368K->96K(53760K)] 56360K->2088K(228864K), 0,0004905 secs] [Times: user=0,00 sys=0,00, real=0,00 secs] 
70,914: [GC (Allocation Failure) [PSYoungGen: 53344K->96K(52736K)] 55336K->2088K(227840K), 0,0004845 secs] [Times: user=0,01 sys=0,00, real=0,00 secs] 
70,963: [GC (Allocation Failure) [PSYoungGen: 52320K->64K(51712K)] 54312K->2056K(226816K), 0,0004969 secs] [Times: user=0,00 sys=0,00, real=0,00 secs] 
71,010: [GC (Allocation Failure) [PSYoungGen: 51264K->96K(50688K)] 53256K->2088K(225792K), 0,0005027 secs] [Times: user=0,00 sys=0,00, real=0,00 secs] 
71,055: [GC (Allocation Failure) [PSYoungGen: 50272K->96K(49664K)] 52264K->2088K(224768K), 0,0004246 secs] [Times: user=0,00 sys=0,00, real=0,00 secs] 
71,101: [GC (Allocation Failure) [PSYoungGen: 49248K->64K(48640K)] 51240K->2056K(223744K), 0,0004808 secs] [Times: user=0,00 sys=0,00, real=0,01 secs] 
71,146: [GC (Allocation Failure) [PSYoungGen: 48192K->64K(48128K)] 50184K->2056K(223232K), 0,0004860 secs] [Times: user=0,00 sys=0,00, real=0,00 secs] 
71,189: [GC (Allocation Failure) [PSYoungGen: 47680K->96K(47616K)] 49672K->2088K(222720K), 0,0004861 secs] [Times: user=0,00 sys=0,00, real=0,00 secs] 
71,232: [GC (Allocation Failure) [PSYoungGen: 47200K->96K(47104K)] 49192K->2088K(222208K), 0,0004233 secs] [Times: user=0,01 sys=0,00, real=0,00 secs] 
71,274: [GC (Allocation Failure) [PSYoungGen: 46688K->96K(46592K)] 48680K->2088K(221696K), 0,0004173 secs] [Times: user=0,00 sys=0,00, real=0,00 secs] 
71,316: [GC (Allocation Failure) [PSYoungGen: 46176K->96K(46080K)] 48168K->2088K(221184K), 0,0004942 secs] [Times: user=0,00 sys=0,00, real=0,00 secs] 
71,358: [GC (Allocation Failure) [PSYoungGen: 45664K->96K(55296K)] 47656K->2088K(230400K), 0,0005253 secs] [Times: user=0,00 sys=0,00, real=0,00 secs] 
71,409: [GC (Allocation Failure) [PSYoungGen: 54880K->96K(54272K)] 56872K->2088K(229376K), 0,0005106 secs] [Times: user=0,00 sys=0,00, real=0,00 secs] 
71,458: [GC (Allocation Failure) [PSYoungGen: 53856K->96K(53248K)] 55848K->2088K(228352K), 0,0005041 secs] [Times: user=0,00 sys=0,00, real=0,00 secs] 
71,507: [GC (Allocation Failure) [PSYoungGen: 52832K->96K(52224K)] 54824K->2088K(227328K), 0,0005068 secs] [Times: user=0,00 sys=0,00, real=0,00 secs] 
71,555: [GC (Allocation Failure) [PSYoungGen: 51808K->96K(51200K)] 53800K->2088K(226304K), 0,0004807 secs] [Times: user=0,00 sys=0,00, real=0,00 secs] 
71,601: [GC (Allocation Failure) [PSYoungGen: 50784K->64K(50176K)] 52776K->2056K(225280K), 0,0004750 secs] [Times: user=0,00 sys=0,00, real=0,00 secs] 
71,646: [GC (Allocation Failure) [PSYoungGen: 49728K->64K(49152K)] 51720K->2056K(224256K), 0,0004709 secs] [Times: user=0,00 sys=0,00, real=0,00 secs] 
71,690: [GC (Allocation Failure) [PSYoungGen: 48704K->96K(48128K)] 50696K->2088K(223232K), 0,0004825 secs] [Times: user=0,00 sys=0,00, real=0,00 secs] 
71,733: [GC (Allocation Failure) [PSYoungGen: 47712K->96K(47616K)] 49704K->2088K(222720K), 0,0004200 secs] [Times: user=0,00 sys=0,00, real=0,00 secs] 
71,776: [GC (Allocation Failure) [PSYoungGen: 47200K->64K(47104K)] 49192K->2056K(222208K), 0,0004937 secs] [Times: user=0,00 sys=0,00, real=0,00 secs] 
71,819: [GC (Allocation Failure) [PSYoungGen: 46656K->96K(46592K)] 48648K->2088K(221696K), 0,0004902 secs] [Times: user=0,00 sys=0,00, real=0,00 secs] 
71,861: [GC (Allocation Failure) [PSYoungGen: 46176K->96K(46080K)] 48168K->2088K(221184K), 0,0004089 secs] [Times: user=0,00 sys=0,00, real=0,00 secs] 
71,902: [GC (Allocation Failure) [PSYoungGen: 45664K->96K(45568K)] 47656K->2088K(220672K), 0,0004074 secs] [Times: user=0,00 sys=0,00, real=0,00 secs] 
71,943: [GC (Allocation Failure) [PSYoungGen: 45152K->96K(45056K)] 47144K->2088K(220160K), 0,0005105 secs] [Times: user=0,00 sys=0,00, real=0,00 secs] 
71,984: [GC (Allocation Failure) [PSYoungGen: 44640K->96K(54272K)] 46632K->2088K(229376K), 0,0004922 secs] [Times: user=0,00 sys=0,00, real=0,00 secs] 
72,033: [GC (Allocation Failure) [PSYoungGen: 53856K->96K(53248K)] 55848K->2088K(228352K), 0,0004936 secs] [Times: user=0,00 sys=0,00, real=0,00 secs] 
72,081: [GC (Allocation Failure) [PSYoungGen: 52832K->64K(52224K)] 54824K->2056K(227328K), 0,0004971 secs] [Times: user=0,00 sys=0,00, real=0,00 secs] 
72,127: [GC (Allocation Failure) [PSYoungGen: 51776K->96K(51200K)] 53768K->2088K(226304K), 0,0004705 secs] [Times: user=0,00 sys=0,00, real=0,00 secs] 
72,173: [GC (Allocation Failure) [PSYoungGen: 50784K->96K(50176K)] 52776K->2088K(225280K), 0,0004763 secs] [Times: user=0,00 sys=0,00, real=0,00 secs] 
72,219: [GC (Allocation Failure) [PSYoungGen: 49760K->96K(49152K)] 51752K->2088K(224256K), 0,0004180 secs] [Times: user=0,00 sys=0,00, real=0,00 secs] 
72,263: [GC (Allocation Failure) [PSYoungGen: 48736K->64K(48128K)] 50728K->2056K(223232K), 0,0005032 secs] [Times: user=0,00 sys=0,00, real=0,00 secs] 
72,307: [GC (Allocation Failure) [PSYoungGen: 47680K->64K(47616K)] 49672K->2056K(222720K), 0,0005138 secs] [Times: user=0,00 sys=0,00, real=0,00 secs] 
72,350: [GC (Allocation Failure) [PSYoungGen: 47168K->64K(57344K)] 49160K->2056K(232448K), 0,0004989 secs] [Times: user=0,00 sys=0,00, real=0,00 secs] 
72,403: [GC (Allocation Failure) [PSYoungGen: 56896K->96K(56320K)] 58888K->2088K(231424K), 0,0005405 secs] [Times: user=0,00 sys=0,00, real=0,00 secs] 
72,454: [GC (Allocation Failure) [PSYoungGen: 55904K->96K(55296K)] 57896K->2088K(230400K), 0,0004816 secs] [Times: user=0,01 sys=0,00, real=0,00 secs] 
72,504: [GC (Allocation Failure) [PSYoungGen: 54880K->64K(54272K)] 56872K->2056K(229376K), 0,0004787 secs] [Times: user=0,01 sys=0,00, real=0,00 secs] 
72,552: [GC (Allocation Failure) [PSYoungGen: 53824K->96K(53248K)] 55816K->2088K(228352K), 0,0004977 secs] [Times: user=0,00 sys=0,00, real=0,00 secs] 
72,600: [GC (Allocation Failure) [PSYoungGen: 52832K->96K(52224K)] 54824K->2088K(227328K), 0,0005090 secs] [Times: user=0,00 sys=0,00, real=0,00 secs] 
72,648: [GC (Allocation Failure) [PSYoungGen: 51808K->64K(51200K)] 53800K->2056K(226304K), 0,0004745 secs] [Times: user=0,00 sys=0,00, real=0,00 secs] 
72,694: [GC (Allocation Failure) [PSYoungGen: 50752K->96K(50176K)] 52744K->2088K(225280K), 0,0005583 secs] [Times: user=0,00 sys=0,00, real=0,00 secs] 
72,739: [GC (Allocation Failure) [PSYoungGen: 49760K->32K(49152K)] 51752K->2024K(224256K), 0,0004754 secs] [Times: user=0,00 sys=0,00, real=0,00 secs] 
72,783: [GC (Allocation Failure) [PSYoungGen: 48672K->32K(48128K)] 50664K->2024K(223232K), 0,0004978 secs] [Times: user=0,00 sys=0,00, real=0,00 secs] 
72,827: [GC (Allocation Failure) [PSYoungGen: 47648K->96K(57856K)] 49640K->2088K(232960K), 0,0005011 secs] [Times: user=0,00 sys=0,00, real=0,00 secs] 
72,879: [GC (Allocation Failure) [PSYoungGen: 57440K->96K(56832K)] 59432K->2088K(231936K), 0,0004997 secs] [Times: user=0,00 sys=0,00, real=0,00 secs] 
72,930: [GC (Allocation Failure) [PSYoungGen: 56416K->96K(55808K)] 58408K->2088K(230912K), 0,0004871 secs] [Times: user=0,01 sys=0,00, real=0,00 secs] 
72,981: [GC (Allocation Failure) [PSYoungGen: 55392K->96K(54784K)] 57384K->2088K(229888K), 0,0005146 secs] [Times: user=0,00 sys=0,00, real=0,00 secs] 
73,030: [GC (Allocation Failure) [PSYoungGen: 54368K->64K(53760K)] 56360K->2056K(228864K), 0,0004923 secs] [Times: user=0,01 sys=0,00, real=0,00 secs] 
73,078: [GC (Allocation Failure) [PSYoungGen: 53312K->96K(52736K)] 55304K->2088K(227840K), 0,0004934 secs] [Times: user=0,00 sys=0,00, real=0,00 secs] 
73,127: [GC (Allocation Failure) [PSYoungGen: 52320K->32K(51712K)] 54312K->2024K(226816K), 0,0005354 secs] [Times: user=0,00 sys=0,00, real=0,00 secs] 
73,173: [GC (Allocation Failure) [PSYoungGen: 51232K->96K(50688K)] 53224K->2088K(225792K), 0,0005130 secs] [Times: user=0,00 sys=0,00, real=0,00 secs] 
73,219: [GC (Allocation Failure) [PSYoungGen: 50272K->64K(49664K)] 52264K->2056K(224768K), 0,0004746 secs] [Times: user=0,00 sys=0,00, real=0,00 secs] 
73,264: [GC (Allocation Failure) [PSYoungGen: 49216K->64K(59904K)] 51208K->2056K(235008K), 0,0009149 secs] [Times: user=0,00 sys=0,00, real=0,00 secs] 
73,319: [GC (Allocation Failure) [PSYoungGen: 59456K->96K(72192K)] 61448K->2088K(247296K), 0,0005349 secs] [Times: user=0,00 sys=0,01, real=0,00 secs] 
73,386: [GC (Allocation Failure) [PSYoungGen: 71776K->96K(86528K)] 73768K->2088K(261632K), 0,0005374 secs] [Times: user=0,00 sys=0,00, real=0,00 secs] 
73,464: [GC (Allocation Failure) [PSYoungGen: 86112K->96K(84480K)] 88104K->2088K(259584K), 0,0005436 secs] [Times: user=0,00 sys=0,00, real=0,00 secs] 
73,540: [GC (Allocation Failure) [PSYoungGen: 84064K->64K(82432K)] 86056K->2056K(257536K), 0,0005145 secs] [Times: user=0,00 sys=0,00, real=0,00 secs] 
73,614: [GC (Allocation Failure) [PSYoungGen: 81984K->32K(80384K)] 83976K->2024K(255488K), 0,0005150 secs] [Times: user=0,00 sys=0,00, real=0,00 secs] 
73,686: [GC (Allocation Failure) [PSYoungGen: 79904K->64K(78336K)] 81896K->2056K(253440K), 0,0005549 secs] [Times: user=0,00 sys=0,00, real=0,00 secs] 
73,757: [GC (Allocation Failure) [PSYoungGen: 77888K->64K(76288K)] 79880K->2056K(251392K), 0,0004793 secs] [Times: user=0,00 sys=0,00, real=0,00 secs] 
73,826: [GC (Allocation Failure) [PSYoungGen: 75840K->64K(74752K)] 77832K->2056K(249856K), 0,0006653 secs] [Times: user=0,00 sys=0,00, real=0,00 secs] 
73,894: [GC (Allocation Failure) [PSYoungGen: 74304K->32K(73216K)] 76296K->2024K(248320K), 0,0005363 secs] [Times: user=0,01 sys=0,00, real=0,00 secs] 
73,960: [GC (Allocation Failure) [PSYoungGen: 72736K->96K(71680K)] 74728K->2088K(246784K), 0,0005134 secs] [Times: user=0,00 sys=0,00, real=0,00 secs] 
74,024: [GC (Allocation Failure) [PSYoungGen: 71264K->64K(70144K)] 73256K->2056K(245248K), 0,0005235 secs] [Times: user=0,00 sys=0,00, real=0,00 secs] 
74,087: [GC (Allocation Failure) [PSYoungGen: 69696K->64K(68608K)] 71688K->2056K(243712K), 0,0005021 secs] [Times: user=0,00 sys=0,00, real=0,00 secs] 
74,149: [GC (Allocation Failure) [PSYoungGen: 68160K->96K(67072K)] 70152K->2088K(242176K), 0,0004876 secs] [Times: user=0,00 sys=0,00, real=0,00 secs] 
74,209: [GC (Allocation Failure) [PSYoungGen: 66656K->64K(65536K)] 68648K->2056K(240640K), 0,0005124 secs] [Times: user=0,00 sys=0,00, real=0,00 secs] 
74,268: [GC (Allocation Failure) [PSYoungGen: 65088K->96K(64000K)] 67080K->2088K(239104K), 0,0004840 secs] [Times: user=0,00 sys=0,00, real=0,00 secs] 
74,325: [GC (Allocation Failure) [PSYoungGen: 63584K->96K(62464K)] 65576K->2088K(237568K), 0,0004980 secs] [Times: user=0,00 sys=0,00, real=0,00 secs] 
74,383: [GC (Allocation Failure) [PSYoungGen: 62048K->96K(61440K)] 64040K->2088K(236544K), 0,0005190 secs] [Times: user=0,00 sys=0,00, real=0,00 secs] 
74,439: [GC (Allocation Failure) [PSYoungGen: 61024K->96K(60416K)] 63016K->2088K(235520K), 0,0005035 secs] [Times: user=0,00 sys=0,00, real=0,00 secs] 
74,494: [GC (Allocation Failure) [PSYoungGen: 60000K->64K(59392K)] 61992K->2056K(234496K), 0,0005913 secs] [Times: user=0,00 sys=0,00, real=0,00 secs] 
74,547: [GC (Allocation Failure) [PSYoungGen: 58944K->96K(58368K)] 60936K->2088K(233472K), 0,0004768 secs] [Times: user=0,00 sys=0,00, real=0,00 secs] 
74,600: [GC (Allocation Failure) [PSYoungGen: 57952K->64K(57344K)] 59944K->2056K(232448K), 0,0004841 secs] [Times: user=0,01 sys=0,00, real=0,00 secs] 
74,651: [GC (Allocation Failure) [PSYoungGen: 56896K->32K(56320K)] 58888K->2024K(231424K), 0,0004963 secs] [Times: user=0,00 sys=0,00, real=0,01 secs] 
74,703: [GC (Allocation Failure) [PSYoungGen: 55840K->96K(55296K)] 57832K->2088K(230400K), 0,0005049 secs] [Times: user=0,00 sys=0,00, real=0,00 secs] 
74,753: [GC (Allocation Failure) [PSYoungGen: 54880K->96K(54272K)] 56872K->2088K(229376K), 0,0004947 secs] [Times: user=0,00 sys=0,00, real=0,00 secs] 
74,802: [GC (Allocation Failure) [PSYoungGen: 53856K->32K(53248K)] 55848K->2024K(228352K), 0,0004846 secs] [Times: user=0,00 sys=0,00, real=0,00 secs] 
74,850: [GC (Allocation Failure) [PSYoungGen: 52768K->96K(52224K)] 54760K->2088K(227328K), 0,0004738 secs] [Times: user=0,00 sys=0,00, real=0,00 secs] 
74,897: [GC (Allocation Failure) [PSYoungGen: 51808K->96K(51200K)] 53800K->2088K(226304K), 0,0004931 secs] [Times: user=0,00 sys=0,00, real=0,00 secs] 
74,944: [GC (Allocation Failure) [PSYoungGen: 50783K->64K(50176K)] 52775K->2056K(225280K), 0,0004851 secs] [Times: user=0,00 sys=0,00, real=0,00 secs] 
74,990: [GC (Allocation Failure) [PSYoungGen: 49728K->96K(49152K)] 51720K->2088K(224256K), 0,0004986 secs] [Times: user=0,00 sys=0,00, real=0,00 secs] 
75,035: [GC (Allocation Failure) [PSYoungGen: 48736K->96K(48128K)] 50728K->2088K(223232K), 0,0004779 secs] [Times: user=0,00 sys=0,00, real=0,00 secs] 
75,079: [GC (Allocation Failure) [PSYoungGen: 47712K->64K(47616K)] 49704K->2056K(222720K), 0,0005179 secs] [Times: user=0,00 sys=0,00, real=0,00 secs] 
75,123: [GC (Allocation Failure) [PSYoungGen: 47168K->96K(47104K)] 49160K->2088K(222208K), 0,0004845 secs] [Times: user=0,00 sys=0,00, real=0,00 secs] 
75,167: [GC (Allocation Failure) [PSYoungGen: 46688K->96K(46592K)] 48680K->2088K(221696K), 0,0004040 secs] [Times: user=0,00 sys=0,00, real=0,00 secs] 
75,209: [GC (Allocation Failure) [PSYoungGen: 46176K->96K(46080K)] 48168K->2088K(221184K), 0,0004163 secs] [Times: user=0,00 sys=0,00, real=0,00 secs] 
75,251: [GC (Allocation Failure) [PSYoungGen: 45664K->96K(45568K)] 47656K->2088K(220672K), 0,0004597 secs] [Times: user=0,00 sys=0,00, real=0,00 secs] 
75,292: [GC (Allocation Failure) [PSYoungGen: 45152K->64K(45056K)] 47144K->2056K(220160K), 0,0004241 secs] [Times: user=0,00 sys=0,00, real=0,00 secs] 
75,332: [GC (Allocation Failure) [PSYoungGen: 44608K->96K(44544K)] 46600K->2088K(219648K), 0,0004255 secs] [Times: user=0,00 sys=0,00, real=0,00 secs] 
75,373: [GC (Allocation Failure) [PSYoungGen: 44128K->64K(53760K)] 46120K->2056K(228864K), 0,0005312 secs] [Times: user=0,00 sys=0,00, real=0,00 secs] 
75,422: [GC (Allocation Failure) [PSYoungGen: 53312K->96K(52736K)] 55304K->2088K(227840K), 0,0005254 secs] [Times: user=0,00 sys=0,00, real=0,00 secs] 
75,470: [GC (Allocation Failure) [PSYoungGen: 52320K->64K(51712K)] 54312K->2056K(226816K), 0,0004852 secs] [Times: user=0,00 sys=0,00, real=0,00 secs] 
75,517: [GC (Allocation Failure) [PSYoungGen: 51264K->96K(50688K)] 53256K->2088K(225792K), 0,0004846 secs] [Times: user=0,00 sys=0,00, real=0,00 secs] 
75,563: [GC (Allocation Failure) [PSYoungGen: 50272K->96K(49664K)] 52264K->2088K(224768K), 0,0004896 secs] [Times: user=0,00 sys=0,00, real=0,00 secs] 
75,607: [GC (Allocation Failure) [PSYoungGen: 49248K->96K(48640K)] 51240K->2088K(223744K), 0,0004887 secs] [Times: user=0,00 sys=0,00, real=0,00 secs] 
75,651: [GC (Allocation Failure) [PSYoungGen: 48224K->96K(48128K)] 50216K->2088K(223232K), 0,0004149 secs] [Times: user=0,00 sys=0,00, real=0,01 secs] 
75,694: [GC (Allocation Failure) [PSYoungGen: 47712K->96K(47616K)] 49704K->2088K(222720K), 0,0004516 secs] [Times: user=0,00 sys=0,00, real=0,00 secs] 
75,737: [GC (Allocation Failure) [PSYoungGen: 47200K->96K(47104K)] 49192K->2088K(222208K), 0,0003946 secs] [Times: user=0,00 sys=0,00, real=0,00 secs] 
75,780: [GC (Allocation Failure) [PSYoungGen: 46688K->96K(46592K)] 48680K->2088K(221696K), 0,0004470 secs] [Times: user=0,00 sys=0,00, real=0,00 secs] 
75,822: [GC (Allocation Failure) [PSYoungGen: 46176K->96K(46080K)] 48168K->2088K(221184K), 0,0004886 secs] [Times: user=0,00 sys=0,00, real=0,00 secs] 
75,863: [GC (Allocation Failure) [PSYoungGen: 45664K->96K(45568K)] 47656K->2088K(220672K), 0,0003940 secs] [Times: user=0,00 sys=0,00, real=0,00 secs] 
75,904: [GC (Allocation Failure) [PSYoungGen: 45152K->96K(45056K)] 47144K->2088K(220160K), 0,0004418 secs] [Times: user=0,00 sys=0,00, real=0,00 secs] 
75,945: [GC (Allocation Failure) [PSYoungGen: 44640K->64K(44544K)] 46632K->2056K(219648K), 0,0004883 secs] [Times: user=0,00 sys=0,00, real=0,00 secs] 
75,985: [GC (Allocation Failure) [PSYoungGen: 44096K->64K(53760K)] 46088K->2056K(228864K), 0,0004815 secs] [Times: user=0,00 sys=0,00, real=0,00 secs] 
76,033: [GC (Allocation Failure) [PSYoungGen: 53312K->64K(52736K)] 55304K->2056K(227840K), 0,0004844 secs] [Times: user=0,00 sys=0,00, real=0,00 secs] 
76,081: [GC (Allocation Failure) [PSYoungGen: 52288K->96K(51712K)] 54280K->2088K(226816K), 0,0004932 secs] [Times: user=0,01 sys=0,00, real=0,01 secs] 
76,127: [GC (Allocation Failure) [PSYoungGen: 51296K->32K(50688K)] 53288K->2024K(225792K), 0,0004758 secs] [Times: user=0,00 sys=0,00, real=0,00 secs] 
76,173: [GC (Allocation Failure) [PSYoungGen: 50208K->96K(49664K)] 52200K->2088K(224768K), 0,0004429 secs] [Times: user=0,00 sys=0,00, real=0,00 secs] 
76,218: [GC (Allocation Failure) [PSYoungGen: 49248K->64K(48640K)] 51240K->2056K(223744K), 0,0004729 secs] [Times: user=0,00 sys=0,00, real=0,00 secs] 
76,261: [GC (Allocation Failure) [PSYoungGen: 48192K->96K(48128K)] 50184K->2088K(223232K), 0,0004455 secs] [Times: user=0,00 sys=0,00, real=0,01 secs] 
76,305: [GC (Allocation Failure) [PSYoungGen: 47712K->96K(47616K)] 49704K->2088K(222720K), 0,0004297 secs] [Times: user=0,00 sys=0,00, real=0,00 secs] 
76,347: [GC (Allocation Failure) [PSYoungGen: 47200K->96K(57344K)] 49192K->2088K(232448K), 0,0005552 secs] [Times: user=0,00 sys=0,00, real=0,00 secs] 
76,401: [GC (Allocation Failure) [PSYoungGen: 56928K->96K(56320K)] 58920K->2088K(231424K), 0,0005481 secs] [Times: user=0,00 sys=0,00, real=0,00 secs] 
76,451: [GC (Allocation Failure) [PSYoungGen: 55904K->64K(67584K)] 57896K->2056K(242688K), 0,0009519 secs] [Times: user=0,00 sys=0,00, real=0,01 secs] 
76,512: [GC (Allocation Failure) [PSYoungGen: 67136K->32K(81408K)] 69128K->2024K(256512K), 0,0004948 secs] [Times: user=0,00 sys=0,00, real=0,00 secs] 
76,586: [GC (Allocation Failure) [PSYoungGen: 80928K->96K(79360K)] 82920K->2088K(254464K), 0,0005242 secs] [Times: user=0,00 sys=0,00, real=0,00 secs] 
76,657: [GC (Allocation Failure) [PSYoungGen: 78944K->96K(95232K)] 80936K->2088K(270336K), 0,0008854 secs] [Times: user=0,01 sys=0,00, real=0,00 secs] 
76,743: [GC (Allocation Failure) [PSYoungGen: 94816K->64K(92672K)] 96808K->2056K(267776K), 0,0004839 secs] [Times: user=0,00 sys=0,00, real=0,00 secs] 
76,826: [GC (Allocation Failure) [PSYoungGen: 92224K->96K(90112K)] 94216K->2088K(265216K), 0,0005312 secs] [Times: user=0,01 sys=0,00, real=0,00 secs] 
76,907: [GC (Allocation Failure) [PSYoungGen: 89696K->96K(87552K)] 91688K->2088K(262656K), 0,0005339 secs] [Times: user=0,00 sys=0,00, real=0,00 secs] 
76,986: [GC (Allocation Failure) [PSYoungGen: 87136K->96K(85504K)] 89128K->2088K(260608K), 0,0005316 secs] [Times: user=0,00 sys=0,00, real=0,00 secs] 
77,063: [GC (Allocation Failure) [PSYoungGen: 85088K->96K(83456K)] 87080K->2088K(258560K), 0,0005288 secs] [Times: user=0,00 sys=0,00, real=0,00 secs] 
77,138: [GC (Allocation Failure) [PSYoungGen: 83040K->64K(81408K)] 85032K->2056K(256512K), 0,0005148 secs] [Times: user=0,00 sys=0,00, real=0,00 secs] 
77,211: [GC (Allocation Failure) [PSYoungGen: 80960K->96K(79360K)] 82952K->2088K(254464K), 0,0004803 secs] [Times: user=0,00 sys=0,00, real=0,01 secs] 
77,282: [GC (Allocation Failure) [PSYoungGen: 78944K->64K(77312K)] 80936K->2056K(252416K), 0,0005357 secs] [Times: user=0,00 sys=0,00, real=0,00 secs] 
77,352: [GC (Allocation Failure) [PSYoungGen: 76864K->96K(75264K)] 78856K->2088K(250368K), 0,0005306 secs] [Times: user=0,00 sys=0,00, real=0,00 secs] 
77,421: [GC (Allocation Failure) [PSYoungGen: 74848K->96K(73728K)] 76840K->2088K(248832K), 0,0005369 secs] [Times: user=0,00 sys=0,00, real=0,00 secs] 
77,487: [GC (Allocation Failure) [PSYoungGen: 73312K->64K(72192K)] 75304K->2056K(247296K), 0,0004862 secs] [Times: user=0,00 sys=0,00, real=0,00 secs] 
77,552: [GC (Allocation Failure) [PSYoungGen: 71744K->96K(70656K)] 73736K->2088K(245760K), 0,0004904 secs] [Times: user=0,00 sys=0,00, real=0,00 secs] 
77,616: [GC (Allocation Failure) [PSYoungGen: 70240K->96K(69120K)] 72232K->2088K(244224K), 0,0005309 secs] [Times: user=0,00 sys=0,00, real=0,00 secs] 
77,678: [GC (Allocation Failure) [PSYoungGen: 68704K->32K(67584K)] 70696K->2024K(242688K), 0,0004844 secs] [Times: user=0,00 sys=0,00, real=0,00 secs] 
77,739: [GC (Allocation Failure) [PSYoungGen: 67104K->96K(66048K)] 69096K->2088K(241152K), 0,0005005 secs] [Times: user=0,00 sys=0,00, real=0,00 secs] 
77,798: [GC (Allocation Failure) [PSYoungGen: 65632K->64K(64512K)] 67624K->2056K(239616K), 0,0005002 secs] [Times: user=0,00 sys=0,00, real=0,00 secs] 
77,856: [GC (Allocation Failure) [PSYoungGen: 64064K->64K(62976K)] 66056K->2056K(238080K), 0,0004750 secs] [Times: user=0,00 sys=0,00, real=0,00 secs] 
77,914: [GC (Allocation Failure) [PSYoungGen: 62528K->96K(61952K)] 64520K->2088K(237056K), 0,0005068 secs] [Times: user=0,00 sys=0,00, real=0,00 secs] 
77,970: [GC (Allocation Failure) [PSYoungGen: 61536K->96K(60928K)] 63528K->2088K(236032K), 0,0004816 secs] [Times: user=0,01 sys=0,00, real=0,00 secs] 
78,025: [GC (Allocation Failure) [PSYoungGen: 60512K->96K(59904K)] 62504K->2088K(235008K), 0,0004963 secs] [Times: user=0,00 sys=0,00, real=0,00 secs] 
78,080: [GC (Allocation Failure) [PSYoungGen: 59488K->64K(58880K)] 61480K->2056K(233984K), 0,0004684 secs] [Times: user=0,00 sys=0,00, real=0,00 secs] 
78,134: [GC (Allocation Failure) [PSYoungGen: 58432K->64K(57856K)] 60424K->2056K(232960K), 0,0005433 secs] [Times: user=0,00 sys=0,00, real=0,00 secs] 
78,186: [GC (Allocation Failure) [PSYoungGen: 57408K->64K(69632K)] 59400K->2056K(244736K), 0,0009717 secs] [Times: user=0,00 sys=0,00, real=0,00 secs] 
78,250: [GC (Allocation Failure) [PSYoungGen: 69184K->64K(68096K)] 71176K->2056K(243200K), 0,0005137 secs] [Times: user=0,00 sys=0,00, real=0,00 secs] 
78,313: [GC (Allocation Failure) [PSYoungGen: 67648K->64K(66560K)] 69640K->2056K(241664K), 0,0005112 secs] [Times: user=0,00 sys=0,00, real=0,00 secs] 
78,373: [GC (Allocation Failure) [PSYoungGen: 66112K->96K(65024K)] 68104K->2088K(240128K), 0,0005320 secs] [Times: user=0,00 sys=0,00, real=0,00 secs] 
78,434: [GC (Allocation Failure) [PSYoungGen: 64608K->96K(63488K)] 66600K->2088K(238592K), 0,0005368 secs] [Times: user=0,00 sys=0,00, real=0,00 secs] 
78,492: [GC (Allocation Failure) [PSYoungGen: 63072K->0K(61952K)] 65064K->1992K(237056K), 0,0004822 secs] [Times: user=0,00 sys=0,00, real=0,00 secs] 
78,549: [GC (Allocation Failure) [PSYoungGen: 61440K->96K(60928K)] 63432K->2088K(236032K), 0,0004798 secs] [Times: user=0,00 sys=0,00, real=0,00 secs] 
78,605: [GC (Allocation Failure) [PSYoungGen: 60512K->96K(59904K)] 62504K->2088K(235008K), 0,0005012 secs] [Times: user=0,00 sys=0,00, real=0,00 secs] 
78,660: [GC (Allocation Failure) [PSYoungGen: 59488K->96K(58880K)] 61480K->2088K(233984K), 0,0005287 secs] [Times: user=0,00 sys=0,00, real=0,00 secs] 
78,713: [GC (Allocation Failure) [PSYoungGen: 58464K->96K(57856K)] 60456K->2088K(232960K), 0,0004767 secs] [Times: user=0,00 sys=0,00, real=0,00 secs] 
78,766: [GC (Allocation Failure) [PSYoungGen: 57440K->96K(56832K)] 59432K->2088K(231936K), 0,0004776 secs] [Times: user=0,00 sys=0,00, real=0,00 secs] 
78,816: [GC (Allocation Failure) [PSYoungGen: 56416K->32K(55808K)] 58408K->2024K(230912K), 0,0004665 secs] [Times: user=0,00 sys=0,00, real=0,00 secs] 
78,866: [GC (Allocation Failure) [PSYoungGen: 55328K->96K(54784K)] 57320K->2088K(229888K), 0,0004608 secs] [Times: user=0,00 sys=0,00, real=0,00 secs] 
78,916: [GC (Allocation Failure) [PSYoungGen: 54368K->32K(53760K)] 56360K->2024K(228864K), 0,0006131 secs] [Times: user=0,00 sys=0,00, real=0,00 secs] 
78,965: [GC (Allocation Failure) [PSYoungGen: 53280K->96K(52736K)] 55272K->2088K(227840K), 0,0004896 secs] [Times: user=0,00 sys=0,00, real=0,00 secs] 
79,013: [GC (Allocation Failure) [PSYoungGen: 52320K->32K(51712K)] 54312K->2024K(226816K), 0,0005162 secs] [Times: user=0,00 sys=0,00, real=0,00 secs] 
79,061: [GC (Allocation Failure) [PSYoungGen: 51232K->64K(50688K)] 53224K->2056K(225792K), 0,0004845 secs] [Times: user=0,00 sys=0,00, real=0,00 secs] 
79,107: [GC (Allocation Failure) [PSYoungGen: 50240K->96K(49664K)] 52232K->2088K(224768K), 0,0004367 secs] [Times: user=0,00 sys=0,00, real=0,00 secs] 
79,153: [GC (Allocation Failure) [PSYoungGen: 49248K->96K(48640K)] 51240K->2088K(223744K), 0,0003910 secs] [Times: user=0,00 sys=0,00, real=0,00 secs] 
79,198: [GC (Allocation Failure) [PSYoungGen: 48224K->96K(48128K)] 50216K->2088K(223232K), 0,0004912 secs] [Times: user=0,00 sys=0,00, real=0,00 secs] 
79,241: [GC (Allocation Failure) [PSYoungGen: 47712K->96K(47616K)] 49704K->2088K(222720K), 0,0004014 secs] [Times: user=0,01 sys=0,00, real=0,01 secs] 
79,284: [GC (Allocation Failure) [PSYoungGen: 47200K->96K(47104K)] 49192K->2088K(222208K), 0,0004039 secs] [Times: user=0,00 sys=0,01, real=0,00 secs] 
79,326: [GC (Allocation Failure) [PSYoungGen: 46688K->96K(46592K)] 48680K->2088K(221696K), 0,0004772 secs] [Times: user=0,00 sys=0,00, real=0,00 secs] 
79,368: [GC (Allocation Failure) [PSYoungGen: 46176K->96K(46080K)] 48168K->2088K(221184K), 0,0004186 secs] [Times: user=0,00 sys=0,00, real=0,00 secs] 
79,411: [GC (Allocation Failure) [PSYoungGen: 45664K->96K(45568K)] 47656K->2088K(220672K), 0,0005261 secs] [Times: user=0,00 sys=0,00, real=0,01 secs] 
79,452: [GC (Allocation Failure) [PSYoungGen: 45152K->64K(54784K)] 47144K->2056K(229888K), 0,0009213 secs] [Times: user=0,00 sys=0,00, real=0,00 secs] 
79,502: [GC (Allocation Failure) [PSYoungGen: 54336K->96K(66048K)] 56328K->2088K(241152K), 0,0004817 secs] [Times: user=0,00 sys=0,00, real=0,00 secs] 
79,561: [GC (Allocation Failure) [PSYoungGen: 65632K->32K(79360K)] 67624K->2024K(254464K), 0,0005295 secs] [Times: user=0,00 sys=0,00, real=0,01 secs] 
79,633: [GC (Allocation Failure) [PSYoungGen: 78880K->32K(77312K)] 80872K->2024K(252416K), 0,0004904 secs] [Times: user=0,00 sys=0,00, real=0,00 secs] 
79,704: [GC (Allocation Failure) [PSYoungGen: 76832K->64K(75264K)] 78824K->2056K(250368K), 0,0004950 secs] [Times: user=0,00 sys=0,00, real=0,00 secs] 
79,773: [GC (Allocation Failure) [PSYoungGen: 74816K->96K(73728K)] 76808K->2088K(248832K), 0,0005110 secs] [Times: user=0,00 sys=0,00, real=0,00 secs] 
79,841: [GC (Allocation Failure) [PSYoungGen: 73312K->96K(72192K)] 75304K->2088K(247296K), 0,0005524 secs] [Times: user=0,00 sys=0,00, real=0,01 secs] 
79,906: [GC (Allocation Failure) [PSYoungGen: 71776K->96K(70656K)] 73768K->2088K(245760K), 0,0005384 secs] [Times: user=0,00 sys=0,00, real=0,00 secs] 
79,970: [GC (Allocation Failure) [PSYoungGen: 70240K->96K(69120K)] 72232K->2088K(244224K), 0,0005055 secs] [Times: user=0,00 sys=0,00, real=0,00 secs] 
80,032: [GC (Allocation Failure) [PSYoungGen: 68704K->96K(67584K)] 70696K->2088K(242688K), 0,0005361 secs] [Times: user=0,00 sys=0,00, real=0,00 secs] 
80,092: [GC (Allocation Failure) [PSYoungGen: 67168K->32K(66048K)] 69160K->2024K(241152K), 0,0004763 secs] [Times: user=0,00 sys=0,00, real=0,00 secs] 
80,152: [GC (Allocation Failure) [PSYoungGen: 65568K->64K(64512K)] 67560K->2056K(239616K), 0,0005020 secs] [Times: user=0,00 sys=0,00, real=0,00 secs] 
80,210: [GC (Allocation Failure) [PSYoungGen: 64064K->96K(62976K)] 66056K->2088K(238080K), 0,0004925 secs] [Times: user=0,00 sys=0,00, real=0,00 secs] 
80,266: [GC (Allocation Failure) [PSYoungGen: 62560K->64K(61952K)] 64552K->2056K(237056K), 0,0008639 secs] [Times: user=0,00 sys=0,00, real=0,00 secs] 
80,328: [GC (Allocation Failure) [PSYoungGen: 61504K->96K(60928K)] 63496K->2088K(236032K), 0,0005086 secs] [Times: user=0,00 sys=0,00, real=0,00 secs] 
80,384: [GC (Allocation Failure) [PSYoungGen: 60512K->96K(59904K)] 62504K->2112K(235008K), 0,0005283 secs] [Times: user=0,00 sys=0,00, real=0,00 secs] 
80,439: [GC (Allocation Failure) [PSYoungGen: 59488K->96K(58880K)] 61504K->2112K(233984K), 0,0005290 secs] [Times: user=0,00 sys=0,00, real=0,00 secs] 
80,492: [GC (Allocation Failure) [PSYoungGen: 58464K->96K(57856K)] 60480K->2112K(232960K), 0,0004869 secs] [Times: user=0,00 sys=0,00, real=0,00 secs] 
80,545: [GC (Allocation Failure) [PSYoungGen: 57440K->64K(56832K)] 59456K->2080K(231936K), 0,0004833 secs] [Times: user=0,01 sys=0,00, real=0,00 secs] 
80,596: [GC (Allocation Failure) [PSYoungGen: 56384K->96K(55808K)] 58400K->2112K(230912K), 0,0004982 secs] [Times: user=0,00 sys=0,00, real=0,00 secs] 
80,646: [GC (Allocation Failure) [PSYoungGen: 55392K->96K(54784K)] 57408K->2112K(229888K), 0,0005507 secs] [Times: user=0,00 sys=0,00, real=0,00 secs] 
80,696: [GC (Allocation Failure) [PSYoungGen: 54368K->96K(53760K)] 56384K->2112K(228864K), 0,0004214 secs] [Times: user=0,00 sys=0,00, real=0,00 secs] 
80,744: [GC (Allocation Failure) [PSYoungGen: 53344K->96K(52736K)] 55360K->2112K(227840K), 0,0005147 secs] [Times: user=0,01 sys=0,00, real=0,00 secs] 
80,791: [GC (Allocation Failure) [PSYoungGen: 52320K->96K(51712K)] 54336K->2112K(226816K), 0,0004931 secs] [Times: user=0,00 sys=0,00, real=0,01 secs] 
80,838: [GC (Allocation Failure) [PSYoungGen: 51296K->64K(50688K)] 53312K->2080K(225792K), 0,0005171 secs] [Times: user=0,00 sys=0,00, real=0,00 secs] 
80,883: [GC (Allocation Failure) [PSYoungGen: 50240K->96K(49664K)] 52256K->2112K(224768K), 0,0004945 secs] [Times: user=0,00 sys=0,00, real=0,00 secs] 
80,928: [GC (Allocation Failure) [PSYoungGen: 49248K->64K(48640K)] 51264K->2080K(223744K), 0,0004735 secs] [Times: user=0,00 sys=0,00, real=0,00 secs] 
80,972: [GC (Allocation Failure) [PSYoungGen: 48192K->64K(48128K)] 50208K->2080K(223232K), 0,0005225 secs] [Times: user=0,01 sys=0,00, real=0,00 secs] 
81,015: [GC (Allocation Failure) [PSYoungGen: 47680K->32K(47616K)] 49696K->2048K(222720K), 0,0005063 secs] [Times: user=0,00 sys=0,00, real=0,00 secs] 
81,058: [GC (Allocation Failure) [PSYoungGen: 47136K->96K(47104K)] 49152K->2112K(222208K), 0,0003854 secs] [Times: user=0,00 sys=0,00, real=0,00 secs] 
81,100: [GC (Allocation Failure) [PSYoungGen: 46688K->96K(46592K)] 48704K->2112K(221696K), 0,0004225 secs] [Times: user=0,00 sys=0,00, real=0,00 secs] 
81,142: [GC (Allocation Failure) [PSYoungGen: 46176K->32K(46080K)] 48192K->2048K(221184K), 0,0005198 secs] [Times: user=0,00 sys=0,00, real=0,00 secs] 
81,184: [GC (Allocation Failure) [PSYoungGen: 45600K->96K(55296K)] 47616K->2112K(230400K), 0,0004854 secs] [Times: user=0,00 sys=0,00, real=0,00 secs] 
81,233: [GC (Allocation Failure) [PSYoungGen: 54880K->96K(54272K)] 56896K->2112K(229376K), 0,0004827 secs] [Times: user=0,00 sys=0,00, real=0,00 secs] 
81,282: [GC (Allocation Failure) [PSYoungGen: 53856K->96K(53248K)] 55872K->2112K(228352K), 0,0004816 secs] [Times: user=0,00 sys=0,00, real=0,00 secs] 
81,330: [GC (Allocation Failure) [PSYoungGen: 52832K->96K(52224K)] 54848K->2112K(227328K), 0,0004908 secs] [Times: user=0,00 sys=0,00, real=0,00 secs] 
81,378: [GC (Allocation Failure) [PSYoungGen: 51808K->64K(51200K)] 53824K->2080K(226304K), 0,0004759 secs] [Times: user=0,00 sys=0,00, real=0,00 secs] 
81,427: [GC (Allocation Failure) [PSYoungGen: 50752K->96K(50176K)] 52768K->2112K(225280K), 0,0005379 secs] [Times: user=0,00 sys=0,00, real=0,00 secs] 
81,473: [GC (Allocation Failure) [PSYoungGen: 49760K->64K(49152K)] 51776K->2080K(224256K), 0,0005100 secs] [Times: user=0,00 sys=0,00, real=0,00 secs] 
81,517: [GC (Allocation Failure) [PSYoungGen: 48704K->96K(48128K)] 50720K->2112K(223232K), 0,0004966 secs] [Times: user=0,00 sys=0,00, real=0,00 secs] 
81,560: [GC (Allocation Failure) [PSYoungGen: 47712K->96K(47616K)] 49728K->2112K(222720K), 0,0004199 secs] [Times: user=0,00 sys=0,00, real=0,00 secs] 
81,603: [GC (Allocation Failure) [PSYoungGen: 47200K->64K(47104K)] 49216K->2080K(222208K), 0,0004619 secs] [Times: user=0,00 sys=0,00, real=0,00 secs] 
81,646: [GC (Allocation Failure) [PSYoungGen: 46656K->64K(46592K)] 48672K->2080K(221696K), 0,0004730 secs] [Times: user=0,00 sys=0,00, real=0,00 secs] 
81,688: [GC (Allocation Failure) [PSYoungGen: 46144K->96K(46080K)] 48160K->2112K(221184K), 0,0004095 secs] [Times: user=0,00 sys=0,00, real=0,00 secs] 
81,729: [GC (Allocation Failure) [PSYoungGen: 45664K->96K(45568K)] 47680K->2112K(220672K), 0,0004006 secs] [Times: user=0,00 sys=0,00, real=0,00 secs] 
81,770: [GC (Allocation Failure) [PSYoungGen: 45152K->64K(45056K)] 47168K->2080K(220160K), 0,0005019 secs] [Times: user=0,00 sys=0,01, real=0,00 secs] 
81,811: [GC (Allocation Failure) [PSYoungGen: 44608K->96K(44544K)] 46624K->2112K(219648K), 0,0004207 secs] [Times: user=0,00 sys=0,00, real=0,00 secs] 
81,851: [GC (Allocation Failure) [PSYoungGen: 44128K->96K(44032K)] 46144K->2112K(219136K), 0,0004143 secs] [Times: user=0,00 sys=0,00, real=0,00 secs] 
81,890: [GC (Allocation Failure) [PSYoungGen: 43616K->96K(43520K)] 45632K->2112K(218624K), 0,0004355 secs] [Times: user=0,00 sys=0,00, real=0,00 secs] 
81,929: [GC (Allocation Failure) [PSYoungGen: 43104K->64K(43008K)] 45120K->2080K(218112K), 0,0004613 secs] [Times: user=0,00 sys=0,00, real=0,00 secs] 
81,968: [GC (Allocation Failure) [PSYoungGen: 42560K->96K(51712K)] 44576K->2112K(226816K), 0,0004941 secs] [Times: user=0,00 sys=0,00, real=0,00 secs] 
82,016: [GC (Allocation Failure) [PSYoungGen: 51296K->96K(50688K)] 53312K->2112K(225792K), 0,0004402 secs] [Times: user=0,01 sys=0,00, real=0,00 secs] 
82,061: [GC (Allocation Failure) [PSYoungGen: 50272K->96K(49664K)] 52288K->2112K(224768K), 0,0004873 secs] [Times: user=0,00 sys=0,00, real=0,01 secs] 
82,106: [GC (Allocation Failure) [PSYoungGen: 49248K->96K(48640K)] 51264K->2112K(223744K), 0,0004808 secs] [Times: user=0,00 sys=0,00, real=0,00 secs] 
82,149: [GC (Allocation Failure) [PSYoungGen: 48224K->32K(48128K)] 50240K->2048K(223232K), 0,0004719 secs] [Times: user=0,00 sys=0,00, real=0,00 secs] 
82,193: [GC (Allocation Failure) [PSYoungGen: 47648K->96K(57856K)] 49664K->2112K(232960K), 0,0005211 secs] [Times: user=0,00 sys=0,00, real=0,00 secs] 
82,245: [GC (Allocation Failure) [PSYoungGen: 57440K->96K(69632K)] 59456K->2112K(244736K), 0,0005474 secs] [Times: user=0,00 sys=0,00, real=0,00 secs] 
82,307: [GC (Allocation Failure) [PSYoungGen: 69216K->96K(68096K)] 71232K->2112K(243200K), 0,0004859 secs] [Times: user=0,00 sys=0,00, real=0,00 secs] 
82,369: [GC (Allocation Failure) [PSYoungGen: 67680K->32K(66560K)] 69696K->2048K(241664K), 0,0004927 secs] [Times: user=0,00 sys=0,00, real=0,00 secs] 
82,430: [GC (Allocation Failure) [PSYoungGen: 66080K->32K(65024K)] 68096K->2048K(240128K), 0,0004948 secs] [Times: user=0,00 sys=0,00, real=0,00 secs] 
82,489: [GC (Allocation Failure) [PSYoungGen: 64544K->96K(63488K)] 66560K->2112K(238592K), 0,0005207 secs] [Times: user=0,00 sys=0,00, real=0,00 secs] 
82,547: [GC (Allocation Failure) [PSYoungGen: 63072K->96K(61952K)] 65088K->2112K(237056K), 0,0005245 secs] [Times: user=0,00 sys=0,00, real=0,00 secs] 
82,602: [GC (Allocation Failure) [PSYoungGen: 61536K->96K(60928K)] 63552K->2112K(236032K), 0,0005157 secs] [Times: user=0,01 sys=0,00, real=0,00 secs] 
82,657: [GC (Allocation Failure) [PSYoungGen: 60512K->96K(59904K)] 62528K->2112K(235008K), 0,0005098 secs] [Times: user=0,00 sys=0,00, real=0,00 secs] 
82,711: [GC (Allocation Failure) [PSYoungGen: 59488K->96K(58880K)] 61504K->2112K(233984K), 0,0005203 secs] [Times: user=0,01 sys=0,00, real=0,01 secs] 
82,765: [GC (Allocation Failure) [PSYoungGen: 58464K->96K(57856K)] 60480K->2112K(232960K), 0,0004929 secs] [Times: user=0,00 sys=0,00, real=0,00 secs] 
82,817: [GC (Allocation Failure) [PSYoungGen: 57440K->96K(56832K)] 59456K->2112K(231936K), 0,0005228 secs] [Times: user=0,00 sys=0,00, real=0,00 secs] 
82,868: [GC (Allocation Failure) [PSYoungGen: 56416K->96K(55808K)] 58432K->2112K(230912K), 0,0004817 secs] [Times: user=0,00 sys=0,00, real=0,00 secs] 
82,918: [GC (Allocation Failure) [PSYoungGen: 55392K->96K(54784K)] 57408K->2112K(229888K), 0,0004961 secs] [Times: user=0,00 sys=0,00, real=0,00 secs] 
82,968: [GC (Allocation Failure) [PSYoungGen: 54368K->96K(53760K)] 56384K->2112K(228864K), 0,0005530 secs] [Times: user=0,00 sys=0,00, real=0,00 secs] 
83,017: [GC (Allocation Failure) [PSYoungGen: 53344K->96K(52736K)] 55360K->2112K(227840K), 0,0004978 secs] [Times: user=0,00 sys=0,00, real=0,00 secs] 
83,064: [GC (Allocation Failure) [PSYoungGen: 52320K->96K(51712K)] 54336K->2112K(226816K), 0,0004709 secs] [Times: user=0,00 sys=0,00, real=0,00 secs] 
83,112: [GC (Allocation Failure) [PSYoungGen: 51296K->96K(50688K)] 53312K->2112K(225792K), 0,0005036 secs] [Times: user=0,00 sys=0,00, real=0,00 secs] 
83,158: [GC (Allocation Failure) [PSYoungGen: 50272K->96K(49664K)] 52288K->2112K(224768K), 0,0006145 secs] [Times: user=0,01 sys=0,00, real=0,00 secs] 
83,203: [GC (Allocation Failure) [PSYoungGen: 49248K->96K(48640K)] 51264K->2112K(223744K), 0,0004834 secs] [Times: user=0,00 sys=0,00, real=0,00 secs] 
83,246: [GC (Allocation Failure) [PSYoungGen: 48224K->96K(48128K)] 50240K->2112K(223232K), 0,0004300 secs] [Times: user=0,00 sys=0,00, real=0,00 secs] 
83,290: [GC (Allocation Failure) [PSYoungGen: 47712K->96K(57856K)] 49728K->2112K(232960K), 0,0008968 secs] [Times: user=0,00 sys=0,00, real=0,00 secs] 
83,343: [GC (Allocation Failure) [PSYoungGen: 57440K->96K(69632K)] 59456K->2112K(244736K), 0,0005246 secs] [Times: user=0,00 sys=0,00, real=0,00 secs] 
83,407: [GC (Allocation Failure) [PSYoungGen: 69216K->96K(83456K)] 71232K->2112K(258560K), 0,0005212 secs] [Times: user=0,00 sys=0,00, real=0,00 secs] 
83,483: [GC (Allocation Failure) [PSYoungGen: 83040K->96K(81408K)] 85056K->2112K(256512K), 0,0005335 secs] [Times: user=0,00 sys=0,00, real=0,00 secs] 
83,556: [GC (Allocation Failure) [PSYoungGen: 80992K->96K(79360K)] 83008K->2112K(254464K), 0,0005241 secs] [Times: user=0,01 sys=0,00, real=0,00 secs] 
83,628: [GC (Allocation Failure) [PSYoungGen: 78944K->64K(77312K)] 80960K->2080K(252416K), 0,0005333 secs] [Times: user=0,00 sys=0,00, real=0,00 secs] 
83,698: [GC (Allocation Failure) [PSYoungGen: 76864K->96K(75264K)] 78880K->2112K(250368K), 0,0005281 secs] [Times: user=0,00 sys=0,00, real=0,00 secs] 
83,765: [GC (Allocation Failure) [PSYoungGen: 74848K->32K(73728K)] 76864K->2048K(248832K), 0,0004972 secs] [Times: user=0,00 sys=0,00, real=0,00 secs] 
83,832: [GC (Allocation Failure) [PSYoungGen: 73248K->96K(72192K)] 75264K->2112K(247296K), 0,0005284 secs] [Times: user=0,00 sys=0,00, real=0,00 secs] 
83,897: [GC (Allocation Failure) [PSYoungGen: 71776K->96K(70656K)] 73792K->2112K(245760K), 0,0005433 secs] [Times: user=0,00 sys=0,00, real=0,00 secs] 
83,961: [GC (Allocation Failure) [PSYoungGen: 70240K->64K(69120K)] 72256K->2080K(244224K), 0,0004960 secs] [Times: user=0,00 sys=0,00, real=0,00 secs] 
84,023: [GC (Allocation Failure) [PSYoungGen: 68672K->32K(82944K)] 70688K->2048K(258048K), 0,0012594 secs] [Times: user=0,01 sys=0,00, real=0,00 secs] 
84,110: [GC (Allocation Failure) [PSYoungGen: 82464K->96K(80896K)] 84480K->2112K(256000K), 0,0005272 secs] [Times: user=0,00 sys=0,00, real=0,00 secs] 
84,182: [GC (Allocation Failure) [PSYoungGen: 80480K->96K(78848K)] 82496K->2112K(253952K), 0,0005303 secs] [Times: user=0,00 sys=0,00, real=0,00 secs] 
84,254: [GC (Allocation Failure) [PSYoungGen: 78432K->64K(76800K)] 80448K->2080K(251904K), 0,0005641 secs] [Times: user=0,00 sys=0,00, real=0,00 secs] 
84,323: [GC (Allocation Failure) [PSYoungGen: 76352K->96K(74752K)] 78368K->2112K(249856K), 0,0005252 secs] [Times: user=0,00 sys=0,00, real=0,00 secs] 
84,390: [GC (Allocation Failure) [PSYoungGen: 74336K->96K(73216K)] 76352K->2112K(248320K), 0,0005796 secs] [Times: user=0,00 sys=0,01, real=0,00 secs] 
84,458: [GC (Allocation Failure) [PSYoungGen: 72800K->96K(71680K)] 74816K->2112K(246784K), 0,0006037 secs] [Times: user=0,00 sys=0,00, real=0,00 secs] 
84,522: [GC (Allocation Failure) [PSYoungGen: 71264K->96K(70144K)] 73280K->2112K(245248K), 0,0005147 secs] [Times: user=0,00 sys=0,00, real=0,00 secs] 
84,585: [GC (Allocation Failure) [PSYoungGen: 69728K->96K(68608K)] 71744K->2112K(243712K), 0,0005070 secs] [Times: user=0,00 sys=0,00, real=0,00 secs] 
84,647: [GC (Allocation Failure) [PSYoungGen: 68192K->96K(67072K)] 70208K->2112K(242176K), 0,0005296 secs] [Times: user=0,00 sys=0,00, real=0,00 secs] 
84,707: [GC (Allocation Failure) [PSYoungGen: 66656K->96K(65536K)] 68672K->2112K(240640K), 0,0005448 secs] [Times: user=0,00 sys=0,00, real=0,00 secs] 
84,766: [GC (Allocation Failure) [PSYoungGen: 65120K->96K(64000K)] 67136K->2112K(239104K), 0,0004753 secs] [Times: user=0,00 sys=0,00, real=0,00 secs] 
84,824: [GC (Allocation Failure) [PSYoungGen: 63584K->64K(62464K)] 65600K->2080K(237568K), 0,0005366 secs] [Times: user=0,00 sys=0,00, real=0,00 secs] 
84,880: [GC (Allocation Failure) [PSYoungGen: 62016K->96K(61440K)] 64032K->2112K(236544K), 0,0004991 secs] [Times: user=0,00 sys=0,00, real=0,00 secs] 
84,936: [GC (Allocation Failure) [PSYoungGen: 61024K->96K(60416K)] 63040K->2112K(235520K), 0,0005217 secs] [Times: user=0,00 sys=0,00, real=0,00 secs] 
84,990: [GC (Allocation Failure) [PSYoungGen: 60000K->96K(59392K)] 62016K->2112K(234496K), 0,0004923 secs] [Times: user=0,00 sys=0,00, real=0,00 secs] 
85,044: [GC (Allocation Failure) [PSYoungGen: 58976K->32K(58368K)] 60992K->2048K(233472K), 0,0005242 secs] [Times: user=0,00 sys=0,00, real=0,00 secs] 
85,097: [GC (Allocation Failure) [PSYoungGen: 57887K->96K(57344K)] 59903K->2112K(232448K), 0,0005097 secs] [Times: user=0,00 sys=0,00, real=0,00 secs] 
85,149: [GC (Allocation Failure) [PSYoungGen: 56928K->96K(56320K)] 58944K->2112K(231424K), 0,0004840 secs] [Times: user=0,00 sys=0,00, real=0,00 secs] 
85,200: [GC (Allocation Failure) [PSYoungGen: 55904K->96K(55296K)] 57920K->2112K(230400K), 0,0004395 secs] [Times: user=0,00 sys=0,00, real=0,00 secs] 
85,250: [GC (Allocation Failure) [PSYoungGen: 54880K->96K(54272K)] 56896K->2112K(229376K), 0,0004853 secs] [Times: user=0,00 sys=0,00, real=0,00 secs] 
85,299: [GC (Allocation Failure) [PSYoungGen: 53856K->96K(53248K)] 55872K->2112K(228352K), 0,0005271 secs] [Times: user=0,00 sys=0,00, real=0,00 secs] 
85,346: [GC (Allocation Failure) [PSYoungGen: 52832K->64K(52224K)] 54848K->2080K(227328K), 0,0004944 secs] [Times: user=0,00 sys=0,00, real=0,00 secs] 
85,394: [GC (Allocation Failure) [PSYoungGen: 51776K->96K(51200K)] 53792K->2112K(226304K), 0,0005028 secs] [Times: user=0,00 sys=0,00, real=0,00 secs] 
85,441: [GC (Allocation Failure) [PSYoungGen: 50783K->96K(50176K)] 52799K->2112K(225280K), 0,0005457 secs] [Times: user=0,01 sys=0,00, real=0,01 secs] 
85,486: [GC (Allocation Failure) [PSYoungGen: 49760K->96K(49152K)] 51776K->2112K(224256K), 0,0004832 secs] [Times: user=0,00 sys=0,00, real=0,00 secs] 
85,530: [GC (Allocation Failure) [PSYoungGen: 48736K->64K(48128K)] 50752K->2080K(223232K), 0,0005463 secs] [Times: user=0,00 sys=0,00, real=0,00 secs] 
85,574: [GC (Allocation Failure) [PSYoungGen: 47680K->96K(47616K)] 49696K->2112K(222720K), 0,0004183 secs] [Times: user=0,00 sys=0,00, real=0,00 secs] 
85,616: [GC (Allocation Failure) [PSYoungGen: 47200K->96K(47104K)] 49216K->2112K(222208K), 0,0004361 secs] [Times: user=0,00 sys=0,00, real=0,00 secs] 
85,658: [GC (Allocation Failure) [PSYoungGen: 46688K->64K(46592K)] 48704K->2080K(221696K), 0,0004810 secs] [Times: user=0,01 sys=0,00, real=0,00 secs] 
85,701: [GC (Allocation Failure) [PSYoungGen: 46144K->96K(46080K)] 48160K->2112K(221184K), 0,0004331 secs] [Times: user=0,00 sys=0,00, real=0,00 secs] 
85,742: [GC (Allocation Failure) [PSYoungGen: 45664K->96K(45568K)] 47680K->2112K(220672K), 0,0003923 secs] [Times: user=0,00 sys=0,00, real=0,00 secs] 
85,783: [GC (Allocation Failure) [PSYoungGen: 45152K->96K(45056K)] 47168K->2112K(220160K), 0,0003977 secs] [Times: user=0,00 sys=0,00, real=0,00 secs] 
85,823: [GC (Allocation Failure) [PSYoungGen: 44640K->96K(44544K)] 46656K->2112K(219648K), 0,0004927 secs] [Times: user=0,00 sys=0,00, real=0,00 secs] 
85,864: [GC (Allocation Failure) [PSYoungGen: 44128K->96K(44032K)] 46144K->2112K(219136K), 0,0004190 secs] [Times: user=0,00 sys=0,00, real=0,00 secs] 
85,903: [GC (Allocation Failure) [PSYoungGen: 43616K->64K(52736K)] 45632K->2080K(227840K), 0,0005803 secs] [Times: user=0,00 sys=0,00, real=0,00 secs] 
85,951: [GC (Allocation Failure) [PSYoungGen: 52288K->96K(51712K)] 54304K->2112K(226816K), 0,0004248 secs] [Times: user=0,00 sys=0,00, real=0,01 secs] 
85,997: [GC (Allocation Failure) [PSYoungGen: 51296K->96K(50688K)] 53312K->2112K(225792K), 0,0005007 secs] [Times: user=0,00 sys=0,00, real=0,00 secs] 
86,043: [GC (Allocation Failure) [PSYoungGen: 50272K->32K(49664K)] 52288K->2048K(224768K), 0,0005058 secs] [Times: user=0,00 sys=0,00, real=0,00 secs] 
86,088: [GC (Allocation Failure) [PSYoungGen: 49184K->96K(59904K)] 51200K->2112K(235008K), 0,0005165 secs] [Times: user=0,00 sys=0,00, real=0,00 secs] 
86,142: [GC (Allocation Failure) [PSYoungGen: 59488K->96K(58880K)] 61504K->2112K(233984K), 0,0004958 secs] [Times: user=0,00 sys=0,00, real=0,00 secs] 
86,194: [GC (Allocation Failure) [PSYoungGen: 58464K->64K(57856K)] 60480K->2080K(232960K), 0,0005001 secs] [Times: user=0,00 sys=0,00, real=0,00 secs] 
86,246: [GC (Allocation Failure) [PSYoungGen: 57408K->64K(56832K)] 59424K->2080K(231936K), 0,0005129 secs] [Times: user=0,00 sys=0,00, real=0,00 secs] 
86,297: [GC (Allocation Failure) [PSYoungGen: 56384K->96K(55808K)] 58400K->2112K(230912K), 0,0004913 secs] [Times: user=0,00 sys=0,00, real=0,00 secs] 
86,347: [GC (Allocation Failure) [PSYoungGen: 55392K->96K(54784K)] 57408K->2112K(229888K), 0,0004923 secs] [Times: user=0,00 sys=0,00, real=0,00 secs] 
86,397: [GC (Allocation Failure) [PSYoungGen: 54368K->96K(53760K)] 56384K->2112K(228864K), 0,0004946 secs] [Times: user=0,00 sys=0,00, real=0,00 secs] 
86,447: [GC (Allocation Failure) [PSYoungGen: 53344K->64K(52736K)] 55360K->2080K(227840K), 0,0005519 secs] [Times: user=0,00 sys=0,00, real=0,00 secs] 
86,495: [GC (Allocation Failure) [PSYoungGen: 52288K->64K(63488K)] 54304K->2080K(238592K), 0,0009068 secs] [Times: user=0,00 sys=0,00, real=0,00 secs] 
86,552: [GC (Allocation Failure) [PSYoungGen: 63040K->96K(76288K)] 65056K->2112K(251392K), 0,0005477 secs] [Times: user=0,01 sys=0,00, real=0,00 secs] 
86,621: [GC (Allocation Failure) [PSYoungGen: 75872K->96K(74752K)] 77888K->2112K(249856K), 0,0005408 secs] [Times: user=0,00 sys=0,00, real=0,01 secs] 
86,688: [GC (Allocation Failure) [PSYoungGen: 74336K->32K(73216K)] 76352K->2048K(248320K), 0,0005118 secs] [Times: user=0,00 sys=0,00, real=0,00 secs] 
86,753: [GC (Allocation Failure) [PSYoungGen: 72736K->32K(71680K)] 74752K->2048K(246784K), 0,0005013 secs] [Times: user=0,00 sys=0,00, real=0,00 secs] 
86,818: [GC (Allocation Failure) [PSYoungGen: 71200K->96K(70144K)] 73216K->2112K(245248K), 0,0005130 secs] [Times: user=0,00 sys=0,00, real=0,00 secs] 
86,881: [GC (Allocation Failure) [PSYoungGen: 69728K->96K(68608K)] 71744K->2112K(243712K), 0,0005337 secs] [Times: user=0,00 sys=0,00, real=0,00 secs] 
86,943: [GC (Allocation Failure) [PSYoungGen: 68192K->96K(67072K)] 70208K->2112K(242176K), 0,0005187 secs] [Times: user=0,00 sys=0,00, real=0,00 secs] 
87,004: [GC (Allocation Failure) [PSYoungGen: 66656K->32K(65536K)] 68672K->2048K(240640K), 0,0005121 secs] [Times: user=0,00 sys=0,00, real=0,00 secs] 
87,064: [GC (Allocation Failure) [PSYoungGen: 65056K->96K(64000K)] 67072K->2112K(239104K), 0,0005192 secs] [Times: user=0,00 sys=0,00, real=0,00 secs] 
87,122: [GC (Allocation Failure) [PSYoungGen: 63584K->96K(62464K)] 65600K->2112K(237568K), 0,0004973 secs] [Times: user=0,00 sys=0,00, real=0,00 secs] 
87,179: [GC (Allocation Failure) [PSYoungGen: 62048K->96K(61440K)] 64064K->2112K(236544K), 0,0004823 secs] [Times: user=0,00 sys=0,00, real=0,00 secs] 
87,234: [GC (Allocation Failure) [PSYoungGen: 61024K->96K(60416K)] 63040K->2112K(235520K), 0,0004752 secs] [Times: user=0,00 sys=0,00, real=0,00 secs] 
87,289: [GC (Allocation Failure) [PSYoungGen: 60000K->96K(59392K)] 62016K->2112K(234496K), 0,0004969 secs] [Times: user=0,01 sys=0,00, real=0,00 secs] 
87,342: [GC (Allocation Failure) [PSYoungGen: 58976K->96K(58368K)] 60992K->2112K(233472K), 0,0005374 secs] [Times: user=0,00 sys=0,00, real=0,00 secs] 
87,395: [GC (Allocation Failure) [PSYoungGen: 57952K->96K(57344K)] 59968K->2112K(232448K), 0,0005097 secs] [Times: user=0,00 sys=0,00, real=0,00 secs] 
87,448: [GC (Allocation Failure) [PSYoungGen: 56928K->64K(56320K)] 58944K->2080K(231424K), 0,0005128 secs] [Times: user=0,01 sys=0,00, real=0,00 secs] 
87,499: [GC (Allocation Failure) [PSYoungGen: 55872K->96K(55296K)] 57888K->2112K(230400K), 0,0004983 secs] [Times: user=0,00 sys=0,00, real=0,00 secs] 
87,549: [GC (Allocation Failure) [PSYoungGen: 54880K->96K(54272K)] 56896K->2112K(229376K), 0,0005173 secs] [Times: user=0,00 sys=0,00, real=0,00 secs] 
87,598: [GC (Allocation Failure) [PSYoungGen: 53855K->64K(53248K)] 55871K->2080K(228352K), 0,0005117 secs] [Times: user=0,01 sys=0,00, real=0,00 secs] 
87,646: [GC (Allocation Failure) [PSYoungGen: 52800K->96K(52224K)] 54816K->2112K(227328K), 0,0005347 secs] [Times: user=0,00 sys=0,00, real=0,00 secs] 
87,694: [GC (Allocation Failure) [PSYoungGen: 51808K->64K(51200K)] 53824K->2080K(226304K), 0,0005101 secs] [Times: user=0,00 sys=0,00, real=0,00 secs] 
87,740: [GC (Allocation Failure) [PSYoungGen: 50752K->96K(50176K)] 52768K->2112K(225280K), 0,0003876 secs] [Times: user=0,00 sys=0,00, real=0,00 secs] 
87,785: [GC (Allocation Failure) [PSYoungGen: 49760K->64K(49152K)] 51776K->2080K(224256K), 0,0004696 secs] [Times: user=0,00 sys=0,00, real=0,00 secs] 
87,829: [GC (Allocation Failure) [PSYoungGen: 48704K->32K(48128K)] 50720K->2048K(223232K), 0,0004789 secs] [Times: user=0,00 sys=0,00, real=0,00 secs] 
87,873: [GC (Allocation Failure) [PSYoungGen: 47648K->96K(47616K)] 49664K->2112K(222720K), 0,0004888 secs] [Times: user=0,00 sys=0,00, real=0,00 secs] 
87,916: [GC (Allocation Failure) [PSYoungGen: 47200K->96K(57344K)] 49216K->2112K(232448K), 0,0005547 secs] [Times: user=0,00 sys=0,00, real=0,00 secs] 
87,968: [GC (Allocation Failure) [PSYoungGen: 56928K->96K(56320K)] 58944K->2112K(231424K), 0,0005057 secs] [Times: user=0,00 sys=0,00, real=0,00 secs] 
88,019: [GC (Allocation Failure) [PSYoungGen: 55904K->96K(55296K)] 57920K->2112K(230400K), 0,0005044 secs] [Times: user=0,00 sys=0,00, real=0,00 secs] 
88,068: [GC (Allocation Failure) [PSYoungGen: 54880K->64K(54272K)] 56896K->2080K(229376K), 0,0005185 secs] [Times: user=0,00 sys=0,00, real=0,00 secs] 
88,118: [GC (Allocation Failure) [PSYoungGen: 53824K->32K(53248K)] 55840K->2048K(228352K), 0,0005566 secs] [Times: user=0,00 sys=0,00, real=0,00 secs] 
88,167: [GC (Allocation Failure) [PSYoungGen: 52768K->96K(52224K)] 54784K->2112K(227328K), 0,0005661 secs] [Times: user=0,00 sys=0,00, real=0,00 secs] 
88,214: [GC (Allocation Failure) [PSYoungGen: 51808K->64K(51200K)] 53824K->2080K(226304K), 0,0005488 secs] [Times: user=0,00 sys=0,00, real=0,00 secs] 
88,260: [GC (Allocation Failure) [PSYoungGen: 50752K->96K(50176K)] 52768K->2112K(225280K), 0,0004575 secs] [Times: user=0,00 sys=0,00, real=0,00 secs] 
88,305: [GC (Allocation Failure) [PSYoungGen: 49760K->96K(49152K)] 51776K->2112K(224256K), 0,0004160 secs] [Times: user=0,00 sys=0,00, real=0,00 secs] 
88,349: [GC (Allocation Failure) [PSYoungGen: 48736K->96K(48128K)] 50752K->2112K(223232K), 0,0004226 secs] [Times: user=0,00 sys=0,00, real=0,00 secs] 
88,393: [GC (Allocation Failure) [PSYoungGen: 47712K->96K(47616K)] 49728K->2112K(222720K), 0,0005189 secs] [Times: user=0,00 sys=0,00, real=0,00 secs] 
88,437: [GC (Allocation Failure) [PSYoungGen: 47200K->96K(57344K)] 49216K->2112K(232448K), 0,0005887 secs] [Times: user=0,00 sys=0,00, real=0,00 secs] 
88,488: [GC (Allocation Failure) [PSYoungGen: 56928K->96K(56320K)] 58944K->2112K(231424K), 0,0005178 secs] [Times: user=0,00 sys=0,00, real=0,00 secs] 
88,539: [GC (Allocation Failure) [PSYoungGen: 55904K->96K(55296K)] 57920K->2112K(230400K), 0,0004964 secs] [Times: user=0,00 sys=0,00, real=0,00 secs] 
88,589: [GC (Allocation Failure) [PSYoungGen: 54880K->64K(54272K)] 56896K->2080K(229376K), 0,0005139 secs] [Times: user=0,00 sys=0,00, real=0,00 secs] 
88,638: [GC (Allocation Failure) [PSYoungGen: 53824K->96K(53248K)] 55840K->2112K(228352K), 0,0005199 secs] [Times: user=0,00 sys=0,00, real=0,00 secs] 
88,686: [GC (Allocation Failure) [PSYoungGen: 52832K->96K(52224K)] 54848K->2112K(227328K), 0,0004940 secs] [Times: user=0,00 sys=0,00, real=0,00 secs] 
88,733: [GC (Allocation Failure) [PSYoungGen: 51808K->64K(51200K)] 53824K->2080K(226304K), 0,0004699 secs] [Times: user=0,00 sys=0,00, real=0,00 secs] 
88,779: [GC (Allocation Failure) [PSYoungGen: 50752K->64K(50176K)] 52768K->2080K(225280K), 0,0004904 secs] [Times: user=0,00 sys=0,00, real=0,00 secs] 
88,824: [GC (Allocation Failure) [PSYoungGen: 49728K->96K(49152K)] 51744K->2112K(224256K), 0,0004047 secs] [Times: user=0,00 sys=0,00, real=0,00 secs] 
88,868: [GC (Allocation Failure) [PSYoungGen: 48736K->96K(48128K)] 50752K->2112K(223232K), 0,0005405 secs] [Times: user=0,00 sys=0,00, real=0,00 secs] 
88,911: [GC (Allocation Failure) [PSYoungGen: 47712K->64K(47616K)] 49728K->2080K(222720K), 0,0004834 secs] [Times: user=0,00 sys=0,00, real=0,00 secs] 
88,954: [GC (Allocation Failure) [PSYoungGen: 47168K->96K(47104K)] 49184K->2112K(222208K), 0,0004228 secs] [Times: user=0,00 sys=0,00, real=0,00 secs] 
88,997: [GC (Allocation Failure) [PSYoungGen: 46688K->96K(46592K)] 48704K->2112K(221696K), 0,0004269 secs] [Times: user=0,00 sys=0,00, real=0,00 secs] 
89,039: [GC (Allocation Failure) [PSYoungGen: 46176K->96K(46080K)] 48192K->2112K(221184K), 0,0003870 secs] [Times: user=0,00 sys=0,00, real=0,00 secs] 
89,080: [GC (Allocation Failure) [PSYoungGen: 45664K->96K(45568K)] 47680K->2112K(220672K), 0,0003911 secs] [Times: user=0,00 sys=0,00, real=0,00 secs] 
89,121: [GC (Allocation Failure) [PSYoungGen: 45152K->64K(45056K)] 47168K->2080K(220160K), 0,0004363 secs] [Times: user=0,00 sys=0,00, real=0,00 secs] 
89,162: [GC (Allocation Failure) [PSYoungGen: 44608K->96K(44544K)] 46624K->2112K(219648K), 0,0004179 secs] [Times: user=0,00 sys=0,00, real=0,00 secs] 
89,202: [GC (Allocation Failure) [PSYoungGen: 44128K->96K(44032K)] 46144K->2112K(219136K), 0,0004203 secs] [Times: user=0,00 sys=0,00, real=0,00 secs] 
89,242: [GC (Allocation Failure) [PSYoungGen: 43616K->96K(43520K)] 45632K->2112K(218624K), 0,0004157 secs] [Times: user=0,00 sys=0,00, real=0,00 secs] 
89,282: [GC (Allocation Failure) [PSYoungGen: 43104K->96K(43008K)] 45120K->2112K(218112K), 0,0004059 secs] [Times: user=0,00 sys=0,00, real=0,00 secs] 
89,320: [GC (Allocation Failure) [PSYoungGen: 42592K->64K(42496K)] 44608K->2080K(217600K), 0,0004739 secs] [Times: user=0,00 sys=0,00, real=0,00 secs] 
89,359: [GC (Allocation Failure) [PSYoungGen: 42048K->96K(51200K)] 44064K->2112K(226304K), 0,0005169 secs] [Times: user=0,00 sys=0,00, real=0,00 secs] 
89,405: [GC (Allocation Failure) [PSYoungGen: 50784K->64K(61440K)] 52800K->2080K(236544K), 0,0004879 secs] [Times: user=0,00 sys=0,00, real=0,00 secs] 
89,463: [GC (Allocation Failure) [PSYoungGen: 60992K->96K(60416K)] 63008K->2112K(235520K), 0,0005497 secs] [Times: user=0,00 sys=0,00, real=0,00 secs] 
89,519: [GC (Allocation Failure) [PSYoungGen: 60000K->96K(59392K)] 62016K->2112K(234496K), 0,0005202 secs] [Times: user=0,00 sys=0,00, real=0,00 secs] 
89,575: [GC (Allocation Failure) [PSYoungGen: 58976K->64K(58368K)] 60992K->2080K(233472K), 0,0005820 secs] [Times: user=0,00 sys=0,01, real=0,00 secs] 
89,629: [GC (Allocation Failure) [PSYoungGen: 57919K->64K(57344K)] 59935K->2080K(232448K), 0,0004899 secs] [Times: user=0,00 sys=0,00, real=0,00 secs] 
89,682: [GC (Allocation Failure) [PSYoungGen: 56896K->128K(56320K)] 58912K->2144K(231424K), 0,0004919 secs] [Times: user=0,00 sys=0,00, real=0,00 secs] 
89,734: [GC (Allocation Failure) [PSYoungGen: 55936K->96K(55296K)] 57952K->2112K(230400K), 0,0005114 secs] [Times: user=0,00 sys=0,00, real=0,00 secs] 
89,787: [GC (Allocation Failure) [PSYoungGen: 54880K->32K(54272K)] 56896K->2048K(229376K), 0,0004972 secs] [Times: user=0,00 sys=0,00, real=0,00 secs] 
89,838: [GC (Allocation Failure) [PSYoungGen: 53792K->96K(53248K)] 55808K->2112K(228352K), 0,0004401 secs] [Times: user=0,00 sys=0,00, real=0,00 secs] 
89,887: [GC (Allocation Failure) [PSYoungGen: 52832K->96K(52224K)] 54848K->2112K(227328K), 0,0005424 secs] [Times: user=0,00 sys=0,00, real=0,00 secs] 
89,936: [GC (Allocation Failure) [PSYoungGen: 51808K->64K(51200K)] 53824K->2080K(226304K), 0,0004961 secs] [Times: user=0,00 sys=0,00, real=0,00 secs] 
89,983: [GC (Allocation Failure) [PSYoungGen: 50751K->64K(50176K)] 52767K->2080K(225280K), 0,0005018 secs] [Times: user=0,01 sys=0,00, real=0,00 secs] 
90,030: [GC (Allocation Failure) [PSYoungGen: 49728K->96K(49152K)] 51744K->2112K(224256K), 0,0004671 secs] [Times: user=0,00 sys=0,00, real=0,00 secs] 
90,075: [GC (Allocation Failure) [PSYoungGen: 48736K->96K(48128K)] 50752K->2112K(223232K), 0,0004217 secs] [Times: user=0,00 sys=0,00, real=0,00 secs] 
90,120: [GC (Allocation Failure) [PSYoungGen: 47712K->96K(47616K)] 49728K->2112K(222720K), 0,0004255 secs] [Times: user=0,00 sys=0,00, real=0,00 secs] 
90,164: [GC (Allocation Failure) [PSYoungGen: 47200K->96K(47104K)] 49216K->2112K(222208K), 0,0004358 secs] [Times: user=0,00 sys=0,00, real=0,00 secs] 
90,207: [GC (Allocation Failure) [PSYoungGen: 46688K->96K(46592K)] 48704K->2112K(221696K), 0,0004217 secs] [Times: user=0,00 sys=0,00, real=0,00 secs] 
90,250: [GC (Allocation Failure) [PSYoungGen: 46176K->96K(46080K)] 48192K->2112K(221184K), 0,0005077 secs] [Times: user=0,00 sys=0,00, real=0,00 secs] 
90,300: [GC (Allocation Failure) [PSYoungGen: 45664K->96K(45568K)] 47680K->2112K(220672K), 0,0005470 secs] [Times: user=0,00 sys=0,00, real=0,00 secs] 
90,343: [GC (Allocation Failure) [PSYoungGen: 45152K->96K(45056K)] 47168K->2136K(220160K), 0,0005333 secs] [Times: user=0,00 sys=0,00, real=0,00 secs] 
90,385: [GC (Allocation Failure) [PSYoungGen: 44640K->96K(44544K)] 46680K->2136K(219648K), 0,0004111 secs] [Times: user=0,00 sys=0,00, real=0,00 secs] 
90,429: [GC (Allocation Failure) [PSYoungGen: 44128K->96K(44032K)] 46168K->2136K(219136K), 0,0005426 secs] [Times: user=0,01 sys=0,00, real=0,00 secs] 
90,470: [GC (Allocation Failure) [PSYoungGen: 43616K->32K(52736K)] 45656K->2072K(227840K), 0,0005219 secs] [Times: user=0,00 sys=0,00, real=0,00 secs] 
90,519: [GC (Allocation Failure) [PSYoungGen: 52256K->96K(63488K)] 54296K->2136K(238592K), 0,0005208 secs] [Times: user=0,00 sys=0,00, real=0,00 secs] 
90,578: [GC (Allocation Failure) [PSYoungGen: 63072K->96K(76288K)] 65112K->2136K(251392K), 0,0007261 secs] [Times: user=0,01 sys=0,00, real=0,00 secs] 
90,649: [GC (Allocation Failure) [PSYoungGen: 75872K->96K(74752K)] 77912K->2136K(249856K), 0,0005095 secs] [Times: user=0,00 sys=0,00, real=0,00 secs] 
90,718: [GC (Allocation Failure) [PSYoungGen: 74336K->96K(73216K)] 76376K->2136K(248320K), 0,0005341 secs] [Times: user=0,00 sys=0,00, real=0,00 secs] 
90,786: [GC (Allocation Failure) [PSYoungGen: 72800K->96K(71680K)] 74840K->2136K(246784K), 0,0005382 secs] [Times: user=0,01 sys=0,00, real=0,00 secs] 
90,852: [GC (Allocation Failure) [PSYoungGen: 71264K->96K(70144K)] 73304K->2136K(245248K), 0,0005582 secs] [Times: user=0,00 sys=0,00, real=0,00 secs] 
90,923: [GC (Allocation Failure) [PSYoungGen: 69728K->96K(68608K)] 71768K->2136K(243712K), 0,0005456 secs] [Times: user=0,00 sys=0,00, real=0,00 secs] 
90,987: [GC (Allocation Failure) [PSYoungGen: 68192K->32K(67072K)] 70232K->2072K(242176K), 0,0006579 secs] [Times: user=0,00 sys=0,00, real=0,00 secs] 
91,052: [GC (Allocation Failure) [PSYoungGen: 66592K->96K(65536K)] 68632K->2136K(240640K), 0,0005549 secs] [Times: user=0,00 sys=0,00, real=0,00 secs] 
91,112: [GC (Allocation Failure) [PSYoungGen: 65120K->32K(64000K)] 67160K->2072K(239104K), 0,0004977 secs] [Times: user=0,00 sys=0,00, real=0,00 secs] 
91,172: [GC (Allocation Failure) [PSYoungGen: 63520K->96K(62464K)] 65560K->2136K(237568K), 0,0004911 secs] [Times: user=0,00 sys=0,00, real=0,00 secs] 
91,229: [GC (Allocation Failure) [PSYoungGen: 62048K->96K(61440K)] 64088K->2136K(236544K), 0,0005128 secs] [Times: user=0,00 sys=0,00, real=0,00 secs] 
91,286: [GC (Allocation Failure) [PSYoungGen: 61024K->96K(60416K)] 63064K->2136K(235520K), 0,0005210 secs] [Times: user=0,00 sys=0,00, real=0,00 secs] 
91,342: [GC (Allocation Failure) [PSYoungGen: 60000K->96K(59392K)] 62040K->2136K(234496K), 0,0005224 secs] [Times: user=0,00 sys=0,00, real=0,00 secs] 
91,397: [GC (Allocation Failure) [PSYoungGen: 58976K->96K(58368K)] 61016K->2136K(233472K), 0,0005086 secs] [Times: user=0,00 sys=0,00, real=0,00 secs] 
91,453: [GC (Allocation Failure) [PSYoungGen: 57952K->96K(57344K)] 59992K->2136K(232448K), 0,0005887 secs] [Times: user=0,01 sys=0,00, real=0,00 secs] 
91,507: [GC (Allocation Failure) [PSYoungGen: 56928K->96K(56320K)] 58968K->2136K(231424K), 0,0005190 secs] [Times: user=0,00 sys=0,00, real=0,00 secs] 
91,559: [GC (Allocation Failure) [PSYoungGen: 55904K->96K(55296K)] 57944K->2136K(230400K), 0,0005526 secs] [Times: user=0,00 sys=0,00, real=0,00 secs] 
91,610: [GC (Allocation Failure) [PSYoungGen: 54880K->96K(54272K)] 56920K->2136K(229376K), 0,0005066 secs] [Times: user=0,00 sys=0,00, real=0,00 secs] 
91,661: [GC (Allocation Failure) [PSYoungGen: 53856K->96K(53248K)] 55896K->2136K(228352K), 0,0005372 secs] [Times: user=0,00 sys=0,00, real=0,01 secs] 
91,710: [GC (Allocation Failure) [PSYoungGen: 52832K->96K(52224K)] 54872K->2136K(227328K), 0,0005095 secs] [Times: user=0,00 sys=0,00, real=0,00 secs] 
91,758: [GC (Allocation Failure) [PSYoungGen: 51808K->64K(51200K)] 53848K->2104K(226304K), 0,0005900 secs] [Times: user=0,00 sys=0,01, real=0,00 secs] 
91,806: [GC (Allocation Failure) [PSYoungGen: 50752K->64K(50176K)] 52792K->2104K(225280K), 0,0004985 secs] [Times: user=0,00 sys=0,00, real=0,00 secs] 
91,852: [GC (Allocation Failure) [PSYoungGen: 49728K->96K(49152K)] 51768K->2136K(224256K), 0,0005083 secs] [Times: user=0,00 sys=0,00, real=0,00 secs] 
91,898: [GC (Allocation Failure) [PSYoungGen: 48736K->96K(48128K)] 50776K->2136K(223232K), 0,0004182 secs] [Times: user=0,00 sys=0,00, real=0,00 secs] 
91,942: [GC (Allocation Failure) [PSYoungGen: 47712K->96K(47616K)] 49752K->2136K(222720K), 0,0004806 secs] [Times: user=0,00 sys=0,00, real=0,00 secs] 
91,987: [GC (Allocation Failure) [PSYoungGen: 47200K->96K(47104K)] 49240K->2136K(222208K), 0,0005305 secs] [Times: user=0,00 sys=0,00, real=0,00 secs] 
92,030: [GC (Allocation Failure) [PSYoungGen: 46688K->96K(46592K)] 48728K->2136K(221696K), 0,0004298 secs] [Times: user=0,00 sys=0,00, real=0,00 secs] 
92,073: [GC (Allocation Failure) [PSYoungGen: 46176K->64K(46080K)] 48216K->2104K(221184K), 0,0004255 secs] [Times: user=0,00 sys=0,00, real=0,00 secs] 
92,116: [GC (Allocation Failure) [PSYoungGen: 45632K->96K(45568K)] 47672K->2136K(220672K), 0,0004115 secs] [Times: user=0,00 sys=0,00, real=0,00 secs] 
92,158: [GC (Allocation Failure) [PSYoungGen: 45152K->96K(45056K)] 47192K->2136K(220160K), 0,0004220 secs] [Times: user=0,00 sys=0,00, real=0,00 secs] 
92,200: [GC (Allocation Failure) [PSYoungGen: 44640K->96K(44544K)] 46680K->2136K(219648K), 0,0004120 secs] [Times: user=0,00 sys=0,00, real=0,00 secs] 
92,241: [GC (Allocation Failure) [PSYoungGen: 44128K->96K(44032K)] 46168K->2136K(219136K), 0,0004326 secs] [Times: user=0,00 sys=0,00, real=0,01 secs] 
92,282: [GC (Allocation Failure) [PSYoungGen: 43616K->96K(43520K)] 45656K->2136K(218624K), 0,0004691 secs] [Times: user=0,00 sys=0,00, real=0,00 secs] 
92,322: [GC (Allocation Failure) [PSYoungGen: 43104K->96K(43008K)] 45144K->2136K(218112K), 0,0004408 secs] [Times: user=0,00 sys=0,00, real=0,00 secs] 
92,362: [GC (Allocation Failure) [PSYoungGen: 42592K->96K(42496K)] 44632K->2136K(217600K), 0,0004479 secs] [Times: user=0,00 sys=0,00, real=0,00 secs] 
92,401: [GC (Allocation Failure) [PSYoungGen: 42080K->96K(41984K)] 44120K->2136K(217088K), 0,0004133 secs] [Times: user=0,00 sys=0,00, real=0,01 secs] 
92,441: [GC (Allocation Failure) [PSYoungGen: 41568K->96K(50688K)] 43608K->2136K(225792K), 0,0005302 secs] [Times: user=0,00 sys=0,00, real=0,01 secs] 
92,489: [GC (Allocation Failure) [PSYoungGen: 50272K->96K(60928K)] 52312K->2136K(236032K), 0,0005520 secs] [Times: user=0,00 sys=0,00, real=0,00 secs] 
92,545: [GC (Allocation Failure) [PSYoungGen: 60512K->96K(59904K)] 62552K->2136K(235008K), 0,0005083 secs] [Times: user=0,00 sys=0,00, real=0,00 secs] 
92,601: [GC (Allocation Failure) [PSYoungGen: 59488K->96K(58880K)] 61528K->2136K(233984K), 0,0005103 secs] [Times: user=0,00 sys=0,00, real=0,01 secs] 
92,655: [GC (Allocation Failure) [PSYoungGen: 58464K->96K(57856K)] 60504K->2136K(232960K), 0,0005194 secs] [Times: user=0,01 sys=0,00, real=0,00 secs] 
92,709: [GC (Allocation Failure) [PSYoungGen: 57440K->96K(56832K)] 59480K->2136K(231936K), 0,0005115 secs] [Times: user=0,00 sys=0,00, real=0,00 secs] 
92,762: [GC (Allocation Failure) [PSYoungGen: 56416K->96K(55808K)] 58456K->2136K(230912K), 0,0005067 secs] [Times: user=0,00 sys=0,00, real=0,00 secs] 
92,814: [GC (Allocation Failure) [PSYoungGen: 55392K->96K(54784K)] 57432K->2136K(229888K), 0,0004956 secs] [Times: user=0,00 sys=0,00, real=0,00 secs] 
92,864: [GC (Allocation Failure) [PSYoungGen: 54368K->64K(53760K)] 56408K->2104K(228864K), 0,0005304 secs] [Times: user=0,01 sys=0,00, real=0,00 secs] 
92,914: [GC (Allocation Failure) [PSYoungGen: 53312K->96K(52736K)] 55352K->2136K(227840K), 0,0004949 secs] [Times: user=0,01 sys=0,00, real=0,00 secs] 
92,964: [GC (Allocation Failure) [PSYoungGen: 52320K->32K(51712K)] 54360K->2072K(226816K), 0,0005054 secs] [Times: user=0,00 sys=0,00, real=0,00 secs] 
93,012: [GC (Allocation Failure) [PSYoungGen: 51232K->96K(50688K)] 53272K->2136K(225792K), 0,0005512 secs] [Times: user=0,00 sys=0,00, real=0,00 secs] 
93,059: [GC (Allocation Failure) [PSYoungGen: 50272K->64K(49664K)] 52312K->2104K(224768K), 0,0004963 secs] [Times: user=0,00 sys=0,00, real=0,00 secs] 
93,105: [GC (Allocation Failure) [PSYoungGen: 49216K->64K(48640K)] 51256K->2104K(223744K), 0,0005369 secs] [Times: user=0,00 sys=0,00, real=0,00 secs] 
93,154: [GC (Allocation Failure) [PSYoungGen: 48192K->96K(58368K)] 50232K->2136K(233472K), 0,0007063 secs] [Times: user=0,00 sys=0,00, real=0,00 secs] 
93,225: [GC (Allocation Failure) [PSYoungGen: 57952K->96K(57344K)] 59992K->2136K(232448K), 0,0004991 secs] [Times: user=0,00 sys=0,00, real=0,00 secs] 
93,289: [GC (Allocation Failure) [PSYoungGen: 56928K->96K(56320K)] 58968K->2136K(231424K), 0,0005741 secs] [Times: user=0,00 sys=0,00, real=0,00 secs] 
93,358: [GC (Allocation Failure) [PSYoungGen: 55904K->64K(55296K)] 57944K->2104K(230400K), 0,0006308 secs] [Times: user=0,00 sys=0,00, real=0,00 secs] 
93,425: [GC (Allocation Failure) [PSYoungGen: 54848K->64K(54272K)] 56888K->2104K(229376K), 0,0007974 secs] [Times: user=0,00 sys=0,00, real=0,00 secs] 
93,492: [GC (Allocation Failure) [PSYoungGen: 53824K->64K(65024K)] 55864K->2104K(240128K), 0,0010335 secs] [Times: user=0,00 sys=0,00, real=0,00 secs] 
93,560: [GC (Allocation Failure) [PSYoungGen: 64576K->96K(63488K)] 66616K->2136K(238592K), 0,0005388 secs] [Times: user=0,00 sys=0,00, real=0,00 secs] 
93,619: [GC (Allocation Failure) [PSYoungGen: 63072K->96K(61952K)] 65112K->2136K(237056K), 0,0005335 secs] [Times: user=0,00 sys=0,00, real=0,00 secs] 
93,677: [GC (Allocation Failure) [PSYoungGen: 61536K->64K(60928K)] 63576K->2104K(236032K), 0,0004867 secs] [Times: user=0,00 sys=0,00, real=0,00 secs] 
93,733: [GC (Allocation Failure) [PSYoungGen: 60480K->32K(59904K)] 62520K->2072K(235008K), 0,0005047 secs] [Times: user=0,00 sys=0,00, real=0,00 secs] 
93,789: [GC (Allocation Failure) [PSYoungGen: 59424K->96K(58880K)] 61464K->2136K(233984K), 0,0004951 secs] [Times: user=0,00 sys=0,00, real=0,00 secs] 
93,843: [GC (Allocation Failure) [PSYoungGen: 58464K->96K(57856K)] 60504K->2136K(232960K), 0,0005268 secs] [Times: user=0,00 sys=0,00, real=0,00 secs] 
93,897: [GC (Allocation Failure) [PSYoungGen: 57440K->96K(56832K)] 59480K->2136K(231936K), 0,0004811 secs] [Times: user=0,00 sys=0,00, real=0,00 secs] 
93,950: [GC (Allocation Failure) [PSYoungGen: 56416K->64K(55808K)] 58456K->2104K(230912K), 0,0005056 secs] [Times: user=0,00 sys=0,00, real=0,00 secs] 
94,002: [GC (Allocation Failure) [PSYoungGen: 55360K->64K(54784K)] 57400K->2104K(229888K), 0,0005554 secs] [Times: user=0,00 sys=0,00, real=0,00 secs] 
94,053: [GC (Allocation Failure) [PSYoungGen: 54336K->32K(53760K)] 56376K->2072K(228864K), 0,0004715 secs] [Times: user=0,00 sys=0,00, real=0,00 secs] 
94,103: [GC (Allocation Failure) [PSYoungGen: 53280K->96K(52736K)] 55320K->2136K(227840K), 0,0005149 secs] [Times: user=0,00 sys=0,00, real=0,00 secs] 
94,151: [GC (Allocation Failure) [PSYoungGen: 52320K->32K(51712K)] 54360K->2072K(226816K), 0,0005086 secs] [Times: user=0,00 sys=0,00, real=0,00 secs] 
94,199: [GC (Allocation Failure) [PSYoungGen: 51232K->96K(50688K)] 53272K->2136K(225792K), 0,0005097 secs] [Times: user=0,00 sys=0,00, real=0,00 secs] 
94,246: [GC (Allocation Failure) [PSYoungGen: 50272K->64K(49664K)] 52312K->2104K(224768K), 0,0004971 secs] [Times: user=0,00 sys=0,00, real=0,00 secs] 
94,293: [GC (Allocation Failure) [PSYoungGen: 49216K->96K(48640K)] 51256K->2136K(223744K), 0,0005161 secs] [Times: user=0,00 sys=0,00, real=0,00 secs] 
94,338: [GC (Allocation Failure) [PSYoungGen: 48224K->96K(48128K)] 50264K->2136K(223232K), 0,0004379 secs] [Times: user=0,01 sys=0,00, real=0,00 secs] 
94,383: [GC (Allocation Failure) [PSYoungGen: 47712K->96K(47616K)] 49752K->2136K(222720K), 0,0004971 secs] [Times: user=0,00 sys=0,00, real=0,00 secs] 
94,441: [GC (Allocation Failure) [PSYoungGen: 47200K->96K(47104K)] 49240K->2136K(222208K), 0,0005517 secs] [Times: user=0,01 sys=0,00, real=0,01 secs] 
94,486: [GC (Allocation Failure) [PSYoungGen: 46688K->96K(46592K)] 48728K->2136K(221696K), 0,0005566 secs] [Times: user=0,00 sys=0,00, real=0,00 secs] 
94,529: [GC (Allocation Failure) [PSYoungGen: 46176K->96K(46080K)] 48216K->2136K(221184K), 0,0005307 secs] [Times: user=0,00 sys=0,00, real=0,00 secs] 
94,572: [GC (Allocation Failure) [PSYoungGen: 45664K->96K(55296K)] 47704K->2136K(230400K), 0,0005062 secs] [Times: user=0,00 sys=0,00, real=0,00 secs] 
94,623: [GC (Allocation Failure) [PSYoungGen: 54880K->32K(54272K)] 56920K->2072K(229376K), 0,0005063 secs] [Times: user=0,00 sys=0,00, real=0,00 secs] 
94,673: [GC (Allocation Failure) [PSYoungGen: 53792K->64K(53248K)] 55832K->2104K(228352K), 0,0005100 secs] [Times: user=0,00 sys=0,00, real=0,00 secs] 
94,723: [GC (Allocation Failure) [PSYoungGen: 52800K->96K(52224K)] 54840K->2136K(227328K), 0,0005172 secs] [Times: user=0,00 sys=0,00, real=0,00 secs] 
94,771: [GC (Allocation Failure) [PSYoungGen: 51808K->32K(51200K)] 53848K->2072K(226304K), 0,0005421 secs] [Times: user=0,00 sys=0,00, real=0,00 secs] 
94,818: [GC (Allocation Failure) [PSYoungGen: 50720K->96K(50176K)] 52760K->2136K(225280K), 0,0004592 secs] [Times: user=0,00 sys=0,00, real=0,00 secs] 
94,865: [GC (Allocation Failure) [PSYoungGen: 49760K->96K(49152K)] 51800K->2136K(224256K), 0,0004311 secs] [Times: user=0,00 sys=0,00, real=0,00 secs] 
94,910: [GC (Allocation Failure) [PSYoungGen: 48736K->96K(48128K)] 50776K->2136K(223232K), 0,0005080 secs] [Times: user=0,00 sys=0,00, real=0,00 secs] 
94,956: [GC (Allocation Failure) [PSYoungGen: 47712K->96K(47616K)] 49752K->2136K(222720K), 0,0005307 secs] [Times: user=0,00 sys=0,00, real=0,00 secs] 
95,000: [GC (Allocation Failure) [PSYoungGen: 47200K->96K(47104K)] 49240K->2136K(222208K), 0,0004352 secs] [Times: user=0,00 sys=0,00, real=0,00 secs] 
95,044: [GC (Allocation Failure) [PSYoungGen: 46688K->96K(46592K)] 48728K->2136K(221696K), 0,0005439 secs] [Times: user=0,00 sys=0,00, real=0,00 secs] 
95,089: [GC (Allocation Failure) [PSYoungGen: 46176K->96K(55808K)] 48216K->2136K(230912K), 0,0005526 secs] [Times: user=0,00 sys=0,00, real=0,00 secs] 
95,141: [GC (Allocation Failure) [PSYoungGen: 55392K->96K(54784K)] 57432K->2136K(229888K), 0,0004964 secs] [Times: user=0,00 sys=0,00, real=0,00 secs] 
95,192: [GC (Allocation Failure) [PSYoungGen: 54368K->64K(53760K)] 56408K->2104K(228864K), 0,0004855 secs] [Times: user=0,00 sys=0,00, real=0,00 secs] 
95,242: [GC (Allocation Failure) [PSYoungGen: 53312K->96K(52736K)] 55352K->2136K(227840K), 0,0004934 secs] [Times: user=0,00 sys=0,00, real=0,00 secs] 
95,290: [GC (Allocation Failure) [PSYoungGen: 52320K->32K(51712K)] 54360K->2072K(226816K), 0,0005142 secs] [Times: user=0,00 sys=0,00, real=0,00 secs] 
95,338: [GC (Allocation Failure) [PSYoungGen: 51232K->96K(50688K)] 53272K->2136K(225792K), 0,0004984 secs] [Times: user=0,00 sys=0,00, real=0,00 secs] 
95,385: [GC (Allocation Failure) [PSYoungGen: 50272K->96K(49664K)] 52312K->2136K(224768K), 0,0004264 secs] [Times: user=0,00 sys=0,00, real=0,00 secs] 
95,431: [GC (Allocation Failure) [PSYoungGen: 49248K->64K(48640K)] 51288K->2104K(223744K), 0,0005047 secs] [Times: user=0,00 sys=0,00, real=0,00 secs] 
95,478: [GC (Allocation Failure) [PSYoungGen: 48192K->64K(48128K)] 50232K->2104K(223232K), 0,0005646 secs] [Times: user=0,00 sys=0,00, real=0,00 secs] 
95,522: [GC (Allocation Failure) [PSYoungGen: 47680K->96K(47616K)] 49720K->2136K(222720K), 0,0004282 secs] [Times: user=0,00 sys=0,00, real=0,00 secs] 
95,567: [GC (Allocation Failure) [PSYoungGen: 47200K->96K(47104K)] 49240K->2136K(222208K), 0,0004910 secs] [Times: user=0,00 sys=0,00, real=0,00 secs] 
95,610: [GC (Allocation Failure) [PSYoungGen: 46688K->96K(46592K)] 48728K->2136K(221696K), 0,0004249 secs] [Times: user=0,00 sys=0,00, real=0,00 secs] 
95,653: [GC (Allocation Failure) [PSYoungGen: 46176K->96K(46080K)] 48216K->2136K(221184K), 0,0004098 secs] [Times: user=0,01 sys=0,00, real=0,00 secs] 
95,695: [GC (Allocation Failure) [PSYoungGen: 45664K->96K(45568K)] 47704K->2136K(220672K), 0,0004296 secs] [Times: user=0,00 sys=0,00, real=0,00 secs] 
95,738: [GC (Allocation Failure) [PSYoungGen: 45152K->96K(45056K)] 47192K->2136K(220160K), 0,0004180 secs] [Times: user=0,00 sys=0,01, real=0,00 secs] 
95,779: [GC (Allocation Failure) [PSYoungGen: 44640K->96K(44544K)] 46680K->2136K(219648K), 0,0004517 secs] [Times: user=0,00 sys=0,00, real=0,00 secs] 
95,820: [GC (Allocation Failure) [PSYoungGen: 44128K->96K(44032K)] 46168K->2136K(219136K), 0,0004535 secs] [Times: user=0,00 sys=0,00, real=0,00 secs] 
95,861: [GC (Allocation Failure) [PSYoungGen: 43615K->96K(43520K)] 45655K->2136K(218624K), 0,0003844 secs] [Times: user=0,00 sys=0,00, real=0,00 secs] 
95,902: [GC (Allocation Failure) [PSYoungGen: 43104K->96K(43008K)] 45144K->2136K(218112K), 0,0005278 secs] [Times: user=0,01 sys=0,00, real=0,00 secs] 
95,942: [GC (Allocation Failure) [PSYoungGen: 42592K->96K(51712K)] 44632K->2136K(226816K), 0,0005281 secs] [Times: user=0,00 sys=0,00, real=0,00 secs] 
95,989: [GC (Allocation Failure) [PSYoungGen: 51296K->96K(61952K)] 53336K->2136K(237056K), 0,0005032 secs] [Times: user=0,00 sys=0,00, real=0,00 secs] 
96,047: [GC (Allocation Failure) [PSYoungGen: 61536K->64K(60928K)] 63576K->2104K(236032K), 0,0004960 secs] [Times: user=0,00 sys=0,00, real=0,00 secs] 
96,103: [GC (Allocation Failure) [PSYoungGen: 60480K->96K(59904K)] 62520K->2136K(235008K), 0,0005124 secs] [Times: user=0,00 sys=0,00, real=0,00 secs] 
96,158: [GC (Allocation Failure) [PSYoungGen: 59488K->96K(58880K)] 61528K->2136K(233984K), 0,0005048 secs] [Times: user=0,00 sys=0,00, real=0,00 secs] 
96,213: [GC (Allocation Failure) [PSYoungGen: 58464K->96K(57856K)] 60504K->2136K(232960K), 0,0005177 secs] [Times: user=0,00 sys=0,00, real=0,00 secs] 
96,266: [GC (Allocation Failure) [PSYoungGen: 57440K->96K(56832K)] 59480K->2136K(231936K), 0,0004951 secs] [Times: user=0,00 sys=0,00, real=0,00 secs] 
96,319: [GC (Allocation Failure) [PSYoungGen: 56416K->96K(55808K)] 58456K->2136K(230912K), 0,0005149 secs] [Times: user=0,00 sys=0,00, real=0,00 secs] 
96,371: [GC (Allocation Failure) [PSYoungGen: 55392K->96K(54784K)] 57432K->2136K(229888K), 0,0004862 secs] [Times: user=0,00 sys=0,00, real=0,01 secs] 
96,421: [GC (Allocation Failure) [PSYoungGen: 54368K->64K(53760K)] 56408K->2104K(228864K), 0,0004911 secs] [Times: user=0,00 sys=0,00, real=0,00 secs] 
96,473: [GC (Allocation Failure) [PSYoungGen: 53312K->96K(52736K)] 55352K->2136K(227840K), 0,0005846 secs] [Times: user=0,00 sys=0,00, real=0,00 secs] 
96,521: [GC (Allocation Failure) [PSYoungGen: 52320K->96K(51712K)] 54360K->2136K(226816K), 0,0004876 secs] [Times: user=0,00 sys=0,00, real=0,00 secs] 
96,569: [GC (Allocation Failure) [PSYoungGen: 51296K->96K(50688K)] 53336K->2136K(225792K), 0,0005040 secs] [Times: user=0,00 sys=0,00, real=0,00 secs] 
96,616: [GC (Allocation Failure) [PSYoungGen: 50272K->96K(49664K)] 52312K->2136K(224768K), 0,0004872 secs] [Times: user=0,01 sys=0,00, real=0,00 secs] 
96,663: [GC (Allocation Failure) [PSYoungGen: 49248K->32K(48640K)] 51288K->2072K(223744K), 0,0005096 secs] [Times: user=0,00 sys=0,00, real=0,00 secs] 
96,708: [GC (Allocation Failure) [PSYoungGen: 48160K->64K(48128K)] 50200K->2104K(223232K), 0,0004951 secs] [Times: user=0,00 sys=0,00, real=0,00 secs] 
96,752: [GC (Allocation Failure) [PSYoungGen: 47680K->96K(47616K)] 49720K->2136K(222720K), 0,0004356 secs] [Times: user=0,00 sys=0,00, real=0,00 secs] 
96,796: [GC (Allocation Failure) [PSYoungGen: 47200K->96K(47104K)] 49240K->2136K(222208K), 0,0004247 secs] [Times: user=0,00 sys=0,00, real=0,00 secs] 
96,840: [GC (Allocation Failure) [PSYoungGen: 46688K->96K(46592K)] 48728K->2136K(221696K), 0,0005333 secs] [Times: user=0,00 sys=0,00, real=0,00 secs] 
96,883: [GC (Allocation Failure) [PSYoungGen: 46176K->96K(46080K)] 48216K->2136K(221184K), 0,0005102 secs] [Times: user=0,00 sys=0,00, real=0,00 secs] 
96,925: [GC (Allocation Failure) [PSYoungGen: 45664K->96K(45568K)] 47704K->2136K(220672K), 0,0004061 secs] [Times: user=0,00 sys=0,00, real=0,00 secs] 
96,967: [GC (Allocation Failure) [PSYoungGen: 45152K->96K(45056K)] 47192K->2136K(220160K), 0,0004487 secs] [Times: user=0,00 sys=0,00, real=0,00 secs] 
97,009: [GC (Allocation Failure) [PSYoungGen: 44640K->64K(44544K)] 46680K->2104K(219648K), 0,0004226 secs] [Times: user=0,00 sys=0,00, real=0,00 secs] 
97,050: [GC (Allocation Failure) [PSYoungGen: 44096K->96K(44032K)] 46136K->2136K(219136K), 0,0004139 secs] [Times: user=0,00 sys=0,00, real=0,00 secs] 
97,091: [GC (Allocation Failure) [PSYoungGen: 43616K->96K(43520K)] 45656K->2136K(218624K), 0,0004459 secs] [Times: user=0,00 sys=0,00, real=0,00 secs] 
97,131: [GC (Allocation Failure) [PSYoungGen: 43104K->64K(43008K)] 45144K->2104K(218112K), 0,0003779 secs] [Times: user=0,00 sys=0,00, real=0,00 secs] 
97,171: [GC (Allocation Failure) [PSYoungGen: 42560K->96K(42496K)] 44600K->2136K(217600K), 0,0004220 secs] [Times: user=0,00 sys=0,00, real=0,01 secs] 
97,210: [GC (Allocation Failure) [PSYoungGen: 42080K->96K(41984K)] 44120K->2136K(217088K), 0,0003913 secs] [Times: user=0,00 sys=0,00, real=0,00 secs] 
97,249: [GC (Allocation Failure) [PSYoungGen: 41568K->96K(41472K)] 43608K->2136K(216576K), 0,0004073 secs] [Times: user=0,00 sys=0,00, real=0,00 secs] 
97,287: [GC (Allocation Failure) [PSYoungGen: 41056K->64K(40960K)] 43096K->2104K(216064K), 0,0004769 secs] [Times: user=0,00 sys=0,00, real=0,00 secs] 
97,324: [GC (Allocation Failure) [PSYoungGen: 40512K->96K(49152K)] 42552K->2136K(224256K), 0,0004360 secs] [Times: user=0,00 sys=0,00, real=0,00 secs] 
97,368: [GC (Allocation Failure) [PSYoungGen: 48736K->96K(48128K)] 50776K->2136K(223232K), 0,0004112 secs] [Times: user=0,00 sys=0,00, real=0,00 secs] 
97,412: [GC (Allocation Failure) [PSYoungGen: 47712K->64K(47616K)] 49752K->2104K(222720K), 0,0004972 secs] [Times: user=0,01 sys=0,00, real=0,00 secs] 
97,457: [GC (Allocation Failure) [PSYoungGen: 47168K->96K(47104K)] 49208K->2136K(222208K), 0,0005301 secs] [Times: user=0,00 sys=0,00, real=0,00 secs] 
97,500: [GC (Allocation Failure) [PSYoungGen: 46688K->96K(56832K)] 48728K->2136K(231936K), 0,0005092 secs] [Times: user=0,00 sys=0,00, real=0,00 secs] 
97,552: [GC (Allocation Failure) [PSYoungGen: 56416K->96K(55808K)] 58456K->2136K(230912K), 0,0004978 secs] [Times: user=0,00 sys=0,00, real=0,00 secs] 
97,604: [GC (Allocation Failure) [PSYoungGen: 55392K->96K(54784K)] 57432K->2136K(229888K), 0,0005436 secs] [Times: user=0,00 sys=0,00, real=0,00 secs] 
97,653: [GC (Allocation Failure) [PSYoungGen: 54368K->96K(53760K)] 56408K->2136K(228864K), 0,0004273 secs] [Times: user=0,00 sys=0,00, real=0,00 secs] 
97,702: [GC (Allocation Failure) [PSYoungGen: 53344K->96K(52736K)] 55384K->2136K(227840K), 0,0005184 secs] [Times: user=0,00 sys=0,00, real=0,00 secs] 
97,749: [GC (Allocation Failure) [PSYoungGen: 52320K->96K(51712K)] 54360K->2136K(226816K), 0,0004840 secs] [Times: user=0,00 sys=0,00, real=0,00 secs] 
97,796: [GC (Allocation Failure) [PSYoungGen: 51296K->64K(50688K)] 53336K->2104K(225792K), 0,0004760 secs] [Times: user=0,00 sys=0,00, real=0,00 secs] 
97,842: [GC (Allocation Failure) [PSYoungGen: 50240K->96K(49664K)] 52280K->2136K(224768K), 0,0003995 secs] [Times: user=0,00 sys=0,00, real=0,00 secs] 
97,887: [GC (Allocation Failure) [PSYoungGen: 49248K->96K(48640K)] 51288K->2136K(223744K), 0,0004998 secs] [Times: user=0,00 sys=0,00, real=0,00 secs] 
97,931: [GC (Allocation Failure) [PSYoungGen: 48224K->96K(48128K)] 50264K->2136K(223232K), 0,0004866 secs] [Times: user=0,00 sys=0,00, real=0,01 secs] 
97,974: [GC (Allocation Failure) [PSYoungGen: 47712K->32K(47616K)] 49752K->2072K(222720K), 0,0004835 secs] [Times: user=0,00 sys=0,00, real=0,00 secs] 
98,017: [GC (Allocation Failure) [PSYoungGen: 47136K->96K(47104K)] 49176K->2136K(222208K), 0,0004879 secs] [Times: user=0,00 sys=0,00, real=0,00 secs] 
98,059: [GC (Allocation Failure) [PSYoungGen: 46688K->96K(46592K)] 48728K->2136K(221696K), 0,0004028 secs] [Times: user=0,00 sys=0,00, real=0,00 secs] 
98,101: [GC (Allocation Failure) [PSYoungGen: 46176K->96K(46080K)] 48216K->2136K(221184K), 0,0004150 secs] [Times: user=0,00 sys=0,00, real=0,00 secs] 
98,144: [GC (Allocation Failure) [PSYoungGen: 45664K->96K(45568K)] 47704K->2136K(220672K), 0,0005549 secs] [Times: user=0,00 sys=0,00, real=0,00 secs] 
98,185: [GC (Allocation Failure) [PSYoungGen: 45152K->32K(54784K)] 47192K->2072K(229888K), 0,0009195 secs] [Times: user=0,00 sys=0,00, real=0,00 secs] 
98,235: [GC (Allocation Failure) [PSYoungGen: 54304K->96K(66048K)] 56344K->2136K(241152K), 0,0005063 secs] [Times: user=0,00 sys=0,00, real=0,00 secs] 
98,295: [GC (Allocation Failure) [PSYoungGen: 65632K->32K(79360K)] 67672K->2072K(254464K), 0,0005423 secs] [Times: user=0,00 sys=0,00, real=0,00 secs] 
98,366: [GC (Allocation Failure) [PSYoungGen: 78880K->96K(77312K)] 80920K->2136K(252416K), 0,0005474 secs] [Times: user=0,00 sys=0,00, real=0,00 secs] 
98,436: [GC (Allocation Failure) [PSYoungGen: 76896K->64K(75264K)] 78936K->2104K(250368K), 0,0005451 secs] [Times: user=0,01 sys=0,00, real=0,00 secs] 
98,505: [GC (Allocation Failure) [PSYoungGen: 74816K->96K(73728K)] 76856K->2136K(248832K), 0,0005507 secs] [Times: user=0,00 sys=0,00, real=0,00 secs] 
98,572: [GC (Allocation Failure) [PSYoungGen: 73312K->96K(72192K)] 75352K->2136K(247296K), 0,0005396 secs] [Times: user=0,00 sys=0,00, real=0,00 secs] 
98,637: [GC (Allocation Failure) [PSYoungGen: 71776K->64K(70656K)] 73816K->2104K(245760K), 0,0004982 secs] [Times: user=0,00 sys=0,00, real=0,00 secs] 
98,701: [GC (Allocation Failure) [PSYoungGen: 70208K->64K(69120K)] 72248K->2104K(244224K), 0,0004998 secs] [Times: user=0,00 sys=0,00, real=0,01 secs] 
98,763: [GC (Allocation Failure) [PSYoungGen: 68672K->64K(67584K)] 70712K->2104K(242688K), 0,0005185 secs] [Times: user=0,00 sys=0,00, real=0,00 secs] 
98,824: [GC (Allocation Failure) [PSYoungGen: 67136K->32K(66048K)] 69176K->2072K(241152K), 0,0004923 secs] [Times: user=0,01 sys=0,00, real=0,00 secs] 
98,885: [GC (Allocation Failure) [PSYoungGen: 65568K->96K(64512K)] 67608K->2136K(239616K), 0,0005244 secs] [Times: user=0,00 sys=0,00, real=0,00 secs] 
98,944: [GC (Allocation Failure) [PSYoungGen: 64096K->96K(62976K)] 66136K->2136K(238080K), 0,0005139 secs] [Times: user=0,00 sys=0,00, real=0,00 secs] 
99,002: [GC (Allocation Failure) [PSYoungGen: 62560K->96K(61952K)] 64600K->2136K(237056K), 0,0005527 secs] [Times: user=0,00 sys=0,00, real=0,00 secs] 
99,058: [GC (Allocation Failure) [PSYoungGen: 61536K->96K(60928K)] 63576K->2136K(236032K), 0,0004768 secs] [Times: user=0,00 sys=0,00, real=0,00 secs] 
99,113: [GC (Allocation Failure) [PSYoungGen: 60512K->96K(59904K)] 62552K->2136K(235008K), 0,0004864 secs] [Times: user=0,01 sys=0,00, real=0,00 secs] 
99,167: [GC (Allocation Failure) [PSYoungGen: 59488K->96K(58880K)] 61528K->2136K(233984K), 0,0005104 secs] [Times: user=0,00 sys=0,00, real=0,00 secs] 
99,220: [GC (Allocation Failure) [PSYoungGen: 58464K->96K(57856K)] 60504K->2136K(232960K), 0,0005096 secs] [Times: user=0,00 sys=0,00, real=0,00 secs] 
99,271: [GC (Allocation Failure) [PSYoungGen: 57440K->96K(56832K)] 59480K->2136K(231936K), 0,0005461 secs] [Times: user=0,01 sys=0,00, real=0,00 secs] 
99,322: [GC (Allocation Failure) [PSYoungGen: 56416K->64K(55808K)] 58456K->2104K(230912K), 0,0004712 secs] [Times: user=0,00 sys=0,00, real=0,00 secs] 
99,374: [GC (Allocation Failure) [PSYoungGen: 55360K->64K(54784K)] 57400K->2104K(229888K), 0,0005108 secs] [Times: user=0,00 sys=0,00, real=0,00 secs] 
99,423: [GC (Allocation Failure) [PSYoungGen: 54336K->32K(53760K)] 56376K->2072K(228864K), 0,0004778 secs] [Times: user=0,00 sys=0,00, real=0,00 secs] 
99,473: [GC (Allocation Failure) [PSYoungGen: 53280K->96K(52736K)] 55320K->2136K(227840K), 0,0005441 secs] [Times: user=0,00 sys=0,00, real=0,00 secs] 
99,521: [GC (Allocation Failure) [PSYoungGen: 52320K->32K(51712K)] 54360K->2072K(226816K), 0,0005429 secs] [Times: user=0,00 sys=0,00, real=0,00 secs] 
99,569: [GC (Allocation Failure) [PSYoungGen: 51232K->96K(50688K)] 53272K->2136K(225792K), 0,0004968 secs] [Times: user=0,00 sys=0,00, real=0,00 secs] 
99,614: [GC (Allocation Failure) [PSYoungGen: 50272K->96K(49664K)] 52312K->2136K(224768K), 0,0005500 secs] [Times: user=0,00 sys=0,00, real=0,00 secs] 
99,660: [GC (Allocation Failure) [PSYoungGen: 49248K->64K(48640K)] 51288K->2104K(223744K), 0,0004883 secs] [Times: user=0,00 sys=0,00, real=0,00 secs] 
99,703: [GC (Allocation Failure) [PSYoungGen: 48192K->96K(48128K)] 50232K->2136K(223232K), 0,0004041 secs] [Times: user=0,00 sys=0,00, real=0,00 secs] 
99,746: [GC (Allocation Failure) [PSYoungGen: 47712K->32K(47616K)] 49752K->2072K(222720K), 0,0004781 secs] [Times: user=0,00 sys=0,00, real=0,00 secs] 
99,789: [GC (Allocation Failure) [PSYoungGen: 47136K->96K(47104K)] 49176K->2136K(222208K), 0,0004913 secs] [Times: user=0,00 sys=0,00, real=0,00 secs] 
99,831: [GC (Allocation Failure) [PSYoungGen: 46688K->96K(46592K)] 48728K->2136K(221696K), 0,0004018 secs] [Times: user=0,00 sys=0,00, real=0,00 secs] 
99,873: [GC (Allocation Failure) [PSYoungGen: 46176K->96K(46080K)] 48216K->2136K(221184K), 0,0004388 secs] [Times: user=0,00 sys=0,00, real=0,00 secs] 
99,915: [GC (Allocation Failure) [PSYoungGen: 45664K->96K(55296K)] 47704K->2136K(230400K), 0,0006100 secs] [Times: user=0,00 sys=0,00, real=0,00 secs] 
99,965: [GC (Allocation Failure) [PSYoungGen: 54880K->96K(66560K)] 56920K->2136K(241664K), 0,0005084 secs] [Times: user=0,00 sys=0,00, real=0,00 secs] 
100,027: [GC (Allocation Failure) [PSYoungGen: 66144K->96K(65024K)] 68184K->2136K(240128K), 0,0005228 secs] [Times: user=0,01 sys=0,00, real=0,00 secs] 
100,085: [GC (Allocation Failure) [PSYoungGen: 64608K->96K(63488K)] 66648K->2136K(238592K), 0,0005056 secs] [Times: user=0,00 sys=0,00, real=0,00 secs] 
100,142: [GC (Allocation Failure) [PSYoungGen: 63072K->32K(61952K)] 65112K->2072K(237056K), 0,0004949 secs] [Times: user=0,00 sys=0,00, real=0,00 secs] 
100,198: [GC (Allocation Failure) [PSYoungGen: 61472K->96K(60928K)] 63512K->2136K(236032K), 0,0004969 secs] [Times: user=0,00 sys=0,00, real=0,00 secs] 
100,253: [GC (Allocation Failure) [PSYoungGen: 60512K->96K(59904K)] 62552K->2136K(235008K), 0,0005395 secs] [Times: user=0,00 sys=0,00, real=0,00 secs] 
Heap
 PSYoungGen      total 59904K, used 25381K [0x000000076ab00000, 0x0000000788700000, 0x00000007c0000000)
  eden space 59392K, 42% used [0x000000076ab00000,0x000000076c3b14a0,0x000000076e500000)
  from space 512K, 18% used [0x0000000788600000,0x0000000788618000,0x0000000788680000)
  to   space 512K, 0% used [0x0000000788680000,0x0000000788680000,0x0000000788700000)
 ParOldGen       total 175104K, used 2040K [0x00000006c0000000, 0x00000006cab00000, 0x000000076ab00000)
  object space 175104K, 1% used [0x00000006c0000000,0x00000006c01fe000,0x00000006cab00000)
 Metaspace       used 11278K, capacity 11514K, committed 11776K, reserved 1060864K
  class space    used 1112K, capacity 1203K, committed 1280K, reserved 1048576K
