OpenJDK 64-Bit Server VM (25.202-b05) for bsd-amd64 JRE (Zulu 8.36.0.1-CA-macosx) (1.8.0_202-b05), built on Jan 29 2019 06:07:09 by "zulu_re" with gcc 4.2.1 (Based on Apple Inc. build 5658) (LLVM build 2336.11.00)
Memory: 4k page, physical 16777216k(741696k free)

/proc/meminfo:

CommandLine flags: -XX:InitialHeapSize=268435456 -XX:MaxHeapSize=4294967296 -XX:+PrintGC -XX:+PrintGCDetails -XX:+PrintGCTimeStamps -XX:+UseCompressedClassPointers -XX:+UseCompressedOops -XX:+UseParallelGC 
Heap
 PSYoungGen      total 76288K, used 35677K [0x000000076ab00000, 0x0000000770000000, 0x00000007c0000000)
  eden space 65536K, 54% used [0x000000076ab00000,0x000000076cdd7660,0x000000076eb00000)
  from space 10752K, 0% used [0x000000076f580000,0x000000076f580000,0x0000000770000000)
  to   space 10752K, 0% used [0x000000076eb00000,0x000000076eb00000,0x000000076f580000)
 ParOldGen       total 175104K, used 0K [0x00000006c0000000, 0x00000006cab00000, 0x000000076ab00000)
  object space 175104K, 0% used [0x00000006c0000000,0x00000006c0000000,0x00000006cab00000)
 Metaspace       used 7659K, capacity 8005K, committed 8192K, reserved 1056768K
  class space    used 852K, capacity 948K, committed 1024K, reserved 1048576K
942: [GC (Allocation Failure) [PSYoungGen: 132704K->1664K(141824K)] 132728K->1696K(316928K), 0.0017004 secs] [Times: user=0.01 sys=0.00, real=0.01 secs] 
1.039: [GC (Allocation Failure) [PSYoungGen: 132736K->1632K(265728K)] 132768K->1664K(440832K), 0.0016442 secs] [Times: user=0.00 sys=0.00, real=0.00 secs] 
1.284: [GC (Allocation Failure) [PSYoungGen: 263776K->128K(266240K)] 263808K->1739K(441344K), 0.0018607 secs] [Times: user=0.01 sys=0.00, real=0.00 secs] 
1.473: [GC (Allocation Failure) [PSYoungGen: 262272K->96K(528896K)] 263883K->1723K(704000K), 0.0005187 secs] [Times: user=0.00 sys=0.00, real=0.00 secs] 
1.961: [GC (Allocation Failure) [PSYoungGen: 524384K->96K(501760K)] 526011K->1723K(676864K), 0.0005294 secs] [Times: user=0.01 sys=0.00, real=0.00 secs] 
2.322: [GC (Allocation Failure) [PSYoungGen: 501344K->96K(479744K)] 502971K->1739K(654848K), 0.0005440 secs] [Times: user=0.00 sys=0.00, real=0.00 secs] 
2.663: [GC (Allocation Failure) [PSYoungGen: 479328K->96K(462848K)] 480971K->1747K(637952K), 0.0005020 secs] [Times: user=0.00 sys=0.00, real=0.00 secs] 
2.986: [GC (Allocation Failure) [PSYoungGen: 458336K->96K(438784K)] 459987K->1747K(613888K), 0.0006105 secs] [Times: user=0.00 sys=0.00, real=0.00 secs] 
3.296: [GC (Allocation Failure) [PSYoungGen: 438368K->32K(423424K)] 440019K->1691K(598528K), 0.0005345 secs] [Times: user=0.00 sys=0.00, real=0.00 secs] 
3.596: [GC (Allocation Failure) [PSYoungGen: 419360K->32K(401920K)] 421019K->1691K(577024K), 0.0006491 secs] [Times: user=0.00 sys=0.00, real=0.00 secs] 
3.880: [GC (Allocation Failure) [PSYoungGen: 401440K->64K(388608K)] 403099K->1723K(563712K), 0.0005076 secs] [Times: user=0.00 sys=0.00, real=0.00 secs] 
4.155: [GC (Allocation Failure) [PSYoungGen: 384576K->96K(368640K)] 386235K->1755K(543744K), 0.0006257 secs] [Times: user=0.00 sys=0.00, real=0.00 secs] 
4.414: [GC (Allocation Failure) [PSYoungGen: 368224K->96K(356352K)] 369883K->1755K(531456K), 0.0005043 secs] [Times: user=0.00 sys=0.00, real=0.00 secs] 
4.665: [GC (Allocation Failure) [PSYoungGen: 352864K->96K(338432K)] 354523K->1755K(513536K), 0.0006143 secs] [Times: user=0.00 sys=0.00, real=0.00 secs] 
4.904: [GC (Allocation Failure) [PSYoungGen: 338016K->96K(327680K)] 339675K->1755K(502784K), 0.0004990 secs] [Times: user=0.00 sys=0.00, real=0.00 secs] 
5.132: [GC (Allocation Failure) [PSYoungGen: 324192K->32K(311296K)] 325851K->1699K(486400K), 0.0006006 secs] [Times: user=0.01 sys=0.00, real=0.00 secs] 
5.353: [GC (Allocation Failure) [PSYoungGen: 310816K->96K(301056K)] 312483K->1763K(476160K), 0.0004995 secs] [Times: user=0.00 sys=0.00, real=0.00 secs] 
5.566: [GC (Allocation Failure) [PSYoungGen: 298080K->96K(286720K)] 299747K->1763K(461824K), 0.0005842 secs] [Times: user=0.00 sys=0.00, real=0.00 secs] 
5.770: [GC (Allocation Failure) [PSYoungGen: 286304K->96K(277504K)] 287971K->1763K(452608K), 0.0005234 secs] [Times: user=0.00 sys=0.00, real=0.00 secs] 
5.964: [GC (Allocation Failure) [PSYoungGen: 275040K->96K(264704K)] 276707K->1763K(439808K), 0.0005672 secs] [Times: user=0.00 sys=0.00, real=0.00 secs] 
6.152: [GC (Allocation Failure) [PSYoungGen: 264287K->96K(256512K)] 265955K->1763K(431616K), 0.0004836 secs] [Times: user=0.01 sys=0.00, real=0.00 secs] 
6.332: [GC (Allocation Failure) [PSYoungGen: 254048K->96K(244736K)] 255715K->1763K(419840K), 0.0005766 secs] [Times: user=0.01 sys=0.00, real=0.01 secs] 
6.504: [GC (Allocation Failure) [PSYoungGen: 244320K->64K(237056K)] 245987K->1731K(412160K), 0.0005076 secs] [Times: user=0.00 sys=0.00, real=0.00 secs] 
6.673: [GC (Allocation Failure) [PSYoungGen: 235072K->64K(226816K)] 236739K->1731K(401920K), 0.0005413 secs] [Times: user=0.00 sys=0.00, real=0.00 secs] 
6.834: [GC (Allocation Failure) [PSYoungGen: 226368K->96K(219648K)] 228035K->1763K(394752K), 0.0004969 secs] [Times: user=0.00 sys=0.00, real=0.00 secs] 
6.988: [GC (Allocation Failure) [PSYoungGen: 217696K->64K(209920K)] 219363K->1739K(385024K), 0.0005625 secs] [Times: user=0.00 sys=0.00, real=0.00 secs] 
7.137: [GC (Allocation Failure) [PSYoungGen: 209472K->64K(203264K)] 211147K->1739K(378368K), 0.0005035 secs] [Times: user=0.00 sys=0.00, real=0.00 secs] 
7.279: [GC (Allocation Failure) [PSYoungGen: 201792K->64K(195072K)] 203467K->1739K(370176K), 0.0005503 secs] [Times: user=0.00 sys=0.00, real=0.00 secs] 
7.416: [GC (Allocation Failure) [PSYoungGen: 194624K->64K(188928K)] 196299K->1739K(364032K), 0.0005077 secs] [Times: user=0.00 sys=0.00, real=0.00 secs] 
7.552: [GC (Allocation Failure) [PSYoungGen: 187456K->96K(181248K)] 189131K->1771K(356352K), 0.0006757 secs] [Times: user=0.00 sys=0.00, real=0.00 secs] 
7.682: [GC (Allocation Failure) [PSYoungGen: 180832K->96K(176128K)] 182507K->1771K(351232K), 0.0004923 secs] [Times: user=0.00 sys=0.00, real=0.00 secs] 
7.807: [GC (Allocation Failure) [PSYoungGen: 174688K->96K(168960K)] 176363K->1771K(344064K), 0.0005404 secs] [Times: user=0.00 sys=0.00, real=0.00 secs] 
7.926: [GC (Allocation Failure) [PSYoungGen: 168544K->64K(163840K)] 170219K->1739K(338944K), 0.0005001 secs] [Times: user=0.00 sys=0.00, real=0.00 secs] 
8.041: [GC (Allocation Failure) [PSYoungGen: 162880K->96K(157696K)] 164555K->1771K(332800K), 0.0005486 secs] [Times: user=0.00 sys=0.00, real=0.00 secs] 
8.155: [GC (Allocation Failure) [PSYoungGen: 157280K->64K(153088K)] 158955K->1739K(328192K), 0.0004986 secs] [Times: user=0.00 sys=0.00, real=0.00 secs] 
8.266: [GC (Allocation Failure) [PSYoungGen: 152128K->96K(147456K)] 153803K->1771K(322560K), 0.0004760 secs] [Times: user=0.00 sys=0.00, real=0.00 secs] 
8.372: [GC (Allocation Failure) [PSYoungGen: 147040K->64K(143360K)] 148715K->1739K(318464K), 0.0005177 secs] [Times: user=0.00 sys=0.00, real=0.01 secs] 
8.472: [GC (Allocation Failure) [PSYoungGen: 142400K->96K(138240K)] 144075K->1771K(313344K), 0.0005284 secs] [Times: user=0.00 sys=0.00, real=0.00 secs] 
8.573: [GC (Allocation Failure) [PSYoungGen: 137824K->64K(134144K)] 139499K->1739K(309248K), 0.0005013 secs] [Times: user=0.00 sys=0.00, real=0.00 secs] 
8.667: [GC (Allocation Failure) [PSYoungGen: 133184K->64K(129536K)] 134859K->1739K(304640K), 0.0005341 secs] [Times: user=0.00 sys=0.00, real=0.00 secs] 
8.760: [GC (Allocation Failure) [PSYoungGen: 129088K->32K(125952K)] 130763K->1707K(301056K), 0.0005221 secs] [Times: user=0.00 sys=0.00, real=0.00 secs] 
8.848: [GC (Allocation Failure) [PSYoungGen: 124960K->96K(121344K)] 126635K->1771K(296448K), 0.0005238 secs] [Times: user=0.01 sys=0.00, real=0.00 secs] 
8.936: [GC (Allocation Failure) [PSYoungGen: 120928K->96K(117760K)] 122603K->1771K(292864K), 0.0005176 secs] [Times: user=0.00 sys=0.00, real=0.00 secs] 
9.021: [GC (Allocation Failure) [PSYoungGen: 117344K->64K(114176K)] 119019K->1739K(289280K), 0.0005142 secs] [Times: user=0.00 sys=0.00, real=0.00 secs] 
9.103: [GC (Allocation Failure) [PSYoungGen: 113728K->32K(110592K)] 115403K->1707K(285696K), 0.0005046 secs] [Times: user=0.00 sys=0.00, real=0.00 secs] 
9.180: [GC (Allocation Failure) [PSYoungGen: 110112K->64K(107520K)] 111787K->1739K(282624K), 0.0004938 secs] [Times: user=0.00 sys=0.00, real=0.00 secs] 
9.256: [GC (Allocation Failure) [PSYoungGen: 107072K->32K(104448K)] 108747K->1707K(279552K), 0.0005005 secs] [Times: user=0.01 sys=0.00, real=0.00 secs] 
9.336: [GC (Allocation Failure) [PSYoungGen: 103968K->96K(101376K)] 105643K->1771K(276480K), 0.0005313 secs] [Times: user=0.00 sys=0.00, real=0.00 secs] 
9.408: [GC (Allocation Failure) [PSYoungGen: 100960K->96K(98816K)] 102635K->1771K(273920K), 0.0005036 secs] [Times: user=0.00 sys=0.00, real=0.00 secs] 
9.481: [GC (Allocation Failure) [PSYoungGen: 98400K->96K(96256K)] 100075K->1771K(271360K), 0.0004591 secs] [Times: user=0.00 sys=0.01, real=0.00 secs] 
9.548: [GC (Allocation Failure) [PSYoungGen: 95840K->64K(93696K)] 97515K->1739K(268800K), 0.0004955 secs] [Times: user=0.00 sys=0.00, real=0.00 secs] 
9.616: [GC (Allocation Failure) [PSYoungGen: 93248K->96K(91136K)] 94923K->1771K(266240K), 0.0005203 secs] [Times: user=0.01 sys=0.00, real=0.00 secs] 
9.681: [GC (Allocation Failure) [PSYoungGen: 90720K->96K(88576K)] 92395K->1771K(263680K), 0.0005049 secs] [Times: user=0.00 sys=0.00, real=0.00 secs] 
9.743: [GC (Allocation Failure) [PSYoungGen: 88160K->64K(86528K)] 89835K->1739K(261632K), 0.0006878 secs] [Times: user=0.00 sys=0.00, real=0.00 secs] 
9.805: [GC (Allocation Failure) [PSYoungGen: 86080K->64K(84480K)] 87755K->1739K(259584K), 0.0005035 secs] [Times: user=0.01 sys=0.00, real=0.00 secs] 
9.865: [GC (Allocation Failure) [PSYoungGen: 84032K->96K(82432K)] 85707K->1771K(257536K), 0.0004881 secs] [Times: user=0.01 sys=0.00, real=0.00 secs] 
9.923: [GC (Allocation Failure) [PSYoungGen: 82016K->64K(80384K)] 83691K->1739K(255488K), 0.0004728 secs] [Times: user=0.00 sys=0.00, real=0.00 secs] 
9.980: [GC (Allocation Failure) [PSYoungGen: 79936K->96K(78336K)] 81611K->1771K(253440K), 0.0004746 secs] [Times: user=0.00 sys=0.00, real=0.00 secs] 
10.035: [GC (Allocation Failure) [PSYoungGen: 77920K->64K(76288K)] 79595K->1739K(251392K), 0.0004860 secs] [Times: user=0.00 sys=0.00, real=0.00 secs] 
10.091: [GC (Allocation Failure) [PSYoungGen: 75840K->64K(74752K)] 77515K->1739K(249856K), 0.0008555 secs] [Times: user=0.00 sys=0.00, real=0.00 secs] 
10.144: [GC (Allocation Failure) [PSYoungGen: 74304K->96K(73216K)] 75979K->1771K(248320K), 0.0005351 secs] [Times: user=0.00 sys=0.00, real=0.00 secs] 
10.200: [GC (Allocation Failure) [PSYoungGen: 72800K->64K(71680K)] 74475K->1739K(246784K), 0.0004838 secs] [Times: user=0.00 sys=0.00, real=0.00 secs] 
10.250: [GC (Allocation Failure) [PSYoungGen: 71232K->64K(70144K)] 72907K->1739K(245248K), 0.0004725 secs] [Times: user=0.00 sys=0.00, real=0.00 secs] 
10.308: [GC (Allocation Failure) [PSYoungGen: 69696K->160K(68608K)] 71371K->1835K(243712K), 0.0004511 secs] [Times: user=0.00 sys=0.00, real=0.00 secs] 
10.359: [GC (Allocation Failure) [PSYoungGen: 68256K->32K(67072K)] 69931K->1779K(242176K), 0.0005624 secs] [Times: user=0.00 sys=0.00, real=0.00 secs] 
10.406: [GC (Allocation Failure) [PSYoungGen: 66592K->96K(65536K)] 68339K->1843K(240640K), 0.0004693 secs] [Times: user=0.00 sys=0.00, real=0.00 secs] 
10.453: [GC (Allocation Failure) [PSYoungGen: 65120K->64K(64000K)] 66867K->1811K(239104K), 0.0004878 secs] [Times: user=0.00 sys=0.00, real=0.00 secs] 
10.498: [GC (Allocation Failure) [PSYoungGen: 63552K->64K(62464K)] 65299K->1811K(237568K), 0.0004902 secs] [Times: user=0.00 sys=0.00, real=0.00 secs] 
10.543: [GC (Allocation Failure) [PSYoungGen: 62016K->96K(61440K)] 63763K->1843K(236544K), 0.0004954 secs] [Times: user=0.00 sys=0.00, real=0.00 secs] 
10.587: [GC (Allocation Failure) [PSYoungGen: 61024K->96K(60416K)] 62771K->1843K(235520K), 0.0005036 secs] [Times: user=0.01 sys=0.00, real=0.00 secs] 
10.630: [GC (Allocation Failure) [PSYoungGen: 60000K->96K(59392K)] 61747K->1843K(234496K), 0.0004940 secs] [Times: user=0.00 sys=0.00, real=0.00 secs] 
10.672: [GC (Allocation Failure) [PSYoungGen: 58976K->96K(71168K)] 60723K->1843K(246272K), 0.0005421 secs] [Times: user=0.00 sys=0.00, real=0.00 secs] 
10.722: [GC (Allocation Failure) [PSYoungGen: 70752K->96K(69632K)] 72499K->1843K(244736K), 0.0004777 secs] [Times: user=0.00 sys=0.00, real=0.00 secs] 
10.781: [GC (Allocation Failure) [PSYoungGen: 69216K->64K(83456K)] 70963K->1811K(258560K), 0.0009824 secs] [Times: user=0.00 sys=0.00, real=0.01 secs] 
10.841: [GC (Allocation Failure) [PSYoungGen: 83008K->96K(100352K)] 84755K->1843K(275456K), 0.0022209 secs] [Times: user=0.00 sys=0.00, real=0.01 secs] 
10.914: [GC (Allocation Failure) [PSYoungGen: 99936K->96K(97792K)] 101683K->1843K(272896K), 0.0004999 secs] [Times: user=0.00 sys=0.00, real=0.00 secs] 
10.984: [GC (Allocation Failure) [PSYoungGen: 97376K->96K(95232K)] 99123K->1843K(270336K), 0.0005388 secs] [Times: user=0.00 sys=0.00, real=0.00 secs] 
11.052: [GC (Allocation Failure) [PSYoungGen: 94816K->96K(92672K)] 96563K->1843K(267776K), 0.0005083 secs] [Times: user=0.00 sys=0.00, real=0.00 secs] 
11.118: [GC (Allocation Failure) [PSYoungGen: 92256K->96K(90112K)] 94003K->1843K(265216K), 0.0005044 secs] [Times: user=0.00 sys=0.00, real=0.00 secs] 
11.181: [GC (Allocation Failure) [PSYoungGen: 89696K->64K(87552K)] 91443K->1811K(262656K), 0.0005030 secs] [Times: user=0.00 sys=0.00, real=0.01 secs] 
11.242: [GC (Allocation Failure) [PSYoungGen: 87104K->64K(85504K)] 88851K->1811K(260608K), 0.0004977 secs] [Times: user=0.00 sys=0.00, real=0.00 secs] 
11.302: [GC (Allocation Failure) [PSYoungGen: 85056K->96K(83456K)] 86803K->1843K(258560K), 0.0004994 secs] [Times: user=0.00 sys=0.00, real=0.00 secs] 
11.361: [GC (Allocation Failure) [PSYoungGen: 83040K->96K(81408K)] 84787K->1843K(256512K), 0.0004974 secs] [Times: user=0.00 sys=0.00, real=0.00 secs] 
11.418: [GC (Allocation Failure) [PSYoungGen: 80992K->64K(79360K)] 82739K->1811K(254464K), 0.0004880 secs] [Times: user=0.00 sys=0.00, real=0.00 secs] 
11.473: [GC (Allocation Failure) [PSYoungGen: 78912K->64K(77312K)] 80659K->1811K(252416K), 0.0004988 secs] [Times: user=0.01 sys=0.00, real=0.00 secs] 
11.527: [GC (Allocation Failure) [PSYoungGen: 76864K->32K(75264K)] 78611K->1779K(250368K), 0.0006291 secs] [Times: user=0.00 sys=0.00, real=0.00 secs] 
11.582: [GC (Allocation Failure) [PSYoungGen: 74784K->96K(73728K)] 76531K->1843K(248832K), 0.0005220 secs] [Times: user=0.01 sys=0.00, real=0.00 secs] 
11.634: [GC (Allocation Failure) [PSYoungGen: 73312K->64K(72192K)] 75059K->1811K(247296K), 0.0004900 secs] [Times: user=0.00 sys=0.00, real=0.00 secs] 
11.685: [GC (Allocation Failure) [PSYoungGen: 71744K->64K(70656K)] 73491K->1811K(245760K), 0.0004975 secs] [Times: user=0.00 sys=0.00, real=0.00 secs] 
11.734: [GC (Allocation Failure) [PSYoungGen: 70208K->96K(69120K)] 71955K->1843K(244224K), 0.0005001 secs] [Times: user=0.00 sys=0.01, real=0.00 secs] 
11.784: [GC (Allocation Failure) [PSYoungGen: 68704K->64K(67584K)] 70451K->1811K(242688K), 0.0005129 secs] [Times: user=0.00 sys=0.00, real=0.00 secs] 
11.832: [GC (Allocation Failure) [PSYoungGen: 67136K->32K(66048K)] 68883K->1779K(241152K), 0.0004957 secs] [Times: user=0.00 sys=0.00, real=0.00 secs] 
11.878: [GC (Allocation Failure) [PSYoungGen: 65568K->64K(64512K)] 67315K->1811K(239616K), 0.0004795 secs] [Times: user=0.00 sys=0.00, real=0.00 secs] 
11.923: [GC (Allocation Failure) [PSYoungGen: 64064K->64K(62976K)] 65811K->1811K(238080K), 0.0004538 secs] [Times: user=0.00 sys=0.00, real=0.00 secs] 
11.967: [GC (Allocation Failure) [PSYoungGen: 62528K->0K(61952K)] 64275K->1747K(237056K), 0.0004679 secs] [Times: user=0.00 sys=0.00, real=0.00 secs] 
12.011: [GC (Allocation Failure) [PSYoungGen: 61440K->64K(60928K)] 63187K->1811K(236032K), 0.0004735 secs] [Times: user=0.00 sys=0.00, real=0.00 secs] 
12.053: [GC (Allocation Failure) [PSYoungGen: 60480K->64K(59904K)] 62227K->1811K(235008K), 0.0004795 secs] [Times: user=0.00 sys=0.00, real=0.00 secs] 
12.097: [GC (Allocation Failure) [PSYoungGen: 59456K->64K(58880K)] 61203K->1811K(233984K), 0.0005039 secs] [Times: user=0.00 sys=0.00, real=0.00 secs] 
12.138: [GC (Allocation Failure) [PSYoungGen: 58432K->64K(57856K)] 60179K->1811K(232960K), 0.0004931 secs] [Times: user=0.01 sys=0.00, real=0.00 secs] 
12.179: [GC (Allocation Failure) [PSYoungGen: 57408K->64K(69632K)] 59155K->1811K(244736K), 0.0005000 secs] [Times: user=0.00 sys=0.00, real=0.00 secs] 
12.228: [GC (Allocation Failure) [PSYoungGen: 69184K->96K(68096K)] 70931K->1843K(243200K), 0.0004747 secs] [Times: user=0.00 sys=0.00, real=0.00 secs] 
12.277: [GC (Allocation Failure) [PSYoungGen: 67680K->64K(66560K)] 69427K->1811K(241664K), 0.0004943 secs] [Times: user=0.01 sys=0.00, real=0.00 secs] 
12.323: [GC (Allocation Failure) [PSYoungGen: 66112K->64K(65024K)] 67859K->1811K(240128K), 0.0004788 secs] [Times: user=0.00 sys=0.00, real=0.00 secs] 
12.368: [GC (Allocation Failure) [PSYoungGen: 64576K->64K(63488K)] 66323K->1811K(238592K), 0.0004899 secs] [Times: user=0.00 sys=0.00, real=0.00 secs] 
12.413: [GC (Allocation Failure) [PSYoungGen: 63040K->96K(61952K)] 64787K->1843K(237056K), 0.0004663 secs] [Times: user=0.00 sys=0.00, real=0.00 secs] 
12.456: [GC (Allocation Failure) [PSYoungGen: 61536K->96K(60928K)] 63283K->1843K(236032K), 0.0004685 secs] [Times: user=0.00 sys=0.00, real=0.00 secs] 
12.499: [GC (Allocation Failure) [PSYoungGen: 60512K->96K(59904K)] 62259K->1843K(235008K), 0.0004878 secs] [Times: user=0.00 sys=0.00, real=0.00 secs] 
12.541: [GC (Allocation Failure) [PSYoungGen: 59488K->96K(58880K)] 61235K->1843K(233984K), 0.0004758 secs] [Times: user=0.00 sys=0.00, real=0.00 secs] 
12.584: [GC (Allocation Failure) [PSYoungGen: 58464K->32K(70656K)] 60211K->1779K(245760K), 0.0005191 secs] [Times: user=0.01 sys=0.00, real=0.00 secs] 
12.634: [GC (Allocation Failure) [PSYoungGen: 70176K->96K(69120K)] 71923K->1843K(244224K), 0.0004916 secs] [Times: user=0.01 sys=0.00, real=0.00 secs] 
12.683: [GC (Allocation Failure) [PSYoungGen: 68704K->64K(67584K)] 70451K->1811K(242688K), 0.0004982 secs] [Times: user=0.01 sys=0.00, real=0.00 secs] 
12.730: [GC (Allocation Failure) [PSYoungGen: 67136K->96K(66048K)] 68883K->1843K(241152K), 0.0004655 secs] [Times: user=0.00 sys=0.00, real=0.00 secs] 
12.778: [GC (Allocation Failure) [PSYoungGen: 65632K->32K(64512K)] 67379K->1779K(239616K), 0.0004954 secs] [Times: user=0.00 sys=0.00, real=0.00 secs] 
12.824: [GC (Allocation Failure) [PSYoungGen: 64032K->64K(77312K)] 65779K->1811K(252416K), 0.0009601 secs] [Times: user=0.00 sys=0.00, real=0.00 secs] 
12.879: [GC (Allocation Failure) [PSYoungGen: 76864K->64K(92672K)] 78611K->1811K(267776K), 0.0004708 secs] [Times: user=0.00 sys=0.00, real=0.00 secs] 
12.951: [GC (Allocation Failure) [PSYoungGen: 92224K->96K(90112K)] 93971K->1843K(265216K), 0.0004988 secs] [Times: user=0.01 sys=0.00, real=0.00 secs] 
13.017: [GC (Allocation Failure) [PSYoungGen: 89696K->96K(87552K)] 91443K->1843K(262656K), 0.0005086 secs] [Times: user=0.00 sys=0.00, real=0.00 secs] 
13.084: [GC (Allocation Failure) [PSYoungGen: 87136K->96K(85504K)] 88883K->1843K(260608K), 0.0005876 secs] [Times: user=0.00 sys=0.00, real=0.00 secs] 
13.147: [GC (Allocation Failure) [PSYoungGen: 85088K->64K(83456K)] 86835K->1811K(258560K), 0.0007698 secs] [Times: user=0.00 sys=0.00, real=0.00 secs] 
13.213: [GC (Allocation Failure) [PSYoungGen: 83008K->96K(81408K)] 84755K->1843K(256512K), 0.0005014 secs] [Times: user=0.00 sys=0.00, real=0.00 secs] 
13.274: [GC (Allocation Failure) [PSYoungGen: 80992K->96K(79360K)] 82739K->1843K(254464K), 0.0005117 secs] [Times: user=0.00 sys=0.00, real=0.00 secs] 
13.334: [GC (Allocation Failure) [PSYoungGen: 78944K->96K(77312K)] 80691K->1843K(252416K), 0.0005365 secs] [Times: user=0.00 sys=0.00, real=0.00 secs] 
13.395: [GC (Allocation Failure) [PSYoungGen: 76896K->96K(75264K)] 78643K->1843K(250368K), 0.0007281 secs] [Times: user=0.00 sys=0.00, real=0.00 secs] 
13.457: [GC (Allocation Failure) [PSYoungGen: 74848K->96K(73728K)] 76595K->1843K(248832K), 0.0005207 secs] [Times: user=0.00 sys=0.00, real=0.00 secs] 
13.512: [GC (Allocation Failure) [PSYoungGen: 73312K->96K(72192K)] 75059K->1843K(247296K), 0.0005164 secs] [Times: user=0.00 sys=0.00, real=0.00 secs] 
13.565: [GC (Allocation Failure) [PSYoungGen: 71776K->96K(70656K)] 73523K->1843K(245760K), 0.0008677 secs] [Times: user=0.00 sys=0.00, real=0.00 secs] 
13.618: [GC (Allocation Failure) [PSYoungGen: 70240K->64K(69120K)] 71987K->1811K(244224K), 0.0005187 secs] [Times: user=0.00 sys=0.00, real=0.00 secs] 
13.667: [GC (Allocation Failure) [PSYoungGen: 68672K->96K(67584K)] 70419K->1843K(242688K), 0.0005105 secs] [Times: user=0.00 sys=0.00, real=0.00 secs] 
13.720: [GC (Allocation Failure) [PSYoungGen: 67168K->96K(66048K)] 68915K->1843K(241152K), 0.0004890 secs] [Times: user=0.00 sys=0.00, real=0.00 secs] 
13.772: [GC (Allocation Failure) [PSYoungGen: 65632K->64K(64512K)] 67379K->1811K(239616K), 0.0005694 secs] [Times: user=0.00 sys=0.00, real=0.00 secs] 
13.817: [GC (Allocation Failure) [PSYoungGen: 64064K->64K(62976K)] 65811K->1811K(238080K), 0.0005124 secs] [Times: user=0.00 sys=0.00, real=0.00 secs] 
13.862: [GC (Allocation Failure) [PSYoungGen: 62528K->96K(61952K)] 64275K->1843K(237056K), 0.0004795 secs] [Times: user=0.00 sys=0.00, real=0.00 secs] 
13.905: [GC (Allocation Failure) [PSYoungGen: 61536K->64K(60928K)] 63283K->1811K(236032K), 0.0004700 secs] [Times: user=0.00 sys=0.00, real=0.00 secs] 
13.948: [GC (Allocation Failure) [PSYoungGen: 60480K->96K(59904K)] 62227K->1843K(235008K), 0.0004939 secs] [Times: user=0.00 sys=0.00, real=0.00 secs] 
13.993: [GC (Allocation Failure) [PSYoungGen: 59488K->64K(58880K)] 61235K->1811K(233984K), 0.0005020 secs] [Times: user=0.00 sys=0.00, real=0.00 secs] 
14.035: [GC (Allocation Failure) [PSYoungGen: 58432K->32K(70656K)] 60179K->1779K(245760K), 0.0005117 secs] [Times: user=0.00 sys=0.00, real=0.00 secs] 
14.086: [GC (Allocation Failure) [PSYoungGen: 70176K->96K(69120K)] 71923K->1843K(244224K), 0.0004965 secs] [Times: user=0.00 sys=0.00, real=0.00 secs] 
14.135: [GC (Allocation Failure) [PSYoungGen: 68704K->32K(67584K)] 70451K->1779K(242688K), 0.0005297 secs] [Times: user=0.00 sys=0.00, real=0.00 secs] 
14.183: [GC (Allocation Failure) [PSYoungGen: 67104K->64K(66048K)] 68851K->1811K(241152K), 0.0004896 secs] [Times: user=0.00 sys=0.00, real=0.00 secs] 
14.229: [GC (Allocation Failure) [PSYoungGen: 65600K->32K(64512K)] 67347K->1779K(239616K), 0.0004736 secs] [Times: user=0.00 sys=0.00, real=0.00 secs] 
14.274: [GC (Allocation Failure) [PSYoungGen: 64032K->64K(62976K)] 65779K->1811K(238080K), 0.0004744 secs] [Times: user=0.00 sys=0.00, real=0.00 secs] 
14.319: [GC (Allocation Failure) [PSYoungGen: 62528K->32K(61952K)] 64275K->1779K(237056K), 0.0004987 secs] [Times: user=0.00 sys=0.00, real=0.00 secs] 
14.362: [GC (Allocation Failure) [PSYoungGen: 61472K->128K(60928K)] 63219K->1875K(236032K), 0.0004834 secs] [Times: user=0.00 sys=0.00, real=0.00 secs] 
14.405: [GC (Allocation Failure) [PSYoungGen: 60543K->96K(59904K)] 62291K->1843K(235008K), 0.0004808 secs] [Times: user=0.00 sys=0.00, real=0.00 secs] 
14.448: [GC (Allocation Failure) [PSYoungGen: 59488K->96K(72192K)] 61235K->1843K(247296K), 0.0004946 secs] [Times: user=0.00 sys=0.00, real=0.00 secs] 
14.499: [GC (Allocation Failure) [PSYoungGen: 71776K->64K(70656K)] 73523K->1811K(245760K), 0.0004967 secs] [Times: user=0.00 sys=0.00, real=0.00 secs] 
14.548: [GC (Allocation Failure) [PSYoungGen: 70208K->64K(69120K)] 71955K->1811K(244224K), 0.0004896 secs] [Times: user=0.00 sys=0.00, real=0.00 secs] 
14.599: [GC (Allocation Failure) [PSYoungGen: 68672K->96K(67584K)] 70419K->1843K(242688K), 0.0004990 secs] [Times: user=0.00 sys=0.00, real=0.00 secs] 
14.646: [GC (Allocation Failure) [PSYoungGen: 67168K->96K(66048K)] 68915K->1843K(241152K), 0.0004878 secs] [Times: user=0.00 sys=0.00, real=0.00 secs] 
14.693: [GC (Allocation Failure) [PSYoungGen: 65632K->64K(64512K)] 67379K->1811K(239616K), 0.0004818 secs] [Times: user=0.00 sys=0.00, real=0.00 secs] 
14.738: [GC (Allocation Failure) [PSYoungGen: 64064K->64K(62976K)] 65811K->1811K(238080K), 0.0004781 secs] [Times: user=0.00 sys=0.00, real=0.00 secs] 
14.783: [GC (Allocation Failure) [PSYoungGen: 62528K->96K(61952K)] 64275K->1843K(237056K), 0.0004920 secs] [Times: user=0.00 sys=0.00, real=0.00 secs] 
14.827: [GC (Allocation Failure) [PSYoungGen: 61536K->64K(60928K)] 63283K->1811K(236032K), 0.0004848 secs] [Times: user=0.00 sys=0.00, real=0.00 secs] 
14.870: [GC (Allocation Failure) [PSYoungGen: 60480K->96K(59904K)] 62227K->1843K(235008K), 0.0004758 secs] [Times: user=0.01 sys=0.00, real=0.00 secs] 
14.912: [GC (Allocation Failure) [PSYoungGen: 59488K->64K(58880K)] 61235K->1819K(233984K), 0.0004967 secs] [Times: user=0.00 sys=0.00, real=0.00 secs] 
14.953: [GC (Allocation Failure) [PSYoungGen: 58432K->32K(70656K)] 60187K->1787K(245760K), 0.0004733 secs] [Times: user=0.00 sys=0.00, real=0.00 secs] 
15.003: [GC (Allocation Failure) [PSYoungGen: 70176K->32K(69120K)] 71931K->1787K(244224K), 0.0004659 secs] [Times: user=0.00 sys=0.00, real=0.00 secs] 
15.051: [GC (Allocation Failure) [PSYoungGen: 68640K->64K(67584K)] 70395K->1819K(242688K), 0.0004767 secs] [Times: user=0.00 sys=0.00, real=0.00 secs] 
15.100: [GC (Allocation Failure) [PSYoungGen: 67136K->96K(66048K)] 68891K->1851K(241152K), 0.0004964 secs] [Times: user=0.00 sys=0.00, real=0.00 secs] 
15.146: [GC (Allocation Failure) [PSYoungGen: 65632K->64K(64512K)] 67387K->1819K(239616K), 0.0004850 secs] [Times: user=0.00 sys=0.00, real=0.00 secs] 
15.191: [GC (Allocation Failure) [PSYoungGen: 64064K->96K(62976K)] 65819K->1851K(238080K), 0.0004929 secs] [Times: user=0.00 sys=0.00, real=0.01 secs] 
15.235: [GC (Allocation Failure) [PSYoungGen: 62560K->64K(61952K)] 64315K->1819K(237056K), 0.0004806 secs] [Times: user=0.00 sys=0.00, real=0.00 secs] 
15.279: [GC (Allocation Failure) [PSYoungGen: 61504K->96K(60928K)] 63259K->1851K(236032K), 0.0004658 secs] [Times: user=0.00 sys=0.00, real=0.00 secs] 
15.323: [GC (Allocation Failure) [PSYoungGen: 60512K->32K(59904K)] 62267K->1787K(235008K), 0.0004908 secs] [Times: user=0.00 sys=0.00, real=0.00 secs] 
15.366: [GC (Allocation Failure) [PSYoungGen: 59424K->32K(58880K)] 61179K->1787K(233984K), 0.0005031 secs] [Times: user=0.01 sys=0.00, real=0.00 secs] 
15.409: [GC (Allocation Failure) [PSYoungGen: 58400K->32K(70656K)] 60155K->1787K(245760K), 0.0005128 secs] [Times: user=0.00 sys=0.00, real=0.00 secs] 
15.458: [GC (Allocation Failure) [PSYoungGen: 70176K->96K(69120K)] 71931K->1851K(244224K), 0.0004688 secs] [Times: user=0.00 sys=0.00, real=0.00 secs] 
15.506: [GC (Allocation Failure) [PSYoungGen: 68704K->96K(67584K)] 70459K->1851K(242688K), 0.0004757 secs] [Times: user=0.00 sys=0.00, real=0.00 secs] 
15.553: [GC (Allocation Failure) [PSYoungGen: 67168K->64K(66048K)] 68923K->1819K(241152K), 0.0004894 secs] [Times: user=0.00 sys=0.00, real=0.00 secs] 
15.602: [GC (Allocation Failure) [PSYoungGen: 65600K->64K(64512K)] 67355K->1819K(239616K), 0.0005036 secs] [Times: user=0.00 sys=0.00, real=0.01 secs] 
15.647: [GC (Allocation Failure) [PSYoungGen: 64064K->64K(62976K)] 65819K->1819K(238080K), 0.0005055 secs] [Times: user=0.00 sys=0.00, real=0.00 secs] 
15.691: [GC (Allocation Failure) [PSYoungGen: 62528K->64K(61952K)] 64283K->1819K(237056K), 0.0005025 secs] [Times: user=0.00 sys=0.00, real=0.01 secs] 
15.735: [GC (Allocation Failure) [PSYoungGen: 61504K->96K(60928K)] 63259K->1851K(236032K), 0.0004681 secs] [Times: user=0.00 sys=0.00, real=0.00 secs] 
15.779: [GC (Allocation Failure) [PSYoungGen: 60512K->96K(59904K)] 62267K->1851K(235008K), 0.0004918 secs] [Times: user=0.00 sys=0.00, real=0.00 secs] 
15.821: [GC (Allocation Failure) [PSYoungGen: 59488K->96K(58880K)] 61243K->1851K(233984K), 0.0004839 secs] [Times: user=0.00 sys=0.00, real=0.00 secs] 
15.862: [GC (Allocation Failure) [PSYoungGen: 58464K->32K(70656K)] 60219K->1787K(245760K), 0.0004813 secs] [Times: user=0.01 sys=0.00, real=0.00 secs] 
15.912: [GC (Allocation Failure) [PSYoungGen: 70176K->128K(69120K)] 71931K->1883K(244224K), 0.0004749 secs] [Times: user=0.01 sys=0.00, real=0.01 secs] 
15.960: [GC (Allocation Failure) [PSYoungGen: 68736K->64K(67584K)] 70491K->1819K(242688K), 0.0004610 secs] [Times: user=0.00 sys=0.00, real=0.00 secs] 
16.008: [GC (Allocation Failure) [PSYoungGen: 67136K->96K(66048K)] 68891K->1851K(241152K), 0.0004972 secs] [Times: user=0.00 sys=0.00, real=0.00 secs] 
16.054: [GC (Allocation Failure) [PSYoungGen: 65632K->32K(64512K)] 67387K->1787K(239616K), 0.0004754 secs] [Times: user=0.00 sys=0.00, real=0.00 secs] 
16.100: [GC (Allocation Failure) [PSYoungGen: 64032K->64K(62976K)] 65787K->1819K(238080K), 0.0006244 secs] [Times: user=0.01 sys=0.00, real=0.00 secs] 
16.145: [GC (Allocation Failure) [PSYoungGen: 62528K->64K(61952K)] 64283K->1819K(237056K), 0.0004804 secs] [Times: user=0.00 sys=0.00, real=0.00 secs] 
16.189: [GC (Allocation Failure) [PSYoungGen: 61504K->96K(60928K)] 63259K->1851K(236032K), 0.0004759 secs] [Times: user=0.01 sys=0.00, real=0.00 secs] 
16.231: [GC (Allocation Failure) [PSYoungGen: 60511K->64K(59904K)] 62267K->1819K(235008K), 0.0004749 secs] [Times: user=0.00 sys=0.00, real=0.01 secs] 
16.273: [GC (Allocation Failure) [PSYoungGen: 59456K->96K(72192K)] 61211K->1851K(247296K), 0.0004984 secs] [Times: user=0.00 sys=0.00, real=0.00 secs] 
16.324: [GC (Allocation Failure) [PSYoungGen: 71776K->96K(70656K)] 73531K->1851K(245760K), 0.0005235 secs] [Times: user=0.00 sys=0.00, real=0.00 secs] 
16.374: [GC (Allocation Failure) [PSYoungGen: 70240K->64K(69120K)] 71995K->1819K(244224K), 0.0004875 secs] [Times: user=0.00 sys=0.01, real=0.00 secs] 
16.422: [GC (Allocation Failure) [PSYoungGen: 68672K->64K(67584K)] 70427K->1819K(242688K), 0.0004734 secs] [Times: user=0.00 sys=0.00, real=0.00 secs] 
16.469: [GC (Allocation Failure) [PSYoungGen: 67136K->96K(66048K)] 68891K->1851K(241152K), 0.0004558 secs] [Times: user=0.00 sys=0.00, real=0.00 secs] 
16.515: [GC (Allocation Failure) [PSYoungGen: 65632K->32K(64512K)] 67387K->1787K(239616K), 0.0004900 secs] [Times: user=0.00 sys=0.00, real=0.00 secs] 
16.560: [GC (Allocation Failure) [PSYoungGen: 64032K->64K(62976K)] 65787K->1819K(238080K), 0.0004642 secs] [Times: user=0.00 sys=0.00, real=0.00 secs] 
16.606: [GC (Allocation Failure) [PSYoungGen: 62528K->64K(61952K)] 64283K->1819K(237056K), 0.0005041 secs] [Times: user=0.01 sys=0.00, real=0.00 secs] 
16.649: [GC (Allocation Failure) [PSYoungGen: 61504K->96K(60928K)] 63259K->1851K(236032K), 0.0005034 secs] [Times: user=0.00 sys=0.00, real=0.00 secs] 
16.692: [GC (Allocation Failure) [PSYoungGen: 60512K->96K(73216K)] 62267K->1851K(248320K), 0.0005103 secs] [Times: user=0.00 sys=0.00, real=0.00 secs] 
16.744: [GC (Allocation Failure) [PSYoungGen: 72800K->64K(71680K)] 74555K->1819K(246784K), 0.0004739 secs] [Times: user=0.00 sys=0.00, real=0.00 secs] 
16.795: [GC (Allocation Failure) [PSYoungGen: 71232K->96K(70144K)] 72987K->1851K(245248K), 0.0004980 secs] [Times: user=0.00 sys=0.00, real=0.00 secs] 
16.845: [GC (Allocation Failure) [PSYoungGen: 69728K->96K(68608K)] 71483K->1851K(243712K), 0.0004851 secs] [Times: user=0.01 sys=0.00, real=0.00 secs] 
16.893: [GC (Allocation Failure) [PSYoungGen: 68192K->96K(67072K)] 69947K->1851K(242176K), 0.0004929 secs] [Times: user=0.00 sys=0.00, real=0.00 secs] 
16.940: [GC (Allocation Failure) [PSYoungGen: 66656K->32K(65536K)] 68411K->1787K(240640K), 0.0004654 secs] [Times: user=0.00 sys=0.00, real=0.00 secs] 
16.986: [GC (Allocation Failure) [PSYoungGen: 65056K->128K(64000K)] 66811K->1883K(239104K), 0.0004788 secs] [Times: user=0.00 sys=0.00, real=0.00 secs] 
17.031: [GC (Allocation Failure) [PSYoungGen: 63616K->64K(62464K)] 65371K->1819K(237568K), 0.0004683 secs] [Times: user=0.00 sys=0.00, real=0.00 secs] 
17.075: [GC (Allocation Failure) [PSYoungGen: 62016K->96K(75264K)] 63771K->1851K(250368K), 0.0009748 secs] [Times: user=0.00 sys=0.00, real=0.00 secs] 
17.130: [GC (Allocation Failure) [PSYoungGen: 74848K->64K(90624K)] 76603K->1819K(265728K), 0.0005035 secs] [Times: user=0.00 sys=0.00, real=0.00 secs] 
17.195: [GC (Allocation Failure) [PSYoungGen: 90176K->96K(88064K)] 91931K->1851K(263168K), 0.0004857 secs] [Times: user=0.00 sys=0.00, real=0.00 secs] 
17.256: [GC (Allocation Failure) [PSYoungGen: 87648K->64K(86016K)] 89403K->1819K(261120K), 0.0004822 secs] [Times: user=0.00 sys=0.00, real=0.00 secs] 
17.316: [GC (Allocation Failure) [PSYoungGen: 85568K->96K(83968K)] 87323K->1851K(259072K), 0.0004971 secs] [Times: user=0.00 sys=0.00, real=0.00 secs] 
17.375: [GC (Allocation Failure) [PSYoungGen: 83552K->32K(81920K)] 85307K->1787K(257024K), 0.0004859 secs] [Times: user=0.00 sys=0.00, real=0.00 secs] 
17.434: [GC (Allocation Failure) [PSYoungGen: 81440K->96K(79872K)] 83195K->1851K(254976K), 0.0005160 secs] [Times: user=0.00 sys=0.00, real=0.00 secs] 
17.491: [GC (Allocation Failure) [PSYoungGen: 79456K->96K(77824K)] 81211K->1851K(252928K), 0.0005022 secs] [Times: user=0.00 sys=0.00, real=0.01 secs] 
17.548: [GC (Allocation Failure) [PSYoungGen: 77408K->64K(75776K)] 79163K->1819K(250880K), 0.0004983 secs] [Times: user=0.00 sys=0.00, real=0.00 secs] 
17.606: [GC (Allocation Failure) [PSYoungGen: 75328K->96K(74240K)] 77083K->1851K(249344K), 0.0009602 secs] [Times: user=0.00 sys=0.00, real=0.00 secs] 
17.669: [GC (Allocation Failure) [PSYoungGen: 73824K->64K(72704K)] 75579K->1819K(247808K), 0.0004984 secs] [Times: user=0.00 sys=0.00, real=0.00 secs] 
17.721: [GC (Allocation Failure) [PSYoungGen: 72256K->64K(71168K)] 74011K->1819K(246272K), 0.0005094 secs] [Times: user=0.01 sys=0.00, real=0.01 secs] 
17.777: [GC (Allocation Failure) [PSYoungGen: 70720K->96K(69632K)] 72475K->1851K(244736K), 0.0004958 secs] [Times: user=0.00 sys=0.00, real=0.00 secs] 
17.832: [GC (Allocation Failure) [PSYoungGen: 69216K->96K(68096K)] 70971K->1851K(243200K), 0.0004933 secs] [Times: user=0.01 sys=0.00, real=0.00 secs] 
17.885: [GC (Allocation Failure) [PSYoungGen: 67680K->96K(66560K)] 69435K->1851K(241664K), 0.0004877 secs] [Times: user=0.00 sys=0.00, real=0.00 secs] 
17.934: [GC (Allocation Failure) [PSYoungGen: 66144K->96K(65024K)] 67899K->1851K(240128K), 0.0005067 secs] [Times: user=0.00 sys=0.00, real=0.00 secs] 
17.982: [GC (Allocation Failure) [PSYoungGen: 64608K->64K(63488K)] 66363K->1819K(238592K), 0.0005714 secs] [Times: user=0.00 sys=0.00, real=0.00 secs] 
18.030: [GC (Allocation Failure) [PSYoungGen: 63040K->96K(61952K)] 64795K->1851K(237056K), 0.0004994 secs] [Times: user=0.00 sys=0.00, real=0.00 secs] 
18.075: [GC (Allocation Failure) [PSYoungGen: 61536K->96K(74240K)] 63291K->1851K(249344K), 0.0007045 secs] [Times: user=0.00 sys=0.00, real=0.00 secs] 
18.132: [GC (Allocation Failure) [PSYoungGen: 73824K->32K(72704K)] 75579K->1787K(247808K), 0.0004944 secs] [Times: user=0.00 sys=0.00, real=0.00 secs] 
18.184: [GC (Allocation Failure) [PSYoungGen: 72224K->96K(71168K)] 73979K->1851K(246272K), 0.0005040 secs] [Times: user=0.01 sys=0.00, real=0.00 secs] 
18.235: [GC (Allocation Failure) [PSYoungGen: 70752K->96K(69632K)] 72507K->1851K(244736K), 0.0004894 secs] [Times: user=0.00 sys=0.00, real=0.00 secs] 
18.286: [GC (Allocation Failure) [PSYoungGen: 69216K->64K(68096K)] 70971K->1819K(243200K), 0.0004961 secs] [Times: user=0.00 sys=0.00, real=0.00 secs] 
18.335: [GC (Allocation Failure) [PSYoungGen: 67648K->96K(66560K)] 69403K->1851K(241664K), 0.0005530 secs] [Times: user=0.00 sys=0.00, real=0.00 secs] 
18.383: [GC (Allocation Failure) [PSYoungGen: 66144K->64K(65024K)] 67899K->1819K(240128K), 0.0004846 secs] [Times: user=0.00 sys=0.00, real=0.00 secs] 
18.430: [GC (Allocation Failure) [PSYoungGen: 64576K->96K(63488K)] 66331K->1851K(238592K), 0.0005001 secs] [Times: user=0.00 sys=0.00, real=0.00 secs] 
18.476: [GC (Allocation Failure) [PSYoungGen: 63072K->96K(61952K)] 64827K->1851K(237056K), 0.0004972 secs] [Times: user=0.00 sys=0.00, real=0.00 secs] 
18.520: [GC (Allocation Failure) [PSYoungGen: 61536K->96K(60928K)] 63291K->1851K(236032K), 0.0004869 secs] [Times: user=0.00 sys=0.00, real=0.00 secs] 
18.564: [GC (Allocation Failure) [PSYoungGen: 60512K->64K(59904K)] 62267K->1819K(235008K), 0.0004953 secs] [Times: user=0.00 sys=0.00, real=0.00 secs] 
18.618: [GC (Allocation Failure) [PSYoungGen: 59456K->32K(72192K)] 61211K->1787K(247296K), 0.0011735 secs] [Times: user=0.01 sys=0.00, real=0.00 secs] 
18.682: [GC (Allocation Failure) [PSYoungGen: 71712K->64K(86528K)] 73467K->1819K(261632K), 0.0009452 secs] [Times: user=0.00 sys=0.00, real=0.00 secs] 
18.757: [GC (Allocation Failure) [PSYoungGen: 86080K->64K(103936K)] 87835K->1819K(279040K), 0.0127376 secs] [Times: user=0.00 sys=0.00, real=0.01 secs] 
18.895: [GC (Allocation Failure) [PSYoungGen: 103488K->64K(124928K)] 105243K->1819K(300032K), 0.0005605 secs] [Times: user=0.00 sys=0.00, real=0.00 secs] 
19.014: [GC (Allocation Failure) [PSYoungGen: 124480K->32K(150016K)] 126235K->1787K(325120K), 0.0008077 secs] [Times: user=0.00 sys=0.00, real=0.00 secs] 
19.366: [GC (Allocation Failure) [PSYoungGen: 149536K->32K(180224K)] 151291K->1787K(355328K), 0.0153924 secs] [Times: user=0.01 sys=0.00, real=0.01 secs] 
20.648: [GC (Allocation Failure) [PSYoungGen: 179744K->96K(216576K)] 181499K->1851K(391680K), 0.0105060 secs] [Times: user=0.00 sys=0.00, real=0.01 secs] 
21.904: [GC (Allocation Failure) [PSYoungGen: 216160K->64K(260096K)] 217915K->1843K(435200K), 0.0011627 secs] [Times: user=0.01 sys=0.00, real=0.00 secs] 
22.252: [GC (Allocation Failure) [PSYoungGen: 259648K->96K(312320K)] 261427K->1875K(487424K), 0.0005738 secs] [Times: user=0.01 sys=0.00, real=0.00 secs] 
22.589: [GC (Allocation Failure) [PSYoungGen: 311904K->64K(374784K)] 313683K->1843K(549888K), 0.0073951 secs] [Times: user=0.00 sys=0.00, real=0.01 secs] 
23.020: [GC (Allocation Failure) [PSYoungGen: 374336K->64K(450048K)] 376115K->1843K(625152K), 0.0010063 secs] [Times: user=0.00 sys=0.00, real=0.00 secs] 
23.435: [GC (Allocation Failure) [PSYoungGen: 449600K->32K(493056K)] 451379K->1811K(668160K), 0.0013689 secs] [Times: user=0.01 sys=0.00, real=0.00 secs] 
23.893: [GC (Allocation Failure) [PSYoungGen: 492576K->32K(471552K)] 494355K->1811K(646656K), 0.0019115 secs] [Times: user=0.00 sys=0.00, real=0.00 secs] 
24.288: [GC (Allocation Failure) [PSYoungGen: 471072K->96K(451072K)] 472851K->1875K(626176K), 0.0006159 secs] [Times: user=0.00 sys=0.00, real=0.00 secs] 
24.692: [GC (Allocation Failure) [PSYoungGen: 450656K->64K(431616K)] 452435K->1843K(606720K), 0.0012073 secs] [Times: user=0.00 sys=0.00, real=0.00 secs] 
25.254: [GC (Allocation Failure) [PSYoungGen: 431168K->96K(413184K)] 432947K->1875K(588288K), 0.0005623 secs] [Times: user=0.00 sys=0.00, real=0.00 secs] 
25.579: [GC (Allocation Failure) [PSYoungGen: 412768K->96K(395776K)] 414547K->1875K(570880K), 0.0005238 secs] [Times: user=0.00 sys=0.00, real=0.00 secs] 
25.891: [GC (Allocation Failure) [PSYoungGen: 395360K->64K(378880K)] 397139K->1843K(553984K), 0.0011260 secs] [Times: user=0.01 sys=0.00, real=0.01 secs] 
26.240: [GC (Allocation Failure) [PSYoungGen: 378432K->64K(363008K)] 380211K->1843K(538112K), 0.0011120 secs] [Times: user=0.01 sys=0.00, real=0.01 secs] 
26.570: [GC (Allocation Failure) [PSYoungGen: 362560K->64K(348160K)] 364339K->1843K(523264K), 0.0026175 secs] [Times: user=0.00 sys=0.01, real=0.01 secs] 
26.896: [GC (Allocation Failure) [PSYoungGen: 347712K->96K(333824K)] 349491K->1875K(508928K), 0.0005529 secs] [Times: user=0.00 sys=0.00, real=0.00 secs] 
27.169: [GC (Allocation Failure) [PSYoungGen: 333408K->64K(320000K)] 335187K->1843K(495104K), 0.0011434 secs] [Times: user=0.00 sys=0.00, real=0.00 secs] 
27.537: [GC (Allocation Failure) [PSYoungGen: 319552K->32K(307200K)] 321331K->1811K(482304K), 0.0012310 secs] [Times: user=0.00 sys=0.00, real=0.00 secs] 
27.875: [GC (Allocation Failure) [PSYoungGen: 306720K->32K(294912K)] 308499K->1811K(470016K), 0.0013090 secs] [Times: user=0.01 sys=0.00, real=0.00 secs] 
28.134: [GC (Allocation Failure) [PSYoungGen: 294432K->96K(283136K)] 296211K->1875K(458240K), 0.0005331 secs] [Times: user=0.00 sys=0.00, real=0.00 secs] 
28.367: [GC (Allocation Failure) [PSYoungGen: 282720K->96K(271872K)] 284499K->1875K(446976K), 0.0005380 secs] [Times: user=0.00 sys=0.00, real=0.00 secs] 
28.584: [GC (Allocation Failure) [PSYoungGen: 271456K->64K(261120K)] 273235K->1843K(436224K), 0.0011463 secs] [Times: user=0.00 sys=0.00, real=0.00 secs] 
28.801: [GC (Allocation Failure) [PSYoungGen: 260672K->32K(250880K)] 262451K->1811K(425984K), 0.0006578 secs] [Times: user=0.00 sys=0.00, real=0.00 secs] 
29.003: [GC (Allocation Failure) [PSYoungGen: 250400K->96K(241152K)] 252179K->1875K(416256K), 0.0005220 secs] [Times: user=0.00 sys=0.00, real=0.00 secs] 
29.192: [GC (Allocation Failure) [PSYoungGen: 240736K->96K(231936K)] 242515K->1875K(407040K), 0.0005875 secs] [Times: user=0.00 sys=0.00, real=0.00 secs] 
29.369: [GC (Allocation Failure) [PSYoungGen: 231520K->64K(223232K)] 233299K->1843K(398336K), 0.0007591 secs] [Times: user=0.00 sys=0.00, real=0.00 secs] 
29.539: [GC (Allocation Failure) [PSYoungGen: 222784K->96K(215040K)] 224563K->1875K(390144K), 0.0004960 secs] [Times: user=0.00 sys=0.00, real=0.00 secs] 
29.699: [GC (Allocation Failure) [PSYoungGen: 214624K->32K(206848K)] 216403K->1811K(381952K), 0.0004860 secs] [Times: user=0.01 sys=0.00, real=0.00 secs] 
29.904: [GC (Allocation Failure) [PSYoungGen: 206368K->64K(199168K)] 208147K->1843K(374272K), 0.0005110 secs] [Times: user=0.00 sys=0.00, real=0.00 secs] 
30.090: [GC (Allocation Failure) [PSYoungGen: 198720K->32K(192000K)] 200499K->1811K(367104K), 0.0042468 secs] [Times: user=0.00 sys=0.00, real=0.01 secs] 
30.284: [GC (Allocation Failure) [PSYoungGen: 191520K->32K(185344K)] 193299K->1811K(360448K), 0.0018901 secs] [Times: user=0.00 sys=0.00, real=0.00 secs] 
30.548: [GC (Allocation Failure) [PSYoungGen: 184864K->96K(178688K)] 186643K->1875K(353792K), 0.0005144 secs] [Times: user=0.00 sys=0.00, real=0.00 secs] 
30.711: [GC (Allocation Failure) [PSYoungGen: 178272K->32K(172544K)] 180051K->1835K(347648K), 0.0013384 secs] [Times: user=0.00 sys=0.00, real=0.00 secs] 
30.877: [GC (Allocation Failure) [PSYoungGen: 172064K->96K(166400K)] 173867K->1899K(341504K), 0.0007783 secs] [Times: user=0.01 sys=0.00, real=0.00 secs] 
31.037: [GC (Allocation Failure) [PSYoungGen: 165984K->32K(160768K)] 167787K->1835K(335872K), 0.0014024 secs] [Times: user=0.01 sys=0.00, real=0.00 secs] 
31.179: [GC (Allocation Failure) [PSYoungGen: 160288K->32K(155136K)] 162091K->1835K(330240K), 0.0011326 secs] [Times: user=0.00 sys=0.00, real=0.00 secs] 
31.322: [GC (Allocation Failure) [PSYoungGen: 154656K->96K(150016K)] 156459K->1899K(325120K), 0.0005334 secs] [Times: user=0.01 sys=0.00, real=0.00 secs] 
31.452: [GC (Allocation Failure) [PSYoungGen: 149600K->64K(144896K)] 151403K->1867K(320000K), 0.0011447 secs] [Times: user=0.00 sys=0.00, real=0.00 secs] 
31.584: [GC (Allocation Failure) [PSYoungGen: 144448K->96K(140288K)] 146251K->1899K(315392K), 0.0005831 secs] [Times: user=0.00 sys=0.00, real=0.00 secs] 
31.720: [GC (Allocation Failure) [PSYoungGen: 139872K->64K(135680K)] 141675K->1867K(310784K), 0.0010887 secs] [Times: user=0.00 sys=0.00, real=0.00 secs] 
31.876: [GC (Allocation Failure) [PSYoungGen: 135232K->96K(131584K)] 137035K->1899K(306688K), 0.0006624 secs] [Times: user=0.00 sys=0.00, real=0.00 secs] 
31.978: [GC (Allocation Failure) [PSYoungGen: 131168K->96K(127488K)] 132971K->1899K(302592K), 0.0005312 secs] [Times: user=0.00 sys=0.00, real=0.00 secs] 
32.077: [GC (Allocation Failure) [PSYoungGen: 127072K->96K(123392K)] 128875K->1899K(298496K), 0.0005563 secs] [Times: user=0.00 sys=0.00, real=0.00 secs] 
32.175: [GC (Allocation Failure) [PSYoungGen: 122976K->64K(119808K)] 124779K->1867K(294912K), 0.0005405 secs] [Times: user=0.00 sys=0.00, real=0.00 secs] 
32.267: [GC (Allocation Failure) [PSYoungGen: 119360K->96K(116224K)] 121163K->1899K(291328K), 0.0005549 secs] [Times: user=0.00 sys=0.00, real=0.00 secs] 
32.356: [GC (Allocation Failure) [PSYoungGen: 115808K->96K(112640K)] 117611K->1899K(287744K), 0.0005305 secs] [Times: user=0.00 sys=0.00, real=0.00 secs] 
32.444: [GC (Allocation Failure) [PSYoungGen: 112224K->96K(109568K)] 114027K->1899K(284672K), 0.0005340 secs] [Times: user=0.00 sys=0.00, real=0.00 secs] 
32.530: [GC (Allocation Failure) [PSYoungGen: 109152K->96K(106496K)] 110955K->1899K(281600K), 0.0005310 secs] [Times: user=0.00 sys=0.00, real=0.00 secs] 
32.614: [GC (Allocation Failure) [PSYoungGen: 106080K->64K(103424K)] 107883K->1867K(278528K), 0.0011327 secs] [Times: user=0.00 sys=0.00, real=0.00 secs] 
32.695: [GC (Allocation Failure) [PSYoungGen: 102976K->96K(100352K)] 104779K->1899K(275456K), 0.0005646 secs] [Times: user=0.00 sys=0.00, real=0.00 secs] 
32.778: [GC (Allocation Failure) [PSYoungGen: 99936K->96K(97792K)] 101739K->1899K(272896K), 0.0005252 secs] [Times: user=0.00 sys=0.00, real=0.00 secs] 
32.857: [GC (Allocation Failure) [PSYoungGen: 97376K->96K(95232K)] 99179K->1899K(270336K), 0.0005487 secs] [Times: user=0.00 sys=0.00, real=0.00 secs] 
32.928: [GC (Allocation Failure) [PSYoungGen: 94816K->96K(92672K)] 96619K->1899K(267776K), 0.0005157 secs] [Times: user=0.00 sys=0.00, real=0.00 secs] 
33.001: [GC (Allocation Failure) [PSYoungGen: 92256K->96K(90112K)] 94059K->1899K(265216K), 0.0005612 secs] [Times: user=0.00 sys=0.00, real=0.01 secs] 
33.068: [GC (Allocation Failure) [PSYoungGen: 89696K->64K(87552K)] 91499K->1867K(262656K), 0.0005215 secs] [Times: user=0.00 sys=0.00, real=0.00 secs] 
33.133: [GC (Allocation Failure) [PSYoungGen: 87104K->96K(85504K)] 88907K->1899K(260608K), 0.0005565 secs] [Times: user=0.00 sys=0.00, real=0.00 secs] 
33.197: [GC (Allocation Failure) [PSYoungGen: 85088K->64K(83456K)] 86891K->1867K(258560K), 0.0005681 secs] [Times: user=0.00 sys=0.00, real=0.00 secs] 
33.261: [GC (Allocation Failure) [PSYoungGen: 83008K->32K(81408K)] 84811K->1835K(256512K), 0.0005303 secs] [Times: user=0.01 sys=0.00, real=0.01 secs] 
33.325: [GC (Allocation Failure) [PSYoungGen: 80927K->96K(79360K)] 82731K->1899K(254464K), 0.0005125 secs] [Times: user=0.00 sys=0.01, real=0.00 secs] 
33.383: [GC (Allocation Failure) [PSYoungGen: 78944K->96K(77312K)] 80747K->1899K(252416K), 0.0005255 secs] [Times: user=0.00 sys=0.00, real=0.00 secs] 
33.438: [GC (Allocation Failure) [PSYoungGen: 76896K->96K(75264K)] 78699K->1899K(250368K), 0.0005056 secs] [Times: user=0.00 sys=0.00, real=0.00 secs] 
33.493: [GC (Allocation Failure) [PSYoungGen: 74848K->96K(73728K)] 76651K->1899K(248832K), 0.0004943 secs] [Times: user=0.00 sys=0.00, real=0.00 secs] 
33.549: [GC (Allocation Failure) [PSYoungGen: 73312K->64K(72192K)] 75115K->1867K(247296K), 0.0005164 secs] [Times: user=0.00 sys=0.00, real=0.00 secs] 
33.603: [GC (Allocation Failure) [PSYoungGen: 71744K->96K(70656K)] 73547K->1899K(245760K), 0.0005067 secs] [Times: user=0.00 sys=0.00, real=0.00 secs] 
33.657: [GC (Allocation Failure) [PSYoungGen: 70240K->64K(84992K)] 72043K->1867K(260096K), 0.0009988 secs] [Times: user=0.00 sys=0.00, real=0.00 secs] 
33.721: [GC (Allocation Failure) [PSYoungGen: 84544K->96K(82944K)] 86347K->1899K(258048K), 0.0005027 secs] [Times: user=0.00 sys=0.00, real=0.00 secs] 
33.782: [GC (Allocation Failure) [PSYoungGen: 82528K->96K(80896K)] 84331K->1899K(256000K), 0.0005097 secs] [Times: user=0.00 sys=0.00, real=0.00 secs] 
33.844: [GC (Allocation Failure) [PSYoungGen: 80480K->96K(78848K)] 82283K->1899K(253952K), 0.0005139 secs] [Times: user=0.00 sys=0.00, real=0.00 secs] 
33.901: [GC (Allocation Failure) [PSYoungGen: 78432K->96K(76800K)] 80235K->1899K(251904K), 0.0004975 secs] [Times: user=0.01 sys=0.00, real=0.01 secs] 
33.957: [GC (Allocation Failure) [PSYoungGen: 76384K->96K(74752K)] 78187K->1899K(249856K), 0.0005014 secs] [Times: user=0.00 sys=0.00, real=0.00 secs] 
34.015: [GC (Allocation Failure) [PSYoungGen: 74336K->96K(73216K)] 76139K->1899K(248320K), 0.0005082 secs] [Times: user=0.00 sys=0.00, real=0.00 secs] 
34.068: [GC (Allocation Failure) [PSYoungGen: 72800K->96K(71680K)] 74603K->1899K(246784K), 0.0004948 secs] [Times: user=0.00 sys=0.00, real=0.00 secs] 
34.123: [GC (Allocation Failure) [PSYoungGen: 71264K->64K(70144K)] 73067K->1867K(245248K), 0.0004967 secs] [Times: user=0.00 sys=0.00, real=0.00 secs] 
34.174: [GC (Allocation Failure) [PSYoungGen: 69696K->96K(68608K)] 71499K->1899K(243712K), 0.0005039 secs] [Times: user=0.00 sys=0.00, real=0.00 secs] 
34.227: [GC (Allocation Failure) [PSYoungGen: 68192K->96K(67072K)] 69995K->1899K(242176K), 0.0004932 secs] [Times: user=0.00 sys=0.00, real=0.00 secs] 
34.278: [GC (Allocation Failure) [PSYoungGen: 66656K->96K(65536K)] 68459K->1899K(240640K), 0.0005285 secs] [Times: user=0.00 sys=0.00, real=0.00 secs] 
34.327: [GC (Allocation Failure) [PSYoungGen: 65120K->96K(78848K)] 66923K->1899K(253952K), 0.0010945 secs] [Times: user=0.00 sys=0.00, real=0.00 secs] 
34.386: [GC (Allocation Failure) [PSYoungGen: 78432K->96K(94720K)] 80235K->1899K(269824K), 0.0005119 secs] [Times: user=0.00 sys=0.00, real=0.00 secs] 
34.461: [GC (Allocation Failure) [PSYoungGen: 94304K->96K(92160K)] 96107K->1899K(267264K), 0.0005064 secs] [Times: user=0.00 sys=0.00, real=0.01 secs] 
34.533: [GC (Allocation Failure) [PSYoungGen: 91744K->96K(89600K)] 93547K->1899K(264704K), 0.0004906 secs] [Times: user=0.00 sys=0.00, real=0.00 secs] 
34.605: [GC (Allocation Failure) [PSYoungGen: 89184K->64K(87040K)] 90987K->1867K(262144K), 0.0008691 secs] [Times: user=0.00 sys=0.00, real=0.00 secs] 
34.684: [GC (Allocation Failure) [PSYoungGen: 86592K->96K(84992K)] 88395K->1899K(260096K), 0.0005497 secs] [Times: user=0.00 sys=0.00, real=0.00 secs] 
34.755: [GC (Allocation Failure) [PSYoungGen: 84576K->96K(82944K)] 86379K->1899K(258048K), 0.0005000 secs] [Times: user=0.00 sys=0.00, real=0.00 secs] 
34.817: [GC (Allocation Failure) [PSYoungGen: 82528K->96K(80896K)] 84331K->1899K(256000K), 0.0005505 secs] [Times: user=0.00 sys=0.00, real=0.00 secs] 
34.876: [GC (Allocation Failure) [PSYoungGen: 80480K->96K(78848K)] 82283K->1899K(253952K), 0.0005046 secs] [Times: user=0.00 sys=0.00, real=0.00 secs] 
34.933: [GC (Allocation Failure) [PSYoungGen: 78432K->96K(76800K)] 80235K->1899K(251904K), 0.0005276 secs] [Times: user=0.00 sys=0.00, real=0.00 secs] 
34.989: [GC (Allocation Failure) [PSYoungGen: 76384K->96K(74752K)] 78187K->1899K(249856K), 0.0005445 secs] [Times: user=0.00 sys=0.00, real=0.00 secs] 
35.042: [GC (Allocation Failure) [PSYoungGen: 74336K->64K(73216K)] 76139K->1867K(248320K), 0.0006211 secs] [Times: user=0.00 sys=0.00, real=0.00 secs] 
35.096: [GC (Allocation Failure) [PSYoungGen: 72768K->96K(71680K)] 74571K->1899K(246784K), 0.0005100 secs] [Times: user=0.00 sys=0.00, real=0.00 secs] 
35.148: [GC (Allocation Failure) [PSYoungGen: 71263K->96K(70144K)] 73067K->1899K(245248K), 0.0005039 secs] [Times: user=0.00 sys=0.00, real=0.00 secs] 
35.199: [GC (Allocation Failure) [PSYoungGen: 69728K->32K(68608K)] 71531K->1835K(243712K), 0.0005018 secs] [Times: user=0.00 sys=0.00, real=0.00 secs] 
35.249: [GC (Allocation Failure) [PSYoungGen: 68128K->64K(82432K)] 69931K->1867K(257536K), 0.0010823 secs] [Times: user=0.00 sys=0.00, real=0.00 secs] 
35.309: [GC (Allocation Failure) [PSYoungGen: 81984K->96K(98816K)] 83787K->1899K(273920K), 0.0004912 secs] [Times: user=0.00 sys=0.00, real=0.00 secs] 
35.381: [GC (Allocation Failure) [PSYoungGen: 98400K->96K(96256K)] 100203K->1899K(271360K), 0.0005029 secs] [Times: user=0.01 sys=0.00, real=0.01 secs] 
35.449: [GC (Allocation Failure) [PSYoungGen: 95840K->64K(93696K)] 97643K->1867K(268800K), 0.0005683 secs] [Times: user=0.00 sys=0.00, real=0.00 secs] 
35.516: [GC (Allocation Failure) [PSYoungGen: 93248K->64K(91136K)] 95051K->1867K(266240K), 0.0005166 secs] [Times: user=0.00 sys=0.00, real=0.00 secs] 
35.580: [GC (Allocation Failure) [PSYoungGen: 90688K->96K(88576K)] 92491K->1899K(263680K), 0.0004877 secs] [Times: user=0.00 sys=0.00, real=0.00 secs] 
35.644: [GC (Allocation Failure) [PSYoungGen: 88160K->64K(86528K)] 89963K->1867K(261632K), 0.0004948 secs] [Times: user=0.00 sys=0.00, real=0.00 secs] 
35.705: [GC (Allocation Failure) [PSYoungGen: 86080K->96K(84480K)] 87883K->1899K(259584K), 0.0004940 secs] [Times: user=0.00 sys=0.00, real=0.00 secs] 
35.770: [GC (Allocation Failure) [PSYoungGen: 84064K->64K(82432K)] 85867K->1867K(257536K), 0.0009774 secs] [Times: user=0.00 sys=0.00, real=0.01 secs] 
35.832: [GC (Allocation Failure) [PSYoungGen: 81984K->64K(98816K)] 83787K->1867K(273920K), 0.0011143 secs] [Times: user=0.01 sys=0.00, real=0.00 secs] 
35.909: [GC (Allocation Failure) [PSYoungGen: 98368K->64K(118784K)] 100171K->1867K(293888K), 0.0010727 secs] [Times: user=0.00 sys=0.00, real=0.00 secs] 
36.002: [GC (Allocation Failure) [PSYoungGen: 118336K->64K(142848K)] 120139K->1867K(317952K), 0.0010702 secs] [Times: user=0.00 sys=0.00, real=0.00 secs] 
36.108: [GC (Allocation Failure) [PSYoungGen: 142400K->64K(138240K)] 144203K->1867K(313344K), 0.0005223 secs] [Times: user=0.00 sys=0.00, real=0.00 secs] 
36.206: [GC (Allocation Failure) [PSYoungGen: 137792K->96K(133632K)] 139595K->1899K(308736K), 0.0005157 secs] [Times: user=0.01 sys=0.00, real=0.00 secs] 
36.302: [GC (Allocation Failure) [PSYoungGen: 133216K->32K(129536K)] 135019K->1843K(304640K), 0.0005116 secs] [Times: user=0.00 sys=0.00, real=0.00 secs] 
36.403: [GC (Allocation Failure) [PSYoungGen: 129056K->32K(125440K)] 130867K->1843K(300544K), 0.0010385 secs] [Times: user=0.00 sys=0.00, real=0.00 secs] 
36.526: [GC (Allocation Failure) [PSYoungGen: 124960K->96K(121344K)] 126771K->1907K(296448K), 0.0005018 secs] [Times: user=0.00 sys=0.00, real=0.00 secs] 
36.614: [GC (Allocation Failure) [PSYoungGen: 120928K->96K(117760K)] 122739K->1907K(292864K), 0.0005105 secs] [Times: user=0.01 sys=0.00, real=0.00 secs] 
36.697: [GC (Allocation Failure) [PSYoungGen: 117344K->96K(114176K)] 119155K->1907K(289280K), 0.0005025 secs] [Times: user=0.00 sys=0.00, real=0.00 secs] 
36.780: [GC (Allocation Failure) [PSYoungGen: 113760K->32K(110592K)] 115571K->1843K(285696K), 0.0004874 secs] [Times: user=0.00 sys=0.00, real=0.00 secs] 
36.863: [GC (Allocation Failure) [PSYoungGen: 110112K->64K(107520K)] 111923K->1875K(282624K), 0.0004980 secs] [Times: user=0.00 sys=0.00, real=0.00 secs] 
36.939: [GC (Allocation Failure) [PSYoungGen: 107072K->32K(104448K)] 108883K->1843K(279552K), 0.0004908 secs] [Times: user=0.00 sys=0.00, real=0.00 secs] 
37.013: [GC (Allocation Failure) [PSYoungGen: 103968K->96K(101376K)] 105779K->1907K(276480K), 0.0004946 secs] [Times: user=0.00 sys=0.00, real=0.00 secs] 
37.084: [GC (Allocation Failure) [PSYoungGen: 100960K->64K(98816K)] 102771K->1875K(273920K), 0.0005008 secs] [Times: user=0.00 sys=0.00, real=0.00 secs] 
37.154: [GC (Allocation Failure) [PSYoungGen: 98368K->64K(96256K)] 100179K->1875K(271360K), 0.0004888 secs] [Times: user=0.00 sys=0.00, real=0.00 secs] 
37.223: [GC (Allocation Failure) [PSYoungGen: 95808K->64K(93696K)] 97619K->1875K(268800K), 0.0005196 secs] [Times: user=0.00 sys=0.00, real=0.00 secs] 
37.290: [GC (Allocation Failure) [PSYoungGen: 93248K->96K(91136K)] 95059K->1907K(266240K), 0.0004883 secs] [Times: user=0.00 sys=0.00, real=0.00 secs] 
37.356: [GC (Allocation Failure) [PSYoungGen: 90720K->96K(88576K)] 92531K->1907K(263680K), 0.0005031 secs] [Times: user=0.00 sys=0.00, real=0.00 secs] 
37.418: [GC (Allocation Failure) [PSYoungGen: 88160K->64K(86528K)] 89971K->1875K(261632K), 0.0005300 secs] [Times: user=0.00 sys=0.00, real=0.00 secs] 
37.480: [GC (Allocation Failure) [PSYoungGen: 86080K->96K(84480K)] 87891K->1907K(259584K), 0.0005007 secs] [Times: user=0.00 sys=0.00, real=0.00 secs] 
37.542: [GC (Allocation Failure) [PSYoungGen: 84064K->96K(82432K)] 85875K->1907K(257536K), 0.0005458 secs] [Times: user=0.00 sys=0.00, real=0.00 secs] 
37.601: [GC (Allocation Failure) [PSYoungGen: 82016K->96K(80384K)] 83827K->1907K(255488K), 0.0005054 secs] [Times: user=0.00 sys=0.00, real=0.00 secs] 
37.658: [GC (Allocation Failure) [PSYoungGen: 79968K->96K(78336K)] 81779K->1907K(253440K), 0.0005062 secs] [Times: user=0.00 sys=0.00, real=0.00 secs] 
37.713: [GC (Allocation Failure) [PSYoungGen: 77920K->32K(76288K)] 79731K->1843K(251392K), 0.0005000 secs] [Times: user=0.00 sys=0.00, real=0.00 secs] 
37.768: [GC (Allocation Failure) [PSYoungGen: 75808K->96K(74752K)] 77619K->1907K(249856K), 0.0005075 secs] [Times: user=0.00 sys=0.00, real=0.00 secs] 
37.826: [GC (Allocation Failure) [PSYoungGen: 74336K->96K(73216K)] 76147K->1907K(248320K), 0.0004969 secs] [Times: user=0.00 sys=0.00, real=0.00 secs] 
37.878: [GC (Allocation Failure) [PSYoungGen: 72800K->64K(71680K)] 74611K->1875K(246784K), 0.0004900 secs] [Times: user=0.01 sys=0.00, real=0.00 secs] 
37.931: [GC (Allocation Failure) [PSYoungGen: 71232K->64K(70144K)] 73043K->1875K(245248K), 0.0004981 secs] [Times: user=0.00 sys=0.00, real=0.01 secs] 
37.981: [GC (Allocation Failure) [PSYoungGen: 69696K->96K(68608K)] 71507K->1907K(243712K), 0.0005041 secs] [Times: user=0.00 sys=0.00, real=0.01 secs] 
38.030: [GC (Allocation Failure) [PSYoungGen: 68192K->64K(67072K)] 70003K->1875K(242176K), 0.0004866 secs] [Times: user=0.00 sys=0.00, real=0.00 secs] 
38.078: [GC (Allocation Failure) [PSYoungGen: 66624K->64K(80384K)] 68435K->1875K(255488K), 0.0010160 secs] [Times: user=0.01 sys=0.00, real=0.00 secs] 
38.137: [GC (Allocation Failure) [PSYoungGen: 79936K->64K(96768K)] 81747K->1875K(271872K), 0.0004969 secs] [Times: user=0.00 sys=0.00, real=0.00 secs] 
38.210: [GC (Allocation Failure) [PSYoungGen: 96320K->64K(116224K)] 98131K->1875K(291328K), 0.0010332 secs] [Times: user=0.00 sys=0.00, real=0.01 secs] 
38.300: [GC (Allocation Failure) [PSYoungGen: 115776K->96K(112640K)] 117587K->1907K(287744K), 0.0004928 secs] [Times: user=0.00 sys=0.00, real=0.00 secs] 
38.386: [GC (Allocation Failure) [PSYoungGen: 112224K->96K(109568K)] 114035K->1907K(284672K), 0.0004889 secs] [Times: user=0.00 sys=0.00, real=0.00 secs] 
38.469: [GC (Allocation Failure) [PSYoungGen: 109152K->96K(106496K)] 110963K->1907K(281600K), 0.0006421 secs] [Times: user=0.00 sys=0.00, real=0.00 secs] 
38.551: [GC (Allocation Failure) [PSYoungGen: 106080K->32K(103424K)] 107891K->1843K(278528K), 0.0004918 secs] [Times: user=0.00 sys=0.00, real=0.01 secs] 
38.631: [GC (Allocation Failure) [PSYoungGen: 102944K->96K(100352K)] 104755K->1907K(275456K), 0.0004934 secs] [Times: user=0.00 sys=0.00, real=0.00 secs] 
38.710: [GC (Allocation Failure) [PSYoungGen: 99936K->96K(97792K)] 101747K->1907K(272896K), 0.0005086 secs] [Times: user=0.00 sys=0.00, real=0.00 secs] 
38.786: [GC (Allocation Failure) [PSYoungGen: 97376K->96K(95232K)] 99187K->1907K(270336K), 0.0005488 secs] [Times: user=0.00 sys=0.00, real=0.00 secs] 
38.861: [GC (Allocation Failure) [PSYoungGen: 94816K->64K(92672K)] 96627K->1875K(267776K), 0.0006542 secs] [Times: user=0.00 sys=0.00, real=0.01 secs] 
38.931: [GC (Allocation Failure) [PSYoungGen: 92224K->96K(90112K)] 94035K->1907K(265216K), 0.0005003 secs] [Times: user=0.00 sys=0.00, real=0.00 secs] 
38.999: [GC (Allocation Failure) [PSYoungGen: 89696K->96K(87552K)] 91507K->1907K(262656K), 0.0004949 secs] [Times: user=0.00 sys=0.00, real=0.00 secs] 
39.062: [GC (Allocation Failure) [PSYoungGen: 87136K->64K(85504K)] 88947K->1875K(260608K), 0.0005017 secs] [Times: user=0.00 sys=0.00, real=0.00 secs] 
39.125: [GC (Allocation Failure) [PSYoungGen: 85056K->96K(83456K)] 86867K->1907K(258560K), 0.0010070 secs] [Times: user=0.00 sys=0.00, real=0.00 secs] 
39.187: [GC (Allocation Failure) [PSYoungGen: 83040K->64K(81408K)] 84851K->1875K(256512K), 0.0005000 secs] [Times: user=0.00 sys=0.00, real=0.00 secs] 
39.249: [GC (Allocation Failure) [PSYoungGen: 80960K->96K(79360K)] 82771K->1907K(254464K), 0.0004943 secs] [Times: user=0.00 sys=0.00, real=0.00 secs] 
39.309: [GC (Allocation Failure) [PSYoungGen: 78944K->96K(77312K)] 80755K->1907K(252416K), 0.0005050 secs] [Times: user=0.00 sys=0.00, real=0.00 secs] 
39.372: [GC (Allocation Failure) [PSYoungGen: 76896K->64K(75264K)] 78707K->1875K(250368K), 0.0004968 secs] [Times: user=0.00 sys=0.00, real=0.00 secs] 
39.429: [GC (Allocation Failure) [PSYoungGen: 74816K->96K(73728K)] 76627K->1907K(248832K), 0.0005014 secs] [Times: user=0.01 sys=0.00, real=0.00 secs] 
39.494: [GC (Allocation Failure) [PSYoungGen: 73312K->96K(72192K)] 75123K->1907K(247296K), 0.0004934 secs] [Times: user=0.00 sys=0.00, real=0.00 secs] 
39.546: [GC (Allocation Failure) [PSYoungGen: 71776K->64K(70656K)] 73587K->1875K(245760K), 0.0005199 secs] [Times: user=0.00 sys=0.00, real=0.00 secs] 
39.600: [GC (Allocation Failure) [PSYoungGen: 70208K->64K(69120K)] 72019K->1875K(244224K), 0.0005069 secs] [Times: user=0.00 sys=0.00, real=0.00 secs] 
39.649: [GC (Allocation Failure) [PSYoungGen: 68672K->96K(67584K)] 70483K->1907K(242688K), 0.0005168 secs] [Times: user=0.00 sys=0.00, real=0.00 secs] 
39.699: [GC (Allocation Failure) [PSYoungGen: 67168K->96K(66048K)] 68979K->1907K(241152K), 0.0004991 secs] [Times: user=0.00 sys=0.00, real=0.00 secs] 
39.748: [GC (Allocation Failure) [PSYoungGen: 65632K->96K(64512K)] 67443K->1907K(239616K), 0.0005228 secs] [Times: user=0.00 sys=0.00, real=0.00 secs] 
39.794: [GC (Allocation Failure) [PSYoungGen: 64096K->64K(77312K)] 65907K->1875K(252416K), 0.0015021 secs] [Times: user=0.01 sys=0.00, real=0.00 secs] 
39.851: [GC (Allocation Failure) [PSYoungGen: 76864K->96K(92672K)] 78675K->1907K(267776K), 0.0005025 secs] [Times: user=0.00 sys=0.00, real=0.00 secs] 
39.917: [GC (Allocation Failure) [PSYoungGen: 92256K->128K(111104K)] 94067K->1939K(286208K), 0.0005244 secs] [Times: user=0.00 sys=0.00, real=0.00 secs] 
39.996: [GC (Allocation Failure) [PSYoungGen: 110719K->64K(133632K)] 112531K->1875K(308736K), 0.0006581 secs] [Times: user=0.00 sys=0.00, real=0.00 secs] 
40.095: [GC (Allocation Failure) [PSYoungGen: 133184K->96K(129536K)] 134995K->1907K(304640K), 0.0004901 secs] [Times: user=0.00 sys=0.00, real=0.00 secs] 
40.191: [GC (Allocation Failure) [PSYoungGen: 129120K->96K(125440K)] 130931K->1907K(300544K), 0.0004967 secs] [Times: user=0.00 sys=0.00, real=0.00 secs] 
40.280: [GC (Allocation Failure) [PSYoungGen: 125024K->96K(121344K)] 126835K->1907K(296448K), 0.0005101 secs] [Times: user=0.00 sys=0.00, real=0.00 secs] 
40.415: [GC (Allocation Failure) [PSYoungGen: 120928K->96K(117760K)] 122739K->1907K(292864K), 0.0005013 secs] [Times: user=0.00 sys=0.00, real=0.00 secs] 
40.513: [GC (Allocation Failure) [PSYoungGen: 117344K->32K(114176K)] 119155K->1867K(289280K), 0.0010885 secs] [Times: user=0.00 sys=0.00, real=0.00 secs] 
40.614: [GC (Allocation Failure) [PSYoungGen: 113696K->64K(110592K)] 115531K->1899K(285696K), 0.0009876 secs] [Times: user=0.00 sys=0.00, real=0.00 secs] 
40.709: [GC (Allocation Failure) [PSYoungGen: 110144K->64K(107520K)] 111979K->1899K(282624K), 0.0011524 secs] [Times: user=0.00 sys=0.00, real=0.00 secs] 
40.856: [GC (Allocation Failure) [PSYoungGen: 107072K->96K(104448K)] 108907K->1931K(279552K), 0.0017525 secs] [Times: user=0.00 sys=0.00, real=0.00 secs] 
40.943: [GC (Allocation Failure) [PSYoungGen: 104032K->96K(101376K)] 105867K->1931K(276480K), 0.0005470 secs] [Times: user=0.00 sys=0.00, real=0.00 secs] 
41.020: [GC (Allocation Failure) [PSYoungGen: 100960K->64K(98816K)] 102795K->1899K(273920K), 0.0005169 secs] [Times: user=0.00 sys=0.00, real=0.00 secs] 
41.094: [GC (Allocation Failure) [PSYoungGen: 98368K->96K(96256K)] 100203K->1931K(271360K), 0.0004997 secs] [Times: user=0.00 sys=0.00, real=0.00 secs] 
41.164: [GC (Allocation Failure) [PSYoungGen: 95840K->32K(93696K)] 97675K->1867K(268800K), 0.0005010 secs] [Times: user=0.00 sys=0.00, real=0.00 secs] 
41.264: [GC (Allocation Failure) [PSYoungGen: 93216K->64K(91136K)] 95051K->1899K(266240K), 0.0011004 secs] [Times: user=0.01 sys=0.00, real=0.00 secs] 
41.357: [GC (Allocation Failure) [PSYoungGen: 90688K->96K(88576K)] 92523K->1931K(263680K), 0.0005081 secs] [Times: user=0.00 sys=0.00, real=0.00 secs] 
41.434: [GC (Allocation Failure) [PSYoungGen: 88160K->0K(106496K)] 89995K->1835K(281600K), 0.0053418 secs] [Times: user=0.00 sys=0.00, real=0.00 secs] 
41.542: [GC (Allocation Failure) [PSYoungGen: 105984K->96K(128000K)] 107819K->1931K(303104K), 0.0005391 secs] [Times: user=0.00 sys=0.00, real=0.00 secs] 
41.642: [GC (Allocation Failure) [PSYoungGen: 127584K->96K(153600K)] 129419K->1931K(328704K), 0.0005083 secs] [Times: user=0.00 sys=0.00, real=0.00 secs] 
41.759: [GC (Allocation Failure) [PSYoungGen: 153184K->64K(184320K)] 155019K->1899K(359424K), 0.0006065 secs] [Times: user=0.00 sys=0.00, real=0.00 secs] 
41.898: [GC (Allocation Failure) [PSYoungGen: 183872K->32K(177664K)] 185707K->1867K(352768K), 0.0005352 secs] [Times: user=0.00 sys=0.00, real=0.00 secs] 
42.029: [GC (Allocation Failure) [PSYoungGen: 177184K->96K(171520K)] 179019K->1931K(346624K), 0.0009298 secs] [Times: user=0.00 sys=0.00, real=0.00 secs] 
42.159: [GC (Allocation Failure) [PSYoungGen: 171104K->32K(165376K)] 172939K->1867K(340480K), 0.0010093 secs] [Times: user=0.00 sys=0.00, real=0.00 secs] 
42.294: [GC (Allocation Failure) [PSYoungGen: 164896K->96K(159744K)] 166731K->1931K(334848K), 0.0005404 secs] [Times: user=0.00 sys=0.00, real=0.00 secs] 
42.430: [GC (Allocation Failure) [PSYoungGen: 159328K->64K(154112K)] 161163K->1899K(329216K), 0.0005200 secs] [Times: user=0.00 sys=0.00, real=0.01 secs] 
42.543: [GC (Allocation Failure) [PSYoungGen: 153664K->96K(148992K)] 155499K->1931K(324096K), 0.0007299 secs] [Times: user=0.01 sys=0.00, real=0.00 secs] 
42.653: [GC (Allocation Failure) [PSYoungGen: 148576K->96K(143872K)] 150411K->1931K(318976K), 0.0005135 secs] [Times: user=0.00 sys=0.00, real=0.00 secs] 
42.759: [GC (Allocation Failure) [PSYoungGen: 143456K->32K(139264K)] 145291K->1867K(314368K), 0.0005114 secs] [Times: user=0.00 sys=0.00, real=0.00 secs] 
42.865: [GC (Allocation Failure) [PSYoungGen: 138784K->32K(134656K)] 140619K->1867K(309760K), 0.0005488 secs] [Times: user=0.00 sys=0.00, real=0.00 secs] 
42.967: [GC (Allocation Failure) [PSYoungGen: 134176K->96K(130560K)] 136011K->1931K(305664K), 0.0005101 secs] [Times: user=0.00 sys=0.00, real=0.00 secs] 
43.066: [GC (Allocation Failure) [PSYoungGen: 130144K->96K(126464K)] 131979K->1931K(301568K), 0.0005098 secs] [Times: user=0.00 sys=0.00, real=0.00 secs] 
43.161: [GC (Allocation Failure) [PSYoungGen: 126048K->96K(122368K)] 127883K->1931K(297472K), 0.0005019 secs] [Times: user=0.01 sys=0.00, real=0.01 secs] 
43.252: [GC (Allocation Failure) [PSYoungGen: 121952K->64K(118784K)] 123787K->1899K(293888K), 0.0005092 secs] [Times: user=0.01 sys=0.00, real=0.00 secs] 
43.343: [GC (Allocation Failure) [PSYoungGen: 118336K->64K(115200K)] 120171K->1899K(290304K), 0.0005093 secs] [Times: user=0.01 sys=0.00, real=0.00 secs] 
43.429: [GC (Allocation Failure) [PSYoungGen: 114752K->64K(111616K)] 116587K->1899K(286720K), 0.0005222 secs] [Times: user=0.00 sys=0.00, real=0.00 secs] 
43.514: [GC (Allocation Failure) [PSYoungGen: 111168K->96K(108544K)] 113003K->1931K(283648K), 0.0004963 secs] [Times: user=0.00 sys=0.00, real=0.00 secs] 
43.596: [GC (Allocation Failure) [PSYoungGen: 108128K->96K(105472K)] 109963K->1931K(280576K), 0.0004988 secs] [Times: user=0.01 sys=0.00, real=0.00 secs] 
43.675: [GC (Allocation Failure) [PSYoungGen: 105056K->96K(102400K)] 106891K->1931K(277504K), 0.0005338 secs] [Times: user=0.00 sys=0.00, real=0.00 secs] 
43.750: [GC (Allocation Failure) [PSYoungGen: 101984K->64K(99328K)] 103819K->1899K(274432K), 0.0005125 secs] [Times: user=0.00 sys=0.00, real=0.00 secs] 
43.826: [GC (Allocation Failure) [PSYoungGen: 98880K->32K(96768K)] 100715K->1867K(271872K), 0.0006898 secs] [Times: user=0.00 sys=0.00, real=0.00 secs] 
43.899: [GC (Allocation Failure) [PSYoungGen: 96288K->64K(94208K)] 98123K->1899K(269312K), 0.0009686 secs] [Times: user=0.00 sys=0.00, real=0.00 secs] 
43.966: [GC (Allocation Failure) [PSYoungGen: 93759K->96K(91648K)] 95595K->1931K(266752K), 0.0004929 secs] [Times: user=0.00 sys=0.00, real=0.00 secs] 
44.032: [GC (Allocation Failure) [PSYoungGen: 91232K->96K(89088K)] 93067K->1931K(264192K), 0.0005307 secs] [Times: user=0.00 sys=0.00, real=0.00 secs] 
44.096: [GC (Allocation Failure) [PSYoungGen: 88672K->96K(87040K)] 90507K->1931K(262144K), 0.0004863 secs] [Times: user=0.00 sys=0.00, real=0.00 secs] 
44.158: [GC (Allocation Failure) [PSYoungGen: 86624K->64K(84992K)] 88459K->1899K(260096K), 0.0004987 secs] [Times: user=0.01 sys=0.00, real=0.00 secs] 
44.221: [GC (Allocation Failure) [PSYoungGen: 84544K->96K(82944K)] 86379K->1931K(258048K), 0.0005011 secs] [Times: user=0.00 sys=0.00, real=0.00 secs] 
44.283: [GC (Allocation Failure) [PSYoungGen: 82528K->96K(80896K)] 84363K->1931K(256000K), 0.0004987 secs] [Times: user=0.00 sys=0.00, real=0.00 secs] 
44.342: [GC (Allocation Failure) [PSYoungGen: 80480K->96K(78848K)] 82315K->1931K(253952K), 0.0004881 secs] [Times: user=0.00 sys=0.00, real=0.00 secs] 
44.401: [GC (Allocation Failure) [PSYoungGen: 78432K->96K(76800K)] 80267K->1931K(251904K), 0.0004962 secs] [Times: user=0.00 sys=0.00, real=0.01 secs] 
44.457: [GC (Allocation Failure) [PSYoungGen: 76384K->96K(74752K)] 78219K->1931K(249856K), 0.0004977 secs] [Times: user=0.00 sys=0.00, real=0.00 secs] 
44.512: [GC (Allocation Failure) [PSYoungGen: 74336K->64K(73216K)] 76171K->1899K(248320K), 0.0005027 secs] [Times: user=0.00 sys=0.00, real=0.00 secs] 
44.566: [GC (Allocation Failure) [PSYoungGen: 72768K->64K(71680K)] 74603K->1899K(246784K), 0.0005569 secs] [Times: user=0.00 sys=0.00, real=0.00 secs] 
44.619: [GC (Allocation Failure) [PSYoungGen: 71232K->96K(70144K)] 73067K->1931K(245248K), 0.0005135 secs] [Times: user=0.00 sys=0.00, real=0.00 secs] 
44.671: [GC (Allocation Failure) [PSYoungGen: 69728K->96K(68608K)] 71563K->1931K(243712K), 0.0004905 secs] [Times: user=0.00 sys=0.00, real=0.00 secs] 
44.723: [GC (Allocation Failure) [PSYoungGen: 68192K->64K(67072K)] 70027K->1899K(242176K), 0.0005106 secs] [Times: user=0.00 sys=0.00, real=0.00 secs] 
44.773: [GC (Allocation Failure) [PSYoungGen: 66624K->96K(65536K)] 68459K->1931K(240640K), 0.0004953 secs] [Times: user=0.00 sys=0.00, real=0.00 secs] 
44.823: [GC (Allocation Failure) [PSYoungGen: 65120K->96K(64000K)] 66955K->1931K(239104K), 0.0004926 secs] [Times: user=0.00 sys=0.00, real=0.00 secs] 
44.870: [GC (Allocation Failure) [PSYoungGen: 63584K->96K(62464K)] 65419K->1931K(237568K), 0.0005139 secs] [Times: user=0.00 sys=0.00, real=0.00 secs] 
44.916: [GC (Allocation Failure) [PSYoungGen: 62048K->96K(61440K)] 63883K->1931K(236544K), 0.0005002 secs] [Times: user=0.00 sys=0.00, real=0.00 secs] 
44.962: [GC (Allocation Failure) [PSYoungGen: 61024K->96K(60416K)] 62859K->1931K(235520K), 0.0005262 secs] [Times: user=0.00 sys=0.00, real=0.00 secs] 
45.008: [GC (Allocation Failure) [PSYoungGen: 60000K->64K(59392K)] 61835K->1899K(234496K), 0.0005176 secs] [Times: user=0.00 sys=0.00, real=0.00 secs] 
45.052: [GC (Allocation Failure) [PSYoungGen: 58944K->64K(58368K)] 60779K->1899K(233472K), 0.0005147 secs] [Times: user=0.00 sys=0.00, real=0.00 secs] 
45.096: [GC (Allocation Failure) [PSYoungGen: 57920K->96K(57344K)] 59755K->1931K(232448K), 0.0004939 secs] [Times: user=0.00 sys=0.00, real=0.00 secs] 
45.138: [GC (Allocation Failure) [PSYoungGen: 56928K->96K(69120K)] 58763K->1931K(244224K), 0.0005482 secs] [Times: user=0.00 sys=0.00, real=0.00 secs] 
45.190: [GC (Allocation Failure) [PSYoungGen: 68704K->96K(82944K)] 70539K->1931K(258048K), 0.0005278 secs] [Times: user=0.00 sys=0.00, real=0.00 secs] 
45.252: [GC (Allocation Failure) [PSYoungGen: 82528K->96K(80896K)] 84363K->1931K(256000K), 0.0005289 secs] [Times: user=0.00 sys=0.00, real=0.00 secs] 
45.311: [GC (Allocation Failure) [PSYoungGen: 80480K->96K(78848K)] 82315K->1931K(253952K), 0.0004886 secs] [Times: user=0.00 sys=0.00, real=0.00 secs] 
45.369: [GC (Allocation Failure) [PSYoungGen: 78432K->96K(76800K)] 80267K->1931K(251904K), 0.0004897 secs] [Times: user=0.00 sys=0.00, real=0.00 secs] 
45.426: [GC (Allocation Failure) [PSYoungGen: 76384K->96K(74752K)] 78219K->1931K(249856K), 0.0005076 secs] [Times: user=0.00 sys=0.00, real=0.00 secs] 
45.481: [GC (Allocation Failure) [PSYoungGen: 74336K->96K(73216K)] 76171K->1931K(248320K), 0.0004874 secs] [Times: user=0.00 sys=0.00, real=0.01 secs] 
45.537: [GC (Allocation Failure) [PSYoungGen: 72800K->96K(71680K)] 74635K->1931K(246784K), 0.0004962 secs] [Times: user=0.00 sys=0.00, real=0.00 secs] 
45.589: [GC (Allocation Failure) [PSYoungGen: 71263K->96K(70144K)] 73099K->1931K(245248K), 0.0004967 secs] [Times: user=0.00 sys=0.00, real=0.00 secs] 
45.639: [GC (Allocation Failure) [PSYoungGen: 69728K->32K(68608K)] 71563K->1867K(243712K), 0.0005125 secs] [Times: user=0.00 sys=0.00, real=0.00 secs] 
45.689: [GC (Allocation Failure) [PSYoungGen: 68128K->96K(67072K)] 69963K->1931K(242176K), 0.0004930 secs] [Times: user=0.00 sys=0.00, real=0.00 secs] 
45.739: [GC (Allocation Failure) [PSYoungGen: 66656K->96K(65536K)] 68491K->1931K(240640K), 0.0004908 secs] [Times: user=0.00 sys=0.00, real=0.00 secs] 
45.788: [GC (Allocation Failure) [PSYoungGen: 65120K->96K(64000K)] 66955K->1931K(239104K), 0.0004887 secs] [Times: user=0.00 sys=0.00, real=0.00 secs] 
45.839: [GC (Allocation Failure) [PSYoungGen: 63584K->96K(62464K)] 65419K->1931K(237568K), 0.0005005 secs] [Times: user=0.00 sys=0.00, real=0.00 secs] 
45.887: [GC (Allocation Failure) [PSYoungGen: 62048K->64K(61440K)] 63883K->1899K(236544K), 0.0005144 secs] [Times: user=0.00 sys=0.00, real=0.00 secs] 
45.933: [GC (Allocation Failure) [PSYoungGen: 60992K->96K(60416K)] 62827K->1931K(235520K), 0.0005769 secs] [Times: user=0.00 sys=0.00, real=0.00 secs] 
45.977: [GC (Allocation Failure) [PSYoungGen: 60000K->64K(59392K)] 61835K->1899K(234496K), 0.0004979 secs] [Times: user=0.00 sys=0.00, real=0.00 secs] 
46.022: [GC (Allocation Failure) [PSYoungGen: 58944K->32K(71168K)] 60779K->1867K(246272K), 0.0006847 secs] [Times: user=0.00 sys=0.00, real=0.00 secs] 
46.076: [GC (Allocation Failure) [PSYoungGen: 70688K->96K(85504K)] 72523K->1931K(260608K), 0.0004865 secs] [Times: user=0.00 sys=0.00, real=0.00 secs] 
46.143: [GC (Allocation Failure) [PSYoungGen: 85088K->32K(83456K)] 86923K->1867K(258560K), 0.0006001 secs] [Times: user=0.00 sys=0.00, real=0.00 secs] 
46.209: [GC (Allocation Failure) [PSYoungGen: 82976K->32K(100352K)] 84811K->1867K(275456K), 0.0012631 secs] [Times: user=0.00 sys=0.00, real=0.00 secs] 
46.289: [GC (Allocation Failure) [PSYoungGen: 99871K->32K(120320K)] 101707K->1867K(295424K), 0.0010243 secs] [Times: user=0.00 sys=0.00, real=0.00 secs] 
46.390: [GC (Allocation Failure) [PSYoungGen: 119840K->96K(116736K)] 121675K->1931K(291840K), 0.0004922 secs] [Times: user=0.00 sys=0.00, real=0.00 secs] 
46.473: [GC (Allocation Failure) [PSYoungGen: 116319K->96K(113152K)] 118155K->1931K(288256K), 0.0005923 secs] [Times: user=0.00 sys=0.00, real=0.00 secs] 
46.553: [GC (Allocation Failure) [PSYoungGen: 112736K->96K(110080K)] 114571K->1931K(285184K), 0.0005050 secs] [Times: user=0.00 sys=0.00, real=0.00 secs] 
46.632: [GC (Allocation Failure) [PSYoungGen: 109664K->96K(107008K)] 111499K->1931K(282112K), 0.0005444 secs] [Times: user=0.00 sys=0.00, real=0.00 secs] 
46.708: [GC (Allocation Failure) [PSYoungGen: 106592K->64K(103936K)] 108427K->1899K(279040K), 0.0007381 secs] [Times: user=0.00 sys=0.00, real=0.00 secs] 
46.785: [GC (Allocation Failure) [PSYoungGen: 103488K->64K(100864K)] 105323K->1899K(275968K), 0.0004971 secs] [Times: user=0.00 sys=0.00, real=0.00 secs] 
46.864: [GC (Allocation Failure) [PSYoungGen: 100416K->96K(98304K)] 102251K->1931K(273408K), 0.0011772 secs] [Times: user=0.00 sys=0.00, real=0.00 secs] 
46.944: [GC (Allocation Failure) [PSYoungGen: 97888K->96K(95744K)] 99723K->1931K(270848K), 0.0004926 secs] [Times: user=0.00 sys=0.00, real=0.00 secs] 
47.012: [GC (Allocation Failure) [PSYoungGen: 95328K->96K(93184K)] 97163K->1931K(268288K), 0.0005376 secs] [Times: user=0.01 sys=0.00, real=0.00 secs] 
47.078: [GC (Allocation Failure) [PSYoungGen: 92768K->96K(90624K)] 94603K->1931K(265728K), 0.0005001 secs] [Times: user=0.00 sys=0.00, real=0.00 secs] 
47.143: [GC (Allocation Failure) [PSYoungGen: 90208K->64K(88064K)] 92043K->1899K(263168K), 0.0005704 secs] [Times: user=0.00 sys=0.00, real=0.00 secs] 
47.206: [GC (Allocation Failure) [PSYoungGen: 87616K->32K(86016K)] 89451K->1867K(261120K), 0.0005018 secs] [Times: user=0.00 sys=0.00, real=0.00 secs] 
47.267: [GC (Allocation Failure) [PSYoungGen: 85536K->96K(83968K)] 87371K->1931K(259072K), 0.0005091 secs] [Times: user=0.00 sys=0.00, real=0.00 secs] 
47.327: [GC (Allocation Failure) [PSYoungGen: 83552K->96K(81920K)] 85387K->1931K(257024K), 0.0005216 secs] [Times: user=0.00 sys=0.00, real=0.00 secs] 
47.386: [GC (Allocation Failure) [PSYoungGen: 81504K->96K(79872K)] 83339K->1931K(254976K), 0.0004942 secs] [Times: user=0.00 sys=0.00, real=0.00 secs] 
47.443: [GC (Allocation Failure) [PSYoungGen: 79456K->32K(77824K)] 81291K->1867K(252928K), 0.0005147 secs] [Times: user=0.00 sys=0.00, real=0.00 secs] 
47.498: [GC (Allocation Failure) [PSYoungGen: 77344K->32K(93696K)] 79179K->1867K(268800K), 0.0010571 secs] [Times: user=0.00 sys=0.00, real=0.00 secs] 
47.570: [GC (Allocation Failure) [PSYoungGen: 93216K->96K(91136K)] 95051K->1931K(266240K), 0.0005038 secs] [Times: user=0.00 sys=0.00, real=0.00 secs] 
47.640: [GC (Allocation Failure) [PSYoungGen: 90720K->64K(88576K)] 92555K->1899K(263680K), 0.0004919 secs] [Times: user=0.00 sys=0.00, real=0.00 secs] 
47.707: [GC (Allocation Failure) [PSYoungGen: 88128K->96K(86528K)] 89963K->1931K(261632K), 0.0004939 secs] [Times: user=0.00 sys=0.00, real=0.00 secs] 
47.771: [GC (Allocation Failure) [PSYoungGen: 86112K->96K(84480K)] 87947K->1931K(259584K), 0.0005647 secs] [Times: user=0.00 sys=0.00, real=0.00 secs] 
47.836: [GC (Allocation Failure) [PSYoungGen: 84064K->128K(82432K)] 85899K->1963K(257536K), 0.0005107 secs] [Times: user=0.00 sys=0.00, real=0.00 secs] 
47.895: [GC (Allocation Failure) [PSYoungGen: 82048K->64K(80384K)] 83883K->1899K(255488K), 0.0004957 secs] [Times: user=0.00 sys=0.00, real=0.00 secs] 
47.956: [GC (Allocation Failure) [PSYoungGen: 79936K->96K(78336K)] 81771K->1931K(253440K), 0.0004958 secs] [Times: user=0.00 sys=0.00, real=0.00 secs] 
48.012: [GC (Allocation Failure) [PSYoungGen: 77920K->64K(76288K)] 79755K->1899K(251392K), 0.0004976 secs] [Times: user=0.00 sys=0.00, real=0.00 secs] 
48.069: [GC (Allocation Failure) [PSYoungGen: 75840K->64K(74752K)] 77675K->1899K(249856K), 0.0005148 secs] [Times: user=0.00 sys=0.00, real=0.00 secs] 
48.122: [GC (Allocation Failure) [PSYoungGen: 74304K->96K(73216K)] 76139K->1931K(248320K), 0.0004966 secs] [Times: user=0.00 sys=0.00, real=0.00 secs] 
48.178: [GC (Allocation Failure) [PSYoungGen: 72800K->64K(88064K)] 74635K->1899K(263168K), 0.0010515 secs] [Times: user=0.01 sys=0.00, real=0.00 secs] 
48.276: [GC (Allocation Failure) [PSYoungGen: 87616K->96K(86016K)] 89451K->1931K(261120K), 0.0005157 secs] [Times: user=0.00 sys=0.00, real=0.00 secs] 
48.337: [GC (Allocation Failure) [PSYoungGen: 85600K->64K(83968K)] 87435K->1899K(259072K), 0.0006968 secs] [Times: user=0.01 sys=0.00, real=0.00 secs] 
48.406: [GC (Allocation Failure) [PSYoungGen: 83520K->96K(81920K)] 85355K->1931K(257024K), 0.0004877 secs] [Times: user=0.00 sys=0.00, real=0.00 secs] 
48.497: [GC (Allocation Failure) [PSYoungGen: 81504K->32K(98304K)] 83339K->1867K(273408K), 0.0105899 secs] [Times: user=0.00 sys=0.00, real=0.01 secs] 
48.631: [GC (Allocation Failure) [PSYoungGen: 97824K->64K(118272K)] 99659K->1899K(293376K), 0.0010592 secs] [Times: user=0.00 sys=0.00, real=0.01 secs] 
48.722: [GC (Allocation Failure) [PSYoungGen: 117824K->96K(141824K)] 119659K->1931K(316928K), 0.0004950 secs] [Times: user=0.00 sys=0.00, real=0.00 secs] 
48.839: [GC (Allocation Failure) [PSYoungGen: 141408K->64K(170496K)] 143243K->1899K(345600K), 0.0006940 secs] [Times: user=0.00 sys=0.00, real=0.00 secs] 
48.978: [GC (Allocation Failure) [PSYoungGen: 170048K->96K(204800K)] 171883K->1931K(379904K), 0.0005202 secs] [Times: user=0.00 sys=0.00, real=0.00 secs] 
49.138: [GC (Allocation Failure) [PSYoungGen: 204384K->32K(245760K)] 206219K->1867K(420864K), 0.0006094 secs] [Times: user=0.01 sys=0.00, real=0.00 secs] 
49.379: [GC (Allocation Failure) [PSYoungGen: 245280K->96K(236544K)] 247115K->1931K(411648K), 0.0005983 secs] [Times: user=0.01 sys=0.00, real=0.00 secs] 
49.569: [GC (Allocation Failure) [PSYoungGen: 236128K->32K(227328K)] 237963K->1867K(402432K), 0.0005269 secs] [Times: user=0.01 sys=0.00, real=0.00 secs] 
49.740: [GC (Allocation Failure) [PSYoungGen: 226848K->64K(218624K)] 228683K->1899K(393728K), 0.0010830 secs] [Times: user=0.00 sys=0.00, real=0.01 secs] 
49.935: [GC (Allocation Failure) [PSYoungGen: 218176K->96K(210432K)] 220011K->1931K(385536K), 0.0005041 secs] [Times: user=0.00 sys=0.00, real=0.00 secs] 
50.095: [GC (Allocation Failure) [PSYoungGen: 210016K->32K(202752K)] 211851K->1867K(377856K), 0.0005097 secs] [Times: user=0.00 sys=0.00, real=0.00 secs] 
50.256: [GC (Allocation Failure) [PSYoungGen: 202272K->64K(195584K)] 204107K->1899K(370688K), 0.0010580 secs] [Times: user=0.00 sys=0.01, real=0.00 secs] 
50.428: [GC (Allocation Failure) [PSYoungGen: 195136K->96K(188416K)] 196971K->1931K(363520K), 0.0005174 secs] [Times: user=0.00 sys=0.00, real=0.00 secs] 
50.577: [GC (Allocation Failure) [PSYoungGen: 188000K->32K(181760K)] 189835K->1891K(356864K), 0.0011162 secs] [Times: user=0.00 sys=0.00, real=0.00 secs] 
50.764: [GC (Allocation Failure) [PSYoungGen: 181280K->64K(175616K)] 183139K->1923K(350720K), 0.0011070 secs] [Times: user=0.01 sys=0.00, real=0.00 secs] 
51.224: [GC (Allocation Failure) [PSYoungGen: 175168K->64K(169472K)] 177027K->1923K(344576K), 0.0091999 secs] [Times: user=0.00 sys=0.00, real=0.01 secs] 
51.486: [GC (Allocation Failure) [PSYoungGen: 169024K->96K(163840K)] 170883K->1955K(338944K), 0.0005647 secs] [Times: user=0.00 sys=0.00, real=0.00 secs] 
51.620: [GC (Allocation Failure) [PSYoungGen: 163424K->64K(158208K)] 165283K->1923K(333312K), 0.0019361 secs] [Times: user=0.01 sys=0.00, real=0.01 secs] 
51.779: [GC (Allocation Failure) [PSYoungGen: 157760K->64K(153088K)] 159619K->1923K(328192K), 0.0011324 secs] [Times: user=0.00 sys=0.00, real=0.00 secs] 
51.953: [GC (Allocation Failure) [PSYoungGen: 152640K->64K(147968K)] 154499K->1923K(323072K), 0.0022597 secs] [Times: user=0.00 sys=0.00, real=0.00 secs] 
52.094: [GC (Allocation Failure) [PSYoungGen: 147520K->32K(177664K)] 149379K->1891K(352768K), 0.0019698 secs] [Times: user=0.00 sys=0.00, real=0.00 secs] 
52.270: [GC (Allocation Failure) [PSYoungGen: 177184K->64K(171520K)] 179043K->1923K(346624K), 0.0011326 secs] [Times: user=0.00 sys=0.00, real=0.01 secs] 
52.435: [GC (Allocation Failure) [PSYoungGen: 171072K->64K(165376K)] 172931K->1923K(340480K), 0.0010456 secs] [Times: user=0.00 sys=0.00, real=0.00 secs] 
52.627: [GC (Allocation Failure) [PSYoungGen: 164928K->64K(159744K)] 166787K->1923K(334848K), 0.0015231 secs] [Times: user=0.01 sys=0.00, real=0.00 secs] 
52.845: [GC (Allocation Failure) [PSYoungGen: 159296K->96K(154112K)] 161155K->1955K(329216K), 0.0008056 secs] [Times: user=0.00 sys=0.00, real=0.00 secs] 
52.999: [GC (Allocation Failure) [PSYoungGen: 153696K->64K(148992K)] 155555K->1923K(324096K), 0.0011182 secs] [Times: user=0.00 sys=0.00, real=0.00 secs] 
53.140: [GC (Allocation Failure) [PSYoungGen: 148544K->64K(143872K)] 150403K->1923K(318976K), 0.0011537 secs] [Times: user=0.00 sys=0.00, real=0.01 secs] 
53.267: [GC (Allocation Failure) [PSYoungGen: 143424K->96K(139264K)] 145283K->1955K(314368K), 0.0005528 secs] [Times: user=0.00 sys=0.00, real=0.00 secs] 
53.389: [GC (Allocation Failure) [PSYoungGen: 138848K->96K(134656K)] 140707K->1955K(309760K), 0.0007777 secs] [Times: user=0.00 sys=0.00, real=0.00 secs] 
53.508: [GC (Allocation Failure) [PSYoungGen: 134240K->64K(130560K)] 136099K->1923K(305664K), 0.0006002 secs] [Times: user=0.00 sys=0.00, real=0.00 secs] 
53.616: [GC (Allocation Failure) [PSYoungGen: 130112K->96K(126464K)] 131971K->1955K(301568K), 0.0005454 secs] [Times: user=0.00 sys=0.00, real=0.00 secs] 
53.715: [GC (Allocation Failure) [PSYoungGen: 126048K->96K(122368K)] 127907K->1955K(297472K), 0.0005976 secs] [Times: user=0.00 sys=0.00, real=0.00 secs] 
53.814: [GC (Allocation Failure) [PSYoungGen: 121952K->96K(118784K)] 123811K->1955K(293888K), 0.0005331 secs] [Times: user=0.00 sys=0.00, real=0.00 secs] 
53.911: [GC (Allocation Failure) [PSYoungGen: 118368K->96K(115200K)] 120227K->1955K(290304K), 0.0005580 secs] [Times: user=0.00 sys=0.00, real=0.00 secs] 
54.002: [GC (Allocation Failure) [PSYoungGen: 114784K->96K(111616K)] 116643K->1955K(286720K), 0.0005851 secs] [Times: user=0.00 sys=0.00, real=0.00 secs] 
54.093: [GC (Allocation Failure) [PSYoungGen: 111200K->96K(108544K)] 113059K->1955K(283648K), 0.0005842 secs] [Times: user=0.00 sys=0.00, real=0.00 secs] 
54.179: [GC (Allocation Failure) [PSYoungGen: 108128K->32K(105472K)] 109987K->1891K(280576K), 0.0006220 secs] [Times: user=0.00 sys=0.00, real=0.00 secs] 
54.260: [GC (Allocation Failure) [PSYoungGen: 104992K->96K(102400K)] 106851K->1955K(277504K), 0.0005266 secs] [Times: user=0.00 sys=0.00, real=0.00 secs] 
54.363: [GC (Allocation Failure) [PSYoungGen: 101984K->96K(99328K)] 103843K->1955K(274432K), 0.0008796 secs] [Times: user=0.01 sys=0.00, real=0.00 secs] 
54.450: [GC (Allocation Failure) [PSYoungGen: 98912K->32K(96768K)] 100771K->1891K(271872K), 0.0005187 secs] [Times: user=0.00 sys=0.00, real=0.00 secs] 
54.528: [GC (Allocation Failure) [PSYoungGen: 96288K->96K(94208K)] 98147K->1955K(269312K), 0.0005161 secs] [Times: user=0.00 sys=0.00, real=0.00 secs] 
54.604: [GC (Allocation Failure) [PSYoungGen: 93792K->64K(91648K)] 95651K->1923K(266752K), 0.0011034 secs] [Times: user=0.01 sys=0.00, real=0.00 secs] 
54.694: [GC (Allocation Failure) [PSYoungGen: 91200K->0K(89088K)] 93059K->1859K(264192K), 0.0010909 secs] [Times: user=0.00 sys=0.00, real=0.00 secs] 
54.766: [GC (Allocation Failure) [PSYoungGen: 88576K->64K(107008K)] 90435K->1923K(282112K), 0.0011236 secs] [Times: user=0.00 sys=0.00, real=0.00 secs] 
54.857: [GC (Allocation Failure) [PSYoungGen: 106560K->64K(128512K)] 108419K->1923K(303616K), 0.0011317 secs] [Times: user=0.00 sys=0.00, real=0.00 secs] 
54.959: [GC (Allocation Failure) [PSYoungGen: 128064K->64K(154112K)] 129923K->1923K(329216K), 0.0011077 secs] [Times: user=0.00 sys=0.01, real=0.00 secs] 
55.088: [GC (Allocation Failure) [PSYoungGen: 153664K->96K(148992K)] 155523K->1955K(324096K), 0.0005122 secs] [Times: user=0.00 sys=0.00, real=0.00 secs] 
55.202: [GC (Allocation Failure) [PSYoungGen: 148576K->64K(143872K)] 150435K->1923K(318976K), 0.0011103 secs] [Times: user=0.00 sys=0.00, real=0.00 secs] 
55.313: [GC (Allocation Failure) [PSYoungGen: 143424K->96K(139264K)] 145283K->1955K(314368K), 0.0005288 secs] [Times: user=0.00 sys=0.00, real=0.00 secs] 
55.428: [GC (Allocation Failure) [PSYoungGen: 138848K->64K(134656K)] 140707K->1923K(309760K), 0.0010984 secs] [Times: user=0.01 sys=0.00, real=0.00 secs] 
55.552: [GC (Allocation Failure) [PSYoungGen: 134208K->96K(130560K)] 136067K->1955K(305664K), 0.0005166 secs] [Times: user=0.00 sys=0.00, real=0.00 secs] 
55.664: [GC (Allocation Failure) [PSYoungGen: 130144K->32K(126464K)] 132003K->1891K(301568K), 0.0017111 secs] [Times: user=0.00 sys=0.00, real=0.00 secs] 
55.776: [GC (Allocation Failure) [PSYoungGen: 125984K->96K(122368K)] 127843K->1955K(297472K), 0.0005200 secs] [Times: user=0.00 sys=0.00, real=0.00 secs] 
55.878: [GC (Allocation Failure) [PSYoungGen: 121952K->32K(118784K)] 123811K->1891K(293888K), 0.0005009 secs] [Times: user=0.00 sys=0.00, real=0.00 secs] 
55.974: [GC (Allocation Failure) [PSYoungGen: 118304K->32K(115200K)] 120163K->1891K(290304K), 0.0005281 secs] [Times: user=0.00 sys=0.00, real=0.00 secs] 
56.067: [GC (Allocation Failure) [PSYoungGen: 114720K->64K(111616K)] 116579K->1923K(286720K), 0.0005240 secs] [Times: user=0.00 sys=0.00, real=0.00 secs] 
56.164: [GC (Allocation Failure) [PSYoungGen: 111168K->96K(108544K)] 113027K->1955K(283648K), 0.0005635 secs] [Times: user=0.00 sys=0.00, real=0.00 secs] 
56.259: [GC (Allocation Failure) [PSYoungGen: 108128K->64K(105472K)] 109987K->1923K(280576K), 0.0005356 secs] [Times: user=0.00 sys=0.00, real=0.00 secs] 
56.341: [GC (Allocation Failure) [PSYoungGen: 105024K->96K(102400K)] 106883K->1955K(277504K), 0.0005219 secs] [Times: user=0.00 sys=0.00, real=0.00 secs] 
56.422: [GC (Allocation Failure) [PSYoungGen: 101984K->96K(99328K)] 103843K->1955K(274432K), 0.0005194 secs] [Times: user=0.00 sys=0.00, real=0.00 secs] 
56.509: [GC (Allocation Failure) [PSYoungGen: 98912K->32K(119296K)] 100771K->1891K(294400K), 0.0023553 secs] [Times: user=0.00 sys=0.00, real=0.01 secs] 
56.633: [GC (Allocation Failure) [PSYoungGen: 118816K->32K(143360K)] 120675K->1891K(318464K), 0.0011501 secs] [Times: user=0.01 sys=0.00, real=0.00 secs] 
56.795: [GC (Allocation Failure) [PSYoungGen: 142880K->96K(138752K)] 144739K->1955K(313856K), 0.0005191 secs] [Times: user=0.00 sys=0.00, real=0.00 secs] 
56.907: [GC (Allocation Failure) [PSYoungGen: 138336K->96K(134144K)] 140195K->1955K(309248K), 0.0006030 secs] [Times: user=0.00 sys=0.00, real=0.00 secs] 
57.009: [GC (Allocation Failure) [PSYoungGen: 133728K->96K(130048K)] 135587K->1955K(305152K), 0.0005227 secs] [Times: user=0.00 sys=0.00, real=0.00 secs] 
57.107: [GC (Allocation Failure) [PSYoungGen: 129632K->64K(125952K)] 131491K->1923K(301056K), 0.0005112 secs] [Times: user=0.00 sys=0.00, real=0.00 secs] 
57.201: [GC (Allocation Failure) [PSYoungGen: 125504K->96K(121856K)] 127363K->1955K(296960K), 0.0005593 secs] [Times: user=0.00 sys=0.00, real=0.00 secs] 
57.309: [GC (Allocation Failure) [PSYoungGen: 121440K->32K(118272K)] 123299K->1891K(293376K), 0.0011530 secs] [Times: user=0.00 sys=0.00, real=0.00 secs] 
57.411: [GC (Allocation Failure) [PSYoungGen: 117792K->64K(114688K)] 119651K->1923K(289792K), 0.0005692 secs] [Times: user=0.00 sys=0.00, real=0.00 secs] 
57.505: [GC (Allocation Failure) [PSYoungGen: 114240K->96K(111104K)] 116099K->1955K(286208K), 0.0005779 secs] [Times: user=0.00 sys=0.00, real=0.00 secs] 
57.588: [GC (Allocation Failure) [PSYoungGen: 110688K->96K(108032K)] 112547K->1955K(283136K), 0.0005132 secs] [Times: user=0.00 sys=0.00, real=0.00 secs] 
57.669: [GC (Allocation Failure) [PSYoungGen: 107616K->96K(104960K)] 109475K->1955K(280064K), 0.0005417 secs] [Times: user=0.01 sys=0.00, real=0.00 secs] 
57.745: [GC (Allocation Failure) [PSYoungGen: 104544K->64K(101888K)] 106403K->1923K(276992K), 0.0013832 secs] [Times: user=0.00 sys=0.00, real=0.00 secs] 
57.820: [GC (Allocation Failure) [PSYoungGen: 101440K->96K(98816K)] 103299K->1955K(273920K), 0.0005031 secs] [Times: user=0.00 sys=0.00, real=0.01 secs] 
57.893: [GC (Allocation Failure) [PSYoungGen: 98400K->96K(96256K)] 100259K->1955K(271360K), 0.0005714 secs] [Times: user=0.00 sys=0.00, real=0.00 secs] 
57.966: [GC (Allocation Failure) [PSYoungGen: 95840K->96K(93696K)] 97699K->1955K(268800K), 0.0005739 secs] [Times: user=0.00 sys=0.00, real=0.00 secs] 
58.034: [GC (Allocation Failure) [PSYoungGen: 93280K->64K(91136K)] 95139K->1923K(266240K), 0.0005038 secs] [Times: user=0.00 sys=0.00, real=0.00 secs] 
58.100: [GC (Allocation Failure) [PSYoungGen: 90688K->96K(88576K)] 92547K->1955K(263680K), 0.0005041 secs] [Times: user=0.00 sys=0.00, real=0.01 secs] 
58.164: [GC (Allocation Failure) [PSYoungGen: 88160K->96K(86528K)] 90019K->1955K(261632K), 0.0005116 secs] [Times: user=0.00 sys=0.00, real=0.00 secs] 
58.226: [GC (Allocation Failure) [PSYoungGen: 86112K->96K(84480K)] 87971K->1955K(259584K), 0.0004994 secs] [Times: user=0.00 sys=0.00, real=0.00 secs] 
58.289: [GC (Allocation Failure) [PSYoungGen: 84064K->96K(82432K)] 85923K->1955K(257536K), 0.0005064 secs] [Times: user=0.00 sys=0.00, real=0.00 secs] 
58.349: [GC (Allocation Failure) [PSYoungGen: 82016K->64K(80384K)] 83875K->1923K(255488K), 0.0009749 secs] [Times: user=0.00 sys=0.01, real=0.00 secs] 
58.409: [GC (Allocation Failure) [PSYoungGen: 79936K->32K(78336K)] 81795K->1891K(253440K), 0.0006901 secs] [Times: user=0.00 sys=0.00, real=0.00 secs] 
58.468: [GC (Allocation Failure) [PSYoungGen: 77856K->64K(94208K)] 79715K->1923K(269312K), 0.0019896 secs] [Times: user=0.01 sys=0.00, real=0.00 secs] 
58.564: [GC (Allocation Failure) [PSYoungGen: 93760K->96K(113152K)] 95619K->1955K(288256K), 0.0005018 secs] [Times: user=0.00 sys=0.00, real=0.00 secs] 
58.660: [GC (Allocation Failure) [PSYoungGen: 112736K->96K(135680K)] 114595K->1955K(310784K), 0.0005233 secs] [Times: user=0.00 sys=0.00, real=0.01 secs] 
58.769: [GC (Allocation Failure) [PSYoungGen: 135264K->64K(162816K)] 137123K->1923K(337920K), 0.0015608 secs] [Times: user=0.01 sys=0.00, real=0.00 secs] 
58.892: [GC (Allocation Failure) [PSYoungGen: 162368K->96K(157184K)] 164227K->1955K(332288K), 0.0005285 secs] [Times: user=0.00 sys=0.00, real=0.00 secs] 
59.006: [GC (Allocation Failure) [PSYoungGen: 156768K->96K(152064K)] 158627K->1955K(327168K), 0.0005192 secs] [Times: user=0.00 sys=0.00, real=0.00 secs] 
59.118: [GC (Allocation Failure) [PSYoungGen: 151648K->64K(146944K)] 153507K->1923K(322048K), 0.0005348 secs] [Times: user=0.00 sys=0.00, real=0.00 secs] 
59.225: [GC (Allocation Failure) [PSYoungGen: 146496K->64K(142336K)] 148355K->1923K(317440K), 0.0004979 secs] [Times: user=0.00 sys=0.00, real=0.00 secs] 
59.325: [GC (Allocation Failure) [PSYoungGen: 141888K->96K(137728K)] 143747K->1955K(312832K), 0.0005190 secs] [Times: user=0.00 sys=0.00, real=0.00 secs] 
59.422: [GC (Allocation Failure) [PSYoungGen: 137312K->64K(133120K)] 139171K->1923K(308224K), 0.0005034 secs] [Times: user=0.00 sys=0.00, real=0.00 secs] 
59.518: [GC (Allocation Failure) [PSYoungGen: 132672K->64K(129024K)] 134531K->1923K(304128K), 0.0009444 secs] [Times: user=0.00 sys=0.00, real=0.00 secs] 
59.614: [GC (Allocation Failure) [PSYoungGen: 128576K->96K(124928K)] 130435K->1955K(300032K), 0.0005451 secs] [Times: user=0.00 sys=0.00, real=0.00 secs] 
59.705: [GC (Allocation Failure) [PSYoungGen: 124512K->64K(121344K)] 126371K->1923K(296448K), 0.0009832 secs] [Times: user=0.00 sys=0.00, real=0.00 secs] 
59.794: [GC (Allocation Failure) [PSYoungGen: 120896K->96K(117760K)] 122755K->1955K(292864K), 0.0045444 secs] [Times: user=0.00 sys=0.00, real=0.00 secs] 
59.885: [GC (Allocation Failure) [PSYoungGen: 117344K->96K(114176K)] 119203K->1955K(289280K), 0.0016109 secs] [Times: user=0.00 sys=0.00, real=0.01 secs] 
59.972: [GC (Allocation Failure) [PSYoungGen: 113760K->32K(110592K)] 115619K->1891K(285696K), 0.0005055 secs] [Times: user=0.00 sys=0.00, real=0.00 secs] 
60.051: [GC (Allocation Failure) [PSYoungGen: 110112K->32K(107520K)] 111971K->1891K(282624K), 0.0005321 secs] [Times: user=0.00 sys=0.00, real=0.00 secs] 
60.127: [GC (Allocation Failure) [PSYoungGen: 107040K->32K(104448K)] 108899K->1891K(279552K), 0.0005119 secs] [Times: user=0.00 sys=0.00, real=0.00 secs] 
60.205: [GC (Allocation Failure) [PSYoungGen: 103968K->96K(101376K)] 105827K->1955K(276480K), 0.0004943 secs] [Times: user=0.00 sys=0.00, real=0.00 secs] 
60.280: [GC (Allocation Failure) [PSYoungGen: 100960K->96K(98816K)] 102819K->1955K(273920K), 0.0004903 secs] [Times: user=0.00 sys=0.00, real=0.01 secs] 
60.358: [GC (Allocation Failure) [PSYoungGen: 98400K->160K(96256K)] 100259K->2019K(271360K), 0.0005201 secs] [Times: user=0.00 sys=0.00, real=0.00 secs] 
60.437: [GC (Allocation Failure) [PSYoungGen: 95904K->64K(93696K)] 97763K->1955K(268800K), 0.0006167 secs] [Times: user=0.00 sys=0.00, real=0.00 secs] 
60.507: [GC (Allocation Failure) [PSYoungGen: 93248K->64K(91136K)] 95139K->1955K(266240K), 0.0005011 secs] [Times: user=0.00 sys=0.00, real=0.00 secs] 
60.572: [GC (Allocation Failure) [PSYoungGen: 90688K->96K(88576K)] 92579K->1987K(263680K), 0.0005178 secs] [Times: user=0.00 sys=0.00, real=0.00 secs] 
60.634: [GC (Allocation Failure) [PSYoungGen: 88160K->32K(86528K)] 90051K->1923K(261632K), 0.0005037 secs] [Times: user=0.00 sys=0.00, real=0.00 secs] 
60.696: [GC (Allocation Failure) [PSYoungGen: 86048K->96K(84480K)] 87939K->1987K(259584K), 0.0005103 secs] [Times: user=0.00 sys=0.00, real=0.00 secs] 
60.756: [GC (Allocation Failure) [PSYoungGen: 84064K->32K(82432K)] 85955K->1923K(257536K), 0.0005108 secs] [Times: user=0.00 sys=0.00, real=0.00 secs] 
60.814: [GC (Allocation Failure) [PSYoungGen: 81952K->96K(80384K)] 83843K->1987K(255488K), 0.0004893 secs] [Times: user=0.00 sys=0.00, real=0.00 secs] 
60.871: [GC (Allocation Failure) [PSYoungGen: 79968K->96K(78336K)] 81859K->1987K(253440K), 0.0004987 secs] [Times: user=0.00 sys=0.00, real=0.00 secs] 
60.928: [GC (Allocation Failure) [PSYoungGen: 77920K->64K(76288K)] 79811K->1955K(251392K), 0.0005072 secs] [Times: user=0.00 sys=0.00, real=0.00 secs] 
60.982: [GC (Allocation Failure) [PSYoungGen: 75840K->64K(74752K)] 77731K->1955K(249856K), 0.0004946 secs] [Times: user=0.00 sys=0.00, real=0.00 secs] 
61.035: [GC (Allocation Failure) [PSYoungGen: 74304K->96K(73216K)] 76195K->1987K(248320K), 0.0004867 secs] [Times: user=0.00 sys=0.00, real=0.00 secs] 
61.087: [GC (Allocation Failure) [PSYoungGen: 72800K->64K(71680K)] 74691K->1955K(246784K), 0.0004902 secs] [Times: user=0.00 sys=0.00, real=0.00 secs] 
61.139: [GC (Allocation Failure) [PSYoungGen: 71232K->32K(70144K)] 73123K->1923K(245248K), 0.0005771 secs] [Times: user=0.01 sys=0.00, real=0.00 secs] 
61.189: [GC (Allocation Failure) [PSYoungGen: 69664K->96K(68608K)] 71555K->1987K(243712K), 0.0004984 secs] [Times: user=0.00 sys=0.00, real=0.00 secs] 
61.237: [GC (Allocation Failure) [PSYoungGen: 68192K->96K(67072K)] 70083K->1987K(242176K), 0.0004799 secs] [Times: user=0.00 sys=0.00, real=0.00 secs] 
61.284: [GC (Allocation Failure) [PSYoungGen: 66656K->64K(65536K)] 68547K->1955K(240640K), 0.0004975 secs] [Times: user=0.00 sys=0.00, real=0.00 secs] 
61.331: [GC (Allocation Failure) [PSYoungGen: 65088K->32K(64000K)] 66979K->1923K(239104K), 0.0005020 secs] [Times: user=0.00 sys=0.00, real=0.00 secs] 
61.377: [GC (Allocation Failure) [PSYoungGen: 63520K->96K(62464K)] 65411K->1987K(237568K), 0.0005067 secs] [Times: user=0.01 sys=0.00, real=0.00 secs] 
61.422: [GC (Allocation Failure) [PSYoungGen: 62048K->96K(61440K)] 63939K->1987K(236544K), 0.0005636 secs] [Times: user=0.00 sys=0.00, real=0.00 secs] 
61.465: [GC (Allocation Failure) [PSYoungGen: 61024K->32K(60416K)] 62915K->1923K(235520K), 0.0004903 secs] [Times: user=0.00 sys=0.00, real=0.00 secs] 
61.509: [GC (Allocation Failure) [PSYoungGen: 59936K->96K(72704K)] 61827K->1987K(247808K), 0.0006870 secs] [Times: user=0.00 sys=0.00, real=0.00 secs] 
61.564: [GC (Allocation Failure) [PSYoungGen: 72288K->32K(71168K)] 74179K->1923K(246272K), 0.0005559 secs] [Times: user=0.00 sys=0.00, real=0.00 secs] 
61.622: [GC (Allocation Failure) [PSYoungGen: 70688K->96K(69632K)] 72579K->1987K(244736K), 0.0006425 secs] [Times: user=0.00 sys=0.00, real=0.00 secs] 
61.681: [GC (Allocation Failure) [PSYoungGen: 69216K->96K(68096K)] 71107K->1987K(243200K), 0.0004972 secs] [Times: user=0.00 sys=0.00, real=0.00 secs] 
61.744: [GC (Allocation Failure) [PSYoungGen: 67680K->96K(66560K)] 69571K->1987K(241664K), 0.0004846 secs] [Times: user=0.00 sys=0.00, real=0.00 secs] 
61.807: [GC (Allocation Failure) [PSYoungGen: 66144K->96K(65024K)] 68035K->1987K(240128K), 0.0004961 secs] [Times: user=0.00 sys=0.00, real=0.00 secs] 
61.858: [GC (Allocation Failure) [PSYoungGen: 64608K->64K(78336K)] 66499K->1955K(253440K), 0.0012199 secs] [Times: user=0.01 sys=0.00, real=0.00 secs] 
61.918: [GC (Allocation Failure) [PSYoungGen: 77888K->32K(94208K)] 79779K->1923K(269312K), 0.0020298 secs] [Times: user=0.01 sys=0.00, real=0.00 secs] 
61.991: [GC (Allocation Failure) [PSYoungGen: 93727K->64K(113152K)] 95619K->1955K(288256K), 0.0005004 secs] [Times: user=0.01 sys=0.00, real=0.00 secs] 
62.075: [GC (Allocation Failure) [PSYoungGen: 112704K->64K(135680K)] 114595K->1955K(310784K), 0.0010201 secs] [Times: user=0.00 sys=0.00, real=0.00 secs] 
62.173: [GC (Allocation Failure) [PSYoungGen: 135232K->96K(162816K)] 137123K->1987K(337920K), 0.0005012 secs] [Times: user=0.01 sys=0.00, real=0.00 secs] 
62.290: [GC (Allocation Failure) [PSYoungGen: 162400K->96K(157184K)] 164291K->1987K(332288K), 0.0005204 secs] [Times: user=0.00 sys=0.00, real=0.01 secs] 
62.403: [GC (Allocation Failure) [PSYoungGen: 156768K->32K(152064K)] 158659K->1923K(327168K), 0.0005533 secs] [Times: user=0.00 sys=0.00, real=0.00 secs] 
62.511: [GC (Allocation Failure) [PSYoungGen: 151584K->96K(146944K)] 153475K->1987K(322048K), 0.0005274 secs] [Times: user=0.00 sys=0.00, real=0.00 secs] 
62.618: [GC (Allocation Failure) [PSYoungGen: 146528K->96K(142336K)] 148419K->1987K(317440K), 0.0004976 secs] [Times: user=0.00 sys=0.00, real=0.00 secs] 
62.723: [GC (Allocation Failure) [PSYoungGen: 141920K->64K(137728K)] 143811K->1955K(312832K), 0.0005165 secs] [Times: user=0.00 sys=0.00, real=0.00 secs] 
62.822: [GC (Allocation Failure) [PSYoungGen: 137280K->96K(133120K)] 139171K->1987K(308224K), 0.0005050 secs] [Times: user=0.00 sys=0.00, real=0.00 secs] 
62.917: [GC (Allocation Failure) [PSYoungGen: 132704K->96K(129024K)] 134595K->1987K(304128K), 0.0005136 secs] [Times: user=0.00 sys=0.00, real=0.00 secs] 
63.008: [GC (Allocation Failure) [PSYoungGen: 128608K->64K(124928K)] 130499K->1955K(300032K), 0.0008595 secs] [Times: user=0.01 sys=0.00, real=0.00 secs] 
63.098: [GC (Allocation Failure) [PSYoungGen: 124480K->96K(121344K)] 126371K->1987K(296448K), 0.0005127 secs] [Times: user=0.01 sys=0.00, real=0.00 secs] 
63.194: [GC (Allocation Failure) [PSYoungGen: 120928K->64K(117760K)] 122819K->1955K(292864K), 0.0011265 secs] [Times: user=0.00 sys=0.00, real=0.00 secs] 
63.280: [GC (Allocation Failure) [PSYoungGen: 117312K->64K(114176K)] 119203K->1955K(289280K), 0.0010604 secs] [Times: user=0.00 sys=0.00, real=0.01 secs] 
63.363: [GC (Allocation Failure) [PSYoungGen: 113728K->64K(110592K)] 115619K->1955K(285696K), 0.0005041 secs] [Times: user=0.00 sys=0.00, real=0.00 secs] 
63.442: [GC (Allocation Failure) [PSYoungGen: 110144K->96K(107520K)] 112035K->1987K(282624K), 0.0005267 secs] [Times: user=0.00 sys=0.00, real=0.00 secs] 
63.519: [GC (Allocation Failure) [PSYoungGen: 107104K->96K(104448K)] 108995K->1987K(279552K), 0.0004987 secs] [Times: user=0.00 sys=0.00, real=0.00 secs] 
63.597: [GC (Allocation Failure) [PSYoungGen: 104032K->96K(101376K)] 105923K->1987K(276480K), 0.0004971 secs] [Times: user=0.00 sys=0.00, real=0.00 secs] 
63.668: [GC (Allocation Failure) [PSYoungGen: 100960K->96K(98816K)] 102851K->1987K(273920K), 0.0005269 secs] [Times: user=0.00 sys=0.00, real=0.00 secs] 
63.740: [GC (Allocation Failure) [PSYoungGen: 98400K->64K(96256K)] 100291K->1955K(271360K), 0.0005074 secs] [Times: user=0.00 sys=0.00, real=0.00 secs] 
63.808: [GC (Allocation Failure) [PSYoungGen: 95808K->96K(93696K)] 97699K->1987K(268800K), 0.0005136 secs] [Times: user=0.00 sys=0.00, real=0.00 secs] 
63.876: [GC (Allocation Failure) [PSYoungGen: 93280K->32K(91136K)] 95171K->1923K(266240K), 0.0010558 secs] [Times: user=0.00 sys=0.00, real=0.00 secs] 
63.941: [GC (Allocation Failure) [PSYoungGen: 90656K->64K(88576K)] 92547K->1955K(263680K), 0.0005042 secs] [Times: user=0.00 sys=0.00, real=0.00 secs] 
64.006: [GC (Allocation Failure) [PSYoungGen: 88128K->64K(86528K)] 90019K->1955K(261632K), 0.0006169 secs] [Times: user=0.00 sys=0.00, real=0.00 secs] 
64.067: [GC (Allocation Failure) [PSYoungGen: 86080K->96K(84480K)] 87971K->1987K(259584K), 0.0005048 secs] [Times: user=0.00 sys=0.00, real=0.00 secs] 
64.128: [GC (Allocation Failure) [PSYoungGen: 84064K->64K(82432K)] 85955K->1955K(257536K), 0.0004967 secs] [Times: user=0.00 sys=0.00, real=0.00 secs] 
64.186: [GC (Allocation Failure) [PSYoungGen: 81984K->96K(80384K)] 83875K->1987K(255488K), 0.0005076 secs] [Times: user=0.00 sys=0.00, real=0.00 secs] 
64.243: [GC (Allocation Failure) [PSYoungGen: 79968K->96K(78336K)] 81859K->1987K(253440K), 0.0004903 secs] [Times: user=0.00 sys=0.00, real=0.00 secs] 
64.299: [GC (Allocation Failure) [PSYoungGen: 77920K->96K(76288K)] 79811K->1987K(251392K), 0.0005025 secs] [Times: user=0.00 sys=0.00, real=0.00 secs] 
64.353: [GC (Allocation Failure) [PSYoungGen: 75872K->64K(74752K)] 77763K->1955K(249856K), 0.0004847 secs] [Times: user=0.01 sys=0.00, real=0.00 secs] 
64.405: [GC (Allocation Failure) [PSYoungGen: 74304K->96K(73216K)] 76195K->1987K(248320K), 0.0004998 secs] [Times: user=0.00 sys=0.00, real=0.00 secs] 
64.458: [GC (Allocation Failure) [PSYoungGen: 72800K->32K(71680K)] 74691K->1923K(246784K), 0.0004804 secs] [Times: user=0.00 sys=0.00, real=0.00 secs] 
64.514: [GC (Allocation Failure) [PSYoungGen: 71200K->96K(70144K)] 73091K->1987K(245248K), 0.0004950 secs] [Times: user=0.00 sys=0.00, real=0.00 secs] 
64.573: [GC (Allocation Failure) [PSYoungGen: 69728K->96K(68608K)] 71619K->1987K(243712K), 0.0010154 secs] [Times: user=0.00 sys=0.00, real=0.00 secs] 
64.631: [GC (Allocation Failure) [PSYoungGen: 68192K->64K(67072K)] 70083K->1955K(242176K), 0.0005081 secs] [Times: user=0.01 sys=0.00, real=0.00 secs] 
64.685: [GC (Allocation Failure) [PSYoungGen: 66624K->64K(80384K)] 68515K->1955K(255488K), 0.0011304 secs] [Times: user=0.00 sys=0.00, real=0.00 secs] 
64.745: [GC (Allocation Failure) [PSYoungGen: 79936K->96K(96768K)] 81827K->1987K(271872K), 0.0005194 secs] [Times: user=0.00 sys=0.00, real=0.00 secs] 
64.814: [GC (Allocation Failure) [PSYoungGen: 96352K->96K(94208K)] 98243K->1987K(269312K), 0.0005039 secs] [Times: user=0.00 sys=0.00, real=0.00 secs] 
64.883: [GC (Allocation Failure) [PSYoungGen: 93792K->96K(91648K)] 95683K->1987K(266752K), 0.0005340 secs] [Times: user=0.01 sys=0.00, real=0.00 secs] 
64.950: [GC (Allocation Failure) [PSYoungGen: 91232K->96K(89088K)] 93123K->1987K(264192K), 0.0005022 secs] [Times: user=0.00 sys=0.00, real=0.00 secs] 
65.013: [GC (Allocation Failure) [PSYoungGen: 88672K->96K(87040K)] 90563K->1987K(262144K), 0.0005085 secs] [Times: user=0.01 sys=0.00, real=0.00 secs] 
65.074: [GC (Allocation Failure) [PSYoungGen: 86624K->96K(84992K)] 88515K->1987K(260096K), 0.0004929 secs] [Times: user=0.00 sys=0.00, real=0.00 secs] 
65.134: [GC (Allocation Failure) [PSYoungGen: 84576K->96K(82944K)] 86467K->1987K(258048K), 0.0004960 secs] [Times: user=0.00 sys=0.00, real=0.00 secs] 
65.192: [GC (Allocation Failure) [PSYoungGen: 82528K->32K(80896K)] 84419K->1923K(256000K), 0.0005047 secs] [Times: user=0.01 sys=0.00, real=0.00 secs] 
65.249: [GC (Allocation Failure) [PSYoungGen: 80416K->64K(78848K)] 82307K->1955K(253952K), 0.0004963 secs] [Times: user=0.00 sys=0.00, real=0.00 secs] 
65.304: [GC (Allocation Failure) [PSYoungGen: 78400K->64K(76800K)] 80291K->1955K(251904K), 0.0005082 secs] [Times: user=0.00 sys=0.00, real=0.00 secs] 
65.358: [GC (Allocation Failure) [PSYoungGen: 76352K->96K(74752K)] 78243K->1987K(249856K), 0.0004900 secs] [Times: user=0.00 sys=0.00, real=0.00 secs] 
65.411: [GC (Allocation Failure) [PSYoungGen: 74336K->96K(73216K)] 76227K->1987K(248320K), 0.0004918 secs] [Times: user=0.01 sys=0.00, real=0.00 secs] 
65.463: [GC (Allocation Failure) [PSYoungGen: 72800K->64K(71680K)] 74691K->1955K(246784K), 0.0004983 secs] [Times: user=0.00 sys=0.00, real=0.00 secs] 
65.515: [GC (Allocation Failure) [PSYoungGen: 71232K->64K(70144K)] 73123K->1955K(245248K), 0.0005111 secs] [Times: user=0.00 sys=0.00, real=0.00 secs] 
65.566: [GC (Allocation Failure) [PSYoungGen: 69696K->64K(68608K)] 71587K->1955K(243712K), 0.0005014 secs] [Times: user=0.00 sys=0.00, real=0.00 secs] 
65.616: [GC (Allocation Failure) [PSYoungGen: 68160K->32K(67072K)] 70051K->1923K(242176K), 0.0005064 secs] [Times: user=0.00 sys=0.00, real=0.00 secs] 
65.665: [GC (Allocation Failure) [PSYoungGen: 66592K->96K(65536K)] 68483K->1987K(240640K), 0.0004918 secs] [Times: user=0.00 sys=0.00, real=0.00 secs] 
65.711: [GC (Allocation Failure) [PSYoungGen: 65120K->96K(64000K)] 67011K->1987K(239104K), 0.0004967 secs] [Times: user=0.01 sys=0.00, real=0.00 secs] 
65.756: [GC (Allocation Failure) [PSYoungGen: 63584K->32K(62464K)] 65475K->1923K(237568K), 0.0004965 secs] [Times: user=0.00 sys=0.00, real=0.00 secs] 
65.800: [GC (Allocation Failure) [PSYoungGen: 61984K->64K(61440K)] 63875K->1955K(236544K), 0.0004898 secs] [Times: user=0.00 sys=0.00, real=0.00 secs] 
65.845: [GC (Allocation Failure) [PSYoungGen: 60992K->96K(60416K)] 62883K->1987K(235520K), 0.0005129 secs] [Times: user=0.00 sys=0.00, real=0.00 secs] 
65.889: [GC (Allocation Failure) [PSYoungGen: 60000K->64K(59392K)] 61891K->1955K(234496K), 0.0005002 secs] [Times: user=0.00 sys=0.00, real=0.00 secs] 
65.931: [GC (Allocation Failure) [PSYoungGen: 58944K->64K(58368K)] 60835K->1955K(233472K), 0.0004728 secs] [Times: user=0.01 sys=0.00, real=0.00 secs] 
65.973: [GC (Allocation Failure) [PSYoungGen: 57920K->128K(57344K)] 59811K->2019K(232448K), 0.0003757 secs] [Times: user=0.00 sys=0.00, real=0.00 secs] 
66.014: [GC (Allocation Failure) [PSYoungGen: 56960K->64K(69120K)] 58851K->1955K(244224K), 0.0010827 secs] [Times: user=0.00 sys=0.00, real=0.00 secs] 
66.063: [GC (Allocation Failure) [PSYoungGen: 68672K->64K(82944K)] 70563K->1955K(258048K), 0.0004986 secs] [Times: user=0.00 sys=0.00, real=0.00 secs] 
66.122: [GC (Allocation Failure) [PSYoungGen: 82496K->64K(99840K)] 84387K->1955K(274944K), 0.0005333 secs] [Times: user=0.00 sys=0.00, real=0.00 secs] 
66.193: [GC (Allocation Failure) [PSYoungGen: 99392K->64K(119808K)] 101283K->1955K(294912K), 0.0005238 secs] [Times: user=0.00 sys=0.00, real=0.00 secs] 
66.277: [GC (Allocation Failure) [PSYoungGen: 119360K->64K(116224K)] 121251K->1955K(291328K), 0.0005599 secs] [Times: user=0.00 sys=0.00, real=0.00 secs] 
66.363: [GC (Allocation Failure) [PSYoungGen: 115776K->96K(112640K)] 117667K->1987K(287744K), 0.0004994 secs] [Times: user=0.00 sys=0.00, real=0.00 secs] 
66.461: [GC (Allocation Failure) [PSYoungGen: 112224K->64K(109568K)] 114115K->1955K(284672K), 0.0010233 secs] [Times: user=0.00 sys=0.00, real=0.00 secs] 
66.559: [GC (Allocation Failure) [PSYoungGen: 109120K->96K(106496K)] 111011K->1987K(281600K), 0.0005069 secs] [Times: user=0.00 sys=0.00, real=0.00 secs] 
66.649: [GC (Allocation Failure) [PSYoungGen: 106080K->96K(103424K)] 107971K->1987K(278528K), 0.0005322 secs] [Times: user=0.00 sys=0.00, real=0.00 secs] 
66.736: [GC (Allocation Failure) [PSYoungGen: 103008K->32K(100352K)] 104899K->1923K(275456K), 0.0011690 secs] [Times: user=0.01 sys=0.00, real=0.00 secs] 
66.817: [GC (Allocation Failure) [PSYoungGen: 99872K->64K(97792K)] 101763K->1955K(272896K), 0.0005541 secs] [Times: user=0.00 sys=0.00, real=0.00 secs] 
66.898: [GC (Allocation Failure) [PSYoungGen: 97344K->32K(95232K)] 99235K->1923K(270336K), 0.0004903 secs] [Times: user=0.00 sys=0.00, real=0.00 secs] 
66.969: [GC (Allocation Failure) [PSYoungGen: 94752K->96K(92672K)] 96643K->1987K(267776K), 0.0005025 secs] [Times: user=0.00 sys=0.00, real=0.00 secs] 
67.038: [GC (Allocation Failure) [PSYoungGen: 92256K->96K(90112K)] 94147K->1987K(265216K), 0.0004939 secs] [Times: user=0.00 sys=0.00, real=0.00 secs] 
67.102: [GC (Allocation Failure) [PSYoungGen: 89696K->96K(87552K)] 91587K->1987K(262656K), 0.0004971 secs] [Times: user=0.00 sys=0.00, real=0.00 secs] 
67.164: [GC (Allocation Failure) [PSYoungGen: 87136K->96K(85504K)] 89027K->1987K(260608K), 0.0005013 secs] [Times: user=0.01 sys=0.00, real=0.00 secs] 
67.226: [GC (Allocation Failure) [PSYoungGen: 85088K->96K(83456K)] 86979K->1987K(258560K), 0.0005001 secs] [Times: user=0.00 sys=0.00, real=0.00 secs] 
67.290: [GC (Allocation Failure) [PSYoungGen: 83040K->64K(81408K)] 84931K->1955K(256512K), 0.0010973 secs] [Times: user=0.00 sys=0.00, real=0.01 secs] 
67.352: [GC (Allocation Failure) [PSYoungGen: 80960K->96K(79360K)] 82851K->1987K(254464K), 0.0005140 secs] [Times: user=0.00 sys=0.00, real=0.00 secs] 
67.408: [GC (Allocation Failure) [PSYoungGen: 78944K->96K(77312K)] 80835K->1987K(252416K), 0.0004869 secs] [Times: user=0.00 sys=0.00, real=0.00 secs] 
67.463: [GC (Allocation Failure) [PSYoungGen: 76896K->32K(75264K)] 78787K->1923K(250368K), 0.0004867 secs] [Times: user=0.00 sys=0.00, real=0.00 secs] 
67.517: [GC (Allocation Failure) [PSYoungGen: 74784K->64K(73728K)] 76675K->1955K(248832K), 0.0004930 secs] [Times: user=0.00 sys=0.00, real=0.00 secs] 
67.572: [GC (Allocation Failure) [PSYoungGen: 73280K->96K(72192K)] 75171K->1987K(247296K), 0.0004982 secs] [Times: user=0.00 sys=0.00, real=0.00 secs] 
67.626: [GC (Allocation Failure) [PSYoungGen: 71776K->96K(70656K)] 73667K->1987K(245760K), 0.0005093 secs] [Times: user=0.00 sys=0.00, real=0.00 secs] 
67.679: [GC (Allocation Failure) [PSYoungGen: 70240K->96K(69120K)] 72131K->1987K(244224K), 0.0004996 secs] [Times: user=0.01 sys=0.00, real=0.00 secs] 
67.729: [GC (Allocation Failure) [PSYoungGen: 68704K->96K(67584K)] 70595K->1987K(242688K), 0.0005226 secs] [Times: user=0.01 sys=0.00, real=0.00 secs] 
67.778: [GC (Allocation Failure) [PSYoungGen: 67168K->96K(66048K)] 69059K->1987K(241152K), 0.0004915 secs] [Times: user=0.00 sys=0.00, real=0.00 secs] 
67.827: [GC (Allocation Failure) [PSYoungGen: 65632K->96K(64512K)] 67523K->1987K(239616K), 0.0005170 secs] [Times: user=0.00 sys=0.00, real=0.00 secs] 
67.875: [GC (Allocation Failure) [PSYoungGen: 64096K->64K(62976K)] 65987K->1955K(238080K), 0.0005054 secs] [Times: user=0.00 sys=0.00, real=0.00 secs] 
67.947: [GC (Allocation Failure) [PSYoungGen: 62528K->64K(75776K)] 64419K->1955K(250880K), 0.0010679 secs] [Times: user=0.00 sys=0.00, real=0.00 secs] 
68.026: [GC (Allocation Failure) [PSYoungGen: 75328K->64K(91136K)] 77219K->1955K(266240K), 0.0012650 secs] [Times: user=0.00 sys=0.00, real=0.00 secs] 
68.110: [GC (Allocation Failure) [PSYoungGen: 90688K->64K(109568K)] 92579K->1955K(284672K), 0.0009834 secs] [Times: user=0.00 sys=0.00, real=0.00 secs] 
68.204: [GC (Allocation Failure) [PSYoungGen: 109120K->64K(131584K)] 111011K->1955K(306688K), 0.0010512 secs] [Times: user=0.00 sys=0.00, real=0.00 secs] 
68.354: [GC (Allocation Failure) [PSYoungGen: 131136K->64K(158208K)] 133027K->1955K(333312K), 0.0010813 secs] [Times: user=0.00 sys=0.00, real=0.00 secs] 
68.504: [GC (Allocation Failure) [PSYoungGen: 157760K->32K(153088K)] 159651K->1923K(328192K), 0.0011717 secs] [Times: user=0.00 sys=0.00, real=0.00 secs] 
68.940: [GC (Allocation Failure) [PSYoungGen: 152608K->96K(147968K)] 154499K->1987K(323072K), 0.0010433 secs] [Times: user=0.00 sys=0.00, real=0.00 secs] 
69.087: [GC (Allocation Failure) [PSYoungGen: 147552K->64K(143360K)] 149443K->1955K(318464K), 0.0012279 secs] [Times: user=0.00 sys=0.00, real=0.00 secs] 
69.364: [GC (Allocation Failure) [PSYoungGen: 142912K->32K(138752K)] 144803K->1923K(313856K), 0.0021479 secs] [Times: user=0.00 sys=0.00, real=0.00 secs] 
69.653: [GC (Allocation Failure) [PSYoungGen: 138272K->32K(134144K)] 140163K->1923K(309248K), 0.0005745 secs] [Times: user=0.00 sys=0.00, real=0.00 secs] 
69.842: [GC (Allocation Failure) [PSYoungGen: 133664K->32K(130048K)] 135555K->1923K(305152K), 0.0031937 secs] [Times: user=0.00 sys=0.00, real=0.00 secs] 
70.020: [GC (Allocation Failure) [PSYoungGen: 129568K->96K(125952K)] 131459K->1987K(301056K), 0.0011872 secs] [Times: user=0.00 sys=0.00, real=0.01 secs] 
70.137: [GC (Allocation Failure) [PSYoungGen: 125536K->32K(121856K)] 127427K->1923K(296960K), 0.0012578 secs] [Times: user=0.00 sys=0.00, real=0.00 secs] 
70.276: [GC (Allocation Failure) [PSYoungGen: 121376K->64K(118272K)] 123267K->1955K(293376K), 0.0011474 secs] [Times: user=0.00 sys=0.00, real=0.00 secs] 
70.401: [GC (Allocation Failure) [PSYoungGen: 117824K->64K(114688K)] 119715K->1955K(289792K), 0.0008307 secs] [Times: user=0.00 sys=0.00, real=0.00 secs] 
70.498: [GC (Allocation Failure) [PSYoungGen: 114240K->96K(111104K)] 116131K->2011K(286208K), 0.0005917 secs] [Times: user=0.00 sys=0.00, real=0.00 secs] 
70.590: [GC (Allocation Failure) [PSYoungGen: 110688K->96K(108032K)] 112603K->2011K(283136K), 0.0006468 secs] [Times: user=0.00 sys=0.00, real=0.01 secs] 
70.679: [GC (Allocation Failure) [PSYoungGen: 107616K->64K(104960K)] 109531K->1979K(280064K), 0.0007660 secs] [Times: user=0.00 sys=0.00, real=0.00 secs] 
70.780: [GC (Allocation Failure) [PSYoungGen: 104512K->64K(125952K)] 106427K->1979K(301056K), 0.0022993 secs] [Times: user=0.00 sys=0.00, real=0.00 secs] 
70.966: [GC (Allocation Failure) [PSYoungGen: 125504K->96K(121856K)] 127419K->2011K(296960K), 0.0015721 secs] [Times: user=0.00 sys=0.00, real=0.00 secs] 
71.084: [GC (Allocation Failure) [PSYoungGen: 121440K->96K(118272K)] 123355K->2011K(293376K), 0.0005426 secs] [Times: user=0.00 sys=0.00, real=0.00 secs] 
71.180: [GC (Allocation Failure) [PSYoungGen: 117856K->96K(114688K)] 119771K->2011K(289792K), 0.0005291 secs] [Times: user=0.01 sys=0.00, real=0.01 secs] 
71.315: [GC (Allocation Failure) [PSYoungGen: 114272K->64K(111104K)] 116187K->1979K(286208K), 0.0011453 secs] [Times: user=0.00 sys=0.00, real=0.00 secs] 
71.418: [GC (Allocation Failure) [PSYoungGen: 110656K->64K(108032K)] 112571K->1979K(283136K), 0.0011294 secs] [Times: user=0.00 sys=0.00, real=0.00 secs] 
71.511: [GC (Allocation Failure) [PSYoungGen: 107584K->64K(129536K)] 109499K->1979K(304640K), 0.0015922 secs] [Times: user=0.00 sys=0.00, real=0.00 secs] 
71.628: [GC (Allocation Failure) [PSYoungGen: 129088K->96K(125440K)] 131003K->2011K(300544K), 0.0005417 secs] [Times: user=0.00 sys=0.00, real=0.00 secs] 
71.737: [GC (Allocation Failure) [PSYoungGen: 125024K->96K(121344K)] 126939K->2011K(296448K), 0.0005539 secs] [Times: user=0.00 sys=0.00, real=0.00 secs] 
71.836: [GC (Allocation Failure) [PSYoungGen: 120928K->64K(117760K)] 122843K->1979K(292864K), 0.0005632 secs] [Times: user=0.00 sys=0.00, real=0.00 secs] 
71.944: [GC (Allocation Failure) [PSYoungGen: 117312K->32K(114176K)] 119227K->1947K(289280K), 0.0010927 secs] [Times: user=0.00 sys=0.00, real=0.00 secs] 
72.045: [GC (Allocation Failure) [PSYoungGen: 113696K->96K(110592K)] 115611K->2011K(285696K), 0.0005325 secs] [Times: user=0.00 sys=0.00, real=0.00 secs] 
72.133: [GC (Allocation Failure) [PSYoungGen: 110176K->96K(107520K)] 112091K->2011K(282624K), 0.0005646 secs] [Times: user=0.01 sys=0.00, real=0.00 secs] 
72.228: [GC (Allocation Failure) [PSYoungGen: 107104K->96K(104448K)] 109019K->2011K(279552K), 0.0005525 secs] [Times: user=0.00 sys=0.00, real=0.00 secs] 
72.320: [GC (Allocation Failure) [PSYoungGen: 104032K->64K(101376K)] 105947K->1979K(276480K), 0.0012490 secs] [Times: user=0.01 sys=0.00, real=0.01 secs] 
72.414: [GC (Allocation Failure) [PSYoungGen: 100928K->96K(98816K)] 102843K->2011K(273920K), 0.0005449 secs] [Times: user=0.00 sys=0.00, real=0.00 secs] 
72.500: [GC (Allocation Failure) [PSYoungGen: 98400K->32K(96256K)] 100315K->1947K(271360K), 0.0006192 secs] [Times: user=0.00 sys=0.00, real=0.01 secs] 
72.584: [GC (Allocation Failure) [PSYoungGen: 95776K->96K(93696K)] 97691K->2011K(268800K), 0.0005917 secs] [Times: user=0.00 sys=0.00, real=0.00 secs] 
72.670: [GC (Allocation Failure) [PSYoungGen: 93280K->32K(91136K)] 95195K->1947K(266240K), 0.0007914 secs] [Times: user=0.00 sys=0.00, real=0.00 secs] 
72.749: [GC (Allocation Failure) [PSYoungGen: 90656K->32K(88576K)] 92571K->1947K(263680K), 0.0009436 secs] [Times: user=0.00 sys=0.00, real=0.00 secs] 
72.820: [GC (Allocation Failure) [PSYoungGen: 88096K->64K(86528K)] 90011K->1979K(261632K), 0.0010650 secs] [Times: user=0.00 sys=0.00, real=0.01 secs] 
72.893: [GC (Allocation Failure) [PSYoungGen: 86080K->96K(84480K)] 87995K->2011K(259584K), 0.0005463 secs] [Times: user=0.00 sys=0.00, real=0.00 secs] 
72.960: [GC (Allocation Failure) [PSYoungGen: 84064K->64K(82432K)] 85979K->1979K(257536K), 0.0005852 secs] [Times: user=0.00 sys=0.00, real=0.00 secs] 
73.026: [GC (Allocation Failure) [PSYoungGen: 81984K->96K(80384K)] 83899K->2011K(255488K), 0.0005305 secs] [Times: user=0.00 sys=0.00, real=0.00 secs] 
73.090: [GC (Allocation Failure) [PSYoungGen: 79968K->64K(78336K)] 81883K->1979K(253440K), 0.0006129 secs] [Times: user=0.00 sys=0.00, real=0.00 secs] 
73.155: [GC (Allocation Failure) [PSYoungGen: 77888K->96K(76288K)] 79803K->2011K(251392K), 0.0005538 secs] [Times: user=0.00 sys=0.00, real=0.00 secs] 
73.217: [GC (Allocation Failure) [PSYoungGen: 75872K->96K(74752K)] 77787K->2011K(249856K), 0.0005403 secs] [Times: user=0.00 sys=0.00, real=0.00 secs] 
73.276: [GC (Allocation Failure) [PSYoungGen: 74336K->96K(73216K)] 76251K->2011K(248320K), 0.0005329 secs] [Times: user=0.00 sys=0.00, real=0.00 secs] 
73.335: [GC (Allocation Failure) [PSYoungGen: 72800K->96K(71680K)] 74715K->2019K(246784K), 0.0005894 secs] [Times: user=0.00 sys=0.00, real=0.00 secs] 
73.392: [GC (Allocation Failure) [PSYoungGen: 71264K->96K(70144K)] 73187K->2019K(245248K), 0.0005477 secs] [Times: user=0.01 sys=0.00, real=0.00 secs] 
73.448: [GC (Allocation Failure) [PSYoungGen: 69728K->64K(84480K)] 71651K->1987K(259584K), 0.0010532 secs] [Times: user=0.00 sys=0.00, real=0.00 secs] 
73.516: [GC (Allocation Failure) [PSYoungGen: 84032K->96K(82432K)] 85955K->2019K(257536K), 0.0005727 secs] [Times: user=0.00 sys=0.00, real=0.00 secs] 
73.582: [GC (Allocation Failure) [PSYoungGen: 82016K->96K(80384K)] 83939K->2019K(255488K), 0.0005370 secs] [Times: user=0.00 sys=0.00, real=0.00 secs] 
73.646: [GC (Allocation Failure) [PSYoungGen: 79968K->32K(96768K)] 81891K->1955K(271872K), 0.0008902 secs] [Times: user=0.00 sys=0.00, real=0.00 secs] 
73.724: [GC (Allocation Failure) [PSYoungGen: 96288K->96K(94208K)] 98211K->2019K(269312K), 0.0005392 secs] [Times: user=0.00 sys=0.00, real=0.00 secs] 
73.799: [GC (Allocation Failure) [PSYoungGen: 93792K->64K(91648K)] 95715K->1987K(266752K), 0.0005512 secs] [Times: user=0.00 sys=0.00, real=0.00 secs] 
73.873: [GC (Allocation Failure) [PSYoungGen: 91200K->64K(89088K)] 93123K->1987K(264192K), 0.0005361 secs] [Times: user=0.00 sys=0.00, real=0.00 secs] 
73.945: [GC (Allocation Failure) [PSYoungGen: 88640K->96K(87040K)] 90563K->2019K(262144K), 0.0005265 secs] [Times: user=0.00 sys=0.00, real=0.00 secs] 
74.015: [GC (Allocation Failure) [PSYoungGen: 86624K->96K(84992K)] 88547K->2019K(260096K), 0.0005276 secs] [Times: user=0.00 sys=0.00, real=0.00 secs] 
74.081: [GC (Allocation Failure) [PSYoungGen: 84576K->96K(82944K)] 86499K->2019K(258048K), 0.0005590 secs] [Times: user=0.00 sys=0.00, real=0.00 secs] 
74.146: [GC (Allocation Failure) [PSYoungGen: 82528K->96K(80896K)] 84451K->2019K(256000K), 0.0005215 secs] [Times: user=0.00 sys=0.00, real=0.00 secs] 
74.210: [GC (Allocation Failure) [PSYoungGen: 80480K->64K(78848K)] 82403K->1987K(253952K), 0.0005395 secs] [Times: user=0.00 sys=0.00, real=0.00 secs] 
74.309: [GC (Allocation Failure) [PSYoungGen: 78400K->32K(76800K)] 80323K->1955K(251904K), 0.0011056 secs] [Times: user=0.00 sys=0.00, real=0.01 secs] 
74.407: [GC (Allocation Failure) [PSYoungGen: 76320K->64K(74752K)] 78243K->1987K(249856K), 0.0010982 secs] [Times: user=0.00 sys=0.00, real=0.00 secs] 
74.475: [GC (Allocation Failure) [PSYoungGen: 74304K->64K(89600K)] 76227K->1987K(264704K), 0.0011248 secs] [Times: user=0.00 sys=0.00, real=0.00 secs] 
74.552: [GC (Allocation Failure) [PSYoungGen: 89152K->64K(87040K)] 91075K->1987K(262144K), 0.0005307 secs] [Times: user=0.00 sys=0.00, real=0.00 secs] 
74.625: [GC (Allocation Failure) [PSYoungGen: 86592K->64K(104448K)] 88515K->1987K(279552K), 0.0011433 secs] [Times: user=0.00 sys=0.00, real=0.00 secs] 
74.834: [GC (Allocation Failure) [PSYoungGen: 104000K->64K(101376K)] 105923K->1987K(276480K), 0.0010819 secs] [Times: user=0.00 sys=0.00, real=0.00 secs] 
74.919: [GC (Allocation Failure) [PSYoungGen: 100928K->96K(98816K)] 102851K->2019K(273920K), 0.0006013 secs] [Times: user=0.00 sys=0.00, real=0.00 secs] 
74.996: [GC (Allocation Failure) [PSYoungGen: 98400K->96K(96256K)] 100323K->2019K(271360K), 0.0005884 secs] [Times: user=0.00 sys=0.00, real=0.00 secs] 
75.070: [GC (Allocation Failure) [PSYoungGen: 95840K->32K(115712K)] 97763K->1955K(290816K), 0.0018450 secs] [Times: user=0.00 sys=0.00, real=0.00 secs] 
75.163: [GC (Allocation Failure) [PSYoungGen: 115232K->96K(138752K)] 117155K->2019K(313856K), 0.0005556 secs] [Times: user=0.00 sys=0.00, real=0.00 secs] 
75.270: [GC (Allocation Failure) [PSYoungGen: 138336K->96K(134144K)] 140259K->2019K(309248K), 0.0005765 secs] [Times: user=0.00 sys=0.00, real=0.00 secs] 
75.373: [GC (Allocation Failure) [PSYoungGen: 133728K->96K(130048K)] 135651K->2019K(305152K), 0.0005555 secs] [Times: user=0.00 sys=0.00, real=0.00 secs] 
75.472: [GC (Allocation Failure) [PSYoungGen: 129632K->96K(125952K)] 131555K->2019K(301056K), 0.0005220 secs] [Times: user=0.00 sys=0.00, real=0.00 secs] 
75.569: [GC (Allocation Failure) [PSYoungGen: 125536K->32K(121856K)] 127459K->1955K(296960K), 0.0005357 secs] [Times: user=0.00 sys=0.00, real=0.00 secs] 
75.664: [GC (Allocation Failure) [PSYoungGen: 121376K->96K(118272K)] 123299K->2019K(293376K), 0.0007320 secs] [Times: user=0.00 sys=0.00, real=0.00 secs] 
75.756: [GC (Allocation Failure) [PSYoungGen: 117856K->96K(114688K)] 119779K->2019K(289792K), 0.0005281 secs] [Times: user=0.00 sys=0.00, real=0.00 secs] 
75.843: [GC (Allocation Failure) [PSYoungGen: 114272K->96K(111104K)] 116195K->2019K(286208K), 0.0005285 secs] [Times: user=0.00 sys=0.00, real=0.00 secs] 
75.929: [GC (Allocation Failure) [PSYoungGen: 110688K->96K(108032K)] 112611K->2019K(283136K), 0.0005794 secs] [Times: user=0.00 sys=0.00, real=0.00 secs] 
76.010: [GC (Allocation Failure) [PSYoungGen: 107616K->96K(104960K)] 109539K->2019K(280064K), 0.0005265 secs] [Times: user=0.00 sys=0.00, real=0.01 secs] 
76.089: [GC (Allocation Failure) [PSYoungGen: 104544K->64K(101888K)] 106467K->1987K(276992K), 0.0005349 secs] [Times: user=0.00 sys=0.00, real=0.00 secs] 
76.173: [GC (Allocation Failure) [PSYoungGen: 101440K->64K(98816K)] 103363K->1987K(273920K), 0.0005237 secs] [Times: user=0.00 sys=0.00, real=0.00 secs] 
76.249: [GC (Allocation Failure) [PSYoungGen: 98368K->96K(96256K)] 100291K->2019K(271360K), 0.0015191 secs] [Times: user=0.00 sys=0.00, real=0.01 secs] 
76.325: [GC (Allocation Failure) [PSYoungGen: 95840K->64K(93696K)] 97763K->1987K(268800K), 0.0005457 secs] [Times: user=0.00 sys=0.00, real=0.00 secs] 
76.398: [GC (Allocation Failure) [PSYoungGen: 93248K->96K(91136K)] 95171K->2019K(266240K), 0.0012004 secs] [Times: user=0.01 sys=0.00, real=0.00 secs] 
76.468: [GC (Allocation Failure) [PSYoungGen: 90720K->96K(88576K)] 92643K->2019K(263680K), 0.0005249 secs] [Times: user=0.00 sys=0.00, real=0.00 secs] 
76.535: [GC (Allocation Failure) [PSYoungGen: 88160K->96K(86528K)] 90083K->2019K(261632K), 0.0005452 secs] [Times: user=0.00 sys=0.00, real=0.00 secs] 
76.602: [GC (Allocation Failure) [PSYoungGen: 86112K->96K(84480K)] 88035K->2019K(259584K), 0.0005095 secs] [Times: user=0.00 sys=0.00, real=0.00 secs] 
76.669: [GC (Allocation Failure) [PSYoungGen: 84064K->96K(82432K)] 85987K->2019K(257536K), 0.0005653 secs] [Times: user=0.00 sys=0.00, real=0.00 secs] 
76.735: [GC (Allocation Failure) [PSYoungGen: 82016K->96K(80384K)] 83939K->2019K(255488K), 0.0005154 secs] [Times: user=0.00 sys=0.00, real=0.00 secs] 
76.797: [GC (Allocation Failure) [PSYoungGen: 79968K->64K(78336K)] 81891K->1987K(253440K), 0.0006135 secs] [Times: user=0.00 sys=0.00, real=0.00 secs] 
76.875: [GC (Allocation Failure) [PSYoungGen: 77888K->32K(76288K)] 79811K->1955K(251392K), 0.0010645 secs] [Times: user=0.01 sys=0.00, real=0.00 secs] 
76.944: [GC (Allocation Failure) [PSYoungGen: 75808K->64K(91648K)] 77731K->1987K(266752K), 0.0016271 secs] [Times: user=0.00 sys=0.00, real=0.00 secs] 
77.033: [GC (Allocation Failure) [PSYoungGen: 91200K->32K(110080K)] 93123K->1955K(285184K), 0.0026985 secs] [Times: user=0.00 sys=0.00, real=0.00 secs] 
77.262: [GC (Allocation Failure) [PSYoungGen: 109599K->32K(132096K)] 111523K->1955K(307200K), 0.0132693 secs] [Times: user=0.00 sys=0.00, real=0.01 secs] 
77.428: [GC (Allocation Failure) [PSYoungGen: 131616K->32K(158720K)] 133539K->1955K(333824K), 0.0010997 secs] [Times: user=0.00 sys=0.00, real=0.00 secs] 
77.595: [GC (Allocation Failure) [PSYoungGen: 158240K->64K(190464K)] 160163K->1987K(365568K), 0.0018796 secs] [Times: user=0.01 sys=0.01, real=0.00 secs] 
77.803: [GC (Allocation Failure) [PSYoungGen: 190016K->96K(228864K)] 191939K->2019K(403968K), 0.0005741 secs] [Times: user=0.00 sys=0.00, real=0.00 secs] 
78.017: [GC (Allocation Failure) [PSYoungGen: 228448K->64K(274944K)] 230371K->1987K(450048K), 0.0013627 secs] [Times: user=0.00 sys=0.00, real=0.00 secs] 
78.275: [GC (Allocation Failure) [PSYoungGen: 274496K->64K(330240K)] 276419K->1987K(505344K), 0.0011380 secs] [Times: user=0.00 sys=0.00, real=0.00 secs] 
78.569: [GC (Allocation Failure) [PSYoungGen: 329792K->96K(316928K)] 331715K->2019K(492032K), 0.0005416 secs] [Times: user=0.00 sys=0.00, real=0.01 secs] 
78.853: [GC (Allocation Failure) [PSYoungGen: 316512K->96K(304128K)] 318435K->2019K(479232K), 0.0011085 secs] [Times: user=0.00 sys=0.00, real=0.00 secs] 
79.126: [GC (Allocation Failure) [PSYoungGen: 303712K->64K(291840K)] 305635K->1987K(466944K), 0.0005606 secs] [Times: user=0.01 sys=0.00, real=0.00 secs] 
79.396: [GC (Allocation Failure) [PSYoungGen: 291392K->96K(280064K)] 293315K->2019K(455168K), 0.0005405 secs] [Times: user=0.00 sys=0.00, real=0.00 secs] 
79.632: [GC (Allocation Failure) [PSYoungGen: 279648K->96K(268800K)] 281571K->2019K(443904K), 0.0010024 secs] [Times: user=0.00 sys=0.00, real=0.00 secs] 
79.862: [GC (Allocation Failure) [PSYoungGen: 268384K->32K(258048K)] 270307K->1955K(433152K), 0.0010689 secs] [Times: user=0.00 sys=0.00, real=0.00 secs] 
80.076: [GC (Allocation Failure) [PSYoungGen: 257568K->96K(247808K)] 259491K->2019K(422912K), 0.0005365 secs] [Times: user=0.00 sys=0.00, real=0.00 secs] 
80.269: [GC (Allocation Failure) [PSYoungGen: 247392K->96K(238080K)] 249315K->2019K(413184K), 0.0005265 secs] [Times: user=0.00 sys=0.00, real=0.01 secs] 
80.456: [GC (Allocation Failure) [PSYoungGen: 237664K->64K(228864K)] 239587K->1987K(403968K), 0.0014186 secs] [Times: user=0.00 sys=0.00, real=0.00 secs] 
80.641: [GC (Allocation Failure) [PSYoungGen: 228416K->32K(220160K)] 230339K->1979K(395264K), 0.0005196 secs] [Times: user=0.00 sys=0.00, real=0.00 secs] 
80.814: [GC (Allocation Failure) [PSYoungGen: 219680K->64K(211968K)] 221627K->2011K(387072K), 0.0008439 secs] [Times: user=0.00 sys=0.00, real=0.00 secs] 
81.040: [GC (Allocation Failure) [PSYoungGen: 211520K->32K(204288K)] 213467K->1979K(379392K), 0.0024440 secs] [Times: user=0.00 sys=0.00, real=0.01 secs] 
81.215: [GC (Allocation Failure) [PSYoungGen: 203808K->96K(196608K)] 205755K->2043K(371712K), 0.0005231 secs] [Times: user=0.00 sys=0.00, real=0.00 secs] 
81.368: [GC (Allocation Failure) [PSYoungGen: 196192K->96K(189440K)] 198139K->2043K(364544K), 0.0005292 secs] [Times: user=0.00 sys=0.00, real=0.00 secs] 
81.522: [GC (Allocation Failure) [PSYoungGen: 189024K->32K(182784K)] 190971K->1979K(357888K), 0.0005350 secs] [Times: user=0.00 sys=0.00, real=0.00 secs] 
81.666: [GC (Allocation Failure) [PSYoungGen: 182304K->32K(176128K)] 184251K->1979K(351232K), 0.0007189 secs] [Times: user=0.00 sys=0.00, real=0.00 secs] 
81.852: [GC (Allocation Failure) [PSYoungGen: 175648K->96K(169984K)] 177595K->2043K(345088K), 0.0005290 secs] [Times: user=0.00 sys=0.00, real=0.00 secs] 
82.007: [GC (Allocation Failure) [PSYoungGen: 169568K->96K(164352K)] 171515K->2043K(339456K), 0.0005698 secs] [Times: user=0.00 sys=0.00, real=0.00 secs] 
82.168: [GC (Allocation Failure) [PSYoungGen: 163936K->32K(158720K)] 165883K->1979K(333824K), 0.0005231 secs] [Times: user=0.00 sys=0.00, real=0.00 secs] 
82.308: [GC (Allocation Failure) [PSYoungGen: 158240K->96K(153600K)] 160187K->2043K(328704K), 0.0005164 secs] [Times: user=0.00 sys=0.00, real=0.00 secs] 
82.429: [GC (Allocation Failure) [PSYoungGen: 153184K->96K(148480K)] 155131K->2043K(323584K), 0.0005260 secs] [Times: user=0.00 sys=0.00, real=0.00 secs] 
82.548: [GC (Allocation Failure) [PSYoungGen: 148064K->96K(143360K)] 150011K->2043K(318464K), 0.0006081 secs] [Times: user=0.00 sys=0.00, real=0.00 secs] 
82.684: [GC (Allocation Failure) [PSYoungGen: 142944K->64K(138752K)] 144891K->2011K(313856K), 0.0005855 secs] [Times: user=0.00 sys=0.00, real=0.00 secs] 
82.813: [GC (Allocation Failure) [PSYoungGen: 138304K->64K(134144K)] 140251K->2011K(309248K), 0.0011208 secs] [Times: user=0.01 sys=0.00, real=0.00 secs] 
82.925: [GC (Allocation Failure) [PSYoungGen: 133696K->96K(130048K)] 135643K->2043K(305152K), 0.0008763 secs] [Times: user=0.00 sys=0.00, real=0.00 secs] 
83.024: [GC (Allocation Failure) [PSYoungGen: 129632K->32K(125952K)] 131579K->1979K(301056K), 0.0005165 secs] [Times: user=0.00 sys=0.00, real=0.00 secs] 
83.120: [GC (Allocation Failure) [PSYoungGen: 125472K->96K(121856K)] 127419K->2043K(296960K), 0.0005197 secs] [Times: user=0.00 sys=0.00, real=0.00 secs] 
83.221: [GC (Allocation Failure) [PSYoungGen: 121440K->32K(118272K)] 123387K->1979K(293376K), 0.0005480 secs] [Times: user=0.00 sys=0.00, real=0.00 secs] 
83.316: [GC (Allocation Failure) [PSYoungGen: 117792K->64K(114688K)] 119739K->2011K(289792K), 0.0005149 secs] [Times: user=0.00 sys=0.00, real=0.00 secs] 
83.409: [GC (Allocation Failure) [PSYoungGen: 114240K->96K(111104K)] 116187K->2043K(286208K), 0.0005248 secs] [Times: user=0.00 sys=0.00, real=0.00 secs] 
83.495: [GC (Allocation Failure) [PSYoungGen: 110688K->96K(108032K)] 112635K->2043K(283136K), 0.0005168 secs] [Times: user=0.00 sys=0.00, real=0.00 secs] 
83.578: [GC (Allocation Failure) [PSYoungGen: 107616K->96K(104960K)] 109563K->2043K(280064K), 0.0005139 secs] [Times: user=0.00 sys=0.00, real=0.00 secs] 
83.658: [GC (Allocation Failure) [PSYoungGen: 104544K->96K(101888K)] 106491K->2043K(276992K), 0.0005171 secs] [Times: user=0.00 sys=0.00, real=0.00 secs] 
83.736: [GC (Allocation Failure) [PSYoungGen: 101472K->64K(98816K)] 103419K->2011K(273920K), 0.0005190 secs] [Times: user=0.00 sys=0.00, real=0.00 secs] 
83.813: [GC (Allocation Failure) [PSYoungGen: 98368K->64K(96256K)] 100315K->2011K(271360K), 0.0006995 secs] [Times: user=0.00 sys=0.00, real=0.00 secs] 
83.887: [GC (Allocation Failure) [PSYoungGen: 95808K->64K(93696K)] 97755K->2011K(268800K), 0.0005445 secs] [Times: user=0.00 sys=0.00, real=0.00 secs] 
83.958: [GC (Allocation Failure) [PSYoungGen: 93248K->64K(91136K)] 95195K->2011K(266240K), 0.0005188 secs] [Times: user=0.00 sys=0.00, real=0.00 secs] 
84.030: [GC (Allocation Failure) [PSYoungGen: 90688K->96K(88576K)] 92635K->2043K(263680K), 0.0005169 secs] [Times: user=0.00 sys=0.00, real=0.00 secs] 
84.097: [GC (Allocation Failure) [PSYoungGen: 88160K->96K(86528K)] 90107K->2043K(261632K), 0.0005559 secs] [Times: user=0.00 sys=0.00, real=0.00 secs] 
84.164: [GC (Allocation Failure) [PSYoungGen: 86112K->96K(84480K)] 88059K->2043K(259584K), 0.0005147 secs] [Times: user=0.00 sys=0.00, real=0.00 secs] 
84.228: [GC (Allocation Failure) [PSYoungGen: 84064K->96K(82432K)] 86011K->2043K(257536K), 0.0005212 secs] [Times: user=0.00 sys=0.00, real=0.00 secs] 
84.288: [GC (Allocation Failure) [PSYoungGen: 82016K->96K(80384K)] 83963K->2043K(255488K), 0.0005112 secs] [Times: user=0.00 sys=0.00, real=0.00 secs] 
84.349: [GC (Allocation Failure) [PSYoungGen: 79968K->96K(78336K)] 81915K->2043K(253440K), 0.0005529 secs] [Times: user=0.00 sys=0.00, real=0.00 secs] 
84.407: [GC (Allocation Failure) [PSYoungGen: 77920K->96K(76288K)] 79867K->2043K(251392K), 0.0005046 secs] [Times: user=0.00 sys=0.00, real=0.00 secs] 
84.465: [GC (Allocation Failure) [PSYoungGen: 75872K->32K(74752K)] 77819K->1979K(249856K), 0.0010338 secs] [Times: user=0.00 sys=0.00, real=0.00 secs] 
84.536: [GC (Allocation Failure) [PSYoungGen: 74272K->64K(89600K)] 76219K->2011K(264704K), 0.0017142 secs] [Times: user=0.00 sys=0.00, real=0.00 secs] 
84.606: [GC (Allocation Failure) [PSYoungGen: 89152K->64K(107520K)] 91099K->2011K(282624K), 0.0010897 secs] [Times: user=0.00 sys=0.00, real=0.00 secs] 
84.697: [GC (Allocation Failure) [PSYoungGen: 107072K->96K(129024K)] 109019K->2043K(304128K), 0.0005108 secs] [Times: user=0.00 sys=0.00, real=0.00 secs] 
84.792: [GC (Allocation Failure) [PSYoungGen: 128607K->96K(124928K)] 130555K->2043K(300032K), 0.0005135 secs] [Times: user=0.00 sys=0.00, real=0.00 secs] 
84.883: [GC (Allocation Failure) [PSYoungGen: 124512K->96K(121344K)] 126459K->2043K(296448K), 0.0005517 secs] [Times: user=0.01 sys=0.00, real=0.00 secs] 
84.971: [GC (Allocation Failure) [PSYoungGen: 120928K->96K(117760K)] 122875K->2043K(292864K), 0.0005459 secs] [Times: user=0.00 sys=0.00, real=0.00 secs] 
85.056: [GC (Allocation Failure) [PSYoungGen: 117344K->32K(114176K)] 119291K->1979K(289280K), 0.0005104 secs] [Times: user=0.00 sys=0.00, real=0.00 secs] 
85.141: [GC (Allocation Failure) [PSYoungGen: 113696K->96K(110592K)] 115643K->2043K(285696K), 0.0005040 secs] [Times: user=0.00 sys=0.00, real=0.00 secs] 
85.226: [GC (Allocation Failure) [PSYoungGen: 110176K->96K(107520K)] 112123K->2043K(282624K), 0.0005092 secs] [Times: user=0.01 sys=0.00, real=0.00 secs] 
85.309: [GC (Allocation Failure) [PSYoungGen: 107104K->96K(104448K)] 109051K->2043K(279552K), 0.0004943 secs] [Times: user=0.00 sys=0.00, real=0.00 secs] 
85.391: [GC (Allocation Failure) [PSYoungGen: 104032K->96K(101376K)] 105979K->2043K(276480K), 0.0004915 secs] [Times: user=0.00 sys=0.00, real=0.00 secs] 
85.465: [GC (Allocation Failure) [PSYoungGen: 100960K->96K(98816K)] 102907K->2043K(273920K), 0.0005513 secs] [Times: user=0.00 sys=0.00, real=0.00 secs] 
85.536: [GC (Allocation Failure) [PSYoungGen: 98399K->96K(96256K)] 100347K->2043K(271360K), 0.0005454 secs] [Times: user=0.00 sys=0.00, real=0.00 secs] 
85.606: [GC (Allocation Failure) [PSYoungGen: 95840K->32K(93696K)] 97787K->1979K(268800K), 0.0004887 secs] [Times: user=0.00 sys=0.00, real=0.00 secs] 
85.675: [GC (Allocation Failure) [PSYoungGen: 93216K->64K(91136K)] 95163K->2011K(266240K), 0.0005064 secs] [Times: user=0.00 sys=0.00, real=0.00 secs] 
85.744: [GC (Allocation Failure) [PSYoungGen: 90688K->96K(88576K)] 92635K->2043K(263680K), 0.0005016 secs] [Times: user=0.00 sys=0.00, real=0.00 secs] 
85.811: [GC (Allocation Failure) [PSYoungGen: 88160K->96K(86528K)] 90107K->2043K(261632K), 0.0005026 secs] [Times: user=0.00 sys=0.00, real=0.00 secs] 
85.879: [GC (Allocation Failure) [PSYoungGen: 86112K->96K(84480K)] 88059K->2043K(259584K), 0.0004971 secs] [Times: user=0.00 sys=0.00, real=0.00 secs] 
85.941: [GC (Allocation Failure) [PSYoungGen: 84064K->96K(82432K)] 86011K->2043K(257536K), 0.0004939 secs] [Times: user=0.00 sys=0.00, real=0.00 secs] 
86.002: [GC (Allocation Failure) [PSYoungGen: 82016K->96K(80384K)] 83963K->2043K(255488K), 0.0005066 secs] [Times: user=0.00 sys=0.00, real=0.00 secs] 
86.062: [GC (Allocation Failure) [PSYoungGen: 79968K->64K(78336K)] 81915K->2011K(253440K), 0.0005342 secs] [Times: user=0.00 sys=0.00, real=0.00 secs] 
86.119: [GC (Allocation Failure) [PSYoungGen: 77888K->64K(76288K)] 79835K->2011K(251392K), 0.0005032 secs] [Times: user=0.00 sys=0.00, real=0.00 secs] 
86.174: [GC (Allocation Failure) [PSYoungGen: 75840K->64K(74752K)] 77787K->2011K(249856K), 0.0005231 secs] [Times: user=0.00 sys=0.00, real=0.00 secs] 
86.226: [GC (Allocation Failure) [PSYoungGen: 74304K->96K(73216K)] 76251K->2043K(248320K), 0.0005021 secs] [Times: user=0.00 sys=0.00, real=0.00 secs] 
86.280: [GC (Allocation Failure) [PSYoungGen: 72800K->96K(71680K)] 74747K->2043K(246784K), 0.0005022 secs] [Times: user=0.00 sys=0.01, real=0.00 secs] 
86.332: [GC (Allocation Failure) [PSYoungGen: 71264K->64K(70144K)] 73211K->2011K(245248K), 0.0004975 secs] [Times: user=0.00 sys=0.00, real=0.00 secs] 
86.384: [GC (Allocation Failure) [PSYoungGen: 69696K->64K(68608K)] 71643K->2011K(243712K), 0.0005496 secs] [Times: user=0.00 sys=0.00, real=0.00 secs] 
86.435: [GC (Allocation Failure) [PSYoungGen: 68160K->96K(67072K)] 70107K->2043K(242176K), 0.0004878 secs] [Times: user=0.00 sys=0.00, real=0.00 secs] 
86.484: [GC (Allocation Failure) [PSYoungGen: 66656K->96K(65536K)] 68603K->2043K(240640K), 0.0004874 secs] [Times: user=0.00 sys=0.00, real=0.00 secs] 
86.530: [GC (Allocation Failure) [PSYoungGen: 65120K->32K(64000K)] 67067K->1979K(239104K), 0.0004914 secs] [Times: user=0.00 sys=0.00, real=0.00 secs] 
86.576: [GC (Allocation Failure) [PSYoungGen: 63520K->32K(62464K)] 65467K->1979K(237568K), 0.0005071 secs] [Times: user=0.00 sys=0.00, real=0.00 secs] 
86.620: [GC (Allocation Failure) [PSYoungGen: 61984K->64K(61440K)] 63931K->2011K(236544K), 0.0004890 secs] [Times: user=0.00 sys=0.00, real=0.00 secs] 
86.666: [GC (Allocation Failure) [PSYoungGen: 60992K->32K(60416K)] 62939K->1979K(235520K), 0.0005498 secs] [Times: user=0.00 sys=0.00, real=0.00 secs] 
86.712: [GC (Allocation Failure) [PSYoungGen: 59936K->96K(59392K)] 61883K->2043K(234496K), 0.0004984 secs] [Times: user=0.00 sys=0.00, real=0.00 secs] 
86.761: [GC (Allocation Failure) [PSYoungGen: 58976K->64K(71168K)] 60923K->2011K(246272K), 0.0014007 secs] [Times: user=0.00 sys=0.00, real=0.00 secs] 
86.822: [GC (Allocation Failure) [PSYoungGen: 70720K->96K(85504K)] 72667K->2043K(260608K), 0.0010908 secs] [Times: user=0.00 sys=0.00, real=0.00 secs] 
86.896: [GC (Allocation Failure) [PSYoungGen: 85088K->96K(102912K)] 87035K->2043K(278016K), 0.0004937 secs] [Times: user=0.00 sys=0.00, real=0.00 secs] 
86.971: [GC (Allocation Failure) [PSYoungGen: 102496K->96K(123392K)] 104443K->2043K(298496K), 0.0005159 secs] [Times: user=0.00 sys=0.00, real=0.00 secs] 
87.065: [GC (Allocation Failure) [PSYoungGen: 122976K->96K(119808K)] 124923K->2043K(294912K), 0.0005080 secs] [Times: user=0.00 sys=0.00, real=0.00 secs] 
87.156: [GC (Allocation Failure) [PSYoungGen: 119392K->64K(116224K)] 121339K->2011K(291328K), 0.0005039 secs] [Times: user=0.00 sys=0.00, real=0.00 secs] 
87.242: [GC (Allocation Failure) [PSYoungGen: 115776K->64K(112640K)] 117723K->2011K(287744K), 0.0005035 secs] [Times: user=0.00 sys=0.00, real=0.00 secs] 
87.323: [GC (Allocation Failure) [PSYoungGen: 112191K->32K(109568K)] 114139K->1979K(284672K), 0.0005225 secs] [Times: user=0.00 sys=0.00, real=0.00 secs] 
87.400: [GC (Allocation Failure) [PSYoungGen: 109088K->96K(106496K)] 111035K->2043K(281600K), 0.0005070 secs] [Times: user=0.00 sys=0.00, real=0.00 secs] 
87.478: [GC (Allocation Failure) [PSYoungGen: 106080K->96K(103424K)] 108027K->2043K(278528K), 0.0005003 secs] [Times: user=0.00 sys=0.00, real=0.00 secs] 
87.555: [GC (Allocation Failure) [PSYoungGen: 103008K->64K(100352K)] 104955K->2011K(275456K), 0.0009285 secs] [Times: user=0.00 sys=0.00, real=0.00 secs] 
87.639: [GC (Allocation Failure) [PSYoungGen: 99904K->64K(97792K)] 101851K->2011K(272896K), 0.0004969 secs] [Times: user=0.00 sys=0.00, real=0.00 secs] 
87.711: [GC (Allocation Failure) [PSYoungGen: 97344K->64K(95232K)] 99291K->2011K(270336K), 0.0005224 secs] [Times: user=0.00 sys=0.00, real=0.00 secs] 
87.779: [GC (Allocation Failure) [PSYoungGen: 94784K->64K(92672K)] 96731K->2011K(267776K), 0.0005131 secs] [Times: user=0.00 sys=0.00, real=0.00 secs] 
87.847: [GC (Allocation Failure) [PSYoungGen: 92224K->64K(90112K)] 94171K->2011K(265216K), 0.0005172 secs] [Times: user=0.00 sys=0.00, real=0.00 secs] 
87.917: [GC (Allocation Failure) [PSYoungGen: 89664K->96K(87552K)] 91611K->2043K(262656K), 0.0004922 secs] [Times: user=0.00 sys=0.00, real=0.00 secs] 
87.982: [GC (Allocation Failure) [PSYoungGen: 87136K->64K(85504K)] 89083K->2011K(260608K), 0.0005317 secs] [Times: user=0.00 sys=0.00, real=0.00 secs] 
88.046: [GC (Allocation Failure) [PSYoungGen: 85056K->64K(83456K)] 87003K->2011K(258560K), 0.0010509 secs] [Times: user=0.00 sys=0.00, real=0.00 secs] 
88.110: [GC (Allocation Failure) [PSYoungGen: 83008K->96K(81408K)] 84955K->2043K(256512K), 0.0005332 secs] [Times: user=0.00 sys=0.00, real=0.00 secs] 
88.177: [GC (Allocation Failure) [PSYoungGen: 80992K->64K(97792K)] 82939K->2011K(272896K), 0.0010666 secs] [Times: user=0.00 sys=0.00, real=0.00 secs] 
88.246: [GC (Allocation Failure) [PSYoungGen: 97344K->96K(95232K)] 99291K->2043K(270336K), 0.0004948 secs] [Times: user=0.00 sys=0.00, real=0.00 secs] 
88.313: [GC (Allocation Failure) [PSYoungGen: 94816K->96K(92672K)] 96763K->2043K(267776K), 0.0005026 secs] [Times: user=0.00 sys=0.00, real=0.00 secs] 
88.378: [GC (Allocation Failure) [PSYoungGen: 92256K->96K(90112K)] 94203K->2043K(265216K), 0.0004961 secs] [Times: user=0.00 sys=0.00, real=0.00 secs] 
88.441: [GC (Allocation Failure) [PSYoungGen: 89696K->96K(87552K)] 91643K->2043K(262656K), 0.0004928 secs] [Times: user=0.00 sys=0.00, real=0.00 secs] 
88.505: [GC (Allocation Failure) [PSYoungGen: 87136K->96K(85504K)] 89083K->2043K(260608K), 0.0005000 secs] [Times: user=0.01 sys=0.00, real=0.00 secs] 
88.570: [GC (Allocation Failure) [PSYoungGen: 85088K->64K(83456K)] 87035K->2011K(258560K), 0.0004988 secs] [Times: user=0.00 sys=0.00, real=0.00 secs] 
88.636: [GC (Allocation Failure) [PSYoungGen: 83008K->96K(81408K)] 84955K->2043K(256512K), 0.0004964 secs] [Times: user=0.00 sys=0.00, real=0.00 secs] 
88.698: [GC (Allocation Failure) [PSYoungGen: 80992K->96K(79360K)] 82939K->2043K(254464K), 0.0005001 secs] [Times: user=0.00 sys=0.00, real=0.00 secs] 
88.759: [GC (Allocation Failure) [PSYoungGen: 78944K->96K(77312K)] 80891K->2043K(252416K), 0.0005371 secs] [Times: user=0.00 sys=0.00, real=0.00 secs] 
88.816: [GC (Allocation Failure) [PSYoungGen: 76896K->96K(75264K)] 78843K->2043K(250368K), 0.0005016 secs] [Times: user=0.00 sys=0.00, real=0.00 secs] 
88.873: [GC (Allocation Failure) [PSYoungGen: 74848K->0K(73728K)] 76795K->1947K(248832K), 0.0004874 secs] [Times: user=0.01 sys=0.00, real=0.00 secs] 
88.926: [GC (Allocation Failure) [PSYoungGen: 73216K->0K(72192K)] 75163K->1947K(247296K), 0.0005199 secs] [Times: user=0.00 sys=0.00, real=0.00 secs] 
88.977: [GC (Allocation Failure) [PSYoungGen: 71680K->64K(70656K)] 73627K->2011K(245760K), 0.0005487 secs] [Times: user=0.00 sys=0.00, real=0.00 secs] 
89.034: [GC (Allocation Failure) [PSYoungGen: 70208K->64K(84992K)] 72155K->2011K(260096K), 0.0013796 secs] [Times: user=0.00 sys=0.00, real=0.00 secs] 
89.098: [GC (Allocation Failure) [PSYoungGen: 84544K->96K(101888K)] 86491K->2043K(276992K), 0.0005051 secs] [Times: user=0.00 sys=0.00, real=0.00 secs] 
89.183: [GC (Allocation Failure) [PSYoungGen: 101472K->32K(122368K)] 103419K->1979K(297472K), 0.0009806 secs] [Times: user=0.00 sys=0.00, real=0.00 secs] 
89.284: [GC (Allocation Failure) [PSYoungGen: 121888K->96K(118784K)] 123835K->2043K(293888K), 0.0004978 secs] [Times: user=0.00 sys=0.00, real=0.00 secs] 
89.370: [GC (Allocation Failure) [PSYoungGen: 118368K->96K(115200K)] 120315K->2043K(290304K), 0.0005903 secs] [Times: user=0.00 sys=0.00, real=0.01 secs] 
89.455: [GC (Allocation Failure) [PSYoungGen: 114784K->96K(111616K)] 116731K->2043K(286720K), 0.0007273 secs] [Times: user=0.00 sys=0.00, real=0.00 secs] 
89.537: [GC (Allocation Failure) [PSYoungGen: 111200K->96K(108544K)] 113147K->2043K(283648K), 0.0004994 secs] [Times: user=0.00 sys=0.00, real=0.00 secs] 
89.615: [GC (Allocation Failure) [PSYoungGen: 108128K->96K(105472K)] 110075K->2043K(280576K), 0.0005517 secs] [Times: user=0.00 sys=0.00, real=0.00 secs] 
89.694: [GC (Allocation Failure) [PSYoungGen: 105056K->96K(102400K)] 107003K->2043K(277504K), 0.0005058 secs] [Times: user=0.00 sys=0.00, real=0.00 secs] 
89.770: [GC (Allocation Failure) [PSYoungGen: 101984K->96K(99328K)] 103931K->2043K(274432K), 0.0004982 secs] [Times: user=0.01 sys=0.00, real=0.00 secs] 
89.844: [GC (Allocation Failure) [PSYoungGen: 98912K->96K(96768K)] 100859K->2043K(271872K), 0.0004943 secs] [Times: user=0.00 sys=0.00, real=0.00 secs] 
89.915: [GC (Allocation Failure) [PSYoungGen: 96352K->96K(94208K)] 98299K->2043K(269312K), 0.0005016 secs] [Times: user=0.00 sys=0.00, real=0.00 secs] 
89.988: [GC (Allocation Failure) [PSYoungGen: 93792K->96K(91648K)] 95739K->2043K(266752K), 0.0004969 secs] [Times: user=0.00 sys=0.00, real=0.00 secs] 
90.062: [GC (Allocation Failure) [PSYoungGen: 91232K->96K(89088K)] 93179K->2043K(264192K), 0.0005074 secs] [Times: user=0.00 sys=0.00, real=0.00 secs] 
90.127: [GC (Allocation Failure) [PSYoungGen: 88672K->32K(87040K)] 90619K->1979K(262144K), 0.0004833 secs] [Times: user=0.00 sys=0.00, real=0.00 secs] 
90.191: [GC (Allocation Failure) [PSYoungGen: 86560K->64K(84992K)] 88507K->2011K(260096K), 0.0007294 secs] [Times: user=0.00 sys=0.01, real=0.00 secs] 
90.253: [GC (Allocation Failure) [PSYoungGen: 84544K->96K(82944K)] 86491K->2043K(258048K), 0.0005001 secs] [Times: user=0.00 sys=0.00, real=0.00 secs] 
90.311: [GC (Allocation Failure) [PSYoungGen: 82528K->64K(80896K)] 84475K->2011K(256000K), 0.0004950 secs] [Times: user=0.00 sys=0.00, real=0.00 secs] 
90.371: [GC (Allocation Failure) [PSYoungGen: 80448K->96K(78848K)] 82395K->2043K(253952K), 0.0005097 secs] [Times: user=0.00 sys=0.00, real=0.00 secs] 
90.427: [GC (Allocation Failure) [PSYoungGen: 78432K->96K(76800K)] 80379K->2067K(251904K), 0.0005364 secs] [Times: user=0.00 sys=0.00, real=0.00 secs] 
90.482: [GC (Allocation Failure) [PSYoungGen: 76384K->64K(74752K)] 78355K->2035K(249856K), 0.0004975 secs] [Times: user=0.00 sys=0.00, real=0.00 secs] 
90.537: [GC (Allocation Failure) [PSYoungGen: 74304K->96K(73216K)] 76275K->2067K(248320K), 0.0004847 secs] [Times: user=0.00 sys=0.00, real=0.00 secs] 
90.589: [GC (Allocation Failure) [PSYoungGen: 72799K->96K(71680K)] 74771K->2067K(246784K), 0.0005045 secs] [Times: user=0.00 sys=0.00, real=0.00 secs] 
90.640: [GC (Allocation Failure) [PSYoungGen: 71264K->64K(70144K)] 73235K->2035K(245248K), 0.0004920 secs] [Times: user=0.00 sys=0.00, real=0.00 secs] 
90.690: [GC (Allocation Failure) [PSYoungGen: 69696K->96K(68608K)] 71667K->2067K(243712K), 0.0005164 secs] [Times: user=0.00 sys=0.00, real=0.00 secs] 
90.738: [GC (Allocation Failure) [PSYoungGen: 68192K->96K(67072K)] 70163K->2067K(242176K), 0.0005088 secs] [Times: user=0.00 sys=0.00, real=0.00 secs] 
90.785: [GC (Allocation Failure) [PSYoungGen: 66656K->96K(65536K)] 68627K->2067K(240640K), 0.0004976 secs] [Times: user=0.00 sys=0.00, real=0.00 secs] 
90.831: [GC (Allocation Failure) [PSYoungGen: 65120K->96K(64000K)] 67091K->2067K(239104K), 0.0005185 secs] [Times: user=0.00 sys=0.00, real=0.00 secs] 
90.878: [GC (Allocation Failure) [PSYoungGen: 63584K->96K(62464K)] 65555K->2067K(237568K), 0.0004950 secs] [Times: user=0.00 sys=0.00, real=0.00 secs] 
90.922: [GC (Allocation Failure) [PSYoungGen: 62048K->64K(61440K)] 64019K->2035K(236544K), 0.0004788 secs] [Times: user=0.00 sys=0.00, real=0.00 secs] 
90.966: [GC (Allocation Failure) [PSYoungGen: 60992K->32K(60416K)] 62963K->2003K(235520K), 0.0004995 secs] [Times: user=0.00 sys=0.00, real=0.00 secs] 
91.010: [GC (Allocation Failure) [PSYoungGen: 59936K->96K(72704K)] 61907K->2067K(247808K), 0.0005363 secs] [Times: user=0.00 sys=0.00, real=0.00 secs] 
91.063: [GC (Allocation Failure) [PSYoungGen: 72288K->32K(71168K)] 74259K->2003K(246272K), 0.0004880 secs] [Times: user=0.00 sys=0.00, real=0.00 secs] 
91.113: [GC (Allocation Failure) [PSYoungGen: 70688K->96K(69632K)] 72659K->2067K(244736K), 0.0004896 secs] [Times: user=0.00 sys=0.00, real=0.00 secs] 
91.162: [GC (Allocation Failure) [PSYoungGen: 69216K->64K(68096K)] 71187K->2035K(243200K), 0.0004864 secs] [Times: user=0.00 sys=0.00, real=0.00 secs] 
91.209: [GC (Allocation Failure) [PSYoungGen: 67648K->64K(66560K)] 69619K->2035K(241664K), 0.0004961 secs] [Times: user=0.00 sys=0.00, real=0.01 secs] 
91.256: [GC (Allocation Failure) [PSYoungGen: 66112K->96K(65024K)] 68083K->2067K(240128K), 0.0004707 secs] [Times: user=0.00 sys=0.00, real=0.00 secs] 
91.302: [GC (Allocation Failure) [PSYoungGen: 64608K->96K(63488K)] 66579K->2067K(238592K), 0.0004973 secs] [Times: user=0.01 sys=0.00, real=0.00 secs] 
91.349: [GC (Allocation Failure) [PSYoungGen: 63072K->96K(61952K)] 65043K->2067K(237056K), 0.0005223 secs] [Times: user=0.00 sys=0.00, real=0.00 secs] 
91.392: [GC (Allocation Failure) [PSYoungGen: 61536K->96K(60928K)] 63507K->2067K(236032K), 0.0004804 secs] [Times: user=0.01 sys=0.00, real=0.00 secs] 
91.435: [GC (Allocation Failure) [PSYoungGen: 60512K->96K(59904K)] 62483K->2067K(235008K), 0.0004797 secs] [Times: user=0.00 sys=0.00, real=0.00 secs] 
91.480: [GC (Allocation Failure) [PSYoungGen: 59488K->96K(72192K)] 61459K->2067K(247296K), 0.0005205 secs] [Times: user=0.00 sys=0.00, real=0.00 secs] 
91.531: [GC (Allocation Failure) [PSYoungGen: 71776K->64K(70656K)] 73747K->2035K(245760K), 0.0005522 secs] [Times: user=0.00 sys=0.00, real=0.00 secs] 
91.581: [GC (Allocation Failure) [PSYoungGen: 70208K->96K(69120K)] 72179K->2067K(244224K), 0.0005210 secs] [Times: user=0.00 sys=0.00, real=0.00 secs] 
91.629: [GC (Allocation Failure) [PSYoungGen: 68704K->64K(67584K)] 70675K->2035K(242688K), 0.0004924 secs] [Times: user=0.00 sys=0.00, real=0.01 secs] 
91.677: [GC (Allocation Failure) [PSYoungGen: 67136K->64K(66048K)] 69107K->2035K(241152K), 0.0004919 secs] [Times: user=0.00 sys=0.00, real=0.00 secs] 
91.724: [GC (Allocation Failure) [PSYoungGen: 65600K->96K(64512K)] 67571K->2067K(239616K), 0.0005078 secs] [Times: user=0.00 sys=0.00, real=0.00 secs] 
91.771: [GC (Allocation Failure) [PSYoungGen: 64096K->64K(62976K)] 66067K->2035K(238080K), 0.0004793 secs] [Times: user=0.01 sys=0.00, real=0.00 secs] 
91.815: [GC (Allocation Failure) [PSYoungGen: 62527K->32K(61952K)] 64499K->2003K(237056K), 0.0005349 secs] [Times: user=0.00 sys=0.00, real=0.00 secs] 
91.861: [GC (Allocation Failure) [PSYoungGen: 61472K->96K(60928K)] 63443K->2067K(236032K), 0.0005022 secs] [Times: user=0.01 sys=0.00, real=0.00 secs] 
91.908: [GC (Allocation Failure) [PSYoungGen: 60512K->96K(59904K)] 62483K->2067K(235008K), 0.0004948 secs] [Times: user=0.00 sys=0.00, real=0.00 secs] 
91.952: [GC (Allocation Failure) [PSYoungGen: 59488K->96K(58880K)] 61459K->2067K(233984K), 0.0004960 secs] [Times: user=0.01 sys=0.00, real=0.00 secs] 
91.996: [GC (Allocation Failure) [PSYoungGen: 58464K->64K(70656K)] 60435K->2035K(245760K), 0.0008931 secs] [Times: user=0.00 sys=0.00, real=0.00 secs] 
92.049: [GC (Allocation Failure) [PSYoungGen: 70208K->64K(84992K)] 72179K->2035K(260096K), 0.0004950 secs] [Times: user=0.00 sys=0.00, real=0.01 secs] 
92.113: [GC (Allocation Failure) [PSYoungGen: 84544K->96K(101888K)] 86515K->2067K(276992K), 0.0004991 secs] [Times: user=0.00 sys=0.00, real=0.00 secs] 
92.189: [GC (Allocation Failure) [PSYoungGen: 101472K->96K(98816K)] 103443K->2067K(273920K), 0.0004987 secs] [Times: user=0.00 sys=0.00, real=0.00 secs] 
92.262: [GC (Allocation Failure) [PSYoungGen: 98400K->96K(96256K)] 100371K->2067K(271360K), 0.0005191 secs] [Times: user=0.00 sys=0.00, real=0.00 secs] 
92.334: [GC (Allocation Failure) [PSYoungGen: 95840K->32K(93696K)] 97811K->2003K(268800K), 0.0005138 secs] [Times: user=0.00 sys=0.00, real=0.00 secs] 
92.409: [GC (Allocation Failure) [PSYoungGen: 93216K->64K(91136K)] 95187K->2035K(266240K), 0.0005663 secs] [Times: user=0.00 sys=0.00, real=0.00 secs] 
92.480: [GC (Allocation Failure) [PSYoungGen: 90688K->96K(88576K)] 92659K->2067K(263680K), 0.0005514 secs] [Times: user=0.00 sys=0.00, real=0.00 secs] 
92.548: [GC (Allocation Failure) [PSYoungGen: 88160K->64K(86528K)] 90131K->2035K(261632K), 0.0004923 secs] [Times: user=0.00 sys=0.00, real=0.00 secs] 
92.613: [GC (Allocation Failure) [PSYoungGen: 86080K->96K(84480K)] 88051K->2067K(259584K), 0.0005145 secs] [Times: user=0.00 sys=0.00, real=0.00 secs] 
92.676: [GC (Allocation Failure) [PSYoungGen: 84064K->96K(82432K)] 86035K->2067K(257536K), 0.0005040 secs] [Times: user=0.00 sys=0.01, real=0.00 secs] 
92.735: [GC (Allocation Failure) [PSYoungGen: 82016K->96K(80384K)] 83987K->2067K(255488K), 0.0004942 secs] [Times: user=0.00 sys=0.00, real=0.00 secs] 
92.795: [GC (Allocation Failure) [PSYoungGen: 79968K->96K(78336K)] 81939K->2067K(253440K), 0.0004942 secs] [Times: user=0.00 sys=0.00, real=0.00 secs] 
92.853: [GC (Allocation Failure) [PSYoungGen: 77919K->64K(76288K)] 79891K->2035K(251392K), 0.0005037 secs] [Times: user=0.00 sys=0.00, real=0.00 secs] 
92.910: [GC (Allocation Failure) [PSYoungGen: 75840K->64K(74752K)] 77811K->2035K(249856K), 0.0005111 secs] [Times: user=0.01 sys=0.00, real=0.00 secs] 
92.964: [GC (Allocation Failure) [PSYoungGen: 74304K->96K(73216K)] 76275K->2067K(248320K), 0.0004913 secs] [Times: user=0.00 sys=0.00, real=0.00 secs] 
93.017: [GC (Allocation Failure) [PSYoungGen: 72800K->64K(71680K)] 74771K->2035K(246784K), 0.0004826 secs] [Times: user=0.00 sys=0.00, real=0.00 secs] 
93.070: [GC (Allocation Failure) [PSYoungGen: 71232K->96K(70144K)] 73203K->2067K(245248K), 0.0004980 secs] [Times: user=0.00 sys=0.00, real=0.00 secs] 
93.124: [GC (Allocation Failure) [PSYoungGen: 69728K->96K(68608K)] 71699K->2067K(243712K), 0.0005264 secs] [Times: user=0.00 sys=0.00, real=0.00 secs] 
93.173: [GC (Allocation Failure) [PSYoungGen: 68192K->64K(67072K)] 70163K->2035K(242176K), 0.0005002 secs] [Times: user=0.01 sys=0.00, real=0.00 secs] 
93.221: [GC (Allocation Failure) [PSYoungGen: 66624K->96K(65536K)] 68595K->2067K(240640K), 0.0005205 secs] [Times: user=0.00 sys=0.00, real=0.00 secs] 
93.268: [GC (Allocation Failure) [PSYoungGen: 65120K->64K(78848K)] 67091K->2035K(253952K), 0.0007608 secs] [Times: user=0.00 sys=0.00, real=0.00 secs] 
93.325: [GC (Allocation Failure) [PSYoungGen: 78400K->96K(76800K)] 80371K->2067K(251904K), 0.0004942 secs] [Times: user=0.00 sys=0.00, real=0.00 secs] 
93.380: [GC (Allocation Failure) [PSYoungGen: 76384K->96K(74752K)] 78355K->2067K(249856K), 0.0004906 secs] [Times: user=0.00 sys=0.00, real=0.00 secs] 
93.433: [GC (Allocation Failure) [PSYoungGen: 74336K->64K(73216K)] 76307K->2035K(248320K), 0.0004876 secs] [Times: user=0.01 sys=0.00, real=0.00 secs] 
93.486: [GC (Allocation Failure) [PSYoungGen: 72768K->96K(71680K)] 74739K->2067K(246784K), 0.0005095 secs] [Times: user=0.00 sys=0.00, real=0.00 secs] 
93.538: [GC (Allocation Failure) [PSYoungGen: 71264K->96K(70144K)] 73235K->2067K(245248K), 0.0004999 secs] [Times: user=0.00 sys=0.00, real=0.00 secs] 
93.592: [GC (Allocation Failure) [PSYoungGen: 69728K->96K(68608K)] 71699K->2067K(243712K), 0.0007430 secs] [Times: user=0.00 sys=0.00, real=0.00 secs] 
93.644: [GC (Allocation Failure) [PSYoungGen: 68192K->64K(82432K)] 70163K->2035K(257536K), 0.0009565 secs] [Times: user=0.01 sys=0.00, real=0.00 secs] 
93.705: [GC (Allocation Failure) [PSYoungGen: 81984K->96K(98816K)] 83955K->2067K(273920K), 0.0004897 secs] [Times: user=0.00 sys=0.00, real=0.00 secs] 
93.776: [GC (Allocation Failure) [PSYoungGen: 98400K->64K(118784K)] 100371K->2035K(293888K), 0.0010109 secs] [Times: user=0.00 sys=0.00, real=0.00 secs] 
93.865: [GC (Allocation Failure) [PSYoungGen: 118336K->32K(142848K)] 120307K->2003K(317952K), 0.0009526 secs] [Times: user=0.00 sys=0.00, real=0.00 secs] 
93.970: [GC (Allocation Failure) [PSYoungGen: 142368K->96K(171520K)] 144339K->2067K(346624K), 0.0009593 secs] [Times: user=0.00 sys=0.00, real=0.00 secs] 
94.096: [GC (Allocation Failure) [PSYoungGen: 171104K->96K(165376K)] 173075K->2067K(340480K), 0.0005037 secs] [Times: user=0.00 sys=0.00, real=0.00 secs] 
94.214: [GC (Allocation Failure) [PSYoungGen: 164960K->32K(159744K)] 166931K->2003K(334848K), 0.0005027 secs] [Times: user=0.00 sys=0.00, real=0.00 secs] 
94.328: [GC (Allocation Failure) [PSYoungGen: 159264K->96K(154112K)] 161235K->2067K(329216K), 0.0004857 secs] [Times: user=0.00 sys=0.00, real=0.00 secs] 
94.437: [GC (Allocation Failure) [PSYoungGen: 153696K->64K(148992K)] 155667K->2035K(324096K), 0.0005035 secs] [Times: user=0.00 sys=0.00, real=0.00 secs] 
94.543: [GC (Allocation Failure) [PSYoungGen: 148544K->96K(143872K)] 150515K->2067K(318976K), 0.0004961 secs] [Times: user=0.01 sys=0.00, real=0.00 secs] 
94.646: [GC (Allocation Failure) [PSYoungGen: 143456K->64K(139264K)] 145427K->2035K(314368K), 0.0007385 secs] [Times: user=0.00 sys=0.00, real=0.00 secs] 
94.745: [GC (Allocation Failure) [PSYoungGen: 138816K->64K(134656K)] 140787K->2035K(309760K), 0.0005009 secs] [Times: user=0.00 sys=0.00, real=0.00 secs] 
94.840: [GC (Allocation Failure) [PSYoungGen: 134208K->96K(130560K)] 136179K->2067K(305664K), 0.0004933 secs] [Times: user=0.00 sys=0.00, real=0.00 secs] 
94.934: [GC (Allocation Failure) [PSYoungGen: 130144K->96K(126464K)] 132115K->2067K(301568K), 0.0007642 secs] [Times: user=0.01 sys=0.00, real=0.00 secs] 
95.027: [GC (Allocation Failure) [PSYoungGen: 126048K->32K(122368K)] 128019K->2003K(297472K), 0.0004879 secs] [Times: user=0.00 sys=0.00, real=0.00 secs] 
95.114: [GC (Allocation Failure) [PSYoungGen: 121888K->96K(118784K)] 123859K->2067K(293888K), 0.0005019 secs] [Times: user=0.00 sys=0.00, real=0.00 secs] 
95.200: [GC (Allocation Failure) [PSYoungGen: 118368K->96K(115200K)] 120339K->2067K(290304K), 0.0004922 secs] [Times: user=0.00 sys=0.00, real=0.00 secs] 
95.282: [GC (Allocation Failure) [PSYoungGen: 114784K->96K(111616K)] 116755K->2067K(286720K), 0.0004899 secs] [Times: user=0.00 sys=0.00, real=0.00 secs] 
95.377: [GC (Allocation Failure) [PSYoungGen: 111200K->96K(108544K)] 113171K->2067K(283648K), 0.0005082 secs] [Times: user=0.00 sys=0.00, real=0.00 secs] 
95.453: [GC (Allocation Failure) [PSYoungGen: 108128K->96K(105472K)] 110099K->2067K(280576K), 0.0004994 secs] [Times: user=0.00 sys=0.00, real=0.00 secs] 
95.533: [GC (Allocation Failure) [PSYoungGen: 105056K->64K(102400K)] 107027K->2035K(277504K), 0.0006859 secs] [Times: user=0.00 sys=0.00, real=0.00 secs] 
95.605: [GC (Allocation Failure) [PSYoungGen: 101952K->64K(99328K)] 103923K->2035K(274432K), 0.0004941 secs] [Times: user=0.00 sys=0.00, real=0.00 secs] 
95.679: [GC (Allocation Failure) [PSYoungGen: 98880K->96K(96768K)] 100851K->2067K(271872K), 0.0005224 secs] [Times: user=0.00 sys=0.00, real=0.01 secs] 
95.748: [GC (Allocation Failure) [PSYoungGen: 96352K->96K(94208K)] 98323K->2067K(269312K), 0.0005130 secs] [Times: user=0.00 sys=0.00, real=0.00 secs] 
95.815: [GC (Allocation Failure) [PSYoungGen: 93792K->64K(91648K)] 95763K->2035K(266752K), 0.0005485 secs] [Times: user=0.00 sys=0.00, real=0.00 secs] 
95.889: [GC (Allocation Failure) [PSYoungGen: 91200K->0K(89088K)] 93171K->1971K(264192K), 0.0005429 secs] [Times: user=0.00 sys=0.01, real=0.01 secs] 
95.954: [GC (Allocation Failure) [PSYoungGen: 88576K->96K(87040K)] 90547K->2067K(262144K), 0.0004938 secs] [Times: user=0.00 sys=0.00, real=0.00 secs] 
96.018: [GC (Allocation Failure) [PSYoungGen: 86624K->96K(84992K)] 88595K->2067K(260096K), 0.0004851 secs] [Times: user=0.00 sys=0.00, real=0.00 secs] 
96.085: [GC (Allocation Failure) [PSYoungGen: 84576K->32K(82944K)] 86547K->2003K(258048K), 0.0009904 secs] [Times: user=0.00 sys=0.00, real=0.00 secs] 
96.146: [GC (Allocation Failure) [PSYoungGen: 82464K->96K(80896K)] 84435K->2067K(256000K), 0.0004941 secs] [Times: user=0.00 sys=0.00, real=0.00 secs] 
96.214: [GC (Allocation Failure) [PSYoungGen: 80480K->96K(78848K)] 82451K->2067K(253952K), 0.0004990 secs] [Times: user=0.00 sys=0.00, real=0.00 secs] 
96.270: [GC (Allocation Failure) [PSYoungGen: 78432K->64K(76800K)] 80403K->2035K(251904K), 0.0004985 secs] [Times: user=0.00 sys=0.00, real=0.00 secs] 
96.324: [GC (Allocation Failure) [PSYoungGen: 76352K->96K(74752K)] 78323K->2067K(249856K), 0.0005069 secs] [Times: user=0.00 sys=0.00, real=0.00 secs] 
96.377: [GC (Allocation Failure) [PSYoungGen: 74336K->64K(73216K)] 76307K->2035K(248320K), 0.0005307 secs] [Times: user=0.00 sys=0.00, real=0.00 secs] 
96.429: [GC (Allocation Failure) [PSYoungGen: 72768K->96K(71680K)] 74739K->2067K(246784K), 0.0004918 secs] [Times: user=0.00 sys=0.00, real=0.01 secs] 
96.483: [GC (Allocation Failure) [PSYoungGen: 71264K->32K(70144K)] 73235K->2003K(245248K), 0.0005490 secs] [Times: user=0.00 sys=0.00, real=0.00 secs] 
96.547: [GC (Allocation Failure) [PSYoungGen: 69664K->96K(68608K)] 71635K->2067K(243712K), 0.0004938 secs] [Times: user=0.01 sys=0.00, real=0.00 secs] 
96.597: [GC (Allocation Failure) [PSYoungGen: 68192K->96K(67072K)] 70163K->2067K(242176K), 0.0004917 secs] [Times: user=0.00 sys=0.00, real=0.00 secs] 
96.653: [GC (Allocation Failure) [PSYoungGen: 66656K->96K(80384K)] 68627K->2067K(255488K), 0.0011191 secs] [Times: user=0.00 sys=0.00, real=0.00 secs] 
96.721: [GC (Allocation Failure) [PSYoungGen: 79968K->64K(96768K)] 81939K->2035K(271872K), 0.0016093 secs] [Times: user=0.00 sys=0.00, real=0.00 secs] 
96.804: [GC (Allocation Failure) [PSYoungGen: 96320K->64K(116224K)] 98291K->2035K(291328K), 0.0016327 secs] [Times: user=0.00 sys=0.00, real=0.00 secs] 
96.908: [GC (Allocation Failure) [PSYoungGen: 115776K->96K(139776K)] 117747K->2067K(314880K), 0.0005436 secs] [Times: user=0.00 sys=0.00, real=0.00 secs] 
97.010: [GC (Allocation Failure) [PSYoungGen: 139360K->96K(135168K)] 141331K->2067K(310272K), 0.0005111 secs] [Times: user=0.00 sys=0.00, real=0.00 secs] 
97.107: [GC (Allocation Failure) [PSYoungGen: 134752K->96K(131072K)] 136723K->2067K(306176K), 0.0005101 secs] [Times: user=0.00 sys=0.00, real=0.00 secs] 
97.208: [GC (Allocation Failure) [PSYoungGen: 130656K->32K(126976K)] 132627K->2003K(302080K), 0.0005160 secs] [Times: user=0.00 sys=0.00, real=0.00 secs] 
97.304: [GC (Allocation Failure) [PSYoungGen: 126496K->64K(122880K)] 128467K->2035K(297984K), 0.0009696 secs] [Times: user=0.00 sys=0.00, real=0.00 secs] 
97.393: [GC (Allocation Failure) [PSYoungGen: 122432K->96K(119296K)] 124403K->2067K(294400K), 0.0005209 secs] [Times: user=0.00 sys=0.00, real=0.00 secs] 
97.480: [GC (Allocation Failure) [PSYoungGen: 118880K->32K(115712K)] 120851K->2003K(290816K), 0.0005098 secs] [Times: user=0.00 sys=0.00, real=0.00 secs] 
97.568: [GC (Allocation Failure) [PSYoungGen: 115232K->96K(112128K)] 117203K->2067K(287232K), 0.0005045 secs] [Times: user=0.00 sys=0.00, real=0.00 secs] 
97.656: [GC (Allocation Failure) [PSYoungGen: 111712K->64K(109056K)] 113683K->2035K(284160K), 0.0005021 secs] [Times: user=0.00 sys=0.00, real=0.00 secs] 
97.742: [GC (Allocation Failure) [PSYoungGen: 108608K->96K(105984K)] 110579K->2067K(281088K), 0.0004999 secs] [Times: user=0.01 sys=0.00, real=0.00 secs] 
97.825: [GC (Allocation Failure) [PSYoungGen: 105568K->64K(102912K)] 107539K->2035K(278016K), 0.0005544 secs] [Times: user=0.00 sys=0.00, real=0.00 secs] 
97.907: [GC (Allocation Failure) [PSYoungGen: 102464K->32K(99840K)] 104435K->2003K(274944K), 0.0009064 secs] [Times: user=0.00 sys=0.00, real=0.00 secs] 
97.980: [GC (Allocation Failure) [PSYoungGen: 99360K->96K(97280K)] 101331K->2067K(272384K), 0.0005441 secs] [Times: user=0.00 sys=0.00, real=0.00 secs] 
98.052: [GC (Allocation Failure) [PSYoungGen: 96864K->96K(94720K)] 98835K->2067K(269824K), 0.0005497 secs] [Times: user=0.00 sys=0.00, real=0.00 secs] 
98.122: [GC (Allocation Failure) [PSYoungGen: 94304K->96K(92160K)] 96275K->2067K(267264K), 0.0005144 secs] [Times: user=0.00 sys=0.00, real=0.00 secs] 
98.190: [GC (Allocation Failure) [PSYoungGen: 91744K->96K(89600K)] 93715K->2067K(264704K), 0.0005216 secs] [Times: user=0.00 sys=0.00, real=0.00 secs] 
98.255: [GC (Allocation Failure) [PSYoungGen: 89184K->32K(87040K)] 91155K->2003K(262144K), 0.0005156 secs] [Times: user=0.01 sys=0.00, real=0.00 secs] 
98.319: [GC (Allocation Failure) [PSYoungGen: 86560K->64K(84992K)] 88531K->2035K(260096K), 0.0004994 secs] [Times: user=0.00 sys=0.00, real=0.00 secs] 
98.381: [GC (Allocation Failure) [PSYoungGen: 84544K->96K(82944K)] 86515K->2067K(258048K), 0.0005063 secs] [Times: user=0.00 sys=0.00, real=0.00 secs] 
98.442: [GC (Allocation Failure) [PSYoungGen: 82528K->96K(80896K)] 84499K->2067K(256000K), 0.0005374 secs] [Times: user=0.00 sys=0.00, real=0.00 secs] 
98.503: [GC (Allocation Failure) [PSYoungGen: 80480K->96K(78848K)] 82451K->2067K(253952K), 0.0005697 secs] [Times: user=0.00 sys=0.00, real=0.00 secs] 
98.561: [GC (Allocation Failure) [PSYoungGen: 78432K->64K(76800K)] 80403K->2035K(251904K), 0.0005675 secs] [Times: user=0.00 sys=0.00, real=0.00 secs] 
98.620: [GC (Allocation Failure) [PSYoungGen: 76352K->96K(74752K)] 78323K->2067K(249856K), 0.0005389 secs] [Times: user=0.00 sys=0.00, real=0.00 secs] 
98.678: [GC (Allocation Failure) [PSYoungGen: 74336K->64K(73216K)] 76307K->2035K(248320K), 0.0005417 secs] [Times: user=0.01 sys=0.00, real=0.00 secs] 
98.735: [GC (Allocation Failure) [PSYoungGen: 72768K->96K(71680K)] 74739K->2067K(246784K), 0.0005119 secs] [Times: user=0.00 sys=0.00, real=0.00 secs] 
98.788: [GC (Allocation Failure) [PSYoungGen: 71264K->32K(70144K)] 73235K->2003K(245248K), 0.0005112 secs] [Times: user=0.00 sys=0.00, real=0.00 secs] 
98.839: [GC (Allocation Failure) [PSYoungGen: 69664K->96K(68608K)] 71635K->2067K(243712K), 0.0005637 secs] [Times: user=0.01 sys=0.00, real=0.00 secs] 
98.891: [GC (Allocation Failure) [PSYoungGen: 68192K->96K(67072K)] 70163K->2067K(242176K), 0.0006341 secs] [Times: user=0.00 sys=0.00, real=0.00 secs] 
98.941: [GC (Allocation Failure) [PSYoungGen: 66656K->96K(65536K)] 68627K->2067K(240640K), 0.0005433 secs] [Times: user=0.00 sys=0.00, real=0.00 secs] 
98.988: [GC (Allocation Failure) [PSYoungGen: 65120K->96K(78848K)] 67091K->2067K(253952K), 0.0008190 secs] [Times: user=0.00 sys=0.00, real=0.00 secs] 
99.047: [GC (Allocation Failure) [PSYoungGen: 78432K->96K(94720K)] 80403K->2067K(269824K), 0.0005026 secs] [Times: user=0.00 sys=0.00, real=0.00 secs] 
99.117: [GC (Allocation Failure) [PSYoungGen: 94304K->96K(92160K)] 96275K->2067K(267264K), 0.0005031 secs] [Times: user=0.00 sys=0.00, real=0.00 secs] 
99.188: [GC (Allocation Failure) [PSYoungGen: 91744K->96K(89600K)] 93715K->2067K(264704K), 0.0005386 secs] [Times: user=0.00 sys=0.00, real=0.00 secs] 
99.257: [GC (Allocation Failure) [PSYoungGen: 89184K->128K(87040K)] 91155K->2099K(262144K), 0.0005940 secs] [Times: user=0.00 sys=0.00, real=0.00 secs] 
99.321: [GC (Allocation Failure) [PSYoungGen: 86656K->96K(84992K)] 88627K->2067K(260096K), 0.0005336 secs] [Times: user=0.00 sys=0.00, real=0.00 secs] 
99.383: [GC (Allocation Failure) [PSYoungGen: 84576K->64K(82944K)] 86547K->2035K(258048K), 0.0005612 secs] [Times: user=0.00 sys=0.00, real=0.00 secs] 
99.451: [GC (Allocation Failure) [PSYoungGen: 82496K->96K(80896K)] 84467K->2067K(256000K), 0.0005594 secs] [Times: user=0.00 sys=0.00, real=0.00 secs] 
99.509: [GC (Allocation Failure) [PSYoungGen: 80480K->96K(78848K)] 82451K->2067K(253952K), 0.0005123 secs] [Times: user=0.00 sys=0.00, real=0.01 secs] 
99.571: [GC (Allocation Failure) [PSYoungGen: 78432K->96K(76800K)] 80403K->2067K(251904K), 0.0005056 secs] [Times: user=0.00 sys=0.00, real=0.00 secs] 
99.629: [GC (Allocation Failure) [PSYoungGen: 76384K->64K(74752K)] 78355K->2035K(249856K), 0.0005752 secs] [Times: user=0.00 sys=0.00, real=0.00 secs] 
99.688: [GC (Allocation Failure) [PSYoungGen: 74304K->32K(73216K)] 76275K->2003K(248320K), 0.0005227 secs] [Times: user=0.00 sys=0.00, real=0.00 secs] 
99.746: [GC (Allocation Failure) [PSYoungGen: 72736K->64K(71680K)] 74707K->2035K(246784K), 0.0005326 secs] [Times: user=0.00 sys=0.00, real=0.00 secs] 
99.800: [GC (Allocation Failure) [PSYoungGen: 71232K->96K(70144K)] 73203K->2067K(245248K), 0.0005072 secs] [Times: user=0.01 sys=0.00, real=0.00 secs] 
99.860: [GC (Allocation Failure) [PSYoungGen: 69728K->96K(68608K)] 71699K->2067K(243712K), 0.0004906 secs] [Times: user=0.00 sys=0.00, real=0.00 secs] 
99.916: [GC (Allocation Failure) [PSYoungGen: 68192K->64K(67072K)] 70163K->2035K(242176K), 0.0004915 secs] [Times: user=0.00 sys=0.00, real=0.00 secs] 
99.964: [GC (Allocation Failure) [PSYoungGen: 66624K->64K(65536K)] 68595K->2035K(240640K), 0.0005699 secs] [Times: user=0.00 sys=0.00, real=0.00 secs] 
100.011: [GC (Allocation Failure) [PSYoungGen: 65088K->96K(64000K)] 67059K->2067K(239104K), 0.0004862 secs] [Times: user=0.00 sys=0.00, real=0.00 secs] 
100.057: [GC (Allocation Failure) [PSYoungGen: 63584K->96K(62464K)] 65555K->2067K(237568K), 0.0004989 secs] [Times: user=0.00 sys=0.00, real=0.00 secs] 
100.103: [GC (Allocation Failure) [PSYoungGen: 62048K->96K(61440K)] 64019K->2067K(236544K), 0.0004926 secs] [Times: user=0.00 sys=0.00, real=0.00 secs] 
100.157: [GC (Allocation Failure) [PSYoungGen: 61024K->64K(73728K)] 62995K->2035K(248832K), 0.0011063 secs] [Times: user=0.00 sys=0.01, real=0.00 secs] 
100.214: [GC (Allocation Failure) [PSYoungGen: 73280K->96K(88576K)] 75251K->2067K(263680K), 0.0005578 secs] [Times: user=0.00 sys=0.00, real=0.00 secs] 
100.283: [GC (Allocation Failure) [PSYoungGen: 88160K->64K(106496K)] 90131K->2035K(281600K), 0.0010432 secs] [Times: user=0.00 sys=0.00, real=0.00 secs] 
Heap
 PSYoungGen      total 106496K, used 81399K [0x000000076ab00000, 0x0000000788d00000, 0x00000007c0000000)
  eden space 105984K, 76% used [0x000000076ab00000,0x000000076fa6df58,0x0000000771280000)
  from space 512K, 12% used [0x0000000788c00000,0x0000000788c10000,0x0000000788c80000)
  to   space 512K, 0% used [0x0000000788c80000,0x0000000788c80000,0x0000000788d00000)
 ParOldGen       total 175104K, used 1971K [0x00000006c0000000, 0x00000006cab00000, 0x000000076ab00000)
  object space 175104K, 1% used [0x00000006c0000000,0x00000006c01ecff0,0x00000006cab00000)
 Metaspace       used 9312K, capacity 9562K, committed 9856K, reserved 1058816K
  class space    used 998K, capacity 1107K, committed 1152K, reserved 1048576K
