OpenJDK 64-Bit Server VM (25.202-b05) for bsd-amd64 JRE (Zulu 8.36.0.1-CA-macosx) (1.8.0_202-b05), built on Jan 29 2019 06:07:09 by "zulu_re" with gcc 4.2.1 (Based on Apple Inc. build 5658) (LLVM build 2336.11.00)
Memory: 4k page, physical 16777216k(1072896k free)

/proc/meminfo:

CommandLine flags: -XX:InitialHeapSize=268435456 -XX:MaxHeapSize=4294967296 -XX:+PrintGC -XX:+PrintGCDetails -XX:+PrintGCTimeStamps -XX:+UseCompressedClassPointers -XX:+UseCompressedOops -XX:+UseParallelGC 
Heap
 PSYoungGen      total 76288K, used 35664K [0x000000076ab00000, 0x0000000770000000, 0x00000007c0000000)
  eden space 65536K, 54% used [0x000000076ab00000,0x000000076cdd4310,0x000000076eb00000)
  from space 10752K, 0% used [0x000000076f580000,0x000000076f580000,0x0000000770000000)
  to   space 10752K, 0% used [0x000000076eb00000,0x000000076eb00000,0x000000076f580000)
 ParOldGen       total 175104K, used 0K [0x00000006c0000000, 0x00000006cab00000, 0x000000076ab00000)
  object space 175104K, 0% used [0x00000006c0000000,0x00000006c0000000,0x00000006cab00000)
 Metaspace       used 7658K, capacity 8005K, committed 8192K, reserved 1056768K
  class space    used 852K, capacity 948K, committed 1024K, reserved 1048576K
81: [GC (Allocation Failure) [PSYoungGen: 133088K->2016K(141824K)] 133120K->2056K(316928K), 0.0023747 secs] [Times: user=0.00 sys=0.00, real=0.01 secs] 
0.974: [GC (Allocation Failure) [PSYoungGen: 133088K->2016K(267776K)] 133128K->2056K(442880K), 0.0021171 secs] [Times: user=0.00 sys=0.00, real=0.00 secs] 
1.204: [GC (Allocation Failure) [PSYoungGen: 264160K->64K(267776K)] 264200K->2076K(442880K), 0.0021925 secs] [Times: user=0.00 sys=0.00, real=0.00 secs] 
1.380: [GC (Allocation Failure) [PSYoungGen: 262208K->96K(529920K)] 264220K->2108K(705024K), 0.0005233 secs] [Times: user=0.00 sys=0.00, real=0.00 secs] 
1.838: [GC (Allocation Failure) [PSYoungGen: 524384K->64K(529920K)] 526396K->2076K(705024K), 0.0007795 secs] [Times: user=0.00 sys=0.00, real=0.00 secs] 
2.179: [GC (Allocation Failure) [PSYoungGen: 524352K->96K(501760K)] 526364K->2124K(676864K), 0.0005583 secs] [Times: user=0.00 sys=0.00, real=0.00 secs] 
2.507: [GC (Allocation Failure) [PSYoungGen: 501344K->96K(484864K)] 503372K->2132K(659968K), 0.0005304 secs] [Times: user=0.01 sys=0.00, real=0.00 secs] 
2.823: [GC (Allocation Failure) [PSYoungGen: 479328K->96K(458752K)] 481364K->2132K(633856K), 0.0005418 secs] [Times: user=0.00 sys=0.00, real=0.00 secs] 
3.124: [GC (Allocation Failure) [PSYoungGen: 458336K->32K(443904K)] 460372K->2068K(619008K), 0.0010684 secs] [Times: user=0.01 sys=0.00, real=0.00 secs] 
3.445: [GC (Allocation Failure) [PSYoungGen: 438304K->64K(419840K)] 440340K->2108K(594944K), 0.0026733 secs] [Times: user=0.00 sys=0.00, real=0.00 secs] 
3.763: [GC (Allocation Failure) [PSYoungGen: 419392K->96K(406528K)] 421436K->2140K(581632K), 0.0005576 secs] [Times: user=0.00 sys=0.00, real=0.00 secs] 
4.052: [GC (Allocation Failure) [PSYoungGen: 401504K->96K(385024K)] 403548K->2140K(560128K), 0.0005325 secs] [Times: user=0.00 sys=0.00, real=0.01 secs] 
4.310: [GC (Allocation Failure) [PSYoungGen: 384608K->64K(372736K)] 386652K->2108K(547840K), 0.0005202 secs] [Times: user=0.00 sys=0.00, real=0.00 secs] 
4.555: [GC (Allocation Failure) [PSYoungGen: 368192K->96K(353280K)] 370236K->2140K(528384K), 0.0005360 secs] [Times: user=0.00 sys=0.00, real=0.00 secs] 
4.793: [GC (Allocation Failure) [PSYoungGen: 352864K->96K(342016K)] 354908K->2140K(517120K), 0.0005327 secs] [Times: user=0.00 sys=0.01, real=0.00 secs] 
5.036: [GC (Allocation Failure) [PSYoungGen: 338016K->96K(324608K)] 340060K->2140K(499712K), 0.0005305 secs] [Times: user=0.00 sys=0.00, real=0.00 secs] 
5.256: [GC (Allocation Failure) [PSYoungGen: 324192K->96K(314368K)] 326236K->2148K(489472K), 0.0005265 secs] [Times: user=0.00 sys=0.00, real=0.00 secs] 
5.469: [GC (Allocation Failure) [PSYoungGen: 310880K->96K(298496K)] 312932K->2148K(473600K), 0.0005415 secs] [Times: user=0.00 sys=0.00, real=0.00 secs] 
5.678: [GC (Allocation Failure) [PSYoungGen: 298080K->96K(289792K)] 300132K->2148K(464896K), 0.0005065 secs] [Times: user=0.00 sys=0.00, real=0.00 secs] 
5.871: [GC (Allocation Failure) [PSYoungGen: 286304K->96K(275456K)] 288356K->2148K(450560K), 0.0005307 secs] [Times: user=0.00 sys=0.00, real=0.00 secs] 
6.051: [GC (Allocation Failure) [PSYoungGen: 275040K->96K(267264K)] 277092K->2148K(442368K), 0.0005129 secs] [Times: user=0.00 sys=0.00, real=0.00 secs] 
6.220: [GC (Allocation Failure) [PSYoungGen: 264288K->96K(254464K)] 266340K->2148K(429568K), 0.0005352 secs] [Times: user=0.00 sys=0.00, real=0.00 secs] 
6.384: [GC (Allocation Failure) [PSYoungGen: 254048K->96K(246784K)] 256100K->2148K(421888K), 0.0005129 secs] [Times: user=0.00 sys=0.00, real=0.00 secs] 
6.558: [GC (Allocation Failure) [PSYoungGen: 244320K->96K(235520K)] 246372K->2148K(410624K), 0.0014213 secs] [Times: user=0.00 sys=0.00, real=0.00 secs] 
6.717: [GC (Allocation Failure) [PSYoungGen: 235104K->64K(228864K)] 237156K->2116K(403968K), 0.0011319 secs] [Times: user=0.01 sys=0.00, real=0.00 secs] 
6.865: [GC (Allocation Failure) [PSYoungGen: 226368K->96K(218112K)] 228420K->2148K(393216K), 0.0005288 secs] [Times: user=0.00 sys=0.00, real=0.00 secs] 
7.010: [GC (Allocation Failure) [PSYoungGen: 217696K->96K(211456K)] 219748K->2148K(386560K), 0.0005155 secs] [Times: user=0.00 sys=0.00, real=0.00 secs] 
7.147: [GC (Allocation Failure) [PSYoungGen: 209504K->96K(202240K)] 211556K->2148K(377344K), 0.0005221 secs] [Times: user=0.00 sys=0.00, real=0.00 secs] 
7.283: [GC (Allocation Failure) [PSYoungGen: 201824K->96K(196608K)] 203876K->2148K(371712K), 0.0005613 secs] [Times: user=0.00 sys=0.00, real=0.00 secs] 
7.412: [GC (Allocation Failure) [PSYoungGen: 194656K->96K(187904K)] 196708K->2148K(363008K), 0.0005267 secs] [Times: user=0.00 sys=0.01, real=0.01 secs] 
7.535: [GC (Allocation Failure) [PSYoungGen: 187488K->64K(182272K)] 189540K->2116K(357376K), 0.0005212 secs] [Times: user=0.00 sys=0.00, real=0.00 secs] 
7.652: [GC (Allocation Failure) [PSYoungGen: 180800K->64K(175104K)] 182852K->2116K(350208K), 0.0005168 secs] [Times: user=0.00 sys=0.00, real=0.00 secs] 
7.764: [GC (Allocation Failure) [PSYoungGen: 174656K->96K(169984K)] 176708K->2148K(345088K), 0.0005206 secs] [Times: user=0.00 sys=0.00, real=0.00 secs] 
7.871: [GC (Allocation Failure) [PSYoungGen: 168544K->64K(163328K)] 170596K->2116K(338432K), 0.0005453 secs] [Times: user=0.00 sys=0.00, real=0.00 secs] 
7.990: [GC (Allocation Failure) [PSYoungGen: 162880K->96K(158720K)] 164932K->2148K(333824K), 0.0005417 secs] [Times: user=0.00 sys=0.00, real=0.00 secs] 
8.097: [GC (Allocation Failure) [PSYoungGen: 157280K->64K(152576K)] 159332K->2116K(327680K), 0.0006976 secs] [Times: user=0.00 sys=0.00, real=0.00 secs] 
8.209: [GC (Allocation Failure) [PSYoungGen: 152128K->32K(147968K)] 154180K->2084K(323072K), 0.0008021 secs] [Times: user=0.00 sys=0.00, real=0.00 secs] 
8.307: [GC (Allocation Failure) [PSYoungGen: 146976K->96K(142848K)] 149028K->2148K(317952K), 0.0005134 secs] [Times: user=0.00 sys=0.00, real=0.00 secs] 
8.401: [GC (Allocation Failure) [PSYoungGen: 142432K->64K(138752K)] 144484K->2116K(313856K), 0.0011546 secs] [Times: user=0.00 sys=0.00, real=0.01 secs] 
8.501: [GC (Allocation Failure) [PSYoungGen: 137792K->64K(133632K)] 139844K->2116K(308736K), 0.0009394 secs] [Times: user=0.00 sys=0.00, real=0.01 secs] 
8.594: [GC (Allocation Failure) [PSYoungGen: 133184K->64K(130048K)] 135236K->2116K(305152K), 0.0005175 secs] [Times: user=0.00 sys=0.00, real=0.00 secs] 
8.688: [GC (Allocation Failure) [PSYoungGen: 129088K->64K(125440K)] 131140K->2116K(300544K), 0.0005175 secs] [Times: user=0.00 sys=0.00, real=0.00 secs] 
8.776: [GC (Allocation Failure) [PSYoungGen: 124992K->32K(121856K)] 127044K->2084K(296960K), 0.0010863 secs] [Times: user=0.01 sys=0.00, real=0.00 secs] 
8.863: [GC (Allocation Failure) [PSYoungGen: 120864K->0K(117760K)] 122916K->2052K(292864K), 0.0005069 secs] [Times: user=0.00 sys=0.00, real=0.00 secs] 
8.945: [GC (Allocation Failure) [PSYoungGen: 117248K->96K(114688K)] 119300K->2148K(289792K), 0.0005126 secs] [Times: user=0.00 sys=0.00, real=0.00 secs] 
9.024: [GC (Allocation Failure) [PSYoungGen: 113760K->64K(110592K)] 115812K->2116K(285696K), 0.0005374 secs] [Times: user=0.01 sys=0.00, real=0.00 secs] 
9.101: [GC (Allocation Failure) [PSYoungGen: 110144K->32K(107520K)] 112196K->2084K(282624K), 0.0007868 secs] [Times: user=0.00 sys=0.00, real=0.00 secs] 
9.176: [GC (Allocation Failure) [PSYoungGen: 107040K->96K(104448K)] 109092K->2148K(279552K), 0.0005035 secs] [Times: user=0.00 sys=0.00, real=0.00 secs] 
9.247: [GC (Allocation Failure) [PSYoungGen: 104032K->64K(101376K)] 106084K->2116K(276480K), 0.0005104 secs] [Times: user=0.00 sys=0.00, real=0.00 secs] 
9.313: [GC (Allocation Failure) [PSYoungGen: 100928K->64K(98816K)] 102980K->2116K(273920K), 0.0004990 secs] [Times: user=0.00 sys=0.00, real=0.00 secs] 
9.377: [GC (Allocation Failure) [PSYoungGen: 98368K->96K(96256K)] 100420K->2148K(271360K), 0.0005076 secs] [Times: user=0.00 sys=0.00, real=0.00 secs] 
9.439: [GC (Allocation Failure) [PSYoungGen: 95840K->64K(93696K)] 97892K->2116K(268800K), 0.0005149 secs] [Times: user=0.00 sys=0.00, real=0.00 secs] 
9.500: [GC (Allocation Failure) [PSYoungGen: 93248K->64K(91136K)] 95300K->2116K(266240K), 0.0005120 secs] [Times: user=0.01 sys=0.00, real=0.00 secs] 
9.559: [GC (Allocation Failure) [PSYoungGen: 90688K->96K(88576K)] 92740K->2148K(263680K), 0.0004953 secs] [Times: user=0.00 sys=0.00, real=0.00 secs] 
9.616: [GC (Allocation Failure) [PSYoungGen: 88160K->96K(86528K)] 90212K->2148K(261632K), 0.0005045 secs] [Times: user=0.00 sys=0.00, real=0.00 secs] 
9.671: [GC (Allocation Failure) [PSYoungGen: 86112K->96K(84480K)] 88164K->2148K(259584K), 0.0005098 secs] [Times: user=0.00 sys=0.00, real=0.00 secs] 
9.725: [GC (Allocation Failure) [PSYoungGen: 84064K->64K(82432K)] 86116K->2116K(257536K), 0.0005963 secs] [Times: user=0.00 sys=0.00, real=0.00 secs] 
9.778: [GC (Allocation Failure) [PSYoungGen: 81984K->32K(80384K)] 84036K->2084K(255488K), 0.0005024 secs] [Times: user=0.00 sys=0.00, real=0.00 secs] 
9.848: [GC (Allocation Failure) [PSYoungGen: 79904K->32K(96768K)] 81956K->2084K(271872K), 0.0013028 secs] [Times: user=0.00 sys=0.00, real=0.00 secs] 
9.917: [GC (Allocation Failure) [PSYoungGen: 96288K->96K(94208K)] 98340K->2148K(269312K), 0.0005090 secs] [Times: user=0.00 sys=0.00, real=0.00 secs] 
9.977: [GC (Allocation Failure) [PSYoungGen: 93792K->64K(91648K)] 95844K->2116K(266752K), 0.0005138 secs] [Times: user=0.00 sys=0.00, real=0.00 secs] 
10.036: [GC (Allocation Failure) [PSYoungGen: 91200K->64K(89088K)] 93252K->2116K(264192K), 0.0005525 secs] [Times: user=0.00 sys=0.00, real=0.00 secs] 
10.094: [GC (Allocation Failure) [PSYoungGen: 88640K->64K(87040K)] 90692K->2116K(262144K), 0.0004990 secs] [Times: user=0.00 sys=0.00, real=0.00 secs] 
10.153: [GC (Allocation Failure) [PSYoungGen: 86592K->96K(84992K)] 88644K->2148K(260096K), 0.0005103 secs] [Times: user=0.00 sys=0.00, real=0.00 secs] 
10.213: [GC (Allocation Failure) [PSYoungGen: 84576K->64K(82944K)] 86628K->2116K(258048K), 0.0006096 secs] [Times: user=0.00 sys=0.00, real=0.00 secs] 
10.270: [GC (Allocation Failure) [PSYoungGen: 82496K->32K(80896K)] 84548K->2084K(256000K), 0.0006363 secs] [Times: user=0.00 sys=0.00, real=0.00 secs] 
10.335: [GC (Allocation Failure) [PSYoungGen: 80416K->128K(78848K)] 82468K->2180K(253952K), 0.0006314 secs] [Times: user=0.00 sys=0.00, real=0.00 secs] 
10.389: [GC (Allocation Failure) [PSYoungGen: 78464K->32K(76800K)] 80516K->2156K(251904K), 0.0005720 secs] [Times: user=0.00 sys=0.00, real=0.00 secs] 
10.442: [GC (Allocation Failure) [PSYoungGen: 76320K->32K(92160K)] 78444K->2156K(267264K), 0.0009339 secs] [Times: user=0.00 sys=0.00, real=0.01 secs] 
10.509: [GC (Allocation Failure) [PSYoungGen: 91680K->64K(110592K)] 93804K->2188K(285696K), 0.0010623 secs] [Times: user=0.01 sys=0.00, real=0.00 secs] 
10.582: [GC (Allocation Failure) [PSYoungGen: 110144K->64K(132608K)] 112268K->2188K(307712K), 0.0010634 secs] [Times: user=0.00 sys=0.00, real=0.00 secs] 
10.672: [GC (Allocation Failure) [PSYoungGen: 132160K->64K(159232K)] 134284K->2188K(334336K), 0.0007720 secs] [Times: user=0.00 sys=0.00, real=0.00 secs] 
10.790: [GC (Allocation Failure) [PSYoungGen: 158784K->64K(154112K)] 160908K->2188K(329216K), 0.0005078 secs] [Times: user=0.00 sys=0.00, real=0.00 secs] 
10.899: [GC (Allocation Failure) [PSYoungGen: 153664K->64K(148992K)] 155788K->2188K(324096K), 0.0013068 secs] [Times: user=0.00 sys=0.00, real=0.00 secs] 
11.006: [GC (Allocation Failure) [PSYoungGen: 148544K->96K(143872K)] 150668K->2220K(318976K), 0.0005439 secs] [Times: user=0.00 sys=0.00, real=0.00 secs] 
11.103: [GC (Allocation Failure) [PSYoungGen: 143456K->64K(139264K)] 145580K->2188K(314368K), 0.0005087 secs] [Times: user=0.00 sys=0.00, real=0.00 secs] 
11.195: [GC (Allocation Failure) [PSYoungGen: 138816K->64K(134656K)] 140940K->2188K(309760K), 0.0005273 secs] [Times: user=0.00 sys=0.00, real=0.00 secs] 
11.285: [GC (Allocation Failure) [PSYoungGen: 134208K->96K(130560K)] 136332K->2220K(305664K), 0.0004919 secs] [Times: user=0.00 sys=0.00, real=0.00 secs] 
11.371: [GC (Allocation Failure) [PSYoungGen: 130144K->64K(126464K)] 132268K->2188K(301568K), 0.0005180 secs] [Times: user=0.00 sys=0.00, real=0.00 secs] 
11.455: [GC (Allocation Failure) [PSYoungGen: 126016K->96K(122368K)] 128140K->2220K(297472K), 0.0004998 secs] [Times: user=0.00 sys=0.00, real=0.00 secs] 
11.543: [GC (Allocation Failure) [PSYoungGen: 121952K->96K(118784K)] 124076K->2220K(293888K), 0.0005039 secs] [Times: user=0.00 sys=0.00, real=0.00 secs] 
11.622: [GC (Allocation Failure) [PSYoungGen: 118368K->96K(115200K)] 120492K->2220K(290304K), 0.0005035 secs] [Times: user=0.00 sys=0.00, real=0.00 secs] 
11.698: [GC (Allocation Failure) [PSYoungGen: 114784K->32K(111616K)] 116908K->2156K(286720K), 0.0013169 secs] [Times: user=0.01 sys=0.00, real=0.00 secs] 
11.774: [GC (Allocation Failure) [PSYoungGen: 111136K->96K(108544K)] 113260K->2220K(283648K), 0.0004938 secs] [Times: user=0.00 sys=0.00, real=0.00 secs] 
11.843: [GC (Allocation Failure) [PSYoungGen: 108128K->64K(105472K)] 110252K->2188K(280576K), 0.0009046 secs] [Times: user=0.00 sys=0.00, real=0.00 secs] 
11.914: [GC (Allocation Failure) [PSYoungGen: 105024K->64K(102400K)] 107148K->2188K(277504K), 0.0005072 secs] [Times: user=0.00 sys=0.00, real=0.00 secs] 
11.981: [GC (Allocation Failure) [PSYoungGen: 101952K->64K(99328K)] 104076K->2188K(274432K), 0.0005232 secs] [Times: user=0.00 sys=0.00, real=0.00 secs] 
12.048: [GC (Allocation Failure) [PSYoungGen: 98880K->64K(96768K)] 101004K->2188K(271872K), 0.0010175 secs] [Times: user=0.00 sys=0.00, real=0.00 secs] 
12.112: [GC (Allocation Failure) [PSYoungGen: 96320K->64K(116224K)] 98444K->2188K(291328K), 0.0013640 secs] [Times: user=0.00 sys=0.00, real=0.00 secs] 
12.191: [GC (Allocation Failure) [PSYoungGen: 115776K->64K(139776K)] 117900K->2188K(314880K), 0.0006108 secs] [Times: user=0.01 sys=0.00, real=0.00 secs] 
12.281: [GC (Allocation Failure) [PSYoungGen: 139328K->96K(135168K)] 141452K->2220K(310272K), 0.0005086 secs] [Times: user=0.00 sys=0.00, real=0.01 secs] 
12.369: [GC (Allocation Failure) [PSYoungGen: 134752K->32K(131072K)] 136876K->2164K(306176K), 0.0005414 secs] [Times: user=0.00 sys=0.00, real=0.00 secs] 
12.462: [GC (Allocation Failure) [PSYoungGen: 130592K->96K(126976K)] 132724K->2228K(302080K), 0.0005070 secs] [Times: user=0.00 sys=0.00, real=0.01 secs] 
12.555: [GC (Allocation Failure) [PSYoungGen: 126560K->32K(122880K)] 128692K->2164K(297984K), 0.0010047 secs] [Times: user=0.00 sys=0.00, real=0.00 secs] 
12.640: [GC (Allocation Failure) [PSYoungGen: 122400K->96K(119296K)] 124532K->2228K(294400K), 0.0005077 secs] [Times: user=0.00 sys=0.00, real=0.00 secs] 
12.721: [GC (Allocation Failure) [PSYoungGen: 118880K->64K(115712K)] 121012K->2196K(290816K), 0.0005085 secs] [Times: user=0.00 sys=0.00, real=0.00 secs] 
12.804: [GC (Allocation Failure) [PSYoungGen: 115264K->64K(112128K)] 117396K->2196K(287232K), 0.0005382 secs] [Times: user=0.00 sys=0.00, real=0.00 secs] 
12.877: [GC (Allocation Failure) [PSYoungGen: 111680K->64K(109056K)] 113812K->2196K(284160K), 0.0005149 secs] [Times: user=0.01 sys=0.00, real=0.00 secs] 
12.950: [GC (Allocation Failure) [PSYoungGen: 108608K->64K(105984K)] 110740K->2196K(281088K), 0.0012666 secs] [Times: user=0.00 sys=0.00, real=0.00 secs] 
13.022: [GC (Allocation Failure) [PSYoungGen: 105536K->64K(102912K)] 107668K->2196K(278016K), 0.0005015 secs] [Times: user=0.00 sys=0.00, real=0.01 secs] 
13.091: [GC (Allocation Failure) [PSYoungGen: 102464K->64K(99840K)] 104596K->2196K(274944K), 0.0005312 secs] [Times: user=0.00 sys=0.00, real=0.00 secs] 
13.157: [GC (Allocation Failure) [PSYoungGen: 99392K->96K(97280K)] 101524K->2228K(272384K), 0.0005022 secs] [Times: user=0.00 sys=0.00, real=0.00 secs] 
13.227: [GC (Allocation Failure) [PSYoungGen: 96864K->64K(94720K)] 98996K->2196K(269824K), 0.0011049 secs] [Times: user=0.00 sys=0.00, real=0.00 secs] 
13.292: [GC (Allocation Failure) [PSYoungGen: 94272K->64K(92160K)] 96404K->2196K(267264K), 0.0005079 secs] [Times: user=0.00 sys=0.00, real=0.00 secs] 
13.353: [GC (Allocation Failure) [PSYoungGen: 91712K->96K(89600K)] 93844K->2228K(264704K), 0.0005043 secs] [Times: user=0.00 sys=0.00, real=0.00 secs] 
13.412: [GC (Allocation Failure) [PSYoungGen: 89184K->64K(87040K)] 91316K->2196K(262144K), 0.0005100 secs] [Times: user=0.00 sys=0.00, real=0.00 secs] 
13.476: [GC (Allocation Failure) [PSYoungGen: 86592K->32K(104448K)] 88724K->2164K(279552K), 0.0011622 secs] [Times: user=0.00 sys=0.00, real=0.00 secs] 
13.559: [GC (Allocation Failure) [PSYoungGen: 103968K->64K(101376K)] 106100K->2196K(276480K), 0.0005029 secs] [Times: user=0.00 sys=0.00, real=0.00 secs] 
13.652: [GC (Allocation Failure) [PSYoungGen: 100928K->32K(121856K)] 103060K->2164K(296960K), 0.0014007 secs] [Times: user=0.01 sys=0.00, real=0.00 secs] 
13.744: [GC (Allocation Failure) [PSYoungGen: 121376K->64K(118272K)] 123508K->2196K(293376K), 0.0005264 secs] [Times: user=0.00 sys=0.00, real=0.00 secs] 
13.824: [GC (Allocation Failure) [PSYoungGen: 117824K->64K(114688K)] 119956K->2196K(289792K), 0.0005573 secs] [Times: user=0.00 sys=0.00, real=0.00 secs] 
13.906: [GC (Allocation Failure) [PSYoungGen: 114240K->96K(111104K)] 116372K->2228K(286208K), 0.0005016 secs] [Times: user=0.00 sys=0.00, real=0.00 secs] 
13.990: [GC (Allocation Failure) [PSYoungGen: 110688K->96K(108032K)] 112820K->2228K(283136K), 0.0005044 secs] [Times: user=0.00 sys=0.00, real=0.00 secs] 
14.062: [GC (Allocation Failure) [PSYoungGen: 107616K->0K(104960K)] 109748K->2132K(280064K), 0.0004947 secs] [Times: user=0.00 sys=0.00, real=0.00 secs] 
14.131: [GC (Allocation Failure) [PSYoungGen: 104448K->96K(101888K)] 106580K->2228K(276992K), 0.0005099 secs] [Times: user=0.00 sys=0.00, real=0.00 secs] 
14.200: [GC (Allocation Failure) [PSYoungGen: 101472K->64K(98816K)] 103604K->2196K(273920K), 0.0005413 secs] [Times: user=0.00 sys=0.00, real=0.00 secs] 
14.263: [GC (Allocation Failure) [PSYoungGen: 98368K->32K(96256K)] 100500K->2164K(271360K), 0.0007729 secs] [Times: user=0.00 sys=0.00, real=0.00 secs] 
14.327: [GC (Allocation Failure) [PSYoungGen: 95776K->96K(93696K)] 97908K->2228K(268800K), 0.0005038 secs] [Times: user=0.00 sys=0.00, real=0.00 secs] 
14.408: [GC (Allocation Failure) [PSYoungGen: 93280K->64K(91136K)] 95412K->2196K(266240K), 0.0010365 secs] [Times: user=0.00 sys=0.00, real=0.00 secs] 
14.468: [GC (Allocation Failure) [PSYoungGen: 90688K->96K(88576K)] 92820K->2228K(263680K), 0.0004951 secs] [Times: user=0.00 sys=0.00, real=0.00 secs] 
14.526: [GC (Allocation Failure) [PSYoungGen: 88160K->64K(86528K)] 90292K->2196K(261632K), 0.0005746 secs] [Times: user=0.00 sys=0.00, real=0.00 secs] 
14.604: [GC (Allocation Failure) [PSYoungGen: 86080K->0K(84480K)] 88212K->2132K(259584K), 0.0008595 secs] [Times: user=0.00 sys=0.00, real=0.00 secs] 
14.662: [GC (Allocation Failure) [PSYoungGen: 83968K->64K(82432K)] 86100K->2196K(257536K), 0.0005038 secs] [Times: user=0.00 sys=0.00, real=0.00 secs] 
14.715: [GC (Allocation Failure) [PSYoungGen: 81984K->128K(80384K)] 84116K->2260K(255488K), 0.0007426 secs] [Times: user=0.00 sys=0.00, real=0.00 secs] 
14.768: [GC (Allocation Failure) [PSYoungGen: 80000K->64K(78336K)] 82132K->2196K(253440K), 0.0005305 secs] [Times: user=0.00 sys=0.00, real=0.00 secs] 
14.819: [GC (Allocation Failure) [PSYoungGen: 77888K->32K(94208K)] 80020K->2164K(269312K), 0.0016776 secs] [Times: user=0.00 sys=0.00, real=0.00 secs] 
14.884: [GC (Allocation Failure) [PSYoungGen: 93728K->32K(113152K)] 95860K->2164K(288256K), 0.0005121 secs] [Times: user=0.00 sys=0.00, real=0.00 secs] 
14.957: [GC (Allocation Failure) [PSYoungGen: 112672K->64K(135680K)] 114804K->2196K(310784K), 0.0005122 secs] [Times: user=0.00 sys=0.00, real=0.00 secs] 
15.049: [GC (Allocation Failure) [PSYoungGen: 135232K->96K(131584K)] 137364K->2228K(306688K), 0.0004953 secs] [Times: user=0.00 sys=0.00, real=0.00 secs] 
15.135: [GC (Allocation Failure) [PSYoungGen: 131168K->64K(127488K)] 133300K->2196K(302592K), 0.0005031 secs] [Times: user=0.00 sys=0.00, real=0.00 secs] 
15.220: [GC (Allocation Failure) [PSYoungGen: 127040K->32K(123392K)] 129172K->2164K(298496K), 0.0005798 secs] [Times: user=0.00 sys=0.00, real=0.00 secs] 
15.301: [GC (Allocation Failure) [PSYoungGen: 122912K->64K(119808K)] 125044K->2196K(294912K), 0.0005301 secs] [Times: user=0.00 sys=0.00, real=0.00 secs] 
15.378: [GC (Allocation Failure) [PSYoungGen: 119360K->96K(116224K)] 121492K->2228K(291328K), 0.0005060 secs] [Times: user=0.00 sys=0.00, real=0.00 secs] 
15.453: [GC (Allocation Failure) [PSYoungGen: 115808K->96K(112640K)] 117940K->2228K(287744K), 0.0005037 secs] [Times: user=0.01 sys=0.00, real=0.00 secs] 
15.526: [GC (Allocation Failure) [PSYoungGen: 112224K->96K(109568K)] 114356K->2228K(284672K), 0.0005018 secs] [Times: user=0.00 sys=0.00, real=0.00 secs] 
15.600: [GC (Allocation Failure) [PSYoungGen: 109152K->64K(106496K)] 111284K->2196K(281600K), 0.0005259 secs] [Times: user=0.00 sys=0.00, real=0.00 secs] 
15.670: [GC (Allocation Failure) [PSYoungGen: 106048K->32K(103424K)] 108180K->2164K(278528K), 0.0012564 secs] [Times: user=0.00 sys=0.00, real=0.00 secs] 
15.740: [GC (Allocation Failure) [PSYoungGen: 102944K->64K(100352K)] 105076K->2196K(275456K), 0.0005156 secs] [Times: user=0.00 sys=0.00, real=0.00 secs] 
15.807: [GC (Allocation Failure) [PSYoungGen: 99904K->64K(97792K)] 102036K->2196K(272896K), 0.0005047 secs] [Times: user=0.00 sys=0.00, real=0.00 secs] 
15.871: [GC (Allocation Failure) [PSYoungGen: 97344K->64K(95232K)] 99476K->2196K(270336K), 0.0005104 secs] [Times: user=0.00 sys=0.00, real=0.00 secs] 
15.932: [GC (Allocation Failure) [PSYoungGen: 94784K->64K(92672K)] 96916K->2196K(267776K), 0.0006960 secs] [Times: user=0.00 sys=0.00, real=0.01 secs] 
15.992: [GC (Allocation Failure) [PSYoungGen: 92224K->96K(90112K)] 94356K->2228K(265216K), 0.0004942 secs] [Times: user=0.00 sys=0.00, real=0.00 secs] 
16.050: [GC (Allocation Failure) [PSYoungGen: 89696K->64K(87552K)] 91828K->2196K(262656K), 0.0005025 secs] [Times: user=0.00 sys=0.00, real=0.00 secs] 
16.105: [GC (Allocation Failure) [PSYoungGen: 87104K->96K(85504K)] 89236K->2228K(260608K), 0.0005005 secs] [Times: user=0.00 sys=0.00, real=0.00 secs] 
16.160: [GC (Allocation Failure) [PSYoungGen: 85088K->64K(83456K)] 87220K->2196K(258560K), 0.0004973 secs] [Times: user=0.00 sys=0.00, real=0.00 secs] 
16.213: [GC (Allocation Failure) [PSYoungGen: 83008K->64K(81408K)] 85140K->2196K(256512K), 0.0004848 secs] [Times: user=0.00 sys=0.00, real=0.00 secs] 
16.266: [GC (Allocation Failure) [PSYoungGen: 80960K->64K(97792K)] 83092K->2196K(272896K), 0.0010522 secs] [Times: user=0.00 sys=0.00, real=0.00 secs] 
16.330: [GC (Allocation Failure) [PSYoungGen: 97344K->64K(95232K)] 99476K->2196K(270336K), 0.0005091 secs] [Times: user=0.00 sys=0.00, real=0.00 secs] 
16.413: [GC (Allocation Failure) [PSYoungGen: 94784K->64K(114176K)] 96916K->2196K(289280K), 0.0011214 secs] [Times: user=0.00 sys=0.00, real=0.00 secs] 
16.521: [GC (Allocation Failure) [PSYoungGen: 113728K->96K(110592K)] 115860K->2228K(285696K), 0.0004907 secs] [Times: user=0.00 sys=0.00, real=0.00 secs] 
16.599: [GC (Allocation Failure) [PSYoungGen: 110176K->64K(107520K)] 112308K->2196K(282624K), 0.0005164 secs] [Times: user=0.00 sys=0.00, real=0.00 secs] 
16.674: [GC (Allocation Failure) [PSYoungGen: 107072K->64K(104448K)] 109204K->2196K(279552K), 0.0005321 secs] [Times: user=0.00 sys=0.00, real=0.00 secs] 
16.748: [GC (Allocation Failure) [PSYoungGen: 104000K->96K(101376K)] 106132K->2228K(276480K), 0.0005180 secs] [Times: user=0.00 sys=0.00, real=0.00 secs] 
16.817: [GC (Allocation Failure) [PSYoungGen: 100960K->64K(98816K)] 103092K->2196K(273920K), 0.0008588 secs] [Times: user=0.01 sys=0.00, real=0.00 secs] 
16.888: [GC (Allocation Failure) [PSYoungGen: 98368K->64K(96256K)] 100500K->2196K(271360K), 0.0009996 secs] [Times: user=0.00 sys=0.00, real=0.00 secs] 
16.955: [GC (Allocation Failure) [PSYoungGen: 95808K->64K(93696K)] 97940K->2196K(268800K), 0.0005153 secs] [Times: user=0.00 sys=0.00, real=0.00 secs] 
17.022: [GC (Allocation Failure) [PSYoungGen: 93248K->64K(112640K)] 95380K->2196K(287744K), 0.0013509 secs] [Times: user=0.00 sys=0.00, real=0.01 secs] 
17.097: [GC (Allocation Failure) [PSYoungGen: 112192K->32K(135168K)] 114324K->2164K(310272K), 0.0005302 secs] [Times: user=0.01 sys=0.00, real=0.00 secs] 
17.189: [GC (Allocation Failure) [PSYoungGen: 134688K->96K(131072K)] 136820K->2228K(306176K), 0.0005167 secs] [Times: user=0.00 sys=0.00, real=0.00 secs] 
17.276: [GC (Allocation Failure) [PSYoungGen: 130656K->64K(126976K)] 132788K->2196K(302080K), 0.0005124 secs] [Times: user=0.00 sys=0.00, real=0.00 secs] 
17.358: [GC (Allocation Failure) [PSYoungGen: 126528K->64K(122880K)] 128660K->2196K(297984K), 0.0005450 secs] [Times: user=0.00 sys=0.00, real=0.00 secs] 
17.440: [GC (Allocation Failure) [PSYoungGen: 122432K->64K(119296K)] 124564K->2196K(294400K), 0.0007480 secs] [Times: user=0.00 sys=0.00, real=0.00 secs] 
17.520: [GC (Allocation Failure) [PSYoungGen: 118848K->96K(115712K)] 120980K->2228K(290816K), 0.0005376 secs] [Times: user=0.00 sys=0.00, real=0.00 secs] 
17.598: [GC (Allocation Failure) [PSYoungGen: 115296K->32K(112128K)] 117428K->2164K(287232K), 0.0005301 secs] [Times: user=0.00 sys=0.00, real=0.00 secs] 
17.670: [GC (Allocation Failure) [PSYoungGen: 111648K->64K(109056K)] 113780K->2196K(284160K), 0.0005124 secs] [Times: user=0.00 sys=0.00, real=0.00 secs] 
17.740: [GC (Allocation Failure) [PSYoungGen: 108608K->32K(105984K)] 110740K->2164K(281088K), 0.0004907 secs] [Times: user=0.00 sys=0.00, real=0.00 secs] 
17.807: [GC (Allocation Failure) [PSYoungGen: 105504K->64K(102912K)] 107636K->2196K(278016K), 0.0005618 secs] [Times: user=0.00 sys=0.00, real=0.00 secs] 
17.873: [GC (Allocation Failure) [PSYoungGen: 102464K->96K(99840K)] 104596K->2228K(274944K), 0.0005106 secs] [Times: user=0.01 sys=0.00, real=0.00 secs] 
17.937: [GC (Allocation Failure) [PSYoungGen: 99424K->96K(97280K)] 101556K->2228K(272384K), 0.0005017 secs] [Times: user=0.00 sys=0.00, real=0.00 secs] 
18.000: [GC (Allocation Failure) [PSYoungGen: 96864K->96K(94720K)] 98996K->2228K(269824K), 0.0005034 secs] [Times: user=0.00 sys=0.00, real=0.00 secs] 
18.061: [GC (Allocation Failure) [PSYoungGen: 94304K->64K(92160K)] 96436K->2196K(267264K), 0.0004969 secs] [Times: user=0.00 sys=0.00, real=0.01 secs] 
18.120: [GC (Allocation Failure) [PSYoungGen: 91712K->96K(89600K)] 93844K->2228K(264704K), 0.0011238 secs] [Times: user=0.00 sys=0.00, real=0.00 secs] 
18.181: [GC (Allocation Failure) [PSYoungGen: 89184K->64K(87040K)] 91316K->2196K(262144K), 0.0005125 secs] [Times: user=0.00 sys=0.00, real=0.00 secs] 
18.238: [GC (Allocation Failure) [PSYoungGen: 86592K->96K(84992K)] 88724K->2228K(260096K), 0.0005036 secs] [Times: user=0.00 sys=0.00, real=0.00 secs] 
18.294: [GC (Allocation Failure) [PSYoungGen: 84576K->96K(82944K)] 86708K->2228K(258048K), 0.0005440 secs] [Times: user=0.00 sys=0.00, real=0.00 secs] 
18.348: [GC (Allocation Failure) [PSYoungGen: 82528K->64K(80896K)] 84660K->2196K(256000K), 0.0005045 secs] [Times: user=0.00 sys=0.00, real=0.00 secs] 
18.401: [GC (Allocation Failure) [PSYoungGen: 80448K->64K(97280K)] 82580K->2196K(272384K), 0.0011268 secs] [Times: user=0.00 sys=0.00, real=0.01 secs] 
18.464: [GC (Allocation Failure) [PSYoungGen: 96832K->32K(116736K)] 98964K->2164K(291840K), 0.0007344 secs] [Times: user=0.00 sys=0.00, real=0.00 secs] 
18.544: [GC (Allocation Failure) [PSYoungGen: 116256K->96K(113152K)] 118388K->2228K(288256K), 0.0004945 secs] [Times: user=0.00 sys=0.00, real=0.00 secs] 
18.617: [GC (Allocation Failure) [PSYoungGen: 112736K->32K(135680K)] 114868K->2164K(310784K), 0.0011589 secs] [Times: user=0.00 sys=0.00, real=0.00 secs] 
18.707: [GC (Allocation Failure) [PSYoungGen: 135200K->64K(131584K)] 137332K->2196K(306688K), 0.0005099 secs] [Times: user=0.00 sys=0.00, real=0.00 secs] 
18.791: [GC (Allocation Failure) [PSYoungGen: 131136K->64K(127488K)] 133268K->2196K(302592K), 0.0005106 secs] [Times: user=0.00 sys=0.00, real=0.00 secs] 
18.877: [GC (Allocation Failure) [PSYoungGen: 127040K->32K(123392K)] 129172K->2164K(298496K), 0.0005099 secs] [Times: user=0.01 sys=0.00, real=0.00 secs] 
18.957: [GC (Allocation Failure) [PSYoungGen: 122912K->96K(119808K)] 125044K->2228K(294912K), 0.0005300 secs] [Times: user=0.01 sys=0.00, real=0.00 secs] 
19.037: [GC (Allocation Failure) [PSYoungGen: 119392K->96K(116224K)] 121524K->2228K(291328K), 0.0005292 secs] [Times: user=0.00 sys=0.00, real=0.00 secs] 
19.120: [GC (Allocation Failure) [PSYoungGen: 115808K->64K(112640K)] 117940K->2196K(287744K), 0.0005120 secs] [Times: user=0.01 sys=0.00, real=0.00 secs] 
19.197: [GC (Allocation Failure) [PSYoungGen: 112192K->32K(109568K)] 114324K->2164K(284672K), 0.0004964 secs] [Times: user=0.00 sys=0.00, real=0.00 secs] 
19.267: [GC (Allocation Failure) [PSYoungGen: 109088K->64K(106496K)] 111220K->2196K(281600K), 0.0005326 secs] [Times: user=0.00 sys=0.00, real=0.00 secs] 
19.337: [GC (Allocation Failure) [PSYoungGen: 106048K->64K(103424K)] 108180K->2196K(278528K), 0.0008340 secs] [Times: user=0.00 sys=0.00, real=0.00 secs] 
19.408: [GC (Allocation Failure) [PSYoungGen: 102976K->96K(100352K)] 105108K->2228K(275456K), 0.0004952 secs] [Times: user=0.00 sys=0.00, real=0.00 secs] 
19.474: [GC (Allocation Failure) [PSYoungGen: 99936K->64K(97792K)] 102068K->2196K(272896K), 0.0005205 secs] [Times: user=0.01 sys=0.00, real=0.00 secs] 
19.539: [GC (Allocation Failure) [PSYoungGen: 97344K->32K(95232K)] 99476K->2164K(270336K), 0.0005313 secs] [Times: user=0.00 sys=0.00, real=0.00 secs] 
19.609: [GC (Allocation Failure) [PSYoungGen: 94752K->64K(92672K)] 96884K->2196K(267776K), 0.0005080 secs] [Times: user=0.00 sys=0.00, real=0.00 secs] 
19.676: [GC (Allocation Failure) [PSYoungGen: 92224K->64K(90112K)] 94356K->2204K(265216K), 0.0005267 secs] [Times: user=0.00 sys=0.00, real=0.00 secs] 
19.742: [GC (Allocation Failure) [PSYoungGen: 89664K->96K(87552K)] 91804K->2236K(262656K), 0.0005425 secs] [Times: user=0.00 sys=0.00, real=0.01 secs] 
19.800: [GC (Allocation Failure) [PSYoungGen: 87136K->64K(85504K)] 89276K->2204K(260608K), 0.0010646 secs] [Times: user=0.00 sys=0.00, real=0.00 secs] 
19.862: [GC (Allocation Failure) [PSYoungGen: 85056K->32K(102912K)] 87196K->2172K(278016K), 0.0010805 secs] [Times: user=0.00 sys=0.00, real=0.00 secs] 
19.937: [GC (Allocation Failure) [PSYoungGen: 102432K->64K(123392K)] 104572K->2204K(298496K), 0.0005156 secs] [Times: user=0.00 sys=0.00, real=0.00 secs] 
20.022: [GC (Allocation Failure) [PSYoungGen: 122944K->96K(119808K)] 125084K->2236K(294912K), 0.0006117 secs] [Times: user=0.00 sys=0.00, real=0.01 secs] 
20.105: [GC (Allocation Failure) [PSYoungGen: 119392K->96K(116224K)] 121532K->2236K(291328K), 0.0005374 secs] [Times: user=0.00 sys=0.00, real=0.00 secs] 
20.182: [GC (Allocation Failure) [PSYoungGen: 115808K->96K(112640K)] 117948K->2236K(287744K), 0.0004961 secs] [Times: user=0.00 sys=0.00, real=0.01 secs] 
20.257: [GC (Allocation Failure) [PSYoungGen: 112224K->96K(109568K)] 114364K->2236K(284672K), 0.0005674 secs] [Times: user=0.00 sys=0.00, real=0.00 secs] 
20.334: [GC (Allocation Failure) [PSYoungGen: 109152K->96K(106496K)] 111292K->2236K(281600K), 0.0005343 secs] [Times: user=0.00 sys=0.01, real=0.00 secs] 
20.409: [GC (Allocation Failure) [PSYoungGen: 106080K->96K(103424K)] 108220K->2260K(278528K), 0.0005063 secs] [Times: user=0.00 sys=0.00, real=0.00 secs] 
20.479: [GC (Allocation Failure) [PSYoungGen: 103008K->64K(100352K)] 105172K->2228K(275456K), 0.0009956 secs] [Times: user=0.00 sys=0.00, real=0.00 secs] 
20.554: [GC (Allocation Failure) [PSYoungGen: 99904K->0K(97792K)] 102068K->2164K(272896K), 0.0004871 secs] [Times: user=0.00 sys=0.00, real=0.00 secs] 
20.618: [GC (Allocation Failure) [PSYoungGen: 97280K->96K(95232K)] 99444K->2260K(270336K), 0.0005279 secs] [Times: user=0.00 sys=0.00, real=0.00 secs] 
20.683: [GC (Allocation Failure) [PSYoungGen: 94816K->64K(92672K)] 96980K->2228K(267776K), 0.0005013 secs] [Times: user=0.00 sys=0.00, real=0.00 secs] 
20.744: [GC (Allocation Failure) [PSYoungGen: 92224K->96K(90112K)] 94388K->2260K(265216K), 0.0005287 secs] [Times: user=0.00 sys=0.00, real=0.00 secs] 
20.804: [GC (Allocation Failure) [PSYoungGen: 89696K->32K(87552K)] 91860K->2196K(262656K), 0.0006060 secs] [Times: user=0.00 sys=0.00, real=0.00 secs] 
20.862: [GC (Allocation Failure) [PSYoungGen: 87072K->96K(85504K)] 89236K->2260K(260608K), 0.0005147 secs] [Times: user=0.00 sys=0.00, real=0.00 secs] 
20.919: [GC (Allocation Failure) [PSYoungGen: 85088K->64K(83456K)] 87252K->2228K(258560K), 0.0005065 secs] [Times: user=0.00 sys=0.00, real=0.00 secs] 
20.974: [GC (Allocation Failure) [PSYoungGen: 83008K->0K(81408K)] 85172K->2164K(256512K), 0.0004981 secs] [Times: user=0.00 sys=0.00, real=0.00 secs] 
21.027: [GC (Allocation Failure) [PSYoungGen: 80896K->96K(79360K)] 83060K->2260K(254464K), 0.0004940 secs] [Times: user=0.00 sys=0.00, real=0.00 secs] 
21.078: [GC (Allocation Failure) [PSYoungGen: 78944K->32K(95232K)] 81108K->2196K(270336K), 0.0014034 secs] [Times: user=0.00 sys=0.00, real=0.00 secs] 
21.141: [GC (Allocation Failure) [PSYoungGen: 94752K->96K(114176K)] 96916K->2260K(289280K), 0.0004993 secs] [Times: user=0.00 sys=0.00, real=0.00 secs] 
21.215: [GC (Allocation Failure) [PSYoungGen: 113760K->32K(137216K)] 115924K->2196K(312320K), 0.0005198 secs] [Times: user=0.00 sys=0.00, real=0.00 secs] 
21.304: [GC (Allocation Failure) [PSYoungGen: 136736K->64K(132608K)] 138900K->2228K(307712K), 0.0004951 secs] [Times: user=0.00 sys=0.00, real=0.00 secs] 
21.390: [GC (Allocation Failure) [PSYoungGen: 132160K->64K(128512K)] 134324K->2228K(303616K), 0.0005155 secs] [Times: user=0.00 sys=0.00, real=0.00 secs] 
21.476: [GC (Allocation Failure) [PSYoungGen: 128064K->64K(124416K)] 130228K->2228K(299520K), 0.0005202 secs] [Times: user=0.00 sys=0.00, real=0.00 secs] 
21.558: [GC (Allocation Failure) [PSYoungGen: 123968K->96K(120832K)] 126132K->2260K(295936K), 0.0005032 secs] [Times: user=0.00 sys=0.00, real=0.00 secs] 
21.637: [GC (Allocation Failure) [PSYoungGen: 120416K->64K(117248K)] 122580K->2228K(292352K), 0.0005046 secs] [Times: user=0.00 sys=0.00, real=0.00 secs] 
21.713: [GC (Allocation Failure) [PSYoungGen: 116800K->32K(113664K)] 118964K->2196K(288768K), 0.0005201 secs] [Times: user=0.00 sys=0.00, real=0.00 secs] 
21.786: [GC (Allocation Failure) [PSYoungGen: 113184K->32K(110592K)] 115348K->2196K(285696K), 0.0005219 secs] [Times: user=0.00 sys=0.00, real=0.00 secs] 
21.857: [GC (Allocation Failure) [PSYoungGen: 110112K->96K(107520K)] 112276K->2260K(282624K), 0.0005083 secs] [Times: user=0.00 sys=0.00, real=0.00 secs] 
21.928: [GC (Allocation Failure) [PSYoungGen: 107104K->32K(104448K)] 109268K->2196K(279552K), 0.0010223 secs] [Times: user=0.00 sys=0.00, real=0.00 secs] 
21.996: [GC (Allocation Failure) [PSYoungGen: 103968K->64K(101376K)] 106132K->2228K(276480K), 0.0005021 secs] [Times: user=0.00 sys=0.00, real=0.00 secs] 
22.065: [GC (Allocation Failure) [PSYoungGen: 100928K->96K(98816K)] 103092K->2260K(273920K), 0.0004952 secs] [Times: user=0.00 sys=0.00, real=0.00 secs] 
22.129: [GC (Allocation Failure) [PSYoungGen: 98400K->64K(96256K)] 100564K->2228K(271360K), 0.0005158 secs] [Times: user=0.00 sys=0.00, real=0.00 secs] 
22.192: [GC (Allocation Failure) [PSYoungGen: 95808K->64K(93696K)] 97972K->2228K(268800K), 0.0005147 secs] [Times: user=0.00 sys=0.00, real=0.00 secs] 
22.256: [GC (Allocation Failure) [PSYoungGen: 93248K->64K(91136K)] 95412K->2228K(266240K), 0.0005003 secs] [Times: user=0.00 sys=0.00, real=0.00 secs] 
22.314: [GC (Allocation Failure) [PSYoungGen: 90688K->64K(88576K)] 92852K->2228K(263680K), 0.0005081 secs] [Times: user=0.00 sys=0.00, real=0.00 secs] 
22.410: [GC (Allocation Failure) [PSYoungGen: 88128K->32K(86528K)] 90292K->2196K(261632K), 0.0010654 secs] [Times: user=0.00 sys=0.00, real=0.00 secs] 
22.468: [GC (Allocation Failure) [PSYoungGen: 86048K->32K(84480K)] 88212K->2196K(259584K), 0.0005066 secs] [Times: user=0.00 sys=0.00, real=0.00 secs] 
22.524: [GC (Allocation Failure) [PSYoungGen: 84000K->64K(82432K)] 86164K->2228K(257536K), 0.0005066 secs] [Times: user=0.00 sys=0.00, real=0.00 secs] 
22.577: [GC (Allocation Failure) [PSYoungGen: 81984K->64K(80384K)] 84148K->2228K(255488K), 0.0005120 secs] [Times: user=0.01 sys=0.00, real=0.00 secs] 
22.629: [GC (Allocation Failure) [PSYoungGen: 79936K->64K(78336K)] 82100K->2228K(253440K), 0.0005077 secs] [Times: user=0.00 sys=0.00, real=0.00 secs] 
22.679: [GC (Allocation Failure) [PSYoungGen: 77888K->64K(76288K)] 80052K->2228K(251392K), 0.0005143 secs] [Times: user=0.00 sys=0.00, real=0.00 secs] 
22.728: [GC (Allocation Failure) [PSYoungGen: 75840K->32K(74752K)] 78004K->2196K(249856K), 0.0005451 secs] [Times: user=0.00 sys=0.00, real=0.00 secs] 
22.775: [GC (Allocation Failure) [PSYoungGen: 74272K->64K(73216K)] 76436K->2228K(248320K), 0.0005063 secs] [Times: user=0.01 sys=0.00, real=0.00 secs] 
22.822: [GC (Allocation Failure) [PSYoungGen: 72768K->32K(71680K)] 74932K->2196K(246784K), 0.0005125 secs] [Times: user=0.00 sys=0.00, real=0.00 secs] 
22.869: [GC (Allocation Failure) [PSYoungGen: 71200K->64K(70144K)] 73364K->2228K(245248K), 0.0005059 secs] [Times: user=0.00 sys=0.00, real=0.00 secs] 
22.914: [GC (Allocation Failure) [PSYoungGen: 69696K->64K(68608K)] 71860K->2228K(243712K), 0.0004978 secs] [Times: user=0.00 sys=0.00, real=0.00 secs] 
22.957: [GC (Allocation Failure) [PSYoungGen: 68160K->64K(67072K)] 70324K->2228K(242176K), 0.0005076 secs] [Times: user=0.00 sys=0.00, real=0.00 secs] 
23.000: [GC (Allocation Failure) [PSYoungGen: 66624K->96K(65536K)] 68788K->2260K(240640K), 0.0004985 secs] [Times: user=0.00 sys=0.00, real=0.00 secs] 
23.043: [GC (Allocation Failure) [PSYoungGen: 65120K->32K(78848K)] 67284K->2196K(253952K), 0.0005143 secs] [Times: user=0.00 sys=0.00, real=0.00 secs] 
23.094: [GC (Allocation Failure) [PSYoungGen: 78368K->96K(76800K)] 80532K->2260K(251904K), 0.0004937 secs] [Times: user=0.01 sys=0.00, real=0.00 secs] 
23.143: [GC (Allocation Failure) [PSYoungGen: 76384K->32K(74752K)] 78548K->2196K(249856K), 0.0004903 secs] [Times: user=0.01 sys=0.00, real=0.00 secs] 
23.191: [GC (Allocation Failure) [PSYoungGen: 74272K->96K(73216K)] 76436K->2260K(248320K), 0.0005028 secs] [Times: user=0.00 sys=0.00, real=0.01 secs] 
23.238: [GC (Allocation Failure) [PSYoungGen: 72800K->64K(71680K)] 74964K->2228K(246784K), 0.0005076 secs] [Times: user=0.00 sys=0.00, real=0.00 secs] 
23.284: [GC (Allocation Failure) [PSYoungGen: 71232K->96K(70144K)] 73396K->2260K(245248K), 0.0004998 secs] [Times: user=0.00 sys=0.00, real=0.00 secs] 
23.329: [GC (Allocation Failure) [PSYoungGen: 69728K->32K(84480K)] 71892K->2196K(259584K), 0.0008607 secs] [Times: user=0.00 sys=0.00, real=0.00 secs] 
23.384: [GC (Allocation Failure) [PSYoungGen: 84000K->64K(101376K)] 86164K->2228K(276480K), 0.0005124 secs] [Times: user=0.00 sys=0.00, real=0.00 secs] 
23.448: [GC (Allocation Failure) [PSYoungGen: 100928K->64K(98816K)] 103092K->2228K(273920K), 0.0005042 secs] [Times: user=0.00 sys=0.00, real=0.00 secs] 
23.512: [GC (Allocation Failure) [PSYoungGen: 98368K->64K(118784K)] 100532K->2228K(293888K), 0.0010429 secs] [Times: user=0.01 sys=0.00, real=0.00 secs] 
23.589: [GC (Allocation Failure) [PSYoungGen: 118336K->96K(115200K)] 120500K->2260K(290304K), 0.0005029 secs] [Times: user=0.00 sys=0.00, real=0.00 secs] 
23.664: [GC (Allocation Failure) [PSYoungGen: 114784K->64K(111616K)] 116948K->2228K(286720K), 0.0005089 secs] [Times: user=0.00 sys=0.00, real=0.00 secs] 
23.736: [GC (Allocation Failure) [PSYoungGen: 111168K->96K(108544K)] 113332K->2260K(283648K), 0.0005013 secs] [Times: user=0.00 sys=0.00, real=0.00 secs] 
23.810: [GC (Allocation Failure) [PSYoungGen: 108128K->32K(105472K)] 110292K->2196K(280576K), 0.0011058 secs] [Times: user=0.00 sys=0.00, real=0.00 secs] 
23.884: [GC (Allocation Failure) [PSYoungGen: 104992K->96K(102400K)] 107156K->2260K(277504K), 0.0004965 secs] [Times: user=0.00 sys=0.00, real=0.00 secs] 
23.956: [GC (Allocation Failure) [PSYoungGen: 101984K->96K(99328K)] 104148K->2260K(274432K), 0.0005044 secs] [Times: user=0.00 sys=0.00, real=0.00 secs] 
24.030: [GC (Allocation Failure) [PSYoungGen: 98912K->64K(96768K)] 101076K->2228K(271872K), 0.0007724 secs] [Times: user=0.00 sys=0.00, real=0.00 secs] 
24.099: [GC (Allocation Failure) [PSYoungGen: 96320K->32K(94208K)] 98484K->2196K(269312K), 0.0008987 secs] [Times: user=0.00 sys=0.00, real=0.00 secs] 
24.162: [GC (Allocation Failure) [PSYoungGen: 93728K->32K(113152K)] 95892K->2196K(288256K), 0.0010701 secs] [Times: user=0.00 sys=0.00, real=0.00 secs] 
24.242: [GC (Allocation Failure) [PSYoungGen: 112672K->64K(110080K)] 114836K->2228K(285184K), 0.0005074 secs] [Times: user=0.00 sys=0.00, real=0.00 secs] 
24.317: [GC (Allocation Failure) [PSYoungGen: 109632K->96K(107008K)] 111796K->2260K(282112K), 0.0005412 secs] [Times: user=0.00 sys=0.01, real=0.00 secs] 
24.388: [GC (Allocation Failure) [PSYoungGen: 106592K->96K(128512K)] 108756K->2260K(303616K), 0.0011190 secs] [Times: user=0.00 sys=0.00, real=0.00 secs] 
24.473: [GC (Allocation Failure) [PSYoungGen: 128096K->64K(124416K)] 130260K->2228K(299520K), 0.0005083 secs] [Times: user=0.00 sys=0.00, real=0.00 secs] 
24.555: [GC (Allocation Failure) [PSYoungGen: 123968K->96K(120832K)] 126132K->2260K(295936K), 0.0005048 secs] [Times: user=0.01 sys=0.00, real=0.00 secs] 
24.635: [GC (Allocation Failure) [PSYoungGen: 120416K->64K(144896K)] 122580K->2228K(320000K), 0.0014379 secs] [Times: user=0.01 sys=0.00, real=0.00 secs] 
24.737: [GC (Allocation Failure) [PSYoungGen: 144448K->96K(140288K)] 146612K->2260K(315392K), 0.0005214 secs] [Times: user=0.00 sys=0.00, real=0.00 secs] 
24.836: [GC (Allocation Failure) [PSYoungGen: 139872K->32K(135680K)] 142036K->2196K(310784K), 0.0010185 secs] [Times: user=0.00 sys=0.00, real=0.00 secs] 
24.927: [GC (Allocation Failure) [PSYoungGen: 135200K->32K(131584K)] 137364K->2196K(306688K), 0.0005662 secs] [Times: user=0.00 sys=0.00, real=0.00 secs] 
25.014: [GC (Allocation Failure) [PSYoungGen: 131104K->96K(127488K)] 133268K->2260K(302592K), 0.0005011 secs] [Times: user=0.00 sys=0.00, real=0.00 secs] 
25.100: [GC (Allocation Failure) [PSYoungGen: 127072K->96K(123392K)] 129236K->2260K(298496K), 0.0006382 secs] [Times: user=0.00 sys=0.00, real=0.00 secs] 
25.182: [GC (Allocation Failure) [PSYoungGen: 122976K->64K(119808K)] 125140K->2228K(294912K), 0.0013256 secs] [Times: user=0.00 sys=0.00, real=0.00 secs] 
25.262: [GC (Allocation Failure) [PSYoungGen: 119360K->96K(116224K)] 121524K->2260K(291328K), 0.0005015 secs] [Times: user=0.00 sys=0.00, real=0.00 secs] 
25.337: [GC (Allocation Failure) [PSYoungGen: 115808K->96K(112640K)] 117972K->2260K(287744K), 0.0005029 secs] [Times: user=0.00 sys=0.00, real=0.00 secs] 
25.412: [GC (Allocation Failure) [PSYoungGen: 112224K->96K(109568K)] 114388K->2260K(284672K), 0.0004963 secs] [Times: user=0.00 sys=0.00, real=0.00 secs] 
25.487: [GC (Allocation Failure) [PSYoungGen: 109152K->96K(106496K)] 111316K->2260K(281600K), 0.0004952 secs] [Times: user=0.00 sys=0.00, real=0.00 secs] 
25.563: [GC (Allocation Failure) [PSYoungGen: 106080K->64K(103424K)] 108244K->2228K(278528K), 0.0010915 secs] [Times: user=0.00 sys=0.00, real=0.00 secs] 
25.635: [GC (Allocation Failure) [PSYoungGen: 102976K->64K(100352K)] 105140K->2228K(275456K), 0.0007315 secs] [Times: user=0.00 sys=0.00, real=0.00 secs] 
25.705: [GC (Allocation Failure) [PSYoungGen: 99904K->64K(97792K)] 102068K->2228K(272896K), 0.0005078 secs] [Times: user=0.00 sys=0.00, real=0.00 secs] 
25.781: [GC (Allocation Failure) [PSYoungGen: 97344K->64K(95232K)] 99508K->2228K(270336K), 0.0006025 secs] [Times: user=0.00 sys=0.00, real=0.00 secs] 
25.846: [GC (Allocation Failure) [PSYoungGen: 94784K->96K(92672K)] 96948K->2260K(267776K), 0.0004979 secs] [Times: user=0.00 sys=0.00, real=0.00 secs] 
25.909: [GC (Allocation Failure) [PSYoungGen: 92256K->64K(111104K)] 94420K->2228K(286208K), 0.0014563 secs] [Times: user=0.00 sys=0.00, real=0.00 secs] 
25.988: [GC (Allocation Failure) [PSYoungGen: 110656K->96K(108032K)] 112820K->2260K(283136K), 0.0004960 secs] [Times: user=0.00 sys=0.00, real=0.00 secs] 
26.066: [GC (Allocation Failure) [PSYoungGen: 107616K->96K(104960K)] 109780K->2260K(280064K), 0.0004994 secs] [Times: user=0.00 sys=0.00, real=0.00 secs] 
26.142: [GC (Allocation Failure) [PSYoungGen: 104544K->64K(101888K)] 106708K->2228K(276992K), 0.0006930 secs] [Times: user=0.01 sys=0.00, real=0.00 secs] 
26.215: [GC (Allocation Failure) [PSYoungGen: 101440K->32K(122368K)] 103604K->2196K(297472K), 0.0010762 secs] [Times: user=0.01 sys=0.00, real=0.00 secs] 
26.298: [GC (Allocation Failure) [PSYoungGen: 121888K->64K(146944K)] 124052K->2228K(322048K), 0.0010601 secs] [Times: user=0.00 sys=0.00, real=0.00 secs] 
26.394: [GC (Allocation Failure) [PSYoungGen: 146496K->96K(142336K)] 148660K->2260K(317440K), 0.0004943 secs] [Times: user=0.00 sys=0.00, real=0.00 secs] 
26.486: [GC (Allocation Failure) [PSYoungGen: 141920K->64K(137728K)] 144084K->2228K(312832K), 0.0004987 secs] [Times: user=0.00 sys=0.00, real=0.00 secs] 
26.579: [GC (Allocation Failure) [PSYoungGen: 137280K->32K(133120K)] 139444K->2196K(308224K), 0.0005113 secs] [Times: user=0.00 sys=0.00, real=0.00 secs] 
26.671: [GC (Allocation Failure) [PSYoungGen: 132640K->64K(129024K)] 134804K->2228K(304128K), 0.0005154 secs] [Times: user=0.00 sys=0.00, real=0.00 secs] 
26.772: [GC (Allocation Failure) [PSYoungGen: 128576K->64K(124928K)] 130740K->2228K(300032K), 0.0010950 secs] [Times: user=0.00 sys=0.00, real=0.00 secs] 
26.857: [GC (Allocation Failure) [PSYoungGen: 124480K->64K(121344K)] 126644K->2228K(296448K), 0.0005074 secs] [Times: user=0.00 sys=0.00, real=0.00 secs] 
26.939: [GC (Allocation Failure) [PSYoungGen: 120896K->64K(117760K)] 123060K->2228K(292864K), 0.0005167 secs] [Times: user=0.00 sys=0.00, real=0.00 secs] 
27.026: [GC (Allocation Failure) [PSYoungGen: 117312K->32K(141312K)] 119476K->2196K(316416K), 0.0028270 secs] [Times: user=0.00 sys=0.00, real=0.00 secs] 
27.144: [GC (Allocation Failure) [PSYoungGen: 140832K->32K(169472K)] 142996K->2196K(344576K), 0.0005997 secs] [Times: user=0.00 sys=0.00, real=0.00 secs] 
27.262: [GC (Allocation Failure) [PSYoungGen: 168992K->64K(163840K)] 171156K->2228K(338944K), 0.0005189 secs] [Times: user=0.00 sys=0.00, real=0.00 secs] 
27.380: [GC (Allocation Failure) [PSYoungGen: 163392K->96K(158208K)] 165556K->2260K(333312K), 0.0006223 secs] [Times: user=0.00 sys=0.00, real=0.00 secs] 
27.488: [GC (Allocation Failure) [PSYoungGen: 157792K->64K(153088K)] 159956K->2228K(328192K), 0.0005311 secs] [Times: user=0.01 sys=0.00, real=0.00 secs] 
27.596: [GC (Allocation Failure) [PSYoungGen: 152640K->96K(147968K)] 154804K->2260K(323072K), 0.0004944 secs] [Times: user=0.00 sys=0.00, real=0.00 secs] 
27.694: [GC (Allocation Failure) [PSYoungGen: 147552K->64K(143360K)] 149716K->2228K(318464K), 0.0005224 secs] [Times: user=0.00 sys=0.00, real=0.00 secs] 
27.791: [GC (Allocation Failure) [PSYoungGen: 142912K->32K(138752K)] 145076K->2196K(313856K), 0.0015355 secs] [Times: user=0.00 sys=0.00, real=0.01 secs] 
27.899: [GC (Allocation Failure) [PSYoungGen: 138272K->64K(134144K)] 140436K->2228K(309248K), 0.0007245 secs] [Times: user=0.00 sys=0.00, real=0.00 secs] 
27.991: [GC (Allocation Failure) [PSYoungGen: 133696K->64K(130048K)] 135860K->2228K(305152K), 0.0015527 secs] [Times: user=0.00 sys=0.00, real=0.01 secs] 
28.092: [GC (Allocation Failure) [PSYoungGen: 129600K->64K(125952K)] 131764K->2228K(301056K), 0.0005200 secs] [Times: user=0.00 sys=0.00, real=0.00 secs] 
28.177: [GC (Allocation Failure) [PSYoungGen: 125504K->64K(121856K)] 127668K->2228K(296960K), 0.0005298 secs] [Times: user=0.00 sys=0.00, real=0.00 secs] 
28.263: [GC (Allocation Failure) [PSYoungGen: 121408K->32K(118272K)] 123572K->2196K(293376K), 0.0011096 secs] [Times: user=0.00 sys=0.00, real=0.00 secs] 
28.344: [GC (Allocation Failure) [PSYoungGen: 117792K->64K(114688K)] 119956K->2228K(289792K), 0.0007274 secs] [Times: user=0.00 sys=0.00, real=0.00 secs] 
28.421: [GC (Allocation Failure) [PSYoungGen: 114240K->64K(111104K)] 116404K->2228K(286208K), 0.0005222 secs] [Times: user=0.00 sys=0.00, real=0.01 secs] 
28.494: [GC (Allocation Failure) [PSYoungGen: 110656K->64K(108032K)] 112820K->2228K(283136K), 0.0005209 secs] [Times: user=0.00 sys=0.00, real=0.00 secs] 
28.567: [GC (Allocation Failure) [PSYoungGen: 107584K->0K(104960K)] 109748K->2164K(280064K), 0.0010063 secs] [Times: user=0.00 sys=0.00, real=0.00 secs] 
28.638: [GC (Allocation Failure) [PSYoungGen: 104448K->64K(101888K)] 106612K->2228K(276992K), 0.0008107 secs] [Times: user=0.00 sys=0.00, real=0.00 secs] 
28.709: [GC (Allocation Failure) [PSYoungGen: 101440K->96K(98816K)] 103604K->2260K(273920K), 0.0005242 secs] [Times: user=0.00 sys=0.00, real=0.00 secs] 
28.776: [GC (Allocation Failure) [PSYoungGen: 98400K->96K(96256K)] 100564K->2260K(271360K), 0.0005261 secs] [Times: user=0.00 sys=0.00, real=0.00 secs] 
28.842: [GC (Allocation Failure) [PSYoungGen: 95840K->64K(93696K)] 98004K->2228K(268800K), 0.0005008 secs] [Times: user=0.00 sys=0.00, real=0.00 secs] 
28.904: [GC (Allocation Failure) [PSYoungGen: 93248K->64K(91136K)] 95412K->2228K(266240K), 0.0005224 secs] [Times: user=0.00 sys=0.00, real=0.00 secs] 
28.965: [GC (Allocation Failure) [PSYoungGen: 90688K->64K(88576K)] 92852K->2228K(263680K), 0.0005148 secs] [Times: user=0.00 sys=0.00, real=0.00 secs] 
29.026: [GC (Allocation Failure) [PSYoungGen: 88128K->32K(86528K)] 90292K->2196K(261632K), 0.0007258 secs] [Times: user=0.00 sys=0.00, real=0.00 secs] 
29.083: [GC (Allocation Failure) [PSYoungGen: 86048K->0K(84480K)] 88212K->2164K(259584K), 0.0005327 secs] [Times: user=0.00 sys=0.00, real=0.00 secs] 
29.139: [GC (Allocation Failure) [PSYoungGen: 83968K->64K(101376K)] 86132K->2228K(276480K), 0.0010174 secs] [Times: user=0.00 sys=0.00, real=0.00 secs] 
29.209: [GC (Allocation Failure) [PSYoungGen: 100927K->96K(98816K)] 103091K->2260K(273920K), 0.0005311 secs] [Times: user=0.01 sys=0.00, real=0.00 secs] 
29.273: [GC (Allocation Failure) [PSYoungGen: 98400K->64K(96256K)] 100564K->2228K(271360K), 0.0005143 secs] [Times: user=0.00 sys=0.00, real=0.00 secs] 
29.339: [GC (Allocation Failure) [PSYoungGen: 95808K->64K(115712K)] 97972K->2228K(290816K), 0.0010313 secs] [Times: user=0.01 sys=0.00, real=0.00 secs] 
29.425: [GC (Allocation Failure) [PSYoungGen: 115264K->96K(112128K)] 117428K->2260K(287232K), 0.0006394 secs] [Times: user=0.00 sys=0.00, real=0.00 secs] 
29.505: [GC (Allocation Failure) [PSYoungGen: 111712K->64K(134656K)] 113876K->2228K(309760K), 0.0017807 secs] [Times: user=0.00 sys=0.00, real=0.00 secs] 
29.598: [GC (Allocation Failure) [PSYoungGen: 134208K->32K(161792K)] 136372K->2196K(336896K), 0.0006228 secs] [Times: user=0.00 sys=0.00, real=0.00 secs] 
29.702: [GC (Allocation Failure) [PSYoungGen: 161312K->64K(156160K)] 163476K->2228K(331264K), 0.0005050 secs] [Times: user=0.00 sys=0.00, real=0.00 secs] 
29.803: [GC (Allocation Failure) [PSYoungGen: 155712K->96K(151040K)] 157876K->2260K(326144K), 0.0005137 secs] [Times: user=0.00 sys=0.00, real=0.00 secs] 
29.901: [GC (Allocation Failure) [PSYoungGen: 150624K->96K(145920K)] 152788K->2260K(321024K), 0.0005180 secs] [Times: user=0.00 sys=0.00, real=0.00 secs] 
29.995: [GC (Allocation Failure) [PSYoungGen: 145504K->32K(141312K)] 147668K->2196K(316416K), 0.0005187 secs] [Times: user=0.00 sys=0.00, real=0.00 secs] 
30.086: [GC (Allocation Failure) [PSYoungGen: 140832K->64K(136704K)] 142996K->2228K(311808K), 0.0005309 secs] [Times: user=0.00 sys=0.00, real=0.00 secs] 
30.179: [GC (Allocation Failure) [PSYoungGen: 136256K->64K(132608K)] 138420K->2228K(307712K), 0.0007304 secs] [Times: user=0.00 sys=0.00, real=0.00 secs] 
30.269: [GC (Allocation Failure) [PSYoungGen: 132160K->32K(128512K)] 134324K->2196K(303616K), 0.0005152 secs] [Times: user=0.00 sys=0.00, real=0.00 secs] 
30.353: [GC (Allocation Failure) [PSYoungGen: 128032K->96K(124416K)] 130196K->2260K(299520K), 0.0005195 secs] [Times: user=0.00 sys=0.00, real=0.00 secs] 
30.437: [GC (Allocation Failure) [PSYoungGen: 124000K->64K(120832K)] 126164K->2252K(295936K), 0.0007235 secs] [Times: user=0.00 sys=0.00, real=0.00 secs] 
30.516: [GC (Allocation Failure) [PSYoungGen: 120384K->96K(117248K)] 122572K->2284K(292352K), 0.0005012 secs] [Times: user=0.00 sys=0.00, real=0.00 secs] 
30.602: [GC (Allocation Failure) [PSYoungGen: 116832K->64K(113664K)] 119020K->2252K(288768K), 0.0011051 secs] [Times: user=0.00 sys=0.00, real=0.00 secs] 
30.700: [GC (Allocation Failure) [PSYoungGen: 113216K->32K(110592K)] 115404K->2220K(285696K), 0.0011063 secs] [Times: user=0.01 sys=0.00, real=0.00 secs] 
30.789: [GC (Allocation Failure) [PSYoungGen: 110112K->32K(107520K)] 112300K->2220K(282624K), 0.0005167 secs] [Times: user=0.00 sys=0.00, real=0.00 secs] 
30.873: [GC (Allocation Failure) [PSYoungGen: 107040K->96K(104448K)] 109228K->2284K(279552K), 0.0004969 secs] [Times: user=0.00 sys=0.00, real=0.00 secs] 
30.944: [GC (Allocation Failure) [PSYoungGen: 104032K->96K(101376K)] 106220K->2284K(276480K), 0.0005733 secs] [Times: user=0.00 sys=0.00, real=0.00 secs] 
31.029: [GC (Allocation Failure) [PSYoungGen: 100960K->32K(98816K)] 103148K->2220K(273920K), 0.0011202 secs] [Times: user=0.00 sys=0.00, real=0.00 secs] 
31.124: [GC (Allocation Failure) [PSYoungGen: 98336K->32K(96256K)] 100524K->2220K(271360K), 0.0010824 secs] [Times: user=0.01 sys=0.00, real=0.00 secs] 
31.200: [GC (Allocation Failure) [PSYoungGen: 95776K->64K(93696K)] 97964K->2252K(268800K), 0.0005164 secs] [Times: user=0.00 sys=0.00, real=0.00 secs] 
31.276: [GC (Allocation Failure) [PSYoungGen: 93248K->96K(91136K)] 95436K->2284K(266240K), 0.0005716 secs] [Times: user=0.00 sys=0.00, real=0.00 secs] 
31.343: [GC (Allocation Failure) [PSYoungGen: 90720K->96K(88576K)] 92908K->2284K(263680K), 0.0011271 secs] [Times: user=0.01 sys=0.00, real=0.00 secs] 
31.408: [GC (Allocation Failure) [PSYoungGen: 88160K->96K(86528K)] 90348K->2284K(261632K), 0.0004977 secs] [Times: user=0.00 sys=0.00, real=0.00 secs] 
31.468: [GC (Allocation Failure) [PSYoungGen: 86112K->32K(84480K)] 88300K->2220K(259584K), 0.0007619 secs] [Times: user=0.01 sys=0.00, real=0.00 secs] 
31.534: [GC (Allocation Failure) [PSYoungGen: 84000K->64K(101376K)] 86188K->2252K(276480K), 0.0012757 secs] [Times: user=0.01 sys=0.00, real=0.00 secs] 
31.611: [GC (Allocation Failure) [PSYoungGen: 100928K->64K(121856K)] 103116K->2252K(296960K), 0.0005076 secs] [Times: user=0.00 sys=0.00, real=0.01 secs] 
31.709: [GC (Allocation Failure) [PSYoungGen: 121408K->96K(118272K)] 123596K->2284K(293376K), 0.0005152 secs] [Times: user=0.00 sys=0.00, real=0.00 secs] 
31.829: [GC (Allocation Failure) [PSYoungGen: 117856K->96K(114688K)] 120044K->2284K(289792K), 0.0004968 secs] [Times: user=0.00 sys=0.00, real=0.00 secs] 
31.909: [GC (Allocation Failure) [PSYoungGen: 114272K->32K(111104K)] 116460K->2220K(286208K), 0.0008051 secs] [Times: user=0.00 sys=0.00, real=0.00 secs] 
31.992: [GC (Allocation Failure) [PSYoungGen: 110624K->96K(108032K)] 112812K->2284K(283136K), 0.0004918 secs] [Times: user=0.00 sys=0.00, real=0.00 secs] 
32.064: [GC (Allocation Failure) [PSYoungGen: 107616K->0K(104960K)] 109804K->2188K(280064K), 0.0004885 secs] [Times: user=0.00 sys=0.00, real=0.00 secs] 
32.144: [GC (Allocation Failure) [PSYoungGen: 104448K->96K(101888K)] 106636K->2284K(276992K), 0.0005296 secs] [Times: user=0.01 sys=0.00, real=0.00 secs] 
32.227: [GC (Allocation Failure) [PSYoungGen: 101472K->32K(98816K)] 103660K->2220K(273920K), 0.0005422 secs] [Times: user=0.00 sys=0.00, real=0.00 secs] 
32.302: [GC (Allocation Failure) [PSYoungGen: 98336K->32K(96256K)] 100524K->2220K(271360K), 0.0009670 secs] [Times: user=0.00 sys=0.00, real=0.00 secs] 
32.373: [GC (Allocation Failure) [PSYoungGen: 95776K->32K(115712K)] 97964K->2220K(290816K), 0.0017623 secs] [Times: user=0.01 sys=0.00, real=0.00 secs] 
32.464: [GC (Allocation Failure) [PSYoungGen: 115232K->64K(138752K)] 117420K->2252K(313856K), 0.0005477 secs] [Times: user=0.00 sys=0.00, real=0.00 secs] 
32.592: [GC (Allocation Failure) [PSYoungGen: 138304K->64K(134144K)] 140492K->2252K(309248K), 0.0005247 secs] [Times: user=0.00 sys=0.00, real=0.00 secs] 
32.692: [GC (Allocation Failure) [PSYoungGen: 133696K->64K(130048K)] 135884K->2252K(305152K), 0.0008368 secs] [Times: user=0.00 sys=0.00, real=0.00 secs] 
32.792: [GC (Allocation Failure) [PSYoungGen: 129600K->96K(125952K)] 131788K->2284K(301056K), 0.0007515 secs] [Times: user=0.00 sys=0.00, real=0.00 secs] 
32.876: [GC (Allocation Failure) [PSYoungGen: 125536K->32K(151040K)] 127724K->2220K(326144K), 0.0015652 secs] [Times: user=0.00 sys=0.00, real=0.00 secs] 
33.003: [GC (Allocation Failure) [PSYoungGen: 150560K->64K(145920K)] 152748K->2252K(321024K), 0.0005169 secs] [Times: user=0.00 sys=0.00, real=0.00 secs] 
33.107: [GC (Allocation Failure) [PSYoungGen: 145472K->64K(141312K)] 147660K->2252K(316416K), 0.0005108 secs] [Times: user=0.00 sys=0.00, real=0.00 secs] 
33.204: [GC (Allocation Failure) [PSYoungGen: 140864K->64K(136704K)] 143052K->2252K(311808K), 0.0019352 secs] [Times: user=0.01 sys=0.00, real=0.00 secs] 
33.293: [GC (Allocation Failure) [PSYoungGen: 136256K->96K(132608K)] 138444K->2284K(307712K), 0.0005528 secs] [Times: user=0.00 sys=0.00, real=0.00 secs] 
33.377: [GC (Allocation Failure) [PSYoungGen: 132192K->96K(128512K)] 134380K->2284K(303616K), 0.0005066 secs] [Times: user=0.00 sys=0.00, real=0.00 secs] 
33.459: [GC (Allocation Failure) [PSYoungGen: 128096K->64K(124416K)] 130284K->2252K(299520K), 0.0005564 secs] [Times: user=0.00 sys=0.00, real=0.00 secs] 
33.544: [GC (Allocation Failure) [PSYoungGen: 123968K->64K(120832K)] 126156K->2252K(295936K), 0.0008453 secs] [Times: user=0.00 sys=0.00, real=0.00 secs] 
33.627: [GC (Allocation Failure) [PSYoungGen: 120384K->96K(117248K)] 122572K->2284K(292352K), 0.0005522 secs] [Times: user=0.00 sys=0.00, real=0.00 secs] 
33.742: [GC (Allocation Failure) [PSYoungGen: 116832K->32K(113664K)] 119020K->2220K(288768K), 0.0012829 secs] [Times: user=0.00 sys=0.00, real=0.00 secs] 
33.820: [GC (Allocation Failure) [PSYoungGen: 113184K->96K(110592K)] 115372K->2284K(285696K), 0.0005147 secs] [Times: user=0.00 sys=0.00, real=0.00 secs] 
33.896: [GC (Allocation Failure) [PSYoungGen: 110176K->32K(107520K)] 112364K->2220K(282624K), 0.0010933 secs] [Times: user=0.00 sys=0.00, real=0.00 secs] 
33.970: [GC (Allocation Failure) [PSYoungGen: 107040K->32K(104448K)] 109228K->2220K(279552K), 0.0011004 secs] [Times: user=0.01 sys=0.00, real=0.00 secs] 
34.043: [GC (Allocation Failure) [PSYoungGen: 103968K->96K(101376K)] 106156K->2284K(276480K), 0.0005408 secs] [Times: user=0.00 sys=0.00, real=0.00 secs] 
34.114: [GC (Allocation Failure) [PSYoungGen: 100960K->64K(121856K)] 103148K->2252K(296960K), 0.0011044 secs] [Times: user=0.01 sys=0.00, real=0.00 secs] 
34.199: [GC (Allocation Failure) [PSYoungGen: 121408K->96K(118272K)] 123596K->2284K(293376K), 0.0006233 secs] [Times: user=0.00 sys=0.00, real=0.00 secs] 
34.283: [GC (Allocation Failure) [PSYoungGen: 117856K->96K(114688K)] 120044K->2284K(289792K), 0.0005048 secs] [Times: user=0.00 sys=0.00, real=0.00 secs] 
34.372: [GC (Allocation Failure) [PSYoungGen: 114272K->64K(111104K)] 116460K->2252K(286208K), 0.0011428 secs] [Times: user=0.00 sys=0.00, real=0.00 secs] 
34.495: [GC (Allocation Failure) [PSYoungGen: 110656K->32K(108032K)] 112844K->2220K(283136K), 0.0013618 secs] [Times: user=0.00 sys=0.00, real=0.00 secs] 
34.610: [GC (Allocation Failure) [PSYoungGen: 107551K->64K(104960K)] 109740K->2252K(280064K), 0.0010808 secs] [Times: user=0.00 sys=0.00, real=0.01 secs] 
34.698: [GC (Allocation Failure) [PSYoungGen: 104512K->64K(101888K)] 106700K->2252K(276992K), 0.0009530 secs] [Times: user=0.00 sys=0.00, real=0.00 secs] 
34.777: [GC (Allocation Failure) [PSYoungGen: 101440K->32K(122368K)] 103628K->2220K(297472K), 0.0015087 secs] [Times: user=0.00 sys=0.00, real=0.00 secs] 
34.862: [GC (Allocation Failure) [PSYoungGen: 121888K->96K(146944K)] 124076K->2284K(322048K), 0.0005239 secs] [Times: user=0.00 sys=0.00, real=0.00 secs] 
34.966: [GC (Allocation Failure) [PSYoungGen: 146528K->64K(142336K)] 148716K->2252K(317440K), 0.0009934 secs] [Times: user=0.00 sys=0.00, real=0.00 secs] 
35.103: [GC (Allocation Failure) [PSYoungGen: 141888K->64K(137728K)] 144076K->2252K(312832K), 0.0005298 secs] [Times: user=0.00 sys=0.00, real=0.00 secs] 
35.194: [GC (Allocation Failure) [PSYoungGen: 137280K->64K(133120K)] 139468K->2252K(308224K), 0.0005083 secs] [Times: user=0.00 sys=0.00, real=0.00 secs] 
35.339: [GC (Allocation Failure) [PSYoungGen: 132672K->64K(129024K)] 134860K->2252K(304128K), 0.0012577 secs] [Times: user=0.00 sys=0.00, real=0.00 secs] 
35.430: [GC (Allocation Failure) [PSYoungGen: 128576K->64K(124928K)] 130764K->2252K(300032K), 0.0005039 secs] [Times: user=0.00 sys=0.00, real=0.00 secs] 
35.527: [GC (Allocation Failure) [PSYoungGen: 124480K->32K(121344K)] 126668K->2220K(296448K), 0.0013013 secs] [Times: user=0.00 sys=0.00, real=0.00 secs] 
35.643: [GC (Allocation Failure) [PSYoungGen: 120864K->64K(117760K)] 123052K->2252K(292864K), 0.0005244 secs] [Times: user=0.00 sys=0.00, real=0.00 secs] 
35.725: [GC (Allocation Failure) [PSYoungGen: 117312K->96K(114176K)] 119500K->2284K(289280K), 0.0005512 secs] [Times: user=0.00 sys=0.01, real=0.00 secs] 
35.801: [GC (Allocation Failure) [PSYoungGen: 113760K->96K(110592K)] 115948K->2284K(285696K), 0.0005055 secs] [Times: user=0.00 sys=0.00, real=0.00 secs] 
35.873: [GC (Allocation Failure) [PSYoungGen: 110176K->64K(107520K)] 112364K->2252K(282624K), 0.0005191 secs] [Times: user=0.00 sys=0.00, real=0.00 secs] 
35.942: [GC (Allocation Failure) [PSYoungGen: 107072K->96K(104448K)] 109260K->2284K(279552K), 0.0004966 secs] [Times: user=0.00 sys=0.00, real=0.00 secs] 
36.010: [GC (Allocation Failure) [PSYoungGen: 104032K->64K(101376K)] 106220K->2252K(276480K), 0.0005163 secs] [Times: user=0.00 sys=0.00, real=0.00 secs] 
36.077: [GC (Allocation Failure) [PSYoungGen: 100928K->64K(98816K)] 103116K->2252K(273920K), 0.0010962 secs] [Times: user=0.00 sys=0.00, real=0.00 secs] 
36.143: [GC (Allocation Failure) [PSYoungGen: 98368K->96K(96256K)] 100556K->2284K(271360K), 0.0005013 secs] [Times: user=0.00 sys=0.00, real=0.00 secs] 
36.205: [GC (Allocation Failure) [PSYoungGen: 95840K->64K(93696K)] 98028K->2252K(268800K), 0.0004979 secs] [Times: user=0.00 sys=0.00, real=0.00 secs] 
36.267: [GC (Allocation Failure) [PSYoungGen: 93248K->64K(91136K)] 95436K->2252K(266240K), 0.0005114 secs] [Times: user=0.00 sys=0.00, real=0.00 secs] 
36.328: [GC (Allocation Failure) [PSYoungGen: 90688K->64K(88576K)] 92876K->2252K(263680K), 0.0005094 secs] [Times: user=0.00 sys=0.00, real=0.00 secs] 
36.385: [GC (Allocation Failure) [PSYoungGen: 88128K->64K(86528K)] 90316K->2252K(261632K), 0.0005096 secs] [Times: user=0.01 sys=0.00, real=0.00 secs] 
36.441: [GC (Allocation Failure) [PSYoungGen: 86080K->64K(84480K)] 88268K->2252K(259584K), 0.0004986 secs] [Times: user=0.00 sys=0.00, real=0.01 secs] 
36.495: [GC (Allocation Failure) [PSYoungGen: 84032K->64K(82432K)] 86220K->2252K(257536K), 0.0005028 secs] [Times: user=0.00 sys=0.00, real=0.00 secs] 
36.549: [GC (Allocation Failure) [PSYoungGen: 81984K->96K(80384K)] 84172K->2284K(255488K), 0.0005012 secs] [Times: user=0.00 sys=0.00, real=0.00 secs] 
36.601: [GC (Allocation Failure) [PSYoungGen: 79968K->32K(78336K)] 82156K->2220K(253440K), 0.0005181 secs] [Times: user=0.00 sys=0.00, real=0.00 secs] 
36.651: [GC (Allocation Failure) [PSYoungGen: 77856K->64K(76288K)] 80044K->2252K(251392K), 0.0004881 secs] [Times: user=0.00 sys=0.00, real=0.00 secs] 
36.701: [GC (Allocation Failure) [PSYoungGen: 75840K->96K(91648K)] 78028K->2284K(266752K), 0.0008642 secs] [Times: user=0.00 sys=0.00, real=0.01 secs] 
36.761: [GC (Allocation Failure) [PSYoungGen: 91232K->96K(89088K)] 93420K->2284K(264192K), 0.0005393 secs] [Times: user=0.00 sys=0.00, real=0.00 secs] 
36.822: [GC (Allocation Failure) [PSYoungGen: 88672K->64K(87040K)] 90860K->2252K(262144K), 0.0005013 secs] [Times: user=0.00 sys=0.00, real=0.00 secs] 
36.878: [GC (Allocation Failure) [PSYoungGen: 86592K->64K(84992K)] 88780K->2252K(260096K), 0.0005096 secs] [Times: user=0.00 sys=0.00, real=0.00 secs] 
36.932: [GC (Allocation Failure) [PSYoungGen: 84544K->64K(82944K)] 86732K->2252K(258048K), 0.0005061 secs] [Times: user=0.00 sys=0.00, real=0.00 secs] 
36.985: [GC (Allocation Failure) [PSYoungGen: 82496K->64K(80896K)] 84684K->2252K(256000K), 0.0005450 secs] [Times: user=0.00 sys=0.00, real=0.00 secs] 
37.038: [GC (Allocation Failure) [PSYoungGen: 80448K->96K(78848K)] 82636K->2284K(253952K), 0.0005053 secs] [Times: user=0.00 sys=0.00, real=0.00 secs] 
37.089: [GC (Allocation Failure) [PSYoungGen: 78432K->32K(76800K)] 80620K->2220K(251904K), 0.0004940 secs] [Times: user=0.00 sys=0.00, real=0.00 secs] 
37.138: [GC (Allocation Failure) [PSYoungGen: 76320K->64K(74752K)] 78508K->2252K(249856K), 0.0005156 secs] [Times: user=0.00 sys=0.00, real=0.00 secs] 
37.186: [GC (Allocation Failure) [PSYoungGen: 74304K->64K(73216K)] 76492K->2252K(248320K), 0.0004987 secs] [Times: user=0.00 sys=0.00, real=0.00 secs] 
37.232: [GC (Allocation Failure) [PSYoungGen: 72768K->64K(88064K)] 74956K->2252K(263168K), 0.0007278 secs] [Times: user=0.00 sys=0.00, real=0.00 secs] 
37.289: [GC (Allocation Failure) [PSYoungGen: 87616K->64K(86016K)] 89804K->2252K(261120K), 0.0005142 secs] [Times: user=0.00 sys=0.00, real=0.00 secs] 
37.349: [GC (Allocation Failure) [PSYoungGen: 85568K->96K(83968K)] 87756K->2284K(259072K), 0.0004930 secs] [Times: user=0.00 sys=0.00, real=0.00 secs] 
37.403: [GC (Allocation Failure) [PSYoungGen: 83552K->96K(81920K)] 85740K->2284K(257024K), 0.0005046 secs] [Times: user=0.00 sys=0.00, real=0.00 secs] 
37.455: [GC (Allocation Failure) [PSYoungGen: 81504K->64K(79872K)] 83692K->2252K(254976K), 0.0005100 secs] [Times: user=0.00 sys=0.00, real=0.00 secs] 
37.506: [GC (Allocation Failure) [PSYoungGen: 79424K->32K(77824K)] 81612K->2220K(252928K), 0.0005151 secs] [Times: user=0.00 sys=0.01, real=0.00 secs] 
37.557: [GC (Allocation Failure) [PSYoungGen: 77344K->96K(75776K)] 79532K->2284K(250880K), 0.0005004 secs] [Times: user=0.00 sys=0.00, real=0.00 secs] 
37.606: [GC (Allocation Failure) [PSYoungGen: 75360K->64K(74240K)] 77548K->2252K(249344K), 0.0005122 secs] [Times: user=0.00 sys=0.00, real=0.00 secs] 
37.653: [GC (Allocation Failure) [PSYoungGen: 73792K->64K(89088K)] 75980K->2252K(264192K), 0.0009936 secs] [Times: user=0.00 sys=0.00, real=0.00 secs] 
37.711: [GC (Allocation Failure) [PSYoungGen: 88640K->64K(107008K)] 90828K->2252K(282112K), 0.0005320 secs] [Times: user=0.00 sys=0.00, real=0.01 secs] 
37.780: [GC (Allocation Failure) [PSYoungGen: 106560K->96K(103936K)] 108748K->2284K(279040K), 0.0005057 secs] [Times: user=0.00 sys=0.00, real=0.00 secs] 
37.849: [GC (Allocation Failure) [PSYoungGen: 103520K->96K(100864K)] 105708K->2284K(275968K), 0.0005047 secs] [Times: user=0.00 sys=0.00, real=0.00 secs] 
37.917: [GC (Allocation Failure) [PSYoungGen: 100448K->64K(98304K)] 102636K->2252K(273408K), 0.0005006 secs] [Times: user=0.00 sys=0.00, real=0.00 secs] 
37.982: [GC (Allocation Failure) [PSYoungGen: 97856K->64K(95744K)] 100044K->2252K(270848K), 0.0006689 secs] [Times: user=0.00 sys=0.00, real=0.00 secs] 
38.045: [GC (Allocation Failure) [PSYoungGen: 95296K->96K(93184K)] 97484K->2284K(268288K), 0.0005209 secs] [Times: user=0.00 sys=0.00, real=0.00 secs] 
38.105: [GC (Allocation Failure) [PSYoungGen: 92768K->64K(90624K)] 94956K->2252K(265728K), 0.0005082 secs] [Times: user=0.00 sys=0.00, real=0.00 secs] 
38.163: [GC (Allocation Failure) [PSYoungGen: 90176K->64K(88064K)] 92364K->2252K(263168K), 0.0005092 secs] [Times: user=0.00 sys=0.00, real=0.00 secs] 
38.220: [GC (Allocation Failure) [PSYoungGen: 87616K->96K(86016K)] 89804K->2284K(261120K), 0.0005094 secs] [Times: user=0.00 sys=0.00, real=0.00 secs] 
38.274: [GC (Allocation Failure) [PSYoungGen: 85600K->64K(83968K)] 87788K->2252K(259072K), 0.0005177 secs] [Times: user=0.00 sys=0.00, real=0.00 secs] 
38.328: [GC (Allocation Failure) [PSYoungGen: 83520K->96K(81920K)] 85708K->2284K(257024K), 0.0004946 secs] [Times: user=0.01 sys=0.00, real=0.00 secs] 
38.380: [GC (Allocation Failure) [PSYoungGen: 81504K->64K(79872K)] 83692K->2252K(254976K), 0.0004882 secs] [Times: user=0.00 sys=0.00, real=0.00 secs] 
38.431: [GC (Allocation Failure) [PSYoungGen: 79424K->64K(77824K)] 81612K->2252K(252928K), 0.0004857 secs] [Times: user=0.00 sys=0.00, real=0.00 secs] 
38.480: [GC (Allocation Failure) [PSYoungGen: 77376K->96K(75776K)] 79564K->2284K(250880K), 0.0005288 secs] [Times: user=0.00 sys=0.00, real=0.00 secs] 
38.530: [GC (Allocation Failure) [PSYoungGen: 75360K->64K(74240K)] 77548K->2252K(249344K), 0.0005533 secs] [Times: user=0.00 sys=0.00, real=0.00 secs] 
38.578: [GC (Allocation Failure) [PSYoungGen: 73792K->64K(72704K)] 75980K->2252K(247808K), 0.0005027 secs] [Times: user=0.00 sys=0.00, real=0.00 secs] 
38.625: [GC (Allocation Failure) [PSYoungGen: 72256K->96K(71168K)] 74444K->2284K(246272K), 0.0004941 secs] [Times: user=0.01 sys=0.00, real=0.00 secs] 
38.670: [GC (Allocation Failure) [PSYoungGen: 70752K->96K(69632K)] 72940K->2284K(244736K), 0.0004900 secs] [Times: user=0.00 sys=0.00, real=0.00 secs] 
38.715: [GC (Allocation Failure) [PSYoungGen: 69216K->64K(68096K)] 71404K->2252K(243200K), 0.0004881 secs] [Times: user=0.01 sys=0.00, real=0.00 secs] 
38.758: [GC (Allocation Failure) [PSYoungGen: 67648K->64K(66560K)] 69836K->2252K(241664K), 0.0005092 secs] [Times: user=0.00 sys=0.00, real=0.00 secs] 
38.800: [GC (Allocation Failure) [PSYoungGen: 66112K->96K(79872K)] 68300K->2284K(254976K), 0.0004842 secs] [Times: user=0.00 sys=0.00, real=0.00 secs] 
38.851: [GC (Allocation Failure) [PSYoungGen: 79456K->32K(77824K)] 81644K->2220K(252928K), 0.0005062 secs] [Times: user=0.00 sys=0.00, real=0.01 secs] 
38.900: [GC (Allocation Failure) [PSYoungGen: 77344K->64K(75776K)] 79532K->2252K(250880K), 0.0004822 secs] [Times: user=0.00 sys=0.00, real=0.00 secs] 
38.949: [GC (Allocation Failure) [PSYoungGen: 75328K->64K(74240K)] 77516K->2252K(249344K), 0.0004973 secs] [Times: user=0.00 sys=0.00, real=0.00 secs] 
38.998: [GC (Allocation Failure) [PSYoungGen: 73792K->64K(72704K)] 75980K->2252K(247808K), 0.0005093 secs] [Times: user=0.00 sys=0.00, real=0.00 secs] 
39.048: [GC (Allocation Failure) [PSYoungGen: 72256K->96K(71168K)] 74444K->2284K(246272K), 0.0005102 secs] [Times: user=0.00 sys=0.00, real=0.00 secs] 
39.096: [GC (Allocation Failure) [PSYoungGen: 70752K->0K(69632K)] 72940K->2188K(244736K), 0.0005124 secs] [Times: user=0.00 sys=0.00, real=0.00 secs] 
39.140: [GC (Allocation Failure) [PSYoungGen: 69120K->64K(68096K)] 71308K->2252K(243200K), 0.0004987 secs] [Times: user=0.00 sys=0.00, real=0.00 secs] 
39.184: [GC (Allocation Failure) [PSYoungGen: 67648K->64K(66560K)] 69836K->2252K(241664K), 0.0004862 secs] [Times: user=0.00 sys=0.00, real=0.00 secs] 
39.226: [GC (Allocation Failure) [PSYoungGen: 66112K->96K(65024K)] 68300K->2284K(240128K), 0.0004859 secs] [Times: user=0.00 sys=0.00, real=0.00 secs] 
39.268: [GC (Allocation Failure) [PSYoungGen: 64608K->32K(78336K)] 66796K->2220K(253440K), 0.0004900 secs] [Times: user=0.00 sys=0.00, real=0.00 secs] 
39.317: [GC (Allocation Failure) [PSYoungGen: 77856K->64K(76288K)] 80044K->2252K(251392K), 0.0004898 secs] [Times: user=0.00 sys=0.00, real=0.00 secs] 
39.366: [GC (Allocation Failure) [PSYoungGen: 75840K->64K(74752K)] 78028K->2252K(249856K), 0.0004982 secs] [Times: user=0.00 sys=0.00, real=0.00 secs] 
39.414: [GC (Allocation Failure) [PSYoungGen: 74304K->96K(73216K)] 76492K->2284K(248320K), 0.0005196 secs] [Times: user=0.00 sys=0.00, real=0.00 secs] 
39.460: [GC (Allocation Failure) [PSYoungGen: 72800K->64K(71680K)] 74988K->2252K(246784K), 0.0004831 secs] [Times: user=0.01 sys=0.00, real=0.00 secs] 
39.506: [GC (Allocation Failure) [PSYoungGen: 71232K->96K(70144K)] 73420K->2284K(245248K), 0.0004951 secs] [Times: user=0.00 sys=0.00, real=0.00 secs] 
39.552: [GC (Allocation Failure) [PSYoungGen: 69728K->96K(68608K)] 71916K->2284K(243712K), 0.0005070 secs] [Times: user=0.00 sys=0.00, real=0.00 secs] 
39.596: [GC (Allocation Failure) [PSYoungGen: 68192K->64K(67072K)] 70380K->2252K(242176K), 0.0005012 secs] [Times: user=0.00 sys=0.00, real=0.00 secs] 
39.639: [GC (Allocation Failure) [PSYoungGen: 66624K->64K(65536K)] 68812K->2252K(240640K), 0.0004726 secs] [Times: user=0.01 sys=0.00, real=0.00 secs] 
39.681: [GC (Allocation Failure) [PSYoungGen: 65088K->96K(78848K)] 67276K->2284K(253952K), 0.0004689 secs] [Times: user=0.00 sys=0.00, real=0.01 secs] 
39.731: [GC (Allocation Failure) [PSYoungGen: 78432K->32K(76800K)] 80620K->2220K(251904K), 0.0005040 secs] [Times: user=0.00 sys=0.00, real=0.01 secs] 
39.780: [GC (Allocation Failure) [PSYoungGen: 76320K->64K(74752K)] 78508K->2252K(249856K), 0.0005039 secs] [Times: user=0.00 sys=0.00, real=0.00 secs] 
39.828: [GC (Allocation Failure) [PSYoungGen: 74304K->64K(73216K)] 76492K->2252K(248320K), 0.0004956 secs] [Times: user=0.01 sys=0.00, real=0.00 secs] 
39.875: [GC (Allocation Failure) [PSYoungGen: 72768K->64K(71680K)] 74956K->2252K(246784K), 0.0004715 secs] [Times: user=0.00 sys=0.00, real=0.00 secs] 
39.922: [GC (Allocation Failure) [PSYoungGen: 71232K->64K(70144K)] 73420K->2252K(245248K), 0.0004879 secs] [Times: user=0.00 sys=0.00, real=0.00 secs] 
39.967: [GC (Allocation Failure) [PSYoungGen: 69696K->64K(68608K)] 71884K->2252K(243712K), 0.0004624 secs] [Times: user=0.00 sys=0.00, real=0.00 secs] 
40.011: [GC (Allocation Failure) [PSYoungGen: 68160K->96K(67072K)] 70348K->2284K(242176K), 0.0005028 secs] [Times: user=0.00 sys=0.00, real=0.00 secs] 
40.054: [GC (Allocation Failure) [PSYoungGen: 66656K->64K(65536K)] 68844K->2252K(240640K), 0.0005106 secs] [Times: user=0.00 sys=0.00, real=0.00 secs] 
40.096: [GC (Allocation Failure) [PSYoungGen: 65088K->32K(78848K)] 67276K->2220K(253952K), 0.0005140 secs] [Times: user=0.00 sys=0.00, real=0.00 secs] 
40.148: [GC (Allocation Failure) [PSYoungGen: 78368K->32K(76800K)] 80556K->2220K(251904K), 0.0004943 secs] [Times: user=0.00 sys=0.00, real=0.00 secs] 
40.198: [GC (Allocation Failure) [PSYoungGen: 76320K->64K(74752K)] 78508K->2252K(249856K), 0.0004990 secs] [Times: user=0.00 sys=0.00, real=0.00 secs] 
40.246: [GC (Allocation Failure) [PSYoungGen: 74304K->64K(73216K)] 76492K->2252K(248320K), 0.0004952 secs] [Times: user=0.00 sys=0.00, real=0.00 secs] 
40.294: [GC (Allocation Failure) [PSYoungGen: 72768K->96K(71680K)] 74956K->2284K(246784K), 0.0004866 secs] [Times: user=0.01 sys=0.00, real=0.00 secs] 
40.342: [GC (Allocation Failure) [PSYoungGen: 71264K->32K(86016K)] 73452K->2236K(261120K), 0.0010394 secs] [Times: user=0.00 sys=0.00, real=0.00 secs] 
40.401: [GC (Allocation Failure) [PSYoungGen: 85536K->32K(103424K)] 87740K->2236K(278528K), 0.0007399 secs] [Times: user=0.00 sys=0.00, real=0.01 secs] 
40.471: [GC (Allocation Failure) [PSYoungGen: 102944K->64K(124416K)] 105148K->2268K(299520K), 0.0005586 secs] [Times: user=0.00 sys=0.00, real=0.01 secs] 
40.552: [GC (Allocation Failure) [PSYoungGen: 123968K->32K(120832K)] 126172K->2236K(295936K), 0.0005655 secs] [Times: user=0.00 sys=0.00, real=0.00 secs] 
40.629: [GC (Allocation Failure) [PSYoungGen: 120352K->64K(117248K)] 122556K->2268K(292352K), 0.0005079 secs] [Times: user=0.00 sys=0.00, real=0.00 secs] 
40.704: [GC (Allocation Failure) [PSYoungGen: 116800K->96K(113664K)] 119004K->2300K(288768K), 0.0004980 secs] [Times: user=0.00 sys=0.00, real=0.00 secs] 
40.778: [GC (Allocation Failure) [PSYoungGen: 113248K->32K(110592K)] 115452K->2236K(285696K), 0.0010282 secs] [Times: user=0.00 sys=0.00, real=0.00 secs] 
40.853: [GC (Allocation Failure) [PSYoungGen: 110112K->96K(107520K)] 112316K->2300K(282624K), 0.0005027 secs] [Times: user=0.00 sys=0.00, real=0.00 secs] 
40.922: [GC (Allocation Failure) [PSYoungGen: 107104K->64K(104448K)] 109308K->2268K(279552K), 0.0005100 secs] [Times: user=0.00 sys=0.00, real=0.00 secs] 
40.994: [GC (Allocation Failure) [PSYoungGen: 104000K->64K(101376K)] 106204K->2268K(276480K), 0.0005079 secs] [Times: user=0.00 sys=0.00, real=0.00 secs] 
41.063: [GC (Allocation Failure) [PSYoungGen: 100928K->32K(98816K)] 103132K->2236K(273920K), 0.0007806 secs] [Times: user=0.00 sys=0.00, real=0.00 secs] 
41.134: [GC (Allocation Failure) [PSYoungGen: 98336K->64K(96256K)] 100540K->2268K(271360K), 0.0005121 secs] [Times: user=0.00 sys=0.00, real=0.00 secs] 
41.196: [GC (Allocation Failure) [PSYoungGen: 95808K->64K(93696K)] 98012K->2268K(268800K), 0.0005037 secs] [Times: user=0.00 sys=0.00, real=0.00 secs] 
41.256: [GC (Allocation Failure) [PSYoungGen: 93248K->64K(91136K)] 95452K->2268K(266240K), 0.0005172 secs] [Times: user=0.00 sys=0.00, real=0.00 secs] 
41.318: [GC (Allocation Failure) [PSYoungGen: 90688K->64K(109568K)] 92892K->2268K(284672K), 0.0011475 secs] [Times: user=0.00 sys=0.00, real=0.00 secs] 
41.395: [GC (Allocation Failure) [PSYoungGen: 109120K->64K(106496K)] 111324K->2268K(281600K), 0.0005086 secs] [Times: user=0.01 sys=0.00, real=0.00 secs] 
41.474: [GC (Allocation Failure) [PSYoungGen: 106048K->64K(103424K)] 108252K->2268K(278528K), 0.0005475 secs] [Times: user=0.00 sys=0.00, real=0.00 secs] 
41.546: [GC (Allocation Failure) [PSYoungGen: 102976K->64K(100352K)] 105180K->2268K(275456K), 0.0005056 secs] [Times: user=0.00 sys=0.00, real=0.00 secs] 
41.613: [GC (Allocation Failure) [PSYoungGen: 99904K->96K(97792K)] 102108K->2300K(272896K), 0.0004948 secs] [Times: user=0.00 sys=0.00, real=0.00 secs] 
41.679: [GC (Allocation Failure) [PSYoungGen: 97376K->32K(95232K)] 99580K->2236K(270336K), 0.0005183 secs] [Times: user=0.00 sys=0.00, real=0.00 secs] 
41.747: [GC (Allocation Failure) [PSYoungGen: 94752K->96K(92672K)] 96956K->2300K(267776K), 0.0004997 secs] [Times: user=0.00 sys=0.00, real=0.00 secs] 
41.809: [GC (Allocation Failure) [PSYoungGen: 92256K->32K(90112K)] 94460K->2236K(265216K), 0.0004971 secs] [Times: user=0.00 sys=0.00, real=0.00 secs] 
41.888: [GC (Allocation Failure) [PSYoungGen: 89632K->32K(108032K)] 91836K->2236K(283136K), 0.0038367 secs] [Times: user=0.01 sys=0.00, real=0.01 secs] 
42.020: [GC (Allocation Failure) [PSYoungGen: 107552K->64K(129536K)] 109756K->2268K(304640K), 0.0026582 secs] [Times: user=0.00 sys=0.00, real=0.01 secs] 
42.147: [GC (Allocation Failure) [PSYoungGen: 129088K->96K(155648K)] 131292K->2300K(330752K), 0.0004959 secs] [Times: user=0.00 sys=0.00, real=0.00 secs] 
42.247: [GC (Allocation Failure) [PSYoungGen: 155232K->64K(186880K)] 157436K->2268K(361984K), 0.0005182 secs] [Times: user=0.00 sys=0.00, real=0.00 secs] 
42.367: [GC (Allocation Failure) [PSYoungGen: 186432K->96K(180224K)] 188636K->2300K(355328K), 0.0005120 secs] [Times: user=0.00 sys=0.00, real=0.00 secs] 
42.484: [GC (Allocation Failure) [PSYoungGen: 179808K->32K(174080K)] 182012K->2236K(349184K), 0.0010239 secs] [Times: user=0.00 sys=0.00, real=0.00 secs] 
42.628: [GC (Allocation Failure) [PSYoungGen: 173600K->64K(167936K)] 175804K->2268K(343040K), 0.0005084 secs] [Times: user=0.00 sys=0.00, real=0.00 secs] 
42.735: [GC (Allocation Failure) [PSYoungGen: 167488K->96K(162304K)] 169692K->2300K(337408K), 0.0005044 secs] [Times: user=0.01 sys=0.00, real=0.00 secs] 
42.846: [GC (Allocation Failure) [PSYoungGen: 161888K->64K(156672K)] 164092K->2268K(331776K), 0.0018300 secs] [Times: user=0.01 sys=0.01, real=0.00 secs] 
42.969: [GC (Allocation Failure) [PSYoungGen: 156224K->64K(151552K)] 158428K->2268K(326656K), 0.0005465 secs] [Times: user=0.00 sys=0.00, real=0.00 secs] 
43.068: [GC (Allocation Failure) [PSYoungGen: 151104K->32K(146432K)] 153308K->2236K(321536K), 0.0005452 secs] [Times: user=0.00 sys=0.00, real=0.00 secs] 
43.187: [GC (Allocation Failure) [PSYoungGen: 145952K->32K(141824K)] 148156K->2236K(316928K), 0.0014138 secs] [Times: user=0.00 sys=0.00, real=0.00 secs] 
43.337: [GC (Allocation Failure) [PSYoungGen: 141344K->64K(137216K)] 143548K->2268K(312320K), 0.0018488 secs] [Times: user=0.00 sys=0.00, real=0.00 secs] 
43.454: [GC (Allocation Failure) [PSYoungGen: 136768K->32K(164864K)] 138972K->2236K(339968K), 0.0022956 secs] [Times: user=0.00 sys=0.00, real=0.00 secs] 
43.590: [GC (Allocation Failure) [PSYoungGen: 164384K->32K(159232K)] 166588K->2236K(334336K), 0.0004951 secs] [Times: user=0.01 sys=0.00, real=0.00 secs] 
43.698: [GC (Allocation Failure) [PSYoungGen: 158752K->96K(154112K)] 160956K->2300K(329216K), 0.0005084 secs] [Times: user=0.00 sys=0.00, real=0.00 secs] 
43.809: [GC (Allocation Failure) [PSYoungGen: 153696K->64K(148992K)] 155900K->2268K(324096K), 0.0005985 secs] [Times: user=0.00 sys=0.00, real=0.00 secs] 
43.910: [GC (Allocation Failure) [PSYoungGen: 148544K->64K(143872K)] 150748K->2268K(318976K), 0.0005169 secs] [Times: user=0.00 sys=0.00, real=0.00 secs] 
44.005: [GC (Allocation Failure) [PSYoungGen: 143424K->64K(139264K)] 145628K->2268K(314368K), 0.0005076 secs] [Times: user=0.00 sys=0.00, real=0.00 secs] 
44.096: [GC (Allocation Failure) [PSYoungGen: 138816K->64K(134656K)] 141020K->2268K(309760K), 0.0005174 secs] [Times: user=0.00 sys=0.00, real=0.00 secs] 
44.201: [GC (Allocation Failure) [PSYoungGen: 134208K->32K(130560K)] 136412K->2236K(305664K), 0.0010566 secs] [Times: user=0.00 sys=0.00, real=0.00 secs] 
44.299: [GC (Allocation Failure) [PSYoungGen: 130080K->96K(126464K)] 132284K->2300K(301568K), 0.0007577 secs] [Times: user=0.01 sys=0.00, real=0.00 secs] 
44.389: [GC (Allocation Failure) [PSYoungGen: 126048K->96K(122368K)] 128252K->2300K(297472K), 0.0005583 secs] [Times: user=0.00 sys=0.00, real=0.00 secs] 
44.482: [GC (Allocation Failure) [PSYoungGen: 121952K->64K(146944K)] 124156K->2268K(322048K), 0.0034389 secs] [Times: user=0.00 sys=0.01, real=0.00 secs] 
44.624: [GC (Allocation Failure) [PSYoungGen: 146496K->96K(176640K)] 148700K->2300K(351744K), 0.0005040 secs] [Times: user=0.01 sys=0.00, real=0.00 secs] 
44.752: [GC (Allocation Failure) [PSYoungGen: 176224K->64K(170496K)] 178428K->2268K(345600K), 0.0008494 secs] [Times: user=0.00 sys=0.00, real=0.00 secs] 
44.865: [GC (Allocation Failure) [PSYoungGen: 170048K->96K(164864K)] 172252K->2300K(339968K), 0.0005074 secs] [Times: user=0.00 sys=0.00, real=0.00 secs] 
45.038: [GC (Allocation Failure) [PSYoungGen: 164448K->32K(198144K)] 166652K->2236K(373248K), 0.0042087 secs] [Times: user=0.01 sys=0.00, real=0.01 secs] 
45.187: [GC (Allocation Failure) [PSYoungGen: 197664K->96K(190976K)] 199868K->2300K(366080K), 0.0005869 secs] [Times: user=0.01 sys=0.00, real=0.00 secs] 
45.314: [GC (Allocation Failure) [PSYoungGen: 190560K->96K(184320K)] 192764K->2300K(359424K), 0.0005041 secs] [Times: user=0.00 sys=0.00, real=0.00 secs] 
45.440: [GC (Allocation Failure) [PSYoungGen: 183904K->64K(177664K)] 186108K->2268K(352768K), 0.0011583 secs] [Times: user=0.00 sys=0.00, real=0.01 secs] 
45.566: [GC (Allocation Failure) [PSYoungGen: 177216K->96K(171520K)] 179420K->2300K(346624K), 0.0005678 secs] [Times: user=0.01 sys=0.00, real=0.00 secs] 
45.676: [GC (Allocation Failure) [PSYoungGen: 171104K->64K(165376K)] 173308K->2268K(340480K), 0.0005224 secs] [Times: user=0.01 sys=0.00, real=0.00 secs] 
45.781: [GC (Allocation Failure) [PSYoungGen: 164928K->64K(159744K)] 167132K->2268K(334848K), 0.0007947 secs] [Times: user=0.00 sys=0.00, real=0.00 secs] 
45.889: [GC (Allocation Failure) [PSYoungGen: 159296K->96K(154112K)] 161500K->2300K(329216K), 0.0006925 secs] [Times: user=0.00 sys=0.00, real=0.00 secs] 
46.048: [GC (Allocation Failure) [PSYoungGen: 153696K->64K(148992K)] 155900K->2268K(324096K), 0.0032362 secs] [Times: user=0.01 sys=0.00, real=0.01 secs] 
46.173: [GC (Allocation Failure) [PSYoungGen: 148544K->64K(143872K)] 150748K->2268K(318976K), 0.0005397 secs] [Times: user=0.00 sys=0.00, real=0.00 secs] 
46.278: [GC (Allocation Failure) [PSYoungGen: 143424K->64K(139264K)] 145628K->2268K(314368K), 0.0005272 secs] [Times: user=0.00 sys=0.00, real=0.00 secs] 
46.370: [GC (Allocation Failure) [PSYoungGen: 138816K->64K(134656K)] 141020K->2268K(309760K), 0.0006578 secs] [Times: user=0.00 sys=0.00, real=0.00 secs] 
46.456: [GC (Allocation Failure) [PSYoungGen: 134208K->64K(130560K)] 136412K->2268K(305664K), 0.0005232 secs] [Times: user=0.00 sys=0.00, real=0.00 secs] 
46.558: [GC (Allocation Failure) [PSYoungGen: 130112K->64K(126464K)] 132316K->2268K(301568K), 0.0005148 secs] [Times: user=0.00 sys=0.00, real=0.00 secs] 
46.638: [GC (Allocation Failure) [PSYoungGen: 126016K->64K(122368K)] 128220K->2268K(297472K), 0.0005142 secs] [Times: user=0.00 sys=0.00, real=0.00 secs] 
46.717: [GC (Allocation Failure) [PSYoungGen: 121920K->64K(118784K)] 124124K->2268K(293888K), 0.0005389 secs] [Times: user=0.00 sys=0.00, real=0.00 secs] 
46.796: [GC (Allocation Failure) [PSYoungGen: 118336K->64K(115200K)] 120540K->2268K(290304K), 0.0005615 secs] [Times: user=0.01 sys=0.00, real=0.00 secs] 
46.874: [GC (Allocation Failure) [PSYoungGen: 114752K->64K(111616K)] 116956K->2268K(286720K), 0.0005348 secs] [Times: user=0.00 sys=0.00, real=0.00 secs] 
46.949: [GC (Allocation Failure) [PSYoungGen: 111168K->64K(108544K)] 113372K->2268K(283648K), 0.0005280 secs] [Times: user=0.00 sys=0.00, real=0.00 secs] 
47.018: [GC (Allocation Failure) [PSYoungGen: 108096K->64K(105472K)] 110300K->2268K(280576K), 0.0005195 secs] [Times: user=0.00 sys=0.00, real=0.00 secs] 
47.085: [GC (Allocation Failure) [PSYoungGen: 105024K->64K(102400K)] 107228K->2268K(277504K), 0.0005199 secs] [Times: user=0.00 sys=0.00, real=0.00 secs] 
47.151: [GC (Allocation Failure) [PSYoungGen: 101952K->96K(99328K)] 104156K->2300K(274432K), 0.0005020 secs] [Times: user=0.00 sys=0.00, real=0.01 secs] 
47.215: [GC (Allocation Failure) [PSYoungGen: 98911K->32K(96768K)] 101116K->2236K(271872K), 0.0005007 secs] [Times: user=0.00 sys=0.00, real=0.00 secs] 
47.277: [GC (Allocation Failure) [PSYoungGen: 96288K->32K(94208K)] 98492K->2236K(269312K), 0.0005124 secs] [Times: user=0.00 sys=0.00, real=0.00 secs] 
47.337: [GC (Allocation Failure) [PSYoungGen: 93728K->64K(91648K)] 95932K->2268K(266752K), 0.0005108 secs] [Times: user=0.00 sys=0.00, real=0.00 secs] 
47.395: [GC (Allocation Failure) [PSYoungGen: 91200K->64K(89088K)] 93404K->2268K(264192K), 0.0005112 secs] [Times: user=0.00 sys=0.00, real=0.00 secs] 
47.452: [GC (Allocation Failure) [PSYoungGen: 88640K->96K(87040K)] 90844K->2300K(262144K), 0.0004927 secs] [Times: user=0.00 sys=0.00, real=0.00 secs] 
47.507: [GC (Allocation Failure) [PSYoungGen: 86624K->32K(84992K)] 88828K->2236K(260096K), 0.0005174 secs] [Times: user=0.01 sys=0.00, real=0.00 secs] 
47.568: [GC (Allocation Failure) [PSYoungGen: 84512K->64K(82944K)] 86716K->2268K(258048K), 0.0005748 secs] [Times: user=0.00 sys=0.00, real=0.00 secs] 
47.621: [GC (Allocation Failure) [PSYoungGen: 82496K->64K(80896K)] 84700K->2268K(256000K), 0.0005481 secs] [Times: user=0.00 sys=0.00, real=0.00 secs] 
47.674: [GC (Allocation Failure) [PSYoungGen: 80448K->64K(78848K)] 82652K->2268K(253952K), 0.0005123 secs] [Times: user=0.00 sys=0.00, real=0.00 secs] 
47.727: [GC (Allocation Failure) [PSYoungGen: 78400K->64K(76800K)] 80604K->2268K(251904K), 0.0005163 secs] [Times: user=0.00 sys=0.00, real=0.00 secs] 
47.778: [GC (Allocation Failure) [PSYoungGen: 76352K->96K(74752K)] 78556K->2300K(249856K), 0.0004995 secs] [Times: user=0.00 sys=0.00, real=0.00 secs] 
47.828: [GC (Allocation Failure) [PSYoungGen: 74336K->64K(89600K)] 76540K->2268K(264704K), 0.0008842 secs] [Times: user=0.00 sys=0.00, real=0.00 secs] 
47.887: [GC (Allocation Failure) [PSYoungGen: 89152K->64K(87040K)] 91356K->2268K(262144K), 0.0005135 secs] [Times: user=0.00 sys=0.00, real=0.00 secs] 
47.943: [GC (Allocation Failure) [PSYoungGen: 86592K->96K(84992K)] 88796K->2300K(260096K), 0.0004985 secs] [Times: user=0.00 sys=0.00, real=0.00 secs] 
47.998: [GC (Allocation Failure) [PSYoungGen: 84576K->32K(101888K)] 86780K->2236K(276992K), 0.0007363 secs] [Times: user=0.00 sys=0.00, real=0.00 secs] 
48.063: [GC (Allocation Failure) [PSYoungGen: 101408K->96K(98816K)] 103612K->2300K(273920K), 0.0005191 secs] [Times: user=0.00 sys=0.00, real=0.00 secs] 
48.127: [GC (Allocation Failure) [PSYoungGen: 98400K->32K(96256K)] 100604K->2236K(271360K), 0.0005146 secs] [Times: user=0.00 sys=0.00, real=0.00 secs] 
48.189: [GC (Allocation Failure) [PSYoungGen: 95776K->96K(93696K)] 97980K->2300K(268800K), 0.0005191 secs] [Times: user=0.00 sys=0.00, real=0.00 secs] 
48.249: [GC (Allocation Failure) [PSYoungGen: 93280K->32K(112640K)] 95484K->2236K(287744K), 0.0010559 secs] [Times: user=0.01 sys=0.00, real=0.00 secs] 
48.321: [GC (Allocation Failure) [PSYoungGen: 112160K->64K(109568K)] 114364K->2268K(284672K), 0.0005157 secs] [Times: user=0.00 sys=0.00, real=0.01 secs] 
48.390: [GC (Allocation Failure) [PSYoungGen: 109120K->64K(106496K)] 111324K->2268K(281600K), 0.0005138 secs] [Times: user=0.00 sys=0.00, real=0.00 secs] 
48.458: [GC (Allocation Failure) [PSYoungGen: 106048K->96K(103424K)] 108252K->2300K(278528K), 0.0005083 secs] [Times: user=0.01 sys=0.00, real=0.00 secs] 
48.524: [GC (Allocation Failure) [PSYoungGen: 103008K->96K(100352K)] 105212K->2300K(275456K), 0.0004948 secs] [Times: user=0.00 sys=0.00, real=0.00 secs] 
48.596: [GC (Allocation Failure) [PSYoungGen: 99936K->96K(97792K)] 102140K->2300K(272896K), 0.0005603 secs] [Times: user=0.00 sys=0.00, real=0.00 secs] 
48.659: [GC (Allocation Failure) [PSYoungGen: 97376K->64K(95232K)] 99580K->2268K(270336K), 0.0005131 secs] [Times: user=0.00 sys=0.00, real=0.00 secs] 
48.748: [GC (Allocation Failure) [PSYoungGen: 94784K->32K(92672K)] 96988K->2236K(267776K), 0.0010547 secs] [Times: user=0.00 sys=0.00, real=0.00 secs] 
48.827: [GC (Allocation Failure) [PSYoungGen: 92192K->96K(90112K)] 94396K->2300K(265216K), 0.0010787 secs] [Times: user=0.00 sys=0.00, real=0.00 secs] 
48.888: [GC (Allocation Failure) [PSYoungGen: 89696K->64K(87552K)] 91900K->2268K(262656K), 0.0005055 secs] [Times: user=0.00 sys=0.00, real=0.00 secs] 
48.945: [GC (Allocation Failure) [PSYoungGen: 87104K->64K(85504K)] 89308K->2268K(260608K), 0.0005127 secs] [Times: user=0.01 sys=0.00, real=0.00 secs] 
48.999: [GC (Allocation Failure) [PSYoungGen: 85056K->96K(83456K)] 87260K->2300K(258560K), 0.0004929 secs] [Times: user=0.00 sys=0.00, real=0.00 secs] 
49.054: [GC (Allocation Failure) [PSYoungGen: 83040K->64K(81408K)] 85244K->2268K(256512K), 0.0005682 secs] [Times: user=0.01 sys=0.00, real=0.00 secs] 
49.107: [GC (Allocation Failure) [PSYoungGen: 80960K->64K(79360K)] 83164K->2268K(254464K), 0.0005179 secs] [Times: user=0.00 sys=0.00, real=0.00 secs] 
49.157: [GC (Allocation Failure) [PSYoungGen: 78912K->32K(77312K)] 81116K->2236K(252416K), 0.0004995 secs] [Times: user=0.00 sys=0.00, real=0.00 secs] 
49.207: [GC (Allocation Failure) [PSYoungGen: 76832K->96K(75264K)] 79036K->2300K(250368K), 0.0004968 secs] [Times: user=0.00 sys=0.00, real=0.00 secs] 
49.255: [GC (Allocation Failure) [PSYoungGen: 74848K->64K(73728K)] 77052K->2268K(248832K), 0.0005009 secs] [Times: user=0.00 sys=0.00, real=0.00 secs] 
49.303: [GC (Allocation Failure) [PSYoungGen: 73280K->64K(72192K)] 75484K->2268K(247296K), 0.0004910 secs] [Times: user=0.00 sys=0.00, real=0.00 secs] 
49.351: [GC (Allocation Failure) [PSYoungGen: 71744K->64K(70656K)] 73948K->2268K(245760K), 0.0004836 secs] [Times: user=0.00 sys=0.00, real=0.01 secs] 
49.395: [GC (Allocation Failure) [PSYoungGen: 70208K->96K(69120K)] 72412K->2300K(244224K), 0.0004726 secs] [Times: user=0.00 sys=0.00, real=0.00 secs] 
49.440: [GC (Allocation Failure) [PSYoungGen: 68704K->96K(67584K)] 70908K->2300K(242688K), 0.0005029 secs] [Times: user=0.00 sys=0.00, real=0.00 secs] 
49.483: [GC (Allocation Failure) [PSYoungGen: 67168K->64K(81408K)] 69372K->2268K(256512K), 0.0005910 secs] [Times: user=0.00 sys=0.00, real=0.00 secs] 
49.536: [GC (Allocation Failure) [PSYoungGen: 80960K->96K(79360K)] 83164K->2300K(254464K), 0.0005158 secs] [Times: user=0.00 sys=0.00, real=0.00 secs] 
49.590: [GC (Allocation Failure) [PSYoungGen: 78944K->96K(77312K)] 81148K->2300K(252416K), 0.0005007 secs] [Times: user=0.01 sys=0.00, real=0.00 secs] 
49.639: [GC (Allocation Failure) [PSYoungGen: 76896K->64K(75264K)] 79100K->2268K(250368K), 0.0005120 secs] [Times: user=0.00 sys=0.00, real=0.00 secs] 
49.687: [GC (Allocation Failure) [PSYoungGen: 74816K->64K(73728K)] 77020K->2268K(248832K), 0.0005124 secs] [Times: user=0.00 sys=0.00, real=0.00 secs] 
49.735: [GC (Allocation Failure) [PSYoungGen: 73280K->64K(88576K)] 75484K->2268K(263680K), 0.0008537 secs] [Times: user=0.00 sys=0.00, real=0.00 secs] 
49.791: [GC (Allocation Failure) [PSYoungGen: 88128K->32K(106496K)] 90332K->2244K(281600K), 0.0005185 secs] [Times: user=0.00 sys=0.00, real=0.00 secs] 
49.860: [GC (Allocation Failure) [PSYoungGen: 106016K->64K(103424K)] 108228K->2276K(278528K), 0.0005398 secs] [Times: user=0.00 sys=0.00, real=0.01 secs] 
49.931: [GC (Allocation Failure) [PSYoungGen: 102976K->96K(100352K)] 105188K->2308K(275456K), 0.0005349 secs] [Times: user=0.00 sys=0.00, real=0.01 secs] 
49.999: [GC (Allocation Failure) [PSYoungGen: 99936K->96K(97792K)] 102148K->2308K(272896K), 0.0005465 secs] [Times: user=0.00 sys=0.00, real=0.00 secs] 
50.066: [GC (Allocation Failure) [PSYoungGen: 97376K->64K(95232K)] 99588K->2276K(270336K), 0.0005175 secs] [Times: user=0.00 sys=0.00, real=0.00 secs] 
50.130: [GC (Allocation Failure) [PSYoungGen: 94784K->96K(92672K)] 96996K->2308K(267776K), 0.0006224 secs] [Times: user=0.00 sys=0.00, real=0.00 secs] 
50.190: [GC (Allocation Failure) [PSYoungGen: 92256K->64K(111104K)] 94468K->2276K(286208K), 0.0010088 secs] [Times: user=0.01 sys=0.00, real=0.01 secs] 
50.263: [GC (Allocation Failure) [PSYoungGen: 110656K->64K(108032K)] 112868K->2276K(283136K), 0.0005184 secs] [Times: user=0.00 sys=0.00, real=0.00 secs] 
50.338: [GC (Allocation Failure) [PSYoungGen: 107584K->96K(104960K)] 109796K->2308K(280064K), 0.0005610 secs] [Times: user=0.00 sys=0.00, real=0.00 secs] 
50.418: [GC (Allocation Failure) [PSYoungGen: 104544K->96K(101888K)] 106756K->2332K(276992K), 0.0005257 secs] [Times: user=0.00 sys=0.00, real=0.00 secs] 
50.496: [GC (Allocation Failure) [PSYoungGen: 101472K->64K(98816K)] 103708K->2300K(273920K), 0.0009523 secs] [Times: user=0.00 sys=0.00, real=0.00 secs] 
50.563: [GC (Allocation Failure) [PSYoungGen: 98368K->64K(96256K)] 100604K->2300K(271360K), 0.0005157 secs] [Times: user=0.00 sys=0.00, real=0.00 secs] 
50.629: [GC (Allocation Failure) [PSYoungGen: 95808K->96K(93696K)] 98044K->2332K(268800K), 0.0005086 secs] [Times: user=0.00 sys=0.00, real=0.00 secs] 
50.691: [GC (Allocation Failure) [PSYoungGen: 93280K->64K(91136K)] 95516K->2300K(266240K), 0.0006097 secs] [Times: user=0.00 sys=0.00, real=0.00 secs] 
50.751: [GC (Allocation Failure) [PSYoungGen: 90688K->96K(88576K)] 92924K->2332K(263680K), 0.0005130 secs] [Times: user=0.00 sys=0.00, real=0.00 secs] 
50.809: [GC (Allocation Failure) [PSYoungGen: 88160K->32K(86528K)] 90396K->2268K(261632K), 0.0005328 secs] [Times: user=0.00 sys=0.00, real=0.00 secs] 
50.866: [GC (Allocation Failure) [PSYoungGen: 86048K->64K(84480K)] 88284K->2300K(259584K), 0.0005195 secs] [Times: user=0.00 sys=0.00, real=0.00 secs] 
50.921: [GC (Allocation Failure) [PSYoungGen: 84032K->32K(82432K)] 86268K->2268K(257536K), 0.0005095 secs] [Times: user=0.00 sys=0.00, real=0.01 secs] 
50.974: [GC (Allocation Failure) [PSYoungGen: 81952K->64K(80384K)] 84188K->2300K(255488K), 0.0005087 secs] [Times: user=0.00 sys=0.00, real=0.00 secs] 
51.025: [GC (Allocation Failure) [PSYoungGen: 79936K->96K(78336K)] 82172K->2332K(253440K), 0.0005548 secs] [Times: user=0.00 sys=0.00, real=0.00 secs] 
51.080: [GC (Allocation Failure) [PSYoungGen: 77920K->96K(76288K)] 80156K->2332K(251392K), 0.0004961 secs] [Times: user=0.00 sys=0.00, real=0.00 secs] 
51.128: [GC (Allocation Failure) [PSYoungGen: 75872K->32K(91648K)] 78108K->2268K(266752K), 0.0010428 secs] [Times: user=0.00 sys=0.00, real=0.00 secs] 
51.188: [GC (Allocation Failure) [PSYoungGen: 91168K->96K(110080K)] 93404K->2332K(285184K), 0.0005449 secs] [Times: user=0.00 sys=0.00, real=0.00 secs] 
51.259: [GC (Allocation Failure) [PSYoungGen: 109664K->96K(107008K)] 111900K->2332K(282112K), 0.0005133 secs] [Times: user=0.00 sys=0.00, real=0.00 secs] 
51.329: [GC (Allocation Failure) [PSYoungGen: 106592K->96K(103936K)] 108828K->2332K(279040K), 0.0005100 secs] [Times: user=0.00 sys=0.00, real=0.00 secs] 
51.396: [GC (Allocation Failure) [PSYoungGen: 103520K->96K(124928K)] 105756K->2332K(300032K), 0.0010295 secs] [Times: user=0.00 sys=0.00, real=0.00 secs] 
51.476: [GC (Allocation Failure) [PSYoungGen: 124512K->96K(121344K)] 126748K->2332K(296448K), 0.0005505 secs] [Times: user=0.00 sys=0.00, real=0.00 secs] 
51.556: [GC (Allocation Failure) [PSYoungGen: 120928K->64K(117760K)] 123164K->2300K(292864K), 0.0010412 secs] [Times: user=0.00 sys=0.00, real=0.00 secs] 
51.632: [GC (Allocation Failure) [PSYoungGen: 117312K->64K(114176K)] 119548K->2300K(289280K), 0.0005173 secs] [Times: user=0.00 sys=0.00, real=0.00 secs] 
51.704: [GC (Allocation Failure) [PSYoungGen: 113728K->64K(110592K)] 115964K->2300K(285696K), 0.0005263 secs] [Times: user=0.00 sys=0.00, real=0.00 secs] 
51.775: [GC (Allocation Failure) [PSYoungGen: 110144K->64K(107520K)] 112380K->2300K(282624K), 0.0008870 secs] [Times: user=0.00 sys=0.00, real=0.00 secs] 
51.844: [GC (Allocation Failure) [PSYoungGen: 107072K->64K(104448K)] 109308K->2300K(279552K), 0.0005185 secs] [Times: user=0.00 sys=0.00, real=0.00 secs] 
51.910: [GC (Allocation Failure) [PSYoungGen: 104000K->64K(101376K)] 106236K->2300K(276480K), 0.0005035 secs] [Times: user=0.00 sys=0.00, real=0.00 secs] 
51.976: [GC (Allocation Failure) [PSYoungGen: 100928K->96K(98816K)] 103164K->2332K(273920K), 0.0005270 secs] [Times: user=0.00 sys=0.00, real=0.00 secs] 
52.041: [GC (Allocation Failure) [PSYoungGen: 98400K->64K(96256K)] 100636K->2300K(271360K), 0.0007300 secs] [Times: user=0.00 sys=0.00, real=0.00 secs] 
52.103: [GC (Allocation Failure) [PSYoungGen: 95808K->96K(93696K)] 98044K->2332K(268800K), 0.0005123 secs] [Times: user=0.00 sys=0.00, real=0.00 secs] 
52.163: [GC (Allocation Failure) [PSYoungGen: 93280K->64K(112640K)] 95516K->2300K(287744K), 0.0009983 secs] [Times: user=0.00 sys=0.00, real=0.00 secs] 
52.235: [GC (Allocation Failure) [PSYoungGen: 112192K->96K(109568K)] 114428K->2332K(284672K), 0.0005240 secs] [Times: user=0.00 sys=0.00, real=0.00 secs] 
52.314: [GC (Allocation Failure) [PSYoungGen: 109152K->64K(106496K)] 111388K->2300K(281600K), 0.0005034 secs] [Times: user=0.00 sys=0.00, real=0.00 secs] 
52.394: [GC (Allocation Failure) [PSYoungGen: 106048K->96K(103424K)] 108284K->2332K(278528K), 0.0005112 secs] [Times: user=0.00 sys=0.00, real=0.00 secs] 
52.462: [GC (Allocation Failure) [PSYoungGen: 103008K->32K(100352K)] 105244K->2268K(275456K), 0.0005541 secs] [Times: user=0.00 sys=0.00, real=0.00 secs] 
52.526: [GC (Allocation Failure) [PSYoungGen: 99872K->64K(97792K)] 102108K->2300K(272896K), 0.0005221 secs] [Times: user=0.00 sys=0.00, real=0.00 secs] 
52.591: [GC (Allocation Failure) [PSYoungGen: 97344K->96K(95232K)] 99580K->2332K(270336K), 0.0005024 secs] [Times: user=0.01 sys=0.00, real=0.00 secs] 
52.652: [GC (Allocation Failure) [PSYoungGen: 94816K->128K(92672K)] 97052K->2364K(267776K), 0.0010253 secs] [Times: user=0.00 sys=0.00, real=0.00 secs] 
52.712: [GC (Allocation Failure) [PSYoungGen: 92288K->96K(90112K)] 94524K->2332K(265216K), 0.0004996 secs] [Times: user=0.00 sys=0.00, real=0.00 secs] 
52.770: [GC (Allocation Failure) [PSYoungGen: 89696K->64K(108032K)] 91932K->2300K(283136K), 0.0010235 secs] [Times: user=0.01 sys=0.00, real=0.00 secs] 
52.839: [GC (Allocation Failure) [PSYoungGen: 107584K->64K(104960K)] 109820K->2300K(280064K), 0.0005161 secs] [Times: user=0.01 sys=0.00, real=0.00 secs] 
52.906: [GC (Allocation Failure) [PSYoungGen: 104512K->64K(101888K)] 106748K->2300K(276992K), 0.0005096 secs] [Times: user=0.00 sys=0.00, real=0.00 secs] 
52.971: [GC (Allocation Failure) [PSYoungGen: 101440K->96K(98816K)] 103676K->2332K(273920K), 0.0005027 secs] [Times: user=0.00 sys=0.00, real=0.00 secs] 
53.035: [GC (Allocation Failure) [PSYoungGen: 98400K->64K(96256K)] 100636K->2300K(271360K), 0.0005034 secs] [Times: user=0.00 sys=0.00, real=0.00 secs] 
53.096: [GC (Allocation Failure) [PSYoungGen: 95808K->64K(93696K)] 98044K->2300K(268800K), 0.0005121 secs] [Times: user=0.00 sys=0.00, real=0.00 secs] 
53.157: [GC (Allocation Failure) [PSYoungGen: 93248K->64K(91136K)] 95484K->2300K(266240K), 0.0010491 secs] [Times: user=0.01 sys=0.00, real=0.00 secs] 
53.216: [GC (Allocation Failure) [PSYoungGen: 90688K->64K(88576K)] 92924K->2300K(263680K), 0.0005138 secs] [Times: user=0.00 sys=0.00, real=0.00 secs] 
53.273: [GC (Allocation Failure) [PSYoungGen: 88128K->32K(86528K)] 90364K->2268K(261632K), 0.0005134 secs] [Times: user=0.00 sys=0.00, real=0.00 secs] 
53.328: [GC (Allocation Failure) [PSYoungGen: 86048K->64K(103936K)] 88284K->2300K(279040K), 0.0009825 secs] [Times: user=0.00 sys=0.01, real=0.00 secs] 
53.396: [GC (Allocation Failure) [PSYoungGen: 103488K->96K(100864K)] 105724K->2332K(275968K), 0.0005012 secs] [Times: user=0.00 sys=0.00, real=0.00 secs] 
53.460: [GC (Allocation Failure) [PSYoungGen: 100448K->64K(98304K)] 102684K->2300K(273408K), 0.0005131 secs] [Times: user=0.00 sys=0.00, real=0.00 secs] 
53.523: [GC (Allocation Failure) [PSYoungGen: 97856K->96K(95744K)] 100092K->2332K(270848K), 0.0005358 secs] [Times: user=0.00 sys=0.00, real=0.00 secs] 
53.586: [GC (Allocation Failure) [PSYoungGen: 95328K->64K(93184K)] 97564K->2300K(268288K), 0.0005237 secs] [Times: user=0.01 sys=0.00, real=0.00 secs] 
53.646: [GC (Allocation Failure) [PSYoungGen: 92736K->64K(90624K)] 94972K->2300K(265728K), 0.0005565 secs] [Times: user=0.00 sys=0.00, real=0.00 secs] 
53.705: [GC (Allocation Failure) [PSYoungGen: 90176K->64K(88064K)] 92412K->2300K(263168K), 0.0005117 secs] [Times: user=0.00 sys=0.00, real=0.00 secs] 
53.761: [GC (Allocation Failure) [PSYoungGen: 87616K->96K(86016K)] 89852K->2332K(261120K), 0.0004955 secs] [Times: user=0.00 sys=0.00, real=0.01 secs] 
53.816: [GC (Allocation Failure) [PSYoungGen: 85600K->96K(83968K)] 87836K->2332K(259072K), 0.0005342 secs] [Times: user=0.00 sys=0.00, real=0.00 secs] 
53.869: [GC (Allocation Failure) [PSYoungGen: 83552K->64K(81920K)] 85788K->2300K(257024K), 0.0005133 secs] [Times: user=0.00 sys=0.00, real=0.00 secs] 
53.921: [GC (Allocation Failure) [PSYoungGen: 81472K->64K(79872K)] 83708K->2300K(254976K), 0.0004986 secs] [Times: user=0.00 sys=0.00, real=0.00 secs] 
53.972: [GC (Allocation Failure) [PSYoungGen: 79424K->128K(77824K)] 81660K->2364K(252928K), 0.0005146 secs] [Times: user=0.00 sys=0.00, real=0.00 secs] 
54.022: [GC (Allocation Failure) [PSYoungGen: 77440K->64K(75776K)] 79676K->2300K(250880K), 0.0004947 secs] [Times: user=0.00 sys=0.00, real=0.00 secs] 
54.072: [GC (Allocation Failure) [PSYoungGen: 75328K->96K(74240K)] 77564K->2332K(249344K), 0.0005166 secs] [Times: user=0.00 sys=0.00, real=0.00 secs] 
54.120: [GC (Allocation Failure) [PSYoungGen: 73824K->64K(72704K)] 76060K->2300K(247808K), 0.0005197 secs] [Times: user=0.00 sys=0.00, real=0.00 secs] 
54.166: [GC (Allocation Failure) [PSYoungGen: 72256K->96K(71168K)] 74492K->2332K(246272K), 0.0004874 secs] [Times: user=0.00 sys=0.00, real=0.00 secs] 
54.212: [GC (Allocation Failure) [PSYoungGen: 70752K->64K(69632K)] 72988K->2300K(244736K), 0.0004793 secs] [Times: user=0.00 sys=0.00, real=0.00 secs] 
54.256: [GC (Allocation Failure) [PSYoungGen: 69184K->96K(68096K)] 71420K->2332K(243200K), 0.0005372 secs] [Times: user=0.00 sys=0.00, real=0.00 secs] 
54.300: [GC (Allocation Failure) [PSYoungGen: 67680K->96K(66560K)] 69916K->2332K(241664K), 0.0005105 secs] [Times: user=0.01 sys=0.00, real=0.00 secs] 
54.343: [GC (Allocation Failure) [PSYoungGen: 66144K->64K(79872K)] 68380K->2300K(254976K), 0.0004925 secs] [Times: user=0.00 sys=0.00, real=0.00 secs] 
54.394: [GC (Allocation Failure) [PSYoungGen: 79424K->64K(77824K)] 81660K->2300K(252928K), 0.0004975 secs] [Times: user=0.00 sys=0.00, real=0.00 secs] 
54.444: [GC (Allocation Failure) [PSYoungGen: 77376K->64K(75776K)] 79612K->2300K(250880K), 0.0004946 secs] [Times: user=0.00 sys=0.00, real=0.00 secs] 
54.492: [GC (Allocation Failure) [PSYoungGen: 75328K->96K(74240K)] 77564K->2332K(249344K), 0.0005004 secs] [Times: user=0.00 sys=0.00, real=0.00 secs] 
54.539: [GC (Allocation Failure) [PSYoungGen: 73824K->96K(72704K)] 76060K->2332K(247808K), 0.0005094 secs] [Times: user=0.00 sys=0.00, real=0.00 secs] 
54.587: [GC (Allocation Failure) [PSYoungGen: 72288K->64K(87552K)] 74524K->2300K(262656K), 0.0008941 secs] [Times: user=0.01 sys=0.00, real=0.00 secs] 
54.644: [GC (Allocation Failure) [PSYoungGen: 87104K->64K(104960K)] 89340K->2300K(280064K), 0.0005097 secs] [Times: user=0.00 sys=0.00, real=0.00 secs] 
54.712: [GC (Allocation Failure) [PSYoungGen: 104512K->64K(101888K)] 106748K->2300K(276992K), 0.0005173 secs] [Times: user=0.00 sys=0.00, real=0.00 secs] 
54.777: [GC (Allocation Failure) [PSYoungGen: 101440K->96K(98816K)] 103676K->2332K(273920K), 0.0005600 secs] [Times: user=0.00 sys=0.00, real=0.00 secs] 
54.840: [GC (Allocation Failure) [PSYoungGen: 98400K->96K(96256K)] 100636K->2332K(271360K), 0.0005309 secs] [Times: user=0.00 sys=0.00, real=0.00 secs] 
54.901: [GC (Allocation Failure) [PSYoungGen: 95840K->96K(93696K)] 98076K->2332K(268800K), 0.0005011 secs] [Times: user=0.00 sys=0.00, real=0.00 secs] 
54.962: [GC (Allocation Failure) [PSYoungGen: 93280K->0K(91136K)] 95516K->2236K(266240K), 0.0004898 secs] [Times: user=0.00 sys=0.00, real=0.00 secs] 
55.021: [GC (Allocation Failure) [PSYoungGen: 90624K->64K(88576K)] 92860K->2300K(263680K), 0.0005167 secs] [Times: user=0.00 sys=0.00, real=0.00 secs] 
55.080: [GC (Allocation Failure) [PSYoungGen: 88128K->96K(86528K)] 90364K->2332K(261632K), 0.0005099 secs] [Times: user=0.00 sys=0.00, real=0.00 secs] 
55.135: [GC (Allocation Failure) [PSYoungGen: 86112K->64K(84480K)] 88348K->2300K(259584K), 0.0005151 secs] [Times: user=0.00 sys=0.00, real=0.00 secs] 
55.189: [GC (Allocation Failure) [PSYoungGen: 84032K->32K(82432K)] 86268K->2268K(257536K), 0.0005361 secs] [Times: user=0.00 sys=0.00, real=0.00 secs] 
55.242: [GC (Allocation Failure) [PSYoungGen: 81952K->64K(80384K)] 84188K->2300K(255488K), 0.0005156 secs] [Times: user=0.00 sys=0.00, real=0.00 secs] 
55.294: [GC (Allocation Failure) [PSYoungGen: 79936K->64K(78336K)] 82172K->2300K(253440K), 0.0005163 secs] [Times: user=0.00 sys=0.00, real=0.00 secs] 
55.344: [GC (Allocation Failure) [PSYoungGen: 77888K->0K(76288K)] 80124K->2236K(251392K), 0.0005144 secs] [Times: user=0.00 sys=0.00, real=0.00 secs] 
55.392: [GC (Allocation Failure) [PSYoungGen: 75776K->64K(74752K)] 78012K->2300K(249856K), 0.0004852 secs] [Times: user=0.00 sys=0.00, real=0.00 secs] 
55.440: [GC (Allocation Failure) [PSYoungGen: 74304K->32K(73216K)] 76540K->2268K(248320K), 0.0004812 secs] [Times: user=0.00 sys=0.00, real=0.00 secs] 
55.486: [GC (Allocation Failure) [PSYoungGen: 72736K->64K(71680K)] 74972K->2300K(246784K), 0.0004964 secs] [Times: user=0.00 sys=0.00, real=0.00 secs] 
55.533: [GC (Allocation Failure) [PSYoungGen: 71232K->32K(70144K)] 73468K->2268K(245248K), 0.0005116 secs] [Times: user=0.00 sys=0.00, real=0.00 secs] 
55.579: [GC (Allocation Failure) [PSYoungGen: 69664K->64K(68608K)] 71900K->2300K(243712K), 0.0005050 secs] [Times: user=0.00 sys=0.00, real=0.00 secs] 
55.623: [GC (Allocation Failure) [PSYoungGen: 68160K->64K(82432K)] 70396K->2300K(257536K), 0.0010213 secs] [Times: user=0.01 sys=0.00, real=0.00 secs] 
55.676: [GC (Allocation Failure) [PSYoungGen: 81984K->64K(98816K)] 84220K->2300K(273920K), 0.0004793 secs] [Times: user=0.00 sys=0.00, real=0.00 secs] 
55.739: [GC (Allocation Failure) [PSYoungGen: 98368K->32K(118784K)] 100604K->2268K(293888K), 0.0004941 secs] [Times: user=0.00 sys=0.00, real=0.00 secs] 
55.815: [GC (Allocation Failure) [PSYoungGen: 118304K->64K(115200K)] 120540K->2300K(290304K), 0.0005272 secs] [Times: user=0.00 sys=0.00, real=0.00 secs] 
55.888: [GC (Allocation Failure) [PSYoungGen: 114752K->32K(111616K)] 116988K->2268K(286720K), 0.0005168 secs] [Times: user=0.00 sys=0.00, real=0.00 secs] 
55.960: [GC (Allocation Failure) [PSYoungGen: 111136K->64K(108544K)] 113372K->2300K(283648K), 0.0005155 secs] [Times: user=0.00 sys=0.00, real=0.00 secs] 
56.030: [GC (Allocation Failure) [PSYoungGen: 108096K->64K(105472K)] 110332K->2300K(280576K), 0.0005393 secs] [Times: user=0.00 sys=0.00, real=0.00 secs] 
56.098: [GC (Allocation Failure) [PSYoungGen: 105024K->64K(102400K)] 107260K->2300K(277504K), 0.0005238 secs] [Times: user=0.00 sys=0.00, real=0.00 secs] 
56.163: [GC (Allocation Failure) [PSYoungGen: 101952K->64K(99328K)] 104188K->2300K(274432K), 0.0005189 secs] [Times: user=0.00 sys=0.00, real=0.00 secs] 
56.226: [GC (Allocation Failure) [PSYoungGen: 98880K->64K(96768K)] 101116K->2300K(271872K), 0.0006955 secs] [Times: user=0.00 sys=0.00, real=0.00 secs] 
56.290: [GC (Allocation Failure) [PSYoungGen: 96320K->96K(94208K)] 98556K->2332K(269312K), 0.0005116 secs] [Times: user=0.00 sys=0.00, real=0.00 secs] 
56.350: [GC (Allocation Failure) [PSYoungGen: 93792K->64K(91648K)] 96028K->2300K(266752K), 0.0005184 secs] [Times: user=0.01 sys=0.00, real=0.00 secs] 
56.408: [GC (Allocation Failure) [PSYoungGen: 91200K->96K(89088K)] 93436K->2332K(264192K), 0.0005262 secs] [Times: user=0.00 sys=0.00, real=0.00 secs] 
56.465: [GC (Allocation Failure) [PSYoungGen: 88672K->96K(87040K)] 90908K->2332K(262144K), 0.0004853 secs] [Times: user=0.00 sys=0.00, real=0.00 secs] 
56.521: [GC (Allocation Failure) [PSYoungGen: 86624K->32K(104448K)] 88860K->2268K(279552K), 0.0010223 secs] [Times: user=0.00 sys=0.00, real=0.00 secs] 
56.590: [GC (Allocation Failure) [PSYoungGen: 103968K->32K(101376K)] 106204K->2268K(276480K), 0.0005061 secs] [Times: user=0.00 sys=0.00, real=0.00 secs] 
56.654: [GC (Allocation Failure) [PSYoungGen: 100896K->64K(98816K)] 103132K->2300K(273920K), 0.0005204 secs] [Times: user=0.00 sys=0.00, real=0.00 secs] 
56.717: [GC (Allocation Failure) [PSYoungGen: 98368K->64K(96256K)] 100604K->2300K(271360K), 0.0005055 secs] [Times: user=0.01 sys=0.00, real=0.00 secs] 
56.778: [GC (Allocation Failure) [PSYoungGen: 95808K->64K(93696K)] 98044K->2300K(268800K), 0.0005067 secs] [Times: user=0.00 sys=0.00, real=0.00 secs] 
56.837: [GC (Allocation Failure) [PSYoungGen: 93248K->96K(91136K)] 95484K->2332K(266240K), 0.0005146 secs] [Times: user=0.00 sys=0.00, real=0.00 secs] 
56.895: [GC (Allocation Failure) [PSYoungGen: 90720K->64K(88576K)] 92956K->2300K(263680K), 0.0005133 secs] [Times: user=0.00 sys=0.00, real=0.00 secs] 
56.952: [GC (Allocation Failure) [PSYoungGen: 88128K->96K(86528K)] 90364K->2332K(261632K), 0.0005025 secs] [Times: user=0.00 sys=0.00, real=0.00 secs] 
57.007: [GC (Allocation Failure) [PSYoungGen: 86112K->96K(84480K)] 88348K->2332K(259584K), 0.0006507 secs] [Times: user=0.00 sys=0.00, real=0.00 secs] 
57.062: [GC (Allocation Failure) [PSYoungGen: 84064K->64K(82432K)] 86300K->2300K(257536K), 0.0005181 secs] [Times: user=0.00 sys=0.00, real=0.00 secs] 
57.114: [GC (Allocation Failure) [PSYoungGen: 81984K->32K(80384K)] 84220K->2268K(255488K), 0.0004996 secs] [Times: user=0.01 sys=0.00, real=0.00 secs] 
57.166: [GC (Allocation Failure) [PSYoungGen: 79904K->64K(78336K)] 82140K->2300K(253440K), 0.0005111 secs] [Times: user=0.00 sys=0.00, real=0.00 secs] 
57.216: [GC (Allocation Failure) [PSYoungGen: 77888K->64K(76288K)] 80124K->2300K(251392K), 0.0005133 secs] [Times: user=0.00 sys=0.00, real=0.00 secs] 
57.267: [GC (Allocation Failure) [PSYoungGen: 75840K->64K(74752K)] 78076K->2300K(249856K), 0.0005097 secs] [Times: user=0.00 sys=0.00, real=0.00 secs] 
57.317: [GC (Allocation Failure) [PSYoungGen: 74304K->96K(73216K)] 76540K->2332K(248320K), 0.0005083 secs] [Times: user=0.00 sys=0.00, real=0.00 secs] 
57.366: [GC (Allocation Failure) [PSYoungGen: 72800K->64K(71680K)] 75036K->2300K(246784K), 0.0005542 secs] [Times: user=0.00 sys=0.00, real=0.00 secs] 
57.415: [GC (Allocation Failure) [PSYoungGen: 71232K->96K(70144K)] 73468K->2332K(245248K), 0.0005430 secs] [Times: user=0.00 sys=0.00, real=0.00 secs] 
57.460: [GC (Allocation Failure) [PSYoungGen: 69728K->32K(68608K)] 71964K->2268K(243712K), 0.0005210 secs] [Times: user=0.00 sys=0.00, real=0.00 secs] 
57.504: [GC (Allocation Failure) [PSYoungGen: 68128K->64K(67072K)] 70364K->2300K(242176K), 0.0005038 secs] [Times: user=0.00 sys=0.00, real=0.00 secs] 
57.548: [GC (Allocation Failure) [PSYoungGen: 66624K->96K(80384K)] 68860K->2332K(255488K), 0.0008336 secs] [Times: user=0.00 sys=0.00, real=0.00 secs] 
57.602: [GC (Allocation Failure) [PSYoungGen: 79968K->64K(96768K)] 82204K->2300K(271872K), 0.0005333 secs] [Times: user=0.00 sys=0.00, real=0.00 secs] 
57.663: [GC (Allocation Failure) [PSYoungGen: 96320K->64K(94208K)] 98556K->2300K(269312K), 0.0005094 secs] [Times: user=0.00 sys=0.00, real=0.00 secs] 
57.723: [GC (Allocation Failure) [PSYoungGen: 93760K->64K(91648K)] 95996K->2300K(266752K), 0.0005132 secs] [Times: user=0.00 sys=0.00, real=0.00 secs] 
57.782: [GC (Allocation Failure) [PSYoungGen: 91200K->64K(89088K)] 93436K->2300K(264192K), 0.0005156 secs] [Times: user=0.00 sys=0.00, real=0.00 secs] 
57.839: [GC (Allocation Failure) [PSYoungGen: 88640K->96K(87040K)] 90876K->2332K(262144K), 0.0004902 secs] [Times: user=0.00 sys=0.00, real=0.00 secs] 
57.895: [GC (Allocation Failure) [PSYoungGen: 86624K->32K(84992K)] 88860K->2268K(260096K), 0.0005229 secs] [Times: user=0.01 sys=0.00, real=0.00 secs] 
57.949: [GC (Allocation Failure) [PSYoungGen: 84512K->96K(82944K)] 86748K->2332K(258048K), 0.0004972 secs] [Times: user=0.00 sys=0.00, real=0.00 secs] 
58.002: [GC (Allocation Failure) [PSYoungGen: 82528K->64K(80896K)] 84764K->2300K(256000K), 0.0005199 secs] [Times: user=0.00 sys=0.00, real=0.00 secs] 
58.054: [GC (Allocation Failure) [PSYoungGen: 80448K->96K(78848K)] 82684K->2332K(253952K), 0.0004954 secs] [Times: user=0.01 sys=0.00, real=0.00 secs] 
58.104: [GC (Allocation Failure) [PSYoungGen: 78432K->96K(76800K)] 80668K->2332K(251904K), 0.0004968 secs] [Times: user=0.00 sys=0.00, real=0.00 secs] 
58.154: [GC (Allocation Failure) [PSYoungGen: 76384K->64K(74752K)] 78620K->2300K(249856K), 0.0005158 secs] [Times: user=0.00 sys=0.00, real=0.00 secs] 
58.202: [GC (Allocation Failure) [PSYoungGen: 74304K->64K(73216K)] 76540K->2300K(248320K), 0.0005034 secs] [Times: user=0.00 sys=0.00, real=0.00 secs] 
58.248: [GC (Allocation Failure) [PSYoungGen: 72768K->96K(71680K)] 75004K->2332K(246784K), 0.0004852 secs] [Times: user=0.00 sys=0.00, real=0.00 secs] 
58.295: [GC (Allocation Failure) [PSYoungGen: 71264K->64K(70144K)] 73500K->2300K(245248K), 0.0005347 secs] [Times: user=0.00 sys=0.00, real=0.00 secs] 
58.340: [GC (Allocation Failure) [PSYoungGen: 69696K->64K(68608K)] 71932K->2300K(243712K), 0.0005084 secs] [Times: user=0.00 sys=0.00, real=0.00 secs] 
58.383: [GC (Allocation Failure) [PSYoungGen: 68160K->64K(67072K)] 70396K->2300K(242176K), 0.0004842 secs] [Times: user=0.00 sys=0.00, real=0.00 secs] 
58.426: [GC (Allocation Failure) [PSYoungGen: 66624K->64K(65536K)] 68860K->2300K(240640K), 0.0005014 secs] [Times: user=0.00 sys=0.00, real=0.00 secs] 
58.468: [GC (Allocation Failure) [PSYoungGen: 65088K->64K(78848K)] 67324K->2300K(253952K), 0.0004955 secs] [Times: user=0.00 sys=0.00, real=0.00 secs] 
58.518: [GC (Allocation Failure) [PSYoungGen: 78400K->96K(76800K)] 80636K->2332K(251904K), 0.0004895 secs] [Times: user=0.00 sys=0.00, real=0.00 secs] 
58.569: [GC (Allocation Failure) [PSYoungGen: 76384K->96K(74752K)] 78620K->2332K(249856K), 0.0005092 secs] [Times: user=0.00 sys=0.00, real=0.00 secs] 
58.622: [GC (Allocation Failure) [PSYoungGen: 74336K->96K(73216K)] 76572K->2332K(248320K), 0.0005361 secs] [Times: user=0.00 sys=0.00, real=0.00 secs] 
58.673: [GC (Allocation Failure) [PSYoungGen: 72800K->96K(88064K)] 75036K->2332K(263168K), 0.0009922 secs] [Times: user=0.01 sys=0.00, real=0.00 secs] 
58.734: [GC (Allocation Failure) [PSYoungGen: 87648K->32K(105984K)] 89884K->2268K(281088K), 0.0007962 secs] [Times: user=0.00 sys=0.00, real=0.00 secs] 
58.804: [GC (Allocation Failure) [PSYoungGen: 105504K->64K(127488K)] 107740K->2300K(302592K), 0.0005215 secs] [Times: user=0.00 sys=0.00, real=0.00 secs] 
58.888: [GC (Allocation Failure) [PSYoungGen: 127040K->64K(123392K)] 129276K->2300K(298496K), 0.0005207 secs] [Times: user=0.00 sys=0.00, real=0.00 secs] 
58.968: [GC (Allocation Failure) [PSYoungGen: 122944K->96K(119808K)] 125180K->2332K(294912K), 0.0005202 secs] [Times: user=0.00 sys=0.00, real=0.00 secs] 
59.047: [GC (Allocation Failure) [PSYoungGen: 119392K->64K(116224K)] 121628K->2300K(291328K), 0.0005596 secs] [Times: user=0.00 sys=0.00, real=0.00 secs] 
59.122: [GC (Allocation Failure) [PSYoungGen: 115776K->64K(112640K)] 118012K->2300K(287744K), 0.0005198 secs] [Times: user=0.00 sys=0.00, real=0.00 secs] 
59.193: [GC (Allocation Failure) [PSYoungGen: 112192K->64K(109568K)] 114428K->2300K(284672K), 0.0005201 secs] [Times: user=0.00 sys=0.00, real=0.00 secs] 
59.263: [GC (Allocation Failure) [PSYoungGen: 109120K->64K(106496K)] 111356K->2300K(281600K), 0.0005086 secs] [Times: user=0.00 sys=0.00, real=0.00 secs] 
59.331: [GC (Allocation Failure) [PSYoungGen: 106048K->64K(103424K)] 108284K->2300K(278528K), 0.0005083 secs] [Times: user=0.00 sys=0.00, real=0.00 secs] 
59.397: [GC (Allocation Failure) [PSYoungGen: 102976K->64K(100352K)] 105212K->2300K(275456K), 0.0005249 secs] [Times: user=0.00 sys=0.00, real=0.00 secs] 
59.461: [GC (Allocation Failure) [PSYoungGen: 99904K->96K(97792K)] 102140K->2332K(272896K), 0.0005059 secs] [Times: user=0.00 sys=0.00, real=0.01 secs] 
59.523: [GC (Allocation Failure) [PSYoungGen: 97376K->96K(95232K)] 99612K->2332K(270336K), 0.0005112 secs] [Times: user=0.01 sys=0.00, real=0.00 secs] 
59.586: [GC (Allocation Failure) [PSYoungGen: 94816K->64K(92672K)] 97052K->2300K(267776K), 0.0005284 secs] [Times: user=0.00 sys=0.00, real=0.00 secs] 
59.645: [GC (Allocation Failure) [PSYoungGen: 92224K->96K(90112K)] 94460K->2332K(265216K), 0.0005035 secs] [Times: user=0.00 sys=0.00, real=0.00 secs] 
59.703: [GC (Allocation Failure) [PSYoungGen: 89696K->64K(87552K)] 91932K->2300K(262656K), 0.0005116 secs] [Times: user=0.00 sys=0.00, real=0.00 secs] 
59.759: [GC (Allocation Failure) [PSYoungGen: 87104K->64K(85504K)] 89340K->2300K(260608K), 0.0005225 secs] [Times: user=0.00 sys=0.00, real=0.00 secs] 
59.814: [GC (Allocation Failure) [PSYoungGen: 85056K->96K(83456K)] 87292K->2332K(258560K), 0.0005052 secs] [Times: user=0.00 sys=0.00, real=0.00 secs] 
59.867: [GC (Allocation Failure) [PSYoungGen: 83040K->32K(81408K)] 85276K->2268K(256512K), 0.0006051 secs] [Times: user=0.00 sys=0.00, real=0.00 secs] 
59.982: [GC (Allocation Failure) [PSYoungGen: 80928K->96K(79360K)] 83164K->2332K(254464K), 0.0005376 secs] [Times: user=0.00 sys=0.00, real=0.00 secs] 
60.040: [GC (Allocation Failure) [PSYoungGen: 78944K->96K(77312K)] 81180K->2332K(252416K), 0.0005164 secs] [Times: user=0.00 sys=0.00, real=0.00 secs] 
60.091: [GC (Allocation Failure) [PSYoungGen: 76896K->64K(75264K)] 79132K->2300K(250368K), 0.0007729 secs] [Times: user=0.00 sys=0.00, real=0.00 secs] 
60.140: [GC (Allocation Failure) [PSYoungGen: 74816K->64K(73728K)] 77052K->2300K(248832K), 0.0005056 secs] [Times: user=0.00 sys=0.00, real=0.00 secs] 
60.193: [GC (Allocation Failure) [PSYoungGen: 73280K->64K(72192K)] 75516K->2300K(247296K), 0.0005691 secs] [Times: user=0.00 sys=0.00, real=0.00 secs] 
60.249: [GC (Allocation Failure) [PSYoungGen: 71744K->96K(70656K)] 73980K->2332K(245760K), 0.0005175 secs] [Times: user=0.01 sys=0.00, real=0.00 secs] 
60.296: [GC (Allocation Failure) [PSYoungGen: 70240K->160K(69120K)] 72476K->2396K(244224K), 0.0005056 secs] [Times: user=0.00 sys=0.00, real=0.00 secs] 
60.342: [GC (Allocation Failure) [PSYoungGen: 68768K->96K(82944K)] 71004K->2364K(258048K), 0.0006447 secs] [Times: user=0.00 sys=0.00, real=0.00 secs] 
60.402: [GC (Allocation Failure) [PSYoungGen: 82528K->96K(80896K)] 84796K->2364K(256000K), 0.0005261 secs] [Times: user=0.00 sys=0.00, real=0.00 secs] 
60.461: [GC (Allocation Failure) [PSYoungGen: 80480K->96K(78848K)] 82748K->2364K(253952K), 0.0005302 secs] [Times: user=0.00 sys=0.00, real=0.00 secs] 
60.563: [GC (Allocation Failure) [PSYoungGen: 78432K->96K(76800K)] 80700K->2364K(251904K), 0.0008799 secs] [Times: user=0.00 sys=0.00, real=0.00 secs] 
60.625: [GC (Allocation Failure) [PSYoungGen: 76384K->96K(74752K)] 78652K->2364K(249856K), 0.0005277 secs] [Times: user=0.01 sys=0.00, real=0.00 secs] 
60.674: [GC (Allocation Failure) [PSYoungGen: 74335K->96K(73216K)] 76604K->2364K(248320K), 0.0005190 secs] [Times: user=0.00 sys=0.00, real=0.00 secs] 
60.721: [GC (Allocation Failure) [PSYoungGen: 72800K->64K(71680K)] 75068K->2332K(246784K), 0.0005079 secs] [Times: user=0.00 sys=0.00, real=0.00 secs] 
60.769: [GC (Allocation Failure) [PSYoungGen: 71232K->64K(70144K)] 73500K->2332K(245248K), 0.0005634 secs] [Times: user=0.00 sys=0.00, real=0.00 secs] 
60.958: [GC (Allocation Failure) [PSYoungGen: 69696K->64K(68608K)] 71964K->2332K(243712K), 0.0009407 secs] [Times: user=0.00 sys=0.00, real=0.00 secs] 
61.162: [GC (Allocation Failure) [PSYoungGen: 68160K->96K(67072K)] 70428K->2364K(242176K), 0.0007974 secs] [Times: user=0.01 sys=0.00, real=0.00 secs] 
61.285: [GC (Allocation Failure) [PSYoungGen: 66656K->96K(65536K)] 68924K->2364K(240640K), 0.0009146 secs] [Times: user=0.01 sys=0.00, real=0.00 secs] 
61.386: [GC (Allocation Failure) [PSYoungGen: 65120K->64K(64000K)] 67388K->2332K(239104K), 0.0011446 secs] [Times: user=0.00 sys=0.00, real=0.00 secs] 
61.468: [GC (Allocation Failure) [PSYoungGen: 63552K->32K(62464K)] 65820K->2300K(237568K), 0.0008767 secs] [Times: user=0.00 sys=0.00, real=0.00 secs] 
61.513: [GC (Allocation Failure) [PSYoungGen: 61984K->96K(61440K)] 64252K->2364K(236544K), 0.0005600 secs] [Times: user=0.00 sys=0.01, real=0.00 secs] 
61.558: [GC (Allocation Failure) [PSYoungGen: 61024K->96K(60416K)] 63292K->2364K(235520K), 0.0005562 secs] [Times: user=0.00 sys=0.00, real=0.00 secs] 
61.599: [GC (Allocation Failure) [PSYoungGen: 60000K->96K(59392K)] 62268K->2364K(234496K), 0.0005075 secs] [Times: user=0.00 sys=0.00, real=0.00 secs] 
61.639: [GC (Allocation Failure) [PSYoungGen: 58976K->64K(71168K)] 61244K->2332K(246272K), 0.0011329 secs] [Times: user=0.00 sys=0.00, real=0.00 secs] 
61.689: [GC (Allocation Failure) [PSYoungGen: 70720K->64K(85504K)] 72988K->2332K(260608K), 0.0007101 secs] [Times: user=0.00 sys=0.00, real=0.00 secs] 
61.748: [GC (Allocation Failure) [PSYoungGen: 85056K->0K(102912K)] 87324K->2268K(278016K), 0.0005131 secs] [Times: user=0.00 sys=0.00, real=0.00 secs] 
61.817: [GC (Allocation Failure) [PSYoungGen: 102400K->32K(123392K)] 104668K->2300K(298496K), 0.0007640 secs] [Times: user=0.00 sys=0.00, real=0.00 secs] 
61.903: [GC (Allocation Failure) [PSYoungGen: 122912K->64K(147968K)] 125180K->2332K(323072K), 0.0005082 secs] [Times: user=0.01 sys=0.00, real=0.00 secs] 
62.034: [GC (Allocation Failure) [PSYoungGen: 147520K->64K(143360K)] 149788K->2332K(318464K), 0.0010837 secs] [Times: user=0.00 sys=0.00, real=0.00 secs] 
62.199: [GC (Allocation Failure) [PSYoungGen: 142912K->64K(138752K)] 145180K->2332K(313856K), 0.0010686 secs] [Times: user=0.00 sys=0.00, real=0.00 secs] 
62.295: [GC (Allocation Failure) [PSYoungGen: 138304K->96K(134144K)] 140572K->2364K(309248K), 0.0005051 secs] [Times: user=0.00 sys=0.00, real=0.00 secs] 
62.390: [GC (Allocation Failure) [PSYoungGen: 133728K->32K(161280K)] 135996K->2300K(336384K), 0.0018352 secs] [Times: user=0.01 sys=0.00, real=0.01 secs] 
62.537: [GC (Allocation Failure) [PSYoungGen: 160800K->96K(155648K)] 163068K->2364K(330752K), 0.0006225 secs] [Times: user=0.00 sys=0.00, real=0.00 secs] 
62.651: [GC (Allocation Failure) [PSYoungGen: 155232K->64K(150528K)] 157500K->2332K(325632K), 0.0015325 secs] [Times: user=0.00 sys=0.00, real=0.00 secs] 
62.761: [GC (Allocation Failure) [PSYoungGen: 150080K->96K(145408K)] 152348K->2364K(320512K), 0.0005198 secs] [Times: user=0.00 sys=0.00, real=0.00 secs] 
62.856: [GC (Allocation Failure) [PSYoungGen: 144992K->64K(140800K)] 147260K->2332K(315904K), 0.0005132 secs] [Times: user=0.00 sys=0.00, real=0.00 secs] 
62.945: [GC (Allocation Failure) [PSYoungGen: 140352K->64K(136192K)] 142620K->2332K(311296K), 0.0005133 secs] [Times: user=0.00 sys=0.00, real=0.00 secs] 
63.034: [GC (Allocation Failure) [PSYoungGen: 135744K->64K(132096K)] 138012K->2332K(307200K), 0.0005157 secs] [Times: user=0.00 sys=0.00, real=0.00 secs] 
63.120: [GC (Allocation Failure) [PSYoungGen: 131648K->64K(128000K)] 133916K->2332K(303104K), 0.0005433 secs] [Times: user=0.01 sys=0.00, real=0.01 secs] 
63.206: [GC (Allocation Failure) [PSYoungGen: 127552K->64K(123904K)] 129820K->2332K(299008K), 0.0019495 secs] [Times: user=0.00 sys=0.00, real=0.00 secs] 
63.287: [GC (Allocation Failure) [PSYoungGen: 123456K->64K(120320K)] 125724K->2332K(295424K), 0.0005072 secs] [Times: user=0.00 sys=0.00, real=0.00 secs] 
63.364: [GC (Allocation Failure) [PSYoungGen: 119872K->64K(116736K)] 122140K->2332K(291840K), 0.0005167 secs] [Times: user=0.00 sys=0.00, real=0.00 secs] 
63.438: [GC (Allocation Failure) [PSYoungGen: 116288K->96K(113152K)] 118556K->2364K(288256K), 0.0005094 secs] [Times: user=0.00 sys=0.00, real=0.00 secs] 
63.513: [GC (Allocation Failure) [PSYoungGen: 112736K->32K(110080K)] 115004K->2300K(285184K), 0.0005039 secs] [Times: user=0.01 sys=0.00, real=0.00 secs] 
63.585: [GC (Allocation Failure) [PSYoungGen: 109600K->64K(107008K)] 111868K->2332K(282112K), 0.0009921 secs] [Times: user=0.00 sys=0.00, real=0.00 secs] 
63.660: [GC (Allocation Failure) [PSYoungGen: 106560K->0K(103936K)] 108828K->2268K(279040K), 0.0010521 secs] [Times: user=0.00 sys=0.00, real=0.01 secs] 
63.749: [GC (Allocation Failure) [PSYoungGen: 103424K->64K(100864K)] 105692K->2332K(275968K), 0.0010833 secs] [Times: user=0.00 sys=0.00, real=0.00 secs] 
63.818: [GC (Allocation Failure) [PSYoungGen: 100416K->64K(98304K)] 102684K->2332K(273408K), 0.0005220 secs] [Times: user=0.00 sys=0.00, real=0.00 secs] 
63.888: [GC (Allocation Failure) [PSYoungGen: 97856K->32K(95744K)] 100124K->2300K(270848K), 0.0009546 secs] [Times: user=0.00 sys=0.00, real=0.00 secs] 
63.953: [GC (Allocation Failure) [PSYoungGen: 95264K->64K(93184K)] 97532K->2332K(268288K), 0.0005803 secs] [Times: user=0.00 sys=0.00, real=0.00 secs] 
64.014: [GC (Allocation Failure) [PSYoungGen: 92736K->64K(90624K)] 95004K->2332K(265728K), 0.0005190 secs] [Times: user=0.00 sys=0.00, real=0.00 secs] 
64.072: [GC (Allocation Failure) [PSYoungGen: 90176K->64K(88064K)] 92444K->2332K(263168K), 0.0005029 secs] [Times: user=0.00 sys=0.00, real=0.00 secs] 
64.130: [GC (Allocation Failure) [PSYoungGen: 87616K->32K(86016K)] 89884K->2300K(261120K), 0.0005234 secs] [Times: user=0.00 sys=0.00, real=0.00 secs] 
64.185: [GC (Allocation Failure) [PSYoungGen: 85536K->64K(83968K)] 87804K->2332K(259072K), 0.0005112 secs] [Times: user=0.01 sys=0.00, real=0.00 secs] 
64.239: [GC (Allocation Failure) [PSYoungGen: 83520K->32K(81920K)] 85788K->2300K(257024K), 0.0005206 secs] [Times: user=0.00 sys=0.00, real=0.00 secs] 
64.292: [GC (Allocation Failure) [PSYoungGen: 81440K->96K(79872K)] 83708K->2364K(254976K), 0.0005004 secs] [Times: user=0.00 sys=0.00, real=0.00 secs] 
64.344: [GC (Allocation Failure) [PSYoungGen: 79456K->64K(77824K)] 81724K->2332K(252928K), 0.0005542 secs] [Times: user=0.00 sys=0.00, real=0.00 secs] 
64.394: [GC (Allocation Failure) [PSYoungGen: 77376K->96K(75776K)] 79644K->2364K(250880K), 0.0005319 secs] [Times: user=0.00 sys=0.00, real=0.00 secs] 
64.443: [GC (Allocation Failure) [PSYoungGen: 75360K->96K(74240K)] 77628K->2364K(249344K), 0.0005072 secs] [Times: user=0.00 sys=0.00, real=0.00 secs] 
64.490: [GC (Allocation Failure) [PSYoungGen: 73824K->64K(72704K)] 76092K->2332K(247808K), 0.0005083 secs] [Times: user=0.00 sys=0.00, real=0.01 secs] 
64.537: [GC (Allocation Failure) [PSYoungGen: 72256K->64K(71168K)] 74524K->2332K(246272K), 0.0005200 secs] [Times: user=0.00 sys=0.00, real=0.00 secs] 
64.585: [GC (Allocation Failure) [PSYoungGen: 70720K->64K(69632K)] 72988K->2332K(244736K), 0.0005194 secs] [Times: user=0.00 sys=0.00, real=0.00 secs] 
64.631: [GC (Allocation Failure) [PSYoungGen: 69184K->128K(83456K)] 71452K->2396K(258560K), 0.0009947 secs] [Times: user=0.00 sys=0.00, real=0.00 secs] 
64.685: [GC (Allocation Failure) [PSYoungGen: 83072K->64K(100352K)] 85340K->2332K(275456K), 0.0005115 secs] [Times: user=0.00 sys=0.00, real=0.00 secs] 
64.751: [GC (Allocation Failure) [PSYoungGen: 99904K->96K(120320K)] 102172K->2364K(295424K), 0.0005145 secs] [Times: user=0.00 sys=0.00, real=0.00 secs] 
64.831: [GC (Allocation Failure) [PSYoungGen: 119904K->96K(116736K)] 122172K->2364K(291840K), 0.0005051 secs] [Times: user=0.00 sys=0.00, real=0.01 secs] 
64.912: [GC (Allocation Failure) [PSYoungGen: 116320K->32K(113152K)] 118588K->2300K(288256K), 0.0005003 secs] [Times: user=0.00 sys=0.00, real=0.00 secs] 
64.989: [GC (Allocation Failure) [PSYoungGen: 112672K->64K(110080K)] 114940K->2332K(285184K), 0.0005220 secs] [Times: user=0.00 sys=0.00, real=0.00 secs] 
65.061: [GC (Allocation Failure) [PSYoungGen: 109632K->96K(107008K)] 111900K->2364K(282112K), 0.0005080 secs] [Times: user=0.00 sys=0.00, real=0.00 secs] 
65.132: [GC (Allocation Failure) [PSYoungGen: 106592K->64K(103936K)] 108860K->2332K(279040K), 0.0008785 secs] [Times: user=0.00 sys=0.00, real=0.00 secs] 
65.200: [GC (Allocation Failure) [PSYoungGen: 103488K->64K(100864K)] 105756K->2332K(275968K), 0.0005457 secs] [Times: user=0.00 sys=0.00, real=0.01 secs] 
65.266: [GC (Allocation Failure) [PSYoungGen: 100416K->64K(98304K)] 102684K->2332K(273408K), 0.0005719 secs] [Times: user=0.00 sys=0.00, real=0.00 secs] 
65.331: [GC (Allocation Failure) [PSYoungGen: 97856K->96K(95744K)] 100124K->2364K(270848K), 0.0005003 secs] [Times: user=0.01 sys=0.00, real=0.00 secs] 
65.394: [GC (Allocation Failure) [PSYoungGen: 95328K->64K(93184K)] 97596K->2332K(268288K), 0.0005190 secs] [Times: user=0.00 sys=0.00, real=0.00 secs] 
65.455: [GC (Allocation Failure) [PSYoungGen: 92736K->64K(90624K)] 95004K->2332K(265728K), 0.0005104 secs] [Times: user=0.00 sys=0.00, real=0.00 secs] 
65.514: [GC (Allocation Failure) [PSYoungGen: 90176K->64K(88064K)] 92444K->2332K(263168K), 0.0005224 secs] [Times: user=0.00 sys=0.00, real=0.00 secs] 
65.576: [GC (Allocation Failure) [PSYoungGen: 87616K->64K(86016K)] 89884K->2332K(261120K), 0.0009135 secs] [Times: user=0.00 sys=0.00, real=0.00 secs] 
65.633: [GC (Allocation Failure) [PSYoungGen: 85568K->64K(83968K)] 87836K->2332K(259072K), 0.0005112 secs] [Times: user=0.01 sys=0.00, real=0.00 secs] 
65.691: [GC (Allocation Failure) [PSYoungGen: 83520K->32K(100864K)] 85788K->2300K(275968K), 0.0011272 secs] [Times: user=0.00 sys=0.00, real=0.00 secs] 
65.815: [GC (Allocation Failure) [PSYoungGen: 100384K->32K(121344K)] 102652K->2300K(296448K), 0.0016170 secs] [Times: user=0.00 sys=0.00, real=0.00 secs] 
65.928: [GC (Allocation Failure) [PSYoungGen: 120864K->96K(117760K)] 123132K->2364K(292864K), 0.0005711 secs] [Times: user=0.00 sys=0.00, real=0.00 secs] 
66.010: [GC (Allocation Failure) [PSYoungGen: 117344K->32K(114176K)] 119612K->2300K(289280K), 0.0004990 secs] [Times: user=0.00 sys=0.00, real=0.00 secs] 
66.086: [GC (Allocation Failure) [PSYoungGen: 113696K->64K(110592K)] 115964K->2332K(285696K), 0.0010240 secs] [Times: user=0.00 sys=0.00, real=0.00 secs] 
66.172: [GC (Allocation Failure) [PSYoungGen: 110144K->96K(107520K)] 112412K->2364K(282624K), 0.0005251 secs] [Times: user=0.01 sys=0.00, real=0.00 secs] 
66.244: [GC (Allocation Failure) [PSYoungGen: 107104K->64K(104448K)] 109372K->2332K(279552K), 0.0005160 secs] [Times: user=0.00 sys=0.00, real=0.00 secs] 
66.321: [GC (Allocation Failure) [PSYoungGen: 104000K->32K(125440K)] 106268K->2300K(300544K), 0.0016912 secs] [Times: user=0.00 sys=0.00, real=0.00 secs] 
66.414: [GC (Allocation Failure) [PSYoungGen: 124960K->96K(121344K)] 127228K->2364K(296448K), 0.0005048 secs] [Times: user=0.01 sys=0.00, real=0.00 secs] 
66.499: [GC (Allocation Failure) [PSYoungGen: 120928K->96K(117760K)] 123196K->2364K(292864K), 0.0005215 secs] [Times: user=0.00 sys=0.01, real=0.00 secs] 
66.613: [GC (Allocation Failure) [PSYoungGen: 117344K->64K(114176K)] 119612K->2332K(289280K), 0.0005272 secs] [Times: user=0.00 sys=0.00, real=0.00 secs] 
66.689: [GC (Allocation Failure) [PSYoungGen: 113728K->96K(110592K)] 115996K->2364K(285696K), 0.0005040 secs] [Times: user=0.00 sys=0.00, real=0.00 secs] 
66.763: [GC (Allocation Failure) [PSYoungGen: 110176K->64K(107520K)] 112444K->2332K(282624K), 0.0006001 secs] [Times: user=0.00 sys=0.00, real=0.00 secs] 
66.841: [GC (Allocation Failure) [PSYoungGen: 107072K->64K(104448K)] 109340K->2332K(279552K), 0.0005603 secs] [Times: user=0.00 sys=0.00, real=0.00 secs] 
66.911: [GC (Allocation Failure) [PSYoungGen: 104000K->96K(101376K)] 106268K->2364K(276480K), 0.0005110 secs] [Times: user=0.00 sys=0.00, real=0.00 secs] 
66.981: [GC (Allocation Failure) [PSYoungGen: 100960K->96K(98816K)] 103228K->2364K(273920K), 0.0005680 secs] [Times: user=0.01 sys=0.00, real=0.00 secs] 
67.046: [GC (Allocation Failure) [PSYoungGen: 98400K->32K(96256K)] 100668K->2300K(271360K), 0.0005771 secs] [Times: user=0.00 sys=0.00, real=0.00 secs] 
67.124: [GC (Allocation Failure) [PSYoungGen: 95776K->96K(93696K)] 98044K->2364K(268800K), 0.0005085 secs] [Times: user=0.00 sys=0.00, real=0.00 secs] 
67.200: [GC (Allocation Failure) [PSYoungGen: 93280K->96K(91136K)] 95548K->2364K(266240K), 0.0005723 secs] [Times: user=0.00 sys=0.00, real=0.01 secs] 
67.262: [GC (Allocation Failure) [PSYoungGen: 90720K->96K(88576K)] 92988K->2364K(263680K), 0.0005623 secs] [Times: user=0.01 sys=0.00, real=0.00 secs] 
67.319: [GC (Allocation Failure) [PSYoungGen: 88160K->64K(86528K)] 90428K->2332K(261632K), 0.0005066 secs] [Times: user=0.00 sys=0.00, real=0.00 secs] 
67.376: [GC (Allocation Failure) [PSYoungGen: 86080K->64K(84480K)] 88348K->2332K(259584K), 0.0005368 secs] [Times: user=0.00 sys=0.00, real=0.00 secs] 
67.432: [GC (Allocation Failure) [PSYoungGen: 84032K->64K(82432K)] 86300K->2332K(257536K), 0.0005287 secs] [Times: user=0.00 sys=0.00, real=0.00 secs] 
67.487: [GC (Allocation Failure) [PSYoungGen: 81984K->96K(80384K)] 84252K->2364K(255488K), 0.0005063 secs] [Times: user=0.00 sys=0.00, real=0.00 secs] 
67.541: [GC (Allocation Failure) [PSYoungGen: 79968K->64K(78336K)] 82236K->2332K(253440K), 0.0009624 secs] [Times: user=0.00 sys=0.00, real=0.00 secs] 
67.596: [GC (Allocation Failure) [PSYoungGen: 77888K->96K(76288K)] 80156K->2364K(251392K), 0.0005024 secs] [Times: user=0.00 sys=0.00, real=0.00 secs] 
67.646: [GC (Allocation Failure) [PSYoungGen: 75872K->64K(74752K)] 78140K->2332K(249856K), 0.0005178 secs] [Times: user=0.00 sys=0.00, real=0.00 secs] 
67.694: [GC (Allocation Failure) [PSYoungGen: 74304K->64K(73216K)] 76572K->2332K(248320K), 0.0004925 secs] [Times: user=0.01 sys=0.00, real=0.00 secs] 
67.754: [GC (Allocation Failure) [PSYoungGen: 72768K->64K(88064K)] 75036K->2332K(263168K), 0.0011824 secs] [Times: user=0.00 sys=0.00, real=0.00 secs] 
67.827: [GC (Allocation Failure) [PSYoungGen: 87616K->96K(105984K)] 89884K->2364K(281088K), 0.0005040 secs] [Times: user=0.00 sys=0.00, real=0.00 secs] 
67.896: [GC (Allocation Failure) [PSYoungGen: 105568K->96K(102912K)] 107836K->2364K(278016K), 0.0005006 secs] [Times: user=0.00 sys=0.00, real=0.00 secs] 
67.961: [GC (Allocation Failure) [PSYoungGen: 102496K->96K(99840K)] 104764K->2364K(274944K), 0.0005404 secs] [Times: user=0.01 sys=0.00, real=0.00 secs] 
68.028: [GC (Allocation Failure) [PSYoungGen: 99424K->96K(97280K)] 101692K->2364K(272384K), 0.0004944 secs] [Times: user=0.00 sys=0.00, real=0.00 secs] 
68.090: [GC (Allocation Failure) [PSYoungGen: 96864K->64K(94720K)] 99132K->2332K(269824K), 0.0005148 secs] [Times: user=0.01 sys=0.00, real=0.01 secs] 
68.151: [GC (Allocation Failure) [PSYoungGen: 94272K->64K(92160K)] 96540K->2332K(267264K), 0.0005126 secs] [Times: user=0.00 sys=0.00, real=0.00 secs] 
68.211: [GC (Allocation Failure) [PSYoungGen: 91712K->96K(89600K)] 93980K->2364K(264704K), 0.0006425 secs] [Times: user=0.00 sys=0.00, real=0.00 secs] 
68.269: [GC (Allocation Failure) [PSYoungGen: 89184K->64K(87040K)] 91452K->2332K(262144K), 0.0005437 secs] [Times: user=0.00 sys=0.00, real=0.00 secs] 
68.328: [GC (Allocation Failure) [PSYoungGen: 86592K->64K(84992K)] 88860K->2332K(260096K), 0.0008447 secs] [Times: user=0.00 sys=0.00, real=0.00 secs] 
68.383: [GC (Allocation Failure) [PSYoungGen: 84544K->64K(101888K)] 86812K->2332K(276992K), 0.0011769 secs] [Times: user=0.00 sys=0.00, real=0.00 secs] 
68.449: [GC (Allocation Failure) [PSYoungGen: 101440K->96K(122368K)] 103708K->2364K(297472K), 0.0005012 secs] [Times: user=0.00 sys=0.00, real=0.00 secs] 
68.527: [GC (Allocation Failure) [PSYoungGen: 121952K->32K(118784K)] 124220K->2300K(293888K), 0.0005145 secs] [Times: user=0.00 sys=0.00, real=0.00 secs] 
68.605: [GC (Allocation Failure) [PSYoungGen: 118304K->96K(115200K)] 120572K->2364K(290304K), 0.0005114 secs] [Times: user=0.00 sys=0.00, real=0.00 secs] 
68.679: [GC (Allocation Failure) [PSYoungGen: 114784K->64K(111616K)] 117052K->2332K(286720K), 0.0005098 secs] [Times: user=0.01 sys=0.00, real=0.00 secs] 
68.750: [GC (Allocation Failure) [PSYoungGen: 111168K->64K(108544K)] 113436K->2332K(283648K), 0.0005296 secs] [Times: user=0.00 sys=0.00, real=0.01 secs] 
68.820: [GC (Allocation Failure) [PSYoungGen: 108096K->96K(105472K)] 110364K->2364K(280576K), 0.0004959 secs] [Times: user=0.00 sys=0.00, real=0.00 secs] 
68.887: [GC (Allocation Failure) [PSYoungGen: 105056K->64K(102400K)] 107324K->2332K(277504K), 0.0005095 secs] [Times: user=0.00 sys=0.00, real=0.00 secs] 
68.952: [GC (Allocation Failure) [PSYoungGen: 101952K->64K(99328K)] 104220K->2332K(274432K), 0.0005354 secs] [Times: user=0.00 sys=0.00, real=0.00 secs] 
69.015: [GC (Allocation Failure) [PSYoungGen: 98880K->64K(96768K)] 101148K->2332K(271872K), 0.0006788 secs] [Times: user=0.00 sys=0.00, real=0.00 secs] 
69.078: [GC (Allocation Failure) [PSYoungGen: 96320K->64K(94208K)] 98588K->2332K(269312K), 0.0005416 secs] [Times: user=0.00 sys=0.00, real=0.00 secs] 
69.138: [GC (Allocation Failure) [PSYoungGen: 93760K->32K(91648K)] 96028K->2300K(266752K), 0.0004929 secs] [Times: user=0.00 sys=0.00, real=0.00 secs] 
69.197: [GC (Allocation Failure) [PSYoungGen: 91168K->64K(89088K)] 93436K->2332K(264192K), 0.0004983 secs] [Times: user=0.01 sys=0.00, real=0.00 secs] 
69.253: [GC (Allocation Failure) [PSYoungGen: 88640K->64K(87040K)] 90908K->2332K(262144K), 0.0005119 secs] [Times: user=0.00 sys=0.00, real=0.00 secs] 
69.309: [GC (Allocation Failure) [PSYoungGen: 86592K->64K(84992K)] 88860K->2332K(260096K), 0.0005039 secs] [Times: user=0.00 sys=0.00, real=0.00 secs] 
69.362: [GC (Allocation Failure) [PSYoungGen: 84544K->32K(82944K)] 86812K->2300K(258048K), 0.0005004 secs] [Times: user=0.00 sys=0.00, real=0.00 secs] 
69.415: [GC (Allocation Failure) [PSYoungGen: 82464K->96K(80896K)] 84732K->2364K(256000K), 0.0004847 secs] [Times: user=0.01 sys=0.00, real=0.00 secs] 
69.466: [GC (Allocation Failure) [PSYoungGen: 80480K->64K(78848K)] 82748K->2332K(253952K), 0.0004925 secs] [Times: user=0.00 sys=0.00, real=0.00 secs] 
69.516: [GC (Allocation Failure) [PSYoungGen: 78400K->64K(76800K)] 80668K->2332K(251904K), 0.0005069 secs] [Times: user=0.00 sys=0.00, real=0.00 secs] 
69.567: [GC (Allocation Failure) [PSYoungGen: 76352K->0K(74752K)] 78620K->2268K(249856K), 0.0005687 secs] [Times: user=0.00 sys=0.00, real=0.00 secs] 
69.615: [GC (Allocation Failure) [PSYoungGen: 74240K->96K(73216K)] 76508K->2364K(248320K), 0.0006877 secs] [Times: user=0.00 sys=0.00, real=0.00 secs] 
69.662: [GC (Allocation Failure) [PSYoungGen: 72800K->96K(71680K)] 75068K->2364K(246784K), 0.0004867 secs] [Times: user=0.01 sys=0.00, real=0.00 secs] 
69.708: [GC (Allocation Failure) [PSYoungGen: 71264K->96K(70144K)] 73532K->2364K(245248K), 0.0004691 secs] [Times: user=0.00 sys=0.00, real=0.00 secs] 
69.753: [GC (Allocation Failure) [PSYoungGen: 69728K->64K(68608K)] 71996K->2332K(243712K), 0.0004838 secs] [Times: user=0.00 sys=0.00, real=0.00 secs] 
69.797: [GC (Allocation Failure) [PSYoungGen: 68160K->64K(67072K)] 70428K->2332K(242176K), 0.0004998 secs] [Times: user=0.00 sys=0.00, real=0.00 secs] 
69.840: [GC (Allocation Failure) [PSYoungGen: 66624K->64K(80384K)] 68892K->2332K(255488K), 0.0005072 secs] [Times: user=0.00 sys=0.00, real=0.00 secs] 
69.892: [GC (Allocation Failure) [PSYoungGen: 79936K->96K(78336K)] 82204K->2364K(253440K), 0.0005140 secs] [Times: user=0.00 sys=0.00, real=0.00 secs] 
69.942: [GC (Allocation Failure) [PSYoungGen: 77920K->64K(76288K)] 80188K->2332K(251392K), 0.0005008 secs] [Times: user=0.00 sys=0.00, real=0.00 secs] 
69.991: [GC (Allocation Failure) [PSYoungGen: 75840K->64K(74752K)] 78108K->2332K(249856K), 0.0004931 secs] [Times: user=0.00 sys=0.00, real=0.00 secs] 
70.043: [GC (Allocation Failure) [PSYoungGen: 74304K->64K(73216K)] 76572K->2332K(248320K), 0.0005597 secs] [Times: user=0.00 sys=0.00, real=0.00 secs] 
70.094: [GC (Allocation Failure) [PSYoungGen: 72768K->64K(71680K)] 75036K->2332K(246784K), 0.0005041 secs] [Times: user=0.00 sys=0.00, real=0.00 secs] 
70.147: [GC (Allocation Failure) [PSYoungGen: 71232K->32K(86016K)] 73500K->2300K(261120K), 0.0012654 secs] [Times: user=0.00 sys=0.00, real=0.00 secs] 
70.208: [GC (Allocation Failure) [PSYoungGen: 85536K->64K(103424K)] 87804K->2332K(278528K), 0.0006703 secs] [Times: user=0.00 sys=0.00, real=0.00 secs] 
70.276: [GC (Allocation Failure) [PSYoungGen: 102976K->96K(124416K)] 105244K->2364K(299520K), 0.0004979 secs] [Times: user=0.01 sys=0.00, real=0.00 secs] 
70.360: [GC (Allocation Failure) [PSYoungGen: 124000K->96K(120832K)] 126268K->2364K(295936K), 0.0005124 secs] [Times: user=0.00 sys=0.00, real=0.00 secs] 
70.440: [GC (Allocation Failure) [PSYoungGen: 120416K->96K(117248K)] 122684K->2388K(292352K), 0.0005276 secs] [Times: user=0.00 sys=0.00, real=0.00 secs] 
70.517: [GC (Allocation Failure) [PSYoungGen: 116832K->96K(113664K)] 119124K->2388K(288768K), 0.0004994 secs] [Times: user=0.01 sys=0.00, real=0.00 secs] 
70.592: [GC (Allocation Failure) [PSYoungGen: 113248K->64K(110592K)] 115540K->2356K(285696K), 0.0005066 secs] [Times: user=0.00 sys=0.00, real=0.00 secs] 
70.665: [GC (Allocation Failure) [PSYoungGen: 110144K->96K(107520K)] 112436K->2388K(282624K), 0.0005003 secs] [Times: user=0.00 sys=0.00, real=0.00 secs] 
70.743: [GC (Allocation Failure) [PSYoungGen: 107104K->64K(104448K)] 109396K->2356K(279552K), 0.0005316 secs] [Times: user=0.00 sys=0.00, real=0.00 secs] 
70.817: [GC (Allocation Failure) [PSYoungGen: 104000K->64K(101376K)] 106292K->2356K(276480K), 0.0006412 secs] [Times: user=0.00 sys=0.00, real=0.00 secs] 
70.888: [GC (Allocation Failure) [PSYoungGen: 100928K->96K(98816K)] 103220K->2388K(273920K), 0.0006913 secs] [Times: user=0.00 sys=0.00, real=0.00 secs] 
70.955: [GC (Allocation Failure) [PSYoungGen: 98400K->64K(96256K)] 100692K->2356K(271360K), 0.0005819 secs] [Times: user=0.00 sys=0.00, real=0.00 secs] 
71.018: [GC (Allocation Failure) [PSYoungGen: 95808K->64K(93696K)] 98100K->2356K(268800K), 0.0010257 secs] [Times: user=0.00 sys=0.00, real=0.00 secs] 
71.080: [GC (Allocation Failure) [PSYoungGen: 93248K->32K(91136K)] 95540K->2324K(266240K), 0.0005370 secs] [Times: user=0.00 sys=0.00, real=0.01 secs] 
71.142: [GC (Allocation Failure) [PSYoungGen: 90656K->96K(88576K)] 92948K->2388K(263680K), 0.0005418 secs] [Times: user=0.00 sys=0.00, real=0.00 secs] 
71.204: [GC (Allocation Failure) [PSYoungGen: 88160K->96K(86528K)] 90452K->2388K(261632K), 0.0005014 secs] [Times: user=0.00 sys=0.00, real=0.00 secs] 
71.263: [GC (Allocation Failure) [PSYoungGen: 86112K->64K(84480K)] 88404K->2356K(259584K), 0.0005589 secs] [Times: user=0.00 sys=0.00, real=0.00 secs] 
71.320: [GC (Allocation Failure) [PSYoungGen: 84032K->64K(82432K)] 86324K->2356K(257536K), 0.0005034 secs] [Times: user=0.01 sys=0.00, real=0.01 secs] 
71.374: [GC (Allocation Failure) [PSYoungGen: 81984K->0K(80384K)] 84276K->2292K(255488K), 0.0004934 secs] [Times: user=0.00 sys=0.00, real=0.00 secs] 
71.427: [GC (Allocation Failure) [PSYoungGen: 79872K->64K(78336K)] 82164K->2356K(253440K), 0.0005159 secs] [Times: user=0.00 sys=0.00, real=0.00 secs] 
71.478: [GC (Allocation Failure) [PSYoungGen: 77888K->64K(94208K)] 80180K->2356K(269312K), 0.0011054 secs] [Times: user=0.00 sys=0.00, real=0.00 secs] 
71.541: [GC (Allocation Failure) [PSYoungGen: 93760K->96K(113152K)] 96052K->2388K(288256K), 0.0006422 secs] [Times: user=0.01 sys=0.00, real=0.00 secs] 
71.616: [GC (Allocation Failure) [PSYoungGen: 112736K->64K(110080K)] 115028K->2356K(285184K), 0.0005292 secs] [Times: user=0.00 sys=0.00, real=0.00 secs] 
71.686: [GC (Allocation Failure) [PSYoungGen: 109632K->64K(107008K)] 111924K->2356K(282112K), 0.0005048 secs] [Times: user=0.00 sys=0.00, real=0.00 secs] 
71.754: [GC (Allocation Failure) [PSYoungGen: 106560K->96K(103936K)] 108852K->2388K(279040K), 0.0005304 secs] [Times: user=0.00 sys=0.00, real=0.00 secs] 
71.820: [GC (Allocation Failure) [PSYoungGen: 103520K->96K(100864K)] 105812K->2388K(275968K), 0.0005121 secs] [Times: user=0.00 sys=0.00, real=0.01 secs] 
71.884: [GC (Allocation Failure) [PSYoungGen: 100448K->96K(98304K)] 102740K->2388K(273408K), 0.0005399 secs] [Times: user=0.00 sys=0.00, real=0.00 secs] 
71.947: [GC (Allocation Failure) [PSYoungGen: 97888K->64K(95744K)] 100180K->2356K(270848K), 0.0005026 secs] [Times: user=0.00 sys=0.00, real=0.00 secs] 
72.012: [GC (Allocation Failure) [PSYoungGen: 95296K->96K(93184K)] 97588K->2388K(268288K), 0.0010043 secs] [Times: user=0.00 sys=0.00, real=0.00 secs] 
72.076: [GC (Allocation Failure) [PSYoungGen: 92768K->64K(112128K)] 95060K->2356K(287232K), 0.0008316 secs] [Times: user=0.00 sys=0.00, real=0.00 secs] 
72.174: [GC (Allocation Failure) [PSYoungGen: 111680K->96K(134656K)] 113972K->2388K(309760K), 0.0012570 secs] [Times: user=0.01 sys=0.00, real=0.00 secs] 
72.272: [GC (Allocation Failure) [PSYoungGen: 134240K->64K(130560K)] 136532K->2356K(305664K), 0.0008036 secs] [Times: user=0.00 sys=0.00, real=0.00 secs] 
72.364: [GC (Allocation Failure) [PSYoungGen: 130112K->32K(126464K)] 132404K->2324K(301568K), 0.0008877 secs] [Times: user=0.00 sys=0.00, real=0.00 secs] 
72.470: [GC (Allocation Failure) [PSYoungGen: 125984K->32K(122368K)] 128276K->2324K(297472K), 0.0010889 secs] [Times: user=0.00 sys=0.00, real=0.01 secs] 
72.556: [GC (Allocation Failure) [PSYoungGen: 121888K->96K(118784K)] 124180K->2388K(293888K), 0.0004958 secs] [Times: user=0.00 sys=0.00, real=0.00 secs] 
72.638: [GC (Allocation Failure) [PSYoungGen: 118368K->32K(115200K)] 120660K->2324K(290304K), 0.0004995 secs] [Times: user=0.00 sys=0.00, real=0.00 secs] 
72.717: [GC (Allocation Failure) [PSYoungGen: 114720K->96K(111616K)] 117012K->2388K(286720K), 0.0005011 secs] [Times: user=0.00 sys=0.00, real=0.00 secs] 
72.792: [GC (Allocation Failure) [PSYoungGen: 111200K->64K(108544K)] 113492K->2356K(283648K), 0.0005633 secs] [Times: user=0.00 sys=0.00, real=0.00 secs] 
72.881: [GC (Allocation Failure) [PSYoungGen: 108096K->96K(105472K)] 110388K->2388K(280576K), 0.0005280 secs] [Times: user=0.00 sys=0.00, real=0.00 secs] 
72.962: [GC (Allocation Failure) [PSYoungGen: 105056K->64K(102400K)] 107348K->2356K(277504K), 0.0005117 secs] [Times: user=0.00 sys=0.00, real=0.00 secs] 
73.035: [GC (Allocation Failure) [PSYoungGen: 101952K->64K(99328K)] 104244K->2356K(274432K), 0.0005441 secs] [Times: user=0.00 sys=0.00, real=0.00 secs] 
73.102: [GC (Allocation Failure) [PSYoungGen: 98880K->96K(96768K)] 101172K->2388K(271872K), 0.0004994 secs] [Times: user=0.00 sys=0.00, real=0.00 secs] 
73.172: [GC (Allocation Failure) [PSYoungGen: 96352K->32K(94208K)] 98644K->2324K(269312K), 0.0015021 secs] [Times: user=0.00 sys=0.00, real=0.00 secs] 
73.283: [GC (Allocation Failure) [PSYoungGen: 93728K->32K(113152K)] 96020K->2324K(288256K), 0.0019655 secs] [Times: user=0.00 sys=0.00, real=0.00 secs] 
73.385: [GC (Allocation Failure) [PSYoungGen: 112672K->64K(110080K)] 114964K->2356K(285184K), 0.0014408 secs] [Times: user=0.00 sys=0.00, real=0.00 secs] 
73.460: [GC (Allocation Failure) [PSYoungGen: 109632K->64K(107008K)] 111924K->2356K(282112K), 0.0005263 secs] [Times: user=0.00 sys=0.00, real=0.00 secs] 
73.528: [GC (Allocation Failure) [PSYoungGen: 106560K->96K(103936K)] 108852K->2388K(279040K), 0.0005235 secs] [Times: user=0.00 sys=0.00, real=0.00 secs] 
73.603: [GC (Allocation Failure) [PSYoungGen: 103520K->32K(100864K)] 105812K->2324K(275968K), 0.0006094 secs] [Times: user=0.00 sys=0.00, real=0.00 secs] 
73.674: [GC (Allocation Failure) [PSYoungGen: 100384K->96K(98304K)] 102676K->2388K(273408K), 0.0005072 secs] [Times: user=0.00 sys=0.00, real=0.00 secs] 
73.740: [GC (Allocation Failure) [PSYoungGen: 97888K->96K(95744K)] 100180K->2388K(270848K), 0.0005324 secs] [Times: user=0.00 sys=0.00, real=0.00 secs] 
73.806: [GC (Allocation Failure) [PSYoungGen: 95328K->96K(93184K)] 97620K->2388K(268288K), 0.0005419 secs] [Times: user=0.00 sys=0.00, real=0.00 secs] 
73.876: [GC (Allocation Failure) [PSYoungGen: 92768K->64K(90624K)] 95060K->2356K(265728K), 0.0005993 secs] [Times: user=0.00 sys=0.00, real=0.00 secs] 
73.940: [GC (Allocation Failure) [PSYoungGen: 90176K->64K(88064K)] 92468K->2356K(263168K), 0.0005555 secs] [Times: user=0.00 sys=0.00, real=0.01 secs] 
74.001: [GC (Allocation Failure) [PSYoungGen: 87616K->64K(86016K)] 89908K->2356K(261120K), 0.0005154 secs] [Times: user=0.00 sys=0.00, real=0.00 secs] 
74.059: [GC (Allocation Failure) [PSYoungGen: 85568K->64K(83968K)] 87860K->2356K(259072K), 0.0005316 secs] [Times: user=0.00 sys=0.00, real=0.00 secs] 
74.138: [GC (Allocation Failure) [PSYoungGen: 83520K->96K(81920K)] 85812K->2388K(257024K), 0.0005025 secs] [Times: user=0.00 sys=0.00, real=0.00 secs] 
74.192: [GC (Allocation Failure) [PSYoungGen: 81504K->64K(79872K)] 83796K->2356K(254976K), 0.0005168 secs] [Times: user=0.00 sys=0.00, real=0.00 secs] 
74.244: [GC (Allocation Failure) [PSYoungGen: 79424K->64K(77824K)] 81716K->2356K(252928K), 0.0005120 secs] [Times: user=0.00 sys=0.00, real=0.00 secs] 
74.295: [GC (Allocation Failure) [PSYoungGen: 77376K->64K(75776K)] 79668K->2356K(250880K), 0.0005315 secs] [Times: user=0.00 sys=0.00, real=0.00 secs] 
74.346: [GC (Allocation Failure) [PSYoungGen: 75328K->96K(74240K)] 77620K->2388K(249344K), 0.0005049 secs] [Times: user=0.00 sys=0.00, real=0.00 secs] 
74.404: [GC (Allocation Failure) [PSYoungGen: 73824K->96K(72704K)] 76116K->2388K(247808K), 0.0005036 secs] [Times: user=0.00 sys=0.00, real=0.00 secs] 
74.457: [GC (Allocation Failure) [PSYoungGen: 72288K->64K(71168K)] 74580K->2356K(246272K), 0.0006559 secs] [Times: user=0.00 sys=0.00, real=0.00 secs] 
74.505: [GC (Allocation Failure) [PSYoungGen: 70720K->32K(69632K)] 73012K->2324K(244736K), 0.0005474 secs] [Times: user=0.01 sys=0.00, real=0.00 secs] 
74.551: [GC (Allocation Failure) [PSYoungGen: 69152K->96K(68096K)] 71444K->2388K(243200K), 0.0005511 secs] [Times: user=0.00 sys=0.00, real=0.00 secs] 
74.596: [GC (Allocation Failure) [PSYoungGen: 67680K->32K(66560K)] 69972K->2324K(241664K), 0.0005044 secs] [Times: user=0.00 sys=0.00, real=0.00 secs] 
74.639: [GC (Allocation Failure) [PSYoungGen: 66080K->96K(65024K)] 68372K->2388K(240128K), 0.0004982 secs] [Times: user=0.00 sys=0.00, real=0.00 secs] 
74.680: [GC (Allocation Failure) [PSYoungGen: 64608K->96K(78336K)] 66900K->2388K(253440K), 0.0004847 secs] [Times: user=0.00 sys=0.00, real=0.01 secs] 
74.731: [GC (Allocation Failure) [PSYoungGen: 77920K->96K(76288K)] 80212K->2388K(251392K), 0.0005145 secs] [Times: user=0.00 sys=0.00, real=0.00 secs] 
74.780: [GC (Allocation Failure) [PSYoungGen: 75872K->64K(74752K)] 78164K->2356K(249856K), 0.0005225 secs] [Times: user=0.00 sys=0.00, real=0.01 secs] 
74.827: [GC (Allocation Failure) [PSYoungGen: 74304K->64K(73216K)] 76596K->2356K(248320K), 0.0005036 secs] [Times: user=0.00 sys=0.00, real=0.00 secs] 
74.874: [GC (Allocation Failure) [PSYoungGen: 72768K->64K(71680K)] 75060K->2356K(246784K), 0.0005211 secs] [Times: user=0.00 sys=0.00, real=0.00 secs] 
74.920: [GC (Allocation Failure) [PSYoungGen: 71232K->96K(70144K)] 73524K->2388K(245248K), 0.0005033 secs] [Times: user=0.00 sys=0.00, real=0.01 secs] 
74.965: [GC (Allocation Failure) [PSYoungGen: 69728K->64K(68608K)] 72020K->2356K(243712K), 0.0004929 secs] [Times: user=0.00 sys=0.00, real=0.00 secs] 
75.010: [GC (Allocation Failure) [PSYoungGen: 68160K->96K(67072K)] 70452K->2388K(242176K), 0.0005075 secs] [Times: user=0.00 sys=0.00, real=0.01 secs] 
75.053: [GC (Allocation Failure) [PSYoungGen: 66656K->64K(80384K)] 68948K->2356K(255488K), 0.0007638 secs] [Times: user=0.00 sys=0.00, real=0.00 secs] 
75.107: [GC (Allocation Failure) [PSYoungGen: 79936K->96K(96768K)] 82228K->2388K(271872K), 0.0005317 secs] [Times: user=0.00 sys=0.00, real=0.00 secs] 
75.172: [GC (Allocation Failure) [PSYoungGen: 96352K->96K(94208K)] 98644K->2388K(269312K), 0.0005058 secs] [Times: user=0.00 sys=0.00, real=0.00 secs] 
75.234: [GC (Allocation Failure) [PSYoungGen: 93792K->64K(91648K)] 96084K->2356K(266752K), 0.0005187 secs] [Times: user=0.00 sys=0.00, real=0.00 secs] 
75.294: [GC (Allocation Failure) [PSYoungGen: 91200K->64K(89088K)] 93492K->2356K(264192K), 0.0005086 secs] [Times: user=0.00 sys=0.00, real=0.00 secs] 
75.351: [GC (Allocation Failure) [PSYoungGen: 88640K->96K(87040K)] 90932K->2388K(262144K), 0.0005163 secs] [Times: user=0.00 sys=0.00, real=0.00 secs] 
75.407: [GC (Allocation Failure) [PSYoungGen: 86624K->64K(84992K)] 88916K->2356K(260096K), 0.0005157 secs] [Times: user=0.00 sys=0.00, real=0.00 secs] 
75.461: [GC (Allocation Failure) [PSYoungGen: 84544K->64K(82944K)] 86836K->2356K(258048K), 0.0005047 secs] [Times: user=0.00 sys=0.00, real=0.00 secs] 
75.513: [GC (Allocation Failure) [PSYoungGen: 82496K->96K(80896K)] 84788K->2388K(256000K), 0.0004987 secs] [Times: user=0.00 sys=0.00, real=0.00 secs] 
75.565: [GC (Allocation Failure) [PSYoungGen: 80480K->64K(78848K)] 82772K->2356K(253952K), 0.0005658 secs] [Times: user=0.00 sys=0.00, real=0.00 secs] 
75.618: [GC (Allocation Failure) [PSYoungGen: 78400K->32K(76800K)] 80692K->2324K(251904K), 0.0005107 secs] [Times: user=0.00 sys=0.00, real=0.00 secs] 
75.667: [GC (Allocation Failure) [PSYoungGen: 76320K->96K(74752K)] 78612K->2388K(249856K), 0.0004895 secs] [Times: user=0.00 sys=0.00, real=0.00 secs] 
75.715: [GC (Allocation Failure) [PSYoungGen: 74336K->96K(73216K)] 76628K->2388K(248320K), 0.0005136 secs] [Times: user=0.00 sys=0.00, real=0.00 secs] 
75.762: [GC (Allocation Failure) [PSYoungGen: 72800K->64K(71680K)] 75092K->2356K(246784K), 0.0004898 secs] [Times: user=0.01 sys=0.00, real=0.00 secs] 
75.808: [GC (Allocation Failure) [PSYoungGen: 71232K->96K(86016K)] 73524K->2388K(261120K), 0.0006431 secs] [Times: user=0.00 sys=0.00, real=0.00 secs] 
75.863: [GC (Allocation Failure) [PSYoungGen: 85600K->96K(83968K)] 87892K->2388K(259072K), 0.0005214 secs] [Times: user=0.00 sys=0.00, real=0.00 secs] 
75.917: [GC (Allocation Failure) [PSYoungGen: 83552K->32K(81920K)] 85844K->2324K(257024K), 0.0005171 secs] [Times: user=0.00 sys=0.00, real=0.00 secs] 
75.973: [GC (Allocation Failure) [PSYoungGen: 81440K->96K(79872K)] 83732K->2388K(254976K), 0.0004909 secs] [Times: user=0.01 sys=0.00, real=0.00 secs] 
76.024: [GC (Allocation Failure) [PSYoungGen: 79456K->64K(77824K)] 81748K->2356K(252928K), 0.0005257 secs] [Times: user=0.00 sys=0.00, real=0.00 secs] 
76.078: [GC (Allocation Failure) [PSYoungGen: 77376K->64K(75776K)] 79668K->2356K(250880K), 0.0005132 secs] [Times: user=0.00 sys=0.00, real=0.00 secs] 
76.126: [GC (Allocation Failure) [PSYoungGen: 75328K->64K(74240K)] 77620K->2356K(249344K), 0.0005084 secs] [Times: user=0.00 sys=0.00, real=0.00 secs] 
76.174: [GC (Allocation Failure) [PSYoungGen: 73792K->64K(72704K)] 76084K->2356K(247808K), 0.0005043 secs] [Times: user=0.00 sys=0.00, real=0.00 secs] 
76.221: [GC (Allocation Failure) [PSYoungGen: 72256K->96K(71168K)] 74548K->2388K(246272K), 0.0004852 secs] [Times: user=0.00 sys=0.00, real=0.00 secs] 
76.267: [GC (Allocation Failure) [PSYoungGen: 70752K->64K(69632K)] 73044K->2356K(244736K), 0.0005067 secs] [Times: user=0.00 sys=0.00, real=0.00 secs] 
76.312: [GC (Allocation Failure) [PSYoungGen: 69184K->64K(68096K)] 71476K->2356K(243200K), 0.0005226 secs] [Times: user=0.00 sys=0.00, real=0.00 secs] 
76.356: [GC (Allocation Failure) [PSYoungGen: 67648K->96K(66560K)] 69940K->2388K(241664K), 0.0004866 secs] [Times: user=0.00 sys=0.00, real=0.00 secs] 
76.398: [GC (Allocation Failure) [PSYoungGen: 66144K->96K(65024K)] 68436K->2388K(240128K), 0.0005042 secs] [Times: user=0.00 sys=0.00, real=0.00 secs] 
76.440: [GC (Allocation Failure) [PSYoungGen: 64608K->96K(78336K)] 66900K->2388K(253440K), 0.0004804 secs] [Times: user=0.01 sys=0.00, real=0.00 secs] 
76.490: [GC (Allocation Failure) [PSYoungGen: 77920K->96K(76288K)] 80212K->2388K(251392K), 0.0005042 secs] [Times: user=0.00 sys=0.00, real=0.00 secs] 
76.539: [GC (Allocation Failure) [PSYoungGen: 75872K->96K(74752K)] 78164K->2388K(249856K), 0.0005100 secs] [Times: user=0.01 sys=0.00, real=0.00 secs] 
76.589: [GC (Allocation Failure) [PSYoungGen: 74336K->96K(73216K)] 76628K->2388K(248320K), 0.0005125 secs] [Times: user=0.01 sys=0.00, real=0.00 secs] 
76.636: [GC (Allocation Failure) [PSYoungGen: 72800K->96K(71680K)] 75092K->2388K(246784K), 0.0005086 secs] [Times: user=0.00 sys=0.00, real=0.00 secs] 
76.681: [GC (Allocation Failure) [PSYoungGen: 71264K->96K(70144K)] 73556K->2388K(245248K), 0.0005006 secs] [Times: user=0.00 sys=0.00, real=0.00 secs] 
76.726: [GC (Allocation Failure) [PSYoungGen: 69728K->64K(68608K)] 72020K->2356K(243712K), 0.0005030 secs] [Times: user=0.00 sys=0.00, real=0.00 secs] 
76.770: [GC (Allocation Failure) [PSYoungGen: 68160K->64K(82432K)] 70452K->2356K(257536K), 0.0005150 secs] [Times: user=0.00 sys=0.00, real=0.00 secs] 
76.822: [GC (Allocation Failure) [PSYoungGen: 81984K->96K(80384K)] 84276K->2388K(255488K), 0.0005146 secs] [Times: user=0.00 sys=0.00, real=0.00 secs] 
76.873: [GC (Allocation Failure) [PSYoungGen: 79968K->96K(78336K)] 82260K->2388K(253440K), 0.0005518 secs] [Times: user=0.00 sys=0.00, real=0.00 secs] 
76.924: [GC (Allocation Failure) [PSYoungGen: 77920K->64K(76288K)] 80212K->2356K(251392K), 0.0005205 secs] [Times: user=0.00 sys=0.00, real=0.00 secs] 
76.973: [GC (Allocation Failure) [PSYoungGen: 75840K->64K(74752K)] 78132K->2356K(249856K), 0.0005213 secs] [Times: user=0.00 sys=0.00, real=0.00 secs] 
77.021: [GC (Allocation Failure) [PSYoungGen: 74304K->64K(89600K)] 76596K->2356K(264704K), 0.0009739 secs] [Times: user=0.00 sys=0.00, real=0.00 secs] 
77.079: [GC (Allocation Failure) [PSYoungGen: 89152K->96K(107520K)] 91444K->2388K(282624K), 0.0005067 secs] [Times: user=0.00 sys=0.00, real=0.00 secs] 
77.147: [GC (Allocation Failure) [PSYoungGen: 107104K->96K(104448K)] 109396K->2388K(279552K), 0.0005052 secs] [Times: user=0.00 sys=0.00, real=0.00 secs] 
77.214: [GC (Allocation Failure) [PSYoungGen: 104032K->64K(101376K)] 106324K->2356K(276480K), 0.0005467 secs] [Times: user=0.01 sys=0.00, real=0.00 secs] 
77.278: [GC (Allocation Failure) [PSYoungGen: 100928K->64K(98816K)] 103220K->2356K(273920K), 0.0005135 secs] [Times: user=0.00 sys=0.00, real=0.00 secs] 
77.342: [GC (Allocation Failure) [PSYoungGen: 98368K->64K(96256K)] 100660K->2356K(271360K), 0.0005111 secs] [Times: user=0.00 sys=0.00, real=0.00 secs] 
77.403: [GC (Allocation Failure) [PSYoungGen: 95808K->64K(93696K)] 98100K->2356K(268800K), 0.0004847 secs] [Times: user=0.01 sys=0.00, real=0.00 secs] 
77.462: [GC (Allocation Failure) [PSYoungGen: 93248K->96K(91136K)] 95540K->2388K(266240K), 0.0004823 secs] [Times: user=0.01 sys=0.01, real=0.00 secs] 
77.520: [GC (Allocation Failure) [PSYoungGen: 90720K->64K(88576K)] 93012K->2356K(263680K), 0.0005204 secs] [Times: user=0.00 sys=0.00, real=0.01 secs] 
77.578: [GC (Allocation Failure) [PSYoungGen: 88128K->96K(86528K)] 90420K->2388K(261632K), 0.0005378 secs] [Times: user=0.00 sys=0.00, real=0.00 secs] 
77.633: [GC (Allocation Failure) [PSYoungGen: 86112K->96K(84480K)] 88404K->2388K(259584K), 0.0005156 secs] [Times: user=0.00 sys=0.00, real=0.00 secs] 
77.688: [GC (Allocation Failure) [PSYoungGen: 84064K->32K(82432K)] 86356K->2324K(257536K), 0.0005159 secs] [Times: user=0.00 sys=0.00, real=0.00 secs] 
77.743: [GC (Allocation Failure) [PSYoungGen: 81952K->96K(80384K)] 84244K->2388K(255488K), 0.0005086 secs] [Times: user=0.00 sys=0.00, real=0.00 secs] 
77.799: [GC (Allocation Failure) [PSYoungGen: 79968K->64K(78336K)] 82260K->2356K(253440K), 0.0005089 secs] [Times: user=0.00 sys=0.00, real=0.00 secs] 
77.851: [GC (Allocation Failure) [PSYoungGen: 77888K->32K(76288K)] 80180K->2324K(251392K), 0.0007828 secs] [Times: user=0.00 sys=0.00, real=0.00 secs] 
77.901: [GC (Allocation Failure) [PSYoungGen: 75808K->96K(74752K)] 78100K->2388K(249856K), 0.0005793 secs] [Times: user=0.00 sys=0.00, real=0.00 secs] 
77.949: [GC (Allocation Failure) [PSYoungGen: 74336K->64K(73216K)] 76628K->2356K(248320K), 0.0005111 secs] [Times: user=0.00 sys=0.00, real=0.00 secs] 
77.995: [GC (Allocation Failure) [PSYoungGen: 72768K->64K(71680K)] 75060K->2356K(246784K), 0.0005167 secs] [Times: user=0.00 sys=0.00, real=0.00 secs] 
78.043: [GC (Allocation Failure) [PSYoungGen: 71232K->64K(70144K)] 73524K->2356K(245248K), 0.0005399 secs] [Times: user=0.01 sys=0.00, real=0.00 secs] 
78.090: [GC (Allocation Failure) [PSYoungGen: 69696K->64K(68608K)] 71988K->2356K(243712K), 0.0005528 secs] [Times: user=0.00 sys=0.00, real=0.01 secs] 
78.136: [GC (Allocation Failure) [PSYoungGen: 68160K->64K(82432K)] 70452K->2356K(257536K), 0.0005722 secs] [Times: user=0.00 sys=0.00, real=0.00 secs] 
78.192: [GC (Allocation Failure) [PSYoungGen: 81984K->96K(80384K)] 84276K->2388K(255488K), 0.0005221 secs] [Times: user=0.00 sys=0.00, real=0.00 secs] 
78.246: [GC (Allocation Failure) [PSYoungGen: 79968K->96K(78336K)] 82260K->2388K(253440K), 0.0005092 secs] [Times: user=0.00 sys=0.00, real=0.00 secs] 
78.299: [GC (Allocation Failure) [PSYoungGen: 77920K->96K(76288K)] 80212K->2388K(251392K), 0.0005128 secs] [Times: user=0.00 sys=0.00, real=0.00 secs] 
78.348: [GC (Allocation Failure) [PSYoungGen: 75872K->64K(74752K)] 78164K->2356K(249856K), 0.0005130 secs] [Times: user=0.00 sys=0.00, real=0.00 secs] 
78.396: [GC (Allocation Failure) [PSYoungGen: 74304K->64K(73216K)] 76596K->2356K(248320K), 0.0005061 secs] [Times: user=0.00 sys=0.00, real=0.00 secs] 
78.443: [GC (Allocation Failure) [PSYoungGen: 72768K->32K(71680K)] 75060K->2324K(246784K), 0.0004949 secs] [Times: user=0.00 sys=0.00, real=0.00 secs] 
78.489: [GC (Allocation Failure) [PSYoungGen: 71200K->64K(70144K)] 73492K->2356K(245248K), 0.0004970 secs] [Times: user=0.00 sys=0.00, real=0.00 secs] 
78.535: [GC (Allocation Failure) [PSYoungGen: 69696K->96K(68608K)] 71988K->2388K(243712K), 0.0005031 secs] [Times: user=0.01 sys=0.00, real=0.00 secs] 
78.580: [GC (Allocation Failure) [PSYoungGen: 68192K->96K(67072K)] 70484K->2388K(242176K), 0.0005008 secs] [Times: user=0.00 sys=0.00, real=0.00 secs] 
78.624: [GC (Allocation Failure) [PSYoungGen: 66656K->96K(65536K)] 68948K->2388K(240640K), 0.0005077 secs] [Times: user=0.01 sys=0.00, real=0.00 secs] 
78.666: [GC (Allocation Failure) [PSYoungGen: 65120K->64K(78848K)] 67412K->2356K(253952K), 0.0005166 secs] [Times: user=0.00 sys=0.00, real=0.00 secs] 
78.729: [GC (Allocation Failure) [PSYoungGen: 78400K->32K(94720K)] 80692K->2324K(269824K), 0.0017658 secs] [Times: user=0.00 sys=0.00, real=0.01 secs] 
78.818: [GC (Allocation Failure) [PSYoungGen: 94240K->64K(113664K)] 96532K->2356K(288768K), 0.0024193 secs] [Times: user=0.00 sys=0.00, real=0.01 secs] 
78.911: [GC (Allocation Failure) [PSYoungGen: 113216K->64K(136704K)] 115508K->2356K(311808K), 0.0014573 secs] [Times: user=0.00 sys=0.00, real=0.00 secs] 
79.037: [GC (Allocation Failure) [PSYoungGen: 136256K->64K(164352K)] 138548K->2356K(339456K), 0.0005118 secs] [Times: user=0.00 sys=0.00, real=0.00 secs] 
79.142: [GC (Allocation Failure) [PSYoungGen: 163904K->64K(197120K)] 166196K->2356K(372224K), 0.0005108 secs] [Times: user=0.00 sys=0.00, real=0.00 secs] 
79.268: [GC (Allocation Failure) [PSYoungGen: 196672K->96K(189952K)] 198964K->2388K(365056K), 0.0005443 secs] [Times: user=0.00 sys=0.00, real=0.00 secs] 
79.389: [GC (Allocation Failure) [PSYoungGen: 189536K->64K(183296K)] 191828K->2356K(358400K), 0.0007293 secs] [Times: user=0.01 sys=0.00, real=0.00 secs] 
79.512: [GC (Allocation Failure) [PSYoungGen: 182848K->64K(176640K)] 185140K->2356K(351744K), 0.0006837 secs] [Times: user=0.00 sys=0.00, real=0.00 secs] 
79.630: [GC (Allocation Failure) [PSYoungGen: 176192K->64K(170496K)] 178484K->2364K(345600K), 0.0005266 secs] [Times: user=0.00 sys=0.00, real=0.01 secs] 
79.738: [GC (Allocation Failure) [PSYoungGen: 170048K->32K(164864K)] 172348K->2332K(339968K), 0.0005260 secs] [Times: user=0.00 sys=0.01, real=0.00 secs] 
79.842: [GC (Allocation Failure) [PSYoungGen: 164384K->64K(159232K)] 166684K->2364K(334336K), 0.0005164 secs] [Times: user=0.00 sys=0.00, real=0.00 secs] 
79.945: [GC (Allocation Failure) [PSYoungGen: 158784K->96K(154112K)] 161084K->2396K(329216K), 0.0005063 secs] [Times: user=0.00 sys=0.00, real=0.00 secs] 
80.049: [GC (Allocation Failure) [PSYoungGen: 153696K->64K(148992K)] 155996K->2364K(324096K), 0.0010208 secs] [Times: user=0.00 sys=0.00, real=0.00 secs] 
80.147: [GC (Allocation Failure) [PSYoungGen: 148544K->96K(143872K)] 150844K->2396K(318976K), 0.0005051 secs] [Times: user=0.00 sys=0.00, real=0.00 secs] 
80.238: [GC (Allocation Failure) [PSYoungGen: 143456K->64K(139264K)] 145756K->2364K(314368K), 0.0005126 secs] [Times: user=0.00 sys=0.00, real=0.00 secs] 
80.327: [GC (Allocation Failure) [PSYoungGen: 138816K->96K(134656K)] 141116K->2396K(309760K), 0.0005193 secs] [Times: user=0.00 sys=0.00, real=0.00 secs] 
80.414: [GC (Allocation Failure) [PSYoungGen: 134240K->96K(130560K)] 136540K->2420K(305664K), 0.0005599 secs] [Times: user=0.00 sys=0.00, real=0.00 secs] 
80.498: [GC (Allocation Failure) [PSYoungGen: 130144K->64K(126464K)] 132468K->2388K(301568K), 0.0005043 secs] [Times: user=0.00 sys=0.00, real=0.00 secs] 
80.595: [GC (Allocation Failure) [PSYoungGen: 126016K->64K(122368K)] 128340K->2388K(297472K), 0.0010812 secs] [Times: user=0.00 sys=0.00, real=0.00 secs] 
80.691: [GC (Allocation Failure) [PSYoungGen: 121920K->64K(118784K)] 124244K->2388K(293888K), 0.0005144 secs] [Times: user=0.00 sys=0.00, real=0.00 secs] 
80.769: [GC (Allocation Failure) [PSYoungGen: 118336K->64K(115200K)] 120660K->2388K(290304K), 0.0010798 secs] [Times: user=0.00 sys=0.00, real=0.01 secs] 
80.846: [GC (Allocation Failure) [PSYoungGen: 114752K->32K(111616K)] 117076K->2356K(286720K), 0.0012330 secs] [Times: user=0.00 sys=0.00, real=0.00 secs] 
80.923: [GC (Allocation Failure) [PSYoungGen: 111136K->96K(108544K)] 113460K->2420K(283648K), 0.0005173 secs] [Times: user=0.00 sys=0.00, real=0.00 secs] 
80.997: [GC (Allocation Failure) [PSYoungGen: 108128K->96K(105472K)] 110452K->2420K(280576K), 0.0005098 secs] [Times: user=0.00 sys=0.00, real=0.00 secs] 
81.065: [GC (Allocation Failure) [PSYoungGen: 105056K->96K(102400K)] 107380K->2420K(277504K), 0.0005297 secs] [Times: user=0.00 sys=0.00, real=0.00 secs] 
81.131: [GC (Allocation Failure) [PSYoungGen: 101984K->64K(99328K)] 104308K->2388K(274432K), 0.0005249 secs] [Times: user=0.00 sys=0.00, real=0.00 secs] 
81.196: [GC (Allocation Failure) [PSYoungGen: 98880K->64K(96768K)] 101204K->2388K(271872K), 0.0005513 secs] [Times: user=0.00 sys=0.00, real=0.00 secs] 
81.268: [GC (Allocation Failure) [PSYoungGen: 96320K->32K(94208K)] 98644K->2356K(269312K), 0.0006195 secs] [Times: user=0.00 sys=0.00, real=0.00 secs] 
81.334: [GC (Allocation Failure) [PSYoungGen: 93728K->64K(91648K)] 96052K->2388K(266752K), 0.0005086 secs] [Times: user=0.00 sys=0.00, real=0.00 secs] 
81.400: [GC (Allocation Failure) [PSYoungGen: 91200K->96K(89088K)] 93524K->2420K(264192K), 0.0005098 secs] [Times: user=0.00 sys=0.00, real=0.00 secs] 
81.462: [GC (Allocation Failure) [PSYoungGen: 88672K->64K(87040K)] 90996K->2388K(262144K), 0.0005147 secs] [Times: user=0.00 sys=0.00, real=0.00 secs] 
81.521: [GC (Allocation Failure) [PSYoungGen: 86592K->64K(84992K)] 88916K->2388K(260096K), 0.0005155 secs] [Times: user=0.01 sys=0.00, real=0.00 secs] 
81.585: [GC (Allocation Failure) [PSYoungGen: 84544K->64K(82944K)] 86868K->2388K(258048K), 0.0010811 secs] [Times: user=0.01 sys=0.00, real=0.00 secs] 
81.643: [GC (Allocation Failure) [PSYoungGen: 82496K->64K(80896K)] 84820K->2388K(256000K), 0.0005259 secs] [Times: user=0.00 sys=0.00, real=0.00 secs] 
81.700: [GC (Allocation Failure) [PSYoungGen: 80448K->64K(97280K)] 82772K->2388K(272384K), 0.0010814 secs] [Times: user=0.00 sys=0.00, real=0.01 secs] 
81.812: [GC (Allocation Failure) [PSYoungGen: 96832K->32K(116736K)] 99156K->2356K(291840K), 0.0010461 secs] [Times: user=0.00 sys=0.00, real=0.00 secs] 
81.935: [GC (Allocation Failure) [PSYoungGen: 116256K->32K(140288K)] 118580K->2356K(315392K), 0.0023389 secs] [Times: user=0.00 sys=0.00, real=0.00 secs] 
82.031: [GC (Allocation Failure) [PSYoungGen: 139808K->96K(168448K)] 142132K->2420K(343552K), 0.0005704 secs] [Times: user=0.00 sys=0.00, real=0.00 secs] 
82.146: [GC (Allocation Failure) [PSYoungGen: 168032K->64K(202240K)] 170356K->2388K(377344K), 0.0024489 secs] [Times: user=0.00 sys=0.00, real=0.00 secs] 
82.309: [GC (Allocation Failure) [PSYoungGen: 201792K->64K(242688K)] 204116K->2388K(417792K), 0.0005327 secs] [Times: user=0.00 sys=0.00, real=0.00 secs] 
82.465: [GC (Allocation Failure) [PSYoungGen: 242240K->96K(233472K)] 244564K->2420K(408576K), 0.0005129 secs] [Times: user=0.00 sys=0.00, real=0.00 secs] 
82.617: [GC (Allocation Failure) [PSYoungGen: 233056K->96K(224768K)] 235380K->2420K(399872K), 0.0005199 secs] [Times: user=0.00 sys=0.00, real=0.00 secs] 
82.815: [GC (Allocation Failure) [PSYoungGen: 224352K->64K(216576K)] 226676K->2388K(391680K), 0.0005129 secs] [Times: user=0.00 sys=0.00, real=0.00 secs] 
82.973: [GC (Allocation Failure) [PSYoungGen: 216128K->96K(208384K)] 218452K->2420K(383488K), 0.0005750 secs] [Times: user=0.00 sys=0.00, real=0.00 secs] 
83.114: [GC (Allocation Failure) [PSYoungGen: 207968K->64K(200704K)] 210292K->2388K(375808K), 0.0005283 secs] [Times: user=0.00 sys=0.01, real=0.00 secs] 
83.261: [GC (Allocation Failure) [PSYoungGen: 200256K->64K(193536K)] 202580K->2388K(368640K), 0.0005865 secs] [Times: user=0.00 sys=0.00, real=0.00 secs] 
83.389: [GC (Allocation Failure) [PSYoungGen: 193088K->96K(186368K)] 195412K->2420K(361472K), 0.0005107 secs] [Times: user=0.01 sys=0.00, real=0.00 secs] 
83.510: [GC (Allocation Failure) [PSYoungGen: 185952K->96K(179712K)] 188276K->2420K(354816K), 0.0005598 secs] [Times: user=0.01 sys=0.00, real=0.01 secs] 
83.641: [GC (Allocation Failure) [PSYoungGen: 179296K->64K(173568K)] 181620K->2388K(348672K), 0.0005152 secs] [Times: user=0.00 sys=0.00, real=0.00 secs] 
83.762: [GC (Allocation Failure) [PSYoungGen: 173120K->64K(167424K)] 175444K->2388K(342528K), 0.0005147 secs] [Times: user=0.00 sys=0.00, real=0.00 secs] 
83.870: [GC (Allocation Failure) [PSYoungGen: 166976K->96K(161792K)] 169300K->2420K(336896K), 0.0005111 secs] [Times: user=0.00 sys=0.00, real=0.00 secs] 
83.974: [GC (Allocation Failure) [PSYoungGen: 161376K->96K(156160K)] 163700K->2420K(331264K), 0.0005264 secs] [Times: user=0.00 sys=0.00, real=0.00 secs] 
84.076: [GC (Allocation Failure) [PSYoungGen: 155744K->64K(151040K)] 158068K->2388K(326144K), 0.0005712 secs] [Times: user=0.00 sys=0.00, real=0.00 secs] 
84.174: [GC (Allocation Failure) [PSYoungGen: 150592K->96K(145920K)] 152916K->2420K(321024K), 0.0005246 secs] [Times: user=0.00 sys=0.00, real=0.00 secs] 
84.270: [GC (Allocation Failure) [PSYoungGen: 145504K->96K(141312K)] 147828K->2420K(316416K), 0.0005080 secs] [Times: user=0.00 sys=0.00, real=0.01 secs] 
84.363: [GC (Allocation Failure) [PSYoungGen: 140896K->64K(136704K)] 143220K->2388K(311808K), 0.0007761 secs] [Times: user=0.01 sys=0.00, real=0.00 secs] 
84.452: [GC (Allocation Failure) [PSYoungGen: 136256K->96K(132608K)] 138580K->2420K(307712K), 0.0005069 secs] [Times: user=0.00 sys=0.00, real=0.00 secs] 
84.538: [GC (Allocation Failure) [PSYoungGen: 132192K->64K(128512K)] 134516K->2388K(303616K), 0.0005452 secs] [Times: user=0.00 sys=0.00, real=0.00 secs] 
84.621: [GC (Allocation Failure) [PSYoungGen: 128064K->96K(124416K)] 130388K->2420K(299520K), 0.0005289 secs] [Times: user=0.00 sys=0.00, real=0.00 secs] 
84.701: [GC (Allocation Failure) [PSYoungGen: 124000K->64K(120832K)] 126324K->2388K(295936K), 0.0005695 secs] [Times: user=0.00 sys=0.00, real=0.00 secs] 
84.780: [GC (Allocation Failure) [PSYoungGen: 120384K->128K(117248K)] 122708K->2452K(292352K), 0.0009794 secs] [Times: user=0.00 sys=0.00, real=0.01 secs] 
84.856: [GC (Allocation Failure) [PSYoungGen: 116864K->96K(113664K)] 119188K->2420K(288768K), 0.0005126 secs] [Times: user=0.00 sys=0.00, real=0.00 secs] 
84.931: [GC (Allocation Failure) [PSYoungGen: 113248K->96K(110592K)] 115572K->2420K(285696K), 0.0005054 secs] [Times: user=0.00 sys=0.00, real=0.00 secs] 
85.003: [GC (Allocation Failure) [PSYoungGen: 110176K->64K(107520K)] 112500K->2388K(282624K), 0.0005101 secs] [Times: user=0.00 sys=0.00, real=0.00 secs] 
85.075: [GC (Allocation Failure) [PSYoungGen: 107072K->96K(104448K)] 109396K->2420K(279552K), 0.0007208 secs] [Times: user=0.00 sys=0.00, real=0.00 secs] 
85.184: [GC (Allocation Failure) [PSYoungGen: 104032K->32K(101376K)] 106356K->2356K(276480K), 0.0016532 secs] [Times: user=0.00 sys=0.00, real=0.00 secs] 
85.312: [GC (Allocation Failure) [PSYoungGen: 100896K->64K(98816K)] 103220K->2388K(273920K), 0.0005025 secs] [Times: user=0.00 sys=0.00, real=0.00 secs] 
85.378: [GC (Allocation Failure) [PSYoungGen: 98368K->64K(96256K)] 100692K->2388K(271360K), 0.0005326 secs] [Times: user=0.00 sys=0.00, real=0.00 secs] 
85.441: [GC (Allocation Failure) [PSYoungGen: 95808K->0K(93696K)] 98132K->2324K(268800K), 0.0005277 secs] [Times: user=0.00 sys=0.00, real=0.00 secs] 
85.506: [GC (Allocation Failure) [PSYoungGen: 93184K->96K(91136K)] 95508K->2420K(266240K), 0.0005090 secs] [Times: user=0.00 sys=0.00, real=0.00 secs] 
85.573: [GC (Allocation Failure) [PSYoungGen: 90720K->96K(88576K)] 93044K->2420K(263680K), 0.0009617 secs] [Times: user=0.00 sys=0.00, real=0.00 secs] 
85.636: [GC (Allocation Failure) [PSYoungGen: 88160K->64K(86528K)] 90484K->2388K(261632K), 0.0006013 secs] [Times: user=0.00 sys=0.00, real=0.00 secs] 
85.696: [GC (Allocation Failure) [PSYoungGen: 86080K->96K(103936K)] 88404K->2420K(279040K), 0.0010267 secs] [Times: user=0.00 sys=0.00, real=0.00 secs] 
85.775: [GC (Allocation Failure) [PSYoungGen: 103520K->96K(100864K)] 105844K->2420K(275968K), 0.0005216 secs] [Times: user=0.01 sys=0.00, real=0.00 secs] 
85.846: [GC (Allocation Failure) [PSYoungGen: 100448K->96K(98304K)] 102772K->2420K(273408K), 0.0005197 secs] [Times: user=0.00 sys=0.00, real=0.00 secs] 
85.919: [GC (Allocation Failure) [PSYoungGen: 97888K->96K(95744K)] 100212K->2420K(270848K), 0.0005076 secs] [Times: user=0.00 sys=0.00, real=0.00 secs] 
85.985: [GC (Allocation Failure) [PSYoungGen: 95328K->64K(93184K)] 97652K->2388K(268288K), 0.0005124 secs] [Times: user=0.00 sys=0.00, real=0.00 secs] 
86.046: [GC (Allocation Failure) [PSYoungGen: 92736K->64K(90624K)] 95060K->2388K(265728K), 0.0010580 secs] [Times: user=0.00 sys=0.00, real=0.00 secs] 
86.118: [GC (Allocation Failure) [PSYoungGen: 90176K->96K(88064K)] 92500K->2420K(263168K), 0.0005054 secs] [Times: user=0.00 sys=0.00, real=0.00 secs] 
86.189: [GC (Allocation Failure) [PSYoungGen: 87648K->32K(105984K)] 89972K->2356K(281088K), 0.0013718 secs] [Times: user=0.00 sys=0.00, real=0.01 secs] 
86.263: [GC (Allocation Failure) [PSYoungGen: 105504K->96K(102912K)] 107828K->2420K(278016K), 0.0005033 secs] [Times: user=0.01 sys=0.00, real=0.00 secs] 
86.334: [GC (Allocation Failure) [PSYoungGen: 102496K->64K(99840K)] 104820K->2388K(274944K), 0.0005059 secs] [Times: user=0.01 sys=0.00, real=0.00 secs] 
86.403: [GC (Allocation Failure) [PSYoungGen: 99392K->96K(97280K)] 101716K->2420K(272384K), 0.0005068 secs] [Times: user=0.00 sys=0.00, real=0.00 secs] 
86.469: [GC (Allocation Failure) [PSYoungGen: 96864K->96K(94720K)] 99188K->2420K(269824K), 0.0005222 secs] [Times: user=0.00 sys=0.00, real=0.00 secs] 
86.534: [GC (Allocation Failure) [PSYoungGen: 94304K->64K(92160K)] 96628K->2388K(267264K), 0.0010123 secs] [Times: user=0.00 sys=0.00, real=0.00 secs] 
86.595: [GC (Allocation Failure) [PSYoungGen: 91712K->96K(89600K)] 94036K->2420K(264704K), 0.0005666 secs] [Times: user=0.00 sys=0.00, real=0.00 secs] 
86.657: [GC (Allocation Failure) [PSYoungGen: 89184K->64K(87040K)] 91508K->2388K(262144K), 0.0005173 secs] [Times: user=0.00 sys=0.00, real=0.00 secs] 
86.714: [GC (Allocation Failure) [PSYoungGen: 86592K->96K(84992K)] 88916K->2420K(260096K), 0.0005202 secs] [Times: user=0.00 sys=0.00, real=0.00 secs] 
86.769: [GC (Allocation Failure) [PSYoungGen: 84576K->96K(82944K)] 86900K->2420K(258048K), 0.0005085 secs] [Times: user=0.00 sys=0.00, real=0.00 secs] 
86.825: [GC (Allocation Failure) [PSYoungGen: 82527K->96K(80896K)] 84852K->2420K(256000K), 0.0005898 secs] [Times: user=0.00 sys=0.00, real=0.00 secs] 
86.910: [GC (Allocation Failure) [PSYoungGen: 80480K->64K(78848K)] 82804K->2388K(253952K), 0.0007073 secs] [Times: user=0.00 sys=0.00, real=0.01 secs] 
86.967: [GC (Allocation Failure) [PSYoungGen: 78400K->64K(76800K)] 80724K->2388K(251904K), 0.0005039 secs] [Times: user=0.01 sys=0.00, real=0.00 secs] 
87.018: [GC (Allocation Failure) [PSYoungGen: 76352K->64K(74752K)] 78676K->2388K(249856K), 0.0005123 secs] [Times: user=0.00 sys=0.01, real=0.00 secs] 
87.070: [GC (Allocation Failure) [PSYoungGen: 74304K->96K(89600K)] 76628K->2420K(264704K), 0.0010278 secs] [Times: user=0.00 sys=0.00, real=0.00 secs] 
87.133: [GC (Allocation Failure) [PSYoungGen: 89184K->0K(107520K)] 91508K->2324K(282624K), 0.0005785 secs] [Times: user=0.00 sys=0.00, real=0.00 secs] 
87.206: [GC (Allocation Failure) [PSYoungGen: 107008K->0K(129024K)] 109332K->2324K(304128K), 0.0011964 secs] [Times: user=0.00 sys=0.00, real=0.00 secs] 
87.293: [GC (Allocation Failure) [PSYoungGen: 128512K->96K(124928K)] 130836K->2420K(300032K), 0.0005100 secs] [Times: user=0.00 sys=0.00, real=0.00 secs] 
87.377: [GC (Allocation Failure) [PSYoungGen: 124512K->64K(121344K)] 126836K->2388K(296448K), 0.0005149 secs] [Times: user=0.00 sys=0.00, real=0.00 secs] 
87.454: [GC (Allocation Failure) [PSYoungGen: 120896K->96K(117760K)] 123220K->2420K(292864K), 0.0005082 secs] [Times: user=0.00 sys=0.00, real=0.00 secs] 
87.529: [GC (Allocation Failure) [PSYoungGen: 117344K->64K(114176K)] 119668K->2388K(289280K), 0.0005040 secs] [Times: user=0.00 sys=0.00, real=0.00 secs] 
87.604: [GC (Allocation Failure) [PSYoungGen: 113728K->96K(110592K)] 116052K->2420K(285696K), 0.0005060 secs] [Times: user=0.00 sys=0.00, real=0.00 secs] 
87.674: [GC (Allocation Failure) [PSYoungGen: 110176K->96K(107520K)] 112500K->2420K(282624K), 0.0005068 secs] [Times: user=0.00 sys=0.00, real=0.00 secs] 
87.745: [GC (Allocation Failure) [PSYoungGen: 107104K->64K(104448K)] 109428K->2388K(279552K), 0.0005451 secs] [Times: user=0.00 sys=0.00, real=0.00 secs] 
87.820: [GC (Allocation Failure) [PSYoungGen: 104000K->96K(101376K)] 106324K->2420K(276480K), 0.0005176 secs] [Times: user=0.00 sys=0.00, real=0.00 secs] 
87.897: [GC (Allocation Failure) [PSYoungGen: 100960K->96K(98816K)] 103284K->2420K(273920K), 0.0005101 secs] [Times: user=0.00 sys=0.00, real=0.00 secs] 
87.968: [GC (Allocation Failure) [PSYoungGen: 98400K->96K(96256K)] 100724K->2420K(271360K), 0.0005344 secs] [Times: user=0.00 sys=0.00, real=0.00 secs] 
88.037: [GC (Allocation Failure) [PSYoungGen: 95840K->64K(93696K)] 98164K->2388K(268800K), 0.0005191 secs] [Times: user=0.00 sys=0.00, real=0.00 secs] 
88.103: [GC (Allocation Failure) [PSYoungGen: 93248K->96K(91136K)] 95572K->2420K(266240K), 0.0005043 secs] [Times: user=0.01 sys=0.00, real=0.00 secs] 
88.168: [GC (Allocation Failure) [PSYoungGen: 90720K->64K(88576K)] 93044K->2388K(263680K), 0.0005293 secs] [Times: user=0.00 sys=0.00, real=0.00 secs] 
88.229: [GC (Allocation Failure) [PSYoungGen: 88128K->96K(86528K)] 90452K->2420K(261632K), 0.0005475 secs] [Times: user=0.00 sys=0.00, real=0.00 secs] 
88.288: [GC (Allocation Failure) [PSYoungGen: 86112K->64K(84480K)] 88436K->2388K(259584K), 0.0005441 secs] [Times: user=0.00 sys=0.00, real=0.00 secs] 
88.345: [GC (Allocation Failure) [PSYoungGen: 84032K->64K(82432K)] 86356K->2388K(257536K), 0.0005152 secs] [Times: user=0.00 sys=0.00, real=0.00 secs] 
88.399: [GC (Allocation Failure) [PSYoungGen: 81984K->32K(80384K)] 84308K->2356K(255488K), 0.0005359 secs] [Times: user=0.00 sys=0.00, real=0.00 secs] 
88.453: [GC (Allocation Failure) [PSYoungGen: 79904K->64K(78336K)] 82228K->2388K(253440K), 0.0005170 secs] [Times: user=0.00 sys=0.00, real=0.00 secs] 
88.504: [GC (Allocation Failure) [PSYoungGen: 77888K->96K(76288K)] 80212K->2420K(251392K), 0.0005080 secs] [Times: user=0.00 sys=0.00, real=0.00 secs] 
88.554: [GC (Allocation Failure) [PSYoungGen: 75872K->64K(74752K)] 78196K->2388K(249856K), 0.0005179 secs] [Times: user=0.00 sys=0.00, real=0.00 secs] 
88.604: [GC (Allocation Failure) [PSYoungGen: 74304K->96K(73216K)] 76628K->2420K(248320K), 0.0005058 secs] [Times: user=0.00 sys=0.00, real=0.00 secs] 
88.652: [GC (Allocation Failure) [PSYoungGen: 72800K->64K(71680K)] 75124K->2388K(246784K), 0.0005138 secs] [Times: user=0.00 sys=0.00, real=0.00 secs] 
88.703: [GC (Allocation Failure) [PSYoungGen: 71232K->32K(86016K)] 73556K->2356K(261120K), 0.0013066 secs] [Times: user=0.00 sys=0.00, real=0.00 secs] 
88.769: [GC (Allocation Failure) [PSYoungGen: 85536K->96K(103424K)] 87860K->2420K(278528K), 0.0011473 secs] [Times: user=0.00 sys=0.00, real=0.01 secs] 
88.846: [GC (Allocation Failure) [PSYoungGen: 103008K->96K(124416K)] 105332K->2420K(299520K), 0.0005452 secs] [Times: user=0.00 sys=0.00, real=0.00 secs] 
88.934: [GC (Allocation Failure) [PSYoungGen: 124000K->96K(120832K)] 126324K->2420K(295936K), 0.0005117 secs] [Times: user=0.00 sys=0.00, real=0.00 secs] 
89.021: [GC (Allocation Failure) [PSYoungGen: 120416K->96K(117248K)] 122740K->2420K(292352K), 0.0005818 secs] [Times: user=0.00 sys=0.00, real=0.00 secs] 
89.105: [GC (Allocation Failure) [PSYoungGen: 116832K->64K(113664K)] 119156K->2388K(288768K), 0.0005327 secs] [Times: user=0.00 sys=0.00, real=0.00 secs] 
89.186: [GC (Allocation Failure) [PSYoungGen: 113216K->64K(110592K)] 115540K->2388K(285696K), 0.0012437 secs] [Times: user=0.00 sys=0.00, real=0.00 secs] 
89.264: [GC (Allocation Failure) [PSYoungGen: 110144K->64K(107520K)] 112468K->2388K(282624K), 0.0008503 secs] [Times: user=0.00 sys=0.00, real=0.00 secs] 
89.336: [GC (Allocation Failure) [PSYoungGen: 107072K->64K(104448K)] 109396K->2388K(279552K), 0.0005442 secs] [Times: user=0.00 sys=0.00, real=0.00 secs] 
89.409: [GC (Allocation Failure) [PSYoungGen: 104000K->96K(101376K)] 106324K->2420K(276480K), 0.0008217 secs] [Times: user=0.00 sys=0.00, real=0.00 secs] 
89.479: [GC (Allocation Failure) [PSYoungGen: 100960K->64K(98816K)] 103284K->2388K(273920K), 0.0005147 secs] [Times: user=0.00 sys=0.00, real=0.01 secs] 
89.546: [GC (Allocation Failure) [PSYoungGen: 98368K->96K(96256K)] 100692K->2420K(271360K), 0.0005031 secs] [Times: user=0.00 sys=0.00, real=0.00 secs] 
89.610: [GC (Allocation Failure) [PSYoungGen: 95840K->96K(93696K)] 98164K->2420K(268800K), 0.0005085 secs] [Times: user=0.00 sys=0.00, real=0.01 secs] 
89.671: [GC (Allocation Failure) [PSYoungGen: 93280K->96K(91136K)] 95604K->2420K(266240K), 0.0005171 secs] [Times: user=0.00 sys=0.00, real=0.00 secs] 
89.730: [GC (Allocation Failure) [PSYoungGen: 90720K->64K(88576K)] 93044K->2388K(263680K), 0.0005214 secs] [Times: user=0.00 sys=0.00, real=0.01 secs] 
89.786: [GC (Allocation Failure) [PSYoungGen: 88128K->64K(86528K)] 90452K->2388K(261632K), 0.0005130 secs] [Times: user=0.00 sys=0.00, real=0.00 secs] 
89.841: [GC (Allocation Failure) [PSYoungGen: 86080K->96K(84480K)] 88404K->2420K(259584K), 0.0005345 secs] [Times: user=0.00 sys=0.01, real=0.00 secs] 
89.895: [GC (Allocation Failure) [PSYoungGen: 84064K->64K(82432K)] 86388K->2388K(257536K), 0.0005213 secs] [Times: user=0.00 sys=0.00, real=0.00 secs] 
89.948: [GC (Allocation Failure) [PSYoungGen: 81984K->32K(80384K)] 84308K->2356K(255488K), 0.0006474 secs] [Times: user=0.00 sys=0.00, real=0.00 secs] 
90.003: [GC (Allocation Failure) [PSYoungGen: 79904K->64K(78336K)] 82228K->2388K(253440K), 0.0004998 secs] [Times: user=0.00 sys=0.00, real=0.00 secs] 
90.056: [GC (Allocation Failure) [PSYoungGen: 77888K->64K(76288K)] 80212K->2388K(251392K), 0.0005091 secs] [Times: user=0.00 sys=0.00, real=0.00 secs] 
90.108: [GC (Allocation Failure) [PSYoungGen: 75840K->64K(74752K)] 78164K->2388K(249856K), 0.0005451 secs] [Times: user=0.00 sys=0.00, real=0.00 secs] 
90.156: [GC (Allocation Failure) [PSYoungGen: 74304K->96K(73216K)] 76628K->2420K(248320K), 0.0005002 secs] [Times: user=0.00 sys=0.00, real=0.00 secs] 
90.202: [GC (Allocation Failure) [PSYoungGen: 72800K->96K(71680K)] 75124K->2420K(246784K), 0.0005096 secs] [Times: user=0.00 sys=0.00, real=0.00 secs] 
90.248: [GC (Allocation Failure) [PSYoungGen: 71264K->96K(70144K)] 73588K->2420K(245248K), 0.0004982 secs] [Times: user=0.00 sys=0.00, real=0.00 secs] 
90.294: [GC (Allocation Failure) [PSYoungGen: 69728K->64K(68608K)] 72052K->2388K(243712K), 0.0005135 secs] [Times: user=0.00 sys=0.00, real=0.00 secs] 
90.340: [GC (Allocation Failure) [PSYoungGen: 68160K->96K(67072K)] 70484K->2420K(242176K), 0.0005186 secs] [Times: user=0.00 sys=0.00, real=0.00 secs] 
90.384: [GC (Allocation Failure) [PSYoungGen: 66656K->32K(80384K)] 68980K->2372K(255488K), 0.0011469 secs] [Times: user=0.01 sys=0.00, real=0.00 secs] 
90.438: [GC (Allocation Failure) [PSYoungGen: 79904K->64K(96768K)] 82244K->2404K(271872K), 0.0005869 secs] [Times: user=0.00 sys=0.00, real=0.00 secs] 
90.500: [GC (Allocation Failure) [PSYoungGen: 96320K->64K(116224K)] 98660K->2404K(291328K), 0.0005217 secs] [Times: user=0.00 sys=0.00, real=0.00 secs] 
90.576: [GC (Allocation Failure) [PSYoungGen: 115776K->64K(112640K)] 118116K->2404K(287744K), 0.0005355 secs] [Times: user=0.00 sys=0.00, real=0.00 secs] 
90.650: [GC (Allocation Failure) [PSYoungGen: 112192K->64K(109568K)] 114532K->2404K(284672K), 0.0005076 secs] [Times: user=0.00 sys=0.00, real=0.00 secs] 
90.722: [GC (Allocation Failure) [PSYoungGen: 109120K->96K(106496K)] 111460K->2436K(281600K), 0.0005015 secs] [Times: user=0.00 sys=0.00, real=0.00 secs] 
90.791: [GC (Allocation Failure) [PSYoungGen: 106080K->64K(103424K)] 108420K->2404K(278528K), 0.0005275 secs] [Times: user=0.00 sys=0.00, real=0.00 secs] 
90.857: [GC (Allocation Failure) [PSYoungGen: 102976K->96K(100352K)] 105316K->2436K(275456K), 0.0005277 secs] [Times: user=0.00 sys=0.00, real=0.00 secs] 
90.923: [GC (Allocation Failure) [PSYoungGen: 99936K->96K(97792K)] 102276K->2436K(272896K), 0.0005182 secs] [Times: user=0.00 sys=0.00, real=0.00 secs] 
90.987: [GC (Allocation Failure) [PSYoungGen: 97376K->64K(95232K)] 99716K->2404K(270336K), 0.0005434 secs] [Times: user=0.00 sys=0.00, real=0.00 secs] 
91.049: [GC (Allocation Failure) [PSYoungGen: 94784K->64K(92672K)] 97124K->2404K(267776K), 0.0005357 secs] [Times: user=0.00 sys=0.00, real=0.00 secs] 
91.108: [GC (Allocation Failure) [PSYoungGen: 92224K->64K(90112K)] 94564K->2404K(265216K), 0.0005053 secs] [Times: user=0.00 sys=0.00, real=0.00 secs] 
91.166: [GC (Allocation Failure) [PSYoungGen: 89664K->64K(87552K)] 92004K->2404K(262656K), 0.0005196 secs] [Times: user=0.00 sys=0.00, real=0.00 secs] 
91.222: [GC (Allocation Failure) [PSYoungGen: 87104K->96K(85504K)] 89444K->2436K(260608K), 0.0005081 secs] [Times: user=0.00 sys=0.00, real=0.00 secs] 
91.277: [GC (Allocation Failure) [PSYoungGen: 85088K->96K(83456K)] 87428K->2436K(258560K), 0.0005266 secs] [Times: user=0.00 sys=0.00, real=0.00 secs] 
91.332: [GC (Allocation Failure) [PSYoungGen: 83040K->96K(81408K)] 85380K->2436K(256512K), 0.0005227 secs] [Times: user=0.00 sys=0.00, real=0.00 secs] 
91.384: [GC (Allocation Failure) [PSYoungGen: 80992K->96K(79360K)] 83332K->2436K(254464K), 0.0005161 secs] [Times: user=0.00 sys=0.00, real=0.00 secs] 
91.434: [GC (Allocation Failure) [PSYoungGen: 78944K->96K(77312K)] 81284K->2436K(252416K), 0.0004850 secs] [Times: user=0.00 sys=0.00, real=0.00 secs] 
91.484: [GC (Allocation Failure) [PSYoungGen: 76896K->64K(75264K)] 79236K->2404K(250368K), 0.0005149 secs] [Times: user=0.00 sys=0.00, real=0.00 secs] 
91.532: [GC (Allocation Failure) [PSYoungGen: 74816K->96K(73728K)] 77156K->2436K(248832K), 0.0004885 secs] [Times: user=0.00 sys=0.00, real=0.00 secs] 
91.579: [GC (Allocation Failure) [PSYoungGen: 73312K->96K(72192K)] 75652K->2436K(247296K), 0.0005053 secs] [Times: user=0.00 sys=0.00, real=0.01 secs] 
91.627: [GC (Allocation Failure) [PSYoungGen: 71776K->96K(70656K)] 74116K->2436K(245760K), 0.0005246 secs] [Times: user=0.00 sys=0.00, real=0.00 secs] 
91.672: [GC (Allocation Failure) [PSYoungGen: 70240K->64K(84992K)] 72580K->2404K(260096K), 0.0010214 secs] [Times: user=0.00 sys=0.00, real=0.00 secs] 
91.727: [GC (Allocation Failure) [PSYoungGen: 84544K->64K(101888K)] 86884K->2404K(276992K), 0.0005146 secs] [Times: user=0.00 sys=0.00, real=0.00 secs] 
91.793: [GC (Allocation Failure) [PSYoungGen: 101439K->64K(122368K)] 103779K->2404K(297472K), 0.0005290 secs] [Times: user=0.00 sys=0.00, real=0.00 secs] 
91.871: [GC (Allocation Failure) [PSYoungGen: 121920K->96K(118784K)] 124260K->2436K(293888K), 0.0005173 secs] [Times: user=0.00 sys=0.00, real=0.00 secs] 
91.948: [GC (Allocation Failure) [PSYoungGen: 118368K->64K(115200K)] 120708K->2404K(290304K), 0.0005121 secs] [Times: user=0.00 sys=0.00, real=0.00 secs] 
92.023: [GC (Allocation Failure) [PSYoungGen: 114752K->64K(111616K)] 117092K->2404K(286720K), 0.0005215 secs] [Times: user=0.00 sys=0.00, real=0.00 secs] 
92.095: [GC (Allocation Failure) [PSYoungGen: 111168K->64K(108544K)] 113508K->2404K(283648K), 0.0005182 secs] [Times: user=0.00 sys=0.00, real=0.00 secs] 
92.165: [GC (Allocation Failure) [PSYoungGen: 108096K->96K(105472K)] 110436K->2436K(280576K), 0.0005222 secs] [Times: user=0.00 sys=0.00, real=0.00 secs] 
92.232: [GC (Allocation Failure) [PSYoungGen: 105056K->64K(102400K)] 107396K->2404K(277504K), 0.0005052 secs] [Times: user=0.00 sys=0.00, real=0.00 secs] 
92.297: [GC (Allocation Failure) [PSYoungGen: 101952K->64K(99328K)] 104292K->2404K(274432K), 0.0005101 secs] [Times: user=0.00 sys=0.00, real=0.00 secs] 
92.360: [GC (Allocation Failure) [PSYoungGen: 98880K->96K(96768K)] 101220K->2436K(271872K), 0.0005118 secs] [Times: user=0.00 sys=0.00, real=0.00 secs] 
92.422: [GC (Allocation Failure) [PSYoungGen: 96352K->96K(94208K)] 98692K->2436K(269312K), 0.0005173 secs] [Times: user=0.00 sys=0.00, real=0.00 secs] 
92.482: [GC (Allocation Failure) [PSYoungGen: 93792K->64K(91648K)] 96132K->2404K(266752K), 0.0005881 secs] [Times: user=0.00 sys=0.00, real=0.00 secs] 
92.541: [GC (Allocation Failure) [PSYoungGen: 91200K->96K(89088K)] 93540K->2436K(264192K), 0.0005010 secs] [Times: user=0.00 sys=0.00, real=0.00 secs] 
92.598: [GC (Allocation Failure) [PSYoungGen: 88672K->96K(87040K)] 91012K->2436K(262144K), 0.0005050 secs] [Times: user=0.00 sys=0.00, real=0.00 secs] 
92.654: [GC (Allocation Failure) [PSYoungGen: 86624K->96K(84992K)] 88964K->2436K(260096K), 0.0005100 secs] [Times: user=0.00 sys=0.00, real=0.00 secs] 
92.708: [GC (Allocation Failure) [PSYoungGen: 84576K->64K(82944K)] 86916K->2404K(258048K), 0.0005480 secs] [Times: user=0.00 sys=0.00, real=0.00 secs] 
92.761: [GC (Allocation Failure) [PSYoungGen: 82496K->96K(80896K)] 84836K->2436K(256000K), 0.0004961 secs] [Times: user=0.00 sys=0.00, real=0.00 secs] 
92.813: [GC (Allocation Failure) [PSYoungGen: 80480K->64K(78848K)] 82820K->2404K(253952K), 0.0005122 secs] [Times: user=0.00 sys=0.00, real=0.00 secs] 
92.863: [GC (Allocation Failure) [PSYoungGen: 78400K->64K(76800K)] 80740K->2404K(251904K), 0.0005280 secs] [Times: user=0.00 sys=0.00, real=0.00 secs] 
92.912: [GC (Allocation Failure) [PSYoungGen: 76352K->96K(74752K)] 78692K->2436K(249856K), 0.0005001 secs] [Times: user=0.00 sys=0.00, real=0.00 secs] 
92.960: [GC (Allocation Failure) [PSYoungGen: 74336K->96K(73216K)] 76676K->2436K(248320K), 0.0004941 secs] [Times: user=0.00 sys=0.00, real=0.01 secs] 
93.007: [GC (Allocation Failure) [PSYoungGen: 72800K->96K(71680K)] 75140K->2436K(246784K), 0.0005284 secs] [Times: user=0.00 sys=0.00, real=0.00 secs] 
93.054: [GC (Allocation Failure) [PSYoungGen: 71264K->96K(70144K)] 73604K->2436K(245248K), 0.0005025 secs] [Times: user=0.00 sys=0.00, real=0.00 secs] 
93.099: [GC (Allocation Failure) [PSYoungGen: 69728K->32K(68608K)] 72068K->2372K(243712K), 0.0005004 secs] [Times: user=0.01 sys=0.00, real=0.00 secs] 
93.143: [GC (Allocation Failure) [PSYoungGen: 68128K->64K(82432K)] 70468K->2404K(257536K), 0.0010188 secs] [Times: user=0.00 sys=0.00, real=0.00 secs] 
93.197: [GC (Allocation Failure) [PSYoungGen: 81984K->96K(98816K)] 84324K->2436K(273920K), 0.0011767 secs] [Times: user=0.00 sys=0.00, real=0.00 secs] 
93.260: [GC (Allocation Failure) [PSYoungGen: 98400K->64K(118784K)] 100740K->2404K(293888K), 0.0005113 secs] [Times: user=0.00 sys=0.00, real=0.00 secs] 
93.336: [GC (Allocation Failure) [PSYoungGen: 118336K->96K(115200K)] 120676K->2436K(290304K), 0.0004974 secs] [Times: user=0.00 sys=0.00, real=0.00 secs] 
93.409: [GC (Allocation Failure) [PSYoungGen: 114784K->32K(111616K)] 117124K->2372K(286720K), 0.0005380 secs] [Times: user=0.00 sys=0.00, real=0.00 secs] 
93.480: [GC (Allocation Failure) [PSYoungGen: 111136K->64K(108544K)] 113476K->2404K(283648K), 0.0004982 secs] [Times: user=0.00 sys=0.00, real=0.00 secs] 
93.549: [GC (Allocation Failure) [PSYoungGen: 108096K->96K(105472K)] 110436K->2436K(280576K), 0.0005094 secs] [Times: user=0.00 sys=0.00, real=0.01 secs] 
93.618: [GC (Allocation Failure) [PSYoungGen: 105056K->96K(102400K)] 107396K->2436K(277504K), 0.0005098 secs] [Times: user=0.00 sys=0.00, real=0.00 secs] 
93.683: [GC (Allocation Failure) [PSYoungGen: 101984K->96K(99328K)] 104324K->2436K(274432K), 0.0005189 secs] [Times: user=0.00 sys=0.00, real=0.00 secs] 
93.747: [GC (Allocation Failure) [PSYoungGen: 98912K->96K(96768K)] 101252K->2436K(271872K), 0.0005516 secs] [Times: user=0.00 sys=0.00, real=0.00 secs] 
93.810: [GC (Allocation Failure) [PSYoungGen: 96352K->96K(94208K)] 98692K->2436K(269312K), 0.0005224 secs] [Times: user=0.00 sys=0.00, real=0.00 secs] 
93.871: [GC (Allocation Failure) [PSYoungGen: 93792K->64K(91648K)] 96132K->2404K(266752K), 0.0005030 secs] [Times: user=0.00 sys=0.00, real=0.00 secs] 
93.930: [GC (Allocation Failure) [PSYoungGen: 91200K->96K(89088K)] 93540K->2436K(264192K), 0.0007135 secs] [Times: user=0.00 sys=0.00, real=0.00 secs] 
93.987: [GC (Allocation Failure) [PSYoungGen: 88672K->64K(87040K)] 91012K->2404K(262144K), 0.0005088 secs] [Times: user=0.00 sys=0.00, real=0.00 secs] 
94.043: [GC (Allocation Failure) [PSYoungGen: 86592K->64K(84992K)] 88932K->2404K(260096K), 0.0005282 secs] [Times: user=0.00 sys=0.01, real=0.00 secs] 
94.097: [GC (Allocation Failure) [PSYoungGen: 84544K->96K(82944K)] 86884K->2436K(258048K), 0.0005050 secs] [Times: user=0.00 sys=0.00, real=0.00 secs] 
94.150: [GC (Allocation Failure) [PSYoungGen: 82528K->96K(80896K)] 84868K->2436K(256000K), 0.0004964 secs] [Times: user=0.00 sys=0.00, real=0.00 secs] 
94.202: [GC (Allocation Failure) [PSYoungGen: 80480K->64K(78848K)] 82820K->2404K(253952K), 0.0005562 secs] [Times: user=0.00 sys=0.00, real=0.00 secs] 
94.252: [GC (Allocation Failure) [PSYoungGen: 78400K->32K(76800K)] 80740K->2372K(251904K), 0.0005308 secs] [Times: user=0.01 sys=0.00, real=0.00 secs] 
94.302: [GC (Allocation Failure) [PSYoungGen: 76320K->64K(74752K)] 78660K->2404K(249856K), 0.0004951 secs] [Times: user=0.01 sys=0.00, real=0.00 secs] 
94.350: [GC (Allocation Failure) [PSYoungGen: 74304K->64K(73216K)] 76644K->2404K(248320K), 0.0005293 secs] [Times: user=0.00 sys=0.00, real=0.00 secs] 
94.397: [GC (Allocation Failure) [PSYoungGen: 72768K->96K(71680K)] 75108K->2436K(246784K), 0.0005139 secs] [Times: user=0.00 sys=0.00, real=0.00 secs] 
94.443: [GC (Allocation Failure) [PSYoungGen: 71264K->96K(70144K)] 73604K->2436K(245248K), 0.0004991 secs] [Times: user=0.00 sys=0.00, real=0.00 secs] 
94.488: [GC (Allocation Failure) [PSYoungGen: 69728K->96K(68608K)] 72068K->2436K(243712K), 0.0005297 secs] [Times: user=0.00 sys=0.00, real=0.00 secs] 
94.532: [GC (Allocation Failure) [PSYoungGen: 68192K->64K(67072K)] 70532K->2404K(242176K), 0.0005118 secs] [Times: user=0.00 sys=0.00, real=0.00 secs] 
94.575: [GC (Allocation Failure) [PSYoungGen: 66624K->64K(65536K)] 68964K->2404K(240640K), 0.0004881 secs] [Times: user=0.00 sys=0.00, real=0.00 secs] 
94.618: [GC (Allocation Failure) [PSYoungGen: 65088K->96K(78848K)] 67428K->2436K(253952K), 0.0005064 secs] [Times: user=0.00 sys=0.00, real=0.00 secs] 
94.669: [GC (Allocation Failure) [PSYoungGen: 78432K->64K(76800K)] 80772K->2404K(251904K), 0.0005327 secs] [Times: user=0.00 sys=0.00, real=0.00 secs] 
94.719: [GC (Allocation Failure) [PSYoungGen: 76352K->64K(74752K)] 78692K->2404K(249856K), 0.0005053 secs] [Times: user=0.00 sys=0.00, real=0.00 secs] 
94.767: [GC (Allocation Failure) [PSYoungGen: 74304K->96K(73216K)] 76644K->2436K(248320K), 0.0004956 secs] [Times: user=0.00 sys=0.00, real=0.00 secs] 
94.813: [GC (Allocation Failure) [PSYoungGen: 72800K->64K(71680K)] 75140K->2404K(246784K), 0.0005132 secs] [Times: user=0.00 sys=0.00, real=0.00 secs] 
94.860: [GC (Allocation Failure) [PSYoungGen: 71232K->64K(70144K)] 73572K->2404K(245248K), 0.0004969 secs] [Times: user=0.00 sys=0.00, real=0.00 secs] 
94.905: [GC (Allocation Failure) [PSYoungGen: 69696K->96K(68608K)] 72036K->2436K(243712K), 0.0004978 secs] [Times: user=0.00 sys=0.00, real=0.00 secs] 
94.949: [GC (Allocation Failure) [PSYoungGen: 68192K->64K(67072K)] 70532K->2404K(242176K), 0.0004688 secs] [Times: user=0.00 sys=0.00, real=0.00 secs] 
94.992: [GC (Allocation Failure) [PSYoungGen: 66624K->96K(65536K)] 68964K->2436K(240640K), 0.0005073 secs] [Times: user=0.00 sys=0.00, real=0.00 secs] 
95.034: [GC (Allocation Failure) [PSYoungGen: 65120K->96K(78848K)] 67460K->2436K(253952K), 0.0005046 secs] [Times: user=0.00 sys=0.00, real=0.00 secs] 
95.084: [GC (Allocation Failure) [PSYoungGen: 78432K->64K(76800K)] 80772K->2404K(251904K), 0.0005232 secs] [Times: user=0.00 sys=0.00, real=0.00 secs] 
95.133: [GC (Allocation Failure) [PSYoungGen: 76352K->96K(92160K)] 78692K->2436K(267264K), 0.0005695 secs] [Times: user=0.00 sys=0.00, real=0.00 secs] 
95.193: [GC (Allocation Failure) [PSYoungGen: 91744K->96K(89600K)] 94084K->2436K(264704K), 0.0005186 secs] [Times: user=0.00 sys=0.00, real=0.00 secs] 
95.251: [GC (Allocation Failure) [PSYoungGen: 89184K->64K(87040K)] 91524K->2404K(262144K), 0.0005191 secs] [Times: user=0.00 sys=0.00, real=0.00 secs] 
95.306: [GC (Allocation Failure) [PSYoungGen: 86592K->96K(84992K)] 88932K->2436K(260096K), 0.0005211 secs] [Times: user=0.01 sys=0.00, real=0.00 secs] 
95.360: [GC (Allocation Failure) [PSYoungGen: 84576K->96K(82944K)] 86916K->2436K(258048K), 0.0004890 secs] [Times: user=0.00 sys=0.00, real=0.00 secs] 
95.413: [GC (Allocation Failure) [PSYoungGen: 82528K->96K(80896K)] 84868K->2436K(256000K), 0.0005351 secs] [Times: user=0.00 sys=0.00, real=0.00 secs] 
95.464: [GC (Allocation Failure) [PSYoungGen: 80480K->64K(78848K)] 82820K->2404K(253952K), 0.0004967 secs] [Times: user=0.01 sys=0.00, real=0.00 secs] 
95.514: [GC (Allocation Failure) [PSYoungGen: 78400K->96K(76800K)] 80740K->2436K(251904K), 0.0005116 secs] [Times: user=0.01 sys=0.00, real=0.00 secs] 
95.565: [GC (Allocation Failure) [PSYoungGen: 76384K->64K(74752K)] 78724K->2404K(249856K), 0.0005803 secs] [Times: user=0.00 sys=0.00, real=0.00 secs] 
95.614: [GC (Allocation Failure) [PSYoungGen: 74304K->96K(73216K)] 76644K->2436K(248320K), 0.0005062 secs] [Times: user=0.01 sys=0.00, real=0.00 secs] 
95.662: [GC (Allocation Failure) [PSYoungGen: 72800K->64K(71680K)] 75140K->2404K(246784K), 0.0005236 secs] [Times: user=0.00 sys=0.00, real=0.00 secs] 
95.708: [GC (Allocation Failure) [PSYoungGen: 71232K->64K(86016K)] 73572K->2404K(261120K), 0.0007495 secs] [Times: user=0.00 sys=0.00, real=0.00 secs] 
95.764: [GC (Allocation Failure) [PSYoungGen: 85568K->32K(103424K)] 87908K->2372K(278528K), 0.0004772 secs] [Times: user=0.00 sys=0.00, real=0.00 secs] 
95.830: [GC (Allocation Failure) [PSYoungGen: 102944K->64K(100352K)] 105284K->2404K(275456K), 0.0004987 secs] [Times: user=0.00 sys=0.00, real=0.00 secs] 
95.894: [GC (Allocation Failure) [PSYoungGen: 99904K->96K(97792K)] 102244K->2436K(272896K), 0.0005087 secs] [Times: user=0.00 sys=0.00, real=0.00 secs] 
95.956: [GC (Allocation Failure) [PSYoungGen: 97376K->96K(95232K)] 99716K->2436K(270336K), 0.0005007 secs] [Times: user=0.00 sys=0.00, real=0.00 secs] 
96.016: [GC (Allocation Failure) [PSYoungGen: 94816K->32K(92672K)] 97156K->2372K(267776K), 0.0005097 secs] [Times: user=0.00 sys=0.00, real=0.00 secs] 
96.076: [GC (Allocation Failure) [PSYoungGen: 92192K->96K(90112K)] 94532K->2436K(265216K), 0.0005178 secs] [Times: user=0.00 sys=0.00, real=0.00 secs] 
96.134: [GC (Allocation Failure) [PSYoungGen: 89696K->96K(87552K)] 92036K->2436K(262656K), 0.0005161 secs] [Times: user=0.00 sys=0.00, real=0.00 secs] 
96.190: [GC (Allocation Failure) [PSYoungGen: 87136K->96K(85504K)] 89476K->2436K(260608K), 0.0005215 secs] [Times: user=0.01 sys=0.00, real=0.00 secs] 
96.246: [GC (Allocation Failure) [PSYoungGen: 85088K->64K(83456K)] 87428K->2404K(258560K), 0.0005028 secs] [Times: user=0.00 sys=0.00, real=0.00 secs] 
96.300: [GC (Allocation Failure) [PSYoungGen: 83008K->64K(81408K)] 85348K->2404K(256512K), 0.0005126 secs] [Times: user=0.01 sys=0.00, real=0.00 secs] 
96.352: [GC (Allocation Failure) [PSYoungGen: 80960K->96K(79360K)] 83300K->2436K(254464K), 0.0005033 secs] [Times: user=0.00 sys=0.00, real=0.00 secs] 
96.403: [GC (Allocation Failure) [PSYoungGen: 78944K->64K(77312K)] 81284K->2404K(252416K), 0.0005124 secs] [Times: user=0.00 sys=0.00, real=0.00 secs] 
96.452: [GC (Allocation Failure) [PSYoungGen: 76864K->32K(75264K)] 79204K->2372K(250368K), 0.0004875 secs] [Times: user=0.00 sys=0.00, real=0.00 secs] 
96.500: [GC (Allocation Failure) [PSYoungGen: 74784K->96K(73728K)] 77124K->2436K(248832K), 0.0005030 secs] [Times: user=0.00 sys=0.00, real=0.01 secs] 
96.547: [GC (Allocation Failure) [PSYoungGen: 73312K->64K(72192K)] 75652K->2404K(247296K), 0.0005056 secs] [Times: user=0.00 sys=0.00, real=0.00 secs] 
96.593: [GC (Allocation Failure) [PSYoungGen: 71744K->64K(70656K)] 74084K->2404K(245760K), 0.0004918 secs] [Times: user=0.00 sys=0.00, real=0.00 secs] 
96.639: [GC (Allocation Failure) [PSYoungGen: 70208K->96K(69120K)] 72548K->2436K(244224K), 0.0005332 secs] [Times: user=0.00 sys=0.00, real=0.01 secs] 
96.684: [GC (Allocation Failure) [PSYoungGen: 68704K->64K(67584K)] 71044K->2404K(242688K), 0.0005085 secs] [Times: user=0.00 sys=0.00, real=0.00 secs] 
96.727: [GC (Allocation Failure) [PSYoungGen: 67136K->96K(66048K)] 69476K->2436K(241152K), 0.0004731 secs] [Times: user=0.01 sys=0.00, real=0.00 secs] 
96.769: [GC (Allocation Failure) [PSYoungGen: 65632K->64K(79360K)] 67972K->2404K(254464K), 0.0004859 secs] [Times: user=0.00 sys=0.00, real=0.00 secs] 
96.819: [GC (Allocation Failure) [PSYoungGen: 78912K->96K(77312K)] 81252K->2436K(252416K), 0.0004841 secs] [Times: user=0.00 sys=0.00, real=0.00 secs] 
96.868: [GC (Allocation Failure) [PSYoungGen: 76896K->96K(75264K)] 79236K->2436K(250368K), 0.0004976 secs] [Times: user=0.00 sys=0.00, real=0.00 secs] 
96.916: [GC (Allocation Failure) [PSYoungGen: 74848K->96K(73728K)] 77188K->2436K(248832K), 0.0004919 secs] [Times: user=0.00 sys=0.00, real=0.00 secs] 
96.963: [GC (Allocation Failure) [PSYoungGen: 73312K->32K(72192K)] 75652K->2372K(247296K), 0.0005100 secs] [Times: user=0.00 sys=0.00, real=0.00 secs] 
97.009: [GC (Allocation Failure) [PSYoungGen: 71712K->64K(70656K)] 74052K->2404K(245760K), 0.0005309 secs] [Times: user=0.00 sys=0.00, real=0.00 secs] 
97.054: [GC (Allocation Failure) [PSYoungGen: 70208K->96K(69120K)] 72548K->2436K(244224K), 0.0004967 secs] [Times: user=0.00 sys=0.00, real=0.00 secs] 
97.098: [GC (Allocation Failure) [PSYoungGen: 68704K->96K(67584K)] 71044K->2436K(242688K), 0.0004880 secs] [Times: user=0.00 sys=0.00, real=0.00 secs] 
97.141: [GC (Allocation Failure) [PSYoungGen: 67168K->64K(81408K)] 69508K->2404K(256512K), 0.0004868 secs] [Times: user=0.00 sys=0.00, real=0.00 secs] 
97.193: [GC (Allocation Failure) [PSYoungGen: 80960K->96K(79360K)] 83300K->2436K(254464K), 0.0005049 secs] [Times: user=0.00 sys=0.00, real=0.00 secs] 
97.244: [GC (Allocation Failure) [PSYoungGen: 78944K->64K(77312K)] 81284K->2404K(252416K), 0.0004961 secs] [Times: user=0.00 sys=0.00, real=0.00 secs] 
97.293: [GC (Allocation Failure) [PSYoungGen: 76864K->64K(75264K)] 79204K->2404K(250368K), 0.0004814 secs] [Times: user=0.00 sys=0.00, real=0.00 secs] 
97.341: [GC (Allocation Failure) [PSYoungGen: 74816K->96K(73728K)] 77156K->2436K(248832K), 0.0004886 secs] [Times: user=0.01 sys=0.00, real=0.00 secs] 
97.388: [GC (Allocation Failure) [PSYoungGen: 73312K->96K(72192K)] 75652K->2436K(247296K), 0.0004923 secs] [Times: user=0.00 sys=0.00, real=0.00 secs] 
97.434: [GC (Allocation Failure) [PSYoungGen: 71776K->64K(70656K)] 74116K->2404K(245760K), 0.0004925 secs] [Times: user=0.00 sys=0.00, real=0.00 secs] 
97.479: [GC (Allocation Failure) [PSYoungGen: 70208K->32K(69120K)] 72548K->2372K(244224K), 0.0004889 secs] [Times: user=0.00 sys=0.00, real=0.00 secs] 
97.523: [GC (Allocation Failure) [PSYoungGen: 68640K->64K(67584K)] 70980K->2404K(242688K), 0.0004747 secs] [Times: user=0.00 sys=0.00, real=0.00 secs] 
97.566: [GC (Allocation Failure) [PSYoungGen: 67136K->32K(66048K)] 69476K->2372K(241152K), 0.0004987 secs] [Times: user=0.00 sys=0.00, real=0.00 secs] 
97.609: [GC (Allocation Failure) [PSYoungGen: 65568K->96K(79360K)] 67908K->2436K(254464K), 0.0005075 secs] [Times: user=0.00 sys=0.00, real=0.01 secs] 
97.661: [GC (Allocation Failure) [PSYoungGen: 78944K->96K(77312K)] 81284K->2436K(252416K), 0.0005052 secs] [Times: user=0.00 sys=0.00, real=0.00 secs] 
97.710: [GC (Allocation Failure) [PSYoungGen: 76896K->96K(75264K)] 79236K->2436K(250368K), 0.0004757 secs] [Times: user=0.00 sys=0.00, real=0.00 secs] 
97.759: [GC (Allocation Failure) [PSYoungGen: 74848K->64K(73728K)] 77188K->2404K(248832K), 0.0005112 secs] [Times: user=0.00 sys=0.00, real=0.00 secs] 
97.806: [GC (Allocation Failure) [PSYoungGen: 73280K->64K(72192K)] 75620K->2404K(247296K), 0.0004937 secs] [Times: user=0.00 sys=0.00, real=0.00 secs] 
97.852: [GC (Allocation Failure) [PSYoungGen: 71744K->64K(70656K)] 74084K->2404K(245760K), 0.0004899 secs] [Times: user=0.00 sys=0.00, real=0.00 secs] 
97.897: [GC (Allocation Failure) [PSYoungGen: 70208K->96K(69120K)] 72548K->2436K(244224K), 0.0004942 secs] [Times: user=0.00 sys=0.00, real=0.00 secs] 
97.945: [GC (Allocation Failure) [PSYoungGen: 68704K->64K(67584K)] 71044K->2404K(242688K), 0.0004775 secs] [Times: user=0.01 sys=0.00, real=0.00 secs] 
97.988: [GC (Allocation Failure) [PSYoungGen: 67136K->32K(81408K)] 69476K->2372K(256512K), 0.0009883 secs] [Times: user=0.00 sys=0.00, real=0.00 secs] 
98.041: [GC (Allocation Failure) [PSYoungGen: 80928K->96K(97792K)] 83268K->2436K(272896K), 0.0004940 secs] [Times: user=0.00 sys=0.00, real=0.00 secs] 
98.103: [GC (Allocation Failure) [PSYoungGen: 97376K->64K(117248K)] 99716K->2404K(292352K), 0.0005045 secs] [Times: user=0.00 sys=0.00, real=0.00 secs] 
98.177: [GC (Allocation Failure) [PSYoungGen: 116800K->64K(113664K)] 119140K->2404K(288768K), 0.0005402 secs] [Times: user=0.00 sys=0.00, real=0.00 secs] 
98.250: [GC (Allocation Failure) [PSYoungGen: 113216K->64K(110592K)] 115556K->2404K(285696K), 0.0005072 secs] [Times: user=0.00 sys=0.00, real=0.01 secs] 
98.320: [GC (Allocation Failure) [PSYoungGen: 110144K->96K(107520K)] 112484K->2436K(282624K), 0.0004887 secs] [Times: user=0.00 sys=0.00, real=0.00 secs] 
98.388: [GC (Allocation Failure) [PSYoungGen: 107104K->96K(104448K)] 109444K->2436K(279552K), 0.0005021 secs] [Times: user=0.00 sys=0.00, real=0.00 secs] 
98.454: [GC (Allocation Failure) [PSYoungGen: 104032K->96K(101376K)] 106372K->2436K(276480K), 0.0005058 secs] [Times: user=0.00 sys=0.00, real=0.00 secs] 
98.519: [GC (Allocation Failure) [PSYoungGen: 100960K->96K(98816K)] 103300K->2436K(273920K), 0.0004816 secs] [Times: user=0.00 sys=0.00, real=0.00 secs] 
98.582: [GC (Allocation Failure) [PSYoungGen: 98400K->64K(96256K)] 100740K->2404K(271360K), 0.0005022 secs] [Times: user=0.00 sys=0.00, real=0.00 secs] 
98.645: [GC (Allocation Failure) [PSYoungGen: 95808K->96K(93696K)] 98148K->2436K(268800K), 0.0005948 secs] [Times: user=0.00 sys=0.00, real=0.00 secs] 
98.705: [GC (Allocation Failure) [PSYoungGen: 93280K->64K(91136K)] 95620K->2404K(266240K), 0.0005035 secs] [Times: user=0.00 sys=0.00, real=0.00 secs] 
98.763: [GC (Allocation Failure) [PSYoungGen: 90688K->64K(88576K)] 93028K->2404K(263680K), 0.0005134 secs] [Times: user=0.00 sys=0.00, real=0.00 secs] 
98.819: [GC (Allocation Failure) [PSYoungGen: 88128K->96K(86528K)] 90468K->2436K(261632K), 0.0004924 secs] [Times: user=0.01 sys=0.00, real=0.00 secs] 
98.874: [GC (Allocation Failure) [PSYoungGen: 86112K->64K(84480K)] 88452K->2404K(259584K), 0.0005033 secs] [Times: user=0.00 sys=0.00, real=0.00 secs] 
98.928: [GC (Allocation Failure) [PSYoungGen: 84032K->64K(82432K)] 86372K->2404K(257536K), 0.0005095 secs] [Times: user=0.00 sys=0.00, real=0.00 secs] 
98.980: [GC (Allocation Failure) [PSYoungGen: 81984K->96K(80384K)] 84324K->2436K(255488K), 0.0005019 secs] [Times: user=0.00 sys=0.00, real=0.00 secs] 
99.032: [GC (Allocation Failure) [PSYoungGen: 79968K->64K(78336K)] 82308K->2404K(253440K), 0.0005020 secs] [Times: user=0.00 sys=0.00, real=0.00 secs] 
99.081: [GC (Allocation Failure) [PSYoungGen: 77888K->64K(76288K)] 80228K->2404K(251392K), 0.0005065 secs] [Times: user=0.00 sys=0.00, real=0.00 secs] 
99.130: [GC (Allocation Failure) [PSYoungGen: 75840K->64K(74752K)] 78180K->2404K(249856K), 0.0004865 secs] [Times: user=0.00 sys=0.00, real=0.00 secs] 
99.177: [GC (Allocation Failure) [PSYoungGen: 74304K->64K(73216K)] 76644K->2404K(248320K), 0.0004906 secs] [Times: user=0.00 sys=0.00, real=0.00 secs] 
99.224: [GC (Allocation Failure) [PSYoungGen: 72768K->96K(71680K)] 75108K->2436K(246784K), 0.0004852 secs] [Times: user=0.00 sys=0.00, real=0.00 secs] 
99.270: [GC (Allocation Failure) [PSYoungGen: 71264K->64K(70144K)] 73604K->2404K(245248K), 0.0005107 secs] [Times: user=0.00 sys=0.00, real=0.00 secs] 
99.315: [GC (Allocation Failure) [PSYoungGen: 69696K->96K(68608K)] 72036K->2436K(243712K), 0.0004792 secs] [Times: user=0.00 sys=0.00, real=0.00 secs] 
99.359: [GC (Allocation Failure) [PSYoungGen: 68192K->96K(67072K)] 70532K->2436K(242176K), 0.0004789 secs] [Times: user=0.00 sys=0.00, real=0.00 secs] 
99.402: [GC (Allocation Failure) [PSYoungGen: 66656K->64K(65536K)] 68996K->2404K(240640K), 0.0004776 secs] [Times: user=0.00 sys=0.00, real=0.00 secs] 
99.444: [GC (Allocation Failure) [PSYoungGen: 65088K->64K(78848K)] 67428K->2404K(253952K), 0.0004886 secs] [Times: user=0.01 sys=0.00, real=0.00 secs] 
99.495: [GC (Allocation Failure) [PSYoungGen: 78400K->96K(76800K)] 80740K->2436K(251904K), 0.0004946 secs] [Times: user=0.00 sys=0.00, real=0.00 secs] 
99.544: [GC (Allocation Failure) [PSYoungGen: 76384K->96K(74752K)] 78724K->2436K(249856K), 0.0004958 secs] [Times: user=0.00 sys=0.00, real=0.00 secs] 
99.592: [GC (Allocation Failure) [PSYoungGen: 74336K->96K(73216K)] 76676K->2436K(248320K), 0.0004913 secs] [Times: user=0.01 sys=0.00, real=0.00 secs] 
99.639: [GC (Allocation Failure) [PSYoungGen: 72800K->96K(71680K)] 75140K->2436K(246784K), 0.0005359 secs] [Times: user=0.00 sys=0.00, real=0.01 secs] 
99.685: [GC (Allocation Failure) [PSYoungGen: 71264K->96K(70144K)] 73604K->2436K(245248K), 0.0004885 secs] [Times: user=0.00 sys=0.00, real=0.00 secs] 
99.730: [GC (Allocation Failure) [PSYoungGen: 69728K->64K(68608K)] 72068K->2404K(243712K), 0.0004893 secs] [Times: user=0.00 sys=0.00, real=0.00 secs] 
99.773: [GC (Allocation Failure) [PSYoungGen: 68160K->32K(67072K)] 70500K->2372K(242176K), 0.0004889 secs] [Times: user=0.00 sys=0.00, real=0.00 secs] 
99.816: [GC (Allocation Failure) [PSYoungGen: 66592K->96K(65536K)] 68932K->2436K(240640K), 0.0004715 secs] [Times: user=0.00 sys=0.00, real=0.00 secs] 
99.858: [GC (Allocation Failure) [PSYoungGen: 65120K->64K(78848K)] 67460K->2404K(253952K), 0.0004937 secs] [Times: user=0.00 sys=0.00, real=0.00 secs] 
99.908: [GC (Allocation Failure) [PSYoungGen: 78400K->64K(76800K)] 80740K->2404K(251904K), 0.0005008 secs] [Times: user=0.00 sys=0.00, real=0.00 secs] 
99.957: [GC (Allocation Failure) [PSYoungGen: 76352K->64K(74752K)] 78692K->2404K(249856K), 0.0004795 secs] [Times: user=0.00 sys=0.00, real=0.00 secs] 
100.004: [GC (Allocation Failure) [PSYoungGen: 74304K->96K(73216K)] 76644K->2436K(248320K), 0.0004974 secs] [Times: user=0.00 sys=0.00, real=0.00 secs] 
100.051: [GC (Allocation Failure) [PSYoungGen: 72800K->64K(71680K)] 75140K->2404K(246784K), 0.0005032 secs] [Times: user=0.00 sys=0.00, real=0.00 secs] 
100.097: [GC (Allocation Failure) [PSYoungGen: 71232K->96K(70144K)] 73572K->2436K(245248K), 0.0004892 secs] [Times: user=0.00 sys=0.00, real=0.00 secs] 
100.143: [GC (Allocation Failure) [PSYoungGen: 69728K->96K(68608K)] 72068K->2436K(243712K), 0.0005073 secs] [Times: user=0.00 sys=0.00, real=0.00 secs] 
100.188: [GC (Allocation Failure) [PSYoungGen: 68192K->96K(67072K)] 70532K->2436K(242176K), 0.0004935 secs] [Times: user=0.01 sys=0.00, real=0.00 secs] 
100.230: [GC (Allocation Failure) [PSYoungGen: 66656K->64K(65536K)] 68996K->2404K(240640K), 0.0004953 secs] [Times: user=0.00 sys=0.00, real=0.00 secs] 
100.272: [GC (Allocation Failure) [PSYoungGen: 65088K->64K(78848K)] 67428K->2404K(253952K), 0.0005053 secs] [Times: user=0.00 sys=0.00, real=0.00 secs] 
Heap
 PSYoungGen      total 78848K, used 58634K [0x000000076ab00000, 0x000000079bd00000, 0x00000007c0000000)
  eden space 78336K, 74% used [0x000000076ab00000,0x000000076e432a18,0x000000076f780000)
  from space 512K, 12% used [0x000000079bc00000,0x000000079bc10000,0x000000079bc80000)
  to   space 512K, 0% used [0x000000079bc80000,0x000000079bc80000,0x000000079bd00000)
 ParOldGen       total 175104K, used 2340K [0x00000006c0000000, 0x00000006cab00000, 0x000000076ab00000)
  object space 175104K, 1% used [0x00000006c0000000,0x00000006c0249010,0x00000006cab00000)
 Metaspace       used 10312K, capacity 10538K, committed 10752K, reserved 1058816K
  class space    used 1131K, capacity 1197K, committed 1280K, reserved 1048576K
