OpenJDK 64-Bit Server VM (25.202-b05) for bsd-amd64 JRE (Zulu 8.36.0.1-CA-macosx) (1.8.0_202-b05), built on Jan 29 2019 06:07:09 by "zulu_re" with gcc 4.2.1 (Based on Apple Inc. build 5658) (LLVM build 2336.11.00)
Memory: 4k page, physical 16777216k(2921484k free)

/proc/meminfo:

CommandLine flags: -XX:InitialHeapSize=268435456 -XX:MaxHeapSize=4294967296 -XX:+PrintGC -XX:+PrintGCDetails -XX:+PrintGCTimeStamps -XX:+UseCompressedClassPointers -XX:+UseCompressedOops -XX:+UseParallelGC 
Heap
 PSYoungGen      total 76288K, used 35785K [0x000000076ab00000, 0x0000000770000000, 0x00000007c0000000)
  eden space 65536K, 54% used [0x000000076ab00000,0x000000076cdf2568,0x000000076eb00000)
  from space 10752K, 0% used [0x000000076f580000,0x000000076f580000,0x0000000770000000)
  to   space 10752K, 0% used [0x000000076eb00000,0x000000076eb00000,0x000000076f580000)
 ParOldGen       total 175104K, used 0K [0x00000006c0000000, 0x00000006cab00000, 0x000000076ab00000)
  object space 175104K, 0% used [0x00000006c0000000,0x00000006c0000000,0x00000006cab00000)
 Metaspace       used 7648K, capacity 8005K, committed 8192K, reserved 1056768K
  class space    used 852K, capacity 948K, committed 1024K, reserved 1048576K
916: [GC (Allocation Failure) [PSYoungGen: 132784K->1664K(141824K)] 132816K->1704K(316928K), 0.0017793 secs] [Times: user=0.01 sys=0.00, real=0.00 secs] 
0.975: [GC (Allocation Failure) [PSYoungGen: 132736K->1712K(266240K)] 132776K->1752K(441344K), 0.0016917 secs] [Times: user=0.01 sys=0.00, real=0.00 secs] 
1.144: [GC (Allocation Failure) [PSYoungGen: 263856K->128K(266752K)] 263896K->1784K(441856K), 0.0019555 secs] [Times: user=0.01 sys=0.01, real=0.00 secs] 
1.268: [GC (Allocation Failure) [PSYoungGen: 262272K->96K(529408K)] 263928K->1768K(704512K), 0.0005562 secs] [Times: user=0.00 sys=0.00, real=0.00 secs] 
1.620: [GC (Allocation Failure) [PSYoungGen: 524384K->96K(529408K)] 526056K->1784K(704512K), 0.0007992 secs] [Times: user=0.00 sys=0.00, real=0.00 secs] 
1.862: [GC (Allocation Failure) [PSYoungGen: 524384K->96K(843264K)] 526072K->1784K(1018368K), 0.0005162 secs] [Times: user=0.00 sys=0.00, real=0.00 secs] 
2.383: [GC (Allocation Failure) [PSYoungGen: 839264K->64K(800768K)] 840952K->1760K(975872K), 0.0006485 secs] [Times: user=0.00 sys=0.00, real=0.00 secs] 
2.771: [GC (Allocation Failure) [PSYoungGen: 800320K->96K(763904K)] 802016K->1792K(939008K), 0.0005522 secs] [Times: user=0.00 sys=0.00, real=0.00 secs] 
3.127: [GC (Allocation Failure) [PSYoungGen: 763488K->32K(733184K)] 765184K->1736K(908288K), 0.0005362 secs] [Times: user=0.00 sys=0.00, real=0.00 secs] 
3.467: [GC (Allocation Failure) [PSYoungGen: 728608K->96K(695808K)] 730312K->1800K(870912K), 0.0005931 secs] [Times: user=0.00 sys=0.00, real=0.00 secs] 
3.790: [GC (Allocation Failure) [PSYoungGen: 695392K->96K(667648K)] 697096K->1800K(842752K), 0.0005185 secs] [Times: user=0.00 sys=0.00, real=0.00 secs] 
4.100: [GC (Allocation Failure) [PSYoungGen: 663648K->64K(634368K)] 665352K->1768K(809472K), 0.0006199 secs] [Times: user=0.00 sys=0.00, real=0.00 secs] 
4.396: [GC (Allocation Failure) [PSYoungGen: 633920K->64K(609280K)] 635624K->1768K(784384K), 0.0009632 secs] [Times: user=0.00 sys=0.00, real=0.00 secs] 
4.691: [GC (Allocation Failure) [PSYoungGen: 605248K->64K(578560K)] 606952K->1768K(753664K), 0.0008762 secs] [Times: user=0.00 sys=0.00, real=0.00 secs] 
4.970: [GC (Allocation Failure) [PSYoungGen: 578112K->96K(556032K)] 579816K->1800K(731136K), 0.0005212 secs] [Times: user=0.00 sys=0.00, real=0.00 secs] 
5.236: [GC (Allocation Failure) [PSYoungGen: 552544K->64K(528384K)] 554248K->1768K(703488K), 0.0006181 secs] [Times: user=0.00 sys=0.00, real=0.00 secs] 
5.482: [GC (Allocation Failure) [PSYoungGen: 527936K->96K(507904K)] 529640K->1800K(683008K), 0.0005161 secs] [Times: user=0.00 sys=0.00, real=0.00 secs] 
5.715: [GC (Allocation Failure) [PSYoungGen: 504928K->96K(483328K)] 506632K->1808K(658432K), 0.0006049 secs] [Times: user=0.00 sys=0.00, real=0.00 secs] 
5.942: [GC (Allocation Failure) [PSYoungGen: 482912K->96K(464896K)] 484624K->1808K(640000K), 0.0005321 secs] [Times: user=0.00 sys=0.00, real=0.00 secs] 
6.169: [GC (Allocation Failure) [PSYoungGen: 461920K->64K(442368K)] 463632K->1776K(617472K), 0.0005928 secs] [Times: user=0.00 sys=0.00, real=0.01 secs] 
6.376: [GC (Allocation Failure) [PSYoungGen: 441920K->96K(425472K)] 443632K->1808K(600576K), 0.0005031 secs] [Times: user=0.00 sys=0.00, real=0.00 secs] 
6.571: [GC (Allocation Failure) [PSYoungGen: 423008K->96K(405504K)] 424720K->1808K(580608K), 0.0006156 secs] [Times: user=0.00 sys=0.00, real=0.00 secs] 
6.762: [GC (Allocation Failure) [PSYoungGen: 405088K->96K(390144K)] 406800K->1808K(565248K), 0.0004998 secs] [Times: user=0.00 sys=0.00, real=0.00 secs] 
6.940: [GC (Allocation Failure) [PSYoungGen: 387680K->96K(371712K)] 389392K->1808K(546816K), 0.0006006 secs] [Times: user=0.00 sys=0.00, real=0.00 secs] 
7.114: [GC (Allocation Failure) [PSYoungGen: 371296K->64K(357888K)] 373008K->1776K(532992K), 0.0005037 secs] [Times: user=0.01 sys=0.00, real=0.00 secs] 
7.281: [GC (Allocation Failure) [PSYoungGen: 355904K->96K(341504K)] 357616K->1808K(516608K), 0.0005812 secs] [Times: user=0.00 sys=0.00, real=0.00 secs] 
7.439: [GC (Allocation Failure) [PSYoungGen: 341088K->64K(329216K)] 342800K->1776K(504320K), 0.0005013 secs] [Times: user=0.00 sys=0.00, real=0.01 secs] 
7.592: [GC (Allocation Failure) [PSYoungGen: 327232K->96K(314368K)] 328944K->1808K(489472K), 0.0005725 secs] [Times: user=0.00 sys=0.00, real=0.00 secs] 
7.738: [GC (Allocation Failure) [PSYoungGen: 313952K->64K(302592K)] 315664K->1776K(477696K), 0.0005513 secs] [Times: user=0.00 sys=0.00, real=0.00 secs] 
7.880: [GC (Allocation Failure) [PSYoungGen: 301120K->96K(289280K)] 302832K->1808K(464384K), 0.0005455 secs] [Times: user=0.00 sys=0.00, real=0.00 secs] 
8.025: [GC (Allocation Failure) [PSYoungGen: 288864K->96K(279040K)] 290576K->1808K(454144K), 0.0005038 secs] [Times: user=0.00 sys=0.00, real=0.00 secs] 
8.158: [GC (Allocation Failure) [PSYoungGen: 277600K->96K(267264K)] 279312K->1808K(442368K), 0.0005567 secs] [Times: user=0.00 sys=0.00, real=0.00 secs] 
8.290: [GC (Allocation Failure) [PSYoungGen: 266848K->96K(257536K)] 268560K->1808K(432640K), 0.0005566 secs] [Times: user=0.00 sys=0.00, real=0.00 secs] 
8.413: [GC (Allocation Failure) [PSYoungGen: 256608K->96K(247296K)] 258320K->1816K(422400K), 0.0005442 secs] [Times: user=0.00 sys=0.00, real=0.00 secs] 
8.530: [GC (Allocation Failure) [PSYoungGen: 246880K->64K(238080K)] 248600K->1784K(413184K), 0.0005009 secs] [Times: user=0.00 sys=0.00, real=0.00 secs] 
8.643: [GC (Allocation Failure) [PSYoungGen: 237120K->96K(228352K)] 238840K->1816K(403456K), 0.0006564 secs] [Times: user=0.00 sys=0.01, real=0.00 secs] 
8.754: [GC (Allocation Failure) [PSYoungGen: 227936K->96K(220160K)] 229656K->1816K(395264K), 0.0006455 secs] [Times: user=0.00 sys=0.00, real=0.00 secs] 
8.855: [GC (Allocation Failure) [PSYoungGen: 219232K->64K(211456K)] 220952K->1784K(386560K), 0.0005299 secs] [Times: user=0.00 sys=0.00, real=0.00 secs] 
8.953: [GC (Allocation Failure) [PSYoungGen: 211008K->96K(204288K)] 212728K->1816K(379392K), 0.0005231 secs] [Times: user=0.00 sys=0.00, real=0.00 secs] 
9.050: [GC (Allocation Failure) [PSYoungGen: 203360K->64K(196096K)] 205080K->1784K(371200K), 0.0005540 secs] [Times: user=0.01 sys=0.00, real=0.00 secs] 
9.141: [GC (Allocation Failure) [PSYoungGen: 195648K->96K(189440K)] 197368K->1816K(364544K), 0.0005216 secs] [Times: user=0.01 sys=0.00, real=0.00 secs] 
9.229: [GC (Allocation Failure) [PSYoungGen: 188512K->96K(182272K)] 190232K->1816K(357376K), 0.0005340 secs] [Times: user=0.00 sys=0.00, real=0.00 secs] 
9.314: [GC (Allocation Failure) [PSYoungGen: 181856K->96K(175616K)] 183576K->1816K(350720K), 0.0005059 secs] [Times: user=0.00 sys=0.00, real=0.00 secs] 
9.395: [GC (Allocation Failure) [PSYoungGen: 175200K->96K(169472K)] 176920K->1816K(344576K), 0.0005142 secs] [Times: user=0.00 sys=0.00, real=0.00 secs] 
9.474: [GC (Allocation Failure) [PSYoungGen: 169056K->96K(163840K)] 170776K->1816K(338944K), 0.0004968 secs] [Times: user=0.00 sys=0.00, real=0.00 secs] 
9.549: [GC (Allocation Failure) [PSYoungGen: 163424K->96K(158208K)] 165144K->1816K(333312K), 0.0005478 secs] [Times: user=0.00 sys=0.00, real=0.01 secs] 
9.623: [GC (Allocation Failure) [PSYoungGen: 157792K->64K(153088K)] 159512K->1784K(328192K), 0.0005529 secs] [Times: user=0.00 sys=0.00, real=0.00 secs] 
9.693: [GC (Allocation Failure) [PSYoungGen: 152640K->96K(147968K)] 154360K->1816K(323072K), 0.0005056 secs] [Times: user=0.00 sys=0.00, real=0.00 secs] 
9.762: [GC (Allocation Failure) [PSYoungGen: 147552K->64K(143360K)] 149272K->1784K(318464K), 0.0005076 secs] [Times: user=0.00 sys=0.00, real=0.00 secs] 
9.829: [GC (Allocation Failure) [PSYoungGen: 142912K->96K(138752K)] 144632K->1816K(313856K), 0.0004987 secs] [Times: user=0.00 sys=0.00, real=0.00 secs] 
9.894: [GC (Allocation Failure) [PSYoungGen: 138336K->96K(134144K)] 140056K->1816K(309248K), 0.0005179 secs] [Times: user=0.00 sys=0.00, real=0.00 secs] 
9.956: [GC (Allocation Failure) [PSYoungGen: 133728K->96K(130048K)] 135448K->1816K(305152K), 0.0005082 secs] [Times: user=0.00 sys=0.00, real=0.00 secs] 
10.018: [GC (Allocation Failure) [PSYoungGen: 129632K->64K(125952K)] 131352K->1784K(301056K), 0.0005191 secs] [Times: user=0.00 sys=0.00, real=0.00 secs] 
10.076: [GC (Allocation Failure) [PSYoungGen: 125504K->64K(121856K)] 127224K->1784K(296960K), 0.0005209 secs] [Times: user=0.01 sys=0.00, real=0.00 secs] 
10.133: [GC (Allocation Failure) [PSYoungGen: 121408K->96K(118272K)] 123128K->1816K(293376K), 0.0005082 secs] [Times: user=0.00 sys=0.00, real=0.00 secs] 
10.188: [GC (Allocation Failure) [PSYoungGen: 117856K->96K(114688K)] 119576K->1816K(289792K), 0.0005131 secs] [Times: user=0.00 sys=0.00, real=0.00 secs] 
10.247: [GC (Allocation Failure) [PSYoungGen: 114272K->160K(111104K)] 115992K->1888K(286208K), 0.0004525 secs] [Times: user=0.00 sys=0.00, real=0.00 secs] 
10.301: [GC (Allocation Failure) [PSYoungGen: 110752K->32K(108032K)] 112480K->1824K(283136K), 0.0005031 secs] [Times: user=0.01 sys=0.00, real=0.00 secs] 
10.351: [GC (Allocation Failure) [PSYoungGen: 107552K->64K(104960K)] 109344K->1856K(280064K), 0.0005419 secs] [Times: user=0.01 sys=0.00, real=0.00 secs] 
10.400: [GC (Allocation Failure) [PSYoungGen: 104512K->64K(101888K)] 106304K->1856K(276992K), 0.0004876 secs] [Times: user=0.01 sys=0.00, real=0.00 secs] 
10.447: [GC (Allocation Failure) [PSYoungGen: 101440K->64K(98816K)] 103232K->1856K(273920K), 0.0004846 secs] [Times: user=0.00 sys=0.00, real=0.00 secs] 
10.493: [GC (Allocation Failure) [PSYoungGen: 98368K->96K(96256K)] 100160K->1888K(271360K), 0.0005033 secs] [Times: user=0.00 sys=0.00, real=0.00 secs] 
10.538: [GC (Allocation Failure) [PSYoungGen: 95840K->64K(93696K)] 97632K->1856K(268800K), 0.0005046 secs] [Times: user=0.00 sys=0.00, real=0.00 secs] 
10.581: [GC (Allocation Failure) [PSYoungGen: 93248K->96K(91136K)] 95040K->1888K(266240K), 0.0005044 secs] [Times: user=0.00 sys=0.00, real=0.00 secs] 
10.623: [GC (Allocation Failure) [PSYoungGen: 90720K->64K(88576K)] 92512K->1856K(263680K), 0.0004523 secs] [Times: user=0.00 sys=0.00, real=0.00 secs] 
10.664: [GC (Allocation Failure) [PSYoungGen: 88128K->96K(86528K)] 89920K->1888K(261632K), 0.0004771 secs] [Times: user=0.00 sys=0.00, real=0.00 secs] 
10.704: [GC (Allocation Failure) [PSYoungGen: 86112K->64K(103936K)] 87904K->1856K(279040K), 0.0004962 secs] [Times: user=0.00 sys=0.00, real=0.00 secs] 
10.752: [GC (Allocation Failure) [PSYoungGen: 103488K->64K(124928K)] 105280K->1856K(300032K), 0.0005119 secs] [Times: user=0.01 sys=0.00, real=0.00 secs] 
10.810: [GC (Allocation Failure) [PSYoungGen: 124480K->96K(121344K)] 126272K->1888K(296448K), 0.0005077 secs] [Times: user=0.00 sys=0.00, real=0.00 secs] 
10.866: [GC (Allocation Failure) [PSYoungGen: 120928K->32K(117760K)] 122720K->1824K(292864K), 0.0005477 secs] [Times: user=0.00 sys=0.00, real=0.00 secs] 
10.920: [GC (Allocation Failure) [PSYoungGen: 117280K->96K(114176K)] 119072K->1888K(289280K), 0.0005041 secs] [Times: user=0.00 sys=0.00, real=0.00 secs] 
10.974: [GC (Allocation Failure) [PSYoungGen: 113760K->96K(110592K)] 115552K->1888K(285696K), 0.0005258 secs] [Times: user=0.00 sys=0.00, real=0.00 secs] 
11.026: [GC (Allocation Failure) [PSYoungGen: 110176K->96K(107520K)] 111968K->1888K(282624K), 0.0005013 secs] [Times: user=0.00 sys=0.00, real=0.00 secs] 
11.075: [GC (Allocation Failure) [PSYoungGen: 107104K->96K(104448K)] 108896K->1888K(279552K), 0.0004953 secs] [Times: user=0.00 sys=0.00, real=0.00 secs] 
11.124: [GC (Allocation Failure) [PSYoungGen: 104032K->96K(101376K)] 105824K->1888K(276480K), 0.0005019 secs] [Times: user=0.00 sys=0.00, real=0.00 secs] 
11.170: [GC (Allocation Failure) [PSYoungGen: 100960K->96K(98816K)] 102752K->1888K(273920K), 0.0005092 secs] [Times: user=0.00 sys=0.00, real=0.00 secs] 
11.217: [GC (Allocation Failure) [PSYoungGen: 98400K->96K(96256K)] 100192K->1888K(271360K), 0.0005129 secs] [Times: user=0.00 sys=0.00, real=0.00 secs] 
11.262: [GC (Allocation Failure) [PSYoungGen: 95840K->64K(93696K)] 97632K->1856K(268800K), 0.0005042 secs] [Times: user=0.00 sys=0.00, real=0.00 secs] 
11.305: [GC (Allocation Failure) [PSYoungGen: 93248K->64K(91136K)] 95040K->1856K(266240K), 0.0004943 secs] [Times: user=0.00 sys=0.00, real=0.00 secs] 
11.347: [GC (Allocation Failure) [PSYoungGen: 90688K->32K(109568K)] 92480K->1824K(284672K), 0.0004847 secs] [Times: user=0.00 sys=0.00, real=0.00 secs] 
11.398: [GC (Allocation Failure) [PSYoungGen: 109088K->96K(106496K)] 110880K->1888K(281600K), 0.0004884 secs] [Times: user=0.01 sys=0.00, real=0.00 secs] 
11.447: [GC (Allocation Failure) [PSYoungGen: 106080K->96K(103424K)] 107872K->1888K(278528K), 0.0004778 secs] [Times: user=0.01 sys=0.00, real=0.00 secs] 
11.495: [GC (Allocation Failure) [PSYoungGen: 103008K->64K(124416K)] 104800K->1856K(299520K), 0.0009828 secs] [Times: user=0.00 sys=0.00, real=0.00 secs] 
11.553: [GC (Allocation Failure) [PSYoungGen: 123968K->96K(149504K)] 125760K->1888K(324608K), 0.0004919 secs] [Times: user=0.00 sys=0.00, real=0.00 secs] 
11.622: [GC (Allocation Failure) [PSYoungGen: 149088K->64K(144384K)] 150880K->1856K(319488K), 0.0004909 secs] [Times: user=0.00 sys=0.00, real=0.00 secs] 
11.688: [GC (Allocation Failure) [PSYoungGen: 143936K->64K(139776K)] 145728K->1856K(314880K), 0.0004703 secs] [Times: user=0.00 sys=0.00, real=0.00 secs] 
11.753: [GC (Allocation Failure) [PSYoungGen: 139328K->64K(135168K)] 141120K->1856K(310272K), 0.0007222 secs] [Times: user=0.00 sys=0.00, real=0.00 secs] 
11.815: [GC (Allocation Failure) [PSYoungGen: 134720K->64K(131072K)] 136512K->1856K(306176K), 0.0005109 secs] [Times: user=0.00 sys=0.00, real=0.00 secs] 
11.876: [GC (Allocation Failure) [PSYoungGen: 130624K->96K(126976K)] 132416K->1888K(302080K), 0.0005010 secs] [Times: user=0.00 sys=0.00, real=0.00 secs] 
11.934: [GC (Allocation Failure) [PSYoungGen: 126560K->96K(122880K)] 128352K->1888K(297984K), 0.0005021 secs] [Times: user=0.00 sys=0.00, real=0.00 secs] 
11.993: [GC (Allocation Failure) [PSYoungGen: 122464K->96K(119296K)] 124256K->1888K(294400K), 0.0005152 secs] [Times: user=0.01 sys=0.00, real=0.00 secs] 
12.048: [GC (Allocation Failure) [PSYoungGen: 118880K->96K(115712K)] 120672K->1888K(290816K), 0.0005387 secs] [Times: user=0.00 sys=0.00, real=0.00 secs] 
12.102: [GC (Allocation Failure) [PSYoungGen: 115296K->64K(112128K)] 117088K->1856K(287232K), 0.0005467 secs] [Times: user=0.01 sys=0.00, real=0.00 secs] 
12.154: [GC (Allocation Failure) [PSYoungGen: 111680K->96K(109056K)] 113472K->1888K(284160K), 0.0004923 secs] [Times: user=0.00 sys=0.00, real=0.00 secs] 
12.205: [GC (Allocation Failure) [PSYoungGen: 108640K->96K(105984K)] 110432K->1888K(281088K), 0.0004827 secs] [Times: user=0.00 sys=0.00, real=0.00 secs] 
12.254: [GC (Allocation Failure) [PSYoungGen: 105568K->96K(102912K)] 107360K->1888K(278016K), 0.0005120 secs] [Times: user=0.00 sys=0.00, real=0.00 secs] 
12.302: [GC (Allocation Failure) [PSYoungGen: 102496K->96K(123392K)] 104288K->1888K(298496K), 0.0006958 secs] [Times: user=0.00 sys=0.00, real=0.00 secs] 
12.359: [GC (Allocation Failure) [PSYoungGen: 122976K->96K(119808K)] 124768K->1888K(294912K), 0.0005054 secs] [Times: user=0.01 sys=0.00, real=0.00 secs] 
12.415: [GC (Allocation Failure) [PSYoungGen: 119392K->96K(116224K)] 121184K->1888K(291328K), 0.0005143 secs] [Times: user=0.00 sys=0.00, real=0.00 secs] 
12.469: [GC (Allocation Failure) [PSYoungGen: 115808K->64K(112640K)] 117600K->1856K(287744K), 0.0005037 secs] [Times: user=0.01 sys=0.00, real=0.00 secs] 
12.522: [GC (Allocation Failure) [PSYoungGen: 112192K->96K(109568K)] 113984K->1888K(284672K), 0.0005141 secs] [Times: user=0.00 sys=0.00, real=0.00 secs] 
12.574: [GC (Allocation Failure) [PSYoungGen: 109152K->96K(106496K)] 110944K->1888K(281600K), 0.0005234 secs] [Times: user=0.00 sys=0.00, real=0.00 secs] 
12.623: [GC (Allocation Failure) [PSYoungGen: 106080K->96K(103424K)] 107872K->1888K(278528K), 0.0004710 secs] [Times: user=0.00 sys=0.00, real=0.00 secs] 
12.671: [GC (Allocation Failure) [PSYoungGen: 103008K->96K(100352K)] 104800K->1888K(275456K), 0.0005086 secs] [Times: user=0.00 sys=0.00, real=0.00 secs] 
12.718: [GC (Allocation Failure) [PSYoungGen: 99936K->32K(97792K)] 101728K->1824K(272896K), 0.0004986 secs] [Times: user=0.00 sys=0.00, real=0.00 secs] 
12.764: [GC (Allocation Failure) [PSYoungGen: 97312K->96K(95232K)] 99104K->1888K(270336K), 0.0005121 secs] [Times: user=0.00 sys=0.00, real=0.00 secs] 
12.809: [GC (Allocation Failure) [PSYoungGen: 94816K->96K(92672K)] 96608K->1888K(267776K), 0.0005160 secs] [Times: user=0.00 sys=0.00, real=0.00 secs] 
12.852: [GC (Allocation Failure) [PSYoungGen: 92256K->96K(90112K)] 94048K->1888K(265216K), 0.0005051 secs] [Times: user=0.00 sys=0.00, real=0.00 secs] 
12.894: [GC (Allocation Failure) [PSYoungGen: 89696K->64K(108032K)] 91488K->1856K(283136K), 0.0004886 secs] [Times: user=0.00 sys=0.00, real=0.00 secs] 
12.944: [GC (Allocation Failure) [PSYoungGen: 107584K->64K(104960K)] 109376K->1856K(280064K), 0.0004871 secs] [Times: user=0.00 sys=0.00, real=0.00 secs] 
12.994: [GC (Allocation Failure) [PSYoungGen: 104512K->96K(101888K)] 106304K->1888K(276992K), 0.0005444 secs] [Times: user=0.00 sys=0.00, real=0.00 secs] 
13.041: [GC (Allocation Failure) [PSYoungGen: 101472K->96K(98816K)] 103264K->1888K(273920K), 0.0005086 secs] [Times: user=0.00 sys=0.00, real=0.00 secs] 
13.087: [GC (Allocation Failure) [PSYoungGen: 98400K->96K(96256K)] 100192K->1888K(271360K), 0.0005096 secs] [Times: user=0.00 sys=0.00, real=0.00 secs] 
13.132: [GC (Allocation Failure) [PSYoungGen: 95840K->96K(115712K)] 97632K->1888K(290816K), 0.0005124 secs] [Times: user=0.00 sys=0.00, real=0.00 secs] 
13.185: [GC (Allocation Failure) [PSYoungGen: 115296K->96K(112128K)] 117088K->1888K(287232K), 0.0005206 secs] [Times: user=0.00 sys=0.00, real=0.00 secs] 
13.237: [GC (Allocation Failure) [PSYoungGen: 111712K->96K(109056K)] 113504K->1888K(284160K), 0.0005371 secs] [Times: user=0.00 sys=0.00, real=0.00 secs] 
13.292: [GC (Allocation Failure) [PSYoungGen: 108640K->96K(105984K)] 110432K->1888K(281088K), 0.0005172 secs] [Times: user=0.00 sys=0.00, real=0.00 secs] 
13.342: [GC (Allocation Failure) [PSYoungGen: 105568K->96K(102912K)] 107360K->1888K(278016K), 0.0005079 secs] [Times: user=0.00 sys=0.00, real=0.00 secs] 
13.391: [GC (Allocation Failure) [PSYoungGen: 102496K->96K(99840K)] 104288K->1888K(274944K), 0.0005053 secs] [Times: user=0.00 sys=0.00, real=0.00 secs] 
13.437: [GC (Allocation Failure) [PSYoungGen: 99424K->64K(97280K)] 101216K->1856K(272384K), 0.0005078 secs] [Times: user=0.00 sys=0.00, real=0.00 secs] 
13.482: [GC (Allocation Failure) [PSYoungGen: 96832K->96K(94720K)] 98624K->1888K(269824K), 0.0004923 secs] [Times: user=0.01 sys=0.00, real=0.00 secs] 
13.527: [GC (Allocation Failure) [PSYoungGen: 94304K->64K(92160K)] 96096K->1856K(267264K), 0.0005257 secs] [Times: user=0.00 sys=0.00, real=0.00 secs] 
13.569: [GC (Allocation Failure) [PSYoungGen: 91712K->96K(110592K)] 93504K->1888K(285696K), 0.0005098 secs] [Times: user=0.00 sys=0.00, real=0.00 secs] 
13.621: [GC (Allocation Failure) [PSYoungGen: 110176K->96K(107520K)] 111968K->1888K(282624K), 0.0004905 secs] [Times: user=0.01 sys=0.00, real=0.00 secs] 
13.671: [GC (Allocation Failure) [PSYoungGen: 107104K->96K(104448K)] 108896K->1888K(279552K), 0.0004993 secs] [Times: user=0.01 sys=0.00, real=0.00 secs] 
13.719: [GC (Allocation Failure) [PSYoungGen: 104032K->32K(101376K)] 105824K->1824K(276480K), 0.0004931 secs] [Times: user=0.00 sys=0.00, real=0.00 secs] 
13.766: [GC (Allocation Failure) [PSYoungGen: 100896K->96K(98816K)] 102688K->1888K(273920K), 0.0005132 secs] [Times: user=0.00 sys=0.00, real=0.00 secs] 
13.812: [GC (Allocation Failure) [PSYoungGen: 98400K->96K(96256K)] 100192K->1888K(271360K), 0.0004999 secs] [Times: user=0.00 sys=0.00, real=0.00 secs] 
13.856: [GC (Allocation Failure) [PSYoungGen: 95840K->96K(93696K)] 97632K->1888K(268800K), 0.0004820 secs] [Times: user=0.00 sys=0.00, real=0.00 secs] 
13.900: [GC (Allocation Failure) [PSYoungGen: 93280K->96K(91136K)] 95072K->1888K(266240K), 0.0004965 secs] [Times: user=0.00 sys=0.00, real=0.00 secs] 
13.942: [GC (Allocation Failure) [PSYoungGen: 90720K->64K(109568K)] 92512K->1864K(284672K), 0.0004958 secs] [Times: user=0.00 sys=0.00, real=0.00 secs] 
13.994: [GC (Allocation Failure) [PSYoungGen: 109120K->96K(106496K)] 110920K->1896K(281600K), 0.0005154 secs] [Times: user=0.00 sys=0.00, real=0.00 secs] 
14.043: [GC (Allocation Failure) [PSYoungGen: 106080K->96K(128000K)] 107880K->1896K(303104K), 0.0006986 secs] [Times: user=0.00 sys=0.00, real=0.00 secs] 
14.103: [GC (Allocation Failure) [PSYoungGen: 127584K->96K(123904K)] 129384K->1896K(299008K), 0.0004918 secs] [Times: user=0.00 sys=0.00, real=0.00 secs] 
14.160: [GC (Allocation Failure) [PSYoungGen: 123488K->96K(120320K)] 125288K->1896K(295424K), 0.0004915 secs] [Times: user=0.00 sys=0.00, real=0.00 secs] 
14.216: [GC (Allocation Failure) [PSYoungGen: 119904K->96K(116736K)] 121704K->1896K(291840K), 0.0005175 secs] [Times: user=0.01 sys=0.00, real=0.00 secs] 
14.270: [GC (Allocation Failure) [PSYoungGen: 116320K->96K(113152K)] 118120K->1896K(288256K), 0.0005266 secs] [Times: user=0.00 sys=0.00, real=0.00 secs] 
14.322: [GC (Allocation Failure) [PSYoungGen: 112736K->64K(110080K)] 114536K->1864K(285184K), 0.0005023 secs] [Times: user=0.00 sys=0.00, real=0.00 secs] 
14.373: [GC (Allocation Failure) [PSYoungGen: 109632K->96K(107008K)] 111432K->1896K(282112K), 0.0004876 secs] [Times: user=0.00 sys=0.00, real=0.00 secs] 
14.423: [GC (Allocation Failure) [PSYoungGen: 106592K->96K(103936K)] 108392K->1896K(279040K), 0.0005069 secs] [Times: user=0.00 sys=0.00, real=0.00 secs] 
14.471: [GC (Allocation Failure) [PSYoungGen: 103520K->64K(100864K)] 105320K->1864K(275968K), 0.0005035 secs] [Times: user=0.00 sys=0.00, real=0.00 secs] 
14.518: [GC (Allocation Failure) [PSYoungGen: 100416K->64K(98304K)] 102216K->1864K(273408K), 0.0004947 secs] [Times: user=0.00 sys=0.00, real=0.00 secs] 
14.563: [GC (Allocation Failure) [PSYoungGen: 97856K->96K(95744K)] 99656K->1896K(270848K), 0.0004682 secs] [Times: user=0.01 sys=0.00, real=0.00 secs] 
14.607: [GC (Allocation Failure) [PSYoungGen: 95328K->96K(93184K)] 97128K->1896K(268288K), 0.0004784 secs] [Times: user=0.00 sys=0.00, real=0.00 secs] 
14.650: [GC (Allocation Failure) [PSYoungGen: 92768K->96K(90624K)] 94568K->1896K(265728K), 0.0004765 secs] [Times: user=0.00 sys=0.00, real=0.00 secs] 
14.692: [GC (Allocation Failure) [PSYoungGen: 90208K->96K(88064K)] 92008K->1896K(263168K), 0.0004888 secs] [Times: user=0.01 sys=0.00, real=0.00 secs] 
14.733: [GC (Allocation Failure) [PSYoungGen: 87648K->96K(105984K)] 89448K->1896K(281088K), 0.0005070 secs] [Times: user=0.00 sys=0.00, real=0.00 secs] 
14.782: [GC (Allocation Failure) [PSYoungGen: 105568K->96K(102912K)] 107368K->1896K(278016K), 0.0005052 secs] [Times: user=0.00 sys=0.00, real=0.00 secs] 
14.830: [GC (Allocation Failure) [PSYoungGen: 102496K->96K(99840K)] 104296K->1896K(274944K), 0.0004942 secs] [Times: user=0.01 sys=0.00, real=0.00 secs] 
14.876: [GC (Allocation Failure) [PSYoungGen: 99424K->96K(97280K)] 101224K->1896K(272384K), 0.0004963 secs] [Times: user=0.00 sys=0.00, real=0.00 secs] 
14.921: [GC (Allocation Failure) [PSYoungGen: 96864K->96K(94720K)] 98664K->1896K(269824K), 0.0004969 secs] [Times: user=0.00 sys=0.00, real=0.00 secs] 
14.965: [GC (Allocation Failure) [PSYoungGen: 94304K->96K(113664K)] 96104K->1896K(288768K), 0.0005041 secs] [Times: user=0.00 sys=0.00, real=0.00 secs] 
15.019: [GC (Allocation Failure) [PSYoungGen: 113248K->96K(110592K)] 115048K->1896K(285696K), 0.0005087 secs] [Times: user=0.01 sys=0.00, real=0.01 secs] 
15.070: [GC (Allocation Failure) [PSYoungGen: 110176K->96K(107520K)] 111976K->1896K(282624K), 0.0004868 secs] [Times: user=0.00 sys=0.00, real=0.00 secs] 
15.119: [GC (Allocation Failure) [PSYoungGen: 107104K->96K(104448K)] 108904K->1896K(279552K), 0.0005035 secs] [Times: user=0.00 sys=0.00, real=0.00 secs] 
15.168: [GC (Allocation Failure) [PSYoungGen: 104032K->96K(101376K)] 105832K->1896K(276480K), 0.0004842 secs] [Times: user=0.01 sys=0.00, real=0.00 secs] 
15.215: [GC (Allocation Failure) [PSYoungGen: 100960K->96K(98816K)] 102760K->1896K(273920K), 0.0005086 secs] [Times: user=0.00 sys=0.00, real=0.00 secs] 
15.261: [GC (Allocation Failure) [PSYoungGen: 98400K->96K(96256K)] 100200K->1896K(271360K), 0.0005100 secs] [Times: user=0.00 sys=0.00, real=0.00 secs] 
15.305: [GC (Allocation Failure) [PSYoungGen: 95840K->96K(93696K)] 97640K->1896K(268800K), 0.0005109 secs] [Times: user=0.00 sys=0.00, real=0.00 secs] 
15.349: [GC (Allocation Failure) [PSYoungGen: 93280K->96K(91136K)] 95080K->1896K(266240K), 0.0004919 secs] [Times: user=0.00 sys=0.00, real=0.01 secs] 
15.391: [GC (Allocation Failure) [PSYoungGen: 90720K->96K(109568K)] 92520K->1896K(284672K), 0.0004893 secs] [Times: user=0.00 sys=0.00, real=0.00 secs] 
15.442: [GC (Allocation Failure) [PSYoungGen: 109152K->96K(106496K)] 110952K->1896K(281600K), 0.0005163 secs] [Times: user=0.00 sys=0.00, real=0.00 secs] 
15.491: [GC (Allocation Failure) [PSYoungGen: 106080K->96K(103424K)] 107880K->1896K(278528K), 0.0004840 secs] [Times: user=0.00 sys=0.00, real=0.00 secs] 
15.539: [GC (Allocation Failure) [PSYoungGen: 103008K->96K(100352K)] 104808K->1896K(275456K), 0.0005191 secs] [Times: user=0.00 sys=0.00, real=0.01 secs] 
15.585: [GC (Allocation Failure) [PSYoungGen: 99936K->96K(97792K)] 101736K->1896K(272896K), 0.0004949 secs] [Times: user=0.00 sys=0.00, real=0.00 secs] 
15.630: [GC (Allocation Failure) [PSYoungGen: 97376K->32K(95232K)] 99176K->1832K(270336K), 0.0004603 secs] [Times: user=0.00 sys=0.00, real=0.00 secs] 
15.675: [GC (Allocation Failure) [PSYoungGen: 94752K->96K(92672K)] 96552K->1896K(267776K), 0.0005161 secs] [Times: user=0.00 sys=0.00, real=0.00 secs] 
15.718: [GC (Allocation Failure) [PSYoungGen: 92256K->64K(111104K)] 94056K->1864K(286208K), 0.0005050 secs] [Times: user=0.00 sys=0.00, real=0.00 secs] 
15.770: [GC (Allocation Failure) [PSYoungGen: 110656K->96K(108032K)] 112456K->1896K(283136K), 0.0005126 secs] [Times: user=0.00 sys=0.00, real=0.00 secs] 
15.820: [GC (Allocation Failure) [PSYoungGen: 107616K->0K(104960K)] 109416K->1800K(280064K), 0.0004859 secs] [Times: user=0.00 sys=0.00, real=0.00 secs] 
15.869: [GC (Allocation Failure) [PSYoungGen: 104448K->96K(101888K)] 106248K->1896K(276992K), 0.0005112 secs] [Times: user=0.00 sys=0.00, real=0.00 secs] 
15.917: [GC (Allocation Failure) [PSYoungGen: 101472K->96K(98816K)] 103272K->1896K(273920K), 0.0005085 secs] [Times: user=0.00 sys=0.00, real=0.00 secs] 
15.963: [GC (Allocation Failure) [PSYoungGen: 98400K->64K(96256K)] 100200K->1864K(271360K), 0.0005439 secs] [Times: user=0.00 sys=0.00, real=0.00 secs] 
16.011: [GC (Allocation Failure) [PSYoungGen: 95808K->96K(93696K)] 97608K->1896K(268800K), 0.0005133 secs] [Times: user=0.00 sys=0.00, real=0.00 secs] 
16.058: [GC (Allocation Failure) [PSYoungGen: 93280K->96K(91136K)] 95080K->1896K(266240K), 0.0005154 secs] [Times: user=0.00 sys=0.00, real=0.00 secs] 
16.102: [GC (Allocation Failure) [PSYoungGen: 90720K->64K(109568K)] 92520K->1864K(284672K), 0.0007954 secs] [Times: user=0.01 sys=0.00, real=0.00 secs] 
16.156: [GC (Allocation Failure) [PSYoungGen: 109120K->96K(131584K)] 110920K->1896K(306688K), 0.0004991 secs] [Times: user=0.00 sys=0.00, real=0.00 secs] 
16.221: [GC (Allocation Failure) [PSYoungGen: 131168K->96K(127488K)] 132968K->1896K(302592K), 0.0004964 secs] [Times: user=0.00 sys=0.00, real=0.00 secs] 
16.281: [GC (Allocation Failure) [PSYoungGen: 127072K->96K(123392K)] 128872K->1896K(298496K), 0.0005152 secs] [Times: user=0.00 sys=0.00, real=0.00 secs] 
16.339: [GC (Allocation Failure) [PSYoungGen: 122976K->96K(119808K)] 124776K->1896K(294912K), 0.0005043 secs] [Times: user=0.00 sys=0.00, real=0.00 secs] 
16.395: [GC (Allocation Failure) [PSYoungGen: 119392K->32K(116224K)] 121192K->1832K(291328K), 0.0006100 secs] [Times: user=0.01 sys=0.00, real=0.00 secs] 
16.449: [GC (Allocation Failure) [PSYoungGen: 115744K->96K(112640K)] 117544K->1896K(287744K), 0.0005085 secs] [Times: user=0.00 sys=0.00, real=0.01 secs] 
16.501: [GC (Allocation Failure) [PSYoungGen: 112224K->96K(109568K)] 114024K->1896K(284672K), 0.0005047 secs] [Times: user=0.00 sys=0.00, real=0.00 secs] 
16.552: [GC (Allocation Failure) [PSYoungGen: 109152K->96K(106496K)] 110952K->1896K(281600K), 0.0005196 secs] [Times: user=0.00 sys=0.00, real=0.00 secs] 
16.601: [GC (Allocation Failure) [PSYoungGen: 106080K->96K(128000K)] 107880K->1896K(303104K), 0.0008108 secs] [Times: user=0.00 sys=0.00, real=0.00 secs] 
16.662: [GC (Allocation Failure) [PSYoungGen: 127584K->96K(123904K)] 129384K->1896K(299008K), 0.0005152 secs] [Times: user=0.00 sys=0.00, real=0.00 secs] 
16.723: [GC (Allocation Failure) [PSYoungGen: 123488K->64K(120320K)] 125288K->1864K(295424K), 0.0005403 secs] [Times: user=0.01 sys=0.00, real=0.00 secs] 
16.779: [GC (Allocation Failure) [PSYoungGen: 119872K->96K(116736K)] 121672K->1896K(291840K), 0.0005154 secs] [Times: user=0.00 sys=0.00, real=0.01 secs] 
16.833: [GC (Allocation Failure) [PSYoungGen: 116320K->32K(113152K)] 118120K->1832K(288256K), 0.0005528 secs] [Times: user=0.00 sys=0.00, real=0.00 secs] 
16.886: [GC (Allocation Failure) [PSYoungGen: 112672K->96K(110080K)] 114472K->1896K(285184K), 0.0005126 secs] [Times: user=0.00 sys=0.00, real=0.00 secs] 
16.940: [GC (Allocation Failure) [PSYoungGen: 109664K->96K(107008K)] 111464K->1896K(282112K), 0.0005164 secs] [Times: user=0.00 sys=0.00, real=0.00 secs] 
16.991: [GC (Allocation Failure) [PSYoungGen: 106592K->64K(128512K)] 108392K->1864K(303616K), 0.0009881 secs] [Times: user=0.01 sys=0.00, real=0.00 secs] 
17.053: [GC (Allocation Failure) [PSYoungGen: 128064K->96K(154112K)] 129864K->1896K(329216K), 0.0005186 secs] [Times: user=0.00 sys=0.00, real=0.00 secs] 
17.125: [GC (Allocation Failure) [PSYoungGen: 153696K->64K(148992K)] 155496K->1864K(324096K), 0.0005501 secs] [Times: user=0.00 sys=0.00, real=0.00 secs] 
17.194: [GC (Allocation Failure) [PSYoungGen: 148544K->32K(143872K)] 150344K->1832K(318976K), 0.0006340 secs] [Times: user=0.00 sys=0.00, real=0.00 secs] 
17.261: [GC (Allocation Failure) [PSYoungGen: 143392K->96K(139264K)] 145192K->1896K(314368K), 0.0005240 secs] [Times: user=0.00 sys=0.00, real=0.00 secs] 
17.328: [GC (Allocation Failure) [PSYoungGen: 138848K->96K(134656K)] 140648K->1896K(309760K), 0.0005131 secs] [Times: user=0.00 sys=0.00, real=0.00 secs] 
17.396: [GC (Allocation Failure) [PSYoungGen: 134240K->64K(130560K)] 136040K->1864K(305664K), 0.0010419 secs] [Times: user=0.00 sys=0.00, real=0.00 secs] 
17.457: [GC (Allocation Failure) [PSYoungGen: 130112K->96K(126464K)] 131912K->1896K(301568K), 0.0005056 secs] [Times: user=0.00 sys=0.00, real=0.00 secs] 
17.515: [GC (Allocation Failure) [PSYoungGen: 126048K->96K(122368K)] 127848K->1896K(297472K), 0.0004983 secs] [Times: user=0.00 sys=0.00, real=0.00 secs] 
17.571: [GC (Allocation Failure) [PSYoungGen: 121952K->64K(118784K)] 123752K->1864K(293888K), 0.0004920 secs] [Times: user=0.00 sys=0.00, real=0.00 secs] 
17.626: [GC (Allocation Failure) [PSYoungGen: 118336K->96K(115200K)] 120136K->1896K(290304K), 0.0005138 secs] [Times: user=0.00 sys=0.01, real=0.00 secs] 
17.680: [GC (Allocation Failure) [PSYoungGen: 114784K->96K(111616K)] 116584K->1896K(286720K), 0.0005532 secs] [Times: user=0.00 sys=0.00, real=0.00 secs] 
17.732: [GC (Allocation Failure) [PSYoungGen: 111200K->64K(134144K)] 113000K->1864K(309248K), 0.0009656 secs] [Times: user=0.00 sys=0.00, real=0.00 secs] 
17.795: [GC (Allocation Failure) [PSYoungGen: 133696K->96K(161280K)] 135496K->1896K(336384K), 0.0005243 secs] [Times: user=0.00 sys=0.00, real=0.00 secs] 
17.870: [GC (Allocation Failure) [PSYoungGen: 160863K->64K(193536K)] 162663K->1864K(368640K), 0.0009773 secs] [Times: user=0.00 sys=0.00, real=0.00 secs] 
17.963: [GC (Allocation Failure) [PSYoungGen: 193088K->96K(186368K)] 194888K->1896K(361472K), 0.0005153 secs] [Times: user=0.00 sys=0.00, real=0.00 secs] 
18.050: [GC (Allocation Failure) [PSYoungGen: 185952K->96K(179712K)] 187752K->1896K(354816K), 0.0005210 secs] [Times: user=0.00 sys=0.00, real=0.00 secs] 
18.133: [GC (Allocation Failure) [PSYoungGen: 179296K->96K(173568K)] 181096K->1896K(348672K), 0.0005064 secs] [Times: user=0.00 sys=0.00, real=0.00 secs] 
18.213: [GC (Allocation Failure) [PSYoungGen: 173152K->64K(167424K)] 174952K->1864K(342528K), 0.0005051 secs] [Times: user=0.00 sys=0.00, real=0.00 secs] 
18.293: [GC (Allocation Failure) [PSYoungGen: 166976K->96K(161792K)] 168776K->1896K(336896K), 0.0005212 secs] [Times: user=0.00 sys=0.00, real=0.00 secs] 
18.369: [GC (Allocation Failure) [PSYoungGen: 161376K->96K(156160K)] 163176K->1896K(331264K), 0.0005191 secs] [Times: user=0.00 sys=0.00, real=0.00 secs] 
18.441: [GC (Allocation Failure) [PSYoungGen: 155744K->32K(151040K)] 157544K->1832K(326144K), 0.0007908 secs] [Times: user=0.00 sys=0.00, real=0.00 secs] 
18.512: [GC (Allocation Failure) [PSYoungGen: 150560K->96K(145920K)] 152360K->1896K(321024K), 0.0005156 secs] [Times: user=0.00 sys=0.00, real=0.00 secs] 
18.580: [GC (Allocation Failure) [PSYoungGen: 145504K->32K(141312K)] 147304K->1832K(316416K), 0.0005132 secs] [Times: user=0.00 sys=0.00, real=0.00 secs] 
18.645: [GC (Allocation Failure) [PSYoungGen: 140832K->96K(136704K)] 142632K->1896K(311808K), 0.0005074 secs] [Times: user=0.00 sys=0.00, real=0.00 secs] 
18.709: [GC (Allocation Failure) [PSYoungGen: 136288K->96K(132608K)] 138088K->1896K(307712K), 0.0005013 secs] [Times: user=0.00 sys=0.00, real=0.01 secs] 
18.771: [GC (Allocation Failure) [PSYoungGen: 132192K->96K(128512K)] 133992K->1896K(303616K), 0.0005079 secs] [Times: user=0.00 sys=0.00, real=0.00 secs] 
18.830: [GC (Allocation Failure) [PSYoungGen: 128096K->32K(124416K)] 129896K->1832K(299520K), 0.0010291 secs] [Times: user=0.00 sys=0.00, real=0.00 secs] 
18.889: [GC (Allocation Failure) [PSYoungGen: 123936K->96K(120832K)] 125736K->1896K(295936K), 0.0005111 secs] [Times: user=0.00 sys=0.00, real=0.01 secs] 
18.945: [GC (Allocation Failure) [PSYoungGen: 120416K->96K(117248K)] 122216K->1896K(292352K), 0.0005125 secs] [Times: user=0.00 sys=0.00, real=0.00 secs] 
19.001: [GC (Allocation Failure) [PSYoungGen: 116832K->64K(113664K)] 118632K->1864K(288768K), 0.0005135 secs] [Times: user=0.00 sys=0.00, real=0.00 secs] 
19.054: [GC (Allocation Failure) [PSYoungGen: 113216K->96K(110592K)] 115016K->1896K(285696K), 0.0005087 secs] [Times: user=0.00 sys=0.00, real=0.00 secs] 
19.106: [GC (Allocation Failure) [PSYoungGen: 110176K->96K(107520K)] 111976K->1896K(282624K), 0.0004937 secs] [Times: user=0.00 sys=0.00, real=0.00 secs] 
19.156: [GC (Allocation Failure) [PSYoungGen: 107104K->96K(104448K)] 108904K->1896K(279552K), 0.0005137 secs] [Times: user=0.00 sys=0.00, real=0.00 secs] 
19.204: [GC (Allocation Failure) [PSYoungGen: 104032K->96K(101376K)] 105832K->1896K(276480K), 0.0004983 secs] [Times: user=0.00 sys=0.00, real=0.00 secs] 
19.251: [GC (Allocation Failure) [PSYoungGen: 100960K->64K(121856K)] 102760K->1864K(296960K), 0.0009877 secs] [Times: user=0.00 sys=0.00, real=0.00 secs] 
19.309: [GC (Allocation Failure) [PSYoungGen: 121408K->96K(146432K)] 123208K->1896K(321536K), 0.0005255 secs] [Times: user=0.00 sys=0.00, real=0.00 secs] 
19.378: [GC (Allocation Failure) [PSYoungGen: 146016K->96K(141824K)] 147816K->1896K(316928K), 0.0005163 secs] [Times: user=0.00 sys=0.00, real=0.00 secs] 
19.444: [GC (Allocation Failure) [PSYoungGen: 141408K->32K(137216K)] 143208K->1832K(312320K), 0.0005085 secs] [Times: user=0.00 sys=0.00, real=0.00 secs] 
19.507: [GC (Allocation Failure) [PSYoungGen: 136736K->64K(132608K)] 138536K->1864K(307712K), 0.0005529 secs] [Times: user=0.00 sys=0.00, real=0.00 secs] 
19.569: [GC (Allocation Failure) [PSYoungGen: 132160K->64K(159232K)] 133960K->1864K(334336K), 0.0010527 secs] [Times: user=0.01 sys=0.00, real=0.00 secs] 
19.643: [GC (Allocation Failure) [PSYoungGen: 158784K->96K(154112K)] 160584K->1896K(329216K), 0.0005097 secs] [Times: user=0.00 sys=0.00, real=0.00 secs] 
19.714: [GC (Allocation Failure) [PSYoungGen: 153696K->96K(148992K)] 155496K->1896K(324096K), 0.0005186 secs] [Times: user=0.00 sys=0.00, real=0.00 secs] 
19.784: [GC (Allocation Failure) [PSYoungGen: 148576K->96K(143872K)] 150376K->1896K(318976K), 0.0005604 secs] [Times: user=0.00 sys=0.00, real=0.00 secs] 
19.850: [GC (Allocation Failure) [PSYoungGen: 143456K->64K(139264K)] 145256K->1864K(314368K), 0.0005084 secs] [Times: user=0.00 sys=0.00, real=0.00 secs] 
19.915: [GC (Allocation Failure) [PSYoungGen: 138816K->96K(134656K)] 140616K->1896K(309760K), 0.0005175 secs] [Times: user=0.00 sys=0.00, real=0.00 secs] 
19.978: [GC (Allocation Failure) [PSYoungGen: 134240K->96K(130560K)] 136040K->1896K(305664K), 0.0005257 secs] [Times: user=0.00 sys=0.00, real=0.00 secs] 
20.039: [GC (Allocation Failure) [PSYoungGen: 130144K->64K(126464K)] 131944K->1864K(301568K), 0.0005597 secs] [Times: user=0.00 sys=0.00, real=0.00 secs] 
20.098: [GC (Allocation Failure) [PSYoungGen: 126016K->96K(122368K)] 127816K->1896K(297472K), 0.0005214 secs] [Times: user=0.00 sys=0.00, real=0.01 secs] 
20.155: [GC (Allocation Failure) [PSYoungGen: 121952K->64K(118784K)] 123752K->1864K(293888K), 0.0005154 secs] [Times: user=0.00 sys=0.00, real=0.00 secs] 
20.210: [GC (Allocation Failure) [PSYoungGen: 118336K->96K(115200K)] 120136K->1896K(290304K), 0.0005085 secs] [Times: user=0.00 sys=0.00, real=0.00 secs] 
20.267: [GC (Allocation Failure) [PSYoungGen: 114784K->96K(111616K)] 116584K->1896K(286720K), 0.0005182 secs] [Times: user=0.00 sys=0.00, real=0.00 secs] 
20.320: [GC (Allocation Failure) [PSYoungGen: 111200K->96K(108544K)] 113000K->1920K(283648K), 0.0005296 secs] [Times: user=0.00 sys=0.00, real=0.00 secs] 
20.371: [GC (Allocation Failure) [PSYoungGen: 108128K->96K(105472K)] 109952K->1920K(280576K), 0.0005447 secs] [Times: user=0.00 sys=0.00, real=0.00 secs] 
20.420: [GC (Allocation Failure) [PSYoungGen: 105056K->96K(102400K)] 106880K->1920K(277504K), 0.0005442 secs] [Times: user=0.00 sys=0.00, real=0.00 secs] 
20.467: [GC (Allocation Failure) [PSYoungGen: 101984K->32K(99328K)] 103808K->1856K(274432K), 0.0005123 secs] [Times: user=0.00 sys=0.00, real=0.00 secs] 
20.513: [GC (Allocation Failure) [PSYoungGen: 98848K->96K(96768K)] 100672K->1920K(271872K), 0.0004764 secs] [Times: user=0.01 sys=0.00, real=0.00 secs] 
20.558: [GC (Allocation Failure) [PSYoungGen: 96352K->96K(94208K)] 98176K->1920K(269312K), 0.0005146 secs] [Times: user=0.00 sys=0.00, real=0.00 secs] 
20.601: [GC (Allocation Failure) [PSYoungGen: 93792K->96K(91648K)] 95616K->1920K(266752K), 0.0005137 secs] [Times: user=0.00 sys=0.00, real=0.00 secs] 
20.644: [GC (Allocation Failure) [PSYoungGen: 91232K->96K(89088K)] 93056K->1920K(264192K), 0.0004769 secs] [Times: user=0.00 sys=0.00, real=0.00 secs] 
20.685: [GC (Allocation Failure) [PSYoungGen: 88672K->96K(107008K)] 90496K->1920K(282112K), 0.0004718 secs] [Times: user=0.00 sys=0.00, real=0.00 secs] 
20.735: [GC (Allocation Failure) [PSYoungGen: 106592K->96K(103936K)] 108416K->1920K(279040K), 0.0005027 secs] [Times: user=0.00 sys=0.00, real=0.00 secs] 
20.783: [GC (Allocation Failure) [PSYoungGen: 103520K->64K(100864K)] 105344K->1888K(275968K), 0.0005133 secs] [Times: user=0.00 sys=0.00, real=0.00 secs] 
20.831: [GC (Allocation Failure) [PSYoungGen: 100416K->64K(98304K)] 102240K->1888K(273408K), 0.0005214 secs] [Times: user=0.00 sys=0.00, real=0.00 secs] 
20.876: [GC (Allocation Failure) [PSYoungGen: 97856K->96K(95744K)] 99680K->1920K(270848K), 0.0004765 secs] [Times: user=0.00 sys=0.00, real=0.00 secs] 
20.921: [GC (Allocation Failure) [PSYoungGen: 95328K->96K(93184K)] 97152K->1920K(268288K), 0.0005000 secs] [Times: user=0.00 sys=0.00, real=0.00 secs] 
20.965: [GC (Allocation Failure) [PSYoungGen: 92768K->96K(112128K)] 94592K->1920K(287232K), 0.0005282 secs] [Times: user=0.00 sys=0.00, real=0.00 secs] 
21.019: [GC (Allocation Failure) [PSYoungGen: 111712K->96K(134656K)] 113536K->1920K(309760K), 0.0006459 secs] [Times: user=0.01 sys=0.00, real=0.01 secs] 
21.083: [GC (Allocation Failure) [PSYoungGen: 134240K->96K(130560K)] 136064K->1920K(305664K), 0.0005171 secs] [Times: user=0.00 sys=0.00, real=0.00 secs] 
21.143: [GC (Allocation Failure) [PSYoungGen: 130144K->96K(126464K)] 131968K->1920K(301568K), 0.0005145 secs] [Times: user=0.00 sys=0.00, real=0.00 secs] 
21.202: [GC (Allocation Failure) [PSYoungGen: 126048K->96K(122368K)] 127872K->1920K(297472K), 0.0005264 secs] [Times: user=0.00 sys=0.00, real=0.00 secs] 
21.259: [GC (Allocation Failure) [PSYoungGen: 121952K->64K(118784K)] 123776K->1888K(293888K), 0.0004993 secs] [Times: user=0.00 sys=0.00, real=0.01 secs] 
21.313: [GC (Allocation Failure) [PSYoungGen: 118336K->96K(115200K)] 120160K->1920K(290304K), 0.0005054 secs] [Times: user=0.00 sys=0.00, real=0.00 secs] 
21.366: [GC (Allocation Failure) [PSYoungGen: 114784K->96K(111616K)] 116608K->1920K(286720K), 0.0004878 secs] [Times: user=0.01 sys=0.00, real=0.00 secs] 
21.418: [GC (Allocation Failure) [PSYoungGen: 111200K->96K(108544K)] 113024K->1920K(283648K), 0.0005162 secs] [Times: user=0.00 sys=0.00, real=0.00 secs] 
21.468: [GC (Allocation Failure) [PSYoungGen: 108128K->96K(105472K)] 109952K->1920K(280576K), 0.0005157 secs] [Times: user=0.00 sys=0.00, real=0.01 secs] 
21.517: [GC (Allocation Failure) [PSYoungGen: 105056K->96K(102400K)] 106880K->1920K(277504K), 0.0004918 secs] [Times: user=0.00 sys=0.00, real=0.00 secs] 
21.564: [GC (Allocation Failure) [PSYoungGen: 101984K->96K(99328K)] 103808K->1920K(274432K), 0.0005004 secs] [Times: user=0.00 sys=0.00, real=0.00 secs] 
21.610: [GC (Allocation Failure) [PSYoungGen: 98912K->96K(96768K)] 100736K->1920K(271872K), 0.0005235 secs] [Times: user=0.00 sys=0.00, real=0.00 secs] 
21.655: [GC (Allocation Failure) [PSYoungGen: 96352K->96K(94208K)] 98176K->1920K(269312K), 0.0004919 secs] [Times: user=0.00 sys=0.00, real=0.00 secs] 
21.699: [GC (Allocation Failure) [PSYoungGen: 93792K->64K(91648K)] 95616K->1888K(266752K), 0.0004915 secs] [Times: user=0.00 sys=0.00, real=0.01 secs] 
21.742: [GC (Allocation Failure) [PSYoungGen: 91200K->96K(110080K)] 93024K->1920K(285184K), 0.0005426 secs] [Times: user=0.00 sys=0.00, real=0.00 secs] 
21.793: [GC (Allocation Failure) [PSYoungGen: 109664K->96K(107008K)] 111488K->1920K(282112K), 0.0004997 secs] [Times: user=0.01 sys=0.00, real=0.00 secs] 
21.842: [GC (Allocation Failure) [PSYoungGen: 106592K->96K(103936K)] 108416K->1920K(279040K), 0.0004902 secs] [Times: user=0.01 sys=0.00, real=0.00 secs] 
21.890: [GC (Allocation Failure) [PSYoungGen: 103520K->64K(100864K)] 105344K->1888K(275968K), 0.0005411 secs] [Times: user=0.00 sys=0.00, real=0.00 secs] 
21.937: [GC (Allocation Failure) [PSYoungGen: 100416K->96K(98304K)] 102240K->1920K(273408K), 0.0004707 secs] [Times: user=0.00 sys=0.00, real=0.00 secs] 
21.982: [GC (Allocation Failure) [PSYoungGen: 97888K->96K(95744K)] 99712K->1920K(270848K), 0.0005058 secs] [Times: user=0.00 sys=0.00, real=0.00 secs] 
22.029: [GC (Allocation Failure) [PSYoungGen: 95328K->96K(93184K)] 97152K->1920K(268288K), 0.0005167 secs] [Times: user=0.00 sys=0.00, real=0.01 secs] 
22.072: [GC (Allocation Failure) [PSYoungGen: 92768K->64K(112128K)] 94592K->1888K(287232K), 0.0004912 secs] [Times: user=0.00 sys=0.00, real=0.00 secs] 
22.123: [GC (Allocation Failure) [PSYoungGen: 111679K->96K(109056K)] 113503K->1920K(284160K), 0.0005087 secs] [Times: user=0.00 sys=0.00, real=0.00 secs] 
22.175: [GC (Allocation Failure) [PSYoungGen: 108640K->96K(105984K)] 110464K->1920K(281088K), 0.0005323 secs] [Times: user=0.00 sys=0.00, real=0.00 secs] 
22.224: [GC (Allocation Failure) [PSYoungGen: 105568K->32K(127488K)] 107392K->1856K(302592K), 0.0012598 secs] [Times: user=0.00 sys=0.00, real=0.00 secs] 
22.287: [GC (Allocation Failure) [PSYoungGen: 127008K->96K(153088K)] 128832K->1920K(328192K), 0.0005045 secs] [Times: user=0.00 sys=0.00, real=0.00 secs] 
22.358: [GC (Allocation Failure) [PSYoungGen: 152672K->64K(183808K)] 154496K->1888K(358912K), 0.0005151 secs] [Times: user=0.01 sys=0.00, real=0.00 secs] 
22.443: [GC (Allocation Failure) [PSYoungGen: 183360K->96K(177152K)] 185184K->1920K(352256K), 0.0005167 secs] [Times: user=0.00 sys=0.01, real=0.00 secs] 
22.524: [GC (Allocation Failure) [PSYoungGen: 176736K->0K(171008K)] 178560K->1824K(346112K), 0.0004880 secs] [Times: user=0.00 sys=0.00, real=0.00 secs] 
22.604: [GC (Allocation Failure) [PSYoungGen: 170496K->96K(164864K)] 172320K->1920K(339968K), 0.0005131 secs] [Times: user=0.00 sys=0.00, real=0.00 secs] 
22.680: [GC (Allocation Failure) [PSYoungGen: 164448K->96K(159232K)] 166272K->1920K(334336K), 0.0005328 secs] [Times: user=0.00 sys=0.00, real=0.00 secs] 
22.753: [GC (Allocation Failure) [PSYoungGen: 158816K->96K(154112K)] 160640K->1920K(329216K), 0.0006121 secs] [Times: user=0.00 sys=0.00, real=0.00 secs] 
22.825: [GC (Allocation Failure) [PSYoungGen: 153696K->96K(148992K)] 155520K->1920K(324096K), 0.0004927 secs] [Times: user=0.00 sys=0.00, real=0.00 secs] 
22.894: [GC (Allocation Failure) [PSYoungGen: 148576K->96K(143872K)] 150400K->1920K(318976K), 0.0005232 secs] [Times: user=0.00 sys=0.00, real=0.00 secs] 
22.960: [GC (Allocation Failure) [PSYoungGen: 143456K->96K(139264K)] 145280K->1920K(314368K), 0.0005289 secs] [Times: user=0.00 sys=0.00, real=0.00 secs] 
23.026: [GC (Allocation Failure) [PSYoungGen: 138848K->96K(134656K)] 140672K->1920K(309760K), 0.0005219 secs] [Times: user=0.01 sys=0.00, real=0.00 secs] 
23.088: [GC (Allocation Failure) [PSYoungGen: 134240K->96K(130560K)] 136064K->1920K(305664K), 0.0005190 secs] [Times: user=0.00 sys=0.00, real=0.01 secs] 
23.149: [GC (Allocation Failure) [PSYoungGen: 130144K->96K(126464K)] 131968K->1920K(301568K), 0.0005299 secs] [Times: user=0.00 sys=0.00, real=0.01 secs] 
23.207: [GC (Allocation Failure) [PSYoungGen: 126048K->96K(122368K)] 127872K->1920K(297472K), 0.0005165 secs] [Times: user=0.00 sys=0.00, real=0.00 secs] 
23.264: [GC (Allocation Failure) [PSYoungGen: 121952K->64K(118784K)] 123776K->1888K(293888K), 0.0004897 secs] [Times: user=0.01 sys=0.00, real=0.00 secs] 
23.324: [GC (Allocation Failure) [PSYoungGen: 118336K->96K(115200K)] 120160K->1920K(290304K), 0.0005198 secs] [Times: user=0.01 sys=0.00, real=0.00 secs] 
23.379: [GC (Allocation Failure) [PSYoungGen: 114784K->96K(111616K)] 116608K->1920K(286720K), 0.0005164 secs] [Times: user=0.00 sys=0.00, real=0.00 secs] 
23.430: [GC (Allocation Failure) [PSYoungGen: 111200K->96K(108544K)] 113024K->1920K(283648K), 0.0005621 secs] [Times: user=0.00 sys=0.00, real=0.00 secs] 
23.481: [GC (Allocation Failure) [PSYoungGen: 108128K->96K(105472K)] 109952K->1920K(280576K), 0.0005037 secs] [Times: user=0.00 sys=0.00, real=0.00 secs] 
23.530: [GC (Allocation Failure) [PSYoungGen: 105056K->96K(102400K)] 106880K->1920K(277504K), 0.0005183 secs] [Times: user=0.00 sys=0.00, real=0.00 secs] 
23.577: [GC (Allocation Failure) [PSYoungGen: 101984K->96K(99328K)] 103808K->1920K(274432K), 0.0005391 secs] [Times: user=0.00 sys=0.00, real=0.00 secs] 
23.623: [GC (Allocation Failure) [PSYoungGen: 98912K->96K(96768K)] 100736K->1920K(271872K), 0.0004932 secs] [Times: user=0.00 sys=0.00, real=0.00 secs] 
23.667: [GC (Allocation Failure) [PSYoungGen: 96352K->96K(94208K)] 98176K->1920K(269312K), 0.0004710 secs] [Times: user=0.00 sys=0.00, real=0.00 secs] 
23.711: [GC (Allocation Failure) [PSYoungGen: 93792K->96K(91648K)] 95616K->1920K(266752K), 0.0005042 secs] [Times: user=0.01 sys=0.00, real=0.00 secs] 
23.754: [GC (Allocation Failure) [PSYoungGen: 91232K->96K(89088K)] 93056K->1920K(264192K), 0.0005123 secs] [Times: user=0.00 sys=0.00, real=0.00 secs] 
23.796: [GC (Allocation Failure) [PSYoungGen: 88672K->96K(107008K)] 90496K->1920K(282112K), 0.0005101 secs] [Times: user=0.00 sys=0.00, real=0.00 secs] 
23.845: [GC (Allocation Failure) [PSYoungGen: 106592K->64K(128512K)] 108416K->1888K(303616K), 0.0005287 secs] [Times: user=0.00 sys=0.00, real=0.00 secs] 
23.905: [GC (Allocation Failure) [PSYoungGen: 128064K->96K(124416K)] 129888K->1920K(299520K), 0.0004922 secs] [Times: user=0.00 sys=0.00, real=0.00 secs] 
23.963: [GC (Allocation Failure) [PSYoungGen: 124000K->96K(120832K)] 125824K->1920K(295936K), 0.0005181 secs] [Times: user=0.00 sys=0.00, real=0.00 secs] 
24.020: [GC (Allocation Failure) [PSYoungGen: 120416K->64K(117248K)] 122240K->1888K(292352K), 0.0005414 secs] [Times: user=0.00 sys=0.00, real=0.00 secs] 
24.074: [GC (Allocation Failure) [PSYoungGen: 116800K->96K(113664K)] 118624K->1920K(288768K), 0.0005048 secs] [Times: user=0.00 sys=0.00, real=0.00 secs] 
24.127: [GC (Allocation Failure) [PSYoungGen: 113248K->96K(110592K)] 115072K->1920K(285696K), 0.0005097 secs] [Times: user=0.00 sys=0.00, real=0.00 secs] 
24.178: [GC (Allocation Failure) [PSYoungGen: 110176K->64K(132608K)] 112000K->1888K(307712K), 0.0010509 secs] [Times: user=0.00 sys=0.00, real=0.01 secs] 
24.241: [GC (Allocation Failure) [PSYoungGen: 132160K->96K(159232K)] 133984K->1920K(334336K), 0.0005112 secs] [Times: user=0.00 sys=0.00, real=0.00 secs] 
24.314: [GC (Allocation Failure) [PSYoungGen: 158816K->96K(154112K)] 160640K->1920K(329216K), 0.0005189 secs] [Times: user=0.00 sys=0.00, real=0.00 secs] 
24.385: [GC (Allocation Failure) [PSYoungGen: 153696K->96K(148992K)] 155520K->1920K(324096K), 0.0005120 secs] [Times: user=0.00 sys=0.00, real=0.00 secs] 
24.454: [GC (Allocation Failure) [PSYoungGen: 148576K->96K(143872K)] 150400K->1920K(318976K), 0.0004983 secs] [Times: user=0.00 sys=0.00, real=0.00 secs] 
24.520: [GC (Allocation Failure) [PSYoungGen: 143456K->64K(139264K)] 145280K->1888K(314368K), 0.0005027 secs] [Times: user=0.00 sys=0.00, real=0.00 secs] 
24.585: [GC (Allocation Failure) [PSYoungGen: 138816K->96K(134656K)] 140640K->1920K(309760K), 0.0005171 secs] [Times: user=0.01 sys=0.00, real=0.00 secs] 
24.647: [GC (Allocation Failure) [PSYoungGen: 134240K->64K(130560K)] 136064K->1888K(305664K), 0.0005334 secs] [Times: user=0.00 sys=0.00, real=0.00 secs] 
24.707: [GC (Allocation Failure) [PSYoungGen: 130112K->64K(126464K)] 131936K->1888K(301568K), 0.0004923 secs] [Times: user=0.00 sys=0.00, real=0.00 secs] 
24.766: [GC (Allocation Failure) [PSYoungGen: 126016K->96K(122368K)] 127840K->1920K(297472K), 0.0005108 secs] [Times: user=0.00 sys=0.00, real=0.00 secs] 
24.823: [GC (Allocation Failure) [PSYoungGen: 121952K->96K(118784K)] 123776K->1920K(293888K), 0.0005049 secs] [Times: user=0.01 sys=0.00, real=0.00 secs] 
24.878: [GC (Allocation Failure) [PSYoungGen: 118368K->96K(115200K)] 120192K->1920K(290304K), 0.0005207 secs] [Times: user=0.00 sys=0.00, real=0.00 secs] 
24.931: [GC (Allocation Failure) [PSYoungGen: 114784K->96K(111616K)] 116608K->1920K(286720K), 0.0005107 secs] [Times: user=0.00 sys=0.00, real=0.00 secs] 
24.983: [GC (Allocation Failure) [PSYoungGen: 111200K->64K(108544K)] 113024K->1888K(283648K), 0.0005164 secs] [Times: user=0.00 sys=0.00, real=0.00 secs] 
25.034: [GC (Allocation Failure) [PSYoungGen: 108096K->96K(105472K)] 109920K->1920K(280576K), 0.0005210 secs] [Times: user=0.00 sys=0.00, real=0.00 secs] 
25.083: [GC (Allocation Failure) [PSYoungGen: 105056K->96K(102400K)] 106880K->1920K(277504K), 0.0004966 secs] [Times: user=0.00 sys=0.00, real=0.00 secs] 
25.130: [GC (Allocation Failure) [PSYoungGen: 101984K->96K(99328K)] 103808K->1920K(274432K), 0.0004790 secs] [Times: user=0.00 sys=0.00, real=0.00 secs] 
25.177: [GC (Allocation Failure) [PSYoungGen: 98912K->96K(96768K)] 100736K->1920K(271872K), 0.0005118 secs] [Times: user=0.00 sys=0.00, real=0.00 secs] 
25.222: [GC (Allocation Failure) [PSYoungGen: 96352K->96K(94208K)] 98176K->1920K(269312K), 0.0005161 secs] [Times: user=0.00 sys=0.00, real=0.00 secs] 
25.265: [GC (Allocation Failure) [PSYoungGen: 93792K->96K(91648K)] 95616K->1920K(266752K), 0.0005075 secs] [Times: user=0.00 sys=0.00, real=0.00 secs] 
25.308: [GC (Allocation Failure) [PSYoungGen: 91232K->96K(89088K)] 93056K->1920K(264192K), 0.0004982 secs] [Times: user=0.00 sys=0.00, real=0.00 secs] 
25.351: [GC (Allocation Failure) [PSYoungGen: 88672K->64K(107008K)] 90496K->1888K(282112K), 0.0011464 secs] [Times: user=0.00 sys=0.00, real=0.00 secs] 
25.402: [GC (Allocation Failure) [PSYoungGen: 106560K->96K(128512K)] 108384K->1920K(303616K), 0.0013385 secs] [Times: user=0.00 sys=0.00, real=0.00 secs] 
25.462: [GC (Allocation Failure) [PSYoungGen: 128096K->96K(154112K)] 129920K->1920K(329216K), 0.0005065 secs] [Times: user=0.00 sys=0.00, real=0.00 secs] 
25.533: [GC (Allocation Failure) [PSYoungGen: 153696K->96K(184832K)] 155520K->1920K(359936K), 0.0005008 secs] [Times: user=0.00 sys=0.00, real=0.00 secs] 
25.619: [GC (Allocation Failure) [PSYoungGen: 184416K->96K(178176K)] 186240K->1920K(353280K), 0.0005100 secs] [Times: user=0.00 sys=0.00, real=0.01 secs] 
25.701: [GC (Allocation Failure) [PSYoungGen: 177760K->96K(172032K)] 179584K->1920K(347136K), 0.0005114 secs] [Times: user=0.00 sys=0.00, real=0.00 secs] 
25.781: [GC (Allocation Failure) [PSYoungGen: 171616K->64K(165888K)] 173440K->1888K(340992K), 0.0005184 secs] [Times: user=0.00 sys=0.00, real=0.00 secs] 
25.857: [GC (Allocation Failure) [PSYoungGen: 165440K->96K(160256K)] 167264K->1920K(335360K), 0.0005140 secs] [Times: user=0.01 sys=0.00, real=0.00 secs] 
25.931: [GC (Allocation Failure) [PSYoungGen: 159840K->96K(154624K)] 161664K->1920K(329728K), 0.0005321 secs] [Times: user=0.00 sys=0.00, real=0.00 secs] 
26.003: [GC (Allocation Failure) [PSYoungGen: 154208K->96K(149504K)] 156032K->1920K(324608K), 0.0005142 secs] [Times: user=0.00 sys=0.00, real=0.00 secs] 
26.074: [GC (Allocation Failure) [PSYoungGen: 149088K->96K(144384K)] 150912K->1920K(319488K), 0.0005058 secs] [Times: user=0.00 sys=0.00, real=0.00 secs] 
26.140: [GC (Allocation Failure) [PSYoungGen: 143968K->96K(139776K)] 145792K->1920K(314880K), 0.0005227 secs] [Times: user=0.00 sys=0.00, real=0.00 secs] 
26.205: [GC (Allocation Failure) [PSYoungGen: 139360K->96K(135168K)] 141184K->1920K(310272K), 0.0005141 secs] [Times: user=0.00 sys=0.00, real=0.00 secs] 
26.268: [GC (Allocation Failure) [PSYoungGen: 134752K->96K(131072K)] 136576K->1920K(306176K), 0.0005093 secs] [Times: user=0.00 sys=0.00, real=0.00 secs] 
26.329: [GC (Allocation Failure) [PSYoungGen: 130656K->96K(126976K)] 132480K->1920K(302080K), 0.0005137 secs] [Times: user=0.00 sys=0.00, real=0.01 secs] 
26.389: [GC (Allocation Failure) [PSYoungGen: 126560K->96K(122880K)] 128384K->1920K(297984K), 0.0005113 secs] [Times: user=0.00 sys=0.00, real=0.00 secs] 
26.446: [GC (Allocation Failure) [PSYoungGen: 122464K->96K(119296K)] 124288K->1920K(294400K), 0.0005119 secs] [Times: user=0.00 sys=0.00, real=0.00 secs] 
26.501: [GC (Allocation Failure) [PSYoungGen: 118880K->64K(115712K)] 120704K->1888K(290816K), 0.0005168 secs] [Times: user=0.00 sys=0.00, real=0.00 secs] 
26.554: [GC (Allocation Failure) [PSYoungGen: 115264K->64K(112128K)] 117088K->1888K(287232K), 0.0005036 secs] [Times: user=0.01 sys=0.00, real=0.00 secs] 
26.606: [GC (Allocation Failure) [PSYoungGen: 111680K->96K(109056K)] 113504K->1920K(284160K), 0.0005197 secs] [Times: user=0.00 sys=0.00, real=0.00 secs] 
26.657: [GC (Allocation Failure) [PSYoungGen: 108640K->64K(105984K)] 110464K->1888K(281088K), 0.0004951 secs] [Times: user=0.00 sys=0.00, real=0.00 secs] 
26.705: [GC (Allocation Failure) [PSYoungGen: 105536K->96K(102912K)] 107360K->1920K(278016K), 0.0004849 secs] [Times: user=0.00 sys=0.00, real=0.00 secs] 
26.753: [GC (Allocation Failure) [PSYoungGen: 102496K->96K(99840K)] 104320K->1920K(274944K), 0.0005333 secs] [Times: user=0.00 sys=0.00, real=0.00 secs] 
26.800: [GC (Allocation Failure) [PSYoungGen: 99424K->96K(97280K)] 101248K->1920K(272384K), 0.0005133 secs] [Times: user=0.00 sys=0.00, real=0.00 secs] 
26.845: [GC (Allocation Failure) [PSYoungGen: 96864K->96K(94720K)] 98688K->1920K(269824K), 0.0004920 secs] [Times: user=0.00 sys=0.00, real=0.00 secs] 
26.888: [GC (Allocation Failure) [PSYoungGen: 94304K->64K(92160K)] 96128K->1888K(267264K), 0.0005019 secs] [Times: user=0.00 sys=0.00, real=0.01 secs] 
26.932: [GC (Allocation Failure) [PSYoungGen: 91711K->32K(89600K)] 93535K->1856K(264704K), 0.0004952 secs] [Times: user=0.00 sys=0.00, real=0.00 secs] 
26.973: [GC (Allocation Failure) [PSYoungGen: 89120K->96K(107520K)] 90944K->1920K(282624K), 0.0004901 secs] [Times: user=0.00 sys=0.00, real=0.00 secs] 
27.024: [GC (Allocation Failure) [PSYoungGen: 107104K->64K(104448K)] 108928K->1888K(279552K), 0.0005403 secs] [Times: user=0.00 sys=0.00, real=0.00 secs] 
27.073: [GC (Allocation Failure) [PSYoungGen: 104000K->96K(101376K)] 105824K->1920K(276480K), 0.0005441 secs] [Times: user=0.00 sys=0.00, real=0.00 secs] 
27.120: [GC (Allocation Failure) [PSYoungGen: 100960K->96K(98816K)] 102784K->1920K(273920K), 0.0005139 secs] [Times: user=0.01 sys=0.00, real=0.00 secs] 
27.166: [GC (Allocation Failure) [PSYoungGen: 98400K->96K(118784K)] 100224K->1920K(293888K), 0.0005293 secs] [Times: user=0.00 sys=0.00, real=0.00 secs] 
27.220: [GC (Allocation Failure) [PSYoungGen: 118368K->64K(115200K)] 120192K->1888K(290304K), 0.0005271 secs] [Times: user=0.00 sys=0.00, real=0.00 secs] 
27.274: [GC (Allocation Failure) [PSYoungGen: 114752K->32K(111616K)] 116576K->1856K(286720K), 0.0005007 secs] [Times: user=0.00 sys=0.00, real=0.00 secs] 
27.326: [GC (Allocation Failure) [PSYoungGen: 111136K->96K(108544K)] 112960K->1920K(283648K), 0.0005064 secs] [Times: user=0.00 sys=0.00, real=0.00 secs] 
27.376: [GC (Allocation Failure) [PSYoungGen: 108128K->96K(105472K)] 109952K->1920K(280576K), 0.0005133 secs] [Times: user=0.00 sys=0.00, real=0.00 secs] 
27.425: [GC (Allocation Failure) [PSYoungGen: 105056K->96K(102400K)] 106880K->1920K(277504K), 0.0005015 secs] [Times: user=0.00 sys=0.00, real=0.00 secs] 
27.472: [GC (Allocation Failure) [PSYoungGen: 101984K->96K(99328K)] 103808K->1920K(274432K), 0.0004990 secs] [Times: user=0.00 sys=0.00, real=0.00 secs] 
27.519: [GC (Allocation Failure) [PSYoungGen: 98912K->32K(96768K)] 100736K->1856K(271872K), 0.0004908 secs] [Times: user=0.00 sys=0.00, real=0.01 secs] 
27.563: [GC (Allocation Failure) [PSYoungGen: 96288K->96K(94208K)] 98112K->1920K(269312K), 0.0005025 secs] [Times: user=0.00 sys=0.00, real=0.00 secs] 
27.607: [GC (Allocation Failure) [PSYoungGen: 93792K->96K(91648K)] 95616K->1920K(266752K), 0.0004934 secs] [Times: user=0.00 sys=0.01, real=0.00 secs] 
27.649: [GC (Allocation Failure) [PSYoungGen: 91232K->96K(110080K)] 93056K->1920K(285184K), 0.0004931 secs] [Times: user=0.00 sys=0.00, real=0.00 secs] 
27.701: [GC (Allocation Failure) [PSYoungGen: 109664K->96K(107008K)] 111488K->1920K(282112K), 0.0005125 secs] [Times: user=0.00 sys=0.00, real=0.00 secs] 
27.750: [GC (Allocation Failure) [PSYoungGen: 106592K->64K(103936K)] 108416K->1888K(279040K), 0.0005006 secs] [Times: user=0.00 sys=0.00, real=0.00 secs] 
27.798: [GC (Allocation Failure) [PSYoungGen: 103488K->96K(100864K)] 105312K->1920K(275968K), 0.0005147 secs] [Times: user=0.00 sys=0.00, real=0.01 secs] 
27.845: [GC (Allocation Failure) [PSYoungGen: 100448K->96K(98304K)] 102272K->1920K(273408K), 0.0004994 secs] [Times: user=0.00 sys=0.00, real=0.00 secs] 
27.890: [GC (Allocation Failure) [PSYoungGen: 97888K->96K(95744K)] 99712K->1920K(270848K), 0.0005020 secs] [Times: user=0.00 sys=0.00, real=0.00 secs] 
27.935: [GC (Allocation Failure) [PSYoungGen: 95328K->96K(93184K)] 97152K->1920K(268288K), 0.0004936 secs] [Times: user=0.00 sys=0.00, real=0.00 secs] 
27.978: [GC (Allocation Failure) [PSYoungGen: 92768K->64K(90624K)] 94592K->1888K(265728K), 0.0004821 secs] [Times: user=0.00 sys=0.00, real=0.00 secs] 
28.021: [GC (Allocation Failure) [PSYoungGen: 90176K->96K(109056K)] 92000K->1920K(284160K), 0.0005275 secs] [Times: user=0.00 sys=0.00, real=0.00 secs] 
28.071: [GC (Allocation Failure) [PSYoungGen: 108640K->96K(105984K)] 110464K->1920K(281088K), 0.0005125 secs] [Times: user=0.01 sys=0.00, real=0.00 secs] 
28.121: [GC (Allocation Failure) [PSYoungGen: 105568K->96K(102912K)] 107392K->1920K(278016K), 0.0005175 secs] [Times: user=0.00 sys=0.00, real=0.00 secs] 
28.168: [GC (Allocation Failure) [PSYoungGen: 102496K->96K(99840K)] 104320K->1920K(274944K), 0.0004791 secs] [Times: user=0.00 sys=0.00, real=0.00 secs] 
28.214: [GC (Allocation Failure) [PSYoungGen: 99424K->96K(97280K)] 101248K->1920K(272384K), 0.0005196 secs] [Times: user=0.00 sys=0.00, real=0.00 secs] 
28.259: [GC (Allocation Failure) [PSYoungGen: 96864K->96K(94720K)] 98688K->1920K(269824K), 0.0005146 secs] [Times: user=0.00 sys=0.00, real=0.00 secs] 
28.303: [GC (Allocation Failure) [PSYoungGen: 94304K->64K(113664K)] 96128K->1888K(288768K), 0.0005040 secs] [Times: user=0.00 sys=0.00, real=0.00 secs] 
28.358: [GC (Allocation Failure) [PSYoungGen: 113216K->96K(110592K)] 115040K->1920K(285696K), 0.0005164 secs] [Times: user=0.00 sys=0.00, real=0.01 secs] 
28.410: [GC (Allocation Failure) [PSYoungGen: 110176K->96K(107520K)] 112000K->1920K(282624K), 0.0005147 secs] [Times: user=0.00 sys=0.00, real=0.00 secs] 
28.460: [GC (Allocation Failure) [PSYoungGen: 107104K->96K(104448K)] 108928K->1920K(279552K), 0.0005118 secs] [Times: user=0.00 sys=0.00, real=0.00 secs] 
28.509: [GC (Allocation Failure) [PSYoungGen: 104032K->96K(101376K)] 105856K->1920K(276480K), 0.0005328 secs] [Times: user=0.01 sys=0.00, real=0.00 secs] 
28.556: [GC (Allocation Failure) [PSYoungGen: 100960K->96K(98816K)] 102784K->1920K(273920K), 0.0005042 secs] [Times: user=0.00 sys=0.00, real=0.00 secs] 
28.602: [GC (Allocation Failure) [PSYoungGen: 98400K->96K(96256K)] 100224K->1920K(271360K), 0.0004984 secs] [Times: user=0.00 sys=0.00, real=0.00 secs] 
28.646: [GC (Allocation Failure) [PSYoungGen: 95840K->96K(93696K)] 97664K->1920K(268800K), 0.0004927 secs] [Times: user=0.00 sys=0.00, real=0.00 secs] 
28.690: [GC (Allocation Failure) [PSYoungGen: 93280K->64K(112640K)] 95104K->1888K(287744K), 0.0005217 secs] [Times: user=0.00 sys=0.00, real=0.00 secs] 
28.742: [GC (Allocation Failure) [PSYoungGen: 112192K->32K(135168K)] 114016K->1856K(310272K), 0.0010253 secs] [Times: user=0.00 sys=0.00, real=0.00 secs] 
28.804: [GC (Allocation Failure) [PSYoungGen: 134688K->96K(162304K)] 136512K->1920K(337408K), 0.0005126 secs] [Times: user=0.00 sys=0.00, real=0.00 secs] 
28.879: [GC (Allocation Failure) [PSYoungGen: 161888K->64K(156672K)] 163712K->1888K(331776K), 0.0005048 secs] [Times: user=0.00 sys=0.00, real=0.00 secs] 
28.952: [GC (Allocation Failure) [PSYoungGen: 156224K->32K(187904K)] 158048K->1856K(363008K), 0.0010063 secs] [Times: user=0.00 sys=0.00, real=0.00 secs] 
29.043: [GC (Allocation Failure) [PSYoungGen: 187424K->64K(181248K)] 189248K->1888K(356352K), 0.0005371 secs] [Times: user=0.00 sys=0.00, real=0.00 secs] 
29.127: [GC (Allocation Failure) [PSYoungGen: 180800K->96K(175104K)] 182624K->1920K(350208K), 0.0005094 secs] [Times: user=0.00 sys=0.00, real=0.00 secs] 
29.208: [GC (Allocation Failure) [PSYoungGen: 174688K->96K(168960K)] 176512K->1920K(344064K), 0.0005145 secs] [Times: user=0.00 sys=0.00, real=0.00 secs] 
29.286: [GC (Allocation Failure) [PSYoungGen: 168544K->96K(163328K)] 170368K->1920K(338432K), 0.0005147 secs] [Times: user=0.00 sys=0.00, real=0.00 secs] 
29.361: [GC (Allocation Failure) [PSYoungGen: 162912K->96K(157696K)] 164736K->1920K(332800K), 0.0005043 secs] [Times: user=0.00 sys=0.00, real=0.00 secs] 
29.434: [GC (Allocation Failure) [PSYoungGen: 157280K->96K(152576K)] 159104K->1920K(327680K), 0.0005356 secs] [Times: user=0.01 sys=0.00, real=0.00 secs] 
29.505: [GC (Allocation Failure) [PSYoungGen: 152160K->96K(147456K)] 153984K->1920K(322560K), 0.0005145 secs] [Times: user=0.00 sys=0.00, real=0.00 secs] 
29.573: [GC (Allocation Failure) [PSYoungGen: 147040K->96K(142848K)] 148864K->1920K(317952K), 0.0005006 secs] [Times: user=0.01 sys=0.00, real=0.00 secs] 
29.639: [GC (Allocation Failure) [PSYoungGen: 142432K->96K(138240K)] 144256K->1920K(313344K), 0.0005032 secs] [Times: user=0.00 sys=0.00, real=0.01 secs] 
29.702: [GC (Allocation Failure) [PSYoungGen: 137824K->96K(133632K)] 139648K->1920K(308736K), 0.0004953 secs] [Times: user=0.01 sys=0.00, real=0.00 secs] 
29.764: [GC (Allocation Failure) [PSYoungGen: 133216K->96K(129536K)] 135040K->1920K(304640K), 0.0005304 secs] [Times: user=0.00 sys=0.00, real=0.00 secs] 
29.824: [GC (Allocation Failure) [PSYoungGen: 129120K->96K(125440K)] 130944K->1920K(300544K), 0.0004996 secs] [Times: user=0.00 sys=0.00, real=0.00 secs] 
29.883: [GC (Allocation Failure) [PSYoungGen: 125024K->96K(121344K)] 126848K->1920K(296448K), 0.0005148 secs] [Times: user=0.00 sys=0.00, real=0.00 secs] 
29.939: [GC (Allocation Failure) [PSYoungGen: 120928K->96K(117760K)] 122752K->1920K(292864K), 0.0005001 secs] [Times: user=0.00 sys=0.00, real=0.00 secs] 
29.993: [GC (Allocation Failure) [PSYoungGen: 117344K->96K(114176K)] 119168K->1920K(289280K), 0.0005014 secs] [Times: user=0.00 sys=0.00, real=0.00 secs] 
30.048: [GC (Allocation Failure) [PSYoungGen: 113760K->96K(110592K)] 115584K->1920K(285696K), 0.0005159 secs] [Times: user=0.00 sys=0.00, real=0.00 secs] 
30.099: [GC (Allocation Failure) [PSYoungGen: 110176K->96K(107520K)] 112000K->1920K(282624K), 0.0005405 secs] [Times: user=0.00 sys=0.01, real=0.01 secs] 
30.149: [GC (Allocation Failure) [PSYoungGen: 107104K->96K(104448K)] 108928K->1920K(279552K), 0.0005189 secs] [Times: user=0.00 sys=0.00, real=0.01 secs] 
30.197: [GC (Allocation Failure) [PSYoungGen: 104032K->96K(101376K)] 105856K->1920K(276480K), 0.0004798 secs] [Times: user=0.00 sys=0.00, real=0.00 secs] 
30.244: [GC (Allocation Failure) [PSYoungGen: 100960K->96K(98816K)] 102784K->1920K(273920K), 0.0005153 secs] [Times: user=0.00 sys=0.00, real=0.00 secs] 
30.293: [GC (Allocation Failure) [PSYoungGen: 98400K->96K(118784K)] 100224K->1920K(293888K), 0.0007068 secs] [Times: user=0.00 sys=0.00, real=0.00 secs] 
30.349: [GC (Allocation Failure) [PSYoungGen: 118368K->96K(115200K)] 120192K->1944K(290304K), 0.0005368 secs] [Times: user=0.00 sys=0.00, real=0.01 secs] 
30.402: [GC (Allocation Failure) [PSYoungGen: 114784K->96K(111616K)] 116632K->1944K(286720K), 0.0005026 secs] [Times: user=0.00 sys=0.00, real=0.00 secs] 
30.454: [GC (Allocation Failure) [PSYoungGen: 111200K->96K(108544K)] 113048K->1944K(283648K), 0.0005092 secs] [Times: user=0.00 sys=0.00, real=0.00 secs] 
30.504: [GC (Allocation Failure) [PSYoungGen: 108128K->96K(105472K)] 109976K->1944K(280576K), 0.0004945 secs] [Times: user=0.00 sys=0.00, real=0.00 secs] 
30.553: [GC (Allocation Failure) [PSYoungGen: 105056K->96K(102400K)] 106904K->1944K(277504K), 0.0004973 secs] [Times: user=0.00 sys=0.00, real=0.00 secs] 
30.600: [GC (Allocation Failure) [PSYoungGen: 101984K->96K(99328K)] 103832K->1944K(274432K), 0.0004994 secs] [Times: user=0.00 sys=0.00, real=0.00 secs] 
30.646: [GC (Allocation Failure) [PSYoungGen: 98912K->96K(96768K)] 100760K->1944K(271872K), 0.0004944 secs] [Times: user=0.00 sys=0.00, real=0.00 secs] 
30.691: [GC (Allocation Failure) [PSYoungGen: 96352K->64K(94208K)] 98200K->1912K(269312K), 0.0005177 secs] [Times: user=0.00 sys=0.00, real=0.00 secs] 
30.735: [GC (Allocation Failure) [PSYoungGen: 93760K->32K(91648K)] 95608K->1880K(266752K), 0.0004854 secs] [Times: user=0.01 sys=0.00, real=0.00 secs] 
30.777: [GC (Allocation Failure) [PSYoungGen: 91168K->64K(89088K)] 93016K->1912K(264192K), 0.0004800 secs] [Times: user=0.00 sys=0.00, real=0.00 secs] 
30.819: [GC (Allocation Failure) [PSYoungGen: 88640K->96K(107008K)] 90488K->1944K(282112K), 0.0004816 secs] [Times: user=0.00 sys=0.00, real=0.01 secs] 
30.868: [GC (Allocation Failure) [PSYoungGen: 106592K->64K(103936K)] 108440K->1912K(279040K), 0.0005090 secs] [Times: user=0.00 sys=0.00, real=0.00 secs] 
30.916: [GC (Allocation Failure) [PSYoungGen: 103488K->96K(100864K)] 105336K->1944K(275968K), 0.0005024 secs] [Times: user=0.00 sys=0.00, real=0.00 secs] 
30.963: [GC (Allocation Failure) [PSYoungGen: 100448K->96K(98304K)] 102296K->1944K(273408K), 0.0005074 secs] [Times: user=0.01 sys=0.00, real=0.00 secs] 
31.009: [GC (Allocation Failure) [PSYoungGen: 97888K->96K(95744K)] 99736K->1944K(270848K), 0.0005115 secs] [Times: user=0.00 sys=0.00, real=0.00 secs] 
31.054: [GC (Allocation Failure) [PSYoungGen: 95328K->96K(93184K)] 97176K->1944K(268288K), 0.0005110 secs] [Times: user=0.00 sys=0.00, real=0.00 secs] 
31.098: [GC (Allocation Failure) [PSYoungGen: 92768K->96K(112128K)] 94616K->1944K(287232K), 0.0005186 secs] [Times: user=0.00 sys=0.00, real=0.00 secs] 
31.150: [GC (Allocation Failure) [PSYoungGen: 111711K->96K(109056K)] 113559K->1944K(284160K), 0.0005026 secs] [Times: user=0.00 sys=0.00, real=0.00 secs] 
31.200: [GC (Allocation Failure) [PSYoungGen: 108640K->32K(105984K)] 110488K->1880K(281088K), 0.0004811 secs] [Times: user=0.00 sys=0.00, real=0.00 secs] 
31.249: [GC (Allocation Failure) [PSYoungGen: 105504K->96K(102912K)] 107352K->1944K(278016K), 0.0005007 secs] [Times: user=0.00 sys=0.00, real=0.00 secs] 
31.297: [GC (Allocation Failure) [PSYoungGen: 102496K->96K(99840K)] 104344K->1944K(274944K), 0.0005155 secs] [Times: user=0.00 sys=0.00, real=0.00 secs] 
31.344: [GC (Allocation Failure) [PSYoungGen: 99424K->96K(97280K)] 101272K->1944K(272384K), 0.0005193 secs] [Times: user=0.00 sys=0.00, real=0.00 secs] 
31.390: [GC (Allocation Failure) [PSYoungGen: 96864K->96K(94720K)] 98712K->1944K(269824K), 0.0004711 secs] [Times: user=0.00 sys=0.00, real=0.00 secs] 
31.433: [GC (Allocation Failure) [PSYoungGen: 94304K->96K(92160K)] 96152K->1944K(267264K), 0.0004984 secs] [Times: user=0.00 sys=0.00, real=0.00 secs] 
31.476: [GC (Allocation Failure) [PSYoungGen: 91744K->96K(110592K)] 93592K->1944K(285696K), 0.0005138 secs] [Times: user=0.00 sys=0.00, real=0.00 secs] 
31.527: [GC (Allocation Failure) [PSYoungGen: 110176K->96K(107520K)] 112024K->1944K(282624K), 0.0004974 secs] [Times: user=0.01 sys=0.00, real=0.00 secs] 
31.577: [GC (Allocation Failure) [PSYoungGen: 107104K->96K(104448K)] 108952K->1944K(279552K), 0.0005038 secs] [Times: user=0.01 sys=0.00, real=0.00 secs] 
31.625: [GC (Allocation Failure) [PSYoungGen: 104032K->96K(101376K)] 105880K->1944K(276480K), 0.0004891 secs] [Times: user=0.00 sys=0.00, real=0.00 secs] 
31.672: [GC (Allocation Failure) [PSYoungGen: 100960K->64K(98816K)] 102808K->1912K(273920K), 0.0005264 secs] [Times: user=0.00 sys=0.00, real=0.00 secs] 
31.718: [GC (Allocation Failure) [PSYoungGen: 98368K->96K(96256K)] 100216K->1944K(271360K), 0.0005160 secs] [Times: user=0.00 sys=0.00, real=0.00 secs] 
31.763: [GC (Allocation Failure) [PSYoungGen: 95840K->96K(93696K)] 97688K->1944K(268800K), 0.0004936 secs] [Times: user=0.00 sys=0.00, real=0.00 secs] 
31.806: [GC (Allocation Failure) [PSYoungGen: 93280K->96K(112640K)] 95128K->1944K(287744K), 0.0005032 secs] [Times: user=0.00 sys=0.00, real=0.00 secs] 
31.858: [GC (Allocation Failure) [PSYoungGen: 112224K->96K(109568K)] 114072K->1944K(284672K), 0.0005215 secs] [Times: user=0.00 sys=0.00, real=0.01 secs] 
31.909: [GC (Allocation Failure) [PSYoungGen: 109152K->96K(106496K)] 111000K->1944K(281600K), 0.0004921 secs] [Times: user=0.00 sys=0.00, real=0.00 secs] 
31.959: [GC (Allocation Failure) [PSYoungGen: 106080K->96K(103424K)] 107928K->1944K(278528K), 0.0005108 secs] [Times: user=0.00 sys=0.00, real=0.01 secs] 
32.006: [GC (Allocation Failure) [PSYoungGen: 103008K->96K(100352K)] 104856K->1944K(275456K), 0.0005087 secs] [Times: user=0.00 sys=0.00, real=0.00 secs] 
32.054: [GC (Allocation Failure) [PSYoungGen: 99936K->96K(97792K)] 101784K->1944K(272896K), 0.0005139 secs] [Times: user=0.00 sys=0.00, real=0.00 secs] 
32.100: [GC (Allocation Failure) [PSYoungGen: 97376K->96K(95232K)] 99224K->1944K(270336K), 0.0005123 secs] [Times: user=0.00 sys=0.00, real=0.00 secs] 
32.144: [GC (Allocation Failure) [PSYoungGen: 94816K->96K(92672K)] 96664K->1944K(267776K), 0.0004966 secs] [Times: user=0.00 sys=0.00, real=0.00 secs] 
32.187: [GC (Allocation Failure) [PSYoungGen: 92256K->64K(111104K)] 94104K->1912K(286208K), 0.0005604 secs] [Times: user=0.00 sys=0.00, real=0.00 secs] 
32.239: [GC (Allocation Failure) [PSYoungGen: 110656K->96K(108032K)] 112504K->1944K(283136K), 0.0005047 secs] [Times: user=0.00 sys=0.00, real=0.00 secs] 
32.289: [GC (Allocation Failure) [PSYoungGen: 107616K->96K(104960K)] 109464K->1944K(280064K), 0.0004988 secs] [Times: user=0.00 sys=0.00, real=0.00 secs] 
32.337: [GC (Allocation Failure) [PSYoungGen: 104544K->96K(101888K)] 106392K->1944K(276992K), 0.0005112 secs] [Times: user=0.00 sys=0.00, real=0.00 secs] 
32.384: [GC (Allocation Failure) [PSYoungGen: 101472K->64K(98816K)] 103320K->1912K(273920K), 0.0005043 secs] [Times: user=0.00 sys=0.00, real=0.00 secs] 
32.430: [GC (Allocation Failure) [PSYoungGen: 98368K->96K(96256K)] 100216K->1944K(271360K), 0.0005289 secs] [Times: user=0.01 sys=0.00, real=0.00 secs] 
32.475: [GC (Allocation Failure) [PSYoungGen: 95840K->96K(115712K)] 97688K->1944K(290816K), 0.0005201 secs] [Times: user=0.00 sys=0.00, real=0.00 secs] 
32.529: [GC (Allocation Failure) [PSYoungGen: 115295K->32K(112128K)] 117143K->1880K(287232K), 0.0005067 secs] [Times: user=0.00 sys=0.00, real=0.00 secs] 
32.581: [GC (Allocation Failure) [PSYoungGen: 111648K->32K(134656K)] 113496K->1880K(309760K), 0.0010376 secs] [Times: user=0.00 sys=0.00, real=0.00 secs] 
32.644: [GC (Allocation Failure) [PSYoungGen: 134176K->96K(161792K)] 136024K->1944K(336896K), 0.0004867 secs] [Times: user=0.00 sys=0.00, real=0.00 secs] 
32.719: [GC (Allocation Failure) [PSYoungGen: 161376K->64K(156160K)] 163224K->1912K(331264K), 0.0005570 secs] [Times: user=0.01 sys=0.00, real=0.00 secs] 
32.791: [GC (Allocation Failure) [PSYoungGen: 155712K->96K(151040K)] 157560K->1944K(326144K), 0.0005653 secs] [Times: user=0.00 sys=0.00, real=0.00 secs] 
32.861: [GC (Allocation Failure) [PSYoungGen: 150624K->64K(145920K)] 152472K->1912K(321024K), 0.0005050 secs] [Times: user=0.00 sys=0.00, real=0.00 secs] 
32.929: [GC (Allocation Failure) [PSYoungGen: 145472K->96K(141312K)] 147320K->1944K(316416K), 0.0005050 secs] [Times: user=0.00 sys=0.00, real=0.00 secs] 
32.994: [GC (Allocation Failure) [PSYoungGen: 140896K->96K(136704K)] 142744K->1944K(311808K), 0.0004975 secs] [Times: user=0.00 sys=0.00, real=0.00 secs] 
33.059: [GC (Allocation Failure) [PSYoungGen: 136288K->96K(132608K)] 138136K->1944K(307712K), 0.0005194 secs] [Times: user=0.00 sys=0.00, real=0.01 secs] 
33.120: [GC (Allocation Failure) [PSYoungGen: 132192K->96K(128512K)] 134040K->1944K(303616K), 0.0005178 secs] [Times: user=0.00 sys=0.00, real=0.00 secs] 
33.179: [GC (Allocation Failure) [PSYoungGen: 128096K->64K(124416K)] 129944K->1912K(299520K), 0.0005028 secs] [Times: user=0.00 sys=0.00, real=0.00 secs] 
33.237: [GC (Allocation Failure) [PSYoungGen: 123968K->96K(120832K)] 125816K->1944K(295936K), 0.0005145 secs] [Times: user=0.00 sys=0.00, real=0.00 secs] 
33.293: [GC (Allocation Failure) [PSYoungGen: 120416K->32K(117248K)] 122264K->1880K(292352K), 0.0004752 secs] [Times: user=0.00 sys=0.00, real=0.00 secs] 
33.348: [GC (Allocation Failure) [PSYoungGen: 116768K->64K(140800K)] 118616K->1912K(315904K), 0.0010536 secs] [Times: user=0.00 sys=0.00, real=0.01 secs] 
33.414: [GC (Allocation Failure) [PSYoungGen: 140352K->96K(136192K)] 142200K->1944K(311296K), 0.0005047 secs] [Times: user=0.01 sys=0.00, real=0.00 secs] 
33.477: [GC (Allocation Failure) [PSYoungGen: 135776K->96K(132096K)] 137624K->1944K(307200K), 0.0005039 secs] [Times: user=0.00 sys=0.00, real=0.00 secs] 
33.538: [GC (Allocation Failure) [PSYoungGen: 131680K->96K(128000K)] 133528K->1944K(303104K), 0.0005282 secs] [Times: user=0.00 sys=0.00, real=0.00 secs] 
33.597: [GC (Allocation Failure) [PSYoungGen: 127584K->96K(123904K)] 129432K->1944K(299008K), 0.0005114 secs] [Times: user=0.00 sys=0.00, real=0.00 secs] 
33.654: [GC (Allocation Failure) [PSYoungGen: 123488K->64K(120320K)] 125336K->1912K(295424K), 0.0005229 secs] [Times: user=0.00 sys=0.00, real=0.00 secs] 
33.710: [GC (Allocation Failure) [PSYoungGen: 119872K->96K(116736K)] 121720K->1944K(291840K), 0.0006924 secs] [Times: user=0.00 sys=0.00, real=0.00 secs] 
33.764: [GC (Allocation Failure) [PSYoungGen: 116320K->96K(113152K)] 118168K->1944K(288256K), 0.0005450 secs] [Times: user=0.00 sys=0.00, real=0.00 secs] 
33.816: [GC (Allocation Failure) [PSYoungGen: 112736K->64K(110080K)] 114584K->1912K(285184K), 0.0005054 secs] [Times: user=0.00 sys=0.00, real=0.00 secs] 
33.867: [GC (Allocation Failure) [PSYoungGen: 109632K->32K(107008K)] 111480K->1880K(282112K), 0.0004666 secs] [Times: user=0.00 sys=0.00, real=0.00 secs] 
33.917: [GC (Allocation Failure) [PSYoungGen: 106528K->96K(103936K)] 108376K->1944K(279040K), 0.0005037 secs] [Times: user=0.00 sys=0.00, real=0.00 secs] 
33.965: [GC (Allocation Failure) [PSYoungGen: 103520K->96K(100864K)] 105368K->1944K(275968K), 0.0004830 secs] [Times: user=0.00 sys=0.00, real=0.00 secs] 
34.012: [GC (Allocation Failure) [PSYoungGen: 100448K->96K(98304K)] 102296K->1944K(273408K), 0.0005643 secs] [Times: user=0.00 sys=0.00, real=0.00 secs] 
34.058: [GC (Allocation Failure) [PSYoungGen: 97888K->96K(95744K)] 99736K->1944K(270848K), 0.0005059 secs] [Times: user=0.00 sys=0.00, real=0.01 secs] 
34.102: [GC (Allocation Failure) [PSYoungGen: 95328K->96K(93184K)] 97176K->1944K(268288K), 0.0004922 secs] [Times: user=0.00 sys=0.00, real=0.00 secs] 
34.145: [GC (Allocation Failure) [PSYoungGen: 92768K->64K(90624K)] 94616K->1912K(265728K), 0.0004966 secs] [Times: user=0.00 sys=0.00, real=0.00 secs] 
34.187: [GC (Allocation Failure) [PSYoungGen: 90176K->96K(109056K)] 92024K->1944K(284160K), 0.0004832 secs] [Times: user=0.01 sys=0.00, real=0.00 secs] 
34.238: [GC (Allocation Failure) [PSYoungGen: 108640K->96K(105984K)] 110488K->1944K(281088K), 0.0005148 secs] [Times: user=0.00 sys=0.00, real=0.01 secs] 
34.287: [GC (Allocation Failure) [PSYoungGen: 105568K->96K(102912K)] 107416K->1944K(278016K), 0.0004995 secs] [Times: user=0.01 sys=0.00, real=0.00 secs] 
34.335: [GC (Allocation Failure) [PSYoungGen: 102496K->96K(99840K)] 104344K->1944K(274944K), 0.0005053 secs] [Times: user=0.00 sys=0.00, real=0.00 secs] 
34.381: [GC (Allocation Failure) [PSYoungGen: 99424K->96K(97280K)] 101272K->1944K(272384K), 0.0004922 secs] [Times: user=0.00 sys=0.00, real=0.00 secs] 
34.426: [GC (Allocation Failure) [PSYoungGen: 96864K->96K(94720K)] 98712K->1944K(269824K), 0.0004919 secs] [Times: user=0.01 sys=0.00, real=0.00 secs] 
34.470: [GC (Allocation Failure) [PSYoungGen: 94304K->64K(92160K)] 96152K->1912K(267264K), 0.0004803 secs] [Times: user=0.00 sys=0.00, real=0.00 secs] 
34.512: [GC (Allocation Failure) [PSYoungGen: 91712K->96K(110592K)] 93560K->1944K(285696K), 0.0004829 secs] [Times: user=0.00 sys=0.00, real=0.00 secs] 
34.564: [GC (Allocation Failure) [PSYoungGen: 110176K->96K(107520K)] 112024K->1944K(282624K), 0.0005006 secs] [Times: user=0.00 sys=0.00, real=0.00 secs] 
34.613: [GC (Allocation Failure) [PSYoungGen: 107104K->96K(104448K)] 108952K->1944K(279552K), 0.0004870 secs] [Times: user=0.00 sys=0.00, real=0.00 secs] 
34.662: [GC (Allocation Failure) [PSYoungGen: 104032K->96K(101376K)] 105880K->1944K(276480K), 0.0005117 secs] [Times: user=0.00 sys=0.00, real=0.00 secs] 
34.708: [GC (Allocation Failure) [PSYoungGen: 100960K->96K(98816K)] 102808K->1944K(273920K), 0.0005045 secs] [Times: user=0.00 sys=0.00, real=0.01 secs] 
34.755: [GC (Allocation Failure) [PSYoungGen: 98400K->96K(96256K)] 100248K->1944K(271360K), 0.0004959 secs] [Times: user=0.00 sys=0.00, real=0.00 secs] 
34.799: [GC (Allocation Failure) [PSYoungGen: 95840K->96K(93696K)] 97688K->1944K(268800K), 0.0004975 secs] [Times: user=0.00 sys=0.00, real=0.00 secs] 
34.843: [GC (Allocation Failure) [PSYoungGen: 93280K->64K(91136K)] 95128K->1912K(266240K), 0.0005065 secs] [Times: user=0.00 sys=0.00, real=0.00 secs] 
34.885: [GC (Allocation Failure) [PSYoungGen: 90688K->96K(109568K)] 92536K->1944K(284672K), 0.0004879 secs] [Times: user=0.00 sys=0.00, real=0.00 secs] 
34.935: [GC (Allocation Failure) [PSYoungGen: 109152K->96K(106496K)] 111000K->1944K(281600K), 0.0004991 secs] [Times: user=0.00 sys=0.00, real=0.00 secs] 
34.985: [GC (Allocation Failure) [PSYoungGen: 106080K->96K(103424K)] 107928K->1944K(278528K), 0.0005160 secs] [Times: user=0.00 sys=0.00, real=0.00 secs] 
35.035: [GC (Allocation Failure) [PSYoungGen: 103008K->96K(100352K)] 104856K->1944K(275456K), 0.0005724 secs] [Times: user=0.00 sys=0.00, real=0.00 secs] 
35.081: [GC (Allocation Failure) [PSYoungGen: 99936K->96K(97792K)] 101784K->1944K(272896K), 0.0005067 secs] [Times: user=0.00 sys=0.00, real=0.00 secs] 
35.126: [GC (Allocation Failure) [PSYoungGen: 97376K->64K(95232K)] 99224K->1912K(270336K), 0.0004800 secs] [Times: user=0.00 sys=0.00, real=0.00 secs] 
35.171: [GC (Allocation Failure) [PSYoungGen: 94784K->96K(114176K)] 96632K->1944K(289280K), 0.0005116 secs] [Times: user=0.00 sys=0.00, real=0.00 secs] 
35.223: [GC (Allocation Failure) [PSYoungGen: 113760K->96K(110592K)] 115608K->1944K(285696K), 0.0005551 secs] [Times: user=0.00 sys=0.00, real=0.00 secs] 
35.275: [GC (Allocation Failure) [PSYoungGen: 110176K->32K(107520K)] 112024K->1880K(282624K), 0.0005029 secs] [Times: user=0.00 sys=0.00, real=0.00 secs] 
35.324: [GC (Allocation Failure) [PSYoungGen: 107040K->96K(104448K)] 108888K->1944K(279552K), 0.0005107 secs] [Times: user=0.00 sys=0.00, real=0.00 secs] 
35.373: [GC (Allocation Failure) [PSYoungGen: 104032K->64K(101376K)] 105880K->1912K(276480K), 0.0005157 secs] [Times: user=0.00 sys=0.00, real=0.00 secs] 
35.420: [GC (Allocation Failure) [PSYoungGen: 100928K->96K(98816K)] 102776K->1944K(273920K), 0.0004858 secs] [Times: user=0.00 sys=0.00, real=0.00 secs] 
35.465: [GC (Allocation Failure) [PSYoungGen: 98400K->96K(96256K)] 100248K->1944K(271360K), 0.0005062 secs] [Times: user=0.00 sys=0.00, real=0.00 secs] 
35.510: [GC (Allocation Failure) [PSYoungGen: 95840K->96K(93696K)] 97688K->1944K(268800K), 0.0004891 secs] [Times: user=0.00 sys=0.00, real=0.00 secs] 
35.553: [GC (Allocation Failure) [PSYoungGen: 93280K->96K(91136K)] 95128K->1944K(266240K), 0.0004723 secs] [Times: user=0.00 sys=0.00, real=0.00 secs] 
35.595: [GC (Allocation Failure) [PSYoungGen: 90720K->96K(109568K)] 92568K->1944K(284672K), 0.0005025 secs] [Times: user=0.01 sys=0.00, real=0.00 secs] 
35.646: [GC (Allocation Failure) [PSYoungGen: 109152K->96K(106496K)] 111000K->1944K(281600K), 0.0004772 secs] [Times: user=0.00 sys=0.00, real=0.00 secs] 
35.695: [GC (Allocation Failure) [PSYoungGen: 106080K->96K(103424K)] 107928K->1944K(278528K), 0.0005279 secs] [Times: user=0.00 sys=0.00, real=0.00 secs] 
35.743: [GC (Allocation Failure) [PSYoungGen: 103008K->96K(100352K)] 104856K->1944K(275456K), 0.0005162 secs] [Times: user=0.00 sys=0.00, real=0.00 secs] 
35.790: [GC (Allocation Failure) [PSYoungGen: 99936K->32K(97792K)] 101784K->1880K(272896K), 0.0004914 secs] [Times: user=0.00 sys=0.00, real=0.00 secs] 
35.835: [GC (Allocation Failure) [PSYoungGen: 97312K->96K(95232K)] 99160K->1944K(270336K), 0.0005208 secs] [Times: user=0.00 sys=0.00, real=0.00 secs] 
35.879: [GC (Allocation Failure) [PSYoungGen: 94816K->96K(92672K)] 96664K->1944K(267776K), 0.0004921 secs] [Times: user=0.00 sys=0.00, real=0.00 secs] 
35.922: [GC (Allocation Failure) [PSYoungGen: 92256K->96K(111104K)] 94104K->1944K(286208K), 0.0005025 secs] [Times: user=0.00 sys=0.00, real=0.00 secs] 
35.973: [GC (Allocation Failure) [PSYoungGen: 110688K->96K(108032K)] 112536K->1944K(283136K), 0.0004964 secs] [Times: user=0.00 sys=0.00, real=0.00 secs] 
36.024: [GC (Allocation Failure) [PSYoungGen: 107616K->96K(104960K)] 109464K->1944K(280064K), 0.0005171 secs] [Times: user=0.00 sys=0.00, real=0.00 secs] 
36.073: [GC (Allocation Failure) [PSYoungGen: 104544K->64K(101888K)] 106392K->1912K(276992K), 0.0005039 secs] [Times: user=0.00 sys=0.00, real=0.00 secs] 
36.120: [GC (Allocation Failure) [PSYoungGen: 101440K->64K(98816K)] 103288K->1912K(273920K), 0.0005086 secs] [Times: user=0.00 sys=0.00, real=0.00 secs] 
36.165: [GC (Allocation Failure) [PSYoungGen: 98368K->64K(96256K)] 100216K->1912K(271360K), 0.0004611 secs] [Times: user=0.00 sys=0.00, real=0.00 secs] 
36.210: [GC (Allocation Failure) [PSYoungGen: 95808K->96K(93696K)] 97656K->1944K(268800K), 0.0005254 secs] [Times: user=0.01 sys=0.00, real=0.00 secs] 
36.257: [GC (Allocation Failure) [PSYoungGen: 93280K->96K(91136K)] 95128K->1944K(266240K), 0.0005059 secs] [Times: user=0.00 sys=0.00, real=0.00 secs] 
36.299: [GC (Allocation Failure) [PSYoungGen: 90720K->96K(109568K)] 92568K->1944K(284672K), 0.0004978 secs] [Times: user=0.01 sys=0.00, real=0.00 secs] 
36.350: [GC (Allocation Failure) [PSYoungGen: 109152K->96K(106496K)] 111000K->1944K(281600K), 0.0005097 secs] [Times: user=0.00 sys=0.00, real=0.00 secs] 
36.399: [GC (Allocation Failure) [PSYoungGen: 106080K->96K(103424K)] 107928K->1944K(278528K), 0.0005153 secs] [Times: user=0.01 sys=0.00, real=0.00 secs] 
36.447: [GC (Allocation Failure) [PSYoungGen: 103008K->64K(100352K)] 104856K->1912K(275456K), 0.0005294 secs] [Times: user=0.00 sys=0.00, real=0.00 secs] 
36.493: [GC (Allocation Failure) [PSYoungGen: 99904K->96K(97792K)] 101752K->1952K(272896K), 0.0004885 secs] [Times: user=0.00 sys=0.00, real=0.00 secs] 
36.538: [GC (Allocation Failure) [PSYoungGen: 97376K->64K(95232K)] 99232K->1920K(270336K), 0.0005004 secs] [Times: user=0.00 sys=0.00, real=0.01 secs] 
36.582: [GC (Allocation Failure) [PSYoungGen: 94784K->64K(114176K)] 96640K->1920K(289280K), 0.0004952 secs] [Times: user=0.00 sys=0.00, real=0.00 secs] 
36.635: [GC (Allocation Failure) [PSYoungGen: 113728K->96K(110592K)] 115584K->1952K(285696K), 0.0005183 secs] [Times: user=0.00 sys=0.00, real=0.00 secs] 
36.686: [GC (Allocation Failure) [PSYoungGen: 110176K->64K(107520K)] 112032K->1920K(282624K), 0.0005011 secs] [Times: user=0.01 sys=0.00, real=0.00 secs] 
36.736: [GC (Allocation Failure) [PSYoungGen: 107072K->96K(104448K)] 108928K->1952K(279552K), 0.0005332 secs] [Times: user=0.01 sys=0.00, real=0.00 secs] 
36.785: [GC (Allocation Failure) [PSYoungGen: 104032K->64K(101376K)] 105888K->1920K(276480K), 0.0005070 secs] [Times: user=0.00 sys=0.00, real=0.00 secs] 
36.832: [GC (Allocation Failure) [PSYoungGen: 100928K->96K(98816K)] 102784K->1952K(273920K), 0.0004899 secs] [Times: user=0.00 sys=0.00, real=0.00 secs] 
36.877: [GC (Allocation Failure) [PSYoungGen: 98400K->96K(96256K)] 100256K->1952K(271360K), 0.0005101 secs] [Times: user=0.00 sys=0.00, real=0.00 secs] 
36.922: [GC (Allocation Failure) [PSYoungGen: 95840K->96K(93696K)] 97696K->1952K(268800K), 0.0004772 secs] [Times: user=0.00 sys=0.00, real=0.00 secs] 
36.965: [GC (Allocation Failure) [PSYoungGen: 93280K->96K(91136K)] 95136K->1952K(266240K), 0.0005074 secs] [Times: user=0.00 sys=0.00, real=0.00 secs] 
37.007: [GC (Allocation Failure) [PSYoungGen: 90720K->96K(109568K)] 92576K->1952K(284672K), 0.0004972 secs] [Times: user=0.00 sys=0.00, real=0.00 secs] 
37.060: [GC (Allocation Failure) [PSYoungGen: 109152K->96K(131584K)] 111008K->1952K(306688K), 0.0006746 secs] [Times: user=0.00 sys=0.00, real=0.00 secs] 
37.120: [GC (Allocation Failure) [PSYoungGen: 131168K->96K(127488K)] 133024K->1952K(302592K), 0.0005040 secs] [Times: user=0.00 sys=0.00, real=0.00 secs] 
37.179: [GC (Allocation Failure) [PSYoungGen: 127072K->96K(123392K)] 128928K->1952K(298496K), 0.0004848 secs] [Times: user=0.00 sys=0.00, real=0.00 secs] 
37.237: [GC (Allocation Failure) [PSYoungGen: 122975K->96K(119808K)] 124831K->1952K(294912K), 0.0005245 secs] [Times: user=0.00 sys=0.00, real=0.00 secs] 
37.292: [GC (Allocation Failure) [PSYoungGen: 119392K->96K(116224K)] 121248K->1952K(291328K), 0.0005094 secs] [Times: user=0.00 sys=0.00, real=0.00 secs] 
37.346: [GC (Allocation Failure) [PSYoungGen: 115808K->96K(112640K)] 117664K->1952K(287744K), 0.0004917 secs] [Times: user=0.00 sys=0.00, real=0.00 secs] 
37.398: [GC (Allocation Failure) [PSYoungGen: 112224K->96K(109568K)] 114080K->1952K(284672K), 0.0004997 secs] [Times: user=0.00 sys=0.00, real=0.01 secs] 
37.449: [GC (Allocation Failure) [PSYoungGen: 109152K->64K(106496K)] 111008K->1920K(281600K), 0.0005017 secs] [Times: user=0.00 sys=0.00, real=0.00 secs] 
37.498: [GC (Allocation Failure) [PSYoungGen: 106048K->96K(103424K)] 107904K->1952K(278528K), 0.0004950 secs] [Times: user=0.00 sys=0.00, real=0.01 secs] 
37.546: [GC (Allocation Failure) [PSYoungGen: 103008K->96K(100352K)] 104864K->1952K(275456K), 0.0004901 secs] [Times: user=0.00 sys=0.00, real=0.00 secs] 
37.592: [GC (Allocation Failure) [PSYoungGen: 99936K->96K(97792K)] 101792K->1952K(272896K), 0.0005068 secs] [Times: user=0.00 sys=0.00, real=0.00 secs] 
37.638: [GC (Allocation Failure) [PSYoungGen: 97376K->96K(95232K)] 99232K->1952K(270336K), 0.0004933 secs] [Times: user=0.00 sys=0.00, real=0.00 secs] 
37.682: [GC (Allocation Failure) [PSYoungGen: 94816K->32K(114176K)] 96672K->1888K(289280K), 0.0010092 secs] [Times: user=0.00 sys=0.00, real=0.00 secs] 
37.736: [GC (Allocation Failure) [PSYoungGen: 113696K->96K(137216K)] 115552K->1952K(312320K), 0.0005073 secs] [Times: user=0.00 sys=0.00, real=0.00 secs] 
37.801: [GC (Allocation Failure) [PSYoungGen: 136800K->96K(164864K)] 138656K->1952K(339968K), 0.0004995 secs] [Times: user=0.00 sys=0.00, real=0.00 secs] 
37.877: [GC (Allocation Failure) [PSYoungGen: 164448K->96K(159232K)] 166304K->1952K(334336K), 0.0005238 secs] [Times: user=0.01 sys=0.00, real=0.00 secs] 
37.950: [GC (Allocation Failure) [PSYoungGen: 158816K->96K(154112K)] 160672K->1952K(329216K), 0.0005106 secs] [Times: user=0.00 sys=0.00, real=0.00 secs] 
38.022: [GC (Allocation Failure) [PSYoungGen: 153696K->96K(148992K)] 155552K->1952K(324096K), 0.0005073 secs] [Times: user=0.00 sys=0.00, real=0.00 secs] 
38.091: [GC (Allocation Failure) [PSYoungGen: 148576K->32K(143872K)] 150432K->1888K(318976K), 0.0005413 secs] [Times: user=0.00 sys=0.00, real=0.00 secs] 
38.158: [GC (Allocation Failure) [PSYoungGen: 143392K->96K(139264K)] 145248K->1952K(314368K), 0.0005115 secs] [Times: user=0.00 sys=0.00, real=0.00 secs] 
38.222: [GC (Allocation Failure) [PSYoungGen: 138848K->96K(134656K)] 140704K->1952K(309760K), 0.0005020 secs] [Times: user=0.00 sys=0.00, real=0.00 secs] 
38.284: [GC (Allocation Failure) [PSYoungGen: 134240K->96K(130560K)] 136096K->1952K(305664K), 0.0005152 secs] [Times: user=0.00 sys=0.00, real=0.00 secs] 
38.346: [GC (Allocation Failure) [PSYoungGen: 130144K->96K(126464K)] 132000K->1952K(301568K), 0.0005052 secs] [Times: user=0.00 sys=0.00, real=0.00 secs] 
38.405: [GC (Allocation Failure) [PSYoungGen: 126048K->96K(122368K)] 127904K->1952K(297472K), 0.0005409 secs] [Times: user=0.01 sys=0.00, real=0.00 secs] 
38.462: [GC (Allocation Failure) [PSYoungGen: 121952K->64K(118784K)] 123808K->1920K(293888K), 0.0004952 secs] [Times: user=0.00 sys=0.00, real=0.00 secs] 
38.516: [GC (Allocation Failure) [PSYoungGen: 118336K->96K(115200K)] 120192K->1952K(290304K), 0.0005345 secs] [Times: user=0.00 sys=0.00, real=0.00 secs] 
38.570: [GC (Allocation Failure) [PSYoungGen: 114784K->96K(111616K)] 116640K->1952K(286720K), 0.0005343 secs] [Times: user=0.00 sys=0.00, real=0.00 secs] 
38.621: [GC (Allocation Failure) [PSYoungGen: 111200K->96K(108544K)] 113056K->1952K(283648K), 0.0005010 secs] [Times: user=0.00 sys=0.00, real=0.00 secs] 
38.671: [GC (Allocation Failure) [PSYoungGen: 108128K->96K(105472K)] 109984K->1952K(280576K), 0.0005171 secs] [Times: user=0.00 sys=0.00, real=0.00 secs] 
38.720: [GC (Allocation Failure) [PSYoungGen: 105056K->96K(102400K)] 106912K->1952K(277504K), 0.0004988 secs] [Times: user=0.00 sys=0.00, real=0.00 secs] 
38.768: [GC (Allocation Failure) [PSYoungGen: 101984K->96K(99328K)] 103840K->1952K(274432K), 0.0005304 secs] [Times: user=0.00 sys=0.00, real=0.00 secs] 
38.814: [GC (Allocation Failure) [PSYoungGen: 98912K->96K(96768K)] 100768K->1952K(271872K), 0.0005103 secs] [Times: user=0.00 sys=0.00, real=0.00 secs] 
38.858: [GC (Allocation Failure) [PSYoungGen: 96352K->96K(94208K)] 98208K->1952K(269312K), 0.0005031 secs] [Times: user=0.00 sys=0.00, real=0.01 secs] 
38.902: [GC (Allocation Failure) [PSYoungGen: 93792K->96K(91648K)] 95648K->1952K(266752K), 0.0004924 secs] [Times: user=0.00 sys=0.00, real=0.00 secs] 
38.944: [GC (Allocation Failure) [PSYoungGen: 91232K->96K(110080K)] 93088K->1952K(285184K), 0.0005237 secs] [Times: user=0.00 sys=0.00, real=0.00 secs] 
38.995: [GC (Allocation Failure) [PSYoungGen: 109664K->96K(107008K)] 111520K->1952K(282112K), 0.0005009 secs] [Times: user=0.00 sys=0.00, real=0.00 secs] 
39.046: [GC (Allocation Failure) [PSYoungGen: 106592K->96K(103936K)] 108448K->1952K(279040K), 0.0005149 secs] [Times: user=0.00 sys=0.00, real=0.00 secs] 
39.095: [GC (Allocation Failure) [PSYoungGen: 103520K->96K(100864K)] 105376K->1952K(275968K), 0.0005492 secs] [Times: user=0.00 sys=0.00, real=0.00 secs] 
39.141: [GC (Allocation Failure) [PSYoungGen: 100448K->96K(98304K)] 102304K->1952K(273408K), 0.0004843 secs] [Times: user=0.00 sys=0.00, real=0.00 secs] 
39.187: [GC (Allocation Failure) [PSYoungGen: 97888K->96K(95744K)] 99744K->1952K(270848K), 0.0005010 secs] [Times: user=0.00 sys=0.00, real=0.00 secs] 
39.231: [GC (Allocation Failure) [PSYoungGen: 95328K->96K(115200K)] 97184K->1952K(290304K), 0.0006597 secs] [Times: user=0.00 sys=0.00, real=0.00 secs] 
39.285: [GC (Allocation Failure) [PSYoungGen: 114784K->96K(138240K)] 116640K->1952K(313344K), 0.0005211 secs] [Times: user=0.00 sys=0.00, real=0.00 secs] 
39.349: [GC (Allocation Failure) [PSYoungGen: 137824K->64K(133632K)] 139680K->1920K(308736K), 0.0005261 secs] [Times: user=0.00 sys=0.00, real=0.00 secs] 
39.412: [GC (Allocation Failure) [PSYoungGen: 133184K->96K(129536K)] 135040K->1952K(304640K), 0.0005142 secs] [Times: user=0.00 sys=0.00, real=0.00 secs] 
39.471: [GC (Allocation Failure) [PSYoungGen: 129120K->96K(125440K)] 130976K->1952K(300544K), 0.0005041 secs] [Times: user=0.00 sys=0.00, real=0.00 secs] 
39.529: [GC (Allocation Failure) [PSYoungGen: 125024K->96K(121344K)] 126880K->1952K(296448K), 0.0004826 secs] [Times: user=0.00 sys=0.00, real=0.00 secs] 
39.585: [GC (Allocation Failure) [PSYoungGen: 120928K->96K(117760K)] 122784K->1952K(292864K), 0.0005035 secs] [Times: user=0.00 sys=0.00, real=0.00 secs] 
39.639: [GC (Allocation Failure) [PSYoungGen: 117344K->64K(114176K)] 119200K->1920K(289280K), 0.0004909 secs] [Times: user=0.00 sys=0.00, real=0.00 secs] 
39.692: [GC (Allocation Failure) [PSYoungGen: 113728K->96K(110592K)] 115584K->1952K(285696K), 0.0005011 secs] [Times: user=0.00 sys=0.00, real=0.00 secs] 
39.744: [GC (Allocation Failure) [PSYoungGen: 110176K->64K(107520K)] 112032K->1920K(282624K), 0.0005137 secs] [Times: user=0.00 sys=0.00, real=0.00 secs] 
39.793: [GC (Allocation Failure) [PSYoungGen: 107072K->96K(104448K)] 108928K->1952K(279552K), 0.0005094 secs] [Times: user=0.00 sys=0.00, real=0.00 secs] 
39.842: [GC (Allocation Failure) [PSYoungGen: 104032K->64K(125440K)] 105888K->1920K(300544K), 0.0010430 secs] [Times: user=0.00 sys=0.00, real=0.00 secs] 
39.901: [GC (Allocation Failure) [PSYoungGen: 124992K->96K(150528K)] 126848K->1952K(325632K), 0.0005220 secs] [Times: user=0.00 sys=0.00, real=0.00 secs] 
39.970: [GC (Allocation Failure) [PSYoungGen: 150112K->64K(145408K)] 151968K->1920K(320512K), 0.0004902 secs] [Times: user=0.00 sys=0.00, real=0.00 secs] 
40.039: [GC (Allocation Failure) [PSYoungGen: 144960K->96K(140800K)] 146816K->1952K(315904K), 0.0005209 secs] [Times: user=0.00 sys=0.00, real=0.00 secs] 
40.104: [GC (Allocation Failure) [PSYoungGen: 140384K->96K(136192K)] 142240K->1952K(311296K), 0.0005147 secs] [Times: user=0.00 sys=0.00, real=0.00 secs] 
40.166: [GC (Allocation Failure) [PSYoungGen: 135776K->96K(132096K)] 137632K->1952K(307200K), 0.0004977 secs] [Times: user=0.00 sys=0.00, real=0.00 secs] 
40.227: [GC (Allocation Failure) [PSYoungGen: 131680K->32K(128000K)] 133536K->1888K(303104K), 0.0004781 secs] [Times: user=0.00 sys=0.00, real=0.00 secs] 
40.290: [GC (Allocation Failure) [PSYoungGen: 127520K->96K(123904K)] 129376K->1952K(299008K), 0.0005569 secs] [Times: user=0.00 sys=0.00, real=0.00 secs] 
40.348: [GC (Allocation Failure) [PSYoungGen: 123488K->96K(120320K)] 125344K->1976K(295424K), 0.0005605 secs] [Times: user=0.00 sys=0.00, real=0.00 secs] 
40.404: [GC (Allocation Failure) [PSYoungGen: 119904K->96K(116736K)] 121784K->1976K(291840K), 0.0005273 secs] [Times: user=0.00 sys=0.00, real=0.00 secs] 
40.458: [GC (Allocation Failure) [PSYoungGen: 116320K->96K(113152K)] 118200K->1976K(288256K), 0.0005082 secs] [Times: user=0.00 sys=0.00, real=0.01 secs] 
40.510: [GC (Allocation Failure) [PSYoungGen: 112736K->96K(110080K)] 114616K->1976K(285184K), 0.0005144 secs] [Times: user=0.00 sys=0.00, real=0.00 secs] 
40.561: [GC (Allocation Failure) [PSYoungGen: 109664K->96K(107008K)] 111544K->1976K(282112K), 0.0004969 secs] [Times: user=0.00 sys=0.00, real=0.00 secs] 
40.611: [GC (Allocation Failure) [PSYoungGen: 106592K->64K(128512K)] 108472K->1944K(303616K), 0.0009587 secs] [Times: user=0.00 sys=0.00, real=0.00 secs] 
40.671: [GC (Allocation Failure) [PSYoungGen: 128064K->64K(154112K)] 129944K->1944K(329216K), 0.0005045 secs] [Times: user=0.00 sys=0.00, real=0.00 secs] 
40.742: [GC (Allocation Failure) [PSYoungGen: 153664K->64K(184832K)] 155544K->1944K(359936K), 0.0007832 secs] [Times: user=0.00 sys=0.00, real=0.00 secs] 
40.828: [GC (Allocation Failure) [PSYoungGen: 184384K->96K(178176K)] 186264K->1976K(353280K), 0.0005258 secs] [Times: user=0.00 sys=0.00, real=0.01 secs] 
40.910: [GC (Allocation Failure) [PSYoungGen: 177760K->96K(172032K)] 179640K->1976K(347136K), 0.0005202 secs] [Times: user=0.00 sys=0.00, real=0.00 secs] 
40.990: [GC (Allocation Failure) [PSYoungGen: 171616K->96K(165888K)] 173496K->1976K(340992K), 0.0005184 secs] [Times: user=0.00 sys=0.00, real=0.00 secs] 
41.068: [GC (Allocation Failure) [PSYoungGen: 165472K->96K(160256K)] 167352K->1976K(335360K), 0.0005152 secs] [Times: user=0.00 sys=0.00, real=0.00 secs] 
41.141: [GC (Allocation Failure) [PSYoungGen: 159840K->96K(154624K)] 161720K->1976K(329728K), 0.0005105 secs] [Times: user=0.00 sys=0.00, real=0.00 secs] 
41.214: [GC (Allocation Failure) [PSYoungGen: 154208K->96K(149504K)] 156088K->1976K(324608K), 0.0005032 secs] [Times: user=0.00 sys=0.00, real=0.00 secs] 
41.283: [GC (Allocation Failure) [PSYoungGen: 149088K->96K(144384K)] 150968K->1976K(319488K), 0.0005120 secs] [Times: user=0.00 sys=0.00, real=0.00 secs] 
41.349: [GC (Allocation Failure) [PSYoungGen: 143968K->64K(139776K)] 145848K->1944K(314880K), 0.0004981 secs] [Times: user=0.00 sys=0.00, real=0.00 secs] 
41.414: [GC (Allocation Failure) [PSYoungGen: 139328K->64K(135168K)] 141208K->1944K(310272K), 0.0009904 secs] [Times: user=0.01 sys=0.00, real=0.00 secs] 
41.479: [GC (Allocation Failure) [PSYoungGen: 134720K->96K(131072K)] 136600K->1976K(306176K), 0.0005079 secs] [Times: user=0.00 sys=0.00, real=0.00 secs] 
41.540: [GC (Allocation Failure) [PSYoungGen: 130656K->96K(126976K)] 132536K->1976K(302080K), 0.0005099 secs] [Times: user=0.00 sys=0.00, real=0.00 secs] 
41.598: [GC (Allocation Failure) [PSYoungGen: 126560K->64K(122880K)] 128440K->1944K(297984K), 0.0006779 secs] [Times: user=0.00 sys=0.00, real=0.01 secs] 
41.655: [GC (Allocation Failure) [PSYoungGen: 122432K->96K(119296K)] 124312K->1976K(294400K), 0.0005178 secs] [Times: user=0.00 sys=0.00, real=0.00 secs] 
41.711: [GC (Allocation Failure) [PSYoungGen: 118880K->64K(143360K)] 120760K->1944K(318464K), 0.0008877 secs] [Times: user=0.01 sys=0.00, real=0.00 secs] 
41.777: [GC (Allocation Failure) [PSYoungGen: 142912K->64K(138752K)] 144792K->1944K(313856K), 0.0005124 secs] [Times: user=0.00 sys=0.00, real=0.00 secs] 
41.841: [GC (Allocation Failure) [PSYoungGen: 138304K->32K(134144K)] 140184K->1912K(309248K), 0.0004780 secs] [Times: user=0.00 sys=0.00, real=0.00 secs] 
41.903: [GC (Allocation Failure) [PSYoungGen: 133664K->96K(130048K)] 135544K->1976K(305152K), 0.0005072 secs] [Times: user=0.00 sys=0.00, real=0.00 secs] 
41.963: [GC (Allocation Failure) [PSYoungGen: 129632K->96K(125952K)] 131512K->1976K(301056K), 0.0005214 secs] [Times: user=0.00 sys=0.00, real=0.00 secs] 
42.021: [GC (Allocation Failure) [PSYoungGen: 125536K->96K(121856K)] 127416K->1976K(296960K), 0.0005107 secs] [Times: user=0.00 sys=0.00, real=0.00 secs] 
42.079: [GC (Allocation Failure) [PSYoungGen: 121440K->64K(118272K)] 123320K->1944K(293376K), 0.0005150 secs] [Times: user=0.01 sys=0.00, real=0.00 secs] 
42.134: [GC (Allocation Failure) [PSYoungGen: 117824K->96K(114688K)] 119704K->1976K(289792K), 0.0004909 secs] [Times: user=0.00 sys=0.00, real=0.00 secs] 
42.187: [GC (Allocation Failure) [PSYoungGen: 114272K->96K(111104K)] 116152K->1976K(286208K), 0.0005068 secs] [Times: user=0.00 sys=0.00, real=0.00 secs] 
42.238: [GC (Allocation Failure) [PSYoungGen: 110688K->96K(108032K)] 112568K->1976K(283136K), 0.0004984 secs] [Times: user=0.00 sys=0.00, real=0.00 secs] 
42.288: [GC (Allocation Failure) [PSYoungGen: 107616K->96K(104960K)] 109496K->1976K(280064K), 0.0005226 secs] [Times: user=0.00 sys=0.00, real=0.00 secs] 
42.337: [GC (Allocation Failure) [PSYoungGen: 104544K->64K(101888K)] 106424K->1944K(276992K), 0.0004826 secs] [Times: user=0.01 sys=0.00, real=0.00 secs] 
42.384: [GC (Allocation Failure) [PSYoungGen: 101440K->64K(98816K)] 103320K->1944K(273920K), 0.0005111 secs] [Times: user=0.00 sys=0.00, real=0.00 secs] 
42.430: [GC (Allocation Failure) [PSYoungGen: 98368K->32K(96256K)] 100248K->1912K(271360K), 0.0004808 secs] [Times: user=0.00 sys=0.00, real=0.00 secs] 
42.475: [GC (Allocation Failure) [PSYoungGen: 95776K->64K(93696K)] 97656K->1944K(268800K), 0.0005070 secs] [Times: user=0.00 sys=0.00, real=0.00 secs] 
42.518: [GC (Allocation Failure) [PSYoungGen: 93248K->96K(91136K)] 95128K->1976K(266240K), 0.0005171 secs] [Times: user=0.00 sys=0.00, real=0.01 secs] 
42.561: [GC (Allocation Failure) [PSYoungGen: 90720K->96K(109568K)] 92600K->1976K(284672K), 0.0005239 secs] [Times: user=0.00 sys=0.00, real=0.00 secs] 
42.611: [GC (Allocation Failure) [PSYoungGen: 109152K->64K(106496K)] 111032K->1944K(281600K), 0.0004970 secs] [Times: user=0.00 sys=0.00, real=0.00 secs] 
42.661: [GC (Allocation Failure) [PSYoungGen: 106048K->64K(128000K)] 107928K->1944K(303104K), 0.0009802 secs] [Times: user=0.00 sys=0.00, real=0.00 secs] 
42.724: [GC (Allocation Failure) [PSYoungGen: 127552K->96K(153600K)] 129432K->1976K(328704K), 0.0005182 secs] [Times: user=0.01 sys=0.00, real=0.00 secs] 
42.795: [GC (Allocation Failure) [PSYoungGen: 153184K->96K(148480K)] 155064K->1976K(323584K), 0.0005630 secs] [Times: user=0.00 sys=0.00, real=0.00 secs] 
42.863: [GC (Allocation Failure) [PSYoungGen: 148064K->96K(143360K)] 149944K->1976K(318464K), 0.0004930 secs] [Times: user=0.01 sys=0.00, real=0.00 secs] 
42.930: [GC (Allocation Failure) [PSYoungGen: 142944K->96K(138752K)] 144824K->1976K(313856K), 0.0004950 secs] [Times: user=0.00 sys=0.00, real=0.00 secs] 
42.994: [GC (Allocation Failure) [PSYoungGen: 138336K->96K(134144K)] 140216K->1976K(309248K), 0.0005005 secs] [Times: user=0.00 sys=0.00, real=0.00 secs] 
43.057: [GC (Allocation Failure) [PSYoungGen: 133728K->96K(130048K)] 135608K->1976K(305152K), 0.0005261 secs] [Times: user=0.00 sys=0.00, real=0.00 secs] 
43.117: [GC (Allocation Failure) [PSYoungGen: 129632K->96K(125952K)] 131512K->1976K(301056K), 0.0005053 secs] [Times: user=0.00 sys=0.00, real=0.00 secs] 
43.175: [GC (Allocation Failure) [PSYoungGen: 125536K->96K(121856K)] 127416K->1976K(296960K), 0.0005086 secs] [Times: user=0.00 sys=0.00, real=0.00 secs] 
43.232: [GC (Allocation Failure) [PSYoungGen: 121440K->96K(118272K)] 123320K->1976K(293376K), 0.0005243 secs] [Times: user=0.01 sys=0.00, real=0.00 secs] 
43.287: [GC (Allocation Failure) [PSYoungGen: 117856K->96K(114688K)] 119736K->1976K(289792K), 0.0005090 secs] [Times: user=0.00 sys=0.00, real=0.00 secs] 
43.341: [GC (Allocation Failure) [PSYoungGen: 114272K->64K(111104K)] 116152K->1944K(286208K), 0.0005250 secs] [Times: user=0.00 sys=0.00, real=0.00 secs] 
43.393: [GC (Allocation Failure) [PSYoungGen: 110656K->96K(108032K)] 112536K->1976K(283136K), 0.0005115 secs] [Times: user=0.00 sys=0.00, real=0.00 secs] 
43.443: [GC (Allocation Failure) [PSYoungGen: 107616K->64K(104960K)] 109496K->1944K(280064K), 0.0005102 secs] [Times: user=0.00 sys=0.00, real=0.00 secs] 
43.492: [GC (Allocation Failure) [PSYoungGen: 104512K->96K(101888K)] 106392K->1976K(276992K), 0.0005137 secs] [Times: user=0.00 sys=0.00, real=0.00 secs] 
43.539: [GC (Allocation Failure) [PSYoungGen: 101472K->96K(98816K)] 103352K->1976K(273920K), 0.0005396 secs] [Times: user=0.01 sys=0.00, real=0.00 secs] 
43.585: [GC (Allocation Failure) [PSYoungGen: 98400K->96K(96256K)] 100280K->1976K(271360K), 0.0004821 secs] [Times: user=0.00 sys=0.00, real=0.00 secs] 
43.630: [GC (Allocation Failure) [PSYoungGen: 95840K->96K(93696K)] 97720K->1976K(268800K), 0.0005811 secs] [Times: user=0.00 sys=0.00, real=0.00 secs] 
43.674: [GC (Allocation Failure) [PSYoungGen: 93280K->96K(112640K)] 95160K->1976K(287744K), 0.0005005 secs] [Times: user=0.00 sys=0.00, real=0.00 secs] 
43.726: [GC (Allocation Failure) [PSYoungGen: 112224K->96K(109568K)] 114104K->1976K(284672K), 0.0005155 secs] [Times: user=0.00 sys=0.00, real=0.00 secs] 
43.778: [GC (Allocation Failure) [PSYoungGen: 109152K->64K(131584K)] 111032K->1944K(306688K), 0.0006796 secs] [Times: user=0.01 sys=0.00, real=0.01 secs] 
43.839: [GC (Allocation Failure) [PSYoungGen: 131136K->96K(127488K)] 133016K->1976K(302592K), 0.0005117 secs] [Times: user=0.00 sys=0.00, real=0.00 secs] 
43.898: [GC (Allocation Failure) [PSYoungGen: 127072K->96K(123392K)] 128952K->1976K(298496K), 0.0005067 secs] [Times: user=0.00 sys=0.00, real=0.01 secs] 
43.955: [GC (Allocation Failure) [PSYoungGen: 122976K->64K(119808K)] 124856K->1944K(294912K), 0.0005064 secs] [Times: user=0.00 sys=0.00, real=0.00 secs] 
44.010: [GC (Allocation Failure) [PSYoungGen: 119360K->96K(116224K)] 121240K->1976K(291328K), 0.0005328 secs] [Times: user=0.00 sys=0.00, real=0.00 secs] 
44.066: [GC (Allocation Failure) [PSYoungGen: 115808K->96K(112640K)] 117688K->1976K(287744K), 0.0005549 secs] [Times: user=0.01 sys=0.00, real=0.00 secs] 
44.118: [GC (Allocation Failure) [PSYoungGen: 112224K->96K(109568K)] 114104K->1976K(284672K), 0.0005204 secs] [Times: user=0.00 sys=0.00, real=0.01 secs] 
44.168: [GC (Allocation Failure) [PSYoungGen: 109152K->96K(106496K)] 111032K->1976K(281600K), 0.0004994 secs] [Times: user=0.00 sys=0.00, real=0.00 secs] 
44.218: [GC (Allocation Failure) [PSYoungGen: 106080K->64K(103424K)] 107960K->1944K(278528K), 0.0005134 secs] [Times: user=0.00 sys=0.00, real=0.01 secs] 
44.266: [GC (Allocation Failure) [PSYoungGen: 102976K->64K(100352K)] 104856K->1944K(275456K), 0.0005051 secs] [Times: user=0.00 sys=0.00, real=0.00 secs] 
44.312: [GC (Allocation Failure) [PSYoungGen: 99904K->96K(97792K)] 101784K->1976K(272896K), 0.0005050 secs] [Times: user=0.00 sys=0.00, real=0.00 secs] 
44.358: [GC (Allocation Failure) [PSYoungGen: 97376K->64K(95232K)] 99256K->1944K(270336K), 0.0005232 secs] [Times: user=0.00 sys=0.00, real=0.00 secs] 
44.402: [GC (Allocation Failure) [PSYoungGen: 94784K->32K(114176K)] 96664K->1912K(289280K), 0.0010098 secs] [Times: user=0.01 sys=0.00, real=0.00 secs] 
44.455: [GC (Allocation Failure) [PSYoungGen: 113696K->96K(137216K)] 115576K->1976K(312320K), 0.0004998 secs] [Times: user=0.00 sys=0.00, real=0.00 secs] 
44.519: [GC (Allocation Failure) [PSYoungGen: 136800K->96K(164864K)] 138680K->1976K(339968K), 0.0005073 secs] [Times: user=0.00 sys=0.00, real=0.00 secs] 
44.595: [GC (Allocation Failure) [PSYoungGen: 164448K->96K(159232K)] 166328K->1976K(334336K), 0.0005287 secs] [Times: user=0.00 sys=0.00, real=0.00 secs] 
44.668: [GC (Allocation Failure) [PSYoungGen: 158816K->96K(154112K)] 160696K->1976K(329216K), 0.0005222 secs] [Times: user=0.00 sys=0.00, real=0.01 secs] 
44.739: [GC (Allocation Failure) [PSYoungGen: 153696K->64K(148992K)] 155576K->1944K(324096K), 0.0005168 secs] [Times: user=0.00 sys=0.00, real=0.00 secs] 
44.808: [GC (Allocation Failure) [PSYoungGen: 148544K->64K(143872K)] 150424K->1944K(318976K), 0.0005216 secs] [Times: user=0.00 sys=0.00, real=0.01 secs] 
44.874: [GC (Allocation Failure) [PSYoungGen: 143424K->96K(139264K)] 145304K->1976K(314368K), 0.0005280 secs] [Times: user=0.00 sys=0.00, real=0.00 secs] 
44.938: [GC (Allocation Failure) [PSYoungGen: 138848K->96K(134656K)] 140728K->1976K(309760K), 0.0005127 secs] [Times: user=0.00 sys=0.00, real=0.00 secs] 
45.001: [GC (Allocation Failure) [PSYoungGen: 134240K->96K(130560K)] 136120K->1976K(305664K), 0.0004955 secs] [Times: user=0.00 sys=0.00, real=0.00 secs] 
45.062: [GC (Allocation Failure) [PSYoungGen: 130144K->96K(126464K)] 132024K->1976K(301568K), 0.0005434 secs] [Times: user=0.00 sys=0.00, real=0.00 secs] 
45.121: [GC (Allocation Failure) [PSYoungGen: 126048K->64K(122368K)] 127928K->1944K(297472K), 0.0005442 secs] [Times: user=0.00 sys=0.00, real=0.00 secs] 
45.177: [GC (Allocation Failure) [PSYoungGen: 121920K->64K(118784K)] 123800K->1944K(293888K), 0.0004945 secs] [Times: user=0.00 sys=0.00, real=0.00 secs] 
45.232: [GC (Allocation Failure) [PSYoungGen: 118336K->96K(115200K)] 120216K->1976K(290304K), 0.0005144 secs] [Times: user=0.00 sys=0.00, real=0.00 secs] 
45.286: [GC (Allocation Failure) [PSYoungGen: 114784K->64K(111616K)] 116664K->1944K(286720K), 0.0005110 secs] [Times: user=0.00 sys=0.00, real=0.00 secs] 
45.338: [GC (Allocation Failure) [PSYoungGen: 111168K->96K(108544K)] 113048K->1976K(283648K), 0.0005005 secs] [Times: user=0.01 sys=0.00, real=0.00 secs] 
45.395: [GC (Allocation Failure) [PSYoungGen: 108128K->96K(105472K)] 110008K->1976K(280576K), 0.0005093 secs] [Times: user=0.00 sys=0.00, real=0.00 secs] 
45.443: [GC (Allocation Failure) [PSYoungGen: 105056K->96K(102400K)] 106936K->1976K(277504K), 0.0005097 secs] [Times: user=0.00 sys=0.00, real=0.00 secs] 
45.491: [GC (Allocation Failure) [PSYoungGen: 101984K->96K(99328K)] 103864K->1976K(274432K), 0.0005017 secs] [Times: user=0.00 sys=0.00, real=0.00 secs] 
45.537: [GC (Allocation Failure) [PSYoungGen: 98912K->64K(96768K)] 100792K->1944K(271872K), 0.0005062 secs] [Times: user=0.00 sys=0.00, real=0.00 secs] 
45.581: [GC (Allocation Failure) [PSYoungGen: 96320K->96K(94208K)] 98200K->1976K(269312K), 0.0004956 secs] [Times: user=0.01 sys=0.00, real=0.00 secs] 
45.625: [GC (Allocation Failure) [PSYoungGen: 93792K->96K(91648K)] 95672K->1976K(266752K), 0.0005103 secs] [Times: user=0.00 sys=0.00, real=0.00 secs] 
45.667: [GC (Allocation Failure) [PSYoungGen: 91232K->96K(110080K)] 93112K->1976K(285184K), 0.0004986 secs] [Times: user=0.00 sys=0.00, real=0.00 secs] 
45.718: [GC (Allocation Failure) [PSYoungGen: 109664K->96K(107008K)] 111544K->1976K(282112K), 0.0005036 secs] [Times: user=0.00 sys=0.00, real=0.00 secs] 
45.768: [GC (Allocation Failure) [PSYoungGen: 106592K->96K(103936K)] 108472K->1976K(279040K), 0.0005086 secs] [Times: user=0.00 sys=0.00, real=0.01 secs] 
45.817: [GC (Allocation Failure) [PSYoungGen: 103520K->96K(100864K)] 105400K->1976K(275968K), 0.0005118 secs] [Times: user=0.00 sys=0.00, real=0.00 secs] 
45.863: [GC (Allocation Failure) [PSYoungGen: 100448K->96K(98304K)] 102328K->1976K(273408K), 0.0004888 secs] [Times: user=0.00 sys=0.00, real=0.00 secs] 
45.909: [GC (Allocation Failure) [PSYoungGen: 97888K->96K(95744K)] 99768K->1976K(270848K), 0.0005068 secs] [Times: user=0.01 sys=0.00, real=0.00 secs] 
45.953: [GC (Allocation Failure) [PSYoungGen: 95328K->96K(93184K)] 97208K->1976K(268288K), 0.0004842 secs] [Times: user=0.00 sys=0.00, real=0.00 secs] 
45.996: [GC (Allocation Failure) [PSYoungGen: 92768K->64K(112128K)] 94648K->1944K(287232K), 0.0005372 secs] [Times: user=0.00 sys=0.00, real=0.00 secs] 
46.049: [GC (Allocation Failure) [PSYoungGen: 111680K->64K(109056K)] 113560K->1944K(284160K), 0.0005142 secs] [Times: user=0.00 sys=0.00, real=0.00 secs] 
46.100: [GC (Allocation Failure) [PSYoungGen: 108608K->64K(105984K)] 110488K->1944K(281088K), 0.0005105 secs] [Times: user=0.00 sys=0.00, real=0.00 secs] 
46.149: [GC (Allocation Failure) [PSYoungGen: 105536K->96K(102912K)] 107416K->1976K(278016K), 0.0005036 secs] [Times: user=0.00 sys=0.00, real=0.00 secs] 
46.197: [GC (Allocation Failure) [PSYoungGen: 102496K->96K(99840K)] 104376K->1976K(274944K), 0.0005191 secs] [Times: user=0.00 sys=0.00, real=0.00 secs] 
46.243: [GC (Allocation Failure) [PSYoungGen: 99424K->96K(97280K)] 101304K->1976K(272384K), 0.0005130 secs] [Times: user=0.00 sys=0.00, real=0.00 secs] 
46.288: [GC (Allocation Failure) [PSYoungGen: 96864K->32K(94720K)] 98744K->1912K(269824K), 0.0004813 secs] [Times: user=0.00 sys=0.00, real=0.01 secs] 
46.332: [GC (Allocation Failure) [PSYoungGen: 94240K->96K(92160K)] 96120K->1976K(267264K), 0.0005192 secs] [Times: user=0.00 sys=0.00, real=0.00 secs] 
46.374: [GC (Allocation Failure) [PSYoungGen: 91744K->64K(110592K)] 93624K->1944K(285696K), 0.0005058 secs] [Times: user=0.01 sys=0.00, real=0.00 secs] 
46.426: [GC (Allocation Failure) [PSYoungGen: 110144K->96K(107520K)] 112024K->1976K(282624K), 0.0005271 secs] [Times: user=0.00 sys=0.00, real=0.00 secs] 
46.475: [GC (Allocation Failure) [PSYoungGen: 107104K->96K(104448K)] 108984K->1976K(279552K), 0.0004975 secs] [Times: user=0.00 sys=0.00, real=0.00 secs] 
46.524: [GC (Allocation Failure) [PSYoungGen: 104032K->96K(101376K)] 105912K->1976K(276480K), 0.0004772 secs] [Times: user=0.01 sys=0.00, real=0.00 secs] 
46.570: [GC (Allocation Failure) [PSYoungGen: 100960K->96K(98816K)] 102840K->1976K(273920K), 0.0004908 secs] [Times: user=0.00 sys=0.00, real=0.00 secs] 
46.617: [GC (Allocation Failure) [PSYoungGen: 98400K->64K(96256K)] 100280K->1944K(271360K), 0.0004851 secs] [Times: user=0.00 sys=0.00, real=0.00 secs] 
46.661: [GC (Allocation Failure) [PSYoungGen: 95808K->64K(93696K)] 97688K->1944K(268800K), 0.0004991 secs] [Times: user=0.00 sys=0.00, real=0.00 secs] 
46.704: [GC (Allocation Failure) [PSYoungGen: 93248K->96K(91136K)] 95128K->1976K(266240K), 0.0004625 secs] [Times: user=0.00 sys=0.00, real=0.00 secs] 
46.747: [GC (Allocation Failure) [PSYoungGen: 90720K->96K(109568K)] 92600K->1976K(284672K), 0.0005130 secs] [Times: user=0.00 sys=0.00, real=0.00 secs] 
46.797: [GC (Allocation Failure) [PSYoungGen: 109152K->96K(106496K)] 111032K->1976K(281600K), 0.0005133 secs] [Times: user=0.00 sys=0.00, real=0.00 secs] 
46.846: [GC (Allocation Failure) [PSYoungGen: 106080K->96K(103424K)] 107960K->1976K(278528K), 0.0005042 secs] [Times: user=0.00 sys=0.00, real=0.00 secs] 
46.894: [GC (Allocation Failure) [PSYoungGen: 103008K->96K(100352K)] 104888K->1976K(275456K), 0.0005043 secs] [Times: user=0.00 sys=0.00, real=0.00 secs] 
46.940: [GC (Allocation Failure) [PSYoungGen: 99936K->96K(97792K)] 101816K->1976K(272896K), 0.0004841 secs] [Times: user=0.00 sys=0.00, real=0.00 secs] 
46.986: [GC (Allocation Failure) [PSYoungGen: 97376K->96K(95232K)] 99256K->1976K(270336K), 0.0005016 secs] [Times: user=0.00 sys=0.00, real=0.00 secs] 
47.031: [GC (Allocation Failure) [PSYoungGen: 94816K->96K(114176K)] 96696K->1976K(289280K), 0.0005608 secs] [Times: user=0.00 sys=0.00, real=0.00 secs] 
47.084: [GC (Allocation Failure) [PSYoungGen: 113760K->96K(110592K)] 115640K->1976K(285696K), 0.0005085 secs] [Times: user=0.00 sys=0.00, real=0.00 secs] 
47.135: [GC (Allocation Failure) [PSYoungGen: 110176K->96K(107520K)] 112056K->1976K(282624K), 0.0005086 secs] [Times: user=0.00 sys=0.00, real=0.00 secs] 
47.185: [GC (Allocation Failure) [PSYoungGen: 107104K->96K(104448K)] 108984K->1976K(279552K), 0.0005090 secs] [Times: user=0.00 sys=0.00, real=0.00 secs] 
47.234: [GC (Allocation Failure) [PSYoungGen: 104032K->96K(101376K)] 105912K->1976K(276480K), 0.0005138 secs] [Times: user=0.00 sys=0.00, real=0.00 secs] 
47.281: [GC (Allocation Failure) [PSYoungGen: 100960K->96K(98816K)] 102840K->1976K(273920K), 0.0004983 secs] [Times: user=0.00 sys=0.00, real=0.00 secs] 
47.326: [GC (Allocation Failure) [PSYoungGen: 98400K->96K(96256K)] 100280K->1976K(271360K), 0.0005060 secs] [Times: user=0.01 sys=0.00, real=0.00 secs] 
47.371: [GC (Allocation Failure) [PSYoungGen: 95840K->96K(93696K)] 97720K->1976K(268800K), 0.0004802 secs] [Times: user=0.00 sys=0.00, real=0.00 secs] 
47.415: [GC (Allocation Failure) [PSYoungGen: 93280K->96K(91136K)] 95160K->1976K(266240K), 0.0005044 secs] [Times: user=0.00 sys=0.00, real=0.00 secs] 
47.457: [GC (Allocation Failure) [PSYoungGen: 90720K->96K(109568K)] 92600K->1976K(284672K), 0.0005022 secs] [Times: user=0.00 sys=0.00, real=0.00 secs] 
47.507: [GC (Allocation Failure) [PSYoungGen: 109152K->96K(106496K)] 111032K->1976K(281600K), 0.0004930 secs] [Times: user=0.00 sys=0.00, real=0.00 secs] 
47.556: [GC (Allocation Failure) [PSYoungGen: 106080K->96K(103424K)] 107960K->1976K(278528K), 0.0004893 secs] [Times: user=0.00 sys=0.00, real=0.00 secs] 
47.604: [GC (Allocation Failure) [PSYoungGen: 103008K->96K(100352K)] 104888K->1976K(275456K), 0.0004853 secs] [Times: user=0.01 sys=0.00, real=0.00 secs] 
47.651: [GC (Allocation Failure) [PSYoungGen: 99936K->96K(97792K)] 101816K->1976K(272896K), 0.0005072 secs] [Times: user=0.00 sys=0.00, real=0.00 secs] 
47.696: [GC (Allocation Failure) [PSYoungGen: 97375K->96K(95232K)] 99255K->1976K(270336K), 0.0005165 secs] [Times: user=0.00 sys=0.00, real=0.00 secs] 
47.740: [GC (Allocation Failure) [PSYoungGen: 94816K->96K(92672K)] 96696K->1976K(267776K), 0.0004917 secs] [Times: user=0.00 sys=0.00, real=0.00 secs] 
47.783: [GC (Allocation Failure) [PSYoungGen: 92256K->96K(111104K)] 94136K->1976K(286208K), 0.0004920 secs] [Times: user=0.00 sys=0.00, real=0.00 secs] 
47.835: [GC (Allocation Failure) [PSYoungGen: 110688K->64K(108032K)] 112568K->1944K(283136K), 0.0005043 secs] [Times: user=0.00 sys=0.00, real=0.00 secs] 
47.885: [GC (Allocation Failure) [PSYoungGen: 107584K->96K(104960K)] 109464K->1976K(280064K), 0.0005161 secs] [Times: user=0.00 sys=0.00, real=0.00 secs] 
47.934: [GC (Allocation Failure) [PSYoungGen: 104544K->96K(101888K)] 106424K->1976K(276992K), 0.0004997 secs] [Times: user=0.00 sys=0.00, real=0.00 secs] 
47.981: [GC (Allocation Failure) [PSYoungGen: 101472K->96K(98816K)] 103352K->1976K(273920K), 0.0005538 secs] [Times: user=0.01 sys=0.00, real=0.00 secs] 
48.027: [GC (Allocation Failure) [PSYoungGen: 98400K->64K(96256K)] 100280K->1944K(271360K), 0.0004976 secs] [Times: user=0.00 sys=0.00, real=0.00 secs] 
48.073: [GC (Allocation Failure) [PSYoungGen: 95808K->64K(93696K)] 97688K->1944K(268800K), 0.0005110 secs] [Times: user=0.00 sys=0.00, real=0.00 secs] 
48.116: [GC (Allocation Failure) [PSYoungGen: 93248K->96K(91136K)] 95128K->1976K(266240K), 0.0004822 secs] [Times: user=0.00 sys=0.00, real=0.00 secs] 
48.158: [GC (Allocation Failure) [PSYoungGen: 90720K->96K(109568K)] 92600K->1976K(284672K), 0.0004801 secs] [Times: user=0.00 sys=0.00, real=0.00 secs] 
48.209: [GC (Allocation Failure) [PSYoungGen: 109152K->96K(106496K)] 111032K->1976K(281600K), 0.0005081 secs] [Times: user=0.01 sys=0.00, real=0.00 secs] 
48.259: [GC (Allocation Failure) [PSYoungGen: 106080K->96K(103424K)] 107960K->1976K(278528K), 0.0004940 secs] [Times: user=0.01 sys=0.00, real=0.00 secs] 
48.306: [GC (Allocation Failure) [PSYoungGen: 103008K->64K(100352K)] 104888K->1944K(275456K), 0.0004894 secs] [Times: user=0.00 sys=0.00, real=0.00 secs] 
48.354: [GC (Allocation Failure) [PSYoungGen: 99904K->96K(97792K)] 101784K->1976K(272896K), 0.0005341 secs] [Times: user=0.00 sys=0.00, real=0.00 secs] 
48.399: [GC (Allocation Failure) [PSYoungGen: 97376K->96K(95232K)] 99256K->1976K(270336K), 0.0004975 secs] [Times: user=0.00 sys=0.00, real=0.00 secs] 
48.443: [GC (Allocation Failure) [PSYoungGen: 94816K->96K(92672K)] 96696K->1976K(267776K), 0.0004938 secs] [Times: user=0.00 sys=0.00, real=0.00 secs] 
48.486: [GC (Allocation Failure) [PSYoungGen: 92256K->96K(111104K)] 94136K->1976K(286208K), 0.0005238 secs] [Times: user=0.01 sys=0.00, real=0.00 secs] 
48.537: [GC (Allocation Failure) [PSYoungGen: 110688K->96K(108032K)] 112568K->1976K(283136K), 0.0005027 secs] [Times: user=0.00 sys=0.00, real=0.00 secs] 
48.587: [GC (Allocation Failure) [PSYoungGen: 107616K->96K(104960K)] 109496K->1976K(280064K), 0.0004848 secs] [Times: user=0.00 sys=0.00, real=0.00 secs] 
48.636: [GC (Allocation Failure) [PSYoungGen: 104544K->96K(101888K)] 106424K->1976K(276992K), 0.0004896 secs] [Times: user=0.00 sys=0.00, real=0.00 secs] 
48.683: [GC (Allocation Failure) [PSYoungGen: 101472K->96K(98816K)] 103352K->1976K(273920K), 0.0004945 secs] [Times: user=0.00 sys=0.00, real=0.00 secs] 
48.729: [GC (Allocation Failure) [PSYoungGen: 98400K->96K(96256K)] 100280K->1976K(271360K), 0.0005124 secs] [Times: user=0.00 sys=0.00, real=0.00 secs] 
48.774: [GC (Allocation Failure) [PSYoungGen: 95840K->96K(93696K)] 97720K->1976K(268800K), 0.0005092 secs] [Times: user=0.01 sys=0.00, real=0.00 secs] 
48.817: [GC (Allocation Failure) [PSYoungGen: 93280K->64K(91136K)] 95160K->1944K(266240K), 0.0005022 secs] [Times: user=0.00 sys=0.00, real=0.00 secs] 
48.859: [GC (Allocation Failure) [PSYoungGen: 90688K->96K(109568K)] 92568K->1976K(284672K), 0.0005163 secs] [Times: user=0.00 sys=0.00, real=0.00 secs] 
48.910: [GC (Allocation Failure) [PSYoungGen: 109152K->64K(106496K)] 111032K->1944K(281600K), 0.0004940 secs] [Times: user=0.00 sys=0.00, real=0.00 secs] 
48.959: [GC (Allocation Failure) [PSYoungGen: 106048K->64K(103424K)] 107928K->1944K(278528K), 0.0005080 secs] [Times: user=0.00 sys=0.00, real=0.00 secs] 
49.007: [GC (Allocation Failure) [PSYoungGen: 102976K->96K(100352K)] 104856K->1976K(275456K), 0.0004891 secs] [Times: user=0.00 sys=0.00, real=0.00 secs] 
49.054: [GC (Allocation Failure) [PSYoungGen: 99936K->96K(97792K)] 101816K->1976K(272896K), 0.0005104 secs] [Times: user=0.00 sys=0.00, real=0.00 secs] 
49.100: [GC (Allocation Failure) [PSYoungGen: 97376K->32K(95232K)] 99256K->1912K(270336K), 0.0005278 secs] [Times: user=0.00 sys=0.00, real=0.00 secs] 
49.144: [GC (Allocation Failure) [PSYoungGen: 94752K->64K(114176K)] 96632K->1944K(289280K), 0.0009563 secs] [Times: user=0.00 sys=0.00, real=0.00 secs] 
49.198: [GC (Allocation Failure) [PSYoungGen: 113728K->96K(137216K)] 115608K->1976K(312320K), 0.0005234 secs] [Times: user=0.00 sys=0.00, real=0.00 secs] 
49.261: [GC (Allocation Failure) [PSYoungGen: 136800K->96K(164864K)] 138680K->1976K(339968K), 0.0005941 secs] [Times: user=0.00 sys=0.00, real=0.00 secs] 
49.338: [GC (Allocation Failure) [PSYoungGen: 164447K->96K(159232K)] 166327K->1976K(334336K), 0.0005165 secs] [Times: user=0.00 sys=0.00, real=0.00 secs] 
49.411: [GC (Allocation Failure) [PSYoungGen: 158816K->96K(154112K)] 160696K->1976K(329216K), 0.0005490 secs] [Times: user=0.00 sys=0.00, real=0.00 secs] 
49.482: [GC (Allocation Failure) [PSYoungGen: 153696K->96K(148992K)] 155576K->1976K(324096K), 0.0005434 secs] [Times: user=0.00 sys=0.00, real=0.00 secs] 
49.551: [GC (Allocation Failure) [PSYoungGen: 148576K->96K(143872K)] 150456K->1976K(318976K), 0.0005228 secs] [Times: user=0.00 sys=0.00, real=0.00 secs] 
49.617: [GC (Allocation Failure) [PSYoungGen: 143456K->96K(139264K)] 145336K->1976K(314368K), 0.0005189 secs] [Times: user=0.01 sys=0.00, real=0.00 secs] 
49.681: [GC (Allocation Failure) [PSYoungGen: 138848K->96K(134656K)] 140728K->1976K(309760K), 0.0005044 secs] [Times: user=0.00 sys=0.00, real=0.00 secs] 
49.744: [GC (Allocation Failure) [PSYoungGen: 134240K->96K(130560K)] 136120K->1976K(305664K), 0.0005135 secs] [Times: user=0.00 sys=0.00, real=0.00 secs] 
49.804: [GC (Allocation Failure) [PSYoungGen: 130144K->96K(126464K)] 132024K->1976K(301568K), 0.0005184 secs] [Times: user=0.00 sys=0.00, real=0.00 secs] 
49.863: [GC (Allocation Failure) [PSYoungGen: 126048K->96K(122368K)] 127928K->1976K(297472K), 0.0005094 secs] [Times: user=0.00 sys=0.00, real=0.00 secs] 
49.919: [GC (Allocation Failure) [PSYoungGen: 121952K->96K(118784K)] 123832K->1976K(293888K), 0.0004992 secs] [Times: user=0.00 sys=0.00, real=0.00 secs] 
49.974: [GC (Allocation Failure) [PSYoungGen: 118368K->64K(115200K)] 120248K->1944K(290304K), 0.0005468 secs] [Times: user=0.00 sys=0.00, real=0.00 secs] 
50.028: [GC (Allocation Failure) [PSYoungGen: 114752K->96K(111616K)] 116632K->1976K(286720K), 0.0004985 secs] [Times: user=0.00 sys=0.00, real=0.01 secs] 
50.081: [GC (Allocation Failure) [PSYoungGen: 111200K->96K(108544K)] 113080K->1976K(283648K), 0.0005186 secs] [Times: user=0.00 sys=0.00, real=0.00 secs] 
50.131: [GC (Allocation Failure) [PSYoungGen: 108128K->96K(105472K)] 110008K->1976K(280576K), 0.0005019 secs] [Times: user=0.00 sys=0.00, real=0.00 secs] 
50.180: [GC (Allocation Failure) [PSYoungGen: 105056K->96K(102400K)] 106936K->1976K(277504K), 0.0005096 secs] [Times: user=0.00 sys=0.00, real=0.00 secs] 
50.228: [GC (Allocation Failure) [PSYoungGen: 101984K->96K(99328K)] 103864K->1976K(274432K), 0.0005069 secs] [Times: user=0.00 sys=0.00, real=0.01 secs] 
50.274: [GC (Allocation Failure) [PSYoungGen: 98912K->96K(96768K)] 100792K->1976K(271872K), 0.0005154 secs] [Times: user=0.00 sys=0.00, real=0.00 secs] 
50.322: [GC (Allocation Failure) [PSYoungGen: 96352K->96K(94208K)] 98232K->2000K(269312K), 0.0005349 secs] [Times: user=0.00 sys=0.00, real=0.00 secs] 
50.366: [GC (Allocation Failure) [PSYoungGen: 93792K->32K(113152K)] 95696K->1936K(288256K), 0.0005737 secs] [Times: user=0.00 sys=0.00, real=0.00 secs] 
50.418: [GC (Allocation Failure) [PSYoungGen: 112672K->96K(110080K)] 114576K->2000K(285184K), 0.0005044 secs] [Times: user=0.00 sys=0.00, real=0.01 secs] 
50.469: [GC (Allocation Failure) [PSYoungGen: 109664K->96K(107008K)] 111568K->2000K(282112K), 0.0004836 secs] [Times: user=0.00 sys=0.01, real=0.00 secs] 
50.518: [GC (Allocation Failure) [PSYoungGen: 106592K->64K(103936K)] 108496K->1968K(279040K), 0.0004830 secs] [Times: user=0.00 sys=0.00, real=0.01 secs] 
50.566: [GC (Allocation Failure) [PSYoungGen: 103488K->96K(100864K)] 105392K->2000K(275968K), 0.0004840 secs] [Times: user=0.00 sys=0.00, real=0.00 secs] 
50.612: [GC (Allocation Failure) [PSYoungGen: 100448K->64K(98304K)] 102352K->1968K(273408K), 0.0004751 secs] [Times: user=0.00 sys=0.00, real=0.00 secs] 
50.658: [GC (Allocation Failure) [PSYoungGen: 97856K->96K(95744K)] 99760K->2000K(270848K), 0.0004981 secs] [Times: user=0.00 sys=0.00, real=0.01 secs] 
50.702: [GC (Allocation Failure) [PSYoungGen: 95328K->64K(93184K)] 97232K->1968K(268288K), 0.0005089 secs] [Times: user=0.00 sys=0.00, real=0.00 secs] 
50.745: [GC (Allocation Failure) [PSYoungGen: 92736K->96K(90624K)] 94640K->2000K(265728K), 0.0004941 secs] [Times: user=0.00 sys=0.00, real=0.00 secs] 
50.787: [GC (Allocation Failure) [PSYoungGen: 90208K->96K(109056K)] 92112K->2000K(284160K), 0.0005010 secs] [Times: user=0.00 sys=0.00, real=0.00 secs] 
50.838: [GC (Allocation Failure) [PSYoungGen: 108639K->96K(105984K)] 110543K->2000K(281088K), 0.0004841 secs] [Times: user=0.00 sys=0.00, real=0.01 secs] 
50.887: [GC (Allocation Failure) [PSYoungGen: 105568K->64K(102912K)] 107472K->1968K(278016K), 0.0005066 secs] [Times: user=0.00 sys=0.00, real=0.00 secs] 
50.934: [GC (Allocation Failure) [PSYoungGen: 102464K->96K(99840K)] 104368K->2000K(274944K), 0.0005357 secs] [Times: user=0.00 sys=0.00, real=0.00 secs] 
50.981: [GC (Allocation Failure) [PSYoungGen: 99424K->96K(97280K)] 101328K->2000K(272384K), 0.0005108 secs] [Times: user=0.00 sys=0.00, real=0.00 secs] 
51.026: [GC (Allocation Failure) [PSYoungGen: 96864K->32K(116736K)] 98768K->1936K(291840K), 0.0010014 secs] [Times: user=0.01 sys=0.00, real=0.00 secs] 
51.082: [GC (Allocation Failure) [PSYoungGen: 116256K->96K(140288K)] 118160K->2000K(315392K), 0.0005256 secs] [Times: user=0.00 sys=0.00, real=0.00 secs] 
51.147: [GC (Allocation Failure) [PSYoungGen: 139872K->64K(168448K)] 141776K->1968K(343552K), 0.0004955 secs] [Times: user=0.00 sys=0.00, real=0.00 secs] 
51.224: [GC (Allocation Failure) [PSYoungGen: 168000K->64K(162816K)] 169904K->1968K(337920K), 0.0005092 secs] [Times: user=0.00 sys=0.00, real=0.00 secs] 
51.300: [GC (Allocation Failure) [PSYoungGen: 162368K->96K(157184K)] 164272K->2000K(332288K), 0.0005238 secs] [Times: user=0.00 sys=0.00, real=0.00 secs] 
51.374: [GC (Allocation Failure) [PSYoungGen: 156768K->96K(152064K)] 158672K->2000K(327168K), 0.0005226 secs] [Times: user=0.00 sys=0.00, real=0.00 secs] 
51.444: [GC (Allocation Failure) [PSYoungGen: 151648K->96K(146944K)] 153552K->2000K(322048K), 0.0005130 secs] [Times: user=0.00 sys=0.00, real=0.00 secs] 
51.512: [GC (Allocation Failure) [PSYoungGen: 146528K->96K(142336K)] 148432K->2000K(317440K), 0.0005172 secs] [Times: user=0.00 sys=0.00, real=0.00 secs] 
51.577: [GC (Allocation Failure) [PSYoungGen: 141920K->96K(137728K)] 143824K->2000K(312832K), 0.0004965 secs] [Times: user=0.00 sys=0.00, real=0.00 secs] 
51.641: [GC (Allocation Failure) [PSYoungGen: 137312K->96K(133120K)] 139216K->2000K(308224K), 0.0004928 secs] [Times: user=0.00 sys=0.00, real=0.00 secs] 
51.702: [GC (Allocation Failure) [PSYoungGen: 132704K->96K(129024K)] 134608K->2000K(304128K), 0.0004862 secs] [Times: user=0.00 sys=0.00, real=0.00 secs] 
51.762: [GC (Allocation Failure) [PSYoungGen: 128608K->96K(124928K)] 130512K->2000K(300032K), 0.0005147 secs] [Times: user=0.00 sys=0.00, real=0.00 secs] 
51.820: [GC (Allocation Failure) [PSYoungGen: 124512K->64K(121344K)] 126416K->1968K(296448K), 0.0005188 secs] [Times: user=0.00 sys=0.00, real=0.00 secs] 
51.876: [GC (Allocation Failure) [PSYoungGen: 120896K->96K(117760K)] 122800K->2000K(292864K), 0.0005079 secs] [Times: user=0.00 sys=0.00, real=0.00 secs] 
51.931: [GC (Allocation Failure) [PSYoungGen: 117344K->96K(114176K)] 119248K->2000K(289280K), 0.0005072 secs] [Times: user=0.00 sys=0.00, real=0.00 secs] 
51.983: [GC (Allocation Failure) [PSYoungGen: 113760K->96K(110592K)] 115664K->2000K(285696K), 0.0004866 secs] [Times: user=0.00 sys=0.00, real=0.00 secs] 
52.035: [GC (Allocation Failure) [PSYoungGen: 110176K->96K(107520K)] 112080K->2000K(282624K), 0.0005228 secs] [Times: user=0.00 sys=0.00, real=0.00 secs] 
52.086: [GC (Allocation Failure) [PSYoungGen: 107104K->96K(104448K)] 109008K->2000K(279552K), 0.0005121 secs] [Times: user=0.00 sys=0.00, real=0.00 secs] 
52.134: [GC (Allocation Failure) [PSYoungGen: 104032K->96K(101376K)] 105936K->2000K(276480K), 0.0005023 secs] [Times: user=0.00 sys=0.00, real=0.00 secs] 
52.182: [GC (Allocation Failure) [PSYoungGen: 100960K->64K(98816K)] 102864K->1968K(273920K), 0.0005102 secs] [Times: user=0.00 sys=0.00, real=0.00 secs] 
52.228: [GC (Allocation Failure) [PSYoungGen: 98368K->32K(96256K)] 100272K->1936K(271360K), 0.0004849 secs] [Times: user=0.00 sys=0.00, real=0.01 secs] 
52.272: [GC (Allocation Failure) [PSYoungGen: 95776K->64K(93696K)] 97680K->1968K(268800K), 0.0005101 secs] [Times: user=0.00 sys=0.00, real=0.00 secs] 
52.316: [GC (Allocation Failure) [PSYoungGen: 93248K->96K(91136K)] 95152K->2000K(266240K), 0.0004936 secs] [Times: user=0.00 sys=0.00, real=0.00 secs] 
52.358: [GC (Allocation Failure) [PSYoungGen: 90720K->96K(88576K)] 92624K->2000K(263680K), 0.0004868 secs] [Times: user=0.00 sys=0.00, real=0.01 secs] 
52.399: [GC (Allocation Failure) [PSYoungGen: 88160K->96K(106496K)] 90064K->2000K(281600K), 0.0004855 secs] [Times: user=0.00 sys=0.00, real=0.00 secs] 
52.448: [GC (Allocation Failure) [PSYoungGen: 106080K->96K(103424K)] 107984K->2000K(278528K), 0.0005002 secs] [Times: user=0.01 sys=0.00, real=0.01 secs] 
52.496: [GC (Allocation Failure) [PSYoungGen: 103008K->96K(100352K)] 104912K->2000K(275456K), 0.0005175 secs] [Times: user=0.00 sys=0.00, real=0.00 secs] 
52.542: [GC (Allocation Failure) [PSYoungGen: 99936K->32K(97792K)] 101840K->1936K(272896K), 0.0004829 secs] [Times: user=0.00 sys=0.00, real=0.00 secs] 
52.587: [GC (Allocation Failure) [PSYoungGen: 97312K->96K(95232K)] 99216K->2000K(270336K), 0.0005094 secs] [Times: user=0.00 sys=0.00, real=0.00 secs] 
52.631: [GC (Allocation Failure) [PSYoungGen: 94816K->96K(92672K)] 96720K->2000K(267776K), 0.0004741 secs] [Times: user=0.00 sys=0.00, real=0.00 secs] 
52.674: [GC (Allocation Failure) [PSYoungGen: 92256K->96K(111104K)] 94160K->2000K(286208K), 0.0005255 secs] [Times: user=0.00 sys=0.00, real=0.00 secs] 
52.726: [GC (Allocation Failure) [PSYoungGen: 110688K->96K(108032K)] 112592K->2000K(283136K), 0.0005000 secs] [Times: user=0.00 sys=0.00, real=0.00 secs] 
52.776: [GC (Allocation Failure) [PSYoungGen: 107616K->96K(104960K)] 109520K->2000K(280064K), 0.0005025 secs] [Times: user=0.00 sys=0.00, real=0.00 secs] 
52.825: [GC (Allocation Failure) [PSYoungGen: 104544K->64K(101888K)] 106448K->1968K(276992K), 0.0005735 secs] [Times: user=0.00 sys=0.00, real=0.00 secs] 
52.876: [GC (Allocation Failure) [PSYoungGen: 101440K->96K(98816K)] 103344K->2000K(273920K), 0.0005021 secs] [Times: user=0.00 sys=0.00, real=0.00 secs] 
52.922: [GC (Allocation Failure) [PSYoungGen: 98400K->64K(96256K)] 100304K->1968K(271360K), 0.0005081 secs] [Times: user=0.00 sys=0.01, real=0.00 secs] 
52.966: [GC (Allocation Failure) [PSYoungGen: 95808K->96K(93696K)] 97712K->2000K(268800K), 0.0005007 secs] [Times: user=0.00 sys=0.00, real=0.00 secs] 
53.009: [GC (Allocation Failure) [PSYoungGen: 93280K->96K(91136K)] 95184K->2000K(266240K), 0.0004743 secs] [Times: user=0.00 sys=0.00, real=0.00 secs] 
53.053: [GC (Allocation Failure) [PSYoungGen: 90720K->96K(109568K)] 92624K->2000K(284672K), 0.0005127 secs] [Times: user=0.00 sys=0.00, real=0.00 secs] 
53.104: [GC (Allocation Failure) [PSYoungGen: 109152K->96K(106496K)] 111056K->2000K(281600K), 0.0005071 secs] [Times: user=0.00 sys=0.00, real=0.00 secs] 
53.153: [GC (Allocation Failure) [PSYoungGen: 106080K->96K(103424K)] 107984K->2000K(278528K), 0.0004906 secs] [Times: user=0.01 sys=0.00, real=0.00 secs] 
53.200: [GC (Allocation Failure) [PSYoungGen: 103008K->96K(100352K)] 104912K->2000K(275456K), 0.0004934 secs] [Times: user=0.00 sys=0.00, real=0.00 secs] 
53.247: [GC (Allocation Failure) [PSYoungGen: 99936K->96K(97792K)] 101840K->2000K(272896K), 0.0005144 secs] [Times: user=0.00 sys=0.00, real=0.00 secs] 
53.293: [GC (Allocation Failure) [PSYoungGen: 97376K->96K(95232K)] 99280K->2000K(270336K), 0.0005071 secs] [Times: user=0.00 sys=0.00, real=0.00 secs] 
53.338: [GC (Allocation Failure) [PSYoungGen: 94816K->96K(114176K)] 96720K->2000K(289280K), 0.0005366 secs] [Times: user=0.00 sys=0.00, real=0.01 secs] 
53.391: [GC (Allocation Failure) [PSYoungGen: 113760K->96K(110592K)] 115664K->2000K(285696K), 0.0005484 secs] [Times: user=0.01 sys=0.00, real=0.00 secs] 
53.442: [GC (Allocation Failure) [PSYoungGen: 110176K->64K(107520K)] 112080K->1968K(282624K), 0.0005031 secs] [Times: user=0.00 sys=0.00, real=0.00 secs] 
53.492: [GC (Allocation Failure) [PSYoungGen: 107072K->96K(104448K)] 108976K->2000K(279552K), 0.0005002 secs] [Times: user=0.00 sys=0.00, real=0.00 secs] 
53.541: [GC (Allocation Failure) [PSYoungGen: 104032K->64K(101376K)] 105936K->1968K(276480K), 0.0005367 secs] [Times: user=0.00 sys=0.00, real=0.00 secs] 
53.588: [GC (Allocation Failure) [PSYoungGen: 100928K->96K(98816K)] 102832K->2000K(273920K), 0.0004976 secs] [Times: user=0.00 sys=0.00, real=0.00 secs] 
53.634: [GC (Allocation Failure) [PSYoungGen: 98400K->96K(96256K)] 100304K->2000K(271360K), 0.0005058 secs] [Times: user=0.00 sys=0.00, real=0.00 secs] 
53.679: [GC (Allocation Failure) [PSYoungGen: 95840K->96K(93696K)] 97744K->2000K(268800K), 0.0005123 secs] [Times: user=0.01 sys=0.00, real=0.00 secs] 
53.722: [GC (Allocation Failure) [PSYoungGen: 93280K->96K(91136K)] 95184K->2000K(266240K), 0.0004743 secs] [Times: user=0.00 sys=0.00, real=0.00 secs] 
53.764: [GC (Allocation Failure) [PSYoungGen: 90720K->96K(109568K)] 92624K->2000K(284672K), 0.0004934 secs] [Times: user=0.00 sys=0.00, real=0.00 secs] 
53.815: [GC (Allocation Failure) [PSYoungGen: 109152K->96K(106496K)] 111056K->2000K(281600K), 0.0005092 secs] [Times: user=0.00 sys=0.00, real=0.00 secs] 
53.867: [GC (Allocation Failure) [PSYoungGen: 106080K->96K(103424K)] 107984K->2000K(278528K), 0.0005129 secs] [Times: user=0.01 sys=0.00, real=0.00 secs] 
53.917: [GC (Allocation Failure) [PSYoungGen: 103008K->96K(100352K)] 104912K->2000K(275456K), 0.0005006 secs] [Times: user=0.01 sys=0.00, real=0.00 secs] 
53.963: [GC (Allocation Failure) [PSYoungGen: 99936K->64K(97792K)] 101840K->1968K(272896K), 0.0005405 secs] [Times: user=0.00 sys=0.00, real=0.00 secs] 
54.009: [GC (Allocation Failure) [PSYoungGen: 97344K->96K(95232K)] 99248K->2000K(270336K), 0.0004964 secs] [Times: user=0.00 sys=0.00, real=0.00 secs] 
54.054: [GC (Allocation Failure) [PSYoungGen: 94816K->96K(92672K)] 96720K->2000K(267776K), 0.0005077 secs] [Times: user=0.00 sys=0.00, real=0.00 secs] 
54.097: [GC (Allocation Failure) [PSYoungGen: 92256K->96K(111104K)] 94160K->2000K(286208K), 0.0005107 secs] [Times: user=0.00 sys=0.00, real=0.00 secs] 
54.149: [GC (Allocation Failure) [PSYoungGen: 110688K->64K(108032K)] 112592K->1968K(283136K), 0.0004820 secs] [Times: user=0.00 sys=0.00, real=0.00 secs] 
54.199: [GC (Allocation Failure) [PSYoungGen: 107584K->96K(104960K)] 109488K->2000K(280064K), 0.0005359 secs] [Times: user=0.00 sys=0.00, real=0.00 secs] 
54.247: [GC (Allocation Failure) [PSYoungGen: 104544K->96K(101888K)] 106448K->2000K(276992K), 0.0005008 secs] [Times: user=0.00 sys=0.00, real=0.00 secs] 
54.295: [GC (Allocation Failure) [PSYoungGen: 101472K->96K(98816K)] 103376K->2000K(273920K), 0.0005094 secs] [Times: user=0.00 sys=0.00, real=0.00 secs] 
54.340: [GC (Allocation Failure) [PSYoungGen: 98400K->64K(96256K)] 100304K->1968K(271360K), 0.0004769 secs] [Times: user=0.00 sys=0.00, real=0.00 secs] 
54.385: [GC (Allocation Failure) [PSYoungGen: 95808K->96K(93696K)] 97712K->2000K(268800K), 0.0005014 secs] [Times: user=0.00 sys=0.00, real=0.00 secs] 
54.428: [GC (Allocation Failure) [PSYoungGen: 93280K->64K(112640K)] 95184K->1968K(287744K), 0.0005109 secs] [Times: user=0.00 sys=0.00, real=0.00 secs] 
54.480: [GC (Allocation Failure) [PSYoungGen: 112192K->64K(109568K)] 114096K->1968K(284672K), 0.0004774 secs] [Times: user=0.00 sys=0.00, real=0.00 secs] 
54.531: [GC (Allocation Failure) [PSYoungGen: 109120K->96K(106496K)] 111024K->2000K(281600K), 0.0004902 secs] [Times: user=0.00 sys=0.00, real=0.00 secs] 
54.580: [GC (Allocation Failure) [PSYoungGen: 106080K->96K(103424K)] 107984K->2000K(278528K), 0.0005171 secs] [Times: user=0.00 sys=0.00, real=0.00 secs] 
54.628: [GC (Allocation Failure) [PSYoungGen: 103008K->96K(100352K)] 104912K->2000K(275456K), 0.0005152 secs] [Times: user=0.00 sys=0.00, real=0.01 secs] 
54.674: [GC (Allocation Failure) [PSYoungGen: 99936K->96K(97792K)] 101840K->2000K(272896K), 0.0004868 secs] [Times: user=0.00 sys=0.00, real=0.00 secs] 
54.719: [GC (Allocation Failure) [PSYoungGen: 97376K->96K(95232K)] 99280K->2000K(270336K), 0.0004965 secs] [Times: user=0.00 sys=0.00, real=0.00 secs] 
54.764: [GC (Allocation Failure) [PSYoungGen: 94816K->96K(92672K)] 96720K->2000K(267776K), 0.0005233 secs] [Times: user=0.00 sys=0.00, real=0.00 secs] 
54.806: [GC (Allocation Failure) [PSYoungGen: 92256K->96K(111104K)] 94160K->2000K(286208K), 0.0004797 secs] [Times: user=0.00 sys=0.00, real=0.00 secs] 
54.858: [GC (Allocation Failure) [PSYoungGen: 110688K->96K(108032K)] 112592K->2000K(283136K), 0.0004777 secs] [Times: user=0.00 sys=0.00, real=0.01 secs] 
54.908: [GC (Allocation Failure) [PSYoungGen: 107616K->96K(104960K)] 109520K->2000K(280064K), 0.0005056 secs] [Times: user=0.00 sys=0.00, real=0.01 secs] 
54.956: [GC (Allocation Failure) [PSYoungGen: 104544K->96K(101888K)] 106448K->2000K(276992K), 0.0005156 secs] [Times: user=0.00 sys=0.00, real=0.00 secs] 
55.003: [GC (Allocation Failure) [PSYoungGen: 101472K->64K(98816K)] 103376K->1968K(273920K), 0.0004726 secs] [Times: user=0.00 sys=0.00, real=0.00 secs] 
55.050: [GC (Allocation Failure) [PSYoungGen: 98368K->96K(96256K)] 100272K->2000K(271360K), 0.0005122 secs] [Times: user=0.00 sys=0.00, real=0.00 secs] 
55.095: [GC (Allocation Failure) [PSYoungGen: 95840K->96K(93696K)] 97744K->2000K(268800K), 0.0005067 secs] [Times: user=0.00 sys=0.00, real=0.00 secs] 
55.138: [GC (Allocation Failure) [PSYoungGen: 93280K->64K(91136K)] 95184K->1968K(266240K), 0.0004693 secs] [Times: user=0.00 sys=0.00, real=0.00 secs] 
55.180: [GC (Allocation Failure) [PSYoungGen: 90688K->96K(88576K)] 92592K->2000K(263680K), 0.0004894 secs] [Times: user=0.00 sys=0.00, real=0.00 secs] 
55.221: [GC (Allocation Failure) [PSYoungGen: 88160K->64K(106496K)] 90064K->1968K(281600K), 0.0004702 secs] [Times: user=0.00 sys=0.00, real=0.00 secs] 
55.271: [GC (Allocation Failure) [PSYoungGen: 106048K->96K(103424K)] 107952K->2000K(278528K), 0.0005098 secs] [Times: user=0.00 sys=0.00, real=0.00 secs] 
55.318: [GC (Allocation Failure) [PSYoungGen: 103008K->64K(100352K)] 104912K->1968K(275456K), 0.0005024 secs] [Times: user=0.00 sys=0.01, real=0.00 secs] 
55.366: [GC (Allocation Failure) [PSYoungGen: 99904K->64K(120320K)] 101808K->1968K(295424K), 0.0009832 secs] [Times: user=0.00 sys=0.00, real=0.00 secs] 
55.422: [GC (Allocation Failure) [PSYoungGen: 119872K->96K(144384K)] 121776K->2000K(319488K), 0.0018855 secs] [Times: user=0.00 sys=0.00, real=0.00 secs] 
55.491: [GC (Allocation Failure) [PSYoungGen: 143967K->96K(173568K)] 145871K->2000K(348672K), 0.0005378 secs] [Times: user=0.00 sys=0.00, real=0.00 secs] 
55.571: [GC (Allocation Failure) [PSYoungGen: 173152K->32K(167424K)] 175056K->1936K(342528K), 0.0005008 secs] [Times: user=0.00 sys=0.00, real=0.00 secs] 
55.648: [GC (Allocation Failure) [PSYoungGen: 166944K->96K(161792K)] 168848K->2000K(336896K), 0.0005007 secs] [Times: user=0.00 sys=0.00, real=0.01 secs] 
55.723: [GC (Allocation Failure) [PSYoungGen: 161376K->96K(156160K)] 163280K->2000K(331264K), 0.0005216 secs] [Times: user=0.01 sys=0.00, real=0.00 secs] 
55.795: [GC (Allocation Failure) [PSYoungGen: 155744K->64K(151040K)] 157648K->1968K(326144K), 0.0005156 secs] [Times: user=0.00 sys=0.00, real=0.00 secs] 
55.865: [GC (Allocation Failure) [PSYoungGen: 150592K->96K(145920K)] 152496K->2000K(321024K), 0.0005296 secs] [Times: user=0.00 sys=0.00, real=0.00 secs] 
55.932: [GC (Allocation Failure) [PSYoungGen: 145504K->64K(141312K)] 147408K->1968K(316416K), 0.0005434 secs] [Times: user=0.01 sys=0.00, real=0.00 secs] 
55.998: [GC (Allocation Failure) [PSYoungGen: 140864K->96K(136704K)] 142768K->2000K(311808K), 0.0005268 secs] [Times: user=0.00 sys=0.00, real=0.01 secs] 
56.062: [GC (Allocation Failure) [PSYoungGen: 136288K->96K(132608K)] 138192K->2000K(307712K), 0.0005186 secs] [Times: user=0.00 sys=0.00, real=0.00 secs] 
56.124: [GC (Allocation Failure) [PSYoungGen: 132192K->96K(128512K)] 134096K->2000K(303616K), 0.0005257 secs] [Times: user=0.00 sys=0.00, real=0.00 secs] 
56.183: [GC (Allocation Failure) [PSYoungGen: 128096K->64K(124416K)] 130000K->1968K(299520K), 0.0005330 secs] [Times: user=0.00 sys=0.00, real=0.00 secs] 
56.241: [GC (Allocation Failure) [PSYoungGen: 123968K->96K(120832K)] 125872K->2000K(295936K), 0.0005241 secs] [Times: user=0.00 sys=0.00, real=0.00 secs] 
56.297: [GC (Allocation Failure) [PSYoungGen: 120416K->96K(117248K)] 122320K->2000K(292352K), 0.0005111 secs] [Times: user=0.00 sys=0.00, real=0.00 secs] 
56.351: [GC (Allocation Failure) [PSYoungGen: 116832K->96K(113664K)] 118736K->2000K(288768K), 0.0005039 secs] [Times: user=0.00 sys=0.00, real=0.00 secs] 
56.404: [GC (Allocation Failure) [PSYoungGen: 113248K->96K(110592K)] 115152K->2000K(285696K), 0.0005139 secs] [Times: user=0.00 sys=0.00, real=0.00 secs] 
56.455: [GC (Allocation Failure) [PSYoungGen: 110176K->96K(107520K)] 112080K->2000K(282624K), 0.0005152 secs] [Times: user=0.00 sys=0.00, real=0.00 secs] 
56.505: [GC (Allocation Failure) [PSYoungGen: 107104K->96K(104448K)] 109008K->2000K(279552K), 0.0005269 secs] [Times: user=0.00 sys=0.00, real=0.00 secs] 
56.553: [GC (Allocation Failure) [PSYoungGen: 104032K->96K(101376K)] 105936K->2000K(276480K), 0.0004877 secs] [Times: user=0.00 sys=0.00, real=0.00 secs] 
56.600: [GC (Allocation Failure) [PSYoungGen: 100960K->96K(98816K)] 102864K->2000K(273920K), 0.0005134 secs] [Times: user=0.00 sys=0.00, real=0.00 secs] 
56.646: [GC (Allocation Failure) [PSYoungGen: 98400K->96K(96256K)] 100304K->2000K(271360K), 0.0005028 secs] [Times: user=0.00 sys=0.00, real=0.00 secs] 
56.691: [GC (Allocation Failure) [PSYoungGen: 95840K->96K(93696K)] 97744K->2000K(268800K), 0.0005235 secs] [Times: user=0.00 sys=0.00, real=0.00 secs] 
56.734: [GC (Allocation Failure) [PSYoungGen: 93280K->32K(91136K)] 95184K->1936K(266240K), 0.0005371 secs] [Times: user=0.00 sys=0.00, real=0.00 secs] 
56.776: [GC (Allocation Failure) [PSYoungGen: 90656K->64K(109568K)] 92560K->1968K(284672K), 0.0005011 secs] [Times: user=0.01 sys=0.00, real=0.00 secs] 
56.827: [GC (Allocation Failure) [PSYoungGen: 109120K->96K(106496K)] 111024K->2000K(281600K), 0.0004955 secs] [Times: user=0.00 sys=0.00, real=0.00 secs] 
56.876: [GC (Allocation Failure) [PSYoungGen: 106080K->96K(103424K)] 107984K->2000K(278528K), 0.0004846 secs] [Times: user=0.00 sys=0.00, real=0.00 secs] 
56.924: [GC (Allocation Failure) [PSYoungGen: 103008K->96K(100352K)] 104912K->2000K(275456K), 0.0004875 secs] [Times: user=0.00 sys=0.00, real=0.00 secs] 
56.970: [GC (Allocation Failure) [PSYoungGen: 99936K->96K(97792K)] 101840K->2000K(272896K), 0.0004990 secs] [Times: user=0.00 sys=0.00, real=0.00 secs] 
57.015: [GC (Allocation Failure) [PSYoungGen: 97376K->32K(95232K)] 99280K->1936K(270336K), 0.0004924 secs] [Times: user=0.00 sys=0.00, real=0.00 secs] 
57.060: [GC (Allocation Failure) [PSYoungGen: 94752K->96K(92672K)] 96656K->2000K(267776K), 0.0005156 secs] [Times: user=0.00 sys=0.00, real=0.00 secs] 
57.103: [GC (Allocation Failure) [PSYoungGen: 92256K->64K(111104K)] 94160K->1968K(286208K), 0.0005221 secs] [Times: user=0.01 sys=0.00, real=0.00 secs] 
57.155: [GC (Allocation Failure) [PSYoungGen: 110656K->96K(108032K)] 112560K->2000K(283136K), 0.0004976 secs] [Times: user=0.00 sys=0.00, real=0.00 secs] 
57.204: [GC (Allocation Failure) [PSYoungGen: 107616K->0K(104960K)] 109520K->1904K(280064K), 0.0004584 secs] [Times: user=0.00 sys=0.00, real=0.00 secs] 
57.253: [GC (Allocation Failure) [PSYoungGen: 104448K->96K(101888K)] 106352K->2000K(276992K), 0.0005290 secs] [Times: user=0.00 sys=0.00, real=0.00 secs] 
57.300: [GC (Allocation Failure) [PSYoungGen: 101472K->96K(98816K)] 103376K->2000K(273920K), 0.0004975 secs] [Times: user=0.00 sys=0.00, real=0.00 secs] 
57.346: [GC (Allocation Failure) [PSYoungGen: 98400K->96K(96256K)] 100304K->2000K(271360K), 0.0004943 secs] [Times: user=0.00 sys=0.00, real=0.00 secs] 
57.390: [GC (Allocation Failure) [PSYoungGen: 95840K->96K(93696K)] 97744K->2000K(268800K), 0.0004931 secs] [Times: user=0.01 sys=0.00, real=0.00 secs] 
57.434: [GC (Allocation Failure) [PSYoungGen: 93280K->96K(91136K)] 95184K->2000K(266240K), 0.0004999 secs] [Times: user=0.00 sys=0.00, real=0.00 secs] 
57.476: [GC (Allocation Failure) [PSYoungGen: 90720K->64K(109568K)] 92624K->1968K(284672K), 0.0005162 secs] [Times: user=0.00 sys=0.00, real=0.00 secs] 
57.527: [GC (Allocation Failure) [PSYoungGen: 109120K->96K(106496K)] 111024K->2000K(281600K), 0.0004986 secs] [Times: user=0.00 sys=0.00, real=0.00 secs] 
57.576: [GC (Allocation Failure) [PSYoungGen: 106080K->96K(103424K)] 107984K->2000K(278528K), 0.0004844 secs] [Times: user=0.00 sys=0.00, real=0.00 secs] 
57.623: [GC (Allocation Failure) [PSYoungGen: 103008K->96K(100352K)] 104912K->2000K(275456K), 0.0005067 secs] [Times: user=0.00 sys=0.00, real=0.00 secs] 
57.670: [GC (Allocation Failure) [PSYoungGen: 99936K->96K(97792K)] 101840K->2000K(272896K), 0.0005241 secs] [Times: user=0.00 sys=0.00, real=0.00 secs] 
57.721: [GC (Allocation Failure) [PSYoungGen: 97376K->96K(95232K)] 99280K->2000K(270336K), 0.0005283 secs] [Times: user=0.00 sys=0.00, real=0.00 secs] 
57.765: [GC (Allocation Failure) [PSYoungGen: 94816K->96K(92672K)] 96720K->2000K(267776K), 0.0004931 secs] [Times: user=0.00 sys=0.00, real=0.00 secs] 
57.808: [GC (Allocation Failure) [PSYoungGen: 92256K->96K(90112K)] 94160K->2000K(265216K), 0.0005087 secs] [Times: user=0.00 sys=0.00, real=0.01 secs] 
57.849: [GC (Allocation Failure) [PSYoungGen: 89696K->64K(108032K)] 91600K->1968K(283136K), 0.0004955 secs] [Times: user=0.00 sys=0.00, real=0.00 secs] 
57.900: [GC (Allocation Failure) [PSYoungGen: 107583K->32K(129536K)] 109487K->1936K(304640K), 0.0005318 secs] [Times: user=0.00 sys=0.00, real=0.00 secs] 
57.960: [GC (Allocation Failure) [PSYoungGen: 129056K->96K(125440K)] 130960K->2000K(300544K), 0.0005254 secs] [Times: user=0.00 sys=0.00, real=0.00 secs] 
58.018: [GC (Allocation Failure) [PSYoungGen: 125024K->96K(150528K)] 126928K->2000K(325632K), 0.0009326 secs] [Times: user=0.00 sys=0.00, real=0.01 secs] 
58.089: [GC (Allocation Failure) [PSYoungGen: 150112K->96K(145408K)] 152016K->2000K(320512K), 0.0005250 secs] [Times: user=0.00 sys=0.00, real=0.00 secs] 
58.156: [GC (Allocation Failure) [PSYoungGen: 144992K->64K(140800K)] 146896K->1968K(315904K), 0.0005136 secs] [Times: user=0.00 sys=0.00, real=0.00 secs] 
58.221: [GC (Allocation Failure) [PSYoungGen: 140352K->64K(136192K)] 142256K->1968K(311296K), 0.0004956 secs] [Times: user=0.00 sys=0.00, real=0.00 secs] 
58.285: [GC (Allocation Failure) [PSYoungGen: 135744K->96K(132096K)] 137648K->2000K(307200K), 0.0005241 secs] [Times: user=0.00 sys=0.00, real=0.00 secs] 
58.348: [GC (Allocation Failure) [PSYoungGen: 131680K->96K(128000K)] 133584K->2000K(303104K), 0.0005208 secs] [Times: user=0.00 sys=0.00, real=0.00 secs] 
58.407: [GC (Allocation Failure) [PSYoungGen: 127584K->64K(123904K)] 129488K->1968K(299008K), 0.0005015 secs] [Times: user=0.00 sys=0.00, real=0.00 secs] 
58.464: [GC (Allocation Failure) [PSYoungGen: 123456K->96K(120320K)] 125360K->2000K(295424K), 0.0005377 secs] [Times: user=0.00 sys=0.00, real=0.00 secs] 
58.520: [GC (Allocation Failure) [PSYoungGen: 119904K->0K(116736K)] 121808K->1904K(291840K), 0.0005017 secs] [Times: user=0.00 sys=0.00, real=0.00 secs] 
58.574: [GC (Allocation Failure) [PSYoungGen: 116224K->64K(113152K)] 118128K->1968K(288256K), 0.0004923 secs] [Times: user=0.00 sys=0.00, real=0.00 secs] 
58.626: [GC (Allocation Failure) [PSYoungGen: 112704K->96K(110080K)] 114608K->2000K(285184K), 0.0005195 secs] [Times: user=0.00 sys=0.00, real=0.00 secs] 
58.677: [GC (Allocation Failure) [PSYoungGen: 109664K->96K(107008K)] 111568K->2000K(282112K), 0.0005143 secs] [Times: user=0.00 sys=0.00, real=0.01 secs] 
58.727: [GC (Allocation Failure) [PSYoungGen: 106592K->96K(103936K)] 108496K->2000K(279040K), 0.0005337 secs] [Times: user=0.00 sys=0.00, real=0.00 secs] 
58.775: [GC (Allocation Failure) [PSYoungGen: 103520K->64K(100864K)] 105424K->1968K(275968K), 0.0005078 secs] [Times: user=0.00 sys=0.00, real=0.00 secs] 
58.822: [GC (Allocation Failure) [PSYoungGen: 100416K->96K(98304K)] 102320K->2000K(273408K), 0.0005140 secs] [Times: user=0.00 sys=0.00, real=0.00 secs] 
58.867: [GC (Allocation Failure) [PSYoungGen: 97888K->96K(95744K)] 99792K->2000K(270848K), 0.0005144 secs] [Times: user=0.00 sys=0.00, real=0.00 secs] 
58.911: [GC (Allocation Failure) [PSYoungGen: 95328K->96K(93184K)] 97232K->2000K(268288K), 0.0004961 secs] [Times: user=0.00 sys=0.00, real=0.00 secs] 
58.955: [GC (Allocation Failure) [PSYoungGen: 92768K->96K(90624K)] 94672K->2000K(265728K), 0.0005185 secs] [Times: user=0.00 sys=0.00, real=0.00 secs] 
58.997: [GC (Allocation Failure) [PSYoungGen: 90208K->96K(88064K)] 92112K->2000K(263168K), 0.0004848 secs] [Times: user=0.00 sys=0.00, real=0.00 secs] 
59.038: [GC (Allocation Failure) [PSYoungGen: 87648K->96K(105984K)] 89552K->2000K(281088K), 0.0005160 secs] [Times: user=0.00 sys=0.00, real=0.01 secs] 
59.088: [GC (Allocation Failure) [PSYoungGen: 105568K->96K(127488K)] 107472K->2000K(302592K), 0.0005192 secs] [Times: user=0.01 sys=0.00, real=0.00 secs] 
59.147: [GC (Allocation Failure) [PSYoungGen: 127072K->64K(123392K)] 128976K->1968K(298496K), 0.0005070 secs] [Times: user=0.00 sys=0.00, real=0.00 secs] 
59.204: [GC (Allocation Failure) [PSYoungGen: 122944K->96K(119808K)] 124848K->2000K(294912K), 0.0005418 secs] [Times: user=0.00 sys=0.00, real=0.00 secs] 
59.260: [GC (Allocation Failure) [PSYoungGen: 119392K->96K(116224K)] 121296K->2000K(291328K), 0.0005069 secs] [Times: user=0.00 sys=0.00, real=0.00 secs] 
59.313: [GC (Allocation Failure) [PSYoungGen: 115808K->96K(112640K)] 117712K->2000K(287744K), 0.0005189 secs] [Times: user=0.00 sys=0.00, real=0.00 secs] 
59.365: [GC (Allocation Failure) [PSYoungGen: 112224K->64K(109568K)] 114128K->1968K(284672K), 0.0005048 secs] [Times: user=0.00 sys=0.00, real=0.00 secs] 
59.416: [GC (Allocation Failure) [PSYoungGen: 109120K->96K(106496K)] 111024K->2000K(281600K), 0.0004984 secs] [Times: user=0.01 sys=0.00, real=0.00 secs] 
59.465: [GC (Allocation Failure) [PSYoungGen: 106080K->96K(103424K)] 107984K->2000K(278528K), 0.0004894 secs] [Times: user=0.01 sys=0.00, real=0.00 secs] 
59.513: [GC (Allocation Failure) [PSYoungGen: 103008K->96K(100352K)] 104912K->2000K(275456K), 0.0004896 secs] [Times: user=0.00 sys=0.00, real=0.00 secs] 
59.559: [GC (Allocation Failure) [PSYoungGen: 99936K->96K(97792K)] 101840K->2000K(272896K), 0.0004986 secs] [Times: user=0.00 sys=0.00, real=0.00 secs] 
59.604: [GC (Allocation Failure) [PSYoungGen: 97376K->96K(95232K)] 99280K->2000K(270336K), 0.0004978 secs] [Times: user=0.01 sys=0.00, real=0.00 secs] 
59.648: [GC (Allocation Failure) [PSYoungGen: 94816K->96K(92672K)] 96720K->2000K(267776K), 0.0004823 secs] [Times: user=0.00 sys=0.00, real=0.00 secs] 
59.691: [GC (Allocation Failure) [PSYoungGen: 92256K->96K(90112K)] 94160K->2000K(265216K), 0.0004780 secs] [Times: user=0.00 sys=0.00, real=0.00 secs] 
59.733: [GC (Allocation Failure) [PSYoungGen: 89696K->64K(108032K)] 91600K->1968K(283136K), 0.0005211 secs] [Times: user=0.01 sys=0.00, real=0.00 secs] 
59.787: [GC (Allocation Failure) [PSYoungGen: 107584K->96K(104960K)] 109488K->2000K(280064K), 0.0005237 secs] [Times: user=0.00 sys=0.00, real=0.00 secs] 
59.836: [GC (Allocation Failure) [PSYoungGen: 104544K->96K(101888K)] 106448K->2000K(276992K), 0.0005277 secs] [Times: user=0.00 sys=0.00, real=0.00 secs] 
59.883: [GC (Allocation Failure) [PSYoungGen: 101472K->96K(98816K)] 103376K->2000K(273920K), 0.0005185 secs] [Times: user=0.00 sys=0.00, real=0.00 secs] 
59.929: [GC (Allocation Failure) [PSYoungGen: 98400K->64K(96256K)] 100304K->1968K(271360K), 0.0005169 secs] [Times: user=0.00 sys=0.00, real=0.00 secs] 
59.973: [GC (Allocation Failure) [PSYoungGen: 95808K->96K(93696K)] 97712K->2000K(268800K), 0.0004986 secs] [Times: user=0.00 sys=0.00, real=0.00 secs] 
60.016: [GC (Allocation Failure) [PSYoungGen: 93280K->96K(112640K)] 95184K->2000K(287744K), 0.0004861 secs] [Times: user=0.00 sys=0.00, real=0.00 secs] 
60.070: [GC (Allocation Failure) [PSYoungGen: 112224K->96K(109568K)] 114128K->2000K(284672K), 0.0005385 secs] [Times: user=0.01 sys=0.00, real=0.00 secs] 
60.120: [GC (Allocation Failure) [PSYoungGen: 109152K->96K(106496K)] 111056K->2000K(281600K), 0.0005176 secs] [Times: user=0.00 sys=0.00, real=0.00 secs] 
60.169: [GC (Allocation Failure) [PSYoungGen: 106080K->96K(103424K)] 107984K->2000K(278528K), 0.0004718 secs] [Times: user=0.01 sys=0.00, real=0.00 secs] 
60.218: [GC (Allocation Failure) [PSYoungGen: 103008K->96K(100352K)] 104912K->2000K(275456K), 0.0005161 secs] [Times: user=0.00 sys=0.01, real=0.01 secs] 
60.264: [GC (Allocation Failure) [PSYoungGen: 99936K->32K(97792K)] 101840K->1936K(272896K), 0.0004926 secs] [Times: user=0.00 sys=0.00, real=0.00 secs] 
60.313: [GC (Allocation Failure) [PSYoungGen: 97312K->160K(95232K)] 99216K->2064K(270336K), 0.0006092 secs] [Times: user=0.00 sys=0.00, real=0.00 secs] 
60.358: [GC (Allocation Failure) [PSYoungGen: 94880K->96K(114176K)] 96784K->2032K(289280K), 0.0005479 secs] [Times: user=0.00 sys=0.00, real=0.00 secs] 
60.411: [GC (Allocation Failure) [PSYoungGen: 113760K->64K(110592K)] 115696K->2000K(285696K), 0.0005058 secs] [Times: user=0.00 sys=0.00, real=0.00 secs] 
60.462: [GC (Allocation Failure) [PSYoungGen: 110144K->96K(107520K)] 112080K->2032K(282624K), 0.0005192 secs] [Times: user=0.00 sys=0.00, real=0.00 secs] 
60.511: [GC (Allocation Failure) [PSYoungGen: 107104K->64K(104448K)] 109040K->2000K(279552K), 0.0005282 secs] [Times: user=0.00 sys=0.00, real=0.00 secs] 
60.560: [GC (Allocation Failure) [PSYoungGen: 104000K->96K(101376K)] 105936K->2032K(276480K), 0.0004994 secs] [Times: user=0.00 sys=0.00, real=0.00 secs] 
60.606: [GC (Allocation Failure) [PSYoungGen: 100960K->96K(98816K)] 102896K->2032K(273920K), 0.0005009 secs] [Times: user=0.00 sys=0.00, real=0.00 secs] 
60.652: [GC (Allocation Failure) [PSYoungGen: 98400K->64K(96256K)] 100336K->2000K(271360K), 0.0004732 secs] [Times: user=0.00 sys=0.00, real=0.00 secs] 
60.697: [GC (Allocation Failure) [PSYoungGen: 95808K->96K(93696K)] 97744K->2032K(268800K), 0.0005097 secs] [Times: user=0.00 sys=0.00, real=0.01 secs] 
60.741: [GC (Allocation Failure) [PSYoungGen: 93280K->96K(112640K)] 95216K->2032K(287744K), 0.0005376 secs] [Times: user=0.00 sys=0.00, real=0.00 secs] 
60.793: [GC (Allocation Failure) [PSYoungGen: 112224K->64K(109568K)] 114160K->2000K(284672K), 0.0004751 secs] [Times: user=0.01 sys=0.00, real=0.00 secs] 
60.844: [GC (Allocation Failure) [PSYoungGen: 109120K->96K(106496K)] 111056K->2032K(281600K), 0.0004967 secs] [Times: user=0.00 sys=0.00, real=0.00 secs] 
60.893: [GC (Allocation Failure) [PSYoungGen: 106080K->96K(103424K)] 108016K->2032K(278528K), 0.0005255 secs] [Times: user=0.00 sys=0.00, real=0.00 secs] 
60.941: [GC (Allocation Failure) [PSYoungGen: 103008K->64K(100352K)] 104944K->2000K(275456K), 0.0004939 secs] [Times: user=0.00 sys=0.00, real=0.00 secs] 
60.987: [GC (Allocation Failure) [PSYoungGen: 99904K->96K(97792K)] 101840K->2032K(272896K), 0.0005024 secs] [Times: user=0.00 sys=0.00, real=0.01 secs] 
61.033: [GC (Allocation Failure) [PSYoungGen: 97376K->96K(95232K)] 99312K->2032K(270336K), 0.0005218 secs] [Times: user=0.00 sys=0.00, real=0.00 secs] 
61.078: [GC (Allocation Failure) [PSYoungGen: 94816K->64K(92672K)] 96752K->2000K(267776K), 0.0005346 secs] [Times: user=0.00 sys=0.00, real=0.00 secs] 
61.122: [GC (Allocation Failure) [PSYoungGen: 92224K->96K(111104K)] 94160K->2032K(286208K), 0.0005691 secs] [Times: user=0.00 sys=0.00, real=0.00 secs] 
61.173: [GC (Allocation Failure) [PSYoungGen: 110687K->96K(108032K)] 112623K->2032K(283136K), 0.0005006 secs] [Times: user=0.00 sys=0.00, real=0.00 secs] 
61.224: [GC (Allocation Failure) [PSYoungGen: 107616K->96K(104960K)] 109552K->2032K(280064K), 0.0005131 secs] [Times: user=0.00 sys=0.00, real=0.00 secs] 
61.273: [GC (Allocation Failure) [PSYoungGen: 104544K->32K(101888K)] 106480K->1968K(276992K), 0.0005100 secs] [Times: user=0.00 sys=0.00, real=0.00 secs] 
61.320: [GC (Allocation Failure) [PSYoungGen: 101408K->64K(98816K)] 103344K->2000K(273920K), 0.0005084 secs] [Times: user=0.00 sys=0.00, real=0.00 secs] 
61.366: [GC (Allocation Failure) [PSYoungGen: 98368K->32K(96256K)] 100304K->1968K(271360K), 0.0004933 secs] [Times: user=0.00 sys=0.00, real=0.00 secs] 
61.411: [GC (Allocation Failure) [PSYoungGen: 95776K->32K(115712K)] 97712K->1968K(290816K), 0.0005679 secs] [Times: user=0.00 sys=0.00, real=0.00 secs] 
61.464: [GC (Allocation Failure) [PSYoungGen: 115232K->64K(112128K)] 117168K->2000K(287232K), 0.0005188 secs] [Times: user=0.00 sys=0.00, real=0.00 secs] 
61.516: [GC (Allocation Failure) [PSYoungGen: 111680K->64K(134656K)] 113616K->2000K(309760K), 0.0009796 secs] [Times: user=0.01 sys=0.00, real=0.00 secs] 
61.578: [GC (Allocation Failure) [PSYoungGen: 134208K->96K(161792K)] 136144K->2032K(336896K), 0.0005211 secs] [Times: user=0.00 sys=0.00, real=0.00 secs] 
61.653: [GC (Allocation Failure) [PSYoungGen: 161376K->64K(194048K)] 163312K->2000K(369152K), 0.0009954 secs] [Times: user=0.00 sys=0.00, real=0.00 secs] 
61.743: [GC (Allocation Failure) [PSYoungGen: 193600K->96K(186880K)] 195536K->2032K(361984K), 0.0005343 secs] [Times: user=0.00 sys=0.00, real=0.00 secs] 
61.833: [GC (Allocation Failure) [PSYoungGen: 186464K->96K(180224K)] 188400K->2032K(355328K), 0.0005374 secs] [Times: user=0.00 sys=0.00, real=0.00 secs] 
61.916: [GC (Allocation Failure) [PSYoungGen: 179808K->96K(174080K)] 181744K->2032K(349184K), 0.0005188 secs] [Times: user=0.00 sys=0.00, real=0.00 secs] 
61.997: [GC (Allocation Failure) [PSYoungGen: 173664K->96K(167936K)] 175600K->2032K(343040K), 0.0005330 secs] [Times: user=0.00 sys=0.00, real=0.01 secs] 
62.077: [GC (Allocation Failure) [PSYoungGen: 167520K->96K(162304K)] 169456K->2032K(337408K), 0.0005182 secs] [Times: user=0.00 sys=0.00, real=0.00 secs] 
62.152: [GC (Allocation Failure) [PSYoungGen: 161888K->96K(156672K)] 163824K->2032K(331776K), 0.0005269 secs] [Times: user=0.00 sys=0.00, real=0.00 secs] 
62.224: [GC (Allocation Failure) [PSYoungGen: 156256K->32K(151552K)] 158192K->1968K(326656K), 0.0005081 secs] [Times: user=0.00 sys=0.00, real=0.00 secs] 
62.295: [GC (Allocation Failure) [PSYoungGen: 151072K->96K(146432K)] 153008K->2032K(321536K), 0.0005193 secs] [Times: user=0.00 sys=0.00, real=0.00 secs] 
62.363: [GC (Allocation Failure) [PSYoungGen: 146016K->96K(141824K)] 147952K->2032K(316928K), 0.0005201 secs] [Times: user=0.01 sys=0.00, real=0.00 secs] 
62.428: [GC (Allocation Failure) [PSYoungGen: 141408K->32K(137216K)] 143344K->1968K(312320K), 0.0004864 secs] [Times: user=0.00 sys=0.00, real=0.00 secs] 
62.491: [GC (Allocation Failure) [PSYoungGen: 136736K->64K(132608K)] 138672K->2000K(307712K), 0.0005138 secs] [Times: user=0.00 sys=0.00, real=0.00 secs] 
62.553: [GC (Allocation Failure) [PSYoungGen: 132160K->96K(128512K)] 134096K->2032K(303616K), 0.0005217 secs] [Times: user=0.00 sys=0.00, real=0.00 secs] 
62.612: [GC (Allocation Failure) [PSYoungGen: 128096K->96K(124416K)] 130032K->2032K(299520K), 0.0004962 secs] [Times: user=0.00 sys=0.00, real=0.00 secs] 
62.670: [GC (Allocation Failure) [PSYoungGen: 124000K->96K(120832K)] 125936K->2032K(295936K), 0.0005135 secs] [Times: user=0.00 sys=0.00, real=0.00 secs] 
62.726: [GC (Allocation Failure) [PSYoungGen: 120416K->64K(117248K)] 122352K->2000K(292352K), 0.0005146 secs] [Times: user=0.00 sys=0.00, real=0.00 secs] 
62.780: [GC (Allocation Failure) [PSYoungGen: 116800K->96K(113664K)] 118736K->2032K(288768K), 0.0005150 secs] [Times: user=0.01 sys=0.00, real=0.00 secs] 
62.833: [GC (Allocation Failure) [PSYoungGen: 113248K->96K(110592K)] 115184K->2032K(285696K), 0.0005080 secs] [Times: user=0.00 sys=0.00, real=0.00 secs] 
62.884: [GC (Allocation Failure) [PSYoungGen: 110176K->96K(107520K)] 112112K->2032K(282624K), 0.0005259 secs] [Times: user=0.00 sys=0.00, real=0.00 secs] 
62.934: [GC (Allocation Failure) [PSYoungGen: 107104K->96K(104448K)] 109040K->2032K(279552K), 0.0005179 secs] [Times: user=0.00 sys=0.00, real=0.00 secs] 
62.982: [GC (Allocation Failure) [PSYoungGen: 104032K->96K(101376K)] 105968K->2032K(276480K), 0.0004838 secs] [Times: user=0.00 sys=0.00, real=0.00 secs] 
63.029: [GC (Allocation Failure) [PSYoungGen: 100960K->96K(98816K)] 102896K->2032K(273920K), 0.0005137 secs] [Times: user=0.00 sys=0.00, real=0.00 secs] 
63.076: [GC (Allocation Failure) [PSYoungGen: 98400K->96K(96256K)] 100336K->2032K(271360K), 0.0005462 secs] [Times: user=0.00 sys=0.00, real=0.00 secs] 
63.121: [GC (Allocation Failure) [PSYoungGen: 95840K->96K(93696K)] 97776K->2032K(268800K), 0.0005162 secs] [Times: user=0.00 sys=0.00, real=0.00 secs] 
63.164: [GC (Allocation Failure) [PSYoungGen: 93280K->32K(91136K)] 95216K->1968K(266240K), 0.0004754 secs] [Times: user=0.00 sys=0.00, real=0.00 secs] 
63.206: [GC (Allocation Failure) [PSYoungGen: 90656K->96K(88576K)] 92592K->2032K(263680K), 0.0004889 secs] [Times: user=0.01 sys=0.00, real=0.00 secs] 
63.247: [GC (Allocation Failure) [PSYoungGen: 88160K->96K(106496K)] 90096K->2032K(281600K), 0.0006672 secs] [Times: user=0.00 sys=0.00, real=0.01 secs] 
63.297: [GC (Allocation Failure) [PSYoungGen: 106080K->96K(128000K)] 108016K->2032K(303104K), 0.0005129 secs] [Times: user=0.00 sys=0.00, real=0.00 secs] 
63.357: [GC (Allocation Failure) [PSYoungGen: 127584K->96K(123904K)] 129520K->2032K(299008K), 0.0005189 secs] [Times: user=0.00 sys=0.00, real=0.01 secs] 
63.415: [GC (Allocation Failure) [PSYoungGen: 123488K->96K(120320K)] 125424K->2032K(295424K), 0.0005154 secs] [Times: user=0.01 sys=0.00, real=0.00 secs] 
63.470: [GC (Allocation Failure) [PSYoungGen: 119904K->96K(116736K)] 121840K->2032K(291840K), 0.0005081 secs] [Times: user=0.00 sys=0.00, real=0.00 secs] 
63.524: [GC (Allocation Failure) [PSYoungGen: 116320K->96K(113152K)] 118256K->2032K(288256K), 0.0004902 secs] [Times: user=0.01 sys=0.00, real=0.00 secs] 
63.576: [GC (Allocation Failure) [PSYoungGen: 112736K->96K(110080K)] 114672K->2032K(285184K), 0.0004888 secs] [Times: user=0.00 sys=0.00, real=0.00 secs] 
63.627: [GC (Allocation Failure) [PSYoungGen: 109664K->96K(107008K)] 111600K->2032K(282112K), 0.0005012 secs] [Times: user=0.00 sys=0.00, real=0.00 secs] 
63.676: [GC (Allocation Failure) [PSYoungGen: 106592K->64K(103936K)] 108528K->2000K(279040K), 0.0004894 secs] [Times: user=0.00 sys=0.00, real=0.00 secs] 
63.724: [GC (Allocation Failure) [PSYoungGen: 103488K->96K(100864K)] 105424K->2032K(275968K), 0.0005208 secs] [Times: user=0.00 sys=0.00, real=0.00 secs] 
63.771: [GC (Allocation Failure) [PSYoungGen: 100448K->96K(98304K)] 102384K->2032K(273408K), 0.0005080 secs] [Times: user=0.00 sys=0.00, real=0.00 secs] 
63.817: [GC (Allocation Failure) [PSYoungGen: 97888K->96K(95744K)] 99824K->2032K(270848K), 0.0005100 secs] [Times: user=0.00 sys=0.00, real=0.00 secs] 
63.861: [GC (Allocation Failure) [PSYoungGen: 95328K->64K(115200K)] 97264K->2000K(290304K), 0.0009725 secs] [Times: user=0.01 sys=0.00, real=0.00 secs] 
63.915: [GC (Allocation Failure) [PSYoungGen: 114752K->96K(138240K)] 116688K->2032K(313344K), 0.0005115 secs] [Times: user=0.00 sys=0.00, real=0.00 secs] 
63.979: [GC (Allocation Failure) [PSYoungGen: 137824K->64K(165888K)] 139760K->2000K(340992K), 0.0005114 secs] [Times: user=0.00 sys=0.00, real=0.00 secs] 
64.055: [GC (Allocation Failure) [PSYoungGen: 165440K->64K(160256K)] 167376K->2000K(335360K), 0.0005713 secs] [Times: user=0.00 sys=0.00, real=0.00 secs] 
64.130: [GC (Allocation Failure) [PSYoungGen: 159808K->96K(154624K)] 161744K->2032K(329728K), 0.0005273 secs] [Times: user=0.00 sys=0.00, real=0.00 secs] 
64.202: [GC (Allocation Failure) [PSYoungGen: 154208K->96K(149504K)] 156144K->2032K(324608K), 0.0005206 secs] [Times: user=0.00 sys=0.00, real=0.00 secs] 
64.271: [GC (Allocation Failure) [PSYoungGen: 149088K->96K(144384K)] 151024K->2032K(319488K), 0.0005167 secs] [Times: user=0.00 sys=0.00, real=0.00 secs] 
64.338: [GC (Allocation Failure) [PSYoungGen: 143968K->96K(139776K)] 145904K->2032K(314880K), 0.0005196 secs] [Times: user=0.01 sys=0.00, real=0.00 secs] 
64.403: [GC (Allocation Failure) [PSYoungGen: 139360K->96K(135168K)] 141296K->2032K(310272K), 0.0004917 secs] [Times: user=0.00 sys=0.00, real=0.00 secs] 
64.465: [GC (Allocation Failure) [PSYoungGen: 134752K->96K(131072K)] 136688K->2032K(306176K), 0.0005031 secs] [Times: user=0.00 sys=0.00, real=0.00 secs] 
64.525: [GC (Allocation Failure) [PSYoungGen: 130656K->96K(126976K)] 132592K->2032K(302080K), 0.0005150 secs] [Times: user=0.00 sys=0.00, real=0.00 secs] 
64.584: [GC (Allocation Failure) [PSYoungGen: 126560K->96K(122880K)] 128496K->2032K(297984K), 0.0004971 secs] [Times: user=0.00 sys=0.00, real=0.00 secs] 
64.641: [GC (Allocation Failure) [PSYoungGen: 122464K->64K(119296K)] 124400K->2000K(294400K), 0.0005239 secs] [Times: user=0.00 sys=0.00, real=0.00 secs] 
64.696: [GC (Allocation Failure) [PSYoungGen: 118848K->64K(115712K)] 120784K->2000K(290816K), 0.0004950 secs] [Times: user=0.01 sys=0.00, real=0.00 secs] 
64.750: [GC (Allocation Failure) [PSYoungGen: 115264K->96K(112128K)] 117200K->2032K(287232K), 0.0005282 secs] [Times: user=0.00 sys=0.00, real=0.00 secs] 
64.802: [GC (Allocation Failure) [PSYoungGen: 111712K->96K(109056K)] 113648K->2032K(284160K), 0.0005106 secs] [Times: user=0.00 sys=0.00, real=0.00 secs] 
64.852: [GC (Allocation Failure) [PSYoungGen: 108640K->96K(105984K)] 110576K->2032K(281088K), 0.0005056 secs] [Times: user=0.00 sys=0.00, real=0.00 secs] 
64.901: [GC (Allocation Failure) [PSYoungGen: 105568K->96K(102912K)] 107504K->2032K(278016K), 0.0004859 secs] [Times: user=0.00 sys=0.00, real=0.00 secs] 
64.948: [GC (Allocation Failure) [PSYoungGen: 102496K->96K(99840K)] 104432K->2032K(274944K), 0.0005146 secs] [Times: user=0.00 sys=0.00, real=0.00 secs] 
64.994: [GC (Allocation Failure) [PSYoungGen: 99424K->96K(97280K)] 101360K->2032K(272384K), 0.0005252 secs] [Times: user=0.00 sys=0.00, real=0.00 secs] 
65.040: [GC (Allocation Failure) [PSYoungGen: 96864K->32K(94720K)] 98800K->1968K(269824K), 0.0004803 secs] [Times: user=0.00 sys=0.00, real=0.00 secs] 
65.085: [GC (Allocation Failure) [PSYoungGen: 94240K->96K(92160K)] 96176K->2032K(267264K), 0.0005248 secs] [Times: user=0.00 sys=0.00, real=0.00 secs] 
65.128: [GC (Allocation Failure) [PSYoungGen: 91744K->96K(89600K)] 93680K->2032K(264704K), 0.0005047 secs] [Times: user=0.00 sys=0.00, real=0.00 secs] 
65.170: [GC (Allocation Failure) [PSYoungGen: 89184K->96K(107520K)] 91120K->2032K(282624K), 0.0005172 secs] [Times: user=0.00 sys=0.01, real=0.00 secs] 
65.220: [GC (Allocation Failure) [PSYoungGen: 107104K->64K(104448K)] 109040K->2000K(279552K), 0.0004980 secs] [Times: user=0.00 sys=0.00, real=0.00 secs] 
65.268: [GC (Allocation Failure) [PSYoungGen: 104000K->32K(101376K)] 105936K->1968K(276480K), 0.0004874 secs] [Times: user=0.00 sys=0.00, real=0.00 secs] 
65.315: [GC (Allocation Failure) [PSYoungGen: 100896K->96K(98816K)] 102832K->2032K(273920K), 0.0005007 secs] [Times: user=0.00 sys=0.00, real=0.00 secs] 
65.360: [GC (Allocation Failure) [PSYoungGen: 98400K->96K(96256K)] 100336K->2032K(271360K), 0.0004937 secs] [Times: user=0.01 sys=0.00, real=0.00 secs] 
65.408: [GC (Allocation Failure) [PSYoungGen: 95840K->96K(93696K)] 97776K->2032K(268800K), 0.0004794 secs] [Times: user=0.00 sys=0.00, real=0.00 secs] 
65.451: [GC (Allocation Failure) [PSYoungGen: 93280K->96K(91136K)] 95216K->2032K(266240K), 0.0004887 secs] [Times: user=0.00 sys=0.00, real=0.00 secs] 
65.493: [GC (Allocation Failure) [PSYoungGen: 90720K->96K(88576K)] 92656K->2032K(263680K), 0.0005066 secs] [Times: user=0.00 sys=0.00, real=0.00 secs] 
65.534: [GC (Allocation Failure) [PSYoungGen: 88160K->32K(106496K)] 90096K->1968K(281600K), 0.0004803 secs] [Times: user=0.00 sys=0.00, real=0.00 secs] 
65.583: [GC (Allocation Failure) [PSYoungGen: 106016K->64K(103424K)] 107952K->2000K(278528K), 0.0004835 secs] [Times: user=0.00 sys=0.00, real=0.00 secs] 
65.631: [GC (Allocation Failure) [PSYoungGen: 102976K->96K(100352K)] 104912K->2032K(275456K), 0.0005004 secs] [Times: user=0.00 sys=0.00, real=0.00 secs] 
65.677: [GC (Allocation Failure) [PSYoungGen: 99936K->64K(97792K)] 101872K->2000K(272896K), 0.0005003 secs] [Times: user=0.01 sys=0.00, real=0.01 secs] 
65.722: [GC (Allocation Failure) [PSYoungGen: 97344K->64K(95232K)] 99280K->2000K(270336K), 0.0004788 secs] [Times: user=0.00 sys=0.00, real=0.00 secs] 
65.767: [GC (Allocation Failure) [PSYoungGen: 94784K->64K(114176K)] 96720K->2000K(289280K), 0.0006451 secs] [Times: user=0.01 sys=0.00, real=0.00 secs] 
65.822: [GC (Allocation Failure) [PSYoungGen: 113728K->96K(110592K)] 115664K->2032K(285696K), 0.0005022 secs] [Times: user=0.00 sys=0.00, real=0.00 secs] 
65.873: [GC (Allocation Failure) [PSYoungGen: 110176K->96K(107520K)] 112112K->2032K(282624K), 0.0004932 secs] [Times: user=0.00 sys=0.00, real=0.00 secs] 
65.923: [GC (Allocation Failure) [PSYoungGen: 107104K->64K(104448K)] 109040K->2000K(279552K), 0.0005067 secs] [Times: user=0.00 sys=0.00, real=0.00 secs] 
65.971: [GC (Allocation Failure) [PSYoungGen: 104000K->64K(101376K)] 105936K->2000K(276480K), 0.0005121 secs] [Times: user=0.00 sys=0.00, real=0.00 secs] 
66.018: [GC (Allocation Failure) [PSYoungGen: 100928K->96K(98816K)] 102864K->2032K(273920K), 0.0005060 secs] [Times: user=0.00 sys=0.00, real=0.00 secs] 
66.065: [GC (Allocation Failure) [PSYoungGen: 98400K->96K(96256K)] 100336K->2032K(271360K), 0.0005095 secs] [Times: user=0.00 sys=0.00, real=0.00 secs] 
66.110: [GC (Allocation Failure) [PSYoungGen: 95840K->96K(93696K)] 97776K->2032K(268800K), 0.0005219 secs] [Times: user=0.00 sys=0.00, real=0.00 secs] 
66.154: [GC (Allocation Failure) [PSYoungGen: 93280K->96K(91136K)] 95216K->2032K(266240K), 0.0005090 secs] [Times: user=0.01 sys=0.00, real=0.00 secs] 
66.196: [GC (Allocation Failure) [PSYoungGen: 90720K->96K(109568K)] 92656K->2032K(284672K), 0.0005420 secs] [Times: user=0.00 sys=0.00, real=0.00 secs] 
66.248: [GC (Allocation Failure) [PSYoungGen: 109152K->96K(131584K)] 111088K->2032K(306688K), 0.0005342 secs] [Times: user=0.00 sys=0.00, real=0.01 secs] 
66.309: [GC (Allocation Failure) [PSYoungGen: 131168K->96K(127488K)] 133104K->2032K(302592K), 0.0005205 secs] [Times: user=0.00 sys=0.00, real=0.00 secs] 
66.368: [GC (Allocation Failure) [PSYoungGen: 127072K->64K(123392K)] 129008K->2000K(298496K), 0.0005166 secs] [Times: user=0.00 sys=0.00, real=0.00 secs] 
66.425: [GC (Allocation Failure) [PSYoungGen: 122943K->96K(119808K)] 124879K->2032K(294912K), 0.0005101 secs] [Times: user=0.00 sys=0.00, real=0.00 secs] 
66.480: [GC (Allocation Failure) [PSYoungGen: 119392K->96K(116224K)] 121328K->2032K(291328K), 0.0004975 secs] [Times: user=0.00 sys=0.00, real=0.00 secs] 
66.534: [GC (Allocation Failure) [PSYoungGen: 115808K->96K(112640K)] 117744K->2032K(287744K), 0.0005181 secs] [Times: user=0.00 sys=0.00, real=0.00 secs] 
66.586: [GC (Allocation Failure) [PSYoungGen: 112224K->96K(109568K)] 114160K->2032K(284672K), 0.0004957 secs] [Times: user=0.00 sys=0.00, real=0.00 secs] 
66.637: [GC (Allocation Failure) [PSYoungGen: 109152K->64K(106496K)] 111088K->2000K(281600K), 0.0005048 secs] [Times: user=0.00 sys=0.00, real=0.00 secs] 
66.686: [GC (Allocation Failure) [PSYoungGen: 106048K->64K(103424K)] 107984K->2000K(278528K), 0.0004875 secs] [Times: user=0.00 sys=0.00, real=0.00 secs] 
66.735: [GC (Allocation Failure) [PSYoungGen: 102976K->96K(100352K)] 104912K->2032K(275456K), 0.0005176 secs] [Times: user=0.00 sys=0.00, real=0.00 secs] 
66.781: [GC (Allocation Failure) [PSYoungGen: 99936K->96K(97792K)] 101872K->2032K(272896K), 0.0005212 secs] [Times: user=0.00 sys=0.00, real=0.00 secs] 
66.826: [GC (Allocation Failure) [PSYoungGen: 97376K->64K(95232K)] 99312K->2000K(270336K), 0.0004959 secs] [Times: user=0.00 sys=0.00, real=0.00 secs] 
66.870: [GC (Allocation Failure) [PSYoungGen: 94784K->64K(92672K)] 96720K->2000K(267776K), 0.0004804 secs] [Times: user=0.00 sys=0.00, real=0.00 secs] 
66.913: [GC (Allocation Failure) [PSYoungGen: 92224K->96K(90112K)] 94160K->2032K(265216K), 0.0004862 secs] [Times: user=0.00 sys=0.00, real=0.00 secs] 
66.955: [GC (Allocation Failure) [PSYoungGen: 89696K->96K(87552K)] 91632K->2032K(262656K), 0.0004886 secs] [Times: user=0.00 sys=0.00, real=0.00 secs] 
66.995: [GC (Allocation Failure) [PSYoungGen: 87136K->96K(104960K)] 89072K->2032K(280064K), 0.0005123 secs] [Times: user=0.00 sys=0.00, real=0.00 secs] 
67.044: [GC (Allocation Failure) [PSYoungGen: 104544K->96K(125952K)] 106480K->2032K(301056K), 0.0005320 secs] [Times: user=0.00 sys=0.00, real=0.00 secs] 
67.103: [GC (Allocation Failure) [PSYoungGen: 125536K->96K(121856K)] 127472K->2032K(296960K), 0.0005307 secs] [Times: user=0.00 sys=0.00, real=0.00 secs] 
67.160: [GC (Allocation Failure) [PSYoungGen: 121440K->96K(118272K)] 123376K->2032K(293376K), 0.0005080 secs] [Times: user=0.00 sys=0.00, real=0.00 secs] 
67.214: [GC (Allocation Failure) [PSYoungGen: 117856K->64K(114688K)] 119792K->2000K(289792K), 0.0004896 secs] [Times: user=0.00 sys=0.00, real=0.00 secs] 
67.268: [GC (Allocation Failure) [PSYoungGen: 114240K->96K(111104K)] 116176K->2032K(286208K), 0.0005236 secs] [Times: user=0.00 sys=0.00, real=0.00 secs] 
67.319: [GC (Allocation Failure) [PSYoungGen: 110688K->96K(108032K)] 112624K->2032K(283136K), 0.0005221 secs] [Times: user=0.00 sys=0.00, real=0.00 secs] 
67.369: [GC (Allocation Failure) [PSYoungGen: 107616K->96K(104960K)] 109552K->2032K(280064K), 0.0005001 secs] [Times: user=0.00 sys=0.00, real=0.00 secs] 
67.418: [GC (Allocation Failure) [PSYoungGen: 104544K->96K(101888K)] 106480K->2032K(276992K), 0.0004849 secs] [Times: user=0.00 sys=0.00, real=0.00 secs] 
67.465: [GC (Allocation Failure) [PSYoungGen: 101472K->96K(98816K)] 103408K->2032K(273920K), 0.0004969 secs] [Times: user=0.01 sys=0.00, real=0.00 secs] 
67.510: [GC (Allocation Failure) [PSYoungGen: 98400K->96K(96256K)] 100336K->2032K(271360K), 0.0005210 secs] [Times: user=0.00 sys=0.01, real=0.00 secs] 
67.555: [GC (Allocation Failure) [PSYoungGen: 95840K->96K(93696K)] 97776K->2032K(268800K), 0.0005024 secs] [Times: user=0.00 sys=0.00, real=0.00 secs] 
67.598: [GC (Allocation Failure) [PSYoungGen: 93280K->96K(91136K)] 95216K->2032K(266240K), 0.0004936 secs] [Times: user=0.00 sys=0.00, real=0.00 secs] 
67.640: [GC (Allocation Failure) [PSYoungGen: 90720K->96K(109568K)] 92656K->2032K(284672K), 0.0005012 secs] [Times: user=0.00 sys=0.00, real=0.00 secs] 
67.691: [GC (Allocation Failure) [PSYoungGen: 109152K->96K(106496K)] 111088K->2032K(281600K), 0.0005279 secs] [Times: user=0.00 sys=0.00, real=0.00 secs] 
67.741: [GC (Allocation Failure) [PSYoungGen: 106080K->96K(103424K)] 108016K->2032K(278528K), 0.0005173 secs] [Times: user=0.00 sys=0.00, real=0.00 secs] 
67.788: [GC (Allocation Failure) [PSYoungGen: 103008K->96K(100352K)] 104944K->2032K(275456K), 0.0004977 secs] [Times: user=0.00 sys=0.00, real=0.00 secs] 
67.835: [GC (Allocation Failure) [PSYoungGen: 99936K->32K(97792K)] 101872K->1968K(272896K), 0.0005069 secs] [Times: user=0.00 sys=0.00, real=0.00 secs] 
67.880: [GC (Allocation Failure) [PSYoungGen: 97312K->96K(95232K)] 99248K->2032K(270336K), 0.0004917 secs] [Times: user=0.00 sys=0.00, real=0.00 secs] 
67.924: [GC (Allocation Failure) [PSYoungGen: 94816K->96K(92672K)] 96752K->2032K(267776K), 0.0005086 secs] [Times: user=0.00 sys=0.00, real=0.00 secs] 
67.967: [GC (Allocation Failure) [PSYoungGen: 92256K->96K(90112K)] 94192K->2032K(265216K), 0.0005027 secs] [Times: user=0.00 sys=0.00, real=0.01 secs] 
68.009: [GC (Allocation Failure) [PSYoungGen: 89696K->96K(108032K)] 91632K->2032K(283136K), 0.0005127 secs] [Times: user=0.00 sys=0.00, real=0.00 secs] 
68.059: [GC (Allocation Failure) [PSYoungGen: 107616K->64K(129536K)] 109552K->2000K(304640K), 0.0005338 secs] [Times: user=0.01 sys=0.00, real=0.00 secs] 
68.121: [GC (Allocation Failure) [PSYoungGen: 129088K->96K(125440K)] 131024K->2032K(300544K), 0.0005425 secs] [Times: user=0.00 sys=0.00, real=0.00 secs] 
68.179: [GC (Allocation Failure) [PSYoungGen: 125024K->96K(121344K)] 126960K->2032K(296448K), 0.0005086 secs] [Times: user=0.00 sys=0.00, real=0.00 secs] 
68.234: [GC (Allocation Failure) [PSYoungGen: 120928K->96K(117760K)] 122864K->2032K(292864K), 0.0004915 secs] [Times: user=0.00 sys=0.00, real=0.00 secs] 
68.289: [GC (Allocation Failure) [PSYoungGen: 117344K->96K(114176K)] 119280K->2032K(289280K), 0.0005164 secs] [Times: user=0.00 sys=0.00, real=0.00 secs] 
68.343: [GC (Allocation Failure) [PSYoungGen: 113760K->64K(110592K)] 115696K->2000K(285696K), 0.0005146 secs] [Times: user=0.00 sys=0.00, real=0.00 secs] 
68.395: [GC (Allocation Failure) [PSYoungGen: 110144K->96K(107520K)] 112080K->2032K(282624K), 0.0005203 secs] [Times: user=0.00 sys=0.00, real=0.00 secs] 
68.444: [GC (Allocation Failure) [PSYoungGen: 107104K->96K(104448K)] 109040K->2032K(279552K), 0.0004907 secs] [Times: user=0.00 sys=0.00, real=0.00 secs] 
68.493: [GC (Allocation Failure) [PSYoungGen: 104032K->96K(101376K)] 105968K->2032K(276480K), 0.0005099 secs] [Times: user=0.00 sys=0.00, real=0.00 secs] 
68.540: [GC (Allocation Failure) [PSYoungGen: 100960K->96K(98816K)] 102896K->2032K(273920K), 0.0005065 secs] [Times: user=0.00 sys=0.00, real=0.00 secs] 
68.585: [GC (Allocation Failure) [PSYoungGen: 98400K->64K(96256K)] 100336K->2000K(271360K), 0.0005025 secs] [Times: user=0.00 sys=0.00, real=0.00 secs] 
68.630: [GC (Allocation Failure) [PSYoungGen: 95808K->96K(93696K)] 97744K->2032K(268800K), 0.0004803 secs] [Times: user=0.00 sys=0.00, real=0.00 secs] 
68.673: [GC (Allocation Failure) [PSYoungGen: 93280K->96K(91136K)] 95216K->2032K(266240K), 0.0005116 secs] [Times: user=0.00 sys=0.00, real=0.00 secs] 
68.716: [GC (Allocation Failure) [PSYoungGen: 90720K->96K(109568K)] 92656K->2032K(284672K), 0.0005261 secs] [Times: user=0.00 sys=0.00, real=0.00 secs] 
68.767: [GC (Allocation Failure) [PSYoungGen: 109152K->96K(106496K)] 111088K->2032K(281600K), 0.0005149 secs] [Times: user=0.00 sys=0.00, real=0.00 secs] 
68.816: [GC (Allocation Failure) [PSYoungGen: 106080K->96K(103424K)] 108016K->2032K(278528K), 0.0005122 secs] [Times: user=0.00 sys=0.00, real=0.00 secs] 
68.864: [GC (Allocation Failure) [PSYoungGen: 103008K->64K(100352K)] 104944K->2000K(275456K), 0.0004876 secs] [Times: user=0.01 sys=0.00, real=0.00 secs] 
68.910: [GC (Allocation Failure) [PSYoungGen: 99904K->96K(97792K)] 101840K->2032K(272896K), 0.0004960 secs] [Times: user=0.00 sys=0.00, real=0.00 secs] 
68.956: [GC (Allocation Failure) [PSYoungGen: 97376K->96K(95232K)] 99312K->2032K(270336K), 0.0005124 secs] [Times: user=0.00 sys=0.00, real=0.00 secs] 
69.000: [GC (Allocation Failure) [PSYoungGen: 94816K->96K(92672K)] 96752K->2032K(267776K), 0.0004976 secs] [Times: user=0.00 sys=0.00, real=0.00 secs] 
69.042: [GC (Allocation Failure) [PSYoungGen: 92256K->96K(111104K)] 94192K->2032K(286208K), 0.0005001 secs] [Times: user=0.00 sys=0.00, real=0.00 secs] 
69.095: [GC (Allocation Failure) [PSYoungGen: 110688K->96K(108032K)] 112624K->2032K(283136K), 0.0005124 secs] [Times: user=0.00 sys=0.00, real=0.00 secs] 
69.145: [GC (Allocation Failure) [PSYoungGen: 107616K->96K(104960K)] 109552K->2032K(280064K), 0.0005135 secs] [Times: user=0.00 sys=0.00, real=0.00 secs] 
69.194: [GC (Allocation Failure) [PSYoungGen: 104544K->96K(101888K)] 106480K->2032K(276992K), 0.0005116 secs] [Times: user=0.00 sys=0.00, real=0.00 secs] 
69.241: [GC (Allocation Failure) [PSYoungGen: 101472K->64K(98816K)] 103408K->2000K(273920K), 0.0005155 secs] [Times: user=0.00 sys=0.00, real=0.00 secs] 
69.287: [GC (Allocation Failure) [PSYoungGen: 98368K->96K(96256K)] 100304K->2032K(271360K), 0.0004939 secs] [Times: user=0.00 sys=0.00, real=0.00 secs] 
69.331: [GC (Allocation Failure) [PSYoungGen: 95840K->96K(93696K)] 97776K->2032K(268800K), 0.0004812 secs] [Times: user=0.00 sys=0.00, real=0.00 secs] 
69.375: [GC (Allocation Failure) [PSYoungGen: 93280K->64K(91136K)] 95216K->2000K(266240K), 0.0005087 secs] [Times: user=0.00 sys=0.00, real=0.00 secs] 
69.417: [GC (Allocation Failure) [PSYoungGen: 90688K->96K(109568K)] 92624K->2032K(284672K), 0.0005098 secs] [Times: user=0.00 sys=0.00, real=0.00 secs] 
69.468: [GC (Allocation Failure) [PSYoungGen: 109152K->64K(131584K)] 111088K->2000K(306688K), 0.0005355 secs] [Times: user=0.01 sys=0.00, real=0.00 secs] 
69.529: [GC (Allocation Failure) [PSYoungGen: 131136K->96K(127488K)] 133072K->2032K(302592K), 0.0005219 secs] [Times: user=0.00 sys=0.00, real=0.00 secs] 
69.587: [GC (Allocation Failure) [PSYoungGen: 127072K->64K(123392K)] 129008K->2000K(298496K), 0.0004962 secs] [Times: user=0.01 sys=0.00, real=0.01 secs] 
69.644: [GC (Allocation Failure) [PSYoungGen: 122944K->96K(119808K)] 124880K->2032K(294912K), 0.0004959 secs] [Times: user=0.00 sys=0.00, real=0.00 secs] 
69.700: [GC (Allocation Failure) [PSYoungGen: 119392K->96K(116224K)] 121328K->2032K(291328K), 0.0005265 secs] [Times: user=0.00 sys=0.00, real=0.00 secs] 
69.754: [GC (Allocation Failure) [PSYoungGen: 115808K->64K(112640K)] 117744K->2000K(287744K), 0.0005502 secs] [Times: user=0.00 sys=0.00, real=0.00 secs] 
69.806: [GC (Allocation Failure) [PSYoungGen: 112192K->64K(109568K)] 114128K->2000K(284672K), 0.0005033 secs] [Times: user=0.01 sys=0.00, real=0.00 secs] 
69.856: [GC (Allocation Failure) [PSYoungGen: 109120K->96K(106496K)] 111056K->2032K(281600K), 0.0005233 secs] [Times: user=0.00 sys=0.00, real=0.00 secs] 
69.906: [GC (Allocation Failure) [PSYoungGen: 106080K->96K(103424K)] 108016K->2032K(278528K), 0.0004910 secs] [Times: user=0.00 sys=0.00, real=0.00 secs] 
69.954: [GC (Allocation Failure) [PSYoungGen: 103008K->96K(100352K)] 104944K->2032K(275456K), 0.0004932 secs] [Times: user=0.00 sys=0.00, real=0.00 secs] 
70.000: [GC (Allocation Failure) [PSYoungGen: 99936K->96K(97792K)] 101872K->2032K(272896K), 0.0004861 secs] [Times: user=0.00 sys=0.00, real=0.00 secs] 
70.045: [GC (Allocation Failure) [PSYoungGen: 97376K->96K(95232K)] 99312K->2032K(270336K), 0.0005353 secs] [Times: user=0.00 sys=0.00, real=0.00 secs] 
70.091: [GC (Allocation Failure) [PSYoungGen: 94816K->96K(92672K)] 96752K->2032K(267776K), 0.0005354 secs] [Times: user=0.00 sys=0.00, real=0.00 secs] 
70.134: [GC (Allocation Failure) [PSYoungGen: 92256K->96K(90112K)] 94192K->2032K(265216K), 0.0004864 secs] [Times: user=0.00 sys=0.00, real=0.00 secs] 
70.175: [GC (Allocation Failure) [PSYoungGen: 89696K->96K(108032K)] 91632K->2032K(283136K), 0.0004878 secs] [Times: user=0.00 sys=0.00, real=0.00 secs] 
70.225: [GC (Allocation Failure) [PSYoungGen: 107616K->96K(104960K)] 109552K->2032K(280064K), 0.0004745 secs] [Times: user=0.00 sys=0.00, real=0.00 secs] 
70.274: [GC (Allocation Failure) [PSYoungGen: 104544K->96K(101888K)] 106480K->2032K(276992K), 0.0005056 secs] [Times: user=0.00 sys=0.00, real=0.00 secs] 
70.324: [GC (Allocation Failure) [PSYoungGen: 101472K->96K(98816K)] 103408K->2056K(273920K), 0.0005529 secs] [Times: user=0.00 sys=0.00, real=0.00 secs] 
70.370: [GC (Allocation Failure) [PSYoungGen: 98400K->96K(96256K)] 100360K->2056K(271360K), 0.0005207 secs] [Times: user=0.00 sys=0.00, real=0.00 secs] 
70.415: [GC (Allocation Failure) [PSYoungGen: 95840K->96K(93696K)] 97800K->2056K(268800K), 0.0005063 secs] [Times: user=0.00 sys=0.00, real=0.00 secs] 
70.458: [GC (Allocation Failure) [PSYoungGen: 93280K->96K(91136K)] 95240K->2056K(266240K), 0.0004917 secs] [Times: user=0.00 sys=0.00, real=0.00 secs] 
70.500: [GC (Allocation Failure) [PSYoungGen: 90720K->96K(109568K)] 92680K->2056K(284672K), 0.0004890 secs] [Times: user=0.01 sys=0.00, real=0.00 secs] 
70.551: [GC (Allocation Failure) [PSYoungGen: 109152K->64K(106496K)] 111112K->2024K(281600K), 0.0005132 secs] [Times: user=0.00 sys=0.00, real=0.00 secs] 
70.600: [GC (Allocation Failure) [PSYoungGen: 106048K->64K(103424K)] 108008K->2024K(278528K), 0.0004995 secs] [Times: user=0.00 sys=0.00, real=0.00 secs] 
70.648: [GC (Allocation Failure) [PSYoungGen: 102976K->96K(100352K)] 104936K->2056K(275456K), 0.0005056 secs] [Times: user=0.00 sys=0.00, real=0.00 secs] 
70.694: [GC (Allocation Failure) [PSYoungGen: 99936K->96K(97792K)] 101896K->2056K(272896K), 0.0004748 secs] [Times: user=0.00 sys=0.00, real=0.00 secs] 
70.740: [GC (Allocation Failure) [PSYoungGen: 97376K->96K(95232K)] 99336K->2056K(270336K), 0.0005230 secs] [Times: user=0.00 sys=0.00, real=0.00 secs] 
70.784: [GC (Allocation Failure) [PSYoungGen: 94816K->96K(92672K)] 96776K->2056K(267776K), 0.0005118 secs] [Times: user=0.00 sys=0.00, real=0.00 secs] 
70.826: [GC (Allocation Failure) [PSYoungGen: 92256K->96K(111104K)] 94216K->2056K(286208K), 0.0004900 secs] [Times: user=0.00 sys=0.00, real=0.00 secs] 
70.878: [GC (Allocation Failure) [PSYoungGen: 110688K->96K(108032K)] 112648K->2056K(283136K), 0.0005169 secs] [Times: user=0.00 sys=0.00, real=0.01 secs] 
70.927: [GC (Allocation Failure) [PSYoungGen: 107615K->32K(104960K)] 109575K->1992K(280064K), 0.0004889 secs] [Times: user=0.00 sys=0.00, real=0.01 secs] 
70.976: [GC (Allocation Failure) [PSYoungGen: 104480K->96K(101888K)] 106440K->2056K(276992K), 0.0004926 secs] [Times: user=0.01 sys=0.00, real=0.00 secs] 
71.023: [GC (Allocation Failure) [PSYoungGen: 101472K->96K(98816K)] 103432K->2056K(273920K), 0.0004986 secs] [Times: user=0.00 sys=0.00, real=0.00 secs] 
71.070: [GC (Allocation Failure) [PSYoungGen: 98400K->96K(96256K)] 100360K->2056K(271360K), 0.0005276 secs] [Times: user=0.00 sys=0.00, real=0.00 secs] 
71.115: [GC (Allocation Failure) [PSYoungGen: 95840K->96K(93696K)] 97800K->2056K(268800K), 0.0005274 secs] [Times: user=0.01 sys=0.00, real=0.00 secs] 
71.158: [GC (Allocation Failure) [PSYoungGen: 93280K->96K(91136K)] 95240K->2056K(266240K), 0.0004851 secs] [Times: user=0.00 sys=0.00, real=0.00 secs] 
71.201: [GC (Allocation Failure) [PSYoungGen: 90720K->64K(109568K)] 92680K->2024K(284672K), 0.0006894 secs] [Times: user=0.00 sys=0.00, real=0.00 secs] 
71.252: [GC (Allocation Failure) [PSYoungGen: 109120K->96K(131584K)] 111080K->2056K(306688K), 0.0005132 secs] [Times: user=0.00 sys=0.00, real=0.00 secs] 
71.312: [GC (Allocation Failure) [PSYoungGen: 131168K->96K(127488K)] 133128K->2056K(302592K), 0.0005122 secs] [Times: user=0.01 sys=0.00, real=0.00 secs] 
71.371: [GC (Allocation Failure) [PSYoungGen: 127071K->64K(123392K)] 129031K->2024K(298496K), 0.0005250 secs] [Times: user=0.00 sys=0.00, real=0.00 secs] 
71.433: [GC (Allocation Failure) [PSYoungGen: 122943K->96K(119808K)] 124903K->2056K(294912K), 0.0005238 secs] [Times: user=0.00 sys=0.00, real=0.00 secs] 
71.488: [GC (Allocation Failure) [PSYoungGen: 119392K->96K(116224K)] 121352K->2056K(291328K), 0.0004874 secs] [Times: user=0.00 sys=0.00, real=0.00 secs] 
71.541: [GC (Allocation Failure) [PSYoungGen: 115808K->96K(112640K)] 117768K->2056K(287744K), 0.0005071 secs] [Times: user=0.01 sys=0.00, real=0.00 secs] 
71.593: [GC (Allocation Failure) [PSYoungGen: 112224K->96K(109568K)] 114184K->2056K(284672K), 0.0005028 secs] [Times: user=0.00 sys=0.00, real=0.00 secs] 
71.644: [GC (Allocation Failure) [PSYoungGen: 109152K->96K(106496K)] 111112K->2056K(281600K), 0.0005336 secs] [Times: user=0.00 sys=0.00, real=0.00 secs] 
71.694: [GC (Allocation Failure) [PSYoungGen: 106080K->96K(103424K)] 108040K->2056K(278528K), 0.0005213 secs] [Times: user=0.00 sys=0.00, real=0.00 secs] 
71.742: [GC (Allocation Failure) [PSYoungGen: 103008K->96K(100352K)] 104968K->2056K(275456K), 0.0005354 secs] [Times: user=0.00 sys=0.00, real=0.00 secs] 
71.788: [GC (Allocation Failure) [PSYoungGen: 99936K->64K(97792K)] 101896K->2024K(272896K), 0.0005136 secs] [Times: user=0.00 sys=0.00, real=0.00 secs] 
71.833: [GC (Allocation Failure) [PSYoungGen: 97344K->96K(95232K)] 99304K->2056K(270336K), 0.0004976 secs] [Times: user=0.00 sys=0.00, real=0.00 secs] 
71.878: [GC (Allocation Failure) [PSYoungGen: 94816K->96K(92672K)] 96776K->2056K(267776K), 0.0005368 secs] [Times: user=0.01 sys=0.00, real=0.00 secs] 
71.921: [GC (Allocation Failure) [PSYoungGen: 92256K->64K(111104K)] 94216K->2024K(286208K), 0.0005085 secs] [Times: user=0.00 sys=0.00, real=0.00 secs] 
71.972: [GC (Allocation Failure) [PSYoungGen: 110656K->96K(108032K)] 112616K->2056K(283136K), 0.0004952 secs] [Times: user=0.00 sys=0.00, real=0.00 secs] 
72.022: [GC (Allocation Failure) [PSYoungGen: 107616K->96K(104960K)] 109576K->2056K(280064K), 0.0005077 secs] [Times: user=0.00 sys=0.00, real=0.00 secs] 
72.071: [GC (Allocation Failure) [PSYoungGen: 104544K->64K(101888K)] 106504K->2024K(276992K), 0.0005270 secs] [Times: user=0.00 sys=0.00, real=0.00 secs] 
72.119: [GC (Allocation Failure) [PSYoungGen: 101440K->96K(98816K)] 103400K->2056K(273920K), 0.0005291 secs] [Times: user=0.00 sys=0.00, real=0.00 secs] 
72.165: [GC (Allocation Failure) [PSYoungGen: 98400K->64K(96256K)] 100360K->2024K(271360K), 0.0005039 secs] [Times: user=0.00 sys=0.00, real=0.00 secs] 
72.209: [GC (Allocation Failure) [PSYoungGen: 95808K->96K(93696K)] 97768K->2056K(268800K), 0.0004848 secs] [Times: user=0.00 sys=0.00, real=0.00 secs] 
72.253: [GC (Allocation Failure) [PSYoungGen: 93280K->96K(112640K)] 95240K->2056K(287744K), 0.0005253 secs] [Times: user=0.00 sys=0.00, real=0.00 secs] 
72.305: [GC (Allocation Failure) [PSYoungGen: 112224K->96K(109568K)] 114184K->2056K(284672K), 0.0004876 secs] [Times: user=0.01 sys=0.00, real=0.00 secs] 
72.355: [GC (Allocation Failure) [PSYoungGen: 109152K->96K(106496K)] 111112K->2056K(281600K), 0.0004966 secs] [Times: user=0.00 sys=0.00, real=0.00 secs] 
72.404: [GC (Allocation Failure) [PSYoungGen: 106080K->96K(103424K)] 108040K->2056K(278528K), 0.0004973 secs] [Times: user=0.00 sys=0.00, real=0.00 secs] 
72.452: [GC (Allocation Failure) [PSYoungGen: 103008K->96K(100352K)] 104968K->2056K(275456K), 0.0004957 secs] [Times: user=0.00 sys=0.00, real=0.00 secs] 
72.498: [GC (Allocation Failure) [PSYoungGen: 99936K->32K(97792K)] 101896K->1992K(272896K), 0.0004767 secs] [Times: user=0.00 sys=0.00, real=0.00 secs] 
72.544: [GC (Allocation Failure) [PSYoungGen: 97312K->96K(95232K)] 99272K->2056K(270336K), 0.0005167 secs] [Times: user=0.00 sys=0.00, real=0.00 secs] 
72.588: [GC (Allocation Failure) [PSYoungGen: 94816K->96K(92672K)] 96776K->2056K(267776K), 0.0005012 secs] [Times: user=0.00 sys=0.00, real=0.00 secs] 
72.631: [GC (Allocation Failure) [PSYoungGen: 92256K->96K(90112K)] 94216K->2056K(265216K), 0.0004791 secs] [Times: user=0.00 sys=0.00, real=0.00 secs] 
72.673: [GC (Allocation Failure) [PSYoungGen: 89696K->96K(108032K)] 91656K->2056K(283136K), 0.0005109 secs] [Times: user=0.00 sys=0.00, real=0.00 secs] 
72.723: [GC (Allocation Failure) [PSYoungGen: 107616K->64K(104960K)] 109576K->2024K(280064K), 0.0005156 secs] [Times: user=0.00 sys=0.00, real=0.00 secs] 
72.772: [GC (Allocation Failure) [PSYoungGen: 104512K->96K(101888K)] 106472K->2056K(276992K), 0.0005312 secs] [Times: user=0.00 sys=0.00, real=0.00 secs] 
72.819: [GC (Allocation Failure) [PSYoungGen: 101472K->96K(98816K)] 103432K->2056K(273920K), 0.0005026 secs] [Times: user=0.00 sys=0.00, real=0.00 secs] 
72.865: [GC (Allocation Failure) [PSYoungGen: 98400K->96K(96256K)] 100360K->2056K(271360K), 0.0005190 secs] [Times: user=0.00 sys=0.00, real=0.00 secs] 
72.909: [GC (Allocation Failure) [PSYoungGen: 95840K->96K(93696K)] 97800K->2056K(268800K), 0.0004982 secs] [Times: user=0.01 sys=0.00, real=0.00 secs] 
72.953: [GC (Allocation Failure) [PSYoungGen: 93280K->96K(112640K)] 95240K->2056K(287744K), 0.0004843 secs] [Times: user=0.00 sys=0.00, real=0.00 secs] 
73.004: [GC (Allocation Failure) [PSYoungGen: 112224K->96K(109568K)] 114184K->2056K(284672K), 0.0005149 secs] [Times: user=0.00 sys=0.00, real=0.00 secs] 
73.055: [GC (Allocation Failure) [PSYoungGen: 109152K->96K(106496K)] 111112K->2056K(281600K), 0.0005125 secs] [Times: user=0.00 sys=0.00, real=0.00 secs] 
73.106: [GC (Allocation Failure) [PSYoungGen: 106080K->96K(103424K)] 108040K->2056K(278528K), 0.0005266 secs] [Times: user=0.00 sys=0.00, real=0.00 secs] 
73.154: [GC (Allocation Failure) [PSYoungGen: 103008K->96K(100352K)] 104968K->2056K(275456K), 0.0005358 secs] [Times: user=0.00 sys=0.00, real=0.00 secs] 
73.200: [GC (Allocation Failure) [PSYoungGen: 99936K->96K(97792K)] 101896K->2056K(272896K), 0.0004961 secs] [Times: user=0.00 sys=0.00, real=0.00 secs] 
73.246: [GC (Allocation Failure) [PSYoungGen: 97376K->96K(95232K)] 99336K->2056K(270336K), 0.0005331 secs] [Times: user=0.01 sys=0.00, real=0.00 secs] 
73.290: [GC (Allocation Failure) [PSYoungGen: 94816K->96K(114176K)] 96776K->2056K(289280K), 0.0005202 secs] [Times: user=0.00 sys=0.00, real=0.00 secs] 
73.344: [GC (Allocation Failure) [PSYoungGen: 113760K->96K(110592K)] 115720K->2056K(285696K), 0.0005051 secs] [Times: user=0.00 sys=0.00, real=0.00 secs] 
73.396: [GC (Allocation Failure) [PSYoungGen: 110176K->96K(107520K)] 112136K->2056K(282624K), 0.0005173 secs] [Times: user=0.01 sys=0.00, real=0.00 secs] 
73.445: [GC (Allocation Failure) [PSYoungGen: 107104K->64K(104448K)] 109064K->2024K(279552K), 0.0004929 secs] [Times: user=0.01 sys=0.00, real=0.00 secs] 
73.493: [GC (Allocation Failure) [PSYoungGen: 104000K->96K(101376K)] 105960K->2056K(276480K), 0.0005038 secs] [Times: user=0.00 sys=0.00, real=0.00 secs] 
73.540: [GC (Allocation Failure) [PSYoungGen: 100960K->96K(98816K)] 102920K->2056K(273920K), 0.0005086 secs] [Times: user=0.00 sys=0.00, real=0.00 secs] 
73.586: [GC (Allocation Failure) [PSYoungGen: 98400K->64K(96256K)] 100360K->2024K(271360K), 0.0004899 secs] [Times: user=0.00 sys=0.00, real=0.00 secs] 
73.630: [GC (Allocation Failure) [PSYoungGen: 95808K->96K(93696K)] 97768K->2056K(268800K), 0.0005003 secs] [Times: user=0.00 sys=0.00, real=0.00 secs] 
73.674: [GC (Allocation Failure) [PSYoungGen: 93280K->96K(91136K)] 95240K->2056K(266240K), 0.0004761 secs] [Times: user=0.00 sys=0.00, real=0.00 secs] 
73.718: [GC (Allocation Failure) [PSYoungGen: 90720K->64K(88576K)] 92680K->2024K(263680K), 0.0005238 secs] [Times: user=0.00 sys=0.00, real=0.00 secs] 
73.759: [GC (Allocation Failure) [PSYoungGen: 88128K->96K(106496K)] 90088K->2056K(281600K), 0.0005153 secs] [Times: user=0.00 sys=0.00, real=0.00 secs] 
73.808: [GC (Allocation Failure) [PSYoungGen: 106080K->96K(128000K)] 108040K->2056K(303104K), 0.0005055 secs] [Times: user=0.00 sys=0.00, real=0.00 secs] 
73.867: [GC (Allocation Failure) [PSYoungGen: 127584K->64K(123904K)] 129544K->2024K(299008K), 0.0005080 secs] [Times: user=0.00 sys=0.00, real=0.01 secs] 
73.924: [GC (Allocation Failure) [PSYoungGen: 123456K->64K(120320K)] 125416K->2024K(295424K), 0.0005030 secs] [Times: user=0.00 sys=0.00, real=0.00 secs] 
73.980: [GC (Allocation Failure) [PSYoungGen: 119872K->32K(116736K)] 121832K->1992K(291840K), 0.0005585 secs] [Times: user=0.00 sys=0.00, real=0.00 secs] 
74.034: [GC (Allocation Failure) [PSYoungGen: 116256K->96K(113152K)] 118216K->2056K(288256K), 0.0005171 secs] [Times: user=0.00 sys=0.00, real=0.00 secs] 
74.088: [GC (Allocation Failure) [PSYoungGen: 112736K->96K(110080K)] 114696K->2056K(285184K), 0.0005383 secs] [Times: user=0.00 sys=0.00, real=0.00 secs] 
74.139: [GC (Allocation Failure) [PSYoungGen: 109664K->64K(107008K)] 111624K->2024K(282112K), 0.0004928 secs] [Times: user=0.00 sys=0.00, real=0.00 secs] 
74.189: [GC (Allocation Failure) [PSYoungGen: 106560K->96K(103936K)] 108520K->2056K(279040K), 0.0005064 secs] [Times: user=0.00 sys=0.00, real=0.00 secs] 
74.237: [GC (Allocation Failure) [PSYoungGen: 103520K->96K(100864K)] 105480K->2056K(275968K), 0.0005116 secs] [Times: user=0.00 sys=0.00, real=0.00 secs] 
74.283: [GC (Allocation Failure) [PSYoungGen: 100448K->64K(98304K)] 102408K->2024K(273408K), 0.0004991 secs] [Times: user=0.00 sys=0.00, real=0.00 secs] 
74.329: [GC (Allocation Failure) [PSYoungGen: 97856K->96K(95744K)] 99816K->2056K(270848K), 0.0005131 secs] [Times: user=0.00 sys=0.00, real=0.00 secs] 
74.373: [GC (Allocation Failure) [PSYoungGen: 95328K->64K(93184K)] 97288K->2024K(268288K), 0.0004917 secs] [Times: user=0.00 sys=0.00, real=0.00 secs] 
74.416: [GC (Allocation Failure) [PSYoungGen: 92736K->96K(90624K)] 94696K->2056K(265728K), 0.0004817 secs] [Times: user=0.00 sys=0.00, real=0.00 secs] 
74.458: [GC (Allocation Failure) [PSYoungGen: 90208K->96K(88064K)] 92168K->2056K(263168K), 0.0004911 secs] [Times: user=0.00 sys=0.00, real=0.00 secs] 
74.499: [GC (Allocation Failure) [PSYoungGen: 87648K->96K(105984K)] 89608K->2056K(281088K), 0.0004822 secs] [Times: user=0.00 sys=0.00, real=0.00 secs] 
74.548: [GC (Allocation Failure) [PSYoungGen: 105568K->96K(127488K)] 107528K->2056K(302592K), 0.0005286 secs] [Times: user=0.00 sys=0.00, real=0.00 secs] 
74.607: [GC (Allocation Failure) [PSYoungGen: 127072K->96K(123392K)] 129032K->2056K(298496K), 0.0005050 secs] [Times: user=0.00 sys=0.00, real=0.00 secs] 
74.664: [GC (Allocation Failure) [PSYoungGen: 122976K->96K(119808K)] 124936K->2056K(294912K), 0.0004971 secs] [Times: user=0.00 sys=0.00, real=0.00 secs] 
74.719: [GC (Allocation Failure) [PSYoungGen: 119392K->32K(116224K)] 121352K->1992K(291328K), 0.0005271 secs] [Times: user=0.00 sys=0.00, real=0.00 secs] 
74.773: [GC (Allocation Failure) [PSYoungGen: 115744K->96K(112640K)] 117704K->2056K(287744K), 0.0005282 secs] [Times: user=0.00 sys=0.00, real=0.00 secs] 
74.825: [GC (Allocation Failure) [PSYoungGen: 112224K->96K(109568K)] 114184K->2056K(284672K), 0.0005145 secs] [Times: user=0.00 sys=0.00, real=0.00 secs] 
74.875: [GC (Allocation Failure) [PSYoungGen: 109152K->96K(106496K)] 111112K->2056K(281600K), 0.0004990 secs] [Times: user=0.00 sys=0.00, real=0.00 secs] 
74.925: [GC (Allocation Failure) [PSYoungGen: 106080K->96K(103424K)] 108040K->2056K(278528K), 0.0004972 secs] [Times: user=0.00 sys=0.00, real=0.00 secs] 
74.972: [GC (Allocation Failure) [PSYoungGen: 103008K->96K(100352K)] 104968K->2056K(275456K), 0.0005178 secs] [Times: user=0.01 sys=0.00, real=0.00 secs] 
75.019: [GC (Allocation Failure) [PSYoungGen: 99936K->32K(97792K)] 101896K->1992K(272896K), 0.0004917 secs] [Times: user=0.00 sys=0.00, real=0.00 secs] 
75.064: [GC (Allocation Failure) [PSYoungGen: 97312K->96K(95232K)] 99272K->2056K(270336K), 0.0005110 secs] [Times: user=0.00 sys=0.00, real=0.00 secs] 
75.109: [GC (Allocation Failure) [PSYoungGen: 94816K->96K(114176K)] 96776K->2056K(289280K), 0.0005927 secs] [Times: user=0.00 sys=0.00, real=0.00 secs] 
75.162: [GC (Allocation Failure) [PSYoungGen: 113759K->96K(110592K)] 115719K->2056K(285696K), 0.0004816 secs] [Times: user=0.00 sys=0.00, real=0.00 secs] 
75.213: [GC (Allocation Failure) [PSYoungGen: 110176K->96K(107520K)] 112136K->2056K(282624K), 0.0005625 secs] [Times: user=0.00 sys=0.00, real=0.00 secs] 
75.263: [GC (Allocation Failure) [PSYoungGen: 107104K->96K(104448K)] 109064K->2056K(279552K), 0.0005216 secs] [Times: user=0.00 sys=0.00, real=0.00 secs] 
75.312: [GC (Allocation Failure) [PSYoungGen: 104032K->96K(101376K)] 105992K->2056K(276480K), 0.0004992 secs] [Times: user=0.00 sys=0.00, real=0.00 secs] 
75.359: [GC (Allocation Failure) [PSYoungGen: 100960K->64K(98816K)] 102920K->2024K(273920K), 0.0004887 secs] [Times: user=0.00 sys=0.00, real=0.00 secs] 
75.404: [GC (Allocation Failure) [PSYoungGen: 98368K->96K(96256K)] 100328K->2056K(271360K), 0.0005024 secs] [Times: user=0.00 sys=0.00, real=0.00 secs] 
75.449: [GC (Allocation Failure) [PSYoungGen: 95840K->32K(93696K)] 97800K->1992K(268800K), 0.0004882 secs] [Times: user=0.01 sys=0.00, real=0.00 secs] 
75.492: [GC (Allocation Failure) [PSYoungGen: 93216K->64K(91136K)] 95176K->2024K(266240K), 0.0004860 secs] [Times: user=0.00 sys=0.00, real=0.00 secs] 
75.534: [GC (Allocation Failure) [PSYoungGen: 90688K->96K(109568K)] 92648K->2056K(284672K), 0.0004814 secs] [Times: user=0.00 sys=0.00, real=0.00 secs] 
75.585: [GC (Allocation Failure) [PSYoungGen: 109152K->96K(106496K)] 111112K->2056K(281600K), 0.0004851 secs] [Times: user=0.00 sys=0.00, real=0.00 secs] 
75.634: [GC (Allocation Failure) [PSYoungGen: 106080K->96K(103424K)] 108040K->2056K(278528K), 0.0004737 secs] [Times: user=0.00 sys=0.00, real=0.00 secs] 
75.681: [GC (Allocation Failure) [PSYoungGen: 103008K->64K(100352K)] 104968K->2024K(275456K), 0.0004846 secs] [Times: user=0.00 sys=0.00, real=0.00 secs] 
75.727: [GC (Allocation Failure) [PSYoungGen: 99904K->64K(97792K)] 101864K->2024K(272896K), 0.0004815 secs] [Times: user=0.00 sys=0.00, real=0.00 secs] 
75.773: [GC (Allocation Failure) [PSYoungGen: 97344K->96K(95232K)] 99304K->2056K(270336K), 0.0005512 secs] [Times: user=0.00 sys=0.00, real=0.00 secs] 
75.817: [GC (Allocation Failure) [PSYoungGen: 94816K->64K(92672K)] 96776K->2024K(267776K), 0.0004880 secs] [Times: user=0.00 sys=0.00, real=0.01 secs] 
75.860: [GC (Allocation Failure) [PSYoungGen: 92224K->96K(111104K)] 94184K->2056K(286208K), 0.0005108 secs] [Times: user=0.00 sys=0.00, real=0.00 secs] 
75.911: [GC (Allocation Failure) [PSYoungGen: 110688K->96K(108032K)] 112648K->2056K(283136K), 0.0005072 secs] [Times: user=0.00 sys=0.00, real=0.00 secs] 
75.961: [GC (Allocation Failure) [PSYoungGen: 107616K->64K(104960K)] 109576K->2024K(280064K), 0.0005360 secs] [Times: user=0.00 sys=0.00, real=0.00 secs] 
76.010: [GC (Allocation Failure) [PSYoungGen: 104512K->96K(101888K)] 106472K->2056K(276992K), 0.0004759 secs] [Times: user=0.00 sys=0.00, real=0.00 secs] 
76.057: [GC (Allocation Failure) [PSYoungGen: 101472K->96K(98816K)] 103432K->2056K(273920K), 0.0005607 secs] [Times: user=0.00 sys=0.00, real=0.00 secs] 
76.104: [GC (Allocation Failure) [PSYoungGen: 98400K->96K(96256K)] 100360K->2056K(271360K), 0.0005151 secs] [Times: user=0.00 sys=0.00, real=0.00 secs] 
76.149: [GC (Allocation Failure) [PSYoungGen: 95840K->96K(93696K)] 97800K->2056K(268800K), 0.0004881 secs] [Times: user=0.00 sys=0.00, real=0.00 secs] 
76.192: [GC (Allocation Failure) [PSYoungGen: 93280K->96K(112640K)] 95240K->2056K(287744K), 0.0005190 secs] [Times: user=0.01 sys=0.00, real=0.00 secs] 
76.244: [GC (Allocation Failure) [PSYoungGen: 112224K->96K(109568K)] 114184K->2056K(284672K), 0.0005081 secs] [Times: user=0.00 sys=0.00, real=0.00 secs] 
76.295: [GC (Allocation Failure) [PSYoungGen: 109152K->96K(106496K)] 111112K->2056K(281600K), 0.0005018 secs] [Times: user=0.00 sys=0.00, real=0.00 secs] 
76.344: [GC (Allocation Failure) [PSYoungGen: 106080K->96K(103424K)] 108040K->2056K(278528K), 0.0004921 secs] [Times: user=0.00 sys=0.00, real=0.00 secs] 
76.392: [GC (Allocation Failure) [PSYoungGen: 103008K->96K(100352K)] 104968K->2056K(275456K), 0.0004954 secs] [Times: user=0.00 sys=0.00, real=0.00 secs] 
76.438: [GC (Allocation Failure) [PSYoungGen: 99936K->32K(97792K)] 101896K->1992K(272896K), 0.0004963 secs] [Times: user=0.00 sys=0.00, real=0.00 secs] 
76.483: [GC (Allocation Failure) [PSYoungGen: 97312K->96K(95232K)] 99272K->2056K(270336K), 0.0004844 secs] [Times: user=0.00 sys=0.00, real=0.00 secs] 
76.527: [GC (Allocation Failure) [PSYoungGen: 94816K->96K(92672K)] 96776K->2056K(267776K), 0.0005078 secs] [Times: user=0.00 sys=0.00, real=0.01 secs] 
76.570: [GC (Allocation Failure) [PSYoungGen: 92256K->96K(111104K)] 94216K->2056K(286208K), 0.0005130 secs] [Times: user=0.00 sys=0.00, real=0.00 secs] 
76.621: [GC (Allocation Failure) [PSYoungGen: 110688K->96K(108032K)] 112648K->2056K(283136K), 0.0004783 secs] [Times: user=0.00 sys=0.00, real=0.00 secs] 
76.671: [GC (Allocation Failure) [PSYoungGen: 107616K->96K(104960K)] 109576K->2056K(280064K), 0.0004678 secs] [Times: user=0.00 sys=0.00, real=0.00 secs] 
76.720: [GC (Allocation Failure) [PSYoungGen: 104544K->64K(101888K)] 106504K->2024K(276992K), 0.0005294 secs] [Times: user=0.00 sys=0.00, real=0.00 secs] 
76.767: [GC (Allocation Failure) [PSYoungGen: 101440K->96K(98816K)] 103400K->2056K(273920K), 0.0005068 secs] [Times: user=0.01 sys=0.00, real=0.01 secs] 
76.813: [GC (Allocation Failure) [PSYoungGen: 98400K->64K(96256K)] 100360K->2024K(271360K), 0.0004764 secs] [Times: user=0.00 sys=0.00, real=0.00 secs] 
76.858: [GC (Allocation Failure) [PSYoungGen: 95808K->96K(93696K)] 97768K->2056K(268800K), 0.0004943 secs] [Times: user=0.00 sys=0.00, real=0.00 secs] 
76.901: [GC (Allocation Failure) [PSYoungGen: 93280K->96K(91136K)] 95240K->2056K(266240K), 0.0004908 secs] [Times: user=0.00 sys=0.00, real=0.00 secs] 
76.943: [GC (Allocation Failure) [PSYoungGen: 90720K->64K(88576K)] 92680K->2024K(263680K), 0.0004670 secs] [Times: user=0.00 sys=0.00, real=0.00 secs] 
76.984: [GC (Allocation Failure) [PSYoungGen: 88128K->96K(106496K)] 90088K->2056K(281600K), 0.0004838 secs] [Times: user=0.00 sys=0.00, real=0.00 secs] 
77.033: [GC (Allocation Failure) [PSYoungGen: 106080K->96K(128000K)] 108040K->2056K(303104K), 0.0005219 secs] [Times: user=0.00 sys=0.00, real=0.00 secs] 
77.093: [GC (Allocation Failure) [PSYoungGen: 127584K->96K(123904K)] 129544K->2056K(299008K), 0.0005128 secs] [Times: user=0.00 sys=0.00, real=0.00 secs] 
77.151: [GC (Allocation Failure) [PSYoungGen: 123488K->96K(120320K)] 125448K->2056K(295424K), 0.0004837 secs] [Times: user=0.00 sys=0.00, real=0.00 secs] 
77.206: [GC (Allocation Failure) [PSYoungGen: 119904K->32K(116736K)] 121864K->1992K(291840K), 0.0004855 secs] [Times: user=0.00 sys=0.00, real=0.00 secs] 
77.260: [GC (Allocation Failure) [PSYoungGen: 116256K->96K(113152K)] 118216K->2056K(288256K), 0.0005034 secs] [Times: user=0.00 sys=0.01, real=0.00 secs] 
77.313: [GC (Allocation Failure) [PSYoungGen: 112736K->64K(135680K)] 114696K->2024K(310784K), 0.0009688 secs] [Times: user=0.01 sys=0.00, real=0.00 secs] 
77.376: [GC (Allocation Failure) [PSYoungGen: 135232K->32K(131584K)] 137192K->1992K(306688K), 0.0004927 secs] [Times: user=0.00 sys=0.00, real=0.00 secs] 
77.437: [GC (Allocation Failure) [PSYoungGen: 131104K->64K(127488K)] 133064K->2024K(302592K), 0.0004982 secs] [Times: user=0.00 sys=0.00, real=0.00 secs] 
77.496: [GC (Allocation Failure) [PSYoungGen: 127039K->64K(123392K)] 128999K->2024K(298496K), 0.0005395 secs] [Times: user=0.00 sys=0.00, real=0.00 secs] 
77.553: [GC (Allocation Failure) [PSYoungGen: 122944K->96K(119808K)] 124904K->2056K(294912K), 0.0005101 secs] [Times: user=0.00 sys=0.00, real=0.00 secs] 
77.612: [GC (Allocation Failure) [PSYoungGen: 119392K->96K(116224K)] 121352K->2056K(291328K), 0.0005195 secs] [Times: user=0.00 sys=0.00, real=0.00 secs] 
77.666: [GC (Allocation Failure) [PSYoungGen: 115808K->96K(112640K)] 117768K->2056K(287744K), 0.0005141 secs] [Times: user=0.00 sys=0.00, real=0.00 secs] 
77.720: [GC (Allocation Failure) [PSYoungGen: 112224K->96K(109568K)] 114184K->2056K(284672K), 0.0005156 secs] [Times: user=0.00 sys=0.00, real=0.00 secs] 
77.773: [GC (Allocation Failure) [PSYoungGen: 109152K->96K(106496K)] 111112K->2056K(281600K), 0.0005144 secs] [Times: user=0.00 sys=0.00, real=0.00 secs] 
77.825: [GC (Allocation Failure) [PSYoungGen: 106080K->64K(128000K)] 108040K->2024K(303104K), 0.0011692 secs] [Times: user=0.00 sys=0.00, real=0.00 secs] 
77.891: [GC (Allocation Failure) [PSYoungGen: 127552K->96K(153600K)] 129512K->2056K(328704K), 0.0005143 secs] [Times: user=0.00 sys=0.00, real=0.00 secs] 
77.962: [GC (Allocation Failure) [PSYoungGen: 153184K->64K(184320K)] 155144K->2024K(359424K), 0.0009915 secs] [Times: user=0.00 sys=0.00, real=0.00 secs] 
78.048: [GC (Allocation Failure) [PSYoungGen: 183872K->96K(177664K)] 185832K->2056K(352768K), 0.0005199 secs] [Times: user=0.00 sys=0.00, real=0.00 secs] 
78.131: [GC (Allocation Failure) [PSYoungGen: 177248K->64K(213504K)] 179208K->2024K(388608K), 0.0009733 secs] [Times: user=0.00 sys=0.00, real=0.00 secs] 
78.231: [GC (Allocation Failure) [PSYoungGen: 213056K->96K(205824K)] 215016K->2056K(380928K), 0.0005200 secs] [Times: user=0.00 sys=0.00, real=0.00 secs] 
78.335: [GC (Allocation Failure) [PSYoungGen: 205408K->32K(198144K)] 207368K->1992K(373248K), 0.0005342 secs] [Times: user=0.00 sys=0.00, real=0.00 secs] 
78.434: [GC (Allocation Failure) [PSYoungGen: 197664K->64K(190976K)] 199624K->2024K(366080K), 0.0009638 secs] [Times: user=0.00 sys=0.00, real=0.00 secs] 
78.524: [GC (Allocation Failure) [PSYoungGen: 190528K->64K(184320K)] 192488K->2024K(359424K), 0.0005122 secs] [Times: user=0.00 sys=0.00, real=0.00 secs] 
78.610: [GC (Allocation Failure) [PSYoungGen: 183872K->32K(177664K)] 185832K->1992K(352768K), 0.0009698 secs] [Times: user=0.01 sys=0.00, real=0.00 secs] 
78.697: [GC (Allocation Failure) [PSYoungGen: 177184K->96K(171520K)] 179144K->2056K(346624K), 0.0005181 secs] [Times: user=0.00 sys=0.00, real=0.00 secs] 
78.785: [GC (Allocation Failure) [PSYoungGen: 171104K->64K(165376K)] 173064K->2024K(340480K), 0.0005132 secs] [Times: user=0.00 sys=0.00, real=0.00 secs] 
78.862: [GC (Allocation Failure) [PSYoungGen: 164928K->96K(159744K)] 166888K->2056K(334848K), 0.0005238 secs] [Times: user=0.00 sys=0.00, real=0.00 secs] 
78.935: [GC (Allocation Failure) [PSYoungGen: 159328K->64K(154112K)] 161288K->2024K(329216K), 0.0005101 secs] [Times: user=0.00 sys=0.00, real=0.00 secs] 
79.007: [GC (Allocation Failure) [PSYoungGen: 153664K->64K(148992K)] 155624K->2024K(324096K), 0.0009758 secs] [Times: user=0.00 sys=0.01, real=0.01 secs] 
79.077: [GC (Allocation Failure) [PSYoungGen: 148544K->96K(143872K)] 150504K->2056K(318976K), 0.0005134 secs] [Times: user=0.00 sys=0.00, real=0.01 secs] 
79.145: [GC (Allocation Failure) [PSYoungGen: 143456K->96K(139264K)] 145416K->2056K(314368K), 0.0005108 secs] [Times: user=0.00 sys=0.00, real=0.00 secs] 
79.209: [GC (Allocation Failure) [PSYoungGen: 138848K->64K(134656K)] 140808K->2024K(309760K), 0.0005038 secs] [Times: user=0.00 sys=0.00, real=0.00 secs] 
79.272: [GC (Allocation Failure) [PSYoungGen: 134208K->96K(130560K)] 136168K->2056K(305664K), 0.0005117 secs] [Times: user=0.00 sys=0.00, real=0.00 secs] 
79.332: [GC (Allocation Failure) [PSYoungGen: 130144K->96K(126464K)] 132104K->2056K(301568K), 0.0005147 secs] [Times: user=0.00 sys=0.00, real=0.00 secs] 
79.391: [GC (Allocation Failure) [PSYoungGen: 126048K->64K(122368K)] 128008K->2024K(297472K), 0.0005088 secs] [Times: user=0.00 sys=0.00, real=0.00 secs] 
79.447: [GC (Allocation Failure) [PSYoungGen: 121920K->96K(118784K)] 123880K->2056K(293888K), 0.0005300 secs] [Times: user=0.00 sys=0.00, real=0.01 secs] 
79.502: [GC (Allocation Failure) [PSYoungGen: 118368K->96K(115200K)] 120328K->2056K(290304K), 0.0005051 secs] [Times: user=0.00 sys=0.00, real=0.00 secs] 
79.555: [GC (Allocation Failure) [PSYoungGen: 114784K->96K(111616K)] 116744K->2056K(286720K), 0.0004951 secs] [Times: user=0.00 sys=0.00, real=0.00 secs] 
79.607: [GC (Allocation Failure) [PSYoungGen: 111200K->96K(108544K)] 113160K->2056K(283648K), 0.0005136 secs] [Times: user=0.00 sys=0.00, real=0.01 secs] 
79.658: [GC (Allocation Failure) [PSYoungGen: 108128K->96K(105472K)] 110088K->2056K(280576K), 0.0005059 secs] [Times: user=0.01 sys=0.00, real=0.00 secs] 
79.706: [GC (Allocation Failure) [PSYoungGen: 105056K->96K(102400K)] 107016K->2056K(277504K), 0.0005218 secs] [Times: user=0.00 sys=0.00, real=0.00 secs] 
79.754: [GC (Allocation Failure) [PSYoungGen: 101984K->96K(99328K)] 103944K->2056K(274432K), 0.0005016 secs] [Times: user=0.00 sys=0.00, real=0.00 secs] 
79.800: [GC (Allocation Failure) [PSYoungGen: 98912K->96K(96768K)] 100872K->2056K(271872K), 0.0005070 secs] [Times: user=0.00 sys=0.00, real=0.00 secs] 
79.846: [GC (Allocation Failure) [PSYoungGen: 96352K->96K(94208K)] 98312K->2056K(269312K), 0.0005163 secs] [Times: user=0.01 sys=0.00, real=0.00 secs] 
79.889: [GC (Allocation Failure) [PSYoungGen: 93792K->96K(91648K)] 95752K->2056K(266752K), 0.0005127 secs] [Times: user=0.00 sys=0.00, real=0.00 secs] 
79.932: [GC (Allocation Failure) [PSYoungGen: 91232K->64K(110080K)] 93192K->2024K(285184K), 0.0007435 secs] [Times: user=0.00 sys=0.00, real=0.00 secs] 
79.983: [GC (Allocation Failure) [PSYoungGen: 109632K->64K(132096K)] 111592K->2024K(307200K), 0.0005670 secs] [Times: user=0.00 sys=0.00, real=0.00 secs] 
80.044: [GC (Allocation Failure) [PSYoungGen: 131648K->96K(158720K)] 133608K->2056K(333824K), 0.0005203 secs] [Times: user=0.01 sys=0.00, real=0.00 secs] 
80.120: [GC (Allocation Failure) [PSYoungGen: 158304K->96K(153600K)] 160264K->2056K(328704K), 0.0005424 secs] [Times: user=0.00 sys=0.00, real=0.00 secs] 
80.191: [GC (Allocation Failure) [PSYoungGen: 153184K->96K(148480K)] 155144K->2056K(323584K), 0.0005183 secs] [Times: user=0.00 sys=0.00, real=0.00 secs] 
80.260: [GC (Allocation Failure) [PSYoungGen: 148064K->96K(143360K)] 150024K->2056K(318464K), 0.0005399 secs] [Times: user=0.00 sys=0.00, real=0.00 secs] 
80.333: [GC (Allocation Failure) [PSYoungGen: 142944K->96K(138752K)] 144904K->2056K(313856K), 0.0005274 secs] [Times: user=0.00 sys=0.00, real=0.00 secs] 
80.397: [GC (Allocation Failure) [PSYoungGen: 138336K->96K(134144K)] 140296K->2080K(309248K), 0.0005354 secs] [Times: user=0.00 sys=0.00, real=0.01 secs] 
80.459: [GC (Allocation Failure) [PSYoungGen: 133728K->96K(130048K)] 135712K->2080K(305152K), 0.0004996 secs] [Times: user=0.00 sys=0.00, real=0.00 secs] 
80.520: [GC (Allocation Failure) [PSYoungGen: 129632K->64K(125952K)] 131616K->2048K(301056K), 0.0005761 secs] [Times: user=0.00 sys=0.00, real=0.00 secs] 
80.578: [GC (Allocation Failure) [PSYoungGen: 125504K->96K(121856K)] 127488K->2080K(296960K), 0.0005139 secs] [Times: user=0.00 sys=0.00, real=0.00 secs] 
80.634: [GC (Allocation Failure) [PSYoungGen: 121440K->64K(118272K)] 123424K->2048K(293376K), 0.0005692 secs] [Times: user=0.00 sys=0.00, real=0.00 secs] 
80.689: [GC (Allocation Failure) [PSYoungGen: 117824K->96K(114688K)] 119808K->2080K(289792K), 0.0005171 secs] [Times: user=0.00 sys=0.00, real=0.00 secs] 
80.742: [GC (Allocation Failure) [PSYoungGen: 114272K->96K(111104K)] 116256K->2080K(286208K), 0.0005136 secs] [Times: user=0.00 sys=0.00, real=0.00 secs] 
80.794: [GC (Allocation Failure) [PSYoungGen: 110688K->96K(108032K)] 112672K->2080K(283136K), 0.0005185 secs] [Times: user=0.00 sys=0.00, real=0.00 secs] 
80.845: [GC (Allocation Failure) [PSYoungGen: 107616K->64K(104960K)] 109600K->2048K(280064K), 0.0005454 secs] [Times: user=0.00 sys=0.00, real=0.00 secs] 
80.899: [GC (Allocation Failure) [PSYoungGen: 104512K->32K(101888K)] 106496K->2016K(276992K), 0.0004764 secs] [Times: user=0.00 sys=0.00, real=0.00 secs] 
80.946: [GC (Allocation Failure) [PSYoungGen: 101408K->96K(98816K)] 103392K->2080K(273920K), 0.0005262 secs] [Times: user=0.00 sys=0.00, real=0.00 secs] 
80.991: [GC (Allocation Failure) [PSYoungGen: 98400K->96K(96256K)] 100384K->2080K(271360K), 0.0004892 secs] [Times: user=0.00 sys=0.00, real=0.00 secs] 
81.036: [GC (Allocation Failure) [PSYoungGen: 95840K->96K(93696K)] 97824K->2080K(268800K), 0.0005209 secs] [Times: user=0.00 sys=0.00, real=0.00 secs] 
81.080: [GC (Allocation Failure) [PSYoungGen: 93280K->96K(91136K)] 95264K->2080K(266240K), 0.0005150 secs] [Times: user=0.00 sys=0.00, real=0.00 secs] 
81.124: [GC (Allocation Failure) [PSYoungGen: 90720K->96K(109568K)] 92704K->2080K(284672K), 0.0010064 secs] [Times: user=0.00 sys=0.00, real=0.00 secs] 
81.175: [GC (Allocation Failure) [PSYoungGen: 109152K->96K(131584K)] 111136K->2080K(306688K), 0.0004827 secs] [Times: user=0.00 sys=0.00, real=0.00 secs] 
81.235: [GC (Allocation Failure) [PSYoungGen: 131168K->96K(158208K)] 133152K->2080K(333312K), 0.0004915 secs] [Times: user=0.00 sys=0.00, real=0.00 secs] 
81.310: [GC (Allocation Failure) [PSYoungGen: 157792K->96K(153088K)] 159776K->2080K(328192K), 0.0006568 secs] [Times: user=0.00 sys=0.00, real=0.00 secs] 
81.381: [GC (Allocation Failure) [PSYoungGen: 152672K->96K(147968K)] 154656K->2080K(323072K), 0.0005171 secs] [Times: user=0.00 sys=0.01, real=0.00 secs] 
81.449: [GC (Allocation Failure) [PSYoungGen: 147552K->96K(143360K)] 149536K->2080K(318464K), 0.0004991 secs] [Times: user=0.00 sys=0.00, real=0.00 secs] 
81.515: [GC (Allocation Failure) [PSYoungGen: 142944K->64K(138752K)] 144928K->2048K(313856K), 0.0009666 secs] [Times: user=0.01 sys=0.00, real=0.00 secs] 
81.580: [GC (Allocation Failure) [PSYoungGen: 138304K->64K(134144K)] 140288K->2056K(309248K), 0.0005141 secs] [Times: user=0.00 sys=0.00, real=0.00 secs] 
81.642: [GC (Allocation Failure) [PSYoungGen: 133696K->96K(130048K)] 135688K->2088K(305152K), 0.0005346 secs] [Times: user=0.00 sys=0.00, real=0.00 secs] 
81.703: [GC (Allocation Failure) [PSYoungGen: 129632K->64K(125952K)] 131624K->2056K(301056K), 0.0005667 secs] [Times: user=0.00 sys=0.00, real=0.00 secs] 
81.761: [GC (Allocation Failure) [PSYoungGen: 125504K->96K(121856K)] 127496K->2088K(296960K), 0.0005205 secs] [Times: user=0.00 sys=0.00, real=0.00 secs] 
81.818: [GC (Allocation Failure) [PSYoungGen: 121440K->64K(118272K)] 123432K->2056K(293376K), 0.0005261 secs] [Times: user=0.00 sys=0.00, real=0.00 secs] 
81.873: [GC (Allocation Failure) [PSYoungGen: 117824K->96K(114688K)] 119816K->2088K(289792K), 0.0005072 secs] [Times: user=0.00 sys=0.00, real=0.00 secs] 
81.926: [GC (Allocation Failure) [PSYoungGen: 114272K->64K(111104K)] 116264K->2056K(286208K), 0.0007891 secs] [Times: user=0.00 sys=0.00, real=0.00 secs] 
81.977: [GC (Allocation Failure) [PSYoungGen: 110656K->96K(108032K)] 112648K->2088K(283136K), 0.0005002 secs] [Times: user=0.00 sys=0.00, real=0.00 secs] 
82.028: [GC (Allocation Failure) [PSYoungGen: 107616K->64K(129536K)] 109608K->2056K(304640K), 0.0009730 secs] [Times: user=0.00 sys=0.00, real=0.00 secs] 
82.089: [GC (Allocation Failure) [PSYoungGen: 129088K->96K(155648K)] 131080K->2088K(330752K), 0.0005224 secs] [Times: user=0.00 sys=0.00, real=0.00 secs] 
82.162: [GC (Allocation Failure) [PSYoungGen: 155232K->96K(150528K)] 157224K->2088K(325632K), 0.0005531 secs] [Times: user=0.01 sys=0.00, real=0.00 secs] 
82.232: [GC (Allocation Failure) [PSYoungGen: 150112K->64K(180736K)] 152104K->2056K(355840K), 0.0010183 secs] [Times: user=0.00 sys=0.00, real=0.00 secs] 
82.318: [GC (Allocation Failure) [PSYoungGen: 180288K->96K(174592K)] 182280K->2088K(349696K), 0.0005150 secs] [Times: user=0.00 sys=0.00, real=0.00 secs] 
82.399: [GC (Allocation Failure) [PSYoungGen: 174176K->96K(168448K)] 176168K->2088K(343552K), 0.0005004 secs] [Times: user=0.00 sys=0.00, real=0.00 secs] 
82.477: [GC (Allocation Failure) [PSYoungGen: 168032K->96K(162816K)] 170024K->2088K(337920K), 0.0005061 secs] [Times: user=0.00 sys=0.00, real=0.00 secs] 
82.552: [GC (Allocation Failure) [PSYoungGen: 162400K->96K(157184K)] 164392K->2088K(332288K), 0.0004996 secs] [Times: user=0.00 sys=0.00, real=0.00 secs] 
82.625: [GC (Allocation Failure) [PSYoungGen: 156768K->64K(152064K)] 158760K->2056K(327168K), 0.0005074 secs] [Times: user=0.00 sys=0.00, real=0.00 secs] 
82.716: [GC (Allocation Failure) [PSYoungGen: 151616K->32K(146944K)] 153608K->2024K(322048K), 0.0010982 secs] [Times: user=0.00 sys=0.00, real=0.00 secs] 
82.822: [GC (Allocation Failure) [PSYoungGen: 146464K->32K(142336K)] 148456K->2024K(317440K), 0.0010691 secs] [Times: user=0.00 sys=0.00, real=0.00 secs] 
82.889: [GC (Allocation Failure) [PSYoungGen: 141856K->96K(137728K)] 143848K->2088K(312832K), 0.0007463 secs] [Times: user=0.00 sys=0.00, real=0.00 secs] 
82.953: [GC (Allocation Failure) [PSYoungGen: 137312K->96K(133120K)] 139304K->2088K(308224K), 0.0005295 secs] [Times: user=0.01 sys=0.00, real=0.00 secs] 
83.014: [GC (Allocation Failure) [PSYoungGen: 132704K->96K(129024K)] 134696K->2088K(304128K), 0.0005048 secs] [Times: user=0.00 sys=0.00, real=0.00 secs] 
83.074: [GC (Allocation Failure) [PSYoungGen: 128608K->96K(124928K)] 130600K->2088K(300032K), 0.0005093 secs] [Times: user=0.00 sys=0.00, real=0.00 secs] 
83.133: [GC (Allocation Failure) [PSYoungGen: 124512K->96K(121344K)] 126504K->2088K(296448K), 0.0005021 secs] [Times: user=0.00 sys=0.00, real=0.00 secs] 
83.190: [GC (Allocation Failure) [PSYoungGen: 120928K->96K(117760K)] 122920K->2088K(292864K), 0.0005105 secs] [Times: user=0.00 sys=0.00, real=0.00 secs] 
83.245: [GC (Allocation Failure) [PSYoungGen: 117344K->96K(114176K)] 119336K->2088K(289280K), 0.0005179 secs] [Times: user=0.00 sys=0.00, real=0.00 secs] 
83.298: [GC (Allocation Failure) [PSYoungGen: 113760K->96K(110592K)] 115752K->2088K(285696K), 0.0005076 secs] [Times: user=0.00 sys=0.00, real=0.00 secs] 
83.351: [GC (Allocation Failure) [PSYoungGen: 110176K->96K(107520K)] 112168K->2088K(282624K), 0.0005127 secs] [Times: user=0.00 sys=0.00, real=0.00 secs] 
83.401: [GC (Allocation Failure) [PSYoungGen: 107104K->96K(104448K)] 109096K->2088K(279552K), 0.0005085 secs] [Times: user=0.01 sys=0.00, real=0.00 secs] 
83.449: [GC (Allocation Failure) [PSYoungGen: 104032K->32K(101376K)] 106024K->2024K(276480K), 0.0004730 secs] [Times: user=0.00 sys=0.00, real=0.00 secs] 
83.496: [GC (Allocation Failure) [PSYoungGen: 100896K->96K(98816K)] 102888K->2088K(273920K), 0.0005017 secs] [Times: user=0.00 sys=0.00, real=0.00 secs] 
83.542: [GC (Allocation Failure) [PSYoungGen: 98400K->96K(96256K)] 100392K->2088K(271360K), 0.0004876 secs] [Times: user=0.00 sys=0.00, real=0.00 secs] 
83.586: [GC (Allocation Failure) [PSYoungGen: 95840K->96K(93696K)] 97832K->2088K(268800K), 0.0004866 secs] [Times: user=0.00 sys=0.00, real=0.00 secs] 
83.629: [GC (Allocation Failure) [PSYoungGen: 93280K->96K(91136K)] 95272K->2088K(266240K), 0.0005036 secs] [Times: user=0.01 sys=0.00, real=0.00 secs] 
83.671: [GC (Allocation Failure) [PSYoungGen: 90720K->64K(109568K)] 92712K->2056K(284672K), 0.0009776 secs] [Times: user=0.00 sys=0.00, real=0.00 secs] 
83.723: [GC (Allocation Failure) [PSYoungGen: 109120K->96K(131584K)] 111112K->2088K(306688K), 0.0005096 secs] [Times: user=0.00 sys=0.00, real=0.00 secs] 
83.784: [GC (Allocation Failure) [PSYoungGen: 131168K->96K(158208K)] 133160K->2088K(333312K), 0.0005079 secs] [Times: user=0.00 sys=0.00, real=0.00 secs] 
83.857: [GC (Allocation Failure) [PSYoungGen: 157792K->96K(153088K)] 159784K->2088K(328192K), 0.0005472 secs] [Times: user=0.01 sys=0.00, real=0.01 secs] 
83.928: [GC (Allocation Failure) [PSYoungGen: 152672K->64K(147968K)] 154664K->2056K(323072K), 0.0005584 secs] [Times: user=0.00 sys=0.00, real=0.00 secs] 
83.996: [GC (Allocation Failure) [PSYoungGen: 147520K->96K(143360K)] 149512K->2088K(318464K), 0.0005393 secs] [Times: user=0.01 sys=0.00, real=0.00 secs] 
84.062: [GC (Allocation Failure) [PSYoungGen: 142944K->32K(172032K)] 144936K->2024K(347136K), 0.0010458 secs] [Times: user=0.00 sys=0.00, real=0.00 secs] 
84.143: [GC (Allocation Failure) [PSYoungGen: 171552K->96K(165888K)] 173544K->2088K(340992K), 0.0005260 secs] [Times: user=0.00 sys=0.00, real=0.00 secs] 
84.220: [GC (Allocation Failure) [PSYoungGen: 165472K->96K(160256K)] 167464K->2088K(335360K), 0.0005168 secs] [Times: user=0.00 sys=0.00, real=0.00 secs] 
84.294: [GC (Allocation Failure) [PSYoungGen: 159840K->96K(154624K)] 161832K->2088K(329728K), 0.0005122 secs] [Times: user=0.01 sys=0.00, real=0.00 secs] 
84.365: [GC (Allocation Failure) [PSYoungGen: 154208K->96K(149504K)] 156200K->2088K(324608K), 0.0005202 secs] [Times: user=0.00 sys=0.00, real=0.00 secs] 
84.434: [GC (Allocation Failure) [PSYoungGen: 149088K->64K(144384K)] 151080K->2056K(319488K), 0.0004963 secs] [Times: user=0.00 sys=0.00, real=0.00 secs] 
84.501: [GC (Allocation Failure) [PSYoungGen: 143936K->32K(139776K)] 145928K->2024K(314880K), 0.0005179 secs] [Times: user=0.00 sys=0.00, real=0.00 secs] 
84.565: [GC (Allocation Failure) [PSYoungGen: 139296K->96K(135168K)] 141288K->2088K(310272K), 0.0005082 secs] [Times: user=0.00 sys=0.00, real=0.00 secs] 
84.628: [GC (Allocation Failure) [PSYoungGen: 134752K->96K(131072K)] 136744K->2088K(306176K), 0.0004913 secs] [Times: user=0.00 sys=0.00, real=0.00 secs] 
84.689: [GC (Allocation Failure) [PSYoungGen: 130656K->96K(126976K)] 132648K->2088K(302080K), 0.0005195 secs] [Times: user=0.00 sys=0.00, real=0.00 secs] 
84.748: [GC (Allocation Failure) [PSYoungGen: 126560K->96K(122880K)] 128552K->2088K(297984K), 0.0005136 secs] [Times: user=0.00 sys=0.00, real=0.00 secs] 
84.805: [GC (Allocation Failure) [PSYoungGen: 122464K->96K(119296K)] 124456K->2088K(294400K), 0.0005087 secs] [Times: user=0.00 sys=0.00, real=0.00 secs] 
84.860: [GC (Allocation Failure) [PSYoungGen: 118880K->96K(115712K)] 120872K->2088K(290816K), 0.0005018 secs] [Times: user=0.00 sys=0.00, real=0.00 secs] 
84.914: [GC (Allocation Failure) [PSYoungGen: 115296K->96K(112128K)] 117288K->2088K(287232K), 0.0005074 secs] [Times: user=0.00 sys=0.00, real=0.00 secs] 
84.966: [GC (Allocation Failure) [PSYoungGen: 111712K->96K(109056K)] 113704K->2088K(284160K), 0.0005097 secs] [Times: user=0.00 sys=0.00, real=0.00 secs] 
85.016: [GC (Allocation Failure) [PSYoungGen: 108640K->96K(105984K)] 110632K->2088K(281088K), 0.0004906 secs] [Times: user=0.00 sys=0.00, real=0.00 secs] 
85.066: [GC (Allocation Failure) [PSYoungGen: 105568K->96K(102912K)] 107560K->2088K(278016K), 0.0005067 secs] [Times: user=0.00 sys=0.00, real=0.00 secs] 
85.115: [GC (Allocation Failure) [PSYoungGen: 102496K->96K(99840K)] 104488K->2088K(274944K), 0.0005184 secs] [Times: user=0.00 sys=0.00, real=0.00 secs] 
85.161: [GC (Allocation Failure) [PSYoungGen: 99424K->64K(97280K)] 101416K->2056K(272384K), 0.0004776 secs] [Times: user=0.00 sys=0.00, real=0.00 secs] 
85.206: [GC (Allocation Failure) [PSYoungGen: 96832K->64K(94720K)] 98824K->2056K(269824K), 0.0004845 secs] [Times: user=0.00 sys=0.00, real=0.00 secs] 
85.251: [GC (Allocation Failure) [PSYoungGen: 94272K->96K(92160K)] 96264K->2088K(267264K), 0.0005051 secs] [Times: user=0.00 sys=0.00, real=0.00 secs] 
85.293: [GC (Allocation Failure) [PSYoungGen: 91744K->96K(89600K)] 93736K->2088K(264704K), 0.0005049 secs] [Times: user=0.00 sys=0.00, real=0.00 secs] 
85.336: [GC (Allocation Failure) [PSYoungGen: 89184K->64K(107520K)] 91176K->2056K(282624K), 0.0009824 secs] [Times: user=0.00 sys=0.00, real=0.00 secs] 
85.386: [GC (Allocation Failure) [PSYoungGen: 107072K->64K(129024K)] 109064K->2056K(304128K), 0.0011126 secs] [Times: user=0.00 sys=0.00, real=0.01 secs] 
85.447: [GC (Allocation Failure) [PSYoungGen: 128576K->96K(155136K)] 130568K->2088K(330240K), 0.0005137 secs] [Times: user=0.00 sys=0.00, real=0.00 secs] 
85.518: [GC (Allocation Failure) [PSYoungGen: 154720K->96K(150016K)] 156712K->2088K(325120K), 0.0005285 secs] [Times: user=0.00 sys=0.00, real=0.00 secs] 
85.587: [GC (Allocation Failure) [PSYoungGen: 149600K->96K(144896K)] 151592K->2088K(320000K), 0.0005440 secs] [Times: user=0.01 sys=0.00, real=0.01 secs] 
85.654: [GC (Allocation Failure) [PSYoungGen: 144480K->96K(140288K)] 146472K->2088K(315392K), 0.0005068 secs] [Times: user=0.00 sys=0.00, real=0.00 secs] 
85.719: [GC (Allocation Failure) [PSYoungGen: 139872K->96K(135680K)] 141864K->2088K(310784K), 0.0005211 secs] [Times: user=0.00 sys=0.00, real=0.00 secs] 
85.782: [GC (Allocation Failure) [PSYoungGen: 135264K->96K(131584K)] 137256K->2088K(306688K), 0.0005263 secs] [Times: user=0.00 sys=0.00, real=0.00 secs] 
85.843: [GC (Allocation Failure) [PSYoungGen: 131168K->96K(127488K)] 133160K->2088K(302592K), 0.0005080 secs] [Times: user=0.00 sys=0.00, real=0.00 secs] 
85.902: [GC (Allocation Failure) [PSYoungGen: 127072K->96K(123392K)] 129064K->2088K(298496K), 0.0005161 secs] [Times: user=0.00 sys=0.00, real=0.00 secs] 
85.960: [GC (Allocation Failure) [PSYoungGen: 122976K->96K(119808K)] 124968K->2088K(294912K), 0.0005089 secs] [Times: user=0.00 sys=0.00, real=0.00 secs] 
86.015: [GC (Allocation Failure) [PSYoungGen: 119392K->96K(116224K)] 121384K->2088K(291328K), 0.0005045 secs] [Times: user=0.00 sys=0.00, real=0.00 secs] 
86.069: [GC (Allocation Failure) [PSYoungGen: 115808K->64K(112640K)] 117800K->2056K(287744K), 0.0005077 secs] [Times: user=0.00 sys=0.00, real=0.00 secs] 
86.122: [GC (Allocation Failure) [PSYoungGen: 112192K->96K(109568K)] 114184K->2088K(284672K), 0.0005299 secs] [Times: user=0.00 sys=0.00, real=0.00 secs] 
86.173: [GC (Allocation Failure) [PSYoungGen: 109152K->64K(106496K)] 111144K->2056K(281600K), 0.0004958 secs] [Times: user=0.01 sys=0.00, real=0.00 secs] 
86.223: [GC (Allocation Failure) [PSYoungGen: 106048K->64K(103424K)] 108040K->2056K(278528K), 0.0005204 secs] [Times: user=0.01 sys=0.00, real=0.00 secs] 
86.270: [GC (Allocation Failure) [PSYoungGen: 102976K->96K(100352K)] 104968K->2088K(275456K), 0.0005762 secs] [Times: user=0.00 sys=0.00, real=0.00 secs] 
86.317: [GC (Allocation Failure) [PSYoungGen: 99936K->96K(97792K)] 101928K->2088K(272896K), 0.0005281 secs] [Times: user=0.00 sys=0.00, real=0.01 secs] 
86.362: [GC (Allocation Failure) [PSYoungGen: 97376K->96K(95232K)] 99368K->2088K(270336K), 0.0005089 secs] [Times: user=0.01 sys=0.00, real=0.00 secs] 
86.406: [GC (Allocation Failure) [PSYoungGen: 94816K->96K(92672K)] 96808K->2088K(267776K), 0.0005033 secs] [Times: user=0.00 sys=0.00, real=0.00 secs] 
86.449: [GC (Allocation Failure) [PSYoungGen: 92256K->64K(90112K)] 94248K->2056K(265216K), 0.0004811 secs] [Times: user=0.00 sys=0.00, real=0.00 secs] 
86.490: [GC (Allocation Failure) [PSYoungGen: 89664K->96K(108032K)] 91656K->2088K(283136K), 0.0004845 secs] [Times: user=0.01 sys=0.00, real=0.00 secs] 
86.540: [GC (Allocation Failure) [PSYoungGen: 107616K->96K(104960K)] 109608K->2088K(280064K), 0.0005263 secs] [Times: user=0.01 sys=0.00, real=0.00 secs] 
86.589: [GC (Allocation Failure) [PSYoungGen: 104544K->96K(101888K)] 106536K->2088K(276992K), 0.0004983 secs] [Times: user=0.00 sys=0.00, real=0.00 secs] 
86.636: [GC (Allocation Failure) [PSYoungGen: 101472K->96K(98816K)] 103464K->2088K(273920K), 0.0005113 secs] [Times: user=0.00 sys=0.00, real=0.00 secs] 
86.681: [GC (Allocation Failure) [PSYoungGen: 98400K->96K(96256K)] 100392K->2088K(271360K), 0.0005151 secs] [Times: user=0.00 sys=0.00, real=0.00 secs] 
86.727: [GC (Allocation Failure) [PSYoungGen: 95840K->96K(93696K)] 97832K->2088K(268800K), 0.0005023 secs] [Times: user=0.00 sys=0.00, real=0.01 secs] 
86.770: [GC (Allocation Failure) [PSYoungGen: 93280K->96K(112640K)] 95272K->2088K(287744K), 0.0005366 secs] [Times: user=0.00 sys=0.00, real=0.00 secs] 
86.822: [GC (Allocation Failure) [PSYoungGen: 112224K->96K(109568K)] 114216K->2088K(284672K), 0.0005207 secs] [Times: user=0.00 sys=0.00, real=0.00 secs] 
86.873: [GC (Allocation Failure) [PSYoungGen: 109152K->64K(106496K)] 111144K->2056K(281600K), 0.0004918 secs] [Times: user=0.00 sys=0.00, real=0.00 secs] 
86.922: [GC (Allocation Failure) [PSYoungGen: 106048K->64K(103424K)] 108040K->2056K(278528K), 0.0005140 secs] [Times: user=0.00 sys=0.00, real=0.00 secs] 
86.970: [GC (Allocation Failure) [PSYoungGen: 102976K->96K(100352K)] 104968K->2088K(275456K), 0.0005101 secs] [Times: user=0.00 sys=0.00, real=0.00 secs] 
87.016: [GC (Allocation Failure) [PSYoungGen: 99936K->96K(97792K)] 101928K->2088K(272896K), 0.0004989 secs] [Times: user=0.00 sys=0.00, real=0.00 secs] 
87.062: [GC (Allocation Failure) [PSYoungGen: 97376K->96K(95232K)] 99368K->2088K(270336K), 0.0005250 secs] [Times: user=0.00 sys=0.00, real=0.00 secs] 
87.107: [GC (Allocation Failure) [PSYoungGen: 94816K->96K(92672K)] 96808K->2088K(267776K), 0.0005211 secs] [Times: user=0.00 sys=0.00, real=0.00 secs] 
87.150: [GC (Allocation Failure) [PSYoungGen: 92256K->64K(111104K)] 94248K->2056K(286208K), 0.0005089 secs] [Times: user=0.00 sys=0.00, real=0.00 secs] 
87.202: [GC (Allocation Failure) [PSYoungGen: 110656K->96K(108032K)] 112648K->2088K(283136K), 0.0004963 secs] [Times: user=0.00 sys=0.00, real=0.00 secs] 
87.252: [GC (Allocation Failure) [PSYoungGen: 107616K->0K(104960K)] 109608K->1992K(280064K), 0.0005005 secs] [Times: user=0.00 sys=0.00, real=0.00 secs] 
87.300: [GC (Allocation Failure) [PSYoungGen: 104448K->96K(101888K)] 106440K->2088K(276992K), 0.0005073 secs] [Times: user=0.00 sys=0.00, real=0.00 secs] 
87.348: [GC (Allocation Failure) [PSYoungGen: 101472K->96K(98816K)] 103464K->2088K(273920K), 0.0005248 secs] [Times: user=0.00 sys=0.00, real=0.00 secs] 
87.393: [GC (Allocation Failure) [PSYoungGen: 98400K->96K(96256K)] 100392K->2088K(271360K), 0.0005061 secs] [Times: user=0.00 sys=0.00, real=0.00 secs] 
87.438: [GC (Allocation Failure) [PSYoungGen: 95840K->96K(93696K)] 97832K->2088K(268800K), 0.0004976 secs] [Times: user=0.00 sys=0.00, real=0.00 secs] 
87.481: [GC (Allocation Failure) [PSYoungGen: 93280K->96K(91136K)] 95272K->2088K(266240K), 0.0004955 secs] [Times: user=0.00 sys=0.00, real=0.00 secs] 
87.523: [GC (Allocation Failure) [PSYoungGen: 90720K->64K(109568K)] 92712K->2056K(284672K), 0.0004960 secs] [Times: user=0.00 sys=0.00, real=0.00 secs] 
87.574: [GC (Allocation Failure) [PSYoungGen: 109120K->96K(106496K)] 111112K->2088K(281600K), 0.0004905 secs] [Times: user=0.00 sys=0.00, real=0.00 secs] 
87.623: [GC (Allocation Failure) [PSYoungGen: 106080K->96K(103424K)] 108072K->2088K(278528K), 0.0004934 secs] [Times: user=0.00 sys=0.00, real=0.00 secs] 
87.674: [GC (Allocation Failure) [PSYoungGen: 103008K->32K(124416K)] 105000K->2024K(299520K), 0.0021924 secs] [Times: user=0.00 sys=0.00, real=0.00 secs] 
87.755: [GC (Allocation Failure) [PSYoungGen: 123936K->32K(149504K)] 125928K->2024K(324608K), 0.0010633 secs] [Times: user=0.00 sys=0.00, real=0.00 secs] 
87.825: [GC (Allocation Failure) [PSYoungGen: 149024K->96K(179712K)] 151016K->2088K(354816K), 0.0005242 secs] [Times: user=0.00 sys=0.00, real=0.00 secs] 
87.908: [GC (Allocation Failure) [PSYoungGen: 179296K->96K(215552K)] 181288K->2088K(390656K), 0.0005453 secs] [Times: user=0.00 sys=0.00, real=0.00 secs] 
88.008: [GC (Allocation Failure) [PSYoungGen: 215136K->64K(207360K)] 217128K->2056K(382464K), 0.0005292 secs] [Times: user=0.00 sys=0.00, real=0.00 secs] 
88.105: [GC (Allocation Failure) [PSYoungGen: 206912K->96K(199680K)] 208904K->2088K(374784K), 0.0005319 secs] [Times: user=0.00 sys=0.00, real=0.00 secs] 
88.198: [GC (Allocation Failure) [PSYoungGen: 199264K->96K(192512K)] 201256K->2088K(367616K), 0.0005274 secs] [Times: user=0.00 sys=0.00, real=0.00 secs] 
88.287: [GC (Allocation Failure) [PSYoungGen: 192096K->64K(185856K)] 194088K->2056K(360960K), 0.0005420 secs] [Times: user=0.00 sys=0.00, real=0.01 secs] 
88.374: [GC (Allocation Failure) [PSYoungGen: 185408K->96K(179200K)] 187400K->2088K(354304K), 0.0005207 secs] [Times: user=0.00 sys=0.00, real=0.00 secs] 
88.456: [GC (Allocation Failure) [PSYoungGen: 178784K->96K(173056K)] 180776K->2088K(348160K), 0.0005193 secs] [Times: user=0.00 sys=0.00, real=0.00 secs] 
88.536: [GC (Allocation Failure) [PSYoungGen: 172640K->64K(166912K)] 174632K->2056K(342016K), 0.0005137 secs] [Times: user=0.00 sys=0.00, real=0.00 secs] 
88.613: [GC (Allocation Failure) [PSYoungGen: 166464K->96K(161280K)] 168456K->2088K(336384K), 0.0005260 secs] [Times: user=0.00 sys=0.00, real=0.00 secs] 
88.687: [GC (Allocation Failure) [PSYoungGen: 160864K->96K(155648K)] 162856K->2088K(330752K), 0.0005220 secs] [Times: user=0.00 sys=0.00, real=0.00 secs] 
88.759: [GC (Allocation Failure) [PSYoungGen: 155232K->96K(150528K)] 157224K->2088K(325632K), 0.0005233 secs] [Times: user=0.00 sys=0.00, real=0.00 secs] 
88.831: [GC (Allocation Failure) [PSYoungGen: 150112K->96K(145408K)] 152104K->2088K(320512K), 0.0005205 secs] [Times: user=0.01 sys=0.00, real=0.00 secs] 
88.898: [GC (Allocation Failure) [PSYoungGen: 144992K->96K(140800K)] 146984K->2088K(315904K), 0.0005217 secs] [Times: user=0.00 sys=0.00, real=0.00 secs] 
88.964: [GC (Allocation Failure) [PSYoungGen: 140384K->96K(136192K)] 142376K->2088K(311296K), 0.0005614 secs] [Times: user=0.00 sys=0.00, real=0.00 secs] 
89.026: [GC (Allocation Failure) [PSYoungGen: 135776K->96K(132096K)] 137768K->2088K(307200K), 0.0005089 secs] [Times: user=0.00 sys=0.00, real=0.00 secs] 
89.087: [GC (Allocation Failure) [PSYoungGen: 131680K->96K(128000K)] 133672K->2088K(303104K), 0.0005154 secs] [Times: user=0.00 sys=0.00, real=0.00 secs] 
89.148: [GC (Allocation Failure) [PSYoungGen: 127584K->96K(123904K)] 129576K->2088K(299008K), 0.0005295 secs] [Times: user=0.00 sys=0.00, real=0.00 secs] 
89.205: [GC (Allocation Failure) [PSYoungGen: 123488K->96K(120320K)] 125480K->2088K(295424K), 0.0005484 secs] [Times: user=0.00 sys=0.00, real=0.00 secs] 
89.261: [GC (Allocation Failure) [PSYoungGen: 119904K->96K(116736K)] 121896K->2088K(291840K), 0.0005073 secs] [Times: user=0.00 sys=0.00, real=0.00 secs] 
89.315: [GC (Allocation Failure) [PSYoungGen: 116320K->96K(113152K)] 118312K->2088K(288256K), 0.0005066 secs] [Times: user=0.00 sys=0.00, real=0.00 secs] 
89.367: [GC (Allocation Failure) [PSYoungGen: 112736K->96K(110080K)] 114728K->2088K(285184K), 0.0005180 secs] [Times: user=0.00 sys=0.00, real=0.01 secs] 
89.418: [GC (Allocation Failure) [PSYoungGen: 109664K->96K(107008K)] 111656K->2088K(282112K), 0.0004903 secs] [Times: user=0.01 sys=0.00, real=0.00 secs] 
89.467: [GC (Allocation Failure) [PSYoungGen: 106592K->96K(103936K)] 108584K->2088K(279040K), 0.0005281 secs] [Times: user=0.01 sys=0.00, real=0.01 secs] 
89.515: [GC (Allocation Failure) [PSYoungGen: 103520K->96K(100864K)] 105512K->2088K(275968K), 0.0004871 secs] [Times: user=0.00 sys=0.00, real=0.00 secs] 
89.562: [GC (Allocation Failure) [PSYoungGen: 100448K->96K(98304K)] 102440K->2088K(273408K), 0.0005192 secs] [Times: user=0.00 sys=0.00, real=0.00 secs] 
89.607: [GC (Allocation Failure) [PSYoungGen: 97888K->96K(95744K)] 99880K->2088K(270848K), 0.0004912 secs] [Times: user=0.00 sys=0.00, real=0.01 secs] 
89.651: [GC (Allocation Failure) [PSYoungGen: 95328K->96K(93184K)] 97320K->2088K(268288K), 0.0005018 secs] [Times: user=0.00 sys=0.00, real=0.00 secs] 
89.694: [GC (Allocation Failure) [PSYoungGen: 92768K->96K(90624K)] 94760K->2088K(265728K), 0.0004982 secs] [Times: user=0.00 sys=0.00, real=0.00 secs] 
89.736: [GC (Allocation Failure) [PSYoungGen: 90208K->96K(109056K)] 92200K->2088K(284160K), 0.0005547 secs] [Times: user=0.00 sys=0.00, real=0.00 secs] 
89.787: [GC (Allocation Failure) [PSYoungGen: 108640K->96K(105984K)] 110632K->2088K(281088K), 0.0005059 secs] [Times: user=0.00 sys=0.00, real=0.01 secs] 
89.837: [GC (Allocation Failure) [PSYoungGen: 105568K->96K(102912K)] 107560K->2088K(278016K), 0.0005103 secs] [Times: user=0.00 sys=0.00, real=0.01 secs] 
89.885: [GC (Allocation Failure) [PSYoungGen: 102496K->96K(99840K)] 104488K->2088K(274944K), 0.0005072 secs] [Times: user=0.00 sys=0.00, real=0.00 secs] 
89.931: [GC (Allocation Failure) [PSYoungGen: 99424K->96K(119808K)] 101416K->2088K(294912K), 0.0005804 secs] [Times: user=0.00 sys=0.00, real=0.00 secs] 
89.986: [GC (Allocation Failure) [PSYoungGen: 119392K->96K(116224K)] 121384K->2088K(291328K), 0.0005027 secs] [Times: user=0.00 sys=0.00, real=0.00 secs] 
90.040: [GC (Allocation Failure) [PSYoungGen: 115808K->96K(112640K)] 117800K->2088K(287744K), 0.0005013 secs] [Times: user=0.00 sys=0.00, real=0.00 secs] 
90.092: [GC (Allocation Failure) [PSYoungGen: 112224K->32K(109568K)] 114216K->2024K(284672K), 0.0006596 secs] [Times: user=0.01 sys=0.00, real=0.00 secs] 
90.144: [GC (Allocation Failure) [PSYoungGen: 109088K->96K(106496K)] 111080K->2088K(281600K), 0.0005049 secs] [Times: user=0.00 sys=0.00, real=0.00 secs] 
90.193: [GC (Allocation Failure) [PSYoungGen: 106080K->64K(103424K)] 108072K->2056K(278528K), 0.0005122 secs] [Times: user=0.00 sys=0.00, real=0.00 secs] 
90.242: [GC (Allocation Failure) [PSYoungGen: 102976K->96K(100352K)] 104968K->2088K(275456K), 0.0005210 secs] [Times: user=0.00 sys=0.00, real=0.00 secs] 
90.290: [GC (Allocation Failure) [PSYoungGen: 99936K->96K(120320K)] 101928K->2088K(295424K), 0.0006292 secs] [Times: user=0.00 sys=0.00, real=0.00 secs] 
90.347: [GC (Allocation Failure) [PSYoungGen: 119904K->96K(116736K)] 121896K->2112K(291840K), 0.0005413 secs] [Times: user=0.01 sys=0.00, real=0.00 secs] 
90.402: [GC (Allocation Failure) [PSYoungGen: 116320K->96K(113152K)] 118336K->2112K(288256K), 0.0005377 secs] [Times: user=0.00 sys=0.00, real=0.00 secs] 
90.457: [GC (Allocation Failure) [PSYoungGen: 112736K->32K(110080K)] 114752K->2048K(285184K), 0.0005483 secs] [Times: user=0.01 sys=0.00, real=0.01 secs] 
90.508: [GC (Allocation Failure) [PSYoungGen: 109600K->96K(107008K)] 111616K->2112K(282112K), 0.0005055 secs] [Times: user=0.00 sys=0.00, real=0.00 secs] 
90.557: [GC (Allocation Failure) [PSYoungGen: 106592K->64K(103936K)] 108608K->2080K(279040K), 0.0005217 secs] [Times: user=0.00 sys=0.00, real=0.00 secs] 
90.605: [GC (Allocation Failure) [PSYoungGen: 103488K->96K(100864K)] 105504K->2112K(275968K), 0.0005170 secs] [Times: user=0.00 sys=0.00, real=0.00 secs] 
90.652: [GC (Allocation Failure) [PSYoungGen: 100448K->96K(98304K)] 102464K->2112K(273408K), 0.0004962 secs] [Times: user=0.00 sys=0.00, real=0.00 secs] 
90.697: [GC (Allocation Failure) [PSYoungGen: 97888K->96K(95744K)] 99904K->2112K(270848K), 0.0005060 secs] [Times: user=0.00 sys=0.00, real=0.00 secs] 
90.742: [GC (Allocation Failure) [PSYoungGen: 95328K->96K(93184K)] 97344K->2112K(268288K), 0.0005147 secs] [Times: user=0.00 sys=0.00, real=0.00 secs] 
90.792: [GC (Allocation Failure) [PSYoungGen: 92768K->64K(90624K)] 94784K->2080K(265728K), 0.0005154 secs] [Times: user=0.00 sys=0.00, real=0.00 secs] 
90.835: [GC (Allocation Failure) [PSYoungGen: 90176K->64K(109056K)] 92192K->2080K(284160K), 0.0005541 secs] [Times: user=0.00 sys=0.00, real=0.00 secs] 
90.886: [GC (Allocation Failure) [PSYoungGen: 108608K->96K(105984K)] 110624K->2112K(281088K), 0.0005054 secs] [Times: user=0.00 sys=0.00, real=0.00 secs] 
90.935: [GC (Allocation Failure) [PSYoungGen: 105568K->96K(102912K)] 107584K->2112K(278016K), 0.0005022 secs] [Times: user=0.01 sys=0.00, real=0.00 secs] 
90.984: [GC (Allocation Failure) [PSYoungGen: 102496K->96K(99840K)] 104512K->2112K(274944K), 0.0005226 secs] [Times: user=0.01 sys=0.00, real=0.00 secs] 
91.030: [GC (Allocation Failure) [PSYoungGen: 99424K->96K(97280K)] 101440K->2112K(272384K), 0.0005163 secs] [Times: user=0.00 sys=0.00, real=0.00 secs] 
91.076: [GC (Allocation Failure) [PSYoungGen: 96864K->96K(94720K)] 98880K->2112K(269824K), 0.0005219 secs] [Times: user=0.00 sys=0.00, real=0.00 secs] 
91.121: [GC (Allocation Failure) [PSYoungGen: 94304K->64K(113664K)] 96320K->2080K(288768K), 0.0005313 secs] [Times: user=0.00 sys=0.00, real=0.00 secs] 
91.174: [GC (Allocation Failure) [PSYoungGen: 113216K->96K(110592K)] 115232K->2112K(285696K), 0.0005266 secs] [Times: user=0.00 sys=0.00, real=0.00 secs] 
91.225: [GC (Allocation Failure) [PSYoungGen: 110176K->96K(107520K)] 112192K->2112K(282624K), 0.0005000 secs] [Times: user=0.00 sys=0.00, real=0.00 secs] 
91.275: [GC (Allocation Failure) [PSYoungGen: 107104K->96K(104448K)] 109120K->2112K(279552K), 0.0005329 secs] [Times: user=0.00 sys=0.00, real=0.00 secs] 
91.323: [GC (Allocation Failure) [PSYoungGen: 104032K->96K(101376K)] 106048K->2112K(276480K), 0.0005082 secs] [Times: user=0.00 sys=0.00, real=0.00 secs] 
91.370: [GC (Allocation Failure) [PSYoungGen: 100960K->64K(98816K)] 102976K->2080K(273920K), 0.0005213 secs] [Times: user=0.00 sys=0.00, real=0.00 secs] 
91.416: [GC (Allocation Failure) [PSYoungGen: 98368K->96K(96256K)] 100384K->2112K(271360K), 0.0004994 secs] [Times: user=0.00 sys=0.00, real=0.00 secs] 
91.460: [GC (Allocation Failure) [PSYoungGen: 95840K->96K(93696K)] 97856K->2112K(268800K), 0.0004874 secs] [Times: user=0.01 sys=0.00, real=0.00 secs] 
91.504: [GC (Allocation Failure) [PSYoungGen: 93280K->64K(91136K)] 95296K->2080K(266240K), 0.0005057 secs] [Times: user=0.00 sys=0.00, real=0.00 secs] 
91.546: [GC (Allocation Failure) [PSYoungGen: 90688K->96K(109568K)] 92704K->2112K(284672K), 0.0004658 secs] [Times: user=0.00 sys=0.00, real=0.00 secs] 
91.597: [GC (Allocation Failure) [PSYoungGen: 109152K->96K(106496K)] 111168K->2112K(281600K), 0.0005357 secs] [Times: user=0.00 sys=0.00, real=0.01 secs] 
91.646: [GC (Allocation Failure) [PSYoungGen: 106080K->96K(103424K)] 108096K->2112K(278528K), 0.0004823 secs] [Times: user=0.00 sys=0.00, real=0.00 secs] 
91.694: [GC (Allocation Failure) [PSYoungGen: 103008K->96K(100352K)] 105024K->2112K(275456K), 0.0005238 secs] [Times: user=0.00 sys=0.00, real=0.00 secs] 
91.741: [GC (Allocation Failure) [PSYoungGen: 99936K->96K(97792K)] 101952K->2112K(272896K), 0.0005234 secs] [Times: user=0.00 sys=0.00, real=0.00 secs] 
91.786: [GC (Allocation Failure) [PSYoungGen: 97376K->64K(95232K)] 99392K->2080K(270336K), 0.0005104 secs] [Times: user=0.00 sys=0.00, real=0.00 secs] 
91.830: [GC (Allocation Failure) [PSYoungGen: 94784K->32K(92672K)] 96800K->2048K(267776K), 0.0005052 secs] [Times: user=0.00 sys=0.00, real=0.00 secs] 
91.873: [GC (Allocation Failure) [PSYoungGen: 92192K->96K(111104K)] 94208K->2112K(286208K), 0.0005119 secs] [Times: user=0.00 sys=0.00, real=0.00 secs] 
91.924: [GC (Allocation Failure) [PSYoungGen: 110688K->96K(108032K)] 112704K->2112K(283136K), 0.0005026 secs] [Times: user=0.00 sys=0.00, real=0.00 secs] 
91.974: [GC (Allocation Failure) [PSYoungGen: 107616K->64K(104960K)] 109632K->2080K(280064K), 0.0005053 secs] [Times: user=0.00 sys=0.00, real=0.00 secs] 
92.023: [GC (Allocation Failure) [PSYoungGen: 104512K->96K(101888K)] 106528K->2112K(276992K), 0.0005202 secs] [Times: user=0.00 sys=0.00, real=0.00 secs] 
92.070: [GC (Allocation Failure) [PSYoungGen: 101471K->96K(98816K)] 103487K->2112K(273920K), 0.0005143 secs] [Times: user=0.00 sys=0.00, real=0.00 secs] 
92.118: [GC (Allocation Failure) [PSYoungGen: 98400K->96K(96256K)] 100416K->2112K(271360K), 0.0005213 secs] [Times: user=0.00 sys=0.00, real=0.00 secs] 
92.163: [GC (Allocation Failure) [PSYoungGen: 95840K->96K(93696K)] 97856K->2112K(268800K), 0.0005238 secs] [Times: user=0.00 sys=0.00, real=0.00 secs] 
92.207: [GC (Allocation Failure) [PSYoungGen: 93280K->96K(112640K)] 95296K->2112K(287744K), 0.0005218 secs] [Times: user=0.00 sys=0.00, real=0.01 secs] 
92.259: [GC (Allocation Failure) [PSYoungGen: 112224K->96K(109568K)] 114240K->2112K(284672K), 0.0005074 secs] [Times: user=0.00 sys=0.00, real=0.00 secs] 
92.309: [GC (Allocation Failure) [PSYoungGen: 109152K->96K(106496K)] 111168K->2112K(281600K), 0.0004850 secs] [Times: user=0.00 sys=0.00, real=0.00 secs] 
92.358: [GC (Allocation Failure) [PSYoungGen: 106080K->96K(103424K)] 108096K->2112K(278528K), 0.0005081 secs] [Times: user=0.00 sys=0.00, real=0.00 secs] 
92.406: [GC (Allocation Failure) [PSYoungGen: 103008K->96K(100352K)] 105024K->2112K(275456K), 0.0005236 secs] [Times: user=0.00 sys=0.00, real=0.01 secs] 
92.453: [GC (Allocation Failure) [PSYoungGen: 99936K->64K(97792K)] 101952K->2080K(272896K), 0.0004947 secs] [Times: user=0.01 sys=0.00, real=0.00 secs] 
92.498: [GC (Allocation Failure) [PSYoungGen: 97344K->96K(95232K)] 99360K->2112K(270336K), 0.0004966 secs] [Times: user=0.00 sys=0.00, real=0.00 secs] 
92.542: [GC (Allocation Failure) [PSYoungGen: 94816K->96K(92672K)] 96832K->2112K(267776K), 0.0004924 secs] [Times: user=0.01 sys=0.00, real=0.00 secs] 
92.585: [GC (Allocation Failure) [PSYoungGen: 92256K->32K(90112K)] 94272K->2048K(265216K), 0.0004815 secs] [Times: user=0.00 sys=0.00, real=0.00 secs] 
92.626: [GC (Allocation Failure) [PSYoungGen: 89632K->96K(108032K)] 91648K->2112K(283136K), 0.0005026 secs] [Times: user=0.00 sys=0.00, real=0.00 secs] 
92.676: [GC (Allocation Failure) [PSYoungGen: 107616K->96K(104960K)] 109632K->2112K(280064K), 0.0005277 secs] [Times: user=0.00 sys=0.00, real=0.00 secs] 
92.725: [GC (Allocation Failure) [PSYoungGen: 104544K->96K(101888K)] 106560K->2112K(276992K), 0.0005290 secs] [Times: user=0.00 sys=0.00, real=0.00 secs] 
92.772: [GC (Allocation Failure) [PSYoungGen: 101472K->96K(98816K)] 103488K->2112K(273920K), 0.0005209 secs] [Times: user=0.00 sys=0.00, real=0.00 secs] 
92.818: [GC (Allocation Failure) [PSYoungGen: 98400K->96K(96256K)] 100416K->2112K(271360K), 0.0005244 secs] [Times: user=0.00 sys=0.00, real=0.00 secs] 
92.863: [GC (Allocation Failure) [PSYoungGen: 95840K->96K(115712K)] 97856K->2112K(290816K), 0.0005036 secs] [Times: user=0.00 sys=0.00, real=0.00 secs] 
92.916: [GC (Allocation Failure) [PSYoungGen: 115296K->96K(112128K)] 117312K->2112K(287232K), 0.0005137 secs] [Times: user=0.00 sys=0.00, real=0.00 secs] 
92.968: [GC (Allocation Failure) [PSYoungGen: 111712K->96K(109056K)] 113728K->2112K(284160K), 0.0004807 secs] [Times: user=0.01 sys=0.00, real=0.00 secs] 
93.018: [GC (Allocation Failure) [PSYoungGen: 108640K->96K(105984K)] 110656K->2112K(281088K), 0.0004963 secs] [Times: user=0.01 sys=0.00, real=0.00 secs] 
93.068: [GC (Allocation Failure) [PSYoungGen: 105568K->96K(102912K)] 107584K->2112K(278016K), 0.0005129 secs] [Times: user=0.01 sys=0.00, real=0.00 secs] 
93.117: [GC (Allocation Failure) [PSYoungGen: 102496K->96K(99840K)] 104512K->2112K(274944K), 0.0005170 secs] [Times: user=0.00 sys=0.01, real=0.01 secs] 
93.163: [GC (Allocation Failure) [PSYoungGen: 99424K->64K(97280K)] 101440K->2080K(272384K), 0.0005175 secs] [Times: user=0.00 sys=0.00, real=0.00 secs] 
93.208: [GC (Allocation Failure) [PSYoungGen: 96832K->96K(94720K)] 98848K->2112K(269824K), 0.0004833 secs] [Times: user=0.00 sys=0.00, real=0.00 secs] 
93.253: [GC (Allocation Failure) [PSYoungGen: 94304K->96K(92160K)] 96320K->2112K(267264K), 0.0005081 secs] [Times: user=0.00 sys=0.00, real=0.00 secs] 
93.295: [GC (Allocation Failure) [PSYoungGen: 91744K->96K(89600K)] 93760K->2112K(264704K), 0.0005164 secs] [Times: user=0.00 sys=0.00, real=0.00 secs] 
93.337: [GC (Allocation Failure) [PSYoungGen: 89184K->96K(107520K)] 91200K->2112K(282624K), 0.0005052 secs] [Times: user=0.00 sys=0.00, real=0.00 secs] 
93.388: [GC (Allocation Failure) [PSYoungGen: 107104K->96K(104448K)] 109120K->2112K(279552K), 0.0005250 secs] [Times: user=0.00 sys=0.00, real=0.00 secs] 
93.437: [GC (Allocation Failure) [PSYoungGen: 104032K->96K(101376K)] 106048K->2112K(276480K), 0.0005034 secs] [Times: user=0.00 sys=0.00, real=0.01 secs] 
93.483: [GC (Allocation Failure) [PSYoungGen: 100960K->96K(98816K)] 102976K->2112K(273920K), 0.0005144 secs] [Times: user=0.00 sys=0.00, real=0.00 secs] 
93.529: [GC (Allocation Failure) [PSYoungGen: 98400K->96K(96256K)] 100416K->2112K(271360K), 0.0004934 secs] [Times: user=0.00 sys=0.00, real=0.00 secs] 
93.573: [GC (Allocation Failure) [PSYoungGen: 95840K->96K(93696K)] 97856K->2112K(268800K), 0.0004949 secs] [Times: user=0.01 sys=0.00, real=0.00 secs] 
93.617: [GC (Allocation Failure) [PSYoungGen: 93280K->64K(91136K)] 95296K->2080K(266240K), 0.0004963 secs] [Times: user=0.00 sys=0.00, real=0.01 secs] 
93.659: [GC (Allocation Failure) [PSYoungGen: 90688K->96K(109568K)] 92704K->2112K(284672K), 0.0005282 secs] [Times: user=0.00 sys=0.00, real=0.00 secs] 
93.710: [GC (Allocation Failure) [PSYoungGen: 109152K->96K(131584K)] 111168K->2112K(306688K), 0.0005255 secs] [Times: user=0.00 sys=0.00, real=0.00 secs] 
93.771: [GC (Allocation Failure) [PSYoungGen: 131168K->64K(127488K)] 133184K->2080K(302592K), 0.0004950 secs] [Times: user=0.00 sys=0.00, real=0.00 secs] 
93.829: [GC (Allocation Failure) [PSYoungGen: 127040K->96K(123392K)] 129056K->2112K(298496K), 0.0004969 secs] [Times: user=0.00 sys=0.00, real=0.00 secs] 
93.886: [GC (Allocation Failure) [PSYoungGen: 122976K->64K(119808K)] 124992K->2080K(294912K), 0.0005188 secs] [Times: user=0.00 sys=0.00, real=0.00 secs] 
93.942: [GC (Allocation Failure) [PSYoungGen: 119360K->96K(116224K)] 121376K->2112K(291328K), 0.0005220 secs] [Times: user=0.00 sys=0.00, real=0.00 secs] 
93.995: [GC (Allocation Failure) [PSYoungGen: 115808K->64K(112640K)] 117824K->2080K(287744K), 0.0005082 secs] [Times: user=0.00 sys=0.00, real=0.00 secs] 
94.047: [GC (Allocation Failure) [PSYoungGen: 112192K->96K(109568K)] 114208K->2112K(284672K), 0.0005040 secs] [Times: user=0.00 sys=0.00, real=0.00 secs] 
94.098: [GC (Allocation Failure) [PSYoungGen: 109152K->96K(131584K)] 111168K->2112K(306688K), 0.0012850 secs] [Times: user=0.01 sys=0.00, real=0.00 secs] 
94.160: [GC (Allocation Failure) [PSYoungGen: 131168K->96K(158208K)] 133184K->2112K(333312K), 0.0005363 secs] [Times: user=0.00 sys=0.00, real=0.00 secs] 
94.234: [GC (Allocation Failure) [PSYoungGen: 157792K->96K(153088K)] 159808K->2112K(328192K), 0.0005237 secs] [Times: user=0.00 sys=0.00, real=0.00 secs] 
94.305: [GC (Allocation Failure) [PSYoungGen: 152672K->64K(147968K)] 154688K->2080K(323072K), 0.0006976 secs] [Times: user=0.00 sys=0.00, real=0.00 secs] 
94.373: [GC (Allocation Failure) [PSYoungGen: 147520K->96K(143360K)] 149536K->2112K(318464K), 0.0005074 secs] [Times: user=0.00 sys=0.00, real=0.00 secs] 
94.439: [GC (Allocation Failure) [PSYoungGen: 142944K->64K(138752K)] 144960K->2080K(313856K), 0.0005340 secs] [Times: user=0.00 sys=0.00, real=0.00 secs] 
94.503: [GC (Allocation Failure) [PSYoungGen: 138304K->32K(134144K)] 140320K->2048K(309248K), 0.0004858 secs] [Times: user=0.00 sys=0.00, real=0.00 secs] 
94.565: [GC (Allocation Failure) [PSYoungGen: 133664K->96K(130048K)] 135680K->2112K(305152K), 0.0005137 secs] [Times: user=0.00 sys=0.00, real=0.00 secs] 
94.625: [GC (Allocation Failure) [PSYoungGen: 129632K->96K(125952K)] 131648K->2112K(301056K), 0.0004966 secs] [Times: user=0.00 sys=0.00, real=0.00 secs] 
94.683: [GC (Allocation Failure) [PSYoungGen: 125536K->96K(121856K)] 127552K->2112K(296960K), 0.0004853 secs] [Times: user=0.00 sys=0.00, real=0.00 secs] 
94.739: [GC (Allocation Failure) [PSYoungGen: 121440K->64K(118272K)] 123456K->2080K(293376K), 0.0005238 secs] [Times: user=0.00 sys=0.00, real=0.00 secs] 
94.794: [GC (Allocation Failure) [PSYoungGen: 117824K->96K(114688K)] 119840K->2112K(289792K), 0.0005206 secs] [Times: user=0.01 sys=0.00, real=0.00 secs] 
94.847: [GC (Allocation Failure) [PSYoungGen: 114272K->96K(111104K)] 116288K->2112K(286208K), 0.0005239 secs] [Times: user=0.00 sys=0.00, real=0.00 secs] 
94.899: [GC (Allocation Failure) [PSYoungGen: 110688K->96K(108032K)] 112704K->2112K(283136K), 0.0004857 secs] [Times: user=0.00 sys=0.00, real=0.00 secs] 
94.949: [GC (Allocation Failure) [PSYoungGen: 107616K->96K(104960K)] 109632K->2112K(280064K), 0.0005107 secs] [Times: user=0.00 sys=0.00, real=0.00 secs] 
94.997: [GC (Allocation Failure) [PSYoungGen: 104544K->64K(101888K)] 106560K->2080K(276992K), 0.0004997 secs] [Times: user=0.00 sys=0.00, real=0.00 secs] 
95.044: [GC (Allocation Failure) [PSYoungGen: 101440K->64K(98816K)] 103456K->2080K(273920K), 0.0005099 secs] [Times: user=0.00 sys=0.00, real=0.00 secs] 
95.090: [GC (Allocation Failure) [PSYoungGen: 98368K->32K(96256K)] 100384K->2048K(271360K), 0.0004695 secs] [Times: user=0.00 sys=0.00, real=0.00 secs] 
95.136: [GC (Allocation Failure) [PSYoungGen: 95776K->96K(93696K)] 97792K->2112K(268800K), 0.0005211 secs] [Times: user=0.00 sys=0.00, real=0.00 secs] 
95.180: [GC (Allocation Failure) [PSYoungGen: 93280K->96K(91136K)] 95296K->2112K(266240K), 0.0005263 secs] [Times: user=0.00 sys=0.00, real=0.00 secs] 
95.222: [GC (Allocation Failure) [PSYoungGen: 90720K->96K(88576K)] 92736K->2112K(263680K), 0.0005197 secs] [Times: user=0.00 sys=0.00, real=0.00 secs] 
95.263: [GC (Allocation Failure) [PSYoungGen: 88160K->96K(106496K)] 90176K->2112K(281600K), 0.0004794 secs] [Times: user=0.00 sys=0.00, real=0.00 secs] 
95.312: [GC (Allocation Failure) [PSYoungGen: 106080K->96K(103424K)] 108096K->2112K(278528K), 0.0005066 secs] [Times: user=0.00 sys=0.00, real=0.00 secs] 
95.360: [GC (Allocation Failure) [PSYoungGen: 103008K->96K(100352K)] 105024K->2112K(275456K), 0.0005161 secs] [Times: user=0.01 sys=0.00, real=0.00 secs] 
95.407: [GC (Allocation Failure) [PSYoungGen: 99936K->96K(97792K)] 101952K->2112K(272896K), 0.0005196 secs] [Times: user=0.00 sys=0.00, real=0.01 secs] 
95.453: [GC (Allocation Failure) [PSYoungGen: 97376K->96K(95232K)] 99392K->2112K(270336K), 0.0005200 secs] [Times: user=0.00 sys=0.00, real=0.00 secs] 
95.497: [GC (Allocation Failure) [PSYoungGen: 94816K->96K(114176K)] 96832K->2112K(289280K), 0.0004943 secs] [Times: user=0.00 sys=0.01, real=0.01 secs] 
95.549: [GC (Allocation Failure) [PSYoungGen: 113760K->96K(110592K)] 115776K->2112K(285696K), 0.0005247 secs] [Times: user=0.01 sys=0.00, real=0.00 secs] 
95.600: [GC (Allocation Failure) [PSYoungGen: 110176K->96K(107520K)] 112192K->2112K(282624K), 0.0005104 secs] [Times: user=0.00 sys=0.00, real=0.00 secs] 
95.650: [GC (Allocation Failure) [PSYoungGen: 107104K->96K(104448K)] 109120K->2112K(279552K), 0.0004816 secs] [Times: user=0.00 sys=0.00, real=0.00 secs] 
95.698: [GC (Allocation Failure) [PSYoungGen: 104032K->96K(101376K)] 106048K->2112K(276480K), 0.0005340 secs] [Times: user=0.00 sys=0.00, real=0.00 secs] 
95.745: [GC (Allocation Failure) [PSYoungGen: 100960K->96K(98816K)] 102976K->2112K(273920K), 0.0005070 secs] [Times: user=0.00 sys=0.00, real=0.00 secs] 
95.791: [GC (Allocation Failure) [PSYoungGen: 98400K->96K(96256K)] 100416K->2112K(271360K), 0.0005377 secs] [Times: user=0.00 sys=0.00, real=0.00 secs] 
95.836: [GC (Allocation Failure) [PSYoungGen: 95840K->96K(93696K)] 97856K->2112K(268800K), 0.0005091 secs] [Times: user=0.00 sys=0.00, real=0.00 secs] 
95.879: [GC (Allocation Failure) [PSYoungGen: 93280K->96K(112640K)] 95296K->2112K(287744K), 0.0005076 secs] [Times: user=0.00 sys=0.00, real=0.00 secs] 
95.931: [GC (Allocation Failure) [PSYoungGen: 112224K->96K(109568K)] 114240K->2112K(284672K), 0.0005075 secs] [Times: user=0.00 sys=0.00, real=0.00 secs] 
95.981: [GC (Allocation Failure) [PSYoungGen: 109152K->96K(106496K)] 111168K->2112K(281600K), 0.0005236 secs] [Times: user=0.00 sys=0.00, real=0.00 secs] 
96.030: [GC (Allocation Failure) [PSYoungGen: 106080K->96K(103424K)] 108096K->2112K(278528K), 0.0004973 secs] [Times: user=0.00 sys=0.00, real=0.00 secs] 
96.078: [GC (Allocation Failure) [PSYoungGen: 103008K->96K(100352K)] 105024K->2112K(275456K), 0.0005198 secs] [Times: user=0.00 sys=0.00, real=0.00 secs] 
96.126: [GC (Allocation Failure) [PSYoungGen: 99936K->96K(97792K)] 101952K->2112K(272896K), 0.0005271 secs] [Times: user=0.00 sys=0.00, real=0.01 secs] 
96.172: [GC (Allocation Failure) [PSYoungGen: 97376K->96K(95232K)] 99392K->2112K(270336K), 0.0005191 secs] [Times: user=0.00 sys=0.00, real=0.00 secs] 
96.216: [GC (Allocation Failure) [PSYoungGen: 94816K->64K(92672K)] 96832K->2080K(267776K), 0.0005238 secs] [Times: user=0.00 sys=0.00, real=0.01 secs] 
96.259: [GC (Allocation Failure) [PSYoungGen: 92224K->96K(111104K)] 94240K->2112K(286208K), 0.0005009 secs] [Times: user=0.00 sys=0.00, real=0.00 secs] 
96.311: [GC (Allocation Failure) [PSYoungGen: 110688K->96K(108032K)] 112704K->2112K(283136K), 0.0005032 secs] [Times: user=0.00 sys=0.00, real=0.00 secs] 
96.360: [GC (Allocation Failure) [PSYoungGen: 107616K->64K(104960K)] 109632K->2080K(280064K), 0.0005054 secs] [Times: user=0.00 sys=0.00, real=0.00 secs] 
96.409: [GC (Allocation Failure) [PSYoungGen: 104512K->96K(101888K)] 106528K->2112K(276992K), 0.0004987 secs] [Times: user=0.00 sys=0.00, real=0.00 secs] 
96.456: [GC (Allocation Failure) [PSYoungGen: 101472K->96K(98816K)] 103488K->2112K(273920K), 0.0005183 secs] [Times: user=0.00 sys=0.00, real=0.00 secs] 
96.502: [GC (Allocation Failure) [PSYoungGen: 98400K->96K(96256K)] 100416K->2112K(271360K), 0.0004950 secs] [Times: user=0.00 sys=0.00, real=0.00 secs] 
96.546: [GC (Allocation Failure) [PSYoungGen: 95840K->96K(93696K)] 97856K->2112K(268800K), 0.0005094 secs] [Times: user=0.00 sys=0.00, real=0.00 secs] 
96.590: [GC (Allocation Failure) [PSYoungGen: 93280K->96K(112640K)] 95296K->2112K(287744K), 0.0005116 secs] [Times: user=0.01 sys=0.00, real=0.00 secs] 
96.642: [GC (Allocation Failure) [PSYoungGen: 112224K->96K(109568K)] 114240K->2112K(284672K), 0.0005133 secs] [Times: user=0.00 sys=0.00, real=0.00 secs] 
96.692: [GC (Allocation Failure) [PSYoungGen: 109152K->64K(106496K)] 111168K->2080K(281600K), 0.0004794 secs] [Times: user=0.00 sys=0.00, real=0.00 secs] 
96.742: [GC (Allocation Failure) [PSYoungGen: 106048K->64K(103424K)] 108064K->2080K(278528K), 0.0005257 secs] [Times: user=0.00 sys=0.00, real=0.00 secs] 
96.790: [GC (Allocation Failure) [PSYoungGen: 102976K->96K(100352K)] 104992K->2112K(275456K), 0.0005153 secs] [Times: user=0.00 sys=0.00, real=0.00 secs] 
96.836: [GC (Allocation Failure) [PSYoungGen: 99936K->96K(97792K)] 101952K->2112K(272896K), 0.0005077 secs] [Times: user=0.00 sys=0.00, real=0.00 secs] 
96.881: [GC (Allocation Failure) [PSYoungGen: 97376K->64K(95232K)] 99392K->2080K(270336K), 0.0005101 secs] [Times: user=0.00 sys=0.00, real=0.00 secs] 
96.926: [GC (Allocation Failure) [PSYoungGen: 94784K->96K(92672K)] 96800K->2112K(267776K), 0.0004931 secs] [Times: user=0.00 sys=0.00, real=0.00 secs] 
96.969: [GC (Allocation Failure) [PSYoungGen: 92256K->64K(111104K)] 94272K->2080K(286208K), 0.0005175 secs] [Times: user=0.00 sys=0.00, real=0.00 secs] 
97.020: [GC (Allocation Failure) [PSYoungGen: 110656K->64K(108032K)] 112672K->2080K(283136K), 0.0005288 secs] [Times: user=0.00 sys=0.00, real=0.00 secs] 
97.070: [GC (Allocation Failure) [PSYoungGen: 107584K->0K(104960K)] 109600K->2016K(280064K), 0.0005113 secs] [Times: user=0.00 sys=0.00, real=0.00 secs] 
97.120: [GC (Allocation Failure) [PSYoungGen: 104448K->96K(101888K)] 106464K->2112K(276992K), 0.0005337 secs] [Times: user=0.00 sys=0.00, real=0.00 secs] 
97.167: [GC (Allocation Failure) [PSYoungGen: 101472K->96K(98816K)] 103488K->2112K(273920K), 0.0005181 secs] [Times: user=0.00 sys=0.00, real=0.00 secs] 
97.214: [GC (Allocation Failure) [PSYoungGen: 98400K->96K(96256K)] 100416K->2112K(271360K), 0.0005241 secs] [Times: user=0.00 sys=0.00, real=0.00 secs] 
97.258: [GC (Allocation Failure) [PSYoungGen: 95840K->96K(93696K)] 97856K->2112K(268800K), 0.0005072 secs] [Times: user=0.00 sys=0.00, real=0.00 secs] 
97.302: [GC (Allocation Failure) [PSYoungGen: 93280K->96K(112640K)] 95296K->2112K(287744K), 0.0004991 secs] [Times: user=0.00 sys=0.00, real=0.00 secs] 
97.354: [GC (Allocation Failure) [PSYoungGen: 112224K->96K(109568K)] 114240K->2112K(284672K), 0.0005225 secs] [Times: user=0.01 sys=0.00, real=0.00 secs] 
97.404: [GC (Allocation Failure) [PSYoungGen: 109152K->96K(106496K)] 111168K->2112K(281600K), 0.0004795 secs] [Times: user=0.00 sys=0.00, real=0.00 secs] 
97.454: [GC (Allocation Failure) [PSYoungGen: 106080K->96K(103424K)] 108096K->2112K(278528K), 0.0005080 secs] [Times: user=0.01 sys=0.00, real=0.00 secs] 
97.501: [GC (Allocation Failure) [PSYoungGen: 103008K->96K(100352K)] 105024K->2112K(275456K), 0.0004798 secs] [Times: user=0.00 sys=0.00, real=0.00 secs] 
97.548: [GC (Allocation Failure) [PSYoungGen: 99936K->32K(97792K)] 101952K->2048K(272896K), 0.0004963 secs] [Times: user=0.00 sys=0.00, real=0.00 secs] 
97.594: [GC (Allocation Failure) [PSYoungGen: 97312K->96K(95232K)] 99328K->2112K(270336K), 0.0005027 secs] [Times: user=0.00 sys=0.00, real=0.00 secs] 
97.638: [GC (Allocation Failure) [PSYoungGen: 94816K->96K(92672K)] 96832K->2112K(267776K), 0.0005369 secs] [Times: user=0.00 sys=0.00, real=0.00 secs] 
97.681: [GC (Allocation Failure) [PSYoungGen: 92256K->96K(90112K)] 94272K->2112K(265216K), 0.0005120 secs] [Times: user=0.01 sys=0.00, real=0.00 secs] 
97.723: [GC (Allocation Failure) [PSYoungGen: 89696K->64K(108032K)] 91712K->2080K(283136K), 0.0004925 secs] [Times: user=0.00 sys=0.00, real=0.00 secs] 
97.773: [GC (Allocation Failure) [PSYoungGen: 107584K->64K(104960K)] 109600K->2080K(280064K), 0.0005115 secs] [Times: user=0.00 sys=0.00, real=0.00 secs] 
97.821: [GC (Allocation Failure) [PSYoungGen: 104512K->64K(101888K)] 106528K->2080K(276992K), 0.0005307 secs] [Times: user=0.00 sys=0.01, real=0.00 secs] 
97.869: [GC (Allocation Failure) [PSYoungGen: 101440K->96K(98816K)] 103456K->2112K(273920K), 0.0005182 secs] [Times: user=0.00 sys=0.00, real=0.00 secs] 
97.914: [GC (Allocation Failure) [PSYoungGen: 98400K->96K(96256K)] 100416K->2112K(271360K), 0.0005046 secs] [Times: user=0.00 sys=0.00, real=0.00 secs] 
97.959: [GC (Allocation Failure) [PSYoungGen: 95840K->96K(115712K)] 97856K->2112K(290816K), 0.0005182 secs] [Times: user=0.01 sys=0.00, real=0.00 secs] 
98.012: [GC (Allocation Failure) [PSYoungGen: 115296K->96K(112128K)] 117312K->2112K(287232K), 0.0005302 secs] [Times: user=0.00 sys=0.00, real=0.00 secs] 
98.064: [GC (Allocation Failure) [PSYoungGen: 111712K->96K(109056K)] 113728K->2112K(284160K), 0.0005160 secs] [Times: user=0.00 sys=0.00, real=0.00 secs] 
98.116: [GC (Allocation Failure) [PSYoungGen: 108640K->96K(105984K)] 110656K->2112K(281088K), 0.0004995 secs] [Times: user=0.00 sys=0.00, real=0.00 secs] 
98.165: [GC (Allocation Failure) [PSYoungGen: 105568K->64K(102912K)] 107584K->2080K(278016K), 0.0005155 secs] [Times: user=0.00 sys=0.00, real=0.00 secs] 
98.213: [GC (Allocation Failure) [PSYoungGen: 102464K->64K(99840K)] 104480K->2080K(274944K), 0.0005057 secs] [Times: user=0.00 sys=0.00, real=0.00 secs] 
98.260: [GC (Allocation Failure) [PSYoungGen: 99392K->96K(97280K)] 101408K->2112K(272384K), 0.0005237 secs] [Times: user=0.00 sys=0.00, real=0.00 secs] 
98.305: [GC (Allocation Failure) [PSYoungGen: 96864K->96K(94720K)] 98880K->2112K(269824K), 0.0005141 secs] [Times: user=0.00 sys=0.00, real=0.00 secs] 
98.350: [GC (Allocation Failure) [PSYoungGen: 94304K->96K(92160K)] 96320K->2112K(267264K), 0.0005058 secs] [Times: user=0.00 sys=0.00, real=0.00 secs] 
98.393: [GC (Allocation Failure) [PSYoungGen: 91744K->96K(110592K)] 93760K->2112K(285696K), 0.0005147 secs] [Times: user=0.00 sys=0.00, real=0.00 secs] 
98.444: [GC (Allocation Failure) [PSYoungGen: 110176K->96K(107520K)] 112192K->2112K(282624K), 0.0005088 secs] [Times: user=0.00 sys=0.00, real=0.00 secs] 
98.494: [GC (Allocation Failure) [PSYoungGen: 107104K->64K(104448K)] 109120K->2080K(279552K), 0.0004971 secs] [Times: user=0.00 sys=0.00, real=0.00 secs] 
98.542: [GC (Allocation Failure) [PSYoungGen: 104000K->64K(101376K)] 106016K->2080K(276480K), 0.0005057 secs] [Times: user=0.00 sys=0.00, real=0.00 secs] 
98.589: [GC (Allocation Failure) [PSYoungGen: 100928K->96K(98816K)] 102944K->2112K(273920K), 0.0004874 secs] [Times: user=0.00 sys=0.00, real=0.00 secs] 
98.634: [GC (Allocation Failure) [PSYoungGen: 98400K->96K(96256K)] 100416K->2112K(271360K), 0.0005060 secs] [Times: user=0.01 sys=0.00, real=0.00 secs] 
98.679: [GC (Allocation Failure) [PSYoungGen: 95840K->96K(93696K)] 97856K->2112K(268800K), 0.0004987 secs] [Times: user=0.00 sys=0.00, real=0.00 secs] 
98.722: [GC (Allocation Failure) [PSYoungGen: 93280K->96K(91136K)] 95296K->2112K(266240K), 0.0005036 secs] [Times: user=0.01 sys=0.00, real=0.00 secs] 
98.765: [GC (Allocation Failure) [PSYoungGen: 90720K->96K(109568K)] 92736K->2112K(284672K), 0.0004748 secs] [Times: user=0.00 sys=0.00, real=0.00 secs] 
98.815: [GC (Allocation Failure) [PSYoungGen: 109152K->96K(106496K)] 111168K->2112K(281600K), 0.0005314 secs] [Times: user=0.00 sys=0.00, real=0.00 secs] 
98.869: [GC (Allocation Failure) [PSYoungGen: 106080K->96K(103424K)] 108096K->2112K(278528K), 0.0005021 secs] [Times: user=0.00 sys=0.00, real=0.00 secs] 
98.917: [GC (Allocation Failure) [PSYoungGen: 103008K->96K(100352K)] 105024K->2112K(275456K), 0.0005169 secs] [Times: user=0.00 sys=0.00, real=0.00 secs] 
98.965: [GC (Allocation Failure) [PSYoungGen: 99936K->32K(97792K)] 101952K->2048K(272896K), 0.0005136 secs] [Times: user=0.00 sys=0.00, real=0.00 secs] 
99.010: [GC (Allocation Failure) [PSYoungGen: 97312K->96K(95232K)] 99328K->2112K(270336K), 0.0004993 secs] [Times: user=0.01 sys=0.00, real=0.00 secs] 
99.054: [GC (Allocation Failure) [PSYoungGen: 94816K->96K(92672K)] 96832K->2112K(267776K), 0.0004960 secs] [Times: user=0.00 sys=0.00, real=0.00 secs] 
99.097: [GC (Allocation Failure) [PSYoungGen: 92256K->96K(90112K)] 94272K->2112K(265216K), 0.0004805 secs] [Times: user=0.00 sys=0.00, real=0.00 secs] 
99.141: [GC (Allocation Failure) [PSYoungGen: 89696K->96K(108032K)] 91712K->2112K(283136K), 0.0005638 secs] [Times: user=0.00 sys=0.00, real=0.00 secs] 
99.191: [GC (Allocation Failure) [PSYoungGen: 107616K->64K(129536K)] 109632K->2080K(304640K), 0.0005065 secs] [Times: user=0.00 sys=0.00, real=0.00 secs] 
99.251: [GC (Allocation Failure) [PSYoungGen: 129088K->96K(125440K)] 131104K->2112K(300544K), 0.0005152 secs] [Times: user=0.00 sys=0.00, real=0.00 secs] 
99.309: [GC (Allocation Failure) [PSYoungGen: 125024K->96K(121344K)] 127040K->2112K(296448K), 0.0005077 secs] [Times: user=0.01 sys=0.00, real=0.00 secs] 
99.365: [GC (Allocation Failure) [PSYoungGen: 120928K->96K(117760K)] 122944K->2112K(292864K), 0.0005180 secs] [Times: user=0.00 sys=0.00, real=0.00 secs] 
99.419: [GC (Allocation Failure) [PSYoungGen: 117344K->96K(114176K)] 119360K->2112K(289280K), 0.0004871 secs] [Times: user=0.00 sys=0.00, real=0.00 secs] 
99.472: [GC (Allocation Failure) [PSYoungGen: 113760K->96K(110592K)] 115776K->2112K(285696K), 0.0004974 secs] [Times: user=0.00 sys=0.00, real=0.00 secs] 
99.523: [GC (Allocation Failure) [PSYoungGen: 110176K->96K(107520K)] 112192K->2112K(282624K), 0.0004936 secs] [Times: user=0.00 sys=0.00, real=0.00 secs] 
99.573: [GC (Allocation Failure) [PSYoungGen: 107104K->96K(104448K)] 109120K->2112K(279552K), 0.0005011 secs] [Times: user=0.00 sys=0.00, real=0.00 secs] 
99.621: [GC (Allocation Failure) [PSYoungGen: 104032K->96K(101376K)] 106048K->2112K(276480K), 0.0004851 secs] [Times: user=0.00 sys=0.00, real=0.00 secs] 
99.668: [GC (Allocation Failure) [PSYoungGen: 100960K->96K(98816K)] 102976K->2112K(273920K), 0.0004870 secs] [Times: user=0.00 sys=0.00, real=0.00 secs] 
99.713: [GC (Allocation Failure) [PSYoungGen: 98400K->96K(96256K)] 100416K->2112K(271360K), 0.0005146 secs] [Times: user=0.00 sys=0.00, real=0.00 secs] 
99.759: [GC (Allocation Failure) [PSYoungGen: 95840K->96K(93696K)] 97856K->2112K(268800K), 0.0005127 secs] [Times: user=0.00 sys=0.00, real=0.00 secs] 
99.803: [GC (Allocation Failure) [PSYoungGen: 93280K->96K(91136K)] 95296K->2112K(266240K), 0.0005137 secs] [Times: user=0.00 sys=0.00, real=0.00 secs] 
99.845: [GC (Allocation Failure) [PSYoungGen: 90720K->64K(109568K)] 92736K->2080K(284672K), 0.0004958 secs] [Times: user=0.01 sys=0.00, real=0.00 secs] 
99.895: [GC (Allocation Failure) [PSYoungGen: 109120K->96K(106496K)] 111136K->2112K(281600K), 0.0005133 secs] [Times: user=0.00 sys=0.00, real=0.00 secs] 
99.945: [GC (Allocation Failure) [PSYoungGen: 106080K->96K(103424K)] 108096K->2112K(278528K), 0.0004894 secs] [Times: user=0.00 sys=0.00, real=0.00 secs] 
99.992: [GC (Allocation Failure) [PSYoungGen: 103008K->64K(100352K)] 105024K->2080K(275456K), 0.0005045 secs] [Times: user=0.00 sys=0.00, real=0.00 secs] 
100.039: [GC (Allocation Failure) [PSYoungGen: 99904K->96K(97792K)] 101920K->2112K(272896K), 0.0005157 secs] [Times: user=0.00 sys=0.00, real=0.00 secs] 
100.084: [GC (Allocation Failure) [PSYoungGen: 97376K->96K(95232K)] 99392K->2112K(270336K), 0.0004890 secs] [Times: user=0.00 sys=0.00, real=0.00 secs] 
100.129: [GC (Allocation Failure) [PSYoungGen: 94816K->96K(92672K)] 96832K->2112K(267776K), 0.0005019 secs] [Times: user=0.00 sys=0.00, real=0.00 secs] 
100.173: [GC (Allocation Failure) [PSYoungGen: 92256K->32K(111104K)] 94272K->2048K(286208K), 0.0010860 secs] [Times: user=0.00 sys=0.00, real=0.00 secs] 
100.225: [GC (Allocation Failure) [PSYoungGen: 110624K->96K(133632K)] 112640K->2112K(308736K), 0.0005148 secs] [Times: user=0.00 sys=0.00, real=0.00 secs] 
Heap
 PSYoungGen      total 133632K, used 117897K [0x000000076ab00000, 0x000000079c380000, 0x00000007c0000000)
  eden space 133120K, 88% used [0x000000076ab00000,0x0000000771e0a590,0x0000000772d00000)
  from space 512K, 18% used [0x000000079c300000,0x000000079c318000,0x000000079c380000)
  to   space 512K, 0% used [0x000000079c280000,0x000000079c280000,0x000000079c300000)
 ParOldGen       total 175104K, used 2016K [0x00000006c0000000, 0x00000006cab00000, 0x000000076ab00000)
  object space 175104K, 1% used [0x00000006c0000000,0x00000006c01f8000,0x00000006cab00000)
 Metaspace       used 10071K, capacity 10376K, committed 10496K, reserved 1058816K
  class space    used 1156K, capacity 1255K, committed 1280K, reserved 1048576K
