OpenJDK 64-Bit Server VM (25.202-b05) for bsd-amd64 JRE (Zulu 8.36.0.1-CA-macosx) (1.8.0_202-b05), built on Jan 29 2019 06:07:09 by "zulu_re" with gcc 4.2.1 (Based on Apple Inc. build 5658) (LLVM build 2336.11.00)
Memory: 4k page, physical 16777216k(2077888k free)

/proc/meminfo:

CommandLine flags: -XX:InitialHeapSize=268435456 -XX:MaxHeapSize=4294967296 -XX:+PrintGC -XX:+PrintGCDetails -XX:+PrintGCTimeStamps -XX:+UseCompressedClassPointers -XX:+UseCompressedOops -XX:+UseParallelGC 
Heap
 PSYoungGen      total 76288K, used 35668K [0x000000076ab00000, 0x0000000770000000, 0x00000007c0000000)
  eden space 65536K, 54% used [0x000000076ab00000,0x000000076cdd5200,0x000000076eb00000)
  from space 10752K, 0% used [0x000000076f580000,0x000000076f580000,0x0000000770000000)
  to   space 10752K, 0% used [0x000000076eb00000,0x000000076eb00000,0x000000076f580000)
 ParOldGen       total 175104K, used 0K [0x00000006c0000000, 0x00000006cab00000, 0x000000076ab00000)
  object space 175104K, 0% used [0x00000006c0000000,0x00000006c0000000,0x00000006cab00000)
 Metaspace       used 7662K, capacity 8005K, committed 8192K, reserved 1056768K
  class space    used 852K, capacity 948K, committed 1024K, reserved 1048576K
074: [GC (Allocation Failure) [PSYoungGen: 132656K->1600K(141824K)] 132680K->1632K(316928K), 0,0017086 secs] [Times: user=0,00 sys=0,00, real=0,00 secs] 
1,151: [GC (Allocation Failure) [PSYoungGen: 132672K->1600K(266240K)] 132704K->1632K(441344K), 0,0015663 secs] [Times: user=0,01 sys=0,00, real=0,00 secs] 
1,362: [GC (Allocation Failure) [PSYoungGen: 263744K->96K(266240K)] 263776K->1668K(441344K), 0,0018083 secs] [Times: user=0,00 sys=0,00, real=0,00 secs] 
1,547: [GC (Allocation Failure) [PSYoungGen: 262240K->96K(528384K)] 263812K->1668K(703488K), 0,0005486 secs] [Times: user=0,01 sys=0,00, real=0,00 secs] 
1,998: [GC (Allocation Failure) [PSYoungGen: 524384K->96K(528384K)] 525956K->1668K(703488K), 0,0007626 secs] [Times: user=0,00 sys=0,01, real=0,00 secs] 
2,345: [GC (Allocation Failure) [PSYoungGen: 524384K->64K(501760K)] 525956K->1644K(676864K), 0,0012439 secs] [Times: user=0,00 sys=0,00, real=0,00 secs] 
2,707: [GC (Allocation Failure) [PSYoungGen: 501312K->96K(483328K)] 502892K->1676K(658432K), 0,0004262 secs] [Times: user=0,00 sys=0,00, real=0,00 secs] 
3,036: [GC (Allocation Failure) [PSYoungGen: 479328K->96K(458752K)] 480908K->1684K(633856K), 0,0005149 secs] [Times: user=0,00 sys=0,00, real=0,00 secs] 
3,375: [GC (Allocation Failure) [PSYoungGen: 458336K->32K(442368K)] 459924K->1620K(617472K), 0,0014478 secs] [Times: user=0,00 sys=0,00, real=0,00 secs] 
3,673: [GC (Allocation Failure) [PSYoungGen: 438304K->96K(419840K)] 439892K->1684K(594944K), 0,0005407 secs] [Times: user=0,00 sys=0,00, real=0,00 secs] 
3,939: [GC (Allocation Failure) [PSYoungGen: 419424K->96K(405504K)] 421012K->1684K(580608K), 0,0005228 secs] [Times: user=0,00 sys=0,00, real=0,01 secs] 
4,219: [GC (Allocation Failure) [PSYoungGen: 401504K->96K(385024K)] 403092K->1692K(560128K), 0,0005502 secs] [Times: user=0,00 sys=0,00, real=0,00 secs] 
4,527: [GC (Allocation Failure) [PSYoungGen: 384608K->96K(371712K)] 386204K->1692K(546816K), 0,0005827 secs] [Times: user=0,00 sys=0,00, real=0,00 secs] 
4,769: [GC (Allocation Failure) [PSYoungGen: 368224K->96K(353280K)] 369820K->1692K(528384K), 0,0005213 secs] [Times: user=0,00 sys=0,00, real=0,00 secs] 
5,000: [GC (Allocation Failure) [PSYoungGen: 352864K->64K(340992K)] 354460K->1660K(516096K), 0,0012068 secs] [Times: user=0,00 sys=0,00, real=0,00 secs] 
5,255: [GC (Allocation Failure) [PSYoungGen: 337984K->96K(324608K)] 339580K->1692K(499712K), 0,0005910 secs] [Times: user=0,00 sys=0,00, real=0,00 secs] 
5,476: [GC (Allocation Failure) [PSYoungGen: 324192K->64K(313856K)] 325788K->1660K(488960K), 0,0005359 secs] [Times: user=0,01 sys=0,00, real=0,00 secs] 
5,680: [GC (Allocation Failure) [PSYoungGen: 310848K->96K(298496K)] 312444K->1692K(473600K), 0,0012648 secs] [Times: user=0,00 sys=0,00, real=0,00 secs] 
5,867: [GC (Allocation Failure) [PSYoungGen: 298080K->96K(288768K)] 299676K->1692K(463872K), 0,0005599 secs] [Times: user=0,00 sys=0,00, real=0,00 secs] 
6,041: [GC (Allocation Failure) [PSYoungGen: 286304K->64K(275456K)] 287900K->1660K(450560K), 0,0012332 secs] [Times: user=0,00 sys=0,00, real=0,00 secs] 
6,209: [GC (Allocation Failure) [PSYoungGen: 275008K->32K(266752K)] 276604K->1628K(441856K), 0,0010494 secs] [Times: user=0,00 sys=0,00, real=0,00 secs] 
6,371: [GC (Allocation Failure) [PSYoungGen: 264224K->64K(254464K)] 265820K->1660K(429568K), 0,0005103 secs] [Times: user=0,00 sys=0,00, real=0,00 secs] 
6,516: [GC (Allocation Failure) [PSYoungGen: 254016K->96K(246272K)] 255612K->1692K(421376K), 0,0005130 secs] [Times: user=0,00 sys=0,00, real=0,00 secs] 
6,658: [GC (Allocation Failure) [PSYoungGen: 244320K->64K(235520K)] 245916K->1660K(410624K), 0,0005877 secs] [Times: user=0,00 sys=0,00, real=0,00 secs] 
6,794: [GC (Allocation Failure) [PSYoungGen: 235072K->64K(228352K)] 236668K->1660K(403456K), 0,0007640 secs] [Times: user=0,00 sys=0,00, real=0,00 secs] 
6,924: [GC (Allocation Failure) [PSYoungGen: 226368K->96K(218112K)] 227964K->1692K(393216K), 0,0005222 secs] [Times: user=0,00 sys=0,00, real=0,00 secs] 
7,060: [GC (Allocation Failure) [PSYoungGen: 217696K->64K(210944K)] 219292K->1660K(386048K), 0,0005822 secs] [Times: user=0,01 sys=0,00, real=0,00 secs] 
7,188: [GC (Allocation Failure) [PSYoungGen: 209472K->96K(202240K)] 211068K->1692K(377344K), 0,0005191 secs] [Times: user=0,00 sys=0,00, real=0,01 secs] 
7,317: [GC (Allocation Failure) [PSYoungGen: 201824K->96K(196096K)] 203420K->1692K(371200K), 0,0004914 secs] [Times: user=0,00 sys=0,00, real=0,00 secs] 
7,461: [GC (Allocation Failure) [PSYoungGen: 194656K->96K(187904K)] 196252K->1692K(363008K), 0,0021498 secs] [Times: user=0,00 sys=0,00, real=0,00 secs] 
7,587: [GC (Allocation Failure) [PSYoungGen: 187488K->96K(182272K)] 189084K->1692K(357376K), 0,0005056 secs] [Times: user=0,00 sys=0,00, real=0,00 secs] 
7,708: [GC (Allocation Failure) [PSYoungGen: 180832K->64K(175104K)] 182428K->1660K(350208K), 0,0010876 secs] [Times: user=0,00 sys=0,00, real=0,01 secs] 
7,822: [GC (Allocation Failure) [PSYoungGen: 174656K->96K(169472K)] 176252K->1692K(344576K), 0,0005282 secs] [Times: user=0,00 sys=0,00, real=0,00 secs] 
7,932: [GC (Allocation Failure) [PSYoungGen: 168544K->96K(163328K)] 170140K->1692K(338432K), 0,0010066 secs] [Times: user=0,00 sys=0,00, real=0,00 secs] 
8,035: [GC (Allocation Failure) [PSYoungGen: 162912K->96K(158208K)] 164508K->1692K(333312K), 0,0005089 secs] [Times: user=0,00 sys=0,00, real=0,00 secs] 
8,139: [GC (Allocation Failure) [PSYoungGen: 157280K->96K(152576K)] 158876K->1692K(327680K), 0,0005109 secs] [Times: user=0,00 sys=0,00, real=0,01 secs] 
8,246: [GC (Allocation Failure) [PSYoungGen: 152160K->128K(147968K)] 153756K->1724K(323072K), 0,0016337 secs] [Times: user=0,00 sys=0,00, real=0,00 secs] 
8,348: [GC (Allocation Failure) [PSYoungGen: 147072K->64K(142848K)] 148668K->1660K(317952K), 0,0014465 secs] [Times: user=0,00 sys=0,00, real=0,01 secs] 
8,438: [GC (Allocation Failure) [PSYoungGen: 142399K->96K(138752K)] 143996K->1692K(313856K), 0,0005048 secs] [Times: user=0,00 sys=0,00, real=0,00 secs] 
8,525: [GC (Allocation Failure) [PSYoungGen: 137824K->64K(133632K)] 139420K->1660K(308736K), 0,0007894 secs] [Times: user=0,00 sys=0,00, real=0,00 secs] 
8,608: [GC (Allocation Failure) [PSYoungGen: 133184K->32K(130048K)] 134780K->1628K(305152K), 0,0010457 secs] [Times: user=0,00 sys=0,00, real=0,01 secs] 
8,687: [GC (Allocation Failure) [PSYoungGen: 129056K->96K(125440K)] 130652K->1692K(300544K), 0,0004872 secs] [Times: user=0,00 sys=0,00, real=0,00 secs] 
8,759: [GC (Allocation Failure) [PSYoungGen: 125024K->96K(121344K)] 126620K->1692K(296448K), 0,0005029 secs] [Times: user=0,00 sys=0,00, real=0,00 secs] 
8,830: [GC (Allocation Failure) [PSYoungGen: 120928K->96K(117760K)] 122524K->1692K(292864K), 0,0005012 secs] [Times: user=0,00 sys=0,00, real=0,00 secs] 
8,897: [GC (Allocation Failure) [PSYoungGen: 117344K->64K(114176K)] 118940K->1660K(289280K), 0,0005013 secs] [Times: user=0,00 sys=0,00, real=0,00 secs] 
8,963: [GC (Allocation Failure) [PSYoungGen: 113728K->96K(110592K)] 115324K->1692K(285696K), 0,0005064 secs] [Times: user=0,00 sys=0,00, real=0,00 secs] 
9,027: [GC (Allocation Failure) [PSYoungGen: 110176K->96K(107520K)] 111772K->1692K(282624K), 0,0005245 secs] [Times: user=0,00 sys=0,00, real=0,00 secs] 
9,090: [GC (Allocation Failure) [PSYoungGen: 107104K->64K(104448K)] 108700K->1660K(279552K), 0,0005927 secs] [Times: user=0,00 sys=0,00, real=0,00 secs] 
9,151: [GC (Allocation Failure) [PSYoungGen: 104000K->96K(101376K)] 105596K->1692K(276480K), 0,0004821 secs] [Times: user=0,00 sys=0,00, real=0,00 secs] 
9,210: [GC (Allocation Failure) [PSYoungGen: 100960K->96K(98816K)] 102556K->1692K(273920K), 0,0005274 secs] [Times: user=0,00 sys=0,00, real=0,00 secs] 
9,269: [GC (Allocation Failure) [PSYoungGen: 98400K->96K(96256K)] 99996K->1692K(271360K), 0,0005087 secs] [Times: user=0,00 sys=0,00, real=0,00 secs] 
9,326: [GC (Allocation Failure) [PSYoungGen: 95840K->96K(93696K)] 97436K->1692K(268800K), 0,0004875 secs] [Times: user=0,00 sys=0,00, real=0,00 secs] 
9,381: [GC (Allocation Failure) [PSYoungGen: 93280K->64K(112640K)] 94876K->1668K(287744K), 0,0011981 secs] [Times: user=0,00 sys=0,00, real=0,00 secs] 
9,448: [GC (Allocation Failure) [PSYoungGen: 112192K->96K(135168K)] 113796K->1700K(310272K), 0,0005791 secs] [Times: user=0,00 sys=0,01, real=0,00 secs] 
9,525: [GC (Allocation Failure) [PSYoungGen: 134752K->96K(131072K)] 136356K->1716K(306176K), 0,0005072 secs] [Times: user=0,00 sys=0,00, real=0,00 secs] 
9,598: [GC (Allocation Failure) [PSYoungGen: 130656K->128K(126976K)] 132276K->1748K(302080K), 0,0005156 secs] [Times: user=0,00 sys=0,00, real=0,01 secs] 
9,669: [GC (Allocation Failure) [PSYoungGen: 126592K->64K(122880K)] 128212K->1684K(297984K), 0,0010531 secs] [Times: user=0,00 sys=0,00, real=0,00 secs] 
9,739: [GC (Allocation Failure) [PSYoungGen: 122432K->64K(119296K)] 124052K->1684K(294400K), 0,0004904 secs] [Times: user=0,00 sys=0,00, real=0,00 secs] 
9,806: [GC (Allocation Failure) [PSYoungGen: 118848K->96K(115712K)] 120468K->1716K(290816K), 0,0004907 secs] [Times: user=0,00 sys=0,00, real=0,00 secs] 
9,870: [GC (Allocation Failure) [PSYoungGen: 115296K->96K(112128K)] 116916K->1716K(287232K), 0,0005139 secs] [Times: user=0,01 sys=0,00, real=0,00 secs] 
9,933: [GC (Allocation Failure) [PSYoungGen: 111712K->96K(109056K)] 113332K->1716K(284160K), 0,0005138 secs] [Times: user=0,00 sys=0,00, real=0,00 secs] 
9,995: [GC (Allocation Failure) [PSYoungGen: 108640K->64K(105984K)] 110260K->1684K(281088K), 0,0005059 secs] [Times: user=0,00 sys=0,00, real=0,00 secs] 
10,054: [GC (Allocation Failure) [PSYoungGen: 105536K->96K(102912K)] 107156K->1716K(278016K), 0,0005157 secs] [Times: user=0,00 sys=0,00, real=0,00 secs] 
10,112: [GC (Allocation Failure) [PSYoungGen: 102496K->96K(99840K)] 104116K->1716K(274944K), 0,0004916 secs] [Times: user=0,00 sys=0,00, real=0,00 secs] 
10,168: [GC (Allocation Failure) [PSYoungGen: 99424K->96K(97280K)] 101044K->1716K(272384K), 0,0004952 secs] [Times: user=0,01 sys=0,00, real=0,00 secs] 
10,223: [GC (Allocation Failure) [PSYoungGen: 96863K->64K(94720K)] 98484K->1684K(269824K), 0,0004867 secs] [Times: user=0,00 sys=0,00, real=0,00 secs] 
10,277: [GC (Allocation Failure) [PSYoungGen: 94272K->96K(92160K)] 95892K->1716K(267264K), 0,0004943 secs] [Times: user=0,00 sys=0,00, real=0,00 secs] 
10,334: [GC (Allocation Failure) [PSYoungGen: 91744K->160K(89600K)] 93364K->1788K(264704K), 0,0004700 secs] [Times: user=0,01 sys=0,00, real=0,00 secs] 
10,384: [GC (Allocation Failure) [PSYoungGen: 89248K->96K(87040K)] 90876K->1788K(262144K), 0,0004710 secs] [Times: user=0,00 sys=0,00, real=0,00 secs] 
10,434: [GC (Allocation Failure) [PSYoungGen: 86624K->96K(84992K)] 88316K->1788K(260096K), 0,0005153 secs] [Times: user=0,00 sys=0,00, real=0,00 secs] 
10,481: [GC (Allocation Failure) [PSYoungGen: 84576K->96K(82944K)] 86268K->1788K(258048K), 0,0004979 secs] [Times: user=0,00 sys=0,00, real=0,00 secs] 
10,528: [GC (Allocation Failure) [PSYoungGen: 82528K->96K(80896K)] 84220K->1788K(256000K), 0,0004841 secs] [Times: user=0,00 sys=0,00, real=0,01 secs] 
10,574: [GC (Allocation Failure) [PSYoungGen: 80480K->96K(78848K)] 82172K->1788K(253952K), 0,0005158 secs] [Times: user=0,00 sys=0,00, real=0,00 secs] 
10,618: [GC (Allocation Failure) [PSYoungGen: 78432K->96K(76800K)] 80124K->1788K(251904K), 0,0004874 secs] [Times: user=0,00 sys=0,00, real=0,00 secs] 
10,661: [GC (Allocation Failure) [PSYoungGen: 76384K->64K(74752K)] 78076K->1756K(249856K), 0,0004745 secs] [Times: user=0,01 sys=0,00, real=0,00 secs] 
10,703: [GC (Allocation Failure) [PSYoungGen: 74304K->96K(73216K)] 75996K->1788K(248320K), 0,0005349 secs] [Times: user=0,00 sys=0,00, real=0,00 secs] 
10,744: [GC (Allocation Failure) [PSYoungGen: 72800K->96K(88064K)] 74492K->1788K(263168K), 0,0004788 secs] [Times: user=0,00 sys=0,00, real=0,00 secs] 
10,793: [GC (Allocation Failure) [PSYoungGen: 87648K->64K(86016K)] 89340K->1756K(261120K), 0,0005154 secs] [Times: user=0,00 sys=0,00, real=0,00 secs] 
10,843: [GC (Allocation Failure) [PSYoungGen: 85568K->64K(83968K)] 87260K->1756K(259072K), 0,0004958 secs] [Times: user=0,00 sys=0,00, real=0,00 secs] 
10,890: [GC (Allocation Failure) [PSYoungGen: 83520K->96K(81920K)] 85212K->1788K(257024K), 0,0004866 secs] [Times: user=0,00 sys=0,00, real=0,00 secs] 
10,936: [GC (Allocation Failure) [PSYoungGen: 81504K->128K(79872K)] 83196K->1820K(254976K), 0,0005122 secs] [Times: user=0,00 sys=0,00, real=0,00 secs] 
10,981: [GC (Allocation Failure) [PSYoungGen: 79488K->96K(95744K)] 81180K->1788K(270848K), 0,0005654 secs] [Times: user=0,00 sys=0,00, real=0,00 secs] 
11,035: [GC (Allocation Failure) [PSYoungGen: 95328K->96K(93184K)] 97020K->1788K(268288K), 0,0004968 secs] [Times: user=0,00 sys=0,00, real=0,00 secs] 
11,088: [GC (Allocation Failure) [PSYoungGen: 92768K->96K(90624K)] 94460K->1788K(265728K), 0,0004809 secs] [Times: user=0,01 sys=0,00, real=0,00 secs] 
11,138: [GC (Allocation Failure) [PSYoungGen: 90208K->96K(88064K)] 91900K->1788K(263168K), 0,0005460 secs] [Times: user=0,00 sys=0,00, real=0,01 secs] 
11,188: [GC (Allocation Failure) [PSYoungGen: 87648K->96K(86016K)] 89340K->1788K(261120K), 0,0004830 secs] [Times: user=0,00 sys=0,00, real=0,00 secs] 
11,236: [GC (Allocation Failure) [PSYoungGen: 85600K->96K(83968K)] 87292K->1788K(259072K), 0,0004910 secs] [Times: user=0,01 sys=0,00, real=0,00 secs] 
11,284: [GC (Allocation Failure) [PSYoungGen: 83552K->64K(81920K)] 85244K->1756K(257024K), 0,0005098 secs] [Times: user=0,00 sys=0,00, real=0,00 secs] 
11,330: [GC (Allocation Failure) [PSYoungGen: 81472K->96K(79872K)] 83164K->1788K(254976K), 0,0004901 secs] [Times: user=0,00 sys=0,00, real=0,00 secs] 
11,374: [GC (Allocation Failure) [PSYoungGen: 79456K->64K(77824K)] 81148K->1756K(252928K), 0,0004943 secs] [Times: user=0,00 sys=0,00, real=0,00 secs] 
11,418: [GC (Allocation Failure) [PSYoungGen: 77376K->96K(75776K)] 79068K->1788K(250880K), 0,0004964 secs] [Times: user=0,00 sys=0,00, real=0,00 secs] 
11,464: [GC (Allocation Failure) [PSYoungGen: 75360K->96K(74240K)] 77052K->1788K(249344K), 0,0005021 secs] [Times: user=0,00 sys=0,00, real=0,00 secs] 
11,508: [GC (Allocation Failure) [PSYoungGen: 73824K->64K(89088K)] 75516K->1756K(264192K), 0,0005115 secs] [Times: user=0,00 sys=0,00, real=0,00 secs] 
11,558: [GC (Allocation Failure) [PSYoungGen: 88640K->96K(87040K)] 90332K->1788K(262144K), 0,0005074 secs] [Times: user=0,00 sys=0,00, real=0,00 secs] 
11,608: [GC (Allocation Failure) [PSYoungGen: 86624K->64K(84992K)] 88316K->1756K(260096K), 0,0004924 secs] [Times: user=0,00 sys=0,00, real=0,01 secs] 
11,656: [GC (Allocation Failure) [PSYoungGen: 84544K->64K(82944K)] 86236K->1756K(258048K), 0,0004863 secs] [Times: user=0,00 sys=0,00, real=0,00 secs] 
11,703: [GC (Allocation Failure) [PSYoungGen: 82496K->64K(80896K)] 84188K->1756K(256000K), 0,0005066 secs] [Times: user=0,00 sys=0,00, real=0,00 secs] 
11,749: [GC (Allocation Failure) [PSYoungGen: 80448K->96K(78848K)] 82140K->1788K(253952K), 0,0004812 secs] [Times: user=0,00 sys=0,00, real=0,01 secs] 
11,793: [GC (Allocation Failure) [PSYoungGen: 78432K->64K(76800K)] 80124K->1756K(251904K), 0,0005004 secs] [Times: user=0,00 sys=0,01, real=0,00 secs] 
11,836: [GC (Allocation Failure) [PSYoungGen: 76352K->96K(74752K)] 78044K->1788K(249856K), 0,0004871 secs] [Times: user=0,00 sys=0,00, real=0,00 secs] 
11,878: [GC (Allocation Failure) [PSYoungGen: 74336K->96K(89600K)] 76028K->1788K(264704K), 0,0004912 secs] [Times: user=0,00 sys=0,00, real=0,00 secs] 
11,928: [GC (Allocation Failure) [PSYoungGen: 89184K->32K(87040K)] 90876K->1724K(262144K), 0,0004853 secs] [Times: user=0,00 sys=0,00, real=0,00 secs] 
11,977: [GC (Allocation Failure) [PSYoungGen: 86560K->96K(84992K)] 88252K->1788K(260096K), 0,0005003 secs] [Times: user=0,00 sys=0,00, real=0,00 secs] 
12,025: [GC (Allocation Failure) [PSYoungGen: 84576K->96K(82944K)] 86268K->1788K(258048K), 0,0004924 secs] [Times: user=0,00 sys=0,00, real=0,00 secs] 
12,071: [GC (Allocation Failure) [PSYoungGen: 82528K->96K(80896K)] 84220K->1788K(256000K), 0,0005237 secs] [Times: user=0,01 sys=0,00, real=0,00 secs] 
12,117: [GC (Allocation Failure) [PSYoungGen: 80479K->96K(78848K)] 82172K->1788K(253952K), 0,0004837 secs] [Times: user=0,00 sys=0,00, real=0,00 secs] 
12,161: [GC (Allocation Failure) [PSYoungGen: 78432K->96K(76800K)] 80124K->1788K(251904K), 0,0004909 secs] [Times: user=0,01 sys=0,00, real=0,00 secs] 
12,204: [GC (Allocation Failure) [PSYoungGen: 76384K->64K(74752K)] 78076K->1756K(249856K), 0,0005401 secs] [Times: user=0,00 sys=0,00, real=0,00 secs] 
12,246: [GC (Allocation Failure) [PSYoungGen: 74304K->32K(89600K)] 75996K->1724K(264704K), 0,0006648 secs] [Times: user=0,00 sys=0,00, real=0,00 secs] 
12,297: [GC (Allocation Failure) [PSYoungGen: 89120K->64K(107520K)] 90812K->1756K(282624K), 0,0004913 secs] [Times: user=0,00 sys=0,00, real=0,00 secs] 
12,357: [GC (Allocation Failure) [PSYoungGen: 107072K->96K(104448K)] 108764K->1788K(279552K), 0,0004845 secs] [Times: user=0,00 sys=0,00, real=0,00 secs] 
12,416: [GC (Allocation Failure) [PSYoungGen: 104032K->64K(101376K)] 105724K->1756K(276480K), 0,0005574 secs] [Times: user=0,00 sys=0,00, real=0,00 secs] 
12,476: [GC (Allocation Failure) [PSYoungGen: 100928K->64K(121856K)] 102620K->1756K(296960K), 0,0009399 secs] [Times: user=0,00 sys=0,00, real=0,00 secs] 
12,549: [GC (Allocation Failure) [PSYoungGen: 121408K->96K(118272K)] 123100K->1788K(293376K), 0,0005081 secs] [Times: user=0,00 sys=0,00, real=0,01 secs] 
12,635: [GC (Allocation Failure) [PSYoungGen: 117856K->32K(141824K)] 119548K->1724K(316928K), 0,0039439 secs] [Times: user=0,01 sys=0,00, real=0,01 secs] 
12,738: [GC (Allocation Failure) [PSYoungGen: 141344K->96K(170496K)] 143036K->1788K(345600K), 0,0004827 secs] [Times: user=0,00 sys=0,00, real=0,00 secs] 
12,837: [GC (Allocation Failure) [PSYoungGen: 170080K->96K(164864K)] 171772K->1788K(339968K), 0,0004901 secs] [Times: user=0,00 sys=0,00, real=0,00 secs] 
12,964: [GC (Allocation Failure) [PSYoungGen: 164448K->64K(198144K)] 166140K->1756K(373248K), 0,0039714 secs] [Times: user=0,00 sys=0,00, real=0,00 secs] 
13,098: [GC (Allocation Failure) [PSYoungGen: 197696K->64K(238080K)] 199388K->1756K(413184K), 0,0004957 secs] [Times: user=0,00 sys=0,00, real=0,01 secs] 
13,238: [GC (Allocation Failure) [PSYoungGen: 237632K->96K(228864K)] 239324K->1788K(403968K), 0,0005163 secs] [Times: user=0,00 sys=0,00, real=0,00 secs] 
13,374: [GC (Allocation Failure) [PSYoungGen: 228448K->96K(220160K)] 230140K->1788K(395264K), 0,0004884 secs] [Times: user=0,00 sys=0,00, real=0,00 secs] 
13,505: [GC (Allocation Failure) [PSYoungGen: 219744K->96K(211968K)] 221436K->1788K(387072K), 0,0004882 secs] [Times: user=0,01 sys=0,00, real=0,00 secs] 
13,628: [GC (Allocation Failure) [PSYoungGen: 211552K->96K(204288K)] 213244K->1788K(379392K), 0,0004925 secs] [Times: user=0,01 sys=0,00, real=0,00 secs] 
13,747: [GC (Allocation Failure) [PSYoungGen: 203872K->64K(196608K)] 205564K->1756K(371712K), 0,0005773 secs] [Times: user=0,00 sys=0,00, real=0,00 secs] 
13,879: [GC (Allocation Failure) [PSYoungGen: 196160K->64K(189440K)] 197852K->1756K(364544K), 0,0004956 secs] [Times: user=0,00 sys=0,00, real=0,01 secs] 
14,004: [GC (Allocation Failure) [PSYoungGen: 188992K->96K(182784K)] 190684K->1788K(357888K), 0,0006868 secs] [Times: user=0,00 sys=0,00, real=0,00 secs] 
14,111: [GC (Allocation Failure) [PSYoungGen: 182368K->96K(176128K)] 184060K->1788K(351232K), 0,0004955 secs] [Times: user=0,00 sys=0,00, real=0,00 secs] 
14,214: [GC (Allocation Failure) [PSYoungGen: 175712K->96K(169984K)] 177404K->1788K(345088K), 0,0005291 secs] [Times: user=0,00 sys=0,00, real=0,00 secs] 
14,311: [GC (Allocation Failure) [PSYoungGen: 169568K->96K(164352K)] 171260K->1796K(339456K), 0,0006621 secs] [Times: user=0,00 sys=0,00, real=0,00 secs] 
14,412: [GC (Allocation Failure) [PSYoungGen: 163936K->64K(158720K)] 165636K->1764K(333824K), 0,0005249 secs] [Times: user=0,00 sys=0,00, real=0,00 secs] 
14,507: [GC (Allocation Failure) [PSYoungGen: 158272K->96K(153600K)] 159972K->1796K(328704K), 0,0005260 secs] [Times: user=0,00 sys=0,00, real=0,00 secs] 
14,600: [GC (Allocation Failure) [PSYoungGen: 153184K->96K(148480K)] 154884K->1796K(323584K), 0,0005363 secs] [Times: user=0,00 sys=0,00, real=0,00 secs] 
14,689: [GC (Allocation Failure) [PSYoungGen: 148064K->96K(143360K)] 149764K->1796K(318464K), 0,0005383 secs] [Times: user=0,00 sys=0,00, real=0,00 secs] 
14,775: [GC (Allocation Failure) [PSYoungGen: 142944K->64K(138752K)] 144644K->1764K(313856K), 0,0005097 secs] [Times: user=0,00 sys=0,00, real=0,00 secs] 
14,866: [GC (Allocation Failure) [PSYoungGen: 138304K->32K(166400K)] 140004K->1732K(341504K), 0,0026071 secs] [Times: user=0,00 sys=0,00, real=0,00 secs] 
14,978: [GC (Allocation Failure) [PSYoungGen: 165920K->96K(160768K)] 167620K->1796K(335872K), 0,0005243 secs] [Times: user=0,00 sys=0,00, real=0,01 secs] 
15,078: [GC (Allocation Failure) [PSYoungGen: 160352K->96K(155136K)] 162052K->1796K(330240K), 0,0005028 secs] [Times: user=0,00 sys=0,00, real=0,01 secs] 
15,172: [GC (Allocation Failure) [PSYoungGen: 154720K->96K(150016K)] 156420K->1796K(325120K), 0,0004905 secs] [Times: user=0,00 sys=0,00, real=0,00 secs] 
15,265: [GC (Allocation Failure) [PSYoungGen: 149600K->64K(144896K)] 151300K->1764K(320000K), 0,0006364 secs] [Times: user=0,00 sys=0,00, real=0,00 secs] 
15,360: [GC (Allocation Failure) [PSYoungGen: 144448K->96K(140288K)] 146148K->1796K(315392K), 0,0004983 secs] [Times: user=0,00 sys=0,00, real=0,00 secs] 
15,492: [GC (Allocation Failure) [PSYoungGen: 139872K->64K(168448K)] 141572K->1764K(343552K), 0,0036491 secs] [Times: user=0,00 sys=0,00, real=0,00 secs] 
15,628: [GC (Allocation Failure) [PSYoungGen: 168000K->64K(202240K)] 169700K->1764K(377344K), 0,0010403 secs] [Times: user=0,01 sys=0,00, real=0,01 secs] 
15,907: [GC (Allocation Failure) [PSYoungGen: 201792K->128K(195072K)] 203492K->1828K(370176K), 0,0010305 secs] [Times: user=0,01 sys=0,00, real=0,00 secs] 
16,159: [GC (Allocation Failure) [PSYoungGen: 194688K->64K(187904K)] 196388K->1764K(363008K), 0,0013050 secs] [Times: user=0,00 sys=0,00, real=0,01 secs] 
16,318: [GC (Allocation Failure) [PSYoungGen: 187456K->96K(181248K)] 189156K->1796K(356352K), 0,0005209 secs] [Times: user=0,00 sys=0,00, real=0,01 secs] 
16,514: [GC (Allocation Failure) [PSYoungGen: 180831K->64K(175104K)] 182532K->1764K(350208K), 0,0005429 secs] [Times: user=0,00 sys=0,00, real=0,00 secs] 
16,652: [GC (Allocation Failure) [PSYoungGen: 174656K->96K(168960K)] 176356K->1796K(344064K), 0,0012254 secs] [Times: user=0,00 sys=0,01, real=0,00 secs] 
16,754: [GC (Allocation Failure) [PSYoungGen: 168544K->96K(163328K)] 170244K->1796K(338432K), 0,0005124 secs] [Times: user=0,00 sys=0,00, real=0,00 secs] 
16,850: [GC (Allocation Failure) [PSYoungGen: 162912K->64K(157696K)] 164612K->1764K(332800K), 0,0013054 secs] [Times: user=0,00 sys=0,00, real=0,00 secs] 
16,941: [GC (Allocation Failure) [PSYoungGen: 157247K->64K(152576K)] 158948K->1764K(327680K), 0,0004938 secs] [Times: user=0,00 sys=0,00, real=0,00 secs] 
17,028: [GC (Allocation Failure) [PSYoungGen: 152128K->96K(147456K)] 153828K->1796K(322560K), 0,0004887 secs] [Times: user=0,00 sys=0,00, real=0,00 secs] 
17,111: [GC (Allocation Failure) [PSYoungGen: 147040K->96K(142848K)] 148740K->1796K(317952K), 0,0004886 secs] [Times: user=0,00 sys=0,00, real=0,00 secs] 
17,194: [GC (Allocation Failure) [PSYoungGen: 142431K->64K(138240K)] 144132K->1764K(313344K), 0,0005017 secs] [Times: user=0,00 sys=0,00, real=0,00 secs] 
17,275: [GC (Allocation Failure) [PSYoungGen: 137792K->96K(133632K)] 139492K->1796K(308736K), 0,0005016 secs] [Times: user=0,00 sys=0,00, real=0,00 secs] 
17,358: [GC (Allocation Failure) [PSYoungGen: 133216K->96K(129536K)] 134916K->1796K(304640K), 0,0005020 secs] [Times: user=0,00 sys=0,00, real=0,01 secs] 
17,432: [GC (Allocation Failure) [PSYoungGen: 129120K->96K(125440K)] 130820K->1796K(300544K), 0,0004919 secs] [Times: user=0,01 sys=0,00, real=0,00 secs] 
17,505: [GC (Allocation Failure) [PSYoungGen: 125024K->96K(121344K)] 126724K->1796K(296448K), 0,0005196 secs] [Times: user=0,00 sys=0,00, real=0,00 secs] 
17,575: [GC (Allocation Failure) [PSYoungGen: 120928K->96K(117760K)] 122628K->1796K(292864K), 0,0005369 secs] [Times: user=0,00 sys=0,00, real=0,00 secs] 
17,643: [GC (Allocation Failure) [PSYoungGen: 117344K->96K(114176K)] 119044K->1796K(289280K), 0,0004870 secs] [Times: user=0,01 sys=0,00, real=0,00 secs] 
17,709: [GC (Allocation Failure) [PSYoungGen: 113760K->96K(110592K)] 115460K->1796K(285696K), 0,0009481 secs] [Times: user=0,00 sys=0,00, real=0,00 secs] 
17,777: [GC (Allocation Failure) [PSYoungGen: 110176K->96K(107520K)] 111876K->1796K(282624K), 0,0005013 secs] [Times: user=0,00 sys=0,00, real=0,00 secs] 
17,839: [GC (Allocation Failure) [PSYoungGen: 107104K->96K(104448K)] 108804K->1796K(279552K), 0,0005183 secs] [Times: user=0,00 sys=0,00, real=0,00 secs] 
17,899: [GC (Allocation Failure) [PSYoungGen: 104032K->64K(101376K)] 105732K->1764K(276480K), 0,0005463 secs] [Times: user=0,00 sys=0,00, real=0,01 secs] 
17,957: [GC (Allocation Failure) [PSYoungGen: 100928K->96K(98816K)] 102628K->1796K(273920K), 0,0005030 secs] [Times: user=0,00 sys=0,00, real=0,00 secs] 
18,015: [GC (Allocation Failure) [PSYoungGen: 98400K->96K(96256K)] 100100K->1796K(271360K), 0,0004827 secs] [Times: user=0,01 sys=0,00, real=0,00 secs] 
18,073: [GC (Allocation Failure) [PSYoungGen: 95840K->96K(93696K)] 97540K->1796K(268800K), 0,0006201 secs] [Times: user=0,00 sys=0,00, real=0,00 secs] 
18,132: [GC (Allocation Failure) [PSYoungGen: 93280K->96K(91136K)] 94980K->1796K(266240K), 0,0009406 secs] [Times: user=0,00 sys=0,00, real=0,00 secs] 
18,185: [GC (Allocation Failure) [PSYoungGen: 90720K->96K(88576K)] 92420K->1796K(263680K), 0,0004938 secs] [Times: user=0,00 sys=0,00, real=0,00 secs] 
18,235: [GC (Allocation Failure) [PSYoungGen: 88160K->96K(86528K)] 89860K->1796K(261632K), 0,0004953 secs] [Times: user=0,00 sys=0,00, real=0,00 secs] 
18,284: [GC (Allocation Failure) [PSYoungGen: 86112K->64K(84480K)] 87812K->1764K(259584K), 0,0005005 secs] [Times: user=0,00 sys=0,00, real=0,00 secs] 
18,332: [GC (Allocation Failure) [PSYoungGen: 84031K->64K(82432K)] 85732K->1764K(257536K), 0,0005419 secs] [Times: user=0,00 sys=0,00, real=0,00 secs] 
18,379: [GC (Allocation Failure) [PSYoungGen: 81984K->64K(80384K)] 83684K->1764K(255488K), 0,0004842 secs] [Times: user=0,00 sys=0,00, real=0,01 secs] 
18,424: [GC (Allocation Failure) [PSYoungGen: 79936K->96K(78336K)] 81636K->1796K(253440K), 0,0005508 secs] [Times: user=0,00 sys=0,00, real=0,00 secs] 
18,470: [GC (Allocation Failure) [PSYoungGen: 77920K->64K(94208K)] 79620K->1764K(269312K), 0,0005562 secs] [Times: user=0,00 sys=0,00, real=0,00 secs] 
18,524: [GC (Allocation Failure) [PSYoungGen: 93760K->96K(91648K)] 95460K->1796K(266752K), 0,0005445 secs] [Times: user=0,00 sys=0,00, real=0,00 secs] 
18,575: [GC (Allocation Failure) [PSYoungGen: 91232K->96K(89088K)] 92932K->1796K(264192K), 0,0004880 secs] [Times: user=0,01 sys=0,00, real=0,00 secs] 
18,626: [GC (Allocation Failure) [PSYoungGen: 88672K->96K(87040K)] 90372K->1796K(262144K), 0,0004813 secs] [Times: user=0,00 sys=0,00, real=0,00 secs] 
18,676: [GC (Allocation Failure) [PSYoungGen: 86624K->96K(84992K)] 88324K->1796K(260096K), 0,0004943 secs] [Times: user=0,01 sys=0,00, real=0,00 secs] 
18,724: [GC (Allocation Failure) [PSYoungGen: 84576K->96K(82944K)] 86276K->1796K(258048K), 0,0004993 secs] [Times: user=0,00 sys=0,00, real=0,00 secs] 
18,772: [GC (Allocation Failure) [PSYoungGen: 82528K->64K(80896K)] 84228K->1764K(256000K), 0,0006169 secs] [Times: user=0,00 sys=0,00, real=0,00 secs] 
18,819: [GC (Allocation Failure) [PSYoungGen: 80448K->96K(78848K)] 82148K->1796K(253952K), 0,0005123 secs] [Times: user=0,00 sys=0,00, real=0,00 secs] 
18,864: [GC (Allocation Failure) [PSYoungGen: 78432K->96K(76800K)] 80132K->1796K(251904K), 0,0004860 secs] [Times: user=0,00 sys=0,00, real=0,00 secs] 
18,908: [GC (Allocation Failure) [PSYoungGen: 76384K->96K(74752K)] 78084K->1796K(249856K), 0,0004874 secs] [Times: user=0,00 sys=0,00, real=0,00 secs] 
18,950: [GC (Allocation Failure) [PSYoungGen: 74336K->96K(89600K)] 76036K->1796K(264704K), 0,0009114 secs] [Times: user=0,00 sys=0,00, real=0,00 secs] 
19,008: [GC (Allocation Failure) [PSYoungGen: 89184K->64K(107520K)] 90884K->1764K(282624K), 0,0019753 secs] [Times: user=0,00 sys=0,01, real=0,01 secs] 
19,114: [GC (Allocation Failure) [PSYoungGen: 107072K->32K(129024K)] 108772K->1732K(304128K), 0,0012703 secs] [Times: user=0,00 sys=0,00, real=0,00 secs] 
19,213: [GC (Allocation Failure) [PSYoungGen: 128544K->96K(155136K)] 130244K->1796K(330240K), 0,0007021 secs] [Times: user=0,00 sys=0,00, real=0,00 secs] 
19,307: [GC (Allocation Failure) [PSYoungGen: 154720K->96K(186368K)] 156420K->1796K(361472K), 0,0005356 secs] [Times: user=0,00 sys=0,00, real=0,00 secs] 
19,415: [GC (Allocation Failure) [PSYoungGen: 185952K->96K(223744K)] 187652K->1796K(398848K), 0,0007873 secs] [Times: user=0,00 sys=0,00, real=0,00 secs] 
19,562: [GC (Allocation Failure) [PSYoungGen: 223328K->64K(215552K)] 225028K->1764K(390656K), 0,0005178 secs] [Times: user=0,00 sys=0,00, real=0,00 secs] 
19,702: [GC (Allocation Failure) [PSYoungGen: 215104K->96K(207360K)] 216804K->1796K(382464K), 0,0009063 secs] [Times: user=0,00 sys=0,00, real=0,00 secs] 
19,828: [GC (Allocation Failure) [PSYoungGen: 206944K->64K(199680K)] 208644K->1764K(374784K), 0,0004936 secs] [Times: user=0,00 sys=0,00, real=0,01 secs] 
19,948: [GC (Allocation Failure) [PSYoungGen: 199232K->96K(192512K)] 200932K->1796K(367616K), 0,0010080 secs] [Times: user=0,00 sys=0,00, real=0,01 secs] 
20,057: [GC (Allocation Failure) [PSYoungGen: 192096K->96K(185856K)] 193796K->1796K(360960K), 0,0004980 secs] [Times: user=0,00 sys=0,00, real=0,00 secs] 
20,162: [GC (Allocation Failure) [PSYoungGen: 185440K->96K(179200K)] 187140K->1796K(354304K), 0,0005093 secs] [Times: user=0,00 sys=0,00, real=0,00 secs] 
20,263: [GC (Allocation Failure) [PSYoungGen: 178784K->96K(173056K)] 180484K->1796K(348160K), 0,0005248 secs] [Times: user=0,00 sys=0,00, real=0,00 secs] 
20,360: [GC (Allocation Failure) [PSYoungGen: 172640K->96K(166912K)] 174340K->1796K(342016K), 0,0004936 secs] [Times: user=0,00 sys=0,00, real=0,00 secs] 
20,453: [GC (Allocation Failure) [PSYoungGen: 166496K->96K(161280K)] 168196K->1820K(336384K), 0,0005182 secs] [Times: user=0,00 sys=0,00, real=0,00 secs] 
20,544: [GC (Allocation Failure) [PSYoungGen: 160864K->96K(155648K)] 162588K->1820K(330752K), 0,0005020 secs] [Times: user=0,01 sys=0,00, real=0,00 secs] 
20,631: [GC (Allocation Failure) [PSYoungGen: 155232K->64K(150528K)] 156956K->1788K(325632K), 0,0005749 secs] [Times: user=0,00 sys=0,00, real=0,00 secs] 
20,715: [GC (Allocation Failure) [PSYoungGen: 150080K->96K(145408K)] 151804K->1820K(320512K), 0,0005058 secs] [Times: user=0,00 sys=0,00, real=0,00 secs] 
20,796: [GC (Allocation Failure) [PSYoungGen: 144992K->64K(140800K)] 146716K->1788K(315904K), 0,0004978 secs] [Times: user=0,00 sys=0,00, real=0,00 secs] 
20,875: [GC (Allocation Failure) [PSYoungGen: 140352K->96K(136192K)] 142076K->1820K(311296K), 0,0004961 secs] [Times: user=0,00 sys=0,00, real=0,00 secs] 
20,952: [GC (Allocation Failure) [PSYoungGen: 135776K->96K(132096K)] 137500K->1820K(307200K), 0,0004916 secs] [Times: user=0,01 sys=0,00, real=0,00 secs] 
21,027: [GC (Allocation Failure) [PSYoungGen: 131680K->96K(128000K)] 133404K->1820K(303104K), 0,0004888 secs] [Times: user=0,00 sys=0,00, real=0,00 secs] 
21,100: [GC (Allocation Failure) [PSYoungGen: 127584K->64K(123904K)] 129308K->1788K(299008K), 0,0005026 secs] [Times: user=0,00 sys=0,00, real=0,00 secs] 
21,169: [GC (Allocation Failure) [PSYoungGen: 123456K->96K(120320K)] 125180K->1820K(295424K), 0,0004885 secs] [Times: user=0,00 sys=0,00, real=0,00 secs] 
21,236: [GC (Allocation Failure) [PSYoungGen: 119904K->96K(116736K)] 121628K->1820K(291840K), 0,0005349 secs] [Times: user=0,00 sys=0,00, real=0,00 secs] 
21,302: [GC (Allocation Failure) [PSYoungGen: 116320K->96K(113152K)] 118044K->1820K(288256K), 0,0004952 secs] [Times: user=0,00 sys=0,00, real=0,00 secs] 
21,365: [GC (Allocation Failure) [PSYoungGen: 112736K->96K(110080K)] 114460K->1820K(285184K), 0,0005605 secs] [Times: user=0,00 sys=0,00, real=0,00 secs] 
21,427: [GC (Allocation Failure) [PSYoungGen: 109664K->96K(107008K)] 111388K->1820K(282112K), 0,0004950 secs] [Times: user=0,00 sys=0,00, real=0,00 secs] 
21,487: [GC (Allocation Failure) [PSYoungGen: 106592K->96K(103936K)] 108316K->1820K(279040K), 0,0004926 secs] [Times: user=0,00 sys=0,00, real=0,00 secs] 
21,546: [GC (Allocation Failure) [PSYoungGen: 103520K->96K(100864K)] 105244K->1820K(275968K), 0,0005097 secs] [Times: user=0,00 sys=0,00, real=0,00 secs] 
21,605: [GC (Allocation Failure) [PSYoungGen: 100448K->64K(98304K)] 102172K->1788K(273408K), 0,0004890 secs] [Times: user=0,00 sys=0,00, real=0,00 secs] 
21,661: [GC (Allocation Failure) [PSYoungGen: 97856K->64K(95744K)] 99580K->1788K(270848K), 0,0005553 secs] [Times: user=0,00 sys=0,00, real=0,00 secs] 
21,715: [GC (Allocation Failure) [PSYoungGen: 95296K->96K(93184K)] 97020K->1820K(268288K), 0,0005175 secs] [Times: user=0,00 sys=0,01, real=0,00 secs] 
21,767: [GC (Allocation Failure) [PSYoungGen: 92768K->96K(90624K)] 94492K->1820K(265728K), 0,0005779 secs] [Times: user=0,01 sys=0,00, real=0,00 secs] 
21,818: [GC (Allocation Failure) [PSYoungGen: 90208K->96K(88064K)] 91932K->1820K(263168K), 0,0004916 secs] [Times: user=0,00 sys=0,00, real=0,01 secs] 
21,868: [GC (Allocation Failure) [PSYoungGen: 87648K->96K(86016K)] 89372K->1820K(261120K), 0,0004946 secs] [Times: user=0,00 sys=0,00, real=0,00 secs] 
21,916: [GC (Allocation Failure) [PSYoungGen: 85600K->96K(83968K)] 87324K->1820K(259072K), 0,0005126 secs] [Times: user=0,00 sys=0,00, real=0,00 secs] 
21,963: [GC (Allocation Failure) [PSYoungGen: 83552K->96K(81920K)] 85276K->1820K(257024K), 0,0004847 secs] [Times: user=0,00 sys=0,00, real=0,00 secs] 
22,010: [GC (Allocation Failure) [PSYoungGen: 81504K->96K(79872K)] 83228K->1820K(254976K), 0,0004912 secs] [Times: user=0,00 sys=0,00, real=0,00 secs] 
22,055: [GC (Allocation Failure) [PSYoungGen: 79456K->96K(77824K)] 81180K->1820K(252928K), 0,0005213 secs] [Times: user=0,00 sys=0,00, real=0,00 secs] 
22,098: [GC (Allocation Failure) [PSYoungGen: 77408K->96K(75776K)] 79132K->1820K(250880K), 0,0005555 secs] [Times: user=0,00 sys=0,00, real=0,01 secs] 
22,141: [GC (Allocation Failure) [PSYoungGen: 75360K->96K(91136K)] 77084K->1820K(266240K), 0,0004991 secs] [Times: user=0,00 sys=0,00, real=0,00 secs] 
22,192: [GC (Allocation Failure) [PSYoungGen: 90720K->96K(88576K)] 92444K->1820K(263680K), 0,0004847 secs] [Times: user=0,00 sys=0,00, real=0,00 secs] 
22,242: [GC (Allocation Failure) [PSYoungGen: 88160K->96K(86528K)] 89884K->1820K(261632K), 0,0005468 secs] [Times: user=0,00 sys=0,00, real=0,00 secs] 
22,290: [GC (Allocation Failure) [PSYoungGen: 86112K->96K(84480K)] 87836K->1820K(259584K), 0,0004914 secs] [Times: user=0,00 sys=0,00, real=0,00 secs] 
22,338: [GC (Allocation Failure) [PSYoungGen: 84064K->96K(82432K)] 85788K->1820K(257536K), 0,0004948 secs] [Times: user=0,00 sys=0,00, real=0,00 secs] 
22,384: [GC (Allocation Failure) [PSYoungGen: 82016K->96K(80384K)] 83740K->1820K(255488K), 0,0004819 secs] [Times: user=0,00 sys=0,00, real=0,00 secs] 
22,430: [GC (Allocation Failure) [PSYoungGen: 79968K->96K(78336K)] 81692K->1820K(253440K), 0,0004958 secs] [Times: user=0,00 sys=0,00, real=0,00 secs] 
22,474: [GC (Allocation Failure) [PSYoungGen: 77920K->96K(76288K)] 79644K->1820K(251392K), 0,0004952 secs] [Times: user=0,00 sys=0,00, real=0,00 secs] 
22,518: [GC (Allocation Failure) [PSYoungGen: 75872K->96K(74752K)] 77596K->1820K(249856K), 0,0005071 secs] [Times: user=0,00 sys=0,00, real=0,01 secs] 
22,561: [GC (Allocation Failure) [PSYoungGen: 74336K->64K(73216K)] 76060K->1788K(248320K), 0,0005003 secs] [Times: user=0,01 sys=0,00, real=0,00 secs] 
22,602: [GC (Allocation Failure) [PSYoungGen: 72768K->96K(88064K)] 74492K->1820K(263168K), 0,0004850 secs] [Times: user=0,00 sys=0,00, real=0,00 secs] 
22,652: [GC (Allocation Failure) [PSYoungGen: 87648K->64K(105984K)] 89372K->1788K(281088K), 0,0005985 secs] [Times: user=0,00 sys=0,00, real=0,00 secs] 
22,711: [GC (Allocation Failure) [PSYoungGen: 105536K->96K(102912K)] 107260K->1820K(278016K), 0,0005078 secs] [Times: user=0,00 sys=0,00, real=0,00 secs] 
22,769: [GC (Allocation Failure) [PSYoungGen: 102496K->96K(99840K)] 104220K->1820K(274944K), 0,0005289 secs] [Times: user=0,00 sys=0,00, real=0,00 secs] 
22,825: [GC (Allocation Failure) [PSYoungGen: 99424K->64K(97280K)] 101148K->1788K(272384K), 0,0004995 secs] [Times: user=0,00 sys=0,00, real=0,00 secs] 
22,880: [GC (Allocation Failure) [PSYoungGen: 96832K->64K(94720K)] 98556K->1788K(269824K), 0,0004878 secs] [Times: user=0,01 sys=0,00, real=0,00 secs] 
22,933: [GC (Allocation Failure) [PSYoungGen: 94272K->96K(92160K)] 95996K->1820K(267264K), 0,0005083 secs] [Times: user=0,00 sys=0,00, real=0,00 secs] 
22,985: [GC (Allocation Failure) [PSYoungGen: 91744K->96K(89600K)] 93468K->1820K(264704K), 0,0005014 secs] [Times: user=0,00 sys=0,00, real=0,00 secs] 
23,036: [GC (Allocation Failure) [PSYoungGen: 89184K->96K(87040K)] 90908K->1820K(262144K), 0,0004887 secs] [Times: user=0,00 sys=0,00, real=0,00 secs] 
23,085: [GC (Allocation Failure) [PSYoungGen: 86624K->96K(84992K)] 88348K->1820K(260096K), 0,0005247 secs] [Times: user=0,00 sys=0,00, real=0,00 secs] 
23,134: [GC (Allocation Failure) [PSYoungGen: 84576K->96K(82944K)] 86300K->1820K(258048K), 0,0004994 secs] [Times: user=0,00 sys=0,00, real=0,00 secs] 
23,181: [GC (Allocation Failure) [PSYoungGen: 82528K->128K(99840K)] 84252K->1852K(274944K), 0,0008088 secs] [Times: user=0,00 sys=0,00, real=0,00 secs] 
23,238: [GC (Allocation Failure) [PSYoungGen: 99456K->96K(119808K)] 101180K->1820K(294912K), 0,0005287 secs] [Times: user=0,00 sys=0,00, real=0,00 secs] 
23,305: [GC (Allocation Failure) [PSYoungGen: 119392K->96K(116224K)] 121116K->1820K(291328K), 0,0005112 secs] [Times: user=0,00 sys=0,00, real=0,00 secs] 
23,370: [GC (Allocation Failure) [PSYoungGen: 115808K->96K(112640K)] 117532K->1820K(287744K), 0,0005776 secs] [Times: user=0,00 sys=0,00, real=0,00 secs] 
23,433: [GC (Allocation Failure) [PSYoungGen: 112224K->96K(109568K)] 113948K->1820K(284672K), 0,0005259 secs] [Times: user=0,00 sys=0,00, real=0,00 secs] 
23,495: [GC (Allocation Failure) [PSYoungGen: 109152K->96K(106496K)] 110876K->1820K(281600K), 0,0005012 secs] [Times: user=0,01 sys=0,00, real=0,00 secs] 
23,554: [GC (Allocation Failure) [PSYoungGen: 106080K->96K(103424K)] 107804K->1820K(278528K), 0,0004862 secs] [Times: user=0,01 sys=0,00, real=0,00 secs] 
23,612: [GC (Allocation Failure) [PSYoungGen: 103008K->96K(100352K)] 104732K->1820K(275456K), 0,0004911 secs] [Times: user=0,00 sys=0,00, real=0,00 secs] 
23,668: [GC (Allocation Failure) [PSYoungGen: 99936K->96K(97792K)] 101660K->1820K(272896K), 0,0005262 secs] [Times: user=0,00 sys=0,00, real=0,01 secs] 
23,723: [GC (Allocation Failure) [PSYoungGen: 97376K->96K(95232K)] 99100K->1820K(270336K), 0,0005215 secs] [Times: user=0,01 sys=0,00, real=0,00 secs] 
23,777: [GC (Allocation Failure) [PSYoungGen: 94816K->96K(92672K)] 96540K->1820K(267776K), 0,0005098 secs] [Times: user=0,00 sys=0,00, real=0,00 secs] 
23,828: [GC (Allocation Failure) [PSYoungGen: 92256K->96K(90112K)] 93980K->1820K(265216K), 0,0004959 secs] [Times: user=0,00 sys=0,00, real=0,01 secs] 
23,879: [GC (Allocation Failure) [PSYoungGen: 89696K->96K(87552K)] 91420K->1820K(262656K), 0,0005030 secs] [Times: user=0,00 sys=0,00, real=0,00 secs] 
23,928: [GC (Allocation Failure) [PSYoungGen: 87136K->64K(85504K)] 88860K->1788K(260608K), 0,0004972 secs] [Times: user=0,00 sys=0,00, real=0,01 secs] 
23,977: [GC (Allocation Failure) [PSYoungGen: 85056K->96K(83456K)] 86780K->1820K(258560K), 0,0005060 secs] [Times: user=0,00 sys=0,00, real=0,00 secs] 
24,023: [GC (Allocation Failure) [PSYoungGen: 83040K->64K(81408K)] 84764K->1788K(256512K), 0,0004929 secs] [Times: user=0,00 sys=0,00, real=0,00 secs] 
24,069: [GC (Allocation Failure) [PSYoungGen: 80960K->96K(79360K)] 82684K->1820K(254464K), 0,0004929 secs] [Times: user=0,00 sys=0,00, real=0,00 secs] 
24,114: [GC (Allocation Failure) [PSYoungGen: 78944K->96K(77312K)] 80668K->1820K(252416K), 0,0005347 secs] [Times: user=0,00 sys=0,00, real=0,00 secs] 
24,157: [GC (Allocation Failure) [PSYoungGen: 76896K->96K(75264K)] 78620K->1820K(250368K), 0,0005168 secs] [Times: user=0,00 sys=0,00, real=0,00 secs] 
24,199: [GC (Allocation Failure) [PSYoungGen: 74847K->96K(90624K)] 76572K->1820K(265728K), 0,0004850 secs] [Times: user=0,00 sys=0,00, real=0,00 secs] 
24,250: [GC (Allocation Failure) [PSYoungGen: 90208K->32K(109056K)] 91932K->1756K(284160K), 0,0011921 secs] [Times: user=0,00 sys=0,00, real=0,00 secs] 
24,312: [GC (Allocation Failure) [PSYoungGen: 108576K->96K(131072K)] 110300K->1820K(306176K), 0,0004795 secs] [Times: user=0,00 sys=0,00, real=0,00 secs] 
24,385: [GC (Allocation Failure) [PSYoungGen: 130656K->64K(157184K)] 132380K->1788K(332288K), 0,0005000 secs] [Times: user=0,00 sys=0,00, real=0,00 secs] 
24,473: [GC (Allocation Failure) [PSYoungGen: 156736K->96K(152064K)] 158460K->1820K(327168K), 0,0004932 secs] [Times: user=0,00 sys=0,00, real=0,00 secs] 
24,558: [GC (Allocation Failure) [PSYoungGen: 151648K->96K(146944K)] 153372K->1820K(322048K), 0,0005393 secs] [Times: user=0,00 sys=0,00, real=0,01 secs] 
24,643: [GC (Allocation Failure) [PSYoungGen: 146528K->64K(142336K)] 148252K->1796K(317440K), 0,0007130 secs] [Times: user=0,00 sys=0,00, real=0,00 secs] 
24,727: [GC (Allocation Failure) [PSYoungGen: 141888K->96K(137728K)] 143620K->1828K(312832K), 0,0004920 secs] [Times: user=0,00 sys=0,00, real=0,00 secs] 
24,805: [GC (Allocation Failure) [PSYoungGen: 137312K->96K(133120K)] 139044K->1828K(308224K), 0,0005004 secs] [Times: user=0,00 sys=0,00, real=0,00 secs] 
24,880: [GC (Allocation Failure) [PSYoungGen: 132704K->96K(129024K)] 134436K->1828K(304128K), 0,0005163 secs] [Times: user=0,00 sys=0,00, real=0,00 secs] 
24,979: [GC (Allocation Failure) [PSYoungGen: 128608K->96K(124928K)] 130340K->1828K(300032K), 0,0005245 secs] [Times: user=0,00 sys=0,00, real=0,00 secs] 
25,100: [GC (Allocation Failure) [PSYoungGen: 124512K->64K(121344K)] 126244K->1796K(296448K), 0,0005110 secs] [Times: user=0,00 sys=0,00, real=0,00 secs] 
25,186: [GC (Allocation Failure) [PSYoungGen: 120896K->96K(117760K)] 122628K->1828K(292864K), 0,0005296 secs] [Times: user=0,00 sys=0,00, real=0,00 secs] 
25,253: [GC (Allocation Failure) [PSYoungGen: 117344K->96K(114176K)] 119076K->1828K(289280K), 0,0004998 secs] [Times: user=0,01 sys=0,00, real=0,00 secs] 
25,317: [GC (Allocation Failure) [PSYoungGen: 113760K->64K(110592K)] 115492K->1796K(285696K), 0,0004896 secs] [Times: user=0,00 sys=0,00, real=0,00 secs] 
25,380: [GC (Allocation Failure) [PSYoungGen: 110144K->96K(107520K)] 111876K->1828K(282624K), 0,0005561 secs] [Times: user=0,00 sys=0,00, real=0,00 secs] 
25,443: [GC (Allocation Failure) [PSYoungGen: 107104K->96K(104448K)] 108836K->1828K(279552K), 0,0004972 secs] [Times: user=0,00 sys=0,00, real=0,00 secs] 
25,505: [GC (Allocation Failure) [PSYoungGen: 104031K->96K(101376K)] 105764K->1828K(276480K), 0,0005572 secs] [Times: user=0,00 sys=0,01, real=0,00 secs] 
25,565: [GC (Allocation Failure) [PSYoungGen: 100960K->96K(98816K)] 102692K->1828K(273920K), 0,0005020 secs] [Times: user=0,00 sys=0,00, real=0,00 secs] 
25,625: [GC (Allocation Failure) [PSYoungGen: 98400K->64K(96256K)] 100132K->1796K(271360K), 0,0040108 secs] [Times: user=0,00 sys=0,00, real=0,01 secs] 
25,688: [GC (Allocation Failure) [PSYoungGen: 95808K->64K(93696K)] 97540K->1796K(268800K), 0,0008384 secs] [Times: user=0,00 sys=0,00, real=0,00 secs] 
25,744: [GC (Allocation Failure) [PSYoungGen: 93248K->96K(91136K)] 94980K->1828K(266240K), 0,0005005 secs] [Times: user=0,01 sys=0,00, real=0,00 secs] 
25,797: [GC (Allocation Failure) [PSYoungGen: 90720K->96K(88576K)] 92452K->1828K(263680K), 0,0005525 secs] [Times: user=0,00 sys=0,00, real=0,00 secs] 
25,853: [GC (Allocation Failure) [PSYoungGen: 88160K->32K(106496K)] 89892K->1764K(281600K), 0,0014309 secs] [Times: user=0,00 sys=0,00, real=0,00 secs] 
25,917: [GC (Allocation Failure) [PSYoungGen: 106016K->64K(128000K)] 107748K->1796K(303104K), 0,0004935 secs] [Times: user=0,00 sys=0,00, real=0,00 secs] 
25,993: [GC (Allocation Failure) [PSYoungGen: 127552K->96K(123904K)] 129284K->1828K(299008K), 0,0004976 secs] [Times: user=0,00 sys=0,00, real=0,00 secs] 
26,065: [GC (Allocation Failure) [PSYoungGen: 123488K->96K(120320K)] 125220K->1828K(295424K), 0,0004970 secs] [Times: user=0,00 sys=0,00, real=0,00 secs] 
26,137: [GC (Allocation Failure) [PSYoungGen: 119904K->32K(144384K)] 121636K->1764K(319488K), 0,0012456 secs] [Times: user=0,00 sys=0,00, real=0,00 secs] 
26,222: [GC (Allocation Failure) [PSYoungGen: 143904K->96K(139776K)] 145636K->1828K(314880K), 0,0004852 secs] [Times: user=0,00 sys=0,00, real=0,00 secs] 
26,303: [GC (Allocation Failure) [PSYoungGen: 139360K->64K(135168K)] 141092K->1796K(310272K), 0,0009217 secs] [Times: user=0,00 sys=0,00, real=0,00 secs] 
26,385: [GC (Allocation Failure) [PSYoungGen: 134720K->96K(162304K)] 136452K->1828K(337408K), 0,0009529 secs] [Times: user=0,00 sys=0,00, real=0,00 secs] 
26,487: [GC (Allocation Failure) [PSYoungGen: 161888K->64K(156672K)] 163620K->1796K(331776K), 0,0009089 secs] [Times: user=0,00 sys=0,00, real=0,00 secs] 
26,692: [GC (Allocation Failure) [PSYoungGen: 156224K->96K(151552K)] 157956K->1828K(326656K), 0,0005151 secs] [Times: user=0,01 sys=0,00, real=0,00 secs] 
26,819: [GC (Allocation Failure) [PSYoungGen: 151136K->96K(146432K)] 152868K->1828K(321536K), 0,0012379 secs] [Times: user=0,00 sys=0,00, real=0,00 secs] 
26,909: [GC (Allocation Failure) [PSYoungGen: 146016K->96K(141824K)] 147748K->1828K(316928K), 0,0005455 secs] [Times: user=0,00 sys=0,00, real=0,00 secs] 
27,001: [GC (Allocation Failure) [PSYoungGen: 141408K->96K(137216K)] 143140K->1828K(312320K), 0,0004986 secs] [Times: user=0,00 sys=0,00, real=0,00 secs] 
27,085: [GC (Allocation Failure) [PSYoungGen: 136800K->96K(132608K)] 138532K->1828K(307712K), 0,0005127 secs] [Times: user=0,00 sys=0,00, real=0,00 secs] 
27,168: [GC (Allocation Failure) [PSYoungGen: 132192K->96K(128512K)] 133924K->1828K(303616K), 0,0004999 secs] [Times: user=0,00 sys=0,00, real=0,01 secs] 
27,254: [GC (Allocation Failure) [PSYoungGen: 128096K->96K(124416K)] 129828K->1828K(299520K), 0,0012712 secs] [Times: user=0,00 sys=0,00, real=0,00 secs] 
27,334: [GC (Allocation Failure) [PSYoungGen: 124000K->96K(120832K)] 125732K->1828K(295936K), 0,0004972 secs] [Times: user=0,00 sys=0,00, real=0,00 secs] 
27,408: [GC (Allocation Failure) [PSYoungGen: 120416K->96K(117248K)] 122148K->1828K(292352K), 0,0004926 secs] [Times: user=0,00 sys=0,00, real=0,00 secs] 
27,477: [GC (Allocation Failure) [PSYoungGen: 116832K->64K(113664K)] 118564K->1796K(288768K), 0,0004879 secs] [Times: user=0,00 sys=0,00, real=0,00 secs] 
27,543: [GC (Allocation Failure) [PSYoungGen: 113216K->96K(110592K)] 114948K->1828K(285696K), 0,0004902 secs] [Times: user=0,00 sys=0,00, real=0,00 secs] 
27,609: [GC (Allocation Failure) [PSYoungGen: 110176K->96K(107520K)] 111908K->1828K(282624K), 0,0004890 secs] [Times: user=0,00 sys=0,00, real=0,00 secs] 
27,694: [GC (Allocation Failure) [PSYoungGen: 107104K->64K(104448K)] 108836K->1796K(279552K), 0,0010505 secs] [Times: user=0,00 sys=0,00, real=0,00 secs] 
27,792: [GC (Allocation Failure) [PSYoungGen: 104000K->96K(101376K)] 105732K->1828K(276480K), 0,0005079 secs] [Times: user=0,00 sys=0,00, real=0,00 secs] 
27,938: [GC (Allocation Failure) [PSYoungGen: 100960K->64K(98816K)] 102692K->1796K(273920K), 0,0006609 secs] [Times: user=0,01 sys=0,00, real=0,01 secs] 
28,056: [GC (Allocation Failure) [PSYoungGen: 98368K->64K(118784K)] 100100K->1796K(293888K), 0,0101959 secs] [Times: user=0,00 sys=0,00, real=0,01 secs] 
28,212: [GC (Allocation Failure) [PSYoungGen: 118336K->96K(142848K)] 120068K->1828K(317952K), 0,0005583 secs] [Times: user=0,00 sys=0,00, real=0,00 secs] 
28,304: [GC (Allocation Failure) [PSYoungGen: 142432K->96K(171520K)] 144164K->1828K(346624K), 0,0005133 secs] [Times: user=0,00 sys=0,00, real=0,00 secs] 
28,401: [GC (Allocation Failure) [PSYoungGen: 171104K->96K(205824K)] 172836K->1828K(380928K), 0,0005052 secs] [Times: user=0,00 sys=0,00, real=0,00 secs] 
28,518: [GC (Allocation Failure) [PSYoungGen: 205408K->96K(247296K)] 207140K->1828K(422400K), 0,0005064 secs] [Times: user=0,00 sys=0,00, real=0,00 secs] 
28,657: [GC (Allocation Failure) [PSYoungGen: 246880K->96K(237568K)] 248612K->1828K(412672K), 0,0004966 secs] [Times: user=0,01 sys=0,00, real=0,00 secs] 
28,799: [GC (Allocation Failure) [PSYoungGen: 237152K->96K(228352K)] 238884K->1828K(403456K), 0,0005071 secs] [Times: user=0,00 sys=0,01, real=0,00 secs] 
28,927: [GC (Allocation Failure) [PSYoungGen: 227936K->64K(219648K)] 229668K->1796K(394752K), 0,0005104 secs] [Times: user=0,00 sys=0,00, real=0,00 secs] 
29,052: [GC (Allocation Failure) [PSYoungGen: 219200K->64K(211456K)] 220932K->1796K(386560K), 0,0004995 secs] [Times: user=0,00 sys=0,00, real=0,00 secs] 
29,174: [GC (Allocation Failure) [PSYoungGen: 211008K->64K(203776K)] 212740K->1796K(378880K), 0,0005272 secs] [Times: user=0,00 sys=0,00, real=0,00 secs] 
29,290: [GC (Allocation Failure) [PSYoungGen: 203328K->96K(196096K)] 205060K->1828K(371200K), 0,0005129 secs] [Times: user=0,01 sys=0,00, real=0,00 secs] 
29,401: [GC (Allocation Failure) [PSYoungGen: 195680K->96K(188928K)] 197412K->1828K(364032K), 0,0004974 secs] [Times: user=0,00 sys=0,00, real=0,00 secs] 
29,507: [GC (Allocation Failure) [PSYoungGen: 188512K->96K(182272K)] 190244K->1828K(357376K), 0,0004984 secs] [Times: user=0,00 sys=0,00, real=0,00 secs] 
29,609: [GC (Allocation Failure) [PSYoungGen: 181856K->96K(175616K)] 183588K->1828K(350720K), 0,0004944 secs] [Times: user=0,01 sys=0,00, real=0,00 secs] 
29,707: [GC (Allocation Failure) [PSYoungGen: 175200K->96K(169472K)] 176932K->1828K(344576K), 0,0005049 secs] [Times: user=0,00 sys=0,00, real=0,00 secs] 
29,802: [GC (Allocation Failure) [PSYoungGen: 169056K->96K(163840K)] 170788K->1828K(338944K), 0,0004921 secs] [Times: user=0,00 sys=0,00, real=0,00 secs] 
29,919: [GC (Allocation Failure) [PSYoungGen: 163424K->96K(158208K)] 165156K->1828K(333312K), 0,0005298 secs] [Times: user=0,00 sys=0,00, real=0,00 secs] 
30,018: [GC (Allocation Failure) [PSYoungGen: 157792K->96K(153088K)] 159524K->1828K(328192K), 0,0004916 secs] [Times: user=0,00 sys=0,00, real=0,01 secs] 
30,118: [GC (Allocation Failure) [PSYoungGen: 152672K->96K(147968K)] 154404K->1828K(323072K), 0,0005256 secs] [Times: user=0,01 sys=0,00, real=0,00 secs] 
30,250: [GC (Allocation Failure) [PSYoungGen: 147552K->96K(143360K)] 149284K->1828K(318464K), 0,0014315 secs] [Times: user=0,00 sys=0,00, real=0,00 secs] 
30,387: [GC (Allocation Failure) [PSYoungGen: 142944K->128K(138752K)] 144676K->1860K(313856K), 0,0007289 secs] [Times: user=0,00 sys=0,00, real=0,00 secs] 
30,481: [GC (Allocation Failure) [PSYoungGen: 138368K->96K(134144K)] 140100K->1852K(309248K), 0,0007376 secs] [Times: user=0,00 sys=0,00, real=0,00 secs] 
30,571: [GC (Allocation Failure) [PSYoungGen: 133728K->32K(130048K)] 135484K->1788K(305152K), 0,0005436 secs] [Times: user=0,01 sys=0,00, real=0,00 secs] 
30,644: [GC (Allocation Failure) [PSYoungGen: 129568K->96K(125952K)] 131324K->1852K(301056K), 0,0005372 secs] [Times: user=0,00 sys=0,00, real=0,00 secs] 
30,716: [GC (Allocation Failure) [PSYoungGen: 125536K->64K(121856K)] 127292K->1820K(296960K), 0,0005286 secs] [Times: user=0,00 sys=0,00, real=0,00 secs] 
30,785: [GC (Allocation Failure) [PSYoungGen: 121408K->64K(118272K)] 123164K->1820K(293376K), 0,0005010 secs] [Times: user=0,00 sys=0,00, real=0,00 secs] 
30,851: [GC (Allocation Failure) [PSYoungGen: 117824K->96K(114688K)] 119580K->1852K(289792K), 0,0004990 secs] [Times: user=0,01 sys=0,00, real=0,00 secs] 
30,916: [GC (Allocation Failure) [PSYoungGen: 114272K->96K(111104K)] 116028K->1852K(286208K), 0,0005218 secs] [Times: user=0,00 sys=0,00, real=0,00 secs] 
30,986: [GC (Allocation Failure) [PSYoungGen: 110688K->64K(108032K)] 112444K->1820K(283136K), 0,0005483 secs] [Times: user=0,00 sys=0,00, real=0,00 secs] 
31,050: [GC (Allocation Failure) [PSYoungGen: 107584K->96K(104960K)] 109340K->1852K(280064K), 0,0005237 secs] [Times: user=0,00 sys=0,00, real=0,00 secs] 
31,109: [GC (Allocation Failure) [PSYoungGen: 104544K->96K(101888K)] 106300K->1852K(276992K), 0,0009481 secs] [Times: user=0,00 sys=0,00, real=0,00 secs] 
31,169: [GC (Allocation Failure) [PSYoungGen: 101472K->96K(98816K)] 103228K->1852K(273920K), 0,0005647 secs] [Times: user=0,00 sys=0,00, real=0,00 secs] 
31,230: [GC (Allocation Failure) [PSYoungGen: 98400K->64K(96256K)] 100156K->1820K(271360K), 0,0006831 secs] [Times: user=0,00 sys=0,00, real=0,00 secs] 
31,317: [GC (Allocation Failure) [PSYoungGen: 95808K->64K(115712K)] 97564K->1820K(290816K), 0,0015340 secs] [Times: user=0,00 sys=0,00, real=0,01 secs] 
31,423: [GC (Allocation Failure) [PSYoungGen: 115264K->64K(138752K)] 117020K->1820K(313856K), 0,0016500 secs] [Times: user=0,00 sys=0,00, real=0,00 secs] 
31,506: [GC (Allocation Failure) [PSYoungGen: 138304K->96K(166400K)] 140060K->1852K(341504K), 0,0005034 secs] [Times: user=0,00 sys=0,00, real=0,00 secs] 
31,603: [GC (Allocation Failure) [PSYoungGen: 165984K->64K(160768K)] 167740K->1820K(335872K), 0,0005164 secs] [Times: user=0,00 sys=0,00, real=0,00 secs] 
31,694: [GC (Allocation Failure) [PSYoungGen: 160320K->96K(155136K)] 162076K->1852K(330240K), 0,0004889 secs] [Times: user=0,00 sys=0,00, real=0,00 secs] 
31,783: [GC (Allocation Failure) [PSYoungGen: 154720K->32K(186368K)] 156476K->1788K(361472K), 0,0016811 secs] [Times: user=0,01 sys=0,00, real=0,00 secs] 
31,937: [GC (Allocation Failure) [PSYoungGen: 185888K->32K(179712K)] 187644K->1788K(354816K), 0,0011386 secs] [Times: user=0,00 sys=0,00, real=0,00 secs] 
32,079: [GC (Allocation Failure) [PSYoungGen: 179232K->96K(173568K)] 180988K->1852K(348672K), 0,0013614 secs] [Times: user=0,00 sys=0,00, real=0,00 secs] 
32,217: [GC (Allocation Failure) [PSYoungGen: 173152K->64K(167424K)] 174908K->1820K(342528K), 0,0006182 secs] [Times: user=0,00 sys=0,00, real=0,00 secs] 
32,347: [GC (Allocation Failure) [PSYoungGen: 166976K->96K(161792K)] 168732K->1852K(336896K), 0,0013456 secs] [Times: user=0,00 sys=0,01, real=0,01 secs] 
32,470: [GC (Allocation Failure) [PSYoungGen: 161376K->32K(156160K)] 163132K->1788K(331264K), 0,0015453 secs] [Times: user=0,00 sys=0,00, real=0,00 secs] 
32,618: [GC (Allocation Failure) [PSYoungGen: 155680K->32K(187392K)] 157436K->1788K(362496K), 0,0026066 secs] [Times: user=0,00 sys=0,00, real=0,01 secs] 
32,817: [GC (Allocation Failure) [PSYoungGen: 186912K->64K(224768K)] 188668K->1820K(399872K), 0,0036687 secs] [Times: user=0,01 sys=0,00, real=0,01 secs] 
33,035: [GC (Allocation Failure) [PSYoungGen: 224320K->64K(269824K)] 226076K->1820K(444928K), 0,0010378 secs] [Times: user=0,00 sys=0,00, real=0,00 secs] 
33,278: [GC (Allocation Failure) [PSYoungGen: 269376K->32K(259072K)] 271132K->1788K(434176K), 0,0019546 secs] [Times: user=0,00 sys=0,00, real=0,01 secs] 
33,509: [GC (Allocation Failure) [PSYoungGen: 258592K->64K(248832K)] 260348K->1820K(423936K), 0,0029272 secs] [Times: user=0,00 sys=0,00, real=0,00 secs] 
33,748: [GC (Allocation Failure) [PSYoungGen: 248384K->96K(239104K)] 250140K->1852K(414208K), 0,0013004 secs] [Times: user=0,00 sys=0,00, real=0,01 secs] 
33,959: [GC (Allocation Failure) [PSYoungGen: 238688K->64K(229888K)] 240444K->1820K(404992K), 0,0022554 secs] [Times: user=0,01 sys=0,00, real=0,00 secs] 
34,184: [GC (Allocation Failure) [PSYoungGen: 229440K->64K(221184K)] 231196K->1820K(396288K), 0,0005054 secs] [Times: user=0,00 sys=0,00, real=0,00 secs] 
34,403: [GC (Allocation Failure) [PSYoungGen: 220736K->96K(212992K)] 222492K->1852K(388096K), 0,0005049 secs] [Times: user=0,00 sys=0,00, real=0,00 secs] 
34,602: [GC (Allocation Failure) [PSYoungGen: 212576K->64K(205312K)] 214332K->1820K(380416K), 0,0010806 secs] [Times: user=0,00 sys=0,00, real=0,00 secs] 
34,732: [GC (Allocation Failure) [PSYoungGen: 204864K->96K(197632K)] 206620K->1852K(372736K), 0,0005444 secs] [Times: user=0,00 sys=0,00, real=0,00 secs] 
34,857: [GC (Allocation Failure) [PSYoungGen: 197216K->96K(190464K)] 198972K->1852K(365568K), 0,0005219 secs] [Times: user=0,00 sys=0,00, real=0,00 secs] 
34,977: [GC (Allocation Failure) [PSYoungGen: 190047K->96K(183808K)] 191804K->1852K(358912K), 0,0005193 secs] [Times: user=0,00 sys=0,00, real=0,00 secs] 
35,113: [GC (Allocation Failure) [PSYoungGen: 183392K->64K(177152K)] 185148K->1820K(352256K), 0,0016145 secs] [Times: user=0,00 sys=0,00, real=0,00 secs] 
35,281: [GC (Allocation Failure) [PSYoungGen: 176704K->64K(171008K)] 178460K->1820K(346112K), 0,0020177 secs] [Times: user=0,00 sys=0,00, real=0,00 secs] 
35,414: [GC (Allocation Failure) [PSYoungGen: 170560K->32K(164864K)] 172316K->1788K(339968K), 0,0016381 secs] [Times: user=0,01 sys=0,00, real=0,00 secs] 
35,527: [GC (Allocation Failure) [PSYoungGen: 164383K->96K(159232K)] 166140K->1852K(334336K), 0,0005140 secs] [Times: user=0,01 sys=0,00, real=0,00 secs] 
35,624: [GC (Allocation Failure) [PSYoungGen: 158816K->96K(154112K)] 160572K->1852K(329216K), 0,0005225 secs] [Times: user=0,00 sys=0,00, real=0,00 secs] 
35,717: [GC (Allocation Failure) [PSYoungGen: 153696K->96K(148992K)] 155452K->1852K(324096K), 0,0005537 secs] [Times: user=0,00 sys=0,00, real=0,00 secs] 
35,810: [GC (Allocation Failure) [PSYoungGen: 148576K->96K(143872K)] 150332K->1852K(318976K), 0,0005196 secs] [Times: user=0,01 sys=0,00, real=0,00 secs] 
35,900: [GC (Allocation Failure) [PSYoungGen: 143456K->96K(139264K)] 145212K->1852K(314368K), 0,0005725 secs] [Times: user=0,00 sys=0,00, real=0,00 secs] 
35,986: [GC (Allocation Failure) [PSYoungGen: 138848K->96K(134656K)] 140604K->1852K(309760K), 0,0005225 secs] [Times: user=0,00 sys=0,00, real=0,00 secs] 
36,069: [GC (Allocation Failure) [PSYoungGen: 134240K->64K(130560K)] 135996K->1820K(305664K), 0,0006168 secs] [Times: user=0,00 sys=0,00, real=0,00 secs] 
36,148: [GC (Allocation Failure) [PSYoungGen: 130112K->96K(126464K)] 131868K->1852K(301568K), 0,0005121 secs] [Times: user=0,00 sys=0,00, real=0,00 secs] 
36,223: [GC (Allocation Failure) [PSYoungGen: 126048K->96K(122368K)] 127804K->1852K(297472K), 0,0004907 secs] [Times: user=0,00 sys=0,00, real=0,00 secs] 
36,305: [GC (Allocation Failure) [PSYoungGen: 121952K->96K(118784K)] 123708K->1852K(293888K), 0,0005039 secs] [Times: user=0,00 sys=0,00, real=0,00 secs] 
36,376: [GC (Allocation Failure) [PSYoungGen: 118368K->64K(115200K)] 120124K->1820K(290304K), 0,0008109 secs] [Times: user=0,00 sys=0,00, real=0,00 secs] 
36,450: [GC (Allocation Failure) [PSYoungGen: 114752K->64K(111616K)] 116508K->1820K(286720K), 0,0005405 secs] [Times: user=0,00 sys=0,00, real=0,00 secs] 
36,516: [GC (Allocation Failure) [PSYoungGen: 111168K->96K(108544K)] 112924K->1852K(283648K), 0,0006146 secs] [Times: user=0,00 sys=0,00, real=0,00 secs] 
36,588: [GC (Allocation Failure) [PSYoungGen: 108128K->96K(105472K)] 109884K->1852K(280576K), 0,0005005 secs] [Times: user=0,00 sys=0,00, real=0,00 secs] 
36,650: [GC (Allocation Failure) [PSYoungGen: 105056K->96K(102400K)] 106812K->1852K(277504K), 0,0005240 secs] [Times: user=0,00 sys=0,00, real=0,00 secs] 
36,713: [GC (Allocation Failure) [PSYoungGen: 101984K->64K(99328K)] 103740K->1820K(274432K), 0,0005179 secs] [Times: user=0,00 sys=0,00, real=0,00 secs] 
36,769: [GC (Allocation Failure) [PSYoungGen: 98880K->96K(96768K)] 100636K->1852K(271872K), 0,0005015 secs] [Times: user=0,00 sys=0,00, real=0,00 secs] 
36,824: [GC (Allocation Failure) [PSYoungGen: 96352K->96K(94208K)] 98108K->1852K(269312K), 0,0004989 secs] [Times: user=0,01 sys=0,00, real=0,00 secs] 
36,877: [GC (Allocation Failure) [PSYoungGen: 93792K->96K(91648K)] 95548K->1852K(266752K), 0,0005012 secs] [Times: user=0,00 sys=0,00, real=0,00 secs] 
36,930: [GC (Allocation Failure) [PSYoungGen: 91231K->96K(89088K)] 92988K->1852K(264192K), 0,0004928 secs] [Times: user=0,00 sys=0,00, real=0,00 secs] 
36,982: [GC (Allocation Failure) [PSYoungGen: 88672K->96K(87040K)] 90428K->1852K(262144K), 0,0005246 secs] [Times: user=0,00 sys=0,00, real=0,00 secs] 
37,032: [GC (Allocation Failure) [PSYoungGen: 86624K->96K(84992K)] 88380K->1852K(260096K), 0,0005102 secs] [Times: user=0,00 sys=0,00, real=0,00 secs] 
37,081: [GC (Allocation Failure) [PSYoungGen: 84576K->128K(82944K)] 86332K->1884K(258048K), 0,0005621 secs] [Times: user=0,00 sys=0,00, real=0,00 secs] 
37,133: [GC (Allocation Failure) [PSYoungGen: 82560K->64K(80896K)] 84316K->1820K(256000K), 0,0005517 secs] [Times: user=0,00 sys=0,00, real=0,00 secs] 
37,181: [GC (Allocation Failure) [PSYoungGen: 80448K->96K(78848K)] 82204K->1852K(253952K), 0,0005134 secs] [Times: user=0,00 sys=0,00, real=0,00 secs] 
37,228: [GC (Allocation Failure) [PSYoungGen: 78432K->96K(76800K)] 80188K->1852K(251904K), 0,0005073 secs] [Times: user=0,00 sys=0,00, real=0,00 secs] 
37,273: [GC (Allocation Failure) [PSYoungGen: 76384K->32K(92160K)] 78140K->1788K(267264K), 0,0007687 secs] [Times: user=0,00 sys=0,00, real=0,00 secs] 
37,326: [GC (Allocation Failure) [PSYoungGen: 91680K->64K(110592K)] 93436K->1820K(285696K), 0,0005520 secs] [Times: user=0,00 sys=0,00, real=0,00 secs] 
37,397: [GC (Allocation Failure) [PSYoungGen: 110144K->96K(107520K)] 111900K->1852K(282624K), 0,0005983 secs] [Times: user=0,01 sys=0,00, real=0,00 secs] 
37,465: [GC (Allocation Failure) [PSYoungGen: 107104K->64K(129024K)] 108860K->1820K(304128K), 0,0049990 secs] [Times: user=0,00 sys=0,00, real=0,01 secs] 
37,550: [GC (Allocation Failure) [PSYoungGen: 128576K->96K(124928K)] 130332K->1852K(300032K), 0,0011825 secs] [Times: user=0,00 sys=0,00, real=0,00 secs] 
37,620: [GC (Allocation Failure) [PSYoungGen: 124512K->96K(121344K)] 126268K->1852K(296448K), 0,0005046 secs] [Times: user=0,00 sys=0,00, real=0,00 secs] 
37,688: [GC (Allocation Failure) [PSYoungGen: 120928K->96K(117760K)] 122684K->1852K(292864K), 0,0005130 secs] [Times: user=0,00 sys=0,00, real=0,01 secs] 
37,754: [GC (Allocation Failure) [PSYoungGen: 117344K->96K(114176K)] 119100K->1852K(289280K), 0,0005998 secs] [Times: user=0,00 sys=0,00, real=0,00 secs] 
37,820: [GC (Allocation Failure) [PSYoungGen: 113760K->96K(110592K)] 115516K->1852K(285696K), 0,0005616 secs] [Times: user=0,00 sys=0,00, real=0,00 secs] 
37,886: [GC (Allocation Failure) [PSYoungGen: 110176K->96K(107520K)] 111932K->1852K(282624K), 0,0005747 secs] [Times: user=0,00 sys=0,00, real=0,00 secs] 
37,949: [GC (Allocation Failure) [PSYoungGen: 107104K->96K(104448K)] 108860K->1852K(279552K), 0,0005146 secs] [Times: user=0,00 sys=0,00, real=0,00 secs] 
38,010: [GC (Allocation Failure) [PSYoungGen: 104032K->64K(125440K)] 105788K->1820K(300544K), 0,0012289 secs] [Times: user=0,00 sys=0,00, real=0,00 secs] 
38,084: [GC (Allocation Failure) [PSYoungGen: 124992K->64K(150528K)] 126748K->1820K(325632K), 0,0009250 secs] [Times: user=0,01 sys=0,00, real=0,00 secs] 
38,172: [GC (Allocation Failure) [PSYoungGen: 150080K->96K(145408K)] 151836K->1852K(320512K), 0,0005078 secs] [Times: user=0,00 sys=0,00, real=0,00 secs] 
38,260: [GC (Allocation Failure) [PSYoungGen: 144992K->96K(140800K)] 146748K->1852K(315904K), 0,0005596 secs] [Times: user=0,00 sys=0,00, real=0,00 secs] 
38,349: [GC (Allocation Failure) [PSYoungGen: 140384K->96K(136192K)] 142140K->1852K(311296K), 0,0005044 secs] [Times: user=0,00 sys=0,00, real=0,00 secs] 
38,430: [GC (Allocation Failure) [PSYoungGen: 135776K->64K(132096K)] 137532K->1820K(307200K), 0,0010813 secs] [Times: user=0,00 sys=0,00, real=0,00 secs] 
38,508: [GC (Allocation Failure) [PSYoungGen: 131648K->96K(128000K)] 133404K->1852K(303104K), 0,0005645 secs] [Times: user=0,00 sys=0,00, real=0,01 secs] 
38,582: [GC (Allocation Failure) [PSYoungGen: 127584K->96K(123904K)] 129340K->1852K(299008K), 0,0005162 secs] [Times: user=0,00 sys=0,00, real=0,00 secs] 
38,652: [GC (Allocation Failure) [PSYoungGen: 123488K->96K(120320K)] 125244K->1852K(295424K), 0,0005452 secs] [Times: user=0,00 sys=0,00, real=0,00 secs] 
38,720: [GC (Allocation Failure) [PSYoungGen: 119904K->96K(116736K)] 121660K->1852K(291840K), 0,0004956 secs] [Times: user=0,00 sys=0,00, real=0,00 secs] 
38,789: [GC (Allocation Failure) [PSYoungGen: 116320K->96K(113152K)] 118076K->1852K(288256K), 0,0005222 secs] [Times: user=0,01 sys=0,00, real=0,00 secs] 
38,855: [GC (Allocation Failure) [PSYoungGen: 112736K->96K(110080K)] 114492K->1852K(285184K), 0,0005033 secs] [Times: user=0,00 sys=0,00, real=0,00 secs] 
38,918: [GC (Allocation Failure) [PSYoungGen: 109664K->128K(107008K)] 111420K->1884K(282112K), 0,0005556 secs] [Times: user=0,00 sys=0,00, real=0,00 secs] 
38,980: [GC (Allocation Failure) [PSYoungGen: 106624K->96K(103936K)] 108380K->1852K(279040K), 0,0004958 secs] [Times: user=0,00 sys=0,00, real=0,00 secs] 
39,041: [GC (Allocation Failure) [PSYoungGen: 103520K->64K(100864K)] 105276K->1820K(275968K), 0,0008307 secs] [Times: user=0,00 sys=0,00, real=0,00 secs] 
39,106: [GC (Allocation Failure) [PSYoungGen: 100415K->64K(98304K)] 102172K->1820K(273408K), 0,0004959 secs] [Times: user=0,00 sys=0,00, real=0,00 secs] 
39,163: [GC (Allocation Failure) [PSYoungGen: 97856K->64K(118272K)] 99612K->1820K(293376K), 0,0012631 secs] [Times: user=0,00 sys=0,00, real=0,00 secs] 
39,235: [GC (Allocation Failure) [PSYoungGen: 117824K->96K(141824K)] 119580K->1852K(316928K), 0,0005089 secs] [Times: user=0,00 sys=0,00, real=0,00 secs] 
39,319: [GC (Allocation Failure) [PSYoungGen: 141408K->64K(137216K)] 143164K->1820K(312320K), 0,0005328 secs] [Times: user=0,00 sys=0,00, real=0,00 secs] 
39,399: [GC (Allocation Failure) [PSYoungGen: 136768K->96K(132608K)] 138524K->1852K(307712K), 0,0005006 secs] [Times: user=0,00 sys=0,00, real=0,00 secs] 
39,485: [GC (Allocation Failure) [PSYoungGen: 132192K->96K(128512K)] 133948K->1852K(303616K), 0,0005128 secs] [Times: user=0,00 sys=0,00, real=0,00 secs] 
39,560: [GC (Allocation Failure) [PSYoungGen: 128096K->64K(154112K)] 129852K->1820K(329216K), 0,0014662 secs] [Times: user=0,00 sys=0,00, real=0,00 secs] 
39,655: [GC (Allocation Failure) [PSYoungGen: 153664K->64K(148992K)] 155420K->1820K(324096K), 0,0005437 secs] [Times: user=0,00 sys=0,00, real=0,00 secs] 
39,741: [GC (Allocation Failure) [PSYoungGen: 148544K->96K(143872K)] 150300K->1852K(318976K), 0,0004992 secs] [Times: user=0,00 sys=0,00, real=0,00 secs] 
39,833: [GC (Allocation Failure) [PSYoungGen: 143456K->96K(139264K)] 145212K->1852K(314368K), 0,0004909 secs] [Times: user=0,00 sys=0,00, real=0,00 secs] 
39,919: [GC (Allocation Failure) [PSYoungGen: 138848K->64K(134656K)] 140604K->1820K(309760K), 0,0005482 secs] [Times: user=0,00 sys=0,00, real=0,00 secs] 
39,997: [GC (Allocation Failure) [PSYoungGen: 134208K->96K(130560K)] 135964K->1852K(305664K), 0,0004932 secs] [Times: user=0,00 sys=0,00, real=0,00 secs] 
40,070: [GC (Allocation Failure) [PSYoungGen: 130144K->96K(126464K)] 131900K->1852K(301568K), 0,0005182 secs] [Times: user=0,00 sys=0,00, real=0,00 secs] 
40,142: [GC (Allocation Failure) [PSYoungGen: 126047K->96K(122368K)] 127804K->1852K(297472K), 0,0005159 secs] [Times: user=0,01 sys=0,00, real=0,00 secs] 
40,211: [GC (Allocation Failure) [PSYoungGen: 121952K->96K(118784K)] 123708K->1852K(293888K), 0,0004983 secs] [Times: user=0,00 sys=0,00, real=0,00 secs] 
40,280: [GC (Allocation Failure) [PSYoungGen: 118368K->64K(115200K)] 120124K->1820K(290304K), 0,0007099 secs] [Times: user=0,00 sys=0,00, real=0,00 secs] 
40,349: [GC (Allocation Failure) [PSYoungGen: 114752K->96K(111616K)] 116508K->1852K(286720K), 0,0004995 secs] [Times: user=0,00 sys=0,00, real=0,00 secs] 
40,415: [GC (Allocation Failure) [PSYoungGen: 111200K->96K(108544K)] 112956K->1876K(283648K), 0,0005637 secs] [Times: user=0,00 sys=0,00, real=0,00 secs] 
40,479: [GC (Allocation Failure) [PSYoungGen: 108128K->64K(105472K)] 109908K->1844K(280576K), 0,0010131 secs] [Times: user=0,00 sys=0,00, real=0,00 secs] 
40,549: [GC (Allocation Failure) [PSYoungGen: 105024K->96K(126464K)] 106804K->1876K(301568K), 0,0010404 secs] [Times: user=0,00 sys=0,00, real=0,00 secs] 
40,623: [GC (Allocation Failure) [PSYoungGen: 126048K->96K(122368K)] 127828K->1876K(297472K), 0,0005009 secs] [Times: user=0,00 sys=0,00, real=0,00 secs] 
40,691: [GC (Allocation Failure) [PSYoungGen: 121952K->96K(118784K)] 123732K->1876K(293888K), 0,0005013 secs] [Times: user=0,00 sys=0,00, real=0,00 secs] 
40,758: [GC (Allocation Failure) [PSYoungGen: 118368K->96K(115200K)] 120148K->1876K(290304K), 0,0005140 secs] [Times: user=0,00 sys=0,00, real=0,01 secs] 
40,824: [GC (Allocation Failure) [PSYoungGen: 114784K->96K(111616K)] 116564K->1876K(286720K), 0,0004974 secs] [Times: user=0,00 sys=0,00, real=0,00 secs] 
40,890: [GC (Allocation Failure) [PSYoungGen: 111200K->96K(108544K)] 112980K->1876K(283648K), 0,0005011 secs] [Times: user=0,00 sys=0,00, real=0,00 secs] 
40,954: [GC (Allocation Failure) [PSYoungGen: 108128K->64K(105472K)] 109908K->1844K(280576K), 0,0004982 secs] [Times: user=0,00 sys=0,00, real=0,00 secs] 
41,017: [GC (Allocation Failure) [PSYoungGen: 105024K->64K(102400K)] 106804K->1844K(277504K), 0,0005894 secs] [Times: user=0,00 sys=0,00, real=0,00 secs] 
41,078: [GC (Allocation Failure) [PSYoungGen: 101952K->64K(99328K)] 103732K->1844K(274432K), 0,0004952 secs] [Times: user=0,00 sys=0,00, real=0,01 secs] 
41,138: [GC (Allocation Failure) [PSYoungGen: 98880K->96K(96768K)] 100660K->1876K(271872K), 0,0004979 secs] [Times: user=0,00 sys=0,00, real=0,01 secs] 
41,195: [GC (Allocation Failure) [PSYoungGen: 96352K->64K(94208K)] 98132K->1844K(269312K), 0,0010488 secs] [Times: user=0,00 sys=0,00, real=0,00 secs] 
41,249: [GC (Allocation Failure) [PSYoungGen: 93760K->96K(91648K)] 95540K->1876K(266752K), 0,0005134 secs] [Times: user=0,00 sys=0,00, real=0,00 secs] 
41,303: [GC (Allocation Failure) [PSYoungGen: 91232K->96K(89088K)] 93012K->1876K(264192K), 0,0004877 secs] [Times: user=0,00 sys=0,00, real=0,00 secs] 
41,355: [GC (Allocation Failure) [PSYoungGen: 88672K->96K(87040K)] 90452K->1876K(262144K), 0,0005051 secs] [Times: user=0,00 sys=0,00, real=0,00 secs] 
41,406: [GC (Allocation Failure) [PSYoungGen: 86624K->96K(84992K)] 88404K->1876K(260096K), 0,0005022 secs] [Times: user=0,00 sys=0,00, real=0,00 secs] 
41,456: [GC (Allocation Failure) [PSYoungGen: 84576K->64K(101888K)] 86356K->1844K(276992K), 0,0007282 secs] [Times: user=0,00 sys=0,00, real=0,00 secs] 
41,515: [GC (Allocation Failure) [PSYoungGen: 101440K->96K(98816K)] 103220K->1876K(273920K), 0,0004933 secs] [Times: user=0,00 sys=0,00, real=0,00 secs] 
41,572: [GC (Allocation Failure) [PSYoungGen: 98400K->96K(96256K)] 100180K->1876K(271360K), 0,0005045 secs] [Times: user=0,00 sys=0,00, real=0,00 secs] 
41,636: [GC (Allocation Failure) [PSYoungGen: 95840K->96K(93696K)] 97620K->1876K(268800K), 0,0006007 secs] [Times: user=0,00 sys=0,00, real=0,00 secs] 
41,691: [GC (Allocation Failure) [PSYoungGen: 93280K->96K(91136K)] 95060K->1876K(266240K), 0,0005022 secs] [Times: user=0,00 sys=0,00, real=0,00 secs] 
41,743: [GC (Allocation Failure) [PSYoungGen: 90720K->64K(88576K)] 92500K->1844K(263680K), 0,0007119 secs] [Times: user=0,00 sys=0,00, real=0,00 secs] 
41,794: [GC (Allocation Failure) [PSYoungGen: 88128K->32K(86528K)] 89908K->1812K(261632K), 0,0005411 secs] [Times: user=0,00 sys=0,00, real=0,00 secs] 
41,845: [GC (Allocation Failure) [PSYoungGen: 86048K->96K(84480K)] 87828K->1876K(259584K), 0,0005192 secs] [Times: user=0,00 sys=0,00, real=0,00 secs] 
41,905: [GC (Allocation Failure) [PSYoungGen: 84064K->64K(101376K)] 85844K->1844K(276480K), 0,0016941 secs] [Times: user=0,00 sys=0,00, real=0,00 secs] 
41,975: [GC (Allocation Failure) [PSYoungGen: 100928K->96K(121856K)] 102708K->1876K(296960K), 0,0005018 secs] [Times: user=0,00 sys=0,00, real=0,00 secs] 
42,048: [GC (Allocation Failure) [PSYoungGen: 121440K->64K(146432K)] 123220K->1844K(321536K), 0,0012913 secs] [Times: user=0,00 sys=0,00, real=0,01 secs] 
42,146: [GC (Allocation Failure) [PSYoungGen: 145984K->64K(175616K)] 147764K->1844K(350720K), 0,0009845 secs] [Times: user=0,00 sys=0,00, real=0,00 secs] 
42,265: [GC (Allocation Failure) [PSYoungGen: 175168K->64K(210944K)] 176948K->1844K(386048K), 0,0011597 secs] [Times: user=0,00 sys=0,00, real=0,00 secs] 
42,410: [GC (Allocation Failure) [PSYoungGen: 210496K->96K(203264K)] 212276K->1876K(378368K), 0,0004905 secs] [Times: user=0,00 sys=0,00, real=0,00 secs] 
42,581: [GC (Allocation Failure) [PSYoungGen: 202848K->96K(196096K)] 204628K->1876K(371200K), 0,0005061 secs] [Times: user=0,00 sys=0,00, real=0,00 secs] 
42,695: [GC (Allocation Failure) [PSYoungGen: 195680K->96K(188928K)] 197460K->1876K(364032K), 0,0005312 secs] [Times: user=0,00 sys=0,00, real=0,00 secs] 
42,806: [GC (Allocation Failure) [PSYoungGen: 188512K->96K(182272K)] 190292K->1876K(357376K), 0,0005016 secs] [Times: user=0,00 sys=0,00, real=0,00 secs] 
42,918: [GC (Allocation Failure) [PSYoungGen: 181856K->96K(175616K)] 183636K->1876K(350720K), 0,0005011 secs] [Times: user=0,01 sys=0,00, real=0,00 secs] 
43,018: [GC (Allocation Failure) [PSYoungGen: 175200K->96K(169472K)] 176980K->1876K(344576K), 0,0005570 secs] [Times: user=0,00 sys=0,00, real=0,01 secs] 
43,117: [GC (Allocation Failure) [PSYoungGen: 169056K->64K(163840K)] 170836K->1844K(338944K), 0,0009879 secs] [Times: user=0,00 sys=0,00, real=0,00 secs] 
43,213: [GC (Allocation Failure) [PSYoungGen: 163392K->32K(158208K)] 165172K->1812K(333312K), 0,0010807 secs] [Times: user=0,00 sys=0,00, real=0,00 secs] 
43,324: [GC (Allocation Failure) [PSYoungGen: 157728K->96K(153088K)] 159508K->1876K(328192K), 0,0005031 secs] [Times: user=0,00 sys=0,00, real=0,00 secs] 
43,411: [GC (Allocation Failure) [PSYoungGen: 152672K->96K(147968K)] 154452K->1876K(323072K), 0,0005174 secs] [Times: user=0,00 sys=0,00, real=0,00 secs] 
43,494: [GC (Allocation Failure) [PSYoungGen: 147552K->96K(143360K)] 149332K->1876K(318464K), 0,0005302 secs] [Times: user=0,00 sys=0,00, real=0,00 secs] 
43,576: [GC (Allocation Failure) [PSYoungGen: 142944K->96K(138752K)] 144724K->1876K(313856K), 0,0004993 secs] [Times: user=0,00 sys=0,00, real=0,00 secs] 
43,655: [GC (Allocation Failure) [PSYoungGen: 138336K->96K(134144K)] 140116K->1876K(309248K), 0,0005023 secs] [Times: user=0,01 sys=0,00, real=0,00 secs] 
43,734: [GC (Allocation Failure) [PSYoungGen: 133728K->96K(130048K)] 135508K->1876K(305152K), 0,0005071 secs] [Times: user=0,00 sys=0,00, real=0,00 secs] 
43,808: [GC (Allocation Failure) [PSYoungGen: 129632K->96K(125952K)] 131412K->1876K(301056K), 0,0005158 secs] [Times: user=0,00 sys=0,00, real=0,00 secs] 
43,879: [GC (Allocation Failure) [PSYoungGen: 125536K->96K(121856K)] 127316K->1876K(296960K), 0,0005072 secs] [Times: user=0,00 sys=0,00, real=0,00 secs] 
43,960: [GC (Allocation Failure) [PSYoungGen: 121440K->64K(118272K)] 123220K->1844K(293376K), 0,0013613 secs] [Times: user=0,00 sys=0,00, real=0,00 secs] 
44,034: [GC (Allocation Failure) [PSYoungGen: 117824K->64K(114688K)] 119604K->1844K(289792K), 0,0010086 secs] [Times: user=0,00 sys=0,00, real=0,00 secs] 
44,102: [GC (Allocation Failure) [PSYoungGen: 114240K->64K(137728K)] 116020K->1844K(312832K), 0,0010558 secs] [Times: user=0,00 sys=0,00, real=0,00 secs] 
44,185: [GC (Allocation Failure) [PSYoungGen: 137280K->96K(133120K)] 139060K->1876K(308224K), 0,0005091 secs] [Times: user=0,00 sys=0,00, real=0,00 secs] 
44,260: [GC (Allocation Failure) [PSYoungGen: 132704K->96K(129024K)] 134484K->1876K(304128K), 0,0005030 secs] [Times: user=0,00 sys=0,00, real=0,00 secs] 
44,332: [GC (Allocation Failure) [PSYoungGen: 128608K->96K(124928K)] 130388K->1876K(300032K), 0,0004851 secs] [Times: user=0,00 sys=0,00, real=0,00 secs] 
44,402: [GC (Allocation Failure) [PSYoungGen: 124512K->96K(121344K)] 126292K->1876K(296448K), 0,0005205 secs] [Times: user=0,00 sys=0,00, real=0,00 secs] 
44,470: [GC (Allocation Failure) [PSYoungGen: 120928K->96K(117760K)] 122708K->1876K(292864K), 0,0005092 secs] [Times: user=0,00 sys=0,00, real=0,00 secs] 
44,537: [GC (Allocation Failure) [PSYoungGen: 117344K->96K(114176K)] 119124K->1876K(289280K), 0,0005091 secs] [Times: user=0,00 sys=0,00, real=0,00 secs] 
44,601: [GC (Allocation Failure) [PSYoungGen: 113760K->96K(110592K)] 115540K->1876K(285696K), 0,0005091 secs] [Times: user=0,00 sys=0,00, real=0,00 secs] 
44,663: [GC (Allocation Failure) [PSYoungGen: 110176K->96K(107520K)] 111956K->1876K(282624K), 0,0004966 secs] [Times: user=0,01 sys=0,00, real=0,00 secs] 
44,723: [GC (Allocation Failure) [PSYoungGen: 107104K->64K(104448K)] 108884K->1844K(279552K), 0,0004950 secs] [Times: user=0,01 sys=0,00, real=0,00 secs] 
44,782: [GC (Allocation Failure) [PSYoungGen: 104000K->96K(101376K)] 105780K->1876K(276480K), 0,0005255 secs] [Times: user=0,00 sys=0,00, real=0,00 secs] 
44,838: [GC (Allocation Failure) [PSYoungGen: 100960K->96K(98816K)] 102740K->1876K(273920K), 0,0004884 secs] [Times: user=0,00 sys=0,00, real=0,00 secs] 
44,900: [GC (Allocation Failure) [PSYoungGen: 98400K->96K(96256K)] 100180K->1876K(271360K), 0,0010874 secs] [Times: user=0,00 sys=0,00, real=0,00 secs] 
44,965: [GC (Allocation Failure) [PSYoungGen: 95840K->32K(93696K)] 97620K->1812K(268800K), 0,0008642 secs] [Times: user=0,00 sys=0,00, real=0,00 secs] 
45,025: [GC (Allocation Failure) [PSYoungGen: 93216K->96K(91136K)] 94996K->1876K(266240K), 0,0005376 secs] [Times: user=0,00 sys=0,00, real=0,00 secs] 
45,083: [GC (Allocation Failure) [PSYoungGen: 90720K->96K(88576K)] 92500K->1876K(263680K), 0,0007240 secs] [Times: user=0,00 sys=0,00, real=0,00 secs] 
45,137: [GC (Allocation Failure) [PSYoungGen: 88160K->64K(86528K)] 89940K->1844K(261632K), 0,0004932 secs] [Times: user=0,00 sys=0,00, real=0,00 secs] 
45,196: [GC (Allocation Failure) [PSYoungGen: 86080K->96K(103936K)] 87860K->1876K(279040K), 0,0013515 secs] [Times: user=0,01 sys=0,00, real=0,00 secs] 
45,260: [GC (Allocation Failure) [PSYoungGen: 103520K->64K(124928K)] 105300K->1844K(300032K), 0,0007862 secs] [Times: user=0,00 sys=0,00, real=0,00 secs] 
45,331: [GC (Allocation Failure) [PSYoungGen: 124480K->96K(150016K)] 126260K->1876K(325120K), 0,0004998 secs] [Times: user=0,00 sys=0,00, real=0,00 secs] 
45,415: [GC (Allocation Failure) [PSYoungGen: 149600K->96K(144896K)] 151380K->1876K(320000K), 0,0005558 secs] [Times: user=0,00 sys=0,00, real=0,00 secs] 
45,497: [GC (Allocation Failure) [PSYoungGen: 144480K->96K(140288K)] 146260K->1876K(315392K), 0,0005024 secs] [Times: user=0,00 sys=0,00, real=0,00 secs] 
45,576: [GC (Allocation Failure) [PSYoungGen: 139872K->96K(135680K)] 141652K->1876K(310784K), 0,0005187 secs] [Times: user=0,00 sys=0,00, real=0,00 secs] 
45,652: [GC (Allocation Failure) [PSYoungGen: 135264K->96K(131584K)] 137044K->1876K(306688K), 0,0005015 secs] [Times: user=0,00 sys=0,00, real=0,00 secs] 
45,725: [GC (Allocation Failure) [PSYoungGen: 131168K->96K(127488K)] 132948K->1876K(302592K), 0,0005069 secs] [Times: user=0,00 sys=0,00, real=0,00 secs] 
45,797: [GC (Allocation Failure) [PSYoungGen: 127072K->64K(123392K)] 128852K->1844K(298496K), 0,0005026 secs] [Times: user=0,00 sys=0,00, real=0,00 secs] 
45,866: [GC (Allocation Failure) [PSYoungGen: 122944K->96K(119808K)] 124724K->1876K(294912K), 0,0004958 secs] [Times: user=0,00 sys=0,00, real=0,00 secs] 
45,935: [GC (Allocation Failure) [PSYoungGen: 119392K->96K(116224K)] 121172K->1876K(291328K), 0,0004861 secs] [Times: user=0,00 sys=0,00, real=0,00 secs] 
46,000: [GC (Allocation Failure) [PSYoungGen: 115808K->96K(112640K)] 117588K->1876K(287744K), 0,0005125 secs] [Times: user=0,00 sys=0,00, real=0,00 secs] 
46,064: [GC (Allocation Failure) [PSYoungGen: 112224K->96K(109568K)] 114004K->1876K(284672K), 0,0005044 secs] [Times: user=0,00 sys=0,00, real=0,00 secs] 
46,125: [GC (Allocation Failure) [PSYoungGen: 109152K->96K(106496K)] 110932K->1876K(281600K), 0,0005263 secs] [Times: user=0,00 sys=0,00, real=0,00 secs] 
46,185: [GC (Allocation Failure) [PSYoungGen: 106079K->96K(103424K)] 107860K->1876K(278528K), 0,0005004 secs] [Times: user=0,00 sys=0,00, real=0,00 secs] 
46,244: [GC (Allocation Failure) [PSYoungGen: 103008K->96K(100352K)] 104788K->1876K(275456K), 0,0005145 secs] [Times: user=0,00 sys=0,00, real=0,00 secs] 
46,300: [GC (Allocation Failure) [PSYoungGen: 99936K->96K(97792K)] 101716K->1876K(272896K), 0,0005046 secs] [Times: user=0,00 sys=0,00, real=0,00 secs] 
46,355: [GC (Allocation Failure) [PSYoungGen: 97376K->96K(95232K)] 99156K->1876K(270336K), 0,0004938 secs] [Times: user=0,00 sys=0,00, real=0,00 secs] 
46,408: [GC (Allocation Failure) [PSYoungGen: 94816K->96K(92672K)] 96596K->1876K(267776K), 0,0005008 secs] [Times: user=0,00 sys=0,00, real=0,01 secs] 
46,460: [GC (Allocation Failure) [PSYoungGen: 92256K->96K(90112K)] 94036K->1876K(265216K), 0,0005104 secs] [Times: user=0,00 sys=0,00, real=0,00 secs] 
46,511: [GC (Allocation Failure) [PSYoungGen: 89696K->96K(87552K)] 91476K->1876K(262656K), 0,0004903 secs] [Times: user=0,00 sys=0,00, real=0,00 secs] 
46,560: [GC (Allocation Failure) [PSYoungGen: 87136K->96K(85504K)] 88916K->1876K(260608K), 0,0005059 secs] [Times: user=0,00 sys=0,00, real=0,00 secs] 
46,610: [GC (Allocation Failure) [PSYoungGen: 85088K->64K(83456K)] 86868K->1844K(258560K), 0,0004876 secs] [Times: user=0,00 sys=0,00, real=0,00 secs] 
46,658: [GC (Allocation Failure) [PSYoungGen: 83008K->64K(81408K)] 84788K->1844K(256512K), 0,0004924 secs] [Times: user=0,00 sys=0,00, real=0,00 secs] 
46,703: [GC (Allocation Failure) [PSYoungGen: 80960K->96K(79360K)] 82740K->1876K(254464K), 0,0004848 secs] [Times: user=0,00 sys=0,00, real=0,00 secs] 
46,748: [GC (Allocation Failure) [PSYoungGen: 78944K->64K(77312K)] 80724K->1844K(252416K), 0,0004776 secs] [Times: user=0,00 sys=0,00, real=0,00 secs] 
46,793: [GC (Allocation Failure) [PSYoungGen: 76864K->96K(75264K)] 78644K->1876K(250368K), 0,0004999 secs] [Times: user=0,00 sys=0,00, real=0,00 secs] 
46,835: [GC (Allocation Failure) [PSYoungGen: 74848K->96K(73728K)] 76628K->1876K(248832K), 0,0004826 secs] [Times: user=0,00 sys=0,00, real=0,00 secs] 
46,877: [GC (Allocation Failure) [PSYoungGen: 73312K->128K(72192K)] 75092K->1908K(247296K), 0,0004850 secs] [Times: user=0,00 sys=0,00, real=0,00 secs] 
46,917: [GC (Allocation Failure) [PSYoungGen: 71808K->64K(70656K)] 73588K->1844K(245760K), 0,0004793 secs] [Times: user=0,00 sys=0,00, real=0,00 secs] 
46,957: [GC (Allocation Failure) [PSYoungGen: 70208K->96K(84992K)] 71988K->1876K(260096K), 0,0005265 secs] [Times: user=0,00 sys=0,00, real=0,00 secs] 
47,005: [GC (Allocation Failure) [PSYoungGen: 84576K->96K(101888K)] 86356K->1876K(276992K), 0,0005231 secs] [Times: user=0,01 sys=0,00, real=0,00 secs] 
47,064: [GC (Allocation Failure) [PSYoungGen: 101472K->96K(98816K)] 103252K->1876K(273920K), 0,0005056 secs] [Times: user=0,01 sys=0,00, real=0,00 secs] 
47,120: [GC (Allocation Failure) [PSYoungGen: 98400K->96K(96256K)] 100180K->1876K(271360K), 0,0004971 secs] [Times: user=0,00 sys=0,00, real=0,00 secs] 
47,176: [GC (Allocation Failure) [PSYoungGen: 95840K->96K(93696K)] 97620K->1876K(268800K), 0,0004864 secs] [Times: user=0,00 sys=0,00, real=0,00 secs] 
47,229: [GC (Allocation Failure) [PSYoungGen: 93280K->96K(91136K)] 95060K->1876K(266240K), 0,0004963 secs] [Times: user=0,00 sys=0,00, real=0,00 secs] 
47,280: [GC (Allocation Failure) [PSYoungGen: 90720K->96K(88576K)] 92500K->1876K(263680K), 0,0005203 secs] [Times: user=0,00 sys=0,00, real=0,00 secs] 
47,330: [GC (Allocation Failure) [PSYoungGen: 88160K->64K(86528K)] 89940K->1844K(261632K), 0,0005795 secs] [Times: user=0,00 sys=0,00, real=0,00 secs] 
47,378: [GC (Allocation Failure) [PSYoungGen: 86080K->96K(84480K)] 87860K->1876K(259584K), 0,0005012 secs] [Times: user=0,00 sys=0,00, real=0,01 secs] 
47,426: [GC (Allocation Failure) [PSYoungGen: 84064K->64K(82432K)] 85844K->1844K(257536K), 0,0005025 secs] [Times: user=0,00 sys=0,00, real=0,00 secs] 
47,472: [GC (Allocation Failure) [PSYoungGen: 81984K->96K(80384K)] 83764K->1876K(255488K), 0,0004833 secs] [Times: user=0,01 sys=0,01, real=0,00 secs] 
47,518: [GC (Allocation Failure) [PSYoungGen: 79968K->96K(78336K)] 81748K->1876K(253440K), 0,0004845 secs] [Times: user=0,00 sys=0,00, real=0,01 secs] 
47,562: [GC (Allocation Failure) [PSYoungGen: 77920K->96K(76288K)] 79700K->1876K(251392K), 0,0005018 secs] [Times: user=0,01 sys=0,00, real=0,00 secs] 
47,605: [GC (Allocation Failure) [PSYoungGen: 75872K->32K(91648K)] 77652K->1812K(266752K), 0,0008450 secs] [Times: user=0,00 sys=0,00, real=0,00 secs] 
47,657: [GC (Allocation Failure) [PSYoungGen: 91168K->96K(110080K)] 92948K->1876K(285184K), 0,0005016 secs] [Times: user=0,00 sys=0,00, real=0,00 secs] 
47,719: [GC (Allocation Failure) [PSYoungGen: 109664K->96K(132096K)] 111444K->1876K(307200K), 0,0006878 secs] [Times: user=0,00 sys=0,00, real=0,00 secs] 
47,793: [GC (Allocation Failure) [PSYoungGen: 131680K->96K(128000K)] 133460K->1876K(303104K), 0,0005016 secs] [Times: user=0,00 sys=0,00, real=0,00 secs] 
47,864: [GC (Allocation Failure) [PSYoungGen: 127584K->96K(123904K)] 129364K->1876K(299008K), 0,0005037 secs] [Times: user=0,00 sys=0,00, real=0,00 secs] 
47,934: [GC (Allocation Failure) [PSYoungGen: 123488K->96K(120320K)] 125268K->1876K(295424K), 0,0005002 secs] [Times: user=0,00 sys=0,00, real=0,00 secs] 
48,002: [GC (Allocation Failure) [PSYoungGen: 119904K->96K(116736K)] 121684K->1876K(291840K), 0,0004891 secs] [Times: user=0,00 sys=0,00, real=0,00 secs] 
48,069: [GC (Allocation Failure) [PSYoungGen: 116320K->96K(113152K)] 118100K->1876K(288256K), 0,0005025 secs] [Times: user=0,01 sys=0,00, real=0,00 secs] 
48,132: [GC (Allocation Failure) [PSYoungGen: 112736K->96K(110080K)] 114516K->1876K(285184K), 0,0005170 secs] [Times: user=0,00 sys=0,00, real=0,00 secs] 
48,194: [GC (Allocation Failure) [PSYoungGen: 109663K->96K(107008K)] 111444K->1876K(282112K), 0,0004922 secs] [Times: user=0,00 sys=0,00, real=0,00 secs] 
48,254: [GC (Allocation Failure) [PSYoungGen: 106592K->96K(103936K)] 108372K->1876K(279040K), 0,0005006 secs] [Times: user=0,00 sys=0,00, real=0,00 secs] 
48,312: [GC (Allocation Failure) [PSYoungGen: 103520K->96K(100864K)] 105300K->1876K(275968K), 0,0005040 secs] [Times: user=0,00 sys=0,00, real=0,00 secs] 
48,369: [GC (Allocation Failure) [PSYoungGen: 100447K->64K(98304K)] 102228K->1844K(273408K), 0,0007812 secs] [Times: user=0,00 sys=0,00, real=0,00 secs] 
48,424: [GC (Allocation Failure) [PSYoungGen: 97856K->64K(95744K)] 99636K->1844K(270848K), 0,0004980 secs] [Times: user=0,00 sys=0,00, real=0,00 secs] 
48,478: [GC (Allocation Failure) [PSYoungGen: 95296K->96K(93184K)] 97076K->1876K(268288K), 0,0005252 secs] [Times: user=0,00 sys=0,00, real=0,01 secs] 
48,531: [GC (Allocation Failure) [PSYoungGen: 92768K->96K(90624K)] 94548K->1876K(265728K), 0,0005055 secs] [Times: user=0,00 sys=0,00, real=0,00 secs] 
48,582: [GC (Allocation Failure) [PSYoungGen: 90208K->96K(88064K)] 91988K->1876K(263168K), 0,0005097 secs] [Times: user=0,00 sys=0,00, real=0,00 secs] 
48,632: [GC (Allocation Failure) [PSYoungGen: 87647K->96K(86016K)] 89428K->1876K(261120K), 0,0006135 secs] [Times: user=0,00 sys=0,00, real=0,00 secs] 
48,681: [GC (Allocation Failure) [PSYoungGen: 85600K->96K(83968K)] 87380K->1876K(259072K), 0,0005026 secs] [Times: user=0,00 sys=0,00, real=0,00 secs] 
48,730: [GC (Allocation Failure) [PSYoungGen: 83552K->64K(81920K)] 85332K->1844K(257024K), 0,0005254 secs] [Times: user=0,00 sys=0,00, real=0,00 secs] 
48,781: [GC (Allocation Failure) [PSYoungGen: 81472K->64K(79872K)] 83252K->1844K(254976K), 0,0005165 secs] [Times: user=0,00 sys=0,00, real=0,00 secs] 
48,825: [GC (Allocation Failure) [PSYoungGen: 79424K->64K(77824K)] 81204K->1844K(252928K), 0,0005155 secs] [Times: user=0,00 sys=0,00, real=0,00 secs] 
48,869: [GC (Allocation Failure) [PSYoungGen: 77376K->96K(93696K)] 79156K->1876K(268800K), 0,0009230 secs] [Times: user=0,00 sys=0,00, real=0,00 secs] 
48,922: [GC (Allocation Failure) [PSYoungGen: 93280K->96K(112640K)] 95060K->1876K(287744K), 0,0005092 secs] [Times: user=0,01 sys=0,00, real=0,00 secs] 
48,985: [GC (Allocation Failure) [PSYoungGen: 112224K->96K(135168K)] 114004K->1876K(310272K), 0,0005158 secs] [Times: user=0,00 sys=0,00, real=0,00 secs] 
49,064: [GC (Allocation Failure) [PSYoungGen: 134752K->96K(131072K)] 136532K->1876K(306176K), 0,0005581 secs] [Times: user=0,00 sys=0,00, real=0,00 secs] 
49,137: [GC (Allocation Failure) [PSYoungGen: 130656K->96K(126976K)] 132436K->1876K(302080K), 0,0005076 secs] [Times: user=0,00 sys=0,00, real=0,00 secs] 
49,209: [GC (Allocation Failure) [PSYoungGen: 126560K->96K(122880K)] 128340K->1876K(297984K), 0,0004942 secs] [Times: user=0,00 sys=0,00, real=0,00 secs] 
49,278: [GC (Allocation Failure) [PSYoungGen: 122464K->96K(119296K)] 124244K->1876K(294400K), 0,0005623 secs] [Times: user=0,00 sys=0,00, real=0,00 secs] 
49,347: [GC (Allocation Failure) [PSYoungGen: 118880K->96K(115712K)] 120660K->1876K(290816K), 0,0004870 secs] [Times: user=0,00 sys=0,00, real=0,00 secs] 
49,413: [GC (Allocation Failure) [PSYoungGen: 115296K->96K(112128K)] 117076K->1876K(287232K), 0,0005025 secs] [Times: user=0,00 sys=0,00, real=0,00 secs] 
49,476: [GC (Allocation Failure) [PSYoungGen: 111712K->96K(109056K)] 113492K->1876K(284160K), 0,0005025 secs] [Times: user=0,00 sys=0,00, real=0,00 secs] 
49,538: [GC (Allocation Failure) [PSYoungGen: 108640K->96K(105984K)] 110420K->1876K(281088K), 0,0005077 secs] [Times: user=0,00 sys=0,00, real=0,00 secs] 
49,598: [GC (Allocation Failure) [PSYoungGen: 105568K->96K(102912K)] 107348K->1876K(278016K), 0,0005140 secs] [Times: user=0,00 sys=0,00, real=0,01 secs] 
49,686: [GC (Allocation Failure) [PSYoungGen: 102496K->64K(123392K)] 104276K->1844K(298496K), 0,0032931 secs] [Times: user=0,01 sys=0,01, real=0,01 secs] 
49,786: [GC (Allocation Failure) [PSYoungGen: 122944K->96K(147968K)] 124724K->1876K(323072K), 0,0006732 secs] [Times: user=0,00 sys=0,00, real=0,00 secs] 
49,879: [GC (Allocation Failure) [PSYoungGen: 147552K->96K(177664K)] 149332K->1876K(352768K), 0,0006020 secs] [Times: user=0,00 sys=0,00, real=0,00 secs] 
50,009: [GC (Allocation Failure) [PSYoungGen: 177248K->96K(171520K)] 179028K->1876K(346624K), 0,0005346 secs] [Times: user=0,00 sys=0,00, real=0,00 secs] 
50,106: [GC (Allocation Failure) [PSYoungGen: 171104K->96K(165376K)] 172884K->1876K(340480K), 0,0005104 secs] [Times: user=0,00 sys=0,00, real=0,00 secs] 
50,199: [GC (Allocation Failure) [PSYoungGen: 164960K->96K(159744K)] 166740K->1876K(334848K), 0,0005070 secs] [Times: user=0,00 sys=0,00, real=0,00 secs] 
50,289: [GC (Allocation Failure) [PSYoungGen: 159328K->96K(154112K)] 161108K->1876K(329216K), 0,0005470 secs] [Times: user=0,00 sys=0,00, real=0,00 secs] 
50,377: [GC (Allocation Failure) [PSYoungGen: 153696K->96K(148992K)] 155476K->1876K(324096K), 0,0005225 secs] [Times: user=0,00 sys=0,00, real=0,00 secs] 
50,460: [GC (Allocation Failure) [PSYoungGen: 148576K->96K(143872K)] 150356K->1900K(318976K), 0,0005637 secs] [Times: user=0,00 sys=0,00, real=0,00 secs] 
50,541: [GC (Allocation Failure) [PSYoungGen: 143456K->96K(139264K)] 145260K->1900K(314368K), 0,0005217 secs] [Times: user=0,00 sys=0,00, real=0,00 secs] 
50,620: [GC (Allocation Failure) [PSYoungGen: 138848K->96K(134656K)] 140652K->1900K(309760K), 0,0005028 secs] [Times: user=0,00 sys=0,00, real=0,00 secs] 
50,706: [GC (Allocation Failure) [PSYoungGen: 134240K->64K(130560K)] 136044K->1868K(305664K), 0,0005158 secs] [Times: user=0,00 sys=0,00, real=0,00 secs] 
50,779: [GC (Allocation Failure) [PSYoungGen: 130112K->96K(126464K)] 131916K->1900K(301568K), 0,0005161 secs] [Times: user=0,01 sys=0,00, real=0,00 secs] 
50,850: [GC (Allocation Failure) [PSYoungGen: 126048K->64K(122368K)] 127852K->1868K(297472K), 0,0005570 secs] [Times: user=0,00 sys=0,00, real=0,00 secs] 
50,919: [GC (Allocation Failure) [PSYoungGen: 121920K->96K(118784K)] 123724K->1900K(293888K), 0,0004987 secs] [Times: user=0,01 sys=0,00, real=0,00 secs] 
50,986: [GC (Allocation Failure) [PSYoungGen: 118368K->96K(115200K)] 120172K->1900K(290304K), 0,0004824 secs] [Times: user=0,00 sys=0,00, real=0,00 secs] 
51,051: [GC (Allocation Failure) [PSYoungGen: 114784K->96K(111616K)] 116588K->1900K(286720K), 0,0005162 secs] [Times: user=0,00 sys=0,00, real=0,00 secs] 
51,114: [GC (Allocation Failure) [PSYoungGen: 111200K->96K(108544K)] 113004K->1900K(283648K), 0,0005146 secs] [Times: user=0,00 sys=0,00, real=0,00 secs] 
51,175: [GC (Allocation Failure) [PSYoungGen: 108128K->64K(105472K)] 109932K->1868K(280576K), 0,0005440 secs] [Times: user=0,00 sys=0,00, real=0,00 secs] 
51,234: [GC (Allocation Failure) [PSYoungGen: 105024K->96K(102400K)] 106828K->1900K(277504K), 0,0005030 secs] [Times: user=0,00 sys=0,00, real=0,00 secs] 
51,294: [GC (Allocation Failure) [PSYoungGen: 101984K->96K(99328K)] 103788K->1900K(274432K), 0,0004933 secs] [Times: user=0,00 sys=0,00, real=0,00 secs] 
51,349: [GC (Allocation Failure) [PSYoungGen: 98912K->64K(96768K)] 100716K->1868K(271872K), 0,0005138 secs] [Times: user=0,00 sys=0,00, real=0,00 secs] 
51,404: [GC (Allocation Failure) [PSYoungGen: 96320K->96K(94208K)] 98124K->1900K(269312K), 0,0004946 secs] [Times: user=0,00 sys=0,00, real=0,00 secs] 
51,457: [GC (Allocation Failure) [PSYoungGen: 93792K->96K(91648K)] 95596K->1900K(266752K), 0,0005138 secs] [Times: user=0,00 sys=0,00, real=0,00 secs] 
51,519: [GC (Allocation Failure) [PSYoungGen: 91232K->64K(89088K)] 93036K->1868K(264192K), 0,0005106 secs] [Times: user=0,00 sys=0,00, real=0,00 secs] 
51,569: [GC (Allocation Failure) [PSYoungGen: 88640K->96K(87040K)] 90444K->1900K(262144K), 0,0004917 secs] [Times: user=0,00 sys=0,00, real=0,00 secs] 
51,620: [GC (Allocation Failure) [PSYoungGen: 86624K->96K(84992K)] 88428K->1900K(260096K), 0,0004958 secs] [Times: user=0,00 sys=0,00, real=0,00 secs] 
51,668: [GC (Allocation Failure) [PSYoungGen: 84576K->64K(101888K)] 86380K->1868K(276992K), 0,0010905 secs] [Times: user=0,00 sys=0,00, real=0,01 secs] 
51,744: [GC (Allocation Failure) [PSYoungGen: 101440K->96K(122368K)] 103244K->1900K(297472K), 0,0005212 secs] [Times: user=0,00 sys=0,00, real=0,00 secs] 
51,818: [GC (Allocation Failure) [PSYoungGen: 121952K->64K(146944K)] 123756K->1868K(322048K), 0,0012866 secs] [Times: user=0,01 sys=0,00, real=0,01 secs] 
51,909: [GC (Allocation Failure) [PSYoungGen: 146496K->128K(142336K)] 148300K->1932K(317440K), 0,0005035 secs] [Times: user=0,00 sys=0,00, real=0,00 secs] 
52,012: [GC (Allocation Failure) [PSYoungGen: 141952K->96K(137728K)] 143756K->1900K(312832K), 0,0005032 secs] [Times: user=0,00 sys=0,00, real=0,00 secs] 
52,090: [GC (Allocation Failure) [PSYoungGen: 137312K->96K(133120K)] 139116K->1900K(308224K), 0,0005028 secs] [Times: user=0,00 sys=0,00, real=0,00 secs] 
52,166: [GC (Allocation Failure) [PSYoungGen: 132704K->96K(129024K)] 134508K->1900K(304128K), 0,0004878 secs] [Times: user=0,00 sys=0,00, real=0,00 secs] 
52,239: [GC (Allocation Failure) [PSYoungGen: 128608K->64K(124928K)] 130412K->1868K(300032K), 0,0005075 secs] [Times: user=0,00 sys=0,00, real=0,00 secs] 
52,308: [GC (Allocation Failure) [PSYoungGen: 124480K->96K(121344K)] 126284K->1900K(296448K), 0,0005084 secs] [Times: user=0,00 sys=0,00, real=0,00 secs] 
52,378: [GC (Allocation Failure) [PSYoungGen: 120928K->96K(117760K)] 122732K->1900K(292864K), 0,0005563 secs] [Times: user=0,00 sys=0,00, real=0,00 secs] 
52,444: [GC (Allocation Failure) [PSYoungGen: 117344K->64K(114176K)] 119148K->1868K(289280K), 0,0005100 secs] [Times: user=0,00 sys=0,00, real=0,00 secs] 
52,508: [GC (Allocation Failure) [PSYoungGen: 113728K->96K(110592K)] 115532K->1900K(285696K), 0,0005114 secs] [Times: user=0,00 sys=0,00, real=0,00 secs] 
52,570: [GC (Allocation Failure) [PSYoungGen: 110176K->96K(107520K)] 111980K->1900K(282624K), 0,0005175 secs] [Times: user=0,00 sys=0,00, real=0,00 secs] 
52,631: [GC (Allocation Failure) [PSYoungGen: 107104K->64K(104448K)] 108908K->1868K(279552K), 0,0009362 secs] [Times: user=0,01 sys=0,00, real=0,00 secs] 
52,700: [GC (Allocation Failure) [PSYoungGen: 104000K->64K(125440K)] 105804K->1868K(300544K), 0,0012764 secs] [Times: user=0,00 sys=0,00, real=0,00 secs] 
52,791: [GC (Allocation Failure) [PSYoungGen: 124992K->64K(150528K)] 126796K->1868K(325632K), 0,0018498 secs] [Times: user=0,00 sys=0,00, real=0,00 secs] 
52,912: [GC (Allocation Failure) [PSYoungGen: 150080K->96K(180736K)] 151884K->1900K(355840K), 0,0005037 secs] [Times: user=0,00 sys=0,00, real=0,00 secs] 
53,015: [GC (Allocation Failure) [PSYoungGen: 180320K->64K(174592K)] 182124K->1868K(349696K), 0,0005045 secs] [Times: user=0,00 sys=0,00, real=0,00 secs] 
53,114: [GC (Allocation Failure) [PSYoungGen: 174144K->96K(168448K)] 175948K->1900K(343552K), 0,0005136 secs] [Times: user=0,00 sys=0,00, real=0,00 secs] 
53,210: [GC (Allocation Failure) [PSYoungGen: 168032K->64K(162816K)] 169836K->1868K(337920K), 0,0011240 secs] [Times: user=0,00 sys=0,00, real=0,00 secs] 
53,316: [GC (Allocation Failure) [PSYoungGen: 162368K->96K(157184K)] 164172K->1900K(332288K), 0,0005001 secs] [Times: user=0,00 sys=0,00, real=0,00 secs] 
53,417: [GC (Allocation Failure) [PSYoungGen: 156768K->96K(152064K)] 158572K->1900K(327168K), 0,0005061 secs] [Times: user=0,00 sys=0,00, real=0,00 secs] 
53,503: [GC (Allocation Failure) [PSYoungGen: 151647K->96K(146944K)] 153452K->1900K(322048K), 0,0005103 secs] [Times: user=0,00 sys=0,00, real=0,00 secs] 
53,587: [GC (Allocation Failure) [PSYoungGen: 146528K->96K(142336K)] 148332K->1900K(317440K), 0,0005052 secs] [Times: user=0,00 sys=0,00, real=0,00 secs] 
53,671: [GC (Allocation Failure) [PSYoungGen: 141920K->96K(137728K)] 143724K->1900K(312832K), 0,0005064 secs] [Times: user=0,00 sys=0,00, real=0,00 secs] 
53,750: [GC (Allocation Failure) [PSYoungGen: 137312K->64K(133120K)] 139116K->1868K(308224K), 0,0004853 secs] [Times: user=0,01 sys=0,00, real=0,00 secs] 
53,830: [GC (Allocation Failure) [PSYoungGen: 132672K->96K(129024K)] 134476K->1900K(304128K), 0,0005201 secs] [Times: user=0,00 sys=0,00, real=0,00 secs] 
53,906: [GC (Allocation Failure) [PSYoungGen: 128608K->64K(124928K)] 130412K->1868K(300032K), 0,0004955 secs] [Times: user=0,00 sys=0,00, real=0,00 secs] 
53,977: [GC (Allocation Failure) [PSYoungGen: 124480K->96K(121344K)] 126284K->1900K(296448K), 0,0005219 secs] [Times: user=0,00 sys=0,01, real=0,00 secs] 
54,047: [GC (Allocation Failure) [PSYoungGen: 120928K->96K(117760K)] 122732K->1900K(292864K), 0,0005182 secs] [Times: user=0,00 sys=0,00, real=0,00 secs] 
54,115: [GC (Allocation Failure) [PSYoungGen: 117344K->96K(114176K)] 119148K->1900K(289280K), 0,0005216 secs] [Times: user=0,01 sys=0,00, real=0,00 secs] 
54,180: [GC (Allocation Failure) [PSYoungGen: 113760K->96K(110592K)] 115564K->1900K(285696K), 0,0005219 secs] [Times: user=0,00 sys=0,00, real=0,00 secs] 
54,244: [GC (Allocation Failure) [PSYoungGen: 110176K->96K(107520K)] 111980K->1900K(282624K), 0,0004933 secs] [Times: user=0,00 sys=0,00, real=0,00 secs] 
54,307: [GC (Allocation Failure) [PSYoungGen: 107104K->96K(104448K)] 108908K->1900K(279552K), 0,0004933 secs] [Times: user=0,00 sys=0,00, real=0,00 secs] 
54,372: [GC (Allocation Failure) [PSYoungGen: 104031K->96K(101376K)] 105836K->1900K(276480K), 0,0005074 secs] [Times: user=0,00 sys=0,00, real=0,00 secs] 
54,430: [GC (Allocation Failure) [PSYoungGen: 100960K->64K(98816K)] 102764K->1868K(273920K), 0,0005734 secs] [Times: user=0,00 sys=0,00, real=0,00 secs] 
54,488: [GC (Allocation Failure) [PSYoungGen: 98368K->64K(96256K)] 100172K->1868K(271360K), 0,0005026 secs] [Times: user=0,00 sys=0,00, real=0,00 secs] 
54,544: [GC (Allocation Failure) [PSYoungGen: 95808K->96K(93696K)] 97612K->1900K(268800K), 0,0004997 secs] [Times: user=0,00 sys=0,00, real=0,00 secs] 
54,598: [GC (Allocation Failure) [PSYoungGen: 93280K->64K(91136K)] 95084K->1868K(266240K), 0,0005339 secs] [Times: user=0,00 sys=0,00, real=0,00 secs] 
54,649: [GC (Allocation Failure) [PSYoungGen: 90688K->96K(88576K)] 92492K->1900K(263680K), 0,0004937 secs] [Times: user=0,01 sys=0,00, real=0,00 secs] 
54,699: [GC (Allocation Failure) [PSYoungGen: 88160K->96K(86528K)] 89964K->1900K(261632K), 0,0005108 secs] [Times: user=0,01 sys=0,00, real=0,00 secs] 
54,748: [GC (Allocation Failure) [PSYoungGen: 86112K->96K(84480K)] 87916K->1900K(259584K), 0,0005053 secs] [Times: user=0,01 sys=0,00, real=0,01 secs] 
54,800: [GC (Allocation Failure) [PSYoungGen: 84063K->64K(101376K)] 85868K->1868K(276480K), 0,0009711 secs] [Times: user=0,01 sys=0,00, real=0,00 secs] 
54,868: [GC (Allocation Failure) [PSYoungGen: 100928K->96K(121856K)] 102732K->1900K(296960K), 0,0006137 secs] [Times: user=0,00 sys=0,01, real=0,00 secs] 
54,939: [GC (Allocation Failure) [PSYoungGen: 121440K->96K(118272K)] 123244K->1900K(293376K), 0,0006562 secs] [Times: user=0,00 sys=0,00, real=0,00 secs] 
55,016: [GC (Allocation Failure) [PSYoungGen: 117856K->64K(114688K)] 119660K->1868K(289792K), 0,0005746 secs] [Times: user=0,00 sys=0,00, real=0,00 secs] 
55,095: [GC (Allocation Failure) [PSYoungGen: 114240K->128K(111104K)] 116044K->1932K(286208K), 0,0005582 secs] [Times: user=0,01 sys=0,00, real=0,00 secs] 
55,161: [GC (Allocation Failure) [PSYoungGen: 110720K->96K(108032K)] 112524K->1900K(283136K), 0,0005335 secs] [Times: user=0,00 sys=0,00, real=0,00 secs] 
55,222: [GC (Allocation Failure) [PSYoungGen: 107616K->96K(104960K)] 109420K->1900K(280064K), 0,0004994 secs] [Times: user=0,00 sys=0,00, real=0,00 secs] 
55,281: [GC (Allocation Failure) [PSYoungGen: 104544K->96K(101888K)] 106348K->1900K(276992K), 0,0005105 secs] [Times: user=0,00 sys=0,00, real=0,00 secs] 
55,341: [GC (Allocation Failure) [PSYoungGen: 101472K->96K(98816K)] 103276K->1900K(273920K), 0,0005050 secs] [Times: user=0,00 sys=0,00, real=0,00 secs] 
55,397: [GC (Allocation Failure) [PSYoungGen: 98400K->96K(96256K)] 100204K->1900K(271360K), 0,0005337 secs] [Times: user=0,01 sys=0,00, real=0,00 secs] 
55,451: [GC (Allocation Failure) [PSYoungGen: 95840K->96K(93696K)] 97644K->1900K(268800K), 0,0005644 secs] [Times: user=0,00 sys=0,00, real=0,00 secs] 
55,504: [GC (Allocation Failure) [PSYoungGen: 93280K->96K(91136K)] 95084K->1900K(266240K), 0,0005159 secs] [Times: user=0,00 sys=0,00, real=0,00 secs] 
55,555: [GC (Allocation Failure) [PSYoungGen: 90720K->96K(88576K)] 92524K->1900K(263680K), 0,0005454 secs] [Times: user=0,00 sys=0,00, real=0,00 secs] 
55,605: [GC (Allocation Failure) [PSYoungGen: 88160K->64K(86528K)] 89964K->1868K(261632K), 0,0005214 secs] [Times: user=0,00 sys=0,00, real=0,00 secs] 
55,654: [GC (Allocation Failure) [PSYoungGen: 86080K->96K(84480K)] 87884K->1900K(259584K), 0,0004937 secs] [Times: user=0,00 sys=0,00, real=0,00 secs] 
55,702: [GC (Allocation Failure) [PSYoungGen: 84063K->96K(82432K)] 85868K->1900K(257536K), 0,0005134 secs] [Times: user=0,00 sys=0,00, real=0,00 secs] 
55,749: [GC (Allocation Failure) [PSYoungGen: 82015K->96K(80384K)] 83820K->1900K(255488K), 0,0005120 secs] [Times: user=0,00 sys=0,00, real=0,00 secs] 
55,795: [GC (Allocation Failure) [PSYoungGen: 79968K->96K(78336K)] 81772K->1900K(253440K), 0,0005007 secs] [Times: user=0,01 sys=0,00, real=0,00 secs] 
55,843: [GC (Allocation Failure) [PSYoungGen: 77920K->64K(94208K)] 79724K->1868K(269312K), 0,0010476 secs] [Times: user=0,00 sys=0,00, real=0,00 secs] 
55,897: [GC (Allocation Failure) [PSYoungGen: 93760K->64K(113152K)] 95564K->1868K(288256K), 0,0004968 secs] [Times: user=0,01 sys=0,00, real=0,00 secs] 
55,960: [GC (Allocation Failure) [PSYoungGen: 112704K->96K(135680K)] 114508K->1900K(310784K), 0,0004983 secs] [Times: user=0,00 sys=0,00, real=0,00 secs] 
56,036: [GC (Allocation Failure) [PSYoungGen: 135264K->96K(131584K)] 137068K->1900K(306688K), 0,0005027 secs] [Times: user=0,00 sys=0,00, real=0,00 secs] 
56,110: [GC (Allocation Failure) [PSYoungGen: 131168K->96K(127488K)] 132972K->1900K(302592K), 0,0005092 secs] [Times: user=0,00 sys=0,00, real=0,00 secs] 
56,182: [GC (Allocation Failure) [PSYoungGen: 127072K->96K(123392K)] 128876K->1900K(298496K), 0,0005054 secs] [Times: user=0,00 sys=0,00, real=0,00 secs] 
56,251: [GC (Allocation Failure) [PSYoungGen: 122976K->96K(119808K)] 124780K->1900K(294912K), 0,0005150 secs] [Times: user=0,00 sys=0,00, real=0,00 secs] 
56,318: [GC (Allocation Failure) [PSYoungGen: 119392K->64K(116224K)] 121196K->1868K(291328K), 0,0004957 secs] [Times: user=0,00 sys=0,00, real=0,00 secs] 
56,384: [GC (Allocation Failure) [PSYoungGen: 115776K->96K(112640K)] 117580K->1900K(287744K), 0,0004975 secs] [Times: user=0,01 sys=0,00, real=0,00 secs] 
56,447: [GC (Allocation Failure) [PSYoungGen: 112224K->96K(109568K)] 114028K->1900K(284672K), 0,0006273 secs] [Times: user=0,00 sys=0,00, real=0,00 secs] 
56,510: [GC (Allocation Failure) [PSYoungGen: 109152K->96K(106496K)] 110956K->1900K(281600K), 0,0004961 secs] [Times: user=0,00 sys=0,00, real=0,00 secs] 
56,571: [GC (Allocation Failure) [PSYoungGen: 106080K->96K(103424K)] 107884K->1900K(278528K), 0,0005133 secs] [Times: user=0,00 sys=0,00, real=0,00 secs] 
56,631: [GC (Allocation Failure) [PSYoungGen: 103008K->96K(100352K)] 104812K->1900K(275456K), 0,0004994 secs] [Times: user=0,00 sys=0,00, real=0,00 secs] 
56,688: [GC (Allocation Failure) [PSYoungGen: 99936K->96K(97792K)] 101740K->1900K(272896K), 0,0005075 secs] [Times: user=0,00 sys=0,00, real=0,00 secs] 
56,744: [GC (Allocation Failure) [PSYoungGen: 97376K->96K(95232K)] 99180K->1900K(270336K), 0,0005056 secs] [Times: user=0,00 sys=0,00, real=0,00 secs] 
56,798: [GC (Allocation Failure) [PSYoungGen: 94816K->96K(92672K)] 96620K->1900K(267776K), 0,0004909 secs] [Times: user=0,00 sys=0,00, real=0,01 secs] 
56,850: [GC (Allocation Failure) [PSYoungGen: 92256K->96K(90112K)] 94060K->1900K(265216K), 0,0005157 secs] [Times: user=0,00 sys=0,00, real=0,00 secs] 
56,901: [GC (Allocation Failure) [PSYoungGen: 89696K->64K(87552K)] 91500K->1868K(262656K), 0,0004896 secs] [Times: user=0,00 sys=0,00, real=0,00 secs] 
56,951: [GC (Allocation Failure) [PSYoungGen: 87104K->64K(85504K)] 88908K->1868K(260608K), 0,0005490 secs] [Times: user=0,00 sys=0,00, real=0,00 secs] 
57,000: [GC (Allocation Failure) [PSYoungGen: 85056K->96K(83456K)] 86860K->1900K(258560K), 0,0005002 secs] [Times: user=0,00 sys=0,00, real=0,00 secs] 
57,047: [GC (Allocation Failure) [PSYoungGen: 83040K->96K(81408K)] 84844K->1900K(256512K), 0,0004931 secs] [Times: user=0,00 sys=0,00, real=0,00 secs] 
57,094: [GC (Allocation Failure) [PSYoungGen: 80992K->96K(79360K)] 82796K->1900K(254464K), 0,0005208 secs] [Times: user=0,00 sys=0,00, real=0,00 secs] 
57,139: [GC (Allocation Failure) [PSYoungGen: 78944K->96K(77312K)] 80748K->1900K(252416K), 0,0005110 secs] [Times: user=0,00 sys=0,00, real=0,00 secs] 
57,183: [GC (Allocation Failure) [PSYoungGen: 76896K->96K(75264K)] 78700K->1900K(250368K), 0,0004878 secs] [Times: user=0,00 sys=0,00, real=0,00 secs] 
57,225: [GC (Allocation Failure) [PSYoungGen: 74847K->96K(73728K)] 76652K->1900K(248832K), 0,0004862 secs] [Times: user=0,00 sys=0,00, real=0,00 secs] 
57,267: [GC (Allocation Failure) [PSYoungGen: 73312K->96K(88576K)] 75116K->1900K(263680K), 0,0005685 secs] [Times: user=0,00 sys=0,00, real=0,00 secs] 
57,317: [GC (Allocation Failure) [PSYoungGen: 88160K->96K(86528K)] 89964K->1900K(261632K), 0,0004914 secs] [Times: user=0,00 sys=0,00, real=0,00 secs] 
57,365: [GC (Allocation Failure) [PSYoungGen: 86112K->96K(84480K)] 87916K->1900K(259584K), 0,0005053 secs] [Times: user=0,00 sys=0,00, real=0,00 secs] 
57,414: [GC (Allocation Failure) [PSYoungGen: 84063K->128K(82432K)] 85868K->1932K(257536K), 0,0005370 secs] [Times: user=0,00 sys=0,00, real=0,00 secs] 
57,460: [GC (Allocation Failure) [PSYoungGen: 82048K->96K(80384K)] 83852K->1900K(255488K), 0,0005566 secs] [Times: user=0,00 sys=0,00, real=0,00 secs] 
57,508: [GC (Allocation Failure) [PSYoungGen: 79968K->96K(78336K)] 81772K->1900K(253440K), 0,0005149 secs] [Times: user=0,00 sys=0,00, real=0,00 secs] 
57,552: [GC (Allocation Failure) [PSYoungGen: 77920K->96K(76288K)] 79724K->1900K(251392K), 0,0004946 secs] [Times: user=0,01 sys=0,00, real=0,00 secs] 
57,595: [GC (Allocation Failure) [PSYoungGen: 75872K->96K(74752K)] 77676K->1900K(249856K), 0,0004901 secs] [Times: user=0,00 sys=0,00, real=0,00 secs] 
57,638: [GC (Allocation Failure) [PSYoungGen: 74336K->64K(89600K)] 76140K->1868K(264704K), 0,0005487 secs] [Times: user=0,00 sys=0,00, real=0,00 secs] 
57,688: [GC (Allocation Failure) [PSYoungGen: 89152K->96K(87040K)] 90956K->1900K(262144K), 0,0004964 secs] [Times: user=0,00 sys=0,00, real=0,00 secs] 
57,737: [GC (Allocation Failure) [PSYoungGen: 86624K->96K(84992K)] 88428K->1900K(260096K), 0,0004956 secs] [Times: user=0,00 sys=0,00, real=0,00 secs] 
57,785: [GC (Allocation Failure) [PSYoungGen: 84576K->96K(82944K)] 86380K->1900K(258048K), 0,0005038 secs] [Times: user=0,00 sys=0,00, real=0,00 secs] 
57,832: [GC (Allocation Failure) [PSYoungGen: 82528K->96K(80896K)] 84332K->1900K(256000K), 0,0005072 secs] [Times: user=0,00 sys=0,00, real=0,00 secs] 
57,877: [GC (Allocation Failure) [PSYoungGen: 80480K->96K(78848K)] 82284K->1900K(253952K), 0,0005067 secs] [Times: user=0,00 sys=0,00, real=0,00 secs] 
57,922: [GC (Allocation Failure) [PSYoungGen: 78432K->96K(76800K)] 80236K->1900K(251904K), 0,0005370 secs] [Times: user=0,00 sys=0,00, real=0,00 secs] 
57,965: [GC (Allocation Failure) [PSYoungGen: 76384K->96K(92160K)] 78188K->1900K(267264K), 0,0005098 secs] [Times: user=0,00 sys=0,01, real=0,00 secs] 
58,016: [GC (Allocation Failure) [PSYoungGen: 91744K->96K(89600K)] 93548K->1900K(264704K), 0,0005020 secs] [Times: user=0,00 sys=0,00, real=0,00 secs] 
58,067: [GC (Allocation Failure) [PSYoungGen: 89184K->96K(87040K)] 90988K->1900K(262144K), 0,0005144 secs] [Times: user=0,00 sys=0,00, real=0,00 secs] 
58,116: [GC (Allocation Failure) [PSYoungGen: 86624K->64K(84992K)] 88428K->1868K(260096K), 0,0005390 secs] [Times: user=0,00 sys=0,00, real=0,00 secs] 
58,165: [GC (Allocation Failure) [PSYoungGen: 84544K->96K(82944K)] 86348K->1900K(258048K), 0,0005007 secs] [Times: user=0,00 sys=0,00, real=0,00 secs] 
58,212: [GC (Allocation Failure) [PSYoungGen: 82528K->96K(80896K)] 84332K->1900K(256000K), 0,0004984 secs] [Times: user=0,00 sys=0,00, real=0,00 secs] 
58,258: [GC (Allocation Failure) [PSYoungGen: 80480K->96K(78848K)] 82284K->1900K(253952K), 0,0004919 secs] [Times: user=0,00 sys=0,00, real=0,01 secs] 
58,303: [GC (Allocation Failure) [PSYoungGen: 78432K->96K(76800K)] 80236K->1900K(251904K), 0,0005427 secs] [Times: user=0,00 sys=0,00, real=0,00 secs] 
58,347: [GC (Allocation Failure) [PSYoungGen: 76384K->96K(74752K)] 78188K->1900K(249856K), 0,0005075 secs] [Times: user=0,00 sys=0,00, real=0,00 secs] 
58,390: [GC (Allocation Failure) [PSYoungGen: 74336K->96K(89600K)] 76140K->1900K(264704K), 0,0005280 secs] [Times: user=0,00 sys=0,00, real=0,00 secs] 
58,441: [GC (Allocation Failure) [PSYoungGen: 89184K->96K(107520K)] 90988K->1900K(282624K), 0,0005402 secs] [Times: user=0,00 sys=0,00, real=0,00 secs] 
58,503: [GC (Allocation Failure) [PSYoungGen: 107104K->96K(104448K)] 108908K->1900K(279552K), 0,0005067 secs] [Times: user=0,00 sys=0,00, real=0,00 secs] 
58,562: [GC (Allocation Failure) [PSYoungGen: 104032K->96K(101376K)] 105836K->1900K(276480K), 0,0004980 secs] [Times: user=0,00 sys=0,00, real=0,00 secs] 
58,619: [GC (Allocation Failure) [PSYoungGen: 100960K->96K(98816K)] 102764K->1900K(273920K), 0,0005351 secs] [Times: user=0,01 sys=0,00, real=0,00 secs] 
58,676: [GC (Allocation Failure) [PSYoungGen: 98400K->96K(96256K)] 100204K->1900K(271360K), 0,0004953 secs] [Times: user=0,00 sys=0,00, real=0,00 secs] 
58,731: [GC (Allocation Failure) [PSYoungGen: 95840K->64K(93696K)] 97644K->1868K(268800K), 0,0006567 secs] [Times: user=0,00 sys=0,00, real=0,00 secs] 
58,791: [GC (Allocation Failure) [PSYoungGen: 93248K->96K(91136K)] 95052K->1900K(266240K), 0,0005053 secs] [Times: user=0,00 sys=0,00, real=0,00 secs] 
58,842: [GC (Allocation Failure) [PSYoungGen: 90720K->96K(88576K)] 92524K->1900K(263680K), 0,0004924 secs] [Times: user=0,01 sys=0,00, real=0,00 secs] 
58,892: [GC (Allocation Failure) [PSYoungGen: 88160K->96K(86528K)] 89964K->1900K(261632K), 0,0004985 secs] [Times: user=0,01 sys=0,00, real=0,00 secs] 
58,941: [GC (Allocation Failure) [PSYoungGen: 86112K->96K(84480K)] 87916K->1900K(259584K), 0,0005081 secs] [Times: user=0,00 sys=0,00, real=0,00 secs] 
58,989: [GC (Allocation Failure) [PSYoungGen: 84064K->96K(82432K)] 85868K->1900K(257536K), 0,0005077 secs] [Times: user=0,00 sys=0,00, real=0,00 secs] 
59,035: [GC (Allocation Failure) [PSYoungGen: 82016K->96K(80384K)] 83820K->1900K(255488K), 0,0006113 secs] [Times: user=0,00 sys=0,00, real=0,00 secs] 
59,083: [GC (Allocation Failure) [PSYoungGen: 79968K->32K(78336K)] 81772K->1836K(253440K), 0,0005736 secs] [Times: user=0,00 sys=0,00, real=0,00 secs] 
59,127: [GC (Allocation Failure) [PSYoungGen: 77856K->96K(76288K)] 79660K->1900K(251392K), 0,0004981 secs] [Times: user=0,00 sys=0,00, real=0,00 secs] 
59,170: [GC (Allocation Failure) [PSYoungGen: 75872K->96K(91648K)] 77676K->1900K(266752K), 0,0004857 secs] [Times: user=0,01 sys=0,00, real=0,00 secs] 
59,221: [GC (Allocation Failure) [PSYoungGen: 91232K->64K(89088K)] 93036K->1868K(264192K), 0,0004946 secs] [Times: user=0,00 sys=0,00, real=0,00 secs] 
59,271: [GC (Allocation Failure) [PSYoungGen: 88640K->96K(87040K)] 90444K->1900K(262144K), 0,0005126 secs] [Times: user=0,00 sys=0,00, real=0,00 secs] 
59,320: [GC (Allocation Failure) [PSYoungGen: 86624K->96K(84992K)] 88428K->1900K(260096K), 0,0004907 secs] [Times: user=0,00 sys=0,00, real=0,00 secs] 
59,369: [GC (Allocation Failure) [PSYoungGen: 84576K->96K(82944K)] 86380K->1900K(258048K), 0,0005450 secs] [Times: user=0,01 sys=0,00, real=0,00 secs] 
59,416: [GC (Allocation Failure) [PSYoungGen: 82528K->96K(80896K)] 84332K->1900K(256000K), 0,0005083 secs] [Times: user=0,00 sys=0,00, real=0,00 secs] 
59,461: [GC (Allocation Failure) [PSYoungGen: 80480K->96K(97280K)] 82284K->1900K(272384K), 0,0006510 secs] [Times: user=0,00 sys=0,00, real=0,00 secs] 
59,516: [GC (Allocation Failure) [PSYoungGen: 96864K->96K(94720K)] 98668K->1900K(269824K), 0,0004947 secs] [Times: user=0,00 sys=0,00, real=0,00 secs] 
59,569: [GC (Allocation Failure) [PSYoungGen: 94304K->96K(92160K)] 96108K->1900K(267264K), 0,0005164 secs] [Times: user=0,00 sys=0,00, real=0,00 secs] 
59,621: [GC (Allocation Failure) [PSYoungGen: 91744K->64K(89600K)] 93548K->1868K(264704K), 0,0005676 secs] [Times: user=0,00 sys=0,00, real=0,00 secs] 
59,671: [GC (Allocation Failure) [PSYoungGen: 89152K->96K(87040K)] 90956K->1900K(262144K), 0,0005182 secs] [Times: user=0,00 sys=0,00, real=0,00 secs] 
59,721: [GC (Allocation Failure) [PSYoungGen: 86624K->96K(84992K)] 88428K->1900K(260096K), 0,0005077 secs] [Times: user=0,00 sys=0,00, real=0,00 secs] 
59,768: [GC (Allocation Failure) [PSYoungGen: 84576K->96K(82944K)] 86380K->1900K(258048K), 0,0004914 secs] [Times: user=0,00 sys=0,00, real=0,00 secs] 
59,815: [GC (Allocation Failure) [PSYoungGen: 82528K->64K(80896K)] 84332K->1868K(256000K), 0,0004943 secs] [Times: user=0,00 sys=0,00, real=0,00 secs] 
59,860: [GC (Allocation Failure) [PSYoungGen: 80448K->96K(78848K)] 82252K->1900K(253952K), 0,0004933 secs] [Times: user=0,00 sys=0,00, real=0,00 secs] 
59,905: [GC (Allocation Failure) [PSYoungGen: 78431K->96K(76800K)] 80236K->1900K(251904K), 0,0005413 secs] [Times: user=0,01 sys=0,00, real=0,00 secs] 
59,948: [GC (Allocation Failure) [PSYoungGen: 76384K->96K(92160K)] 78188K->1900K(267264K), 0,0005172 secs] [Times: user=0,00 sys=0,00, real=0,00 secs] 
59,999: [GC (Allocation Failure) [PSYoungGen: 91744K->96K(89600K)] 93548K->1900K(264704K), 0,0004884 secs] [Times: user=0,00 sys=0,00, real=0,00 secs] 
60,050: [GC (Allocation Failure) [PSYoungGen: 89184K->96K(87040K)] 90988K->1900K(262144K), 0,0005100 secs] [Times: user=0,00 sys=0,00, real=0,00 secs] 
60,100: [GC (Allocation Failure) [PSYoungGen: 86624K->96K(84992K)] 88428K->1900K(260096K), 0,0005103 secs] [Times: user=0,00 sys=0,00, real=0,00 secs] 
60,147: [GC (Allocation Failure) [PSYoungGen: 84576K->96K(82944K)] 86380K->1900K(258048K), 0,0005317 secs] [Times: user=0,00 sys=0,00, real=0,00 secs] 
60,194: [GC (Allocation Failure) [PSYoungGen: 82528K->96K(80896K)] 84332K->1900K(256000K), 0,0004975 secs] [Times: user=0,00 sys=0,00, real=0,00 secs] 
60,239: [GC (Allocation Failure) [PSYoungGen: 80480K->96K(78848K)] 82284K->1900K(253952K), 0,0005010 secs] [Times: user=0,00 sys=0,00, real=0,00 secs] 
60,284: [GC (Allocation Failure) [PSYoungGen: 78431K->96K(76800K)] 80236K->1900K(251904K), 0,0005076 secs] [Times: user=0,00 sys=0,00, real=0,00 secs] 
60,327: [GC (Allocation Failure) [PSYoungGen: 76384K->96K(74752K)] 78188K->1900K(249856K), 0,0004991 secs] [Times: user=0,00 sys=0,00, real=0,00 secs] 
60,370: [GC (Allocation Failure) [PSYoungGen: 74336K->160K(89600K)] 76140K->1964K(264704K), 0,0005259 secs] [Times: user=0,01 sys=0,00, real=0,00 secs] 
60,420: [GC (Allocation Failure) [PSYoungGen: 89248K->96K(87040K)] 91052K->1932K(262144K), 0,0005089 secs] [Times: user=0,00 sys=0,00, real=0,00 secs] 
60,469: [GC (Allocation Failure) [PSYoungGen: 86624K->96K(84992K)] 88460K->1932K(260096K), 0,0004928 secs] [Times: user=0,00 sys=0,00, real=0,00 secs] 
60,517: [GC (Allocation Failure) [PSYoungGen: 84576K->96K(82944K)] 86412K->1932K(258048K), 0,0004997 secs] [Times: user=0,00 sys=0,00, real=0,00 secs] 
60,563: [GC (Allocation Failure) [PSYoungGen: 82528K->96K(80896K)] 84364K->1932K(256000K), 0,0005172 secs] [Times: user=0,00 sys=0,00, real=0,00 secs] 
60,610: [GC (Allocation Failure) [PSYoungGen: 80480K->96K(78848K)] 82316K->1932K(253952K), 0,0005080 secs] [Times: user=0,00 sys=0,00, real=0,00 secs] 
60,654: [GC (Allocation Failure) [PSYoungGen: 78432K->96K(76800K)] 80268K->1932K(251904K), 0,0004772 secs] [Times: user=0,00 sys=0,00, real=0,00 secs] 
60,697: [GC (Allocation Failure) [PSYoungGen: 76384K->96K(74752K)] 78220K->1932K(249856K), 0,0005017 secs] [Times: user=0,00 sys=0,00, real=0,00 secs] 
60,739: [GC (Allocation Failure) [PSYoungGen: 74336K->64K(89600K)] 76172K->1900K(264704K), 0,0004940 secs] [Times: user=0,00 sys=0,00, real=0,00 secs] 
60,789: [GC (Allocation Failure) [PSYoungGen: 89152K->96K(87040K)] 90988K->1932K(262144K), 0,0004975 secs] [Times: user=0,00 sys=0,00, real=0,00 secs] 
60,838: [GC (Allocation Failure) [PSYoungGen: 86624K->96K(84992K)] 88460K->1932K(260096K), 0,0004843 secs] [Times: user=0,00 sys=0,00, real=0,01 secs] 
60,886: [GC (Allocation Failure) [PSYoungGen: 84576K->96K(82944K)] 86412K->1932K(258048K), 0,0005079 secs] [Times: user=0,00 sys=0,00, real=0,00 secs] 
60,933: [GC (Allocation Failure) [PSYoungGen: 82528K->64K(80896K)] 84364K->1900K(256000K), 0,0005156 secs] [Times: user=0,00 sys=0,00, real=0,00 secs] 
60,979: [GC (Allocation Failure) [PSYoungGen: 80448K->96K(78848K)] 82284K->1932K(253952K), 0,0004933 secs] [Times: user=0,00 sys=0,00, real=0,00 secs] 
61,024: [GC (Allocation Failure) [PSYoungGen: 78432K->96K(76800K)] 80268K->1932K(251904K), 0,0004936 secs] [Times: user=0,01 sys=0,00, real=0,00 secs] 
61,067: [GC (Allocation Failure) [PSYoungGen: 76384K->96K(74752K)] 78220K->1932K(249856K), 0,0005176 secs] [Times: user=0,00 sys=0,00, real=0,00 secs] 
61,109: [GC (Allocation Failure) [PSYoungGen: 74336K->96K(73216K)] 76172K->1932K(248320K), 0,0004890 secs] [Times: user=0,00 sys=0,00, real=0,00 secs] 
61,151: [GC (Allocation Failure) [PSYoungGen: 72800K->96K(88064K)] 74636K->1932K(263168K), 0,0004998 secs] [Times: user=0,00 sys=0,00, real=0,00 secs] 
61,201: [GC (Allocation Failure) [PSYoungGen: 87648K->96K(86016K)] 89484K->1932K(261120K), 0,0004891 secs] [Times: user=0,00 sys=0,00, real=0,00 secs] 
61,249: [GC (Allocation Failure) [PSYoungGen: 85600K->96K(103424K)] 87436K->1932K(278528K), 0,0005680 secs] [Times: user=0,00 sys=0,00, real=0,00 secs] 
61,307: [GC (Allocation Failure) [PSYoungGen: 103008K->96K(100352K)] 104844K->1932K(275456K), 0,0005064 secs] [Times: user=0,00 sys=0,00, real=0,00 secs] 
61,363: [GC (Allocation Failure) [PSYoungGen: 99936K->64K(97792K)] 101772K->1900K(272896K), 0,0005106 secs] [Times: user=0,00 sys=0,00, real=0,00 secs] 
61,418: [GC (Allocation Failure) [PSYoungGen: 97344K->96K(95232K)] 99180K->1932K(270336K), 0,0005048 secs] [Times: user=0,00 sys=0,00, real=0,00 secs] 
61,471: [GC (Allocation Failure) [PSYoungGen: 94816K->96K(92672K)] 96652K->1932K(267776K), 0,0005071 secs] [Times: user=0,00 sys=0,00, real=0,00 secs] 
61,524: [GC (Allocation Failure) [PSYoungGen: 92256K->96K(90112K)] 94092K->1932K(265216K), 0,0004978 secs] [Times: user=0,00 sys=0,00, real=0,00 secs] 
61,574: [GC (Allocation Failure) [PSYoungGen: 89696K->64K(87552K)] 91532K->1900K(262656K), 0,0005077 secs] [Times: user=0,00 sys=0,00, real=0,00 secs] 
61,626: [GC (Allocation Failure) [PSYoungGen: 87104K->96K(85504K)] 88940K->1932K(260608K), 0,0005131 secs] [Times: user=0,00 sys=0,00, real=0,00 secs] 
61,675: [GC (Allocation Failure) [PSYoungGen: 85088K->96K(83456K)] 86924K->1932K(258560K), 0,0005568 secs] [Times: user=0,00 sys=0,00, real=0,00 secs] 
61,722: [GC (Allocation Failure) [PSYoungGen: 83040K->96K(81408K)] 84876K->1932K(256512K), 0,0005143 secs] [Times: user=0,00 sys=0,01, real=0,00 secs] 
61,805: [GC (Allocation Failure) [PSYoungGen: 80992K->64K(97792K)] 82828K->1900K(272896K), 0,0013734 secs] [Times: user=0,01 sys=0,00, real=0,00 secs] 
61,878: [GC (Allocation Failure) [PSYoungGen: 97344K->96K(95232K)] 99180K->1932K(270336K), 0,0006497 secs] [Times: user=0,01 sys=0,00, real=0,01 secs] 
61,941: [GC (Allocation Failure) [PSYoungGen: 94816K->32K(114176K)] 96652K->1868K(289280K), 0,0018517 secs] [Times: user=0,00 sys=0,00, real=0,00 secs] 
62,014: [GC (Allocation Failure) [PSYoungGen: 113696K->96K(137216K)] 115532K->1932K(312320K), 0,0006481 secs] [Times: user=0,00 sys=0,00, real=0,00 secs] 
62,115: [GC (Allocation Failure) [PSYoungGen: 136800K->128K(164864K)] 138636K->1964K(339968K), 0,0006056 secs] [Times: user=0,00 sys=0,00, real=0,00 secs] 
62,209: [GC (Allocation Failure) [PSYoungGen: 164480K->64K(159232K)] 166316K->1900K(334336K), 0,0004997 secs] [Times: user=0,00 sys=0,00, real=0,00 secs] 
62,299: [GC (Allocation Failure) [PSYoungGen: 158784K->64K(154112K)] 160620K->1900K(329216K), 0,0007921 secs] [Times: user=0,00 sys=0,00, real=0,00 secs] 
62,387: [GC (Allocation Failure) [PSYoungGen: 153664K->96K(148992K)] 155500K->1932K(324096K), 0,0004930 secs] [Times: user=0,00 sys=0,00, real=0,00 secs] 
62,470: [GC (Allocation Failure) [PSYoungGen: 148576K->96K(143872K)] 150412K->1932K(318976K), 0,0005109 secs] [Times: user=0,00 sys=0,00, real=0,00 secs] 
62,551: [GC (Allocation Failure) [PSYoungGen: 143456K->96K(139264K)] 145292K->1932K(314368K), 0,0005046 secs] [Times: user=0,00 sys=0,00, real=0,00 secs] 
62,628: [GC (Allocation Failure) [PSYoungGen: 138847K->96K(134656K)] 140684K->1932K(309760K), 0,0005047 secs] [Times: user=0,00 sys=0,00, real=0,00 secs] 
62,704: [GC (Allocation Failure) [PSYoungGen: 134240K->96K(130560K)] 136076K->1932K(305664K), 0,0004974 secs] [Times: user=0,00 sys=0,00, real=0,00 secs] 
62,776: [GC (Allocation Failure) [PSYoungGen: 130144K->96K(126464K)] 131980K->1932K(301568K), 0,0005020 secs] [Times: user=0,00 sys=0,00, real=0,00 secs] 
62,848: [GC (Allocation Failure) [PSYoungGen: 126048K->96K(122368K)] 127884K->1932K(297472K), 0,0005288 secs] [Times: user=0,00 sys=0,00, real=0,01 secs] 
62,916: [GC (Allocation Failure) [PSYoungGen: 121952K->96K(118784K)] 123788K->1932K(293888K), 0,0005267 secs] [Times: user=0,00 sys=0,00, real=0,00 secs] 
62,983: [GC (Allocation Failure) [PSYoungGen: 118367K->96K(115200K)] 120204K->1932K(290304K), 0,0005162 secs] [Times: user=0,00 sys=0,00, real=0,00 secs] 
63,048: [GC (Allocation Failure) [PSYoungGen: 114784K->96K(111616K)] 116620K->1932K(286720K), 0,0005521 secs] [Times: user=0,00 sys=0,00, real=0,01 secs] 
63,111: [GC (Allocation Failure) [PSYoungGen: 111200K->96K(108544K)] 113036K->1932K(283648K), 0,0005158 secs] [Times: user=0,01 sys=0,00, real=0,00 secs] 
63,172: [GC (Allocation Failure) [PSYoungGen: 108128K->96K(105472K)] 109964K->1932K(280576K), 0,0004963 secs] [Times: user=0,00 sys=0,00, real=0,00 secs] 
63,234: [GC (Allocation Failure) [PSYoungGen: 105056K->96K(102400K)] 106892K->1932K(277504K), 0,0004992 secs] [Times: user=0,00 sys=0,00, real=0,00 secs] 
63,295: [GC (Allocation Failure) [PSYoungGen: 101984K->64K(99328K)] 103820K->1900K(274432K), 0,0010992 secs] [Times: user=0,00 sys=0,00, real=0,00 secs] 
63,366: [GC (Allocation Failure) [PSYoungGen: 98880K->96K(96768K)] 100716K->1932K(271872K), 0,0009626 secs] [Times: user=0,00 sys=0,00, real=0,00 secs] 
63,434: [GC (Allocation Failure) [PSYoungGen: 96352K->32K(116224K)] 98188K->1868K(291328K), 0,0013284 secs] [Times: user=0,00 sys=0,00, real=0,00 secs] 
63,515: [GC (Allocation Failure) [PSYoungGen: 115744K->96K(139776K)] 117580K->1932K(314880K), 0,0005922 secs] [Times: user=0,00 sys=0,00, real=0,00 secs] 
63,603: [GC (Allocation Failure) [PSYoungGen: 139360K->96K(135168K)] 141196K->1932K(310272K), 0,0005316 secs] [Times: user=0,00 sys=0,00, real=0,00 secs] 
63,693: [GC (Allocation Failure) [PSYoungGen: 134752K->64K(131072K)] 136588K->1900K(306176K), 0,0007468 secs] [Times: user=0,00 sys=0,00, real=0,00 secs] 
63,789: [GC (Allocation Failure) [PSYoungGen: 130624K->64K(126976K)] 132460K->1900K(302080K), 0,0004988 secs] [Times: user=0,00 sys=0,00, real=0,00 secs] 
63,885: [GC (Allocation Failure) [PSYoungGen: 126528K->96K(122880K)] 128364K->1932K(297984K), 0,0005919 secs] [Times: user=0,00 sys=0,00, real=0,00 secs] 
63,963: [GC (Allocation Failure) [PSYoungGen: 122464K->96K(119296K)] 124300K->1932K(294400K), 0,0006050 secs] [Times: user=0,00 sys=0,00, real=0,00 secs] 
64,034: [GC (Allocation Failure) [PSYoungGen: 118880K->96K(115712K)] 120716K->1932K(290816K), 0,0005135 secs] [Times: user=0,00 sys=0,00, real=0,00 secs] 
64,103: [GC (Allocation Failure) [PSYoungGen: 115296K->64K(112128K)] 117132K->1900K(287232K), 0,0005457 secs] [Times: user=0,00 sys=0,00, real=0,00 secs] 
64,170: [GC (Allocation Failure) [PSYoungGen: 111680K->96K(109056K)] 113516K->1932K(284160K), 0,0004932 secs] [Times: user=0,00 sys=0,00, real=0,00 secs] 
64,234: [GC (Allocation Failure) [PSYoungGen: 108640K->96K(105984K)] 110476K->1932K(281088K), 0,0005191 secs] [Times: user=0,00 sys=0,00, real=0,00 secs] 
64,294: [GC (Allocation Failure) [PSYoungGen: 105568K->64K(102912K)] 107404K->1900K(278016K), 0,0005321 secs] [Times: user=0,00 sys=0,00, real=0,00 secs] 
64,354: [GC (Allocation Failure) [PSYoungGen: 102464K->64K(99840K)] 104300K->1900K(274944K), 0,0006067 secs] [Times: user=0,00 sys=0,00, real=0,00 secs] 
64,414: [GC (Allocation Failure) [PSYoungGen: 99392K->96K(97280K)] 101228K->1932K(272384K), 0,0004996 secs] [Times: user=0,00 sys=0,00, real=0,00 secs] 
64,471: [GC (Allocation Failure) [PSYoungGen: 96863K->96K(94720K)] 98700K->1932K(269824K), 0,0005156 secs] [Times: user=0,00 sys=0,00, real=0,00 secs] 
64,526: [GC (Allocation Failure) [PSYoungGen: 94304K->96K(92160K)] 96140K->1932K(267264K), 0,0005071 secs] [Times: user=0,00 sys=0,00, real=0,00 secs] 
64,580: [GC (Allocation Failure) [PSYoungGen: 91744K->96K(89600K)] 93580K->1932K(264704K), 0,0005000 secs] [Times: user=0,00 sys=0,00, real=0,00 secs] 
64,631: [GC (Allocation Failure) [PSYoungGen: 89184K->96K(87040K)] 91020K->1932K(262144K), 0,0005230 secs] [Times: user=0,01 sys=0,00, real=0,00 secs] 
64,682: [GC (Allocation Failure) [PSYoungGen: 86624K->96K(84992K)] 88460K->1932K(260096K), 0,0005230 secs] [Times: user=0,01 sys=0,00, real=0,00 secs] 
64,731: [GC (Allocation Failure) [PSYoungGen: 84576K->96K(82944K)] 86412K->1932K(258048K), 0,0005038 secs] [Times: user=0,00 sys=0,00, real=0,00 secs] 
64,778: [GC (Allocation Failure) [PSYoungGen: 82528K->64K(80896K)] 84364K->1900K(256000K), 0,0005077 secs] [Times: user=0,00 sys=0,00, real=0,01 secs] 
64,825: [GC (Allocation Failure) [PSYoungGen: 80448K->64K(78848K)] 82284K->1900K(253952K), 0,0004938 secs] [Times: user=0,00 sys=0,00, real=0,00 secs] 
64,871: [GC (Allocation Failure) [PSYoungGen: 78400K->96K(76800K)] 80236K->1932K(251904K), 0,0005047 secs] [Times: user=0,00 sys=0,00, real=0,00 secs] 
64,916: [GC (Allocation Failure) [PSYoungGen: 76384K->96K(74752K)] 78220K->1932K(249856K), 0,0005678 secs] [Times: user=0,00 sys=0,00, real=0,00 secs] 
64,960: [GC (Allocation Failure) [PSYoungGen: 74336K->96K(89600K)] 76172K->1932K(264704K), 0,0005599 secs] [Times: user=0,00 sys=0,00, real=0,00 secs] 
65,014: [GC (Allocation Failure) [PSYoungGen: 89184K->64K(107520K)] 91020K->1900K(282624K), 0,0007022 secs] [Times: user=0,00 sys=0,00, real=0,00 secs] 
65,076: [GC (Allocation Failure) [PSYoungGen: 107072K->96K(104448K)] 108908K->1932K(279552K), 0,0005028 secs] [Times: user=0,00 sys=0,00, real=0,00 secs] 
65,136: [GC (Allocation Failure) [PSYoungGen: 104032K->96K(101376K)] 105868K->1932K(276480K), 0,0004970 secs] [Times: user=0,00 sys=0,00, real=0,00 secs] 
65,194: [GC (Allocation Failure) [PSYoungGen: 100960K->96K(98816K)] 102796K->1932K(273920K), 0,0005108 secs] [Times: user=0,00 sys=0,00, real=0,00 secs] 
65,252: [GC (Allocation Failure) [PSYoungGen: 98400K->64K(118784K)] 100236K->1900K(293888K), 0,0011069 secs] [Times: user=0,01 sys=0,00, real=0,00 secs] 
65,321: [GC (Allocation Failure) [PSYoungGen: 118336K->96K(142848K)] 120172K->1932K(317952K), 0,0005427 secs] [Times: user=0,00 sys=0,00, real=0,00 secs] 
65,404: [GC (Allocation Failure) [PSYoungGen: 142432K->96K(138240K)] 144268K->1932K(313344K), 0,0005013 secs] [Times: user=0,01 sys=0,00, real=0,00 secs] 
65,484: [GC (Allocation Failure) [PSYoungGen: 137824K->64K(133632K)] 139660K->1900K(308736K), 0,0005558 secs] [Times: user=0,00 sys=0,00, real=0,00 secs] 
65,561: [GC (Allocation Failure) [PSYoungGen: 133184K->64K(129536K)] 135020K->1900K(304640K), 0,0005580 secs] [Times: user=0,00 sys=0,00, real=0,00 secs] 
65,636: [GC (Allocation Failure) [PSYoungGen: 129088K->96K(125440K)] 130924K->1932K(300544K), 0,0004762 secs] [Times: user=0,00 sys=0,00, real=0,00 secs] 
65,707: [GC (Allocation Failure) [PSYoungGen: 125024K->96K(121344K)] 126860K->1932K(296448K), 0,0004957 secs] [Times: user=0,00 sys=0,00, real=0,00 secs] 
65,776: [GC (Allocation Failure) [PSYoungGen: 120928K->64K(117760K)] 122764K->1900K(292864K), 0,0005045 secs] [Times: user=0,01 sys=0,00, real=0,00 secs] 
65,843: [GC (Allocation Failure) [PSYoungGen: 117312K->96K(114176K)] 119148K->1932K(289280K), 0,0004997 secs] [Times: user=0,00 sys=0,00, real=0,00 secs] 
65,907: [GC (Allocation Failure) [PSYoungGen: 113760K->96K(110592K)] 115596K->1932K(285696K), 0,0004997 secs] [Times: user=0,00 sys=0,00, real=0,00 secs] 
65,970: [GC (Allocation Failure) [PSYoungGen: 110176K->96K(107520K)] 112012K->1932K(282624K), 0,0004953 secs] [Times: user=0,00 sys=0,00, real=0,00 secs] 
66,031: [GC (Allocation Failure) [PSYoungGen: 107104K->96K(104448K)] 108940K->1940K(279552K), 0,0005069 secs] [Times: user=0,00 sys=0,00, real=0,00 secs] 
66,092: [GC (Allocation Failure) [PSYoungGen: 104031K->96K(101376K)] 105876K->1940K(276480K), 0,0004965 secs] [Times: user=0,00 sys=0,00, real=0,00 secs] 
66,152: [GC (Allocation Failure) [PSYoungGen: 100960K->96K(98816K)] 102804K->1940K(273920K), 0,0005054 secs] [Times: user=0,00 sys=0,00, real=0,00 secs] 
66,229: [GC (Allocation Failure) [PSYoungGen: 98400K->96K(96256K)] 100244K->1940K(271360K), 0,0006108 secs] [Times: user=0,00 sys=0,00, real=0,00 secs] 
66,290: [GC (Allocation Failure) [PSYoungGen: 95840K->96K(93696K)] 97684K->1940K(268800K), 0,0007624 secs] [Times: user=0,00 sys=0,00, real=0,00 secs] 
66,351: [GC (Allocation Failure) [PSYoungGen: 93280K->96K(91136K)] 95124K->1940K(266240K), 0,0006713 secs] [Times: user=0,00 sys=0,00, real=0,00 secs] 
66,408: [GC (Allocation Failure) [PSYoungGen: 90720K->64K(88576K)] 92564K->1908K(263680K), 0,0005572 secs] [Times: user=0,00 sys=0,00, real=0,00 secs] 
66,470: [GC (Allocation Failure) [PSYoungGen: 88128K->96K(106496K)] 89972K->1940K(281600K), 0,0014876 secs] [Times: user=0,00 sys=0,00, real=0,00 secs] 
66,549: [GC (Allocation Failure) [PSYoungGen: 106080K->96K(103424K)] 107924K->1940K(278528K), 0,0005095 secs] [Times: user=0,00 sys=0,00, real=0,00 secs] 
66,629: [GC (Allocation Failure) [PSYoungGen: 103008K->64K(124416K)] 104852K->1908K(299520K), 0,0043596 secs] [Times: user=0,00 sys=0,00, real=0,00 secs] 
66,771: [GC (Allocation Failure) [PSYoungGen: 123968K->96K(120832K)] 125812K->1940K(295936K), 0,0005418 secs] [Times: user=0,00 sys=0,00, real=0,00 secs] 
66,854: [GC (Allocation Failure) [PSYoungGen: 120416K->96K(144896K)] 122260K->1940K(320000K), 0,0015079 secs] [Times: user=0,00 sys=0,00, real=0,00 secs] 
66,970: [GC (Allocation Failure) [PSYoungGen: 144480K->96K(140288K)] 146324K->1940K(315392K), 0,0005022 secs] [Times: user=0,00 sys=0,00, real=0,00 secs] 
67,053: [GC (Allocation Failure) [PSYoungGen: 139872K->96K(135680K)] 141716K->1940K(310784K), 0,0005053 secs] [Times: user=0,00 sys=0,00, real=0,00 secs] 
67,133: [GC (Allocation Failure) [PSYoungGen: 135264K->96K(131584K)] 137108K->1940K(306688K), 0,0005081 secs] [Times: user=0,00 sys=0,00, real=0,00 secs] 
67,208: [GC (Allocation Failure) [PSYoungGen: 131168K->96K(127488K)] 133012K->1940K(302592K), 0,0005176 secs] [Times: user=0,00 sys=0,00, real=0,01 secs] 
67,284: [GC (Allocation Failure) [PSYoungGen: 127072K->96K(123392K)] 128916K->1940K(298496K), 0,0004987 secs] [Times: user=0,01 sys=0,00, real=0,00 secs] 
67,358: [GC (Allocation Failure) [PSYoungGen: 122976K->96K(119808K)] 124820K->1940K(294912K), 0,0014120 secs] [Times: user=0,00 sys=0,00, real=0,00 secs] 
67,437: [GC (Allocation Failure) [PSYoungGen: 119392K->64K(143872K)] 121236K->1908K(318976K), 0,0010180 secs] [Times: user=0,00 sys=0,00, real=0,00 secs] 
67,523: [GC (Allocation Failure) [PSYoungGen: 143424K->96K(139264K)] 145268K->1940K(314368K), 0,0022867 secs] [Times: user=0,00 sys=0,00, real=0,00 secs] 
67,607: [GC (Allocation Failure) [PSYoungGen: 138848K->96K(134656K)] 140692K->1940K(309760K), 0,0005001 secs] [Times: user=0,00 sys=0,00, real=0,00 secs] 
67,685: [GC (Allocation Failure) [PSYoungGen: 134240K->64K(130560K)] 136084K->1908K(305664K), 0,0008738 secs] [Times: user=0,00 sys=0,00, real=0,00 secs] 
67,761: [GC (Allocation Failure) [PSYoungGen: 130112K->96K(126464K)] 131956K->1940K(301568K), 0,0005107 secs] [Times: user=0,00 sys=0,00, real=0,00 secs] 
67,833: [GC (Allocation Failure) [PSYoungGen: 126047K->64K(122368K)] 127892K->1908K(297472K), 0,0005199 secs] [Times: user=0,00 sys=0,00, real=0,00 secs] 
67,903: [GC (Allocation Failure) [PSYoungGen: 121920K->96K(118784K)] 123764K->1940K(293888K), 0,0004972 secs] [Times: user=0,00 sys=0,00, real=0,00 secs] 
67,971: [GC (Allocation Failure) [PSYoungGen: 118368K->64K(115200K)] 120212K->1908K(290304K), 0,0005000 secs] [Times: user=0,01 sys=0,00, real=0,00 secs] 
68,039: [GC (Allocation Failure) [PSYoungGen: 114752K->96K(111616K)] 116596K->1940K(286720K), 0,0005182 secs] [Times: user=0,00 sys=0,00, real=0,00 secs] 
68,103: [GC (Allocation Failure) [PSYoungGen: 111200K->96K(108544K)] 113044K->1940K(283648K), 0,0004889 secs] [Times: user=0,00 sys=0,00, real=0,00 secs] 
68,165: [GC (Allocation Failure) [PSYoungGen: 108128K->96K(105472K)] 109972K->1940K(280576K), 0,0005313 secs] [Times: user=0,00 sys=0,00, real=0,00 secs] 
68,225: [GC (Allocation Failure) [PSYoungGen: 105056K->32K(102400K)] 106900K->1876K(277504K), 0,0009437 secs] [Times: user=0,00 sys=0,00, real=0,00 secs] 
68,284: [GC (Allocation Failure) [PSYoungGen: 101920K->64K(99328K)] 103764K->1908K(274432K), 0,0004950 secs] [Times: user=0,00 sys=0,00, real=0,00 secs] 
68,341: [GC (Allocation Failure) [PSYoungGen: 98880K->96K(96768K)] 100724K->1940K(271872K), 0,0005201 secs] [Times: user=0,00 sys=0,00, real=0,00 secs] 
68,396: [GC (Allocation Failure) [PSYoungGen: 96352K->96K(94208K)] 98196K->1940K(269312K), 0,0004891 secs] [Times: user=0,00 sys=0,00, real=0,00 secs] 
68,450: [GC (Allocation Failure) [PSYoungGen: 93792K->96K(91648K)] 95636K->1940K(266752K), 0,0005031 secs] [Times: user=0,00 sys=0,00, real=0,00 secs] 
68,502: [GC (Allocation Failure) [PSYoungGen: 91232K->96K(89088K)] 93076K->1940K(264192K), 0,0004874 secs] [Times: user=0,01 sys=0,00, real=0,00 secs] 
68,553: [GC (Allocation Failure) [PSYoungGen: 88672K->96K(87040K)] 90516K->1940K(262144K), 0,0005017 secs] [Times: user=0,00 sys=0,00, real=0,00 secs] 
68,603: [GC (Allocation Failure) [PSYoungGen: 86624K->64K(84992K)] 88468K->1908K(260096K), 0,0005108 secs] [Times: user=0,00 sys=0,00, real=0,00 secs] 
68,652: [GC (Allocation Failure) [PSYoungGen: 84544K->96K(82944K)] 86388K->1940K(258048K), 0,0004905 secs] [Times: user=0,01 sys=0,00, real=0,00 secs] 
68,701: [GC (Allocation Failure) [PSYoungGen: 82528K->64K(80896K)] 84372K->1908K(256000K), 0,0005781 secs] [Times: user=0,00 sys=0,00, real=0,00 secs] 
68,752: [GC (Allocation Failure) [PSYoungGen: 80448K->64K(78848K)] 82292K->1908K(253952K), 0,0005799 secs] [Times: user=0,00 sys=0,00, real=0,00 secs] 
68,797: [GC (Allocation Failure) [PSYoungGen: 78400K->96K(76800K)] 80244K->1940K(251904K), 0,0004943 secs] [Times: user=0,00 sys=0,00, real=0,00 secs] 
68,842: [GC (Allocation Failure) [PSYoungGen: 76384K->96K(74752K)] 78228K->1940K(249856K), 0,0005199 secs] [Times: user=0,00 sys=0,00, real=0,00 secs] 
68,884: [GC (Allocation Failure) [PSYoungGen: 74336K->96K(89600K)] 76180K->1940K(264704K), 0,0005597 secs] [Times: user=0,00 sys=0,00, real=0,00 secs] 
68,939: [GC (Allocation Failure) [PSYoungGen: 89184K->96K(87040K)] 91028K->1940K(262144K), 0,0005022 secs] [Times: user=0,00 sys=0,00, real=0,00 secs] 
68,991: [GC (Allocation Failure) [PSYoungGen: 86624K->64K(84992K)] 88468K->1908K(260096K), 0,0005924 secs] [Times: user=0,00 sys=0,00, real=0,00 secs] 
69,046: [GC (Allocation Failure) [PSYoungGen: 84544K->64K(82944K)] 86388K->1908K(258048K), 0,0005515 secs] [Times: user=0,00 sys=0,00, real=0,00 secs] 
69,095: [GC (Allocation Failure) [PSYoungGen: 82496K->96K(80896K)] 84340K->1940K(256000K), 0,0004936 secs] [Times: user=0,00 sys=0,00, real=0,00 secs] 
69,142: [GC (Allocation Failure) [PSYoungGen: 80480K->64K(97280K)] 82324K->1908K(272384K), 0,0010113 secs] [Times: user=0,00 sys=0,00, real=0,00 secs] 
69,200: [GC (Allocation Failure) [PSYoungGen: 96832K->96K(116736K)] 98676K->1940K(291840K), 0,0004974 secs] [Times: user=0,00 sys=0,00, real=0,00 secs] 
69,267: [GC (Allocation Failure) [PSYoungGen: 116320K->96K(113152K)] 118164K->1940K(288256K), 0,0004837 secs] [Times: user=0,00 sys=0,00, real=0,00 secs] 
69,332: [GC (Allocation Failure) [PSYoungGen: 112736K->96K(110080K)] 114580K->1940K(285184K), 0,0004864 secs] [Times: user=0,00 sys=0,00, real=0,00 secs] 
69,408: [GC (Allocation Failure) [PSYoungGen: 109664K->64K(107008K)] 111508K->1908K(282112K), 0,0010325 secs] [Times: user=0,01 sys=0,00, real=0,01 secs] 
69,475: [GC (Allocation Failure) [PSYoungGen: 106560K->96K(103936K)] 108404K->1940K(279040K), 0,0007461 secs] [Times: user=0,00 sys=0,00, real=0,00 secs] 
69,540: [GC (Allocation Failure) [PSYoungGen: 103520K->96K(100864K)] 105364K->1940K(275968K), 0,0005006 secs] [Times: user=0,01 sys=0,00, real=0,00 secs] 
69,604: [GC (Allocation Failure) [PSYoungGen: 100448K->96K(98304K)] 102292K->1940K(273408K), 0,0005326 secs] [Times: user=0,00 sys=0,00, real=0,00 secs] 
69,683: [GC (Allocation Failure) [PSYoungGen: 97888K->96K(95744K)] 99732K->1940K(270848K), 0,0005483 secs] [Times: user=0,00 sys=0,00, real=0,00 secs] 
69,738: [GC (Allocation Failure) [PSYoungGen: 95328K->96K(93184K)] 97172K->1940K(268288K), 0,0004960 secs] [Times: user=0,00 sys=0,00, real=0,00 secs] 
69,791: [GC (Allocation Failure) [PSYoungGen: 92768K->96K(90624K)] 94612K->1940K(265728K), 0,0004955 secs] [Times: user=0,00 sys=0,00, real=0,00 secs] 
69,842: [GC (Allocation Failure) [PSYoungGen: 90208K->64K(109056K)] 92052K->1908K(284160K), 0,0010241 secs] [Times: user=0,00 sys=0,00, real=0,00 secs] 
69,905: [GC (Allocation Failure) [PSYoungGen: 108608K->96K(105984K)] 110452K->1940K(281088K), 0,0005107 secs] [Times: user=0,00 sys=0,00, real=0,00 secs] 
69,998: [GC (Allocation Failure) [PSYoungGen: 105568K->64K(102912K)] 107412K->1908K(278016K), 0,0010119 secs] [Times: user=0,00 sys=0,00, real=0,00 secs] 
70,059: [GC (Allocation Failure) [PSYoungGen: 102464K->96K(99840K)] 104308K->1940K(274944K), 0,0004890 secs] [Times: user=0,00 sys=0,00, real=0,00 secs] 
70,118: [GC (Allocation Failure) [PSYoungGen: 99424K->96K(97280K)] 101268K->1940K(272384K), 0,0005094 secs] [Times: user=0,00 sys=0,00, real=0,00 secs] 
70,176: [GC (Allocation Failure) [PSYoungGen: 96863K->96K(94720K)] 98708K->1940K(269824K), 0,0005223 secs] [Times: user=0,00 sys=0,00, real=0,00 secs] 
70,233: [GC (Allocation Failure) [PSYoungGen: 94304K->32K(113664K)] 96148K->1876K(288768K), 0,0015051 secs] [Times: user=0,00 sys=0,00, real=0,00 secs] 
70,303: [GC (Allocation Failure) [PSYoungGen: 113184K->96K(136704K)] 115028K->1940K(311808K), 0,0005027 secs] [Times: user=0,00 sys=0,00, real=0,00 secs] 
70,382: [GC (Allocation Failure) [PSYoungGen: 136288K->96K(132608K)] 138132K->1940K(307712K), 0,0004954 secs] [Times: user=0,00 sys=0,00, real=0,00 secs] 
70,459: [GC (Allocation Failure) [PSYoungGen: 132192K->96K(128512K)] 134036K->1964K(303616K), 0,0005278 secs] [Times: user=0,01 sys=0,00, real=0,00 secs] 
70,531: [GC (Allocation Failure) [PSYoungGen: 128096K->96K(124416K)] 129964K->1964K(299520K), 0,0005196 secs] [Times: user=0,00 sys=0,00, real=0,00 secs] 
70,603: [GC (Allocation Failure) [PSYoungGen: 124000K->32K(120832K)] 125868K->1900K(295936K), 0,0005762 secs] [Times: user=0,00 sys=0,00, real=0,00 secs] 
70,675: [GC (Allocation Failure) [PSYoungGen: 120352K->128K(117248K)] 122220K->1996K(292352K), 0,0005239 secs] [Times: user=0,00 sys=0,00, real=0,00 secs] 
70,745: [GC (Allocation Failure) [PSYoungGen: 116864K->96K(113664K)] 118732K->1964K(288768K), 0,0005663 secs] [Times: user=0,00 sys=0,00, real=0,00 secs] 
70,813: [GC (Allocation Failure) [PSYoungGen: 113248K->96K(110592K)] 115116K->1964K(285696K), 0,0005269 secs] [Times: user=0,00 sys=0,00, real=0,00 secs] 
70,877: [GC (Allocation Failure) [PSYoungGen: 110176K->32K(107520K)] 112044K->1900K(282624K), 0,0008402 secs] [Times: user=0,00 sys=0,00, real=0,00 secs] 
70,939: [GC (Allocation Failure) [PSYoungGen: 107040K->64K(104448K)] 108908K->1932K(279552K), 0,0005719 secs] [Times: user=0,00 sys=0,00, real=0,00 secs] 
71,001: [GC (Allocation Failure) [PSYoungGen: 104000K->96K(101376K)] 105868K->1964K(276480K), 0,0004909 secs] [Times: user=0,00 sys=0,00, real=0,00 secs] 
71,058: [GC (Allocation Failure) [PSYoungGen: 100960K->96K(98816K)] 102828K->1964K(273920K), 0,0005098 secs] [Times: user=0,00 sys=0,00, real=0,01 secs] 
71,114: [GC (Allocation Failure) [PSYoungGen: 98400K->96K(96256K)] 100268K->1964K(271360K), 0,0004999 secs] [Times: user=0,00 sys=0,00, real=0,00 secs] 
71,169: [GC (Allocation Failure) [PSYoungGen: 95840K->96K(93696K)] 97708K->1964K(268800K), 0,0005552 secs] [Times: user=0,00 sys=0,00, real=0,00 secs] 
71,222: [GC (Allocation Failure) [PSYoungGen: 93280K->96K(91136K)] 95148K->1964K(266240K), 0,0004446 secs] [Times: user=0,01 sys=0,00, real=0,00 secs] 
71,274: [GC (Allocation Failure) [PSYoungGen: 90720K->96K(88576K)] 92588K->1964K(263680K), 0,0004926 secs] [Times: user=0,00 sys=0,00, real=0,00 secs] 
71,324: [GC (Allocation Failure) [PSYoungGen: 88160K->96K(86528K)] 90028K->1964K(261632K), 0,0005134 secs] [Times: user=0,00 sys=0,00, real=0,00 secs] 
71,373: [GC (Allocation Failure) [PSYoungGen: 86112K->96K(84480K)] 87980K->1964K(259584K), 0,0005382 secs] [Times: user=0,00 sys=0,00, real=0,00 secs] 
71,421: [GC (Allocation Failure) [PSYoungGen: 84064K->96K(82432K)] 85932K->1964K(257536K), 0,0005073 secs] [Times: user=0,00 sys=0,00, real=0,00 secs] 
71,471: [GC (Allocation Failure) [PSYoungGen: 82016K->96K(80384K)] 83884K->1964K(255488K), 0,0004967 secs] [Times: user=0,00 sys=0,00, real=0,00 secs] 
71,516: [GC (Allocation Failure) [PSYoungGen: 79968K->64K(78336K)] 81836K->1932K(253440K), 0,0004878 secs] [Times: user=0,00 sys=0,00, real=0,00 secs] 
71,561: [GC (Allocation Failure) [PSYoungGen: 77888K->96K(76288K)] 79756K->1964K(251392K), 0,0004993 secs] [Times: user=0,00 sys=0,00, real=0,00 secs] 
71,606: [GC (Allocation Failure) [PSYoungGen: 75872K->96K(74752K)] 77740K->1964K(249856K), 0,0004868 secs] [Times: user=0,00 sys=0,00, real=0,00 secs] 
71,649: [GC (Allocation Failure) [PSYoungGen: 74336K->64K(73216K)] 76204K->1932K(248320K), 0,0005610 secs] [Times: user=0,00 sys=0,00, real=0,00 secs] 
71,691: [GC (Allocation Failure) [PSYoungGen: 72768K->96K(88064K)] 74636K->1964K(263168K), 0,0005266 secs] [Times: user=0,01 sys=0,00, real=0,00 secs] 
71,742: [GC (Allocation Failure) [PSYoungGen: 87648K->96K(86016K)] 89516K->1964K(261120K), 0,0004879 secs] [Times: user=0,01 sys=0,00, real=0,00 secs] 
71,791: [GC (Allocation Failure) [PSYoungGen: 85600K->96K(83968K)] 87468K->1964K(259072K), 0,0005103 secs] [Times: user=0,00 sys=0,00, real=0,00 secs] 
71,838: [GC (Allocation Failure) [PSYoungGen: 83552K->96K(81920K)] 85420K->1964K(257024K), 0,0004793 secs] [Times: user=0,00 sys=0,00, real=0,01 secs] 
71,884: [GC (Allocation Failure) [PSYoungGen: 81504K->96K(79872K)] 83372K->1964K(254976K), 0,0005012 secs] [Times: user=0,00 sys=0,00, real=0,00 secs] 
71,930: [GC (Allocation Failure) [PSYoungGen: 79456K->96K(77824K)] 81324K->1964K(252928K), 0,0005039 secs] [Times: user=0,00 sys=0,00, real=0,00 secs] 
71,978: [GC (Allocation Failure) [PSYoungGen: 77408K->96K(75776K)] 79276K->1964K(250880K), 0,0005116 secs] [Times: user=0,00 sys=0,00, real=0,01 secs] 
72,022: [GC (Allocation Failure) [PSYoungGen: 75360K->64K(91136K)] 77228K->1932K(266240K), 0,0007972 secs] [Times: user=0,01 sys=0,00, real=0,00 secs] 
72,076: [GC (Allocation Failure) [PSYoungGen: 90688K->96K(109568K)] 92556K->1964K(284672K), 0,0004951 secs] [Times: user=0,00 sys=0,00, real=0,00 secs] 
72,140: [GC (Allocation Failure) [PSYoungGen: 109152K->96K(131584K)] 111020K->1964K(306688K), 0,0007027 secs] [Times: user=0,00 sys=0,00, real=0,00 secs] 
72,214: [GC (Allocation Failure) [PSYoungGen: 131168K->96K(127488K)] 133036K->1964K(302592K), 0,0005176 secs] [Times: user=0,00 sys=0,00, real=0,00 secs] 
72,286: [GC (Allocation Failure) [PSYoungGen: 127072K->96K(123392K)] 128940K->1964K(298496K), 0,0004904 secs] [Times: user=0,00 sys=0,00, real=0,00 secs] 
72,355: [GC (Allocation Failure) [PSYoungGen: 122976K->96K(119808K)] 124844K->1964K(294912K), 0,0005138 secs] [Times: user=0,00 sys=0,00, real=0,00 secs] 
72,423: [GC (Allocation Failure) [PSYoungGen: 119392K->64K(116224K)] 121260K->1932K(291328K), 0,0006286 secs] [Times: user=0,00 sys=0,00, real=0,00 secs] 
72,492: [GC (Allocation Failure) [PSYoungGen: 115776K->64K(112640K)] 117644K->1932K(287744K), 0,0005184 secs] [Times: user=0,01 sys=0,00, real=0,00 secs] 
72,558: [GC (Allocation Failure) [PSYoungGen: 112192K->96K(109568K)] 114060K->1964K(284672K), 0,0005305 secs] [Times: user=0,00 sys=0,00, real=0,00 secs] 
72,620: [GC (Allocation Failure) [PSYoungGen: 109152K->64K(106496K)] 111020K->1932K(281600K), 0,0005003 secs] [Times: user=0,00 sys=0,00, real=0,00 secs] 
72,680: [GC (Allocation Failure) [PSYoungGen: 106048K->96K(103424K)] 107916K->1964K(278528K), 0,0005283 secs] [Times: user=0,00 sys=0,00, real=0,00 secs] 
72,739: [GC (Allocation Failure) [PSYoungGen: 103008K->96K(100352K)] 104876K->1964K(275456K), 0,0004908 secs] [Times: user=0,00 sys=0,00, real=0,00 secs] 
72,796: [GC (Allocation Failure) [PSYoungGen: 99936K->64K(97792K)] 101804K->1932K(272896K), 0,0006000 secs] [Times: user=0,00 sys=0,00, real=0,00 secs] 
72,853: [GC (Allocation Failure) [PSYoungGen: 97344K->96K(95232K)] 99212K->1964K(270336K), 0,0005017 secs] [Times: user=0,01 sys=0,00, real=0,00 secs] 
72,908: [GC (Allocation Failure) [PSYoungGen: 94816K->96K(92672K)] 96684K->1964K(267776K), 0,0005014 secs] [Times: user=0,00 sys=0,00, real=0,01 secs] 
72,963: [GC (Allocation Failure) [PSYoungGen: 92256K->64K(111104K)] 94124K->1932K(286208K), 0,0014870 secs] [Times: user=0,01 sys=0,00, real=0,00 secs] 
73,029: [GC (Allocation Failure) [PSYoungGen: 110656K->64K(133632K)] 112524K->1932K(308736K), 0,0010937 secs] [Times: user=0,00 sys=0,00, real=0,00 secs] 
73,107: [GC (Allocation Failure) [PSYoungGen: 133184K->96K(160256K)] 135052K->1964K(335360K), 0,0004892 secs] [Times: user=0,00 sys=0,00, real=0,00 secs] 
73,202: [GC (Allocation Failure) [PSYoungGen: 159840K->96K(154624K)] 161708K->1964K(329728K), 0,0004951 secs] [Times: user=0,00 sys=0,00, real=0,00 secs] 
73,291: [GC (Allocation Failure) [PSYoungGen: 154208K->96K(149504K)] 156076K->1964K(324608K), 0,0007096 secs] [Times: user=0,00 sys=0,00, real=0,00 secs] 
73,378: [GC (Allocation Failure) [PSYoungGen: 149088K->96K(144384K)] 150956K->1964K(319488K), 0,0005172 secs] [Times: user=0,00 sys=0,00, real=0,01 secs] 
73,463: [GC (Allocation Failure) [PSYoungGen: 143968K->64K(139776K)] 145836K->1932K(314880K), 0,0009742 secs] [Times: user=0,00 sys=0,00, real=0,00 secs] 
73,544: [GC (Allocation Failure) [PSYoungGen: 139328K->96K(135168K)] 141196K->1964K(310272K), 0,0005181 secs] [Times: user=0,00 sys=0,00, real=0,00 secs] 
73,624: [GC (Allocation Failure) [PSYoungGen: 134752K->96K(131072K)] 136620K->1964K(306176K), 0,0004998 secs] [Times: user=0,00 sys=0,00, real=0,00 secs] 
73,699: [GC (Allocation Failure) [PSYoungGen: 130656K->64K(126976K)] 132524K->1932K(302080K), 0,0005072 secs] [Times: user=0,00 sys=0,00, real=0,00 secs] 
73,771: [GC (Allocation Failure) [PSYoungGen: 126528K->96K(122880K)] 128396K->1964K(297984K), 0,0004822 secs] [Times: user=0,00 sys=0,00, real=0,00 secs] 
73,840: [GC (Allocation Failure) [PSYoungGen: 122463K->64K(119296K)] 124332K->1932K(294400K), 0,0005288 secs] [Times: user=0,00 sys=0,00, real=0,00 secs] 
73,908: [GC (Allocation Failure) [PSYoungGen: 118847K->96K(115712K)] 120716K->1964K(290816K), 0,0005169 secs] [Times: user=0,01 sys=0,00, real=0,00 secs] 
73,976: [GC (Allocation Failure) [PSYoungGen: 115296K->64K(112128K)] 117164K->1932K(287232K), 0,0005093 secs] [Times: user=0,00 sys=0,00, real=0,00 secs] 
74,040: [GC (Allocation Failure) [PSYoungGen: 111680K->96K(109056K)] 113548K->1964K(284160K), 0,0005032 secs] [Times: user=0,00 sys=0,00, real=0,00 secs] 
74,102: [GC (Allocation Failure) [PSYoungGen: 108640K->64K(105984K)] 110508K->1932K(281088K), 0,0008280 secs] [Times: user=0,00 sys=0,00, real=0,00 secs] 
74,162: [GC (Allocation Failure) [PSYoungGen: 105536K->96K(102912K)] 107404K->1964K(278016K), 0,0005145 secs] [Times: user=0,00 sys=0,00, real=0,00 secs] 
74,220: [GC (Allocation Failure) [PSYoungGen: 102496K->96K(99840K)] 104364K->1964K(274944K), 0,0004929 secs] [Times: user=0,00 sys=0,00, real=0,00 secs] 
74,277: [GC (Allocation Failure) [PSYoungGen: 99424K->96K(97280K)] 101292K->1964K(272384K), 0,0005233 secs] [Times: user=0,01 sys=0,00, real=0,00 secs] 
74,333: [GC (Allocation Failure) [PSYoungGen: 96863K->96K(94720K)] 98732K->1964K(269824K), 0,0005183 secs] [Times: user=0,00 sys=0,00, real=0,00 secs] 
74,387: [GC (Allocation Failure) [PSYoungGen: 94304K->96K(92160K)] 96172K->1964K(267264K), 0,0005092 secs] [Times: user=0,01 sys=0,00, real=0,00 secs] 
74,439: [GC (Allocation Failure) [PSYoungGen: 91744K->96K(89600K)] 93612K->1964K(264704K), 0,0004912 secs] [Times: user=0,00 sys=0,00, real=0,00 secs] 
74,492: [GC (Allocation Failure) [PSYoungGen: 89184K->96K(87040K)] 91052K->1964K(262144K), 0,0004897 secs] [Times: user=0,00 sys=0,00, real=0,00 secs] 
74,541: [GC (Allocation Failure) [PSYoungGen: 86624K->96K(84992K)] 88492K->1964K(260096K), 0,0005080 secs] [Times: user=0,00 sys=0,00, real=0,00 secs] 
74,589: [GC (Allocation Failure) [PSYoungGen: 84576K->96K(82944K)] 86444K->1964K(258048K), 0,0004950 secs] [Times: user=0,00 sys=0,00, real=0,00 secs] 
74,636: [GC (Allocation Failure) [PSYoungGen: 82528K->96K(80896K)] 84396K->1964K(256000K), 0,0005113 secs] [Times: user=0,01 sys=0,00, real=0,00 secs] 
74,684: [GC (Allocation Failure) [PSYoungGen: 80480K->64K(97280K)] 82348K->1932K(272384K), 0,0009360 secs] [Times: user=0,00 sys=0,00, real=0,00 secs] 
74,740: [GC (Allocation Failure) [PSYoungGen: 96832K->96K(116736K)] 98700K->1964K(291840K), 0,0006262 secs] [Times: user=0,00 sys=0,00, real=0,00 secs] 
74,808: [GC (Allocation Failure) [PSYoungGen: 116320K->96K(113152K)] 118188K->1964K(288256K), 0,0004946 secs] [Times: user=0,00 sys=0,00, real=0,01 secs] 
74,873: [GC (Allocation Failure) [PSYoungGen: 112736K->64K(110080K)] 114604K->1932K(285184K), 0,0004894 secs] [Times: user=0,00 sys=0,00, real=0,00 secs] 
74,936: [GC (Allocation Failure) [PSYoungGen: 109632K->96K(107008K)] 111500K->1964K(282112K), 0,0005352 secs] [Times: user=0,00 sys=0,00, real=0,00 secs] 
75,001: [GC (Allocation Failure) [PSYoungGen: 106592K->96K(103936K)] 108460K->1964K(279040K), 0,0005651 secs] [Times: user=0,00 sys=0,00, real=0,00 secs] 
75,061: [GC (Allocation Failure) [PSYoungGen: 103520K->64K(100864K)] 105388K->1932K(275968K), 0,0007457 secs] [Times: user=0,00 sys=0,00, real=0,00 secs] 
75,119: [GC (Allocation Failure) [PSYoungGen: 100416K->96K(98304K)] 102284K->1964K(273408K), 0,0004966 secs] [Times: user=0,00 sys=0,00, real=0,00 secs] 
75,175: [GC (Allocation Failure) [PSYoungGen: 97888K->96K(95744K)] 99756K->1964K(270848K), 0,0005861 secs] [Times: user=0,00 sys=0,00, real=0,00 secs] 
75,231: [GC (Allocation Failure) [PSYoungGen: 95328K->96K(93184K)] 97196K->1964K(268288K), 0,0004976 secs] [Times: user=0,00 sys=0,00, real=0,00 secs] 
75,285: [GC (Allocation Failure) [PSYoungGen: 92768K->96K(90624K)] 94636K->1964K(265728K), 0,0004884 secs] [Times: user=0,00 sys=0,01, real=0,00 secs] 
75,337: [GC (Allocation Failure) [PSYoungGen: 90208K->96K(88064K)] 92076K->1964K(263168K), 0,0005054 secs] [Times: user=0,00 sys=0,00, real=0,00 secs] 
75,387: [GC (Allocation Failure) [PSYoungGen: 87648K->32K(86016K)] 89516K->1900K(261120K), 0,0005372 secs] [Times: user=0,00 sys=0,00, real=0,00 secs] 
75,437: [GC (Allocation Failure) [PSYoungGen: 85536K->96K(83968K)] 87404K->1964K(259072K), 0,0005396 secs] [Times: user=0,00 sys=0,00, real=0,00 secs] 
75,488: [GC (Allocation Failure) [PSYoungGen: 83552K->96K(81920K)] 85420K->1964K(257024K), 0,0005077 secs] [Times: user=0,00 sys=0,00, real=0,00 secs] 
75,534: [GC (Allocation Failure) [PSYoungGen: 81504K->64K(98304K)] 83372K->1932K(273408K), 0,0006801 secs] [Times: user=0,00 sys=0,00, real=0,00 secs] 
75,591: [GC (Allocation Failure) [PSYoungGen: 97856K->64K(95744K)] 99724K->1932K(270848K), 0,0004889 secs] [Times: user=0,00 sys=0,00, real=0,00 secs] 
75,647: [GC (Allocation Failure) [PSYoungGen: 95296K->64K(93184K)] 97164K->1932K(268288K), 0,0005120 secs] [Times: user=0,00 sys=0,00, real=0,00 secs] 
75,700: [GC (Allocation Failure) [PSYoungGen: 92736K->96K(90624K)] 94604K->1964K(265728K), 0,0004946 secs] [Times: user=0,01 sys=0,00, real=0,00 secs] 
75,752: [GC (Allocation Failure) [PSYoungGen: 90208K->64K(88064K)] 92076K->1932K(263168K), 0,0006033 secs] [Times: user=0,00 sys=0,00, real=0,00 secs] 
75,803: [GC (Allocation Failure) [PSYoungGen: 87616K->96K(86016K)] 89484K->1964K(261120K), 0,0004910 secs] [Times: user=0,00 sys=0,00, real=0,00 secs] 
75,873: [GC (Allocation Failure) [PSYoungGen: 85600K->64K(103424K)] 87468K->1932K(278528K), 0,0009724 secs] [Times: user=0,01 sys=0,00, real=0,00 secs] 
75,960: [GC (Allocation Failure) [PSYoungGen: 102976K->64K(124416K)] 104844K->1932K(299520K), 0,0011512 secs] [Times: user=0,00 sys=0,00, real=0,00 secs] 
76,076: [GC (Allocation Failure) [PSYoungGen: 123968K->32K(149504K)] 125836K->1900K(324608K), 0,0018991 secs] [Times: user=0,00 sys=0,00, real=0,00 secs] 
76,217: [GC (Allocation Failure) [PSYoungGen: 149024K->96K(144384K)] 150892K->1964K(319488K), 0,0005032 secs] [Times: user=0,01 sys=0,00, real=0,00 secs] 
76,418: [GC (Allocation Failure) [PSYoungGen: 143968K->64K(139776K)] 145836K->1932K(314880K), 0,0011112 secs] [Times: user=0,00 sys=0,00, real=0,01 secs] 
76,515: [GC (Allocation Failure) [PSYoungGen: 139328K->96K(135168K)] 141196K->1964K(310272K), 0,0006234 secs] [Times: user=0,00 sys=0,00, real=0,00 secs] 
76,613: [GC (Allocation Failure) [PSYoungGen: 134752K->64K(131072K)] 136620K->1932K(306176K), 0,0008796 secs] [Times: user=0,00 sys=0,00, real=0,00 secs] 
76,688: [GC (Allocation Failure) [PSYoungGen: 130624K->64K(126976K)] 132492K->1932K(302080K), 0,0004953 secs] [Times: user=0,00 sys=0,00, real=0,00 secs] 
76,760: [GC (Allocation Failure) [PSYoungGen: 126528K->64K(122880K)] 128396K->1932K(297984K), 0,0009503 secs] [Times: user=0,01 sys=0,00, real=0,00 secs] 
76,832: [GC (Allocation Failure) [PSYoungGen: 122431K->96K(119296K)] 124300K->1964K(294400K), 0,0004924 secs] [Times: user=0,00 sys=0,00, real=0,00 secs] 
76,904: [GC (Allocation Failure) [PSYoungGen: 118880K->96K(115712K)] 120748K->1964K(290816K), 0,0005804 secs] [Times: user=0,00 sys=0,00, real=0,00 secs] 
76,971: [GC (Allocation Failure) [PSYoungGen: 115296K->64K(112128K)] 117164K->1932K(287232K), 0,0010169 secs] [Times: user=0,00 sys=0,00, real=0,00 secs] 
77,036: [GC (Allocation Failure) [PSYoungGen: 111680K->96K(109056K)] 113548K->1964K(284160K), 0,0005008 secs] [Times: user=0,00 sys=0,00, real=0,00 secs] 
77,100: [GC (Allocation Failure) [PSYoungGen: 108640K->96K(105984K)] 110508K->1964K(281088K), 0,0005184 secs] [Times: user=0,01 sys=0,00, real=0,00 secs] 
77,181: [GC (Allocation Failure) [PSYoungGen: 105568K->64K(102912K)] 107436K->1932K(278016K), 0,0010826 secs] [Times: user=0,00 sys=0,00, real=0,00 secs] 
77,258: [GC (Allocation Failure) [PSYoungGen: 102464K->96K(99840K)] 104332K->1964K(274944K), 0,0005177 secs] [Times: user=0,00 sys=0,00, real=0,00 secs] 
77,330: [GC (Allocation Failure) [PSYoungGen: 99424K->64K(119808K)] 101292K->1932K(294912K), 0,0011396 secs] [Times: user=0,00 sys=0,00, real=0,00 secs] 
77,409: [GC (Allocation Failure) [PSYoungGen: 119360K->64K(116224K)] 121228K->1932K(291328K), 0,0005344 secs] [Times: user=0,01 sys=0,00, real=0,00 secs] 
77,488: [GC (Allocation Failure) [PSYoungGen: 115776K->96K(112640K)] 117644K->1964K(287744K), 0,0005112 secs] [Times: user=0,00 sys=0,00, real=0,01 secs] 
77,569: [GC (Allocation Failure) [PSYoungGen: 112224K->96K(109568K)] 114092K->1964K(284672K), 0,0004962 secs] [Times: user=0,00 sys=0,00, real=0,00 secs] 
77,634: [GC (Allocation Failure) [PSYoungGen: 109152K->64K(106496K)] 111020K->1932K(281600K), 0,0005275 secs] [Times: user=0,00 sys=0,00, real=0,00 secs] 
77,696: [GC (Allocation Failure) [PSYoungGen: 106048K->64K(103424K)] 107916K->1932K(278528K), 0,0005119 secs] [Times: user=0,00 sys=0,00, real=0,00 secs] 
77,757: [GC (Allocation Failure) [PSYoungGen: 102976K->96K(100352K)] 104844K->1964K(275456K), 0,0005107 secs] [Times: user=0,00 sys=0,00, real=0,00 secs] 
77,814: [GC (Allocation Failure) [PSYoungGen: 99936K->96K(97792K)] 101804K->1964K(272896K), 0,0004903 secs] [Times: user=0,00 sys=0,00, real=0,00 secs] 
77,871: [GC (Allocation Failure) [PSYoungGen: 97376K->96K(95232K)] 99244K->1964K(270336K), 0,0009387 secs] [Times: user=0,00 sys=0,00, real=0,00 secs] 
77,935: [GC (Allocation Failure) [PSYoungGen: 94816K->96K(92672K)] 96684K->1964K(267776K), 0,0004934 secs] [Times: user=0,00 sys=0,00, real=0,00 secs] 
77,988: [GC (Allocation Failure) [PSYoungGen: 92256K->64K(90112K)] 94124K->1932K(265216K), 0,0004966 secs] [Times: user=0,00 sys=0,00, real=0,00 secs] 
78,040: [GC (Allocation Failure) [PSYoungGen: 89664K->32K(108032K)] 91532K->1900K(283136K), 0,0011224 secs] [Times: user=0,00 sys=0,00, real=0,00 secs] 
78,103: [GC (Allocation Failure) [PSYoungGen: 107552K->96K(129536K)] 109420K->1964K(304640K), 0,0004658 secs] [Times: user=0,00 sys=0,00, real=0,00 secs] 
78,180: [GC (Allocation Failure) [PSYoungGen: 129120K->96K(125440K)] 130988K->1964K(300544K), 0,0005319 secs] [Times: user=0,00 sys=0,00, real=0,00 secs] 
78,251: [GC (Allocation Failure) [PSYoungGen: 125024K->64K(121344K)] 126892K->1932K(296448K), 0,0008294 secs] [Times: user=0,00 sys=0,00, real=0,00 secs] 
78,325: [GC (Allocation Failure) [PSYoungGen: 120896K->64K(117760K)] 122764K->1932K(292864K), 0,0008392 secs] [Times: user=0,00 sys=0,00, real=0,00 secs] 
78,406: [GC (Allocation Failure) [PSYoungGen: 117312K->96K(114176K)] 119180K->1964K(289280K), 0,0009482 secs] [Times: user=0,01 sys=0,00, real=0,00 secs] 
78,484: [GC (Allocation Failure) [PSYoungGen: 113760K->128K(110592K)] 115628K->1996K(285696K), 0,0009286 secs] [Times: user=0,00 sys=0,00, real=0,00 secs] 
78,555: [GC (Allocation Failure) [PSYoungGen: 110208K->96K(107520K)] 112076K->1964K(282624K), 0,0005724 secs] [Times: user=0,00 sys=0,00, real=0,00 secs] 
78,625: [GC (Allocation Failure) [PSYoungGen: 107104K->96K(104448K)] 108972K->1964K(279552K), 0,0004812 secs] [Times: user=0,00 sys=0,00, real=0,00 secs] 
78,731: [GC (Allocation Failure) [PSYoungGen: 104032K->64K(101376K)] 105900K->1932K(276480K), 0,0011494 secs] [Times: user=0,00 sys=0,00, real=0,00 secs] 
78,844: [GC (Allocation Failure) [PSYoungGen: 100928K->32K(121856K)] 102796K->1900K(296960K), 0,0023560 secs] [Times: user=0,00 sys=0,00, real=0,00 secs] 
78,971: [GC (Allocation Failure) [PSYoungGen: 121376K->64K(118272K)] 123244K->1932K(293376K), 0,0007385 secs] [Times: user=0,00 sys=0,00, real=0,00 secs] 
79,103: [GC (Allocation Failure) [PSYoungGen: 117824K->64K(141824K)] 119692K->1932K(316928K), 0,0034799 secs] [Times: user=0,01 sys=0,00, real=0,00 secs] 
79,211: [GC (Allocation Failure) [PSYoungGen: 141376K->96K(170496K)] 143244K->1964K(345600K), 0,0005044 secs] [Times: user=0,00 sys=0,00, real=0,00 secs] 
79,324: [GC (Allocation Failure) [PSYoungGen: 170080K->96K(164864K)] 171948K->1964K(339968K), 0,0005295 secs] [Times: user=0,00 sys=0,00, real=0,00 secs] 
79,448: [GC (Allocation Failure) [PSYoungGen: 164448K->96K(159232K)] 166316K->1964K(334336K), 0,0005003 secs] [Times: user=0,01 sys=0,00, real=0,01 secs] 
79,538: [GC (Allocation Failure) [PSYoungGen: 158816K->96K(154112K)] 160684K->1964K(329216K), 0,0004987 secs] [Times: user=0,01 sys=0,00, real=0,00 secs] 
79,626: [GC (Allocation Failure) [PSYoungGen: 153696K->64K(148992K)] 155564K->1932K(324096K), 0,0007264 secs] [Times: user=0,00 sys=0,00, real=0,00 secs] 
79,713: [GC (Allocation Failure) [PSYoungGen: 148544K->96K(143872K)] 150412K->1964K(318976K), 0,0009590 secs] [Times: user=0,00 sys=0,00, real=0,00 secs] 
79,840: [GC (Allocation Failure) [PSYoungGen: 143456K->64K(139264K)] 145324K->1932K(314368K), 0,0009953 secs] [Times: user=0,00 sys=0,00, real=0,00 secs] 
79,927: [GC (Allocation Failure) [PSYoungGen: 138816K->64K(134656K)] 140684K->1932K(309760K), 0,0157884 secs] [Times: user=0,00 sys=0,00, real=0,02 secs] 
80,023: [GC (Allocation Failure) [PSYoungGen: 134208K->96K(130560K)] 136076K->1964K(305664K), 0,0004916 secs] [Times: user=0,00 sys=0,00, real=0,00 secs] 
80,099: [GC (Allocation Failure) [PSYoungGen: 130144K->96K(126464K)] 132012K->1964K(301568K), 0,0005679 secs] [Times: user=0,00 sys=0,00, real=0,00 secs] 
80,173: [GC (Allocation Failure) [PSYoungGen: 126047K->96K(122368K)] 127916K->1964K(297472K), 0,0004952 secs] [Times: user=0,00 sys=0,00, real=0,00 secs] 
80,245: [GC (Allocation Failure) [PSYoungGen: 121952K->96K(118784K)] 123820K->1964K(293888K), 0,0004848 secs] [Times: user=0,00 sys=0,00, real=0,00 secs] 
80,317: [GC (Allocation Failure) [PSYoungGen: 118368K->96K(115200K)] 120236K->1964K(290304K), 0,0004903 secs] [Times: user=0,00 sys=0,00, real=0,00 secs] 
80,386: [GC (Allocation Failure) [PSYoungGen: 114784K->64K(111616K)] 116652K->1932K(286720K), 0,0010018 secs] [Times: user=0,01 sys=0,00, real=0,00 secs] 
80,452: [GC (Allocation Failure) [PSYoungGen: 111168K->96K(108544K)] 113036K->1988K(283648K), 0,0005399 secs] [Times: user=0,00 sys=0,00, real=0,00 secs] 
80,514: [GC (Allocation Failure) [PSYoungGen: 108128K->96K(105472K)] 110020K->1988K(280576K), 0,0004976 secs] [Times: user=0,00 sys=0,00, real=0,00 secs] 
80,575: [GC (Allocation Failure) [PSYoungGen: 105056K->96K(102400K)] 106948K->1988K(277504K), 0,0004963 secs] [Times: user=0,01 sys=0,00, real=0,00 secs] 
80,633: [GC (Allocation Failure) [PSYoungGen: 101984K->96K(99328K)] 103876K->1988K(274432K), 0,0004990 secs] [Times: user=0,00 sys=0,00, real=0,00 secs] 
80,689: [GC (Allocation Failure) [PSYoungGen: 98912K->96K(96768K)] 100804K->1988K(271872K), 0,0004977 secs] [Times: user=0,00 sys=0,00, real=0,00 secs] 
80,743: [GC (Allocation Failure) [PSYoungGen: 96352K->96K(94208K)] 98244K->1988K(269312K), 0,0004715 secs] [Times: user=0,00 sys=0,00, real=0,00 secs] 
80,796: [GC (Allocation Failure) [PSYoungGen: 93792K->64K(91648K)] 95684K->1956K(266752K), 0,0004792 secs] [Times: user=0,00 sys=0,00, real=0,00 secs] 
80,847: [GC (Allocation Failure) [PSYoungGen: 91200K->96K(89088K)] 93092K->1988K(264192K), 0,0004835 secs] [Times: user=0,00 sys=0,00, real=0,00 secs] 
80,898: [GC (Allocation Failure) [PSYoungGen: 88672K->96K(87040K)] 90564K->1988K(262144K), 0,0005164 secs] [Times: user=0,00 sys=0,00, real=0,00 secs] 
80,947: [GC (Allocation Failure) [PSYoungGen: 86624K->96K(84992K)] 88516K->1988K(260096K), 0,0004963 secs] [Times: user=0,00 sys=0,00, real=0,00 secs] 
80,995: [GC (Allocation Failure) [PSYoungGen: 84576K->64K(82944K)] 86468K->1956K(258048K), 0,0005874 secs] [Times: user=0,00 sys=0,00, real=0,00 secs] 
81,048: [GC (Allocation Failure) [PSYoungGen: 82496K->64K(99840K)] 84388K->1956K(274944K), 0,0007479 secs] [Times: user=0,00 sys=0,00, real=0,01 secs] 
81,105: [GC (Allocation Failure) [PSYoungGen: 99392K->96K(97280K)] 101284K->1988K(272384K), 0,0005064 secs] [Times: user=0,00 sys=0,00, real=0,00 secs] 
81,160: [GC (Allocation Failure) [PSYoungGen: 96864K->96K(94720K)] 98756K->1988K(269824K), 0,0004873 secs] [Times: user=0,00 sys=0,00, real=0,00 secs] 
81,213: [GC (Allocation Failure) [PSYoungGen: 94304K->64K(92160K)] 96196K->1956K(267264K), 0,0005023 secs] [Times: user=0,00 sys=0,00, real=0,00 secs] 
81,265: [GC (Allocation Failure) [PSYoungGen: 91712K->96K(89600K)] 93604K->1988K(264704K), 0,0005008 secs] [Times: user=0,00 sys=0,00, real=0,00 secs] 
81,315: [GC (Allocation Failure) [PSYoungGen: 89184K->96K(87040K)] 91076K->1988K(262144K), 0,0005048 secs] [Times: user=0,00 sys=0,00, real=0,00 secs] 
81,364: [GC (Allocation Failure) [PSYoungGen: 86624K->96K(84992K)] 88516K->1988K(260096K), 0,0004835 secs] [Times: user=0,00 sys=0,00, real=0,00 secs] 
81,412: [GC (Allocation Failure) [PSYoungGen: 84576K->96K(82944K)] 86468K->1988K(258048K), 0,0005017 secs] [Times: user=0,00 sys=0,00, real=0,00 secs] 
81,459: [GC (Allocation Failure) [PSYoungGen: 82528K->64K(80896K)] 84420K->1956K(256000K), 0,0004788 secs] [Times: user=0,00 sys=0,00, real=0,00 secs] 
81,504: [GC (Allocation Failure) [PSYoungGen: 80448K->96K(78848K)] 82340K->1988K(253952K), 0,0005515 secs] [Times: user=0,00 sys=0,00, real=0,00 secs] 
81,553: [GC (Allocation Failure) [PSYoungGen: 78432K->96K(76800K)] 80324K->1988K(251904K), 0,0005143 secs] [Times: user=0,00 sys=0,00, real=0,00 secs] 
81,596: [GC (Allocation Failure) [PSYoungGen: 76384K->96K(74752K)] 78276K->1988K(249856K), 0,0004834 secs] [Times: user=0,00 sys=0,00, real=0,00 secs] 
81,638: [GC (Allocation Failure) [PSYoungGen: 74336K->96K(73216K)] 76228K->1988K(248320K), 0,0004961 secs] [Times: user=0,00 sys=0,00, real=0,00 secs] 
81,679: [GC (Allocation Failure) [PSYoungGen: 72800K->96K(88064K)] 74692K->1988K(263168K), 0,0004863 secs] [Times: user=0,00 sys=0,00, real=0,00 secs] 
81,729: [GC (Allocation Failure) [PSYoungGen: 87648K->96K(86016K)] 89540K->1988K(261120K), 0,0005102 secs] [Times: user=0,00 sys=0,00, real=0,00 secs] 
81,778: [GC (Allocation Failure) [PSYoungGen: 85600K->96K(83968K)] 87492K->1988K(259072K), 0,0005497 secs] [Times: user=0,01 sys=0,00, real=0,01 secs] 
81,840: [GC (Allocation Failure) [PSYoungGen: 83552K->96K(81920K)] 85444K->1988K(257024K), 0,0005865 secs] [Times: user=0,01 sys=0,00, real=0,00 secs] 
81,891: [GC (Allocation Failure) [PSYoungGen: 81504K->64K(98304K)] 83396K->1956K(273408K), 0,0006760 secs] [Times: user=0,00 sys=0,00, real=0,00 secs] 
81,952: [GC (Allocation Failure) [PSYoungGen: 97856K->96K(95744K)] 99748K->1988K(270848K), 0,0004960 secs] [Times: user=0,00 sys=0,00, real=0,00 secs] 
82,010: [GC (Allocation Failure) [PSYoungGen: 95328K->64K(115200K)] 97220K->1956K(290304K), 0,0009883 secs] [Times: user=0,00 sys=0,00, real=0,00 secs] 
82,093: [GC (Allocation Failure) [PSYoungGen: 114752K->64K(138240K)] 116644K->1956K(313344K), 0,0014731 secs] [Times: user=0,01 sys=0,00, real=0,00 secs] 
82,178: [GC (Allocation Failure) [PSYoungGen: 137792K->96K(165888K)] 139684K->1988K(340992K), 0,0005260 secs] [Times: user=0,00 sys=0,00, real=0,00 secs] 
82,271: [GC (Allocation Failure) [PSYoungGen: 165472K->96K(160256K)] 167364K->1988K(335360K), 0,0004853 secs] [Times: user=0,00 sys=0,00, real=0,00 secs] 
82,361: [GC (Allocation Failure) [PSYoungGen: 159840K->96K(154624K)] 161732K->1988K(329728K), 0,0005006 secs] [Times: user=0,00 sys=0,00, real=0,00 secs] 
82,448: [GC (Allocation Failure) [PSYoungGen: 154208K->96K(149504K)] 156100K->1988K(324608K), 0,0005104 secs] [Times: user=0,00 sys=0,00, real=0,01 secs] 
82,531: [GC (Allocation Failure) [PSYoungGen: 149088K->64K(144384K)] 150980K->1956K(319488K), 0,0004947 secs] [Times: user=0,01 sys=0,00, real=0,00 secs] 
82,612: [GC (Allocation Failure) [PSYoungGen: 143936K->64K(139776K)] 145828K->1956K(314880K), 0,0005163 secs] [Times: user=0,00 sys=0,00, real=0,00 secs] 
82,690: [GC (Allocation Failure) [PSYoungGen: 139328K->96K(135168K)] 141220K->1988K(310272K), 0,0005068 secs] [Times: user=0,01 sys=0,00, real=0,00 secs] 
82,766: [GC (Allocation Failure) [PSYoungGen: 134752K->96K(131072K)] 136644K->1988K(306176K), 0,0005015 secs] [Times: user=0,00 sys=0,00, real=0,00 secs] 
82,839: [GC (Allocation Failure) [PSYoungGen: 130656K->96K(126976K)] 132548K->1988K(302080K), 0,0004924 secs] [Times: user=0,00 sys=0,00, real=0,00 secs] 
82,909: [GC (Allocation Failure) [PSYoungGen: 126560K->96K(122880K)] 128452K->1988K(297984K), 0,0004718 secs] [Times: user=0,01 sys=0,00, real=0,00 secs] 
82,978: [GC (Allocation Failure) [PSYoungGen: 122463K->96K(119296K)] 124356K->1988K(294400K), 0,0005029 secs] [Times: user=0,00 sys=0,00, real=0,00 secs] 
83,045: [GC (Allocation Failure) [PSYoungGen: 118880K->96K(115712K)] 120772K->1988K(290816K), 0,0005122 secs] [Times: user=0,00 sys=0,00, real=0,00 secs] 
83,111: [GC (Allocation Failure) [PSYoungGen: 115296K->96K(112128K)] 117188K->1988K(287232K), 0,0004905 secs] [Times: user=0,00 sys=0,00, real=0,00 secs] 
83,174: [GC (Allocation Failure) [PSYoungGen: 111712K->96K(109056K)] 113604K->1988K(284160K), 0,0004972 secs] [Times: user=0,00 sys=0,00, real=0,00 secs] 
83,235: [GC (Allocation Failure) [PSYoungGen: 108640K->96K(105984K)] 110532K->1988K(281088K), 0,0005063 secs] [Times: user=0,00 sys=0,00, real=0,00 secs] 
83,295: [GC (Allocation Failure) [PSYoungGen: 105568K->96K(102912K)] 107460K->1988K(278016K), 0,0005034 secs] [Times: user=0,00 sys=0,00, real=0,00 secs] 
83,352: [GC (Allocation Failure) [PSYoungGen: 102496K->96K(99840K)] 104388K->1988K(274944K), 0,0004921 secs] [Times: user=0,00 sys=0,00, real=0,00 secs] 
83,408: [GC (Allocation Failure) [PSYoungGen: 99424K->96K(97280K)] 101316K->1988K(272384K), 0,0004823 secs] [Times: user=0,00 sys=0,00, real=0,01 secs] 
83,462: [GC (Allocation Failure) [PSYoungGen: 96864K->96K(94720K)] 98756K->1988K(269824K), 0,0004846 secs] [Times: user=0,00 sys=0,00, real=0,00 secs] 
83,515: [GC (Allocation Failure) [PSYoungGen: 94304K->96K(92160K)] 96196K->1988K(267264K), 0,0004813 secs] [Times: user=0,01 sys=0,00, real=0,00 secs] 
83,567: [GC (Allocation Failure) [PSYoungGen: 91744K->96K(89600K)] 93636K->1988K(264704K), 0,0005029 secs] [Times: user=0,00 sys=0,00, real=0,00 secs] 
83,617: [GC (Allocation Failure) [PSYoungGen: 89184K->96K(87040K)] 91076K->1988K(262144K), 0,0004717 secs] [Times: user=0,00 sys=0,00, real=0,00 secs] 
83,666: [GC (Allocation Failure) [PSYoungGen: 86624K->96K(84992K)] 88516K->1988K(260096K), 0,0004803 secs] [Times: user=0,00 sys=0,00, real=0,00 secs] 
83,713: [GC (Allocation Failure) [PSYoungGen: 84576K->96K(82944K)] 86468K->1988K(258048K), 0,0004828 secs] [Times: user=0,01 sys=0,00, real=0,00 secs] 
83,760: [GC (Allocation Failure) [PSYoungGen: 82528K->64K(80896K)] 84420K->1956K(256000K), 0,0005241 secs] [Times: user=0,00 sys=0,00, real=0,00 secs] 
83,805: [GC (Allocation Failure) [PSYoungGen: 80448K->96K(78848K)] 82340K->1988K(253952K), 0,0004890 secs] [Times: user=0,00 sys=0,00, real=0,00 secs] 
83,849: [GC (Allocation Failure) [PSYoungGen: 78431K->96K(76800K)] 80324K->1988K(251904K), 0,0005102 secs] [Times: user=0,00 sys=0,00, real=0,00 secs] 
83,892: [GC (Allocation Failure) [PSYoungGen: 76384K->96K(74752K)] 78276K->1988K(249856K), 0,0004590 secs] [Times: user=0,01 sys=0,00, real=0,00 secs] 
83,934: [GC (Allocation Failure) [PSYoungGen: 74336K->64K(73216K)] 76228K->1956K(248320K), 0,0004812 secs] [Times: user=0,00 sys=0,00, real=0,00 secs] 
83,975: [GC (Allocation Failure) [PSYoungGen: 72768K->96K(88064K)] 74660K->1988K(263168K), 0,0005425 secs] [Times: user=0,00 sys=0,00, real=0,00 secs] 
84,025: [GC (Allocation Failure) [PSYoungGen: 87648K->96K(105984K)] 89540K->1988K(281088K), 0,0005129 secs] [Times: user=0,00 sys=0,00, real=0,00 secs] 
84,084: [GC (Allocation Failure) [PSYoungGen: 105568K->96K(102912K)] 107460K->1988K(278016K), 0,0005019 secs] [Times: user=0,00 sys=0,00, real=0,00 secs] 
84,142: [GC (Allocation Failure) [PSYoungGen: 102496K->96K(99840K)] 104388K->1988K(274944K), 0,0004934 secs] [Times: user=0,00 sys=0,00, real=0,00 secs] 
84,198: [GC (Allocation Failure) [PSYoungGen: 99424K->96K(97280K)] 101316K->1988K(272384K), 0,0005066 secs] [Times: user=0,00 sys=0,00, real=0,01 secs] 
84,253: [GC (Allocation Failure) [PSYoungGen: 96864K->96K(94720K)] 98756K->1988K(269824K), 0,0004921 secs] [Times: user=0,00 sys=0,00, real=0,00 secs] 
84,309: [GC (Allocation Failure) [PSYoungGen: 94304K->96K(92160K)] 96196K->1988K(267264K), 0,0005079 secs] [Times: user=0,00 sys=0,00, real=0,00 secs] 
84,360: [GC (Allocation Failure) [PSYoungGen: 91744K->96K(89600K)] 93636K->1988K(264704K), 0,0004898 secs] [Times: user=0,00 sys=0,00, real=0,00 secs] 
84,411: [GC (Allocation Failure) [PSYoungGen: 89184K->96K(87040K)] 91076K->1988K(262144K), 0,0005129 secs] [Times: user=0,01 sys=0,00, real=0,00 secs] 
84,503: [GC (Allocation Failure) [PSYoungGen: 86624K->64K(84992K)] 88516K->1956K(260096K), 0,0008060 secs] [Times: user=0,00 sys=0,00, real=0,00 secs] 
84,563: [GC (Allocation Failure) [PSYoungGen: 84544K->64K(101888K)] 86436K->1956K(276992K), 0,0012946 secs] [Times: user=0,00 sys=0,00, real=0,00 secs] 
84,627: [GC (Allocation Failure) [PSYoungGen: 101440K->64K(122368K)] 103332K->1956K(297472K), 0,0013324 secs] [Times: user=0,00 sys=0,00, real=0,01 secs] 
84,706: [GC (Allocation Failure) [PSYoungGen: 121920K->64K(146944K)] 123812K->1956K(322048K), 0,0082745 secs] [Times: user=0,00 sys=0,01, real=0,01 secs] 
84,835: [GC (Allocation Failure) [PSYoungGen: 146496K->96K(176640K)] 148388K->1988K(351744K), 0,0005766 secs] [Times: user=0,00 sys=0,00, real=0,00 secs] 
84,935: [GC (Allocation Failure) [PSYoungGen: 176224K->64K(170496K)] 178116K->1956K(345600K), 0,0004879 secs] [Times: user=0,00 sys=0,00, real=0,00 secs] 
85,035: [GC (Allocation Failure) [PSYoungGen: 170048K->96K(164864K)] 171940K->1988K(339968K), 0,0005146 secs] [Times: user=0,01 sys=0,00, real=0,00 secs] 
85,128: [GC (Allocation Failure) [PSYoungGen: 164448K->96K(159232K)] 166340K->1988K(334336K), 0,0004939 secs] [Times: user=0,00 sys=0,00, real=0,01 secs] 
85,218: [GC (Allocation Failure) [PSYoungGen: 158816K->96K(154112K)] 160708K->1988K(329216K), 0,0004980 secs] [Times: user=0,00 sys=0,00, real=0,01 secs] 
85,305: [GC (Allocation Failure) [PSYoungGen: 153696K->96K(148992K)] 155588K->1988K(324096K), 0,0005026 secs] [Times: user=0,00 sys=0,00, real=0,00 secs] 
85,389: [GC (Allocation Failure) [PSYoungGen: 148576K->96K(143872K)] 150468K->1988K(318976K), 0,0004959 secs] [Times: user=0,00 sys=0,00, real=0,00 secs] 
85,481: [GC (Allocation Failure) [PSYoungGen: 143456K->96K(139264K)] 145348K->1988K(314368K), 0,0009142 secs] [Times: user=0,00 sys=0,00, real=0,00 secs] 
85,561: [GC (Allocation Failure) [PSYoungGen: 138848K->96K(134656K)] 140740K->1988K(309760K), 0,0004958 secs] [Times: user=0,00 sys=0,00, real=0,00 secs] 
85,646: [GC (Allocation Failure) [PSYoungGen: 134240K->64K(130560K)] 136132K->1956K(305664K), 0,0010891 secs] [Times: user=0,00 sys=0,00, real=0,00 secs] 
85,725: [GC (Allocation Failure) [PSYoungGen: 130112K->96K(126464K)] 132004K->1988K(301568K), 0,0005609 secs] [Times: user=0,00 sys=0,00, real=0,00 secs] 
85,798: [GC (Allocation Failure) [PSYoungGen: 126047K->96K(122368K)] 127940K->1988K(297472K), 0,0005002 secs] [Times: user=0,00 sys=0,00, real=0,01 secs] 
85,869: [GC (Allocation Failure) [PSYoungGen: 121952K->96K(118784K)] 123844K->1988K(293888K), 0,0005068 secs] [Times: user=0,00 sys=0,00, real=0,00 secs] 
85,938: [GC (Allocation Failure) [PSYoungGen: 118368K->128K(115200K)] 120260K->2020K(290304K), 0,0006597 secs] [Times: user=0,00 sys=0,00, real=0,01 secs] 
86,003: [GC (Allocation Failure) [PSYoungGen: 114816K->96K(111616K)] 116708K->1988K(286720K), 0,0005059 secs] [Times: user=0,00 sys=0,00, real=0,00 secs] 
86,067: [GC (Allocation Failure) [PSYoungGen: 111200K->96K(108544K)] 113092K->1988K(283648K), 0,0005011 secs] [Times: user=0,00 sys=0,00, real=0,00 secs] 
86,129: [GC (Allocation Failure) [PSYoungGen: 108128K->64K(105472K)] 110020K->1956K(280576K), 0,0005302 secs] [Times: user=0,00 sys=0,00, real=0,00 secs] 
86,188: [GC (Allocation Failure) [PSYoungGen: 105024K->64K(102400K)] 106916K->1956K(277504K), 0,0005089 secs] [Times: user=0,00 sys=0,00, real=0,00 secs] 
86,246: [GC (Allocation Failure) [PSYoungGen: 101952K->96K(99328K)] 103844K->1988K(274432K), 0,0005659 secs] [Times: user=0,00 sys=0,00, real=0,00 secs] 
86,303: [GC (Allocation Failure) [PSYoungGen: 98912K->96K(96768K)] 100804K->1988K(271872K), 0,0004838 secs] [Times: user=0,00 sys=0,00, real=0,00 secs] 
86,357: [GC (Allocation Failure) [PSYoungGen: 96352K->64K(94208K)] 98244K->1956K(269312K), 0,0004668 secs] [Times: user=0,00 sys=0,00, real=0,00 secs] 
86,410: [GC (Allocation Failure) [PSYoungGen: 93760K->96K(91648K)] 95652K->1988K(266752K), 0,0004911 secs] [Times: user=0,00 sys=0,00, real=0,00 secs] 
86,462: [GC (Allocation Failure) [PSYoungGen: 91232K->96K(89088K)] 93124K->1988K(264192K), 0,0004926 secs] [Times: user=0,00 sys=0,00, real=0,00 secs] 
86,534: [GC (Allocation Failure) [PSYoungGen: 88672K->96K(87040K)] 90564K->1988K(262144K), 0,0005053 secs] [Times: user=0,00 sys=0,00, real=0,00 secs] 
86,588: [GC (Allocation Failure) [PSYoungGen: 86624K->96K(84992K)] 88516K->1988K(260096K), 0,0005252 secs] [Times: user=0,00 sys=0,00, real=0,01 secs] 
86,642: [GC (Allocation Failure) [PSYoungGen: 84576K->64K(82944K)] 86468K->1956K(258048K), 0,0006065 secs] [Times: user=0,01 sys=0,00, real=0,00 secs] 
86,694: [GC (Allocation Failure) [PSYoungGen: 82496K->96K(80896K)] 84388K->1988K(256000K), 0,0006426 secs] [Times: user=0,00 sys=0,00, real=0,00 secs] 
86,744: [GC (Allocation Failure) [PSYoungGen: 80480K->96K(78848K)] 82372K->1988K(253952K), 0,0006673 secs] [Times: user=0,00 sys=0,00, real=0,00 secs] 
86,805: [GC (Allocation Failure) [PSYoungGen: 78432K->64K(94720K)] 80324K->1956K(269824K), 0,0015031 secs] [Times: user=0,00 sys=0,00, real=0,00 secs] 
86,861: [GC (Allocation Failure) [PSYoungGen: 94272K->64K(113664K)] 96164K->1956K(288768K), 0,0005783 secs] [Times: user=0,00 sys=0,00, real=0,00 secs] 
86,925: [GC (Allocation Failure) [PSYoungGen: 113216K->96K(136704K)] 115108K->1988K(311808K), 0,0004847 secs] [Times: user=0,00 sys=0,00, real=0,00 secs] 
87,001: [GC (Allocation Failure) [PSYoungGen: 136288K->64K(132608K)] 138180K->1956K(307712K), 0,0004973 secs] [Times: user=0,00 sys=0,00, real=0,00 secs] 
87,075: [GC (Allocation Failure) [PSYoungGen: 132160K->96K(128512K)] 134052K->1988K(303616K), 0,0005063 secs] [Times: user=0,00 sys=0,00, real=0,00 secs] 
87,147: [GC (Allocation Failure) [PSYoungGen: 128096K->96K(124416K)] 129988K->1988K(299520K), 0,0005012 secs] [Times: user=0,00 sys=0,01, real=0,00 secs] 
87,217: [GC (Allocation Failure) [PSYoungGen: 124000K->96K(120832K)] 125892K->1988K(295936K), 0,0005052 secs] [Times: user=0,00 sys=0,00, real=0,00 secs] 
87,284: [GC (Allocation Failure) [PSYoungGen: 120416K->64K(117248K)] 122308K->1956K(292352K), 0,0004869 secs] [Times: user=0,00 sys=0,00, real=0,00 secs] 
87,350: [GC (Allocation Failure) [PSYoungGen: 116799K->96K(113664K)] 118692K->1988K(288768K), 0,0005346 secs] [Times: user=0,01 sys=0,00, real=0,00 secs] 
87,414: [GC (Allocation Failure) [PSYoungGen: 113248K->96K(110592K)] 115140K->1988K(285696K), 0,0004978 secs] [Times: user=0,00 sys=0,00, real=0,00 secs] 
87,476: [GC (Allocation Failure) [PSYoungGen: 110176K->96K(107520K)] 112068K->1988K(282624K), 0,0005073 secs] [Times: user=0,00 sys=0,00, real=0,00 secs] 
87,536: [GC (Allocation Failure) [PSYoungGen: 107104K->96K(104448K)] 108996K->1988K(279552K), 0,0004954 secs] [Times: user=0,00 sys=0,00, real=0,00 secs] 
87,594: [GC (Allocation Failure) [PSYoungGen: 104031K->96K(101376K)] 105924K->1988K(276480K), 0,0004857 secs] [Times: user=0,00 sys=0,00, real=0,00 secs] 
87,652: [GC (Allocation Failure) [PSYoungGen: 100960K->96K(98816K)] 102852K->1988K(273920K), 0,0005020 secs] [Times: user=0,00 sys=0,00, real=0,00 secs] 
87,707: [GC (Allocation Failure) [PSYoungGen: 98400K->96K(96256K)] 100292K->1988K(271360K), 0,0004902 secs] [Times: user=0,00 sys=0,00, real=0,00 secs] 
87,761: [GC (Allocation Failure) [PSYoungGen: 95840K->96K(93696K)] 97732K->1988K(268800K), 0,0004972 secs] [Times: user=0,00 sys=0,00, real=0,00 secs] 
87,813: [GC (Allocation Failure) [PSYoungGen: 93280K->96K(91136K)] 95172K->1988K(266240K), 0,0004800 secs] [Times: user=0,00 sys=0,00, real=0,00 secs] 
87,864: [GC (Allocation Failure) [PSYoungGen: 90720K->96K(88576K)] 92612K->1988K(263680K), 0,0005128 secs] [Times: user=0,00 sys=0,00, real=0,00 secs] 
87,914: [GC (Allocation Failure) [PSYoungGen: 88160K->96K(86528K)] 90052K->1988K(261632K), 0,0004800 secs] [Times: user=0,00 sys=0,00, real=0,00 secs] 
87,962: [GC (Allocation Failure) [PSYoungGen: 86112K->96K(84480K)] 88004K->1988K(259584K), 0,0005174 secs] [Times: user=0,00 sys=0,00, real=0,00 secs] 
88,010: [GC (Allocation Failure) [PSYoungGen: 84064K->32K(101376K)] 85956K->1924K(276480K), 0,0010229 secs] [Times: user=0,00 sys=0,00, real=0,00 secs] 
88,067: [GC (Allocation Failure) [PSYoungGen: 100896K->96K(121856K)] 102788K->1988K(296960K), 0,0005023 secs] [Times: user=0,00 sys=0,00, real=0,00 secs] 
88,136: [GC (Allocation Failure) [PSYoungGen: 121440K->96K(118272K)] 123332K->1988K(293376K), 0,0005788 secs] [Times: user=0,00 sys=0,00, real=0,00 secs] 
88,202: [GC (Allocation Failure) [PSYoungGen: 117856K->96K(114688K)] 119748K->1988K(289792K), 0,0005000 secs] [Times: user=0,00 sys=0,00, real=0,00 secs] 
88,266: [GC (Allocation Failure) [PSYoungGen: 114272K->96K(111104K)] 116164K->1988K(286208K), 0,0005021 secs] [Times: user=0,00 sys=0,00, real=0,00 secs] 
88,328: [GC (Allocation Failure) [PSYoungGen: 110688K->96K(108032K)] 112580K->1988K(283136K), 0,0005005 secs] [Times: user=0,00 sys=0,00, real=0,00 secs] 
88,389: [GC (Allocation Failure) [PSYoungGen: 107616K->96K(104960K)] 109508K->1988K(280064K), 0,0004857 secs] [Times: user=0,00 sys=0,00, real=0,00 secs] 
88,448: [GC (Allocation Failure) [PSYoungGen: 104544K->96K(101888K)] 106436K->1988K(276992K), 0,0004894 secs] [Times: user=0,00 sys=0,00, real=0,00 secs] 
88,505: [GC (Allocation Failure) [PSYoungGen: 101472K->64K(98816K)] 103364K->1956K(273920K), 0,0004846 secs] [Times: user=0,00 sys=0,00, real=0,00 secs] 
88,560: [GC (Allocation Failure) [PSYoungGen: 98368K->96K(96256K)] 100260K->1988K(271360K), 0,0005068 secs] [Times: user=0,00 sys=0,00, real=0,00 secs] 
88,614: [GC (Allocation Failure) [PSYoungGen: 95840K->32K(93696K)] 97732K->1924K(268800K), 0,0005425 secs] [Times: user=0,00 sys=0,00, real=0,00 secs] 
88,667: [GC (Allocation Failure) [PSYoungGen: 93215K->96K(91136K)] 95108K->1988K(266240K), 0,0004889 secs] [Times: user=0,00 sys=0,00, real=0,00 secs] 
88,722: [GC (Allocation Failure) [PSYoungGen: 90720K->64K(88576K)] 92612K->1956K(263680K), 0,0005595 secs] [Times: user=0,00 sys=0,00, real=0,00 secs] 
88,772: [GC (Allocation Failure) [PSYoungGen: 88128K->96K(86528K)] 90020K->1988K(261632K), 0,0005061 secs] [Times: user=0,00 sys=0,00, real=0,00 secs] 
88,820: [GC (Allocation Failure) [PSYoungGen: 86112K->96K(84480K)] 88004K->1988K(259584K), 0,0005107 secs] [Times: user=0,00 sys=0,00, real=0,00 secs] 
88,868: [GC (Allocation Failure) [PSYoungGen: 84063K->96K(82432K)] 85956K->1988K(257536K), 0,0004873 secs] [Times: user=0,00 sys=0,00, real=0,01 secs] 
88,914: [GC (Allocation Failure) [PSYoungGen: 82015K->96K(80384K)] 83908K->1988K(255488K), 0,0004838 secs] [Times: user=0,00 sys=0,00, real=0,00 secs] 
88,959: [GC (Allocation Failure) [PSYoungGen: 79968K->96K(78336K)] 81860K->1988K(253440K), 0,0004847 secs] [Times: user=0,00 sys=0,00, real=0,00 secs] 
89,003: [GC (Allocation Failure) [PSYoungGen: 77920K->96K(76288K)] 79812K->1988K(251392K), 0,0004893 secs] [Times: user=0,00 sys=0,00, real=0,00 secs] 
89,049: [GC (Allocation Failure) [PSYoungGen: 75872K->96K(74752K)] 77764K->1988K(249856K), 0,0004933 secs] [Times: user=0,00 sys=0,00, real=0,00 secs] 
89,091: [GC (Allocation Failure) [PSYoungGen: 74336K->96K(73216K)] 76228K->1988K(248320K), 0,0004660 secs] [Times: user=0,00 sys=0,00, real=0,00 secs] 
89,132: [GC (Allocation Failure) [PSYoungGen: 72800K->96K(88064K)] 74692K->1988K(263168K), 0,0004931 secs] [Times: user=0,00 sys=0,00, real=0,00 secs] 
89,182: [GC (Allocation Failure) [PSYoungGen: 87648K->96K(86016K)] 89540K->1988K(261120K), 0,0004861 secs] [Times: user=0,00 sys=0,00, real=0,00 secs] 
89,230: [GC (Allocation Failure) [PSYoungGen: 85600K->96K(83968K)] 87492K->1988K(259072K), 0,0004854 secs] [Times: user=0,00 sys=0,00, real=0,00 secs] 
89,278: [GC (Allocation Failure) [PSYoungGen: 83552K->96K(81920K)] 85444K->1988K(257024K), 0,0004840 secs] [Times: user=0,00 sys=0,00, real=0,00 secs] 
89,323: [GC (Allocation Failure) [PSYoungGen: 81504K->96K(79872K)] 83396K->1988K(254976K), 0,0005250 secs] [Times: user=0,00 sys=0,00, real=0,00 secs] 
89,368: [GC (Allocation Failure) [PSYoungGen: 79456K->96K(77824K)] 81348K->1988K(252928K), 0,0004672 secs] [Times: user=0,00 sys=0,00, real=0,01 secs] 
89,412: [GC (Allocation Failure) [PSYoungGen: 77408K->64K(75776K)] 79300K->1956K(250880K), 0,0004904 secs] [Times: user=0,00 sys=0,00, real=0,00 secs] 
89,456: [GC (Allocation Failure) [PSYoungGen: 75328K->96K(74240K)] 77220K->1988K(249344K), 0,0004911 secs] [Times: user=0,00 sys=0,00, real=0,00 secs] 
89,497: [GC (Allocation Failure) [PSYoungGen: 73824K->96K(89088K)] 75716K->1988K(264192K), 0,0005128 secs] [Times: user=0,00 sys=0,00, real=0,00 secs] 
89,547: [GC (Allocation Failure) [PSYoungGen: 88672K->96K(87040K)] 90564K->1988K(262144K), 0,0004945 secs] [Times: user=0,00 sys=0,00, real=0,00 secs] 
89,596: [GC (Allocation Failure) [PSYoungGen: 86624K->96K(84992K)] 88516K->1988K(260096K), 0,0004918 secs] [Times: user=0,00 sys=0,00, real=0,00 secs] 
89,644: [GC (Allocation Failure) [PSYoungGen: 84576K->64K(101888K)] 86468K->1956K(276992K), 0,0010171 secs] [Times: user=0,00 sys=0,00, real=0,00 secs] 
89,702: [GC (Allocation Failure) [PSYoungGen: 101440K->96K(122368K)] 103332K->1988K(297472K), 0,0005036 secs] [Times: user=0,00 sys=0,00, real=0,00 secs] 
89,770: [GC (Allocation Failure) [PSYoungGen: 121952K->96K(118784K)] 123844K->1988K(293888K), 0,0004868 secs] [Times: user=0,01 sys=0,00, real=0,00 secs] 
89,836: [GC (Allocation Failure) [PSYoungGen: 118368K->96K(115200K)] 120260K->1988K(290304K), 0,0004945 secs] [Times: user=0,00 sys=0,00, real=0,00 secs] 
89,901: [GC (Allocation Failure) [PSYoungGen: 114784K->96K(111616K)] 116676K->1988K(286720K), 0,0004839 secs] [Times: user=0,00 sys=0,00, real=0,00 secs] 
89,963: [GC (Allocation Failure) [PSYoungGen: 111200K->96K(108544K)] 113092K->1988K(283648K), 0,0004901 secs] [Times: user=0,00 sys=0,00, real=0,00 secs] 
90,024: [GC (Allocation Failure) [PSYoungGen: 108128K->96K(105472K)] 110020K->1988K(280576K), 0,0005140 secs] [Times: user=0,00 sys=0,00, real=0,00 secs] 
90,083: [GC (Allocation Failure) [PSYoungGen: 105056K->64K(102400K)] 106948K->1956K(277504K), 0,0005225 secs] [Times: user=0,00 sys=0,00, real=0,00 secs] 
90,141: [GC (Allocation Failure) [PSYoungGen: 101952K->96K(99328K)] 103844K->1988K(274432K), 0,0004849 secs] [Times: user=0,00 sys=0,00, real=0,00 secs] 
90,196: [GC (Allocation Failure) [PSYoungGen: 98912K->64K(96768K)] 100804K->1956K(271872K), 0,0004912 secs] [Times: user=0,00 sys=0,00, real=0,00 secs] 
90,251: [GC (Allocation Failure) [PSYoungGen: 96320K->96K(116224K)] 98212K->1988K(291328K), 0,0009930 secs] [Times: user=0,00 sys=0,00, real=0,00 secs] 
90,317: [GC (Allocation Failure) [PSYoungGen: 115808K->96K(112640K)] 117700K->1988K(287744K), 0,0005336 secs] [Times: user=0,00 sys=0,00, real=0,00 secs] 
90,382: [GC (Allocation Failure) [PSYoungGen: 112224K->96K(109568K)] 114116K->1988K(284672K), 0,0005281 secs] [Times: user=0,00 sys=0,00, real=0,00 secs] 
90,443: [GC (Allocation Failure) [PSYoungGen: 109152K->96K(106496K)] 111044K->2012K(281600K), 0,0005000 secs] [Times: user=0,00 sys=0,00, real=0,00 secs] 
90,503: [GC (Allocation Failure) [PSYoungGen: 106080K->96K(103424K)] 107996K->2012K(278528K), 0,0005196 secs] [Times: user=0,00 sys=0,00, real=0,00 secs] 
90,561: [GC (Allocation Failure) [PSYoungGen: 103008K->96K(100352K)] 104924K->2012K(275456K), 0,0005047 secs] [Times: user=0,01 sys=0,00, real=0,00 secs] 
90,617: [GC (Allocation Failure) [PSYoungGen: 99936K->96K(97792K)] 101852K->2012K(272896K), 0,0008804 secs] [Times: user=0,00 sys=0,00, real=0,00 secs] 
90,672: [GC (Allocation Failure) [PSYoungGen: 97376K->96K(95232K)] 99292K->2012K(270336K), 0,0004906 secs] [Times: user=0,00 sys=0,00, real=0,00 secs] 
90,726: [GC (Allocation Failure) [PSYoungGen: 94816K->96K(92672K)] 96732K->2012K(267776K), 0,0004865 secs] [Times: user=0,00 sys=0,00, real=0,00 secs] 
90,777: [GC (Allocation Failure) [PSYoungGen: 92256K->64K(90112K)] 94172K->1980K(265216K), 0,0004668 secs] [Times: user=0,00 sys=0,00, real=0,00 secs] 
90,828: [GC (Allocation Failure) [PSYoungGen: 89664K->96K(87552K)] 91580K->2012K(262656K), 0,0004772 secs] [Times: user=0,01 sys=0,00, real=0,01 secs] 
90,877: [GC (Allocation Failure) [PSYoungGen: 87136K->96K(85504K)] 89052K->2012K(260608K), 0,0004881 secs] [Times: user=0,00 sys=0,00, real=0,00 secs] 
90,925: [GC (Allocation Failure) [PSYoungGen: 85088K->96K(83456K)] 87004K->2012K(258560K), 0,0005440 secs] [Times: user=0,00 sys=0,00, real=0,00 secs] 
90,972: [GC (Allocation Failure) [PSYoungGen: 83040K->96K(81408K)] 84956K->2012K(256512K), 0,0005163 secs] [Times: user=0,00 sys=0,00, real=0,00 secs] 
91,018: [GC (Allocation Failure) [PSYoungGen: 80992K->96K(79360K)] 82908K->2012K(254464K), 0,0004910 secs] [Times: user=0,00 sys=0,00, real=0,01 secs] 
91,062: [GC (Allocation Failure) [PSYoungGen: 78944K->96K(77312K)] 80860K->2012K(252416K), 0,0004916 secs] [Times: user=0,00 sys=0,00, real=0,00 secs] 
91,106: [GC (Allocation Failure) [PSYoungGen: 76896K->96K(75264K)] 78812K->2012K(250368K), 0,0004786 secs] [Times: user=0,01 sys=0,00, real=0,00 secs] 
91,148: [GC (Allocation Failure) [PSYoungGen: 74847K->64K(73728K)] 76764K->1980K(248832K), 0,0004925 secs] [Times: user=0,00 sys=0,00, real=0,01 secs] 
91,189: [GC (Allocation Failure) [PSYoungGen: 73280K->96K(88576K)] 75196K->2012K(263680K), 0,0004729 secs] [Times: user=0,00 sys=0,00, real=0,00 secs] 
91,239: [GC (Allocation Failure) [PSYoungGen: 88160K->64K(106496K)] 90076K->1980K(281600K), 0,0005983 secs] [Times: user=0,00 sys=0,00, real=0,00 secs] 
91,299: [GC (Allocation Failure) [PSYoungGen: 106048K->96K(103424K)] 107964K->2012K(278528K), 0,0005032 secs] [Times: user=0,00 sys=0,00, real=0,00 secs] 
91,357: [GC (Allocation Failure) [PSYoungGen: 103008K->96K(100352K)] 104924K->2012K(275456K), 0,0004960 secs] [Times: user=0,00 sys=0,00, real=0,00 secs] 
91,413: [GC (Allocation Failure) [PSYoungGen: 99936K->96K(97792K)] 101852K->2012K(272896K), 0,0004803 secs] [Times: user=0,01 sys=0,00, real=0,00 secs] 
91,468: [GC (Allocation Failure) [PSYoungGen: 97376K->96K(95232K)] 99292K->2012K(270336K), 0,0005015 secs] [Times: user=0,00 sys=0,00, real=0,00 secs] 
91,522: [GC (Allocation Failure) [PSYoungGen: 94816K->64K(92672K)] 96732K->1980K(267776K), 0,0005050 secs] [Times: user=0,00 sys=0,00, real=0,00 secs] 
91,574: [GC (Allocation Failure) [PSYoungGen: 92224K->96K(90112K)] 94140K->2012K(265216K), 0,0005040 secs] [Times: user=0,00 sys=0,00, real=0,00 secs] 
91,624: [GC (Allocation Failure) [PSYoungGen: 89696K->32K(87552K)] 91612K->1948K(262656K), 0,0004776 secs] [Times: user=0,00 sys=0,00, real=0,00 secs] 
91,674: [GC (Allocation Failure) [PSYoungGen: 87072K->96K(85504K)] 88988K->2012K(260608K), 0,0005443 secs] [Times: user=0,00 sys=0,00, real=0,00 secs] 
91,722: [GC (Allocation Failure) [PSYoungGen: 85088K->96K(83456K)] 87004K->2012K(258560K), 0,0004971 secs] [Times: user=0,00 sys=0,00, real=0,00 secs] 
91,769: [GC (Allocation Failure) [PSYoungGen: 83040K->96K(81408K)] 84956K->2012K(256512K), 0,0004835 secs] [Times: user=0,00 sys=0,00, real=0,00 secs] 
91,814: [GC (Allocation Failure) [PSYoungGen: 80992K->96K(79360K)] 82908K->2012K(254464K), 0,0004895 secs] [Times: user=0,00 sys=0,00, real=0,00 secs] 
91,859: [GC (Allocation Failure) [PSYoungGen: 78944K->96K(77312K)] 80860K->2012K(252416K), 0,0004722 secs] [Times: user=0,00 sys=0,00, real=0,00 secs] 
91,903: [GC (Allocation Failure) [PSYoungGen: 76896K->96K(75264K)] 78812K->2012K(250368K), 0,0004951 secs] [Times: user=0,00 sys=0,00, real=0,00 secs] 
91,945: [GC (Allocation Failure) [PSYoungGen: 74848K->64K(73728K)] 76764K->1980K(248832K), 0,0004825 secs] [Times: user=0,00 sys=0,00, real=0,00 secs] 
91,986: [GC (Allocation Failure) [PSYoungGen: 73280K->96K(88576K)] 75196K->2012K(263680K), 0,0004964 secs] [Times: user=0,00 sys=0,00, real=0,00 secs] 
92,036: [GC (Allocation Failure) [PSYoungGen: 88160K->64K(106496K)] 90076K->1980K(281600K), 0,0006314 secs] [Times: user=0,00 sys=0,00, real=0,00 secs] 
92,095: [GC (Allocation Failure) [PSYoungGen: 106048K->64K(103424K)] 107964K->1980K(278528K), 0,0005002 secs] [Times: user=0,00 sys=0,00, real=0,00 secs] 
92,154: [GC (Allocation Failure) [PSYoungGen: 102976K->96K(100352K)] 104892K->2012K(275456K), 0,0005034 secs] [Times: user=0,00 sys=0,00, real=0,00 secs] 
92,210: [GC (Allocation Failure) [PSYoungGen: 99936K->96K(97792K)] 101852K->2012K(272896K), 0,0004909 secs] [Times: user=0,00 sys=0,00, real=0,00 secs] 
92,264: [GC (Allocation Failure) [PSYoungGen: 97376K->64K(95232K)] 99292K->1980K(270336K), 0,0004947 secs] [Times: user=0,00 sys=0,00, real=0,00 secs] 
92,318: [GC (Allocation Failure) [PSYoungGen: 94784K->96K(92672K)] 96700K->2012K(267776K), 0,0004790 secs] [Times: user=0,00 sys=0,00, real=0,00 secs] 
92,369: [GC (Allocation Failure) [PSYoungGen: 92256K->64K(90112K)] 94172K->1980K(265216K), 0,0004773 secs] [Times: user=0,00 sys=0,00, real=0,00 secs] 
92,420: [GC (Allocation Failure) [PSYoungGen: 89664K->96K(87552K)] 91580K->2012K(262656K), 0,0004957 secs] [Times: user=0,00 sys=0,00, real=0,00 secs] 
92,469: [GC (Allocation Failure) [PSYoungGen: 87136K->128K(85504K)] 89052K->2044K(260608K), 0,0004869 secs] [Times: user=0,00 sys=0,00, real=0,00 secs] 
92,517: [GC (Allocation Failure) [PSYoungGen: 85120K->32K(83456K)] 87036K->1948K(258560K), 0,0004989 secs] [Times: user=0,00 sys=0,00, real=0,00 secs] 
92,563: [GC (Allocation Failure) [PSYoungGen: 82976K->96K(81408K)] 84892K->2012K(256512K), 0,0005108 secs] [Times: user=0,00 sys=0,00, real=0,00 secs] 
92,609: [GC (Allocation Failure) [PSYoungGen: 80992K->96K(79360K)] 82908K->2012K(254464K), 0,0005004 secs] [Times: user=0,00 sys=0,00, real=0,00 secs] 
92,654: [GC (Allocation Failure) [PSYoungGen: 78944K->64K(77312K)] 80860K->1980K(252416K), 0,0004879 secs] [Times: user=0,01 sys=0,00, real=0,00 secs] 
92,697: [GC (Allocation Failure) [PSYoungGen: 76864K->96K(75264K)] 78780K->2012K(250368K), 0,0004833 secs] [Times: user=0,00 sys=0,01, real=0,00 secs] 
92,739: [GC (Allocation Failure) [PSYoungGen: 74847K->96K(73728K)] 76764K->2012K(248832K), 0,0004718 secs] [Times: user=0,00 sys=0,00, real=0,00 secs] 
92,780: [GC (Allocation Failure) [PSYoungGen: 73312K->64K(88576K)] 75228K->1980K(263680K), 0,0004793 secs] [Times: user=0,00 sys=0,00, real=0,00 secs] 
92,830: [GC (Allocation Failure) [PSYoungGen: 88128K->96K(86528K)] 90044K->2012K(261632K), 0,0004964 secs] [Times: user=0,00 sys=0,00, real=0,00 secs] 
92,878: [GC (Allocation Failure) [PSYoungGen: 86112K->96K(84480K)] 88028K->2012K(259584K), 0,0005036 secs] [Times: user=0,00 sys=0,00, real=0,00 secs] 
92,926: [GC (Allocation Failure) [PSYoungGen: 84064K->32K(82432K)] 85980K->1948K(257536K), 0,0004978 secs] [Times: user=0,00 sys=0,00, real=0,00 secs] 
92,972: [GC (Allocation Failure) [PSYoungGen: 81952K->64K(80384K)] 83868K->1980K(255488K), 0,0004902 secs] [Times: user=0,00 sys=0,00, real=0,00 secs] 
93,017: [GC (Allocation Failure) [PSYoungGen: 79936K->32K(78336K)] 81852K->1948K(253440K), 0,0005161 secs] [Times: user=0,00 sys=0,00, real=0,00 secs] 
93,061: [GC (Allocation Failure) [PSYoungGen: 77856K->96K(94208K)] 79772K->2012K(269312K), 0,0005105 secs] [Times: user=0,01 sys=0,00, real=0,00 secs] 
93,114: [GC (Allocation Failure) [PSYoungGen: 93792K->96K(91648K)] 95708K->2012K(266752K), 0,0004847 secs] [Times: user=0,00 sys=0,00, real=0,00 secs] 
93,165: [GC (Allocation Failure) [PSYoungGen: 91232K->96K(89088K)] 93148K->2012K(264192K), 0,0004966 secs] [Times: user=0,00 sys=0,00, real=0,00 secs] 
93,215: [GC (Allocation Failure) [PSYoungGen: 88672K->64K(87040K)] 90588K->1980K(262144K), 0,0004855 secs] [Times: user=0,00 sys=0,00, real=0,00 secs] 
93,264: [GC (Allocation Failure) [PSYoungGen: 86592K->64K(84992K)] 88508K->1980K(260096K), 0,0004778 secs] [Times: user=0,00 sys=0,00, real=0,00 secs] 
93,311: [GC (Allocation Failure) [PSYoungGen: 84544K->96K(82944K)] 86460K->2012K(258048K), 0,0005071 secs] [Times: user=0,00 sys=0,00, real=0,00 secs] 
93,358: [GC (Allocation Failure) [PSYoungGen: 82528K->96K(80896K)] 84444K->2012K(256000K), 0,0004957 secs] [Times: user=0,01 sys=0,00, real=0,00 secs] 
93,404: [GC (Allocation Failure) [PSYoungGen: 80480K->128K(78848K)] 82396K->2044K(253952K), 0,0004728 secs] [Times: user=0,00 sys=0,00, real=0,00 secs] 
93,449: [GC (Allocation Failure) [PSYoungGen: 78464K->96K(76800K)] 80380K->2012K(251904K), 0,0004931 secs] [Times: user=0,00 sys=0,00, real=0,00 secs] 
93,492: [GC (Allocation Failure) [PSYoungGen: 76384K->96K(74752K)] 78300K->2012K(249856K), 0,0004914 secs] [Times: user=0,00 sys=0,00, real=0,00 secs] 
93,533: [GC (Allocation Failure) [PSYoungGen: 74336K->96K(73216K)] 76252K->2012K(248320K), 0,0004581 secs] [Times: user=0,00 sys=0,00, real=0,00 secs] 
93,574: [GC (Allocation Failure) [PSYoungGen: 72800K->96K(88064K)] 74716K->2012K(263168K), 0,0004909 secs] [Times: user=0,00 sys=0,00, real=0,00 secs] 
93,624: [GC (Allocation Failure) [PSYoungGen: 87648K->64K(86016K)] 89564K->1980K(261120K), 0,0004840 secs] [Times: user=0,00 sys=0,00, real=0,00 secs] 
93,672: [GC (Allocation Failure) [PSYoungGen: 85568K->64K(83968K)] 87484K->1980K(259072K), 0,0004953 secs] [Times: user=0,00 sys=0,00, real=0,00 secs] 
93,719: [GC (Allocation Failure) [PSYoungGen: 83520K->96K(81920K)] 85436K->2012K(257024K), 0,0004964 secs] [Times: user=0,00 sys=0,00, real=0,00 secs] 
93,765: [GC (Allocation Failure) [PSYoungGen: 81504K->96K(79872K)] 83420K->2012K(254976K), 0,0004770 secs] [Times: user=0,01 sys=0,00, real=0,00 secs] 
93,810: [GC (Allocation Failure) [PSYoungGen: 79456K->96K(77824K)] 81372K->2012K(252928K), 0,0004965 secs] [Times: user=0,00 sys=0,00, real=0,00 secs] 
93,853: [GC (Allocation Failure) [PSYoungGen: 77408K->96K(75776K)] 79324K->2012K(250880K), 0,0005064 secs] [Times: user=0,01 sys=0,00, real=0,00 secs] 
93,896: [GC (Allocation Failure) [PSYoungGen: 75360K->64K(91136K)] 77276K->1980K(266240K), 0,0005394 secs] [Times: user=0,00 sys=0,00, real=0,00 secs] 
93,947: [GC (Allocation Failure) [PSYoungGen: 90688K->96K(88576K)] 92604K->2012K(263680K), 0,0004875 secs] [Times: user=0,00 sys=0,00, real=0,00 secs] 
93,996: [GC (Allocation Failure) [PSYoungGen: 88160K->96K(86528K)] 90076K->2012K(261632K), 0,0004698 secs] [Times: user=0,00 sys=0,00, real=0,00 secs] 
94,045: [GC (Allocation Failure) [PSYoungGen: 86112K->96K(84480K)] 88028K->2012K(259584K), 0,0004962 secs] [Times: user=0,00 sys=0,00, real=0,00 secs] 
94,092: [GC (Allocation Failure) [PSYoungGen: 84063K->64K(82432K)] 85980K->1980K(257536K), 0,0004899 secs] [Times: user=0,00 sys=0,00, real=0,00 secs] 
94,138: [GC (Allocation Failure) [PSYoungGen: 81984K->64K(80384K)] 83900K->1980K(255488K), 0,0005035 secs] [Times: user=0,00 sys=0,00, real=0,00 secs] 
94,183: [GC (Allocation Failure) [PSYoungGen: 79936K->64K(78336K)] 81852K->1980K(253440K), 0,0005467 secs] [Times: user=0,00 sys=0,00, real=0,00 secs] 
94,227: [GC (Allocation Failure) [PSYoungGen: 77888K->96K(76288K)] 79804K->2012K(251392K), 0,0004928 secs] [Times: user=0,00 sys=0,00, real=0,00 secs] 
94,270: [GC (Allocation Failure) [PSYoungGen: 75872K->96K(91648K)] 77788K->2012K(266752K), 0,0004965 secs] [Times: user=0,01 sys=0,00, real=0,00 secs] 
94,322: [GC (Allocation Failure) [PSYoungGen: 91232K->96K(89088K)] 93148K->2012K(264192K), 0,0004966 secs] [Times: user=0,00 sys=0,00, real=0,00 secs] 
94,372: [GC (Allocation Failure) [PSYoungGen: 88672K->96K(87040K)] 90588K->2012K(262144K), 0,0004881 secs] [Times: user=0,00 sys=0,00, real=0,00 secs] 
94,421: [GC (Allocation Failure) [PSYoungGen: 86624K->96K(84992K)] 88540K->2012K(260096K), 0,0004929 secs] [Times: user=0,00 sys=0,00, real=0,00 secs] 
94,469: [GC (Allocation Failure) [PSYoungGen: 84576K->96K(82944K)] 86492K->2012K(258048K), 0,0004964 secs] [Times: user=0,01 sys=0,00, real=0,00 secs] 
94,516: [GC (Allocation Failure) [PSYoungGen: 82528K->96K(80896K)] 84444K->2012K(256000K), 0,0005283 secs] [Times: user=0,00 sys=0,00, real=0,00 secs] 
94,561: [GC (Allocation Failure) [PSYoungGen: 80480K->96K(78848K)] 82396K->2012K(253952K), 0,0004745 secs] [Times: user=0,00 sys=0,00, real=0,00 secs] 
94,605: [GC (Allocation Failure) [PSYoungGen: 78432K->128K(76800K)] 80348K->2044K(251904K), 0,0004769 secs] [Times: user=0,00 sys=0,00, real=0,00 secs] 
94,648: [GC (Allocation Failure) [PSYoungGen: 76416K->96K(74752K)] 78332K->2012K(249856K), 0,0004789 secs] [Times: user=0,00 sys=0,00, real=0,00 secs] 
94,690: [GC (Allocation Failure) [PSYoungGen: 74336K->96K(73216K)] 76252K->2012K(248320K), 0,0004725 secs] [Times: user=0,00 sys=0,00, real=0,00 secs] 
94,732: [GC (Allocation Failure) [PSYoungGen: 72800K->64K(88064K)] 74716K->1980K(263168K), 0,0011146 secs] [Times: user=0,00 sys=0,00, real=0,00 secs] 
94,786: [GC (Allocation Failure) [PSYoungGen: 87616K->64K(105984K)] 89532K->1980K(281088K), 0,0009421 secs] [Times: user=0,01 sys=0,00, real=0,00 secs] 
94,850: [GC (Allocation Failure) [PSYoungGen: 105536K->96K(127488K)] 107452K->2012K(302592K), 0,0006938 secs] [Times: user=0,00 sys=0,00, real=0,00 secs] 
94,926: [GC (Allocation Failure) [PSYoungGen: 127072K->64K(153088K)] 128988K->1980K(328192K), 0,0010404 secs] [Times: user=0,01 sys=0,00, real=0,00 secs] 
95,022: [GC (Allocation Failure) [PSYoungGen: 152640K->96K(183808K)] 154556K->2012K(358912K), 0,0004934 secs] [Times: user=0,00 sys=0,00, real=0,00 secs] 
95,132: [GC (Allocation Failure) [PSYoungGen: 183392K->64K(177152K)] 185308K->1980K(352256K), 0,0006363 secs] [Times: user=0,00 sys=0,00, real=0,00 secs] 
95,238: [GC (Allocation Failure) [PSYoungGen: 176704K->96K(171008K)] 178620K->2012K(346112K), 0,0005398 secs] [Times: user=0,01 sys=0,00, real=0,01 secs] 
95,340: [GC (Allocation Failure) [PSYoungGen: 170592K->96K(164864K)] 172508K->2012K(339968K), 0,0005016 secs] [Times: user=0,00 sys=0,00, real=0,00 secs] 
95,439: [GC (Allocation Failure) [PSYoungGen: 164448K->96K(159232K)] 166364K->2012K(334336K), 0,0005052 secs] [Times: user=0,01 sys=0,00, real=0,00 secs] 
95,534: [GC (Allocation Failure) [PSYoungGen: 158816K->64K(154112K)] 160732K->1980K(329216K), 0,0005971 secs] [Times: user=0,00 sys=0,00, real=0,00 secs] 
95,627: [GC (Allocation Failure) [PSYoungGen: 153664K->96K(148992K)] 155580K->2012K(324096K), 0,0005075 secs] [Times: user=0,00 sys=0,00, real=0,00 secs] 
95,719: [GC (Allocation Failure) [PSYoungGen: 148576K->96K(143872K)] 150492K->2012K(318976K), 0,0007181 secs] [Times: user=0,00 sys=0,00, real=0,00 secs] 
95,806: [GC (Allocation Failure) [PSYoungGen: 143456K->96K(139264K)] 145372K->2012K(314368K), 0,0005212 secs] [Times: user=0,00 sys=0,00, real=0,00 secs] 
95,888: [GC (Allocation Failure) [PSYoungGen: 138848K->96K(134656K)] 140764K->2012K(309760K), 0,0004851 secs] [Times: user=0,00 sys=0,00, real=0,00 secs] 
95,969: [GC (Allocation Failure) [PSYoungGen: 134240K->64K(130560K)] 136156K->1980K(305664K), 0,0005003 secs] [Times: user=0,00 sys=0,00, real=0,00 secs] 
96,048: [GC (Allocation Failure) [PSYoungGen: 130112K->96K(126464K)] 132028K->2012K(301568K), 0,0007986 secs] [Times: user=0,00 sys=0,00, real=0,01 secs] 
96,124: [GC (Allocation Failure) [PSYoungGen: 126047K->96K(122368K)] 127964K->2012K(297472K), 0,0004993 secs] [Times: user=0,00 sys=0,00, real=0,00 secs] 
96,198: [GC (Allocation Failure) [PSYoungGen: 121952K->96K(118784K)] 123868K->2012K(293888K), 0,0010568 secs] [Times: user=0,00 sys=0,00, real=0,00 secs] 
96,271: [GC (Allocation Failure) [PSYoungGen: 118368K->64K(115200K)] 120284K->1980K(290304K), 0,0006734 secs] [Times: user=0,00 sys=0,00, real=0,00 secs] 
96,340: [GC (Allocation Failure) [PSYoungGen: 114752K->96K(111616K)] 116668K->2012K(286720K), 0,0004867 secs] [Times: user=0,00 sys=0,00, real=0,00 secs] 
96,406: [GC (Allocation Failure) [PSYoungGen: 111200K->96K(108544K)] 113116K->2012K(283648K), 0,0005123 secs] [Times: user=0,00 sys=0,00, real=0,00 secs] 
96,471: [GC (Allocation Failure) [PSYoungGen: 108128K->96K(105472K)] 110044K->2012K(280576K), 0,0005340 secs] [Times: user=0,00 sys=0,00, real=0,00 secs] 
96,534: [GC (Allocation Failure) [PSYoungGen: 105056K->96K(102400K)] 106972K->2012K(277504K), 0,0004921 secs] [Times: user=0,00 sys=0,00, real=0,00 secs] 
96,593: [GC (Allocation Failure) [PSYoungGen: 101984K->64K(99328K)] 103900K->1980K(274432K), 0,0005029 secs] [Times: user=0,00 sys=0,00, real=0,00 secs] 
96,655: [GC (Allocation Failure) [PSYoungGen: 98880K->96K(96768K)] 100796K->2012K(271872K), 0,0005351 secs] [Times: user=0,00 sys=0,00, real=0,00 secs] 
96,712: [GC (Allocation Failure) [PSYoungGen: 96352K->96K(94208K)] 98268K->2012K(269312K), 0,0004984 secs] [Times: user=0,00 sys=0,00, real=0,00 secs] 
96,768: [GC (Allocation Failure) [PSYoungGen: 93792K->96K(91648K)] 95708K->2012K(266752K), 0,0005066 secs] [Times: user=0,00 sys=0,00, real=0,00 secs] 
96,823: [GC (Allocation Failure) [PSYoungGen: 91232K->96K(89088K)] 93148K->2012K(264192K), 0,0004876 secs] [Times: user=0,00 sys=0,00, real=0,00 secs] 
96,876: [GC (Allocation Failure) [PSYoungGen: 88672K->96K(87040K)] 90588K->2012K(262144K), 0,0005116 secs] [Times: user=0,01 sys=0,00, real=0,00 secs] 
96,927: [GC (Allocation Failure) [PSYoungGen: 86624K->64K(84992K)] 88540K->1980K(260096K), 0,0008191 secs] [Times: user=0,00 sys=0,00, real=0,00 secs] 
96,979: [GC (Allocation Failure) [PSYoungGen: 84544K->64K(101888K)] 86460K->1980K(276992K), 0,0013974 secs] [Times: user=0,00 sys=0,00, real=0,00 secs] 
97,040: [GC (Allocation Failure) [PSYoungGen: 101440K->96K(122368K)] 103356K->2012K(297472K), 0,0004881 secs] [Times: user=0,00 sys=0,00, real=0,00 secs] 
97,108: [GC (Allocation Failure) [PSYoungGen: 121952K->96K(146944K)] 123868K->2012K(322048K), 0,0005338 secs] [Times: user=0,00 sys=0,00, real=0,00 secs] 
97,191: [GC (Allocation Failure) [PSYoungGen: 146528K->96K(142336K)] 148444K->2012K(317440K), 0,0005046 secs] [Times: user=0,00 sys=0,00, real=0,00 secs] 
97,270: [GC (Allocation Failure) [PSYoungGen: 141920K->96K(137728K)] 143836K->2012K(312832K), 0,0005236 secs] [Times: user=0,00 sys=0,00, real=0,00 secs] 
97,347: [GC (Allocation Failure) [PSYoungGen: 137312K->96K(133120K)] 139228K->2012K(308224K), 0,0005427 secs] [Times: user=0,00 sys=0,00, real=0,00 secs] 
97,445: [GC (Allocation Failure) [PSYoungGen: 132704K->64K(129024K)] 134620K->1980K(304128K), 0,0010127 secs] [Times: user=0,00 sys=0,00, real=0,00 secs] 
97,519: [GC (Allocation Failure) [PSYoungGen: 128576K->96K(124928K)] 130492K->2012K(300032K), 0,0017962 secs] [Times: user=0,00 sys=0,00, real=0,00 secs] 
97,590: [GC (Allocation Failure) [PSYoungGen: 124512K->96K(121344K)] 126428K->2012K(296448K), 0,0005066 secs] [Times: user=0,00 sys=0,00, real=0,00 secs] 
97,659: [GC (Allocation Failure) [PSYoungGen: 120928K->96K(117760K)] 122844K->2012K(292864K), 0,0005123 secs] [Times: user=0,00 sys=0,00, real=0,00 secs] 
97,726: [GC (Allocation Failure) [PSYoungGen: 117344K->96K(114176K)] 119260K->2012K(289280K), 0,0005546 secs] [Times: user=0,00 sys=0,00, real=0,00 secs] 
97,790: [GC (Allocation Failure) [PSYoungGen: 113760K->96K(110592K)] 115676K->2012K(285696K), 0,0004920 secs] [Times: user=0,00 sys=0,00, real=0,00 secs] 
97,852: [GC (Allocation Failure) [PSYoungGen: 110176K->96K(107520K)] 112092K->2012K(282624K), 0,0005118 secs] [Times: user=0,01 sys=0,00, real=0,00 secs] 
97,912: [GC (Allocation Failure) [PSYoungGen: 107104K->96K(104448K)] 109020K->2012K(279552K), 0,0004921 secs] [Times: user=0,00 sys=0,00, real=0,00 secs] 
97,971: [GC (Allocation Failure) [PSYoungGen: 104032K->96K(101376K)] 105948K->2012K(276480K), 0,0004923 secs] [Times: user=0,01 sys=0,00, real=0,00 secs] 
98,027: [GC (Allocation Failure) [PSYoungGen: 100960K->96K(98816K)] 102876K->2012K(273920K), 0,0005044 secs] [Times: user=0,00 sys=0,00, real=0,00 secs] 
98,083: [GC (Allocation Failure) [PSYoungGen: 98400K->96K(96256K)] 100316K->2012K(271360K), 0,0005034 secs] [Times: user=0,00 sys=0,00, real=0,00 secs] 
98,137: [GC (Allocation Failure) [PSYoungGen: 95840K->96K(93696K)] 97756K->2012K(268800K), 0,0005409 secs] [Times: user=0,00 sys=0,00, real=0,00 secs] 
98,190: [GC (Allocation Failure) [PSYoungGen: 93280K->64K(91136K)] 95196K->1980K(266240K), 0,0005134 secs] [Times: user=0,01 sys=0,00, real=0,00 secs] 
98,241: [GC (Allocation Failure) [PSYoungGen: 90688K->96K(88576K)] 92604K->2012K(263680K), 0,0005267 secs] [Times: user=0,00 sys=0,00, real=0,00 secs] 
98,290: [GC (Allocation Failure) [PSYoungGen: 88160K->96K(86528K)] 90076K->2012K(261632K), 0,0005397 secs] [Times: user=0,00 sys=0,00, real=0,00 secs] 
98,339: [GC (Allocation Failure) [PSYoungGen: 86112K->96K(84480K)] 88028K->2012K(259584K), 0,0004948 secs] [Times: user=0,00 sys=0,00, real=0,00 secs] 
98,386: [GC (Allocation Failure) [PSYoungGen: 84064K->64K(82432K)] 85980K->1980K(257536K), 0,0004853 secs] [Times: user=0,00 sys=0,00, real=0,00 secs] 
98,432: [GC (Allocation Failure) [PSYoungGen: 81984K->96K(80384K)] 83900K->2012K(255488K), 0,0004854 secs] [Times: user=0,00 sys=0,00, real=0,00 secs] 
98,477: [GC (Allocation Failure) [PSYoungGen: 79968K->96K(78336K)] 81884K->2012K(253440K), 0,0004500 secs] [Times: user=0,00 sys=0,00, real=0,00 secs] 
98,521: [GC (Allocation Failure) [PSYoungGen: 77920K->96K(76288K)] 79836K->2012K(251392K), 0,0005137 secs] [Times: user=0,00 sys=0,00, real=0,00 secs] 
98,564: [GC (Allocation Failure) [PSYoungGen: 75872K->64K(74752K)] 77788K->1980K(249856K), 0,0005154 secs] [Times: user=0,00 sys=0,00, real=0,00 secs] 
98,606: [GC (Allocation Failure) [PSYoungGen: 74304K->128K(73216K)] 76220K->2044K(248320K), 0,0004922 secs] [Times: user=0,01 sys=0,00, real=0,00 secs] 
98,647: [GC (Allocation Failure) [PSYoungGen: 72832K->64K(88064K)] 74748K->1980K(263168K), 0,0006225 secs] [Times: user=0,00 sys=0,00, real=0,00 secs] 
98,697: [GC (Allocation Failure) [PSYoungGen: 87616K->96K(105984K)] 89532K->2012K(281088K), 0,0005391 secs] [Times: user=0,00 sys=0,00, real=0,01 secs] 
98,757: [GC (Allocation Failure) [PSYoungGen: 105568K->96K(102912K)] 107484K->2012K(278016K), 0,0005080 secs] [Times: user=0,00 sys=0,00, real=0,00 secs] 
98,814: [GC (Allocation Failure) [PSYoungGen: 102496K->96K(99840K)] 104412K->2012K(274944K), 0,0004880 secs] [Times: user=0,01 sys=0,00, real=0,00 secs] 
98,870: [GC (Allocation Failure) [PSYoungGen: 99424K->96K(97280K)] 101340K->2012K(272384K), 0,0005114 secs] [Times: user=0,00 sys=0,00, real=0,00 secs] 
98,925: [GC (Allocation Failure) [PSYoungGen: 96864K->96K(94720K)] 98780K->2012K(269824K), 0,0004974 secs] [Times: user=0,00 sys=0,00, real=0,00 secs] 
98,978: [GC (Allocation Failure) [PSYoungGen: 94304K->64K(92160K)] 96220K->1980K(267264K), 0,0004756 secs] [Times: user=0,00 sys=0,00, real=0,01 secs] 
99,030: [GC (Allocation Failure) [PSYoungGen: 91712K->96K(89600K)] 93628K->2012K(264704K), 0,0005081 secs] [Times: user=0,00 sys=0,00, real=0,00 secs] 
99,081: [GC (Allocation Failure) [PSYoungGen: 89184K->96K(87040K)] 91100K->2012K(262144K), 0,0005019 secs] [Times: user=0,00 sys=0,00, real=0,00 secs] 
99,130: [GC (Allocation Failure) [PSYoungGen: 86624K->64K(84992K)] 88540K->1980K(260096K), 0,0005024 secs] [Times: user=0,00 sys=0,00, real=0,00 secs] 
99,178: [GC (Allocation Failure) [PSYoungGen: 84544K->96K(82944K)] 86460K->2012K(258048K), 0,0005289 secs] [Times: user=0,00 sys=0,00, real=0,01 secs] 
99,224: [GC (Allocation Failure) [PSYoungGen: 82528K->128K(80896K)] 84444K->2044K(256000K), 0,0004725 secs] [Times: user=0,00 sys=0,00, real=0,00 secs] 
99,269: [GC (Allocation Failure) [PSYoungGen: 80512K->64K(78848K)] 82428K->1980K(253952K), 0,0005744 secs] [Times: user=0,00 sys=0,00, real=0,00 secs] 
99,313: [GC (Allocation Failure) [PSYoungGen: 78399K->96K(94720K)] 80316K->2012K(269824K), 0,0005397 secs] [Times: user=0,00 sys=0,00, real=0,00 secs] 
99,367: [GC (Allocation Failure) [PSYoungGen: 94304K->64K(92160K)] 96220K->1980K(267264K), 0,0005199 secs] [Times: user=0,00 sys=0,00, real=0,00 secs] 
99,418: [GC (Allocation Failure) [PSYoungGen: 91712K->64K(89600K)] 93628K->1980K(264704K), 0,0004879 secs] [Times: user=0,00 sys=0,00, real=0,00 secs] 
99,469: [GC (Allocation Failure) [PSYoungGen: 89152K->96K(87040K)] 91068K->2012K(262144K), 0,0004920 secs] [Times: user=0,01 sys=0,00, real=0,00 secs] 
99,518: [GC (Allocation Failure) [PSYoungGen: 86624K->96K(84992K)] 88540K->2012K(260096K), 0,0005055 secs] [Times: user=0,00 sys=0,00, real=0,01 secs] 
99,565: [GC (Allocation Failure) [PSYoungGen: 84576K->64K(82944K)] 86492K->1980K(258048K), 0,0005181 secs] [Times: user=0,00 sys=0,00, real=0,00 secs] 
99,612: [GC (Allocation Failure) [PSYoungGen: 82496K->96K(80896K)] 84412K->2012K(256000K), 0,0004906 secs] [Times: user=0,00 sys=0,00, real=0,00 secs] 
99,657: [GC (Allocation Failure) [PSYoungGen: 80480K->96K(78848K)] 82396K->2012K(253952K), 0,0005174 secs] [Times: user=0,01 sys=0,00, real=0,00 secs] 
99,702: [GC (Allocation Failure) [PSYoungGen: 78432K->96K(76800K)] 80348K->2012K(251904K), 0,0004913 secs] [Times: user=0,00 sys=0,00, real=0,00 secs] 
99,745: [GC (Allocation Failure) [PSYoungGen: 76384K->96K(74752K)] 78300K->2012K(249856K), 0,0004720 secs] [Times: user=0,00 sys=0,00, real=0,00 secs] 
99,787: [GC (Allocation Failure) [PSYoungGen: 74336K->96K(73216K)] 76252K->2012K(248320K), 0,0004912 secs] [Times: user=0,00 sys=0,00, real=0,00 secs] 
99,828: [GC (Allocation Failure) [PSYoungGen: 72800K->96K(88064K)] 74716K->2012K(263168K), 0,0005090 secs] [Times: user=0,00 sys=0,00, real=0,01 secs] 
99,877: [GC (Allocation Failure) [PSYoungGen: 87648K->96K(86016K)] 89564K->2012K(261120K), 0,0004718 secs] [Times: user=0,00 sys=0,00, real=0,00 secs] 
99,925: [GC (Allocation Failure) [PSYoungGen: 85600K->96K(83968K)] 87516K->2012K(259072K), 0,0005016 secs] [Times: user=0,01 sys=0,00, real=0,00 secs] 
99,972: [GC (Allocation Failure) [PSYoungGen: 83552K->96K(81920K)] 85468K->2012K(257024K), 0,0004974 secs] [Times: user=0,00 sys=0,00, real=0,00 secs] 
100,018: [GC (Allocation Failure) [PSYoungGen: 81504K->96K(79872K)] 83420K->2012K(254976K), 0,0004782 secs] [Times: user=0,00 sys=0,00, real=0,00 secs] 
100,063: [GC (Allocation Failure) [PSYoungGen: 79456K->96K(77824K)] 81372K->2012K(252928K), 0,0005063 secs] [Times: user=0,01 sys=0,00, real=0,00 secs] 
100,107: [GC (Allocation Failure) [PSYoungGen: 77408K->64K(75776K)] 79324K->1980K(250880K), 0,0004989 secs] [Times: user=0,00 sys=0,00, real=0,00 secs] 
100,150: [GC (Allocation Failure) [PSYoungGen: 75328K->64K(91136K)] 77244K->1980K(266240K), 0,0005466 secs] [Times: user=0,00 sys=0,00, real=0,00 secs] 
100,201: [GC (Allocation Failure) [PSYoungGen: 90688K->96K(88576K)] 92604K->2012K(263680K), 0,0004903 secs] [Times: user=0,00 sys=0,00, real=0,00 secs] 
100,250: [GC (Allocation Failure) [PSYoungGen: 88160K->96K(86528K)] 90076K->2012K(261632K), 0,0005206 secs] [Times: user=0,00 sys=0,00, real=0,00 secs] 
100,299: [GC (Allocation Failure) [PSYoungGen: 86112K->96K(84480K)] 88028K->2012K(259584K), 0,0004990 secs] [Times: user=0,00 sys=0,00, real=0,00 secs] 
100,347: [GC (Allocation Failure) [PSYoungGen: 84063K->96K(82432K)] 85980K->2012K(257536K), 0,0005979 secs] [Times: user=0,00 sys=0,00, real=0,00 secs] 
Heap
 PSYoungGen      total 82432K, used 8729K [0x000000076ab00000, 0x000000079c700000, 0x00000007c0000000)
  eden space 81920K, 10% used [0x000000076ab00000,0x000000076b36e758,0x000000076fb00000)
  from space 512K, 18% used [0x000000079c600000,0x000000079c618000,0x000000079c680000)
  to   space 512K, 0% used [0x000000079c680000,0x000000079c680000,0x000000079c700000)
 ParOldGen       total 175104K, used 1916K [0x00000006c0000000, 0x00000006cab00000, 0x000000076ab00000)
  object space 175104K, 1% used [0x00000006c0000000,0x00000006c01df0b0,0x00000006cab00000)
 Metaspace       used 9331K, capacity 9572K, committed 9728K, reserved 1058816K
  class space    used 1087K, capacity 1172K, committed 1280K, reserved 1048576K
