OpenJDK 64-Bit Server VM (25.202-b05) for bsd-amd64 JRE (Zulu 8.36.0.1-CA-macosx) (1.8.0_202-b05), built on Jan 29 2019 06:07:09 by "zulu_re" with gcc 4.2.1 (Based on Apple Inc. build 5658) (LLVM build 2336.11.00)
Memory: 4k page, physical 16777216k(2271288k free)

/proc/meminfo:

CommandLine flags: -XX:InitialHeapSize=268435456 -XX:MaxHeapSize=4294967296 -XX:+PrintGC -XX:+PrintGCDetails -XX:+PrintGCTimeStamps -XX:+UseCompressedClassPointers -XX:+UseCompressedOops -XX:+UseParallelGC 
Heap
 PSYoungGen      total 76288K, used 35785K [0x000000076ab00000, 0x0000000770000000, 0x00000007c0000000)
  eden space 65536K, 54% used [0x000000076ab00000,0x000000076cdf25f8,0x000000076eb00000)
  from space 10752K, 0% used [0x000000076f580000,0x000000076f580000,0x0000000770000000)
  to   space 10752K, 0% used [0x000000076eb00000,0x000000076eb00000,0x000000076f580000)
 ParOldGen       total 175104K, used 0K [0x00000006c0000000, 0x00000006cab00000, 0x000000076ab00000)
  object space 175104K, 0% used [0x00000006c0000000,0x00000006c0000000,0x00000006cab00000)
 Metaspace       used 7656K, capacity 8005K, committed 8192K, reserved 1056768K
  class space    used 853K, capacity 948K, committed 1024K, reserved 1048576K
K(1067008K)], 0,0336212 secs] [Times: user=0,08 sys=0,00, real=0,03 secs] 
5,418: [GC (Allocation Failure) [PSYoungGen: 65536K->1357K(76288K)] 71374K->7204K(186368K), 0,0023693 secs] [Times: user=0,00 sys=0,00, real=0,01 secs] 
6,880: [GC (Allocation Failure) [PSYoungGen: 66893K->2493K(76288K)] 72740K->8340K(186368K), 0,0036114 secs] [Times: user=0,01 sys=0,00, real=0,00 secs] 
7,264: [GC (Allocation Failure) [PSYoungGen: 68029K->3136K(97280K)] 73876K->8990K(207360K), 0,0032808 secs] [Times: user=0,01 sys=0,01, real=0,00 secs] 
7,738: [GC (Allocation Failure) [PSYoungGen: 91712K->3995K(96768K)] 97566K->9857K(206848K), 0,0079044 secs] [Times: user=0,03 sys=0,00, real=0,01 secs] 
7,888: [GC (Allocation Failure) [PSYoungGen: 92571K->3760K(140288K)] 98433K->9630K(250368K), 0,0058055 secs] [Times: user=0,02 sys=0,00, real=0,01 secs] 
8,093: [GC (Allocation Failure) [PSYoungGen: 136368K->3808K(140288K)] 142238K->9686K(250368K), 0,0044651 secs] [Times: user=0,02 sys=0,00, real=0,00 secs] 
8,207: [GC (Allocation Failure) [PSYoungGen: 136416K->3776K(193536K)] 142294K->9662K(303616K), 0,0089156 secs] [Times: user=0,02 sys=0,00, real=0,01 secs] 
8,374: [GC (Allocation Failure) [PSYoungGen: 190144K->1824K(193536K)] 196030K->9686K(303616K), 0,0041547 secs] [Times: user=0,01 sys=0,00, real=0,00 secs] 
8,503: [GC (Allocation Failure) [PSYoungGen: 188192K->128K(277504K)] 196054K->9766K(387584K), 0,0026036 secs] [Times: user=0,01 sys=0,00, real=0,00 secs] 
8,749: [GC (Allocation Failure) [PSYoungGen: 272512K->96K(279552K)] 282150K->9758K(389632K), 0,0018707 secs] [Times: user=0,01 sys=0,00, real=0,01 secs] 
8,955: [GC (Allocation Failure) [PSYoungGen: 272480K->64K(384512K)] 282142K->9734K(494592K), 0,0010538 secs] [Times: user=0,00 sys=0,00, real=0,00 secs] 
9,350: [GC (Allocation Failure) [PSYoungGen: 384064K->64K(392192K)] 393734K->9742K(502272K), 0,0015679 secs] [Times: user=0,00 sys=0,00, real=0,00 secs] 
9,647: [GC (Allocation Failure) [PSYoungGen: 384576K->64K(519168K)] 394254K->9742K(629248K), 0,0010743 secs] [Times: user=0,00 sys=0,00, real=0,00 secs] 
10,138: [GC (Allocation Failure) [PSYoungGen: 518720K->64K(529920K)] 528398K->9750K(640000K), 0,0011024 secs] [Times: user=0,00 sys=0,00, real=0,01 secs] 
10,506: [GC (Allocation Failure) [PSYoungGen: 522304K->160K(623104K)] 531990K->9846K(733184K), 0,0010820 secs] [Times: user=0,01 sys=0,00, real=0,00 secs] 
11,012: [GC (Allocation Failure) [PSYoungGen: 622240K->128K(629248K)] 631926K->9814K(739328K), 0,0012051 secs] [Times: user=0,00 sys=0,00, real=0,00 secs] 
11,449: [GC (Allocation Failure) [PSYoungGen: 622208K->128K(718848K)] 631894K->9814K(828928K), 0,0010631 secs] [Times: user=0,00 sys=0,00, real=0,01 secs] 
11,963: [GC (Allocation Failure) [PSYoungGen: 718464K->128K(729600K)] 728150K->9814K(839680K), 0,0011695 secs] [Times: user=0,00 sys=0,00, real=0,00 secs] 
12,438: [GC (Allocation Failure) [PSYoungGen: 723072K->128K(817152K)] 732758K->9814K(927232K), 0,0011213 secs] [Times: user=0,01 sys=0,00, real=0,00 secs] 
13,020: [GC (Allocation Failure) [PSYoungGen: 815232K->128K(821248K)] 824918K->9814K(931328K), 0,0011529 secs] [Times: user=0,00 sys=0,00, real=0,00 secs] 
13,556: [GC (Allocation Failure) [PSYoungGen: 815232K->128K(902144K)] 824918K->9814K(1012224K), 0,0010618 secs] [Times: user=0,01 sys=0,00, real=0,00 secs] 
14,200: [GC (Allocation Failure) [PSYoungGen: 901760K->128K(909824K)] 911446K->9814K(1019904K), 0,0012730 secs] [Times: user=0,00 sys=0,00, real=0,00 secs] 
14,816: [GC (Allocation Failure) [PSYoungGen: 904320K->128K(972288K)] 914006K->9814K(1082368K), 0,0013177 secs] [Times: user=0,00 sys=0,00, real=0,00 secs] 
15,481: [GC (Allocation Failure) [PSYoungGen: 967808K->128K(972800K)] 977494K->9814K(1082880K), 0,0050098 secs] [Times: user=0,00 sys=0,00, real=0,00 secs] 
16,135: [GC (Allocation Failure) [PSYoungGen: 967808K->128K(1031168K)] 977494K->9814K(1141248K), 0,0010776 secs] [Times: user=0,00 sys=0,00, real=0,00 secs] 
16,857: [GC (Allocation Failure) [PSYoungGen: 1030784K->128K(1036800K)] 1040470K->9814K(1146880K), 0,0011777 secs] [Times: user=0,00 sys=0,00, real=0,00 secs] 
17,538: [GC (Allocation Failure) [PSYoungGen: 1032320K->128K(1092608K)] 1042006K->9814K(1202688K), 0,0010666 secs] [Times: user=0,00 sys=0,00, real=0,00 secs] 
18,333: [GC (Allocation Failure) [PSYoungGen: 1091200K->128K(1041920K)] 1100886K->9814K(1152000K), 0,0010631 secs] [Times: user=0,01 sys=0,00, real=0,00 secs] 
19,004: [GC (Allocation Failure) [PSYoungGen: 1041536K->128K(994816K)] 1051222K->9814K(1104896K), 0,0011157 secs] [Times: user=0,00 sys=0,01, real=0,00 secs] 
19,688: [GC (Allocation Failure) [PSYoungGen: 994432K->64K(953344K)] 1004118K->9814K(1063424K), 0,0010550 secs] [Times: user=0,00 sys=0,00, real=0,00 secs] 
20,297: [GC (Allocation Failure) [PSYoungGen: 949824K->64K(907776K)] 959574K->9814K(1017856K), 0,0010910 secs] [Times: user=0,00 sys=0,00, real=0,00 secs] 
20,896: [GC (Allocation Failure) [PSYoungGen: 907328K->64K(869888K)] 917078K->9814K(979968K), 0,0010298 secs] [Times: user=0,01 sys=0,00, real=0,00 secs] 
21,454: [GC (Allocation Failure) [PSYoungGen: 866880K->64K(828928K)] 876630K->9814K(939008K), 0,0011428 secs] [Times: user=0,00 sys=0,00, real=0,00 secs] 
21,985: [GC (Allocation Failure) [PSYoungGen: 828480K->64K(795136K)] 838230K->9814K(905216K), 0,0010343 secs] [Times: user=0,01 sys=0,00, real=0,00 secs] 
22,493: [GC (Allocation Failure) [PSYoungGen: 792128K->64K(757760K)] 801878K->9814K(867840K), 0,0011103 secs] [Times: user=0,00 sys=0,00, real=0,00 secs] 
22,981: [GC (Allocation Failure) [PSYoungGen: 757312K->64K(726528K)] 767062K->9814K(836608K), 0,0010098 secs] [Times: user=0,00 sys=0,00, real=0,00 secs] 
23,444: [GC (Allocation Failure) [PSYoungGen: 724032K->64K(758784K)] 733782K->9814K(868864K), 0,0011276 secs] [Times: user=0,01 sys=0,00, real=0,00 secs] 
23,929: [GC (Allocation Failure) [PSYoungGen: 758336K->64K(792576K)] 768086K->9814K(902656K), 0,0010502 secs] [Times: user=0,00 sys=0,00, real=0,00 secs] 
24,436: [GC (Allocation Failure) [PSYoungGen: 790592K->96K(824832K)] 800342K->9846K(934912K), 0,0011091 secs] [Times: user=0,00 sys=0,00, real=0,00 secs] 
24,966: [GC (Allocation Failure) [PSYoungGen: 824416K->96K(860672K)] 834166K->9846K(970752K), 0,0009934 secs] [Times: user=0,00 sys=0,00, real=0,00 secs] 
25,613: [GC (Allocation Failure) [PSYoungGen: 858720K->96K(821248K)] 868470K->9846K(931328K), 0,0011401 secs] [Times: user=0,01 sys=0,00, real=0,00 secs] 
26,171: [GC (Allocation Failure) [PSYoungGen: 820832K->64K(785920K)] 830582K->9814K(896000K), 0,0010550 secs] [Times: user=0,01 sys=0,00, real=0,00 secs] 
26,685: [GC (Allocation Failure) [PSYoungGen: 784448K->128K(750592K)] 794198K->9878K(860672K), 0,0010884 secs] [Times: user=0,01 sys=0,00, real=0,00 secs] 
27,167: [GC (Allocation Failure) [PSYoungGen: 750208K->64K(783360K)] 759958K->9814K(893440K), 0,0011063 secs] [Times: user=0,00 sys=0,00, real=0,00 secs] 
27,670: [GC (Allocation Failure) [PSYoungGen: 781888K->128K(815616K)] 791638K->9878K(925696K), 0,0010773 secs] [Times: user=0,00 sys=0,00, real=0,00 secs] 
28,219: [GC (Allocation Failure) [PSYoungGen: 815232K->96K(848896K)] 824982K->9870K(958976K), 0,0009893 secs] [Times: user=0,00 sys=0,00, real=0,01 secs] 
28,769: [GC (Allocation Failure) [PSYoungGen: 847456K->64K(810496K)] 857230K->9838K(920576K), 0,0010385 secs] [Times: user=0,00 sys=0,00, real=0,00 secs] 
29,290: [GC (Allocation Failure) [PSYoungGen: 810048K->64K(842752K)] 819822K->9838K(952832K), 0,0010614 secs] [Times: user=0,00 sys=0,00, real=0,00 secs] 
29,844: [GC (Allocation Failure) [PSYoungGen: 841792K->64K(804864K)] 851566K->9838K(914944K), 0,0010822 secs] [Times: user=0,00 sys=0,00, real=0,00 secs] 
30,359: [GC (Allocation Failure) [PSYoungGen: 804416K->64K(837120K)] 814190K->9838K(947200K), 0,0010311 secs] [Times: user=0,01 sys=0,00, real=0,01 secs] 
30,952: [GC (Allocation Failure) [PSYoungGen: 836160K->96K(872448K)] 845934K->9870K(982528K), 0,0017399 secs] [Times: user=0,00 sys=0,00, real=0,00 secs] 
31,578: [GC (Allocation Failure) [PSYoungGen: 872032K->64K(908800K)] 881806K->9838K(1018880K), 0,0010875 secs] [Times: user=0,00 sys=0,00, real=0,00 secs] 
32,243: [GC (Allocation Failure) [PSYoungGen: 907840K->64K(867840K)] 917614K->9838K(977920K), 0,0010651 secs] [Times: user=0,00 sys=0,00, real=0,00 secs] 
32,808: [GC (Allocation Failure) [PSYoungGen: 867392K->64K(829952K)] 877166K->9838K(940032K), 0,0010195 secs] [Times: user=0,00 sys=0,00, real=0,00 secs] 
33,403: [GC (Allocation Failure) [PSYoungGen: 828992K->64K(863232K)] 838766K->9838K(973312K), 0,0018147 secs] [Times: user=0,00 sys=0,00, real=0,00 secs] 
34,018: [GC (Allocation Failure) [PSYoungGen: 862784K->64K(898048K)] 872558K->9838K(1008128K), 0,0011434 secs] [Times: user=0,00 sys=0,00, real=0,00 secs] 
34,625: [GC (Allocation Failure) [PSYoungGen: 897088K->64K(931328K)] 906862K->9838K(1041408K), 0,0010035 secs] [Times: user=0,00 sys=0,00, real=0,00 secs] 
35,248: [GC (Allocation Failure) [PSYoungGen: 930880K->64K(889856K)] 940654K->9838K(999936K), 0,0010244 secs] [Times: user=0,00 sys=0,00, real=0,01 secs] 
35,840: [GC (Allocation Failure) [PSYoungGen: 889408K->64K(850432K)] 899182K->9838K(960512K), 0,0010139 secs] [Times: user=0,00 sys=0,00, real=0,00 secs] 
36,401: [GC (Allocation Failure) [PSYoungGen: 849984K->64K(813056K)] 859758K->9838K(923136K), 0,0010247 secs] [Times: user=0,01 sys=0,00, real=0,00 secs] 
36,937: [GC (Allocation Failure) [PSYoungGen: 812608K->64K(777216K)] 822382K->9838K(887296K), 0,0010317 secs] [Times: user=0,01 sys=0,00, real=0,00 secs] 
37,445: [GC (Allocation Failure) [PSYoungGen: 776768K->96K(806912K)] 786542K->9870K(916992K), 0,0012273 secs] [Times: user=0,00 sys=0,00, real=0,00 secs] 
37,967: [GC (Allocation Failure) [PSYoungGen: 806496K->64K(837632K)] 816270K->9838K(947712K), 0,0010825 secs] [Times: user=0,00 sys=0,00, real=0,00 secs] 
38,530: [GC (Allocation Failure) [PSYoungGen: 837184K->96K(871936K)] 846958K->9870K(982016K), 0,0015295 secs] [Times: user=0,00 sys=0,00, real=0,00 secs] 
39,111: [GC (Allocation Failure) [PSYoungGen: 871520K->64K(914944K)] 881294K->9854K(1025024K), 0,0025761 secs] [Times: user=0,00 sys=0,00, real=0,00 secs] 
39,707: [GC (Allocation Failure) [PSYoungGen: 914496K->64K(956928K)] 924286K->9854K(1067008K), 0,0010460 secs] [Times: user=0,00 sys=0,00, real=0,00 secs] 
40,332: [GC (Allocation Failure) [PSYoungGen: 956480K->64K(997376K)] 966270K->9854K(1107456K), 0,0009897 secs] [Times: user=0,01 sys=0,00, real=0,00 secs] 
40,989: [GC (Allocation Failure) [PSYoungGen: 996928K->64K(1036800K)] 1006718K->9854K(1146880K), 0,0010252 secs] [Times: user=0,01 sys=0,00, real=0,01 secs] 
41,674: [GC (Allocation Failure) [PSYoungGen: 1036352K->64K(1075712K)] 1046142K->9854K(1185792K), 0,0010334 secs] [Times: user=0,01 sys=0,00, real=0,00 secs] 
42,381: [GC (Allocation Failure) [PSYoungGen: 1075264K->64K(1027072K)] 1085054K->9854K(1137152K), 0,0010405 secs] [Times: user=0,00 sys=0,00, real=0,00 secs] 
43,056: [GC (Allocation Failure) [PSYoungGen: 1026624K->64K(980480K)] 1036414K->9854K(1090560K), 0,0010219 secs] [Times: user=0,00 sys=0,00, real=0,00 secs] 
43,703: [GC (Allocation Failure) [PSYoungGen: 980032K->64K(936448K)] 989822K->9854K(1046528K), 0,0010414 secs] [Times: user=0,00 sys=0,00, real=0,00 secs] 
44,308: [GC (Allocation Failure) [PSYoungGen: 936000K->64K(894464K)] 945790K->9854K(1004544K), 0,0010461 secs] [Times: user=0,00 sys=0,00, real=0,00 secs] 
44,885: [GC (Allocation Failure) [PSYoungGen: 894016K->64K(854528K)] 903806K->9854K(964608K), 0,0010725 secs] [Times: user=0,01 sys=0,00, real=0,00 secs] 
45,448: [GC (Allocation Failure) [PSYoungGen: 854080K->128K(816640K)] 863870K->9918K(926720K), 0,0010349 secs] [Times: user=0,00 sys=0,00, real=0,01 secs] 
46,012: [GC (Allocation Failure) [PSYoungGen: 816256K->64K(780800K)] 826046K->9854K(890880K), 0,0010182 secs] [Times: user=0,01 sys=0,00, real=0,00 secs] 
46,520: [GC (Allocation Failure) [PSYoungGen: 780352K->64K(746496K)] 790142K->9854K(856576K), 0,0010123 secs] [Times: user=0,00 sys=0,00, real=0,00 secs] 
47,022: [GC (Allocation Failure) [PSYoungGen: 746048K->64K(714240K)] 755838K->9854K(824320K), 0,0009995 secs] [Times: user=0,00 sys=0,00, real=0,00 secs] 
47,495: [GC (Allocation Failure) [PSYoungGen: 713792K->64K(683520K)] 723582K->9854K(793600K), 0,0010226 secs] [Times: user=0,00 sys=0,00, real=0,00 secs] 
47,946: [GC (Allocation Failure) [PSYoungGen: 683072K->64K(654336K)] 692862K->9854K(764416K), 0,0010869 secs] [Times: user=0,00 sys=0,00, real=0,00 secs] 
48,375: [GC (Allocation Failure) [PSYoungGen: 653888K->96K(626176K)] 663678K->9886K(736256K), 0,0011795 secs] [Times: user=0,00 sys=0,00, real=0,00 secs] 
48,781: [GC (Allocation Failure) [PSYoungGen: 625760K->64K(599552K)] 635550K->9870K(709632K), 0,0010407 secs] [Times: user=0,00 sys=0,00, real=0,00 secs] 
49,164: [GC (Allocation Failure) [PSYoungGen: 599104K->64K(574464K)] 608910K->9870K(684544K), 0,0011236 secs] [Times: user=0,00 sys=0,00, real=0,00 secs] 
49,531: [GC (Allocation Failure) [PSYoungGen: 574016K->64K(550400K)] 583822K->9870K(660480K), 0,0010327 secs] [Times: user=0,00 sys=0,00, real=0,00 secs] 
49,905: [GC (Allocation Failure) [PSYoungGen: 549952K->64K(527360K)] 559758K->9870K(637440K), 0,0010684 secs] [Times: user=0,00 sys=0,00, real=0,00 secs] 
50,249: [GC (Allocation Failure) [PSYoungGen: 526912K->64K(505856K)] 536718K->9870K(615936K), 0,0010120 secs] [Times: user=0,00 sys=0,00, real=0,01 secs] 
50,577: [GC (Allocation Failure) [PSYoungGen: 505408K->96K(485376K)] 515214K->9902K(595456K), 0,0010321 secs] [Times: user=0,00 sys=0,00, real=0,00 secs] 
50,888: [GC (Allocation Failure) [PSYoungGen: 484960K->64K(465920K)] 494766K->9870K(576000K), 0,0010164 secs] [Times: user=0,00 sys=0,00, real=0,01 secs] 
51,196: [GC (Allocation Failure) [PSYoungGen: 465472K->64K(446976K)] 475278K->9870K(557056K), 0,0010269 secs] [Times: user=0,01 sys=0,00, real=0,00 secs] 
51,489: [GC (Allocation Failure) [PSYoungGen: 446528K->64K(471040K)] 456334K->9870K(581120K), 0,0010183 secs] [Times: user=0,01 sys=0,01, real=0,01 secs] 
51,795: [GC (Allocation Failure) [PSYoungGen: 470592K->64K(496640K)] 480398K->9870K(606720K), 0,0010407 secs] [Times: user=0,00 sys=0,00, real=0,00 secs] 
52,131: [GC (Allocation Failure) [PSYoungGen: 496192K->64K(476160K)] 505998K->9870K(586240K), 0,0010287 secs] [Times: user=0,01 sys=0,00, real=0,00 secs] 
52,450: [GC (Allocation Failure) [PSYoungGen: 475712K->64K(456704K)] 485518K->9870K(566784K), 0,0010073 secs] [Times: user=0,00 sys=0,00, real=0,00 secs] 
52,759: [GC (Allocation Failure) [PSYoungGen: 456256K->96K(438272K)] 466062K->9902K(548352K), 0,0010449 secs] [Times: user=0,00 sys=0,00, real=0,01 secs] 
53,053: [GC (Allocation Failure) [PSYoungGen: 437856K->64K(420864K)] 447662K->9870K(530944K), 0,0010627 secs] [Times: user=0,00 sys=0,00, real=0,00 secs] 
53,331: [GC (Allocation Failure) [PSYoungGen: 420416K->128K(446976K)] 430222K->9934K(557056K), 0,0014855 secs] [Times: user=0,01 sys=0,00, real=0,00 secs] 
53,634: [GC (Allocation Failure) [PSYoungGen: 446592K->96K(474624K)] 456398K->9902K(584704K), 0,0010881 secs] [Times: user=0,01 sys=0,00, real=0,00 secs] 
53,954: [GC (Allocation Failure) [PSYoungGen: 474208K->64K(502784K)] 484014K->9870K(612864K), 0,0010181 secs] [Times: user=0,00 sys=0,00, real=0,00 secs] 
54,283: [GC (Allocation Failure) [PSYoungGen: 502336K->64K(482304K)] 512142K->9870K(592384K), 0,0010356 secs] [Times: user=0,00 sys=0,00, real=0,00 secs] 
54,597: [GC (Allocation Failure) [PSYoungGen: 481856K->64K(462848K)] 491662K->9870K(572928K), 0,0010148 secs] [Times: user=0,00 sys=0,00, real=0,00 secs] 
54,892: [GC (Allocation Failure) [PSYoungGen: 462400K->64K(444416K)] 472206K->9870K(554496K), 0,0010265 secs] [Times: user=0,00 sys=0,00, real=0,00 secs] 
55,176: [GC (Allocation Failure) [PSYoungGen: 443968K->64K(426496K)] 453774K->9886K(536576K), 0,0010266 secs] [Times: user=0,01 sys=0,00, real=0,00 secs] 
55,449: [GC (Allocation Failure) [PSYoungGen: 426048K->64K(409600K)] 435870K->9886K(519680K), 0,0010261 secs] [Times: user=0,00 sys=0,00, real=0,01 secs] 
55,712: [GC (Allocation Failure) [PSYoungGen: 409152K->64K(393728K)] 418974K->9886K(503808K), 0,0010676 secs] [Times: user=0,00 sys=0,00, real=0,00 secs] 
55,972: [GC (Allocation Failure) [PSYoungGen: 393280K->64K(418304K)] 403102K->9886K(528384K), 0,0010928 secs] [Times: user=0,00 sys=0,00, real=0,00 secs] 
56,244: [GC (Allocation Failure) [PSYoungGen: 417856K->64K(444928K)] 427678K->9886K(555008K), 0,0011109 secs] [Times: user=0,01 sys=0,00, real=0,00 secs] 
56,538: [GC (Allocation Failure) [PSYoungGen: 444480K->64K(472576K)] 454302K->9886K(582656K), 0,0010512 secs] [Times: user=0,01 sys=0,00, real=0,00 secs] 
56,852: [GC (Allocation Failure) [PSYoungGen: 472128K->64K(453632K)] 481950K->9886K(563712K), 0,0010467 secs] [Times: user=0,01 sys=0,00, real=0,00 secs] 
57,142: [GC (Allocation Failure) [PSYoungGen: 453184K->64K(435712K)] 463006K->9886K(545792K), 0,0010362 secs] [Times: user=0,00 sys=0,00, real=0,00 secs] 
57,420: [GC (Allocation Failure) [PSYoungGen: 435264K->64K(418304K)] 445086K->9886K(528384K), 0,0010227 secs] [Times: user=0,00 sys=0,00, real=0,00 secs] 
57,702: [GC (Allocation Failure) [PSYoungGen: 417856K->64K(401920K)] 427678K->9886K(512000K), 0,0010488 secs] [Times: user=0,00 sys=0,00, real=0,00 secs] 
57,960: [GC (Allocation Failure) [PSYoungGen: 401472K->64K(386048K)] 411294K->9886K(496128K), 0,0010394 secs] [Times: user=0,01 sys=0,00, real=0,00 secs] 
58,208: [GC (Allocation Failure) [PSYoungGen: 385600K->64K(371200K)] 395422K->9886K(481280K), 0,0010764 secs] [Times: user=0,01 sys=0,00, real=0,01 secs] 
58,445: [GC (Allocation Failure) [PSYoungGen: 370752K->64K(395264K)] 380574K->9894K(505344K), 0,0010684 secs] [Times: user=0,00 sys=0,00, real=0,00 secs] 
58,697: [GC (Allocation Failure) [PSYoungGen: 394816K->64K(421376K)] 404646K->9894K(531456K), 0,0010881 secs] [Times: user=0,00 sys=0,00, real=0,00 secs] 
58,966: [GC (Allocation Failure) [PSYoungGen: 420928K->64K(404992K)] 430758K->9894K(515072K), 0,0010274 secs] [Times: user=0,00 sys=0,00, real=0,00 secs] 
59,224: [GC (Allocation Failure) [PSYoungGen: 404544K->64K(389120K)] 414374K->9894K(499200K), 0,0010964 secs] [Times: user=0,00 sys=0,00, real=0,00 secs] 
59,472: [GC (Allocation Failure) [PSYoungGen: 388672K->64K(374272K)] 398502K->9894K(484352K), 0,0010657 secs] [Times: user=0,00 sys=0,00, real=0,00 secs] 
59,714: [GC (Allocation Failure) [PSYoungGen: 373824K->64K(398848K)] 383654K->9894K(508928K), 0,0010424 secs] [Times: user=0,00 sys=0,00, real=0,00 secs] 
59,968: [GC (Allocation Failure) [PSYoungGen: 398400K->64K(383488K)] 408230K->9894K(493568K), 0,0010681 secs] [Times: user=0,01 sys=0,00, real=0,01 secs] 
60,213: [GC (Allocation Failure) [PSYoungGen: 383040K->64K(368640K)] 392870K->9894K(478720K), 0,0010566 secs] [Times: user=0,00 sys=0,00, real=0,00 secs] 
60,451: [GC (Allocation Failure) [PSYoungGen: 368192K->160K(354304K)] 378022K->9990K(464384K), 0,0010398 secs] [Times: user=0,00 sys=0,00, real=0,00 secs] 
60,679: [GC (Allocation Failure) [PSYoungGen: 353952K->128K(378368K)] 363782K->9958K(488448K), 0,0010222 secs] [Times: user=0,00 sys=0,00, real=0,01 secs] 
60,922: [GC (Allocation Failure) [PSYoungGen: 377984K->128K(403968K)] 387814K->9958K(514048K), 0,0010524 secs] [Times: user=0,01 sys=0,00, real=0,00 secs] 
61,180: [GC (Allocation Failure) [PSYoungGen: 403584K->96K(431616K)] 413414K->9926K(541696K), 0,0011789 secs] [Times: user=0,00 sys=0,00, real=0,00 secs] 
61,455: [GC (Allocation Failure) [PSYoungGen: 431200K->128K(414720K)] 441030K->9958K(524800K), 0,0010450 secs] [Times: user=0,00 sys=0,00, real=0,00 secs] 
61,720: [GC (Allocation Failure) [PSYoungGen: 414336K->96K(398336K)] 424166K->9926K(508416K), 0,0010517 secs] [Times: user=0,01 sys=0,00, real=0,00 secs] 
61,974: [GC (Allocation Failure) [PSYoungGen: 397920K->96K(382976K)] 407750K->9926K(493056K), 0,0010846 secs] [Times: user=0,00 sys=0,00, real=0,00 secs] 
62,220: [GC (Allocation Failure) [PSYoungGen: 382560K->128K(368128K)] 392390K->9958K(478208K), 0,0010318 secs] [Times: user=0,00 sys=0,00, real=0,00 secs] 
62,553: [GC (Allocation Failure) [PSYoungGen: 367744K->128K(354304K)] 377574K->9958K(464384K), 0,0024141 secs] [Times: user=0,00 sys=0,00, real=0,00 secs] 
62,828: [GC (Allocation Failure) [PSYoungGen: 353920K->64K(383488K)] 363750K->9894K(493568K), 0,0027798 secs] [Times: user=0,01 sys=0,00, real=0,01 secs] 
63,090: [GC (Allocation Failure) [PSYoungGen: 383040K->128K(415232K)] 392870K->9958K(525312K), 0,0016679 secs] [Times: user=0,00 sys=0,00, real=0,00 secs] 
63,361: [GC (Allocation Failure) [PSYoungGen: 414848K->128K(448000K)] 424678K->9958K(558080K), 0,0011006 secs] [Times: user=0,00 sys=0,01, real=0,00 secs] 
63,662: [GC (Allocation Failure) [PSYoungGen: 447616K->128K(480768K)] 457446K->9958K(590848K), 0,0010027 secs] [Times: user=0,00 sys=0,00, real=0,00 secs] 
63,974: [GC (Allocation Failure) [PSYoungGen: 480384K->96K(461312K)] 490214K->9926K(571392K), 0,0010431 secs] [Times: user=0,00 sys=0,00, real=0,00 secs] 
64,268: [GC (Allocation Failure) [PSYoungGen: 460896K->128K(442880K)] 470726K->9958K(552960K), 0,0010321 secs] [Times: user=0,00 sys=0,00, real=0,00 secs] 
64,560: [GC (Allocation Failure) [PSYoungGen: 442496K->96K(425472K)] 452326K->9958K(535552K), 0,0010601 secs] [Times: user=0,00 sys=0,00, real=0,00 secs] 
64,837: [GC (Allocation Failure) [PSYoungGen: 425056K->64K(408576K)] 434918K->9926K(518656K), 0,0009913 secs] [Times: user=0,01 sys=0,00, real=0,00 secs] 
65,163: [GC (Allocation Failure) [PSYoungGen: 408128K->64K(392704K)] 417990K->9926K(502784K), 0,0012254 secs] [Times: user=0,00 sys=0,00, real=0,00 secs] 
65,433: [GC (Allocation Failure) [PSYoungGen: 392256K->64K(377344K)] 402118K->9926K(487424K), 0,0010142 secs] [Times: user=0,01 sys=0,00, real=0,00 secs] 
65,679: [GC (Allocation Failure) [PSYoungGen: 376896K->64K(363008K)] 386758K->9926K(473088K), 0,0010266 secs] [Times: user=0,00 sys=0,00, real=0,00 secs] 
65,920: [GC (Allocation Failure) [PSYoungGen: 362560K->64K(349184K)] 372422K->9926K(459264K), 0,0010653 secs] [Times: user=0,00 sys=0,00, real=0,00 secs] 
66,150: [GC (Allocation Failure) [PSYoungGen: 348736K->64K(335872K)] 358598K->9926K(445952K), 0,0010024 secs] [Times: user=0,00 sys=0,00, real=0,00 secs] 
66,372: [GC (Allocation Failure) [PSYoungGen: 335424K->64K(323072K)] 345286K->9926K(433152K), 0,0010551 secs] [Times: user=0,00 sys=0,00, real=0,00 secs] 
66,581: [GC (Allocation Failure) [PSYoungGen: 322624K->64K(311296K)] 332486K->9926K(421376K), 0,0010656 secs] [Times: user=0,00 sys=0,00, real=0,00 secs] 
66,780: [GC (Allocation Failure) [PSYoungGen: 310848K->64K(300032K)] 320710K->9926K(410112K), 0,0010476 secs] [Times: user=0,00 sys=0,00, real=0,00 secs] 
66,979: [GC (Allocation Failure) [PSYoungGen: 299584K->64K(289280K)] 309446K->9926K(399360K), 0,0010396 secs] [Times: user=0,00 sys=0,00, real=0,01 secs] 
67,166: [GC (Allocation Failure) [PSYoungGen: 288832K->64K(310784K)] 298694K->9926K(420864K), 0,0010806 secs] [Times: user=0,00 sys=0,00, real=0,00 secs] 
67,373: [GC (Allocation Failure) [PSYoungGen: 310336K->64K(334336K)] 320198K->9926K(444416K), 0,0010582 secs] [Times: user=0,01 sys=0,00, real=0,00 secs] 
67,590: [GC (Allocation Failure) [PSYoungGen: 333888K->64K(359424K)] 343750K->9926K(469504K), 0,0010539 secs] [Times: user=0,00 sys=0,00, real=0,00 secs] 
67,820: [GC (Allocation Failure) [PSYoungGen: 358976K->64K(345600K)] 368838K->9926K(455680K), 0,0010087 secs] [Times: user=0,00 sys=0,00, real=0,00 secs] 
68,042: [GC (Allocation Failure) [PSYoungGen: 345152K->64K(332800K)] 355014K->9926K(442880K), 0,0010171 secs] [Times: user=0,01 sys=0,00, real=0,00 secs] 
68,255: [GC (Allocation Failure) [PSYoungGen: 332352K->64K(320512K)] 342214K->9926K(430592K), 0,0010117 secs] [Times: user=0,00 sys=0,00, real=0,00 secs] 
68,461: [GC (Allocation Failure) [PSYoungGen: 320064K->96K(308736K)] 329926K->9958K(418816K), 0,0011051 secs] [Times: user=0,00 sys=0,00, real=0,00 secs] 
68,659: [GC (Allocation Failure) [PSYoungGen: 308320K->64K(297472K)] 318182K->9926K(407552K), 0,0010458 secs] [Times: user=0,00 sys=0,00, real=0,01 secs] 
68,849: [GC (Allocation Failure) [PSYoungGen: 297024K->64K(320000K)] 306886K->9926K(430080K), 0,0010743 secs] [Times: user=0,00 sys=0,00, real=0,01 secs] 
69,061: [GC (Allocation Failure) [PSYoungGen: 319552K->64K(344576K)] 329414K->9926K(454656K), 0,0011583 secs] [Times: user=0,00 sys=0,00, real=0,00 secs] 
69,284: [GC (Allocation Failure) [PSYoungGen: 344128K->64K(370688K)] 353990K->9926K(480768K), 0,0010641 secs] [Times: user=0,00 sys=0,00, real=0,00 secs] 
69,527: [GC (Allocation Failure) [PSYoungGen: 370240K->64K(356352K)] 380102K->9926K(466432K), 0,0011004 secs] [Times: user=0,01 sys=0,00, real=0,00 secs] 
69,754: [GC (Allocation Failure) [PSYoungGen: 355903K->64K(343040K)] 365766K->9926K(453120K), 0,0010204 secs] [Times: user=0,01 sys=0,00, real=0,00 secs] 
69,980: [GC (Allocation Failure) [PSYoungGen: 342592K->64K(330240K)] 352454K->9926K(440320K), 0,0010001 secs] [Times: user=0,00 sys=0,00, real=0,00 secs] 
70,192: [GC (Allocation Failure) [PSYoungGen: 329792K->64K(317952K)] 339654K->9926K(428032K), 0,0010657 secs] [Times: user=0,00 sys=0,00, real=0,00 secs] 
70,396: [GC (Allocation Failure) [PSYoungGen: 317504K->64K(306176K)] 327366K->9926K(416256K), 0,0010609 secs] [Times: user=0,00 sys=0,00, real=0,00 secs] 
70,602: [GC (Allocation Failure) [PSYoungGen: 305728K->96K(331264K)] 315590K->9958K(441344K), 0,0017626 secs] [Times: user=0,00 sys=0,00, real=0,00 secs] 
70,821: [GC (Allocation Failure) [PSYoungGen: 330848K->64K(357888K)] 340710K->9926K(467968K), 0,0010308 secs] [Times: user=0,00 sys=0,00, real=0,00 secs] 
71,062: [GC (Allocation Failure) [PSYoungGen: 357440K->64K(344064K)] 367302K->9926K(454144K), 0,0009959 secs] [Times: user=0,00 sys=0,00, real=0,00 secs] 
71,293: [GC (Allocation Failure) [PSYoungGen: 343616K->128K(331264K)] 353478K->9990K(441344K), 0,0010016 secs] [Times: user=0,00 sys=0,00, real=0,00 secs] 
71,516: [GC (Allocation Failure) [PSYoungGen: 330880K->64K(318976K)] 340742K->9926K(429056K), 0,0009972 secs] [Times: user=0,00 sys=0,00, real=0,00 secs] 
71,729: [GC (Allocation Failure) [PSYoungGen: 318528K->64K(307200K)] 328390K->9926K(417280K), 0,0009985 secs] [Times: user=0,00 sys=0,00, real=0,00 secs] 
71,934: [GC (Allocation Failure) [PSYoungGen: 306752K->64K(295936K)] 316614K->9926K(406016K), 0,0011036 secs] [Times: user=0,00 sys=0,00, real=0,00 secs] 
72,138: [GC (Allocation Failure) [PSYoungGen: 295488K->96K(285184K)] 305350K->9958K(395264K), 0,0009962 secs] [Times: user=0,00 sys=0,00, real=0,00 secs] 
72,324: [GC (Allocation Failure) [PSYoungGen: 284768K->128K(274944K)] 294630K->9990K(385024K), 0,0010465 secs] [Times: user=0,01 sys=0,00, real=0,00 secs] 
72,504: [GC (Allocation Failure) [PSYoungGen: 274560K->64K(265216K)] 284422K->9926K(375296K), 0,0010501 secs] [Times: user=0,01 sys=0,00, real=0,00 secs] 
72,674: [GC (Allocation Failure) [PSYoungGen: 264768K->96K(286208K)] 274630K->9958K(396288K), 0,0010339 secs] [Times: user=0,01 sys=0,00, real=0,00 secs] 
72,857: [GC (Allocation Failure) [PSYoungGen: 285791K->64K(308736K)] 295654K->9926K(418816K), 0,0010112 secs] [Times: user=0,00 sys=0,00, real=0,00 secs] 
73,057: [GC (Allocation Failure) [PSYoungGen: 308288K->64K(297472K)] 318150K->9926K(407552K), 0,0010180 secs] [Times: user=0,00 sys=0,00, real=0,00 secs] 
73,251: [GC (Allocation Failure) [PSYoungGen: 297024K->96K(321024K)] 306886K->9958K(431104K), 0,0011140 secs] [Times: user=0,00 sys=0,00, real=0,00 secs] 
73,460: [GC (Allocation Failure) [PSYoungGen: 320608K->96K(309248K)] 330470K->9990K(419328K), 0,0010371 secs] [Times: user=0,00 sys=0,00, real=0,00 secs] 
73,666: [GC (Allocation Failure) [PSYoungGen: 308832K->64K(297984K)] 318726K->9958K(408064K), 0,0010651 secs] [Times: user=0,00 sys=0,00, real=0,00 secs] 
73,865: [GC (Allocation Failure) [PSYoungGen: 297536K->64K(287232K)] 307430K->9958K(397312K), 0,0009962 secs] [Times: user=0,00 sys=0,00, real=0,00 secs] 
74,051: [GC (Allocation Failure) [PSYoungGen: 286784K->64K(276992K)] 296678K->9958K(387072K), 0,0010013 secs] [Times: user=0,00 sys=0,00, real=0,00 secs] 
74,229: [GC (Allocation Failure) [PSYoungGen: 276544K->64K(267264K)] 286438K->9958K(377344K), 0,0009988 secs] [Times: user=0,00 sys=0,00, real=0,01 secs] 
74,401: [GC (Allocation Failure) [PSYoungGen: 266816K->64K(288768K)] 276710K->9958K(398848K), 0,0010469 secs] [Times: user=0,00 sys=0,00, real=0,00 secs] 
74,586: [GC (Allocation Failure) [PSYoungGen: 288320K->96K(311808K)] 298214K->9990K(421888K), 0,0010662 secs] [Times: user=0,00 sys=0,00, real=0,00 secs] 
74,786: [GC (Allocation Failure) [PSYoungGen: 311392K->64K(300544K)] 321286K->9958K(410624K), 0,0010315 secs] [Times: user=0,00 sys=0,00, real=0,00 secs] 
74,982: [GC (Allocation Failure) [PSYoungGen: 300096K->64K(289792K)] 309990K->9958K(399872K), 0,0010158 secs] [Times: user=0,00 sys=0,00, real=0,00 secs] 
75,176: [GC (Allocation Failure) [PSYoungGen: 289344K->64K(312832K)] 299238K->9958K(422912K), 0,0018841 secs] [Times: user=0,00 sys=0,00, real=0,00 secs] 
75,377: [GC (Allocation Failure) [PSYoungGen: 312384K->64K(301568K)] 322278K->9958K(411648K), 0,0010568 secs] [Times: user=0,01 sys=0,00, real=0,00 secs] 
75,570: [GC (Allocation Failure) [PSYoungGen: 301120K->64K(290816K)] 311014K->9958K(400896K), 0,0010591 secs] [Times: user=0,00 sys=0,00, real=0,00 secs] 
75,758: [GC (Allocation Failure) [PSYoungGen: 290368K->64K(280576K)] 300262K->9958K(390656K), 0,0010165 secs] [Times: user=0,00 sys=0,00, real=0,00 secs] 
75,942: [GC (Allocation Failure) [PSYoungGen: 280128K->64K(270848K)] 290022K->9958K(380928K), 0,0010617 secs] [Times: user=0,01 sys=0,00, real=0,00 secs] 
76,120: [GC (Allocation Failure) [PSYoungGen: 270400K->64K(261120K)] 280294K->9958K(371200K), 0,0010420 secs] [Times: user=0,00 sys=0,00, real=0,00 secs] 
76,292: [GC (Allocation Failure) [PSYoungGen: 260672K->64K(284160K)] 270566K->9958K(394240K), 0,0017413 secs] [Times: user=0,01 sys=0,00, real=0,00 secs] 
76,475: [GC (Allocation Failure) [PSYoungGen: 283712K->96K(308736K)] 293606K->9990K(418816K), 0,0010585 secs] [Times: user=0,00 sys=0,00, real=0,00 secs] 
76,672: [GC (Allocation Failure) [PSYoungGen: 308320K->64K(334848K)] 318214K->9958K(444928K), 0,0010395 secs] [Times: user=0,00 sys=0,00, real=0,00 secs] 
76,890: [GC (Allocation Failure) [PSYoungGen: 334400K->64K(361984K)] 344294K->9958K(472064K), 0,0010066 secs] [Times: user=0,00 sys=0,00, real=0,00 secs] 
77,123: [GC (Allocation Failure) [PSYoungGen: 361536K->64K(348160K)] 371430K->9958K(458240K), 0,0010568 secs] [Times: user=0,00 sys=0,00, real=0,00 secs] 
77,347: [GC (Allocation Failure) [PSYoungGen: 347712K->64K(334848K)] 357606K->9958K(444928K), 0,0010083 secs] [Times: user=0,00 sys=0,00, real=0,00 secs] 
77,561: [GC (Allocation Failure) [PSYoungGen: 334400K->64K(322560K)] 344294K->9958K(432640K), 0,0010669 secs] [Times: user=0,00 sys=0,00, real=0,00 secs] 
77,768: [GC (Allocation Failure) [PSYoungGen: 322112K->64K(310784K)] 332006K->9958K(420864K), 0,0010657 secs] [Times: user=0,00 sys=0,00, real=0,00 secs] 
77,967: [GC (Allocation Failure) [PSYoungGen: 310336K->64K(299520K)] 320230K->9958K(409600K), 0,0011109 secs] [Times: user=0,00 sys=0,00, real=0,00 secs] 
78,158: [GC (Allocation Failure) [PSYoungGen: 299072K->64K(288768K)] 308966K->9958K(398848K), 0,0010706 secs] [Times: user=0,01 sys=0,00, real=0,01 secs] 
78,343: [GC (Allocation Failure) [PSYoungGen: 288320K->64K(278528K)] 298214K->9958K(388608K), 0,0010637 secs] [Times: user=0,00 sys=0,00, real=0,00 secs] 
78,522: [GC (Allocation Failure) [PSYoungGen: 278080K->64K(268800K)] 287974K->9958K(378880K), 0,0010613 secs] [Times: user=0,00 sys=0,00, real=0,00 secs] 
78,694: [GC (Allocation Failure) [PSYoungGen: 268352K->32K(290816K)] 278246K->9926K(400896K), 0,0011861 secs] [Times: user=0,01 sys=0,00, real=0,00 secs] 
78,889: [GC (Allocation Failure) [PSYoungGen: 290336K->64K(280576K)] 300230K->9958K(390656K), 0,0010468 secs] [Times: user=0,00 sys=0,00, real=0,01 secs] 
79,069: [GC (Allocation Failure) [PSYoungGen: 280128K->64K(270848K)] 290022K->9958K(380928K), 0,0010253 secs] [Times: user=0,00 sys=0,00, real=0,00 secs] 
79,247: [GC (Allocation Failure) [PSYoungGen: 270400K->64K(293376K)] 280294K->9958K(403456K), 0,0011239 secs] [Times: user=0,00 sys=0,00, real=0,00 secs] 
79,441: [GC (Allocation Failure) [PSYoungGen: 292928K->64K(282624K)] 302822K->9958K(392704K), 0,0009931 secs] [Times: user=0,00 sys=0,00, real=0,00 secs] 
79,630: [GC (Allocation Failure) [PSYoungGen: 282176K->64K(272384K)] 292070K->9958K(382464K), 0,0010045 secs] [Times: user=0,00 sys=0,00, real=0,00 secs] 
79,814: [GC (Allocation Failure) [PSYoungGen: 271936K->64K(262656K)] 281830K->9958K(372736K), 0,0010850 secs] [Times: user=0,00 sys=0,00, real=0,00 secs] 
79,986: [GC (Allocation Failure) [PSYoungGen: 262208K->64K(253440K)] 272102K->9958K(363520K), 0,0009946 secs] [Times: user=0,00 sys=0,00, real=0,00 secs] 
80,149: [GC (Allocation Failure) [PSYoungGen: 252992K->64K(274432K)] 262886K->9958K(384512K), 0,0010685 secs] [Times: user=0,00 sys=0,00, real=0,00 secs] 
80,330: [GC (Allocation Failure) [PSYoungGen: 273984K->96K(264704K)] 283878K->9990K(374784K), 0,0010395 secs] [Times: user=0,00 sys=0,00, real=0,00 secs] 
80,502: [GC (Allocation Failure) [PSYoungGen: 264288K->64K(255488K)] 274182K->9958K(365568K), 0,0010168 secs] [Times: user=0,00 sys=0,00, real=0,00 secs] 
80,665: [GC (Allocation Failure) [PSYoungGen: 255040K->128K(276992K)] 264934K->10022K(387072K), 0,0010963 secs] [Times: user=0,00 sys=0,00, real=0,00 secs] 
80,853: [GC (Allocation Failure) [PSYoungGen: 276608K->96K(300544K)] 286502K->9990K(410624K), 0,0012503 secs] [Times: user=0,01 sys=0,00, real=0,00 secs] 
81,051: [GC (Allocation Failure) [PSYoungGen: 300128K->64K(325632K)] 310022K->9958K(435712K), 0,0010827 secs] [Times: user=0,00 sys=0,00, real=0,00 secs] 
81,266: [GC (Allocation Failure) [PSYoungGen: 325184K->64K(313344K)] 335078K->9958K(423424K), 0,0010062 secs] [Times: user=0,01 sys=0,00, real=0,00 secs] 
81,475: [GC (Allocation Failure) [PSYoungGen: 312896K->64K(302080K)] 322790K->9958K(412160K), 0,0010229 secs] [Times: user=0,01 sys=0,00, real=0,00 secs] 
81,669: [GC (Allocation Failure) [PSYoungGen: 301632K->64K(291328K)] 311526K->9958K(401408K), 0,0010349 secs] [Times: user=0,00 sys=0,00, real=0,01 secs] 
81,861: [GC (Allocation Failure) [PSYoungGen: 290880K->64K(281088K)] 300774K->9958K(391168K), 0,0010329 secs] [Times: user=0,00 sys=0,00, real=0,00 secs] 
82,042: [GC (Allocation Failure) [PSYoungGen: 280640K->96K(271360K)] 290534K->9990K(381440K), 0,0010269 secs] [Times: user=0,00 sys=0,00, real=0,00 secs] 
82,219: [GC (Allocation Failure) [PSYoungGen: 270944K->128K(261632K)] 280838K->10022K(371712K), 0,0012989 secs] [Times: user=0,00 sys=0,00, real=0,00 secs] 
82,395: [GC (Allocation Failure) [PSYoungGen: 261248K->64K(284672K)] 271142K->9958K(394752K), 0,0014294 secs] [Times: user=0,01 sys=0,00, real=0,00 secs] 
82,580: [GC (Allocation Failure) [PSYoungGen: 284224K->64K(308736K)] 294118K->9958K(418816K), 0,0010442 secs] [Times: user=0,00 sys=0,00, real=0,00 secs] 
82,787: [GC (Allocation Failure) [PSYoungGen: 308288K->64K(297472K)] 318182K->9958K(407552K), 0,0010308 secs] [Times: user=0,01 sys=0,00, real=0,00 secs] 
82,978: [GC (Allocation Failure) [PSYoungGen: 297024K->64K(286720K)] 306918K->9958K(396800K), 0,0010279 secs] [Times: user=0,00 sys=0,00, real=0,01 secs] 
83,162: [GC (Allocation Failure) [PSYoungGen: 286272K->64K(311296K)] 296166K->9982K(421376K), 0,0014099 secs] [Times: user=0,01 sys=0,00, real=0,00 secs] 
83,373: [GC (Allocation Failure) [PSYoungGen: 310848K->64K(300032K)] 320766K->9982K(410112K), 0,0010219 secs] [Times: user=0,00 sys=0,00, real=0,00 secs] 
83,571: [GC (Allocation Failure) [PSYoungGen: 299584K->64K(289280K)] 309502K->9982K(399360K), 0,0010561 secs] [Times: user=0,00 sys=0,00, real=0,00 secs] 
83,771: [GC (Allocation Failure) [PSYoungGen: 288832K->64K(279040K)] 298750K->9982K(389120K), 0,0009848 secs] [Times: user=0,00 sys=0,00, real=0,00 secs] 
83,956: [GC (Allocation Failure) [PSYoungGen: 278592K->64K(269312K)] 288510K->9982K(379392K), 0,0009816 secs] [Times: user=0,00 sys=0,00, real=0,00 secs] 
84,131: [GC (Allocation Failure) [PSYoungGen: 268864K->64K(260096K)] 278782K->9982K(370176K), 0,0010505 secs] [Times: user=0,00 sys=0,00, real=0,00 secs] 
84,305: [GC (Allocation Failure) [PSYoungGen: 259648K->64K(250880K)] 269566K->9982K(360960K), 0,0010447 secs] [Times: user=0,00 sys=0,00, real=0,00 secs] 
84,466: [GC (Allocation Failure) [PSYoungGen: 250432K->64K(242176K)] 260350K->9982K(352256K), 0,0010640 secs] [Times: user=0,00 sys=0,00, real=0,00 secs] 
84,621: [GC (Allocation Failure) [PSYoungGen: 241728K->64K(262656K)] 251646K->9982K(372736K), 0,0010490 secs] [Times: user=0,00 sys=0,00, real=0,00 secs] 
84,790: [GC (Allocation Failure) [PSYoungGen: 262208K->64K(285184K)] 272126K->9982K(395264K), 0,0010916 secs] [Times: user=0,00 sys=0,00, real=0,00 secs] 
84,979: [GC (Allocation Failure) [PSYoungGen: 284736K->64K(274944K)] 294654K->9982K(385024K), 0,0009813 secs] [Times: user=0,00 sys=0,00, real=0,01 secs] 
85,156: [GC (Allocation Failure) [PSYoungGen: 274496K->64K(265216K)] 284414K->9982K(375296K), 0,0010520 secs] [Times: user=0,01 sys=0,00, real=0,00 secs] 
85,328: [GC (Allocation Failure) [PSYoungGen: 264768K->64K(256000K)] 274686K->9982K(366080K), 0,0010493 secs] [Times: user=0,00 sys=0,00, real=0,01 secs] 
85,492: [GC (Allocation Failure) [PSYoungGen: 255552K->64K(247296K)] 265470K->9982K(357376K), 0,0010503 secs] [Times: user=0,01 sys=0,00, real=0,00 secs] 
85,651: [GC (Allocation Failure) [PSYoungGen: 246848K->64K(268288K)] 256766K->9982K(378368K), 0,0010526 secs] [Times: user=0,01 sys=0,00, real=0,00 secs] 
85,824: [GC (Allocation Failure) [PSYoungGen: 267840K->64K(259072K)] 277758K->9982K(369152K), 0,0010435 secs] [Times: user=0,00 sys=0,00, real=0,00 secs] 
86,001: [GC (Allocation Failure) [PSYoungGen: 258624K->64K(249856K)] 268542K->9982K(359936K), 0,0010926 secs] [Times: user=0,01 sys=0,00, real=0,00 secs] 
86,161: [GC (Allocation Failure) [PSYoungGen: 249408K->64K(271360K)] 259326K->9982K(381440K), 0,0010399 secs] [Times: user=0,00 sys=0,00, real=0,00 secs] 
86,340: [GC (Allocation Failure) [PSYoungGen: 270912K->64K(261632K)] 280830K->9982K(371712K), 0,0010168 secs] [Times: user=0,00 sys=0,00, real=0,00 secs] 
86,508: [GC (Allocation Failure) [PSYoungGen: 261184K->64K(252416K)] 271102K->9982K(362496K), 0,0010204 secs] [Times: user=0,01 sys=0,00, real=0,00 secs] 
86,669: [GC (Allocation Failure) [PSYoungGen: 251968K->64K(243712K)] 261886K->9982K(353792K), 0,0010499 secs] [Times: user=0,00 sys=0,00, real=0,00 secs] 
86,826: [GC (Allocation Failure) [PSYoungGen: 243264K->64K(264704K)] 253182K->9982K(374784K), 0,0010977 secs] [Times: user=0,00 sys=0,00, real=0,00 secs] 
86,996: [GC (Allocation Failure) [PSYoungGen: 264256K->64K(287744K)] 274174K->9982K(397824K), 0,0010450 secs] [Times: user=0,00 sys=0,00, real=0,00 secs] 
87,186: [GC (Allocation Failure) [PSYoungGen: 287296K->64K(277504K)] 297214K->9982K(387584K), 0,0009974 secs] [Times: user=0,00 sys=0,00, real=0,00 secs] 
87,364: [GC (Allocation Failure) [PSYoungGen: 277056K->64K(267776K)] 286974K->9982K(377856K), 0,0010817 secs] [Times: user=0,00 sys=0,00, real=0,00 secs] 
87,537: [GC (Allocation Failure) [PSYoungGen: 267328K->64K(290816K)] 277246K->9982K(400896K), 0,0013445 secs] [Times: user=0,00 sys=0,00, real=0,00 secs] 
87,810: [GC (Allocation Failure) [PSYoungGen: 290368K->64K(280576K)] 300286K->9982K(390656K), 0,0016026 secs] [Times: user=0,00 sys=0,00, real=0,00 secs] 
87,995: [GC (Allocation Failure) [PSYoungGen: 280128K->64K(270848K)] 290046K->9982K(380928K), 0,0010588 secs] [Times: user=0,00 sys=0,00, real=0,00 secs] 
88,177: [GC (Allocation Failure) [PSYoungGen: 270400K->64K(261120K)] 280318K->9982K(371200K), 0,0010057 secs] [Times: user=0,00 sys=0,00, real=0,00 secs] 
88,348: [GC (Allocation Failure) [PSYoungGen: 260672K->96K(251904K)] 270590K->10014K(361984K), 0,0010517 secs] [Times: user=0,00 sys=0,00, real=0,01 secs] 
88,510: [GC (Allocation Failure) [PSYoungGen: 251488K->64K(243200K)] 261406K->9982K(353280K), 0,0010466 secs] [Times: user=0,01 sys=0,00, real=0,00 secs] 
88,679: [GC (Allocation Failure) [PSYoungGen: 242752K->64K(268288K)] 252670K->9982K(378368K), 0,0028670 secs] [Times: user=0,00 sys=0,00, real=0,01 secs] 
88,864: [GC (Allocation Failure) [PSYoungGen: 267840K->64K(294400K)] 277758K->9982K(404480K), 0,0009906 secs] [Times: user=0,00 sys=0,00, real=0,00 secs] 
89,052: [GC (Allocation Failure) [PSYoungGen: 293952K->64K(321536K)] 303870K->9982K(431616K), 0,0010208 secs] [Times: user=0,00 sys=0,00, real=0,00 secs] 
89,272: [GC (Allocation Failure) [PSYoungGen: 321087K->64K(350720K)] 331006K->9982K(460800K), 0,0013634 secs] [Times: user=0,00 sys=0,00, real=0,00 secs] 
89,506: [GC (Allocation Failure) [PSYoungGen: 350272K->64K(337408K)] 360190K->9982K(447488K), 0,0010482 secs] [Times: user=0,00 sys=0,00, real=0,00 secs] 
89,723: [GC (Allocation Failure) [PSYoungGen: 336960K->64K(324608K)] 346878K->9982K(434688K), 0,0010259 secs] [Times: user=0,00 sys=0,00, real=0,00 secs] 
89,952: [GC (Allocation Failure) [PSYoungGen: 324160K->64K(312832K)] 334078K->9982K(422912K), 0,0011266 secs] [Times: user=0,00 sys=0,00, real=0,00 secs] 
90,177: [GC (Allocation Failure) [PSYoungGen: 312384K->64K(301568K)] 322302K->9982K(411648K), 0,0011253 secs] [Times: user=0,00 sys=0,00, real=0,00 secs] 
90,389: [GC (Allocation Failure) [PSYoungGen: 301120K->64K(290816K)] 311038K->9982K(400896K), 0,0010282 secs] [Times: user=0,00 sys=0,00, real=0,01 secs] 
90,601: [GC (Allocation Failure) [PSYoungGen: 290368K->96K(280576K)] 300286K->10014K(390656K), 0,0013724 secs] [Times: user=0,01 sys=0,00, real=0,00 secs] 
90,802: [GC (Allocation Failure) [PSYoungGen: 280160K->96K(270848K)] 290078K->10014K(380928K), 0,0011874 secs] [Times: user=0,00 sys=0,00, real=0,00 secs] 
91,008: [GC (Allocation Failure) [PSYoungGen: 270432K->96K(261120K)] 280350K->10014K(371200K), 0,0010914 secs] [Times: user=0,00 sys=0,00, real=0,01 secs] 
91,202: [GC (Allocation Failure) [PSYoungGen: 260704K->64K(251904K)] 270622K->9982K(361984K), 0,0009887 secs] [Times: user=0,00 sys=0,00, real=0,00 secs] 
91,416: [GC (Allocation Failure) [PSYoungGen: 251456K->64K(243200K)] 261374K->9982K(353280K), 0,0016335 secs] [Times: user=0,00 sys=0,00, real=0,00 secs] 
91,594: [GC (Allocation Failure) [PSYoungGen: 242752K->64K(235008K)] 252670K->9982K(345088K), 0,0010146 secs] [Times: user=0,01 sys=0,00, real=0,00 secs] 
91,773: [GC (Allocation Failure) [PSYoungGen: 234560K->96K(227328K)] 244478K->10014K(337408K), 0,0009768 secs] [Times: user=0,01 sys=0,00, real=0,00 secs] 
91,952: [GC (Allocation Failure) [PSYoungGen: 226912K->128K(219648K)] 236830K->10046K(329728K), 0,0012507 secs] [Times: user=0,00 sys=0,00, real=0,00 secs] 
92,122: [GC (Allocation Failure) [PSYoungGen: 219264K->64K(212480K)] 229182K->9982K(322560K), 0,0009692 secs] [Times: user=0,01 sys=0,00, real=0,00 secs] 
92,289: [GC (Allocation Failure) [PSYoungGen: 212032K->64K(205824K)] 221950K->9982K(315904K), 0,0010423 secs] [Times: user=0,01 sys=0,00, real=0,01 secs] 
92,437: [GC (Allocation Failure) [PSYoungGen: 205376K->96K(199168K)] 215294K->10014K(309248K), 0,0010385 secs] [Times: user=0,00 sys=0,00, real=0,00 secs] 
92,574: [GC (Allocation Failure) [PSYoungGen: 198752K->64K(216576K)] 208670K->9982K(326656K), 0,0010277 secs] [Times: user=0,00 sys=0,00, real=0,00 secs] 
92,719: [GC (Allocation Failure) [PSYoungGen: 216128K->64K(236032K)] 226046K->9982K(346112K), 0,0010195 secs] [Times: user=0,00 sys=0,00, real=0,00 secs] 
92,903: [GC (Allocation Failure) [PSYoungGen: 235584K->128K(257536K)] 245502K->10046K(367616K), 0,0015958 secs] [Times: user=0,00 sys=0,00, real=0,00 secs] 
93,113: [GC (Allocation Failure) [PSYoungGen: 257152K->32K(284160K)] 267070K->9966K(394240K), 0,0030910 secs] [Times: user=0,01 sys=0,00, real=0,00 secs] 
93,330: [GC (Allocation Failure) [PSYoungGen: 283680K->64K(312320K)] 293614K->9998K(422400K), 0,0011414 secs] [Times: user=0,00 sys=0,00, real=0,00 secs] 
93,583: [GC (Allocation Failure) [PSYoungGen: 311872K->64K(346624K)] 321806K->9998K(456704K), 0,0044157 secs] [Times: user=0,01 sys=0,00, real=0,00 secs] 
93,848: [GC (Allocation Failure) [PSYoungGen: 346176K->64K(384512K)] 356110K->9998K(494592K), 0,0023476 secs] [Times: user=0,00 sys=0,00, real=0,01 secs] 
94,180: [GC (Allocation Failure) [PSYoungGen: 384064K->64K(424960K)] 393998K->9998K(535040K), 0,0023546 secs] [Times: user=0,00 sys=0,01, real=0,00 secs] 
94,545: [GC (Allocation Failure) [PSYoungGen: 424512K->64K(465920K)] 434446K->9998K(576000K), 0,0012128 secs] [Times: user=0,00 sys=0,00, real=0,00 secs] 
94,912: [GC (Allocation Failure) [PSYoungGen: 465472K->64K(446976K)] 475406K->9998K(557056K), 0,0010812 secs] [Times: user=0,00 sys=0,00, real=0,00 secs] 
95,262: [GC (Allocation Failure) [PSYoungGen: 446528K->64K(429056K)] 456462K->9998K(539136K), 0,0009756 secs] [Times: user=0,00 sys=0,00, real=0,00 secs] 
95,539: [GC (Allocation Failure) [PSYoungGen: 428608K->64K(412160K)] 438542K->9998K(522240K), 0,0010550 secs] [Times: user=0,01 sys=0,00, real=0,00 secs] 
95,805: [GC (Allocation Failure) [PSYoungGen: 411712K->64K(395776K)] 421646K->9998K(505856K), 0,0011118 secs] [Times: user=0,00 sys=0,00, real=0,00 secs] 
96,075: [GC (Allocation Failure) [PSYoungGen: 395328K->64K(380416K)] 405262K->9998K(490496K), 0,0011239 secs] [Times: user=0,00 sys=0,00, real=0,00 secs] 
96,325: [GC (Allocation Failure) [PSYoungGen: 379968K->64K(365568K)] 389902K->9998K(475648K), 0,0010514 secs] [Times: user=0,01 sys=0,00, real=0,00 secs] 
96,599: [GC (Allocation Failure) [PSYoungGen: 365120K->32K(351744K)] 375054K->9966K(461824K), 0,0024586 secs] [Times: user=0,00 sys=0,00, real=0,00 secs] 
96,839: [GC (Allocation Failure) [PSYoungGen: 351264K->64K(338432K)] 361198K->9998K(448512K), 0,0010630 secs] [Times: user=0,00 sys=0,00, real=0,00 secs] 
97,062: [GC (Allocation Failure) [PSYoungGen: 337984K->64K(325632K)] 347918K->9998K(435712K), 0,0010436 secs] [Times: user=0,00 sys=0,00, real=0,00 secs] 
97,275: [GC (Allocation Failure) [PSYoungGen: 325184K->64K(313344K)] 335118K->9998K(423424K), 0,0012051 secs] [Times: user=0,00 sys=0,00, real=0,00 secs] 
97,511: [GC (Allocation Failure) [PSYoungGen: 312896K->64K(302080K)] 322830K->9998K(412160K), 0,0010493 secs] [Times: user=0,00 sys=0,00, real=0,00 secs] 
97,731: [GC (Allocation Failure) [PSYoungGen: 301632K->64K(291328K)] 311566K->9998K(401408K), 0,0011551 secs] [Times: user=0,01 sys=0,00, real=0,00 secs] 
97,960: [GC (Allocation Failure) [PSYoungGen: 290880K->64K(281088K)] 300814K->9998K(391168K), 0,0010062 secs] [Times: user=0,00 sys=0,00, real=0,00 secs] 
98,171: [GC (Allocation Failure) [PSYoungGen: 280640K->64K(308224K)] 290574K->9998K(418304K), 0,0035392 secs] [Times: user=0,00 sys=0,00, real=0,00 secs] 
98,397: [GC (Allocation Failure) [PSYoungGen: 307776K->64K(336384K)] 317710K->9998K(446464K), 0,0010426 secs] [Times: user=0,00 sys=0,00, real=0,00 secs] 
98,617: [GC (Allocation Failure) [PSYoungGen: 335936K->64K(323584K)] 345870K->9998K(433664K), 0,0010188 secs] [Times: user=0,00 sys=0,00, real=0,00 secs] 
98,849: [GC (Allocation Failure) [PSYoungGen: 323136K->64K(354816K)] 333070K->9998K(464896K), 0,0026726 secs] [Times: user=0,00 sys=0,00, real=0,00 secs] 
99,113: [GC (Allocation Failure) [PSYoungGen: 354368K->96K(386560K)] 364302K->10030K(496640K), 0,0011312 secs] [Times: user=0,01 sys=0,00, real=0,00 secs] 
99,415: [GC (Allocation Failure) [PSYoungGen: 386144K->32K(371712K)] 396078K->9966K(481792K), 0,0015349 secs] [Times: user=0,01 sys=0,00, real=0,00 secs] 
99,728: [GC (Allocation Failure) [PSYoungGen: 371232K->64K(357376K)] 381166K->9998K(467456K), 0,0010277 secs] [Times: user=0,00 sys=0,00, real=0,01 secs] 
99,978: [GC (Allocation Failure) [PSYoungGen: 356928K->64K(344064K)] 366862K->9998K(454144K), 0,0011566 secs] [Times: user=0,00 sys=0,00, real=0,01 secs] 
100,201: [GC (Allocation Failure) [PSYoungGen: 343616K->64K(331264K)] 353550K->9998K(441344K), 0,0010296 secs] [Times: user=0,00 sys=0,00, real=0,00 secs] 
Heap
 PSYoungGen      total 331264K, used 192301K [0x000000076ab00000, 0x00000007ac700000, 0x00000007c0000000)
  eden space 330752K, 58% used [0x000000076ab00000,0x00000007766bb7d0,0x000000077ee00000)
  from space 512K, 12% used [0x00000007ac600000,0x00000007ac610000,0x00000007ac680000)
  to   space 512K, 0% used [0x00000007ac680000,0x00000007ac680000,0x00000007ac700000)
 ParOldGen       total 110080K, used 9934K [0x00000006c0000000, 0x00000006c6b80000, 0x000000076ab00000)
  object space 110080K, 9% used [0x00000006c0000000,0x00000006c09b3a20,0x00000006c6b80000)
 Metaspace       used 24452K, capacity 33196K, committed 33536K, reserved 1075200K
  class space    used 5447K, capacity 8332K, committed 8448K, reserved 1048576K
