OpenJDK 64-Bit Server VM (25.202-b05) for bsd-amd64 JRE (Zulu 8.36.0.1-CA-macosx) (1.8.0_202-b05), built on Jan 29 2019 06:07:09 by "zulu_re" with gcc 4.2.1 (Based on Apple Inc. build 5658) (LLVM build 2336.11.00)
Memory: 4k page, physical 16777216k(3014208k free)

/proc/meminfo:

CommandLine flags: -XX:InitialHeapSize=268435456 -XX:MaxHeapSize=4294967296 -XX:+PrintGC -XX:+PrintGCDetails -XX:+PrintGCTimeStamps -XX:+UseCompressedClassPointers -XX:+UseCompressedOops -XX:+UseParallelGC 
Heap
 PSYoungGen      total 76288K, used 35677K [0x000000076ab00000, 0x0000000770000000, 0x00000007c0000000)
  eden space 65536K, 54% used [0x000000076ab00000,0x000000076cdd7650,0x000000076eb00000)
  from space 10752K, 0% used [0x000000076f580000,0x000000076f580000,0x0000000770000000)
  to   space 10752K, 0% used [0x000000076eb00000,0x000000076eb00000,0x000000076f580000)
 ParOldGen       total 175104K, used 0K [0x00000006c0000000, 0x00000006cab00000, 0x000000076ab00000)
  object space 175104K, 0% used [0x00000006c0000000,0x00000006c0000000,0x00000006cab00000)
 Metaspace       used 7659K, capacity 8005K, committed 8192K, reserved 1056768K
  class space    used 852K, capacity 948K, committed 1024K, reserved 1048576K
5: [GC (Allocation Failure) [PSYoungGen: 67120K->1552K(66048K)] 67152K->1592K(241152K), 0,0015491 secs] [Times: user=0,00 sys=0,00, real=0,00 secs] 
1,389: [GC (Allocation Failure) [PSYoungGen: 65552K->1584K(72704K)] 65592K->1632K(247808K), 0,0019520 secs] [Times: user=0,01 sys=0,00, real=0,00 secs] 
1,490: [GC (Allocation Failure) [PSYoungGen: 70192K->96K(72704K)] 70240K->1684K(247808K), 0,0018971 secs] [Times: user=0,01 sys=0,00, real=0,00 secs] 
1,589: [GC (Allocation Failure) [PSYoungGen: 68704K->96K(141312K)] 70292K->1700K(316416K), 0,0004744 secs] [Times: user=0,00 sys=0,01, real=0,00 secs] 
1,818: [GC (Allocation Failure) [PSYoungGen: 137312K->96K(133120K)] 138916K->1700K(308224K), 0,0004826 secs] [Times: user=0,00 sys=0,00, real=0,00 secs] 
2,005: [GC (Allocation Failure) [PSYoungGen: 132704K->96K(129024K)] 134308K->1700K(304128K), 0,0005490 secs] [Times: user=0,00 sys=0,00, real=0,00 secs] 
2,184: [GC (Allocation Failure) [PSYoungGen: 128608K->96K(128512K)] 130212K->1716K(303616K), 0,0006517 secs] [Times: user=0,00 sys=0,00, real=0,00 secs] 
2,360: [GC (Allocation Failure) [PSYoungGen: 124512K->32K(121344K)] 126132K->1652K(296448K), 0,0007331 secs] [Times: user=0,00 sys=0,00, real=0,00 secs] 
2,529: [GC (Allocation Failure) [PSYoungGen: 120864K->64K(121344K)] 122484K->1700K(296448K), 0,0005308 secs] [Times: user=0,00 sys=0,00, real=0,00 secs] 
2,693: [GC (Allocation Failure) [PSYoungGen: 117312K->96K(114176K)] 118948K->1732K(289280K), 0,0005944 secs] [Times: user=0,00 sys=0,00, real=0,00 secs] 
2,851: [GC (Allocation Failure) [PSYoungGen: 113760K->64K(113664K)] 115396K->1708K(288768K), 0,0006423 secs] [Times: user=0,00 sys=0,00, real=0,00 secs] 
3,004: [GC (Allocation Failure) [PSYoungGen: 110144K->96K(107520K)] 111788K->1740K(282624K), 0,0005281 secs] [Times: user=0,00 sys=0,00, real=0,00 secs] 
3,150: [GC (Allocation Failure) [PSYoungGen: 107104K->64K(107520K)] 108748K->1708K(282624K), 0,0004510 secs] [Times: user=0,00 sys=0,00, real=0,00 secs] 
3,290: [GC (Allocation Failure) [PSYoungGen: 104000K->96K(101376K)] 105644K->1740K(276480K), 0,0006495 secs] [Times: user=0,00 sys=0,00, real=0,00 secs] 
3,426: [GC (Allocation Failure) [PSYoungGen: 100960K->96K(101376K)] 102604K->1740K(276480K), 0,0005023 secs] [Times: user=0,00 sys=0,00, real=0,00 secs] 
3,558: [GC (Allocation Failure) [PSYoungGen: 98400K->64K(96256K)] 100044K->1708K(271360K), 0,0006404 secs] [Times: user=0,00 sys=0,00, real=0,00 secs] 
3,683: [GC (Allocation Failure) [PSYoungGen: 95808K->96K(96256K)] 97452K->1740K(271360K), 0,0005598 secs] [Times: user=0,00 sys=0,00, real=0,00 secs] 
3,808: [GC (Allocation Failure) [PSYoungGen: 93280K->96K(91136K)] 94924K->1740K(266240K), 0,0005050 secs] [Times: user=0,00 sys=0,00, real=0,00 secs] 
3,927: [GC (Allocation Failure) [PSYoungGen: 90720K->64K(90624K)] 92364K->1708K(265728K), 0,0006825 secs] [Times: user=0,00 sys=0,00, real=0,00 secs] 
4,043: [GC (Allocation Failure) [PSYoungGen: 88128K->64K(86528K)] 89772K->1708K(261632K), 0,0005433 secs] [Times: user=0,00 sys=0,01, real=0,00 secs] 
4,154: [GC (Allocation Failure) [PSYoungGen: 86080K->96K(86528K)] 87724K->1740K(261632K), 0,0004856 secs] [Times: user=0,00 sys=0,00, real=0,01 secs] 
4,263: [GC (Allocation Failure) [PSYoungGen: 84064K->96K(82432K)] 85708K->1740K(257536K), 0,0005966 secs] [Times: user=0,00 sys=0,00, real=0,00 secs] 
4,367: [GC (Allocation Failure) [PSYoungGen: 82016K->32K(81920K)] 83660K->1684K(257024K), 0,0004979 secs] [Times: user=0,00 sys=0,00, real=0,00 secs] 
4,470: [GC (Allocation Failure) [PSYoungGen: 79904K->64K(78336K)] 81556K->1716K(253440K), 0,0007774 secs] [Times: user=0,01 sys=0,00, real=0,00 secs] 
4,570: [GC (Allocation Failure) [PSYoungGen: 77887K->96K(77824K)] 79540K->1748K(252928K), 0,0005515 secs] [Times: user=0,00 sys=0,00, real=0,00 secs] 
4,666: [GC (Allocation Failure) [PSYoungGen: 75872K->96K(74752K)] 77524K->1748K(249856K), 0,0005014 secs] [Times: user=0,00 sys=0,00, real=0,00 secs] 
4,761: [GC (Allocation Failure) [PSYoungGen: 74336K->64K(74240K)] 75988K->1716K(249344K), 0,0005468 secs] [Times: user=0,01 sys=0,00, real=0,00 secs] 
4,854: [GC (Allocation Failure) [PSYoungGen: 72768K->96K(71680K)] 74420K->1748K(246784K), 0,0005864 secs] [Times: user=0,00 sys=0,00, real=0,00 secs] 
4,944: [GC (Allocation Failure) [PSYoungGen: 71264K->96K(71168K)] 72916K->1748K(246272K), 0,0004361 secs] [Times: user=0,00 sys=0,00, real=0,01 secs] 
5,039: [GC (Allocation Failure) [PSYoungGen: 69728K->96K(68608K)] 71380K->1748K(243712K), 0,0004649 secs] [Times: user=0,00 sys=0,00, real=0,00 secs] 
5,127: [GC (Allocation Failure) [PSYoungGen: 68192K->64K(68096K)] 69844K->1716K(243200K), 0,0005726 secs] [Times: user=0,00 sys=0,00, real=0,00 secs] 
5,212: [GC (Allocation Failure) [PSYoungGen: 66624K->96K(65536K)] 68276K->1748K(240640K), 0,0004581 secs] [Times: user=0,00 sys=0,00, real=0,00 secs] 
5,293: [GC (Allocation Failure) [PSYoungGen: 65120K->64K(64512K)] 66772K->1716K(239616K), 0,0004231 secs] [Times: user=0,00 sys=0,00, real=0,00 secs] 
5,372: [GC (Allocation Failure) [PSYoungGen: 63552K->96K(62464K)] 65204K->1748K(237568K), 0,0004469 secs] [Times: user=0,00 sys=0,00, real=0,00 secs] 
5,449: [GC (Allocation Failure) [PSYoungGen: 62048K->64K(61952K)] 63700K->1716K(237056K), 0,0004140 secs] [Times: user=0,00 sys=0,00, real=0,00 secs] 
5,525: [GC (Allocation Failure) [PSYoungGen: 60992K->96K(60416K)] 62644K->1748K(235520K), 0,0004370 secs] [Times: user=0,00 sys=0,00, real=0,00 secs] 
5,598: [GC (Allocation Failure) [PSYoungGen: 60000K->96K(59904K)] 61652K->1748K(235008K), 0,0004851 secs] [Times: user=0,00 sys=0,00, real=0,00 secs] 
5,671: [GC (Allocation Failure) [PSYoungGen: 58976K->96K(58368K)] 60628K->1748K(233472K), 0,0004415 secs] [Times: user=0,01 sys=0,00, real=0,00 secs] 
5,743: [GC (Allocation Failure) [PSYoungGen: 57952K->96K(57856K)] 59604K->1748K(232960K), 0,0004977 secs] [Times: user=0,00 sys=0,00, real=0,00 secs] 
5,816: [GC (Allocation Failure) [PSYoungGen: 56928K->96K(56320K)] 58580K->1748K(231424K), 0,0004525 secs] [Times: user=0,00 sys=0,00, real=0,00 secs] 
5,885: [GC (Allocation Failure) [PSYoungGen: 55904K->64K(55296K)] 57556K->1716K(230400K), 0,0005641 secs] [Times: user=0,00 sys=0,00, real=0,00 secs] 
5,954: [GC (Allocation Failure) [PSYoungGen: 54848K->96K(54272K)] 56500K->1748K(229376K), 0,0008717 secs] [Times: user=0,00 sys=0,00, real=0,00 secs] 
6,022: [GC (Allocation Failure) [PSYoungGen: 53856K->96K(53248K)] 55508K->1748K(228352K), 0,0004141 secs] [Times: user=0,00 sys=0,00, real=0,00 secs] 
6,087: [GC (Allocation Failure) [PSYoungGen: 52832K->96K(52224K)] 54484K->1748K(227328K), 0,0005364 secs] [Times: user=0,00 sys=0,00, real=0,00 secs] 
6,151: [GC (Allocation Failure) [PSYoungGen: 51808K->96K(51200K)] 53460K->1748K(226304K), 0,0005579 secs] [Times: user=0,01 sys=0,00, real=0,00 secs] 
6,214: [GC (Allocation Failure) [PSYoungGen: 50784K->96K(50176K)] 52436K->1748K(225280K), 0,0005427 secs] [Times: user=0,00 sys=0,00, real=0,01 secs] 
6,277: [GC (Allocation Failure) [PSYoungGen: 49760K->96K(49152K)] 51412K->1748K(224256K), 0,0004282 secs] [Times: user=0,00 sys=0,00, real=0,00 secs] 
6,337: [GC (Allocation Failure) [PSYoungGen: 48735K->96K(48128K)] 50388K->1748K(223232K), 0,0004086 secs] [Times: user=0,00 sys=0,00, real=0,00 secs] 
6,402: [GC (Allocation Failure) [PSYoungGen: 47711K->64K(47616K)] 49364K->1716K(222720K), 0,0004276 secs] [Times: user=0,00 sys=0,00, real=0,00 secs] 
6,468: [GC (Allocation Failure) [PSYoungGen: 47168K->32K(47104K)] 48820K->1684K(222208K), 0,0010789 secs] [Times: user=0,00 sys=0,00, real=0,00 secs] 
6,528: [GC (Allocation Failure) [PSYoungGen: 46624K->64K(46592K)] 48276K->1716K(221696K), 0,0005116 secs] [Times: user=0,00 sys=0,00, real=0,00 secs] 
6,589: [GC (Allocation Failure) [PSYoungGen: 46144K->96K(46080K)] 47796K->1748K(221184K), 0,0005291 secs] [Times: user=0,00 sys=0,00, real=0,00 secs] 
6,646: [GC (Allocation Failure) [PSYoungGen: 45664K->64K(45568K)] 47316K->1716K(220672K), 0,0005210 secs] [Times: user=0,00 sys=0,00, real=0,00 secs] 
6,704: [GC (Allocation Failure) [PSYoungGen: 45120K->64K(45056K)] 46772K->1716K(220160K), 0,0004868 secs] [Times: user=0,00 sys=0,00, real=0,00 secs] 
6,760: [GC (Allocation Failure) [PSYoungGen: 44608K->96K(44544K)] 46260K->1748K(219648K), 0,0004862 secs] [Times: user=0,00 sys=0,00, real=0,00 secs] 
6,814: [GC (Allocation Failure) [PSYoungGen: 44128K->128K(44032K)] 45780K->1780K(219136K), 0,0006504 secs] [Times: user=0,00 sys=0,00, real=0,01 secs] 
6,870: [GC (Allocation Failure) [PSYoungGen: 43648K->128K(52736K)] 45300K->1780K(227840K), 0,0009870 secs] [Times: user=0,00 sys=0,00, real=0,00 secs] 
6,937: [GC (Allocation Failure) [PSYoungGen: 52352K->64K(51712K)] 54004K->1716K(226816K), 0,0005096 secs] [Times: user=0,00 sys=0,00, real=0,00 secs] 
7,007: [GC (Allocation Failure) [PSYoungGen: 51264K->96K(50688K)] 52916K->1748K(225792K), 0,0005245 secs] [Times: user=0,00 sys=0,00, real=0,00 secs] 
7,073: [GC (Allocation Failure) [PSYoungGen: 50272K->96K(49664K)] 51924K->1748K(224768K), 0,0005089 secs] [Times: user=0,00 sys=0,00, real=0,00 secs] 
7,135: [GC (Allocation Failure) [PSYoungGen: 49248K->96K(48640K)] 50900K->1748K(223744K), 0,0004976 secs] [Times: user=0,00 sys=0,00, real=0,01 secs] 
7,195: [GC (Allocation Failure) [PSYoungGen: 48224K->64K(48128K)] 49876K->1716K(223232K), 0,0005601 secs] [Times: user=0,00 sys=0,00, real=0,00 secs] 
7,256: [GC (Allocation Failure) [PSYoungGen: 47680K->64K(47616K)] 49332K->1716K(222720K), 0,0005420 secs] [Times: user=0,00 sys=0,00, real=0,00 secs] 
7,316: [GC (Allocation Failure) [PSYoungGen: 47168K->96K(47104K)] 48820K->1748K(222208K), 0,0005117 secs] [Times: user=0,00 sys=0,00, real=0,00 secs] 
7,375: [GC (Allocation Failure) [PSYoungGen: 46688K->96K(46592K)] 48340K->1748K(221696K), 0,0005017 secs] [Times: user=0,00 sys=0,00, real=0,00 secs] 
7,433: [GC (Allocation Failure) [PSYoungGen: 46176K->96K(46080K)] 47828K->1748K(221184K), 0,0004943 secs] [Times: user=0,00 sys=0,00, real=0,00 secs] 
7,494: [GC (Allocation Failure) [PSYoungGen: 45664K->64K(45568K)] 47316K->1716K(220672K), 0,0008255 secs] [Times: user=0,00 sys=0,00, real=0,00 secs] 
7,550: [GC (Allocation Failure) [PSYoungGen: 45120K->96K(45056K)] 46772K->1748K(220160K), 0,0004688 secs] [Times: user=0,00 sys=0,00, real=0,00 secs] 
7,606: [GC (Allocation Failure) [PSYoungGen: 44640K->96K(44544K)] 46292K->1748K(219648K), 0,0004884 secs] [Times: user=0,00 sys=0,00, real=0,00 secs] 
7,666: [GC (Allocation Failure) [PSYoungGen: 44128K->64K(44032K)] 45780K->1716K(219136K), 0,0005004 secs] [Times: user=0,00 sys=0,00, real=0,00 secs] 
7,722: [GC (Allocation Failure) [PSYoungGen: 43584K->64K(43520K)] 45236K->1716K(218624K), 0,0005801 secs] [Times: user=0,01 sys=0,00, real=0,00 secs] 
7,777: [GC (Allocation Failure) [PSYoungGen: 43072K->64K(43008K)] 44724K->1716K(218112K), 0,0004914 secs] [Times: user=0,00 sys=0,00, real=0,00 secs] 
7,831: [GC (Allocation Failure) [PSYoungGen: 42560K->64K(42496K)] 44212K->1716K(217600K), 0,0004847 secs] [Times: user=0,00 sys=0,00, real=0,00 secs] 
7,887: [GC (Allocation Failure) [PSYoungGen: 42048K->64K(41984K)] 43700K->1716K(217088K), 0,0008904 secs] [Times: user=0,00 sys=0,00, real=0,00 secs] 
7,943: [GC (Allocation Failure) [PSYoungGen: 41536K->96K(41472K)] 43188K->1748K(216576K), 0,0005173 secs] [Times: user=0,00 sys=0,00, real=0,00 secs] 
8,002: [GC (Allocation Failure) [PSYoungGen: 41056K->96K(40960K)] 42708K->1748K(216064K), 0,0005581 secs] [Times: user=0,00 sys=0,00, real=0,00 secs] 
8,053: [GC (Allocation Failure) [PSYoungGen: 40544K->64K(40448K)] 42196K->1716K(215552K), 0,0004415 secs] [Times: user=0,00 sys=0,00, real=0,00 secs] 
8,105: [GC (Allocation Failure) [PSYoungGen: 40000K->64K(48640K)] 41652K->1716K(223744K), 0,0008614 secs] [Times: user=0,01 sys=0,00, real=0,00 secs] 
8,169: [GC (Allocation Failure) [PSYoungGen: 48192K->64K(48128K)] 49844K->1716K(223232K), 0,0005596 secs] [Times: user=0,00 sys=0,00, real=0,00 secs] 
8,230: [GC (Allocation Failure) [PSYoungGen: 47680K->96K(47616K)] 49332K->1748K(222720K), 0,0004995 secs] [Times: user=0,00 sys=0,00, real=0,00 secs] 
8,290: [GC (Allocation Failure) [PSYoungGen: 47200K->96K(47104K)] 48852K->1748K(222208K), 0,0004966 secs] [Times: user=0,00 sys=0,00, real=0,00 secs] 
8,349: [GC (Allocation Failure) [PSYoungGen: 46688K->96K(46592K)] 48340K->1748K(221696K), 0,0004976 secs] [Times: user=0,00 sys=0,00, real=0,00 secs] 
8,413: [GC (Allocation Failure) [PSYoungGen: 46176K->96K(46080K)] 47828K->1748K(221184K), 0,0005373 secs] [Times: user=0,00 sys=0,00, real=0,00 secs] 
8,476: [GC (Allocation Failure) [PSYoungGen: 45664K->64K(45568K)] 47316K->1716K(220672K), 0,0005000 secs] [Times: user=0,00 sys=0,00, real=0,00 secs] 
8,537: [GC (Allocation Failure) [PSYoungGen: 45120K->64K(45056K)] 46772K->1716K(220160K), 0,0006012 secs] [Times: user=0,00 sys=0,00, real=0,00 secs] 
8,595: [GC (Allocation Failure) [PSYoungGen: 44608K->64K(44544K)] 46260K->1716K(219648K), 0,0005482 secs] [Times: user=0,00 sys=0,00, real=0,00 secs] 
8,651: [GC (Allocation Failure) [PSYoungGen: 44096K->64K(44032K)] 45748K->1716K(219136K), 0,0005204 secs] [Times: user=0,00 sys=0,00, real=0,00 secs] 
8,709: [GC (Allocation Failure) [PSYoungGen: 43584K->64K(43520K)] 45236K->1716K(218624K), 0,0004935 secs] [Times: user=0,01 sys=0,00, real=0,00 secs] 
8,765: [GC (Allocation Failure) [PSYoungGen: 43072K->64K(43008K)] 44724K->1716K(218112K), 0,0005441 secs] [Times: user=0,00 sys=0,00, real=0,00 secs] 
8,823: [GC (Allocation Failure) [PSYoungGen: 42560K->96K(42496K)] 44212K->1748K(217600K), 0,0004887 secs] [Times: user=0,00 sys=0,00, real=0,00 secs] 
8,878: [GC (Allocation Failure) [PSYoungGen: 42080K->64K(41984K)] 43732K->1716K(217088K), 0,0004348 secs] [Times: user=0,00 sys=0,00, real=0,00 secs] 
8,932: [GC (Allocation Failure) [PSYoungGen: 41536K->64K(41472K)] 43188K->1716K(216576K), 0,0005328 secs] [Times: user=0,00 sys=0,00, real=0,00 secs] 
8,995: [GC (Allocation Failure) [PSYoungGen: 41023K->96K(40960K)] 42676K->1748K(216064K), 0,0004474 secs] [Times: user=0,00 sys=0,00, real=0,00 secs] 
9,047: [GC (Allocation Failure) [PSYoungGen: 40544K->96K(40448K)] 42196K->1748K(215552K), 0,0005840 secs] [Times: user=0,00 sys=0,00, real=0,00 secs] 
9,098: [GC (Allocation Failure) [PSYoungGen: 40032K->96K(39936K)] 41684K->1748K(215040K), 0,0004946 secs] [Times: user=0,00 sys=0,00, real=0,00 secs] 
9,148: [GC (Allocation Failure) [PSYoungGen: 39520K->96K(39424K)] 41172K->1748K(214528K), 0,0004572 secs] [Times: user=0,00 sys=0,00, real=0,00 secs] 
9,199: [GC (Allocation Failure) [PSYoungGen: 39008K->96K(38912K)] 40660K->1748K(214016K), 0,0004958 secs] [Times: user=0,00 sys=0,00, real=0,00 secs] 
9,248: [GC (Allocation Failure) [PSYoungGen: 38496K->64K(38400K)] 40148K->1716K(213504K), 0,0006551 secs] [Times: user=0,00 sys=0,00, real=0,00 secs] 
9,297: [GC (Allocation Failure) [PSYoungGen: 37952K->64K(46080K)] 39604K->1716K(221184K), 0,0010739 secs] [Times: user=0,00 sys=0,00, real=0,00 secs] 
9,356: [GC (Allocation Failure) [PSYoungGen: 45632K->64K(55296K)] 47284K->1716K(230400K), 0,0004923 secs] [Times: user=0,00 sys=0,00, real=0,00 secs] 
9,427: [GC (Allocation Failure) [PSYoungGen: 54848K->64K(66560K)] 56500K->1716K(241664K), 0,0005550 secs] [Times: user=0,00 sys=0,00, real=0,00 secs] 
9,513: [GC (Allocation Failure) [PSYoungGen: 66112K->64K(79872K)] 67764K->1716K(254976K), 0,0010415 secs] [Times: user=0,01 sys=0,00, real=0,00 secs] 
9,619: [GC (Allocation Failure) [PSYoungGen: 79424K->96K(77824K)] 81076K->1748K(252928K), 0,0005867 secs] [Times: user=0,00 sys=0,00, real=0,00 secs] 
9,722: [GC (Allocation Failure) [PSYoungGen: 77408K->96K(75776K)] 79060K->1748K(250880K), 0,0005332 secs] [Times: user=0,00 sys=0,00, real=0,00 secs] 
9,821: [GC (Allocation Failure) [PSYoungGen: 75360K->96K(74240K)] 77012K->1748K(249344K), 0,0005889 secs] [Times: user=0,00 sys=0,00, real=0,00 secs] 
9,918: [GC (Allocation Failure) [PSYoungGen: 73824K->96K(72704K)] 75476K->1748K(247808K), 0,0005293 secs] [Times: user=0,00 sys=0,00, real=0,00 secs] 
10,014: [GC (Allocation Failure) [PSYoungGen: 72288K->32K(71168K)] 73940K->1684K(246272K), 0,0007912 secs] [Times: user=0,00 sys=0,00, real=0,01 secs] 
10,111: [GC (Allocation Failure) [PSYoungGen: 70688K->64K(69632K)] 72340K->1716K(244736K), 0,0005632 secs] [Times: user=0,00 sys=0,00, real=0,00 secs] 
10,212: [GC (Allocation Failure) [PSYoungGen: 69184K->32K(68096K)] 70836K->1684K(243200K), 0,0005345 secs] [Times: user=0,00 sys=0,00, real=0,00 secs] 
10,310: [GC (Allocation Failure) [PSYoungGen: 67616K->160K(66560K)] 69268K->1812K(241664K), 0,0004989 secs] [Times: user=0,00 sys=0,00, real=0,00 secs] 
10,401: [GC (Allocation Failure) [PSYoungGen: 66208K->64K(65024K)] 67860K->1788K(240128K), 0,0005070 secs] [Times: user=0,00 sys=0,00, real=0,00 secs] 
10,493: [GC (Allocation Failure) [PSYoungGen: 64576K->96K(63488K)] 66300K->1820K(238592K), 0,0005106 secs] [Times: user=0,00 sys=0,00, real=0,00 secs] 
10,577: [GC (Allocation Failure) [PSYoungGen: 63072K->96K(61952K)] 64796K->1828K(237056K), 0,0005516 secs] [Times: user=0,00 sys=0,00, real=0,00 secs] 
10,664: [GC (Allocation Failure) [PSYoungGen: 61536K->64K(60928K)] 63268K->1796K(236032K), 0,0005450 secs] [Times: user=0,00 sys=0,00, real=0,00 secs] 
10,744: [GC (Allocation Failure) [PSYoungGen: 60480K->64K(59904K)] 62212K->1796K(235008K), 0,0009747 secs] [Times: user=0,00 sys=0,00, real=0,01 secs] 
10,823: [GC (Allocation Failure) [PSYoungGen: 59456K->96K(58880K)] 61188K->1828K(233984K), 0,0006102 secs] [Times: user=0,00 sys=0,00, real=0,00 secs] 
10,901: [GC (Allocation Failure) [PSYoungGen: 58464K->96K(57856K)] 60196K->1828K(232960K), 0,0005524 secs] [Times: user=0,01 sys=0,00, real=0,00 secs] 
10,985: [GC (Allocation Failure) [PSYoungGen: 57440K->64K(56832K)] 59172K->1796K(231936K), 0,0007838 secs] [Times: user=0,00 sys=0,00, real=0,00 secs] 
11,060: [GC (Allocation Failure) [PSYoungGen: 56384K->96K(55808K)] 58116K->1828K(230912K), 0,0005154 secs] [Times: user=0,00 sys=0,00, real=0,00 secs] 
11,143: [GC (Allocation Failure) [PSYoungGen: 55392K->96K(54784K)] 57124K->1828K(229888K), 0,0005923 secs] [Times: user=0,00 sys=0,00, real=0,00 secs] 
11,215: [GC (Allocation Failure) [PSYoungGen: 54368K->96K(53760K)] 56100K->1828K(228864K), 0,0005467 secs] [Times: user=0,00 sys=0,00, real=0,00 secs] 
11,283: [GC (Allocation Failure) [PSYoungGen: 53344K->64K(52736K)] 55076K->1796K(227840K), 0,0005357 secs] [Times: user=0,00 sys=0,00, real=0,00 secs] 
11,350: [GC (Allocation Failure) [PSYoungGen: 52288K->64K(51712K)] 54020K->1796K(226816K), 0,0005130 secs] [Times: user=0,00 sys=0,00, real=0,00 secs] 
11,430: [GC (Allocation Failure) [PSYoungGen: 51264K->96K(50688K)] 52996K->1828K(225792K), 0,0005654 secs] [Times: user=0,01 sys=0,00, real=0,00 secs] 
11,497: [GC (Allocation Failure) [PSYoungGen: 50272K->96K(49664K)] 52004K->1828K(224768K), 0,0005106 secs] [Times: user=0,00 sys=0,00, real=0,00 secs] 
11,561: [GC (Allocation Failure) [PSYoungGen: 49248K->96K(48640K)] 50980K->1828K(223744K), 0,0005605 secs] [Times: user=0,01 sys=0,00, real=0,00 secs] 
11,628: [GC (Allocation Failure) [PSYoungGen: 48224K->64K(48128K)] 49956K->1796K(223232K), 0,0005756 secs] [Times: user=0,00 sys=0,00, real=0,00 secs] 
11,690: [GC (Allocation Failure) [PSYoungGen: 47680K->96K(47616K)] 49412K->1828K(222720K), 0,0005401 secs] [Times: user=0,00 sys=0,00, real=0,00 secs] 
11,750: [GC (Allocation Failure) [PSYoungGen: 47200K->32K(47104K)] 48932K->1764K(222208K), 0,0005337 secs] [Times: user=0,00 sys=0,00, real=0,00 secs] 
11,810: [GC (Allocation Failure) [PSYoungGen: 46624K->96K(46592K)] 48356K->1828K(221696K), 0,0004959 secs] [Times: user=0,00 sys=0,00, real=0,00 secs] 
11,870: [GC (Allocation Failure) [PSYoungGen: 46176K->64K(46080K)] 47908K->1796K(221184K), 0,0004955 secs] [Times: user=0,00 sys=0,00, real=0,00 secs] 
11,929: [GC (Allocation Failure) [PSYoungGen: 45632K->64K(45568K)] 47364K->1796K(220672K), 0,0005088 secs] [Times: user=0,00 sys=0,00, real=0,00 secs] 
11,989: [GC (Allocation Failure) [PSYoungGen: 45120K->32K(45056K)] 46852K->1764K(220160K), 0,0010967 secs] [Times: user=0,00 sys=0,00, real=0,00 secs] 
12,048: [GC (Allocation Failure) [PSYoungGen: 44576K->64K(44544K)] 46308K->1796K(219648K), 0,0005989 secs] [Times: user=0,00 sys=0,00, real=0,00 secs] 
12,105: [GC (Allocation Failure) [PSYoungGen: 44096K->96K(44032K)] 45828K->1828K(219136K), 0,0005093 secs] [Times: user=0,00 sys=0,00, real=0,00 secs] 
12,161: [GC (Allocation Failure) [PSYoungGen: 43616K->64K(43520K)] 45348K->1796K(218624K), 0,0005324 secs] [Times: user=0,01 sys=0,00, real=0,00 secs] 
12,218: [GC (Allocation Failure) [PSYoungGen: 43072K->64K(43008K)] 44804K->1796K(218112K), 0,0005324 secs] [Times: user=0,00 sys=0,00, real=0,00 secs] 
12,273: [GC (Allocation Failure) [PSYoungGen: 42560K->64K(42496K)] 44292K->1796K(217600K), 0,0005361 secs] [Times: user=0,00 sys=0,00, real=0,00 secs] 
12,327: [GC (Allocation Failure) [PSYoungGen: 42047K->96K(41984K)] 43780K->1828K(217088K), 0,0004287 secs] [Times: user=0,00 sys=0,00, real=0,00 secs] 
12,383: [GC (Allocation Failure) [PSYoungGen: 41568K->32K(50688K)] 43300K->1764K(225792K), 0,0029569 secs] [Times: user=0,01 sys=0,00, real=0,01 secs] 
12,453: [GC (Allocation Failure) [PSYoungGen: 50208K->32K(60928K)] 51940K->1764K(236032K), 0,0006123 secs] [Times: user=0,00 sys=0,00, real=0,00 secs] 
12,531: [GC (Allocation Failure) [PSYoungGen: 60448K->96K(73216K)] 62180K->1828K(248320K), 0,0005344 secs] [Times: user=0,00 sys=0,00, real=0,00 secs] 
12,624: [GC (Allocation Failure) [PSYoungGen: 72800K->32K(88064K)] 74532K->1764K(263168K), 0,0006724 secs] [Times: user=0,00 sys=0,00, real=0,01 secs] 
12,739: [GC (Allocation Failure) [PSYoungGen: 87584K->64K(86016K)] 89316K->1796K(261120K), 0,0005563 secs] [Times: user=0,00 sys=0,00, real=0,00 secs] 
12,848: [GC (Allocation Failure) [PSYoungGen: 85568K->96K(83968K)] 87300K->1828K(259072K), 0,0005310 secs] [Times: user=0,00 sys=0,00, real=0,00 secs] 
12,966: [GC (Allocation Failure) [PSYoungGen: 83552K->96K(81920K)] 85284K->1828K(257024K), 0,0005359 secs] [Times: user=0,00 sys=0,00, real=0,00 secs] 
13,071: [GC (Allocation Failure) [PSYoungGen: 81504K->64K(79872K)] 83236K->1796K(254976K), 0,0005392 secs] [Times: user=0,00 sys=0,00, real=0,00 secs] 
13,173: [GC (Allocation Failure) [PSYoungGen: 79424K->64K(77824K)] 81156K->1796K(252928K), 0,0005529 secs] [Times: user=0,00 sys=0,00, real=0,00 secs] 
13,276: [GC (Allocation Failure) [PSYoungGen: 77376K->64K(75776K)] 79108K->1796K(250880K), 0,0006489 secs] [Times: user=0,00 sys=0,00, real=0,00 secs] 
13,378: [GC (Allocation Failure) [PSYoungGen: 75328K->96K(74240K)] 77060K->1828K(249344K), 0,0006020 secs] [Times: user=0,00 sys=0,00, real=0,00 secs] 
13,473: [GC (Allocation Failure) [PSYoungGen: 73824K->96K(72704K)] 75556K->1828K(247808K), 0,0005177 secs] [Times: user=0,00 sys=0,00, real=0,00 secs] 
13,566: [GC (Allocation Failure) [PSYoungGen: 72288K->96K(71168K)] 74020K->1828K(246272K), 0,0005316 secs] [Times: user=0,00 sys=0,00, real=0,00 secs] 
13,657: [GC (Allocation Failure) [PSYoungGen: 70752K->96K(69632K)] 72484K->1828K(244736K), 0,0005254 secs] [Times: user=0,00 sys=0,00, real=0,00 secs] 
13,746: [GC (Allocation Failure) [PSYoungGen: 69216K->96K(68096K)] 70948K->1828K(243200K), 0,0005323 secs] [Times: user=0,00 sys=0,00, real=0,00 secs] 
13,834: [GC (Allocation Failure) [PSYoungGen: 67680K->64K(66560K)] 69412K->1796K(241664K), 0,0005616 secs] [Times: user=0,00 sys=0,00, real=0,00 secs] 
13,919: [GC (Allocation Failure) [PSYoungGen: 66112K->64K(65024K)] 67844K->1796K(240128K), 0,0005317 secs] [Times: user=0,00 sys=0,00, real=0,00 secs] 
14,003: [GC (Allocation Failure) [PSYoungGen: 64576K->96K(63488K)] 66308K->1828K(238592K), 0,0005360 secs] [Times: user=0,00 sys=0,00, real=0,00 secs] 
14,084: [GC (Allocation Failure) [PSYoungGen: 63072K->96K(61952K)] 64804K->1828K(237056K), 0,0005241 secs] [Times: user=0,00 sys=0,00, real=0,01 secs] 
14,167: [GC (Allocation Failure) [PSYoungGen: 61536K->64K(60928K)] 63268K->1796K(236032K), 0,0005526 secs] [Times: user=0,00 sys=0,00, real=0,00 secs] 
14,247: [GC (Allocation Failure) [PSYoungGen: 60479K->32K(59904K)] 62212K->1764K(235008K), 0,0005750 secs] [Times: user=0,00 sys=0,00, real=0,00 secs] 
14,330: [GC (Allocation Failure) [PSYoungGen: 59424K->64K(58880K)] 61156K->1796K(233984K), 0,0010839 secs] [Times: user=0,00 sys=0,00, real=0,00 secs] 
14,407: [GC (Allocation Failure) [PSYoungGen: 58432K->64K(57856K)] 60164K->1796K(232960K), 0,0005551 secs] [Times: user=0,00 sys=0,00, real=0,00 secs] 
14,481: [GC (Allocation Failure) [PSYoungGen: 57408K->64K(56832K)] 59140K->1796K(231936K), 0,0005671 secs] [Times: user=0,00 sys=0,00, real=0,00 secs] 
14,559: [GC (Allocation Failure) [PSYoungGen: 56384K->64K(55808K)] 58116K->1796K(230912K), 0,0005409 secs] [Times: user=0,00 sys=0,00, real=0,00 secs] 
14,633: [GC (Allocation Failure) [PSYoungGen: 55360K->96K(54784K)] 57092K->1828K(229888K), 0,0005410 secs] [Times: user=0,00 sys=0,00, real=0,00 secs] 
14,703: [GC (Allocation Failure) [PSYoungGen: 54368K->64K(53760K)] 56100K->1796K(228864K), 0,0005847 secs] [Times: user=0,01 sys=0,00, real=0,00 secs] 
14,773: [GC (Allocation Failure) [PSYoungGen: 53312K->64K(52736K)] 55044K->1796K(227840K), 0,0005396 secs] [Times: user=0,01 sys=0,01, real=0,00 secs] 
14,847: [GC (Allocation Failure) [PSYoungGen: 52288K->96K(51712K)] 54020K->1828K(226816K), 0,0005557 secs] [Times: user=0,00 sys=0,00, real=0,00 secs] 
14,914: [GC (Allocation Failure) [PSYoungGen: 51296K->96K(50688K)] 53028K->1828K(225792K), 0,0005011 secs] [Times: user=0,00 sys=0,00, real=0,00 secs] 
14,983: [GC (Allocation Failure) [PSYoungGen: 50272K->96K(49664K)] 52004K->1828K(224768K), 0,0005215 secs] [Times: user=0,00 sys=0,00, real=0,00 secs] 
15,047: [GC (Allocation Failure) [PSYoungGen: 49248K->96K(48640K)] 50980K->1828K(223744K), 0,0005070 secs] [Times: user=0,00 sys=0,00, real=0,00 secs] 
15,114: [GC (Allocation Failure) [PSYoungGen: 48224K->96K(48128K)] 49956K->1828K(223232K), 0,0005210 secs] [Times: user=0,00 sys=0,00, real=0,00 secs] 
15,176: [GC (Allocation Failure) [PSYoungGen: 47712K->96K(47616K)] 49444K->1828K(222720K), 0,0005093 secs] [Times: user=0,01 sys=0,00, real=0,00 secs] 
15,243: [GC (Allocation Failure) [PSYoungGen: 47200K->96K(47104K)] 48932K->1828K(222208K), 0,0005245 secs] [Times: user=0,00 sys=0,00, real=0,00 secs] 
15,303: [GC (Allocation Failure) [PSYoungGen: 46688K->64K(46592K)] 48420K->1796K(221696K), 0,0011112 secs] [Times: user=0,00 sys=0,00, real=0,00 secs] 
15,371: [GC (Allocation Failure) [PSYoungGen: 46144K->96K(55808K)] 47876K->1828K(230912K), 0,0010292 secs] [Times: user=0,00 sys=0,00, real=0,00 secs] 
15,445: [GC (Allocation Failure) [PSYoungGen: 55392K->96K(54784K)] 57124K->1828K(229888K), 0,0005314 secs] [Times: user=0,00 sys=0,00, real=0,01 secs] 
15,514: [GC (Allocation Failure) [PSYoungGen: 54368K->96K(53760K)] 56100K->1828K(228864K), 0,0005155 secs] [Times: user=0,00 sys=0,00, real=0,01 secs] 
15,587: [GC (Allocation Failure) [PSYoungGen: 53344K->96K(52736K)] 55076K->1828K(227840K), 0,0005335 secs] [Times: user=0,00 sys=0,00, real=0,00 secs] 
15,655: [GC (Allocation Failure) [PSYoungGen: 52320K->64K(51712K)] 54052K->1796K(226816K), 0,0005444 secs] [Times: user=0,00 sys=0,00, real=0,00 secs] 
15,721: [GC (Allocation Failure) [PSYoungGen: 51264K->96K(50688K)] 52996K->1828K(225792K), 0,0005262 secs] [Times: user=0,00 sys=0,00, real=0,00 secs] 
15,786: [GC (Allocation Failure) [PSYoungGen: 50272K->64K(49664K)] 52004K->1796K(224768K), 0,0005749 secs] [Times: user=0,00 sys=0,00, real=0,00 secs] 
15,856: [GC (Allocation Failure) [PSYoungGen: 49216K->64K(48640K)] 50948K->1796K(223744K), 0,0005414 secs] [Times: user=0,00 sys=0,00, real=0,00 secs] 
15,918: [GC (Allocation Failure) [PSYoungGen: 48192K->64K(48128K)] 49924K->1796K(223232K), 0,0005219 secs] [Times: user=0,00 sys=0,01, real=0,00 secs] 
15,979: [GC (Allocation Failure) [PSYoungGen: 47680K->32K(47616K)] 49412K->1764K(222720K), 0,0006191 secs] [Times: user=0,00 sys=0,00, real=0,00 secs] 
16,041: [GC (Allocation Failure) [PSYoungGen: 47136K->64K(47104K)] 48868K->1796K(222208K), 0,0005149 secs] [Times: user=0,01 sys=0,00, real=0,00 secs] 
16,103: [GC (Allocation Failure) [PSYoungGen: 46656K->64K(46592K)] 48388K->1796K(221696K), 0,0005957 secs] [Times: user=0,00 sys=0,00, real=0,00 secs] 
16,165: [GC (Allocation Failure) [PSYoungGen: 46144K->96K(46080K)] 47876K->1828K(221184K), 0,0005223 secs] [Times: user=0,00 sys=0,00, real=0,00 secs] 
16,226: [GC (Allocation Failure) [PSYoungGen: 45664K->96K(45568K)] 47396K->1828K(220672K), 0,0005129 secs] [Times: user=0,00 sys=0,00, real=0,00 secs] 
16,285: [GC (Allocation Failure) [PSYoungGen: 45152K->96K(45056K)] 46884K->1828K(220160K), 0,0005284 secs] [Times: user=0,00 sys=0,00, real=0,01 secs] 
16,348: [GC (Allocation Failure) [PSYoungGen: 44640K->96K(44544K)] 46372K->1828K(219648K), 0,0005156 secs] [Times: user=0,00 sys=0,00, real=0,00 secs] 
16,405: [GC (Allocation Failure) [PSYoungGen: 44128K->96K(44032K)] 45860K->1828K(219136K), 0,0005374 secs] [Times: user=0,00 sys=0,00, real=0,01 secs] 
16,464: [GC (Allocation Failure) [PSYoungGen: 43616K->64K(43520K)] 45348K->1796K(218624K), 0,0009523 secs] [Times: user=0,01 sys=0,00, real=0,01 secs] 
16,521: [GC (Allocation Failure) [PSYoungGen: 43072K->96K(43008K)] 44804K->1828K(218112K), 0,0005257 secs] [Times: user=0,00 sys=0,00, real=0,00 secs] 
16,576: [GC (Allocation Failure) [PSYoungGen: 42592K->96K(42496K)] 44324K->1828K(217600K), 0,0005480 secs] [Times: user=0,00 sys=0,00, real=0,00 secs] 
16,632: [GC (Allocation Failure) [PSYoungGen: 42080K->96K(41984K)] 43812K->1828K(217088K), 0,0005318 secs] [Times: user=0,00 sys=0,00, real=0,00 secs] 
16,686: [GC (Allocation Failure) [PSYoungGen: 41568K->96K(41472K)] 43300K->1828K(216576K), 0,0005216 secs] [Times: user=0,00 sys=0,00, real=0,00 secs] 
16,739: [GC (Allocation Failure) [PSYoungGen: 41056K->64K(40960K)] 42788K->1796K(216064K), 0,0005020 secs] [Times: user=0,00 sys=0,00, real=0,00 secs] 
16,791: [GC (Allocation Failure) [PSYoungGen: 40512K->64K(40448K)] 42244K->1796K(215552K), 0,0004908 secs] [Times: user=0,00 sys=0,00, real=0,00 secs] 
16,847: [GC (Allocation Failure) [PSYoungGen: 40000K->96K(39936K)] 41732K->1828K(215040K), 0,0004287 secs] [Times: user=0,00 sys=0,00, real=0,00 secs] 
16,898: [GC (Allocation Failure) [PSYoungGen: 39520K->32K(39424K)] 41252K->1772K(214528K), 0,0004424 secs] [Times: user=0,00 sys=0,00, real=0,00 secs] 
16,948: [GC (Allocation Failure) [PSYoungGen: 38944K->96K(38912K)] 40684K->1836K(214016K), 0,0004253 secs] [Times: user=0,00 sys=0,00, real=0,00 secs] 
16,999: [GC (Allocation Failure) [PSYoungGen: 38496K->64K(38400K)] 40236K->1804K(213504K), 0,0005478 secs] [Times: user=0,00 sys=0,00, real=0,00 secs] 
17,048: [GC (Allocation Failure) [PSYoungGen: 37952K->96K(37888K)] 39692K->1836K(212992K), 0,0004215 secs] [Times: user=0,00 sys=0,00, real=0,00 secs] 
17,106: [GC (Allocation Failure) [PSYoungGen: 37472K->64K(37376K)] 39212K->1804K(212480K), 0,0005709 secs] [Times: user=0,01 sys=0,00, real=0,00 secs] 
17,155: [GC (Allocation Failure) [PSYoungGen: 36928K->96K(36864K)] 38668K->1836K(211968K), 0,0010071 secs] [Times: user=0,00 sys=0,00, real=0,00 secs] 
17,203: [GC (Allocation Failure) [PSYoungGen: 36448K->96K(36352K)] 38188K->1836K(211456K), 0,0004336 secs] [Times: user=0,00 sys=0,00, real=0,00 secs] 
17,249: [GC (Allocation Failure) [PSYoungGen: 35935K->96K(35840K)] 37676K->1836K(210944K), 0,0004205 secs] [Times: user=0,00 sys=0,00, real=0,00 secs] 
17,295: [GC (Allocation Failure) [PSYoungGen: 35424K->96K(35328K)] 37164K->1836K(210432K), 0,0004422 secs] [Times: user=0,00 sys=0,00, real=0,00 secs] 
17,340: [GC (Allocation Failure) [PSYoungGen: 34911K->96K(34816K)] 36652K->1836K(209920K), 0,0005089 secs] [Times: user=0,00 sys=0,00, real=0,00 secs] 
17,385: [GC (Allocation Failure) [PSYoungGen: 34400K->32K(41984K)] 36140K->1772K(217088K), 0,0031918 secs] [Times: user=0,01 sys=0,00, real=0,00 secs] 
17,443: [GC (Allocation Failure) [PSYoungGen: 41504K->64K(50688K)] 43244K->1804K(225792K), 0,0005118 secs] [Times: user=0,00 sys=0,00, real=0,00 secs] 
17,509: [GC (Allocation Failure) [PSYoungGen: 50240K->64K(60928K)] 51980K->1804K(236032K), 0,0009943 secs] [Times: user=0,00 sys=0,00, real=0,00 secs] 
17,613: [GC (Allocation Failure) [PSYoungGen: 60480K->96K(73216K)] 62220K->1836K(248320K), 0,0005085 secs] [Times: user=0,00 sys=0,00, real=0,00 secs] 
17,709: [GC (Allocation Failure) [PSYoungGen: 72800K->96K(88064K)] 74540K->1836K(263168K), 0,0005809 secs] [Times: user=0,00 sys=0,00, real=0,00 secs] 
17,824: [GC (Allocation Failure) [PSYoungGen: 87648K->96K(105984K)] 89388K->1836K(281088K), 0,0005327 secs] [Times: user=0,00 sys=0,00, real=0,00 secs] 
17,961: [GC (Allocation Failure) [PSYoungGen: 105568K->64K(102912K)] 107308K->1804K(278016K), 0,0005271 secs] [Times: user=0,00 sys=0,00, real=0,00 secs] 
18,098: [GC (Allocation Failure) [PSYoungGen: 102464K->96K(99840K)] 104204K->1836K(274944K), 0,0005324 secs] [Times: user=0,00 sys=0,00, real=0,00 secs] 
18,229: [GC (Allocation Failure) [PSYoungGen: 99424K->96K(97280K)] 101164K->1836K(272384K), 0,0005304 secs] [Times: user=0,00 sys=0,00, real=0,00 secs] 
18,355: [GC (Allocation Failure) [PSYoungGen: 96864K->96K(94720K)] 98604K->1836K(269824K), 0,0005708 secs] [Times: user=0,00 sys=0,00, real=0,00 secs] 
18,475: [GC (Allocation Failure) [PSYoungGen: 94304K->96K(92160K)] 96044K->1836K(267264K), 0,0005352 secs] [Times: user=0,00 sys=0,00, real=0,00 secs] 
18,607: [GC (Allocation Failure) [PSYoungGen: 91744K->64K(89600K)] 93484K->1804K(264704K), 0,0005417 secs] [Times: user=0,00 sys=0,00, real=0,00 secs] 
18,736: [GC (Allocation Failure) [PSYoungGen: 89152K->96K(87040K)] 90892K->1836K(262144K), 0,0005396 secs] [Times: user=0,00 sys=0,00, real=0,00 secs] 
18,852: [GC (Allocation Failure) [PSYoungGen: 86624K->96K(84992K)] 88364K->1836K(260096K), 0,0005353 secs] [Times: user=0,00 sys=0,00, real=0,00 secs] 
18,962: [GC (Allocation Failure) [PSYoungGen: 84576K->96K(82944K)] 86316K->1836K(258048K), 0,0005383 secs] [Times: user=0,00 sys=0,00, real=0,00 secs] 
19,075: [GC (Allocation Failure) [PSYoungGen: 82528K->96K(80896K)] 84268K->1836K(256000K), 0,0005338 secs] [Times: user=0,00 sys=0,00, real=0,00 secs] 
19,190: [GC (Allocation Failure) [PSYoungGen: 80480K->96K(78848K)] 82220K->1836K(253952K), 0,0006244 secs] [Times: user=0,00 sys=0,00, real=0,00 secs] 
19,292: [GC (Allocation Failure) [PSYoungGen: 78432K->96K(76800K)] 80172K->1836K(251904K), 0,0005125 secs] [Times: user=0,00 sys=0,00, real=0,00 secs] 
19,408: [GC (Allocation Failure) [PSYoungGen: 76384K->64K(74752K)] 78124K->1804K(249856K), 0,0005192 secs] [Times: user=0,00 sys=0,00, real=0,00 secs] 
19,508: [GC (Allocation Failure) [PSYoungGen: 74304K->64K(73216K)] 76044K->1804K(248320K), 0,0007015 secs] [Times: user=0,00 sys=0,00, real=0,00 secs] 
19,603: [GC (Allocation Failure) [PSYoungGen: 72768K->96K(71680K)] 74508K->1836K(246784K), 0,0005035 secs] [Times: user=0,00 sys=0,00, real=0,00 secs] 
19,702: [GC (Allocation Failure) [PSYoungGen: 71264K->64K(70144K)] 73004K->1804K(245248K), 0,0006177 secs] [Times: user=0,00 sys=0,00, real=0,00 secs] 
19,797: [GC (Allocation Failure) [PSYoungGen: 69696K->96K(68608K)] 71436K->1836K(243712K), 0,0005043 secs] [Times: user=0,00 sys=0,00, real=0,00 secs] 
19,886: [GC (Allocation Failure) [PSYoungGen: 68192K->96K(67072K)] 69932K->1836K(242176K), 0,0005823 secs] [Times: user=0,00 sys=0,00, real=0,00 secs] 
19,977: [GC (Allocation Failure) [PSYoungGen: 66656K->96K(65536K)] 68396K->1836K(240640K), 0,0006409 secs] [Times: user=0,00 sys=0,00, real=0,00 secs] 
20,065: [GC (Allocation Failure) [PSYoungGen: 65120K->64K(64000K)] 66860K->1804K(239104K), 0,0010543 secs] [Times: user=0,00 sys=0,00, real=0,00 secs] 
20,152: [GC (Allocation Failure) [PSYoungGen: 63552K->96K(62464K)] 65292K->1836K(237568K), 0,0005174 secs] [Times: user=0,00 sys=0,00, real=0,00 secs] 
20,232: [GC (Allocation Failure) [PSYoungGen: 62048K->64K(61440K)] 63788K->1804K(236544K), 0,0005459 secs] [Times: user=0,00 sys=0,00, real=0,00 secs] 
20,315: [GC (Allocation Failure) [PSYoungGen: 60992K->96K(60416K)] 62732K->1836K(235520K), 0,0005076 secs] [Times: user=0,00 sys=0,00, real=0,00 secs] 
20,392: [GC (Allocation Failure) [PSYoungGen: 60000K->32K(59392K)] 61740K->1788K(234496K), 0,0005989 secs] [Times: user=0,00 sys=0,00, real=0,00 secs] 
20,467: [GC (Allocation Failure) [PSYoungGen: 58912K->96K(58368K)] 60668K->1852K(233472K), 0,0005030 secs] [Times: user=0,00 sys=0,00, real=0,00 secs] 
20,541: [GC (Allocation Failure) [PSYoungGen: 57952K->64K(57344K)] 59708K->1820K(232448K), 0,0005028 secs] [Times: user=0,00 sys=0,00, real=0,00 secs] 
20,683: [GC (Allocation Failure) [PSYoungGen: 56896K->64K(56320K)] 58652K->1820K(231424K), 0,0010150 secs] [Times: user=0,00 sys=0,00, real=0,00 secs] 
20,776: [GC (Allocation Failure) [PSYoungGen: 55872K->32K(55296K)] 57628K->1788K(230400K), 0,0017643 secs] [Times: user=0,00 sys=0,00, real=0,00 secs] 
20,856: [GC (Allocation Failure) [PSYoungGen: 54816K->96K(54272K)] 56572K->1852K(229376K), 0,0005509 secs] [Times: user=0,00 sys=0,00, real=0,00 secs] 
20,927: [GC (Allocation Failure) [PSYoungGen: 53856K->96K(53248K)] 55612K->1852K(228352K), 0,0005436 secs] [Times: user=0,00 sys=0,00, real=0,00 secs] 
20,999: [GC (Allocation Failure) [PSYoungGen: 52832K->96K(52224K)] 54588K->1852K(227328K), 0,0005321 secs] [Times: user=0,00 sys=0,01, real=0,00 secs] 
21,069: [GC (Allocation Failure) [PSYoungGen: 51808K->96K(51200K)] 53564K->1852K(226304K), 0,0006236 secs] [Times: user=0,01 sys=0,00, real=0,00 secs] 
21,137: [GC (Allocation Failure) [PSYoungGen: 50784K->64K(50176K)] 52540K->1820K(225280K), 0,0004529 secs] [Times: user=0,00 sys=0,00, real=0,00 secs] 
21,205: [GC (Allocation Failure) [PSYoungGen: 49728K->64K(49152K)] 51484K->1820K(224256K), 0,0005273 secs] [Times: user=0,00 sys=0,00, real=0,00 secs] 
21,279: [GC (Allocation Failure) [PSYoungGen: 48704K->96K(48128K)] 50460K->1852K(223232K), 0,0005468 secs] [Times: user=0,00 sys=0,00, real=0,00 secs] 
21,348: [GC (Allocation Failure) [PSYoungGen: 47712K->96K(47616K)] 49468K->1852K(222720K), 0,0005420 secs] [Times: user=0,00 sys=0,00, real=0,00 secs] 
21,431: [GC (Allocation Failure) [PSYoungGen: 47200K->64K(57344K)] 48956K->1820K(232448K), 0,0017699 secs] [Times: user=0,00 sys=0,00, real=0,00 secs] 
21,532: [GC (Allocation Failure) [PSYoungGen: 56896K->32K(69120K)] 58652K->1788K(244224K), 0,0011411 secs] [Times: user=0,00 sys=0,00, real=0,00 secs] 
21,646: [GC (Allocation Failure) [PSYoungGen: 68640K->32K(82944K)] 70396K->1788K(258048K), 0,0037080 secs] [Times: user=0,00 sys=0,00, real=0,00 secs] 
21,802: [GC (Allocation Failure) [PSYoungGen: 82464K->64K(99840K)] 84220K->1820K(274944K), 0,0005255 secs] [Times: user=0,00 sys=0,00, real=0,00 secs] 
22,016: [GC (Allocation Failure) [PSYoungGen: 99392K->96K(97280K)] 101148K->1852K(272384K), 0,0006078 secs] [Times: user=0,00 sys=0,00, real=0,00 secs] 
22,162: [GC (Allocation Failure) [PSYoungGen: 96864K->64K(94720K)] 98620K->1820K(269824K), 0,0004786 secs] [Times: user=0,01 sys=0,00, real=0,00 secs] 
22,301: [GC (Allocation Failure) [PSYoungGen: 94272K->96K(92160K)] 96028K->1852K(267264K), 0,0004984 secs] [Times: user=0,00 sys=0,00, real=0,00 secs] 
22,439: [GC (Allocation Failure) [PSYoungGen: 91744K->64K(89600K)] 93500K->1820K(264704K), 0,0005938 secs] [Times: user=0,00 sys=0,00, real=0,00 secs] 
22,572: [GC (Allocation Failure) [PSYoungGen: 89152K->64K(87040K)] 90908K->1820K(262144K), 0,0005439 secs] [Times: user=0,00 sys=0,00, real=0,00 secs] 
22,697: [GC (Allocation Failure) [PSYoungGen: 86592K->96K(84992K)] 88348K->1852K(260096K), 0,0005591 secs] [Times: user=0,00 sys=0,00, real=0,00 secs] 
22,818: [GC (Allocation Failure) [PSYoungGen: 84576K->64K(82944K)] 86332K->1820K(258048K), 0,0004576 secs] [Times: user=0,00 sys=0,00, real=0,00 secs] 
22,937: [GC (Allocation Failure) [PSYoungGen: 82496K->96K(80896K)] 84252K->1852K(256000K), 0,0006277 secs] [Times: user=0,00 sys=0,01, real=0,00 secs] 
23,052: [GC (Allocation Failure) [PSYoungGen: 80480K->64K(78848K)] 82236K->1820K(253952K), 0,0011214 secs] [Times: user=0,00 sys=0,00, real=0,00 secs] 
23,159: [GC (Allocation Failure) [PSYoungGen: 78400K->64K(76800K)] 80156K->1820K(251904K), 0,0008371 secs] [Times: user=0,00 sys=0,00, real=0,00 secs] 
23,286: [GC (Allocation Failure) [PSYoungGen: 76352K->32K(74752K)] 78108K->1788K(249856K), 0,0015658 secs] [Times: user=0,00 sys=0,00, real=0,00 secs] 
23,455: [GC (Allocation Failure) [PSYoungGen: 74272K->32K(89600K)] 76028K->1788K(264704K), 0,0086820 secs] [Times: user=0,00 sys=0,00, real=0,00 secs] 
23,639: [GC (Allocation Failure) [PSYoungGen: 89120K->96K(107520K)] 90876K->1852K(282624K), 0,0005139 secs] [Times: user=0,00 sys=0,00, real=0,00 secs] 
23,808: [GC (Allocation Failure) [PSYoungGen: 107104K->96K(109568K)] 108860K->1852K(284672K), 0,0006034 secs] [Times: user=0,00 sys=0,00, real=0,00 secs] 
23,955: [GC (Allocation Failure) [PSYoungGen: 109152K->64K(106496K)] 110908K->1820K(281600K), 0,0005912 secs] [Times: user=0,00 sys=0,00, real=0,00 secs] 
24,107: [GC (Allocation Failure) [PSYoungGen: 106048K->96K(103424K)] 107804K->1852K(278528K), 0,0004581 secs] [Times: user=0,00 sys=0,00, real=0,00 secs] 
24,255: [GC (Allocation Failure) [PSYoungGen: 103008K->64K(100352K)] 104764K->1820K(275456K), 0,0009060 secs] [Times: user=0,00 sys=0,00, real=0,00 secs] 
24,394: [GC (Allocation Failure) [PSYoungGen: 99903K->96K(97792K)] 101660K->1852K(272896K), 0,0005138 secs] [Times: user=0,01 sys=0,00, real=0,00 secs] 
24,524: [GC (Allocation Failure) [PSYoungGen: 97376K->96K(95232K)] 99132K->1852K(270336K), 0,0004560 secs] [Times: user=0,00 sys=0,00, real=0,00 secs] 
24,655: [GC (Allocation Failure) [PSYoungGen: 94816K->64K(92672K)] 96572K->1820K(267776K), 0,0004777 secs] [Times: user=0,00 sys=0,00, real=0,00 secs] 
24,784: [GC (Allocation Failure) [PSYoungGen: 92224K->96K(90112K)] 93980K->1852K(265216K), 0,0004881 secs] [Times: user=0,00 sys=0,00, real=0,01 secs] 
24,903: [GC (Allocation Failure) [PSYoungGen: 89696K->64K(87552K)] 91452K->1820K(262656K), 0,0004611 secs] [Times: user=0,00 sys=0,00, real=0,00 secs] 
25,021: [GC (Allocation Failure) [PSYoungGen: 87104K->96K(85504K)] 88860K->1852K(260608K), 0,0004666 secs] [Times: user=0,00 sys=0,00, real=0,00 secs] 
25,129: [GC (Allocation Failure) [PSYoungGen: 85088K->96K(83456K)] 86844K->1852K(258560K), 0,0004391 secs] [Times: user=0,00 sys=0,00, real=0,00 secs] 
25,237: [GC (Allocation Failure) [PSYoungGen: 83040K->96K(81408K)] 84796K->1852K(256512K), 0,0010409 secs] [Times: user=0,00 sys=0,00, real=0,00 secs] 
25,348: [GC (Allocation Failure) [PSYoungGen: 80992K->96K(79360K)] 82748K->1852K(254464K), 0,0005132 secs] [Times: user=0,00 sys=0,00, real=0,00 secs] 
25,450: [GC (Allocation Failure) [PSYoungGen: 78944K->96K(77312K)] 80700K->1852K(252416K), 0,0004241 secs] [Times: user=0,00 sys=0,00, real=0,00 secs] 
25,547: [GC (Allocation Failure) [PSYoungGen: 76896K->96K(75264K)] 78652K->1852K(250368K), 0,0004301 secs] [Times: user=0,00 sys=0,00, real=0,00 secs] 
25,646: [GC (Allocation Failure) [PSYoungGen: 74848K->64K(73728K)] 76604K->1820K(248832K), 0,0008106 secs] [Times: user=0,00 sys=0,00, real=0,00 secs] 
25,743: [GC (Allocation Failure) [PSYoungGen: 73280K->96K(72192K)] 75036K->1852K(247296K), 0,0004957 secs] [Times: user=0,00 sys=0,00, real=0,00 secs] 
25,834: [GC (Allocation Failure) [PSYoungGen: 71776K->64K(70656K)] 73532K->1820K(245760K), 0,0004373 secs] [Times: user=0,00 sys=0,00, real=0,00 secs] 
25,926: [GC (Allocation Failure) [PSYoungGen: 70208K->64K(69120K)] 71964K->1820K(244224K), 0,0005554 secs] [Times: user=0,00 sys=0,00, real=0,00 secs] 
26,021: [GC (Allocation Failure) [PSYoungGen: 68672K->64K(67584K)] 70428K->1820K(242688K), 0,0005642 secs] [Times: user=0,00 sys=0,00, real=0,00 secs] 
26,111: [GC (Allocation Failure) [PSYoungGen: 67136K->96K(66048K)] 68892K->1852K(241152K), 0,0005075 secs] [Times: user=0,00 sys=0,00, real=0,00 secs] 
26,201: [GC (Allocation Failure) [PSYoungGen: 65632K->96K(64512K)] 67388K->1852K(239616K), 0,0005191 secs] [Times: user=0,00 sys=0,00, real=0,00 secs] 
26,291: [GC (Allocation Failure) [PSYoungGen: 64095K->64K(62976K)] 65852K->1820K(238080K), 0,0011525 secs] [Times: user=0,01 sys=0,00, real=0,00 secs] 
26,379: [GC (Allocation Failure) [PSYoungGen: 62528K->96K(61952K)] 64284K->1852K(237056K), 0,0008094 secs] [Times: user=0,00 sys=0,00, real=0,00 secs] 
26,466: [GC (Allocation Failure) [PSYoungGen: 61536K->64K(60928K)] 63292K->1820K(236032K), 0,0007143 secs] [Times: user=0,00 sys=0,00, real=0,00 secs] 
26,545: [GC (Allocation Failure) [PSYoungGen: 60480K->64K(59904K)] 62236K->1820K(235008K), 0,0004925 secs] [Times: user=0,00 sys=0,00, real=0,00 secs] 
26,628: [GC (Allocation Failure) [PSYoungGen: 59456K->96K(58880K)] 61212K->1852K(233984K), 0,0005107 secs] [Times: user=0,00 sys=0,00, real=0,00 secs] 
26,701: [GC (Allocation Failure) [PSYoungGen: 58464K->96K(57856K)] 60220K->1852K(232960K), 0,0004402 secs] [Times: user=0,00 sys=0,00, real=0,00 secs] 
26,773: [GC (Allocation Failure) [PSYoungGen: 57440K->32K(56832K)] 59196K->1788K(231936K), 0,0005357 secs] [Times: user=0,00 sys=0,00, real=0,00 secs] 
26,846: [GC (Allocation Failure) [PSYoungGen: 56352K->64K(55808K)] 58108K->1820K(230912K), 0,0004922 secs] [Times: user=0,00 sys=0,00, real=0,00 secs] 
26,920: [GC (Allocation Failure) [PSYoungGen: 55360K->96K(54784K)] 57116K->1852K(229888K), 0,0006779 secs] [Times: user=0,00 sys=0,00, real=0,00 secs] 
26,997: [GC (Allocation Failure) [PSYoungGen: 54368K->32K(53760K)] 56124K->1788K(228864K), 0,0014885 secs] [Times: user=0,00 sys=0,00, real=0,00 secs] 
27,093: [GC (Allocation Failure) [PSYoungGen: 53280K->96K(52736K)] 55036K->1852K(227840K), 0,0005062 secs] [Times: user=0,00 sys=0,00, real=0,00 secs] 
27,166: [GC (Allocation Failure) [PSYoungGen: 52320K->96K(51712K)] 54076K->1852K(226816K), 0,0004940 secs] [Times: user=0,01 sys=0,00, real=0,00 secs] 
27,241: [GC (Allocation Failure) [PSYoungGen: 51296K->96K(50688K)] 53052K->1852K(225792K), 0,0006881 secs] [Times: user=0,01 sys=0,00, real=0,00 secs] 
27,324: [GC (Allocation Failure) [PSYoungGen: 50272K->64K(49664K)] 52028K->1820K(224768K), 0,0006773 secs] [Times: user=0,00 sys=0,00, real=0,01 secs] 
27,402: [GC (Allocation Failure) [PSYoungGen: 49216K->96K(48640K)] 50972K->1852K(223744K), 0,0005188 secs] [Times: user=0,00 sys=0,00, real=0,00 secs] 
27,471: [GC (Allocation Failure) [PSYoungGen: 48224K->96K(48128K)] 49980K->1852K(223232K), 0,0005397 secs] [Times: user=0,00 sys=0,00, real=0,00 secs] 
27,533: [GC (Allocation Failure) [PSYoungGen: 47712K->64K(47616K)] 49468K->1820K(222720K), 0,0005641 secs] [Times: user=0,01 sys=0,00, real=0,00 secs] 
27,594: [GC (Allocation Failure) [PSYoungGen: 47168K->96K(47104K)] 48924K->1852K(222208K), 0,0005533 secs] [Times: user=0,00 sys=0,00, real=0,01 secs] 
27,655: [GC (Allocation Failure) [PSYoungGen: 46688K->96K(46592K)] 48444K->1852K(221696K), 0,0005115 secs] [Times: user=0,00 sys=0,00, real=0,00 secs] 
27,715: [GC (Allocation Failure) [PSYoungGen: 46176K->96K(46080K)] 47932K->1852K(221184K), 0,0005251 secs] [Times: user=0,00 sys=0,00, real=0,00 secs] 
27,774: [GC (Allocation Failure) [PSYoungGen: 45664K->64K(45568K)] 47420K->1820K(220672K), 0,0004829 secs] [Times: user=0,00 sys=0,00, real=0,01 secs] 
27,832: [GC (Allocation Failure) [PSYoungGen: 45120K->64K(45056K)] 46876K->1820K(220160K), 0,0005008 secs] [Times: user=0,00 sys=0,00, real=0,00 secs] 
27,889: [GC (Allocation Failure) [PSYoungGen: 44608K->96K(44544K)] 46364K->1852K(219648K), 0,0005073 secs] [Times: user=0,00 sys=0,00, real=0,00 secs] 
27,946: [GC (Allocation Failure) [PSYoungGen: 44128K->96K(44032K)] 45884K->1852K(219136K), 0,0005555 secs] [Times: user=0,00 sys=0,00, real=0,00 secs] 
28,002: [GC (Allocation Failure) [PSYoungGen: 43616K->96K(43520K)] 45372K->1852K(218624K), 0,0004255 secs] [Times: user=0,00 sys=0,00, real=0,00 secs] 
28,058: [GC (Allocation Failure) [PSYoungGen: 43103K->96K(43008K)] 44860K->1852K(218112K), 0,0005337 secs] [Times: user=0,00 sys=0,00, real=0,00 secs] 
28,113: [GC (Allocation Failure) [PSYoungGen: 42592K->96K(42496K)] 44348K->1852K(217600K), 0,0004298 secs] [Times: user=0,00 sys=0,00, real=0,00 secs] 
28,167: [GC (Allocation Failure) [PSYoungGen: 42080K->64K(41984K)] 43836K->1820K(217088K), 0,0004912 secs] [Times: user=0,00 sys=0,00, real=0,00 secs] 
28,220: [GC (Allocation Failure) [PSYoungGen: 41536K->96K(41472K)] 43292K->1852K(216576K), 0,0005444 secs] [Times: user=0,00 sys=0,00, real=0,00 secs] 
28,273: [GC (Allocation Failure) [PSYoungGen: 41056K->96K(40960K)] 42812K->1852K(216064K), 0,0004215 secs] [Times: user=0,00 sys=0,00, real=0,00 secs] 
28,325: [GC (Allocation Failure) [PSYoungGen: 40544K->96K(40448K)] 42300K->1852K(215552K), 0,0004198 secs] [Times: user=0,00 sys=0,00, real=0,00 secs] 
28,376: [GC (Allocation Failure) [PSYoungGen: 40032K->64K(39936K)] 41788K->1820K(215040K), 0,0004272 secs] [Times: user=0,00 sys=0,00, real=0,00 secs] 
28,426: [GC (Allocation Failure) [PSYoungGen: 39488K->96K(39424K)] 41244K->1852K(214528K), 0,0004383 secs] [Times: user=0,00 sys=0,00, real=0,00 secs] 
28,476: [GC (Allocation Failure) [PSYoungGen: 39008K->96K(38912K)] 40764K->1852K(214016K), 0,0004293 secs] [Times: user=0,00 sys=0,00, real=0,00 secs] 
28,526: [GC (Allocation Failure) [PSYoungGen: 38496K->64K(38400K)] 40252K->1820K(213504K), 0,0004769 secs] [Times: user=0,00 sys=0,00, real=0,00 secs] 
28,574: [GC (Allocation Failure) [PSYoungGen: 37952K->64K(37888K)] 39708K->1820K(212992K), 0,0004219 secs] [Times: user=0,00 sys=0,00, real=0,01 secs] 
28,623: [GC (Allocation Failure) [PSYoungGen: 37440K->96K(37376K)] 39196K->1852K(212480K), 0,0004148 secs] [Times: user=0,00 sys=0,00, real=0,00 secs] 
28,670: [GC (Allocation Failure) [PSYoungGen: 36960K->64K(36864K)] 38716K->1820K(211968K), 0,0005445 secs] [Times: user=0,00 sys=0,00, real=0,00 secs] 
28,717: [GC (Allocation Failure) [PSYoungGen: 36416K->96K(36352K)] 38172K->1852K(211456K), 0,0004171 secs] [Times: user=0,00 sys=0,00, real=0,00 secs] 
28,763: [GC (Allocation Failure) [PSYoungGen: 35936K->64K(35840K)] 37692K->1820K(210944K), 0,0004305 secs] [Times: user=0,00 sys=0,00, real=0,00 secs] 
28,809: [GC (Allocation Failure) [PSYoungGen: 35392K->96K(35328K)] 37148K->1852K(210432K), 0,0004243 secs] [Times: user=0,00 sys=0,00, real=0,00 secs] 
28,855: [GC (Allocation Failure) [PSYoungGen: 34912K->96K(34816K)] 36668K->1852K(209920K), 0,0005269 secs] [Times: user=0,00 sys=0,00, real=0,00 secs] 
28,900: [GC (Allocation Failure) [PSYoungGen: 34400K->96K(34304K)] 36156K->1852K(209408K), 0,0004469 secs] [Times: user=0,01 sys=0,00, real=0,00 secs] 
28,943: [GC (Allocation Failure) [PSYoungGen: 33888K->64K(33792K)] 35644K->1820K(208896K), 0,0005095 secs] [Times: user=0,00 sys=0,00, real=0,00 secs] 
28,987: [GC (Allocation Failure) [PSYoungGen: 33344K->96K(33280K)] 35100K->1852K(208384K), 0,0004236 secs] [Times: user=0,00 sys=0,00, real=0,00 secs] 
29,030: [GC (Allocation Failure) [PSYoungGen: 32864K->96K(32768K)] 34620K->1852K(207872K), 0,0005605 secs] [Times: user=0,01 sys=0,00, real=0,00 secs] 
29,072: [GC (Allocation Failure) [PSYoungGen: 32352K->64K(39424K)] 34108K->1820K(214528K), 0,0005910 secs] [Times: user=0,00 sys=0,00, real=0,00 secs] 
29,122: [GC (Allocation Failure) [PSYoungGen: 38976K->96K(38912K)] 40732K->1852K(214016K), 0,0004081 secs] [Times: user=0,00 sys=0,00, real=0,00 secs] 
29,172: [GC (Allocation Failure) [PSYoungGen: 38496K->96K(38400K)] 40252K->1852K(213504K), 0,0004126 secs] [Times: user=0,00 sys=0,00, real=0,00 secs] 
29,221: [GC (Allocation Failure) [PSYoungGen: 37984K->96K(37888K)] 39740K->1852K(212992K), 0,0004229 secs] [Times: user=0,00 sys=0,00, real=0,00 secs] 
29,270: [GC (Allocation Failure) [PSYoungGen: 37472K->64K(37376K)] 39228K->1820K(212480K), 0,0004541 secs] [Times: user=0,01 sys=0,00, real=0,00 secs] 
29,317: [GC (Allocation Failure) [PSYoungGen: 36928K->96K(36864K)] 38684K->1852K(211968K), 0,0004214 secs] [Times: user=0,00 sys=0,00, real=0,00 secs] 
29,364: [GC (Allocation Failure) [PSYoungGen: 36448K->64K(36352K)] 38204K->1820K(211456K), 0,0004344 secs] [Times: user=0,00 sys=0,00, real=0,01 secs] 
29,411: [GC (Allocation Failure) [PSYoungGen: 35904K->96K(35840K)] 37660K->1852K(210944K), 0,0004534 secs] [Times: user=0,00 sys=0,00, real=0,00 secs] 
29,456: [GC (Allocation Failure) [PSYoungGen: 35424K->96K(35328K)] 37180K->1852K(210432K), 0,0004243 secs] [Times: user=0,00 sys=0,00, real=0,00 secs] 
29,501: [GC (Allocation Failure) [PSYoungGen: 34912K->96K(34816K)] 36668K->1852K(209920K), 0,0004106 secs] [Times: user=0,00 sys=0,00, real=0,00 secs] 
29,545: [GC (Allocation Failure) [PSYoungGen: 34400K->96K(34304K)] 36156K->1852K(209408K), 0,0004247 secs] [Times: user=0,00 sys=0,00, real=0,00 secs] 
29,590: [GC (Allocation Failure) [PSYoungGen: 33888K->96K(33792K)] 35644K->1852K(208896K), 0,0005321 secs] [Times: user=0,00 sys=0,00, real=0,00 secs] 
29,635: [GC (Allocation Failure) [PSYoungGen: 33376K->96K(33280K)] 35132K->1852K(208384K), 0,0004280 secs] [Times: user=0,00 sys=0,00, real=0,00 secs] 
29,679: [GC (Allocation Failure) [PSYoungGen: 32864K->64K(32768K)] 34620K->1820K(207872K), 0,0005336 secs] [Times: user=0,00 sys=0,00, real=0,00 secs] 
29,725: [GC (Allocation Failure) [PSYoungGen: 32320K->96K(32256K)] 34076K->1852K(207360K), 0,0004982 secs] [Times: user=0,00 sys=0,00, real=0,00 secs] 
29,768: [GC (Allocation Failure) [PSYoungGen: 31840K->96K(31744K)] 33596K->1852K(206848K), 0,0004632 secs] [Times: user=0,00 sys=0,00, real=0,00 secs] 
29,811: [GC (Allocation Failure) [PSYoungGen: 31328K->96K(31744K)] 33084K->1852K(206848K), 0,0004628 secs] [Times: user=0,00 sys=0,00, real=0,00 secs] 
29,851: [GC (Allocation Failure) [PSYoungGen: 31328K->96K(31744K)] 33084K->1852K(206848K), 0,0004161 secs] [Times: user=0,00 sys=0,00, real=0,00 secs] 
29,892: [GC (Allocation Failure) [PSYoungGen: 31328K->64K(31744K)] 33084K->1820K(206848K), 0,0004250 secs] [Times: user=0,00 sys=0,00, real=0,00 secs] 
29,933: [GC (Allocation Failure) [PSYoungGen: 31296K->64K(31744K)] 33052K->1820K(206848K), 0,0004524 secs] [Times: user=0,00 sys=0,00, real=0,00 secs] 
29,974: [GC (Allocation Failure) [PSYoungGen: 31296K->96K(31744K)] 33052K->1852K(206848K), 0,0004650 secs] [Times: user=0,01 sys=0,00, real=0,00 secs] 
30,019: [GC (Allocation Failure) [PSYoungGen: 31328K->96K(31744K)] 33084K->1852K(206848K), 0,0005293 secs] [Times: user=0,00 sys=0,00, real=0,00 secs] 
30,069: [GC (Allocation Failure) [PSYoungGen: 31328K->96K(38400K)] 33084K->1852K(213504K), 0,0006571 secs] [Times: user=0,00 sys=0,00, real=0,00 secs] 
30,121: [GC (Allocation Failure) [PSYoungGen: 37984K->96K(37888K)] 39740K->1852K(212992K), 0,0005028 secs] [Times: user=0,00 sys=0,00, real=0,00 secs] 
30,171: [GC (Allocation Failure) [PSYoungGen: 37472K->64K(37376K)] 39228K->1820K(212480K), 0,0005128 secs] [Times: user=0,00 sys=0,00, real=0,00 secs] 
30,221: [GC (Allocation Failure) [PSYoungGen: 36928K->96K(36864K)] 38684K->1852K(211968K), 0,0005609 secs] [Times: user=0,00 sys=0,00, real=0,00 secs] 
30,271: [GC (Allocation Failure) [PSYoungGen: 36448K->96K(36352K)] 38204K->1852K(211456K), 0,0004672 secs] [Times: user=0,00 sys=0,00, real=0,00 secs] 
30,317: [GC (Allocation Failure) [PSYoungGen: 35936K->96K(35840K)] 37692K->1876K(210944K), 0,0004373 secs] [Times: user=0,00 sys=0,00, real=0,00 secs] 
30,364: [GC (Allocation Failure) [PSYoungGen: 35424K->96K(35328K)] 37204K->1876K(210432K), 0,0004233 secs] [Times: user=0,00 sys=0,00, real=0,00 secs] 
30,410: [GC (Allocation Failure) [PSYoungGen: 34912K->64K(42496K)] 36692K->1844K(217600K), 0,0011380 secs] [Times: user=0,00 sys=0,00, real=0,00 secs] 
30,466: [GC (Allocation Failure) [PSYoungGen: 42048K->64K(51200K)] 43828K->1844K(226304K), 0,0004916 secs] [Times: user=0,00 sys=0,00, real=0,00 secs] 
30,531: [GC (Allocation Failure) [PSYoungGen: 50752K->64K(61440K)] 52532K->1844K(236544K), 0,0004947 secs] [Times: user=0,00 sys=0,00, real=0,00 secs] 
30,611: [GC (Allocation Failure) [PSYoungGen: 60992K->64K(60416K)] 62772K->1844K(235520K), 0,0006018 secs] [Times: user=0,00 sys=0,00, real=0,00 secs] 
30,690: [GC (Allocation Failure) [PSYoungGen: 59968K->96K(59392K)] 61748K->1876K(234496K), 0,0005302 secs] [Times: user=0,01 sys=0,00, real=0,00 secs] 
30,767: [GC (Allocation Failure) [PSYoungGen: 58976K->64K(58368K)] 60756K->1844K(233472K), 0,0005442 secs] [Times: user=0,00 sys=0,00, real=0,00 secs] 
30,842: [GC (Allocation Failure) [PSYoungGen: 57920K->96K(57344K)] 59700K->1876K(232448K), 0,0005322 secs] [Times: user=0,00 sys=0,00, real=0,00 secs] 
30,917: [GC (Allocation Failure) [PSYoungGen: 56928K->64K(56320K)] 58708K->1844K(231424K), 0,0005183 secs] [Times: user=0,00 sys=0,00, real=0,00 secs] 
30,989: [GC (Allocation Failure) [PSYoungGen: 55872K->64K(55296K)] 57652K->1844K(230400K), 0,0005239 secs] [Times: user=0,00 sys=0,00, real=0,00 secs] 
31,063: [GC (Allocation Failure) [PSYoungGen: 54848K->64K(54272K)] 56628K->1844K(229376K), 0,0005189 secs] [Times: user=0,00 sys=0,00, real=0,00 secs] 
31,133: [GC (Allocation Failure) [PSYoungGen: 53824K->96K(53248K)] 55604K->1876K(228352K), 0,0005266 secs] [Times: user=0,01 sys=0,00, real=0,00 secs] 
31,203: [GC (Allocation Failure) [PSYoungGen: 52832K->96K(52224K)] 54612K->1876K(227328K), 0,0005028 secs] [Times: user=0,00 sys=0,00, real=0,00 secs] 
31,273: [GC (Allocation Failure) [PSYoungGen: 51808K->64K(51200K)] 53588K->1844K(226304K), 0,0005723 secs] [Times: user=0,00 sys=0,00, real=0,00 secs] 
31,341: [GC (Allocation Failure) [PSYoungGen: 50752K->64K(50176K)] 52532K->1844K(225280K), 0,0005024 secs] [Times: user=0,00 sys=0,00, real=0,00 secs] 
31,411: [GC (Allocation Failure) [PSYoungGen: 49728K->96K(49152K)] 51508K->1876K(224256K), 0,0005061 secs] [Times: user=0,00 sys=0,00, real=0,00 secs] 
31,485: [GC (Allocation Failure) [PSYoungGen: 48735K->32K(48128K)] 50516K->1812K(223232K), 0,0010305 secs] [Times: user=0,00 sys=0,00, real=0,00 secs] 
31,552: [GC (Allocation Failure) [PSYoungGen: 47648K->96K(47616K)] 49428K->1876K(222720K), 0,0005376 secs] [Times: user=0,00 sys=0,00, real=0,00 secs] 
31,612: [GC (Allocation Failure) [PSYoungGen: 47200K->96K(47104K)] 48980K->1876K(222208K), 0,0005551 secs] [Times: user=0,00 sys=0,00, real=0,00 secs] 
31,672: [GC (Allocation Failure) [PSYoungGen: 46688K->96K(46592K)] 48468K->1876K(221696K), 0,0005489 secs] [Times: user=0,00 sys=0,00, real=0,00 secs] 
31,732: [GC (Allocation Failure) [PSYoungGen: 46176K->96K(46080K)] 47956K->1876K(221184K), 0,0005407 secs] [Times: user=0,00 sys=0,00, real=0,00 secs] 
31,791: [GC (Allocation Failure) [PSYoungGen: 45664K->64K(45568K)] 47444K->1844K(220672K), 0,0005119 secs] [Times: user=0,01 sys=0,00, real=0,00 secs] 
31,849: [GC (Allocation Failure) [PSYoungGen: 45120K->96K(45056K)] 46900K->1876K(220160K), 0,0005108 secs] [Times: user=0,00 sys=0,00, real=0,00 secs] 
31,907: [GC (Allocation Failure) [PSYoungGen: 44640K->96K(44544K)] 46420K->1876K(219648K), 0,0005216 secs] [Times: user=0,00 sys=0,00, real=0,00 secs] 
31,966: [GC (Allocation Failure) [PSYoungGen: 44128K->64K(44032K)] 45908K->1844K(219136K), 0,0005283 secs] [Times: user=0,00 sys=0,00, real=0,00 secs] 
32,029: [GC (Allocation Failure) [PSYoungGen: 43584K->96K(43520K)] 45364K->1876K(218624K), 0,0004581 secs] [Times: user=0,00 sys=0,00, real=0,00 secs] 
32,089: [GC (Allocation Failure) [PSYoungGen: 43104K->96K(43008K)] 44884K->1876K(218112K), 0,0005309 secs] [Times: user=0,00 sys=0,00, real=0,00 secs] 
32,147: [GC (Allocation Failure) [PSYoungGen: 42592K->96K(42496K)] 44372K->1876K(217600K), 0,0005464 secs] [Times: user=0,00 sys=0,00, real=0,00 secs] 
32,204: [GC (Allocation Failure) [PSYoungGen: 42080K->64K(41984K)] 43860K->1844K(217088K), 0,0005373 secs] [Times: user=0,00 sys=0,00, real=0,01 secs] 
32,262: [GC (Allocation Failure) [PSYoungGen: 41536K->96K(41472K)] 43316K->1876K(216576K), 0,0005629 secs] [Times: user=0,00 sys=0,00, real=0,00 secs] 
32,319: [GC (Allocation Failure) [PSYoungGen: 41056K->96K(40960K)] 42836K->1876K(216064K), 0,0005186 secs] [Times: user=0,01 sys=0,01, real=0,00 secs] 
32,376: [GC (Allocation Failure) [PSYoungGen: 40544K->96K(40448K)] 42324K->1876K(215552K), 0,0005501 secs] [Times: user=0,00 sys=0,00, real=0,00 secs] 
32,430: [GC (Allocation Failure) [PSYoungGen: 40032K->96K(39936K)] 41812K->1876K(215040K), 0,0005170 secs] [Times: user=0,00 sys=0,00, real=0,00 secs] 
32,482: [GC (Allocation Failure) [PSYoungGen: 39520K->96K(39424K)] 41300K->1876K(214528K), 0,0004268 secs] [Times: user=0,00 sys=0,00, real=0,00 secs] 
32,533: [GC (Allocation Failure) [PSYoungGen: 39008K->96K(38912K)] 40788K->1876K(214016K), 0,0004336 secs] [Times: user=0,01 sys=0,00, real=0,00 secs] 
32,585: [GC (Allocation Failure) [PSYoungGen: 38496K->64K(38400K)] 40276K->1844K(213504K), 0,0005423 secs] [Times: user=0,01 sys=0,00, real=0,00 secs] 
32,640: [GC (Allocation Failure) [PSYoungGen: 37952K->96K(37888K)] 39732K->1876K(212992K), 0,0005180 secs] [Times: user=0,00 sys=0,00, real=0,00 secs] 
32,692: [GC (Allocation Failure) [PSYoungGen: 37472K->64K(37376K)] 39252K->1844K(212480K), 0,0005331 secs] [Times: user=0,00 sys=0,00, real=0,00 secs] 
32,743: [GC (Allocation Failure) [PSYoungGen: 36928K->96K(36864K)] 38708K->1876K(211968K), 0,0005048 secs] [Times: user=0,00 sys=0,00, real=0,00 secs] 
32,792: [GC (Allocation Failure) [PSYoungGen: 36448K->96K(36352K)] 38228K->1876K(211456K), 0,0004268 secs] [Times: user=0,01 sys=0,00, real=0,00 secs] 
32,840: [GC (Allocation Failure) [PSYoungGen: 35936K->96K(35840K)] 37716K->1876K(210944K), 0,0004437 secs] [Times: user=0,00 sys=0,00, real=0,00 secs] 
32,888: [GC (Allocation Failure) [PSYoungGen: 35424K->96K(35328K)] 37204K->1876K(210432K), 0,0004322 secs] [Times: user=0,00 sys=0,00, real=0,00 secs] 
32,937: [GC (Allocation Failure) [PSYoungGen: 34912K->64K(34816K)] 36692K->1844K(209920K), 0,0004974 secs] [Times: user=0,00 sys=0,00, real=0,00 secs] 
32,984: [GC (Allocation Failure) [PSYoungGen: 34368K->128K(34304K)] 36148K->1908K(209408K), 0,0004426 secs] [Times: user=0,00 sys=0,00, real=0,01 secs] 
33,034: [GC (Allocation Failure) [PSYoungGen: 33920K->96K(33792K)] 35700K->1876K(208896K), 0,0005150 secs] [Times: user=0,00 sys=0,00, real=0,00 secs] 
33,083: [GC (Allocation Failure) [PSYoungGen: 33376K->96K(33280K)] 35156K->1876K(208384K), 0,0005263 secs] [Times: user=0,00 sys=0,00, real=0,00 secs] 
33,130: [GC (Allocation Failure) [PSYoungGen: 32864K->128K(32768K)] 34644K->1908K(207872K), 0,0006080 secs] [Times: user=0,01 sys=0,01, real=0,00 secs] 
33,174: [GC (Allocation Failure) [PSYoungGen: 32384K->96K(32256K)] 34164K->1876K(207360K), 0,0005207 secs] [Times: user=0,00 sys=0,00, real=0,01 secs] 
33,221: [GC (Allocation Failure) [PSYoungGen: 31840K->64K(38912K)] 33620K->1844K(214016K), 0,0008213 secs] [Times: user=0,01 sys=0,00, real=0,00 secs] 
33,273: [GC (Allocation Failure) [PSYoungGen: 38464K->64K(46592K)] 40244K->1844K(221696K), 0,0005355 secs] [Times: user=0,00 sys=0,00, real=0,00 secs] 
33,340: [GC (Allocation Failure) [PSYoungGen: 46144K->64K(55808K)] 47924K->1844K(230912K), 0,0009874 secs] [Times: user=0,00 sys=0,00, real=0,00 secs] 
33,414: [GC (Allocation Failure) [PSYoungGen: 55360K->96K(67072K)] 57140K->1876K(242176K), 0,0005424 secs] [Times: user=0,01 sys=0,00, real=0,00 secs] 
33,499: [GC (Allocation Failure) [PSYoungGen: 66656K->96K(65536K)] 68436K->1876K(240640K), 0,0005343 secs] [Times: user=0,00 sys=0,00, real=0,00 secs] 
33,584: [GC (Allocation Failure) [PSYoungGen: 65120K->64K(64000K)] 66900K->1844K(239104K), 0,0005015 secs] [Times: user=0,01 sys=0,00, real=0,01 secs] 
33,670: [GC (Allocation Failure) [PSYoungGen: 63552K->96K(62464K)] 65332K->1876K(237568K), 0,0005407 secs] [Times: user=0,00 sys=0,00, real=0,00 secs] 
33,766: [GC (Allocation Failure) [PSYoungGen: 62048K->64K(61440K)] 63828K->1844K(236544K), 0,0009630 secs] [Times: user=0,00 sys=0,00, real=0,00 secs] 
33,847: [GC (Allocation Failure) [PSYoungGen: 60992K->96K(60416K)] 62772K->1876K(235520K), 0,0005287 secs] [Times: user=0,00 sys=0,00, real=0,00 secs] 
33,925: [GC (Allocation Failure) [PSYoungGen: 60000K->96K(59392K)] 61780K->1876K(234496K), 0,0005725 secs] [Times: user=0,00 sys=0,00, real=0,00 secs] 
34,008: [GC (Allocation Failure) [PSYoungGen: 58976K->96K(58368K)] 60756K->1876K(233472K), 0,0005142 secs] [Times: user=0,00 sys=0,00, real=0,00 secs] 
34,113: [GC (Allocation Failure) [PSYoungGen: 57952K->64K(57344K)] 59732K->1844K(232448K), 0,0008432 secs] [Times: user=0,01 sys=0,00, real=0,00 secs] 
34,187: [GC (Allocation Failure) [PSYoungGen: 56896K->64K(56320K)] 58676K->1844K(231424K), 0,0005320 secs] [Times: user=0,00 sys=0,00, real=0,00 secs] 
34,260: [GC (Allocation Failure) [PSYoungGen: 55872K->64K(55296K)] 57652K->1844K(230400K), 0,0005184 secs] [Times: user=0,00 sys=0,00, real=0,00 secs] 
34,338: [GC (Allocation Failure) [PSYoungGen: 54848K->32K(66560K)] 56628K->1812K(241664K), 0,0033085 secs] [Times: user=0,00 sys=0,00, real=0,00 secs] 
34,437: [GC (Allocation Failure) [PSYoungGen: 66080K->64K(79872K)] 67860K->1844K(254976K), 0,0007771 secs] [Times: user=0,00 sys=0,00, real=0,00 secs] 
34,547: [GC (Allocation Failure) [PSYoungGen: 79424K->96K(95744K)] 81204K->1876K(270848K), 0,0005074 secs] [Times: user=0,00 sys=0,00, real=0,00 secs] 
34,674: [GC (Allocation Failure) [PSYoungGen: 95328K->64K(109568K)] 97108K->1844K(284672K), 0,0011296 secs] [Times: user=0,01 sys=0,00, real=0,01 secs] 
34,819: [GC (Allocation Failure) [PSYoungGen: 109120K->64K(106496K)] 110900K->1844K(281600K), 0,0005345 secs] [Times: user=0,00 sys=0,00, real=0,00 secs] 
34,972: [GC (Allocation Failure) [PSYoungGen: 106048K->96K(103424K)] 107828K->1876K(278528K), 0,0006006 secs] [Times: user=0,01 sys=0,00, real=0,00 secs] 
35,109: [GC (Allocation Failure) [PSYoungGen: 103008K->96K(100352K)] 104788K->1876K(275456K), 0,0005725 secs] [Times: user=0,00 sys=0,00, real=0,00 secs] 
35,244: [GC (Allocation Failure) [PSYoungGen: 99936K->64K(97792K)] 101716K->1844K(272896K), 0,0010993 secs] [Times: user=0,00 sys=0,00, real=0,01 secs] 
35,374: [GC (Allocation Failure) [PSYoungGen: 97344K->96K(95232K)] 99124K->1876K(270336K), 0,0005757 secs] [Times: user=0,00 sys=0,00, real=0,00 secs] 
35,494: [GC (Allocation Failure) [PSYoungGen: 94816K->96K(92672K)] 96596K->1876K(267776K), 0,0005158 secs] [Times: user=0,00 sys=0,00, real=0,01 secs] 
35,611: [GC (Allocation Failure) [PSYoungGen: 92256K->64K(90112K)] 94036K->1844K(265216K), 0,0006140 secs] [Times: user=0,00 sys=0,00, real=0,00 secs] 
35,730: [GC (Allocation Failure) [PSYoungGen: 89664K->128K(87552K)] 91444K->1908K(262656K), 0,0010221 secs] [Times: user=0,00 sys=0,00, real=0,00 secs] 
35,848: [GC (Allocation Failure) [PSYoungGen: 87168K->96K(85504K)] 88948K->1876K(260608K), 0,0005394 secs] [Times: user=0,00 sys=0,00, real=0,00 secs] 
35,961: [GC (Allocation Failure) [PSYoungGen: 85088K->96K(83456K)] 86868K->1876K(258560K), 0,0005481 secs] [Times: user=0,01 sys=0,00, real=0,00 secs] 
36,073: [GC (Allocation Failure) [PSYoungGen: 83040K->64K(81408K)] 84820K->1844K(256512K), 0,0012082 secs] [Times: user=0,01 sys=0,00, real=0,00 secs] 
36,180: [GC (Allocation Failure) [PSYoungGen: 80960K->64K(79360K)] 82740K->1844K(254464K), 0,0005065 secs] [Times: user=0,00 sys=0,00, real=0,00 secs] 
36,282: [GC (Allocation Failure) [PSYoungGen: 78911K->96K(77312K)] 80692K->1876K(252416K), 0,0005742 secs] [Times: user=0,00 sys=0,00, real=0,00 secs] 
36,381: [GC (Allocation Failure) [PSYoungGen: 76896K->64K(75264K)] 78676K->1844K(250368K), 0,0005547 secs] [Times: user=0,00 sys=0,00, real=0,00 secs] 
36,480: [GC (Allocation Failure) [PSYoungGen: 74816K->96K(73728K)] 76596K->1876K(248832K), 0,0005242 secs] [Times: user=0,00 sys=0,00, real=0,00 secs] 
36,575: [GC (Allocation Failure) [PSYoungGen: 73312K->96K(72192K)] 75092K->1876K(247296K), 0,0005541 secs] [Times: user=0,00 sys=0,00, real=0,00 secs] 
36,668: [GC (Allocation Failure) [PSYoungGen: 71776K->64K(70656K)] 73556K->1844K(245760K), 0,0005254 secs] [Times: user=0,00 sys=0,00, real=0,00 secs] 
36,760: [GC (Allocation Failure) [PSYoungGen: 70208K->64K(69120K)] 71988K->1844K(244224K), 0,0007786 secs] [Times: user=0,00 sys=0,00, real=0,00 secs] 
36,852: [GC (Allocation Failure) [PSYoungGen: 68672K->96K(67584K)] 70452K->1876K(242688K), 0,0005359 secs] [Times: user=0,00 sys=0,00, real=0,00 secs] 
36,948: [GC (Allocation Failure) [PSYoungGen: 67168K->96K(66048K)] 68948K->1876K(241152K), 0,0012126 secs] [Times: user=0,00 sys=0,00, real=0,00 secs] 
37,042: [GC (Allocation Failure) [PSYoungGen: 65632K->64K(64512K)] 67412K->1844K(239616K), 0,0011394 secs] [Times: user=0,00 sys=0,00, real=0,00 secs] 
37,130: [GC (Allocation Failure) [PSYoungGen: 64064K->96K(62976K)] 65844K->1876K(238080K), 0,0005296 secs] [Times: user=0,00 sys=0,00, real=0,00 secs] 
37,215: [GC (Allocation Failure) [PSYoungGen: 62560K->96K(61952K)] 64340K->1876K(237056K), 0,0005631 secs] [Times: user=0,00 sys=0,00, real=0,00 secs] 
37,299: [GC (Allocation Failure) [PSYoungGen: 61536K->96K(60928K)] 63316K->1876K(236032K), 0,0005263 secs] [Times: user=0,00 sys=0,00, real=0,00 secs] 
37,381: [GC (Allocation Failure) [PSYoungGen: 60512K->96K(59904K)] 62292K->1876K(235008K), 0,0005347 secs] [Times: user=0,01 sys=0,00, real=0,00 secs] 
37,462: [GC (Allocation Failure) [PSYoungGen: 59488K->64K(58880K)] 61268K->1844K(233984K), 0,0005267 secs] [Times: user=0,00 sys=0,00, real=0,00 secs] 
37,541: [GC (Allocation Failure) [PSYoungGen: 58432K->96K(57856K)] 60212K->1876K(232960K), 0,0005483 secs] [Times: user=0,00 sys=0,00, real=0,00 secs] 
37,658: [GC (Allocation Failure) [PSYoungGen: 57440K->64K(56832K)] 59220K->1844K(231936K), 0,0005171 secs] [Times: user=0,00 sys=0,00, real=0,00 secs] 
37,734: [GC (Allocation Failure) [PSYoungGen: 56384K->96K(55808K)] 58164K->1876K(230912K), 0,0005236 secs] [Times: user=0,00 sys=0,00, real=0,00 secs] 
37,809: [GC (Allocation Failure) [PSYoungGen: 55392K->96K(54784K)] 57172K->1876K(229888K), 0,0005244 secs] [Times: user=0,00 sys=0,00, real=0,00 secs] 
37,881: [GC (Allocation Failure) [PSYoungGen: 54368K->96K(53760K)] 56148K->1876K(228864K), 0,0005702 secs] [Times: user=0,00 sys=0,00, real=0,00 secs] 
37,955: [GC (Allocation Failure) [PSYoungGen: 53344K->64K(52736K)] 55124K->1844K(227840K), 0,0012333 secs] [Times: user=0,01 sys=0,00, real=0,00 secs] 
38,031: [GC (Allocation Failure) [PSYoungGen: 52288K->96K(51712K)] 54068K->1876K(226816K), 0,0010261 secs] [Times: user=0,00 sys=0,00, real=0,00 secs] 
38,106: [GC (Allocation Failure) [PSYoungGen: 51296K->96K(50688K)] 53076K->1876K(225792K), 0,0005351 secs] [Times: user=0,00 sys=0,00, real=0,00 secs] 
38,172: [GC (Allocation Failure) [PSYoungGen: 50272K->64K(49664K)] 52052K->1844K(224768K), 0,0007340 secs] [Times: user=0,00 sys=0,00, real=0,00 secs] 
38,238: [GC (Allocation Failure) [PSYoungGen: 49216K->96K(48640K)] 50996K->1876K(223744K), 0,0005321 secs] [Times: user=0,01 sys=0,00, real=0,00 secs] 
38,300: [GC (Allocation Failure) [PSYoungGen: 48224K->96K(48128K)] 50004K->1876K(223232K), 0,0005233 secs] [Times: user=0,00 sys=0,00, real=0,00 secs] 
38,361: [GC (Allocation Failure) [PSYoungGen: 47712K->96K(47616K)] 49492K->1876K(222720K), 0,0005111 secs] [Times: user=0,00 sys=0,00, real=0,00 secs] 
38,423: [GC (Allocation Failure) [PSYoungGen: 47200K->96K(47104K)] 48980K->1876K(222208K), 0,0005575 secs] [Times: user=0,00 sys=0,00, real=0,00 secs] 
38,505: [GC (Allocation Failure) [PSYoungGen: 46688K->96K(46592K)] 48468K->1876K(221696K), 0,0005478 secs] [Times: user=0,00 sys=0,00, real=0,00 secs] 
38,574: [GC (Allocation Failure) [PSYoungGen: 46176K->96K(46080K)] 47956K->1876K(221184K), 0,0005862 secs] [Times: user=0,00 sys=0,00, real=0,01 secs] 
38,637: [GC (Allocation Failure) [PSYoungGen: 45664K->96K(45568K)] 47444K->1876K(220672K), 0,0005322 secs] [Times: user=0,00 sys=0,00, real=0,00 secs] 
38,700: [GC (Allocation Failure) [PSYoungGen: 45152K->96K(45056K)] 46932K->1876K(220160K), 0,0005225 secs] [Times: user=0,01 sys=0,00, real=0,00 secs] 
38,762: [GC (Allocation Failure) [PSYoungGen: 44640K->96K(44544K)] 46420K->1876K(219648K), 0,0005440 secs] [Times: user=0,00 sys=0,00, real=0,00 secs] 
38,824: [GC (Allocation Failure) [PSYoungGen: 44128K->64K(53760K)] 45908K->1844K(228864K), 0,0015066 secs] [Times: user=0,00 sys=0,00, real=0,01 secs] 
38,899: [GC (Allocation Failure) [PSYoungGen: 53312K->64K(64512K)] 55092K->1844K(239616K), 0,0005444 secs] [Times: user=0,00 sys=0,00, real=0,00 secs] 
38,990: [GC (Allocation Failure) [PSYoungGen: 64064K->64K(62976K)] 65844K->1844K(238080K), 0,0005209 secs] [Times: user=0,00 sys=0,00, real=0,00 secs] 
39,075: [GC (Allocation Failure) [PSYoungGen: 62528K->64K(61952K)] 64308K->1844K(237056K), 0,0005236 secs] [Times: user=0,00 sys=0,00, real=0,00 secs] 
39,161: [GC (Allocation Failure) [PSYoungGen: 61504K->96K(60928K)] 63284K->1876K(236032K), 0,0005556 secs] [Times: user=0,00 sys=0,00, real=0,00 secs] 
39,260: [GC (Allocation Failure) [PSYoungGen: 60512K->32K(59904K)] 62292K->1812K(235008K), 0,0011450 secs] [Times: user=0,00 sys=0,00, real=0,00 secs] 
39,358: [GC (Allocation Failure) [PSYoungGen: 59424K->96K(58880K)] 61204K->1876K(233984K), 0,0005494 secs] [Times: user=0,00 sys=0,00, real=0,00 secs] 
39,440: [GC (Allocation Failure) [PSYoungGen: 58464K->64K(57856K)] 60244K->1844K(232960K), 0,0011556 secs] [Times: user=0,00 sys=0,00, real=0,00 secs] 
39,523: [GC (Allocation Failure) [PSYoungGen: 57408K->128K(56832K)] 59188K->1908K(231936K), 0,0006085 secs] [Times: user=0,00 sys=0,00, real=0,00 secs] 
39,599: [GC (Allocation Failure) [PSYoungGen: 56448K->96K(55808K)] 58228K->1876K(230912K), 0,0005310 secs] [Times: user=0,00 sys=0,00, real=0,00 secs] 
39,675: [GC (Allocation Failure) [PSYoungGen: 55392K->64K(54784K)] 57172K->1844K(229888K), 0,0006036 secs] [Times: user=0,00 sys=0,00, real=0,00 secs] 
39,761: [GC (Allocation Failure) [PSYoungGen: 54336K->96K(53760K)] 56116K->1876K(228864K), 0,0005161 secs] [Times: user=0,00 sys=0,00, real=0,00 secs] 
39,847: [GC (Allocation Failure) [PSYoungGen: 53344K->64K(52736K)] 55124K->1844K(227840K), 0,0006384 secs] [Times: user=0,00 sys=0,00, real=0,00 secs] 
39,924: [GC (Allocation Failure) [PSYoungGen: 52288K->96K(51712K)] 54068K->1876K(226816K), 0,0004498 secs] [Times: user=0,00 sys=0,00, real=0,00 secs] 
39,999: [GC (Allocation Failure) [PSYoungGen: 51296K->96K(50688K)] 53076K->1876K(225792K), 0,0004670 secs] [Times: user=0,01 sys=0,00, real=0,00 secs] 
40,090: [GC (Allocation Failure) [PSYoungGen: 50272K->96K(49664K)] 52052K->1876K(224768K), 0,0004403 secs] [Times: user=0,00 sys=0,00, real=0,00 secs] 
40,157: [GC (Allocation Failure) [PSYoungGen: 49248K->96K(48640K)] 51028K->1876K(223744K), 0,0004473 secs] [Times: user=0,00 sys=0,00, real=0,00 secs] 
40,223: [GC (Allocation Failure) [PSYoungGen: 48224K->96K(48128K)] 50004K->1876K(223232K), 0,0004374 secs] [Times: user=0,00 sys=0,00, real=0,00 secs] 
40,288: [GC (Allocation Failure) [PSYoungGen: 47712K->96K(47616K)] 49492K->1876K(222720K), 0,0004576 secs] [Times: user=0,00 sys=0,00, real=0,00 secs] 
40,351: [GC (Allocation Failure) [PSYoungGen: 47200K->64K(47104K)] 48980K->1860K(222208K), 0,0010623 secs] [Times: user=0,01 sys=0,00, real=0,00 secs] 
40,413: [GC (Allocation Failure) [PSYoungGen: 46656K->96K(46592K)] 48452K->1892K(221696K), 0,0004324 secs] [Times: user=0,00 sys=0,00, real=0,00 secs] 
40,484: [GC (Allocation Failure) [PSYoungGen: 46176K->96K(46080K)] 47972K->1892K(221184K), 0,0005639 secs] [Times: user=0,01 sys=0,00, real=0,01 secs] 
40,546: [GC (Allocation Failure) [PSYoungGen: 45664K->96K(45568K)] 47460K->1892K(220672K), 0,0004392 secs] [Times: user=0,00 sys=0,00, real=0,00 secs] 
40,606: [GC (Allocation Failure) [PSYoungGen: 45152K->64K(45056K)] 46948K->1860K(220160K), 0,0005084 secs] [Times: user=0,00 sys=0,01, real=0,00 secs] 
40,669: [GC (Allocation Failure) [PSYoungGen: 44608K->96K(44544K)] 46404K->1892K(219648K), 0,0004630 secs] [Times: user=0,00 sys=0,00, real=0,00 secs] 
40,728: [GC (Allocation Failure) [PSYoungGen: 44128K->96K(44032K)] 45924K->1892K(219136K), 0,0004554 secs] [Times: user=0,00 sys=0,00, real=0,00 secs] 
40,786: [GC (Allocation Failure) [PSYoungGen: 43616K->96K(43520K)] 45412K->1892K(218624K), 0,0004453 secs] [Times: user=0,00 sys=0,00, real=0,00 secs] 
40,844: [GC (Allocation Failure) [PSYoungGen: 43104K->96K(43008K)] 44900K->1892K(218112K), 0,0006740 secs] [Times: user=0,00 sys=0,00, real=0,00 secs] 
40,900: [GC (Allocation Failure) [PSYoungGen: 42592K->64K(42496K)] 44388K->1860K(217600K), 0,0006521 secs] [Times: user=0,00 sys=0,00, real=0,00 secs] 
40,957: [GC (Allocation Failure) [PSYoungGen: 42048K->96K(41984K)] 43844K->1892K(217088K), 0,0004442 secs] [Times: user=0,00 sys=0,00, real=0,00 secs] 
41,015: [GC (Allocation Failure) [PSYoungGen: 41568K->96K(41472K)] 43364K->1892K(216576K), 0,0004629 secs] [Times: user=0,00 sys=0,00, real=0,00 secs] 
41,073: [GC (Allocation Failure) [PSYoungGen: 41056K->96K(40960K)] 42852K->1892K(216064K), 0,0004410 secs] [Times: user=0,00 sys=0,00, real=0,00 secs] 
41,126: [GC (Allocation Failure) [PSYoungGen: 40544K->64K(40448K)] 42340K->1860K(215552K), 0,0007601 secs] [Times: user=0,00 sys=0,00, real=0,00 secs] 
41,194: [GC (Allocation Failure) [PSYoungGen: 40000K->96K(39936K)] 41796K->1892K(215040K), 0,0005371 secs] [Times: user=0,01 sys=0,00, real=0,01 secs] 
41,271: [GC (Allocation Failure) [PSYoungGen: 39520K->96K(39424K)] 41316K->1892K(214528K), 0,0005003 secs] [Times: user=0,00 sys=0,00, real=0,00 secs] 
41,334: [GC (Allocation Failure) [PSYoungGen: 39008K->64K(38912K)] 40804K->1860K(214016K), 0,0005075 secs] [Times: user=0,00 sys=0,00, real=0,01 secs] 
41,409: [GC (Allocation Failure) [PSYoungGen: 38464K->96K(38400K)] 40260K->1892K(213504K), 0,0006072 secs] [Times: user=0,00 sys=0,00, real=0,00 secs] 
41,475: [GC (Allocation Failure) [PSYoungGen: 37984K->96K(37888K)] 39780K->1892K(212992K), 0,0007598 secs] [Times: user=0,00 sys=0,00, real=0,00 secs] 
41,537: [GC (Allocation Failure) [PSYoungGen: 37472K->96K(37376K)] 39268K->1892K(212480K), 0,0006151 secs] [Times: user=0,00 sys=0,00, real=0,00 secs] 
41,610: [GC (Allocation Failure) [PSYoungGen: 36960K->96K(36864K)] 38756K->1892K(211968K), 0,0005268 secs] [Times: user=0,00 sys=0,00, real=0,00 secs] 
41,679: [GC (Allocation Failure) [PSYoungGen: 36448K->64K(44544K)] 38244K->1860K(219648K), 0,0013979 secs] [Times: user=0,00 sys=0,00, real=0,00 secs] 
41,768: [GC (Allocation Failure) [PSYoungGen: 44096K->64K(44032K)] 45892K->1860K(219136K), 0,0005837 secs] [Times: user=0,00 sys=0,00, real=0,00 secs] 
41,849: [GC (Allocation Failure) [PSYoungGen: 43584K->96K(43520K)] 45380K->1892K(218624K), 0,0005304 secs] [Times: user=0,00 sys=0,00, real=0,00 secs] 
41,923: [GC (Allocation Failure) [PSYoungGen: 43104K->64K(43008K)] 44900K->1860K(218112K), 0,0005038 secs] [Times: user=0,00 sys=0,00, real=0,00 secs] 
41,995: [GC (Allocation Failure) [PSYoungGen: 42560K->96K(42496K)] 44356K->1892K(217600K), 0,0005647 secs] [Times: user=0,00 sys=0,00, real=0,00 secs] 
42,079: [GC (Allocation Failure) [PSYoungGen: 42080K->96K(41984K)] 43876K->1892K(217088K), 0,0006430 secs] [Times: user=0,00 sys=0,00, real=0,00 secs] 
42,153: [GC (Allocation Failure) [PSYoungGen: 41568K->96K(41472K)] 43364K->1892K(216576K), 0,0005633 secs] [Times: user=0,00 sys=0,00, real=0,00 secs] 
42,233: [GC (Allocation Failure) [PSYoungGen: 41056K->64K(40960K)] 42852K->1860K(216064K), 0,0005148 secs] [Times: user=0,00 sys=0,00, real=0,00 secs] 
42,313: [GC (Allocation Failure) [PSYoungGen: 40512K->96K(40448K)] 42308K->1892K(215552K), 0,0005927 secs] [Times: user=0,00 sys=0,00, real=0,00 secs] 
42,376: [GC (Allocation Failure) [PSYoungGen: 40032K->64K(48640K)] 41828K->1860K(223744K), 0,0023256 secs] [Times: user=0,00 sys=0,00, real=0,00 secs] 
42,463: [GC (Allocation Failure) [PSYoungGen: 48192K->64K(58368K)] 49988K->1860K(233472K), 0,0014364 secs] [Times: user=0,00 sys=0,00, real=0,01 secs] 
42,548: [GC (Allocation Failure) [PSYoungGen: 57920K->96K(70144K)] 59716K->1892K(245248K), 0,0006000 secs] [Times: user=0,00 sys=0,00, real=0,00 secs] 
42,645: [GC (Allocation Failure) [PSYoungGen: 69728K->64K(84480K)] 71524K->1860K(259584K), 0,0007644 secs] [Times: user=0,00 sys=0,00, real=0,00 secs] 
42,758: [GC (Allocation Failure) [PSYoungGen: 84032K->96K(82432K)] 85828K->1892K(257536K), 0,0004536 secs] [Times: user=0,00 sys=0,00, real=0,00 secs] 
42,866: [GC (Allocation Failure) [PSYoungGen: 82016K->96K(80384K)] 83812K->1892K(255488K), 0,0004369 secs] [Times: user=0,00 sys=0,00, real=0,00 secs] 
42,977: [GC (Allocation Failure) [PSYoungGen: 79968K->64K(78336K)] 81764K->1860K(253440K), 0,0008987 secs] [Times: user=0,00 sys=0,00, real=0,00 secs] 
43,082: [GC (Allocation Failure) [PSYoungGen: 77888K->96K(76288K)] 79684K->1892K(251392K), 0,0005313 secs] [Times: user=0,00 sys=0,00, real=0,00 secs] 
43,182: [GC (Allocation Failure) [PSYoungGen: 75872K->96K(74752K)] 77668K->1892K(249856K), 0,0004475 secs] [Times: user=0,00 sys=0,00, real=0,00 secs] 
43,284: [GC (Allocation Failure) [PSYoungGen: 74336K->96K(73216K)] 76132K->1892K(248320K), 0,0009684 secs] [Times: user=0,01 sys=0,00, real=0,01 secs] 
43,385: [GC (Allocation Failure) [PSYoungGen: 72800K->96K(71680K)] 74596K->1892K(246784K), 0,0004542 secs] [Times: user=0,01 sys=0,00, real=0,00 secs] 
43,485: [GC (Allocation Failure) [PSYoungGen: 71264K->96K(70144K)] 73060K->1892K(245248K), 0,0004478 secs] [Times: user=0,00 sys=0,00, real=0,00 secs] 
43,578: [GC (Allocation Failure) [PSYoungGen: 69728K->96K(68608K)] 71524K->1892K(243712K), 0,0004314 secs] [Times: user=0,00 sys=0,00, real=0,00 secs] 
43,666: [GC (Allocation Failure) [PSYoungGen: 68192K->96K(67072K)] 69988K->1892K(242176K), 0,0005180 secs] [Times: user=0,00 sys=0,00, real=0,00 secs] 
43,759: [GC (Allocation Failure) [PSYoungGen: 66656K->96K(65536K)] 68452K->1892K(240640K), 0,0004773 secs] [Times: user=0,00 sys=0,00, real=0,00 secs] 
43,845: [GC (Allocation Failure) [PSYoungGen: 65120K->64K(64000K)] 66916K->1868K(239104K), 0,0010059 secs] [Times: user=0,00 sys=0,00, real=0,00 secs] 
43,934: [GC (Allocation Failure) [PSYoungGen: 63552K->64K(62464K)] 65356K->1868K(237568K), 0,0009910 secs] [Times: user=0,00 sys=0,00, real=0,00 secs] 
44,020: [GC (Allocation Failure) [PSYoungGen: 62016K->96K(61440K)] 63820K->1900K(236544K), 0,0005568 secs] [Times: user=0,00 sys=0,00, real=0,00 secs] 
44,105: [GC (Allocation Failure) [PSYoungGen: 61024K->64K(60416K)] 62828K->1868K(235520K), 0,0007629 secs] [Times: user=0,00 sys=0,00, real=0,00 secs] 
44,183: [GC (Allocation Failure) [PSYoungGen: 59968K->96K(59392K)] 61772K->1900K(234496K), 0,0004557 secs] [Times: user=0,00 sys=0,00, real=0,00 secs] 
44,257: [GC (Allocation Failure) [PSYoungGen: 58976K->96K(58368K)] 60780K->1900K(233472K), 0,0004236 secs] [Times: user=0,00 sys=0,00, real=0,00 secs] 
44,330: [GC (Allocation Failure) [PSYoungGen: 57952K->96K(57344K)] 59756K->1900K(232448K), 0,0005371 secs] [Times: user=0,00 sys=0,01, real=0,00 secs] 
44,402: [GC (Allocation Failure) [PSYoungGen: 56928K->64K(56320K)] 58732K->1868K(231424K), 0,0007531 secs] [Times: user=0,00 sys=0,00, real=0,00 secs] 
44,472: [GC (Allocation Failure) [PSYoungGen: 55872K->96K(55296K)] 57676K->1900K(230400K), 0,0004600 secs] [Times: user=0,00 sys=0,00, real=0,00 secs] 
44,541: [GC (Allocation Failure) [PSYoungGen: 54880K->64K(54272K)] 56684K->1868K(229376K), 0,0004315 secs] [Times: user=0,00 sys=0,00, real=0,00 secs] 
44,608: [GC (Allocation Failure) [PSYoungGen: 53824K->96K(53248K)] 55628K->1900K(228352K), 0,0004325 secs] [Times: user=0,00 sys=0,00, real=0,00 secs] 
44,674: [GC (Allocation Failure) [PSYoungGen: 52832K->64K(52224K)] 54636K->1868K(227328K), 0,0005106 secs] [Times: user=0,00 sys=0,00, real=0,00 secs] 
44,739: [GC (Allocation Failure) [PSYoungGen: 51776K->96K(51200K)] 53580K->1900K(226304K), 0,0004264 secs] [Times: user=0,00 sys=0,00, real=0,00 secs] 
44,804: [GC (Allocation Failure) [PSYoungGen: 50784K->96K(50176K)] 52588K->1900K(225280K), 0,0004389 secs] [Times: user=0,00 sys=0,00, real=0,00 secs] 
44,869: [GC (Allocation Failure) [PSYoungGen: 49760K->96K(49152K)] 51564K->1900K(224256K), 0,0004755 secs] [Times: user=0,00 sys=0,00, real=0,00 secs] 
44,934: [GC (Allocation Failure) [PSYoungGen: 48736K->96K(48128K)] 50540K->1900K(223232K), 0,0004389 secs] [Times: user=0,00 sys=0,00, real=0,01 secs] 
44,994: [GC (Allocation Failure) [PSYoungGen: 47712K->64K(47616K)] 49516K->1868K(222720K), 0,0004289 secs] [Times: user=0,00 sys=0,00, real=0,01 secs] 
45,053: [GC (Allocation Failure) [PSYoungGen: 47168K->96K(47104K)] 48972K->1900K(222208K), 0,0004506 secs] [Times: user=0,00 sys=0,00, real=0,00 secs] 
45,113: [GC (Allocation Failure) [PSYoungGen: 46688K->64K(46592K)] 48492K->1868K(221696K), 0,0004451 secs] [Times: user=0,00 sys=0,00, real=0,00 secs] 
45,170: [GC (Allocation Failure) [PSYoungGen: 46144K->96K(46080K)] 47948K->1900K(221184K), 0,0004268 secs] [Times: user=0,00 sys=0,00, real=0,00 secs] 
45,228: [GC (Allocation Failure) [PSYoungGen: 45664K->64K(45568K)] 47468K->1868K(220672K), 0,0006201 secs] [Times: user=0,00 sys=0,00, real=0,00 secs] 
45,285: [GC (Allocation Failure) [PSYoungGen: 45120K->64K(45056K)] 46924K->1868K(220160K), 0,0006189 secs] [Times: user=0,00 sys=0,00, real=0,00 secs] 
45,341: [GC (Allocation Failure) [PSYoungGen: 44608K->96K(44544K)] 46412K->1900K(219648K), 0,0004291 secs] [Times: user=0,00 sys=0,00, real=0,00 secs] 
45,396: [GC (Allocation Failure) [PSYoungGen: 44128K->96K(44032K)] 45932K->1900K(219136K), 0,0004569 secs] [Times: user=0,01 sys=0,00, real=0,00 secs] 
45,450: [GC (Allocation Failure) [PSYoungGen: 43616K->64K(43520K)] 45420K->1868K(218624K), 0,0004415 secs] [Times: user=0,00 sys=0,00, real=0,00 secs] 
45,504: [GC (Allocation Failure) [PSYoungGen: 43071K->96K(43008K)] 44876K->1900K(218112K), 0,0004243 secs] [Times: user=0,00 sys=0,00, real=0,01 secs] 
45,558: [GC (Allocation Failure) [PSYoungGen: 42592K->96K(42496K)] 44396K->1900K(217600K), 0,0004767 secs] [Times: user=0,00 sys=0,00, real=0,00 secs] 
45,609: [GC (Allocation Failure) [PSYoungGen: 42080K->96K(41984K)] 43884K->1900K(217088K), 0,0004053 secs] [Times: user=0,00 sys=0,00, real=0,00 secs] 
45,659: [GC (Allocation Failure) [PSYoungGen: 41568K->64K(41472K)] 43372K->1868K(216576K), 0,0009949 secs] [Times: user=0,00 sys=0,00, real=0,00 secs] 
45,718: [GC (Allocation Failure) [PSYoungGen: 41024K->64K(40960K)] 42828K->1868K(216064K), 0,0004415 secs] [Times: user=0,00 sys=0,00, real=0,00 secs] 
45,770: [GC (Allocation Failure) [PSYoungGen: 40512K->96K(40448K)] 42316K->1900K(215552K), 0,0005229 secs] [Times: user=0,00 sys=0,00, real=0,00 secs] 
45,822: [GC (Allocation Failure) [PSYoungGen: 40032K->64K(39936K)] 41836K->1868K(215040K), 0,0005201 secs] [Times: user=0,00 sys=0,00, real=0,00 secs] 
45,870: [GC (Allocation Failure) [PSYoungGen: 39488K->64K(39424K)] 41292K->1868K(214528K), 0,0005161 secs] [Times: user=0,00 sys=0,00, real=0,00 secs] 
45,918: [GC (Allocation Failure) [PSYoungGen: 38976K->64K(38912K)] 40780K->1868K(214016K), 0,0004565 secs] [Times: user=0,00 sys=0,00, real=0,00 secs] 
45,965: [GC (Allocation Failure) [PSYoungGen: 38464K->64K(46592K)] 40268K->1868K(221696K), 0,0009531 secs] [Times: user=0,00 sys=0,00, real=0,00 secs] 
46,024: [GC (Allocation Failure) [PSYoungGen: 46144K->64K(55808K)] 47948K->1868K(230912K), 0,0005631 secs] [Times: user=0,00 sys=0,00, real=0,00 secs] 
46,095: [GC (Allocation Failure) [PSYoungGen: 55360K->96K(54784K)] 57164K->1900K(229888K), 0,0005324 secs] [Times: user=0,00 sys=0,00, real=0,00 secs] 
46,162: [GC (Allocation Failure) [PSYoungGen: 54368K->64K(53760K)] 56172K->1868K(228864K), 0,0005082 secs] [Times: user=0,00 sys=0,00, real=0,00 secs] 
46,233: [GC (Allocation Failure) [PSYoungGen: 53312K->64K(52736K)] 55116K->1868K(227840K), 0,0005124 secs] [Times: user=0,00 sys=0,00, real=0,00 secs] 
46,296: [GC (Allocation Failure) [PSYoungGen: 52288K->96K(51712K)] 54092K->1900K(226816K), 0,0004806 secs] [Times: user=0,00 sys=0,00, real=0,00 secs] 
46,358: [GC (Allocation Failure) [PSYoungGen: 51296K->64K(50688K)] 53100K->1868K(225792K), 0,0004860 secs] [Times: user=0,00 sys=0,00, real=0,00 secs] 
46,420: [GC (Allocation Failure) [PSYoungGen: 50240K->96K(49664K)] 52044K->1900K(224768K), 0,0005241 secs] [Times: user=0,00 sys=0,00, real=0,00 secs] 
46,479: [GC (Allocation Failure) [PSYoungGen: 49248K->96K(48640K)] 51052K->1900K(223744K), 0,0005023 secs] [Times: user=0,00 sys=0,00, real=0,00 secs] 
46,540: [GC (Allocation Failure) [PSYoungGen: 48224K->96K(48128K)] 50028K->1900K(223232K), 0,0004996 secs] [Times: user=0,00 sys=0,00, real=0,00 secs] 
46,600: [GC (Allocation Failure) [PSYoungGen: 47712K->64K(47616K)] 49516K->1868K(222720K), 0,0005271 secs] [Times: user=0,00 sys=0,00, real=0,00 secs] 
46,657: [GC (Allocation Failure) [PSYoungGen: 47168K->96K(47104K)] 48972K->1900K(222208K), 0,0004809 secs] [Times: user=0,00 sys=0,00, real=0,00 secs] 
46,721: [GC (Allocation Failure) [PSYoungGen: 46688K->64K(46592K)] 48492K->1868K(221696K), 0,0006791 secs] [Times: user=0,00 sys=0,00, real=0,00 secs] 
46,780: [GC (Allocation Failure) [PSYoungGen: 46144K->96K(46080K)] 47948K->1900K(221184K), 0,0005513 secs] [Times: user=0,00 sys=0,00, real=0,00 secs] 
46,838: [GC (Allocation Failure) [PSYoungGen: 45664K->96K(45568K)] 47468K->1900K(220672K), 0,0005155 secs] [Times: user=0,00 sys=0,00, real=0,00 secs] 
46,894: [GC (Allocation Failure) [PSYoungGen: 45152K->96K(45056K)] 46956K->1900K(220160K), 0,0004954 secs] [Times: user=0,00 sys=0,00, real=0,01 secs] 
46,956: [GC (Allocation Failure) [PSYoungGen: 44640K->64K(54272K)] 46444K->1868K(229376K), 0,0011414 secs] [Times: user=0,01 sys=0,00, real=0,00 secs] 
47,030: [GC (Allocation Failure) [PSYoungGen: 53824K->96K(53248K)] 55628K->1900K(228352K), 0,0005390 secs] [Times: user=0,00 sys=0,00, real=0,00 secs] 
47,104: [GC (Allocation Failure) [PSYoungGen: 52832K->64K(64000K)] 54636K->1868K(239104K), 0,0010140 secs] [Times: user=0,00 sys=0,00, real=0,01 secs] 
47,188: [GC (Allocation Failure) [PSYoungGen: 63552K->96K(62464K)] 65356K->1900K(237568K), 0,0022746 secs] [Times: user=0,00 sys=0,00, real=0,00 secs] 
47,274: [GC (Allocation Failure) [PSYoungGen: 62048K->96K(61440K)] 63852K->1900K(236544K), 0,0005272 secs] [Times: user=0,00 sys=0,00, real=0,01 secs] 
47,351: [GC (Allocation Failure) [PSYoungGen: 61024K->96K(60416K)] 62828K->1900K(235520K), 0,0005679 secs] [Times: user=0,01 sys=0,00, real=0,00 secs] 
47,426: [GC (Allocation Failure) [PSYoungGen: 60000K->64K(59392K)] 61804K->1868K(234496K), 0,0004976 secs] [Times: user=0,00 sys=0,00, real=0,00 secs] 
47,501: [GC (Allocation Failure) [PSYoungGen: 58944K->96K(58368K)] 60748K->1900K(233472K), 0,0005110 secs] [Times: user=0,01 sys=0,00, real=0,00 secs] 
47,574: [GC (Allocation Failure) [PSYoungGen: 57952K->96K(57344K)] 59756K->1900K(232448K), 0,0005438 secs] [Times: user=0,00 sys=0,00, real=0,00 secs] 
47,658: [GC (Allocation Failure) [PSYoungGen: 56928K->64K(56320K)] 58732K->1868K(231424K), 0,0009912 secs] [Times: user=0,00 sys=0,00, real=0,00 secs] 
47,734: [GC (Allocation Failure) [PSYoungGen: 55872K->64K(55296K)] 57676K->1868K(230400K), 0,0005268 secs] [Times: user=0,00 sys=0,00, real=0,01 secs] 
47,805: [GC (Allocation Failure) [PSYoungGen: 54848K->32K(54272K)] 56652K->1836K(229376K), 0,0008328 secs] [Times: user=0,00 sys=0,00, real=0,00 secs] 
47,873: [GC (Allocation Failure) [PSYoungGen: 53792K->64K(53248K)] 55596K->1868K(228352K), 0,0004933 secs] [Times: user=0,00 sys=0,00, real=0,00 secs] 
47,942: [GC (Allocation Failure) [PSYoungGen: 52800K->96K(52224K)] 54604K->1900K(227328K), 0,0005373 secs] [Times: user=0,00 sys=0,00, real=0,00 secs] 
48,015: [GC (Allocation Failure) [PSYoungGen: 51808K->96K(51200K)] 53612K->1900K(226304K), 0,0010456 secs] [Times: user=0,00 sys=0,00, real=0,00 secs] 
48,097: [GC (Allocation Failure) [PSYoungGen: 50784K->96K(50176K)] 52588K->1900K(225280K), 0,0005803 secs] [Times: user=0,00 sys=0,00, real=0,00 secs] 
48,170: [GC (Allocation Failure) [PSYoungGen: 49760K->96K(49152K)] 51564K->1900K(224256K), 0,0005561 secs] [Times: user=0,00 sys=0,00, real=0,00 secs] 
48,234: [GC (Allocation Failure) [PSYoungGen: 48736K->96K(48128K)] 50540K->1900K(223232K), 0,0005059 secs] [Times: user=0,00 sys=0,00, real=0,00 secs] 
48,304: [GC (Allocation Failure) [PSYoungGen: 47712K->96K(57856K)] 49516K->1900K(232960K), 0,0014752 secs] [Times: user=0,00 sys=0,00, real=0,00 secs] 
48,396: [GC (Allocation Failure) [PSYoungGen: 57440K->96K(56832K)] 59244K->1900K(231936K), 0,0005589 secs] [Times: user=0,00 sys=0,00, real=0,00 secs] 
48,487: [GC (Allocation Failure) [PSYoungGen: 56416K->64K(68096K)] 58220K->1868K(243200K), 0,0012299 secs] [Times: user=0,00 sys=0,00, real=0,00 secs] 
48,600: [GC (Allocation Failure) [PSYoungGen: 67648K->32K(81920K)] 69452K->1836K(257024K), 0,0021150 secs] [Times: user=0,00 sys=0,00, real=0,00 secs] 
48,719: [GC (Allocation Failure) [PSYoungGen: 81440K->96K(79872K)] 83244K->1900K(254976K), 0,0005254 secs] [Times: user=0,00 sys=0,00, real=0,00 secs] 
48,830: [GC (Allocation Failure) [PSYoungGen: 79456K->96K(77824K)] 81260K->1900K(252928K), 0,0005466 secs] [Times: user=0,00 sys=0,00, real=0,00 secs] 
48,937: [GC (Allocation Failure) [PSYoungGen: 77408K->64K(75776K)] 79212K->1868K(250880K), 0,0005527 secs] [Times: user=0,00 sys=0,00, real=0,00 secs] 
49,041: [GC (Allocation Failure) [PSYoungGen: 75328K->96K(74240K)] 77132K->1900K(249344K), 0,0005271 secs] [Times: user=0,00 sys=0,00, real=0,00 secs] 
49,144: [GC (Allocation Failure) [PSYoungGen: 73824K->96K(72704K)] 75628K->1900K(247808K), 0,0005318 secs] [Times: user=0,00 sys=0,00, real=0,01 secs] 
49,251: [GC (Allocation Failure) [PSYoungGen: 72288K->96K(71168K)] 74092K->1900K(246272K), 0,0005254 secs] [Times: user=0,00 sys=0,00, real=0,00 secs] 
49,350: [GC (Allocation Failure) [PSYoungGen: 70752K->64K(69632K)] 72556K->1868K(244736K), 0,0005249 secs] [Times: user=0,00 sys=0,00, real=0,00 secs] 
49,445: [GC (Allocation Failure) [PSYoungGen: 69184K->96K(68096K)] 70988K->1900K(243200K), 0,0005541 secs] [Times: user=0,00 sys=0,00, real=0,00 secs] 
49,539: [GC (Allocation Failure) [PSYoungGen: 67680K->64K(66560K)] 69484K->1868K(241664K), 0,0005465 secs] [Times: user=0,00 sys=0,00, real=0,00 secs] 
49,629: [GC (Allocation Failure) [PSYoungGen: 66112K->96K(65024K)] 67916K->1900K(240128K), 0,0004562 secs] [Times: user=0,00 sys=0,00, real=0,00 secs] 
49,718: [GC (Allocation Failure) [PSYoungGen: 64608K->96K(63488K)] 66412K->1900K(238592K), 0,0006021 secs] [Times: user=0,00 sys=0,00, real=0,00 secs] 
49,805: [GC (Allocation Failure) [PSYoungGen: 63072K->96K(61952K)] 64876K->1900K(237056K), 0,0004535 secs] [Times: user=0,00 sys=0,00, real=0,00 secs] 
49,893: [GC (Allocation Failure) [PSYoungGen: 61536K->64K(60928K)] 63340K->1868K(236032K), 0,0010355 secs] [Times: user=0,00 sys=0,00, real=0,00 secs] 
49,974: [GC (Allocation Failure) [PSYoungGen: 60480K->32K(59904K)] 62284K->1836K(235008K), 0,0012445 secs] [Times: user=0,00 sys=0,00, real=0,01 secs] 
50,065: [GC (Allocation Failure) [PSYoungGen: 59424K->64K(58880K)] 61228K->1868K(233984K), 0,0005716 secs] [Times: user=0,00 sys=0,00, real=0,00 secs] 
50,144: [GC (Allocation Failure) [PSYoungGen: 58432K->64K(57856K)] 60236K->1868K(232960K), 0,0005766 secs] [Times: user=0,00 sys=0,00, real=0,01 secs] 
50,225: [GC (Allocation Failure) [PSYoungGen: 57408K->96K(56832K)] 59212K->1900K(231936K), 0,0005167 secs] [Times: user=0,00 sys=0,00, real=0,00 secs] 
50,300: [GC (Allocation Failure) [PSYoungGen: 56416K->96K(55808K)] 58220K->1900K(230912K), 0,0006448 secs] [Times: user=0,00 sys=0,00, real=0,00 secs] 
50,374: [GC (Allocation Failure) [PSYoungGen: 55392K->96K(54784K)] 57196K->1924K(229888K), 0,0005995 secs] [Times: user=0,00 sys=0,00, real=0,01 secs] 
50,446: [GC (Allocation Failure) [PSYoungGen: 54368K->96K(53760K)] 56196K->1924K(228864K), 0,0004573 secs] [Times: user=0,00 sys=0,00, real=0,00 secs] 
50,522: [GC (Allocation Failure) [PSYoungGen: 53344K->96K(52736K)] 55172K->1924K(227840K), 0,0009972 secs] [Times: user=0,01 sys=0,00, real=0,00 secs] 
50,609: [GC (Allocation Failure) [PSYoungGen: 52320K->96K(51712K)] 54148K->1924K(226816K), 0,0004592 secs] [Times: user=0,00 sys=0,00, real=0,00 secs] 
50,693: [GC (Allocation Failure) [PSYoungGen: 51296K->96K(50688K)] 53124K->1924K(225792K), 0,0005886 secs] [Times: user=0,00 sys=0,00, real=0,00 secs] 
50,775: [GC (Allocation Failure) [PSYoungGen: 50272K->32K(49664K)] 52100K->1860K(224768K), 0,0008617 secs] [Times: user=0,00 sys=0,00, real=0,00 secs] 
50,847: [GC (Allocation Failure) [PSYoungGen: 49184K->96K(48640K)] 51012K->1924K(223744K), 0,0005340 secs] [Times: user=0,00 sys=0,00, real=0,00 secs] 
50,911: [GC (Allocation Failure) [PSYoungGen: 48224K->96K(48128K)] 50052K->1924K(223232K), 0,0005171 secs] [Times: user=0,00 sys=0,00, real=0,00 secs] 
50,983: [GC (Allocation Failure) [PSYoungGen: 47712K->64K(47616K)] 49540K->1892K(222720K), 0,0011699 secs] [Times: user=0,00 sys=0,00, real=0,00 secs] 
51,058: [GC (Allocation Failure) [PSYoungGen: 47168K->64K(57344K)] 48996K->1892K(232448K), 0,0010399 secs] [Times: user=0,00 sys=0,00, real=0,00 secs] 
51,150: [GC (Allocation Failure) [PSYoungGen: 56896K->64K(69120K)] 58724K->1892K(244224K), 0,0013022 secs] [Times: user=0,00 sys=0,00, real=0,00 secs] 
51,261: [GC (Allocation Failure) [PSYoungGen: 68672K->96K(67584K)] 70500K->1924K(242688K), 0,0005622 secs] [Times: user=0,01 sys=0,00, real=0,00 secs] 
51,353: [GC (Allocation Failure) [PSYoungGen: 67168K->64K(66048K)] 68996K->1892K(241152K), 0,0005640 secs] [Times: user=0,00 sys=0,01, real=0,00 secs] 
51,442: [GC (Allocation Failure) [PSYoungGen: 65600K->96K(64512K)] 67428K->1924K(239616K), 0,0005516 secs] [Times: user=0,00 sys=0,00, real=0,00 secs] 
51,528: [GC (Allocation Failure) [PSYoungGen: 64096K->32K(62976K)] 65924K->1860K(238080K), 0,0012404 secs] [Times: user=0,00 sys=0,00, real=0,00 secs] 
51,612: [GC (Allocation Failure) [PSYoungGen: 62496K->96K(61952K)] 64324K->1924K(237056K), 0,0005250 secs] [Times: user=0,00 sys=0,00, real=0,00 secs] 
51,694: [GC (Allocation Failure) [PSYoungGen: 61536K->96K(60928K)] 63364K->1924K(236032K), 0,0005338 secs] [Times: user=0,00 sys=0,00, real=0,01 secs] 
51,776: [GC (Allocation Failure) [PSYoungGen: 60512K->96K(59904K)] 62340K->1924K(235008K), 0,0005523 secs] [Times: user=0,00 sys=0,00, real=0,00 secs] 
51,856: [GC (Allocation Failure) [PSYoungGen: 59488K->64K(58880K)] 61316K->1892K(233984K), 0,0006090 secs] [Times: user=0,00 sys=0,00, real=0,00 secs] 
51,938: [GC (Allocation Failure) [PSYoungGen: 58432K->96K(57856K)] 60260K->1924K(232960K), 0,0005261 secs] [Times: user=0,00 sys=0,00, real=0,00 secs] 
52,017: [GC (Allocation Failure) [PSYoungGen: 57440K->64K(56832K)] 59268K->1892K(231936K), 0,0005169 secs] [Times: user=0,01 sys=0,00, real=0,00 secs] 
52,094: [GC (Allocation Failure) [PSYoungGen: 56384K->96K(55808K)] 58212K->1924K(230912K), 0,0005419 secs] [Times: user=0,00 sys=0,00, real=0,00 secs] 
52,166: [GC (Allocation Failure) [PSYoungGen: 55392K->64K(54784K)] 57220K->1892K(229888K), 0,0004448 secs] [Times: user=0,00 sys=0,00, real=0,00 secs] 
52,238: [GC (Allocation Failure) [PSYoungGen: 54336K->96K(53760K)] 56164K->1924K(228864K), 0,0004527 secs] [Times: user=0,00 sys=0,00, real=0,00 secs] 
52,309: [GC (Allocation Failure) [PSYoungGen: 53344K->96K(52736K)] 55172K->1924K(227840K), 0,0005269 secs] [Times: user=0,00 sys=0,00, real=0,00 secs] 
52,379: [GC (Allocation Failure) [PSYoungGen: 52320K->96K(51712K)] 54148K->1924K(226816K), 0,0010290 secs] [Times: user=0,00 sys=0,00, real=0,00 secs] 
52,449: [GC (Allocation Failure) [PSYoungGen: 51296K->64K(50688K)] 53124K->1892K(225792K), 0,0004579 secs] [Times: user=0,00 sys=0,00, real=0,00 secs] 
52,520: [GC (Allocation Failure) [PSYoungGen: 50240K->96K(49664K)] 52068K->1924K(224768K), 0,0005668 secs] [Times: user=0,00 sys=0,00, real=0,00 secs] 
52,585: [GC (Allocation Failure) [PSYoungGen: 49248K->64K(48640K)] 51076K->1892K(223744K), 0,0005724 secs] [Times: user=0,00 sys=0,00, real=0,00 secs] 
52,650: [GC (Allocation Failure) [PSYoungGen: 48192K->96K(48128K)] 50020K->1924K(223232K), 0,0004545 secs] [Times: user=0,00 sys=0,00, real=0,00 secs] 
52,713: [GC (Allocation Failure) [PSYoungGen: 47712K->96K(47616K)] 49540K->1924K(222720K), 0,0004927 secs] [Times: user=0,00 sys=0,00, real=0,00 secs] 
52,776: [GC (Allocation Failure) [PSYoungGen: 47200K->96K(47104K)] 49028K->1924K(222208K), 0,0005183 secs] [Times: user=0,00 sys=0,00, real=0,00 secs] 
52,838: [GC (Allocation Failure) [PSYoungGen: 46688K->64K(46592K)] 48516K->1892K(221696K), 0,0007690 secs] [Times: user=0,00 sys=0,00, real=0,00 secs] 
52,898: [GC (Allocation Failure) [PSYoungGen: 46144K->64K(46080K)] 47972K->1892K(221184K), 0,0004760 secs] [Times: user=0,00 sys=0,00, real=0,00 secs] 
52,957: [GC (Allocation Failure) [PSYoungGen: 45632K->96K(45568K)] 47460K->1924K(220672K), 0,0005636 secs] [Times: user=0,00 sys=0,00, real=0,00 secs] 
53,016: [GC (Allocation Failure) [PSYoungGen: 45152K->96K(45056K)] 46980K->1924K(220160K), 0,0004561 secs] [Times: user=0,00 sys=0,00, real=0,00 secs] 
53,074: [GC (Allocation Failure) [PSYoungGen: 44640K->96K(44544K)] 46468K->1924K(219648K), 0,0006536 secs] [Times: user=0,00 sys=0,00, real=0,01 secs] 
53,132: [GC (Allocation Failure) [PSYoungGen: 44128K->96K(44032K)] 45956K->1924K(219136K), 0,0004327 secs] [Times: user=0,00 sys=0,00, real=0,00 secs] 
53,187: [GC (Allocation Failure) [PSYoungGen: 43616K->96K(43520K)] 45444K->1924K(218624K), 0,0005525 secs] [Times: user=0,00 sys=0,00, real=0,00 secs] 
53,241: [GC (Allocation Failure) [PSYoungGen: 43104K->64K(43008K)] 44932K->1892K(218112K), 0,0004467 secs] [Times: user=0,01 sys=0,00, real=0,00 secs] 
53,295: [GC (Allocation Failure) [PSYoungGen: 42560K->64K(42496K)] 44388K->1892K(217600K), 0,0006070 secs] [Times: user=0,00 sys=0,00, real=0,00 secs] 
53,347: [GC (Allocation Failure) [PSYoungGen: 42048K->96K(41984K)] 43876K->1924K(217088K), 0,0004905 secs] [Times: user=0,00 sys=0,00, real=0,00 secs] 
53,400: [GC (Allocation Failure) [PSYoungGen: 41568K->96K(41472K)] 43396K->1924K(216576K), 0,0005495 secs] [Times: user=0,00 sys=0,00, real=0,00 secs] 
53,451: [GC (Allocation Failure) [PSYoungGen: 41056K->64K(40960K)] 42884K->1892K(216064K), 0,0006184 secs] [Times: user=0,00 sys=0,00, real=0,00 secs] 
53,503: [GC (Allocation Failure) [PSYoungGen: 40512K->96K(40448K)] 42340K->1924K(215552K), 0,0004385 secs] [Times: user=0,00 sys=0,00, real=0,00 secs] 
53,553: [GC (Allocation Failure) [PSYoungGen: 40032K->96K(39936K)] 41860K->1924K(215040K), 0,0004563 secs] [Times: user=0,00 sys=0,00, real=0,00 secs] 
53,602: [GC (Allocation Failure) [PSYoungGen: 39520K->32K(39424K)] 41348K->1860K(214528K), 0,0005096 secs] [Times: user=0,00 sys=0,00, real=0,00 secs] 
53,651: [GC (Allocation Failure) [PSYoungGen: 38944K->96K(38912K)] 40772K->1924K(214016K), 0,0004337 secs] [Times: user=0,00 sys=0,00, real=0,00 secs] 
53,699: [GC (Allocation Failure) [PSYoungGen: 38496K->96K(38400K)] 40324K->1924K(213504K), 0,0004481 secs] [Times: user=0,00 sys=0,00, real=0,00 secs] 
53,747: [GC (Allocation Failure) [PSYoungGen: 37984K->64K(37888K)] 39812K->1892K(212992K), 0,0005041 secs] [Times: user=0,00 sys=0,00, real=0,00 secs] 
53,795: [GC (Allocation Failure) [PSYoungGen: 37440K->64K(45568K)] 39268K->1892K(220672K), 0,0011261 secs] [Times: user=0,00 sys=0,00, real=0,00 secs] 
53,861: [GC (Allocation Failure) [PSYoungGen: 45120K->64K(54784K)] 46948K->1892K(229888K), 0,0005719 secs] [Times: user=0,00 sys=0,00, real=0,00 secs] 
53,939: [GC (Allocation Failure) [PSYoungGen: 54336K->96K(53760K)] 56164K->1924K(228864K), 0,0005291 secs] [Times: user=0,00 sys=0,00, real=0,00 secs] 
54,007: [GC (Allocation Failure) [PSYoungGen: 53344K->96K(52736K)] 55172K->1924K(227840K), 0,0005244 secs] [Times: user=0,00 sys=0,01, real=0,00 secs] 
54,078: [GC (Allocation Failure) [PSYoungGen: 52320K->96K(51712K)] 54148K->1924K(226816K), 0,0005259 secs] [Times: user=0,00 sys=0,00, real=0,00 secs] 
54,142: [GC (Allocation Failure) [PSYoungGen: 51296K->96K(50688K)] 53124K->1924K(225792K), 0,0004979 secs] [Times: user=0,00 sys=0,00, real=0,00 secs] 
54,207: [GC (Allocation Failure) [PSYoungGen: 50272K->96K(49664K)] 52100K->1924K(224768K), 0,0005109 secs] [Times: user=0,00 sys=0,00, real=0,00 secs] 
54,271: [GC (Allocation Failure) [PSYoungGen: 49248K->96K(48640K)] 51076K->1924K(223744K), 0,0005252 secs] [Times: user=0,00 sys=0,00, real=0,00 secs] 
54,335: [GC (Allocation Failure) [PSYoungGen: 48224K->32K(58368K)] 50052K->1860K(233472K), 0,0012544 secs] [Times: user=0,00 sys=0,00, real=0,00 secs] 
54,411: [GC (Allocation Failure) [PSYoungGen: 57888K->64K(57344K)] 59716K->1892K(232448K), 0,0005298 secs] [Times: user=0,00 sys=0,00, real=0,00 secs] 
54,483: [GC (Allocation Failure) [PSYoungGen: 56896K->96K(56320K)] 58724K->1924K(231424K), 0,0005229 secs] [Times: user=0,00 sys=0,00, real=0,00 secs] 
54,555: [GC (Allocation Failure) [PSYoungGen: 55904K->96K(55296K)] 57732K->1924K(230400K), 0,0006196 secs] [Times: user=0,00 sys=0,00, real=0,00 secs] 
54,626: [GC (Allocation Failure) [PSYoungGen: 54880K->96K(54272K)] 56708K->1924K(229376K), 0,0004978 secs] [Times: user=0,00 sys=0,00, real=0,00 secs] 
54,696: [GC (Allocation Failure) [PSYoungGen: 53856K->32K(53248K)] 55684K->1860K(228352K), 0,0005516 secs] [Times: user=0,00 sys=0,00, real=0,00 secs] 
54,763: [GC (Allocation Failure) [PSYoungGen: 52768K->64K(52224K)] 54596K->1892K(227328K), 0,0005871 secs] [Times: user=0,00 sys=0,00, real=0,00 secs] 
54,828: [GC (Allocation Failure) [PSYoungGen: 51776K->96K(51200K)] 53604K->1924K(226304K), 0,0005068 secs] [Times: user=0,00 sys=0,00, real=0,00 secs] 
54,892: [GC (Allocation Failure) [PSYoungGen: 50784K->96K(50176K)] 52612K->1924K(225280K), 0,0004917 secs] [Times: user=0,00 sys=0,00, real=0,00 secs] 
54,957: [GC (Allocation Failure) [PSYoungGen: 49759K->96K(49152K)] 51588K->1924K(224256K), 0,0004782 secs] [Times: user=0,00 sys=0,00, real=0,00 secs] 
55,019: [GC (Allocation Failure) [PSYoungGen: 48736K->96K(48128K)] 50564K->1924K(223232K), 0,0004942 secs] [Times: user=0,00 sys=0,00, real=0,00 secs] 
55,081: [GC (Allocation Failure) [PSYoungGen: 47712K->96K(47616K)] 49540K->1924K(222720K), 0,0005182 secs] [Times: user=0,00 sys=0,00, real=0,00 secs] 
55,141: [GC (Allocation Failure) [PSYoungGen: 47200K->64K(47104K)] 49028K->1892K(222208K), 0,0004938 secs] [Times: user=0,00 sys=0,00, real=0,00 secs] 
55,200: [GC (Allocation Failure) [PSYoungGen: 46656K->96K(46592K)] 48484K->1924K(221696K), 0,0005359 secs] [Times: user=0,00 sys=0,00, real=0,00 secs] 
55,259: [GC (Allocation Failure) [PSYoungGen: 46176K->64K(46080K)] 48004K->1892K(221184K), 0,0004989 secs] [Times: user=0,00 sys=0,00, real=0,00 secs] 
55,316: [GC (Allocation Failure) [PSYoungGen: 45632K->64K(45568K)] 47460K->1892K(220672K), 0,0004962 secs] [Times: user=0,00 sys=0,00, real=0,00 secs] 
55,373: [GC (Allocation Failure) [PSYoungGen: 45120K->64K(45056K)] 46948K->1892K(220160K), 0,0005538 secs] [Times: user=0,01 sys=0,00, real=0,00 secs] 
55,429: [GC (Allocation Failure) [PSYoungGen: 44608K->96K(44544K)] 46436K->1924K(219648K), 0,0004924 secs] [Times: user=0,00 sys=0,00, real=0,00 secs] 
55,485: [GC (Allocation Failure) [PSYoungGen: 44128K->64K(44032K)] 45956K->1892K(219136K), 0,0004980 secs] [Times: user=0,00 sys=0,00, real=0,00 secs] 
55,541: [GC (Allocation Failure) [PSYoungGen: 43584K->64K(43520K)] 45412K->1892K(218624K), 0,0005954 secs] [Times: user=0,00 sys=0,00, real=0,00 secs] 
55,595: [GC (Allocation Failure) [PSYoungGen: 43072K->64K(43008K)] 44900K->1892K(218112K), 0,0005144 secs] [Times: user=0,00 sys=0,00, real=0,00 secs] 
55,650: [GC (Allocation Failure) [PSYoungGen: 42560K->96K(42496K)] 44388K->1924K(217600K), 0,0005105 secs] [Times: user=0,00 sys=0,00, real=0,00 secs] 
55,704: [GC (Allocation Failure) [PSYoungGen: 42080K->64K(41984K)] 43908K->1892K(217088K), 0,0006000 secs] [Times: user=0,00 sys=0,00, real=0,01 secs] 
55,757: [GC (Allocation Failure) [PSYoungGen: 41536K->96K(41472K)] 43364K->1924K(216576K), 0,0005098 secs] [Times: user=0,00 sys=0,00, real=0,00 secs] 
55,809: [GC (Allocation Failure) [PSYoungGen: 41056K->96K(40960K)] 42884K->1924K(216064K), 0,0005562 secs] [Times: user=0,00 sys=0,00, real=0,00 secs] 
55,861: [GC (Allocation Failure) [PSYoungGen: 40544K->96K(40448K)] 42372K->1924K(215552K), 0,0004974 secs] [Times: user=0,00 sys=0,00, real=0,00 secs] 
55,912: [GC (Allocation Failure) [PSYoungGen: 40032K->96K(39936K)] 41860K->1924K(215040K), 0,0005078 secs] [Times: user=0,00 sys=0,00, real=0,00 secs] 
55,964: [GC (Allocation Failure) [PSYoungGen: 39520K->96K(39424K)] 41348K->1924K(214528K), 0,0004083 secs] [Times: user=0,00 sys=0,00, real=0,01 secs] 
56,013: [GC (Allocation Failure) [PSYoungGen: 39008K->96K(38912K)] 40836K->1924K(214016K), 0,0004113 secs] [Times: user=0,00 sys=0,00, real=0,00 secs] 
56,063: [GC (Allocation Failure) [PSYoungGen: 38496K->96K(38400K)] 40324K->1924K(213504K), 0,0004098 secs] [Times: user=0,00 sys=0,00, real=0,00 secs] 
56,113: [GC (Allocation Failure) [PSYoungGen: 37983K->96K(37888K)] 39812K->1924K(212992K), 0,0005466 secs] [Times: user=0,00 sys=0,00, real=0,00 secs] 
56,162: [GC (Allocation Failure) [PSYoungGen: 37472K->96K(37376K)] 39300K->1924K(212480K), 0,0004211 secs] [Times: user=0,00 sys=0,00, real=0,00 secs] 
56,210: [GC (Allocation Failure) [PSYoungGen: 36960K->96K(36864K)] 38788K->1924K(211968K), 0,0005017 secs] [Times: user=0,01 sys=0,00, real=0,00 secs] 
56,259: [GC (Allocation Failure) [PSYoungGen: 36448K->96K(36352K)] 38276K->1924K(211456K), 0,0005931 secs] [Times: user=0,00 sys=0,00, real=0,00 secs] 
56,306: [GC (Allocation Failure) [PSYoungGen: 35936K->96K(35840K)] 37764K->1924K(210944K), 0,0004908 secs] [Times: user=0,00 sys=0,00, real=0,00 secs] 
56,352: [GC (Allocation Failure) [PSYoungGen: 35424K->96K(35328K)] 37252K->1924K(210432K), 0,0004197 secs] [Times: user=0,00 sys=0,00, real=0,00 secs] 
56,398: [GC (Allocation Failure) [PSYoungGen: 34912K->64K(34816K)] 36740K->1892K(209920K), 0,0004821 secs] [Times: user=0,00 sys=0,00, real=0,00 secs] 
56,443: [GC (Allocation Failure) [PSYoungGen: 34368K->96K(34304K)] 36196K->1924K(209408K), 0,0004158 secs] [Times: user=0,00 sys=0,00, real=0,00 secs] 
56,487: [GC (Allocation Failure) [PSYoungGen: 33888K->64K(41472K)] 35716K->1892K(216576K), 0,0007893 secs] [Times: user=0,00 sys=0,00, real=0,00 secs] 
56,540: [GC (Allocation Failure) [PSYoungGen: 41024K->64K(49664K)] 42852K->1892K(224768K), 0,0005275 secs] [Times: user=0,00 sys=0,00, real=0,00 secs] 
56,604: [GC (Allocation Failure) [PSYoungGen: 49216K->96K(48640K)] 51044K->1924K(223744K), 0,0004792 secs] [Times: user=0,00 sys=0,00, real=0,01 secs] 
56,666: [GC (Allocation Failure) [PSYoungGen: 48224K->64K(48128K)] 50052K->1892K(223232K), 0,0005069 secs] [Times: user=0,00 sys=0,00, real=0,00 secs] 
56,739: [GC (Allocation Failure) [PSYoungGen: 47680K->96K(47616K)] 49508K->1924K(222720K), 0,0005164 secs] [Times: user=0,00 sys=0,00, real=0,00 secs] 
56,799: [GC (Allocation Failure) [PSYoungGen: 47200K->64K(47104K)] 49028K->1892K(222208K), 0,0005191 secs] [Times: user=0,00 sys=0,00, real=0,00 secs] 
56,857: [GC (Allocation Failure) [PSYoungGen: 46656K->64K(46592K)] 48484K->1892K(221696K), 0,0004850 secs] [Times: user=0,00 sys=0,00, real=0,00 secs] 
56,914: [GC (Allocation Failure) [PSYoungGen: 46144K->96K(46080K)] 47972K->1924K(221184K), 0,0005577 secs] [Times: user=0,00 sys=0,00, real=0,00 secs] 
56,973: [GC (Allocation Failure) [PSYoungGen: 45664K->64K(45568K)] 47492K->1892K(220672K), 0,0005341 secs] [Times: user=0,01 sys=0,00, real=0,00 secs] 
57,030: [GC (Allocation Failure) [PSYoungGen: 45120K->64K(45056K)] 46948K->1892K(220160K), 0,0004914 secs] [Times: user=0,00 sys=0,00, real=0,00 secs] 
57,092: [GC (Allocation Failure) [PSYoungGen: 44608K->96K(44544K)] 46436K->1924K(219648K), 0,0010652 secs] [Times: user=0,00 sys=0,00, real=0,00 secs] 
57,150: [GC (Allocation Failure) [PSYoungGen: 44128K->64K(53760K)] 45956K->1892K(228864K), 0,0008534 secs] [Times: user=0,00 sys=0,00, real=0,00 secs] 
57,219: [GC (Allocation Failure) [PSYoungGen: 53312K->64K(52736K)] 55140K->1892K(227840K), 0,0005061 secs] [Times: user=0,00 sys=0,00, real=0,00 secs] 
57,287: [GC (Allocation Failure) [PSYoungGen: 52288K->96K(51712K)] 54116K->1924K(226816K), 0,0005220 secs] [Times: user=0,01 sys=0,00, real=0,00 secs] 
57,362: [GC (Allocation Failure) [PSYoungGen: 51296K->96K(50688K)] 53124K->1924K(225792K), 0,0005224 secs] [Times: user=0,00 sys=0,00, real=0,00 secs] 
57,426: [GC (Allocation Failure) [PSYoungGen: 50272K->32K(49664K)] 52100K->1860K(224768K), 0,0005724 secs] [Times: user=0,00 sys=0,00, real=0,00 secs] 
57,487: [GC (Allocation Failure) [PSYoungGen: 49184K->96K(48640K)] 51012K->1924K(223744K), 0,0005992 secs] [Times: user=0,00 sys=0,00, real=0,00 secs] 
57,548: [GC (Allocation Failure) [PSYoungGen: 48224K->96K(48128K)] 50052K->1924K(223232K), 0,0005123 secs] [Times: user=0,00 sys=0,00, real=0,00 secs] 
57,611: [GC (Allocation Failure) [PSYoungGen: 47712K->128K(47616K)] 49540K->1956K(222720K), 0,0006925 secs] [Times: user=0,00 sys=0,00, real=0,00 secs] 
57,677: [GC (Allocation Failure) [PSYoungGen: 47232K->64K(47104K)] 49060K->1892K(222208K), 0,0005340 secs] [Times: user=0,00 sys=0,00, real=0,00 secs] 
57,741: [GC (Allocation Failure) [PSYoungGen: 46656K->96K(46592K)] 48484K->1924K(221696K), 0,0006086 secs] [Times: user=0,00 sys=0,00, real=0,00 secs] 
57,804: [GC (Allocation Failure) [PSYoungGen: 46176K->96K(46080K)] 48004K->1924K(221184K), 0,0009559 secs] [Times: user=0,00 sys=0,00, real=0,00 secs] 
57,868: [GC (Allocation Failure) [PSYoungGen: 45664K->96K(45568K)] 47492K->1924K(220672K), 0,0005382 secs] [Times: user=0,01 sys=0,00, real=0,00 secs] 
57,928: [GC (Allocation Failure) [PSYoungGen: 45151K->64K(54784K)] 46980K->1892K(229888K), 0,0011713 secs] [Times: user=0,01 sys=0,00, real=0,00 secs] 
58,001: [GC (Allocation Failure) [PSYoungGen: 54336K->96K(66048K)] 56164K->1924K(241152K), 0,0007761 secs] [Times: user=0,00 sys=0,00, real=0,00 secs] 
58,089: [GC (Allocation Failure) [PSYoungGen: 65632K->96K(64512K)] 67460K->1924K(239616K), 0,0005410 secs] [Times: user=0,00 sys=0,00, real=0,00 secs] 
58,173: [GC (Allocation Failure) [PSYoungGen: 64096K->96K(62976K)] 65924K->1924K(238080K), 0,0005487 secs] [Times: user=0,00 sys=0,00, real=0,00 secs] 
58,254: [GC (Allocation Failure) [PSYoungGen: 62560K->64K(61952K)] 64388K->1892K(237056K), 0,0006201 secs] [Times: user=0,00 sys=0,00, real=0,01 secs] 
58,344: [GC (Allocation Failure) [PSYoungGen: 61504K->96K(60928K)] 63332K->1924K(236032K), 0,0009678 secs] [Times: user=0,01 sys=0,00, real=0,00 secs] 
58,431: [GC (Allocation Failure) [PSYoungGen: 60511K->64K(73216K)] 62340K->1892K(248320K), 0,0044367 secs] [Times: user=0,00 sys=0,00, real=0,01 secs] 
58,554: [GC (Allocation Failure) [PSYoungGen: 72768K->64K(88064K)] 74596K->1892K(263168K), 0,0005292 secs] [Times: user=0,00 sys=0,00, real=0,01 secs] 
58,670: [GC (Allocation Failure) [PSYoungGen: 87616K->32K(105984K)] 89444K->1860K(281088K), 0,0005386 secs] [Times: user=0,00 sys=0,00, real=0,00 secs] 
58,842: [GC (Allocation Failure) [PSYoungGen: 105504K->32K(102912K)] 107332K->1860K(278016K), 0,0005915 secs] [Times: user=0,00 sys=0,00, real=0,00 secs] 
58,989: [GC (Allocation Failure) [PSYoungGen: 102432K->96K(99840K)] 104260K->1924K(274944K), 0,0006674 secs] [Times: user=0,00 sys=0,01, real=0,00 secs] 
59,129: [GC (Allocation Failure) [PSYoungGen: 99424K->96K(97280K)] 101252K->1924K(272384K), 0,0008550 secs] [Times: user=0,00 sys=0,00, real=0,00 secs] 
59,262: [GC (Allocation Failure) [PSYoungGen: 96864K->96K(94720K)] 98692K->1924K(269824K), 0,0008186 secs] [Times: user=0,00 sys=0,00, real=0,00 secs] 
59,430: [GC (Allocation Failure) [PSYoungGen: 94304K->32K(92160K)] 96132K->1860K(267264K), 0,0028549 secs] [Times: user=0,00 sys=0,00, real=0,00 secs] 
59,601: [GC (Allocation Failure) [PSYoungGen: 91680K->96K(89600K)] 93508K->1924K(264704K), 0,0005845 secs] [Times: user=0,01 sys=0,00, real=0,00 secs] 
59,720: [GC (Allocation Failure) [PSYoungGen: 89184K->96K(87040K)] 91012K->1924K(262144K), 0,0005569 secs] [Times: user=0,00 sys=0,00, real=0,00 secs] 
59,849: [GC (Allocation Failure) [PSYoungGen: 86624K->32K(84992K)] 88452K->1860K(260096K), 0,0006636 secs] [Times: user=0,00 sys=0,00, real=0,00 secs] 
60,060: [GC (Allocation Failure) [PSYoungGen: 84512K->64K(82944K)] 86340K->1892K(258048K), 0,0010546 secs] [Times: user=0,01 sys=0,00, real=0,00 secs] 
60,232: [GC (Allocation Failure) [PSYoungGen: 82496K->96K(80896K)] 84324K->1924K(256000K), 0,0005736 secs] [Times: user=0,00 sys=0,00, real=0,00 secs] 
60,407: [GC (Allocation Failure) [PSYoungGen: 80480K->160K(78848K)] 82308K->1988K(253952K), 0,0005029 secs] [Times: user=0,00 sys=0,00, real=0,00 secs] 
60,521: [GC (Allocation Failure) [PSYoungGen: 78496K->96K(76800K)] 80324K->1956K(251904K), 0,0005951 secs] [Times: user=0,00 sys=0,00, real=0,00 secs] 
60,630: [GC (Allocation Failure) [PSYoungGen: 76384K->96K(74752K)] 78244K->1956K(249856K), 0,0005255 secs] [Times: user=0,00 sys=0,00, real=0,00 secs] 
60,736: [GC (Allocation Failure) [PSYoungGen: 74336K->96K(73216K)] 76196K->1956K(248320K), 0,0004775 secs] [Times: user=0,00 sys=0,00, real=0,00 secs] 
60,841: [GC (Allocation Failure) [PSYoungGen: 72800K->96K(71680K)] 74660K->1956K(246784K), 0,0005061 secs] [Times: user=0,00 sys=0,00, real=0,00 secs] 
60,947: [GC (Allocation Failure) [PSYoungGen: 71264K->64K(70144K)] 73124K->1924K(245248K), 0,0010611 secs] [Times: user=0,01 sys=0,00, real=0,00 secs] 
61,059: [GC (Allocation Failure) [PSYoungGen: 69696K->96K(68608K)] 71556K->1956K(243712K), 0,0004925 secs] [Times: user=0,00 sys=0,00, real=0,00 secs] 
61,159: [GC (Allocation Failure) [PSYoungGen: 68192K->96K(67072K)] 70052K->1956K(242176K), 0,0005225 secs] [Times: user=0,00 sys=0,00, real=0,00 secs] 
61,252: [GC (Allocation Failure) [PSYoungGen: 66656K->96K(65536K)] 68516K->1956K(240640K), 0,0004888 secs] [Times: user=0,00 sys=0,00, real=0,00 secs] 
61,342: [GC (Allocation Failure) [PSYoungGen: 65120K->96K(64000K)] 66980K->1956K(239104K), 0,0005890 secs] [Times: user=0,00 sys=0,00, real=0,00 secs] 
61,428: [GC (Allocation Failure) [PSYoungGen: 63584K->96K(62464K)] 65444K->1956K(237568K), 0,0004779 secs] [Times: user=0,00 sys=0,00, real=0,00 secs] 
61,514: [GC (Allocation Failure) [PSYoungGen: 62048K->96K(61440K)] 63908K->1956K(236544K), 0,0004606 secs] [Times: user=0,00 sys=0,00, real=0,00 secs] 
61,595: [GC (Allocation Failure) [PSYoungGen: 61024K->64K(60416K)] 62884K->1924K(235520K), 0,0005963 secs] [Times: user=0,00 sys=0,00, real=0,00 secs] 
61,675: [GC (Allocation Failure) [PSYoungGen: 59968K->96K(59392K)] 61828K->1956K(234496K), 0,0004562 secs] [Times: user=0,00 sys=0,00, real=0,00 secs] 
61,759: [GC (Allocation Failure) [PSYoungGen: 58976K->96K(58368K)] 60836K->1956K(233472K), 0,0004529 secs] [Times: user=0,00 sys=0,00, real=0,00 secs] 
61,838: [GC (Allocation Failure) [PSYoungGen: 57952K->96K(57344K)] 59812K->1956K(232448K), 0,0004564 secs] [Times: user=0,00 sys=0,00, real=0,00 secs] 
61,914: [GC (Allocation Failure) [PSYoungGen: 56928K->64K(56320K)] 58788K->1924K(231424K), 0,0005797 secs] [Times: user=0,00 sys=0,00, real=0,01 secs] 
61,990: [GC (Allocation Failure) [PSYoungGen: 55872K->96K(55296K)] 57732K->1956K(230400K), 0,0004740 secs] [Times: user=0,00 sys=0,00, real=0,00 secs] 
62,063: [GC (Allocation Failure) [PSYoungGen: 54880K->96K(54272K)] 56740K->1956K(229376K), 0,0004593 secs] [Times: user=0,00 sys=0,00, real=0,00 secs] 
62,136: [GC (Allocation Failure) [PSYoungGen: 53856K->64K(53248K)] 55716K->1924K(228352K), 0,0004467 secs] [Times: user=0,00 sys=0,00, real=0,00 secs] 
62,205: [GC (Allocation Failure) [PSYoungGen: 52800K->96K(52224K)] 54660K->1956K(227328K), 0,0005120 secs] [Times: user=0,00 sys=0,00, real=0,00 secs] 
62,272: [GC (Allocation Failure) [PSYoungGen: 51808K->96K(51200K)] 53668K->1956K(226304K), 0,0004515 secs] [Times: user=0,01 sys=0,00, real=0,00 secs] 
62,338: [GC (Allocation Failure) [PSYoungGen: 50784K->96K(50176K)] 52644K->1956K(225280K), 0,0004889 secs] [Times: user=0,00 sys=0,00, real=0,00 secs] 
62,403: [GC (Allocation Failure) [PSYoungGen: 49759K->96K(49152K)] 51620K->1956K(224256K), 0,0005092 secs] [Times: user=0,01 sys=0,00, real=0,00 secs] 
62,465: [GC (Allocation Failure) [PSYoungGen: 48736K->64K(48128K)] 50596K->1924K(223232K), 0,0005624 secs] [Times: user=0,00 sys=0,00, real=0,00 secs] 
62,525: [GC (Allocation Failure) [PSYoungGen: 47680K->96K(47616K)] 49540K->1956K(222720K), 0,0005339 secs] [Times: user=0,00 sys=0,00, real=0,00 secs] 
62,584: [GC (Allocation Failure) [PSYoungGen: 47200K->96K(47104K)] 49060K->1956K(222208K), 0,0004343 secs] [Times: user=0,00 sys=0,00, real=0,00 secs] 
62,644: [GC (Allocation Failure) [PSYoungGen: 46688K->96K(46592K)] 48548K->1956K(221696K), 0,0004290 secs] [Times: user=0,00 sys=0,00, real=0,01 secs] 
62,703: [GC (Allocation Failure) [PSYoungGen: 46176K->96K(46080K)] 48036K->1956K(221184K), 0,0004594 secs] [Times: user=0,00 sys=0,00, real=0,00 secs] 
62,761: [GC (Allocation Failure) [PSYoungGen: 45664K->64K(45568K)] 47524K->1924K(220672K), 0,0004410 secs] [Times: user=0,00 sys=0,00, real=0,00 secs] 
62,824: [GC (Allocation Failure) [PSYoungGen: 45120K->32K(45056K)] 46980K->1892K(220160K), 0,0008698 secs] [Times: user=0,00 sys=0,00, real=0,00 secs] 
62,881: [GC (Allocation Failure) [PSYoungGen: 44576K->96K(44544K)] 46436K->1956K(219648K), 0,0004442 secs] [Times: user=0,00 sys=0,00, real=0,00 secs] 
62,937: [GC (Allocation Failure) [PSYoungGen: 44128K->96K(44032K)] 45988K->1956K(219136K), 0,0004899 secs] [Times: user=0,00 sys=0,00, real=0,00 secs] 
62,992: [GC (Allocation Failure) [PSYoungGen: 43616K->96K(43520K)] 45476K->1956K(218624K), 0,0004962 secs] [Times: user=0,00 sys=0,00, real=0,00 secs] 
63,046: [GC (Allocation Failure) [PSYoungGen: 43104K->96K(43008K)] 44964K->1956K(218112K), 0,0007365 secs] [Times: user=0,00 sys=0,00, real=0,00 secs] 
63,102: [GC (Allocation Failure) [PSYoungGen: 42592K->96K(42496K)] 44452K->1956K(217600K), 0,0005060 secs] [Times: user=0,00 sys=0,00, real=0,00 secs] 
63,155: [GC (Allocation Failure) [PSYoungGen: 42080K->96K(41984K)] 43940K->1956K(217088K), 0,0005028 secs] [Times: user=0,00 sys=0,00, real=0,00 secs] 
63,207: [GC (Allocation Failure) [PSYoungGen: 41568K->96K(41472K)] 43428K->1956K(216576K), 0,0004826 secs] [Times: user=0,00 sys=0,00, real=0,00 secs] 
63,258: [GC (Allocation Failure) [PSYoungGen: 41056K->96K(40960K)] 42916K->1956K(216064K), 0,0005768 secs] [Times: user=0,01 sys=0,00, real=0,00 secs] 
63,308: [GC (Allocation Failure) [PSYoungGen: 40544K->96K(40448K)] 42404K->1956K(215552K), 0,0005400 secs] [Times: user=0,00 sys=0,00, real=0,00 secs] 
63,358: [GC (Allocation Failure) [PSYoungGen: 40032K->64K(39936K)] 41892K->1924K(215040K), 0,0005903 secs] [Times: user=0,00 sys=0,00, real=0,00 secs] 
63,408: [GC (Allocation Failure) [PSYoungGen: 39488K->32K(48128K)] 41348K->1892K(223232K), 0,0011745 secs] [Times: user=0,00 sys=0,00, real=0,00 secs] 
63,487: [GC (Allocation Failure) [PSYoungGen: 47648K->32K(57856K)] 49508K->1892K(232960K), 0,0010791 secs] [Times: user=0,00 sys=0,00, real=0,00 secs] 
63,592: [GC (Allocation Failure) [PSYoungGen: 57376K->64K(69632K)] 59236K->1924K(244736K), 0,0011428 secs] [Times: user=0,01 sys=0,00, real=0,00 secs] 
63,686: [GC (Allocation Failure) [PSYoungGen: 69184K->64K(83456K)] 71044K->1924K(258560K), 0,0010643 secs] [Times: user=0,00 sys=0,00, real=0,00 secs] 
63,892: [GC (Allocation Failure) [PSYoungGen: 83008K->96K(81408K)] 84868K->1956K(256512K), 0,0005770 secs] [Times: user=0,00 sys=0,00, real=0,00 secs] 
64,022: [GC (Allocation Failure) [PSYoungGen: 80992K->96K(79360K)] 82852K->1956K(254464K), 0,0005243 secs] [Times: user=0,00 sys=0,00, real=0,00 secs] 
64,145: [GC (Allocation Failure) [PSYoungGen: 78944K->96K(77312K)] 80804K->1956K(252416K), 0,0009723 secs] [Times: user=0,00 sys=0,00, real=0,00 secs] 
64,284: [GC (Allocation Failure) [PSYoungGen: 76896K->96K(75264K)] 78756K->1956K(250368K), 0,0008836 secs] [Times: user=0,00 sys=0,00, real=0,01 secs] 
64,423: [GC (Allocation Failure) [PSYoungGen: 74848K->64K(73728K)] 76708K->1924K(248832K), 0,0007485 secs] [Times: user=0,01 sys=0,00, real=0,00 secs] 
64,548: [GC (Allocation Failure) [PSYoungGen: 73280K->64K(72192K)] 75140K->1924K(247296K), 0,0010121 secs] [Times: user=0,00 sys=0,00, real=0,00 secs] 
64,655: [GC (Allocation Failure) [PSYoungGen: 71744K->64K(70656K)] 73604K->1924K(245760K), 0,0011187 secs] [Times: user=0,00 sys=0,00, real=0,00 secs] 
64,759: [GC (Allocation Failure) [PSYoungGen: 70208K->96K(69120K)] 72068K->1956K(244224K), 0,0005605 secs] [Times: user=0,01 sys=0,00, real=0,00 secs] 
64,858: [GC (Allocation Failure) [PSYoungGen: 68704K->64K(67584K)] 70564K->1924K(242688K), 0,0007278 secs] [Times: user=0,00 sys=0,00, real=0,00 secs] 
64,956: [GC (Allocation Failure) [PSYoungGen: 67136K->96K(66048K)] 68996K->1956K(241152K), 0,0004917 secs] [Times: user=0,00 sys=0,00, real=0,00 secs] 
65,057: [GC (Allocation Failure) [PSYoungGen: 65632K->96K(64512K)] 67492K->1956K(239616K), 0,0004899 secs] [Times: user=0,00 sys=0,00, real=0,00 secs] 
65,153: [GC (Allocation Failure) [PSYoungGen: 64096K->96K(62976K)] 65956K->1956K(238080K), 0,0005435 secs] [Times: user=0,00 sys=0,00, real=0,00 secs] 
65,245: [GC (Allocation Failure) [PSYoungGen: 62560K->96K(61952K)] 64420K->1956K(237056K), 0,0004811 secs] [Times: user=0,01 sys=0,00, real=0,00 secs] 
65,336: [GC (Allocation Failure) [PSYoungGen: 61536K->96K(60928K)] 63396K->1956K(236032K), 0,0004994 secs] [Times: user=0,01 sys=0,00, real=0,00 secs] 
65,438: [GC (Allocation Failure) [PSYoungGen: 60512K->96K(59904K)] 62372K->1956K(235008K), 0,0004603 secs] [Times: user=0,00 sys=0,00, real=0,00 secs] 
65,540: [GC (Allocation Failure) [PSYoungGen: 59488K->96K(58880K)] 61348K->1956K(233984K), 0,0011973 secs] [Times: user=0,00 sys=0,00, real=0,00 secs] 
65,626: [GC (Allocation Failure) [PSYoungGen: 58464K->32K(57856K)] 60324K->1892K(232960K), 0,0010212 secs] [Times: user=0,00 sys=0,00, real=0,00 secs] 
65,729: [GC (Allocation Failure) [PSYoungGen: 57376K->96K(56832K)] 59236K->1956K(231936K), 0,0005986 secs] [Times: user=0,00 sys=0,00, real=0,00 secs] 
65,816: [GC (Allocation Failure) [PSYoungGen: 56415K->96K(55808K)] 58276K->1956K(230912K), 0,0005874 secs] [Times: user=0,00 sys=0,00, real=0,00 secs] 
65,906: [GC (Allocation Failure) [PSYoungGen: 55392K->96K(54784K)] 57252K->1956K(229888K), 0,0006044 secs] [Times: user=0,00 sys=0,00, real=0,00 secs] 
66,063: [GC (Allocation Failure) [PSYoungGen: 54368K->32K(53760K)] 56228K->1892K(228864K), 0,0015935 secs] [Times: user=0,00 sys=0,00, real=0,01 secs] 
66,191: [GC (Allocation Failure) [PSYoungGen: 53280K->64K(52736K)] 55140K->1924K(227840K), 0,0011044 secs] [Times: user=0,00 sys=0,00, real=0,00 secs] 
66,280: [GC (Allocation Failure) [PSYoungGen: 52288K->96K(51712K)] 54148K->1956K(226816K), 0,0005600 secs] [Times: user=0,00 sys=0,00, real=0,00 secs] 
66,365: [GC (Allocation Failure) [PSYoungGen: 51296K->64K(50688K)] 53156K->1924K(225792K), 0,0006350 secs] [Times: user=0,00 sys=0,00, real=0,00 secs] 
66,452: [GC (Allocation Failure) [PSYoungGen: 50240K->96K(49664K)] 52100K->1956K(224768K), 0,0008800 secs] [Times: user=0,00 sys=0,00, real=0,00 secs] 
66,532: [GC (Allocation Failure) [PSYoungGen: 49248K->64K(48640K)] 51108K->1924K(223744K), 0,0005802 secs] [Times: user=0,00 sys=0,00, real=0,00 secs] 
66,602: [GC (Allocation Failure) [PSYoungGen: 48192K->96K(48128K)] 50052K->1956K(223232K), 0,0005786 secs] [Times: user=0,00 sys=0,00, real=0,00 secs] 
66,671: [GC (Allocation Failure) [PSYoungGen: 47712K->96K(47616K)] 49572K->1956K(222720K), 0,0005549 secs] [Times: user=0,00 sys=0,00, real=0,00 secs] 
66,738: [GC (Allocation Failure) [PSYoungGen: 47200K->96K(47104K)] 49060K->1956K(222208K), 0,0005439 secs] [Times: user=0,00 sys=0,00, real=0,00 secs] 
66,831: [GC (Allocation Failure) [PSYoungGen: 46688K->96K(46592K)] 48548K->1956K(221696K), 0,0008154 secs] [Times: user=0,00 sys=0,00, real=0,00 secs] 
66,896: [GC (Allocation Failure) [PSYoungGen: 46176K->64K(46080K)] 48036K->1924K(221184K), 0,0005875 secs] [Times: user=0,00 sys=0,00, real=0,00 secs] 
66,960: [GC (Allocation Failure) [PSYoungGen: 45632K->96K(45568K)] 47492K->1956K(220672K), 0,0005634 secs] [Times: user=0,00 sys=0,00, real=0,00 secs] 
67,035: [GC (Allocation Failure) [PSYoungGen: 45152K->96K(45056K)] 47012K->1956K(220160K), 0,0005621 secs] [Times: user=0,01 sys=0,00, real=0,00 secs] 
67,098: [GC (Allocation Failure) [PSYoungGen: 44640K->96K(44544K)] 46500K->1956K(219648K), 0,0005774 secs] [Times: user=0,00 sys=0,00, real=0,00 secs] 
67,175: [GC (Allocation Failure) [PSYoungGen: 44128K->64K(44032K)] 45988K->1924K(219136K), 0,0012710 secs] [Times: user=0,00 sys=0,00, real=0,00 secs] 
67,253: [GC (Allocation Failure) [PSYoungGen: 43584K->64K(43520K)] 45444K->1924K(218624K), 0,0006215 secs] [Times: user=0,00 sys=0,00, real=0,00 secs] 
67,377: [GC (Allocation Failure) [PSYoungGen: 43072K->96K(43008K)] 44932K->1956K(218112K), 0,0005866 secs] [Times: user=0,00 sys=0,01, real=0,00 secs] 
67,458: [GC (Allocation Failure) [PSYoungGen: 42592K->64K(42496K)] 44452K->1924K(217600K), 0,0010745 secs] [Times: user=0,00 sys=0,00, real=0,00 secs] 
67,539: [GC (Allocation Failure) [PSYoungGen: 42048K->96K(41984K)] 43908K->1956K(217088K), 0,0006094 secs] [Times: user=0,00 sys=0,00, real=0,00 secs] 
67,599: [GC (Allocation Failure) [PSYoungGen: 41568K->64K(41472K)] 43428K->1924K(216576K), 0,0006599 secs] [Times: user=0,00 sys=0,00, real=0,00 secs] 
67,659: [GC (Allocation Failure) [PSYoungGen: 41024K->96K(40960K)] 42884K->1956K(216064K), 0,0008701 secs] [Times: user=0,00 sys=0,00, real=0,00 secs] 
67,720: [GC (Allocation Failure) [PSYoungGen: 40544K->64K(49152K)] 42404K->1924K(224256K), 0,0010740 secs] [Times: user=0,00 sys=0,00, real=0,00 secs] 
67,851: [GC (Allocation Failure) [PSYoungGen: 48703K->32K(58880K)] 50564K->1892K(233984K), 0,0025295 secs] [Times: user=0,00 sys=0,00, real=0,00 secs] 
67,956: [GC (Allocation Failure) [PSYoungGen: 58400K->96K(70656K)] 60260K->1956K(245760K), 0,0006261 secs] [Times: user=0,00 sys=0,00, real=0,00 secs] 
68,063: [GC (Allocation Failure) [PSYoungGen: 70240K->96K(69120K)] 72100K->1956K(244224K), 0,0006050 secs] [Times: user=0,00 sys=0,00, real=0,00 secs] 
68,172: [GC (Allocation Failure) [PSYoungGen: 68704K->96K(67584K)] 70564K->1956K(242688K), 0,0005721 secs] [Times: user=0,00 sys=0,00, real=0,00 secs] 
68,275: [GC (Allocation Failure) [PSYoungGen: 67168K->96K(66048K)] 69028K->1956K(241152K), 0,0005183 secs] [Times: user=0,00 sys=0,00, real=0,00 secs] 
68,377: [GC (Allocation Failure) [PSYoungGen: 65632K->96K(64512K)] 67492K->1956K(239616K), 0,0004944 secs] [Times: user=0,00 sys=0,00, real=0,00 secs] 
68,474: [GC (Allocation Failure) [PSYoungGen: 64096K->32K(62976K)] 65956K->1892K(238080K), 0,0007179 secs] [Times: user=0,00 sys=0,00, real=0,00 secs] 
68,570: [GC (Allocation Failure) [PSYoungGen: 62496K->96K(61952K)] 64356K->1956K(237056K), 0,0004945 secs] [Times: user=0,00 sys=0,00, real=0,00 secs] 
68,664: [GC (Allocation Failure) [PSYoungGen: 61536K->64K(60928K)] 63396K->1924K(236032K), 0,0008042 secs] [Times: user=0,00 sys=0,00, real=0,00 secs] 
68,753: [GC (Allocation Failure) [PSYoungGen: 60480K->96K(59904K)] 62340K->1956K(235008K), 0,0007022 secs] [Times: user=0,00 sys=0,00, real=0,01 secs] 
68,839: [GC (Allocation Failure) [PSYoungGen: 59488K->64K(58880K)] 61348K->1924K(233984K), 0,0004692 secs] [Times: user=0,00 sys=0,00, real=0,00 secs] 
68,924: [GC (Allocation Failure) [PSYoungGen: 58432K->96K(57856K)] 60292K->1956K(232960K), 0,0004787 secs] [Times: user=0,00 sys=0,00, real=0,00 secs] 
69,002: [GC (Allocation Failure) [PSYoungGen: 57440K->96K(56832K)] 59300K->1956K(231936K), 0,0004678 secs] [Times: user=0,00 sys=0,00, real=0,00 secs] 
69,079: [GC (Allocation Failure) [PSYoungGen: 56416K->96K(55808K)] 58276K->1956K(230912K), 0,0005076 secs] [Times: user=0,00 sys=0,00, real=0,00 secs] 
69,156: [GC (Allocation Failure) [PSYoungGen: 55392K->96K(54784K)] 57252K->1956K(229888K), 0,0004571 secs] [Times: user=0,00 sys=0,00, real=0,00 secs] 
69,230: [GC (Allocation Failure) [PSYoungGen: 54368K->64K(53760K)] 56228K->1924K(228864K), 0,0004307 secs] [Times: user=0,00 sys=0,00, real=0,00 secs] 
69,304: [GC (Allocation Failure) [PSYoungGen: 53312K->32K(52736K)] 55172K->1892K(227840K), 0,0008816 secs] [Times: user=0,00 sys=0,00, real=0,01 secs] 
69,375: [GC (Allocation Failure) [PSYoungGen: 52256K->128K(51712K)] 54116K->1988K(226816K), 0,0005343 secs] [Times: user=0,00 sys=0,00, real=0,00 secs] 
69,445: [GC (Allocation Failure) [PSYoungGen: 51328K->96K(50688K)] 53188K->1956K(225792K), 0,0004459 secs] [Times: user=0,00 sys=0,00, real=0,00 secs] 
69,512: [GC (Allocation Failure) [PSYoungGen: 50272K->32K(49664K)] 52132K->1892K(224768K), 0,0005654 secs] [Times: user=0,00 sys=0,00, real=0,00 secs] 
69,578: [GC (Allocation Failure) [PSYoungGen: 49184K->64K(48640K)] 51044K->1924K(223744K), 0,0009683 secs] [Times: user=0,00 sys=0,00, real=0,00 secs] 
69,644: [GC (Allocation Failure) [PSYoungGen: 48192K->64K(48128K)] 50052K->1924K(223232K), 0,0005287 secs] [Times: user=0,00 sys=0,00, real=0,01 secs] 
69,710: [GC (Allocation Failure) [PSYoungGen: 47680K->96K(47616K)] 49540K->1956K(222720K), 0,0004481 secs] [Times: user=0,00 sys=0,00, real=0,00 secs] 
69,774: [GC (Allocation Failure) [PSYoungGen: 47200K->64K(47104K)] 49060K->1924K(222208K), 0,0009255 secs] [Times: user=0,00 sys=0,00, real=0,01 secs] 
69,836: [GC (Allocation Failure) [PSYoungGen: 46656K->64K(46592K)] 48516K->1924K(221696K), 0,0005300 secs] [Times: user=0,00 sys=0,00, real=0,00 secs] 
69,896: [GC (Allocation Failure) [PSYoungGen: 46144K->96K(46080K)] 48004K->1956K(221184K), 0,0004486 secs] [Times: user=0,00 sys=0,00, real=0,00 secs] 
69,955: [GC (Allocation Failure) [PSYoungGen: 45664K->96K(45568K)] 47524K->1956K(220672K), 0,0005167 secs] [Times: user=0,00 sys=0,00, real=0,00 secs] 
70,013: [GC (Allocation Failure) [PSYoungGen: 45152K->64K(45056K)] 47012K->1924K(220160K), 0,0004240 secs] [Times: user=0,01 sys=0,00, real=0,00 secs] 
70,073: [GC (Allocation Failure) [PSYoungGen: 44608K->64K(44544K)] 46468K->1924K(219648K), 0,0005176 secs] [Times: user=0,01 sys=0,00, real=0,00 secs] 
70,161: [GC (Allocation Failure) [PSYoungGen: 44096K->32K(53760K)] 45956K->1892K(228864K), 0,0023095 secs] [Times: user=0,00 sys=0,00, real=0,00 secs] 
70,280: [GC (Allocation Failure) [PSYoungGen: 53280K->96K(64512K)] 55140K->1956K(239616K), 0,0011391 secs] [Times: user=0,01 sys=0,00, real=0,00 secs] 
70,409: [GC (Allocation Failure) [PSYoungGen: 64096K->96K(77312K)] 65956K->1972K(252416K), 0,0015652 secs] [Times: user=0,01 sys=0,01, real=0,00 secs] 
70,569: [GC (Allocation Failure) [PSYoungGen: 76896K->96K(75264K)] 78772K->1996K(250368K), 0,0004996 secs] [Times: user=0,00 sys=0,00, real=0,00 secs] 
70,696: [GC (Allocation Failure) [PSYoungGen: 74848K->32K(73728K)] 76748K->1932K(248832K), 0,0016113 secs] [Times: user=0,00 sys=0,00, real=0,00 secs] 
70,821: [GC (Allocation Failure) [PSYoungGen: 73248K->96K(72192K)] 75148K->1996K(247296K), 0,0005828 secs] [Times: user=0,00 sys=0,00, real=0,00 secs] 
70,929: [GC (Allocation Failure) [PSYoungGen: 71776K->64K(70656K)] 73676K->1964K(245760K), 0,0006287 secs] [Times: user=0,00 sys=0,00, real=0,00 secs] 
71,027: [GC (Allocation Failure) [PSYoungGen: 70208K->96K(69120K)] 72108K->1996K(244224K), 0,0005483 secs] [Times: user=0,00 sys=0,00, real=0,00 secs] 
71,120: [GC (Allocation Failure) [PSYoungGen: 68704K->96K(67584K)] 70604K->1996K(242688K), 0,0005587 secs] [Times: user=0,00 sys=0,00, real=0,00 secs] 
71,232: [GC (Allocation Failure) [PSYoungGen: 67168K->32K(66048K)] 69068K->1940K(241152K), 0,0016042 secs] [Times: user=0,01 sys=0,00, real=0,00 secs] 
71,557: [GC (Allocation Failure) [PSYoungGen: 65568K->96K(64512K)] 67476K->2004K(239616K), 0,0005538 secs] [Times: user=0,00 sys=0,00, real=0,00 secs] 
71,656: [GC (Allocation Failure) [PSYoungGen: 64096K->96K(62976K)] 66004K->2004K(238080K), 0,0006264 secs] [Times: user=0,00 sys=0,00, real=0,00 secs] 
71,767: [GC (Allocation Failure) [PSYoungGen: 62560K->64K(61952K)] 64468K->1972K(237056K), 0,0008045 secs] [Times: user=0,00 sys=0,00, real=0,00 secs] 
71,882: [GC (Allocation Failure) [PSYoungGen: 61504K->64K(60928K)] 63412K->1972K(236032K), 0,0009947 secs] [Times: user=0,00 sys=0,00, real=0,00 secs] 
71,984: [GC (Allocation Failure) [PSYoungGen: 60480K->64K(59904K)] 62388K->1972K(235008K), 0,0006679 secs] [Times: user=0,00 sys=0,00, real=0,01 secs] 
72,090: [GC (Allocation Failure) [PSYoungGen: 59456K->64K(58880K)] 61364K->1972K(233984K), 0,0014004 secs] [Times: user=0,00 sys=0,00, real=0,00 secs] 
72,198: [GC (Allocation Failure) [PSYoungGen: 58432K->64K(57856K)] 60340K->1972K(232960K), 0,0012565 secs] [Times: user=0,00 sys=0,00, real=0,00 secs] 
72,286: [GC (Allocation Failure) [PSYoungGen: 57408K->96K(56832K)] 59316K->2004K(231936K), 0,0006227 secs] [Times: user=0,00 sys=0,00, real=0,00 secs] 
72,372: [GC (Allocation Failure) [PSYoungGen: 56416K->64K(55808K)] 58324K->1972K(230912K), 0,0005735 secs] [Times: user=0,01 sys=0,00, real=0,00 secs] 
72,456: [GC (Allocation Failure) [PSYoungGen: 55360K->96K(54784K)] 57268K->2004K(229888K), 0,0004909 secs] [Times: user=0,00 sys=0,00, real=0,00 secs] 
72,548: [GC (Allocation Failure) [PSYoungGen: 54368K->64K(53760K)] 56276K->1972K(228864K), 0,0006211 secs] [Times: user=0,00 sys=0,00, real=0,00 secs] 
72,637: [GC (Allocation Failure) [PSYoungGen: 53312K->64K(52736K)] 55220K->1972K(227840K), 0,0008256 secs] [Times: user=0,00 sys=0,00, real=0,00 secs] 
72,720: [GC (Allocation Failure) [PSYoungGen: 52288K->64K(51712K)] 54196K->1972K(226816K), 0,0007372 secs] [Times: user=0,01 sys=0,00, real=0,00 secs] 
72,799: [GC (Allocation Failure) [PSYoungGen: 51264K->96K(50688K)] 53172K->2004K(225792K), 0,0009313 secs] [Times: user=0,00 sys=0,00, real=0,00 secs] 
72,880: [GC (Allocation Failure) [PSYoungGen: 50271K->96K(49664K)] 52180K->2004K(224768K), 0,0005180 secs] [Times: user=0,00 sys=0,00, real=0,00 secs] 
72,956: [GC (Allocation Failure) [PSYoungGen: 49248K->96K(48640K)] 51156K->2004K(223744K), 0,0005102 secs] [Times: user=0,00 sys=0,00, real=0,00 secs] 
73,029: [GC (Allocation Failure) [PSYoungGen: 48224K->96K(48128K)] 50132K->2004K(223232K), 0,0004902 secs] [Times: user=0,00 sys=0,00, real=0,00 secs] 
73,101: [GC (Allocation Failure) [PSYoungGen: 47712K->64K(47616K)] 49620K->1972K(222720K), 0,0004917 secs] [Times: user=0,00 sys=0,00, real=0,00 secs] 
73,175: [GC (Allocation Failure) [PSYoungGen: 47168K->64K(47104K)] 49076K->1972K(222208K), 0,0005665 secs] [Times: user=0,00 sys=0,00, real=0,00 secs] 
73,245: [GC (Allocation Failure) [PSYoungGen: 46656K->96K(46592K)] 48564K->2004K(221696K), 0,0005006 secs] [Times: user=0,00 sys=0,00, real=0,00 secs] 
73,315: [GC (Allocation Failure) [PSYoungGen: 46176K->96K(46080K)] 48084K->2004K(221184K), 0,0004734 secs] [Times: user=0,00 sys=0,00, real=0,00 secs] 
73,386: [GC (Allocation Failure) [PSYoungGen: 45664K->64K(45568K)] 47572K->1972K(220672K), 0,0005724 secs] [Times: user=0,00 sys=0,00, real=0,00 secs] 
73,451: [GC (Allocation Failure) [PSYoungGen: 45120K->64K(45056K)] 47028K->1972K(220160K), 0,0006564 secs] [Times: user=0,00 sys=0,00, real=0,00 secs] 
73,516: [GC (Allocation Failure) [PSYoungGen: 44608K->96K(44544K)] 46516K->2004K(219648K), 0,0004766 secs] [Times: user=0,00 sys=0,00, real=0,00 secs] 
73,581: [GC (Allocation Failure) [PSYoungGen: 44128K->96K(44032K)] 46036K->2004K(219136K), 0,0005516 secs] [Times: user=0,00 sys=0,00, real=0,00 secs] 
73,642: [GC (Allocation Failure) [PSYoungGen: 43616K->64K(43520K)] 45524K->1972K(218624K), 0,0006154 secs] [Times: user=0,00 sys=0,00, real=0,00 secs] 
73,701: [GC (Allocation Failure) [PSYoungGen: 43071K->96K(43008K)] 44980K->2004K(218112K), 0,0005086 secs] [Times: user=0,00 sys=0,00, real=0,00 secs] 
73,760: [GC (Allocation Failure) [PSYoungGen: 42592K->96K(42496K)] 44500K->2004K(217600K), 0,0005054 secs] [Times: user=0,00 sys=0,00, real=0,00 secs] 
73,818: [GC (Allocation Failure) [PSYoungGen: 42080K->64K(41984K)] 43988K->1972K(217088K), 0,0004599 secs] [Times: user=0,00 sys=0,00, real=0,00 secs] 
73,875: [GC (Allocation Failure) [PSYoungGen: 41536K->96K(41472K)] 43444K->2004K(216576K), 0,0005851 secs] [Times: user=0,01 sys=0,00, real=0,00 secs] 
73,929: [GC (Allocation Failure) [PSYoungGen: 41056K->96K(40960K)] 42964K->2004K(216064K), 0,0004520 secs] [Times: user=0,00 sys=0,00, real=0,00 secs] 
73,983: [GC (Allocation Failure) [PSYoungGen: 40544K->96K(40448K)] 42452K->2004K(215552K), 0,0004408 secs] [Times: user=0,00 sys=0,00, real=0,00 secs] 
74,036: [GC (Allocation Failure) [PSYoungGen: 40032K->64K(39936K)] 41940K->1972K(215040K), 0,0006382 secs] [Times: user=0,00 sys=0,00, real=0,00 secs] 
74,090: [GC (Allocation Failure) [PSYoungGen: 39488K->96K(39424K)] 41396K->2004K(214528K), 0,0004565 secs] [Times: user=0,00 sys=0,00, real=0,00 secs] 
74,144: [GC (Allocation Failure) [PSYoungGen: 39008K->96K(38912K)] 40916K->2004K(214016K), 0,0004427 secs] [Times: user=0,00 sys=0,00, real=0,00 secs] 
74,196: [GC (Allocation Failure) [PSYoungGen: 38496K->64K(38400K)] 40404K->1972K(213504K), 0,0005607 secs] [Times: user=0,00 sys=0,00, real=0,00 secs] 
74,247: [GC (Allocation Failure) [PSYoungGen: 37952K->96K(37888K)] 39860K->2004K(212992K), 0,0005706 secs] [Times: user=0,00 sys=0,00, real=0,00 secs] 
74,297: [GC (Allocation Failure) [PSYoungGen: 37472K->96K(37376K)] 39380K->2004K(212480K), 0,0004596 secs] [Times: user=0,00 sys=0,00, real=0,00 secs] 
74,349: [GC (Allocation Failure) [PSYoungGen: 36960K->64K(45056K)] 38868K->1972K(220160K), 0,0009910 secs] [Times: user=0,00 sys=0,00, real=0,00 secs] 
74,408: [GC (Allocation Failure) [PSYoungGen: 44608K->96K(44544K)] 46516K->2004K(219648K), 0,0004586 secs] [Times: user=0,00 sys=0,00, real=0,00 secs] 
74,465: [GC (Allocation Failure) [PSYoungGen: 44128K->96K(44032K)] 46036K->2004K(219136K), 0,0004403 secs] [Times: user=0,01 sys=0,00, real=0,00 secs] 
74,522: [GC (Allocation Failure) [PSYoungGen: 43616K->96K(43520K)] 45524K->2004K(218624K), 0,0004399 secs] [Times: user=0,00 sys=0,00, real=0,00 secs] 
74,577: [GC (Allocation Failure) [PSYoungGen: 43104K->64K(43008K)] 45012K->1972K(218112K), 0,0004119 secs] [Times: user=0,00 sys=0,00, real=0,00 secs] 
74,669: [GC (Allocation Failure) [PSYoungGen: 42560K->96K(42496K)] 44468K->2004K(217600K), 0,0005531 secs] [Times: user=0,00 sys=0,00, real=0,00 secs] 
74,726: [GC (Allocation Failure) [PSYoungGen: 42080K->96K(41984K)] 43988K->2004K(217088K), 0,0006155 secs] [Times: user=0,00 sys=0,00, real=0,00 secs] 
74,783: [GC (Allocation Failure) [PSYoungGen: 41568K->96K(41472K)] 43476K->2004K(216576K), 0,0006139 secs] [Times: user=0,01 sys=0,00, real=0,00 secs] 
74,841: [GC (Allocation Failure) [PSYoungGen: 41056K->96K(40960K)] 42964K->2004K(216064K), 0,0005211 secs] [Times: user=0,00 sys=0,00, real=0,00 secs] 
74,921: [GC (Allocation Failure) [PSYoungGen: 40544K->32K(40448K)] 42452K->1940K(215552K), 0,0011122 secs] [Times: user=0,00 sys=0,00, real=0,00 secs] 
74,976: [GC (Allocation Failure) [PSYoungGen: 39968K->96K(39936K)] 41876K->2004K(215040K), 0,0006048 secs] [Times: user=0,00 sys=0,00, real=0,00 secs] 
75,028: [GC (Allocation Failure) [PSYoungGen: 39520K->96K(39424K)] 41428K->2004K(214528K), 0,0005329 secs] [Times: user=0,00 sys=0,00, real=0,00 secs] 
75,080: [GC (Allocation Failure) [PSYoungGen: 39008K->96K(38912K)] 40916K->2004K(214016K), 0,0004476 secs] [Times: user=0,00 sys=0,00, real=0,00 secs] 
75,136: [GC (Allocation Failure) [PSYoungGen: 38496K->32K(46592K)] 40404K->1940K(221696K), 0,0010493 secs] [Times: user=0,01 sys=0,00, real=0,00 secs] 
75,199: [GC (Allocation Failure) [PSYoungGen: 46112K->96K(55808K)] 48020K->2004K(230912K), 0,0010813 secs] [Times: user=0,00 sys=0,00, real=0,00 secs] 
75,280: [GC (Allocation Failure) [PSYoungGen: 55392K->96K(67072K)] 57300K->2004K(242176K), 0,0005086 secs] [Times: user=0,00 sys=0,00, real=0,00 secs] 
75,375: [GC (Allocation Failure) [PSYoungGen: 66656K->96K(65536K)] 68564K->2004K(240640K), 0,0006424 secs] [Times: user=0,00 sys=0,00, real=0,00 secs] 
75,463: [GC (Allocation Failure) [PSYoungGen: 65120K->96K(64000K)] 67028K->2004K(239104K), 0,0005743 secs] [Times: user=0,00 sys=0,00, real=0,00 secs] 
75,548: [GC (Allocation Failure) [PSYoungGen: 63584K->96K(62464K)] 65492K->2004K(237568K), 0,0005359 secs] [Times: user=0,00 sys=0,00, real=0,00 secs] 
75,633: [GC (Allocation Failure) [PSYoungGen: 62048K->96K(61440K)] 63956K->2004K(236544K), 0,0005945 secs] [Times: user=0,00 sys=0,00, real=0,00 secs] 
75,715: [GC (Allocation Failure) [PSYoungGen: 61024K->96K(60416K)] 62932K->2004K(235520K), 0,0009709 secs] [Times: user=0,00 sys=0,00, real=0,00 secs] 
75,795: [GC (Allocation Failure) [PSYoungGen: 60000K->96K(59392K)] 61908K->2004K(234496K), 0,0005104 secs] [Times: user=0,00 sys=0,00, real=0,00 secs] 
75,877: [GC (Allocation Failure) [PSYoungGen: 58976K->96K(58368K)] 60884K->2004K(233472K), 0,0005047 secs] [Times: user=0,00 sys=0,00, real=0,00 secs] 
75,970: [GC (Allocation Failure) [PSYoungGen: 57952K->96K(57344K)] 59860K->2004K(232448K), 0,0005068 secs] [Times: user=0,00 sys=0,00, real=0,00 secs] 
76,046: [GC (Allocation Failure) [PSYoungGen: 56928K->96K(56320K)] 58836K->2004K(231424K), 0,0005284 secs] [Times: user=0,00 sys=0,00, real=0,00 secs] 
76,121: [GC (Allocation Failure) [PSYoungGen: 55904K->64K(55296K)] 57812K->1972K(230400K), 0,0005187 secs] [Times: user=0,00 sys=0,00, real=0,00 secs] 
76,206: [GC (Allocation Failure) [PSYoungGen: 54848K->32K(54272K)] 56756K->1940K(229376K), 0,0012137 secs] [Times: user=0,00 sys=0,00, real=0,00 secs] 
76,302: [GC (Allocation Failure) [PSYoungGen: 53792K->64K(53248K)] 55700K->1972K(228352K), 0,0010303 secs] [Times: user=0,01 sys=0,00, real=0,00 secs] 
76,379: [GC (Allocation Failure) [PSYoungGen: 52800K->32K(52224K)] 54708K->1940K(227328K), 0,0010920 secs] [Times: user=0,00 sys=0,00, real=0,00 secs] 
76,453: [GC (Allocation Failure) [PSYoungGen: 51744K->96K(51200K)] 53652K->2004K(226304K), 0,0005187 secs] [Times: user=0,00 sys=0,00, real=0,00 secs] 
76,520: [GC (Allocation Failure) [PSYoungGen: 50784K->96K(50176K)] 52692K->2004K(225280K), 0,0005192 secs] [Times: user=0,00 sys=0,00, real=0,00 secs] 
76,651: [GC (Allocation Failure) [PSYoungGen: 49760K->64K(49152K)] 51668K->1972K(224256K), 0,0007772 secs] [Times: user=0,00 sys=0,00, real=0,00 secs] 
76,718: [GC (Allocation Failure) [PSYoungGen: 48704K->96K(48128K)] 50612K->2004K(223232K), 0,0005350 secs] [Times: user=0,00 sys=0,00, real=0,00 secs] 
76,783: [GC (Allocation Failure) [PSYoungGen: 47712K->64K(47616K)] 49620K->1972K(222720K), 0,0005618 secs] [Times: user=0,00 sys=0,00, real=0,00 secs] 
76,847: [GC (Allocation Failure) [PSYoungGen: 47168K->96K(47104K)] 49076K->2004K(222208K), 0,0005453 secs] [Times: user=0,00 sys=0,00, real=0,00 secs] 
76,923: [GC (Allocation Failure) [PSYoungGen: 46688K->64K(46592K)] 48596K->1972K(221696K), 0,0010151 secs] [Times: user=0,01 sys=0,00, real=0,01 secs] 
77,029: [GC (Allocation Failure) [PSYoungGen: 46144K->64K(46080K)] 48052K->1972K(221184K), 0,0011332 secs] [Times: user=0,00 sys=0,00, real=0,00 secs] 
77,144: [GC (Allocation Failure) [PSYoungGen: 45632K->64K(45568K)] 47540K->1972K(220672K), 0,0026446 secs] [Times: user=0,00 sys=0,00, real=0,01 secs] 
77,285: [GC (Allocation Failure) [PSYoungGen: 45120K->96K(45056K)] 47028K->2004K(220160K), 0,0019061 secs] [Times: user=0,00 sys=0,00, real=0,00 secs] 
77,393: [GC (Allocation Failure) [PSYoungGen: 44640K->64K(44544K)] 46548K->1972K(219648K), 0,0012317 secs] [Times: user=0,00 sys=0,00, real=0,01 secs] 
77,496: [GC (Allocation Failure) [PSYoungGen: 44096K->64K(44032K)] 46004K->1972K(219136K), 0,0010962 secs] [Times: user=0,00 sys=0,00, real=0,00 secs] 
77,583: [GC (Allocation Failure) [PSYoungGen: 43584K->96K(43520K)] 45492K->2004K(218624K), 0,0005885 secs] [Times: user=0,00 sys=0,00, real=0,00 secs] 
77,684: [GC (Allocation Failure) [PSYoungGen: 43104K->96K(43008K)] 45012K->2004K(218112K), 0,0005506 secs] [Times: user=0,00 sys=0,00, real=0,01 secs] 
77,786: [GC (Allocation Failure) [PSYoungGen: 42592K->64K(42496K)] 44500K->1972K(217600K), 0,0011661 secs] [Times: user=0,00 sys=0,00, real=0,00 secs] 
77,879: [GC (Allocation Failure) [PSYoungGen: 42048K->64K(41984K)] 43956K->1972K(217088K), 0,0006083 secs] [Times: user=0,00 sys=0,00, real=0,00 secs] 
77,962: [GC (Allocation Failure) [PSYoungGen: 41536K->64K(41472K)] 43444K->1972K(216576K), 0,0010671 secs] [Times: user=0,01 sys=0,00, real=0,00 secs] 
78,026: [GC (Allocation Failure) [PSYoungGen: 41024K->96K(40960K)] 42932K->2004K(216064K), 0,0005740 secs] [Times: user=0,00 sys=0,00, real=0,00 secs] 
78,092: [GC (Allocation Failure) [PSYoungGen: 40544K->96K(40448K)] 42452K->2004K(215552K), 0,0005665 secs] [Times: user=0,00 sys=0,00, real=0,00 secs] 
78,169: [GC (Allocation Failure) [PSYoungGen: 40032K->96K(39936K)] 41940K->2004K(215040K), 0,0012624 secs] [Times: user=0,00 sys=0,00, real=0,00 secs] 
78,236: [GC (Allocation Failure) [PSYoungGen: 39520K->64K(39424K)] 41428K->1972K(214528K), 0,0006651 secs] [Times: user=0,00 sys=0,00, real=0,00 secs] 
78,295: [GC (Allocation Failure) [PSYoungGen: 38976K->96K(38912K)] 40884K->2004K(214016K), 0,0004944 secs] [Times: user=0,00 sys=0,00, real=0,00 secs] 
78,352: [GC (Allocation Failure) [PSYoungGen: 38496K->96K(38400K)] 40404K->2004K(213504K), 0,0005008 secs] [Times: user=0,00 sys=0,00, real=0,00 secs] 
78,408: [GC (Allocation Failure) [PSYoungGen: 37984K->96K(37888K)] 39892K->2004K(212992K), 0,0004955 secs] [Times: user=0,00 sys=0,00, real=0,00 secs] 
78,464: [GC (Allocation Failure) [PSYoungGen: 37472K->96K(37376K)] 39380K->2004K(212480K), 0,0004836 secs] [Times: user=0,00 sys=0,00, real=0,00 secs] 
78,519: [GC (Allocation Failure) [PSYoungGen: 36960K->96K(36864K)] 38868K->2004K(211968K), 0,0005026 secs] [Times: user=0,00 sys=0,00, real=0,00 secs] 
78,573: [GC (Allocation Failure) [PSYoungGen: 36448K->64K(36352K)] 38356K->1972K(211456K), 0,0006714 secs] [Times: user=0,00 sys=0,00, real=0,00 secs] 
78,627: [GC (Allocation Failure) [PSYoungGen: 35903K->96K(35840K)] 37812K->2004K(210944K), 0,0005661 secs] [Times: user=0,00 sys=0,00, real=0,00 secs] 
78,681: [GC (Allocation Failure) [PSYoungGen: 35424K->96K(35328K)] 37332K->2004K(210432K), 0,0004963 secs] [Times: user=0,00 sys=0,00, real=0,00 secs] 
78,746: [GC (Allocation Failure) [PSYoungGen: 34911K->64K(42496K)] 36820K->1972K(217600K), 0,0015397 secs] [Times: user=0,00 sys=0,00, real=0,00 secs] 
78,810: [GC (Allocation Failure) [PSYoungGen: 42048K->64K(51200K)] 43956K->1972K(226304K), 0,0005983 secs] [Times: user=0,00 sys=0,00, real=0,00 secs] 
78,885: [GC (Allocation Failure) [PSYoungGen: 50752K->32K(61440K)] 52660K->1940K(236544K), 0,0005841 secs] [Times: user=0,00 sys=0,00, real=0,00 secs] 
78,977: [GC (Allocation Failure) [PSYoungGen: 60960K->96K(60416K)] 62868K->2004K(235520K), 0,0004913 secs] [Times: user=0,00 sys=0,00, real=0,00 secs] 
79,144: [GC (Allocation Failure) [PSYoungGen: 60000K->128K(59392K)] 61908K->2036K(234496K), 0,0012648 secs] [Times: user=0,00 sys=0,00, real=0,00 secs] 
79,234: [GC (Allocation Failure) [PSYoungGen: 59008K->96K(58368K)] 60916K->2004K(233472K), 0,0006729 secs] [Times: user=0,00 sys=0,00, real=0,01 secs] 
79,322: [GC (Allocation Failure) [PSYoungGen: 57952K->96K(57344K)] 59860K->2004K(232448K), 0,0005714 secs] [Times: user=0,00 sys=0,00, real=0,00 secs] 
79,409: [GC (Allocation Failure) [PSYoungGen: 56928K->32K(69120K)] 58836K->1940K(244224K), 0,0017641 secs] [Times: user=0,01 sys=0,00, real=0,00 secs] 
79,515: [GC (Allocation Failure) [PSYoungGen: 68640K->96K(67584K)] 70548K->2004K(242688K), 0,0004995 secs] [Times: user=0,00 sys=0,00, real=0,00 secs] 
79,632: [GC (Allocation Failure) [PSYoungGen: 67168K->32K(81408K)] 69076K->1940K(256512K), 0,0040156 secs] [Times: user=0,00 sys=0,00, real=0,01 secs] 
79,786: [GC (Allocation Failure) [PSYoungGen: 80928K->64K(97792K)] 82836K->1972K(272896K), 0,0006206 secs] [Times: user=0,00 sys=0,00, real=0,00 secs] 
79,962: [GC (Allocation Failure) [PSYoungGen: 97344K->96K(95232K)] 99252K->2004K(270336K), 0,0005907 secs] [Times: user=0,00 sys=0,00, real=0,00 secs] 
80,108: [GC (Allocation Failure) [PSYoungGen: 94816K->96K(92672K)] 96724K->2004K(267776K), 0,0005371 secs] [Times: user=0,00 sys=0,00, real=0,00 secs] 
80,273: [GC (Allocation Failure) [PSYoungGen: 92256K->96K(90112K)] 94164K->2004K(265216K), 0,0005849 secs] [Times: user=0,00 sys=0,00, real=0,00 secs] 
80,403: [GC (Allocation Failure) [PSYoungGen: 89696K->96K(87552K)] 91604K->2004K(262656K), 0,0005205 secs] [Times: user=0,01 sys=0,00, real=0,00 secs] 
80,526: [GC (Allocation Failure) [PSYoungGen: 87136K->96K(85504K)] 89044K->2028K(260608K), 0,0005823 secs] [Times: user=0,00 sys=0,00, real=0,00 secs] 
80,642: [GC (Allocation Failure) [PSYoungGen: 85088K->96K(83456K)] 87020K->2028K(258560K), 0,0005114 secs] [Times: user=0,00 sys=0,00, real=0,00 secs] 
80,758: [GC (Allocation Failure) [PSYoungGen: 83040K->96K(81408K)] 84972K->2028K(256512K), 0,0005093 secs] [Times: user=0,00 sys=0,00, real=0,00 secs] 
80,875: [GC (Allocation Failure) [PSYoungGen: 80992K->96K(79360K)] 82924K->2028K(254464K), 0,0005530 secs] [Times: user=0,00 sys=0,00, real=0,00 secs] 
80,981: [GC (Allocation Failure) [PSYoungGen: 78944K->64K(77312K)] 80876K->1996K(252416K), 0,0017538 secs] [Times: user=0,00 sys=0,00, real=0,00 secs] 
81,105: [GC (Allocation Failure) [PSYoungGen: 76864K->32K(92672K)] 78796K->1964K(267776K), 0,0077400 secs] [Times: user=0,00 sys=0,00, real=0,00 secs] 
81,261: [GC (Allocation Failure) [PSYoungGen: 92192K->96K(111104K)] 94124K->2028K(286208K), 0,0005260 secs] [Times: user=0,00 sys=0,00, real=0,00 secs] 
81,408: [GC (Allocation Failure) [PSYoungGen: 110688K->96K(115200K)] 112620K->2028K(290304K), 0,0005676 secs] [Times: user=0,01 sys=0,00, real=0,00 secs] 
81,567: [GC (Allocation Failure) [PSYoungGen: 114784K->32K(115200K)] 116716K->1964K(290304K), 0,0011340 secs] [Times: user=0,00 sys=0,00, real=0,00 secs] 
81,747: [GC (Allocation Failure) [PSYoungGen: 114720K->96K(111616K)] 116652K->2028K(286720K), 0,0006153 secs] [Times: user=0,00 sys=0,00, real=0,00 secs] 
81,900: [GC (Allocation Failure) [PSYoungGen: 111200K->64K(108544K)] 113132K->1996K(283648K), 0,0010850 secs] [Times: user=0,00 sys=0,01, real=0,00 secs] 
82,053: [GC (Allocation Failure) [PSYoungGen: 108096K->64K(105472K)] 110028K->1996K(280576K), 0,0014491 secs] [Times: user=0,00 sys=0,00, real=0,01 secs] 
82,197: [GC (Allocation Failure) [PSYoungGen: 105024K->64K(102400K)] 106956K->1996K(277504K), 0,0010460 secs] [Times: user=0,01 sys=0,00, real=0,00 secs] 
82,371: [GC (Allocation Failure) [PSYoungGen: 101952K->64K(99328K)] 103884K->1996K(274432K), 0,0010288 secs] [Times: user=0,01 sys=0,00, real=0,00 secs] 
82,511: [GC (Allocation Failure) [PSYoungGen: 98880K->96K(96768K)] 100812K->2028K(271872K), 0,0006493 secs] [Times: user=0,00 sys=0,00, real=0,00 secs] 
82,646: [GC (Allocation Failure) [PSYoungGen: 96352K->96K(94208K)] 98284K->2028K(269312K), 0,0005357 secs] [Times: user=0,01 sys=0,00, real=0,00 secs] 
82,779: [GC (Allocation Failure) [PSYoungGen: 93792K->96K(91648K)] 95724K->2028K(266752K), 0,0005548 secs] [Times: user=0,01 sys=0,00, real=0,00 secs] 
82,937: [GC (Allocation Failure) [PSYoungGen: 91231K->64K(89088K)] 93164K->1996K(264192K), 0,0005303 secs] [Times: user=0,00 sys=0,00, real=0,00 secs] 
83,090: [GC (Allocation Failure) [PSYoungGen: 88640K->96K(87040K)] 90572K->2028K(262144K), 0,0005586 secs] [Times: user=0,00 sys=0,00, real=0,00 secs] 
83,209: [GC (Allocation Failure) [PSYoungGen: 86624K->96K(84992K)] 88556K->2028K(260096K), 0,0005541 secs] [Times: user=0,00 sys=0,00, real=0,00 secs] 
83,345: [GC (Allocation Failure) [PSYoungGen: 84576K->96K(82944K)] 86508K->2028K(258048K), 0,0012844 secs] [Times: user=0,01 sys=0,00, real=0,00 secs] 
83,466: [GC (Allocation Failure) [PSYoungGen: 82528K->64K(80896K)] 84460K->1996K(256000K), 0,0005371 secs] [Times: user=0,01 sys=0,00, real=0,00 secs] 
83,574: [GC (Allocation Failure) [PSYoungGen: 80448K->96K(78848K)] 82380K->2028K(253952K), 0,0006186 secs] [Times: user=0,00 sys=0,00, real=0,00 secs] 
83,680: [GC (Allocation Failure) [PSYoungGen: 78432K->96K(76800K)] 80364K->2028K(251904K), 0,0005646 secs] [Times: user=0,00 sys=0,00, real=0,00 secs] 
83,835: [GC (Allocation Failure) [PSYoungGen: 76384K->64K(74752K)] 78316K->1996K(249856K), 0,0010572 secs] [Times: user=0,00 sys=0,00, real=0,00 secs] 
83,954: [GC (Allocation Failure) [PSYoungGen: 74304K->96K(73216K)] 76236K->2028K(248320K), 0,0005167 secs] [Times: user=0,00 sys=0,00, real=0,01 secs] 
84,062: [GC (Allocation Failure) [PSYoungGen: 72800K->64K(71680K)] 74732K->1996K(246784K), 0,0005555 secs] [Times: user=0,00 sys=0,00, real=0,00 secs] 
84,170: [GC (Allocation Failure) [PSYoungGen: 71232K->96K(70144K)] 73164K->2028K(245248K), 0,0004370 secs] [Times: user=0,00 sys=0,00, real=0,00 secs] 
84,273: [GC (Allocation Failure) [PSYoungGen: 69728K->96K(68608K)] 71660K->2028K(243712K), 0,0004767 secs] [Times: user=0,00 sys=0,00, real=0,00 secs] 
84,371: [GC (Allocation Failure) [PSYoungGen: 68192K->32K(67072K)] 70124K->1964K(242176K), 0,0005286 secs] [Times: user=0,00 sys=0,00, real=0,00 secs] 
84,475: [GC (Allocation Failure) [PSYoungGen: 66592K->32K(65536K)] 68524K->1964K(240640K), 0,0013672 secs] [Times: user=0,00 sys=0,00, real=0,00 secs] 
84,585: [GC (Allocation Failure) [PSYoungGen: 65056K->96K(64000K)] 66988K->2028K(239104K), 0,0005350 secs] [Times: user=0,00 sys=0,00, real=0,00 secs] 
84,695: [GC (Allocation Failure) [PSYoungGen: 63584K->64K(62464K)] 65516K->1996K(237568K), 0,0011222 secs] [Times: user=0,00 sys=0,00, real=0,00 secs] 
84,801: [GC (Allocation Failure) [PSYoungGen: 62016K->64K(61440K)] 63948K->1996K(236544K), 0,0010739 secs] [Times: user=0,01 sys=0,00, real=0,00 secs] 
84,913: [GC (Allocation Failure) [PSYoungGen: 60992K->64K(60416K)] 62924K->1996K(235520K), 0,0010753 secs] [Times: user=0,01 sys=0,00, real=0,00 secs] 
84,996: [GC (Allocation Failure) [PSYoungGen: 59968K->96K(59392K)] 61900K->2028K(234496K), 0,0011702 secs] [Times: user=0,00 sys=0,00, real=0,00 secs] 
85,081: [GC (Allocation Failure) [PSYoungGen: 58976K->96K(58368K)] 60908K->2028K(233472K), 0,0008522 secs] [Times: user=0,00 sys=0,00, real=0,00 secs] 
85,172: [GC (Allocation Failure) [PSYoungGen: 57952K->64K(70144K)] 59884K->1996K(245248K), 0,0012437 secs] [Times: user=0,00 sys=0,00, real=0,00 secs] 
85,274: [GC (Allocation Failure) [PSYoungGen: 69696K->96K(68608K)] 71628K->2028K(243712K), 0,0005457 secs] [Times: user=0,00 sys=0,00, real=0,01 secs] 
85,371: [GC (Allocation Failure) [PSYoungGen: 68192K->96K(67072K)] 70124K->2028K(242176K), 0,0004717 secs] [Times: user=0,00 sys=0,00, real=0,00 secs] 
85,475: [GC (Allocation Failure) [PSYoungGen: 66656K->64K(65536K)] 68588K->1996K(240640K), 0,0004702 secs] [Times: user=0,00 sys=0,00, real=0,00 secs] 
85,573: [GC (Allocation Failure) [PSYoungGen: 65088K->96K(64000K)] 67020K->2028K(239104K), 0,0004400 secs] [Times: user=0,00 sys=0,00, real=0,00 secs] 
85,689: [GC (Allocation Failure) [PSYoungGen: 63584K->64K(62464K)] 65516K->1996K(237568K), 0,0013206 secs] [Times: user=0,00 sys=0,00, real=0,00 secs] 
85,799: [GC (Allocation Failure) [PSYoungGen: 62016K->64K(61440K)] 63948K->1996K(236544K), 0,0010763 secs] [Times: user=0,00 sys=0,00, real=0,00 secs] 
85,909: [GC (Allocation Failure) [PSYoungGen: 60992K->96K(60416K)] 62924K->2028K(235520K), 0,0005399 secs] [Times: user=0,00 sys=0,00, real=0,00 secs] 
85,999: [GC (Allocation Failure) [PSYoungGen: 60000K->32K(72704K)] 61932K->1964K(247808K), 0,0021561 secs] [Times: user=0,00 sys=0,00, real=0,00 secs] 
86,127: [GC (Allocation Failure) [PSYoungGen: 72224K->64K(87552K)] 74156K->1996K(262656K), 0,0010555 secs] [Times: user=0,00 sys=0,00, real=0,00 secs] 
86,260: [GC (Allocation Failure) [PSYoungGen: 87104K->64K(85504K)] 89036K->1996K(260608K), 0,0011055 secs] [Times: user=0,00 sys=0,00, real=0,00 secs] 
86,387: [GC (Allocation Failure) [PSYoungGen: 85056K->96K(83456K)] 86988K->2028K(258560K), 0,0004873 secs] [Times: user=0,00 sys=0,00, real=0,00 secs] 
86,502: [GC (Allocation Failure) [PSYoungGen: 83040K->96K(81408K)] 84972K->2028K(256512K), 0,0005915 secs] [Times: user=0,00 sys=0,00, real=0,00 secs] 
86,615: [GC (Allocation Failure) [PSYoungGen: 80992K->64K(79360K)] 82924K->1996K(254464K), 0,0008923 secs] [Times: user=0,01 sys=0,00, real=0,00 secs] 
86,732: [GC (Allocation Failure) [PSYoungGen: 78911K->96K(77312K)] 80844K->2028K(252416K), 0,0005951 secs] [Times: user=0,00 sys=0,00, real=0,00 secs] 
86,840: [GC (Allocation Failure) [PSYoungGen: 76896K->96K(75264K)] 78828K->2028K(250368K), 0,0005101 secs] [Times: user=0,00 sys=0,00, real=0,00 secs] 
87,084: [GC (Allocation Failure) [PSYoungGen: 74848K->96K(73728K)] 76780K->2028K(248832K), 0,0005343 secs] [Times: user=0,00 sys=0,00, real=0,00 secs] 
87,191: [GC (Allocation Failure) [PSYoungGen: 73312K->96K(72192K)] 75244K->2028K(247296K), 0,0005535 secs] [Times: user=0,01 sys=0,00, real=0,00 secs] 
87,309: [GC (Allocation Failure) [PSYoungGen: 71776K->64K(70656K)] 73708K->1996K(245760K), 0,0009165 secs] [Times: user=0,00 sys=0,00, real=0,00 secs] 
87,407: [GC (Allocation Failure) [PSYoungGen: 70208K->64K(69120K)] 72140K->1996K(244224K), 0,0006185 secs] [Times: user=0,00 sys=0,00, real=0,00 secs] 
87,506: [GC (Allocation Failure) [PSYoungGen: 68672K->64K(67584K)] 70604K->1996K(242688K), 0,0005016 secs] [Times: user=0,00 sys=0,00, real=0,00 secs] 
87,602: [GC (Allocation Failure) [PSYoungGen: 67136K->96K(66048K)] 69068K->2028K(241152K), 0,0007348 secs] [Times: user=0,00 sys=0,00, real=0,00 secs] 
87,711: [GC (Allocation Failure) [PSYoungGen: 65632K->64K(64512K)] 67564K->1996K(239616K), 0,0005684 secs] [Times: user=0,00 sys=0,00, real=0,00 secs] 
87,804: [GC (Allocation Failure) [PSYoungGen: 64064K->96K(62976K)] 65996K->2028K(238080K), 0,0005700 secs] [Times: user=0,00 sys=0,00, real=0,01 secs] 
87,890: [GC (Allocation Failure) [PSYoungGen: 62560K->96K(61952K)] 64492K->2028K(237056K), 0,0005651 secs] [Times: user=0,00 sys=0,00, real=0,00 secs] 
87,993: [GC (Allocation Failure) [PSYoungGen: 61536K->64K(60928K)] 63468K->1996K(236032K), 0,0009901 secs] [Times: user=0,00 sys=0,00, real=0,00 secs] 
88,080: [GC (Allocation Failure) [PSYoungGen: 60480K->96K(59904K)] 62412K->2028K(235008K), 0,0005424 secs] [Times: user=0,00 sys=0,00, real=0,00 secs] 
88,166: [GC (Allocation Failure) [PSYoungGen: 59488K->32K(58880K)] 61420K->1964K(233984K), 0,0012692 secs] [Times: user=0,00 sys=0,00, real=0,00 secs] 
88,249: [GC (Allocation Failure) [PSYoungGen: 58400K->96K(57856K)] 60332K->2028K(232960K), 0,0005636 secs] [Times: user=0,00 sys=0,00, real=0,00 secs] 
88,331: [GC (Allocation Failure) [PSYoungGen: 57440K->96K(56832K)] 59372K->2028K(231936K), 0,0005321 secs] [Times: user=0,00 sys=0,00, real=0,00 secs] 
88,412: [GC (Allocation Failure) [PSYoungGen: 56416K->96K(55808K)] 58348K->2028K(230912K), 0,0004517 secs] [Times: user=0,00 sys=0,00, real=0,00 secs] 
88,497: [GC (Allocation Failure) [PSYoungGen: 55392K->32K(54784K)] 57324K->1964K(229888K), 0,0016001 secs] [Times: user=0,00 sys=0,00, real=0,00 secs] 
88,577: [GC (Allocation Failure) [PSYoungGen: 54304K->96K(53760K)] 56236K->2028K(228864K), 0,0005439 secs] [Times: user=0,00 sys=0,00, real=0,00 secs] 
88,668: [GC (Allocation Failure) [PSYoungGen: 53344K->96K(52736K)] 55276K->2028K(227840K), 0,0005743 secs] [Times: user=0,00 sys=0,00, real=0,00 secs] 
88,829: [GC (Allocation Failure) [PSYoungGen: 52320K->64K(63488K)] 54252K->1996K(238592K), 0,0041745 secs] [Times: user=0,00 sys=0,00, real=0,00 secs] 
89,056: [GC (Allocation Failure) [PSYoungGen: 63040K->64K(76288K)] 64972K->1996K(251392K), 0,0051791 secs] [Times: user=0,01 sys=0,00, real=0,00 secs] 
89,252: [GC (Allocation Failure) [PSYoungGen: 75840K->96K(91648K)] 77772K->2028K(266752K), 0,0005836 secs] [Times: user=0,00 sys=0,00, real=0,00 secs] 
89,415: [GC (Allocation Failure) [PSYoungGen: 91232K->32K(110080K)] 93164K->1964K(285184K), 0,0014839 secs] [Times: user=0,01 sys=0,00, real=0,00 secs] 
89,601: [GC (Allocation Failure) [PSYoungGen: 109600K->96K(107008K)] 111532K->2028K(282112K), 0,0006330 secs] [Times: user=0,00 sys=0,00, real=0,00 secs] 
89,804: [GC (Allocation Failure) [PSYoungGen: 106592K->64K(103936K)] 108524K->1996K(279040K), 0,0005187 secs] [Times: user=0,01 sys=0,00, real=0,01 secs] 
89,971: [GC (Allocation Failure) [PSYoungGen: 103488K->96K(100864K)] 105420K->2028K(275968K), 0,0005915 secs] [Times: user=0,00 sys=0,00, real=0,00 secs] 
90,133: [GC (Allocation Failure) [PSYoungGen: 100447K->64K(98304K)] 102380K->1996K(273408K), 0,0005188 secs] [Times: user=0,00 sys=0,00, real=0,00 secs] 
90,360: [GC (Allocation Failure) [PSYoungGen: 97856K->96K(95744K)] 99788K->2028K(270848K), 0,0005758 secs] [Times: user=0,00 sys=0,00, real=0,00 secs] 
90,504: [GC (Allocation Failure) [PSYoungGen: 95328K->96K(93184K)] 97260K->2052K(268288K), 0,0004948 secs] [Times: user=0,00 sys=0,00, real=0,01 secs] 
90,646: [GC (Allocation Failure) [PSYoungGen: 92768K->64K(90624K)] 94724K->2020K(265728K), 0,0005058 secs] [Times: user=0,00 sys=0,00, real=0,00 secs] 
90,791: [GC (Allocation Failure) [PSYoungGen: 90176K->96K(88064K)] 92132K->2052K(263168K), 0,0004966 secs] [Times: user=0,00 sys=0,00, real=0,00 secs] 
90,926: [GC (Allocation Failure) [PSYoungGen: 87648K->96K(86016K)] 89604K->2052K(261120K), 0,0005964 secs] [Times: user=0,00 sys=0,00, real=0,00 secs] 
91,052: [GC (Allocation Failure) [PSYoungGen: 85600K->64K(83968K)] 87556K->2020K(259072K), 0,0005655 secs] [Times: user=0,00 sys=0,00, real=0,00 secs] 
91,174: [GC (Allocation Failure) [PSYoungGen: 83520K->96K(81920K)] 85476K->2052K(257024K), 0,0004974 secs] [Times: user=0,00 sys=0,00, real=0,01 secs] 
91,293: [GC (Allocation Failure) [PSYoungGen: 81504K->96K(79872K)] 83460K->2052K(254976K), 0,0004790 secs] [Times: user=0,01 sys=0,00, real=0,00 secs] 
91,406: [GC (Allocation Failure) [PSYoungGen: 79456K->64K(77824K)] 81412K->2020K(252928K), 0,0009290 secs] [Times: user=0,00 sys=0,00, real=0,00 secs] 
91,517: [GC (Allocation Failure) [PSYoungGen: 77376K->96K(75776K)] 79332K->2052K(250880K), 0,0005478 secs] [Times: user=0,00 sys=0,00, real=0,00 secs] 
91,622: [GC (Allocation Failure) [PSYoungGen: 75360K->96K(74240K)] 77316K->2052K(249344K), 0,0004558 secs] [Times: user=0,00 sys=0,00, real=0,00 secs] 
91,729: [GC (Allocation Failure) [PSYoungGen: 73824K->96K(72704K)] 75780K->2052K(247808K), 0,0004676 secs] [Times: user=0,00 sys=0,00, real=0,00 secs] 
91,829: [GC (Allocation Failure) [PSYoungGen: 72288K->96K(71168K)] 74244K->2052K(246272K), 0,0004680 secs] [Times: user=0,00 sys=0,00, real=0,00 secs] 
91,928: [GC (Allocation Failure) [PSYoungGen: 70752K->96K(69632K)] 72708K->2052K(244736K), 0,0005170 secs] [Times: user=0,00 sys=0,00, real=0,00 secs] 
92,024: [GC (Allocation Failure) [PSYoungGen: 69216K->96K(68096K)] 71172K->2052K(243200K), 0,0004622 secs] [Times: user=0,00 sys=0,00, real=0,01 secs] 
92,115: [GC (Allocation Failure) [PSYoungGen: 67680K->96K(66560K)] 69636K->2052K(241664K), 0,0004645 secs] [Times: user=0,01 sys=0,00, real=0,00 secs] 
92,209: [GC (Allocation Failure) [PSYoungGen: 66144K->96K(65024K)] 68100K->2052K(240128K), 0,0004603 secs] [Times: user=0,00 sys=0,00, real=0,00 secs] 
92,300: [GC (Allocation Failure) [PSYoungGen: 64608K->64K(63488K)] 66564K->2020K(238592K), 0,0005710 secs] [Times: user=0,00 sys=0,00, real=0,00 secs] 
92,383: [GC (Allocation Failure) [PSYoungGen: 63040K->96K(61952K)] 64996K->2052K(237056K), 0,0004557 secs] [Times: user=0,00 sys=0,00, real=0,00 secs] 
92,464: [GC (Allocation Failure) [PSYoungGen: 61536K->96K(60928K)] 63492K->2052K(236032K), 0,0005146 secs] [Times: user=0,00 sys=0,00, real=0,01 secs] 
92,544: [GC (Allocation Failure) [PSYoungGen: 60512K->96K(59904K)] 62468K->2052K(235008K), 0,0004500 secs] [Times: user=0,00 sys=0,00, real=0,00 secs] 
92,622: [GC (Allocation Failure) [PSYoungGen: 59488K->32K(58880K)] 61444K->1988K(233984K), 0,0005065 secs] [Times: user=0,00 sys=0,00, real=0,00 secs] 
92,703: [GC (Allocation Failure) [PSYoungGen: 58400K->96K(57856K)] 60356K->2052K(232960K), 0,0004497 secs] [Times: user=0,00 sys=0,00, real=0,00 secs] 
92,777: [GC (Allocation Failure) [PSYoungGen: 57440K->64K(56832K)] 59396K->2020K(231936K), 0,0004448 secs] [Times: user=0,00 sys=0,00, real=0,00 secs] 
92,850: [GC (Allocation Failure) [PSYoungGen: 56384K->96K(55808K)] 58340K->2052K(230912K), 0,0004288 secs] [Times: user=0,00 sys=0,00, real=0,00 secs] 
92,923: [GC (Allocation Failure) [PSYoungGen: 55392K->96K(54784K)] 57348K->2052K(229888K), 0,0004817 secs] [Times: user=0,00 sys=0,00, real=0,00 secs] 
92,992: [GC (Allocation Failure) [PSYoungGen: 54368K->96K(53760K)] 56324K->2052K(228864K), 0,0004352 secs] [Times: user=0,00 sys=0,00, real=0,00 secs] 
93,060: [GC (Allocation Failure) [PSYoungGen: 53344K->96K(52736K)] 55300K->2052K(227840K), 0,0004320 secs] [Times: user=0,00 sys=0,00, real=0,00 secs] 
93,137: [GC (Allocation Failure) [PSYoungGen: 52320K->64K(51712K)] 54276K->2020K(226816K), 0,0005177 secs] [Times: user=0,00 sys=0,00, real=0,00 secs] 
93,206: [GC (Allocation Failure) [PSYoungGen: 51264K->64K(50688K)] 53220K->2020K(225792K), 0,0012576 secs] [Times: user=0,00 sys=0,00, real=0,00 secs] 
93,270: [GC (Allocation Failure) [PSYoungGen: 50240K->64K(49664K)] 52196K->2020K(224768K), 0,0005160 secs] [Times: user=0,01 sys=0,00, real=0,00 secs] 
93,334: [GC (Allocation Failure) [PSYoungGen: 49216K->64K(48640K)] 51172K->2020K(223744K), 0,0004949 secs] [Times: user=0,00 sys=0,00, real=0,01 secs] 
93,417: [GC (Allocation Failure) [PSYoungGen: 48192K->64K(48128K)] 50148K->2020K(223232K), 0,0010750 secs] [Times: user=0,00 sys=0,00, real=0,00 secs] 
93,520: [GC (Allocation Failure) [PSYoungGen: 47680K->64K(47616K)] 49636K->2020K(222720K), 0,0014048 secs] [Times: user=0,00 sys=0,00, real=0,00 secs] 
93,626: [GC (Allocation Failure) [PSYoungGen: 47168K->32K(57344K)] 49124K->1988K(232448K), 0,0028589 secs] [Times: user=0,00 sys=0,00, real=0,00 secs] 
93,783: [GC (Allocation Failure) [PSYoungGen: 56864K->96K(69120K)] 58820K->2052K(244224K), 0,0010150 secs] [Times: user=0,00 sys=0,00, real=0,01 secs] 
93,932: [GC (Allocation Failure) [PSYoungGen: 68704K->96K(82944K)] 70660K->2052K(258048K), 0,0017975 secs] [Times: user=0,00 sys=0,00, real=0,00 secs] 
94,102: [GC (Allocation Failure) [PSYoungGen: 82528K->96K(80896K)] 84484K->2052K(256000K), 0,0005518 secs] [Times: user=0,00 sys=0,00, real=0,00 secs] 
94,237: [GC (Allocation Failure) [PSYoungGen: 80480K->96K(78848K)] 82436K->2052K(253952K), 0,0005537 secs] [Times: user=0,00 sys=0,00, real=0,00 secs] 
94,352: [GC (Allocation Failure) [PSYoungGen: 78432K->96K(76800K)] 80388K->2052K(251904K), 0,0005971 secs] [Times: user=0,00 sys=0,00, real=0,00 secs] 
94,461: [GC (Allocation Failure) [PSYoungGen: 76383K->96K(74752K)] 78340K->2052K(249856K), 0,0004864 secs] [Times: user=0,01 sys=0,00, real=0,00 secs] 
94,603: [GC (Allocation Failure) [PSYoungGen: 74336K->96K(73216K)] 76292K->2052K(248320K), 0,0005673 secs] [Times: user=0,00 sys=0,00, real=0,00 secs] 
94,708: [GC (Allocation Failure) [PSYoungGen: 72800K->64K(71680K)] 74756K->2020K(246784K), 0,0005987 secs] [Times: user=0,00 sys=0,00, real=0,00 secs] 
94,815: [GC (Allocation Failure) [PSYoungGen: 71232K->96K(70144K)] 73188K->2052K(245248K), 0,0006000 secs] [Times: user=0,00 sys=0,00, real=0,00 secs] 
95,001: [GC (Allocation Failure) [PSYoungGen: 69728K->96K(68608K)] 71684K->2052K(243712K), 0,0005785 secs] [Times: user=0,00 sys=0,00, real=0,00 secs] 
95,102: [GC (Allocation Failure) [PSYoungGen: 68192K->96K(67072K)] 70148K->2052K(242176K), 0,0005762 secs] [Times: user=0,00 sys=0,00, real=0,00 secs] 
95,213: [GC (Allocation Failure) [PSYoungGen: 66656K->64K(65536K)] 68612K->2020K(240640K), 0,0016325 secs] [Times: user=0,01 sys=0,01, real=0,01 secs] 
95,312: [GC (Allocation Failure) [PSYoungGen: 65088K->96K(64000K)] 67044K->2052K(239104K), 0,0005648 secs] [Times: user=0,00 sys=0,00, real=0,00 secs] 
95,411: [GC (Allocation Failure) [PSYoungGen: 63584K->64K(62464K)] 65540K->2020K(237568K), 0,0011439 secs] [Times: user=0,00 sys=0,00, real=0,00 secs] 
95,583: [GC (Allocation Failure) [PSYoungGen: 62016K->96K(61440K)] 63972K->2052K(236544K), 0,0006001 secs] [Times: user=0,00 sys=0,00, real=0,01 secs] 
95,717: [GC (Allocation Failure) [PSYoungGen: 61024K->96K(60416K)] 62980K->2052K(235520K), 0,0005660 secs] [Times: user=0,00 sys=0,00, real=0,00 secs] 
95,807: [GC (Allocation Failure) [PSYoungGen: 60000K->96K(59392K)] 61956K->2052K(234496K), 0,0005722 secs] [Times: user=0,00 sys=0,00, real=0,00 secs] 
95,898: [GC (Allocation Failure) [PSYoungGen: 58976K->96K(58368K)] 60932K->2052K(233472K), 0,0005954 secs] [Times: user=0,00 sys=0,00, real=0,00 secs] 
96,085: [GC (Allocation Failure) [PSYoungGen: 57952K->96K(57344K)] 59908K->2052K(232448K), 0,0005467 secs] [Times: user=0,00 sys=0,00, real=0,00 secs] 
96,205: [GC (Allocation Failure) [PSYoungGen: 56928K->64K(56320K)] 58884K->2020K(231424K), 0,0006454 secs] [Times: user=0,00 sys=0,00, real=0,00 secs] 
96,320: [GC (Allocation Failure) [PSYoungGen: 55872K->96K(55296K)] 57828K->2052K(230400K), 0,0005891 secs] [Times: user=0,00 sys=0,00, real=0,00 secs] 
96,448: [GC (Allocation Failure) [PSYoungGen: 54880K->96K(54272K)] 56836K->2052K(229376K), 0,0005849 secs] [Times: user=0,01 sys=0,00, real=0,00 secs] 
96,567: [GC (Allocation Failure) [PSYoungGen: 53856K->96K(53248K)] 55812K->2052K(228352K), 0,0006225 secs] [Times: user=0,00 sys=0,00, real=0,00 secs] 
96,681: [GC (Allocation Failure) [PSYoungGen: 52832K->64K(52224K)] 54788K->2020K(227328K), 0,0006471 secs] [Times: user=0,00 sys=0,00, real=0,00 secs] 
96,793: [GC (Allocation Failure) [PSYoungGen: 51776K->32K(51200K)] 53732K->1988K(226304K), 0,0016918 secs] [Times: user=0,01 sys=0,00, real=0,01 secs] 
96,906: [GC (Allocation Failure) [PSYoungGen: 50720K->96K(50176K)] 52676K->2052K(225280K), 0,0006009 secs] [Times: user=0,00 sys=0,00, real=0,00 secs] 
97,008: [GC (Allocation Failure) [PSYoungGen: 49760K->96K(49152K)] 51716K->2052K(224256K), 0,0005685 secs] [Times: user=0,00 sys=0,00, real=0,00 secs] 
97,083: [GC (Allocation Failure) [PSYoungGen: 48736K->32K(48128K)] 50692K->1988K(223232K), 0,0012244 secs] [Times: user=0,00 sys=0,00, real=0,01 secs] 
97,156: [GC (Allocation Failure) [PSYoungGen: 47648K->96K(47616K)] 49604K->2052K(222720K), 0,0005760 secs] [Times: user=0,00 sys=0,00, real=0,00 secs] 
97,237: [GC (Allocation Failure) [PSYoungGen: 47200K->96K(47104K)] 49156K->2052K(222208K), 0,0005724 secs] [Times: user=0,00 sys=0,00, real=0,00 secs] 
97,312: [GC (Allocation Failure) [PSYoungGen: 46688K->96K(46592K)] 48644K->2052K(221696K), 0,0006194 secs] [Times: user=0,00 sys=0,00, real=0,00 secs] 
97,386: [GC (Allocation Failure) [PSYoungGen: 46176K->64K(46080K)] 48132K->2020K(221184K), 0,0012999 secs] [Times: user=0,00 sys=0,00, real=0,00 secs] 
97,458: [GC (Allocation Failure) [PSYoungGen: 45632K->64K(55296K)] 47588K->2020K(230400K), 0,0011669 secs] [Times: user=0,01 sys=0,00, real=0,00 secs] 
97,543: [GC (Allocation Failure) [PSYoungGen: 54848K->64K(66560K)] 56804K->2020K(241664K), 0,0011133 secs] [Times: user=0,00 sys=0,00, real=0,01 secs] 
97,647: [GC (Allocation Failure) [PSYoungGen: 66112K->96K(79872K)] 68068K->2052K(254976K), 0,0010439 secs] [Times: user=0,00 sys=0,00, real=0,00 secs] 
97,769: [GC (Allocation Failure) [PSYoungGen: 79456K->96K(77824K)] 81412K->2052K(252928K), 0,0005868 secs] [Times: user=0,00 sys=0,00, real=0,00 secs] 
97,881: [GC (Allocation Failure) [PSYoungGen: 77408K->96K(75776K)] 79364K->2052K(250880K), 0,0004977 secs] [Times: user=0,00 sys=0,00, real=0,00 secs] 
97,992: [GC (Allocation Failure) [PSYoungGen: 75360K->96K(74240K)] 77316K->2052K(249344K), 0,0005174 secs] [Times: user=0,00 sys=0,00, real=0,00 secs] 
98,100: [GC (Allocation Failure) [PSYoungGen: 73824K->64K(72704K)] 75780K->2020K(247808K), 0,0012731 secs] [Times: user=0,01 sys=0,00, real=0,00 secs] 
98,210: [GC (Allocation Failure) [PSYoungGen: 72255K->32K(71168K)] 74212K->1988K(246272K), 0,0005693 secs] [Times: user=0,00 sys=0,00, real=0,00 secs] 
98,311: [GC (Allocation Failure) [PSYoungGen: 70688K->64K(69632K)] 72644K->2020K(244736K), 0,0004930 secs] [Times: user=0,00 sys=0,00, real=0,00 secs] 
98,408: [GC (Allocation Failure) [PSYoungGen: 69184K->96K(68096K)] 71140K->2052K(243200K), 0,0004789 secs] [Times: user=0,00 sys=0,00, real=0,00 secs] 
98,501: [GC (Allocation Failure) [PSYoungGen: 67680K->96K(66560K)] 69636K->2052K(241664K), 0,0005919 secs] [Times: user=0,01 sys=0,00, real=0,00 secs] 
98,592: [GC (Allocation Failure) [PSYoungGen: 66144K->128K(65024K)] 68100K->2084K(240128K), 0,0005249 secs] [Times: user=0,00 sys=0,00, real=0,00 secs] 
98,680: [GC (Allocation Failure) [PSYoungGen: 64640K->96K(63488K)] 66596K->2052K(238592K), 0,0005751 secs] [Times: user=0,00 sys=0,00, real=0,00 secs] 
98,766: [GC (Allocation Failure) [PSYoungGen: 63072K->64K(61952K)] 65028K->2020K(237056K), 0,0010256 secs] [Times: user=0,00 sys=0,00, real=0,00 secs] 
98,848: [GC (Allocation Failure) [PSYoungGen: 61504K->96K(60928K)] 63460K->2052K(236032K), 0,0004756 secs] [Times: user=0,00 sys=0,00, real=0,00 secs] 
98,929: [GC (Allocation Failure) [PSYoungGen: 60512K->96K(59904K)] 62468K->2052K(235008K), 0,0006349 secs] [Times: user=0,00 sys=0,00, real=0,00 secs] 
99,008: [GC (Allocation Failure) [PSYoungGen: 59488K->96K(58880K)] 61444K->2052K(233984K), 0,0007810 secs] [Times: user=0,00 sys=0,00, real=0,00 secs] 
99,085: [GC (Allocation Failure) [PSYoungGen: 58464K->64K(57856K)] 60420K->2020K(232960K), 0,0004557 secs] [Times: user=0,00 sys=0,00, real=0,00 secs] 
99,161: [GC (Allocation Failure) [PSYoungGen: 57408K->96K(56832K)] 59364K->2052K(231936K), 0,0004509 secs] [Times: user=0,00 sys=0,00, real=0,00 secs] 
99,241: [GC (Allocation Failure) [PSYoungGen: 56416K->96K(55808K)] 58372K->2052K(230912K), 0,0005849 secs] [Times: user=0,01 sys=0,00, real=0,00 secs] 
99,314: [GC (Allocation Failure) [PSYoungGen: 55392K->96K(54784K)] 57348K->2052K(229888K), 0,0005302 secs] [Times: user=0,00 sys=0,00, real=0,00 secs] 
99,386: [GC (Allocation Failure) [PSYoungGen: 54368K->96K(53760K)] 56324K->2052K(228864K), 0,0005126 secs] [Times: user=0,00 sys=0,00, real=0,00 secs] 
99,457: [GC (Allocation Failure) [PSYoungGen: 53344K->96K(52736K)] 55300K->2052K(227840K), 0,0005342 secs] [Times: user=0,00 sys=0,00, real=0,00 secs] 
99,523: [GC (Allocation Failure) [PSYoungGen: 52320K->64K(51712K)] 54276K->2020K(226816K), 0,0004956 secs] [Times: user=0,00 sys=0,00, real=0,01 secs] 
99,600: [GC (Allocation Failure) [PSYoungGen: 51264K->32K(50688K)] 53220K->1988K(225792K), 0,0010636 secs] [Times: user=0,00 sys=0,00, real=0,00 secs] 
99,679: [GC (Allocation Failure) [PSYoungGen: 50208K->64K(60928K)] 52164K->2020K(236032K), 0,0015643 secs] [Times: user=0,00 sys=0,00, real=0,00 secs] 
99,762: [GC (Allocation Failure) [PSYoungGen: 60480K->64K(59904K)] 62436K->2020K(235008K), 0,0005378 secs] [Times: user=0,00 sys=0,00, real=0,00 secs] 
99,838: [GC (Allocation Failure) [PSYoungGen: 59456K->96K(58880K)] 61412K->2052K(233984K), 0,0005231 secs] [Times: user=0,00 sys=0,00, real=0,00 secs] 
99,913: [GC (Allocation Failure) [PSYoungGen: 58464K->96K(57856K)] 60420K->2052K(232960K), 0,0005398 secs] [Times: user=0,00 sys=0,00, real=0,00 secs] 
99,987: [GC (Allocation Failure) [PSYoungGen: 57440K->128K(56832K)] 59396K->2084K(231936K), 0,0005667 secs] [Times: user=0,01 sys=0,00, real=0,00 secs] 
100,061: [GC (Allocation Failure) [PSYoungGen: 56448K->96K(55808K)] 58404K->2052K(230912K), 0,0005770 secs] [Times: user=0,00 sys=0,00, real=0,00 secs] 
100,131: [GC (Allocation Failure) [PSYoungGen: 55392K->96K(54784K)] 57348K->2052K(229888K), 0,0005178 secs] [Times: user=0,00 sys=0,00, real=0,00 secs] 
100,202: [GC (Allocation Failure) [PSYoungGen: 54368K->96K(53760K)] 56324K->2052K(228864K), 0,0005157 secs] [Times: user=0,00 sys=0,00, real=0,00 secs] 
100,272: [GC (Allocation Failure) [PSYoungGen: 53344K->96K(52736K)] 55300K->2052K(227840K), 0,0005410 secs] [Times: user=0,00 sys=0,00, real=0,00 secs] 
Heap
 PSYoungGen      total 52736K, used 22457K [0x000000076ab00000, 0x0000000773280000, 0x00000007c0000000)
  eden space 52224K, 42% used [0x000000076ab00000,0x000000076c0d66c8,0x000000076de00000)
  from space 512K, 18% used [0x0000000773200000,0x0000000773218000,0x0000000773280000)
  to   space 512K, 0% used [0x0000000773180000,0x0000000773180000,0x0000000773200000)
 ParOldGen       total 175104K, used 1956K [0x00000006c0000000, 0x00000006cab00000, 0x000000076ab00000)
  object space 175104K, 1% used [0x00000006c0000000,0x00000006c01e90d0,0x00000006cab00000)
 Metaspace       used 8761K, capacity 9046K, committed 9344K, reserved 1056768K
  class space    used 965K, capacity 1079K, committed 1152K, reserved 1048576K
