OpenJDK 64-Bit Server VM (25.202-b05) for bsd-amd64 JRE (Zulu 8.36.0.1-CA-macosx) (1.8.0_202-b05), built on Jan 29 2019 06:07:09 by "zulu_re" with gcc 4.2.1 (Based on Apple Inc. build 5658) (LLVM build 2336.11.00)
Memory: 4k page, physical 16777216k(3687472k free)

/proc/meminfo:

CommandLine flags: -XX:InitialHeapSize=268435456 -XX:MaxHeapSize=4294967296 -XX:+PrintGC -XX:+PrintGCDetails -XX:+PrintGCTimeStamps -XX:+UseCompressedClassPointers -XX:+UseCompressedOops -XX:+UseParallelGC 
Heap
 PSYoungGen      total 76288K, used 35670K [0x000000076ab00000, 0x0000000770000000, 0x00000007c0000000)
  eden space 65536K, 54% used [0x000000076ab00000,0x000000076cdd5b98,0x000000076eb00000)
  from space 10752K, 0% used [0x000000076f580000,0x000000076f580000,0x0000000770000000)
  to   space 10752K, 0% used [0x000000076eb00000,0x000000076eb00000,0x000000076f580000)
 ParOldGen       total 175104K, used 0K [0x00000006c0000000, 0x00000006cab00000, 0x000000076ab00000)
  object space 175104K, 0% used [0x00000006c0000000,0x00000006c0000000,0x00000006cab00000)
 Metaspace       used 7647K, capacity 8005K, committed 8192K, reserved 1056768K
  class space    used 853K, capacity 948K, committed 1024K, reserved 1048576K
K(1067008K)], 0,0333546 secs] [Times: user=0,07 sys=0,00, real=0,03 secs] 
4,800: [GC (Allocation Failure) [PSYoungGen: 65536K->1356K(76288K)] 71380K->7200K(190976K), 0,0015475 secs] [Times: user=0,01 sys=0,00, real=0,00 secs] 
6,198: [GC (Allocation Failure) [PSYoungGen: 66892K->2492K(76288K)] 72736K->8344K(190976K), 0,0028469 secs] [Times: user=0,01 sys=0,00, real=0,00 secs] 
6,525: [GC (Allocation Failure) [PSYoungGen: 68028K->3120K(92672K)] 73880K->8980K(207360K), 0,0040871 secs] [Times: user=0,02 sys=0,00, real=0,01 secs] 
6,989: [GC (Allocation Failure) [PSYoungGen: 87088K->3979K(92160K)] 92948K->9847K(206848K), 0,0044392 secs] [Times: user=0,02 sys=0,00, real=0,00 secs] 
7,122: [GC (Allocation Failure) [PSYoungGen: 87947K->3808K(125952K)] 93815K->9676K(240640K), 0,0040115 secs] [Times: user=0,01 sys=0,00, real=0,01 secs] 
7,268: [GC (Allocation Failure) [PSYoungGen: 122080K->3776K(125952K)] 127948K->9652K(240640K), 0,0051913 secs] [Times: user=0,02 sys=0,00, real=0,00 secs] 
7,390: [GC (Allocation Failure) [PSYoungGen: 122048K->3776K(171520K)] 127924K->9652K(286208K), 0,0042729 secs] [Times: user=0,02 sys=0,00, real=0,00 secs] 
7,548: [GC (Allocation Failure) [PSYoungGen: 168128K->3200K(171520K)] 174004K->9690K(286208K), 0,0039411 secs] [Times: user=0,01 sys=0,01, real=0,00 secs] 
7,661: [GC (Allocation Failure) [PSYoungGen: 167552K->960K(239616K)] 174042K->9719K(354304K), 0,0037217 secs] [Times: user=0,01 sys=0,00, real=0,00 secs] 
7,835: [GC (Allocation Failure) [PSYoungGen: 233920K->128K(240128K)] 242679K->9783K(354816K), 0,0018160 secs] [Times: user=0,01 sys=0,00, real=0,01 secs] 
7,982: [GC (Allocation Failure) [PSYoungGen: 233088K->64K(325632K)] 242743K->9719K(440320K), 0,0010769 secs] [Times: user=0,01 sys=0,00, real=0,00 secs] 
8,219: [GC (Allocation Failure) [PSYoungGen: 323136K->96K(330752K)] 332791K->9759K(445440K), 0,0011544 secs] [Times: user=0,01 sys=0,00, real=0,00 secs] 
8,422: [GC (Allocation Failure) [PSYoungGen: 323168K->96K(430080K)] 332831K->9759K(544768K), 0,0010423 secs] [Times: user=0,00 sys=0,00, real=0,00 secs] 
8,731: [GC (Allocation Failure) [PSYoungGen: 429664K->96K(438784K)] 439327K->9767K(553472K), 0,0010898 secs] [Times: user=0,01 sys=0,00, real=0,00 secs] 
9,001: [GC (Allocation Failure) [PSYoungGen: 431200K->64K(510976K)] 440871K->9743K(625664K), 0,0010523 secs] [Times: user=0,01 sys=0,00, real=0,00 secs] 
9,349: [GC (Allocation Failure) [PSYoungGen: 510016K->64K(517120K)] 519695K->9743K(631808K), 0,0011148 secs] [Times: user=0,00 sys=0,00, real=0,00 secs] 
9,666: [GC (Allocation Failure) [PSYoungGen: 510016K->96K(588288K)] 519695K->9775K(702976K), 0,0010999 secs] [Times: user=0,00 sys=0,00, real=0,00 secs] 
10,060: [GC (Allocation Failure) [PSYoungGen: 587872K->96K(594944K)] 597551K->9775K(709632K), 0,0010811 secs] [Times: user=0,00 sys=0,00, real=0,00 secs] 
10,428: [GC (Allocation Failure) [PSYoungGen: 587872K->160K(665088K)] 597551K->9839K(779776K), 0,0012593 secs] [Times: user=0,00 sys=0,00, real=0,00 secs] 
10,869: [GC (Allocation Failure) [PSYoungGen: 663712K->128K(670208K)] 673391K->9807K(784896K), 0,0011185 secs] [Times: user=0,00 sys=0,00, real=0,00 secs] 
11,282: [GC (Allocation Failure) [PSYoungGen: 663680K->128K(736768K)] 673359K->9807K(851456K), 0,0011407 secs] [Times: user=0,00 sys=0,00, real=0,00 secs] 
11,767: [GC (Allocation Failure) [PSYoungGen: 736384K->160K(742400K)] 746063K->9839K(857088K), 0,0011150 secs] [Times: user=0,00 sys=0,00, real=0,00 secs] 
12,223: [GC (Allocation Failure) [PSYoungGen: 736928K->128K(791552K)] 746607K->9807K(906240K), 0,0011114 secs] [Times: user=0,00 sys=0,00, real=0,00 secs] 
12,732: [GC (Allocation Failure) [PSYoungGen: 789632K->128K(794624K)] 799311K->9807K(909312K), 0,0011090 secs] [Times: user=0,00 sys=0,00, real=0,00 secs] 
13,224: [GC (Allocation Failure) [PSYoungGen: 789632K->128K(843264K)] 799311K->9807K(957952K), 0,0034209 secs] [Times: user=0,01 sys=0,01, real=0,01 secs] 
13,768: [GC (Allocation Failure) [PSYoungGen: 840832K->128K(845312K)] 850511K->9807K(960000K), 0,0010953 secs] [Times: user=0,00 sys=0,00, real=0,00 secs] 
14,288: [GC (Allocation Failure) [PSYoungGen: 840832K->128K(892416K)] 850511K->9807K(1007104K), 0,0011588 secs] [Times: user=0,00 sys=0,00, real=0,00 secs] 
14,859: [GC (Allocation Failure) [PSYoungGen: 890496K->128K(894464K)] 900175K->9807K(1009152K), 0,0014522 secs] [Times: user=0,00 sys=0,00, real=0,00 secs] 
15,411: [GC (Allocation Failure) [PSYoungGen: 890496K->128K(943104K)] 900175K->9807K(1057792K), 0,0011873 secs] [Times: user=0,01 sys=0,00, real=0,00 secs] 
16,014: [GC (Allocation Failure) [PSYoungGen: 941696K->128K(945152K)] 951375K->9807K(1059840K), 0,0010919 secs] [Times: user=0,00 sys=0,00, real=0,01 secs] 
16,598: [GC (Allocation Failure) [PSYoungGen: 941696K->128K(984576K)] 951375K->9807K(1099264K), 0,0010935 secs] [Times: user=0,01 sys=0,00, real=0,00 secs] 
17,223: [GC (Allocation Failure) [PSYoungGen: 983168K->128K(986112K)] 992847K->9807K(1100800K), 0,0010940 secs] [Times: user=0,00 sys=0,00, real=0,00 secs] 
17,832: [GC (Allocation Failure) [PSYoungGen: 983168K->128K(1027072K)] 992847K->9807K(1141760K), 0,0012231 secs] [Times: user=0,00 sys=0,00, real=0,00 secs] 
18,483: [GC (Allocation Failure) [PSYoungGen: 1024128K->64K(1027072K)] 1033807K->9807K(1141760K), 0,0011278 secs] [Times: user=0,00 sys=0,01, real=0,00 secs] 
19,117: [GC (Allocation Failure) [PSYoungGen: 1024064K->64K(1066496K)] 1033807K->9807K(1181184K), 0,0011160 secs] [Times: user=0,00 sys=0,00, real=0,00 secs] 
19,792: [GC (Allocation Failure) [PSYoungGen: 1064512K->64K(1067008K)] 1074255K->9807K(1181696K), 0,0010690 secs] [Times: user=0,00 sys=0,00, real=0,00 secs] 
20,448: [GC (Allocation Failure) [PSYoungGen: 1064512K->96K(1103872K)] 1074255K->9839K(1218560K), 0,0010232 secs] [Times: user=0,00 sys=0,01, real=0,00 secs] 
21,144: [GC (Allocation Failure) [PSYoungGen: 1103456K->64K(1105920K)] 1113199K->9807K(1220608K), 0,0010574 secs] [Times: user=0,00 sys=0,00, real=0,01 secs] 
21,826: [GC (Allocation Failure) [PSYoungGen: 1103936K->64K(1139712K)] 1113679K->9807K(1254400K), 0,0010797 secs] [Times: user=0,00 sys=0,00, real=0,00 secs] 
22,541: [GC (Allocation Failure) [PSYoungGen: 1137728K->96K(1139712K)] 1147471K->9839K(1254400K), 0,0010446 secs] [Times: user=0,00 sys=0,00, real=0,00 secs] 
23,244: [GC (Allocation Failure) [PSYoungGen: 1137760K->64K(1173504K)] 1147503K->9807K(1288192K), 0,0011057 secs] [Times: user=0,01 sys=0,00, real=0,00 secs] 
23,981: [GC (Allocation Failure) [PSYoungGen: 1171520K->64K(1173504K)] 1181263K->9807K(1288192K), 0,0010389 secs] [Times: user=0,00 sys=0,00, real=0,00 secs] 
24,704: [GC (Allocation Failure) [PSYoungGen: 1171520K->96K(1205760K)] 1181263K->9839K(1320448K), 0,0010493 secs] [Times: user=0,00 sys=0,00, real=0,00 secs] 
25,462: [GC (Allocation Failure) [PSYoungGen: 1204832K->96K(1206272K)] 1214575K->9839K(1320960K), 0,0012140 secs] [Times: user=0,01 sys=0,00, real=0,00 secs] 
26,207: [GC (Allocation Failure) [PSYoungGen: 1204832K->128K(1241088K)] 1214575K->9871K(1355776K), 0,0011427 secs] [Times: user=0,00 sys=0,00, real=0,00 secs] 
26,986: [GC (Allocation Failure) [PSYoungGen: 1239680K->64K(1241088K)] 1249423K->9807K(1355776K), 0,0010947 secs] [Times: user=0,01 sys=0,00, real=0,00 secs] 
27,782: [GC (Allocation Failure) [PSYoungGen: 1239616K->96K(1273344K)] 1249359K->9839K(1388032K), 0,0040240 secs] [Times: user=0,00 sys=0,00, real=0,01 secs] 
28,588: [GC (Allocation Failure) [PSYoungGen: 1272928K->96K(1273856K)] 1282671K->9839K(1388544K), 0,0010611 secs] [Times: user=0,00 sys=0,00, real=0,00 secs] 
29,374: [GC (Allocation Failure) [PSYoungGen: 1272928K->96K(1306112K)] 1282671K->9839K(1420800K), 0,0011016 secs] [Times: user=0,01 sys=0,00, real=0,01 secs] 
30,193: [GC (Allocation Failure) [PSYoungGen: 1305696K->64K(1306624K)] 1315439K->9807K(1421312K), 0,0010817 secs] [Times: user=0,00 sys=0,00, real=0,00 secs] 
30,997: [GC (Allocation Failure) [PSYoungGen: 1305664K->64K(1339392K)] 1315407K->9807K(1454080K), 0,0010952 secs] [Times: user=0,01 sys=0,00, real=0,00 secs] 
31,837: [GC (Allocation Failure) [PSYoungGen: 1338432K->96K(1339392K)] 1348175K->9847K(1454080K), 0,0011258 secs] [Times: user=0,00 sys=0,00, real=0,00 secs] 
32,663: [GC (Allocation Failure) [PSYoungGen: 1338464K->64K(1371648K)] 1348215K->9815K(1486336K), 0,0010932 secs] [Times: user=0,00 sys=0,00, real=0,00 secs] 
33,522: [GC (Allocation Failure) [PSYoungGen: 1371200K->64K(1372160K)] 1380951K->9815K(1486848K), 0,0011162 secs] [Times: user=0,00 sys=0,00, real=0,00 secs] 
34,375: [GC (Allocation Failure) [PSYoungGen: 1371200K->96K(1396736K)] 1380951K->9847K(1511424K), 0,0010875 secs] [Times: user=0,00 sys=0,00, real=0,01 secs] 
35,246: [GC (Allocation Failure) [PSYoungGen: 1395808K->96K(1396736K)] 1405559K->9847K(1511424K), 0,0010205 secs] [Times: user=0,00 sys=0,01, real=0,00 secs] 
36,105: [GC (Allocation Failure) [PSYoungGen: 1395808K->64K(1396736K)] 1405559K->9815K(1511424K), 0,0011036 secs] [Times: user=0,00 sys=0,00, real=0,00 secs] 
36,967: [GC (Allocation Failure) [PSYoungGen: 1396288K->96K(1396736K)] 1406039K->9847K(1511424K), 0,0010500 secs] [Times: user=0,00 sys=0,00, real=0,00 secs] 
37,828: [GC (Allocation Failure) [PSYoungGen: 1396320K->64K(1397248K)] 1406071K->9815K(1511936K), 0,0011149 secs] [Times: user=0,00 sys=0,00, real=0,00 secs] 
38,690: [GC (Allocation Failure) [PSYoungGen: 1396800K->64K(1397248K)] 1406551K->9815K(1511936K), 0,0010284 secs] [Times: user=0,00 sys=0,00, real=0,00 secs] 
39,551: [GC (Allocation Failure) [PSYoungGen: 1396800K->64K(1397248K)] 1406551K->9815K(1511936K), 0,0012650 secs] [Times: user=0,00 sys=0,00, real=0,00 secs] 
40,410: [GC (Allocation Failure) [PSYoungGen: 1396800K->96K(1397248K)] 1406551K->9847K(1511936K), 0,0010852 secs] [Times: user=0,00 sys=0,00, real=0,00 secs] 
41,271: [GC (Allocation Failure) [PSYoungGen: 1396832K->64K(1397248K)] 1406583K->9815K(1511936K), 0,0010633 secs] [Times: user=0,00 sys=0,00, real=0,00 secs] 
42,130: [GC (Allocation Failure) [PSYoungGen: 1396800K->96K(1332736K)] 1406551K->9847K(1447424K), 0,0010948 secs] [Times: user=0,00 sys=0,00, real=0,00 secs] 
42,951: [GC (Allocation Failure) [PSYoungGen: 1332320K->64K(1271296K)] 1342071K->9815K(1385984K), 0,0011091 secs] [Times: user=0,01 sys=0,00, real=0,00 secs] 
43,734: [GC (Allocation Failure) [PSYoungGen: 1270848K->96K(1212928K)] 1280599K->9855K(1327616K), 0,0010985 secs] [Times: user=0,00 sys=0,00, real=0,01 secs] 
44,483: [GC (Allocation Failure) [PSYoungGen: 1212512K->64K(1157632K)] 1222271K->9823K(1272320K), 0,0010879 secs] [Times: user=0,00 sys=0,00, real=0,00 secs] 
45,197: [GC (Allocation Failure) [PSYoungGen: 1157184K->64K(1104896K)] 1166943K->9823K(1219584K), 0,0011057 secs] [Times: user=0,00 sys=0,00, real=0,00 secs] 
45,878: [GC (Allocation Failure) [PSYoungGen: 1104448K->64K(1054720K)] 1114207K->9823K(1169408K), 0,0010759 secs] [Times: user=0,01 sys=0,00, real=0,00 secs] 
46,529: [GC (Allocation Failure) [PSYoungGen: 1054272K->64K(1007104K)] 1064031K->9823K(1121792K), 0,0010444 secs] [Times: user=0,00 sys=0,00, real=0,00 secs] 
47,150: [GC (Allocation Failure) [PSYoungGen: 1006656K->64K(962048K)] 1016415K->9823K(1076736K), 0,0010725 secs] [Times: user=0,00 sys=0,01, real=0,00 secs] 
47,743: [GC (Allocation Failure) [PSYoungGen: 961600K->64K(919040K)] 971359K->9823K(1033728K), 0,0011057 secs] [Times: user=0,01 sys=0,00, real=0,00 secs] 
48,314: [GC (Allocation Failure) [PSYoungGen: 918592K->64K(878080K)] 928351K->9823K(992768K), 0,0010572 secs] [Times: user=0,01 sys=0,00, real=0,00 secs] 
48,855: [GC (Allocation Failure) [PSYoungGen: 877632K->64K(839168K)] 887391K->9823K(953856K), 0,0010038 secs] [Times: user=0,00 sys=0,00, real=0,00 secs] 
49,380: [GC (Allocation Failure) [PSYoungGen: 838720K->128K(802304K)] 848479K->9887K(916992K), 0,0010905 secs] [Times: user=0,01 sys=0,00, real=0,00 secs] 
49,877: [GC (Allocation Failure) [PSYoungGen: 801920K->64K(767488K)] 811679K->9823K(882176K), 0,0011687 secs] [Times: user=0,00 sys=0,00, real=0,00 secs] 
50,351: [GC (Allocation Failure) [PSYoungGen: 767040K->96K(734208K)] 776799K->9863K(848896K), 0,0010535 secs] [Times: user=0,00 sys=0,00, real=0,00 secs] 
50,804: [GC (Allocation Failure) [PSYoungGen: 733792K->64K(702464K)] 743559K->9831K(817152K), 0,0011076 secs] [Times: user=0,00 sys=0,00, real=0,01 secs] 
51,238: [GC (Allocation Failure) [PSYoungGen: 702016K->64K(672256K)] 711783K->9831K(786944K), 0,0011965 secs] [Times: user=0,00 sys=0,00, real=0,00 secs] 
51,652: [GC (Allocation Failure) [PSYoungGen: 671808K->96K(643584K)] 681575K->9863K(758272K), 0,0010832 secs] [Times: user=0,00 sys=0,00, real=0,00 secs] 
52,049: [GC (Allocation Failure) [PSYoungGen: 643168K->96K(616448K)] 652935K->9863K(731136K), 0,0010284 secs] [Times: user=0,00 sys=0,00, real=0,00 secs] 
52,430: [GC (Allocation Failure) [PSYoungGen: 616032K->64K(590336K)] 625799K->9831K(705024K), 0,0010646 secs] [Times: user=0,01 sys=0,00, real=0,00 secs] 
52,795: [GC (Allocation Failure) [PSYoungGen: 589888K->96K(565760K)] 599655K->9863K(680448K), 0,0011284 secs] [Times: user=0,00 sys=0,00, real=0,01 secs] 
53,144: [GC (Allocation Failure) [PSYoungGen: 565344K->64K(542208K)] 575111K->9831K(656896K), 0,0010663 secs] [Times: user=0,00 sys=0,00, real=0,00 secs] 
53,479: [GC (Allocation Failure) [PSYoungGen: 541760K->64K(519680K)] 551527K->9831K(634368K), 0,0010397 secs] [Times: user=0,00 sys=0,00, real=0,00 secs] 
53,800: [GC (Allocation Failure) [PSYoungGen: 519232K->64K(498688K)] 528999K->9831K(613376K), 0,0010772 secs] [Times: user=0,00 sys=0,00, real=0,00 secs] 
54,108: [GC (Allocation Failure) [PSYoungGen: 498240K->96K(478720K)] 508007K->9863K(593408K), 0,0010783 secs] [Times: user=0,00 sys=0,00, real=0,00 secs] 
54,404: [GC (Allocation Failure) [PSYoungGen: 478304K->96K(459264K)] 488071K->9863K(573952K), 0,0010503 secs] [Times: user=0,00 sys=0,00, real=0,00 secs] 
54,687: [GC (Allocation Failure) [PSYoungGen: 458848K->64K(440832K)] 468615K->9831K(555520K), 0,0010464 secs] [Times: user=0,00 sys=0,00, real=0,00 secs] 
54,960: [GC (Allocation Failure) [PSYoungGen: 440384K->96K(423424K)] 450151K->9863K(538112K), 0,0010920 secs] [Times: user=0,00 sys=0,00, real=0,00 secs] 
55,222: [GC (Allocation Failure) [PSYoungGen: 423008K->64K(407040K)] 432775K->9831K(521728K), 0,0010174 secs] [Times: user=0,00 sys=0,00, real=0,00 secs] 
55,474: [GC (Allocation Failure) [PSYoungGen: 406592K->96K(429568K)] 416359K->9879K(544256K), 0,0010985 secs] [Times: user=0,00 sys=0,00, real=0,00 secs] 
55,740: [GC (Allocation Failure) [PSYoungGen: 429152K->64K(453632K)] 438935K->9847K(568320K), 0,0010890 secs] [Times: user=0,00 sys=0,01, real=0,00 secs] 
56,021: [GC (Allocation Failure) [PSYoungGen: 453184K->64K(435712K)] 462967K->9847K(550400K), 0,0010537 secs] [Times: user=0,00 sys=0,00, real=0,00 secs] 
56,305: [GC (Allocation Failure) [PSYoungGen: 435264K->64K(418304K)] 445047K->9847K(532992K), 0,0010623 secs] [Times: user=0,00 sys=0,00, real=0,00 secs] 
56,565: [GC (Allocation Failure) [PSYoungGen: 417856K->64K(401920K)] 427639K->9847K(516608K), 0,0010758 secs] [Times: user=0,00 sys=0,00, real=0,01 secs] 
56,813: [GC (Allocation Failure) [PSYoungGen: 401472K->64K(424960K)] 411255K->9847K(539648K), 0,0010733 secs] [Times: user=0,00 sys=0,00, real=0,00 secs] 
57,076: [GC (Allocation Failure) [PSYoungGen: 424512K->64K(449536K)] 434295K->9847K(564224K), 0,0010612 secs] [Times: user=0,01 sys=0,00, real=0,00 secs] 
57,357: [GC (Allocation Failure) [PSYoungGen: 449088K->64K(475648K)] 458871K->9847K(590336K), 0,0034488 secs] [Times: user=0,01 sys=0,00, real=0,00 secs] 
57,654: [GC (Allocation Failure) [PSYoungGen: 475200K->64K(456704K)] 484983K->9847K(571392K), 0,0010285 secs] [Times: user=0,00 sys=0,00, real=0,01 secs] 
57,936: [GC (Allocation Failure) [PSYoungGen: 456256K->64K(438784K)] 466039K->9847K(553472K), 0,0010877 secs] [Times: user=0,01 sys=0,00, real=0,00 secs] 
58,206: [GC (Allocation Failure) [PSYoungGen: 438335K->64K(421376K)] 448119K->9847K(536064K), 0,0010758 secs] [Times: user=0,00 sys=0,00, real=0,00 secs] 
58,471: [GC (Allocation Failure) [PSYoungGen: 420928K->64K(404992K)] 430711K->9847K(519680K), 0,0010697 secs] [Times: user=0,01 sys=0,00, real=0,00 secs] 
58,722: [GC (Allocation Failure) [PSYoungGen: 404544K->64K(389120K)] 414327K->9847K(503808K), 0,0010575 secs] [Times: user=0,00 sys=0,00, real=0,00 secs] 
58,963: [GC (Allocation Failure) [PSYoungGen: 388672K->32K(374272K)] 398455K->9815K(488960K), 0,0010685 secs] [Times: user=0,00 sys=0,00, real=0,00 secs] 
59,195: [GC (Allocation Failure) [PSYoungGen: 373792K->64K(359936K)] 383575K->9847K(474624K), 0,0010696 secs] [Times: user=0,00 sys=0,00, real=0,01 secs] 
59,417: [GC (Allocation Failure) [PSYoungGen: 359488K->64K(381952K)] 369271K->9847K(496640K), 0,0010481 secs] [Times: user=0,01 sys=0,00, real=0,00 secs] 
59,653: [GC (Allocation Failure) [PSYoungGen: 381504K->64K(405504K)] 391287K->9847K(520192K), 0,0010675 secs] [Times: user=0,01 sys=0,00, real=0,00 secs] 
59,904: [GC (Allocation Failure) [PSYoungGen: 405056K->64K(430080K)] 414839K->9847K(544768K), 0,0010508 secs] [Times: user=0,01 sys=0,00, real=0,01 secs] 
60,170: [GC (Allocation Failure) [PSYoungGen: 429632K->64K(413184K)] 439415K->9847K(527872K), 0,0010719 secs] [Times: user=0,00 sys=0,00, real=0,00 secs] 
60,426: [GC (Allocation Failure) [PSYoungGen: 412736K->160K(397312K)] 422519K->9943K(512000K), 0,0010789 secs] [Times: user=0,00 sys=0,00, real=0,00 secs] 
60,672: [GC (Allocation Failure) [PSYoungGen: 396960K->128K(381952K)] 406743K->9911K(496640K), 0,0010672 secs] [Times: user=0,00 sys=0,00, real=0,00 secs] 
60,909: [GC (Allocation Failure) [PSYoungGen: 381568K->128K(367616K)] 391351K->9911K(482304K), 0,0010395 secs] [Times: user=0,00 sys=0,00, real=0,00 secs] 
61,137: [GC (Allocation Failure) [PSYoungGen: 367232K->128K(353792K)] 377015K->9911K(468480K), 0,0010546 secs] [Times: user=0,00 sys=0,00, real=0,00 secs] 
61,356: [GC (Allocation Failure) [PSYoungGen: 353408K->128K(375808K)] 363191K->9911K(490496K), 0,0010816 secs] [Times: user=0,00 sys=0,00, real=0,00 secs] 
61,590: [GC (Allocation Failure) [PSYoungGen: 375424K->128K(361472K)] 385207K->9911K(476160K), 0,0010317 secs] [Times: user=0,01 sys=0,00, real=0,00 secs] 
61,813: [GC (Allocation Failure) [PSYoungGen: 361088K->128K(347648K)] 370871K->9911K(462336K), 0,0010449 secs] [Times: user=0,00 sys=0,00, real=0,00 secs] 
62,029: [GC (Allocation Failure) [PSYoungGen: 347264K->128K(370176K)] 357047K->9911K(484864K), 0,0011352 secs] [Times: user=0,01 sys=0,00, real=0,00 secs] 
62,258: [GC (Allocation Failure) [PSYoungGen: 369792K->128K(393728K)] 379575K->9911K(508416K), 0,0010462 secs] [Times: user=0,00 sys=0,00, real=0,00 secs] 
62,501: [GC (Allocation Failure) [PSYoungGen: 393344K->128K(378368K)] 403127K->9911K(493056K), 0,0010452 secs] [Times: user=0,00 sys=0,00, real=0,00 secs] 
62,735: [GC (Allocation Failure) [PSYoungGen: 377984K->128K(364032K)] 387767K->9911K(478720K), 0,0010554 secs] [Times: user=0,00 sys=0,00, real=0,00 secs] 
62,960: [GC (Allocation Failure) [PSYoungGen: 363648K->128K(350208K)] 373431K->9911K(464896K), 0,0010913 secs] [Times: user=0,01 sys=0,00, real=0,00 secs] 
63,178: [GC (Allocation Failure) [PSYoungGen: 349824K->128K(336896K)] 359607K->9911K(451584K), 0,0010404 secs] [Times: user=0,01 sys=0,00, real=0,00 secs] 
63,387: [GC (Allocation Failure) [PSYoungGen: 336512K->96K(359424K)] 346295K->9879K(474112K), 0,0012973 secs] [Times: user=0,01 sys=0,00, real=0,00 secs] 
63,609: [GC (Allocation Failure) [PSYoungGen: 359008K->128K(383488K)] 368791K->9911K(498176K), 0,0010294 secs] [Times: user=0,00 sys=0,00, real=0,00 secs] 
63,846: [GC (Allocation Failure) [PSYoungGen: 383104K->96K(408576K)] 392887K->9911K(523264K), 0,0010890 secs] [Times: user=0,00 sys=0,00, real=0,00 secs] 
64,099: [GC (Allocation Failure) [PSYoungGen: 408160K->64K(392704K)] 417975K->9879K(507392K), 0,0010803 secs] [Times: user=0,00 sys=0,00, real=0,00 secs] 
64,343: [GC (Allocation Failure) [PSYoungGen: 392256K->64K(377856K)] 402071K->9879K(492544K), 0,0010765 secs] [Times: user=0,00 sys=0,00, real=0,00 secs] 
64,577: [GC (Allocation Failure) [PSYoungGen: 377408K->64K(363520K)] 387223K->9879K(478208K), 0,0011494 secs] [Times: user=0,00 sys=0,00, real=0,00 secs] 
64,801: [GC (Allocation Failure) [PSYoungGen: 363072K->64K(349696K)] 372887K->9879K(464384K), 0,0010754 secs] [Times: user=0,00 sys=0,00, real=0,00 secs] 
65,019: [GC (Allocation Failure) [PSYoungGen: 349248K->64K(336384K)] 359063K->9879K(451072K), 0,0010778 secs] [Times: user=0,00 sys=0,00, real=0,00 secs] 
65,227: [GC (Allocation Failure) [PSYoungGen: 335936K->64K(324096K)] 345751K->9879K(438784K), 0,0010515 secs] [Times: user=0,00 sys=0,00, real=0,00 secs] 
65,428: [GC (Allocation Failure) [PSYoungGen: 323648K->64K(345600K)] 333463K->9879K(460288K), 0,0010692 secs] [Times: user=0,00 sys=0,00, real=0,00 secs] 
65,642: [GC (Allocation Failure) [PSYoungGen: 345152K->32K(368640K)] 354967K->9847K(483328K), 0,0010743 secs] [Times: user=0,01 sys=0,00, real=0,00 secs] 
65,870: [GC (Allocation Failure) [PSYoungGen: 368160K->64K(394752K)] 377975K->9879K(509440K), 0,0015868 secs] [Times: user=0,01 sys=0,00, real=0,00 secs] 
66,115: [GC (Allocation Failure) [PSYoungGen: 394304K->64K(421888K)] 404119K->9879K(536576K), 0,0011337 secs] [Times: user=0,00 sys=0,00, real=0,00 secs] 
66,376: [GC (Allocation Failure) [PSYoungGen: 421440K->64K(450048K)] 431255K->9879K(564736K), 0,0010745 secs] [Times: user=0,01 sys=0,00, real=0,00 secs] 
66,655: [GC (Allocation Failure) [PSYoungGen: 449600K->64K(432128K)] 459415K->9879K(546816K), 0,0010664 secs] [Times: user=0,01 sys=0,00, real=0,01 secs] 
66,922: [GC (Allocation Failure) [PSYoungGen: 431680K->64K(415232K)] 441495K->9879K(529920K), 0,0010865 secs] [Times: user=0,00 sys=0,00, real=0,00 secs] 
67,179: [GC (Allocation Failure) [PSYoungGen: 414784K->64K(398848K)] 424599K->9879K(513536K), 0,0010589 secs] [Times: user=0,00 sys=0,00, real=0,00 secs] 
67,426: [GC (Allocation Failure) [PSYoungGen: 398400K->64K(383488K)] 408215K->9879K(498176K), 0,0010712 secs] [Times: user=0,00 sys=0,00, real=0,00 secs] 
67,664: [GC (Allocation Failure) [PSYoungGen: 383040K->64K(368640K)] 392855K->9879K(483328K), 0,0011735 secs] [Times: user=0,00 sys=0,00, real=0,01 secs] 
67,892: [GC (Allocation Failure) [PSYoungGen: 368192K->64K(354816K)] 378007K->9879K(469504K), 0,0010636 secs] [Times: user=0,00 sys=0,00, real=0,00 secs] 
68,112: [GC (Allocation Failure) [PSYoungGen: 354368K->64K(341504K)] 364183K->9879K(456192K), 0,0011069 secs] [Times: user=0,00 sys=0,00, real=0,00 secs] 
68,330: [GC (Allocation Failure) [PSYoungGen: 341056K->64K(328704K)] 350871K->9879K(443392K), 0,0011638 secs] [Times: user=0,00 sys=0,00, real=0,00 secs] 
68,535: [GC (Allocation Failure) [PSYoungGen: 328256K->64K(316416K)] 338071K->9879K(431104K), 0,0010226 secs] [Times: user=0,01 sys=0,01, real=0,00 secs] 
68,732: [GC (Allocation Failure) [PSYoungGen: 315968K->64K(305152K)] 325783K->9879K(419840K), 0,0010716 secs] [Times: user=0,01 sys=0,00, real=0,00 secs] 
68,923: [GC (Allocation Failure) [PSYoungGen: 304704K->96K(326144K)] 314519K->9911K(440832K), 0,0010876 secs] [Times: user=0,01 sys=0,00, real=0,00 secs] 
69,127: [GC (Allocation Failure) [PSYoungGen: 325728K->64K(314368K)] 335543K->9879K(429056K), 0,0010523 secs] [Times: user=0,00 sys=0,00, real=0,00 secs] 
69,321: [GC (Allocation Failure) [PSYoungGen: 313920K->64K(336384K)] 323735K->9879K(451072K), 0,0010927 secs] [Times: user=0,00 sys=0,00, real=0,00 secs] 
69,530: [GC (Allocation Failure) [PSYoungGen: 335936K->64K(324096K)] 345751K->9879K(438784K), 0,0010182 secs] [Times: user=0,00 sys=0,00, real=0,00 secs] 
69,731: [GC (Allocation Failure) [PSYoungGen: 323648K->64K(312320K)] 333463K->9879K(427008K), 0,0010612 secs] [Times: user=0,00 sys=0,00, real=0,00 secs] 
69,924: [GC (Allocation Failure) [PSYoungGen: 311872K->64K(333824K)] 321687K->9879K(448512K), 0,0010522 secs] [Times: user=0,01 sys=0,00, real=0,01 secs] 
70,131: [GC (Allocation Failure) [PSYoungGen: 333376K->32K(321536K)] 343191K->9847K(436224K), 0,0010392 secs] [Times: user=0,00 sys=0,00, real=0,00 secs] 
70,331: [GC (Allocation Failure) [PSYoungGen: 321056K->64K(309760K)] 330871K->9879K(424448K), 0,0010717 secs] [Times: user=0,01 sys=0,00, real=0,00 secs] 
70,523: [GC (Allocation Failure) [PSYoungGen: 309312K->64K(331264K)] 319127K->9879K(445952K), 0,0011119 secs] [Times: user=0,00 sys=0,00, real=0,00 secs] 
70,728: [GC (Allocation Failure) [PSYoungGen: 330816K->64K(318976K)] 340631K->9879K(433664K), 0,0010420 secs] [Times: user=0,01 sys=0,00, real=0,00 secs] 
70,926: [GC (Allocation Failure) [PSYoungGen: 318528K->96K(307200K)] 328343K->9911K(421888K), 0,0009931 secs] [Times: user=0,01 sys=0,00, real=0,00 secs] 
71,115: [GC (Allocation Failure) [PSYoungGen: 306784K->96K(328704K)] 316599K->9911K(443392K), 0,0011159 secs] [Times: user=0,00 sys=0,00, real=0,00 secs] 
71,319: [GC (Allocation Failure) [PSYoungGen: 328288K->64K(316416K)] 338103K->9879K(431104K), 0,0010337 secs] [Times: user=0,00 sys=0,00, real=0,00 secs] 
71,514: [GC (Allocation Failure) [PSYoungGen: 315968K->64K(305152K)] 325783K->9879K(419840K), 0,0010245 secs] [Times: user=0,00 sys=0,00, real=0,01 secs] 
71,702: [GC (Allocation Failure) [PSYoungGen: 304704K->64K(294400K)] 314519K->9879K(409088K), 0,0010175 secs] [Times: user=0,00 sys=0,00, real=0,00 secs] 
71,884: [GC (Allocation Failure) [PSYoungGen: 293952K->64K(315392K)] 303767K->9879K(430080K), 0,0011438 secs] [Times: user=0,00 sys=0,00, real=0,01 secs] 
72,080: [GC (Allocation Failure) [PSYoungGen: 314944K->64K(337920K)] 324759K->9879K(452608K), 0,0010880 secs] [Times: user=0,00 sys=0,00, real=0,00 secs] 
72,290: [GC (Allocation Failure) [PSYoungGen: 337472K->64K(361984K)] 347287K->9879K(476672K), 0,0010812 secs] [Times: user=0,00 sys=0,00, real=0,00 secs] 
72,514: [GC (Allocation Failure) [PSYoungGen: 361536K->64K(348160K)] 371351K->9879K(462848K), 0,0010203 secs] [Times: user=0,01 sys=0,00, real=0,00 secs] 
72,729: [GC (Allocation Failure) [PSYoungGen: 347712K->64K(335360K)] 357527K->9879K(450048K), 0,0010331 secs] [Times: user=0,00 sys=0,00, real=0,00 secs] 
72,937: [GC (Allocation Failure) [PSYoungGen: 334912K->64K(323072K)] 344727K->9879K(437760K), 0,0010286 secs] [Times: user=0,00 sys=0,00, real=0,00 secs] 
73,137: [GC (Allocation Failure) [PSYoungGen: 322624K->96K(311296K)] 332439K->9911K(425984K), 0,0011681 secs] [Times: user=0,01 sys=0,00, real=0,00 secs] 
73,329: [GC (Allocation Failure) [PSYoungGen: 310880K->96K(300032K)] 320695K->9943K(414720K), 0,0010488 secs] [Times: user=0,00 sys=0,00, real=0,00 secs] 
73,515: [GC (Allocation Failure) [PSYoungGen: 299616K->64K(289280K)] 309463K->9911K(403968K), 0,0010963 secs] [Times: user=0,01 sys=0,00, real=0,00 secs] 
73,694: [GC (Allocation Failure) [PSYoungGen: 288832K->64K(310272K)] 298679K->9911K(424960K), 0,0010516 secs] [Times: user=0,01 sys=0,00, real=0,01 secs] 
73,885: [GC (Allocation Failure) [PSYoungGen: 309824K->64K(334336K)] 319671K->9911K(449024K), 0,0016255 secs] [Times: user=0,00 sys=0,00, real=0,00 secs] 
74,093: [GC (Allocation Failure) [PSYoungGen: 333888K->64K(359936K)] 343735K->9911K(474624K), 0,0011415 secs] [Times: user=0,00 sys=0,00, real=0,00 secs] 
74,315: [GC (Allocation Failure) [PSYoungGen: 359488K->64K(386560K)] 369335K->9911K(501248K), 0,0010699 secs] [Times: user=0,00 sys=0,00, real=0,00 secs] 
74,555: [GC (Allocation Failure) [PSYoungGen: 386112K->96K(371712K)] 395959K->9943K(486400K), 0,0010632 secs] [Times: user=0,01 sys=0,00, real=0,00 secs] 
74,785: [GC (Allocation Failure) [PSYoungGen: 371296K->64K(357376K)] 381143K->9911K(472064K), 0,0010449 secs] [Times: user=0,01 sys=0,00, real=0,00 secs] 
75,007: [GC (Allocation Failure) [PSYoungGen: 356928K->64K(344064K)] 366775K->9911K(458752K), 0,0010499 secs] [Times: user=0,00 sys=0,00, real=0,00 secs] 
75,220: [GC (Allocation Failure) [PSYoungGen: 343616K->96K(331264K)] 353463K->9943K(445952K), 0,0010743 secs] [Times: user=0,00 sys=0,00, real=0,00 secs] 
75,425: [GC (Allocation Failure) [PSYoungGen: 330848K->64K(318976K)] 340695K->9911K(433664K), 0,0010786 secs] [Times: user=0,00 sys=0,00, real=0,00 secs] 
75,622: [GC (Allocation Failure) [PSYoungGen: 318528K->64K(307200K)] 328375K->9911K(421888K), 0,0010711 secs] [Times: user=0,00 sys=0,00, real=0,00 secs] 
75,812: [GC (Allocation Failure) [PSYoungGen: 306752K->64K(295936K)] 316599K->9911K(410624K), 0,0010635 secs] [Times: user=0,00 sys=0,00, real=0,00 secs] 
75,996: [GC (Allocation Failure) [PSYoungGen: 295488K->64K(285184K)] 305335K->9911K(399872K), 0,0010680 secs] [Times: user=0,01 sys=0,00, real=0,00 secs] 
76,173: [GC (Allocation Failure) [PSYoungGen: 284736K->64K(274944K)] 294583K->9911K(389632K), 0,0010099 secs] [Times: user=0,01 sys=0,00, real=0,00 secs] 
76,343: [GC (Allocation Failure) [PSYoungGen: 274496K->64K(295424K)] 284343K->9911K(410112K), 0,0011885 secs] [Times: user=0,01 sys=0,00, real=0,00 secs] 
76,526: [GC (Allocation Failure) [PSYoungGen: 294976K->32K(317440K)] 304823K->9879K(432128K), 0,0010561 secs] [Times: user=0,00 sys=0,00, real=0,00 secs] 
76,723: [GC (Allocation Failure) [PSYoungGen: 316960K->64K(305664K)] 326807K->9911K(420352K), 0,0010569 secs] [Times: user=0,00 sys=0,00, real=0,00 secs] 
76,913: [GC (Allocation Failure) [PSYoungGen: 305216K->64K(294912K)] 315063K->9911K(409600K), 0,0010421 secs] [Times: user=0,00 sys=0,00, real=0,00 secs] 
77,096: [GC (Allocation Failure) [PSYoungGen: 294464K->96K(284160K)] 304311K->9943K(398848K), 0,0010377 secs] [Times: user=0,01 sys=0,00, real=0,00 secs] 
77,272: [GC (Allocation Failure) [PSYoungGen: 283744K->96K(273920K)] 293591K->9943K(388608K), 0,0010866 secs] [Times: user=0,00 sys=0,00, real=0,00 secs] 
77,441: [GC (Allocation Failure) [PSYoungGen: 273504K->64K(294400K)] 283351K->9911K(409088K), 0,0010878 secs] [Times: user=0,01 sys=0,00, real=0,00 secs] 
77,623: [GC (Allocation Failure) [PSYoungGen: 293952K->64K(316416K)] 303799K->9911K(431104K), 0,0010781 secs] [Times: user=0,00 sys=0,00, real=0,00 secs] 
77,819: [GC (Allocation Failure) [PSYoungGen: 315968K->64K(339968K)] 325815K->9911K(454656K), 0,0010694 secs] [Times: user=0,01 sys=0,00, real=0,00 secs] 
78,030: [GC (Allocation Failure) [PSYoungGen: 339520K->64K(327168K)] 349367K->9911K(441856K), 0,0010595 secs] [Times: user=0,00 sys=0,00, real=0,00 secs] 
78,235: [GC (Allocation Failure) [PSYoungGen: 326720K->64K(315392K)] 336567K->9911K(430080K), 0,0011079 secs] [Times: user=0,01 sys=0,00, real=0,00 secs] 
78,431: [GC (Allocation Failure) [PSYoungGen: 314944K->64K(304128K)] 324791K->9911K(418816K), 0,0010559 secs] [Times: user=0,00 sys=0,00, real=0,00 secs] 
78,620: [GC (Allocation Failure) [PSYoungGen: 303680K->32K(293376K)] 313527K->9879K(408064K), 0,0011755 secs] [Times: user=0,00 sys=0,00, real=0,00 secs] 
78,802: [GC (Allocation Failure) [PSYoungGen: 292896K->64K(283136K)] 302743K->9911K(397824K), 0,0010318 secs] [Times: user=0,01 sys=0,00, real=0,00 secs] 
78,978: [GC (Allocation Failure) [PSYoungGen: 282688K->64K(273408K)] 292535K->9911K(388096K), 0,0011309 secs] [Times: user=0,00 sys=0,00, real=0,00 secs] 
79,147: [GC (Allocation Failure) [PSYoungGen: 272960K->64K(293888K)] 282807K->9911K(408576K), 0,0010669 secs] [Times: user=0,01 sys=0,00, real=0,00 secs] 
79,329: [GC (Allocation Failure) [PSYoungGen: 293440K->64K(315904K)] 303287K->9911K(430592K), 0,0010657 secs] [Times: user=0,00 sys=0,00, real=0,00 secs] 
79,524: [GC (Allocation Failure) [PSYoungGen: 315456K->64K(304640K)] 325303K->9911K(419328K), 0,0010834 secs] [Times: user=0,01 sys=0,00, real=0,01 secs] 
79,713: [GC (Allocation Failure) [PSYoungGen: 304191K->64K(293888K)] 314039K->9911K(408576K), 0,0010625 secs] [Times: user=0,01 sys=0,00, real=0,00 secs] 
79,894: [GC (Allocation Failure) [PSYoungGen: 293440K->64K(316416K)] 303287K->9911K(431104K), 0,0013195 secs] [Times: user=0,00 sys=0,00, real=0,01 secs] 
80,091: [GC (Allocation Failure) [PSYoungGen: 315968K->64K(340480K)] 325815K->9911K(455168K), 0,0010678 secs] [Times: user=0,01 sys=0,00, real=0,00 secs] 
80,301: [GC (Allocation Failure) [PSYoungGen: 340032K->64K(327680K)] 349879K->9911K(442368K), 0,0010151 secs] [Times: user=0,00 sys=0,00, real=0,00 secs] 
80,503: [GC (Allocation Failure) [PSYoungGen: 327232K->96K(315904K)] 337079K->9943K(430592K), 0,0010507 secs] [Times: user=0,00 sys=0,00, real=0,01 secs] 
80,699: [GC (Allocation Failure) [PSYoungGen: 315488K->128K(304640K)] 325335K->9975K(419328K), 0,0010534 secs] [Times: user=0,00 sys=0,00, real=0,00 secs] 
80,888: [GC (Allocation Failure) [PSYoungGen: 304256K->96K(293888K)] 314103K->9943K(408576K), 0,0010180 secs] [Times: user=0,00 sys=0,00, real=0,00 secs] 
81,070: [GC (Allocation Failure) [PSYoungGen: 293472K->96K(283648K)] 303319K->9943K(398336K), 0,0010520 secs] [Times: user=0,01 sys=0,00, real=0,00 secs] 
81,246: [GC (Allocation Failure) [PSYoungGen: 283232K->96K(273920K)] 293079K->9943K(388608K), 0,0010803 secs] [Times: user=0,00 sys=0,00, real=0,00 secs] 
81,416: [GC (Allocation Failure) [PSYoungGen: 273504K->64K(264192K)] 283351K->9911K(378880K), 0,0010807 secs] [Times: user=0,00 sys=0,00, real=0,00 secs] 
81,579: [GC (Allocation Failure) [PSYoungGen: 263744K->96K(254976K)] 273591K->9943K(369664K), 0,0010013 secs] [Times: user=0,00 sys=0,00, real=0,00 secs] 
81,738: [GC (Allocation Failure) [PSYoungGen: 254560K->64K(274432K)] 264407K->9911K(389120K), 0,0010284 secs] [Times: user=0,00 sys=0,00, real=0,00 secs] 
81,908: [GC (Allocation Failure) [PSYoungGen: 273984K->96K(295424K)] 283831K->9943K(410112K), 0,0010459 secs] [Times: user=0,00 sys=0,00, real=0,00 secs] 
82,091: [GC (Allocation Failure) [PSYoungGen: 295008K->96K(284672K)] 304855K->9943K(399360K), 0,0011021 secs] [Times: user=0,01 sys=0,00, real=0,00 secs] 
82,268: [GC (Allocation Failure) [PSYoungGen: 284256K->96K(274432K)] 294103K->9943K(389120K), 0,0010651 secs] [Times: user=0,00 sys=0,00, real=0,00 secs] 
82,438: [GC (Allocation Failure) [PSYoungGen: 274016K->64K(295424K)] 283863K->9911K(410112K), 0,0011509 secs] [Times: user=0,01 sys=0,00, real=0,00 secs] 
82,621: [GC (Allocation Failure) [PSYoungGen: 294976K->96K(284672K)] 304823K->9943K(399360K), 0,0010227 secs] [Times: user=0,00 sys=0,00, real=0,00 secs] 
82,797: [GC (Allocation Failure) [PSYoungGen: 284256K->96K(274432K)] 294103K->9943K(389120K), 0,0010546 secs] [Times: user=0,00 sys=0,00, real=0,00 secs] 
82,967: [GC (Allocation Failure) [PSYoungGen: 274016K->96K(264704K)] 283863K->9967K(379392K), 0,0010451 secs] [Times: user=0,00 sys=0,00, real=0,00 secs] 
83,131: [GC (Allocation Failure) [PSYoungGen: 264288K->64K(285184K)] 274159K->9935K(399872K), 0,0010876 secs] [Times: user=0,01 sys=0,00, real=0,00 secs] 
83,308: [GC (Allocation Failure) [PSYoungGen: 284736K->64K(307200K)] 294607K->9935K(421888K), 0,0010507 secs] [Times: user=0,00 sys=0,00, real=0,00 secs] 
83,498: [GC (Allocation Failure) [PSYoungGen: 306752K->64K(295936K)] 316623K->9935K(410624K), 0,0010643 secs] [Times: user=0,01 sys=0,00, real=0,00 secs] 
83,681: [GC (Allocation Failure) [PSYoungGen: 295488K->64K(285184K)] 305359K->9935K(399872K), 0,0010696 secs] [Times: user=0,00 sys=0,00, real=0,00 secs] 
83,857: [GC (Allocation Failure) [PSYoungGen: 284736K->64K(274944K)] 294607K->9935K(389632K), 0,0010678 secs] [Times: user=0,00 sys=0,00, real=0,00 secs] 
84,027: [GC (Allocation Failure) [PSYoungGen: 274496K->64K(265216K)] 284367K->9935K(379904K), 0,0010550 secs] [Times: user=0,00 sys=0,00, real=0,00 secs] 
84,191: [GC (Allocation Failure) [PSYoungGen: 264768K->64K(256000K)] 274639K->9935K(370688K), 0,0010165 secs] [Times: user=0,01 sys=0,00, real=0,00 secs] 
84,349: [GC (Allocation Failure) [PSYoungGen: 255552K->64K(275968K)] 265423K->9935K(390656K), 0,0011395 secs] [Times: user=0,01 sys=0,00, real=0,00 secs] 
84,520: [GC (Allocation Failure) [PSYoungGen: 275520K->64K(297472K)] 285391K->9935K(412160K), 0,0010759 secs] [Times: user=0,01 sys=0,00, real=0,00 secs] 
84,704: [GC (Allocation Failure) [PSYoungGen: 297024K->64K(320512K)] 306895K->9935K(435200K), 0,0010971 secs] [Times: user=0,00 sys=0,00, real=0,01 secs] 
84,902: [GC (Allocation Failure) [PSYoungGen: 320064K->64K(308736K)] 329935K->9935K(423424K), 0,0010640 secs] [Times: user=0,00 sys=0,00, real=0,00 secs] 
85,093: [GC (Allocation Failure) [PSYoungGen: 308288K->64K(297472K)] 318159K->9935K(412160K), 0,0010957 secs] [Times: user=0,01 sys=0,00, real=0,01 secs] 
85,278: [GC (Allocation Failure) [PSYoungGen: 297024K->64K(286720K)] 306895K->9935K(401408K), 0,0010646 secs] [Times: user=0,00 sys=0,00, real=0,00 secs] 
85,455: [GC (Allocation Failure) [PSYoungGen: 286272K->64K(276480K)] 296143K->9935K(391168K), 0,0010792 secs] [Times: user=0,00 sys=0,00, real=0,00 secs] 
85,627: [GC (Allocation Failure) [PSYoungGen: 276032K->64K(266752K)] 285903K->9935K(381440K), 0,0010628 secs] [Times: user=0,00 sys=0,00, real=0,00 secs] 
85,792: [GC (Allocation Failure) [PSYoungGen: 266304K->64K(257536K)] 276175K->9935K(372224K), 0,0010793 secs] [Times: user=0,00 sys=0,00, real=0,00 secs] 
85,951: [GC (Allocation Failure) [PSYoungGen: 257088K->64K(277504K)] 266959K->9935K(392192K), 0,0010863 secs] [Times: user=0,00 sys=0,00, real=0,00 secs] 
86,124: [GC (Allocation Failure) [PSYoungGen: 277056K->64K(267776K)] 286927K->9935K(382464K), 0,0010744 secs] [Times: user=0,01 sys=0,00, real=0,01 secs] 
86,289: [GC (Allocation Failure) [PSYoungGen: 267328K->64K(288768K)] 277199K->9935K(403456K), 0,0010729 secs] [Times: user=0,00 sys=0,00, real=0,00 secs] 
86,468: [GC (Allocation Failure) [PSYoungGen: 288320K->64K(278528K)] 298191K->9935K(393216K), 0,0010805 secs] [Times: user=0,00 sys=0,00, real=0,00 secs] 
86,640: [GC (Allocation Failure) [PSYoungGen: 278080K->64K(300032K)] 287951K->9935K(414720K), 0,0011303 secs] [Times: user=0,00 sys=0,00, real=0,00 secs] 
86,826: [GC (Allocation Failure) [PSYoungGen: 299584K->64K(289280K)] 309455K->9935K(403968K), 0,0010693 secs] [Times: user=0,01 sys=0,01, real=0,00 secs] 
87,006: [GC (Allocation Failure) [PSYoungGen: 288832K->32K(279040K)] 298703K->9903K(393728K), 0,0010432 secs] [Times: user=0,01 sys=0,00, real=0,00 secs] 
87,179: [GC (Allocation Failure) [PSYoungGen: 278560K->64K(269312K)] 288431K->9935K(384000K), 0,0010593 secs] [Times: user=0,00 sys=0,00, real=0,00 secs] 
87,355: [GC (Allocation Failure) [PSYoungGen: 268864K->64K(290816K)] 278735K->9935K(405504K), 0,0013616 secs] [Times: user=0,00 sys=0,00, real=0,00 secs] 
87,537: [GC (Allocation Failure) [PSYoungGen: 290368K->64K(313856K)] 300239K->9935K(428544K), 0,0037802 secs] [Times: user=0,00 sys=0,00, real=0,00 secs] 
87,735: [GC (Allocation Failure) [PSYoungGen: 313408K->64K(302592K)] 323279K->9935K(417280K), 0,0010562 secs] [Times: user=0,00 sys=0,00, real=0,00 secs] 
87,922: [GC (Allocation Failure) [PSYoungGen: 302143K->64K(291840K)] 312015K->9935K(406528K), 0,0011058 secs] [Times: user=0,00 sys=0,00, real=0,00 secs] 
88,103: [GC (Allocation Failure) [PSYoungGen: 291392K->64K(281600K)] 301263K->9935K(396288K), 0,0010939 secs] [Times: user=0,00 sys=0,00, real=0,00 secs] 
88,278: [GC (Allocation Failure) [PSYoungGen: 281152K->64K(271872K)] 291023K->9935K(386560K), 0,0010758 secs] [Times: user=0,01 sys=0,00, real=0,00 secs] 
88,446: [GC (Allocation Failure) [PSYoungGen: 271424K->64K(262656K)] 281295K->9935K(377344K), 0,0010702 secs] [Times: user=0,01 sys=0,00, real=0,00 secs] 
88,609: [GC (Allocation Failure) [PSYoungGen: 262208K->64K(253440K)] 272079K->9935K(368128K), 0,0010244 secs] [Times: user=0,00 sys=0,00, real=0,00 secs] 
88,766: [GC (Allocation Failure) [PSYoungGen: 252992K->64K(244736K)] 262863K->9935K(359424K), 0,0010338 secs] [Times: user=0,00 sys=0,00, real=0,00 secs] 
88,917: [GC (Allocation Failure) [PSYoungGen: 244288K->64K(264192K)] 254159K->9935K(378880K), 0,0010648 secs] [Times: user=0,00 sys=0,00, real=0,00 secs] 
89,081: [GC (Allocation Failure) [PSYoungGen: 263744K->64K(285184K)] 273615K->9935K(399872K), 0,0010535 secs] [Times: user=0,00 sys=0,00, real=0,00 secs] 
89,258: [GC (Allocation Failure) [PSYoungGen: 284736K->64K(274944K)] 294607K->9935K(389632K), 0,0010762 secs] [Times: user=0,01 sys=0,00, real=0,00 secs] 
89,428: [GC (Allocation Failure) [PSYoungGen: 274496K->64K(265216K)] 284367K->9935K(379904K), 0,0010762 secs] [Times: user=0,00 sys=0,00, real=0,00 secs] 
89,593: [GC (Allocation Failure) [PSYoungGen: 264768K->64K(256000K)] 274639K->9935K(370688K), 0,0010368 secs] [Times: user=0,01 sys=0,00, real=0,00 secs] 
89,751: [GC (Allocation Failure) [PSYoungGen: 255552K->64K(247296K)] 265423K->9935K(361984K), 0,0010569 secs] [Times: user=0,01 sys=0,00, real=0,00 secs] 
89,904: [GC (Allocation Failure) [PSYoungGen: 246848K->64K(269824K)] 256719K->9935K(384512K), 0,0019929 secs] [Times: user=0,00 sys=0,00, real=0,01 secs] 
90,072: [GC (Allocation Failure) [PSYoungGen: 269376K->64K(293888K)] 279247K->9935K(408576K), 0,0011478 secs] [Times: user=0,00 sys=0,00, real=0,00 secs] 
90,254: [GC (Allocation Failure) [PSYoungGen: 293440K->64K(318976K)] 303311K->9935K(433664K), 0,0010850 secs] [Times: user=0,00 sys=0,00, real=0,01 secs] 
90,453: [GC (Allocation Failure) [PSYoungGen: 318528K->64K(345088K)] 328399K->9935K(459776K), 0,0010703 secs] [Times: user=0,00 sys=0,00, real=0,00 secs] 
90,667: [GC (Allocation Failure) [PSYoungGen: 344640K->96K(332288K)] 354511K->9967K(446976K), 0,0010857 secs] [Times: user=0,00 sys=0,00, real=0,00 secs] 
90,872: [GC (Allocation Failure) [PSYoungGen: 331872K->64K(320000K)] 341743K->9935K(434688K), 0,0010698 secs] [Times: user=0,00 sys=0,00, real=0,00 secs] 
91,070: [GC (Allocation Failure) [PSYoungGen: 319552K->64K(308224K)] 329423K->9935K(422912K), 0,0010728 secs] [Times: user=0,00 sys=0,00, real=0,00 secs] 
91,261: [GC (Allocation Failure) [PSYoungGen: 307776K->64K(296960K)] 317647K->9935K(411648K), 0,0010992 secs] [Times: user=0,00 sys=0,00, real=0,00 secs] 
91,445: [GC (Allocation Failure) [PSYoungGen: 296512K->64K(286208K)] 306383K->9935K(400896K), 0,0010979 secs] [Times: user=0,00 sys=0,00, real=0,00 secs] 
91,622: [GC (Allocation Failure) [PSYoungGen: 285760K->96K(275968K)] 295631K->9967K(390656K), 0,0010494 secs] [Times: user=0,00 sys=0,00, real=0,00 secs] 
91,792: [GC (Allocation Failure) [PSYoungGen: 275552K->96K(266240K)] 285423K->9967K(380928K), 0,0010358 secs] [Times: user=0,00 sys=0,00, real=0,00 secs] 
91,957: [GC (Allocation Failure) [PSYoungGen: 265824K->96K(257024K)] 275695K->9967K(371712K), 0,0010161 secs] [Times: user=0,01 sys=0,00, real=0,00 secs] 
92,116: [GC (Allocation Failure) [PSYoungGen: 256608K->64K(248320K)] 266479K->9935K(363008K), 0,0010523 secs] [Times: user=0,01 sys=0,00, real=0,00 secs] 
92,271: [GC (Allocation Failure) [PSYoungGen: 247872K->64K(240128K)] 257743K->9935K(354816K), 0,0010684 secs] [Times: user=0,00 sys=0,00, real=0,00 secs] 
92,419: [GC (Allocation Failure) [PSYoungGen: 239680K->96K(259584K)] 249551K->9967K(374272K), 0,0011981 secs] [Times: user=0,00 sys=0,00, real=0,00 secs] 
92,580: [GC (Allocation Failure) [PSYoungGen: 259168K->64K(280576K)] 269039K->9935K(395264K), 0,0010704 secs] [Times: user=0,01 sys=0,00, real=0,00 secs] 
92,754: [GC (Allocation Failure) [PSYoungGen: 280128K->64K(270848K)] 289999K->9935K(385536K), 0,0010672 secs] [Times: user=0,00 sys=0,00, real=0,01 secs] 
92,922: [GC (Allocation Failure) [PSYoungGen: 270400K->96K(261632K)] 280271K->9967K(376320K), 0,0010434 secs] [Times: user=0,00 sys=0,00, real=0,00 secs] 
93,084: [GC (Allocation Failure) [PSYoungGen: 261216K->96K(252416K)] 271087K->9983K(367104K), 0,0010630 secs] [Times: user=0,01 sys=0,00, real=0,01 secs] 
93,241: [GC (Allocation Failure) [PSYoungGen: 252000K->64K(243712K)] 261887K->9951K(358400K), 0,0010853 secs] [Times: user=0,00 sys=0,00, real=0,00 secs] 
93,392: [GC (Allocation Failure) [PSYoungGen: 243264K->64K(263168K)] 253151K->9951K(377856K), 0,0010726 secs] [Times: user=0,01 sys=0,00, real=0,00 secs] 
93,555: [GC (Allocation Failure) [PSYoungGen: 262720K->64K(284672K)] 272607K->9951K(399360K), 0,0010683 secs] [Times: user=0,00 sys=0,00, real=0,00 secs] 
93,732: [GC (Allocation Failure) [PSYoungGen: 284224K->64K(274432K)] 294111K->9951K(389120K), 0,0010613 secs] [Times: user=0,00 sys=0,00, real=0,00 secs] 
93,901: [GC (Allocation Failure) [PSYoungGen: 273984K->64K(264704K)] 283871K->9959K(379392K), 0,0010726 secs] [Times: user=0,00 sys=0,00, real=0,00 secs] 
94,065: [GC (Allocation Failure) [PSYoungGen: 264256K->64K(255488K)] 274151K->9959K(370176K), 0,0010685 secs] [Times: user=0,01 sys=0,00, real=0,00 secs] 
94,226: [GC (Allocation Failure) [PSYoungGen: 255040K->96K(275968K)] 264935K->9991K(390656K), 0,0011730 secs] [Times: user=0,00 sys=0,00, real=0,00 secs] 
94,397: [GC (Allocation Failure) [PSYoungGen: 275552K->96K(297984K)] 285447K->9991K(412672K), 0,0011395 secs] [Times: user=0,00 sys=0,00, real=0,00 secs] 
94,583: [GC (Allocation Failure) [PSYoungGen: 297568K->64K(287232K)] 307463K->9959K(401920K), 0,0010777 secs] [Times: user=0,01 sys=0,00, real=0,00 secs] 
94,762: [GC (Allocation Failure) [PSYoungGen: 286784K->64K(276992K)] 296679K->9959K(391680K), 0,0011717 secs] [Times: user=0,00 sys=0,00, real=0,00 secs] 
94,935: [GC (Allocation Failure) [PSYoungGen: 276544K->64K(267264K)] 286439K->9959K(381952K), 0,0010682 secs] [Times: user=0,00 sys=0,00, real=0,00 secs] 
95,101: [GC (Allocation Failure) [PSYoungGen: 266816K->64K(258048K)] 276711K->9959K(372736K), 0,0010519 secs] [Times: user=0,00 sys=0,00, real=0,00 secs] 
95,262: [GC (Allocation Failure) [PSYoungGen: 257600K->64K(249344K)] 267495K->9959K(364032K), 0,0010920 secs] [Times: user=0,00 sys=0,00, real=0,00 secs] 
95,417: [GC (Allocation Failure) [PSYoungGen: 248896K->64K(241152K)] 258791K->9959K(355840K), 0,0010238 secs] [Times: user=0,00 sys=0,00, real=0,00 secs] 
95,566: [GC (Allocation Failure) [PSYoungGen: 240704K->64K(260608K)] 250599K->9959K(375296K), 0,0011420 secs] [Times: user=0,00 sys=0,00, real=0,00 secs] 
95,729: [GC (Allocation Failure) [PSYoungGen: 260160K->32K(282112K)] 270055K->9927K(396800K), 0,0011364 secs] [Times: user=0,00 sys=0,00, real=0,00 secs] 
95,904: [GC (Allocation Failure) [PSYoungGen: 281632K->64K(272384K)] 291527K->9959K(387072K), 0,0010830 secs] [Times: user=0,00 sys=0,00, real=0,01 secs] 
96,074: [GC (Allocation Failure) [PSYoungGen: 271936K->64K(263168K)] 281831K->9959K(377856K), 0,0010818 secs] [Times: user=0,00 sys=0,00, real=0,00 secs] 
96,238: [GC (Allocation Failure) [PSYoungGen: 262720K->64K(253952K)] 272615K->9959K(368640K), 0,0010486 secs] [Times: user=0,01 sys=0,00, real=0,00 secs] 
96,396: [GC (Allocation Failure) [PSYoungGen: 253504K->64K(245248K)] 263399K->9959K(359936K), 0,0010779 secs] [Times: user=0,01 sys=0,00, real=0,00 secs] 
96,548: [GC (Allocation Failure) [PSYoungGen: 244800K->64K(265216K)] 254695K->9959K(379904K), 0,0010986 secs] [Times: user=0,00 sys=0,00, real=0,00 secs] 
96,713: [GC (Allocation Failure) [PSYoungGen: 264768K->64K(256000K)] 274663K->9959K(370688K), 0,0010450 secs] [Times: user=0,01 sys=0,00, real=0,01 secs] 
96,872: [GC (Allocation Failure) [PSYoungGen: 255552K->64K(247296K)] 265447K->9959K(361984K), 0,0010596 secs] [Times: user=0,01 sys=0,00, real=0,00 secs] 
97,025: [GC (Allocation Failure) [PSYoungGen: 246848K->64K(239104K)] 256743K->9959K(353792K), 0,0010601 secs] [Times: user=0,00 sys=0,00, real=0,00 secs] 
97,174: [GC (Allocation Failure) [PSYoungGen: 238656K->64K(259072K)] 248551K->9959K(373760K), 0,0013096 secs] [Times: user=0,00 sys=0,00, real=0,01 secs] 
97,335: [GC (Allocation Failure) [PSYoungGen: 258624K->64K(280576K)] 268519K->9959K(395264K), 0,0011083 secs] [Times: user=0,00 sys=0,00, real=0,00 secs] 
97,509: [GC (Allocation Failure) [PSYoungGen: 280128K->64K(303616K)] 290023K->9959K(418304K), 0,0010586 secs] [Times: user=0,00 sys=0,00, real=0,00 secs] 
97,697: [GC (Allocation Failure) [PSYoungGen: 303168K->64K(292864K)] 313063K->9959K(407552K), 0,0010974 secs] [Times: user=0,00 sys=0,00, real=0,00 secs] 
97,879: [GC (Allocation Failure) [PSYoungGen: 292416K->64K(282624K)] 302311K->9959K(397312K), 0,0011009 secs] [Times: user=0,00 sys=0,00, real=0,00 secs] 
98,056: [GC (Allocation Failure) [PSYoungGen: 282176K->64K(272896K)] 292071K->9959K(387584K), 0,0010608 secs] [Times: user=0,00 sys=0,01, real=0,00 secs] 
98,229: [GC (Allocation Failure) [PSYoungGen: 272448K->64K(263168K)] 282343K->9959K(377856K), 0,0009948 secs] [Times: user=0,00 sys=0,00, real=0,00 secs] 
98,392: [GC (Allocation Failure) [PSYoungGen: 262720K->64K(253952K)] 272615K->9959K(368640K), 0,0010475 secs] [Times: user=0,00 sys=0,00, real=0,00 secs] 
98,549: [GC (Allocation Failure) [PSYoungGen: 253504K->32K(245248K)] 263399K->9927K(359936K), 0,0011488 secs] [Times: user=0,00 sys=0,00, real=0,00 secs] 
98,702: [GC (Allocation Failure) [PSYoungGen: 244768K->64K(237056K)] 254663K->9959K(351744K), 0,0010269 secs] [Times: user=0,00 sys=0,00, real=0,00 secs] 
98,850: [GC (Allocation Failure) [PSYoungGen: 236608K->64K(229376K)] 246503K->9959K(344064K), 0,0010059 secs] [Times: user=0,00 sys=0,00, real=0,00 secs] 
98,992: [GC (Allocation Failure) [PSYoungGen: 228928K->64K(248320K)] 238823K->9959K(363008K), 0,0010707 secs] [Times: user=0,01 sys=0,00, real=0,00 secs] 
99,146: [GC (Allocation Failure) [PSYoungGen: 247872K->64K(240128K)] 257767K->9959K(354816K), 0,0010367 secs] [Times: user=0,00 sys=0,00, real=0,00 secs] 
99,297: [GC (Allocation Failure) [PSYoungGen: 239680K->64K(231936K)] 249575K->9959K(346624K), 0,0010444 secs] [Times: user=0,00 sys=0,00, real=0,00 secs] 
99,441: [GC (Allocation Failure) [PSYoungGen: 231488K->64K(251392K)] 241383K->9959K(366080K), 0,0010470 secs] [Times: user=0,00 sys=0,00, real=0,00 secs] 
99,597: [GC (Allocation Failure) [PSYoungGen: 250944K->64K(271872K)] 260839K->9959K(386560K), 0,0010649 secs] [Times: user=0,01 sys=0,00, real=0,00 secs] 
99,765: [GC (Allocation Failure) [PSYoungGen: 271424K->64K(262656K)] 281319K->9959K(377344K), 0,0010616 secs] [Times: user=0,01 sys=0,00, real=0,00 secs] 
99,928: [GC (Allocation Failure) [PSYoungGen: 262208K->64K(253440K)] 272103K->9959K(368128K), 0,0010599 secs] [Times: user=0,00 sys=0,00, real=0,00 secs] 
100,085: [GC (Allocation Failure) [PSYoungGen: 252992K->64K(244736K)] 262887K->9959K(359424K), 0,0010732 secs] [Times: user=0,00 sys=0,00, real=0,00 secs] 
100,237: [GC (Allocation Failure) [PSYoungGen: 244288K->64K(236544K)] 254183K->9959K(351232K), 0,0010801 secs] [Times: user=0,00 sys=0,00, real=0,00 secs] 
Heap
 PSYoungGen      total 236544K, used 66536K [0x000000076ab00000, 0x00000007c0000000, 0x00000007c0000000)
  eden space 236032K, 28% used [0x000000076ab00000,0x000000076ebea398,0x0000000779180000)
  from space 512K, 12% used [0x00000007bff80000,0x00000007bff90000,0x00000007c0000000)
  to   space 512K, 0% used [0x00000007bff00000,0x00000007bff00000,0x00000007bff80000)
 ParOldGen       total 114688K, used 9895K [0x00000006c0000000, 0x00000006c7000000, 0x000000076ab00000)
  object space 114688K, 8% used [0x00000006c0000000,0x00000006c09a9c80,0x00000006c7000000)
 Metaspace       used 24442K, capacity 33208K, committed 33536K, reserved 1075200K
  class space    used 5447K, capacity 8332K, committed 8448K, reserved 1048576K
