OpenJDK 64-Bit Server VM (25.202-b05) for bsd-amd64 JRE (Zulu 8.36.0.1-CA-macosx) (1.8.0_202-b05), built on Jan 29 2019 06:07:09 by "zulu_re" with gcc 4.2.1 (Based on Apple Inc. build 5658) (LLVM build 2336.11.00)
Memory: 4k page, physical 16777216k(2926564k free)

/proc/meminfo:

CommandLine flags: -XX:InitialHeapSize=268435456 -XX:MaxHeapSize=4294967296 -XX:+PrintGC -XX:+PrintGCDetails -XX:+PrintGCTimeStamps -XX:+UseCompressedClassPointers -XX:+UseCompressedOops -XX:+UseParallelGC 
Heap
 PSYoungGen      total 76288K, used 35777K [0x000000076ab00000, 0x0000000770000000, 0x00000007c0000000)
  eden space 65536K, 54% used [0x000000076ab00000,0x000000076cdf05b8,0x000000076eb00000)
  from space 10752K, 0% used [0x000000076f580000,0x000000076f580000,0x0000000770000000)
  to   space 10752K, 0% used [0x000000076eb00000,0x000000076eb00000,0x000000076f580000)
 ParOldGen       total 175104K, used 0K [0x00000006c0000000, 0x00000006cab00000, 0x000000076ab00000)
  object space 175104K, 0% used [0x00000006c0000000,0x00000006c0000000,0x00000006cab00000)
 Metaspace       used 7653K, capacity 8005K, committed 8192K, reserved 1056768K
  class space    used 853K, capacity 948K, committed 1024K, reserved 1048576K
242: [GC (Allocation Failure) [PSYoungGen: 132768K->1664K(141824K)] 132808K->1712K(316928K), 0,0021080 secs] [Times: user=0,00 sys=0,00, real=0,00 secs] 
1,335: [GC (Allocation Failure) [PSYoungGen: 132736K->1664K(267776K)] 132784K->1712K(442880K), 0,0025329 secs] [Times: user=0,01 sys=0,00, real=0,00 secs] 
1,591: [GC (Allocation Failure) [PSYoungGen: 263808K->128K(267776K)] 263856K->1784K(442880K), 0,0022664 secs] [Times: user=0,01 sys=0,00, real=0,00 secs] 
1,772: [GC (Allocation Failure) [PSYoungGen: 262272K->64K(529920K)] 263928K->1728K(705024K), 0,0005527 secs] [Times: user=0,00 sys=0,00, real=0,00 secs] 
2,237: [GC (Allocation Failure) [PSYoungGen: 524352K->64K(501760K)] 526016K->1728K(676864K), 0,0006830 secs] [Times: user=0,00 sys=0,00, real=0,00 secs] 
2,560: [GC (Allocation Failure) [PSYoungGen: 501312K->96K(479744K)] 502976K->1760K(654848K), 0,0004773 secs] [Times: user=0,00 sys=0,00, real=0,00 secs] 
2,856: [GC (Allocation Failure) [PSYoungGen: 479328K->96K(463360K)] 480992K->1776K(638464K), 0,0004861 secs] [Times: user=0,00 sys=0,00, real=0,00 secs] 
3,137: [GC (Allocation Failure) [PSYoungGen: 458336K->64K(438784K)] 460016K->1752K(613888K), 0,0005356 secs] [Times: user=0,00 sys=0,00, real=0,00 secs] 
3,458: [GC (Allocation Failure) [PSYoungGen: 438336K->32K(424448K)] 440024K->1720K(599552K), 0,0008922 secs] [Times: user=0,00 sys=0,00, real=0,00 secs] 
3,836: [GC (Allocation Failure) [PSYoungGen: 419360K->96K(401920K)] 421048K->1784K(577024K), 0,0006718 secs] [Times: user=0,00 sys=0,00, real=0,00 secs] 
4,136: [GC (Allocation Failure) [PSYoungGen: 401504K->96K(389120K)] 403192K->1784K(564224K), 0,0005462 secs] [Times: user=0,00 sys=0,00, real=0,00 secs] 
4,380: [GC (Allocation Failure) [PSYoungGen: 384608K->96K(368640K)] 386296K->1784K(543744K), 0,0006429 secs] [Times: user=0,00 sys=0,00, real=0,00 secs] 
4,615: [GC (Allocation Failure) [PSYoungGen: 368224K->96K(356864K)] 369912K->1784K(531968K), 0,0005439 secs] [Times: user=0,00 sys=0,00, real=0,00 secs] 
4,836: [GC (Allocation Failure) [PSYoungGen: 352864K->96K(338432K)] 354552K->1784K(513536K), 0,0006681 secs] [Times: user=0,00 sys=0,00, real=0,00 secs] 
5,048: [GC (Allocation Failure) [PSYoungGen: 338016K->64K(328192K)] 339704K->1752K(503296K), 0,0005472 secs] [Times: user=0,00 sys=0,00, real=0,00 secs] 
5,250: [GC (Allocation Failure) [PSYoungGen: 324160K->96K(311296K)] 325848K->1792K(486400K), 0,0006581 secs] [Times: user=0,00 sys=0,00, real=0,00 secs] 
5,445: [GC (Allocation Failure) [PSYoungGen: 310880K->64K(301568K)] 312576K->1760K(476672K), 0,0009147 secs] [Times: user=0,00 sys=0,00, real=0,00 secs] 
5,634: [GC (Allocation Failure) [PSYoungGen: 298048K->96K(286720K)] 299744K->1792K(461824K), 0,0006736 secs] [Times: user=0,00 sys=0,00, real=0,00 secs] 
5,812: [GC (Allocation Failure) [PSYoungGen: 286304K->96K(278016K)] 288000K->1792K(453120K), 0,0005622 secs] [Times: user=0,00 sys=0,00, real=0,00 secs] 
5,980: [GC (Allocation Failure) [PSYoungGen: 275040K->64K(264704K)] 276736K->1760K(439808K), 0,0006065 secs] [Times: user=0,00 sys=0,00, real=0,00 secs] 
6,141: [GC (Allocation Failure) [PSYoungGen: 264256K->64K(256512K)] 265952K->1760K(431616K), 0,0010074 secs] [Times: user=0,00 sys=0,00, real=0,00 secs] 
6,295: [GC (Allocation Failure) [PSYoungGen: 254016K->96K(244736K)] 255712K->1792K(419840K), 0,0005795 secs] [Times: user=0,00 sys=0,00, real=0,00 secs] 
6,443: [GC (Allocation Failure) [PSYoungGen: 244320K->64K(237568K)] 246016K->1760K(412672K), 0,0005229 secs] [Times: user=0,00 sys=0,00, real=0,00 secs] 
6,586: [GC (Allocation Failure) [PSYoungGen: 235072K->96K(226816K)] 236768K->1792K(401920K), 0,0005886 secs] [Times: user=0,00 sys=0,00, real=0,00 secs] 
6,723: [GC (Allocation Failure) [PSYoungGen: 226400K->96K(219648K)] 228096K->1792K(394752K), 0,0005580 secs] [Times: user=0,00 sys=0,00, real=0,00 secs] 
6,855: [GC (Allocation Failure) [PSYoungGen: 217696K->64K(209920K)] 219392K->1760K(385024K), 0,0005747 secs] [Times: user=0,00 sys=0,00, real=0,00 secs] 
6,992: [GC (Allocation Failure) [PSYoungGen: 209472K->96K(203776K)] 211168K->1792K(378880K), 0,0005834 secs] [Times: user=0,00 sys=0,00, real=0,00 secs] 
7,124: [GC (Allocation Failure) [PSYoungGen: 201824K->64K(195072K)] 203520K->1760K(370176K), 0,0005998 secs] [Times: user=0,00 sys=0,00, real=0,00 secs] 
7,251: [GC (Allocation Failure) [PSYoungGen: 194624K->64K(188928K)] 196320K->1760K(364032K), 0,0005768 secs] [Times: user=0,00 sys=0,00, real=0,00 secs] 
7,372: [GC (Allocation Failure) [PSYoungGen: 187456K->64K(181248K)] 189152K->1760K(356352K), 0,0005739 secs] [Times: user=0,00 sys=0,00, real=0,00 secs] 
7,497: [GC (Allocation Failure) [PSYoungGen: 180800K->96K(176128K)] 182496K->1792K(351232K), 0,0005064 secs] [Times: user=0,01 sys=0,00, real=0,00 secs] 
7,611: [GC (Allocation Failure) [PSYoungGen: 174688K->64K(168960K)] 176384K->1760K(344064K), 0,0013538 secs] [Times: user=0,00 sys=0,00, real=0,00 secs] 
7,723: [GC (Allocation Failure) [PSYoungGen: 168512K->96K(164352K)] 170208K->1792K(339456K), 0,0005255 secs] [Times: user=0,00 sys=0,00, real=0,00 secs] 
7,831: [GC (Allocation Failure) [PSYoungGen: 162912K->96K(157696K)] 164608K->1792K(332800K), 0,0007560 secs] [Times: user=0,01 sys=0,00, real=0,00 secs] 
7,937: [GC (Allocation Failure) [PSYoungGen: 157280K->96K(153088K)] 158976K->1792K(328192K), 0,0005873 secs] [Times: user=0,00 sys=0,00, real=0,00 secs] 
8,040: [GC (Allocation Failure) [PSYoungGen: 152160K->96K(147456K)] 153856K->1792K(322560K), 0,0005553 secs] [Times: user=0,00 sys=0,00, real=0,00 secs] 
8,139: [GC (Allocation Failure) [PSYoungGen: 147040K->96K(143360K)] 148736K->1792K(318464K), 0,0005268 secs] [Times: user=0,00 sys=0,00, real=0,00 secs] 
8,234: [GC (Allocation Failure) [PSYoungGen: 142432K->96K(138240K)] 144128K->1792K(313344K), 0,0005474 secs] [Times: user=0,00 sys=0,01, real=0,00 secs] 
8,325: [GC (Allocation Failure) [PSYoungGen: 137824K->64K(134144K)] 139520K->1760K(309248K), 0,0007893 secs] [Times: user=0,00 sys=0,00, real=0,00 secs] 
8,412: [GC (Allocation Failure) [PSYoungGen: 133184K->96K(129536K)] 134880K->1792K(304640K), 0,0006172 secs] [Times: user=0,00 sys=0,00, real=0,00 secs] 
8,493: [GC (Allocation Failure) [PSYoungGen: 129120K->96K(125952K)] 130816K->1792K(301056K), 0,0005310 secs] [Times: user=0,00 sys=0,00, real=0,00 secs] 
8,572: [GC (Allocation Failure) [PSYoungGen: 125024K->96K(121344K)] 126720K->1792K(296448K), 0,0005728 secs] [Times: user=0,00 sys=0,00, real=0,00 secs] 
8,648: [GC (Allocation Failure) [PSYoungGen: 120928K->32K(118272K)] 122624K->1736K(293376K), 0,0005776 secs] [Times: user=0,00 sys=0,00, real=0,01 secs] 
8,724: [GC (Allocation Failure) [PSYoungGen: 117280K->96K(114176K)] 118984K->1800K(289280K), 0,0005582 secs] [Times: user=0,00 sys=0,00, real=0,00 secs] 
8,795: [GC (Allocation Failure) [PSYoungGen: 113760K->96K(110592K)] 115464K->1800K(285696K), 0,0005819 secs] [Times: user=0,01 sys=0,00, real=0,00 secs] 
8,864: [GC (Allocation Failure) [PSYoungGen: 110176K->96K(107520K)] 111880K->1800K(282624K), 0,0005729 secs] [Times: user=0,00 sys=0,00, real=0,00 secs] 
8,932: [GC (Allocation Failure) [PSYoungGen: 107104K->64K(104448K)] 108808K->1768K(279552K), 0,0005659 secs] [Times: user=0,00 sys=0,00, real=0,00 secs] 
9,000: [GC (Allocation Failure) [PSYoungGen: 104000K->96K(101376K)] 105704K->1800K(276480K), 0,0005571 secs] [Times: user=0,00 sys=0,00, real=0,00 secs] 
9,063: [GC (Allocation Failure) [PSYoungGen: 100960K->96K(98816K)] 102664K->1800K(273920K), 0,0005709 secs] [Times: user=0,00 sys=0,00, real=0,00 secs] 
9,125: [GC (Allocation Failure) [PSYoungGen: 98400K->64K(96256K)] 100104K->1768K(271360K), 0,0006315 secs] [Times: user=0,00 sys=0,00, real=0,00 secs] 
9,185: [GC (Allocation Failure) [PSYoungGen: 95808K->96K(93696K)] 97512K->1800K(268800K), 0,0005457 secs] [Times: user=0,00 sys=0,00, real=0,00 secs] 
9,244: [GC (Allocation Failure) [PSYoungGen: 93280K->96K(91136K)] 94984K->1800K(266240K), 0,0006085 secs] [Times: user=0,00 sys=0,00, real=0,00 secs] 
9,302: [GC (Allocation Failure) [PSYoungGen: 90720K->96K(88576K)] 92424K->1800K(263680K), 0,0005537 secs] [Times: user=0,00 sys=0,00, real=0,00 secs] 
9,357: [GC (Allocation Failure) [PSYoungGen: 88160K->64K(86528K)] 89864K->1768K(261632K), 0,0006137 secs] [Times: user=0,00 sys=0,00, real=0,00 secs] 
9,411: [GC (Allocation Failure) [PSYoungGen: 86080K->64K(84480K)] 87784K->1768K(259584K), 0,0005286 secs] [Times: user=0,00 sys=0,00, real=0,00 secs] 
9,464: [GC (Allocation Failure) [PSYoungGen: 84032K->64K(82432K)] 85736K->1768K(257536K), 0,0005265 secs] [Times: user=0,00 sys=0,00, real=0,00 secs] 
9,516: [GC (Allocation Failure) [PSYoungGen: 81984K->96K(80384K)] 83688K->1800K(255488K), 0,0005157 secs] [Times: user=0,00 sys=0,00, real=0,00 secs] 
9,566: [GC (Allocation Failure) [PSYoungGen: 79968K->64K(78336K)] 81672K->1768K(253440K), 0,0005755 secs] [Times: user=0,00 sys=0,00, real=0,00 secs] 
9,616: [GC (Allocation Failure) [PSYoungGen: 77888K->64K(76288K)] 79592K->1768K(251392K), 0,0005336 secs] [Times: user=0,00 sys=0,00, real=0,00 secs] 
9,664: [GC (Allocation Failure) [PSYoungGen: 75840K->96K(74752K)] 77544K->1800K(249856K), 0,0005284 secs] [Times: user=0,00 sys=0,00, real=0,00 secs] 
9,711: [GC (Allocation Failure) [PSYoungGen: 74336K->64K(73216K)] 76040K->1768K(248320K), 0,0005712 secs] [Times: user=0,00 sys=0,00, real=0,00 secs] 
9,757: [GC (Allocation Failure) [PSYoungGen: 72768K->64K(88064K)] 74472K->1768K(263168K), 0,0005571 secs] [Times: user=0,00 sys=0,00, real=0,00 secs] 
9,812: [GC (Allocation Failure) [PSYoungGen: 87616K->96K(86016K)] 89320K->1800K(261120K), 0,0005235 secs] [Times: user=0,00 sys=0,00, real=0,00 secs] 
9,866: [GC (Allocation Failure) [PSYoungGen: 85600K->64K(83968K)] 87304K->1768K(259072K), 0,0005619 secs] [Times: user=0,00 sys=0,00, real=0,00 secs] 
9,918: [GC (Allocation Failure) [PSYoungGen: 83520K->64K(81920K)] 85224K->1768K(257024K), 0,0005238 secs] [Times: user=0,00 sys=0,00, real=0,00 secs] 
9,971: [GC (Allocation Failure) [PSYoungGen: 81472K->96K(79872K)] 83176K->1800K(254976K), 0,0005280 secs] [Times: user=0,00 sys=0,00, real=0,00 secs] 
10,022: [GC (Allocation Failure) [PSYoungGen: 79456K->64K(77824K)] 81160K->1768K(252928K), 0,0005942 secs] [Times: user=0,00 sys=0,00, real=0,00 secs] 
10,071: [GC (Allocation Failure) [PSYoungGen: 77376K->96K(75776K)] 79080K->1800K(250880K), 0,0005798 secs] [Times: user=0,00 sys=0,00, real=0,00 secs] 
10,119: [GC (Allocation Failure) [PSYoungGen: 75360K->96K(91136K)] 77064K->1800K(266240K), 0,0005760 secs] [Times: user=0,01 sys=0,00, real=0,00 secs] 
10,176: [GC (Allocation Failure) [PSYoungGen: 90720K->96K(88576K)] 92424K->1800K(263680K), 0,0005281 secs] [Times: user=0,00 sys=0,00, real=0,00 secs] 
10,232: [GC (Allocation Failure) [PSYoungGen: 88160K->96K(86528K)] 89864K->1800K(261632K), 0,0005279 secs] [Times: user=0,00 sys=0,00, real=0,00 secs] 
10,293: [GC (Allocation Failure) [PSYoungGen: 86112K->160K(84480K)] 87816K->1872K(259584K), 0,0004870 secs] [Times: user=0,00 sys=0,00, real=0,00 secs] 
10,346: [GC (Allocation Failure) [PSYoungGen: 84128K->64K(82432K)] 85840K->1848K(257536K), 0,0005337 secs] [Times: user=0,00 sys=0,00, real=0,00 secs] 
10,398: [GC (Allocation Failure) [PSYoungGen: 81984K->96K(80384K)] 83768K->1880K(255488K), 0,0006110 secs] [Times: user=0,00 sys=0,00, real=0,00 secs] 
10,449: [GC (Allocation Failure) [PSYoungGen: 79968K->64K(78336K)] 81752K->1848K(253440K), 0,0006159 secs] [Times: user=0,01 sys=0,00, real=0,01 secs] 
10,498: [GC (Allocation Failure) [PSYoungGen: 77888K->96K(76288K)] 79672K->1880K(251392K), 0,0005806 secs] [Times: user=0,01 sys=0,00, real=0,01 secs] 
10,547: [GC (Allocation Failure) [PSYoungGen: 75872K->96K(91648K)] 77656K->1880K(266752K), 0,0005802 secs] [Times: user=0,00 sys=0,00, real=0,00 secs] 
10,607: [GC (Allocation Failure) [PSYoungGen: 91232K->96K(89088K)] 93016K->1880K(264192K), 0,0005361 secs] [Times: user=0,00 sys=0,00, real=0,00 secs] 
10,663: [GC (Allocation Failure) [PSYoungGen: 88672K->96K(87040K)] 90456K->1880K(262144K), 0,0006439 secs] [Times: user=0,00 sys=0,00, real=0,00 secs] 
10,718: [GC (Allocation Failure) [PSYoungGen: 86624K->96K(84992K)] 88408K->1880K(260096K), 0,0005444 secs] [Times: user=0,00 sys=0,00, real=0,00 secs] 
10,771: [GC (Allocation Failure) [PSYoungGen: 84576K->96K(82944K)] 86360K->1880K(258048K), 0,0005370 secs] [Times: user=0,00 sys=0,00, real=0,00 secs] 
10,823: [GC (Allocation Failure) [PSYoungGen: 82528K->96K(80896K)] 84312K->1880K(256000K), 0,0005750 secs] [Times: user=0,00 sys=0,00, real=0,00 secs] 
10,874: [GC (Allocation Failure) [PSYoungGen: 80480K->96K(78848K)] 82264K->1880K(253952K), 0,0005648 secs] [Times: user=0,00 sys=0,00, real=0,00 secs] 
10,924: [GC (Allocation Failure) [PSYoungGen: 78432K->96K(76800K)] 80216K->1880K(251904K), 0,0005302 secs] [Times: user=0,00 sys=0,00, real=0,00 secs] 
10,973: [GC (Allocation Failure) [PSYoungGen: 76384K->96K(74752K)] 78168K->1880K(249856K), 0,0005567 secs] [Times: user=0,00 sys=0,00, real=0,00 secs] 
11,022: [GC (Allocation Failure) [PSYoungGen: 74336K->96K(73216K)] 76120K->1880K(248320K), 0,0005314 secs] [Times: user=0,00 sys=0,00, real=0,00 secs] 
11,068: [GC (Allocation Failure) [PSYoungGen: 72800K->96K(88064K)] 74584K->1880K(263168K), 0,0005382 secs] [Times: user=0,00 sys=0,00, real=0,00 secs] 
11,123: [GC (Allocation Failure) [PSYoungGen: 87648K->96K(86016K)] 89432K->1880K(261120K), 0,0005335 secs] [Times: user=0,00 sys=0,00, real=0,00 secs] 
11,177: [GC (Allocation Failure) [PSYoungGen: 85600K->96K(83968K)] 87384K->1880K(259072K), 0,0005500 secs] [Times: user=0,00 sys=0,00, real=0,00 secs] 
11,229: [GC (Allocation Failure) [PSYoungGen: 83552K->96K(81920K)] 85336K->1880K(257024K), 0,0005608 secs] [Times: user=0,00 sys=0,00, real=0,01 secs] 
11,278: [GC (Allocation Failure) [PSYoungGen: 81504K->64K(79872K)] 83288K->1848K(254976K), 0,0006009 secs] [Times: user=0,00 sys=0,00, real=0,01 secs] 
11,327: [GC (Allocation Failure) [PSYoungGen: 79424K->96K(77824K)] 81208K->1880K(252928K), 0,0005169 secs] [Times: user=0,00 sys=0,00, real=0,00 secs] 
11,374: [GC (Allocation Failure) [PSYoungGen: 77408K->64K(75776K)] 79192K->1848K(250880K), 0,0005355 secs] [Times: user=0,00 sys=0,00, real=0,00 secs] 
11,422: [GC (Allocation Failure) [PSYoungGen: 75328K->64K(74240K)] 77112K->1848K(249344K), 0,0005167 secs] [Times: user=0,00 sys=0,00, real=0,00 secs] 
11,469: [GC (Allocation Failure) [PSYoungGen: 73792K->96K(72704K)] 75576K->1880K(247808K), 0,0005093 secs] [Times: user=0,00 sys=0,00, real=0,00 secs] 
11,514: [GC (Allocation Failure) [PSYoungGen: 72288K->64K(87552K)] 74072K->1848K(262656K), 0,0006087 secs] [Times: user=0,00 sys=0,00, real=0,00 secs] 
11,567: [GC (Allocation Failure) [PSYoungGen: 87104K->96K(104960K)] 88888K->1880K(280064K), 0,0005192 secs] [Times: user=0,00 sys=0,00, real=0,00 secs] 
11,631: [GC (Allocation Failure) [PSYoungGen: 104544K->96K(101888K)] 106328K->1880K(276992K), 0,0005187 secs] [Times: user=0,00 sys=0,00, real=0,00 secs] 
11,694: [GC (Allocation Failure) [PSYoungGen: 101472K->96K(98816K)] 103256K->1880K(273920K), 0,0005346 secs] [Times: user=0,00 sys=0,00, real=0,00 secs] 
11,754: [GC (Allocation Failure) [PSYoungGen: 98400K->96K(96256K)] 100184K->1880K(271360K), 0,0005307 secs] [Times: user=0,00 sys=0,00, real=0,00 secs] 
11,813: [GC (Allocation Failure) [PSYoungGen: 95840K->96K(93696K)] 97624K->1880K(268800K), 0,0005365 secs] [Times: user=0,00 sys=0,00, real=0,00 secs] 
11,870: [GC (Allocation Failure) [PSYoungGen: 93280K->96K(91136K)] 95064K->1880K(266240K), 0,0006201 secs] [Times: user=0,00 sys=0,00, real=0,00 secs] 
11,926: [GC (Allocation Failure) [PSYoungGen: 90720K->96K(88576K)] 92504K->1880K(263680K), 0,0005240 secs] [Times: user=0,01 sys=0,01, real=0,00 secs] 
11,981: [GC (Allocation Failure) [PSYoungGen: 88160K->96K(86528K)] 89944K->1880K(261632K), 0,0005249 secs] [Times: user=0,00 sys=0,00, real=0,00 secs] 
12,035: [GC (Allocation Failure) [PSYoungGen: 86112K->96K(84480K)] 87896K->1880K(259584K), 0,0005190 secs] [Times: user=0,00 sys=0,00, real=0,00 secs] 
12,088: [GC (Allocation Failure) [PSYoungGen: 84064K->96K(82432K)] 85848K->1880K(257536K), 0,0005357 secs] [Times: user=0,00 sys=0,00, real=0,00 secs] 
12,138: [GC (Allocation Failure) [PSYoungGen: 82016K->96K(80384K)] 83800K->1880K(255488K), 0,0005776 secs] [Times: user=0,00 sys=0,00, real=0,00 secs] 
12,187: [GC (Allocation Failure) [PSYoungGen: 79968K->96K(78336K)] 81752K->1880K(253440K), 0,0005389 secs] [Times: user=0,00 sys=0,00, real=0,00 secs] 
12,235: [GC (Allocation Failure) [PSYoungGen: 77920K->64K(76288K)] 79704K->1848K(251392K), 0,0005451 secs] [Times: user=0,01 sys=0,00, real=0,00 secs] 
12,281: [GC (Allocation Failure) [PSYoungGen: 75840K->64K(74752K)] 77624K->1848K(249856K), 0,0005664 secs] [Times: user=0,00 sys=0,00, real=0,00 secs] 
12,328: [GC (Allocation Failure) [PSYoungGen: 74304K->96K(89600K)] 76088K->1888K(264704K), 0,0005315 secs] [Times: user=0,00 sys=0,00, real=0,01 secs] 
12,383: [GC (Allocation Failure) [PSYoungGen: 89184K->96K(87040K)] 90976K->1888K(262144K), 0,0005634 secs] [Times: user=0,00 sys=0,00, real=0,00 secs] 
12,436: [GC (Allocation Failure) [PSYoungGen: 86624K->96K(104448K)] 88416K->1888K(279552K), 0,0006470 secs] [Times: user=0,00 sys=0,00, real=0,00 secs] 
12,500: [GC (Allocation Failure) [PSYoungGen: 104032K->64K(125440K)] 105824K->1856K(300544K), 0,0007541 secs] [Times: user=0,00 sys=0,00, real=0,00 secs] 
12,577: [GC (Allocation Failure) [PSYoungGen: 124992K->64K(150528K)] 126784K->1856K(325632K), 0,0009339 secs] [Times: user=0,00 sys=0,00, real=0,00 secs] 
12,669: [GC (Allocation Failure) [PSYoungGen: 150080K->96K(145408K)] 151872K->1888K(320512K), 0,0005611 secs] [Times: user=0,00 sys=0,00, real=0,00 secs] 
12,759: [GC (Allocation Failure) [PSYoungGen: 144992K->96K(140800K)] 146784K->1888K(315904K), 0,0005375 secs] [Times: user=0,00 sys=0,00, real=0,01 secs] 
12,845: [GC (Allocation Failure) [PSYoungGen: 140384K->96K(136192K)] 142176K->1888K(311296K), 0,0005129 secs] [Times: user=0,00 sys=0,00, real=0,00 secs] 
12,928: [GC (Allocation Failure) [PSYoungGen: 135776K->96K(132096K)] 137568K->1888K(307200K), 0,0005306 secs] [Times: user=0,00 sys=0,00, real=0,00 secs] 
13,010: [GC (Allocation Failure) [PSYoungGen: 131680K->64K(128000K)] 133472K->1856K(303104K), 0,0007293 secs] [Times: user=0,00 sys=0,00, real=0,00 secs] 
13,089: [GC (Allocation Failure) [PSYoungGen: 127552K->96K(123904K)] 129344K->1888K(299008K), 0,0005088 secs] [Times: user=0,00 sys=0,00, real=0,00 secs] 
13,165: [GC (Allocation Failure) [PSYoungGen: 123488K->64K(120320K)] 125280K->1856K(295424K), 0,0005583 secs] [Times: user=0,00 sys=0,00, real=0,00 secs] 
13,238: [GC (Allocation Failure) [PSYoungGen: 119872K->96K(116736K)] 121664K->1888K(291840K), 0,0005316 secs] [Times: user=0,00 sys=0,00, real=0,00 secs] 
13,309: [GC (Allocation Failure) [PSYoungGen: 116320K->96K(113152K)] 118112K->1888K(288256K), 0,0005171 secs] [Times: user=0,00 sys=0,00, real=0,00 secs] 
13,378: [GC (Allocation Failure) [PSYoungGen: 112736K->96K(110080K)] 114528K->1888K(285184K), 0,0005186 secs] [Times: user=0,00 sys=0,00, real=0,00 secs] 
13,445: [GC (Allocation Failure) [PSYoungGen: 109664K->96K(107008K)] 111456K->1888K(282112K), 0,0006413 secs] [Times: user=0,00 sys=0,00, real=0,00 secs] 
13,510: [GC (Allocation Failure) [PSYoungGen: 106592K->96K(103936K)] 108384K->1888K(279040K), 0,0005710 secs] [Times: user=0,00 sys=0,00, real=0,00 secs] 
13,574: [GC (Allocation Failure) [PSYoungGen: 103520K->96K(100864K)] 105312K->1888K(275968K), 0,0005063 secs] [Times: user=0,00 sys=0,00, real=0,00 secs] 
13,634: [GC (Allocation Failure) [PSYoungGen: 100448K->96K(98304K)] 102240K->1888K(273408K), 0,0005275 secs] [Times: user=0,00 sys=0,00, real=0,00 secs] 
13,692: [GC (Allocation Failure) [PSYoungGen: 97888K->96K(95744K)] 99680K->1888K(270848K), 0,0005289 secs] [Times: user=0,00 sys=0,00, real=0,00 secs] 
13,749: [GC (Allocation Failure) [PSYoungGen: 95328K->96K(93184K)] 97120K->1888K(268288K), 0,0005015 secs] [Times: user=0,00 sys=0,00, real=0,01 secs] 
13,804: [GC (Allocation Failure) [PSYoungGen: 92768K->64K(90624K)] 94560K->1856K(265728K), 0,0005434 secs] [Times: user=0,00 sys=0,00, real=0,00 secs] 
13,857: [GC (Allocation Failure) [PSYoungGen: 90176K->96K(88064K)] 91968K->1888K(263168K), 0,0005427 secs] [Times: user=0,00 sys=0,00, real=0,00 secs] 
13,909: [GC (Allocation Failure) [PSYoungGen: 87648K->96K(86016K)] 89440K->1888K(261120K), 0,0005074 secs] [Times: user=0,01 sys=0,00, real=0,00 secs] 
13,960: [GC (Allocation Failure) [PSYoungGen: 85600K->96K(83968K)] 87392K->1888K(259072K), 0,0005112 secs] [Times: user=0,00 sys=0,00, real=0,00 secs] 
14,012: [GC (Allocation Failure) [PSYoungGen: 83552K->96K(81920K)] 85344K->1888K(257024K), 0,0005163 secs] [Times: user=0,00 sys=0,00, real=0,00 secs] 
14,060: [GC (Allocation Failure) [PSYoungGen: 81504K->64K(79872K)] 83296K->1856K(254976K), 0,0005095 secs] [Times: user=0,00 sys=0,00, real=0,00 secs] 
14,108: [GC (Allocation Failure) [PSYoungGen: 79424K->64K(77824K)] 81216K->1856K(252928K), 0,0005660 secs] [Times: user=0,01 sys=0,01, real=0,00 secs] 
14,154: [GC (Allocation Failure) [PSYoungGen: 77376K->64K(75776K)] 79168K->1856K(250880K), 0,0005532 secs] [Times: user=0,00 sys=0,00, real=0,00 secs] 
14,199: [GC (Allocation Failure) [PSYoungGen: 75328K->96K(74240K)] 77120K->1888K(249344K), 0,0005435 secs] [Times: user=0,00 sys=0,00, real=0,00 secs] 
14,243: [GC (Allocation Failure) [PSYoungGen: 73824K->96K(89088K)] 75616K->1888K(264192K), 0,0005575 secs] [Times: user=0,00 sys=0,00, real=0,00 secs] 
14,296: [GC (Allocation Failure) [PSYoungGen: 88672K->96K(107008K)] 90464K->1888K(282112K), 0,0005309 secs] [Times: user=0,00 sys=0,00, real=0,00 secs] 
14,359: [GC (Allocation Failure) [PSYoungGen: 106592K->64K(103936K)] 108384K->1856K(279040K), 0,0005111 secs] [Times: user=0,00 sys=0,00, real=0,01 secs] 
14,420: [GC (Allocation Failure) [PSYoungGen: 103488K->64K(100864K)] 105280K->1856K(275968K), 0,0006158 secs] [Times: user=0,00 sys=0,00, real=0,00 secs] 
14,480: [GC (Allocation Failure) [PSYoungGen: 100416K->96K(98304K)] 102208K->1888K(273408K), 0,0007542 secs] [Times: user=0,00 sys=0,00, real=0,00 secs] 
14,539: [GC (Allocation Failure) [PSYoungGen: 97888K->64K(118272K)] 99680K->1856K(293376K), 0,0009129 secs] [Times: user=0,00 sys=0,00, real=0,01 secs] 
14,609: [GC (Allocation Failure) [PSYoungGen: 117824K->64K(114688K)] 119616K->1856K(289792K), 0,0005050 secs] [Times: user=0,00 sys=0,00, real=0,01 secs] 
14,676: [GC (Allocation Failure) [PSYoungGen: 114240K->64K(111104K)] 116032K->1856K(286208K), 0,0005054 secs] [Times: user=0,00 sys=0,00, real=0,00 secs] 
14,745: [GC (Allocation Failure) [PSYoungGen: 110655K->96K(133632K)] 112448K->1888K(308736K), 0,0011191 secs] [Times: user=0,01 sys=0,00, real=0,00 secs] 
14,828: [GC (Allocation Failure) [PSYoungGen: 133216K->96K(129536K)] 135008K->1888K(304640K), 0,0006511 secs] [Times: user=0,00 sys=0,00, real=0,00 secs] 
14,907: [GC (Allocation Failure) [PSYoungGen: 129120K->96K(125440K)] 130912K->1888K(300544K), 0,0005019 secs] [Times: user=0,00 sys=0,00, real=0,00 secs] 
14,983: [GC (Allocation Failure) [PSYoungGen: 125024K->96K(121344K)] 126816K->1888K(296448K), 0,0005150 secs] [Times: user=0,00 sys=0,00, real=0,00 secs] 
15,059: [GC (Allocation Failure) [PSYoungGen: 120928K->64K(117760K)] 122720K->1856K(292864K), 0,0009847 secs] [Times: user=0,00 sys=0,00, real=0,01 secs] 
15,131: [GC (Allocation Failure) [PSYoungGen: 117311K->96K(114176K)] 119104K->1888K(289280K), 0,0005047 secs] [Times: user=0,00 sys=0,00, real=0,00 secs] 
15,200: [GC (Allocation Failure) [PSYoungGen: 113760K->96K(110592K)] 115552K->1888K(285696K), 0,0004964 secs] [Times: user=0,00 sys=0,00, real=0,00 secs] 
15,265: [GC (Allocation Failure) [PSYoungGen: 110176K->96K(107520K)] 111968K->1888K(282624K), 0,0004948 secs] [Times: user=0,00 sys=0,00, real=0,00 secs] 
15,328: [GC (Allocation Failure) [PSYoungGen: 107104K->96K(104448K)] 108896K->1888K(279552K), 0,0005016 secs] [Times: user=0,00 sys=0,00, real=0,00 secs] 
15,397: [GC (Allocation Failure) [PSYoungGen: 104032K->96K(101376K)] 105824K->1888K(276480K), 0,0005652 secs] [Times: user=0,00 sys=0,00, real=0,00 secs] 
15,459: [GC (Allocation Failure) [PSYoungGen: 100960K->96K(98816K)] 102752K->1888K(273920K), 0,0005553 secs] [Times: user=0,00 sys=0,00, real=0,00 secs] 
15,519: [GC (Allocation Failure) [PSYoungGen: 98400K->96K(96256K)] 100192K->1888K(271360K), 0,0005220 secs] [Times: user=0,00 sys=0,00, real=0,01 secs] 
15,577: [GC (Allocation Failure) [PSYoungGen: 95840K->96K(93696K)] 97632K->1888K(268800K), 0,0005576 secs] [Times: user=0,00 sys=0,00, real=0,00 secs] 
15,634: [GC (Allocation Failure) [PSYoungGen: 93280K->96K(91136K)] 95072K->1888K(266240K), 0,0005790 secs] [Times: user=0,00 sys=0,00, real=0,00 secs] 
15,690: [GC (Allocation Failure) [PSYoungGen: 90720K->96K(88576K)] 92512K->1888K(263680K), 0,0005192 secs] [Times: user=0,00 sys=0,00, real=0,00 secs] 
15,744: [GC (Allocation Failure) [PSYoungGen: 88160K->32K(86528K)] 89952K->1824K(261632K), 0,0005789 secs] [Times: user=0,00 sys=0,00, real=0,00 secs] 
15,796: [GC (Allocation Failure) [PSYoungGen: 86048K->64K(84480K)] 87840K->1856K(259584K), 0,0005190 secs] [Times: user=0,00 sys=0,00, real=0,00 secs] 
15,847: [GC (Allocation Failure) [PSYoungGen: 84032K->64K(101376K)] 85824K->1856K(276480K), 0,0010423 secs] [Times: user=0,00 sys=0,00, real=0,00 secs] 
15,910: [GC (Allocation Failure) [PSYoungGen: 100928K->96K(121856K)] 102720K->1888K(296960K), 0,0005282 secs] [Times: user=0,00 sys=0,00, real=0,00 secs] 
15,984: [GC (Allocation Failure) [PSYoungGen: 121440K->96K(118272K)] 123232K->1888K(293376K), 0,0005138 secs] [Times: user=0,00 sys=0,00, real=0,00 secs] 
16,057: [GC (Allocation Failure) [PSYoungGen: 117856K->64K(114688K)] 119648K->1856K(289792K), 0,0005538 secs] [Times: user=0,00 sys=0,00, real=0,00 secs] 
16,127: [GC (Allocation Failure) [PSYoungGen: 114240K->64K(111104K)] 116032K->1856K(286208K), 0,0010134 secs] [Times: user=0,01 sys=0,00, real=0,00 secs] 
16,196: [GC (Allocation Failure) [PSYoungGen: 110656K->64K(133632K)] 112448K->1856K(308736K), 0,0010667 secs] [Times: user=0,01 sys=0,00, real=0,00 secs] 
16,277: [GC (Allocation Failure) [PSYoungGen: 133184K->64K(129536K)] 134976K->1856K(304640K), 0,0005230 secs] [Times: user=0,00 sys=0,00, real=0,00 secs] 
16,360: [GC (Allocation Failure) [PSYoungGen: 129088K->64K(155648K)] 130880K->1856K(330752K), 0,0011399 secs] [Times: user=0,00 sys=0,00, real=0,00 secs] 
16,455: [GC (Allocation Failure) [PSYoungGen: 155200K->96K(150528K)] 156992K->1888K(325632K), 0,0005282 secs] [Times: user=0,01 sys=0,00, real=0,00 secs] 
16,546: [GC (Allocation Failure) [PSYoungGen: 150112K->96K(145408K)] 151904K->1888K(320512K), 0,0005199 secs] [Times: user=0,00 sys=0,00, real=0,00 secs] 
16,635: [GC (Allocation Failure) [PSYoungGen: 144992K->96K(140800K)] 146784K->1888K(315904K), 0,0005401 secs] [Times: user=0,00 sys=0,00, real=0,00 secs] 
16,720: [GC (Allocation Failure) [PSYoungGen: 140384K->64K(136192K)] 142176K->1856K(311296K), 0,0005515 secs] [Times: user=0,00 sys=0,00, real=0,00 secs] 
16,803: [GC (Allocation Failure) [PSYoungGen: 135744K->96K(132096K)] 137536K->1888K(307200K), 0,0005170 secs] [Times: user=0,00 sys=0,00, real=0,00 secs] 
16,883: [GC (Allocation Failure) [PSYoungGen: 131680K->64K(128000K)] 133472K->1856K(303104K), 0,0005606 secs] [Times: user=0,01 sys=0,00, real=0,00 secs] 
16,960: [GC (Allocation Failure) [PSYoungGen: 127552K->96K(123904K)] 129344K->1888K(299008K), 0,0005449 secs] [Times: user=0,00 sys=0,00, real=0,00 secs] 
17,037: [GC (Allocation Failure) [PSYoungGen: 123488K->96K(120320K)] 125280K->1888K(295424K), 0,0005350 secs] [Times: user=0,00 sys=0,00, real=0,00 secs] 
17,109: [GC (Allocation Failure) [PSYoungGen: 119904K->96K(116736K)] 121696K->1888K(291840K), 0,0005128 secs] [Times: user=0,00 sys=0,00, real=0,00 secs] 
17,181: [GC (Allocation Failure) [PSYoungGen: 116320K->96K(113152K)] 118112K->1888K(288256K), 0,0005365 secs] [Times: user=0,00 sys=0,00, real=0,00 secs] 
17,249: [GC (Allocation Failure) [PSYoungGen: 112736K->64K(110080K)] 114528K->1856K(285184K), 0,0005152 secs] [Times: user=0,00 sys=0,00, real=0,00 secs] 
17,316: [GC (Allocation Failure) [PSYoungGen: 109632K->96K(107008K)] 111424K->1888K(282112K), 0,0005171 secs] [Times: user=0,00 sys=0,00, real=0,00 secs] 
17,381: [GC (Allocation Failure) [PSYoungGen: 106592K->64K(103936K)] 108384K->1856K(279040K), 0,0005799 secs] [Times: user=0,01 sys=0,00, real=0,00 secs] 
17,450: [GC (Allocation Failure) [PSYoungGen: 103488K->96K(100864K)] 105280K->1888K(275968K), 0,0005530 secs] [Times: user=0,00 sys=0,00, real=0,00 secs] 
17,512: [GC (Allocation Failure) [PSYoungGen: 100448K->96K(98304K)] 102240K->1888K(273408K), 0,0005161 secs] [Times: user=0,00 sys=0,00, real=0,00 secs] 
17,571: [GC (Allocation Failure) [PSYoungGen: 97888K->96K(95744K)] 99680K->1888K(270848K), 0,0005622 secs] [Times: user=0,01 sys=0,00, real=0,00 secs] 
17,630: [GC (Allocation Failure) [PSYoungGen: 95328K->96K(93184K)] 97120K->1888K(268288K), 0,0005618 secs] [Times: user=0,01 sys=0,00, real=0,00 secs] 
17,687: [GC (Allocation Failure) [PSYoungGen: 92768K->128K(90624K)] 94560K->1920K(265728K), 0,0007514 secs] [Times: user=0,00 sys=0,00, real=0,00 secs] 
17,742: [GC (Allocation Failure) [PSYoungGen: 90240K->96K(88064K)] 92032K->1888K(263168K), 0,0005841 secs] [Times: user=0,00 sys=0,00, real=0,00 secs] 
17,797: [GC (Allocation Failure) [PSYoungGen: 87648K->96K(86016K)] 89440K->1888K(261120K), 0,0005212 secs] [Times: user=0,00 sys=0,00, real=0,00 secs] 
17,848: [GC (Allocation Failure) [PSYoungGen: 85600K->96K(83968K)] 87392K->1888K(259072K), 0,0005156 secs] [Times: user=0,01 sys=0,00, real=0,01 secs] 
17,899: [GC (Allocation Failure) [PSYoungGen: 83552K->96K(81920K)] 85344K->1888K(257024K), 0,0005523 secs] [Times: user=0,00 sys=0,00, real=0,01 secs] 
17,949: [GC (Allocation Failure) [PSYoungGen: 81504K->96K(98304K)] 83296K->1888K(273408K), 0,0007494 secs] [Times: user=0,00 sys=0,00, real=0,01 secs] 
18,010: [GC (Allocation Failure) [PSYoungGen: 97888K->96K(95744K)] 99680K->1888K(270848K), 0,0005691 secs] [Times: user=0,00 sys=0,00, real=0,00 secs] 
18,068: [GC (Allocation Failure) [PSYoungGen: 95328K->64K(115200K)] 97120K->1856K(290304K), 0,0011128 secs] [Times: user=0,00 sys=0,00, real=0,01 secs] 
18,140: [GC (Allocation Failure) [PSYoungGen: 114752K->64K(138240K)] 116544K->1856K(313344K), 0,0010084 secs] [Times: user=0,00 sys=0,00, real=0,00 secs] 
18,223: [GC (Allocation Failure) [PSYoungGen: 137792K->64K(165888K)] 139584K->1856K(340992K), 0,0005218 secs] [Times: user=0,00 sys=0,00, real=0,00 secs] 
18,328: [GC (Allocation Failure) [PSYoungGen: 165440K->96K(160256K)] 167232K->1888K(335360K), 0,0005343 secs] [Times: user=0,00 sys=0,00, real=0,01 secs] 
18,425: [GC (Allocation Failure) [PSYoungGen: 159840K->96K(154624K)] 161632K->1888K(329728K), 0,0005615 secs] [Times: user=0,01 sys=0,00, real=0,00 secs] 
18,525: [GC (Allocation Failure) [PSYoungGen: 154208K->96K(149504K)] 156000K->1888K(324608K), 0,0006247 secs] [Times: user=0,01 sys=0,00, real=0,00 secs] 
18,617: [GC (Allocation Failure) [PSYoungGen: 149088K->64K(144384K)] 150880K->1856K(319488K), 0,0005282 secs] [Times: user=0,00 sys=0,00, real=0,00 secs] 
18,704: [GC (Allocation Failure) [PSYoungGen: 143936K->96K(139776K)] 145728K->1888K(314880K), 0,0005142 secs] [Times: user=0,01 sys=0,00, real=0,00 secs] 
18,789: [GC (Allocation Failure) [PSYoungGen: 139360K->96K(135168K)] 141152K->1888K(310272K), 0,0005407 secs] [Times: user=0,00 sys=0,00, real=0,00 secs] 
18,871: [GC (Allocation Failure) [PSYoungGen: 134752K->64K(131072K)] 136544K->1856K(306176K), 0,0006368 secs] [Times: user=0,00 sys=0,00, real=0,00 secs] 
18,952: [GC (Allocation Failure) [PSYoungGen: 130624K->96K(126976K)] 132416K->1888K(302080K), 0,0005123 secs] [Times: user=0,00 sys=0,00, real=0,00 secs] 
19,030: [GC (Allocation Failure) [PSYoungGen: 126560K->64K(122880K)] 128352K->1856K(297984K), 0,0005711 secs] [Times: user=0,00 sys=0,00, real=0,00 secs] 
19,106: [GC (Allocation Failure) [PSYoungGen: 122432K->96K(119296K)] 124224K->1888K(294400K), 0,0005275 secs] [Times: user=0,00 sys=0,00, real=0,00 secs] 
19,178: [GC (Allocation Failure) [PSYoungGen: 118880K->96K(115712K)] 120672K->1888K(290816K), 0,0005476 secs] [Times: user=0,00 sys=0,00, real=0,00 secs] 
19,248: [GC (Allocation Failure) [PSYoungGen: 115296K->96K(112128K)] 117088K->1888K(287232K), 0,0005225 secs] [Times: user=0,00 sys=0,00, real=0,00 secs] 
19,316: [GC (Allocation Failure) [PSYoungGen: 111712K->96K(109056K)] 113504K->1888K(284160K), 0,0005127 secs] [Times: user=0,00 sys=0,00, real=0,00 secs] 
19,383: [GC (Allocation Failure) [PSYoungGen: 108640K->96K(105984K)] 110432K->1888K(281088K), 0,0005162 secs] [Times: user=0,01 sys=0,00, real=0,00 secs] 
19,447: [GC (Allocation Failure) [PSYoungGen: 105568K->64K(102912K)] 107360K->1864K(278016K), 0,0005615 secs] [Times: user=0,00 sys=0,00, real=0,00 secs] 
19,510: [GC (Allocation Failure) [PSYoungGen: 102464K->96K(99840K)] 104264K->1896K(274944K), 0,0005612 secs] [Times: user=0,00 sys=0,00, real=0,00 secs] 
19,571: [GC (Allocation Failure) [PSYoungGen: 99424K->96K(97280K)] 101224K->1896K(272384K), 0,0005345 secs] [Times: user=0,00 sys=0,00, real=0,00 secs] 
19,631: [GC (Allocation Failure) [PSYoungGen: 96864K->64K(94720K)] 98664K->1864K(269824K), 0,0005226 secs] [Times: user=0,00 sys=0,00, real=0,00 secs] 
19,689: [GC (Allocation Failure) [PSYoungGen: 94272K->96K(92160K)] 96072K->1896K(267264K), 0,0006713 secs] [Times: user=0,00 sys=0,00, real=0,00 secs] 
19,745: [GC (Allocation Failure) [PSYoungGen: 91744K->96K(89600K)] 93544K->1896K(264704K), 0,0005491 secs] [Times: user=0,00 sys=0,00, real=0,00 secs] 
19,800: [GC (Allocation Failure) [PSYoungGen: 89184K->32K(107520K)] 90984K->1832K(282624K), 0,0010810 secs] [Times: user=0,01 sys=0,00, real=0,00 secs] 
19,866: [GC (Allocation Failure) [PSYoungGen: 107040K->96K(104448K)] 108840K->1896K(279552K), 0,0005108 secs] [Times: user=0,00 sys=0,00, real=0,00 secs] 
19,931: [GC (Allocation Failure) [PSYoungGen: 104032K->96K(101376K)] 105832K->1896K(276480K), 0,0005187 secs] [Times: user=0,01 sys=0,00, real=0,00 secs] 
19,993: [GC (Allocation Failure) [PSYoungGen: 100960K->96K(98816K)] 102760K->1896K(273920K), 0,0005161 secs] [Times: user=0,00 sys=0,00, real=0,00 secs] 
20,060: [GC (Allocation Failure) [PSYoungGen: 98400K->96K(96256K)] 100200K->1896K(271360K), 0,0005383 secs] [Times: user=0,01 sys=0,00, real=0,00 secs] 
20,120: [GC (Allocation Failure) [PSYoungGen: 95840K->64K(93696K)] 97640K->1864K(268800K), 0,0005302 secs] [Times: user=0,00 sys=0,00, real=0,00 secs] 
20,177: [GC (Allocation Failure) [PSYoungGen: 93248K->96K(91136K)] 95048K->1896K(266240K), 0,0005234 secs] [Times: user=0,00 sys=0,00, real=0,00 secs] 
20,234: [GC (Allocation Failure) [PSYoungGen: 90720K->96K(88576K)] 92520K->1896K(263680K), 0,0005414 secs] [Times: user=0,00 sys=0,00, real=0,00 secs] 
20,289: [GC (Allocation Failure) [PSYoungGen: 88159K->64K(86528K)] 89960K->1864K(261632K), 0,0008365 secs] [Times: user=0,00 sys=0,00, real=0,00 secs] 
20,343: [GC (Allocation Failure) [PSYoungGen: 86080K->64K(103936K)] 87880K->1864K(279040K), 0,0006819 secs] [Times: user=0,00 sys=0,00, real=0,00 secs] 
20,407: [GC (Allocation Failure) [PSYoungGen: 103488K->64K(100864K)] 105288K->1880K(275968K), 0,0005988 secs] [Times: user=0,00 sys=0,00, real=0,00 secs] 
20,470: [GC (Allocation Failure) [PSYoungGen: 100416K->96K(98304K)] 102232K->1912K(273408K), 0,0005832 secs] [Times: user=0,00 sys=0,00, real=0,00 secs] 
20,530: [GC (Allocation Failure) [PSYoungGen: 97888K->96K(95744K)] 99704K->1912K(270848K), 0,0005153 secs] [Times: user=0,00 sys=0,00, real=0,00 secs] 
20,591: [GC (Allocation Failure) [PSYoungGen: 95328K->64K(93184K)] 97144K->1880K(268288K), 0,0005792 secs] [Times: user=0,00 sys=0,00, real=0,00 secs] 
20,649: [GC (Allocation Failure) [PSYoungGen: 92736K->64K(90624K)] 94552K->1880K(265728K), 0,0006670 secs] [Times: user=0,00 sys=0,00, real=0,01 secs] 
20,705: [GC (Allocation Failure) [PSYoungGen: 90176K->96K(88064K)] 91992K->1912K(263168K), 0,0005422 secs] [Times: user=0,00 sys=0,00, real=0,00 secs] 
20,760: [GC (Allocation Failure) [PSYoungGen: 87648K->96K(86016K)] 89464K->1912K(261120K), 0,0005191 secs] [Times: user=0,00 sys=0,00, real=0,00 secs] 
20,812: [GC (Allocation Failure) [PSYoungGen: 85600K->96K(83968K)] 87416K->1912K(259072K), 0,0005235 secs] [Times: user=0,00 sys=0,00, real=0,00 secs] 
20,863: [GC (Allocation Failure) [PSYoungGen: 83552K->96K(81920K)] 85368K->1912K(257024K), 0,0005145 secs] [Times: user=0,00 sys=0,00, real=0,00 secs] 
20,913: [GC (Allocation Failure) [PSYoungGen: 81504K->96K(79872K)] 83320K->1912K(254976K), 0,0005324 secs] [Times: user=0,00 sys=0,01, real=0,00 secs] 
20,962: [GC (Allocation Failure) [PSYoungGen: 79456K->96K(77824K)] 81272K->1912K(252928K), 0,0005230 secs] [Times: user=0,01 sys=0,00, real=0,00 secs] 
21,011: [GC (Allocation Failure) [PSYoungGen: 77408K->96K(75776K)] 79224K->1912K(250880K), 0,0005693 secs] [Times: user=0,00 sys=0,00, real=0,00 secs] 
21,057: [GC (Allocation Failure) [PSYoungGen: 75360K->96K(74240K)] 77176K->1912K(249344K), 0,0005110 secs] [Times: user=0,00 sys=0,00, real=0,00 secs] 
21,103: [GC (Allocation Failure) [PSYoungGen: 73824K->64K(72704K)] 75640K->1880K(247808K), 0,0005170 secs] [Times: user=0,00 sys=0,00, real=0,00 secs] 
21,147: [GC (Allocation Failure) [PSYoungGen: 72256K->96K(87552K)] 74072K->1912K(262656K), 0,0005275 secs] [Times: user=0,00 sys=0,00, real=0,00 secs] 
21,201: [GC (Allocation Failure) [PSYoungGen: 87136K->96K(85504K)] 88952K->1912K(260608K), 0,0005518 secs] [Times: user=0,01 sys=0,00, real=0,00 secs] 
21,253: [GC (Allocation Failure) [PSYoungGen: 85088K->96K(83456K)] 86904K->1912K(258560K), 0,0005244 secs] [Times: user=0,00 sys=0,00, real=0,00 secs] 
21,305: [GC (Allocation Failure) [PSYoungGen: 83040K->96K(81408K)] 84856K->1912K(256512K), 0,0005221 secs] [Times: user=0,00 sys=0,00, real=0,00 secs] 
21,355: [GC (Allocation Failure) [PSYoungGen: 80992K->128K(79360K)] 82808K->1944K(254464K), 0,0005258 secs] [Times: user=0,00 sys=0,00, real=0,00 secs] 
21,403: [GC (Allocation Failure) [PSYoungGen: 78976K->64K(77312K)] 80792K->1880K(252416K), 0,0005207 secs] [Times: user=0,00 sys=0,00, real=0,00 secs] 
21,453: [GC (Allocation Failure) [PSYoungGen: 76864K->96K(75264K)] 78680K->1912K(250368K), 0,0005633 secs] [Times: user=0,00 sys=0,00, real=0,00 secs] 
21,499: [GC (Allocation Failure) [PSYoungGen: 74848K->96K(73728K)] 76664K->1912K(248832K), 0,0005350 secs] [Times: user=0,01 sys=0,00, real=0,01 secs] 
21,544: [GC (Allocation Failure) [PSYoungGen: 73312K->96K(88576K)] 75128K->1912K(263680K), 0,0005116 secs] [Times: user=0,00 sys=0,00, real=0,00 secs] 
21,598: [GC (Allocation Failure) [PSYoungGen: 88160K->96K(86528K)] 89976K->1912K(261632K), 0,0005263 secs] [Times: user=0,01 sys=0,00, real=0,00 secs] 
21,651: [GC (Allocation Failure) [PSYoungGen: 86112K->96K(84480K)] 87928K->1912K(259584K), 0,0005179 secs] [Times: user=0,00 sys=0,00, real=0,00 secs] 
21,703: [GC (Allocation Failure) [PSYoungGen: 84064K->96K(82432K)] 85880K->1912K(257536K), 0,0005167 secs] [Times: user=0,00 sys=0,00, real=0,00 secs] 
21,753: [GC (Allocation Failure) [PSYoungGen: 82016K->96K(80384K)] 83832K->1912K(255488K), 0,0005183 secs] [Times: user=0,00 sys=0,00, real=0,00 secs] 
21,802: [GC (Allocation Failure) [PSYoungGen: 79968K->64K(78336K)] 81784K->1880K(253440K), 0,0005763 secs] [Times: user=0,00 sys=0,00, real=0,00 secs] 
21,849: [GC (Allocation Failure) [PSYoungGen: 77888K->96K(76288K)] 79704K->1912K(251392K), 0,0005132 secs] [Times: user=0,00 sys=0,00, real=0,00 secs] 
21,896: [GC (Allocation Failure) [PSYoungGen: 75872K->96K(74752K)] 77688K->1912K(249856K), 0,0005605 secs] [Times: user=0,01 sys=0,00, real=0,00 secs] 
21,942: [GC (Allocation Failure) [PSYoungGen: 74336K->96K(89600K)] 76152K->1912K(264704K), 0,0005152 secs] [Times: user=0,00 sys=0,00, real=0,00 secs] 
21,997: [GC (Allocation Failure) [PSYoungGen: 89184K->96K(87040K)] 91000K->1912K(262144K), 0,0005205 secs] [Times: user=0,00 sys=0,00, real=0,00 secs] 
22,051: [GC (Allocation Failure) [PSYoungGen: 86624K->96K(84992K)] 88440K->1912K(260096K), 0,0005271 secs] [Times: user=0,00 sys=0,00, real=0,00 secs] 
22,103: [GC (Allocation Failure) [PSYoungGen: 84576K->96K(101888K)] 86392K->1912K(276992K), 0,0006729 secs] [Times: user=0,00 sys=0,00, real=0,00 secs] 
22,169: [GC (Allocation Failure) [PSYoungGen: 101472K->96K(98816K)] 103288K->1912K(273920K), 0,0005295 secs] [Times: user=0,00 sys=0,00, real=0,00 secs] 
22,229: [GC (Allocation Failure) [PSYoungGen: 98400K->64K(96256K)] 100216K->1880K(271360K), 0,0005130 secs] [Times: user=0,00 sys=0,00, real=0,00 secs] 
22,292: [GC (Allocation Failure) [PSYoungGen: 95808K->64K(93696K)] 97624K->1880K(268800K), 0,0005334 secs] [Times: user=0,00 sys=0,00, real=0,00 secs] 
22,350: [GC (Allocation Failure) [PSYoungGen: 93248K->96K(91136K)] 95064K->1912K(266240K), 0,0005215 secs] [Times: user=0,00 sys=0,00, real=0,00 secs] 
22,405: [GC (Allocation Failure) [PSYoungGen: 90720K->96K(88576K)] 92536K->1912K(263680K), 0,0006459 secs] [Times: user=0,00 sys=0,00, real=0,00 secs] 
22,459: [GC (Allocation Failure) [PSYoungGen: 88160K->96K(86528K)] 89976K->1912K(261632K), 0,0005891 secs] [Times: user=0,00 sys=0,00, real=0,00 secs] 
22,512: [GC (Allocation Failure) [PSYoungGen: 86112K->96K(84480K)] 87928K->1912K(259584K), 0,0005183 secs] [Times: user=0,00 sys=0,00, real=0,00 secs] 
22,564: [GC (Allocation Failure) [PSYoungGen: 84064K->96K(82432K)] 85880K->1912K(257536K), 0,0005226 secs] [Times: user=0,00 sys=0,00, real=0,00 secs] 
22,614: [GC (Allocation Failure) [PSYoungGen: 82016K->96K(80384K)] 83832K->1912K(255488K), 0,0005200 secs] [Times: user=0,00 sys=0,00, real=0,00 secs] 
22,664: [GC (Allocation Failure) [PSYoungGen: 79968K->96K(78336K)] 81784K->1912K(253440K), 0,0005307 secs] [Times: user=0,00 sys=0,00, real=0,00 secs] 
22,711: [GC (Allocation Failure) [PSYoungGen: 77920K->96K(76288K)] 79736K->1912K(251392K), 0,0005229 secs] [Times: user=0,01 sys=0,00, real=0,00 secs] 
22,758: [GC (Allocation Failure) [PSYoungGen: 75872K->96K(74752K)] 77688K->1912K(249856K), 0,0005125 secs] [Times: user=0,00 sys=0,00, real=0,00 secs] 
22,803: [GC (Allocation Failure) [PSYoungGen: 74336K->96K(73216K)] 76152K->1912K(248320K), 0,0005318 secs] [Times: user=0,00 sys=0,00, real=0,00 secs] 
22,848: [GC (Allocation Failure) [PSYoungGen: 72800K->96K(88064K)] 74616K->1912K(263168K), 0,0005774 secs] [Times: user=0,00 sys=0,00, real=0,00 secs] 
22,902: [GC (Allocation Failure) [PSYoungGen: 87648K->96K(86016K)] 89464K->1912K(261120K), 0,0005239 secs] [Times: user=0,00 sys=0,00, real=0,00 secs] 
22,954: [GC (Allocation Failure) [PSYoungGen: 85600K->96K(83968K)] 87416K->1912K(259072K), 0,0005349 secs] [Times: user=0,00 sys=0,00, real=0,00 secs] 
23,008: [GC (Allocation Failure) [PSYoungGen: 83552K->96K(100864K)] 85368K->1912K(275968K), 0,0009557 secs] [Times: user=0,00 sys=0,00, real=0,01 secs] 
23,070: [GC (Allocation Failure) [PSYoungGen: 100448K->96K(121344K)] 102264K->1912K(296448K), 0,0005427 secs] [Times: user=0,00 sys=0,00, real=0,00 secs] 
23,144: [GC (Allocation Failure) [PSYoungGen: 120928K->96K(117760K)] 122744K->1912K(292864K), 0,0005489 secs] [Times: user=0,00 sys=0,00, real=0,00 secs] 
23,216: [GC (Allocation Failure) [PSYoungGen: 117344K->64K(114176K)] 119160K->1880K(289280K), 0,0005762 secs] [Times: user=0,00 sys=0,00, real=0,00 secs] 
23,286: [GC (Allocation Failure) [PSYoungGen: 113728K->96K(110592K)] 115544K->1912K(285696K), 0,0005254 secs] [Times: user=0,00 sys=0,00, real=0,00 secs] 
23,353: [GC (Allocation Failure) [PSYoungGen: 110176K->96K(107520K)] 111992K->1912K(282624K), 0,0005169 secs] [Times: user=0,00 sys=0,00, real=0,00 secs] 
23,419: [GC (Allocation Failure) [PSYoungGen: 107104K->64K(104448K)] 108920K->1880K(279552K), 0,0006352 secs] [Times: user=0,01 sys=0,00, real=0,01 secs] 
23,480: [GC (Allocation Failure) [PSYoungGen: 104000K->96K(101376K)] 105816K->1912K(276480K), 0,0005347 secs] [Times: user=0,00 sys=0,00, real=0,00 secs] 
23,541: [GC (Allocation Failure) [PSYoungGen: 100960K->96K(98816K)] 102776K->1912K(273920K), 0,0005231 secs] [Times: user=0,00 sys=0,00, real=0,00 secs] 
23,600: [GC (Allocation Failure) [PSYoungGen: 98400K->96K(96256K)] 100216K->1912K(271360K), 0,0005233 secs] [Times: user=0,00 sys=0,00, real=0,00 secs] 
23,658: [GC (Allocation Failure) [PSYoungGen: 95840K->96K(93696K)] 97656K->1912K(268800K), 0,0005061 secs] [Times: user=0,00 sys=0,00, real=0,00 secs] 
23,714: [GC (Allocation Failure) [PSYoungGen: 93280K->96K(91136K)] 95096K->1912K(266240K), 0,0006632 secs] [Times: user=0,00 sys=0,00, real=0,00 secs] 
23,768: [GC (Allocation Failure) [PSYoungGen: 90720K->64K(88576K)] 92536K->1880K(263680K), 0,0004975 secs] [Times: user=0,00 sys=0,00, real=0,01 secs] 
23,821: [GC (Allocation Failure) [PSYoungGen: 88128K->96K(86528K)] 89944K->1912K(261632K), 0,0005510 secs] [Times: user=0,00 sys=0,00, real=0,00 secs] 
23,872: [GC (Allocation Failure) [PSYoungGen: 86112K->96K(84480K)] 87928K->1912K(259584K), 0,0005769 secs] [Times: user=0,00 sys=0,00, real=0,00 secs] 
23,922: [GC (Allocation Failure) [PSYoungGen: 84064K->32K(82432K)] 85880K->1848K(257536K), 0,0005104 secs] [Times: user=0,00 sys=0,00, real=0,00 secs] 
23,971: [GC (Allocation Failure) [PSYoungGen: 81952K->64K(80384K)] 83768K->1880K(255488K), 0,0005190 secs] [Times: user=0,00 sys=0,00, real=0,00 secs] 
24,020: [GC (Allocation Failure) [PSYoungGen: 79936K->96K(78336K)] 81752K->1912K(253440K), 0,0005313 secs] [Times: user=0,00 sys=0,00, real=0,00 secs] 
24,067: [GC (Allocation Failure) [PSYoungGen: 77920K->96K(76288K)] 79736K->1912K(251392K), 0,0005727 secs] [Times: user=0,00 sys=0,00, real=0,00 secs] 
24,112: [GC (Allocation Failure) [PSYoungGen: 75872K->96K(74752K)] 77688K->1912K(249856K), 0,0005100 secs] [Times: user=0,00 sys=0,00, real=0,00 secs] 
24,156: [GC (Allocation Failure) [PSYoungGen: 74336K->96K(89600K)] 76152K->1912K(264704K), 0,0005318 secs] [Times: user=0,00 sys=0,00, real=0,00 secs] 
24,209: [GC (Allocation Failure) [PSYoungGen: 89184K->96K(107520K)] 91000K->1912K(282624K), 0,0006201 secs] [Times: user=0,00 sys=0,00, real=0,00 secs] 
24,273: [GC (Allocation Failure) [PSYoungGen: 107104K->64K(104448K)] 108920K->1880K(279552K), 0,0005306 secs] [Times: user=0,00 sys=0,00, real=0,00 secs] 
24,335: [GC (Allocation Failure) [PSYoungGen: 104000K->96K(101376K)] 105816K->1912K(276480K), 0,0006036 secs] [Times: user=0,00 sys=0,00, real=0,00 secs] 
24,395: [GC (Allocation Failure) [PSYoungGen: 100960K->96K(98816K)] 102776K->1912K(273920K), 0,0005012 secs] [Times: user=0,00 sys=0,00, real=0,00 secs] 
24,453: [GC (Allocation Failure) [PSYoungGen: 98400K->96K(96256K)] 100216K->1912K(271360K), 0,0005370 secs] [Times: user=0,01 sys=0,00, real=0,00 secs] 
24,511: [GC (Allocation Failure) [PSYoungGen: 95840K->96K(93696K)] 97656K->1912K(268800K), 0,0008052 secs] [Times: user=0,00 sys=0,00, real=0,00 secs] 
24,571: [GC (Allocation Failure) [PSYoungGen: 93280K->64K(91136K)] 95096K->1880K(266240K), 0,0005316 secs] [Times: user=0,00 sys=0,00, real=0,00 secs] 
24,626: [GC (Allocation Failure) [PSYoungGen: 90688K->96K(88576K)] 92504K->1912K(263680K), 0,0005063 secs] [Times: user=0,00 sys=0,00, real=0,00 secs] 
24,678: [GC (Allocation Failure) [PSYoungGen: 88160K->96K(86528K)] 89976K->1912K(261632K), 0,0005112 secs] [Times: user=0,00 sys=0,00, real=0,01 secs] 
24,730: [GC (Allocation Failure) [PSYoungGen: 86112K->96K(84480K)] 87928K->1912K(259584K), 0,0005440 secs] [Times: user=0,00 sys=0,00, real=0,00 secs] 
24,780: [GC (Allocation Failure) [PSYoungGen: 84064K->96K(82432K)] 85880K->1912K(257536K), 0,0004982 secs] [Times: user=0,00 sys=0,00, real=0,00 secs] 
24,829: [GC (Allocation Failure) [PSYoungGen: 82016K->96K(80384K)] 83832K->1912K(255488K), 0,0005355 secs] [Times: user=0,00 sys=0,00, real=0,00 secs] 
24,877: [GC (Allocation Failure) [PSYoungGen: 79968K->96K(78336K)] 81784K->1912K(253440K), 0,0005096 secs] [Times: user=0,00 sys=0,00, real=0,00 secs] 
24,923: [GC (Allocation Failure) [PSYoungGen: 77920K->96K(76288K)] 79736K->1912K(251392K), 0,0005004 secs] [Times: user=0,00 sys=0,00, real=0,00 secs] 
24,968: [GC (Allocation Failure) [PSYoungGen: 75872K->96K(74752K)] 77688K->1912K(249856K), 0,0004966 secs] [Times: user=0,00 sys=0,00, real=0,00 secs] 
25,015: [GC (Allocation Failure) [PSYoungGen: 74336K->64K(89600K)] 76152K->1880K(264704K), 0,0011305 secs] [Times: user=0,00 sys=0,00, real=0,00 secs] 
25,086: [GC (Allocation Failure) [PSYoungGen: 89152K->96K(107520K)] 90968K->1912K(282624K), 0,0012272 secs] [Times: user=0,00 sys=0,00, real=0,00 secs] 
25,151: [GC (Allocation Failure) [PSYoungGen: 107103K->64K(129024K)] 108920K->1880K(304128K), 0,0005110 secs] [Times: user=0,01 sys=0,00, real=0,00 secs] 
25,227: [GC (Allocation Failure) [PSYoungGen: 128576K->64K(124928K)] 130392K->1880K(300032K), 0,0007174 secs] [Times: user=0,00 sys=0,00, real=0,00 secs] 
25,302: [GC (Allocation Failure) [PSYoungGen: 124480K->96K(121344K)] 126296K->1912K(296448K), 0,0005223 secs] [Times: user=0,00 sys=0,00, real=0,00 secs] 
25,376: [GC (Allocation Failure) [PSYoungGen: 120928K->96K(117760K)] 122744K->1912K(292864K), 0,0005680 secs] [Times: user=0,00 sys=0,00, real=0,00 secs] 
25,446: [GC (Allocation Failure) [PSYoungGen: 117344K->96K(114176K)] 119160K->1912K(289280K), 0,0005423 secs] [Times: user=0,00 sys=0,00, real=0,00 secs] 
25,515: [GC (Allocation Failure) [PSYoungGen: 113760K->96K(110592K)] 115576K->1912K(285696K), 0,0005095 secs] [Times: user=0,00 sys=0,00, real=0,00 secs] 
25,583: [GC (Allocation Failure) [PSYoungGen: 110176K->64K(107520K)] 111992K->1880K(282624K), 0,0005637 secs] [Times: user=0,00 sys=0,00, real=0,00 secs] 
25,648: [GC (Allocation Failure) [PSYoungGen: 107072K->96K(104448K)] 108888K->1912K(279552K), 0,0005192 secs] [Times: user=0,00 sys=0,00, real=0,00 secs] 
25,710: [GC (Allocation Failure) [PSYoungGen: 104032K->96K(101376K)] 105848K->1912K(276480K), 0,0005049 secs] [Times: user=0,00 sys=0,00, real=0,00 secs] 
25,771: [GC (Allocation Failure) [PSYoungGen: 100960K->64K(98816K)] 102776K->1880K(273920K), 0,0005703 secs] [Times: user=0,00 sys=0,00, real=0,00 secs] 
25,830: [GC (Allocation Failure) [PSYoungGen: 98368K->96K(96256K)] 100184K->1912K(271360K), 0,0006820 secs] [Times: user=0,00 sys=0,00, real=0,00 secs] 
25,888: [GC (Allocation Failure) [PSYoungGen: 95840K->96K(93696K)] 97656K->1912K(268800K), 0,0005281 secs] [Times: user=0,00 sys=0,00, real=0,00 secs] 
25,945: [GC (Allocation Failure) [PSYoungGen: 93280K->96K(91136K)] 95096K->1912K(266240K), 0,0005827 secs] [Times: user=0,00 sys=0,00, real=0,00 secs] 
26,000: [GC (Allocation Failure) [PSYoungGen: 90720K->96K(88576K)] 92536K->1912K(263680K), 0,0007313 secs] [Times: user=0,00 sys=0,00, real=0,00 secs] 
26,053: [GC (Allocation Failure) [PSYoungGen: 88159K->96K(86528K)] 89976K->1912K(261632K), 0,0005216 secs] [Times: user=0,00 sys=0,00, real=0,00 secs] 
26,105: [GC (Allocation Failure) [PSYoungGen: 86112K->96K(84480K)] 87928K->1912K(259584K), 0,0005753 secs] [Times: user=0,00 sys=0,00, real=0,00 secs] 
26,155: [GC (Allocation Failure) [PSYoungGen: 84064K->96K(82432K)] 85880K->1912K(257536K), 0,0005438 secs] [Times: user=0,00 sys=0,00, real=0,00 secs] 
26,204: [GC (Allocation Failure) [PSYoungGen: 82016K->96K(80384K)] 83832K->1912K(255488K), 0,0005609 secs] [Times: user=0,00 sys=0,00, real=0,00 secs] 
26,252: [GC (Allocation Failure) [PSYoungGen: 79968K->96K(78336K)] 81784K->1912K(253440K), 0,0005159 secs] [Times: user=0,00 sys=0,00, real=0,00 secs] 
26,298: [GC (Allocation Failure) [PSYoungGen: 77920K->96K(94208K)] 79736K->1912K(269312K), 0,0006119 secs] [Times: user=0,00 sys=0,00, real=0,01 secs] 
26,354: [GC (Allocation Failure) [PSYoungGen: 93792K->96K(91648K)] 95608K->1912K(266752K), 0,0005049 secs] [Times: user=0,00 sys=0,00, real=0,00 secs] 
26,409: [GC (Allocation Failure) [PSYoungGen: 91232K->96K(89088K)] 93048K->1912K(264192K), 0,0005517 secs] [Times: user=0,00 sys=0,00, real=0,01 secs] 
26,461: [GC (Allocation Failure) [PSYoungGen: 88672K->32K(87040K)] 90488K->1848K(262144K), 0,0005672 secs] [Times: user=0,00 sys=0,00, real=0,00 secs] 
26,513: [GC (Allocation Failure) [PSYoungGen: 86560K->96K(84992K)] 88376K->1912K(260096K), 0,0005085 secs] [Times: user=0,00 sys=0,00, real=0,00 secs] 
26,566: [GC (Allocation Failure) [PSYoungGen: 84576K->64K(82944K)] 86392K->1880K(258048K), 0,0005127 secs] [Times: user=0,00 sys=0,01, real=0,00 secs] 
26,617: [GC (Allocation Failure) [PSYoungGen: 82496K->64K(80896K)] 84312K->1880K(256000K), 0,0005735 secs] [Times: user=0,00 sys=0,00, real=0,00 secs] 
26,667: [GC (Allocation Failure) [PSYoungGen: 80448K->96K(78848K)] 82264K->1912K(253952K), 0,0005637 secs] [Times: user=0,00 sys=0,00, real=0,00 secs] 
26,715: [GC (Allocation Failure) [PSYoungGen: 78432K->96K(76800K)] 80248K->1912K(251904K), 0,0005239 secs] [Times: user=0,00 sys=0,00, real=0,00 secs] 
26,762: [GC (Allocation Failure) [PSYoungGen: 76384K->96K(74752K)] 78200K->1912K(249856K), 0,0005162 secs] [Times: user=0,00 sys=0,00, real=0,00 secs] 
26,808: [GC (Allocation Failure) [PSYoungGen: 74336K->64K(89600K)] 76152K->1880K(264704K), 0,0005964 secs] [Times: user=0,01 sys=0,00, real=0,00 secs] 
26,862: [GC (Allocation Failure) [PSYoungGen: 89152K->96K(87040K)] 90968K->1912K(262144K), 0,0005415 secs] [Times: user=0,00 sys=0,00, real=0,00 secs] 
26,915: [GC (Allocation Failure) [PSYoungGen: 86624K->96K(104448K)] 88440K->1912K(279552K), 0,0009863 secs] [Times: user=0,00 sys=0,00, real=0,00 secs] 
26,980: [GC (Allocation Failure) [PSYoungGen: 104032K->96K(125440K)] 105848K->1912K(300544K), 0,0005250 secs] [Times: user=0,00 sys=0,00, real=0,00 secs] 
27,058: [GC (Allocation Failure) [PSYoungGen: 125024K->96K(121344K)] 126840K->1912K(296448K), 0,0006307 secs] [Times: user=0,00 sys=0,00, real=0,01 secs] 
27,132: [GC (Allocation Failure) [PSYoungGen: 120928K->96K(117760K)] 122744K->1912K(292864K), 0,0005639 secs] [Times: user=0,00 sys=0,00, real=0,00 secs] 
27,204: [GC (Allocation Failure) [PSYoungGen: 117344K->96K(114176K)] 119160K->1912K(289280K), 0,0005648 secs] [Times: user=0,00 sys=0,00, real=0,00 secs] 
27,273: [GC (Allocation Failure) [PSYoungGen: 113760K->96K(110592K)] 115576K->1912K(285696K), 0,0005185 secs] [Times: user=0,00 sys=0,00, real=0,00 secs] 
27,341: [GC (Allocation Failure) [PSYoungGen: 110176K->64K(107520K)] 111992K->1880K(282624K), 0,0005463 secs] [Times: user=0,00 sys=0,00, real=0,00 secs] 
27,409: [GC (Allocation Failure) [PSYoungGen: 107072K->96K(104448K)] 108888K->1912K(279552K), 0,0006718 secs] [Times: user=0,00 sys=0,00, real=0,00 secs] 
27,473: [GC (Allocation Failure) [PSYoungGen: 104032K->96K(101376K)] 105848K->1912K(276480K), 0,0005468 secs] [Times: user=0,00 sys=0,00, real=0,00 secs] 
27,535: [GC (Allocation Failure) [PSYoungGen: 100960K->96K(98816K)] 102776K->1912K(273920K), 0,0005472 secs] [Times: user=0,01 sys=0,00, real=0,00 secs] 
27,596: [GC (Allocation Failure) [PSYoungGen: 98400K->64K(96256K)] 100216K->1880K(271360K), 0,0009217 secs] [Times: user=0,00 sys=0,00, real=0,00 secs] 
27,655: [GC (Allocation Failure) [PSYoungGen: 95808K->96K(93696K)] 97624K->1912K(268800K), 0,0005264 secs] [Times: user=0,00 sys=0,00, real=0,00 secs] 
27,713: [GC (Allocation Failure) [PSYoungGen: 93280K->64K(91136K)] 95096K->1880K(266240K), 0,0005710 secs] [Times: user=0,00 sys=0,00, real=0,00 secs] 
27,768: [GC (Allocation Failure) [PSYoungGen: 90688K->96K(88576K)] 92504K->1912K(263680K), 0,0007042 secs] [Times: user=0,00 sys=0,00, real=0,01 secs] 
27,823: [GC (Allocation Failure) [PSYoungGen: 88160K->96K(86528K)] 89976K->1912K(261632K), 0,0005329 secs] [Times: user=0,00 sys=0,00, real=0,00 secs] 
27,876: [GC (Allocation Failure) [PSYoungGen: 86112K->96K(84480K)] 87928K->1912K(259584K), 0,0005265 secs] [Times: user=0,00 sys=0,00, real=0,00 secs] 
27,928: [GC (Allocation Failure) [PSYoungGen: 84064K->96K(82432K)] 85880K->1912K(257536K), 0,0005148 secs] [Times: user=0,00 sys=0,00, real=0,00 secs] 
27,978: [GC (Allocation Failure) [PSYoungGen: 82016K->96K(80384K)] 83832K->1912K(255488K), 0,0005662 secs] [Times: user=0,00 sys=0,00, real=0,01 secs] 
28,029: [GC (Allocation Failure) [PSYoungGen: 79968K->96K(78336K)] 81784K->1912K(253440K), 0,0005277 secs] [Times: user=0,00 sys=0,00, real=0,00 secs] 
28,077: [GC (Allocation Failure) [PSYoungGen: 77920K->96K(76288K)] 79736K->1912K(251392K), 0,0005209 secs] [Times: user=0,00 sys=0,00, real=0,00 secs] 
28,124: [GC (Allocation Failure) [PSYoungGen: 75872K->96K(74752K)] 77688K->1912K(249856K), 0,0005162 secs] [Times: user=0,00 sys=0,00, real=0,00 secs] 
28,170: [GC (Allocation Failure) [PSYoungGen: 74336K->32K(73216K)] 76152K->1848K(248320K), 0,0005191 secs] [Times: user=0,00 sys=0,00, real=0,00 secs] 
28,214: [GC (Allocation Failure) [PSYoungGen: 72736K->96K(71680K)] 74552K->1912K(246784K), 0,0005193 secs] [Times: user=0,00 sys=0,00, real=0,00 secs] 
28,258: [GC (Allocation Failure) [PSYoungGen: 71264K->96K(86016K)] 73080K->1912K(261120K), 0,0005731 secs] [Times: user=0,00 sys=0,00, real=0,00 secs] 
28,311: [GC (Allocation Failure) [PSYoungGen: 85600K->64K(103424K)] 87416K->1880K(278528K), 0,0005480 secs] [Times: user=0,01 sys=0,00, real=0,00 secs] 
28,374: [GC (Allocation Failure) [PSYoungGen: 102976K->64K(100352K)] 104792K->1880K(275456K), 0,0005841 secs] [Times: user=0,00 sys=0,00, real=0,00 secs] 
28,436: [GC (Allocation Failure) [PSYoungGen: 99904K->64K(97792K)] 101720K->1880K(272896K), 0,0005334 secs] [Times: user=0,00 sys=0,00, real=0,00 secs] 
28,497: [GC (Allocation Failure) [PSYoungGen: 97344K->64K(117248K)] 99160K->1880K(292352K), 0,0010703 secs] [Times: user=0,00 sys=0,00, real=0,00 secs] 
28,569: [GC (Allocation Failure) [PSYoungGen: 116800K->96K(113664K)] 118616K->1912K(288768K), 0,0005288 secs] [Times: user=0,01 sys=0,00, real=0,00 secs] 
28,640: [GC (Allocation Failure) [PSYoungGen: 113248K->96K(110592K)] 115064K->1912K(285696K), 0,0005586 secs] [Times: user=0,01 sys=0,01, real=0,00 secs] 
28,707: [GC (Allocation Failure) [PSYoungGen: 110176K->96K(107520K)] 111992K->1912K(282624K), 0,0005231 secs] [Times: user=0,00 sys=0,00, real=0,00 secs] 
28,772: [GC (Allocation Failure) [PSYoungGen: 107104K->96K(104448K)] 108920K->1912K(279552K), 0,0005227 secs] [Times: user=0,00 sys=0,00, real=0,00 secs] 
28,835: [GC (Allocation Failure) [PSYoungGen: 104032K->96K(101376K)] 105848K->1912K(276480K), 0,0005404 secs] [Times: user=0,00 sys=0,00, real=0,00 secs] 
28,897: [GC (Allocation Failure) [PSYoungGen: 100960K->96K(98816K)] 102776K->1912K(273920K), 0,0005066 secs] [Times: user=0,00 sys=0,00, real=0,00 secs] 
28,957: [GC (Allocation Failure) [PSYoungGen: 98400K->96K(96256K)] 100216K->1912K(271360K), 0,0005215 secs] [Times: user=0,01 sys=0,00, real=0,00 secs] 
29,017: [GC (Allocation Failure) [PSYoungGen: 95840K->96K(93696K)] 97656K->1912K(268800K), 0,0005928 secs] [Times: user=0,01 sys=0,00, real=0,00 secs] 
29,074: [GC (Allocation Failure) [PSYoungGen: 93280K->64K(91136K)] 95096K->1880K(266240K), 0,0007963 secs] [Times: user=0,00 sys=0,00, real=0,00 secs] 
29,130: [GC (Allocation Failure) [PSYoungGen: 90688K->64K(88576K)] 92504K->1880K(263680K), 0,0005415 secs] [Times: user=0,00 sys=0,00, real=0,00 secs] 
29,184: [GC (Allocation Failure) [PSYoungGen: 88128K->96K(86528K)] 89944K->1912K(261632K), 0,0005637 secs] [Times: user=0,00 sys=0,00, real=0,00 secs] 
29,237: [GC (Allocation Failure) [PSYoungGen: 86112K->96K(84480K)] 87928K->1912K(259584K), 0,0005142 secs] [Times: user=0,00 sys=0,00, real=0,00 secs] 
29,288: [GC (Allocation Failure) [PSYoungGen: 84064K->96K(82432K)] 85880K->1912K(257536K), 0,0005669 secs] [Times: user=0,00 sys=0,00, real=0,01 secs] 
29,338: [GC (Allocation Failure) [PSYoungGen: 82016K->96K(80384K)] 83832K->1912K(255488K), 0,0005451 secs] [Times: user=0,00 sys=0,00, real=0,01 secs] 
29,387: [GC (Allocation Failure) [PSYoungGen: 79968K->96K(78336K)] 81784K->1912K(253440K), 0,0005358 secs] [Times: user=0,00 sys=0,00, real=0,00 secs] 
29,435: [GC (Allocation Failure) [PSYoungGen: 77920K->96K(76288K)] 79736K->1912K(251392K), 0,0005452 secs] [Times: user=0,01 sys=0,00, real=0,00 secs] 
29,481: [GC (Allocation Failure) [PSYoungGen: 75872K->96K(91648K)] 77688K->1912K(266752K), 0,0006016 secs] [Times: user=0,00 sys=0,00, real=0,00 secs] 
29,538: [GC (Allocation Failure) [PSYoungGen: 91232K->96K(89088K)] 93048K->1912K(264192K), 0,0005223 secs] [Times: user=0,00 sys=0,00, real=0,00 secs] 
29,593: [GC (Allocation Failure) [PSYoungGen: 88672K->96K(87040K)] 90488K->1912K(262144K), 0,0005373 secs] [Times: user=0,00 sys=0,00, real=0,00 secs] 
29,646: [GC (Allocation Failure) [PSYoungGen: 86624K->96K(84992K)] 88440K->1912K(260096K), 0,0005204 secs] [Times: user=0,00 sys=0,00, real=0,00 secs] 
29,698: [GC (Allocation Failure) [PSYoungGen: 84576K->96K(82944K)] 86392K->1912K(258048K), 0,0005212 secs] [Times: user=0,00 sys=0,00, real=0,00 secs] 
29,748: [GC (Allocation Failure) [PSYoungGen: 82528K->96K(80896K)] 84344K->1912K(256000K), 0,0005570 secs] [Times: user=0,00 sys=0,00, real=0,00 secs] 
29,797: [GC (Allocation Failure) [PSYoungGen: 80480K->96K(97280K)] 82296K->1912K(272384K), 0,0009207 secs] [Times: user=0,00 sys=0,00, real=0,00 secs] 
29,857: [GC (Allocation Failure) [PSYoungGen: 96864K->96K(116736K)] 98680K->1912K(291840K), 0,0005283 secs] [Times: user=0,00 sys=0,00, real=0,00 secs] 
29,928: [GC (Allocation Failure) [PSYoungGen: 116320K->96K(113152K)] 118136K->1912K(288256K), 0,0005631 secs] [Times: user=0,00 sys=0,00, real=0,00 secs] 
29,997: [GC (Allocation Failure) [PSYoungGen: 112736K->96K(110080K)] 114552K->1912K(285184K), 0,0005542 secs] [Times: user=0,00 sys=0,00, real=0,00 secs] 
30,066: [GC (Allocation Failure) [PSYoungGen: 109663K->96K(107008K)] 111480K->1912K(282112K), 0,0005355 secs] [Times: user=0,00 sys=0,00, real=0,00 secs] 
30,133: [GC (Allocation Failure) [PSYoungGen: 106592K->96K(103936K)] 108408K->1912K(279040K), 0,0005146 secs] [Times: user=0,00 sys=0,00, real=0,00 secs] 
30,197: [GC (Allocation Failure) [PSYoungGen: 103520K->96K(100864K)] 105336K->1912K(275968K), 0,0005639 secs] [Times: user=0,00 sys=0,00, real=0,00 secs] 
30,259: [GC (Allocation Failure) [PSYoungGen: 100448K->96K(98304K)] 102264K->1912K(273408K), 0,0005209 secs] [Times: user=0,00 sys=0,00, real=0,00 secs] 
30,321: [GC (Allocation Failure) [PSYoungGen: 97888K->96K(95744K)] 99704K->1912K(270848K), 0,0005316 secs] [Times: user=0,00 sys=0,00, real=0,00 secs] 
30,380: [GC (Allocation Failure) [PSYoungGen: 95328K->96K(93184K)] 97144K->1936K(268288K), 0,0005329 secs] [Times: user=0,00 sys=0,00, real=0,00 secs] 
30,438: [GC (Allocation Failure) [PSYoungGen: 92768K->64K(90624K)] 94608K->1904K(265728K), 0,0005573 secs] [Times: user=0,00 sys=0,00, real=0,00 secs] 
30,494: [GC (Allocation Failure) [PSYoungGen: 90176K->96K(88064K)] 92016K->1936K(263168K), 0,0005280 secs] [Times: user=0,00 sys=0,00, real=0,00 secs] 
30,549: [GC (Allocation Failure) [PSYoungGen: 87648K->64K(86016K)] 89488K->1904K(261120K), 0,0005521 secs] [Times: user=0,00 sys=0,00, real=0,00 secs] 
30,604: [GC (Allocation Failure) [PSYoungGen: 85568K->32K(83968K)] 87408K->1872K(259072K), 0,0006076 secs] [Times: user=0,01 sys=0,00, real=0,00 secs] 
30,657: [GC (Allocation Failure) [PSYoungGen: 83488K->64K(81920K)] 85328K->1904K(257024K), 0,0007348 secs] [Times: user=0,00 sys=0,00, real=0,00 secs] 
30,708: [GC (Allocation Failure) [PSYoungGen: 81472K->96K(79872K)] 83312K->1936K(254976K), 0,0005275 secs] [Times: user=0,00 sys=0,00, real=0,00 secs] 
30,758: [GC (Allocation Failure) [PSYoungGen: 79456K->64K(77824K)] 81296K->1904K(252928K), 0,0005953 secs] [Times: user=0,00 sys=0,00, real=0,00 secs] 
30,806: [GC (Allocation Failure) [PSYoungGen: 77376K->96K(75776K)] 79216K->1936K(250880K), 0,0005122 secs] [Times: user=0,00 sys=0,00, real=0,00 secs] 
30,852: [GC (Allocation Failure) [PSYoungGen: 75360K->64K(91136K)] 77200K->1904K(266240K), 0,0005458 secs] [Times: user=0,00 sys=0,00, real=0,00 secs] 
30,908: [GC (Allocation Failure) [PSYoungGen: 90688K->64K(88576K)] 92528K->1904K(263680K), 0,0005370 secs] [Times: user=0,00 sys=0,00, real=0,00 secs] 
30,962: [GC (Allocation Failure) [PSYoungGen: 88128K->96K(86528K)] 89968K->1936K(261632K), 0,0005247 secs] [Times: user=0,00 sys=0,00, real=0,00 secs] 
31,016: [GC (Allocation Failure) [PSYoungGen: 86112K->96K(84480K)] 87952K->1936K(259584K), 0,0005511 secs] [Times: user=0,00 sys=0,00, real=0,00 secs] 
31,068: [GC (Allocation Failure) [PSYoungGen: 84064K->96K(82432K)] 85904K->1936K(257536K), 0,0005354 secs] [Times: user=0,00 sys=0,00, real=0,01 secs] 
31,119: [GC (Allocation Failure) [PSYoungGen: 82016K->32K(80384K)] 83856K->1872K(255488K), 0,0005121 secs] [Times: user=0,00 sys=0,00, real=0,00 secs] 
31,168: [GC (Allocation Failure) [PSYoungGen: 79904K->96K(78336K)] 81744K->1936K(253440K), 0,0005415 secs] [Times: user=0,00 sys=0,00, real=0,00 secs] 
31,216: [GC (Allocation Failure) [PSYoungGen: 77920K->64K(76288K)] 79760K->1904K(251392K), 0,0005955 secs] [Times: user=0,00 sys=0,00, real=0,00 secs] 
31,262: [GC (Allocation Failure) [PSYoungGen: 75840K->96K(74752K)] 77680K->1936K(249856K), 0,0005139 secs] [Times: user=0,01 sys=0,00, real=0,00 secs] 
31,308: [GC (Allocation Failure) [PSYoungGen: 74336K->96K(73216K)] 76176K->1936K(248320K), 0,0005165 secs] [Times: user=0,00 sys=0,00, real=0,01 secs] 
31,353: [GC (Allocation Failure) [PSYoungGen: 72800K->96K(88064K)] 74640K->1936K(263168K), 0,0005168 secs] [Times: user=0,00 sys=0,00, real=0,00 secs] 
31,407: [GC (Allocation Failure) [PSYoungGen: 87648K->96K(86016K)] 89488K->1936K(261120K), 0,0005640 secs] [Times: user=0,00 sys=0,00, real=0,00 secs] 
31,463: [GC (Allocation Failure) [PSYoungGen: 85600K->96K(83968K)] 87440K->1936K(259072K), 0,0005187 secs] [Times: user=0,00 sys=0,00, real=0,00 secs] 
31,514: [GC (Allocation Failure) [PSYoungGen: 83552K->96K(81920K)] 85392K->1936K(257024K), 0,0005106 secs] [Times: user=0,00 sys=0,00, real=0,00 secs] 
31,564: [GC (Allocation Failure) [PSYoungGen: 81504K->96K(79872K)] 83344K->1936K(254976K), 0,0005753 secs] [Times: user=0,00 sys=0,00, real=0,00 secs] 
31,613: [GC (Allocation Failure) [PSYoungGen: 79456K->96K(77824K)] 81296K->1936K(252928K), 0,0005270 secs] [Times: user=0,00 sys=0,00, real=0,00 secs] 
31,661: [GC (Allocation Failure) [PSYoungGen: 77408K->64K(75776K)] 79248K->1904K(250880K), 0,0005116 secs] [Times: user=0,00 sys=0,00, real=0,00 secs] 
31,707: [GC (Allocation Failure) [PSYoungGen: 75328K->96K(74240K)] 77168K->1936K(249344K), 0,0005124 secs] [Times: user=0,00 sys=0,00, real=0,00 secs] 
31,752: [GC (Allocation Failure) [PSYoungGen: 73823K->96K(72704K)] 75664K->1936K(247808K), 0,0005208 secs] [Times: user=0,00 sys=0,00, real=0,00 secs] 
31,797: [GC (Allocation Failure) [PSYoungGen: 72288K->64K(87552K)] 74128K->1904K(262656K), 0,0006379 secs] [Times: user=0,00 sys=0,00, real=0,00 secs] 
31,849: [GC (Allocation Failure) [PSYoungGen: 87104K->96K(104960K)] 88944K->1936K(280064K), 0,0005028 secs] [Times: user=0,01 sys=0,00, real=0,01 secs] 
31,911: [GC (Allocation Failure) [PSYoungGen: 104544K->96K(101888K)] 106384K->1936K(276992K), 0,0005125 secs] [Times: user=0,00 sys=0,00, real=0,00 secs] 
31,971: [GC (Allocation Failure) [PSYoungGen: 101472K->96K(98816K)] 103312K->1936K(273920K), 0,0005485 secs] [Times: user=0,00 sys=0,00, real=0,00 secs] 
32,031: [GC (Allocation Failure) [PSYoungGen: 98400K->96K(96256K)] 100240K->1936K(271360K), 0,0005180 secs] [Times: user=0,00 sys=0,00, real=0,00 secs] 
32,088: [GC (Allocation Failure) [PSYoungGen: 95840K->64K(93696K)] 97680K->1904K(268800K), 0,0004998 secs] [Times: user=0,01 sys=0,00, real=0,00 secs] 
32,143: [GC (Allocation Failure) [PSYoungGen: 93248K->96K(91136K)] 95088K->1936K(266240K), 0,0006098 secs] [Times: user=0,00 sys=0,00, real=0,00 secs] 
32,198: [GC (Allocation Failure) [PSYoungGen: 90720K->96K(88576K)] 92560K->1936K(263680K), 0,0004988 secs] [Times: user=0,01 sys=0,00, real=0,00 secs] 
32,250: [GC (Allocation Failure) [PSYoungGen: 88160K->64K(86528K)] 90000K->1904K(261632K), 0,0005074 secs] [Times: user=0,00 sys=0,00, real=0,00 secs] 
32,302: [GC (Allocation Failure) [PSYoungGen: 86080K->96K(84480K)] 87920K->1936K(259584K), 0,0004994 secs] [Times: user=0,00 sys=0,00, real=0,00 secs] 
32,352: [GC (Allocation Failure) [PSYoungGen: 84064K->96K(82432K)] 85904K->1936K(257536K), 0,0005101 secs] [Times: user=0,00 sys=0,00, real=0,00 secs] 
32,401: [GC (Allocation Failure) [PSYoungGen: 82016K->96K(80384K)] 83856K->1936K(255488K), 0,0005867 secs] [Times: user=0,00 sys=0,00, real=0,00 secs] 
32,449: [GC (Allocation Failure) [PSYoungGen: 79968K->64K(78336K)] 81808K->1904K(253440K), 0,0005253 secs] [Times: user=0,00 sys=0,00, real=0,01 secs] 
32,495: [GC (Allocation Failure) [PSYoungGen: 77888K->96K(76288K)] 79728K->1936K(251392K), 0,0005173 secs] [Times: user=0,00 sys=0,00, real=0,00 secs] 
32,541: [GC (Allocation Failure) [PSYoungGen: 75872K->64K(74752K)] 77712K->1904K(249856K), 0,0005617 secs] [Times: user=0,00 sys=0,00, real=0,00 secs] 
32,585: [GC (Allocation Failure) [PSYoungGen: 74304K->96K(89600K)] 76144K->1936K(264704K), 0,0005931 secs] [Times: user=0,01 sys=0,00, real=0,00 secs] 
32,639: [GC (Allocation Failure) [PSYoungGen: 89184K->96K(107520K)] 91024K->1936K(282624K), 0,0005149 secs] [Times: user=0,00 sys=0,00, real=0,00 secs] 
32,703: [GC (Allocation Failure) [PSYoungGen: 107104K->96K(104448K)] 108944K->1936K(279552K), 0,0005112 secs] [Times: user=0,00 sys=0,00, real=0,00 secs] 
32,764: [GC (Allocation Failure) [PSYoungGen: 104032K->96K(101376K)] 105872K->1936K(276480K), 0,0005147 secs] [Times: user=0,01 sys=0,00, real=0,00 secs] 
32,824: [GC (Allocation Failure) [PSYoungGen: 100960K->96K(98816K)] 102800K->1936K(273920K), 0,0005465 secs] [Times: user=0,01 sys=0,00, real=0,00 secs] 
32,883: [GC (Allocation Failure) [PSYoungGen: 98400K->64K(96256K)] 100240K->1904K(271360K), 0,0007448 secs] [Times: user=0,01 sys=0,00, real=0,00 secs] 
32,940: [GC (Allocation Failure) [PSYoungGen: 95808K->96K(93696K)] 97648K->1936K(268800K), 0,0005156 secs] [Times: user=0,00 sys=0,00, real=0,00 secs] 
32,995: [GC (Allocation Failure) [PSYoungGen: 93280K->96K(91136K)] 95120K->1936K(266240K), 0,0005438 secs] [Times: user=0,00 sys=0,00, real=0,00 secs] 
33,051: [GC (Allocation Failure) [PSYoungGen: 90720K->96K(88576K)] 92560K->1936K(263680K), 0,0005401 secs] [Times: user=0,00 sys=0,00, real=0,00 secs] 
33,103: [GC (Allocation Failure) [PSYoungGen: 88160K->96K(86528K)] 90000K->1936K(261632K), 0,0005134 secs] [Times: user=0,00 sys=0,00, real=0,00 secs] 
33,155: [GC (Allocation Failure) [PSYoungGen: 86112K->96K(84480K)] 87952K->1936K(259584K), 0,0005002 secs] [Times: user=0,00 sys=0,00, real=0,00 secs] 
33,206: [GC (Allocation Failure) [PSYoungGen: 84064K->96K(82432K)] 85904K->1936K(257536K), 0,0005251 secs] [Times: user=0,00 sys=0,00, real=0,00 secs] 
33,255: [GC (Allocation Failure) [PSYoungGen: 82016K->96K(98816K)] 83856K->1936K(273920K), 0,0007632 secs] [Times: user=0,00 sys=0,00, real=0,00 secs] 
33,314: [GC (Allocation Failure) [PSYoungGen: 98400K->96K(96256K)] 100240K->1936K(271360K), 0,0005368 secs] [Times: user=0,00 sys=0,00, real=0,00 secs] 
33,371: [GC (Allocation Failure) [PSYoungGen: 95840K->96K(93696K)] 97680K->1936K(268800K), 0,0005012 secs] [Times: user=0,01 sys=0,00, real=0,00 secs] 
33,426: [GC (Allocation Failure) [PSYoungGen: 93280K->96K(91136K)] 95120K->1936K(266240K), 0,0005085 secs] [Times: user=0,00 sys=0,00, real=0,00 secs] 
33,480: [GC (Allocation Failure) [PSYoungGen: 90720K->96K(88576K)] 92560K->1936K(263680K), 0,0005143 secs] [Times: user=0,01 sys=0,00, real=0,00 secs] 
33,532: [GC (Allocation Failure) [PSYoungGen: 88160K->96K(86528K)] 90000K->1936K(261632K), 0,0005257 secs] [Times: user=0,00 sys=0,00, real=0,00 secs] 
33,583: [GC (Allocation Failure) [PSYoungGen: 86112K->96K(84480K)] 87952K->1936K(259584K), 0,0006157 secs] [Times: user=0,00 sys=0,00, real=0,00 secs] 
33,634: [GC (Allocation Failure) [PSYoungGen: 84064K->64K(101376K)] 85904K->1904K(276480K), 0,0006901 secs] [Times: user=0,00 sys=0,00, real=0,00 secs] 
33,694: [GC (Allocation Failure) [PSYoungGen: 100928K->96K(98816K)] 102768K->1936K(273920K), 0,0005126 secs] [Times: user=0,00 sys=0,00, real=0,00 secs] 
33,753: [GC (Allocation Failure) [PSYoungGen: 98400K->64K(96256K)] 100240K->1904K(271360K), 0,0005483 secs] [Times: user=0,00 sys=0,00, real=0,00 secs] 
33,810: [GC (Allocation Failure) [PSYoungGen: 95808K->96K(93696K)] 97648K->1936K(268800K), 0,0005462 secs] [Times: user=0,00 sys=0,00, real=0,00 secs] 
33,866: [GC (Allocation Failure) [PSYoungGen: 93280K->64K(91136K)] 95120K->1904K(266240K), 0,0005207 secs] [Times: user=0,00 sys=0,00, real=0,00 secs] 
33,921: [GC (Allocation Failure) [PSYoungGen: 90688K->96K(88576K)] 92528K->1936K(263680K), 0,0005810 secs] [Times: user=0,00 sys=0,00, real=0,00 secs] 
33,974: [GC (Allocation Failure) [PSYoungGen: 88160K->96K(86528K)] 90000K->1936K(261632K), 0,0005076 secs] [Times: user=0,00 sys=0,00, real=0,00 secs] 
34,028: [GC (Allocation Failure) [PSYoungGen: 86112K->96K(84480K)] 87952K->1936K(259584K), 0,0005111 secs] [Times: user=0,00 sys=0,00, real=0,00 secs] 
34,079: [GC (Allocation Failure) [PSYoungGen: 84064K->96K(82432K)] 85904K->1936K(257536K), 0,0005688 secs] [Times: user=0,00 sys=0,00, real=0,00 secs] 
34,129: [GC (Allocation Failure) [PSYoungGen: 82016K->96K(80384K)] 83856K->1936K(255488K), 0,0005083 secs] [Times: user=0,00 sys=0,00, real=0,00 secs] 
34,178: [GC (Allocation Failure) [PSYoungGen: 79968K->64K(96768K)] 81808K->1904K(271872K), 0,0006937 secs] [Times: user=0,00 sys=0,00, real=0,01 secs] 
34,237: [GC (Allocation Failure) [PSYoungGen: 96320K->64K(94208K)] 98160K->1904K(269312K), 0,0005628 secs] [Times: user=0,00 sys=0,00, real=0,00 secs] 
34,293: [GC (Allocation Failure) [PSYoungGen: 93759K->96K(91648K)] 95600K->1936K(266752K), 0,0005086 secs] [Times: user=0,00 sys=0,00, real=0,00 secs] 
34,348: [GC (Allocation Failure) [PSYoungGen: 91232K->96K(89088K)] 93072K->1936K(264192K), 0,0005533 secs] [Times: user=0,00 sys=0,00, real=0,00 secs] 
34,401: [GC (Allocation Failure) [PSYoungGen: 88672K->96K(87040K)] 90512K->1936K(262144K), 0,0005024 secs] [Times: user=0,00 sys=0,00, real=0,00 secs] 
34,454: [GC (Allocation Failure) [PSYoungGen: 86624K->96K(84992K)] 88464K->1936K(260096K), 0,0005034 secs] [Times: user=0,00 sys=0,00, real=0,00 secs] 
34,504: [GC (Allocation Failure) [PSYoungGen: 84576K->64K(82944K)] 86416K->1904K(258048K), 0,0005008 secs] [Times: user=0,00 sys=0,00, real=0,00 secs] 
34,554: [GC (Allocation Failure) [PSYoungGen: 82496K->96K(80896K)] 84336K->1936K(256000K), 0,0005016 secs] [Times: user=0,00 sys=0,00, real=0,00 secs] 
34,603: [GC (Allocation Failure) [PSYoungGen: 80480K->96K(78848K)] 82320K->1936K(253952K), 0,0005040 secs] [Times: user=0,00 sys=0,00, real=0,00 secs] 
34,650: [GC (Allocation Failure) [PSYoungGen: 78432K->96K(76800K)] 80272K->1936K(251904K), 0,0005024 secs] [Times: user=0,01 sys=0,00, real=0,00 secs] 
34,696: [GC (Allocation Failure) [PSYoungGen: 76384K->64K(74752K)] 78224K->1904K(249856K), 0,0005008 secs] [Times: user=0,00 sys=0,00, real=0,00 secs] 
34,740: [GC (Allocation Failure) [PSYoungGen: 74304K->96K(73216K)] 76144K->1936K(248320K), 0,0005050 secs] [Times: user=0,01 sys=0,00, real=0,00 secs] 
34,783: [GC (Allocation Failure) [PSYoungGen: 72800K->32K(88064K)] 74640K->1872K(263168K), 0,0005687 secs] [Times: user=0,00 sys=0,00, real=0,00 secs] 
34,835: [GC (Allocation Failure) [PSYoungGen: 87584K->64K(86016K)] 89424K->1904K(261120K), 0,0005070 secs] [Times: user=0,00 sys=0,00, real=0,00 secs] 
34,886: [GC (Allocation Failure) [PSYoungGen: 85568K->96K(83968K)] 87408K->1936K(259072K), 0,0005970 secs] [Times: user=0,00 sys=0,00, real=0,00 secs] 
34,936: [GC (Allocation Failure) [PSYoungGen: 83552K->64K(100864K)] 85392K->1904K(275968K), 0,0008113 secs] [Times: user=0,00 sys=0,00, real=0,00 secs] 
34,996: [GC (Allocation Failure) [PSYoungGen: 100416K->96K(121344K)] 102256K->1936K(296448K), 0,0004998 secs] [Times: user=0,00 sys=0,00, real=0,00 secs] 
35,069: [GC (Allocation Failure) [PSYoungGen: 120928K->96K(117760K)] 122768K->1936K(292864K), 0,0005225 secs] [Times: user=0,00 sys=0,00, real=0,01 secs] 
35,139: [GC (Allocation Failure) [PSYoungGen: 117344K->32K(114176K)] 119184K->1872K(289280K), 0,0005001 secs] [Times: user=0,00 sys=0,00, real=0,00 secs] 
35,207: [GC (Allocation Failure) [PSYoungGen: 113696K->96K(110592K)] 115536K->1936K(285696K), 0,0005432 secs] [Times: user=0,00 sys=0,00, real=0,00 secs] 
35,272: [GC (Allocation Failure) [PSYoungGen: 110176K->96K(107520K)] 112016K->1936K(282624K), 0,0006375 secs] [Times: user=0,00 sys=0,00, real=0,00 secs] 
35,335: [GC (Allocation Failure) [PSYoungGen: 107104K->64K(104448K)] 108944K->1904K(279552K), 0,0005267 secs] [Times: user=0,00 sys=0,00, real=0,00 secs] 
35,397: [GC (Allocation Failure) [PSYoungGen: 104000K->64K(101376K)] 105840K->1904K(276480K), 0,0005788 secs] [Times: user=0,01 sys=0,00, real=0,00 secs] 
35,457: [GC (Allocation Failure) [PSYoungGen: 100928K->96K(98816K)] 102768K->1936K(273920K), 0,0005433 secs] [Times: user=0,01 sys=0,00, real=0,00 secs] 
35,515: [GC (Allocation Failure) [PSYoungGen: 98400K->96K(96256K)] 100240K->1936K(271360K), 0,0005081 secs] [Times: user=0,00 sys=0,00, real=0,00 secs] 
35,573: [GC (Allocation Failure) [PSYoungGen: 95840K->96K(93696K)] 97680K->1936K(268800K), 0,0005681 secs] [Times: user=0,00 sys=0,00, real=0,00 secs] 
35,631: [GC (Allocation Failure) [PSYoungGen: 93280K->96K(91136K)] 95120K->1936K(266240K), 0,0005427 secs] [Times: user=0,00 sys=0,00, real=0,00 secs] 
35,686: [GC (Allocation Failure) [PSYoungGen: 90720K->96K(88576K)] 92560K->1936K(263680K), 0,0005319 secs] [Times: user=0,00 sys=0,00, real=0,00 secs] 
35,740: [GC (Allocation Failure) [PSYoungGen: 88160K->96K(86528K)] 90000K->1936K(261632K), 0,0005881 secs] [Times: user=0,00 sys=0,00, real=0,00 secs] 
35,793: [GC (Allocation Failure) [PSYoungGen: 86112K->32K(84480K)] 87952K->1872K(259584K), 0,0005351 secs] [Times: user=0,00 sys=0,00, real=0,00 secs] 
35,845: [GC (Allocation Failure) [PSYoungGen: 84000K->96K(82432K)] 85840K->1936K(257536K), 0,0005218 secs] [Times: user=0,01 sys=0,00, real=0,00 secs] 
35,895: [GC (Allocation Failure) [PSYoungGen: 82016K->96K(80384K)] 83856K->1936K(255488K), 0,0005922 secs] [Times: user=0,00 sys=0,00, real=0,00 secs] 
35,944: [GC (Allocation Failure) [PSYoungGen: 79968K->96K(78336K)] 81808K->1936K(253440K), 0,0005233 secs] [Times: user=0,01 sys=0,00, real=0,00 secs] 
35,992: [GC (Allocation Failure) [PSYoungGen: 77920K->96K(76288K)] 79760K->1936K(251392K), 0,0005165 secs] [Times: user=0,00 sys=0,00, real=0,00 secs] 
36,039: [GC (Allocation Failure) [PSYoungGen: 75872K->96K(74752K)] 77712K->1936K(249856K), 0,0005631 secs] [Times: user=0,00 sys=0,00, real=0,00 secs] 
36,085: [GC (Allocation Failure) [PSYoungGen: 74336K->96K(73216K)] 76176K->1936K(248320K), 0,0005174 secs] [Times: user=0,00 sys=0,00, real=0,00 secs] 
36,129: [GC (Allocation Failure) [PSYoungGen: 72800K->96K(88064K)] 74640K->1936K(263168K), 0,0005401 secs] [Times: user=0,00 sys=0,00, real=0,00 secs] 
36,182: [GC (Allocation Failure) [PSYoungGen: 87648K->96K(86016K)] 89488K->1936K(261120K), 0,0005275 secs] [Times: user=0,01 sys=0,00, real=0,00 secs] 
36,234: [GC (Allocation Failure) [PSYoungGen: 85600K->96K(83968K)] 87440K->1936K(259072K), 0,0005113 secs] [Times: user=0,00 sys=0,00, real=0,00 secs] 
36,285: [GC (Allocation Failure) [PSYoungGen: 83552K->96K(81920K)] 85392K->1936K(257024K), 0,0005611 secs] [Times: user=0,00 sys=0,00, real=0,00 secs] 
36,335: [GC (Allocation Failure) [PSYoungGen: 81504K->96K(79872K)] 83344K->1936K(254976K), 0,0005621 secs] [Times: user=0,00 sys=0,00, real=0,00 secs] 
36,383: [GC (Allocation Failure) [PSYoungGen: 79456K->96K(77824K)] 81296K->1936K(252928K), 0,0005143 secs] [Times: user=0,00 sys=0,00, real=0,00 secs] 
36,430: [GC (Allocation Failure) [PSYoungGen: 77408K->96K(75776K)] 79248K->1936K(250880K), 0,0005190 secs] [Times: user=0,01 sys=0,00, real=0,00 secs] 
36,476: [GC (Allocation Failure) [PSYoungGen: 75360K->64K(74240K)] 77200K->1904K(249344K), 0,0005103 secs] [Times: user=0,00 sys=0,00, real=0,00 secs] 
36,521: [GC (Allocation Failure) [PSYoungGen: 73792K->96K(72704K)] 75632K->1936K(247808K), 0,0005256 secs] [Times: user=0,00 sys=0,00, real=0,00 secs] 
36,565: [GC (Allocation Failure) [PSYoungGen: 72288K->96K(87552K)] 74128K->1936K(262656K), 0,0005238 secs] [Times: user=0,00 sys=0,00, real=0,00 secs] 
36,618: [GC (Allocation Failure) [PSYoungGen: 87136K->64K(104960K)] 88976K->1904K(280064K), 0,0007657 secs] [Times: user=0,01 sys=0,00, real=0,01 secs] 
36,682: [GC (Allocation Failure) [PSYoungGen: 104511K->96K(125952K)] 106352K->1936K(301056K), 0,0005285 secs] [Times: user=0,00 sys=0,00, real=0,00 secs] 
36,758: [GC (Allocation Failure) [PSYoungGen: 125536K->96K(121856K)] 127376K->1936K(296960K), 0,0005254 secs] [Times: user=0,00 sys=0,00, real=0,01 secs] 
36,831: [GC (Allocation Failure) [PSYoungGen: 121440K->96K(118272K)] 123280K->1936K(293376K), 0,0005218 secs] [Times: user=0,00 sys=0,00, real=0,00 secs] 
36,903: [GC (Allocation Failure) [PSYoungGen: 117856K->96K(114688K)] 119696K->1936K(289792K), 0,0005164 secs] [Times: user=0,00 sys=0,00, real=0,00 secs] 
36,972: [GC (Allocation Failure) [PSYoungGen: 114272K->96K(111104K)] 116112K->1936K(286208K), 0,0005646 secs] [Times: user=0,00 sys=0,00, real=0,00 secs] 
37,040: [GC (Allocation Failure) [PSYoungGen: 110688K->96K(108032K)] 112528K->1936K(283136K), 0,0009155 secs] [Times: user=0,00 sys=0,00, real=0,00 secs] 
37,107: [GC (Allocation Failure) [PSYoungGen: 107616K->96K(104960K)] 109456K->1936K(280064K), 0,0005730 secs] [Times: user=0,00 sys=0,00, real=0,00 secs] 
37,171: [GC (Allocation Failure) [PSYoungGen: 104544K->96K(101888K)] 106384K->1936K(276992K), 0,0005363 secs] [Times: user=0,00 sys=0,00, real=0,00 secs] 
37,232: [GC (Allocation Failure) [PSYoungGen: 101472K->96K(98816K)] 103312K->1936K(273920K), 0,0005255 secs] [Times: user=0,00 sys=0,00, real=0,00 secs] 
37,292: [GC (Allocation Failure) [PSYoungGen: 98400K->96K(96256K)] 100240K->1936K(271360K), 0,0005547 secs] [Times: user=0,00 sys=0,00, real=0,00 secs] 
37,350: [GC (Allocation Failure) [PSYoungGen: 95840K->64K(93696K)] 97680K->1904K(268800K), 0,0005271 secs] [Times: user=0,00 sys=0,00, real=0,00 secs] 
37,407: [GC (Allocation Failure) [PSYoungGen: 93248K->96K(91136K)] 95088K->1936K(266240K), 0,0005468 secs] [Times: user=0,00 sys=0,00, real=0,00 secs] 
37,462: [GC (Allocation Failure) [PSYoungGen: 90720K->96K(88576K)] 92560K->1936K(263680K), 0,0005229 secs] [Times: user=0,01 sys=0,00, real=0,00 secs] 
37,516: [GC (Allocation Failure) [PSYoungGen: 88160K->64K(86528K)] 90000K->1904K(261632K), 0,0005594 secs] [Times: user=0,00 sys=0,00, real=0,00 secs] 
37,569: [GC (Allocation Failure) [PSYoungGen: 86080K->64K(84480K)] 87920K->1904K(259584K), 0,0005656 secs] [Times: user=0,00 sys=0,00, real=0,00 secs] 
37,621: [GC (Allocation Failure) [PSYoungGen: 84032K->64K(82432K)] 85872K->1904K(257536K), 0,0005209 secs] [Times: user=0,00 sys=0,00, real=0,00 secs] 
37,671: [GC (Allocation Failure) [PSYoungGen: 81984K->64K(80384K)] 83824K->1904K(255488K), 0,0005351 secs] [Times: user=0,00 sys=0,00, real=0,00 secs] 
37,721: [GC (Allocation Failure) [PSYoungGen: 79936K->96K(78336K)] 81776K->1936K(253440K), 0,0006202 secs] [Times: user=0,01 sys=0,00, real=0,00 secs] 
37,771: [GC (Allocation Failure) [PSYoungGen: 77920K->96K(76288K)] 79760K->1936K(251392K), 0,0005106 secs] [Times: user=0,00 sys=0,00, real=0,00 secs] 
37,818: [GC (Allocation Failure) [PSYoungGen: 75872K->64K(74752K)] 77712K->1904K(249856K), 0,0005583 secs] [Times: user=0,00 sys=0,00, real=0,00 secs] 
37,864: [GC (Allocation Failure) [PSYoungGen: 74304K->96K(73216K)] 76144K->1936K(248320K), 0,0005195 secs] [Times: user=0,00 sys=0,00, real=0,00 secs] 
37,911: [GC (Allocation Failure) [PSYoungGen: 72800K->96K(88064K)] 74640K->1936K(263168K), 0,0005394 secs] [Times: user=0,00 sys=0,00, real=0,00 secs] 
37,970: [GC (Allocation Failure) [PSYoungGen: 87648K->96K(86016K)] 89488K->1936K(261120K), 0,0005207 secs] [Times: user=0,00 sys=0,00, real=0,00 secs] 
38,023: [GC (Allocation Failure) [PSYoungGen: 85600K->96K(83968K)] 87440K->1936K(259072K), 0,0005687 secs] [Times: user=0,00 sys=0,00, real=0,00 secs] 
38,075: [GC (Allocation Failure) [PSYoungGen: 83552K->64K(81920K)] 85392K->1904K(257024K), 0,0005353 secs] [Times: user=0,00 sys=0,00, real=0,00 secs] 
38,126: [GC (Allocation Failure) [PSYoungGen: 81472K->64K(98304K)] 83312K->1904K(273408K), 0,0008941 secs] [Times: user=0,00 sys=0,01, real=0,00 secs] 
38,186: [GC (Allocation Failure) [PSYoungGen: 97856K->96K(118272K)] 99696K->1936K(293376K), 0,0005258 secs] [Times: user=0,00 sys=0,00, real=0,00 secs] 
38,258: [GC (Allocation Failure) [PSYoungGen: 117856K->96K(114688K)] 119696K->1936K(289792K), 0,0005787 secs] [Times: user=0,00 sys=0,00, real=0,00 secs] 
38,328: [GC (Allocation Failure) [PSYoungGen: 114272K->96K(111104K)] 116112K->1936K(286208K), 0,0005311 secs] [Times: user=0,00 sys=0,00, real=0,00 secs] 
38,396: [GC (Allocation Failure) [PSYoungGen: 110688K->96K(108032K)] 112528K->1936K(283136K), 0,0005304 secs] [Times: user=0,00 sys=0,00, real=0,00 secs] 
38,461: [GC (Allocation Failure) [PSYoungGen: 107616K->64K(129536K)] 109456K->1904K(304640K), 0,0010873 secs] [Times: user=0,00 sys=0,00, real=0,00 secs] 
38,541: [GC (Allocation Failure) [PSYoungGen: 129088K->96K(125440K)] 130928K->1936K(300544K), 0,0005222 secs] [Times: user=0,00 sys=0,00, real=0,00 secs] 
38,617: [GC (Allocation Failure) [PSYoungGen: 125024K->96K(121344K)] 126864K->1936K(296448K), 0,0005270 secs] [Times: user=0,01 sys=0,00, real=0,00 secs] 
38,692: [GC (Allocation Failure) [PSYoungGen: 120928K->96K(117760K)] 122768K->1936K(292864K), 0,0005254 secs] [Times: user=0,00 sys=0,00, real=0,00 secs] 
38,764: [GC (Allocation Failure) [PSYoungGen: 117343K->96K(114176K)] 119184K->1936K(289280K), 0,0005574 secs] [Times: user=0,00 sys=0,00, real=0,00 secs] 
38,834: [GC (Allocation Failure) [PSYoungGen: 113760K->96K(110592K)] 115600K->1936K(285696K), 0,0005182 secs] [Times: user=0,00 sys=0,00, real=0,00 secs] 
38,900: [GC (Allocation Failure) [PSYoungGen: 110176K->96K(107520K)] 112016K->1936K(282624K), 0,0005414 secs] [Times: user=0,00 sys=0,00, real=0,00 secs] 
38,965: [GC (Allocation Failure) [PSYoungGen: 107104K->96K(104448K)] 108944K->1936K(279552K), 0,0005941 secs] [Times: user=0,00 sys=0,00, real=0,00 secs] 
39,028: [GC (Allocation Failure) [PSYoungGen: 104032K->96K(101376K)] 105872K->1936K(276480K), 0,0005739 secs] [Times: user=0,00 sys=0,00, real=0,01 secs] 
39,091: [GC (Allocation Failure) [PSYoungGen: 100960K->96K(98816K)] 102800K->1936K(273920K), 0,0005160 secs] [Times: user=0,00 sys=0,00, real=0,00 secs] 
39,151: [GC (Allocation Failure) [PSYoungGen: 98400K->96K(96256K)] 100240K->1936K(271360K), 0,0005316 secs] [Times: user=0,00 sys=0,00, real=0,00 secs] 
39,210: [GC (Allocation Failure) [PSYoungGen: 95840K->96K(93696K)] 97680K->1936K(268800K), 0,0005249 secs] [Times: user=0,00 sys=0,00, real=0,00 secs] 
39,267: [GC (Allocation Failure) [PSYoungGen: 93280K->64K(91136K)] 95120K->1904K(266240K), 0,0005610 secs] [Times: user=0,00 sys=0,00, real=0,00 secs] 
39,322: [GC (Allocation Failure) [PSYoungGen: 90688K->96K(88576K)] 92528K->1936K(263680K), 0,0005229 secs] [Times: user=0,00 sys=0,00, real=0,00 secs] 
39,376: [GC (Allocation Failure) [PSYoungGen: 88160K->96K(86528K)] 90000K->1936K(261632K), 0,0005249 secs] [Times: user=0,00 sys=0,00, real=0,00 secs] 
39,428: [GC (Allocation Failure) [PSYoungGen: 86112K->96K(84480K)] 87952K->1936K(259584K), 0,0005187 secs] [Times: user=0,00 sys=0,00, real=0,01 secs] 
39,480: [GC (Allocation Failure) [PSYoungGen: 84064K->96K(82432K)] 85904K->1936K(257536K), 0,0005437 secs] [Times: user=0,00 sys=0,00, real=0,00 secs] 
39,531: [GC (Allocation Failure) [PSYoungGen: 82016K->96K(80384K)] 83856K->1936K(255488K), 0,0005316 secs] [Times: user=0,00 sys=0,00, real=0,00 secs] 
39,580: [GC (Allocation Failure) [PSYoungGen: 79968K->96K(78336K)] 81808K->1936K(253440K), 0,0005179 secs] [Times: user=0,00 sys=0,00, real=0,00 secs] 
39,628: [GC (Allocation Failure) [PSYoungGen: 77920K->32K(94208K)] 79760K->1872K(269312K), 0,0011269 secs] [Times: user=0,00 sys=0,00, real=0,01 secs] 
39,686: [GC (Allocation Failure) [PSYoungGen: 93728K->96K(113152K)] 95568K->1936K(288256K), 0,0005790 secs] [Times: user=0,00 sys=0,00, real=0,00 secs] 
39,757: [GC (Allocation Failure) [PSYoungGen: 112736K->64K(135680K)] 114576K->1904K(310784K), 0,0007553 secs] [Times: user=0,00 sys=0,00, real=0,00 secs] 
39,838: [GC (Allocation Failure) [PSYoungGen: 135232K->96K(131584K)] 137072K->1936K(306688K), 0,0005195 secs] [Times: user=0,00 sys=0,00, real=0,00 secs] 
39,916: [GC (Allocation Failure) [PSYoungGen: 131168K->32K(127488K)] 133008K->1872K(302592K), 0,0007035 secs] [Times: user=0,00 sys=0,00, real=0,00 secs] 
39,992: [GC (Allocation Failure) [PSYoungGen: 127008K->96K(123392K)] 128848K->1936K(298496K), 0,0005115 secs] [Times: user=0,00 sys=0,00, real=0,00 secs] 
40,067: [GC (Allocation Failure) [PSYoungGen: 122976K->32K(119808K)] 124816K->1872K(294912K), 0,0005112 secs] [Times: user=0,00 sys=0,00, real=0,00 secs] 
40,139: [GC (Allocation Failure) [PSYoungGen: 119328K->96K(116224K)] 121168K->1936K(291328K), 0,0005429 secs] [Times: user=0,00 sys=0,00, real=0,00 secs] 
40,208: [GC (Allocation Failure) [PSYoungGen: 115808K->96K(112640K)] 117648K->1936K(287744K), 0,0005185 secs] [Times: user=0,00 sys=0,00, real=0,00 secs] 
40,275: [GC (Allocation Failure) [PSYoungGen: 112224K->96K(109568K)] 114064K->1936K(284672K), 0,0005110 secs] [Times: user=0,00 sys=0,00, real=0,00 secs] 
40,340: [GC (Allocation Failure) [PSYoungGen: 109152K->96K(106496K)] 110992K->1936K(281600K), 0,0005246 secs] [Times: user=0,01 sys=0,00, real=0,00 secs] 
40,403: [GC (Allocation Failure) [PSYoungGen: 106080K->96K(103424K)] 107920K->1960K(278528K), 0,0005180 secs] [Times: user=0,00 sys=0,00, real=0,00 secs] 
40,464: [GC (Allocation Failure) [PSYoungGen: 103008K->96K(100352K)] 104872K->1960K(275456K), 0,0005115 secs] [Times: user=0,00 sys=0,01, real=0,00 secs] 
40,523: [GC (Allocation Failure) [PSYoungGen: 99936K->96K(97792K)] 101800K->1960K(272896K), 0,0005069 secs] [Times: user=0,00 sys=0,00, real=0,00 secs] 
40,583: [GC (Allocation Failure) [PSYoungGen: 97376K->96K(95232K)] 99240K->1960K(270336K), 0,0005105 secs] [Times: user=0,00 sys=0,00, real=0,00 secs] 
40,640: [GC (Allocation Failure) [PSYoungGen: 94816K->32K(92672K)] 96680K->1896K(267776K), 0,0005702 secs] [Times: user=0,00 sys=0,00, real=0,00 secs] 
40,695: [GC (Allocation Failure) [PSYoungGen: 92192K->96K(90112K)] 94056K->1960K(265216K), 0,0005463 secs] [Times: user=0,00 sys=0,00, real=0,00 secs] 
40,749: [GC (Allocation Failure) [PSYoungGen: 89696K->96K(87552K)] 91560K->1960K(262656K), 0,0005089 secs] [Times: user=0,00 sys=0,00, real=0,00 secs] 
40,801: [GC (Allocation Failure) [PSYoungGen: 87136K->64K(85504K)] 89000K->1928K(260608K), 0,0005193 secs] [Times: user=0,00 sys=0,00, real=0,00 secs] 
40,851: [GC (Allocation Failure) [PSYoungGen: 85056K->96K(83456K)] 86920K->1960K(258560K), 0,0005065 secs] [Times: user=0,00 sys=0,00, real=0,00 secs] 
40,900: [GC (Allocation Failure) [PSYoungGen: 83040K->96K(81408K)] 84904K->1960K(256512K), 0,0005073 secs] [Times: user=0,00 sys=0,00, real=0,00 secs] 
40,949: [GC (Allocation Failure) [PSYoungGen: 80992K->96K(79360K)] 82856K->1960K(254464K), 0,0005230 secs] [Times: user=0,00 sys=0,00, real=0,00 secs] 
40,996: [GC (Allocation Failure) [PSYoungGen: 78944K->96K(77312K)] 80808K->1960K(252416K), 0,0005126 secs] [Times: user=0,01 sys=0,00, real=0,00 secs] 
41,042: [GC (Allocation Failure) [PSYoungGen: 76896K->96K(75264K)] 78760K->1960K(250368K), 0,0005692 secs] [Times: user=0,00 sys=0,00, real=0,00 secs] 
41,088: [GC (Allocation Failure) [PSYoungGen: 74848K->64K(73728K)] 76712K->1928K(248832K), 0,0005039 secs] [Times: user=0,00 sys=0,00, real=0,00 secs] 
41,131: [GC (Allocation Failure) [PSYoungGen: 73280K->96K(72192K)] 75144K->1960K(247296K), 0,0005051 secs] [Times: user=0,00 sys=0,00, real=0,00 secs] 
41,174: [GC (Allocation Failure) [PSYoungGen: 71776K->64K(86528K)] 73640K->1928K(261632K), 0,0005409 secs] [Times: user=0,01 sys=0,00, real=0,00 secs] 
41,225: [GC (Allocation Failure) [PSYoungGen: 86080K->96K(103936K)] 87944K->1960K(279040K), 0,0005429 secs] [Times: user=0,00 sys=0,00, real=0,00 secs] 
41,287: [GC (Allocation Failure) [PSYoungGen: 103520K->96K(100864K)] 105384K->1960K(275968K), 0,0005645 secs] [Times: user=0,00 sys=0,00, real=0,00 secs] 
41,346: [GC (Allocation Failure) [PSYoungGen: 100448K->64K(98304K)] 102312K->1928K(273408K), 0,0005078 secs] [Times: user=0,00 sys=0,00, real=0,00 secs] 
41,408: [GC (Allocation Failure) [PSYoungGen: 97856K->64K(95744K)] 99720K->1928K(270848K), 0,0008235 secs] [Times: user=0,00 sys=0,00, real=0,01 secs] 
41,466: [GC (Allocation Failure) [PSYoungGen: 95296K->96K(93184K)] 97160K->1960K(268288K), 0,0005192 secs] [Times: user=0,00 sys=0,00, real=0,00 secs] 
41,521: [GC (Allocation Failure) [PSYoungGen: 92768K->64K(90624K)] 94632K->1928K(265728K), 0,0005473 secs] [Times: user=0,00 sys=0,00, real=0,00 secs] 
41,575: [GC (Allocation Failure) [PSYoungGen: 90176K->64K(88064K)] 92040K->1928K(263168K), 0,0005235 secs] [Times: user=0,00 sys=0,00, real=0,00 secs] 
41,628: [GC (Allocation Failure) [PSYoungGen: 87616K->32K(105984K)] 89480K->1896K(281088K), 0,0012751 secs] [Times: user=0,00 sys=0,00, real=0,01 secs] 
41,691: [GC (Allocation Failure) [PSYoungGen: 105504K->96K(127488K)] 107368K->1960K(302592K), 0,0005253 secs] [Times: user=0,01 sys=0,00, real=0,00 secs] 
41,767: [GC (Allocation Failure) [PSYoungGen: 127072K->64K(153088K)] 128936K->1928K(328192K), 0,0005462 secs] [Times: user=0,00 sys=0,00, real=0,00 secs] 
41,858: [GC (Allocation Failure) [PSYoungGen: 152640K->96K(147968K)] 154504K->1960K(323072K), 0,0005162 secs] [Times: user=0,00 sys=0,00, real=0,00 secs] 
41,945: [GC (Allocation Failure) [PSYoungGen: 147552K->96K(143360K)] 149416K->1960K(318464K), 0,0006045 secs] [Times: user=0,00 sys=0,00, real=0,00 secs] 
42,030: [GC (Allocation Failure) [PSYoungGen: 142944K->64K(138752K)] 144808K->1928K(313856K), 0,0006314 secs] [Times: user=0,00 sys=0,00, real=0,00 secs] 
42,113: [GC (Allocation Failure) [PSYoungGen: 138304K->64K(134144K)] 140168K->1928K(309248K), 0,0009772 secs] [Times: user=0,00 sys=0,00, real=0,00 secs] 
42,193: [GC (Allocation Failure) [PSYoungGen: 133696K->96K(130048K)] 135560K->1960K(305152K), 0,0005511 secs] [Times: user=0,00 sys=0,00, real=0,00 secs] 
42,271: [GC (Allocation Failure) [PSYoungGen: 129632K->96K(125952K)] 131496K->1960K(301056K), 0,0006004 secs] [Times: user=0,00 sys=0,00, real=0,00 secs] 
42,346: [GC (Allocation Failure) [PSYoungGen: 125536K->96K(121856K)] 127400K->1960K(296960K), 0,0005149 secs] [Times: user=0,00 sys=0,00, real=0,00 secs] 
42,418: [GC (Allocation Failure) [PSYoungGen: 121440K->96K(118272K)] 123304K->1960K(293376K), 0,0005392 secs] [Times: user=0,00 sys=0,00, real=0,00 secs] 
42,488: [GC (Allocation Failure) [PSYoungGen: 117856K->96K(114688K)] 119720K->1960K(289792K), 0,0005072 secs] [Times: user=0,00 sys=0,00, real=0,00 secs] 
42,556: [GC (Allocation Failure) [PSYoungGen: 114272K->96K(111104K)] 116136K->1960K(286208K), 0,0006199 secs] [Times: user=0,00 sys=0,00, real=0,00 secs] 
42,621: [GC (Allocation Failure) [PSYoungGen: 110688K->96K(108032K)] 112552K->1960K(283136K), 0,0005415 secs] [Times: user=0,00 sys=0,00, real=0,00 secs] 
42,686: [GC (Allocation Failure) [PSYoungGen: 107616K->96K(104960K)] 109480K->1960K(280064K), 0,0005712 secs] [Times: user=0,00 sys=0,00, real=0,00 secs] 
42,749: [GC (Allocation Failure) [PSYoungGen: 104544K->96K(101888K)] 106408K->1960K(276992K), 0,0005278 secs] [Times: user=0,00 sys=0,00, real=0,00 secs] 
42,811: [GC (Allocation Failure) [PSYoungGen: 101472K->96K(98816K)] 103336K->1960K(273920K), 0,0005189 secs] [Times: user=0,00 sys=0,00, real=0,00 secs] 
42,871: [GC (Allocation Failure) [PSYoungGen: 98400K->64K(96256K)] 100264K->1928K(271360K), 0,0006070 secs] [Times: user=0,00 sys=0,00, real=0,00 secs] 
42,930: [GC (Allocation Failure) [PSYoungGen: 95808K->64K(93696K)] 97672K->1928K(268800K), 0,0005720 secs] [Times: user=0,00 sys=0,00, real=0,00 secs] 
42,987: [GC (Allocation Failure) [PSYoungGen: 93248K->96K(91136K)] 95112K->1960K(266240K), 0,0005223 secs] [Times: user=0,01 sys=0,00, real=0,00 secs] 
43,044: [GC (Allocation Failure) [PSYoungGen: 90720K->96K(88576K)] 92584K->1960K(263680K), 0,0005169 secs] [Times: user=0,00 sys=0,00, real=0,00 secs] 
43,098: [GC (Allocation Failure) [PSYoungGen: 88160K->96K(86528K)] 90024K->1960K(261632K), 0,0005553 secs] [Times: user=0,00 sys=0,00, real=0,01 secs] 
43,152: [GC (Allocation Failure) [PSYoungGen: 86112K->96K(84480K)] 87976K->1960K(259584K), 0,0005301 secs] [Times: user=0,00 sys=0,00, real=0,00 secs] 
43,203: [GC (Allocation Failure) [PSYoungGen: 84064K->96K(82432K)] 85928K->1960K(257536K), 0,0005180 secs] [Times: user=0,00 sys=0,00, real=0,00 secs] 
43,254: [GC (Allocation Failure) [PSYoungGen: 82016K->96K(80384K)] 83880K->1960K(255488K), 0,0005122 secs] [Times: user=0,00 sys=0,00, real=0,00 secs] 
43,303: [GC (Allocation Failure) [PSYoungGen: 79968K->96K(78336K)] 81832K->1960K(253440K), 0,0005259 secs] [Times: user=0,00 sys=0,00, real=0,00 secs] 
43,351: [GC (Allocation Failure) [PSYoungGen: 77920K->96K(76288K)] 79784K->1960K(251392K), 0,0005163 secs] [Times: user=0,00 sys=0,00, real=0,00 secs] 
43,398: [GC (Allocation Failure) [PSYoungGen: 75872K->96K(74752K)] 77736K->1960K(249856K), 0,0005475 secs] [Times: user=0,00 sys=0,00, real=0,00 secs] 
43,443: [GC (Allocation Failure) [PSYoungGen: 74336K->96K(73216K)] 76200K->1960K(248320K), 0,0005197 secs] [Times: user=0,00 sys=0,00, real=0,00 secs] 
43,488: [GC (Allocation Failure) [PSYoungGen: 72800K->96K(88064K)] 74664K->1960K(263168K), 0,0005629 secs] [Times: user=0,00 sys=0,00, real=0,00 secs] 
43,542: [GC (Allocation Failure) [PSYoungGen: 87648K->96K(86016K)] 89512K->1960K(261120K), 0,0005613 secs] [Times: user=0,00 sys=0,00, real=0,00 secs] 
43,595: [GC (Allocation Failure) [PSYoungGen: 85600K->64K(103424K)] 87464K->1928K(278528K), 0,0006170 secs] [Times: user=0,00 sys=0,00, real=0,00 secs] 
43,659: [GC (Allocation Failure) [PSYoungGen: 102976K->96K(100352K)] 104840K->1960K(275456K), 0,0005240 secs] [Times: user=0,00 sys=0,00, real=0,01 secs] 
43,720: [GC (Allocation Failure) [PSYoungGen: 99936K->96K(97792K)] 101800K->1960K(272896K), 0,0005299 secs] [Times: user=0,00 sys=0,00, real=0,00 secs] 
43,780: [GC (Allocation Failure) [PSYoungGen: 97376K->64K(95232K)] 99240K->1928K(270336K), 0,0005517 secs] [Times: user=0,00 sys=0,00, real=0,00 secs] 
43,838: [GC (Allocation Failure) [PSYoungGen: 94784K->96K(92672K)] 96648K->1960K(267776K), 0,0005145 secs] [Times: user=0,00 sys=0,00, real=0,01 secs] 
43,895: [GC (Allocation Failure) [PSYoungGen: 92256K->96K(90112K)] 94120K->1960K(265216K), 0,0005159 secs] [Times: user=0,00 sys=0,00, real=0,00 secs] 
43,950: [GC (Allocation Failure) [PSYoungGen: 89696K->96K(87552K)] 91560K->1960K(262656K), 0,0005112 secs] [Times: user=0,00 sys=0,00, real=0,00 secs] 
44,004: [GC (Allocation Failure) [PSYoungGen: 87136K->96K(85504K)] 89000K->1960K(260608K), 0,0005253 secs] [Times: user=0,00 sys=0,00, real=0,00 secs] 
44,057: [GC (Allocation Failure) [PSYoungGen: 85088K->96K(83456K)] 86952K->1960K(258560K), 0,0005223 secs] [Times: user=0,00 sys=0,00, real=0,00 secs] 
44,109: [GC (Allocation Failure) [PSYoungGen: 83040K->64K(81408K)] 84904K->1928K(256512K), 0,0005488 secs] [Times: user=0,00 sys=0,00, real=0,00 secs] 
44,159: [GC (Allocation Failure) [PSYoungGen: 80960K->96K(79360K)] 82824K->1960K(254464K), 0,0005697 secs] [Times: user=0,00 sys=0,00, real=0,00 secs] 
44,208: [GC (Allocation Failure) [PSYoungGen: 78944K->96K(77312K)] 80808K->1960K(252416K), 0,0005195 secs] [Times: user=0,00 sys=0,00, real=0,00 secs] 
44,255: [GC (Allocation Failure) [PSYoungGen: 76896K->96K(75264K)] 78760K->1960K(250368K), 0,0005236 secs] [Times: user=0,00 sys=0,00, real=0,00 secs] 
44,301: [GC (Allocation Failure) [PSYoungGen: 74848K->64K(90624K)] 76712K->1928K(265728K), 0,0006595 secs] [Times: user=0,00 sys=0,00, real=0,00 secs] 
44,361: [GC (Allocation Failure) [PSYoungGen: 90176K->96K(109056K)] 92040K->1960K(284160K), 0,0006146 secs] [Times: user=0,00 sys=0,00, real=0,00 secs] 
44,428: [GC (Allocation Failure) [PSYoungGen: 108640K->96K(105984K)] 110504K->1960K(281088K), 0,0005557 secs] [Times: user=0,00 sys=0,00, real=0,01 secs] 
44,493: [GC (Allocation Failure) [PSYoungGen: 105568K->96K(102912K)] 107432K->1960K(278016K), 0,0006157 secs] [Times: user=0,00 sys=0,00, real=0,00 secs] 
44,558: [GC (Allocation Failure) [PSYoungGen: 102496K->64K(99840K)] 104360K->1928K(274944K), 0,0005689 secs] [Times: user=0,00 sys=0,00, real=0,00 secs] 
44,619: [GC (Allocation Failure) [PSYoungGen: 99392K->96K(97280K)] 101256K->1960K(272384K), 0,0005471 secs] [Times: user=0,01 sys=0,00, real=0,00 secs] 
44,679: [GC (Allocation Failure) [PSYoungGen: 96864K->64K(94720K)] 98728K->1928K(269824K), 0,0005860 secs] [Times: user=0,01 sys=0,00, real=0,00 secs] 
44,737: [GC (Allocation Failure) [PSYoungGen: 94272K->96K(92160K)] 96136K->1960K(267264K), 0,0005202 secs] [Times: user=0,00 sys=0,00, real=0,00 secs] 
44,794: [GC (Allocation Failure) [PSYoungGen: 91744K->96K(89600K)] 93608K->1960K(264704K), 0,0005224 secs] [Times: user=0,00 sys=0,00, real=0,00 secs] 
44,849: [GC (Allocation Failure) [PSYoungGen: 89184K->96K(87040K)] 91048K->1960K(262144K), 0,0005457 secs] [Times: user=0,00 sys=0,00, real=0,00 secs] 
44,902: [GC (Allocation Failure) [PSYoungGen: 86624K->96K(84992K)] 88488K->1960K(260096K), 0,0005224 secs] [Times: user=0,00 sys=0,00, real=0,00 secs] 
44,954: [GC (Allocation Failure) [PSYoungGen: 84576K->96K(82944K)] 86440K->1960K(258048K), 0,0005200 secs] [Times: user=0,00 sys=0,00, real=0,00 secs] 
45,005: [GC (Allocation Failure) [PSYoungGen: 82528K->96K(80896K)] 84392K->1960K(256000K), 0,0005296 secs] [Times: user=0,00 sys=0,00, real=0,00 secs] 
45,055: [GC (Allocation Failure) [PSYoungGen: 80480K->96K(78848K)] 82344K->1960K(253952K), 0,0005275 secs] [Times: user=0,00 sys=0,00, real=0,00 secs] 
45,104: [GC (Allocation Failure) [PSYoungGen: 78432K->32K(94720K)] 80296K->1896K(269824K), 0,0014439 secs] [Times: user=0,00 sys=0,00, real=0,00 secs] 
45,163: [GC (Allocation Failure) [PSYoungGen: 94240K->96K(113664K)] 96104K->1960K(288768K), 0,0005161 secs] [Times: user=0,00 sys=0,00, real=0,00 secs] 
45,233: [GC (Allocation Failure) [PSYoungGen: 113248K->96K(136704K)] 115112K->1960K(311808K), 0,0005233 secs] [Times: user=0,00 sys=0,00, real=0,00 secs] 
45,317: [GC (Allocation Failure) [PSYoungGen: 136288K->96K(132608K)] 138152K->1960K(307712K), 0,0005951 secs] [Times: user=0,00 sys=0,00, real=0,00 secs] 
45,397: [GC (Allocation Failure) [PSYoungGen: 132192K->64K(128512K)] 134056K->1928K(303616K), 0,0005695 secs] [Times: user=0,00 sys=0,00, real=0,00 secs] 
45,477: [GC (Allocation Failure) [PSYoungGen: 128064K->96K(124416K)] 129928K->1960K(299520K), 0,0005180 secs] [Times: user=0,00 sys=0,00, real=0,00 secs] 
45,553: [GC (Allocation Failure) [PSYoungGen: 124000K->96K(120832K)] 125864K->1960K(295936K), 0,0005075 secs] [Times: user=0,00 sys=0,00, real=0,00 secs] 
45,629: [GC (Allocation Failure) [PSYoungGen: 120416K->96K(117248K)] 122280K->1960K(292352K), 0,0005389 secs] [Times: user=0,00 sys=0,00, real=0,00 secs] 
45,701: [GC (Allocation Failure) [PSYoungGen: 116832K->96K(113664K)] 118696K->1960K(288768K), 0,0005502 secs] [Times: user=0,00 sys=0,00, real=0,00 secs] 
45,770: [GC (Allocation Failure) [PSYoungGen: 113248K->64K(110592K)] 115112K->1928K(285696K), 0,0007526 secs] [Times: user=0,00 sys=0,00, real=0,00 secs] 
45,838: [GC (Allocation Failure) [PSYoungGen: 110144K->96K(107520K)] 112008K->1960K(282624K), 0,0005283 secs] [Times: user=0,00 sys=0,00, real=0,00 secs] 
45,903: [GC (Allocation Failure) [PSYoungGen: 107104K->96K(104448K)] 108968K->1960K(279552K), 0,0005624 secs] [Times: user=0,00 sys=0,00, real=0,00 secs] 
45,966: [GC (Allocation Failure) [PSYoungGen: 104032K->96K(101376K)] 105896K->1960K(276480K), 0,0005387 secs] [Times: user=0,00 sys=0,00, real=0,00 secs] 
46,028: [GC (Allocation Failure) [PSYoungGen: 100960K->96K(98816K)] 102824K->1960K(273920K), 0,0005437 secs] [Times: user=0,00 sys=0,00, real=0,01 secs] 
46,090: [GC (Allocation Failure) [PSYoungGen: 98400K->96K(96256K)] 100264K->1960K(271360K), 0,0005650 secs] [Times: user=0,00 sys=0,00, real=0,00 secs] 
46,149: [GC (Allocation Failure) [PSYoungGen: 95840K->64K(93696K)] 97704K->1928K(268800K), 0,0006363 secs] [Times: user=0,00 sys=0,00, real=0,00 secs] 
46,207: [GC (Allocation Failure) [PSYoungGen: 93248K->96K(91136K)] 95112K->1960K(266240K), 0,0005585 secs] [Times: user=0,00 sys=0,00, real=0,00 secs] 
46,262: [GC (Allocation Failure) [PSYoungGen: 90720K->96K(88576K)] 92584K->1960K(263680K), 0,0005658 secs] [Times: user=0,01 sys=0,00, real=0,00 secs] 
46,317: [GC (Allocation Failure) [PSYoungGen: 88160K->96K(86528K)] 90024K->1960K(261632K), 0,0005539 secs] [Times: user=0,00 sys=0,00, real=0,00 secs] 
46,369: [GC (Allocation Failure) [PSYoungGen: 86112K->96K(84480K)] 87976K->1960K(259584K), 0,0006202 secs] [Times: user=0,00 sys=0,00, real=0,00 secs] 
46,421: [GC (Allocation Failure) [PSYoungGen: 84064K->96K(82432K)] 85928K->1960K(257536K), 0,0005281 secs] [Times: user=0,00 sys=0,00, real=0,00 secs] 
46,471: [GC (Allocation Failure) [PSYoungGen: 82016K->32K(80384K)] 83880K->1896K(255488K), 0,0005288 secs] [Times: user=0,01 sys=0,00, real=0,00 secs] 
46,520: [GC (Allocation Failure) [PSYoungGen: 79904K->96K(78336K)] 81768K->1960K(253440K), 0,0005190 secs] [Times: user=0,00 sys=0,00, real=0,00 secs] 
46,568: [GC (Allocation Failure) [PSYoungGen: 77920K->96K(76288K)] 79784K->1960K(251392K), 0,0005157 secs] [Times: user=0,00 sys=0,00, real=0,00 secs] 
46,614: [GC (Allocation Failure) [PSYoungGen: 75872K->64K(91648K)] 77736K->1928K(266752K), 0,0009478 secs] [Times: user=0,00 sys=0,00, real=0,00 secs] 
46,671: [GC (Allocation Failure) [PSYoungGen: 91200K->96K(110080K)] 93064K->1960K(285184K), 0,0005399 secs] [Times: user=0,00 sys=0,00, real=0,00 secs] 
46,738: [GC (Allocation Failure) [PSYoungGen: 109664K->96K(132096K)] 111528K->1960K(307200K), 0,0005953 secs] [Times: user=0,00 sys=0,00, real=0,01 secs] 
46,819: [GC (Allocation Failure) [PSYoungGen: 131680K->64K(128000K)] 133544K->1928K(303104K), 0,0006063 secs] [Times: user=0,01 sys=0,01, real=0,00 secs] 
46,896: [GC (Allocation Failure) [PSYoungGen: 127552K->96K(123904K)] 129416K->1960K(299008K), 0,0005380 secs] [Times: user=0,00 sys=0,00, real=0,00 secs] 
46,971: [GC (Allocation Failure) [PSYoungGen: 123488K->96K(120320K)] 125352K->1960K(295424K), 0,0005187 secs] [Times: user=0,00 sys=0,00, real=0,00 secs] 
47,045: [GC (Allocation Failure) [PSYoungGen: 119904K->96K(116736K)] 121768K->1960K(291840K), 0,0005193 secs] [Times: user=0,00 sys=0,00, real=0,00 secs] 
47,116: [GC (Allocation Failure) [PSYoungGen: 116320K->96K(113152K)] 118184K->1960K(288256K), 0,0005246 secs] [Times: user=0,00 sys=0,00, real=0,00 secs] 
47,185: [GC (Allocation Failure) [PSYoungGen: 112736K->96K(110080K)] 114600K->1960K(285184K), 0,0005319 secs] [Times: user=0,00 sys=0,00, real=0,00 secs] 
47,252: [GC (Allocation Failure) [PSYoungGen: 109664K->96K(107008K)] 111528K->1960K(282112K), 0,0005906 secs] [Times: user=0,00 sys=0,00, real=0,00 secs] 
47,318: [GC (Allocation Failure) [PSYoungGen: 106592K->96K(103936K)] 108456K->1960K(279040K), 0,0005518 secs] [Times: user=0,01 sys=0,00, real=0,00 secs] 
47,382: [GC (Allocation Failure) [PSYoungGen: 103520K->64K(100864K)] 105384K->1928K(275968K), 0,0005769 secs] [Times: user=0,00 sys=0,00, real=0,00 secs] 
47,443: [GC (Allocation Failure) [PSYoungGen: 100416K->64K(98304K)] 102280K->1928K(273408K), 0,0005426 secs] [Times: user=0,00 sys=0,00, real=0,00 secs] 
47,503: [GC (Allocation Failure) [PSYoungGen: 97856K->96K(95744K)] 99720K->1960K(270848K), 0,0005154 secs] [Times: user=0,00 sys=0,00, real=0,00 secs] 
47,562: [GC (Allocation Failure) [PSYoungGen: 95328K->96K(93184K)] 97192K->1960K(268288K), 0,0005174 secs] [Times: user=0,00 sys=0,00, real=0,00 secs] 
47,619: [GC (Allocation Failure) [PSYoungGen: 92768K->96K(112128K)] 94632K->1960K(287232K), 0,0010293 secs] [Times: user=0,00 sys=0,00, real=0,00 secs] 
47,688: [GC (Allocation Failure) [PSYoungGen: 111712K->32K(134656K)] 113576K->1896K(309760K), 0,0010462 secs] [Times: user=0,00 sys=0,00, real=0,01 secs] 
47,775: [GC (Allocation Failure) [PSYoungGen: 134176K->64K(130560K)] 136040K->1928K(305664K), 0,0005498 secs] [Times: user=0,00 sys=0,00, real=0,00 secs] 
47,854: [GC (Allocation Failure) [PSYoungGen: 130112K->96K(126464K)] 131976K->1960K(301568K), 0,0005290 secs] [Times: user=0,00 sys=0,00, real=0,00 secs] 
47,931: [GC (Allocation Failure) [PSYoungGen: 126048K->96K(122368K)] 127912K->1960K(297472K), 0,0008109 secs] [Times: user=0,00 sys=0,00, real=0,00 secs] 
48,004: [GC (Allocation Failure) [PSYoungGen: 121952K->64K(118784K)] 123816K->1936K(293888K), 0,0005606 secs] [Times: user=0,00 sys=0,00, real=0,00 secs] 
48,078: [GC (Allocation Failure) [PSYoungGen: 118336K->96K(115200K)] 120208K->1968K(290304K), 0,0005192 secs] [Times: user=0,01 sys=0,00, real=0,00 secs] 
48,148: [GC (Allocation Failure) [PSYoungGen: 114784K->96K(111616K)] 116656K->1968K(286720K), 0,0005493 secs] [Times: user=0,01 sys=0,00, real=0,01 secs] 
48,216: [GC (Allocation Failure) [PSYoungGen: 111200K->96K(108544K)] 113072K->1968K(283648K), 0,0007019 secs] [Times: user=0,00 sys=0,00, real=0,00 secs] 
48,281: [GC (Allocation Failure) [PSYoungGen: 108128K->96K(105472K)] 110000K->1968K(280576K), 0,0005298 secs] [Times: user=0,00 sys=0,00, real=0,00 secs] 
48,345: [GC (Allocation Failure) [PSYoungGen: 105056K->96K(102400K)] 106928K->1968K(277504K), 0,0005116 secs] [Times: user=0,00 sys=0,00, real=0,00 secs] 
48,406: [GC (Allocation Failure) [PSYoungGen: 101984K->96K(99328K)] 103856K->1968K(274432K), 0,0005532 secs] [Times: user=0,00 sys=0,00, real=0,00 secs] 
48,466: [GC (Allocation Failure) [PSYoungGen: 98912K->96K(96768K)] 100784K->1968K(271872K), 0,0005107 secs] [Times: user=0,00 sys=0,00, real=0,00 secs] 
48,524: [GC (Allocation Failure) [PSYoungGen: 96352K->96K(94208K)] 98224K->1968K(269312K), 0,0005162 secs] [Times: user=0,00 sys=0,00, real=0,00 secs] 
48,581: [GC (Allocation Failure) [PSYoungGen: 93792K->96K(91648K)] 95664K->1968K(266752K), 0,0005124 secs] [Times: user=0,00 sys=0,00, real=0,00 secs] 
48,637: [GC (Allocation Failure) [PSYoungGen: 91232K->96K(89088K)] 93104K->1968K(264192K), 0,0005637 secs] [Times: user=0,00 sys=0,00, real=0,00 secs] 
48,692: [GC (Allocation Failure) [PSYoungGen: 88672K->96K(87040K)] 90544K->1968K(262144K), 0,0005084 secs] [Times: user=0,01 sys=0,00, real=0,00 secs] 
48,743: [GC (Allocation Failure) [PSYoungGen: 86624K->96K(84992K)] 88496K->1968K(260096K), 0,0005168 secs] [Times: user=0,00 sys=0,00, real=0,00 secs] 
48,794: [GC (Allocation Failure) [PSYoungGen: 84576K->96K(82944K)] 86448K->1968K(258048K), 0,0005517 secs] [Times: user=0,00 sys=0,00, real=0,00 secs] 
48,843: [GC (Allocation Failure) [PSYoungGen: 82528K->96K(80896K)] 84400K->1968K(256000K), 0,0005032 secs] [Times: user=0,00 sys=0,00, real=0,00 secs] 
48,891: [GC (Allocation Failure) [PSYoungGen: 80480K->96K(78848K)] 82352K->1968K(253952K), 0,0005085 secs] [Times: user=0,00 sys=0,00, real=0,00 secs] 
48,938: [GC (Allocation Failure) [PSYoungGen: 78432K->64K(76800K)] 80304K->1936K(251904K), 0,0005615 secs] [Times: user=0,00 sys=0,00, real=0,00 secs] 
48,984: [GC (Allocation Failure) [PSYoungGen: 76352K->96K(74752K)] 78224K->1968K(249856K), 0,0005460 secs] [Times: user=0,00 sys=0,00, real=0,00 secs] 
49,028: [GC (Allocation Failure) [PSYoungGen: 74336K->96K(89600K)] 76208K->1968K(264704K), 0,0005313 secs] [Times: user=0,00 sys=0,00, real=0,00 secs] 
49,088: [GC (Allocation Failure) [PSYoungGen: 89184K->96K(87040K)] 91056K->1968K(262144K), 0,0005940 secs] [Times: user=0,00 sys=0,00, real=0,01 secs] 
49,141: [GC (Allocation Failure) [PSYoungGen: 86624K->64K(104448K)] 88496K->1936K(279552K), 0,0008409 secs] [Times: user=0,00 sys=0,00, real=0,00 secs] 
49,203: [GC (Allocation Failure) [PSYoungGen: 104000K->96K(125440K)] 105872K->1968K(300544K), 0,0005052 secs] [Times: user=0,00 sys=0,00, real=0,00 secs] 
49,277: [GC (Allocation Failure) [PSYoungGen: 125024K->64K(121344K)] 126896K->1936K(296448K), 0,0005154 secs] [Times: user=0,00 sys=0,00, real=0,00 secs] 
49,349: [GC (Allocation Failure) [PSYoungGen: 120896K->96K(117760K)] 122768K->1968K(292864K), 0,0005158 secs] [Times: user=0,01 sys=0,00, real=0,00 secs] 
49,419: [GC (Allocation Failure) [PSYoungGen: 117344K->96K(114176K)] 119216K->1968K(289280K), 0,0005520 secs] [Times: user=0,01 sys=0,00, real=0,00 secs] 
49,486: [GC (Allocation Failure) [PSYoungGen: 113760K->32K(110592K)] 115632K->1904K(285696K), 0,0004869 secs] [Times: user=0,00 sys=0,00, real=0,00 secs] 
49,552: [GC (Allocation Failure) [PSYoungGen: 110112K->96K(107520K)] 111984K->1968K(282624K), 0,0005126 secs] [Times: user=0,00 sys=0,00, real=0,00 secs] 
49,616: [GC (Allocation Failure) [PSYoungGen: 107104K->96K(104448K)] 108976K->1968K(279552K), 0,0005139 secs] [Times: user=0,00 sys=0,00, real=0,00 secs] 
49,678: [GC (Allocation Failure) [PSYoungGen: 104032K->96K(101376K)] 105904K->1968K(276480K), 0,0005081 secs] [Times: user=0,01 sys=0,00, real=0,01 secs] 
49,738: [GC (Allocation Failure) [PSYoungGen: 100960K->64K(98816K)] 102832K->1936K(273920K), 0,0005912 secs] [Times: user=0,00 sys=0,00, real=0,01 secs] 
49,797: [GC (Allocation Failure) [PSYoungGen: 98368K->96K(96256K)] 100240K->1968K(271360K), 0,0005006 secs] [Times: user=0,01 sys=0,00, real=0,00 secs] 
49,854: [GC (Allocation Failure) [PSYoungGen: 95840K->96K(93696K)] 97712K->1968K(268800K), 0,0005429 secs] [Times: user=0,00 sys=0,00, real=0,00 secs] 
49,909: [GC (Allocation Failure) [PSYoungGen: 93280K->64K(91136K)] 95152K->1936K(266240K), 0,0005758 secs] [Times: user=0,00 sys=0,00, real=0,00 secs] 
49,964: [GC (Allocation Failure) [PSYoungGen: 90688K->96K(88576K)] 92560K->1968K(263680K), 0,0005146 secs] [Times: user=0,00 sys=0,00, real=0,00 secs] 
50,016: [GC (Allocation Failure) [PSYoungGen: 88160K->96K(86528K)] 90032K->1968K(261632K), 0,0005165 secs] [Times: user=0,01 sys=0,00, real=0,00 secs] 
50,068: [GC (Allocation Failure) [PSYoungGen: 86112K->32K(84480K)] 87984K->1904K(259584K), 0,0005661 secs] [Times: user=0,00 sys=0,00, real=0,01 secs] 
50,119: [GC (Allocation Failure) [PSYoungGen: 84000K->96K(82432K)] 85872K->1968K(257536K), 0,0005474 secs] [Times: user=0,00 sys=0,00, real=0,00 secs] 
50,168: [GC (Allocation Failure) [PSYoungGen: 82016K->96K(80384K)] 83888K->1968K(255488K), 0,0005093 secs] [Times: user=0,00 sys=0,00, real=0,01 secs] 
50,216: [GC (Allocation Failure) [PSYoungGen: 79968K->96K(78336K)] 81840K->1968K(253440K), 0,0005099 secs] [Times: user=0,00 sys=0,00, real=0,00 secs] 
50,262: [GC (Allocation Failure) [PSYoungGen: 77920K->96K(76288K)] 79792K->1968K(251392K), 0,0005086 secs] [Times: user=0,00 sys=0,00, real=0,00 secs] 
50,307: [GC (Allocation Failure) [PSYoungGen: 75872K->96K(91648K)] 77744K->1968K(266752K), 0,0005949 secs] [Times: user=0,00 sys=0,00, real=0,00 secs] 
50,362: [GC (Allocation Failure) [PSYoungGen: 91232K->64K(110080K)] 93104K->1960K(285184K), 0,0008379 secs] [Times: user=0,00 sys=0,00, real=0,00 secs] 
50,427: [GC (Allocation Failure) [PSYoungGen: 109632K->96K(132096K)] 111528K->1992K(307200K), 0,0005149 secs] [Times: user=0,00 sys=0,00, real=0,00 secs] 
50,505: [GC (Allocation Failure) [PSYoungGen: 131680K->96K(128000K)] 133576K->1992K(303104K), 0,0005149 secs] [Times: user=0,00 sys=0,00, real=0,00 secs] 
50,582: [GC (Allocation Failure) [PSYoungGen: 127584K->96K(123904K)] 129480K->1992K(299008K), 0,0005133 secs] [Times: user=0,00 sys=0,00, real=0,00 secs] 
50,656: [GC (Allocation Failure) [PSYoungGen: 123488K->64K(120320K)] 125384K->1960K(295424K), 0,0005652 secs] [Times: user=0,00 sys=0,00, real=0,00 secs] 
50,727: [GC (Allocation Failure) [PSYoungGen: 119872K->96K(116736K)] 121768K->1992K(291840K), 0,0005036 secs] [Times: user=0,00 sys=0,01, real=0,00 secs] 
50,796: [GC (Allocation Failure) [PSYoungGen: 116320K->96K(113152K)] 118216K->1992K(288256K), 0,0005149 secs] [Times: user=0,00 sys=0,00, real=0,00 secs] 
50,863: [GC (Allocation Failure) [PSYoungGen: 112736K->96K(110080K)] 114632K->1992K(285184K), 0,0005293 secs] [Times: user=0,01 sys=0,00, real=0,00 secs] 
50,928: [GC (Allocation Failure) [PSYoungGen: 109664K->64K(107008K)] 111560K->1960K(282112K), 0,0005670 secs] [Times: user=0,00 sys=0,00, real=0,01 secs] 
50,992: [GC (Allocation Failure) [PSYoungGen: 106560K->64K(103936K)] 108456K->1960K(279040K), 0,0005150 secs] [Times: user=0,00 sys=0,00, real=0,00 secs] 
51,053: [GC (Allocation Failure) [PSYoungGen: 103488K->96K(100864K)] 105384K->1992K(275968K), 0,0005154 secs] [Times: user=0,00 sys=0,00, real=0,00 secs] 
51,116: [GC (Allocation Failure) [PSYoungGen: 100448K->96K(98304K)] 102344K->1992K(273408K), 0,0005161 secs] [Times: user=0,00 sys=0,00, real=0,00 secs] 
51,177: [GC (Allocation Failure) [PSYoungGen: 97888K->96K(95744K)] 99784K->1992K(270848K), 0,0005353 secs] [Times: user=0,00 sys=0,00, real=0,00 secs] 
51,235: [GC (Allocation Failure) [PSYoungGen: 95328K->96K(93184K)] 97224K->1992K(268288K), 0,0005182 secs] [Times: user=0,00 sys=0,00, real=0,00 secs] 
51,292: [GC (Allocation Failure) [PSYoungGen: 92768K->96K(90624K)] 94664K->1992K(265728K), 0,0005139 secs] [Times: user=0,00 sys=0,00, real=0,00 secs] 
51,348: [GC (Allocation Failure) [PSYoungGen: 90208K->96K(88064K)] 92104K->1992K(263168K), 0,0005222 secs] [Times: user=0,00 sys=0,00, real=0,00 secs] 
51,406: [GC (Allocation Failure) [PSYoungGen: 87648K->96K(86016K)] 89544K->1992K(261120K), 0,0005825 secs] [Times: user=0,00 sys=0,00, real=0,00 secs] 
51,459: [GC (Allocation Failure) [PSYoungGen: 85600K->96K(83968K)] 87496K->1992K(259072K), 0,0005293 secs] [Times: user=0,00 sys=0,00, real=0,00 secs] 
51,510: [GC (Allocation Failure) [PSYoungGen: 83552K->96K(81920K)] 85448K->1992K(257024K), 0,0005299 secs] [Times: user=0,00 sys=0,00, real=0,00 secs] 
51,560: [GC (Allocation Failure) [PSYoungGen: 81504K->96K(79872K)] 83400K->1992K(254976K), 0,0005223 secs] [Times: user=0,01 sys=0,00, real=0,00 secs] 
51,609: [GC (Allocation Failure) [PSYoungGen: 79456K->96K(77824K)] 81352K->1992K(252928K), 0,0005148 secs] [Times: user=0,00 sys=0,00, real=0,00 secs] 
51,656: [GC (Allocation Failure) [PSYoungGen: 77408K->96K(75776K)] 79304K->1992K(250880K), 0,0005499 secs] [Times: user=0,00 sys=0,00, real=0,00 secs] 
51,703: [GC (Allocation Failure) [PSYoungGen: 75360K->96K(74240K)] 77256K->1992K(249344K), 0,0005315 secs] [Times: user=0,00 sys=0,00, real=0,00 secs] 
51,748: [GC (Allocation Failure) [PSYoungGen: 73824K->96K(72704K)] 75720K->1992K(247808K), 0,0005200 secs] [Times: user=0,00 sys=0,00, real=0,00 secs] 
51,792: [GC (Allocation Failure) [PSYoungGen: 72288K->96K(87552K)] 74184K->1992K(262656K), 0,0005404 secs] [Times: user=0,00 sys=0,00, real=0,00 secs] 
51,846: [GC (Allocation Failure) [PSYoungGen: 87136K->96K(85504K)] 89032K->1992K(260608K), 0,0005259 secs] [Times: user=0,00 sys=0,00, real=0,00 secs] 
51,898: [GC (Allocation Failure) [PSYoungGen: 85088K->96K(83456K)] 86984K->1992K(258560K), 0,0005478 secs] [Times: user=0,01 sys=0,00, real=0,00 secs] 
51,949: [GC (Allocation Failure) [PSYoungGen: 83040K->96K(81408K)] 84936K->1992K(256512K), 0,0005185 secs] [Times: user=0,00 sys=0,00, real=0,00 secs] 
51,999: [GC (Allocation Failure) [PSYoungGen: 80992K->96K(79360K)] 82888K->1992K(254464K), 0,0005486 secs] [Times: user=0,00 sys=0,00, real=0,00 secs] 
52,047: [GC (Allocation Failure) [PSYoungGen: 78944K->96K(77312K)] 80840K->1992K(252416K), 0,0005574 secs] [Times: user=0,00 sys=0,00, real=0,00 secs] 
52,097: [GC (Allocation Failure) [PSYoungGen: 76896K->96K(75264K)] 78792K->1992K(250368K), 0,0005684 secs] [Times: user=0,00 sys=0,00, real=0,00 secs] 
52,143: [GC (Allocation Failure) [PSYoungGen: 74848K->96K(73728K)] 76744K->1992K(248832K), 0,0005163 secs] [Times: user=0,00 sys=0,00, real=0,00 secs] 
52,189: [GC (Allocation Failure) [PSYoungGen: 73312K->96K(88576K)] 75208K->1992K(263680K), 0,0005253 secs] [Times: user=0,00 sys=0,00, real=0,00 secs] 
52,243: [GC (Allocation Failure) [PSYoungGen: 88160K->96K(106496K)] 90056K->1992K(281600K), 0,0007560 secs] [Times: user=0,00 sys=0,00, real=0,00 secs] 
52,312: [GC (Allocation Failure) [PSYoungGen: 106080K->96K(103424K)] 107976K->1992K(278528K), 0,0005650 secs] [Times: user=0,00 sys=0,00, real=0,00 secs] 
52,375: [GC (Allocation Failure) [PSYoungGen: 103008K->96K(100352K)] 104904K->1992K(275456K), 0,0005235 secs] [Times: user=0,01 sys=0,00, real=0,00 secs] 
52,436: [GC (Allocation Failure) [PSYoungGen: 99936K->96K(97792K)] 101832K->1992K(272896K), 0,0005911 secs] [Times: user=0,00 sys=0,00, real=0,00 secs] 
52,496: [GC (Allocation Failure) [PSYoungGen: 97376K->64K(95232K)] 99272K->1960K(270336K), 0,0005413 secs] [Times: user=0,00 sys=0,00, real=0,00 secs] 
52,554: [GC (Allocation Failure) [PSYoungGen: 94784K->96K(92672K)] 96680K->1992K(267776K), 0,0005162 secs] [Times: user=0,00 sys=0,00, real=0,00 secs] 
52,611: [GC (Allocation Failure) [PSYoungGen: 92256K->96K(90112K)] 94152K->1992K(265216K), 0,0005329 secs] [Times: user=0,00 sys=0,00, real=0,00 secs] 
52,666: [GC (Allocation Failure) [PSYoungGen: 89696K->96K(87552K)] 91592K->1992K(262656K), 0,0005207 secs] [Times: user=0,00 sys=0,00, real=0,00 secs] 
52,720: [GC (Allocation Failure) [PSYoungGen: 87136K->64K(85504K)] 89032K->1960K(260608K), 0,0005282 secs] [Times: user=0,00 sys=0,00, real=0,00 secs] 
52,772: [GC (Allocation Failure) [PSYoungGen: 85056K->96K(83456K)] 86952K->1992K(258560K), 0,0005753 secs] [Times: user=0,01 sys=0,01, real=0,00 secs] 
52,823: [GC (Allocation Failure) [PSYoungGen: 83040K->96K(81408K)] 84936K->1992K(256512K), 0,0005195 secs] [Times: user=0,00 sys=0,00, real=0,00 secs] 
52,873: [GC (Allocation Failure) [PSYoungGen: 80992K->96K(79360K)] 82888K->1992K(254464K), 0,0005726 secs] [Times: user=0,00 sys=0,00, real=0,00 secs] 
52,922: [GC (Allocation Failure) [PSYoungGen: 78944K->96K(77312K)] 80840K->1992K(252416K), 0,0005143 secs] [Times: user=0,01 sys=0,00, real=0,00 secs] 
52,969: [GC (Allocation Failure) [PSYoungGen: 76896K->96K(75264K)] 78792K->1992K(250368K), 0,0005629 secs] [Times: user=0,00 sys=0,00, real=0,00 secs] 
53,015: [GC (Allocation Failure) [PSYoungGen: 74848K->96K(90624K)] 76744K->1992K(265728K), 0,0005693 secs] [Times: user=0,00 sys=0,00, real=0,00 secs] 
53,071: [GC (Allocation Failure) [PSYoungGen: 90208K->96K(109056K)] 92104K->1992K(284160K), 0,0013257 secs] [Times: user=0,01 sys=0,00, real=0,00 secs] 
53,139: [GC (Allocation Failure) [PSYoungGen: 108640K->96K(131072K)] 110536K->1992K(306176K), 0,0005335 secs] [Times: user=0,00 sys=0,00, real=0,00 secs] 
53,219: [GC (Allocation Failure) [PSYoungGen: 130656K->96K(157184K)] 132552K->1992K(332288K), 0,0005252 secs] [Times: user=0,01 sys=0,00, real=0,00 secs] 
53,315: [GC (Allocation Failure) [PSYoungGen: 156768K->64K(152064K)] 158664K->1960K(327168K), 0,0006330 secs] [Times: user=0,00 sys=0,00, real=0,00 secs] 
53,408: [GC (Allocation Failure) [PSYoungGen: 151616K->64K(146944K)] 153512K->1960K(322048K), 0,0005064 secs] [Times: user=0,00 sys=0,00, real=0,00 secs] 
53,498: [GC (Allocation Failure) [PSYoungGen: 146496K->96K(142336K)] 148392K->1992K(317440K), 0,0005227 secs] [Times: user=0,00 sys=0,00, real=0,00 secs] 
53,584: [GC (Allocation Failure) [PSYoungGen: 141920K->96K(137728K)] 143816K->1992K(312832K), 0,0005473 secs] [Times: user=0,00 sys=0,00, real=0,00 secs] 
53,668: [GC (Allocation Failure) [PSYoungGen: 137312K->96K(133120K)] 139208K->1992K(308224K), 0,0005688 secs] [Times: user=0,01 sys=0,00, real=0,01 secs] 
53,749: [GC (Allocation Failure) [PSYoungGen: 132704K->128K(129024K)] 134600K->2024K(304128K), 0,0005092 secs] [Times: user=0,00 sys=0,00, real=0,00 secs] 
53,827: [GC (Allocation Failure) [PSYoungGen: 128640K->96K(124928K)] 130536K->1992K(300032K), 0,0005325 secs] [Times: user=0,00 sys=0,00, real=0,00 secs] 
53,903: [GC (Allocation Failure) [PSYoungGen: 124512K->96K(121344K)] 126408K->1992K(296448K), 0,0005431 secs] [Times: user=0,00 sys=0,00, real=0,00 secs] 
53,977: [GC (Allocation Failure) [PSYoungGen: 120928K->96K(117760K)] 122824K->1992K(292864K), 0,0005241 secs] [Times: user=0,01 sys=0,00, real=0,00 secs] 
54,049: [GC (Allocation Failure) [PSYoungGen: 117344K->64K(114176K)] 119240K->1960K(289280K), 0,0005280 secs] [Times: user=0,00 sys=0,00, real=0,00 secs] 
54,120: [GC (Allocation Failure) [PSYoungGen: 113728K->64K(110592K)] 115624K->1960K(285696K), 0,0005368 secs] [Times: user=0,00 sys=0,00, real=0,00 secs] 
54,188: [GC (Allocation Failure) [PSYoungGen: 110144K->96K(107520K)] 112040K->1992K(282624K), 0,0005280 secs] [Times: user=0,00 sys=0,00, real=0,01 secs] 
54,254: [GC (Allocation Failure) [PSYoungGen: 107104K->96K(104448K)] 109000K->1992K(279552K), 0,0005654 secs] [Times: user=0,00 sys=0,00, real=0,00 secs] 
54,317: [GC (Allocation Failure) [PSYoungGen: 104032K->96K(101376K)] 105928K->1992K(276480K), 0,0005216 secs] [Times: user=0,00 sys=0,00, real=0,00 secs] 
54,379: [GC (Allocation Failure) [PSYoungGen: 100960K->96K(98816K)] 102856K->1992K(273920K), 0,0005064 secs] [Times: user=0,00 sys=0,00, real=0,00 secs] 
54,440: [GC (Allocation Failure) [PSYoungGen: 98400K->96K(96256K)] 100296K->1992K(271360K), 0,0005213 secs] [Times: user=0,00 sys=0,00, real=0,00 secs] 
54,499: [GC (Allocation Failure) [PSYoungGen: 95840K->96K(93696K)] 97736K->1992K(268800K), 0,0006072 secs] [Times: user=0,00 sys=0,00, real=0,00 secs] 
54,556: [GC (Allocation Failure) [PSYoungGen: 93280K->96K(91136K)] 95176K->1992K(266240K), 0,0005271 secs] [Times: user=0,00 sys=0,00, real=0,00 secs] 
54,612: [GC (Allocation Failure) [PSYoungGen: 90720K->96K(88576K)] 92616K->1992K(263680K), 0,0005164 secs] [Times: user=0,00 sys=0,00, real=0,00 secs] 
54,666: [GC (Allocation Failure) [PSYoungGen: 88160K->96K(86528K)] 90056K->1992K(261632K), 0,0005584 secs] [Times: user=0,00 sys=0,00, real=0,00 secs] 
54,719: [GC (Allocation Failure) [PSYoungGen: 86112K->64K(84480K)] 88008K->1960K(259584K), 0,0006569 secs] [Times: user=0,00 sys=0,00, real=0,00 secs] 
54,770: [GC (Allocation Failure) [PSYoungGen: 84032K->96K(82432K)] 85928K->1992K(257536K), 0,0005286 secs] [Times: user=0,00 sys=0,00, real=0,00 secs] 
54,821: [GC (Allocation Failure) [PSYoungGen: 82016K->96K(80384K)] 83912K->1992K(255488K), 0,0005246 secs] [Times: user=0,00 sys=0,00, real=0,00 secs] 
54,870: [GC (Allocation Failure) [PSYoungGen: 79968K->96K(78336K)] 81864K->1992K(253440K), 0,0005100 secs] [Times: user=0,00 sys=0,00, real=0,00 secs] 
54,918: [GC (Allocation Failure) [PSYoungGen: 77920K->96K(76288K)] 79816K->1992K(251392K), 0,0005662 secs] [Times: user=0,00 sys=0,00, real=0,01 secs] 
54,965: [GC (Allocation Failure) [PSYoungGen: 75872K->32K(91648K)] 77768K->1928K(266752K), 0,0009871 secs] [Times: user=0,00 sys=0,01, real=0,00 secs] 
55,025: [GC (Allocation Failure) [PSYoungGen: 91168K->96K(110080K)] 93064K->1992K(285184K), 0,0011068 secs] [Times: user=0,00 sys=0,00, real=0,00 secs] 
55,095: [GC (Allocation Failure) [PSYoungGen: 109664K->96K(132096K)] 111560K->1992K(307200K), 0,0010779 secs] [Times: user=0,00 sys=0,00, real=0,00 secs] 
55,176: [GC (Allocation Failure) [PSYoungGen: 131680K->64K(158720K)] 133576K->1960K(333824K), 0,0005598 secs] [Times: user=0,00 sys=0,00, real=0,00 secs] 
55,273: [GC (Allocation Failure) [PSYoungGen: 158272K->64K(190464K)] 160168K->1960K(365568K), 0,0011450 secs] [Times: user=0,00 sys=0,00, real=0,00 secs] 
55,391: [GC (Allocation Failure) [PSYoungGen: 190016K->96K(183808K)] 191912K->1992K(358912K), 0,0005759 secs] [Times: user=0,00 sys=0,00, real=0,00 secs] 
55,504: [GC (Allocation Failure) [PSYoungGen: 183392K->96K(177152K)] 185288K->1992K(352256K), 0,0005210 secs] [Times: user=0,00 sys=0,00, real=0,00 secs] 
55,611: [GC (Allocation Failure) [PSYoungGen: 176736K->96K(171008K)] 178632K->1992K(346112K), 0,0005410 secs] [Times: user=0,01 sys=0,00, real=0,00 secs] 
55,717: [GC (Allocation Failure) [PSYoungGen: 170592K->96K(164864K)] 172488K->1992K(339968K), 0,0005346 secs] [Times: user=0,00 sys=0,00, real=0,00 secs] 
55,818: [GC (Allocation Failure) [PSYoungGen: 164448K->96K(159232K)] 166344K->1992K(334336K), 0,0005354 secs] [Times: user=0,00 sys=0,00, real=0,01 secs] 
55,916: [GC (Allocation Failure) [PSYoungGen: 158816K->96K(154112K)] 160712K->1992K(329216K), 0,0005317 secs] [Times: user=0,00 sys=0,00, real=0,00 secs] 
56,011: [GC (Allocation Failure) [PSYoungGen: 153696K->96K(148992K)] 155592K->1992K(324096K), 0,0005791 secs] [Times: user=0,00 sys=0,00, real=0,00 secs] 
56,105: [GC (Allocation Failure) [PSYoungGen: 148576K->96K(143872K)] 150472K->1992K(318976K), 0,0006272 secs] [Times: user=0,01 sys=0,00, real=0,00 secs] 
56,194: [GC (Allocation Failure) [PSYoungGen: 143456K->96K(139264K)] 145352K->1992K(314368K), 0,0005312 secs] [Times: user=0,00 sys=0,00, real=0,00 secs] 
56,280: [GC (Allocation Failure) [PSYoungGen: 138848K->96K(134656K)] 140744K->1992K(309760K), 0,0005802 secs] [Times: user=0,00 sys=0,00, real=0,00 secs] 
56,363: [GC (Allocation Failure) [PSYoungGen: 134240K->64K(130560K)] 136136K->1960K(305664K), 0,0007786 secs] [Times: user=0,00 sys=0,00, real=0,00 secs] 
56,444: [GC (Allocation Failure) [PSYoungGen: 130112K->96K(126464K)] 132008K->1992K(301568K), 0,0005276 secs] [Times: user=0,00 sys=0,00, real=0,00 secs] 
56,521: [GC (Allocation Failure) [PSYoungGen: 126048K->96K(122368K)] 127944K->1992K(297472K), 0,0005246 secs] [Times: user=0,00 sys=0,00, real=0,00 secs] 
56,596: [GC (Allocation Failure) [PSYoungGen: 121952K->96K(118784K)] 123848K->1992K(293888K), 0,0005513 secs] [Times: user=0,00 sys=0,00, real=0,00 secs] 
56,669: [GC (Allocation Failure) [PSYoungGen: 118368K->96K(115200K)] 120264K->1992K(290304K), 0,0005350 secs] [Times: user=0,00 sys=0,00, real=0,00 secs] 
56,738: [GC (Allocation Failure) [PSYoungGen: 114784K->64K(111616K)] 116680K->1960K(286720K), 0,0005218 secs] [Times: user=0,00 sys=0,00, real=0,01 secs] 
56,805: [GC (Allocation Failure) [PSYoungGen: 111168K->96K(108544K)] 113064K->1992K(283648K), 0,0005138 secs] [Times: user=0,00 sys=0,00, real=0,00 secs] 
56,870: [GC (Allocation Failure) [PSYoungGen: 108128K->96K(105472K)] 110024K->1992K(280576K), 0,0005810 secs] [Times: user=0,00 sys=0,00, real=0,00 secs] 
56,932: [GC (Allocation Failure) [PSYoungGen: 105056K->96K(102400K)] 106952K->1992K(277504K), 0,0005121 secs] [Times: user=0,00 sys=0,00, real=0,00 secs] 
56,993: [GC (Allocation Failure) [PSYoungGen: 101984K->96K(99328K)] 103880K->1992K(274432K), 0,0005218 secs] [Times: user=0,00 sys=0,00, real=0,00 secs] 
57,052: [GC (Allocation Failure) [PSYoungGen: 98912K->64K(96768K)] 100808K->1960K(271872K), 0,0005603 secs] [Times: user=0,00 sys=0,00, real=0,00 secs] 
57,110: [GC (Allocation Failure) [PSYoungGen: 96320K->96K(94208K)] 98216K->1992K(269312K), 0,0005174 secs] [Times: user=0,00 sys=0,00, real=0,00 secs] 
57,167: [GC (Allocation Failure) [PSYoungGen: 93792K->96K(91648K)] 95688K->1992K(266752K), 0,0006088 secs] [Times: user=0,00 sys=0,00, real=0,00 secs] 
57,221: [GC (Allocation Failure) [PSYoungGen: 91232K->64K(89088K)] 93128K->1960K(264192K), 0,0005867 secs] [Times: user=0,00 sys=0,00, real=0,00 secs] 
57,274: [GC (Allocation Failure) [PSYoungGen: 88640K->96K(87040K)] 90536K->1992K(262144K), 0,0005379 secs] [Times: user=0,01 sys=0,00, real=0,00 secs] 
57,325: [GC (Allocation Failure) [PSYoungGen: 86624K->96K(84992K)] 88520K->1992K(260096K), 0,0005056 secs] [Times: user=0,00 sys=0,00, real=0,00 secs] 
57,384: [GC (Allocation Failure) [PSYoungGen: 84576K->64K(101888K)] 86472K->1960K(276992K), 0,0011211 secs] [Times: user=0,01 sys=0,00, real=0,00 secs] 
57,445: [GC (Allocation Failure) [PSYoungGen: 101440K->96K(122368K)] 103336K->1992K(297472K), 0,0005348 secs] [Times: user=0,00 sys=0,00, real=0,00 secs] 
57,518: [GC (Allocation Failure) [PSYoungGen: 121952K->96K(118784K)] 123848K->1992K(293888K), 0,0005212 secs] [Times: user=0,00 sys=0,00, real=0,01 secs] 
57,589: [GC (Allocation Failure) [PSYoungGen: 118368K->96K(115200K)] 120264K->1992K(290304K), 0,0005113 secs] [Times: user=0,00 sys=0,00, real=0,00 secs] 
57,658: [GC (Allocation Failure) [PSYoungGen: 114784K->96K(111616K)] 116680K->1992K(286720K), 0,0005635 secs] [Times: user=0,00 sys=0,00, real=0,00 secs] 
57,724: [GC (Allocation Failure) [PSYoungGen: 111200K->96K(108544K)] 113096K->1992K(283648K), 0,0005250 secs] [Times: user=0,00 sys=0,00, real=0,00 secs] 
57,788: [GC (Allocation Failure) [PSYoungGen: 108128K->96K(105472K)] 110024K->1992K(280576K), 0,0005115 secs] [Times: user=0,00 sys=0,00, real=0,01 secs] 
57,850: [GC (Allocation Failure) [PSYoungGen: 105055K->96K(102400K)] 106952K->1992K(277504K), 0,0005344 secs] [Times: user=0,00 sys=0,00, real=0,00 secs] 
57,911: [GC (Allocation Failure) [PSYoungGen: 101984K->64K(99328K)] 103880K->1960K(274432K), 0,0007729 secs] [Times: user=0,01 sys=0,00, real=0,00 secs] 
57,970: [GC (Allocation Failure) [PSYoungGen: 98880K->96K(96768K)] 100776K->1992K(271872K), 0,0005261 secs] [Times: user=0,01 sys=0,00, real=0,00 secs] 
58,028: [GC (Allocation Failure) [PSYoungGen: 96352K->96K(94208K)] 98248K->1992K(269312K), 0,0005128 secs] [Times: user=0,00 sys=0,00, real=0,00 secs] 
58,085: [GC (Allocation Failure) [PSYoungGen: 93792K->96K(91648K)] 95688K->1992K(266752K), 0,0005204 secs] [Times: user=0,00 sys=0,00, real=0,00 secs] 
58,139: [GC (Allocation Failure) [PSYoungGen: 91232K->96K(89088K)] 93128K->1992K(264192K), 0,0005208 secs] [Times: user=0,00 sys=0,00, real=0,00 secs] 
58,192: [GC (Allocation Failure) [PSYoungGen: 88672K->96K(87040K)] 90568K->1992K(262144K), 0,0005618 secs] [Times: user=0,00 sys=0,00, real=0,00 secs] 
58,244: [GC (Allocation Failure) [PSYoungGen: 86624K->96K(84992K)] 88520K->1992K(260096K), 0,0005257 secs] [Times: user=0,00 sys=0,00, real=0,00 secs] 
58,294: [GC (Allocation Failure) [PSYoungGen: 84576K->96K(82944K)] 86472K->1992K(258048K), 0,0005096 secs] [Times: user=0,00 sys=0,00, real=0,00 secs] 
58,343: [GC (Allocation Failure) [PSYoungGen: 82528K->96K(80896K)] 84424K->1992K(256000K), 0,0005898 secs] [Times: user=0,00 sys=0,00, real=0,00 secs] 
58,391: [GC (Allocation Failure) [PSYoungGen: 80480K->96K(78848K)] 82376K->1992K(253952K), 0,0005545 secs] [Times: user=0,00 sys=0,00, real=0,00 secs] 
58,438: [GC (Allocation Failure) [PSYoungGen: 78432K->96K(76800K)] 80328K->1992K(251904K), 0,0005597 secs] [Times: user=0,01 sys=0,00, real=0,01 secs] 
58,484: [GC (Allocation Failure) [PSYoungGen: 76384K->96K(74752K)] 78280K->1992K(249856K), 0,0005087 secs] [Times: user=0,00 sys=0,00, real=0,00 secs] 
58,528: [GC (Allocation Failure) [PSYoungGen: 74336K->96K(89600K)] 76232K->1992K(264704K), 0,0005139 secs] [Times: user=0,00 sys=0,00, real=0,01 secs] 
58,582: [GC (Allocation Failure) [PSYoungGen: 89184K->96K(87040K)] 91080K->1992K(262144K), 0,0005116 secs] [Times: user=0,00 sys=0,00, real=0,00 secs] 
58,633: [GC (Allocation Failure) [PSYoungGen: 86624K->96K(84992K)] 88520K->1992K(260096K), 0,0005343 secs] [Times: user=0,00 sys=0,00, real=0,00 secs] 
58,684: [GC (Allocation Failure) [PSYoungGen: 84576K->64K(101888K)] 86472K->1960K(276992K), 0,0010132 secs] [Times: user=0,00 sys=0,00, real=0,00 secs] 
58,745: [GC (Allocation Failure) [PSYoungGen: 101440K->96K(122368K)] 103336K->1992K(297472K), 0,0005165 secs] [Times: user=0,00 sys=0,00, real=0,00 secs] 
58,817: [GC (Allocation Failure) [PSYoungGen: 121952K->96K(118784K)] 123848K->1992K(293888K), 0,0005001 secs] [Times: user=0,00 sys=0,00, real=0,00 secs] 
58,887: [GC (Allocation Failure) [PSYoungGen: 118368K->96K(115200K)] 120264K->1992K(290304K), 0,0005041 secs] [Times: user=0,00 sys=0,00, real=0,00 secs] 
58,955: [GC (Allocation Failure) [PSYoungGen: 114784K->96K(111616K)] 116680K->1992K(286720K), 0,0005222 secs] [Times: user=0,00 sys=0,00, real=0,00 secs] 
59,021: [GC (Allocation Failure) [PSYoungGen: 111199K->96K(108544K)] 113096K->1992K(283648K), 0,0005066 secs] [Times: user=0,00 sys=0,00, real=0,00 secs] 
59,086: [GC (Allocation Failure) [PSYoungGen: 108128K->96K(105472K)] 110024K->1992K(280576K), 0,0005089 secs] [Times: user=0,00 sys=0,00, real=0,00 secs] 
59,149: [GC (Allocation Failure) [PSYoungGen: 105056K->96K(102400K)] 106952K->1992K(277504K), 0,0005101 secs] [Times: user=0,00 sys=0,00, real=0,00 secs] 
59,210: [GC (Allocation Failure) [PSYoungGen: 101984K->96K(99328K)] 103880K->1992K(274432K), 0,0005179 secs] [Times: user=0,00 sys=0,00, real=0,00 secs] 
59,269: [GC (Allocation Failure) [PSYoungGen: 98912K->96K(96768K)] 100808K->1992K(271872K), 0,0005259 secs] [Times: user=0,00 sys=0,00, real=0,00 secs] 
59,327: [GC (Allocation Failure) [PSYoungGen: 96352K->96K(94208K)] 98248K->1992K(269312K), 0,0005050 secs] [Times: user=0,00 sys=0,00, real=0,00 secs] 
59,382: [GC (Allocation Failure) [PSYoungGen: 93792K->96K(91648K)] 95688K->1992K(266752K), 0,0005207 secs] [Times: user=0,00 sys=0,00, real=0,00 secs] 
59,436: [GC (Allocation Failure) [PSYoungGen: 91232K->96K(89088K)] 93128K->1992K(264192K), 0,0005105 secs] [Times: user=0,00 sys=0,00, real=0,00 secs] 
59,490: [GC (Allocation Failure) [PSYoungGen: 88672K->96K(87040K)] 90568K->1992K(262144K), 0,0005042 secs] [Times: user=0,00 sys=0,00, real=0,00 secs] 
59,541: [GC (Allocation Failure) [PSYoungGen: 86624K->96K(84992K)] 88520K->1992K(260096K), 0,0005103 secs] [Times: user=0,00 sys=0,00, real=0,00 secs] 
59,591: [GC (Allocation Failure) [PSYoungGen: 84576K->96K(82944K)] 86472K->1992K(258048K), 0,0005171 secs] [Times: user=0,01 sys=0,00, real=0,00 secs] 
59,641: [GC (Allocation Failure) [PSYoungGen: 82528K->96K(80896K)] 84424K->1992K(256000K), 0,0005448 secs] [Times: user=0,00 sys=0,00, real=0,00 secs] 
59,689: [GC (Allocation Failure) [PSYoungGen: 80480K->96K(78848K)] 82376K->1992K(253952K), 0,0005859 secs] [Times: user=0,00 sys=0,00, real=0,00 secs] 
59,737: [GC (Allocation Failure) [PSYoungGen: 78432K->96K(76800K)] 80328K->1992K(251904K), 0,0005173 secs] [Times: user=0,00 sys=0,00, real=0,00 secs] 
59,784: [GC (Allocation Failure) [PSYoungGen: 76384K->96K(92160K)] 78280K->1992K(267264K), 0,0008240 secs] [Times: user=0,00 sys=0,00, real=0,00 secs] 
59,840: [GC (Allocation Failure) [PSYoungGen: 91744K->96K(110592K)] 93640K->1992K(285696K), 0,0005139 secs] [Times: user=0,01 sys=0,00, real=0,00 secs] 
59,908: [GC (Allocation Failure) [PSYoungGen: 110176K->96K(107520K)] 112072K->1992K(282624K), 0,0005232 secs] [Times: user=0,00 sys=0,00, real=0,00 secs] 
59,974: [GC (Allocation Failure) [PSYoungGen: 107104K->64K(104448K)] 109000K->1960K(279552K), 0,0006500 secs] [Times: user=0,00 sys=0,00, real=0,00 secs] 
60,037: [GC (Allocation Failure) [PSYoungGen: 104000K->64K(101376K)] 105896K->1960K(276480K), 0,0006093 secs] [Times: user=0,00 sys=0,00, real=0,00 secs] 
60,100: [GC (Allocation Failure) [PSYoungGen: 100928K->96K(98816K)] 102824K->1992K(273920K), 0,0005837 secs] [Times: user=0,00 sys=0,00, real=0,00 secs] 
60,161: [GC (Allocation Failure) [PSYoungGen: 98400K->96K(96256K)] 100296K->1992K(271360K), 0,0005177 secs] [Times: user=0,00 sys=0,00, real=0,00 secs] 
60,220: [GC (Allocation Failure) [PSYoungGen: 95840K->96K(93696K)] 97736K->1992K(268800K), 0,0006200 secs] [Times: user=0,00 sys=0,00, real=0,00 secs] 
60,277: [GC (Allocation Failure) [PSYoungGen: 93280K->96K(91136K)] 95176K->1992K(266240K), 0,0005209 secs] [Times: user=0,00 sys=0,00, real=0,00 secs] 
60,334: [GC (Allocation Failure) [PSYoungGen: 90720K->160K(88576K)] 92616K->2056K(263680K), 0,0005317 secs] [Times: user=0,00 sys=0,00, real=0,00 secs] 
60,388: [GC (Allocation Failure) [PSYoungGen: 88224K->64K(86528K)] 90120K->1992K(261632K), 0,0005814 secs] [Times: user=0,00 sys=0,00, real=0,00 secs] 
60,441: [GC (Allocation Failure) [PSYoungGen: 86080K->64K(103936K)] 88008K->1992K(279040K), 0,0009594 secs] [Times: user=0,00 sys=0,00, real=0,00 secs] 
60,505: [GC (Allocation Failure) [PSYoungGen: 103488K->96K(100864K)] 105416K->2024K(275968K), 0,0005244 secs] [Times: user=0,01 sys=0,00, real=0,00 secs] 
60,567: [GC (Allocation Failure) [PSYoungGen: 100448K->96K(98304K)] 102376K->2024K(273408K), 0,0005094 secs] [Times: user=0,00 sys=0,00, real=0,00 secs] 
60,628: [GC (Allocation Failure) [PSYoungGen: 97888K->96K(95744K)] 99816K->2024K(270848K), 0,0005280 secs] [Times: user=0,00 sys=0,00, real=0,00 secs] 
60,687: [GC (Allocation Failure) [PSYoungGen: 95328K->96K(93184K)] 97256K->2024K(268288K), 0,0005518 secs] [Times: user=0,00 sys=0,00, real=0,00 secs] 
60,743: [GC (Allocation Failure) [PSYoungGen: 92768K->96K(90624K)] 94696K->2024K(265728K), 0,0005641 secs] [Times: user=0,00 sys=0,00, real=0,00 secs] 
60,799: [GC (Allocation Failure) [PSYoungGen: 90208K->64K(88064K)] 92136K->1992K(263168K), 0,0005379 secs] [Times: user=0,00 sys=0,00, real=0,00 secs] 
60,852: [GC (Allocation Failure) [PSYoungGen: 87616K->96K(86016K)] 89544K->2024K(261120K), 0,0005559 secs] [Times: user=0,00 sys=0,00, real=0,00 secs] 
60,904: [GC (Allocation Failure) [PSYoungGen: 85600K->96K(83968K)] 87528K->2024K(259072K), 0,0005420 secs] [Times: user=0,00 sys=0,00, real=0,00 secs] 
60,956: [GC (Allocation Failure) [PSYoungGen: 83552K->96K(81920K)] 85480K->2024K(257024K), 0,0005165 secs] [Times: user=0,00 sys=0,00, real=0,00 secs] 
61,005: [GC (Allocation Failure) [PSYoungGen: 81504K->96K(79872K)] 83432K->2024K(254976K), 0,0005177 secs] [Times: user=0,00 sys=0,00, real=0,00 secs] 
61,054: [GC (Allocation Failure) [PSYoungGen: 79456K->96K(77824K)] 81384K->2024K(252928K), 0,0005264 secs] [Times: user=0,00 sys=0,00, real=0,00 secs] 
61,103: [GC (Allocation Failure) [PSYoungGen: 77408K->96K(75776K)] 79336K->2024K(250880K), 0,0005162 secs] [Times: user=0,00 sys=0,00, real=0,00 secs] 
61,150: [GC (Allocation Failure) [PSYoungGen: 75360K->96K(74240K)] 77288K->2024K(249344K), 0,0005510 secs] [Times: user=0,00 sys=0,00, real=0,00 secs] 
61,195: [GC (Allocation Failure) [PSYoungGen: 73824K->96K(89088K)] 75752K->2024K(264192K), 0,0005741 secs] [Times: user=0,00 sys=0,00, real=0,00 secs] 
61,250: [GC (Allocation Failure) [PSYoungGen: 88672K->96K(87040K)] 90600K->2024K(262144K), 0,0005317 secs] [Times: user=0,00 sys=0,00, real=0,00 secs] 
61,303: [GC (Allocation Failure) [PSYoungGen: 86624K->96K(84992K)] 88552K->2024K(260096K), 0,0005225 secs] [Times: user=0,00 sys=0,00, real=0,00 secs] 
61,355: [GC (Allocation Failure) [PSYoungGen: 84576K->96K(101888K)] 86504K->2024K(276992K), 0,0007224 secs] [Times: user=0,00 sys=0,00, real=0,00 secs] 
61,421: [GC (Allocation Failure) [PSYoungGen: 101472K->96K(98816K)] 103400K->2024K(273920K), 0,0005299 secs] [Times: user=0,01 sys=0,00, real=0,00 secs] 
61,481: [GC (Allocation Failure) [PSYoungGen: 98400K->96K(96256K)] 100328K->2024K(271360K), 0,0005724 secs] [Times: user=0,01 sys=0,00, real=0,00 secs] 
61,540: [GC (Allocation Failure) [PSYoungGen: 95840K->64K(93696K)] 97768K->1992K(268800K), 0,0005300 secs] [Times: user=0,01 sys=0,00, real=0,00 secs] 
61,597: [GC (Allocation Failure) [PSYoungGen: 93248K->96K(91136K)] 95176K->2024K(266240K), 0,0005211 secs] [Times: user=0,00 sys=0,00, real=0,00 secs] 
61,653: [GC (Allocation Failure) [PSYoungGen: 90720K->96K(88576K)] 92648K->2024K(263680K), 0,0005315 secs] [Times: user=0,00 sys=0,00, real=0,00 secs] 
61,707: [GC (Allocation Failure) [PSYoungGen: 88160K->96K(86528K)] 90088K->2024K(261632K), 0,0005308 secs] [Times: user=0,00 sys=0,00, real=0,00 secs] 
61,760: [GC (Allocation Failure) [PSYoungGen: 86112K->96K(84480K)] 88040K->2024K(259584K), 0,0005189 secs] [Times: user=0,00 sys=0,00, real=0,00 secs] 
61,811: [GC (Allocation Failure) [PSYoungGen: 84064K->96K(82432K)] 85992K->2024K(257536K), 0,0005542 secs] [Times: user=0,00 sys=0,00, real=0,00 secs] 
61,861: [GC (Allocation Failure) [PSYoungGen: 82016K->96K(80384K)] 83944K->2024K(255488K), 0,0005247 secs] [Times: user=0,00 sys=0,00, real=0,00 secs] 
61,910: [GC (Allocation Failure) [PSYoungGen: 79968K->64K(78336K)] 81896K->1992K(253440K), 0,0005240 secs] [Times: user=0,00 sys=0,00, real=0,00 secs] 
61,958: [GC (Allocation Failure) [PSYoungGen: 77888K->96K(76288K)] 79816K->2024K(251392K), 0,0005207 secs] [Times: user=0,01 sys=0,00, real=0,00 secs] 
62,005: [GC (Allocation Failure) [PSYoungGen: 75872K->96K(74752K)] 77800K->2024K(249856K), 0,0005710 secs] [Times: user=0,00 sys=0,00, real=0,00 secs] 
62,050: [GC (Allocation Failure) [PSYoungGen: 74336K->96K(73216K)] 76264K->2024K(248320K), 0,0005190 secs] [Times: user=0,00 sys=0,00, real=0,00 secs] 
62,096: [GC (Allocation Failure) [PSYoungGen: 72800K->96K(88064K)] 74728K->2024K(263168K), 0,0005249 secs] [Times: user=0,01 sys=0,00, real=0,00 secs] 
62,151: [GC (Allocation Failure) [PSYoungGen: 87648K->96K(86016K)] 89576K->2024K(261120K), 0,0005490 secs] [Times: user=0,00 sys=0,00, real=0,00 secs] 
62,204: [GC (Allocation Failure) [PSYoungGen: 85600K->96K(83968K)] 87528K->2024K(259072K), 0,0005215 secs] [Times: user=0,00 sys=0,00, real=0,00 secs] 
62,259: [GC (Allocation Failure) [PSYoungGen: 83552K->96K(81920K)] 85480K->2024K(257024K), 0,0005994 secs] [Times: user=0,00 sys=0,00, real=0,00 secs] 
62,309: [GC (Allocation Failure) [PSYoungGen: 81504K->96K(79872K)] 83432K->2024K(254976K), 0,0005712 secs] [Times: user=0,00 sys=0,00, real=0,00 secs] 
62,358: [GC (Allocation Failure) [PSYoungGen: 79456K->96K(77824K)] 81384K->2024K(252928K), 0,0005133 secs] [Times: user=0,00 sys=0,00, real=0,00 secs] 
62,406: [GC (Allocation Failure) [PSYoungGen: 77408K->96K(75776K)] 79336K->2024K(250880K), 0,0005183 secs] [Times: user=0,00 sys=0,00, real=0,00 secs] 
62,454: [GC (Allocation Failure) [PSYoungGen: 75360K->96K(91136K)] 77288K->2024K(266240K), 0,0006235 secs] [Times: user=0,00 sys=0,00, real=0,00 secs] 
62,510: [GC (Allocation Failure) [PSYoungGen: 90720K->96K(88576K)] 92648K->2024K(263680K), 0,0005152 secs] [Times: user=0,00 sys=0,00, real=0,00 secs] 
62,565: [GC (Allocation Failure) [PSYoungGen: 88160K->96K(86528K)] 90088K->2024K(261632K), 0,0005184 secs] [Times: user=0,01 sys=0,00, real=0,00 secs] 
62,618: [GC (Allocation Failure) [PSYoungGen: 86112K->64K(84480K)] 88040K->1992K(259584K), 0,0005780 secs] [Times: user=0,00 sys=0,00, real=0,01 secs] 
62,670: [GC (Allocation Failure) [PSYoungGen: 84032K->96K(82432K)] 85960K->2024K(257536K), 0,0005262 secs] [Times: user=0,00 sys=0,00, real=0,00 secs] 
62,721: [GC (Allocation Failure) [PSYoungGen: 82016K->96K(80384K)] 83944K->2024K(255488K), 0,0005304 secs] [Times: user=0,00 sys=0,00, real=0,00 secs] 
62,770: [GC (Allocation Failure) [PSYoungGen: 79968K->96K(78336K)] 81896K->2024K(253440K), 0,0005410 secs] [Times: user=0,00 sys=0,00, real=0,00 secs] 
62,817: [GC (Allocation Failure) [PSYoungGen: 77920K->64K(76288K)] 79848K->1992K(251392K), 0,0005209 secs] [Times: user=0,00 sys=0,00, real=0,00 secs] 
62,864: [GC (Allocation Failure) [PSYoungGen: 75840K->96K(74752K)] 77768K->2024K(249856K), 0,0005515 secs] [Times: user=0,00 sys=0,00, real=0,00 secs] 
62,910: [GC (Allocation Failure) [PSYoungGen: 74336K->96K(73216K)] 76264K->2024K(248320K), 0,0005241 secs] [Times: user=0,00 sys=0,00, real=0,00 secs] 
62,954: [GC (Allocation Failure) [PSYoungGen: 72800K->64K(88064K)] 74728K->1992K(263168K), 0,0007278 secs] [Times: user=0,00 sys=0,00, real=0,00 secs] 
63,008: [GC (Allocation Failure) [PSYoungGen: 87616K->96K(105984K)] 89544K->2024K(281088K), 0,0005193 secs] [Times: user=0,00 sys=0,00, real=0,01 secs] 
63,073: [GC (Allocation Failure) [PSYoungGen: 105568K->96K(102912K)] 107496K->2024K(278016K), 0,0005396 secs] [Times: user=0,00 sys=0,00, real=0,00 secs] 
63,137: [GC (Allocation Failure) [PSYoungGen: 102496K->96K(99840K)] 104424K->2024K(274944K), 0,0005195 secs] [Times: user=0,00 sys=0,00, real=0,00 secs] 
63,199: [GC (Allocation Failure) [PSYoungGen: 99424K->96K(97280K)] 101352K->2024K(272384K), 0,0004984 secs] [Times: user=0,00 sys=0,00, real=0,00 secs] 
63,258: [GC (Allocation Failure) [PSYoungGen: 96864K->96K(94720K)] 98792K->2024K(269824K), 0,0005605 secs] [Times: user=0,00 sys=0,00, real=0,01 secs] 
63,316: [GC (Allocation Failure) [PSYoungGen: 94304K->96K(92160K)] 96232K->2024K(267264K), 0,0005643 secs] [Times: user=0,00 sys=0,00, real=0,00 secs] 
63,372: [GC (Allocation Failure) [PSYoungGen: 91744K->96K(89600K)] 93672K->2024K(264704K), 0,0005162 secs] [Times: user=0,00 sys=0,00, real=0,00 secs] 
63,427: [GC (Allocation Failure) [PSYoungGen: 89184K->96K(87040K)] 91112K->2024K(262144K), 0,0005718 secs] [Times: user=0,00 sys=0,00, real=0,00 secs] 
63,480: [GC (Allocation Failure) [PSYoungGen: 86624K->96K(84992K)] 88552K->2024K(260096K), 0,0005243 secs] [Times: user=0,00 sys=0,00, real=0,00 secs] 
63,532: [GC (Allocation Failure) [PSYoungGen: 84576K->96K(82944K)] 86504K->2024K(258048K), 0,0006398 secs] [Times: user=0,00 sys=0,00, real=0,00 secs] 
63,583: [GC (Allocation Failure) [PSYoungGen: 82528K->96K(80896K)] 84456K->2024K(256000K), 0,0005131 secs] [Times: user=0,00 sys=0,00, real=0,00 secs] 
63,632: [GC (Allocation Failure) [PSYoungGen: 80480K->96K(78848K)] 82408K->2024K(253952K), 0,0005642 secs] [Times: user=0,00 sys=0,00, real=0,00 secs] 
63,681: [GC (Allocation Failure) [PSYoungGen: 78432K->96K(76800K)] 80360K->2024K(251904K), 0,0005279 secs] [Times: user=0,00 sys=0,00, real=0,00 secs] 
63,727: [GC (Allocation Failure) [PSYoungGen: 76384K->96K(74752K)] 78312K->2024K(249856K), 0,0005250 secs] [Times: user=0,01 sys=0,00, real=0,00 secs] 
63,773: [GC (Allocation Failure) [PSYoungGen: 74336K->96K(73216K)] 76264K->2024K(248320K), 0,0005189 secs] [Times: user=0,00 sys=0,00, real=0,00 secs] 
63,818: [GC (Allocation Failure) [PSYoungGen: 72800K->96K(88064K)] 74728K->2024K(263168K), 0,0005173 secs] [Times: user=0,00 sys=0,00, real=0,00 secs] 
63,872: [GC (Allocation Failure) [PSYoungGen: 87648K->96K(105984K)] 89576K->2024K(281088K), 0,0008297 secs] [Times: user=0,00 sys=0,00, real=0,00 secs] 
63,937: [GC (Allocation Failure) [PSYoungGen: 105568K->64K(127488K)] 107496K->1992K(302592K), 0,0005467 secs] [Times: user=0,00 sys=0,00, real=0,00 secs] 
64,015: [GC (Allocation Failure) [PSYoungGen: 127040K->96K(123392K)] 128968K->2024K(298496K), 0,0005655 secs] [Times: user=0,00 sys=0,00, real=0,00 secs] 
64,090: [GC (Allocation Failure) [PSYoungGen: 122976K->64K(119808K)] 124904K->1992K(294912K), 0,0005693 secs] [Times: user=0,00 sys=0,00, real=0,00 secs] 
64,165: [GC (Allocation Failure) [PSYoungGen: 119360K->96K(116224K)] 121288K->2024K(291328K), 0,0005535 secs] [Times: user=0,00 sys=0,00, real=0,00 secs] 
64,236: [GC (Allocation Failure) [PSYoungGen: 115808K->96K(112640K)] 117736K->2024K(287744K), 0,0005252 secs] [Times: user=0,00 sys=0,00, real=0,00 secs] 
64,305: [GC (Allocation Failure) [PSYoungGen: 112224K->96K(109568K)] 114152K->2024K(284672K), 0,0005215 secs] [Times: user=0,01 sys=0,00, real=0,00 secs] 
64,371: [GC (Allocation Failure) [PSYoungGen: 109152K->96K(106496K)] 111080K->2024K(281600K), 0,0005790 secs] [Times: user=0,00 sys=0,00, real=0,00 secs] 
64,436: [GC (Allocation Failure) [PSYoungGen: 106080K->96K(103424K)] 108008K->2024K(278528K), 0,0005068 secs] [Times: user=0,00 sys=0,00, real=0,00 secs] 
64,499: [GC (Allocation Failure) [PSYoungGen: 103008K->96K(100352K)] 104936K->2024K(275456K), 0,0005165 secs] [Times: user=0,00 sys=0,00, real=0,00 secs] 
64,561: [GC (Allocation Failure) [PSYoungGen: 99936K->64K(97792K)] 101864K->1992K(272896K), 0,0005454 secs] [Times: user=0,00 sys=0,00, real=0,00 secs] 
64,618: [GC (Allocation Failure) [PSYoungGen: 97344K->96K(95232K)] 99272K->2024K(270336K), 0,0005083 secs] [Times: user=0,00 sys=0,00, real=0,01 secs] 
64,676: [GC (Allocation Failure) [PSYoungGen: 94816K->96K(92672K)] 96744K->2024K(267776K), 0,0005490 secs] [Times: user=0,00 sys=0,00, real=0,00 secs] 
64,730: [GC (Allocation Failure) [PSYoungGen: 92256K->96K(90112K)] 94184K->2024K(265216K), 0,0005013 secs] [Times: user=0,00 sys=0,00, real=0,00 secs] 
64,784: [GC (Allocation Failure) [PSYoungGen: 89696K->96K(87552K)] 91624K->2024K(262656K), 0,0005332 secs] [Times: user=0,01 sys=0,00, real=0,00 secs] 
64,835: [GC (Allocation Failure) [PSYoungGen: 87136K->64K(85504K)] 89064K->1992K(260608K), 0,0005831 secs] [Times: user=0,00 sys=0,00, real=0,00 secs] 
64,886: [GC (Allocation Failure) [PSYoungGen: 85056K->96K(83456K)] 86984K->2024K(258560K), 0,0005250 secs] [Times: user=0,00 sys=0,00, real=0,00 secs] 
64,936: [GC (Allocation Failure) [PSYoungGen: 83040K->96K(81408K)] 84968K->2024K(256512K), 0,0005198 secs] [Times: user=0,00 sys=0,00, real=0,00 secs] 
64,984: [GC (Allocation Failure) [PSYoungGen: 80992K->64K(79360K)] 82920K->1992K(254464K), 0,0005595 secs] [Times: user=0,00 sys=0,00, real=0,00 secs] 
65,031: [GC (Allocation Failure) [PSYoungGen: 78912K->96K(77312K)] 80840K->2024K(252416K), 0,0005995 secs] [Times: user=0,00 sys=0,01, real=0,00 secs] 
65,077: [GC (Allocation Failure) [PSYoungGen: 76896K->96K(75264K)] 78824K->2024K(250368K), 0,0005134 secs] [Times: user=0,00 sys=0,00, real=0,00 secs] 
65,123: [GC (Allocation Failure) [PSYoungGen: 74848K->96K(90624K)] 76776K->2024K(265728K), 0,0005200 secs] [Times: user=0,00 sys=0,00, real=0,00 secs] 
65,177: [GC (Allocation Failure) [PSYoungGen: 90208K->96K(88064K)] 92136K->2024K(263168K), 0,0005107 secs] [Times: user=0,00 sys=0,00, real=0,00 secs] 
65,229: [GC (Allocation Failure) [PSYoungGen: 87648K->96K(86016K)] 89576K->2024K(261120K), 0,0005253 secs] [Times: user=0,00 sys=0,00, real=0,00 secs] 
65,280: [GC (Allocation Failure) [PSYoungGen: 85600K->64K(103424K)] 87528K->1992K(278528K), 0,0009033 secs] [Times: user=0,01 sys=0,00, real=0,00 secs] 
65,341: [GC (Allocation Failure) [PSYoungGen: 102976K->96K(124416K)] 104904K->2024K(299520K), 0,0005143 secs] [Times: user=0,00 sys=0,00, real=0,00 secs] 
65,415: [GC (Allocation Failure) [PSYoungGen: 124000K->96K(120832K)] 125928K->2024K(295936K), 0,0005189 secs] [Times: user=0,00 sys=0,00, real=0,00 secs] 
65,488: [GC (Allocation Failure) [PSYoungGen: 120416K->96K(117248K)] 122344K->2024K(292352K), 0,0005456 secs] [Times: user=0,00 sys=0,00, real=0,00 secs] 
65,558: [GC (Allocation Failure) [PSYoungGen: 116832K->96K(113664K)] 118760K->2024K(288768K), 0,0005162 secs] [Times: user=0,00 sys=0,00, real=0,01 secs] 
65,626: [GC (Allocation Failure) [PSYoungGen: 113248K->96K(110592K)] 115176K->2024K(285696K), 0,0005150 secs] [Times: user=0,00 sys=0,00, real=0,00 secs] 
65,692: [GC (Allocation Failure) [PSYoungGen: 110176K->96K(107520K)] 112104K->2024K(282624K), 0,0005104 secs] [Times: user=0,00 sys=0,00, real=0,00 secs] 
65,755: [GC (Allocation Failure) [PSYoungGen: 107104K->96K(104448K)] 109032K->2024K(279552K), 0,0005173 secs] [Times: user=0,00 sys=0,00, real=0,00 secs] 
65,817: [GC (Allocation Failure) [PSYoungGen: 104032K->96K(101376K)] 105960K->2024K(276480K), 0,0005198 secs] [Times: user=0,00 sys=0,00, real=0,00 secs] 
65,877: [GC (Allocation Failure) [PSYoungGen: 100960K->64K(98816K)] 102888K->1992K(273920K), 0,0005499 secs] [Times: user=0,00 sys=0,00, real=0,00 secs] 
65,935: [GC (Allocation Failure) [PSYoungGen: 98368K->96K(96256K)] 100296K->2024K(271360K), 0,0005449 secs] [Times: user=0,00 sys=0,00, real=0,00 secs] 
65,992: [GC (Allocation Failure) [PSYoungGen: 95840K->96K(93696K)] 97768K->2024K(268800K), 0,0005016 secs] [Times: user=0,00 sys=0,00, real=0,00 secs] 
66,048: [GC (Allocation Failure) [PSYoungGen: 93280K->96K(91136K)] 95208K->2024K(266240K), 0,0005023 secs] [Times: user=0,00 sys=0,00, real=0,00 secs] 
66,102: [GC (Allocation Failure) [PSYoungGen: 90720K->96K(88576K)] 92648K->2024K(263680K), 0,0005064 secs] [Times: user=0,00 sys=0,00, real=0,00 secs] 
66,156: [GC (Allocation Failure) [PSYoungGen: 88160K->96K(86528K)] 90088K->2024K(261632K), 0,0005214 secs] [Times: user=0,00 sys=0,00, real=0,00 secs] 
66,208: [GC (Allocation Failure) [PSYoungGen: 86112K->96K(84480K)] 88040K->2024K(259584K), 0,0005114 secs] [Times: user=0,01 sys=0,00, real=0,00 secs] 
66,258: [GC (Allocation Failure) [PSYoungGen: 84064K->96K(82432K)] 85992K->2024K(257536K), 0,0005413 secs] [Times: user=0,01 sys=0,00, real=0,00 secs] 
66,307: [GC (Allocation Failure) [PSYoungGen: 82016K->96K(80384K)] 83944K->2024K(255488K), 0,0004997 secs] [Times: user=0,00 sys=0,00, real=0,00 secs] 
66,355: [GC (Allocation Failure) [PSYoungGen: 79968K->96K(78336K)] 81896K->2024K(253440K), 0,0005711 secs] [Times: user=0,00 sys=0,00, real=0,00 secs] 
66,402: [GC (Allocation Failure) [PSYoungGen: 77920K->96K(76288K)] 79848K->2024K(251392K), 0,0005149 secs] [Times: user=0,00 sys=0,00, real=0,00 secs] 
66,447: [GC (Allocation Failure) [PSYoungGen: 75872K->96K(74752K)] 77800K->2024K(249856K), 0,0005013 secs] [Times: user=0,00 sys=0,00, real=0,00 secs] 
66,492: [GC (Allocation Failure) [PSYoungGen: 74336K->96K(73216K)] 76264K->2024K(248320K), 0,0005147 secs] [Times: user=0,00 sys=0,00, real=0,00 secs] 
66,537: [GC (Allocation Failure) [PSYoungGen: 72800K->96K(71680K)] 74728K->2024K(246784K), 0,0005084 secs] [Times: user=0,00 sys=0,00, real=0,00 secs] 
66,579: [GC (Allocation Failure) [PSYoungGen: 71264K->96K(86016K)] 73192K->2024K(261120K), 0,0005094 secs] [Times: user=0,00 sys=0,00, real=0,00 secs] 
66,630: [GC (Allocation Failure) [PSYoungGen: 85600K->64K(83968K)] 87528K->1992K(259072K), 0,0004930 secs] [Times: user=0,00 sys=0,00, real=0,00 secs] 
66,681: [GC (Allocation Failure) [PSYoungGen: 83520K->96K(81920K)] 85448K->2024K(257024K), 0,0005094 secs] [Times: user=0,00 sys=0,00, real=0,00 secs] 
66,729: [GC (Allocation Failure) [PSYoungGen: 81504K->96K(79872K)] 83432K->2024K(254976K), 0,0005598 secs] [Times: user=0,00 sys=0,00, real=0,00 secs] 
66,776: [GC (Allocation Failure) [PSYoungGen: 79456K->96K(77824K)] 81384K->2024K(252928K), 0,0005407 secs] [Times: user=0,00 sys=0,00, real=0,00 secs] 
66,822: [GC (Allocation Failure) [PSYoungGen: 77408K->64K(93696K)] 79336K->1992K(268800K), 0,0005445 secs] [Times: user=0,00 sys=0,00, real=0,00 secs] 
66,878: [GC (Allocation Failure) [PSYoungGen: 93248K->96K(91136K)] 95176K->2024K(266240K), 0,0005422 secs] [Times: user=0,00 sys=0,00, real=0,01 secs] 
66,932: [GC (Allocation Failure) [PSYoungGen: 90720K->96K(88576K)] 92648K->2024K(263680K), 0,0005125 secs] [Times: user=0,00 sys=0,00, real=0,00 secs] 
66,985: [GC (Allocation Failure) [PSYoungGen: 88160K->96K(86528K)] 90088K->2024K(261632K), 0,0005017 secs] [Times: user=0,00 sys=0,00, real=0,00 secs] 
67,036: [GC (Allocation Failure) [PSYoungGen: 86112K->64K(84480K)] 88040K->1992K(259584K), 0,0005560 secs] [Times: user=0,00 sys=0,00, real=0,00 secs] 
67,086: [GC (Allocation Failure) [PSYoungGen: 84032K->96K(82432K)] 85960K->2024K(257536K), 0,0005124 secs] [Times: user=0,00 sys=0,00, real=0,00 secs] 
67,136: [GC (Allocation Failure) [PSYoungGen: 82016K->96K(80384K)] 83944K->2024K(255488K), 0,0005165 secs] [Times: user=0,00 sys=0,01, real=0,00 secs] 
67,185: [GC (Allocation Failure) [PSYoungGen: 79968K->96K(78336K)] 81896K->2024K(253440K), 0,0005122 secs] [Times: user=0,00 sys=0,00, real=0,00 secs] 
67,231: [GC (Allocation Failure) [PSYoungGen: 77920K->96K(76288K)] 79848K->2024K(251392K), 0,0005150 secs] [Times: user=0,01 sys=0,00, real=0,00 secs] 
67,276: [GC (Allocation Failure) [PSYoungGen: 75872K->96K(74752K)] 77800K->2024K(249856K), 0,0005124 secs] [Times: user=0,00 sys=0,00, real=0,00 secs] 
67,324: [GC (Allocation Failure) [PSYoungGen: 74336K->64K(73216K)] 76264K->1992K(248320K), 0,0005176 secs] [Times: user=0,00 sys=0,00, real=0,00 secs] 
67,377: [GC (Allocation Failure) [PSYoungGen: 72768K->96K(71680K)] 74696K->2024K(246784K), 0,0005085 secs] [Times: user=0,00 sys=0,00, real=0,00 secs] 
67,421: [GC (Allocation Failure) [PSYoungGen: 71264K->96K(70144K)] 73192K->2024K(245248K), 0,0005430 secs] [Times: user=0,00 sys=0,00, real=0,00 secs] 
67,464: [GC (Allocation Failure) [PSYoungGen: 69728K->64K(84480K)] 71656K->1992K(259584K), 0,0005155 secs] [Times: user=0,00 sys=0,00, real=0,00 secs] 
67,515: [GC (Allocation Failure) [PSYoungGen: 84032K->96K(82432K)] 85960K->2024K(257536K), 0,0005197 secs] [Times: user=0,00 sys=0,00, real=0,00 secs] 
67,565: [GC (Allocation Failure) [PSYoungGen: 82016K->96K(80384K)] 83944K->2024K(255488K), 0,0005486 secs] [Times: user=0,00 sys=0,00, real=0,00 secs] 
67,614: [GC (Allocation Failure) [PSYoungGen: 79968K->96K(78336K)] 81896K->2024K(253440K), 0,0005138 secs] [Times: user=0,00 sys=0,00, real=0,00 secs] 
67,662: [GC (Allocation Failure) [PSYoungGen: 77920K->96K(76288K)] 79848K->2024K(251392K), 0,0005467 secs] [Times: user=0,00 sys=0,00, real=0,00 secs] 
67,709: [GC (Allocation Failure) [PSYoungGen: 75872K->96K(91648K)] 77800K->2024K(266752K), 0,0005958 secs] [Times: user=0,00 sys=0,00, real=0,00 secs] 
67,765: [GC (Allocation Failure) [PSYoungGen: 91232K->96K(89088K)] 93160K->2024K(264192K), 0,0005419 secs] [Times: user=0,00 sys=0,00, real=0,00 secs] 
67,820: [GC (Allocation Failure) [PSYoungGen: 88672K->64K(87040K)] 90600K->1992K(262144K), 0,0005755 secs] [Times: user=0,01 sys=0,00, real=0,00 secs] 
67,875: [GC (Allocation Failure) [PSYoungGen: 86592K->96K(84992K)] 88520K->2024K(260096K), 0,0006149 secs] [Times: user=0,00 sys=0,00, real=0,00 secs] 
67,928: [GC (Allocation Failure) [PSYoungGen: 84576K->96K(82944K)] 86504K->2024K(258048K), 0,0005758 secs] [Times: user=0,00 sys=0,00, real=0,01 secs] 
67,980: [GC (Allocation Failure) [PSYoungGen: 82528K->96K(99840K)] 84456K->2024K(274944K), 0,0005969 secs] [Times: user=0,00 sys=0,00, real=0,00 secs] 
68,047: [GC (Allocation Failure) [PSYoungGen: 99424K->96K(97280K)] 101352K->2024K(272384K), 0,0005399 secs] [Times: user=0,00 sys=0,00, real=0,00 secs] 
68,107: [GC (Allocation Failure) [PSYoungGen: 96864K->96K(94720K)] 98792K->2024K(269824K), 0,0005139 secs] [Times: user=0,00 sys=0,00, real=0,00 secs] 
68,165: [GC (Allocation Failure) [PSYoungGen: 94304K->96K(92160K)] 96232K->2024K(267264K), 0,0005689 secs] [Times: user=0,00 sys=0,00, real=0,00 secs] 
68,222: [GC (Allocation Failure) [PSYoungGen: 91744K->64K(89600K)] 93672K->1992K(264704K), 0,0006423 secs] [Times: user=0,00 sys=0,00, real=0,00 secs] 
68,277: [GC (Allocation Failure) [PSYoungGen: 89152K->96K(87040K)] 91080K->2024K(262144K), 0,0005326 secs] [Times: user=0,00 sys=0,00, real=0,00 secs] 
68,330: [GC (Allocation Failure) [PSYoungGen: 86624K->96K(84992K)] 88552K->2024K(260096K), 0,0005204 secs] [Times: user=0,00 sys=0,00, real=0,00 secs] 
68,382: [GC (Allocation Failure) [PSYoungGen: 84576K->96K(82944K)] 86504K->2024K(258048K), 0,0005130 secs] [Times: user=0,00 sys=0,00, real=0,00 secs] 
68,433: [GC (Allocation Failure) [PSYoungGen: 82528K->96K(80896K)] 84456K->2024K(256000K), 0,0005131 secs] [Times: user=0,00 sys=0,00, real=0,00 secs] 
68,483: [GC (Allocation Failure) [PSYoungGen: 80480K->96K(78848K)] 82408K->2024K(253952K), 0,0005192 secs] [Times: user=0,00 sys=0,00, real=0,00 secs] 
68,531: [GC (Allocation Failure) [PSYoungGen: 78432K->96K(76800K)] 80360K->2024K(251904K), 0,0006383 secs] [Times: user=0,00 sys=0,00, real=0,00 secs] 
68,578: [GC (Allocation Failure) [PSYoungGen: 76384K->96K(74752K)] 78312K->2024K(249856K), 0,0005582 secs] [Times: user=0,00 sys=0,00, real=0,01 secs] 
68,624: [GC (Allocation Failure) [PSYoungGen: 74336K->96K(89600K)] 76264K->2024K(264704K), 0,0005776 secs] [Times: user=0,00 sys=0,00, real=0,00 secs] 
68,680: [GC (Allocation Failure) [PSYoungGen: 89184K->96K(87040K)] 91112K->2024K(262144K), 0,0005107 secs] [Times: user=0,00 sys=0,00, real=0,00 secs] 
68,733: [GC (Allocation Failure) [PSYoungGen: 86624K->96K(84992K)] 88552K->2024K(260096K), 0,0005332 secs] [Times: user=0,00 sys=0,00, real=0,00 secs] 
68,785: [GC (Allocation Failure) [PSYoungGen: 84576K->64K(101888K)] 86504K->1992K(276992K), 0,0006932 secs] [Times: user=0,00 sys=0,00, real=0,00 secs] 
68,851: [GC (Allocation Failure) [PSYoungGen: 101440K->96K(98816K)] 103368K->2024K(273920K), 0,0005574 secs] [Times: user=0,00 sys=0,00, real=0,00 secs] 
68,912: [GC (Allocation Failure) [PSYoungGen: 98400K->96K(96256K)] 100328K->2024K(271360K), 0,0005146 secs] [Times: user=0,00 sys=0,00, real=0,00 secs] 
68,972: [GC (Allocation Failure) [PSYoungGen: 95840K->96K(93696K)] 97768K->2024K(268800K), 0,0005147 secs] [Times: user=0,00 sys=0,00, real=0,00 secs] 
69,033: [GC (Allocation Failure) [PSYoungGen: 93280K->96K(91136K)] 95208K->2024K(266240K), 0,0005130 secs] [Times: user=0,00 sys=0,00, real=0,00 secs] 
69,090: [GC (Allocation Failure) [PSYoungGen: 90720K->96K(88576K)] 92648K->2024K(263680K), 0,0005289 secs] [Times: user=0,00 sys=0,00, real=0,00 secs] 
69,151: [GC (Allocation Failure) [PSYoungGen: 88160K->64K(86528K)] 90088K->1992K(261632K), 0,0005692 secs] [Times: user=0,00 sys=0,00, real=0,00 secs] 
69,205: [GC (Allocation Failure) [PSYoungGen: 86080K->96K(84480K)] 88008K->2024K(259584K), 0,0006243 secs] [Times: user=0,00 sys=0,00, real=0,00 secs] 
69,257: [GC (Allocation Failure) [PSYoungGen: 84064K->96K(82432K)] 85992K->2024K(257536K), 0,0005799 secs] [Times: user=0,00 sys=0,00, real=0,00 secs] 
69,310: [GC (Allocation Failure) [PSYoungGen: 82016K->96K(80384K)] 83944K->2024K(255488K), 0,0005528 secs] [Times: user=0,00 sys=0,00, real=0,00 secs] 
69,360: [GC (Allocation Failure) [PSYoungGen: 79968K->64K(96768K)] 81896K->1992K(271872K), 0,0007975 secs] [Times: user=0,00 sys=0,00, real=0,00 secs] 
69,420: [GC (Allocation Failure) [PSYoungGen: 96320K->96K(94208K)] 98248K->2024K(269312K), 0,0005347 secs] [Times: user=0,00 sys=0,00, real=0,00 secs] 
69,477: [GC (Allocation Failure) [PSYoungGen: 93792K->96K(91648K)] 95720K->2024K(266752K), 0,0005277 secs] [Times: user=0,00 sys=0,00, real=0,00 secs] 
69,533: [GC (Allocation Failure) [PSYoungGen: 91232K->96K(89088K)] 93160K->2024K(264192K), 0,0005273 secs] [Times: user=0,00 sys=0,00, real=0,00 secs] 
69,588: [GC (Allocation Failure) [PSYoungGen: 88672K->96K(87040K)] 90600K->2024K(262144K), 0,0005262 secs] [Times: user=0,00 sys=0,00, real=0,00 secs] 
69,640: [GC (Allocation Failure) [PSYoungGen: 86624K->96K(84992K)] 88552K->2024K(260096K), 0,0005506 secs] [Times: user=0,00 sys=0,00, real=0,00 secs] 
69,692: [GC (Allocation Failure) [PSYoungGen: 84576K->64K(82944K)] 86504K->1992K(258048K), 0,0005648 secs] [Times: user=0,00 sys=0,00, real=0,00 secs] 
69,742: [GC (Allocation Failure) [PSYoungGen: 82496K->96K(80896K)] 84424K->2024K(256000K), 0,0005577 secs] [Times: user=0,01 sys=0,00, real=0,00 secs] 
69,792: [GC (Allocation Failure) [PSYoungGen: 80480K->96K(78848K)] 82408K->2024K(253952K), 0,0005240 secs] [Times: user=0,01 sys=0,00, real=0,00 secs] 
69,840: [GC (Allocation Failure) [PSYoungGen: 78432K->64K(94720K)] 80360K->1992K(269824K), 0,0010278 secs] [Times: user=0,00 sys=0,00, real=0,00 secs] 
69,898: [GC (Allocation Failure) [PSYoungGen: 94272K->96K(113664K)] 96200K->2024K(288768K), 0,0005660 secs] [Times: user=0,00 sys=0,00, real=0,00 secs] 
69,968: [GC (Allocation Failure) [PSYoungGen: 113248K->96K(136704K)] 115176K->2024K(311808K), 0,0005303 secs] [Times: user=0,00 sys=0,00, real=0,01 secs] 
70,052: [GC (Allocation Failure) [PSYoungGen: 136288K->96K(132608K)] 138216K->2024K(307712K), 0,0005266 secs] [Times: user=0,00 sys=0,00, real=0,00 secs] 
70,134: [GC (Allocation Failure) [PSYoungGen: 132192K->96K(128512K)] 134120K->2024K(303616K), 0,0005288 secs] [Times: user=0,00 sys=0,00, real=0,00 secs] 
70,212: [GC (Allocation Failure) [PSYoungGen: 128096K->64K(124416K)] 130024K->1992K(299520K), 0,0005320 secs] [Times: user=0,00 sys=0,00, real=0,00 secs] 
70,288: [GC (Allocation Failure) [PSYoungGen: 123968K->96K(120832K)] 125896K->2024K(295936K), 0,0005423 secs] [Times: user=0,00 sys=0,00, real=0,00 secs] 
70,362: [GC (Allocation Failure) [PSYoungGen: 120416K->96K(117248K)] 122344K->2024K(292352K), 0,0005423 secs] [Times: user=0,00 sys=0,00, real=0,00 secs] 
70,433: [GC (Allocation Failure) [PSYoungGen: 116832K->96K(113664K)] 118760K->2048K(288768K), 0,0005417 secs] [Times: user=0,00 sys=0,00, real=0,00 secs] 
70,503: [GC (Allocation Failure) [PSYoungGen: 113248K->96K(110592K)] 115200K->2048K(285696K), 0,0005335 secs] [Times: user=0,00 sys=0,00, real=0,00 secs] 
70,572: [GC (Allocation Failure) [PSYoungGen: 110176K->96K(107520K)] 112128K->2048K(282624K), 0,0005598 secs] [Times: user=0,00 sys=0,00, real=0,00 secs] 
70,639: [GC (Allocation Failure) [PSYoungGen: 107104K->96K(104448K)] 109056K->2048K(279552K), 0,0006104 secs] [Times: user=0,01 sys=0,00, real=0,00 secs] 
70,704: [GC (Allocation Failure) [PSYoungGen: 104032K->96K(101376K)] 105984K->2048K(276480K), 0,0005250 secs] [Times: user=0,00 sys=0,00, real=0,00 secs] 
70,766: [GC (Allocation Failure) [PSYoungGen: 100960K->96K(98816K)] 102912K->2048K(273920K), 0,0005470 secs] [Times: user=0,00 sys=0,00, real=0,00 secs] 
70,827: [GC (Allocation Failure) [PSYoungGen: 98400K->96K(96256K)] 100352K->2048K(271360K), 0,0005269 secs] [Times: user=0,00 sys=0,00, real=0,00 secs] 
70,886: [GC (Allocation Failure) [PSYoungGen: 95840K->64K(93696K)] 97792K->2016K(268800K), 0,0005607 secs] [Times: user=0,00 sys=0,00, real=0,00 secs] 
70,943: [GC (Allocation Failure) [PSYoungGen: 93248K->96K(91136K)] 95200K->2048K(266240K), 0,0006427 secs] [Times: user=0,00 sys=0,00, real=0,00 secs] 
71,000: [GC (Allocation Failure) [PSYoungGen: 90720K->96K(88576K)] 92672K->2048K(263680K), 0,0005491 secs] [Times: user=0,00 sys=0,00, real=0,00 secs] 
71,054: [GC (Allocation Failure) [PSYoungGen: 88160K->96K(86528K)] 90112K->2048K(261632K), 0,0005169 secs] [Times: user=0,00 sys=0,00, real=0,00 secs] 
71,107: [GC (Allocation Failure) [PSYoungGen: 86112K->64K(84480K)] 88064K->2016K(259584K), 0,0005802 secs] [Times: user=0,00 sys=0,00, real=0,00 secs] 
71,160: [GC (Allocation Failure) [PSYoungGen: 84032K->96K(82432K)] 85984K->2048K(257536K), 0,0005313 secs] [Times: user=0,00 sys=0,00, real=0,00 secs] 
71,212: [GC (Allocation Failure) [PSYoungGen: 82016K->96K(80384K)] 83968K->2048K(255488K), 0,0005707 secs] [Times: user=0,00 sys=0,00, real=0,00 secs] 
71,261: [GC (Allocation Failure) [PSYoungGen: 79968K->96K(78336K)] 81920K->2048K(253440K), 0,0005308 secs] [Times: user=0,00 sys=0,00, real=0,00 secs] 
71,309: [GC (Allocation Failure) [PSYoungGen: 77920K->96K(76288K)] 79872K->2048K(251392K), 0,0005134 secs] [Times: user=0,00 sys=0,00, real=0,00 secs] 
71,356: [GC (Allocation Failure) [PSYoungGen: 75872K->96K(74752K)] 77824K->2048K(249856K), 0,0005578 secs] [Times: user=0,00 sys=0,00, real=0,00 secs] 
71,406: [GC (Allocation Failure) [PSYoungGen: 74336K->96K(73216K)] 76288K->2048K(248320K), 0,0005162 secs] [Times: user=0,01 sys=0,00, real=0,00 secs] 
71,451: [GC (Allocation Failure) [PSYoungGen: 72800K->64K(88064K)] 74752K->2016K(263168K), 0,0006063 secs] [Times: user=0,00 sys=0,00, real=0,00 secs] 
71,506: [GC (Allocation Failure) [PSYoungGen: 87616K->64K(86016K)] 89568K->2016K(261120K), 0,0005388 secs] [Times: user=0,00 sys=0,00, real=0,00 secs] 
71,559: [GC (Allocation Failure) [PSYoungGen: 85568K->96K(83968K)] 87520K->2048K(259072K), 0,0005645 secs] [Times: user=0,00 sys=0,00, real=0,00 secs] 
71,610: [GC (Allocation Failure) [PSYoungGen: 83552K->128K(100864K)] 85504K->2080K(275968K), 0,0010937 secs] [Times: user=0,00 sys=0,00, real=0,00 secs] 
71,672: [GC (Allocation Failure) [PSYoungGen: 100480K->96K(121344K)] 102432K->2048K(296448K), 0,0005269 secs] [Times: user=0,00 sys=0,00, real=0,00 secs] 
71,747: [GC (Allocation Failure) [PSYoungGen: 120928K->96K(145920K)] 122880K->2048K(321024K), 0,0005685 secs] [Times: user=0,00 sys=0,00, real=0,00 secs] 
71,836: [GC (Allocation Failure) [PSYoungGen: 145504K->96K(141312K)] 147456K->2048K(316416K), 0,0005664 secs] [Times: user=0,00 sys=0,00, real=0,00 secs] 
71,922: [GC (Allocation Failure) [PSYoungGen: 140896K->96K(136704K)] 142848K->2048K(311808K), 0,0005389 secs] [Times: user=0,00 sys=0,00, real=0,00 secs] 
72,006: [GC (Allocation Failure) [PSYoungGen: 136288K->96K(132608K)] 138240K->2048K(307712K), 0,0005129 secs] [Times: user=0,00 sys=0,00, real=0,00 secs] 
72,087: [GC (Allocation Failure) [PSYoungGen: 132192K->96K(128512K)] 134144K->2048K(303616K), 0,0005201 secs] [Times: user=0,00 sys=0,00, real=0,00 secs] 
72,168: [GC (Allocation Failure) [PSYoungGen: 128096K->64K(124416K)] 130048K->2016K(299520K), 0,0010104 secs] [Times: user=0,00 sys=0,00, real=0,01 secs] 
72,248: [GC (Allocation Failure) [PSYoungGen: 123968K->96K(120832K)] 125920K->2048K(295936K), 0,0005387 secs] [Times: user=0,00 sys=0,00, real=0,00 secs] 
72,321: [GC (Allocation Failure) [PSYoungGen: 120416K->96K(117248K)] 122368K->2048K(292352K), 0,0005839 secs] [Times: user=0,00 sys=0,00, real=0,00 secs] 
72,393: [GC (Allocation Failure) [PSYoungGen: 116832K->96K(113664K)] 118784K->2048K(288768K), 0,0005316 secs] [Times: user=0,00 sys=0,00, real=0,00 secs] 
72,463: [GC (Allocation Failure) [PSYoungGen: 113248K->96K(110592K)] 115200K->2048K(285696K), 0,0005181 secs] [Times: user=0,00 sys=0,00, real=0,00 secs] 
72,530: [GC (Allocation Failure) [PSYoungGen: 110176K->64K(107520K)] 112128K->2016K(282624K), 0,0005025 secs] [Times: user=0,00 sys=0,00, real=0,00 secs] 
72,596: [GC (Allocation Failure) [PSYoungGen: 107072K->96K(104448K)] 109024K->2048K(279552K), 0,0005270 secs] [Times: user=0,00 sys=0,00, real=0,00 secs] 
72,660: [GC (Allocation Failure) [PSYoungGen: 104032K->32K(101376K)] 105984K->1984K(276480K), 0,0006600 secs] [Times: user=0,00 sys=0,00, real=0,00 secs] 
72,722: [GC (Allocation Failure) [PSYoungGen: 100896K->64K(98816K)] 102848K->2016K(273920K), 0,0007717 secs] [Times: user=0,01 sys=0,00, real=0,00 secs] 
72,783: [GC (Allocation Failure) [PSYoungGen: 98368K->96K(96256K)] 100320K->2048K(271360K), 0,0005265 secs] [Times: user=0,01 sys=0,00, real=0,00 secs] 
72,842: [GC (Allocation Failure) [PSYoungGen: 95840K->64K(93696K)] 97792K->2016K(268800K), 0,0005227 secs] [Times: user=0,01 sys=0,00, real=0,00 secs] 
72,900: [GC (Allocation Failure) [PSYoungGen: 93248K->96K(91136K)] 95200K->2048K(266240K), 0,0005110 secs] [Times: user=0,00 sys=0,00, real=0,00 secs] 
72,956: [GC (Allocation Failure) [PSYoungGen: 90720K->96K(88576K)] 92672K->2048K(263680K), 0,0005187 secs] [Times: user=0,00 sys=0,00, real=0,00 secs] 
73,009: [GC (Allocation Failure) [PSYoungGen: 88160K->96K(86528K)] 90112K->2048K(261632K), 0,0005327 secs] [Times: user=0,00 sys=0,00, real=0,00 secs] 
73,063: [GC (Allocation Failure) [PSYoungGen: 86112K->96K(84480K)] 88064K->2048K(259584K), 0,0005148 secs] [Times: user=0,00 sys=0,00, real=0,00 secs] 
73,115: [GC (Allocation Failure) [PSYoungGen: 84064K->64K(101376K)] 86016K->2016K(276480K), 0,0010235 secs] [Times: user=0,00 sys=0,00, real=0,00 secs] 
73,179: [GC (Allocation Failure) [PSYoungGen: 100928K->96K(98816K)] 102880K->2048K(273920K), 0,0005332 secs] [Times: user=0,00 sys=0,00, real=0,00 secs] 
73,239: [GC (Allocation Failure) [PSYoungGen: 98400K->96K(96256K)] 100352K->2048K(271360K), 0,0005335 secs] [Times: user=0,00 sys=0,00, real=0,00 secs] 
73,298: [GC (Allocation Failure) [PSYoungGen: 95840K->96K(93696K)] 97792K->2048K(268800K), 0,0005194 secs] [Times: user=0,00 sys=0,00, real=0,01 secs] 
73,355: [GC (Allocation Failure) [PSYoungGen: 93280K->96K(91136K)] 95232K->2048K(266240K), 0,0005623 secs] [Times: user=0,00 sys=0,00, real=0,00 secs] 
73,411: [GC (Allocation Failure) [PSYoungGen: 90720K->96K(88576K)] 92672K->2048K(263680K), 0,0005352 secs] [Times: user=0,00 sys=0,00, real=0,00 secs] 
73,465: [GC (Allocation Failure) [PSYoungGen: 88160K->96K(86528K)] 90112K->2048K(261632K), 0,0005551 secs] [Times: user=0,00 sys=0,00, real=0,00 secs] 
73,519: [GC (Allocation Failure) [PSYoungGen: 86112K->96K(84480K)] 88064K->2048K(259584K), 0,0005621 secs] [Times: user=0,01 sys=0,00, real=0,00 secs] 
73,570: [GC (Allocation Failure) [PSYoungGen: 84064K->64K(101376K)] 86016K->2016K(276480K), 0,0007635 secs] [Times: user=0,00 sys=0,00, real=0,00 secs] 
73,632: [GC (Allocation Failure) [PSYoungGen: 100928K->96K(98816K)] 102880K->2048K(273920K), 0,0005883 secs] [Times: user=0,00 sys=0,00, real=0,00 secs] 
73,693: [GC (Allocation Failure) [PSYoungGen: 98400K->96K(96256K)] 100352K->2048K(271360K), 0,0005164 secs] [Times: user=0,00 sys=0,00, real=0,00 secs] 
73,753: [GC (Allocation Failure) [PSYoungGen: 95840K->96K(93696K)] 97792K->2048K(268800K), 0,0005658 secs] [Times: user=0,00 sys=0,00, real=0,00 secs] 
73,810: [GC (Allocation Failure) [PSYoungGen: 93280K->96K(91136K)] 95232K->2048K(266240K), 0,0005313 secs] [Times: user=0,00 sys=0,00, real=0,00 secs] 
73,865: [GC (Allocation Failure) [PSYoungGen: 90720K->96K(88576K)] 92672K->2048K(263680K), 0,0005284 secs] [Times: user=0,00 sys=0,00, real=0,00 secs] 
73,919: [GC (Allocation Failure) [PSYoungGen: 88160K->96K(86528K)] 90112K->2048K(261632K), 0,0005141 secs] [Times: user=0,00 sys=0,00, real=0,00 secs] 
73,973: [GC (Allocation Failure) [PSYoungGen: 86112K->96K(84480K)] 88064K->2048K(259584K), 0,0005262 secs] [Times: user=0,00 sys=0,00, real=0,00 secs] 
74,024: [GC (Allocation Failure) [PSYoungGen: 84064K->96K(82432K)] 86016K->2048K(257536K), 0,0005157 secs] [Times: user=0,00 sys=0,00, real=0,00 secs] 
74,075: [GC (Allocation Failure) [PSYoungGen: 82016K->96K(80384K)] 83968K->2048K(255488K), 0,0006286 secs] [Times: user=0,00 sys=0,00, real=0,00 secs] 
74,125: [GC (Allocation Failure) [PSYoungGen: 79968K->96K(78336K)] 81920K->2048K(253440K), 0,0005225 secs] [Times: user=0,00 sys=0,00, real=0,00 secs] 
74,175: [GC (Allocation Failure) [PSYoungGen: 77920K->96K(76288K)] 79872K->2048K(251392K), 0,0005207 secs] [Times: user=0,00 sys=0,00, real=0,00 secs] 
74,223: [GC (Allocation Failure) [PSYoungGen: 75872K->96K(74752K)] 77824K->2048K(249856K), 0,0005211 secs] [Times: user=0,00 sys=0,00, real=0,00 secs] 
74,268: [GC (Allocation Failure) [PSYoungGen: 74336K->96K(73216K)] 76288K->2048K(248320K), 0,0005232 secs] [Times: user=0,00 sys=0,00, real=0,01 secs] 
74,314: [GC (Allocation Failure) [PSYoungGen: 72800K->96K(71680K)] 74752K->2048K(246784K), 0,0005199 secs] [Times: user=0,00 sys=0,00, real=0,00 secs] 
74,357: [GC (Allocation Failure) [PSYoungGen: 71264K->64K(86016K)] 73216K->2016K(261120K), 0,0005711 secs] [Times: user=0,00 sys=0,00, real=0,00 secs] 
74,410: [GC (Allocation Failure) [PSYoungGen: 85568K->96K(83968K)] 87520K->2048K(259072K), 0,0005074 secs] [Times: user=0,00 sys=0,00, real=0,00 secs] 
74,462: [GC (Allocation Failure) [PSYoungGen: 83552K->96K(81920K)] 85504K->2048K(257024K), 0,0005176 secs] [Times: user=0,00 sys=0,00, real=0,00 secs] 
74,512: [GC (Allocation Failure) [PSYoungGen: 81504K->96K(79872K)] 83456K->2048K(254976K), 0,0005075 secs] [Times: user=0,00 sys=0,00, real=0,00 secs] 
74,561: [GC (Allocation Failure) [PSYoungGen: 79456K->96K(77824K)] 81408K->2048K(252928K), 0,0005098 secs] [Times: user=0,00 sys=0,00, real=0,00 secs] 
74,609: [GC (Allocation Failure) [PSYoungGen: 77408K->96K(75776K)] 79360K->2048K(250880K), 0,0005258 secs] [Times: user=0,00 sys=0,00, real=0,00 secs] 
74,656: [GC (Allocation Failure) [PSYoungGen: 75360K->96K(74240K)] 77312K->2048K(249344K), 0,0005125 secs] [Times: user=0,00 sys=0,00, real=0,00 secs] 
74,701: [GC (Allocation Failure) [PSYoungGen: 73824K->96K(89088K)] 75776K->2048K(264192K), 0,0005638 secs] [Times: user=0,00 sys=0,00, real=0,00 secs] 
74,756: [GC (Allocation Failure) [PSYoungGen: 88672K->96K(87040K)] 90624K->2048K(262144K), 0,0005150 secs] [Times: user=0,00 sys=0,00, real=0,00 secs] 
74,810: [GC (Allocation Failure) [PSYoungGen: 86624K->96K(84992K)] 88576K->2048K(260096K), 0,0005047 secs] [Times: user=0,00 sys=0,00, real=0,00 secs] 
74,862: [GC (Allocation Failure) [PSYoungGen: 84576K->96K(82944K)] 86528K->2048K(258048K), 0,0005260 secs] [Times: user=0,00 sys=0,00, real=0,00 secs] 
74,912: [GC (Allocation Failure) [PSYoungGen: 82528K->96K(80896K)] 84480K->2048K(256000K), 0,0005869 secs] [Times: user=0,01 sys=0,00, real=0,00 secs] 
74,962: [GC (Allocation Failure) [PSYoungGen: 80480K->64K(97280K)] 82432K->2016K(272384K), 0,0008766 secs] [Times: user=0,01 sys=0,00, real=0,00 secs] 
75,023: [GC (Allocation Failure) [PSYoungGen: 96832K->96K(116736K)] 98784K->2048K(291840K), 0,0005224 secs] [Times: user=0,00 sys=0,00, real=0,00 secs] 
75,094: [GC (Allocation Failure) [PSYoungGen: 116320K->32K(140288K)] 118272K->1984K(315392K), 0,0008455 secs] [Times: user=0,00 sys=0,00, real=0,00 secs] 
75,181: [GC (Allocation Failure) [PSYoungGen: 139808K->96K(135680K)] 141760K->2048K(310784K), 0,0005305 secs] [Times: user=0,01 sys=0,00, real=0,00 secs] 
75,264: [GC (Allocation Failure) [PSYoungGen: 135264K->96K(131584K)] 137216K->2048K(306688K), 0,0005414 secs] [Times: user=0,00 sys=0,00, real=0,00 secs] 
75,344: [GC (Allocation Failure) [PSYoungGen: 131168K->96K(127488K)] 133120K->2048K(302592K), 0,0005543 secs] [Times: user=0,00 sys=0,00, real=0,00 secs] 
75,423: [GC (Allocation Failure) [PSYoungGen: 127072K->96K(123392K)] 129024K->2048K(298496K), 0,0005185 secs] [Times: user=0,00 sys=0,00, real=0,00 secs] 
75,498: [GC (Allocation Failure) [PSYoungGen: 122976K->96K(119808K)] 124928K->2048K(294912K), 0,0005124 secs] [Times: user=0,00 sys=0,00, real=0,01 secs] 
75,572: [GC (Allocation Failure) [PSYoungGen: 119392K->96K(116224K)] 121344K->2048K(291328K), 0,0006012 secs] [Times: user=0,00 sys=0,00, real=0,00 secs] 
75,644: [GC (Allocation Failure) [PSYoungGen: 115808K->96K(112640K)] 117760K->2048K(287744K), 0,0005197 secs] [Times: user=0,00 sys=0,00, real=0,00 secs] 
75,714: [GC (Allocation Failure) [PSYoungGen: 112224K->96K(109568K)] 114176K->2048K(284672K), 0,0005152 secs] [Times: user=0,00 sys=0,00, real=0,00 secs] 
75,783: [GC (Allocation Failure) [PSYoungGen: 109152K->96K(106496K)] 111104K->2048K(281600K), 0,0005243 secs] [Times: user=0,00 sys=0,00, real=0,00 secs] 
75,848: [GC (Allocation Failure) [PSYoungGen: 106080K->96K(103424K)] 108032K->2048K(278528K), 0,0005200 secs] [Times: user=0,00 sys=0,00, real=0,01 secs] 
75,911: [GC (Allocation Failure) [PSYoungGen: 103008K->96K(100352K)] 104960K->2048K(275456K), 0,0005868 secs] [Times: user=0,00 sys=0,00, real=0,00 secs] 
75,973: [GC (Allocation Failure) [PSYoungGen: 99936K->96K(97792K)] 101888K->2048K(272896K), 0,0005285 secs] [Times: user=0,00 sys=0,00, real=0,00 secs] 
76,032: [GC (Allocation Failure) [PSYoungGen: 97376K->96K(95232K)] 99328K->2048K(270336K), 0,0005259 secs] [Times: user=0,00 sys=0,00, real=0,00 secs] 
76,090: [GC (Allocation Failure) [PSYoungGen: 94816K->96K(92672K)] 96768K->2048K(267776K), 0,0005133 secs] [Times: user=0,00 sys=0,00, real=0,00 secs] 
76,148: [GC (Allocation Failure) [PSYoungGen: 92256K->96K(90112K)] 94208K->2048K(265216K), 0,0005169 secs] [Times: user=0,00 sys=0,00, real=0,01 secs] 
76,204: [GC (Allocation Failure) [PSYoungGen: 89696K->64K(87552K)] 91648K->2016K(262656K), 0,0006912 secs] [Times: user=0,00 sys=0,00, real=0,00 secs] 
76,257: [GC (Allocation Failure) [PSYoungGen: 87104K->96K(85504K)] 89056K->2048K(260608K), 0,0005248 secs] [Times: user=0,00 sys=0,00, real=0,00 secs] 
76,309: [GC (Allocation Failure) [PSYoungGen: 85088K->64K(83456K)] 87040K->2016K(258560K), 0,0005398 secs] [Times: user=0,00 sys=0,00, real=0,00 secs] 
76,361: [GC (Allocation Failure) [PSYoungGen: 83008K->96K(81408K)] 84960K->2048K(256512K), 0,0005260 secs] [Times: user=0,00 sys=0,00, real=0,00 secs] 
76,410: [GC (Allocation Failure) [PSYoungGen: 80992K->64K(79360K)] 82944K->2016K(254464K), 0,0005404 secs] [Times: user=0,00 sys=0,00, real=0,00 secs] 
76,459: [GC (Allocation Failure) [PSYoungGen: 78912K->96K(77312K)] 80864K->2048K(252416K), 0,0005681 secs] [Times: user=0,00 sys=0,00, real=0,00 secs] 
76,506: [GC (Allocation Failure) [PSYoungGen: 76896K->96K(75264K)] 78848K->2048K(250368K), 0,0005166 secs] [Times: user=0,00 sys=0,00, real=0,00 secs] 
76,553: [GC (Allocation Failure) [PSYoungGen: 74848K->96K(90624K)] 76800K->2048K(265728K), 0,0005884 secs] [Times: user=0,00 sys=0,00, real=0,00 secs] 
76,608: [GC (Allocation Failure) [PSYoungGen: 90208K->64K(88064K)] 92160K->2016K(263168K), 0,0005203 secs] [Times: user=0,00 sys=0,00, real=0,00 secs] 
76,662: [GC (Allocation Failure) [PSYoungGen: 87616K->96K(105984K)] 89568K->2048K(281088K), 0,0007364 secs] [Times: user=0,00 sys=0,00, real=0,00 secs] 
76,727: [GC (Allocation Failure) [PSYoungGen: 105567K->96K(102912K)] 107520K->2048K(278016K), 0,0005136 secs] [Times: user=0,00 sys=0,00, real=0,00 secs] 
76,790: [GC (Allocation Failure) [PSYoungGen: 102496K->64K(99840K)] 104448K->2016K(274944K), 0,0006977 secs] [Times: user=0,00 sys=0,00, real=0,00 secs] 
76,851: [GC (Allocation Failure) [PSYoungGen: 99392K->96K(97280K)] 101344K->2048K(272384K), 0,0005144 secs] [Times: user=0,00 sys=0,01, real=0,00 secs] 
76,912: [GC (Allocation Failure) [PSYoungGen: 96864K->96K(94720K)] 98816K->2048K(269824K), 0,0005567 secs] [Times: user=0,00 sys=0,00, real=0,00 secs] 
76,970: [GC (Allocation Failure) [PSYoungGen: 94304K->96K(92160K)] 96256K->2048K(267264K), 0,0005729 secs] [Times: user=0,00 sys=0,00, real=0,00 secs] 
77,027: [GC (Allocation Failure) [PSYoungGen: 91744K->96K(89600K)] 93696K->2048K(264704K), 0,0005190 secs] [Times: user=0,00 sys=0,00, real=0,00 secs] 
77,082: [GC (Allocation Failure) [PSYoungGen: 89184K->96K(87040K)] 91136K->2048K(262144K), 0,0005769 secs] [Times: user=0,00 sys=0,00, real=0,00 secs] 
77,135: [GC (Allocation Failure) [PSYoungGen: 86624K->96K(84992K)] 88576K->2048K(260096K), 0,0005189 secs] [Times: user=0,00 sys=0,00, real=0,00 secs] 
77,188: [GC (Allocation Failure) [PSYoungGen: 84576K->96K(82944K)] 86528K->2048K(258048K), 0,0005216 secs] [Times: user=0,00 sys=0,00, real=0,01 secs] 
77,239: [GC (Allocation Failure) [PSYoungGen: 82528K->64K(80896K)] 84480K->2016K(256000K), 0,0007384 secs] [Times: user=0,00 sys=0,00, real=0,00 secs] 
77,294: [GC (Allocation Failure) [PSYoungGen: 80448K->64K(97280K)] 82400K->2016K(272384K), 0,0010015 secs] [Times: user=0,01 sys=0,00, real=0,00 secs] 
77,384: [GC (Allocation Failure) [PSYoungGen: 96832K->32K(116736K)] 98784K->1984K(291840K), 0,0010660 secs] [Times: user=0,00 sys=0,00, real=0,00 secs] 
77,462: [GC (Allocation Failure) [PSYoungGen: 116256K->96K(140288K)] 118208K->2048K(315392K), 0,0005214 secs] [Times: user=0,00 sys=0,00, real=0,00 secs] 
77,547: [GC (Allocation Failure) [PSYoungGen: 139872K->96K(135680K)] 141824K->2048K(310784K), 0,0005360 secs] [Times: user=0,00 sys=0,00, real=0,00 secs] 
77,631: [GC (Allocation Failure) [PSYoungGen: 135264K->96K(131584K)] 137216K->2048K(306688K), 0,0005630 secs] [Times: user=0,00 sys=0,00, real=0,00 secs] 
77,711: [GC (Allocation Failure) [PSYoungGen: 131168K->96K(127488K)] 133120K->2048K(302592K), 0,0005377 secs] [Times: user=0,00 sys=0,00, real=0,00 secs] 
77,790: [GC (Allocation Failure) [PSYoungGen: 127072K->96K(123392K)] 129024K->2048K(298496K), 0,0005276 secs] [Times: user=0,00 sys=0,00, real=0,00 secs] 
77,865: [GC (Allocation Failure) [PSYoungGen: 122976K->96K(119808K)] 124928K->2048K(294912K), 0,0005282 secs] [Times: user=0,00 sys=0,00, real=0,00 secs] 
77,939: [GC (Allocation Failure) [PSYoungGen: 119392K->64K(116224K)] 121344K->2016K(291328K), 0,0006340 secs] [Times: user=0,01 sys=0,00, real=0,00 secs] 
78,010: [GC (Allocation Failure) [PSYoungGen: 115776K->64K(112640K)] 117728K->2016K(287744K), 0,0005318 secs] [Times: user=0,00 sys=0,00, real=0,00 secs] 
78,079: [GC (Allocation Failure) [PSYoungGen: 112192K->96K(109568K)] 114144K->2048K(284672K), 0,0005403 secs] [Times: user=0,01 sys=0,00, real=0,00 secs] 
78,148: [GC (Allocation Failure) [PSYoungGen: 109152K->96K(106496K)] 111104K->2048K(281600K), 0,0005317 secs] [Times: user=0,00 sys=0,00, real=0,00 secs] 
78,212: [GC (Allocation Failure) [PSYoungGen: 106080K->96K(103424K)] 108032K->2048K(278528K), 0,0005343 secs] [Times: user=0,00 sys=0,00, real=0,00 secs] 
78,276: [GC (Allocation Failure) [PSYoungGen: 103008K->96K(100352K)] 104960K->2048K(275456K), 0,0005241 secs] [Times: user=0,00 sys=0,00, real=0,00 secs] 
78,338: [GC (Allocation Failure) [PSYoungGen: 99936K->96K(97792K)] 101888K->2048K(272896K), 0,0005706 secs] [Times: user=0,01 sys=0,00, real=0,01 secs] 
78,397: [GC (Allocation Failure) [PSYoungGen: 97376K->96K(95232K)] 99328K->2048K(270336K), 0,0005257 secs] [Times: user=0,01 sys=0,00, real=0,00 secs] 
78,456: [GC (Allocation Failure) [PSYoungGen: 94816K->96K(92672K)] 96768K->2048K(267776K), 0,0005845 secs] [Times: user=0,00 sys=0,00, real=0,00 secs] 
78,515: [GC (Allocation Failure) [PSYoungGen: 92256K->96K(90112K)] 94208K->2048K(265216K), 0,0005186 secs] [Times: user=0,00 sys=0,00, real=0,00 secs] 
78,570: [GC (Allocation Failure) [PSYoungGen: 89696K->96K(87552K)] 91648K->2048K(262656K), 0,0005710 secs] [Times: user=0,00 sys=0,00, real=0,00 secs] 
78,624: [GC (Allocation Failure) [PSYoungGen: 87136K->96K(85504K)] 89088K->2048K(260608K), 0,0005585 secs] [Times: user=0,00 sys=0,00, real=0,00 secs] 
78,677: [GC (Allocation Failure) [PSYoungGen: 85088K->96K(83456K)] 87040K->2048K(258560K), 0,0005584 secs] [Times: user=0,00 sys=0,00, real=0,00 secs] 
78,728: [GC (Allocation Failure) [PSYoungGen: 83040K->96K(81408K)] 84992K->2048K(256512K), 0,0005473 secs] [Times: user=0,00 sys=0,00, real=0,01 secs] 
78,778: [GC (Allocation Failure) [PSYoungGen: 80992K->96K(97792K)] 82944K->2048K(272896K), 0,0009248 secs] [Times: user=0,00 sys=0,00, real=0,01 secs] 
78,841: [GC (Allocation Failure) [PSYoungGen: 97376K->64K(117248K)] 99328K->2016K(292352K), 0,0006052 secs] [Times: user=0,00 sys=0,00, real=0,00 secs] 
78,915: [GC (Allocation Failure) [PSYoungGen: 116800K->96K(113664K)] 118752K->2048K(288768K), 0,0005409 secs] [Times: user=0,01 sys=0,00, real=0,00 secs] 
78,988: [GC (Allocation Failure) [PSYoungGen: 113248K->96K(110592K)] 115200K->2048K(285696K), 0,0005073 secs] [Times: user=0,00 sys=0,00, real=0,01 secs] 
79,062: [GC (Allocation Failure) [PSYoungGen: 110176K->96K(107520K)] 112128K->2048K(282624K), 0,0005251 secs] [Times: user=0,00 sys=0,00, real=0,00 secs] 
79,132: [GC (Allocation Failure) [PSYoungGen: 107104K->64K(104448K)] 109056K->2016K(279552K), 0,0009890 secs] [Times: user=0,00 sys=0,00, real=0,00 secs] 
79,204: [GC (Allocation Failure) [PSYoungGen: 104000K->64K(125440K)] 105952K->2016K(300544K), 0,0009976 secs] [Times: user=0,01 sys=0,00, real=0,00 secs] 
79,281: [GC (Allocation Failure) [PSYoungGen: 124992K->96K(121344K)] 126944K->2048K(296448K), 0,0005642 secs] [Times: user=0,00 sys=0,00, real=0,00 secs] 
79,356: [GC (Allocation Failure) [PSYoungGen: 120928K->96K(117760K)] 122880K->2048K(292864K), 0,0005319 secs] [Times: user=0,00 sys=0,00, real=0,00 secs] 
79,427: [GC (Allocation Failure) [PSYoungGen: 117344K->96K(114176K)] 119296K->2048K(289280K), 0,0005249 secs] [Times: user=0,00 sys=0,00, real=0,00 secs] 
79,498: [GC (Allocation Failure) [PSYoungGen: 113760K->96K(110592K)] 115712K->2048K(285696K), 0,0005111 secs] [Times: user=0,00 sys=0,00, real=0,01 secs] 
79,565: [GC (Allocation Failure) [PSYoungGen: 110176K->96K(107520K)] 112128K->2048K(282624K), 0,0005271 secs] [Times: user=0,00 sys=0,00, real=0,00 secs] 
79,634: [GC (Allocation Failure) [PSYoungGen: 107104K->32K(129024K)] 109056K->1984K(304128K), 0,0012874 secs] [Times: user=0,01 sys=0,00, real=0,00 secs] 
79,718: [GC (Allocation Failure) [PSYoungGen: 128544K->96K(124928K)] 130496K->2048K(300032K), 0,0005261 secs] [Times: user=0,00 sys=0,00, real=0,01 secs] 
79,793: [GC (Allocation Failure) [PSYoungGen: 124512K->32K(121344K)] 126464K->1984K(296448K), 0,0005289 secs] [Times: user=0,01 sys=0,00, real=0,00 secs] 
79,868: [GC (Allocation Failure) [PSYoungGen: 120864K->96K(117760K)] 122816K->2048K(292864K), 0,0005337 secs] [Times: user=0,00 sys=0,00, real=0,00 secs] 
79,940: [GC (Allocation Failure) [PSYoungGen: 117344K->96K(114176K)] 119296K->2048K(289280K), 0,0005241 secs] [Times: user=0,00 sys=0,00, real=0,00 secs] 
80,010: [GC (Allocation Failure) [PSYoungGen: 113760K->96K(110592K)] 115712K->2048K(285696K), 0,0005064 secs] [Times: user=0,00 sys=0,00, real=0,00 secs] 
80,077: [GC (Allocation Failure) [PSYoungGen: 110176K->96K(107520K)] 112128K->2048K(282624K), 0,0005412 secs] [Times: user=0,00 sys=0,00, real=0,00 secs] 
80,144: [GC (Allocation Failure) [PSYoungGen: 107104K->96K(104448K)] 109056K->2048K(279552K), 0,0005610 secs] [Times: user=0,01 sys=0,00, real=0,00 secs] 
80,210: [GC (Allocation Failure) [PSYoungGen: 104032K->96K(101376K)] 105984K->2048K(276480K), 0,0005258 secs] [Times: user=0,00 sys=0,00, real=0,00 secs] 
80,273: [GC (Allocation Failure) [PSYoungGen: 100960K->96K(98816K)] 102912K->2048K(273920K), 0,0005315 secs] [Times: user=0,00 sys=0,00, real=0,00 secs] 
80,336: [GC (Allocation Failure) [PSYoungGen: 98400K->96K(96256K)] 100352K->2048K(271360K), 0,0005265 secs] [Times: user=0,00 sys=0,00, real=0,00 secs] 
80,396: [GC (Allocation Failure) [PSYoungGen: 95840K->96K(93696K)] 97792K->2072K(268800K), 0,0005415 secs] [Times: user=0,00 sys=0,00, real=0,00 secs] 
80,454: [GC (Allocation Failure) [PSYoungGen: 93280K->96K(112640K)] 95256K->2072K(287744K), 0,0011823 secs] [Times: user=0,01 sys=0,00, real=0,00 secs] 
80,524: [GC (Allocation Failure) [PSYoungGen: 112224K->96K(109568K)] 114200K->2072K(284672K), 0,0005581 secs] [Times: user=0,00 sys=0,00, real=0,00 secs] 
80,590: [GC (Allocation Failure) [PSYoungGen: 109152K->32K(106496K)] 111128K->2008K(281600K), 0,0005059 secs] [Times: user=0,00 sys=0,00, real=0,00 secs] 
80,655: [GC (Allocation Failure) [PSYoungGen: 106016K->96K(103424K)] 107992K->2072K(278528K), 0,0005322 secs] [Times: user=0,00 sys=0,00, real=0,00 secs] 
80,718: [GC (Allocation Failure) [PSYoungGen: 103008K->96K(100352K)] 104984K->2072K(275456K), 0,0005316 secs] [Times: user=0,00 sys=0,01, real=0,01 secs] 
80,779: [GC (Allocation Failure) [PSYoungGen: 99936K->64K(97792K)] 101912K->2040K(272896K), 0,0005668 secs] [Times: user=0,00 sys=0,00, real=0,00 secs] 
80,839: [GC (Allocation Failure) [PSYoungGen: 97344K->96K(95232K)] 99320K->2072K(270336K), 0,0005222 secs] [Times: user=0,00 sys=0,00, real=0,00 secs] 
80,896: [GC (Allocation Failure) [PSYoungGen: 94816K->96K(92672K)] 96792K->2072K(267776K), 0,0005313 secs] [Times: user=0,00 sys=0,00, real=0,00 secs] 
80,952: [GC (Allocation Failure) [PSYoungGen: 92256K->96K(90112K)] 94232K->2072K(265216K), 0,0005143 secs] [Times: user=0,01 sys=0,00, real=0,00 secs] 
81,011: [GC (Allocation Failure) [PSYoungGen: 89696K->64K(87552K)] 91672K->2040K(262656K), 0,0005474 secs] [Times: user=0,00 sys=0,00, real=0,00 secs] 
81,065: [GC (Allocation Failure) [PSYoungGen: 87104K->96K(85504K)] 89080K->2072K(260608K), 0,0005161 secs] [Times: user=0,00 sys=0,00, real=0,00 secs] 
81,117: [GC (Allocation Failure) [PSYoungGen: 85088K->96K(83456K)] 87064K->2072K(258560K), 0,0005133 secs] [Times: user=0,00 sys=0,00, real=0,00 secs] 
81,171: [GC (Allocation Failure) [PSYoungGen: 83040K->96K(81408K)] 85016K->2072K(256512K), 0,0005229 secs] [Times: user=0,00 sys=0,00, real=0,00 secs] 
81,221: [GC (Allocation Failure) [PSYoungGen: 80992K->96K(79360K)] 82968K->2072K(254464K), 0,0005179 secs] [Times: user=0,00 sys=0,00, real=0,00 secs] 
81,269: [GC (Allocation Failure) [PSYoungGen: 78944K->64K(95232K)] 80920K->2040K(270336K), 0,0008237 secs] [Times: user=0,00 sys=0,00, real=0,00 secs] 
81,328: [GC (Allocation Failure) [PSYoungGen: 94784K->96K(92672K)] 96760K->2072K(267776K), 0,0005334 secs] [Times: user=0,00 sys=0,00, real=0,01 secs] 
81,390: [GC (Allocation Failure) [PSYoungGen: 92256K->64K(90112K)] 94232K->2040K(265216K), 0,0005299 secs] [Times: user=0,00 sys=0,00, real=0,00 secs] 
81,446: [GC (Allocation Failure) [PSYoungGen: 89664K->64K(87552K)] 91640K->2040K(262656K), 0,0005409 secs] [Times: user=0,00 sys=0,00, real=0,00 secs] 
81,501: [GC (Allocation Failure) [PSYoungGen: 87104K->64K(104960K)] 89080K->2040K(280064K), 0,0011260 secs] [Times: user=0,00 sys=0,00, real=0,00 secs] 
81,565: [GC (Allocation Failure) [PSYoungGen: 104512K->96K(125952K)] 106488K->2072K(301056K), 0,0005398 secs] [Times: user=0,00 sys=0,00, real=0,00 secs] 
81,644: [GC (Allocation Failure) [PSYoungGen: 125536K->64K(121856K)] 127512K->2040K(296960K), 0,0006561 secs] [Times: user=0,01 sys=0,00, real=0,00 secs] 
81,719: [GC (Allocation Failure) [PSYoungGen: 121408K->96K(118272K)] 123384K->2072K(293376K), 0,0005324 secs] [Times: user=0,00 sys=0,00, real=0,00 secs] 
81,791: [GC (Allocation Failure) [PSYoungGen: 117856K->64K(114688K)] 119832K->2040K(289792K), 0,0005843 secs] [Times: user=0,00 sys=0,00, real=0,00 secs] 
81,861: [GC (Allocation Failure) [PSYoungGen: 114240K->96K(111104K)] 116216K->2072K(286208K), 0,0005295 secs] [Times: user=0,00 sys=0,00, real=0,00 secs] 
81,928: [GC (Allocation Failure) [PSYoungGen: 110688K->64K(108032K)] 112664K->2040K(283136K), 0,0006040 secs] [Times: user=0,00 sys=0,00, real=0,00 secs] 
81,994: [GC (Allocation Failure) [PSYoungGen: 107584K->64K(104960K)] 109560K->2040K(280064K), 0,0005278 secs] [Times: user=0,01 sys=0,00, real=0,00 secs] 
82,058: [GC (Allocation Failure) [PSYoungGen: 104512K->96K(101888K)] 106488K->2072K(276992K), 0,0005191 secs] [Times: user=0,00 sys=0,00, real=0,01 secs] 
82,120: [GC (Allocation Failure) [PSYoungGen: 101472K->96K(98816K)] 103448K->2072K(273920K), 0,0005312 secs] [Times: user=0,00 sys=0,00, real=0,00 secs] 
82,180: [GC (Allocation Failure) [PSYoungGen: 98400K->64K(96256K)] 100376K->2040K(271360K), 0,0010128 secs] [Times: user=0,00 sys=0,00, real=0,00 secs] 
82,245: [GC (Allocation Failure) [PSYoungGen: 95808K->96K(93696K)] 97784K->2072K(268800K), 0,0005203 secs] [Times: user=0,00 sys=0,00, real=0,00 secs] 
82,302: [GC (Allocation Failure) [PSYoungGen: 93280K->64K(91136K)] 95256K->2040K(266240K), 0,0005207 secs] [Times: user=0,01 sys=0,00, real=0,00 secs] 
82,358: [GC (Allocation Failure) [PSYoungGen: 90688K->96K(88576K)] 92664K->2072K(263680K), 0,0005661 secs] [Times: user=0,00 sys=0,00, real=0,01 secs] 
82,413: [GC (Allocation Failure) [PSYoungGen: 88160K->96K(86528K)] 90136K->2072K(261632K), 0,0005270 secs] [Times: user=0,00 sys=0,00, real=0,00 secs] 
82,466: [GC (Allocation Failure) [PSYoungGen: 86112K->96K(84480K)] 88088K->2072K(259584K), 0,0005293 secs] [Times: user=0,00 sys=0,00, real=0,00 secs] 
82,518: [GC (Allocation Failure) [PSYoungGen: 84064K->96K(82432K)] 86040K->2072K(257536K), 0,0005180 secs] [Times: user=0,00 sys=0,00, real=0,01 secs] 
82,569: [GC (Allocation Failure) [PSYoungGen: 82016K->96K(80384K)] 83992K->2072K(255488K), 0,0005160 secs] [Times: user=0,00 sys=0,00, real=0,00 secs] 
82,619: [GC (Allocation Failure) [PSYoungGen: 79968K->64K(78336K)] 81944K->2040K(253440K), 0,0005314 secs] [Times: user=0,00 sys=0,00, real=0,00 secs] 
82,666: [GC (Allocation Failure) [PSYoungGen: 77888K->96K(76288K)] 79864K->2072K(251392K), 0,0005331 secs] [Times: user=0,00 sys=0,00, real=0,00 secs] 
82,714: [GC (Allocation Failure) [PSYoungGen: 75872K->96K(74752K)] 77848K->2072K(249856K), 0,0005334 secs] [Times: user=0,00 sys=0,00, real=0,00 secs] 
82,760: [GC (Allocation Failure) [PSYoungGen: 74336K->64K(89600K)] 76312K->2040K(264704K), 0,0009855 secs] [Times: user=0,01 sys=0,00, real=0,00 secs] 
82,815: [GC (Allocation Failure) [PSYoungGen: 89152K->96K(107520K)] 91128K->2072K(282624K), 0,0005297 secs] [Times: user=0,00 sys=0,00, real=0,00 secs] 
82,881: [GC (Allocation Failure) [PSYoungGen: 107104K->96K(129024K)] 109080K->2072K(304128K), 0,0005199 secs] [Times: user=0,00 sys=0,00, real=0,00 secs] 
82,960: [GC (Allocation Failure) [PSYoungGen: 128608K->96K(124928K)] 130584K->2072K(300032K), 0,0005436 secs] [Times: user=0,00 sys=0,00, real=0,00 secs] 
83,036: [GC (Allocation Failure) [PSYoungGen: 124512K->96K(121344K)] 126488K->2072K(296448K), 0,0005527 secs] [Times: user=0,00 sys=0,00, real=0,00 secs] 
83,110: [GC (Allocation Failure) [PSYoungGen: 120928K->64K(117760K)] 122904K->2040K(292864K), 0,0010158 secs] [Times: user=0,00 sys=0,00, real=0,00 secs] 
83,184: [GC (Allocation Failure) [PSYoungGen: 117312K->64K(114176K)] 119288K->2040K(289280K), 0,0007771 secs] [Times: user=0,00 sys=0,00, real=0,00 secs] 
83,255: [GC (Allocation Failure) [PSYoungGen: 113728K->64K(110592K)] 115704K->2040K(285696K), 0,0007539 secs] [Times: user=0,00 sys=0,00, real=0,00 secs] 
83,323: [GC (Allocation Failure) [PSYoungGen: 110144K->96K(107520K)] 112120K->2072K(282624K), 0,0005314 secs] [Times: user=0,00 sys=0,00, real=0,00 secs] 
83,388: [GC (Allocation Failure) [PSYoungGen: 107104K->96K(104448K)] 109080K->2072K(279552K), 0,0005090 secs] [Times: user=0,00 sys=0,00, real=0,00 secs] 
83,451: [GC (Allocation Failure) [PSYoungGen: 104032K->96K(101376K)] 106008K->2072K(276480K), 0,0005017 secs] [Times: user=0,00 sys=0,00, real=0,00 secs] 
83,511: [GC (Allocation Failure) [PSYoungGen: 100960K->96K(98816K)] 102936K->2072K(273920K), 0,0005629 secs] [Times: user=0,00 sys=0,00, real=0,00 secs] 
83,570: [GC (Allocation Failure) [PSYoungGen: 98400K->96K(96256K)] 100376K->2072K(271360K), 0,0005067 secs] [Times: user=0,00 sys=0,00, real=0,00 secs] 
83,627: [GC (Allocation Failure) [PSYoungGen: 95840K->96K(93696K)] 97816K->2072K(268800K), 0,0005756 secs] [Times: user=0,00 sys=0,00, real=0,00 secs] 
83,683: [GC (Allocation Failure) [PSYoungGen: 93279K->96K(91136K)] 95256K->2072K(266240K), 0,0005075 secs] [Times: user=0,00 sys=0,00, real=0,00 secs] 
83,738: [GC (Allocation Failure) [PSYoungGen: 90720K->96K(88576K)] 92696K->2072K(263680K), 0,0005204 secs] [Times: user=0,00 sys=0,00, real=0,01 secs] 
83,790: [GC (Allocation Failure) [PSYoungGen: 88160K->64K(86528K)] 90136K->2040K(261632K), 0,0005620 secs] [Times: user=0,00 sys=0,00, real=0,00 secs] 
83,842: [GC (Allocation Failure) [PSYoungGen: 86080K->96K(84480K)] 88056K->2072K(259584K), 0,0005063 secs] [Times: user=0,00 sys=0,00, real=0,00 secs] 
83,892: [GC (Allocation Failure) [PSYoungGen: 84064K->96K(82432K)] 86040K->2072K(257536K), 0,0006432 secs] [Times: user=0,00 sys=0,00, real=0,00 secs] 
83,942: [GC (Allocation Failure) [PSYoungGen: 82016K->96K(80384K)] 83992K->2072K(255488K), 0,0005012 secs] [Times: user=0,00 sys=0,00, real=0,00 secs] 
83,990: [GC (Allocation Failure) [PSYoungGen: 79968K->64K(96768K)] 81944K->2040K(271872K), 0,0009853 secs] [Times: user=0,00 sys=0,00, real=0,00 secs] 
84,047: [GC (Allocation Failure) [PSYoungGen: 96320K->32K(116224K)] 98296K->2008K(291328K), 0,0005116 secs] [Times: user=0,00 sys=0,00, real=0,00 secs] 
84,116: [GC (Allocation Failure) [PSYoungGen: 115744K->64K(112640K)] 117720K->2040K(287744K), 0,0005090 secs] [Times: user=0,00 sys=0,00, real=0,00 secs] 
84,188: [GC (Allocation Failure) [PSYoungGen: 112192K->96K(109568K)] 114168K->2072K(284672K), 0,0006019 secs] [Times: user=0,00 sys=0,00, real=0,01 secs] 
84,258: [GC (Allocation Failure) [PSYoungGen: 109152K->64K(106496K)] 111128K->2040K(281600K), 0,0005941 secs] [Times: user=0,00 sys=0,00, real=0,00 secs] 
84,322: [GC (Allocation Failure) [PSYoungGen: 106048K->96K(103424K)] 108024K->2072K(278528K), 0,0005973 secs] [Times: user=0,00 sys=0,00, real=0,00 secs] 
84,382: [GC (Allocation Failure) [PSYoungGen: 103008K->96K(100352K)] 104984K->2072K(275456K), 0,0005383 secs] [Times: user=0,00 sys=0,00, real=0,00 secs] 
84,441: [GC (Allocation Failure) [PSYoungGen: 99936K->96K(97792K)] 101912K->2072K(272896K), 0,0005507 secs] [Times: user=0,00 sys=0,00, real=0,00 secs] 
84,499: [GC (Allocation Failure) [PSYoungGen: 97376K->96K(95232K)] 99352K->2072K(270336K), 0,0005495 secs] [Times: user=0,00 sys=0,01, real=0,00 secs] 
84,557: [GC (Allocation Failure) [PSYoungGen: 94816K->96K(92672K)] 96792K->2072K(267776K), 0,0005779 secs] [Times: user=0,00 sys=0,00, real=0,00 secs] 
84,612: [GC (Allocation Failure) [PSYoungGen: 92256K->96K(90112K)] 94232K->2072K(265216K), 0,0005137 secs] [Times: user=0,00 sys=0,00, real=0,00 secs] 
84,666: [GC (Allocation Failure) [PSYoungGen: 89696K->96K(87552K)] 91672K->2072K(262656K), 0,0005074 secs] [Times: user=0,00 sys=0,00, real=0,00 secs] 
84,718: [GC (Allocation Failure) [PSYoungGen: 87136K->96K(85504K)] 89112K->2072K(260608K), 0,0005102 secs] [Times: user=0,00 sys=0,00, real=0,00 secs] 
84,768: [GC (Allocation Failure) [PSYoungGen: 85088K->96K(83456K)] 87064K->2072K(258560K), 0,0005067 secs] [Times: user=0,00 sys=0,00, real=0,01 secs] 
84,818: [GC (Allocation Failure) [PSYoungGen: 83040K->96K(81408K)] 85016K->2072K(256512K), 0,0005468 secs] [Times: user=0,00 sys=0,00, real=0,01 secs] 
84,866: [GC (Allocation Failure) [PSYoungGen: 80992K->96K(79360K)] 82968K->2072K(254464K), 0,0004971 secs] [Times: user=0,00 sys=0,00, real=0,00 secs] 
84,913: [GC (Allocation Failure) [PSYoungGen: 78944K->96K(77312K)] 80920K->2072K(252416K), 0,0005019 secs] [Times: user=0,00 sys=0,00, real=0,00 secs] 
84,959: [GC (Allocation Failure) [PSYoungGen: 76896K->96K(75264K)] 78872K->2072K(250368K), 0,0005383 secs] [Times: user=0,00 sys=0,00, real=0,00 secs] 
85,007: [GC (Allocation Failure) [PSYoungGen: 74848K->64K(90624K)] 76824K->2040K(265728K), 0,0010280 secs] [Times: user=0,00 sys=0,00, real=0,01 secs] 
85,064: [GC (Allocation Failure) [PSYoungGen: 90176K->96K(109056K)] 92152K->2072K(284160K), 0,0017419 secs] [Times: user=0,00 sys=0,00, real=0,00 secs] 
85,130: [GC (Allocation Failure) [PSYoungGen: 108640K->96K(131072K)] 110616K->2072K(306176K), 0,0005207 secs] [Times: user=0,00 sys=0,00, real=0,00 secs] 
85,212: [GC (Allocation Failure) [PSYoungGen: 130656K->96K(126976K)] 132632K->2072K(302080K), 0,0005464 secs] [Times: user=0,01 sys=0,00, real=0,00 secs] 
85,288: [GC (Allocation Failure) [PSYoungGen: 126560K->96K(122880K)] 128536K->2072K(297984K), 0,0005155 secs] [Times: user=0,00 sys=0,00, real=0,01 secs] 
85,362: [GC (Allocation Failure) [PSYoungGen: 122464K->96K(119296K)] 124440K->2072K(294400K), 0,0005089 secs] [Times: user=0,01 sys=0,00, real=0,00 secs] 
85,434: [GC (Allocation Failure) [PSYoungGen: 118880K->96K(115712K)] 120856K->2072K(290816K), 0,0005134 secs] [Times: user=0,00 sys=0,00, real=0,00 secs] 
85,503: [GC (Allocation Failure) [PSYoungGen: 115296K->64K(112128K)] 117272K->2040K(287232K), 0,0005549 secs] [Times: user=0,00 sys=0,00, real=0,00 secs] 
85,570: [GC (Allocation Failure) [PSYoungGen: 111680K->96K(109056K)] 113656K->2072K(284160K), 0,0005600 secs] [Times: user=0,00 sys=0,00, real=0,00 secs] 
85,637: [GC (Allocation Failure) [PSYoungGen: 108640K->64K(105984K)] 110616K->2040K(281088K), 0,0005732 secs] [Times: user=0,00 sys=0,00, real=0,00 secs] 
85,703: [GC (Allocation Failure) [PSYoungGen: 105536K->96K(102912K)] 107512K->2072K(278016K), 0,0005255 secs] [Times: user=0,00 sys=0,00, real=0,00 secs] 
85,766: [GC (Allocation Failure) [PSYoungGen: 102496K->64K(99840K)] 104472K->2040K(274944K), 0,0006225 secs] [Times: user=0,00 sys=0,00, real=0,00 secs] 
85,828: [GC (Allocation Failure) [PSYoungGen: 99392K->96K(97280K)] 101368K->2072K(272384K), 0,0005689 secs] [Times: user=0,00 sys=0,00, real=0,00 secs] 
85,888: [GC (Allocation Failure) [PSYoungGen: 96864K->96K(94720K)] 98840K->2072K(269824K), 0,0005319 secs] [Times: user=0,00 sys=0,00, real=0,01 secs] 
85,945: [GC (Allocation Failure) [PSYoungGen: 94304K->96K(92160K)] 96280K->2072K(267264K), 0,0005798 secs] [Times: user=0,00 sys=0,00, real=0,00 secs] 
86,002: [GC (Allocation Failure) [PSYoungGen: 91744K->96K(89600K)] 93720K->2072K(264704K), 0,0005494 secs] [Times: user=0,00 sys=0,00, real=0,00 secs] 
86,059: [GC (Allocation Failure) [PSYoungGen: 89184K->96K(87040K)] 91160K->2072K(262144K), 0,0005387 secs] [Times: user=0,00 sys=0,00, real=0,00 secs] 
86,113: [GC (Allocation Failure) [PSYoungGen: 86624K->96K(84992K)] 88600K->2072K(260096K), 0,0005289 secs] [Times: user=0,00 sys=0,00, real=0,00 secs] 
86,167: [GC (Allocation Failure) [PSYoungGen: 84576K->96K(82944K)] 86552K->2072K(258048K), 0,0005070 secs] [Times: user=0,00 sys=0,00, real=0,00 secs] 
86,218: [GC (Allocation Failure) [PSYoungGen: 82528K->64K(99840K)] 84504K->2040K(274944K), 0,0010079 secs] [Times: user=0,01 sys=0,00, real=0,00 secs] 
86,281: [GC (Allocation Failure) [PSYoungGen: 99392K->96K(119808K)] 101368K->2072K(294912K), 0,0005358 secs] [Times: user=0,00 sys=0,00, real=0,00 secs] 
86,354: [GC (Allocation Failure) [PSYoungGen: 119392K->64K(116224K)] 121368K->2040K(291328K), 0,0006575 secs] [Times: user=0,00 sys=0,00, real=0,00 secs] 
86,425: [GC (Allocation Failure) [PSYoungGen: 115776K->96K(112640K)] 117752K->2072K(287744K), 0,0005569 secs] [Times: user=0,00 sys=0,01, real=0,00 secs] 
86,494: [GC (Allocation Failure) [PSYoungGen: 112224K->64K(135168K)] 114200K->2040K(310272K), 0,0010731 secs] [Times: user=0,00 sys=0,00, real=0,00 secs] 
86,576: [GC (Allocation Failure) [PSYoungGen: 134720K->96K(131072K)] 136696K->2072K(306176K), 0,0005790 secs] [Times: user=0,00 sys=0,00, real=0,00 secs] 
86,657: [GC (Allocation Failure) [PSYoungGen: 130656K->32K(157184K)] 132632K->2008K(332288K), 0,0012166 secs] [Times: user=0,01 sys=0,00, real=0,01 secs] 
86,754: [GC (Allocation Failure) [PSYoungGen: 156704K->96K(152064K)] 158680K->2072K(327168K), 0,0006295 secs] [Times: user=0,00 sys=0,00, real=0,00 secs] 
86,848: [GC (Allocation Failure) [PSYoungGen: 151648K->96K(146944K)] 153624K->2072K(322048K), 0,0005132 secs] [Times: user=0,00 sys=0,00, real=0,01 secs] 
86,937: [GC (Allocation Failure) [PSYoungGen: 146528K->96K(142336K)] 148504K->2072K(317440K), 0,0005774 secs] [Times: user=0,00 sys=0,00, real=0,00 secs] 
87,025: [GC (Allocation Failure) [PSYoungGen: 141920K->64K(137728K)] 143896K->2040K(312832K), 0,0005414 secs] [Times: user=0,00 sys=0,00, real=0,00 secs] 
87,109: [GC (Allocation Failure) [PSYoungGen: 137280K->96K(133120K)] 139256K->2072K(308224K), 0,0005538 secs] [Times: user=0,00 sys=0,00, real=0,00 secs] 
87,192: [GC (Allocation Failure) [PSYoungGen: 132704K->96K(129024K)] 134680K->2072K(304128K), 0,0005213 secs] [Times: user=0,00 sys=0,00, real=0,00 secs] 
87,273: [GC (Allocation Failure) [PSYoungGen: 128608K->64K(124928K)] 130584K->2040K(300032K), 0,0009985 secs] [Times: user=0,00 sys=0,00, real=0,00 secs] 
87,350: [GC (Allocation Failure) [PSYoungGen: 124480K->96K(121344K)] 126456K->2072K(296448K), 0,0006017 secs] [Times: user=0,00 sys=0,00, real=0,00 secs] 
87,425: [GC (Allocation Failure) [PSYoungGen: 120928K->96K(117760K)] 122904K->2072K(292864K), 0,0005429 secs] [Times: user=0,00 sys=0,00, real=0,00 secs] 
87,501: [GC (Allocation Failure) [PSYoungGen: 117344K->96K(114176K)] 119320K->2072K(289280K), 0,0005316 secs] [Times: user=0,00 sys=0,00, real=0,00 secs] 
87,571: [GC (Allocation Failure) [PSYoungGen: 113760K->96K(110592K)] 115736K->2072K(285696K), 0,0005245 secs] [Times: user=0,00 sys=0,00, real=0,00 secs] 
87,639: [GC (Allocation Failure) [PSYoungGen: 110176K->96K(107520K)] 112152K->2072K(282624K), 0,0005636 secs] [Times: user=0,00 sys=0,00, real=0,00 secs] 
87,706: [GC (Allocation Failure) [PSYoungGen: 107104K->96K(104448K)] 109080K->2072K(279552K), 0,0005609 secs] [Times: user=0,01 sys=0,00, real=0,00 secs] 
87,770: [GC (Allocation Failure) [PSYoungGen: 104032K->96K(101376K)] 106008K->2072K(276480K), 0,0005349 secs] [Times: user=0,00 sys=0,00, real=0,00 secs] 
87,833: [GC (Allocation Failure) [PSYoungGen: 100960K->96K(98816K)] 102936K->2072K(273920K), 0,0005050 secs] [Times: user=0,00 sys=0,00, real=0,00 secs] 
87,893: [GC (Allocation Failure) [PSYoungGen: 98400K->64K(96256K)] 100376K->2040K(271360K), 0,0007864 secs] [Times: user=0,00 sys=0,00, real=0,00 secs] 
87,952: [GC (Allocation Failure) [PSYoungGen: 95808K->96K(93696K)] 97784K->2072K(268800K), 0,0005552 secs] [Times: user=0,00 sys=0,00, real=0,00 secs] 
88,010: [GC (Allocation Failure) [PSYoungGen: 93280K->64K(91136K)] 95256K->2040K(266240K), 0,0005852 secs] [Times: user=0,00 sys=0,00, real=0,00 secs] 
88,066: [GC (Allocation Failure) [PSYoungGen: 90688K->96K(88576K)] 92664K->2072K(263680K), 0,0008061 secs] [Times: user=0,00 sys=0,00, real=0,00 secs] 
88,121: [GC (Allocation Failure) [PSYoungGen: 88160K->96K(86528K)] 90136K->2072K(261632K), 0,0005330 secs] [Times: user=0,00 sys=0,00, real=0,00 secs] 
88,174: [GC (Allocation Failure) [PSYoungGen: 86112K->96K(84480K)] 88088K->2072K(259584K), 0,0005726 secs] [Times: user=0,01 sys=0,00, real=0,00 secs] 
88,226: [GC (Allocation Failure) [PSYoungGen: 84064K->64K(101376K)] 86040K->2040K(276480K), 0,0008941 secs] [Times: user=0,00 sys=0,00, real=0,00 secs] 
88,288: [GC (Allocation Failure) [PSYoungGen: 100928K->96K(121856K)] 102904K->2072K(296960K), 0,0005412 secs] [Times: user=0,00 sys=0,00, real=0,01 secs] 
88,362: [GC (Allocation Failure) [PSYoungGen: 121440K->96K(118272K)] 123416K->2072K(293376K), 0,0005339 secs] [Times: user=0,00 sys=0,00, real=0,00 secs] 
88,434: [GC (Allocation Failure) [PSYoungGen: 117856K->96K(114688K)] 119832K->2072K(289792K), 0,0005269 secs] [Times: user=0,00 sys=0,00, real=0,00 secs] 
88,504: [GC (Allocation Failure) [PSYoungGen: 114272K->64K(111104K)] 116248K->2040K(286208K), 0,0005133 secs] [Times: user=0,00 sys=0,00, real=0,00 secs] 
88,572: [GC (Allocation Failure) [PSYoungGen: 110656K->64K(108032K)] 112632K->2040K(283136K), 0,0005491 secs] [Times: user=0,01 sys=0,00, real=0,00 secs] 
88,639: [GC (Allocation Failure) [PSYoungGen: 107584K->32K(104960K)] 109560K->2008K(280064K), 0,0009771 secs] [Times: user=0,00 sys=0,00, real=0,00 secs] 
88,703: [GC (Allocation Failure) [PSYoungGen: 104480K->96K(125952K)] 106456K->2072K(301056K), 0,0010717 secs] [Times: user=0,00 sys=0,00, real=0,00 secs] 
88,781: [GC (Allocation Failure) [PSYoungGen: 125536K->96K(121856K)] 127512K->2072K(296960K), 0,0006047 secs] [Times: user=0,01 sys=0,00, real=0,00 secs] 
88,855: [GC (Allocation Failure) [PSYoungGen: 121440K->64K(118272K)] 123416K->2040K(293376K), 0,0007710 secs] [Times: user=0,00 sys=0,00, real=0,00 secs] 
88,927: [GC (Allocation Failure) [PSYoungGen: 117824K->96K(114688K)] 119800K->2072K(289792K), 0,0005294 secs] [Times: user=0,00 sys=0,00, real=0,00 secs] 
88,996: [GC (Allocation Failure) [PSYoungGen: 114272K->96K(111104K)] 116248K->2072K(286208K), 0,0005437 secs] [Times: user=0,00 sys=0,00, real=0,00 secs] 
89,063: [GC (Allocation Failure) [PSYoungGen: 110688K->96K(108032K)] 112664K->2072K(283136K), 0,0006148 secs] [Times: user=0,00 sys=0,00, real=0,00 secs] 
89,129: [GC (Allocation Failure) [PSYoungGen: 107616K->96K(104960K)] 109592K->2072K(280064K), 0,0005199 secs] [Times: user=0,01 sys=0,00, real=0,00 secs] 
89,194: [GC (Allocation Failure) [PSYoungGen: 104544K->96K(101888K)] 106520K->2072K(276992K), 0,0005307 secs] [Times: user=0,00 sys=0,00, real=0,00 secs] 
89,256: [GC (Allocation Failure) [PSYoungGen: 101472K->96K(98816K)] 103448K->2072K(273920K), 0,0005320 secs] [Times: user=0,00 sys=0,00, real=0,00 secs] 
89,317: [GC (Allocation Failure) [PSYoungGen: 98400K->96K(96256K)] 100376K->2072K(271360K), 0,0006512 secs] [Times: user=0,00 sys=0,00, real=0,00 secs] 
89,375: [GC (Allocation Failure) [PSYoungGen: 95840K->96K(93696K)] 97816K->2072K(268800K), 0,0005632 secs] [Times: user=0,00 sys=0,00, real=0,00 secs] 
89,433: [GC (Allocation Failure) [PSYoungGen: 93280K->96K(91136K)] 95256K->2072K(266240K), 0,0005242 secs] [Times: user=0,00 sys=0,00, real=0,00 secs] 
89,488: [GC (Allocation Failure) [PSYoungGen: 90720K->96K(88576K)] 92696K->2072K(263680K), 0,0005366 secs] [Times: user=0,00 sys=0,00, real=0,01 secs] 
89,542: [GC (Allocation Failure) [PSYoungGen: 88160K->96K(86528K)] 90136K->2072K(261632K), 0,0005298 secs] [Times: user=0,00 sys=0,00, real=0,00 secs] 
89,595: [GC (Allocation Failure) [PSYoungGen: 86112K->64K(84480K)] 88088K->2040K(259584K), 0,0005407 secs] [Times: user=0,00 sys=0,00, real=0,00 secs] 
89,646: [GC (Allocation Failure) [PSYoungGen: 84032K->128K(82432K)] 86008K->2104K(257536K), 0,0007549 secs] [Times: user=0,00 sys=0,00, real=0,00 secs] 
89,697: [GC (Allocation Failure) [PSYoungGen: 82048K->64K(80384K)] 84024K->2040K(255488K), 0,0005329 secs] [Times: user=0,00 sys=0,00, real=0,00 secs] 
89,747: [GC (Allocation Failure) [PSYoungGen: 79936K->64K(96768K)] 81912K->2040K(271872K), 0,0010263 secs] [Times: user=0,00 sys=0,00, real=0,01 secs] 
89,807: [GC (Allocation Failure) [PSYoungGen: 96320K->64K(116224K)] 98296K->2040K(291328K), 0,0005240 secs] [Times: user=0,00 sys=0,00, real=0,00 secs] 
89,877: [GC (Allocation Failure) [PSYoungGen: 115776K->96K(112640K)] 117752K->2072K(287744K), 0,0005338 secs] [Times: user=0,00 sys=0,00, real=0,00 secs] 
89,946: [GC (Allocation Failure) [PSYoungGen: 112224K->96K(109568K)] 114200K->2072K(284672K), 0,0005819 secs] [Times: user=0,00 sys=0,00, real=0,00 secs] 
90,013: [GC (Allocation Failure) [PSYoungGen: 109152K->96K(106496K)] 111128K->2072K(281600K), 0,0005393 secs] [Times: user=0,00 sys=0,00, real=0,00 secs] 
90,078: [GC (Allocation Failure) [PSYoungGen: 106080K->96K(103424K)] 108056K->2072K(278528K), 0,0005286 secs] [Times: user=0,00 sys=0,00, real=0,01 secs] 
90,141: [GC (Allocation Failure) [PSYoungGen: 103008K->96K(100352K)] 104984K->2072K(275456K), 0,0005395 secs] [Times: user=0,00 sys=0,00, real=0,00 secs] 
90,204: [GC (Allocation Failure) [PSYoungGen: 99936K->96K(97792K)] 101912K->2072K(272896K), 0,0005368 secs] [Times: user=0,00 sys=0,00, real=0,00 secs] 
90,264: [GC (Allocation Failure) [PSYoungGen: 97376K->96K(95232K)] 99352K->2072K(270336K), 0,0005234 secs] [Times: user=0,00 sys=0,00, real=0,00 secs] 
90,324: [GC (Allocation Failure) [PSYoungGen: 94816K->96K(92672K)] 96792K->2072K(267776K), 0,0005721 secs] [Times: user=0,00 sys=0,00, real=0,00 secs] 
90,380: [GC (Allocation Failure) [PSYoungGen: 92256K->96K(90112K)] 94232K->2096K(265216K), 0,0005712 secs] [Times: user=0,00 sys=0,00, real=0,00 secs] 
90,435: [GC (Allocation Failure) [PSYoungGen: 89696K->64K(108032K)] 91696K->2064K(283136K), 0,0010664 secs] [Times: user=0,01 sys=0,00, real=0,00 secs] 
90,502: [GC (Allocation Failure) [PSYoungGen: 107584K->96K(129536K)] 109584K->2096K(304640K), 0,0006342 secs] [Times: user=0,00 sys=0,00, real=0,00 secs] 
90,582: [GC (Allocation Failure) [PSYoungGen: 129120K->32K(125440K)] 131120K->2032K(300544K), 0,0005127 secs] [Times: user=0,00 sys=0,00, real=0,00 secs] 
90,659: [GC (Allocation Failure) [PSYoungGen: 124960K->96K(121344K)] 126960K->2096K(296448K), 0,0008097 secs] [Times: user=0,00 sys=0,01, real=0,00 secs] 
90,733: [GC (Allocation Failure) [PSYoungGen: 120928K->64K(145920K)] 122928K->2064K(321024K), 0,0010627 secs] [Times: user=0,00 sys=0,00, real=0,00 secs] 
90,822: [GC (Allocation Failure) [PSYoungGen: 145472K->96K(141312K)] 147472K->2096K(316416K), 0,0005318 secs] [Times: user=0,00 sys=0,00, real=0,00 secs] 
90,909: [GC (Allocation Failure) [PSYoungGen: 140896K->96K(136704K)] 142896K->2096K(311808K), 0,0006125 secs] [Times: user=0,00 sys=0,00, real=0,00 secs] 
90,992: [GC (Allocation Failure) [PSYoungGen: 136288K->64K(132608K)] 138288K->2064K(307712K), 0,0006211 secs] [Times: user=0,00 sys=0,00, real=0,00 secs] 
91,074: [GC (Allocation Failure) [PSYoungGen: 132160K->96K(128512K)] 134160K->2096K(303616K), 0,0005430 secs] [Times: user=0,00 sys=0,00, real=0,00 secs] 
91,153: [GC (Allocation Failure) [PSYoungGen: 128096K->96K(124416K)] 130096K->2096K(299520K), 0,0005347 secs] [Times: user=0,00 sys=0,00, real=0,00 secs] 
91,230: [GC (Allocation Failure) [PSYoungGen: 124000K->64K(120832K)] 126000K->2064K(295936K), 0,0005166 secs] [Times: user=0,00 sys=0,00, real=0,00 secs] 
91,304: [GC (Allocation Failure) [PSYoungGen: 120384K->96K(117248K)] 122384K->2096K(292352K), 0,0005296 secs] [Times: user=0,00 sys=0,00, real=0,00 secs] 
91,380: [GC (Allocation Failure) [PSYoungGen: 116832K->96K(113664K)] 118832K->2096K(288768K), 0,0005327 secs] [Times: user=0,00 sys=0,00, real=0,00 secs] 
91,449: [GC (Allocation Failure) [PSYoungGen: 113248K->96K(110592K)] 115248K->2096K(285696K), 0,0005294 secs] [Times: user=0,00 sys=0,00, real=0,00 secs] 
91,517: [GC (Allocation Failure) [PSYoungGen: 110176K->96K(107520K)] 112176K->2096K(282624K), 0,0005572 secs] [Times: user=0,00 sys=0,00, real=0,00 secs] 
91,583: [GC (Allocation Failure) [PSYoungGen: 107104K->64K(104448K)] 109104K->2064K(279552K), 0,0005417 secs] [Times: user=0,00 sys=0,00, real=0,00 secs] 
91,647: [GC (Allocation Failure) [PSYoungGen: 104000K->96K(101376K)] 106000K->2096K(276480K), 0,0005329 secs] [Times: user=0,00 sys=0,00, real=0,00 secs] 
91,709: [GC (Allocation Failure) [PSYoungGen: 100960K->96K(98816K)] 102960K->2096K(273920K), 0,0005312 secs] [Times: user=0,00 sys=0,00, real=0,00 secs] 
91,770: [GC (Allocation Failure) [PSYoungGen: 98400K->96K(96256K)] 100400K->2096K(271360K), 0,0005230 secs] [Times: user=0,00 sys=0,00, real=0,00 secs] 
91,829: [GC (Allocation Failure) [PSYoungGen: 95840K->96K(93696K)] 97840K->2096K(268800K), 0,0005669 secs] [Times: user=0,00 sys=0,00, real=0,00 secs] 
91,887: [GC (Allocation Failure) [PSYoungGen: 93280K->64K(91136K)] 95280K->2064K(266240K), 0,0005905 secs] [Times: user=0,00 sys=0,00, real=0,00 secs] 
91,943: [GC (Allocation Failure) [PSYoungGen: 90688K->96K(88576K)] 92688K->2096K(263680K), 0,0005224 secs] [Times: user=0,01 sys=0,00, real=0,00 secs] 
91,998: [GC (Allocation Failure) [PSYoungGen: 88160K->96K(86528K)] 90160K->2096K(261632K), 0,0005745 secs] [Times: user=0,00 sys=0,00, real=0,01 secs] 
92,050: [GC (Allocation Failure) [PSYoungGen: 86112K->96K(84480K)] 88112K->2096K(259584K), 0,0005243 secs] [Times: user=0,00 sys=0,00, real=0,00 secs] 
92,102: [GC (Allocation Failure) [PSYoungGen: 84064K->96K(82432K)] 86064K->2096K(257536K), 0,0006539 secs] [Times: user=0,01 sys=0,00, real=0,00 secs] 
92,154: [GC (Allocation Failure) [PSYoungGen: 82016K->96K(80384K)] 84016K->2096K(255488K), 0,0005346 secs] [Times: user=0,00 sys=0,00, real=0,00 secs] 
92,204: [GC (Allocation Failure) [PSYoungGen: 79968K->32K(96768K)] 81968K->2032K(271872K), 0,0011922 secs] [Times: user=0,00 sys=0,00, real=0,00 secs] 
92,267: [GC (Allocation Failure) [PSYoungGen: 96288K->32K(116224K)] 98288K->2032K(291328K), 0,0005096 secs] [Times: user=0,00 sys=0,00, real=0,00 secs] 
92,338: [GC (Allocation Failure) [PSYoungGen: 115744K->64K(139776K)] 117744K->2064K(314880K), 0,0010932 secs] [Times: user=0,00 sys=0,00, real=0,00 secs] 
92,425: [GC (Allocation Failure) [PSYoungGen: 139328K->96K(167936K)] 141328K->2096K(343040K), 0,0005305 secs] [Times: user=0,00 sys=0,00, real=0,00 secs] 
92,527: [GC (Allocation Failure) [PSYoungGen: 167520K->96K(162304K)] 169520K->2096K(337408K), 0,0005333 secs] [Times: user=0,00 sys=0,00, real=0,00 secs] 
92,627: [GC (Allocation Failure) [PSYoungGen: 161888K->96K(156672K)] 163888K->2096K(331776K), 0,0005343 secs] [Times: user=0,00 sys=0,00, real=0,00 secs] 
92,723: [GC (Allocation Failure) [PSYoungGen: 156256K->96K(151552K)] 158256K->2096K(326656K), 0,0005511 secs] [Times: user=0,00 sys=0,00, real=0,00 secs] 
92,816: [GC (Allocation Failure) [PSYoungGen: 151136K->96K(146432K)] 153136K->2096K(321536K), 0,0005284 secs] [Times: user=0,00 sys=0,00, real=0,00 secs] 
92,905: [GC (Allocation Failure) [PSYoungGen: 146016K->96K(141824K)] 148016K->2096K(316928K), 0,0005337 secs] [Times: user=0,00 sys=0,00, real=0,00 secs] 
92,993: [GC (Allocation Failure) [PSYoungGen: 141408K->96K(137216K)] 143408K->2096K(312320K), 0,0005767 secs] [Times: user=0,00 sys=0,00, real=0,00 secs] 
93,077: [GC (Allocation Failure) [PSYoungGen: 136800K->96K(132608K)] 138800K->2096K(307712K), 0,0005318 secs] [Times: user=0,00 sys=0,00, real=0,00 secs] 
93,160: [GC (Allocation Failure) [PSYoungGen: 132192K->96K(128512K)] 134192K->2096K(303616K), 0,0005363 secs] [Times: user=0,00 sys=0,00, real=0,00 secs] 
93,239: [GC (Allocation Failure) [PSYoungGen: 128096K->96K(124416K)] 130096K->2096K(299520K), 0,0005610 secs] [Times: user=0,00 sys=0,00, real=0,00 secs] 
93,316: [GC (Allocation Failure) [PSYoungGen: 124000K->96K(120832K)] 126000K->2096K(295936K), 0,0005610 secs] [Times: user=0,00 sys=0,00, real=0,00 secs] 
93,391: [GC (Allocation Failure) [PSYoungGen: 120416K->96K(117248K)] 122416K->2096K(292352K), 0,0005228 secs] [Times: user=0,00 sys=0,00, real=0,00 secs] 
93,464: [GC (Allocation Failure) [PSYoungGen: 116832K->96K(113664K)] 118832K->2096K(288768K), 0,0005248 secs] [Times: user=0,00 sys=0,00, real=0,00 secs] 
93,533: [GC (Allocation Failure) [PSYoungGen: 113248K->96K(110592K)] 115248K->2096K(285696K), 0,0005900 secs] [Times: user=0,00 sys=0,00, real=0,00 secs] 
93,601: [GC (Allocation Failure) [PSYoungGen: 110176K->96K(107520K)] 112176K->2096K(282624K), 0,0005334 secs] [Times: user=0,00 sys=0,00, real=0,00 secs] 
93,671: [GC (Allocation Failure) [PSYoungGen: 107104K->96K(104448K)] 109104K->2096K(279552K), 0,0005433 secs] [Times: user=0,00 sys=0,00, real=0,00 secs] 
93,738: [GC (Allocation Failure) [PSYoungGen: 104032K->96K(101376K)] 106032K->2096K(276480K), 0,0005943 secs] [Times: user=0,00 sys=0,00, real=0,00 secs] 
93,800: [GC (Allocation Failure) [PSYoungGen: 100960K->96K(98816K)] 102960K->2096K(273920K), 0,0005319 secs] [Times: user=0,01 sys=0,00, real=0,00 secs] 
93,861: [GC (Allocation Failure) [PSYoungGen: 98400K->96K(96256K)] 100400K->2096K(271360K), 0,0005345 secs] [Times: user=0,00 sys=0,00, real=0,00 secs] 
93,919: [GC (Allocation Failure) [PSYoungGen: 95840K->64K(93696K)] 97840K->2064K(268800K), 0,0005941 secs] [Times: user=0,00 sys=0,00, real=0,00 secs] 
93,977: [GC (Allocation Failure) [PSYoungGen: 93248K->64K(91136K)] 95248K->2064K(266240K), 0,0009076 secs] [Times: user=0,00 sys=0,00, real=0,00 secs] 
94,033: [GC (Allocation Failure) [PSYoungGen: 90688K->96K(88576K)] 92688K->2096K(263680K), 0,0005548 secs] [Times: user=0,00 sys=0,00, real=0,00 secs] 
94,087: [GC (Allocation Failure) [PSYoungGen: 88160K->96K(86528K)] 90160K->2096K(261632K), 0,0005795 secs] [Times: user=0,00 sys=0,00, real=0,00 secs] 
94,141: [GC (Allocation Failure) [PSYoungGen: 86112K->96K(84480K)] 88112K->2096K(259584K), 0,0005707 secs] [Times: user=0,00 sys=0,00, real=0,00 secs] 
94,194: [GC (Allocation Failure) [PSYoungGen: 84064K->96K(82432K)] 86064K->2096K(257536K), 0,0005228 secs] [Times: user=0,00 sys=0,00, real=0,00 secs] 
94,245: [GC (Allocation Failure) [PSYoungGen: 82016K->32K(98816K)] 84016K->2032K(273920K), 0,0008322 secs] [Times: user=0,00 sys=0,00, real=0,00 secs] 
94,306: [GC (Allocation Failure) [PSYoungGen: 98336K->96K(118784K)] 100336K->2096K(293888K), 0,0005823 secs] [Times: user=0,00 sys=0,00, real=0,00 secs] 
94,380: [GC (Allocation Failure) [PSYoungGen: 118368K->96K(115200K)] 120368K->2096K(290304K), 0,0005356 secs] [Times: user=0,00 sys=0,00, real=0,00 secs] 
94,451: [GC (Allocation Failure) [PSYoungGen: 114784K->96K(111616K)] 116784K->2096K(286720K), 0,0005293 secs] [Times: user=0,00 sys=0,00, real=0,00 secs] 
94,519: [GC (Allocation Failure) [PSYoungGen: 111199K->96K(108544K)] 113200K->2096K(283648K), 0,0005352 secs] [Times: user=0,00 sys=0,00, real=0,00 secs] 
94,585: [GC (Allocation Failure) [PSYoungGen: 108128K->96K(105472K)] 110128K->2096K(280576K), 0,0005211 secs] [Times: user=0,00 sys=0,00, real=0,00 secs] 
94,649: [GC (Allocation Failure) [PSYoungGen: 105056K->96K(102400K)] 107056K->2096K(277504K), 0,0005277 secs] [Times: user=0,00 sys=0,00, real=0,00 secs] 
94,711: [GC (Allocation Failure) [PSYoungGen: 101984K->96K(99328K)] 103984K->2096K(274432K), 0,0005266 secs] [Times: user=0,00 sys=0,00, real=0,00 secs] 
94,772: [GC (Allocation Failure) [PSYoungGen: 98912K->64K(96768K)] 100912K->2064K(271872K), 0,0005402 secs] [Times: user=0,00 sys=0,00, real=0,00 secs] 
94,830: [GC (Allocation Failure) [PSYoungGen: 96320K->96K(94208K)] 98320K->2096K(269312K), 0,0005110 secs] [Times: user=0,00 sys=0,00, real=0,00 secs] 
94,887: [GC (Allocation Failure) [PSYoungGen: 93792K->96K(91648K)] 95792K->2096K(266752K), 0,0005117 secs] [Times: user=0,01 sys=0,00, real=0,00 secs] 
94,941: [GC (Allocation Failure) [PSYoungGen: 91232K->96K(89088K)] 93232K->2096K(264192K), 0,0005178 secs] [Times: user=0,00 sys=0,00, real=0,00 secs] 
94,994: [GC (Allocation Failure) [PSYoungGen: 88672K->96K(87040K)] 90672K->2096K(262144K), 0,0005141 secs] [Times: user=0,00 sys=0,00, real=0,00 secs] 
95,044: [GC (Allocation Failure) [PSYoungGen: 86624K->96K(84992K)] 88624K->2096K(260096K), 0,0005215 secs] [Times: user=0,00 sys=0,00, real=0,00 secs] 
95,095: [GC (Allocation Failure) [PSYoungGen: 84575K->96K(82944K)] 86576K->2096K(258048K), 0,0005201 secs] [Times: user=0,01 sys=0,00, real=0,00 secs] 
95,144: [GC (Allocation Failure) [PSYoungGen: 82528K->96K(80896K)] 84528K->2096K(256000K), 0,0005141 secs] [Times: user=0,00 sys=0,00, real=0,00 secs] 
95,193: [GC (Allocation Failure) [PSYoungGen: 80480K->96K(78848K)] 82480K->2096K(253952K), 0,0005072 secs] [Times: user=0,00 sys=0,00, real=0,00 secs] 
95,240: [GC (Allocation Failure) [PSYoungGen: 78432K->96K(76800K)] 80432K->2096K(251904K), 0,0006013 secs] [Times: user=0,00 sys=0,00, real=0,00 secs] 
95,286: [GC (Allocation Failure) [PSYoungGen: 76384K->64K(74752K)] 78384K->2064K(249856K), 0,0004936 secs] [Times: user=0,00 sys=0,00, real=0,00 secs] 
95,329: [GC (Allocation Failure) [PSYoungGen: 74304K->64K(73216K)] 76304K->2064K(248320K), 0,0005284 secs] [Times: user=0,00 sys=0,00, real=0,00 secs] 
95,373: [GC (Allocation Failure) [PSYoungGen: 72768K->96K(88064K)] 74768K->2096K(263168K), 0,0005093 secs] [Times: user=0,00 sys=0,00, real=0,00 secs] 
95,425: [GC (Allocation Failure) [PSYoungGen: 87648K->96K(86016K)] 89648K->2096K(261120K), 0,0005199 secs] [Times: user=0,00 sys=0,00, real=0,00 secs] 
95,476: [GC (Allocation Failure) [PSYoungGen: 85600K->96K(83968K)] 87600K->2096K(259072K), 0,0005495 secs] [Times: user=0,00 sys=0,00, real=0,00 secs] 
95,526: [GC (Allocation Failure) [PSYoungGen: 83552K->96K(81920K)] 85552K->2096K(257024K), 0,0005255 secs] [Times: user=0,00 sys=0,00, real=0,00 secs] 
95,574: [GC (Allocation Failure) [PSYoungGen: 81504K->96K(79872K)] 83504K->2096K(254976K), 0,0005237 secs] [Times: user=0,00 sys=0,00, real=0,00 secs] 
95,623: [GC (Allocation Failure) [PSYoungGen: 79456K->96K(77824K)] 81456K->2096K(252928K), 0,0005344 secs] [Times: user=0,00 sys=0,00, real=0,00 secs] 
95,670: [GC (Allocation Failure) [PSYoungGen: 77408K->96K(93696K)] 79408K->2096K(268800K), 0,0006674 secs] [Times: user=0,00 sys=0,00, real=0,00 secs] 
95,725: [GC (Allocation Failure) [PSYoungGen: 93280K->96K(112640K)] 95280K->2096K(287744K), 0,0005529 secs] [Times: user=0,00 sys=0,00, real=0,00 secs] 
95,792: [GC (Allocation Failure) [PSYoungGen: 112224K->96K(135168K)] 114224K->2096K(310272K), 0,0009785 secs] [Times: user=0,00 sys=0,00, real=0,00 secs] 
95,873: [GC (Allocation Failure) [PSYoungGen: 134752K->96K(131072K)] 136752K->2096K(306176K), 0,0005346 secs] [Times: user=0,00 sys=0,00, real=0,00 secs] 
95,950: [GC (Allocation Failure) [PSYoungGen: 130656K->96K(126976K)] 132656K->2096K(302080K), 0,0005381 secs] [Times: user=0,01 sys=0,00, real=0,00 secs] 
96,025: [GC (Allocation Failure) [PSYoungGen: 126560K->96K(122880K)] 128560K->2096K(297984K), 0,0005207 secs] [Times: user=0,00 sys=0,00, real=0,00 secs] 
96,099: [GC (Allocation Failure) [PSYoungGen: 122464K->96K(119296K)] 124464K->2096K(294400K), 0,0005580 secs] [Times: user=0,01 sys=0,00, real=0,00 secs] 
96,171: [GC (Allocation Failure) [PSYoungGen: 118880K->64K(115712K)] 120880K->2064K(290816K), 0,0005492 secs] [Times: user=0,00 sys=0,00, real=0,00 secs] 
96,239: [GC (Allocation Failure) [PSYoungGen: 115264K->96K(112128K)] 117264K->2096K(287232K), 0,0010008 secs] [Times: user=0,01 sys=0,00, real=0,00 secs] 
96,307: [GC (Allocation Failure) [PSYoungGen: 111712K->96K(109056K)] 113712K->2096K(284160K), 0,0005221 secs] [Times: user=0,00 sys=0,00, real=0,00 secs] 
96,372: [GC (Allocation Failure) [PSYoungGen: 108640K->96K(105984K)] 110640K->2096K(281088K), 0,0005113 secs] [Times: user=0,00 sys=0,00, real=0,00 secs] 
96,434: [GC (Allocation Failure) [PSYoungGen: 105568K->96K(102912K)] 107568K->2096K(278016K), 0,0005148 secs] [Times: user=0,00 sys=0,00, real=0,00 secs] 
96,495: [GC (Allocation Failure) [PSYoungGen: 102496K->96K(99840K)] 104496K->2096K(274944K), 0,0005268 secs] [Times: user=0,00 sys=0,00, real=0,00 secs] 
96,556: [GC (Allocation Failure) [PSYoungGen: 99424K->96K(97280K)] 101424K->2096K(272384K), 0,0005039 secs] [Times: user=0,00 sys=0,00, real=0,00 secs] 
96,614: [GC (Allocation Failure) [PSYoungGen: 96864K->96K(94720K)] 98864K->2096K(269824K), 0,0005648 secs] [Times: user=0,00 sys=0,00, real=0,00 secs] 
96,670: [GC (Allocation Failure) [PSYoungGen: 94304K->96K(92160K)] 96304K->2096K(267264K), 0,0005216 secs] [Times: user=0,00 sys=0,00, real=0,00 secs] 
96,725: [GC (Allocation Failure) [PSYoungGen: 91744K->64K(89600K)] 93744K->2064K(264704K), 0,0006294 secs] [Times: user=0,00 sys=0,00, real=0,00 secs] 
96,778: [GC (Allocation Failure) [PSYoungGen: 89152K->96K(87040K)] 91152K->2096K(262144K), 0,0005558 secs] [Times: user=0,00 sys=0,00, real=0,01 secs] 
96,829: [GC (Allocation Failure) [PSYoungGen: 86624K->96K(84992K)] 88624K->2096K(260096K), 0,0005135 secs] [Times: user=0,00 sys=0,00, real=0,00 secs] 
96,880: [GC (Allocation Failure) [PSYoungGen: 84576K->96K(82944K)] 86576K->2096K(258048K), 0,0005257 secs] [Times: user=0,00 sys=0,00, real=0,00 secs] 
96,929: [GC (Allocation Failure) [PSYoungGen: 82528K->96K(80896K)] 84528K->2096K(256000K), 0,0005136 secs] [Times: user=0,00 sys=0,00, real=0,00 secs] 
96,976: [GC (Allocation Failure) [PSYoungGen: 80480K->96K(78848K)] 82480K->2096K(253952K), 0,0005110 secs] [Times: user=0,00 sys=0,00, real=0,00 secs] 
97,023: [GC (Allocation Failure) [PSYoungGen: 78432K->96K(76800K)] 80432K->2096K(251904K), 0,0005654 secs] [Times: user=0,00 sys=0,00, real=0,00 secs] 
97,069: [GC (Allocation Failure) [PSYoungGen: 76384K->64K(74752K)] 78384K->2064K(249856K), 0,0005650 secs] [Times: user=0,00 sys=0,00, real=0,00 secs] 
97,113: [GC (Allocation Failure) [PSYoungGen: 74304K->96K(89600K)] 76304K->2096K(264704K), 0,0005248 secs] [Times: user=0,01 sys=0,00, real=0,00 secs] 
97,168: [GC (Allocation Failure) [PSYoungGen: 89184K->96K(87040K)] 91184K->2096K(262144K), 0,0005146 secs] [Times: user=0,00 sys=0,00, real=0,00 secs] 
97,219: [GC (Allocation Failure) [PSYoungGen: 86624K->96K(84992K)] 88624K->2096K(260096K), 0,0005280 secs] [Times: user=0,00 sys=0,00, real=0,00 secs] 
97,270: [GC (Allocation Failure) [PSYoungGen: 84576K->64K(82944K)] 86576K->2064K(258048K), 0,0005730 secs] [Times: user=0,00 sys=0,00, real=0,00 secs] 
97,319: [GC (Allocation Failure) [PSYoungGen: 82496K->96K(80896K)] 84496K->2096K(256000K), 0,0005293 secs] [Times: user=0,00 sys=0,00, real=0,00 secs] 
97,372: [GC (Allocation Failure) [PSYoungGen: 80480K->64K(97280K)] 82480K->2064K(272384K), 0,0010502 secs] [Times: user=0,01 sys=0,00, real=0,00 secs] 
97,431: [GC (Allocation Failure) [PSYoungGen: 96832K->32K(116736K)] 98832K->2032K(291840K), 0,0005524 secs] [Times: user=0,00 sys=0,00, real=0,00 secs] 
97,501: [GC (Allocation Failure) [PSYoungGen: 116256K->96K(113152K)] 118256K->2096K(288256K), 0,0005173 secs] [Times: user=0,00 sys=0,00, real=0,00 secs] 
97,569: [GC (Allocation Failure) [PSYoungGen: 112736K->64K(110080K)] 114736K->2064K(285184K), 0,0005871 secs] [Times: user=0,00 sys=0,00, real=0,00 secs] 
97,634: [GC (Allocation Failure) [PSYoungGen: 109632K->64K(107008K)] 111632K->2064K(282112K), 0,0005250 secs] [Times: user=0,00 sys=0,00, real=0,00 secs] 
97,702: [GC (Allocation Failure) [PSYoungGen: 106560K->96K(103936K)] 108560K->2096K(279040K), 0,0007046 secs] [Times: user=0,01 sys=0,00, real=0,00 secs] 
97,764: [GC (Allocation Failure) [PSYoungGen: 103520K->96K(100864K)] 105520K->2096K(275968K), 0,0005177 secs] [Times: user=0,00 sys=0,00, real=0,00 secs] 
97,823: [GC (Allocation Failure) [PSYoungGen: 100448K->64K(98304K)] 102448K->2064K(273408K), 0,0005320 secs] [Times: user=0,00 sys=0,00, real=0,00 secs] 
97,882: [GC (Allocation Failure) [PSYoungGen: 97856K->96K(95744K)] 99856K->2096K(270848K), 0,0005133 secs] [Times: user=0,01 sys=0,00, real=0,00 secs] 
97,939: [GC (Allocation Failure) [PSYoungGen: 95328K->96K(93184K)] 97328K->2096K(268288K), 0,0005222 secs] [Times: user=0,00 sys=0,00, real=0,00 secs] 
97,994: [GC (Allocation Failure) [PSYoungGen: 92768K->96K(90624K)] 94768K->2096K(265728K), 0,0005153 secs] [Times: user=0,00 sys=0,00, real=0,00 secs] 
98,048: [GC (Allocation Failure) [PSYoungGen: 90208K->96K(88064K)] 92208K->2096K(263168K), 0,0005211 secs] [Times: user=0,00 sys=0,00, real=0,01 secs] 
98,100: [GC (Allocation Failure) [PSYoungGen: 87648K->96K(86016K)] 89648K->2096K(261120K), 0,0005427 secs] [Times: user=0,00 sys=0,00, real=0,00 secs] 
98,152: [GC (Allocation Failure) [PSYoungGen: 85600K->96K(83968K)] 87600K->2096K(259072K), 0,0005669 secs] [Times: user=0,00 sys=0,00, real=0,00 secs] 
98,203: [GC (Allocation Failure) [PSYoungGen: 83552K->96K(81920K)] 85552K->2096K(257024K), 0,0005396 secs] [Times: user=0,00 sys=0,00, real=0,00 secs] 
98,253: [GC (Allocation Failure) [PSYoungGen: 81504K->96K(79872K)] 83504K->2096K(254976K), 0,0005436 secs] [Times: user=0,00 sys=0,00, real=0,00 secs] 
98,302: [GC (Allocation Failure) [PSYoungGen: 79456K->96K(77824K)] 81456K->2096K(252928K), 0,0005787 secs] [Times: user=0,00 sys=0,00, real=0,00 secs] 
98,350: [GC (Allocation Failure) [PSYoungGen: 77408K->96K(75776K)] 79408K->2096K(250880K), 0,0005820 secs] [Times: user=0,00 sys=0,00, real=0,00 secs] 
98,397: [GC (Allocation Failure) [PSYoungGen: 75360K->96K(91136K)] 77360K->2096K(266240K), 0,0005623 secs] [Times: user=0,00 sys=0,00, real=0,00 secs] 
98,452: [GC (Allocation Failure) [PSYoungGen: 90720K->64K(109568K)] 92720K->2064K(284672K), 0,0007308 secs] [Times: user=0,00 sys=0,00, real=0,00 secs] 
98,520: [GC (Allocation Failure) [PSYoungGen: 109120K->64K(106496K)] 111120K->2064K(281600K), 0,0005270 secs] [Times: user=0,00 sys=0,00, real=0,00 secs] 
98,586: [GC (Allocation Failure) [PSYoungGen: 106048K->96K(103424K)] 108048K->2096K(278528K), 0,0005565 secs] [Times: user=0,00 sys=0,00, real=0,00 secs] 
98,650: [GC (Allocation Failure) [PSYoungGen: 103008K->96K(100352K)] 105008K->2096K(275456K), 0,0005834 secs] [Times: user=0,00 sys=0,01, real=0,00 secs] 
98,712: [GC (Allocation Failure) [PSYoungGen: 99936K->64K(97792K)] 101936K->2064K(272896K), 0,0006016 secs] [Times: user=0,00 sys=0,00, real=0,00 secs] 
98,773: [GC (Allocation Failure) [PSYoungGen: 97344K->96K(95232K)] 99344K->2096K(270336K), 0,0005255 secs] [Times: user=0,00 sys=0,00, real=0,00 secs] 
98,832: [GC (Allocation Failure) [PSYoungGen: 94816K->64K(92672K)] 96816K->2064K(267776K), 0,0005426 secs] [Times: user=0,00 sys=0,00, real=0,00 secs] 
98,888: [GC (Allocation Failure) [PSYoungGen: 92224K->96K(90112K)] 94224K->2096K(265216K), 0,0005356 secs] [Times: user=0,00 sys=0,00, real=0,00 secs] 
98,944: [GC (Allocation Failure) [PSYoungGen: 89696K->96K(108032K)] 91696K->2096K(283136K), 0,0009971 secs] [Times: user=0,00 sys=0,00, real=0,00 secs] 
99,010: [GC (Allocation Failure) [PSYoungGen: 107616K->96K(104960K)] 109616K->2096K(280064K), 0,0005322 secs] [Times: user=0,00 sys=0,00, real=0,00 secs] 
99,075: [GC (Allocation Failure) [PSYoungGen: 104544K->96K(101888K)] 106544K->2096K(276992K), 0,0005507 secs] [Times: user=0,00 sys=0,00, real=0,00 secs] 
99,137: [GC (Allocation Failure) [PSYoungGen: 101472K->32K(98816K)] 103472K->2032K(273920K), 0,0005148 secs] [Times: user=0,00 sys=0,00, real=0,00 secs] 
99,199: [GC (Allocation Failure) [PSYoungGen: 98336K->96K(96256K)] 100336K->2096K(271360K), 0,0005420 secs] [Times: user=0,00 sys=0,00, real=0,00 secs] 
99,258: [GC (Allocation Failure) [PSYoungGen: 95840K->64K(93696K)] 97840K->2064K(268800K), 0,0005294 secs] [Times: user=0,00 sys=0,00, real=0,00 secs] 
99,316: [GC (Allocation Failure) [PSYoungGen: 93248K->96K(91136K)] 95248K->2096K(266240K), 0,0005305 secs] [Times: user=0,01 sys=0,00, real=0,00 secs] 
99,371: [GC (Allocation Failure) [PSYoungGen: 90720K->64K(88576K)] 92720K->2064K(263680K), 0,0005998 secs] [Times: user=0,00 sys=0,00, real=0,00 secs] 
99,426: [GC (Allocation Failure) [PSYoungGen: 88128K->96K(86528K)] 90128K->2096K(261632K), 0,0005405 secs] [Times: user=0,00 sys=0,00, real=0,00 secs] 
99,479: [GC (Allocation Failure) [PSYoungGen: 86112K->96K(84480K)] 88112K->2096K(259584K), 0,0005404 secs] [Times: user=0,00 sys=0,00, real=0,00 secs] 
99,531: [GC (Allocation Failure) [PSYoungGen: 84064K->96K(82432K)] 86064K->2096K(257536K), 0,0005278 secs] [Times: user=0,00 sys=0,00, real=0,00 secs] 
99,582: [GC (Allocation Failure) [PSYoungGen: 82016K->64K(80384K)] 84016K->2064K(255488K), 0,0005408 secs] [Times: user=0,00 sys=0,00, real=0,00 secs] 
99,631: [GC (Allocation Failure) [PSYoungGen: 79936K->64K(78336K)] 81936K->2064K(253440K), 0,0005348 secs] [Times: user=0,00 sys=0,00, real=0,00 secs] 
99,679: [GC (Allocation Failure) [PSYoungGen: 77888K->64K(76288K)] 79888K->2064K(251392K), 0,0005231 secs] [Times: user=0,00 sys=0,00, real=0,00 secs] 
99,725: [GC (Allocation Failure) [PSYoungGen: 75840K->64K(91648K)] 77840K->2064K(266752K), 0,0007690 secs] [Times: user=0,00 sys=0,00, real=0,00 secs] 
99,782: [GC (Allocation Failure) [PSYoungGen: 91200K->96K(110080K)] 93200K->2096K(285184K), 0,0005619 secs] [Times: user=0,00 sys=0,00, real=0,00 secs] 
99,849: [GC (Allocation Failure) [PSYoungGen: 109664K->64K(132096K)] 111664K->2064K(307200K), 0,0007052 secs] [Times: user=0,00 sys=0,00, real=0,00 secs] 
99,931: [GC (Allocation Failure) [PSYoungGen: 131648K->96K(128000K)] 133648K->2096K(303104K), 0,0006026 secs] [Times: user=0,00 sys=0,00, real=0,00 secs] 
100,009: [GC (Allocation Failure) [PSYoungGen: 127584K->96K(123904K)] 129584K->2096K(299008K), 0,0007096 secs] [Times: user=0,00 sys=0,00, real=0,00 secs] 
100,085: [GC (Allocation Failure) [PSYoungGen: 123488K->96K(120320K)] 125488K->2096K(295424K), 0,0005334 secs] [Times: user=0,00 sys=0,00, real=0,00 secs] 
100,159: [GC (Allocation Failure) [PSYoungGen: 119904K->64K(116736K)] 121904K->2064K(291840K), 0,0005837 secs] [Times: user=0,00 sys=0,00, real=0,00 secs] 
100,231: [GC (Allocation Failure) [PSYoungGen: 116288K->96K(113152K)] 118288K->2096K(288256K), 0,0005539 secs] [Times: user=0,01 sys=0,00, real=0,00 secs] 
100,301: [GC (Allocation Failure) [PSYoungGen: 112736K->96K(110080K)] 114736K->2096K(285184K), 0,0005446 secs] [Times: user=0,01 sys=0,00, real=0,00 secs] 
Heap
 PSYoungGen      total 110080K, used 24764K [0x000000076ab00000, 0x0000000788800000, 0x00000007c0000000)
  eden space 109568K, 22% used [0x000000076ab00000,0x000000076c317140,0x0000000771600000)
  from space 512K, 18% used [0x0000000788700000,0x0000000788718000,0x0000000788780000)
  to   space 512K, 0% used [0x0000000788780000,0x0000000788780000,0x0000000788800000)
 ParOldGen       total 175104K, used 2000K [0x00000006c0000000, 0x00000006cab00000, 0x000000076ab00000)
  object space 175104K, 1% used [0x00000006c0000000,0x00000006c01f40c0,0x00000006cab00000)
 Metaspace       used 11791K, capacity 12070K, committed 12288K, reserved 1060864K
  class space    used 1167K, capacity 1277K, committed 1280K, reserved 1048576K
