OpenJDK 64-Bit Server VM (25.202-b05) for bsd-amd64 JRE (Zulu 8.36.0.1-CA-macosx) (1.8.0_202-b05), built on Jan 29 2019 06:07:09 by "zulu_re" with gcc 4.2.1 (Based on Apple Inc. build 5658) (LLVM build 2336.11.00)
Memory: 4k page, physical 16777216k(3648780k free)

/proc/meminfo:

CommandLine flags: -XX:InitialHeapSize=268435456 -XX:MaxHeapSize=4294967296 -XX:+PrintGC -XX:+PrintGCDetails -XX:+PrintGCTimeStamps -XX:+UseCompressedClassPointers -XX:+UseCompressedOops -XX:+UseParallelGC 
Heap
 PSYoungGen      total 76288K, used 35676K [0x000000076ab00000, 0x0000000770000000, 0x00000007c0000000)
  eden space 65536K, 54% used [0x000000076ab00000,0x000000076cdd73e8,0x000000076eb00000)
  from space 10752K, 0% used [0x000000076f580000,0x000000076f580000,0x0000000770000000)
  to   space 10752K, 0% used [0x000000076eb00000,0x000000076eb00000,0x000000076f580000)
 ParOldGen       total 175104K, used 0K [0x00000006c0000000, 0x00000006cab00000, 0x000000076ab00000)
  object space 175104K, 0% used [0x00000006c0000000,0x00000006c0000000,0x00000006cab00000)
 Metaspace       used 7649K, capacity 8005K, committed 8192K, reserved 1056768K
  class space    used 852K, capacity 948K, committed 1024K, reserved 1048576K
166: [GC (Allocation Failure) [PSYoungGen: 132688K->1632K(141824K)] 132712K->1664K(316928K), 0,0017329 secs] [Times: user=0,00 sys=0,00, real=0,00 secs] 
1,342: [GC (Allocation Failure) [PSYoungGen: 132704K->1600K(267264K)] 132736K->1640K(442368K), 0,0029720 secs] [Times: user=0,01 sys=0,00, real=0,00 secs] 
1,618: [GC (Allocation Failure) [PSYoungGen: 263744K->128K(267264K)] 263784K->1748K(442368K), 0,0018811 secs] [Times: user=0,00 sys=0,00, real=0,01 secs] 
1,834: [GC (Allocation Failure) [PSYoungGen: 262272K->96K(529408K)] 263892K->1732K(704512K), 0,0006487 secs] [Times: user=0,00 sys=0,00, real=0,00 secs] 
2,369: [GC (Allocation Failure) [PSYoungGen: 524384K->96K(501760K)] 526020K->1732K(676864K), 0,0005554 secs] [Times: user=0,00 sys=0,00, real=0,00 secs] 
2,779: [GC (Allocation Failure) [PSYoungGen: 501344K->96K(479744K)] 502980K->1748K(654848K), 0,0006310 secs] [Times: user=0,00 sys=0,00, real=0,00 secs] 
3,167: [GC (Allocation Failure) [PSYoungGen: 479328K->96K(463360K)] 480980K->1748K(638464K), 0,0005201 secs] [Times: user=0,00 sys=0,00, real=0,00 secs] 
3,539: [GC (Allocation Failure) [PSYoungGen: 458336K->96K(438784K)] 459988K->1756K(613888K), 0,0005907 secs] [Times: user=0,00 sys=0,00, real=0,00 secs] 
3,903: [GC (Allocation Failure) [PSYoungGen: 438368K->96K(423936K)] 440028K->1756K(599040K), 0,0005116 secs] [Times: user=0,00 sys=0,00, real=0,00 secs] 
4,245: [GC (Allocation Failure) [PSYoungGen: 419424K->96K(401920K)] 421084K->1756K(577024K), 0,0006128 secs] [Times: user=0,00 sys=0,00, real=0,00 secs] 
4,568: [GC (Allocation Failure) [PSYoungGen: 401504K->96K(388608K)] 403164K->1756K(563712K), 0,0005346 secs] [Times: user=0,01 sys=0,00, real=0,01 secs] 
4,879: [GC (Allocation Failure) [PSYoungGen: 384608K->96K(368640K)] 386268K->1756K(543744K), 0,0007018 secs] [Times: user=0,01 sys=0,00, real=0,00 secs] 
5,179: [GC (Allocation Failure) [PSYoungGen: 368224K->96K(356864K)] 369884K->1764K(531968K), 0,0005120 secs] [Times: user=0,01 sys=0,00, real=0,00 secs] 
5,465: [GC (Allocation Failure) [PSYoungGen: 352864K->64K(338432K)] 354532K->1732K(513536K), 0,0005747 secs] [Times: user=0,00 sys=0,00, real=0,00 secs] 
5,746: [GC (Allocation Failure) [PSYoungGen: 337984K->96K(327680K)] 339652K->1764K(502784K), 0,0005168 secs] [Times: user=0,00 sys=0,00, real=0,00 secs] 
6,010: [GC (Allocation Failure) [PSYoungGen: 324192K->64K(311296K)] 325860K->1732K(486400K), 0,0006087 secs] [Times: user=0,00 sys=0,00, real=0,00 secs] 
6,263: [GC (Allocation Failure) [PSYoungGen: 310848K->96K(301056K)] 312516K->1764K(476160K), 0,0005152 secs] [Times: user=0,00 sys=0,00, real=0,00 secs] 
6,504: [GC (Allocation Failure) [PSYoungGen: 298080K->64K(286720K)] 299748K->1732K(461824K), 0,0005929 secs] [Times: user=0,00 sys=0,00, real=0,00 secs] 
6,737: [GC (Allocation Failure) [PSYoungGen: 286272K->96K(278016K)] 287940K->1764K(453120K), 0,0005124 secs] [Times: user=0,00 sys=0,00, real=0,00 secs] 
6,959: [GC (Allocation Failure) [PSYoungGen: 275040K->96K(264704K)] 276708K->1764K(439808K), 0,0005711 secs] [Times: user=0,01 sys=0,00, real=0,00 secs] 
7,172: [GC (Allocation Failure) [PSYoungGen: 264288K->64K(256512K)] 265956K->1732K(431616K), 0,0004904 secs] [Times: user=0,00 sys=0,00, real=0,00 secs] 
7,378: [GC (Allocation Failure) [PSYoungGen: 254016K->96K(244736K)] 255684K->1764K(419840K), 0,0005875 secs] [Times: user=0,01 sys=0,00, real=0,01 secs] 
7,575: [GC (Allocation Failure) [PSYoungGen: 244320K->64K(237568K)] 245988K->1732K(412672K), 0,0004990 secs] [Times: user=0,00 sys=0,00, real=0,00 secs] 
7,765: [GC (Allocation Failure) [PSYoungGen: 235072K->96K(226816K)] 236740K->1764K(401920K), 0,0006113 secs] [Times: user=0,00 sys=0,00, real=0,00 secs] 
7,948: [GC (Allocation Failure) [PSYoungGen: 226400K->96K(219648K)] 228068K->1764K(394752K), 0,0005537 secs] [Times: user=0,00 sys=0,00, real=0,00 secs] 
8,125: [GC (Allocation Failure) [PSYoungGen: 217696K->96K(209920K)] 219364K->1764K(385024K), 0,0005502 secs] [Times: user=0,00 sys=0,00, real=0,00 secs] 
8,294: [GC (Allocation Failure) [PSYoungGen: 209504K->64K(203776K)] 211172K->1732K(378880K), 0,0004997 secs] [Times: user=0,00 sys=0,00, real=0,00 secs] 
8,457: [GC (Allocation Failure) [PSYoungGen: 201792K->96K(195072K)] 203460K->1764K(370176K), 0,0005455 secs] [Times: user=0,01 sys=0,00, real=0,00 secs] 
8,615: [GC (Allocation Failure) [PSYoungGen: 194656K->96K(188928K)] 196324K->1764K(364032K), 0,0005011 secs] [Times: user=0,00 sys=0,00, real=0,00 secs] 
8,766: [GC (Allocation Failure) [PSYoungGen: 187488K->96K(181248K)] 189156K->1764K(356352K), 0,0005437 secs] [Times: user=0,00 sys=0,00, real=0,00 secs] 
8,913: [GC (Allocation Failure) [PSYoungGen: 180832K->96K(176128K)] 182500K->1764K(351232K), 0,0006325 secs] [Times: user=0,00 sys=0,00, real=0,00 secs] 
9,055: [GC (Allocation Failure) [PSYoungGen: 174688K->64K(168960K)] 176356K->1732K(344064K), 0,0005274 secs] [Times: user=0,01 sys=0,00, real=0,00 secs] 
9,191: [GC (Allocation Failure) [PSYoungGen: 168512K->64K(164352K)] 170180K->1732K(339456K), 0,0009944 secs] [Times: user=0,00 sys=0,00, real=0,00 secs] 
9,323: [GC (Allocation Failure) [PSYoungGen: 162880K->64K(157696K)] 164548K->1732K(332800K), 0,0005206 secs] [Times: user=0,00 sys=0,00, real=0,00 secs] 
9,450: [GC (Allocation Failure) [PSYoungGen: 157248K->96K(153088K)] 158916K->1764K(328192K), 0,0004829 secs] [Times: user=0,00 sys=0,00, real=0,00 secs] 
9,574: [GC (Allocation Failure) [PSYoungGen: 152160K->96K(147456K)] 153828K->1764K(322560K), 0,0005262 secs] [Times: user=0,01 sys=0,00, real=0,00 secs] 
9,693: [GC (Allocation Failure) [PSYoungGen: 147040K->64K(143360K)] 148708K->1732K(318464K), 0,0008469 secs] [Times: user=0,01 sys=0,00, real=0,00 secs] 
9,808: [GC (Allocation Failure) [PSYoungGen: 142400K->64K(138240K)] 144068K->1732K(313344K), 0,0010315 secs] [Times: user=0,00 sys=0,00, real=0,00 secs] 
9,921: [GC (Allocation Failure) [PSYoungGen: 137792K->96K(134144K)] 139460K->1764K(309248K), 0,0005139 secs] [Times: user=0,00 sys=0,00, real=0,00 secs] 
10,029: [GC (Allocation Failure) [PSYoungGen: 133216K->64K(129536K)] 134884K->1732K(304640K), 0,0005193 secs] [Times: user=0,00 sys=0,00, real=0,00 secs] 
10,134: [GC (Allocation Failure) [PSYoungGen: 129088K->96K(125952K)] 130756K->1764K(301056K), 0,0004986 secs] [Times: user=0,00 sys=0,00, real=0,00 secs] 
10,248: [GC (Allocation Failure) [PSYoungGen: 125024K->160K(121344K)] 126692K->1836K(296448K), 0,0005042 secs] [Times: user=0,01 sys=0,00, real=0,00 secs] 
10,347: [GC (Allocation Failure) [PSYoungGen: 120992K->96K(118272K)] 122668K->1836K(293376K), 0,0004885 secs] [Times: user=0,00 sys=0,00, real=0,00 secs] 
10,442: [GC (Allocation Failure) [PSYoungGen: 117344K->64K(114176K)] 119084K->1804K(289280K), 0,0004956 secs] [Times: user=0,00 sys=0,00, real=0,00 secs] 
10,535: [GC (Allocation Failure) [PSYoungGen: 113728K->96K(110592K)] 115468K->1836K(285696K), 0,0005011 secs] [Times: user=0,00 sys=0,00, real=0,00 secs] 
10,625: [GC (Allocation Failure) [PSYoungGen: 110176K->32K(107520K)] 111916K->1772K(282624K), 0,0006184 secs] [Times: user=0,00 sys=0,01, real=0,00 secs] 
10,712: [GC (Allocation Failure) [PSYoungGen: 107040K->96K(104448K)] 108780K->1836K(279552K), 0,0005106 secs] [Times: user=0,00 sys=0,00, real=0,00 secs] 
10,796: [GC (Allocation Failure) [PSYoungGen: 104032K->96K(101376K)] 105772K->1836K(276480K), 0,0005055 secs] [Times: user=0,00 sys=0,00, real=0,00 secs] 
10,878: [GC (Allocation Failure) [PSYoungGen: 100960K->96K(98816K)] 102700K->1836K(273920K), 0,0004991 secs] [Times: user=0,00 sys=0,00, real=0,00 secs] 
10,958: [GC (Allocation Failure) [PSYoungGen: 98400K->96K(96256K)] 100140K->1836K(271360K), 0,0005024 secs] [Times: user=0,00 sys=0,00, real=0,00 secs] 
11,036: [GC (Allocation Failure) [PSYoungGen: 95840K->64K(93696K)] 97580K->1804K(268800K), 0,0004912 secs] [Times: user=0,00 sys=0,00, real=0,00 secs] 
11,111: [GC (Allocation Failure) [PSYoungGen: 93248K->96K(91136K)] 94988K->1836K(266240K), 0,0004589 secs] [Times: user=0,00 sys=0,00, real=0,00 secs] 
11,185: [GC (Allocation Failure) [PSYoungGen: 90719K->96K(88576K)] 92459K->1836K(263680K), 0,0005047 secs] [Times: user=0,00 sys=0,00, real=0,00 secs] 
11,257: [GC (Allocation Failure) [PSYoungGen: 88160K->96K(86528K)] 89900K->1836K(261632K), 0,0005321 secs] [Times: user=0,00 sys=0,00, real=0,00 secs] 
11,326: [GC (Allocation Failure) [PSYoungGen: 86112K->96K(84480K)] 87852K->1836K(259584K), 0,0005032 secs] [Times: user=0,00 sys=0,00, real=0,00 secs] 
11,394: [GC (Allocation Failure) [PSYoungGen: 84064K->96K(82432K)] 85804K->1836K(257536K), 0,0005053 secs] [Times: user=0,00 sys=0,00, real=0,00 secs] 
11,460: [GC (Allocation Failure) [PSYoungGen: 82016K->96K(80384K)] 83756K->1836K(255488K), 0,0004688 secs] [Times: user=0,00 sys=0,00, real=0,00 secs] 
11,525: [GC (Allocation Failure) [PSYoungGen: 79968K->96K(78336K)] 81708K->1836K(253440K), 0,0005054 secs] [Times: user=0,00 sys=0,00, real=0,00 secs] 
11,588: [GC (Allocation Failure) [PSYoungGen: 77920K->96K(76288K)] 79660K->1836K(251392K), 0,0005473 secs] [Times: user=0,00 sys=0,00, real=0,00 secs] 
11,650: [GC (Allocation Failure) [PSYoungGen: 75872K->64K(74752K)] 77612K->1804K(249856K), 0,0005331 secs] [Times: user=0,00 sys=0,00, real=0,00 secs] 
11,710: [GC (Allocation Failure) [PSYoungGen: 74304K->96K(73216K)] 76044K->1836K(248320K), 0,0004835 secs] [Times: user=0,00 sys=0,00, real=0,00 secs] 
11,770: [GC (Allocation Failure) [PSYoungGen: 72800K->64K(71680K)] 74540K->1804K(246784K), 0,0004771 secs] [Times: user=0,00 sys=0,00, real=0,00 secs] 
11,828: [GC (Allocation Failure) [PSYoungGen: 71232K->96K(70144K)] 72972K->1836K(245248K), 0,0004844 secs] [Times: user=0,00 sys=0,00, real=0,01 secs] 
11,884: [GC (Allocation Failure) [PSYoungGen: 69728K->64K(68608K)] 71468K->1804K(243712K), 0,0007190 secs] [Times: user=0,00 sys=0,00, real=0,00 secs] 
11,940: [GC (Allocation Failure) [PSYoungGen: 68160K->96K(67072K)] 69900K->1836K(242176K), 0,0005176 secs] [Times: user=0,00 sys=0,00, real=0,00 secs] 
11,994: [GC (Allocation Failure) [PSYoungGen: 66656K->96K(65536K)] 68396K->1836K(240640K), 0,0004657 secs] [Times: user=0,00 sys=0,00, real=0,00 secs] 
12,047: [GC (Allocation Failure) [PSYoungGen: 65120K->32K(64000K)] 66860K->1772K(239104K), 0,0004626 secs] [Times: user=0,00 sys=0,00, real=0,00 secs] 
12,099: [GC (Allocation Failure) [PSYoungGen: 63520K->96K(62464K)] 65260K->1836K(237568K), 0,0004664 secs] [Times: user=0,00 sys=0,00, real=0,00 secs] 
12,150: [GC (Allocation Failure) [PSYoungGen: 62048K->64K(61440K)] 63788K->1804K(236544K), 0,0004751 secs] [Times: user=0,01 sys=0,00, real=0,00 secs] 
12,199: [GC (Allocation Failure) [PSYoungGen: 60992K->64K(60416K)] 62732K->1812K(235520K), 0,0004819 secs] [Times: user=0,01 sys=0,00, real=0,00 secs] 
12,248: [GC (Allocation Failure) [PSYoungGen: 59968K->96K(59392K)] 61716K->1844K(234496K), 0,0004971 secs] [Times: user=0,01 sys=0,00, real=0,00 secs] 
12,296: [GC (Allocation Failure) [PSYoungGen: 58976K->64K(58368K)] 60724K->1812K(233472K), 0,0004631 secs] [Times: user=0,00 sys=0,00, real=0,00 secs] 
12,343: [GC (Allocation Failure) [PSYoungGen: 57920K->96K(57344K)] 59668K->1844K(232448K), 0,0004693 secs] [Times: user=0,00 sys=0,00, real=0,00 secs] 
12,390: [GC (Allocation Failure) [PSYoungGen: 56928K->96K(56320K)] 58676K->1844K(231424K), 0,0004816 secs] [Times: user=0,00 sys=0,00, real=0,00 secs] 
12,435: [GC (Allocation Failure) [PSYoungGen: 55904K->96K(55296K)] 57652K->1844K(230400K), 0,0004752 secs] [Times: user=0,00 sys=0,00, real=0,00 secs] 
12,480: [GC (Allocation Failure) [PSYoungGen: 54880K->96K(54272K)] 56628K->1844K(229376K), 0,0004672 secs] [Times: user=0,00 sys=0,00, real=0,00 secs] 
12,524: [GC (Allocation Failure) [PSYoungGen: 53856K->128K(53248K)] 55604K->1876K(228352K), 0,0005619 secs] [Times: user=0,00 sys=0,00, real=0,00 secs] 
12,567: [GC (Allocation Failure) [PSYoungGen: 52864K->64K(52224K)] 54612K->1812K(227328K), 0,0004829 secs] [Times: user=0,00 sys=0,00, real=0,00 secs] 
12,610: [GC (Allocation Failure) [PSYoungGen: 51776K->96K(62976K)] 53524K->1844K(238080K), 0,0005227 secs] [Times: user=0,00 sys=0,00, real=0,00 secs] 
12,660: [GC (Allocation Failure) [PSYoungGen: 62560K->96K(61952K)] 64308K->1844K(237056K), 0,0004686 secs] [Times: user=0,00 sys=0,00, real=0,00 secs] 
12,710: [GC (Allocation Failure) [PSYoungGen: 61536K->96K(60928K)] 63284K->1844K(236032K), 0,0004632 secs] [Times: user=0,00 sys=0,00, real=0,00 secs] 
12,759: [GC (Allocation Failure) [PSYoungGen: 60512K->64K(59904K)] 62260K->1812K(235008K), 0,0004756 secs] [Times: user=0,00 sys=0,00, real=0,00 secs] 
12,808: [GC (Allocation Failure) [PSYoungGen: 59456K->64K(58880K)] 61204K->1812K(233984K), 0,0004947 secs] [Times: user=0,00 sys=0,00, real=0,01 secs] 
12,855: [GC (Allocation Failure) [PSYoungGen: 58432K->96K(57856K)] 60180K->1844K(232960K), 0,0004822 secs] [Times: user=0,00 sys=0,00, real=0,00 secs] 
12,902: [GC (Allocation Failure) [PSYoungGen: 57440K->128K(56832K)] 59188K->1876K(231936K), 0,0005107 secs] [Times: user=0,00 sys=0,00, real=0,00 secs] 
12,948: [GC (Allocation Failure) [PSYoungGen: 56448K->64K(55808K)] 58196K->1812K(230912K), 0,0005028 secs] [Times: user=0,00 sys=0,00, real=0,01 secs] 
12,993: [GC (Allocation Failure) [PSYoungGen: 55360K->96K(67072K)] 57108K->1844K(242176K), 0,0005475 secs] [Times: user=0,01 sys=0,00, real=0,00 secs] 
13,047: [GC (Allocation Failure) [PSYoungGen: 66656K->64K(65536K)] 68404K->1812K(240640K), 0,0005604 secs] [Times: user=0,00 sys=0,00, real=0,00 secs] 
13,100: [GC (Allocation Failure) [PSYoungGen: 65088K->96K(64000K)] 66836K->1844K(239104K), 0,0004762 secs] [Times: user=0,00 sys=0,00, real=0,00 secs] 
13,152: [GC (Allocation Failure) [PSYoungGen: 63584K->96K(62464K)] 65332K->1844K(237568K), 0,0004710 secs] [Times: user=0,00 sys=0,00, real=0,00 secs] 
13,203: [GC (Allocation Failure) [PSYoungGen: 62048K->64K(61440K)] 63796K->1812K(236544K), 0,0004902 secs] [Times: user=0,00 sys=0,00, real=0,00 secs] 
13,252: [GC (Allocation Failure) [PSYoungGen: 60992K->32K(60416K)] 62740K->1780K(235520K), 0,0004911 secs] [Times: user=0,00 sys=0,00, real=0,00 secs] 
13,301: [GC (Allocation Failure) [PSYoungGen: 59936K->64K(59392K)] 61684K->1812K(234496K), 0,0005432 secs] [Times: user=0,00 sys=0,00, real=0,00 secs] 
13,349: [GC (Allocation Failure) [PSYoungGen: 58944K->96K(58368K)] 60692K->1844K(233472K), 0,0005358 secs] [Times: user=0,00 sys=0,00, real=0,00 secs] 
13,396: [GC (Allocation Failure) [PSYoungGen: 57952K->96K(57344K)] 59700K->1844K(232448K), 0,0004689 secs] [Times: user=0,00 sys=0,00, real=0,00 secs] 
13,442: [GC (Allocation Failure) [PSYoungGen: 56928K->96K(56320K)] 58676K->1844K(231424K), 0,0004739 secs] [Times: user=0,00 sys=0,00, real=0,00 secs] 
13,488: [GC (Allocation Failure) [PSYoungGen: 55904K->96K(55296K)] 57652K->1844K(230400K), 0,0004769 secs] [Times: user=0,00 sys=0,00, real=0,01 secs] 
13,533: [GC (Allocation Failure) [PSYoungGen: 54880K->96K(54272K)] 56628K->1844K(229376K), 0,0005134 secs] [Times: user=0,00 sys=0,00, real=0,00 secs] 
13,577: [GC (Allocation Failure) [PSYoungGen: 53856K->96K(53248K)] 55604K->1844K(228352K), 0,0004620 secs] [Times: user=0,00 sys=0,00, real=0,00 secs] 
13,620: [GC (Allocation Failure) [PSYoungGen: 52832K->64K(52224K)] 54580K->1812K(227328K), 0,0005316 secs] [Times: user=0,00 sys=0,00, real=0,00 secs] 
13,663: [GC (Allocation Failure) [PSYoungGen: 51776K->64K(51200K)] 53524K->1812K(226304K), 0,0004581 secs] [Times: user=0,00 sys=0,00, real=0,00 secs] 
13,705: [GC (Allocation Failure) [PSYoungGen: 50752K->64K(50176K)] 52500K->1812K(225280K), 0,0004674 secs] [Times: user=0,00 sys=0,00, real=0,00 secs] 
13,745: [GC (Allocation Failure) [PSYoungGen: 49728K->96K(49152K)] 51476K->1844K(224256K), 0,0003755 secs] [Times: user=0,00 sys=0,00, real=0,00 secs] 
13,785: [GC (Allocation Failure) [PSYoungGen: 48736K->32K(48128K)] 50484K->1780K(223232K), 0,0004908 secs] [Times: user=0,00 sys=0,00, real=0,00 secs] 
13,824: [GC (Allocation Failure) [PSYoungGen: 47648K->64K(47616K)] 49396K->1812K(222720K), 0,0004425 secs] [Times: user=0,00 sys=0,00, real=0,00 secs] 
13,862: [GC (Allocation Failure) [PSYoungGen: 47168K->96K(47104K)] 48916K->1844K(222208K), 0,0003735 secs] [Times: user=0,00 sys=0,00, real=0,00 secs] 
13,900: [GC (Allocation Failure) [PSYoungGen: 46688K->64K(46592K)] 48436K->1812K(221696K), 0,0004520 secs] [Times: user=0,00 sys=0,00, real=0,00 secs] 
13,938: [GC (Allocation Failure) [PSYoungGen: 46144K->96K(46080K)] 47892K->1844K(221184K), 0,0004087 secs] [Times: user=0,00 sys=0,00, real=0,01 secs] 
13,975: [GC (Allocation Failure) [PSYoungGen: 45664K->96K(55296K)] 47412K->1844K(230400K), 0,0004451 secs] [Times: user=0,00 sys=0,00, real=0,00 secs] 
14,020: [GC (Allocation Failure) [PSYoungGen: 54880K->96K(66560K)] 56628K->1844K(241664K), 0,0004766 secs] [Times: user=0,00 sys=0,00, real=0,00 secs] 
14,073: [GC (Allocation Failure) [PSYoungGen: 66144K->96K(65024K)] 67892K->1844K(240128K), 0,0004855 secs] [Times: user=0,00 sys=0,00, real=0,00 secs] 
14,126: [GC (Allocation Failure) [PSYoungGen: 64608K->96K(63488K)] 66356K->1844K(238592K), 0,0004687 secs] [Times: user=0,00 sys=0,00, real=0,00 secs] 
14,177: [GC (Allocation Failure) [PSYoungGen: 63072K->96K(61952K)] 64820K->1844K(237056K), 0,0004828 secs] [Times: user=0,00 sys=0,00, real=0,00 secs] 
14,227: [GC (Allocation Failure) [PSYoungGen: 61536K->64K(60928K)] 63284K->1812K(236032K), 0,0005002 secs] [Times: user=0,00 sys=0,00, real=0,00 secs] 
14,276: [GC (Allocation Failure) [PSYoungGen: 60480K->128K(59904K)] 62228K->1876K(235008K), 0,0005557 secs] [Times: user=0,00 sys=0,00, real=0,00 secs] 
14,324: [GC (Allocation Failure) [PSYoungGen: 59520K->64K(58880K)] 61268K->1812K(233984K), 0,0004744 secs] [Times: user=0,00 sys=0,00, real=0,00 secs] 
14,372: [GC (Allocation Failure) [PSYoungGen: 58432K->64K(57856K)] 60180K->1812K(232960K), 0,0004914 secs] [Times: user=0,00 sys=0,00, real=0,00 secs] 
14,419: [GC (Allocation Failure) [PSYoungGen: 57408K->96K(56832K)] 59156K->1844K(231936K), 0,0004709 secs] [Times: user=0,00 sys=0,00, real=0,00 secs] 
14,465: [GC (Allocation Failure) [PSYoungGen: 56416K->96K(68096K)] 58164K->1844K(243200K), 0,0005966 secs] [Times: user=0,00 sys=0,00, real=0,00 secs] 
14,521: [GC (Allocation Failure) [PSYoungGen: 67680K->96K(66560K)] 69428K->1844K(241664K), 0,0004883 secs] [Times: user=0,00 sys=0,00, real=0,00 secs] 
14,574: [GC (Allocation Failure) [PSYoungGen: 66144K->96K(65024K)] 67892K->1844K(240128K), 0,0005869 secs] [Times: user=0,00 sys=0,00, real=0,00 secs] 
14,627: [GC (Allocation Failure) [PSYoungGen: 64608K->32K(63488K)] 66356K->1780K(238592K), 0,0005141 secs] [Times: user=0,00 sys=0,00, real=0,00 secs] 
14,679: [GC (Allocation Failure) [PSYoungGen: 63008K->96K(61952K)] 64756K->1844K(237056K), 0,0005028 secs] [Times: user=0,00 sys=0,00, real=0,00 secs] 
14,729: [GC (Allocation Failure) [PSYoungGen: 61536K->32K(60928K)] 63284K->1780K(236032K), 0,0005310 secs] [Times: user=0,00 sys=0,00, real=0,00 secs] 
14,780: [GC (Allocation Failure) [PSYoungGen: 60448K->64K(59904K)] 62196K->1812K(235008K), 0,0004480 secs] [Times: user=0,00 sys=0,00, real=0,00 secs] 
14,828: [GC (Allocation Failure) [PSYoungGen: 59456K->96K(58880K)] 61204K->1844K(233984K), 0,0004773 secs] [Times: user=0,00 sys=0,00, real=0,01 secs] 
14,876: [GC (Allocation Failure) [PSYoungGen: 58464K->96K(57856K)] 60212K->1844K(232960K), 0,0004754 secs] [Times: user=0,00 sys=0,00, real=0,00 secs] 
14,923: [GC (Allocation Failure) [PSYoungGen: 57440K->96K(56832K)] 59188K->1844K(231936K), 0,0005022 secs] [Times: user=0,00 sys=0,00, real=0,00 secs] 
14,969: [GC (Allocation Failure) [PSYoungGen: 56416K->96K(55808K)] 58164K->1844K(230912K), 0,0004849 secs] [Times: user=0,01 sys=0,00, real=0,00 secs] 
15,014: [GC (Allocation Failure) [PSYoungGen: 55392K->96K(54784K)] 57140K->1844K(229888K), 0,0004632 secs] [Times: user=0,00 sys=0,00, real=0,00 secs] 
15,058: [GC (Allocation Failure) [PSYoungGen: 54368K->64K(53760K)] 56116K->1812K(228864K), 0,0005504 secs] [Times: user=0,01 sys=0,00, real=0,00 secs] 
15,102: [GC (Allocation Failure) [PSYoungGen: 53312K->96K(52736K)] 55060K->1844K(227840K), 0,0004192 secs] [Times: user=0,00 sys=0,00, real=0,00 secs] 
15,144: [GC (Allocation Failure) [PSYoungGen: 52320K->64K(51712K)] 54068K->1812K(226816K), 0,0004674 secs] [Times: user=0,00 sys=0,00, real=0,00 secs] 
15,186: [GC (Allocation Failure) [PSYoungGen: 51264K->96K(50688K)] 53012K->1844K(225792K), 0,0004607 secs] [Times: user=0,00 sys=0,00, real=0,00 secs] 
15,227: [GC (Allocation Failure) [PSYoungGen: 50272K->64K(49664K)] 52020K->1812K(224768K), 0,0004198 secs] [Times: user=0,01 sys=0,00, real=0,00 secs] 
15,267: [GC (Allocation Failure) [PSYoungGen: 49216K->64K(48640K)] 50964K->1812K(223744K), 0,0004698 secs] [Times: user=0,00 sys=0,00, real=0,00 secs] 
15,306: [GC (Allocation Failure) [PSYoungGen: 48192K->96K(48128K)] 49940K->1844K(223232K), 0,0004036 secs] [Times: user=0,01 sys=0,00, real=0,00 secs] 
15,345: [GC (Allocation Failure) [PSYoungGen: 47712K->64K(47616K)] 49460K->1812K(222720K), 0,0003719 secs] [Times: user=0,00 sys=0,00, real=0,00 secs] 
15,384: [GC (Allocation Failure) [PSYoungGen: 47168K->64K(47104K)] 48916K->1812K(222208K), 0,0004819 secs] [Times: user=0,00 sys=0,00, real=0,00 secs] 
15,422: [GC (Allocation Failure) [PSYoungGen: 46656K->64K(56832K)] 48404K->1812K(231936K), 0,0010209 secs] [Times: user=0,00 sys=0,00, real=0,00 secs] 
15,469: [GC (Allocation Failure) [PSYoungGen: 56384K->96K(68096K)] 58132K->1844K(243200K), 0,0009808 secs] [Times: user=0,00 sys=0,00, real=0,00 secs] 
15,525: [GC (Allocation Failure) [PSYoungGen: 67680K->64K(81920K)] 69428K->1812K(257024K), 0,0004921 secs] [Times: user=0,01 sys=0,00, real=0,00 secs] 
15,591: [GC (Allocation Failure) [PSYoungGen: 81472K->96K(98304K)] 83220K->1844K(273408K), 0,0004883 secs] [Times: user=0,00 sys=0,00, real=0,00 secs] 
15,673: [GC (Allocation Failure) [PSYoungGen: 97888K->96K(95744K)] 99636K->1844K(270848K), 0,0004961 secs] [Times: user=0,00 sys=0,00, real=0,00 secs] 
15,751: [GC (Allocation Failure) [PSYoungGen: 95328K->96K(93184K)] 97076K->1844K(268288K), 0,0005100 secs] [Times: user=0,00 sys=0,00, real=0,00 secs] 
15,826: [GC (Allocation Failure) [PSYoungGen: 92768K->64K(90624K)] 94516K->1812K(265728K), 0,0005173 secs] [Times: user=0,00 sys=0,00, real=0,00 secs] 
15,899: [GC (Allocation Failure) [PSYoungGen: 90176K->96K(88064K)] 91924K->1844K(263168K), 0,0005166 secs] [Times: user=0,00 sys=0,00, real=0,00 secs] 
15,971: [GC (Allocation Failure) [PSYoungGen: 87648K->64K(86016K)] 89396K->1812K(261120K), 0,0004910 secs] [Times: user=0,00 sys=0,00, real=0,00 secs] 
16,040: [GC (Allocation Failure) [PSYoungGen: 85568K->32K(83968K)] 87316K->1780K(259072K), 0,0010527 secs] [Times: user=0,00 sys=0,00, real=0,00 secs] 
16,109: [GC (Allocation Failure) [PSYoungGen: 83488K->64K(81920K)] 85236K->1812K(257024K), 0,0004938 secs] [Times: user=0,00 sys=0,00, real=0,00 secs] 
16,175: [GC (Allocation Failure) [PSYoungGen: 81472K->96K(79872K)] 83220K->1844K(254976K), 0,0005385 secs] [Times: user=0,00 sys=0,01, real=0,00 secs] 
16,239: [GC (Allocation Failure) [PSYoungGen: 79456K->64K(77824K)] 81204K->1812K(252928K), 0,0004830 secs] [Times: user=0,00 sys=0,00, real=0,00 secs] 
16,302: [GC (Allocation Failure) [PSYoungGen: 77376K->64K(75776K)] 79124K->1812K(250880K), 0,0005001 secs] [Times: user=0,00 sys=0,00, real=0,00 secs] 
16,364: [GC (Allocation Failure) [PSYoungGen: 75328K->96K(74240K)] 77076K->1844K(249344K), 0,0004851 secs] [Times: user=0,00 sys=0,00, real=0,00 secs] 
16,423: [GC (Allocation Failure) [PSYoungGen: 73824K->96K(72704K)] 75572K->1844K(247808K), 0,0004793 secs] [Times: user=0,00 sys=0,00, real=0,00 secs] 
16,482: [GC (Allocation Failure) [PSYoungGen: 72288K->32K(71168K)] 74036K->1780K(246272K), 0,0004810 secs] [Times: user=0,00 sys=0,00, real=0,00 secs] 
16,540: [GC (Allocation Failure) [PSYoungGen: 70688K->96K(69632K)] 72436K->1844K(244736K), 0,0004913 secs] [Times: user=0,00 sys=0,00, real=0,00 secs] 
16,596: [GC (Allocation Failure) [PSYoungGen: 69216K->64K(68096K)] 70964K->1812K(243200K), 0,0005562 secs] [Times: user=0,00 sys=0,00, real=0,00 secs] 
16,651: [GC (Allocation Failure) [PSYoungGen: 67648K->64K(66560K)] 69396K->1812K(241664K), 0,0009366 secs] [Times: user=0,00 sys=0,00, real=0,00 secs] 
16,705: [GC (Allocation Failure) [PSYoungGen: 66112K->96K(65024K)] 67860K->1844K(240128K), 0,0004999 secs] [Times: user=0,00 sys=0,00, real=0,00 secs] 
16,757: [GC (Allocation Failure) [PSYoungGen: 64608K->64K(63488K)] 66356K->1812K(238592K), 0,0004744 secs] [Times: user=0,01 sys=0,00, real=0,00 secs] 
16,809: [GC (Allocation Failure) [PSYoungGen: 63040K->96K(61952K)] 64788K->1844K(237056K), 0,0004911 secs] [Times: user=0,00 sys=0,00, real=0,00 secs] 
16,859: [GC (Allocation Failure) [PSYoungGen: 61536K->96K(60928K)] 63284K->1844K(236032K), 0,0004791 secs] [Times: user=0,00 sys=0,00, real=0,00 secs] 
16,908: [GC (Allocation Failure) [PSYoungGen: 60512K->64K(59904K)] 62260K->1812K(235008K), 0,0004770 secs] [Times: user=0,00 sys=0,00, real=0,00 secs] 
16,957: [GC (Allocation Failure) [PSYoungGen: 59456K->96K(58880K)] 61204K->1844K(233984K), 0,0004764 secs] [Times: user=0,00 sys=0,00, real=0,00 secs] 
17,004: [GC (Allocation Failure) [PSYoungGen: 58464K->96K(57856K)] 60212K->1844K(232960K), 0,0004647 secs] [Times: user=0,00 sys=0,00, real=0,00 secs] 
17,051: [GC (Allocation Failure) [PSYoungGen: 57440K->96K(56832K)] 59188K->1844K(231936K), 0,0004826 secs] [Times: user=0,00 sys=0,00, real=0,00 secs] 
17,097: [GC (Allocation Failure) [PSYoungGen: 56416K->64K(55808K)] 58164K->1812K(230912K), 0,0004679 secs] [Times: user=0,00 sys=0,00, real=0,00 secs] 
17,142: [GC (Allocation Failure) [PSYoungGen: 55360K->96K(54784K)] 57108K->1844K(229888K), 0,0004715 secs] [Times: user=0,00 sys=0,00, real=0,00 secs] 
17,186: [GC (Allocation Failure) [PSYoungGen: 54368K->96K(53760K)] 56116K->1844K(228864K), 0,0004771 secs] [Times: user=0,00 sys=0,00, real=0,00 secs] 
17,229: [GC (Allocation Failure) [PSYoungGen: 53344K->96K(52736K)] 55092K->1844K(227840K), 0,0004776 secs] [Times: user=0,00 sys=0,00, real=0,00 secs] 
17,272: [GC (Allocation Failure) [PSYoungGen: 52320K->96K(51712K)] 54068K->1844K(226816K), 0,0003745 secs] [Times: user=0,00 sys=0,00, real=0,00 secs] 
17,314: [GC (Allocation Failure) [PSYoungGen: 51296K->96K(50688K)] 53044K->1844K(225792K), 0,0004101 secs] [Times: user=0,00 sys=0,00, real=0,00 secs] 
17,354: [GC (Allocation Failure) [PSYoungGen: 50272K->96K(49664K)] 52020K->1844K(224768K), 0,0003880 secs] [Times: user=0,00 sys=0,00, real=0,00 secs] 
17,394: [GC (Allocation Failure) [PSYoungGen: 49248K->64K(48640K)] 50996K->1812K(223744K), 0,0003785 secs] [Times: user=0,00 sys=0,00, real=0,00 secs] 
17,434: [GC (Allocation Failure) [PSYoungGen: 48192K->96K(48128K)] 49940K->1844K(223232K), 0,0004643 secs] [Times: user=0,00 sys=0,00, real=0,00 secs] 
17,473: [GC (Allocation Failure) [PSYoungGen: 47712K->96K(47616K)] 49460K->1844K(222720K), 0,0003783 secs] [Times: user=0,00 sys=0,00, real=0,00 secs] 
17,511: [GC (Allocation Failure) [PSYoungGen: 47200K->96K(47104K)] 48948K->1844K(222208K), 0,0004630 secs] [Times: user=0,01 sys=0,00, real=0,00 secs] 
17,550: [GC (Allocation Failure) [PSYoungGen: 46688K->96K(56832K)] 48436K->1844K(231936K), 0,0004733 secs] [Times: user=0,00 sys=0,00, real=0,00 secs] 
17,595: [GC (Allocation Failure) [PSYoungGen: 56416K->96K(55808K)] 58164K->1844K(230912K), 0,0003665 secs] [Times: user=0,00 sys=0,00, real=0,00 secs] 
17,640: [GC (Allocation Failure) [PSYoungGen: 55392K->96K(54784K)] 57140K->1844K(229888K), 0,0003809 secs] [Times: user=0,00 sys=0,00, real=0,00 secs] 
17,685: [GC (Allocation Failure) [PSYoungGen: 54368K->96K(53760K)] 56116K->1844K(228864K), 0,0004654 secs] [Times: user=0,00 sys=0,00, real=0,00 secs] 
17,728: [GC (Allocation Failure) [PSYoungGen: 53344K->96K(52736K)] 55092K->1844K(227840K), 0,0004660 secs] [Times: user=0,00 sys=0,00, real=0,00 secs] 
17,770: [GC (Allocation Failure) [PSYoungGen: 52320K->64K(63488K)] 54068K->1812K(238592K), 0,0006758 secs] [Times: user=0,00 sys=0,00, real=0,00 secs] 
17,822: [GC (Allocation Failure) [PSYoungGen: 63040K->64K(76288K)] 64788K->1812K(251392K), 0,0005360 secs] [Times: user=0,00 sys=0,00, real=0,00 secs] 
17,884: [GC (Allocation Failure) [PSYoungGen: 75840K->64K(74752K)] 77588K->1812K(249856K), 0,0004822 secs] [Times: user=0,00 sys=0,00, real=0,00 secs] 
17,944: [GC (Allocation Failure) [PSYoungGen: 74304K->96K(73216K)] 76052K->1844K(248320K), 0,0004893 secs] [Times: user=0,00 sys=0,00, real=0,00 secs] 
18,003: [GC (Allocation Failure) [PSYoungGen: 72800K->96K(71680K)] 74548K->1844K(246784K), 0,0004848 secs] [Times: user=0,00 sys=0,00, real=0,00 secs] 
18,062: [GC (Allocation Failure) [PSYoungGen: 71264K->96K(70144K)] 73012K->1844K(245248K), 0,0004922 secs] [Times: user=0,00 sys=0,00, real=0,00 secs] 
18,119: [GC (Allocation Failure) [PSYoungGen: 69728K->96K(68608K)] 71476K->1844K(243712K), 0,0004710 secs] [Times: user=0,00 sys=0,00, real=0,00 secs] 
18,174: [GC (Allocation Failure) [PSYoungGen: 68192K->64K(67072K)] 69940K->1812K(242176K), 0,0007762 secs] [Times: user=0,00 sys=0,00, real=0,00 secs] 
18,228: [GC (Allocation Failure) [PSYoungGen: 66624K->96K(65536K)] 68372K->1844K(240640K), 0,0004798 secs] [Times: user=0,00 sys=0,00, real=0,00 secs] 
18,281: [GC (Allocation Failure) [PSYoungGen: 65120K->96K(64000K)] 66868K->1844K(239104K), 0,0004914 secs] [Times: user=0,00 sys=0,00, real=0,00 secs] 
18,333: [GC (Allocation Failure) [PSYoungGen: 63584K->32K(62464K)] 65332K->1780K(237568K), 0,0005860 secs] [Times: user=0,00 sys=0,00, real=0,00 secs] 
18,383: [GC (Allocation Failure) [PSYoungGen: 61984K->96K(61440K)] 63732K->1844K(236544K), 0,0004666 secs] [Times: user=0,00 sys=0,00, real=0,00 secs] 
18,433: [GC (Allocation Failure) [PSYoungGen: 61024K->96K(60416K)] 62772K->1844K(235520K), 0,0004821 secs] [Times: user=0,00 sys=0,00, real=0,00 secs] 
18,482: [GC (Allocation Failure) [PSYoungGen: 59999K->96K(59392K)] 61747K->1844K(234496K), 0,0004885 secs] [Times: user=0,00 sys=0,00, real=0,00 secs] 
18,530: [GC (Allocation Failure) [PSYoungGen: 58976K->96K(58368K)] 60724K->1844K(233472K), 0,0004898 secs] [Times: user=0,00 sys=0,00, real=0,00 secs] 
18,577: [GC (Allocation Failure) [PSYoungGen: 57952K->96K(57344K)] 59700K->1844K(232448K), 0,0005546 secs] [Times: user=0,00 sys=0,00, real=0,00 secs] 
18,623: [GC (Allocation Failure) [PSYoungGen: 56928K->96K(56320K)] 58676K->1844K(231424K), 0,0004709 secs] [Times: user=0,01 sys=0,00, real=0,00 secs] 
18,669: [GC (Allocation Failure) [PSYoungGen: 55904K->96K(55296K)] 57652K->1844K(230400K), 0,0005097 secs] [Times: user=0,00 sys=0,00, real=0,00 secs] 
18,713: [GC (Allocation Failure) [PSYoungGen: 54880K->96K(54272K)] 56628K->1844K(229376K), 0,0004683 secs] [Times: user=0,00 sys=0,00, real=0,00 secs] 
18,757: [GC (Allocation Failure) [PSYoungGen: 53856K->64K(65024K)] 55604K->1812K(240128K), 0,0005312 secs] [Times: user=0,00 sys=0,00, real=0,00 secs] 
18,810: [GC (Allocation Failure) [PSYoungGen: 64576K->96K(63488K)] 66324K->1844K(238592K), 0,0005445 secs] [Times: user=0,00 sys=0,00, real=0,00 secs] 
18,861: [GC (Allocation Failure) [PSYoungGen: 63072K->96K(61952K)] 64820K->1844K(237056K), 0,0004898 secs] [Times: user=0,01 sys=0,00, real=0,00 secs] 
18,911: [GC (Allocation Failure) [PSYoungGen: 61536K->96K(60928K)] 63284K->1844K(236032K), 0,0004713 secs] [Times: user=0,01 sys=0,00, real=0,00 secs] 
18,960: [GC (Allocation Failure) [PSYoungGen: 60512K->96K(59904K)] 62260K->1844K(235008K), 0,0004723 secs] [Times: user=0,01 sys=0,00, real=0,00 secs] 
19,009: [GC (Allocation Failure) [PSYoungGen: 59488K->64K(58880K)] 61236K->1812K(233984K), 0,0005216 secs] [Times: user=0,00 sys=0,00, real=0,00 secs] 
19,057: [GC (Allocation Failure) [PSYoungGen: 58432K->96K(57856K)] 60180K->1844K(232960K), 0,0004816 secs] [Times: user=0,00 sys=0,00, real=0,00 secs] 
19,103: [GC (Allocation Failure) [PSYoungGen: 57440K->96K(56832K)] 59188K->1844K(231936K), 0,0004985 secs] [Times: user=0,00 sys=0,01, real=0,00 secs] 
19,149: [GC (Allocation Failure) [PSYoungGen: 56416K->96K(55808K)] 58164K->1844K(230912K), 0,0004670 secs] [Times: user=0,01 sys=0,00, real=0,00 secs] 
19,194: [GC (Allocation Failure) [PSYoungGen: 55392K->96K(54784K)] 57140K->1844K(229888K), 0,0004740 secs] [Times: user=0,00 sys=0,00, real=0,00 secs] 
19,238: [GC (Allocation Failure) [PSYoungGen: 54368K->64K(53760K)] 56116K->1812K(228864K), 0,0005232 secs] [Times: user=0,01 sys=0,00, real=0,00 secs] 
19,282: [GC (Allocation Failure) [PSYoungGen: 53312K->96K(52736K)] 55060K->1844K(227840K), 0,0004588 secs] [Times: user=0,00 sys=0,00, real=0,00 secs] 
19,325: [GC (Allocation Failure) [PSYoungGen: 52320K->96K(63488K)] 54068K->1844K(238592K), 0,0005340 secs] [Times: user=0,00 sys=0,00, real=0,00 secs] 
19,376: [GC (Allocation Failure) [PSYoungGen: 63072K->96K(61952K)] 64820K->1844K(237056K), 0,0004596 secs] [Times: user=0,00 sys=0,00, real=0,00 secs] 
19,426: [GC (Allocation Failure) [PSYoungGen: 61536K->96K(60928K)] 63284K->1844K(236032K), 0,0004758 secs] [Times: user=0,00 sys=0,00, real=0,00 secs] 
19,475: [GC (Allocation Failure) [PSYoungGen: 60511K->96K(59904K)] 62259K->1844K(235008K), 0,0005178 secs] [Times: user=0,00 sys=0,00, real=0,00 secs] 
19,524: [GC (Allocation Failure) [PSYoungGen: 59488K->96K(58880K)] 61236K->1844K(233984K), 0,0004799 secs] [Times: user=0,00 sys=0,00, real=0,00 secs] 
19,572: [GC (Allocation Failure) [PSYoungGen: 58464K->64K(57856K)] 60212K->1812K(232960K), 0,0004690 secs] [Times: user=0,00 sys=0,00, real=0,00 secs] 
19,618: [GC (Allocation Failure) [PSYoungGen: 57408K->64K(56832K)] 59156K->1812K(231936K), 0,0004690 secs] [Times: user=0,00 sys=0,00, real=0,00 secs] 
19,664: [GC (Allocation Failure) [PSYoungGen: 56384K->96K(55808K)] 58132K->1844K(230912K), 0,0004566 secs] [Times: user=0,00 sys=0,00, real=0,00 secs] 
19,709: [GC (Allocation Failure) [PSYoungGen: 55392K->64K(54784K)] 57140K->1812K(229888K), 0,0004683 secs] [Times: user=0,00 sys=0,00, real=0,00 secs] 
19,754: [GC (Allocation Failure) [PSYoungGen: 54336K->96K(53760K)] 56084K->1844K(228864K), 0,0004647 secs] [Times: user=0,01 sys=0,00, real=0,00 secs] 
19,797: [GC (Allocation Failure) [PSYoungGen: 53344K->96K(52736K)] 55092K->1844K(227840K), 0,0004226 secs] [Times: user=0,00 sys=0,00, real=0,00 secs] 
19,840: [GC (Allocation Failure) [PSYoungGen: 52320K->96K(51712K)] 54068K->1844K(226816K), 0,0004450 secs] [Times: user=0,00 sys=0,00, real=0,00 secs] 
19,882: [GC (Allocation Failure) [PSYoungGen: 51296K->64K(50688K)] 53044K->1812K(225792K), 0,0004900 secs] [Times: user=0,00 sys=0,00, real=0,00 secs] 
19,923: [GC (Allocation Failure) [PSYoungGen: 50240K->96K(49664K)] 51988K->1844K(224768K), 0,0003900 secs] [Times: user=0,00 sys=0,00, real=0,00 secs] 
19,963: [GC (Allocation Failure) [PSYoungGen: 49248K->64K(48640K)] 50996K->1812K(223744K), 0,0003891 secs] [Times: user=0,00 sys=0,00, real=0,00 secs] 
20,002: [GC (Allocation Failure) [PSYoungGen: 48192K->64K(48128K)] 49940K->1812K(223232K), 0,0003684 secs] [Times: user=0,00 sys=0,00, real=0,00 secs] 
20,041: [GC (Allocation Failure) [PSYoungGen: 47680K->64K(47616K)] 49428K->1812K(222720K), 0,0004919 secs] [Times: user=0,00 sys=0,00, real=0,00 secs] 
20,080: [GC (Allocation Failure) [PSYoungGen: 47168K->96K(47104K)] 48916K->1844K(222208K), 0,0003776 secs] [Times: user=0,00 sys=0,00, real=0,00 secs] 
20,118: [GC (Allocation Failure) [PSYoungGen: 46688K->96K(56832K)] 48436K->1844K(231936K), 0,0004892 secs] [Times: user=0,00 sys=0,00, real=0,01 secs] 
20,164: [GC (Allocation Failure) [PSYoungGen: 56416K->96K(55808K)] 58164K->1844K(230912K), 0,0004559 secs] [Times: user=0,00 sys=0,00, real=0,00 secs] 
20,209: [GC (Allocation Failure) [PSYoungGen: 55392K->64K(54784K)] 57140K->1812K(229888K), 0,0004757 secs] [Times: user=0,00 sys=0,00, real=0,00 secs] 
20,253: [GC (Allocation Failure) [PSYoungGen: 54336K->96K(53760K)] 56084K->1844K(228864K), 0,0004996 secs] [Times: user=0,00 sys=0,00, real=0,00 secs] 
20,297: [GC (Allocation Failure) [PSYoungGen: 53344K->96K(52736K)] 55092K->1868K(227840K), 0,0004088 secs] [Times: user=0,00 sys=0,00, real=0,00 secs] 
20,339: [GC (Allocation Failure) [PSYoungGen: 52320K->128K(51712K)] 54092K->1900K(226816K), 0,0004687 secs] [Times: user=0,01 sys=0,00, real=0,00 secs] 
20,381: [GC (Allocation Failure) [PSYoungGen: 51328K->64K(61952K)] 53100K->1836K(237056K), 0,0006131 secs] [Times: user=0,00 sys=0,00, real=0,00 secs] 
20,431: [GC (Allocation Failure) [PSYoungGen: 61504K->64K(74240K)] 63276K->1836K(249344K), 0,0004999 secs] [Times: user=0,00 sys=0,00, real=0,00 secs] 
20,491: [GC (Allocation Failure) [PSYoungGen: 73792K->96K(72704K)] 75564K->1868K(247808K), 0,0004767 secs] [Times: user=0,00 sys=0,00, real=0,00 secs] 
20,551: [GC (Allocation Failure) [PSYoungGen: 72288K->96K(71168K)] 74060K->1868K(246272K), 0,0004948 secs] [Times: user=0,00 sys=0,00, real=0,00 secs] 
20,608: [GC (Allocation Failure) [PSYoungGen: 70752K->96K(69632K)] 72524K->1868K(244736K), 0,0004781 secs] [Times: user=0,00 sys=0,00, real=0,00 secs] 
20,664: [GC (Allocation Failure) [PSYoungGen: 69216K->96K(68096K)] 70988K->1868K(243200K), 0,0004892 secs] [Times: user=0,00 sys=0,00, real=0,00 secs] 
20,720: [GC (Allocation Failure) [PSYoungGen: 67680K->96K(66560K)] 69452K->1868K(241664K), 0,0004622 secs] [Times: user=0,00 sys=0,00, real=0,00 secs] 
20,774: [GC (Allocation Failure) [PSYoungGen: 66144K->64K(65024K)] 67916K->1836K(240128K), 0,0005032 secs] [Times: user=0,00 sys=0,00, real=0,00 secs] 
20,826: [GC (Allocation Failure) [PSYoungGen: 64576K->96K(63488K)] 66348K->1868K(238592K), 0,0004861 secs] [Times: user=0,01 sys=0,00, real=0,00 secs] 
20,878: [GC (Allocation Failure) [PSYoungGen: 63072K->64K(61952K)] 64844K->1836K(237056K), 0,0005361 secs] [Times: user=0,00 sys=0,00, real=0,00 secs] 
20,928: [GC (Allocation Failure) [PSYoungGen: 61504K->96K(60928K)] 63276K->1868K(236032K), 0,0004614 secs] [Times: user=0,00 sys=0,00, real=0,00 secs] 
20,978: [GC (Allocation Failure) [PSYoungGen: 60512K->64K(59904K)] 62284K->1836K(235008K), 0,0004713 secs] [Times: user=0,00 sys=0,00, real=0,01 secs] 
21,026: [GC (Allocation Failure) [PSYoungGen: 59456K->64K(58880K)] 61228K->1836K(233984K), 0,0004766 secs] [Times: user=0,00 sys=0,00, real=0,00 secs] 
21,073: [GC (Allocation Failure) [PSYoungGen: 58432K->96K(57856K)] 60204K->1868K(232960K), 0,0004677 secs] [Times: user=0,00 sys=0,00, real=0,00 secs] 
21,120: [GC (Allocation Failure) [PSYoungGen: 57440K->96K(56832K)] 59212K->1868K(231936K), 0,0004711 secs] [Times: user=0,00 sys=0,00, real=0,00 secs] 
21,166: [GC (Allocation Failure) [PSYoungGen: 56416K->96K(55808K)] 58188K->1868K(230912K), 0,0004673 secs] [Times: user=0,00 sys=0,00, real=0,00 secs] 
21,211: [GC (Allocation Failure) [PSYoungGen: 55392K->96K(54784K)] 57164K->1868K(229888K), 0,0004796 secs] [Times: user=0,00 sys=0,00, real=0,00 secs] 
21,255: [GC (Allocation Failure) [PSYoungGen: 54368K->64K(53760K)] 56140K->1836K(228864K), 0,0005684 secs] [Times: user=0,00 sys=0,00, real=0,00 secs] 
21,299: [GC (Allocation Failure) [PSYoungGen: 53312K->96K(52736K)] 55084K->1868K(227840K), 0,0004848 secs] [Times: user=0,00 sys=0,00, real=0,00 secs] 
21,342: [GC (Allocation Failure) [PSYoungGen: 52320K->96K(51712K)] 54092K->1868K(226816K), 0,0003846 secs] [Times: user=0,00 sys=0,00, real=0,00 secs] 
21,383: [GC (Allocation Failure) [PSYoungGen: 51296K->96K(50688K)] 53068K->1868K(225792K), 0,0003876 secs] [Times: user=0,00 sys=0,00, real=0,00 secs] 
21,424: [GC (Allocation Failure) [PSYoungGen: 50272K->64K(49664K)] 52044K->1836K(224768K), 0,0004493 secs] [Times: user=0,00 sys=0,00, real=0,00 secs] 
21,464: [GC (Allocation Failure) [PSYoungGen: 49216K->128K(48640K)] 50988K->1900K(223744K), 0,0003850 secs] [Times: user=0,00 sys=0,00, real=0,00 secs] 
21,504: [GC (Allocation Failure) [PSYoungGen: 48256K->96K(48128K)] 50028K->1868K(223232K), 0,0004107 secs] [Times: user=0,00 sys=0,00, real=0,00 secs] 
21,543: [GC (Allocation Failure) [PSYoungGen: 47712K->64K(47616K)] 49484K->1836K(222720K), 0,0004612 secs] [Times: user=0,00 sys=0,00, real=0,00 secs] 
21,582: [GC (Allocation Failure) [PSYoungGen: 47168K->96K(47104K)] 48940K->1868K(222208K), 0,0003825 secs] [Times: user=0,00 sys=0,00, real=0,00 secs] 
21,620: [GC (Allocation Failure) [PSYoungGen: 46688K->96K(46592K)] 48460K->1868K(221696K), 0,0003775 secs] [Times: user=0,00 sys=0,00, real=0,00 secs] 
21,657: [GC (Allocation Failure) [PSYoungGen: 46176K->64K(46080K)] 47948K->1836K(221184K), 0,0004141 secs] [Times: user=0,00 sys=0,00, real=0,00 secs] 
21,695: [GC (Allocation Failure) [PSYoungGen: 45632K->32K(55296K)] 47404K->1804K(230400K), 0,0005330 secs] [Times: user=0,00 sys=0,00, real=0,00 secs] 
21,740: [GC (Allocation Failure) [PSYoungGen: 54816K->64K(54272K)] 56588K->1836K(229376K), 0,0004140 secs] [Times: user=0,00 sys=0,00, real=0,00 secs] 
21,783: [GC (Allocation Failure) [PSYoungGen: 53824K->64K(53248K)] 55596K->1836K(228352K), 0,0004624 secs] [Times: user=0,00 sys=0,00, real=0,00 secs] 
21,826: [GC (Allocation Failure) [PSYoungGen: 52800K->96K(52224K)] 54572K->1868K(227328K), 0,0004886 secs] [Times: user=0,00 sys=0,00, real=0,00 secs] 
21,869: [GC (Allocation Failure) [PSYoungGen: 51808K->32K(62976K)] 53580K->1804K(238080K), 0,0004878 secs] [Times: user=0,01 sys=0,00, real=0,00 secs] 
21,919: [GC (Allocation Failure) [PSYoungGen: 62496K->64K(61952K)] 64268K->1836K(237056K), 0,0004709 secs] [Times: user=0,00 sys=0,00, real=0,00 secs] 
21,970: [GC (Allocation Failure) [PSYoungGen: 61504K->96K(60928K)] 63276K->1868K(236032K), 0,0004763 secs] [Times: user=0,00 sys=0,00, real=0,00 secs] 
22,019: [GC (Allocation Failure) [PSYoungGen: 60512K->96K(59904K)] 62284K->1868K(235008K), 0,0004667 secs] [Times: user=0,00 sys=0,00, real=0,00 secs] 
22,067: [GC (Allocation Failure) [PSYoungGen: 59488K->96K(58880K)] 61260K->1868K(233984K), 0,0004815 secs] [Times: user=0,00 sys=0,00, real=0,00 secs] 
22,115: [GC (Allocation Failure) [PSYoungGen: 58464K->96K(57856K)] 60236K->1868K(232960K), 0,0004769 secs] [Times: user=0,00 sys=0,00, real=0,00 secs] 
22,161: [GC (Allocation Failure) [PSYoungGen: 57440K->96K(56832K)] 59212K->1868K(231936K), 0,0005451 secs] [Times: user=0,00 sys=0,00, real=0,00 secs] 
22,207: [GC (Allocation Failure) [PSYoungGen: 56416K->32K(55808K)] 58188K->1804K(230912K), 0,0004797 secs] [Times: user=0,00 sys=0,00, real=0,00 secs] 
22,252: [GC (Allocation Failure) [PSYoungGen: 55328K->96K(54784K)] 57100K->1868K(229888K), 0,0004643 secs] [Times: user=0,00 sys=0,00, real=0,00 secs] 
22,297: [GC (Allocation Failure) [PSYoungGen: 54368K->96K(53760K)] 56140K->1868K(228864K), 0,0004750 secs] [Times: user=0,00 sys=0,00, real=0,00 secs] 
22,340: [GC (Allocation Failure) [PSYoungGen: 53344K->96K(52736K)] 55116K->1868K(227840K), 0,0003974 secs] [Times: user=0,00 sys=0,00, real=0,00 secs] 
22,383: [GC (Allocation Failure) [PSYoungGen: 52320K->128K(51712K)] 54092K->1900K(226816K), 0,0003701 secs] [Times: user=0,00 sys=0,00, real=0,00 secs] 
22,425: [GC (Allocation Failure) [PSYoungGen: 51328K->64K(50688K)] 53100K->1836K(225792K), 0,0004781 secs] [Times: user=0,01 sys=0,00, real=0,00 secs] 
22,465: [GC (Allocation Failure) [PSYoungGen: 50240K->96K(49664K)] 52012K->1868K(224768K), 0,0005189 secs] [Times: user=0,00 sys=0,00, real=0,00 secs] 
22,506: [GC (Allocation Failure) [PSYoungGen: 49248K->96K(48640K)] 51020K->1868K(223744K), 0,0003836 secs] [Times: user=0,00 sys=0,00, real=0,00 secs] 
22,545: [GC (Allocation Failure) [PSYoungGen: 48224K->128K(58368K)] 49996K->1900K(233472K), 0,0005581 secs] [Times: user=0,00 sys=0,00, real=0,00 secs] 
22,592: [GC (Allocation Failure) [PSYoungGen: 57984K->96K(70144K)] 59756K->1868K(245248K), 0,0004956 secs] [Times: user=0,00 sys=0,00, real=0,00 secs] 
22,649: [GC (Allocation Failure) [PSYoungGen: 69728K->96K(68608K)] 71500K->1868K(243712K), 0,0004857 secs] [Times: user=0,00 sys=0,00, real=0,00 secs] 
22,704: [GC (Allocation Failure) [PSYoungGen: 68192K->96K(67072K)] 69964K->1868K(242176K), 0,0004761 secs] [Times: user=0,00 sys=0,00, real=0,00 secs] 
22,758: [GC (Allocation Failure) [PSYoungGen: 66656K->96K(65536K)] 68428K->1868K(240640K), 0,0004728 secs] [Times: user=0,00 sys=0,00, real=0,00 secs] 
22,811: [GC (Allocation Failure) [PSYoungGen: 65120K->64K(64000K)] 66892K->1836K(239104K), 0,0005288 secs] [Times: user=0,00 sys=0,00, real=0,00 secs] 
22,863: [GC (Allocation Failure) [PSYoungGen: 63552K->96K(62464K)] 65324K->1868K(237568K), 0,0004658 secs] [Times: user=0,00 sys=0,00, real=0,00 secs] 
22,913: [GC (Allocation Failure) [PSYoungGen: 62048K->96K(61440K)] 63820K->1868K(236544K), 0,0004822 secs] [Times: user=0,00 sys=0,00, real=0,00 secs] 
22,963: [GC (Allocation Failure) [PSYoungGen: 61024K->96K(60416K)] 62796K->1868K(235520K), 0,0004667 secs] [Times: user=0,00 sys=0,00, real=0,00 secs] 
23,012: [GC (Allocation Failure) [PSYoungGen: 60000K->96K(59392K)] 61772K->1868K(234496K), 0,0004719 secs] [Times: user=0,00 sys=0,00, real=0,00 secs] 
23,060: [GC (Allocation Failure) [PSYoungGen: 58976K->64K(58368K)] 60748K->1836K(233472K), 0,0004819 secs] [Times: user=0,01 sys=0,00, real=0,00 secs] 
23,107: [GC (Allocation Failure) [PSYoungGen: 57920K->64K(57344K)] 59692K->1836K(232448K), 0,0005630 secs] [Times: user=0,00 sys=0,00, real=0,00 secs] 
23,153: [GC (Allocation Failure) [PSYoungGen: 56896K->96K(56320K)] 58668K->1868K(231424K), 0,0004608 secs] [Times: user=0,00 sys=0,00, real=0,00 secs] 
23,199: [GC (Allocation Failure) [PSYoungGen: 55904K->64K(55296K)] 57676K->1836K(230400K), 0,0005343 secs] [Times: user=0,01 sys=0,00, real=0,00 secs] 
23,244: [GC (Allocation Failure) [PSYoungGen: 54848K->128K(54272K)] 56620K->1900K(229376K), 0,0004704 secs] [Times: user=0,00 sys=0,00, real=0,00 secs] 
23,287: [GC (Allocation Failure) [PSYoungGen: 53888K->32K(53248K)] 55660K->1804K(228352K), 0,0003970 secs] [Times: user=0,00 sys=0,00, real=0,00 secs] 
23,330: [GC (Allocation Failure) [PSYoungGen: 52768K->64K(52224K)] 54540K->1836K(227328K), 0,0004877 secs] [Times: user=0,00 sys=0,00, real=0,00 secs] 
23,373: [GC (Allocation Failure) [PSYoungGen: 51776K->64K(62976K)] 53548K->1836K(238080K), 0,0005575 secs] [Times: user=0,00 sys=0,00, real=0,00 secs] 
23,424: [GC (Allocation Failure) [PSYoungGen: 62528K->96K(61952K)] 64300K->1868K(237056K), 0,0004646 secs] [Times: user=0,00 sys=0,00, real=0,00 secs] 
23,474: [GC (Allocation Failure) [PSYoungGen: 61536K->96K(60928K)] 63308K->1868K(236032K), 0,0004697 secs] [Times: user=0,00 sys=0,00, real=0,00 secs] 
23,523: [GC (Allocation Failure) [PSYoungGen: 60512K->64K(59904K)] 62284K->1836K(235008K), 0,0005292 secs] [Times: user=0,00 sys=0,00, real=0,00 secs] 
23,571: [GC (Allocation Failure) [PSYoungGen: 59456K->96K(58880K)] 61228K->1868K(233984K), 0,0005408 secs] [Times: user=0,00 sys=0,00, real=0,00 secs] 
23,623: [GC (Allocation Failure) [PSYoungGen: 58464K->96K(57856K)] 60236K->1868K(232960K), 0,0004827 secs] [Times: user=0,00 sys=0,00, real=0,00 secs] 
23,670: [GC (Allocation Failure) [PSYoungGen: 57440K->64K(56832K)] 59212K->1836K(231936K), 0,0004792 secs] [Times: user=0,00 sys=0,00, real=0,00 secs] 
23,716: [GC (Allocation Failure) [PSYoungGen: 56384K->96K(55808K)] 58156K->1868K(230912K), 0,0004868 secs] [Times: user=0,00 sys=0,00, real=0,00 secs] 
23,761: [GC (Allocation Failure) [PSYoungGen: 55392K->64K(54784K)] 57164K->1836K(229888K), 0,0004656 secs] [Times: user=0,00 sys=0,00, real=0,00 secs] 
23,805: [GC (Allocation Failure) [PSYoungGen: 54336K->96K(66048K)] 56108K->1868K(241152K), 0,0009573 secs] [Times: user=0,00 sys=0,00, real=0,00 secs] 
23,859: [GC (Allocation Failure) [PSYoungGen: 65632K->96K(79360K)] 67404K->1868K(254464K), 0,0005029 secs] [Times: user=0,00 sys=0,00, real=0,00 secs] 
23,923: [GC (Allocation Failure) [PSYoungGen: 78944K->96K(95232K)] 80716K->1868K(270336K), 0,0004782 secs] [Times: user=0,01 sys=0,00, real=0,00 secs] 
23,999: [GC (Allocation Failure) [PSYoungGen: 94816K->64K(92672K)] 96588K->1836K(267776K), 0,0004999 secs] [Times: user=0,00 sys=0,00, real=0,00 secs] 
24,074: [GC (Allocation Failure) [PSYoungGen: 92224K->64K(90112K)] 93996K->1836K(265216K), 0,0005055 secs] [Times: user=0,00 sys=0,00, real=0,00 secs] 
24,147: [GC (Allocation Failure) [PSYoungGen: 89664K->96K(87552K)] 91436K->1868K(262656K), 0,0005081 secs] [Times: user=0,00 sys=0,00, real=0,00 secs] 
24,217: [GC (Allocation Failure) [PSYoungGen: 87136K->96K(85504K)] 88908K->1868K(260608K), 0,0005127 secs] [Times: user=0,00 sys=0,00, real=0,01 secs] 
24,286: [GC (Allocation Failure) [PSYoungGen: 85088K->96K(83456K)] 86860K->1868K(258560K), 0,0004906 secs] [Times: user=0,00 sys=0,00, real=0,00 secs] 
24,354: [GC (Allocation Failure) [PSYoungGen: 83040K->64K(81408K)] 84812K->1836K(256512K), 0,0004820 secs] [Times: user=0,00 sys=0,00, real=0,00 secs] 
24,419: [GC (Allocation Failure) [PSYoungGen: 80960K->96K(79360K)] 82732K->1868K(254464K), 0,0004894 secs] [Times: user=0,01 sys=0,00, real=0,00 secs] 
24,483: [GC (Allocation Failure) [PSYoungGen: 78944K->96K(77312K)] 80716K->1868K(252416K), 0,0004951 secs] [Times: user=0,00 sys=0,00, real=0,00 secs] 
24,546: [GC (Allocation Failure) [PSYoungGen: 76896K->96K(75264K)] 78668K->1868K(250368K), 0,0005032 secs] [Times: user=0,00 sys=0,00, real=0,00 secs] 
24,607: [GC (Allocation Failure) [PSYoungGen: 74848K->96K(73728K)] 76620K->1868K(248832K), 0,0004893 secs] [Times: user=0,00 sys=0,01, real=0,00 secs] 
24,666: [GC (Allocation Failure) [PSYoungGen: 73312K->96K(72192K)] 75084K->1868K(247296K), 0,0004688 secs] [Times: user=0,00 sys=0,00, real=0,00 secs] 
24,725: [GC (Allocation Failure) [PSYoungGen: 71776K->64K(70656K)] 73548K->1836K(245760K), 0,0005059 secs] [Times: user=0,00 sys=0,00, real=0,00 secs] 
24,782: [GC (Allocation Failure) [PSYoungGen: 70208K->96K(69120K)] 71980K->1868K(244224K), 0,0004881 secs] [Times: user=0,00 sys=0,00, real=0,00 secs] 
24,838: [GC (Allocation Failure) [PSYoungGen: 68704K->64K(67584K)] 70476K->1836K(242688K), 0,0004725 secs] [Times: user=0,00 sys=0,00, real=0,00 secs] 
24,892: [GC (Allocation Failure) [PSYoungGen: 67136K->96K(66048K)] 68908K->1868K(241152K), 0,0004803 secs] [Times: user=0,00 sys=0,00, real=0,00 secs] 
24,946: [GC (Allocation Failure) [PSYoungGen: 65632K->64K(64512K)] 67404K->1836K(239616K), 0,0005063 secs] [Times: user=0,00 sys=0,00, real=0,00 secs] 
24,998: [GC (Allocation Failure) [PSYoungGen: 64064K->96K(62976K)] 65836K->1868K(238080K), 0,0004815 secs] [Times: user=0,00 sys=0,00, real=0,00 secs] 
25,049: [GC (Allocation Failure) [PSYoungGen: 62560K->64K(61952K)] 64332K->1836K(237056K), 0,0004808 secs] [Times: user=0,00 sys=0,00, real=0,00 secs] 
25,099: [GC (Allocation Failure) [PSYoungGen: 61504K->64K(60928K)] 63276K->1836K(236032K), 0,0005019 secs] [Times: user=0,00 sys=0,00, real=0,00 secs] 
25,149: [GC (Allocation Failure) [PSYoungGen: 60480K->96K(59904K)] 62252K->1868K(235008K), 0,0004731 secs] [Times: user=0,00 sys=0,00, real=0,00 secs] 
25,197: [GC (Allocation Failure) [PSYoungGen: 59488K->96K(58880K)] 61260K->1868K(233984K), 0,0005220 secs] [Times: user=0,00 sys=0,00, real=0,00 secs] 
25,245: [GC (Allocation Failure) [PSYoungGen: 58464K->96K(57856K)] 60236K->1868K(232960K), 0,0004645 secs] [Times: user=0,00 sys=0,00, real=0,00 secs] 
25,291: [GC (Allocation Failure) [PSYoungGen: 57440K->64K(56832K)] 59212K->1836K(231936K), 0,0004763 secs] [Times: user=0,00 sys=0,00, real=0,00 secs] 
25,337: [GC (Allocation Failure) [PSYoungGen: 56384K->96K(55808K)] 58156K->1868K(230912K), 0,0004747 secs] [Times: user=0,00 sys=0,00, real=0,00 secs] 
25,382: [GC (Allocation Failure) [PSYoungGen: 55392K->96K(54784K)] 57164K->1868K(229888K), 0,0004658 secs] [Times: user=0,00 sys=0,00, real=0,00 secs] 
25,426: [GC (Allocation Failure) [PSYoungGen: 54368K->96K(53760K)] 56140K->1868K(228864K), 0,0004627 secs] [Times: user=0,00 sys=0,00, real=0,00 secs] 
25,470: [GC (Allocation Failure) [PSYoungGen: 53344K->96K(52736K)] 55116K->1868K(227840K), 0,0004742 secs] [Times: user=0,00 sys=0,00, real=0,00 secs] 
25,512: [GC (Allocation Failure) [PSYoungGen: 52320K->96K(51712K)] 54092K->1868K(226816K), 0,0003977 secs] [Times: user=0,00 sys=0,00, real=0,00 secs] 
25,555: [GC (Allocation Failure) [PSYoungGen: 51296K->96K(50688K)] 53068K->1868K(225792K), 0,0004756 secs] [Times: user=0,00 sys=0,00, real=0,00 secs] 
25,596: [GC (Allocation Failure) [PSYoungGen: 50272K->64K(49664K)] 52044K->1836K(224768K), 0,0004702 secs] [Times: user=0,00 sys=0,00, real=0,00 secs] 
25,637: [GC (Allocation Failure) [PSYoungGen: 49216K->96K(59904K)] 50988K->1868K(235008K), 0,0005053 secs] [Times: user=0,00 sys=0,00, real=0,00 secs] 
25,687: [GC (Allocation Failure) [PSYoungGen: 59488K->96K(72192K)] 61260K->1868K(247296K), 0,0005707 secs] [Times: user=0,00 sys=0,00, real=0,00 secs] 
25,746: [GC (Allocation Failure) [PSYoungGen: 71776K->96K(70656K)] 73548K->1868K(245760K), 0,0004990 secs] [Times: user=0,00 sys=0,00, real=0,00 secs] 
25,802: [GC (Allocation Failure) [PSYoungGen: 70240K->96K(69120K)] 72012K->1868K(244224K), 0,0004820 secs] [Times: user=0,00 sys=0,00, real=0,00 secs] 
25,858: [GC (Allocation Failure) [PSYoungGen: 68704K->128K(67584K)] 70476K->1900K(242688K), 0,0004806 secs] [Times: user=0,00 sys=0,00, real=0,00 secs] 
25,912: [GC (Allocation Failure) [PSYoungGen: 67200K->64K(66048K)] 68972K->1836K(241152K), 0,0004696 secs] [Times: user=0,00 sys=0,00, real=0,00 secs] 
25,965: [GC (Allocation Failure) [PSYoungGen: 65600K->96K(64512K)] 67372K->1868K(239616K), 0,0004717 secs] [Times: user=0,00 sys=0,00, real=0,00 secs] 
26,017: [GC (Allocation Failure) [PSYoungGen: 64096K->96K(62976K)] 65868K->1868K(238080K), 0,0004801 secs] [Times: user=0,00 sys=0,00, real=0,00 secs] 
26,068: [GC (Allocation Failure) [PSYoungGen: 62560K->96K(61952K)] 64332K->1868K(237056K), 0,0004964 secs] [Times: user=0,00 sys=0,00, real=0,00 secs] 
26,119: [GC (Allocation Failure) [PSYoungGen: 61536K->96K(60928K)] 63308K->1868K(236032K), 0,0004809 secs] [Times: user=0,00 sys=0,00, real=0,00 secs] 
26,168: [GC (Allocation Failure) [PSYoungGen: 60512K->96K(59904K)] 62284K->1868K(235008K), 0,0005275 secs] [Times: user=0,00 sys=0,00, real=0,00 secs] 
26,217: [GC (Allocation Failure) [PSYoungGen: 59488K->96K(58880K)] 61260K->1868K(233984K), 0,0004920 secs] [Times: user=0,01 sys=0,00, real=0,00 secs] 
26,264: [GC (Allocation Failure) [PSYoungGen: 58464K->32K(57856K)] 60236K->1804K(232960K), 0,0005051 secs] [Times: user=0,00 sys=0,00, real=0,00 secs] 
26,311: [GC (Allocation Failure) [PSYoungGen: 57376K->64K(56832K)] 59148K->1836K(231936K), 0,0004980 secs] [Times: user=0,00 sys=0,00, real=0,00 secs] 
26,357: [GC (Allocation Failure) [PSYoungGen: 56384K->64K(55808K)] 58156K->1836K(230912K), 0,0005385 secs] [Times: user=0,00 sys=0,00, real=0,00 secs] 
26,402: [GC (Allocation Failure) [PSYoungGen: 55360K->96K(54784K)] 57132K->1868K(229888K), 0,0004636 secs] [Times: user=0,00 sys=0,00, real=0,00 secs] 
26,446: [GC (Allocation Failure) [PSYoungGen: 54368K->32K(53760K)] 56140K->1804K(228864K), 0,0004714 secs] [Times: user=0,00 sys=0,00, real=0,00 secs] 
26,490: [GC (Allocation Failure) [PSYoungGen: 53280K->96K(52736K)] 55052K->1868K(227840K), 0,0004147 secs] [Times: user=0,00 sys=0,00, real=0,00 secs] 
26,532: [GC (Allocation Failure) [PSYoungGen: 52320K->96K(51712K)] 54092K->1868K(226816K), 0,0005185 secs] [Times: user=0,00 sys=0,00, real=0,00 secs] 
26,574: [GC (Allocation Failure) [PSYoungGen: 51296K->64K(50688K)] 53068K->1836K(225792K), 0,0004695 secs] [Times: user=0,01 sys=0,00, real=0,00 secs] 
26,615: [GC (Allocation Failure) [PSYoungGen: 50240K->96K(60928K)] 52012K->1868K(236032K), 0,0004577 secs] [Times: user=0,00 sys=0,00, real=0,00 secs] 
26,664: [GC (Allocation Failure) [PSYoungGen: 60512K->96K(59904K)] 62284K->1868K(235008K), 0,0003850 secs] [Times: user=0,00 sys=0,00, real=0,00 secs] 
26,712: [GC (Allocation Failure) [PSYoungGen: 59488K->64K(58880K)] 61260K->1844K(233984K), 0,0004628 secs] [Times: user=0,00 sys=0,00, real=0,00 secs] 
26,760: [GC (Allocation Failure) [PSYoungGen: 58432K->96K(57856K)] 60212K->1876K(232960K), 0,0005261 secs] [Times: user=0,00 sys=0,00, real=0,00 secs] 
26,807: [GC (Allocation Failure) [PSYoungGen: 57440K->96K(56832K)] 59220K->1876K(231936K), 0,0005058 secs] [Times: user=0,00 sys=0,00, real=0,00 secs] 
26,853: [GC (Allocation Failure) [PSYoungGen: 56416K->96K(55808K)] 58196K->1876K(230912K), 0,0004803 secs] [Times: user=0,00 sys=0,00, real=0,00 secs] 
26,898: [GC (Allocation Failure) [PSYoungGen: 55392K->96K(54784K)] 57172K->1876K(229888K), 0,0004677 secs] [Times: user=0,00 sys=0,00, real=0,01 secs] 
26,942: [GC (Allocation Failure) [PSYoungGen: 54368K->32K(53760K)] 56148K->1812K(228864K), 0,0004235 secs] [Times: user=0,00 sys=0,00, real=0,00 secs] 
26,986: [GC (Allocation Failure) [PSYoungGen: 53280K->96K(52736K)] 55060K->1876K(227840K), 0,0004706 secs] [Times: user=0,00 sys=0,00, real=0,00 secs] 
27,028: [GC (Allocation Failure) [PSYoungGen: 52320K->64K(51712K)] 54100K->1844K(226816K), 0,0004651 secs] [Times: user=0,00 sys=0,00, real=0,00 secs] 
27,070: [GC (Allocation Failure) [PSYoungGen: 51263K->96K(50688K)] 53044K->1876K(225792K), 0,0004991 secs] [Times: user=0,00 sys=0,00, real=0,00 secs] 
27,112: [GC (Allocation Failure) [PSYoungGen: 50272K->96K(49664K)] 52052K->1876K(224768K), 0,0004590 secs] [Times: user=0,00 sys=0,00, real=0,00 secs] 
27,152: [GC (Allocation Failure) [PSYoungGen: 49248K->64K(59904K)] 51028K->1844K(235008K), 0,0004670 secs] [Times: user=0,00 sys=0,00, real=0,00 secs] 
27,200: [GC (Allocation Failure) [PSYoungGen: 59456K->96K(58880K)] 61236K->1876K(233984K), 0,0004676 secs] [Times: user=0,00 sys=0,00, real=0,00 secs] 
27,248: [GC (Allocation Failure) [PSYoungGen: 58464K->96K(57856K)] 60244K->1876K(232960K), 0,0005279 secs] [Times: user=0,00 sys=0,00, real=0,00 secs] 
27,295: [GC (Allocation Failure) [PSYoungGen: 57440K->96K(56832K)] 59220K->1876K(231936K), 0,0004718 secs] [Times: user=0,00 sys=0,00, real=0,00 secs] 
27,341: [GC (Allocation Failure) [PSYoungGen: 56416K->64K(55808K)] 58196K->1844K(230912K), 0,0004682 secs] [Times: user=0,00 sys=0,00, real=0,00 secs] 
27,386: [GC (Allocation Failure) [PSYoungGen: 55360K->96K(54784K)] 57140K->1876K(229888K), 0,0004733 secs] [Times: user=0,00 sys=0,00, real=0,00 secs] 
27,430: [GC (Allocation Failure) [PSYoungGen: 54368K->96K(53760K)] 56148K->1876K(228864K), 0,0004568 secs] [Times: user=0,00 sys=0,00, real=0,00 secs] 
27,473: [GC (Allocation Failure) [PSYoungGen: 53344K->64K(64512K)] 55124K->1844K(239616K), 0,0006820 secs] [Times: user=0,00 sys=0,00, real=0,00 secs] 
27,525: [GC (Allocation Failure) [PSYoungGen: 64064K->64K(77312K)] 65844K->1844K(252416K), 0,0004630 secs] [Times: user=0,00 sys=0,00, real=0,00 secs] 
27,589: [GC (Allocation Failure) [PSYoungGen: 76864K->96K(75264K)] 78644K->1876K(250368K), 0,0005079 secs] [Times: user=0,00 sys=0,00, real=0,00 secs] 
27,649: [GC (Allocation Failure) [PSYoungGen: 74848K->64K(73728K)] 76628K->1844K(248832K), 0,0004756 secs] [Times: user=0,00 sys=0,00, real=0,00 secs] 
27,709: [GC (Allocation Failure) [PSYoungGen: 73280K->96K(72192K)] 75060K->1876K(247296K), 0,0005092 secs] [Times: user=0,00 sys=0,00, real=0,00 secs] 
27,767: [GC (Allocation Failure) [PSYoungGen: 71776K->64K(70656K)] 73556K->1844K(245760K), 0,0004750 secs] [Times: user=0,00 sys=0,00, real=0,00 secs] 
27,824: [GC (Allocation Failure) [PSYoungGen: 70208K->96K(69120K)] 71988K->1876K(244224K), 0,0004899 secs] [Times: user=0,01 sys=0,00, real=0,00 secs] 
27,880: [GC (Allocation Failure) [PSYoungGen: 68704K->96K(67584K)] 70484K->1876K(242688K), 0,0004945 secs] [Times: user=0,00 sys=0,00, real=0,00 secs] 
27,935: [GC (Allocation Failure) [PSYoungGen: 67168K->96K(66048K)] 68948K->1876K(241152K), 0,0004992 secs] [Times: user=0,00 sys=0,00, real=0,00 secs] 
27,988: [GC (Allocation Failure) [PSYoungGen: 65632K->96K(64512K)] 67412K->1876K(239616K), 0,0004674 secs] [Times: user=0,00 sys=0,00, real=0,00 secs] 
28,041: [GC (Allocation Failure) [PSYoungGen: 64096K->96K(62976K)] 65876K->1876K(238080K), 0,0004889 secs] [Times: user=0,00 sys=0,00, real=0,00 secs] 
28,091: [GC (Allocation Failure) [PSYoungGen: 62560K->96K(61952K)] 64340K->1876K(237056K), 0,0004766 secs] [Times: user=0,01 sys=0,00, real=0,00 secs] 
28,141: [GC (Allocation Failure) [PSYoungGen: 61536K->64K(60928K)] 63316K->1844K(236032K), 0,0004666 secs] [Times: user=0,01 sys=0,00, real=0,00 secs] 
28,191: [GC (Allocation Failure) [PSYoungGen: 60480K->96K(59904K)] 62260K->1876K(235008K), 0,0004675 secs] [Times: user=0,01 sys=0,00, real=0,00 secs] 
28,239: [GC (Allocation Failure) [PSYoungGen: 59488K->96K(58880K)] 61268K->1876K(233984K), 0,0004892 secs] [Times: user=0,00 sys=0,00, real=0,00 secs] 
28,287: [GC (Allocation Failure) [PSYoungGen: 58464K->96K(57856K)] 60244K->1876K(232960K), 0,0004656 secs] [Times: user=0,00 sys=0,00, real=0,00 secs] 
28,333: [GC (Allocation Failure) [PSYoungGen: 57440K->64K(56832K)] 59220K->1844K(231936K), 0,0004712 secs] [Times: user=0,00 sys=0,00, real=0,00 secs] 
28,379: [GC (Allocation Failure) [PSYoungGen: 56384K->96K(55808K)] 58164K->1876K(230912K), 0,0004718 secs] [Times: user=0,00 sys=0,00, real=0,00 secs] 
28,424: [GC (Allocation Failure) [PSYoungGen: 55392K->96K(54784K)] 57172K->1876K(229888K), 0,0004557 secs] [Times: user=0,00 sys=0,00, real=0,00 secs] 
28,468: [GC (Allocation Failure) [PSYoungGen: 54368K->96K(53760K)] 56148K->1876K(228864K), 0,0004778 secs] [Times: user=0,00 sys=0,00, real=0,00 secs] 
28,512: [GC (Allocation Failure) [PSYoungGen: 53344K->96K(52736K)] 55124K->1876K(227840K), 0,0004685 secs] [Times: user=0,00 sys=0,00, real=0,00 secs] 
28,555: [GC (Allocation Failure) [PSYoungGen: 52320K->96K(51712K)] 54100K->1876K(226816K), 0,0004738 secs] [Times: user=0,00 sys=0,00, real=0,00 secs] 
28,596: [GC (Allocation Failure) [PSYoungGen: 51296K->64K(50688K)] 53076K->1844K(225792K), 0,0004693 secs] [Times: user=0,00 sys=0,00, real=0,00 secs] 
28,638: [GC (Allocation Failure) [PSYoungGen: 50240K->96K(49664K)] 52020K->1876K(224768K), 0,0003746 secs] [Times: user=0,01 sys=0,00, real=0,01 secs] 
28,677: [GC (Allocation Failure) [PSYoungGen: 49248K->96K(48640K)] 51028K->1876K(223744K), 0,0003859 secs] [Times: user=0,01 sys=0,00, real=0,00 secs] 
28,717: [GC (Allocation Failure) [PSYoungGen: 48224K->96K(48128K)] 50004K->1876K(223232K), 0,0003674 secs] [Times: user=0,01 sys=0,00, real=0,00 secs] 
28,755: [GC (Allocation Failure) [PSYoungGen: 47712K->96K(47616K)] 49492K->1876K(222720K), 0,0003790 secs] [Times: user=0,00 sys=0,00, real=0,00 secs] 
28,794: [GC (Allocation Failure) [PSYoungGen: 47200K->96K(47104K)] 48980K->1876K(222208K), 0,0004021 secs] [Times: user=0,00 sys=0,00, real=0,00 secs] 
28,832: [GC (Allocation Failure) [PSYoungGen: 46688K->96K(46592K)] 48468K->1876K(221696K), 0,0003911 secs] [Times: user=0,00 sys=0,00, real=0,00 secs] 
28,870: [GC (Allocation Failure) [PSYoungGen: 46176K->96K(46080K)] 47956K->1876K(221184K), 0,0003660 secs] [Times: user=0,00 sys=0,00, real=0,00 secs] 
28,907: [GC (Allocation Failure) [PSYoungGen: 45664K->32K(45568K)] 47444K->1812K(220672K), 0,0004406 secs] [Times: user=0,00 sys=0,00, real=0,00 secs] 
28,943: [GC (Allocation Failure) [PSYoungGen: 45088K->96K(45056K)] 46868K->1876K(220160K), 0,0003837 secs] [Times: user=0,00 sys=0,00, real=0,00 secs] 
28,980: [GC (Allocation Failure) [PSYoungGen: 44640K->96K(44544K)] 46420K->1876K(219648K), 0,0003678 secs] [Times: user=0,00 sys=0,00, real=0,00 secs] 
29,016: [GC (Allocation Failure) [PSYoungGen: 44128K->64K(53760K)] 45908K->1844K(228864K), 0,0005833 secs] [Times: user=0,00 sys=0,00, real=0,00 secs] 
29,060: [GC (Allocation Failure) [PSYoungGen: 53312K->96K(64512K)] 55092K->1876K(239616K), 0,0004029 secs] [Times: user=0,00 sys=0,00, real=0,00 secs] 
29,112: [GC (Allocation Failure) [PSYoungGen: 64096K->64K(62976K)] 65876K->1844K(238080K), 0,0004777 secs] [Times: user=0,00 sys=0,00, real=0,00 secs] 
29,163: [GC (Allocation Failure) [PSYoungGen: 62528K->32K(61952K)] 64308K->1812K(237056K), 0,0005278 secs] [Times: user=0,00 sys=0,00, real=0,00 secs] 
29,213: [GC (Allocation Failure) [PSYoungGen: 61472K->96K(60928K)] 63252K->1876K(236032K), 0,0004896 secs] [Times: user=0,00 sys=0,00, real=0,00 secs] 
29,262: [GC (Allocation Failure) [PSYoungGen: 60512K->96K(59904K)] 62292K->1876K(235008K), 0,0004830 secs] [Times: user=0,00 sys=0,00, real=0,00 secs] 
29,311: [GC (Allocation Failure) [PSYoungGen: 59488K->96K(58880K)] 61268K->1876K(233984K), 0,0004810 secs] [Times: user=0,00 sys=0,00, real=0,00 secs] 
29,358: [GC (Allocation Failure) [PSYoungGen: 58464K->64K(57856K)] 60244K->1844K(232960K), 0,0004927 secs] [Times: user=0,00 sys=0,00, real=0,00 secs] 
29,405: [GC (Allocation Failure) [PSYoungGen: 57408K->96K(56832K)] 59188K->1876K(231936K), 0,0004728 secs] [Times: user=0,00 sys=0,00, real=0,00 secs] 
29,451: [GC (Allocation Failure) [PSYoungGen: 56416K->32K(55808K)] 58196K->1812K(230912K), 0,0005124 secs] [Times: user=0,00 sys=0,00, real=0,00 secs] 
29,496: [GC (Allocation Failure) [PSYoungGen: 55328K->96K(54784K)] 57108K->1876K(229888K), 0,0004856 secs] [Times: user=0,00 sys=0,00, real=0,00 secs] 
29,541: [GC (Allocation Failure) [PSYoungGen: 54368K->96K(53760K)] 56148K->1876K(228864K), 0,0004760 secs] [Times: user=0,01 sys=0,00, real=0,00 secs] 
29,584: [GC (Allocation Failure) [PSYoungGen: 53344K->64K(52736K)] 55124K->1844K(227840K), 0,0004689 secs] [Times: user=0,00 sys=0,00, real=0,00 secs] 
29,627: [GC (Allocation Failure) [PSYoungGen: 52288K->96K(51712K)] 54068K->1876K(226816K), 0,0004601 secs] [Times: user=0,00 sys=0,00, real=0,00 secs] 
29,669: [GC (Allocation Failure) [PSYoungGen: 51296K->96K(50688K)] 53076K->1876K(225792K), 0,0003806 secs] [Times: user=0,00 sys=0,00, real=0,00 secs] 
29,709: [GC (Allocation Failure) [PSYoungGen: 50272K->96K(49664K)] 52052K->1876K(224768K), 0,0003874 secs] [Times: user=0,01 sys=0,00, real=0,00 secs] 
29,749: [GC (Allocation Failure) [PSYoungGen: 49248K->96K(48640K)] 51028K->1876K(223744K), 0,0003864 secs] [Times: user=0,01 sys=0,00, real=0,00 secs] 
29,789: [GC (Allocation Failure) [PSYoungGen: 48224K->96K(48128K)] 50004K->1876K(223232K), 0,0003903 secs] [Times: user=0,00 sys=0,00, real=0,00 secs] 
29,828: [GC (Allocation Failure) [PSYoungGen: 47712K->96K(47616K)] 49492K->1876K(222720K), 0,0004837 secs] [Times: user=0,00 sys=0,00, real=0,00 secs] 
29,866: [GC (Allocation Failure) [PSYoungGen: 47200K->96K(47104K)] 48980K->1876K(222208K), 0,0003823 secs] [Times: user=0,00 sys=0,00, real=0,00 secs] 
29,905: [GC (Allocation Failure) [PSYoungGen: 46688K->96K(56832K)] 48468K->1876K(231936K), 0,0004861 secs] [Times: user=0,00 sys=0,00, real=0,00 secs] 
29,951: [GC (Allocation Failure) [PSYoungGen: 56416K->64K(55808K)] 58196K->1844K(230912K), 0,0004841 secs] [Times: user=0,00 sys=0,00, real=0,00 secs] 
29,996: [GC (Allocation Failure) [PSYoungGen: 55360K->64K(54784K)] 57140K->1844K(229888K), 0,0004996 secs] [Times: user=0,00 sys=0,00, real=0,00 secs] 
30,040: [GC (Allocation Failure) [PSYoungGen: 54336K->32K(53760K)] 56116K->1812K(228864K), 0,0004882 secs] [Times: user=0,00 sys=0,01, real=0,00 secs] 
30,084: [GC (Allocation Failure) [PSYoungGen: 53280K->96K(52736K)] 55060K->1876K(227840K), 0,0004531 secs] [Times: user=0,00 sys=0,00, real=0,00 secs] 
30,126: [GC (Allocation Failure) [PSYoungGen: 52320K->96K(51712K)] 54100K->1876K(226816K), 0,0004620 secs] [Times: user=0,01 sys=0,00, real=0,00 secs] 
30,168: [GC (Allocation Failure) [PSYoungGen: 51296K->96K(50688K)] 53076K->1876K(225792K), 0,0004576 secs] [Times: user=0,00 sys=0,00, real=0,00 secs] 
30,209: [GC (Allocation Failure) [PSYoungGen: 50272K->96K(49664K)] 52052K->1876K(224768K), 0,0003802 secs] [Times: user=0,00 sys=0,00, real=0,00 secs] 
30,250: [GC (Allocation Failure) [PSYoungGen: 49248K->96K(48640K)] 51028K->1876K(223744K), 0,0004904 secs] [Times: user=0,00 sys=0,00, real=0,00 secs] 
30,289: [GC (Allocation Failure) [PSYoungGen: 48224K->96K(48128K)] 50004K->1900K(223232K), 0,0003863 secs] [Times: user=0,00 sys=0,00, real=0,00 secs] 
30,328: [GC (Allocation Failure) [PSYoungGen: 47712K->96K(47616K)] 49516K->1900K(222720K), 0,0003686 secs] [Times: user=0,00 sys=0,00, real=0,00 secs] 
30,366: [GC (Allocation Failure) [PSYoungGen: 47200K->32K(47104K)] 49004K->1836K(222208K), 0,0004692 secs] [Times: user=0,00 sys=0,00, real=0,00 secs] 
30,405: [GC (Allocation Failure) [PSYoungGen: 46624K->64K(46592K)] 48428K->1868K(221696K), 0,0003752 secs] [Times: user=0,00 sys=0,00, real=0,00 secs] 
30,442: [GC (Allocation Failure) [PSYoungGen: 46144K->96K(46080K)] 47948K->1900K(221184K), 0,0003904 secs] [Times: user=0,00 sys=0,00, real=0,00 secs] 
30,480: [GC (Allocation Failure) [PSYoungGen: 45664K->96K(45568K)] 47468K->1900K(220672K), 0,0003814 secs] [Times: user=0,00 sys=0,00, real=0,00 secs] 
30,516: [GC (Allocation Failure) [PSYoungGen: 45152K->96K(45056K)] 46956K->1900K(220160K), 0,0004607 secs] [Times: user=0,00 sys=0,00, real=0,00 secs] 
30,553: [GC (Allocation Failure) [PSYoungGen: 44640K->96K(44544K)] 46444K->1900K(219648K), 0,0003819 secs] [Times: user=0,01 sys=0,00, real=0,00 secs] 
30,589: [GC (Allocation Failure) [PSYoungGen: 44128K->96K(44032K)] 45932K->1900K(219136K), 0,0003915 secs] [Times: user=0,00 sys=0,00, real=0,00 secs] 
30,624: [GC (Allocation Failure) [PSYoungGen: 43616K->96K(43520K)] 45420K->1900K(218624K), 0,0003889 secs] [Times: user=0,00 sys=0,00, real=0,00 secs] 
30,660: [GC (Allocation Failure) [PSYoungGen: 43104K->32K(52224K)] 44908K->1836K(227328K), 0,0004512 secs] [Times: user=0,00 sys=0,00, real=0,00 secs] 
30,702: [GC (Allocation Failure) [PSYoungGen: 51744K->96K(51200K)] 53548K->1900K(226304K), 0,0004163 secs] [Times: user=0,01 sys=0,00, real=0,00 secs] 
30,744: [GC (Allocation Failure) [PSYoungGen: 50784K->96K(50176K)] 52588K->1900K(225280K), 0,0004068 secs] [Times: user=0,00 sys=0,00, real=0,00 secs] 
30,784: [GC (Allocation Failure) [PSYoungGen: 49760K->32K(60416K)] 51564K->1836K(235520K), 0,0009398 secs] [Times: user=0,00 sys=0,00, real=0,00 secs] 
30,834: [GC (Allocation Failure) [PSYoungGen: 59936K->96K(72704K)] 61740K->1900K(247808K), 0,0005129 secs] [Times: user=0,00 sys=0,00, real=0,00 secs] 
30,893: [GC (Allocation Failure) [PSYoungGen: 72287K->96K(87552K)] 74091K->1900K(262656K), 0,0005009 secs] [Times: user=0,00 sys=0,00, real=0,00 secs] 
30,963: [GC (Allocation Failure) [PSYoungGen: 87136K->64K(85504K)] 88940K->1868K(260608K), 0,0004832 secs] [Times: user=0,00 sys=0,00, real=0,00 secs] 
31,032: [GC (Allocation Failure) [PSYoungGen: 85056K->64K(83456K)] 86860K->1868K(258560K), 0,0004892 secs] [Times: user=0,00 sys=0,00, real=0,00 secs] 
31,100: [GC (Allocation Failure) [PSYoungGen: 83008K->64K(81408K)] 84812K->1868K(256512K), 0,0005241 secs] [Times: user=0,00 sys=0,00, real=0,00 secs] 
31,166: [GC (Allocation Failure) [PSYoungGen: 80960K->64K(79360K)] 82764K->1868K(254464K), 0,0004812 secs] [Times: user=0,00 sys=0,00, real=0,00 secs] 
31,230: [GC (Allocation Failure) [PSYoungGen: 78912K->96K(77312K)] 80716K->1900K(252416K), 0,0004831 secs] [Times: user=0,00 sys=0,00, real=0,00 secs] 
31,293: [GC (Allocation Failure) [PSYoungGen: 76896K->32K(75264K)] 78700K->1836K(250368K), 0,0005918 secs] [Times: user=0,00 sys=0,00, real=0,00 secs] 
31,353: [GC (Allocation Failure) [PSYoungGen: 74784K->96K(73728K)] 76588K->1900K(248832K), 0,0004784 secs] [Times: user=0,00 sys=0,00, real=0,00 secs] 
31,413: [GC (Allocation Failure) [PSYoungGen: 73312K->64K(72192K)] 75116K->1868K(247296K), 0,0004685 secs] [Times: user=0,00 sys=0,00, real=0,00 secs] 
31,471: [GC (Allocation Failure) [PSYoungGen: 71744K->96K(70656K)] 73548K->1900K(245760K), 0,0004836 secs] [Times: user=0,00 sys=0,00, real=0,00 secs] 
31,528: [GC (Allocation Failure) [PSYoungGen: 70240K->96K(69120K)] 72044K->1900K(244224K), 0,0005493 secs] [Times: user=0,00 sys=0,00, real=0,00 secs] 
31,585: [GC (Allocation Failure) [PSYoungGen: 68704K->96K(67584K)] 70508K->1900K(242688K), 0,0004935 secs] [Times: user=0,00 sys=0,00, real=0,00 secs] 
31,639: [GC (Allocation Failure) [PSYoungGen: 67168K->64K(66048K)] 68972K->1868K(241152K), 0,0004741 secs] [Times: user=0,00 sys=0,00, real=0,00 secs] 
31,693: [GC (Allocation Failure) [PSYoungGen: 65600K->96K(64512K)] 67404K->1900K(239616K), 0,0004832 secs] [Times: user=0,00 sys=0,00, real=0,00 secs] 
31,745: [GC (Allocation Failure) [PSYoungGen: 64096K->64K(62976K)] 65900K->1868K(238080K), 0,0005335 secs] [Times: user=0,01 sys=0,00, real=0,00 secs] 
31,796: [GC (Allocation Failure) [PSYoungGen: 62528K->96K(61952K)] 64332K->1900K(237056K), 0,0004832 secs] [Times: user=0,00 sys=0,00, real=0,00 secs] 
31,846: [GC (Allocation Failure) [PSYoungGen: 61536K->64K(60928K)] 63340K->1868K(236032K), 0,0005447 secs] [Times: user=0,00 sys=0,00, real=0,00 secs] 
31,896: [GC (Allocation Failure) [PSYoungGen: 60480K->96K(59904K)] 62284K->1900K(235008K), 0,0004887 secs] [Times: user=0,00 sys=0,00, real=0,00 secs] 
31,944: [GC (Allocation Failure) [PSYoungGen: 59488K->96K(58880K)] 61292K->1900K(233984K), 0,0005142 secs] [Times: user=0,00 sys=0,00, real=0,00 secs] 
31,992: [GC (Allocation Failure) [PSYoungGen: 58464K->64K(57856K)] 60268K->1868K(232960K), 0,0005489 secs] [Times: user=0,00 sys=0,00, real=0,00 secs] 
32,039: [GC (Allocation Failure) [PSYoungGen: 57408K->64K(56832K)] 59212K->1868K(231936K), 0,0004700 secs] [Times: user=0,00 sys=0,00, real=0,00 secs] 
32,085: [GC (Allocation Failure) [PSYoungGen: 56384K->96K(55808K)] 58188K->1900K(230912K), 0,0004873 secs] [Times: user=0,00 sys=0,00, real=0,00 secs] 
32,129: [GC (Allocation Failure) [PSYoungGen: 55392K->64K(54784K)] 57196K->1868K(229888K), 0,0004536 secs] [Times: user=0,00 sys=0,00, real=0,00 secs] 
32,174: [GC (Allocation Failure) [PSYoungGen: 54336K->96K(53760K)] 56140K->1900K(228864K), 0,0004499 secs] [Times: user=0,00 sys=0,00, real=0,00 secs] 
32,217: [GC (Allocation Failure) [PSYoungGen: 53344K->96K(52736K)] 55148K->1900K(227840K), 0,0004707 secs] [Times: user=0,00 sys=0,00, real=0,00 secs] 
32,260: [GC (Allocation Failure) [PSYoungGen: 52320K->96K(51712K)] 54124K->1900K(226816K), 0,0003992 secs] [Times: user=0,00 sys=0,00, real=0,00 secs] 
32,302: [GC (Allocation Failure) [PSYoungGen: 51296K->32K(50688K)] 53100K->1836K(225792K), 0,0004735 secs] [Times: user=0,00 sys=0,00, real=0,00 secs] 
32,342: [GC (Allocation Failure) [PSYoungGen: 50208K->96K(49664K)] 52012K->1900K(224768K), 0,0004892 secs] [Times: user=0,00 sys=0,00, real=0,00 secs] 
32,383: [GC (Allocation Failure) [PSYoungGen: 49248K->96K(48640K)] 51052K->1900K(223744K), 0,0003891 secs] [Times: user=0,00 sys=0,00, real=0,00 secs] 
32,422: [GC (Allocation Failure) [PSYoungGen: 48224K->96K(48128K)] 50028K->1900K(223232K), 0,0003653 secs] [Times: user=0,00 sys=0,00, real=0,00 secs] 
32,461: [GC (Allocation Failure) [PSYoungGen: 47712K->96K(47616K)] 49516K->1900K(222720K), 0,0003864 secs] [Times: user=0,00 sys=0,00, real=0,00 secs] 
32,499: [GC (Allocation Failure) [PSYoungGen: 47200K->96K(47104K)] 49004K->1900K(222208K), 0,0004416 secs] [Times: user=0,00 sys=0,00, real=0,00 secs] 
32,537: [GC (Allocation Failure) [PSYoungGen: 46688K->96K(46592K)] 48492K->1900K(221696K), 0,0004047 secs] [Times: user=0,00 sys=0,00, real=0,00 secs] 
32,575: [GC (Allocation Failure) [PSYoungGen: 46176K->96K(46080K)] 47980K->1900K(221184K), 0,0004648 secs] [Times: user=0,00 sys=0,00, real=0,00 secs] 
32,613: [GC (Allocation Failure) [PSYoungGen: 45664K->96K(45568K)] 47468K->1900K(220672K), 0,0003609 secs] [Times: user=0,00 sys=0,00, real=0,00 secs] 
32,650: [GC (Allocation Failure) [PSYoungGen: 45152K->96K(45056K)] 46956K->1900K(220160K), 0,0003795 secs] [Times: user=0,00 sys=0,00, real=0,00 secs] 
32,686: [GC (Allocation Failure) [PSYoungGen: 44640K->96K(44544K)] 46444K->1900K(219648K), 0,0003696 secs] [Times: user=0,00 sys=0,01, real=0,00 secs] 
32,722: [GC (Allocation Failure) [PSYoungGen: 44128K->128K(44032K)] 45932K->1932K(219136K), 0,0003690 secs] [Times: user=0,00 sys=0,00, real=0,00 secs] 
32,757: [GC (Allocation Failure) [PSYoungGen: 43648K->96K(43520K)] 45452K->1900K(218624K), 0,0003743 secs] [Times: user=0,00 sys=0,00, real=0,00 secs] 
32,793: [GC (Allocation Failure) [PSYoungGen: 43104K->96K(43008K)] 44908K->1900K(218112K), 0,0004337 secs] [Times: user=0,00 sys=0,00, real=0,00 secs] 
32,827: [GC (Allocation Failure) [PSYoungGen: 42592K->96K(42496K)] 44396K->1900K(217600K), 0,0003667 secs] [Times: user=0,00 sys=0,00, real=0,01 secs] 
32,862: [GC (Allocation Failure) [PSYoungGen: 42080K->96K(41984K)] 43884K->1900K(217088K), 0,0003720 secs] [Times: user=0,00 sys=0,00, real=0,00 secs] 
32,896: [GC (Allocation Failure) [PSYoungGen: 41568K->64K(41472K)] 43372K->1868K(216576K), 0,0003776 secs] [Times: user=0,00 sys=0,00, real=0,00 secs] 
32,929: [GC (Allocation Failure) [PSYoungGen: 41024K->64K(49664K)] 42828K->1868K(224768K), 0,0005551 secs] [Times: user=0,00 sys=0,00, real=0,00 secs] 
32,969: [GC (Allocation Failure) [PSYoungGen: 49216K->96K(59904K)] 51020K->1900K(235008K), 0,0003845 secs] [Times: user=0,00 sys=0,00, real=0,00 secs] 
33,018: [GC (Allocation Failure) [PSYoungGen: 59488K->64K(72192K)] 61292K->1868K(247296K), 0,0004700 secs] [Times: user=0,00 sys=0,00, real=0,01 secs] 
33,076: [GC (Allocation Failure) [PSYoungGen: 71744K->64K(70656K)] 73548K->1868K(245760K), 0,0004819 secs] [Times: user=0,01 sys=0,00, real=0,00 secs] 
33,133: [GC (Allocation Failure) [PSYoungGen: 70208K->64K(69120K)] 72012K->1868K(244224K), 0,0004793 secs] [Times: user=0,00 sys=0,00, real=0,00 secs] 
33,189: [GC (Allocation Failure) [PSYoungGen: 68672K->32K(67584K)] 70476K->1836K(242688K), 0,0004922 secs] [Times: user=0,00 sys=0,00, real=0,00 secs] 
33,244: [GC (Allocation Failure) [PSYoungGen: 67104K->96K(66048K)] 68908K->1900K(241152K), 0,0005037 secs] [Times: user=0,00 sys=0,00, real=0,00 secs] 
33,297: [GC (Allocation Failure) [PSYoungGen: 65632K->96K(64512K)] 67436K->1900K(239616K), 0,0004817 secs] [Times: user=0,00 sys=0,00, real=0,01 secs] 
33,350: [GC (Allocation Failure) [PSYoungGen: 64096K->96K(62976K)] 65900K->1900K(238080K), 0,0004570 secs] [Times: user=0,00 sys=0,00, real=0,00 secs] 
33,400: [GC (Allocation Failure) [PSYoungGen: 62560K->96K(61952K)] 64364K->1900K(237056K), 0,0004850 secs] [Times: user=0,00 sys=0,00, real=0,00 secs] 
33,450: [GC (Allocation Failure) [PSYoungGen: 61536K->96K(60928K)] 63340K->1900K(236032K), 0,0005283 secs] [Times: user=0,00 sys=0,00, real=0,00 secs] 
33,500: [GC (Allocation Failure) [PSYoungGen: 60512K->96K(73216K)] 62316K->1900K(248320K), 0,0007515 secs] [Times: user=0,00 sys=0,00, real=0,00 secs] 
33,559: [GC (Allocation Failure) [PSYoungGen: 72800K->96K(71680K)] 74604K->1900K(246784K), 0,0004864 secs] [Times: user=0,00 sys=0,00, real=0,00 secs] 
33,619: [GC (Allocation Failure) [PSYoungGen: 71264K->64K(70144K)] 73068K->1868K(245248K), 0,0004971 secs] [Times: user=0,00 sys=0,00, real=0,00 secs] 
33,676: [GC (Allocation Failure) [PSYoungGen: 69696K->96K(68608K)] 71500K->1900K(243712K), 0,0004742 secs] [Times: user=0,00 sys=0,00, real=0,00 secs] 
33,731: [GC (Allocation Failure) [PSYoungGen: 68191K->96K(67072K)] 69995K->1900K(242176K), 0,0004950 secs] [Times: user=0,01 sys=0,00, real=0,00 secs] 
33,786: [GC (Allocation Failure) [PSYoungGen: 66656K->96K(65536K)] 68460K->1900K(240640K), 0,0005010 secs] [Times: user=0,00 sys=0,00, real=0,00 secs] 
33,842: [GC (Allocation Failure) [PSYoungGen: 65120K->96K(64000K)] 66924K->1900K(239104K), 0,0005332 secs] [Times: user=0,00 sys=0,00, real=0,00 secs] 
33,894: [GC (Allocation Failure) [PSYoungGen: 63584K->96K(62464K)] 65388K->1900K(237568K), 0,0004902 secs] [Times: user=0,00 sys=0,00, real=0,00 secs] 
33,945: [GC (Allocation Failure) [PSYoungGen: 62048K->96K(61440K)] 63852K->1900K(236544K), 0,0004744 secs] [Times: user=0,00 sys=0,00, real=0,00 secs] 
33,995: [GC (Allocation Failure) [PSYoungGen: 61024K->96K(60416K)] 62828K->1900K(235520K), 0,0004269 secs] [Times: user=0,00 sys=0,00, real=0,00 secs] 
34,044: [GC (Allocation Failure) [PSYoungGen: 60000K->96K(59392K)] 61804K->1900K(234496K), 0,0004774 secs] [Times: user=0,00 sys=0,00, real=0,00 secs] 
34,092: [GC (Allocation Failure) [PSYoungGen: 58976K->96K(58368K)] 60780K->1900K(233472K), 0,0004972 secs] [Times: user=0,00 sys=0,00, real=0,00 secs] 
34,139: [GC (Allocation Failure) [PSYoungGen: 57952K->96K(57344K)] 59756K->1900K(232448K), 0,0005550 secs] [Times: user=0,00 sys=0,00, real=0,00 secs] 
34,186: [GC (Allocation Failure) [PSYoungGen: 56928K->96K(56320K)] 58732K->1900K(231424K), 0,0004845 secs] [Times: user=0,00 sys=0,00, real=0,00 secs] 
34,231: [GC (Allocation Failure) [PSYoungGen: 55904K->96K(55296K)] 57708K->1900K(230400K), 0,0004832 secs] [Times: user=0,00 sys=0,00, real=0,00 secs] 
34,276: [GC (Allocation Failure) [PSYoungGen: 54880K->96K(54272K)] 56684K->1900K(229376K), 0,0004734 secs] [Times: user=0,00 sys=0,00, real=0,00 secs] 
34,320: [GC (Allocation Failure) [PSYoungGen: 53856K->96K(53248K)] 55660K->1900K(228352K), 0,0004823 secs] [Times: user=0,00 sys=0,00, real=0,00 secs] 
34,363: [GC (Allocation Failure) [PSYoungGen: 52832K->96K(52224K)] 54636K->1900K(227328K), 0,0005043 secs] [Times: user=0,00 sys=0,00, real=0,00 secs] 
34,405: [GC (Allocation Failure) [PSYoungGen: 51808K->96K(51200K)] 53612K->1900K(226304K), 0,0004546 secs] [Times: user=0,00 sys=0,00, real=0,00 secs] 
34,446: [GC (Allocation Failure) [PSYoungGen: 50784K->96K(50176K)] 52588K->1900K(225280K), 0,0003968 secs] [Times: user=0,00 sys=0,00, real=0,00 secs] 
34,487: [GC (Allocation Failure) [PSYoungGen: 49760K->96K(49152K)] 51564K->1900K(224256K), 0,0004736 secs] [Times: user=0,00 sys=0,00, real=0,00 secs] 
34,527: [GC (Allocation Failure) [PSYoungGen: 48736K->96K(58880K)] 50540K->1900K(233984K), 0,0005198 secs] [Times: user=0,00 sys=0,00, real=0,00 secs] 
34,575: [GC (Allocation Failure) [PSYoungGen: 58464K->64K(70656K)] 60268K->1868K(245760K), 0,0004822 secs] [Times: user=0,00 sys=0,00, real=0,00 secs] 
34,632: [GC (Allocation Failure) [PSYoungGen: 70208K->96K(69120K)] 72012K->1900K(244224K), 0,0004887 secs] [Times: user=0,00 sys=0,00, real=0,00 secs] 
34,688: [GC (Allocation Failure) [PSYoungGen: 68704K->96K(67584K)] 70508K->1900K(242688K), 0,0004686 secs] [Times: user=0,00 sys=0,00, real=0,01 secs] 
34,743: [GC (Allocation Failure) [PSYoungGen: 67168K->96K(66048K)] 68972K->1900K(241152K), 0,0004786 secs] [Times: user=0,01 sys=0,00, real=0,00 secs] 
34,796: [GC (Allocation Failure) [PSYoungGen: 65632K->96K(64512K)] 67436K->1900K(239616K), 0,0005241 secs] [Times: user=0,00 sys=0,00, real=0,00 secs] 
34,848: [GC (Allocation Failure) [PSYoungGen: 64096K->96K(62976K)] 65900K->1900K(238080K), 0,0005240 secs] [Times: user=0,00 sys=0,00, real=0,00 secs] 
34,899: [GC (Allocation Failure) [PSYoungGen: 62560K->96K(61952K)] 64364K->1900K(237056K), 0,0004806 secs] [Times: user=0,00 sys=0,00, real=0,00 secs] 
34,949: [GC (Allocation Failure) [PSYoungGen: 61536K->96K(60928K)] 63340K->1900K(236032K), 0,0004870 secs] [Times: user=0,00 sys=0,00, real=0,00 secs] 
34,998: [GC (Allocation Failure) [PSYoungGen: 60512K->96K(59904K)] 62316K->1900K(235008K), 0,0004982 secs] [Times: user=0,00 sys=0,00, real=0,00 secs] 
35,047: [GC (Allocation Failure) [PSYoungGen: 59488K->96K(58880K)] 61292K->1900K(233984K), 0,0004609 secs] [Times: user=0,00 sys=0,00, real=0,00 secs] 
35,095: [GC (Allocation Failure) [PSYoungGen: 58464K->96K(57856K)] 60268K->1900K(232960K), 0,0004709 secs] [Times: user=0,00 sys=0,00, real=0,00 secs] 
35,141: [GC (Allocation Failure) [PSYoungGen: 57440K->96K(56832K)] 59244K->1900K(231936K), 0,0004834 secs] [Times: user=0,00 sys=0,00, real=0,00 secs] 
35,187: [GC (Allocation Failure) [PSYoungGen: 56416K->32K(55808K)] 58220K->1836K(230912K), 0,0004687 secs] [Times: user=0,00 sys=0,00, real=0,01 secs] 
35,233: [GC (Allocation Failure) [PSYoungGen: 55328K->64K(54784K)] 57132K->1868K(229888K), 0,0004665 secs] [Times: user=0,00 sys=0,00, real=0,00 secs] 
35,277: [GC (Allocation Failure) [PSYoungGen: 54336K->96K(53760K)] 56140K->1900K(228864K), 0,0003721 secs] [Times: user=0,00 sys=0,00, real=0,00 secs] 
35,320: [GC (Allocation Failure) [PSYoungGen: 53344K->96K(52736K)] 55148K->1900K(227840K), 0,0003931 secs] [Times: user=0,00 sys=0,00, real=0,00 secs] 
35,363: [GC (Allocation Failure) [PSYoungGen: 52320K->96K(51712K)] 54124K->1900K(226816K), 0,0004575 secs] [Times: user=0,00 sys=0,00, real=0,00 secs] 
35,404: [GC (Allocation Failure) [PSYoungGen: 51296K->64K(50688K)] 53100K->1868K(225792K), 0,0004537 secs] [Times: user=0,00 sys=0,00, real=0,00 secs] 
35,445: [GC (Allocation Failure) [PSYoungGen: 50240K->64K(49664K)] 52044K->1868K(224768K), 0,0004626 secs] [Times: user=0,00 sys=0,00, real=0,00 secs] 
35,486: [GC (Allocation Failure) [PSYoungGen: 49216K->96K(48640K)] 51020K->1900K(223744K), 0,0003740 secs] [Times: user=0,00 sys=0,00, real=0,00 secs] 
35,525: [GC (Allocation Failure) [PSYoungGen: 48224K->96K(48128K)] 50028K->1900K(223232K), 0,0003945 secs] [Times: user=0,00 sys=0,00, real=0,00 secs] 
35,564: [GC (Allocation Failure) [PSYoungGen: 47712K->96K(47616K)] 49516K->1900K(222720K), 0,0004826 secs] [Times: user=0,00 sys=0,00, real=0,00 secs] 
35,602: [GC (Allocation Failure) [PSYoungGen: 47200K->96K(47104K)] 49004K->1900K(222208K), 0,0003758 secs] [Times: user=0,00 sys=0,00, real=0,00 secs] 
35,641: [GC (Allocation Failure) [PSYoungGen: 46688K->64K(56832K)] 48492K->1868K(231936K), 0,0011131 secs] [Times: user=0,00 sys=0,00, real=0,00 secs] 
35,689: [GC (Allocation Failure) [PSYoungGen: 56384K->96K(68096K)] 58188K->1900K(243200K), 0,0004965 secs] [Times: user=0,00 sys=0,00, real=0,00 secs] 
35,744: [GC (Allocation Failure) [PSYoungGen: 67680K->96K(81920K)] 69484K->1900K(257024K), 0,0004772 secs] [Times: user=0,01 sys=0,00, real=0,00 secs] 
35,810: [GC (Allocation Failure) [PSYoungGen: 81504K->64K(98304K)] 83308K->1868K(273408K), 0,0004983 secs] [Times: user=0,00 sys=0,00, real=0,00 secs] 
35,889: [GC (Allocation Failure) [PSYoungGen: 97856K->64K(95744K)] 99660K->1868K(270848K), 0,0004838 secs] [Times: user=0,00 sys=0,00, real=0,00 secs] 
35,967: [GC (Allocation Failure) [PSYoungGen: 95296K->96K(93184K)] 97100K->1900K(268288K), 0,0004936 secs] [Times: user=0,00 sys=0,00, real=0,00 secs] 
36,042: [GC (Allocation Failure) [PSYoungGen: 92768K->96K(90624K)] 94572K->1900K(265728K), 0,0004795 secs] [Times: user=0,00 sys=0,00, real=0,00 secs] 
36,115: [GC (Allocation Failure) [PSYoungGen: 90208K->96K(88064K)] 92012K->1900K(263168K), 0,0005102 secs] [Times: user=0,00 sys=0,00, real=0,00 secs] 
36,187: [GC (Allocation Failure) [PSYoungGen: 87648K->96K(86016K)] 89452K->1900K(261120K), 0,0005053 secs] [Times: user=0,00 sys=0,00, real=0,00 secs] 
36,256: [GC (Allocation Failure) [PSYoungGen: 85600K->96K(83968K)] 87404K->1900K(259072K), 0,0005214 secs] [Times: user=0,00 sys=0,00, real=0,00 secs] 
36,324: [GC (Allocation Failure) [PSYoungGen: 83552K->64K(81920K)] 85356K->1868K(257024K), 0,0004976 secs] [Times: user=0,00 sys=0,00, real=0,00 secs] 
36,390: [GC (Allocation Failure) [PSYoungGen: 81472K->64K(79872K)] 83276K->1868K(254976K), 0,0004986 secs] [Times: user=0,01 sys=0,00, real=0,00 secs] 
36,455: [GC (Allocation Failure) [PSYoungGen: 79424K->96K(77824K)] 81228K->1900K(252928K), 0,0004985 secs] [Times: user=0,00 sys=0,00, real=0,00 secs] 
36,517: [GC (Allocation Failure) [PSYoungGen: 77408K->96K(75776K)] 79212K->1900K(250880K), 0,0004692 secs] [Times: user=0,00 sys=0,00, real=0,01 secs] 
36,579: [GC (Allocation Failure) [PSYoungGen: 75360K->64K(74240K)] 77164K->1868K(249344K), 0,0004880 secs] [Times: user=0,01 sys=0,00, real=0,00 secs] 
36,639: [GC (Allocation Failure) [PSYoungGen: 73792K->64K(72704K)] 75596K->1868K(247808K), 0,0004743 secs] [Times: user=0,01 sys=0,00, real=0,00 secs] 
36,698: [GC (Allocation Failure) [PSYoungGen: 72256K->64K(71168K)] 74060K->1868K(246272K), 0,0004728 secs] [Times: user=0,00 sys=0,00, real=0,00 secs] 
36,755: [GC (Allocation Failure) [PSYoungGen: 70720K->96K(69632K)] 72524K->1900K(244736K), 0,0004778 secs] [Times: user=0,00 sys=0,00, real=0,00 secs] 
36,812: [GC (Allocation Failure) [PSYoungGen: 69216K->96K(68096K)] 71020K->1900K(243200K), 0,0004938 secs] [Times: user=0,00 sys=0,00, real=0,00 secs] 
36,867: [GC (Allocation Failure) [PSYoungGen: 67680K->96K(66560K)] 69484K->1900K(241664K), 0,0004918 secs] [Times: user=0,01 sys=0,00, real=0,01 secs] 
36,921: [GC (Allocation Failure) [PSYoungGen: 66144K->96K(65024K)] 67948K->1900K(240128K), 0,0004875 secs] [Times: user=0,00 sys=0,00, real=0,00 secs] 
36,973: [GC (Allocation Failure) [PSYoungGen: 64608K->64K(63488K)] 66412K->1868K(238592K), 0,0004610 secs] [Times: user=0,00 sys=0,00, real=0,00 secs] 
37,025: [GC (Allocation Failure) [PSYoungGen: 63040K->96K(61952K)] 64844K->1900K(237056K), 0,0005059 secs] [Times: user=0,00 sys=0,00, real=0,00 secs] 
37,075: [GC (Allocation Failure) [PSYoungGen: 61536K->96K(60928K)] 63340K->1900K(236032K), 0,0005676 secs] [Times: user=0,00 sys=0,00, real=0,00 secs] 
37,124: [GC (Allocation Failure) [PSYoungGen: 60512K->64K(59904K)] 62316K->1868K(235008K), 0,0004908 secs] [Times: user=0,00 sys=0,00, real=0,00 secs] 
37,173: [GC (Allocation Failure) [PSYoungGen: 59456K->96K(58880K)] 61260K->1900K(233984K), 0,0004939 secs] [Times: user=0,00 sys=0,00, real=0,00 secs] 
37,222: [GC (Allocation Failure) [PSYoungGen: 58464K->64K(70656K)] 60268K->1868K(245760K), 0,0008851 secs] [Times: user=0,00 sys=0,00, real=0,00 secs] 
37,281: [GC (Allocation Failure) [PSYoungGen: 70208K->32K(84992K)] 72012K->1836K(260096K), 0,0005416 secs] [Times: user=0,00 sys=0,00, real=0,00 secs] 
37,354: [GC (Allocation Failure) [PSYoungGen: 84512K->96K(82944K)] 86316K->1900K(258048K), 0,0005643 secs] [Times: user=0,00 sys=0,00, real=0,00 secs] 
37,422: [GC (Allocation Failure) [PSYoungGen: 82528K->96K(80896K)] 84332K->1900K(256000K), 0,0004888 secs] [Times: user=0,00 sys=0,00, real=0,00 secs] 
37,487: [GC (Allocation Failure) [PSYoungGen: 80480K->96K(78848K)] 82284K->1900K(253952K), 0,0004791 secs] [Times: user=0,00 sys=0,00, real=0,01 secs] 
37,551: [GC (Allocation Failure) [PSYoungGen: 78432K->96K(76800K)] 80236K->1900K(251904K), 0,0004897 secs] [Times: user=0,00 sys=0,00, real=0,00 secs] 
37,613: [GC (Allocation Failure) [PSYoungGen: 76384K->96K(74752K)] 78188K->1900K(249856K), 0,0005015 secs] [Times: user=0,01 sys=0,00, real=0,00 secs] 
37,674: [GC (Allocation Failure) [PSYoungGen: 74336K->96K(73216K)] 76140K->1900K(248320K), 0,0005219 secs] [Times: user=0,01 sys=0,00, real=0,00 secs] 
37,733: [GC (Allocation Failure) [PSYoungGen: 72800K->96K(71680K)] 74604K->1900K(246784K), 0,0004976 secs] [Times: user=0,01 sys=0,00, real=0,00 secs] 
37,790: [GC (Allocation Failure) [PSYoungGen: 71264K->64K(70144K)] 73068K->1868K(245248K), 0,0004813 secs] [Times: user=0,00 sys=0,00, real=0,00 secs] 
37,847: [GC (Allocation Failure) [PSYoungGen: 69696K->32K(68608K)] 71500K->1836K(243712K), 0,0005818 secs] [Times: user=0,00 sys=0,00, real=0,00 secs] 
37,902: [GC (Allocation Failure) [PSYoungGen: 68128K->64K(67072K)] 69932K->1868K(242176K), 0,0004805 secs] [Times: user=0,00 sys=0,00, real=0,00 secs] 
37,956: [GC (Allocation Failure) [PSYoungGen: 66624K->96K(65536K)] 68428K->1900K(240640K), 0,0004703 secs] [Times: user=0,00 sys=0,00, real=0,00 secs] 
38,009: [GC (Allocation Failure) [PSYoungGen: 65120K->96K(64000K)] 66924K->1900K(239104K), 0,0004686 secs] [Times: user=0,00 sys=0,00, real=0,00 secs] 
38,061: [GC (Allocation Failure) [PSYoungGen: 63584K->96K(62464K)] 65388K->1900K(237568K), 0,0004922 secs] [Times: user=0,01 sys=0,00, real=0,00 secs] 
38,111: [GC (Allocation Failure) [PSYoungGen: 62048K->64K(61440K)] 63852K->1868K(236544K), 0,0004812 secs] [Times: user=0,00 sys=0,00, real=0,00 secs] 
38,161: [GC (Allocation Failure) [PSYoungGen: 60992K->64K(60416K)] 62796K->1868K(235520K), 0,0004654 secs] [Times: user=0,00 sys=0,00, real=0,00 secs] 
38,210: [GC (Allocation Failure) [PSYoungGen: 59968K->96K(59392K)] 61772K->1900K(234496K), 0,0004779 secs] [Times: user=0,01 sys=0,00, real=0,00 secs] 
38,258: [GC (Allocation Failure) [PSYoungGen: 58976K->96K(58368K)] 60780K->1900K(233472K), 0,0005183 secs] [Times: user=0,00 sys=0,00, real=0,00 secs] 
38,305: [GC (Allocation Failure) [PSYoungGen: 57952K->96K(57344K)] 59756K->1900K(232448K), 0,0004689 secs] [Times: user=0,00 sys=0,00, real=0,00 secs] 
38,351: [GC (Allocation Failure) [PSYoungGen: 56928K->64K(56320K)] 58732K->1868K(231424K), 0,0004612 secs] [Times: user=0,00 sys=0,00, real=0,00 secs] 
38,397: [GC (Allocation Failure) [PSYoungGen: 55872K->64K(55296K)] 57676K->1868K(230400K), 0,0004073 secs] [Times: user=0,00 sys=0,00, real=0,00 secs] 
38,441: [GC (Allocation Failure) [PSYoungGen: 54848K->32K(54272K)] 56652K->1836K(229376K), 0,0004654 secs] [Times: user=0,00 sys=0,00, real=0,00 secs] 
38,485: [GC (Allocation Failure) [PSYoungGen: 53792K->96K(53248K)] 55596K->1900K(228352K), 0,0004949 secs] [Times: user=0,00 sys=0,00, real=0,00 secs] 
38,529: [GC (Allocation Failure) [PSYoungGen: 52832K->96K(52224K)] 54636K->1900K(227328K), 0,0004688 secs] [Times: user=0,00 sys=0,00, real=0,00 secs] 
38,571: [GC (Allocation Failure) [PSYoungGen: 51808K->64K(51200K)] 53612K->1868K(226304K), 0,0004958 secs] [Times: user=0,00 sys=0,00, real=0,00 secs] 
38,613: [GC (Allocation Failure) [PSYoungGen: 50752K->96K(50176K)] 52556K->1900K(225280K), 0,0004771 secs] [Times: user=0,00 sys=0,00, real=0,00 secs] 
38,654: [GC (Allocation Failure) [PSYoungGen: 49760K->96K(49152K)] 51564K->1900K(224256K), 0,0003988 secs] [Times: user=0,00 sys=0,00, real=0,00 secs] 
38,693: [GC (Allocation Failure) [PSYoungGen: 48736K->96K(48128K)] 50540K->1900K(223232K), 0,0004280 secs] [Times: user=0,00 sys=0,00, real=0,00 secs] 
38,732: [GC (Allocation Failure) [PSYoungGen: 47712K->96K(47616K)] 49516K->1900K(222720K), 0,0004629 secs] [Times: user=0,00 sys=0,00, real=0,00 secs] 
38,770: [GC (Allocation Failure) [PSYoungGen: 47200K->96K(47104K)] 49004K->1900K(222208K), 0,0004087 secs] [Times: user=0,00 sys=0,00, real=0,00 secs] 
38,808: [GC (Allocation Failure) [PSYoungGen: 46688K->96K(46592K)] 48492K->1900K(221696K), 0,0003885 secs] [Times: user=0,00 sys=0,00, real=0,00 secs] 
38,846: [GC (Allocation Failure) [PSYoungGen: 46176K->96K(46080K)] 47980K->1900K(221184K), 0,0003826 secs] [Times: user=0,00 sys=0,00, real=0,00 secs] 
38,883: [GC (Allocation Failure) [PSYoungGen: 45664K->96K(45568K)] 47468K->1900K(220672K), 0,0003758 secs] [Times: user=0,00 sys=0,00, real=0,00 secs] 
38,920: [GC (Allocation Failure) [PSYoungGen: 45152K->96K(45056K)] 46956K->1900K(220160K), 0,0003915 secs] [Times: user=0,00 sys=0,00, real=0,00 secs] 
38,956: [GC (Allocation Failure) [PSYoungGen: 44640K->64K(44544K)] 46444K->1868K(219648K), 0,0003795 secs] [Times: user=0,00 sys=0,00, real=0,00 secs] 
38,992: [GC (Allocation Failure) [PSYoungGen: 44096K->32K(44032K)] 45900K->1836K(219136K), 0,0003592 secs] [Times: user=0,00 sys=0,00, real=0,00 secs] 
39,028: [GC (Allocation Failure) [PSYoungGen: 43552K->96K(43520K)] 45356K->1900K(218624K), 0,0003772 secs] [Times: user=0,00 sys=0,00, real=0,00 secs] 
39,063: [GC (Allocation Failure) [PSYoungGen: 43104K->96K(43008K)] 44908K->1900K(218112K), 0,0004004 secs] [Times: user=0,01 sys=0,00, real=0,00 secs] 
39,098: [GC (Allocation Failure) [PSYoungGen: 42592K->32K(51712K)] 44396K->1836K(226816K), 0,0004915 secs] [Times: user=0,00 sys=0,00, real=0,00 secs] 
39,140: [GC (Allocation Failure) [PSYoungGen: 51232K->96K(61952K)] 53036K->1900K(237056K), 0,0004748 secs] [Times: user=0,00 sys=0,00, real=0,00 secs] 
39,190: [GC (Allocation Failure) [PSYoungGen: 61536K->96K(74240K)] 63340K->1900K(249344K), 0,0009743 secs] [Times: user=0,00 sys=0,00, real=0,00 secs] 
39,250: [GC (Allocation Failure) [PSYoungGen: 73824K->96K(89088K)] 75628K->1900K(264192K), 0,0004887 secs] [Times: user=0,00 sys=0,00, real=0,00 secs] 
39,322: [GC (Allocation Failure) [PSYoungGen: 88672K->96K(107008K)] 90476K->1900K(282112K), 0,0005128 secs] [Times: user=0,00 sys=0,00, real=0,00 secs] 
39,409: [GC (Allocation Failure) [PSYoungGen: 106592K->96K(103936K)] 108396K->1900K(279040K), 0,0004938 secs] [Times: user=0,00 sys=0,00, real=0,00 secs] 
39,492: [GC (Allocation Failure) [PSYoungGen: 103520K->64K(100864K)] 105324K->1868K(275968K), 0,0006019 secs] [Times: user=0,00 sys=0,00, real=0,00 secs] 
39,574: [GC (Allocation Failure) [PSYoungGen: 100416K->64K(98304K)] 102220K->1868K(273408K), 0,0006156 secs] [Times: user=0,00 sys=0,00, real=0,00 secs] 
39,654: [GC (Allocation Failure) [PSYoungGen: 97856K->96K(95744K)] 99660K->1900K(270848K), 0,0004810 secs] [Times: user=0,00 sys=0,00, real=0,00 secs] 
39,731: [GC (Allocation Failure) [PSYoungGen: 95328K->64K(93184K)] 97132K->1868K(268288K), 0,0004913 secs] [Times: user=0,00 sys=0,00, real=0,00 secs] 
39,807: [GC (Allocation Failure) [PSYoungGen: 92736K->96K(90624K)] 94540K->1900K(265728K), 0,0005009 secs] [Times: user=0,00 sys=0,00, real=0,00 secs] 
39,880: [GC (Allocation Failure) [PSYoungGen: 90208K->64K(88064K)] 92012K->1868K(263168K), 0,0004877 secs] [Times: user=0,00 sys=0,00, real=0,00 secs] 
39,951: [GC (Allocation Failure) [PSYoungGen: 87616K->32K(86016K)] 89420K->1836K(261120K), 0,0005467 secs] [Times: user=0,00 sys=0,00, real=0,00 secs] 
40,020: [GC (Allocation Failure) [PSYoungGen: 85536K->32K(83968K)] 87340K->1836K(259072K), 0,0005016 secs] [Times: user=0,00 sys=0,00, real=0,00 secs] 
40,089: [GC (Allocation Failure) [PSYoungGen: 83488K->64K(81920K)] 85292K->1868K(257024K), 0,0005099 secs] [Times: user=0,00 sys=0,00, real=0,00 secs] 
40,155: [GC (Allocation Failure) [PSYoungGen: 81472K->96K(79872K)] 83276K->1900K(254976K), 0,0004931 secs] [Times: user=0,00 sys=0,00, real=0,00 secs] 
40,221: [GC (Allocation Failure) [PSYoungGen: 79456K->96K(77824K)] 81260K->1900K(252928K), 0,0004916 secs] [Times: user=0,00 sys=0,00, real=0,00 secs] 
40,285: [GC (Allocation Failure) [PSYoungGen: 77408K->96K(75776K)] 79212K->1900K(250880K), 0,0004915 secs] [Times: user=0,00 sys=0,00, real=0,00 secs] 
40,346: [GC (Allocation Failure) [PSYoungGen: 75360K->96K(74240K)] 77164K->1924K(249344K), 0,0006002 secs] [Times: user=0,00 sys=0,00, real=0,00 secs] 
40,406: [GC (Allocation Failure) [PSYoungGen: 73824K->64K(72704K)] 75652K->1892K(247808K), 0,0004974 secs] [Times: user=0,00 sys=0,00, real=0,00 secs] 
40,465: [GC (Allocation Failure) [PSYoungGen: 72256K->96K(71168K)] 74084K->1924K(246272K), 0,0004760 secs] [Times: user=0,00 sys=0,00, real=0,00 secs] 
40,522: [GC (Allocation Failure) [PSYoungGen: 70752K->32K(69632K)] 72580K->1860K(244736K), 0,0004848 secs] [Times: user=0,00 sys=0,00, real=0,00 secs] 
40,579: [GC (Allocation Failure) [PSYoungGen: 69152K->96K(68096K)] 70980K->1924K(243200K), 0,0004889 secs] [Times: user=0,00 sys=0,00, real=0,00 secs] 
40,635: [GC (Allocation Failure) [PSYoungGen: 67680K->96K(66560K)] 69508K->1924K(241664K), 0,0004943 secs] [Times: user=0,00 sys=0,00, real=0,00 secs] 
40,689: [GC (Allocation Failure) [PSYoungGen: 66144K->96K(65024K)] 67972K->1924K(240128K), 0,0005302 secs] [Times: user=0,00 sys=0,00, real=0,00 secs] 
40,741: [GC (Allocation Failure) [PSYoungGen: 64608K->96K(63488K)] 66436K->1924K(238592K), 0,0004733 secs] [Times: user=0,00 sys=0,00, real=0,00 secs] 
40,793: [GC (Allocation Failure) [PSYoungGen: 63072K->64K(61952K)] 64900K->1892K(237056K), 0,0004730 secs] [Times: user=0,00 sys=0,00, real=0,00 secs] 
40,843: [GC (Allocation Failure) [PSYoungGen: 61504K->64K(60928K)] 63332K->1892K(236032K), 0,0005202 secs] [Times: user=0,00 sys=0,00, real=0,00 secs] 
40,892: [GC (Allocation Failure) [PSYoungGen: 60480K->96K(59904K)] 62308K->1924K(235008K), 0,0005820 secs] [Times: user=0,00 sys=0,00, real=0,00 secs] 
40,941: [GC (Allocation Failure) [PSYoungGen: 59488K->96K(58880K)] 61316K->1924K(233984K), 0,0005268 secs] [Times: user=0,01 sys=0,00, real=0,00 secs] 
40,988: [GC (Allocation Failure) [PSYoungGen: 58464K->64K(57856K)] 60292K->1892K(232960K), 0,0004689 secs] [Times: user=0,00 sys=0,00, real=0,00 secs] 
41,035: [GC (Allocation Failure) [PSYoungGen: 57408K->64K(56832K)] 59236K->1892K(231936K), 0,0004611 secs] [Times: user=0,00 sys=0,00, real=0,00 secs] 
41,081: [GC (Allocation Failure) [PSYoungGen: 56384K->96K(55808K)] 58212K->1924K(230912K), 0,0004902 secs] [Times: user=0,00 sys=0,00, real=0,00 secs] 
41,127: [GC (Allocation Failure) [PSYoungGen: 55392K->96K(54784K)] 57220K->1924K(229888K), 0,0005097 secs] [Times: user=0,00 sys=0,01, real=0,00 secs] 
41,171: [GC (Allocation Failure) [PSYoungGen: 54368K->96K(53760K)] 56196K->1924K(228864K), 0,0004612 secs] [Times: user=0,00 sys=0,00, real=0,00 secs] 
41,214: [GC (Allocation Failure) [PSYoungGen: 53344K->64K(52736K)] 55172K->1892K(227840K), 0,0004945 secs] [Times: user=0,00 sys=0,00, real=0,00 secs] 
41,257: [GC (Allocation Failure) [PSYoungGen: 52288K->64K(51712K)] 54116K->1892K(226816K), 0,0004229 secs] [Times: user=0,00 sys=0,00, real=0,00 secs] 
41,299: [GC (Allocation Failure) [PSYoungGen: 51264K->96K(50688K)] 53092K->1924K(225792K), 0,0003994 secs] [Times: user=0,00 sys=0,00, real=0,00 secs] 
41,340: [GC (Allocation Failure) [PSYoungGen: 50272K->96K(49664K)] 52100K->1924K(224768K), 0,0004730 secs] [Times: user=0,00 sys=0,00, real=0,00 secs] 
41,380: [GC (Allocation Failure) [PSYoungGen: 49248K->96K(48640K)] 51076K->1924K(223744K), 0,0003949 secs] [Times: user=0,00 sys=0,00, real=0,00 secs] 
41,419: [GC (Allocation Failure) [PSYoungGen: 48224K->96K(48128K)] 50052K->1924K(223232K), 0,0003721 secs] [Times: user=0,00 sys=0,00, real=0,00 secs] 
41,458: [GC (Allocation Failure) [PSYoungGen: 47712K->96K(47616K)] 49540K->1924K(222720K), 0,0003777 secs] [Times: user=0,00 sys=0,00, real=0,00 secs] 
41,496: [GC (Allocation Failure) [PSYoungGen: 47200K->64K(47104K)] 49028K->1892K(222208K), 0,0004235 secs] [Times: user=0,00 sys=0,00, real=0,00 secs] 
41,535: [GC (Allocation Failure) [PSYoungGen: 46656K->96K(46592K)] 48484K->1924K(221696K), 0,0003832 secs] [Times: user=0,00 sys=0,00, real=0,00 secs] 
41,573: [GC (Allocation Failure) [PSYoungGen: 46176K->64K(46080K)] 48004K->1892K(221184K), 0,0004646 secs] [Times: user=0,00 sys=0,00, real=0,00 secs] 
41,610: [GC (Allocation Failure) [PSYoungGen: 45632K->64K(55296K)] 47460K->1892K(230400K), 0,0004545 secs] [Times: user=0,00 sys=0,00, real=0,00 secs] 
41,654: [GC (Allocation Failure) [PSYoungGen: 54848K->64K(54272K)] 56676K->1892K(229376K), 0,0004639 secs] [Times: user=0,00 sys=0,00, real=0,00 secs] 
41,698: [GC (Allocation Failure) [PSYoungGen: 53824K->96K(53248K)] 55652K->1924K(228352K), 0,0004532 secs] [Times: user=0,00 sys=0,00, real=0,00 secs] 
41,741: [GC (Allocation Failure) [PSYoungGen: 52832K->64K(64000K)] 54660K->1892K(239104K), 0,0005196 secs] [Times: user=0,00 sys=0,00, real=0,00 secs] 
41,793: [GC (Allocation Failure) [PSYoungGen: 63552K->96K(62464K)] 65380K->1924K(237568K), 0,0005062 secs] [Times: user=0,00 sys=0,00, real=0,00 secs] 
41,843: [GC (Allocation Failure) [PSYoungGen: 62048K->96K(61440K)] 63876K->1924K(236544K), 0,0004735 secs] [Times: user=0,00 sys=0,00, real=0,00 secs] 
41,893: [GC (Allocation Failure) [PSYoungGen: 61024K->64K(60416K)] 62852K->1892K(235520K), 0,0005259 secs] [Times: user=0,00 sys=0,00, real=0,00 secs] 
41,942: [GC (Allocation Failure) [PSYoungGen: 59968K->96K(59392K)] 61796K->1924K(234496K), 0,0004656 secs] [Times: user=0,00 sys=0,00, real=0,00 secs] 
41,990: [GC (Allocation Failure) [PSYoungGen: 58976K->128K(58368K)] 60804K->1956K(233472K), 0,0005490 secs] [Times: user=0,00 sys=0,00, real=0,00 secs] 
42,037: [GC (Allocation Failure) [PSYoungGen: 57984K->64K(57344K)] 59812K->1892K(232448K), 0,0004710 secs] [Times: user=0,00 sys=0,00, real=0,01 secs] 
42,084: [GC (Allocation Failure) [PSYoungGen: 56896K->96K(56320K)] 58724K->1924K(231424K), 0,0004886 secs] [Times: user=0,00 sys=0,00, real=0,00 secs] 
42,129: [GC (Allocation Failure) [PSYoungGen: 55904K->96K(55296K)] 57732K->1924K(230400K), 0,0004691 secs] [Times: user=0,00 sys=0,00, real=0,00 secs] 
42,174: [GC (Allocation Failure) [PSYoungGen: 54880K->128K(54272K)] 56708K->1956K(229376K), 0,0004647 secs] [Times: user=0,00 sys=0,00, real=0,00 secs] 
42,218: [GC (Allocation Failure) [PSYoungGen: 53888K->96K(53248K)] 55716K->1924K(228352K), 0,0004700 secs] [Times: user=0,00 sys=0,00, real=0,00 secs] 
42,261: [GC (Allocation Failure) [PSYoungGen: 52832K->96K(52224K)] 54660K->1924K(227328K), 0,0004447 secs] [Times: user=0,00 sys=0,00, real=0,00 secs] 
42,304: [GC (Allocation Failure) [PSYoungGen: 51808K->96K(51200K)] 53636K->1924K(226304K), 0,0004603 secs] [Times: user=0,00 sys=0,00, real=0,00 secs] 
42,345: [GC (Allocation Failure) [PSYoungGen: 50784K->96K(50176K)] 52612K->1924K(225280K), 0,0004596 secs] [Times: user=0,00 sys=0,00, real=0,00 secs] 
42,386: [GC (Allocation Failure) [PSYoungGen: 49760K->96K(49152K)] 51588K->1924K(224256K), 0,0003885 secs] [Times: user=0,00 sys=0,00, real=0,00 secs] 
42,425: [GC (Allocation Failure) [PSYoungGen: 48736K->96K(48128K)] 50564K->1924K(223232K), 0,0004561 secs] [Times: user=0,00 sys=0,00, real=0,00 secs] 
42,464: [GC (Allocation Failure) [PSYoungGen: 47712K->96K(47616K)] 49540K->1924K(222720K), 0,0004330 secs] [Times: user=0,00 sys=0,00, real=0,00 secs] 
42,503: [GC (Allocation Failure) [PSYoungGen: 47200K->96K(47104K)] 49028K->1924K(222208K), 0,0003938 secs] [Times: user=0,00 sys=0,00, real=0,00 secs] 
42,541: [GC (Allocation Failure) [PSYoungGen: 46688K->96K(46592K)] 48516K->1924K(221696K), 0,0004049 secs] [Times: user=0,00 sys=0,00, real=0,00 secs] 
42,579: [GC (Allocation Failure) [PSYoungGen: 46176K->64K(55808K)] 48004K->1892K(230912K), 0,0004743 secs] [Times: user=0,01 sys=0,00, real=0,00 secs] 
42,624: [GC (Allocation Failure) [PSYoungGen: 55360K->96K(54784K)] 57188K->1924K(229888K), 0,0004558 secs] [Times: user=0,00 sys=0,00, real=0,00 secs] 
42,668: [GC (Allocation Failure) [PSYoungGen: 54368K->128K(66048K)] 56196K->1956K(241152K), 0,0005421 secs] [Times: user=0,01 sys=0,00, real=0,00 secs] 
42,722: [GC (Allocation Failure) [PSYoungGen: 65664K->96K(64512K)] 67492K->1924K(239616K), 0,0004629 secs] [Times: user=0,00 sys=0,00, real=0,00 secs] 
42,774: [GC (Allocation Failure) [PSYoungGen: 64096K->96K(62976K)] 65924K->1924K(238080K), 0,0004704 secs] [Times: user=0,00 sys=0,00, real=0,00 secs] 
42,824: [GC (Allocation Failure) [PSYoungGen: 62560K->96K(61952K)] 64388K->1924K(237056K), 0,0004811 secs] [Times: user=0,00 sys=0,00, real=0,00 secs] 
42,875: [GC (Allocation Failure) [PSYoungGen: 61536K->96K(60928K)] 63364K->1924K(236032K), 0,0004786 secs] [Times: user=0,00 sys=0,00, real=0,00 secs] 
42,924: [GC (Allocation Failure) [PSYoungGen: 60512K->96K(59904K)] 62340K->1924K(235008K), 0,0004865 secs] [Times: user=0,00 sys=0,00, real=0,00 secs] 
42,972: [GC (Allocation Failure) [PSYoungGen: 59488K->96K(58880K)] 61316K->1924K(233984K), 0,0004767 secs] [Times: user=0,00 sys=0,00, real=0,00 secs] 
43,020: [GC (Allocation Failure) [PSYoungGen: 58464K->64K(57856K)] 60292K->1892K(232960K), 0,0004663 secs] [Times: user=0,00 sys=0,00, real=0,00 secs] 
43,067: [GC (Allocation Failure) [PSYoungGen: 57408K->96K(56832K)] 59236K->1924K(231936K), 0,0005290 secs] [Times: user=0,00 sys=0,00, real=0,00 secs] 
43,113: [GC (Allocation Failure) [PSYoungGen: 56416K->96K(55808K)] 58244K->1924K(230912K), 0,0004733 secs] [Times: user=0,00 sys=0,00, real=0,00 secs] 
43,158: [GC (Allocation Failure) [PSYoungGen: 55392K->32K(54784K)] 57220K->1860K(229888K), 0,0005157 secs] [Times: user=0,00 sys=0,00, real=0,00 secs] 
43,202: [GC (Allocation Failure) [PSYoungGen: 54304K->96K(53760K)] 56132K->1924K(228864K), 0,0004613 secs] [Times: user=0,00 sys=0,00, real=0,00 secs] 
43,246: [GC (Allocation Failure) [PSYoungGen: 53344K->96K(52736K)] 55172K->1924K(227840K), 0,0004695 secs] [Times: user=0,00 sys=0,00, real=0,00 secs] 
43,289: [GC (Allocation Failure) [PSYoungGen: 52320K->96K(51712K)] 54148K->1924K(226816K), 0,0004706 secs] [Times: user=0,00 sys=0,00, real=0,00 secs] 
43,330: [GC (Allocation Failure) [PSYoungGen: 51296K->96K(50688K)] 53124K->1924K(225792K), 0,0004639 secs] [Times: user=0,00 sys=0,00, real=0,00 secs] 
43,371: [GC (Allocation Failure) [PSYoungGen: 50272K->96K(49664K)] 52100K->1924K(224768K), 0,0003901 secs] [Times: user=0,00 sys=0,00, real=0,00 secs] 
43,411: [GC (Allocation Failure) [PSYoungGen: 49248K->96K(48640K)] 51076K->1924K(223744K), 0,0003856 secs] [Times: user=0,00 sys=0,00, real=0,00 secs] 
43,450: [GC (Allocation Failure) [PSYoungGen: 48224K->128K(48128K)] 50052K->1956K(223232K), 0,0003811 secs] [Times: user=0,00 sys=0,00, real=0,00 secs] 
43,489: [GC (Allocation Failure) [PSYoungGen: 47744K->64K(47616K)] 49572K->1892K(222720K), 0,0004629 secs] [Times: user=0,00 sys=0,00, real=0,00 secs] 
43,527: [GC (Allocation Failure) [PSYoungGen: 47168K->96K(47104K)] 48996K->1924K(222208K), 0,0003943 secs] [Times: user=0,00 sys=0,00, real=0,01 secs] 
43,565: [GC (Allocation Failure) [PSYoungGen: 46688K->96K(46592K)] 48516K->1924K(221696K), 0,0003844 secs] [Times: user=0,00 sys=0,00, real=0,00 secs] 
43,605: [GC (Allocation Failure) [PSYoungGen: 46176K->96K(55808K)] 48004K->1924K(230912K), 0,0005282 secs] [Times: user=0,00 sys=0,00, real=0,00 secs] 
43,650: [GC (Allocation Failure) [PSYoungGen: 55392K->96K(54784K)] 57220K->1924K(229888K), 0,0003921 secs] [Times: user=0,00 sys=0,00, real=0,00 secs] 
43,694: [GC (Allocation Failure) [PSYoungGen: 54368K->64K(53760K)] 56196K->1892K(228864K), 0,0004610 secs] [Times: user=0,00 sys=0,00, real=0,00 secs] 
43,737: [GC (Allocation Failure) [PSYoungGen: 53312K->96K(52736K)] 55140K->1924K(227840K), 0,0003959 secs] [Times: user=0,00 sys=0,01, real=0,01 secs] 
43,780: [GC (Allocation Failure) [PSYoungGen: 52320K->96K(51712K)] 54148K->1924K(226816K), 0,0003882 secs] [Times: user=0,01 sys=0,00, real=0,00 secs] 
43,821: [GC (Allocation Failure) [PSYoungGen: 51296K->64K(50688K)] 53124K->1892K(225792K), 0,0005081 secs] [Times: user=0,00 sys=0,00, real=0,00 secs] 
43,862: [GC (Allocation Failure) [PSYoungGen: 50240K->64K(49664K)] 52068K->1892K(224768K), 0,0004829 secs] [Times: user=0,00 sys=0,00, real=0,00 secs] 
43,902: [GC (Allocation Failure) [PSYoungGen: 49216K->128K(48640K)] 51044K->1956K(223744K), 0,0003818 secs] [Times: user=0,00 sys=0,00, real=0,00 secs] 
43,941: [GC (Allocation Failure) [PSYoungGen: 48256K->64K(48128K)] 50084K->1892K(223232K), 0,0004285 secs] [Times: user=0,00 sys=0,00, real=0,00 secs] 
43,980: [GC (Allocation Failure) [PSYoungGen: 47680K->96K(57856K)] 49508K->1924K(232960K), 0,0004770 secs] [Times: user=0,00 sys=0,00, real=0,00 secs] 
44,027: [GC (Allocation Failure) [PSYoungGen: 57439K->64K(69632K)] 59268K->1892K(244736K), 0,0005166 secs] [Times: user=0,00 sys=0,00, real=0,00 secs] 
44,083: [GC (Allocation Failure) [PSYoungGen: 69184K->96K(68096K)] 71012K->1924K(243200K), 0,0004832 secs] [Times: user=0,00 sys=0,00, real=0,00 secs] 
44,138: [GC (Allocation Failure) [PSYoungGen: 67680K->96K(66560K)] 69508K->1924K(241664K), 0,0004976 secs] [Times: user=0,00 sys=0,00, real=0,00 secs] 
44,192: [GC (Allocation Failure) [PSYoungGen: 66144K->96K(65024K)] 67972K->1924K(240128K), 0,0004709 secs] [Times: user=0,00 sys=0,00, real=0,00 secs] 
44,244: [GC (Allocation Failure) [PSYoungGen: 64608K->96K(63488K)] 66436K->1924K(238592K), 0,0004716 secs] [Times: user=0,00 sys=0,00, real=0,00 secs] 
44,295: [GC (Allocation Failure) [PSYoungGen: 63072K->96K(61952K)] 64900K->1924K(237056K), 0,0004986 secs] [Times: user=0,00 sys=0,00, real=0,00 secs] 
44,345: [GC (Allocation Failure) [PSYoungGen: 61536K->96K(60928K)] 63364K->1924K(236032K), 0,0004732 secs] [Times: user=0,01 sys=0,00, real=0,00 secs] 
44,395: [GC (Allocation Failure) [PSYoungGen: 60512K->96K(59904K)] 62340K->1924K(235008K), 0,0004690 secs] [Times: user=0,00 sys=0,00, real=0,00 secs] 
44,443: [GC (Allocation Failure) [PSYoungGen: 59488K->96K(58880K)] 61316K->1924K(233984K), 0,0004642 secs] [Times: user=0,00 sys=0,00, real=0,00 secs] 
44,491: [GC (Allocation Failure) [PSYoungGen: 58464K->64K(57856K)] 60292K->1892K(232960K), 0,0004776 secs] [Times: user=0,00 sys=0,00, real=0,00 secs] 
44,537: [GC (Allocation Failure) [PSYoungGen: 57408K->96K(56832K)] 59236K->1924K(231936K), 0,0004729 secs] [Times: user=0,00 sys=0,00, real=0,01 secs] 
44,584: [GC (Allocation Failure) [PSYoungGen: 56416K->32K(55808K)] 58244K->1860K(230912K), 0,0005558 secs] [Times: user=0,01 sys=0,00, real=0,00 secs] 
44,629: [GC (Allocation Failure) [PSYoungGen: 55328K->96K(54784K)] 57156K->1924K(229888K), 0,0004699 secs] [Times: user=0,00 sys=0,00, real=0,00 secs] 
44,673: [GC (Allocation Failure) [PSYoungGen: 54368K->96K(53760K)] 56196K->1924K(228864K), 0,0004646 secs] [Times: user=0,01 sys=0,00, real=0,00 secs] 
44,717: [GC (Allocation Failure) [PSYoungGen: 53344K->96K(52736K)] 55172K->1924K(227840K), 0,0004650 secs] [Times: user=0,00 sys=0,00, real=0,00 secs] 
44,759: [GC (Allocation Failure) [PSYoungGen: 52320K->96K(51712K)] 54148K->1924K(226816K), 0,0004861 secs] [Times: user=0,00 sys=0,00, real=0,00 secs] 
44,801: [GC (Allocation Failure) [PSYoungGen: 51296K->96K(50688K)] 53124K->1924K(225792K), 0,0004679 secs] [Times: user=0,00 sys=0,00, real=0,00 secs] 
44,842: [GC (Allocation Failure) [PSYoungGen: 50272K->96K(49664K)] 52100K->1924K(224768K), 0,0004067 secs] [Times: user=0,00 sys=0,00, real=0,00 secs] 
44,883: [GC (Allocation Failure) [PSYoungGen: 49248K->64K(59904K)] 51076K->1892K(235008K), 0,0004868 secs] [Times: user=0,00 sys=0,00, real=0,00 secs] 
44,931: [GC (Allocation Failure) [PSYoungGen: 59456K->96K(58880K)] 61284K->1924K(233984K), 0,0004686 secs] [Times: user=0,01 sys=0,00, real=0,00 secs] 
44,978: [GC (Allocation Failure) [PSYoungGen: 58464K->96K(57856K)] 60292K->1924K(232960K), 0,0004646 secs] [Times: user=0,00 sys=0,00, real=0,00 secs] 
45,025: [GC (Allocation Failure) [PSYoungGen: 57440K->96K(56832K)] 59268K->1924K(231936K), 0,0005022 secs] [Times: user=0,00 sys=0,00, real=0,00 secs] 
45,071: [GC (Allocation Failure) [PSYoungGen: 56416K->96K(55808K)] 58244K->1924K(230912K), 0,0004609 secs] [Times: user=0,00 sys=0,00, real=0,00 secs] 
45,116: [GC (Allocation Failure) [PSYoungGen: 55392K->64K(54784K)] 57220K->1892K(229888K), 0,0005072 secs] [Times: user=0,00 sys=0,00, real=0,00 secs] 
45,161: [GC (Allocation Failure) [PSYoungGen: 54336K->32K(53760K)] 56164K->1860K(228864K), 0,0004713 secs] [Times: user=0,00 sys=0,00, real=0,00 secs] 
45,204: [GC (Allocation Failure) [PSYoungGen: 53280K->64K(52736K)] 55108K->1892K(227840K), 0,0004978 secs] [Times: user=0,00 sys=0,00, real=0,00 secs] 
45,246: [GC (Allocation Failure) [PSYoungGen: 52288K->96K(63488K)] 54116K->1924K(238592K), 0,0005047 secs] [Times: user=0,00 sys=0,00, real=0,00 secs] 
45,298: [GC (Allocation Failure) [PSYoungGen: 63072K->96K(61952K)] 64900K->1924K(237056K), 0,0004605 secs] [Times: user=0,01 sys=0,00, real=0,00 secs] 
45,348: [GC (Allocation Failure) [PSYoungGen: 61536K->96K(60928K)] 63364K->1924K(236032K), 0,0004790 secs] [Times: user=0,01 sys=0,00, real=0,00 secs] 
45,397: [GC (Allocation Failure) [PSYoungGen: 60512K->64K(59904K)] 62340K->1892K(235008K), 0,0004706 secs] [Times: user=0,01 sys=0,00, real=0,01 secs] 
45,446: [GC (Allocation Failure) [PSYoungGen: 59456K->64K(72192K)] 61284K->1892K(247296K), 0,0009593 secs] [Times: user=0,01 sys=0,00, real=0,00 secs] 
45,506: [GC (Allocation Failure) [PSYoungGen: 71744K->96K(86528K)] 73572K->1924K(261632K), 0,0012972 secs] [Times: user=0,01 sys=0,00, real=0,00 secs] 
45,576: [GC (Allocation Failure) [PSYoungGen: 86112K->96K(84480K)] 87940K->1924K(259584K), 0,0005743 secs] [Times: user=0,01 sys=0,00, real=0,00 secs] 
45,646: [GC (Allocation Failure) [PSYoungGen: 84064K->96K(82432K)] 85892K->1924K(257536K), 0,0005787 secs] [Times: user=0,01 sys=0,00, real=0,00 secs] 
45,713: [GC (Allocation Failure) [PSYoungGen: 82016K->96K(80384K)] 83844K->1924K(255488K), 0,0005033 secs] [Times: user=0,00 sys=0,00, real=0,00 secs] 
45,778: [GC (Allocation Failure) [PSYoungGen: 79968K->64K(78336K)] 81796K->1892K(253440K), 0,0006965 secs] [Times: user=0,00 sys=0,00, real=0,00 secs] 
45,841: [GC (Allocation Failure) [PSYoungGen: 77888K->96K(76288K)] 79716K->1924K(251392K), 0,0005552 secs] [Times: user=0,00 sys=0,00, real=0,00 secs] 
45,903: [GC (Allocation Failure) [PSYoungGen: 75872K->96K(74752K)] 77700K->1924K(249856K), 0,0004913 secs] [Times: user=0,00 sys=0,00, real=0,00 secs] 
45,963: [GC (Allocation Failure) [PSYoungGen: 74336K->96K(73216K)] 76164K->1924K(248320K), 0,0005021 secs] [Times: user=0,00 sys=0,00, real=0,00 secs] 
46,022: [GC (Allocation Failure) [PSYoungGen: 72800K->96K(71680K)] 74628K->1924K(246784K), 0,0004912 secs] [Times: user=0,00 sys=0,00, real=0,00 secs] 
46,080: [GC (Allocation Failure) [PSYoungGen: 71264K->64K(70144K)] 73092K->1892K(245248K), 0,0004868 secs] [Times: user=0,00 sys=0,00, real=0,00 secs] 
46,137: [GC (Allocation Failure) [PSYoungGen: 69696K->96K(68608K)] 71524K->1924K(243712K), 0,0005357 secs] [Times: user=0,00 sys=0,00, real=0,00 secs] 
46,192: [GC (Allocation Failure) [PSYoungGen: 68192K->96K(67072K)] 70020K->1924K(242176K), 0,0005458 secs] [Times: user=0,00 sys=0,00, real=0,00 secs] 
46,246: [GC (Allocation Failure) [PSYoungGen: 66656K->96K(65536K)] 68484K->1924K(240640K), 0,0005846 secs] [Times: user=0,00 sys=0,00, real=0,00 secs] 
46,299: [GC (Allocation Failure) [PSYoungGen: 65120K->96K(64000K)] 66948K->1924K(239104K), 0,0005123 secs] [Times: user=0,00 sys=0,00, real=0,00 secs] 
46,350: [GC (Allocation Failure) [PSYoungGen: 63584K->96K(62464K)] 65412K->1924K(237568K), 0,0004748 secs] [Times: user=0,00 sys=0,01, real=0,00 secs] 
46,401: [GC (Allocation Failure) [PSYoungGen: 62048K->96K(61440K)] 63876K->1924K(236544K), 0,0004773 secs] [Times: user=0,01 sys=0,00, real=0,00 secs] 
46,450: [GC (Allocation Failure) [PSYoungGen: 61024K->96K(60416K)] 62852K->1924K(235520K), 0,0004718 secs] [Times: user=0,00 sys=0,00, real=0,00 secs] 
46,499: [GC (Allocation Failure) [PSYoungGen: 59999K->96K(59392K)] 61827K->1924K(234496K), 0,0004808 secs] [Times: user=0,00 sys=0,00, real=0,00 secs] 
46,547: [GC (Allocation Failure) [PSYoungGen: 58976K->96K(58368K)] 60804K->1924K(233472K), 0,0004766 secs] [Times: user=0,00 sys=0,00, real=0,00 secs] 
46,594: [GC (Allocation Failure) [PSYoungGen: 57952K->96K(57344K)] 59780K->1924K(232448K), 0,0004823 secs] [Times: user=0,00 sys=0,00, real=0,00 secs] 
46,641: [GC (Allocation Failure) [PSYoungGen: 56928K->96K(56320K)] 58756K->1924K(231424K), 0,0004745 secs] [Times: user=0,00 sys=0,00, real=0,00 secs] 
46,686: [GC (Allocation Failure) [PSYoungGen: 55904K->64K(55296K)] 57732K->1892K(230400K), 0,0005030 secs] [Times: user=0,00 sys=0,00, real=0,00 secs] 
46,730: [GC (Allocation Failure) [PSYoungGen: 54848K->96K(54272K)] 56676K->1924K(229376K), 0,0004712 secs] [Times: user=0,00 sys=0,00, real=0,00 secs] 
46,774: [GC (Allocation Failure) [PSYoungGen: 53856K->96K(53248K)] 55684K->1924K(228352K), 0,0004618 secs] [Times: user=0,00 sys=0,00, real=0,00 secs] 
46,817: [GC (Allocation Failure) [PSYoungGen: 52832K->96K(52224K)] 54660K->1924K(227328K), 0,0004887 secs] [Times: user=0,00 sys=0,00, real=0,00 secs] 
46,859: [GC (Allocation Failure) [PSYoungGen: 51808K->64K(51200K)] 53636K->1892K(226304K), 0,0004681 secs] [Times: user=0,00 sys=0,00, real=0,00 secs] 
46,900: [GC (Allocation Failure) [PSYoungGen: 50752K->96K(50176K)] 52580K->1924K(225280K), 0,0003881 secs] [Times: user=0,00 sys=0,00, real=0,00 secs] 
46,941: [GC (Allocation Failure) [PSYoungGen: 49760K->96K(49152K)] 51588K->1924K(224256K), 0,0003997 secs] [Times: user=0,00 sys=0,00, real=0,00 secs] 
46,980: [GC (Allocation Failure) [PSYoungGen: 48736K->96K(48128K)] 50564K->1924K(223232K), 0,0004693 secs] [Times: user=0,00 sys=0,00, real=0,00 secs] 
47,019: [GC (Allocation Failure) [PSYoungGen: 47712K->96K(47616K)] 49540K->1924K(222720K), 0,0003811 secs] [Times: user=0,00 sys=0,00, real=0,00 secs] 
47,057: [GC (Allocation Failure) [PSYoungGen: 47200K->96K(47104K)] 49028K->1924K(222208K), 0,0003754 secs] [Times: user=0,00 sys=0,00, real=0,01 secs] 
47,096: [GC (Allocation Failure) [PSYoungGen: 46688K->96K(46592K)] 48516K->1924K(221696K), 0,0003953 secs] [Times: user=0,01 sys=0,00, real=0,00 secs] 
47,133: [GC (Allocation Failure) [PSYoungGen: 46176K->64K(46080K)] 48004K->1892K(221184K), 0,0004679 secs] [Times: user=0,00 sys=0,00, real=0,00 secs] 
47,170: [GC (Allocation Failure) [PSYoungGen: 45632K->32K(55296K)] 47460K->1860K(230400K), 0,0004884 secs] [Times: user=0,00 sys=0,00, real=0,00 secs] 
47,215: [GC (Allocation Failure) [PSYoungGen: 54816K->96K(66560K)] 56644K->1924K(241664K), 0,0005032 secs] [Times: user=0,01 sys=0,00, real=0,00 secs] 
47,269: [GC (Allocation Failure) [PSYoungGen: 66144K->96K(65024K)] 67972K->1924K(240128K), 0,0004766 secs] [Times: user=0,00 sys=0,00, real=0,00 secs] 
47,321: [GC (Allocation Failure) [PSYoungGen: 64608K->96K(63488K)] 66436K->1924K(238592K), 0,0004796 secs] [Times: user=0,00 sys=0,00, real=0,00 secs] 
47,372: [GC (Allocation Failure) [PSYoungGen: 63072K->96K(61952K)] 64900K->1924K(237056K), 0,0004792 secs] [Times: user=0,00 sys=0,00, real=0,00 secs] 
47,422: [GC (Allocation Failure) [PSYoungGen: 61536K->96K(60928K)] 63364K->1924K(236032K), 0,0004820 secs] [Times: user=0,00 sys=0,00, real=0,00 secs] 
47,471: [GC (Allocation Failure) [PSYoungGen: 60512K->96K(59904K)] 62340K->1924K(235008K), 0,0004752 secs] [Times: user=0,00 sys=0,00, real=0,00 secs] 
47,520: [GC (Allocation Failure) [PSYoungGen: 59488K->96K(58880K)] 61316K->1924K(233984K), 0,0005052 secs] [Times: user=0,00 sys=0,00, real=0,00 secs] 
47,568: [GC (Allocation Failure) [PSYoungGen: 58464K->64K(57856K)] 60292K->1892K(232960K), 0,0004865 secs] [Times: user=0,00 sys=0,00, real=0,00 secs] 
47,615: [GC (Allocation Failure) [PSYoungGen: 57407K->96K(56832K)] 59235K->1924K(231936K), 0,0004920 secs] [Times: user=0,00 sys=0,00, real=0,00 secs] 
47,661: [GC (Allocation Failure) [PSYoungGen: 56416K->64K(55808K)] 58244K->1892K(230912K), 0,0004774 secs] [Times: user=0,00 sys=0,00, real=0,00 secs] 
47,706: [GC (Allocation Failure) [PSYoungGen: 55360K->64K(54784K)] 57188K->1892K(229888K), 0,0004675 secs] [Times: user=0,00 sys=0,00, real=0,00 secs] 
47,750: [GC (Allocation Failure) [PSYoungGen: 54336K->64K(53760K)] 56164K->1892K(228864K), 0,0004683 secs] [Times: user=0,00 sys=0,00, real=0,00 secs] 
47,793: [GC (Allocation Failure) [PSYoungGen: 53312K->96K(52736K)] 55140K->1924K(227840K), 0,0005091 secs] [Times: user=0,00 sys=0,00, real=0,00 secs] 
47,836: [GC (Allocation Failure) [PSYoungGen: 52320K->64K(51712K)] 54148K->1892K(226816K), 0,0004856 secs] [Times: user=0,00 sys=0,00, real=0,00 secs] 
47,878: [GC (Allocation Failure) [PSYoungGen: 51264K->64K(61952K)] 53092K->1892K(237056K), 0,0005199 secs] [Times: user=0,00 sys=0,00, real=0,00 secs] 
47,928: [GC (Allocation Failure) [PSYoungGen: 61504K->96K(60928K)] 63332K->1924K(236032K), 0,0004239 secs] [Times: user=0,00 sys=0,00, real=0,00 secs] 
47,977: [GC (Allocation Failure) [PSYoungGen: 60512K->64K(59904K)] 62340K->1892K(235008K), 0,0004859 secs] [Times: user=0,00 sys=0,00, real=0,01 secs] 
48,025: [GC (Allocation Failure) [PSYoungGen: 59456K->64K(58880K)] 61284K->1892K(233984K), 0,0004786 secs] [Times: user=0,00 sys=0,00, real=0,00 secs] 
48,073: [GC (Allocation Failure) [PSYoungGen: 58432K->96K(57856K)] 60260K->1924K(232960K), 0,0004763 secs] [Times: user=0,00 sys=0,00, real=0,00 secs] 
48,119: [GC (Allocation Failure) [PSYoungGen: 57440K->96K(56832K)] 59268K->1924K(231936K), 0,0005123 secs] [Times: user=0,00 sys=0,00, real=0,00 secs] 
48,166: [GC (Allocation Failure) [PSYoungGen: 56416K->64K(55808K)] 58244K->1892K(230912K), 0,0004836 secs] [Times: user=0,00 sys=0,00, real=0,00 secs] 
48,210: [GC (Allocation Failure) [PSYoungGen: 55360K->96K(67072K)] 57188K->1924K(242176K), 0,0009217 secs] [Times: user=0,00 sys=0,00, real=0,00 secs] 
48,265: [GC (Allocation Failure) [PSYoungGen: 66656K->96K(80384K)] 68484K->1924K(255488K), 0,0004928 secs] [Times: user=0,00 sys=0,00, real=0,00 secs] 
48,330: [GC (Allocation Failure) [PSYoungGen: 79968K->64K(96768K)] 81796K->1892K(271872K), 0,0006657 secs] [Times: user=0,00 sys=0,00, real=0,00 secs] 
48,408: [GC (Allocation Failure) [PSYoungGen: 96320K->32K(116224K)] 98148K->1860K(291328K), 0,0010414 secs] [Times: user=0,00 sys=0,00, real=0,00 secs] 
48,502: [GC (Allocation Failure) [PSYoungGen: 115744K->96K(112640K)] 117572K->1924K(287744K), 0,0004965 secs] [Times: user=0,00 sys=0,00, real=0,00 secs] 
48,594: [GC (Allocation Failure) [PSYoungGen: 112224K->96K(109568K)] 114052K->1924K(284672K), 0,0005243 secs] [Times: user=0,01 sys=0,00, real=0,00 secs] 
48,682: [GC (Allocation Failure) [PSYoungGen: 109152K->32K(106496K)] 110980K->1860K(281600K), 0,0005874 secs] [Times: user=0,00 sys=0,00, real=0,00 secs] 
48,767: [GC (Allocation Failure) [PSYoungGen: 106016K->64K(103424K)] 107844K->1892K(278528K), 0,0004991 secs] [Times: user=0,00 sys=0,00, real=0,00 secs] 
48,851: [GC (Allocation Failure) [PSYoungGen: 102976K->96K(100352K)] 104804K->1924K(275456K), 0,0005123 secs] [Times: user=0,00 sys=0,00, real=0,00 secs] 
48,932: [GC (Allocation Failure) [PSYoungGen: 99936K->64K(97792K)] 101764K->1892K(272896K), 0,0005472 secs] [Times: user=0,01 sys=0,00, real=0,00 secs] 
49,011: [GC (Allocation Failure) [PSYoungGen: 97344K->96K(95232K)] 99172K->1924K(270336K), 0,0004836 secs] [Times: user=0,00 sys=0,00, real=0,00 secs] 
49,088: [GC (Allocation Failure) [PSYoungGen: 94816K->96K(92672K)] 96644K->1924K(267776K), 0,0005585 secs] [Times: user=0,00 sys=0,00, real=0,00 secs] 
49,163: [GC (Allocation Failure) [PSYoungGen: 92256K->96K(90112K)] 94084K->1924K(265216K), 0,0005062 secs] [Times: user=0,00 sys=0,00, real=0,00 secs] 
49,236: [GC (Allocation Failure) [PSYoungGen: 89696K->96K(87552K)] 91524K->1924K(262656K), 0,0004978 secs] [Times: user=0,00 sys=0,00, real=0,00 secs] 
49,306: [GC (Allocation Failure) [PSYoungGen: 87136K->96K(85504K)] 88964K->1924K(260608K), 0,0005062 secs] [Times: user=0,00 sys=0,00, real=0,00 secs] 
49,375: [GC (Allocation Failure) [PSYoungGen: 85088K->96K(83456K)] 86916K->1924K(258560K), 0,0005017 secs] [Times: user=0,00 sys=0,00, real=0,00 secs] 
49,443: [GC (Allocation Failure) [PSYoungGen: 83040K->96K(81408K)] 84868K->1924K(256512K), 0,0004834 secs] [Times: user=0,00 sys=0,00, real=0,00 secs] 
49,508: [GC (Allocation Failure) [PSYoungGen: 80992K->96K(79360K)] 82820K->1924K(254464K), 0,0004892 secs] [Times: user=0,00 sys=0,00, real=0,00 secs] 
49,572: [GC (Allocation Failure) [PSYoungGen: 78944K->64K(77312K)] 80772K->1892K(252416K), 0,0004869 secs] [Times: user=0,00 sys=0,00, real=0,00 secs] 
49,635: [GC (Allocation Failure) [PSYoungGen: 76864K->64K(75264K)] 78692K->1892K(250368K), 0,0004996 secs] [Times: user=0,00 sys=0,00, real=0,00 secs] 
49,696: [GC (Allocation Failure) [PSYoungGen: 74816K->96K(73728K)] 76644K->1924K(248832K), 0,0004844 secs] [Times: user=0,00 sys=0,00, real=0,00 secs] 
49,755: [GC (Allocation Failure) [PSYoungGen: 73312K->96K(72192K)] 75140K->1924K(247296K), 0,0004850 secs] [Times: user=0,00 sys=0,00, real=0,00 secs] 
49,813: [GC (Allocation Failure) [PSYoungGen: 71776K->96K(70656K)] 73604K->1924K(245760K), 0,0006085 secs] [Times: user=0,00 sys=0,00, real=0,00 secs] 
49,870: [GC (Allocation Failure) [PSYoungGen: 70240K->64K(69120K)] 72068K->1892K(244224K), 0,0004929 secs] [Times: user=0,00 sys=0,00, real=0,00 secs] 
49,926: [GC (Allocation Failure) [PSYoungGen: 68672K->96K(67584K)] 70500K->1924K(242688K), 0,0004896 secs] [Times: user=0,01 sys=0,00, real=0,00 secs] 
49,981: [GC (Allocation Failure) [PSYoungGen: 67168K->96K(66048K)] 68996K->1924K(241152K), 0,0005440 secs] [Times: user=0,00 sys=0,00, real=0,00 secs] 
50,034: [GC (Allocation Failure) [PSYoungGen: 65632K->96K(64512K)] 67460K->1924K(239616K), 0,0004734 secs] [Times: user=0,00 sys=0,00, real=0,00 secs] 
50,086: [GC (Allocation Failure) [PSYoungGen: 64096K->96K(62976K)] 65924K->1924K(238080K), 0,0004749 secs] [Times: user=0,00 sys=0,00, real=0,00 secs] 
50,138: [GC (Allocation Failure) [PSYoungGen: 62560K->64K(61952K)] 64388K->1892K(237056K), 0,0005279 secs] [Times: user=0,00 sys=0,00, real=0,00 secs] 
50,187: [GC (Allocation Failure) [PSYoungGen: 61504K->96K(60928K)] 63332K->1924K(236032K), 0,0004864 secs] [Times: user=0,00 sys=0,00, real=0,00 secs] 
50,237: [GC (Allocation Failure) [PSYoungGen: 60512K->96K(59904K)] 62340K->1924K(235008K), 0,0005051 secs] [Times: user=0,00 sys=0,00, real=0,00 secs] 
50,285: [GC (Allocation Failure) [PSYoungGen: 59488K->96K(58880K)] 61316K->1924K(233984K), 0,0006105 secs] [Times: user=0,00 sys=0,00, real=0,00 secs] 
50,333: [GC (Allocation Failure) [PSYoungGen: 58464K->96K(57856K)] 60292K->1948K(232960K), 0,0004903 secs] [Times: user=0,00 sys=0,00, real=0,00 secs] 
50,380: [GC (Allocation Failure) [PSYoungGen: 57440K->96K(56832K)] 59292K->1948K(231936K), 0,0004871 secs] [Times: user=0,00 sys=0,00, real=0,00 secs] 
50,426: [GC (Allocation Failure) [PSYoungGen: 56416K->64K(55808K)] 58268K->1916K(230912K), 0,0004843 secs] [Times: user=0,00 sys=0,00, real=0,00 secs] 
50,471: [GC (Allocation Failure) [PSYoungGen: 55360K->96K(54784K)] 57212K->1948K(229888K), 0,0004844 secs] [Times: user=0,00 sys=0,00, real=0,00 secs] 
50,515: [GC (Allocation Failure) [PSYoungGen: 54368K->96K(53760K)] 56220K->1948K(228864K), 0,0004778 secs] [Times: user=0,00 sys=0,00, real=0,00 secs] 
50,559: [GC (Allocation Failure) [PSYoungGen: 53344K->96K(52736K)] 55196K->1948K(227840K), 0,0003838 secs] [Times: user=0,00 sys=0,00, real=0,00 secs] 
50,602: [GC (Allocation Failure) [PSYoungGen: 52319K->96K(51712K)] 54171K->1948K(226816K), 0,0005389 secs] [Times: user=0,01 sys=0,00, real=0,00 secs] 
50,644: [GC (Allocation Failure) [PSYoungGen: 51296K->96K(50688K)] 53148K->1948K(225792K), 0,0004821 secs] [Times: user=0,00 sys=0,00, real=0,00 secs] 
50,685: [GC (Allocation Failure) [PSYoungGen: 50272K->32K(60928K)] 52124K->1884K(236032K), 0,0004791 secs] [Times: user=0,00 sys=0,00, real=0,00 secs] 
50,734: [GC (Allocation Failure) [PSYoungGen: 60448K->96K(59904K)] 62300K->1948K(235008K), 0,0004625 secs] [Times: user=0,00 sys=0,00, real=0,00 secs] 
50,782: [GC (Allocation Failure) [PSYoungGen: 59488K->64K(58880K)] 61340K->1916K(233984K), 0,0004980 secs] [Times: user=0,00 sys=0,00, real=0,00 secs] 
50,830: [GC (Allocation Failure) [PSYoungGen: 58432K->96K(57856K)] 60284K->1948K(232960K), 0,0004900 secs] [Times: user=0,01 sys=0,00, real=0,00 secs] 
50,876: [GC (Allocation Failure) [PSYoungGen: 57440K->96K(56832K)] 59292K->1948K(231936K), 0,0004585 secs] [Times: user=0,00 sys=0,00, real=0,00 secs] 
50,922: [GC (Allocation Failure) [PSYoungGen: 56416K->64K(55808K)] 58268K->1916K(230912K), 0,0005033 secs] [Times: user=0,00 sys=0,00, real=0,00 secs] 
50,968: [GC (Allocation Failure) [PSYoungGen: 55360K->96K(54784K)] 57212K->1948K(229888K), 0,0004656 secs] [Times: user=0,00 sys=0,00, real=0,00 secs] 
51,012: [GC (Allocation Failure) [PSYoungGen: 54368K->64K(53760K)] 56220K->1916K(228864K), 0,0004731 secs] [Times: user=0,00 sys=0,00, real=0,00 secs] 
51,055: [GC (Allocation Failure) [PSYoungGen: 53312K->32K(52736K)] 55164K->1884K(227840K), 0,0004674 secs] [Times: user=0,00 sys=0,00, real=0,00 secs] 
51,098: [GC (Allocation Failure) [PSYoungGen: 52256K->96K(51712K)] 54108K->1948K(226816K), 0,0004851 secs] [Times: user=0,01 sys=0,00, real=0,00 secs] 
51,140: [GC (Allocation Failure) [PSYoungGen: 51296K->96K(50688K)] 53148K->1948K(225792K), 0,0004719 secs] [Times: user=0,00 sys=0,00, real=0,00 secs] 
51,181: [GC (Allocation Failure) [PSYoungGen: 50272K->96K(60928K)] 52124K->1948K(236032K), 0,0004730 secs] [Times: user=0,00 sys=0,00, real=0,00 secs] 
51,230: [GC (Allocation Failure) [PSYoungGen: 60512K->96K(59904K)] 62364K->1948K(235008K), 0,0004833 secs] [Times: user=0,00 sys=0,00, real=0,00 secs] 
51,278: [GC (Allocation Failure) [PSYoungGen: 59488K->96K(58880K)] 61340K->1948K(233984K), 0,0004367 secs] [Times: user=0,00 sys=0,00, real=0,00 secs] 
51,326: [GC (Allocation Failure) [PSYoungGen: 58464K->64K(57856K)] 60316K->1916K(232960K), 0,0005556 secs] [Times: user=0,01 sys=0,00, real=0,00 secs] 
51,373: [GC (Allocation Failure) [PSYoungGen: 57408K->64K(56832K)] 59260K->1916K(231936K), 0,0004789 secs] [Times: user=0,00 sys=0,00, real=0,00 secs] 
51,419: [GC (Allocation Failure) [PSYoungGen: 56384K->96K(55808K)] 58236K->1948K(230912K), 0,0004826 secs] [Times: user=0,00 sys=0,00, real=0,00 secs] 
51,464: [GC (Allocation Failure) [PSYoungGen: 55392K->64K(54784K)] 57244K->1916K(229888K), 0,0004766 secs] [Times: user=0,00 sys=0,00, real=0,00 secs] 
51,508: [GC (Allocation Failure) [PSYoungGen: 54336K->32K(66048K)] 56188K->1884K(241152K), 0,0005752 secs] [Times: user=0,00 sys=0,00, real=0,00 secs] 
51,561: [GC (Allocation Failure) [PSYoungGen: 65568K->96K(64512K)] 67420K->1948K(239616K), 0,0004746 secs] [Times: user=0,00 sys=0,00, real=0,00 secs] 
51,614: [GC (Allocation Failure) [PSYoungGen: 64096K->96K(62976K)] 65948K->1948K(238080K), 0,0005620 secs] [Times: user=0,01 sys=0,00, real=0,00 secs] 
51,665: [GC (Allocation Failure) [PSYoungGen: 62560K->64K(61952K)] 64412K->1916K(237056K), 0,0004797 secs] [Times: user=0,00 sys=0,00, real=0,00 secs] 
51,715: [GC (Allocation Failure) [PSYoungGen: 61504K->96K(60928K)] 63356K->1948K(236032K), 0,0004884 secs] [Times: user=0,00 sys=0,00, real=0,00 secs] 
51,764: [GC (Allocation Failure) [PSYoungGen: 60512K->64K(59904K)] 62364K->1916K(235008K), 0,0004689 secs] [Times: user=0,00 sys=0,00, real=0,00 secs] 
51,813: [GC (Allocation Failure) [PSYoungGen: 59456K->96K(58880K)] 61308K->1948K(233984K), 0,0004951 secs] [Times: user=0,01 sys=0,00, real=0,00 secs] 
51,860: [GC (Allocation Failure) [PSYoungGen: 58464K->96K(57856K)] 60316K->1948K(232960K), 0,0004817 secs] [Times: user=0,00 sys=0,00, real=0,00 secs] 
51,907: [GC (Allocation Failure) [PSYoungGen: 57440K->96K(56832K)] 59292K->1948K(231936K), 0,0004825 secs] [Times: user=0,00 sys=0,00, real=0,01 secs] 
51,953: [GC (Allocation Failure) [PSYoungGen: 56416K->32K(55808K)] 58268K->1884K(230912K), 0,0004795 secs] [Times: user=0,00 sys=0,00, real=0,00 secs] 
51,998: [GC (Allocation Failure) [PSYoungGen: 55328K->64K(54784K)] 57180K->1916K(229888K), 0,0004653 secs] [Times: user=0,00 sys=0,00, real=0,00 secs] 
52,043: [GC (Allocation Failure) [PSYoungGen: 54336K->128K(53760K)] 56188K->1980K(228864K), 0,0004739 secs] [Times: user=0,00 sys=0,00, real=0,00 secs] 
52,086: [GC (Allocation Failure) [PSYoungGen: 53376K->96K(52736K)] 55228K->1948K(227840K), 0,0003922 secs] [Times: user=0,00 sys=0,00, real=0,00 secs] 
52,129: [GC (Allocation Failure) [PSYoungGen: 52320K->32K(51712K)] 54172K->1884K(226816K), 0,0005622 secs] [Times: user=0,00 sys=0,00, real=0,00 secs] 
52,170: [GC (Allocation Failure) [PSYoungGen: 51232K->96K(50688K)] 53084K->1948K(225792K), 0,0004687 secs] [Times: user=0,01 sys=0,00, real=0,00 secs] 
52,211: [GC (Allocation Failure) [PSYoungGen: 50272K->96K(49664K)] 52124K->1948K(224768K), 0,0004464 secs] [Times: user=0,00 sys=0,00, real=0,00 secs] 
52,251: [GC (Allocation Failure) [PSYoungGen: 49248K->64K(48640K)] 51100K->1916K(223744K), 0,0003856 secs] [Times: user=0,00 sys=0,00, real=0,00 secs] 
52,291: [GC (Allocation Failure) [PSYoungGen: 48192K->64K(48128K)] 50044K->1916K(223232K), 0,0004658 secs] [Times: user=0,00 sys=0,00, real=0,00 secs] 
52,329: [GC (Allocation Failure) [PSYoungGen: 47680K->96K(47616K)] 49532K->1948K(222720K), 0,0003737 secs] [Times: user=0,00 sys=0,00, real=0,00 secs] 
52,368: [GC (Allocation Failure) [PSYoungGen: 47200K->96K(47104K)] 49052K->1948K(222208K), 0,0003822 secs] [Times: user=0,00 sys=0,00, real=0,00 secs] 
52,406: [GC (Allocation Failure) [PSYoungGen: 46688K->128K(56832K)] 48540K->1980K(231936K), 0,0005115 secs] [Times: user=0,00 sys=0,00, real=0,00 secs] 
52,451: [GC (Allocation Failure) [PSYoungGen: 56448K->96K(68096K)] 58300K->1948K(243200K), 0,0004665 secs] [Times: user=0,00 sys=0,00, real=0,00 secs] 
52,506: [GC (Allocation Failure) [PSYoungGen: 67680K->128K(66560K)] 69532K->1980K(241664K), 0,0005153 secs] [Times: user=0,00 sys=0,00, real=0,00 secs] 
52,560: [GC (Allocation Failure) [PSYoungGen: 66176K->96K(65024K)] 68028K->1948K(240128K), 0,0004901 secs] [Times: user=0,00 sys=0,00, real=0,00 secs] 
52,613: [GC (Allocation Failure) [PSYoungGen: 64608K->64K(63488K)] 66460K->1916K(238592K), 0,0004825 secs] [Times: user=0,00 sys=0,00, real=0,00 secs] 
52,664: [GC (Allocation Failure) [PSYoungGen: 63040K->96K(61952K)] 64892K->1948K(237056K), 0,0004642 secs] [Times: user=0,00 sys=0,00, real=0,00 secs] 
52,714: [GC (Allocation Failure) [PSYoungGen: 61536K->96K(60928K)] 63388K->1948K(236032K), 0,0004954 secs] [Times: user=0,00 sys=0,00, real=0,00 secs] 
52,763: [GC (Allocation Failure) [PSYoungGen: 60512K->64K(59904K)] 62364K->1916K(235008K), 0,0004724 secs] [Times: user=0,00 sys=0,00, real=0,00 secs] 
52,812: [GC (Allocation Failure) [PSYoungGen: 59456K->96K(58880K)] 61308K->1948K(233984K), 0,0004754 secs] [Times: user=0,00 sys=0,00, real=0,00 secs] 
52,859: [GC (Allocation Failure) [PSYoungGen: 58464K->96K(57856K)] 60316K->1948K(232960K), 0,0004726 secs] [Times: user=0,00 sys=0,00, real=0,00 secs] 
52,906: [GC (Allocation Failure) [PSYoungGen: 57440K->96K(56832K)] 59292K->1948K(231936K), 0,0004247 secs] [Times: user=0,00 sys=0,00, real=0,00 secs] 
52,952: [GC (Allocation Failure) [PSYoungGen: 56416K->32K(55808K)] 58268K->1884K(230912K), 0,0004683 secs] [Times: user=0,00 sys=0,00, real=0,00 secs] 
52,997: [GC (Allocation Failure) [PSYoungGen: 55328K->96K(54784K)] 57180K->1948K(229888K), 0,0005361 secs] [Times: user=0,00 sys=0,00, real=0,00 secs] 
53,042: [GC (Allocation Failure) [PSYoungGen: 54368K->64K(53760K)] 56220K->1916K(228864K), 0,0004600 secs] [Times: user=0,00 sys=0,00, real=0,00 secs] 
53,085: [GC (Allocation Failure) [PSYoungGen: 53312K->96K(52736K)] 55164K->1948K(227840K), 0,0003797 secs] [Times: user=0,00 sys=0,00, real=0,00 secs] 
53,128: [GC (Allocation Failure) [PSYoungGen: 52320K->96K(51712K)] 54172K->1948K(226816K), 0,0004734 secs] [Times: user=0,00 sys=0,00, real=0,00 secs] 
53,170: [GC (Allocation Failure) [PSYoungGen: 51296K->64K(50688K)] 53148K->1916K(225792K), 0,0004727 secs] [Times: user=0,00 sys=0,00, real=0,00 secs] 
53,211: [GC (Allocation Failure) [PSYoungGen: 50240K->96K(49664K)] 52092K->1948K(224768K), 0,0004612 secs] [Times: user=0,00 sys=0,00, real=0,00 secs] 
53,251: [GC (Allocation Failure) [PSYoungGen: 49248K->96K(48640K)] 51100K->1948K(223744K), 0,0003663 secs] [Times: user=0,00 sys=0,00, real=0,00 secs] 
53,290: [GC (Allocation Failure) [PSYoungGen: 48224K->96K(48128K)] 50076K->1948K(223232K), 0,0003801 secs] [Times: user=0,00 sys=0,00, real=0,00 secs] 
53,329: [GC (Allocation Failure) [PSYoungGen: 47712K->96K(47616K)] 49564K->1948K(222720K), 0,0003688 secs] [Times: user=0,00 sys=0,00, real=0,00 secs] 
53,368: [GC (Allocation Failure) [PSYoungGen: 47200K->96K(47104K)] 49052K->1948K(222208K), 0,0003724 secs] [Times: user=0,00 sys=0,00, real=0,00 secs] 
53,406: [GC (Allocation Failure) [PSYoungGen: 46688K->96K(46592K)] 48540K->1948K(221696K), 0,0003788 secs] [Times: user=0,00 sys=0,00, real=0,00 secs] 
53,443: [GC (Allocation Failure) [PSYoungGen: 46176K->96K(46080K)] 48028K->1948K(221184K), 0,0003695 secs] [Times: user=0,00 sys=0,00, real=0,00 secs] 
53,480: [GC (Allocation Failure) [PSYoungGen: 45664K->96K(45568K)] 47516K->1948K(220672K), 0,0003666 secs] [Times: user=0,00 sys=0,00, real=0,00 secs] 
53,517: [GC (Allocation Failure) [PSYoungGen: 45152K->96K(45056K)] 47004K->1948K(220160K), 0,0004063 secs] [Times: user=0,00 sys=0,00, real=0,01 secs] 
53,553: [GC (Allocation Failure) [PSYoungGen: 44640K->96K(44544K)] 46492K->1948K(219648K), 0,0003744 secs] [Times: user=0,00 sys=0,00, real=0,00 secs] 
53,596: [GC (Allocation Failure) [PSYoungGen: 44128K->64K(44032K)] 45980K->1916K(219136K), 0,0004594 secs] [Times: user=0,00 sys=0,00, real=0,00 secs] 
53,633: [GC (Allocation Failure) [PSYoungGen: 43584K->64K(52736K)] 45436K->1916K(227840K), 0,0004925 secs] [Times: user=0,00 sys=0,00, real=0,00 secs] 
53,675: [GC (Allocation Failure) [PSYoungGen: 52288K->32K(63488K)] 54140K->1884K(238592K), 0,0004791 secs] [Times: user=0,00 sys=0,00, real=0,00 secs] 
53,726: [GC (Allocation Failure) [PSYoungGen: 63008K->64K(61952K)] 64860K->1916K(237056K), 0,0004803 secs] [Times: user=0,00 sys=0,00, real=0,00 secs] 
53,776: [GC (Allocation Failure) [PSYoungGen: 61504K->96K(60928K)] 63356K->1948K(236032K), 0,0004634 secs] [Times: user=0,00 sys=0,00, real=0,00 secs] 
53,826: [GC (Allocation Failure) [PSYoungGen: 60512K->96K(59904K)] 62364K->1948K(235008K), 0,0005326 secs] [Times: user=0,00 sys=0,00, real=0,00 secs] 
53,874: [GC (Allocation Failure) [PSYoungGen: 59488K->96K(58880K)] 61340K->1948K(233984K), 0,0004751 secs] [Times: user=0,00 sys=0,00, real=0,00 secs] 
53,922: [GC (Allocation Failure) [PSYoungGen: 58464K->96K(57856K)] 60316K->1948K(232960K), 0,0004569 secs] [Times: user=0,00 sys=0,00, real=0,00 secs] 
53,968: [GC (Allocation Failure) [PSYoungGen: 57440K->96K(56832K)] 59292K->1948K(231936K), 0,0004619 secs] [Times: user=0,00 sys=0,00, real=0,00 secs] 
54,014: [GC (Allocation Failure) [PSYoungGen: 56416K->96K(55808K)] 58268K->1948K(230912K), 0,0004690 secs] [Times: user=0,00 sys=0,00, real=0,00 secs] 
54,059: [GC (Allocation Failure) [PSYoungGen: 55392K->96K(54784K)] 57244K->1948K(229888K), 0,0004655 secs] [Times: user=0,00 sys=0,00, real=0,00 secs] 
54,103: [GC (Allocation Failure) [PSYoungGen: 54368K->96K(53760K)] 56220K->1948K(228864K), 0,0004907 secs] [Times: user=0,00 sys=0,00, real=0,00 secs] 
54,147: [GC (Allocation Failure) [PSYoungGen: 53344K->96K(52736K)] 55196K->1948K(227840K), 0,0004469 secs] [Times: user=0,00 sys=0,00, real=0,01 secs] 
54,189: [GC (Allocation Failure) [PSYoungGen: 52320K->128K(51712K)] 54172K->1980K(226816K), 0,0004669 secs] [Times: user=0,00 sys=0,00, real=0,00 secs] 
54,231: [GC (Allocation Failure) [PSYoungGen: 51328K->64K(50688K)] 53180K->1916K(225792K), 0,0004661 secs] [Times: user=0,00 sys=0,00, real=0,00 secs] 
54,272: [GC (Allocation Failure) [PSYoungGen: 50240K->96K(60928K)] 52092K->1948K(236032K), 0,0004781 secs] [Times: user=0,00 sys=0,00, real=0,00 secs] 
54,321: [GC (Allocation Failure) [PSYoungGen: 60512K->32K(59904K)] 62364K->1884K(235008K), 0,0005010 secs] [Times: user=0,00 sys=0,00, real=0,00 secs] 
54,369: [GC (Allocation Failure) [PSYoungGen: 59424K->96K(58880K)] 61276K->1948K(233984K), 0,0004726 secs] [Times: user=0,00 sys=0,00, real=0,00 secs] 
54,417: [GC (Allocation Failure) [PSYoungGen: 58464K->96K(57856K)] 60316K->1948K(232960K), 0,0004946 secs] [Times: user=0,00 sys=0,01, real=0,01 secs] 
54,464: [GC (Allocation Failure) [PSYoungGen: 57440K->64K(69632K)] 59292K->1916K(244736K), 0,0006964 secs] [Times: user=0,01 sys=0,00, real=0,00 secs] 
54,520: [GC (Allocation Failure) [PSYoungGen: 69184K->64K(68096K)] 71036K->1916K(243200K), 0,0004792 secs] [Times: user=0,00 sys=0,00, real=0,00 secs] 
54,576: [GC (Allocation Failure) [PSYoungGen: 67648K->96K(66560K)] 69500K->1948K(241664K), 0,0004805 secs] [Times: user=0,00 sys=0,00, real=0,00 secs] 
54,630: [GC (Allocation Failure) [PSYoungGen: 66144K->96K(65024K)] 67996K->1948K(240128K), 0,0005000 secs] [Times: user=0,00 sys=0,00, real=0,00 secs] 
54,683: [GC (Allocation Failure) [PSYoungGen: 64608K->64K(63488K)] 66460K->1916K(238592K), 0,0004978 secs] [Times: user=0,00 sys=0,00, real=0,00 secs] 
54,734: [GC (Allocation Failure) [PSYoungGen: 63040K->64K(61952K)] 64892K->1916K(237056K), 0,0005057 secs] [Times: user=0,00 sys=0,00, real=0,00 secs] 
54,785: [GC (Allocation Failure) [PSYoungGen: 61504K->96K(60928K)] 63356K->1948K(236032K), 0,0004822 secs] [Times: user=0,00 sys=0,00, real=0,00 secs] 
54,839: [GC (Allocation Failure) [PSYoungGen: 60512K->96K(59904K)] 62364K->1948K(235008K), 0,0004959 secs] [Times: user=0,00 sys=0,00, real=0,00 secs] 
54,888: [GC (Allocation Failure) [PSYoungGen: 59488K->64K(58880K)] 61340K->1916K(233984K), 0,0004722 secs] [Times: user=0,00 sys=0,00, real=0,00 secs] 
54,936: [GC (Allocation Failure) [PSYoungGen: 58432K->96K(57856K)] 60284K->1948K(232960K), 0,0004744 secs] [Times: user=0,00 sys=0,00, real=0,00 secs] 
54,982: [GC (Allocation Failure) [PSYoungGen: 57440K->96K(56832K)] 59292K->1948K(231936K), 0,0005083 secs] [Times: user=0,00 sys=0,00, real=0,00 secs] 
55,028: [GC (Allocation Failure) [PSYoungGen: 56416K->64K(55808K)] 58268K->1916K(230912K), 0,0004675 secs] [Times: user=0,00 sys=0,00, real=0,00 secs] 
55,073: [GC (Allocation Failure) [PSYoungGen: 55360K->96K(54784K)] 57212K->1948K(229888K), 0,0004817 secs] [Times: user=0,00 sys=0,00, real=0,00 secs] 
55,118: [GC (Allocation Failure) [PSYoungGen: 54368K->96K(53760K)] 56220K->1948K(228864K), 0,0004834 secs] [Times: user=0,00 sys=0,00, real=0,00 secs] 
55,161: [GC (Allocation Failure) [PSYoungGen: 53344K->96K(52736K)] 55196K->1948K(227840K), 0,0004684 secs] [Times: user=0,00 sys=0,00, real=0,00 secs] 
55,204: [GC (Allocation Failure) [PSYoungGen: 52320K->96K(51712K)] 54172K->1948K(226816K), 0,0004725 secs] [Times: user=0,00 sys=0,00, real=0,00 secs] 
55,246: [GC (Allocation Failure) [PSYoungGen: 51296K->96K(50688K)] 53148K->1948K(225792K), 0,0004688 secs] [Times: user=0,00 sys=0,00, real=0,00 secs] 
55,286: [GC (Allocation Failure) [PSYoungGen: 50272K->96K(49664K)] 52124K->1948K(224768K), 0,0004556 secs] [Times: user=0,00 sys=0,00, real=0,00 secs] 
55,327: [GC (Allocation Failure) [PSYoungGen: 49248K->32K(59904K)] 51100K->1884K(235008K), 0,0004595 secs] [Times: user=0,01 sys=0,00, real=0,00 secs] 
55,375: [GC (Allocation Failure) [PSYoungGen: 59424K->96K(58880K)] 61276K->1948K(233984K), 0,0004605 secs] [Times: user=0,00 sys=0,00, real=0,00 secs] 
55,423: [GC (Allocation Failure) [PSYoungGen: 58464K->96K(57856K)] 60316K->1948K(232960K), 0,0004690 secs] [Times: user=0,00 sys=0,00, real=0,00 secs] 
55,469: [GC (Allocation Failure) [PSYoungGen: 57440K->96K(56832K)] 59292K->1948K(231936K), 0,0004767 secs] [Times: user=0,00 sys=0,00, real=0,00 secs] 
55,515: [GC (Allocation Failure) [PSYoungGen: 56416K->96K(55808K)] 58268K->1948K(230912K), 0,0004717 secs] [Times: user=0,01 sys=0,00, real=0,00 secs] 
55,560: [GC (Allocation Failure) [PSYoungGen: 55392K->96K(54784K)] 57244K->1948K(229888K), 0,0005519 secs] [Times: user=0,00 sys=0,00, real=0,00 secs] 
55,605: [GC (Allocation Failure) [PSYoungGen: 54368K->96K(66048K)] 56220K->1948K(241152K), 0,0005273 secs] [Times: user=0,01 sys=0,00, real=0,00 secs] 
55,660: [GC (Allocation Failure) [PSYoungGen: 65632K->96K(64512K)] 67484K->1948K(239616K), 0,0005086 secs] [Times: user=0,00 sys=0,00, real=0,00 secs] 
55,712: [GC (Allocation Failure) [PSYoungGen: 64096K->96K(62976K)] 65948K->1948K(238080K), 0,0004789 secs] [Times: user=0,00 sys=0,00, real=0,00 secs] 
55,763: [GC (Allocation Failure) [PSYoungGen: 62560K->96K(61952K)] 64412K->1956K(237056K), 0,0004884 secs] [Times: user=0,00 sys=0,00, real=0,00 secs] 
55,813: [GC (Allocation Failure) [PSYoungGen: 61536K->64K(60928K)] 63396K->1924K(236032K), 0,0005045 secs] [Times: user=0,01 sys=0,00, real=0,00 secs] 
55,862: [GC (Allocation Failure) [PSYoungGen: 60480K->96K(59904K)] 62340K->1956K(235008K), 0,0004839 secs] [Times: user=0,00 sys=0,00, real=0,00 secs] 
55,910: [GC (Allocation Failure) [PSYoungGen: 59488K->96K(58880K)] 61348K->1956K(233984K), 0,0004943 secs] [Times: user=0,00 sys=0,00, real=0,00 secs] 
55,958: [GC (Allocation Failure) [PSYoungGen: 58464K->64K(57856K)] 60324K->1924K(232960K), 0,0005129 secs] [Times: user=0,00 sys=0,00, real=0,00 secs] 
56,004: [GC (Allocation Failure) [PSYoungGen: 57408K->96K(56832K)] 59268K->1956K(231936K), 0,0004646 secs] [Times: user=0,00 sys=0,00, real=0,00 secs] 
56,050: [GC (Allocation Failure) [PSYoungGen: 56416K->96K(55808K)] 58276K->1956K(230912K), 0,0004733 secs] [Times: user=0,00 sys=0,00, real=0,00 secs] 
56,095: [GC (Allocation Failure) [PSYoungGen: 55392K->64K(54784K)] 57252K->1924K(229888K), 0,0004032 secs] [Times: user=0,00 sys=0,00, real=0,00 secs] 
56,140: [GC (Allocation Failure) [PSYoungGen: 54336K->96K(53760K)] 56196K->1956K(228864K), 0,0005197 secs] [Times: user=0,00 sys=0,00, real=0,00 secs] 
56,184: [GC (Allocation Failure) [PSYoungGen: 53344K->96K(52736K)] 55204K->1956K(227840K), 0,0004802 secs] [Times: user=0,00 sys=0,00, real=0,00 secs] 
56,226: [GC (Allocation Failure) [PSYoungGen: 52320K->96K(51712K)] 54180K->1956K(226816K), 0,0004574 secs] [Times: user=0,00 sys=0,00, real=0,00 secs] 
56,268: [GC (Allocation Failure) [PSYoungGen: 51296K->96K(61952K)] 53156K->1956K(237056K), 0,0008862 secs] [Times: user=0,00 sys=0,00, real=0,00 secs] 
56,318: [GC (Allocation Failure) [PSYoungGen: 61536K->96K(74240K)] 63396K->1956K(249344K), 0,0004752 secs] [Times: user=0,01 sys=0,00, real=0,00 secs] 
56,378: [GC (Allocation Failure) [PSYoungGen: 73824K->32K(89088K)] 75684K->1892K(264192K), 0,0005389 secs] [Times: user=0,01 sys=0,00, real=0,00 secs] 
56,450: [GC (Allocation Failure) [PSYoungGen: 88608K->64K(87040K)] 90468K->1924K(262144K), 0,0004958 secs] [Times: user=0,00 sys=0,00, real=0,00 secs] 
56,520: [GC (Allocation Failure) [PSYoungGen: 86592K->96K(84992K)] 88452K->1956K(260096K), 0,0004959 secs] [Times: user=0,00 sys=0,00, real=0,00 secs] 
56,589: [GC (Allocation Failure) [PSYoungGen: 84576K->64K(82944K)] 86436K->1924K(258048K), 0,0004877 secs] [Times: user=0,00 sys=0,00, real=0,00 secs] 
56,656: [GC (Allocation Failure) [PSYoungGen: 82496K->96K(80896K)] 84356K->1956K(256000K), 0,0004989 secs] [Times: user=0,00 sys=0,00, real=0,00 secs] 
56,721: [GC (Allocation Failure) [PSYoungGen: 80480K->96K(78848K)] 82340K->1956K(253952K), 0,0004883 secs] [Times: user=0,00 sys=0,00, real=0,00 secs] 
56,785: [GC (Allocation Failure) [PSYoungGen: 78432K->64K(76800K)] 80292K->1924K(251904K), 0,0004748 secs] [Times: user=0,00 sys=0,00, real=0,00 secs] 
56,847: [GC (Allocation Failure) [PSYoungGen: 76352K->64K(74752K)] 78212K->1924K(249856K), 0,0004959 secs] [Times: user=0,00 sys=0,00, real=0,01 secs] 
56,907: [GC (Allocation Failure) [PSYoungGen: 74304K->96K(73216K)] 76164K->1956K(248320K), 0,0004864 secs] [Times: user=0,00 sys=0,00, real=0,01 secs] 
56,966: [GC (Allocation Failure) [PSYoungGen: 72800K->96K(71680K)] 74660K->1956K(246784K), 0,0004796 secs] [Times: user=0,00 sys=0,00, real=0,00 secs] 
57,023: [GC (Allocation Failure) [PSYoungGen: 71264K->64K(70144K)] 73124K->1924K(245248K), 0,0004779 secs] [Times: user=0,00 sys=0,00, real=0,00 secs] 
57,080: [GC (Allocation Failure) [PSYoungGen: 69696K->96K(68608K)] 71556K->1956K(243712K), 0,0004797 secs] [Times: user=0,00 sys=0,00, real=0,00 secs] 
57,136: [GC (Allocation Failure) [PSYoungGen: 68192K->96K(67072K)] 70052K->1956K(242176K), 0,0005169 secs] [Times: user=0,00 sys=0,00, real=0,00 secs] 
57,191: [GC (Allocation Failure) [PSYoungGen: 66656K->96K(65536K)] 68516K->1956K(240640K), 0,0005589 secs] [Times: user=0,00 sys=0,00, real=0,00 secs] 
57,244: [GC (Allocation Failure) [PSYoungGen: 65120K->96K(64000K)] 66980K->1956K(239104K), 0,0004829 secs] [Times: user=0,00 sys=0,00, real=0,00 secs] 
57,295: [GC (Allocation Failure) [PSYoungGen: 63584K->96K(62464K)] 65444K->1956K(237568K), 0,0004697 secs] [Times: user=0,00 sys=0,00, real=0,00 secs] 
57,346: [GC (Allocation Failure) [PSYoungGen: 62048K->96K(61440K)] 63908K->1956K(236544K), 0,0004691 secs] [Times: user=0,00 sys=0,00, real=0,00 secs] 
57,395: [GC (Allocation Failure) [PSYoungGen: 61024K->32K(60416K)] 62884K->1892K(235520K), 0,0004460 secs] [Times: user=0,00 sys=0,00, real=0,00 secs] 
57,443: [GC (Allocation Failure) [PSYoungGen: 59936K->96K(59392K)] 61796K->1956K(234496K), 0,0004791 secs] [Times: user=0,00 sys=0,00, real=0,00 secs] 
57,491: [GC (Allocation Failure) [PSYoungGen: 58976K->96K(58368K)] 60836K->1956K(233472K), 0,0005261 secs] [Times: user=0,00 sys=0,00, real=0,00 secs] 
57,539: [GC (Allocation Failure) [PSYoungGen: 57952K->64K(57344K)] 59812K->1924K(232448K), 0,0005258 secs] [Times: user=0,00 sys=0,00, real=0,00 secs] 
57,585: [GC (Allocation Failure) [PSYoungGen: 56896K->96K(56320K)] 58756K->1956K(231424K), 0,0004602 secs] [Times: user=0,00 sys=0,00, real=0,00 secs] 
57,631: [GC (Allocation Failure) [PSYoungGen: 55904K->64K(55296K)] 57764K->1924K(230400K), 0,0004968 secs] [Times: user=0,00 sys=0,00, real=0,00 secs] 
57,676: [GC (Allocation Failure) [PSYoungGen: 54848K->64K(54272K)] 56708K->1924K(229376K), 0,0004748 secs] [Times: user=0,00 sys=0,00, real=0,00 secs] 
57,719: [GC (Allocation Failure) [PSYoungGen: 53824K->32K(53248K)] 55684K->1892K(228352K), 0,0004927 secs] [Times: user=0,01 sys=0,00, real=0,00 secs] 
57,762: [GC (Allocation Failure) [PSYoungGen: 52768K->64K(64000K)] 54628K->1924K(239104K), 0,0005575 secs] [Times: user=0,00 sys=0,00, real=0,00 secs] 
57,814: [GC (Allocation Failure) [PSYoungGen: 63552K->96K(62464K)] 65412K->1956K(237568K), 0,0004869 secs] [Times: user=0,00 sys=0,00, real=0,00 secs] 
57,865: [GC (Allocation Failure) [PSYoungGen: 62048K->96K(61440K)] 63908K->1956K(236544K), 0,0005219 secs] [Times: user=0,00 sys=0,00, real=0,00 secs] 
57,914: [GC (Allocation Failure) [PSYoungGen: 61024K->32K(60416K)] 62884K->1892K(235520K), 0,0004771 secs] [Times: user=0,00 sys=0,00, real=0,00 secs] 
57,963: [GC (Allocation Failure) [PSYoungGen: 59936K->96K(59392K)] 61796K->1956K(234496K), 0,0004744 secs] [Times: user=0,00 sys=0,00, real=0,00 secs] 
58,011: [GC (Allocation Failure) [PSYoungGen: 58976K->96K(58368K)] 60836K->1956K(233472K), 0,0004632 secs] [Times: user=0,00 sys=0,00, real=0,00 secs] 
58,058: [GC (Allocation Failure) [PSYoungGen: 57952K->128K(57344K)] 59812K->1988K(232448K), 0,0004660 secs] [Times: user=0,00 sys=0,00, real=0,00 secs] 
58,105: [GC (Allocation Failure) [PSYoungGen: 56960K->96K(56320K)] 58820K->1956K(231424K), 0,0004921 secs] [Times: user=0,00 sys=0,00, real=0,00 secs] 
58,150: [GC (Allocation Failure) [PSYoungGen: 55904K->96K(55296K)] 57764K->1956K(230400K), 0,0005466 secs] [Times: user=0,00 sys=0,00, real=0,00 secs] 
58,195: [GC (Allocation Failure) [PSYoungGen: 54880K->64K(54272K)] 56740K->1924K(229376K), 0,0004714 secs] [Times: user=0,01 sys=0,00, real=0,00 secs] 
58,239: [GC (Allocation Failure) [PSYoungGen: 53824K->96K(65024K)] 55684K->1956K(240128K), 0,0006676 secs] [Times: user=0,00 sys=0,00, real=0,00 secs] 
58,292: [GC (Allocation Failure) [PSYoungGen: 64608K->96K(78336K)] 66468K->1956K(253440K), 0,0005385 secs] [Times: user=0,00 sys=0,00, real=0,00 secs] 
58,355: [GC (Allocation Failure) [PSYoungGen: 77920K->96K(76288K)] 79780K->1956K(251392K), 0,0004735 secs] [Times: user=0,00 sys=0,00, real=0,00 secs] 
58,417: [GC (Allocation Failure) [PSYoungGen: 75872K->64K(74752K)] 77732K->1924K(249856K), 0,0004653 secs] [Times: user=0,00 sys=0,00, real=0,00 secs] 
58,477: [GC (Allocation Failure) [PSYoungGen: 74304K->96K(73216K)] 76164K->1956K(248320K), 0,0005342 secs] [Times: user=0,00 sys=0,00, real=0,01 secs] 
58,537: [GC (Allocation Failure) [PSYoungGen: 72800K->96K(71680K)] 74660K->1956K(246784K), 0,0005296 secs] [Times: user=0,00 sys=0,00, real=0,00 secs] 
58,595: [GC (Allocation Failure) [PSYoungGen: 71264K->64K(70144K)] 73124K->1924K(245248K), 0,0004836 secs] [Times: user=0,00 sys=0,00, real=0,00 secs] 
58,652: [GC (Allocation Failure) [PSYoungGen: 69696K->96K(68608K)] 71556K->1956K(243712K), 0,0004857 secs] [Times: user=0,01 sys=0,00, real=0,00 secs] 
58,707: [GC (Allocation Failure) [PSYoungGen: 68192K->96K(67072K)] 70052K->1956K(242176K), 0,0005019 secs] [Times: user=0,00 sys=0,00, real=0,01 secs] 
58,761: [GC (Allocation Failure) [PSYoungGen: 66656K->96K(65536K)] 68516K->1956K(240640K), 0,0004672 secs] [Times: user=0,01 sys=0,00, real=0,00 secs] 
58,814: [GC (Allocation Failure) [PSYoungGen: 65120K->64K(64000K)] 66980K->1924K(239104K), 0,0004771 secs] [Times: user=0,00 sys=0,00, real=0,00 secs] 
58,866: [GC (Allocation Failure) [PSYoungGen: 63552K->96K(62464K)] 65412K->1956K(237568K), 0,0004813 secs] [Times: user=0,00 sys=0,00, real=0,00 secs] 
58,917: [GC (Allocation Failure) [PSYoungGen: 62048K->96K(61440K)] 63908K->1956K(236544K), 0,0004925 secs] [Times: user=0,00 sys=0,00, real=0,00 secs] 
58,966: [GC (Allocation Failure) [PSYoungGen: 61024K->64K(60416K)] 62884K->1924K(235520K), 0,0005406 secs] [Times: user=0,00 sys=0,00, real=0,00 secs] 
59,015: [GC (Allocation Failure) [PSYoungGen: 59968K->96K(59392K)] 61828K->1956K(234496K), 0,0004556 secs] [Times: user=0,00 sys=0,00, real=0,00 secs] 
59,063: [GC (Allocation Failure) [PSYoungGen: 58976K->96K(58368K)] 60836K->1956K(233472K), 0,0004684 secs] [Times: user=0,00 sys=0,00, real=0,00 secs] 
59,110: [GC (Allocation Failure) [PSYoungGen: 57952K->96K(57344K)] 59812K->1956K(232448K), 0,0004703 secs] [Times: user=0,00 sys=0,00, real=0,00 secs] 
59,156: [GC (Allocation Failure) [PSYoungGen: 56928K->96K(56320K)] 58788K->1956K(231424K), 0,0004813 secs] [Times: user=0,00 sys=0,00, real=0,00 secs] 
59,202: [GC (Allocation Failure) [PSYoungGen: 55904K->64K(55296K)] 57764K->1924K(230400K), 0,0004739 secs] [Times: user=0,00 sys=0,00, real=0,00 secs] 
59,247: [GC (Allocation Failure) [PSYoungGen: 54848K->32K(54272K)] 56708K->1892K(229376K), 0,0004744 secs] [Times: user=0,00 sys=0,00, real=0,00 secs] 
59,290: [GC (Allocation Failure) [PSYoungGen: 53792K->96K(53248K)] 55652K->1956K(228352K), 0,0004686 secs] [Times: user=0,00 sys=0,00, real=0,00 secs] 
59,333: [GC (Allocation Failure) [PSYoungGen: 52832K->96K(52224K)] 54692K->1956K(227328K), 0,0004772 secs] [Times: user=0,00 sys=0,00, real=0,00 secs] 
59,376: [GC (Allocation Failure) [PSYoungGen: 51808K->96K(62976K)] 53668K->1956K(238080K), 0,0005460 secs] [Times: user=0,00 sys=0,00, real=0,00 secs] 
59,426: [GC (Allocation Failure) [PSYoungGen: 62560K->96K(61952K)] 64420K->1956K(237056K), 0,0005075 secs] [Times: user=0,00 sys=0,00, real=0,00 secs] 
59,476: [GC (Allocation Failure) [PSYoungGen: 61536K->96K(60928K)] 63396K->1956K(236032K), 0,0005273 secs] [Times: user=0,00 sys=0,00, real=0,00 secs] 
59,526: [GC (Allocation Failure) [PSYoungGen: 60512K->96K(59904K)] 62372K->1956K(235008K), 0,0004664 secs] [Times: user=0,00 sys=0,00, real=0,00 secs] 
59,574: [GC (Allocation Failure) [PSYoungGen: 59488K->96K(58880K)] 61348K->1956K(233984K), 0,0004758 secs] [Times: user=0,01 sys=0,00, real=0,00 secs] 
59,622: [GC (Allocation Failure) [PSYoungGen: 58464K->96K(57856K)] 60324K->1956K(232960K), 0,0004782 secs] [Times: user=0,00 sys=0,00, real=0,00 secs] 
59,668: [GC (Allocation Failure) [PSYoungGen: 57440K->96K(56832K)] 59300K->1956K(231936K), 0,0004642 secs] [Times: user=0,00 sys=0,00, real=0,00 secs] 
59,714: [GC (Allocation Failure) [PSYoungGen: 56416K->96K(55808K)] 58276K->1956K(230912K), 0,0004677 secs] [Times: user=0,00 sys=0,00, real=0,00 secs] 
59,759: [GC (Allocation Failure) [PSYoungGen: 55392K->96K(54784K)] 57252K->1956K(229888K), 0,0004670 secs] [Times: user=0,00 sys=0,00, real=0,00 secs] 
59,803: [GC (Allocation Failure) [PSYoungGen: 54368K->96K(53760K)] 56228K->1956K(228864K), 0,0004816 secs] [Times: user=0,00 sys=0,00, real=0,00 secs] 
59,847: [GC (Allocation Failure) [PSYoungGen: 53344K->96K(52736K)] 55204K->1956K(227840K), 0,0004915 secs] [Times: user=0,00 sys=0,00, real=0,01 secs] 
59,889: [GC (Allocation Failure) [PSYoungGen: 52320K->96K(51712K)] 54180K->1956K(226816K), 0,0004693 secs] [Times: user=0,00 sys=0,00, real=0,00 secs] 
59,931: [GC (Allocation Failure) [PSYoungGen: 51296K->64K(61952K)] 53156K->1924K(237056K), 0,0005248 secs] [Times: user=0,00 sys=0,00, real=0,00 secs] 
59,981: [GC (Allocation Failure) [PSYoungGen: 61504K->96K(74240K)] 63364K->1956K(249344K), 0,0005184 secs] [Times: user=0,01 sys=0,00, real=0,00 secs] 
60,041: [GC (Allocation Failure) [PSYoungGen: 73824K->64K(72704K)] 75684K->1924K(247808K), 0,0004772 secs] [Times: user=0,01 sys=0,01, real=0,00 secs] 
60,100: [GC (Allocation Failure) [PSYoungGen: 72256K->96K(71168K)] 74116K->1956K(246272K), 0,0004940 secs] [Times: user=0,01 sys=0,00, real=0,00 secs] 
60,157: [GC (Allocation Failure) [PSYoungGen: 70752K->96K(69632K)] 72612K->1956K(244736K), 0,0005039 secs] [Times: user=0,00 sys=0,00, real=0,00 secs] 
60,214: [GC (Allocation Failure) [PSYoungGen: 69216K->96K(68096K)] 71076K->1956K(243200K), 0,0005987 secs] [Times: user=0,00 sys=0,00, real=0,00 secs] 
60,270: [GC (Allocation Failure) [PSYoungGen: 67680K->160K(66560K)] 69540K->2020K(241664K), 0,0005125 secs] [Times: user=0,00 sys=0,00, real=0,00 secs] 
60,324: [GC (Allocation Failure) [PSYoungGen: 66208K->96K(65024K)] 68068K->1988K(240128K), 0,0004905 secs] [Times: user=0,00 sys=0,00, real=0,00 secs] 
60,376: [GC (Allocation Failure) [PSYoungGen: 64608K->64K(63488K)] 66500K->1956K(238592K), 0,0004980 secs] [Times: user=0,00 sys=0,00, real=0,00 secs] 
60,427: [GC (Allocation Failure) [PSYoungGen: 63040K->96K(61952K)] 64932K->1988K(237056K), 0,0004884 secs] [Times: user=0,00 sys=0,00, real=0,01 secs] 
60,477: [GC (Allocation Failure) [PSYoungGen: 61536K->96K(60928K)] 63428K->1988K(236032K), 0,0005052 secs] [Times: user=0,00 sys=0,00, real=0,01 secs] 
60,527: [GC (Allocation Failure) [PSYoungGen: 60512K->96K(59904K)] 62404K->1988K(235008K), 0,0005210 secs] [Times: user=0,00 sys=0,00, real=0,00 secs] 
60,575: [GC (Allocation Failure) [PSYoungGen: 59488K->64K(58880K)] 61380K->1956K(233984K), 0,0004698 secs] [Times: user=0,00 sys=0,00, real=0,00 secs] 
60,622: [GC (Allocation Failure) [PSYoungGen: 58432K->64K(57856K)] 60324K->1956K(232960K), 0,0004835 secs] [Times: user=0,01 sys=0,00, real=0,00 secs] 
60,669: [GC (Allocation Failure) [PSYoungGen: 57408K->96K(56832K)] 59300K->1988K(231936K), 0,0004639 secs] [Times: user=0,00 sys=0,00, real=0,00 secs] 
60,715: [GC (Allocation Failure) [PSYoungGen: 56416K->96K(55808K)] 58308K->1988K(230912K), 0,0004768 secs] [Times: user=0,00 sys=0,00, real=0,00 secs] 
60,760: [GC (Allocation Failure) [PSYoungGen: 55392K->96K(54784K)] 57284K->1988K(229888K), 0,0004686 secs] [Times: user=0,00 sys=0,00, real=0,00 secs] 
60,804: [GC (Allocation Failure) [PSYoungGen: 54368K->96K(53760K)] 56260K->1988K(228864K), 0,0004957 secs] [Times: user=0,00 sys=0,00, real=0,00 secs] 
60,847: [GC (Allocation Failure) [PSYoungGen: 53344K->96K(52736K)] 55236K->1988K(227840K), 0,0004696 secs] [Times: user=0,00 sys=0,00, real=0,01 secs] 
60,890: [GC (Allocation Failure) [PSYoungGen: 52320K->96K(51712K)] 54212K->1988K(226816K), 0,0004520 secs] [Times: user=0,00 sys=0,00, real=0,00 secs] 
60,931: [GC (Allocation Failure) [PSYoungGen: 51296K->96K(50688K)] 53188K->1988K(225792K), 0,0004413 secs] [Times: user=0,00 sys=0,00, real=0,00 secs] 
60,972: [GC (Allocation Failure) [PSYoungGen: 50272K->96K(60928K)] 52164K->1988K(236032K), 0,0004974 secs] [Times: user=0,00 sys=0,00, real=0,00 secs] 
61,021: [GC (Allocation Failure) [PSYoungGen: 60512K->96K(59904K)] 62404K->1988K(235008K), 0,0004932 secs] [Times: user=0,00 sys=0,00, real=0,00 secs] 
61,070: [GC (Allocation Failure) [PSYoungGen: 59488K->64K(58880K)] 61380K->1956K(233984K), 0,0004624 secs] [Times: user=0,00 sys=0,00, real=0,00 secs] 
61,117: [GC (Allocation Failure) [PSYoungGen: 58432K->96K(57856K)] 60324K->1988K(232960K), 0,0004657 secs] [Times: user=0,00 sys=0,00, real=0,01 secs] 
61,164: [GC (Allocation Failure) [PSYoungGen: 57440K->64K(56832K)] 59332K->1956K(231936K), 0,0004967 secs] [Times: user=0,00 sys=0,00, real=0,00 secs] 
61,210: [GC (Allocation Failure) [PSYoungGen: 56384K->96K(55808K)] 58276K->1988K(230912K), 0,0004722 secs] [Times: user=0,00 sys=0,00, real=0,00 secs] 
61,255: [GC (Allocation Failure) [PSYoungGen: 55392K->96K(54784K)] 57284K->1988K(229888K), 0,0004741 secs] [Times: user=0,00 sys=0,00, real=0,00 secs] 
61,299: [GC (Allocation Failure) [PSYoungGen: 54368K->96K(53760K)] 56260K->1988K(228864K), 0,0004844 secs] [Times: user=0,00 sys=0,00, real=0,00 secs] 
61,342: [GC (Allocation Failure) [PSYoungGen: 53344K->96K(52736K)] 55236K->1988K(227840K), 0,0005107 secs] [Times: user=0,00 sys=0,00, real=0,00 secs] 
61,385: [GC (Allocation Failure) [PSYoungGen: 52320K->32K(63488K)] 54212K->1924K(238592K), 0,0004684 secs] [Times: user=0,00 sys=0,00, real=0,00 secs] 
61,436: [GC (Allocation Failure) [PSYoungGen: 63008K->96K(61952K)] 64900K->1988K(237056K), 0,0004702 secs] [Times: user=0,01 sys=0,00, real=0,00 secs] 
61,486: [GC (Allocation Failure) [PSYoungGen: 61536K->96K(60928K)] 63428K->1988K(236032K), 0,0004743 secs] [Times: user=0,01 sys=0,00, real=0,00 secs] 
61,535: [GC (Allocation Failure) [PSYoungGen: 60512K->64K(59904K)] 62404K->1956K(235008K), 0,0004842 secs] [Times: user=0,01 sys=0,00, real=0,00 secs] 
61,584: [GC (Allocation Failure) [PSYoungGen: 59456K->96K(58880K)] 61348K->1988K(233984K), 0,0004607 secs] [Times: user=0,00 sys=0,00, real=0,00 secs] 
61,631: [GC (Allocation Failure) [PSYoungGen: 58464K->64K(57856K)] 60356K->1956K(232960K), 0,0004859 secs] [Times: user=0,00 sys=0,00, real=0,00 secs] 
61,678: [GC (Allocation Failure) [PSYoungGen: 57408K->32K(69632K)] 59300K->1924K(244736K), 0,0009559 secs] [Times: user=0,00 sys=0,00, real=0,00 secs] 
61,735: [GC (Allocation Failure) [PSYoungGen: 69152K->64K(83456K)] 71044K->1956K(258560K), 0,0004856 secs] [Times: user=0,00 sys=0,00, real=0,00 secs] 
61,802: [GC (Allocation Failure) [PSYoungGen: 83008K->64K(81408K)] 84900K->1956K(256512K), 0,0004842 secs] [Times: user=0,00 sys=0,00, real=0,00 secs] 
61,867: [GC (Allocation Failure) [PSYoungGen: 80960K->96K(79360K)] 82852K->1988K(254464K), 0,0004908 secs] [Times: user=0,00 sys=0,00, real=0,00 secs] 
61,931: [GC (Allocation Failure) [PSYoungGen: 78944K->96K(77312K)] 80836K->1988K(252416K), 0,0004825 secs] [Times: user=0,00 sys=0,00, real=0,00 secs] 
61,994: [GC (Allocation Failure) [PSYoungGen: 76896K->64K(75264K)] 78788K->1956K(250368K), 0,0004749 secs] [Times: user=0,00 sys=0,00, real=0,00 secs] 
62,054: [GC (Allocation Failure) [PSYoungGen: 74816K->64K(73728K)] 76708K->1956K(248832K), 0,0004873 secs] [Times: user=0,00 sys=0,00, real=0,00 secs] 
62,113: [GC (Allocation Failure) [PSYoungGen: 73280K->96K(72192K)] 75172K->1988K(247296K), 0,0004798 secs] [Times: user=0,00 sys=0,00, real=0,00 secs] 
62,172: [GC (Allocation Failure) [PSYoungGen: 71776K->96K(70656K)] 73668K->1988K(245760K), 0,0005020 secs] [Times: user=0,00 sys=0,00, real=0,00 secs] 
62,229: [GC (Allocation Failure) [PSYoungGen: 70240K->96K(69120K)] 72132K->1988K(244224K), 0,0004942 secs] [Times: user=0,00 sys=0,00, real=0,00 secs] 
62,285: [GC (Allocation Failure) [PSYoungGen: 68704K->96K(67584K)] 70596K->1988K(242688K), 0,0004804 secs] [Times: user=0,00 sys=0,00, real=0,00 secs] 
62,339: [GC (Allocation Failure) [PSYoungGen: 67168K->96K(66048K)] 69060K->1988K(241152K), 0,0005843 secs] [Times: user=0,01 sys=0,00, real=0,00 secs] 
62,392: [GC (Allocation Failure) [PSYoungGen: 65632K->64K(64512K)] 67524K->1956K(239616K), 0,0004742 secs] [Times: user=0,00 sys=0,00, real=0,00 secs] 
62,444: [GC (Allocation Failure) [PSYoungGen: 64064K->96K(62976K)] 65956K->1988K(238080K), 0,0004664 secs] [Times: user=0,00 sys=0,00, real=0,00 secs] 
62,495: [GC (Allocation Failure) [PSYoungGen: 62560K->96K(61952K)] 64452K->1988K(237056K), 0,0004600 secs] [Times: user=0,00 sys=0,00, real=0,00 secs] 
62,545: [GC (Allocation Failure) [PSYoungGen: 61536K->64K(60928K)] 63428K->1956K(236032K), 0,0006769 secs] [Times: user=0,00 sys=0,00, real=0,00 secs] 
62,594: [GC (Allocation Failure) [PSYoungGen: 60480K->96K(59904K)] 62372K->1988K(235008K), 0,0004653 secs] [Times: user=0,00 sys=0,00, real=0,00 secs] 
62,642: [GC (Allocation Failure) [PSYoungGen: 59488K->96K(58880K)] 61380K->1988K(233984K), 0,0004717 secs] [Times: user=0,00 sys=0,00, real=0,00 secs] 
62,689: [GC (Allocation Failure) [PSYoungGen: 58464K->96K(57856K)] 60356K->1988K(232960K), 0,0004726 secs] [Times: user=0,00 sys=0,00, real=0,00 secs] 
62,736: [GC (Allocation Failure) [PSYoungGen: 57440K->96K(56832K)] 59332K->1988K(231936K), 0,0005081 secs] [Times: user=0,01 sys=0,00, real=0,00 secs] 
62,781: [GC (Allocation Failure) [PSYoungGen: 56416K->64K(68096K)] 58308K->1956K(243200K), 0,0007056 secs] [Times: user=0,00 sys=0,00, real=0,00 secs] 
62,837: [GC (Allocation Failure) [PSYoungGen: 67648K->96K(66560K)] 69540K->1988K(241664K), 0,0004753 secs] [Times: user=0,00 sys=0,01, real=0,00 secs] 
62,890: [GC (Allocation Failure) [PSYoungGen: 66144K->96K(65024K)] 68036K->1988K(240128K), 0,0005366 secs] [Times: user=0,00 sys=0,00, real=0,00 secs] 
62,943: [GC (Allocation Failure) [PSYoungGen: 64608K->96K(63488K)] 66500K->1988K(238592K), 0,0004704 secs] [Times: user=0,00 sys=0,00, real=0,00 secs] 
62,994: [GC (Allocation Failure) [PSYoungGen: 63072K->64K(61952K)] 64964K->1956K(237056K), 0,0004740 secs] [Times: user=0,01 sys=0,00, real=0,00 secs] 
63,044: [GC (Allocation Failure) [PSYoungGen: 61504K->96K(60928K)] 63396K->1988K(236032K), 0,0004679 secs] [Times: user=0,01 sys=0,00, real=0,00 secs] 
63,092: [GC (Allocation Failure) [PSYoungGen: 60512K->96K(59904K)] 62404K->1988K(235008K), 0,0004782 secs] [Times: user=0,01 sys=0,00, real=0,00 secs] 
63,141: [GC (Allocation Failure) [PSYoungGen: 59488K->96K(58880K)] 61380K->1988K(233984K), 0,0004823 secs] [Times: user=0,00 sys=0,00, real=0,00 secs] 
63,189: [GC (Allocation Failure) [PSYoungGen: 58464K->64K(57856K)] 60356K->1956K(232960K), 0,0005059 secs] [Times: user=0,00 sys=0,00, real=0,00 secs] 
63,235: [GC (Allocation Failure) [PSYoungGen: 57408K->64K(69632K)] 59300K->1956K(244736K), 0,0008290 secs] [Times: user=0,00 sys=0,00, real=0,00 secs] 
63,292: [GC (Allocation Failure) [PSYoungGen: 69184K->96K(83456K)] 71076K->1988K(258560K), 0,0004737 secs] [Times: user=0,00 sys=0,00, real=0,00 secs] 
63,359: [GC (Allocation Failure) [PSYoungGen: 83040K->64K(81408K)] 84932K->1956K(256512K), 0,0004860 secs] [Times: user=0,00 sys=0,00, real=0,00 secs] 
63,424: [GC (Allocation Failure) [PSYoungGen: 80960K->96K(79360K)] 82852K->1988K(254464K), 0,0004837 secs] [Times: user=0,00 sys=0,00, real=0,00 secs] 
63,488: [GC (Allocation Failure) [PSYoungGen: 78944K->64K(77312K)] 80836K->1956K(252416K), 0,0005212 secs] [Times: user=0,00 sys=0,00, real=0,00 secs] 
63,551: [GC (Allocation Failure) [PSYoungGen: 76864K->64K(75264K)] 78756K->1956K(250368K), 0,0005660 secs] [Times: user=0,00 sys=0,00, real=0,00 secs] 
63,616: [GC (Allocation Failure) [PSYoungGen: 74816K->96K(73728K)] 76708K->1988K(248832K), 0,0005001 secs] [Times: user=0,00 sys=0,00, real=0,00 secs] 
63,676: [GC (Allocation Failure) [PSYoungGen: 73312K->96K(72192K)] 75204K->1988K(247296K), 0,0004941 secs] [Times: user=0,00 sys=0,00, real=0,00 secs] 
63,734: [GC (Allocation Failure) [PSYoungGen: 71776K->96K(70656K)] 73668K->1988K(245760K), 0,0004921 secs] [Times: user=0,00 sys=0,00, real=0,00 secs] 
63,791: [GC (Allocation Failure) [PSYoungGen: 70240K->96K(69120K)] 72132K->1988K(244224K), 0,0004851 secs] [Times: user=0,00 sys=0,00, real=0,00 secs] 
63,846: [GC (Allocation Failure) [PSYoungGen: 68703K->96K(67584K)] 70596K->1988K(242688K), 0,0004790 secs] [Times: user=0,00 sys=0,00, real=0,00 secs] 
63,901: [GC (Allocation Failure) [PSYoungGen: 67168K->64K(66048K)] 69060K->1956K(241152K), 0,0004713 secs] [Times: user=0,00 sys=0,00, real=0,00 secs] 
63,954: [GC (Allocation Failure) [PSYoungGen: 65600K->96K(64512K)] 67492K->1988K(239616K), 0,0004921 secs] [Times: user=0,00 sys=0,00, real=0,00 secs] 
64,006: [GC (Allocation Failure) [PSYoungGen: 64096K->64K(62976K)] 65988K->1956K(238080K), 0,0006815 secs] [Times: user=0,00 sys=0,00, real=0,00 secs] 
64,056: [GC (Allocation Failure) [PSYoungGen: 62528K->96K(61952K)] 64420K->1988K(237056K), 0,0004663 secs] [Times: user=0,00 sys=0,00, real=0,00 secs] 
64,106: [GC (Allocation Failure) [PSYoungGen: 61536K->96K(60928K)] 63428K->1988K(236032K), 0,0004788 secs] [Times: user=0,00 sys=0,00, real=0,00 secs] 
64,155: [GC (Allocation Failure) [PSYoungGen: 60512K->96K(59904K)] 62404K->1988K(235008K), 0,0005130 secs] [Times: user=0,01 sys=0,00, real=0,00 secs] 
64,203: [GC (Allocation Failure) [PSYoungGen: 59488K->96K(58880K)] 61380K->1988K(233984K), 0,0005439 secs] [Times: user=0,00 sys=0,00, real=0,00 secs] 
64,251: [GC (Allocation Failure) [PSYoungGen: 58464K->96K(57856K)] 60356K->1988K(232960K), 0,0004819 secs] [Times: user=0,00 sys=0,00, real=0,00 secs] 
64,298: [GC (Allocation Failure) [PSYoungGen: 57440K->64K(56832K)] 59332K->1956K(231936K), 0,0004787 secs] [Times: user=0,00 sys=0,00, real=0,00 secs] 
64,343: [GC (Allocation Failure) [PSYoungGen: 56384K->64K(55808K)] 58276K->1956K(230912K), 0,0004948 secs] [Times: user=0,01 sys=0,00, real=0,00 secs] 
64,388: [GC (Allocation Failure) [PSYoungGen: 55360K->96K(54784K)] 57252K->1988K(229888K), 0,0004742 secs] [Times: user=0,00 sys=0,00, real=0,00 secs] 
64,433: [GC (Allocation Failure) [PSYoungGen: 54368K->96K(53760K)] 56260K->1988K(228864K), 0,0004556 secs] [Times: user=0,01 sys=0,00, real=0,00 secs] 
64,476: [GC (Allocation Failure) [PSYoungGen: 53344K->64K(52736K)] 55236K->1956K(227840K), 0,0005141 secs] [Times: user=0,00 sys=0,00, real=0,00 secs] 
64,519: [GC (Allocation Failure) [PSYoungGen: 52288K->96K(51712K)] 54180K->1988K(226816K), 0,0004766 secs] [Times: user=0,00 sys=0,00, real=0,00 secs] 
64,561: [GC (Allocation Failure) [PSYoungGen: 51296K->96K(50688K)] 53188K->1988K(225792K), 0,0004588 secs] [Times: user=0,00 sys=0,00, real=0,00 secs] 
64,602: [GC (Allocation Failure) [PSYoungGen: 50272K->96K(60928K)] 52164K->1988K(236032K), 0,0005075 secs] [Times: user=0,00 sys=0,00, real=0,00 secs] 
64,651: [GC (Allocation Failure) [PSYoungGen: 60512K->96K(59904K)] 62404K->1988K(235008K), 0,0004843 secs] [Times: user=0,00 sys=0,00, real=0,00 secs] 
64,700: [GC (Allocation Failure) [PSYoungGen: 59488K->96K(58880K)] 61380K->1988K(233984K), 0,0004646 secs] [Times: user=0,00 sys=0,00, real=0,00 secs] 
64,747: [GC (Allocation Failure) [PSYoungGen: 58464K->96K(57856K)] 60356K->1988K(232960K), 0,0004767 secs] [Times: user=0,00 sys=0,00, real=0,00 secs] 
64,794: [GC (Allocation Failure) [PSYoungGen: 57440K->64K(56832K)] 59332K->1956K(231936K), 0,0004983 secs] [Times: user=0,00 sys=0,00, real=0,00 secs] 
64,840: [GC (Allocation Failure) [PSYoungGen: 56384K->96K(55808K)] 58276K->1988K(230912K), 0,0004641 secs] [Times: user=0,00 sys=0,00, real=0,00 secs] 
64,885: [GC (Allocation Failure) [PSYoungGen: 55392K->96K(67072K)] 57284K->1988K(242176K), 0,0005944 secs] [Times: user=0,00 sys=0,00, real=0,00 secs] 
64,939: [GC (Allocation Failure) [PSYoungGen: 66656K->96K(65536K)] 68548K->1988K(240640K), 0,0004634 secs] [Times: user=0,00 sys=0,00, real=0,00 secs] 
64,992: [GC (Allocation Failure) [PSYoungGen: 65120K->64K(64000K)] 67012K->1956K(239104K), 0,0005144 secs] [Times: user=0,00 sys=0,00, real=0,00 secs] 
65,044: [GC (Allocation Failure) [PSYoungGen: 63552K->96K(62464K)] 65444K->1988K(237568K), 0,0004729 secs] [Times: user=0,00 sys=0,00, real=0,00 secs] 
65,094: [GC (Allocation Failure) [PSYoungGen: 62048K->96K(61440K)] 63940K->1988K(236544K), 0,0004929 secs] [Times: user=0,00 sys=0,00, real=0,00 secs] 
65,144: [GC (Allocation Failure) [PSYoungGen: 61024K->32K(60416K)] 62916K->1924K(235520K), 0,0005275 secs] [Times: user=0,00 sys=0,00, real=0,00 secs] 
65,193: [GC (Allocation Failure) [PSYoungGen: 59936K->96K(59392K)] 61828K->1988K(234496K), 0,0005352 secs] [Times: user=0,00 sys=0,00, real=0,00 secs] 
65,243: [GC (Allocation Failure) [PSYoungGen: 58976K->96K(58368K)] 60868K->1988K(233472K), 0,0004941 secs] [Times: user=0,00 sys=0,00, real=0,00 secs] 
65,295: [GC (Allocation Failure) [PSYoungGen: 57952K->64K(57344K)] 59844K->1956K(232448K), 0,0004968 secs] [Times: user=0,00 sys=0,00, real=0,00 secs] 
65,345: [GC (Allocation Failure) [PSYoungGen: 56896K->64K(56320K)] 58788K->1956K(231424K), 0,0004893 secs] [Times: user=0,00 sys=0,00, real=0,00 secs] 
65,394: [GC (Allocation Failure) [PSYoungGen: 55872K->96K(55296K)] 57764K->1988K(230400K), 0,0005441 secs] [Times: user=0,00 sys=0,00, real=0,00 secs] 
65,441: [GC (Allocation Failure) [PSYoungGen: 54880K->64K(54272K)] 56772K->1956K(229376K), 0,0005154 secs] [Times: user=0,00 sys=0,01, real=0,00 secs] 
65,486: [GC (Allocation Failure) [PSYoungGen: 53824K->96K(53248K)] 55716K->1988K(228352K), 0,0004797 secs] [Times: user=0,00 sys=0,00, real=0,00 secs] 
65,530: [GC (Allocation Failure) [PSYoungGen: 52832K->96K(52224K)] 54724K->1988K(227328K), 0,0004579 secs] [Times: user=0,00 sys=0,00, real=0,00 secs] 
65,573: [GC (Allocation Failure) [PSYoungGen: 51808K->96K(51200K)] 53700K->1988K(226304K), 0,0004681 secs] [Times: user=0,00 sys=0,00, real=0,00 secs] 
65,614: [GC (Allocation Failure) [PSYoungGen: 50784K->96K(61440K)] 52676K->1988K(236544K), 0,0009558 secs] [Times: user=0,01 sys=0,00, real=0,00 secs] 
65,666: [GC (Allocation Failure) [PSYoungGen: 61024K->96K(73728K)] 62916K->1988K(248832K), 0,0005161 secs] [Times: user=0,00 sys=0,00, real=0,00 secs] 
65,726: [GC (Allocation Failure) [PSYoungGen: 73312K->64K(88576K)] 75204K->1956K(263680K), 0,0004915 secs] [Times: user=0,00 sys=0,00, real=0,00 secs] 
65,797: [GC (Allocation Failure) [PSYoungGen: 88128K->96K(86528K)] 90020K->1988K(261632K), 0,0004962 secs] [Times: user=0,00 sys=0,00, real=0,01 secs] 
65,866: [GC (Allocation Failure) [PSYoungGen: 86112K->96K(84480K)] 88004K->1988K(259584K), 0,0004958 secs] [Times: user=0,00 sys=0,00, real=0,00 secs] 
65,934: [GC (Allocation Failure) [PSYoungGen: 84064K->64K(82432K)] 85956K->1956K(257536K), 0,0004872 secs] [Times: user=0,00 sys=0,00, real=0,00 secs] 
66,000: [GC (Allocation Failure) [PSYoungGen: 81984K->96K(80384K)] 83876K->1988K(255488K), 0,0005083 secs] [Times: user=0,00 sys=0,00, real=0,00 secs] 
66,065: [GC (Allocation Failure) [PSYoungGen: 79968K->64K(78336K)] 81860K->1956K(253440K), 0,0004882 secs] [Times: user=0,00 sys=0,00, real=0,00 secs] 
66,128: [GC (Allocation Failure) [PSYoungGen: 77888K->64K(76288K)] 79780K->1956K(251392K), 0,0004795 secs] [Times: user=0,00 sys=0,00, real=0,00 secs] 
66,190: [GC (Allocation Failure) [PSYoungGen: 75840K->96K(74752K)] 77732K->1988K(249856K), 0,0004977 secs] [Times: user=0,00 sys=0,00, real=0,00 secs] 
66,250: [GC (Allocation Failure) [PSYoungGen: 74336K->96K(73216K)] 76228K->1988K(248320K), 0,0005044 secs] [Times: user=0,00 sys=0,00, real=0,00 secs] 
66,309: [GC (Allocation Failure) [PSYoungGen: 72800K->96K(71680K)] 74692K->1988K(246784K), 0,0005052 secs] [Times: user=0,00 sys=0,00, real=0,00 secs] 
66,367: [GC (Allocation Failure) [PSYoungGen: 71263K->96K(70144K)] 73156K->1988K(245248K), 0,0004686 secs] [Times: user=0,00 sys=0,00, real=0,01 secs] 
66,423: [GC (Allocation Failure) [PSYoungGen: 69728K->64K(68608K)] 71620K->1956K(243712K), 0,0004682 secs] [Times: user=0,00 sys=0,00, real=0,00 secs] 
66,478: [GC (Allocation Failure) [PSYoungGen: 68160K->96K(67072K)] 70052K->1988K(242176K), 0,0004887 secs] [Times: user=0,00 sys=0,00, real=0,00 secs] 
66,532: [GC (Allocation Failure) [PSYoungGen: 66656K->96K(65536K)] 68548K->1988K(240640K), 0,0004790 secs] [Times: user=0,00 sys=0,00, real=0,00 secs] 
66,585: [GC (Allocation Failure) [PSYoungGen: 65120K->64K(64000K)] 67012K->1956K(239104K), 0,0004849 secs] [Times: user=0,00 sys=0,00, real=0,00 secs] 
66,637: [GC (Allocation Failure) [PSYoungGen: 63552K->96K(62464K)] 65444K->1988K(237568K), 0,0004848 secs] [Times: user=0,00 sys=0,00, real=0,01 secs] 
66,688: [GC (Allocation Failure) [PSYoungGen: 62048K->64K(61440K)] 63940K->1956K(236544K), 0,0005948 secs] [Times: user=0,01 sys=0,00, real=0,00 secs] 
66,737: [GC (Allocation Failure) [PSYoungGen: 60992K->96K(60416K)] 62884K->1988K(235520K), 0,0004785 secs] [Times: user=0,01 sys=0,00, real=0,01 secs] 
66,786: [GC (Allocation Failure) [PSYoungGen: 60000K->96K(59392K)] 61892K->1988K(234496K), 0,0004791 secs] [Times: user=0,00 sys=0,00, real=0,00 secs] 
66,834: [GC (Allocation Failure) [PSYoungGen: 58976K->96K(58368K)] 60868K->1988K(233472K), 0,0004713 secs] [Times: user=0,00 sys=0,00, real=0,00 secs] 
66,881: [GC (Allocation Failure) [PSYoungGen: 57952K->96K(57344K)] 59844K->1988K(232448K), 0,0004724 secs] [Times: user=0,00 sys=0,00, real=0,00 secs] 
66,927: [GC (Allocation Failure) [PSYoungGen: 56928K->96K(56320K)] 58820K->1988K(231424K), 0,0004566 secs] [Times: user=0,00 sys=0,00, real=0,01 secs] 
66,972: [GC (Allocation Failure) [PSYoungGen: 55904K->96K(55296K)] 57796K->1988K(230400K), 0,0004647 secs] [Times: user=0,00 sys=0,00, real=0,00 secs] 
67,017: [GC (Allocation Failure) [PSYoungGen: 54880K->96K(54272K)] 56772K->1988K(229376K), 0,0004880 secs] [Times: user=0,00 sys=0,00, real=0,00 secs] 
67,061: [GC (Allocation Failure) [PSYoungGen: 53856K->96K(53248K)] 55748K->1988K(228352K), 0,0004910 secs] [Times: user=0,00 sys=0,00, real=0,00 secs] 
67,104: [GC (Allocation Failure) [PSYoungGen: 52832K->96K(52224K)] 54724K->1988K(227328K), 0,0003803 secs] [Times: user=0,01 sys=0,00, real=0,00 secs] 
67,146: [GC (Allocation Failure) [PSYoungGen: 51808K->96K(51200K)] 53700K->1988K(226304K), 0,0004438 secs] [Times: user=0,00 sys=0,00, real=0,00 secs] 
67,187: [GC (Allocation Failure) [PSYoungGen: 50784K->96K(50176K)] 52676K->1988K(225280K), 0,0004688 secs] [Times: user=0,00 sys=0,00, real=0,01 secs] 
67,228: [GC (Allocation Failure) [PSYoungGen: 49760K->96K(49152K)] 51652K->1988K(224256K), 0,0003741 secs] [Times: user=0,00 sys=0,00, real=0,00 secs] 
67,267: [GC (Allocation Failure) [PSYoungGen: 48736K->64K(48128K)] 50628K->1956K(223232K), 0,0004674 secs] [Times: user=0,00 sys=0,00, real=0,01 secs] 
67,306: [GC (Allocation Failure) [PSYoungGen: 47680K->64K(57856K)] 49572K->1956K(232960K), 0,0006744 secs] [Times: user=0,00 sys=0,00, real=0,00 secs] 
67,353: [GC (Allocation Failure) [PSYoungGen: 57408K->96K(69632K)] 59300K->1988K(244736K), 0,0003938 secs] [Times: user=0,00 sys=0,00, real=0,00 secs] 
67,409: [GC (Allocation Failure) [PSYoungGen: 69216K->96K(68096K)] 71108K->1988K(243200K), 0,0004775 secs] [Times: user=0,00 sys=0,00, real=0,00 secs] 
67,464: [GC (Allocation Failure) [PSYoungGen: 67680K->96K(66560K)] 69572K->1988K(241664K), 0,0004907 secs] [Times: user=0,00 sys=0,00, real=0,00 secs] 
67,517: [GC (Allocation Failure) [PSYoungGen: 66144K->96K(65024K)] 68036K->1988K(240128K), 0,0005711 secs] [Times: user=0,00 sys=0,00, real=0,00 secs] 
67,570: [GC (Allocation Failure) [PSYoungGen: 64608K->96K(63488K)] 66500K->1988K(238592K), 0,0004644 secs] [Times: user=0,00 sys=0,00, real=0,00 secs] 
67,621: [GC (Allocation Failure) [PSYoungGen: 63072K->96K(61952K)] 64964K->1988K(237056K), 0,0004717 secs] [Times: user=0,00 sys=0,00, real=0,00 secs] 
67,672: [GC (Allocation Failure) [PSYoungGen: 61536K->64K(60928K)] 63428K->1956K(236032K), 0,0004795 secs] [Times: user=0,00 sys=0,00, real=0,00 secs] 
67,721: [GC (Allocation Failure) [PSYoungGen: 60480K->96K(59904K)] 62372K->1988K(235008K), 0,0004651 secs] [Times: user=0,00 sys=0,00, real=0,00 secs] 
67,769: [GC (Allocation Failure) [PSYoungGen: 59488K->64K(58880K)] 61380K->1956K(233984K), 0,0004888 secs] [Times: user=0,01 sys=0,00, real=0,00 secs] 
67,817: [GC (Allocation Failure) [PSYoungGen: 58432K->96K(57856K)] 60324K->1988K(232960K), 0,0004937 secs] [Times: user=0,00 sys=0,00, real=0,01 secs] 
67,863: [GC (Allocation Failure) [PSYoungGen: 57440K->96K(56832K)] 59332K->1988K(231936K), 0,0004697 secs] [Times: user=0,00 sys=0,00, real=0,00 secs] 
67,909: [GC (Allocation Failure) [PSYoungGen: 56416K->96K(55808K)] 58308K->1988K(230912K), 0,0004904 secs] [Times: user=0,00 sys=0,00, real=0,00 secs] 
67,954: [GC (Allocation Failure) [PSYoungGen: 55392K->96K(54784K)] 57284K->1988K(229888K), 0,0004576 secs] [Times: user=0,00 sys=0,00, real=0,00 secs] 
67,998: [GC (Allocation Failure) [PSYoungGen: 54368K->96K(53760K)] 56260K->1988K(228864K), 0,0004694 secs] [Times: user=0,00 sys=0,00, real=0,00 secs] 
68,041: [GC (Allocation Failure) [PSYoungGen: 53344K->96K(52736K)] 55236K->1988K(227840K), 0,0004564 secs] [Times: user=0,00 sys=0,00, real=0,00 secs] 
68,083: [GC (Allocation Failure) [PSYoungGen: 52320K->96K(51712K)] 54212K->1988K(226816K), 0,0004534 secs] [Times: user=0,00 sys=0,00, real=0,00 secs] 
68,125: [GC (Allocation Failure) [PSYoungGen: 51296K->64K(50688K)] 53188K->1956K(225792K), 0,0004816 secs] [Times: user=0,00 sys=0,00, real=0,00 secs] 
68,166: [GC (Allocation Failure) [PSYoungGen: 50240K->96K(49664K)] 52132K->1988K(224768K), 0,0004035 secs] [Times: user=0,01 sys=0,00, real=0,00 secs] 
68,206: [GC (Allocation Failure) [PSYoungGen: 49248K->96K(48640K)] 51140K->1988K(223744K), 0,0004551 secs] [Times: user=0,01 sys=0,01, real=0,00 secs] 
68,245: [GC (Allocation Failure) [PSYoungGen: 48224K->96K(48128K)] 50116K->1988K(223232K), 0,0003784 secs] [Times: user=0,01 sys=0,00, real=0,00 secs] 
68,284: [GC (Allocation Failure) [PSYoungGen: 47712K->128K(47616K)] 49604K->2020K(222720K), 0,0004662 secs] [Times: user=0,00 sys=0,00, real=0,00 secs] 
68,322: [GC (Allocation Failure) [PSYoungGen: 47232K->96K(47104K)] 49124K->1988K(222208K), 0,0003834 secs] [Times: user=0,00 sys=0,00, real=0,00 secs] 
68,360: [GC (Allocation Failure) [PSYoungGen: 46688K->64K(46592K)] 48580K->1956K(221696K), 0,0004404 secs] [Times: user=0,00 sys=0,00, real=0,00 secs] 
68,398: [GC (Allocation Failure) [PSYoungGen: 46144K->64K(46080K)] 48036K->1956K(221184K), 0,0003809 secs] [Times: user=0,00 sys=0,00, real=0,00 secs] 
68,435: [GC (Allocation Failure) [PSYoungGen: 45632K->96K(45568K)] 47524K->1988K(220672K), 0,0003684 secs] [Times: user=0,00 sys=0,00, real=0,00 secs] 
68,472: [GC (Allocation Failure) [PSYoungGen: 45151K->96K(45056K)] 47043K->1988K(220160K), 0,0004426 secs] [Times: user=0,00 sys=0,00, real=0,00 secs] 
68,508: [GC (Allocation Failure) [PSYoungGen: 44640K->96K(44544K)] 46532K->1988K(219648K), 0,0003923 secs] [Times: user=0,00 sys=0,00, real=0,00 secs] 
68,544: [GC (Allocation Failure) [PSYoungGen: 44128K->96K(44032K)] 46020K->1988K(219136K), 0,0003892 secs] [Times: user=0,00 sys=0,00, real=0,00 secs] 
68,580: [GC (Allocation Failure) [PSYoungGen: 43616K->96K(43520K)] 45508K->1988K(218624K), 0,0003938 secs] [Times: user=0,00 sys=0,00, real=0,00 secs] 
68,615: [GC (Allocation Failure) [PSYoungGen: 43104K->96K(43008K)] 44996K->1988K(218112K), 0,0003692 secs] [Times: user=0,00 sys=0,00, real=0,00 secs] 
68,649: [GC (Allocation Failure) [PSYoungGen: 42592K->96K(42496K)] 44484K->1988K(217600K), 0,0003832 secs] [Times: user=0,00 sys=0,00, real=0,00 secs] 
68,683: [GC (Allocation Failure) [PSYoungGen: 42080K->96K(41984K)] 43972K->1988K(217088K), 0,0003799 secs] [Times: user=0,00 sys=0,00, real=0,00 secs] 
68,717: [GC (Allocation Failure) [PSYoungGen: 41568K->96K(41472K)] 43460K->1988K(216576K), 0,0003656 secs] [Times: user=0,00 sys=0,00, real=0,01 secs] 
68,750: [GC (Allocation Failure) [PSYoungGen: 41056K->96K(49664K)] 42948K->1988K(224768K), 0,0004827 secs] [Times: user=0,00 sys=0,00, real=0,00 secs] 
68,791: [GC (Allocation Failure) [PSYoungGen: 49248K->96K(59904K)] 51140K->1988K(235008K), 0,0004043 secs] [Times: user=0,00 sys=0,00, real=0,00 secs] 
68,839: [GC (Allocation Failure) [PSYoungGen: 59488K->96K(58880K)] 61380K->1988K(233984K), 0,0004701 secs] [Times: user=0,00 sys=0,00, real=0,00 secs] 
68,886: [GC (Allocation Failure) [PSYoungGen: 58464K->96K(70656K)] 60356K->1988K(245760K), 0,0005962 secs] [Times: user=0,00 sys=0,00, real=0,00 secs] 
68,943: [GC (Allocation Failure) [PSYoungGen: 70240K->64K(69120K)] 72132K->1956K(244224K), 0,0004998 secs] [Times: user=0,00 sys=0,00, real=0,00 secs] 
68,999: [GC (Allocation Failure) [PSYoungGen: 68672K->96K(67584K)] 70564K->1988K(242688K), 0,0004800 secs] [Times: user=0,00 sys=0,00, real=0,00 secs] 
69,053: [GC (Allocation Failure) [PSYoungGen: 67168K->64K(66048K)] 69060K->1956K(241152K), 0,0004265 secs] [Times: user=0,00 sys=0,00, real=0,00 secs] 
69,106: [GC (Allocation Failure) [PSYoungGen: 65600K->96K(64512K)] 67492K->1988K(239616K), 0,0004746 secs] [Times: user=0,00 sys=0,00, real=0,00 secs] 
69,159: [GC (Allocation Failure) [PSYoungGen: 64096K->64K(62976K)] 65988K->1956K(238080K), 0,0005046 secs] [Times: user=0,00 sys=0,00, real=0,00 secs] 
69,209: [GC (Allocation Failure) [PSYoungGen: 62528K->64K(61952K)] 64420K->1956K(237056K), 0,0004654 secs] [Times: user=0,01 sys=0,00, real=0,00 secs] 
69,259: [GC (Allocation Failure) [PSYoungGen: 61504K->96K(60928K)] 63396K->1988K(236032K), 0,0005267 secs] [Times: user=0,00 sys=0,00, real=0,00 secs] 
69,308: [GC (Allocation Failure) [PSYoungGen: 60512K->96K(59904K)] 62404K->1988K(235008K), 0,0004648 secs] [Times: user=0,01 sys=0,00, real=0,00 secs] 
69,356: [GC (Allocation Failure) [PSYoungGen: 59488K->96K(58880K)] 61380K->1988K(233984K), 0,0004696 secs] [Times: user=0,00 sys=0,00, real=0,00 secs] 
69,404: [GC (Allocation Failure) [PSYoungGen: 58464K->96K(57856K)] 60356K->1988K(232960K), 0,0004807 secs] [Times: user=0,00 sys=0,00, real=0,00 secs] 
69,451: [GC (Allocation Failure) [PSYoungGen: 57440K->64K(56832K)] 59332K->1956K(231936K), 0,0004610 secs] [Times: user=0,00 sys=0,00, real=0,00 secs] 
69,496: [GC (Allocation Failure) [PSYoungGen: 56384K->96K(55808K)] 58276K->1988K(230912K), 0,0004762 secs] [Times: user=0,00 sys=0,00, real=0,00 secs] 
69,542: [GC (Allocation Failure) [PSYoungGen: 55392K->96K(54784K)] 57284K->1988K(229888K), 0,0004772 secs] [Times: user=0,00 sys=0,00, real=0,00 secs] 
69,586: [GC (Allocation Failure) [PSYoungGen: 54368K->96K(53760K)] 56260K->1988K(228864K), 0,0004712 secs] [Times: user=0,01 sys=0,00, real=0,00 secs] 
69,629: [GC (Allocation Failure) [PSYoungGen: 53344K->96K(52736K)] 55236K->1988K(227840K), 0,0004640 secs] [Times: user=0,00 sys=0,00, real=0,00 secs] 
69,672: [GC (Allocation Failure) [PSYoungGen: 52320K->96K(51712K)] 54212K->1988K(226816K), 0,0004979 secs] [Times: user=0,00 sys=0,00, real=0,00 secs] 
69,714: [GC (Allocation Failure) [PSYoungGen: 51295K->96K(50688K)] 53188K->1988K(225792K), 0,0004577 secs] [Times: user=0,00 sys=0,00, real=0,00 secs] 
69,755: [GC (Allocation Failure) [PSYoungGen: 50272K->64K(60928K)] 52164K->1956K(236032K), 0,0004667 secs] [Times: user=0,01 sys=0,00, real=0,00 secs] 
69,804: [GC (Allocation Failure) [PSYoungGen: 60480K->64K(73216K)] 62372K->1956K(248320K), 0,0006766 secs] [Times: user=0,01 sys=0,00, real=0,00 secs] 
69,863: [GC (Allocation Failure) [PSYoungGen: 72768K->96K(71680K)] 74660K->1988K(246784K), 0,0004750 secs] [Times: user=0,00 sys=0,00, real=0,00 secs] 
69,920: [GC (Allocation Failure) [PSYoungGen: 71264K->96K(70144K)] 73156K->1988K(245248K), 0,0004767 secs] [Times: user=0,00 sys=0,00, real=0,00 secs] 
69,977: [GC (Allocation Failure) [PSYoungGen: 69728K->96K(68608K)] 71620K->1988K(243712K), 0,0004805 secs] [Times: user=0,00 sys=0,00, real=0,01 secs] 
70,032: [GC (Allocation Failure) [PSYoungGen: 68192K->64K(67072K)] 70084K->1956K(242176K), 0,0005050 secs] [Times: user=0,00 sys=0,00, real=0,00 secs] 
70,086: [GC (Allocation Failure) [PSYoungGen: 66624K->96K(65536K)] 68516K->1988K(240640K), 0,0004671 secs] [Times: user=0,00 sys=0,00, real=0,00 secs] 
70,139: [GC (Allocation Failure) [PSYoungGen: 65120K->96K(64000K)] 67012K->1988K(239104K), 0,0005306 secs] [Times: user=0,00 sys=0,00, real=0,00 secs] 
70,190: [GC (Allocation Failure) [PSYoungGen: 63584K->96K(62464K)] 65476K->1988K(237568K), 0,0004813 secs] [Times: user=0,00 sys=0,00, real=0,00 secs] 
70,241: [GC (Allocation Failure) [PSYoungGen: 62048K->96K(61440K)] 63940K->1988K(236544K), 0,0004657 secs] [Times: user=0,01 sys=0,00, real=0,00 secs] 
70,290: [GC (Allocation Failure) [PSYoungGen: 61024K->96K(60416K)] 62916K->1988K(235520K), 0,0004911 secs] [Times: user=0,01 sys=0,00, real=0,00 secs] 
70,339: [GC (Allocation Failure) [PSYoungGen: 60000K->96K(59392K)] 61892K->2012K(234496K), 0,0005215 secs] [Times: user=0,00 sys=0,00, real=0,00 secs] 
70,386: [GC (Allocation Failure) [PSYoungGen: 58976K->96K(58368K)] 60892K->2012K(233472K), 0,0004536 secs] [Times: user=0,00 sys=0,00, real=0,00 secs] 
70,434: [GC (Allocation Failure) [PSYoungGen: 57952K->96K(57344K)] 59868K->2012K(232448K), 0,0004566 secs] [Times: user=0,00 sys=0,00, real=0,00 secs] 
70,480: [GC (Allocation Failure) [PSYoungGen: 56928K->96K(56320K)] 58844K->2012K(231424K), 0,0004565 secs] [Times: user=0,00 sys=0,00, real=0,00 secs] 
70,525: [GC (Allocation Failure) [PSYoungGen: 55904K->32K(55296K)] 57820K->1948K(230400K), 0,0004784 secs] [Times: user=0,00 sys=0,00, real=0,00 secs] 
70,569: [GC (Allocation Failure) [PSYoungGen: 54816K->64K(54272K)] 56732K->1980K(229376K), 0,0004596 secs] [Times: user=0,00 sys=0,00, real=0,00 secs] 
70,613: [GC (Allocation Failure) [PSYoungGen: 53824K->64K(53248K)] 55740K->1980K(228352K), 0,0004325 secs] [Times: user=0,00 sys=0,00, real=0,00 secs] 
70,656: [GC (Allocation Failure) [PSYoungGen: 52800K->96K(52224K)] 54716K->2012K(227328K), 0,0004608 secs] [Times: user=0,00 sys=0,00, real=0,00 secs] 
70,698: [GC (Allocation Failure) [PSYoungGen: 51808K->96K(51200K)] 53724K->2012K(226304K), 0,0004745 secs] [Times: user=0,00 sys=0,00, real=0,00 secs] 
70,740: [GC (Allocation Failure) [PSYoungGen: 50784K->96K(50176K)] 52700K->2012K(225280K), 0,0004023 secs] [Times: user=0,00 sys=0,00, real=0,00 secs] 
70,780: [GC (Allocation Failure) [PSYoungGen: 49760K->64K(60416K)] 51676K->1980K(235520K), 0,0005298 secs] [Times: user=0,00 sys=0,00, real=0,00 secs] 
70,828: [GC (Allocation Failure) [PSYoungGen: 59968K->96K(59392K)] 61884K->2012K(234496K), 0,0004819 secs] [Times: user=0,00 sys=0,00, real=0,00 secs] 
70,876: [GC (Allocation Failure) [PSYoungGen: 58976K->64K(58368K)] 60892K->1980K(233472K), 0,0004757 secs] [Times: user=0,00 sys=0,01, real=0,00 secs] 
70,924: [GC (Allocation Failure) [PSYoungGen: 57920K->96K(57344K)] 59836K->2012K(232448K), 0,0004844 secs] [Times: user=0,00 sys=0,00, real=0,00 secs] 
70,970: [GC (Allocation Failure) [PSYoungGen: 56928K->96K(56320K)] 58844K->2012K(231424K), 0,0004879 secs] [Times: user=0,00 sys=0,00, real=0,00 secs] 
71,016: [GC (Allocation Failure) [PSYoungGen: 55904K->96K(55296K)] 57820K->2012K(230400K), 0,0005195 secs] [Times: user=0,00 sys=0,00, real=0,00 secs] 
71,061: [GC (Allocation Failure) [PSYoungGen: 54880K->96K(54272K)] 56796K->2012K(229376K), 0,0004630 secs] [Times: user=0,00 sys=0,00, real=0,00 secs] 
71,104: [GC (Allocation Failure) [PSYoungGen: 53856K->96K(53248K)] 55772K->2012K(228352K), 0,0003798 secs] [Times: user=0,01 sys=0,00, real=0,00 secs] 
71,147: [GC (Allocation Failure) [PSYoungGen: 52832K->96K(52224K)] 54748K->2012K(227328K), 0,0004613 secs] [Times: user=0,00 sys=0,00, real=0,01 secs] 
71,189: [GC (Allocation Failure) [PSYoungGen: 51808K->96K(51200K)] 53724K->2012K(226304K), 0,0005201 secs] [Times: user=0,00 sys=0,00, real=0,00 secs] 
71,230: [GC (Allocation Failure) [PSYoungGen: 50784K->32K(61440K)] 52700K->1948K(236544K), 0,0005145 secs] [Times: user=0,00 sys=0,00, real=0,00 secs] 
71,280: [GC (Allocation Failure) [PSYoungGen: 60960K->96K(60416K)] 62876K->2012K(235520K), 0,0004804 secs] [Times: user=0,00 sys=0,00, real=0,00 secs] 
71,328: [GC (Allocation Failure) [PSYoungGen: 60000K->64K(59392K)] 61916K->1980K(234496K), 0,0004731 secs] [Times: user=0,00 sys=0,00, real=0,00 secs] 
71,376: [GC (Allocation Failure) [PSYoungGen: 58944K->96K(58368K)] 60860K->2012K(233472K), 0,0004729 secs] [Times: user=0,00 sys=0,00, real=0,00 secs] 
71,423: [GC (Allocation Failure) [PSYoungGen: 57952K->96K(57344K)] 59868K->2012K(232448K), 0,0004660 secs] [Times: user=0,00 sys=0,00, real=0,00 secs] 
71,469: [GC (Allocation Failure) [PSYoungGen: 56928K->96K(56320K)] 58844K->2012K(231424K), 0,0004708 secs] [Times: user=0,00 sys=0,00, real=0,00 secs] 
71,515: [GC (Allocation Failure) [PSYoungGen: 55904K->96K(55296K)] 57820K->2012K(230400K), 0,0004719 secs] [Times: user=0,00 sys=0,00, real=0,00 secs] 
71,560: [GC (Allocation Failure) [PSYoungGen: 54880K->96K(54272K)] 56796K->2012K(229376K), 0,0004864 secs] [Times: user=0,00 sys=0,00, real=0,00 secs] 
71,603: [GC (Allocation Failure) [PSYoungGen: 53856K->96K(53248K)] 55772K->2012K(228352K), 0,0003810 secs] [Times: user=0,00 sys=0,00, real=0,00 secs] 
71,646: [GC (Allocation Failure) [PSYoungGen: 52832K->64K(52224K)] 54748K->1980K(227328K), 0,0004752 secs] [Times: user=0,00 sys=0,00, real=0,00 secs] 
71,689: [GC (Allocation Failure) [PSYoungGen: 51776K->96K(51200K)] 53692K->2012K(226304K), 0,0004201 secs] [Times: user=0,00 sys=0,00, real=0,00 secs] 
71,730: [GC (Allocation Failure) [PSYoungGen: 50784K->96K(50176K)] 52700K->2012K(225280K), 0,0004574 secs] [Times: user=0,00 sys=0,00, real=0,00 secs] 
71,770: [GC (Allocation Failure) [PSYoungGen: 49760K->64K(60416K)] 51676K->1980K(235520K), 0,0006567 secs] [Times: user=0,00 sys=0,00, real=0,00 secs] 
71,819: [GC (Allocation Failure) [PSYoungGen: 59968K->96K(72704K)] 61884K->2012K(247808K), 0,0004766 secs] [Times: user=0,00 sys=0,00, real=0,00 secs] 
71,878: [GC (Allocation Failure) [PSYoungGen: 72288K->96K(71168K)] 74204K->2012K(246272K), 0,0005260 secs] [Times: user=0,01 sys=0,00, real=0,00 secs] 
71,935: [GC (Allocation Failure) [PSYoungGen: 70752K->64K(69632K)] 72668K->1980K(244736K), 0,0005156 secs] [Times: user=0,00 sys=0,00, real=0,00 secs] 
71,991: [GC (Allocation Failure) [PSYoungGen: 69184K->96K(68096K)] 71100K->2012K(243200K), 0,0005432 secs] [Times: user=0,00 sys=0,00, real=0,00 secs] 
72,046: [GC (Allocation Failure) [PSYoungGen: 67680K->96K(66560K)] 69596K->2012K(241664K), 0,0004847 secs] [Times: user=0,00 sys=0,00, real=0,00 secs] 
72,100: [GC (Allocation Failure) [PSYoungGen: 66144K->96K(65024K)] 68060K->2012K(240128K), 0,0004856 secs] [Times: user=0,00 sys=0,00, real=0,00 secs] 
72,153: [GC (Allocation Failure) [PSYoungGen: 64608K->96K(63488K)] 66524K->2012K(238592K), 0,0005293 secs] [Times: user=0,00 sys=0,00, real=0,00 secs] 
72,204: [GC (Allocation Failure) [PSYoungGen: 63072K->96K(61952K)] 64988K->2012K(237056K), 0,0004908 secs] [Times: user=0,00 sys=0,00, real=0,00 secs] 
72,254: [GC (Allocation Failure) [PSYoungGen: 61536K->96K(60928K)] 63452K->2012K(236032K), 0,0004496 secs] [Times: user=0,00 sys=0,00, real=0,00 secs] 
72,303: [GC (Allocation Failure) [PSYoungGen: 60512K->64K(59904K)] 62428K->1980K(235008K), 0,0006795 secs] [Times: user=0,00 sys=0,00, real=0,00 secs] 
72,351: [GC (Allocation Failure) [PSYoungGen: 59456K->96K(58880K)] 61372K->2012K(233984K), 0,0004585 secs] [Times: user=0,00 sys=0,00, real=0,00 secs] 
72,399: [GC (Allocation Failure) [PSYoungGen: 58464K->64K(57856K)] 60380K->1980K(232960K), 0,0004824 secs] [Times: user=0,00 sys=0,00, real=0,00 secs] 
72,446: [GC (Allocation Failure) [PSYoungGen: 57408K->96K(56832K)] 59324K->2012K(231936K), 0,0005531 secs] [Times: user=0,00 sys=0,00, real=0,00 secs] 
72,491: [GC (Allocation Failure) [PSYoungGen: 56416K->96K(55808K)] 58332K->2012K(230912K), 0,0004595 secs] [Times: user=0,00 sys=0,00, real=0,00 secs] 
72,537: [GC (Allocation Failure) [PSYoungGen: 55392K->96K(67072K)] 57308K->2012K(242176K), 0,0005856 secs] [Times: user=0,00 sys=0,00, real=0,01 secs] 
72,591: [GC (Allocation Failure) [PSYoungGen: 66656K->96K(65536K)] 68572K->2012K(240640K), 0,0004749 secs] [Times: user=0,00 sys=0,00, real=0,00 secs] 
72,643: [GC (Allocation Failure) [PSYoungGen: 65120K->64K(64000K)] 67036K->1980K(239104K), 0,0004712 secs] [Times: user=0,00 sys=0,00, real=0,00 secs] 
72,695: [GC (Allocation Failure) [PSYoungGen: 63552K->64K(62464K)] 65468K->1980K(237568K), 0,0005059 secs] [Times: user=0,00 sys=0,00, real=0,00 secs] 
72,745: [GC (Allocation Failure) [PSYoungGen: 62016K->96K(61440K)] 63932K->2012K(236544K), 0,0004767 secs] [Times: user=0,00 sys=0,00, real=0,00 secs] 
72,795: [GC (Allocation Failure) [PSYoungGen: 61024K->96K(60416K)] 62940K->2012K(235520K), 0,0004947 secs] [Times: user=0,00 sys=0,00, real=0,00 secs] 
72,843: [GC (Allocation Failure) [PSYoungGen: 60000K->64K(59392K)] 61916K->1980K(234496K), 0,0004831 secs] [Times: user=0,00 sys=0,00, real=0,00 secs] 
72,891: [GC (Allocation Failure) [PSYoungGen: 58944K->96K(58368K)] 60860K->2012K(233472K), 0,0004872 secs] [Times: user=0,00 sys=0,00, real=0,00 secs] 
72,938: [GC (Allocation Failure) [PSYoungGen: 57952K->96K(57344K)] 59868K->2012K(232448K), 0,0004907 secs] [Times: user=0,00 sys=0,00, real=0,00 secs] 
72,985: [GC (Allocation Failure) [PSYoungGen: 56928K->96K(56320K)] 58844K->2012K(231424K), 0,0004657 secs] [Times: user=0,00 sys=0,00, real=0,00 secs] 
73,030: [GC (Allocation Failure) [PSYoungGen: 55904K->96K(55296K)] 57820K->2012K(230400K), 0,0004821 secs] [Times: user=0,00 sys=0,00, real=0,00 secs] 
73,075: [GC (Allocation Failure) [PSYoungGen: 54880K->96K(54272K)] 56796K->2012K(229376K), 0,0005115 secs] [Times: user=0,00 sys=0,00, real=0,00 secs] 
73,119: [GC (Allocation Failure) [PSYoungGen: 53856K->96K(53248K)] 55772K->2012K(228352K), 0,0005031 secs] [Times: user=0,01 sys=0,00, real=0,00 secs] 
73,162: [GC (Allocation Failure) [PSYoungGen: 52832K->96K(52224K)] 54748K->2012K(227328K), 0,0004861 secs] [Times: user=0,00 sys=0,00, real=0,00 secs] 
73,204: [GC (Allocation Failure) [PSYoungGen: 51808K->128K(62976K)] 53724K->2044K(238080K), 0,0004887 secs] [Times: user=0,00 sys=0,00, real=0,00 secs] 
73,255: [GC (Allocation Failure) [PSYoungGen: 62592K->96K(61952K)] 64508K->2012K(237056K), 0,0004671 secs] [Times: user=0,00 sys=0,00, real=0,00 secs] 
73,304: [GC (Allocation Failure) [PSYoungGen: 61536K->96K(60928K)] 63452K->2012K(236032K), 0,0005102 secs] [Times: user=0,00 sys=0,00, real=0,00 secs] 
73,353: [GC (Allocation Failure) [PSYoungGen: 60512K->96K(59904K)] 62428K->2012K(235008K), 0,0004674 secs] [Times: user=0,00 sys=0,00, real=0,00 secs] 
73,402: [GC (Allocation Failure) [PSYoungGen: 59488K->96K(58880K)] 61404K->2012K(233984K), 0,0004714 secs] [Times: user=0,00 sys=0,00, real=0,00 secs] 
73,449: [GC (Allocation Failure) [PSYoungGen: 58464K->96K(57856K)] 60380K->2012K(232960K), 0,0005041 secs] [Times: user=0,00 sys=0,00, real=0,00 secs] 
73,496: [GC (Allocation Failure) [PSYoungGen: 57440K->64K(56832K)] 59356K->1980K(231936K), 0,0004836 secs] [Times: user=0,00 sys=0,00, real=0,00 secs] 
73,542: [GC (Allocation Failure) [PSYoungGen: 56384K->96K(55808K)] 58300K->2012K(230912K), 0,0004646 secs] [Times: user=0,00 sys=0,00, real=0,00 secs] 
73,590: [GC (Allocation Failure) [PSYoungGen: 55392K->96K(54784K)] 57308K->2012K(229888K), 0,0004851 secs] [Times: user=0,00 sys=0,00, real=0,00 secs] 
73,634: [GC (Allocation Failure) [PSYoungGen: 54368K->64K(53760K)] 56284K->1980K(228864K), 0,0005048 secs] [Times: user=0,00 sys=0,00, real=0,00 secs] 
73,678: [GC (Allocation Failure) [PSYoungGen: 53312K->96K(52736K)] 55228K->2012K(227840K), 0,0004740 secs] [Times: user=0,00 sys=0,00, real=0,00 secs] 
73,720: [GC (Allocation Failure) [PSYoungGen: 52320K->96K(51712K)] 54236K->2012K(226816K), 0,0003980 secs] [Times: user=0,00 sys=0,00, real=0,00 secs] 
73,762: [GC (Allocation Failure) [PSYoungGen: 51296K->64K(50688K)] 53212K->1980K(225792K), 0,0004895 secs] [Times: user=0,00 sys=0,00, real=0,00 secs] 
73,803: [GC (Allocation Failure) [PSYoungGen: 50240K->96K(49664K)] 52156K->2012K(224768K), 0,0004765 secs] [Times: user=0,00 sys=0,00, real=0,00 secs] 
73,843: [GC (Allocation Failure) [PSYoungGen: 49248K->96K(48640K)] 51164K->2012K(223744K), 0,0003873 secs] [Times: user=0,00 sys=0,00, real=0,00 secs] 
73,882: [GC (Allocation Failure) [PSYoungGen: 48224K->96K(48128K)] 50140K->2012K(223232K), 0,0003776 secs] [Times: user=0,00 sys=0,00, real=0,00 secs] 
73,921: [GC (Allocation Failure) [PSYoungGen: 47712K->64K(47616K)] 49628K->1980K(222720K), 0,0003686 secs] [Times: user=0,00 sys=0,00, real=0,00 secs] 
73,959: [GC (Allocation Failure) [PSYoungGen: 47168K->96K(47104K)] 49084K->2012K(222208K), 0,0003944 secs] [Times: user=0,00 sys=0,00, real=0,00 secs] 
73,997: [GC (Allocation Failure) [PSYoungGen: 46688K->96K(46592K)] 48604K->2012K(221696K), 0,0003829 secs] [Times: user=0,00 sys=0,00, real=0,01 secs] 
74,035: [GC (Allocation Failure) [PSYoungGen: 46176K->64K(46080K)] 48092K->1980K(221184K), 0,0004774 secs] [Times: user=0,00 sys=0,00, real=0,00 secs] 
74,072: [GC (Allocation Failure) [PSYoungGen: 45632K->96K(45568K)] 47548K->2012K(220672K), 0,0003744 secs] [Times: user=0,00 sys=0,00, real=0,00 secs] 
74,109: [GC (Allocation Failure) [PSYoungGen: 45152K->96K(45056K)] 47068K->2012K(220160K), 0,0003967 secs] [Times: user=0,00 sys=0,00, real=0,00 secs] 
74,145: [GC (Allocation Failure) [PSYoungGen: 44640K->96K(44544K)] 46556K->2012K(219648K), 0,0003794 secs] [Times: user=0,00 sys=0,00, real=0,00 secs] 
74,181: [GC (Allocation Failure) [PSYoungGen: 44128K->128K(44032K)] 46044K->2044K(219136K), 0,0003870 secs] [Times: user=0,00 sys=0,00, real=0,00 secs] 
74,216: [GC (Allocation Failure) [PSYoungGen: 43648K->64K(52736K)] 45564K->1980K(227840K), 0,0004416 secs] [Times: user=0,00 sys=0,00, real=0,00 secs] 
74,258: [GC (Allocation Failure) [PSYoungGen: 52288K->96K(63488K)] 54204K->2012K(238592K), 0,0004564 secs] [Times: user=0,00 sys=0,00, real=0,00 secs] 
74,310: [GC (Allocation Failure) [PSYoungGen: 63072K->64K(61952K)] 64988K->1980K(237056K), 0,0005425 secs] [Times: user=0,01 sys=0,00, real=0,00 secs] 
74,359: [GC (Allocation Failure) [PSYoungGen: 61504K->96K(60928K)] 63420K->2012K(236032K), 0,0004701 secs] [Times: user=0,00 sys=0,00, real=0,00 secs] 
74,408: [GC (Allocation Failure) [PSYoungGen: 60512K->64K(59904K)] 62428K->1980K(235008K), 0,0005284 secs] [Times: user=0,01 sys=0,00, real=0,00 secs] 
74,457: [GC (Allocation Failure) [PSYoungGen: 59456K->64K(58880K)] 61372K->1980K(233984K), 0,0004789 secs] [Times: user=0,00 sys=0,00, real=0,01 secs] 
74,505: [GC (Allocation Failure) [PSYoungGen: 58432K->96K(57856K)] 60348K->2012K(232960K), 0,0004783 secs] [Times: user=0,00 sys=0,00, real=0,00 secs] 
74,551: [GC (Allocation Failure) [PSYoungGen: 57440K->96K(56832K)] 59356K->2012K(231936K), 0,0004705 secs] [Times: user=0,00 sys=0,00, real=0,00 secs] 
74,597: [GC (Allocation Failure) [PSYoungGen: 56416K->96K(55808K)] 58332K->2012K(230912K), 0,0004670 secs] [Times: user=0,01 sys=0,00, real=0,00 secs] 
74,642: [GC (Allocation Failure) [PSYoungGen: 55392K->96K(54784K)] 57308K->2012K(229888K), 0,0004678 secs] [Times: user=0,00 sys=0,00, real=0,00 secs] 
74,687: [GC (Allocation Failure) [PSYoungGen: 54368K->64K(53760K)] 56284K->1980K(228864K), 0,0005361 secs] [Times: user=0,01 sys=0,00, real=0,01 secs] 
74,730: [GC (Allocation Failure) [PSYoungGen: 53312K->64K(52736K)] 55228K->1980K(227840K), 0,0004769 secs] [Times: user=0,00 sys=0,00, real=0,00 secs] 
74,773: [GC (Allocation Failure) [PSYoungGen: 52288K->96K(51712K)] 54204K->2012K(226816K), 0,0004555 secs] [Times: user=0,00 sys=0,00, real=0,00 secs] 
74,814: [GC (Allocation Failure) [PSYoungGen: 51295K->96K(61952K)] 53212K->2012K(237056K), 0,0004992 secs] [Times: user=0,00 sys=0,00, real=0,00 secs] 
74,864: [GC (Allocation Failure) [PSYoungGen: 61536K->96K(60928K)] 63452K->2012K(236032K), 0,0004948 secs] [Times: user=0,01 sys=0,00, real=0,00 secs] 
74,913: [GC (Allocation Failure) [PSYoungGen: 60512K->96K(59904K)] 62428K->2012K(235008K), 0,0004555 secs] [Times: user=0,00 sys=0,00, real=0,00 secs] 
74,961: [GC (Allocation Failure) [PSYoungGen: 59488K->96K(58880K)] 61404K->2012K(233984K), 0,0004700 secs] [Times: user=0,00 sys=0,00, real=0,00 secs] 
75,008: [GC (Allocation Failure) [PSYoungGen: 58464K->96K(57856K)] 60380K->2012K(232960K), 0,0004847 secs] [Times: user=0,00 sys=0,00, real=0,00 secs] 
75,055: [GC (Allocation Failure) [PSYoungGen: 57440K->64K(56832K)] 59356K->1980K(231936K), 0,0004654 secs] [Times: user=0,00 sys=0,00, real=0,00 secs] 
75,101: [GC (Allocation Failure) [PSYoungGen: 56384K->96K(55808K)] 58300K->2012K(230912K), 0,0004641 secs] [Times: user=0,00 sys=0,00, real=0,00 secs] 
75,146: [GC (Allocation Failure) [PSYoungGen: 55392K->96K(54784K)] 57308K->2012K(229888K), 0,0004178 secs] [Times: user=0,00 sys=0,00, real=0,00 secs] 
75,190: [GC (Allocation Failure) [PSYoungGen: 54368K->32K(53760K)] 56284K->1948K(228864K), 0,0005484 secs] [Times: user=0,00 sys=0,00, real=0,00 secs] 
75,234: [GC (Allocation Failure) [PSYoungGen: 53280K->64K(52736K)] 55196K->1980K(227840K), 0,0004591 secs] [Times: user=0,00 sys=0,00, real=0,00 secs] 
75,276: [GC (Allocation Failure) [PSYoungGen: 52288K->96K(51712K)] 54204K->2012K(226816K), 0,0004574 secs] [Times: user=0,00 sys=0,00, real=0,00 secs] 
75,318: [GC (Allocation Failure) [PSYoungGen: 51296K->96K(50688K)] 53212K->2012K(225792K), 0,0003985 secs] [Times: user=0,00 sys=0,00, real=0,00 secs] 
75,359: [GC (Allocation Failure) [PSYoungGen: 50272K->96K(49664K)] 52188K->2012K(224768K), 0,0004611 secs] [Times: user=0,00 sys=0,00, real=0,00 secs] 
75,399: [GC (Allocation Failure) [PSYoungGen: 49248K->64K(48640K)] 51164K->1980K(223744K), 0,0004696 secs] [Times: user=0,00 sys=0,00, real=0,00 secs] 
75,438: [GC (Allocation Failure) [PSYoungGen: 48192K->96K(58368K)] 50108K->2012K(233472K), 0,0009736 secs] [Times: user=0,00 sys=0,00, real=0,00 secs] 
75,487: [GC (Allocation Failure) [PSYoungGen: 57952K->96K(70144K)] 59868K->2012K(245248K), 0,0022239 secs] [Times: user=0,00 sys=0,00, real=0,01 secs] 
75,546: [GC (Allocation Failure) [PSYoungGen: 69728K->64K(84480K)] 71644K->1980K(259584K), 0,0004993 secs] [Times: user=0,00 sys=0,00, real=0,00 secs] 
75,614: [GC (Allocation Failure) [PSYoungGen: 84032K->64K(101376K)] 85948K->1980K(276480K), 0,0010166 secs] [Times: user=0,00 sys=0,00, real=0,00 secs] 
75,698: [GC (Allocation Failure) [PSYoungGen: 100928K->64K(121856K)] 102844K->1980K(296960K), 0,0005054 secs] [Times: user=0,00 sys=0,00, real=0,00 secs] 
75,797: [GC (Allocation Failure) [PSYoungGen: 121408K->64K(118272K)] 123324K->1980K(293376K), 0,0004921 secs] [Times: user=0,00 sys=0,00, real=0,01 secs] 
75,891: [GC (Allocation Failure) [PSYoungGen: 117824K->96K(114688K)] 119740K->2012K(289792K), 0,0005760 secs] [Times: user=0,00 sys=0,00, real=0,00 secs] 
75,983: [GC (Allocation Failure) [PSYoungGen: 114272K->96K(111104K)] 116188K->2012K(286208K), 0,0005318 secs] [Times: user=0,00 sys=0,00, real=0,00 secs] 
76,072: [GC (Allocation Failure) [PSYoungGen: 110688K->64K(108032K)] 112604K->1980K(283136K), 0,0004985 secs] [Times: user=0,00 sys=0,00, real=0,00 secs] 
76,159: [GC (Allocation Failure) [PSYoungGen: 107584K->96K(104960K)] 109500K->2012K(280064K), 0,0005458 secs] [Times: user=0,00 sys=0,00, real=0,00 secs] 
76,244: [GC (Allocation Failure) [PSYoungGen: 104544K->96K(101888K)] 106460K->2012K(276992K), 0,0005126 secs] [Times: user=0,00 sys=0,00, real=0,00 secs] 
76,327: [GC (Allocation Failure) [PSYoungGen: 101472K->96K(98816K)] 103388K->2012K(273920K), 0,0005106 secs] [Times: user=0,01 sys=0,01, real=0,01 secs] 
76,406: [GC (Allocation Failure) [PSYoungGen: 98400K->96K(96256K)] 100316K->2012K(271360K), 0,0005096 secs] [Times: user=0,01 sys=0,00, real=0,00 secs] 
76,484: [GC (Allocation Failure) [PSYoungGen: 95840K->96K(93696K)] 97756K->2012K(268800K), 0,0004898 secs] [Times: user=0,00 sys=0,00, real=0,00 secs] 
76,559: [GC (Allocation Failure) [PSYoungGen: 93280K->96K(91136K)] 95196K->2012K(266240K), 0,0005239 secs] [Times: user=0,00 sys=0,00, real=0,00 secs] 
76,633: [GC (Allocation Failure) [PSYoungGen: 90720K->96K(88576K)] 92636K->2012K(263680K), 0,0005079 secs] [Times: user=0,00 sys=0,00, real=0,00 secs] 
76,705: [GC (Allocation Failure) [PSYoungGen: 88160K->64K(86528K)] 90076K->1980K(261632K), 0,0005064 secs] [Times: user=0,01 sys=0,00, real=0,00 secs] 
76,775: [GC (Allocation Failure) [PSYoungGen: 86080K->96K(84480K)] 87996K->2012K(259584K), 0,0005271 secs] [Times: user=0,01 sys=0,00, real=0,00 secs] 
76,843: [GC (Allocation Failure) [PSYoungGen: 84064K->96K(82432K)] 85980K->2012K(257536K), 0,0005071 secs] [Times: user=0,00 sys=0,00, real=0,00 secs] 
76,909: [GC (Allocation Failure) [PSYoungGen: 82016K->96K(80384K)] 83932K->2012K(255488K), 0,0004863 secs] [Times: user=0,00 sys=0,00, real=0,00 secs] 
76,974: [GC (Allocation Failure) [PSYoungGen: 79968K->64K(78336K)] 81884K->1980K(253440K), 0,0004886 secs] [Times: user=0,00 sys=0,00, real=0,00 secs] 
77,037: [GC (Allocation Failure) [PSYoungGen: 77888K->64K(76288K)] 79804K->1980K(251392K), 0,0004763 secs] [Times: user=0,00 sys=0,00, real=0,00 secs] 
77,099: [GC (Allocation Failure) [PSYoungGen: 75840K->96K(74752K)] 77756K->2012K(249856K), 0,0004836 secs] [Times: user=0,00 sys=0,00, real=0,00 secs] 
77,159: [GC (Allocation Failure) [PSYoungGen: 74336K->64K(73216K)] 76252K->1980K(248320K), 0,0005412 secs] [Times: user=0,00 sys=0,00, real=0,00 secs] 
77,218: [GC (Allocation Failure) [PSYoungGen: 72768K->96K(71680K)] 74684K->2012K(246784K), 0,0005116 secs] [Times: user=0,00 sys=0,00, real=0,00 secs] 
77,276: [GC (Allocation Failure) [PSYoungGen: 71264K->96K(70144K)] 73180K->2012K(245248K), 0,0004909 secs] [Times: user=0,00 sys=0,00, real=0,00 secs] 
77,332: [GC (Allocation Failure) [PSYoungGen: 69728K->96K(68608K)] 71644K->2012K(243712K), 0,0005330 secs] [Times: user=0,00 sys=0,00, real=0,00 secs] 
77,388: [GC (Allocation Failure) [PSYoungGen: 68192K->64K(67072K)] 70108K->1980K(242176K), 0,0006702 secs] [Times: user=0,00 sys=0,00, real=0,00 secs] 
77,442: [GC (Allocation Failure) [PSYoungGen: 66624K->96K(65536K)] 68540K->2012K(240640K), 0,0004950 secs] [Times: user=0,00 sys=0,00, real=0,00 secs] 
77,495: [GC (Allocation Failure) [PSYoungGen: 65120K->96K(64000K)] 67036K->2012K(239104K), 0,0004811 secs] [Times: user=0,00 sys=0,00, real=0,00 secs] 
77,546: [GC (Allocation Failure) [PSYoungGen: 63584K->32K(62464K)] 65500K->1948K(237568K), 0,0004983 secs] [Times: user=0,00 sys=0,00, real=0,00 secs] 
77,597: [GC (Allocation Failure) [PSYoungGen: 61984K->96K(61440K)] 63900K->2012K(236544K), 0,0004906 secs] [Times: user=0,00 sys=0,00, real=0,01 secs] 
77,646: [GC (Allocation Failure) [PSYoungGen: 61024K->96K(60416K)] 62940K->2012K(235520K), 0,0004759 secs] [Times: user=0,00 sys=0,00, real=0,00 secs] 
77,695: [GC (Allocation Failure) [PSYoungGen: 60000K->96K(59392K)] 61916K->2012K(234496K), 0,0004911 secs] [Times: user=0,00 sys=0,00, real=0,00 secs] 
77,743: [GC (Allocation Failure) [PSYoungGen: 58976K->96K(58368K)] 60892K->2012K(233472K), 0,0004869 secs] [Times: user=0,00 sys=0,00, real=0,00 secs] 
77,790: [GC (Allocation Failure) [PSYoungGen: 57952K->96K(57344K)] 59868K->2012K(232448K), 0,0005251 secs] [Times: user=0,00 sys=0,00, real=0,00 secs] 
77,836: [GC (Allocation Failure) [PSYoungGen: 56928K->96K(56320K)] 58844K->2012K(231424K), 0,0004747 secs] [Times: user=0,00 sys=0,00, real=0,00 secs] 
77,882: [GC (Allocation Failure) [PSYoungGen: 55904K->96K(55296K)] 57820K->2012K(230400K), 0,0005760 secs] [Times: user=0,00 sys=0,00, real=0,00 secs] 
77,926: [GC (Allocation Failure) [PSYoungGen: 54880K->96K(54272K)] 56796K->2012K(229376K), 0,0004913 secs] [Times: user=0,01 sys=0,00, real=0,00 secs] 
77,970: [GC (Allocation Failure) [PSYoungGen: 53856K->96K(53248K)] 55772K->2012K(228352K), 0,0004980 secs] [Times: user=0,00 sys=0,00, real=0,00 secs] 
78,013: [GC (Allocation Failure) [PSYoungGen: 52832K->96K(52224K)] 54748K->2012K(227328K), 0,0004668 secs] [Times: user=0,00 sys=0,00, real=0,00 secs] 
78,055: [GC (Allocation Failure) [PSYoungGen: 51808K->96K(62976K)] 53724K->2012K(238080K), 0,0004735 secs] [Times: user=0,01 sys=0,00, real=0,00 secs] 
78,106: [GC (Allocation Failure) [PSYoungGen: 62560K->32K(61952K)] 64476K->1948K(237056K), 0,0004551 secs] [Times: user=0,00 sys=0,00, real=0,00 secs] 
78,156: [GC (Allocation Failure) [PSYoungGen: 61472K->128K(60928K)] 63388K->2044K(236032K), 0,0004847 secs] [Times: user=0,00 sys=0,00, real=0,00 secs] 
78,205: [GC (Allocation Failure) [PSYoungGen: 60544K->64K(59904K)] 62460K->1980K(235008K), 0,0004872 secs] [Times: user=0,00 sys=0,00, real=0,00 secs] 
78,254: [GC (Allocation Failure) [PSYoungGen: 59456K->96K(58880K)] 61372K->2012K(233984K), 0,0006032 secs] [Times: user=0,01 sys=0,00, real=0,00 secs] 
78,302: [GC (Allocation Failure) [PSYoungGen: 58464K->64K(57856K)] 60380K->1980K(232960K), 0,0005005 secs] [Times: user=0,00 sys=0,00, real=0,00 secs] 
78,348: [GC (Allocation Failure) [PSYoungGen: 57408K->96K(56832K)] 59324K->2012K(231936K), 0,0004714 secs] [Times: user=0,00 sys=0,00, real=0,00 secs] 
78,394: [GC (Allocation Failure) [PSYoungGen: 56416K->96K(55808K)] 58332K->2012K(230912K), 0,0004696 secs] [Times: user=0,00 sys=0,00, real=0,00 secs] 
78,440: [GC (Allocation Failure) [PSYoungGen: 55392K->96K(67072K)] 57308K->2012K(242176K), 0,0005991 secs] [Times: user=0,00 sys=0,00, real=0,00 secs] 
78,494: [GC (Allocation Failure) [PSYoungGen: 66656K->96K(65536K)] 68572K->2012K(240640K), 0,0004754 secs] [Times: user=0,00 sys=0,00, real=0,00 secs] 
78,547: [GC (Allocation Failure) [PSYoungGen: 65120K->64K(64000K)] 67036K->1980K(239104K), 0,0005191 secs] [Times: user=0,00 sys=0,00, real=0,01 secs] 
78,598: [GC (Allocation Failure) [PSYoungGen: 63552K->96K(62464K)] 65468K->2012K(237568K), 0,0004853 secs] [Times: user=0,00 sys=0,00, real=0,00 secs] 
78,649: [GC (Allocation Failure) [PSYoungGen: 62048K->64K(61440K)] 63964K->1980K(236544K), 0,0004813 secs] [Times: user=0,00 sys=0,00, real=0,00 secs] 
78,699: [GC (Allocation Failure) [PSYoungGen: 60992K->64K(60416K)] 62908K->1980K(235520K), 0,0004980 secs] [Times: user=0,00 sys=0,00, real=0,00 secs] 
78,747: [GC (Allocation Failure) [PSYoungGen: 59968K->96K(59392K)] 61884K->2012K(234496K), 0,0004582 secs] [Times: user=0,00 sys=0,00, real=0,00 secs] 
78,795: [GC (Allocation Failure) [PSYoungGen: 58976K->96K(58368K)] 60892K->2012K(233472K), 0,0004940 secs] [Times: user=0,00 sys=0,00, real=0,00 secs] 
78,842: [GC (Allocation Failure) [PSYoungGen: 57952K->64K(57344K)] 59868K->1980K(232448K), 0,0005133 secs] [Times: user=0,00 sys=0,00, real=0,00 secs] 
78,888: [GC (Allocation Failure) [PSYoungGen: 56896K->64K(56320K)] 58812K->1980K(231424K), 0,0004905 secs] [Times: user=0,00 sys=0,00, real=0,00 secs] 
78,934: [GC (Allocation Failure) [PSYoungGen: 55872K->96K(55296K)] 57788K->2012K(230400K), 0,0005210 secs] [Times: user=0,00 sys=0,00, real=0,00 secs] 
78,979: [GC (Allocation Failure) [PSYoungGen: 54880K->64K(66560K)] 56796K->1980K(241664K), 0,0005627 secs] [Times: user=0,00 sys=0,00, real=0,00 secs] 
79,035: [GC (Allocation Failure) [PSYoungGen: 66112K->96K(65024K)] 68028K->2012K(240128K), 0,0005041 secs] [Times: user=0,00 sys=0,00, real=0,00 secs] 
79,088: [GC (Allocation Failure) [PSYoungGen: 64608K->96K(63488K)] 66524K->2012K(238592K), 0,0006422 secs] [Times: user=0,01 sys=0,00, real=0,00 secs] 
79,146: [GC (Allocation Failure) [PSYoungGen: 63072K->96K(61952K)] 64988K->2012K(237056K), 0,0005251 secs] [Times: user=0,00 sys=0,00, real=0,00 secs] 
79,200: [GC (Allocation Failure) [PSYoungGen: 61536K->128K(60928K)] 63452K->2044K(236032K), 0,0005754 secs] [Times: user=0,00 sys=0,00, real=0,00 secs] 
79,253: [GC (Allocation Failure) [PSYoungGen: 60544K->96K(59904K)] 62460K->2012K(235008K), 0,0004804 secs] [Times: user=0,00 sys=0,00, real=0,00 secs] 
79,304: [GC (Allocation Failure) [PSYoungGen: 59488K->64K(58880K)] 61404K->1980K(233984K), 0,0005071 secs] [Times: user=0,00 sys=0,00, real=0,00 secs] 
79,353: [GC (Allocation Failure) [PSYoungGen: 58432K->96K(57856K)] 60348K->2012K(232960K), 0,0005273 secs] [Times: user=0,00 sys=0,00, real=0,00 secs] 
79,404: [GC (Allocation Failure) [PSYoungGen: 57440K->96K(56832K)] 59356K->2012K(231936K), 0,0005267 secs] [Times: user=0,00 sys=0,00, real=0,00 secs] 
79,451: [GC (Allocation Failure) [PSYoungGen: 56416K->96K(55808K)] 58332K->2012K(230912K), 0,0005202 secs] [Times: user=0,00 sys=0,00, real=0,00 secs] 
79,496: [GC (Allocation Failure) [PSYoungGen: 55392K->64K(54784K)] 57308K->1980K(229888K), 0,0004854 secs] [Times: user=0,01 sys=0,00, real=0,00 secs] 
79,543: [GC (Allocation Failure) [PSYoungGen: 54336K->96K(53760K)] 56252K->2012K(228864K), 0,0005590 secs] [Times: user=0,00 sys=0,00, real=0,00 secs] 
79,592: [GC (Allocation Failure) [PSYoungGen: 53344K->96K(64512K)] 55260K->2012K(239616K), 0,0006800 secs] [Times: user=0,00 sys=0,00, real=0,00 secs] 
79,649: [GC (Allocation Failure) [PSYoungGen: 64096K->64K(77312K)] 66012K->1980K(252416K), 0,0006610 secs] [Times: user=0,00 sys=0,00, real=0,00 secs] 
79,718: [GC (Allocation Failure) [PSYoungGen: 76864K->96K(92672K)] 78780K->2012K(267776K), 0,0009076 secs] [Times: user=0,00 sys=0,00, real=0,00 secs] 
79,796: [GC (Allocation Failure) [PSYoungGen: 92256K->96K(90112K)] 94172K->2012K(265216K), 0,0005173 secs] [Times: user=0,00 sys=0,00, real=0,00 secs] 
79,869: [GC (Allocation Failure) [PSYoungGen: 89696K->96K(87552K)] 91612K->2012K(262656K), 0,0005179 secs] [Times: user=0,00 sys=0,00, real=0,00 secs] 
79,940: [GC (Allocation Failure) [PSYoungGen: 87136K->96K(85504K)] 89052K->2012K(260608K), 0,0005630 secs] [Times: user=0,00 sys=0,00, real=0,00 secs] 
80,015: [GC (Allocation Failure) [PSYoungGen: 85088K->96K(83456K)] 87004K->2012K(258560K), 0,0006317 secs] [Times: user=0,00 sys=0,00, real=0,00 secs] 
80,087: [GC (Allocation Failure) [PSYoungGen: 83040K->96K(81408K)] 84956K->2012K(256512K), 0,0007193 secs] [Times: user=0,00 sys=0,00, real=0,00 secs] 
80,159: [GC (Allocation Failure) [PSYoungGen: 80992K->96K(79360K)] 82908K->2012K(254464K), 0,0005388 secs] [Times: user=0,00 sys=0,00, real=0,00 secs] 
80,226: [GC (Allocation Failure) [PSYoungGen: 78944K->32K(77312K)] 80860K->1948K(252416K), 0,0006191 secs] [Times: user=0,00 sys=0,00, real=0,00 secs] 
80,291: [GC (Allocation Failure) [PSYoungGen: 76832K->96K(75264K)] 78748K->2012K(250368K), 0,0005015 secs] [Times: user=0,00 sys=0,00, real=0,00 secs] 
80,357: [GC (Allocation Failure) [PSYoungGen: 74848K->96K(73728K)] 76764K->2036K(248832K), 0,0004993 secs] [Times: user=0,00 sys=0,00, real=0,00 secs] 
80,419: [GC (Allocation Failure) [PSYoungGen: 73312K->96K(72192K)] 75252K->2036K(247296K), 0,0005452 secs] [Times: user=0,00 sys=0,00, real=0,00 secs] 
80,478: [GC (Allocation Failure) [PSYoungGen: 71776K->96K(70656K)] 73716K->2036K(245760K), 0,0006531 secs] [Times: user=0,00 sys=0,00, real=0,00 secs] 
80,542: [GC (Allocation Failure) [PSYoungGen: 70240K->96K(69120K)] 72180K->2036K(244224K), 0,0005078 secs] [Times: user=0,01 sys=0,00, real=0,00 secs] 
80,599: [GC (Allocation Failure) [PSYoungGen: 68704K->96K(67584K)] 70644K->2036K(242688K), 0,0006542 secs] [Times: user=0,00 sys=0,00, real=0,00 secs] 
80,660: [GC (Allocation Failure) [PSYoungGen: 67168K->96K(66048K)] 69108K->2036K(241152K), 0,0006850 secs] [Times: user=0,00 sys=0,00, real=0,00 secs] 
80,719: [GC (Allocation Failure) [PSYoungGen: 65632K->96K(64512K)] 67572K->2036K(239616K), 0,0006755 secs] [Times: user=0,00 sys=0,00, real=0,00 secs] 
80,776: [GC (Allocation Failure) [PSYoungGen: 64096K->96K(62976K)] 66036K->2036K(238080K), 0,0007035 secs] [Times: user=0,00 sys=0,00, real=0,00 secs] 
80,832: [GC (Allocation Failure) [PSYoungGen: 62560K->64K(75776K)] 64500K->2004K(250880K), 0,0007509 secs] [Times: user=0,00 sys=0,00, real=0,00 secs] 
80,899: [GC (Allocation Failure) [PSYoungGen: 75328K->96K(74240K)] 77268K->2036K(249344K), 0,0005434 secs] [Times: user=0,01 sys=0,00, real=0,00 secs] 
80,965: [GC (Allocation Failure) [PSYoungGen: 73824K->96K(72704K)] 75764K->2036K(247808K), 0,0007714 secs] [Times: user=0,00 sys=0,01, real=0,00 secs] 
81,029: [GC (Allocation Failure) [PSYoungGen: 72288K->96K(71168K)] 74228K->2036K(246272K), 0,0006444 secs] [Times: user=0,01 sys=0,00, real=0,00 secs] 
81,092: [GC (Allocation Failure) [PSYoungGen: 70752K->96K(69632K)] 72692K->2036K(244736K), 0,0006689 secs] [Times: user=0,00 sys=0,00, real=0,00 secs] 
81,149: [GC (Allocation Failure) [PSYoungGen: 69216K->96K(83456K)] 71156K->2036K(258560K), 0,0007218 secs] [Times: user=0,00 sys=0,00, real=0,00 secs] 
81,221: [GC (Allocation Failure) [PSYoungGen: 83040K->64K(81408K)] 84980K->2004K(256512K), 0,0005365 secs] [Times: user=0,00 sys=0,00, real=0,00 secs] 
81,288: [GC (Allocation Failure) [PSYoungGen: 80960K->96K(79360K)] 82900K->2036K(254464K), 0,0005495 secs] [Times: user=0,00 sys=0,00, real=0,00 secs] 
81,354: [GC (Allocation Failure) [PSYoungGen: 78944K->96K(77312K)] 80884K->2036K(252416K), 0,0005577 secs] [Times: user=0,00 sys=0,00, real=0,00 secs] 
81,420: [GC (Allocation Failure) [PSYoungGen: 76896K->96K(75264K)] 78836K->2036K(250368K), 0,0007099 secs] [Times: user=0,00 sys=0,00, real=0,00 secs] 
81,489: [GC (Allocation Failure) [PSYoungGen: 74848K->96K(73728K)] 76788K->2036K(248832K), 0,0006704 secs] [Times: user=0,00 sys=0,00, real=0,00 secs] 
81,555: [GC (Allocation Failure) [PSYoungGen: 73312K->96K(72192K)] 75252K->2036K(247296K), 0,0007058 secs] [Times: user=0,00 sys=0,00, real=0,00 secs] 
81,621: [GC (Allocation Failure) [PSYoungGen: 71776K->64K(70656K)] 73716K->2004K(245760K), 0,0005872 secs] [Times: user=0,00 sys=0,00, real=0,00 secs] 
81,681: [GC (Allocation Failure) [PSYoungGen: 70208K->64K(69120K)] 72148K->2004K(244224K), 0,0005284 secs] [Times: user=0,00 sys=0,00, real=0,00 secs] 
81,739: [GC (Allocation Failure) [PSYoungGen: 68672K->64K(67584K)] 70612K->2004K(242688K), 0,0005038 secs] [Times: user=0,00 sys=0,00, real=0,00 secs] 
81,795: [GC (Allocation Failure) [PSYoungGen: 67136K->64K(66048K)] 69076K->2004K(241152K), 0,0005113 secs] [Times: user=0,00 sys=0,00, real=0,00 secs] 
81,854: [GC (Allocation Failure) [PSYoungGen: 65600K->96K(64512K)] 67540K->2036K(239616K), 0,0005717 secs] [Times: user=0,00 sys=0,00, real=0,00 secs] 
81,907: [GC (Allocation Failure) [PSYoungGen: 64096K->96K(62976K)] 66036K->2036K(238080K), 0,0006463 secs] [Times: user=0,00 sys=0,00, real=0,00 secs] 
81,964: [GC (Allocation Failure) [PSYoungGen: 62560K->96K(61952K)] 64500K->2036K(237056K), 0,0005367 secs] [Times: user=0,00 sys=0,00, real=0,00 secs] 
82,016: [GC (Allocation Failure) [PSYoungGen: 61536K->96K(60928K)] 63476K->2036K(236032K), 0,0004892 secs] [Times: user=0,01 sys=0,00, real=0,00 secs] 
82,068: [GC (Allocation Failure) [PSYoungGen: 60512K->96K(59904K)] 62452K->2036K(235008K), 0,0005052 secs] [Times: user=0,00 sys=0,00, real=0,00 secs] 
82,118: [GC (Allocation Failure) [PSYoungGen: 59488K->96K(58880K)] 61428K->2036K(233984K), 0,0006508 secs] [Times: user=0,00 sys=0,00, real=0,00 secs] 
82,170: [GC (Allocation Failure) [PSYoungGen: 58464K->96K(57856K)] 60404K->2036K(232960K), 0,0005112 secs] [Times: user=0,00 sys=0,00, real=0,00 secs] 
82,218: [GC (Allocation Failure) [PSYoungGen: 57440K->96K(69632K)] 59380K->2036K(244736K), 0,0006771 secs] [Times: user=0,00 sys=0,00, real=0,00 secs] 
82,281: [GC (Allocation Failure) [PSYoungGen: 69216K->96K(83456K)] 71156K->2036K(258560K), 0,0007568 secs] [Times: user=0,00 sys=0,00, real=0,00 secs] 
82,355: [GC (Allocation Failure) [PSYoungGen: 83040K->96K(81408K)] 84980K->2036K(256512K), 0,0005162 secs] [Times: user=0,00 sys=0,00, real=0,00 secs] 
82,427: [GC (Allocation Failure) [PSYoungGen: 80992K->96K(79360K)] 82932K->2036K(254464K), 0,0005020 secs] [Times: user=0,00 sys=0,00, real=0,00 secs] 
82,493: [GC (Allocation Failure) [PSYoungGen: 78944K->96K(77312K)] 80884K->2036K(252416K), 0,0005237 secs] [Times: user=0,01 sys=0,00, real=0,00 secs] 
82,573: [GC (Allocation Failure) [PSYoungGen: 76896K->64K(75264K)] 78836K->2004K(250368K), 0,0005919 secs] [Times: user=0,00 sys=0,00, real=0,00 secs] 
82,674: [GC (Allocation Failure) [PSYoungGen: 74816K->64K(73728K)] 76756K->2004K(248832K), 0,0009845 secs] [Times: user=0,00 sys=0,00, real=0,00 secs] 
82,755: [GC (Allocation Failure) [PSYoungGen: 73280K->96K(72192K)] 75220K->2036K(247296K), 0,0005324 secs] [Times: user=0,00 sys=0,00, real=0,00 secs] 
82,825: [GC (Allocation Failure) [PSYoungGen: 71776K->96K(70656K)] 73716K->2036K(245760K), 0,0005162 secs] [Times: user=0,00 sys=0,00, real=0,00 secs] 
82,888: [GC (Allocation Failure) [PSYoungGen: 70240K->96K(69120K)] 72180K->2036K(244224K), 0,0006572 secs] [Times: user=0,00 sys=0,00, real=0,00 secs] 
82,951: [GC (Allocation Failure) [PSYoungGen: 68704K->96K(67584K)] 70644K->2036K(242688K), 0,0005122 secs] [Times: user=0,00 sys=0,00, real=0,00 secs] 
83,013: [GC (Allocation Failure) [PSYoungGen: 67168K->96K(66048K)] 69108K->2036K(241152K), 0,0005000 secs] [Times: user=0,00 sys=0,00, real=0,00 secs] 
83,074: [GC (Allocation Failure) [PSYoungGen: 65632K->96K(64512K)] 67572K->2036K(239616K), 0,0005860 secs] [Times: user=0,00 sys=0,00, real=0,00 secs] 
83,134: [GC (Allocation Failure) [PSYoungGen: 64096K->64K(62976K)] 66036K->2004K(238080K), 0,0005489 secs] [Times: user=0,00 sys=0,00, real=0,00 secs] 
83,194: [GC (Allocation Failure) [PSYoungGen: 62528K->64K(61952K)] 64468K->2004K(237056K), 0,0005075 secs] [Times: user=0,00 sys=0,00, real=0,00 secs] 
83,269: [GC (Allocation Failure) [PSYoungGen: 61504K->64K(74240K)] 63444K->2004K(249344K), 0,0018607 secs] [Times: user=0,00 sys=0,00, real=0,00 secs] 
83,378: [GC (Allocation Failure) [PSYoungGen: 73792K->64K(89088K)] 75732K->2004K(264192K), 0,0011527 secs] [Times: user=0,01 sys=0,00, real=0,00 secs] 
83,499: [GC (Allocation Failure) [PSYoungGen: 88640K->32K(107008K)] 90580K->1972K(282112K), 0,0010837 secs] [Times: user=0,00 sys=0,00, real=0,00 secs] 
83,645: [GC (Allocation Failure) [PSYoungGen: 106528K->64K(103936K)] 108468K->2004K(279040K), 0,0011620 secs] [Times: user=0,01 sys=0,00, real=0,00 secs] 
83,781: [GC (Allocation Failure) [PSYoungGen: 103488K->64K(100864K)] 105428K->2004K(275968K), 0,0009865 secs] [Times: user=0,00 sys=0,00, real=0,00 secs] 
83,899: [GC (Allocation Failure) [PSYoungGen: 100416K->64K(98304K)] 102356K->2004K(273408K), 0,0011587 secs] [Times: user=0,01 sys=0,00, real=0,00 secs] 
84,019: [GC (Allocation Failure) [PSYoungGen: 97856K->64K(118272K)] 99796K->2004K(293376K), 0,0017354 secs] [Times: user=0,00 sys=0,00, real=0,00 secs] 
84,157: [GC (Allocation Failure) [PSYoungGen: 117824K->32K(141824K)] 119764K->1972K(316928K), 0,0093303 secs] [Times: user=0,00 sys=0,00, real=0,01 secs] 
84,348: [GC (Allocation Failure) [PSYoungGen: 141344K->32K(170496K)] 143284K->1972K(345600K), 0,0011584 secs] [Times: user=0,00 sys=0,00, real=0,00 secs] 
84,586: [GC (Allocation Failure) [PSYoungGen: 170016K->96K(204800K)] 171956K->2036K(379904K), 0,0009354 secs] [Times: user=0,00 sys=0,00, real=0,01 secs] 
84,820: [GC (Allocation Failure) [PSYoungGen: 204384K->96K(245760K)] 206324K->2036K(420864K), 0,0010854 secs] [Times: user=0,00 sys=0,00, real=0,00 secs] 
85,095: [GC (Allocation Failure) [PSYoungGen: 245344K->96K(236544K)] 247284K->2036K(411648K), 0,0005405 secs] [Times: user=0,00 sys=0,00, real=0,00 secs] 
85,289: [GC (Allocation Failure) [PSYoungGen: 236128K->64K(227328K)] 238068K->2004K(402432K), 0,0007045 secs] [Times: user=0,00 sys=0,00, real=0,00 secs] 
85,478: [GC (Allocation Failure) [PSYoungGen: 226880K->96K(218624K)] 228820K->2036K(393728K), 0,0005870 secs] [Times: user=0,00 sys=0,00, real=0,00 secs] 
85,665: [GC (Allocation Failure) [PSYoungGen: 218208K->96K(210432K)] 220148K->2036K(385536K), 0,0006798 secs] [Times: user=0,00 sys=0,00, real=0,00 secs] 
85,850: [GC (Allocation Failure) [PSYoungGen: 210016K->96K(202752K)] 211956K->2036K(377856K), 0,0006597 secs] [Times: user=0,00 sys=0,00, real=0,00 secs] 
86,016: [GC (Allocation Failure) [PSYoungGen: 202336K->32K(195584K)] 204276K->1980K(370688K), 0,0004990 secs] [Times: user=0,00 sys=0,00, real=0,00 secs] 
86,173: [GC (Allocation Failure) [PSYoungGen: 195104K->96K(188416K)] 197052K->2044K(363520K), 0,0005006 secs] [Times: user=0,00 sys=0,00, real=0,00 secs] 
86,325: [GC (Allocation Failure) [PSYoungGen: 188000K->96K(181760K)] 189948K->2044K(356864K), 0,0005160 secs] [Times: user=0,00 sys=0,00, real=0,00 secs] 
86,471: [GC (Allocation Failure) [PSYoungGen: 181344K->64K(175616K)] 183292K->2012K(350720K), 0,0005028 secs] [Times: user=0,00 sys=0,00, real=0,00 secs] 
86,613: [GC (Allocation Failure) [PSYoungGen: 175168K->96K(169472K)] 177116K->2044K(344576K), 0,0005716 secs] [Times: user=0,01 sys=0,00, real=0,00 secs] 
86,749: [GC (Allocation Failure) [PSYoungGen: 169056K->64K(163840K)] 171004K->2012K(338944K), 0,0006150 secs] [Times: user=0,00 sys=0,00, real=0,00 secs] 
86,881: [GC (Allocation Failure) [PSYoungGen: 163392K->96K(158208K)] 165340K->2044K(333312K), 0,0005122 secs] [Times: user=0,00 sys=0,00, real=0,00 secs] 
87,008: [GC (Allocation Failure) [PSYoungGen: 157792K->64K(153088K)] 159740K->2012K(328192K), 0,0005157 secs] [Times: user=0,00 sys=0,00, real=0,00 secs] 
87,132: [GC (Allocation Failure) [PSYoungGen: 152640K->96K(147968K)] 154588K->2044K(323072K), 0,0006774 secs] [Times: user=0,00 sys=0,00, real=0,00 secs] 
87,252: [GC (Allocation Failure) [PSYoungGen: 147552K->64K(143360K)] 149500K->2012K(318464K), 0,0005029 secs] [Times: user=0,00 sys=0,00, real=0,00 secs] 
87,369: [GC (Allocation Failure) [PSYoungGen: 142912K->96K(138752K)] 144860K->2044K(313856K), 0,0005238 secs] [Times: user=0,00 sys=0,00, real=0,00 secs] 
87,482: [GC (Allocation Failure) [PSYoungGen: 138336K->96K(134144K)] 140284K->2044K(309248K), 0,0005047 secs] [Times: user=0,00 sys=0,00, real=0,00 secs] 
87,590: [GC (Allocation Failure) [PSYoungGen: 133728K->96K(130048K)] 135676K->2044K(305152K), 0,0005083 secs] [Times: user=0,01 sys=0,00, real=0,00 secs] 
87,695: [GC (Allocation Failure) [PSYoungGen: 129632K->64K(125952K)] 131580K->2012K(301056K), 0,0005079 secs] [Times: user=0,00 sys=0,01, real=0,00 secs] 
87,796: [GC (Allocation Failure) [PSYoungGen: 125504K->96K(121856K)] 127452K->2044K(296960K), 0,0005431 secs] [Times: user=0,00 sys=0,00, real=0,01 secs] 
87,894: [GC (Allocation Failure) [PSYoungGen: 121440K->64K(118272K)] 123388K->2012K(293376K), 0,0007351 secs] [Times: user=0,00 sys=0,00, real=0,00 secs] 
87,990: [GC (Allocation Failure) [PSYoungGen: 117824K->96K(114688K)] 119772K->2044K(289792K), 0,0004858 secs] [Times: user=0,00 sys=0,00, real=0,00 secs] 
88,082: [GC (Allocation Failure) [PSYoungGen: 114272K->64K(111104K)] 116220K->2012K(286208K), 0,0004986 secs] [Times: user=0,00 sys=0,00, real=0,00 secs] 
88,172: [GC (Allocation Failure) [PSYoungGen: 110656K->64K(108032K)] 112604K->2012K(283136K), 0,0005328 secs] [Times: user=0,00 sys=0,00, real=0,00 secs] 
88,259: [GC (Allocation Failure) [PSYoungGen: 107584K->64K(104960K)] 109532K->2012K(280064K), 0,0005177 secs] [Times: user=0,00 sys=0,00, real=0,00 secs] 
88,344: [GC (Allocation Failure) [PSYoungGen: 104512K->64K(101888K)] 106460K->2012K(276992K), 0,0005218 secs] [Times: user=0,00 sys=0,00, real=0,00 secs] 
88,426: [GC (Allocation Failure) [PSYoungGen: 101440K->96K(98816K)] 103388K->2044K(273920K), 0,0005189 secs] [Times: user=0,00 sys=0,00, real=0,00 secs] 
88,505: [GC (Allocation Failure) [PSYoungGen: 98400K->64K(96256K)] 100348K->2012K(271360K), 0,0004716 secs] [Times: user=0,00 sys=0,00, real=0,00 secs] 
88,583: [GC (Allocation Failure) [PSYoungGen: 95808K->64K(93696K)] 97756K->2012K(268800K), 0,0005053 secs] [Times: user=0,00 sys=0,00, real=0,00 secs] 
88,658: [GC (Allocation Failure) [PSYoungGen: 93248K->96K(91136K)] 95196K->2044K(266240K), 0,0005131 secs] [Times: user=0,00 sys=0,00, real=0,00 secs] 
88,732: [GC (Allocation Failure) [PSYoungGen: 90720K->96K(88576K)] 92668K->2044K(263680K), 0,0005037 secs] [Times: user=0,00 sys=0,00, real=0,00 secs] 
88,803: [GC (Allocation Failure) [PSYoungGen: 88160K->64K(86528K)] 90108K->2012K(261632K), 0,0004864 secs] [Times: user=0,00 sys=0,00, real=0,00 secs] 
88,873: [GC (Allocation Failure) [PSYoungGen: 86080K->96K(84480K)] 88028K->2044K(259584K), 0,0006059 secs] [Times: user=0,00 sys=0,00, real=0,00 secs] 
88,941: [GC (Allocation Failure) [PSYoungGen: 84064K->96K(82432K)] 86012K->2044K(257536K), 0,0004864 secs] [Times: user=0,00 sys=0,00, real=0,00 secs] 
89,007: [GC (Allocation Failure) [PSYoungGen: 82016K->96K(80384K)] 83964K->2044K(255488K), 0,0005191 secs] [Times: user=0,00 sys=0,00, real=0,00 secs] 
89,072: [GC (Allocation Failure) [PSYoungGen: 79968K->96K(78336K)] 81916K->2044K(253440K), 0,0005051 secs] [Times: user=0,00 sys=0,00, real=0,00 secs] 
89,135: [GC (Allocation Failure) [PSYoungGen: 77920K->96K(76288K)] 79868K->2044K(251392K), 0,0004892 secs] [Times: user=0,00 sys=0,00, real=0,00 secs] 
89,197: [GC (Allocation Failure) [PSYoungGen: 75872K->96K(74752K)] 77820K->2044K(249856K), 0,0004914 secs] [Times: user=0,00 sys=0,00, real=0,00 secs] 
89,257: [GC (Allocation Failure) [PSYoungGen: 74336K->64K(73216K)] 76284K->2012K(248320K), 0,0005173 secs] [Times: user=0,00 sys=0,00, real=0,00 secs] 
89,316: [GC (Allocation Failure) [PSYoungGen: 72768K->96K(71680K)] 74716K->2044K(246784K), 0,0005551 secs] [Times: user=0,00 sys=0,00, real=0,01 secs] 
89,374: [GC (Allocation Failure) [PSYoungGen: 71264K->96K(70144K)] 73212K->2044K(245248K), 0,0005149 secs] [Times: user=0,00 sys=0,00, real=0,00 secs] 
89,431: [GC (Allocation Failure) [PSYoungGen: 69728K->96K(68608K)] 71676K->2044K(243712K), 0,0004804 secs] [Times: user=0,01 sys=0,00, real=0,00 secs] 
89,487: [GC (Allocation Failure) [PSYoungGen: 68192K->96K(67072K)] 70140K->2044K(242176K), 0,0004976 secs] [Times: user=0,00 sys=0,00, real=0,01 secs] 
89,541: [GC (Allocation Failure) [PSYoungGen: 66656K->96K(65536K)] 68604K->2044K(240640K), 0,0004911 secs] [Times: user=0,00 sys=0,00, real=0,00 secs] 
89,594: [GC (Allocation Failure) [PSYoungGen: 65120K->64K(64000K)] 67068K->2012K(239104K), 0,0005194 secs] [Times: user=0,00 sys=0,00, real=0,00 secs] 
89,645: [GC (Allocation Failure) [PSYoungGen: 63552K->96K(62464K)] 65500K->2044K(237568K), 0,0006605 secs] [Times: user=0,00 sys=0,00, real=0,00 secs] 
89,696: [GC (Allocation Failure) [PSYoungGen: 62048K->32K(61440K)] 63996K->1980K(236544K), 0,0005616 secs] [Times: user=0,00 sys=0,00, real=0,00 secs] 
89,746: [GC (Allocation Failure) [PSYoungGen: 60960K->96K(60416K)] 62908K->2044K(235520K), 0,0004892 secs] [Times: user=0,00 sys=0,00, real=0,00 secs] 
89,794: [GC (Allocation Failure) [PSYoungGen: 60000K->96K(59392K)] 61948K->2044K(234496K), 0,0004804 secs] [Times: user=0,00 sys=0,00, real=0,00 secs] 
89,842: [GC (Allocation Failure) [PSYoungGen: 58976K->96K(58368K)] 60924K->2044K(233472K), 0,0004954 secs] [Times: user=0,00 sys=0,00, real=0,00 secs] 
89,890: [GC (Allocation Failure) [PSYoungGen: 57952K->64K(57344K)] 59900K->2012K(232448K), 0,0004950 secs] [Times: user=0,00 sys=0,00, real=0,00 secs] 
89,936: [GC (Allocation Failure) [PSYoungGen: 56896K->96K(56320K)] 58844K->2044K(231424K), 0,0004823 secs] [Times: user=0,00 sys=0,00, real=0,00 secs] 
89,981: [GC (Allocation Failure) [PSYoungGen: 55904K->96K(55296K)] 57852K->2044K(230400K), 0,0005547 secs] [Times: user=0,00 sys=0,00, real=0,00 secs] 
90,026: [GC (Allocation Failure) [PSYoungGen: 54880K->96K(54272K)] 56828K->2044K(229376K), 0,0004151 secs] [Times: user=0,01 sys=0,00, real=0,00 secs] 
90,070: [GC (Allocation Failure) [PSYoungGen: 53856K->64K(53248K)] 55804K->2012K(228352K), 0,0004773 secs] [Times: user=0,00 sys=0,00, real=0,00 secs] 
90,113: [GC (Allocation Failure) [PSYoungGen: 52800K->96K(52224K)] 54748K->2044K(227328K), 0,0004682 secs] [Times: user=0,00 sys=0,00, real=0,00 secs] 
90,155: [GC (Allocation Failure) [PSYoungGen: 51808K->64K(51200K)] 53756K->2012K(226304K), 0,0004663 secs] [Times: user=0,01 sys=0,00, real=0,00 secs] 
90,196: [GC (Allocation Failure) [PSYoungGen: 50752K->96K(50176K)] 52700K->2044K(225280K), 0,0004686 secs] [Times: user=0,00 sys=0,00, real=0,00 secs] 
90,237: [GC (Allocation Failure) [PSYoungGen: 49760K->96K(60416K)] 51708K->2044K(235520K), 0,0005180 secs] [Times: user=0,00 sys=0,00, real=0,00 secs] 
90,287: [GC (Allocation Failure) [PSYoungGen: 60000K->96K(59392K)] 61948K->2044K(234496K), 0,0005013 secs] [Times: user=0,00 sys=0,00, real=0,00 secs] 
90,335: [GC (Allocation Failure) [PSYoungGen: 58976K->96K(58368K)] 60924K->2068K(233472K), 0,0004764 secs] [Times: user=0,00 sys=0,00, real=0,00 secs] 
90,382: [GC (Allocation Failure) [PSYoungGen: 57952K->96K(57344K)] 59924K->2068K(232448K), 0,0004850 secs] [Times: user=0,00 sys=0,00, real=0,00 secs] 
90,428: [GC (Allocation Failure) [PSYoungGen: 56928K->64K(56320K)] 58900K->2036K(231424K), 0,0004754 secs] [Times: user=0,00 sys=0,00, real=0,00 secs] 
90,474: [GC (Allocation Failure) [PSYoungGen: 55872K->96K(55296K)] 57844K->2068K(230400K), 0,0004711 secs] [Times: user=0,00 sys=0,00, real=0,00 secs] 
90,519: [GC (Allocation Failure) [PSYoungGen: 54880K->96K(54272K)] 56852K->2068K(229376K), 0,0004784 secs] [Times: user=0,01 sys=0,00, real=0,00 secs] 
90,563: [GC (Allocation Failure) [PSYoungGen: 53856K->64K(53248K)] 55828K->2036K(228352K), 0,0004728 secs] [Times: user=0,00 sys=0,00, real=0,00 secs] 
90,606: [GC (Allocation Failure) [PSYoungGen: 52800K->96K(52224K)] 54772K->2068K(227328K), 0,0004679 secs] [Times: user=0,00 sys=0,00, real=0,00 secs] 
90,648: [GC (Allocation Failure) [PSYoungGen: 51808K->96K(51200K)] 53780K->2068K(226304K), 0,0004714 secs] [Times: user=0,00 sys=0,01, real=0,00 secs] 
90,689: [GC (Allocation Failure) [PSYoungGen: 50784K->96K(50176K)] 52756K->2068K(225280K), 0,0004694 secs] [Times: user=0,00 sys=0,00, real=0,00 secs] 
90,730: [GC (Allocation Failure) [PSYoungGen: 49760K->96K(60416K)] 51732K->2068K(235520K), 0,0004884 secs] [Times: user=0,00 sys=0,00, real=0,00 secs] 
90,779: [GC (Allocation Failure) [PSYoungGen: 60000K->96K(59392K)] 61972K->2068K(234496K), 0,0004950 secs] [Times: user=0,00 sys=0,00, real=0,00 secs] 
90,827: [GC (Allocation Failure) [PSYoungGen: 58976K->64K(58368K)] 60948K->2036K(233472K), 0,0004892 secs] [Times: user=0,00 sys=0,00, real=0,00 secs] 
90,874: [GC (Allocation Failure) [PSYoungGen: 57920K->96K(57344K)] 59892K->2068K(232448K), 0,0004764 secs] [Times: user=0,00 sys=0,00, real=0,00 secs] 
90,921: [GC (Allocation Failure) [PSYoungGen: 56928K->64K(56320K)] 58900K->2036K(231424K), 0,0004886 secs] [Times: user=0,00 sys=0,00, real=0,00 secs] 
90,966: [GC (Allocation Failure) [PSYoungGen: 55872K->96K(55296K)] 57844K->2068K(230400K), 0,0004700 secs] [Times: user=0,00 sys=0,00, real=0,00 secs] 
91,011: [GC (Allocation Failure) [PSYoungGen: 54880K->96K(54272K)] 56852K->2068K(229376K), 0,0005062 secs] [Times: user=0,00 sys=0,00, real=0,00 secs] 
91,055: [GC (Allocation Failure) [PSYoungGen: 53856K->96K(53248K)] 55828K->2068K(228352K), 0,0004821 secs] [Times: user=0,00 sys=0,00, real=0,00 secs] 
91,098: [GC (Allocation Failure) [PSYoungGen: 52832K->96K(52224K)] 54804K->2068K(227328K), 0,0004658 secs] [Times: user=0,00 sys=0,00, real=0,00 secs] 
91,140: [GC (Allocation Failure) [PSYoungGen: 51808K->96K(51200K)] 53780K->2068K(226304K), 0,0004684 secs] [Times: user=0,00 sys=0,00, real=0,00 secs] 
91,182: [GC (Allocation Failure) [PSYoungGen: 50784K->96K(50176K)] 52756K->2068K(225280K), 0,0004580 secs] [Times: user=0,00 sys=0,00, real=0,00 secs] 
91,223: [GC (Allocation Failure) [PSYoungGen: 49760K->96K(60416K)] 51732K->2068K(235520K), 0,0004795 secs] [Times: user=0,01 sys=0,00, real=0,00 secs] 
91,272: [GC (Allocation Failure) [PSYoungGen: 60000K->64K(59392K)] 61972K->2036K(234496K), 0,0004666 secs] [Times: user=0,00 sys=0,00, real=0,00 secs] 
91,320: [GC (Allocation Failure) [PSYoungGen: 58944K->64K(58368K)] 60916K->2036K(233472K), 0,0004811 secs] [Times: user=0,00 sys=0,00, real=0,00 secs] 
91,367: [GC (Allocation Failure) [PSYoungGen: 57920K->96K(57344K)] 59892K->2068K(232448K), 0,0005657 secs] [Times: user=0,00 sys=0,00, real=0,01 secs] 
91,413: [GC (Allocation Failure) [PSYoungGen: 56928K->64K(56320K)] 58900K->2036K(231424K), 0,0004903 secs] [Times: user=0,00 sys=0,00, real=0,00 secs] 
91,459: [GC (Allocation Failure) [PSYoungGen: 55872K->96K(55296K)] 57844K->2068K(230400K), 0,0004728 secs] [Times: user=0,00 sys=0,00, real=0,00 secs] 
91,503: [GC (Allocation Failure) [PSYoungGen: 54880K->96K(54272K)] 56852K->2068K(229376K), 0,0004838 secs] [Times: user=0,00 sys=0,00, real=0,00 secs] 
91,547: [GC (Allocation Failure) [PSYoungGen: 53856K->32K(65024K)] 55828K->2004K(240128K), 0,0005555 secs] [Times: user=0,00 sys=0,00, real=0,00 secs] 
91,600: [GC (Allocation Failure) [PSYoungGen: 64544K->96K(63488K)] 66516K->2068K(238592K), 0,0004854 secs] [Times: user=0,01 sys=0,00, real=0,00 secs] 
91,651: [GC (Allocation Failure) [PSYoungGen: 63072K->96K(61952K)] 65044K->2068K(237056K), 0,0004982 secs] [Times: user=0,00 sys=0,00, real=0,00 secs] 
91,701: [GC (Allocation Failure) [PSYoungGen: 61536K->96K(60928K)] 63508K->2068K(236032K), 0,0004653 secs] [Times: user=0,00 sys=0,00, real=0,00 secs] 
91,750: [GC (Allocation Failure) [PSYoungGen: 60512K->96K(59904K)] 62484K->2068K(235008K), 0,0005631 secs] [Times: user=0,00 sys=0,00, real=0,00 secs] 
91,799: [GC (Allocation Failure) [PSYoungGen: 59488K->96K(58880K)] 61460K->2068K(233984K), 0,0005068 secs] [Times: user=0,00 sys=0,00, real=0,00 secs] 
91,846: [GC (Allocation Failure) [PSYoungGen: 58464K->96K(57856K)] 60436K->2068K(232960K), 0,0004693 secs] [Times: user=0,00 sys=0,00, real=0,01 secs] 
91,893: [GC (Allocation Failure) [PSYoungGen: 57440K->96K(56832K)] 59412K->2068K(231936K), 0,0004825 secs] [Times: user=0,00 sys=0,00, real=0,00 secs] 
91,939: [GC (Allocation Failure) [PSYoungGen: 56416K->32K(55808K)] 58388K->2004K(230912K), 0,0004847 secs] [Times: user=0,00 sys=0,00, real=0,00 secs] 
91,984: [GC (Allocation Failure) [PSYoungGen: 55328K->96K(54784K)] 57300K->2068K(229888K), 0,0004682 secs] [Times: user=0,00 sys=0,00, real=0,00 secs] 
92,028: [GC (Allocation Failure) [PSYoungGen: 54368K->96K(53760K)] 56340K->2068K(228864K), 0,0003857 secs] [Times: user=0,00 sys=0,00, real=0,00 secs] 
92,072: [GC (Allocation Failure) [PSYoungGen: 53344K->96K(52736K)] 55316K->2068K(227840K), 0,0004862 secs] [Times: user=0,00 sys=0,00, real=0,00 secs] 
92,114: [GC (Allocation Failure) [PSYoungGen: 52320K->96K(51712K)] 54292K->2068K(226816K), 0,0003775 secs] [Times: user=0,00 sys=0,00, real=0,00 secs] 
92,156: [GC (Allocation Failure) [PSYoungGen: 51296K->64K(50688K)] 53268K->2036K(225792K), 0,0004855 secs] [Times: user=0,01 sys=0,00, real=0,00 secs] 
92,197: [GC (Allocation Failure) [PSYoungGen: 50240K->96K(49664K)] 52212K->2068K(224768K), 0,0004752 secs] [Times: user=0,00 sys=0,00, real=0,00 secs] 
92,237: [GC (Allocation Failure) [PSYoungGen: 49248K->96K(48640K)] 51220K->2068K(223744K), 0,0004795 secs] [Times: user=0,00 sys=0,00, real=0,00 secs] 
92,277: [GC (Allocation Failure) [PSYoungGen: 48224K->96K(48128K)] 50196K->2068K(223232K), 0,0003888 secs] [Times: user=0,00 sys=0,00, real=0,01 secs] 
92,315: [GC (Allocation Failure) [PSYoungGen: 47712K->96K(47616K)] 49684K->2068K(222720K), 0,0003877 secs] [Times: user=0,00 sys=0,00, real=0,00 secs] 
92,354: [GC (Allocation Failure) [PSYoungGen: 47200K->96K(47104K)] 49172K->2068K(222208K), 0,0003805 secs] [Times: user=0,00 sys=0,00, real=0,00 secs] 
92,392: [GC (Allocation Failure) [PSYoungGen: 46688K->96K(46592K)] 48660K->2068K(221696K), 0,0003694 secs] [Times: user=0,00 sys=0,00, real=0,00 secs] 
92,429: [GC (Allocation Failure) [PSYoungGen: 46176K->96K(46080K)] 48148K->2068K(221184K), 0,0003950 secs] [Times: user=0,00 sys=0,00, real=0,00 secs] 
92,466: [GC (Allocation Failure) [PSYoungGen: 45664K->96K(45568K)] 47636K->2068K(220672K), 0,0003795 secs] [Times: user=0,00 sys=0,00, real=0,01 secs] 
92,503: [GC (Allocation Failure) [PSYoungGen: 45152K->96K(45056K)] 47124K->2068K(220160K), 0,0004035 secs] [Times: user=0,01 sys=0,00, real=0,00 secs] 
92,540: [GC (Allocation Failure) [PSYoungGen: 44640K->64K(44544K)] 46612K->2036K(219648K), 0,0004641 secs] [Times: user=0,00 sys=0,00, real=0,00 secs] 
92,576: [GC (Allocation Failure) [PSYoungGen: 44096K->64K(44032K)] 46068K->2036K(219136K), 0,0003962 secs] [Times: user=0,00 sys=0,00, real=0,00 secs] 
92,611: [GC (Allocation Failure) [PSYoungGen: 43584K->96K(43520K)] 45556K->2068K(218624K), 0,0003918 secs] [Times: user=0,00 sys=0,00, real=0,00 secs] 
92,646: [GC (Allocation Failure) [PSYoungGen: 43104K->64K(52224K)] 45076K->2036K(227328K), 0,0004695 secs] [Times: user=0,00 sys=0,00, real=0,01 secs] 
92,689: [GC (Allocation Failure) [PSYoungGen: 51776K->96K(51200K)] 53748K->2068K(226304K), 0,0003872 secs] [Times: user=0,00 sys=0,00, real=0,00 secs] 
92,730: [GC (Allocation Failure) [PSYoungGen: 50784K->96K(50176K)] 52756K->2068K(225280K), 0,0004703 secs] [Times: user=0,00 sys=0,00, real=0,00 secs] 
92,770: [GC (Allocation Failure) [PSYoungGen: 49760K->96K(49152K)] 51732K->2068K(224256K), 0,0003711 secs] [Times: user=0,00 sys=0,00, real=0,00 secs] 
92,810: [GC (Allocation Failure) [PSYoungGen: 48736K->96K(48128K)] 50708K->2068K(223232K), 0,0004816 secs] [Times: user=0,00 sys=0,00, real=0,00 secs] 
92,849: [GC (Allocation Failure) [PSYoungGen: 47712K->96K(47616K)] 49684K->2068K(222720K), 0,0003866 secs] [Times: user=0,00 sys=0,00, real=0,00 secs] 
92,887: [GC (Allocation Failure) [PSYoungGen: 47200K->96K(47104K)] 49172K->2068K(222208K), 0,0003890 secs] [Times: user=0,00 sys=0,00, real=0,00 secs] 
92,925: [GC (Allocation Failure) [PSYoungGen: 46688K->96K(56832K)] 48660K->2068K(231936K), 0,0005752 secs] [Times: user=0,00 sys=0,00, real=0,00 secs] 
92,971: [GC (Allocation Failure) [PSYoungGen: 56416K->96K(68096K)] 58388K->2068K(243200K), 0,0004733 secs] [Times: user=0,00 sys=0,00, real=0,00 secs] 
93,026: [GC (Allocation Failure) [PSYoungGen: 67680K->96K(66560K)] 69652K->2068K(241664K), 0,0004782 secs] [Times: user=0,00 sys=0,01, real=0,00 secs] 
93,080: [GC (Allocation Failure) [PSYoungGen: 66144K->96K(65024K)] 68116K->2068K(240128K), 0,0005340 secs] [Times: user=0,01 sys=0,00, real=0,00 secs] 
93,132: [GC (Allocation Failure) [PSYoungGen: 64608K->96K(63488K)] 66580K->2068K(238592K), 0,0004852 secs] [Times: user=0,00 sys=0,00, real=0,00 secs] 
93,184: [GC (Allocation Failure) [PSYoungGen: 63072K->64K(61952K)] 65044K->2036K(237056K), 0,0005451 secs] [Times: user=0,00 sys=0,00, real=0,00 secs] 
93,235: [GC (Allocation Failure) [PSYoungGen: 61504K->96K(60928K)] 63476K->2068K(236032K), 0,0005229 secs] [Times: user=0,00 sys=0,00, real=0,00 secs] 
93,284: [GC (Allocation Failure) [PSYoungGen: 60512K->96K(59904K)] 62484K->2068K(235008K), 0,0004764 secs] [Times: user=0,00 sys=0,00, real=0,00 secs] 
93,332: [GC (Allocation Failure) [PSYoungGen: 59488K->64K(58880K)] 61460K->2036K(233984K), 0,0004921 secs] [Times: user=0,00 sys=0,00, real=0,00 secs] 
93,380: [GC (Allocation Failure) [PSYoungGen: 58432K->64K(57856K)] 60404K->2036K(232960K), 0,0004778 secs] [Times: user=0,00 sys=0,00, real=0,00 secs] 
93,426: [GC (Allocation Failure) [PSYoungGen: 57408K->96K(56832K)] 59380K->2068K(231936K), 0,0004863 secs] [Times: user=0,01 sys=0,00, real=0,01 secs] 
93,472: [GC (Allocation Failure) [PSYoungGen: 56416K->96K(55808K)] 58388K->2068K(230912K), 0,0004637 secs] [Times: user=0,00 sys=0,00, real=0,00 secs] 
93,517: [GC (Allocation Failure) [PSYoungGen: 55392K->96K(54784K)] 57364K->2068K(229888K), 0,0004761 secs] [Times: user=0,00 sys=0,00, real=0,00 secs] 
93,563: [GC (Allocation Failure) [PSYoungGen: 54368K->96K(53760K)] 56340K->2068K(228864K), 0,0004985 secs] [Times: user=0,00 sys=0,00, real=0,00 secs] 
93,607: [GC (Allocation Failure) [PSYoungGen: 53344K->96K(52736K)] 55316K->2068K(227840K), 0,0004753 secs] [Times: user=0,00 sys=0,00, real=0,00 secs] 
93,650: [GC (Allocation Failure) [PSYoungGen: 52320K->96K(51712K)] 54292K->2068K(226816K), 0,0004798 secs] [Times: user=0,00 sys=0,00, real=0,00 secs] 
93,691: [GC (Allocation Failure) [PSYoungGen: 51296K->96K(50688K)] 53268K->2068K(225792K), 0,0004016 secs] [Times: user=0,00 sys=0,00, real=0,00 secs] 
93,732: [GC (Allocation Failure) [PSYoungGen: 50272K->96K(49664K)] 52244K->2068K(224768K), 0,0004797 secs] [Times: user=0,00 sys=0,00, real=0,00 secs] 
93,772: [GC (Allocation Failure) [PSYoungGen: 49248K->96K(48640K)] 51220K->2068K(223744K), 0,0003812 secs] [Times: user=0,00 sys=0,00, real=0,00 secs] 
93,812: [GC (Allocation Failure) [PSYoungGen: 48224K->96K(48128K)] 50196K->2068K(223232K), 0,0004894 secs] [Times: user=0,00 sys=0,00, real=0,00 secs] 
93,851: [GC (Allocation Failure) [PSYoungGen: 47712K->64K(57856K)] 49684K->2036K(232960K), 0,0004601 secs] [Times: user=0,00 sys=0,00, real=0,00 secs] 
93,897: [GC (Allocation Failure) [PSYoungGen: 57408K->32K(69632K)] 59380K->2004K(244736K), 0,0005270 secs] [Times: user=0,00 sys=0,00, real=0,00 secs] 
93,953: [GC (Allocation Failure) [PSYoungGen: 69152K->64K(68096K)] 71124K->2036K(243200K), 0,0005041 secs] [Times: user=0,00 sys=0,00, real=0,00 secs] 
94,008: [GC (Allocation Failure) [PSYoungGen: 67648K->64K(66560K)] 69620K->2036K(241664K), 0,0005291 secs] [Times: user=0,00 sys=0,00, real=0,00 secs] 
94,062: [GC (Allocation Failure) [PSYoungGen: 66112K->96K(65024K)] 68084K->2068K(240128K), 0,0004877 secs] [Times: user=0,01 sys=0,00, real=0,00 secs] 
94,114: [GC (Allocation Failure) [PSYoungGen: 64608K->64K(63488K)] 66580K->2036K(238592K), 0,0004761 secs] [Times: user=0,00 sys=0,00, real=0,00 secs] 
94,165: [GC (Allocation Failure) [PSYoungGen: 63040K->96K(61952K)] 65012K->2068K(237056K), 0,0005165 secs] [Times: user=0,00 sys=0,00, real=0,00 secs] 
94,215: [GC (Allocation Failure) [PSYoungGen: 61536K->96K(60928K)] 63508K->2068K(236032K), 0,0005544 secs] [Times: user=0,00 sys=0,00, real=0,00 secs] 
94,265: [GC (Allocation Failure) [PSYoungGen: 60512K->96K(59904K)] 62484K->2068K(235008K), 0,0004857 secs] [Times: user=0,00 sys=0,00, real=0,00 secs] 
94,314: [GC (Allocation Failure) [PSYoungGen: 59488K->64K(58880K)] 61460K->2036K(233984K), 0,0004843 secs] [Times: user=0,00 sys=0,00, real=0,00 secs] 
94,362: [GC (Allocation Failure) [PSYoungGen: 58432K->64K(57856K)] 60404K->2036K(232960K), 0,0004760 secs] [Times: user=0,00 sys=0,00, real=0,00 secs] 
94,408: [GC (Allocation Failure) [PSYoungGen: 57408K->96K(56832K)] 59380K->2068K(231936K), 0,0005090 secs] [Times: user=0,00 sys=0,00, real=0,00 secs] 
94,454: [GC (Allocation Failure) [PSYoungGen: 56416K->96K(55808K)] 58388K->2068K(230912K), 0,0004810 secs] [Times: user=0,00 sys=0,00, real=0,00 secs] 
94,499: [GC (Allocation Failure) [PSYoungGen: 55392K->64K(54784K)] 57364K->2036K(229888K), 0,0005774 secs] [Times: user=0,00 sys=0,00, real=0,00 secs] 
94,543: [GC (Allocation Failure) [PSYoungGen: 54336K->96K(53760K)] 56308K->2068K(228864K), 0,0004654 secs] [Times: user=0,00 sys=0,00, real=0,00 secs] 
94,587: [GC (Allocation Failure) [PSYoungGen: 53344K->96K(52736K)] 55316K->2068K(227840K), 0,0004027 secs] [Times: user=0,00 sys=0,00, real=0,01 secs] 
94,629: [GC (Allocation Failure) [PSYoungGen: 52320K->96K(51712K)] 54292K->2068K(226816K), 0,0004860 secs] [Times: user=0,00 sys=0,00, real=0,00 secs] 
94,671: [GC (Allocation Failure) [PSYoungGen: 51296K->64K(50688K)] 53268K->2036K(225792K), 0,0004622 secs] [Times: user=0,00 sys=0,00, real=0,00 secs] 
94,713: [GC (Allocation Failure) [PSYoungGen: 50240K->64K(49664K)] 52212K->2036K(224768K), 0,0004802 secs] [Times: user=0,00 sys=0,00, real=0,00 secs] 
94,753: [GC (Allocation Failure) [PSYoungGen: 49216K->64K(59904K)] 51188K->2036K(235008K), 0,0005158 secs] [Times: user=0,00 sys=0,00, real=0,00 secs] 
94,802: [GC (Allocation Failure) [PSYoungGen: 59456K->96K(72192K)] 61428K->2068K(247296K), 0,0004817 secs] [Times: user=0,00 sys=0,00, real=0,00 secs] 
94,860: [GC (Allocation Failure) [PSYoungGen: 71776K->64K(70656K)] 73748K->2036K(245760K), 0,0005246 secs] [Times: user=0,00 sys=0,00, real=0,00 secs] 
94,917: [GC (Allocation Failure) [PSYoungGen: 70208K->64K(69120K)] 72180K->2036K(244224K), 0,0004869 secs] [Times: user=0,00 sys=0,00, real=0,00 secs] 
94,973: [GC (Allocation Failure) [PSYoungGen: 68671K->96K(67584K)] 70643K->2068K(242688K), 0,0004348 secs] [Times: user=0,00 sys=0,00, real=0,00 secs] 
95,027: [GC (Allocation Failure) [PSYoungGen: 67167K->96K(66048K)] 69139K->2068K(241152K), 0,0004911 secs] [Times: user=0,00 sys=0,00, real=0,00 secs] 
95,081: [GC (Allocation Failure) [PSYoungGen: 65632K->96K(64512K)] 67604K->2068K(239616K), 0,0004870 secs] [Times: user=0,00 sys=0,00, real=0,00 secs] 
95,133: [GC (Allocation Failure) [PSYoungGen: 64096K->64K(62976K)] 66068K->2036K(238080K), 0,0005233 secs] [Times: user=0,00 sys=0,00, real=0,00 secs] 
95,183: [GC (Allocation Failure) [PSYoungGen: 62528K->96K(61952K)] 64500K->2068K(237056K), 0,0004983 secs] [Times: user=0,01 sys=0,00, real=0,00 secs] 
95,234: [GC (Allocation Failure) [PSYoungGen: 61536K->64K(60928K)] 63508K->2036K(236032K), 0,0004970 secs] [Times: user=0,01 sys=0,00, real=0,00 secs] 
95,283: [GC (Allocation Failure) [PSYoungGen: 60480K->96K(59904K)] 62452K->2068K(235008K), 0,0005052 secs] [Times: user=0,01 sys=0,00, real=0,00 secs] 
95,331: [GC (Allocation Failure) [PSYoungGen: 59488K->96K(58880K)] 61460K->2068K(233984K), 0,0005044 secs] [Times: user=0,00 sys=0,00, real=0,00 secs] 
95,379: [GC (Allocation Failure) [PSYoungGen: 58464K->96K(57856K)] 60436K->2068K(232960K), 0,0005237 secs] [Times: user=0,00 sys=0,00, real=0,00 secs] 
95,425: [GC (Allocation Failure) [PSYoungGen: 57440K->96K(56832K)] 59412K->2068K(231936K), 0,0005079 secs] [Times: user=0,00 sys=0,00, real=0,00 secs] 
95,471: [GC (Allocation Failure) [PSYoungGen: 56416K->96K(55808K)] 58388K->2068K(230912K), 0,0003982 secs] [Times: user=0,01 sys=0,00, real=0,00 secs] 
95,516: [GC (Allocation Failure) [PSYoungGen: 55392K->96K(54784K)] 57364K->2068K(229888K), 0,0004750 secs] [Times: user=0,00 sys=0,00, real=0,01 secs] 
95,560: [GC (Allocation Failure) [PSYoungGen: 54368K->96K(53760K)] 56340K->2068K(228864K), 0,0004488 secs] [Times: user=0,01 sys=0,01, real=0,00 secs] 
95,604: [GC (Allocation Failure) [PSYoungGen: 53344K->64K(52736K)] 55316K->2036K(227840K), 0,0004649 secs] [Times: user=0,00 sys=0,00, real=0,00 secs] 
95,649: [GC (Allocation Failure) [PSYoungGen: 52288K->96K(51712K)] 54260K->2068K(226816K), 0,0005186 secs] [Times: user=0,00 sys=0,00, real=0,00 secs] 
95,690: [GC (Allocation Failure) [PSYoungGen: 51296K->96K(50688K)] 53268K->2068K(225792K), 0,0004810 secs] [Times: user=0,01 sys=0,00, real=0,00 secs] 
95,731: [GC (Allocation Failure) [PSYoungGen: 50272K->96K(60928K)] 52244K->2068K(236032K), 0,0004892 secs] [Times: user=0,00 sys=0,00, real=0,00 secs] 
95,780: [GC (Allocation Failure) [PSYoungGen: 60512K->96K(59904K)] 62484K->2068K(235008K), 0,0004927 secs] [Times: user=0,00 sys=0,00, real=0,00 secs] 
95,829: [GC (Allocation Failure) [PSYoungGen: 59488K->96K(58880K)] 61460K->2068K(233984K), 0,0004960 secs] [Times: user=0,01 sys=0,00, real=0,00 secs] 
95,876: [GC (Allocation Failure) [PSYoungGen: 58464K->96K(57856K)] 60436K->2068K(232960K), 0,0004910 secs] [Times: user=0,00 sys=0,00, real=0,01 secs] 
95,923: [GC (Allocation Failure) [PSYoungGen: 57440K->64K(56832K)] 59412K->2036K(231936K), 0,0004797 secs] [Times: user=0,00 sys=0,00, real=0,00 secs] 
95,969: [GC (Allocation Failure) [PSYoungGen: 56384K->96K(55808K)] 58356K->2068K(230912K), 0,0004720 secs] [Times: user=0,00 sys=0,00, real=0,00 secs] 
96,014: [GC (Allocation Failure) [PSYoungGen: 55392K->96K(54784K)] 57364K->2068K(229888K), 0,0005316 secs] [Times: user=0,00 sys=0,00, real=0,00 secs] 
96,058: [GC (Allocation Failure) [PSYoungGen: 54368K->64K(53760K)] 56340K->2036K(228864K), 0,0004728 secs] [Times: user=0,00 sys=0,00, real=0,00 secs] 
96,101: [GC (Allocation Failure) [PSYoungGen: 53312K->96K(52736K)] 55284K->2068K(227840K), 0,0003991 secs] [Times: user=0,00 sys=0,00, real=0,00 secs] 
96,144: [GC (Allocation Failure) [PSYoungGen: 52320K->96K(51712K)] 54292K->2068K(226816K), 0,0005324 secs] [Times: user=0,00 sys=0,00, real=0,00 secs] 
96,186: [GC (Allocation Failure) [PSYoungGen: 51296K->64K(61952K)] 53268K->2036K(237056K), 0,0005123 secs] [Times: user=0,01 sys=0,00, real=0,00 secs] 
96,236: [GC (Allocation Failure) [PSYoungGen: 61504K->64K(74240K)] 63476K->2036K(249344K), 0,0005370 secs] [Times: user=0,01 sys=0,00, real=0,01 secs] 
96,296: [GC (Allocation Failure) [PSYoungGen: 73792K->96K(72704K)] 75764K->2068K(247808K), 0,0004866 secs] [Times: user=0,01 sys=0,00, real=0,01 secs] 
96,355: [GC (Allocation Failure) [PSYoungGen: 72288K->64K(71168K)] 74260K->2036K(246272K), 0,0004802 secs] [Times: user=0,00 sys=0,00, real=0,00 secs] 
96,412: [GC (Allocation Failure) [PSYoungGen: 70720K->32K(69632K)] 72692K->2004K(244736K), 0,0005817 secs] [Times: user=0,00 sys=0,00, real=0,00 secs] 
96,468: [GC (Allocation Failure) [PSYoungGen: 69152K->96K(68096K)] 71124K->2068K(243200K), 0,0004768 secs] [Times: user=0,00 sys=0,00, real=0,00 secs] 
96,523: [GC (Allocation Failure) [PSYoungGen: 67680K->96K(66560K)] 69652K->2068K(241664K), 0,0004881 secs] [Times: user=0,00 sys=0,00, real=0,00 secs] 
96,576: [GC (Allocation Failure) [PSYoungGen: 66144K->96K(65024K)] 68116K->2068K(240128K), 0,0004874 secs] [Times: user=0,00 sys=0,00, real=0,01 secs] 
96,629: [GC (Allocation Failure) [PSYoungGen: 64608K->64K(63488K)] 66580K->2036K(238592K), 0,0005520 secs] [Times: user=0,00 sys=0,00, real=0,00 secs] 
96,680: [GC (Allocation Failure) [PSYoungGen: 63040K->96K(61952K)] 65012K->2068K(237056K), 0,0004818 secs] [Times: user=0,00 sys=0,00, real=0,00 secs] 
96,730: [GC (Allocation Failure) [PSYoungGen: 61536K->96K(60928K)] 63508K->2068K(236032K), 0,0004945 secs] [Times: user=0,00 sys=0,00, real=0,00 secs] 
96,779: [GC (Allocation Failure) [PSYoungGen: 60512K->96K(59904K)] 62484K->2068K(235008K), 0,0004723 secs] [Times: user=0,00 sys=0,00, real=0,00 secs] 
96,827: [GC (Allocation Failure) [PSYoungGen: 59488K->96K(58880K)] 61460K->2068K(233984K), 0,0004886 secs] [Times: user=0,00 sys=0,00, real=0,00 secs] 
96,875: [GC (Allocation Failure) [PSYoungGen: 58464K->96K(57856K)] 60436K->2068K(232960K), 0,0004914 secs] [Times: user=0,00 sys=0,00, real=0,00 secs] 
96,921: [GC (Allocation Failure) [PSYoungGen: 57440K->96K(56832K)] 59412K->2068K(231936K), 0,0004860 secs] [Times: user=0,01 sys=0,00, real=0,00 secs] 
96,967: [GC (Allocation Failure) [PSYoungGen: 56416K->96K(55808K)] 58388K->2068K(230912K), 0,0005105 secs] [Times: user=0,00 sys=0,00, real=0,00 secs] 
97,012: [GC (Allocation Failure) [PSYoungGen: 55392K->96K(54784K)] 57364K->2068K(229888K), 0,0004709 secs] [Times: user=0,00 sys=0,00, real=0,00 secs] 
97,056: [GC (Allocation Failure) [PSYoungGen: 54368K->96K(53760K)] 56340K->2068K(228864K), 0,0004745 secs] [Times: user=0,00 sys=0,00, real=0,00 secs] 
97,099: [GC (Allocation Failure) [PSYoungGen: 53344K->64K(52736K)] 55316K->2036K(227840K), 0,0003970 secs] [Times: user=0,00 sys=0,00, real=0,00 secs] 
97,142: [GC (Allocation Failure) [PSYoungGen: 52288K->96K(51712K)] 54260K->2068K(226816K), 0,0005312 secs] [Times: user=0,00 sys=0,00, real=0,00 secs] 
97,184: [GC (Allocation Failure) [PSYoungGen: 51296K->64K(61952K)] 53268K->2036K(237056K), 0,0005138 secs] [Times: user=0,00 sys=0,00, real=0,00 secs] 
97,234: [GC (Allocation Failure) [PSYoungGen: 61504K->96K(60928K)] 63476K->2068K(236032K), 0,0005018 secs] [Times: user=0,00 sys=0,00, real=0,00 secs] 
97,283: [GC (Allocation Failure) [PSYoungGen: 60512K->96K(73216K)] 62484K->2068K(248320K), 0,0006785 secs] [Times: user=0,00 sys=0,00, real=0,00 secs] 
97,342: [GC (Allocation Failure) [PSYoungGen: 72800K->96K(71680K)] 74772K->2068K(246784K), 0,0004848 secs] [Times: user=0,00 sys=0,00, real=0,00 secs] 
97,400: [GC (Allocation Failure) [PSYoungGen: 71264K->96K(70144K)] 73236K->2068K(245248K), 0,0004958 secs] [Times: user=0,00 sys=0,00, real=0,00 secs] 
97,456: [GC (Allocation Failure) [PSYoungGen: 69728K->64K(68608K)] 71700K->2036K(243712K), 0,0005552 secs] [Times: user=0,00 sys=0,00, real=0,01 secs] 
97,512: [GC (Allocation Failure) [PSYoungGen: 68160K->96K(67072K)] 70132K->2068K(242176K), 0,0004792 secs] [Times: user=0,00 sys=0,00, real=0,00 secs] 
97,566: [GC (Allocation Failure) [PSYoungGen: 66656K->96K(65536K)] 68628K->2068K(240640K), 0,0005360 secs] [Times: user=0,00 sys=0,00, real=0,00 secs] 
97,618: [GC (Allocation Failure) [PSYoungGen: 65120K->96K(64000K)] 67092K->2068K(239104K), 0,0005226 secs] [Times: user=0,00 sys=0,00, real=0,00 secs] 
97,670: [GC (Allocation Failure) [PSYoungGen: 63584K->96K(62464K)] 65556K->2068K(237568K), 0,0004762 secs] [Times: user=0,00 sys=0,00, real=0,00 secs] 
97,720: [GC (Allocation Failure) [PSYoungGen: 62048K->96K(61440K)] 64020K->2068K(236544K), 0,0004794 secs] [Times: user=0,00 sys=0,00, real=0,00 secs] 
97,770: [GC (Allocation Failure) [PSYoungGen: 61024K->96K(60416K)] 62996K->2068K(235520K), 0,0004870 secs] [Times: user=0,00 sys=0,00, real=0,00 secs] 
97,819: [GC (Allocation Failure) [PSYoungGen: 60000K->96K(59392K)] 61972K->2068K(234496K), 0,0004771 secs] [Times: user=0,00 sys=0,00, real=0,00 secs] 
97,867: [GC (Allocation Failure) [PSYoungGen: 58976K->96K(58368K)] 60948K->2068K(233472K), 0,0004713 secs] [Times: user=0,00 sys=0,00, real=0,00 secs] 
97,914: [GC (Allocation Failure) [PSYoungGen: 57952K->96K(57344K)] 59924K->2068K(232448K), 0,0005321 secs] [Times: user=0,01 sys=0,00, real=0,00 secs] 
97,960: [GC (Allocation Failure) [PSYoungGen: 56928K->96K(56320K)] 58900K->2068K(231424K), 0,0004712 secs] [Times: user=0,00 sys=0,00, real=0,00 secs] 
98,006: [GC (Allocation Failure) [PSYoungGen: 55904K->96K(55296K)] 57876K->2068K(230400K), 0,0004153 secs] [Times: user=0,00 sys=0,00, real=0,00 secs] 
98,050: [GC (Allocation Failure) [PSYoungGen: 54880K->64K(54272K)] 56852K->2036K(229376K), 0,0004807 secs] [Times: user=0,00 sys=0,00, real=0,00 secs] 
98,094: [GC (Allocation Failure) [PSYoungGen: 53824K->96K(53248K)] 55796K->2068K(228352K), 0,0003952 secs] [Times: user=0,00 sys=0,00, real=0,00 secs] 
98,137: [GC (Allocation Failure) [PSYoungGen: 52832K->96K(52224K)] 54804K->2068K(227328K), 0,0003821 secs] [Times: user=0,00 sys=0,00, real=0,01 secs] 
98,179: [GC (Allocation Failure) [PSYoungGen: 51808K->96K(51200K)] 53780K->2068K(226304K), 0,0003955 secs] [Times: user=0,00 sys=0,00, real=0,00 secs] 
98,220: [GC (Allocation Failure) [PSYoungGen: 50784K->96K(50176K)] 52756K->2068K(225280K), 0,0004632 secs] [Times: user=0,00 sys=0,00, real=0,00 secs] 
98,260: [GC (Allocation Failure) [PSYoungGen: 49760K->96K(49152K)] 51732K->2068K(224256K), 0,0005589 secs] [Times: user=0,00 sys=0,00, real=0,00 secs] 
98,300: [GC (Allocation Failure) [PSYoungGen: 48736K->96K(48128K)] 50708K->2068K(223232K), 0,0003742 secs] [Times: user=0,00 sys=0,00, real=0,00 secs] 
98,339: [GC (Allocation Failure) [PSYoungGen: 47712K->96K(57856K)] 49684K->2068K(232960K), 0,0004852 secs] [Times: user=0,00 sys=0,00, real=0,00 secs] 
98,385: [GC (Allocation Failure) [PSYoungGen: 57440K->96K(56832K)] 59412K->2068K(231936K), 0,0004922 secs] [Times: user=0,00 sys=0,00, real=0,00 secs] 
98,431: [GC (Allocation Failure) [PSYoungGen: 56416K->96K(68096K)] 58388K->2068K(243200K), 0,0005329 secs] [Times: user=0,00 sys=0,00, real=0,00 secs] 
98,486: [GC (Allocation Failure) [PSYoungGen: 67680K->64K(66560K)] 69652K->2036K(241664K), 0,0004882 secs] [Times: user=0,00 sys=0,00, real=0,00 secs] 
98,540: [GC (Allocation Failure) [PSYoungGen: 66112K->96K(65024K)] 68084K->2068K(240128K), 0,0004903 secs] [Times: user=0,01 sys=0,00, real=0,00 secs] 
98,592: [GC (Allocation Failure) [PSYoungGen: 64608K->64K(63488K)] 66580K->2036K(238592K), 0,0004947 secs] [Times: user=0,00 sys=0,00, real=0,00 secs] 
98,643: [GC (Allocation Failure) [PSYoungGen: 63040K->64K(61952K)] 65012K->2036K(237056K), 0,0004824 secs] [Times: user=0,00 sys=0,00, real=0,00 secs] 
98,693: [GC (Allocation Failure) [PSYoungGen: 61504K->64K(60928K)] 63476K->2036K(236032K), 0,0004862 secs] [Times: user=0,00 sys=0,00, real=0,00 secs] 
98,742: [GC (Allocation Failure) [PSYoungGen: 60480K->96K(59904K)] 62452K->2068K(235008K), 0,0005827 secs] [Times: user=0,00 sys=0,00, real=0,00 secs] 
98,790: [GC (Allocation Failure) [PSYoungGen: 59488K->96K(58880K)] 61460K->2068K(233984K), 0,0004850 secs] [Times: user=0,00 sys=0,00, real=0,00 secs] 
98,837: [GC (Allocation Failure) [PSYoungGen: 58464K->64K(57856K)] 60436K->2036K(232960K), 0,0004668 secs] [Times: user=0,01 sys=0,00, real=0,00 secs] 
98,884: [GC (Allocation Failure) [PSYoungGen: 57408K->128K(69632K)] 59380K->2100K(244736K), 0,0006362 secs] [Times: user=0,00 sys=0,00, real=0,00 secs] 
98,940: [GC (Allocation Failure) [PSYoungGen: 69248K->96K(68096K)] 71220K->2068K(243200K), 0,0004946 secs] [Times: user=0,00 sys=0,00, real=0,00 secs] 
98,995: [GC (Allocation Failure) [PSYoungGen: 67680K->96K(66560K)] 69652K->2068K(241664K), 0,0004891 secs] [Times: user=0,00 sys=0,00, real=0,00 secs] 
99,048: [GC (Allocation Failure) [PSYoungGen: 66144K->64K(65024K)] 68116K->2036K(240128K), 0,0004709 secs] [Times: user=0,00 sys=0,00, real=0,00 secs] 
99,101: [GC (Allocation Failure) [PSYoungGen: 64576K->96K(63488K)] 66548K->2068K(238592K), 0,0004886 secs] [Times: user=0,00 sys=0,00, real=0,00 secs] 
99,152: [GC (Allocation Failure) [PSYoungGen: 63072K->96K(61952K)] 65044K->2068K(237056K), 0,0004685 secs] [Times: user=0,00 sys=0,00, real=0,00 secs] 
99,201: [GC (Allocation Failure) [PSYoungGen: 61536K->64K(60928K)] 63508K->2036K(236032K), 0,0004743 secs] [Times: user=0,00 sys=0,00, real=0,00 secs] 
99,251: [GC (Allocation Failure) [PSYoungGen: 60480K->64K(59904K)] 62452K->2036K(235008K), 0,0005371 secs] [Times: user=0,00 sys=0,00, real=0,00 secs] 
99,299: [GC (Allocation Failure) [PSYoungGen: 59456K->96K(58880K)] 61428K->2068K(233984K), 0,0004742 secs] [Times: user=0,00 sys=0,00, real=0,00 secs] 
99,346: [GC (Allocation Failure) [PSYoungGen: 58464K->64K(57856K)] 60436K->2036K(232960K), 0,0004673 secs] [Times: user=0,00 sys=0,00, real=0,01 secs] 
99,393: [GC (Allocation Failure) [PSYoungGen: 57408K->64K(56832K)] 59380K->2036K(231936K), 0,0004721 secs] [Times: user=0,01 sys=0,00, real=0,00 secs] 
99,439: [GC (Allocation Failure) [PSYoungGen: 56384K->96K(55808K)] 58356K->2068K(230912K), 0,0004748 secs] [Times: user=0,00 sys=0,00, real=0,00 secs] 
99,484: [GC (Allocation Failure) [PSYoungGen: 55392K->96K(54784K)] 57364K->2068K(229888K), 0,0004692 secs] [Times: user=0,00 sys=0,00, real=0,00 secs] 
99,528: [GC (Allocation Failure) [PSYoungGen: 54368K->64K(53760K)] 56340K->2036K(228864K), 0,0004662 secs] [Times: user=0,00 sys=0,00, real=0,00 secs] 
99,571: [GC (Allocation Failure) [PSYoungGen: 53312K->96K(52736K)] 55284K->2068K(227840K), 0,0004677 secs] [Times: user=0,01 sys=0,00, real=0,00 secs] 
99,614: [GC (Allocation Failure) [PSYoungGen: 52320K->64K(51712K)] 54292K->2036K(226816K), 0,0004590 secs] [Times: user=0,00 sys=0,00, real=0,00 secs] 
99,655: [GC (Allocation Failure) [PSYoungGen: 51264K->96K(50688K)] 53236K->2068K(225792K), 0,0003751 secs] [Times: user=0,00 sys=0,00, real=0,00 secs] 
99,696: [GC (Allocation Failure) [PSYoungGen: 50272K->96K(49664K)] 52244K->2068K(224768K), 0,0004027 secs] [Times: user=0,00 sys=0,00, real=0,00 secs] 
99,736: [GC (Allocation Failure) [PSYoungGen: 49248K->64K(48640K)] 51220K->2036K(223744K), 0,0004632 secs] [Times: user=0,00 sys=0,00, real=0,00 secs] 
99,775: [GC (Allocation Failure) [PSYoungGen: 48192K->96K(48128K)] 50164K->2068K(223232K), 0,0003803 secs] [Times: user=0,00 sys=0,00, real=0,00 secs] 
99,814: [GC (Allocation Failure) [PSYoungGen: 47712K->96K(47616K)] 49684K->2068K(222720K), 0,0004792 secs] [Times: user=0,00 sys=0,00, real=0,00 secs] 
99,853: [GC (Allocation Failure) [PSYoungGen: 47200K->64K(57344K)] 49172K->2036K(232448K), 0,0004647 secs] [Times: user=0,00 sys=0,00, real=0,00 secs] 
99,899: [GC (Allocation Failure) [PSYoungGen: 56896K->96K(56320K)] 58868K->2068K(231424K), 0,0003823 secs] [Times: user=0,01 sys=0,00, real=0,00 secs] 
99,944: [GC (Allocation Failure) [PSYoungGen: 55904K->96K(55296K)] 57876K->2068K(230400K), 0,0004757 secs] [Times: user=0,00 sys=0,00, real=0,00 secs] 
99,989: [GC (Allocation Failure) [PSYoungGen: 54880K->64K(54272K)] 56852K->2036K(229376K), 0,0004552 secs] [Times: user=0,00 sys=0,00, real=0,00 secs] 
100,034: [GC (Allocation Failure) [PSYoungGen: 53823K->96K(53248K)] 55796K->2068K(228352K), 0,0005241 secs] [Times: user=0,00 sys=0,00, real=0,00 secs] 
100,077: [GC (Allocation Failure) [PSYoungGen: 52832K->64K(52224K)] 54804K->2036K(227328K), 0,0004611 secs] [Times: user=0,00 sys=0,00, real=0,00 secs] 
100,119: [GC (Allocation Failure) [PSYoungGen: 51776K->96K(51200K)] 53748K->2068K(226304K), 0,0004592 secs] [Times: user=0,00 sys=0,00, real=0,00 secs] 
100,160: [GC (Allocation Failure) [PSYoungGen: 50784K->96K(50176K)] 52756K->2068K(225280K), 0,0004142 secs] [Times: user=0,00 sys=0,00, real=0,00 secs] 
100,201: [GC (Allocation Failure) [PSYoungGen: 49760K->96K(49152K)] 51732K->2068K(224256K), 0,0004838 secs] [Times: user=0,00 sys=0,00, real=0,00 secs] 
100,241: [GC (Allocation Failure) [PSYoungGen: 48736K->96K(58880K)] 50708K->2068K(233984K), 0,0004728 secs] [Times: user=0,00 sys=0,00, real=0,00 secs] 
Heap
 PSYoungGen      total 58880K, used 54121K [0x000000076ab00000, 0x0000000788b80000, 0x00000007c0000000)
  eden space 58368K, 92% used [0x000000076ab00000,0x000000076dfc26f0,0x000000076e400000)
  from space 512K, 18% used [0x0000000788b00000,0x0000000788b18000,0x0000000788b80000)
  to   space 512K, 0% used [0x0000000788a80000,0x0000000788a80000,0x0000000788b00000)
 ParOldGen       total 175104K, used 1972K [0x00000006c0000000, 0x00000006cab00000, 0x000000076ab00000)
  object space 175104K, 1% used [0x00000006c0000000,0x00000006c01ed0b0,0x00000006cab00000)
 Metaspace       used 10632K, capacity 10928K, committed 11264K, reserved 1058816K
  class space    used 1071K, capacity 1174K, committed 1280K, reserved 1048576K
