OpenJDK 64-Bit Server VM (25.202-b05) for bsd-amd64 JRE (Zulu 8.36.0.1-CA-macosx) (1.8.0_202-b05), built on Jan 29 2019 06:07:09 by "zulu_re" with gcc 4.2.1 (Based on Apple Inc. build 5658) (LLVM build 2336.11.00)
Memory: 4k page, physical 16777216k(114364k free)

/proc/meminfo:

CommandLine flags: -XX:InitialHeapSize=268435456 -XX:MaxHeapSize=4294967296 -XX:+PrintGC -XX:+PrintGCDetails -XX:+PrintGCTimeStamps -XX:+UseCompressedClassPointers -XX:+UseCompressedOops -XX:+UseParallelGC 
Heap
 PSYoungGen      total 76288K, used 35665K [0x000000076ab00000, 0x0000000770000000, 0x00000007c0000000)
  eden space 65536K, 54% used [0x000000076ab00000,0x000000076cdd46f0,0x000000076eb00000)
  from space 10752K, 0% used [0x000000076f580000,0x000000076f580000,0x0000000770000000)
  to   space 10752K, 0% used [0x000000076eb00000,0x000000076eb00000,0x000000076f580000)
 ParOldGen       total 175104K, used 0K [0x00000006c0000000, 0x00000006cab00000, 0x000000076ab00000)
  object space 175104K, 0% used [0x00000006c0000000,0x00000006c0000000,0x00000006cab00000)
 Metaspace       used 7670K, capacity 8005K, committed 8192K, reserved 1056768K
  class space    used 853K, capacity 948K, committed 1024K, reserved 1048576K
615: [GC (Allocation Failure) [PSYoungGen: 132656K->1584K(141824K)] 132680K->1608K(316928K), 0,0019564 secs] [Times: user=0,01 sys=0,00, real=0,00 secs] 
0,645: [GC (Allocation Failure) [PSYoungGen: 132656K->1584K(266752K)] 132680K->1608K(441856K), 0,0016921 secs] [Times: user=0,00 sys=0,00, real=0,00 secs] 
0,749: [GC (Allocation Failure) [PSYoungGen: 263728K->128K(266752K)] 263752K->1696K(441856K), 0,0019558 secs] [Times: user=0,01 sys=0,00, real=0,00 secs] 
0,804: [GC (Allocation Failure) [PSYoungGen: 262272K->96K(528896K)] 263840K->1680K(704000K), 0,0005432 secs] [Times: user=0,00 sys=0,00, real=0,00 secs] 
1,007: [GC (Allocation Failure) [PSYoungGen: 524384K->64K(528896K)] 525968K->1648K(704000K), 0,0008561 secs] [Times: user=0,00 sys=0,00, real=0,00 secs] 
1,122: [GC (Allocation Failure) [PSYoungGen: 524352K->96K(843776K)] 525936K->1680K(1018880K), 0,0005259 secs] [Times: user=0,01 sys=0,00, real=0,00 secs] 
1,405: [GC (Allocation Failure) [PSYoungGen: 839264K->96K(843776K)] 840848K->1688K(1018880K), 0,0009895 secs] [Times: user=0,00 sys=0,00, real=0,00 secs] 
1,575: [GC (Allocation Failure) [PSYoungGen: 839264K->96K(1346560K)] 840856K->1696K(1521664K), 0,0006840 secs] [Times: user=0,00 sys=0,00, real=0,00 secs] 
2,041: [GC (Allocation Failure) [PSYoungGen: 1343072K->64K(1347072K)] 1344672K->1664K(1522176K), 0,0005977 secs] [Times: user=0,00 sys=0,00, real=0,01 secs] 
2,303: [GC (Allocation Failure) [PSYoungGen: 1343040K->96K(1279488K)] 1344640K->1696K(1454592K), 0,0005929 secs] [Times: user=0,01 sys=0,00, real=0,00 secs] 
2,542: [GC (Allocation Failure) [PSYoungGen: 1279072K->96K(1222656K)] 1280672K->1696K(1397760K), 0,0005310 secs] [Times: user=0,00 sys=0,00, real=0,00 secs] 
2,768: [GC (Allocation Failure) [PSYoungGen: 1218656K->96K(1161728K)] 1220256K->1704K(1336832K), 0,0005959 secs] [Times: user=0,00 sys=0,00, real=0,00 secs] 
2,982: [GC (Allocation Failure) [PSYoungGen: 1161312K->96K(1110016K)] 1162920K->1704K(1285120K), 0,0005203 secs] [Times: user=0,00 sys=0,00, real=0,00 secs] 
3,191: [GC (Allocation Failure) [PSYoungGen: 1106528K->64K(1054720K)] 1108136K->1672K(1229824K), 0,0005894 secs] [Times: user=0,00 sys=0,00, real=0,00 secs] 
3,387: [GC (Allocation Failure) [PSYoungGen: 1054272K->96K(1008640K)] 1055880K->1704K(1183744K), 0,0005345 secs] [Times: user=0,00 sys=0,00, real=0,00 secs] 
3,587: [GC (Allocation Failure) [PSYoungGen: 1005152K->96K(958464K)] 1006760K->1704K(1133568K), 0,0005548 secs] [Times: user=0,00 sys=0,00, real=0,00 secs] 
3,765: [GC (Allocation Failure) [PSYoungGen: 958048K->96K(916480K)] 959656K->1704K(1091584K), 0,0005380 secs] [Times: user=0,00 sys=0,00, real=0,00 secs] 
3,934: [GC (Allocation Failure) [PSYoungGen: 913504K->96K(871424K)] 915112K->1704K(1046528K), 0,0005599 secs] [Times: user=0,00 sys=0,00, real=0,00 secs] 
4,099: [GC (Allocation Failure) [PSYoungGen: 871008K->64K(833024K)] 872616K->1680K(1008128K), 0,0005704 secs] [Times: user=0,00 sys=0,00, real=0,00 secs] 
4,253: [GC (Allocation Failure) [PSYoungGen: 830528K->96K(792576K)] 832144K->1712K(967680K), 0,0005462 secs] [Times: user=0,00 sys=0,00, real=0,00 secs] 
4,398: [GC (Allocation Failure) [PSYoungGen: 792160K->96K(758272K)] 793776K->1712K(933376K), 0,0005255 secs] [Times: user=0,00 sys=0,00, real=0,00 secs] 
4,540: [GC (Allocation Failure) [PSYoungGen: 755808K->96K(721920K)] 757424K->1712K(897024K), 0,0005570 secs] [Times: user=0,01 sys=0,00, real=0,00 secs] 
4,673: [GC (Allocation Failure) [PSYoungGen: 721504K->96K(690688K)] 723120K->1712K(865792K), 0,0005079 secs] [Times: user=0,00 sys=0,00, real=0,00 secs] 
4,800: [GC (Allocation Failure) [PSYoungGen: 688736K->96K(657920K)] 690352K->1712K(833024K), 0,0005870 secs] [Times: user=0,01 sys=0,00, real=0,00 secs] 
4,921: [GC (Allocation Failure) [PSYoungGen: 657504K->96K(629760K)] 659120K->1712K(804864K), 0,0005200 secs] [Times: user=0,00 sys=0,00, real=0,01 secs] 
5,037: [GC (Allocation Failure) [PSYoungGen: 627808K->96K(600064K)] 629424K->1712K(775168K), 0,0005434 secs] [Times: user=0,00 sys=0,00, real=0,00 secs] 
5,147: [GC (Allocation Failure) [PSYoungGen: 599648K->96K(574464K)] 601264K->1712K(749568K), 0,0005122 secs] [Times: user=0,00 sys=0,00, real=0,00 secs] 
5,254: [GC (Allocation Failure) [PSYoungGen: 573024K->96K(547840K)] 574640K->1712K(722944K), 0,0005363 secs] [Times: user=0,00 sys=0,00, real=0,00 secs] 
5,355: [GC (Allocation Failure) [PSYoungGen: 547424K->96K(524800K)] 549040K->1712K(699904K), 0,0005535 secs] [Times: user=0,00 sys=0,00, real=0,00 secs] 
5,451: [GC (Allocation Failure) [PSYoungGen: 523360K->96K(500736K)] 524976K->1712K(675840K), 0,0005414 secs] [Times: user=0,00 sys=0,00, real=0,01 secs] 
5,548: [GC (Allocation Failure) [PSYoungGen: 500320K->96K(479744K)] 501936K->1712K(654848K), 0,0005834 secs] [Times: user=0,01 sys=0,01, real=0,00 secs] 
5,637: [GC (Allocation Failure) [PSYoungGen: 478304K->96K(457728K)] 479920K->1712K(632832K), 0,0005316 secs] [Times: user=0,00 sys=0,00, real=0,00 secs] 
5,722: [GC (Allocation Failure) [PSYoungGen: 457312K->96K(438272K)] 458928K->1712K(613376K), 0,0005037 secs] [Times: user=0,00 sys=0,00, real=0,00 secs] 
5,803: [GC (Allocation Failure) [PSYoungGen: 437344K->96K(418816K)] 438960K->1712K(593920K), 0,0005188 secs] [Times: user=0,00 sys=0,00, real=0,00 secs] 
5,880: [GC (Allocation Failure) [PSYoungGen: 418400K->96K(401408K)] 420016K->1728K(576512K), 0,0005327 secs] [Times: user=0,00 sys=0,00, real=0,00 secs] 
5,954: [GC (Allocation Failure) [PSYoungGen: 400480K->64K(384000K)] 402112K->1696K(559104K), 0,0005342 secs] [Times: user=0,00 sys=0,00, real=0,00 secs] 
6,025: [GC (Allocation Failure) [PSYoungGen: 383552K->96K(368640K)] 385184K->1728K(543744K), 0,0005218 secs] [Times: user=0,01 sys=0,00, real=0,00 secs] 
6,093: [GC (Allocation Failure) [PSYoungGen: 367712K->96K(352768K)] 369344K->1728K(527872K), 0,0005265 secs] [Times: user=0,00 sys=0,00, real=0,00 secs] 
6,159: [GC (Allocation Failure) [PSYoungGen: 352352K->96K(338432K)] 353984K->1728K(513536K), 0,0005548 secs] [Times: user=0,00 sys=0,00, real=0,00 secs] 
6,221: [GC (Allocation Failure) [PSYoungGen: 337504K->96K(324096K)] 339136K->1728K(499200K), 0,0005455 secs] [Times: user=0,00 sys=0,00, real=0,01 secs] 
6,281: [GC (Allocation Failure) [PSYoungGen: 323680K->96K(311296K)] 325312K->1728K(486400K), 0,0006037 secs] [Times: user=0,00 sys=0,00, real=0,00 secs] 
6,339: [GC (Allocation Failure) [PSYoungGen: 310368K->96K(297984K)] 312000K->1728K(473088K), 0,0005184 secs] [Times: user=0,00 sys=0,00, real=0,00 secs] 
6,394: [GC (Allocation Failure) [PSYoungGen: 297568K->96K(286208K)] 299200K->1728K(461312K), 0,0005115 secs] [Times: user=0,00 sys=0,00, real=0,00 secs] 
6,447: [GC (Allocation Failure) [PSYoungGen: 285792K->96K(274944K)] 287424K->1728K(450048K), 0,0005018 secs] [Times: user=0,00 sys=0,00, real=0,00 secs] 
6,499: [GC (Allocation Failure) [PSYoungGen: 274528K->96K(264192K)] 276160K->1728K(439296K), 0,0005104 secs] [Times: user=0,00 sys=0,00, real=0,00 secs] 
6,553: [GC (Allocation Failure) [PSYoungGen: 263776K->96K(253952K)] 265408K->1728K(429056K), 0,0005338 secs] [Times: user=0,00 sys=0,00, real=0,00 secs] 
6,601: [GC (Allocation Failure) [PSYoungGen: 253536K->96K(244224K)] 255168K->1728K(419328K), 0,0005087 secs] [Times: user=0,01 sys=0,00, real=0,01 secs] 
6,647: [GC (Allocation Failure) [PSYoungGen: 243808K->96K(235008K)] 245440K->1728K(410112K), 0,0005130 secs] [Times: user=0,00 sys=0,00, real=0,00 secs] 
6,702: [GC (Allocation Failure) [PSYoungGen: 234592K->32K(284672K)] 236224K->1664K(459776K), 0,0009392 secs] [Times: user=0,00 sys=0,00, real=0,00 secs] 
6,774: [GC (Allocation Failure) [PSYoungGen: 284192K->96K(273408K)] 285824K->1728K(448512K), 0,0005022 secs] [Times: user=0,00 sys=0,00, real=0,00 secs] 
6,844: [GC (Allocation Failure) [PSYoungGen: 272992K->64K(330752K)] 274624K->1696K(505856K), 0,0012784 secs] [Times: user=0,00 sys=0,00, real=0,00 secs] 
6,916: [GC (Allocation Failure) [PSYoungGen: 330304K->96K(400384K)] 331936K->1728K(575488K), 0,0005331 secs] [Times: user=0,00 sys=0,00, real=0,00 secs] 
7,020: [GC (Allocation Failure) [PSYoungGen: 399968K->64K(383488K)] 401600K->1696K(558592K), 0,0007683 secs] [Times: user=0,00 sys=0,00, real=0,00 secs] 
7,121: [GC (Allocation Failure) [PSYoungGen: 383040K->96K(367616K)] 384672K->1736K(542720K), 0,0006796 secs] [Times: user=0,00 sys=0,00, real=0,01 secs] 
7,193: [GC (Allocation Failure) [PSYoungGen: 367200K->96K(352256K)] 368840K->1736K(527360K), 0,0005128 secs] [Times: user=0,00 sys=0,00, real=0,00 secs] 
7,259: [GC (Allocation Failure) [PSYoungGen: 351840K->96K(337920K)] 353480K->1736K(513024K), 0,0005151 secs] [Times: user=0,00 sys=0,00, real=0,00 secs] 
7,322: [GC (Allocation Failure) [PSYoungGen: 337504K->96K(324096K)] 339144K->1736K(499200K), 0,0005101 secs] [Times: user=0,00 sys=0,00, real=0,00 secs] 
7,383: [GC (Allocation Failure) [PSYoungGen: 323680K->96K(310784K)] 325320K->1736K(485888K), 0,0005205 secs] [Times: user=0,00 sys=0,00, real=0,00 secs] 
7,440: [GC (Allocation Failure) [PSYoungGen: 310368K->96K(297984K)] 312008K->1736K(473088K), 0,0005110 secs] [Times: user=0,00 sys=0,00, real=0,00 secs] 
7,496: [GC (Allocation Failure) [PSYoungGen: 297568K->96K(286208K)] 299208K->1736K(461312K), 0,0005112 secs] [Times: user=0,00 sys=0,00, real=0,00 secs] 
7,553: [GC (Allocation Failure) [PSYoungGen: 285792K->96K(274944K)] 287432K->1736K(450048K), 0,0005091 secs] [Times: user=0,00 sys=0,00, real=0,00 secs] 
7,604: [GC (Allocation Failure) [PSYoungGen: 274528K->96K(264192K)] 276168K->1736K(439296K), 0,0005169 secs] [Times: user=0,00 sys=0,00, real=0,00 secs] 
7,654: [GC (Allocation Failure) [PSYoungGen: 263776K->96K(253952K)] 265416K->1736K(429056K), 0,0005016 secs] [Times: user=0,00 sys=0,00, real=0,00 secs] 
7,706: [GC (Allocation Failure) [PSYoungGen: 253536K->96K(244224K)] 255176K->1736K(419328K), 0,0005187 secs] [Times: user=0,00 sys=0,00, real=0,00 secs] 
7,751: [GC (Allocation Failure) [PSYoungGen: 243808K->96K(235008K)] 245448K->1736K(410112K), 0,0004991 secs] [Times: user=0,00 sys=0,00, real=0,00 secs] 
7,794: [GC (Allocation Failure) [PSYoungGen: 234592K->96K(226304K)] 236232K->1736K(401408K), 0,0004967 secs] [Times: user=0,00 sys=0,00, real=0,00 secs] 
7,836: [GC (Allocation Failure) [PSYoungGen: 225888K->64K(217600K)] 227528K->1704K(392704K), 0,0004886 secs] [Times: user=0,00 sys=0,00, real=0,00 secs] 
7,876: [GC (Allocation Failure) [PSYoungGen: 217152K->96K(209408K)] 218792K->1736K(384512K), 0,0005044 secs] [Times: user=0,00 sys=0,00, real=0,00 secs] 
7,915: [GC (Allocation Failure) [PSYoungGen: 208992K->96K(251392K)] 210632K->1736K(426496K), 0,0005112 secs] [Times: user=0,00 sys=0,00, real=0,00 secs] 
7,962: [GC (Allocation Failure) [PSYoungGen: 250976K->96K(301568K)] 252616K->1736K(476672K), 0,0005223 secs] [Times: user=0,00 sys=0,00, real=0,00 secs] 
8,019: [GC (Allocation Failure) [PSYoungGen: 301152K->96K(361984K)] 302792K->1736K(537088K), 0,0007518 secs] [Times: user=0,00 sys=0,00, real=0,00 secs] 
8,087: [GC (Allocation Failure) [PSYoungGen: 361568K->96K(347136K)] 363208K->1736K(522240K), 0,0005285 secs] [Times: user=0,00 sys=0,00, real=0,00 secs] 
8,154: [GC (Allocation Failure) [PSYoungGen: 346720K->96K(332800K)] 348360K->1736K(507904K), 0,0005068 secs] [Times: user=0,00 sys=0,00, real=0,00 secs] 
8,216: [GC (Allocation Failure) [PSYoungGen: 332384K->64K(399360K)] 334024K->1704K(574464K), 0,0009008 secs] [Times: user=0,01 sys=0,00, real=0,00 secs] 
8,305: [GC (Allocation Failure) [PSYoungGen: 398912K->96K(382464K)] 400552K->1736K(557568K), 0,0009447 secs] [Times: user=0,01 sys=0,00, real=0,00 secs] 
8,378: [GC (Allocation Failure) [PSYoungGen: 382048K->96K(366592K)] 383688K->1736K(541696K), 0,0005729 secs] [Times: user=0,00 sys=0,00, real=0,00 secs] 
8,447: [GC (Allocation Failure) [PSYoungGen: 366176K->96K(351232K)] 367816K->1736K(526336K), 0,0005424 secs] [Times: user=0,00 sys=0,00, real=0,00 secs] 
8,513: [GC (Allocation Failure) [PSYoungGen: 350816K->96K(336896K)] 352456K->1736K(512000K), 0,0005178 secs] [Times: user=0,00 sys=0,00, real=0,00 secs] 
8,582: [GC (Allocation Failure) [PSYoungGen: 336479K->96K(323072K)] 338120K->1736K(498176K), 0,0005338 secs] [Times: user=0,00 sys=0,00, real=0,00 secs] 
8,643: [GC (Allocation Failure) [PSYoungGen: 322656K->96K(309760K)] 324296K->1736K(484864K), 0,0005287 secs] [Times: user=0,00 sys=0,00, real=0,00 secs] 
8,702: [GC (Allocation Failure) [PSYoungGen: 309344K->96K(297472K)] 310984K->1736K(472576K), 0,0005267 secs] [Times: user=0,00 sys=0,00, real=0,00 secs] 
8,759: [GC (Allocation Failure) [PSYoungGen: 297056K->96K(285696K)] 298696K->1736K(460800K), 0,0005624 secs] [Times: user=0,00 sys=0,00, real=0,00 secs] 
8,813: [GC (Allocation Failure) [PSYoungGen: 285280K->96K(274432K)] 286920K->1736K(449536K), 0,0005255 secs] [Times: user=0,01 sys=0,00, real=0,00 secs] 
8,865: [GC (Allocation Failure) [PSYoungGen: 274016K->64K(263680K)] 275656K->1704K(438784K), 0,0005472 secs] [Times: user=0,00 sys=0,00, real=0,00 secs] 
8,915: [GC (Allocation Failure) [PSYoungGen: 263231K->96K(253440K)] 264872K->1736K(428544K), 0,0005227 secs] [Times: user=0,00 sys=0,00, real=0,00 secs] 
8,963: [GC (Allocation Failure) [PSYoungGen: 253024K->96K(243712K)] 254664K->1736K(418816K), 0,0006346 secs] [Times: user=0,00 sys=0,00, real=0,00 secs] 
9,009: [GC (Allocation Failure) [PSYoungGen: 243296K->96K(234496K)] 244936K->1736K(409600K), 0,0005086 secs] [Times: user=0,00 sys=0,00, real=0,00 secs] 
9,054: [GC (Allocation Failure) [PSYoungGen: 234080K->96K(225792K)] 235720K->1736K(400896K), 0,0005321 secs] [Times: user=0,00 sys=0,00, real=0,00 secs] 
9,097: [GC (Allocation Failure) [PSYoungGen: 225376K->96K(270848K)] 227016K->1736K(445952K), 0,0005180 secs] [Times: user=0,00 sys=0,00, real=0,00 secs] 
9,148: [GC (Allocation Failure) [PSYoungGen: 270432K->96K(260096K)] 272072K->1736K(435200K), 0,0005292 secs] [Times: user=0,00 sys=0,00, real=0,00 secs] 
9,197: [GC (Allocation Failure) [PSYoungGen: 259680K->96K(249856K)] 261320K->1736K(424960K), 0,0005308 secs] [Times: user=0,00 sys=0,00, real=0,00 secs] 
9,245: [GC (Allocation Failure) [PSYoungGen: 249440K->64K(300032K)] 251080K->1704K(475136K), 0,0007009 secs] [Times: user=0,00 sys=0,00, real=0,00 secs] 
9,302: [GC (Allocation Failure) [PSYoungGen: 299584K->96K(359936K)] 301224K->1736K(535040K), 0,0005374 secs] [Times: user=0,00 sys=0,00, real=0,00 secs] 
9,369: [GC (Allocation Failure) [PSYoungGen: 359520K->64K(345088K)] 361160K->1704K(520192K), 0,0005686 secs] [Times: user=0,00 sys=0,00, real=0,00 secs] 
9,435: [GC (Allocation Failure) [PSYoungGen: 344640K->96K(330752K)] 346280K->1736K(505856K), 0,0005592 secs] [Times: user=0,00 sys=0,00, real=0,00 secs] 
9,497: [GC (Allocation Failure) [PSYoungGen: 330336K->96K(317440K)] 331976K->1736K(492544K), 0,0005581 secs] [Times: user=0,01 sys=0,00, real=0,00 secs] 
9,559: [GC (Allocation Failure) [PSYoungGen: 317024K->96K(304640K)] 318664K->1736K(479744K), 0,0005692 secs] [Times: user=0,00 sys=0,00, real=0,00 secs] 
9,618: [GC (Allocation Failure) [PSYoungGen: 304224K->64K(365568K)] 305864K->1704K(540672K), 0,0010113 secs] [Times: user=0,01 sys=0,00, real=0,00 secs] 
9,688: [GC (Allocation Failure) [PSYoungGen: 365120K->96K(350208K)] 366760K->1736K(525312K), 0,0005409 secs] [Times: user=0,00 sys=0,00, real=0,00 secs] 
9,754: [GC (Allocation Failure) [PSYoungGen: 349792K->96K(335872K)] 351432K->1736K(510976K), 0,0005616 secs] [Times: user=0,00 sys=0,00, real=0,00 secs] 
9,817: [GC (Allocation Failure) [PSYoungGen: 335456K->96K(322048K)] 337096K->1736K(497152K), 0,0005214 secs] [Times: user=0,00 sys=0,00, real=0,00 secs] 
9,878: [GC (Allocation Failure) [PSYoungGen: 321632K->96K(308736K)] 323272K->1736K(483840K), 0,0005175 secs] [Times: user=0,00 sys=0,00, real=0,00 secs] 
9,936: [GC (Allocation Failure) [PSYoungGen: 308320K->96K(296448K)] 309960K->1736K(471552K), 0,0005924 secs] [Times: user=0,00 sys=0,00, real=0,00 secs] 
9,993: [GC (Allocation Failure) [PSYoungGen: 296032K->96K(284672K)] 297672K->1736K(459776K), 0,0005218 secs] [Times: user=0,00 sys=0,00, real=0,00 secs] 
10,047: [GC (Allocation Failure) [PSYoungGen: 284256K->96K(273408K)] 285896K->1736K(448512K), 0,0005522 secs] [Times: user=0,00 sys=0,00, real=0,00 secs] 
10,099: [GC (Allocation Failure) [PSYoungGen: 272992K->96K(262656K)] 274632K->1736K(437760K), 0,0005094 secs] [Times: user=0,00 sys=0,00, real=0,00 secs] 
10,148: [GC (Allocation Failure) [PSYoungGen: 262240K->96K(252416K)] 263880K->1736K(427520K), 0,0005293 secs] [Times: user=0,00 sys=0,00, real=0,00 secs] 
10,196: [GC (Allocation Failure) [PSYoungGen: 252000K->96K(242688K)] 253640K->1736K(417792K), 0,0005839 secs] [Times: user=0,00 sys=0,00, real=0,00 secs] 
10,248: [GC (Allocation Failure) [PSYoungGen: 242272K->160K(233472K)] 243912K->1808K(408576K), 0,0005115 secs] [Times: user=0,00 sys=0,00, real=0,00 secs] 
10,292: [GC (Allocation Failure) [PSYoungGen: 233120K->96K(280064K)] 234768K->1808K(455168K), 0,0005961 secs] [Times: user=0,00 sys=0,00, real=0,00 secs] 
10,345: [GC (Allocation Failure) [PSYoungGen: 279648K->96K(268800K)] 281360K->1808K(443904K), 0,0005169 secs] [Times: user=0,00 sys=0,00, real=0,00 secs] 
10,396: [GC (Allocation Failure) [PSYoungGen: 268384K->96K(258048K)] 270096K->1808K(433152K), 0,0005188 secs] [Times: user=0,00 sys=0,00, real=0,00 secs] 
10,445: [GC (Allocation Failure) [PSYoungGen: 257632K->96K(247808K)] 259344K->1808K(422912K), 0,0006009 secs] [Times: user=0,00 sys=0,00, real=0,00 secs] 
10,492: [GC (Allocation Failure) [PSYoungGen: 247392K->96K(238080K)] 249104K->1808K(413184K), 0,0005184 secs] [Times: user=0,00 sys=0,00, real=0,00 secs] 
10,538: [GC (Allocation Failure) [PSYoungGen: 237664K->96K(228864K)] 239376K->1808K(403968K), 0,0005071 secs] [Times: user=0,00 sys=0,00, real=0,00 secs] 
10,583: [GC (Allocation Failure) [PSYoungGen: 228448K->96K(220160K)] 230160K->1808K(395264K), 0,0005048 secs] [Times: user=0,00 sys=0,00, real=0,00 secs] 
10,625: [GC (Allocation Failure) [PSYoungGen: 219744K->96K(264192K)] 221456K->1808K(439296K), 0,0005608 secs] [Times: user=0,00 sys=0,00, real=0,00 secs] 
10,676: [GC (Allocation Failure) [PSYoungGen: 263776K->96K(316928K)] 265488K->1808K(492032K), 0,0005217 secs] [Times: user=0,01 sys=0,00, real=0,00 secs] 
10,734: [GC (Allocation Failure) [PSYoungGen: 316512K->64K(304128K)] 318224K->1776K(479232K), 0,0005283 secs] [Times: user=0,00 sys=0,00, real=0,00 secs] 
10,790: [GC (Allocation Failure) [PSYoungGen: 303680K->96K(291840K)] 305392K->1808K(466944K), 0,0005249 secs] [Times: user=0,00 sys=0,00, real=0,00 secs] 
10,844: [GC (Allocation Failure) [PSYoungGen: 291424K->96K(280064K)] 293136K->1808K(455168K), 0,0005297 secs] [Times: user=0,01 sys=0,00, real=0,00 secs] 
10,896: [GC (Allocation Failure) [PSYoungGen: 279648K->64K(268800K)] 281360K->1776K(443904K), 0,0005335 secs] [Times: user=0,00 sys=0,00, real=0,00 secs] 
10,946: [GC (Allocation Failure) [PSYoungGen: 268352K->96K(258048K)] 270064K->1808K(433152K), 0,0005206 secs] [Times: user=0,00 sys=0,00, real=0,00 secs] 
10,993: [GC (Allocation Failure) [PSYoungGen: 257632K->96K(247808K)] 259344K->1808K(422912K), 0,0005108 secs] [Times: user=0,01 sys=0,00, real=0,00 secs] 
11,040: [GC (Allocation Failure) [PSYoungGen: 247392K->96K(238080K)] 249104K->1808K(413184K), 0,0004990 secs] [Times: user=0,00 sys=0,00, real=0,00 secs] 
11,084: [GC (Allocation Failure) [PSYoungGen: 237664K->96K(228864K)] 239376K->1808K(403968K), 0,0005137 secs] [Times: user=0,00 sys=0,00, real=0,00 secs] 
11,126: [GC (Allocation Failure) [PSYoungGen: 228448K->96K(220160K)] 230160K->1808K(395264K), 0,0005043 secs] [Times: user=0,00 sys=0,00, real=0,00 secs] 
11,167: [GC (Allocation Failure) [PSYoungGen: 219744K->96K(264192K)] 221456K->1808K(439296K), 0,0005063 secs] [Times: user=0,00 sys=0,00, real=0,00 secs] 
11,216: [GC (Allocation Failure) [PSYoungGen: 263776K->96K(316928K)] 265488K->1808K(492032K), 0,0005173 secs] [Times: user=0,00 sys=0,00, real=0,00 secs] 
11,275: [GC (Allocation Failure) [PSYoungGen: 316512K->96K(304128K)] 318224K->1808K(479232K), 0,0005253 secs] [Times: user=0,00 sys=0,00, real=0,00 secs] 
11,332: [GC (Allocation Failure) [PSYoungGen: 303712K->96K(291840K)] 305424K->1808K(466944K), 0,0005069 secs] [Times: user=0,00 sys=0,00, real=0,00 secs] 
11,387: [GC (Allocation Failure) [PSYoungGen: 291424K->96K(280064K)] 293136K->1808K(455168K), 0,0005070 secs] [Times: user=0,00 sys=0,00, real=0,00 secs] 
11,439: [GC (Allocation Failure) [PSYoungGen: 279647K->96K(268800K)] 281360K->1808K(443904K), 0,0005312 secs] [Times: user=0,00 sys=0,00, real=0,00 secs] 
11,489: [GC (Allocation Failure) [PSYoungGen: 268384K->96K(258048K)] 270096K->1808K(433152K), 0,0005350 secs] [Times: user=0,00 sys=0,00, real=0,00 secs] 
11,538: [GC (Allocation Failure) [PSYoungGen: 257632K->96K(309760K)] 259344K->1808K(484864K), 0,0011965 secs] [Times: user=0,00 sys=0,00, real=0,00 secs] 
11,598: [GC (Allocation Failure) [PSYoungGen: 309344K->96K(371712K)] 311056K->1808K(546816K), 0,0005100 secs] [Times: user=0,00 sys=0,00, real=0,00 secs] 
11,668: [GC (Allocation Failure) [PSYoungGen: 371296K->96K(356352K)] 373008K->1808K(531456K), 0,0005085 secs] [Times: user=0,00 sys=0,00, real=0,00 secs] 
11,735: [GC (Allocation Failure) [PSYoungGen: 355936K->96K(341504K)] 357648K->1808K(516608K), 0,0005224 secs] [Times: user=0,00 sys=0,00, real=0,00 secs] 
11,799: [GC (Allocation Failure) [PSYoungGen: 341088K->96K(327680K)] 342800K->1808K(502784K), 0,0005351 secs] [Times: user=0,00 sys=0,00, real=0,00 secs] 
11,860: [GC (Allocation Failure) [PSYoungGen: 327264K->96K(314368K)] 328976K->1808K(489472K), 0,0005064 secs] [Times: user=0,01 sys=0,00, real=0,00 secs] 
11,919: [GC (Allocation Failure) [PSYoungGen: 313952K->96K(301568K)] 315664K->1808K(476672K), 0,0005524 secs] [Times: user=0,00 sys=0,00, real=0,00 secs] 
11,976: [GC (Allocation Failure) [PSYoungGen: 301152K->96K(289280K)] 302864K->1808K(464384K), 0,0005108 secs] [Times: user=0,00 sys=0,00, real=0,00 secs] 
12,030: [GC (Allocation Failure) [PSYoungGen: 288863K->96K(278016K)] 290576K->1808K(453120K), 0,0005068 secs] [Times: user=0,01 sys=0,01, real=0,00 secs] 
12,082: [GC (Allocation Failure) [PSYoungGen: 277600K->96K(267264K)] 279312K->1808K(442368K), 0,0005488 secs] [Times: user=0,00 sys=0,00, real=0,00 secs] 
12,132: [GC (Allocation Failure) [PSYoungGen: 266848K->64K(257024K)] 268560K->1776K(432128K), 0,0007055 secs] [Times: user=0,00 sys=0,00, real=0,00 secs] 
12,181: [GC (Allocation Failure) [PSYoungGen: 256576K->96K(247296K)] 258288K->1808K(422400K), 0,0005090 secs] [Times: user=0,00 sys=0,00, real=0,01 secs] 
12,227: [GC (Allocation Failure) [PSYoungGen: 246880K->96K(237568K)] 248592K->1808K(412672K), 0,0005422 secs] [Times: user=0,00 sys=0,00, real=0,00 secs] 
12,272: [GC (Allocation Failure) [PSYoungGen: 237152K->96K(285184K)] 238864K->1808K(460288K), 0,0005120 secs] [Times: user=0,00 sys=0,00, real=0,00 secs] 
12,325: [GC (Allocation Failure) [PSYoungGen: 284768K->96K(273920K)] 286480K->1808K(449024K), 0,0005228 secs] [Times: user=0,00 sys=0,00, real=0,00 secs] 
12,375: [GC (Allocation Failure) [PSYoungGen: 273504K->96K(263168K)] 275216K->1808K(438272K), 0,0005355 secs] [Times: user=0,00 sys=0,00, real=0,00 secs] 
12,424: [GC (Allocation Failure) [PSYoungGen: 262752K->96K(252928K)] 264464K->1808K(428032K), 0,0005159 secs] [Times: user=0,00 sys=0,00, real=0,00 secs] 
12,471: [GC (Allocation Failure) [PSYoungGen: 252512K->96K(243200K)] 254224K->1808K(418304K), 0,0005714 secs] [Times: user=0,00 sys=0,00, real=0,01 secs] 
12,516: [GC (Allocation Failure) [PSYoungGen: 242784K->96K(233984K)] 244496K->1808K(409088K), 0,0005132 secs] [Times: user=0,00 sys=0,00, real=0,00 secs] 
12,562: [GC (Allocation Failure) [PSYoungGen: 233568K->96K(281088K)] 235280K->1808K(456192K), 0,0005284 secs] [Times: user=0,00 sys=0,00, real=0,00 secs] 
12,614: [GC (Allocation Failure) [PSYoungGen: 280672K->96K(269824K)] 282384K->1808K(444928K), 0,0005042 secs] [Times: user=0,01 sys=0,00, real=0,00 secs] 
12,664: [GC (Allocation Failure) [PSYoungGen: 269408K->96K(259072K)] 271120K->1808K(434176K), 0,0005056 secs] [Times: user=0,01 sys=0,00, real=0,00 secs] 
12,712: [GC (Allocation Failure) [PSYoungGen: 258656K->96K(248832K)] 260368K->1808K(423936K), 0,0005408 secs] [Times: user=0,00 sys=0,00, real=0,00 secs] 
12,758: [GC (Allocation Failure) [PSYoungGen: 248416K->96K(239104K)] 250128K->1808K(414208K), 0,0005215 secs] [Times: user=0,00 sys=0,00, real=0,00 secs] 
12,802: [GC (Allocation Failure) [PSYoungGen: 238688K->96K(229888K)] 240400K->1808K(404992K), 0,0005113 secs] [Times: user=0,01 sys=0,00, real=0,00 secs] 
12,845: [GC (Allocation Failure) [PSYoungGen: 229472K->96K(275968K)] 231184K->1808K(451072K), 0,0004973 secs] [Times: user=0,00 sys=0,00, real=0,00 secs] 
12,896: [GC (Allocation Failure) [PSYoungGen: 275552K->64K(331264K)] 277264K->1776K(506368K), 0,0005849 secs] [Times: user=0,00 sys=0,00, real=0,00 secs] 
12,961: [GC (Allocation Failure) [PSYoungGen: 330816K->96K(317952K)] 332528K->1808K(493056K), 0,0004995 secs] [Times: user=0,00 sys=0,00, real=0,01 secs] 
13,021: [GC (Allocation Failure) [PSYoungGen: 317536K->96K(305152K)] 319248K->1808K(480256K), 0,0005355 secs] [Times: user=0,00 sys=0,00, real=0,00 secs] 
13,077: [GC (Allocation Failure) [PSYoungGen: 304736K->96K(292864K)] 306448K->1808K(467968K), 0,0004677 secs] [Times: user=0,00 sys=0,00, real=0,00 secs] 
13,134: [GC (Allocation Failure) [PSYoungGen: 292448K->96K(281088K)] 294160K->1808K(456192K), 0,0005053 secs] [Times: user=0,00 sys=0,00, real=0,00 secs] 
13,186: [GC (Allocation Failure) [PSYoungGen: 280672K->96K(269824K)] 282384K->1808K(444928K), 0,0005101 secs] [Times: user=0,00 sys=0,00, real=0,00 secs] 
13,236: [GC (Allocation Failure) [PSYoungGen: 269408K->96K(259072K)] 271120K->1816K(434176K), 0,0005402 secs] [Times: user=0,00 sys=0,00, real=0,00 secs] 
13,284: [GC (Allocation Failure) [PSYoungGen: 258656K->96K(248832K)] 260376K->1816K(423936K), 0,0005053 secs] [Times: user=0,00 sys=0,00, real=0,00 secs] 
13,331: [GC (Allocation Failure) [PSYoungGen: 248416K->96K(239104K)] 250136K->1816K(414208K), 0,0004865 secs] [Times: user=0,00 sys=0,00, real=0,00 secs] 
13,375: [GC (Allocation Failure) [PSYoungGen: 238688K->96K(229888K)] 240408K->1816K(404992K), 0,0004932 secs] [Times: user=0,00 sys=0,00, real=0,00 secs] 
13,418: [GC (Allocation Failure) [PSYoungGen: 229472K->96K(221184K)] 231192K->1816K(396288K), 0,0005159 secs] [Times: user=0,00 sys=0,00, real=0,00 secs] 
13,459: [GC (Allocation Failure) [PSYoungGen: 220768K->96K(265728K)] 222488K->1816K(440832K), 0,0005133 secs] [Times: user=0,00 sys=0,00, real=0,00 secs] 
13,508: [GC (Allocation Failure) [PSYoungGen: 265312K->96K(255488K)] 267032K->1816K(430592K), 0,0005099 secs] [Times: user=0,00 sys=0,00, real=0,00 secs] 
13,558: [GC (Allocation Failure) [PSYoungGen: 255072K->96K(245760K)] 256792K->1816K(420864K), 0,0005119 secs] [Times: user=0,00 sys=0,00, real=0,00 secs] 
13,604: [GC (Allocation Failure) [PSYoungGen: 245344K->96K(236544K)] 247064K->1816K(411648K), 0,0005222 secs] [Times: user=0,00 sys=0,00, real=0,00 secs] 
13,648: [GC (Allocation Failure) [PSYoungGen: 236128K->96K(284160K)] 237848K->1816K(459264K), 0,0005141 secs] [Times: user=0,00 sys=0,00, real=0,00 secs] 
13,717: [GC (Allocation Failure) [PSYoungGen: 283744K->96K(272896K)] 285464K->1816K(448000K), 0,0005306 secs] [Times: user=0,00 sys=0,01, real=0,00 secs] 
13,769: [GC (Allocation Failure) [PSYoungGen: 272480K->96K(262144K)] 274200K->1816K(437248K), 0,0005211 secs] [Times: user=0,01 sys=0,00, real=0,00 secs] 
13,818: [GC (Allocation Failure) [PSYoungGen: 261728K->64K(251904K)] 263448K->1784K(427008K), 0,0005117 secs] [Times: user=0,00 sys=0,00, real=0,00 secs] 
13,865: [GC (Allocation Failure) [PSYoungGen: 251456K->96K(242176K)] 253176K->1816K(417280K), 0,0005196 secs] [Times: user=0,00 sys=0,00, real=0,00 secs] 
13,911: [GC (Allocation Failure) [PSYoungGen: 241760K->64K(232960K)] 243480K->1784K(408064K), 0,0005958 secs] [Times: user=0,00 sys=0,00, real=0,01 secs] 
13,959: [GC (Allocation Failure) [PSYoungGen: 232512K->96K(279552K)] 234232K->1816K(454656K), 0,0005472 secs] [Times: user=0,00 sys=0,00, real=0,00 secs] 
14,011: [GC (Allocation Failure) [PSYoungGen: 279136K->96K(268288K)] 280856K->1816K(443392K), 0,0005387 secs] [Times: user=0,01 sys=0,00, real=0,01 secs] 
14,062: [GC (Allocation Failure) [PSYoungGen: 267872K->96K(257536K)] 269592K->1816K(432640K), 0,0005286 secs] [Times: user=0,01 sys=0,00, real=0,00 secs] 
14,110: [GC (Allocation Failure) [PSYoungGen: 257120K->96K(247296K)] 258840K->1816K(422400K), 0,0005436 secs] [Times: user=0,00 sys=0,00, real=0,00 secs] 
14,156: [GC (Allocation Failure) [PSYoungGen: 246880K->96K(237568K)] 248600K->1816K(412672K), 0,0005230 secs] [Times: user=0,00 sys=0,00, real=0,00 secs] 
14,201: [GC (Allocation Failure) [PSYoungGen: 237152K->64K(285184K)] 238872K->1784K(460288K), 0,0006157 secs] [Times: user=0,00 sys=0,00, real=0,01 secs] 
14,255: [GC (Allocation Failure) [PSYoungGen: 284736K->96K(342528K)] 286456K->1816K(517632K), 0,0005157 secs] [Times: user=0,00 sys=0,00, real=0,00 secs] 
14,319: [GC (Allocation Failure) [PSYoungGen: 342112K->96K(328192K)] 343832K->1816K(503296K), 0,0005627 secs] [Times: user=0,00 sys=0,00, real=0,00 secs] 
14,380: [GC (Allocation Failure) [PSYoungGen: 327776K->96K(314880K)] 329496K->1816K(489984K), 0,0005086 secs] [Times: user=0,00 sys=0,00, real=0,00 secs] 
14,438: [GC (Allocation Failure) [PSYoungGen: 314464K->96K(302080K)] 316184K->1816K(477184K), 0,0005102 secs] [Times: user=0,00 sys=0,00, real=0,00 secs] 
14,494: [GC (Allocation Failure) [PSYoungGen: 301664K->96K(289792K)] 303384K->1816K(464896K), 0,0006405 secs] [Times: user=0,00 sys=0,00, real=0,00 secs] 
14,551: [GC (Allocation Failure) [PSYoungGen: 289376K->64K(347648K)] 291096K->1784K(522752K), 0,0010121 secs] [Times: user=0,01 sys=0,00, real=0,01 secs] 
14,617: [GC (Allocation Failure) [PSYoungGen: 347200K->64K(333312K)] 348920K->1784K(508416K), 0,0005081 secs] [Times: user=0,00 sys=0,00, real=0,00 secs] 
14,678: [GC (Allocation Failure) [PSYoungGen: 332864K->96K(319488K)] 334584K->1816K(494592K), 0,0005086 secs] [Times: user=0,00 sys=0,00, real=0,00 secs] 
14,737: [GC (Allocation Failure) [PSYoungGen: 319072K->96K(306688K)] 320792K->1816K(481792K), 0,0005326 secs] [Times: user=0,00 sys=0,00, real=0,00 secs] 
14,794: [GC (Allocation Failure) [PSYoungGen: 306272K->96K(294400K)] 307992K->1816K(469504K), 0,0005195 secs] [Times: user=0,00 sys=0,00, real=0,00 secs] 
14,848: [GC (Allocation Failure) [PSYoungGen: 293984K->96K(282624K)] 295704K->1816K(457728K), 0,0005390 secs] [Times: user=0,00 sys=0,00, real=0,00 secs] 
14,901: [GC (Allocation Failure) [PSYoungGen: 282208K->96K(271360K)] 283928K->1816K(446464K), 0,0006033 secs] [Times: user=0,00 sys=0,00, real=0,00 secs] 
14,951: [GC (Allocation Failure) [PSYoungGen: 270944K->96K(260608K)] 272664K->1816K(435712K), 0,0005347 secs] [Times: user=0,00 sys=0,00, real=0,01 secs] 
15,000: [GC (Allocation Failure) [PSYoungGen: 260192K->96K(250368K)] 261912K->1816K(425472K), 0,0005488 secs] [Times: user=0,00 sys=0,00, real=0,00 secs] 
15,047: [GC (Allocation Failure) [PSYoungGen: 249952K->96K(240640K)] 251672K->1816K(415744K), 0,0005072 secs] [Times: user=0,00 sys=0,00, real=0,00 secs] 
15,092: [GC (Allocation Failure) [PSYoungGen: 240224K->96K(288768K)] 241944K->1816K(463872K), 0,0005671 secs] [Times: user=0,00 sys=0,00, real=0,00 secs] 
15,145: [GC (Allocation Failure) [PSYoungGen: 288352K->96K(277504K)] 290072K->1816K(452608K), 0,0005104 secs] [Times: user=0,00 sys=0,00, real=0,00 secs] 
15,197: [GC (Allocation Failure) [PSYoungGen: 277088K->96K(266752K)] 278808K->1816K(441856K), 0,0005239 secs] [Times: user=0,01 sys=0,00, real=0,00 secs] 
15,247: [GC (Allocation Failure) [PSYoungGen: 266336K->96K(256512K)] 268056K->1816K(431616K), 0,0005275 secs] [Times: user=0,01 sys=0,00, real=0,00 secs] 
15,295: [GC (Allocation Failure) [PSYoungGen: 256096K->96K(246784K)] 257816K->1816K(421888K), 0,0005020 secs] [Times: user=0,00 sys=0,00, real=0,00 secs] 
15,340: [GC (Allocation Failure) [PSYoungGen: 246368K->96K(296448K)] 248088K->1816K(471552K), 0,0006042 secs] [Times: user=0,00 sys=0,00, real=0,00 secs] 
15,395: [GC (Allocation Failure) [PSYoungGen: 296032K->96K(284672K)] 297752K->1816K(459776K), 0,0005162 secs] [Times: user=0,01 sys=0,00, real=0,00 secs] 
15,448: [GC (Allocation Failure) [PSYoungGen: 284256K->96K(273408K)] 285976K->1816K(448512K), 0,0005094 secs] [Times: user=0,00 sys=0,00, real=0,00 secs] 
15,499: [GC (Allocation Failure) [PSYoungGen: 272992K->96K(262656K)] 274712K->1816K(437760K), 0,0005478 secs] [Times: user=0,00 sys=0,00, real=0,00 secs] 
15,549: [GC (Allocation Failure) [PSYoungGen: 262240K->96K(252416K)] 263960K->1816K(427520K), 0,0005561 secs] [Times: user=0,00 sys=0,00, real=0,00 secs] 
15,599: [GC (Allocation Failure) [PSYoungGen: 252000K->96K(242688K)] 253720K->1816K(417792K), 0,0005212 secs] [Times: user=0,00 sys=0,00, real=0,00 secs] 
15,644: [GC (Allocation Failure) [PSYoungGen: 242272K->96K(233472K)] 243992K->1816K(408576K), 0,0005363 secs] [Times: user=0,01 sys=0,00, real=0,00 secs] 
15,688: [GC (Allocation Failure) [PSYoungGen: 233056K->96K(280064K)] 234776K->1816K(455168K), 0,0005155 secs] [Times: user=0,00 sys=0,00, real=0,00 secs] 
15,740: [GC (Allocation Failure) [PSYoungGen: 279648K->96K(268800K)] 281368K->1816K(443904K), 0,0005489 secs] [Times: user=0,00 sys=0,00, real=0,00 secs] 
15,789: [GC (Allocation Failure) [PSYoungGen: 268384K->96K(258048K)] 270104K->1816K(433152K), 0,0005104 secs] [Times: user=0,00 sys=0,00, real=0,00 secs] 
15,837: [GC (Allocation Failure) [PSYoungGen: 257632K->96K(247808K)] 259352K->1816K(422912K), 0,0005095 secs] [Times: user=0,00 sys=0,00, real=0,00 secs] 
15,883: [GC (Allocation Failure) [PSYoungGen: 247392K->96K(238080K)] 249112K->1816K(413184K), 0,0005038 secs] [Times: user=0,00 sys=0,00, real=0,00 secs] 
15,927: [GC (Allocation Failure) [PSYoungGen: 237663K->96K(228864K)] 239384K->1816K(403968K), 0,0004973 secs] [Times: user=0,00 sys=0,00, real=0,00 secs] 
15,970: [GC (Allocation Failure) [PSYoungGen: 228448K->96K(274944K)] 230168K->1816K(450048K), 0,0005100 secs] [Times: user=0,00 sys=0,00, real=0,00 secs] 
16,021: [GC (Allocation Failure) [PSYoungGen: 274528K->96K(264192K)] 276248K->1816K(439296K), 0,0005159 secs] [Times: user=0,01 sys=0,00, real=0,01 secs] 
16,071: [GC (Allocation Failure) [PSYoungGen: 263776K->96K(253952K)] 265496K->1816K(429056K), 0,0005153 secs] [Times: user=0,01 sys=0,00, real=0,00 secs] 
16,118: [GC (Allocation Failure) [PSYoungGen: 253536K->96K(244224K)] 255256K->1816K(419328K), 0,0005071 secs] [Times: user=0,00 sys=0,00, real=0,00 secs] 
16,163: [GC (Allocation Failure) [PSYoungGen: 243808K->96K(235008K)] 245528K->1816K(410112K), 0,0005154 secs] [Times: user=0,00 sys=0,00, real=0,00 secs] 
16,207: [GC (Allocation Failure) [PSYoungGen: 234592K->96K(226304K)] 236312K->1816K(401408K), 0,0005074 secs] [Times: user=0,00 sys=0,00, real=0,00 secs] 
16,249: [GC (Allocation Failure) [PSYoungGen: 225888K->96K(271872K)] 227608K->1816K(446976K), 0,0005122 secs] [Times: user=0,01 sys=0,00, real=0,00 secs] 
16,300: [GC (Allocation Failure) [PSYoungGen: 271456K->64K(261120K)] 273176K->1784K(436224K), 0,0005076 secs] [Times: user=0,00 sys=0,00, real=0,00 secs] 
16,348: [GC (Allocation Failure) [PSYoungGen: 260672K->96K(250880K)] 262392K->1816K(425984K), 0,0005135 secs] [Times: user=0,01 sys=0,00, real=0,00 secs] 
16,394: [GC (Allocation Failure) [PSYoungGen: 250463K->96K(241152K)] 252184K->1816K(416256K), 0,0005158 secs] [Times: user=0,00 sys=0,00, real=0,00 secs] 
16,439: [GC (Allocation Failure) [PSYoungGen: 240736K->96K(231936K)] 242456K->1816K(407040K), 0,0005124 secs] [Times: user=0,00 sys=0,00, real=0,00 secs] 
16,482: [GC (Allocation Failure) [PSYoungGen: 231520K->96K(278528K)] 233240K->1816K(453632K), 0,0005353 secs] [Times: user=0,00 sys=0,00, real=0,00 secs] 
16,533: [GC (Allocation Failure) [PSYoungGen: 278112K->96K(267776K)] 279832K->1816K(442880K), 0,0005124 secs] [Times: user=0,00 sys=0,00, real=0,00 secs] 
16,585: [GC (Allocation Failure) [PSYoungGen: 267360K->64K(321536K)] 269080K->1784K(496640K), 0,0006229 secs] [Times: user=0,00 sys=0,00, real=0,00 secs] 
16,644: [GC (Allocation Failure) [PSYoungGen: 321088K->96K(308224K)] 322808K->1816K(483328K), 0,0005219 secs] [Times: user=0,00 sys=0,00, real=0,00 secs] 
16,705: [GC (Allocation Failure) [PSYoungGen: 307808K->96K(295936K)] 309528K->1816K(471040K), 0,0005978 secs] [Times: user=0,00 sys=0,00, real=0,00 secs] 
16,760: [GC (Allocation Failure) [PSYoungGen: 295520K->96K(284160K)] 297240K->1816K(459264K), 0,0005467 secs] [Times: user=0,00 sys=0,00, real=0,00 secs] 
16,813: [GC (Allocation Failure) [PSYoungGen: 283744K->96K(272896K)] 285464K->1816K(448000K), 0,0005491 secs] [Times: user=0,00 sys=0,00, real=0,00 secs] 
16,863: [GC (Allocation Failure) [PSYoungGen: 272480K->96K(262144K)] 274200K->1816K(437248K), 0,0005050 secs] [Times: user=0,00 sys=0,00, real=0,00 secs] 
16,912: [GC (Allocation Failure) [PSYoungGen: 261728K->96K(251904K)] 263448K->1816K(427008K), 0,0005074 secs] [Times: user=0,00 sys=0,00, real=0,00 secs] 
16,959: [GC (Allocation Failure) [PSYoungGen: 251488K->96K(242176K)] 253208K->1816K(417280K), 0,0005668 secs] [Times: user=0,00 sys=0,00, real=0,00 secs] 
17,003: [GC (Allocation Failure) [PSYoungGen: 241760K->96K(290816K)] 243480K->1816K(465920K), 0,0005681 secs] [Times: user=0,01 sys=0,00, real=0,00 secs] 
17,057: [GC (Allocation Failure) [PSYoungGen: 290400K->96K(279040K)] 292120K->1816K(454144K), 0,0005304 secs] [Times: user=0,00 sys=0,00, real=0,00 secs] 
17,109: [GC (Allocation Failure) [PSYoungGen: 278624K->96K(267776K)] 280344K->1816K(442880K), 0,0005135 secs] [Times: user=0,00 sys=0,00, real=0,00 secs] 
17,159: [GC (Allocation Failure) [PSYoungGen: 267360K->96K(257536K)] 269080K->1816K(432640K), 0,0005073 secs] [Times: user=0,00 sys=0,00, real=0,00 secs] 
17,207: [GC (Allocation Failure) [PSYoungGen: 257120K->96K(247296K)] 258840K->1816K(422400K), 0,0005388 secs] [Times: user=0,00 sys=0,00, real=0,00 secs] 
17,254: [GC (Allocation Failure) [PSYoungGen: 246880K->96K(237568K)] 248600K->1816K(412672K), 0,0005186 secs] [Times: user=0,00 sys=0,00, real=0,00 secs] 
17,298: [GC (Allocation Failure) [PSYoungGen: 237152K->96K(228352K)] 238872K->1816K(403456K), 0,0005127 secs] [Times: user=0,00 sys=0,00, real=0,00 secs] 
17,341: [GC (Allocation Failure) [PSYoungGen: 227936K->64K(273920K)] 229656K->1784K(449024K), 0,0005591 secs] [Times: user=0,00 sys=0,00, real=0,00 secs] 
17,391: [GC (Allocation Failure) [PSYoungGen: 273472K->96K(328704K)] 275192K->1816K(503808K), 0,0005319 secs] [Times: user=0,01 sys=0,00, real=0,01 secs] 
17,452: [GC (Allocation Failure) [PSYoungGen: 328288K->96K(315392K)] 330008K->1816K(490496K), 0,0005277 secs] [Times: user=0,00 sys=0,00, real=0,00 secs] 
17,510: [GC (Allocation Failure) [PSYoungGen: 314976K->96K(302592K)] 316696K->1816K(477696K), 0,0005061 secs] [Times: user=0,01 sys=0,00, real=0,00 secs] 
17,569: [GC (Allocation Failure) [PSYoungGen: 302176K->64K(290304K)] 303896K->1784K(465408K), 0,0006062 secs] [Times: user=0,00 sys=0,00, real=0,00 secs] 
17,623: [GC (Allocation Failure) [PSYoungGen: 289856K->96K(278528K)] 291576K->1816K(453632K), 0,0005457 secs] [Times: user=0,00 sys=0,00, real=0,00 secs] 
17,676: [GC (Allocation Failure) [PSYoungGen: 278112K->96K(267776K)] 279832K->1816K(442880K), 0,0005351 secs] [Times: user=0,00 sys=0,00, real=0,00 secs] 
17,725: [GC (Allocation Failure) [PSYoungGen: 267360K->96K(257536K)] 269080K->1816K(432640K), 0,0005215 secs] [Times: user=0,00 sys=0,00, real=0,00 secs] 
17,773: [GC (Allocation Failure) [PSYoungGen: 257120K->96K(247296K)] 258840K->1816K(422400K), 0,0005122 secs] [Times: user=0,00 sys=0,00, real=0,00 secs] 
17,819: [GC (Allocation Failure) [PSYoungGen: 246880K->96K(237568K)] 248600K->1816K(412672K), 0,0005085 secs] [Times: user=0,01 sys=0,00, real=0,00 secs] 
17,862: [GC (Allocation Failure) [PSYoungGen: 237152K->96K(228352K)] 238872K->1816K(403456K), 0,0005007 secs] [Times: user=0,00 sys=0,00, real=0,00 secs] 
17,905: [GC (Allocation Failure) [PSYoungGen: 227936K->96K(219648K)] 229656K->1816K(394752K), 0,0005038 secs] [Times: user=0,00 sys=0,00, real=0,00 secs] 
17,946: [GC (Allocation Failure) [PSYoungGen: 219232K->64K(263680K)] 220952K->1784K(438784K), 0,0009811 secs] [Times: user=0,01 sys=0,00, real=0,00 secs] 
17,995: [GC (Allocation Failure) [PSYoungGen: 263232K->96K(316416K)] 264952K->1816K(491520K), 0,0005571 secs] [Times: user=0,00 sys=0,00, real=0,00 secs] 
18,055: [GC (Allocation Failure) [PSYoungGen: 316000K->96K(379904K)] 317720K->1816K(555008K), 0,0005028 secs] [Times: user=0,00 sys=0,00, real=0,00 secs] 
18,130: [GC (Allocation Failure) [PSYoungGen: 379488K->96K(364032K)] 381208K->1816K(539136K), 0,0005017 secs] [Times: user=0,00 sys=0,00, real=0,00 secs] 
18,198: [GC (Allocation Failure) [PSYoungGen: 363616K->96K(348672K)] 365336K->1816K(523776K), 0,0005113 secs] [Times: user=0,00 sys=0,00, real=0,00 secs] 
18,263: [GC (Allocation Failure) [PSYoungGen: 348256K->96K(334336K)] 349976K->1816K(509440K), 0,0005003 secs] [Times: user=0,00 sys=0,00, real=0,00 secs] 
18,324: [GC (Allocation Failure) [PSYoungGen: 333920K->64K(320512K)] 335640K->1784K(495616K), 0,0006043 secs] [Times: user=0,00 sys=0,00, real=0,00 secs] 
18,384: [GC (Allocation Failure) [PSYoungGen: 320064K->96K(307712K)] 321784K->1816K(482816K), 0,0005079 secs] [Times: user=0,00 sys=0,00, real=0,00 secs] 
18,440: [GC (Allocation Failure) [PSYoungGen: 307296K->96K(295424K)] 309016K->1816K(470528K), 0,0005815 secs] [Times: user=0,00 sys=0,00, real=0,00 secs] 
18,495: [GC (Allocation Failure) [PSYoungGen: 295008K->96K(283648K)] 296728K->1816K(458752K), 0,0005301 secs] [Times: user=0,00 sys=0,00, real=0,00 secs] 
18,549: [GC (Allocation Failure) [PSYoungGen: 283232K->64K(340480K)] 284952K->1784K(515584K), 0,0014245 secs] [Times: user=0,00 sys=0,00, real=0,00 secs] 
18,614: [GC (Allocation Failure) [PSYoungGen: 340032K->96K(408576K)] 341752K->1816K(583680K), 0,0005294 secs] [Times: user=0,00 sys=0,00, real=0,00 secs] 
18,690: [GC (Allocation Failure) [PSYoungGen: 408160K->96K(391168K)] 409880K->1816K(566272K), 0,0005265 secs] [Times: user=0,00 sys=0,00, real=0,00 secs] 
18,762: [GC (Allocation Failure) [PSYoungGen: 390752K->96K(374784K)] 392472K->1816K(549888K), 0,0005021 secs] [Times: user=0,01 sys=0,00, real=0,00 secs] 
18,831: [GC (Allocation Failure) [PSYoungGen: 374368K->96K(358912K)] 376088K->1816K(534016K), 0,0005178 secs] [Times: user=0,01 sys=0,00, real=0,01 secs] 
18,897: [GC (Allocation Failure) [PSYoungGen: 358496K->96K(344064K)] 360216K->1816K(519168K), 0,0005179 secs] [Times: user=0,00 sys=0,00, real=0,00 secs] 
18,961: [GC (Allocation Failure) [PSYoungGen: 343648K->96K(329728K)] 345368K->1816K(504832K), 0,0005113 secs] [Times: user=0,01 sys=0,00, real=0,01 secs] 
19,022: [GC (Allocation Failure) [PSYoungGen: 329312K->96K(316416K)] 331032K->1816K(491520K), 0,0005373 secs] [Times: user=0,00 sys=0,00, real=0,00 secs] 
19,081: [GC (Allocation Failure) [PSYoungGen: 316000K->64K(303616K)] 317720K->1784K(478720K), 0,0005563 secs] [Times: user=0,00 sys=0,00, real=0,00 secs] 
19,137: [GC (Allocation Failure) [PSYoungGen: 303168K->96K(291328K)] 304888K->1816K(466432K), 0,0005090 secs] [Times: user=0,00 sys=0,00, real=0,00 secs] 
19,191: [GC (Allocation Failure) [PSYoungGen: 290912K->96K(279552K)] 292632K->1816K(454656K), 0,0005099 secs] [Times: user=0,00 sys=0,00, real=0,01 secs] 
19,243: [GC (Allocation Failure) [PSYoungGen: 279136K->96K(268288K)] 280856K->1816K(443392K), 0,0005115 secs] [Times: user=0,00 sys=0,00, real=0,00 secs] 
19,293: [GC (Allocation Failure) [PSYoungGen: 267872K->96K(257536K)] 269592K->1824K(432640K), 0,0005054 secs] [Times: user=0,00 sys=0,00, real=0,00 secs] 
19,340: [GC (Allocation Failure) [PSYoungGen: 257120K->96K(247296K)] 258848K->1824K(422400K), 0,0005096 secs] [Times: user=0,00 sys=0,00, real=0,00 secs] 
19,396: [GC (Allocation Failure) [PSYoungGen: 246880K->96K(237568K)] 248608K->1824K(412672K), 0,0006063 secs] [Times: user=0,00 sys=0,00, real=0,00 secs] 
19,448: [GC (Allocation Failure) [PSYoungGen: 237152K->96K(228352K)] 238880K->1824K(403456K), 0,0005109 secs] [Times: user=0,00 sys=0,00, real=0,00 secs] 
19,491: [GC (Allocation Failure) [PSYoungGen: 227936K->96K(219648K)] 229664K->1824K(394752K), 0,0005235 secs] [Times: user=0,00 sys=0,00, real=0,00 secs] 
19,533: [GC (Allocation Failure) [PSYoungGen: 219231K->96K(211456K)] 220960K->1824K(386560K), 0,0005516 secs] [Times: user=0,00 sys=0,00, real=0,00 secs] 
19,577: [GC (Allocation Failure) [PSYoungGen: 211040K->96K(253952K)] 212768K->1824K(429056K), 0,0005156 secs] [Times: user=0,00 sys=0,00, real=0,00 secs] 
19,625: [GC (Allocation Failure) [PSYoungGen: 253536K->96K(304640K)] 255264K->1824K(479744K), 0,0006030 secs] [Times: user=0,00 sys=0,00, real=0,00 secs] 
19,684: [GC (Allocation Failure) [PSYoungGen: 304224K->96K(292352K)] 305952K->1824K(467456K), 0,0005052 secs] [Times: user=0,00 sys=0,00, real=0,00 secs] 
19,739: [GC (Allocation Failure) [PSYoungGen: 291936K->96K(280576K)] 293664K->1824K(455680K), 0,0005564 secs] [Times: user=0,00 sys=0,00, real=0,00 secs] 
19,793: [GC (Allocation Failure) [PSYoungGen: 280160K->96K(269312K)] 281888K->1824K(444416K), 0,0005241 secs] [Times: user=0,00 sys=0,00, real=0,00 secs] 
19,844: [GC (Allocation Failure) [PSYoungGen: 268896K->96K(258560K)] 270624K->1824K(433664K), 0,0005319 secs] [Times: user=0,00 sys=0,00, real=0,00 secs] 
19,896: [GC (Allocation Failure) [PSYoungGen: 258144K->96K(248320K)] 259872K->1824K(423424K), 0,0005260 secs] [Times: user=0,00 sys=0,00, real=0,00 secs] 
19,943: [GC (Allocation Failure) [PSYoungGen: 247904K->64K(238592K)] 249632K->1792K(413696K), 0,0005839 secs] [Times: user=0,00 sys=0,00, real=0,00 secs] 
19,989: [GC (Allocation Failure) [PSYoungGen: 238144K->64K(229376K)] 239872K->1792K(404480K), 0,0005234 secs] [Times: user=0,00 sys=0,00, real=0,00 secs] 
20,033: [GC (Allocation Failure) [PSYoungGen: 228928K->32K(275456K)] 230656K->1760K(450560K), 0,0006301 secs] [Times: user=0,00 sys=0,00, real=0,00 secs] 
20,086: [GC (Allocation Failure) [PSYoungGen: 274976K->96K(330752K)] 276704K->1824K(505856K), 0,0006037 secs] [Times: user=0,00 sys=0,00, real=0,00 secs] 
20,148: [GC (Allocation Failure) [PSYoungGen: 330336K->96K(317440K)] 332064K->1824K(492544K), 0,0005614 secs] [Times: user=0,00 sys=0,00, real=0,00 secs] 
20,208: [GC (Allocation Failure) [PSYoungGen: 317024K->96K(304640K)] 318752K->1824K(479744K), 0,0005214 secs] [Times: user=0,00 sys=0,00, real=0,00 secs] 
20,267: [GC (Allocation Failure) [PSYoungGen: 304224K->96K(292352K)] 305952K->1824K(467456K), 0,0005360 secs] [Times: user=0,00 sys=0,00, real=0,00 secs] 
20,322: [GC (Allocation Failure) [PSYoungGen: 291936K->96K(280576K)] 293664K->1848K(455680K), 0,0005363 secs] [Times: user=0,00 sys=0,00, real=0,00 secs] 
20,376: [GC (Allocation Failure) [PSYoungGen: 280160K->96K(269312K)] 281912K->1848K(444416K), 0,0005179 secs] [Times: user=0,00 sys=0,00, real=0,00 secs] 
20,427: [GC (Allocation Failure) [PSYoungGen: 268896K->96K(258560K)] 270648K->1848K(433664K), 0,0005132 secs] [Times: user=0,00 sys=0,00, real=0,00 secs] 
20,476: [GC (Allocation Failure) [PSYoungGen: 258144K->96K(248320K)] 259896K->1848K(423424K), 0,0005248 secs] [Times: user=0,00 sys=0,00, real=0,00 secs] 
20,523: [GC (Allocation Failure) [PSYoungGen: 247904K->96K(238592K)] 249656K->1848K(413696K), 0,0005230 secs] [Times: user=0,00 sys=0,00, real=0,00 secs] 
20,572: [GC (Allocation Failure) [PSYoungGen: 238176K->96K(229376K)] 239928K->1848K(404480K), 0,0005711 secs] [Times: user=0,00 sys=0,00, real=0,00 secs] 
20,616: [GC (Allocation Failure) [PSYoungGen: 228960K->64K(220672K)] 230712K->1816K(395776K), 0,0005131 secs] [Times: user=0,00 sys=0,00, real=0,00 secs] 
20,658: [GC (Allocation Failure) [PSYoungGen: 220224K->96K(264704K)] 221976K->1848K(439808K), 0,0005098 secs] [Times: user=0,01 sys=0,00, real=0,00 secs] 
20,708: [GC (Allocation Failure) [PSYoungGen: 264288K->96K(317952K)] 266040K->1848K(493056K), 0,0009654 secs] [Times: user=0,00 sys=0,00, real=0,00 secs] 
20,769: [GC (Allocation Failure) [PSYoungGen: 317536K->64K(381440K)] 319288K->1816K(556544K), 0,0007162 secs] [Times: user=0,00 sys=0,00, real=0,00 secs] 
20,841: [GC (Allocation Failure) [PSYoungGen: 380992K->96K(457728K)] 382744K->1848K(632832K), 0,0005277 secs] [Times: user=0,00 sys=0,00, real=0,01 secs] 
20,927: [GC (Allocation Failure) [PSYoungGen: 457312K->96K(437760K)] 459064K->1848K(612864K), 0,0005129 secs] [Times: user=0,00 sys=0,00, real=0,00 secs] 
21,010: [GC (Allocation Failure) [PSYoungGen: 437344K->96K(418816K)] 439096K->1848K(593920K), 0,0005138 secs] [Times: user=0,00 sys=0,00, real=0,00 secs] 
21,090: [GC (Allocation Failure) [PSYoungGen: 418400K->96K(400896K)] 420152K->1848K(576000K), 0,0005128 secs] [Times: user=0,00 sys=0,00, real=0,00 secs] 
21,165: [GC (Allocation Failure) [PSYoungGen: 400480K->96K(384000K)] 402232K->1848K(559104K), 0,0005315 secs] [Times: user=0,00 sys=0,00, real=0,00 secs] 
21,238: [GC (Allocation Failure) [PSYoungGen: 383584K->96K(368128K)] 385336K->1848K(543232K), 0,0005237 secs] [Times: user=0,00 sys=0,00, real=0,00 secs] 
21,308: [GC (Allocation Failure) [PSYoungGen: 367712K->96K(352768K)] 369464K->1848K(527872K), 0,0006412 secs] [Times: user=0,00 sys=0,00, real=0,00 secs] 
21,375: [GC (Allocation Failure) [PSYoungGen: 352352K->128K(337920K)] 354104K->1880K(513024K), 0,0005553 secs] [Times: user=0,00 sys=0,00, real=0,00 secs] 
21,439: [GC (Allocation Failure) [PSYoungGen: 337536K->96K(324096K)] 339288K->1848K(499200K), 0,0005280 secs] [Times: user=0,00 sys=0,01, real=0,00 secs] 
21,501: [GC (Allocation Failure) [PSYoungGen: 323680K->64K(310784K)] 325432K->1816K(485888K), 0,0005537 secs] [Times: user=0,00 sys=0,00, real=0,01 secs] 
21,562: [GC (Allocation Failure) [PSYoungGen: 310336K->96K(297984K)] 312088K->1848K(473088K), 0,0005157 secs] [Times: user=0,00 sys=0,00, real=0,00 secs] 
21,619: [GC (Allocation Failure) [PSYoungGen: 297568K->64K(286208K)] 299320K->1816K(461312K), 0,0005564 secs] [Times: user=0,00 sys=0,00, real=0,00 secs] 
21,673: [GC (Allocation Failure) [PSYoungGen: 285760K->96K(274944K)] 287512K->1848K(450048K), 0,0005200 secs] [Times: user=0,00 sys=0,00, real=0,00 secs] 
21,726: [GC (Allocation Failure) [PSYoungGen: 274528K->64K(264192K)] 276280K->1816K(439296K), 0,0005721 secs] [Times: user=0,00 sys=0,00, real=0,00 secs] 
21,776: [GC (Allocation Failure) [PSYoungGen: 263744K->96K(253952K)] 265496K->1848K(429056K), 0,0005222 secs] [Times: user=0,00 sys=0,00, real=0,00 secs] 
21,824: [GC (Allocation Failure) [PSYoungGen: 253536K->96K(244224K)] 255288K->1848K(419328K), 0,0005133 secs] [Times: user=0,00 sys=0,00, real=0,00 secs] 
21,870: [GC (Allocation Failure) [PSYoungGen: 243808K->96K(235008K)] 245560K->1848K(410112K), 0,0005193 secs] [Times: user=0,00 sys=0,00, real=0,00 secs] 
21,915: [GC (Allocation Failure) [PSYoungGen: 234592K->96K(226304K)] 236344K->1848K(401408K), 0,0004973 secs] [Times: user=0,00 sys=0,00, real=0,00 secs] 
21,958: [GC (Allocation Failure) [PSYoungGen: 225888K->96K(217600K)] 227640K->1848K(392704K), 0,0005124 secs] [Times: user=0,00 sys=0,00, real=0,00 secs] 
21,999: [GC (Allocation Failure) [PSYoungGen: 217184K->96K(261120K)] 218936K->1848K(436224K), 0,0005143 secs] [Times: user=0,00 sys=0,00, real=0,00 secs] 
22,048: [GC (Allocation Failure) [PSYoungGen: 260704K->96K(313344K)] 262456K->1848K(488448K), 0,0005277 secs] [Times: user=0,00 sys=0,00, real=0,00 secs] 
22,106: [GC (Allocation Failure) [PSYoungGen: 312928K->96K(300544K)] 314680K->1848K(475648K), 0,0005088 secs] [Times: user=0,00 sys=0,00, real=0,00 secs] 
22,162: [GC (Allocation Failure) [PSYoungGen: 300128K->96K(288256K)] 301880K->1848K(463360K), 0,0005117 secs] [Times: user=0,00 sys=0,00, real=0,00 secs] 
22,249: [GC (Allocation Failure) [PSYoungGen: 287840K->32K(346112K)] 289592K->1784K(521216K), 0,0041524 secs] [Times: user=0,00 sys=0,00, real=0,01 secs] 
22,353: [GC (Allocation Failure) [PSYoungGen: 345632K->96K(415232K)] 347384K->1848K(590336K), 0,0005866 secs] [Times: user=0,00 sys=0,00, real=0,00 secs] 
22,439: [GC (Allocation Failure) [PSYoungGen: 414816K->96K(498176K)] 416568K->1848K(673280K), 0,0005024 secs] [Times: user=0,00 sys=0,00, real=0,00 secs] 
22,566: [GC (Allocation Failure) [PSYoungGen: 497760K->64K(598016K)] 499512K->1816K(773120K), 0,0008573 secs] [Times: user=0,01 sys=0,00, real=0,00 secs] 
22,688: [GC (Allocation Failure) [PSYoungGen: 597568K->96K(571392K)] 599320K->1848K(746496K), 0,0005232 secs] [Times: user=0,01 sys=0,00, real=0,00 secs] 
22,811: [GC (Allocation Failure) [PSYoungGen: 570976K->96K(545792K)] 572728K->1848K(720896K), 0,0005306 secs] [Times: user=0,00 sys=0,01, real=0,00 secs] 
22,971: [GC (Allocation Failure) [PSYoungGen: 545376K->96K(521728K)] 547128K->1848K(696832K), 0,0005451 secs] [Times: user=0,00 sys=0,00, real=0,00 secs] 
23,074: [GC (Allocation Failure) [PSYoungGen: 521312K->96K(498688K)] 523064K->1848K(673792K), 0,0005374 secs] [Times: user=0,00 sys=0,00, real=0,00 secs] 
23,289: [GC (Allocation Failure) [PSYoungGen: 498272K->64K(477184K)] 500024K->1816K(652288K), 0,0008776 secs] [Times: user=0,00 sys=0,00, real=0,00 secs] 
23,419: [GC (Allocation Failure) [PSYoungGen: 476736K->96K(456704K)] 478488K->1848K(631808K), 0,0005283 secs] [Times: user=0,00 sys=0,00, real=0,00 secs] 
23,516: [GC (Allocation Failure) [PSYoungGen: 456288K->96K(437248K)] 458040K->1848K(612352K), 0,0005669 secs] [Times: user=0,00 sys=0,00, real=0,00 secs] 
23,609: [GC (Allocation Failure) [PSYoungGen: 436832K->96K(418304K)] 438584K->1848K(593408K), 0,0005619 secs] [Times: user=0,00 sys=0,00, real=0,00 secs] 
23,694: [GC (Allocation Failure) [PSYoungGen: 417888K->96K(400384K)] 419640K->1848K(575488K), 0,0005635 secs] [Times: user=0,00 sys=0,00, real=0,00 secs] 
23,779: [GC (Allocation Failure) [PSYoungGen: 399968K->96K(383488K)] 401720K->1848K(558592K), 0,0005487 secs] [Times: user=0,00 sys=0,00, real=0,00 secs] 
23,857: [GC (Allocation Failure) [PSYoungGen: 383072K->96K(367616K)] 384824K->1848K(542720K), 0,0005413 secs] [Times: user=0,00 sys=0,00, real=0,00 secs] 
23,942: [GC (Allocation Failure) [PSYoungGen: 367200K->96K(352256K)] 368952K->1848K(527360K), 0,0005593 secs] [Times: user=0,00 sys=0,00, real=0,00 secs] 
24,020: [GC (Allocation Failure) [PSYoungGen: 351840K->96K(337920K)] 353592K->1848K(513024K), 0,0005871 secs] [Times: user=0,01 sys=0,00, real=0,00 secs] 
24,091: [GC (Allocation Failure) [PSYoungGen: 337504K->96K(324096K)] 339256K->1848K(499200K), 0,0008196 secs] [Times: user=0,00 sys=0,00, real=0,01 secs] 
24,164: [GC (Allocation Failure) [PSYoungGen: 323680K->96K(310784K)] 325432K->1848K(485888K), 0,0005904 secs] [Times: user=0,00 sys=0,00, real=0,00 secs] 
24,236: [GC (Allocation Failure) [PSYoungGen: 310368K->96K(297984K)] 312120K->1848K(473088K), 0,0005580 secs] [Times: user=0,00 sys=0,00, real=0,00 secs] 
24,304: [GC (Allocation Failure) [PSYoungGen: 297568K->64K(286208K)] 299320K->1816K(461312K), 0,0005621 secs] [Times: user=0,00 sys=0,00, real=0,00 secs] 
24,361: [GC (Allocation Failure) [PSYoungGen: 285760K->96K(274944K)] 287512K->1848K(450048K), 0,0005525 secs] [Times: user=0,00 sys=0,00, real=0,01 secs] 
24,421: [GC (Allocation Failure) [PSYoungGen: 274528K->64K(330240K)] 276280K->1816K(505344K), 0,0018823 secs] [Times: user=0,00 sys=0,00, real=0,01 secs] 
24,493: [GC (Allocation Failure) [PSYoungGen: 329792K->96K(396288K)] 331544K->1848K(571392K), 0,0005544 secs] [Times: user=0,00 sys=0,00, real=0,00 secs] 
24,578: [GC (Allocation Failure) [PSYoungGen: 395872K->96K(379392K)] 397624K->1848K(554496K), 0,0005652 secs] [Times: user=0,00 sys=0,00, real=0,00 secs] 
24,657: [GC (Allocation Failure) [PSYoungGen: 378976K->96K(363520K)] 380728K->1848K(538624K), 0,0005662 secs] [Times: user=0,00 sys=0,00, real=0,00 secs] 
24,733: [GC (Allocation Failure) [PSYoungGen: 363104K->64K(436224K)] 364856K->1816K(611328K), 0,0012577 secs] [Times: user=0,00 sys=0,00, real=0,00 secs] 
24,829: [GC (Allocation Failure) [PSYoungGen: 435776K->64K(523776K)] 437528K->1816K(698880K), 0,0011153 secs] [Times: user=0,01 sys=0,00, real=0,00 secs] 
24,965: [GC (Allocation Failure) [PSYoungGen: 523328K->64K(500736K)] 525080K->1816K(675840K), 0,0008341 secs] [Times: user=0,00 sys=0,00, real=0,00 secs] 
25,078: [GC (Allocation Failure) [PSYoungGen: 500288K->64K(478720K)] 502040K->1816K(653824K), 0,0011342 secs] [Times: user=0,00 sys=0,00, real=0,00 secs] 
25,179: [GC (Allocation Failure) [PSYoungGen: 478272K->64K(457728K)] 480024K->1816K(632832K), 0,0005931 secs] [Times: user=0,00 sys=0,00, real=0,00 secs] 
25,271: [GC (Allocation Failure) [PSYoungGen: 457280K->96K(437760K)] 459032K->1848K(612864K), 0,0005744 secs] [Times: user=0,00 sys=0,00, real=0,01 secs] 
25,358: [GC (Allocation Failure) [PSYoungGen: 437344K->96K(418816K)] 439096K->1848K(593920K), 0,0005421 secs] [Times: user=0,00 sys=0,00, real=0,00 secs] 
25,442: [GC (Allocation Failure) [PSYoungGen: 418400K->96K(400896K)] 420152K->1848K(576000K), 0,0005548 secs] [Times: user=0,00 sys=0,00, real=0,00 secs] 
25,521: [GC (Allocation Failure) [PSYoungGen: 400480K->96K(384000K)] 402232K->1848K(559104K), 0,0005384 secs] [Times: user=0,00 sys=0,00, real=0,01 secs] 
25,600: [GC (Allocation Failure) [PSYoungGen: 383584K->96K(368128K)] 385336K->1848K(543232K), 0,0005461 secs] [Times: user=0,00 sys=0,00, real=0,00 secs] 
25,674: [GC (Allocation Failure) [PSYoungGen: 367712K->96K(352768K)] 369464K->1848K(527872K), 0,0005491 secs] [Times: user=0,00 sys=0,00, real=0,00 secs] 
25,744: [GC (Allocation Failure) [PSYoungGen: 352352K->96K(337920K)] 354104K->1848K(513024K), 0,0005399 secs] [Times: user=0,01 sys=0,00, real=0,00 secs] 
25,811: [GC (Allocation Failure) [PSYoungGen: 337504K->96K(324096K)] 339256K->1848K(499200K), 0,0005441 secs] [Times: user=0,00 sys=0,00, real=0,01 secs] 
25,875: [GC (Allocation Failure) [PSYoungGen: 323680K->96K(310784K)] 325432K->1848K(485888K), 0,0005885 secs] [Times: user=0,00 sys=0,00, real=0,00 secs] 
25,936: [GC (Allocation Failure) [PSYoungGen: 310368K->96K(297984K)] 312120K->1848K(473088K), 0,0005804 secs] [Times: user=0,00 sys=0,00, real=0,00 secs] 
25,995: [GC (Allocation Failure) [PSYoungGen: 297568K->96K(286208K)] 299320K->1848K(461312K), 0,0005400 secs] [Times: user=0,00 sys=0,00, real=0,00 secs] 
26,052: [GC (Allocation Failure) [PSYoungGen: 285792K->96K(274944K)] 287544K->1848K(450048K), 0,0005459 secs] [Times: user=0,01 sys=0,00, real=0,00 secs] 
26,107: [GC (Allocation Failure) [PSYoungGen: 274528K->96K(264192K)] 276280K->1848K(439296K), 0,0005647 secs] [Times: user=0,00 sys=0,00, real=0,00 secs] 
26,159: [GC (Allocation Failure) [PSYoungGen: 263776K->96K(253952K)] 265528K->1848K(429056K), 0,0005392 secs] [Times: user=0,00 sys=0,00, real=0,00 secs] 
26,209: [GC (Allocation Failure) [PSYoungGen: 253536K->96K(244224K)] 255288K->1848K(419328K), 0,0005789 secs] [Times: user=0,00 sys=0,00, real=0,00 secs] 
26,261: [GC (Allocation Failure) [PSYoungGen: 243808K->96K(235008K)] 245560K->1848K(410112K), 0,0005184 secs] [Times: user=0,00 sys=0,00, real=0,01 secs] 
26,307: [GC (Allocation Failure) [PSYoungGen: 234592K->96K(226304K)] 236344K->1848K(401408K), 0,0005876 secs] [Times: user=0,00 sys=0,00, real=0,00 secs] 
26,351: [GC (Allocation Failure) [PSYoungGen: 225888K->96K(217600K)] 227640K->1848K(392704K), 0,0005180 secs] [Times: user=0,01 sys=0,00, real=0,00 secs] 
26,395: [GC (Allocation Failure) [PSYoungGen: 217184K->96K(261120K)] 218936K->1848K(436224K), 0,0006555 secs] [Times: user=0,00 sys=0,00, real=0,00 secs] 
26,446: [GC (Allocation Failure) [PSYoungGen: 260704K->96K(313344K)] 262456K->1848K(488448K), 0,0005199 secs] [Times: user=0,00 sys=0,00, real=0,00 secs] 
26,506: [GC (Allocation Failure) [PSYoungGen: 312928K->64K(300544K)] 314680K->1816K(475648K), 0,0005747 secs] [Times: user=0,00 sys=0,00, real=0,00 secs] 
26,565: [GC (Allocation Failure) [PSYoungGen: 300096K->96K(288256K)] 301848K->1848K(463360K), 0,0005848 secs] [Times: user=0,00 sys=0,00, real=0,00 secs] 
26,623: [GC (Allocation Failure) [PSYoungGen: 287840K->96K(276992K)] 289592K->1848K(452096K), 0,0005289 secs] [Times: user=0,00 sys=0,00, real=0,00 secs] 
26,678: [GC (Allocation Failure) [PSYoungGen: 276576K->96K(266240K)] 278328K->1848K(441344K), 0,0005631 secs] [Times: user=0,00 sys=0,00, real=0,00 secs] 
26,730: [GC (Allocation Failure) [PSYoungGen: 265824K->96K(256000K)] 267576K->1848K(431104K), 0,0005684 secs] [Times: user=0,00 sys=0,00, real=0,00 secs] 
26,780: [GC (Allocation Failure) [PSYoungGen: 255584K->96K(246272K)] 257336K->1848K(421376K), 0,0005316 secs] [Times: user=0,00 sys=0,00, real=0,00 secs] 
26,828: [GC (Allocation Failure) [PSYoungGen: 245856K->64K(295424K)] 247608K->1816K(470528K), 0,0007566 secs] [Times: user=0,01 sys=0,00, real=0,00 secs] 
26,885: [GC (Allocation Failure) [PSYoungGen: 294976K->96K(354816K)] 296728K->1848K(529920K), 0,0005233 secs] [Times: user=0,00 sys=0,00, real=0,00 secs] 
26,952: [GC (Allocation Failure) [PSYoungGen: 354400K->96K(339968K)] 356152K->1848K(515072K), 0,0005269 secs] [Times: user=0,00 sys=0,00, real=0,00 secs] 
27,017: [GC (Allocation Failure) [PSYoungGen: 339552K->96K(326144K)] 341304K->1848K(501248K), 0,0005166 secs] [Times: user=0,00 sys=0,00, real=0,00 secs] 
27,080: [GC (Allocation Failure) [PSYoungGen: 325728K->96K(312832K)] 327480K->1848K(487936K), 0,0005647 secs] [Times: user=0,00 sys=0,00, real=0,00 secs] 
27,140: [GC (Allocation Failure) [PSYoungGen: 312416K->96K(300032K)] 314168K->1848K(475136K), 0,0005287 secs] [Times: user=0,00 sys=0,00, real=0,00 secs] 
27,197: [GC (Allocation Failure) [PSYoungGen: 299616K->96K(288256K)] 301368K->1848K(463360K), 0,0005642 secs] [Times: user=0,01 sys=0,00, real=0,00 secs] 
27,284: [GC (Allocation Failure) [PSYoungGen: 287840K->96K(276992K)] 289592K->1848K(452096K), 0,0005492 secs] [Times: user=0,00 sys=0,00, real=0,00 secs] 
27,348: [GC (Allocation Failure) [PSYoungGen: 276576K->96K(266240K)] 278328K->1848K(441344K), 0,0005201 secs] [Times: user=0,01 sys=0,00, real=0,00 secs] 
27,399: [GC (Allocation Failure) [PSYoungGen: 265824K->64K(256000K)] 267576K->1816K(431104K), 0,0007360 secs] [Times: user=0,00 sys=0,00, real=0,00 secs] 
27,449: [GC (Allocation Failure) [PSYoungGen: 255552K->96K(246272K)] 257304K->1848K(421376K), 0,0006099 secs] [Times: user=0,00 sys=0,00, real=0,00 secs] 
27,495: [GC (Allocation Failure) [PSYoungGen: 245856K->64K(237056K)] 247608K->1816K(412160K), 0,0005463 secs] [Times: user=0,00 sys=0,00, real=0,00 secs] 
27,542: [GC (Allocation Failure) [PSYoungGen: 236608K->64K(284672K)] 238360K->1816K(459776K), 0,0008260 secs] [Times: user=0,00 sys=0,00, real=0,00 secs] 
27,607: [GC (Allocation Failure) [PSYoungGen: 284224K->64K(341504K)] 285976K->1816K(516608K), 0,0010657 secs] [Times: user=0,00 sys=0,00, real=0,00 secs] 
27,722: [GC (Allocation Failure) [PSYoungGen: 341056K->32K(410112K)] 342808K->1784K(585216K), 0,0010042 secs] [Times: user=0,01 sys=0,00, real=0,00 secs] 
27,828: [GC (Allocation Failure) [PSYoungGen: 409632K->64K(492032K)] 411384K->1816K(667136K), 0,0010308 secs] [Times: user=0,00 sys=0,00, real=0,00 secs] 
27,929: [GC (Allocation Failure) [PSYoungGen: 491584K->96K(470528K)] 493336K->1848K(645632K), 0,0005628 secs] [Times: user=0,00 sys=0,00, real=0,00 secs] 
28,038: [GC (Allocation Failure) [PSYoungGen: 470112K->64K(450048K)] 471864K->1816K(625152K), 0,0011185 secs] [Times: user=0,00 sys=0,00, real=0,00 secs] 
28,137: [GC (Allocation Failure) [PSYoungGen: 449600K->96K(430592K)] 451352K->1848K(605696K), 0,0005348 secs] [Times: user=0,00 sys=0,00, real=0,00 secs] 
28,223: [GC (Allocation Failure) [PSYoungGen: 430176K->96K(412160K)] 431928K->1848K(587264K), 0,0010335 secs] [Times: user=0,01 sys=0,00, real=0,00 secs] 
28,310: [GC (Allocation Failure) [PSYoungGen: 411744K->96K(394752K)] 413496K->1848K(569856K), 0,0005369 secs] [Times: user=0,00 sys=0,00, real=0,00 secs] 
28,548: [GC (Allocation Failure) [PSYoungGen: 394336K->96K(377856K)] 396088K->1848K(552960K), 0,0005541 secs] [Times: user=0,00 sys=0,00, real=0,00 secs] 
28,627: [GC (Allocation Failure) [PSYoungGen: 377440K->96K(361984K)] 379192K->1848K(537088K), 0,0006043 secs] [Times: user=0,00 sys=0,00, real=0,00 secs] 
28,719: [GC (Allocation Failure) [PSYoungGen: 361568K->96K(347136K)] 363320K->1848K(522240K), 0,0005639 secs] [Times: user=0,00 sys=0,00, real=0,00 secs] 
28,789: [GC (Allocation Failure) [PSYoungGen: 346720K->96K(332800K)] 348472K->1848K(507904K), 0,0005540 secs] [Times: user=0,00 sys=0,00, real=0,00 secs] 
28,860: [GC (Allocation Failure) [PSYoungGen: 332384K->96K(318976K)] 334136K->1848K(494080K), 0,0006223 secs] [Times: user=0,00 sys=0,00, real=0,00 secs] 
28,938: [GC (Allocation Failure) [PSYoungGen: 318560K->96K(306176K)] 320312K->1848K(481280K), 0,0005688 secs] [Times: user=0,01 sys=0,00, real=0,00 secs] 
29,000: [GC (Allocation Failure) [PSYoungGen: 305760K->96K(293888K)] 307512K->1848K(468992K), 0,0005419 secs] [Times: user=0,00 sys=0,00, real=0,00 secs] 
29,060: [GC (Allocation Failure) [PSYoungGen: 293472K->96K(282112K)] 295224K->1848K(457216K), 0,0005557 secs] [Times: user=0,00 sys=0,00, real=0,00 secs] 
29,121: [GC (Allocation Failure) [PSYoungGen: 281696K->96K(270848K)] 283448K->1848K(445952K), 0,0005744 secs] [Times: user=0,00 sys=0,00, real=0,00 secs] 
29,180: [GC (Allocation Failure) [PSYoungGen: 270432K->96K(260096K)] 272184K->1848K(435200K), 0,0005598 secs] [Times: user=0,00 sys=0,00, real=0,00 secs] 
29,233: [GC (Allocation Failure) [PSYoungGen: 259679K->64K(249856K)] 261432K->1816K(424960K), 0,0006047 secs] [Times: user=0,00 sys=0,00, real=0,00 secs] 
29,286: [GC (Allocation Failure) [PSYoungGen: 249408K->96K(240128K)] 251160K->1848K(415232K), 0,0005336 secs] [Times: user=0,00 sys=0,00, real=0,00 secs] 
29,335: [GC (Allocation Failure) [PSYoungGen: 239712K->96K(230912K)] 241464K->1848K(406016K), 0,0005484 secs] [Times: user=0,00 sys=0,01, real=0,00 secs] 
29,380: [GC (Allocation Failure) [PSYoungGen: 230496K->96K(276992K)] 232248K->1848K(452096K), 0,0006479 secs] [Times: user=0,00 sys=0,00, real=0,00 secs] 
29,436: [GC (Allocation Failure) [PSYoungGen: 276576K->96K(266240K)] 278328K->1848K(441344K), 0,0005486 secs] [Times: user=0,00 sys=0,00, real=0,00 secs] 
29,489: [GC (Allocation Failure) [PSYoungGen: 265824K->96K(256000K)] 267576K->1848K(431104K), 0,0005514 secs] [Times: user=0,00 sys=0,00, real=0,00 secs] 
29,540: [GC (Allocation Failure) [PSYoungGen: 255584K->96K(246272K)] 257336K->1848K(421376K), 0,0005473 secs] [Times: user=0,01 sys=0,00, real=0,00 secs] 
29,592: [GC (Allocation Failure) [PSYoungGen: 245856K->32K(295424K)] 247608K->1784K(470528K), 0,0011594 secs] [Times: user=0,00 sys=0,00, real=0,00 secs] 
29,655: [GC (Allocation Failure) [PSYoungGen: 294944K->96K(354816K)] 296696K->1848K(529920K), 0,0005514 secs] [Times: user=0,00 sys=0,00, real=0,00 secs] 
29,733: [GC (Allocation Failure) [PSYoungGen: 354400K->96K(339968K)] 356152K->1848K(515072K), 0,0005600 secs] [Times: user=0,00 sys=0,00, real=0,00 secs] 
29,804: [GC (Allocation Failure) [PSYoungGen: 339552K->96K(326144K)] 341304K->1848K(501248K), 0,0005499 secs] [Times: user=0,00 sys=0,00, real=0,00 secs] 
29,869: [GC (Allocation Failure) [PSYoungGen: 325728K->96K(312832K)] 327480K->1848K(487936K), 0,0005583 secs] [Times: user=0,00 sys=0,00, real=0,00 secs] 
29,934: [GC (Allocation Failure) [PSYoungGen: 312416K->96K(300032K)] 314168K->1848K(475136K), 0,0005865 secs] [Times: user=0,00 sys=0,00, real=0,00 secs] 
29,997: [GC (Allocation Failure) [PSYoungGen: 299616K->96K(288256K)] 301368K->1848K(463360K), 0,0005355 secs] [Times: user=0,00 sys=0,00, real=0,00 secs] 
30,057: [GC (Allocation Failure) [PSYoungGen: 287840K->96K(276992K)] 289592K->1848K(452096K), 0,0005926 secs] [Times: user=0,00 sys=0,00, real=0,00 secs] 
30,116: [GC (Allocation Failure) [PSYoungGen: 276576K->32K(266240K)] 278328K->1784K(441344K), 0,0006227 secs] [Times: user=0,00 sys=0,00, real=0,00 secs] 
30,173: [GC (Allocation Failure) [PSYoungGen: 265760K->96K(256000K)] 267512K->1848K(431104K), 0,0004861 secs] [Times: user=0,01 sys=0,00, real=0,00 secs] 
30,223: [GC (Allocation Failure) [PSYoungGen: 255584K->96K(246272K)] 257336K->1848K(421376K), 0,0005659 secs] [Times: user=0,01 sys=0,00, real=0,00 secs] 
30,273: [GC (Allocation Failure) [PSYoungGen: 245856K->96K(237056K)] 247608K->1848K(412160K), 0,0005305 secs] [Times: user=0,01 sys=0,00, real=0,00 secs] 
30,319: [GC (Allocation Failure) [PSYoungGen: 236640K->32K(227840K)] 238392K->1800K(402944K), 0,0006035 secs] [Times: user=0,00 sys=0,00, real=0,00 secs] 
30,364: [GC (Allocation Failure) [PSYoungGen: 227360K->96K(273408K)] 229128K->1864K(448512K), 0,0005489 secs] [Times: user=0,00 sys=0,00, real=0,00 secs] 
30,417: [GC (Allocation Failure) [PSYoungGen: 272992K->96K(262656K)] 274760K->1864K(437760K), 0,0005559 secs] [Times: user=0,00 sys=0,00, real=0,00 secs] 
30,469: [GC (Allocation Failure) [PSYoungGen: 262240K->96K(252416K)] 264008K->1864K(427520K), 0,0005347 secs] [Times: user=0,00 sys=0,00, real=0,00 secs] 
30,519: [GC (Allocation Failure) [PSYoungGen: 252000K->64K(303104K)] 253768K->1832K(478208K), 0,0007910 secs] [Times: user=0,00 sys=0,00, real=0,00 secs] 
30,602: [GC (Allocation Failure) [PSYoungGen: 302656K->64K(364032K)] 304424K->1832K(539136K), 0,0007793 secs] [Times: user=0,00 sys=0,01, real=0,00 secs] 
30,684: [GC (Allocation Failure) [PSYoungGen: 363584K->96K(348672K)] 365352K->1864K(523776K), 0,0005454 secs] [Times: user=0,00 sys=0,00, real=0,00 secs] 
30,752: [GC (Allocation Failure) [PSYoungGen: 348256K->96K(334336K)] 350024K->1864K(509440K), 0,0006242 secs] [Times: user=0,00 sys=0,00, real=0,00 secs] 
30,817: [GC (Allocation Failure) [PSYoungGen: 333920K->96K(320512K)] 335688K->1864K(495616K), 0,0005373 secs] [Times: user=0,00 sys=0,00, real=0,00 secs] 
30,880: [GC (Allocation Failure) [PSYoungGen: 320096K->96K(307712K)] 321864K->1864K(482816K), 0,0005303 secs] [Times: user=0,01 sys=0,00, real=0,00 secs] 
30,939: [GC (Allocation Failure) [PSYoungGen: 307296K->64K(295424K)] 309064K->1832K(470528K), 0,0007430 secs] [Times: user=0,01 sys=0,00, real=0,00 secs] 
30,997: [GC (Allocation Failure) [PSYoungGen: 294976K->96K(283648K)] 296744K->1864K(458752K), 0,0005684 secs] [Times: user=0,00 sys=0,00, real=0,00 secs] 
31,054: [GC (Allocation Failure) [PSYoungGen: 283232K->64K(272384K)] 285000K->1832K(447488K), 0,0005454 secs] [Times: user=0,00 sys=0,00, real=0,00 secs] 
31,107: [GC (Allocation Failure) [PSYoungGen: 271936K->96K(261632K)] 273704K->1864K(436736K), 0,0005398 secs] [Times: user=0,00 sys=0,00, real=0,00 secs] 
31,157: [GC (Allocation Failure) [PSYoungGen: 261216K->96K(251392K)] 262984K->1864K(426496K), 0,0005630 secs] [Times: user=0,00 sys=0,00, real=0,00 secs] 
31,205: [GC (Allocation Failure) [PSYoungGen: 250976K->96K(241664K)] 252744K->1864K(416768K), 0,0005221 secs] [Times: user=0,00 sys=0,00, real=0,00 secs] 
31,255: [GC (Allocation Failure) [PSYoungGen: 241248K->96K(232448K)] 243016K->1864K(407552K), 0,0005185 secs] [Times: user=0,00 sys=0,00, real=0,00 secs] 
31,300: [GC (Allocation Failure) [PSYoungGen: 232032K->96K(223744K)] 233800K->1864K(398848K), 0,0005353 secs] [Times: user=0,00 sys=0,00, real=0,00 secs] 
31,343: [GC (Allocation Failure) [PSYoungGen: 223328K->96K(268800K)] 225096K->1864K(443904K), 0,0005601 secs] [Times: user=0,00 sys=0,00, real=0,00 secs] 
31,394: [GC (Allocation Failure) [PSYoungGen: 268384K->64K(322560K)] 270152K->1832K(497664K), 0,0005518 secs] [Times: user=0,00 sys=0,00, real=0,00 secs] 
31,455: [GC (Allocation Failure) [PSYoungGen: 322112K->96K(309248K)] 323880K->1864K(484352K), 0,0005636 secs] [Times: user=0,00 sys=0,00, real=0,00 secs] 
31,518: [GC (Allocation Failure) [PSYoungGen: 308832K->96K(296960K)] 310600K->1864K(472064K), 0,0005165 secs] [Times: user=0,01 sys=0,00, real=0,00 secs] 
31,578: [GC (Allocation Failure) [PSYoungGen: 296544K->96K(285184K)] 298312K->1864K(460288K), 0,0006081 secs] [Times: user=0,00 sys=0,00, real=0,00 secs] 
31,635: [GC (Allocation Failure) [PSYoungGen: 284768K->96K(273920K)] 286536K->1864K(449024K), 0,0005231 secs] [Times: user=0,00 sys=0,00, real=0,00 secs] 
31,687: [GC (Allocation Failure) [PSYoungGen: 273504K->96K(263168K)] 275272K->1864K(438272K), 0,0005208 secs] [Times: user=0,00 sys=0,00, real=0,00 secs] 
31,737: [GC (Allocation Failure) [PSYoungGen: 262752K->96K(252928K)] 264520K->1864K(428032K), 0,0005917 secs] [Times: user=0,01 sys=0,00, real=0,00 secs] 
31,785: [GC (Allocation Failure) [PSYoungGen: 252512K->96K(243200K)] 254280K->1864K(418304K), 0,0005488 secs] [Times: user=0,00 sys=0,00, real=0,00 secs] 
31,831: [GC (Allocation Failure) [PSYoungGen: 242784K->96K(233984K)] 244552K->1864K(409088K), 0,0005181 secs] [Times: user=0,00 sys=0,00, real=0,01 secs] 
31,875: [GC (Allocation Failure) [PSYoungGen: 233568K->96K(225280K)] 235336K->1864K(400384K), 0,0005107 secs] [Times: user=0,00 sys=0,00, real=0,00 secs] 
31,918: [GC (Allocation Failure) [PSYoungGen: 224863K->96K(270336K)] 226632K->1864K(445440K), 0,0005254 secs] [Times: user=0,00 sys=0,00, real=0,00 secs] 
31,970: [GC (Allocation Failure) [PSYoungGen: 269920K->96K(324608K)] 271688K->1864K(499712K), 0,0005690 secs] [Times: user=0,00 sys=0,00, real=0,00 secs] 
32,038: [GC (Allocation Failure) [PSYoungGen: 324192K->96K(311296K)] 325960K->1864K(486400K), 0,0005231 secs] [Times: user=0,00 sys=0,00, real=0,00 secs] 
32,098: [GC (Allocation Failure) [PSYoungGen: 310880K->96K(298496K)] 312648K->1864K(473600K), 0,0005096 secs] [Times: user=0,00 sys=0,00, real=0,00 secs] 
32,158: [GC (Allocation Failure) [PSYoungGen: 298080K->64K(286720K)] 299848K->1832K(461824K), 0,0005264 secs] [Times: user=0,00 sys=0,00, real=0,00 secs] 
32,212: [GC (Allocation Failure) [PSYoungGen: 286272K->96K(275456K)] 288040K->1864K(450560K), 0,0005143 secs] [Times: user=0,00 sys=0,00, real=0,00 secs] 
32,264: [GC (Allocation Failure) [PSYoungGen: 275040K->96K(264704K)] 276808K->1864K(439808K), 0,0005253 secs] [Times: user=0,00 sys=0,00, real=0,00 secs] 
32,315: [GC (Allocation Failure) [PSYoungGen: 264288K->96K(254464K)] 266056K->1864K(429568K), 0,0005313 secs] [Times: user=0,01 sys=0,00, real=0,00 secs] 
32,363: [GC (Allocation Failure) [PSYoungGen: 254048K->96K(244736K)] 255816K->1864K(419840K), 0,0005401 secs] [Times: user=0,00 sys=0,00, real=0,00 secs] 
32,410: [GC (Allocation Failure) [PSYoungGen: 244320K->96K(235520K)] 246088K->1864K(410624K), 0,0005707 secs] [Times: user=0,00 sys=0,00, real=0,00 secs] 
32,455: [GC (Allocation Failure) [PSYoungGen: 235104K->96K(226816K)] 236872K->1864K(401920K), 0,0005242 secs] [Times: user=0,01 sys=0,00, real=0,00 secs] 
32,498: [GC (Allocation Failure) [PSYoungGen: 226400K->96K(272384K)] 228168K->1864K(447488K), 0,0005198 secs] [Times: user=0,00 sys=0,00, real=0,00 secs] 
32,550: [GC (Allocation Failure) [PSYoungGen: 271968K->96K(261632K)] 273736K->1864K(436736K), 0,0005226 secs] [Times: user=0,00 sys=0,00, real=0,00 secs] 
32,602: [GC (Allocation Failure) [PSYoungGen: 261216K->96K(251392K)] 262984K->1864K(426496K), 0,0005317 secs] [Times: user=0,00 sys=0,00, real=0,00 secs] 
32,660: [GC (Allocation Failure) [PSYoungGen: 250976K->96K(301568K)] 252744K->1864K(476672K), 0,0007444 secs] [Times: user=0,00 sys=0,00, real=0,01 secs] 
32,719: [GC (Allocation Failure) [PSYoungGen: 301152K->96K(289280K)] 302920K->1864K(464384K), 0,0005292 secs] [Times: user=0,00 sys=0,00, real=0,00 secs] 
32,774: [GC (Allocation Failure) [PSYoungGen: 288864K->96K(278016K)] 290632K->1864K(453120K), 0,0005344 secs] [Times: user=0,00 sys=0,00, real=0,00 secs] 
32,827: [GC (Allocation Failure) [PSYoungGen: 277600K->96K(267264K)] 279368K->1864K(442368K), 0,0005417 secs] [Times: user=0,00 sys=0,00, real=0,00 secs] 
32,878: [GC (Allocation Failure) [PSYoungGen: 266848K->96K(257024K)] 268616K->1872K(432128K), 0,0005943 secs] [Times: user=0,00 sys=0,00, real=0,00 secs] 
32,927: [GC (Allocation Failure) [PSYoungGen: 256608K->96K(247296K)] 258384K->1872K(422400K), 0,0005572 secs] [Times: user=0,00 sys=0,00, real=0,00 secs] 
32,974: [GC (Allocation Failure) [PSYoungGen: 246879K->96K(237568K)] 248656K->1872K(412672K), 0,0005181 secs] [Times: user=0,01 sys=0,00, real=0,00 secs] 
33,018: [GC (Allocation Failure) [PSYoungGen: 237152K->96K(228352K)] 238928K->1872K(403456K), 0,0005200 secs] [Times: user=0,00 sys=0,00, real=0,00 secs] 
33,062: [GC (Allocation Failure) [PSYoungGen: 227936K->96K(273920K)] 229712K->1872K(449024K), 0,0005522 secs] [Times: user=0,00 sys=0,00, real=0,00 secs] 
33,118: [GC (Allocation Failure) [PSYoungGen: 273504K->64K(328704K)] 275280K->1840K(503808K), 0,0012241 secs] [Times: user=0,00 sys=0,00, real=0,00 secs] 
33,183: [GC (Allocation Failure) [PSYoungGen: 328256K->64K(394752K)] 330032K->1840K(569856K), 0,0005209 secs] [Times: user=0,00 sys=0,00, real=0,00 secs] 
33,259: [GC (Allocation Failure) [PSYoungGen: 394304K->96K(473600K)] 396080K->1872K(648704K), 0,0005220 secs] [Times: user=0,00 sys=0,00, real=0,00 secs] 
33,348: [GC (Allocation Failure) [PSYoungGen: 473184K->64K(453120K)] 474960K->1840K(628224K), 0,0008725 secs] [Times: user=0,00 sys=0,00, real=0,00 secs] 
33,434: [GC (Allocation Failure) [PSYoungGen: 452672K->96K(433664K)] 454448K->1872K(608768K), 0,0005288 secs] [Times: user=0,01 sys=0,00, real=0,00 secs] 
33,515: [GC (Allocation Failure) [PSYoungGen: 433248K->96K(415232K)] 435024K->1872K(590336K), 0,0005209 secs] [Times: user=0,00 sys=0,00, real=0,00 secs] 
33,596: [GC (Allocation Failure) [PSYoungGen: 414816K->96K(397824K)] 416592K->1872K(572928K), 0,0005169 secs] [Times: user=0,00 sys=0,00, real=0,00 secs] 
33,671: [GC (Allocation Failure) [PSYoungGen: 397408K->96K(380928K)] 399184K->1872K(556032K), 0,0005516 secs] [Times: user=0,00 sys=0,00, real=0,00 secs] 
33,744: [GC (Allocation Failure) [PSYoungGen: 380512K->96K(365056K)] 382288K->1872K(540160K), 0,0005618 secs] [Times: user=0,00 sys=0,00, real=0,00 secs] 
33,813: [GC (Allocation Failure) [PSYoungGen: 364640K->96K(349696K)] 366416K->1872K(524800K), 0,0005252 secs] [Times: user=0,00 sys=0,00, real=0,00 secs] 
33,879: [GC (Allocation Failure) [PSYoungGen: 349280K->96K(335360K)] 351056K->1872K(510464K), 0,0005907 secs] [Times: user=0,00 sys=0,00, real=0,00 secs] 
33,946: [GC (Allocation Failure) [PSYoungGen: 334944K->96K(321536K)] 336720K->1872K(496640K), 0,0005585 secs] [Times: user=0,00 sys=0,00, real=0,00 secs] 
34,007: [GC (Allocation Failure) [PSYoungGen: 321120K->96K(308224K)] 322896K->1872K(483328K), 0,0005491 secs] [Times: user=0,00 sys=0,00, real=0,00 secs] 
34,066: [GC (Allocation Failure) [PSYoungGen: 307808K->64K(295936K)] 309584K->1840K(471040K), 0,0005520 secs] [Times: user=0,00 sys=0,00, real=0,00 secs] 
34,122: [GC (Allocation Failure) [PSYoungGen: 295488K->96K(284160K)] 297264K->1872K(459264K), 0,0005241 secs] [Times: user=0,00 sys=0,01, real=0,00 secs] 
34,176: [GC (Allocation Failure) [PSYoungGen: 283744K->96K(272896K)] 285520K->1872K(448000K), 0,0005387 secs] [Times: user=0,00 sys=0,00, real=0,00 secs] 
34,228: [GC (Allocation Failure) [PSYoungGen: 272480K->64K(262144K)] 274256K->1840K(437248K), 0,0005422 secs] [Times: user=0,00 sys=0,00, real=0,00 secs] 
34,277: [GC (Allocation Failure) [PSYoungGen: 261696K->96K(251904K)] 263472K->1872K(427008K), 0,0005459 secs] [Times: user=0,00 sys=0,00, real=0,00 secs] 
34,324: [GC (Allocation Failure) [PSYoungGen: 251488K->96K(242176K)] 253264K->1872K(417280K), 0,0005130 secs] [Times: user=0,00 sys=0,00, real=0,00 secs] 
34,369: [GC (Allocation Failure) [PSYoungGen: 241760K->64K(232960K)] 243536K->1840K(408064K), 0,0005669 secs] [Times: user=0,01 sys=0,00, real=0,00 secs] 
34,412: [GC (Allocation Failure) [PSYoungGen: 232512K->96K(224256K)] 234288K->1872K(399360K), 0,0005176 secs] [Times: user=0,00 sys=0,00, real=0,00 secs] 
34,454: [GC (Allocation Failure) [PSYoungGen: 223840K->96K(269312K)] 225616K->1872K(444416K), 0,0005043 secs] [Times: user=0,00 sys=0,00, real=0,00 secs] 
34,504: [GC (Allocation Failure) [PSYoungGen: 268896K->96K(258560K)] 270672K->1872K(433664K), 0,0005142 secs] [Times: user=0,00 sys=0,00, real=0,00 secs] 
34,552: [GC (Allocation Failure) [PSYoungGen: 258144K->32K(248320K)] 259920K->1808K(423424K), 0,0005455 secs] [Times: user=0,00 sys=0,00, real=0,00 secs] 
34,602: [GC (Allocation Failure) [PSYoungGen: 247840K->64K(238592K)] 249616K->1840K(413696K), 0,0005526 secs] [Times: user=0,00 sys=0,00, real=0,00 secs] 
34,647: [GC (Allocation Failure) [PSYoungGen: 238144K->96K(229376K)] 239920K->1872K(404480K), 0,0005058 secs] [Times: user=0,01 sys=0,00, real=0,00 secs] 
34,689: [GC (Allocation Failure) [PSYoungGen: 228960K->96K(275456K)] 230736K->1872K(450560K), 0,0005078 secs] [Times: user=0,00 sys=0,00, real=0,00 secs] 
34,741: [GC (Allocation Failure) [PSYoungGen: 275040K->32K(330752K)] 276816K->1808K(505856K), 0,0006555 secs] [Times: user=0,00 sys=0,00, real=0,01 secs] 
34,802: [GC (Allocation Failure) [PSYoungGen: 330272K->96K(317440K)] 332048K->1872K(492544K), 0,0005189 secs] [Times: user=0,00 sys=0,00, real=0,00 secs] 
34,860: [GC (Allocation Failure) [PSYoungGen: 317024K->96K(304640K)] 318800K->1872K(479744K), 0,0005153 secs] [Times: user=0,00 sys=0,00, real=0,00 secs] 
34,916: [GC (Allocation Failure) [PSYoungGen: 304224K->96K(292352K)] 306000K->1872K(467456K), 0,0005300 secs] [Times: user=0,00 sys=0,00, real=0,00 secs] 
34,970: [GC (Allocation Failure) [PSYoungGen: 291936K->96K(280576K)] 293712K->1872K(455680K), 0,0005174 secs] [Times: user=0,00 sys=0,00, real=0,00 secs] 
35,023: [GC (Allocation Failure) [PSYoungGen: 280160K->96K(269312K)] 281936K->1872K(444416K), 0,0005057 secs] [Times: user=0,00 sys=0,00, real=0,00 secs] 
35,073: [GC (Allocation Failure) [PSYoungGen: 268896K->64K(258560K)] 270672K->1840K(433664K), 0,0005811 secs] [Times: user=0,00 sys=0,00, real=0,00 secs] 
35,121: [GC (Allocation Failure) [PSYoungGen: 258112K->96K(248320K)] 259888K->1872K(423424K), 0,0005405 secs] [Times: user=0,00 sys=0,00, real=0,01 secs] 
35,167: [GC (Allocation Failure) [PSYoungGen: 247904K->96K(238592K)] 249680K->1872K(413696K), 0,0005057 secs] [Times: user=0,00 sys=0,00, real=0,00 secs] 
35,211: [GC (Allocation Failure) [PSYoungGen: 238176K->96K(229376K)] 239952K->1872K(404480K), 0,0005117 secs] [Times: user=0,00 sys=0,00, real=0,00 secs] 
35,254: [GC (Allocation Failure) [PSYoungGen: 228960K->96K(275456K)] 230736K->1872K(450560K), 0,0005198 secs] [Times: user=0,00 sys=0,00, real=0,00 secs] 
35,305: [GC (Allocation Failure) [PSYoungGen: 275040K->96K(264704K)] 276816K->1872K(439808K), 0,0005114 secs] [Times: user=0,00 sys=0,00, real=0,00 secs] 
35,354: [GC (Allocation Failure) [PSYoungGen: 264288K->96K(254464K)] 266064K->1872K(429568K), 0,0005133 secs] [Times: user=0,00 sys=0,00, real=0,00 secs] 
35,402: [GC (Allocation Failure) [PSYoungGen: 254047K->64K(244736K)] 255824K->1840K(419840K), 0,0005046 secs] [Times: user=0,01 sys=0,00, real=0,00 secs] 
35,447: [GC (Allocation Failure) [PSYoungGen: 244288K->96K(235520K)] 246064K->1872K(410624K), 0,0005061 secs] [Times: user=0,00 sys=0,00, real=0,00 secs] 
35,491: [GC (Allocation Failure) [PSYoungGen: 235104K->96K(226816K)] 236880K->1872K(401920K), 0,0005065 secs] [Times: user=0,01 sys=0,00, real=0,00 secs] 
35,533: [GC (Allocation Failure) [PSYoungGen: 226400K->96K(272384K)] 228176K->1872K(447488K), 0,0005130 secs] [Times: user=0,00 sys=0,00, real=0,00 secs] 
35,590: [GC (Allocation Failure) [PSYoungGen: 271968K->64K(261632K)] 273744K->1840K(436736K), 0,0005133 secs] [Times: user=0,00 sys=0,00, real=0,00 secs] 
35,653: [GC (Allocation Failure) [PSYoungGen: 261184K->64K(313856K)] 262960K->1840K(488960K), 0,0010342 secs] [Times: user=0,00 sys=0,00, real=0,00 secs] 
35,725: [GC (Allocation Failure) [PSYoungGen: 313408K->64K(376832K)] 315184K->1840K(551936K), 0,0005346 secs] [Times: user=0,00 sys=0,00, real=0,00 secs] 
35,797: [GC (Allocation Failure) [PSYoungGen: 376384K->96K(360960K)] 378160K->1872K(536064K), 0,0005343 secs] [Times: user=0,00 sys=0,00, real=0,00 secs] 
35,865: [GC (Allocation Failure) [PSYoungGen: 360544K->96K(346112K)] 362320K->1872K(521216K), 0,0005117 secs] [Times: user=0,00 sys=0,00, real=0,00 secs] 
35,930: [GC (Allocation Failure) [PSYoungGen: 345696K->96K(331776K)] 347472K->1872K(506880K), 0,0005519 secs] [Times: user=0,00 sys=0,01, real=0,00 secs] 
35,992: [GC (Allocation Failure) [PSYoungGen: 331360K->96K(317952K)] 333136K->1872K(493056K), 0,0005312 secs] [Times: user=0,01 sys=0,00, real=0,00 secs] 
36,051: [GC (Allocation Failure) [PSYoungGen: 317536K->96K(305152K)] 319312K->1872K(480256K), 0,0005102 secs] [Times: user=0,00 sys=0,00, real=0,00 secs] 
36,109: [GC (Allocation Failure) [PSYoungGen: 304736K->96K(292864K)] 306512K->1872K(467968K), 0,0005202 secs] [Times: user=0,00 sys=0,00, real=0,00 secs] 
36,165: [GC (Allocation Failure) [PSYoungGen: 292447K->96K(281088K)] 294224K->1872K(456192K), 0,0005342 secs] [Times: user=0,00 sys=0,00, real=0,00 secs] 
36,218: [GC (Allocation Failure) [PSYoungGen: 280672K->96K(269824K)] 282448K->1872K(444928K), 0,0005121 secs] [Times: user=0,00 sys=0,00, real=0,00 secs] 
36,268: [GC (Allocation Failure) [PSYoungGen: 269408K->64K(259072K)] 271184K->1840K(434176K), 0,0005378 secs] [Times: user=0,00 sys=0,00, real=0,00 secs] 
36,317: [GC (Allocation Failure) [PSYoungGen: 258624K->96K(248832K)] 260400K->1872K(423936K), 0,0006227 secs] [Times: user=0,00 sys=0,00, real=0,00 secs] 
36,364: [GC (Allocation Failure) [PSYoungGen: 248416K->96K(239104K)] 250192K->1872K(414208K), 0,0005998 secs] [Times: user=0,01 sys=0,00, real=0,00 secs] 
36,408: [GC (Allocation Failure) [PSYoungGen: 238688K->96K(229888K)] 240464K->1872K(404992K), 0,0005067 secs] [Times: user=0,00 sys=0,00, real=0,00 secs] 
36,451: [GC (Allocation Failure) [PSYoungGen: 229472K->96K(275968K)] 231248K->1872K(451072K), 0,0005325 secs] [Times: user=0,00 sys=0,00, real=0,01 secs] 
36,502: [GC (Allocation Failure) [PSYoungGen: 275552K->96K(265216K)] 277328K->1872K(440320K), 0,0005152 secs] [Times: user=0,00 sys=0,00, real=0,00 secs] 
36,551: [GC (Allocation Failure) [PSYoungGen: 264800K->64K(318464K)] 266576K->1840K(493568K), 0,0005786 secs] [Times: user=0,00 sys=0,00, real=0,01 secs] 
36,613: [GC (Allocation Failure) [PSYoungGen: 318016K->96K(305664K)] 319792K->1872K(480768K), 0,0005202 secs] [Times: user=0,01 sys=0,00, real=0,00 secs] 
36,670: [GC (Allocation Failure) [PSYoungGen: 305248K->96K(293376K)] 307024K->1872K(468480K), 0,0005384 secs] [Times: user=0,00 sys=0,00, real=0,00 secs] 
36,724: [GC (Allocation Failure) [PSYoungGen: 292960K->96K(281600K)] 294736K->1872K(456704K), 0,0005336 secs] [Times: user=0,00 sys=0,00, real=0,00 secs] 
36,776: [GC (Allocation Failure) [PSYoungGen: 281184K->96K(270336K)] 282960K->1872K(445440K), 0,0005063 secs] [Times: user=0,00 sys=0,00, real=0,00 secs] 
36,826: [GC (Allocation Failure) [PSYoungGen: 269920K->96K(259584K)] 271696K->1872K(434688K), 0,0005097 secs] [Times: user=0,00 sys=0,00, real=0,00 secs] 
36,874: [GC (Allocation Failure) [PSYoungGen: 259168K->96K(249344K)] 260944K->1872K(424448K), 0,0005137 secs] [Times: user=0,00 sys=0,00, real=0,00 secs] 
36,920: [GC (Allocation Failure) [PSYoungGen: 248928K->96K(239616K)] 250704K->1872K(414720K), 0,0005107 secs] [Times: user=0,01 sys=0,00, real=0,00 secs] 
36,965: [GC (Allocation Failure) [PSYoungGen: 239200K->96K(230400K)] 240976K->1872K(405504K), 0,0005220 secs] [Times: user=0,00 sys=0,00, real=0,00 secs] 
37,008: [GC (Allocation Failure) [PSYoungGen: 229984K->96K(221696K)] 231760K->1872K(396800K), 0,0005101 secs] [Times: user=0,00 sys=0,00, real=0,00 secs] 
37,049: [GC (Allocation Failure) [PSYoungGen: 221280K->96K(266240K)] 223056K->1872K(441344K), 0,0005070 secs] [Times: user=0,01 sys=0,00, real=0,00 secs] 
37,099: [GC (Allocation Failure) [PSYoungGen: 265824K->96K(256000K)] 267600K->1872K(431104K), 0,0005196 secs] [Times: user=0,01 sys=0,00, real=0,00 secs] 
37,146: [GC (Allocation Failure) [PSYoungGen: 255584K->96K(246272K)] 257360K->1872K(421376K), 0,0005192 secs] [Times: user=0,00 sys=0,00, real=0,00 secs] 
37,192: [GC (Allocation Failure) [PSYoungGen: 245856K->64K(295424K)] 247632K->1840K(470528K), 0,0005970 secs] [Times: user=0,00 sys=0,00, real=0,00 secs] 
37,247: [GC (Allocation Failure) [PSYoungGen: 294976K->96K(283648K)] 296752K->1872K(458752K), 0,0005023 secs] [Times: user=0,00 sys=0,00, real=0,00 secs] 
37,300: [GC (Allocation Failure) [PSYoungGen: 283232K->96K(272384K)] 285008K->1872K(447488K), 0,0005059 secs] [Times: user=0,00 sys=0,00, real=0,00 secs] 
37,350: [GC (Allocation Failure) [PSYoungGen: 271968K->96K(261632K)] 273744K->1872K(436736K), 0,0005025 secs] [Times: user=0,00 sys=0,00, real=0,00 secs] 
37,398: [GC (Allocation Failure) [PSYoungGen: 261216K->96K(251392K)] 262992K->1872K(426496K), 0,0005045 secs] [Times: user=0,00 sys=0,00, real=0,00 secs] 
37,445: [GC (Allocation Failure) [PSYoungGen: 250976K->32K(241664K)] 252752K->1808K(416768K), 0,0005296 secs] [Times: user=0,00 sys=0,00, real=0,00 secs] 
37,490: [GC (Allocation Failure) [PSYoungGen: 241183K->96K(232448K)] 242960K->1872K(407552K), 0,0005059 secs] [Times: user=0,00 sys=0,00, real=0,00 secs] 
37,533: [GC (Allocation Failure) [PSYoungGen: 232032K->96K(223744K)] 233808K->1872K(398848K), 0,0005061 secs] [Times: user=0,00 sys=0,00, real=0,00 secs] 
37,574: [GC (Allocation Failure) [PSYoungGen: 223328K->96K(268800K)] 225104K->1872K(443904K), 0,0005005 secs] [Times: user=0,00 sys=0,00, real=0,00 secs] 
37,628: [GC (Allocation Failure) [PSYoungGen: 268384K->96K(258048K)] 270160K->1872K(433152K), 0,0005193 secs] [Times: user=0,00 sys=0,00, real=0,00 secs] 
37,679: [GC (Allocation Failure) [PSYoungGen: 257632K->96K(247808K)] 259408K->1872K(422912K), 0,0005150 secs] [Times: user=0,00 sys=0,00, real=0,00 secs] 
37,725: [GC (Allocation Failure) [PSYoungGen: 247392K->64K(297472K)] 249168K->1840K(472576K), 0,0007394 secs] [Times: user=0,00 sys=0,00, real=0,00 secs] 
37,808: [GC (Allocation Failure) [PSYoungGen: 297024K->64K(285696K)] 298800K->1840K(460800K), 0,0005956 secs] [Times: user=0,01 sys=0,00, real=0,00 secs] 
37,886: [GC (Allocation Failure) [PSYoungGen: 285248K->96K(274432K)] 287024K->1872K(449536K), 0,0005280 secs] [Times: user=0,00 sys=0,00, real=0,00 secs] 
37,957: [GC (Allocation Failure) [PSYoungGen: 274016K->64K(263680K)] 275792K->1840K(438784K), 0,0007362 secs] [Times: user=0,01 sys=0,00, real=0,00 secs] 
38,036: [GC (Allocation Failure) [PSYoungGen: 263232K->96K(253440K)] 265008K->1872K(428544K), 0,0005064 secs] [Times: user=0,00 sys=0,00, real=0,00 secs] 
38,107: [GC (Allocation Failure) [PSYoungGen: 253024K->64K(243712K)] 254800K->1840K(418816K), 0,0005663 secs] [Times: user=0,00 sys=0,00, real=0,00 secs] 
38,175: [GC (Allocation Failure) [PSYoungGen: 243264K->32K(292352K)] 245040K->1808K(467456K), 0,0014902 secs] [Times: user=0,00 sys=0,00, real=0,00 secs] 
38,254: [GC (Allocation Failure) [PSYoungGen: 291872K->32K(350720K)] 293648K->1808K(525824K), 0,0010837 secs] [Times: user=0,00 sys=0,00, real=0,00 secs] 
38,327: [GC (Allocation Failure) [PSYoungGen: 350240K->96K(420864K)] 352016K->1872K(595968K), 0,0014028 secs] [Times: user=0,01 sys=0,01, real=0,00 secs] 
38,410: [GC (Allocation Failure) [PSYoungGen: 420448K->96K(402944K)] 422224K->1872K(578048K), 0,0006114 secs] [Times: user=0,00 sys=0,00, real=0,00 secs] 
38,489: [GC (Allocation Failure) [PSYoungGen: 402528K->96K(386048K)] 404304K->1872K(561152K), 0,0006087 secs] [Times: user=0,01 sys=0,00, real=0,00 secs] 
38,564: [GC (Allocation Failure) [PSYoungGen: 385632K->96K(369664K)] 387408K->1872K(544768K), 0,0005418 secs] [Times: user=0,00 sys=0,00, real=0,00 secs] 
38,640: [GC (Allocation Failure) [PSYoungGen: 369247K->96K(354304K)] 371024K->1872K(529408K), 0,0005457 secs] [Times: user=0,01 sys=0,00, real=0,00 secs] 
38,709: [GC (Allocation Failure) [PSYoungGen: 353888K->96K(339456K)] 355664K->1872K(514560K), 0,0005442 secs] [Times: user=0,00 sys=0,00, real=0,00 secs] 
38,776: [GC (Allocation Failure) [PSYoungGen: 339040K->96K(325632K)] 340816K->1872K(500736K), 0,0005371 secs] [Times: user=0,00 sys=0,00, real=0,00 secs] 
38,840: [GC (Allocation Failure) [PSYoungGen: 325216K->96K(312320K)] 326992K->1872K(487424K), 0,0005410 secs] [Times: user=0,01 sys=0,00, real=0,00 secs] 
38,902: [GC (Allocation Failure) [PSYoungGen: 311904K->96K(299520K)] 313680K->1872K(474624K), 0,0005661 secs] [Times: user=0,00 sys=0,00, real=0,00 secs] 
38,960: [GC (Allocation Failure) [PSYoungGen: 299104K->96K(287744K)] 300880K->1872K(462848K), 0,0005493 secs] [Times: user=0,01 sys=0,00, real=0,00 secs] 
39,016: [GC (Allocation Failure) [PSYoungGen: 287328K->96K(276480K)] 289104K->1872K(451584K), 0,0005501 secs] [Times: user=0,00 sys=0,00, real=0,00 secs] 
39,070: [GC (Allocation Failure) [PSYoungGen: 276063K->96K(265728K)] 277840K->1872K(440832K), 0,0005811 secs] [Times: user=0,00 sys=0,00, real=0,00 secs] 
39,138: [GC (Allocation Failure) [PSYoungGen: 265312K->96K(255488K)] 267088K->1872K(430592K), 0,0005496 secs] [Times: user=0,00 sys=0,00, real=0,00 secs] 
39,207: [GC (Allocation Failure) [PSYoungGen: 255072K->96K(245760K)] 256848K->1872K(420864K), 0,0005592 secs] [Times: user=0,00 sys=0,00, real=0,00 secs] 
39,273: [GC (Allocation Failure) [PSYoungGen: 245344K->96K(236544K)] 247120K->1872K(411648K), 0,0005571 secs] [Times: user=0,00 sys=0,00, real=0,00 secs] 
39,322: [GC (Allocation Failure) [PSYoungGen: 236128K->96K(227328K)] 237904K->1872K(402432K), 0,0006043 secs] [Times: user=0,01 sys=0,00, real=0,00 secs] 
39,366: [GC (Allocation Failure) [PSYoungGen: 226912K->96K(218624K)] 228688K->1872K(393728K), 0,0005282 secs] [Times: user=0,00 sys=0,00, real=0,00 secs] 
39,408: [GC (Allocation Failure) [PSYoungGen: 218208K->96K(210432K)] 219984K->1872K(385536K), 0,0005259 secs] [Times: user=0,00 sys=0,00, real=0,00 secs] 
39,449: [GC (Allocation Failure) [PSYoungGen: 210016K->96K(252416K)] 211792K->1872K(427520K), 0,0005327 secs] [Times: user=0,00 sys=0,00, real=0,00 secs] 
39,498: [GC (Allocation Failure) [PSYoungGen: 252000K->96K(242688K)] 253776K->1872K(417792K), 0,0005372 secs] [Times: user=0,00 sys=0,00, real=0,00 secs] 
39,546: [GC (Allocation Failure) [PSYoungGen: 242272K->96K(291328K)] 244048K->1872K(466432K), 0,0005445 secs] [Times: user=0,00 sys=0,00, real=0,00 secs] 
39,603: [GC (Allocation Failure) [PSYoungGen: 290912K->64K(279552K)] 292688K->1840K(454656K), 0,0005454 secs] [Times: user=0,00 sys=0,00, real=0,00 secs] 
39,660: [GC (Allocation Failure) [PSYoungGen: 279104K->96K(268288K)] 280880K->1872K(443392K), 0,0006066 secs] [Times: user=0,00 sys=0,00, real=0,00 secs] 
39,712: [GC (Allocation Failure) [PSYoungGen: 267872K->96K(257536K)] 269648K->1872K(432640K), 0,0005781 secs] [Times: user=0,00 sys=0,00, real=0,00 secs] 
39,763: [GC (Allocation Failure) [PSYoungGen: 257120K->96K(247296K)] 258896K->1872K(422400K), 0,0005285 secs] [Times: user=0,00 sys=0,00, real=0,00 secs] 
39,811: [GC (Allocation Failure) [PSYoungGen: 246880K->96K(237568K)] 248656K->1872K(412672K), 0,0005606 secs] [Times: user=0,00 sys=0,00, real=0,01 secs] 
39,858: [GC (Allocation Failure) [PSYoungGen: 237152K->96K(285184K)] 238928K->1872K(460288K), 0,0005726 secs] [Times: user=0,01 sys=0,00, real=0,00 secs] 
39,921: [GC (Allocation Failure) [PSYoungGen: 284768K->96K(273920K)] 286544K->1872K(449024K), 0,0005317 secs] [Times: user=0,00 sys=0,00, real=0,01 secs] 
40,000: [GC (Allocation Failure) [PSYoungGen: 273504K->64K(263168K)] 275280K->1840K(438272K), 0,0005759 secs] [Times: user=0,00 sys=0,00, real=0,00 secs] 
40,073: [GC (Allocation Failure) [PSYoungGen: 262720K->96K(252928K)] 264496K->1872K(428032K), 0,0010577 secs] [Times: user=0,00 sys=0,00, real=0,00 secs] 
40,130: [GC (Allocation Failure) [PSYoungGen: 252512K->96K(243200K)] 254288K->1872K(418304K), 0,0005473 secs] [Times: user=0,00 sys=0,00, real=0,00 secs] 
40,178: [GC (Allocation Failure) [PSYoungGen: 242784K->64K(233984K)] 244560K->1840K(409088K), 0,0005968 secs] [Times: user=0,00 sys=0,00, real=0,00 secs] 
40,226: [GC (Allocation Failure) [PSYoungGen: 233536K->96K(225280K)] 235312K->1872K(400384K), 0,0005411 secs] [Times: user=0,01 sys=0,00, real=0,00 secs] 
40,276: [GC (Allocation Failure) [PSYoungGen: 224864K->64K(270336K)] 226640K->1840K(445440K), 0,0010494 secs] [Times: user=0,00 sys=0,00, real=0,00 secs] 
40,333: [GC (Allocation Failure) [PSYoungGen: 269888K->64K(324608K)] 271664K->1864K(499712K), 0,0004857 secs] [Times: user=0,00 sys=0,00, real=0,00 secs] 
40,396: [GC (Allocation Failure) [PSYoungGen: 324160K->96K(389632K)] 325960K->1896K(564736K), 0,0005654 secs] [Times: user=0,00 sys=0,00, real=0,00 secs] 
40,476: [GC (Allocation Failure) [PSYoungGen: 389216K->96K(467456K)] 391016K->1896K(642560K), 0,0008246 secs] [Times: user=0,00 sys=0,00, real=0,00 secs] 
40,572: [GC (Allocation Failure) [PSYoungGen: 467040K->96K(447488K)] 468840K->1896K(622592K), 0,0005531 secs] [Times: user=0,00 sys=0,00, real=0,00 secs] 
40,663: [GC (Allocation Failure) [PSYoungGen: 447072K->64K(428032K)] 448872K->1864K(603136K), 0,0010197 secs] [Times: user=0,01 sys=0,00, real=0,00 secs] 
40,747: [GC (Allocation Failure) [PSYoungGen: 427584K->96K(409600K)] 429384K->1896K(584704K), 0,0005828 secs] [Times: user=0,00 sys=0,00, real=0,00 secs] 
40,831: [GC (Allocation Failure) [PSYoungGen: 409184K->96K(392192K)] 410984K->1896K(567296K), 0,0005463 secs] [Times: user=0,00 sys=0,00, real=0,01 secs] 
40,908: [GC (Allocation Failure) [PSYoungGen: 391776K->96K(375808K)] 393576K->1896K(550912K), 0,0005383 secs] [Times: user=0,00 sys=0,00, real=0,00 secs] 
40,980: [GC (Allocation Failure) [PSYoungGen: 375392K->96K(359936K)] 377192K->1896K(535040K), 0,0005352 secs] [Times: user=0,00 sys=0,00, real=0,00 secs] 
41,050: [GC (Allocation Failure) [PSYoungGen: 359520K->64K(345088K)] 361320K->1864K(520192K), 0,0010616 secs] [Times: user=0,01 sys=0,00, real=0,01 secs] 
41,119: [GC (Allocation Failure) [PSYoungGen: 344640K->96K(330752K)] 346440K->1896K(505856K), 0,0005323 secs] [Times: user=0,00 sys=0,00, real=0,00 secs] 
41,183: [GC (Allocation Failure) [PSYoungGen: 330336K->96K(317440K)] 332136K->1896K(492544K), 0,0005375 secs] [Times: user=0,00 sys=0,00, real=0,00 secs] 
41,244: [GC (Allocation Failure) [PSYoungGen: 317024K->64K(304640K)] 318824K->1864K(479744K), 0,0006173 secs] [Times: user=0,00 sys=0,00, real=0,00 secs] 
41,303: [GC (Allocation Failure) [PSYoungGen: 304192K->96K(292352K)] 305992K->1896K(467456K), 0,0005390 secs] [Times: user=0,00 sys=0,00, real=0,00 secs] 
41,360: [GC (Allocation Failure) [PSYoungGen: 291936K->96K(280576K)] 293736K->1896K(455680K), 0,0005447 secs] [Times: user=0,00 sys=0,00, real=0,00 secs] 
41,415: [GC (Allocation Failure) [PSYoungGen: 280160K->96K(269312K)] 281960K->1896K(444416K), 0,0005614 secs] [Times: user=0,00 sys=0,00, real=0,00 secs] 
41,467: [GC (Allocation Failure) [PSYoungGen: 268896K->96K(258560K)] 270696K->1896K(433664K), 0,0005387 secs] [Times: user=0,00 sys=0,00, real=0,00 secs] 
41,517: [GC (Allocation Failure) [PSYoungGen: 258144K->64K(248320K)] 259944K->1864K(423424K), 0,0005461 secs] [Times: user=0,00 sys=0,00, real=0,00 secs] 
41,565: [GC (Allocation Failure) [PSYoungGen: 247872K->96K(238592K)] 249672K->1896K(413696K), 0,0005423 secs] [Times: user=0,00 sys=0,00, real=0,00 secs] 
41,615: [GC (Allocation Failure) [PSYoungGen: 238176K->96K(286208K)] 239976K->1896K(461312K), 0,0009764 secs] [Times: user=0,00 sys=0,00, real=0,00 secs] 
41,672: [GC (Allocation Failure) [PSYoungGen: 285792K->96K(343552K)] 287592K->1896K(518656K), 0,0005440 secs] [Times: user=0,00 sys=0,00, real=0,00 secs] 
41,738: [GC (Allocation Failure) [PSYoungGen: 343136K->96K(329216K)] 344936K->1896K(504320K), 0,0005382 secs] [Times: user=0,00 sys=0,00, real=0,00 secs] 
41,803: [GC (Allocation Failure) [PSYoungGen: 328800K->96K(315904K)] 330600K->1896K(491008K), 0,0006011 secs] [Times: user=0,00 sys=0,00, real=0,00 secs] 
41,864: [GC (Allocation Failure) [PSYoungGen: 315488K->96K(303104K)] 317288K->1896K(478208K), 0,0005903 secs] [Times: user=0,00 sys=0,00, real=0,00 secs] 
41,922: [GC (Allocation Failure) [PSYoungGen: 302688K->64K(290816K)] 304488K->1864K(465920K), 0,0005295 secs] [Times: user=0,00 sys=0,00, real=0,00 secs] 
41,977: [GC (Allocation Failure) [PSYoungGen: 290368K->96K(279040K)] 292168K->1896K(454144K), 0,0005283 secs] [Times: user=0,00 sys=0,00, real=0,00 secs] 
42,030: [GC (Allocation Failure) [PSYoungGen: 278624K->96K(267776K)] 280424K->1896K(442880K), 0,0005303 secs] [Times: user=0,00 sys=0,00, real=0,00 secs] 
42,081: [GC (Allocation Failure) [PSYoungGen: 267360K->64K(257536K)] 269160K->1864K(432640K), 0,0005366 secs] [Times: user=0,00 sys=0,00, real=0,00 secs] 
42,131: [GC (Allocation Failure) [PSYoungGen: 257088K->96K(247296K)] 258888K->1896K(422400K), 0,0005236 secs] [Times: user=0,00 sys=0,00, real=0,00 secs] 
42,178: [GC (Allocation Failure) [PSYoungGen: 246880K->96K(296960K)] 248680K->1896K(472064K), 0,0007326 secs] [Times: user=0,00 sys=0,00, real=0,00 secs] 
42,235: [GC (Allocation Failure) [PSYoungGen: 296544K->96K(285184K)] 298344K->1896K(460288K), 0,0005686 secs] [Times: user=0,00 sys=0,00, real=0,00 secs] 
42,290: [GC (Allocation Failure) [PSYoungGen: 284768K->96K(342528K)] 286568K->1896K(517632K), 0,0007026 secs] [Times: user=0,00 sys=0,00, real=0,00 secs] 
42,357: [GC (Allocation Failure) [PSYoungGen: 342112K->96K(328192K)] 343912K->1896K(503296K), 0,0005234 secs] [Times: user=0,00 sys=0,00, real=0,00 secs] 
42,420: [GC (Allocation Failure) [PSYoungGen: 327776K->96K(393728K)] 329576K->1896K(568832K), 0,0011374 secs] [Times: user=0,00 sys=0,00, real=0,00 secs] 
42,496: [GC (Allocation Failure) [PSYoungGen: 393312K->96K(472576K)] 395112K->1896K(647680K), 0,0005507 secs] [Times: user=0,00 sys=0,00, real=0,00 secs] 
42,586: [GC (Allocation Failure) [PSYoungGen: 472160K->96K(452096K)] 473960K->1896K(627200K), 0,0006192 secs] [Times: user=0,00 sys=0,00, real=0,00 secs] 
42,674: [GC (Allocation Failure) [PSYoungGen: 451680K->96K(432640K)] 453480K->1896K(607744K), 0,0006842 secs] [Times: user=0,01 sys=0,00, real=0,00 secs] 
42,762: [GC (Allocation Failure) [PSYoungGen: 432224K->96K(414208K)] 434024K->1896K(589312K), 0,0005272 secs] [Times: user=0,00 sys=0,00, real=0,00 secs] 
42,842: [GC (Allocation Failure) [PSYoungGen: 413792K->96K(396800K)] 415592K->1896K(571904K), 0,0005784 secs] [Times: user=0,00 sys=0,00, real=0,00 secs] 
42,918: [GC (Allocation Failure) [PSYoungGen: 396384K->64K(379904K)] 398184K->1864K(555008K), 0,0009817 secs] [Times: user=0,00 sys=0,00, real=0,00 secs] 
42,991: [GC (Allocation Failure) [PSYoungGen: 379456K->96K(364032K)] 381256K->1896K(539136K), 0,0005391 secs] [Times: user=0,00 sys=0,00, real=0,01 secs] 
43,061: [GC (Allocation Failure) [PSYoungGen: 363616K->96K(348672K)] 365416K->1896K(523776K), 0,0005220 secs] [Times: user=0,00 sys=0,00, real=0,00 secs] 
43,130: [GC (Allocation Failure) [PSYoungGen: 348256K->64K(334336K)] 350056K->1864K(509440K), 0,0005410 secs] [Times: user=0,00 sys=0,00, real=0,00 secs] 
43,194: [GC (Allocation Failure) [PSYoungGen: 333888K->96K(320512K)] 335688K->1896K(495616K), 0,0006000 secs] [Times: user=0,01 sys=0,00, real=0,00 secs] 
43,256: [GC (Allocation Failure) [PSYoungGen: 320096K->64K(307712K)] 321896K->1864K(482816K), 0,0009701 secs] [Times: user=0,00 sys=0,00, real=0,00 secs] 
43,315: [GC (Allocation Failure) [PSYoungGen: 307264K->96K(295424K)] 309064K->1896K(470528K), 0,0005201 secs] [Times: user=0,00 sys=0,00, real=0,00 secs] 
43,371: [GC (Allocation Failure) [PSYoungGen: 295008K->32K(283648K)] 296808K->1832K(458752K), 0,0007522 secs] [Times: user=0,00 sys=0,00, real=0,01 secs] 
43,425: [GC (Allocation Failure) [PSYoungGen: 283168K->128K(340480K)] 284968K->1928K(515584K), 0,0009585 secs] [Times: user=0,00 sys=0,00, real=0,00 secs] 
43,490: [GC (Allocation Failure) [PSYoungGen: 340096K->96K(408576K)] 341896K->1896K(583680K), 0,0005204 secs] [Times: user=0,00 sys=0,00, real=0,00 secs] 
43,567: [GC (Allocation Failure) [PSYoungGen: 408160K->96K(391168K)] 409960K->1896K(566272K), 0,0005336 secs] [Times: user=0,00 sys=0,00, real=0,00 secs] 
43,642: [GC (Allocation Failure) [PSYoungGen: 390752K->96K(374784K)] 392552K->1896K(549888K), 0,0005326 secs] [Times: user=0,00 sys=0,00, real=0,00 secs] 
43,714: [GC (Allocation Failure) [PSYoungGen: 374368K->32K(450048K)] 376168K->1832K(625152K), 0,0013689 secs] [Times: user=0,00 sys=0,00, real=0,00 secs] 
43,805: [GC (Allocation Failure) [PSYoungGen: 449568K->64K(540160K)] 451368K->1864K(715264K), 0,0008551 secs] [Times: user=0,00 sys=0,00, real=0,00 secs] 
43,916: [GC (Allocation Failure) [PSYoungGen: 539712K->64K(516608K)] 541512K->1864K(691712K), 0,0005780 secs] [Times: user=0,00 sys=0,00, real=0,00 secs] 
44,015: [GC (Allocation Failure) [PSYoungGen: 516160K->96K(494080K)] 517960K->1896K(669184K), 0,0005271 secs] [Times: user=0,00 sys=0,00, real=0,00 secs] 
44,110: [GC (Allocation Failure) [PSYoungGen: 493664K->96K(472576K)] 495464K->1896K(647680K), 0,0005242 secs] [Times: user=0,00 sys=0,00, real=0,00 secs] 
44,198: [GC (Allocation Failure) [PSYoungGen: 472160K->96K(452096K)] 473960K->1896K(627200K), 0,0005348 secs] [Times: user=0,00 sys=0,00, real=0,00 secs] 
44,284: [GC (Allocation Failure) [PSYoungGen: 451680K->96K(432640K)] 453480K->1896K(607744K), 0,0005415 secs] [Times: user=0,00 sys=0,00, real=0,00 secs] 
44,368: [GC (Allocation Failure) [PSYoungGen: 432224K->96K(414208K)] 434024K->1896K(589312K), 0,0005235 secs] [Times: user=0,00 sys=0,00, real=0,00 secs] 
44,446: [GC (Allocation Failure) [PSYoungGen: 413792K->96K(396800K)] 415592K->1896K(571904K), 0,0005251 secs] [Times: user=0,00 sys=0,00, real=0,00 secs] 
44,522: [GC (Allocation Failure) [PSYoungGen: 396384K->96K(379904K)] 398184K->1896K(555008K), 0,0005416 secs] [Times: user=0,00 sys=0,00, real=0,00 secs] 
44,594: [GC (Allocation Failure) [PSYoungGen: 379488K->96K(364032K)] 381288K->1896K(539136K), 0,0006018 secs] [Times: user=0,00 sys=0,00, real=0,00 secs] 
44,665: [GC (Allocation Failure) [PSYoungGen: 363616K->96K(348672K)] 365416K->1896K(523776K), 0,0005175 secs] [Times: user=0,00 sys=0,00, real=0,00 secs] 
44,731: [GC (Allocation Failure) [PSYoungGen: 348256K->96K(334336K)] 350056K->1896K(509440K), 0,0005294 secs] [Times: user=0,00 sys=0,00, real=0,01 secs] 
44,794: [GC (Allocation Failure) [PSYoungGen: 333920K->96K(320512K)] 335720K->1896K(495616K), 0,0005281 secs] [Times: user=0,00 sys=0,00, real=0,00 secs] 
44,855: [GC (Allocation Failure) [PSYoungGen: 320096K->96K(307712K)] 321896K->1896K(482816K), 0,0005606 secs] [Times: user=0,00 sys=0,00, real=0,00 secs] 
44,913: [GC (Allocation Failure) [PSYoungGen: 307296K->96K(295424K)] 309096K->1896K(470528K), 0,0005316 secs] [Times: user=0,00 sys=0,00, real=0,00 secs] 
44,969: [GC (Allocation Failure) [PSYoungGen: 295008K->96K(283648K)] 296808K->1896K(458752K), 0,0005229 secs] [Times: user=0,00 sys=0,00, real=0,00 secs] 
45,023: [GC (Allocation Failure) [PSYoungGen: 283232K->96K(272384K)] 285032K->1896K(447488K), 0,0005660 secs] [Times: user=0,00 sys=0,00, real=0,00 secs] 
45,075: [GC (Allocation Failure) [PSYoungGen: 271968K->96K(261632K)] 273768K->1896K(436736K), 0,0005322 secs] [Times: user=0,00 sys=0,00, real=0,00 secs] 
45,125: [GC (Allocation Failure) [PSYoungGen: 261216K->64K(251392K)] 263016K->1864K(426496K), 0,0005721 secs] [Times: user=0,00 sys=0,00, real=0,00 secs] 
45,172: [GC (Allocation Failure) [PSYoungGen: 250944K->96K(241664K)] 252744K->1896K(416768K), 0,0005873 secs] [Times: user=0,00 sys=0,00, real=0,00 secs] 
45,219: [GC (Allocation Failure) [PSYoungGen: 241247K->64K(232448K)] 243048K->1864K(407552K), 0,0005262 secs] [Times: user=0,00 sys=0,00, real=0,00 secs] 
45,263: [GC (Allocation Failure) [PSYoungGen: 232000K->64K(279040K)] 233800K->1864K(454144K), 0,0006145 secs] [Times: user=0,00 sys=0,00, real=0,00 secs] 
45,317: [GC (Allocation Failure) [PSYoungGen: 278592K->96K(267776K)] 280392K->1896K(442880K), 0,0005316 secs] [Times: user=0,00 sys=0,00, real=0,00 secs] 
45,368: [GC (Allocation Failure) [PSYoungGen: 267360K->96K(257536K)] 269160K->1896K(432640K), 0,0005671 secs] [Times: user=0,00 sys=0,00, real=0,00 secs] 
45,418: [GC (Allocation Failure) [PSYoungGen: 257120K->96K(247296K)] 258920K->1896K(422400K), 0,0005602 secs] [Times: user=0,00 sys=0,01, real=0,00 secs] 
45,465: [GC (Allocation Failure) [PSYoungGen: 246880K->96K(237568K)] 248680K->1896K(412672K), 0,0005262 secs] [Times: user=0,00 sys=0,00, real=0,00 secs] 
45,510: [GC (Allocation Failure) [PSYoungGen: 237152K->96K(285184K)] 238952K->1896K(460288K), 0,0006042 secs] [Times: user=0,00 sys=0,00, real=0,00 secs] 
45,565: [GC (Allocation Failure) [PSYoungGen: 284768K->96K(342528K)] 286568K->1896K(517632K), 0,0006352 secs] [Times: user=0,00 sys=0,00, real=0,00 secs] 
45,632: [GC (Allocation Failure) [PSYoungGen: 342112K->96K(328192K)] 343912K->1896K(503296K), 0,0005377 secs] [Times: user=0,00 sys=0,00, real=0,00 secs] 
45,694: [GC (Allocation Failure) [PSYoungGen: 327776K->96K(314880K)] 329576K->1896K(489984K), 0,0005575 secs] [Times: user=0,00 sys=0,00, real=0,00 secs] 
45,754: [GC (Allocation Failure) [PSYoungGen: 314464K->96K(302080K)] 316264K->1896K(477184K), 0,0005219 secs] [Times: user=0,00 sys=0,00, real=0,00 secs] 
45,812: [GC (Allocation Failure) [PSYoungGen: 301664K->96K(289792K)] 303464K->1896K(464896K), 0,0005858 secs] [Times: user=0,01 sys=0,00, real=0,00 secs] 
45,867: [GC (Allocation Failure) [PSYoungGen: 289376K->96K(278016K)] 291176K->1896K(453120K), 0,0005637 secs] [Times: user=0,00 sys=0,00, real=0,00 secs] 
45,920: [GC (Allocation Failure) [PSYoungGen: 277599K->96K(267264K)] 279400K->1896K(442368K), 0,0005287 secs] [Times: user=0,00 sys=0,00, real=0,00 secs] 
45,971: [GC (Allocation Failure) [PSYoungGen: 266848K->96K(257024K)] 268648K->1896K(432128K), 0,0005655 secs] [Times: user=0,01 sys=0,00, real=0,01 secs] 
46,020: [GC (Allocation Failure) [PSYoungGen: 256608K->96K(247296K)] 258408K->1896K(422400K), 0,0005326 secs] [Times: user=0,00 sys=0,00, real=0,00 secs] 
46,066: [GC (Allocation Failure) [PSYoungGen: 246880K->96K(237568K)] 248680K->1896K(412672K), 0,0005350 secs] [Times: user=0,00 sys=0,00, real=0,00 secs] 
46,111: [GC (Allocation Failure) [PSYoungGen: 237152K->64K(228352K)] 238952K->1864K(403456K), 0,0005216 secs] [Times: user=0,00 sys=0,00, real=0,01 secs] 
46,154: [GC (Allocation Failure) [PSYoungGen: 227904K->64K(273920K)] 229704K->1864K(449024K), 0,0010208 secs] [Times: user=0,00 sys=0,00, real=0,00 secs] 
46,205: [GC (Allocation Failure) [PSYoungGen: 273472K->32K(328704K)] 275272K->1832K(503808K), 0,0005619 secs] [Times: user=0,00 sys=0,00, real=0,00 secs] 
46,266: [GC (Allocation Failure) [PSYoungGen: 328224K->96K(394752K)] 330024K->1896K(569856K), 0,0005486 secs] [Times: user=0,00 sys=0,00, real=0,00 secs] 
46,339: [GC (Allocation Failure) [PSYoungGen: 394336K->96K(377856K)] 396136K->1896K(552960K), 0,0005177 secs] [Times: user=0,00 sys=0,00, real=0,00 secs] 
46,409: [GC (Allocation Failure) [PSYoungGen: 377440K->96K(361984K)] 379240K->1896K(537088K), 0,0005120 secs] [Times: user=0,00 sys=0,00, real=0,00 secs] 
46,476: [GC (Allocation Failure) [PSYoungGen: 361568K->96K(347136K)] 363368K->1896K(522240K), 0,0005246 secs] [Times: user=0,00 sys=0,00, real=0,00 secs] 
46,540: [GC (Allocation Failure) [PSYoungGen: 346720K->96K(332800K)] 348520K->1896K(507904K), 0,0005214 secs] [Times: user=0,00 sys=0,00, real=0,00 secs] 
46,601: [GC (Allocation Failure) [PSYoungGen: 332384K->96K(318976K)] 334184K->1896K(494080K), 0,0005086 secs] [Times: user=0,00 sys=0,00, real=0,01 secs] 
46,662: [GC (Allocation Failure) [PSYoungGen: 318560K->96K(306176K)] 320360K->1896K(481280K), 0,0005279 secs] [Times: user=0,00 sys=0,00, real=0,00 secs] 
46,719: [GC (Allocation Failure) [PSYoungGen: 305760K->96K(293888K)] 307560K->1896K(468992K), 0,0005152 secs] [Times: user=0,00 sys=0,00, real=0,00 secs] 
46,774: [GC (Allocation Failure) [PSYoungGen: 293472K->64K(282112K)] 295272K->1864K(457216K), 0,0007272 secs] [Times: user=0,00 sys=0,00, real=0,00 secs] 
46,827: [GC (Allocation Failure) [PSYoungGen: 281664K->96K(270848K)] 283464K->1896K(445952K), 0,0005421 secs] [Times: user=0,00 sys=0,00, real=0,00 secs] 
46,877: [GC (Allocation Failure) [PSYoungGen: 270432K->96K(260096K)] 272232K->1896K(435200K), 0,0005339 secs] [Times: user=0,00 sys=0,00, real=0,00 secs] 
46,925: [GC (Allocation Failure) [PSYoungGen: 259680K->96K(249856K)] 261480K->1896K(424960K), 0,0005167 secs] [Times: user=0,00 sys=0,00, real=0,00 secs] 
46,972: [GC (Allocation Failure) [PSYoungGen: 249440K->96K(240128K)] 251240K->1896K(415232K), 0,0005413 secs] [Times: user=0,00 sys=0,00, real=0,00 secs] 
47,017: [GC (Allocation Failure) [PSYoungGen: 239712K->96K(288256K)] 241512K->1896K(463360K), 0,0006698 secs] [Times: user=0,00 sys=0,00, real=0,00 secs] 
47,071: [GC (Allocation Failure) [PSYoungGen: 287840K->96K(276992K)] 289640K->1896K(452096K), 0,0005168 secs] [Times: user=0,00 sys=0,00, real=0,01 secs] 
47,123: [GC (Allocation Failure) [PSYoungGen: 276576K->64K(266240K)] 278376K->1864K(441344K), 0,0005239 secs] [Times: user=0,01 sys=0,00, real=0,00 secs] 
47,172: [GC (Allocation Failure) [PSYoungGen: 265792K->96K(319488K)] 267592K->1896K(494592K), 0,0006136 secs] [Times: user=0,00 sys=0,00, real=0,00 secs] 
47,231: [GC (Allocation Failure) [PSYoungGen: 319072K->96K(306688K)] 320872K->1896K(481792K), 0,0005157 secs] [Times: user=0,00 sys=0,00, real=0,01 secs] 
47,288: [GC (Allocation Failure) [PSYoungGen: 306272K->96K(294400K)] 308072K->1896K(469504K), 0,0005189 secs] [Times: user=0,00 sys=0,00, real=0,00 secs] 
47,343: [GC (Allocation Failure) [PSYoungGen: 293984K->64K(282624K)] 295784K->1864K(457728K), 0,0005240 secs] [Times: user=0,00 sys=0,00, real=0,00 secs] 
47,395: [GC (Allocation Failure) [PSYoungGen: 282176K->96K(271360K)] 283976K->1896K(446464K), 0,0005147 secs] [Times: user=0,00 sys=0,00, real=0,00 secs] 
47,445: [GC (Allocation Failure) [PSYoungGen: 270944K->96K(260608K)] 272744K->1896K(435712K), 0,0005290 secs] [Times: user=0,00 sys=0,00, real=0,00 secs] 
47,493: [GC (Allocation Failure) [PSYoungGen: 260192K->96K(250368K)] 261992K->1896K(425472K), 0,0005165 secs] [Times: user=0,00 sys=0,00, real=0,00 secs] 
47,539: [GC (Allocation Failure) [PSYoungGen: 249952K->96K(240640K)] 251752K->1896K(415744K), 0,0005350 secs] [Times: user=0,00 sys=0,00, real=0,00 secs] 
47,584: [GC (Allocation Failure) [PSYoungGen: 240224K->96K(231424K)] 242024K->1896K(406528K), 0,0005594 secs] [Times: user=0,00 sys=0,00, real=0,00 secs] 
47,629: [GC (Allocation Failure) [PSYoungGen: 231008K->96K(222720K)] 232808K->1896K(397824K), 0,0005093 secs] [Times: user=0,00 sys=0,00, real=0,00 secs] 
47,672: [GC (Allocation Failure) [PSYoungGen: 222304K->96K(267264K)] 224104K->1896K(442368K), 0,0005186 secs] [Times: user=0,00 sys=0,00, real=0,00 secs] 
47,723: [GC (Allocation Failure) [PSYoungGen: 266848K->96K(257024K)] 268648K->1896K(432128K), 0,0005281 secs] [Times: user=0,00 sys=0,00, real=0,00 secs] 
47,771: [GC (Allocation Failure) [PSYoungGen: 256608K->96K(247296K)] 258408K->1896K(422400K), 0,0005145 secs] [Times: user=0,00 sys=0,00, real=0,01 secs] 
47,816: [GC (Allocation Failure) [PSYoungGen: 246879K->96K(237568K)] 248680K->1896K(412672K), 0,0005396 secs] [Times: user=0,00 sys=0,00, real=0,00 secs] 
47,861: [GC (Allocation Failure) [PSYoungGen: 237152K->96K(285184K)] 238952K->1896K(460288K), 0,0005168 secs] [Times: user=0,00 sys=0,00, real=0,01 secs] 
47,913: [GC (Allocation Failure) [PSYoungGen: 284768K->96K(273920K)] 286568K->1896K(449024K), 0,0005449 secs] [Times: user=0,00 sys=0,00, real=0,00 secs] 
47,967: [GC (Allocation Failure) [PSYoungGen: 273504K->96K(263168K)] 275304K->1896K(438272K), 0,0005885 secs] [Times: user=0,01 sys=0,00, real=0,00 secs] 
48,016: [GC (Allocation Failure) [PSYoungGen: 262752K->96K(252928K)] 264552K->1896K(428032K), 0,0005424 secs] [Times: user=0,00 sys=0,00, real=0,00 secs] 
48,063: [GC (Allocation Failure) [PSYoungGen: 252512K->96K(243200K)] 254312K->1896K(418304K), 0,0005159 secs] [Times: user=0,00 sys=0,00, real=0,00 secs] 
48,108: [GC (Allocation Failure) [PSYoungGen: 242784K->96K(233984K)] 244584K->1896K(409088K), 0,0005147 secs] [Times: user=0,00 sys=0,00, real=0,00 secs] 
48,152: [GC (Allocation Failure) [PSYoungGen: 233568K->96K(281088K)] 235368K->1896K(456192K), 0,0005093 secs] [Times: user=0,00 sys=0,00, real=0,00 secs] 
48,204: [GC (Allocation Failure) [PSYoungGen: 280672K->96K(269824K)] 282472K->1896K(444928K), 0,0005540 secs] [Times: user=0,00 sys=0,00, real=0,00 secs] 
48,254: [GC (Allocation Failure) [PSYoungGen: 269408K->96K(259072K)] 271208K->1896K(434176K), 0,0005039 secs] [Times: user=0,00 sys=0,00, real=0,00 secs] 
48,302: [GC (Allocation Failure) [PSYoungGen: 258656K->96K(248832K)] 260456K->1896K(423936K), 0,0005399 secs] [Times: user=0,00 sys=0,00, real=0,00 secs] 
48,348: [GC (Allocation Failure) [PSYoungGen: 248416K->96K(239104K)] 250216K->1896K(414208K), 0,0005196 secs] [Times: user=0,00 sys=0,00, real=0,00 secs] 
48,393: [GC (Allocation Failure) [PSYoungGen: 238688K->96K(229888K)] 240488K->1896K(404992K), 0,0005224 secs] [Times: user=0,00 sys=0,00, real=0,00 secs] 
48,436: [GC (Allocation Failure) [PSYoungGen: 229472K->64K(275968K)] 231272K->1864K(451072K), 0,0005611 secs] [Times: user=0,00 sys=0,00, real=0,00 secs] 
48,486: [GC (Allocation Failure) [PSYoungGen: 275520K->96K(331264K)] 277320K->1896K(506368K), 0,0005192 secs] [Times: user=0,00 sys=0,00, real=0,00 secs] 
48,548: [GC (Allocation Failure) [PSYoungGen: 330848K->96K(317952K)] 332648K->1896K(493056K), 0,0005851 secs] [Times: user=0,00 sys=0,00, real=0,00 secs] 
48,606: [GC (Allocation Failure) [PSYoungGen: 317536K->96K(305152K)] 319336K->1896K(480256K), 0,0005208 secs] [Times: user=0,00 sys=0,00, real=0,00 secs] 
48,665: [GC (Allocation Failure) [PSYoungGen: 304736K->96K(292864K)] 306536K->1896K(467968K), 0,0005315 secs] [Times: user=0,00 sys=0,00, real=0,00 secs] 
48,720: [GC (Allocation Failure) [PSYoungGen: 292448K->96K(281088K)] 294248K->1896K(456192K), 0,0005173 secs] [Times: user=0,00 sys=0,00, real=0,00 secs] 
48,772: [GC (Allocation Failure) [PSYoungGen: 280672K->96K(269824K)] 282472K->1896K(444928K), 0,0005141 secs] [Times: user=0,00 sys=0,00, real=0,00 secs] 
48,822: [GC (Allocation Failure) [PSYoungGen: 269408K->96K(259072K)] 271208K->1896K(434176K), 0,0005127 secs] [Times: user=0,00 sys=0,00, real=0,00 secs] 
48,870: [GC (Allocation Failure) [PSYoungGen: 258656K->96K(248832K)] 260456K->1896K(423936K), 0,0005206 secs] [Times: user=0,01 sys=0,00, real=0,00 secs] 
48,916: [GC (Allocation Failure) [PSYoungGen: 248416K->96K(239104K)] 250216K->1896K(414208K), 0,0005238 secs] [Times: user=0,00 sys=0,00, real=0,00 secs] 
48,960: [GC (Allocation Failure) [PSYoungGen: 238688K->64K(229888K)] 240488K->1864K(404992K), 0,0005433 secs] [Times: user=0,00 sys=0,00, real=0,00 secs] 
49,003: [GC (Allocation Failure) [PSYoungGen: 229440K->96K(275968K)] 231240K->1896K(451072K), 0,0005945 secs] [Times: user=0,00 sys=0,00, real=0,00 secs] 
49,054: [GC (Allocation Failure) [PSYoungGen: 275552K->96K(331264K)] 277352K->1896K(506368K), 0,0005188 secs] [Times: user=0,00 sys=0,00, real=0,00 secs] 
49,116: [GC (Allocation Failure) [PSYoungGen: 330848K->96K(317952K)] 332648K->1896K(493056K), 0,0005228 secs] [Times: user=0,00 sys=0,00, real=0,00 secs] 
49,175: [GC (Allocation Failure) [PSYoungGen: 317536K->96K(305152K)] 319336K->1896K(480256K), 0,0005221 secs] [Times: user=0,00 sys=0,00, real=0,00 secs] 
49,231: [GC (Allocation Failure) [PSYoungGen: 304736K->96K(292864K)] 306536K->1896K(467968K), 0,0005191 secs] [Times: user=0,00 sys=0,00, real=0,00 secs] 
49,286: [GC (Allocation Failure) [PSYoungGen: 292448K->96K(281088K)] 294248K->1896K(456192K), 0,0005634 secs] [Times: user=0,00 sys=0,00, real=0,00 secs] 
49,339: [GC (Allocation Failure) [PSYoungGen: 280672K->96K(269824K)] 282472K->1896K(444928K), 0,0005202 secs] [Times: user=0,00 sys=0,00, real=0,00 secs] 
49,389: [GC (Allocation Failure) [PSYoungGen: 269408K->96K(259072K)] 271208K->1896K(434176K), 0,0005278 secs] [Times: user=0,00 sys=0,00, real=0,00 secs] 
49,437: [GC (Allocation Failure) [PSYoungGen: 258656K->64K(248832K)] 260456K->1864K(423936K), 0,0005749 secs] [Times: user=0,00 sys=0,00, real=0,00 secs] 
49,483: [GC (Allocation Failure) [PSYoungGen: 248384K->96K(239104K)] 250184K->1896K(414208K), 0,0005182 secs] [Times: user=0,00 sys=0,00, real=0,00 secs] 
49,528: [GC (Allocation Failure) [PSYoungGen: 238688K->96K(229888K)] 240488K->1896K(404992K), 0,0005084 secs] [Times: user=0,00 sys=0,00, real=0,00 secs] 
49,571: [GC (Allocation Failure) [PSYoungGen: 229472K->96K(275968K)] 231272K->1896K(451072K), 0,0005653 secs] [Times: user=0,00 sys=0,00, real=0,01 secs] 
49,624: [GC (Allocation Failure) [PSYoungGen: 275552K->64K(265216K)] 277352K->1864K(440320K), 0,0005444 secs] [Times: user=0,01 sys=0,00, real=0,00 secs] 
49,674: [GC (Allocation Failure) [PSYoungGen: 264768K->96K(254976K)] 266568K->1896K(430080K), 0,0005397 secs] [Times: user=0,00 sys=0,00, real=0,00 secs] 
49,721: [GC (Allocation Failure) [PSYoungGen: 254560K->64K(306176K)] 256360K->1864K(481280K), 0,0006913 secs] [Times: user=0,00 sys=0,01, real=0,01 secs] 
49,778: [GC (Allocation Failure) [PSYoungGen: 305728K->96K(367616K)] 307528K->1896K(542720K), 0,0005617 secs] [Times: user=0,00 sys=0,00, real=0,00 secs] 
49,846: [GC (Allocation Failure) [PSYoungGen: 367200K->96K(352256K)] 369000K->1896K(527360K), 0,0005296 secs] [Times: user=0,00 sys=0,00, real=0,00 secs] 
49,911: [GC (Allocation Failure) [PSYoungGen: 351840K->96K(337920K)] 353640K->1896K(513024K), 0,0005110 secs] [Times: user=0,00 sys=0,00, real=0,00 secs] 
49,974: [GC (Allocation Failure) [PSYoungGen: 337504K->96K(324096K)] 339304K->1896K(499200K), 0,0005165 secs] [Times: user=0,00 sys=0,00, real=0,00 secs] 
50,034: [GC (Allocation Failure) [PSYoungGen: 323680K->96K(310784K)] 325480K->1896K(485888K), 0,0005220 secs] [Times: user=0,00 sys=0,00, real=0,00 secs] 
50,092: [GC (Allocation Failure) [PSYoungGen: 310368K->96K(297984K)] 312168K->1896K(473088K), 0,0005133 secs] [Times: user=0,01 sys=0,00, real=0,00 secs] 
50,149: [GC (Allocation Failure) [PSYoungGen: 297568K->96K(286208K)] 299368K->1896K(461312K), 0,0005300 secs] [Times: user=0,00 sys=0,00, real=0,00 secs] 
50,202: [GC (Allocation Failure) [PSYoungGen: 285792K->96K(274944K)] 287592K->1896K(450048K), 0,0005528 secs] [Times: user=0,01 sys=0,00, real=0,00 secs] 
50,253: [GC (Allocation Failure) [PSYoungGen: 274528K->96K(264192K)] 276328K->1896K(439296K), 0,0005159 secs] [Times: user=0,00 sys=0,00, real=0,00 secs] 
50,302: [GC (Allocation Failure) [PSYoungGen: 263776K->96K(253952K)] 265576K->1896K(429056K), 0,0005337 secs] [Times: user=0,00 sys=0,00, real=0,00 secs] 
50,349: [GC (Allocation Failure) [PSYoungGen: 253536K->96K(244224K)] 255336K->1920K(419328K), 0,0005458 secs] [Times: user=0,00 sys=0,00, real=0,00 secs] 
50,395: [GC (Allocation Failure) [PSYoungGen: 243808K->96K(235008K)] 245632K->1920K(410112K), 0,0005091 secs] [Times: user=0,00 sys=0,00, real=0,00 secs] 
50,438: [GC (Allocation Failure) [PSYoungGen: 234592K->96K(226304K)] 236416K->1920K(401408K), 0,0005674 secs] [Times: user=0,00 sys=0,00, real=0,00 secs] 
50,480: [GC (Allocation Failure) [PSYoungGen: 225888K->64K(271872K)] 227712K->1888K(446976K), 0,0004992 secs] [Times: user=0,00 sys=0,00, real=0,00 secs] 
50,530: [GC (Allocation Failure) [PSYoungGen: 271424K->96K(261120K)] 273248K->1920K(436224K), 0,0005217 secs] [Times: user=0,00 sys=0,00, real=0,01 secs] 
50,579: [GC (Allocation Failure) [PSYoungGen: 260704K->96K(250880K)] 262528K->1920K(425984K), 0,0005423 secs] [Times: user=0,01 sys=0,00, real=0,00 secs] 
50,628: [GC (Allocation Failure) [PSYoungGen: 250464K->96K(241152K)] 252288K->1920K(416256K), 0,0005230 secs] [Times: user=0,00 sys=0,00, real=0,00 secs] 
50,672: [GC (Allocation Failure) [PSYoungGen: 240736K->96K(289280K)] 242560K->1920K(464384K), 0,0005612 secs] [Times: user=0,00 sys=0,00, real=0,00 secs] 
50,727: [GC (Allocation Failure) [PSYoungGen: 288864K->128K(278016K)] 290688K->1952K(453120K), 0,0005210 secs] [Times: user=0,00 sys=0,00, real=0,00 secs] 
50,778: [GC (Allocation Failure) [PSYoungGen: 277632K->96K(267264K)] 279456K->1920K(442368K), 0,0005740 secs] [Times: user=0,00 sys=0,00, real=0,00 secs] 
50,828: [GC (Allocation Failure) [PSYoungGen: 266848K->96K(257024K)] 268672K->1920K(432128K), 0,0005240 secs] [Times: user=0,00 sys=0,00, real=0,00 secs] 
50,876: [GC (Allocation Failure) [PSYoungGen: 256608K->96K(247296K)] 258432K->1920K(422400K), 0,0005179 secs] [Times: user=0,00 sys=0,00, real=0,00 secs] 
50,923: [GC (Allocation Failure) [PSYoungGen: 246880K->64K(296960K)] 248704K->1888K(472064K), 0,0009822 secs] [Times: user=0,00 sys=0,00, real=0,00 secs] 
50,983: [GC (Allocation Failure) [PSYoungGen: 296512K->64K(356352K)] 298336K->1888K(531456K), 0,0010239 secs] [Times: user=0,00 sys=0,00, real=0,00 secs] 
51,058: [GC (Allocation Failure) [PSYoungGen: 355904K->64K(427520K)] 357728K->1888K(602624K), 0,0007738 secs] [Times: user=0,00 sys=0,00, real=0,00 secs] 
51,141: [GC (Allocation Failure) [PSYoungGen: 427072K->96K(513024K)] 428896K->1920K(688128K), 0,0005675 secs] [Times: user=0,00 sys=0,00, real=0,01 secs] 
51,237: [GC (Allocation Failure) [PSYoungGen: 512608K->96K(490496K)] 514432K->1920K(665600K), 0,0005355 secs] [Times: user=0,00 sys=0,00, real=0,00 secs] 
51,331: [GC (Allocation Failure) [PSYoungGen: 490080K->96K(468992K)] 491904K->1920K(644096K), 0,0005266 secs] [Times: user=0,00 sys=0,00, real=0,01 secs] 
51,419: [GC (Allocation Failure) [PSYoungGen: 468576K->96K(448512K)] 470400K->1920K(623616K), 0,0006230 secs] [Times: user=0,00 sys=0,00, real=0,00 secs] 
51,504: [GC (Allocation Failure) [PSYoungGen: 448096K->96K(429056K)] 449920K->1920K(604160K), 0,0005469 secs] [Times: user=0,00 sys=0,00, real=0,00 secs] 
51,585: [GC (Allocation Failure) [PSYoungGen: 428640K->64K(410624K)] 430464K->1888K(585728K), 0,0005826 secs] [Times: user=0,01 sys=0,00, real=0,00 secs] 
51,665: [GC (Allocation Failure) [PSYoungGen: 410176K->96K(393216K)] 412000K->1920K(568320K), 0,0005269 secs] [Times: user=0,01 sys=0,00, real=0,00 secs] 
51,739: [GC (Allocation Failure) [PSYoungGen: 392800K->96K(376832K)] 394624K->1920K(551936K), 0,0006371 secs] [Times: user=0,00 sys=0,00, real=0,00 secs] 
51,810: [GC (Allocation Failure) [PSYoungGen: 376416K->96K(360960K)] 378240K->1920K(536064K), 0,0005629 secs] [Times: user=0,00 sys=0,00, real=0,00 secs] 
51,878: [GC (Allocation Failure) [PSYoungGen: 360544K->96K(346112K)] 362368K->1920K(521216K), 0,0005170 secs] [Times: user=0,00 sys=0,00, real=0,00 secs] 
51,944: [GC (Allocation Failure) [PSYoungGen: 345696K->96K(331776K)] 347520K->1920K(506880K), 0,0005518 secs] [Times: user=0,01 sys=0,00, real=0,00 secs] 
52,007: [GC (Allocation Failure) [PSYoungGen: 331360K->96K(317952K)] 333184K->1920K(493056K), 0,0006046 secs] [Times: user=0,00 sys=0,00, real=0,00 secs] 
52,068: [GC (Allocation Failure) [PSYoungGen: 317536K->96K(305152K)] 319360K->1920K(480256K), 0,0005309 secs] [Times: user=0,00 sys=0,00, real=0,00 secs] 
52,127: [GC (Allocation Failure) [PSYoungGen: 304736K->96K(292864K)] 306560K->1920K(467968K), 0,0005281 secs] [Times: user=0,00 sys=0,00, real=0,00 secs] 
52,184: [GC (Allocation Failure) [PSYoungGen: 292448K->96K(281088K)] 294272K->1920K(456192K), 0,0005516 secs] [Times: user=0,00 sys=0,00, real=0,00 secs] 
52,237: [GC (Allocation Failure) [PSYoungGen: 280672K->32K(269824K)] 282496K->1856K(444928K), 0,0006098 secs] [Times: user=0,00 sys=0,00, real=0,00 secs] 
52,289: [GC (Allocation Failure) [PSYoungGen: 269344K->96K(259072K)] 271168K->1920K(434176K), 0,0005212 secs] [Times: user=0,00 sys=0,00, real=0,00 secs] 
52,339: [GC (Allocation Failure) [PSYoungGen: 258656K->96K(248832K)] 260480K->1920K(423936K), 0,0005280 secs] [Times: user=0,00 sys=0,00, real=0,00 secs] 
52,386: [GC (Allocation Failure) [PSYoungGen: 248416K->96K(239104K)] 250240K->1920K(414208K), 0,0005225 secs] [Times: user=0,00 sys=0,00, real=0,00 secs] 
52,431: [GC (Allocation Failure) [PSYoungGen: 238688K->96K(229888K)] 240512K->1920K(404992K), 0,0005340 secs] [Times: user=0,01 sys=0,00, real=0,00 secs] 
52,475: [GC (Allocation Failure) [PSYoungGen: 229472K->96K(221184K)] 231296K->1920K(396288K), 0,0005763 secs] [Times: user=0,00 sys=0,00, real=0,00 secs] 
52,517: [GC (Allocation Failure) [PSYoungGen: 220768K->64K(265728K)] 222592K->1888K(440832K), 0,0007596 secs] [Times: user=0,00 sys=0,00, real=0,00 secs] 
52,568: [GC (Allocation Failure) [PSYoungGen: 265280K->96K(318976K)] 267104K->1920K(494080K), 0,0005286 secs] [Times: user=0,00 sys=0,00, real=0,00 secs] 
52,630: [GC (Allocation Failure) [PSYoungGen: 318560K->96K(382976K)] 320384K->1920K(558080K), 0,0005250 secs] [Times: user=0,00 sys=0,00, real=0,00 secs] 
52,703: [GC (Allocation Failure) [PSYoungGen: 382560K->64K(459776K)] 384384K->1888K(634880K), 0,0010390 secs] [Times: user=0,00 sys=0,00, real=0,00 secs] 
52,791: [GC (Allocation Failure) [PSYoungGen: 459328K->96K(439808K)] 461152K->1920K(614912K), 0,0005292 secs] [Times: user=0,00 sys=0,00, real=0,00 secs] 
52,874: [GC (Allocation Failure) [PSYoungGen: 439392K->96K(420864K)] 441216K->1920K(595968K), 0,0005384 secs] [Times: user=0,00 sys=0,00, real=0,00 secs] 
52,953: [GC (Allocation Failure) [PSYoungGen: 420448K->96K(402944K)] 422272K->1920K(578048K), 0,0005161 secs] [Times: user=0,00 sys=0,00, real=0,00 secs] 
53,029: [GC (Allocation Failure) [PSYoungGen: 402528K->96K(386048K)] 404352K->1920K(561152K), 0,0005336 secs] [Times: user=0,00 sys=0,00, real=0,00 secs] 
53,104: [GC (Allocation Failure) [PSYoungGen: 385632K->96K(369664K)] 387456K->1920K(544768K), 0,0005324 secs] [Times: user=0,00 sys=0,00, real=0,00 secs] 
53,175: [GC (Allocation Failure) [PSYoungGen: 369248K->96K(354304K)] 371072K->1920K(529408K), 0,0005976 secs] [Times: user=0,00 sys=0,00, real=0,00 secs] 
53,242: [GC (Allocation Failure) [PSYoungGen: 353888K->96K(339456K)] 355712K->1920K(514560K), 0,0005224 secs] [Times: user=0,00 sys=0,00, real=0,00 secs] 
53,307: [GC (Allocation Failure) [PSYoungGen: 339040K->96K(325632K)] 340864K->1920K(500736K), 0,0005285 secs] [Times: user=0,00 sys=0,00, real=0,00 secs] 
53,369: [GC (Allocation Failure) [PSYoungGen: 325216K->96K(312320K)] 327040K->1920K(487424K), 0,0005542 secs] [Times: user=0,00 sys=0,00, real=0,00 secs] 
53,428: [GC (Allocation Failure) [PSYoungGen: 311904K->96K(299520K)] 313728K->1920K(474624K), 0,0005227 secs] [Times: user=0,00 sys=0,00, real=0,00 secs] 
53,485: [GC (Allocation Failure) [PSYoungGen: 299104K->96K(287744K)] 300928K->1920K(462848K), 0,0005234 secs] [Times: user=0,01 sys=0,00, real=0,00 secs] 
53,539: [GC (Allocation Failure) [PSYoungGen: 287328K->96K(276480K)] 289152K->1920K(451584K), 0,0006306 secs] [Times: user=0,00 sys=0,00, real=0,00 secs] 
53,592: [GC (Allocation Failure) [PSYoungGen: 276063K->96K(265728K)] 277888K->1920K(440832K), 0,0005221 secs] [Times: user=0,00 sys=0,00, real=0,00 secs] 
53,644: [GC (Allocation Failure) [PSYoungGen: 265312K->96K(255488K)] 267136K->1920K(430592K), 0,0005376 secs] [Times: user=0,00 sys=0,00, real=0,00 secs] 
53,693: [GC (Allocation Failure) [PSYoungGen: 255072K->96K(245760K)] 256896K->1920K(420864K), 0,0005594 secs] [Times: user=0,01 sys=0,00, real=0,00 secs] 
53,740: [GC (Allocation Failure) [PSYoungGen: 245344K->96K(236544K)] 247168K->1920K(411648K), 0,0005166 secs] [Times: user=0,00 sys=0,00, real=0,00 secs] 
53,785: [GC (Allocation Failure) [PSYoungGen: 236128K->96K(227328K)] 237952K->1920K(402432K), 0,0005249 secs] [Times: user=0,00 sys=0,00, real=0,00 secs] 
53,828: [GC (Allocation Failure) [PSYoungGen: 226912K->96K(218624K)] 228736K->1920K(393728K), 0,0005336 secs] [Times: user=0,00 sys=0,00, real=0,00 secs] 
53,870: [GC (Allocation Failure) [PSYoungGen: 218208K->96K(262656K)] 220032K->1920K(437760K), 0,0005514 secs] [Times: user=0,00 sys=0,00, real=0,00 secs] 
53,921: [GC (Allocation Failure) [PSYoungGen: 262240K->96K(315392K)] 264064K->1920K(490496K), 0,0005761 secs] [Times: user=0,01 sys=0,00, real=0,00 secs] 
53,981: [GC (Allocation Failure) [PSYoungGen: 314976K->96K(302592K)] 316800K->1920K(477696K), 0,0005196 secs] [Times: user=0,01 sys=0,00, real=0,00 secs] 
54,039: [GC (Allocation Failure) [PSYoungGen: 302176K->96K(290304K)] 304000K->1920K(465408K), 0,0005313 secs] [Times: user=0,00 sys=0,00, real=0,00 secs] 
54,094: [GC (Allocation Failure) [PSYoungGen: 289888K->96K(278528K)] 291712K->1920K(453632K), 0,0005301 secs] [Times: user=0,00 sys=0,00, real=0,00 secs] 
54,147: [GC (Allocation Failure) [PSYoungGen: 278112K->96K(267776K)] 279936K->1920K(442880K), 0,0005279 secs] [Times: user=0,00 sys=0,00, real=0,00 secs] 
54,198: [GC (Allocation Failure) [PSYoungGen: 267360K->96K(257536K)] 269184K->1920K(432640K), 0,0005264 secs] [Times: user=0,00 sys=0,00, real=0,00 secs] 
54,247: [GC (Allocation Failure) [PSYoungGen: 257120K->96K(247296K)] 258944K->1920K(422400K), 0,0005237 secs] [Times: user=0,00 sys=0,00, real=0,00 secs] 
54,294: [GC (Allocation Failure) [PSYoungGen: 246880K->64K(237568K)] 248704K->1888K(412672K), 0,0005378 secs] [Times: user=0,00 sys=0,00, real=0,00 secs] 
54,339: [GC (Allocation Failure) [PSYoungGen: 237120K->96K(228352K)] 238944K->1920K(403456K), 0,0005355 secs] [Times: user=0,00 sys=0,00, real=0,00 secs] 
54,383: [GC (Allocation Failure) [PSYoungGen: 227936K->96K(219648K)] 229760K->1920K(394752K), 0,0005265 secs] [Times: user=0,00 sys=0,00, real=0,00 secs] 
54,424: [GC (Allocation Failure) [PSYoungGen: 219232K->96K(263680K)] 221056K->1920K(438784K), 0,0006151 secs] [Times: user=0,00 sys=0,00, real=0,00 secs] 
54,474: [GC (Allocation Failure) [PSYoungGen: 263264K->64K(316416K)] 265088K->1888K(491520K), 0,0006692 secs] [Times: user=0,00 sys=0,00, real=0,00 secs] 
54,534: [GC (Allocation Failure) [PSYoungGen: 315968K->96K(379904K)] 317792K->1920K(555008K), 0,0005237 secs] [Times: user=0,00 sys=0,00, real=0,00 secs] 
54,606: [GC (Allocation Failure) [PSYoungGen: 379488K->96K(364032K)] 381312K->1920K(539136K), 0,0005333 secs] [Times: user=0,01 sys=0,00, real=0,00 secs] 
54,677: [GC (Allocation Failure) [PSYoungGen: 363616K->64K(348672K)] 365440K->1888K(523776K), 0,0007107 secs] [Times: user=0,00 sys=0,00, real=0,00 secs] 
54,742: [GC (Allocation Failure) [PSYoungGen: 348224K->96K(334336K)] 350048K->1920K(509440K), 0,0005039 secs] [Times: user=0,00 sys=0,00, real=0,00 secs] 
54,804: [GC (Allocation Failure) [PSYoungGen: 333920K->96K(320512K)] 335744K->1920K(495616K), 0,0005088 secs] [Times: user=0,00 sys=0,00, real=0,00 secs] 
54,863: [GC (Allocation Failure) [PSYoungGen: 320096K->96K(307712K)] 321920K->1920K(482816K), 0,0005029 secs] [Times: user=0,00 sys=0,00, real=0,00 secs] 
54,920: [GC (Allocation Failure) [PSYoungGen: 307296K->96K(295424K)] 309120K->1920K(470528K), 0,0004854 secs] [Times: user=0,00 sys=0,00, real=0,00 secs] 
54,975: [GC (Allocation Failure) [PSYoungGen: 295008K->96K(283648K)] 296832K->1920K(458752K), 0,0005115 secs] [Times: user=0,00 sys=0,00, real=0,00 secs] 
55,028: [GC (Allocation Failure) [PSYoungGen: 283232K->96K(272384K)] 285056K->1920K(447488K), 0,0005742 secs] [Times: user=0,00 sys=0,00, real=0,00 secs] 
55,078: [GC (Allocation Failure) [PSYoungGen: 271968K->96K(261632K)] 273792K->1920K(436736K), 0,0005242 secs] [Times: user=0,00 sys=0,00, real=0,00 secs] 
55,127: [GC (Allocation Failure) [PSYoungGen: 261216K->96K(251392K)] 263040K->1920K(426496K), 0,0005068 secs] [Times: user=0,00 sys=0,00, real=0,00 secs] 
55,173: [GC (Allocation Failure) [PSYoungGen: 250976K->96K(241664K)] 252800K->1920K(416768K), 0,0005154 secs] [Times: user=0,00 sys=0,00, real=0,00 secs] 
55,219: [GC (Allocation Failure) [PSYoungGen: 241248K->64K(290304K)] 243072K->1888K(465408K), 0,0007306 secs] [Times: user=0,00 sys=0,00, real=0,00 secs] 
55,273: [GC (Allocation Failure) [PSYoungGen: 289856K->64K(348672K)] 291680K->1888K(523776K), 0,0005720 secs] [Times: user=0,00 sys=0,00, real=0,00 secs] 
55,337: [GC (Allocation Failure) [PSYoungGen: 348224K->96K(334336K)] 350048K->1920K(509440K), 0,0005139 secs] [Times: user=0,00 sys=0,00, real=0,00 secs] 
55,399: [GC (Allocation Failure) [PSYoungGen: 333920K->96K(320512K)] 335744K->1920K(495616K), 0,0005273 secs] [Times: user=0,00 sys=0,00, real=0,00 secs] 
55,459: [GC (Allocation Failure) [PSYoungGen: 320096K->96K(307712K)] 321920K->1920K(482816K), 0,0005169 secs] [Times: user=0,00 sys=0,00, real=0,00 secs] 
55,519: [GC (Allocation Failure) [PSYoungGen: 307296K->96K(369152K)] 309120K->1920K(544256K), 0,0009493 secs] [Times: user=0,00 sys=0,00, real=0,00 secs] 
55,609: [GC (Allocation Failure) [PSYoungGen: 368736K->96K(353792K)] 370560K->1920K(528896K), 0,0005648 secs] [Times: user=0,00 sys=0,00, real=0,00 secs] 
55,707: [GC (Allocation Failure) [PSYoungGen: 353376K->64K(338944K)] 355200K->1888K(514048K), 0,0011927 secs] [Times: user=0,00 sys=0,00, real=0,00 secs] 
55,783: [GC (Allocation Failure) [PSYoungGen: 338496K->96K(325120K)] 340320K->1920K(500224K), 0,0005238 secs] [Times: user=0,00 sys=0,00, real=0,00 secs] 
55,844: [GC (Allocation Failure) [PSYoungGen: 324704K->96K(311808K)] 326528K->1920K(486912K), 0,0005051 secs] [Times: user=0,01 sys=0,00, real=0,00 secs] 
55,902: [GC (Allocation Failure) [PSYoungGen: 311392K->96K(299008K)] 313216K->1920K(474112K), 0,0005336 secs] [Times: user=0,00 sys=0,00, real=0,00 secs] 
55,958: [GC (Allocation Failure) [PSYoungGen: 298592K->96K(287232K)] 300416K->1920K(462336K), 0,0005082 secs] [Times: user=0,00 sys=0,00, real=0,00 secs] 
56,011: [GC (Allocation Failure) [PSYoungGen: 286816K->96K(275968K)] 288640K->1920K(451072K), 0,0006213 secs] [Times: user=0,00 sys=0,00, real=0,00 secs] 
56,063: [GC (Allocation Failure) [PSYoungGen: 275552K->96K(265216K)] 277376K->1920K(440320K), 0,0005337 secs] [Times: user=0,01 sys=0,00, real=0,00 secs] 
56,112: [GC (Allocation Failure) [PSYoungGen: 264800K->96K(254976K)] 266624K->1920K(430080K), 0,0005521 secs] [Times: user=0,01 sys=0,00, real=0,00 secs] 
56,160: [GC (Allocation Failure) [PSYoungGen: 254560K->96K(245248K)] 256384K->1920K(420352K), 0,0005095 secs] [Times: user=0,00 sys=0,00, real=0,00 secs] 
56,206: [GC (Allocation Failure) [PSYoungGen: 244832K->96K(236032K)] 246656K->1920K(411136K), 0,0005674 secs] [Times: user=0,00 sys=0,00, real=0,00 secs] 
56,250: [GC (Allocation Failure) [PSYoungGen: 235616K->64K(283136K)] 237440K->1888K(458240K), 0,0005391 secs] [Times: user=0,00 sys=0,00, real=0,00 secs] 
56,302: [GC (Allocation Failure) [PSYoungGen: 282688K->96K(271872K)] 284512K->1920K(446976K), 0,0005053 secs] [Times: user=0,00 sys=0,00, real=0,00 secs] 
56,353: [GC (Allocation Failure) [PSYoungGen: 271456K->96K(261120K)] 273280K->1920K(436224K), 0,0005184 secs] [Times: user=0,00 sys=0,00, real=0,00 secs] 
56,401: [GC (Allocation Failure) [PSYoungGen: 260704K->96K(313344K)] 262528K->1920K(488448K), 0,0006626 secs] [Times: user=0,01 sys=0,00, real=0,00 secs] 
56,460: [GC (Allocation Failure) [PSYoungGen: 312928K->96K(300544K)] 314752K->1920K(475648K), 0,0005063 secs] [Times: user=0,00 sys=0,00, real=0,00 secs] 
56,515: [GC (Allocation Failure) [PSYoungGen: 300128K->96K(288256K)] 301952K->1920K(463360K), 0,0004953 secs] [Times: user=0,00 sys=0,00, real=0,00 secs] 
56,568: [GC (Allocation Failure) [PSYoungGen: 287840K->64K(276992K)] 289664K->1888K(452096K), 0,0005402 secs] [Times: user=0,00 sys=0,00, real=0,00 secs] 
56,619: [GC (Allocation Failure) [PSYoungGen: 276544K->64K(266240K)] 278368K->1888K(441344K), 0,0005150 secs] [Times: user=0,01 sys=0,00, real=0,00 secs] 
56,672: [GC (Allocation Failure) [PSYoungGen: 265792K->32K(256000K)] 267616K->1856K(431104K), 0,0005824 secs] [Times: user=0,00 sys=0,00, real=0,00 secs] 
56,720: [GC (Allocation Failure) [PSYoungGen: 255520K->96K(246272K)] 257344K->1920K(421376K), 0,0005091 secs] [Times: user=0,01 sys=0,00, real=0,00 secs] 
56,766: [GC (Allocation Failure) [PSYoungGen: 245856K->96K(237056K)] 247680K->1920K(412160K), 0,0005231 secs] [Times: user=0,00 sys=0,00, real=0,00 secs] 
56,811: [GC (Allocation Failure) [PSYoungGen: 236640K->96K(227840K)] 238464K->1920K(402944K), 0,0005083 secs] [Times: user=0,00 sys=0,00, real=0,01 secs] 
56,853: [GC (Allocation Failure) [PSYoungGen: 227424K->96K(273408K)] 229248K->1920K(448512K), 0,0005713 secs] [Times: user=0,00 sys=0,00, real=0,00 secs] 
56,903: [GC (Allocation Failure) [PSYoungGen: 272992K->64K(328192K)] 274816K->1888K(503296K), 0,0005570 secs] [Times: user=0,00 sys=0,00, real=0,00 secs] 
56,964: [GC (Allocation Failure) [PSYoungGen: 327744K->96K(314880K)] 329568K->1920K(489984K), 0,0005082 secs] [Times: user=0,00 sys=0,00, real=0,00 secs] 
57,022: [GC (Allocation Failure) [PSYoungGen: 314464K->96K(302080K)] 316288K->1920K(477184K), 0,0005182 secs] [Times: user=0,00 sys=0,00, real=0,00 secs] 
57,078: [GC (Allocation Failure) [PSYoungGen: 301664K->96K(289792K)] 303488K->1920K(464896K), 0,0005008 secs] [Times: user=0,00 sys=0,00, real=0,00 secs] 
57,132: [GC (Allocation Failure) [PSYoungGen: 289376K->96K(278016K)] 291200K->1920K(453120K), 0,0005040 secs] [Times: user=0,00 sys=0,00, real=0,00 secs] 
57,183: [GC (Allocation Failure) [PSYoungGen: 277600K->96K(267264K)] 279424K->1920K(442368K), 0,0005334 secs] [Times: user=0,00 sys=0,00, real=0,00 secs] 
57,233: [GC (Allocation Failure) [PSYoungGen: 266847K->96K(257024K)] 268672K->1920K(432128K), 0,0004880 secs] [Times: user=0,00 sys=0,00, real=0,00 secs] 
57,280: [GC (Allocation Failure) [PSYoungGen: 256608K->96K(247296K)] 258432K->1920K(422400K), 0,0005183 secs] [Times: user=0,00 sys=0,00, real=0,00 secs] 
57,326: [GC (Allocation Failure) [PSYoungGen: 246880K->96K(237568K)] 248704K->1920K(412672K), 0,0005184 secs] [Times: user=0,00 sys=0,00, real=0,00 secs] 
57,371: [GC (Allocation Failure) [PSYoungGen: 237152K->96K(285184K)] 238976K->1920K(460288K), 0,0005814 secs] [Times: user=0,00 sys=0,00, real=0,01 secs] 
57,423: [GC (Allocation Failure) [PSYoungGen: 284768K->96K(273920K)] 286592K->1920K(449024K), 0,0005023 secs] [Times: user=0,00 sys=0,00, real=0,00 secs] 
57,474: [GC (Allocation Failure) [PSYoungGen: 273504K->96K(263168K)] 275328K->1920K(438272K), 0,0005129 secs] [Times: user=0,01 sys=0,00, real=0,00 secs] 
57,524: [GC (Allocation Failure) [PSYoungGen: 262752K->96K(252928K)] 264576K->1920K(428032K), 0,0005339 secs] [Times: user=0,00 sys=0,01, real=0,00 secs] 
57,572: [GC (Allocation Failure) [PSYoungGen: 252512K->96K(243200K)] 254336K->1920K(418304K), 0,0005159 secs] [Times: user=0,00 sys=0,00, real=0,00 secs] 
57,617: [GC (Allocation Failure) [PSYoungGen: 242784K->96K(233984K)] 244608K->1920K(409088K), 0,0004956 secs] [Times: user=0,00 sys=0,00, real=0,00 secs] 
57,667: [GC (Allocation Failure) [PSYoungGen: 233568K->96K(225280K)] 235392K->1920K(400384K), 0,0005238 secs] [Times: user=0,00 sys=0,00, real=0,00 secs] 
57,710: [GC (Allocation Failure) [PSYoungGen: 224863K->96K(270336K)] 226688K->1920K(445440K), 0,0005643 secs] [Times: user=0,00 sys=0,00, real=0,00 secs] 
57,761: [GC (Allocation Failure) [PSYoungGen: 269920K->96K(259584K)] 271744K->1920K(434688K), 0,0005220 secs] [Times: user=0,00 sys=0,00, real=0,00 secs] 
57,810: [GC (Allocation Failure) [PSYoungGen: 259168K->96K(249344K)] 260992K->1920K(424448K), 0,0005209 secs] [Times: user=0,00 sys=0,00, real=0,00 secs] 
57,857: [GC (Allocation Failure) [PSYoungGen: 248928K->96K(239616K)] 250752K->1920K(414720K), 0,0005225 secs] [Times: user=0,00 sys=0,00, real=0,00 secs] 
57,903: [GC (Allocation Failure) [PSYoungGen: 239200K->96K(230400K)] 241024K->1920K(405504K), 0,0005121 secs] [Times: user=0,00 sys=0,00, real=0,00 secs] 
57,948: [GC (Allocation Failure) [PSYoungGen: 229984K->64K(276480K)] 231808K->1888K(451584K), 0,0005653 secs] [Times: user=0,00 sys=0,00, real=0,00 secs] 
58,002: [GC (Allocation Failure) [PSYoungGen: 276032K->96K(331776K)] 277856K->1920K(506880K), 0,0005593 secs] [Times: user=0,00 sys=0,00, real=0,00 secs] 
58,065: [GC (Allocation Failure) [PSYoungGen: 331360K->96K(317952K)] 333184K->1920K(493056K), 0,0005193 secs] [Times: user=0,00 sys=0,00, real=0,00 secs] 
58,125: [GC (Allocation Failure) [PSYoungGen: 317536K->96K(305152K)] 319360K->1920K(480256K), 0,0005600 secs] [Times: user=0,00 sys=0,00, real=0,00 secs] 
58,182: [GC (Allocation Failure) [PSYoungGen: 304736K->96K(292864K)] 306560K->1920K(467968K), 0,0005141 secs] [Times: user=0,00 sys=0,00, real=0,00 secs] 
58,238: [GC (Allocation Failure) [PSYoungGen: 292448K->96K(281088K)] 294272K->1920K(456192K), 0,0005179 secs] [Times: user=0,00 sys=0,00, real=0,00 secs] 
58,291: [GC (Allocation Failure) [PSYoungGen: 280672K->96K(269824K)] 282496K->1920K(444928K), 0,0005223 secs] [Times: user=0,00 sys=0,00, real=0,01 secs] 
58,342: [GC (Allocation Failure) [PSYoungGen: 269408K->96K(259072K)] 271232K->1920K(434176K), 0,0006283 secs] [Times: user=0,00 sys=0,00, real=0,00 secs] 
58,391: [GC (Allocation Failure) [PSYoungGen: 258656K->96K(248832K)] 260480K->1920K(423936K), 0,0005220 secs] [Times: user=0,00 sys=0,00, real=0,01 secs] 
58,438: [GC (Allocation Failure) [PSYoungGen: 248416K->96K(239104K)] 250240K->1920K(414208K), 0,0005145 secs] [Times: user=0,00 sys=0,00, real=0,00 secs] 
58,483: [GC (Allocation Failure) [PSYoungGen: 238688K->96K(229888K)] 240512K->1920K(404992K), 0,0005367 secs] [Times: user=0,00 sys=0,00, real=0,00 secs] 
58,528: [GC (Allocation Failure) [PSYoungGen: 229472K->96K(221184K)] 231296K->1920K(396288K), 0,0005223 secs] [Times: user=0,00 sys=0,00, real=0,00 secs] 
58,569: [GC (Allocation Failure) [PSYoungGen: 220768K->96K(265728K)] 222592K->1920K(440832K), 0,0005198 secs] [Times: user=0,00 sys=0,00, real=0,00 secs] 
58,620: [GC (Allocation Failure) [PSYoungGen: 265312K->96K(318976K)] 267136K->1920K(494080K), 0,0005727 secs] [Times: user=0,00 sys=0,00, real=0,00 secs] 
58,682: [GC (Allocation Failure) [PSYoungGen: 318560K->96K(306176K)] 320384K->1920K(481280K), 0,0005299 secs] [Times: user=0,00 sys=0,00, real=0,00 secs] 
58,740: [GC (Allocation Failure) [PSYoungGen: 305760K->96K(293888K)] 307584K->1920K(468992K), 0,0005105 secs] [Times: user=0,00 sys=0,00, real=0,00 secs] 
58,796: [GC (Allocation Failure) [PSYoungGen: 293472K->96K(282112K)] 295296K->1920K(457216K), 0,0005200 secs] [Times: user=0,00 sys=0,00, real=0,00 secs] 
58,850: [GC (Allocation Failure) [PSYoungGen: 281696K->96K(270848K)] 283520K->1920K(445952K), 0,0005062 secs] [Times: user=0,00 sys=0,00, real=0,00 secs] 
58,901: [GC (Allocation Failure) [PSYoungGen: 270432K->96K(260096K)] 272256K->1920K(435200K), 0,0005135 secs] [Times: user=0,00 sys=0,00, real=0,00 secs] 
58,950: [GC (Allocation Failure) [PSYoungGen: 259680K->96K(249856K)] 261504K->1920K(424960K), 0,0005072 secs] [Times: user=0,00 sys=0,00, real=0,00 secs] 
58,998: [GC (Allocation Failure) [PSYoungGen: 249440K->96K(240128K)] 251264K->1920K(415232K), 0,0005111 secs] [Times: user=0,00 sys=0,00, real=0,00 secs] 
59,043: [GC (Allocation Failure) [PSYoungGen: 239712K->96K(230912K)] 241536K->1920K(406016K), 0,0005106 secs] [Times: user=0,00 sys=0,00, real=0,00 secs] 
59,087: [GC (Allocation Failure) [PSYoungGen: 230496K->64K(276992K)] 232320K->1888K(452096K), 0,0006781 secs] [Times: user=0,00 sys=0,00, real=0,00 secs] 
59,140: [GC (Allocation Failure) [PSYoungGen: 276544K->96K(332288K)] 278368K->1920K(507392K), 0,0005420 secs] [Times: user=0,00 sys=0,00, real=0,00 secs] 
59,203: [GC (Allocation Failure) [PSYoungGen: 331872K->96K(318464K)] 333696K->1920K(493568K), 0,0005196 secs] [Times: user=0,00 sys=0,00, real=0,00 secs] 
59,263: [GC (Allocation Failure) [PSYoungGen: 318048K->96K(305664K)] 319872K->1920K(480768K), 0,0005087 secs] [Times: user=0,00 sys=0,00, real=0,00 secs] 
59,321: [GC (Allocation Failure) [PSYoungGen: 305248K->96K(293376K)] 307072K->1920K(468480K), 0,0005147 secs] [Times: user=0,00 sys=0,00, real=0,00 secs] 
59,377: [GC (Allocation Failure) [PSYoungGen: 292960K->96K(281600K)] 294784K->1920K(456704K), 0,0005543 secs] [Times: user=0,00 sys=0,00, real=0,00 secs] 
59,430: [GC (Allocation Failure) [PSYoungGen: 281184K->96K(270336K)] 283008K->1920K(445440K), 0,0005169 secs] [Times: user=0,00 sys=0,00, real=0,00 secs] 
59,481: [GC (Allocation Failure) [PSYoungGen: 269920K->96K(259584K)] 271744K->1920K(434688K), 0,0005859 secs] [Times: user=0,00 sys=0,00, real=0,00 secs] 
59,531: [GC (Allocation Failure) [PSYoungGen: 259168K->96K(249344K)] 260992K->1920K(424448K), 0,0005186 secs] [Times: user=0,00 sys=0,00, real=0,01 secs] 
59,578: [GC (Allocation Failure) [PSYoungGen: 248928K->96K(239616K)] 250752K->1920K(414720K), 0,0005242 secs] [Times: user=0,01 sys=0,00, real=0,00 secs] 
59,623: [GC (Allocation Failure) [PSYoungGen: 239200K->96K(230400K)] 241024K->1920K(405504K), 0,0005274 secs] [Times: user=0,00 sys=0,00, real=0,00 secs] 
59,669: [GC (Allocation Failure) [PSYoungGen: 229984K->96K(276480K)] 231808K->1920K(451584K), 0,0006080 secs] [Times: user=0,00 sys=0,00, real=0,00 secs] 
59,722: [GC (Allocation Failure) [PSYoungGen: 276064K->96K(265728K)] 277888K->1920K(440832K), 0,0005267 secs] [Times: user=0,00 sys=0,00, real=0,00 secs] 
59,772: [GC (Allocation Failure) [PSYoungGen: 265312K->96K(255488K)] 267136K->1920K(430592K), 0,0005172 secs] [Times: user=0,00 sys=0,00, real=0,00 secs] 
59,821: [GC (Allocation Failure) [PSYoungGen: 255072K->96K(245760K)] 256896K->1920K(420864K), 0,0005275 secs] [Times: user=0,00 sys=0,00, real=0,01 secs] 
59,867: [GC (Allocation Failure) [PSYoungGen: 245344K->96K(236544K)] 247168K->1920K(411648K), 0,0005494 secs] [Times: user=0,00 sys=0,00, real=0,00 secs] 
59,913: [GC (Allocation Failure) [PSYoungGen: 236128K->96K(284160K)] 237952K->1920K(459264K), 0,0005308 secs] [Times: user=0,00 sys=0,01, real=0,00 secs] 
59,967: [GC (Allocation Failure) [PSYoungGen: 283744K->96K(340992K)] 285568K->1920K(516096K), 0,0009397 secs] [Times: user=0,00 sys=0,00, real=0,00 secs] 
60,032: [GC (Allocation Failure) [PSYoungGen: 340576K->96K(409088K)] 342400K->1920K(584192K), 0,0005301 secs] [Times: user=0,00 sys=0,00, real=0,00 secs] 
60,110: [GC (Allocation Failure) [PSYoungGen: 408672K->96K(391680K)] 410496K->1920K(566784K), 0,0005309 secs] [Times: user=0,00 sys=0,00, real=0,00 secs] 
60,184: [GC (Allocation Failure) [PSYoungGen: 391264K->96K(375296K)] 393088K->1920K(550400K), 0,0005520 secs] [Times: user=0,01 sys=0,00, real=0,00 secs] 
60,255: [GC (Allocation Failure) [PSYoungGen: 374880K->96K(359424K)] 376704K->1920K(534528K), 0,0005235 secs] [Times: user=0,00 sys=0,00, real=0,00 secs] 
60,324: [GC (Allocation Failure) [PSYoungGen: 359008K->160K(344576K)] 360832K->1984K(519680K), 0,0005405 secs] [Times: user=0,00 sys=0,00, real=0,00 secs] 
60,390: [GC (Allocation Failure) [PSYoungGen: 344224K->96K(330240K)] 346048K->1952K(505344K), 0,0005464 secs] [Times: user=0,00 sys=0,00, real=0,01 secs] 
60,452: [GC (Allocation Failure) [PSYoungGen: 329824K->96K(316928K)] 331680K->1952K(492032K), 0,0005147 secs] [Times: user=0,00 sys=0,00, real=0,00 secs] 
60,510: [GC (Allocation Failure) [PSYoungGen: 316512K->96K(304128K)] 318368K->1952K(479232K), 0,0005098 secs] [Times: user=0,01 sys=0,00, real=0,00 secs] 
60,567: [GC (Allocation Failure) [PSYoungGen: 303712K->96K(291840K)] 305568K->1952K(466944K), 0,0005305 secs] [Times: user=0,00 sys=0,00, real=0,00 secs] 
60,620: [GC (Allocation Failure) [PSYoungGen: 291424K->96K(280064K)] 293280K->1952K(455168K), 0,0005084 secs] [Times: user=0,00 sys=0,00, real=0,00 secs] 
60,675: [GC (Allocation Failure) [PSYoungGen: 279648K->96K(268800K)] 281504K->1952K(443904K), 0,0005441 secs] [Times: user=0,00 sys=0,00, real=0,00 secs] 
60,725: [GC (Allocation Failure) [PSYoungGen: 268384K->96K(258048K)] 270240K->1952K(433152K), 0,0005113 secs] [Times: user=0,00 sys=0,00, real=0,00 secs] 
60,773: [GC (Allocation Failure) [PSYoungGen: 257632K->64K(247808K)] 259488K->1920K(422912K), 0,0005622 secs] [Times: user=0,00 sys=0,00, real=0,00 secs] 
60,819: [GC (Allocation Failure) [PSYoungGen: 247360K->96K(238080K)] 249216K->1952K(413184K), 0,0005929 secs] [Times: user=0,00 sys=0,00, real=0,00 secs] 
60,864: [GC (Allocation Failure) [PSYoungGen: 237664K->96K(228864K)] 239520K->1952K(403968K), 0,0005146 secs] [Times: user=0,00 sys=0,00, real=0,00 secs] 
60,906: [GC (Allocation Failure) [PSYoungGen: 228448K->64K(274944K)] 230304K->1920K(450048K), 0,0005544 secs] [Times: user=0,00 sys=0,00, real=0,00 secs] 
60,957: [GC (Allocation Failure) [PSYoungGen: 274496K->96K(330240K)] 276352K->1952K(505344K), 0,0005432 secs] [Times: user=0,01 sys=0,00, real=0,00 secs] 
61,018: [GC (Allocation Failure) [PSYoungGen: 329824K->96K(316928K)] 331680K->1952K(492032K), 0,0005536 secs] [Times: user=0,00 sys=0,00, real=0,00 secs] 
61,077: [GC (Allocation Failure) [PSYoungGen: 316512K->96K(304128K)] 318368K->1952K(479232K), 0,0005115 secs] [Times: user=0,01 sys=0,00, real=0,00 secs] 
61,133: [GC (Allocation Failure) [PSYoungGen: 303712K->64K(365056K)] 305568K->1920K(540160K), 0,0010642 secs] [Times: user=0,00 sys=0,00, real=0,00 secs] 
61,201: [GC (Allocation Failure) [PSYoungGen: 364608K->96K(438272K)] 366464K->1952K(613376K), 0,0005335 secs] [Times: user=0,00 sys=0,00, real=0,00 secs] 
61,282: [GC (Allocation Failure) [PSYoungGen: 437856K->96K(419328K)] 439712K->1952K(594432K), 0,0005557 secs] [Times: user=0,00 sys=0,00, real=0,00 secs] 
61,359: [GC (Allocation Failure) [PSYoungGen: 418912K->96K(401408K)] 420768K->1952K(576512K), 0,0005088 secs] [Times: user=0,00 sys=0,00, real=0,00 secs] 
61,434: [GC (Allocation Failure) [PSYoungGen: 400992K->96K(384512K)] 402848K->1952K(559616K), 0,0006157 secs] [Times: user=0,01 sys=0,00, real=0,00 secs] 
61,505: [GC (Allocation Failure) [PSYoungGen: 384096K->96K(368128K)] 385952K->1952K(543232K), 0,0005153 secs] [Times: user=0,00 sys=0,00, real=0,00 secs] 
61,572: [GC (Allocation Failure) [PSYoungGen: 367712K->96K(352768K)] 369568K->1952K(527872K), 0,0004995 secs] [Times: user=0,00 sys=0,00, real=0,00 secs] 
61,640: [GC (Allocation Failure) [PSYoungGen: 352352K->96K(337920K)] 354208K->1952K(513024K), 0,0005300 secs] [Times: user=0,00 sys=0,00, real=0,00 secs] 
61,703: [GC (Allocation Failure) [PSYoungGen: 337504K->96K(324096K)] 339360K->1952K(499200K), 0,0005343 secs] [Times: user=0,01 sys=0,00, real=0,00 secs] 
61,763: [GC (Allocation Failure) [PSYoungGen: 323680K->96K(310784K)] 325536K->1952K(485888K), 0,0005126 secs] [Times: user=0,00 sys=0,00, real=0,00 secs] 
61,821: [GC (Allocation Failure) [PSYoungGen: 310368K->96K(297984K)] 312224K->1952K(473088K), 0,0005313 secs] [Times: user=0,00 sys=0,00, real=0,01 secs] 
61,876: [GC (Allocation Failure) [PSYoungGen: 297568K->96K(286208K)] 299424K->1952K(461312K), 0,0005133 secs] [Times: user=0,00 sys=0,00, real=0,00 secs] 
61,929: [GC (Allocation Failure) [PSYoungGen: 285792K->96K(274944K)] 287648K->1952K(450048K), 0,0005021 secs] [Times: user=0,00 sys=0,00, real=0,00 secs] 
61,980: [GC (Allocation Failure) [PSYoungGen: 274528K->96K(264192K)] 276384K->1952K(439296K), 0,0005058 secs] [Times: user=0,00 sys=0,00, real=0,00 secs] 
62,029: [GC (Allocation Failure) [PSYoungGen: 263776K->96K(253952K)] 265632K->1952K(429056K), 0,0005186 secs] [Times: user=0,00 sys=0,00, real=0,00 secs] 
62,076: [GC (Allocation Failure) [PSYoungGen: 253536K->96K(244224K)] 255392K->1952K(419328K), 0,0005023 secs] [Times: user=0,00 sys=0,00, real=0,00 secs] 
62,121: [GC (Allocation Failure) [PSYoungGen: 243808K->96K(235008K)] 245664K->1952K(410112K), 0,0005180 secs] [Times: user=0,00 sys=0,00, real=0,00 secs] 
62,165: [GC (Allocation Failure) [PSYoungGen: 234592K->96K(226304K)] 236448K->1952K(401408K), 0,0005201 secs] [Times: user=0,00 sys=0,00, real=0,00 secs] 
62,207: [GC (Allocation Failure) [PSYoungGen: 225888K->96K(217600K)] 227744K->1952K(392704K), 0,0005137 secs] [Times: user=0,00 sys=0,00, real=0,00 secs] 
62,248: [GC (Allocation Failure) [PSYoungGen: 217184K->96K(261120K)] 219040K->1952K(436224K), 0,0004940 secs] [Times: user=0,00 sys=0,00, real=0,00 secs] 
62,296: [GC (Allocation Failure) [PSYoungGen: 260704K->96K(250880K)] 262560K->1952K(425984K), 0,0005072 secs] [Times: user=0,00 sys=0,00, real=0,00 secs] 
62,343: [GC (Allocation Failure) [PSYoungGen: 250464K->96K(241152K)] 252320K->1952K(416256K), 0,0005070 secs] [Times: user=0,00 sys=0,00, real=0,00 secs] 
62,388: [GC (Allocation Failure) [PSYoungGen: 240736K->96K(231936K)] 242592K->1952K(407040K), 0,0005142 secs] [Times: user=0,00 sys=0,01, real=0,00 secs] 
62,431: [GC (Allocation Failure) [PSYoungGen: 231520K->96K(278528K)] 233376K->1952K(453632K), 0,0005566 secs] [Times: user=0,00 sys=0,00, real=0,01 secs] 
62,482: [GC (Allocation Failure) [PSYoungGen: 278112K->96K(334336K)] 279968K->1952K(509440K), 0,0005240 secs] [Times: user=0,00 sys=0,00, real=0,00 secs] 
62,544: [GC (Allocation Failure) [PSYoungGen: 333920K->96K(320512K)] 335776K->1952K(495616K), 0,0005512 secs] [Times: user=0,00 sys=0,00, real=0,00 secs] 
62,604: [GC (Allocation Failure) [PSYoungGen: 320096K->96K(307712K)] 321952K->1952K(482816K), 0,0005377 secs] [Times: user=0,00 sys=0,00, real=0,00 secs] 
62,663: [GC (Allocation Failure) [PSYoungGen: 307296K->96K(295424K)] 309152K->1952K(470528K), 0,0005026 secs] [Times: user=0,00 sys=0,00, real=0,00 secs] 
62,718: [GC (Allocation Failure) [PSYoungGen: 295008K->96K(283648K)] 296864K->1952K(458752K), 0,0005036 secs] [Times: user=0,00 sys=0,00, real=0,00 secs] 
62,771: [GC (Allocation Failure) [PSYoungGen: 283232K->64K(340480K)] 285088K->1920K(515584K), 0,0008296 secs] [Times: user=0,00 sys=0,00, real=0,01 secs] 
62,834: [GC (Allocation Failure) [PSYoungGen: 340032K->96K(326656K)] 341888K->1952K(501760K), 0,0005371 secs] [Times: user=0,01 sys=0,00, real=0,00 secs] 
62,895: [GC (Allocation Failure) [PSYoungGen: 326240K->96K(313344K)] 328096K->1952K(488448K), 0,0005223 secs] [Times: user=0,00 sys=0,00, real=0,00 secs] 
62,953: [GC (Allocation Failure) [PSYoungGen: 312928K->96K(300544K)] 314784K->1952K(475648K), 0,0005219 secs] [Times: user=0,00 sys=0,00, real=0,00 secs] 
63,032: [GC (Allocation Failure) [PSYoungGen: 300128K->32K(360960K)] 301984K->1888K(536064K), 0,0075541 secs] [Times: user=0,01 sys=0,00, real=0,00 secs] 
63,137: [GC (Allocation Failure) [PSYoungGen: 360480K->128K(433152K)] 362336K->1984K(608256K), 0,0011568 secs] [Times: user=0,00 sys=0,00, real=0,00 secs] 
63,223: [GC (Allocation Failure) [PSYoungGen: 432768K->96K(519680K)] 434624K->1952K(694784K), 0,0005103 secs] [Times: user=0,01 sys=0,00, real=0,00 secs] 
63,324: [GC (Allocation Failure) [PSYoungGen: 519264K->32K(623616K)] 521120K->1888K(798720K), 0,0009509 secs] [Times: user=0,01 sys=0,00, real=0,00 secs] 
63,451: [GC (Allocation Failure) [PSYoungGen: 623136K->64K(748544K)] 624992K->1920K(923648K), 0,0005404 secs] [Times: user=0,00 sys=0,00, real=0,00 secs] 
63,595: [GC (Allocation Failure) [PSYoungGen: 748096K->96K(898560K)] 749952K->1952K(1073664K), 0,0005095 secs] [Times: user=0,00 sys=0,00, real=0,00 secs] 
63,767: [GC (Allocation Failure) [PSYoungGen: 898144K->96K(857088K)] 900000K->1952K(1032192K), 0,0005188 secs] [Times: user=0,01 sys=0,00, real=0,00 secs] 
63,928: [GC (Allocation Failure) [PSYoungGen: 856672K->96K(817664K)] 858528K->1952K(992768K), 0,0005227 secs] [Times: user=0,00 sys=0,00, real=0,00 secs] 
64,082: [GC (Allocation Failure) [PSYoungGen: 817248K->96K(780288K)] 819104K->1952K(955392K), 0,0005273 secs] [Times: user=0,00 sys=0,00, real=0,00 secs] 
64,234: [GC (Allocation Failure) [PSYoungGen: 779872K->64K(744448K)] 781728K->1920K(919552K), 0,0005495 secs] [Times: user=0,00 sys=0,00, real=0,00 secs] 
64,378: [GC (Allocation Failure) [PSYoungGen: 744000K->96K(710656K)] 745856K->1952K(885760K), 0,0005295 secs] [Times: user=0,01 sys=0,00, real=0,00 secs] 
64,514: [GC (Allocation Failure) [PSYoungGen: 710240K->96K(678400K)] 712096K->1952K(853504K), 0,0005311 secs] [Times: user=0,00 sys=0,00, real=0,00 secs] 
64,648: [GC (Allocation Failure) [PSYoungGen: 677984K->96K(647680K)] 679840K->1952K(822784K), 0,0005370 secs] [Times: user=0,00 sys=0,00, real=0,00 secs] 
64,781: [GC (Allocation Failure) [PSYoungGen: 647263K->64K(618496K)] 649120K->1920K(793600K), 0,0005387 secs] [Times: user=0,01 sys=0,00, real=0,00 secs] 
64,903: [GC (Allocation Failure) [PSYoungGen: 618048K->96K(590848K)] 619904K->1952K(765952K), 0,0005121 secs] [Times: user=0,01 sys=0,00, real=0,00 secs] 
65,021: [GC (Allocation Failure) [PSYoungGen: 590432K->32K(564736K)] 592288K->1888K(739840K), 0,0010141 secs] [Times: user=0,00 sys=0,00, real=0,00 secs] 
65,136: [GC (Allocation Failure) [PSYoungGen: 564256K->96K(539648K)] 566112K->1952K(714752K), 0,0005242 secs] [Times: user=0,00 sys=0,00, real=0,00 secs] 
65,247: [GC (Allocation Failure) [PSYoungGen: 539232K->96K(516096K)] 541088K->1952K(691200K), 0,0005197 secs] [Times: user=0,01 sys=0,00, real=0,00 secs] 
65,357: [GC (Allocation Failure) [PSYoungGen: 515680K->96K(493568K)] 517536K->1952K(668672K), 0,0005849 secs] [Times: user=0,00 sys=0,00, real=0,00 secs] 
65,450: [GC (Allocation Failure) [PSYoungGen: 493152K->96K(472064K)] 495008K->1952K(647168K), 0,0005131 secs] [Times: user=0,00 sys=0,00, real=0,00 secs] 
65,540: [GC (Allocation Failure) [PSYoungGen: 471648K->96K(451584K)] 473504K->1952K(626688K), 0,0005183 secs] [Times: user=0,00 sys=0,00, real=0,00 secs] 
65,628: [GC (Allocation Failure) [PSYoungGen: 451168K->96K(432128K)] 453024K->1952K(607232K), 0,0005267 secs] [Times: user=0,00 sys=0,00, real=0,00 secs] 
65,725: [GC (Allocation Failure) [PSYoungGen: 431712K->64K(413696K)] 433568K->1920K(588800K), 0,0005148 secs] [Times: user=0,00 sys=0,00, real=0,00 secs] 
65,804: [GC (Allocation Failure) [PSYoungGen: 413247K->96K(396288K)] 415104K->1952K(571392K), 0,0005237 secs] [Times: user=0,00 sys=0,00, real=0,00 secs] 
65,879: [GC (Allocation Failure) [PSYoungGen: 395872K->96K(379392K)] 397728K->1952K(554496K), 0,0005145 secs] [Times: user=0,00 sys=0,00, real=0,00 secs] 
65,951: [GC (Allocation Failure) [PSYoungGen: 378976K->96K(363520K)] 380832K->1952K(538624K), 0,0005256 secs] [Times: user=0,00 sys=0,00, real=0,00 secs] 
66,020: [GC (Allocation Failure) [PSYoungGen: 363104K->96K(348160K)] 364960K->1952K(523264K), 0,0005267 secs] [Times: user=0,01 sys=0,00, real=0,00 secs] 
66,085: [GC (Allocation Failure) [PSYoungGen: 347744K->64K(333824K)] 349600K->1920K(508928K), 0,0005284 secs] [Times: user=0,00 sys=0,00, real=0,00 secs] 
66,149: [GC (Allocation Failure) [PSYoungGen: 333376K->96K(320000K)] 335232K->1952K(495104K), 0,0005211 secs] [Times: user=0,01 sys=0,00, real=0,00 secs] 
66,213: [GC (Allocation Failure) [PSYoungGen: 319584K->96K(307200K)] 321440K->1952K(482304K), 0,0005254 secs] [Times: user=0,00 sys=0,00, real=0,00 secs] 
66,275: [GC (Allocation Failure) [PSYoungGen: 306784K->96K(294912K)] 308640K->1952K(470016K), 0,0006381 secs] [Times: user=0,00 sys=0,00, real=0,00 secs] 
66,334: [GC (Allocation Failure) [PSYoungGen: 294496K->96K(283136K)] 296352K->1952K(458240K), 0,0005143 secs] [Times: user=0,00 sys=0,00, real=0,00 secs] 
66,390: [GC (Allocation Failure) [PSYoungGen: 282720K->96K(271872K)] 284576K->1952K(446976K), 0,0005343 secs] [Times: user=0,00 sys=0,00, real=0,00 secs] 
66,442: [GC (Allocation Failure) [PSYoungGen: 271456K->96K(261120K)] 273312K->1952K(436224K), 0,0005448 secs] [Times: user=0,00 sys=0,00, real=0,00 secs] 
66,492: [GC (Allocation Failure) [PSYoungGen: 260704K->96K(250880K)] 262560K->1952K(425984K), 0,0005514 secs] [Times: user=0,00 sys=0,00, real=0,00 secs] 
66,540: [GC (Allocation Failure) [PSYoungGen: 250463K->96K(241152K)] 252320K->1952K(416256K), 0,0005602 secs] [Times: user=0,00 sys=0,00, real=0,00 secs] 
66,585: [GC (Allocation Failure) [PSYoungGen: 240736K->96K(231936K)] 242592K->1952K(407040K), 0,0005203 secs] [Times: user=0,00 sys=0,00, real=0,00 secs] 
66,629: [GC (Allocation Failure) [PSYoungGen: 231520K->96K(223232K)] 233376K->1952K(398336K), 0,0005169 secs] [Times: user=0,00 sys=0,00, real=0,00 secs] 
66,676: [GC (Allocation Failure) [PSYoungGen: 222816K->96K(215040K)] 224672K->1952K(390144K), 0,0005395 secs] [Times: user=0,00 sys=0,00, real=0,00 secs] 
66,717: [GC (Allocation Failure) [PSYoungGen: 214624K->64K(258048K)] 216480K->1920K(433152K), 0,0005306 secs] [Times: user=0,00 sys=0,00, real=0,00 secs] 
66,768: [GC (Allocation Failure) [PSYoungGen: 257600K->96K(309760K)] 259456K->1952K(484864K), 0,0005655 secs] [Times: user=0,00 sys=0,00, real=0,00 secs] 
66,829: [GC (Allocation Failure) [PSYoungGen: 309344K->96K(297472K)] 311200K->1952K(472576K), 0,0005423 secs] [Times: user=0,00 sys=0,00, real=0,00 secs] 
66,888: [GC (Allocation Failure) [PSYoungGen: 297056K->96K(285696K)] 298912K->1952K(460800K), 0,0005237 secs] [Times: user=0,00 sys=0,00, real=0,00 secs] 
66,943: [GC (Allocation Failure) [PSYoungGen: 285280K->96K(274432K)] 287136K->1952K(449536K), 0,0005178 secs] [Times: user=0,00 sys=0,00, real=0,00 secs] 
66,996: [GC (Allocation Failure) [PSYoungGen: 274016K->96K(263680K)] 275872K->1952K(438784K), 0,0005624 secs] [Times: user=0,00 sys=0,00, real=0,00 secs] 
67,047: [GC (Allocation Failure) [PSYoungGen: 263263K->96K(253440K)] 265120K->1952K(428544K), 0,0004843 secs] [Times: user=0,00 sys=0,00, real=0,00 secs] 
67,102: [GC (Allocation Failure) [PSYoungGen: 253024K->96K(304128K)] 254880K->1952K(479232K), 0,0009153 secs] [Times: user=0,00 sys=0,00, real=0,00 secs] 
67,170: [GC (Allocation Failure) [PSYoungGen: 303712K->96K(291840K)] 305568K->1952K(466944K), 0,0005684 secs] [Times: user=0,00 sys=0,00, real=0,00 secs] 
67,228: [GC (Allocation Failure) [PSYoungGen: 291424K->64K(350208K)] 293280K->1920K(525312K), 0,0007770 secs] [Times: user=0,00 sys=0,00, real=0,00 secs] 
67,296: [GC (Allocation Failure) [PSYoungGen: 349760K->96K(335872K)] 351616K->1952K(510976K), 0,0005181 secs] [Times: user=0,00 sys=0,00, real=0,00 secs] 
67,359: [GC (Allocation Failure) [PSYoungGen: 335456K->96K(322048K)] 337312K->1952K(497152K), 0,0005324 secs] [Times: user=0,00 sys=0,00, real=0,00 secs] 
67,452: [GC (Allocation Failure) [PSYoungGen: 321632K->32K(386560K)] 323488K->1888K(561664K), 0,0028130 secs] [Times: user=0,00 sys=0,00, real=0,00 secs] 
67,552: [GC (Allocation Failure) [PSYoungGen: 386080K->64K(463872K)] 387936K->1920K(638976K), 0,0005944 secs] [Times: user=0,00 sys=0,00, real=0,00 secs] 
67,661: [GC (Allocation Failure) [PSYoungGen: 463424K->32K(556544K)] 465280K->1888K(731648K), 0,0015921 secs] [Times: user=0,00 sys=0,00, real=0,00 secs] 
67,806: [GC (Allocation Failure) [PSYoungGen: 556064K->64K(668160K)] 557920K->1920K(843264K), 0,0010404 secs] [Times: user=0,01 sys=0,00, real=0,00 secs] 
67,958: [GC (Allocation Failure) [PSYoungGen: 667712K->64K(801792K)] 669568K->1920K(976896K), 0,0015839 secs] [Times: user=0,00 sys=0,01, real=0,00 secs] 
68,131: [GC (Allocation Failure) [PSYoungGen: 801344K->96K(764928K)] 803200K->1952K(940032K), 0,0005501 secs] [Times: user=0,00 sys=0,00, real=0,01 secs] 
68,303: [GC (Allocation Failure) [PSYoungGen: 764512K->96K(730112K)] 766368K->1952K(905216K), 0,0008500 secs] [Times: user=0,00 sys=0,00, real=0,00 secs] 
68,455: [GC (Allocation Failure) [PSYoungGen: 729696K->96K(696832K)] 731552K->1952K(871936K), 0,0005911 secs] [Times: user=0,00 sys=0,00, real=0,00 secs] 
68,608: [GC (Allocation Failure) [PSYoungGen: 696416K->32K(665088K)] 698272K->1888K(840192K), 0,0011085 secs] [Times: user=0,00 sys=0,00, real=0,00 secs] 
68,753: [GC (Allocation Failure) [PSYoungGen: 664608K->96K(634880K)] 666464K->1952K(809984K), 0,0005500 secs] [Times: user=0,00 sys=0,00, real=0,00 secs] 
68,878: [GC (Allocation Failure) [PSYoungGen: 634464K->96K(606208K)] 636320K->1952K(781312K), 0,0005886 secs] [Times: user=0,00 sys=0,00, real=0,00 secs] 
68,998: [GC (Allocation Failure) [PSYoungGen: 605792K->96K(579072K)] 607648K->1952K(754176K), 0,0005575 secs] [Times: user=0,00 sys=0,00, real=0,00 secs] 
69,114: [GC (Allocation Failure) [PSYoungGen: 578656K->96K(553472K)] 580512K->1952K(728576K), 0,0005412 secs] [Times: user=0,00 sys=0,00, real=0,00 secs] 
69,234: [GC (Allocation Failure) [PSYoungGen: 553056K->96K(528896K)] 554912K->1952K(704000K), 0,0005605 secs] [Times: user=0,00 sys=0,00, real=0,00 secs] 
69,339: [GC (Allocation Failure) [PSYoungGen: 528480K->96K(505856K)] 530336K->1952K(680960K), 0,0006157 secs] [Times: user=0,00 sys=0,00, real=0,00 secs] 
69,439: [GC (Allocation Failure) [PSYoungGen: 505440K->96K(483840K)] 507296K->1952K(658944K), 0,0005661 secs] [Times: user=0,00 sys=0,00, real=0,00 secs] 
69,564: [GC (Allocation Failure) [PSYoungGen: 483424K->96K(462848K)] 485280K->1952K(637952K), 0,0006012 secs] [Times: user=0,01 sys=0,00, real=0,00 secs] 
69,673: [GC (Allocation Failure) [PSYoungGen: 462432K->64K(442880K)] 464288K->1920K(617984K), 0,0012216 secs] [Times: user=0,00 sys=0,00, real=0,00 secs] 
69,764: [GC (Allocation Failure) [PSYoungGen: 442431K->96K(423936K)] 444288K->1952K(599040K), 0,0005519 secs] [Times: user=0,00 sys=0,00, real=0,00 secs] 
69,853: [GC (Allocation Failure) [PSYoungGen: 423520K->96K(406016K)] 425376K->1952K(581120K), 0,0005605 secs] [Times: user=0,00 sys=0,00, real=0,00 secs] 
69,976: [GC (Allocation Failure) [PSYoungGen: 405600K->32K(487424K)] 407456K->1888K(662528K), 0,0088481 secs] [Times: user=0,00 sys=0,00, real=0,01 secs] 
70,117: [GC (Allocation Failure) [PSYoungGen: 486944K->32K(585216K)] 488800K->1888K(760320K), 0,0011203 secs] [Times: user=0,00 sys=0,00, real=0,00 secs] 
70,236: [GC (Allocation Failure) [PSYoungGen: 584736K->96K(702464K)] 586592K->1952K(877568K), 0,0005563 secs] [Times: user=0,00 sys=0,00, real=0,00 secs] 
70,379: [GC (Allocation Failure) [PSYoungGen: 702048K->96K(843264K)] 703904K->1952K(1018368K), 0,0005819 secs] [Times: user=0,01 sys=0,00, real=0,00 secs] 
70,548: [GC (Allocation Failure) [PSYoungGen: 842848K->96K(804352K)] 844704K->1976K(979456K), 0,0005763 secs] [Times: user=0,01 sys=0,00, real=0,00 secs] 
70,712: [GC (Allocation Failure) [PSYoungGen: 803936K->96K(767488K)] 805816K->1976K(942592K), 0,0005568 secs] [Times: user=0,00 sys=0,00, real=0,00 secs] 
70,861: [GC (Allocation Failure) [PSYoungGen: 767072K->64K(732160K)] 768952K->1944K(907264K), 0,0006570 secs] [Times: user=0,00 sys=0,00, real=0,00 secs] 
71,002: [GC (Allocation Failure) [PSYoungGen: 731712K->32K(698880K)] 733592K->1912K(873984K), 0,0006323 secs] [Times: user=0,00 sys=0,00, real=0,00 secs] 
71,137: [GC (Allocation Failure) [PSYoungGen: 698400K->96K(667136K)] 700280K->1976K(842240K), 0,0005390 secs] [Times: user=0,00 sys=0,00, real=0,00 secs] 
71,272: [GC (Allocation Failure) [PSYoungGen: 666720K->96K(636928K)] 668600K->1976K(812032K), 0,0005509 secs] [Times: user=0,00 sys=0,00, real=0,00 secs] 
71,393: [GC (Allocation Failure) [PSYoungGen: 636512K->96K(608256K)] 638392K->1976K(783360K), 0,0005333 secs] [Times: user=0,00 sys=0,00, real=0,00 secs] 
71,508: [GC (Allocation Failure) [PSYoungGen: 607840K->96K(581120K)] 609720K->1976K(756224K), 0,0005345 secs] [Times: user=0,00 sys=0,00, real=0,00 secs] 
71,617: [GC (Allocation Failure) [PSYoungGen: 580704K->64K(555520K)] 582584K->1944K(730624K), 0,0005350 secs] [Times: user=0,00 sys=0,00, real=0,00 secs] 
71,726: [GC (Allocation Failure) [PSYoungGen: 555072K->96K(530944K)] 556952K->1976K(706048K), 0,0005602 secs] [Times: user=0,00 sys=0,00, real=0,00 secs] 
71,826: [GC (Allocation Failure) [PSYoungGen: 530528K->96K(507392K)] 532408K->1976K(682496K), 0,0005944 secs] [Times: user=0,00 sys=0,00, real=0,00 secs] 
71,922: [GC (Allocation Failure) [PSYoungGen: 506976K->64K(485376K)] 508856K->1944K(660480K), 0,0010684 secs] [Times: user=0,00 sys=0,00, real=0,00 secs] 
72,033: [GC (Allocation Failure) [PSYoungGen: 484928K->32K(582656K)] 486808K->1912K(757760K), 0,0083345 secs] [Times: user=0,00 sys=0,00, real=0,01 secs] 
72,349: [GC (Allocation Failure) [PSYoungGen: 582176K->96K(699392K)] 584056K->1976K(874496K), 0,0005485 secs] [Times: user=0,00 sys=0,00, real=0,00 secs] 
72,538: [GC (Allocation Failure) [PSYoungGen: 698976K->96K(839168K)] 700856K->1976K(1014272K), 0,0005405 secs] [Times: user=0,00 sys=0,00, real=0,00 secs] 
72,833: [GC (Allocation Failure) [PSYoungGen: 838752K->64K(1007104K)] 840632K->1944K(1182208K), 0,0007479 secs] [Times: user=0,00 sys=0,00, real=0,00 secs] 
73,040: [GC (Allocation Failure) [PSYoungGen: 1006656K->96K(960000K)] 1008536K->1976K(1135104K), 0,0005531 secs] [Times: user=0,00 sys=0,00, real=0,00 secs] 
73,241: [GC (Allocation Failure) [PSYoungGen: 959584K->96K(915456K)] 961464K->1976K(1090560K), 0,0005568 secs] [Times: user=0,00 sys=0,00, real=0,00 secs] 
73,425: [GC (Allocation Failure) [PSYoungGen: 915040K->96K(872960K)] 916920K->1976K(1048064K), 0,0006011 secs] [Times: user=0,00 sys=0,00, real=0,00 secs] 
73,598: [GC (Allocation Failure) [PSYoungGen: 872544K->96K(832512K)] 874424K->1976K(1007616K), 0,0005493 secs] [Times: user=0,01 sys=0,00, real=0,00 secs] 
73,768: [GC (Allocation Failure) [PSYoungGen: 832096K->96K(794112K)] 833976K->1976K(969216K), 0,0005462 secs] [Times: user=0,01 sys=0,00, real=0,00 secs] 
73,926: [GC (Allocation Failure) [PSYoungGen: 793696K->96K(757760K)] 795576K->1976K(932864K), 0,0005457 secs] [Times: user=0,00 sys=0,00, real=0,00 secs] 
74,084: [GC (Allocation Failure) [PSYoungGen: 757344K->96K(722944K)] 759224K->1976K(898048K), 0,0005535 secs] [Times: user=0,00 sys=0,01, real=0,00 secs] 
74,237: [GC (Allocation Failure) [PSYoungGen: 722528K->96K(690176K)] 724408K->1976K(865280K), 0,0005632 secs] [Times: user=0,00 sys=0,00, real=0,00 secs] 
74,374: [GC (Allocation Failure) [PSYoungGen: 689760K->96K(658944K)] 691640K->1976K(834048K), 0,0005510 secs] [Times: user=0,00 sys=0,00, real=0,00 secs] 
74,505: [GC (Allocation Failure) [PSYoungGen: 658528K->96K(629248K)] 660408K->1976K(804352K), 0,0005541 secs] [Times: user=0,00 sys=0,00, real=0,00 secs] 
74,640: [GC (Allocation Failure) [PSYoungGen: 628832K->96K(601088K)] 630712K->1976K(776192K), 0,0005743 secs] [Times: user=0,00 sys=0,00, real=0,00 secs] 
74,768: [GC (Allocation Failure) [PSYoungGen: 600672K->96K(574464K)] 602552K->1976K(749568K), 0,0006269 secs] [Times: user=0,00 sys=0,00, real=0,00 secs] 
74,882: [GC (Allocation Failure) [PSYoungGen: 574048K->96K(548864K)] 575928K->1976K(723968K), 0,0005592 secs] [Times: user=0,00 sys=0,00, real=0,00 secs] 
74,989: [GC (Allocation Failure) [PSYoungGen: 548448K->64K(524800K)] 550328K->1944K(699904K), 0,0005471 secs] [Times: user=0,00 sys=0,00, real=0,00 secs] 
75,090: [GC (Allocation Failure) [PSYoungGen: 524352K->96K(501760K)] 526232K->1976K(676864K), 0,0005567 secs] [Times: user=0,00 sys=0,00, real=0,01 secs] 
75,189: [GC (Allocation Failure) [PSYoungGen: 501344K->96K(479744K)] 503224K->1976K(654848K), 0,0005870 secs] [Times: user=0,00 sys=0,00, real=0,00 secs] 
75,317: [GC (Allocation Failure) [PSYoungGen: 479328K->64K(458752K)] 481208K->1944K(633856K), 0,0010338 secs] [Times: user=0,01 sys=0,00, real=0,00 secs] 
75,431: [GC (Allocation Failure) [PSYoungGen: 458304K->96K(438784K)] 460184K->1976K(613888K), 0,0005394 secs] [Times: user=0,00 sys=0,00, real=0,00 secs] 
75,518: [GC (Allocation Failure) [PSYoungGen: 438368K->96K(419840K)] 440248K->1976K(594944K), 0,0005341 secs] [Times: user=0,00 sys=0,00, real=0,00 secs] 
75,608: [GC (Allocation Failure) [PSYoungGen: 419424K->64K(401920K)] 421304K->1944K(577024K), 0,0010245 secs] [Times: user=0,00 sys=0,00, real=0,00 secs] 
75,717: [GC (Allocation Failure) [PSYoungGen: 401472K->96K(385024K)] 403352K->1976K(560128K), 0,0005478 secs] [Times: user=0,00 sys=0,00, real=0,00 secs] 
75,795: [GC (Allocation Failure) [PSYoungGen: 384608K->96K(368640K)] 386488K->1976K(543744K), 0,0005507 secs] [Times: user=0,00 sys=0,01, real=0,00 secs] 
75,888: [GC (Allocation Failure) [PSYoungGen: 368224K->96K(353280K)] 370104K->1976K(528384K), 0,0005433 secs] [Times: user=0,00 sys=0,00, real=0,00 secs] 
75,984: [GC (Allocation Failure) [PSYoungGen: 352863K->96K(338432K)] 354744K->1976K(513536K), 0,0010217 secs] [Times: user=0,01 sys=0,00, real=0,00 secs] 
76,058: [GC (Allocation Failure) [PSYoungGen: 338016K->96K(324608K)] 339896K->1976K(499712K), 0,0005349 secs] [Times: user=0,00 sys=0,00, real=0,00 secs] 
76,121: [GC (Allocation Failure) [PSYoungGen: 324192K->96K(311296K)] 326072K->1976K(486400K), 0,0006305 secs] [Times: user=0,00 sys=0,00, real=0,01 secs] 
76,182: [GC (Allocation Failure) [PSYoungGen: 310880K->96K(298496K)] 312760K->1976K(473600K), 0,0005934 secs] [Times: user=0,00 sys=0,00, real=0,00 secs] 
76,240: [GC (Allocation Failure) [PSYoungGen: 298080K->96K(286720K)] 299960K->1976K(461824K), 0,0005381 secs] [Times: user=0,00 sys=0,00, real=0,00 secs] 
76,298: [GC (Allocation Failure) [PSYoungGen: 286304K->64K(275456K)] 288184K->1944K(450560K), 0,0006596 secs] [Times: user=0,00 sys=0,00, real=0,00 secs] 
76,352: [GC (Allocation Failure) [PSYoungGen: 275008K->96K(264704K)] 276888K->1976K(439808K), 0,0005926 secs] [Times: user=0,00 sys=0,00, real=0,00 secs] 
76,405: [GC (Allocation Failure) [PSYoungGen: 264288K->96K(254464K)] 266168K->1976K(429568K), 0,0005389 secs] [Times: user=0,00 sys=0,00, real=0,00 secs] 
76,457: [GC (Allocation Failure) [PSYoungGen: 254047K->96K(244736K)] 255928K->1976K(419840K), 0,0005828 secs] [Times: user=0,00 sys=0,00, real=0,00 secs] 
76,521: [GC (Allocation Failure) [PSYoungGen: 244320K->96K(235520K)] 246200K->1976K(410624K), 0,0005405 secs] [Times: user=0,00 sys=0,00, real=0,00 secs] 
76,585: [GC (Allocation Failure) [PSYoungGen: 235104K->96K(226816K)] 236984K->1976K(401920K), 0,0005200 secs] [Times: user=0,00 sys=0,00, real=0,00 secs] 
76,644: [GC (Allocation Failure) [PSYoungGen: 226400K->64K(272384K)] 228280K->1944K(447488K), 0,0027501 secs] [Times: user=0,01 sys=0,01, real=0,00 secs] 
76,723: [GC (Allocation Failure) [PSYoungGen: 271936K->96K(327168K)] 273816K->1976K(502272K), 0,0005733 secs] [Times: user=0,00 sys=0,00, real=0,00 secs] 
76,812: [GC (Allocation Failure) [PSYoungGen: 326752K->64K(392704K)] 328632K->1944K(567808K), 0,0016826 secs] [Times: user=0,01 sys=0,00, real=0,00 secs] 
76,917: [GC (Allocation Failure) [PSYoungGen: 392256K->64K(471552K)] 394136K->1944K(646656K), 0,0008951 secs] [Times: user=0,00 sys=0,00, real=0,00 secs] 
77,043: [GC (Allocation Failure) [PSYoungGen: 471104K->96K(565760K)] 472984K->1976K(740864K), 0,0006177 secs] [Times: user=0,01 sys=0,00, real=0,00 secs] 
77,167: [GC (Allocation Failure) [PSYoungGen: 565344K->64K(540672K)] 567224K->1944K(715776K), 0,0005516 secs] [Times: user=0,00 sys=0,00, real=0,00 secs] 
77,280: [GC (Allocation Failure) [PSYoungGen: 540224K->96K(516608K)] 542104K->1976K(691712K), 0,0005566 secs] [Times: user=0,00 sys=0,00, real=0,00 secs] 
77,382: [GC (Allocation Failure) [PSYoungGen: 516192K->96K(494080K)] 518072K->1976K(669184K), 0,0005516 secs] [Times: user=0,00 sys=0,00, real=0,00 secs] 
77,479: [GC (Allocation Failure) [PSYoungGen: 493664K->96K(472576K)] 495544K->1976K(647680K), 0,0005548 secs] [Times: user=0,00 sys=0,00, real=0,00 secs] 
77,572: [GC (Allocation Failure) [PSYoungGen: 472160K->96K(452096K)] 474040K->1976K(627200K), 0,0005774 secs] [Times: user=0,00 sys=0,00, real=0,00 secs] 
77,663: [GC (Allocation Failure) [PSYoungGen: 451680K->96K(432640K)] 453560K->1976K(607744K), 0,0005584 secs] [Times: user=0,00 sys=0,00, real=0,00 secs] 
77,752: [GC (Allocation Failure) [PSYoungGen: 432224K->96K(414208K)] 434104K->1976K(589312K), 0,0005751 secs] [Times: user=0,00 sys=0,00, real=0,00 secs] 
77,838: [GC (Allocation Failure) [PSYoungGen: 413792K->96K(396800K)] 415672K->1976K(571904K), 0,0005947 secs] [Times: user=0,01 sys=0,00, real=0,00 secs] 
77,916: [GC (Allocation Failure) [PSYoungGen: 396384K->96K(379904K)] 398264K->1976K(555008K), 0,0005505 secs] [Times: user=0,00 sys=0,00, real=0,00 secs] 
77,995: [GC (Allocation Failure) [PSYoungGen: 379488K->64K(364032K)] 381368K->1944K(539136K), 0,0005794 secs] [Times: user=0,00 sys=0,00, real=0,00 secs] 
78,067: [GC (Allocation Failure) [PSYoungGen: 363584K->96K(348672K)] 365464K->1976K(523776K), 0,0005555 secs] [Times: user=0,00 sys=0,00, real=0,00 secs] 
78,138: [GC (Allocation Failure) [PSYoungGen: 348256K->64K(334336K)] 350136K->1944K(509440K), 0,0005622 secs] [Times: user=0,00 sys=0,00, real=0,00 secs] 
78,206: [GC (Allocation Failure) [PSYoungGen: 333888K->96K(320512K)] 335768K->1976K(495616K), 0,0005435 secs] [Times: user=0,01 sys=0,00, real=0,00 secs] 
78,269: [GC (Allocation Failure) [PSYoungGen: 320096K->96K(307712K)] 321976K->1976K(482816K), 0,0005566 secs] [Times: user=0,00 sys=0,00, real=0,00 secs] 
78,331: [GC (Allocation Failure) [PSYoungGen: 307296K->96K(295424K)] 309176K->1976K(470528K), 0,0005594 secs] [Times: user=0,00 sys=0,00, real=0,00 secs] 
78,389: [GC (Allocation Failure) [PSYoungGen: 295008K->96K(283648K)] 296888K->1976K(458752K), 0,0005393 secs] [Times: user=0,00 sys=0,00, real=0,00 secs] 
78,444: [GC (Allocation Failure) [PSYoungGen: 283232K->32K(272384K)] 285112K->1912K(447488K), 0,0006023 secs] [Times: user=0,00 sys=0,00, real=0,00 secs] 
78,496: [GC (Allocation Failure) [PSYoungGen: 271904K->96K(261632K)] 273784K->1976K(436736K), 0,0005734 secs] [Times: user=0,00 sys=0,00, real=0,00 secs] 
78,547: [GC (Allocation Failure) [PSYoungGen: 261216K->96K(251392K)] 263096K->1976K(426496K), 0,0005394 secs] [Times: user=0,00 sys=0,00, real=0,00 secs] 
78,596: [GC (Allocation Failure) [PSYoungGen: 250976K->96K(241664K)] 252856K->1976K(416768K), 0,0005379 secs] [Times: user=0,00 sys=0,00, real=0,00 secs] 
78,643: [GC (Allocation Failure) [PSYoungGen: 241248K->96K(232448K)] 243128K->1976K(407552K), 0,0005315 secs] [Times: user=0,01 sys=0,00, real=0,00 secs] 
78,692: [GC (Allocation Failure) [PSYoungGen: 232032K->96K(223744K)] 233912K->1976K(398848K), 0,0006415 secs] [Times: user=0,00 sys=0,00, real=0,00 secs] 
78,736: [GC (Allocation Failure) [PSYoungGen: 223328K->64K(268800K)] 225208K->1944K(443904K), 0,0005728 secs] [Times: user=0,00 sys=0,00, real=0,00 secs] 
78,788: [GC (Allocation Failure) [PSYoungGen: 268352K->96K(322560K)] 270232K->1976K(497664K), 0,0006254 secs] [Times: user=0,00 sys=0,00, real=0,00 secs] 
78,851: [GC (Allocation Failure) [PSYoungGen: 322144K->96K(309248K)] 324024K->1976K(484352K), 0,0005568 secs] [Times: user=0,00 sys=0,00, real=0,00 secs] 
78,910: [GC (Allocation Failure) [PSYoungGen: 308832K->96K(296960K)] 310712K->1976K(472064K), 0,0005440 secs] [Times: user=0,00 sys=0,00, real=0,01 secs] 
78,969: [GC (Allocation Failure) [PSYoungGen: 296544K->96K(285184K)] 298424K->1976K(460288K), 0,0005634 secs] [Times: user=0,00 sys=0,00, real=0,00 secs] 
79,024: [GC (Allocation Failure) [PSYoungGen: 284768K->96K(273920K)] 286648K->1976K(449024K), 0,0005284 secs] [Times: user=0,00 sys=0,00, real=0,00 secs] 
79,076: [GC (Allocation Failure) [PSYoungGen: 273504K->32K(328704K)] 275384K->1912K(503808K), 0,0013222 secs] [Times: user=0,00 sys=0,00, real=0,00 secs] 
79,139: [GC (Allocation Failure) [PSYoungGen: 328224K->96K(394752K)] 330104K->1976K(569856K), 0,0005284 secs] [Times: user=0,00 sys=0,00, real=0,00 secs] 
79,213: [GC (Allocation Failure) [PSYoungGen: 394336K->96K(473600K)] 396216K->1976K(648704K), 0,0005261 secs] [Times: user=0,00 sys=0,00, real=0,00 secs] 
79,303: [GC (Allocation Failure) [PSYoungGen: 473184K->64K(453120K)] 475064K->1944K(628224K), 0,0005685 secs] [Times: user=0,00 sys=0,00, real=0,00 secs] 
79,389: [GC (Allocation Failure) [PSYoungGen: 452672K->96K(433664K)] 454552K->1976K(608768K), 0,0005235 secs] [Times: user=0,01 sys=0,00, real=0,00 secs] 
79,470: [GC (Allocation Failure) [PSYoungGen: 433248K->96K(415232K)] 435128K->1976K(590336K), 0,0005279 secs] [Times: user=0,00 sys=0,00, real=0,01 secs] 
79,548: [GC (Allocation Failure) [PSYoungGen: 414816K->96K(397824K)] 416696K->1976K(572928K), 0,0005628 secs] [Times: user=0,01 sys=0,00, real=0,00 secs] 
79,623: [GC (Allocation Failure) [PSYoungGen: 397408K->96K(380928K)] 399288K->1976K(556032K), 0,0005244 secs] [Times: user=0,00 sys=0,00, real=0,00 secs] 
79,697: [GC (Allocation Failure) [PSYoungGen: 380512K->96K(365056K)] 382392K->1976K(540160K), 0,0005317 secs] [Times: user=0,01 sys=0,00, real=0,00 secs] 
79,768: [GC (Allocation Failure) [PSYoungGen: 364640K->64K(349696K)] 366520K->1944K(524800K), 0,0005377 secs] [Times: user=0,01 sys=0,00, real=0,00 secs] 
79,834: [GC (Allocation Failure) [PSYoungGen: 349248K->96K(335360K)] 351128K->1976K(510464K), 0,0005349 secs] [Times: user=0,00 sys=0,00, real=0,00 secs] 
79,897: [GC (Allocation Failure) [PSYoungGen: 334944K->96K(321536K)] 336824K->1976K(496640K), 0,0005439 secs] [Times: user=0,00 sys=0,00, real=0,00 secs] 
79,958: [GC (Allocation Failure) [PSYoungGen: 321120K->96K(308224K)] 323000K->1976K(483328K), 0,0005547 secs] [Times: user=0,00 sys=0,00, real=0,00 secs] 
80,017: [GC (Allocation Failure) [PSYoungGen: 307808K->64K(295936K)] 309688K->1944K(471040K), 0,0005526 secs] [Times: user=0,00 sys=0,01, real=0,00 secs] 
80,074: [GC (Allocation Failure) [PSYoungGen: 295488K->96K(284160K)] 297368K->1976K(459264K), 0,0005424 secs] [Times: user=0,00 sys=0,00, real=0,00 secs] 
80,137: [GC (Allocation Failure) [PSYoungGen: 283744K->128K(272896K)] 285624K->2008K(448000K), 0,0006638 secs] [Times: user=0,00 sys=0,00, real=0,00 secs] 
80,214: [GC (Allocation Failure) [PSYoungGen: 272512K->32K(327680K)] 274392K->1912K(502784K), 0,0042806 secs] [Times: user=0,00 sys=0,00, real=0,00 secs] 
80,305: [GC (Allocation Failure) [PSYoungGen: 327200K->96K(393216K)] 329080K->1976K(568320K), 0,0005355 secs] [Times: user=0,00 sys=0,00, real=0,00 secs] 
80,392: [GC (Allocation Failure) [PSYoungGen: 392800K->96K(472064K)] 394680K->2000K(647168K), 0,0005450 secs] [Times: user=0,00 sys=0,00, real=0,00 secs] 
80,480: [GC (Allocation Failure) [PSYoungGen: 471648K->96K(566784K)] 473552K->2000K(741888K), 0,0005314 secs] [Times: user=0,00 sys=0,00, real=0,01 secs] 
80,587: [GC (Allocation Failure) [PSYoungGen: 566368K->96K(541696K)] 568272K->2000K(716800K), 0,0005146 secs] [Times: user=0,00 sys=0,00, real=0,00 secs] 
80,693: [GC (Allocation Failure) [PSYoungGen: 541280K->96K(517632K)] 543184K->2000K(692736K), 0,0005374 secs] [Times: user=0,00 sys=0,00, real=0,00 secs] 
80,793: [GC (Allocation Failure) [PSYoungGen: 517216K->96K(495104K)] 519120K->2000K(670208K), 0,0005169 secs] [Times: user=0,00 sys=0,00, real=0,00 secs] 
80,887: [GC (Allocation Failure) [PSYoungGen: 494688K->96K(473600K)] 496592K->2000K(648704K), 0,0005203 secs] [Times: user=0,00 sys=0,00, real=0,00 secs] 
80,977: [GC (Allocation Failure) [PSYoungGen: 473184K->96K(453120K)] 475088K->2000K(628224K), 0,0005216 secs] [Times: user=0,00 sys=0,00, real=0,00 secs] 
81,062: [GC (Allocation Failure) [PSYoungGen: 452704K->64K(433664K)] 454608K->1968K(608768K), 0,0005581 secs] [Times: user=0,00 sys=0,00, real=0,00 secs] 
81,144: [GC (Allocation Failure) [PSYoungGen: 433216K->96K(415232K)] 435120K->2000K(590336K), 0,0005250 secs] [Times: user=0,00 sys=0,00, real=0,00 secs] 
81,222: [GC (Allocation Failure) [PSYoungGen: 414816K->96K(397824K)] 416720K->2000K(572928K), 0,0005464 secs] [Times: user=0,01 sys=0,00, real=0,00 secs] 
81,298: [GC (Allocation Failure) [PSYoungGen: 397408K->96K(380928K)] 399312K->2000K(556032K), 0,0005952 secs] [Times: user=0,00 sys=0,00, real=0,00 secs] 
81,370: [GC (Allocation Failure) [PSYoungGen: 380512K->96K(365056K)] 382416K->2000K(540160K), 0,0005708 secs] [Times: user=0,00 sys=0,00, real=0,00 secs] 
81,439: [GC (Allocation Failure) [PSYoungGen: 364640K->64K(349696K)] 366544K->1968K(524800K), 0,0005894 secs] [Times: user=0,00 sys=0,00, real=0,00 secs] 
81,505: [GC (Allocation Failure) [PSYoungGen: 349248K->96K(335360K)] 351152K->2000K(510464K), 0,0005243 secs] [Times: user=0,00 sys=0,00, real=0,00 secs] 
81,568: [GC (Allocation Failure) [PSYoungGen: 334944K->96K(321536K)] 336848K->2000K(496640K), 0,0005299 secs] [Times: user=0,00 sys=0,00, real=0,00 secs] 
81,629: [GC (Allocation Failure) [PSYoungGen: 321120K->96K(308224K)] 323024K->2000K(483328K), 0,0005260 secs] [Times: user=0,00 sys=0,00, real=0,00 secs] 
81,689: [GC (Allocation Failure) [PSYoungGen: 307808K->96K(295936K)] 309712K->2000K(471040K), 0,0005570 secs] [Times: user=0,00 sys=0,00, real=0,00 secs] 
81,747: [GC (Allocation Failure) [PSYoungGen: 295520K->96K(284160K)] 297424K->2000K(459264K), 0,0005257 secs] [Times: user=0,00 sys=0,01, real=0,00 secs] 
81,802: [GC (Allocation Failure) [PSYoungGen: 283744K->96K(272896K)] 285648K->2000K(448000K), 0,0005471 secs] [Times: user=0,00 sys=0,00, real=0,00 secs] 
81,868: [GC (Allocation Failure) [PSYoungGen: 272480K->96K(262144K)] 274384K->2000K(437248K), 0,0005566 secs] [Times: user=0,00 sys=0,00, real=0,00 secs] 
81,937: [GC (Allocation Failure) [PSYoungGen: 261728K->96K(251904K)] 263632K->2000K(427008K), 0,0005265 secs] [Times: user=0,00 sys=0,00, real=0,00 secs] 
82,002: [GC (Allocation Failure) [PSYoungGen: 251488K->64K(242176K)] 253392K->1968K(417280K), 0,0008926 secs] [Times: user=0,00 sys=0,00, real=0,00 secs] 
82,057: [GC (Allocation Failure) [PSYoungGen: 241728K->96K(232960K)] 243632K->2000K(408064K), 0,0005053 secs] [Times: user=0,00 sys=0,00, real=0,00 secs] 
82,101: [GC (Allocation Failure) [PSYoungGen: 232544K->96K(224256K)] 234448K->2000K(399360K), 0,0005295 secs] [Times: user=0,01 sys=0,00, real=0,00 secs] 
82,144: [GC (Allocation Failure) [PSYoungGen: 223840K->96K(216064K)] 225744K->2000K(391168K), 0,0005337 secs] [Times: user=0,00 sys=0,00, real=0,00 secs] 
82,185: [GC (Allocation Failure) [PSYoungGen: 215647K->96K(259584K)] 217552K->2000K(434688K), 0,0005150 secs] [Times: user=0,00 sys=0,00, real=0,00 secs] 
82,234: [GC (Allocation Failure) [PSYoungGen: 259168K->96K(249344K)] 261072K->2000K(424448K), 0,0005308 secs] [Times: user=0,00 sys=0,00, real=0,00 secs] 
82,282: [GC (Allocation Failure) [PSYoungGen: 248928K->96K(239616K)] 250832K->2000K(414720K), 0,0005189 secs] [Times: user=0,00 sys=0,00, real=0,00 secs] 
82,328: [GC (Allocation Failure) [PSYoungGen: 239200K->64K(287744K)] 241104K->1968K(462848K), 0,0007564 secs] [Times: user=0,00 sys=0,00, real=0,00 secs] 
82,402: [GC (Allocation Failure) [PSYoungGen: 287296K->96K(345600K)] 289200K->2000K(520704K), 0,0012047 secs] [Times: user=0,01 sys=0,00, real=0,00 secs] 
82,491: [GC (Allocation Failure) [PSYoungGen: 345184K->96K(414720K)] 347088K->2000K(589824K), 0,0005233 secs] [Times: user=0,00 sys=0,00, real=0,01 secs] 
82,586: [GC (Allocation Failure) [PSYoungGen: 414304K->96K(397312K)] 416208K->2000K(572416K), 0,0005160 secs] [Times: user=0,00 sys=0,00, real=0,00 secs] 
82,662: [GC (Allocation Failure) [PSYoungGen: 396896K->96K(380416K)] 398800K->2000K(555520K), 0,0005496 secs] [Times: user=0,00 sys=0,01, real=0,00 secs] 
82,737: [GC (Allocation Failure) [PSYoungGen: 380000K->96K(364544K)] 381904K->2000K(539648K), 0,0005172 secs] [Times: user=0,01 sys=0,00, real=0,00 secs] 
82,806: [GC (Allocation Failure) [PSYoungGen: 364128K->96K(349184K)] 366032K->2000K(524288K), 0,0005226 secs] [Times: user=0,00 sys=0,00, real=0,00 secs] 
82,872: [GC (Allocation Failure) [PSYoungGen: 348768K->96K(334848K)] 350672K->2000K(509952K), 0,0005306 secs] [Times: user=0,00 sys=0,00, real=0,00 secs] 
82,935: [GC (Allocation Failure) [PSYoungGen: 334432K->96K(321024K)] 336336K->2000K(496128K), 0,0005333 secs] [Times: user=0,00 sys=0,00, real=0,00 secs] 
82,995: [GC (Allocation Failure) [PSYoungGen: 320608K->96K(308224K)] 322512K->2000K(483328K), 0,0005333 secs] [Times: user=0,01 sys=0,00, real=0,00 secs] 
83,054: [GC (Allocation Failure) [PSYoungGen: 307808K->96K(295936K)] 309712K->2000K(471040K), 0,0005284 secs] [Times: user=0,00 sys=0,00, real=0,00 secs] 
83,111: [GC (Allocation Failure) [PSYoungGen: 295520K->96K(284160K)] 297424K->2000K(459264K), 0,0005741 secs] [Times: user=0,00 sys=0,00, real=0,01 secs] 
83,166: [GC (Allocation Failure) [PSYoungGen: 283744K->96K(272896K)] 285648K->2000K(448000K), 0,0005256 secs] [Times: user=0,00 sys=0,00, real=0,00 secs] 
83,217: [GC (Allocation Failure) [PSYoungGen: 272480K->96K(262144K)] 274384K->2000K(437248K), 0,0005205 secs] [Times: user=0,00 sys=0,00, real=0,00 secs] 
83,267: [GC (Allocation Failure) [PSYoungGen: 261728K->96K(251904K)] 263632K->2000K(427008K), 0,0005290 secs] [Times: user=0,00 sys=0,00, real=0,00 secs] 
83,315: [GC (Allocation Failure) [PSYoungGen: 251488K->96K(242176K)] 253392K->2000K(417280K), 0,0005329 secs] [Times: user=0,00 sys=0,00, real=0,00 secs] 
83,361: [GC (Allocation Failure) [PSYoungGen: 241760K->96K(232960K)] 243664K->2000K(408064K), 0,0005790 secs] [Times: user=0,00 sys=0,00, real=0,00 secs] 
83,406: [GC (Allocation Failure) [PSYoungGen: 232544K->96K(279552K)] 234448K->2000K(454656K), 0,0006811 secs] [Times: user=0,00 sys=0,00, real=0,00 secs] 
83,462: [GC (Allocation Failure) [PSYoungGen: 279136K->96K(335360K)] 281040K->2000K(510464K), 0,0005558 secs] [Times: user=0,01 sys=0,00, real=0,00 secs] 
83,525: [GC (Allocation Failure) [PSYoungGen: 334944K->96K(321536K)] 336848K->2000K(496640K), 0,0005267 secs] [Times: user=0,00 sys=0,00, real=0,00 secs] 
83,586: [GC (Allocation Failure) [PSYoungGen: 321120K->96K(308224K)] 323024K->2000K(483328K), 0,0005225 secs] [Times: user=0,00 sys=0,00, real=0,00 secs] 
83,644: [GC (Allocation Failure) [PSYoungGen: 307808K->96K(295936K)] 309712K->2000K(471040K), 0,0005610 secs] [Times: user=0,00 sys=0,00, real=0,00 secs] 
83,704: [GC (Allocation Failure) [PSYoungGen: 295520K->96K(284160K)] 297424K->2000K(459264K), 0,0005327 secs] [Times: user=0,00 sys=0,00, real=0,00 secs] 
83,758: [GC (Allocation Failure) [PSYoungGen: 283744K->96K(272896K)] 285648K->2000K(448000K), 0,0006094 secs] [Times: user=0,00 sys=0,00, real=0,00 secs] 
83,810: [GC (Allocation Failure) [PSYoungGen: 272480K->96K(262144K)] 274384K->2000K(437248K), 0,0005320 secs] [Times: user=0,01 sys=0,00, real=0,00 secs] 
83,861: [GC (Allocation Failure) [PSYoungGen: 261728K->64K(251904K)] 263632K->1968K(427008K), 0,0005970 secs] [Times: user=0,00 sys=0,00, real=0,00 secs] 
83,909: [GC (Allocation Failure) [PSYoungGen: 251456K->96K(242176K)] 253360K->2000K(417280K), 0,0005290 secs] [Times: user=0,01 sys=0,00, real=0,00 secs] 
83,956: [GC (Allocation Failure) [PSYoungGen: 241760K->96K(232960K)] 243664K->2000K(408064K), 0,0005552 secs] [Times: user=0,00 sys=0,00, real=0,00 secs] 
84,001: [GC (Allocation Failure) [PSYoungGen: 232544K->96K(279552K)] 234448K->2000K(454656K), 0,0005751 secs] [Times: user=0,00 sys=0,00, real=0,01 secs] 
84,054: [GC (Allocation Failure) [PSYoungGen: 279136K->96K(268288K)] 281040K->2000K(443392K), 0,0005469 secs] [Times: user=0,00 sys=0,00, real=0,00 secs] 
84,105: [GC (Allocation Failure) [PSYoungGen: 267872K->96K(322048K)] 269776K->2000K(497152K), 0,0005851 secs] [Times: user=0,00 sys=0,00, real=0,00 secs] 
84,167: [GC (Allocation Failure) [PSYoungGen: 321632K->96K(308736K)] 323536K->2000K(483840K), 0,0005295 secs] [Times: user=0,01 sys=0,00, real=0,00 secs] 
84,226: [GC (Allocation Failure) [PSYoungGen: 308320K->96K(296448K)] 310224K->2000K(471552K), 0,0005969 secs] [Times: user=0,00 sys=0,00, real=0,00 secs] 
84,282: [GC (Allocation Failure) [PSYoungGen: 296032K->96K(284672K)] 297936K->2000K(459776K), 0,0005249 secs] [Times: user=0,00 sys=0,00, real=0,00 secs] 
84,336: [GC (Allocation Failure) [PSYoungGen: 284256K->32K(341504K)] 286160K->1944K(516608K), 0,0008646 secs] [Times: user=0,01 sys=0,00, real=0,00 secs] 
84,401: [GC (Allocation Failure) [PSYoungGen: 341024K->96K(327680K)] 342936K->2008K(502784K), 0,0005611 secs] [Times: user=0,00 sys=0,00, real=0,00 secs] 
84,463: [GC (Allocation Failure) [PSYoungGen: 327264K->96K(314368K)] 329176K->2008K(489472K), 0,0005637 secs] [Times: user=0,00 sys=0,00, real=0,00 secs] 
84,523: [GC (Allocation Failure) [PSYoungGen: 313952K->96K(301568K)] 315864K->2008K(476672K), 0,0005190 secs] [Times: user=0,00 sys=0,00, real=0,00 secs] 
84,580: [GC (Allocation Failure) [PSYoungGen: 301152K->96K(289280K)] 303064K->2008K(464384K), 0,0005278 secs] [Times: user=0,00 sys=0,00, real=0,00 secs] 
84,635: [GC (Allocation Failure) [PSYoungGen: 288863K->96K(278016K)] 290776K->2008K(453120K), 0,0005222 secs] [Times: user=0,01 sys=0,00, real=0,00 secs] 
84,688: [GC (Allocation Failure) [PSYoungGen: 277600K->96K(267264K)] 279512K->2008K(442368K), 0,0005311 secs] [Times: user=0,00 sys=0,00, real=0,00 secs] 
84,740: [GC (Allocation Failure) [PSYoungGen: 266848K->96K(257024K)] 268760K->2008K(432128K), 0,0005689 secs] [Times: user=0,00 sys=0,00, real=0,01 secs] 
84,789: [GC (Allocation Failure) [PSYoungGen: 256608K->32K(247296K)] 258520K->1944K(422400K), 0,0005676 secs] [Times: user=0,00 sys=0,00, real=0,00 secs] 
84,836: [GC (Allocation Failure) [PSYoungGen: 246816K->96K(237568K)] 248728K->2008K(412672K), 0,0005543 secs] [Times: user=0,00 sys=0,00, real=0,00 secs] 
84,881: [GC (Allocation Failure) [PSYoungGen: 237152K->96K(228352K)] 239064K->2008K(403456K), 0,0005232 secs] [Times: user=0,00 sys=0,00, real=0,00 secs] 
84,924: [GC (Allocation Failure) [PSYoungGen: 227936K->96K(273920K)] 229848K->2008K(449024K), 0,0005247 secs] [Times: user=0,00 sys=0,01, real=0,00 secs] 
84,976: [GC (Allocation Failure) [PSYoungGen: 273504K->96K(263168K)] 275416K->2008K(438272K), 0,0005307 secs] [Times: user=0,00 sys=0,00, real=0,00 secs] 
85,026: [GC (Allocation Failure) [PSYoungGen: 262752K->96K(252928K)] 264664K->2008K(428032K), 0,0005358 secs] [Times: user=0,00 sys=0,00, real=0,00 secs] 
85,075: [GC (Allocation Failure) [PSYoungGen: 252512K->96K(243200K)] 254424K->2008K(418304K), 0,0005208 secs] [Times: user=0,00 sys=0,00, real=0,00 secs] 
85,122: [GC (Allocation Failure) [PSYoungGen: 242784K->96K(233984K)] 244696K->2008K(409088K), 0,0005392 secs] [Times: user=0,00 sys=0,00, real=0,00 secs] 
85,167: [GC (Allocation Failure) [PSYoungGen: 233568K->96K(225280K)] 235480K->2008K(400384K), 0,0005270 secs] [Times: user=0,00 sys=0,00, real=0,00 secs] 
85,210: [GC (Allocation Failure) [PSYoungGen: 224864K->96K(270336K)] 226776K->2008K(445440K), 0,0005168 secs] [Times: user=0,01 sys=0,00, real=0,00 secs] 
85,261: [GC (Allocation Failure) [PSYoungGen: 269920K->96K(259584K)] 271832K->2008K(434688K), 0,0005213 secs] [Times: user=0,00 sys=0,00, real=0,00 secs] 
85,311: [GC (Allocation Failure) [PSYoungGen: 259168K->96K(249344K)] 261080K->2008K(424448K), 0,0005481 secs] [Times: user=0,00 sys=0,00, real=0,00 secs] 
85,358: [GC (Allocation Failure) [PSYoungGen: 248928K->96K(239616K)] 250840K->2008K(414720K), 0,0005262 secs] [Times: user=0,00 sys=0,00, real=0,00 secs] 
85,404: [GC (Allocation Failure) [PSYoungGen: 239200K->96K(230400K)] 241112K->2008K(405504K), 0,0005307 secs] [Times: user=0,00 sys=0,00, real=0,00 secs] 
85,448: [GC (Allocation Failure) [PSYoungGen: 229984K->96K(276480K)] 231896K->2008K(451584K), 0,0005621 secs] [Times: user=0,01 sys=0,00, real=0,00 secs] 
85,501: [GC (Allocation Failure) [PSYoungGen: 276064K->96K(331776K)] 277976K->2008K(506880K), 0,0005647 secs] [Times: user=0,00 sys=0,00, real=0,00 secs] 
85,564: [GC (Allocation Failure) [PSYoungGen: 331360K->96K(317952K)] 333272K->2008K(493056K), 0,0005497 secs] [Times: user=0,00 sys=0,00, real=0,00 secs] 
85,624: [GC (Allocation Failure) [PSYoungGen: 317536K->64K(305152K)] 319448K->1976K(480256K), 0,0005953 secs] [Times: user=0,00 sys=0,00, real=0,00 secs] 
85,682: [GC (Allocation Failure) [PSYoungGen: 304704K->96K(292864K)] 306616K->2008K(467968K), 0,0005640 secs] [Times: user=0,00 sys=0,00, real=0,00 secs] 
85,739: [GC (Allocation Failure) [PSYoungGen: 292448K->96K(281088K)] 294360K->2008K(456192K), 0,0005351 secs] [Times: user=0,00 sys=0,00, real=0,00 secs] 
85,793: [GC (Allocation Failure) [PSYoungGen: 280672K->96K(269824K)] 282584K->2008K(444928K), 0,0005222 secs] [Times: user=0,00 sys=0,00, real=0,00 secs] 
85,844: [GC (Allocation Failure) [PSYoungGen: 269408K->64K(259072K)] 271320K->1976K(434176K), 0,0005289 secs] [Times: user=0,00 sys=0,00, real=0,00 secs] 
85,893: [GC (Allocation Failure) [PSYoungGen: 258624K->64K(310784K)] 260536K->1976K(485888K), 0,0010320 secs] [Times: user=0,00 sys=0,00, real=0,00 secs] 
85,952: [GC (Allocation Failure) [PSYoungGen: 310336K->64K(373248K)] 312248K->1976K(548352K), 0,0007375 secs] [Times: user=0,00 sys=0,00, real=0,00 secs] 
86,023: [GC (Allocation Failure) [PSYoungGen: 372800K->96K(448000K)] 374712K->2008K(623104K), 0,0005289 secs] [Times: user=0,00 sys=0,00, real=0,00 secs] 
86,107: [GC (Allocation Failure) [PSYoungGen: 447584K->96K(428544K)] 449496K->2008K(603648K), 0,0005365 secs] [Times: user=0,00 sys=0,00, real=0,00 secs] 
86,188: [GC (Allocation Failure) [PSYoungGen: 428128K->96K(410112K)] 430040K->2008K(585216K), 0,0005162 secs] [Times: user=0,00 sys=0,00, real=0,00 secs] 
86,266: [GC (Allocation Failure) [PSYoungGen: 409696K->96K(392704K)] 411608K->2008K(567808K), 0,0005190 secs] [Times: user=0,00 sys=0,00, real=0,00 secs] 
86,340: [GC (Allocation Failure) [PSYoungGen: 392288K->96K(376320K)] 394200K->2008K(551424K), 0,0005214 secs] [Times: user=0,00 sys=0,00, real=0,01 secs] 
86,411: [GC (Allocation Failure) [PSYoungGen: 375904K->64K(360448K)] 377816K->1976K(535552K), 0,0005363 secs] [Times: user=0,00 sys=0,00, real=0,00 secs] 
86,480: [GC (Allocation Failure) [PSYoungGen: 360000K->96K(345600K)] 361912K->2008K(520704K), 0,0005185 secs] [Times: user=0,00 sys=0,00, real=0,00 secs] 
86,545: [GC (Allocation Failure) [PSYoungGen: 345184K->96K(331264K)] 347096K->2008K(506368K), 0,0005245 secs] [Times: user=0,00 sys=0,00, real=0,00 secs] 
86,607: [GC (Allocation Failure) [PSYoungGen: 330847K->96K(317952K)] 332760K->2008K(493056K), 0,0005214 secs] [Times: user=0,00 sys=0,00, real=0,00 secs] 
86,667: [GC (Allocation Failure) [PSYoungGen: 317536K->96K(305152K)] 319448K->2008K(480256K), 0,0006196 secs] [Times: user=0,00 sys=0,00, real=0,00 secs] 
86,727: [GC (Allocation Failure) [PSYoungGen: 304736K->96K(292864K)] 306648K->2008K(467968K), 0,0005264 secs] [Times: user=0,00 sys=0,00, real=0,00 secs] 
86,783: [GC (Allocation Failure) [PSYoungGen: 292448K->96K(281088K)] 294360K->2008K(456192K), 0,0005284 secs] [Times: user=0,00 sys=0,00, real=0,00 secs] 
86,836: [GC (Allocation Failure) [PSYoungGen: 280672K->96K(269824K)] 282584K->2008K(444928K), 0,0005197 secs] [Times: user=0,00 sys=0,00, real=0,00 secs] 
86,887: [GC (Allocation Failure) [PSYoungGen: 269408K->96K(259072K)] 271320K->2008K(434176K), 0,0005727 secs] [Times: user=0,00 sys=0,00, real=0,00 secs] 
86,936: [GC (Allocation Failure) [PSYoungGen: 258656K->96K(248832K)] 260568K->2008K(423936K), 0,0004782 secs] [Times: user=0,00 sys=0,00, real=0,00 secs] 
86,984: [GC (Allocation Failure) [PSYoungGen: 248416K->96K(239104K)] 250328K->2008K(414208K), 0,0005143 secs] [Times: user=0,00 sys=0,00, real=0,00 secs] 
87,029: [GC (Allocation Failure) [PSYoungGen: 238688K->96K(229888K)] 240600K->2008K(404992K), 0,0005478 secs] [Times: user=0,00 sys=0,00, real=0,00 secs] 
87,073: [GC (Allocation Failure) [PSYoungGen: 229472K->128K(221184K)] 231384K->2040K(396288K), 0,0004989 secs] [Times: user=0,00 sys=0,00, real=0,00 secs] 
87,115: [GC (Allocation Failure) [PSYoungGen: 220800K->96K(265728K)] 222712K->2008K(440832K), 0,0005623 secs] [Times: user=0,00 sys=0,00, real=0,00 secs] 
87,165: [GC (Allocation Failure) [PSYoungGen: 265312K->96K(255488K)] 267224K->2008K(430592K), 0,0005177 secs] [Times: user=0,00 sys=0,00, real=0,00 secs] 
87,213: [GC (Allocation Failure) [PSYoungGen: 255072K->96K(245760K)] 256984K->2008K(420864K), 0,0005300 secs] [Times: user=0,00 sys=0,00, real=0,00 secs] 
87,260: [GC (Allocation Failure) [PSYoungGen: 245344K->96K(236544K)] 247256K->2008K(411648K), 0,0005218 secs] [Times: user=0,00 sys=0,00, real=0,01 secs] 
87,305: [GC (Allocation Failure) [PSYoungGen: 236128K->96K(284160K)] 238040K->2008K(459264K), 0,0005188 secs] [Times: user=0,00 sys=0,00, real=0,00 secs] 
87,359: [GC (Allocation Failure) [PSYoungGen: 283744K->96K(272896K)] 285656K->2008K(448000K), 0,0005710 secs] [Times: user=0,00 sys=0,01, real=0,00 secs] 
87,411: [GC (Allocation Failure) [PSYoungGen: 272480K->96K(262144K)] 274392K->2008K(437248K), 0,0005627 secs] [Times: user=0,00 sys=0,00, real=0,00 secs] 
87,461: [GC (Allocation Failure) [PSYoungGen: 261728K->96K(314880K)] 263640K->2008K(489984K), 0,0005590 secs] [Times: user=0,00 sys=0,00, real=0,01 secs] 
87,520: [GC (Allocation Failure) [PSYoungGen: 314464K->96K(302080K)] 316376K->2008K(477184K), 0,0005386 secs] [Times: user=0,00 sys=0,00, real=0,00 secs] 
87,577: [GC (Allocation Failure) [PSYoungGen: 301664K->96K(289792K)] 303576K->2008K(464896K), 0,0006298 secs] [Times: user=0,00 sys=0,00, real=0,00 secs] 
87,632: [GC (Allocation Failure) [PSYoungGen: 289376K->96K(278016K)] 291288K->2008K(453120K), 0,0005095 secs] [Times: user=0,00 sys=0,00, real=0,00 secs] 
87,684: [GC (Allocation Failure) [PSYoungGen: 277600K->96K(267264K)] 279512K->2008K(442368K), 0,0005204 secs] [Times: user=0,00 sys=0,00, real=0,00 secs] 
87,737: [GC (Allocation Failure) [PSYoungGen: 266847K->96K(257024K)] 268760K->2008K(432128K), 0,0005316 secs] [Times: user=0,00 sys=0,00, real=0,00 secs] 
87,789: [GC (Allocation Failure) [PSYoungGen: 256608K->64K(247296K)] 258520K->1976K(422400K), 0,0005535 secs] [Times: user=0,00 sys=0,00, real=0,00 secs] 
87,836: [GC (Allocation Failure) [PSYoungGen: 246847K->96K(237568K)] 248760K->2008K(412672K), 0,0005190 secs] [Times: user=0,00 sys=0,00, real=0,00 secs] 
87,882: [GC (Allocation Failure) [PSYoungGen: 237152K->96K(228352K)] 239064K->2008K(403456K), 0,0005217 secs] [Times: user=0,00 sys=0,00, real=0,00 secs] 
87,928: [GC (Allocation Failure) [PSYoungGen: 227936K->96K(219648K)] 229848K->2008K(394752K), 0,0006055 secs] [Times: user=0,00 sys=0,00, real=0,00 secs] 
87,971: [GC (Allocation Failure) [PSYoungGen: 219232K->96K(263680K)] 221144K->2008K(438784K), 0,0005595 secs] [Times: user=0,00 sys=0,00, real=0,00 secs] 
88,021: [GC (Allocation Failure) [PSYoungGen: 263264K->96K(316416K)] 265176K->2008K(491520K), 0,0005228 secs] [Times: user=0,00 sys=0,00, real=0,00 secs] 
88,081: [GC (Allocation Failure) [PSYoungGen: 316000K->96K(303616K)] 317912K->2008K(478720K), 0,0005298 secs] [Times: user=0,00 sys=0,00, real=0,00 secs] 
88,138: [GC (Allocation Failure) [PSYoungGen: 303200K->64K(291328K)] 305112K->1976K(466432K), 0,0006027 secs] [Times: user=0,00 sys=0,00, real=0,00 secs] 
88,193: [GC (Allocation Failure) [PSYoungGen: 290880K->96K(279552K)] 292792K->2008K(454656K), 0,0005126 secs] [Times: user=0,00 sys=0,00, real=0,00 secs] 
88,246: [GC (Allocation Failure) [PSYoungGen: 279136K->96K(268288K)] 281048K->2008K(443392K), 0,0005218 secs] [Times: user=0,00 sys=0,00, real=0,00 secs] 
88,297: [GC (Allocation Failure) [PSYoungGen: 267872K->96K(257536K)] 269784K->2008K(432640K), 0,0005075 secs] [Times: user=0,00 sys=0,00, real=0,00 secs] 
88,346: [GC (Allocation Failure) [PSYoungGen: 257120K->96K(247296K)] 259032K->2008K(422400K), 0,0005136 secs] [Times: user=0,00 sys=0,00, real=0,00 secs] 
88,392: [GC (Allocation Failure) [PSYoungGen: 246879K->96K(237568K)] 248792K->2008K(412672K), 0,0005015 secs] [Times: user=0,00 sys=0,00, real=0,00 secs] 
88,437: [GC (Allocation Failure) [PSYoungGen: 237152K->96K(228352K)] 239064K->2008K(403456K), 0,0005379 secs] [Times: user=0,00 sys=0,00, real=0,00 secs] 
88,480: [GC (Allocation Failure) [PSYoungGen: 227936K->96K(219648K)] 229848K->2008K(394752K), 0,0005098 secs] [Times: user=0,00 sys=0,00, real=0,01 secs] 
88,522: [GC (Allocation Failure) [PSYoungGen: 219232K->96K(263680K)] 221144K->2008K(438784K), 0,0005382 secs] [Times: user=0,00 sys=0,00, real=0,00 secs] 
88,572: [GC (Allocation Failure) [PSYoungGen: 263264K->96K(316416K)] 265176K->2008K(491520K), 0,0005169 secs] [Times: user=0,00 sys=0,00, real=0,00 secs] 
88,632: [GC (Allocation Failure) [PSYoungGen: 316000K->96K(303616K)] 317912K->2008K(478720K), 0,0005294 secs] [Times: user=0,00 sys=0,00, real=0,00 secs] 
88,689: [GC (Allocation Failure) [PSYoungGen: 303200K->96K(291328K)] 305112K->2008K(466432K), 0,0005140 secs] [Times: user=0,00 sys=0,00, real=0,00 secs] 
88,746: [GC (Allocation Failure) [PSYoungGen: 290912K->96K(279552K)] 292824K->2008K(454656K), 0,0005213 secs] [Times: user=0,00 sys=0,00, real=0,00 secs] 
88,800: [GC (Allocation Failure) [PSYoungGen: 279136K->96K(268288K)] 281048K->2008K(443392K), 0,0005218 secs] [Times: user=0,00 sys=0,00, real=0,00 secs] 
88,850: [GC (Allocation Failure) [PSYoungGen: 267872K->96K(257536K)] 269784K->2008K(432640K), 0,0005032 secs] [Times: user=0,00 sys=0,00, real=0,01 secs] 
88,898: [GC (Allocation Failure) [PSYoungGen: 257120K->96K(247296K)] 259032K->2008K(422400K), 0,0005263 secs] [Times: user=0,00 sys=0,00, real=0,00 secs] 
88,944: [GC (Allocation Failure) [PSYoungGen: 246880K->96K(237568K)] 248792K->2008K(412672K), 0,0005433 secs] [Times: user=0,00 sys=0,00, real=0,00 secs] 
88,988: [GC (Allocation Failure) [PSYoungGen: 237152K->96K(228352K)] 239064K->2008K(403456K), 0,0005050 secs] [Times: user=0,00 sys=0,00, real=0,00 secs] 
89,031: [GC (Allocation Failure) [PSYoungGen: 227936K->96K(219648K)] 229848K->2008K(394752K), 0,0005067 secs] [Times: user=0,00 sys=0,00, real=0,00 secs] 
89,073: [GC (Allocation Failure) [PSYoungGen: 219232K->64K(263680K)] 221144K->1976K(438784K), 0,0007012 secs] [Times: user=0,00 sys=0,00, real=0,00 secs] 
89,123: [GC (Allocation Failure) [PSYoungGen: 263232K->96K(316416K)] 265144K->2008K(491520K), 0,0005054 secs] [Times: user=0,00 sys=0,00, real=0,00 secs] 
89,202: [GC (Allocation Failure) [PSYoungGen: 316000K->32K(379904K)] 317912K->1944K(555008K), 0,0013598 secs] [Times: user=0,00 sys=0,00, real=0,00 secs] 
89,304: [GC (Allocation Failure) [PSYoungGen: 379424K->64K(456192K)] 381336K->1976K(631296K), 0,0009780 secs] [Times: user=0,01 sys=0,00, real=0,00 secs] 
89,393: [GC (Allocation Failure) [PSYoungGen: 455744K->96K(436736K)] 457656K->2008K(611840K), 0,0005098 secs] [Times: user=0,00 sys=0,00, real=0,00 secs] 
89,474: [GC (Allocation Failure) [PSYoungGen: 436320K->96K(417792K)] 438232K->2008K(592896K), 0,0005472 secs] [Times: user=0,00 sys=0,00, real=0,00 secs] 
89,552: [GC (Allocation Failure) [PSYoungGen: 417376K->96K(399872K)] 419288K->2008K(574976K), 0,0005130 secs] [Times: user=0,00 sys=0,00, real=0,00 secs] 
89,627: [GC (Allocation Failure) [PSYoungGen: 399456K->96K(382976K)] 401368K->2008K(558080K), 0,0005034 secs] [Times: user=0,00 sys=0,00, real=0,00 secs] 
89,701: [GC (Allocation Failure) [PSYoungGen: 382560K->96K(367104K)] 384472K->2008K(542208K), 0,0005095 secs] [Times: user=0,00 sys=0,00, real=0,00 secs] 
89,770: [GC (Allocation Failure) [PSYoungGen: 366688K->96K(351744K)] 368600K->2008K(526848K), 0,0005120 secs] [Times: user=0,00 sys=0,00, real=0,00 secs] 
89,836: [GC (Allocation Failure) [PSYoungGen: 351328K->96K(337408K)] 353240K->2008K(512512K), 0,0005048 secs] [Times: user=0,01 sys=0,00, real=0,00 secs] 
89,898: [GC (Allocation Failure) [PSYoungGen: 336992K->64K(323584K)] 338904K->1976K(498688K), 0,0005477 secs] [Times: user=0,00 sys=0,00, real=0,00 secs] 
89,968: [GC (Allocation Failure) [PSYoungGen: 323136K->64K(388608K)] 325048K->1976K(563712K), 0,0017938 secs] [Times: user=0,01 sys=0,00, real=0,00 secs] 
90,076: [GC (Allocation Failure) [PSYoungGen: 388160K->96K(372224K)] 390072K->2008K(547328K), 0,0005096 secs] [Times: user=0,00 sys=0,00, real=0,00 secs] 
90,163: [GC (Allocation Failure) [PSYoungGen: 371808K->96K(356864K)] 373720K->2008K(531968K), 0,0005642 secs] [Times: user=0,00 sys=0,00, real=0,00 secs] 
90,231: [GC (Allocation Failure) [PSYoungGen: 356448K->96K(342016K)] 358360K->2008K(517120K), 0,0005330 secs] [Times: user=0,00 sys=0,00, real=0,01 secs] 
90,303: [GC (Allocation Failure) [PSYoungGen: 341600K->96K(328192K)] 343512K->2008K(503296K), 0,0006999 secs] [Times: user=0,00 sys=0,00, real=0,00 secs] 
90,393: [GC (Allocation Failure) [PSYoungGen: 327776K->96K(314880K)] 329688K->2032K(489984K), 0,0005347 secs] [Times: user=0,00 sys=0,00, real=0,00 secs] 
90,468: [GC (Allocation Failure) [PSYoungGen: 314464K->96K(302080K)] 316400K->2032K(477184K), 0,0005440 secs] [Times: user=0,00 sys=0,00, real=0,00 secs] 
90,529: [GC (Allocation Failure) [PSYoungGen: 301664K->96K(289792K)] 303600K->2032K(464896K), 0,0005553 secs] [Times: user=0,00 sys=0,00, real=0,00 secs] 
90,586: [GC (Allocation Failure) [PSYoungGen: 289376K->96K(278016K)] 291312K->2032K(453120K), 0,0009118 secs] [Times: user=0,00 sys=0,00, real=0,00 secs] 
90,646: [GC (Allocation Failure) [PSYoungGen: 277600K->64K(333824K)] 279536K->2000K(508928K), 0,0030764 secs] [Times: user=0,01 sys=0,00, real=0,00 secs] 
90,754: [GC (Allocation Failure) [PSYoungGen: 333376K->64K(400896K)] 335312K->2000K(576000K), 0,0017791 secs] [Times: user=0,00 sys=0,00, real=0,00 secs] 
90,850: [GC (Allocation Failure) [PSYoungGen: 400448K->96K(481280K)] 402384K->2032K(656384K), 0,0006316 secs] [Times: user=0,01 sys=0,00, real=0,00 secs] 
90,944: [GC (Allocation Failure) [PSYoungGen: 480864K->96K(577536K)] 482800K->2032K(752640K), 0,0005966 secs] [Times: user=0,00 sys=0,00, real=0,00 secs] 
91,067: [GC (Allocation Failure) [PSYoungGen: 577120K->96K(693248K)] 579056K->2032K(868352K), 0,0005312 secs] [Times: user=0,00 sys=0,00, real=0,00 secs] 
91,208: [GC (Allocation Failure) [PSYoungGen: 692832K->64K(662016K)] 694768K->2000K(837120K), 0,0010429 secs] [Times: user=0,00 sys=0,00, real=0,00 secs] 
91,362: [GC (Allocation Failure) [PSYoungGen: 661568K->96K(632320K)] 663504K->2032K(807424K), 0,0005686 secs] [Times: user=0,00 sys=0,00, real=0,00 secs] 
91,496: [GC (Allocation Failure) [PSYoungGen: 631904K->96K(604160K)] 633840K->2032K(779264K), 0,0011025 secs] [Times: user=0,00 sys=0,00, real=0,00 secs] 
91,620: [GC (Allocation Failure) [PSYoungGen: 603744K->64K(577024K)] 605680K->2000K(752128K), 0,0009402 secs] [Times: user=0,00 sys=0,00, real=0,00 secs] 
91,743: [GC (Allocation Failure) [PSYoungGen: 576576K->64K(551424K)] 578512K->2000K(726528K), 0,0010990 secs] [Times: user=0,00 sys=0,00, real=0,00 secs] 
91,857: [GC (Allocation Failure) [PSYoungGen: 550976K->96K(526848K)] 552912K->2032K(701952K), 0,0005303 secs] [Times: user=0,00 sys=0,00, real=0,00 secs] 
91,972: [GC (Allocation Failure) [PSYoungGen: 526432K->96K(503808K)] 528368K->2032K(678912K), 0,0005560 secs] [Times: user=0,00 sys=0,00, real=0,00 secs] 
92,078: [GC (Allocation Failure) [PSYoungGen: 503392K->96K(481792K)] 505328K->2032K(656896K), 0,0005731 secs] [Times: user=0,01 sys=0,00, real=0,00 secs] 
92,182: [GC (Allocation Failure) [PSYoungGen: 481376K->96K(460800K)] 483312K->2032K(635904K), 0,0005375 secs] [Times: user=0,00 sys=0,00, real=0,00 secs] 
92,280: [GC (Allocation Failure) [PSYoungGen: 460384K->96K(440832K)] 462320K->2032K(615936K), 0,0006309 secs] [Times: user=0,01 sys=0,00, real=0,01 secs] 
92,394: [GC (Allocation Failure) [PSYoungGen: 440416K->64K(421888K)] 442352K->2000K(596992K), 0,0008763 secs] [Times: user=0,01 sys=0,00, real=0,00 secs] 
92,483: [GC (Allocation Failure) [PSYoungGen: 421440K->64K(403968K)] 423376K->2000K(579072K), 0,0011270 secs] [Times: user=0,01 sys=0,00, real=0,00 secs] 
92,579: [GC (Allocation Failure) [PSYoungGen: 403520K->64K(484864K)] 405456K->2000K(659968K), 0,0043540 secs] [Times: user=0,01 sys=0,00, real=0,01 secs] 
92,695: [GC (Allocation Failure) [PSYoungGen: 484416K->96K(463872K)] 486352K->2032K(638976K), 0,0005813 secs] [Times: user=0,00 sys=0,00, real=0,00 secs] 
92,801: [GC (Allocation Failure) [PSYoungGen: 463456K->96K(443904K)] 465392K->2032K(619008K), 0,0005420 secs] [Times: user=0,00 sys=0,00, real=0,00 secs] 
92,904: [GC (Allocation Failure) [PSYoungGen: 443488K->96K(424960K)] 445424K->2032K(600064K), 0,0005788 secs] [Times: user=0,00 sys=0,00, real=0,00 secs] 
92,996: [GC (Allocation Failure) [PSYoungGen: 424544K->96K(407040K)] 426480K->2032K(582144K), 0,0005661 secs] [Times: user=0,00 sys=0,00, real=0,00 secs] 
93,080: [GC (Allocation Failure) [PSYoungGen: 406624K->96K(389632K)] 408560K->2032K(564736K), 0,0005654 secs] [Times: user=0,01 sys=0,00, real=0,00 secs] 
93,164: [GC (Allocation Failure) [PSYoungGen: 389216K->64K(373248K)] 391152K->2000K(548352K), 0,0008407 secs] [Times: user=0,00 sys=0,00, real=0,00 secs] 
93,245: [GC (Allocation Failure) [PSYoungGen: 372800K->96K(357888K)] 374736K->2032K(532992K), 0,0005664 secs] [Times: user=0,00 sys=0,00, real=0,00 secs] 
93,325: [GC (Allocation Failure) [PSYoungGen: 357472K->96K(343040K)] 359408K->2032K(518144K), 0,0005937 secs] [Times: user=0,00 sys=0,00, real=0,00 secs] 
93,400: [GC (Allocation Failure) [PSYoungGen: 342624K->64K(328704K)] 344560K->2000K(503808K), 0,0005823 secs] [Times: user=0,00 sys=0,00, real=0,00 secs] 
93,472: [GC (Allocation Failure) [PSYoungGen: 328256K->96K(315392K)] 330192K->2032K(490496K), 0,0005603 secs] [Times: user=0,00 sys=0,00, real=0,00 secs] 
93,537: [GC (Allocation Failure) [PSYoungGen: 314976K->96K(302592K)] 316912K->2032K(477696K), 0,0005674 secs] [Times: user=0,00 sys=0,00, real=0,00 secs] 
93,598: [GC (Allocation Failure) [PSYoungGen: 302176K->64K(290304K)] 304112K->2000K(465408K), 0,0006862 secs] [Times: user=0,00 sys=0,00, real=0,00 secs] 
93,660: [GC (Allocation Failure) [PSYoungGen: 289856K->96K(278528K)] 291792K->2032K(453632K), 0,0005582 secs] [Times: user=0,00 sys=0,00, real=0,00 secs] 
93,724: [GC (Allocation Failure) [PSYoungGen: 278112K->96K(267776K)] 280048K->2032K(442880K), 0,0005678 secs] [Times: user=0,00 sys=0,00, real=0,00 secs] 
93,781: [GC (Allocation Failure) [PSYoungGen: 267360K->96K(257536K)] 269296K->2032K(432640K), 0,0005833 secs] [Times: user=0,00 sys=0,00, real=0,00 secs] 
93,842: [GC (Allocation Failure) [PSYoungGen: 257120K->96K(247296K)] 259056K->2032K(422400K), 0,0005965 secs] [Times: user=0,00 sys=0,00, real=0,00 secs] 
93,896: [GC (Allocation Failure) [PSYoungGen: 246880K->96K(237568K)] 248816K->2032K(412672K), 0,0005574 secs] [Times: user=0,00 sys=0,00, real=0,00 secs] 
93,948: [GC (Allocation Failure) [PSYoungGen: 237152K->96K(228352K)] 239088K->2032K(403456K), 0,0005660 secs] [Times: user=0,00 sys=0,00, real=0,00 secs] 
93,996: [GC (Allocation Failure) [PSYoungGen: 227936K->96K(219648K)] 229872K->2032K(394752K), 0,0005748 secs] [Times: user=0,00 sys=0,00, real=0,00 secs] 
94,046: [GC (Allocation Failure) [PSYoungGen: 219232K->96K(211456K)] 221168K->2032K(386560K), 0,0005734 secs] [Times: user=0,00 sys=0,00, real=0,00 secs] 
94,092: [GC (Allocation Failure) [PSYoungGen: 211040K->96K(203776K)] 212976K->2032K(378880K), 0,0005628 secs] [Times: user=0,00 sys=0,00, real=0,00 secs] 
94,136: [GC (Allocation Failure) [PSYoungGen: 203360K->96K(244736K)] 205296K->2032K(419840K), 0,0005670 secs] [Times: user=0,00 sys=0,00, real=0,00 secs] 
94,189: [GC (Allocation Failure) [PSYoungGen: 244320K->96K(293888K)] 246256K->2032K(468992K), 0,0005349 secs] [Times: user=0,00 sys=0,00, real=0,00 secs] 
94,250: [GC (Allocation Failure) [PSYoungGen: 293472K->64K(282112K)] 295408K->2000K(457216K), 0,0005750 secs] [Times: user=0,00 sys=0,00, real=0,00 secs] 
94,312: [GC (Allocation Failure) [PSYoungGen: 281664K->96K(270848K)] 283600K->2032K(445952K), 0,0005567 secs] [Times: user=0,01 sys=0,00, real=0,00 secs] 
94,369: [GC (Allocation Failure) [PSYoungGen: 270432K->96K(260096K)] 272368K->2032K(435200K), 0,0005499 secs] [Times: user=0,00 sys=0,00, real=0,00 secs] 
94,428: [GC (Allocation Failure) [PSYoungGen: 259680K->64K(249856K)] 261616K->2000K(424960K), 0,0006067 secs] [Times: user=0,00 sys=0,00, real=0,00 secs] 
94,479: [GC (Allocation Failure) [PSYoungGen: 249408K->96K(240128K)] 251344K->2032K(415232K), 0,0005527 secs] [Times: user=0,00 sys=0,00, real=0,00 secs] 
94,530: [GC (Allocation Failure) [PSYoungGen: 239712K->96K(230912K)] 241648K->2032K(406016K), 0,0005421 secs] [Times: user=0,00 sys=0,00, real=0,00 secs] 
94,576: [GC (Allocation Failure) [PSYoungGen: 230496K->96K(222208K)] 232432K->2032K(397312K), 0,0005500 secs] [Times: user=0,00 sys=0,00, real=0,00 secs] 
94,620: [GC (Allocation Failure) [PSYoungGen: 221792K->96K(266752K)] 223728K->2032K(441856K), 0,0005414 secs] [Times: user=0,00 sys=0,00, real=0,01 secs] 
94,674: [GC (Allocation Failure) [PSYoungGen: 266336K->96K(256512K)] 268272K->2032K(431616K), 0,0005557 secs] [Times: user=0,00 sys=0,00, real=0,00 secs] 
94,728: [GC (Allocation Failure) [PSYoungGen: 256096K->96K(246784K)] 258032K->2032K(421888K), 0,0005830 secs] [Times: user=0,00 sys=0,00, real=0,00 secs] 
94,779: [GC (Allocation Failure) [PSYoungGen: 246368K->96K(237568K)] 248304K->2032K(412672K), 0,0005587 secs] [Times: user=0,00 sys=0,00, real=0,00 secs] 
94,840: [GC (Allocation Failure) [PSYoungGen: 237152K->32K(285184K)] 239088K->1968K(460288K), 0,0011010 secs] [Times: user=0,00 sys=0,00, real=0,01 secs] 
94,933: [GC (Allocation Failure) [PSYoungGen: 284704K->32K(342528K)] 286640K->1968K(517632K), 0,0012217 secs] [Times: user=0,00 sys=0,00, real=0,00 secs] 
95,027: [GC (Allocation Failure) [PSYoungGen: 342048K->32K(411136K)] 343984K->1968K(586240K), 0,0015940 secs] [Times: user=0,01 sys=0,00, real=0,00 secs] 
95,114: [GC (Allocation Failure) [PSYoungGen: 410656K->64K(493568K)] 412592K->2000K(668672K), 0,0009734 secs] [Times: user=0,00 sys=0,00, real=0,00 secs] 
95,218: [GC (Allocation Failure) [PSYoungGen: 493120K->64K(592384K)] 495056K->2000K(767488K), 0,0010696 secs] [Times: user=0,01 sys=0,00, real=0,00 secs] 
95,349: [GC (Allocation Failure) [PSYoungGen: 591936K->96K(565760K)] 593872K->2032K(740864K), 0,0005769 secs] [Times: user=0,00 sys=0,00, real=0,00 secs] 
95,471: [GC (Allocation Failure) [PSYoungGen: 565344K->64K(540672K)] 567280K->2000K(715776K), 0,0005845 secs] [Times: user=0,00 sys=0,00, real=0,00 secs] 
95,601: [GC (Allocation Failure) [PSYoungGen: 540224K->64K(516608K)] 542160K->2000K(691712K), 0,0010500 secs] [Times: user=0,00 sys=0,00, real=0,00 secs] 
95,763: [GC (Allocation Failure) [PSYoungGen: 516160K->32K(494080K)] 518096K->1968K(669184K), 0,0010968 secs] [Times: user=0,01 sys=0,00, real=0,00 secs] 
95,882: [GC (Allocation Failure) [PSYoungGen: 493599K->64K(472576K)] 495536K->2000K(647680K), 0,0010726 secs] [Times: user=0,00 sys=0,00, real=0,00 secs] 
96,015: [GC (Allocation Failure) [PSYoungGen: 472128K->64K(452096K)] 474064K->2000K(627200K), 0,0005736 secs] [Times: user=0,00 sys=0,00, real=0,00 secs] 
96,172: [GC (Allocation Failure) [PSYoungGen: 451648K->96K(432640K)] 453584K->2032K(607744K), 0,0005239 secs] [Times: user=0,00 sys=0,00, real=0,00 secs] 
96,272: [GC (Allocation Failure) [PSYoungGen: 432224K->96K(414208K)] 434160K->2032K(589312K), 0,0005346 secs] [Times: user=0,00 sys=0,00, real=0,00 secs] 
96,368: [GC (Allocation Failure) [PSYoungGen: 413792K->96K(396800K)] 415728K->2032K(571904K), 0,0005620 secs] [Times: user=0,01 sys=0,00, real=0,00 secs] 
96,451: [GC (Allocation Failure) [PSYoungGen: 396384K->96K(379904K)] 398320K->2032K(555008K), 0,0005718 secs] [Times: user=0,00 sys=0,00, real=0,01 secs] 
96,534: [GC (Allocation Failure) [PSYoungGen: 379488K->96K(364032K)] 381424K->2032K(539136K), 0,0005601 secs] [Times: user=0,00 sys=0,00, real=0,00 secs] 
96,630: [GC (Allocation Failure) [PSYoungGen: 363616K->64K(348672K)] 365552K->2000K(523776K), 0,0005556 secs] [Times: user=0,00 sys=0,00, real=0,01 secs] 
96,719: [GC (Allocation Failure) [PSYoungGen: 348224K->64K(334336K)] 350160K->2000K(509440K), 0,0005909 secs] [Times: user=0,01 sys=0,00, real=0,00 secs] 
96,794: [GC (Allocation Failure) [PSYoungGen: 333888K->96K(320512K)] 335824K->2032K(495616K), 0,0005647 secs] [Times: user=0,00 sys=0,00, real=0,00 secs] 
96,868: [GC (Allocation Failure) [PSYoungGen: 320096K->96K(307712K)] 322032K->2032K(482816K), 0,0005654 secs] [Times: user=0,00 sys=0,00, real=0,00 secs] 
96,943: [GC (Allocation Failure) [PSYoungGen: 307296K->64K(295424K)] 309232K->2000K(470528K), 0,0009565 secs] [Times: user=0,00 sys=0,00, real=0,00 secs] 
97,013: [GC (Allocation Failure) [PSYoungGen: 294976K->64K(283648K)] 296912K->2000K(458752K), 0,0010413 secs] [Times: user=0,00 sys=0,00, real=0,00 secs] 
97,085: [GC (Allocation Failure) [PSYoungGen: 283200K->96K(272384K)] 285136K->2032K(447488K), 0,0005396 secs] [Times: user=0,00 sys=0,00, real=0,00 secs] 
97,148: [GC (Allocation Failure) [PSYoungGen: 271968K->96K(261632K)] 273904K->2032K(436736K), 0,0005418 secs] [Times: user=0,00 sys=0,00, real=0,00 secs] 
97,214: [GC (Allocation Failure) [PSYoungGen: 261216K->96K(251392K)] 263152K->2032K(426496K), 0,0005439 secs] [Times: user=0,01 sys=0,00, real=0,00 secs] 
97,273: [GC (Allocation Failure) [PSYoungGen: 250976K->96K(241664K)] 252912K->2032K(416768K), 0,0005633 secs] [Times: user=0,00 sys=0,00, real=0,00 secs] 
97,326: [GC (Allocation Failure) [PSYoungGen: 241248K->96K(290304K)] 243184K->2032K(465408K), 0,0012034 secs] [Times: user=0,01 sys=0,00, real=0,00 secs] 
97,391: [GC (Allocation Failure) [PSYoungGen: 289888K->96K(348672K)] 291824K->2032K(523776K), 0,0005651 secs] [Times: user=0,00 sys=0,00, real=0,00 secs] 
97,523: [GC (Allocation Failure) [PSYoungGen: 348256K->96K(334336K)] 350192K->2032K(509440K), 0,0010110 secs] [Times: user=0,00 sys=0,00, real=0,00 secs] 
97,593: [GC (Allocation Failure) [PSYoungGen: 333920K->96K(320512K)] 335856K->2032K(495616K), 0,0006453 secs] [Times: user=0,00 sys=0,00, real=0,00 secs] 
97,705: [GC (Allocation Failure) [PSYoungGen: 320096K->32K(307712K)] 322032K->1968K(482816K), 0,0012979 secs] [Times: user=0,00 sys=0,00, real=0,00 secs] 
97,773: [GC (Allocation Failure) [PSYoungGen: 307232K->96K(295424K)] 309168K->2032K(470528K), 0,0015720 secs] [Times: user=0,00 sys=0,00, real=0,00 secs] 
97,835: [GC (Allocation Failure) [PSYoungGen: 295008K->96K(283648K)] 296944K->2032K(458752K), 0,0005678 secs] [Times: user=0,00 sys=0,00, real=0,00 secs] 
97,895: [GC (Allocation Failure) [PSYoungGen: 283232K->96K(272384K)] 285168K->2032K(447488K), 0,0005660 secs] [Times: user=0,00 sys=0,00, real=0,00 secs] 
97,964: [GC (Allocation Failure) [PSYoungGen: 271968K->96K(261632K)] 273904K->2032K(436736K), 0,0005394 secs] [Times: user=0,00 sys=0,00, real=0,00 secs] 
98,052: [GC (Allocation Failure) [PSYoungGen: 261216K->32K(313856K)] 263152K->1968K(488960K), 0,0034436 secs] [Times: user=0,00 sys=0,00, real=0,00 secs] 
98,145: [GC (Allocation Failure) [PSYoungGen: 313376K->96K(376832K)] 315312K->2032K(551936K), 0,0006000 secs] [Times: user=0,01 sys=0,00, real=0,00 secs] 
98,229: [GC (Allocation Failure) [PSYoungGen: 376416K->96K(452096K)] 378352K->2032K(627200K), 0,0011536 secs] [Times: user=0,00 sys=0,00, real=0,00 secs] 
98,339: [GC (Allocation Failure) [PSYoungGen: 451680K->96K(542720K)] 453616K->2032K(717824K), 0,0024076 secs] [Times: user=0,00 sys=0,01, real=0,01 secs] 
98,458: [GC (Allocation Failure) [PSYoungGen: 542304K->96K(518656K)] 544240K->2032K(693760K), 0,0006092 secs] [Times: user=0,00 sys=0,00, real=0,00 secs] 
98,569: [GC (Allocation Failure) [PSYoungGen: 518240K->96K(496128K)] 520176K->2032K(671232K), 0,0005911 secs] [Times: user=0,00 sys=0,00, real=0,00 secs] 
98,674: [GC (Allocation Failure) [PSYoungGen: 495712K->96K(474624K)] 497648K->2032K(649728K), 0,0006641 secs] [Times: user=0,00 sys=0,00, real=0,00 secs] 
98,776: [GC (Allocation Failure) [PSYoungGen: 474208K->64K(454144K)] 476144K->2000K(629248K), 0,0006054 secs] [Times: user=0,00 sys=0,00, real=0,00 secs] 
98,872: [GC (Allocation Failure) [PSYoungGen: 453696K->96K(434688K)] 455632K->2032K(609792K), 0,0005660 secs] [Times: user=0,00 sys=0,00, real=0,00 secs] 
98,961: [GC (Allocation Failure) [PSYoungGen: 434272K->96K(416256K)] 436208K->2032K(591360K), 0,0005820 secs] [Times: user=0,00 sys=0,00, real=0,00 secs] 
99,047: [GC (Allocation Failure) [PSYoungGen: 415840K->96K(398336K)] 417776K->2032K(573440K), 0,0005691 secs] [Times: user=0,00 sys=0,00, real=0,00 secs] 
99,129: [GC (Allocation Failure) [PSYoungGen: 397920K->96K(381440K)] 399856K->2032K(556544K), 0,0005690 secs] [Times: user=0,01 sys=0,00, real=0,00 secs] 
99,205: [GC (Allocation Failure) [PSYoungGen: 381024K->96K(365568K)] 382960K->2032K(540672K), 0,0005612 secs] [Times: user=0,00 sys=0,00, real=0,00 secs] 
99,279: [GC (Allocation Failure) [PSYoungGen: 365152K->96K(350208K)] 367088K->2032K(525312K), 0,0005971 secs] [Times: user=0,01 sys=0,00, real=0,00 secs] 
99,351: [GC (Allocation Failure) [PSYoungGen: 349792K->32K(335872K)] 351728K->1968K(510976K), 0,0007531 secs] [Times: user=0,00 sys=0,00, real=0,00 secs] 
99,420: [GC (Allocation Failure) [PSYoungGen: 335392K->96K(322048K)] 337328K->2032K(497152K), 0,0005470 secs] [Times: user=0,01 sys=0,00, real=0,00 secs] 
99,485: [GC (Allocation Failure) [PSYoungGen: 321632K->96K(308736K)] 323568K->2032K(483840K), 0,0006173 secs] [Times: user=0,00 sys=0,00, real=0,00 secs] 
99,547: [GC (Allocation Failure) [PSYoungGen: 308320K->64K(296448K)] 310256K->2000K(471552K), 0,0006521 secs] [Times: user=0,00 sys=0,00, real=0,00 secs] 
99,606: [GC (Allocation Failure) [PSYoungGen: 296000K->96K(284672K)] 297936K->2032K(459776K), 0,0005911 secs] [Times: user=0,00 sys=0,00, real=0,00 secs] 
99,662: [GC (Allocation Failure) [PSYoungGen: 284256K->96K(273408K)] 286192K->2032K(448512K), 0,0005421 secs] [Times: user=0,00 sys=0,01, real=0,00 secs] 
99,718: [GC (Allocation Failure) [PSYoungGen: 272992K->96K(262656K)] 274928K->2032K(437760K), 0,0005584 secs] [Times: user=0,00 sys=0,00, real=0,00 secs] 
99,772: [GC (Allocation Failure) [PSYoungGen: 262240K->96K(252416K)] 264176K->2032K(427520K), 0,0005446 secs] [Times: user=0,00 sys=0,00, real=0,00 secs] 
99,822: [GC (Allocation Failure) [PSYoungGen: 252000K->96K(242688K)] 253936K->2032K(417792K), 0,0005521 secs] [Times: user=0,00 sys=0,00, real=0,00 secs] 
99,871: [GC (Allocation Failure) [PSYoungGen: 242272K->96K(233472K)] 244208K->2032K(408576K), 0,0005833 secs] [Times: user=0,00 sys=0,00, real=0,01 secs] 
99,917: [GC (Allocation Failure) [PSYoungGen: 233056K->96K(224768K)] 234992K->2032K(399872K), 0,0005413 secs] [Times: user=0,00 sys=0,00, real=0,00 secs] 
99,961: [GC (Allocation Failure) [PSYoungGen: 224352K->64K(269824K)] 226288K->2000K(444928K), 0,0010330 secs] [Times: user=0,00 sys=0,00, real=0,00 secs] 
100,014: [GC (Allocation Failure) [PSYoungGen: 269376K->96K(324096K)] 271312K->2032K(499200K), 0,0004852 secs] [Times: user=0,00 sys=0,00, real=0,00 secs] 
100,077: [GC (Allocation Failure) [PSYoungGen: 323680K->96K(389120K)] 325616K->2032K(564224K), 0,0005398 secs] [Times: user=0,00 sys=0,00, real=0,00 secs] 
100,153: [GC (Allocation Failure) [PSYoungGen: 388704K->96K(372736K)] 390640K->2032K(547840K), 0,0005313 secs] [Times: user=0,00 sys=0,00, real=0,00 secs] 
100,224: [GC (Allocation Failure) [PSYoungGen: 372320K->96K(357376K)] 374256K->2032K(532480K), 0,0005369 secs] [Times: user=0,00 sys=0,00, real=0,00 secs] 
Heap
 PSYoungGen      total 357376K, used 258627K [0x000000076ab00000, 0x00000007be480000, 0x00000007c0000000)
  eden space 356864K, 72% used [0x000000076ab00000,0x000000077a778e10,0x0000000780780000)
  from space 512K, 18% used [0x00000007be400000,0x00000007be418000,0x00000007be480000)
  to   space 512K, 0% used [0x00000007be380000,0x00000007be380000,0x00000007be400000)
 ParOldGen       total 175104K, used 1936K [0x00000006c0000000, 0x00000006cab00000, 0x000000076ab00000)
  object space 175104K, 1% used [0x00000006c0000000,0x00000006c01e40a0,0x00000006cab00000)
 Metaspace       used 9640K, capacity 9954K, committed 10112K, reserved 1058816K
  class space    used 1036K, capacity 1145K, committed 1152K, reserved 1048576K
