OpenJDK 64-Bit Server VM (25.202-b05) for bsd-amd64 JRE (Zulu 8.36.0.1-CA-macosx) (1.8.0_202-b05), built on Jan 29 2019 06:07:09 by "zulu_re" with gcc 4.2.1 (Based on Apple Inc. build 5658) (LLVM build 2336.11.00)
Memory: 4k page, physical 16777216k(2020124k free)

/proc/meminfo:

CommandLine flags: -XX:InitialHeapSize=268435456 -XX:MaxHeapSize=4294967296 -XX:+PrintGC -XX:+PrintGCDetails -XX:+PrintGCTimeStamps -XX:+UseCompressedClassPointers -XX:+UseCompressedOops -XX:+UseParallelGC 
Heap
 PSYoungGen      total 76288K, used 35657K [0x000000076ab00000, 0x0000000770000000, 0x00000007c0000000)
  eden space 65536K, 54% used [0x000000076ab00000,0x000000076cdd2720,0x000000076eb00000)
  from space 10752K, 0% used [0x000000076f580000,0x000000076f580000,0x0000000770000000)
  to   space 10752K, 0% used [0x000000076eb00000,0x000000076eb00000,0x000000076f580000)
 ParOldGen       total 175104K, used 0K [0x00000006c0000000, 0x00000006cab00000, 0x000000076ab00000)
  object space 175104K, 0% used [0x00000006c0000000,0x00000006c0000000,0x00000006cab00000)
 Metaspace       used 7658K, capacity 8005K, committed 8192K, reserved 1056768K
  class space    used 852K, capacity 948K, committed 1024K, reserved 1048576K
s] 
1,613: [GC (Allocation Failure) [PSYoungGen: 264160K->2000K(272896K)] 264192K->2032K(448000K), 0,0038276 secs] [Times: user=0,00 sys=0,00, real=0,01 secs] 
1,843: [GC (Allocation Failure) [PSYoungGen: 264144K->2048K(529920K)] 264176K->2088K(705024K), 0,0039863 secs] [Times: user=0,01 sys=0,01, real=0,01 secs] 
2,411: [GC (Allocation Failure) [PSYoungGen: 526336K->96K(529920K)] 526376K->2104K(705024K), 0,0045871 secs] [Times: user=0,01 sys=0,01, real=0,01 secs] 
2,871: [GC (Allocation Failure) [PSYoungGen: 524384K->64K(501760K)] 526392K->2096K(676864K), 0,0009943 secs] [Times: user=0,00 sys=0,00, real=0,00 secs] 
3,288: [GC (Allocation Failure) [PSYoungGen: 501312K->64K(484864K)] 503344K->2104K(659968K), 0,0011541 secs] [Times: user=0,00 sys=0,00, real=0,00 secs] 
3,632: [GC (Allocation Failure) [PSYoungGen: 479296K->64K(458752K)] 481336K->2104K(633856K), 0,0007143 secs] [Times: user=0,00 sys=0,00, real=0,00 secs] 
3,984: [GC (Allocation Failure) [PSYoungGen: 458304K->64K(443904K)] 460344K->2112K(619008K), 0,0007669 secs] [Times: user=0,00 sys=0,00, real=0,01 secs] 
4,296: [GC (Allocation Failure) [PSYoungGen: 438336K->96K(419840K)] 440384K->2144K(594944K), 0,0005578 secs] [Times: user=0,00 sys=0,00, real=0,00 secs] 
4,756: [GC (Allocation Failure) [PSYoungGen: 419424K->96K(407040K)] 421472K->2144K(582144K), 0,0006381 secs] [Times: user=0,00 sys=0,00, real=0,00 secs] 
5,020: [GC (Allocation Failure) [PSYoungGen: 401504K->96K(385024K)] 403552K->2144K(560128K), 0,0005808 secs] [Times: user=0,00 sys=0,00, real=0,00 secs] 
5,268: [GC (Allocation Failure) [PSYoungGen: 384608K->96K(373248K)] 386656K->2144K(548352K), 0,0005077 secs] [Times: user=0,00 sys=0,00, real=0,00 secs] 
5,499: [GC (Allocation Failure) [PSYoungGen: 368224K->64K(353280K)] 370272K->2120K(528384K), 0,0011555 secs] [Times: user=0,00 sys=0,00, real=0,00 secs] 
5,722: [GC (Allocation Failure) [PSYoungGen: 352832K->64K(342528K)] 354888K->2120K(517632K), 0,0007089 secs] [Times: user=0,00 sys=0,00, real=0,00 secs] 
5,960: [GC (Allocation Failure) [PSYoungGen: 337984K->96K(324608K)] 340040K->2152K(499712K), 0,0006944 secs] [Times: user=0,00 sys=0,00, real=0,00 secs] 
6,174: [GC (Allocation Failure) [PSYoungGen: 324192K->32K(314880K)] 326248K->2088K(489984K), 0,0015062 secs] [Times: user=0,00 sys=0,00, real=0,00 secs] 
6,375: [GC (Allocation Failure) [PSYoungGen: 310816K->32K(298496K)] 312872K->2088K(473600K), 0,0006123 secs] [Times: user=0,00 sys=0,00, real=0,00 secs] 
6,557: [GC (Allocation Failure) [PSYoungGen: 298016K->96K(289792K)] 300072K->2152K(464896K), 0,0005998 secs] [Times: user=0,01 sys=0,00, real=0,00 secs] 
6,726: [GC (Allocation Failure) [PSYoungGen: 286304K->96K(275456K)] 288360K->2152K(450560K), 0,0007081 secs] [Times: user=0,00 sys=0,00, real=0,00 secs] 
6,887: [GC (Allocation Failure) [PSYoungGen: 275040K->64K(267776K)] 277096K->2120K(442880K), 0,0008771 secs] [Times: user=0,00 sys=0,00, real=0,00 secs] 
7,038: [GC (Allocation Failure) [PSYoungGen: 264256K->96K(254464K)] 266312K->2152K(429568K), 0,0006001 secs] [Times: user=0,00 sys=0,00, real=0,00 secs] 
7,185: [GC (Allocation Failure) [PSYoungGen: 254048K->96K(247296K)] 256104K->2152K(422400K), 0,0005858 secs] [Times: user=0,00 sys=0,00, real=0,00 secs] 
7,327: [GC (Allocation Failure) [PSYoungGen: 244320K->96K(235520K)] 246376K->2152K(410624K), 0,0006295 secs] [Times: user=0,01 sys=0,00, real=0,00 secs] 
7,462: [GC (Allocation Failure) [PSYoungGen: 235104K->96K(228864K)] 237160K->2152K(403968K), 0,0005720 secs] [Times: user=0,00 sys=0,00, real=0,00 secs] 
7,590: [GC (Allocation Failure) [PSYoungGen: 226400K->32K(218112K)] 228456K->2088K(393216K), 0,0005784 secs] [Times: user=0,00 sys=0,00, real=0,00 secs] 
7,711: [GC (Allocation Failure) [PSYoungGen: 217632K->32K(211968K)] 219688K->2088K(387072K), 0,0005472 secs] [Times: user=0,00 sys=0,00, real=0,00 secs] 
7,828: [GC (Allocation Failure) [PSYoungGen: 209440K->96K(202240K)] 211496K->2152K(377344K), 0,0006332 secs] [Times: user=0,00 sys=0,00, real=0,00 secs] 
7,942: [GC (Allocation Failure) [PSYoungGen: 201824K->96K(196608K)] 203880K->2152K(371712K), 0,0006040 secs] [Times: user=0,00 sys=0,00, real=0,00 secs] 
8,055: [GC (Allocation Failure) [PSYoungGen: 194656K->96K(187904K)] 196712K->2152K(363008K), 0,0005813 secs] [Times: user=0,00 sys=0,00, real=0,00 secs] 
8,159: [GC (Allocation Failure) [PSYoungGen: 187488K->96K(182784K)] 189544K->2152K(357888K), 0,0005559 secs] [Times: user=0,00 sys=0,00, real=0,00 secs] 
8,262: [GC (Allocation Failure) [PSYoungGen: 180832K->96K(175104K)] 182888K->2152K(350208K), 0,0006373 secs] [Times: user=0,00 sys=0,00, real=0,00 secs] 
8,364: [GC (Allocation Failure) [PSYoungGen: 174687K->32K(169984K)] 176743K->2088K(345088K), 0,0008321 secs] [Times: user=0,00 sys=0,00, real=0,00 secs] 
8,467: [GC (Allocation Failure) [PSYoungGen: 168480K->96K(163328K)] 170536K->2152K(338432K), 0,0005677 secs] [Times: user=0,00 sys=0,00, real=0,00 secs] 
8,566: [GC (Allocation Failure) [PSYoungGen: 162912K->64K(158720K)] 164968K->2120K(333824K), 0,0005535 secs] [Times: user=0,00 sys=0,00, real=0,00 secs] 
8,664: [GC (Allocation Failure) [PSYoungGen: 157248K->96K(152576K)] 159304K->2152K(327680K), 0,0005678 secs] [Times: user=0,00 sys=0,00, real=0,00 secs] 
8,763: [GC (Allocation Failure) [PSYoungGen: 152160K->96K(148480K)] 154216K->2152K(323584K), 0,0005653 secs] [Times: user=0,00 sys=0,00, real=0,00 secs] 
8,866: [GC (Allocation Failure) [PSYoungGen: 147040K->96K(142848K)] 149096K->2160K(317952K), 0,0005702 secs] [Times: user=0,00 sys=0,00, real=0,00 secs] 
8,965: [GC (Allocation Failure) [PSYoungGen: 142432K->96K(138752K)] 144496K->2160K(313856K), 0,0005542 secs] [Times: user=0,00 sys=0,00, real=0,00 secs] 
9,051: [GC (Allocation Failure) [PSYoungGen: 137824K->96K(133632K)] 139888K->2160K(308736K), 0,0006683 secs] [Times: user=0,00 sys=0,00, real=0,00 secs] 
9,135: [GC (Allocation Failure) [PSYoungGen: 133216K->32K(130048K)] 135280K->2096K(305152K), 0,0005315 secs] [Times: user=0,00 sys=0,00, real=0,00 secs] 
9,263: [GC (Allocation Failure) [PSYoungGen: 129056K->96K(125440K)] 131120K->2160K(300544K), 0,0010257 secs] [Times: user=0,01 sys=0,00, real=0,01 secs] 
9,341: [GC (Allocation Failure) [PSYoungGen: 125024K->32K(121856K)] 127088K->2096K(296960K), 0,0008289 secs] [Times: user=0,00 sys=0,00, real=0,00 secs] 
9,420: [GC (Allocation Failure) [PSYoungGen: 120864K->64K(117760K)] 122928K->2128K(292864K), 0,0010095 secs] [Times: user=0,01 sys=0,00, real=0,00 secs] 
9,494: [GC (Allocation Failure) [PSYoungGen: 117312K->96K(114688K)] 119376K->2160K(289792K), 0,0005757 secs] [Times: user=0,01 sys=0,00, real=0,00 secs] 
9,566: [GC (Allocation Failure) [PSYoungGen: 113760K->96K(110592K)] 115824K->2160K(285696K), 0,0005654 secs] [Times: user=0,01 sys=0,00, real=0,00 secs] 
9,631: [GC (Allocation Failure) [PSYoungGen: 110176K->96K(107520K)] 112240K->2160K(282624K), 0,0005930 secs] [Times: user=0,00 sys=0,00, real=0,00 secs] 
9,690: [GC (Allocation Failure) [PSYoungGen: 107104K->96K(104448K)] 109168K->2160K(279552K), 0,0006155 secs] [Times: user=0,00 sys=0,00, real=0,00 secs] 
9,750: [GC (Allocation Failure) [PSYoungGen: 104032K->96K(101376K)] 106096K->2160K(276480K), 0,0005459 secs] [Times: user=0,00 sys=0,00, real=0,00 secs] 
9,809: [GC (Allocation Failure) [PSYoungGen: 100960K->64K(98816K)] 103024K->2128K(273920K), 0,0008186 secs] [Times: user=0,00 sys=0,00, real=0,00 secs] 
9,867: [GC (Allocation Failure) [PSYoungGen: 98368K->64K(96256K)] 100432K->2128K(271360K), 0,0005469 secs] [Times: user=0,00 sys=0,00, real=0,00 secs] 
9,921: [GC (Allocation Failure) [PSYoungGen: 95808K->64K(93696K)] 97872K->2128K(268800K), 0,0006471 secs] [Times: user=0,00 sys=0,00, real=0,00 secs] 
9,978: [GC (Allocation Failure) [PSYoungGen: 93248K->64K(91136K)] 95312K->2128K(266240K), 0,0006442 secs] [Times: user=0,00 sys=0,00, real=0,00 secs] 
10,032: [GC (Allocation Failure) [PSYoungGen: 90688K->32K(88576K)] 92752K->2096K(263680K), 0,0005840 secs] [Times: user=0,00 sys=0,00, real=0,00 secs] 
10,090: [GC (Allocation Failure) [PSYoungGen: 88096K->64K(106496K)] 90160K->2128K(281600K), 0,0009709 secs] [Times: user=0,01 sys=0,00, real=0,00 secs] 
10,155: [GC (Allocation Failure) [PSYoungGen: 106048K->64K(128000K)] 108112K->2128K(303104K), 0,0011803 secs] [Times: user=0,00 sys=0,00, real=0,00 secs] 
10,252: [GC (Allocation Failure) [PSYoungGen: 127552K->64K(153600K)] 129616K->2128K(328704K), 0,0014668 secs] [Times: user=0,00 sys=0,00, real=0,00 secs] 
10,377: [GC (Allocation Failure) [PSYoungGen: 153152K->128K(184320K)] 155216K->2192K(359424K), 0,0011480 secs] [Times: user=0,01 sys=0,00, real=0,00 secs] 
10,506: [GC (Allocation Failure) [PSYoungGen: 183936K->64K(221184K)] 186000K->2192K(396288K), 0,0011916 secs] [Times: user=0,00 sys=0,00, real=0,00 secs] 
10,659: [GC (Allocation Failure) [PSYoungGen: 220736K->64K(212992K)] 222864K->2192K(388096K), 0,0008793 secs] [Times: user=0,01 sys=0,00, real=0,00 secs] 
10,789: [GC (Allocation Failure) [PSYoungGen: 212544K->64K(205312K)] 214672K->2192K(380416K), 0,0005930 secs] [Times: user=0,00 sys=0,00, real=0,00 secs] 
10,913: [GC (Allocation Failure) [PSYoungGen: 204864K->96K(197632K)] 206992K->2224K(372736K), 0,0005726 secs] [Times: user=0,00 sys=0,00, real=0,00 secs] 
11,031: [GC (Allocation Failure) [PSYoungGen: 197216K->96K(190464K)] 199344K->2224K(365568K), 0,0005918 secs] [Times: user=0,00 sys=0,00, real=0,00 secs] 
11,146: [GC (Allocation Failure) [PSYoungGen: 190048K->96K(183808K)] 192176K->2224K(358912K), 0,0005808 secs] [Times: user=0,00 sys=0,00, real=0,00 secs] 
11,255: [GC (Allocation Failure) [PSYoungGen: 183392K->96K(177152K)] 185520K->2224K(352256K), 0,0005778 secs] [Times: user=0,00 sys=0,00, real=0,00 secs] 
11,361: [GC (Allocation Failure) [PSYoungGen: 176736K->96K(171008K)] 178864K->2224K(346112K), 0,0006139 secs] [Times: user=0,00 sys=0,00, real=0,00 secs] 
11,464: [GC (Allocation Failure) [PSYoungGen: 170592K->96K(164864K)] 172720K->2224K(339968K), 0,0011364 secs] [Times: user=0,01 sys=0,00, real=0,01 secs] 
11,568: [GC (Allocation Failure) [PSYoungGen: 164448K->96K(159232K)] 166576K->2224K(334336K), 0,0005760 secs] [Times: user=0,00 sys=0,00, real=0,00 secs] 
11,697: [GC (Allocation Failure) [PSYoungGen: 158816K->96K(154112K)] 160944K->2224K(329216K), 0,0005896 secs] [Times: user=0,01 sys=0,00, real=0,00 secs] 
11,811: [GC (Allocation Failure) [PSYoungGen: 153696K->32K(148992K)] 155824K->2160K(324096K), 0,0006120 secs] [Times: user=0,00 sys=0,00, real=0,00 secs] 
11,909: [GC (Allocation Failure) [PSYoungGen: 148512K->96K(143872K)] 150640K->2224K(318976K), 0,0005783 secs] [Times: user=0,00 sys=0,00, real=0,00 secs] 
12,001: [GC (Allocation Failure) [PSYoungGen: 143456K->96K(139264K)] 145584K->2224K(314368K), 0,0007613 secs] [Times: user=0,00 sys=0,00, real=0,00 secs] 
12,099: [GC (Allocation Failure) [PSYoungGen: 138848K->96K(134656K)] 140976K->2224K(309760K), 0,0005782 secs] [Times: user=0,00 sys=0,00, real=0,00 secs] 
12,193: [GC (Allocation Failure) [PSYoungGen: 134240K->64K(130560K)] 136368K->2192K(305664K), 0,0014442 secs] [Times: user=0,00 sys=0,00, real=0,01 secs] 
12,280: [GC (Allocation Failure) [PSYoungGen: 130112K->32K(126464K)] 132240K->2160K(301568K), 0,0010162 secs] [Times: user=0,01 sys=0,00, real=0,00 secs] 
12,368: [GC (Allocation Failure) [PSYoungGen: 125984K->96K(122368K)] 128112K->2224K(297472K), 0,0005616 secs] [Times: user=0,00 sys=0,00, real=0,00 secs] 
12,455: [GC (Allocation Failure) [PSYoungGen: 121952K->64K(118784K)] 124080K->2192K(293888K), 0,0013359 secs] [Times: user=0,00 sys=0,00, real=0,00 secs] 
12,538: [GC (Allocation Failure) [PSYoungGen: 118336K->96K(115200K)] 120464K->2224K(290304K), 0,0005848 secs] [Times: user=0,00 sys=0,00, real=0,00 secs] 
12,678: [GC (Allocation Failure) [PSYoungGen: 114784K->64K(111616K)] 116912K->2200K(286720K), 0,0009085 secs] [Times: user=0,00 sys=0,00, real=0,00 secs] 
12,766: [GC (Allocation Failure) [PSYoungGen: 111168K->64K(108544K)] 113304K->2200K(283648K), 0,0006689 secs] [Times: user=0,00 sys=0,00, real=0,00 secs] 
12,849: [GC (Allocation Failure) [PSYoungGen: 108096K->64K(105472K)] 110232K->2200K(280576K), 0,0012087 secs] [Times: user=0,00 sys=0,00, real=0,00 secs] 
12,931: [GC (Allocation Failure) [PSYoungGen: 105024K->64K(102400K)] 107160K->2200K(277504K), 0,0007897 secs] [Times: user=0,00 sys=0,00, real=0,00 secs] 
13,181: [GC (Allocation Failure) [PSYoungGen: 101952K->96K(99328K)] 104088K->2232K(274432K), 0,0006990 secs] [Times: user=0,00 sys=0,00, real=0,00 secs] 
13,404: [GC (Allocation Failure) [PSYoungGen: 98912K->96K(96768K)] 101048K->2232K(271872K), 0,0006760 secs] [Times: user=0,00 sys=0,00, real=0,00 secs] 
13,515: [GC (Allocation Failure) [PSYoungGen: 96352K->96K(94208K)] 98488K->2232K(269312K), 0,0006145 secs] [Times: user=0,00 sys=0,00, real=0,00 secs] 
13,638: [GC (Allocation Failure) [PSYoungGen: 93792K->64K(91648K)] 95928K->2200K(266752K), 0,0011480 secs] [Times: user=0,01 sys=0,00, real=0,00 secs] 
13,775: [GC (Allocation Failure) [PSYoungGen: 91200K->96K(89088K)] 93336K->2232K(264192K), 0,0005899 secs] [Times: user=0,00 sys=0,00, real=0,00 secs] 
13,839: [GC (Allocation Failure) [PSYoungGen: 88672K->96K(87040K)] 90808K->2232K(262144K), 0,0005854 secs] [Times: user=0,00 sys=0,00, real=0,00 secs] 
13,942: [GC (Allocation Failure) [PSYoungGen: 86624K->96K(84992K)] 88760K->2232K(260096K), 0,0006017 secs] [Times: user=0,00 sys=0,00, real=0,00 secs] 
14,007: [GC (Allocation Failure) [PSYoungGen: 84576K->96K(82944K)] 86712K->2232K(258048K), 0,0006482 secs] [Times: user=0,00 sys=0,00, real=0,00 secs] 
14,109: [GC (Allocation Failure) [PSYoungGen: 82528K->64K(99840K)] 84664K->2200K(274944K), 0,0037157 secs] [Times: user=0,00 sys=0,00, real=0,00 secs] 
14,235: [GC (Allocation Failure) [PSYoungGen: 99392K->64K(119808K)] 101528K->2200K(294912K), 0,0011823 secs] [Times: user=0,00 sys=0,00, real=0,00 secs] 
14,345: [GC (Allocation Failure) [PSYoungGen: 119360K->96K(143872K)] 121496K->2232K(318976K), 0,0005785 secs] [Times: user=0,00 sys=0,00, real=0,00 secs] 
14,444: [GC (Allocation Failure) [PSYoungGen: 143456K->96K(139264K)] 145592K->2232K(314368K), 0,0006002 secs] [Times: user=0,00 sys=0,00, real=0,00 secs] 
14,544: [GC (Allocation Failure) [PSYoungGen: 138848K->96K(134656K)] 140984K->2232K(309760K), 0,0005965 secs] [Times: user=0,00 sys=0,00, real=0,00 secs] 
14,655: [GC (Allocation Failure) [PSYoungGen: 134240K->64K(130560K)] 136376K->2200K(305664K), 0,0011336 secs] [Times: user=0,00 sys=0,00, real=0,00 secs] 
14,743: [GC (Allocation Failure) [PSYoungGen: 130112K->96K(126464K)] 132248K->2232K(301568K), 0,0007081 secs] [Times: user=0,00 sys=0,00, real=0,01 secs] 
14,824: [GC (Allocation Failure) [PSYoungGen: 126048K->96K(122368K)] 128184K->2232K(297472K), 0,0007346 secs] [Times: user=0,00 sys=0,00, real=0,00 secs] 
14,905: [GC (Allocation Failure) [PSYoungGen: 121952K->96K(118784K)] 124088K->2232K(293888K), 0,0005920 secs] [Times: user=0,00 sys=0,00, real=0,00 secs] 
15,020: [GC (Allocation Failure) [PSYoungGen: 118368K->96K(115200K)] 120504K->2232K(290304K), 0,0006263 secs] [Times: user=0,01 sys=0,00, real=0,00 secs] 
15,102: [GC (Allocation Failure) [PSYoungGen: 114784K->32K(111616K)] 116920K->2168K(286720K), 0,0006765 secs] [Times: user=0,00 sys=0,00, real=0,00 secs] 
15,173: [GC (Allocation Failure) [PSYoungGen: 111136K->64K(108544K)] 113272K->2200K(283648K), 0,0006345 secs] [Times: user=0,01 sys=0,00, real=0,01 secs] 
15,254: [GC (Allocation Failure) [PSYoungGen: 108096K->32K(105472K)] 110232K->2168K(280576K), 0,0005905 secs] [Times: user=0,00 sys=0,01, real=0,00 secs] 
15,320: [GC (Allocation Failure) [PSYoungGen: 104992K->96K(102400K)] 107128K->2232K(277504K), 0,0005920 secs] [Times: user=0,00 sys=0,00, real=0,00 secs] 
15,385: [GC (Allocation Failure) [PSYoungGen: 101984K->96K(99328K)] 104120K->2232K(274432K), 0,0007707 secs] [Times: user=0,00 sys=0,00, real=0,00 secs] 
15,451: [GC (Allocation Failure) [PSYoungGen: 98912K->96K(96768K)] 101048K->2232K(271872K), 0,0005896 secs] [Times: user=0,00 sys=0,00, real=0,00 secs] 
15,511: [GC (Allocation Failure) [PSYoungGen: 96352K->96K(94208K)] 98488K->2232K(269312K), 0,0005816 secs] [Times: user=0,00 sys=0,00, real=0,00 secs] 
15,571: [GC (Allocation Failure) [PSYoungGen: 93792K->64K(113152K)] 95928K->2200K(288256K), 0,0012790 secs] [Times: user=0,00 sys=0,00, real=0,00 secs] 
15,645: [GC (Allocation Failure) [PSYoungGen: 112704K->32K(135680K)] 114840K->2168K(310784K), 0,0005733 secs] [Times: user=0,00 sys=0,00, real=0,00 secs] 
15,729: [GC (Allocation Failure) [PSYoungGen: 135200K->96K(131584K)] 137336K->2232K(306688K), 0,0005763 secs] [Times: user=0,00 sys=0,00, real=0,00 secs] 
15,812: [GC (Allocation Failure) [PSYoungGen: 131168K->64K(127488K)] 133304K->2200K(302592K), 0,0005809 secs] [Times: user=0,00 sys=0,00, real=0,00 secs] 
15,895: [GC (Allocation Failure) [PSYoungGen: 127040K->96K(123392K)] 129176K->2232K(298496K), 0,0005807 secs] [Times: user=0,00 sys=0,00, real=0,00 secs] 
15,991: [GC (Allocation Failure) [PSYoungGen: 122976K->96K(119808K)] 125112K->2232K(294912K), 0,0007095 secs] [Times: user=0,00 sys=0,00, real=0,00 secs] 
16,076: [GC (Allocation Failure) [PSYoungGen: 119392K->96K(116224K)] 121528K->2232K(291328K), 0,0008091 secs] [Times: user=0,00 sys=0,00, real=0,00 secs] 
16,154: [GC (Allocation Failure) [PSYoungGen: 115808K->64K(112640K)] 117944K->2200K(287744K), 0,0005754 secs] [Times: user=0,00 sys=0,00, real=0,00 secs] 
16,230: [GC (Allocation Failure) [PSYoungGen: 112192K->96K(109568K)] 114328K->2232K(284672K), 0,0006964 secs] [Times: user=0,00 sys=0,00, real=0,00 secs] 
16,304: [GC (Allocation Failure) [PSYoungGen: 109152K->96K(106496K)] 111288K->2232K(281600K), 0,0005752 secs] [Times: user=0,00 sys=0,00, real=0,00 secs] 
16,381: [GC (Allocation Failure) [PSYoungGen: 106080K->64K(128000K)] 108216K->2200K(303104K), 0,0015863 secs] [Times: user=0,00 sys=0,00, real=0,00 secs] 
16,477: [GC (Allocation Failure) [PSYoungGen: 127552K->96K(123904K)] 129688K->2232K(299008K), 0,0007693 secs] [Times: user=0,00 sys=0,00, real=0,00 secs] 
16,561: [GC (Allocation Failure) [PSYoungGen: 123488K->64K(120320K)] 125624K->2200K(295424K), 0,0006653 secs] [Times: user=0,00 sys=0,00, real=0,00 secs] 
16,672: [GC (Allocation Failure) [PSYoungGen: 119872K->64K(116736K)] 122008K->2200K(291840K), 0,0024016 secs] [Times: user=0,00 sys=0,00, real=0,01 secs] 
16,765: [GC (Allocation Failure) [PSYoungGen: 116288K->64K(113152K)] 118424K->2200K(288256K), 0,0015351 secs] [Times: user=0,00 sys=0,00, real=0,00 secs] 
16,848: [GC (Allocation Failure) [PSYoungGen: 112704K->96K(110080K)] 114840K->2232K(285184K), 0,0006186 secs] [Times: user=0,00 sys=0,00, real=0,00 secs] 
16,917: [GC (Allocation Failure) [PSYoungGen: 109664K->96K(107008K)] 111800K->2232K(282112K), 0,0006197 secs] [Times: user=0,00 sys=0,00, real=0,00 secs] 
16,989: [GC (Allocation Failure) [PSYoungGen: 106592K->64K(128512K)] 108728K->2200K(303616K), 0,0018670 secs] [Times: user=0,00 sys=0,00, real=0,00 secs] 
17,072: [GC (Allocation Failure) [PSYoungGen: 128064K->64K(124416K)] 130200K->2200K(299520K), 0,0006245 secs] [Times: user=0,00 sys=0,00, real=0,00 secs] 
17,168: [GC (Allocation Failure) [PSYoungGen: 123968K->96K(120832K)] 126104K->2232K(295936K), 0,0005760 secs] [Times: user=0,00 sys=0,00, real=0,00 secs] 
17,243: [GC (Allocation Failure) [PSYoungGen: 120416K->32K(117248K)] 122552K->2168K(292352K), 0,0006327 secs] [Times: user=0,00 sys=0,00, real=0,00 secs] 
17,311: [GC (Allocation Failure) [PSYoungGen: 116768K->96K(113664K)] 118904K->2232K(288768K), 0,0006086 secs] [Times: user=0,00 sys=0,00, real=0,00 secs] 
17,380: [GC (Allocation Failure) [PSYoungGen: 113248K->96K(110592K)] 115384K->2232K(285696K), 0,0006256 secs] [Times: user=0,00 sys=0,00, real=0,00 secs] 
17,445: [GC (Allocation Failure) [PSYoungGen: 110176K->64K(107520K)] 112312K->2200K(282624K), 0,0006426 secs] [Times: user=0,00 sys=0,00, real=0,00 secs] 
17,511: [GC (Allocation Failure) [PSYoungGen: 107072K->64K(104448K)] 109208K->2200K(279552K), 0,0006174 secs] [Times: user=0,00 sys=0,00, real=0,00 secs] 
17,581: [GC (Allocation Failure) [PSYoungGen: 104000K->64K(125440K)] 106136K->2200K(300544K), 0,0013260 secs] [Times: user=0,00 sys=0,00, real=0,00 secs] 
17,661: [GC (Allocation Failure) [PSYoungGen: 124992K->32K(121344K)] 127128K->2168K(296448K), 0,0005944 secs] [Times: user=0,00 sys=0,00, real=0,00 secs] 
17,735: [GC (Allocation Failure) [PSYoungGen: 120864K->96K(117760K)] 123000K->2232K(292864K), 0,0005634 secs] [Times: user=0,00 sys=0,00, real=0,00 secs] 
17,804: [GC (Allocation Failure) [PSYoungGen: 117344K->96K(114176K)] 119480K->2232K(289280K), 0,0005646 secs] [Times: user=0,00 sys=0,00, real=0,01 secs] 
17,874: [GC (Allocation Failure) [PSYoungGen: 113760K->96K(110592K)] 115896K->2232K(285696K), 0,0005641 secs] [Times: user=0,00 sys=0,00, real=0,00 secs] 
17,938: [GC (Allocation Failure) [PSYoungGen: 110176K->64K(107520K)] 112312K->2200K(282624K), 0,0008049 secs] [Times: user=0,00 sys=0,00, real=0,00 secs] 
18,002: [GC (Allocation Failure) [PSYoungGen: 107072K->64K(104448K)] 109208K->2200K(279552K), 0,0008150 secs] [Times: user=0,00 sys=0,00, real=0,00 secs] 
18,066: [GC (Allocation Failure) [PSYoungGen: 104000K->96K(101376K)] 106136K->2232K(276480K), 0,0005678 secs] [Times: user=0,00 sys=0,00, real=0,00 secs] 
18,125: [GC (Allocation Failure) [PSYoungGen: 100960K->64K(98816K)] 103096K->2200K(273920K), 0,0006468 secs] [Times: user=0,00 sys=0,00, real=0,00 secs] 
18,183: [GC (Allocation Failure) [PSYoungGen: 98368K->96K(96256K)] 100504K->2232K(271360K), 0,0005988 secs] [Times: user=0,00 sys=0,00, real=0,01 secs] 
18,240: [GC (Allocation Failure) [PSYoungGen: 95840K->64K(115712K)] 97976K->2200K(290816K), 0,0007982 secs] [Times: user=0,01 sys=0,00, real=0,00 secs] 
18,308: [GC (Allocation Failure) [PSYoungGen: 115264K->0K(112128K)] 117400K->2136K(287232K), 0,0006354 secs] [Times: user=0,00 sys=0,00, real=0,00 secs] 
18,376: [GC (Allocation Failure) [PSYoungGen: 111616K->96K(109056K)] 113752K->2232K(284160K), 0,0006064 secs] [Times: user=0,00 sys=0,00, real=0,00 secs] 
18,446: [GC (Allocation Failure) [PSYoungGen: 108640K->32K(105984K)] 110776K->2168K(281088K), 0,0006167 secs] [Times: user=0,00 sys=0,00, real=0,00 secs] 
18,513: [GC (Allocation Failure) [PSYoungGen: 105504K->96K(102912K)] 107640K->2232K(278016K), 0,0005668 secs] [Times: user=0,00 sys=0,00, real=0,00 secs] 
18,584: [GC (Allocation Failure) [PSYoungGen: 102496K->64K(123392K)] 104632K->2200K(298496K), 0,0010743 secs] [Times: user=0,00 sys=0,00, real=0,00 secs] 
18,665: [GC (Allocation Failure) [PSYoungGen: 122944K->96K(147968K)] 125080K->2232K(323072K), 0,0014162 secs] [Times: user=0,00 sys=0,00, real=0,00 secs] 
18,761: [GC (Allocation Failure) [PSYoungGen: 147552K->64K(177664K)] 149688K->2200K(352768K), 0,0008641 secs] [Times: user=0,00 sys=0,00, real=0,00 secs] 
18,882: [GC (Allocation Failure) [PSYoungGen: 177216K->32K(213504K)] 179352K->2168K(388608K), 0,0011550 secs] [Times: user=0,00 sys=0,00, real=0,00 secs] 
19,018: [GC (Allocation Failure) [PSYoungGen: 213024K->96K(205824K)] 215160K->2232K(380928K), 0,0005501 secs] [Times: user=0,00 sys=0,00, real=0,00 secs] 
19,143: [GC (Allocation Failure) [PSYoungGen: 205408K->96K(198144K)] 207544K->2232K(373248K), 0,0005643 secs] [Times: user=0,01 sys=0,00, real=0,00 secs] 
19,269: [GC (Allocation Failure) [PSYoungGen: 197728K->0K(190976K)] 199864K->2136K(366080K), 0,0006335 secs] [Times: user=0,00 sys=0,00, real=0,00 secs] 
19,383: [GC (Allocation Failure) [PSYoungGen: 190464K->64K(184320K)] 192600K->2200K(359424K), 0,0005964 secs] [Times: user=0,00 sys=0,00, real=0,00 secs] 
19,492: [GC (Allocation Failure) [PSYoungGen: 183872K->96K(177664K)] 186008K->2232K(352768K), 0,0005613 secs] [Times: user=0,00 sys=0,00, real=0,00 secs] 
19,600: [GC (Allocation Failure) [PSYoungGen: 177248K->64K(171520K)] 179384K->2200K(346624K), 0,0005939 secs] [Times: user=0,00 sys=0,00, real=0,00 secs] 
19,739: [GC (Allocation Failure) [PSYoungGen: 171072K->64K(165376K)] 173208K->2200K(340480K), 0,0011462 secs] [Times: user=0,00 sys=0,00, real=0,00 secs] 
20,003: [GC (Allocation Failure) [PSYoungGen: 164928K->96K(159744K)] 167064K->2232K(334848K), 0,0008756 secs] [Times: user=0,00 sys=0,00, real=0,01 secs] 
20,174: [GC (Allocation Failure) [PSYoungGen: 159328K->96K(154112K)] 161464K->2232K(329216K), 0,0006437 secs] [Times: user=0,00 sys=0,01, real=0,00 secs] 
20,332: [GC (Allocation Failure) [PSYoungGen: 153696K->96K(148992K)] 155832K->2232K(324096K), 0,0006264 secs] [Times: user=0,01 sys=0,00, real=0,00 secs] 
20,447: [GC (Allocation Failure) [PSYoungGen: 148576K->96K(143872K)] 150712K->2232K(318976K), 0,0006959 secs] [Times: user=0,00 sys=0,00, real=0,00 secs] 
20,544: [GC (Allocation Failure) [PSYoungGen: 143456K->96K(139264K)] 145592K->2256K(314368K), 0,0005943 secs] [Times: user=0,00 sys=0,00, real=0,01 secs] 
20,659: [GC (Allocation Failure) [PSYoungGen: 138848K->96K(134656K)] 141008K->2256K(309760K), 0,0006596 secs] [Times: user=0,00 sys=0,00, real=0,00 secs] 
20,751: [GC (Allocation Failure) [PSYoungGen: 134240K->64K(130560K)] 136400K->2224K(305664K), 0,0006325 secs] [Times: user=0,00 sys=0,00, real=0,00 secs] 
20,836: [GC (Allocation Failure) [PSYoungGen: 130112K->96K(126464K)] 132272K->2256K(301568K), 0,0005762 secs] [Times: user=0,00 sys=0,00, real=0,00 secs] 
20,928: [GC (Allocation Failure) [PSYoungGen: 126048K->96K(122368K)] 128208K->2256K(297472K), 0,0005524 secs] [Times: user=0,00 sys=0,01, real=0,00 secs] 
21,025: [GC (Allocation Failure) [PSYoungGen: 121952K->0K(146944K)] 124112K->2160K(322048K), 0,0037124 secs] [Times: user=0,01 sys=0,00, real=0,00 secs] 
21,131: [GC (Allocation Failure) [PSYoungGen: 146432K->64K(176640K)] 148592K->2224K(351744K), 0,0012185 secs] [Times: user=0,01 sys=0,00, real=0,00 secs] 
21,297: [GC (Allocation Failure) [PSYoungGen: 176192K->32K(211968K)] 178352K->2192K(387072K), 0,0026814 secs] [Times: user=0,01 sys=0,00, real=0,00 secs] 
21,467: [GC (Allocation Failure) [PSYoungGen: 211488K->96K(254464K)] 213648K->2256K(429568K), 0,0005908 secs] [Times: user=0,00 sys=0,00, real=0,00 secs] 
21,632: [GC (Allocation Failure) [PSYoungGen: 254048K->64K(244736K)] 256208K->2224K(419840K), 0,0009264 secs] [Times: user=0,00 sys=0,00, real=0,00 secs] 
21,791: [GC (Allocation Failure) [PSYoungGen: 244288K->32K(235520K)] 246448K->2192K(410624K), 0,0005775 secs] [Times: user=0,00 sys=0,01, real=0,00 secs] 
21,936: [GC (Allocation Failure) [PSYoungGen: 235040K->96K(226816K)] 237200K->2256K(401920K), 0,0006069 secs] [Times: user=0,00 sys=0,00, real=0,00 secs] 
22,102: [GC (Allocation Failure) [PSYoungGen: 226400K->64K(218112K)] 228560K->2224K(393216K), 0,0006431 secs] [Times: user=0,00 sys=0,00, real=0,00 secs] 
22,278: [GC (Allocation Failure) [PSYoungGen: 217664K->64K(209920K)] 219824K->2224K(385024K), 0,0011301 secs] [Times: user=0,00 sys=0,00, real=0,00 secs] 
22,423: [GC (Allocation Failure) [PSYoungGen: 209472K->96K(202240K)] 211632K->2256K(377344K), 0,0005706 secs] [Times: user=0,00 sys=0,00, real=0,01 secs] 
22,552: [GC (Allocation Failure) [PSYoungGen: 201824K->96K(195072K)] 203984K->2256K(370176K), 0,0006484 secs] [Times: user=0,01 sys=0,00, real=0,00 secs] 
22,751: [GC (Allocation Failure) [PSYoungGen: 194656K->96K(187904K)] 196816K->2256K(363008K), 0,0006261 secs] [Times: user=0,00 sys=0,00, real=0,00 secs] 
22,901: [GC (Allocation Failure) [PSYoungGen: 187488K->96K(181248K)] 189648K->2256K(356352K), 0,0006494 secs] [Times: user=0,00 sys=0,00, real=0,00 secs] 
23,018: [GC (Allocation Failure) [PSYoungGen: 180832K->64K(175104K)] 182992K->2224K(350208K), 0,0011971 secs] [Times: user=0,00 sys=0,00, real=0,00 secs] 
23,141: [GC (Allocation Failure) [PSYoungGen: 174656K->64K(168960K)] 176816K->2224K(344064K), 0,0012561 secs] [Times: user=0,01 sys=0,00, real=0,00 secs] 
23,277: [GC (Allocation Failure) [PSYoungGen: 168512K->64K(163328K)] 170672K->2224K(338432K), 0,0012245 secs] [Times: user=0,01 sys=0,00, real=0,00 secs] 
23,392: [GC (Allocation Failure) [PSYoungGen: 162880K->96K(157696K)] 165040K->2256K(332800K), 0,0009529 secs] [Times: user=0,00 sys=0,00, real=0,00 secs] 
23,518: [GC (Allocation Failure) [PSYoungGen: 157280K->64K(152576K)] 159440K->2224K(327680K), 0,0010740 secs] [Times: user=0,00 sys=0,00, real=0,00 secs] 
23,615: [GC (Allocation Failure) [PSYoungGen: 152128K->32K(147456K)] 154288K->2192K(322560K), 0,0006552 secs] [Times: user=0,00 sys=0,00, real=0,00 secs] 
23,705: [GC (Allocation Failure) [PSYoungGen: 146976K->64K(142848K)] 149136K->2224K(317952K), 0,0006140 secs] [Times: user=0,00 sys=0,00, real=0,00 secs] 
23,792: [GC (Allocation Failure) [PSYoungGen: 142400K->96K(138240K)] 144560K->2256K(313344K), 0,0005691 secs] [Times: user=0,00 sys=0,00, real=0,00 secs] 
23,888: [GC (Allocation Failure) [PSYoungGen: 137824K->64K(165888K)] 139984K->2224K(340992K), 0,0032580 secs] [Times: user=0,00 sys=0,00, real=0,00 secs] 
24,041: [GC (Allocation Failure) [PSYoungGen: 165440K->96K(199168K)] 167600K->2256K(374272K), 0,0005804 secs] [Times: user=0,00 sys=0,00, real=0,00 secs] 
24,175: [GC (Allocation Failure) [PSYoungGen: 198752K->96K(192000K)] 200912K->2256K(367104K), 0,0005788 secs] [Times: user=0,01 sys=0,00, real=0,00 secs] 
24,308: [GC (Allocation Failure) [PSYoungGen: 191584K->64K(185344K)] 193744K->2224K(360448K), 0,0007618 secs] [Times: user=0,00 sys=0,00, real=0,00 secs] 
24,574: [GC (Allocation Failure) [PSYoungGen: 184896K->96K(178688K)] 187056K->2256K(353792K), 0,0007763 secs] [Times: user=0,00 sys=0,00, real=0,00 secs] 
24,793: [GC (Allocation Failure) [PSYoungGen: 178272K->96K(172544K)] 180432K->2256K(347648K), 0,0006445 secs] [Times: user=0,00 sys=0,00, real=0,01 secs] 
24,916: [GC (Allocation Failure) [PSYoungGen: 172128K->96K(166400K)] 174288K->2256K(341504K), 0,0005893 secs] [Times: user=0,00 sys=0,00, real=0,00 secs] 
25,033: [GC (Allocation Failure) [PSYoungGen: 165984K->96K(160768K)] 168144K->2256K(335872K), 0,0005893 secs] [Times: user=0,01 sys=0,00, real=0,01 secs] 
25,150: [GC (Allocation Failure) [PSYoungGen: 160352K->96K(155136K)] 162512K->2256K(330240K), 0,0005919 secs] [Times: user=0,00 sys=0,00, real=0,00 secs] 
25,339: [GC (Allocation Failure) [PSYoungGen: 154720K->96K(150016K)] 156880K->2256K(325120K), 0,0006432 secs] [Times: user=0,00 sys=0,00, real=0,00 secs] 
25,438: [GC (Allocation Failure) [PSYoungGen: 149600K->64K(144896K)] 151760K->2224K(320000K), 0,0006140 secs] [Times: user=0,00 sys=0,00, real=0,00 secs] 
25,538: [GC (Allocation Failure) [PSYoungGen: 144448K->96K(140288K)] 146608K->2256K(315392K), 0,0005986 secs] [Times: user=0,00 sys=0,00, real=0,00 secs] 
25,645: [GC (Allocation Failure) [PSYoungGen: 139872K->96K(135680K)] 142032K->2256K(310784K), 0,0007414 secs] [Times: user=0,00 sys=0,00, real=0,00 secs] 
25,730: [GC (Allocation Failure) [PSYoungGen: 135264K->32K(131584K)] 137424K->2192K(306688K), 0,0005660 secs] [Times: user=0,00 sys=0,00, real=0,00 secs] 
25,812: [GC (Allocation Failure) [PSYoungGen: 131104K->64K(127488K)] 133264K->2224K(302592K), 0,0005938 secs] [Times: user=0,00 sys=0,00, real=0,00 secs] 
25,897: [GC (Allocation Failure) [PSYoungGen: 127040K->96K(123392K)] 129200K->2256K(298496K), 0,0005973 secs] [Times: user=0,01 sys=0,00, real=0,00 secs] 
25,995: [GC (Allocation Failure) [PSYoungGen: 122976K->32K(119808K)] 125136K->2192K(294912K), 0,0012500 secs] [Times: user=0,00 sys=0,00, real=0,00 secs] 
26,080: [GC (Allocation Failure) [PSYoungGen: 119328K->96K(116224K)] 121488K->2256K(291328K), 0,0005903 secs] [Times: user=0,00 sys=0,00, real=0,00 secs] 
26,154: [GC (Allocation Failure) [PSYoungGen: 115808K->96K(112640K)] 117968K->2256K(287744K), 0,0006071 secs] [Times: user=0,01 sys=0,00, real=0,00 secs] 
26,224: [GC (Allocation Failure) [PSYoungGen: 112224K->96K(109568K)] 114384K->2256K(284672K), 0,0005738 secs] [Times: user=0,01 sys=0,00, real=0,00 secs] 
26,293: [GC (Allocation Failure) [PSYoungGen: 109152K->96K(106496K)] 111312K->2256K(281600K), 0,0005851 secs] [Times: user=0,00 sys=0,00, real=0,01 secs] 
26,358: [GC (Allocation Failure) [PSYoungGen: 106080K->96K(103424K)] 108240K->2256K(278528K), 0,0005799 secs] [Times: user=0,00 sys=0,00, real=0,00 secs] 
26,421: [GC (Allocation Failure) [PSYoungGen: 103008K->64K(100352K)] 105168K->2224K(275456K), 0,0005749 secs] [Times: user=0,00 sys=0,00, real=0,00 secs] 
26,480: [GC (Allocation Failure) [PSYoungGen: 99904K->96K(97792K)] 102064K->2256K(272896K), 0,0005600 secs] [Times: user=0,00 sys=0,00, real=0,00 secs] 
26,539: [GC (Allocation Failure) [PSYoungGen: 97375K->64K(95232K)] 99535K->2224K(270336K), 0,0006499 secs] [Times: user=0,00 sys=0,00, real=0,00 secs] 
26,595: [GC (Allocation Failure) [PSYoungGen: 94784K->96K(92672K)] 96944K->2256K(267776K), 0,0005608 secs] [Times: user=0,00 sys=0,00, real=0,00 secs] 
26,652: [GC (Allocation Failure) [PSYoungGen: 92256K->32K(90112K)] 94416K->2192K(265216K), 0,0007595 secs] [Times: user=0,00 sys=0,00, real=0,00 secs] 
26,705: [GC (Allocation Failure) [PSYoungGen: 89632K->96K(87552K)] 91792K->2256K(262656K), 0,0005557 secs] [Times: user=0,00 sys=0,00, real=0,00 secs] 
26,757: [GC (Allocation Failure) [PSYoungGen: 87136K->96K(85504K)] 89296K->2256K(260608K), 0,0005748 secs] [Times: user=0,00 sys=0,00, real=0,00 secs] 
26,806: [GC (Allocation Failure) [PSYoungGen: 85088K->96K(83456K)] 87248K->2256K(258560K), 0,0005517 secs] [Times: user=0,00 sys=0,00, real=0,00 secs] 
26,854: [GC (Allocation Failure) [PSYoungGen: 83040K->96K(81408K)] 85200K->2256K(256512K), 0,0005404 secs] [Times: user=0,00 sys=0,00, real=0,00 secs] 
26,907: [GC (Allocation Failure) [PSYoungGen: 80992K->96K(79360K)] 83152K->2256K(254464K), 0,0005429 secs] [Times: user=0,00 sys=0,00, real=0,00 secs] 
26,960: [GC (Allocation Failure) [PSYoungGen: 78944K->96K(77312K)] 81104K->2256K(252416K), 0,0005420 secs] [Times: user=0,00 sys=0,00, real=0,00 secs] 
27,007: [GC (Allocation Failure) [PSYoungGen: 76896K->96K(75264K)] 79056K->2256K(250368K), 0,0005548 secs] [Times: user=0,00 sys=0,00, real=0,00 secs] 
27,052: [GC (Allocation Failure) [PSYoungGen: 74848K->96K(90624K)] 77008K->2256K(265728K), 0,0005820 secs] [Times: user=0,00 sys=0,00, real=0,00 secs] 
27,103: [GC (Allocation Failure) [PSYoungGen: 90208K->32K(109056K)] 92368K->2192K(284160K), 0,0005599 secs] [Times: user=0,00 sys=0,00, real=0,00 secs] 
27,165: [GC (Allocation Failure) [PSYoungGen: 108576K->96K(105984K)] 110736K->2256K(281088K), 0,0005525 secs] [Times: user=0,00 sys=0,00, real=0,00 secs] 
27,224: [GC (Allocation Failure) [PSYoungGen: 105568K->64K(102912K)] 107728K->2224K(278016K), 0,0005964 secs] [Times: user=0,00 sys=0,00, real=0,00 secs] 
27,281: [GC (Allocation Failure) [PSYoungGen: 102464K->64K(99840K)] 104624K->2224K(274944K), 0,0005726 secs] [Times: user=0,00 sys=0,00, real=0,00 secs] 
27,337: [GC (Allocation Failure) [PSYoungGen: 99392K->96K(97280K)] 101552K->2256K(272384K), 0,0005690 secs] [Times: user=0,00 sys=0,00, real=0,00 secs] 
27,392: [GC (Allocation Failure) [PSYoungGen: 96864K->64K(94720K)] 99024K->2224K(269824K), 0,0005434 secs] [Times: user=0,00 sys=0,00, real=0,00 secs] 
27,445: [GC (Allocation Failure) [PSYoungGen: 94272K->64K(92160K)] 96432K->2224K(267264K), 0,0005654 secs] [Times: user=0,00 sys=0,00, real=0,00 secs] 
27,497: [GC (Allocation Failure) [PSYoungGen: 91712K->96K(89600K)] 93872K->2256K(264704K), 0,0006623 secs] [Times: user=0,00 sys=0,00, real=0,00 secs] 
27,547: [GC (Allocation Failure) [PSYoungGen: 89184K->64K(107520K)] 91344K->2224K(282624K), 0,0006206 secs] [Times: user=0,00 sys=0,00, real=0,00 secs] 
27,608: [GC (Allocation Failure) [PSYoungGen: 107072K->32K(129024K)] 109232K->2192K(304128K), 0,0011901 secs] [Times: user=0,00 sys=0,00, real=0,00 secs] 
27,680: [GC (Allocation Failure) [PSYoungGen: 128544K->96K(155136K)] 130704K->2256K(330240K), 0,0005368 secs] [Times: user=0,00 sys=0,00, real=0,00 secs] 
27,767: [GC (Allocation Failure) [PSYoungGen: 154720K->64K(150016K)] 156880K->2224K(325120K), 0,0005451 secs] [Times: user=0,00 sys=0,00, real=0,00 secs] 
27,850: [GC (Allocation Failure) [PSYoungGen: 149567K->32K(144896K)] 151727K->2192K(320000K), 0,0006121 secs] [Times: user=0,00 sys=0,00, real=0,00 secs] 
27,933: [GC (Allocation Failure) [PSYoungGen: 144416K->32K(140288K)] 146576K->2192K(315392K), 0,0007358 secs] [Times: user=0,01 sys=0,00, real=0,00 secs] 
28,011: [GC (Allocation Failure) [PSYoungGen: 139808K->96K(135680K)] 141968K->2256K(310784K), 0,0005627 secs] [Times: user=0,00 sys=0,00, real=0,00 secs] 
28,087: [GC (Allocation Failure) [PSYoungGen: 135264K->96K(131584K)] 137424K->2256K(306688K), 0,0005541 secs] [Times: user=0,00 sys=0,00, real=0,00 secs] 
28,161: [GC (Allocation Failure) [PSYoungGen: 131168K->96K(127488K)] 133328K->2256K(302592K), 0,0005965 secs] [Times: user=0,01 sys=0,00, real=0,00 secs] 
28,232: [GC (Allocation Failure) [PSYoungGen: 127072K->96K(123392K)] 129232K->2256K(298496K), 0,0005488 secs] [Times: user=0,00 sys=0,00, real=0,00 secs] 
28,301: [GC (Allocation Failure) [PSYoungGen: 122976K->96K(119808K)] 125136K->2256K(294912K), 0,0005815 secs] [Times: user=0,01 sys=0,00, real=0,00 secs] 
28,368: [GC (Allocation Failure) [PSYoungGen: 119392K->96K(116224K)] 121552K->2256K(291328K), 0,0008469 secs] [Times: user=0,00 sys=0,00, real=0,00 secs] 
28,433: [GC (Allocation Failure) [PSYoungGen: 115808K->96K(112640K)] 117968K->2256K(287744K), 0,0006080 secs] [Times: user=0,00 sys=0,00, real=0,01 secs] 
28,497: [GC (Allocation Failure) [PSYoungGen: 112224K->64K(109568K)] 114384K->2224K(284672K), 0,0005950 secs] [Times: user=0,00 sys=0,00, real=0,00 secs] 
28,559: [GC (Allocation Failure) [PSYoungGen: 109120K->96K(106496K)] 111280K->2256K(281600K), 0,0005830 secs] [Times: user=0,01 sys=0,00, real=0,00 secs] 
28,621: [GC (Allocation Failure) [PSYoungGen: 106080K->96K(103424K)] 108240K->2256K(278528K), 0,0006073 secs] [Times: user=0,00 sys=0,00, real=0,00 secs] 
28,682: [GC (Allocation Failure) [PSYoungGen: 103008K->64K(124416K)] 105168K->2224K(299520K), 0,0011265 secs] [Times: user=0,00 sys=0,00, real=0,00 secs] 
28,759: [GC (Allocation Failure) [PSYoungGen: 123968K->64K(149504K)] 126128K->2224K(324608K), 0,0010178 secs] [Times: user=0,00 sys=0,00, real=0,00 secs] 
28,853: [GC (Allocation Failure) [PSYoungGen: 149056K->96K(144384K)] 151216K->2256K(319488K), 0,0005556 secs] [Times: user=0,01 sys=0,00, real=0,01 secs] 
28,939: [GC (Allocation Failure) [PSYoungGen: 143968K->96K(139776K)] 146128K->2256K(314880K), 0,0005458 secs] [Times: user=0,00 sys=0,00, real=0,00 secs] 
29,023: [GC (Allocation Failure) [PSYoungGen: 139360K->96K(135168K)] 141520K->2256K(310272K), 0,0005454 secs] [Times: user=0,00 sys=0,00, real=0,01 secs] 
29,105: [GC (Allocation Failure) [PSYoungGen: 134752K->96K(131072K)] 136912K->2256K(306176K), 0,0005718 secs] [Times: user=0,00 sys=0,00, real=0,00 secs] 
29,211: [GC (Allocation Failure) [PSYoungGen: 130656K->32K(157184K)] 132816K->2192K(332288K), 0,0087338 secs] [Times: user=0,01 sys=0,00, real=0,01 secs] 
29,322: [GC (Allocation Failure) [PSYoungGen: 156704K->64K(188928K)] 158864K->2224K(364032K), 0,0005517 secs] [Times: user=0,00 sys=0,00, real=0,00 secs] 
29,435: [GC (Allocation Failure) [PSYoungGen: 188480K->64K(226816K)] 190640K->2232K(401920K), 0,0011497 secs] [Times: user=0,00 sys=0,00, real=0,00 secs] 
29,602: [GC (Allocation Failure) [PSYoungGen: 226368K->64K(272384K)] 228536K->2232K(447488K), 0,0005953 secs] [Times: user=0,00 sys=0,00, real=0,00 secs] 
29,756: [GC (Allocation Failure) [PSYoungGen: 271936K->64K(327168K)] 274104K->2232K(502272K), 0,0005571 secs] [Times: user=0,01 sys=0,00, real=0,00 secs] 
29,967: [GC (Allocation Failure) [PSYoungGen: 326720K->64K(313856K)] 328888K->2232K(488960K), 0,0012479 secs] [Times: user=0,01 sys=0,00, real=0,00 secs] 
30,247: [GC (Allocation Failure) [PSYoungGen: 313408K->96K(301056K)] 315576K->2264K(476160K), 0,0008129 secs] [Times: user=0,00 sys=0,00, real=0,00 secs] 
30,482: [GC (Allocation Failure) [PSYoungGen: 300640K->96K(288768K)] 302808K->2264K(463872K), 0,0008254 secs] [Times: user=0,00 sys=0,00, real=0,00 secs] 
30,763: [GC (Allocation Failure) [PSYoungGen: 288352K->96K(277504K)] 290520K->2288K(452608K), 0,0006174 secs] [Times: user=0,00 sys=0,00, real=0,01 secs] 
30,947: [GC (Allocation Failure) [PSYoungGen: 277088K->96K(266752K)] 279280K->2288K(441856K), 0,0006123 secs] [Times: user=0,00 sys=0,00, real=0,00 secs] 
31,141: [GC (Allocation Failure) [PSYoungGen: 266336K->64K(256512K)] 268528K->2256K(431616K), 0,0008365 secs] [Times: user=0,01 sys=0,00, real=0,00 secs] 
31,354: [GC (Allocation Failure) [PSYoungGen: 256064K->96K(246784K)] 258256K->2288K(421888K), 0,0006374 secs] [Times: user=0,00 sys=0,00, real=0,00 secs] 
31,509: [GC (Allocation Failure) [PSYoungGen: 246368K->64K(237568K)] 248560K->2256K(412672K), 0,0006581 secs] [Times: user=0,00 sys=0,00, real=0,00 secs] 
31,719: [GC (Allocation Failure) [PSYoungGen: 237120K->64K(228352K)] 239312K->2256K(403456K), 0,0012823 secs] [Times: user=0,00 sys=0,00, real=0,00 secs] 
31,909: [GC (Allocation Failure) [PSYoungGen: 227904K->32K(219648K)] 230096K->2224K(394752K), 0,0011743 secs] [Times: user=0,00 sys=0,00, real=0,00 secs] 
32,048: [GC (Allocation Failure) [PSYoungGen: 219168K->64K(211456K)] 221360K->2256K(386560K), 0,0011835 secs] [Times: user=0,00 sys=0,00, real=0,00 secs] 
32,189: [GC (Allocation Failure) [PSYoungGen: 211008K->96K(203776K)] 213200K->2288K(378880K), 0,0005941 secs] [Times: user=0,01 sys=0,00, real=0,00 secs] 
32,319: [GC (Allocation Failure) [PSYoungGen: 203360K->64K(196096K)] 205552K->2256K(371200K), 0,0013147 secs] [Times: user=0,00 sys=0,00, real=0,00 secs] 
32,568: [GC (Allocation Failure) [PSYoungGen: 195648K->96K(188928K)] 197840K->2288K(364032K), 0,0006899 secs] [Times: user=0,00 sys=0,00, real=0,00 secs] 
32,697: [GC (Allocation Failure) [PSYoungGen: 188512K->96K(182272K)] 190704K->2288K(357376K), 0,0006059 secs] [Times: user=0,00 sys=0,00, real=0,00 secs] 
32,816: [GC (Allocation Failure) [PSYoungGen: 181856K->96K(175616K)] 184048K->2288K(350720K), 0,0006068 secs] [Times: user=0,00 sys=0,00, real=0,00 secs] 
32,929: [GC (Allocation Failure) [PSYoungGen: 175200K->96K(169472K)] 177392K->2288K(344576K), 0,0006123 secs] [Times: user=0,00 sys=0,00, real=0,00 secs] 
33,035: [GC (Allocation Failure) [PSYoungGen: 169056K->96K(163840K)] 171248K->2288K(338944K), 0,0006128 secs] [Times: user=0,00 sys=0,00, real=0,00 secs] 
33,139: [GC (Allocation Failure) [PSYoungGen: 163424K->96K(158208K)] 165616K->2288K(333312K), 0,0005878 secs] [Times: user=0,01 sys=0,00, real=0,00 secs] 
33,237: [GC (Allocation Failure) [PSYoungGen: 157792K->0K(153088K)] 159984K->2192K(328192K), 0,0006174 secs] [Times: user=0,00 sys=0,00, real=0,00 secs] 
33,333: [GC (Allocation Failure) [PSYoungGen: 152576K->64K(147968K)] 154768K->2256K(323072K), 0,0009269 secs] [Times: user=0,00 sys=0,00, real=0,01 secs] 
33,425: [GC (Allocation Failure) [PSYoungGen: 147520K->96K(143360K)] 149712K->2288K(318464K), 0,0006421 secs] [Times: user=0,00 sys=0,00, real=0,00 secs] 
33,514: [GC (Allocation Failure) [PSYoungGen: 142944K->96K(138752K)] 145136K->2288K(313856K), 0,0005716 secs] [Times: user=0,00 sys=0,00, real=0,00 secs] 
33,596: [GC (Allocation Failure) [PSYoungGen: 138336K->64K(134144K)] 140528K->2256K(309248K), 0,0005803 secs] [Times: user=0,00 sys=0,00, real=0,00 secs] 
33,677: [GC (Allocation Failure) [PSYoungGen: 133696K->32K(130048K)] 135888K->2224K(305152K), 0,0005636 secs] [Times: user=0,00 sys=0,00, real=0,00 secs] 
33,754: [GC (Allocation Failure) [PSYoungGen: 129568K->96K(125952K)] 131760K->2288K(301056K), 0,0006189 secs] [Times: user=0,00 sys=0,00, real=0,00 secs] 
33,830: [GC (Allocation Failure) [PSYoungGen: 125536K->96K(121856K)] 127728K->2288K(296960K), 0,0005560 secs] [Times: user=0,01 sys=0,00, real=0,00 secs] 
33,901: [GC (Allocation Failure) [PSYoungGen: 121440K->32K(118272K)] 123632K->2224K(293376K), 0,0013498 secs] [Times: user=0,00 sys=0,00, real=0,00 secs] 
33,973: [GC (Allocation Failure) [PSYoungGen: 117792K->96K(114688K)] 119984K->2288K(289792K), 0,0006124 secs] [Times: user=0,00 sys=0,00, real=0,00 secs] 
34,039: [GC (Allocation Failure) [PSYoungGen: 114272K->96K(111104K)] 116464K->2288K(286208K), 0,0005607 secs] [Times: user=0,00 sys=0,00, real=0,00 secs] 
34,104: [GC (Allocation Failure) [PSYoungGen: 110688K->96K(108032K)] 112880K->2288K(283136K), 0,0005708 secs] [Times: user=0,00 sys=0,00, real=0,00 secs] 
34,166: [GC (Allocation Failure) [PSYoungGen: 107616K->32K(104960K)] 109808K->2224K(280064K), 0,0005414 secs] [Times: user=0,00 sys=0,00, real=0,00 secs] 
34,224: [GC (Allocation Failure) [PSYoungGen: 104480K->96K(101888K)] 106672K->2288K(276992K), 0,0005470 secs] [Times: user=0,00 sys=0,00, real=0,00 secs] 
34,282: [GC (Allocation Failure) [PSYoungGen: 101472K->96K(98816K)] 103664K->2288K(273920K), 0,0005417 secs] [Times: user=0,00 sys=0,00, real=0,00 secs] 
34,337: [GC (Allocation Failure) [PSYoungGen: 98400K->96K(96256K)] 100592K->2288K(271360K), 0,0005887 secs] [Times: user=0,00 sys=0,00, real=0,00 secs] 
34,392: [GC (Allocation Failure) [PSYoungGen: 95840K->96K(93696K)] 98032K->2288K(268800K), 0,0005415 secs] [Times: user=0,00 sys=0,00, real=0,00 secs] 
34,449: [GC (Allocation Failure) [PSYoungGen: 93280K->64K(91136K)] 95472K->2256K(266240K), 0,0005356 secs] [Times: user=0,01 sys=0,00, real=0,00 secs] 
34,504: [GC (Allocation Failure) [PSYoungGen: 90688K->32K(88576K)] 92880K->2224K(263680K), 0,0005776 secs] [Times: user=0,00 sys=0,00, real=0,00 secs] 
34,554: [GC (Allocation Failure) [PSYoungGen: 88096K->96K(86528K)] 90288K->2288K(261632K), 0,0005828 secs] [Times: user=0,00 sys=0,00, real=0,00 secs] 
34,602: [GC (Allocation Failure) [PSYoungGen: 86112K->96K(84480K)] 88304K->2288K(259584K), 0,0005420 secs] [Times: user=0,00 sys=0,00, real=0,00 secs] 
34,650: [GC (Allocation Failure) [PSYoungGen: 84064K->64K(82432K)] 86256K->2256K(257536K), 0,0005681 secs] [Times: user=0,00 sys=0,00, real=0,00 secs] 
34,698: [GC (Allocation Failure) [PSYoungGen: 81984K->64K(98816K)] 84176K->2256K(273920K), 0,0013899 secs] [Times: user=0,01 sys=0,00, real=0,00 secs] 
34,753: [GC (Allocation Failure) [PSYoungGen: 98368K->96K(118784K)] 100560K->2288K(293888K), 0,0006105 secs] [Times: user=0,00 sys=0,00, real=0,01 secs] 
34,820: [GC (Allocation Failure) [PSYoungGen: 118368K->96K(142848K)] 120560K->2288K(317952K), 0,0005280 secs] [Times: user=0,00 sys=0,00, real=0,00 secs] 
34,900: [GC (Allocation Failure) [PSYoungGen: 142432K->96K(171520K)] 144624K->2288K(346624K), 0,0005969 secs] [Times: user=0,00 sys=0,00, real=0,00 secs] 
34,998: [GC (Allocation Failure) [PSYoungGen: 171104K->96K(165376K)] 173296K->2288K(340480K), 0,0005478 secs] [Times: user=0,00 sys=0,00, real=0,00 secs] 
35,088: [GC (Allocation Failure) [PSYoungGen: 164960K->96K(159744K)] 167152K->2288K(334848K), 0,0005338 secs] [Times: user=0,00 sys=0,00, real=0,00 secs] 
35,179: [GC (Allocation Failure) [PSYoungGen: 159328K->64K(154112K)] 161520K->2256K(329216K), 0,0006219 secs] [Times: user=0,00 sys=0,00, real=0,00 secs] 
35,263: [GC (Allocation Failure) [PSYoungGen: 153664K->96K(148992K)] 155856K->2288K(324096K), 0,0006229 secs] [Times: user=0,00 sys=0,00, real=0,01 secs] 
35,344: [GC (Allocation Failure) [PSYoungGen: 148576K->96K(143872K)] 150768K->2288K(318976K), 0,0005590 secs] [Times: user=0,00 sys=0,00, real=0,00 secs] 
35,425: [GC (Allocation Failure) [PSYoungGen: 143456K->96K(139264K)] 145648K->2288K(314368K), 0,0005219 secs] [Times: user=0,00 sys=0,00, real=0,00 secs] 
35,500: [GC (Allocation Failure) [PSYoungGen: 138848K->96K(134656K)] 141040K->2288K(309760K), 0,0005363 secs] [Times: user=0,00 sys=0,00, real=0,00 secs] 
35,573: [GC (Allocation Failure) [PSYoungGen: 134240K->96K(130560K)] 136432K->2288K(305664K), 0,0005641 secs] [Times: user=0,00 sys=0,00, real=0,01 secs] 
35,644: [GC (Allocation Failure) [PSYoungGen: 130144K->96K(126464K)] 132336K->2288K(301568K), 0,0006021 secs] [Times: user=0,00 sys=0,00, real=0,00 secs] 
35,712: [GC (Allocation Failure) [PSYoungGen: 126048K->96K(122368K)] 128240K->2288K(297472K), 0,0005432 secs] [Times: user=0,00 sys=0,00, real=0,00 secs] 
35,778: [GC (Allocation Failure) [PSYoungGen: 121952K->96K(118784K)] 124144K->2288K(293888K), 0,0005233 secs] [Times: user=0,00 sys=0,00, real=0,00 secs] 
35,840: [GC (Allocation Failure) [PSYoungGen: 118368K->96K(115200K)] 120560K->2288K(290304K), 0,0005068 secs] [Times: user=0,00 sys=0,00, real=0,00 secs] 
35,901: [GC (Allocation Failure) [PSYoungGen: 114784K->96K(111616K)] 116976K->2288K(286720K), 0,0005085 secs] [Times: user=0,00 sys=0,00, real=0,00 secs] 
35,961: [GC (Allocation Failure) [PSYoungGen: 111200K->64K(108544K)] 113392K->2256K(283648K), 0,0005452 secs] [Times: user=0,00 sys=0,00, real=0,00 secs] 
36,019: [GC (Allocation Failure) [PSYoungGen: 108096K->96K(105472K)] 110288K->2288K(280576K), 0,0005643 secs] [Times: user=0,00 sys=0,00, real=0,00 secs] 
36,074: [GC (Allocation Failure) [PSYoungGen: 105056K->96K(102400K)] 107248K->2288K(277504K), 0,0005798 secs] [Times: user=0,00 sys=0,00, real=0,00 secs] 
36,128: [GC (Allocation Failure) [PSYoungGen: 101984K->96K(99328K)] 104176K->2288K(274432K), 0,0005177 secs] [Times: user=0,00 sys=0,00, real=0,00 secs] 
36,181: [GC (Allocation Failure) [PSYoungGen: 98912K->96K(96768K)] 101104K->2288K(271872K), 0,0005253 secs] [Times: user=0,00 sys=0,00, real=0,00 secs] 
36,231: [GC (Allocation Failure) [PSYoungGen: 96352K->96K(94208K)] 98544K->2288K(269312K), 0,0006137 secs] [Times: user=0,00 sys=0,00, real=0,00 secs] 
36,281: [GC (Allocation Failure) [PSYoungGen: 93792K->96K(91648K)] 95984K->2288K(266752K), 0,0005188 secs] [Times: user=0,00 sys=0,00, real=0,00 secs] 
36,329: [GC (Allocation Failure) [PSYoungGen: 91232K->96K(89088K)] 93424K->2288K(264192K), 0,0005184 secs] [Times: user=0,00 sys=0,00, real=0,00 secs] 
36,376: [GC (Allocation Failure) [PSYoungGen: 88672K->64K(87040K)] 90864K->2256K(262144K), 0,0006226 secs] [Times: user=0,00 sys=0,00, real=0,00 secs] 
36,422: [GC (Allocation Failure) [PSYoungGen: 86592K->96K(84992K)] 88784K->2288K(260096K), 0,0005114 secs] [Times: user=0,00 sys=0,00, real=0,00 secs] 
36,468: [GC (Allocation Failure) [PSYoungGen: 84576K->96K(101888K)] 86768K->2288K(276992K), 0,0005357 secs] [Times: user=0,00 sys=0,00, real=0,00 secs] 
36,523: [GC (Allocation Failure) [PSYoungGen: 101472K->96K(98816K)] 103664K->2288K(273920K), 0,0005643 secs] [Times: user=0,01 sys=0,00, real=0,00 secs] 
36,575: [GC (Allocation Failure) [PSYoungGen: 98400K->96K(96256K)] 100592K->2288K(271360K), 0,0005245 secs] [Times: user=0,00 sys=0,00, real=0,00 secs] 
36,625: [GC (Allocation Failure) [PSYoungGen: 95840K->96K(93696K)] 98032K->2288K(268800K), 0,0005265 secs] [Times: user=0,00 sys=0,00, real=0,00 secs] 
36,675: [GC (Allocation Failure) [PSYoungGen: 93280K->64K(91136K)] 95472K->2256K(266240K), 0,0005212 secs] [Times: user=0,00 sys=0,00, real=0,00 secs] 
36,723: [GC (Allocation Failure) [PSYoungGen: 90688K->96K(88576K)] 92880K->2288K(263680K), 0,0005150 secs] [Times: user=0,00 sys=0,00, real=0,00 secs] 
36,769: [GC (Allocation Failure) [PSYoungGen: 88160K->96K(86528K)] 90352K->2288K(261632K), 0,0005227 secs] [Times: user=0,00 sys=0,00, real=0,00 secs] 
36,815: [GC (Allocation Failure) [PSYoungGen: 86112K->64K(103936K)] 88304K->2256K(279040K), 0,0005957 secs] [Times: user=0,00 sys=0,00, real=0,00 secs] 
36,870: [GC (Allocation Failure) [PSYoungGen: 103488K->96K(100864K)] 105680K->2288K(275968K), 0,0005271 secs] [Times: user=0,01 sys=0,00, real=0,00 secs] 
36,924: [GC (Allocation Failure) [PSYoungGen: 100448K->96K(98304K)] 102640K->2288K(273408K), 0,0005226 secs] [Times: user=0,00 sys=0,00, real=0,00 secs] 
36,977: [GC (Allocation Failure) [PSYoungGen: 97888K->96K(95744K)] 100080K->2288K(270848K), 0,0005665 secs] [Times: user=0,00 sys=0,00, real=0,00 secs] 
37,027: [GC (Allocation Failure) [PSYoungGen: 95328K->64K(93184K)] 97520K->2256K(268288K), 0,0005889 secs] [Times: user=0,00 sys=0,00, real=0,00 secs] 
37,076: [GC (Allocation Failure) [PSYoungGen: 92736K->96K(90624K)] 94928K->2288K(265728K), 0,0005446 secs] [Times: user=0,00 sys=0,00, real=0,00 secs] 
37,124: [GC (Allocation Failure) [PSYoungGen: 90208K->32K(109056K)] 92400K->2224K(284160K), 0,0006168 secs] [Times: user=0,00 sys=0,01, real=0,00 secs] 
37,182: [GC (Allocation Failure) [PSYoungGen: 108576K->64K(105984K)] 110768K->2256K(281088K), 0,0005206 secs] [Times: user=0,00 sys=0,00, real=0,00 secs] 
37,238: [GC (Allocation Failure) [PSYoungGen: 105536K->96K(102912K)] 107728K->2288K(278016K), 0,0005288 secs] [Times: user=0,01 sys=0,00, real=0,00 secs] 
37,292: [GC (Allocation Failure) [PSYoungGen: 102496K->64K(123392K)] 104688K->2256K(298496K), 0,0010321 secs] [Times: user=0,00 sys=0,00, real=0,00 secs] 
37,358: [GC (Allocation Failure) [PSYoungGen: 122944K->96K(147968K)] 125136K->2288K(323072K), 0,0005233 secs] [Times: user=0,01 sys=0,00, real=0,00 secs] 
37,436: [GC (Allocation Failure) [PSYoungGen: 147552K->64K(143360K)] 149744K->2256K(318464K), 0,0005534 secs] [Times: user=0,00 sys=0,00, real=0,00 secs] 
37,511: [GC (Allocation Failure) [PSYoungGen: 142912K->64K(138752K)] 145104K->2256K(313856K), 0,0005847 secs] [Times: user=0,00 sys=0,00, real=0,00 secs] 
37,585: [GC (Allocation Failure) [PSYoungGen: 138304K->96K(134144K)] 140496K->2288K(309248K), 0,0005543 secs] [Times: user=0,00 sys=0,00, real=0,00 secs] 
37,658: [GC (Allocation Failure) [PSYoungGen: 133728K->96K(130048K)] 135920K->2288K(305152K), 0,0005388 secs] [Times: user=0,00 sys=0,00, real=0,00 secs] 
37,728: [GC (Allocation Failure) [PSYoungGen: 129632K->96K(125952K)] 131824K->2288K(301056K), 0,0005386 secs] [Times: user=0,00 sys=0,00, real=0,00 secs] 
37,796: [GC (Allocation Failure) [PSYoungGen: 125536K->64K(121856K)] 127728K->2256K(296960K), 0,0006444 secs] [Times: user=0,01 sys=0,00, real=0,00 secs] 
37,862: [GC (Allocation Failure) [PSYoungGen: 121408K->96K(118272K)] 123600K->2288K(293376K), 0,0005530 secs] [Times: user=0,00 sys=0,00, real=0,00 secs] 
37,928: [GC (Allocation Failure) [PSYoungGen: 117856K->96K(114688K)] 120048K->2288K(289792K), 0,0009736 secs] [Times: user=0,00 sys=0,00, real=0,00 secs] 
37,991: [GC (Allocation Failure) [PSYoungGen: 114272K->96K(111104K)] 116464K->2288K(286208K), 0,0005526 secs] [Times: user=0,00 sys=0,00, real=0,00 secs] 
38,052: [GC (Allocation Failure) [PSYoungGen: 110688K->64K(108032K)] 112880K->2256K(283136K), 0,0006728 secs] [Times: user=0,00 sys=0,00, real=0,00 secs] 
38,110: [GC (Allocation Failure) [PSYoungGen: 107584K->96K(104960K)] 109776K->2288K(280064K), 0,0005751 secs] [Times: user=0,00 sys=0,00, real=0,00 secs] 
38,167: [GC (Allocation Failure) [PSYoungGen: 104544K->32K(101888K)] 106736K->2224K(276992K), 0,0005203 secs] [Times: user=0,00 sys=0,00, real=0,00 secs] 
38,222: [GC (Allocation Failure) [PSYoungGen: 101408K->96K(98816K)] 103600K->2288K(273920K), 0,0005375 secs] [Times: user=0,00 sys=0,00, real=0,00 secs] 
38,276: [GC (Allocation Failure) [PSYoungGen: 98400K->32K(96256K)] 100592K->2224K(271360K), 0,0005211 secs] [Times: user=0,00 sys=0,00, real=0,00 secs] 
38,328: [GC (Allocation Failure) [PSYoungGen: 95775K->64K(93696K)] 97967K->2256K(268800K), 0,0005667 secs] [Times: user=0,00 sys=0,00, real=0,00 secs] 
38,380: [GC (Allocation Failure) [PSYoungGen: 93248K->0K(112640K)] 95440K->2192K(287744K), 0,0010122 secs] [Times: user=0,00 sys=0,00, real=0,00 secs] 
38,444: [GC (Allocation Failure) [PSYoungGen: 112128K->64K(135168K)] 114320K->2256K(310272K), 0,0010499 secs] [Times: user=0,00 sys=0,00, real=0,00 secs] 
38,519: [GC (Allocation Failure) [PSYoungGen: 134720K->96K(162304K)] 136912K->2288K(337408K), 0,0005385 secs] [Times: user=0,00 sys=0,00, real=0,00 secs] 
38,607: [GC (Allocation Failure) [PSYoungGen: 161888K->64K(195072K)] 164080K->2256K(370176K), 0,0009330 secs] [Times: user=0,00 sys=0,00, real=0,00 secs] 
38,716: [GC (Allocation Failure) [PSYoungGen: 194624K->96K(187904K)] 196816K->2288K(363008K), 0,0006194 secs] [Times: user=0,00 sys=0,00, real=0,00 secs] 
38,822: [GC (Allocation Failure) [PSYoungGen: 187488K->64K(181248K)] 189680K->2256K(356352K), 0,0006207 secs] [Times: user=0,01 sys=0,00, real=0,00 secs] 
38,924: [GC (Allocation Failure) [PSYoungGen: 180800K->96K(175104K)] 182992K->2288K(350208K), 0,0005369 secs] [Times: user=0,00 sys=0,00, real=0,00 secs] 
39,023: [GC (Allocation Failure) [PSYoungGen: 174688K->64K(168960K)] 176880K->2256K(344064K), 0,0011532 secs] [Times: user=0,00 sys=0,00, real=0,01 secs] 
39,119: [GC (Allocation Failure) [PSYoungGen: 168512K->96K(163328K)] 170704K->2288K(338432K), 0,0006047 secs] [Times: user=0,00 sys=0,00, real=0,00 secs] 
39,220: [GC (Allocation Failure) [PSYoungGen: 162912K->96K(157696K)] 165104K->2288K(332800K), 0,0005801 secs] [Times: user=0,00 sys=0,00, real=0,00 secs] 
39,308: [GC (Allocation Failure) [PSYoungGen: 157280K->96K(152576K)] 159472K->2288K(327680K), 0,0005555 secs] [Times: user=0,00 sys=0,01, real=0,00 secs] 
39,393: [GC (Allocation Failure) [PSYoungGen: 152160K->32K(147456K)] 154352K->2224K(322560K), 0,0005339 secs] [Times: user=0,00 sys=0,00, real=0,01 secs] 
39,477: [GC (Allocation Failure) [PSYoungGen: 146976K->64K(142848K)] 149168K->2256K(317952K), 0,0154819 secs] [Times: user=0,00 sys=0,00, real=0,01 secs] 
39,573: [GC (Allocation Failure) [PSYoungGen: 142400K->96K(138240K)] 144592K->2288K(313344K), 0,0005875 secs] [Times: user=0,00 sys=0,00, real=0,01 secs] 
39,653: [GC (Allocation Failure) [PSYoungGen: 137824K->96K(133632K)] 140016K->2288K(308736K), 0,0006569 secs] [Times: user=0,00 sys=0,00, real=0,00 secs] 
39,728: [GC (Allocation Failure) [PSYoungGen: 133216K->96K(129536K)] 135408K->2288K(304640K), 0,0005776 secs] [Times: user=0,00 sys=0,00, real=0,00 secs] 
39,801: [GC (Allocation Failure) [PSYoungGen: 129120K->64K(125440K)] 131312K->2256K(300544K), 0,0005726 secs] [Times: user=0,01 sys=0,00, real=0,00 secs] 
39,871: [GC (Allocation Failure) [PSYoungGen: 124992K->96K(121344K)] 127184K->2288K(296448K), 0,0006217 secs] [Times: user=0,01 sys=0,00, real=0,00 secs] 
39,941: [GC (Allocation Failure) [PSYoungGen: 120928K->96K(117760K)] 123120K->2288K(292864K), 0,0005554 secs] [Times: user=0,01 sys=0,00, real=0,00 secs] 
40,007: [GC (Allocation Failure) [PSYoungGen: 117344K->64K(114176K)] 119536K->2256K(289280K), 0,0005449 secs] [Times: user=0,00 sys=0,00, real=0,00 secs] 
40,072: [GC (Allocation Failure) [PSYoungGen: 113728K->96K(110592K)] 115920K->2288K(285696K), 0,0005430 secs] [Times: user=0,00 sys=0,00, real=0,00 secs] 
40,134: [GC (Allocation Failure) [PSYoungGen: 110176K->32K(107520K)] 112368K->2224K(282624K), 0,0008921 secs] [Times: user=0,00 sys=0,00, real=0,00 secs] 
40,195: [GC (Allocation Failure) [PSYoungGen: 107040K->96K(104448K)] 109232K->2288K(279552K), 0,0005420 secs] [Times: user=0,00 sys=0,00, real=0,00 secs] 
40,254: [GC (Allocation Failure) [PSYoungGen: 104032K->64K(101376K)] 106224K->2256K(276480K), 0,0005939 secs] [Times: user=0,00 sys=0,00, real=0,00 secs] 
40,310: [GC (Allocation Failure) [PSYoungGen: 100928K->96K(98816K)] 103120K->2288K(273920K), 0,0005809 secs] [Times: user=0,01 sys=0,00, real=0,00 secs] 
40,366: [GC (Allocation Failure) [PSYoungGen: 98400K->96K(96256K)] 100592K->2288K(271360K), 0,0007905 secs] [Times: user=0,00 sys=0,00, real=0,00 secs] 
40,419: [GC (Allocation Failure) [PSYoungGen: 95840K->96K(93696K)] 98032K->2312K(268800K), 0,0005467 secs] [Times: user=0,00 sys=0,00, real=0,00 secs] 
40,470: [GC (Allocation Failure) [PSYoungGen: 93280K->96K(91136K)] 95496K->2312K(266240K), 0,0005560 secs] [Times: user=0,00 sys=0,00, real=0,00 secs] 
40,520: [GC (Allocation Failure) [PSYoungGen: 90720K->64K(88576K)] 92936K->2280K(263680K), 0,0005326 secs] [Times: user=0,00 sys=0,00, real=0,00 secs] 
40,567: [GC (Allocation Failure) [PSYoungGen: 88128K->96K(86528K)] 90344K->2312K(261632K), 0,0005494 secs] [Times: user=0,01 sys=0,00, real=0,00 secs] 
40,615: [GC (Allocation Failure) [PSYoungGen: 86112K->96K(103936K)] 88328K->2312K(279040K), 0,0005452 secs] [Times: user=0,00 sys=0,00, real=0,00 secs] 
40,671: [GC (Allocation Failure) [PSYoungGen: 103520K->96K(100864K)] 105736K->2312K(275968K), 0,0005483 secs] [Times: user=0,00 sys=0,00, real=0,00 secs] 
40,726: [GC (Allocation Failure) [PSYoungGen: 100448K->64K(98304K)] 102664K->2280K(273408K), 0,0005346 secs] [Times: user=0,00 sys=0,00, real=0,00 secs] 
40,780: [GC (Allocation Failure) [PSYoungGen: 97856K->96K(95744K)] 100072K->2312K(270848K), 0,0005515 secs] [Times: user=0,00 sys=0,00, real=0,00 secs] 
40,833: [GC (Allocation Failure) [PSYoungGen: 95328K->96K(93184K)] 97544K->2312K(268288K), 0,0005341 secs] [Times: user=0,00 sys=0,00, real=0,00 secs] 
40,883: [GC (Allocation Failure) [PSYoungGen: 92768K->64K(90624K)] 94984K->2280K(265728K), 0,0006203 secs] [Times: user=0,00 sys=0,00, real=0,01 secs] 
40,933: [GC (Allocation Failure) [PSYoungGen: 90176K->96K(88064K)] 92392K->2312K(263168K), 0,0005230 secs] [Times: user=0,00 sys=0,00, real=0,00 secs] 
40,981: [GC (Allocation Failure) [PSYoungGen: 87648K->96K(86016K)] 89864K->2312K(261120K), 0,0005314 secs] [Times: user=0,00 sys=0,00, real=0,00 secs] 
41,029: [GC (Allocation Failure) [PSYoungGen: 85600K->96K(83968K)] 87816K->2312K(259072K), 0,0005239 secs] [Times: user=0,00 sys=0,00, real=0,00 secs] 
41,073: [GC (Allocation Failure) [PSYoungGen: 83552K->96K(100864K)] 85768K->2312K(275968K), 0,0005238 secs] [Times: user=0,00 sys=0,00, real=0,00 secs] 
41,126: [GC (Allocation Failure) [PSYoungGen: 100448K->96K(98304K)] 102664K->2312K(273408K), 0,0005366 secs] [Times: user=0,00 sys=0,00, real=0,00 secs] 
41,180: [GC (Allocation Failure) [PSYoungGen: 97888K->96K(95744K)] 100104K->2312K(270848K), 0,0005590 secs] [Times: user=0,00 sys=0,00, real=0,00 secs] 
41,230: [GC (Allocation Failure) [PSYoungGen: 95328K->96K(93184K)] 97544K->2312K(268288K), 0,0005598 secs] [Times: user=0,00 sys=0,00, real=0,00 secs] 
41,280: [GC (Allocation Failure) [PSYoungGen: 92768K->96K(90624K)] 94984K->2312K(265728K), 0,0005464 secs] [Times: user=0,00 sys=0,00, real=0,00 secs] 
41,327: [GC (Allocation Failure) [PSYoungGen: 90208K->96K(88064K)] 92424K->2312K(263168K), 0,0005180 secs] [Times: user=0,00 sys=0,00, real=0,00 secs] 
41,375: [GC (Allocation Failure) [PSYoungGen: 87648K->96K(105984K)] 89864K->2312K(281088K), 0,0005681 secs] [Times: user=0,00 sys=0,00, real=0,00 secs] 
41,432: [GC (Allocation Failure) [PSYoungGen: 105568K->96K(102912K)] 107784K->2312K(278016K), 0,0006939 secs] [Times: user=0,00 sys=0,00, real=0,00 secs] 
41,486: [GC (Allocation Failure) [PSYoungGen: 102496K->96K(99840K)] 104712K->2312K(274944K), 0,0005249 secs] [Times: user=0,00 sys=0,00, real=0,00 secs] 
41,539: [GC (Allocation Failure) [PSYoungGen: 99424K->96K(97280K)] 101640K->2312K(272384K), 0,0005851 secs] [Times: user=0,00 sys=0,00, real=0,00 secs] 
41,590: [GC (Allocation Failure) [PSYoungGen: 96863K->96K(94720K)] 99079K->2312K(269824K), 0,0005153 secs] [Times: user=0,00 sys=0,00, real=0,00 secs] 
41,641: [GC (Allocation Failure) [PSYoungGen: 94304K->96K(92160K)] 96520K->2312K(267264K), 0,0005403 secs] [Times: user=0,00 sys=0,00, real=0,00 secs] 
41,691: [GC (Allocation Failure) [PSYoungGen: 91744K->64K(110592K)] 93960K->2280K(285696K), 0,0006500 secs] [Times: user=0,00 sys=0,00, real=0,00 secs] 
41,749: [GC (Allocation Failure) [PSYoungGen: 110144K->96K(107520K)] 112360K->2312K(282624K), 0,0005622 secs] [Times: user=0,00 sys=0,00, real=0,00 secs] 
41,806: [GC (Allocation Failure) [PSYoungGen: 107104K->64K(104448K)] 109320K->2280K(279552K), 0,0005836 secs] [Times: user=0,00 sys=0,00, real=0,00 secs] 
41,861: [GC (Allocation Failure) [PSYoungGen: 104000K->96K(101376K)] 106216K->2312K(276480K), 0,0005381 secs] [Times: user=0,00 sys=0,00, real=0,00 secs] 
41,915: [GC (Allocation Failure) [PSYoungGen: 100960K->64K(121856K)] 103176K->2280K(296960K), 0,0016008 secs] [Times: user=0,00 sys=0,00, real=0,00 secs] 
41,980: [GC (Allocation Failure) [PSYoungGen: 121408K->96K(146432K)] 123624K->2312K(321536K), 0,0005255 secs] [Times: user=0,00 sys=0,00, real=0,00 secs] 
42,057: [GC (Allocation Failure) [PSYoungGen: 146016K->96K(175616K)] 148232K->2312K(350720K), 0,0005451 secs] [Times: user=0,00 sys=0,00, real=0,00 secs] 
42,150: [GC (Allocation Failure) [PSYoungGen: 175200K->96K(169472K)] 177416K->2312K(344576K), 0,0005718 secs] [Times: user=0,00 sys=0,00, real=0,00 secs] 
42,241: [GC (Allocation Failure) [PSYoungGen: 169056K->96K(163840K)] 171272K->2312K(338944K), 0,0005577 secs] [Times: user=0,00 sys=0,00, real=0,00 secs] 
42,327: [GC (Allocation Failure) [PSYoungGen: 163424K->32K(158208K)] 165640K->2248K(333312K), 0,0005254 secs] [Times: user=0,00 sys=0,00, real=0,00 secs] 
42,411: [GC (Allocation Failure) [PSYoungGen: 157728K->96K(153088K)] 159944K->2312K(328192K), 0,0005927 secs] [Times: user=0,01 sys=0,00, real=0,00 secs] 
42,491: [GC (Allocation Failure) [PSYoungGen: 152672K->64K(147968K)] 154888K->2280K(323072K), 0,0005200 secs] [Times: user=0,00 sys=0,00, real=0,00 secs] 
42,568: [GC (Allocation Failure) [PSYoungGen: 147520K->64K(143360K)] 149736K->2280K(318464K), 0,0005870 secs] [Times: user=0,00 sys=0,00, real=0,00 secs] 
42,645: [GC (Allocation Failure) [PSYoungGen: 142912K->96K(138752K)] 145128K->2312K(313856K), 0,0005195 secs] [Times: user=0,00 sys=0,00, real=0,00 secs] 
42,717: [GC (Allocation Failure) [PSYoungGen: 138336K->96K(134144K)] 140552K->2312K(309248K), 0,0005257 secs] [Times: user=0,00 sys=0,00, real=0,00 secs] 
42,788: [GC (Allocation Failure) [PSYoungGen: 133728K->64K(130048K)] 135944K->2280K(305152K), 0,0005250 secs] [Times: user=0,00 sys=0,00, real=0,00 secs] 
42,857: [GC (Allocation Failure) [PSYoungGen: 129600K->32K(125952K)] 131816K->2248K(301056K), 0,0005755 secs] [Times: user=0,00 sys=0,00, real=0,00 secs] 
42,928: [GC (Allocation Failure) [PSYoungGen: 125472K->96K(121856K)] 127688K->2312K(296960K), 0,0005314 secs] [Times: user=0,00 sys=0,00, real=0,00 secs] 
42,994: [GC (Allocation Failure) [PSYoungGen: 121440K->96K(118272K)] 123656K->2312K(293376K), 0,0005362 secs] [Times: user=0,00 sys=0,00, real=0,00 secs] 
43,059: [GC (Allocation Failure) [PSYoungGen: 117856K->96K(114688K)] 120072K->2312K(289792K), 0,0005500 secs] [Times: user=0,01 sys=0,00, real=0,00 secs] 
43,121: [GC (Allocation Failure) [PSYoungGen: 114272K->96K(111104K)] 116488K->2312K(286208K), 0,0005325 secs] [Times: user=0,00 sys=0,00, real=0,00 secs] 
43,181: [GC (Allocation Failure) [PSYoungGen: 110688K->32K(108032K)] 112904K->2248K(283136K), 0,0005505 secs] [Times: user=0,00 sys=0,00, real=0,00 secs] 
43,239: [GC (Allocation Failure) [PSYoungGen: 107552K->64K(104960K)] 109768K->2280K(280064K), 0,0007085 secs] [Times: user=0,00 sys=0,01, real=0,00 secs] 
43,296: [GC (Allocation Failure) [PSYoungGen: 104512K->96K(101888K)] 106728K->2312K(276992K), 0,0005337 secs] [Times: user=0,00 sys=0,00, real=0,00 secs] 
43,352: [GC (Allocation Failure) [PSYoungGen: 101472K->96K(98816K)] 103688K->2312K(273920K), 0,0005378 secs] [Times: user=0,00 sys=0,00, real=0,00 secs] 
43,406: [GC (Allocation Failure) [PSYoungGen: 98400K->96K(96256K)] 100616K->2312K(271360K), 0,0005370 secs] [Times: user=0,00 sys=0,00, real=0,00 secs] 
43,459: [GC (Allocation Failure) [PSYoungGen: 95840K->96K(93696K)] 98056K->2312K(268800K), 0,0005295 secs] [Times: user=0,00 sys=0,00, real=0,00 secs] 
43,510: [GC (Allocation Failure) [PSYoungGen: 93280K->64K(91136K)] 95496K->2280K(266240K), 0,0005731 secs] [Times: user=0,00 sys=0,00, real=0,00 secs] 
43,559: [GC (Allocation Failure) [PSYoungGen: 90688K->96K(88576K)] 92904K->2312K(263680K), 0,0005344 secs] [Times: user=0,00 sys=0,00, real=0,00 secs] 
43,608: [GC (Allocation Failure) [PSYoungGen: 88160K->64K(106496K)] 90376K->2280K(281600K), 0,0009715 secs] [Times: user=0,00 sys=0,00, real=0,00 secs] 
43,667: [GC (Allocation Failure) [PSYoungGen: 106048K->96K(128000K)] 108264K->2312K(303104K), 0,0005401 secs] [Times: user=0,00 sys=0,00, real=0,00 secs] 
43,737: [GC (Allocation Failure) [PSYoungGen: 127584K->96K(153600K)] 129800K->2312K(328704K), 0,0006502 secs] [Times: user=0,00 sys=0,00, real=0,00 secs] 
43,820: [GC (Allocation Failure) [PSYoungGen: 153184K->96K(148480K)] 155400K->2312K(323584K), 0,0007933 secs] [Times: user=0,00 sys=0,00, real=0,00 secs] 
43,901: [GC (Allocation Failure) [PSYoungGen: 148064K->96K(143360K)] 150280K->2312K(318464K), 0,0005305 secs] [Times: user=0,00 sys=0,00, real=0,00 secs] 
43,980: [GC (Allocation Failure) [PSYoungGen: 142944K->96K(138752K)] 145160K->2312K(313856K), 0,0008342 secs] [Times: user=0,00 sys=0,00, real=0,00 secs] 
44,056: [GC (Allocation Failure) [PSYoungGen: 138336K->64K(134144K)] 140552K->2280K(309248K), 0,0007660 secs] [Times: user=0,00 sys=0,00, real=0,00 secs] 
44,128: [GC (Allocation Failure) [PSYoungGen: 133696K->96K(130048K)] 135912K->2312K(305152K), 0,0005397 secs] [Times: user=0,00 sys=0,00, real=0,00 secs] 
44,199: [GC (Allocation Failure) [PSYoungGen: 129632K->32K(156160K)] 131848K->2248K(331264K), 0,0011639 secs] [Times: user=0,00 sys=0,00, real=0,00 secs] 
44,285: [GC (Allocation Failure) [PSYoungGen: 155680K->96K(151040K)] 157896K->2312K(326144K), 0,0005447 secs] [Times: user=0,00 sys=0,00, real=0,00 secs] 
44,367: [GC (Allocation Failure) [PSYoungGen: 150624K->96K(145920K)] 152840K->2312K(321024K), 0,0006020 secs] [Times: user=0,00 sys=0,00, real=0,00 secs] 
44,446: [GC (Allocation Failure) [PSYoungGen: 145504K->96K(141312K)] 147720K->2312K(316416K), 0,0005535 secs] [Times: user=0,00 sys=0,00, real=0,00 secs] 
44,522: [GC (Allocation Failure) [PSYoungGen: 140896K->96K(136704K)] 143112K->2312K(311808K), 0,0005374 secs] [Times: user=0,00 sys=0,00, real=0,00 secs] 
44,596: [GC (Allocation Failure) [PSYoungGen: 136288K->32K(132608K)] 138504K->2248K(307712K), 0,0005467 secs] [Times: user=0,00 sys=0,00, real=0,00 secs] 
44,668: [GC (Allocation Failure) [PSYoungGen: 132128K->64K(128512K)] 134344K->2280K(303616K), 0,0005588 secs] [Times: user=0,00 sys=0,00, real=0,00 secs] 
44,738: [GC (Allocation Failure) [PSYoungGen: 128064K->96K(124416K)] 130280K->2312K(299520K), 0,0005327 secs] [Times: user=0,00 sys=0,00, real=0,00 secs] 
44,807: [GC (Allocation Failure) [PSYoungGen: 124000K->96K(120832K)] 126216K->2312K(295936K), 0,0008170 secs] [Times: user=0,00 sys=0,00, real=0,00 secs] 
44,875: [GC (Allocation Failure) [PSYoungGen: 120416K->96K(117248K)] 122632K->2312K(292352K), 0,0005952 secs] [Times: user=0,00 sys=0,00, real=0,00 secs] 
44,942: [GC (Allocation Failure) [PSYoungGen: 116832K->64K(113664K)] 119048K->2280K(288768K), 0,0005609 secs] [Times: user=0,01 sys=0,00, real=0,00 secs] 
45,006: [GC (Allocation Failure) [PSYoungGen: 113216K->96K(110592K)] 115432K->2312K(285696K), 0,0005499 secs] [Times: user=0,00 sys=0,00, real=0,00 secs] 
45,067: [GC (Allocation Failure) [PSYoungGen: 110175K->32K(107520K)] 112391K->2248K(282624K), 0,0005494 secs] [Times: user=0,00 sys=0,00, real=0,00 secs] 
45,128: [GC (Allocation Failure) [PSYoungGen: 107040K->96K(104448K)] 109256K->2312K(279552K), 0,0005269 secs] [Times: user=0,00 sys=0,00, real=0,00 secs] 
45,191: [GC (Allocation Failure) [PSYoungGen: 104032K->96K(101376K)] 106248K->2312K(276480K), 0,0005368 secs] [Times: user=0,01 sys=0,00, real=0,00 secs] 
45,247: [GC (Allocation Failure) [PSYoungGen: 100960K->96K(98816K)] 103176K->2312K(273920K), 0,0005786 secs] [Times: user=0,00 sys=0,00, real=0,00 secs] 
45,303: [GC (Allocation Failure) [PSYoungGen: 98400K->64K(96256K)] 100616K->2280K(271360K), 0,0006202 secs] [Times: user=0,00 sys=0,00, real=0,01 secs] 
45,357: [GC (Allocation Failure) [PSYoungGen: 95808K->96K(93696K)] 98024K->2312K(268800K), 0,0005383 secs] [Times: user=0,00 sys=0,00, real=0,00 secs] 
45,410: [GC (Allocation Failure) [PSYoungGen: 93280K->96K(91136K)] 95496K->2312K(266240K), 0,0005613 secs] [Times: user=0,00 sys=0,00, real=0,00 secs] 
45,461: [GC (Allocation Failure) [PSYoungGen: 90720K->96K(88576K)] 92936K->2312K(263680K), 0,0005463 secs] [Times: user=0,00 sys=0,00, real=0,00 secs] 
45,510: [GC (Allocation Failure) [PSYoungGen: 88160K->64K(86528K)] 90376K->2280K(261632K), 0,0005780 secs] [Times: user=0,00 sys=0,00, real=0,00 secs] 
45,559: [GC (Allocation Failure) [PSYoungGen: 86080K->96K(84480K)] 88296K->2312K(259584K), 0,0005413 secs] [Times: user=0,01 sys=0,00, real=0,00 secs] 
45,606: [GC (Allocation Failure) [PSYoungGen: 84064K->64K(101376K)] 86280K->2280K(276480K), 0,0006644 secs] [Times: user=0,00 sys=0,00, real=0,00 secs] 
45,666: [GC (Allocation Failure) [PSYoungGen: 100928K->64K(121856K)] 103144K->2280K(296960K), 0,0010751 secs] [Times: user=0,00 sys=0,00, real=0,00 secs] 
45,735: [GC (Allocation Failure) [PSYoungGen: 121408K->64K(146432K)] 123624K->2280K(321536K), 0,0006146 secs] [Times: user=0,00 sys=0,00, real=0,00 secs] 
45,816: [GC (Allocation Failure) [PSYoungGen: 145984K->96K(141824K)] 148200K->2312K(316928K), 0,0005613 secs] [Times: user=0,00 sys=0,00, real=0,00 secs] 
45,895: [GC (Allocation Failure) [PSYoungGen: 141408K->96K(137216K)] 143624K->2312K(312320K), 0,0005502 secs] [Times: user=0,00 sys=0,00, real=0,00 secs] 
45,973: [GC (Allocation Failure) [PSYoungGen: 136800K->32K(132608K)] 139016K->2248K(307712K), 0,0005937 secs] [Times: user=0,00 sys=0,00, real=0,01 secs] 
46,047: [GC (Allocation Failure) [PSYoungGen: 132128K->96K(128512K)] 134344K->2312K(303616K), 0,0005544 secs] [Times: user=0,00 sys=0,00, real=0,00 secs] 
46,122: [GC (Allocation Failure) [PSYoungGen: 128096K->64K(124416K)] 130312K->2280K(299520K), 0,0005456 secs] [Times: user=0,00 sys=0,00, real=0,00 secs] 
46,192: [GC (Allocation Failure) [PSYoungGen: 123968K->96K(120832K)] 126184K->2312K(295936K), 0,0005518 secs] [Times: user=0,00 sys=0,00, real=0,00 secs] 
46,259: [GC (Allocation Failure) [PSYoungGen: 120416K->64K(117248K)] 122632K->2280K(292352K), 0,0005425 secs] [Times: user=0,01 sys=0,00, real=0,00 secs] 
46,325: [GC (Allocation Failure) [PSYoungGen: 116800K->96K(113664K)] 119016K->2312K(288768K), 0,0005478 secs] [Times: user=0,00 sys=0,00, real=0,00 secs] 
46,388: [GC (Allocation Failure) [PSYoungGen: 113248K->96K(110592K)] 115464K->2312K(285696K), 0,0005663 secs] [Times: user=0,01 sys=0,00, real=0,00 secs] 
46,452: [GC (Allocation Failure) [PSYoungGen: 110176K->96K(107520K)] 112392K->2312K(282624K), 0,0005425 secs] [Times: user=0,00 sys=0,00, real=0,00 secs] 
46,514: [GC (Allocation Failure) [PSYoungGen: 107104K->64K(104448K)] 109320K->2280K(279552K), 0,0005790 secs] [Times: user=0,00 sys=0,00, real=0,00 secs] 
46,574: [GC (Allocation Failure) [PSYoungGen: 104000K->64K(101376K)] 106216K->2280K(276480K), 0,0005946 secs] [Times: user=0,00 sys=0,00, real=0,00 secs] 
46,630: [GC (Allocation Failure) [PSYoungGen: 100928K->96K(98816K)] 103144K->2312K(273920K), 0,0005502 secs] [Times: user=0,00 sys=0,00, real=0,00 secs] 
46,686: [GC (Allocation Failure) [PSYoungGen: 98400K->32K(96256K)] 100616K->2248K(271360K), 0,0006279 secs] [Times: user=0,00 sys=0,00, real=0,00 secs] 
46,740: [GC (Allocation Failure) [PSYoungGen: 95776K->64K(93696K)] 97992K->2280K(268800K), 0,0005798 secs] [Times: user=0,00 sys=0,00, real=0,00 secs] 
46,792: [GC (Allocation Failure) [PSYoungGen: 93248K->96K(91136K)] 95464K->2312K(266240K), 0,0005611 secs] [Times: user=0,00 sys=0,00, real=0,00 secs] 
46,843: [GC (Allocation Failure) [PSYoungGen: 90720K->96K(88576K)] 92936K->2312K(263680K), 0,0005676 secs] [Times: user=0,00 sys=0,00, real=0,01 secs] 
46,892: [GC (Allocation Failure) [PSYoungGen: 88160K->64K(106496K)] 90376K->2280K(281600K), 0,0006863 secs] [Times: user=0,00 sys=0,00, real=0,00 secs] 
46,954: [GC (Allocation Failure) [PSYoungGen: 106048K->96K(103424K)] 108264K->2312K(278528K), 0,0005556 secs] [Times: user=0,00 sys=0,00, real=0,00 secs] 
47,012: [GC (Allocation Failure) [PSYoungGen: 103008K->96K(100352K)] 105224K->2312K(275456K), 0,0005926 secs] [Times: user=0,00 sys=0,00, real=0,00 secs] 
47,070: [GC (Allocation Failure) [PSYoungGen: 99936K->64K(97792K)] 102152K->2280K(272896K), 0,0006287 secs] [Times: user=0,00 sys=0,00, real=0,00 secs] 
47,125: [GC (Allocation Failure) [PSYoungGen: 97344K->32K(117248K)] 99560K->2248K(292352K), 0,0008019 secs] [Times: user=0,00 sys=0,00, real=0,00 secs] 
47,191: [GC (Allocation Failure) [PSYoungGen: 116768K->96K(113664K)] 118984K->2312K(288768K), 0,0005821 secs] [Times: user=0,00 sys=0,00, real=0,00 secs] 
47,254: [GC (Allocation Failure) [PSYoungGen: 113248K->32K(110592K)] 115464K->2248K(285696K), 0,0005790 secs] [Times: user=0,00 sys=0,00, real=0,00 secs] 
47,317: [GC (Allocation Failure) [PSYoungGen: 110112K->96K(107520K)] 112328K->2312K(282624K), 0,0005532 secs] [Times: user=0,00 sys=0,01, real=0,00 secs] 
47,377: [GC (Allocation Failure) [PSYoungGen: 107104K->64K(104448K)] 109320K->2280K(279552K), 0,0007427 secs] [Times: user=0,00 sys=0,00, real=0,00 secs] 
47,435: [GC (Allocation Failure) [PSYoungGen: 104000K->64K(125440K)] 106216K->2280K(300544K), 0,0011170 secs] [Times: user=0,01 sys=0,00, real=0,00 secs] 
47,506: [GC (Allocation Failure) [PSYoungGen: 124992K->96K(150528K)] 127208K->2312K(325632K), 0,0005410 secs] [Times: user=0,00 sys=0,00, real=0,00 secs] 
47,589: [GC (Allocation Failure) [PSYoungGen: 150112K->64K(145408K)] 152328K->2280K(320512K), 0,0005540 secs] [Times: user=0,00 sys=0,00, real=0,00 secs] 
47,671: [GC (Allocation Failure) [PSYoungGen: 144960K->64K(140800K)] 147176K->2280K(315904K), 0,0006304 secs] [Times: user=0,00 sys=0,00, real=0,00 secs] 
47,750: [GC (Allocation Failure) [PSYoungGen: 140352K->96K(136192K)] 142568K->2312K(311296K), 0,0005457 secs] [Times: user=0,00 sys=0,00, real=0,00 secs] 
47,826: [GC (Allocation Failure) [PSYoungGen: 135776K->64K(132096K)] 137992K->2280K(307200K), 0,0007991 secs] [Times: user=0,00 sys=0,00, real=0,00 secs] 
47,900: [GC (Allocation Failure) [PSYoungGen: 131648K->96K(128000K)] 133864K->2312K(303104K), 0,0005833 secs] [Times: user=0,00 sys=0,00, real=0,00 secs] 
47,974: [GC (Allocation Failure) [PSYoungGen: 127584K->96K(123904K)] 129800K->2312K(299008K), 0,0005549 secs] [Times: user=0,00 sys=0,00, real=0,00 secs] 
48,043: [GC (Allocation Failure) [PSYoungGen: 123488K->64K(120320K)] 125704K->2280K(295424K), 0,0005781 secs] [Times: user=0,00 sys=0,00, real=0,01 secs] 
48,111: [GC (Allocation Failure) [PSYoungGen: 119872K->96K(116736K)] 122088K->2312K(291840K), 0,0005595 secs] [Times: user=0,00 sys=0,00, real=0,00 secs] 
48,176: [GC (Allocation Failure) [PSYoungGen: 116320K->96K(113152K)] 118536K->2312K(288256K), 0,0005529 secs] [Times: user=0,00 sys=0,00, real=0,00 secs] 
48,239: [GC (Allocation Failure) [PSYoungGen: 112736K->64K(110080K)] 114952K->2280K(285184K), 0,0005489 secs] [Times: user=0,00 sys=0,00, real=0,00 secs] 
48,301: [GC (Allocation Failure) [PSYoungGen: 109632K->96K(107008K)] 111848K->2312K(282112K), 0,0005494 secs] [Times: user=0,01 sys=0,00, real=0,00 secs] 
48,361: [GC (Allocation Failure) [PSYoungGen: 106592K->96K(103936K)] 108808K->2312K(279040K), 0,0006031 secs] [Times: user=0,01 sys=0,00, real=0,00 secs] 
48,419: [GC (Allocation Failure) [PSYoungGen: 103520K->96K(100864K)] 105736K->2312K(275968K), 0,0005987 secs] [Times: user=0,00 sys=0,00, real=0,00 secs] 
48,476: [GC (Allocation Failure) [PSYoungGen: 100448K->96K(98304K)] 102664K->2312K(273408K), 0,0005475 secs] [Times: user=0,00 sys=0,00, real=0,00 secs] 
48,531: [GC (Allocation Failure) [PSYoungGen: 97888K->96K(95744K)] 100104K->2312K(270848K), 0,0018018 secs] [Times: user=0,00 sys=0,00, real=0,01 secs] 
48,598: [GC (Allocation Failure) [PSYoungGen: 95328K->96K(93184K)] 97544K->2312K(268288K), 0,0005537 secs] [Times: user=0,00 sys=0,00, real=0,00 secs] 
48,650: [GC (Allocation Failure) [PSYoungGen: 92768K->96K(90624K)] 94984K->2312K(265728K), 0,0005454 secs] [Times: user=0,01 sys=0,00, real=0,00 secs] 
48,701: [GC (Allocation Failure) [PSYoungGen: 90208K->96K(88064K)] 92424K->2312K(263168K), 0,0005951 secs] [Times: user=0,00 sys=0,00, real=0,00 secs] 
48,750: [GC (Allocation Failure) [PSYoungGen: 87648K->96K(86016K)] 89864K->2312K(261120K), 0,0006103 secs] [Times: user=0,00 sys=0,00, real=0,00 secs] 
48,798: [GC (Allocation Failure) [PSYoungGen: 85600K->96K(83968K)] 87816K->2312K(259072K), 0,0005507 secs] [Times: user=0,00 sys=0,00, real=0,00 secs] 
48,844: [GC (Allocation Failure) [PSYoungGen: 83552K->96K(100864K)] 85768K->2312K(275968K), 0,0005892 secs] [Times: user=0,00 sys=0,00, real=0,00 secs] 
48,901: [GC (Allocation Failure) [PSYoungGen: 100448K->64K(121344K)] 102664K->2280K(296448K), 0,0010159 secs] [Times: user=0,00 sys=0,00, real=0,00 secs] 
48,971: [GC (Allocation Failure) [PSYoungGen: 120896K->96K(145920K)] 123112K->2312K(321024K), 0,0006368 secs] [Times: user=0,00 sys=0,00, real=0,00 secs] 
49,052: [GC (Allocation Failure) [PSYoungGen: 145504K->96K(141312K)] 147720K->2312K(316416K), 0,0005475 secs] [Times: user=0,00 sys=0,00, real=0,00 secs] 
49,130: [GC (Allocation Failure) [PSYoungGen: 140896K->96K(136704K)] 143112K->2312K(311808K), 0,0005352 secs] [Times: user=0,00 sys=0,00, real=0,00 secs] 
49,207: [GC (Allocation Failure) [PSYoungGen: 136288K->96K(132608K)] 138504K->2312K(307712K), 0,0005715 secs] [Times: user=0,00 sys=0,00, real=0,00 secs] 
49,279: [GC (Allocation Failure) [PSYoungGen: 132192K->96K(128512K)] 134408K->2312K(303616K), 0,0005793 secs] [Times: user=0,00 sys=0,01, real=0,00 secs] 
49,348: [GC (Allocation Failure) [PSYoungGen: 128096K->96K(124416K)] 130312K->2312K(299520K), 0,0005438 secs] [Times: user=0,00 sys=0,00, real=0,00 secs] 
49,415: [GC (Allocation Failure) [PSYoungGen: 124000K->96K(120832K)] 126216K->2312K(295936K), 0,0005859 secs] [Times: user=0,00 sys=0,00, real=0,00 secs] 
49,480: [GC (Allocation Failure) [PSYoungGen: 120416K->64K(117248K)] 122632K->2280K(292352K), 0,0005934 secs] [Times: user=0,00 sys=0,00, real=0,00 secs] 
49,543: [GC (Allocation Failure) [PSYoungGen: 116800K->64K(113664K)] 119016K->2280K(288768K), 0,0005518 secs] [Times: user=0,00 sys=0,00, real=0,00 secs] 
49,604: [GC (Allocation Failure) [PSYoungGen: 113216K->96K(110592K)] 115432K->2312K(285696K), 0,0005414 secs] [Times: user=0,01 sys=0,00, real=0,00 secs] 
49,663: [GC (Allocation Failure) [PSYoungGen: 110176K->96K(107520K)] 112392K->2312K(282624K), 0,0005965 secs] [Times: user=0,00 sys=0,00, real=0,01 secs] 
49,722: [GC (Allocation Failure) [PSYoungGen: 107104K->96K(104448K)] 109320K->2312K(279552K), 0,0006339 secs] [Times: user=0,00 sys=0,00, real=0,00 secs] 
49,778: [GC (Allocation Failure) [PSYoungGen: 104032K->96K(101376K)] 106248K->2312K(276480K), 0,0005288 secs] [Times: user=0,00 sys=0,00, real=0,00 secs] 
49,832: [GC (Allocation Failure) [PSYoungGen: 100960K->96K(98816K)] 103176K->2312K(273920K), 0,0005480 secs] [Times: user=0,00 sys=0,00, real=0,00 secs] 
49,887: [GC (Allocation Failure) [PSYoungGen: 98400K->96K(96256K)] 100616K->2312K(271360K), 0,0006174 secs] [Times: user=0,00 sys=0,00, real=0,00 secs] 
49,941: [GC (Allocation Failure) [PSYoungGen: 95840K->96K(93696K)] 98056K->2312K(268800K), 0,0005462 secs] [Times: user=0,00 sys=0,00, real=0,00 secs] 
49,992: [GC (Allocation Failure) [PSYoungGen: 93280K->96K(91136K)] 95496K->2312K(266240K), 0,0006132 secs] [Times: user=0,01 sys=0,00, real=0,00 secs] 
50,046: [GC (Allocation Failure) [PSYoungGen: 90720K->96K(88576K)] 92936K->2312K(263680K), 0,0006160 secs] [Times: user=0,00 sys=0,00, real=0,00 secs] 
50,094: [GC (Allocation Failure) [PSYoungGen: 88160K->64K(86528K)] 90376K->2280K(261632K), 0,0005614 secs] [Times: user=0,00 sys=0,00, real=0,00 secs] 
50,141: [GC (Allocation Failure) [PSYoungGen: 86080K->96K(103936K)] 88296K->2312K(279040K), 0,0006162 secs] [Times: user=0,01 sys=0,00, real=0,00 secs] 
50,198: [GC (Allocation Failure) [PSYoungGen: 103520K->96K(100864K)] 105736K->2312K(275968K), 0,0005432 secs] [Times: user=0,00 sys=0,00, real=0,00 secs] 
50,253: [GC (Allocation Failure) [PSYoungGen: 100448K->64K(98304K)] 102664K->2280K(273408K), 0,0005375 secs] [Times: user=0,00 sys=0,00, real=0,00 secs] 
50,306: [GC (Allocation Failure) [PSYoungGen: 97856K->96K(95744K)] 100072K->2312K(270848K), 0,0006112 secs] [Times: user=0,00 sys=0,00, real=0,00 secs] 
50,358: [GC (Allocation Failure) [PSYoungGen: 95328K->96K(93184K)] 97544K->2312K(268288K), 0,0005493 secs] [Times: user=0,00 sys=0,00, real=0,00 secs] 
50,412: [GC (Allocation Failure) [PSYoungGen: 92768K->64K(112128K)] 94984K->2296K(287232K), 0,0006214 secs] [Times: user=0,00 sys=0,00, real=0,00 secs] 
50,472: [GC (Allocation Failure) [PSYoungGen: 111680K->64K(109056K)] 113912K->2296K(284160K), 0,0006153 secs] [Times: user=0,00 sys=0,00, real=0,00 secs] 
50,531: [GC (Allocation Failure) [PSYoungGen: 108608K->96K(105984K)] 110840K->2328K(281088K), 0,0005366 secs] [Times: user=0,00 sys=0,00, real=0,00 secs] 
50,588: [GC (Allocation Failure) [PSYoungGen: 105568K->96K(102912K)] 107800K->2328K(278016K), 0,0005648 secs] [Times: user=0,00 sys=0,00, real=0,00 secs] 
50,644: [GC (Allocation Failure) [PSYoungGen: 102496K->64K(99840K)] 104728K->2296K(274944K), 0,0006688 secs] [Times: user=0,00 sys=0,00, real=0,00 secs] 
50,699: [GC (Allocation Failure) [PSYoungGen: 99392K->96K(97280K)] 101624K->2328K(272384K), 0,0005356 secs] [Times: user=0,01 sys=0,00, real=0,00 secs] 
50,753: [GC (Allocation Failure) [PSYoungGen: 96864K->96K(94720K)] 99096K->2328K(269824K), 0,0005294 secs] [Times: user=0,00 sys=0,00, real=0,01 secs] 
50,804: [GC (Allocation Failure) [PSYoungGen: 94304K->64K(113664K)] 96536K->2296K(288768K), 0,0008153 secs] [Times: user=0,00 sys=0,00, real=0,00 secs] 
50,866: [GC (Allocation Failure) [PSYoungGen: 113216K->96K(136704K)] 115448K->2328K(311808K), 0,0005759 secs] [Times: user=0,00 sys=0,00, real=0,00 secs] 
50,941: [GC (Allocation Failure) [PSYoungGen: 136288K->96K(132608K)] 138520K->2328K(307712K), 0,0005461 secs] [Times: user=0,00 sys=0,00, real=0,00 secs] 
51,013: [GC (Allocation Failure) [PSYoungGen: 132192K->64K(128512K)] 134424K->2296K(303616K), 0,0007446 secs] [Times: user=0,00 sys=0,00, real=0,01 secs] 
51,083: [GC (Allocation Failure) [PSYoungGen: 128064K->64K(124416K)] 130296K->2296K(299520K), 0,0005233 secs] [Times: user=0,00 sys=0,00, real=0,01 secs] 
51,150: [GC (Allocation Failure) [PSYoungGen: 123968K->96K(120832K)] 126200K->2328K(295936K), 0,0005969 secs] [Times: user=0,00 sys=0,00, real=0,00 secs] 
51,217: [GC (Allocation Failure) [PSYoungGen: 120416K->96K(117248K)] 122648K->2328K(292352K), 0,0005402 secs] [Times: user=0,01 sys=0,00, real=0,00 secs] 
51,280: [GC (Allocation Failure) [PSYoungGen: 116832K->64K(113664K)] 119064K->2296K(288768K), 0,0005875 secs] [Times: user=0,00 sys=0,00, real=0,00 secs] 
51,342: [GC (Allocation Failure) [PSYoungGen: 113216K->64K(136704K)] 115448K->2296K(311808K), 0,0012318 secs] [Times: user=0,00 sys=0,00, real=0,00 secs] 
51,419: [GC (Allocation Failure) [PSYoungGen: 136256K->96K(132608K)] 138488K->2328K(307712K), 0,0005328 secs] [Times: user=0,00 sys=0,00, real=0,00 secs] 
51,491: [GC (Allocation Failure) [PSYoungGen: 132192K->96K(128512K)] 134424K->2328K(303616K), 0,0005744 secs] [Times: user=0,00 sys=0,00, real=0,00 secs] 
51,561: [GC (Allocation Failure) [PSYoungGen: 128096K->96K(124416K)] 130328K->2328K(299520K), 0,0005461 secs] [Times: user=0,00 sys=0,00, real=0,00 secs] 
51,628: [GC (Allocation Failure) [PSYoungGen: 124000K->0K(120832K)] 126232K->2232K(295936K), 0,0006170 secs] [Times: user=0,00 sys=0,00, real=0,00 secs] 
51,695: [GC (Allocation Failure) [PSYoungGen: 120320K->32K(117248K)] 122552K->2264K(292352K), 0,0005908 secs] [Times: user=0,01 sys=0,00, real=0,00 secs] 
51,759: [GC (Allocation Failure) [PSYoungGen: 116768K->96K(113664K)] 119000K->2328K(288768K), 0,0005360 secs] [Times: user=0,00 sys=0,00, real=0,00 secs] 
51,820: [GC (Allocation Failure) [PSYoungGen: 113248K->96K(110592K)] 115480K->2328K(285696K), 0,0005619 secs] [Times: user=0,00 sys=0,00, real=0,00 secs] 
51,880: [GC (Allocation Failure) [PSYoungGen: 110176K->64K(107520K)] 112408K->2296K(282624K), 0,0005801 secs] [Times: user=0,00 sys=0,00, real=0,00 secs] 
51,940: [GC (Allocation Failure) [PSYoungGen: 107072K->96K(129024K)] 109304K->2328K(304128K), 0,0011304 secs] [Times: user=0,00 sys=0,00, real=0,00 secs] 
52,011: [GC (Allocation Failure) [PSYoungGen: 128608K->64K(124928K)] 130840K->2296K(300032K), 0,0005457 secs] [Times: user=0,00 sys=0,00, real=0,00 secs] 
52,079: [GC (Allocation Failure) [PSYoungGen: 124480K->64K(121344K)] 126712K->2296K(296448K), 0,0005423 secs] [Times: user=0,00 sys=0,00, real=0,00 secs] 
52,144: [GC (Allocation Failure) [PSYoungGen: 120896K->96K(117760K)] 123128K->2328K(292864K), 0,0005267 secs] [Times: user=0,00 sys=0,00, real=0,00 secs] 
52,208: [GC (Allocation Failure) [PSYoungGen: 117344K->96K(114176K)] 119576K->2328K(289280K), 0,0005404 secs] [Times: user=0,00 sys=0,00, real=0,00 secs] 
52,270: [GC (Allocation Failure) [PSYoungGen: 113760K->96K(110592K)] 115992K->2328K(285696K), 0,0005408 secs] [Times: user=0,00 sys=0,00, real=0,00 secs] 
52,331: [GC (Allocation Failure) [PSYoungGen: 110176K->96K(107520K)] 112408K->2328K(282624K), 0,0005485 secs] [Times: user=0,01 sys=0,00, real=0,00 secs] 
52,390: [GC (Allocation Failure) [PSYoungGen: 107104K->64K(104448K)] 109336K->2296K(279552K), 0,0005308 secs] [Times: user=0,00 sys=0,00, real=0,00 secs] 
52,446: [GC (Allocation Failure) [PSYoungGen: 104000K->32K(101376K)] 106232K->2264K(276480K), 0,0006688 secs] [Times: user=0,00 sys=0,00, real=0,00 secs] 
52,501: [GC (Allocation Failure) [PSYoungGen: 100896K->64K(98816K)] 103128K->2296K(273920K), 0,0007626 secs] [Times: user=0,00 sys=0,00, real=0,00 secs] 
52,556: [GC (Allocation Failure) [PSYoungGen: 98368K->96K(118784K)] 100600K->2328K(293888K), 0,0006406 secs] [Times: user=0,00 sys=0,00, real=0,00 secs] 
52,620: [GC (Allocation Failure) [PSYoungGen: 118368K->96K(115200K)] 120600K->2328K(290304K), 0,0005681 secs] [Times: user=0,00 sys=0,00, real=0,00 secs] 
52,683: [GC (Allocation Failure) [PSYoungGen: 114784K->32K(111616K)] 117016K->2264K(286720K), 0,0005699 secs] [Times: user=0,00 sys=0,00, real=0,01 secs] 
52,744: [GC (Allocation Failure) [PSYoungGen: 111136K->96K(108544K)] 113368K->2328K(283648K), 0,0005379 secs] [Times: user=0,00 sys=0,00, real=0,00 secs] 
52,802: [GC (Allocation Failure) [PSYoungGen: 108128K->64K(105472K)] 110360K->2296K(280576K), 0,0005719 secs] [Times: user=0,00 sys=0,00, real=0,00 secs] 
52,860: [GC (Allocation Failure) [PSYoungGen: 105024K->96K(102400K)] 107256K->2328K(277504K), 0,0005355 secs] [Times: user=0,00 sys=0,00, real=0,00 secs] 
52,916: [GC (Allocation Failure) [PSYoungGen: 101984K->64K(99328K)] 104216K->2296K(274432K), 0,0005460 secs] [Times: user=0,00 sys=0,00, real=0,00 secs] 
52,974: [GC (Allocation Failure) [PSYoungGen: 98880K->96K(96768K)] 101112K->2328K(271872K), 0,0005502 secs] [Times: user=0,00 sys=0,00, real=0,00 secs] 
53,028: [GC (Allocation Failure) [PSYoungGen: 96352K->64K(94208K)] 98584K->2296K(269312K), 0,0006908 secs] [Times: user=0,01 sys=0,00, real=0,00 secs] 
53,081: [GC (Allocation Failure) [PSYoungGen: 93760K->96K(91648K)] 95992K->2328K(266752K), 0,0006202 secs] [Times: user=0,00 sys=0,00, real=0,00 secs] 
53,133: [GC (Allocation Failure) [PSYoungGen: 91232K->96K(89088K)] 93464K->2328K(264192K), 0,0005624 secs] [Times: user=0,00 sys=0,00, real=0,00 secs] 
53,183: [GC (Allocation Failure) [PSYoungGen: 88672K->32K(107008K)] 90904K->2264K(282112K), 0,0006393 secs] [Times: user=0,00 sys=0,00, real=0,01 secs] 
53,243: [GC (Allocation Failure) [PSYoungGen: 106528K->96K(103936K)] 108760K->2328K(279040K), 0,0005529 secs] [Times: user=0,00 sys=0,00, real=0,01 secs] 
53,301: [GC (Allocation Failure) [PSYoungGen: 103520K->96K(100864K)] 105752K->2328K(275968K), 0,0005505 secs] [Times: user=0,00 sys=0,00, real=0,00 secs] 
53,357: [GC (Allocation Failure) [PSYoungGen: 100448K->96K(98304K)] 102680K->2328K(273408K), 0,0005524 secs] [Times: user=0,00 sys=0,00, real=0,00 secs] 
53,413: [GC (Allocation Failure) [PSYoungGen: 97887K->96K(95744K)] 100119K->2328K(270848K), 0,0005535 secs] [Times: user=0,00 sys=0,01, real=0,01 secs] 
53,466: [GC (Allocation Failure) [PSYoungGen: 95328K->64K(93184K)] 97560K->2296K(268288K), 0,0005549 secs] [Times: user=0,00 sys=0,00, real=0,00 secs] 
53,518: [GC (Allocation Failure) [PSYoungGen: 92736K->96K(90624K)] 94968K->2328K(265728K), 0,0005370 secs] [Times: user=0,00 sys=0,00, real=0,00 secs] 
53,569: [GC (Allocation Failure) [PSYoungGen: 90208K->0K(88064K)] 92440K->2232K(263168K), 0,0005434 secs] [Times: user=0,00 sys=0,00, real=0,00 secs] 
53,618: [GC (Allocation Failure) [PSYoungGen: 87552K->96K(86016K)] 89784K->2328K(261120K), 0,0005793 secs] [Times: user=0,00 sys=0,00, real=0,00 secs] 
53,667: [GC (Allocation Failure) [PSYoungGen: 85600K->64K(83968K)] 87832K->2296K(259072K), 0,0005597 secs] [Times: user=0,00 sys=0,00, real=0,00 secs] 
53,715: [GC (Allocation Failure) [PSYoungGen: 83520K->96K(100864K)] 85752K->2328K(275968K), 0,0005714 secs] [Times: user=0,00 sys=0,00, real=0,00 secs] 
53,771: [GC (Allocation Failure) [PSYoungGen: 100448K->64K(121344K)] 102680K->2296K(296448K), 0,0006259 secs] [Times: user=0,00 sys=0,00, real=0,00 secs] 
53,839: [GC (Allocation Failure) [PSYoungGen: 120896K->96K(117760K)] 123128K->2328K(292864K), 0,0005511 secs] [Times: user=0,00 sys=0,00, real=0,00 secs] 
53,904: [GC (Allocation Failure) [PSYoungGen: 117344K->96K(114176K)] 119576K->2328K(289280K), 0,0005510 secs] [Times: user=0,00 sys=0,00, real=0,00 secs] 
53,970: [GC (Allocation Failure) [PSYoungGen: 113760K->96K(110592K)] 115992K->2328K(285696K), 0,0005853 secs] [Times: user=0,00 sys=0,00, real=0,00 secs] 
54,032: [GC (Allocation Failure) [PSYoungGen: 110176K->96K(107520K)] 112408K->2328K(282624K), 0,0005505 secs] [Times: user=0,00 sys=0,00, real=0,00 secs] 
54,102: [GC (Allocation Failure) [PSYoungGen: 107104K->64K(104448K)] 109336K->2296K(279552K), 0,0009737 secs] [Times: user=0,00 sys=0,00, real=0,00 secs] 
54,163: [GC (Allocation Failure) [PSYoungGen: 104000K->96K(101376K)] 106232K->2328K(276480K), 0,0005545 secs] [Times: user=0,00 sys=0,00, real=0,00 secs] 
54,220: [GC (Allocation Failure) [PSYoungGen: 100960K->64K(98816K)] 103192K->2296K(273920K), 0,0005809 secs] [Times: user=0,00 sys=0,00, real=0,00 secs] 
54,275: [GC (Allocation Failure) [PSYoungGen: 98368K->96K(96256K)] 100600K->2328K(271360K), 0,0005414 secs] [Times: user=0,01 sys=0,00, real=0,00 secs] 
54,329: [GC (Allocation Failure) [PSYoungGen: 95840K->96K(93696K)] 98072K->2328K(268800K), 0,0005906 secs] [Times: user=0,00 sys=0,00, real=0,00 secs] 
54,382: [GC (Allocation Failure) [PSYoungGen: 93280K->96K(91136K)] 95512K->2328K(266240K), 0,0006326 secs] [Times: user=0,00 sys=0,00, real=0,00 secs] 
54,434: [GC (Allocation Failure) [PSYoungGen: 90720K->32K(88576K)] 92952K->2264K(263680K), 0,0005468 secs] [Times: user=0,00 sys=0,00, real=0,00 secs] 
54,483: [GC (Allocation Failure) [PSYoungGen: 88096K->96K(86528K)] 90328K->2328K(261632K), 0,0005436 secs] [Times: user=0,00 sys=0,00, real=0,01 secs] 
54,531: [GC (Allocation Failure) [PSYoungGen: 86112K->64K(103936K)] 88344K->2296K(279040K), 0,0006918 secs] [Times: user=0,00 sys=0,00, real=0,00 secs] 
54,590: [GC (Allocation Failure) [PSYoungGen: 103488K->96K(100864K)] 105720K->2328K(275968K), 0,0005492 secs] [Times: user=0,00 sys=0,00, real=0,00 secs] 
54,646: [GC (Allocation Failure) [PSYoungGen: 100448K->96K(98304K)] 102680K->2328K(273408K), 0,0005940 secs] [Times: user=0,00 sys=0,00, real=0,00 secs] 
54,702: [GC (Allocation Failure) [PSYoungGen: 97888K->96K(95744K)] 100120K->2328K(270848K), 0,0005521 secs] [Times: user=0,00 sys=0,00, real=0,00 secs] 
54,754: [GC (Allocation Failure) [PSYoungGen: 95328K->96K(93184K)] 97560K->2328K(268288K), 0,0005688 secs] [Times: user=0,00 sys=0,00, real=0,00 secs] 
54,806: [GC (Allocation Failure) [PSYoungGen: 92768K->96K(90624K)] 95000K->2328K(265728K), 0,0005441 secs] [Times: user=0,00 sys=0,00, real=0,00 secs] 
54,856: [GC (Allocation Failure) [PSYoungGen: 90208K->96K(88064K)] 92440K->2328K(263168K), 0,0005515 secs] [Times: user=0,00 sys=0,00, real=0,00 secs] 
54,906: [GC (Allocation Failure) [PSYoungGen: 87648K->96K(86016K)] 89880K->2328K(261120K), 0,0005601 secs] [Times: user=0,00 sys=0,00, real=0,00 secs] 
54,955: [GC (Allocation Failure) [PSYoungGen: 85600K->96K(103424K)] 87832K->2328K(278528K), 0,0010117 secs] [Times: user=0,00 sys=0,00, real=0,00 secs] 
55,014: [GC (Allocation Failure) [PSYoungGen: 103008K->96K(124416K)] 105240K->2328K(299520K), 0,0005506 secs] [Times: user=0,00 sys=0,01, real=0,00 secs] 
55,084: [GC (Allocation Failure) [PSYoungGen: 124000K->64K(149504K)] 126232K->2296K(324608K), 0,0006313 secs] [Times: user=0,00 sys=0,00, real=0,00 secs] 
55,172: [GC (Allocation Failure) [PSYoungGen: 149056K->64K(179712K)] 151288K->2296K(354816K), 0,0009515 secs] [Times: user=0,00 sys=0,00, real=0,00 secs] 
55,273: [GC (Allocation Failure) [PSYoungGen: 179264K->96K(173568K)] 181496K->2328K(348672K), 0,0005538 secs] [Times: user=0,00 sys=0,00, real=0,00 secs] 
55,369: [GC (Allocation Failure) [PSYoungGen: 173152K->96K(167424K)] 175384K->2328K(342528K), 0,0005670 secs] [Times: user=0,00 sys=0,00, real=0,00 secs] 
55,463: [GC (Allocation Failure) [PSYoungGen: 167008K->96K(161792K)] 169240K->2328K(336896K), 0,0005757 secs] [Times: user=0,00 sys=0,00, real=0,00 secs] 
55,553: [GC (Allocation Failure) [PSYoungGen: 161376K->96K(156160K)] 163608K->2328K(331264K), 0,0006501 secs] [Times: user=0,00 sys=0,00, real=0,01 secs] 
55,640: [GC (Allocation Failure) [PSYoungGen: 155744K->64K(151040K)] 157976K->2296K(326144K), 0,0008249 secs] [Times: user=0,01 sys=0,00, real=0,00 secs] 
55,726: [GC (Allocation Failure) [PSYoungGen: 150592K->32K(145920K)] 152824K->2264K(321024K), 0,0005477 secs] [Times: user=0,00 sys=0,00, real=0,00 secs] 
55,807: [GC (Allocation Failure) [PSYoungGen: 145440K->64K(141312K)] 147672K->2296K(316416K), 0,0005808 secs] [Times: user=0,00 sys=0,00, real=0,00 secs] 
55,886: [GC (Allocation Failure) [PSYoungGen: 140864K->64K(136704K)] 143096K->2304K(311808K), 0,0006029 secs] [Times: user=0,00 sys=0,00, real=0,00 secs] 
55,964: [GC (Allocation Failure) [PSYoungGen: 136256K->96K(132608K)] 138496K->2336K(307712K), 0,0005608 secs] [Times: user=0,00 sys=0,00, real=0,00 secs] 
56,038: [GC (Allocation Failure) [PSYoungGen: 132192K->96K(128512K)] 134432K->2336K(303616K), 0,0005913 secs] [Times: user=0,00 sys=0,00, real=0,00 secs] 
56,110: [GC (Allocation Failure) [PSYoungGen: 128096K->96K(124416K)] 130336K->2336K(299520K), 0,0005804 secs] [Times: user=0,00 sys=0,00, real=0,00 secs] 
56,180: [GC (Allocation Failure) [PSYoungGen: 124000K->96K(120832K)] 126240K->2336K(295936K), 0,0005475 secs] [Times: user=0,00 sys=0,00, real=0,00 secs] 
56,247: [GC (Allocation Failure) [PSYoungGen: 120416K->96K(117248K)] 122656K->2336K(292352K), 0,0005513 secs] [Times: user=0,00 sys=0,00, real=0,00 secs] 
56,313: [GC (Allocation Failure) [PSYoungGen: 116832K->96K(113664K)] 119072K->2336K(288768K), 0,0005442 secs] [Times: user=0,00 sys=0,00, real=0,00 secs] 
56,376: [GC (Allocation Failure) [PSYoungGen: 113248K->96K(110592K)] 115488K->2336K(285696K), 0,0005904 secs] [Times: user=0,00 sys=0,00, real=0,00 secs] 
56,439: [GC (Allocation Failure) [PSYoungGen: 110176K->96K(107520K)] 112416K->2336K(282624K), 0,0005446 secs] [Times: user=0,00 sys=0,00, real=0,00 secs] 
56,500: [GC (Allocation Failure) [PSYoungGen: 107104K->32K(104448K)] 109344K->2272K(279552K), 0,0006117 secs] [Times: user=0,00 sys=0,00, real=0,00 secs] 
56,559: [GC (Allocation Failure) [PSYoungGen: 103968K->32K(101376K)] 106208K->2272K(276480K), 0,0005577 secs] [Times: user=0,00 sys=0,00, real=0,00 secs] 
56,616: [GC (Allocation Failure) [PSYoungGen: 100896K->96K(98816K)] 103136K->2336K(273920K), 0,0005726 secs] [Times: user=0,00 sys=0,00, real=0,00 secs] 
56,671: [GC (Allocation Failure) [PSYoungGen: 98400K->64K(96256K)] 100640K->2304K(271360K), 0,0008057 secs] [Times: user=0,00 sys=0,00, real=0,00 secs] 
56,725: [GC (Allocation Failure) [PSYoungGen: 95808K->96K(93696K)] 98048K->2336K(268800K), 0,0005391 secs] [Times: user=0,00 sys=0,00, real=0,00 secs] 
56,778: [GC (Allocation Failure) [PSYoungGen: 93280K->96K(91136K)] 95520K->2336K(266240K), 0,0005551 secs] [Times: user=0,00 sys=0,00, real=0,00 secs] 
56,829: [GC (Allocation Failure) [PSYoungGen: 90720K->96K(88576K)] 92960K->2336K(263680K), 0,0005538 secs] [Times: user=0,00 sys=0,00, real=0,00 secs] 
56,878: [GC (Allocation Failure) [PSYoungGen: 88160K->64K(86528K)] 90400K->2304K(261632K), 0,0005523 secs] [Times: user=0,00 sys=0,00, real=0,00 secs] 
56,927: [GC (Allocation Failure) [PSYoungGen: 86080K->64K(103936K)] 88320K->2304K(279040K), 0,0006784 secs] [Times: user=0,00 sys=0,00, real=0,00 secs] 
56,987: [GC (Allocation Failure) [PSYoungGen: 103488K->96K(100864K)] 105728K->2336K(275968K), 0,0005526 secs] [Times: user=0,01 sys=0,00, real=0,00 secs] 
57,043: [GC (Allocation Failure) [PSYoungGen: 100448K->96K(98304K)] 102688K->2336K(273408K), 0,0005401 secs] [Times: user=0,00 sys=0,00, real=0,01 secs] 
57,103: [GC (Allocation Failure) [PSYoungGen: 97888K->64K(118272K)] 100128K->2304K(293376K), 0,0010774 secs] [Times: user=0,00 sys=0,00, real=0,00 secs] 
57,175: [GC (Allocation Failure) [PSYoungGen: 117824K->64K(141824K)] 120064K->2304K(316928K), 0,0011014 secs] [Times: user=0,01 sys=0,00, real=0,00 secs] 
57,256: [GC (Allocation Failure) [PSYoungGen: 141376K->96K(170496K)] 143616K->2336K(345600K), 0,0005510 secs] [Times: user=0,00 sys=0,00, real=0,00 secs] 
57,352: [GC (Allocation Failure) [PSYoungGen: 170080K->96K(164864K)] 172320K->2336K(339968K), 0,0005852 secs] [Times: user=0,00 sys=0,00, real=0,00 secs] 
57,444: [GC (Allocation Failure) [PSYoungGen: 164448K->64K(159232K)] 166688K->2304K(334336K), 0,0005992 secs] [Times: user=0,01 sys=0,00, real=0,00 secs] 
57,533: [GC (Allocation Failure) [PSYoungGen: 158784K->32K(154112K)] 161024K->2272K(329216K), 0,0006892 secs] [Times: user=0,01 sys=0,00, real=0,01 secs] 
57,619: [GC (Allocation Failure) [PSYoungGen: 153632K->96K(148992K)] 155872K->2336K(324096K), 0,0005470 secs] [Times: user=0,00 sys=0,00, real=0,00 secs] 
57,703: [GC (Allocation Failure) [PSYoungGen: 148576K->96K(143872K)] 150816K->2336K(318976K), 0,0005509 secs] [Times: user=0,01 sys=0,00, real=0,01 secs] 
57,783: [GC (Allocation Failure) [PSYoungGen: 143456K->96K(139264K)] 145696K->2336K(314368K), 0,0005489 secs] [Times: user=0,00 sys=0,00, real=0,00 secs] 
57,861: [GC (Allocation Failure) [PSYoungGen: 138848K->96K(134656K)] 141088K->2336K(309760K), 0,0005926 secs] [Times: user=0,00 sys=0,00, real=0,00 secs] 
57,938: [GC (Allocation Failure) [PSYoungGen: 134240K->96K(130560K)] 136480K->2336K(305664K), 0,0007725 secs] [Times: user=0,00 sys=0,00, real=0,00 secs] 
58,013: [GC (Allocation Failure) [PSYoungGen: 130144K->96K(126464K)] 132384K->2336K(301568K), 0,0005469 secs] [Times: user=0,01 sys=0,00, real=0,00 secs] 
58,083: [GC (Allocation Failure) [PSYoungGen: 126048K->96K(122368K)] 128288K->2336K(297472K), 0,0006022 secs] [Times: user=0,00 sys=0,00, real=0,00 secs] 
58,152: [GC (Allocation Failure) [PSYoungGen: 121952K->96K(118784K)] 124192K->2336K(293888K), 0,0005787 secs] [Times: user=0,01 sys=0,00, real=0,00 secs] 
58,218: [GC (Allocation Failure) [PSYoungGen: 118368K->96K(115200K)] 120608K->2336K(290304K), 0,0005884 secs] [Times: user=0,00 sys=0,00, real=0,00 secs] 
58,283: [GC (Allocation Failure) [PSYoungGen: 114784K->96K(111616K)] 117024K->2336K(286720K), 0,0005614 secs] [Times: user=0,00 sys=0,00, real=0,01 secs] 
58,346: [GC (Allocation Failure) [PSYoungGen: 111200K->96K(108544K)] 113440K->2336K(283648K), 0,0005756 secs] [Times: user=0,00 sys=0,00, real=0,00 secs] 
58,407: [GC (Allocation Failure) [PSYoungGen: 108128K->64K(105472K)] 110368K->2304K(280576K), 0,0008214 secs] [Times: user=0,00 sys=0,00, real=0,00 secs] 
58,466: [GC (Allocation Failure) [PSYoungGen: 105024K->32K(102400K)] 107264K->2272K(277504K), 0,0005471 secs] [Times: user=0,00 sys=0,00, real=0,00 secs] 
58,524: [GC (Allocation Failure) [PSYoungGen: 101920K->96K(99328K)] 104160K->2336K(274432K), 0,0005524 secs] [Times: user=0,00 sys=0,00, real=0,00 secs] 
58,579: [GC (Allocation Failure) [PSYoungGen: 98912K->96K(96768K)] 101152K->2336K(271872K), 0,0005549 secs] [Times: user=0,01 sys=0,00, real=0,00 secs] 
58,633: [GC (Allocation Failure) [PSYoungGen: 96352K->64K(94208K)] 98592K->2304K(269312K), 0,0007896 secs] [Times: user=0,00 sys=0,00, real=0,00 secs] 
58,687: [GC (Allocation Failure) [PSYoungGen: 93760K->96K(113152K)] 96000K->2336K(288256K), 0,0006057 secs] [Times: user=0,00 sys=0,00, real=0,00 secs] 
58,750: [GC (Allocation Failure) [PSYoungGen: 112736K->96K(110080K)] 114976K->2336K(285184K), 0,0005581 secs] [Times: user=0,00 sys=0,00, real=0,00 secs] 
58,811: [GC (Allocation Failure) [PSYoungGen: 109664K->64K(107008K)] 111904K->2304K(282112K), 0,0005530 secs] [Times: user=0,00 sys=0,00, real=0,00 secs] 
58,871: [GC (Allocation Failure) [PSYoungGen: 106560K->96K(103936K)] 108800K->2336K(279040K), 0,0005907 secs] [Times: user=0,00 sys=0,00, real=0,00 secs] 
58,928: [GC (Allocation Failure) [PSYoungGen: 103520K->32K(100864K)] 105760K->2272K(275968K), 0,0005533 secs] [Times: user=0,01 sys=0,00, real=0,00 secs] 
58,986: [GC (Allocation Failure) [PSYoungGen: 100384K->96K(98304K)] 102624K->2336K(273408K), 0,0005900 secs] [Times: user=0,00 sys=0,00, real=0,00 secs] 
59,041: [GC (Allocation Failure) [PSYoungGen: 97888K->64K(95744K)] 100128K->2304K(270848K), 0,0005695 secs] [Times: user=0,00 sys=0,00, real=0,00 secs] 
59,094: [GC (Allocation Failure) [PSYoungGen: 95296K->96K(93184K)] 97536K->2336K(268288K), 0,0005329 secs] [Times: user=0,00 sys=0,00, real=0,00 secs] 
59,145: [GC (Allocation Failure) [PSYoungGen: 92768K->64K(90624K)] 95008K->2304K(265728K), 0,0006120 secs] [Times: user=0,00 sys=0,00, real=0,00 secs] 
59,199: [GC (Allocation Failure) [PSYoungGen: 90176K->64K(88064K)] 92416K->2304K(263168K), 0,0006021 secs] [Times: user=0,00 sys=0,00, real=0,00 secs] 
59,248: [GC (Allocation Failure) [PSYoungGen: 87616K->96K(86016K)] 89856K->2336K(261120K), 0,0005364 secs] [Times: user=0,00 sys=0,00, real=0,00 secs] 
59,295: [GC (Allocation Failure) [PSYoungGen: 85600K->96K(83968K)] 87840K->2336K(259072K), 0,0005352 secs] [Times: user=0,00 sys=0,00, real=0,00 secs] 
59,340: [GC (Allocation Failure) [PSYoungGen: 83552K->64K(100864K)] 85792K->2304K(275968K), 0,0005935 secs] [Times: user=0,00 sys=0,00, real=0,00 secs] 
59,396: [GC (Allocation Failure) [PSYoungGen: 100416K->96K(121344K)] 102656K->2336K(296448K), 0,0005525 secs] [Times: user=0,00 sys=0,00, real=0,00 secs] 
59,461: [GC (Allocation Failure) [PSYoungGen: 120928K->96K(117760K)] 123168K->2336K(292864K), 0,0005366 secs] [Times: user=0,00 sys=0,00, real=0,00 secs] 
59,525: [GC (Allocation Failure) [PSYoungGen: 117344K->96K(114176K)] 119584K->2336K(289280K), 0,0005420 secs] [Times: user=0,00 sys=0,00, real=0,00 secs] 
59,587: [GC (Allocation Failure) [PSYoungGen: 113760K->96K(110592K)] 116000K->2336K(285696K), 0,0006534 secs] [Times: user=0,00 sys=0,00, real=0,00 secs] 
59,646: [GC (Allocation Failure) [PSYoungGen: 110176K->64K(107520K)] 112416K->2304K(282624K), 0,0005793 secs] [Times: user=0,00 sys=0,00, real=0,00 secs] 
59,706: [GC (Allocation Failure) [PSYoungGen: 107072K->64K(104448K)] 109312K->2304K(279552K), 0,0005455 secs] [Times: user=0,00 sys=0,00, real=0,00 secs] 
59,762: [GC (Allocation Failure) [PSYoungGen: 104000K->64K(101376K)] 106240K->2304K(276480K), 0,0005357 secs] [Times: user=0,00 sys=0,00, real=0,00 secs] 
59,817: [GC (Allocation Failure) [PSYoungGen: 100928K->64K(121856K)] 103168K->2304K(296960K), 0,0008370 secs] [Times: user=0,00 sys=0,00, real=0,00 secs] 
59,884: [GC (Allocation Failure) [PSYoungGen: 121407K->64K(146432K)] 123647K->2304K(321536K), 0,0007838 secs] [Times: user=0,00 sys=0,00, real=0,00 secs] 
59,965: [GC (Allocation Failure) [PSYoungGen: 145984K->96K(141824K)] 148224K->2336K(316928K), 0,0005738 secs] [Times: user=0,00 sys=0,00, real=0,00 secs] 
60,046: [GC (Allocation Failure) [PSYoungGen: 141408K->64K(137216K)] 143648K->2304K(312320K), 0,0005742 secs] [Times: user=0,00 sys=0,00, real=0,00 secs] 
60,120: [GC (Allocation Failure) [PSYoungGen: 136768K->96K(132608K)] 139008K->2336K(307712K), 0,0005420 secs] [Times: user=0,00 sys=0,00, real=0,00 secs] 
60,193: [GC (Allocation Failure) [PSYoungGen: 132192K->64K(128512K)] 134432K->2304K(303616K), 0,0005483 secs] [Times: user=0,01 sys=0,00, real=0,00 secs] 
60,262: [GC (Allocation Failure) [PSYoungGen: 128064K->96K(124416K)] 130304K->2336K(299520K), 0,0005395 secs] [Times: user=0,00 sys=0,00, real=0,00 secs] 
60,329: [GC (Allocation Failure) [PSYoungGen: 124000K->64K(120832K)] 126240K->2304K(295936K), 0,0005850 secs] [Times: user=0,00 sys=0,00, real=0,00 secs] 
60,396: [GC (Allocation Failure) [PSYoungGen: 120384K->160K(117248K)] 122624K->2400K(292352K), 0,0005594 secs] [Times: user=0,00 sys=0,00, real=0,00 secs] 
60,460: [GC (Allocation Failure) [PSYoungGen: 116896K->96K(113664K)] 119136K->2368K(288768K), 0,0005516 secs] [Times: user=0,00 sys=0,00, real=0,00 secs] 
60,522: [GC (Allocation Failure) [PSYoungGen: 113248K->96K(110592K)] 115520K->2368K(285696K), 0,0005387 secs] [Times: user=0,00 sys=0,00, real=0,00 secs] 
60,582: [GC (Allocation Failure) [PSYoungGen: 110176K->96K(107520K)] 112448K->2368K(282624K), 0,0005374 secs] [Times: user=0,00 sys=0,00, real=0,00 secs] 
60,640: [GC (Allocation Failure) [PSYoungGen: 107104K->64K(104448K)] 109376K->2336K(279552K), 0,0007630 secs] [Times: user=0,00 sys=0,00, real=0,00 secs] 
60,700: [GC (Allocation Failure) [PSYoungGen: 104000K->96K(101376K)] 106272K->2368K(276480K), 0,0005450 secs] [Times: user=0,00 sys=0,00, real=0,00 secs] 
60,755: [GC (Allocation Failure) [PSYoungGen: 100960K->96K(98816K)] 103232K->2368K(273920K), 0,0005316 secs] [Times: user=0,00 sys=0,00, real=0,00 secs] 
60,809: [GC (Allocation Failure) [PSYoungGen: 98400K->96K(96256K)] 100672K->2368K(271360K), 0,0005859 secs] [Times: user=0,00 sys=0,00, real=0,00 secs] 
60,860: [GC (Allocation Failure) [PSYoungGen: 95840K->96K(93696K)] 98112K->2368K(268800K), 0,0005412 secs] [Times: user=0,00 sys=0,00, real=0,00 secs] 
60,910: [GC (Allocation Failure) [PSYoungGen: 93280K->96K(91136K)] 95552K->2368K(266240K), 0,0005378 secs] [Times: user=0,00 sys=0,00, real=0,00 secs] 
60,962: [GC (Allocation Failure) [PSYoungGen: 90720K->96K(88576K)] 92992K->2368K(263680K), 0,0005720 secs] [Times: user=0,00 sys=0,00, real=0,00 secs] 
61,010: [GC (Allocation Failure) [PSYoungGen: 88160K->32K(86528K)] 90432K->2304K(261632K), 0,0005748 secs] [Times: user=0,00 sys=0,00, real=0,00 secs] 
61,057: [GC (Allocation Failure) [PSYoungGen: 86048K->96K(103936K)] 88320K->2368K(279040K), 0,0007996 secs] [Times: user=0,00 sys=0,00, real=0,00 secs] 
61,114: [GC (Allocation Failure) [PSYoungGen: 103520K->64K(124928K)] 105792K->2336K(300032K), 0,0005703 secs] [Times: user=0,01 sys=0,00, real=0,00 secs] 
61,182: [GC (Allocation Failure) [PSYoungGen: 124480K->64K(150016K)] 126752K->2336K(325120K), 0,0007768 secs] [Times: user=0,00 sys=0,00, real=0,00 secs] 
61,269: [GC (Allocation Failure) [PSYoungGen: 149567K->96K(144896K)] 151839K->2368K(320000K), 0,0012597 secs] [Times: user=0,00 sys=0,01, real=0,00 secs] 
61,348: [GC (Allocation Failure) [PSYoungGen: 144480K->64K(174080K)] 146752K->2336K(349184K), 0,0010850 secs] [Times: user=0,00 sys=0,00, real=0,00 secs] 
61,443: [GC (Allocation Failure) [PSYoungGen: 173631K->64K(167936K)] 175903K->2336K(343040K), 0,0007387 secs] [Times: user=0,00 sys=0,00, real=0,01 secs] 
61,537: [GC (Allocation Failure) [PSYoungGen: 167488K->64K(162304K)] 169760K->2336K(337408K), 0,0006045 secs] [Times: user=0,00 sys=0,00, real=0,00 secs] 
61,624: [GC (Allocation Failure) [PSYoungGen: 161856K->96K(156672K)] 164128K->2368K(331776K), 0,0005483 secs] [Times: user=0,01 sys=0,00, real=0,00 secs] 
61,710: [GC (Allocation Failure) [PSYoungGen: 156256K->96K(151552K)] 158528K->2368K(326656K), 0,0005459 secs] [Times: user=0,00 sys=0,00, real=0,00 secs] 
61,791: [GC (Allocation Failure) [PSYoungGen: 151136K->32K(146432K)] 153408K->2304K(321536K), 0,0005823 secs] [Times: user=0,00 sys=0,00, real=0,00 secs] 
61,870: [GC (Allocation Failure) [PSYoungGen: 145952K->64K(141824K)] 148224K->2336K(316928K), 0,0005912 secs] [Times: user=0,00 sys=0,00, real=0,00 secs] 
61,947: [GC (Allocation Failure) [PSYoungGen: 141376K->96K(137216K)] 143648K->2368K(312320K), 0,0005586 secs] [Times: user=0,00 sys=0,00, real=0,00 secs] 
62,022: [GC (Allocation Failure) [PSYoungGen: 136800K->96K(132608K)] 139072K->2368K(307712K), 0,0005576 secs] [Times: user=0,00 sys=0,00, real=0,00 secs] 
62,096: [GC (Allocation Failure) [PSYoungGen: 132192K->96K(128512K)] 134464K->2368K(303616K), 0,0005390 secs] [Times: user=0,00 sys=0,00, real=0,00 secs] 
62,167: [GC (Allocation Failure) [PSYoungGen: 128096K->96K(124416K)] 130368K->2368K(299520K), 0,0006193 secs] [Times: user=0,00 sys=0,00, real=0,00 secs] 
62,236: [GC (Allocation Failure) [PSYoungGen: 124000K->96K(120832K)] 126272K->2368K(295936K), 0,0007019 secs] [Times: user=0,00 sys=0,00, real=0,00 secs] 
62,304: [GC (Allocation Failure) [PSYoungGen: 120416K->96K(117248K)] 122688K->2368K(292352K), 0,0005810 secs] [Times: user=0,00 sys=0,00, real=0,00 secs] 
62,369: [GC (Allocation Failure) [PSYoungGen: 116832K->96K(113664K)] 119104K->2368K(288768K), 0,0005636 secs] [Times: user=0,00 sys=0,00, real=0,00 secs] 
62,433: [GC (Allocation Failure) [PSYoungGen: 113248K->96K(110592K)] 115520K->2368K(285696K), 0,0005700 secs] [Times: user=0,00 sys=0,00, real=0,01 secs] 
62,494: [GC (Allocation Failure) [PSYoungGen: 110176K->64K(107520K)] 112448K->2336K(282624K), 0,0005849 secs] [Times: user=0,00 sys=0,00, real=0,00 secs] 
62,554: [GC (Allocation Failure) [PSYoungGen: 107072K->32K(104448K)] 109344K->2304K(279552K), 0,0006051 secs] [Times: user=0,00 sys=0,00, real=0,00 secs] 
62,613: [GC (Allocation Failure) [PSYoungGen: 103968K->32K(101376K)] 106240K->2304K(276480K), 0,0005332 secs] [Times: user=0,00 sys=0,00, real=0,01 secs] 
62,669: [GC (Allocation Failure) [PSYoungGen: 100896K->96K(98816K)] 103168K->2368K(273920K), 0,0005527 secs] [Times: user=0,00 sys=0,00, real=0,00 secs] 
62,725: [GC (Allocation Failure) [PSYoungGen: 98400K->64K(96256K)] 100672K->2336K(271360K), 0,0005992 secs] [Times: user=0,00 sys=0,00, real=0,00 secs] 
62,778: [GC (Allocation Failure) [PSYoungGen: 95808K->96K(93696K)] 98080K->2368K(268800K), 0,0005561 secs] [Times: user=0,00 sys=0,00, real=0,00 secs] 
62,831: [GC (Allocation Failure) [PSYoungGen: 93280K->96K(91136K)] 95552K->2368K(266240K), 0,0006055 secs] [Times: user=0,00 sys=0,00, real=0,00 secs] 
62,881: [GC (Allocation Failure) [PSYoungGen: 90720K->96K(88576K)] 92992K->2368K(263680K), 0,0006018 secs] [Times: user=0,00 sys=0,00, real=0,00 secs] 
62,931: [GC (Allocation Failure) [PSYoungGen: 88160K->96K(86528K)] 90432K->2368K(261632K), 0,0005605 secs] [Times: user=0,00 sys=0,00, real=0,00 secs] 
62,980: [GC (Allocation Failure) [PSYoungGen: 86112K->96K(84480K)] 88384K->2368K(259584K), 0,0006042 secs] [Times: user=0,00 sys=0,00, real=0,00 secs] 
63,028: [GC (Allocation Failure) [PSYoungGen: 84064K->96K(101376K)] 86336K->2368K(276480K), 0,0005597 secs] [Times: user=0,00 sys=0,00, real=0,00 secs] 
63,084: [GC (Allocation Failure) [PSYoungGen: 100960K->96K(98816K)] 103232K->2368K(273920K), 0,0005562 secs] [Times: user=0,00 sys=0,00, real=0,00 secs] 
63,139: [GC (Allocation Failure) [PSYoungGen: 98400K->96K(96256K)] 100672K->2368K(271360K), 0,0005540 secs] [Times: user=0,00 sys=0,00, real=0,00 secs] 
63,194: [GC (Allocation Failure) [PSYoungGen: 95840K->64K(115712K)] 98112K->2336K(290816K), 0,0007317 secs] [Times: user=0,00 sys=0,00, real=0,00 secs] 
63,258: [GC (Allocation Failure) [PSYoungGen: 115264K->96K(112128K)] 117536K->2368K(287232K), 0,0005509 secs] [Times: user=0,01 sys=0,00, real=0,00 secs] 
63,321: [GC (Allocation Failure) [PSYoungGen: 111712K->96K(109056K)] 113984K->2368K(284160K), 0,0005933 secs] [Times: user=0,00 sys=0,01, real=0,00 secs] 
63,381: [GC (Allocation Failure) [PSYoungGen: 108640K->64K(105984K)] 110912K->2336K(281088K), 0,0007908 secs] [Times: user=0,00 sys=0,00, real=0,00 secs] 
63,441: [GC (Allocation Failure) [PSYoungGen: 105536K->96K(102912K)] 107808K->2368K(278016K), 0,0005508 secs] [Times: user=0,00 sys=0,00, real=0,00 secs] 
63,498: [GC (Allocation Failure) [PSYoungGen: 102496K->64K(123392K)] 104768K->2336K(298496K), 0,0007839 secs] [Times: user=0,00 sys=0,00, real=0,00 secs] 
63,567: [GC (Allocation Failure) [PSYoungGen: 122944K->96K(119808K)] 125216K->2368K(294912K), 0,0005719 secs] [Times: user=0,00 sys=0,00, real=0,00 secs] 
63,634: [GC (Allocation Failure) [PSYoungGen: 119392K->96K(116224K)] 121664K->2368K(291328K), 0,0005971 secs] [Times: user=0,00 sys=0,00, real=0,00 secs] 
63,702: [GC (Allocation Failure) [PSYoungGen: 115808K->96K(112640K)] 118080K->2368K(287744K), 0,0005503 secs] [Times: user=0,00 sys=0,00, real=0,00 secs] 
63,778: [GC (Allocation Failure) [PSYoungGen: 112224K->96K(109568K)] 114496K->2368K(284672K), 0,0006806 secs] [Times: user=0,00 sys=0,00, real=0,00 secs] 
63,849: [GC (Allocation Failure) [PSYoungGen: 109152K->64K(106496K)] 111424K->2336K(281600K), 0,0005800 secs] [Times: user=0,00 sys=0,00, real=0,00 secs] 
63,909: [GC (Allocation Failure) [PSYoungGen: 106048K->96K(103424K)] 108320K->2368K(278528K), 0,0005463 secs] [Times: user=0,00 sys=0,00, real=0,00 secs] 
63,968: [GC (Allocation Failure) [PSYoungGen: 103008K->96K(100352K)] 105280K->2368K(275456K), 0,0005643 secs] [Times: user=0,00 sys=0,00, real=0,00 secs] 
64,026: [GC (Allocation Failure) [PSYoungGen: 99936K->64K(97792K)] 102208K->2336K(272896K), 0,0005659 secs] [Times: user=0,00 sys=0,00, real=0,00 secs] 
64,089: [GC (Allocation Failure) [PSYoungGen: 97344K->64K(95232K)] 99616K->2336K(270336K), 0,0005650 secs] [Times: user=0,00 sys=0,00, real=0,00 secs] 
64,147: [GC (Allocation Failure) [PSYoungGen: 94784K->96K(92672K)] 97056K->2368K(267776K), 0,0005611 secs] [Times: user=0,00 sys=0,00, real=0,00 secs] 
64,202: [GC (Allocation Failure) [PSYoungGen: 92256K->64K(90112K)] 94528K->2336K(265216K), 0,0008084 secs] [Times: user=0,00 sys=0,00, real=0,00 secs] 
64,256: [GC (Allocation Failure) [PSYoungGen: 89664K->96K(87552K)] 91936K->2368K(262656K), 0,0005636 secs] [Times: user=0,00 sys=0,00, real=0,00 secs] 
64,309: [GC (Allocation Failure) [PSYoungGen: 87136K->96K(85504K)] 89408K->2368K(260608K), 0,0005489 secs] [Times: user=0,00 sys=0,00, real=0,00 secs] 
64,359: [GC (Allocation Failure) [PSYoungGen: 85088K->64K(102912K)] 87360K->2336K(278016K), 0,0007537 secs] [Times: user=0,01 sys=0,00, real=0,00 secs] 
64,418: [GC (Allocation Failure) [PSYoungGen: 102464K->96K(99840K)] 104736K->2368K(274944K), 0,0005467 secs] [Times: user=0,01 sys=0,00, real=0,00 secs] 
64,475: [GC (Allocation Failure) [PSYoungGen: 99424K->64K(119808K)] 101696K->2336K(294912K), 0,0010779 secs] [Times: user=0,00 sys=0,00, real=0,00 secs] 
64,543: [GC (Allocation Failure) [PSYoungGen: 119360K->96K(143872K)] 121632K->2368K(318976K), 0,0005754 secs] [Times: user=0,00 sys=0,00, real=0,00 secs] 
64,643: [GC (Allocation Failure) [PSYoungGen: 143456K->64K(172544K)] 145728K->2336K(347648K), 0,0011588 secs] [Times: user=0,01 sys=0,00, real=0,01 secs] 
64,754: [GC (Allocation Failure) [PSYoungGen: 172096K->64K(166400K)] 174368K->2336K(341504K), 0,0005531 secs] [Times: user=0,00 sys=0,00, real=0,00 secs] 
64,848: [GC (Allocation Failure) [PSYoungGen: 165952K->96K(160768K)] 168224K->2368K(335872K), 0,0005935 secs] [Times: user=0,00 sys=0,00, real=0,00 secs] 
64,940: [GC (Allocation Failure) [PSYoungGen: 160352K->64K(155136K)] 162624K->2336K(330240K), 0,0008769 secs] [Times: user=0,00 sys=0,00, real=0,00 secs] 
65,030: [GC (Allocation Failure) [PSYoungGen: 154688K->96K(150016K)] 156960K->2368K(325120K), 0,0005580 secs] [Times: user=0,00 sys=0,00, real=0,00 secs] 
65,115: [GC (Allocation Failure) [PSYoungGen: 149600K->64K(144896K)] 151872K->2336K(320000K), 0,0008000 secs] [Times: user=0,00 sys=0,00, real=0,00 secs] 
65,203: [GC (Allocation Failure) [PSYoungGen: 144448K->64K(140288K)] 146720K->2336K(315392K), 0,0006297 secs] [Times: user=0,00 sys=0,00, real=0,01 secs] 
65,283: [GC (Allocation Failure) [PSYoungGen: 139840K->32K(135680K)] 142112K->2304K(310784K), 0,0005693 secs] [Times: user=0,00 sys=0,00, real=0,01 secs] 
65,362: [GC (Allocation Failure) [PSYoungGen: 135200K->64K(131584K)] 137472K->2336K(306688K), 0,0006048 secs] [Times: user=0,00 sys=0,00, real=0,00 secs] 
65,437: [GC (Allocation Failure) [PSYoungGen: 131136K->96K(127488K)] 133408K->2368K(302592K), 0,0005583 secs] [Times: user=0,00 sys=0,00, real=0,00 secs] 
65,507: [GC (Allocation Failure) [PSYoungGen: 127072K->96K(123392K)] 129344K->2368K(298496K), 0,0006291 secs] [Times: user=0,00 sys=0,00, real=0,00 secs] 
65,577: [GC (Allocation Failure) [PSYoungGen: 122976K->96K(119808K)] 125248K->2368K(294912K), 0,0005984 secs] [Times: user=0,00 sys=0,00, real=0,00 secs] 
65,644: [GC (Allocation Failure) [PSYoungGen: 119392K->96K(116224K)] 121664K->2368K(291328K), 0,0005490 secs] [Times: user=0,00 sys=0,00, real=0,00 secs] 
65,709: [GC (Allocation Failure) [PSYoungGen: 115808K->96K(112640K)] 118080K->2368K(287744K), 0,0005508 secs] [Times: user=0,00 sys=0,00, real=0,00 secs] 
65,772: [GC (Allocation Failure) [PSYoungGen: 112224K->96K(109568K)] 114496K->2368K(284672K), 0,0005907 secs] [Times: user=0,00 sys=0,00, real=0,00 secs] 
65,833: [GC (Allocation Failure) [PSYoungGen: 109152K->96K(106496K)] 111424K->2368K(281600K), 0,0005935 secs] [Times: user=0,00 sys=0,00, real=0,00 secs] 
65,893: [GC (Allocation Failure) [PSYoungGen: 106080K->32K(103424K)] 108352K->2304K(278528K), 0,0005565 secs] [Times: user=0,00 sys=0,00, real=0,01 secs] 
65,951: [GC (Allocation Failure) [PSYoungGen: 102944K->96K(100352K)] 105216K->2368K(275456K), 0,0005512 secs] [Times: user=0,00 sys=0,00, real=0,00 secs] 
66,008: [GC (Allocation Failure) [PSYoungGen: 99936K->64K(97792K)] 102208K->2336K(272896K), 0,0008469 secs] [Times: user=0,01 sys=0,00, real=0,00 secs] 
66,063: [GC (Allocation Failure) [PSYoungGen: 97344K->64K(95232K)] 99616K->2336K(270336K), 0,0006347 secs] [Times: user=0,00 sys=0,00, real=0,01 secs] 
66,117: [GC (Allocation Failure) [PSYoungGen: 94784K->64K(92672K)] 97056K->2336K(267776K), 0,0005659 secs] [Times: user=0,00 sys=0,00, real=0,00 secs] 
66,169: [GC (Allocation Failure) [PSYoungGen: 92224K->96K(90112K)] 94496K->2368K(265216K), 0,0005996 secs] [Times: user=0,00 sys=0,00, real=0,00 secs] 
66,222: [GC (Allocation Failure) [PSYoungGen: 89696K->64K(108032K)] 91968K->2336K(283136K), 0,0007252 secs] [Times: user=0,00 sys=0,00, real=0,00 secs] 
66,282: [GC (Allocation Failure) [PSYoungGen: 107584K->64K(104960K)] 109856K->2336K(280064K), 0,0005706 secs] [Times: user=0,00 sys=0,00, real=0,00 secs] 
66,341: [GC (Allocation Failure) [PSYoungGen: 104512K->96K(101888K)] 106784K->2368K(276992K), 0,0005548 secs] [Times: user=0,00 sys=0,00, real=0,00 secs] 
66,398: [GC (Allocation Failure) [PSYoungGen: 101472K->96K(98816K)] 103744K->2368K(273920K), 0,0005943 secs] [Times: user=0,00 sys=0,00, real=0,00 secs] 
66,456: [GC (Allocation Failure) [PSYoungGen: 98400K->64K(96256K)] 100672K->2336K(271360K), 0,0006033 secs] [Times: user=0,01 sys=0,00, real=0,00 secs] 
66,512: [GC (Allocation Failure) [PSYoungGen: 95808K->96K(93696K)] 98080K->2368K(268800K), 0,0005605 secs] [Times: user=0,00 sys=0,00, real=0,00 secs] 
66,565: [GC (Allocation Failure) [PSYoungGen: 93280K->64K(91136K)] 95552K->2336K(266240K), 0,0005554 secs] [Times: user=0,01 sys=0,00, real=0,00 secs] 
66,618: [GC (Allocation Failure) [PSYoungGen: 90688K->96K(88576K)] 92960K->2368K(263680K), 0,0005487 secs] [Times: user=0,00 sys=0,00, real=0,00 secs] 
66,667: [GC (Allocation Failure) [PSYoungGen: 88160K->96K(86528K)] 90432K->2368K(261632K), 0,0005505 secs] [Times: user=0,00 sys=0,00, real=0,00 secs] 
66,721: [GC (Allocation Failure) [PSYoungGen: 86112K->96K(84480K)] 88384K->2368K(259584K), 0,0006305 secs] [Times: user=0,00 sys=0,00, real=0,00 secs] 
66,772: [GC (Allocation Failure) [PSYoungGen: 84064K->96K(82432K)] 86336K->2368K(257536K), 0,0005902 secs] [Times: user=0,00 sys=0,00, real=0,00 secs] 
66,818: [GC (Allocation Failure) [PSYoungGen: 82016K->64K(98816K)] 84288K->2336K(273920K), 0,0011018 secs] [Times: user=0,00 sys=0,00, real=0,00 secs] 
66,874: [GC (Allocation Failure) [PSYoungGen: 98368K->32K(118784K)] 100640K->2304K(293888K), 0,0005614 secs] [Times: user=0,01 sys=0,00, real=0,00 secs] 
66,940: [GC (Allocation Failure) [PSYoungGen: 118304K->64K(142848K)] 120576K->2336K(317952K), 0,0006055 secs] [Times: user=0,00 sys=0,00, real=0,00 secs] 
67,027: [GC (Allocation Failure) [PSYoungGen: 142400K->96K(171520K)] 144672K->2368K(346624K), 0,0008158 secs] [Times: user=0,00 sys=0,00, real=0,00 secs] 
67,124: [GC (Allocation Failure) [PSYoungGen: 171104K->96K(165376K)] 173376K->2368K(340480K), 0,0005600 secs] [Times: user=0,00 sys=0,00, real=0,00 secs] 
67,216: [GC (Allocation Failure) [PSYoungGen: 164960K->96K(159744K)] 167232K->2368K(334848K), 0,0005609 secs] [Times: user=0,00 sys=0,00, real=0,00 secs] 
67,305: [GC (Allocation Failure) [PSYoungGen: 159328K->96K(154112K)] 161600K->2368K(329216K), 0,0005496 secs] [Times: user=0,00 sys=0,00, real=0,00 secs] 
67,391: [GC (Allocation Failure) [PSYoungGen: 153696K->96K(148992K)] 155968K->2368K(324096K), 0,0005593 secs] [Times: user=0,00 sys=0,00, real=0,00 secs] 
67,473: [GC (Allocation Failure) [PSYoungGen: 148576K->96K(143872K)] 150848K->2368K(318976K), 0,0005572 secs] [Times: user=0,00 sys=0,00, real=0,01 secs] 
67,553: [GC (Allocation Failure) [PSYoungGen: 143456K->96K(139264K)] 145728K->2368K(314368K), 0,0005624 secs] [Times: user=0,00 sys=0,00, real=0,00 secs] 
67,630: [GC (Allocation Failure) [PSYoungGen: 138848K->96K(134656K)] 141120K->2368K(309760K), 0,0005584 secs] [Times: user=0,00 sys=0,00, real=0,00 secs] 
67,706: [GC (Allocation Failure) [PSYoungGen: 134240K->32K(130560K)] 136512K->2304K(305664K), 0,0006101 secs] [Times: user=0,00 sys=0,01, real=0,00 secs] 
67,779: [GC (Allocation Failure) [PSYoungGen: 130080K->64K(126464K)] 132352K->2336K(301568K), 0,0010732 secs] [Times: user=0,00 sys=0,00, real=0,00 secs] 
67,848: [GC (Allocation Failure) [PSYoungGen: 126016K->96K(122368K)] 128288K->2368K(297472K), 0,0005715 secs] [Times: user=0,00 sys=0,00, real=0,00 secs] 
67,916: [GC (Allocation Failure) [PSYoungGen: 121952K->96K(118784K)] 124224K->2368K(293888K), 0,0006134 secs] [Times: user=0,00 sys=0,00, real=0,00 secs] 
67,988: [GC (Allocation Failure) [PSYoungGen: 118368K->96K(115200K)] 120640K->2368K(290304K), 0,0008499 secs] [Times: user=0,00 sys=0,00, real=0,00 secs] 
68,056: [GC (Allocation Failure) [PSYoungGen: 114784K->96K(111616K)] 117056K->2368K(286720K), 0,0005633 secs] [Times: user=0,00 sys=0,00, real=0,00 secs] 
68,119: [GC (Allocation Failure) [PSYoungGen: 111200K->96K(108544K)] 113472K->2368K(283648K), 0,0005688 secs] [Times: user=0,01 sys=0,00, real=0,00 secs] 
68,179: [GC (Allocation Failure) [PSYoungGen: 108128K->96K(105472K)] 110400K->2368K(280576K), 0,0005488 secs] [Times: user=0,01 sys=0,00, real=0,00 secs] 
68,238: [GC (Allocation Failure) [PSYoungGen: 105056K->64K(102400K)] 107328K->2336K(277504K), 0,0006111 secs] [Times: user=0,01 sys=0,00, real=0,00 secs] 
68,296: [GC (Allocation Failure) [PSYoungGen: 101952K->96K(99328K)] 104224K->2368K(274432K), 0,0005721 secs] [Times: user=0,00 sys=0,00, real=0,00 secs] 
68,352: [GC (Allocation Failure) [PSYoungGen: 98912K->32K(96768K)] 101184K->2304K(271872K), 0,0006092 secs] [Times: user=0,00 sys=0,00, real=0,00 secs] 
68,406: [GC (Allocation Failure) [PSYoungGen: 96288K->96K(94208K)] 98560K->2368K(269312K), 0,0005967 secs] [Times: user=0,00 sys=0,00, real=0,00 secs] 
68,459: [GC (Allocation Failure) [PSYoungGen: 93792K->96K(91648K)] 96064K->2368K(266752K), 0,0006243 secs] [Times: user=0,01 sys=0,00, real=0,00 secs] 
68,510: [GC (Allocation Failure) [PSYoungGen: 91232K->96K(89088K)] 93504K->2368K(264192K), 0,0005959 secs] [Times: user=0,00 sys=0,00, real=0,00 secs] 
68,559: [GC (Allocation Failure) [PSYoungGen: 88672K->96K(87040K)] 90944K->2368K(262144K), 0,0005397 secs] [Times: user=0,01 sys=0,00, real=0,00 secs] 
68,609: [GC (Allocation Failure) [PSYoungGen: 86624K->96K(84992K)] 88896K->2368K(260096K), 0,0005924 secs] [Times: user=0,01 sys=0,00, real=0,00 secs] 
68,657: [GC (Allocation Failure) [PSYoungGen: 84576K->96K(101888K)] 86848K->2368K(276992K), 0,0005498 secs] [Times: user=0,00 sys=0,00, real=0,00 secs] 
68,714: [GC (Allocation Failure) [PSYoungGen: 101472K->96K(98816K)] 103744K->2368K(273920K), 0,0005614 secs] [Times: user=0,00 sys=0,00, real=0,00 secs] 
68,770: [GC (Allocation Failure) [PSYoungGen: 98400K->96K(118784K)] 100672K->2368K(293888K), 0,0010364 secs] [Times: user=0,00 sys=0,00, real=0,00 secs] 
68,838: [GC (Allocation Failure) [PSYoungGen: 118368K->96K(142848K)] 120640K->2368K(317952K), 0,0005649 secs] [Times: user=0,00 sys=0,00, real=0,00 secs] 
68,918: [GC (Allocation Failure) [PSYoungGen: 142432K->0K(171520K)] 144704K->2272K(346624K), 0,0012017 secs] [Times: user=0,01 sys=0,00, real=0,00 secs] 
69,016: [GC (Allocation Failure) [PSYoungGen: 171008K->96K(165376K)] 173280K->2368K(340480K), 0,0005568 secs] [Times: user=0,00 sys=0,00, real=0,00 secs] 
69,108: [GC (Allocation Failure) [PSYoungGen: 164960K->64K(198656K)] 167232K->2336K(373760K), 0,0010674 secs] [Times: user=0,01 sys=0,00, real=0,00 secs] 
69,232: [GC (Allocation Failure) [PSYoungGen: 198208K->96K(191488K)] 200480K->2368K(366592K), 0,0006238 secs] [Times: user=0,00 sys=0,00, real=0,00 secs] 
69,339: [GC (Allocation Failure) [PSYoungGen: 191072K->96K(184832K)] 193344K->2368K(359936K), 0,0005745 secs] [Times: user=0,00 sys=0,00, real=0,00 secs] 
69,443: [GC (Allocation Failure) [PSYoungGen: 184416K->64K(178176K)] 186688K->2336K(353280K), 0,0005708 secs] [Times: user=0,00 sys=0,00, real=0,01 secs] 
69,542: [GC (Allocation Failure) [PSYoungGen: 177728K->96K(172032K)] 180000K->2368K(347136K), 0,0005533 secs] [Times: user=0,00 sys=0,00, real=0,00 secs] 
69,639: [GC (Allocation Failure) [PSYoungGen: 171616K->32K(165888K)] 173888K->2304K(340992K), 0,0005581 secs] [Times: user=0,00 sys=0,00, real=0,00 secs] 
69,732: [GC (Allocation Failure) [PSYoungGen: 165408K->64K(160256K)] 167680K->2336K(335360K), 0,0007470 secs] [Times: user=0,00 sys=0,00, real=0,01 secs] 
69,822: [GC (Allocation Failure) [PSYoungGen: 159808K->64K(154624K)] 162080K->2336K(329728K), 0,0005645 secs] [Times: user=0,01 sys=0,00, real=0,00 secs] 
69,913: [GC (Allocation Failure) [PSYoungGen: 154176K->96K(149504K)] 156448K->2368K(324608K), 0,0005562 secs] [Times: user=0,01 sys=0,00, real=0,01 secs] 
69,999: [GC (Allocation Failure) [PSYoungGen: 149088K->96K(144384K)] 151360K->2368K(319488K), 0,0005951 secs] [Times: user=0,00 sys=0,00, real=0,00 secs] 
70,086: [GC (Allocation Failure) [PSYoungGen: 143968K->64K(139776K)] 146240K->2336K(314880K), 0,0005584 secs] [Times: user=0,00 sys=0,00, real=0,00 secs] 
70,163: [GC (Allocation Failure) [PSYoungGen: 139328K->32K(135168K)] 141600K->2304K(310272K), 0,0005611 secs] [Times: user=0,00 sys=0,00, real=0,00 secs] 
70,240: [GC (Allocation Failure) [PSYoungGen: 134688K->96K(131072K)] 136960K->2368K(306176K), 0,0005653 secs] [Times: user=0,00 sys=0,00, real=0,00 secs] 
70,313: [GC (Allocation Failure) [PSYoungGen: 130656K->96K(126976K)] 132928K->2368K(302080K), 0,0005510 secs] [Times: user=0,00 sys=0,00, real=0,01 secs] 
70,384: [GC (Allocation Failure) [PSYoungGen: 126560K->96K(122880K)] 128832K->2368K(297984K), 0,0006381 secs] [Times: user=0,00 sys=0,00, real=0,00 secs] 
70,453: [GC (Allocation Failure) [PSYoungGen: 122464K->96K(119296K)] 124736K->2392K(294400K), 0,0005806 secs] [Times: user=0,00 sys=0,00, real=0,01 secs] 
70,519: [GC (Allocation Failure) [PSYoungGen: 118880K->96K(115712K)] 121176K->2392K(290816K), 0,0005665 secs] [Times: user=0,00 sys=0,00, real=0,00 secs] 
70,587: [GC (Allocation Failure) [PSYoungGen: 115296K->96K(112128K)] 117592K->2392K(287232K), 0,0005894 secs] [Times: user=0,00 sys=0,00, real=0,00 secs] 
70,662: [GC (Allocation Failure) [PSYoungGen: 111712K->32K(109056K)] 114008K->2328K(284160K), 0,0012959 secs] [Times: user=0,00 sys=0,00, real=0,01 secs] 
70,740: [GC (Allocation Failure) [PSYoungGen: 108576K->32K(131072K)] 110872K->2328K(306176K), 0,0013094 secs] [Times: user=0,00 sys=0,00, real=0,00 secs] 
70,817: [GC (Allocation Failure) [PSYoungGen: 130592K->64K(157184K)] 132888K->2360K(332288K), 0,0006809 secs] [Times: user=0,00 sys=0,00, real=0,00 secs] 
70,906: [GC (Allocation Failure) [PSYoungGen: 156736K->96K(152064K)] 159032K->2392K(327168K), 0,0005568 secs] [Times: user=0,00 sys=0,00, real=0,00 secs] 
70,999: [GC (Allocation Failure) [PSYoungGen: 151648K->96K(146944K)] 153944K->2392K(322048K), 0,0011642 secs] [Times: user=0,00 sys=0,00, real=0,00 secs] 
71,115: [GC (Allocation Failure) [PSYoungGen: 146528K->64K(142336K)] 148824K->2360K(317440K), 0,0008530 secs] [Times: user=0,00 sys=0,00, real=0,00 secs] 
71,201: [GC (Allocation Failure) [PSYoungGen: 141888K->96K(137728K)] 144184K->2392K(312832K), 0,0005806 secs] [Times: user=0,00 sys=0,00, real=0,00 secs] 
71,278: [GC (Allocation Failure) [PSYoungGen: 137312K->96K(133120K)] 139608K->2392K(308224K), 0,0005965 secs] [Times: user=0,00 sys=0,00, real=0,00 secs] 
71,365: [GC (Allocation Failure) [PSYoungGen: 132704K->96K(129024K)] 135000K->2392K(304128K), 0,0011333 secs] [Times: user=0,01 sys=0,00, real=0,00 secs] 
71,458: [GC (Allocation Failure) [PSYoungGen: 128608K->96K(124928K)] 130904K->2392K(300032K), 0,0005538 secs] [Times: user=0,00 sys=0,00, real=0,00 secs] 
71,533: [GC (Allocation Failure) [PSYoungGen: 124512K->64K(121344K)] 126808K->2360K(296448K), 0,0006129 secs] [Times: user=0,00 sys=0,00, real=0,01 secs] 
71,604: [GC (Allocation Failure) [PSYoungGen: 120896K->64K(117760K)] 123192K->2360K(292864K), 0,0011253 secs] [Times: user=0,00 sys=0,00, real=0,00 secs] 
71,674: [GC (Allocation Failure) [PSYoungGen: 117312K->96K(114176K)] 119608K->2392K(289280K), 0,0005613 secs] [Times: user=0,01 sys=0,01, real=0,00 secs] 
71,740: [GC (Allocation Failure) [PSYoungGen: 113760K->64K(137216K)] 116056K->2360K(312320K), 0,0011452 secs] [Times: user=0,00 sys=0,00, real=0,00 secs] 
71,835: [GC (Allocation Failure) [PSYoungGen: 136768K->96K(132608K)] 139064K->2392K(307712K), 0,0005991 secs] [Times: user=0,00 sys=0,00, real=0,00 secs] 
71,909: [GC (Allocation Failure) [PSYoungGen: 132192K->64K(128512K)] 134488K->2360K(303616K), 0,0006362 secs] [Times: user=0,00 sys=0,00, real=0,00 secs] 
71,981: [GC (Allocation Failure) [PSYoungGen: 128063K->96K(124416K)] 130359K->2392K(299520K), 0,0005561 secs] [Times: user=0,00 sys=0,00, real=0,00 secs] 
72,052: [GC (Allocation Failure) [PSYoungGen: 124000K->96K(120832K)] 126296K->2392K(295936K), 0,0005535 secs] [Times: user=0,00 sys=0,00, real=0,00 secs] 
72,119: [GC (Allocation Failure) [PSYoungGen: 120416K->64K(117248K)] 122712K->2360K(292352K), 0,0006248 secs] [Times: user=0,00 sys=0,00, real=0,00 secs] 
72,185: [GC (Allocation Failure) [PSYoungGen: 116800K->32K(113664K)] 119096K->2328K(288768K), 0,0006024 secs] [Times: user=0,00 sys=0,00, real=0,00 secs] 
72,249: [GC (Allocation Failure) [PSYoungGen: 113184K->96K(110592K)] 115480K->2392K(285696K), 0,0005933 secs] [Times: user=0,00 sys=0,00, real=0,00 secs] 
72,311: [GC (Allocation Failure) [PSYoungGen: 110176K->32K(107520K)] 112472K->2328K(282624K), 0,0005510 secs] [Times: user=0,00 sys=0,00, real=0,00 secs] 
72,372: [GC (Allocation Failure) [PSYoungGen: 107040K->96K(104448K)] 109336K->2392K(279552K), 0,0005960 secs] [Times: user=0,00 sys=0,00, real=0,00 secs] 
72,431: [GC (Allocation Failure) [PSYoungGen: 104032K->96K(101376K)] 106328K->2392K(276480K), 0,0005690 secs] [Times: user=0,00 sys=0,00, real=0,00 secs] 
72,498: [GC (Allocation Failure) [PSYoungGen: 100960K->96K(98816K)] 103256K->2392K(273920K), 0,0005485 secs] [Times: user=0,00 sys=0,00, real=0,00 secs] 
72,570: [GC (Allocation Failure) [PSYoungGen: 98400K->64K(96256K)] 100696K->2360K(271360K), 0,0005605 secs] [Times: user=0,00 sys=0,00, real=0,00 secs] 
72,637: [GC (Allocation Failure) [PSYoungGen: 95808K->64K(93696K)] 98104K->2360K(268800K), 0,0008064 secs] [Times: user=0,01 sys=0,00, real=0,00 secs] 
72,692: [GC (Allocation Failure) [PSYoungGen: 93248K->64K(91136K)] 95544K->2360K(266240K), 0,0006209 secs] [Times: user=0,00 sys=0,00, real=0,00 secs] 
72,747: [GC (Allocation Failure) [PSYoungGen: 90688K->64K(88576K)] 92984K->2360K(263680K), 0,0007574 secs] [Times: user=0,01 sys=0,00, real=0,00 secs] 
72,798: [GC (Allocation Failure) [PSYoungGen: 88128K->96K(106496K)] 90424K->2392K(281600K), 0,0005718 secs] [Times: user=0,00 sys=0,00, real=0,00 secs] 
72,860: [GC (Allocation Failure) [PSYoungGen: 106080K->64K(103424K)] 108376K->2360K(278528K), 0,0006372 secs] [Times: user=0,00 sys=0,00, real=0,00 secs] 
72,919: [GC (Allocation Failure) [PSYoungGen: 102976K->96K(100352K)] 105272K->2392K(275456K), 0,0005664 secs] [Times: user=0,00 sys=0,00, real=0,00 secs] 
72,977: [GC (Allocation Failure) [PSYoungGen: 99936K->96K(97792K)] 102232K->2392K(272896K), 0,0005624 secs] [Times: user=0,00 sys=0,00, real=0,00 secs] 
73,035: [GC (Allocation Failure) [PSYoungGen: 97376K->96K(95232K)] 99672K->2392K(270336K), 0,0005648 secs] [Times: user=0,00 sys=0,00, real=0,00 secs] 
73,090: [GC (Allocation Failure) [PSYoungGen: 94816K->96K(92672K)] 97112K->2392K(267776K), 0,0005669 secs] [Times: user=0,00 sys=0,00, real=0,00 secs] 
73,144: [GC (Allocation Failure) [PSYoungGen: 92256K->64K(90112K)] 94552K->2360K(265216K), 0,0005803 secs] [Times: user=0,00 sys=0,00, real=0,00 secs] 
73,195: [GC (Allocation Failure) [PSYoungGen: 89664K->96K(87552K)] 91960K->2392K(262656K), 0,0005648 secs] [Times: user=0,01 sys=0,00, real=0,00 secs] 
73,247: [GC (Allocation Failure) [PSYoungGen: 87136K->96K(85504K)] 89432K->2392K(260608K), 0,0006081 secs] [Times: user=0,00 sys=0,00, real=0,00 secs] 
73,303: [GC (Allocation Failure) [PSYoungGen: 85088K->96K(83456K)] 87384K->2392K(258560K), 0,0005555 secs] [Times: user=0,00 sys=0,00, real=0,01 secs] 
73,370: [GC (Allocation Failure) [PSYoungGen: 83040K->96K(81408K)] 85336K->2392K(256512K), 0,0006042 secs] [Times: user=0,00 sys=0,00, real=0,00 secs] 
73,429: [GC (Allocation Failure) [PSYoungGen: 80992K->64K(97792K)] 83288K->2360K(272896K), 0,0011072 secs] [Times: user=0,00 sys=0,00, real=0,00 secs] 
73,490: [GC (Allocation Failure) [PSYoungGen: 97344K->96K(117248K)] 99640K->2392K(292352K), 0,0005743 secs] [Times: user=0,00 sys=0,00, real=0,00 secs] 
73,557: [GC (Allocation Failure) [PSYoungGen: 116832K->64K(113664K)] 119128K->2360K(288768K), 0,0006015 secs] [Times: user=0,00 sys=0,00, real=0,00 secs] 
73,624: [GC (Allocation Failure) [PSYoungGen: 113216K->96K(110592K)] 115512K->2392K(285696K), 0,0007002 secs] [Times: user=0,00 sys=0,00, real=0,00 secs] 
73,689: [GC (Allocation Failure) [PSYoungGen: 110176K->64K(132608K)] 112472K->2360K(307712K), 0,0011731 secs] [Times: user=0,00 sys=0,00, real=0,00 secs] 
73,785: [GC (Allocation Failure) [PSYoungGen: 132160K->96K(159232K)] 134456K->2392K(334336K), 0,0006495 secs] [Times: user=0,00 sys=0,00, real=0,00 secs] 
73,896: [GC (Allocation Failure) [PSYoungGen: 158816K->128K(190976K)] 161112K->2424K(366080K), 0,0012534 secs] [Times: user=0,01 sys=0,00, real=0,00 secs] 
74,033: [GC (Allocation Failure) [PSYoungGen: 190592K->96K(184320K)] 192888K->2392K(359424K), 0,0005655 secs] [Times: user=0,01 sys=0,00, real=0,00 secs] 
74,152: [GC (Allocation Failure) [PSYoungGen: 183904K->64K(177664K)] 186200K->2360K(352768K), 0,0009173 secs] [Times: user=0,00 sys=0,00, real=0,00 secs] 
74,263: [GC (Allocation Failure) [PSYoungGen: 177216K->32K(171520K)] 179512K->2328K(346624K), 0,0005605 secs] [Times: user=0,00 sys=0,00, real=0,01 secs] 
74,370: [GC (Allocation Failure) [PSYoungGen: 171040K->64K(165376K)] 173336K->2360K(340480K), 0,0008479 secs] [Times: user=0,01 sys=0,00, real=0,00 secs] 
74,469: [GC (Allocation Failure) [PSYoungGen: 164928K->96K(159744K)] 167224K->2392K(334848K), 0,0006009 secs] [Times: user=0,01 sys=0,00, real=0,00 secs] 
74,567: [GC (Allocation Failure) [PSYoungGen: 159328K->96K(154112K)] 161624K->2392K(329216K), 0,0006151 secs] [Times: user=0,00 sys=0,00, real=0,00 secs] 
74,662: [GC (Allocation Failure) [PSYoungGen: 153696K->96K(148992K)] 155992K->2392K(324096K), 0,0005736 secs] [Times: user=0,01 sys=0,00, real=0,00 secs] 
74,757: [GC (Allocation Failure) [PSYoungGen: 148576K->96K(143872K)] 150872K->2392K(318976K), 0,0005976 secs] [Times: user=0,00 sys=0,00, real=0,00 secs] 
74,845: [GC (Allocation Failure) [PSYoungGen: 143456K->96K(139264K)] 145752K->2392K(314368K), 0,0005793 secs] [Times: user=0,00 sys=0,00, real=0,00 secs] 
74,930: [GC (Allocation Failure) [PSYoungGen: 138848K->96K(134656K)] 141144K->2392K(309760K), 0,0006196 secs] [Times: user=0,00 sys=0,00, real=0,00 secs] 
75,014: [GC (Allocation Failure) [PSYoungGen: 134240K->96K(130560K)] 136536K->2392K(305664K), 0,0010125 secs] [Times: user=0,00 sys=0,00, real=0,00 secs] 
75,094: [GC (Allocation Failure) [PSYoungGen: 130144K->96K(126464K)] 132440K->2392K(301568K), 0,0005798 secs] [Times: user=0,00 sys=0,00, real=0,00 secs] 
75,177: [GC (Allocation Failure) [PSYoungGen: 126048K->96K(122368K)] 128344K->2392K(297472K), 0,0005701 secs] [Times: user=0,00 sys=0,00, real=0,00 secs] 
75,252: [GC (Allocation Failure) [PSYoungGen: 121952K->96K(118784K)] 124248K->2392K(293888K), 0,0006079 secs] [Times: user=0,01 sys=0,00, real=0,00 secs] 
75,324: [GC (Allocation Failure) [PSYoungGen: 118368K->96K(115200K)] 120664K->2392K(290304K), 0,0005649 secs] [Times: user=0,00 sys=0,00, real=0,00 secs] 
75,393: [GC (Allocation Failure) [PSYoungGen: 114784K->96K(111616K)] 117080K->2392K(286720K), 0,0005595 secs] [Times: user=0,01 sys=0,00, real=0,01 secs] 
75,459: [GC (Allocation Failure) [PSYoungGen: 111200K->96K(108544K)] 113496K->2392K(283648K), 0,0005588 secs] [Times: user=0,00 sys=0,00, real=0,00 secs] 
75,528: [GC (Allocation Failure) [PSYoungGen: 108128K->96K(105472K)] 110424K->2392K(280576K), 0,0005687 secs] [Times: user=0,00 sys=0,00, real=0,00 secs] 
75,590: [GC (Allocation Failure) [PSYoungGen: 105056K->96K(102400K)] 107352K->2392K(277504K), 0,0005539 secs] [Times: user=0,00 sys=0,00, real=0,00 secs] 
75,649: [GC (Allocation Failure) [PSYoungGen: 101984K->96K(99328K)] 104280K->2392K(274432K), 0,0006005 secs] [Times: user=0,00 sys=0,00, real=0,00 secs] 
75,708: [GC (Allocation Failure) [PSYoungGen: 98912K->32K(96768K)] 101208K->2328K(271872K), 0,0007026 secs] [Times: user=0,00 sys=0,00, real=0,00 secs] 
75,764: [GC (Allocation Failure) [PSYoungGen: 96288K->64K(94208K)] 98584K->2360K(269312K), 0,0006400 secs] [Times: user=0,00 sys=0,00, real=0,00 secs] 
75,819: [GC (Allocation Failure) [PSYoungGen: 93760K->96K(91648K)] 96056K->2392K(266752K), 0,0005796 secs] [Times: user=0,00 sys=0,00, real=0,00 secs] 
75,873: [GC (Allocation Failure) [PSYoungGen: 91232K->32K(89088K)] 93528K->2328K(264192K), 0,0005490 secs] [Times: user=0,00 sys=0,00, real=0,00 secs] 
75,925: [GC (Allocation Failure) [PSYoungGen: 88608K->96K(87040K)] 90904K->2392K(262144K), 0,0006153 secs] [Times: user=0,01 sys=0,00, real=0,00 secs] 
75,975: [GC (Allocation Failure) [PSYoungGen: 86624K->96K(84992K)] 88920K->2392K(260096K), 0,0005504 secs] [Times: user=0,00 sys=0,00, real=0,00 secs] 
76,026: [GC (Allocation Failure) [PSYoungGen: 84576K->32K(82944K)] 86872K->2328K(258048K), 0,0005807 secs] [Times: user=0,01 sys=0,00, real=0,00 secs] 
76,073: [GC (Allocation Failure) [PSYoungGen: 82464K->96K(99840K)] 84760K->2392K(274944K), 0,0005535 secs] [Times: user=0,00 sys=0,00, real=0,01 secs] 
76,130: [GC (Allocation Failure) [PSYoungGen: 99424K->96K(97280K)] 101720K->2392K(272384K), 0,0005772 secs] [Times: user=0,00 sys=0,00, real=0,00 secs] 
76,185: [GC (Allocation Failure) [PSYoungGen: 96864K->64K(94720K)] 99160K->2360K(269824K), 0,0005967 secs] [Times: user=0,00 sys=0,00, real=0,00 secs] 
76,239: [GC (Allocation Failure) [PSYoungGen: 94272K->64K(92160K)] 96568K->2360K(267264K), 0,0005832 secs] [Times: user=0,00 sys=0,00, real=0,00 secs] 
76,292: [GC (Allocation Failure) [PSYoungGen: 91712K->64K(110592K)] 94008K->2360K(285696K), 0,0009899 secs] [Times: user=0,00 sys=0,00, real=0,00 secs] 
76,355: [GC (Allocation Failure) [PSYoungGen: 110144K->96K(132608K)] 112440K->2392K(307712K), 0,0005539 secs] [Times: user=0,00 sys=0,00, real=0,00 secs] 
76,431: [GC (Allocation Failure) [PSYoungGen: 132192K->96K(128512K)] 134488K->2392K(303616K), 0,0005501 secs] [Times: user=0,00 sys=0,00, real=0,00 secs] 
76,505: [GC (Allocation Failure) [PSYoungGen: 128096K->96K(124416K)] 130392K->2392K(299520K), 0,0005334 secs] [Times: user=0,00 sys=0,00, real=0,00 secs] 
76,577: [GC (Allocation Failure) [PSYoungGen: 124000K->96K(120832K)] 126296K->2392K(295936K), 0,0005532 secs] [Times: user=0,01 sys=0,00, real=0,00 secs] 
76,645: [GC (Allocation Failure) [PSYoungGen: 120416K->96K(117248K)] 122712K->2392K(292352K), 0,0005420 secs] [Times: user=0,00 sys=0,00, real=0,00 secs] 
76,712: [GC (Allocation Failure) [PSYoungGen: 116832K->96K(113664K)] 119128K->2392K(288768K), 0,0005476 secs] [Times: user=0,00 sys=0,00, real=0,00 secs] 
76,776: [GC (Allocation Failure) [PSYoungGen: 113248K->64K(110592K)] 115544K->2360K(285696K), 0,0005904 secs] [Times: user=0,00 sys=0,00, real=0,00 secs] 
76,851: [GC (Allocation Failure) [PSYoungGen: 110144K->64K(107520K)] 112440K->2360K(282624K), 0,0006767 secs] [Times: user=0,01 sys=0,00, real=0,00 secs] 
76,942: [GC (Allocation Failure) [PSYoungGen: 107072K->64K(104448K)] 109368K->2360K(279552K), 0,0012499 secs] [Times: user=0,00 sys=0,00, real=0,00 secs] 
77,009: [GC (Allocation Failure) [PSYoungGen: 104000K->64K(101376K)] 106296K->2360K(276480K), 0,0008271 secs] [Times: user=0,00 sys=0,00, real=0,00 secs] 
77,066: [GC (Allocation Failure) [PSYoungGen: 100928K->96K(121856K)] 103224K->2392K(296960K), 0,0007510 secs] [Times: user=0,00 sys=0,00, real=0,00 secs] 
77,138: [GC (Allocation Failure) [PSYoungGen: 121440K->96K(118272K)] 123736K->2392K(293376K), 0,0006275 secs] [Times: user=0,00 sys=0,00, real=0,00 secs] 
77,219: [GC (Allocation Failure) [PSYoungGen: 117856K->96K(114688K)] 120152K->2392K(289792K), 0,0005875 secs] [Times: user=0,00 sys=0,00, real=0,00 secs] 
77,289: [GC (Allocation Failure) [PSYoungGen: 114272K->64K(111104K)] 116568K->2360K(286208K), 0,0005523 secs] [Times: user=0,00 sys=0,00, real=0,00 secs] 
77,356: [GC (Allocation Failure) [PSYoungGen: 110656K->96K(108032K)] 112952K->2392K(283136K), 0,0005582 secs] [Times: user=0,00 sys=0,00, real=0,00 secs] 
77,421: [GC (Allocation Failure) [PSYoungGen: 107616K->96K(104960K)] 109912K->2392K(280064K), 0,0005583 secs] [Times: user=0,00 sys=0,00, real=0,00 secs] 
77,494: [GC (Allocation Failure) [PSYoungGen: 104544K->64K(101888K)] 106840K->2360K(276992K), 0,0011731 secs] [Times: user=0,00 sys=0,00, real=0,00 secs] 
77,562: [GC (Allocation Failure) [PSYoungGen: 101440K->32K(98816K)] 103736K->2328K(273920K), 0,0005502 secs] [Times: user=0,01 sys=0,00, real=0,00 secs] 
77,620: [GC (Allocation Failure) [PSYoungGen: 98336K->96K(96256K)] 100632K->2392K(271360K), 0,0005995 secs] [Times: user=0,00 sys=0,00, real=0,00 secs] 
77,675: [GC (Allocation Failure) [PSYoungGen: 95840K->96K(93696K)] 98136K->2392K(268800K), 0,0005516 secs] [Times: user=0,00 sys=0,00, real=0,00 secs] 
77,729: [GC (Allocation Failure) [PSYoungGen: 93280K->96K(91136K)] 95576K->2392K(266240K), 0,0005482 secs] [Times: user=0,00 sys=0,00, real=0,00 secs] 
77,782: [GC (Allocation Failure) [PSYoungGen: 90720K->96K(88576K)] 93016K->2392K(263680K), 0,0005488 secs] [Times: user=0,00 sys=0,00, real=0,00 secs] 
77,833: [GC (Allocation Failure) [PSYoungGen: 88160K->32K(86528K)] 90456K->2328K(261632K), 0,0005509 secs] [Times: user=0,00 sys=0,00, real=0,01 secs] 
77,884: [GC (Allocation Failure) [PSYoungGen: 86048K->64K(103936K)] 88344K->2360K(279040K), 0,0014158 secs] [Times: user=0,00 sys=0,00, real=0,00 secs] 
77,947: [GC (Allocation Failure) [PSYoungGen: 103488K->64K(124928K)] 105784K->2360K(300032K), 0,0006744 secs] [Times: user=0,01 sys=0,00, real=0,00 secs] 
78,024: [GC (Allocation Failure) [PSYoungGen: 124480K->96K(150016K)] 126776K->2392K(325120K), 0,0005557 secs] [Times: user=0,00 sys=0,00, real=0,00 secs] 
78,109: [GC (Allocation Failure) [PSYoungGen: 149600K->96K(144896K)] 151896K->2392K(320000K), 0,0005505 secs] [Times: user=0,00 sys=0,00, real=0,00 secs] 
78,191: [GC (Allocation Failure) [PSYoungGen: 144480K->96K(140288K)] 146776K->2392K(315392K), 0,0005626 secs] [Times: user=0,00 sys=0,00, real=0,00 secs] 
78,271: [GC (Allocation Failure) [PSYoungGen: 139872K->96K(135680K)] 142168K->2392K(310784K), 0,0005426 secs] [Times: user=0,00 sys=0,00, real=0,00 secs] 
78,350: [GC (Allocation Failure) [PSYoungGen: 135264K->64K(131584K)] 137560K->2360K(306688K), 0,0009528 secs] [Times: user=0,00 sys=0,00, real=0,00 secs] 
78,431: [GC (Allocation Failure) [PSYoungGen: 131136K->64K(127488K)] 133432K->2360K(302592K), 0,0009970 secs] [Times: user=0,00 sys=0,00, real=0,00 secs] 
78,506: [GC (Allocation Failure) [PSYoungGen: 127040K->96K(153088K)] 129336K->2392K(328192K), 0,0009902 secs] [Times: user=0,01 sys=0,00, real=0,00 secs] 
78,593: [GC (Allocation Failure) [PSYoungGen: 152672K->96K(147968K)] 154968K->2392K(323072K), 0,0005513 secs] [Times: user=0,00 sys=0,00, real=0,01 secs] 
78,677: [GC (Allocation Failure) [PSYoungGen: 147552K->96K(143360K)] 149848K->2392K(318464K), 0,0005397 secs] [Times: user=0,01 sys=0,00, real=0,00 secs] 
78,761: [GC (Allocation Failure) [PSYoungGen: 142944K->64K(138752K)] 145240K->2360K(313856K), 0,0005577 secs] [Times: user=0,00 sys=0,00, real=0,00 secs] 
78,856: [GC (Allocation Failure) [PSYoungGen: 138304K->64K(134144K)] 140600K->2360K(309248K), 0,0013070 secs] [Times: user=0,01 sys=0,00, real=0,00 secs] 
78,958: [GC (Allocation Failure) [PSYoungGen: 133696K->96K(130048K)] 135992K->2392K(305152K), 0,0020076 secs] [Times: user=0,00 sys=0,00, real=0,00 secs] 
79,038: [GC (Allocation Failure) [PSYoungGen: 129632K->96K(125952K)] 131928K->2392K(301056K), 0,0006269 secs] [Times: user=0,00 sys=0,00, real=0,00 secs] 
79,112: [GC (Allocation Failure) [PSYoungGen: 125536K->96K(121856K)] 127832K->2392K(296960K), 0,0005934 secs] [Times: user=0,00 sys=0,00, real=0,00 secs] 
79,188: [GC (Allocation Failure) [PSYoungGen: 121439K->96K(118272K)] 123735K->2392K(293376K), 0,0005582 secs] [Times: user=0,00 sys=0,00, real=0,00 secs] 
79,259: [GC (Allocation Failure) [PSYoungGen: 117856K->64K(114688K)] 120152K->2360K(289792K), 0,0011905 secs] [Times: user=0,00 sys=0,00, real=0,00 secs] 
79,335: [GC (Allocation Failure) [PSYoungGen: 114240K->96K(111104K)] 116536K->2392K(286208K), 0,0006565 secs] [Times: user=0,00 sys=0,00, real=0,00 secs] 
79,412: [GC (Allocation Failure) [PSYoungGen: 110688K->64K(133632K)] 112984K->2360K(308736K), 0,0016959 secs] [Times: user=0,00 sys=0,00, real=0,01 secs] 
79,510: [GC (Allocation Failure) [PSYoungGen: 133184K->96K(160256K)] 135480K->2392K(335360K), 0,0005649 secs] [Times: user=0,00 sys=0,00, real=0,00 secs] 
79,608: [GC (Allocation Failure) [PSYoungGen: 159840K->96K(154624K)] 162136K->2392K(329728K), 0,0006011 secs] [Times: user=0,00 sys=0,00, real=0,00 secs] 
79,716: [GC (Allocation Failure) [PSYoungGen: 154208K->96K(149504K)] 156504K->2392K(324608K), 0,0011168 secs] [Times: user=0,00 sys=0,00, real=0,00 secs] 
79,827: [GC (Allocation Failure) [PSYoungGen: 149088K->64K(144384K)] 151384K->2360K(319488K), 0,0006034 secs] [Times: user=0,00 sys=0,00, real=0,00 secs] 
79,926: [GC (Allocation Failure) [PSYoungGen: 143936K->64K(139776K)] 146232K->2360K(314880K), 0,0014667 secs] [Times: user=0,00 sys=0,01, real=0,00 secs] 
80,027: [GC (Allocation Failure) [PSYoungGen: 139328K->96K(135168K)] 141624K->2392K(310272K), 0,0005590 secs] [Times: user=0,00 sys=0,00, real=0,00 secs] 
80,117: [GC (Allocation Failure) [PSYoungGen: 134752K->96K(131072K)] 137048K->2392K(306176K), 0,0005860 secs] [Times: user=0,00 sys=0,00, real=0,00 secs] 
80,208: [GC (Allocation Failure) [PSYoungGen: 130656K->64K(126976K)] 132952K->2360K(302080K), 0,0016908 secs] [Times: user=0,01 sys=0,00, real=0,00 secs] 
80,296: [GC (Allocation Failure) [PSYoungGen: 126528K->32K(122880K)] 128824K->2328K(297984K), 0,0006182 secs] [Times: user=0,00 sys=0,00, real=0,00 secs] 
80,377: [GC (Allocation Failure) [PSYoungGen: 122400K->64K(119296K)] 124696K->2360K(294400K), 0,0007108 secs] [Times: user=0,01 sys=0,00, real=0,00 secs] 
80,465: [GC (Allocation Failure) [PSYoungGen: 118848K->64K(115712K)] 121144K->2384K(290816K), 0,0007487 secs] [Times: user=0,00 sys=0,00, real=0,00 secs] 
80,547: [GC (Allocation Failure) [PSYoungGen: 115264K->32K(112128K)] 117584K->2352K(287232K), 0,0006658 secs] [Times: user=0,00 sys=0,00, real=0,00 secs] 
80,638: [GC (Allocation Failure) [PSYoungGen: 111648K->32K(134656K)] 113968K->2352K(309760K), 0,0068595 secs] [Times: user=0,01 sys=0,00, real=0,01 secs] 
80,753: [GC (Allocation Failure) [PSYoungGen: 134176K->96K(161792K)] 136496K->2416K(336896K), 0,0005845 secs] [Times: user=0,00 sys=0,00, real=0,01 secs] 
80,851: [GC (Allocation Failure) [PSYoungGen: 161376K->64K(194048K)] 163696K->2384K(369152K), 0,0006321 secs] [Times: user=0,00 sys=0,00, real=0,00 secs] 
80,975: [GC (Allocation Failure) [PSYoungGen: 193600K->64K(232960K)] 195920K->2384K(408064K), 0,0008796 secs] [Times: user=0,00 sys=0,00, real=0,00 secs] 
81,218: [GC (Allocation Failure) [PSYoungGen: 232512K->64K(279552K)] 234832K->2384K(454656K), 0,0008225 secs] [Times: user=0,00 sys=0,00, real=0,00 secs] 
81,431: [GC (Allocation Failure) [PSYoungGen: 279104K->64K(268288K)] 281424K->2384K(443392K), 0,0007239 secs] [Times: user=0,00 sys=0,00, real=0,00 secs] 
81,616: [GC (Allocation Failure) [PSYoungGen: 267840K->96K(257536K)] 270160K->2416K(432640K), 0,0006088 secs] [Times: user=0,00 sys=0,00, real=0,00 secs] 
81,782: [GC (Allocation Failure) [PSYoungGen: 257120K->64K(247296K)] 259440K->2384K(422400K), 0,0005938 secs] [Times: user=0,01 sys=0,00, real=0,00 secs] 
81,941: [GC (Allocation Failure) [PSYoungGen: 246848K->96K(237568K)] 249168K->2416K(412672K), 0,0005852 secs] [Times: user=0,00 sys=0,00, real=0,00 secs] 
82,128: [GC (Allocation Failure) [PSYoungGen: 237152K->64K(228352K)] 239472K->2384K(403456K), 0,0014157 secs] [Times: user=0,01 sys=0,00, real=0,00 secs] 
82,287: [GC (Allocation Failure) [PSYoungGen: 227904K->96K(219648K)] 230224K->2416K(394752K), 0,0005936 secs] [Times: user=0,00 sys=0,00, real=0,00 secs] 
82,423: [GC (Allocation Failure) [PSYoungGen: 219232K->96K(211456K)] 221552K->2416K(386560K), 0,0005909 secs] [Times: user=0,01 sys=0,00, real=0,01 secs] 
82,551: [GC (Allocation Failure) [PSYoungGen: 211040K->96K(203776K)] 213360K->2416K(378880K), 0,0005691 secs] [Times: user=0,00 sys=0,00, real=0,00 secs] 
82,673: [GC (Allocation Failure) [PSYoungGen: 203360K->96K(196096K)] 205680K->2416K(371200K), 0,0005856 secs] [Times: user=0,01 sys=0,00, real=0,01 secs] 
82,790: [GC (Allocation Failure) [PSYoungGen: 195680K->96K(188928K)] 198000K->2416K(364032K), 0,0005706 secs] [Times: user=0,00 sys=0,00, real=0,00 secs] 
82,899: [GC (Allocation Failure) [PSYoungGen: 188512K->32K(182272K)] 190832K->2352K(357376K), 0,0006186 secs] [Times: user=0,00 sys=0,00, real=0,00 secs] 
83,006: [GC (Allocation Failure) [PSYoungGen: 181792K->96K(175616K)] 184112K->2416K(350720K), 0,0005942 secs] [Times: user=0,00 sys=0,00, real=0,00 secs] 
83,121: [GC (Allocation Failure) [PSYoungGen: 175200K->32K(169472K)] 177520K->2352K(344576K), 0,0006202 secs] [Times: user=0,00 sys=0,00, real=0,00 secs] 
83,228: [GC (Allocation Failure) [PSYoungGen: 168992K->64K(163840K)] 171312K->2384K(338944K), 0,0009293 secs] [Times: user=0,00 sys=0,00, real=0,00 secs] 
83,336: [GC (Allocation Failure) [PSYoungGen: 163392K->96K(158208K)] 165712K->2424K(333312K), 0,0005436 secs] [Times: user=0,00 sys=0,00, real=0,00 secs] 
83,445: [GC (Allocation Failure) [PSYoungGen: 157792K->64K(153088K)] 160120K->2392K(328192K), 0,0007806 secs] [Times: user=0,00 sys=0,00, real=0,00 secs] 
83,540: [GC (Allocation Failure) [PSYoungGen: 152640K->64K(147968K)] 154968K->2392K(323072K), 0,0011921 secs] [Times: user=0,00 sys=0,00, real=0,00 secs] 
83,624: [GC (Allocation Failure) [PSYoungGen: 147520K->64K(143360K)] 149848K->2392K(318464K), 0,0009304 secs] [Times: user=0,01 sys=0,00, real=0,00 secs] 
83,709: [GC (Allocation Failure) [PSYoungGen: 142912K->96K(138752K)] 145240K->2424K(313856K), 0,0005503 secs] [Times: user=0,00 sys=0,00, real=0,00 secs] 
83,795: [GC (Allocation Failure) [PSYoungGen: 138336K->64K(134144K)] 140664K->2392K(309248K), 0,0014062 secs] [Times: user=0,00 sys=0,00, real=0,00 secs] 
83,879: [GC (Allocation Failure) [PSYoungGen: 133696K->64K(161280K)] 136024K->2392K(336384K), 0,0013176 secs] [Times: user=0,01 sys=0,00, real=0,00 secs] 
83,981: [GC (Allocation Failure) [PSYoungGen: 160832K->96K(155648K)] 163160K->2424K(330752K), 0,0005808 secs] [Times: user=0,00 sys=0,00, real=0,00 secs] 
84,070: [GC (Allocation Failure) [PSYoungGen: 155232K->96K(150528K)] 157560K->2424K(325632K), 0,0005758 secs] [Times: user=0,00 sys=0,00, real=0,00 secs] 
84,155: [GC (Allocation Failure) [PSYoungGen: 150112K->64K(145408K)] 152440K->2392K(320512K), 0,0005468 secs] [Times: user=0,00 sys=0,00, real=0,00 secs] 
84,237: [GC (Allocation Failure) [PSYoungGen: 144960K->96K(140800K)] 147288K->2424K(315904K), 0,0005537 secs] [Times: user=0,00 sys=0,00, real=0,00 secs] 
84,316: [GC (Allocation Failure) [PSYoungGen: 140384K->64K(136192K)] 142712K->2392K(311296K), 0,0005506 secs] [Times: user=0,00 sys=0,00, real=0,00 secs] 
84,393: [GC (Allocation Failure) [PSYoungGen: 135744K->96K(132096K)] 138072K->2424K(307200K), 0,0005648 secs] [Times: user=0,01 sys=0,00, real=0,01 secs] 
84,468: [GC (Allocation Failure) [PSYoungGen: 131680K->96K(128000K)] 134008K->2424K(303104K), 0,0005594 secs] [Times: user=0,00 sys=0,00, real=0,00 secs] 
84,540: [GC (Allocation Failure) [PSYoungGen: 127584K->64K(123904K)] 129912K->2392K(299008K), 0,0006724 secs] [Times: user=0,00 sys=0,00, real=0,00 secs] 
84,609: [GC (Allocation Failure) [PSYoungGen: 123456K->96K(120320K)] 125784K->2424K(295424K), 0,0005630 secs] [Times: user=0,00 sys=0,00, real=0,00 secs] 
84,678: [GC (Allocation Failure) [PSYoungGen: 119904K->96K(116736K)] 122232K->2424K(291840K), 0,0005681 secs] [Times: user=0,00 sys=0,00, real=0,00 secs] 
84,744: [GC (Allocation Failure) [PSYoungGen: 116320K->32K(113152K)] 118648K->2360K(288256K), 0,0007390 secs] [Times: user=0,01 sys=0,00, real=0,00 secs] 
84,808: [GC (Allocation Failure) [PSYoungGen: 112672K->64K(110080K)] 115000K->2392K(285184K), 0,0006052 secs] [Times: user=0,00 sys=0,00, real=0,00 secs] 
84,871: [GC (Allocation Failure) [PSYoungGen: 109632K->96K(107008K)] 111960K->2424K(282112K), 0,0005515 secs] [Times: user=0,00 sys=0,00, real=0,00 secs] 
84,932: [GC (Allocation Failure) [PSYoungGen: 106592K->96K(103936K)] 108920K->2424K(279040K), 0,0005549 secs] [Times: user=0,00 sys=0,00, real=0,00 secs] 
84,996: [GC (Allocation Failure) [PSYoungGen: 103520K->64K(124928K)] 105848K->2392K(300032K), 0,0011316 secs] [Times: user=0,01 sys=0,00, real=0,00 secs] 
85,088: [GC (Allocation Failure) [PSYoungGen: 124480K->64K(150016K)] 126808K->2392K(325120K), 0,0011010 secs] [Times: user=0,00 sys=0,00, real=0,00 secs] 
85,197: [GC (Allocation Failure) [PSYoungGen: 149568K->96K(180224K)] 151896K->2424K(355328K), 0,0011138 secs] [Times: user=0,00 sys=0,00, real=0,00 secs] 
85,305: [GC (Allocation Failure) [PSYoungGen: 179808K->64K(174080K)] 182136K->2392K(349184K), 0,0009591 secs] [Times: user=0,00 sys=0,00, real=0,00 secs] 
85,415: [GC (Allocation Failure) [PSYoungGen: 173632K->32K(167936K)] 175960K->2360K(343040K), 0,0005441 secs] [Times: user=0,00 sys=0,00, real=0,00 secs] 
85,518: [GC (Allocation Failure) [PSYoungGen: 167456K->96K(162304K)] 169784K->2424K(337408K), 0,0005720 secs] [Times: user=0,00 sys=0,00, real=0,00 secs] 
85,618: [GC (Allocation Failure) [PSYoungGen: 161888K->96K(156672K)] 164216K->2424K(331776K), 0,0005749 secs] [Times: user=0,00 sys=0,00, real=0,00 secs] 
85,715: [GC (Allocation Failure) [PSYoungGen: 156256K->96K(151552K)] 158584K->2424K(326656K), 0,0006120 secs] [Times: user=0,00 sys=0,00, real=0,00 secs] 
85,807: [GC (Allocation Failure) [PSYoungGen: 151136K->96K(146432K)] 153464K->2424K(321536K), 0,0005618 secs] [Times: user=0,01 sys=0,00, real=0,00 secs] 
85,899: [GC (Allocation Failure) [PSYoungGen: 146016K->96K(141824K)] 148344K->2424K(316928K), 0,0006308 secs] [Times: user=0,00 sys=0,00, real=0,00 secs] 
85,989: [GC (Allocation Failure) [PSYoungGen: 141408K->64K(137216K)] 143736K->2392K(312320K), 0,0013336 secs] [Times: user=0,00 sys=0,00, real=0,00 secs] 
86,080: [GC (Allocation Failure) [PSYoungGen: 136768K->64K(132608K)] 139096K->2392K(307712K), 0,0006159 secs] [Times: user=0,00 sys=0,00, real=0,00 secs] 
86,164: [GC (Allocation Failure) [PSYoungGen: 132160K->96K(128512K)] 134488K->2424K(303616K), 0,0006279 secs] [Times: user=0,00 sys=0,00, real=0,00 secs] 
86,246: [GC (Allocation Failure) [PSYoungGen: 128096K->96K(124416K)] 130424K->2424K(299520K), 0,0005870 secs] [Times: user=0,00 sys=0,00, real=0,00 secs] 
86,326: [GC (Allocation Failure) [PSYoungGen: 124000K->96K(120832K)] 126328K->2424K(295936K), 0,0006670 secs] [Times: user=0,00 sys=0,00, real=0,00 secs] 
86,403: [GC (Allocation Failure) [PSYoungGen: 120416K->96K(117248K)] 122744K->2424K(292352K), 0,0005774 secs] [Times: user=0,00 sys=0,00, real=0,01 secs] 
86,477: [GC (Allocation Failure) [PSYoungGen: 116832K->64K(113664K)] 119160K->2392K(288768K), 0,0009562 secs] [Times: user=0,00 sys=0,00, real=0,00 secs] 
86,550: [GC (Allocation Failure) [PSYoungGen: 113216K->96K(110592K)] 115544K->2424K(285696K), 0,0005767 secs] [Times: user=0,00 sys=0,00, real=0,00 secs] 
86,621: [GC (Allocation Failure) [PSYoungGen: 110176K->64K(107520K)] 112504K->2392K(282624K), 0,0011872 secs] [Times: user=0,00 sys=0,00, real=0,00 secs] 
86,688: [GC (Allocation Failure) [PSYoungGen: 107071K->64K(129024K)] 109399K->2392K(304128K), 0,0010354 secs] [Times: user=0,00 sys=0,00, real=0,00 secs] 
86,766: [GC (Allocation Failure) [PSYoungGen: 128576K->0K(155136K)] 130904K->2328K(330240K), 0,0006150 secs] [Times: user=0,00 sys=0,00, real=0,00 secs] 
86,858: [GC (Allocation Failure) [PSYoungGen: 154624K->96K(150016K)] 156952K->2424K(325120K), 0,0006248 secs] [Times: user=0,00 sys=0,00, real=0,00 secs] 
86,947: [GC (Allocation Failure) [PSYoungGen: 149600K->64K(144896K)] 151928K->2392K(320000K), 0,0006532 secs] [Times: user=0,00 sys=0,00, real=0,00 secs] 
87,035: [GC (Allocation Failure) [PSYoungGen: 144448K->96K(140288K)] 146776K->2424K(315392K), 0,0010786 secs] [Times: user=0,00 sys=0,00, real=0,00 secs] 
87,121: [GC (Allocation Failure) [PSYoungGen: 139872K->96K(135680K)] 142200K->2424K(310784K), 0,0006210 secs] [Times: user=0,00 sys=0,00, real=0,00 secs] 
87,201: [GC (Allocation Failure) [PSYoungGen: 135264K->96K(131584K)] 137592K->2424K(306688K), 0,0006458 secs] [Times: user=0,00 sys=0,00, real=0,00 secs] 
87,280: [GC (Allocation Failure) [PSYoungGen: 131168K->96K(127488K)] 133496K->2424K(302592K), 0,0005718 secs] [Times: user=0,00 sys=0,00, real=0,00 secs] 
87,355: [GC (Allocation Failure) [PSYoungGen: 127072K->96K(123392K)] 129400K->2424K(298496K), 0,0006326 secs] [Times: user=0,00 sys=0,00, real=0,00 secs] 
87,429: [GC (Allocation Failure) [PSYoungGen: 122976K->96K(119808K)] 125304K->2424K(294912K), 0,0005775 secs] [Times: user=0,00 sys=0,00, real=0,00 secs] 
87,500: [GC (Allocation Failure) [PSYoungGen: 119392K->64K(116224K)] 121720K->2392K(291328K), 0,0006302 secs] [Times: user=0,01 sys=0,00, real=0,00 secs] 
87,569: [GC (Allocation Failure) [PSYoungGen: 115776K->96K(112640K)] 118104K->2424K(287744K), 0,0006170 secs] [Times: user=0,00 sys=0,00, real=0,00 secs] 
87,637: [GC (Allocation Failure) [PSYoungGen: 112224K->96K(109568K)] 114552K->2424K(284672K), 0,0006091 secs] [Times: user=0,00 sys=0,00, real=0,00 secs] 
87,702: [GC (Allocation Failure) [PSYoungGen: 109152K->96K(106496K)] 111480K->2424K(281600K), 0,0005946 secs] [Times: user=0,00 sys=0,00, real=0,00 secs] 
87,765: [GC (Allocation Failure) [PSYoungGen: 106080K->96K(103424K)] 108408K->2424K(278528K), 0,0005964 secs] [Times: user=0,00 sys=0,00, real=0,00 secs] 
87,827: [GC (Allocation Failure) [PSYoungGen: 103008K->96K(100352K)] 105336K->2424K(275456K), 0,0006280 secs] [Times: user=0,00 sys=0,00, real=0,00 secs] 
87,886: [GC (Allocation Failure) [PSYoungGen: 99936K->96K(97792K)] 102264K->2424K(272896K), 0,0006053 secs] [Times: user=0,00 sys=0,00, real=0,00 secs] 
87,947: [GC (Allocation Failure) [PSYoungGen: 97376K->64K(95232K)] 99704K->2392K(270336K), 0,0005870 secs] [Times: user=0,00 sys=0,00, real=0,00 secs] 
88,007: [GC (Allocation Failure) [PSYoungGen: 94784K->64K(114176K)] 97112K->2392K(289280K), 0,0011848 secs] [Times: user=0,00 sys=0,00, real=0,00 secs] 
88,083: [GC (Allocation Failure) [PSYoungGen: 113727K->96K(137216K)] 116055K->2424K(312320K), 0,0006810 secs] [Times: user=0,00 sys=0,00, real=0,00 secs] 
88,170: [GC (Allocation Failure) [PSYoungGen: 136800K->96K(132608K)] 139128K->2424K(307712K), 0,0005706 secs] [Times: user=0,01 sys=0,00, real=0,00 secs] 
88,254: [GC (Allocation Failure) [PSYoungGen: 132192K->64K(128512K)] 134520K->2392K(303616K), 0,0006131 secs] [Times: user=0,00 sys=0,00, real=0,00 secs] 
88,338: [GC (Allocation Failure) [PSYoungGen: 128064K->64K(124416K)] 130392K->2392K(299520K), 0,0007743 secs] [Times: user=0,00 sys=0,00, real=0,00 secs] 
88,418: [GC (Allocation Failure) [PSYoungGen: 123968K->96K(120832K)] 126296K->2424K(295936K), 0,0006801 secs] [Times: user=0,00 sys=0,00, real=0,00 secs] 
88,502: [GC (Allocation Failure) [PSYoungGen: 120416K->96K(117248K)] 122744K->2424K(292352K), 0,0005701 secs] [Times: user=0,00 sys=0,00, real=0,00 secs] 
88,604: [GC (Allocation Failure) [PSYoungGen: 116832K->64K(113664K)] 119160K->2392K(288768K), 0,0015299 secs] [Times: user=0,00 sys=0,00, real=0,00 secs] 
88,698: [GC (Allocation Failure) [PSYoungGen: 113216K->64K(136704K)] 115544K->2392K(311808K), 0,0025524 secs] [Times: user=0,00 sys=0,01, real=0,00 secs] 
88,855: [GC (Allocation Failure) [PSYoungGen: 136256K->96K(164352K)] 138584K->2424K(339456K), 0,0007783 secs] [Times: user=0,00 sys=0,00, real=0,00 secs] 
88,971: [GC (Allocation Failure) [PSYoungGen: 163936K->96K(158720K)] 166264K->2424K(333824K), 0,0006037 secs] [Times: user=0,00 sys=0,00, real=0,00 secs] 
89,083: [GC (Allocation Failure) [PSYoungGen: 158304K->96K(153600K)] 160632K->2424K(328704K), 0,0005962 secs] [Times: user=0,00 sys=0,00, real=0,01 secs] 
89,203: [GC (Allocation Failure) [PSYoungGen: 153184K->96K(148480K)] 155512K->2424K(323584K), 0,0005881 secs] [Times: user=0,00 sys=0,00, real=0,00 secs] 
89,306: [GC (Allocation Failure) [PSYoungGen: 148064K->64K(143360K)] 150392K->2392K(318464K), 0,0008543 secs] [Times: user=0,00 sys=0,01, real=0,00 secs] 
89,406: [GC (Allocation Failure) [PSYoungGen: 142912K->64K(138752K)] 145240K->2392K(313856K), 0,0012412 secs] [Times: user=0,00 sys=0,00, real=0,00 secs] 
89,496: [GC (Allocation Failure) [PSYoungGen: 138304K->96K(134144K)] 140632K->2424K(309248K), 0,0006026 secs] [Times: user=0,00 sys=0,00, real=0,00 secs] 
89,580: [GC (Allocation Failure) [PSYoungGen: 133728K->96K(130048K)] 136056K->2424K(305152K), 0,0006921 secs] [Times: user=0,00 sys=0,00, real=0,00 secs] 
89,661: [GC (Allocation Failure) [PSYoungGen: 129632K->96K(125952K)] 131960K->2424K(301056K), 0,0006132 secs] [Times: user=0,00 sys=0,00, real=0,00 secs] 
89,739: [GC (Allocation Failure) [PSYoungGen: 125536K->96K(121856K)] 127864K->2424K(296960K), 0,0006315 secs] [Times: user=0,00 sys=0,00, real=0,00 secs] 
89,814: [GC (Allocation Failure) [PSYoungGen: 121440K->64K(118272K)] 123768K->2392K(293376K), 0,0005781 secs] [Times: user=0,00 sys=0,00, real=0,00 secs] 
89,886: [GC (Allocation Failure) [PSYoungGen: 117824K->96K(114688K)] 120152K->2424K(289792K), 0,0006983 secs] [Times: user=0,00 sys=0,00, real=0,00 secs] 
89,957: [GC (Allocation Failure) [PSYoungGen: 114272K->64K(111104K)] 116600K->2392K(286208K), 0,0006418 secs] [Times: user=0,00 sys=0,00, real=0,00 secs] 
90,029: [GC (Allocation Failure) [PSYoungGen: 110656K->32K(108032K)] 112984K->2360K(283136K), 0,0007298 secs] [Times: user=0,00 sys=0,00, real=0,00 secs] 
90,098: [GC (Allocation Failure) [PSYoungGen: 107552K->96K(104960K)] 109880K->2424K(280064K), 0,0005878 secs] [Times: user=0,00 sys=0,00, real=0,00 secs] 
90,163: [GC (Allocation Failure) [PSYoungGen: 104544K->96K(101888K)] 106872K->2424K(276992K), 0,0005965 secs] [Times: user=0,00 sys=0,00, real=0,01 secs] 
90,228: [GC (Allocation Failure) [PSYoungGen: 101472K->96K(98816K)] 103800K->2424K(273920K), 0,0006045 secs] [Times: user=0,00 sys=0,00, real=0,00 secs] 
90,298: [GC (Allocation Failure) [PSYoungGen: 98400K->96K(96256K)] 100728K->2424K(271360K), 0,0006947 secs] [Times: user=0,01 sys=0,00, real=0,00 secs] 
90,388: [GC (Allocation Failure) [PSYoungGen: 95840K->96K(93696K)] 98168K->2424K(268800K), 0,0005924 secs] [Times: user=0,01 sys=0,00, real=0,00 secs] 
90,455: [GC (Allocation Failure) [PSYoungGen: 93280K->32K(91136K)] 95608K->2384K(266240K), 0,0006152 secs] [Times: user=0,00 sys=0,00, real=0,00 secs] 
90,512: [GC (Allocation Failure) [PSYoungGen: 90656K->96K(88576K)] 93008K->2448K(263680K), 0,0005973 secs] [Times: user=0,00 sys=0,00, real=0,00 secs] 
90,565: [GC (Allocation Failure) [PSYoungGen: 88160K->96K(86528K)] 90512K->2448K(261632K), 0,0005776 secs] [Times: user=0,00 sys=0,00, real=0,00 secs] 
90,616: [GC (Allocation Failure) [PSYoungGen: 86112K->96K(84480K)] 88464K->2448K(259584K), 0,0005974 secs] [Times: user=0,00 sys=0,00, real=0,00 secs] 
90,667: [GC (Allocation Failure) [PSYoungGen: 84064K->96K(82432K)] 86416K->2448K(257536K), 0,0006276 secs] [Times: user=0,00 sys=0,00, real=0,00 secs] 
90,716: [GC (Allocation Failure) [PSYoungGen: 82016K->96K(98816K)] 84368K->2448K(273920K), 0,0006746 secs] [Times: user=0,00 sys=0,00, real=0,00 secs] 
90,776: [GC (Allocation Failure) [PSYoungGen: 98400K->32K(118784K)] 100752K->2384K(293888K), 0,0005919 secs] [Times: user=0,00 sys=0,00, real=0,00 secs] 
90,846: [GC (Allocation Failure) [PSYoungGen: 118304K->96K(142848K)] 120656K->2448K(317952K), 0,0008134 secs] [Times: user=0,01 sys=0,00, real=0,00 secs] 
90,933: [GC (Allocation Failure) [PSYoungGen: 142432K->96K(138240K)] 144784K->2448K(313344K), 0,0005593 secs] [Times: user=0,00 sys=0,00, real=0,01 secs] 
91,012: [GC (Allocation Failure) [PSYoungGen: 137824K->64K(133632K)] 140176K->2416K(308736K), 0,0007927 secs] [Times: user=0,00 sys=0,00, real=0,01 secs] 
91,092: [GC (Allocation Failure) [PSYoungGen: 133184K->96K(129536K)] 135536K->2448K(304640K), 0,0005686 secs] [Times: user=0,00 sys=0,00, real=0,00 secs] 
91,170: [GC (Allocation Failure) [PSYoungGen: 129120K->96K(125440K)] 131472K->2448K(300544K), 0,0006005 secs] [Times: user=0,00 sys=0,00, real=0,00 secs] 
91,267: [GC (Allocation Failure) [PSYoungGen: 125024K->64K(121344K)] 127376K->2416K(296448K), 0,0010561 secs] [Times: user=0,01 sys=0,00, real=0,00 secs] 
91,344: [GC (Allocation Failure) [PSYoungGen: 120896K->96K(117760K)] 123248K->2448K(292864K), 0,0025585 secs] [Times: user=0,00 sys=0,00, real=0,00 secs] 
91,414: [GC (Allocation Failure) [PSYoungGen: 117344K->64K(114176K)] 119696K->2416K(289280K), 0,0006170 secs] [Times: user=0,00 sys=0,00, real=0,00 secs] 
91,481: [GC (Allocation Failure) [PSYoungGen: 113728K->96K(110592K)] 116080K->2448K(285696K), 0,0005719 secs] [Times: user=0,00 sys=0,00, real=0,00 secs] 
91,545: [GC (Allocation Failure) [PSYoungGen: 110176K->64K(107520K)] 112528K->2416K(282624K), 0,0007448 secs] [Times: user=0,00 sys=0,00, real=0,00 secs] 
91,607: [GC (Allocation Failure) [PSYoungGen: 107072K->96K(104448K)] 109424K->2448K(279552K), 0,0005714 secs] [Times: user=0,00 sys=0,00, real=0,00 secs] 
91,669: [GC (Allocation Failure) [PSYoungGen: 104032K->96K(101376K)] 106384K->2448K(276480K), 0,0005702 secs] [Times: user=0,01 sys=0,00, real=0,00 secs] 
91,730: [GC (Allocation Failure) [PSYoungGen: 100960K->64K(98816K)] 103312K->2416K(273920K), 0,0006274 secs] [Times: user=0,01 sys=0,00, real=0,00 secs] 
91,792: [GC (Allocation Failure) [PSYoungGen: 98368K->96K(96256K)] 100720K->2448K(271360K), 0,0005722 secs] [Times: user=0,00 sys=0,00, real=0,01 secs] 
91,853: [GC (Allocation Failure) [PSYoungGen: 95840K->64K(93696K)] 98192K->2416K(268800K), 0,0006841 secs] [Times: user=0,01 sys=0,00, real=0,01 secs] 
91,926: [GC (Allocation Failure) [PSYoungGen: 93248K->32K(91136K)] 95600K->2384K(266240K), 0,0010228 secs] [Times: user=0,00 sys=0,00, real=0,00 secs] 
91,986: [GC (Allocation Failure) [PSYoungGen: 90656K->32K(88576K)] 93008K->2384K(263680K), 0,0005513 secs] [Times: user=0,00 sys=0,00, real=0,00 secs] 
92,044: [GC (Allocation Failure) [PSYoungGen: 88096K->32K(106496K)] 90448K->2384K(281600K), 0,0017023 secs] [Times: user=0,00 sys=0,00, real=0,00 secs] 
92,116: [GC (Allocation Failure) [PSYoungGen: 106016K->64K(128000K)] 108368K->2416K(303104K), 0,0008264 secs] [Times: user=0,00 sys=0,00, real=0,00 secs] 
92,218: [GC (Allocation Failure) [PSYoungGen: 127552K->96K(153600K)] 129904K->2448K(328704K), 0,0005969 secs] [Times: user=0,00 sys=0,00, real=0,00 secs] 
92,328: [GC (Allocation Failure) [PSYoungGen: 153184K->32K(184320K)] 155536K->2384K(359424K), 0,0010600 secs] [Times: user=0,00 sys=0,00, real=0,00 secs] 
92,445: [GC (Allocation Failure) [PSYoungGen: 183840K->96K(177664K)] 186192K->2448K(352768K), 0,0005945 secs] [Times: user=0,00 sys=0,00, real=0,00 secs] 
92,557: [GC (Allocation Failure) [PSYoungGen: 177248K->64K(213504K)] 179600K->2416K(388608K), 0,0016062 secs] [Times: user=0,00 sys=0,00, real=0,00 secs] 
92,687: [GC (Allocation Failure) [PSYoungGen: 213056K->96K(205824K)] 215408K->2448K(380928K), 0,0005743 secs] [Times: user=0,01 sys=0,00, real=0,00 secs] 
92,822: [GC (Allocation Failure) [PSYoungGen: 205408K->32K(198144K)] 207760K->2384K(373248K), 0,0006318 secs] [Times: user=0,00 sys=0,00, real=0,00 secs] 
92,987: [GC (Allocation Failure) [PSYoungGen: 197664K->32K(190976K)] 200016K->2384K(366080K), 0,0012876 secs] [Times: user=0,00 sys=0,00, real=0,00 secs] 
93,147: [GC (Allocation Failure) [PSYoungGen: 190496K->64K(184320K)] 192848K->2416K(359424K), 0,0010816 secs] [Times: user=0,00 sys=0,00, real=0,00 secs] 
93,300: [GC (Allocation Failure) [PSYoungGen: 183872K->64K(177664K)] 186224K->2416K(352768K), 0,0013417 secs] [Times: user=0,01 sys=0,00, real=0,00 secs] 
93,586: [GC (Allocation Failure) [PSYoungGen: 177216K->96K(171520K)] 179568K->2448K(346624K), 0,0013920 secs] [Times: user=0,00 sys=0,00, real=0,00 secs] 
93,847: [GC (Allocation Failure) [PSYoungGen: 171104K->96K(165376K)] 173456K->2448K(340480K), 0,0005989 secs] [Times: user=0,00 sys=0,00, real=0,00 secs] 
94,001: [GC (Allocation Failure) [PSYoungGen: 164959K->96K(159744K)] 167311K->2448K(334848K), 0,0006192 secs] [Times: user=0,00 sys=0,00, real=0,00 secs] 
94,148: [GC (Allocation Failure) [PSYoungGen: 159328K->32K(154112K)] 161680K->2384K(329216K), 0,0006838 secs] [Times: user=0,00 sys=0,00, real=0,00 secs] 
94,339: [GC (Allocation Failure) [PSYoungGen: 153632K->32K(148992K)] 155984K->2384K(324096K), 0,0006481 secs] [Times: user=0,01 sys=0,00, real=0,00 secs] 
94,442: [GC (Allocation Failure) [PSYoungGen: 148512K->96K(143872K)] 150864K->2448K(318976K), 0,0006504 secs] [Times: user=0,00 sys=0,00, real=0,00 secs] 
94,551: [GC (Allocation Failure) [PSYoungGen: 143456K->96K(139264K)] 145808K->2448K(314368K), 0,0009393 secs] [Times: user=0,00 sys=0,00, real=0,00 secs] 
94,683: [GC (Allocation Failure) [PSYoungGen: 138848K->96K(134656K)] 141200K->2448K(309760K), 0,0006190 secs] [Times: user=0,00 sys=0,00, real=0,01 secs] 
94,803: [GC (Allocation Failure) [PSYoungGen: 134240K->32K(130560K)] 136592K->2384K(305664K), 0,0006464 secs] [Times: user=0,00 sys=0,00, real=0,01 secs] 
94,899: [GC (Allocation Failure) [PSYoungGen: 130080K->96K(126464K)] 132432K->2448K(301568K), 0,0006108 secs] [Times: user=0,01 sys=0,00, real=0,00 secs] 
94,993: [GC (Allocation Failure) [PSYoungGen: 126048K->96K(122368K)] 128400K->2448K(297472K), 0,0006771 secs] [Times: user=0,00 sys=0,00, real=0,00 secs] 
95,082: [GC (Allocation Failure) [PSYoungGen: 121952K->96K(118784K)] 124304K->2448K(293888K), 0,0007069 secs] [Times: user=0,00 sys=0,00, real=0,00 secs] 
95,177: [GC (Allocation Failure) [PSYoungGen: 118368K->64K(115200K)] 120720K->2416K(290304K), 0,0010189 secs] [Times: user=0,00 sys=0,00, real=0,00 secs] 
95,259: [GC (Allocation Failure) [PSYoungGen: 114752K->96K(111616K)] 117104K->2448K(286720K), 0,0006037 secs] [Times: user=0,00 sys=0,00, real=0,00 secs] 
95,335: [GC (Allocation Failure) [PSYoungGen: 111200K->64K(108544K)] 113552K->2416K(283648K), 0,0005753 secs] [Times: user=0,00 sys=0,00, real=0,00 secs] 
95,412: [GC (Allocation Failure) [PSYoungGen: 108096K->64K(105472K)] 110448K->2416K(280576K), 0,0013487 secs] [Times: user=0,00 sys=0,00, real=0,01 secs] 
95,489: [GC (Allocation Failure) [PSYoungGen: 105024K->96K(102400K)] 107376K->2448K(277504K), 0,0006314 secs] [Times: user=0,00 sys=0,00, real=0,00 secs] 
95,559: [GC (Allocation Failure) [PSYoungGen: 101984K->64K(122880K)] 104336K->2416K(297984K), 0,0012023 secs] [Times: user=0,00 sys=0,00, real=0,00 secs] 
95,643: [GC (Allocation Failure) [PSYoungGen: 122432K->64K(147456K)] 124784K->2416K(322560K), 0,0008152 secs] [Times: user=0,00 sys=0,00, real=0,00 secs] 
95,743: [GC (Allocation Failure) [PSYoungGen: 147008K->96K(142848K)] 149360K->2448K(317952K), 0,0005955 secs] [Times: user=0,00 sys=0,00, real=0,00 secs] 
95,860: [GC (Allocation Failure) [PSYoungGen: 142432K->64K(138240K)] 144784K->2416K(313344K), 0,0011466 secs] [Times: user=0,00 sys=0,00, real=0,00 secs] 
95,991: [GC (Allocation Failure) [PSYoungGen: 137792K->96K(133632K)] 140144K->2448K(308736K), 0,0006064 secs] [Times: user=0,00 sys=0,00, real=0,00 secs] 
96,083: [GC (Allocation Failure) [PSYoungGen: 133216K->96K(129536K)] 135568K->2448K(304640K), 0,0006129 secs] [Times: user=0,00 sys=0,00, real=0,00 secs] 
96,179: [GC (Allocation Failure) [PSYoungGen: 129120K->96K(125440K)] 131472K->2448K(300544K), 0,0006596 secs] [Times: user=0,00 sys=0,00, real=0,00 secs] 
96,289: [GC (Allocation Failure) [PSYoungGen: 125024K->32K(121344K)] 127376K->2384K(296448K), 0,0018688 secs] [Times: user=0,00 sys=0,01, real=0,00 secs] 
96,397: [GC (Allocation Failure) [PSYoungGen: 120864K->64K(145920K)] 123216K->2416K(321024K), 0,0019161 secs] [Times: user=0,00 sys=0,00, real=0,00 secs] 
96,500: [GC (Allocation Failure) [PSYoungGen: 145472K->96K(141312K)] 147824K->2448K(316416K), 0,0006759 secs] [Times: user=0,00 sys=0,00, real=0,00 secs] 
96,598: [GC (Allocation Failure) [PSYoungGen: 140896K->96K(136704K)] 143248K->2448K(311808K), 0,0005962 secs] [Times: user=0,00 sys=0,00, real=0,00 secs] 
96,692: [GC (Allocation Failure) [PSYoungGen: 136288K->64K(132608K)] 138640K->2416K(307712K), 0,0007051 secs] [Times: user=0,00 sys=0,00, real=0,01 secs] 
96,782: [GC (Allocation Failure) [PSYoungGen: 132160K->96K(128512K)] 134512K->2448K(303616K), 0,0006221 secs] [Times: user=0,00 sys=0,00, real=0,00 secs] 
96,863: [GC (Allocation Failure) [PSYoungGen: 128096K->96K(124416K)] 130448K->2448K(299520K), 0,0006586 secs] [Times: user=0,00 sys=0,00, real=0,00 secs] 
96,944: [GC (Allocation Failure) [PSYoungGen: 124000K->64K(120832K)] 126352K->2416K(295936K), 0,0007712 secs] [Times: user=0,00 sys=0,00, real=0,00 secs] 
97,024: [GC (Allocation Failure) [PSYoungGen: 120384K->64K(117248K)] 122736K->2416K(292352K), 0,0006475 secs] [Times: user=0,01 sys=0,00, real=0,00 secs] 
97,107: [GC (Allocation Failure) [PSYoungGen: 116800K->64K(113664K)] 119152K->2416K(288768K), 0,0006278 secs] [Times: user=0,00 sys=0,00, real=0,00 secs] 
97,178: [GC (Allocation Failure) [PSYoungGen: 113216K->96K(110592K)] 115568K->2448K(285696K), 0,0005833 secs] [Times: user=0,00 sys=0,00, real=0,00 secs] 
97,245: [GC (Allocation Failure) [PSYoungGen: 110176K->96K(107520K)] 112528K->2448K(282624K), 0,0005867 secs] [Times: user=0,00 sys=0,00, real=0,00 secs] 
97,317: [GC (Allocation Failure) [PSYoungGen: 107104K->96K(104448K)] 109456K->2448K(279552K), 0,0007136 secs] [Times: user=0,00 sys=0,00, real=0,00 secs] 
97,384: [GC (Allocation Failure) [PSYoungGen: 104032K->96K(101376K)] 106384K->2448K(276480K), 0,0005812 secs] [Times: user=0,00 sys=0,00, real=0,00 secs] 
97,453: [GC (Allocation Failure) [PSYoungGen: 100960K->96K(98816K)] 103312K->2448K(273920K), 0,0005900 secs] [Times: user=0,00 sys=0,00, real=0,01 secs] 
97,518: [GC (Allocation Failure) [PSYoungGen: 98400K->64K(96256K)] 100752K->2416K(271360K), 0,0005925 secs] [Times: user=0,00 sys=0,00, real=0,00 secs] 
97,575: [GC (Allocation Failure) [PSYoungGen: 95808K->64K(93696K)] 98160K->2416K(268800K), 0,0008491 secs] [Times: user=0,00 sys=0,00, real=0,00 secs] 
97,632: [GC (Allocation Failure) [PSYoungGen: 93248K->96K(91136K)] 95600K->2448K(266240K), 0,0005785 secs] [Times: user=0,00 sys=0,00, real=0,00 secs] 
97,686: [GC (Allocation Failure) [PSYoungGen: 90720K->96K(109568K)] 93072K->2448K(284672K), 0,0007666 secs] [Times: user=0,00 sys=0,00, real=0,00 secs] 
97,749: [GC (Allocation Failure) [PSYoungGen: 109152K->96K(106496K)] 111504K->2448K(281600K), 0,0006036 secs] [Times: user=0,00 sys=0,00, real=0,00 secs] 
97,815: [GC (Allocation Failure) [PSYoungGen: 106080K->96K(103424K)] 108432K->2448K(278528K), 0,0005725 secs] [Times: user=0,00 sys=0,00, real=0,00 secs] 
97,879: [GC (Allocation Failure) [PSYoungGen: 103008K->96K(100352K)] 105360K->2448K(275456K), 0,0005742 secs] [Times: user=0,00 sys=0,00, real=0,00 secs] 
97,941: [GC (Allocation Failure) [PSYoungGen: 99936K->64K(120320K)] 102288K->2416K(295424K), 0,0010686 secs] [Times: user=0,00 sys=0,00, real=0,00 secs] 
98,011: [GC (Allocation Failure) [PSYoungGen: 119872K->96K(116736K)] 122224K->2448K(291840K), 0,0005983 secs] [Times: user=0,00 sys=0,00, real=0,00 secs] 
98,080: [GC (Allocation Failure) [PSYoungGen: 116320K->96K(113152K)] 118672K->2448K(288256K), 0,0005725 secs] [Times: user=0,00 sys=0,00, real=0,00 secs] 
98,146: [GC (Allocation Failure) [PSYoungGen: 112736K->96K(110080K)] 115088K->2448K(285184K), 0,0006163 secs] [Times: user=0,00 sys=0,00, real=0,00 secs] 
98,210: [GC (Allocation Failure) [PSYoungGen: 109664K->96K(107008K)] 112016K->2448K(282112K), 0,0005694 secs] [Times: user=0,00 sys=0,00, real=0,00 secs] 
98,272: [GC (Allocation Failure) [PSYoungGen: 106592K->96K(103936K)] 108944K->2448K(279040K), 0,0005905 secs] [Times: user=0,00 sys=0,00, real=0,00 secs] 
98,333: [GC (Allocation Failure) [PSYoungGen: 103520K->64K(100864K)] 105872K->2416K(275968K), 0,0005785 secs] [Times: user=0,01 sys=0,00, real=0,01 secs] 
98,394: [GC (Allocation Failure) [PSYoungGen: 100416K->64K(121344K)] 102768K->2416K(296448K), 0,0011372 secs] [Times: user=0,01 sys=0,00, real=0,00 secs] 
98,467: [GC (Allocation Failure) [PSYoungGen: 120896K->96K(117760K)] 123248K->2448K(292864K), 0,0005686 secs] [Times: user=0,00 sys=0,00, real=0,00 secs] 
98,538: [GC (Allocation Failure) [PSYoungGen: 117344K->64K(114176K)] 119696K->2416K(289280K), 0,0006415 secs] [Times: user=0,00 sys=0,00, real=0,00 secs] 
98,606: [GC (Allocation Failure) [PSYoungGen: 113728K->96K(110592K)] 116080K->2448K(285696K), 0,0005703 secs] [Times: user=0,00 sys=0,00, real=0,00 secs] 
98,670: [GC (Allocation Failure) [PSYoungGen: 110176K->96K(107520K)] 112528K->2448K(282624K), 0,0006627 secs] [Times: user=0,00 sys=0,00, real=0,00 secs] 
98,732: [GC (Allocation Failure) [PSYoungGen: 107104K->96K(104448K)] 109456K->2448K(279552K), 0,0005547 secs] [Times: user=0,00 sys=0,00, real=0,00 secs] 
98,792: [GC (Allocation Failure) [PSYoungGen: 104032K->96K(101376K)] 106384K->2448K(276480K), 0,0007829 secs] [Times: user=0,00 sys=0,00, real=0,01 secs] 
98,850: [GC (Allocation Failure) [PSYoungGen: 100960K->96K(98816K)] 103312K->2448K(273920K), 0,0006094 secs] [Times: user=0,00 sys=0,00, real=0,00 secs] 
98,906: [GC (Allocation Failure) [PSYoungGen: 98400K->96K(96256K)] 100752K->2448K(271360K), 0,0005624 secs] [Times: user=0,00 sys=0,00, real=0,00 secs] 
98,961: [GC (Allocation Failure) [PSYoungGen: 95840K->96K(93696K)] 98192K->2448K(268800K), 0,0005822 secs] [Times: user=0,00 sys=0,00, real=0,00 secs] 
99,018: [GC (Allocation Failure) [PSYoungGen: 93280K->96K(91136K)] 95632K->2448K(266240K), 0,0005553 secs] [Times: user=0,00 sys=0,00, real=0,00 secs] 
99,075: [GC (Allocation Failure) [PSYoungGen: 90720K->64K(88576K)] 93072K->2416K(263680K), 0,0005939 secs] [Times: user=0,00 sys=0,00, real=0,00 secs] 
99,128: [GC (Allocation Failure) [PSYoungGen: 88128K->96K(86528K)] 90480K->2448K(261632K), 0,0005627 secs] [Times: user=0,00 sys=0,00, real=0,00 secs] 
99,181: [GC (Allocation Failure) [PSYoungGen: 86112K->96K(84480K)] 88464K->2448K(259584K), 0,0005637 secs] [Times: user=0,00 sys=0,00, real=0,00 secs] 
99,230: [GC (Allocation Failure) [PSYoungGen: 84064K->96K(82432K)] 86416K->2448K(257536K), 0,0005590 secs] [Times: user=0,00 sys=0,00, real=0,00 secs] 
99,278: [GC (Allocation Failure) [PSYoungGen: 82016K->32K(80384K)] 84368K->2384K(255488K), 0,0005969 secs] [Times: user=0,00 sys=0,00, real=0,00 secs] 
99,324: [GC (Allocation Failure) [PSYoungGen: 79904K->64K(96768K)] 82256K->2416K(271872K), 0,0006408 secs] [Times: user=0,00 sys=0,00, real=0,00 secs] 
99,385: [GC (Allocation Failure) [PSYoungGen: 96320K->64K(116224K)] 98672K->2416K(291328K), 0,0005741 secs] [Times: user=0,01 sys=0,00, real=0,00 secs] 
99,453: [GC (Allocation Failure) [PSYoungGen: 115776K->32K(112640K)] 118128K->2384K(287744K), 0,0005426 secs] [Times: user=0,00 sys=0,00, real=0,00 secs] 
99,523: [GC (Allocation Failure) [PSYoungGen: 112160K->96K(109568K)] 114512K->2448K(284672K), 0,0005571 secs] [Times: user=0,00 sys=0,00, real=0,01 secs] 
99,586: [GC (Allocation Failure) [PSYoungGen: 109152K->96K(106496K)] 111504K->2448K(281600K), 0,0006121 secs] [Times: user=0,00 sys=0,00, real=0,00 secs] 
99,648: [GC (Allocation Failure) [PSYoungGen: 106080K->32K(103424K)] 108432K->2384K(278528K), 0,0005506 secs] [Times: user=0,01 sys=0,00, real=0,00 secs] 
99,715: [GC (Allocation Failure) [PSYoungGen: 102944K->64K(124416K)] 105296K->2416K(299520K), 0,0013289 secs] [Times: user=0,00 sys=0,00, real=0,00 secs] 
99,811: [GC (Allocation Failure) [PSYoungGen: 123968K->64K(120832K)] 126320K->2416K(295936K), 0,0005934 secs] [Times: user=0,00 sys=0,00, real=0,00 secs] 
99,892: [GC (Allocation Failure) [PSYoungGen: 120384K->32K(117248K)] 122736K->2384K(292352K), 0,0008550 secs] [Times: user=0,01 sys=0,00, real=0,00 secs] 
99,963: [GC (Allocation Failure) [PSYoungGen: 116768K->64K(140800K)] 119120K->2416K(315904K), 0,0010685 secs] [Times: user=0,00 sys=0,00, real=0,01 secs] 
100,056: [GC (Allocation Failure) [PSYoungGen: 140352K->64K(168960K)] 142704K->2416K(344064K), 0,0010969 secs] [Times: user=0,00 sys=0,00, real=0,00 secs] 
100,170: [GC (Allocation Failure) [PSYoungGen: 168512K->64K(163328K)] 170864K->2416K(338432K), 0,0005760 secs] [Times: user=0,00 sys=0,00, real=0,00 secs] 
100,269: [GC (Allocation Failure) [PSYoungGen: 162880K->96K(157696K)] 165232K->2448K(332800K), 0,0006043 secs] [Times: user=0,00 sys=0,00, real=0,00 secs] 
Heap
 PSYoungGen      total 157696K, used 155265K [0x000000076ab00000, 0x00000007a8480000, 0x00000007c0000000)
  eden space 157184K, 98% used [0x000000076ab00000,0x00000007742884b0,0x0000000774480000)
  from space 512K, 18% used [0x00000007a8380000,0x00000007a8398000,0x00000007a8400000)
  to   space 512K, 0% used [0x00000007a8400000,0x00000007a8400000,0x00000007a8480000)
 ParOldGen       total 175104K, used 2352K [0x00000006c0000000, 0x00000006cab00000, 0x000000076ab00000)
  object space 175104K, 1% used [0x00000006c0000000,0x00000006c024c000,0x00000006cab00000)
 Metaspace       used 10317K, capacity 10538K, committed 10752K, reserved 1058816K
  class space    used 1130K, capacity 1197K, committed 1280K, reserved 1048576K
