OpenJDK 64-Bit Server VM (25.202-b05) for bsd-amd64 JRE (Zulu 8.36.0.1-CA-macosx) (1.8.0_202-b05), built on Jan 29 2019 06:07:09 by "zulu_re" with gcc 4.2.1 (Based on Apple Inc. build 5658) (LLVM build 2336.11.00)
Memory: 4k page, physical 16777216k(1709196k free)

/proc/meminfo:

CommandLine flags: -XX:InitialHeapSize=268435456 -XX:MaxHeapSize=4294967296 -XX:+PrintGC -XX:+PrintGCDetails -XX:+PrintGCTimeStamps -XX:+UseCompressedClassPointers -XX:+UseCompressedOops -XX:+UseParallelGC 
Heap
 PSYoungGen      total 76288K, used 35676K [0x000000076ab00000, 0x0000000770000000, 0x00000007c0000000)
  eden space 65536K, 54% used [0x000000076ab00000,0x000000076cdd7218,0x000000076eb00000)
  from space 10752K, 0% used [0x000000076f580000,0x000000076f580000,0x0000000770000000)
  to   space 10752K, 0% used [0x000000076eb00000,0x000000076eb00000,0x000000076f580000)
 ParOldGen       total 175104K, used 0K [0x00000006c0000000, 0x00000006cab00000, 0x000000076ab00000)
  object space 175104K, 0% used [0x00000006c0000000,0x00000006c0000000,0x00000006cab00000)
 Metaspace       used 7647K, capacity 8005K, committed 8192K, reserved 1056768K
  class space    used 852K, capacity 948K, committed 1024K, reserved 1048576K
K(1067008K)], 0,0308802 secs] [Times: user=0,07 sys=0,00, real=0,03 secs] 
4,643: [GC (Allocation Failure) [PSYoungGen: 65536K->1338K(76288K)] 71373K->7184K(187392K), 0,0023541 secs] [Times: user=0,01 sys=0,00, real=0,00 secs] 
6,077: [GC (Allocation Failure) [PSYoungGen: 66874K->2460K(76288K)] 72720K->8314K(187392K), 0,0039888 secs] [Times: user=0,01 sys=0,00, real=0,01 secs] 
6,411: [GC (Allocation Failure) [PSYoungGen: 67996K->3152K(96256K)] 73850K->9013K(207360K), 0,0063340 secs] [Times: user=0,02 sys=0,00, real=0,00 secs] 
7,036: [GC (Allocation Failure) [PSYoungGen: 90704K->4225K(95744K)] 96565K->10095K(206848K), 0,0043359 secs] [Times: user=0,01 sys=0,00, real=0,01 secs] 
7,303: [GC (Allocation Failure) [PSYoungGen: 91777K->3840K(135680K)] 97647K->9717K(246784K), 0,0043227 secs] [Times: user=0,01 sys=0,00, real=0,00 secs] 
7,565: [GC (Allocation Failure) [PSYoungGen: 131840K->3776K(135168K)] 137717K->9661K(246272K), 0,0040572 secs] [Times: user=0,01 sys=0,00, real=0,00 secs] 
7,798: [GC (Allocation Failure) [PSYoungGen: 131776K->3776K(177664K)] 137661K->9661K(288768K), 0,0040640 secs] [Times: user=0,01 sys=0,00, real=0,01 secs] 
8,117: [GC (Allocation Failure) [PSYoungGen: 174272K->3840K(177152K)] 180157K->9733K(288256K), 0,0040326 secs] [Times: user=0,01 sys=0,00, real=0,01 secs] 
8,405: [GC (Allocation Failure) [PSYoungGen: 174336K->1856K(236032K)] 180229K->9732K(347136K), 0,0042004 secs] [Times: user=0,02 sys=0,00, real=0,00 secs] 
8,812: [GC (Allocation Failure) [PSYoungGen: 231232K->128K(236032K)] 239108K->9792K(347136K), 0,0026897 secs] [Times: user=0,01 sys=0,00, real=0,00 secs] 
9,201: [GC (Allocation Failure) [PSYoungGen: 229504K->64K(297984K)] 239168K->9752K(409088K), 0,0010447 secs] [Times: user=0,01 sys=0,00, real=0,00 secs] 
9,728: [GC (Allocation Failure) [PSYoungGen: 297536K->64K(305152K)] 307224K->9752K(416256K), 0,0010922 secs] [Times: user=0,00 sys=0,00, real=0,00 secs] 
10,228: [GC (Allocation Failure) [PSYoungGen: 298048K->64K(368640K)] 307736K->9752K(479744K), 0,0010419 secs] [Times: user=0,00 sys=0,00, real=0,00 secs] 
10,899: [GC (Allocation Failure) [PSYoungGen: 368192K->160K(376320K)] 377880K->9848K(487424K), 0,0011099 secs] [Times: user=0,00 sys=0,00, real=0,01 secs] 
11,554: [GC (Allocation Failure) [PSYoungGen: 368800K->128K(414208K)] 378488K->9816K(525312K), 0,0010678 secs] [Times: user=0,00 sys=0,00, real=0,00 secs] 
12,299: [GC (Allocation Failure) [PSYoungGen: 413312K->128K(420352K)] 423000K->9816K(531456K), 0,0010992 secs] [Times: user=0,00 sys=0,00, real=0,00 secs] 
13,044: [GC (Allocation Failure) [PSYoungGen: 413312K->128K(454144K)] 423000K->9816K(565248K), 0,0010533 secs] [Times: user=0,01 sys=0,01, real=0,00 secs] 
13,831: [GC (Allocation Failure) [PSYoungGen: 452224K->128K(459264K)] 461912K->9816K(570368K), 0,0010896 secs] [Times: user=0,00 sys=0,00, real=0,00 secs] 
14,617: [GC (Allocation Failure) [PSYoungGen: 452224K->128K(490496K)] 461912K->9816K(601600K), 0,0011415 secs] [Times: user=0,00 sys=0,00, real=0,00 secs] 
15,547: [GC (Allocation Failure) [PSYoungGen: 487040K->128K(493568K)] 496728K->9816K(604672K), 0,0011626 secs] [Times: user=0,00 sys=0,00, real=0,00 secs] 
16,372: [GC (Allocation Failure) [PSYoungGen: 487040K->128K(522752K)] 496728K->9816K(633856K), 0,0011264 secs] [Times: user=0,00 sys=0,00, real=0,00 secs] 
17,252: [GC (Allocation Failure) [PSYoungGen: 518784K->128K(524800K)] 528472K->9816K(635904K), 0,0010942 secs] [Times: user=0,00 sys=0,00, real=0,00 secs] 
18,148: [GC (Allocation Failure) [PSYoungGen: 518784K->128K(544768K)] 528472K->9816K(655872K), 0,0010666 secs] [Times: user=0,00 sys=0,00, real=0,00 secs] 
19,086: [GC (Allocation Failure) [PSYoungGen: 540800K->128K(546304K)] 550488K->9816K(657408K), 0,0011967 secs] [Times: user=0,00 sys=0,00, real=0,00 secs] 
20,051: [GC (Allocation Failure) [PSYoungGen: 540800K->128K(567296K)] 550488K->9832K(678400K), 0,0016162 secs] [Times: user=0,00 sys=0,00, real=0,00 secs] 
21,099: [GC (Allocation Failure) [PSYoungGen: 562816K->128K(567296K)] 572520K->9832K(678400K), 0,0011748 secs] [Times: user=0,00 sys=0,00, real=0,00 secs] 
22,088: [GC (Allocation Failure) [PSYoungGen: 562816K->128K(586752K)] 572520K->9832K(697856K), 0,0011521 secs] [Times: user=0,00 sys=0,00, real=0,00 secs] 
23,133: [GC (Allocation Failure) [PSYoungGen: 583808K->128K(587776K)] 593512K->9832K(698880K), 0,0035622 secs] [Times: user=0,01 sys=0,00, real=0,00 secs] 
24,128: [GC (Allocation Failure) [PSYoungGen: 583808K->128K(607232K)] 593512K->9904K(718336K), 0,0011139 secs] [Times: user=0,00 sys=0,00, real=0,00 secs] 
25,172: [GC (Allocation Failure) [PSYoungGen: 604288K->64K(608256K)] 614064K->9840K(719360K), 0,0010015 secs] [Times: user=0,01 sys=0,00, real=0,00 secs] 
26,342: [GC (Allocation Failure) [PSYoungGen: 604224K->64K(623616K)] 614000K->9840K(734720K), 0,0011859 secs] [Times: user=0,00 sys=0,00, real=0,00 secs] 
27,496: [GC (Allocation Failure) [PSYoungGen: 620608K->96K(624128K)] 630384K->9872K(735232K), 0,0011722 secs] [Times: user=0,00 sys=0,00, real=0,00 secs] 
28,573: [GC (Allocation Failure) [PSYoungGen: 620640K->64K(639488K)] 630416K->9840K(750592K), 0,0011358 secs] [Times: user=0,00 sys=0,00, real=0,00 secs] 
29,691: [GC (Allocation Failure) [PSYoungGen: 636480K->64K(639488K)] 646256K->9840K(750592K), 0,0010593 secs] [Times: user=0,01 sys=0,00, real=0,00 secs] 
30,786: [GC (Allocation Failure) [PSYoungGen: 636480K->64K(653312K)] 646256K->9840K(764416K), 0,0010110 secs] [Times: user=0,00 sys=0,00, real=0,00 secs] 
31,914: [GC (Allocation Failure) [PSYoungGen: 651840K->64K(654336K)] 661616K->9840K(765440K), 0,0010595 secs] [Times: user=0,00 sys=0,00, real=0,00 secs] 
33,030: [GC (Allocation Failure) [PSYoungGen: 651840K->64K(669696K)] 661616K->9840K(780800K), 0,0010204 secs] [Times: user=0,00 sys=0,00, real=0,00 secs] 
34,188: [GC (Allocation Failure) [PSYoungGen: 667200K->64K(638976K)] 676976K->9840K(750080K), 0,0010166 secs] [Times: user=0,00 sys=0,00, real=0,00 secs] 
35,264: [GC (Allocation Failure) [PSYoungGen: 638528K->64K(611840K)] 648304K->9840K(722944K), 0,0010450 secs] [Times: user=0,01 sys=0,00, real=0,00 secs] 
36,290: [GC (Allocation Failure) [PSYoungGen: 611392K->64K(587776K)] 621168K->9840K(698880K), 0,0010350 secs] [Times: user=0,00 sys=0,00, real=0,00 secs] 
37,270: [GC (Allocation Failure) [PSYoungGen: 585792K->64K(598528K)] 595568K->9848K(709632K), 0,0010850 secs] [Times: user=0,00 sys=0,00, real=0,01 secs] 
38,289: [GC (Allocation Failure) [PSYoungGen: 598080K->96K(574976K)] 607864K->9880K(686080K), 0,0012337 secs] [Times: user=0,00 sys=0,00, real=0,01 secs] 
39,271: [GC (Allocation Failure) [PSYoungGen: 573024K->64K(549376K)] 582808K->9848K(660480K), 0,0010728 secs] [Times: user=0,00 sys=0,00, real=0,00 secs] 
40,200: [GC (Allocation Failure) [PSYoungGen: 548928K->96K(527872K)] 558712K->9880K(638976K), 0,0010686 secs] [Times: user=0,00 sys=0,00, real=0,00 secs] 
41,081: [GC (Allocation Failure) [PSYoungGen: 526432K->64K(505344K)] 536216K->9848K(616448K), 0,0010706 secs] [Times: user=0,00 sys=0,00, real=0,00 secs] 
41,947: [GC (Allocation Failure) [PSYoungGen: 504896K->64K(485888K)] 514680K->9848K(596992K), 0,0010240 secs] [Times: user=0,00 sys=0,00, real=0,00 secs] 
42,779: [GC (Allocation Failure) [PSYoungGen: 484416K->64K(465408K)] 494200K->9848K(576512K), 0,0011569 secs] [Times: user=0,01 sys=0,00, real=0,01 secs] 
43,565: [GC (Allocation Failure) [PSYoungGen: 464960K->64K(446976K)] 474744K->9848K(558080K), 0,0010144 secs] [Times: user=0,00 sys=0,00, real=0,00 secs] 
44,355: [GC (Allocation Failure) [PSYoungGen: 446016K->64K(428544K)] 455800K->9848K(539648K), 0,0011496 secs] [Times: user=0,00 sys=0,00, real=0,00 secs] 
45,093: [GC (Allocation Failure) [PSYoungGen: 428096K->64K(412160K)] 437880K->9856K(523264K), 0,0010271 secs] [Times: user=0,00 sys=0,00, real=0,00 secs] 
45,800: [GC (Allocation Failure) [PSYoungGen: 411200K->64K(395776K)] 420992K->9856K(506880K), 0,0011486 secs] [Times: user=0,01 sys=0,00, real=0,00 secs] 
46,469: [GC (Allocation Failure) [PSYoungGen: 395328K->64K(380928K)] 405120K->9856K(492032K), 0,0010995 secs] [Times: user=0,00 sys=0,00, real=0,01 secs] 
47,121: [GC (Allocation Failure) [PSYoungGen: 379968K->64K(365568K)] 389760K->9856K(476672K), 0,0011398 secs] [Times: user=0,00 sys=0,00, real=0,00 secs] 
47,757: [GC (Allocation Failure) [PSYoungGen: 365120K->96K(352256K)] 374912K->9888K(463360K), 0,0011020 secs] [Times: user=0,00 sys=0,00, real=0,00 secs] 
48,375: [GC (Allocation Failure) [PSYoungGen: 351328K->64K(338432K)] 361120K->9856K(449536K), 0,0009913 secs] [Times: user=0,00 sys=0,00, real=0,00 secs] 
48,970: [GC (Allocation Failure) [PSYoungGen: 337984K->64K(326144K)] 347776K->9856K(437248K), 0,0010982 secs] [Times: user=0,00 sys=0,00, real=0,01 secs] 
49,553: [GC (Allocation Failure) [PSYoungGen: 325184K->96K(313344K)] 334976K->9888K(424448K), 0,0012578 secs] [Times: user=0,01 sys=0,00, real=0,00 secs] 
50,104: [GC (Allocation Failure) [PSYoungGen: 312928K->96K(302080K)] 322720K->9888K(413184K), 0,0010790 secs] [Times: user=0,00 sys=0,00, real=0,00 secs] 
50,612: [GC (Allocation Failure) [PSYoungGen: 301664K->96K(291328K)] 311456K->9888K(402432K), 0,0011192 secs] [Times: user=0,00 sys=0,00, real=0,00 secs] 
51,103: [GC (Allocation Failure) [PSYoungGen: 290912K->96K(281088K)] 300704K->9896K(392192K), 0,0011288 secs] [Times: user=0,00 sys=0,00, real=0,00 secs] 
51,576: [GC (Allocation Failure) [PSYoungGen: 280672K->64K(271360K)] 290472K->9864K(382464K), 0,0011339 secs] [Times: user=0,01 sys=0,00, real=0,00 secs] 
52,033: [GC (Allocation Failure) [PSYoungGen: 270912K->64K(261632K)] 280712K->9864K(372736K), 0,0009784 secs] [Times: user=0,00 sys=0,00, real=0,00 secs] 
52,471: [GC (Allocation Failure) [PSYoungGen: 261184K->64K(252416K)] 270984K->9864K(363520K), 0,0009695 secs] [Times: user=0,00 sys=0,00, real=0,00 secs] 
52,896: [GC (Allocation Failure) [PSYoungGen: 251968K->96K(243712K)] 261768K->9896K(354816K), 0,0010377 secs] [Times: user=0,01 sys=0,00, real=0,00 secs] 
53,309: [GC (Allocation Failure) [PSYoungGen: 243296K->64K(235520K)] 253096K->9864K(346624K), 0,0034101 secs] [Times: user=0,00 sys=0,00, real=0,01 secs] 
53,718: [GC (Allocation Failure) [PSYoungGen: 235072K->64K(227840K)] 244872K->9864K(338944K), 0,0009942 secs] [Times: user=0,00 sys=0,00, real=0,00 secs] 
54,105: [GC (Allocation Failure) [PSYoungGen: 227392K->64K(220160K)] 237192K->9864K(331264K), 0,0010507 secs] [Times: user=0,01 sys=0,00, real=0,00 secs] 
54,474: [GC (Allocation Failure) [PSYoungGen: 219712K->64K(212992K)] 229512K->9864K(324096K), 0,0010213 secs] [Times: user=0,01 sys=0,00, real=0,00 secs] 
54,842: [GC (Allocation Failure) [PSYoungGen: 212544K->64K(206336K)] 222344K->9864K(317440K), 0,0011861 secs] [Times: user=0,00 sys=0,00, real=0,00 secs] 
55,203: [GC (Allocation Failure) [PSYoungGen: 205888K->64K(199680K)] 215688K->9864K(310784K), 0,0010459 secs] [Times: user=0,00 sys=0,00, real=0,00 secs] 
55,538: [GC (Allocation Failure) [PSYoungGen: 199232K->64K(193536K)] 209032K->9864K(304640K), 0,0011511 secs] [Times: user=0,01 sys=0,00, real=0,00 secs] 
55,862: [GC (Allocation Failure) [PSYoungGen: 193088K->64K(187392K)] 202888K->9864K(298496K), 0,0011072 secs] [Times: user=0,00 sys=0,00, real=0,00 secs] 
56,176: [GC (Allocation Failure) [PSYoungGen: 186944K->64K(181760K)] 196744K->9864K(292864K), 0,0010528 secs] [Times: user=0,01 sys=0,00, real=0,00 secs] 
56,479: [GC (Allocation Failure) [PSYoungGen: 181312K->64K(176128K)] 191112K->9880K(287232K), 0,0009760 secs] [Times: user=0,00 sys=0,00, real=0,01 secs] 
56,775: [GC (Allocation Failure) [PSYoungGen: 175680K->64K(171008K)] 185496K->9880K(282112K), 0,0011631 secs] [Times: user=0,00 sys=0,00, real=0,00 secs] 
57,062: [GC (Allocation Failure) [PSYoungGen: 170560K->64K(165888K)] 180376K->9880K(276992K), 0,0010313 secs] [Times: user=0,01 sys=0,00, real=0,00 secs] 
57,344: [GC (Allocation Failure) [PSYoungGen: 165440K->64K(161280K)] 175256K->9880K(272384K), 0,0010191 secs] [Times: user=0,00 sys=0,00, real=0,00 secs] 
57,615: [GC (Allocation Failure) [PSYoungGen: 160832K->64K(156672K)] 170648K->9880K(267776K), 0,0011262 secs] [Times: user=0,00 sys=0,00, real=0,00 secs] 
57,879: [GC (Allocation Failure) [PSYoungGen: 156224K->64K(152064K)] 166040K->9880K(263168K), 0,0011674 secs] [Times: user=0,01 sys=0,00, real=0,01 secs] 
58,145: [GC (Allocation Failure) [PSYoungGen: 151616K->64K(147968K)] 161432K->9880K(259072K), 0,0011346 secs] [Times: user=0,00 sys=0,00, real=0,00 secs] 
58,393: [GC (Allocation Failure) [PSYoungGen: 147520K->64K(143872K)] 157336K->9880K(254976K), 0,0011601 secs] [Times: user=0,00 sys=0,00, real=0,00 secs] 
58,641: [GC (Allocation Failure) [PSYoungGen: 143424K->64K(139776K)] 153240K->9880K(250880K), 0,0011153 secs] [Times: user=0,01 sys=0,00, real=0,00 secs] 
58,881: [GC (Allocation Failure) [PSYoungGen: 139328K->64K(136192K)] 149144K->9880K(247296K), 0,0011472 secs] [Times: user=0,01 sys=0,00, real=0,00 secs] 
59,118: [GC (Allocation Failure) [PSYoungGen: 135744K->64K(132608K)] 145560K->9880K(243712K), 0,0010966 secs] [Times: user=0,00 sys=0,00, real=0,00 secs] 
59,341: [GC (Allocation Failure) [PSYoungGen: 132160K->32K(129024K)] 141976K->9848K(240128K), 0,0011454 secs] [Times: user=0,01 sys=0,00, real=0,00 secs] 
59,570: [GC (Allocation Failure) [PSYoungGen: 128544K->64K(125952K)] 138360K->9880K(237056K), 0,0010393 secs] [Times: user=0,00 sys=0,00, real=0,00 secs] 
59,791: [GC (Allocation Failure) [PSYoungGen: 125504K->64K(122880K)] 135320K->9880K(233984K), 0,0010418 secs] [Times: user=0,00 sys=0,00, real=0,00 secs] 
60,002: [GC (Allocation Failure) [PSYoungGen: 122432K->64K(131584K)] 132248K->9880K(242688K), 0,0011732 secs] [Times: user=0,01 sys=0,00, real=0,00 secs] 
60,239: [GC (Allocation Failure) [PSYoungGen: 131136K->64K(128000K)] 140952K->9880K(239104K), 0,0010443 secs] [Times: user=0,00 sys=0,00, real=0,00 secs] 
60,461: [GC (Allocation Failure) [PSYoungGen: 127552K->160K(124928K)] 137368K->9976K(236032K), 0,0009933 secs] [Times: user=0,00 sys=0,00, real=0,00 secs] 
60,682: [GC (Allocation Failure) [PSYoungGen: 124576K->128K(121856K)] 134392K->9944K(232960K), 0,0011408 secs] [Times: user=0,00 sys=0,00, real=0,00 secs] 
60,898: [GC (Allocation Failure) [PSYoungGen: 121472K->128K(130560K)] 131288K->9944K(241664K), 0,0011326 secs] [Times: user=0,01 sys=0,00, real=0,00 secs] 
61,130: [GC (Allocation Failure) [PSYoungGen: 130176K->128K(126976K)] 139992K->9944K(238080K), 0,0010156 secs] [Times: user=0,01 sys=0,00, real=0,00 secs] 
61,352: [GC (Allocation Failure) [PSYoungGen: 126592K->128K(123904K)] 136408K->9944K(235008K), 0,0009714 secs] [Times: user=0,00 sys=0,00, real=0,00 secs] 
61,560: [GC (Allocation Failure) [PSYoungGen: 123520K->128K(120832K)] 133336K->9944K(231936K), 0,0011313 secs] [Times: user=0,01 sys=0,00, real=0,00 secs] 
61,769: [GC (Allocation Failure) [PSYoungGen: 120448K->96K(129536K)] 130264K->9912K(240640K), 0,0011292 secs] [Times: user=0,01 sys=0,00, real=0,01 secs] 
61,991: [GC (Allocation Failure) [PSYoungGen: 129120K->128K(126464K)] 138936K->9944K(237568K), 0,0010721 secs] [Times: user=0,00 sys=0,00, real=0,00 secs] 
62,209: [GC (Allocation Failure) [PSYoungGen: 126080K->96K(123392K)] 135896K->9912K(234496K), 0,0011460 secs] [Times: user=0,01 sys=0,00, real=0,01 secs] 
62,423: [GC (Allocation Failure) [PSYoungGen: 122976K->128K(120320K)] 132792K->9944K(231424K), 0,0010890 secs] [Times: user=0,00 sys=0,00, real=0,00 secs] 
62,632: [GC (Allocation Failure) [PSYoungGen: 119936K->128K(117248K)] 129752K->9944K(228352K), 0,0009718 secs] [Times: user=0,01 sys=0,00, real=0,00 secs] 
62,829: [GC (Allocation Failure) [PSYoungGen: 116864K->128K(114176K)] 126680K->9944K(225280K), 0,0010304 secs] [Times: user=0,00 sys=0,00, real=0,01 secs] 
63,022: [GC (Allocation Failure) [PSYoungGen: 113792K->96K(123904K)] 123608K->9912K(235008K), 0,0021261 secs] [Times: user=0,00 sys=0,00, real=0,00 secs] 
63,242: [GC (Allocation Failure) [PSYoungGen: 123488K->128K(133632K)] 133304K->9944K(244736K), 0,0010320 secs] [Times: user=0,00 sys=0,00, real=0,00 secs] 
63,476: [GC (Allocation Failure) [PSYoungGen: 133248K->96K(143872K)] 143064K->9912K(254976K), 0,0009740 secs] [Times: user=0,00 sys=0,00, real=0,00 secs] 
63,730: [GC (Allocation Failure) [PSYoungGen: 143456K->96K(154112K)] 153272K->9944K(265216K), 0,0010330 secs] [Times: user=0,00 sys=0,00, real=0,01 secs] 
63,999: [GC (Allocation Failure) [PSYoungGen: 153696K->64K(150016K)] 163544K->9912K(261120K), 0,0011075 secs] [Times: user=0,00 sys=0,00, real=0,00 secs] 
64,268: [GC (Allocation Failure) [PSYoungGen: 149568K->64K(145920K)] 159416K->9912K(257024K), 0,0011667 secs] [Times: user=0,00 sys=0,00, real=0,00 secs] 
64,525: [GC (Allocation Failure) [PSYoungGen: 145472K->32K(141824K)] 155320K->9880K(252928K), 0,0013933 secs] [Times: user=0,00 sys=0,00, real=0,00 secs] 
64,772: [GC (Allocation Failure) [PSYoungGen: 141344K->64K(138240K)] 151192K->9912K(249344K), 0,0010394 secs] [Times: user=0,00 sys=0,00, real=0,00 secs] 
65,008: [GC (Allocation Failure) [PSYoungGen: 137791K->64K(148992K)] 147640K->9912K(260096K), 0,0022899 secs] [Times: user=0,00 sys=0,01, real=0,01 secs] 
65,263: [GC (Allocation Failure) [PSYoungGen: 148544K->64K(160256K)] 158392K->9912K(271360K), 0,0011795 secs] [Times: user=0,00 sys=0,00, real=0,00 secs] 
65,535: [GC (Allocation Failure) [PSYoungGen: 159808K->64K(155648K)] 169656K->9912K(266752K), 0,0011268 secs] [Times: user=0,00 sys=0,00, real=0,00 secs] 
65,805: [GC (Allocation Failure) [PSYoungGen: 155200K->64K(151040K)] 165048K->9912K(262144K), 0,0010353 secs] [Times: user=0,00 sys=0,00, real=0,00 secs] 
66,060: [GC (Allocation Failure) [PSYoungGen: 150592K->64K(146944K)] 160440K->9912K(258048K), 0,0011275 secs] [Times: user=0,00 sys=0,00, real=0,00 secs] 
66,321: [GC (Allocation Failure) [PSYoungGen: 146496K->64K(142848K)] 156344K->9912K(253952K), 0,0011516 secs] [Times: user=0,00 sys=0,00, real=0,00 secs] 
66,559: [GC (Allocation Failure) [PSYoungGen: 142400K->64K(138752K)] 152248K->9912K(249856K), 0,0012128 secs] [Times: user=0,00 sys=0,00, real=0,01 secs] 
66,795: [GC (Allocation Failure) [PSYoungGen: 138304K->64K(135168K)] 148152K->9912K(246272K), 0,0010987 secs] [Times: user=0,00 sys=0,00, real=0,00 secs] 
67,021: [GC (Allocation Failure) [PSYoungGen: 134719K->64K(131584K)] 144568K->9912K(242688K), 0,0009943 secs] [Times: user=0,01 sys=0,00, real=0,00 secs] 
67,241: [GC (Allocation Failure) [PSYoungGen: 131136K->64K(128000K)] 140984K->9912K(239104K), 0,0010772 secs] [Times: user=0,01 sys=0,00, real=0,00 secs] 
67,464: [GC (Allocation Failure) [PSYoungGen: 127552K->64K(124928K)] 137400K->9912K(236032K), 0,0011749 secs] [Times: user=0,00 sys=0,00, real=0,00 secs] 
67,673: [GC (Allocation Failure) [PSYoungGen: 124480K->64K(121856K)] 134328K->9912K(232960K), 0,0011374 secs] [Times: user=0,00 sys=0,00, real=0,00 secs] 
67,901: [GC (Allocation Failure) [PSYoungGen: 121408K->64K(118784K)] 131256K->9912K(229888K), 0,0011827 secs] [Times: user=0,00 sys=0,00, real=0,00 secs] 
68,102: [GC (Allocation Failure) [PSYoungGen: 118336K->64K(115712K)] 128184K->9912K(226816K), 0,0011033 secs] [Times: user=0,00 sys=0,00, real=0,00 secs] 
68,297: [GC (Allocation Failure) [PSYoungGen: 115264K->96K(113152K)] 125112K->9944K(224256K), 0,0012135 secs] [Times: user=0,01 sys=0,00, real=0,00 secs] 
68,490: [GC (Allocation Failure) [PSYoungGen: 112736K->64K(121856K)] 122584K->9912K(232960K), 0,0012770 secs] [Times: user=0,00 sys=0,00, real=0,00 secs] 
68,700: [GC (Allocation Failure) [PSYoungGen: 121408K->64K(131072K)] 131256K->9912K(242176K), 0,0011221 secs] [Times: user=0,01 sys=0,00, real=0,00 secs] 
68,924: [GC (Allocation Failure) [PSYoungGen: 130624K->64K(127488K)] 140472K->9912K(238592K), 0,0011231 secs] [Times: user=0,00 sys=0,00, real=0,00 secs] 
69,146: [GC (Allocation Failure) [PSYoungGen: 127040K->64K(124416K)] 136888K->9912K(235520K), 0,0012088 secs] [Times: user=0,00 sys=0,00, real=0,00 secs] 
69,365: [GC (Allocation Failure) [PSYoungGen: 123968K->64K(121344K)] 133816K->9912K(232448K), 0,0012250 secs] [Times: user=0,00 sys=0,00, real=0,00 secs] 
69,576: [GC (Allocation Failure) [PSYoungGen: 120896K->64K(118272K)] 130744K->9912K(229376K), 0,0010428 secs] [Times: user=0,00 sys=0,00, real=0,00 secs] 
69,775: [GC (Allocation Failure) [PSYoungGen: 117823K->64K(115200K)] 127672K->9912K(226304K), 0,0009739 secs] [Times: user=0,00 sys=0,00, real=0,00 secs] 
69,975: [GC (Allocation Failure) [PSYoungGen: 114752K->64K(127488K)] 124600K->9912K(238592K), 0,0050357 secs] [Times: user=0,00 sys=0,00, real=0,01 secs] 
70,200: [GC (Allocation Failure) [PSYoungGen: 127040K->64K(140288K)] 136888K->9912K(251392K), 0,0011288 secs] [Times: user=0,00 sys=0,00, real=0,00 secs] 
70,443: [GC (Allocation Failure) [PSYoungGen: 139840K->64K(153600K)] 149688K->9912K(264704K), 0,0012218 secs] [Times: user=0,00 sys=0,00, real=0,00 secs] 
70,709: [GC (Allocation Failure) [PSYoungGen: 153152K->64K(166912K)] 163000K->9912K(278016K), 0,0010171 secs] [Times: user=0,00 sys=0,00, real=0,01 secs] 
70,995: [GC (Allocation Failure) [PSYoungGen: 166464K->96K(181760K)] 176312K->9944K(292864K), 0,0023178 secs] [Times: user=0,00 sys=0,00, real=0,00 secs] 
71,305: [GC (Allocation Failure) [PSYoungGen: 181344K->96K(196608K)] 191192K->9944K(307712K), 0,0011396 secs] [Times: user=0,00 sys=0,00, real=0,00 secs] 
71,645: [GC (Allocation Failure) [PSYoungGen: 196192K->64K(190464K)] 206040K->9912K(301568K), 0,0010321 secs] [Times: user=0,01 sys=0,00, real=0,00 secs] 
71,965: [GC (Allocation Failure) [PSYoungGen: 190016K->64K(184832K)] 199864K->9912K(295936K), 0,0010324 secs] [Times: user=0,01 sys=0,00, real=0,00 secs] 
72,280: [GC (Allocation Failure) [PSYoungGen: 184384K->64K(179200K)] 194232K->9912K(290304K), 0,0010206 secs] [Times: user=0,00 sys=0,00, real=0,01 secs] 
72,589: [GC (Allocation Failure) [PSYoungGen: 178752K->64K(174080K)] 188600K->9912K(285184K), 0,0010140 secs] [Times: user=0,01 sys=0,00, real=0,00 secs] 
72,882: [GC (Allocation Failure) [PSYoungGen: 173632K->64K(168960K)] 183480K->9912K(280064K), 0,0010268 secs] [Times: user=0,00 sys=0,00, real=0,00 secs] 
73,169: [GC (Allocation Failure) [PSYoungGen: 168512K->64K(163840K)] 178360K->9912K(274944K), 0,0010372 secs] [Times: user=0,01 sys=0,00, real=0,01 secs] 
73,444: [GC (Allocation Failure) [PSYoungGen: 163392K->64K(159232K)] 173240K->9912K(270336K), 0,0010726 secs] [Times: user=0,00 sys=0,00, real=0,00 secs] 
73,710: [GC (Allocation Failure) [PSYoungGen: 158784K->64K(154624K)] 168632K->9912K(265728K), 0,0011031 secs] [Times: user=0,00 sys=0,00, real=0,00 secs] 
73,982: [GC (Allocation Failure) [PSYoungGen: 154176K->64K(150528K)] 164024K->9912K(261632K), 0,0009873 secs] [Times: user=0,00 sys=0,00, real=0,00 secs] 
74,238: [GC (Allocation Failure) [PSYoungGen: 150080K->64K(146432K)] 159928K->9912K(257536K), 0,0010867 secs] [Times: user=0,00 sys=0,00, real=0,00 secs] 
74,484: [GC (Allocation Failure) [PSYoungGen: 145984K->64K(142336K)] 155832K->9912K(253440K), 0,0011019 secs] [Times: user=0,00 sys=0,00, real=0,00 secs] 
74,723: [GC (Allocation Failure) [PSYoungGen: 141888K->64K(138752K)] 151736K->9928K(249856K), 0,0010901 secs] [Times: user=0,00 sys=0,00, real=0,00 secs] 
74,956: [GC (Allocation Failure) [PSYoungGen: 138303K->64K(135168K)] 148168K->9928K(246272K), 0,0011112 secs] [Times: user=0,00 sys=0,00, real=0,00 secs] 
75,183: [GC (Allocation Failure) [PSYoungGen: 134720K->64K(131584K)] 144584K->9928K(242688K), 0,0013199 secs] [Times: user=0,00 sys=0,00, real=0,00 secs] 
75,404: [GC (Allocation Failure) [PSYoungGen: 131136K->64K(128000K)] 141000K->9928K(239104K), 0,0010368 secs] [Times: user=0,00 sys=0,00, real=0,00 secs] 
75,618: [GC (Allocation Failure) [PSYoungGen: 127552K->64K(124928K)] 137416K->9928K(236032K), 0,0010571 secs] [Times: user=0,00 sys=0,00, real=0,00 secs] 
75,827: [GC (Allocation Failure) [PSYoungGen: 124480K->64K(121856K)] 134344K->9928K(232960K), 0,0010419 secs] [Times: user=0,00 sys=0,00, real=0,00 secs] 
76,032: [GC (Allocation Failure) [PSYoungGen: 121408K->64K(118784K)] 131272K->9928K(229888K), 0,0011255 secs] [Times: user=0,01 sys=0,00, real=0,00 secs] 
76,231: [GC (Allocation Failure) [PSYoungGen: 118336K->64K(115712K)] 128200K->9928K(226816K), 0,0011523 secs] [Times: user=0,01 sys=0,00, real=0,00 secs] 
76,425: [GC (Allocation Failure) [PSYoungGen: 115264K->64K(113152K)] 125128K->9928K(224256K), 0,0012168 secs] [Times: user=0,00 sys=0,00, real=0,00 secs] 
76,616: [GC (Allocation Failure) [PSYoungGen: 112704K->64K(110592K)] 122568K->9928K(221696K), 0,0011271 secs] [Times: user=0,00 sys=0,00, real=0,00 secs] 
76,803: [GC (Allocation Failure) [PSYoungGen: 110144K->32K(108032K)] 120008K->9896K(219136K), 0,0011743 secs] [Times: user=0,00 sys=0,00, real=0,00 secs] 
76,984: [GC (Allocation Failure) [PSYoungGen: 107552K->64K(105472K)] 117416K->9928K(216576K), 0,0010715 secs] [Times: user=0,01 sys=0,01, real=0,00 secs] 
77,161: [GC (Allocation Failure) [PSYoungGen: 105024K->64K(102912K)] 114888K->9928K(214016K), 0,0011778 secs] [Times: user=0,00 sys=0,00, real=0,00 secs] 
77,333: [GC (Allocation Failure) [PSYoungGen: 102464K->64K(111104K)] 112328K->9928K(222208K), 0,0011962 secs] [Times: user=0,01 sys=0,00, real=0,00 secs] 
77,519: [GC (Allocation Failure) [PSYoungGen: 110656K->64K(108544K)] 120520K->9928K(219648K), 0,0010476 secs] [Times: user=0,01 sys=0,00, real=0,01 secs] 
77,701: [GC (Allocation Failure) [PSYoungGen: 108096K->64K(105984K)] 117960K->9928K(217088K), 0,0009734 secs] [Times: user=0,00 sys=0,00, real=0,00 secs] 
77,880: [GC (Allocation Failure) [PSYoungGen: 105536K->64K(103424K)] 115400K->9928K(214528K), 0,0011502 secs] [Times: user=0,00 sys=0,00, real=0,00 secs] 
78,053: [GC (Allocation Failure) [PSYoungGen: 102976K->64K(101376K)] 112840K->9928K(212480K), 0,0010891 secs] [Times: user=0,00 sys=0,00, real=0,00 secs] 
78,223: [GC (Allocation Failure) [PSYoungGen: 100928K->64K(109568K)] 110792K->9928K(220672K), 0,0011424 secs] [Times: user=0,01 sys=0,00, real=0,00 secs] 
78,406: [GC (Allocation Failure) [PSYoungGen: 109120K->64K(118272K)] 118984K->9928K(229376K), 0,0011366 secs] [Times: user=0,00 sys=0,00, real=0,00 secs] 
78,604: [GC (Allocation Failure) [PSYoungGen: 117824K->64K(115200K)] 127688K->9928K(226304K), 0,0010234 secs] [Times: user=0,00 sys=0,00, real=0,00 secs] 
78,797: [GC (Allocation Failure) [PSYoungGen: 114752K->64K(112640K)] 124616K->9928K(223744K), 0,0010900 secs] [Times: user=0,00 sys=0,00, real=0,00 secs] 
78,985: [GC (Allocation Failure) [PSYoungGen: 112192K->64K(110080K)] 122056K->9928K(221184K), 0,0010901 secs] [Times: user=0,00 sys=0,00, real=0,00 secs] 
79,171: [GC (Allocation Failure) [PSYoungGen: 109632K->64K(107520K)] 119496K->9928K(218624K), 0,0011245 secs] [Times: user=0,00 sys=0,00, real=0,00 secs] 
79,351: [GC (Allocation Failure) [PSYoungGen: 107072K->64K(104960K)] 116936K->9928K(216064K), 0,0011253 secs] [Times: user=0,00 sys=0,00, real=0,00 secs] 
79,528: [GC (Allocation Failure) [PSYoungGen: 104512K->64K(102400K)] 114376K->9928K(213504K), 0,0010935 secs] [Times: user=0,00 sys=0,00, real=0,00 secs] 
79,699: [GC (Allocation Failure) [PSYoungGen: 101951K->64K(100352K)] 111816K->9928K(211456K), 0,0011863 secs] [Times: user=0,00 sys=0,00, real=0,01 secs] 
79,868: [GC (Allocation Failure) [PSYoungGen: 99904K->96K(108544K)] 109768K->9960K(219648K), 0,0011458 secs] [Times: user=0,00 sys=0,00, real=0,00 secs] 
80,050: [GC (Allocation Failure) [PSYoungGen: 108128K->64K(105984K)] 117992K->9928K(217088K), 0,0010865 secs] [Times: user=0,00 sys=0,00, real=0,00 secs] 
80,228: [GC (Allocation Failure) [PSYoungGen: 105535K->64K(103424K)] 115400K->9928K(214528K), 0,0010152 secs] [Times: user=0,00 sys=0,00, real=0,00 secs] 
80,402: [GC (Allocation Failure) [PSYoungGen: 102976K->64K(101376K)] 112840K->9928K(212480K), 0,0011177 secs] [Times: user=0,01 sys=0,00, real=0,00 secs] 
80,572: [GC (Allocation Failure) [PSYoungGen: 100928K->64K(99328K)] 110792K->9928K(210432K), 0,0009861 secs] [Times: user=0,00 sys=0,00, real=0,00 secs] 
80,738: [GC (Allocation Failure) [PSYoungGen: 98880K->64K(97280K)] 108744K->9928K(208384K), 0,0011099 secs] [Times: user=0,01 sys=0,00, real=0,00 secs] 
80,901: [GC (Allocation Failure) [PSYoungGen: 96832K->64K(95232K)] 106696K->9928K(206336K), 0,0010434 secs] [Times: user=0,00 sys=0,00, real=0,00 secs] 
81,060: [GC (Allocation Failure) [PSYoungGen: 94784K->64K(102912K)] 104648K->9928K(214016K), 0,0011338 secs] [Times: user=0,00 sys=0,00, real=0,00 secs] 
81,233: [GC (Allocation Failure) [PSYoungGen: 102464K->96K(111616K)] 112328K->9960K(222720K), 0,0011001 secs] [Times: user=0,01 sys=0,00, real=0,00 secs] 
81,420: [GC (Allocation Failure) [PSYoungGen: 111200K->64K(109056K)] 121064K->9928K(220160K), 0,0010752 secs] [Times: user=0,00 sys=0,00, real=0,01 secs] 
81,602: [GC (Allocation Failure) [PSYoungGen: 108608K->64K(106496K)] 118472K->9928K(217600K), 0,0011370 secs] [Times: user=0,01 sys=0,00, real=0,00 secs] 
81,788: [GC (Allocation Failure) [PSYoungGen: 106048K->64K(103936K)] 115912K->9928K(215040K), 0,0010148 secs] [Times: user=0,00 sys=0,00, real=0,00 secs] 
81,971: [GC (Allocation Failure) [PSYoungGen: 103488K->64K(101376K)] 113352K->9928K(212480K), 0,0011548 secs] [Times: user=0,01 sys=0,00, real=0,00 secs] 
82,149: [GC (Allocation Failure) [PSYoungGen: 100928K->64K(110592K)] 110792K->9928K(221696K), 0,0017864 secs] [Times: user=0,01 sys=0,00, real=0,01 secs] 
82,343: [GC (Allocation Failure) [PSYoungGen: 110144K->64K(119808K)] 120008K->9928K(230912K), 0,0009772 secs] [Times: user=0,00 sys=0,00, real=0,00 secs] 
82,553: [GC (Allocation Failure) [PSYoungGen: 119360K->64K(116736K)] 129224K->9928K(227840K), 0,0009751 secs] [Times: user=0,00 sys=0,00, real=0,00 secs] 
82,761: [GC (Allocation Failure) [PSYoungGen: 116288K->96K(114176K)] 126152K->9960K(225280K), 0,0010482 secs] [Times: user=0,01 sys=0,00, real=0,00 secs] 
82,990: [GC (Allocation Failure) [PSYoungGen: 113760K->64K(111616K)] 123624K->9928K(222720K), 0,0020827 secs] [Times: user=0,00 sys=0,00, real=0,00 secs] 
83,200: [GC (Allocation Failure) [PSYoungGen: 111168K->96K(121344K)] 121032K->9984K(232448K), 0,0022891 secs] [Times: user=0,01 sys=0,00, real=0,00 secs] 
83,427: [GC (Allocation Failure) [PSYoungGen: 120928K->64K(118272K)] 130816K->9952K(229376K), 0,0010572 secs] [Times: user=0,00 sys=0,00, real=0,00 secs] 
83,641: [GC (Allocation Failure) [PSYoungGen: 117824K->64K(115200K)] 127712K->9952K(226304K), 0,0009826 secs] [Times: user=0,01 sys=0,00, real=0,00 secs] 
83,841: [GC (Allocation Failure) [PSYoungGen: 114752K->64K(112640K)] 124640K->9952K(223744K), 0,0010176 secs] [Times: user=0,01 sys=0,00, real=0,00 secs] 
84,031: [GC (Allocation Failure) [PSYoungGen: 112192K->64K(110080K)] 122080K->9952K(221184K), 0,0010359 secs] [Times: user=0,01 sys=0,00, real=0,00 secs] 
84,216: [GC (Allocation Failure) [PSYoungGen: 109632K->64K(107520K)] 119520K->9952K(218624K), 0,0010359 secs] [Times: user=0,00 sys=0,00, real=0,00 secs] 
84,395: [GC (Allocation Failure) [PSYoungGen: 107072K->64K(104960K)] 116960K->9952K(216064K), 0,0010126 secs] [Times: user=0,00 sys=0,00, real=0,00 secs] 
84,575: [GC (Allocation Failure) [PSYoungGen: 104512K->64K(102400K)] 114400K->9952K(213504K), 0,0010442 secs] [Times: user=0,00 sys=0,00, real=0,00 secs] 
84,747: [GC (Allocation Failure) [PSYoungGen: 101952K->64K(100352K)] 111840K->9952K(211456K), 0,0010637 secs] [Times: user=0,00 sys=0,00, real=0,00 secs] 
84,916: [GC (Allocation Failure) [PSYoungGen: 99904K->64K(98304K)] 109792K->9952K(209408K), 0,0010508 secs] [Times: user=0,00 sys=0,00, real=0,00 secs] 
85,081: [GC (Allocation Failure) [PSYoungGen: 97856K->64K(96256K)] 107744K->9952K(207360K), 0,0012376 secs] [Times: user=0,01 sys=0,00, real=0,00 secs] 
85,243: [GC (Allocation Failure) [PSYoungGen: 95808K->64K(94208K)] 105696K->9952K(205312K), 0,0011852 secs] [Times: user=0,00 sys=0,00, real=0,00 secs] 
85,404: [GC (Allocation Failure) [PSYoungGen: 93760K->64K(92160K)] 103648K->9952K(203264K), 0,0009627 secs] [Times: user=0,00 sys=0,00, real=0,00 secs] 
85,560: [GC (Allocation Failure) [PSYoungGen: 91712K->64K(90112K)] 101600K->9952K(201216K), 0,0010565 secs] [Times: user=0,00 sys=0,00, real=0,00 secs] 
85,711: [GC (Allocation Failure) [PSYoungGen: 89664K->64K(88064K)] 99552K->9952K(199168K), 0,0009639 secs] [Times: user=0,00 sys=0,00, real=0,00 secs] 
85,860: [GC (Allocation Failure) [PSYoungGen: 87616K->64K(95744K)] 97504K->9952K(206848K), 0,0012053 secs] [Times: user=0,00 sys=0,00, real=0,00 secs] 
86,023: [GC (Allocation Failure) [PSYoungGen: 95296K->64K(104448K)] 105184K->9952K(215552K), 0,0012174 secs] [Times: user=0,01 sys=0,00, real=0,00 secs] 
86,198: [GC (Allocation Failure) [PSYoungGen: 104000K->64K(113152K)] 113888K->9952K(224256K), 0,0010613 secs] [Times: user=0,00 sys=0,00, real=0,00 secs] 
86,390: [GC (Allocation Failure) [PSYoungGen: 112704K->64K(122880K)] 122592K->9952K(233984K), 0,0012274 secs] [Times: user=0,01 sys=0,00, real=0,00 secs] 
86,597: [GC (Allocation Failure) [PSYoungGen: 122432K->64K(119808K)] 132320K->9952K(230912K), 0,0009770 secs] [Times: user=0,00 sys=0,00, real=0,00 secs] 
86,797: [GC (Allocation Failure) [PSYoungGen: 119360K->64K(116736K)] 129248K->9952K(227840K), 0,0011325 secs] [Times: user=0,01 sys=0,00, real=0,00 secs] 
86,994: [GC (Allocation Failure) [PSYoungGen: 116287K->64K(114176K)] 126176K->9952K(225280K), 0,0010410 secs] [Times: user=0,00 sys=0,00, real=0,00 secs] 
87,184: [GC (Allocation Failure) [PSYoungGen: 113727K->64K(111616K)] 123616K->9952K(222720K), 0,0011501 secs] [Times: user=0,01 sys=0,00, real=0,00 secs] 
87,371: [GC (Allocation Failure) [PSYoungGen: 111168K->64K(109056K)] 121056K->9952K(220160K), 0,0012339 secs] [Times: user=0,00 sys=0,00, real=0,00 secs] 
87,554: [GC (Allocation Failure) [PSYoungGen: 108608K->64K(106496K)] 118496K->9952K(217600K), 0,0010517 secs] [Times: user=0,01 sys=0,00, real=0,00 secs] 
87,732: [GC (Allocation Failure) [PSYoungGen: 106048K->64K(103936K)] 115936K->9952K(215040K), 0,0011088 secs] [Times: user=0,01 sys=0,00, real=0,00 secs] 
87,906: [GC (Allocation Failure) [PSYoungGen: 103488K->64K(101376K)] 113376K->9952K(212480K), 0,0009786 secs] [Times: user=0,00 sys=0,00, real=0,00 secs] 
88,077: [GC (Allocation Failure) [PSYoungGen: 100928K->64K(99328K)] 110816K->9952K(210432K), 0,0010327 secs] [Times: user=0,01 sys=0,00, real=0,00 secs] 
88,243: [GC (Allocation Failure) [PSYoungGen: 98880K->64K(97280K)] 108768K->9952K(208384K), 0,0011613 secs] [Times: user=0,00 sys=0,00, real=0,00 secs] 
88,406: [GC (Allocation Failure) [PSYoungGen: 96832K->64K(95232K)] 106720K->9952K(206336K), 0,0009887 secs] [Times: user=0,01 sys=0,00, real=0,00 secs] 
88,565: [GC (Allocation Failure) [PSYoungGen: 94784K->64K(93184K)] 104672K->9952K(204288K), 0,0009615 secs] [Times: user=0,00 sys=0,00, real=0,00 secs] 
88,722: [GC (Allocation Failure) [PSYoungGen: 92736K->64K(91136K)] 102624K->9952K(202240K), 0,0009897 secs] [Times: user=0,01 sys=0,00, real=0,00 secs] 
88,876: [GC (Allocation Failure) [PSYoungGen: 90688K->64K(89088K)] 100576K->9952K(200192K), 0,0012053 secs] [Times: user=0,00 sys=0,00, real=0,00 secs] 
89,025: [GC (Allocation Failure) [PSYoungGen: 88640K->64K(96768K)] 98528K->9952K(207872K), 0,0011055 secs] [Times: user=0,00 sys=0,00, real=0,00 secs] 
89,188: [GC (Allocation Failure) [PSYoungGen: 96320K->64K(94720K)] 106208K->9952K(205824K), 0,0010225 secs] [Times: user=0,01 sys=0,00, real=0,00 secs] 
89,346: [GC (Allocation Failure) [PSYoungGen: 94272K->32K(92672K)] 104160K->9920K(203776K), 0,0010974 secs] [Times: user=0,01 sys=0,00, real=0,00 secs] 
89,501: [GC (Allocation Failure) [PSYoungGen: 92192K->64K(100864K)] 102080K->9952K(211968K), 0,0011337 secs] [Times: user=0,00 sys=0,00, real=0,00 secs] 
89,672: [GC (Allocation Failure) [PSYoungGen: 100416K->64K(109568K)] 110304K->9952K(220672K), 0,0011668 secs] [Times: user=0,01 sys=0,00, real=0,00 secs] 
89,856: [GC (Allocation Failure) [PSYoungGen: 109120K->64K(107008K)] 119008K->9952K(218112K), 0,0009833 secs] [Times: user=0,00 sys=0,00, real=0,00 secs] 
90,036: [GC (Allocation Failure) [PSYoungGen: 106560K->64K(104448K)] 116448K->9952K(215552K), 0,0010992 secs] [Times: user=0,00 sys=0,00, real=0,00 secs] 
90,210: [GC (Allocation Failure) [PSYoungGen: 104000K->64K(101888K)] 113888K->9952K(212992K), 0,0010547 secs] [Times: user=0,00 sys=0,00, real=0,00 secs] 
90,382: [GC (Allocation Failure) [PSYoungGen: 101440K->64K(99840K)] 111328K->9952K(210944K), 0,0010472 secs] [Times: user=0,01 sys=0,00, real=0,00 secs] 
90,549: [GC (Allocation Failure) [PSYoungGen: 99392K->64K(97792K)] 109280K->9952K(208896K), 0,0011310 secs] [Times: user=0,00 sys=0,00, real=0,01 secs] 
90,713: [GC (Allocation Failure) [PSYoungGen: 97344K->64K(95744K)] 107232K->9952K(206848K), 0,0010496 secs] [Times: user=0,00 sys=0,00, real=0,00 secs] 
90,879: [GC (Allocation Failure) [PSYoungGen: 95296K->96K(93696K)] 105184K->9984K(204800K), 0,0010869 secs] [Times: user=0,01 sys=0,00, real=0,01 secs] 
91,043: [GC (Allocation Failure) [PSYoungGen: 93280K->64K(91648K)] 103168K->9952K(202752K), 0,0010586 secs] [Times: user=0,00 sys=0,00, real=0,00 secs] 
91,203: [GC (Allocation Failure) [PSYoungGen: 91200K->64K(89600K)] 101088K->9952K(200704K), 0,0009783 secs] [Times: user=0,00 sys=0,00, real=0,00 secs] 
91,359: [GC (Allocation Failure) [PSYoungGen: 89152K->96K(88064K)] 99040K->9984K(199168K), 0,0010884 secs] [Times: user=0,00 sys=0,00, real=0,01 secs] 
91,511: [GC (Allocation Failure) [PSYoungGen: 87648K->96K(86528K)] 97536K->9984K(197632K), 0,0011338 secs] [Times: user=0,01 sys=0,00, real=0,00 secs] 
91,662: [GC (Allocation Failure) [PSYoungGen: 86112K->96K(94720K)] 96000K->9984K(205824K), 0,0019829 secs] [Times: user=0,00 sys=0,00, real=0,00 secs] 
91,828: [GC (Allocation Failure) [PSYoungGen: 94304K->64K(103936K)] 104192K->9952K(215040K), 0,0015178 secs] [Times: user=0,01 sys=0,00, real=0,00 secs] 
92,010: [GC (Allocation Failure) [PSYoungGen: 103488K->96K(113664K)] 113376K->9984K(224768K), 0,0010218 secs] [Times: user=0,00 sys=0,00, real=0,00 secs] 
92,207: [GC (Allocation Failure) [PSYoungGen: 113248K->64K(123904K)] 123136K->9952K(235008K), 0,0009794 secs] [Times: user=0,00 sys=0,00, real=0,00 secs] 
92,418: [GC (Allocation Failure) [PSYoungGen: 123456K->64K(120832K)] 133344K->9952K(231936K), 0,0010322 secs] [Times: user=0,01 sys=0,00, real=0,00 secs] 
92,619: [GC (Allocation Failure) [PSYoungGen: 120384K->64K(117760K)] 130272K->9952K(228864K), 0,0010178 secs] [Times: user=0,00 sys=0,00, real=0,01 secs] 
92,816: [GC (Allocation Failure) [PSYoungGen: 117312K->96K(114688K)] 127200K->9984K(225792K), 0,0011421 secs] [Times: user=0,01 sys=0,00, real=0,00 secs] 
93,008: [GC (Allocation Failure) [PSYoungGen: 114271K->64K(112128K)] 124160K->9968K(223232K), 0,0010241 secs] [Times: user=0,00 sys=0,00, real=0,00 secs] 
93,196: [GC (Allocation Failure) [PSYoungGen: 111680K->64K(109568K)] 121584K->9968K(220672K), 0,0010544 secs] [Times: user=0,00 sys=0,00, real=0,00 secs] 
93,381: [GC (Allocation Failure) [PSYoungGen: 109120K->64K(107008K)] 119024K->9968K(218112K), 0,0011140 secs] [Times: user=0,01 sys=0,00, real=0,00 secs] 
93,561: [GC (Allocation Failure) [PSYoungGen: 106560K->32K(104448K)] 116464K->9936K(215552K), 0,0011626 secs] [Times: user=0,01 sys=0,00, real=0,00 secs] 
93,736: [GC (Allocation Failure) [PSYoungGen: 103968K->96K(101888K)] 113872K->10000K(212992K), 0,0010874 secs] [Times: user=0,00 sys=0,00, real=0,00 secs] 
93,908: [GC (Allocation Failure) [PSYoungGen: 101471K->64K(99840K)] 111376K->9968K(210944K), 0,0011006 secs] [Times: user=0,01 sys=0,00, real=0,00 secs] 
94,077: [GC (Allocation Failure) [PSYoungGen: 99392K->64K(97792K)] 109296K->9968K(208896K), 0,0010526 secs] [Times: user=0,01 sys=0,00, real=0,00 secs] 
94,240: [GC (Allocation Failure) [PSYoungGen: 97344K->64K(95744K)] 107248K->9968K(206848K), 0,0011906 secs] [Times: user=0,00 sys=0,00, real=0,00 secs] 
94,400: [GC (Allocation Failure) [PSYoungGen: 95296K->64K(93696K)] 105200K->9968K(204800K), 0,0010850 secs] [Times: user=0,00 sys=0,00, real=0,00 secs] 
94,557: [GC (Allocation Failure) [PSYoungGen: 93248K->64K(91648K)] 103152K->9968K(202752K), 0,0009799 secs] [Times: user=0,00 sys=0,00, real=0,00 secs] 
94,711: [GC (Allocation Failure) [PSYoungGen: 91200K->64K(89600K)] 101104K->9968K(200704K), 0,0011026 secs] [Times: user=0,01 sys=0,00, real=0,00 secs] 
94,861: [GC (Allocation Failure) [PSYoungGen: 89152K->64K(88064K)] 99056K->9968K(199168K), 0,0009784 secs] [Times: user=0,00 sys=0,00, real=0,00 secs] 
95,008: [GC (Allocation Failure) [PSYoungGen: 87616K->64K(86528K)] 97520K->9968K(197632K), 0,0010172 secs] [Times: user=0,01 sys=0,00, real=0,00 secs] 
95,153: [GC (Allocation Failure) [PSYoungGen: 86080K->64K(84992K)] 95984K->9968K(196096K), 0,0011122 secs] [Times: user=0,00 sys=0,00, real=0,00 secs] 
95,295: [GC (Allocation Failure) [PSYoungGen: 84544K->64K(92160K)] 94448K->9968K(203264K), 0,0010842 secs] [Times: user=0,00 sys=0,00, real=0,00 secs] 
95,450: [GC (Allocation Failure) [PSYoungGen: 91712K->64K(100352K)] 101616K->9968K(211456K), 0,0011971 secs] [Times: user=0,00 sys=0,00, real=0,00 secs] 
95,618: [GC (Allocation Failure) [PSYoungGen: 99904K->64K(98304K)] 109808K->9968K(209408K), 0,0010500 secs] [Times: user=0,00 sys=0,00, real=0,01 secs] 
95,785: [GC (Allocation Failure) [PSYoungGen: 97856K->64K(96256K)] 107760K->9968K(207360K), 0,0009840 secs] [Times: user=0,00 sys=0,00, real=0,00 secs] 
95,946: [GC (Allocation Failure) [PSYoungGen: 95808K->64K(94208K)] 105712K->9968K(205312K), 0,0011224 secs] [Times: user=0,00 sys=0,00, real=0,00 secs] 
96,103: [GC (Allocation Failure) [PSYoungGen: 93760K->64K(92160K)] 103664K->9968K(203264K), 0,0011536 secs] [Times: user=0,00 sys=0,00, real=0,00 secs] 
96,258: [GC (Allocation Failure) [PSYoungGen: 91712K->64K(100352K)] 101616K->9968K(211456K), 0,0012042 secs] [Times: user=0,00 sys=0,00, real=0,00 secs] 
96,426: [GC (Allocation Failure) [PSYoungGen: 99904K->64K(98304K)] 109808K->9968K(209408K), 0,0011398 secs] [Times: user=0,00 sys=0,00, real=0,00 secs] 
96,591: [GC (Allocation Failure) [PSYoungGen: 97856K->64K(96256K)] 107760K->9968K(207360K), 0,0010435 secs] [Times: user=0,01 sys=0,00, real=0,00 secs] 
96,752: [GC (Allocation Failure) [PSYoungGen: 95808K->64K(94208K)] 105712K->9968K(205312K), 0,0011140 secs] [Times: user=0,00 sys=0,00, real=0,00 secs] 
96,911: [GC (Allocation Failure) [PSYoungGen: 93760K->64K(92160K)] 103664K->9968K(203264K), 0,0009647 secs] [Times: user=0,00 sys=0,00, real=0,00 secs] 
97,066: [GC (Allocation Failure) [PSYoungGen: 91712K->64K(90112K)] 101616K->9968K(201216K), 0,0011242 secs] [Times: user=0,01 sys=0,00, real=0,00 secs] 
97,217: [GC (Allocation Failure) [PSYoungGen: 89663K->64K(88064K)] 99568K->9968K(199168K), 0,0010304 secs] [Times: user=0,01 sys=0,00, real=0,00 secs] 
97,364: [GC (Allocation Failure) [PSYoungGen: 87616K->64K(86528K)] 97520K->9968K(197632K), 0,0011092 secs] [Times: user=0,01 sys=0,00, real=0,00 secs] 
97,509: [GC (Allocation Failure) [PSYoungGen: 86080K->64K(94208K)] 95984K->9968K(205312K), 0,0011836 secs] [Times: user=0,00 sys=0,00, real=0,01 secs] 
97,668: [GC (Allocation Failure) [PSYoungGen: 93760K->64K(92160K)] 103664K->9968K(203264K), 0,0010285 secs] [Times: user=0,00 sys=0,00, real=0,00 secs] 
97,822: [GC (Allocation Failure) [PSYoungGen: 91712K->64K(90112K)] 101616K->9968K(201216K), 0,0011151 secs] [Times: user=0,00 sys=0,00, real=0,00 secs] 
97,973: [GC (Allocation Failure) [PSYoungGen: 89664K->64K(97792K)] 99568K->9968K(208896K), 0,0011212 secs] [Times: user=0,00 sys=0,00, real=0,00 secs] 
98,137: [GC (Allocation Failure) [PSYoungGen: 97344K->64K(95744K)] 107248K->9968K(206848K), 0,0011113 secs] [Times: user=0,00 sys=0,00, real=0,00 secs] 
98,298: [GC (Allocation Failure) [PSYoungGen: 95296K->64K(93696K)] 105200K->9968K(204800K), 0,0011618 secs] [Times: user=0,00 sys=0,00, real=0,00 secs] 
98,455: [GC (Allocation Failure) [PSYoungGen: 93248K->64K(101888K)] 103152K->9968K(212992K), 0,0011636 secs] [Times: user=0,00 sys=0,00, real=0,00 secs] 
98,625: [GC (Allocation Failure) [PSYoungGen: 101440K->64K(99840K)] 111344K->9968K(210944K), 0,0009961 secs] [Times: user=0,00 sys=0,00, real=0,00 secs] 
98,792: [GC (Allocation Failure) [PSYoungGen: 99392K->64K(97792K)] 109296K->9968K(208896K), 0,0009980 secs] [Times: user=0,00 sys=0,00, real=0,00 secs] 
98,958: [GC (Allocation Failure) [PSYoungGen: 97343K->64K(95744K)] 107248K->9968K(206848K), 0,0010421 secs] [Times: user=0,01 sys=0,00, real=0,01 secs] 
99,119: [GC (Allocation Failure) [PSYoungGen: 95296K->64K(93696K)] 105200K->9968K(204800K), 0,0010414 secs] [Times: user=0,00 sys=0,00, real=0,01 secs] 
99,275: [GC (Allocation Failure) [PSYoungGen: 93248K->64K(91648K)] 103152K->9968K(202752K), 0,0011153 secs] [Times: user=0,01 sys=0,00, real=0,00 secs] 
99,428: [GC (Allocation Failure) [PSYoungGen: 91200K->64K(89600K)] 101104K->9968K(200704K), 0,0011109 secs] [Times: user=0,00 sys=0,00, real=0,01 secs] 
99,578: [GC (Allocation Failure) [PSYoungGen: 89152K->64K(88064K)] 99056K->9968K(199168K), 0,0011320 secs] [Times: user=0,00 sys=0,00, real=0,00 secs] 
99,726: [GC (Allocation Failure) [PSYoungGen: 87616K->64K(96256K)] 97520K->9968K(207360K), 0,0012946 secs] [Times: user=0,00 sys=0,00, real=0,00 secs] 
99,888: [GC (Allocation Failure) [PSYoungGen: 95807K->64K(104960K)] 105712K->9968K(216064K), 0,0010630 secs] [Times: user=0,01 sys=0,00, real=0,01 secs] 
100,065: [GC (Allocation Failure) [PSYoungGen: 104512K->64K(102400K)] 114416K->9968K(213504K), 0,0010344 secs] [Times: user=0,00 sys=0,00, real=0,00 secs] 
100,238: [GC (Allocation Failure) [PSYoungGen: 101952K->64K(100352K)] 111856K->9968K(211456K), 0,0011193 secs] [Times: user=0,00 sys=0,00, real=0,00 secs] 
Heap
 PSYoungGen      total 100352K, used 20199K [0x000000076ab00000, 0x0000000793180000, 0x00000007c0000000)
  eden space 99840K, 20% used [0x000000076ab00000,0x000000076bea9d48,0x0000000770c80000)
  from space 512K, 12% used [0x0000000793100000,0x0000000793110000,0x0000000793180000)
  to   space 512K, 0% used [0x0000000793080000,0x0000000793080000,0x0000000793100000)
 ParOldGen       total 111104K, used 9904K [0x00000006c0000000, 0x00000006c6c80000, 0x000000076ab00000)
  object space 111104K, 8% used [0x00000006c0000000,0x00000006c09ac2b0,0x00000006c6c80000)
 Metaspace       used 24805K, capacity 33580K, committed 33792K, reserved 1075200K
  class space    used 5501K, capacity 8370K, committed 8448K, reserved 1048576K
