OpenJDK 64-Bit Server VM (25.202-b05) for bsd-amd64 JRE (Zulu 8.36.0.1-CA-macosx) (1.8.0_202-b05), built on Jan 29 2019 06:07:09 by "zulu_re" with gcc 4.2.1 (Based on Apple Inc. build 5658) (LLVM build 2336.11.00)
Memory: 4k page, physical 16777216k(3843964k free)

/proc/meminfo:

CommandLine flags: -XX:InitialHeapSize=268435456 -XX:MaxHeapSize=4294967296 -XX:+PrintGC -XX:+PrintGCDetails -XX:+PrintGCTimeStamps -XX:+UseCompressedClassPointers -XX:+UseCompressedOops -XX:+UseParallelGC 
Heap
 PSYoungGen      total 76288K, used 35664K [0x000000076ab00000, 0x0000000770000000, 0x00000007c0000000)
  eden space 65536K, 54% used [0x000000076ab00000,0x000000076cdd4330,0x000000076eb00000)
  from space 10752K, 0% used [0x000000076f580000,0x000000076f580000,0x0000000770000000)
  to   space 10752K, 0% used [0x000000076eb00000,0x000000076eb00000,0x000000076f580000)
 ParOldGen       total 175104K, used 0K [0x00000006c0000000, 0x00000006cab00000, 0x000000076ab00000)
  object space 175104K, 0% used [0x00000006c0000000,0x00000006c0000000,0x00000006cab00000)
 Metaspace       used 7644K, capacity 8005K, committed 8192K, reserved 1056768K
  class space    used 853K, capacity 948K, committed 1024K, reserved 1048576K
K(1067008K)], 0,0307823 secs] [Times: user=0,07 sys=0,00, real=0,03 secs] 
4,708: [GC (Allocation Failure) [PSYoungGen: 65536K->1421K(76288K)] 71245K->7131K(187904K), 0,0032111 secs] [Times: user=0,02 sys=0,00, real=0,00 secs] 
6,165: [GC (Allocation Failure) [PSYoungGen: 66957K->2492K(76288K)] 72667K->8210K(187904K), 0,0050732 secs] [Times: user=0,02 sys=0,00, real=0,00 secs] 
6,501: [GC (Allocation Failure) [PSYoungGen: 68028K->3088K(97280K)] 73746K->8805K(208896K), 0,0065083 secs] [Times: user=0,03 sys=0,00, real=0,01 secs] 
6,970: [GC (Allocation Failure) [PSYoungGen: 91664K->3963K(96768K)] 97381K->9689K(208384K), 0,0059866 secs] [Times: user=0,02 sys=0,00, real=0,01 secs] 
7,106: [GC (Allocation Failure) [PSYoungGen: 92539K->3760K(141312K)] 98265K->9493K(252928K), 0,0066429 secs] [Times: user=0,02 sys=0,01, real=0,00 secs] 
7,275: [GC (Allocation Failure) [PSYoungGen: 137392K->3776K(141312K)] 143125K->9509K(252928K), 0,0039807 secs] [Times: user=0,02 sys=0,00, real=0,00 secs] 
7,379: [GC (Allocation Failure) [PSYoungGen: 137408K->3792K(196096K)] 143141K->9533K(307712K), 0,0037388 secs] [Times: user=0,01 sys=0,00, real=0,01 secs] 
7,510: [GC (Allocation Failure) [PSYoungGen: 192720K->1856K(196096K)] 198461K->9590K(307712K), 0,0039488 secs] [Times: user=0,01 sys=0,00, real=0,01 secs] 
7,619: [GC (Allocation Failure) [PSYoungGen: 190784K->128K(278528K)] 198518K->9655K(390144K), 0,0024565 secs] [Times: user=0,01 sys=0,00, real=0,00 secs] 
7,801: [GC (Allocation Failure) [PSYoungGen: 272000K->96K(279040K)] 281527K->9631K(390656K), 0,0011343 secs] [Times: user=0,00 sys=0,00, real=0,00 secs] 
7,952: [GC (Allocation Failure) [PSYoungGen: 271968K->96K(377856K)] 281503K->9639K(489472K), 0,0010435 secs] [Times: user=0,01 sys=0,00, real=0,01 secs] 
8,202: [GC (Allocation Failure) [PSYoungGen: 376928K->64K(384512K)] 386471K->9607K(496128K), 0,0011394 secs] [Times: user=0,00 sys=0,00, real=0,01 secs] 
8,409: [GC (Allocation Failure) [PSYoungGen: 376896K->64K(501760K)] 386439K->9615K(613376K), 0,0010832 secs] [Times: user=0,01 sys=0,00, real=0,00 secs] 
8,731: [GC (Allocation Failure) [PSYoungGen: 501312K->64K(511488K)] 510863K->9623K(623104K), 0,0011367 secs] [Times: user=0,00 sys=0,01, real=0,00 secs] 
9,007: [GC (Allocation Failure) [PSYoungGen: 503872K->64K(597504K)] 513431K->9623K(709120K), 0,0010381 secs] [Times: user=0,00 sys=0,00, real=0,00 secs] 
9,367: [GC (Allocation Failure) [PSYoungGen: 596544K->64K(603648K)] 606103K->9623K(715264K), 0,0011221 secs] [Times: user=0,01 sys=0,00, real=0,00 secs] 
9,692: [GC (Allocation Failure) [PSYoungGen: 596544K->64K(688640K)] 606103K->9623K(800256K), 0,0011010 secs] [Times: user=0,00 sys=0,00, real=0,01 secs] 
10,100: [GC (Allocation Failure) [PSYoungGen: 688192K->64K(696832K)] 697751K->9623K(808448K), 0,0011057 secs] [Times: user=0,00 sys=0,00, real=0,00 secs] 
10,486: [GC (Allocation Failure) [PSYoungGen: 690240K->160K(780288K)] 699799K->9719K(891904K), 0,0011154 secs] [Times: user=0,00 sys=0,00, real=0,00 secs] 
10,948: [GC (Allocation Failure) [PSYoungGen: 779424K->128K(785408K)] 788983K->9687K(897024K), 0,0011858 secs] [Times: user=0,01 sys=0,00, real=0,00 secs] 
11,372: [GC (Allocation Failure) [PSYoungGen: 779392K->128K(865792K)] 788951K->9687K(977408K), 0,0010663 secs] [Times: user=0,00 sys=0,00, real=0,01 secs] 
11,883: [GC (Allocation Failure) [PSYoungGen: 865408K->128K(872448K)] 874967K->9687K(984064K), 0,0035776 secs] [Times: user=0,00 sys=0,00, real=0,00 secs] 
12,357: [GC (Allocation Failure) [PSYoungGen: 866944K->128K(932864K)] 876503K->9687K(1044480K), 0,0010903 secs] [Times: user=0,00 sys=0,00, real=0,00 secs] 
12,889: [GC (Allocation Failure) [PSYoungGen: 930944K->128K(935936K)] 940503K->9687K(1047552K), 0,0011154 secs] [Times: user=0,00 sys=0,00, real=0,00 secs] 
13,393: [GC (Allocation Failure) [PSYoungGen: 930944K->128K(995840K)] 940503K->9687K(1107456K), 0,0012319 secs] [Times: user=0,00 sys=0,00, real=0,00 secs] 
13,959: [GC (Allocation Failure) [PSYoungGen: 993408K->128K(997888K)] 1002967K->9687K(1109504K), 0,0011072 secs] [Times: user=0,00 sys=0,00, real=0,00 secs] 
14,496: [GC (Allocation Failure) [PSYoungGen: 993408K->128K(1054720K)] 1002967K->9687K(1166336K), 0,0011129 secs] [Times: user=0,00 sys=0,00, real=0,00 secs] 
15,089: [GC (Allocation Failure) [PSYoungGen: 1053312K->128K(1057280K)] 1062871K->9687K(1168896K), 0,0011406 secs] [Times: user=0,00 sys=0,00, real=0,00 secs] 
15,658: [GC (Allocation Failure) [PSYoungGen: 1053312K->128K(1113088K)] 1062871K->9687K(1224704K), 0,0010801 secs] [Times: user=0,01 sys=0,00, real=0,00 secs] 
16,283: [GC (Allocation Failure) [PSYoungGen: 1112192K->128K(1115648K)] 1121751K->9687K(1227264K), 0,0011580 secs] [Times: user=0,00 sys=0,00, real=0,00 secs] 
16,884: [GC (Allocation Failure) [PSYoungGen: 1112192K->128K(1162240K)] 1121751K->9687K(1273856K), 0,0011153 secs] [Times: user=0,00 sys=0,00, real=0,00 secs] 
17,532: [GC (Allocation Failure) [PSYoungGen: 1160832K->128K(1163776K)] 1170391K->9687K(1275392K), 0,0011153 secs] [Times: user=0,00 sys=0,00, real=0,01 secs] 
18,160: [GC (Allocation Failure) [PSYoungGen: 1160832K->128K(1211392K)] 1170391K->9687K(1323008K), 0,0011592 secs] [Times: user=0,00 sys=0,00, real=0,00 secs] 
18,832: [GC (Allocation Failure) [PSYoungGen: 1208960K->96K(1211904K)] 1218519K->9719K(1323520K), 0,0010985 secs] [Times: user=0,00 sys=0,00, real=0,01 secs] 
19,484: [GC (Allocation Failure) [PSYoungGen: 1208928K->64K(1257984K)] 1218551K->9687K(1369600K), 0,0010904 secs] [Times: user=0,00 sys=0,00, real=0,00 secs] 
20,182: [GC (Allocation Failure) [PSYoungGen: 1256512K->64K(1259008K)] 1266135K->9687K(1370624K), 0,0010839 secs] [Times: user=0,00 sys=0,00, real=0,01 secs] 
20,862: [GC (Allocation Failure) [PSYoungGen: 1256512K->96K(1303552K)] 1266135K->9719K(1415168K), 0,0010663 secs] [Times: user=0,00 sys=0,00, real=0,01 secs] 
21,584: [GC (Allocation Failure) [PSYoungGen: 1303136K->96K(1305088K)] 1312759K->9719K(1416704K), 0,0011516 secs] [Times: user=0,01 sys=0,00, real=0,00 secs] 
22,287: [GC (Allocation Failure) [PSYoungGen: 1303136K->96K(1347072K)] 1312759K->9719K(1458688K), 0,0014421 secs] [Times: user=0,00 sys=0,00, real=0,00 secs] 
23,029: [GC (Allocation Failure) [PSYoungGen: 1345120K->64K(1347072K)] 1354743K->9687K(1458688K), 0,0010918 secs] [Times: user=0,01 sys=0,00, real=0,00 secs] 
23,761: [GC (Allocation Failure) [PSYoungGen: 1345088K->64K(1389056K)] 1354711K->9687K(1500672K), 0,0011617 secs] [Times: user=0,00 sys=0,00, real=0,00 secs] 
24,527: [GC (Allocation Failure) [PSYoungGen: 1388608K->128K(1390080K)] 1398231K->9751K(1501696K), 0,0010874 secs] [Times: user=0,00 sys=0,00, real=0,00 secs] 
25,276: [GC (Allocation Failure) [PSYoungGen: 1388672K->128K(1396224K)] 1398295K->9751K(1507840K), 0,0011360 secs] [Times: user=0,00 sys=0,00, real=0,00 secs] 
26,031: [GC (Allocation Failure) [PSYoungGen: 1394816K->64K(1396224K)] 1404439K->9687K(1507840K), 0,0010511 secs] [Times: user=0,00 sys=0,00, real=0,00 secs] 
26,784: [GC (Allocation Failure) [PSYoungGen: 1394752K->64K(1396224K)] 1404375K->9687K(1507840K), 0,0010952 secs] [Times: user=0,01 sys=0,00, real=0,00 secs] 
27,536: [GC (Allocation Failure) [PSYoungGen: 1394752K->96K(1395200K)] 1404375K->9719K(1506816K), 0,0011097 secs] [Times: user=0,00 sys=0,00, real=0,00 secs] 
28,289: [GC (Allocation Failure) [PSYoungGen: 1394784K->96K(1395712K)] 1404407K->9719K(1507328K), 0,0011122 secs] [Times: user=0,00 sys=0,00, real=0,00 secs] 
29,041: [GC (Allocation Failure) [PSYoungGen: 1394784K->64K(1395712K)] 1404407K->9687K(1507328K), 0,0010676 secs] [Times: user=0,01 sys=0,00, real=0,00 secs] 
29,793: [GC (Allocation Failure) [PSYoungGen: 1394752K->96K(1396736K)] 1404375K->9719K(1508352K), 0,0010793 secs] [Times: user=0,00 sys=0,00, real=0,00 secs] 
30,550: [GC (Allocation Failure) [PSYoungGen: 1395808K->64K(1396736K)] 1405431K->9687K(1508352K), 0,0010730 secs] [Times: user=0,00 sys=0,00, real=0,00 secs] 
31,303: [GC (Allocation Failure) [PSYoungGen: 1395776K->64K(1396736K)] 1405399K->9687K(1508352K), 0,0010762 secs] [Times: user=0,00 sys=0,00, real=0,00 secs] 
32,055: [GC (Allocation Failure) [PSYoungGen: 1395776K->96K(1396736K)] 1405399K->9727K(1508352K), 0,0010555 secs] [Times: user=0,01 sys=0,00, real=0,00 secs] 
32,808: [GC (Allocation Failure) [PSYoungGen: 1395808K->64K(1396736K)] 1405439K->9695K(1508352K), 0,0010742 secs] [Times: user=0,00 sys=0,00, real=0,00 secs] 
33,561: [GC (Allocation Failure) [PSYoungGen: 1395776K->96K(1396736K)] 1405407K->9727K(1508352K), 0,0010782 secs] [Times: user=0,01 sys=0,00, real=0,01 secs] 
34,314: [GC (Allocation Failure) [PSYoungGen: 1395808K->96K(1396736K)] 1405439K->9727K(1508352K), 0,0010182 secs] [Times: user=0,00 sys=0,00, real=0,00 secs] 
35,066: [GC (Allocation Failure) [PSYoungGen: 1395808K->96K(1396736K)] 1405439K->9727K(1508352K), 0,0011062 secs] [Times: user=0,00 sys=0,01, real=0,00 secs] 
35,820: [GC (Allocation Failure) [PSYoungGen: 1395808K->64K(1396736K)] 1405439K->9695K(1508352K), 0,0010609 secs] [Times: user=0,01 sys=0,00, real=0,00 secs] 
36,573: [GC (Allocation Failure) [PSYoungGen: 1396288K->64K(1396736K)] 1405919K->9695K(1508352K), 0,0010896 secs] [Times: user=0,00 sys=0,00, real=0,00 secs] 
37,325: [GC (Allocation Failure) [PSYoungGen: 1396288K->96K(1397248K)] 1405919K->9727K(1508864K), 0,0010806 secs] [Times: user=0,00 sys=0,00, real=0,00 secs] 
38,080: [GC (Allocation Failure) [PSYoungGen: 1396832K->64K(1397248K)] 1406463K->9695K(1508864K), 0,0010610 secs] [Times: user=0,00 sys=0,00, real=0,00 secs] 
38,833: [GC (Allocation Failure) [PSYoungGen: 1396800K->64K(1397248K)] 1406431K->9695K(1508864K), 0,0010638 secs] [Times: user=0,00 sys=0,00, real=0,00 secs] 
39,587: [GC (Allocation Failure) [PSYoungGen: 1396800K->64K(1332736K)] 1406431K->9695K(1444352K), 0,0010747 secs] [Times: user=0,00 sys=0,00, real=0,00 secs] 
40,304: [GC (Allocation Failure) [PSYoungGen: 1332288K->128K(1271296K)] 1341919K->9759K(1382912K), 0,0011516 secs] [Times: user=0,00 sys=0,00, real=0,00 secs] 
41,014: [GC (Allocation Failure) [PSYoungGen: 1270912K->64K(1212928K)] 1280543K->9695K(1324544K), 0,0010176 secs] [Times: user=0,00 sys=0,00, real=0,00 secs] 
41,671: [GC (Allocation Failure) [PSYoungGen: 1212480K->96K(1157632K)] 1222111K->9743K(1269248K), 0,0016279 secs] [Times: user=0,01 sys=0,00, real=0,01 secs] 
42,296: [GC (Allocation Failure) [PSYoungGen: 1157216K->64K(1104896K)] 1166863K->9711K(1216512K), 0,0010908 secs] [Times: user=0,00 sys=0,00, real=0,00 secs] 
42,891: [GC (Allocation Failure) [PSYoungGen: 1104448K->96K(1054720K)] 1114095K->9743K(1166336K), 0,0010880 secs] [Times: user=0,00 sys=0,00, real=0,01 secs] 
43,461: [GC (Allocation Failure) [PSYoungGen: 1054304K->64K(1007104K)] 1063951K->9711K(1118720K), 0,0011225 secs] [Times: user=0,00 sys=0,00, real=0,00 secs] 
44,005: [GC (Allocation Failure) [PSYoungGen: 1006656K->64K(962048K)] 1016303K->9711K(1073664K), 0,0010191 secs] [Times: user=0,00 sys=0,00, real=0,00 secs] 
44,525: [GC (Allocation Failure) [PSYoungGen: 961600K->64K(919040K)] 971247K->9711K(1030656K), 0,0010750 secs] [Times: user=0,01 sys=0,00, real=0,00 secs] 
45,020: [GC (Allocation Failure) [PSYoungGen: 918592K->64K(878080K)] 928239K->9711K(989696K), 0,0010715 secs] [Times: user=0,00 sys=0,00, real=0,00 secs] 
45,494: [GC (Allocation Failure) [PSYoungGen: 877632K->64K(839168K)] 887279K->9711K(950784K), 0,0010676 secs] [Times: user=0,01 sys=0,00, real=0,00 secs] 
45,948: [GC (Allocation Failure) [PSYoungGen: 838720K->64K(802304K)] 848367K->9711K(913920K), 0,0010632 secs] [Times: user=0,00 sys=0,00, real=0,00 secs] 
46,381: [GC (Allocation Failure) [PSYoungGen: 801856K->128K(766976K)] 811503K->9775K(878592K), 0,0016873 secs] [Times: user=0,01 sys=0,00, real=0,01 secs] 
46,795: [GC (Allocation Failure) [PSYoungGen: 766592K->64K(733696K)] 776239K->9711K(845312K), 0,0010590 secs] [Times: user=0,00 sys=0,00, real=0,00 secs] 
47,189: [GC (Allocation Failure) [PSYoungGen: 733248K->96K(701952K)] 742895K->9743K(813568K), 0,0010336 secs] [Times: user=0,00 sys=0,00, real=0,00 secs] 
47,568: [GC (Allocation Failure) [PSYoungGen: 701536K->64K(671744K)] 711183K->9711K(783360K), 0,0010640 secs] [Times: user=0,00 sys=0,00, real=0,00 secs] 
47,929: [GC (Allocation Failure) [PSYoungGen: 671296K->96K(643072K)] 680943K->9775K(754688K), 0,0010988 secs] [Times: user=0,00 sys=0,00, real=0,00 secs] 
48,276: [GC (Allocation Failure) [PSYoungGen: 642656K->64K(615936K)] 652335K->9743K(727552K), 0,0010667 secs] [Times: user=0,00 sys=0,00, real=0,00 secs] 
48,607: [GC (Allocation Failure) [PSYoungGen: 615488K->64K(589824K)] 625167K->9743K(701440K), 0,0011018 secs] [Times: user=0,00 sys=0,00, real=0,00 secs] 
48,925: [GC (Allocation Failure) [PSYoungGen: 589376K->64K(565248K)] 599055K->9743K(676864K), 0,0010970 secs] [Times: user=0,00 sys=0,00, real=0,00 secs] 
49,230: [GC (Allocation Failure) [PSYoungGen: 564800K->64K(541696K)] 574479K->9743K(653312K), 0,0010712 secs] [Times: user=0,00 sys=0,00, real=0,00 secs] 
49,523: [GC (Allocation Failure) [PSYoungGen: 541248K->64K(519168K)] 550927K->9743K(630784K), 0,0010745 secs] [Times: user=0,00 sys=0,00, real=0,00 secs] 
49,804: [GC (Allocation Failure) [PSYoungGen: 518720K->64K(497664K)] 528399K->9743K(609280K), 0,0010912 secs] [Times: user=0,01 sys=0,00, real=0,00 secs] 
50,073: [GC (Allocation Failure) [PSYoungGen: 497216K->64K(525312K)] 506895K->9743K(636928K), 0,0010874 secs] [Times: user=0,01 sys=0,00, real=0,00 secs] 
50,356: [GC (Allocation Failure) [PSYoungGen: 524864K->96K(555008K)] 534543K->9775K(666624K), 0,0010914 secs] [Times: user=0,00 sys=0,00, real=0,00 secs] 
50,658: [GC (Allocation Failure) [PSYoungGen: 554592K->64K(531968K)] 564271K->9743K(643584K), 0,0010692 secs] [Times: user=0,01 sys=0,00, real=0,00 secs] 
50,946: [GC (Allocation Failure) [PSYoungGen: 531520K->64K(509952K)] 541199K->9743K(621568K), 0,0010308 secs] [Times: user=0,00 sys=0,00, real=0,00 secs] 
51,221: [GC (Allocation Failure) [PSYoungGen: 509504K->64K(488960K)] 519183K->9743K(600576K), 0,0010662 secs] [Times: user=0,00 sys=0,00, real=0,01 secs] 
51,486: [GC (Allocation Failure) [PSYoungGen: 488512K->64K(468992K)] 498191K->9743K(580608K), 0,0010714 secs] [Times: user=0,01 sys=0,00, real=0,00 secs] 
51,739: [GC (Allocation Failure) [PSYoungGen: 468544K->64K(496640K)] 478223K->9743K(608256K), 0,0010952 secs] [Times: user=0,00 sys=0,00, real=0,00 secs] 
52,007: [GC (Allocation Failure) [PSYoungGen: 496192K->96K(525824K)] 505871K->9775K(637440K), 0,0010342 secs] [Times: user=0,00 sys=0,00, real=0,00 secs] 
52,291: [GC (Allocation Failure) [PSYoungGen: 525408K->64K(504320K)] 535087K->9743K(615936K), 0,0010779 secs] [Times: user=0,00 sys=0,00, real=0,01 secs] 
52,564: [GC (Allocation Failure) [PSYoungGen: 503872K->64K(483840K)] 513551K->9743K(595456K), 0,0010592 secs] [Times: user=0,00 sys=0,00, real=0,00 secs] 
52,826: [GC (Allocation Failure) [PSYoungGen: 483392K->64K(464384K)] 493071K->9743K(576000K), 0,0010607 secs] [Times: user=0,01 sys=0,00, real=0,00 secs] 
53,076: [GC (Allocation Failure) [PSYoungGen: 463936K->64K(445952K)] 473615K->9743K(557568K), 0,0010535 secs] [Times: user=0,01 sys=0,00, real=0,00 secs] 
53,317: [GC (Allocation Failure) [PSYoungGen: 445504K->96K(473088K)] 455183K->9775K(584704K), 0,0010708 secs] [Times: user=0,00 sys=0,00, real=0,00 secs] 
53,573: [GC (Allocation Failure) [PSYoungGen: 472672K->64K(502272K)] 482351K->9743K(613888K), 0,0010725 secs] [Times: user=0,00 sys=0,00, real=0,00 secs] 
53,845: [GC (Allocation Failure) [PSYoungGen: 501824K->64K(481792K)] 511503K->9743K(593408K), 0,0010638 secs] [Times: user=0,00 sys=0,00, real=0,00 secs] 
54,105: [GC (Allocation Failure) [PSYoungGen: 481344K->64K(462336K)] 491023K->9743K(573952K), 0,0010806 secs] [Times: user=0,00 sys=0,00, real=0,00 secs] 
54,354: [GC (Allocation Failure) [PSYoungGen: 461888K->64K(443904K)] 471567K->9759K(555520K), 0,0010866 secs] [Times: user=0,00 sys=0,00, real=0,00 secs] 
54,594: [GC (Allocation Failure) [PSYoungGen: 443456K->64K(471552K)] 453151K->9759K(583168K), 0,0010773 secs] [Times: user=0,01 sys=0,00, real=0,00 secs] 
54,850: [GC (Allocation Failure) [PSYoungGen: 471104K->64K(452608K)] 480799K->9759K(564224K), 0,0010612 secs] [Times: user=0,00 sys=0,00, real=0,00 secs] 
55,095: [GC (Allocation Failure) [PSYoungGen: 452160K->64K(434688K)] 461855K->9759K(546304K), 0,0010578 secs] [Times: user=0,00 sys=0,00, real=0,00 secs] 
55,330: [GC (Allocation Failure) [PSYoungGen: 434240K->64K(462848K)] 443935K->9759K(574464K), 0,0011476 secs] [Times: user=0,01 sys=0,00, real=0,00 secs] 
55,581: [GC (Allocation Failure) [PSYoungGen: 462400K->64K(492544K)] 472095K->9759K(604160K), 0,0010788 secs] [Times: user=0,00 sys=0,00, real=0,00 secs] 
55,847: [GC (Allocation Failure) [PSYoungGen: 492096K->64K(472576K)] 501791K->9759K(584192K), 0,0010673 secs] [Times: user=0,01 sys=0,00, real=0,00 secs] 
56,101: [GC (Allocation Failure) [PSYoungGen: 472128K->64K(453632K)] 481823K->9759K(565248K), 0,0010750 secs] [Times: user=0,00 sys=0,00, real=0,01 secs] 
56,346: [GC (Allocation Failure) [PSYoungGen: 453184K->64K(435712K)] 462879K->9759K(547328K), 0,0010738 secs] [Times: user=0,00 sys=0,00, real=0,00 secs] 
56,582: [GC (Allocation Failure) [PSYoungGen: 435264K->64K(418304K)] 444959K->9759K(529920K), 0,0010692 secs] [Times: user=0,01 sys=0,00, real=0,01 secs] 
56,808: [GC (Allocation Failure) [PSYoungGen: 417856K->64K(401920K)] 427551K->9759K(513536K), 0,0010852 secs] [Times: user=0,00 sys=0,00, real=0,00 secs] 
57,026: [GC (Allocation Failure) [PSYoungGen: 401472K->64K(428544K)] 411167K->9759K(540160K), 0,0010710 secs] [Times: user=0,00 sys=0,00, real=0,00 secs] 
57,257: [GC (Allocation Failure) [PSYoungGen: 428096K->64K(457216K)] 437791K->9759K(568832K), 0,0011246 secs] [Times: user=0,01 sys=0,00, real=0,00 secs] 
57,505: [GC (Allocation Failure) [PSYoungGen: 456768K->64K(487424K)] 466463K->9759K(599040K), 0,0011158 secs] [Times: user=0,01 sys=0,00, real=0,00 secs] 
57,768: [GC (Allocation Failure) [PSYoungGen: 486976K->64K(467456K)] 496671K->9759K(579072K), 0,0010285 secs] [Times: user=0,00 sys=0,00, real=0,00 secs] 
58,020: [GC (Allocation Failure) [PSYoungGen: 467008K->64K(448512K)] 476703K->9759K(560128K), 0,0010648 secs] [Times: user=0,00 sys=0,00, real=0,00 secs] 
58,263: [GC (Allocation Failure) [PSYoungGen: 448064K->64K(430592K)] 457759K->9759K(542208K), 0,0010440 secs] [Times: user=0,00 sys=0,00, real=0,00 secs] 
58,496: [GC (Allocation Failure) [PSYoungGen: 430144K->64K(413696K)] 439839K->9759K(525312K), 0,0013026 secs] [Times: user=0,00 sys=0,00, real=0,00 secs] 
58,719: [GC (Allocation Failure) [PSYoungGen: 413248K->64K(397312K)] 422943K->9759K(508928K), 0,0010585 secs] [Times: user=0,00 sys=0,00, real=0,00 secs] 
58,934: [GC (Allocation Failure) [PSYoungGen: 396864K->64K(423936K)] 406559K->9759K(535552K), 0,0010783 secs] [Times: user=0,00 sys=0,00, real=0,00 secs] 
59,163: [GC (Allocation Failure) [PSYoungGen: 423488K->96K(452608K)] 433183K->9791K(564224K), 0,0010775 secs] [Times: user=0,01 sys=0,00, real=0,00 secs] 
59,408: [GC (Allocation Failure) [PSYoungGen: 452192K->64K(434688K)] 461887K->9759K(546304K), 0,0010629 secs] [Times: user=0,00 sys=0,00, real=0,00 secs] 
59,643: [GC (Allocation Failure) [PSYoungGen: 434240K->64K(417280K)] 443935K->9759K(528896K), 0,0011393 secs] [Times: user=0,00 sys=0,00, real=0,00 secs] 
59,869: [GC (Allocation Failure) [PSYoungGen: 416832K->64K(400896K)] 426527K->9759K(512512K), 0,0011219 secs] [Times: user=0,01 sys=0,00, real=0,00 secs] 
60,085: [GC (Allocation Failure) [PSYoungGen: 400448K->64K(385536K)] 410143K->9759K(497152K), 0,0010629 secs] [Times: user=0,00 sys=0,00, real=0,00 secs] 
60,294: [GC (Allocation Failure) [PSYoungGen: 385088K->160K(412160K)] 394783K->9855K(523776K), 0,0010398 secs] [Times: user=0,01 sys=0,00, real=0,00 secs] 
60,519: [GC (Allocation Failure) [PSYoungGen: 411808K->128K(395776K)] 421503K->9823K(507392K), 0,0011130 secs] [Times: user=0,00 sys=0,01, real=0,00 secs] 
60,734: [GC (Allocation Failure) [PSYoungGen: 395392K->128K(422912K)] 405087K->9823K(534528K), 0,0010702 secs] [Times: user=0,00 sys=0,00, real=0,00 secs] 
60,963: [GC (Allocation Failure) [PSYoungGen: 422528K->128K(452096K)] 432223K->9823K(563712K), 0,0011493 secs] [Times: user=0,00 sys=0,00, real=0,00 secs] 
61,207: [GC (Allocation Failure) [PSYoungGen: 451712K->128K(434176K)] 461407K->9823K(545792K), 0,0010885 secs] [Times: user=0,01 sys=0,00, real=0,00 secs] 
61,442: [GC (Allocation Failure) [PSYoungGen: 433792K->128K(416768K)] 443487K->9823K(528384K), 0,0010922 secs] [Times: user=0,00 sys=0,00, real=0,00 secs] 
61,667: [GC (Allocation Failure) [PSYoungGen: 416384K->128K(400384K)] 426079K->9823K(512000K), 0,0010889 secs] [Times: user=0,00 sys=0,00, real=0,00 secs] 
61,883: [GC (Allocation Failure) [PSYoungGen: 400000K->96K(429056K)] 409695K->9791K(540672K), 0,0013495 secs] [Times: user=0,01 sys=0,00, real=0,00 secs] 
62,116: [GC (Allocation Failure) [PSYoungGen: 428640K->128K(412160K)] 438335K->9823K(523776K), 0,0010990 secs] [Times: user=0,00 sys=0,00, real=0,00 secs] 
62,338: [GC (Allocation Failure) [PSYoungGen: 411776K->128K(395776K)] 421471K->9823K(507392K), 0,0010723 secs] [Times: user=0,00 sys=0,00, real=0,00 secs] 
62,552: [GC (Allocation Failure) [PSYoungGen: 395392K->128K(380416K)] 405087K->9823K(492032K), 0,0010890 secs] [Times: user=0,00 sys=0,00, real=0,00 secs] 
62,757: [GC (Allocation Failure) [PSYoungGen: 380032K->128K(408064K)] 389727K->9823K(519680K), 0,0012884 secs] [Times: user=0,01 sys=0,00, real=0,00 secs] 
62,978: [GC (Allocation Failure) [PSYoungGen: 407680K->128K(437248K)] 417375K->9823K(548864K), 0,0010919 secs] [Times: user=0,00 sys=0,00, real=0,00 secs] 
63,215: [GC (Allocation Failure) [PSYoungGen: 436864K->128K(419840K)] 446559K->9823K(531456K), 0,0010357 secs] [Times: user=0,01 sys=0,00, real=0,00 secs] 
63,442: [GC (Allocation Failure) [PSYoungGen: 419456K->96K(403456K)] 429151K->9791K(515072K), 0,0011329 secs] [Times: user=0,01 sys=0,00, real=0,00 secs] 
63,665: [GC (Allocation Failure) [PSYoungGen: 403040K->96K(387584K)] 412735K->9823K(499200K), 0,0010823 secs] [Times: user=0,00 sys=0,00, real=0,00 secs] 
63,875: [GC (Allocation Failure) [PSYoungGen: 387168K->64K(372736K)] 396895K->9791K(484352K), 0,0010910 secs] [Times: user=0,00 sys=0,00, real=0,00 secs] 
64,077: [GC (Allocation Failure) [PSYoungGen: 372288K->64K(399872K)] 382015K->9791K(511488K), 0,0011787 secs] [Times: user=0,01 sys=0,00, real=0,00 secs] 
64,294: [GC (Allocation Failure) [PSYoungGen: 399424K->64K(384512K)] 409151K->9791K(496128K), 0,0010185 secs] [Times: user=0,00 sys=0,00, real=0,00 secs] 
64,502: [GC (Allocation Failure) [PSYoungGen: 384064K->64K(369664K)] 393791K->9791K(481280K), 0,0011730 secs] [Times: user=0,00 sys=0,00, real=0,00 secs] 
64,702: [GC (Allocation Failure) [PSYoungGen: 369216K->64K(355328K)] 378943K->9791K(466944K), 0,0010566 secs] [Times: user=0,01 sys=0,00, real=0,00 secs] 
64,895: [GC (Allocation Failure) [PSYoungGen: 354880K->64K(381440K)] 364607K->9791K(493056K), 0,0010736 secs] [Times: user=0,00 sys=0,00, real=0,00 secs] 
65,101: [GC (Allocation Failure) [PSYoungGen: 380992K->64K(409088K)] 390719K->9791K(520704K), 0,0010746 secs] [Times: user=0,00 sys=0,00, real=0,01 secs] 
65,322: [GC (Allocation Failure) [PSYoungGen: 408640K->64K(393216K)] 418367K->9791K(504832K), 0,0010605 secs] [Times: user=0,00 sys=0,00, real=0,00 secs] 
65,535: [GC (Allocation Failure) [PSYoungGen: 392768K->64K(377856K)] 402495K->9791K(489472K), 0,0010169 secs] [Times: user=0,01 sys=0,00, real=0,00 secs] 
65,740: [GC (Allocation Failure) [PSYoungGen: 377408K->64K(363520K)] 387135K->9791K(475136K), 0,0010204 secs] [Times: user=0,00 sys=0,00, real=0,00 secs] 
65,936: [GC (Allocation Failure) [PSYoungGen: 363072K->64K(349696K)] 372799K->9791K(461312K), 0,0010748 secs] [Times: user=0,00 sys=0,00, real=0,00 secs] 
66,125: [GC (Allocation Failure) [PSYoungGen: 349248K->64K(336384K)] 358975K->9791K(448000K), 0,0010737 secs] [Times: user=0,00 sys=0,00, real=0,00 secs] 
66,306: [GC (Allocation Failure) [PSYoungGen: 335936K->64K(361472K)] 345663K->9791K(473088K), 0,0010976 secs] [Times: user=0,00 sys=0,00, real=0,00 secs] 
66,502: [GC (Allocation Failure) [PSYoungGen: 361024K->64K(388608K)] 370751K->9791K(500224K), 0,0011995 secs] [Times: user=0,00 sys=0,00, real=0,00 secs] 
66,714: [GC (Allocation Failure) [PSYoungGen: 388160K->64K(417792K)] 397887K->9791K(529408K), 0,0010825 secs] [Times: user=0,00 sys=0,00, real=0,00 secs] 
66,941: [GC (Allocation Failure) [PSYoungGen: 417344K->64K(401408K)] 427071K->9791K(513024K), 0,0010819 secs] [Times: user=0,00 sys=0,00, real=0,01 secs] 
67,160: [GC (Allocation Failure) [PSYoungGen: 400960K->64K(386048K)] 410687K->9791K(497664K), 0,0010549 secs] [Times: user=0,00 sys=0,00, real=0,00 secs] 
67,369: [GC (Allocation Failure) [PSYoungGen: 385600K->64K(371200K)] 395327K->9791K(482816K), 0,0010661 secs] [Times: user=0,00 sys=0,00, real=0,00 secs] 
67,569: [GC (Allocation Failure) [PSYoungGen: 370752K->64K(356864K)] 380479K->9791K(468480K), 0,0010542 secs] [Times: user=0,00 sys=0,00, real=0,00 secs] 
67,762: [GC (Allocation Failure) [PSYoungGen: 356416K->64K(343552K)] 366143K->9791K(455168K), 0,0010641 secs] [Times: user=0,00 sys=0,00, real=0,00 secs] 
67,949: [GC (Allocation Failure) [PSYoungGen: 343104K->64K(330752K)] 352831K->9791K(442368K), 0,0010731 secs] [Times: user=0,01 sys=0,00, real=0,00 secs] 
68,127: [GC (Allocation Failure) [PSYoungGen: 330304K->64K(355328K)] 340031K->9791K(466944K), 0,0010673 secs] [Times: user=0,01 sys=0,00, real=0,00 secs] 
68,320: [GC (Allocation Failure) [PSYoungGen: 354880K->64K(381952K)] 364607K->9791K(493568K), 0,0010972 secs] [Times: user=0,00 sys=0,00, real=0,00 secs] 
68,527: [GC (Allocation Failure) [PSYoungGen: 381504K->64K(367104K)] 391231K->9791K(478720K), 0,0010807 secs] [Times: user=0,00 sys=0,00, real=0,00 secs] 
68,726: [GC (Allocation Failure) [PSYoungGen: 366656K->64K(353280K)] 376383K->9791K(464896K), 0,0010702 secs] [Times: user=0,00 sys=0,00, real=0,00 secs] 
68,917: [GC (Allocation Failure) [PSYoungGen: 352832K->64K(339968K)] 362559K->9791K(451584K), 0,0010888 secs] [Times: user=0,00 sys=0,00, real=0,00 secs] 
69,100: [GC (Allocation Failure) [PSYoungGen: 339520K->64K(327168K)] 349247K->9791K(438784K), 0,0010691 secs] [Times: user=0,01 sys=0,00, real=0,00 secs] 
69,277: [GC (Allocation Failure) [PSYoungGen: 326719K->32K(352256K)] 336446K->9759K(463872K), 0,0010734 secs] [Times: user=0,01 sys=0,00, real=0,00 secs] 
69,468: [GC (Allocation Failure) [PSYoungGen: 351776K->64K(379392K)] 361503K->9791K(491008K), 0,0010787 secs] [Times: user=0,00 sys=0,00, real=0,00 secs] 
69,673: [GC (Allocation Failure) [PSYoungGen: 378944K->64K(365056K)] 388671K->9791K(476672K), 0,0010220 secs] [Times: user=0,01 sys=0,00, real=0,00 secs] 
69,870: [GC (Allocation Failure) [PSYoungGen: 364608K->64K(351232K)] 374335K->9791K(462848K), 0,0011139 secs] [Times: user=0,00 sys=0,00, real=0,00 secs] 
70,060: [GC (Allocation Failure) [PSYoungGen: 350784K->64K(337920K)] 360511K->9791K(449536K), 0,0010723 secs] [Times: user=0,01 sys=0,00, real=0,00 secs] 
70,242: [GC (Allocation Failure) [PSYoungGen: 337472K->64K(325120K)] 347199K->9791K(436736K), 0,0010723 secs] [Times: user=0,00 sys=0,00, real=0,00 secs] 
70,419: [GC (Allocation Failure) [PSYoungGen: 324672K->96K(350208K)] 334399K->9823K(461824K), 0,0010879 secs] [Times: user=0,00 sys=0,00, real=0,00 secs] 
70,610: [GC (Allocation Failure) [PSYoungGen: 349792K->64K(376832K)] 359519K->9791K(488448K), 0,0010774 secs] [Times: user=0,00 sys=0,00, real=0,00 secs] 
70,814: [GC (Allocation Failure) [PSYoungGen: 376384K->64K(362496K)] 386111K->9791K(474112K), 0,0010634 secs] [Times: user=0,01 sys=0,00, real=0,00 secs] 
71,010: [GC (Allocation Failure) [PSYoungGen: 362048K->64K(348672K)] 371775K->9791K(460288K), 0,0011202 secs] [Times: user=0,00 sys=0,00, real=0,00 secs] 
71,199: [GC (Allocation Failure) [PSYoungGen: 348224K->64K(335360K)] 357951K->9791K(446976K), 0,0010199 secs] [Times: user=0,00 sys=0,00, real=0,00 secs] 
71,382: [GC (Allocation Failure) [PSYoungGen: 334912K->64K(323072K)] 344639K->9791K(434688K), 0,0010809 secs] [Times: user=0,00 sys=0,00, real=0,00 secs] 
71,557: [GC (Allocation Failure) [PSYoungGen: 322624K->64K(311296K)] 332351K->9791K(422912K), 0,0010558 secs] [Times: user=0,00 sys=0,00, real=0,00 secs] 
71,726: [GC (Allocation Failure) [PSYoungGen: 310848K->96K(336384K)] 320575K->9823K(448000K), 0,0022458 secs] [Times: user=0,01 sys=0,00, real=0,00 secs] 
71,910: [GC (Allocation Failure) [PSYoungGen: 335968K->96K(363008K)] 345695K->9823K(474624K), 0,0010274 secs] [Times: user=0,00 sys=0,00, real=0,00 secs] 
72,106: [GC (Allocation Failure) [PSYoungGen: 362592K->64K(391168K)] 372319K->9791K(502784K), 0,0010815 secs] [Times: user=0,01 sys=0,00, real=0,00 secs] 
72,317: [GC (Allocation Failure) [PSYoungGen: 390720K->64K(375808K)] 400447K->9791K(487424K), 0,0010449 secs] [Times: user=0,00 sys=0,00, real=0,00 secs] 
72,521: [GC (Allocation Failure) [PSYoungGen: 375360K->64K(361472K)] 385087K->9791K(473088K), 0,0010822 secs] [Times: user=0,01 sys=0,00, real=0,01 secs] 
72,716: [GC (Allocation Failure) [PSYoungGen: 361024K->128K(389632K)] 370751K->9855K(501248K), 0,0013091 secs] [Times: user=0,00 sys=0,00, real=0,00 secs] 
72,927: [GC (Allocation Failure) [PSYoungGen: 389248K->64K(374784K)] 398975K->9791K(486400K), 0,0011028 secs] [Times: user=0,01 sys=0,00, real=0,00 secs] 
73,130: [GC (Allocation Failure) [PSYoungGen: 374336K->64K(360448K)] 384063K->9791K(472064K), 0,0010898 secs] [Times: user=0,00 sys=0,01, real=0,00 secs] 
73,325: [GC (Allocation Failure) [PSYoungGen: 360000K->96K(346624K)] 369727K->9839K(458240K), 0,0010587 secs] [Times: user=0,01 sys=0,00, real=0,00 secs] 
73,519: [GC (Allocation Failure) [PSYoungGen: 346208K->64K(333824K)] 355951K->9807K(445440K), 0,0010708 secs] [Times: user=0,00 sys=0,00, real=0,00 secs] 
73,700: [GC (Allocation Failure) [PSYoungGen: 333376K->64K(321536K)] 343119K->9807K(433152K), 0,0010540 secs] [Times: user=0,00 sys=0,00, real=0,00 secs] 
73,873: [GC (Allocation Failure) [PSYoungGen: 321088K->64K(309760K)] 330831K->9807K(421376K), 0,0010784 secs] [Times: user=0,00 sys=0,00, real=0,00 secs] 
74,042: [GC (Allocation Failure) [PSYoungGen: 309312K->32K(298496K)] 319055K->9775K(410112K), 0,0010937 secs] [Times: user=0,00 sys=0,00, real=0,00 secs] 
74,204: [GC (Allocation Failure) [PSYoungGen: 298016K->64K(322048K)] 307759K->9807K(433664K), 0,0010730 secs] [Times: user=0,00 sys=0,00, real=0,00 secs] 
74,378: [GC (Allocation Failure) [PSYoungGen: 321600K->64K(347648K)] 331343K->9807K(459264K), 0,0010591 secs] [Times: user=0,00 sys=0,00, real=0,00 secs] 
74,566: [GC (Allocation Failure) [PSYoungGen: 347200K->64K(334336K)] 356943K->9807K(445952K), 0,0010743 secs] [Times: user=0,00 sys=0,00, real=0,00 secs] 
74,748: [GC (Allocation Failure) [PSYoungGen: 333888K->64K(322048K)] 343631K->9807K(433664K), 0,0010596 secs] [Times: user=0,00 sys=0,00, real=0,00 secs] 
74,922: [GC (Allocation Failure) [PSYoungGen: 321600K->64K(310272K)] 331343K->9807K(421888K), 0,0010813 secs] [Times: user=0,00 sys=0,00, real=0,00 secs] 
75,091: [GC (Allocation Failure) [PSYoungGen: 309824K->64K(334848K)] 319567K->9807K(446464K), 0,0010821 secs] [Times: user=0,00 sys=0,00, real=0,01 secs] 
75,272: [GC (Allocation Failure) [PSYoungGen: 334400K->64K(361472K)] 344143K->9807K(473088K), 0,0010678 secs] [Times: user=0,00 sys=0,00, real=0,00 secs] 
75,468: [GC (Allocation Failure) [PSYoungGen: 361024K->64K(347648K)] 370767K->9807K(459264K), 0,0010638 secs] [Times: user=0,00 sys=0,00, real=0,00 secs] 
75,656: [GC (Allocation Failure) [PSYoungGen: 347200K->64K(334336K)] 356943K->9807K(445952K), 0,0010792 secs] [Times: user=0,00 sys=0,00, real=0,00 secs] 
75,838: [GC (Allocation Failure) [PSYoungGen: 333888K->64K(322048K)] 343631K->9807K(433664K), 0,0011122 secs] [Times: user=0,00 sys=0,00, real=0,00 secs] 
76,012: [GC (Allocation Failure) [PSYoungGen: 321600K->64K(310272K)] 331343K->9807K(421888K), 0,0010706 secs] [Times: user=0,00 sys=0,00, real=0,00 secs] 
76,180: [GC (Allocation Failure) [PSYoungGen: 309824K->64K(299008K)] 319567K->9807K(410624K), 0,0010796 secs] [Times: user=0,00 sys=0,00, real=0,00 secs] 
76,342: [GC (Allocation Failure) [PSYoungGen: 298560K->64K(323072K)] 308303K->9807K(434688K), 0,0010975 secs] [Times: user=0,00 sys=0,00, real=0,00 secs] 
76,518: [GC (Allocation Failure) [PSYoungGen: 322624K->64K(348672K)] 332367K->9807K(460288K), 0,0010545 secs] [Times: user=0,00 sys=0,00, real=0,00 secs] 
76,707: [GC (Allocation Failure) [PSYoungGen: 348224K->64K(335360K)] 357967K->9807K(446976K), 0,0010469 secs] [Times: user=0,00 sys=0,00, real=0,00 secs] 
76,888: [GC (Allocation Failure) [PSYoungGen: 334912K->64K(323072K)] 344655K->9807K(434688K), 0,0010477 secs] [Times: user=0,00 sys=0,00, real=0,00 secs] 
77,063: [GC (Allocation Failure) [PSYoungGen: 322624K->64K(311296K)] 332367K->9807K(422912K), 0,0011089 secs] [Times: user=0,00 sys=0,00, real=0,00 secs] 
77,232: [GC (Allocation Failure) [PSYoungGen: 310848K->64K(336384K)] 320591K->9807K(448000K), 0,0010906 secs] [Times: user=0,00 sys=0,00, real=0,00 secs] 
77,414: [GC (Allocation Failure) [PSYoungGen: 335936K->64K(324096K)] 345679K->9807K(435712K), 0,0010687 secs] [Times: user=0,00 sys=0,00, real=0,00 secs] 
77,589: [GC (Allocation Failure) [PSYoungGen: 323648K->64K(312320K)] 333391K->9815K(423936K), 0,0011238 secs] [Times: user=0,00 sys=0,00, real=0,00 secs] 
77,758: [GC (Allocation Failure) [PSYoungGen: 311872K->64K(337408K)] 321623K->9815K(449024K), 0,0010748 secs] [Times: user=0,00 sys=0,00, real=0,00 secs] 
77,941: [GC (Allocation Failure) [PSYoungGen: 336960K->64K(324608K)] 346711K->9815K(436224K), 0,0010792 secs] [Times: user=0,01 sys=0,00, real=0,01 secs] 
78,117: [GC (Allocation Failure) [PSYoungGen: 324160K->64K(312832K)] 333911K->9815K(424448K), 0,0010703 secs] [Times: user=0,00 sys=0,00, real=0,00 secs] 
78,286: [GC (Allocation Failure) [PSYoungGen: 312384K->64K(301568K)] 322135K->9815K(413184K), 0,0010858 secs] [Times: user=0,00 sys=0,00, real=0,00 secs] 
78,449: [GC (Allocation Failure) [PSYoungGen: 301120K->64K(326144K)] 310871K->9815K(437760K), 0,0010738 secs] [Times: user=0,00 sys=0,00, real=0,00 secs] 
78,626: [GC (Allocation Failure) [PSYoungGen: 325696K->64K(313856K)] 335447K->9815K(425472K), 0,0010649 secs] [Times: user=0,01 sys=0,00, real=0,00 secs] 
78,796: [GC (Allocation Failure) [PSYoungGen: 313408K->64K(302592K)] 323159K->9815K(414208K), 0,0010329 secs] [Times: user=0,00 sys=0,00, real=0,00 secs] 
78,960: [GC (Allocation Failure) [PSYoungGen: 302144K->64K(327168K)] 311895K->9815K(438784K), 0,0010896 secs] [Times: user=0,00 sys=0,00, real=0,00 secs] 
79,137: [GC (Allocation Failure) [PSYoungGen: 326720K->64K(314880K)] 336471K->9815K(426496K), 0,0010352 secs] [Times: user=0,00 sys=0,00, real=0,00 secs] 
79,308: [GC (Allocation Failure) [PSYoungGen: 314432K->64K(303616K)] 324183K->9815K(415232K), 0,0011078 secs] [Times: user=0,01 sys=0,00, real=0,00 secs] 
79,473: [GC (Allocation Failure) [PSYoungGen: 303168K->64K(292864K)] 312919K->9815K(404480K), 0,0010644 secs] [Times: user=0,00 sys=0,00, real=0,00 secs] 
79,632: [GC (Allocation Failure) [PSYoungGen: 292416K->64K(316928K)] 302167K->9815K(428544K), 0,0010761 secs] [Times: user=0,00 sys=0,00, real=0,00 secs] 
79,803: [GC (Allocation Failure) [PSYoungGen: 316480K->64K(342528K)] 326231K->9815K(454144K), 0,0010636 secs] [Times: user=0,01 sys=0,00, real=0,00 secs] 
79,989: [GC (Allocation Failure) [PSYoungGen: 342080K->64K(329728K)] 351831K->9815K(441344K), 0,0010848 secs] [Times: user=0,00 sys=0,00, real=0,00 secs] 
80,167: [GC (Allocation Failure) [PSYoungGen: 329280K->64K(317440K)] 339031K->9815K(429056K), 0,0010219 secs] [Times: user=0,00 sys=0,00, real=0,00 secs] 
80,339: [GC (Allocation Failure) [PSYoungGen: 316992K->64K(305664K)] 326743K->9815K(417280K), 0,0011323 secs] [Times: user=0,00 sys=0,00, real=0,00 secs] 
80,507: [GC (Allocation Failure) [PSYoungGen: 305216K->96K(294400K)] 314967K->9847K(406016K), 0,0010783 secs] [Times: user=0,01 sys=0,00, real=0,00 secs] 
80,666: [GC (Allocation Failure) [PSYoungGen: 293984K->96K(283648K)] 303735K->9847K(395264K), 0,0010373 secs] [Times: user=0,00 sys=0,00, real=0,00 secs] 
80,820: [GC (Allocation Failure) [PSYoungGen: 283232K->96K(307200K)] 292983K->9847K(418816K), 0,0010962 secs] [Times: user=0,00 sys=0,00, real=0,00 secs] 
80,987: [GC (Allocation Failure) [PSYoungGen: 306784K->128K(332800K)] 316535K->9879K(444416K), 0,0010773 secs] [Times: user=0,00 sys=0,00, real=0,00 secs] 
81,167: [GC (Allocation Failure) [PSYoungGen: 332416K->64K(320512K)] 342167K->9815K(432128K), 0,0010243 secs] [Times: user=0,00 sys=0,00, real=0,00 secs] 
81,341: [GC (Allocation Failure) [PSYoungGen: 320064K->96K(308736K)] 329815K->9847K(420352K), 0,0010264 secs] [Times: user=0,00 sys=0,00, real=0,01 secs] 
81,508: [GC (Allocation Failure) [PSYoungGen: 308320K->64K(297472K)] 318071K->9815K(409088K), 0,0010192 secs] [Times: user=0,00 sys=0,00, real=0,00 secs] 
81,669: [GC (Allocation Failure) [PSYoungGen: 297024K->64K(286720K)] 306775K->9815K(398336K), 0,0010143 secs] [Times: user=0,00 sys=0,00, real=0,00 secs] 
81,824: [GC (Allocation Failure) [PSYoungGen: 286272K->96K(276480K)] 296023K->9847K(388096K), 0,0010329 secs] [Times: user=0,01 sys=0,00, real=0,00 secs] 
81,974: [GC (Allocation Failure) [PSYoungGen: 276064K->64K(299520K)] 285815K->9815K(411136K), 0,0010839 secs] [Times: user=0,00 sys=0,00, real=0,00 secs] 
82,137: [GC (Allocation Failure) [PSYoungGen: 299072K->96K(324608K)] 308823K->9847K(436224K), 0,0010999 secs] [Times: user=0,00 sys=0,00, real=0,00 secs] 
82,312: [GC (Allocation Failure) [PSYoungGen: 324192K->64K(351232K)] 333943K->9815K(462848K), 0,0010719 secs] [Times: user=0,00 sys=0,00, real=0,00 secs] 
82,502: [GC (Allocation Failure) [PSYoungGen: 350784K->64K(337920K)] 360535K->9815K(449536K), 0,0010775 secs] [Times: user=0,00 sys=0,00, real=0,00 secs] 
82,684: [GC (Allocation Failure) [PSYoungGen: 337472K->64K(325120K)] 347223K->9815K(436736K), 0,0011141 secs] [Times: user=0,01 sys=0,00, real=0,00 secs] 
82,860: [GC (Allocation Failure) [PSYoungGen: 324672K->96K(313344K)] 334423K->9871K(424960K), 0,0010711 secs] [Times: user=0,00 sys=0,00, real=0,00 secs] 
83,030: [GC (Allocation Failure) [PSYoungGen: 312928K->64K(302080K)] 322703K->9839K(413696K), 0,0010335 secs] [Times: user=0,01 sys=0,00, real=0,00 secs] 
83,194: [GC (Allocation Failure) [PSYoungGen: 301632K->64K(291328K)] 311407K->9839K(402944K), 0,0011660 secs] [Times: user=0,00 sys=0,00, real=0,00 secs] 
83,352: [GC (Allocation Failure) [PSYoungGen: 290880K->64K(281088K)] 300655K->9839K(392704K), 0,0010298 secs] [Times: user=0,00 sys=0,00, real=0,00 secs] 
83,509: [GC (Allocation Failure) [PSYoungGen: 280640K->64K(304640K)] 290415K->9839K(416256K), 0,0011232 secs] [Times: user=0,00 sys=0,00, real=0,00 secs] 
83,674: [GC (Allocation Failure) [PSYoungGen: 304192K->64K(329728K)] 313967K->9839K(441344K), 0,0010609 secs] [Times: user=0,01 sys=0,00, real=0,00 secs] 
83,852: [GC (Allocation Failure) [PSYoungGen: 329280K->64K(317440K)] 339055K->9839K(429056K), 0,0010269 secs] [Times: user=0,01 sys=0,00, real=0,00 secs] 
84,024: [GC (Allocation Failure) [PSYoungGen: 316992K->64K(305664K)] 326767K->9839K(417280K), 0,0011029 secs] [Times: user=0,00 sys=0,00, real=0,00 secs] 
84,190: [GC (Allocation Failure) [PSYoungGen: 305216K->64K(294400K)] 314991K->9839K(406016K), 0,0010368 secs] [Times: user=0,01 sys=0,00, real=0,00 secs] 
84,350: [GC (Allocation Failure) [PSYoungGen: 293952K->64K(283648K)] 303727K->9839K(395264K), 0,0010184 secs] [Times: user=0,00 sys=0,00, real=0,00 secs] 
84,504: [GC (Allocation Failure) [PSYoungGen: 283200K->64K(273408K)] 292975K->9839K(385024K), 0,0010805 secs] [Times: user=0,00 sys=0,00, real=0,00 secs] 
84,652: [GC (Allocation Failure) [PSYoungGen: 272960K->64K(296448K)] 282735K->9839K(408064K), 0,0010983 secs] [Times: user=0,00 sys=0,00, real=0,00 secs] 
84,812: [GC (Allocation Failure) [PSYoungGen: 296000K->64K(321536K)] 305775K->9839K(433152K), 0,0011660 secs] [Times: user=0,01 sys=0,00, real=0,00 secs] 
84,987: [GC (Allocation Failure) [PSYoungGen: 321088K->64K(348672K)] 330863K->9839K(460288K), 0,0010710 secs] [Times: user=0,00 sys=0,00, real=0,00 secs] 
85,175: [GC (Allocation Failure) [PSYoungGen: 348224K->64K(335360K)] 357999K->9839K(446976K), 0,0010858 secs] [Times: user=0,00 sys=0,00, real=0,00 secs] 
85,357: [GC (Allocation Failure) [PSYoungGen: 334912K->64K(323072K)] 344687K->9839K(434688K), 0,0010610 secs] [Times: user=0,01 sys=0,00, real=0,00 secs] 
85,532: [GC (Allocation Failure) [PSYoungGen: 322624K->64K(311296K)] 332399K->9839K(422912K), 0,0010712 secs] [Times: user=0,00 sys=0,00, real=0,00 secs] 
85,701: [GC (Allocation Failure) [PSYoungGen: 310848K->64K(300032K)] 320623K->9839K(411648K), 0,0010381 secs] [Times: user=0,00 sys=0,00, real=0,01 secs] 
85,864: [GC (Allocation Failure) [PSYoungGen: 299584K->64K(289280K)] 309359K->9839K(400896K), 0,0010630 secs] [Times: user=0,01 sys=0,00, real=0,00 secs] 
86,020: [GC (Allocation Failure) [PSYoungGen: 288832K->64K(279040K)] 298607K->9839K(390656K), 0,0010511 secs] [Times: user=0,01 sys=0,00, real=0,00 secs] 
86,171: [GC (Allocation Failure) [PSYoungGen: 278592K->64K(269312K)] 288367K->9839K(380928K), 0,0010716 secs] [Times: user=0,00 sys=0,00, real=0,01 secs] 
86,318: [GC (Allocation Failure) [PSYoungGen: 268864K->64K(292352K)] 278639K->9839K(403968K), 0,0011438 secs] [Times: user=0,01 sys=0,00, real=0,00 secs] 
86,477: [GC (Allocation Failure) [PSYoungGen: 291904K->64K(316928K)] 301679K->9839K(428544K), 0,0010718 secs] [Times: user=0,01 sys=0,00, real=0,00 secs] 
86,649: [GC (Allocation Failure) [PSYoungGen: 316480K->64K(343552K)] 326255K->9839K(455168K), 0,0010801 secs] [Times: user=0,00 sys=0,00, real=0,00 secs] 
86,835: [GC (Allocation Failure) [PSYoungGen: 343104K->64K(330752K)] 352879K->9839K(442368K), 0,0010755 secs] [Times: user=0,00 sys=0,00, real=0,00 secs] 
87,014: [GC (Allocation Failure) [PSYoungGen: 330304K->64K(318464K)] 340079K->9839K(430080K), 0,0010531 secs] [Times: user=0,00 sys=0,00, real=0,00 secs] 
87,186: [GC (Allocation Failure) [PSYoungGen: 318016K->64K(306688K)] 327791K->9839K(418304K), 0,0011672 secs] [Times: user=0,00 sys=0,00, real=0,00 secs] 
87,352: [GC (Allocation Failure) [PSYoungGen: 306240K->64K(295424K)] 316015K->9839K(407040K), 0,0010117 secs] [Times: user=0,00 sys=0,00, real=0,00 secs] 
87,512: [GC (Allocation Failure) [PSYoungGen: 294976K->64K(284672K)] 304751K->9839K(396288K), 0,0010666 secs] [Times: user=0,00 sys=0,00, real=0,00 secs] 
87,666: [GC (Allocation Failure) [PSYoungGen: 284224K->64K(274432K)] 293999K->9839K(386048K), 0,0010571 secs] [Times: user=0,00 sys=0,00, real=0,00 secs] 
87,815: [GC (Allocation Failure) [PSYoungGen: 273984K->64K(297472K)] 283759K->9839K(409088K), 0,0010721 secs] [Times: user=0,00 sys=0,00, real=0,00 secs] 
87,976: [GC (Allocation Failure) [PSYoungGen: 297024K->64K(286720K)] 306799K->9839K(398336K), 0,0010568 secs] [Times: user=0,00 sys=0,00, real=0,00 secs] 
88,132: [GC (Allocation Failure) [PSYoungGen: 286272K->64K(310784K)] 296047K->9839K(422400K), 0,0010658 secs] [Times: user=0,00 sys=0,00, real=0,00 secs] 
88,300: [GC (Allocation Failure) [PSYoungGen: 310336K->64K(299520K)] 320111K->9839K(411136K), 0,0010580 secs] [Times: user=0,00 sys=0,00, real=0,00 secs] 
88,463: [GC (Allocation Failure) [PSYoungGen: 299072K->64K(288768K)] 308847K->9839K(400384K), 0,0010496 secs] [Times: user=0,00 sys=0,00, real=0,00 secs] 
88,619: [GC (Allocation Failure) [PSYoungGen: 288320K->64K(278528K)] 298095K->9839K(390144K), 0,0010774 secs] [Times: user=0,00 sys=0,00, real=0,00 secs] 
88,770: [GC (Allocation Failure) [PSYoungGen: 278080K->64K(302080K)] 287855K->9839K(413696K), 0,0010696 secs] [Times: user=0,00 sys=0,00, real=0,00 secs] 
88,934: [GC (Allocation Failure) [PSYoungGen: 301632K->64K(291328K)] 311407K->9839K(402944K), 0,0010747 secs] [Times: user=0,00 sys=0,00, real=0,00 secs] 
89,092: [GC (Allocation Failure) [PSYoungGen: 290880K->64K(281088K)] 300655K->9839K(392704K), 0,0010652 secs] [Times: user=0,00 sys=0,00, real=0,00 secs] 
89,244: [GC (Allocation Failure) [PSYoungGen: 280640K->64K(305152K)] 290415K->9839K(416768K), 0,0010772 secs] [Times: user=0,00 sys=0,00, real=0,00 secs] 
89,409: [GC (Allocation Failure) [PSYoungGen: 304704K->64K(293888K)] 314479K->9839K(405504K), 0,0010994 secs] [Times: user=0,00 sys=0,00, real=0,00 secs] 
89,568: [GC (Allocation Failure) [PSYoungGen: 293440K->64K(283136K)] 303215K->9839K(394752K), 0,0010623 secs] [Times: user=0,00 sys=0,00, real=0,00 secs] 
89,721: [GC (Allocation Failure) [PSYoungGen: 282688K->64K(272896K)] 292463K->9839K(384512K), 0,0010518 secs] [Times: user=0,00 sys=0,00, real=0,01 secs] 
89,869: [GC (Allocation Failure) [PSYoungGen: 272448K->64K(295936K)] 282223K->9839K(407552K), 0,0010385 secs] [Times: user=0,00 sys=0,00, real=0,00 secs] 
90,029: [GC (Allocation Failure) [PSYoungGen: 295488K->64K(321024K)] 305263K->9839K(432640K), 0,0010764 secs] [Times: user=0,01 sys=0,00, real=0,00 secs] 
90,202: [GC (Allocation Failure) [PSYoungGen: 320576K->64K(309248K)] 330351K->9839K(420864K), 0,0010663 secs] [Times: user=0,00 sys=0,00, real=0,00 secs] 
90,371: [GC (Allocation Failure) [PSYoungGen: 308800K->96K(297984K)] 318575K->9871K(409600K), 0,0010363 secs] [Times: user=0,01 sys=0,00, real=0,01 secs] 
90,534: [GC (Allocation Failure) [PSYoungGen: 297568K->64K(287232K)] 307343K->9839K(398848K), 0,0010807 secs] [Times: user=0,00 sys=0,00, real=0,00 secs] 
90,689: [GC (Allocation Failure) [PSYoungGen: 286784K->64K(276992K)] 296559K->9839K(388608K), 0,0010532 secs] [Times: user=0,01 sys=0,00, real=0,00 secs] 
90,839: [GC (Allocation Failure) [PSYoungGen: 276544K->64K(267264K)] 286319K->9839K(378880K), 0,0010697 secs] [Times: user=0,00 sys=0,00, real=0,00 secs] 
90,985: [GC (Allocation Failure) [PSYoungGen: 266816K->96K(290304K)] 276591K->9871K(401920K), 0,0011029 secs] [Times: user=0,01 sys=0,01, real=0,00 secs] 
91,142: [GC (Allocation Failure) [PSYoungGen: 289888K->64K(315392K)] 299663K->9839K(427008K), 0,0010852 secs] [Times: user=0,01 sys=0,00, real=0,00 secs] 
91,313: [GC (Allocation Failure) [PSYoungGen: 314944K->64K(303616K)] 324719K->9839K(415232K), 0,0010674 secs] [Times: user=0,01 sys=0,00, real=0,00 secs] 
91,478: [GC (Allocation Failure) [PSYoungGen: 303168K->64K(292864K)] 312943K->9839K(404480K), 0,0010719 secs] [Times: user=0,00 sys=0,00, real=0,00 secs] 
91,636: [GC (Allocation Failure) [PSYoungGen: 292416K->64K(282624K)] 302191K->9839K(394240K), 0,0011344 secs] [Times: user=0,00 sys=0,00, real=0,00 secs] 
91,789: [GC (Allocation Failure) [PSYoungGen: 282176K->96K(272384K)] 291951K->9871K(384000K), 0,0010735 secs] [Times: user=0,00 sys=0,00, real=0,00 secs] 
91,937: [GC (Allocation Failure) [PSYoungGen: 271968K->64K(295936K)] 281743K->9839K(407552K), 0,0010727 secs] [Times: user=0,00 sys=0,00, real=0,00 secs] 
92,097: [GC (Allocation Failure) [PSYoungGen: 295488K->64K(321536K)] 305263K->9839K(433152K), 0,0011082 secs] [Times: user=0,00 sys=0,00, real=0,00 secs] 
92,271: [GC (Allocation Failure) [PSYoungGen: 321088K->64K(309760K)] 330863K->9839K(421376K), 0,0010831 secs] [Times: user=0,01 sys=0,00, real=0,01 secs] 
92,439: [GC (Allocation Failure) [PSYoungGen: 309312K->64K(298496K)] 319087K->9839K(410112K), 0,0010634 secs] [Times: user=0,01 sys=0,00, real=0,00 secs] 
92,600: [GC (Allocation Failure) [PSYoungGen: 298048K->64K(287744K)] 307823K->9839K(399360K), 0,0010683 secs] [Times: user=0,00 sys=0,00, real=0,00 secs] 
92,756: [GC (Allocation Failure) [PSYoungGen: 287296K->96K(277504K)] 297071K->9887K(389120K), 0,0010308 secs] [Times: user=0,01 sys=0,00, real=0,00 secs] 
92,906: [GC (Allocation Failure) [PSYoungGen: 277088K->64K(267776K)] 286879K->9855K(379392K), 0,0010818 secs] [Times: user=0,01 sys=0,00, real=0,00 secs] 
93,051: [GC (Allocation Failure) [PSYoungGen: 267328K->64K(258560K)] 277119K->9855K(370176K), 0,0010564 secs] [Times: user=0,00 sys=0,00, real=0,00 secs] 
93,191: [GC (Allocation Failure) [PSYoungGen: 258112K->64K(281088K)] 267903K->9855K(392704K), 0,0010778 secs] [Times: user=0,01 sys=0,00, real=0,01 secs] 
93,344: [GC (Allocation Failure) [PSYoungGen: 280640K->64K(305664K)] 290431K->9855K(417280K), 0,0010534 secs] [Times: user=0,00 sys=0,00, real=0,00 secs] 
93,512: [GC (Allocation Failure) [PSYoungGen: 305216K->64K(294400K)] 315007K->9855K(406016K), 0,0010346 secs] [Times: user=0,00 sys=0,00, real=0,00 secs] 
93,672: [GC (Allocation Failure) [PSYoungGen: 293952K->64K(283648K)] 303743K->9855K(395264K), 0,0010576 secs] [Times: user=0,00 sys=0,00, real=0,00 secs] 
93,825: [GC (Allocation Failure) [PSYoungGen: 283200K->64K(273408K)] 292991K->9855K(385024K), 0,0010760 secs] [Times: user=0,01 sys=0,00, real=0,00 secs] 
93,974: [GC (Allocation Failure) [PSYoungGen: 272960K->64K(263680K)] 282751K->9855K(375296K), 0,0010587 secs] [Times: user=0,01 sys=0,00, real=0,00 secs] 
94,117: [GC (Allocation Failure) [PSYoungGen: 263232K->64K(286720K)] 273023K->9855K(398336K), 0,0010763 secs] [Times: user=0,00 sys=0,00, real=0,00 secs] 
94,273: [GC (Allocation Failure) [PSYoungGen: 286272K->64K(311296K)] 296063K->9855K(422912K), 0,0010722 secs] [Times: user=0,00 sys=0,00, real=0,00 secs] 
94,442: [GC (Allocation Failure) [PSYoungGen: 310848K->64K(300032K)] 320639K->9855K(411648K), 0,0010628 secs] [Times: user=0,00 sys=0,00, real=0,00 secs] 
94,604: [GC (Allocation Failure) [PSYoungGen: 299584K->64K(289280K)] 309375K->9855K(400896K), 0,0010751 secs] [Times: user=0,00 sys=0,00, real=0,00 secs] 
94,761: [GC (Allocation Failure) [PSYoungGen: 288832K->64K(279040K)] 298623K->9855K(390656K), 0,0010690 secs] [Times: user=0,00 sys=0,00, real=0,01 secs] 
94,913: [GC (Allocation Failure) [PSYoungGen: 278592K->64K(269312K)] 288383K->9855K(380928K), 0,0010724 secs] [Times: user=0,01 sys=0,00, real=0,00 secs] 
95,059: [GC (Allocation Failure) [PSYoungGen: 268864K->64K(260096K)] 278655K->9855K(371712K), 0,0010547 secs] [Times: user=0,00 sys=0,00, real=0,00 secs] 
95,200: [GC (Allocation Failure) [PSYoungGen: 259648K->96K(283136K)] 269439K->9887K(394752K), 0,0011424 secs] [Times: user=0,01 sys=0,00, real=0,00 secs] 
95,354: [GC (Allocation Failure) [PSYoungGen: 282720K->64K(308224K)] 292511K->9855K(419840K), 0,0011159 secs] [Times: user=0,00 sys=0,00, real=0,00 secs] 
95,521: [GC (Allocation Failure) [PSYoungGen: 307776K->64K(296960K)] 317567K->9855K(408576K), 0,0010797 secs] [Times: user=0,00 sys=0,00, real=0,01 secs] 
95,682: [GC (Allocation Failure) [PSYoungGen: 296512K->64K(286208K)] 306303K->9855K(397824K), 0,0010742 secs] [Times: user=0,00 sys=0,00, real=0,00 secs] 
95,837: [GC (Allocation Failure) [PSYoungGen: 285760K->64K(275968K)] 295551K->9855K(387584K), 0,0010794 secs] [Times: user=0,00 sys=0,00, real=0,00 secs] 
95,987: [GC (Allocation Failure) [PSYoungGen: 275520K->64K(266240K)] 285311K->9855K(377856K), 0,0010752 secs] [Times: user=0,00 sys=0,00, real=0,00 secs] 
96,131: [GC (Allocation Failure) [PSYoungGen: 265792K->64K(289280K)] 275583K->9855K(400896K), 0,0010754 secs] [Times: user=0,00 sys=0,00, real=0,00 secs] 
96,288: [GC (Allocation Failure) [PSYoungGen: 288832K->64K(279040K)] 298623K->9855K(390656K), 0,0010676 secs] [Times: user=0,01 sys=0,00, real=0,00 secs] 
96,439: [GC (Allocation Failure) [PSYoungGen: 278592K->64K(303616K)] 288383K->9855K(415232K), 0,0012153 secs] [Times: user=0,00 sys=0,00, real=0,00 secs] 
96,604: [GC (Allocation Failure) [PSYoungGen: 303168K->64K(330240K)] 312959K->9855K(441856K), 0,0010761 secs] [Times: user=0,01 sys=0,00, real=0,00 secs] 
96,783: [GC (Allocation Failure) [PSYoungGen: 329792K->64K(317952K)] 339583K->9855K(429568K), 0,0010726 secs] [Times: user=0,01 sys=0,00, real=0,00 secs] 
96,955: [GC (Allocation Failure) [PSYoungGen: 317504K->64K(306176K)] 327295K->9855K(417792K), 0,0010583 secs] [Times: user=0,00 sys=0,00, real=0,00 secs] 
97,120: [GC (Allocation Failure) [PSYoungGen: 305728K->64K(294912K)] 315519K->9855K(406528K), 0,0010838 secs] [Times: user=0,01 sys=0,00, real=0,00 secs] 
97,279: [GC (Allocation Failure) [PSYoungGen: 294464K->64K(284160K)] 304255K->9855K(395776K), 0,0010332 secs] [Times: user=0,00 sys=0,00, real=0,00 secs] 
97,434: [GC (Allocation Failure) [PSYoungGen: 283712K->64K(273920K)] 293503K->9855K(385536K), 0,0010848 secs] [Times: user=0,00 sys=0,00, real=0,00 secs] 
97,582: [GC (Allocation Failure) [PSYoungGen: 273472K->64K(264192K)] 283263K->9855K(375808K), 0,0010710 secs] [Times: user=0,00 sys=0,00, real=0,00 secs] 
97,725: [GC (Allocation Failure) [PSYoungGen: 263744K->64K(254976K)] 273535K->9855K(366592K), 0,0010763 secs] [Times: user=0,00 sys=0,00, real=0,00 secs] 
97,863: [GC (Allocation Failure) [PSYoungGen: 254528K->64K(277504K)] 264319K->9855K(389120K), 0,0010645 secs] [Times: user=0,00 sys=0,00, real=0,00 secs] 
98,014: [GC (Allocation Failure) [PSYoungGen: 277055K->64K(302080K)] 286847K->9855K(413696K), 0,0011402 secs] [Times: user=0,00 sys=0,00, real=0,00 secs] 
98,177: [GC (Allocation Failure) [PSYoungGen: 301632K->64K(291328K)] 311423K->9855K(402944K), 0,0010601 secs] [Times: user=0,01 sys=0,00, real=0,00 secs] 
98,336: [GC (Allocation Failure) [PSYoungGen: 290880K->64K(281088K)] 300671K->9855K(392704K), 0,0010811 secs] [Times: user=0,01 sys=0,00, real=0,00 secs] 
98,488: [GC (Allocation Failure) [PSYoungGen: 280640K->64K(271360K)] 290431K->9855K(382976K), 0,0010675 secs] [Times: user=0,00 sys=0,00, real=0,00 secs] 
98,635: [GC (Allocation Failure) [PSYoungGen: 270912K->64K(261632K)] 280703K->9855K(373248K), 0,0010610 secs] [Times: user=0,00 sys=0,00, real=0,00 secs] 
98,777: [GC (Allocation Failure) [PSYoungGen: 261184K->64K(284672K)] 270975K->9855K(396288K), 0,0010906 secs] [Times: user=0,00 sys=0,00, real=0,00 secs] 
98,930: [GC (Allocation Failure) [PSYoungGen: 284224K->64K(309248K)] 294015K->9855K(420864K), 0,0010796 secs] [Times: user=0,00 sys=0,00, real=0,01 secs] 
99,098: [GC (Allocation Failure) [PSYoungGen: 308800K->64K(297984K)] 318591K->9855K(409600K), 0,0010735 secs] [Times: user=0,01 sys=0,00, real=0,00 secs] 
99,258: [GC (Allocation Failure) [PSYoungGen: 297536K->64K(287232K)] 307327K->9855K(398848K), 0,0010698 secs] [Times: user=0,00 sys=0,00, real=0,00 secs] 
99,414: [GC (Allocation Failure) [PSYoungGen: 286784K->64K(276992K)] 296575K->9855K(388608K), 0,0010877 secs] [Times: user=0,01 sys=0,00, real=0,00 secs] 
99,564: [GC (Allocation Failure) [PSYoungGen: 276544K->64K(267264K)] 286335K->9855K(378880K), 0,0010793 secs] [Times: user=0,00 sys=0,00, real=0,00 secs] 
99,709: [GC (Allocation Failure) [PSYoungGen: 266816K->64K(258048K)] 276607K->9855K(369664K), 0,0010804 secs] [Times: user=0,01 sys=0,00, real=0,00 secs] 
99,848: [GC (Allocation Failure) [PSYoungGen: 257600K->64K(280576K)] 267391K->9855K(392192K), 0,0010629 secs] [Times: user=0,01 sys=0,00, real=0,00 secs] 
100,000: [GC (Allocation Failure) [PSYoungGen: 280128K->64K(270848K)] 289919K->9855K(382464K), 0,0010170 secs] [Times: user=0,00 sys=0,00, real=0,01 secs] 
100,147: [GC (Allocation Failure) [PSYoungGen: 270400K->64K(261632K)] 280191K->9855K(373248K), 0,0010752 secs] [Times: user=0,00 sys=0,00, real=0,00 secs] 
Heap
 PSYoungGen      total 261632K, used 245834K [0x000000076ab00000, 0x00000007c0000000, 0x00000007c0000000)
  eden space 261120K, 94% used [0x000000076ab00000,0x0000000779b02888,0x000000077aa00000)
  from space 512K, 12% used [0x00000007bff00000,0x00000007bff10000,0x00000007bff80000)
  to   space 512K, 0% used [0x00000007bff80000,0x00000007bff80000,0x00000007c0000000)
 ParOldGen       total 111616K, used 9791K [0x00000006c0000000, 0x00000006c6d00000, 0x000000076ab00000)
  object space 111616K, 8% used [0x00000006c0000000,0x00000006c098fc08,0x00000006c6d00000)
 Metaspace       used 24449K, capacity 33200K, committed 33456K, reserved 1075200K
  class space    used 5446K, capacity 8332K, committed 8368K, reserved 1048576K
