OpenJDK 64-Bit Server VM (25.202-b05) for bsd-amd64 JRE (Zulu 8.36.0.1-CA-macosx) (1.8.0_202-b05), built on Jan 29 2019 06:07:09 by "zulu_re" with gcc 4.2.1 (Based on Apple Inc. build 5658) (LLVM build 2336.11.00)
Memory: 4k page, physical 16777216k(3750464k free)

/proc/meminfo:

CommandLine flags: -XX:InitialHeapSize=268435456 -XX:MaxHeapSize=4294967296 -XX:+PrintGC -XX:+PrintGCDetails -XX:+PrintGCTimeStamps -XX:+UseCompressedClassPointers -XX:+UseCompressedOops -XX:+UseParallelGC 
Heap
 PSYoungGen      total 76288K, used 35657K [0x000000076ab00000, 0x0000000770000000, 0x00000007c0000000)
  eden space 65536K, 54% used [0x000000076ab00000,0x000000076cdd2468,0x000000076eb00000)
  from space 10752K, 0% used [0x000000076f580000,0x000000076f580000,0x0000000770000000)
  to   space 10752K, 0% used [0x000000076eb00000,0x000000076eb00000,0x000000076f580000)
 ParOldGen       total 175104K, used 0K [0x00000006c0000000, 0x00000006cab00000, 0x000000076ab00000)
  object space 175104K, 0% used [0x00000006c0000000,0x00000006c0000000,0x00000006cab00000)
 Metaspace       used 7652K, capacity 8005K, committed 8192K, reserved 1056768K
  class space    used 852K, capacity 948K, committed 1024K, reserved 1048576K
774: [GC (Allocation Failure) [PSYoungGen: 132688K->1632K(141824K)] 132720K->1672K(316928K), 0,0016697 secs] [Times: user=0,00 sys=0,00, real=0,00 secs] 
0,838: [GC (Allocation Failure) [PSYoungGen: 132704K->1600K(266752K)] 132744K->1640K(441856K), 0,0015257 secs] [Times: user=0,01 sys=0,00, real=0,00 secs] 
1,013: [GC (Allocation Failure) [PSYoungGen: 263744K->32K(266752K)] 263784K->1616K(441856K), 0,0017922 secs] [Times: user=0,00 sys=0,00, real=0,01 secs] 
1,139: [GC (Allocation Failure) [PSYoungGen: 262176K->64K(528896K)] 263760K->1648K(704000K), 0,0005343 secs] [Times: user=0,01 sys=0,00, real=0,00 secs] 
1,483: [GC (Allocation Failure) [PSYoungGen: 524352K->96K(528896K)] 525936K->1680K(704000K), 0,0007729 secs] [Times: user=0,00 sys=0,00, real=0,01 secs] 
1,731: [GC (Allocation Failure) [PSYoungGen: 524384K->96K(843776K)] 525968K->1680K(1018880K), 0,0005359 secs] [Times: user=0,00 sys=0,00, real=0,00 secs] 
2,242: [GC (Allocation Failure) [PSYoungGen: 839264K->96K(800768K)] 840848K->1688K(975872K), 0,0005513 secs] [Times: user=0,01 sys=0,00, real=0,00 secs] 
2,618: [GC (Allocation Failure) [PSYoungGen: 800352K->96K(763904K)] 801944K->1688K(939008K), 0,0005356 secs] [Times: user=0,00 sys=0,00, real=0,00 secs] 
2,971: [GC (Allocation Failure) [PSYoungGen: 763488K->64K(732672K)] 765080K->1664K(907776K), 0,0005112 secs] [Times: user=0,00 sys=0,00, real=0,00 secs] 
3,308: [GC (Allocation Failure) [PSYoungGen: 728640K->64K(695808K)] 730240K->1664K(870912K), 0,0005873 secs] [Times: user=0,00 sys=0,00, real=0,00 secs] 
3,630: [GC (Allocation Failure) [PSYoungGen: 695360K->96K(667648K)] 696960K->1696K(842752K), 0,0005012 secs] [Times: user=0,00 sys=0,00, real=0,00 secs] 
3,937: [GC (Allocation Failure) [PSYoungGen: 663648K->64K(634368K)] 665248K->1664K(809472K), 0,0006032 secs] [Times: user=0,00 sys=0,00, real=0,00 secs] 
4,231: [GC (Allocation Failure) [PSYoungGen: 633920K->96K(608768K)] 635520K->1696K(783872K), 0,0005069 secs] [Times: user=0,00 sys=0,00, real=0,00 secs] 
4,511: [GC (Allocation Failure) [PSYoungGen: 605280K->96K(578560K)] 606880K->1696K(753664K), 0,0006006 secs] [Times: user=0,00 sys=0,00, real=0,00 secs] 
4,778: [GC (Allocation Failure) [PSYoungGen: 578144K->96K(556032K)] 579744K->1704K(731136K), 0,0005130 secs] [Times: user=0,00 sys=0,00, real=0,00 secs] 
5,033: [GC (Allocation Failure) [PSYoungGen: 552544K->64K(528384K)] 554152K->1672K(703488K), 0,0005742 secs] [Times: user=0,00 sys=0,00, real=0,01 secs] 
5,277: [GC (Allocation Failure) [PSYoungGen: 527936K->96K(507904K)] 529544K->1704K(683008K), 0,0005345 secs] [Times: user=0,00 sys=0,00, real=0,00 secs] 
5,514: [GC (Allocation Failure) [PSYoungGen: 504928K->96K(483328K)] 506536K->1704K(658432K), 0,0025669 secs] [Times: user=0,00 sys=0,00, real=0,00 secs] 
5,741: [GC (Allocation Failure) [PSYoungGen: 482912K->64K(464384K)] 484520K->1672K(639488K), 0,0004994 secs] [Times: user=0,00 sys=0,00, real=0,00 secs] 
5,957: [GC (Allocation Failure) [PSYoungGen: 461888K->96K(442368K)] 463496K->1704K(617472K), 0,0005807 secs] [Times: user=0,00 sys=0,00, real=0,00 secs] 
6,162: [GC (Allocation Failure) [PSYoungGen: 441952K->96K(425472K)] 443560K->1704K(600576K), 0,0004939 secs] [Times: user=0,01 sys=0,00, real=0,00 secs] 
6,358: [GC (Allocation Failure) [PSYoungGen: 423008K->96K(405504K)] 424616K->1712K(580608K), 0,0005602 secs] [Times: user=0,00 sys=0,00, real=0,00 secs] 
6,546: [GC (Allocation Failure) [PSYoungGen: 405088K->96K(389632K)] 406704K->1712K(564736K), 0,0005256 secs] [Times: user=0,00 sys=0,00, real=0,00 secs] 
6,725: [GC (Allocation Failure) [PSYoungGen: 387680K->96K(371712K)] 389296K->1712K(546816K), 0,0005496 secs] [Times: user=0,00 sys=0,00, real=0,00 secs] 
6,897: [GC (Allocation Failure) [PSYoungGen: 371296K->64K(357888K)] 372912K->1680K(532992K), 0,0005472 secs] [Times: user=0,00 sys=0,00, real=0,00 secs] 
7,062: [GC (Allocation Failure) [PSYoungGen: 355904K->96K(341504K)] 357520K->1712K(516608K), 0,0005580 secs] [Times: user=0,00 sys=0,00, real=0,00 secs] 
7,220: [GC (Allocation Failure) [PSYoungGen: 341088K->64K(328704K)] 342704K->1680K(503808K), 0,0005488 secs] [Times: user=0,00 sys=0,00, real=0,00 secs] 
7,372: [GC (Allocation Failure) [PSYoungGen: 327232K->96K(314368K)] 328848K->1712K(489472K), 0,0005662 secs] [Times: user=0,00 sys=0,00, real=0,00 secs] 
7,517: [GC (Allocation Failure) [PSYoungGen: 313952K->64K(302592K)] 315568K->1680K(477696K), 0,0004932 secs] [Times: user=0,00 sys=0,00, real=0,00 secs] 
7,657: [GC (Allocation Failure) [PSYoungGen: 301120K->64K(289280K)] 302736K->1680K(464384K), 0,0005396 secs] [Times: user=0,00 sys=0,00, real=0,00 secs] 
7,791: [GC (Allocation Failure) [PSYoungGen: 288832K->96K(279040K)] 290448K->1712K(454144K), 0,0004995 secs] [Times: user=0,00 sys=0,00, real=0,00 secs] 
7,919: [GC (Allocation Failure) [PSYoungGen: 277600K->96K(267264K)] 279216K->1712K(442368K), 0,0005592 secs] [Times: user=0,00 sys=0,00, real=0,00 secs] 
8,043: [GC (Allocation Failure) [PSYoungGen: 266848K->96K(257536K)] 268464K->1712K(432640K), 0,0005302 secs] [Times: user=0,00 sys=0,00, real=0,00 secs] 
8,161: [GC (Allocation Failure) [PSYoungGen: 256608K->64K(247296K)] 258224K->1680K(422400K), 0,0005367 secs] [Times: user=0,00 sys=0,00, real=0,00 secs] 
8,276: [GC (Allocation Failure) [PSYoungGen: 246848K->64K(238080K)] 248464K->1680K(413184K), 0,0005888 secs] [Times: user=0,00 sys=0,01, real=0,00 secs] 
8,386: [GC (Allocation Failure) [PSYoungGen: 237120K->64K(228352K)] 238736K->1680K(403456K), 0,0005202 secs] [Times: user=0,00 sys=0,00, real=0,00 secs] 
8,492: [GC (Allocation Failure) [PSYoungGen: 227904K->96K(220160K)] 229520K->1712K(395264K), 0,0004881 secs] [Times: user=0,00 sys=0,00, real=0,00 secs] 
8,593: [GC (Allocation Failure) [PSYoungGen: 219232K->96K(211456K)] 220848K->1712K(386560K), 0,0005169 secs] [Times: user=0,00 sys=0,00, real=0,01 secs] 
8,692: [GC (Allocation Failure) [PSYoungGen: 211040K->96K(204288K)] 212656K->1712K(379392K), 0,0005155 secs] [Times: user=0,00 sys=0,00, real=0,00 secs] 
8,786: [GC (Allocation Failure) [PSYoungGen: 203360K->96K(196096K)] 204976K->1712K(371200K), 0,0005286 secs] [Times: user=0,01 sys=0,00, real=0,00 secs] 
8,877: [GC (Allocation Failure) [PSYoungGen: 195680K->64K(189440K)] 197296K->1680K(364544K), 0,0005337 secs] [Times: user=0,00 sys=0,00, real=0,00 secs] 
8,965: [GC (Allocation Failure) [PSYoungGen: 188479K->64K(182272K)] 190096K->1680K(357376K), 0,0004849 secs] [Times: user=0,01 sys=0,00, real=0,00 secs] 
9,049: [GC (Allocation Failure) [PSYoungGen: 181824K->64K(175616K)] 183440K->1680K(350720K), 0,0004851 secs] [Times: user=0,00 sys=0,00, real=0,00 secs] 
9,131: [GC (Allocation Failure) [PSYoungGen: 175168K->32K(169472K)] 176784K->1648K(344576K), 0,0005522 secs] [Times: user=0,00 sys=0,00, real=0,00 secs] 
9,209: [GC (Allocation Failure) [PSYoungGen: 168992K->96K(163840K)] 170608K->1712K(338944K), 0,0004851 secs] [Times: user=0,00 sys=0,00, real=0,00 secs] 
9,285: [GC (Allocation Failure) [PSYoungGen: 163424K->64K(158208K)] 165040K->1680K(333312K), 0,0005698 secs] [Times: user=0,00 sys=0,00, real=0,00 secs] 
9,359: [GC (Allocation Failure) [PSYoungGen: 157760K->64K(153088K)] 159376K->1680K(328192K), 0,0004865 secs] [Times: user=0,00 sys=0,00, real=0,00 secs] 
9,430: [GC (Allocation Failure) [PSYoungGen: 152640K->96K(147968K)] 154256K->1712K(323072K), 0,0004911 secs] [Times: user=0,00 sys=0,00, real=0,00 secs] 
9,498: [GC (Allocation Failure) [PSYoungGen: 147552K->96K(143360K)] 149168K->1720K(318464K), 0,0004849 secs] [Times: user=0,00 sys=0,00, real=0,00 secs] 
9,565: [GC (Allocation Failure) [PSYoungGen: 142944K->96K(138752K)] 144568K->1720K(313856K), 0,0004811 secs] [Times: user=0,00 sys=0,00, real=0,00 secs] 
9,629: [GC (Allocation Failure) [PSYoungGen: 138336K->64K(134144K)] 139960K->1688K(309248K), 0,0004876 secs] [Times: user=0,00 sys=0,00, real=0,00 secs] 
9,692: [GC (Allocation Failure) [PSYoungGen: 133696K->96K(130048K)] 135320K->1720K(305152K), 0,0004729 secs] [Times: user=0,00 sys=0,00, real=0,00 secs] 
9,752: [GC (Allocation Failure) [PSYoungGen: 129632K->96K(125952K)] 131256K->1720K(301056K), 0,0004846 secs] [Times: user=0,00 sys=0,00, real=0,00 secs] 
9,811: [GC (Allocation Failure) [PSYoungGen: 125536K->64K(121856K)] 127160K->1688K(296960K), 0,0004737 secs] [Times: user=0,01 sys=0,00, real=0,00 secs] 
9,867: [GC (Allocation Failure) [PSYoungGen: 121408K->64K(118272K)] 123032K->1688K(293376K), 0,0004879 secs] [Times: user=0,00 sys=0,00, real=0,00 secs] 
9,922: [GC (Allocation Failure) [PSYoungGen: 117824K->96K(114688K)] 119448K->1720K(289792K), 0,0004946 secs] [Times: user=0,00 sys=0,00, real=0,00 secs] 
9,975: [GC (Allocation Failure) [PSYoungGen: 114272K->96K(111104K)] 115896K->1720K(286208K), 0,0004683 secs] [Times: user=0,00 sys=0,00, real=0,00 secs] 
10,027: [GC (Allocation Failure) [PSYoungGen: 110688K->96K(108032K)] 112312K->1720K(283136K), 0,0004657 secs] [Times: user=0,00 sys=0,00, real=0,00 secs] 
10,077: [GC (Allocation Failure) [PSYoungGen: 107616K->64K(104960K)] 109240K->1688K(280064K), 0,0004748 secs] [Times: user=0,00 sys=0,00, real=0,00 secs] 
10,126: [GC (Allocation Failure) [PSYoungGen: 104512K->96K(101888K)] 106136K->1720K(276992K), 0,0004867 secs] [Times: user=0,00 sys=0,00, real=0,00 secs] 
10,173: [GC (Allocation Failure) [PSYoungGen: 101472K->64K(98816K)] 103096K->1688K(273920K), 0,0005939 secs] [Times: user=0,00 sys=0,00, real=0,01 secs] 
10,219: [GC (Allocation Failure) [PSYoungGen: 98368K->64K(96256K)] 99992K->1688K(271360K), 0,0004716 secs] [Times: user=0,00 sys=0,00, real=0,00 secs] 
10,269: [GC (Allocation Failure) [PSYoungGen: 95808K->192K(93696K)] 97432K->1824K(268800K), 0,0004910 secs] [Times: user=0,00 sys=0,00, real=0,00 secs] 
10,313: [GC (Allocation Failure) [PSYoungGen: 93376K->32K(91136K)] 95008K->1728K(266240K), 0,0004527 secs] [Times: user=0,01 sys=0,00, real=0,01 secs] 
10,356: [GC (Allocation Failure) [PSYoungGen: 90656K->64K(88576K)] 92352K->1760K(263680K), 0,0004635 secs] [Times: user=0,00 sys=0,00, real=0,00 secs] 
10,397: [GC (Allocation Failure) [PSYoungGen: 88128K->64K(86528K)] 89824K->1760K(261632K), 0,0004860 secs] [Times: user=0,00 sys=0,00, real=0,00 secs] 
10,437: [GC (Allocation Failure) [PSYoungGen: 86080K->64K(103936K)] 87776K->1760K(279040K), 0,0005252 secs] [Times: user=0,00 sys=0,00, real=0,00 secs] 
10,486: [GC (Allocation Failure) [PSYoungGen: 103488K->32K(124928K)] 105184K->1728K(300032K), 0,0005461 secs] [Times: user=0,00 sys=0,00, real=0,00 secs] 
10,544: [GC (Allocation Failure) [PSYoungGen: 124448K->64K(121344K)] 126144K->1760K(296448K), 0,0004736 secs] [Times: user=0,00 sys=0,00, real=0,00 secs] 
10,601: [GC (Allocation Failure) [PSYoungGen: 120896K->64K(117760K)] 122592K->1760K(292864K), 0,0005016 secs] [Times: user=0,00 sys=0,00, real=0,00 secs] 
10,656: [GC (Allocation Failure) [PSYoungGen: 117312K->96K(114176K)] 119008K->1792K(289280K), 0,0004924 secs] [Times: user=0,01 sys=0,00, real=0,00 secs] 
10,709: [GC (Allocation Failure) [PSYoungGen: 113760K->64K(110592K)] 115456K->1760K(285696K), 0,0005410 secs] [Times: user=0,00 sys=0,00, real=0,00 secs] 
10,761: [GC (Allocation Failure) [PSYoungGen: 110144K->96K(107520K)] 111840K->1792K(282624K), 0,0004922 secs] [Times: user=0,00 sys=0,00, real=0,00 secs] 
10,811: [GC (Allocation Failure) [PSYoungGen: 107104K->96K(104448K)] 108800K->1792K(279552K), 0,0005084 secs] [Times: user=0,00 sys=0,00, real=0,00 secs] 
10,859: [GC (Allocation Failure) [PSYoungGen: 104032K->64K(101376K)] 105728K->1760K(276480K), 0,0005258 secs] [Times: user=0,00 sys=0,00, real=0,00 secs] 
10,907: [GC (Allocation Failure) [PSYoungGen: 100928K->96K(98816K)] 102624K->1792K(273920K), 0,0004982 secs] [Times: user=0,00 sys=0,00, real=0,00 secs] 
10,953: [GC (Allocation Failure) [PSYoungGen: 98400K->96K(96256K)] 100096K->1792K(271360K), 0,0005344 secs] [Times: user=0,01 sys=0,00, real=0,00 secs] 
10,998: [GC (Allocation Failure) [PSYoungGen: 95840K->96K(93696K)] 97536K->1792K(268800K), 0,0004571 secs] [Times: user=0,00 sys=0,00, real=0,00 secs] 
11,041: [GC (Allocation Failure) [PSYoungGen: 93280K->96K(91136K)] 94976K->1792K(266240K), 0,0004950 secs] [Times: user=0,00 sys=0,00, real=0,00 secs] 
11,084: [GC (Allocation Failure) [PSYoungGen: 90720K->64K(109568K)] 92416K->1760K(284672K), 0,0005157 secs] [Times: user=0,00 sys=0,00, real=0,01 secs] 
11,135: [GC (Allocation Failure) [PSYoungGen: 109120K->64K(106496K)] 110816K->1760K(281600K), 0,0005026 secs] [Times: user=0,00 sys=0,00, real=0,00 secs] 
11,184: [GC (Allocation Failure) [PSYoungGen: 106048K->96K(103424K)] 107744K->1792K(278528K), 0,0004841 secs] [Times: user=0,00 sys=0,00, real=0,00 secs] 
11,232: [GC (Allocation Failure) [PSYoungGen: 103008K->96K(100352K)] 104704K->1792K(275456K), 0,0004967 secs] [Times: user=0,00 sys=0,00, real=0,00 secs] 
11,279: [GC (Allocation Failure) [PSYoungGen: 99936K->96K(97792K)] 101632K->1792K(272896K), 0,0004959 secs] [Times: user=0,00 sys=0,00, real=0,00 secs] 
11,324: [GC (Allocation Failure) [PSYoungGen: 97376K->64K(95232K)] 99072K->1760K(270336K), 0,0005021 secs] [Times: user=0,00 sys=0,00, real=0,00 secs] 
11,369: [GC (Allocation Failure) [PSYoungGen: 94784K->64K(92672K)] 96480K->1760K(267776K), 0,0004741 secs] [Times: user=0,00 sys=0,00, real=0,00 secs] 
11,412: [GC (Allocation Failure) [PSYoungGen: 92224K->96K(111104K)] 93920K->1792K(286208K), 0,0005290 secs] [Times: user=0,00 sys=0,00, real=0,00 secs] 
11,463: [GC (Allocation Failure) [PSYoungGen: 110688K->32K(108032K)] 112384K->1728K(283136K), 0,0004747 secs] [Times: user=0,00 sys=0,00, real=0,01 secs] 
11,513: [GC (Allocation Failure) [PSYoungGen: 107552K->64K(104960K)] 109248K->1760K(280064K), 0,0004853 secs] [Times: user=0,00 sys=0,00, real=0,01 secs] 
11,562: [GC (Allocation Failure) [PSYoungGen: 104512K->64K(101888K)] 106208K->1760K(276992K), 0,0004680 secs] [Times: user=0,00 sys=0,00, real=0,00 secs] 
11,610: [GC (Allocation Failure) [PSYoungGen: 101440K->96K(98816K)] 103136K->1792K(273920K), 0,0005074 secs] [Times: user=0,00 sys=0,00, real=0,00 secs] 
11,656: [GC (Allocation Failure) [PSYoungGen: 98400K->96K(96256K)] 100096K->1792K(271360K), 0,0004716 secs] [Times: user=0,00 sys=0,00, real=0,00 secs] 
11,700: [GC (Allocation Failure) [PSYoungGen: 95840K->64K(93696K)] 97536K->1760K(268800K), 0,0004626 secs] [Times: user=0,00 sys=0,00, real=0,00 secs] 
11,744: [GC (Allocation Failure) [PSYoungGen: 93247K->64K(91136K)] 94944K->1760K(266240K), 0,0004802 secs] [Times: user=0,00 sys=0,00, real=0,00 secs] 
11,786: [GC (Allocation Failure) [PSYoungGen: 90688K->96K(88576K)] 92384K->1792K(263680K), 0,0004831 secs] [Times: user=0,01 sys=0,00, real=0,00 secs] 
11,828: [GC (Allocation Failure) [PSYoungGen: 88160K->64K(106496K)] 89856K->1760K(281600K), 0,0004837 secs] [Times: user=0,00 sys=0,00, real=0,00 secs] 
11,877: [GC (Allocation Failure) [PSYoungGen: 106048K->96K(103424K)] 107744K->1792K(278528K), 0,0004719 secs] [Times: user=0,00 sys=0,00, real=0,00 secs] 
11,925: [GC (Allocation Failure) [PSYoungGen: 103008K->96K(100352K)] 104704K->1792K(275456K), 0,0004652 secs] [Times: user=0,01 sys=0,00, real=0,00 secs] 
11,972: [GC (Allocation Failure) [PSYoungGen: 99936K->64K(97792K)] 101632K->1760K(272896K), 0,0004742 secs] [Times: user=0,00 sys=0,00, real=0,00 secs] 
12,017: [GC (Allocation Failure) [PSYoungGen: 97344K->96K(95232K)] 99040K->1792K(270336K), 0,0005093 secs] [Times: user=0,00 sys=0,00, real=0,00 secs] 
12,061: [GC (Allocation Failure) [PSYoungGen: 94816K->96K(92672K)] 96512K->1792K(267776K), 0,0004531 secs] [Times: user=0,00 sys=0,00, real=0,00 secs] 
12,105: [GC (Allocation Failure) [PSYoungGen: 92256K->96K(90112K)] 93952K->1792K(265216K), 0,0004929 secs] [Times: user=0,00 sys=0,00, real=0,00 secs] 
12,146: [GC (Allocation Failure) [PSYoungGen: 89696K->64K(108032K)] 91392K->1760K(283136K), 0,0005041 secs] [Times: user=0,00 sys=0,00, real=0,00 secs] 
12,196: [GC (Allocation Failure) [PSYoungGen: 107584K->96K(129536K)] 109280K->1792K(304640K), 0,0005251 secs] [Times: user=0,00 sys=0,00, real=0,00 secs] 
12,256: [GC (Allocation Failure) [PSYoungGen: 129120K->96K(125440K)] 130816K->1792K(300544K), 0,0004762 secs] [Times: user=0,00 sys=0,00, real=0,00 secs] 
12,315: [GC (Allocation Failure) [PSYoungGen: 125024K->64K(121344K)] 126720K->1760K(296448K), 0,0004788 secs] [Times: user=0,00 sys=0,00, real=0,00 secs] 
12,371: [GC (Allocation Failure) [PSYoungGen: 120896K->96K(117760K)] 122592K->1792K(292864K), 0,0004655 secs] [Times: user=0,00 sys=0,00, real=0,00 secs] 
12,425: [GC (Allocation Failure) [PSYoungGen: 117344K->96K(114176K)] 119040K->1792K(289280K), 0,0005043 secs] [Times: user=0,00 sys=0,00, real=0,00 secs] 
12,479: [GC (Allocation Failure) [PSYoungGen: 113760K->96K(110592K)] 115456K->1792K(285696K), 0,0004824 secs] [Times: user=0,00 sys=0,00, real=0,00 secs] 
12,530: [GC (Allocation Failure) [PSYoungGen: 110176K->64K(107520K)] 111872K->1760K(282624K), 0,0005159 secs] [Times: user=0,01 sys=0,00, real=0,00 secs] 
12,580: [GC (Allocation Failure) [PSYoungGen: 107072K->64K(104448K)] 108768K->1760K(279552K), 0,0005479 secs] [Times: user=0,01 sys=0,00, real=0,00 secs] 
12,630: [GC (Allocation Failure) [PSYoungGen: 104000K->96K(101376K)] 105696K->1792K(276480K), 0,0004650 secs] [Times: user=0,00 sys=0,00, real=0,00 secs] 
12,677: [GC (Allocation Failure) [PSYoungGen: 100960K->96K(98816K)] 102656K->1792K(273920K), 0,0005239 secs] [Times: user=0,00 sys=0,00, real=0,00 secs] 
12,723: [GC (Allocation Failure) [PSYoungGen: 98400K->32K(96256K)] 100096K->1728K(271360K), 0,0005394 secs] [Times: user=0,00 sys=0,00, real=0,01 secs] 
12,768: [GC (Allocation Failure) [PSYoungGen: 95776K->96K(93696K)] 97472K->1792K(268800K), 0,0005171 secs] [Times: user=0,01 sys=0,00, real=0,00 secs] 
12,812: [GC (Allocation Failure) [PSYoungGen: 93280K->64K(112640K)] 94976K->1760K(287744K), 0,0005038 secs] [Times: user=0,00 sys=0,00, real=0,00 secs] 
12,864: [GC (Allocation Failure) [PSYoungGen: 112192K->64K(109568K)] 113888K->1760K(284672K), 0,0004871 secs] [Times: user=0,00 sys=0,00, real=0,00 secs] 
12,915: [GC (Allocation Failure) [PSYoungGen: 109120K->96K(106496K)] 110816K->1792K(281600K), 0,0004769 secs] [Times: user=0,00 sys=0,00, real=0,00 secs] 
12,964: [GC (Allocation Failure) [PSYoungGen: 106080K->96K(103424K)] 107776K->1792K(278528K), 0,0004744 secs] [Times: user=0,00 sys=0,00, real=0,00 secs] 
13,013: [GC (Allocation Failure) [PSYoungGen: 103008K->96K(100352K)] 104704K->1792K(275456K), 0,0004769 secs] [Times: user=0,00 sys=0,00, real=0,00 secs] 
13,059: [GC (Allocation Failure) [PSYoungGen: 99936K->96K(97792K)] 101632K->1792K(272896K), 0,0004771 secs] [Times: user=0,00 sys=0,00, real=0,00 secs] 
13,105: [GC (Allocation Failure) [PSYoungGen: 97376K->96K(95232K)] 99072K->1792K(270336K), 0,0004860 secs] [Times: user=0,01 sys=0,00, real=0,00 secs] 
13,149: [GC (Allocation Failure) [PSYoungGen: 94816K->32K(114176K)] 96512K->1728K(289280K), 0,0009938 secs] [Times: user=0,00 sys=0,00, real=0,00 secs] 
13,203: [GC (Allocation Failure) [PSYoungGen: 113696K->64K(137216K)] 115392K->1760K(312320K), 0,0004807 secs] [Times: user=0,00 sys=0,00, real=0,00 secs] 
13,266: [GC (Allocation Failure) [PSYoungGen: 136768K->96K(164864K)] 138464K->1792K(339968K), 0,0004983 secs] [Times: user=0,00 sys=0,00, real=0,00 secs] 
13,343: [GC (Allocation Failure) [PSYoungGen: 164448K->64K(159232K)] 166144K->1760K(334336K), 0,0006109 secs] [Times: user=0,01 sys=0,00, real=0,01 secs] 
13,417: [GC (Allocation Failure) [PSYoungGen: 158784K->96K(154112K)] 160480K->1792K(329216K), 0,0004951 secs] [Times: user=0,00 sys=0,00, real=0,00 secs] 
13,488: [GC (Allocation Failure) [PSYoungGen: 153696K->96K(148992K)] 155392K->1792K(324096K), 0,0004735 secs] [Times: user=0,00 sys=0,00, real=0,00 secs] 
13,557: [GC (Allocation Failure) [PSYoungGen: 148575K->64K(143872K)] 150272K->1760K(318976K), 0,0005189 secs] [Times: user=0,00 sys=0,00, real=0,00 secs] 
13,624: [GC (Allocation Failure) [PSYoungGen: 143423K->64K(139264K)] 145120K->1760K(314368K), 0,0004942 secs] [Times: user=0,00 sys=0,00, real=0,00 secs] 
13,689: [GC (Allocation Failure) [PSYoungGen: 138816K->64K(134656K)] 140512K->1760K(309760K), 0,0004795 secs] [Times: user=0,00 sys=0,00, real=0,00 secs] 
13,751: [GC (Allocation Failure) [PSYoungGen: 134208K->64K(130560K)] 135904K->1760K(305664K), 0,0004842 secs] [Times: user=0,00 sys=0,00, real=0,00 secs] 
13,813: [GC (Allocation Failure) [PSYoungGen: 130112K->64K(126464K)] 131808K->1760K(301568K), 0,0004962 secs] [Times: user=0,00 sys=0,00, real=0,00 secs] 
13,871: [GC (Allocation Failure) [PSYoungGen: 126016K->64K(122368K)] 127712K->1760K(297472K), 0,0004505 secs] [Times: user=0,00 sys=0,00, real=0,00 secs] 
13,928: [GC (Allocation Failure) [PSYoungGen: 121920K->64K(118784K)] 123616K->1760K(293888K), 0,0004936 secs] [Times: user=0,00 sys=0,00, real=0,00 secs] 
13,983: [GC (Allocation Failure) [PSYoungGen: 118336K->96K(115200K)] 120032K->1792K(290304K), 0,0004779 secs] [Times: user=0,00 sys=0,00, real=0,01 secs] 
14,037: [GC (Allocation Failure) [PSYoungGen: 114784K->96K(111616K)] 116480K->1792K(286720K), 0,0004656 secs] [Times: user=0,00 sys=0,00, real=0,00 secs] 
14,088: [GC (Allocation Failure) [PSYoungGen: 111200K->96K(108544K)] 112896K->1792K(283648K), 0,0005012 secs] [Times: user=0,01 sys=0,00, real=0,00 secs] 
14,139: [GC (Allocation Failure) [PSYoungGen: 108128K->64K(105472K)] 109824K->1760K(280576K), 0,0005055 secs] [Times: user=0,00 sys=0,00, real=0,00 secs] 
14,188: [GC (Allocation Failure) [PSYoungGen: 105024K->64K(102400K)] 106720K->1760K(277504K), 0,0004790 secs] [Times: user=0,01 sys=0,00, real=0,00 secs] 
14,236: [GC (Allocation Failure) [PSYoungGen: 101952K->64K(99328K)] 103648K->1760K(274432K), 0,0005357 secs] [Times: user=0,00 sys=0,00, real=0,00 secs] 
14,282: [GC (Allocation Failure) [PSYoungGen: 98880K->96K(96768K)] 100576K->1792K(271872K), 0,0004835 secs] [Times: user=0,00 sys=0,00, real=0,00 secs] 
14,327: [GC (Allocation Failure) [PSYoungGen: 96352K->64K(94208K)] 98048K->1760K(269312K), 0,0004642 secs] [Times: user=0,01 sys=0,00, real=0,00 secs] 
14,370: [GC (Allocation Failure) [PSYoungGen: 93760K->96K(91648K)] 95456K->1792K(266752K), 0,0004809 secs] [Times: user=0,00 sys=0,00, real=0,00 secs] 
14,413: [GC (Allocation Failure) [PSYoungGen: 91232K->32K(89088K)] 92928K->1728K(264192K), 0,0005464 secs] [Times: user=0,00 sys=0,00, real=0,00 secs] 
14,454: [GC (Allocation Failure) [PSYoungGen: 88608K->96K(107008K)] 90304K->1792K(282112K), 0,0004683 secs] [Times: user=0,00 sys=0,00, real=0,00 secs] 
14,504: [GC (Allocation Failure) [PSYoungGen: 106592K->96K(103936K)] 108288K->1792K(279040K), 0,0004690 secs] [Times: user=0,00 sys=0,00, real=0,00 secs] 
14,552: [GC (Allocation Failure) [PSYoungGen: 103520K->32K(100864K)] 105216K->1728K(275968K), 0,0004717 secs] [Times: user=0,00 sys=0,00, real=0,00 secs] 
14,599: [GC (Allocation Failure) [PSYoungGen: 100384K->64K(98304K)] 102080K->1760K(273408K), 0,0004741 secs] [Times: user=0,00 sys=0,00, real=0,00 secs] 
14,645: [GC (Allocation Failure) [PSYoungGen: 97855K->64K(95744K)] 99552K->1760K(270848K), 0,0004905 secs] [Times: user=0,00 sys=0,00, real=0,00 secs] 
14,690: [GC (Allocation Failure) [PSYoungGen: 95296K->96K(93184K)] 96992K->1792K(268288K), 0,0004569 secs] [Times: user=0,00 sys=0,00, real=0,00 secs] 
14,733: [GC (Allocation Failure) [PSYoungGen: 92768K->96K(112128K)] 94464K->1792K(287232K), 0,0009215 secs] [Times: user=0,01 sys=0,00, real=0,01 secs] 
14,785: [GC (Allocation Failure) [PSYoungGen: 111711K->64K(134656K)] 113408K->1760K(309760K), 0,0005008 secs] [Times: user=0,00 sys=0,00, real=0,00 secs] 
14,848: [GC (Allocation Failure) [PSYoungGen: 134208K->96K(161792K)] 135904K->1792K(336896K), 0,0004914 secs] [Times: user=0,00 sys=0,00, real=0,00 secs] 
14,923: [GC (Allocation Failure) [PSYoungGen: 161376K->64K(156160K)] 163072K->1760K(331264K), 0,0005241 secs] [Times: user=0,00 sys=0,00, real=0,00 secs] 
14,995: [GC (Allocation Failure) [PSYoungGen: 155712K->96K(151040K)] 157408K->1792K(326144K), 0,0004884 secs] [Times: user=0,00 sys=0,00, real=0,00 secs] 
15,065: [GC (Allocation Failure) [PSYoungGen: 150624K->96K(145920K)] 152320K->1792K(321024K), 0,0004762 secs] [Times: user=0,00 sys=0,00, real=0,00 secs] 
15,133: [GC (Allocation Failure) [PSYoungGen: 145504K->96K(141312K)] 147200K->1792K(316416K), 0,0004980 secs] [Times: user=0,00 sys=0,00, real=0,01 secs] 
15,199: [GC (Allocation Failure) [PSYoungGen: 140896K->64K(136704K)] 142592K->1760K(311808K), 0,0005133 secs] [Times: user=0,00 sys=0,00, real=0,00 secs] 
15,262: [GC (Allocation Failure) [PSYoungGen: 136256K->64K(132608K)] 137952K->1760K(307712K), 0,0005354 secs] [Times: user=0,00 sys=0,00, real=0,00 secs] 
15,323: [GC (Allocation Failure) [PSYoungGen: 132160K->64K(128512K)] 133856K->1760K(303616K), 0,0004805 secs] [Times: user=0,00 sys=0,00, real=0,01 secs] 
15,383: [GC (Allocation Failure) [PSYoungGen: 128064K->96K(124416K)] 129760K->1792K(299520K), 0,0004826 secs] [Times: user=0,00 sys=0,00, real=0,01 secs] 
15,441: [GC (Allocation Failure) [PSYoungGen: 124000K->64K(120832K)] 125696K->1760K(295936K), 0,0004592 secs] [Times: user=0,00 sys=0,00, real=0,00 secs] 
15,497: [GC (Allocation Failure) [PSYoungGen: 120384K->64K(117248K)] 122080K->1760K(292352K), 0,0004778 secs] [Times: user=0,01 sys=0,00, real=0,00 secs] 
15,552: [GC (Allocation Failure) [PSYoungGen: 116800K->64K(113664K)] 118496K->1760K(288768K), 0,0005059 secs] [Times: user=0,00 sys=0,00, real=0,00 secs] 
15,604: [GC (Allocation Failure) [PSYoungGen: 113216K->96K(110592K)] 114912K->1792K(285696K), 0,0004856 secs] [Times: user=0,00 sys=0,00, real=0,00 secs] 
15,656: [GC (Allocation Failure) [PSYoungGen: 110176K->64K(107520K)] 111872K->1760K(282624K), 0,0004946 secs] [Times: user=0,01 sys=0,00, real=0,00 secs] 
15,706: [GC (Allocation Failure) [PSYoungGen: 107072K->96K(104448K)] 108768K->1792K(279552K), 0,0004802 secs] [Times: user=0,01 sys=0,00, real=0,00 secs] 
15,754: [GC (Allocation Failure) [PSYoungGen: 104032K->64K(101376K)] 105728K->1760K(276480K), 0,0004834 secs] [Times: user=0,00 sys=0,00, real=0,00 secs] 
15,802: [GC (Allocation Failure) [PSYoungGen: 100928K->64K(98816K)] 102624K->1760K(273920K), 0,0004668 secs] [Times: user=0,00 sys=0,00, real=0,00 secs] 
15,848: [GC (Allocation Failure) [PSYoungGen: 98368K->64K(96256K)] 100064K->1760K(271360K), 0,0005605 secs] [Times: user=0,00 sys=0,00, real=0,00 secs] 
15,895: [GC (Allocation Failure) [PSYoungGen: 95808K->64K(93696K)] 97504K->1760K(268800K), 0,0005362 secs] [Times: user=0,01 sys=0,00, real=0,00 secs] 
15,938: [GC (Allocation Failure) [PSYoungGen: 93247K->64K(91136K)] 94944K->1760K(266240K), 0,0005139 secs] [Times: user=0,00 sys=0,00, real=0,00 secs] 
15,980: [GC (Allocation Failure) [PSYoungGen: 90688K->64K(88576K)] 92384K->1760K(263680K), 0,0004681 secs] [Times: user=0,00 sys=0,00, real=0,00 secs] 
16,022: [GC (Allocation Failure) [PSYoungGen: 88128K->96K(106496K)] 89824K->1792K(281600K), 0,0004734 secs] [Times: user=0,00 sys=0,00, real=0,00 secs] 
16,071: [GC (Allocation Failure) [PSYoungGen: 106080K->64K(103424K)] 107776K->1760K(278528K), 0,0004712 secs] [Times: user=0,00 sys=0,00, real=0,00 secs] 
16,120: [GC (Allocation Failure) [PSYoungGen: 102976K->64K(100352K)] 104672K->1760K(275456K), 0,0004923 secs] [Times: user=0,00 sys=0,00, real=0,00 secs] 
16,166: [GC (Allocation Failure) [PSYoungGen: 99904K->96K(97792K)] 101600K->1792K(272896K), 0,0004922 secs] [Times: user=0,00 sys=0,00, real=0,00 secs] 
16,212: [GC (Allocation Failure) [PSYoungGen: 97376K->64K(95232K)] 99072K->1760K(270336K), 0,0005370 secs] [Times: user=0,01 sys=0,00, real=0,00 secs] 
16,256: [GC (Allocation Failure) [PSYoungGen: 94784K->64K(92672K)] 96480K->1760K(267776K), 0,0004655 secs] [Times: user=0,00 sys=0,00, real=0,00 secs] 
16,299: [GC (Allocation Failure) [PSYoungGen: 92224K->64K(90112K)] 93920K->1760K(265216K), 0,0004848 secs] [Times: user=0,00 sys=0,00, real=0,00 secs] 
16,341: [GC (Allocation Failure) [PSYoungGen: 89664K->64K(108032K)] 91360K->1760K(283136K), 0,0004711 secs] [Times: user=0,00 sys=0,00, real=0,00 secs] 
16,392: [GC (Allocation Failure) [PSYoungGen: 107584K->96K(104960K)] 109280K->1792K(280064K), 0,0004941 secs] [Times: user=0,00 sys=0,00, real=0,00 secs] 
16,440: [GC (Allocation Failure) [PSYoungGen: 104544K->64K(101888K)] 106240K->1768K(276992K), 0,0004784 secs] [Times: user=0,00 sys=0,00, real=0,00 secs] 
16,488: [GC (Allocation Failure) [PSYoungGen: 101440K->96K(98816K)] 103144K->1800K(273920K), 0,0004856 secs] [Times: user=0,00 sys=0,00, real=0,00 secs] 
16,534: [GC (Allocation Failure) [PSYoungGen: 98400K->96K(96256K)] 100104K->1800K(271360K), 0,0004844 secs] [Times: user=0,00 sys=0,00, real=0,00 secs] 
16,579: [GC (Allocation Failure) [PSYoungGen: 95840K->64K(93696K)] 97544K->1768K(268800K), 0,0005097 secs] [Times: user=0,01 sys=0,00, real=0,00 secs] 
16,622: [GC (Allocation Failure) [PSYoungGen: 93248K->96K(91136K)] 94952K->1800K(266240K), 0,0004952 secs] [Times: user=0,00 sys=0,00, real=0,00 secs] 
16,665: [GC (Allocation Failure) [PSYoungGen: 90720K->96K(109568K)] 92424K->1800K(284672K), 0,0004878 secs] [Times: user=0,00 sys=0,00, real=0,00 secs] 
16,716: [GC (Allocation Failure) [PSYoungGen: 109152K->64K(106496K)] 110856K->1768K(281600K), 0,0004683 secs] [Times: user=0,00 sys=0,00, real=0,00 secs] 
16,766: [GC (Allocation Failure) [PSYoungGen: 106048K->96K(103424K)] 107752K->1800K(278528K), 0,0005163 secs] [Times: user=0,00 sys=0,00, real=0,00 secs] 
16,813: [GC (Allocation Failure) [PSYoungGen: 103008K->64K(100352K)] 104712K->1768K(275456K), 0,0004629 secs] [Times: user=0,00 sys=0,00, real=0,00 secs] 
16,860: [GC (Allocation Failure) [PSYoungGen: 99904K->96K(97792K)] 101608K->1800K(272896K), 0,0004643 secs] [Times: user=0,00 sys=0,00, real=0,00 secs] 
16,906: [GC (Allocation Failure) [PSYoungGen: 97376K->96K(95232K)] 99080K->1800K(270336K), 0,0004854 secs] [Times: user=0,01 sys=0,00, real=0,00 secs] 
16,950: [GC (Allocation Failure) [PSYoungGen: 94816K->64K(92672K)] 96520K->1768K(267776K), 0,0004689 secs] [Times: user=0,00 sys=0,00, real=0,00 secs] 
16,993: [GC (Allocation Failure) [PSYoungGen: 92224K->64K(90112K)] 93928K->1768K(265216K), 0,0005049 secs] [Times: user=0,00 sys=0,00, real=0,01 secs] 
17,035: [GC (Allocation Failure) [PSYoungGen: 89664K->96K(87552K)] 91368K->1800K(262656K), 0,0004629 secs] [Times: user=0,00 sys=0,00, real=0,00 secs] 
17,076: [GC (Allocation Failure) [PSYoungGen: 87136K->64K(104960K)] 88840K->1768K(280064K), 0,0004903 secs] [Times: user=0,00 sys=0,00, real=0,00 secs] 
17,124: [GC (Allocation Failure) [PSYoungGen: 104512K->96K(101888K)] 106216K->1800K(276992K), 0,0004879 secs] [Times: user=0,00 sys=0,00, real=0,00 secs] 
17,172: [GC (Allocation Failure) [PSYoungGen: 101472K->96K(98816K)] 103176K->1800K(273920K), 0,0004668 secs] [Times: user=0,00 sys=0,00, real=0,00 secs] 
17,218: [GC (Allocation Failure) [PSYoungGen: 98400K->64K(96256K)] 100104K->1768K(271360K), 0,0004878 secs] [Times: user=0,00 sys=0,00, real=0,00 secs] 
17,263: [GC (Allocation Failure) [PSYoungGen: 95808K->96K(93696K)] 97512K->1800K(268800K), 0,0004782 secs] [Times: user=0,00 sys=0,00, real=0,00 secs] 
17,306: [GC (Allocation Failure) [PSYoungGen: 93280K->64K(91136K)] 94984K->1768K(266240K), 0,0004763 secs] [Times: user=0,00 sys=0,00, real=0,00 secs] 
17,349: [GC (Allocation Failure) [PSYoungGen: 90688K->64K(88576K)] 92392K->1768K(263680K), 0,0004661 secs] [Times: user=0,00 sys=0,00, real=0,00 secs] 
17,390: [GC (Allocation Failure) [PSYoungGen: 88128K->96K(106496K)] 89832K->1800K(281600K), 0,0004927 secs] [Times: user=0,00 sys=0,00, real=0,00 secs] 
17,439: [GC (Allocation Failure) [PSYoungGen: 106080K->96K(103424K)] 107784K->1800K(278528K), 0,0004758 secs] [Times: user=0,00 sys=0,00, real=0,00 secs] 
17,487: [GC (Allocation Failure) [PSYoungGen: 103008K->96K(100352K)] 104712K->1800K(275456K), 0,0004939 secs] [Times: user=0,00 sys=0,00, real=0,00 secs] 
17,534: [GC (Allocation Failure) [PSYoungGen: 99936K->96K(97792K)] 101640K->1800K(272896K), 0,0004803 secs] [Times: user=0,00 sys=0,00, real=0,00 secs] 
17,579: [GC (Allocation Failure) [PSYoungGen: 97376K->64K(95232K)] 99080K->1768K(270336K), 0,0004752 secs] [Times: user=0,01 sys=0,00, real=0,00 secs] 
17,623: [GC (Allocation Failure) [PSYoungGen: 94784K->96K(92672K)] 96488K->1800K(267776K), 0,0004835 secs] [Times: user=0,00 sys=0,00, real=0,01 secs] 
17,667: [GC (Allocation Failure) [PSYoungGen: 92256K->32K(90112K)] 93960K->1736K(265216K), 0,0004779 secs] [Times: user=0,00 sys=0,00, real=0,00 secs] 
17,708: [GC (Allocation Failure) [PSYoungGen: 89632K->96K(87552K)] 91336K->1800K(262656K), 0,0004635 secs] [Times: user=0,00 sys=0,00, real=0,00 secs] 
17,749: [GC (Allocation Failure) [PSYoungGen: 87136K->96K(104960K)] 88840K->1800K(280064K), 0,0004844 secs] [Times: user=0,00 sys=0,00, real=0,00 secs] 
17,798: [GC (Allocation Failure) [PSYoungGen: 104544K->96K(101888K)] 106248K->1800K(276992K), 0,0004821 secs] [Times: user=0,00 sys=0,00, real=0,00 secs] 
17,845: [GC (Allocation Failure) [PSYoungGen: 101472K->64K(98816K)] 103176K->1768K(273920K), 0,0004692 secs] [Times: user=0,00 sys=0,00, real=0,00 secs] 
17,892: [GC (Allocation Failure) [PSYoungGen: 98368K->128K(96256K)] 100072K->1832K(271360K), 0,0005124 secs] [Times: user=0,00 sys=0,00, real=0,00 secs] 
17,936: [GC (Allocation Failure) [PSYoungGen: 95872K->96K(93696K)] 97576K->1800K(268800K), 0,0004770 secs] [Times: user=0,00 sys=0,00, real=0,00 secs] 
17,980: [GC (Allocation Failure) [PSYoungGen: 93280K->96K(91136K)] 94984K->1800K(266240K), 0,0004750 secs] [Times: user=0,00 sys=0,00, real=0,00 secs] 
18,023: [GC (Allocation Failure) [PSYoungGen: 90720K->96K(88576K)] 92424K->1800K(263680K), 0,0004676 secs] [Times: user=0,00 sys=0,00, real=0,00 secs] 
18,064: [GC (Allocation Failure) [PSYoungGen: 88160K->96K(86528K)] 89864K->1800K(261632K), 0,0004615 secs] [Times: user=0,01 sys=0,00, real=0,00 secs] 
18,104: [GC (Allocation Failure) [PSYoungGen: 86112K->96K(103936K)] 87816K->1800K(279040K), 0,0004829 secs] [Times: user=0,01 sys=0,00, real=0,00 secs] 
18,152: [GC (Allocation Failure) [PSYoungGen: 103520K->64K(100864K)] 105224K->1768K(275968K), 0,0004943 secs] [Times: user=0,00 sys=0,00, real=0,00 secs] 
18,199: [GC (Allocation Failure) [PSYoungGen: 100416K->64K(121344K)] 102120K->1768K(296448K), 0,0005146 secs] [Times: user=0,00 sys=0,00, real=0,00 secs] 
18,256: [GC (Allocation Failure) [PSYoungGen: 120896K->96K(117760K)] 122600K->1800K(292864K), 0,0004928 secs] [Times: user=0,00 sys=0,00, real=0,00 secs] 
18,311: [GC (Allocation Failure) [PSYoungGen: 117344K->96K(114176K)] 119048K->1800K(289280K), 0,0004927 secs] [Times: user=0,00 sys=0,00, real=0,00 secs] 
18,364: [GC (Allocation Failure) [PSYoungGen: 113760K->32K(110592K)] 115464K->1736K(285696K), 0,0005115 secs] [Times: user=0,00 sys=0,00, real=0,00 secs] 
18,415: [GC (Allocation Failure) [PSYoungGen: 110112K->96K(107520K)] 111816K->1800K(282624K), 0,0004811 secs] [Times: user=0,00 sys=0,00, real=0,00 secs] 
18,465: [GC (Allocation Failure) [PSYoungGen: 107104K->96K(104448K)] 108808K->1800K(279552K), 0,0004756 secs] [Times: user=0,00 sys=0,00, real=0,00 secs] 
18,514: [GC (Allocation Failure) [PSYoungGen: 104032K->96K(101376K)] 105736K->1800K(276480K), 0,0004751 secs] [Times: user=0,00 sys=0,00, real=0,00 secs] 
18,561: [GC (Allocation Failure) [PSYoungGen: 100960K->96K(98816K)] 102664K->1800K(273920K), 0,0005136 secs] [Times: user=0,01 sys=0,00, real=0,00 secs] 
18,606: [GC (Allocation Failure) [PSYoungGen: 98400K->96K(96256K)] 100104K->1800K(271360K), 0,0004761 secs] [Times: user=0,00 sys=0,00, real=0,00 secs] 
18,651: [GC (Allocation Failure) [PSYoungGen: 95840K->96K(93696K)] 97544K->1800K(268800K), 0,0004926 secs] [Times: user=0,00 sys=0,00, real=0,00 secs] 
18,695: [GC (Allocation Failure) [PSYoungGen: 93280K->64K(91136K)] 94984K->1768K(266240K), 0,0005521 secs] [Times: user=0,00 sys=0,00, real=0,00 secs] 
18,737: [GC (Allocation Failure) [PSYoungGen: 90688K->96K(109568K)] 92392K->1800K(284672K), 0,0004824 secs] [Times: user=0,00 sys=0,00, real=0,00 secs] 
18,788: [GC (Allocation Failure) [PSYoungGen: 109152K->64K(106496K)] 110856K->1768K(281600K), 0,0005319 secs] [Times: user=0,01 sys=0,00, real=0,00 secs] 
18,838: [GC (Allocation Failure) [PSYoungGen: 106048K->96K(103424K)] 107752K->1800K(278528K), 0,0004871 secs] [Times: user=0,01 sys=0,00, real=0,00 secs] 
18,886: [GC (Allocation Failure) [PSYoungGen: 103008K->64K(100352K)] 104712K->1768K(275456K), 0,0004693 secs] [Times: user=0,00 sys=0,00, real=0,00 secs] 
18,933: [GC (Allocation Failure) [PSYoungGen: 99904K->96K(97792K)] 101608K->1800K(272896K), 0,0004680 secs] [Times: user=0,00 sys=0,00, real=0,00 secs] 
18,978: [GC (Allocation Failure) [PSYoungGen: 97376K->64K(95232K)] 99080K->1768K(270336K), 0,0005030 secs] [Times: user=0,00 sys=0,00, real=0,00 secs] 
19,023: [GC (Allocation Failure) [PSYoungGen: 94784K->64K(92672K)] 96488K->1768K(267776K), 0,0004901 secs] [Times: user=0,00 sys=0,00, real=0,00 secs] 
19,066: [GC (Allocation Failure) [PSYoungGen: 92224K->128K(90112K)] 93928K->1832K(265216K), 0,0004615 secs] [Times: user=0,01 sys=0,00, real=0,00 secs] 
19,107: [GC (Allocation Failure) [PSYoungGen: 89728K->96K(108032K)] 91432K->1800K(283136K), 0,0005371 secs] [Times: user=0,00 sys=0,00, real=0,00 secs] 
19,158: [GC (Allocation Failure) [PSYoungGen: 107616K->96K(104960K)] 109320K->1800K(280064K), 0,0004918 secs] [Times: user=0,00 sys=0,00, real=0,00 secs] 
19,206: [GC (Allocation Failure) [PSYoungGen: 104544K->96K(101888K)] 106248K->1800K(276992K), 0,0004789 secs] [Times: user=0,00 sys=0,00, real=0,00 secs] 
19,254: [GC (Allocation Failure) [PSYoungGen: 101472K->96K(98816K)] 103176K->1800K(273920K), 0,0004932 secs] [Times: user=0,01 sys=0,00, real=0,00 secs] 
19,300: [GC (Allocation Failure) [PSYoungGen: 98400K->96K(96256K)] 100104K->1800K(271360K), 0,0004813 secs] [Times: user=0,00 sys=0,00, real=0,00 secs] 
19,345: [GC (Allocation Failure) [PSYoungGen: 95840K->96K(93696K)] 97544K->1800K(268800K), 0,0004714 secs] [Times: user=0,00 sys=0,00, real=0,00 secs] 
19,388: [GC (Allocation Failure) [PSYoungGen: 93280K->96K(91136K)] 94984K->1800K(266240K), 0,0004792 secs] [Times: user=0,00 sys=0,00, real=0,00 secs] 
19,431: [GC (Allocation Failure) [PSYoungGen: 90720K->64K(88576K)] 92424K->1768K(263680K), 0,0004685 secs] [Times: user=0,00 sys=0,00, real=0,00 secs] 
19,472: [GC (Allocation Failure) [PSYoungGen: 88128K->64K(106496K)] 89832K->1768K(281600K), 0,0004746 secs] [Times: user=0,01 sys=0,00, real=0,00 secs] 
19,521: [GC (Allocation Failure) [PSYoungGen: 106048K->64K(103424K)] 107752K->1768K(278528K), 0,0004672 secs] [Times: user=0,01 sys=0,00, real=0,00 secs] 
19,569: [GC (Allocation Failure) [PSYoungGen: 102976K->64K(124416K)] 104680K->1768K(299520K), 0,0005732 secs] [Times: user=0,00 sys=0,00, real=0,00 secs] 
19,627: [GC (Allocation Failure) [PSYoungGen: 123968K->64K(120832K)] 125672K->1768K(295936K), 0,0004921 secs] [Times: user=0,00 sys=0,00, real=0,00 secs] 
19,683: [GC (Allocation Failure) [PSYoungGen: 120384K->64K(117248K)] 122088K->1768K(292352K), 0,0004882 secs] [Times: user=0,00 sys=0,00, real=0,01 secs] 
19,738: [GC (Allocation Failure) [PSYoungGen: 116799K->96K(113664K)] 118504K->1800K(288768K), 0,0004742 secs] [Times: user=0,00 sys=0,00, real=0,00 secs] 
19,791: [GC (Allocation Failure) [PSYoungGen: 113248K->96K(110592K)] 114952K->1800K(285696K), 0,0004844 secs] [Times: user=0,00 sys=0,00, real=0,00 secs] 
19,842: [GC (Allocation Failure) [PSYoungGen: 110176K->64K(107520K)] 111880K->1768K(282624K), 0,0005137 secs] [Times: user=0,00 sys=0,00, real=0,00 secs] 
19,892: [GC (Allocation Failure) [PSYoungGen: 107072K->96K(104448K)] 108776K->1800K(279552K), 0,0004876 secs] [Times: user=0,00 sys=0,00, real=0,00 secs] 
19,940: [GC (Allocation Failure) [PSYoungGen: 104032K->64K(101376K)] 105736K->1768K(276480K), 0,0004710 secs] [Times: user=0,00 sys=0,01, real=0,00 secs] 
19,987: [GC (Allocation Failure) [PSYoungGen: 100928K->64K(98816K)] 102632K->1768K(273920K), 0,0004772 secs] [Times: user=0,01 sys=0,00, real=0,00 secs] 
20,033: [GC (Allocation Failure) [PSYoungGen: 98368K->64K(96256K)] 100072K->1768K(271360K), 0,0004867 secs] [Times: user=0,00 sys=0,00, real=0,01 secs] 
20,078: [GC (Allocation Failure) [PSYoungGen: 95808K->96K(93696K)] 97512K->1800K(268800K), 0,0005027 secs] [Times: user=0,00 sys=0,00, real=0,00 secs] 
20,121: [GC (Allocation Failure) [PSYoungGen: 93280K->96K(91136K)] 94984K->1800K(266240K), 0,0004945 secs] [Times: user=0,00 sys=0,00, real=0,00 secs] 
20,164: [GC (Allocation Failure) [PSYoungGen: 90720K->96K(109568K)] 92424K->1800K(284672K), 0,0005207 secs] [Times: user=0,00 sys=0,00, real=0,00 secs] 
20,215: [GC (Allocation Failure) [PSYoungGen: 109152K->64K(106496K)] 110856K->1768K(281600K), 0,0004769 secs] [Times: user=0,00 sys=0,00, real=0,00 secs] 
20,265: [GC (Allocation Failure) [PSYoungGen: 106048K->96K(103424K)] 107752K->1800K(278528K), 0,0005068 secs] [Times: user=0,00 sys=0,00, real=0,00 secs] 
20,313: [GC (Allocation Failure) [PSYoungGen: 103008K->96K(100352K)] 104712K->1824K(275456K), 0,0004979 secs] [Times: user=0,00 sys=0,00, real=0,01 secs] 
20,360: [GC (Allocation Failure) [PSYoungGen: 99936K->96K(97792K)] 101664K->1824K(272896K), 0,0004874 secs] [Times: user=0,00 sys=0,00, real=0,00 secs] 
20,406: [GC (Allocation Failure) [PSYoungGen: 97376K->64K(95232K)] 99104K->1792K(270336K), 0,0005238 secs] [Times: user=0,00 sys=0,00, real=0,00 secs] 
20,450: [GC (Allocation Failure) [PSYoungGen: 94784K->96K(92672K)] 96512K->1824K(267776K), 0,0004558 secs] [Times: user=0,00 sys=0,00, real=0,00 secs] 
20,493: [GC (Allocation Failure) [PSYoungGen: 92256K->96K(90112K)] 93984K->1824K(265216K), 0,0004832 secs] [Times: user=0,01 sys=0,00, real=0,01 secs] 
20,535: [GC (Allocation Failure) [PSYoungGen: 89696K->128K(87552K)] 91424K->1856K(262656K), 0,0004773 secs] [Times: user=0,00 sys=0,00, real=0,00 secs] 
20,576: [GC (Allocation Failure) [PSYoungGen: 87168K->96K(104960K)] 88896K->1824K(280064K), 0,0004784 secs] [Times: user=0,00 sys=0,00, real=0,00 secs] 
20,624: [GC (Allocation Failure) [PSYoungGen: 104544K->64K(125952K)] 106272K->1792K(301056K), 0,0005766 secs] [Times: user=0,00 sys=0,00, real=0,00 secs] 
20,683: [GC (Allocation Failure) [PSYoungGen: 125504K->96K(121856K)] 127232K->1824K(296960K), 0,0004863 secs] [Times: user=0,00 sys=0,00, real=0,01 secs] 
20,739: [GC (Allocation Failure) [PSYoungGen: 121440K->96K(118272K)] 123168K->1824K(293376K), 0,0004935 secs] [Times: user=0,00 sys=0,00, real=0,00 secs] 
20,794: [GC (Allocation Failure) [PSYoungGen: 117856K->64K(114688K)] 119584K->1792K(289792K), 0,0004880 secs] [Times: user=0,00 sys=0,00, real=0,00 secs] 
20,848: [GC (Allocation Failure) [PSYoungGen: 114240K->96K(111104K)] 115968K->1824K(286208K), 0,0005019 secs] [Times: user=0,00 sys=0,00, real=0,00 secs] 
20,900: [GC (Allocation Failure) [PSYoungGen: 110688K->64K(108032K)] 112416K->1792K(283136K), 0,0004877 secs] [Times: user=0,01 sys=0,00, real=0,00 secs] 
20,950: [GC (Allocation Failure) [PSYoungGen: 107584K->64K(104960K)] 109312K->1792K(280064K), 0,0004761 secs] [Times: user=0,00 sys=0,00, real=0,00 secs] 
20,999: [GC (Allocation Failure) [PSYoungGen: 104512K->64K(101888K)] 106240K->1792K(276992K), 0,0004839 secs] [Times: user=0,01 sys=0,00, real=0,00 secs] 
21,046: [GC (Allocation Failure) [PSYoungGen: 101440K->96K(98816K)] 103168K->1824K(273920K), 0,0004670 secs] [Times: user=0,00 sys=0,00, real=0,00 secs] 
21,092: [GC (Allocation Failure) [PSYoungGen: 98400K->96K(96256K)] 100128K->1824K(271360K), 0,0004764 secs] [Times: user=0,00 sys=0,00, real=0,00 secs] 
21,137: [GC (Allocation Failure) [PSYoungGen: 95840K->64K(93696K)] 97568K->1792K(268800K), 0,0004941 secs] [Times: user=0,00 sys=0,00, real=0,00 secs] 
21,180: [GC (Allocation Failure) [PSYoungGen: 93248K->64K(91136K)] 94976K->1792K(266240K), 0,0004896 secs] [Times: user=0,00 sys=0,00, real=0,00 secs] 
21,223: [GC (Allocation Failure) [PSYoungGen: 90688K->64K(88576K)] 92416K->1792K(263680K), 0,0004658 secs] [Times: user=0,00 sys=0,00, real=0,01 secs] 
21,264: [GC (Allocation Failure) [PSYoungGen: 88128K->64K(86528K)] 89856K->1792K(261632K), 0,0004709 secs] [Times: user=0,00 sys=0,00, real=0,00 secs] 
21,304: [GC (Allocation Failure) [PSYoungGen: 86080K->64K(103936K)] 87808K->1792K(279040K), 0,0005160 secs] [Times: user=0,00 sys=0,00, real=0,00 secs] 
21,353: [GC (Allocation Failure) [PSYoungGen: 103488K->96K(100864K)] 105216K->1824K(275968K), 0,0004682 secs] [Times: user=0,00 sys=0,00, real=0,00 secs] 
21,400: [GC (Allocation Failure) [PSYoungGen: 100448K->96K(98304K)] 102176K->1824K(273408K), 0,0005029 secs] [Times: user=0,00 sys=0,00, real=0,00 secs] 
21,446: [GC (Allocation Failure) [PSYoungGen: 97888K->96K(95744K)] 99616K->1824K(270848K), 0,0004708 secs] [Times: user=0,00 sys=0,00, real=0,00 secs] 
21,490: [GC (Allocation Failure) [PSYoungGen: 95328K->64K(93184K)] 97056K->1792K(268288K), 0,0004970 secs] [Times: user=0,00 sys=0,00, real=0,00 secs] 
21,534: [GC (Allocation Failure) [PSYoungGen: 92736K->96K(90624K)] 94464K->1824K(265728K), 0,0004710 secs] [Times: user=0,01 sys=0,00, real=0,00 secs] 
21,576: [GC (Allocation Failure) [PSYoungGen: 90208K->96K(109056K)] 91936K->1824K(284160K), 0,0004811 secs] [Times: user=0,00 sys=0,00, real=0,00 secs] 
21,627: [GC (Allocation Failure) [PSYoungGen: 108640K->96K(105984K)] 110368K->1824K(281088K), 0,0005270 secs] [Times: user=0,00 sys=0,00, real=0,00 secs] 
21,676: [GC (Allocation Failure) [PSYoungGen: 105568K->64K(102912K)] 107296K->1792K(278016K), 0,0004829 secs] [Times: user=0,00 sys=0,00, real=0,00 secs] 
21,724: [GC (Allocation Failure) [PSYoungGen: 102464K->96K(99840K)] 104192K->1824K(274944K), 0,0004760 secs] [Times: user=0,00 sys=0,00, real=0,00 secs] 
21,770: [GC (Allocation Failure) [PSYoungGen: 99424K->64K(97280K)] 101152K->1792K(272384K), 0,0004997 secs] [Times: user=0,00 sys=0,00, real=0,00 secs] 
21,816: [GC (Allocation Failure) [PSYoungGen: 96831K->96K(94720K)] 98560K->1824K(269824K), 0,0004625 secs] [Times: user=0,00 sys=0,00, real=0,00 secs] 
21,860: [GC (Allocation Failure) [PSYoungGen: 94304K->64K(92160K)] 96032K->1792K(267264K), 0,0004775 secs] [Times: user=0,00 sys=0,00, real=0,00 secs] 
21,903: [GC (Allocation Failure) [PSYoungGen: 91712K->64K(89600K)] 93440K->1792K(264704K), 0,0004731 secs] [Times: user=0,00 sys=0,00, real=0,00 secs] 
21,945: [GC (Allocation Failure) [PSYoungGen: 89152K->64K(107520K)] 90880K->1792K(282624K), 0,0005072 secs] [Times: user=0,00 sys=0,00, real=0,00 secs] 
21,995: [GC (Allocation Failure) [PSYoungGen: 107072K->96K(104448K)] 108800K->1824K(279552K), 0,0004974 secs] [Times: user=0,00 sys=0,00, real=0,00 secs] 
22,043: [GC (Allocation Failure) [PSYoungGen: 104032K->64K(101376K)] 105760K->1792K(276480K), 0,0005003 secs] [Times: user=0,00 sys=0,00, real=0,01 secs] 
22,090: [GC (Allocation Failure) [PSYoungGen: 100928K->64K(98816K)] 102656K->1792K(273920K), 0,0004716 secs] [Times: user=0,00 sys=0,00, real=0,00 secs] 
22,137: [GC (Allocation Failure) [PSYoungGen: 98368K->96K(96256K)] 100096K->1824K(271360K), 0,0004943 secs] [Times: user=0,00 sys=0,00, real=0,00 secs] 
22,181: [GC (Allocation Failure) [PSYoungGen: 95840K->64K(93696K)] 97568K->1792K(268800K), 0,0004793 secs] [Times: user=0,00 sys=0,00, real=0,00 secs] 
22,225: [GC (Allocation Failure) [PSYoungGen: 93248K->96K(91136K)] 94976K->1824K(266240K), 0,0004934 secs] [Times: user=0,00 sys=0,00, real=0,00 secs] 
22,267: [GC (Allocation Failure) [PSYoungGen: 90720K->96K(88576K)] 92448K->1824K(263680K), 0,0004682 secs] [Times: user=0,01 sys=0,00, real=0,00 secs] 
22,309: [GC (Allocation Failure) [PSYoungGen: 88160K->64K(106496K)] 89888K->1792K(281600K), 0,0004644 secs] [Times: user=0,00 sys=0,00, real=0,00 secs] 
22,358: [GC (Allocation Failure) [PSYoungGen: 106048K->64K(103424K)] 107776K->1792K(278528K), 0,0004726 secs] [Times: user=0,00 sys=0,00, real=0,00 secs] 
22,406: [GC (Allocation Failure) [PSYoungGen: 102976K->96K(100352K)] 104704K->1824K(275456K), 0,0004696 secs] [Times: user=0,01 sys=0,00, real=0,00 secs] 
22,453: [GC (Allocation Failure) [PSYoungGen: 99936K->96K(97792K)] 101664K->1824K(272896K), 0,0004817 secs] [Times: user=0,00 sys=0,00, real=0,01 secs] 
22,498: [GC (Allocation Failure) [PSYoungGen: 97376K->96K(95232K)] 99104K->1824K(270336K), 0,0004631 secs] [Times: user=0,00 sys=0,00, real=0,00 secs] 
22,543: [GC (Allocation Failure) [PSYoungGen: 94816K->96K(92672K)] 96544K->1824K(267776K), 0,0005297 secs] [Times: user=0,00 sys=0,00, real=0,00 secs] 
22,586: [GC (Allocation Failure) [PSYoungGen: 92256K->96K(90112K)] 93984K->1824K(265216K), 0,0004790 secs] [Times: user=0,00 sys=0,00, real=0,00 secs] 
22,628: [GC (Allocation Failure) [PSYoungGen: 89696K->96K(108032K)] 91424K->1824K(283136K), 0,0005372 secs] [Times: user=0,00 sys=0,00, real=0,00 secs] 
22,678: [GC (Allocation Failure) [PSYoungGen: 107616K->64K(104960K)] 109344K->1792K(280064K), 0,0004855 secs] [Times: user=0,00 sys=0,00, real=0,00 secs] 
22,727: [GC (Allocation Failure) [PSYoungGen: 104512K->64K(101888K)] 106240K->1792K(276992K), 0,0004700 secs] [Times: user=0,00 sys=0,00, real=0,00 secs] 
22,774: [GC (Allocation Failure) [PSYoungGen: 101440K->96K(98816K)] 103168K->1824K(273920K), 0,0005110 secs] [Times: user=0,00 sys=0,00, real=0,00 secs] 
22,820: [GC (Allocation Failure) [PSYoungGen: 98400K->96K(96256K)] 100128K->1824K(271360K), 0,0004755 secs] [Times: user=0,00 sys=0,00, real=0,00 secs] 
22,865: [GC (Allocation Failure) [PSYoungGen: 95840K->96K(93696K)] 97568K->1824K(268800K), 0,0004571 secs] [Times: user=0,00 sys=0,00, real=0,00 secs] 
22,909: [GC (Allocation Failure) [PSYoungGen: 93280K->96K(91136K)] 95008K->1824K(266240K), 0,0004688 secs] [Times: user=0,00 sys=0,00, real=0,00 secs] 
22,951: [GC (Allocation Failure) [PSYoungGen: 90720K->64K(88576K)] 92448K->1792K(263680K), 0,0004891 secs] [Times: user=0,00 sys=0,00, real=0,00 secs] 
22,993: [GC (Allocation Failure) [PSYoungGen: 88128K->64K(86528K)] 89856K->1792K(261632K), 0,0004670 secs] [Times: user=0,00 sys=0,00, real=0,00 secs] 
23,033: [GC (Allocation Failure) [PSYoungGen: 86080K->128K(103936K)] 87808K->1856K(279040K), 0,0004694 secs] [Times: user=0,00 sys=0,00, real=0,01 secs] 
23,081: [GC (Allocation Failure) [PSYoungGen: 103552K->96K(100864K)] 105280K->1824K(275968K), 0,0004711 secs] [Times: user=0,00 sys=0,00, real=0,00 secs] 
23,128: [GC (Allocation Failure) [PSYoungGen: 100448K->64K(121344K)] 102176K->1792K(296448K), 0,0005889 secs] [Times: user=0,00 sys=0,00, real=0,00 secs] 
23,185: [GC (Allocation Failure) [PSYoungGen: 120896K->96K(117760K)] 122624K->1824K(292864K), 0,0005027 secs] [Times: user=0,00 sys=0,00, real=0,00 secs] 
23,240: [GC (Allocation Failure) [PSYoungGen: 117344K->32K(114176K)] 119072K->1760K(289280K), 0,0004791 secs] [Times: user=0,00 sys=0,00, real=0,00 secs] 
23,293: [GC (Allocation Failure) [PSYoungGen: 113696K->64K(110592K)] 115424K->1792K(285696K), 0,0004669 secs] [Times: user=0,00 sys=0,00, real=0,00 secs] 
23,344: [GC (Allocation Failure) [PSYoungGen: 110143K->96K(107520K)] 111872K->1824K(282624K), 0,0005119 secs] [Times: user=0,00 sys=0,00, real=0,00 secs] 
23,394: [GC (Allocation Failure) [PSYoungGen: 107104K->96K(104448K)] 108832K->1824K(279552K), 0,0004649 secs] [Times: user=0,00 sys=0,00, real=0,00 secs] 
23,443: [GC (Allocation Failure) [PSYoungGen: 104032K->96K(101376K)] 105760K->1824K(276480K), 0,0004624 secs] [Times: user=0,00 sys=0,00, real=0,00 secs] 
23,490: [GC (Allocation Failure) [PSYoungGen: 100960K->96K(98816K)] 102688K->1824K(273920K), 0,0004789 secs] [Times: user=0,00 sys=0,00, real=0,00 secs] 
23,536: [GC (Allocation Failure) [PSYoungGen: 98400K->96K(96256K)] 100128K->1824K(271360K), 0,0004806 secs] [Times: user=0,01 sys=0,00, real=0,00 secs] 
23,580: [GC (Allocation Failure) [PSYoungGen: 95840K->64K(93696K)] 97568K->1792K(268800K), 0,0004838 secs] [Times: user=0,00 sys=0,00, real=0,00 secs] 
23,624: [GC (Allocation Failure) [PSYoungGen: 93248K->64K(91136K)] 94976K->1792K(266240K), 0,0004785 secs] [Times: user=0,00 sys=0,00, real=0,00 secs] 
23,667: [GC (Allocation Failure) [PSYoungGen: 90688K->96K(88576K)] 92416K->1824K(263680K), 0,0004955 secs] [Times: user=0,00 sys=0,00, real=0,00 secs] 
23,708: [GC (Allocation Failure) [PSYoungGen: 88160K->64K(86528K)] 89888K->1792K(261632K), 0,0004747 secs] [Times: user=0,00 sys=0,00, real=0,00 secs] 
23,748: [GC (Allocation Failure) [PSYoungGen: 86080K->96K(103936K)] 87808K->1824K(279040K), 0,0005060 secs] [Times: user=0,00 sys=0,00, real=0,00 secs] 
23,796: [GC (Allocation Failure) [PSYoungGen: 103519K->96K(124928K)] 105248K->1824K(300032K), 0,0004840 secs] [Times: user=0,00 sys=0,00, real=0,00 secs] 
23,855: [GC (Allocation Failure) [PSYoungGen: 124512K->64K(121344K)] 126240K->1792K(296448K), 0,0004837 secs] [Times: user=0,00 sys=0,00, real=0,00 secs] 
23,911: [GC (Allocation Failure) [PSYoungGen: 120896K->96K(117760K)] 122624K->1824K(292864K), 0,0004820 secs] [Times: user=0,00 sys=0,00, real=0,00 secs] 
23,966: [GC (Allocation Failure) [PSYoungGen: 117344K->96K(114176K)] 119072K->1824K(289280K), 0,0004752 secs] [Times: user=0,00 sys=0,00, real=0,00 secs] 
24,019: [GC (Allocation Failure) [PSYoungGen: 113760K->96K(110592K)] 115488K->1824K(285696K), 0,0004703 secs] [Times: user=0,00 sys=0,00, real=0,00 secs] 
24,070: [GC (Allocation Failure) [PSYoungGen: 110176K->64K(107520K)] 111904K->1792K(282624K), 0,0004800 secs] [Times: user=0,00 sys=0,00, real=0,00 secs] 
24,121: [GC (Allocation Failure) [PSYoungGen: 107072K->32K(104448K)] 108800K->1760K(279552K), 0,0005248 secs] [Times: user=0,01 sys=0,00, real=0,00 secs] 
24,169: [GC (Allocation Failure) [PSYoungGen: 103968K->96K(101376K)] 105696K->1824K(276480K), 0,0004859 secs] [Times: user=0,00 sys=0,00, real=0,00 secs] 
24,217: [GC (Allocation Failure) [PSYoungGen: 100960K->96K(98816K)] 102688K->1824K(273920K), 0,0004667 secs] [Times: user=0,00 sys=0,00, real=0,00 secs] 
24,263: [GC (Allocation Failure) [PSYoungGen: 98400K->64K(96256K)] 100128K->1792K(271360K), 0,0004864 secs] [Times: user=0,00 sys=0,00, real=0,00 secs] 
24,307: [GC (Allocation Failure) [PSYoungGen: 95808K->96K(93696K)] 97536K->1824K(268800K), 0,0004696 secs] [Times: user=0,00 sys=0,00, real=0,00 secs] 
24,351: [GC (Allocation Failure) [PSYoungGen: 93280K->64K(91136K)] 95008K->1792K(266240K), 0,0004642 secs] [Times: user=0,00 sys=0,00, real=0,00 secs] 
24,393: [GC (Allocation Failure) [PSYoungGen: 90688K->64K(109568K)] 92416K->1792K(284672K), 0,0006507 secs] [Times: user=0,00 sys=0,00, real=0,00 secs] 
24,445: [GC (Allocation Failure) [PSYoungGen: 109120K->96K(131584K)] 110848K->1824K(306688K), 0,0004856 secs] [Times: user=0,00 sys=0,00, real=0,00 secs] 
24,506: [GC (Allocation Failure) [PSYoungGen: 131168K->64K(127488K)] 132896K->1792K(302592K), 0,0004954 secs] [Times: user=0,00 sys=0,00, real=0,00 secs] 
24,565: [GC (Allocation Failure) [PSYoungGen: 127040K->96K(123392K)] 128768K->1824K(298496K), 0,0004994 secs] [Times: user=0,00 sys=0,00, real=0,00 secs] 
24,623: [GC (Allocation Failure) [PSYoungGen: 122976K->64K(119808K)] 124704K->1792K(294912K), 0,0004726 secs] [Times: user=0,00 sys=0,00, real=0,01 secs] 
24,679: [GC (Allocation Failure) [PSYoungGen: 119359K->96K(116224K)] 121088K->1824K(291328K), 0,0005004 secs] [Times: user=0,00 sys=0,00, real=0,00 secs] 
24,733: [GC (Allocation Failure) [PSYoungGen: 115808K->32K(112640K)] 117536K->1760K(287744K), 0,0008023 secs] [Times: user=0,00 sys=0,00, real=0,01 secs] 
24,785: [GC (Allocation Failure) [PSYoungGen: 112160K->64K(109568K)] 113888K->1792K(284672K), 0,0004804 secs] [Times: user=0,01 sys=0,00, real=0,00 secs] 
24,836: [GC (Allocation Failure) [PSYoungGen: 109120K->64K(106496K)] 110848K->1792K(281600K), 0,0004972 secs] [Times: user=0,00 sys=0,00, real=0,00 secs] 
24,886: [GC (Allocation Failure) [PSYoungGen: 106048K->96K(103424K)] 107776K->1824K(278528K), 0,0004700 secs] [Times: user=0,00 sys=0,00, real=0,00 secs] 
24,934: [GC (Allocation Failure) [PSYoungGen: 103008K->64K(100352K)] 104736K->1792K(275456K), 0,0005057 secs] [Times: user=0,01 sys=0,00, real=0,00 secs] 
24,980: [GC (Allocation Failure) [PSYoungGen: 99904K->64K(97792K)] 101632K->1792K(272896K), 0,0004763 secs] [Times: user=0,00 sys=0,00, real=0,00 secs] 
25,026: [GC (Allocation Failure) [PSYoungGen: 97344K->64K(95232K)] 99072K->1792K(270336K), 0,0004652 secs] [Times: user=0,00 sys=0,00, real=0,00 secs] 
25,070: [GC (Allocation Failure) [PSYoungGen: 94784K->32K(92672K)] 96512K->1760K(267776K), 0,0004784 secs] [Times: user=0,00 sys=0,00, real=0,00 secs] 
25,113: [GC (Allocation Failure) [PSYoungGen: 92192K->96K(90112K)] 93920K->1824K(265216K), 0,0004597 secs] [Times: user=0,01 sys=0,00, real=0,00 secs] 
25,156: [GC (Allocation Failure) [PSYoungGen: 89696K->96K(87552K)] 91424K->1824K(262656K), 0,0005056 secs] [Times: user=0,00 sys=0,00, real=0,00 secs] 
25,196: [GC (Allocation Failure) [PSYoungGen: 87136K->96K(104960K)] 88864K->1824K(280064K), 0,0004544 secs] [Times: user=0,00 sys=0,00, real=0,00 secs] 
25,245: [GC (Allocation Failure) [PSYoungGen: 104544K->64K(101888K)] 106272K->1792K(276992K), 0,0004771 secs] [Times: user=0,00 sys=0,00, real=0,00 secs] 
25,293: [GC (Allocation Failure) [PSYoungGen: 101440K->64K(98816K)] 103168K->1792K(273920K), 0,0004734 secs] [Times: user=0,00 sys=0,00, real=0,00 secs] 
25,339: [GC (Allocation Failure) [PSYoungGen: 98368K->96K(96256K)] 100096K->1824K(271360K), 0,0004737 secs] [Times: user=0,00 sys=0,00, real=0,00 secs] 
25,383: [GC (Allocation Failure) [PSYoungGen: 95840K->96K(93696K)] 97568K->1824K(268800K), 0,0004530 secs] [Times: user=0,00 sys=0,00, real=0,01 secs] 
25,427: [GC (Allocation Failure) [PSYoungGen: 93280K->96K(91136K)] 95008K->1824K(266240K), 0,0004714 secs] [Times: user=0,00 sys=0,01, real=0,00 secs] 
25,469: [GC (Allocation Failure) [PSYoungGen: 90720K->64K(88576K)] 92448K->1792K(263680K), 0,0005143 secs] [Times: user=0,01 sys=0,00, real=0,00 secs] 
25,510: [GC (Allocation Failure) [PSYoungGen: 88128K->64K(106496K)] 89856K->1792K(281600K), 0,0005673 secs] [Times: user=0,00 sys=0,00, real=0,00 secs] 
25,560: [GC (Allocation Failure) [PSYoungGen: 106048K->96K(128000K)] 107776K->1824K(303104K), 0,0004749 secs] [Times: user=0,00 sys=0,00, real=0,00 secs] 
25,619: [GC (Allocation Failure) [PSYoungGen: 127584K->64K(123904K)] 129312K->1792K(299008K), 0,0004900 secs] [Times: user=0,00 sys=0,00, real=0,00 secs] 
25,677: [GC (Allocation Failure) [PSYoungGen: 123456K->96K(120320K)] 125184K->1824K(295424K), 0,0004947 secs] [Times: user=0,00 sys=0,00, real=0,00 secs] 
25,732: [GC (Allocation Failure) [PSYoungGen: 119904K->64K(116736K)] 121632K->1792K(291840K), 0,0006766 secs] [Times: user=0,00 sys=0,00, real=0,00 secs] 
25,787: [GC (Allocation Failure) [PSYoungGen: 116288K->96K(113152K)] 118016K->1824K(288256K), 0,0004941 secs] [Times: user=0,01 sys=0,00, real=0,00 secs] 
25,840: [GC (Allocation Failure) [PSYoungGen: 112736K->96K(110080K)] 114464K->1824K(285184K), 0,0004897 secs] [Times: user=0,00 sys=0,00, real=0,00 secs] 
25,891: [GC (Allocation Failure) [PSYoungGen: 109664K->96K(107008K)] 111392K->1824K(282112K), 0,0005028 secs] [Times: user=0,00 sys=0,00, real=0,00 secs] 
25,941: [GC (Allocation Failure) [PSYoungGen: 106592K->64K(103936K)] 108320K->1792K(279040K), 0,0004901 secs] [Times: user=0,00 sys=0,00, real=0,00 secs] 
25,989: [GC (Allocation Failure) [PSYoungGen: 103488K->96K(100864K)] 105216K->1824K(275968K), 0,0004734 secs] [Times: user=0,00 sys=0,00, real=0,00 secs] 
26,036: [GC (Allocation Failure) [PSYoungGen: 100448K->96K(98304K)] 102176K->1824K(273408K), 0,0005097 secs] [Times: user=0,00 sys=0,00, real=0,00 secs] 
26,082: [GC (Allocation Failure) [PSYoungGen: 97888K->64K(95744K)] 99616K->1792K(270848K), 0,0004765 secs] [Times: user=0,00 sys=0,00, real=0,00 secs] 
26,127: [GC (Allocation Failure) [PSYoungGen: 95296K->96K(93184K)] 97024K->1824K(268288K), 0,0004899 secs] [Times: user=0,00 sys=0,00, real=0,00 secs] 
26,170: [GC (Allocation Failure) [PSYoungGen: 92768K->96K(90624K)] 94496K->1824K(265728K), 0,0004940 secs] [Times: user=0,00 sys=0,00, real=0,00 secs] 
26,213: [GC (Allocation Failure) [PSYoungGen: 90208K->96K(88064K)] 91936K->1824K(263168K), 0,0004754 secs] [Times: user=0,01 sys=0,00, real=0,00 secs] 
26,254: [GC (Allocation Failure) [PSYoungGen: 87648K->96K(105984K)] 89376K->1824K(281088K), 0,0004732 secs] [Times: user=0,00 sys=0,00, real=0,00 secs] 
26,303: [GC (Allocation Failure) [PSYoungGen: 105568K->64K(102912K)] 107296K->1792K(278016K), 0,0004756 secs] [Times: user=0,00 sys=0,00, real=0,00 secs] 
26,351: [GC (Allocation Failure) [PSYoungGen: 102464K->64K(99840K)] 104192K->1792K(274944K), 0,0004967 secs] [Times: user=0,00 sys=0,00, real=0,00 secs] 
26,397: [GC (Allocation Failure) [PSYoungGen: 99392K->96K(119808K)] 101120K->1824K(294912K), 0,0005739 secs] [Times: user=0,00 sys=0,00, real=0,00 secs] 
26,452: [GC (Allocation Failure) [PSYoungGen: 119392K->64K(116224K)] 121120K->1792K(291328K), 0,0004786 secs] [Times: user=0,00 sys=0,00, real=0,00 secs] 
26,506: [GC (Allocation Failure) [PSYoungGen: 115776K->64K(112640K)] 117504K->1792K(287744K), 0,0004878 secs] [Times: user=0,00 sys=0,00, real=0,00 secs] 
26,559: [GC (Allocation Failure) [PSYoungGen: 112192K->64K(109568K)] 113920K->1792K(284672K), 0,0005042 secs] [Times: user=0,00 sys=0,00, real=0,00 secs] 
26,610: [GC (Allocation Failure) [PSYoungGen: 109120K->64K(106496K)] 110848K->1792K(281600K), 0,0004728 secs] [Times: user=0,01 sys=0,00, real=0,00 secs] 
26,660: [GC (Allocation Failure) [PSYoungGen: 106048K->96K(103424K)] 107776K->1824K(278528K), 0,0005017 secs] [Times: user=0,01 sys=0,00, real=0,00 secs] 
26,708: [GC (Allocation Failure) [PSYoungGen: 103008K->96K(100352K)] 104736K->1824K(275456K), 0,0004719 secs] [Times: user=0,00 sys=0,00, real=0,00 secs] 
26,754: [GC (Allocation Failure) [PSYoungGen: 99936K->64K(97792K)] 101664K->1792K(272896K), 0,0004912 secs] [Times: user=0,00 sys=0,00, real=0,00 secs] 
26,800: [GC (Allocation Failure) [PSYoungGen: 97344K->64K(95232K)] 99072K->1792K(270336K), 0,0005173 secs] [Times: user=0,00 sys=0,00, real=0,00 secs] 
26,844: [GC (Allocation Failure) [PSYoungGen: 94784K->96K(92672K)] 96512K->1824K(267776K), 0,0004861 secs] [Times: user=0,00 sys=0,00, real=0,00 secs] 
26,887: [GC (Allocation Failure) [PSYoungGen: 92256K->96K(90112K)] 93984K->1824K(265216K), 0,0004696 secs] [Times: user=0,01 sys=0,00, real=0,00 secs] 
26,929: [GC (Allocation Failure) [PSYoungGen: 89696K->96K(87552K)] 91424K->1824K(262656K), 0,0004669 secs] [Times: user=0,00 sys=0,00, real=0,00 secs] 
26,970: [GC (Allocation Failure) [PSYoungGen: 87136K->96K(85504K)] 88864K->1824K(260608K), 0,0004679 secs] [Times: user=0,00 sys=0,00, real=0,00 secs] 
27,010: [GC (Allocation Failure) [PSYoungGen: 85088K->64K(102912K)] 86816K->1792K(278016K), 0,0004631 secs] [Times: user=0,00 sys=0,00, real=0,00 secs] 
27,058: [GC (Allocation Failure) [PSYoungGen: 102464K->96K(99840K)] 104192K->1824K(274944K), 0,0004584 secs] [Times: user=0,00 sys=0,00, real=0,00 secs] 
27,105: [GC (Allocation Failure) [PSYoungGen: 99424K->96K(97280K)] 101152K->1824K(272384K), 0,0004715 secs] [Times: user=0,01 sys=0,00, real=0,00 secs] 
27,151: [GC (Allocation Failure) [PSYoungGen: 96864K->96K(94720K)] 98592K->1824K(269824K), 0,0005150 secs] [Times: user=0,00 sys=0,00, real=0,00 secs] 
27,195: [GC (Allocation Failure) [PSYoungGen: 94304K->96K(113664K)] 96032K->1824K(288768K), 0,0006020 secs] [Times: user=0,01 sys=0,00, real=0,00 secs] 
27,247: [GC (Allocation Failure) [PSYoungGen: 113248K->64K(136704K)] 114976K->1792K(311808K), 0,0005510 secs] [Times: user=0,00 sys=0,00, real=0,00 secs] 
27,311: [GC (Allocation Failure) [PSYoungGen: 136256K->64K(132608K)] 137984K->1792K(307712K), 0,0004940 secs] [Times: user=0,00 sys=0,00, real=0,00 secs] 
27,373: [GC (Allocation Failure) [PSYoungGen: 132160K->96K(128512K)] 133888K->1824K(303616K), 0,0004802 secs] [Times: user=0,00 sys=0,00, real=0,00 secs] 
27,432: [GC (Allocation Failure) [PSYoungGen: 128096K->96K(124416K)] 129824K->1824K(299520K), 0,0004818 secs] [Times: user=0,00 sys=0,00, real=0,00 secs] 
27,490: [GC (Allocation Failure) [PSYoungGen: 124000K->64K(120832K)] 125728K->1792K(295936K), 0,0005285 secs] [Times: user=0,00 sys=0,00, real=0,00 secs] 
27,546: [GC (Allocation Failure) [PSYoungGen: 120384K->96K(117248K)] 122112K->1824K(292352K), 0,0004753 secs] [Times: user=0,00 sys=0,00, real=0,00 secs] 
27,600: [GC (Allocation Failure) [PSYoungGen: 116832K->64K(113664K)] 118560K->1792K(288768K), 0,0004867 secs] [Times: user=0,00 sys=0,00, real=0,00 secs] 
27,653: [GC (Allocation Failure) [PSYoungGen: 113216K->64K(110592K)] 114944K->1792K(285696K), 0,0004920 secs] [Times: user=0,00 sys=0,00, real=0,01 secs] 
27,705: [GC (Allocation Failure) [PSYoungGen: 110144K->96K(107520K)] 111872K->1824K(282624K), 0,0005069 secs] [Times: user=0,00 sys=0,00, real=0,00 secs] 
27,755: [GC (Allocation Failure) [PSYoungGen: 107104K->64K(104448K)] 108832K->1792K(279552K), 0,0004781 secs] [Times: user=0,00 sys=0,00, real=0,00 secs] 
27,803: [GC (Allocation Failure) [PSYoungGen: 104000K->96K(101376K)] 105728K->1824K(276480K), 0,0004995 secs] [Times: user=0,00 sys=0,00, real=0,01 secs] 
27,850: [GC (Allocation Failure) [PSYoungGen: 100960K->64K(98816K)] 102688K->1792K(273920K), 0,0004819 secs] [Times: user=0,00 sys=0,00, real=0,00 secs] 
27,896: [GC (Allocation Failure) [PSYoungGen: 98368K->96K(96256K)] 100096K->1824K(271360K), 0,0004630 secs] [Times: user=0,00 sys=0,00, real=0,00 secs] 
27,941: [GC (Allocation Failure) [PSYoungGen: 95840K->96K(93696K)] 97568K->1824K(268800K), 0,0004854 secs] [Times: user=0,00 sys=0,00, real=0,00 secs] 
27,985: [GC (Allocation Failure) [PSYoungGen: 93280K->96K(91136K)] 95008K->1824K(266240K), 0,0005138 secs] [Times: user=0,00 sys=0,00, real=0,00 secs] 
28,027: [GC (Allocation Failure) [PSYoungGen: 90720K->64K(88576K)] 92448K->1792K(263680K), 0,0004803 secs] [Times: user=0,00 sys=0,00, real=0,00 secs] 
28,068: [GC (Allocation Failure) [PSYoungGen: 88128K->96K(86528K)] 89856K->1824K(261632K), 0,0004687 secs] [Times: user=0,00 sys=0,00, real=0,00 secs] 
28,109: [GC (Allocation Failure) [PSYoungGen: 86112K->96K(103936K)] 87840K->1824K(279040K), 0,0004415 secs] [Times: user=0,00 sys=0,00, real=0,00 secs] 
28,157: [GC (Allocation Failure) [PSYoungGen: 103519K->96K(100864K)] 105248K->1824K(275968K), 0,0004875 secs] [Times: user=0,00 sys=0,00, real=0,00 secs] 
28,204: [GC (Allocation Failure) [PSYoungGen: 100448K->64K(98304K)] 102176K->1792K(273408K), 0,0004724 secs] [Times: user=0,00 sys=0,00, real=0,00 secs] 
28,250: [GC (Allocation Failure) [PSYoungGen: 97856K->96K(95744K)] 99584K->1824K(270848K), 0,0004749 secs] [Times: user=0,00 sys=0,00, real=0,00 secs] 
28,295: [GC (Allocation Failure) [PSYoungGen: 95328K->96K(93184K)] 97056K->1824K(268288K), 0,0005279 secs] [Times: user=0,01 sys=0,00, real=0,00 secs] 
28,338: [GC (Allocation Failure) [PSYoungGen: 92768K->96K(90624K)] 94496K->1824K(265728K), 0,0004636 secs] [Times: user=0,00 sys=0,00, real=0,00 secs] 
28,380: [GC (Allocation Failure) [PSYoungGen: 90208K->96K(109056K)] 91936K->1824K(284160K), 0,0004688 secs] [Times: user=0,00 sys=0,00, real=0,00 secs] 
28,431: [GC (Allocation Failure) [PSYoungGen: 108640K->64K(105984K)] 110368K->1792K(281088K), 0,0004799 secs] [Times: user=0,00 sys=0,00, real=0,00 secs] 
28,480: [GC (Allocation Failure) [PSYoungGen: 105536K->64K(102912K)] 107264K->1792K(278016K), 0,0004973 secs] [Times: user=0,00 sys=0,00, real=0,00 secs] 
28,527: [GC (Allocation Failure) [PSYoungGen: 102464K->96K(99840K)] 104192K->1824K(274944K), 0,0004881 secs] [Times: user=0,00 sys=0,00, real=0,00 secs] 
28,574: [GC (Allocation Failure) [PSYoungGen: 99424K->96K(97280K)] 101152K->1824K(272384K), 0,0004938 secs] [Times: user=0,00 sys=0,00, real=0,00 secs] 
28,619: [GC (Allocation Failure) [PSYoungGen: 96864K->96K(94720K)] 98592K->1824K(269824K), 0,0004899 secs] [Times: user=0,00 sys=0,00, real=0,00 secs] 
28,663: [GC (Allocation Failure) [PSYoungGen: 94304K->64K(92160K)] 96032K->1792K(267264K), 0,0005169 secs] [Times: user=0,00 sys=0,00, real=0,00 secs] 
28,706: [GC (Allocation Failure) [PSYoungGen: 91712K->32K(110592K)] 93440K->1760K(285696K), 0,0004719 secs] [Times: user=0,00 sys=0,00, real=0,00 secs] 
28,758: [GC (Allocation Failure) [PSYoungGen: 110112K->96K(107520K)] 111840K->1824K(282624K), 0,0004838 secs] [Times: user=0,00 sys=0,00, real=0,00 secs] 
28,808: [GC (Allocation Failure) [PSYoungGen: 107104K->96K(104448K)] 108832K->1824K(279552K), 0,0005735 secs] [Times: user=0,00 sys=0,00, real=0,00 secs] 
28,856: [GC (Allocation Failure) [PSYoungGen: 104032K->128K(101376K)] 105760K->1856K(276480K), 0,0004689 secs] [Times: user=0,00 sys=0,00, real=0,00 secs] 
28,903: [GC (Allocation Failure) [PSYoungGen: 100992K->96K(98816K)] 102720K->1824K(273920K), 0,0004797 secs] [Times: user=0,00 sys=0,00, real=0,01 secs] 
28,949: [GC (Allocation Failure) [PSYoungGen: 98400K->96K(96256K)] 100128K->1824K(271360K), 0,0004748 secs] [Times: user=0,01 sys=0,00, real=0,00 secs] 
28,994: [GC (Allocation Failure) [PSYoungGen: 95840K->96K(93696K)] 97568K->1824K(268800K), 0,0004650 secs] [Times: user=0,00 sys=0,00, real=0,00 secs] 
29,037: [GC (Allocation Failure) [PSYoungGen: 93280K->96K(91136K)] 95008K->1824K(266240K), 0,0004581 secs] [Times: user=0,00 sys=0,00, real=0,00 secs] 
29,080: [GC (Allocation Failure) [PSYoungGen: 90720K->96K(88576K)] 92448K->1824K(263680K), 0,0004720 secs] [Times: user=0,00 sys=0,00, real=0,00 secs] 
29,121: [GC (Allocation Failure) [PSYoungGen: 88160K->64K(106496K)] 89888K->1792K(281600K), 0,0004924 secs] [Times: user=0,00 sys=0,00, real=0,00 secs] 
29,170: [GC (Allocation Failure) [PSYoungGen: 106048K->64K(103424K)] 107776K->1792K(278528K), 0,0004901 secs] [Times: user=0,00 sys=0,00, real=0,00 secs] 
29,218: [GC (Allocation Failure) [PSYoungGen: 102976K->64K(100352K)] 104704K->1792K(275456K), 0,0004965 secs] [Times: user=0,00 sys=0,00, real=0,00 secs] 
29,265: [GC (Allocation Failure) [PSYoungGen: 99904K->96K(97792K)] 101632K->1824K(272896K), 0,0004947 secs] [Times: user=0,00 sys=0,00, real=0,00 secs] 
29,310: [GC (Allocation Failure) [PSYoungGen: 97376K->96K(95232K)] 99104K->1824K(270336K), 0,0004486 secs] [Times: user=0,00 sys=0,00, real=0,00 secs] 
29,354: [GC (Allocation Failure) [PSYoungGen: 94816K->96K(92672K)] 96544K->1824K(267776K), 0,0004759 secs] [Times: user=0,00 sys=0,00, real=0,00 secs] 
29,397: [GC (Allocation Failure) [PSYoungGen: 92256K->96K(90112K)] 93984K->1824K(265216K), 0,0004776 secs] [Times: user=0,00 sys=0,00, real=0,00 secs] 
29,439: [GC (Allocation Failure) [PSYoungGen: 89696K->128K(87552K)] 91424K->1856K(262656K), 0,0004767 secs] [Times: user=0,00 sys=0,00, real=0,00 secs] 
29,480: [GC (Allocation Failure) [PSYoungGen: 87168K->96K(104960K)] 88896K->1824K(280064K), 0,0004655 secs] [Times: user=0,00 sys=0,00, real=0,00 secs] 
29,529: [GC (Allocation Failure) [PSYoungGen: 104544K->96K(101888K)] 106272K->1824K(276992K), 0,0004752 secs] [Times: user=0,00 sys=0,00, real=0,00 secs] 
29,576: [GC (Allocation Failure) [PSYoungGen: 101472K->64K(98816K)] 103200K->1792K(273920K), 0,0004711 secs] [Times: user=0,00 sys=0,00, real=0,00 secs] 
29,622: [GC (Allocation Failure) [PSYoungGen: 98368K->96K(96256K)] 100096K->1824K(271360K), 0,0004665 secs] [Times: user=0,00 sys=0,00, real=0,00 secs] 
29,667: [GC (Allocation Failure) [PSYoungGen: 95840K->96K(93696K)] 97568K->1824K(268800K), 0,0004931 secs] [Times: user=0,00 sys=0,00, real=0,00 secs] 
29,710: [GC (Allocation Failure) [PSYoungGen: 93280K->64K(91136K)] 95008K->1792K(266240K), 0,0004824 secs] [Times: user=0,00 sys=0,00, real=0,00 secs] 
29,752: [GC (Allocation Failure) [PSYoungGen: 90688K->64K(88576K)] 92416K->1792K(263680K), 0,0004814 secs] [Times: user=0,00 sys=0,00, real=0,00 secs] 
29,794: [GC (Allocation Failure) [PSYoungGen: 88128K->96K(106496K)] 89856K->1824K(281600K), 0,0004889 secs] [Times: user=0,00 sys=0,00, real=0,00 secs] 
29,843: [GC (Allocation Failure) [PSYoungGen: 106079K->64K(103424K)] 107808K->1792K(278528K), 0,0004827 secs] [Times: user=0,00 sys=0,00, real=0,01 secs] 
29,891: [GC (Allocation Failure) [PSYoungGen: 102976K->96K(100352K)] 104704K->1824K(275456K), 0,0004789 secs] [Times: user=0,01 sys=0,00, real=0,00 secs] 
29,938: [GC (Allocation Failure) [PSYoungGen: 99936K->96K(97792K)] 101664K->1824K(272896K), 0,0004900 secs] [Times: user=0,00 sys=0,00, real=0,00 secs] 
29,983: [GC (Allocation Failure) [PSYoungGen: 97376K->96K(95232K)] 99104K->1824K(270336K), 0,0005376 secs] [Times: user=0,00 sys=0,00, real=0,01 secs] 
30,027: [GC (Allocation Failure) [PSYoungGen: 94816K->96K(92672K)] 96544K->1824K(267776K), 0,0004765 secs] [Times: user=0,00 sys=0,00, real=0,00 secs] 
30,070: [GC (Allocation Failure) [PSYoungGen: 92256K->64K(111104K)] 93984K->1792K(286208K), 0,0004746 secs] [Times: user=0,00 sys=0,00, real=0,00 secs] 
30,122: [GC (Allocation Failure) [PSYoungGen: 110656K->96K(108032K)] 112384K->1824K(283136K), 0,0004772 secs] [Times: user=0,00 sys=0,00, real=0,00 secs] 
30,172: [GC (Allocation Failure) [PSYoungGen: 107616K->64K(104960K)] 109344K->1792K(280064K), 0,0004865 secs] [Times: user=0,00 sys=0,00, real=0,00 secs] 
30,221: [GC (Allocation Failure) [PSYoungGen: 104512K->96K(101888K)] 106240K->1824K(276992K), 0,0004732 secs] [Times: user=0,00 sys=0,00, real=0,00 secs] 
30,269: [GC (Allocation Failure) [PSYoungGen: 101472K->96K(98816K)] 103200K->1824K(273920K), 0,0005594 secs] [Times: user=0,00 sys=0,00, real=0,00 secs] 
30,315: [GC (Allocation Failure) [PSYoungGen: 98400K->96K(96256K)] 100128K->1848K(271360K), 0,0005190 secs] [Times: user=0,00 sys=0,00, real=0,00 secs] 
30,360: [GC (Allocation Failure) [PSYoungGen: 95840K->96K(93696K)] 97592K->1856K(268800K), 0,0004714 secs] [Times: user=0,00 sys=0,00, real=0,00 secs] 
30,404: [GC (Allocation Failure) [PSYoungGen: 93280K->64K(91136K)] 95040K->1824K(266240K), 0,0004811 secs] [Times: user=0,00 sys=0,00, real=0,00 secs] 
30,446: [GC (Allocation Failure) [PSYoungGen: 90688K->64K(88576K)] 92448K->1824K(263680K), 0,0004766 secs] [Times: user=0,00 sys=0,00, real=0,00 secs] 
30,487: [GC (Allocation Failure) [PSYoungGen: 88128K->64K(106496K)] 89888K->1824K(281600K), 0,0010237 secs] [Times: user=0,00 sys=0,00, real=0,00 secs] 
30,537: [GC (Allocation Failure) [PSYoungGen: 106048K->96K(128000K)] 107808K->1856K(303104K), 0,0004883 secs] [Times: user=0,00 sys=0,00, real=0,00 secs] 
30,597: [GC (Allocation Failure) [PSYoungGen: 127584K->96K(153600K)] 129344K->1856K(328704K), 0,0004800 secs] [Times: user=0,00 sys=0,00, real=0,00 secs] 
30,668: [GC (Allocation Failure) [PSYoungGen: 153184K->96K(148480K)] 154944K->1856K(323584K), 0,0004979 secs] [Times: user=0,00 sys=0,00, real=0,00 secs] 
30,737: [GC (Allocation Failure) [PSYoungGen: 148064K->96K(143360K)] 149824K->1856K(318464K), 0,0004925 secs] [Times: user=0,00 sys=0,00, real=0,00 secs] 
30,804: [GC (Allocation Failure) [PSYoungGen: 142944K->64K(138752K)] 144704K->1824K(313856K), 0,0004936 secs] [Times: user=0,00 sys=0,00, real=0,00 secs] 
30,868: [GC (Allocation Failure) [PSYoungGen: 138304K->96K(134144K)] 140064K->1856K(309248K), 0,0004928 secs] [Times: user=0,00 sys=0,00, real=0,00 secs] 
30,930: [GC (Allocation Failure) [PSYoungGen: 133728K->96K(130048K)] 135488K->1856K(305152K), 0,0004834 secs] [Times: user=0,00 sys=0,00, real=0,00 secs] 
30,991: [GC (Allocation Failure) [PSYoungGen: 129632K->64K(125952K)] 131392K->1824K(301056K), 0,0004751 secs] [Times: user=0,00 sys=0,00, real=0,00 secs] 
31,049: [GC (Allocation Failure) [PSYoungGen: 125504K->96K(121856K)] 127264K->1856K(296960K), 0,0005118 secs] [Times: user=0,00 sys=0,00, real=0,00 secs] 
31,106: [GC (Allocation Failure) [PSYoungGen: 121440K->64K(118272K)] 123200K->1824K(293376K), 0,0004785 secs] [Times: user=0,00 sys=0,00, real=0,00 secs] 
31,161: [GC (Allocation Failure) [PSYoungGen: 117824K->96K(114688K)] 119584K->1856K(289792K), 0,0005453 secs] [Times: user=0,00 sys=0,00, real=0,00 secs] 
31,214: [GC (Allocation Failure) [PSYoungGen: 114271K->32K(111104K)] 116032K->1792K(286208K), 0,0004965 secs] [Times: user=0,00 sys=0,00, real=0,00 secs] 
31,266: [GC (Allocation Failure) [PSYoungGen: 110624K->64K(108032K)] 112384K->1824K(283136K), 0,0004904 secs] [Times: user=0,00 sys=0,00, real=0,00 secs] 
31,316: [GC (Allocation Failure) [PSYoungGen: 107584K->96K(104960K)] 109344K->1856K(280064K), 0,0005001 secs] [Times: user=0,00 sys=0,00, real=0,00 secs] 
31,365: [GC (Allocation Failure) [PSYoungGen: 104544K->96K(101888K)] 106304K->1856K(276992K), 0,0005150 secs] [Times: user=0,00 sys=0,00, real=0,00 secs] 
31,413: [GC (Allocation Failure) [PSYoungGen: 101472K->64K(98816K)] 103232K->1824K(273920K), 0,0004726 secs] [Times: user=0,00 sys=0,00, real=0,00 secs] 
31,459: [GC (Allocation Failure) [PSYoungGen: 98368K->64K(96256K)] 100128K->1824K(271360K), 0,0004669 secs] [Times: user=0,00 sys=0,00, real=0,00 secs] 
31,503: [GC (Allocation Failure) [PSYoungGen: 95808K->96K(93696K)] 97568K->1856K(268800K), 0,0004696 secs] [Times: user=0,00 sys=0,00, real=0,00 secs] 
31,547: [GC (Allocation Failure) [PSYoungGen: 93280K->32K(91136K)] 95040K->1792K(266240K), 0,0004760 secs] [Times: user=0,01 sys=0,00, real=0,00 secs] 
31,589: [GC (Allocation Failure) [PSYoungGen: 90656K->96K(88576K)] 92416K->1856K(263680K), 0,0004760 secs] [Times: user=0,00 sys=0,00, real=0,00 secs] 
31,630: [GC (Allocation Failure) [PSYoungGen: 88160K->96K(86528K)] 89920K->1856K(261632K), 0,0004567 secs] [Times: user=0,00 sys=0,00, real=0,00 secs] 
31,671: [GC (Allocation Failure) [PSYoungGen: 86112K->64K(103936K)] 87872K->1824K(279040K), 0,0004724 secs] [Times: user=0,00 sys=0,00, real=0,00 secs] 
31,719: [GC (Allocation Failure) [PSYoungGen: 103488K->96K(100864K)] 105248K->1856K(275968K), 0,0004648 secs] [Times: user=0,00 sys=0,00, real=0,00 secs] 
31,766: [GC (Allocation Failure) [PSYoungGen: 100448K->96K(98304K)] 102208K->1856K(273408K), 0,0004944 secs] [Times: user=0,00 sys=0,00, real=0,00 secs] 
31,811: [GC (Allocation Failure) [PSYoungGen: 97888K->96K(95744K)] 99648K->1856K(270848K), 0,0004666 secs] [Times: user=0,00 sys=0,00, real=0,00 secs] 
31,856: [GC (Allocation Failure) [PSYoungGen: 95328K->96K(93184K)] 97088K->1856K(268288K), 0,0004538 secs] [Times: user=0,00 sys=0,00, real=0,00 secs] 
31,900: [GC (Allocation Failure) [PSYoungGen: 92768K->96K(90624K)] 94528K->1856K(265728K), 0,0004726 secs] [Times: user=0,00 sys=0,00, real=0,00 secs] 
31,942: [GC (Allocation Failure) [PSYoungGen: 90208K->96K(88064K)] 91968K->1856K(263168K), 0,0004642 secs] [Times: user=0,00 sys=0,00, real=0,00 secs] 
31,983: [GC (Allocation Failure) [PSYoungGen: 87648K->64K(86016K)] 89408K->1824K(261120K), 0,0004608 secs] [Times: user=0,01 sys=0,00, real=0,00 secs] 
32,023: [GC (Allocation Failure) [PSYoungGen: 85568K->128K(103424K)] 87328K->1888K(278528K), 0,0005206 secs] [Times: user=0,00 sys=0,00, real=0,00 secs] 
32,071: [GC (Allocation Failure) [PSYoungGen: 103040K->64K(124416K)] 104800K->1824K(299520K), 0,0004770 secs] [Times: user=0,00 sys=0,00, real=0,00 secs] 
32,128: [GC (Allocation Failure) [PSYoungGen: 123968K->64K(120832K)] 125728K->1824K(295936K), 0,0005879 secs] [Times: user=0,00 sys=0,00, real=0,00 secs] 
32,185: [GC (Allocation Failure) [PSYoungGen: 120384K->64K(117248K)] 122144K->1824K(292352K), 0,0005006 secs] [Times: user=0,00 sys=0,00, real=0,00 secs] 
32,239: [GC (Allocation Failure) [PSYoungGen: 116800K->96K(113664K)] 118560K->1856K(288768K), 0,0004746 secs] [Times: user=0,00 sys=0,00, real=0,00 secs] 
32,292: [GC (Allocation Failure) [PSYoungGen: 113248K->96K(110592K)] 115008K->1856K(285696K), 0,0004614 secs] [Times: user=0,00 sys=0,00, real=0,00 secs] 
32,343: [GC (Allocation Failure) [PSYoungGen: 110176K->32K(107520K)] 111936K->1792K(282624K), 0,0006003 secs] [Times: user=0,00 sys=0,00, real=0,00 secs] 
32,393: [GC (Allocation Failure) [PSYoungGen: 107040K->64K(104448K)] 108800K->1824K(279552K), 0,0005713 secs] [Times: user=0,00 sys=0,00, real=0,01 secs] 
32,442: [GC (Allocation Failure) [PSYoungGen: 104000K->64K(101376K)] 105760K->1824K(276480K), 0,0004974 secs] [Times: user=0,00 sys=0,00, real=0,00 secs] 
32,489: [GC (Allocation Failure) [PSYoungGen: 100928K->96K(98816K)] 102688K->1856K(273920K), 0,0004891 secs] [Times: user=0,00 sys=0,00, real=0,00 secs] 
32,535: [GC (Allocation Failure) [PSYoungGen: 98400K->96K(96256K)] 100160K->1856K(271360K), 0,0004683 secs] [Times: user=0,00 sys=0,00, real=0,00 secs] 
32,580: [GC (Allocation Failure) [PSYoungGen: 95840K->64K(93696K)] 97600K->1824K(268800K), 0,0004778 secs] [Times: user=0,00 sys=0,00, real=0,00 secs] 
32,623: [GC (Allocation Failure) [PSYoungGen: 93248K->96K(91136K)] 95008K->1856K(266240K), 0,0004834 secs] [Times: user=0,00 sys=0,00, real=0,01 secs] 
32,666: [GC (Allocation Failure) [PSYoungGen: 90720K->64K(109568K)] 92480K->1824K(284672K), 0,0005184 secs] [Times: user=0,00 sys=0,00, real=0,00 secs] 
32,717: [GC (Allocation Failure) [PSYoungGen: 109119K->96K(106496K)] 110880K->1856K(281600K), 0,0004716 secs] [Times: user=0,01 sys=0,00, real=0,00 secs] 
32,766: [GC (Allocation Failure) [PSYoungGen: 106080K->96K(103424K)] 107840K->1856K(278528K), 0,0004974 secs] [Times: user=0,01 sys=0,00, real=0,00 secs] 
32,814: [GC (Allocation Failure) [PSYoungGen: 103008K->64K(100352K)] 104768K->1824K(275456K), 0,0004823 secs] [Times: user=0,00 sys=0,00, real=0,00 secs] 
32,861: [GC (Allocation Failure) [PSYoungGen: 99904K->96K(97792K)] 101664K->1856K(272896K), 0,0004629 secs] [Times: user=0,00 sys=0,00, real=0,00 secs] 
32,906: [GC (Allocation Failure) [PSYoungGen: 97376K->96K(95232K)] 99136K->1856K(270336K), 0,0004743 secs] [Times: user=0,00 sys=0,00, real=0,00 secs] 
32,950: [GC (Allocation Failure) [PSYoungGen: 94816K->64K(92672K)] 96576K->1824K(267776K), 0,0005150 secs] [Times: user=0,00 sys=0,00, real=0,00 secs] 
32,993: [GC (Allocation Failure) [PSYoungGen: 92224K->96K(90112K)] 93984K->1856K(265216K), 0,0004784 secs] [Times: user=0,01 sys=0,00, real=0,00 secs] 
33,035: [GC (Allocation Failure) [PSYoungGen: 89696K->64K(108032K)] 91456K->1824K(283136K), 0,0006498 secs] [Times: user=0,00 sys=0,00, real=0,00 secs] 
33,088: [GC (Allocation Failure) [PSYoungGen: 107584K->96K(129536K)] 109344K->1856K(304640K), 0,0005298 secs] [Times: user=0,00 sys=0,00, real=0,00 secs] 
33,148: [GC (Allocation Failure) [PSYoungGen: 129120K->64K(125440K)] 130880K->1824K(300544K), 0,0004779 secs] [Times: user=0,00 sys=0,00, real=0,00 secs] 
33,206: [GC (Allocation Failure) [PSYoungGen: 124992K->128K(121344K)] 126752K->1888K(296448K), 0,0004991 secs] [Times: user=0,00 sys=0,00, real=0,00 secs] 
33,263: [GC (Allocation Failure) [PSYoungGen: 120960K->64K(117760K)] 122720K->1824K(292864K), 0,0004949 secs] [Times: user=0,00 sys=0,00, real=0,00 secs] 
33,317: [GC (Allocation Failure) [PSYoungGen: 117312K->96K(114176K)] 119072K->1856K(289280K), 0,0004974 secs] [Times: user=0,00 sys=0,00, real=0,00 secs] 
33,370: [GC (Allocation Failure) [PSYoungGen: 113760K->96K(110592K)] 115520K->1856K(285696K), 0,0004691 secs] [Times: user=0,00 sys=0,00, real=0,00 secs] 
33,421: [GC (Allocation Failure) [PSYoungGen: 110176K->64K(107520K)] 111936K->1824K(282624K), 0,0004814 secs] [Times: user=0,00 sys=0,00, real=0,00 secs] 
33,471: [GC (Allocation Failure) [PSYoungGen: 107072K->64K(104448K)] 108832K->1824K(279552K), 0,0005258 secs] [Times: user=0,00 sys=0,00, real=0,00 secs] 
33,519: [GC (Allocation Failure) [PSYoungGen: 104000K->96K(101376K)] 105760K->1856K(276480K), 0,0004698 secs] [Times: user=0,01 sys=0,00, real=0,00 secs] 
33,566: [GC (Allocation Failure) [PSYoungGen: 100960K->64K(98816K)] 102720K->1824K(273920K), 0,0004894 secs] [Times: user=0,00 sys=0,00, real=0,00 secs] 
33,612: [GC (Allocation Failure) [PSYoungGen: 98368K->64K(96256K)] 100128K->1824K(271360K), 0,0004703 secs] [Times: user=0,00 sys=0,00, real=0,00 secs] 
33,657: [GC (Allocation Failure) [PSYoungGen: 95808K->96K(93696K)] 97568K->1856K(268800K), 0,0005675 secs] [Times: user=0,00 sys=0,00, real=0,00 secs] 
33,701: [GC (Allocation Failure) [PSYoungGen: 93280K->64K(112640K)] 95040K->1824K(287744K), 0,0005255 secs] [Times: user=0,00 sys=0,00, real=0,00 secs] 
33,753: [GC (Allocation Failure) [PSYoungGen: 112192K->64K(109568K)] 113952K->1824K(284672K), 0,0004846 secs] [Times: user=0,00 sys=0,00, real=0,00 secs] 
33,804: [GC (Allocation Failure) [PSYoungGen: 109120K->96K(106496K)] 110880K->1856K(281600K), 0,0004581 secs] [Times: user=0,00 sys=0,00, real=0,00 secs] 
33,854: [GC (Allocation Failure) [PSYoungGen: 106080K->96K(103424K)] 107840K->1856K(278528K), 0,0004677 secs] [Times: user=0,00 sys=0,00, real=0,00 secs] 
33,901: [GC (Allocation Failure) [PSYoungGen: 103008K->64K(124416K)] 104768K->1824K(299520K), 0,0007702 secs] [Times: user=0,00 sys=0,00, real=0,00 secs] 
33,959: [GC (Allocation Failure) [PSYoungGen: 123968K->96K(149504K)] 125728K->1856K(324608K), 0,0005531 secs] [Times: user=0,00 sys=0,00, real=0,00 secs] 
34,029: [GC (Allocation Failure) [PSYoungGen: 149088K->64K(144384K)] 150848K->1824K(319488K), 0,0004802 secs] [Times: user=0,00 sys=0,00, real=0,00 secs] 
34,096: [GC (Allocation Failure) [PSYoungGen: 143935K->96K(139776K)] 145696K->1856K(314880K), 0,0004850 secs] [Times: user=0,00 sys=0,00, real=0,00 secs] 
34,162: [GC (Allocation Failure) [PSYoungGen: 139360K->96K(135168K)] 141120K->1856K(310272K), 0,0004799 secs] [Times: user=0,00 sys=0,00, real=0,00 secs] 
34,224: [GC (Allocation Failure) [PSYoungGen: 134752K->96K(131072K)] 136512K->1856K(306176K), 0,0005271 secs] [Times: user=0,01 sys=0,00, real=0,00 secs] 
34,285: [GC (Allocation Failure) [PSYoungGen: 130656K->64K(126976K)] 132416K->1824K(302080K), 0,0004933 secs] [Times: user=0,00 sys=0,00, real=0,00 secs] 
34,344: [GC (Allocation Failure) [PSYoungGen: 126528K->64K(122880K)] 128288K->1824K(297984K), 0,0005454 secs] [Times: user=0,00 sys=0,00, real=0,00 secs] 
34,401: [GC (Allocation Failure) [PSYoungGen: 122432K->96K(119296K)] 124192K->1856K(294400K), 0,0004747 secs] [Times: user=0,00 sys=0,00, real=0,00 secs] 
34,456: [GC (Allocation Failure) [PSYoungGen: 118880K->96K(115712K)] 120640K->1856K(290816K), 0,0004788 secs] [Times: user=0,00 sys=0,00, real=0,00 secs] 
34,510: [GC (Allocation Failure) [PSYoungGen: 115296K->128K(112128K)] 117056K->1888K(287232K), 0,0004850 secs] [Times: user=0,00 sys=0,00, real=0,00 secs] 
34,562: [GC (Allocation Failure) [PSYoungGen: 111744K->96K(109056K)] 113504K->1856K(284160K), 0,0005137 secs] [Times: user=0,00 sys=0,00, real=0,00 secs] 
34,613: [GC (Allocation Failure) [PSYoungGen: 108640K->64K(105984K)] 110400K->1824K(281088K), 0,0004725 secs] [Times: user=0,00 sys=0,00, real=0,01 secs] 
34,663: [GC (Allocation Failure) [PSYoungGen: 105536K->64K(102912K)] 107296K->1824K(278016K), 0,0004787 secs] [Times: user=0,00 sys=0,00, real=0,00 secs] 
34,710: [GC (Allocation Failure) [PSYoungGen: 102464K->64K(99840K)] 104224K->1824K(274944K), 0,0005252 secs] [Times: user=0,01 sys=0,00, real=0,00 secs] 
34,757: [GC (Allocation Failure) [PSYoungGen: 99392K->96K(97280K)] 101152K->1856K(272384K), 0,0004853 secs] [Times: user=0,00 sys=0,00, real=0,00 secs] 
34,802: [GC (Allocation Failure) [PSYoungGen: 96864K->64K(94720K)] 98624K->1824K(269824K), 0,0004811 secs] [Times: user=0,00 sys=0,00, real=0,00 secs] 
34,846: [GC (Allocation Failure) [PSYoungGen: 94272K->96K(92160K)] 96032K->1856K(267264K), 0,0004677 secs] [Times: user=0,00 sys=0,00, real=0,00 secs] 
34,889: [GC (Allocation Failure) [PSYoungGen: 91744K->64K(89600K)] 93504K->1824K(264704K), 0,0004729 secs] [Times: user=0,00 sys=0,00, real=0,00 secs] 
34,931: [GC (Allocation Failure) [PSYoungGen: 89152K->96K(87040K)] 90912K->1856K(262144K), 0,0004701 secs] [Times: user=0,00 sys=0,00, real=0,00 secs] 
34,971: [GC (Allocation Failure) [PSYoungGen: 86624K->96K(104448K)] 88384K->1856K(279552K), 0,0005135 secs] [Times: user=0,00 sys=0,00, real=0,00 secs] 
35,020: [GC (Allocation Failure) [PSYoungGen: 104032K->32K(125440K)] 105792K->1792K(300544K), 0,0005258 secs] [Times: user=0,00 sys=0,00, real=0,00 secs] 
35,078: [GC (Allocation Failure) [PSYoungGen: 124960K->96K(121344K)] 126720K->1856K(296448K), 0,0005594 secs] [Times: user=0,00 sys=0,00, real=0,00 secs] 
35,134: [GC (Allocation Failure) [PSYoungGen: 120928K->64K(117760K)] 122688K->1824K(292864K), 0,0004670 secs] [Times: user=0,00 sys=0,00, real=0,00 secs] 
35,190: [GC (Allocation Failure) [PSYoungGen: 117312K->64K(114176K)] 119072K->1824K(289280K), 0,0005085 secs] [Times: user=0,00 sys=0,00, real=0,00 secs] 
35,243: [GC (Allocation Failure) [PSYoungGen: 113728K->64K(110592K)] 115488K->1824K(285696K), 0,0004826 secs] [Times: user=0,00 sys=0,00, real=0,00 secs] 
35,294: [GC (Allocation Failure) [PSYoungGen: 110144K->96K(107520K)] 111904K->1856K(282624K), 0,0005340 secs] [Times: user=0,00 sys=0,00, real=0,00 secs] 
35,344: [GC (Allocation Failure) [PSYoungGen: 107104K->96K(104448K)] 108864K->1856K(279552K), 0,0005526 secs] [Times: user=0,00 sys=0,00, real=0,00 secs] 
35,393: [GC (Allocation Failure) [PSYoungGen: 104032K->64K(125440K)] 105792K->1824K(300544K), 0,0010731 secs] [Times: user=0,00 sys=0,00, real=0,00 secs] 
35,453: [GC (Allocation Failure) [PSYoungGen: 124992K->96K(150528K)] 126752K->1856K(325632K), 0,0012981 secs] [Times: user=0,00 sys=0,00, real=0,01 secs] 
35,523: [GC (Allocation Failure) [PSYoungGen: 150112K->96K(145408K)] 151872K->1856K(320512K), 0,0005231 secs] [Times: user=0,00 sys=0,00, real=0,01 secs] 
35,591: [GC (Allocation Failure) [PSYoungGen: 144992K->64K(140800K)] 146752K->1824K(315904K), 0,0005205 secs] [Times: user=0,00 sys=0,00, real=0,00 secs] 
35,656: [GC (Allocation Failure) [PSYoungGen: 140352K->64K(136192K)] 142112K->1824K(311296K), 0,0004888 secs] [Times: user=0,00 sys=0,00, real=0,00 secs] 
35,719: [GC (Allocation Failure) [PSYoungGen: 135744K->64K(132096K)] 137504K->1824K(307200K), 0,0005886 secs] [Times: user=0,00 sys=0,00, real=0,00 secs] 
35,780: [GC (Allocation Failure) [PSYoungGen: 131648K->96K(128000K)] 133408K->1856K(303104K), 0,0005030 secs] [Times: user=0,00 sys=0,00, real=0,00 secs] 
35,841: [GC (Allocation Failure) [PSYoungGen: 127584K->64K(123904K)] 129344K->1824K(299008K), 0,0006009 secs] [Times: user=0,00 sys=0,00, real=0,00 secs] 
35,899: [GC (Allocation Failure) [PSYoungGen: 123456K->64K(120320K)] 125216K->1824K(295424K), 0,0004713 secs] [Times: user=0,00 sys=0,00, real=0,00 secs] 
35,954: [GC (Allocation Failure) [PSYoungGen: 119872K->64K(116736K)] 121632K->1824K(291840K), 0,0004839 secs] [Times: user=0,00 sys=0,00, real=0,00 secs] 
36,009: [GC (Allocation Failure) [PSYoungGen: 116288K->128K(113152K)] 118048K->1888K(288256K), 0,0004828 secs] [Times: user=0,00 sys=0,00, real=0,00 secs] 
36,061: [GC (Allocation Failure) [PSYoungGen: 112768K->64K(110080K)] 114528K->1824K(285184K), 0,0004769 secs] [Times: user=0,01 sys=0,00, real=0,00 secs] 
36,112: [GC (Allocation Failure) [PSYoungGen: 109632K->64K(107008K)] 111392K->1824K(282112K), 0,0004785 secs] [Times: user=0,00 sys=0,00, real=0,00 secs] 
36,162: [GC (Allocation Failure) [PSYoungGen: 106560K->64K(103936K)] 108320K->1824K(279040K), 0,0004925 secs] [Times: user=0,00 sys=0,00, real=0,00 secs] 
36,211: [GC (Allocation Failure) [PSYoungGen: 103488K->96K(100864K)] 105248K->1856K(275968K), 0,0004970 secs] [Times: user=0,00 sys=0,00, real=0,00 secs] 
36,258: [GC (Allocation Failure) [PSYoungGen: 100448K->64K(98304K)] 102208K->1824K(273408K), 0,0004874 secs] [Times: user=0,00 sys=0,00, real=0,00 secs] 
36,303: [GC (Allocation Failure) [PSYoungGen: 97856K->64K(95744K)] 99616K->1824K(270848K), 0,0004639 secs] [Times: user=0,00 sys=0,00, real=0,01 secs] 
36,348: [GC (Allocation Failure) [PSYoungGen: 95296K->96K(93184K)] 97056K->1856K(268288K), 0,0004715 secs] [Times: user=0,00 sys=0,00, real=0,00 secs] 
36,391: [GC (Allocation Failure) [PSYoungGen: 92768K->96K(90624K)] 94528K->1856K(265728K), 0,0004837 secs] [Times: user=0,00 sys=0,00, real=0,00 secs] 
36,433: [GC (Allocation Failure) [PSYoungGen: 90208K->96K(88064K)] 91968K->1856K(263168K), 0,0004730 secs] [Times: user=0,00 sys=0,00, real=0,01 secs] 
36,474: [GC (Allocation Failure) [PSYoungGen: 87648K->96K(105984K)] 89408K->1856K(281088K), 0,0005434 secs] [Times: user=0,00 sys=0,00, real=0,00 secs] 
36,523: [GC (Allocation Failure) [PSYoungGen: 105568K->64K(102912K)] 107328K->1824K(278016K), 0,0004759 secs] [Times: user=0,00 sys=0,00, real=0,00 secs] 
36,572: [GC (Allocation Failure) [PSYoungGen: 102464K->96K(99840K)] 104224K->1856K(274944K), 0,0005065 secs] [Times: user=0,00 sys=0,00, real=0,00 secs] 
36,618: [GC (Allocation Failure) [PSYoungGen: 99424K->128K(97280K)] 101184K->1888K(272384K), 0,0004764 secs] [Times: user=0,00 sys=0,00, real=0,00 secs] 
36,663: [GC (Allocation Failure) [PSYoungGen: 96896K->128K(94720K)] 98656K->1888K(269824K), 0,0004711 secs] [Times: user=0,00 sys=0,00, real=0,01 secs] 
36,707: [GC (Allocation Failure) [PSYoungGen: 94336K->64K(92160K)] 96096K->1824K(267264K), 0,0005055 secs] [Times: user=0,00 sys=0,00, real=0,00 secs] 
36,750: [GC (Allocation Failure) [PSYoungGen: 91712K->64K(89600K)] 93472K->1824K(264704K), 0,0004958 secs] [Times: user=0,00 sys=0,00, real=0,00 secs] 
36,792: [GC (Allocation Failure) [PSYoungGen: 89152K->96K(107520K)] 90912K->1856K(282624K), 0,0005441 secs] [Times: user=0,00 sys=0,00, real=0,00 secs] 
36,842: [GC (Allocation Failure) [PSYoungGen: 107104K->64K(104448K)] 108864K->1824K(279552K), 0,0004815 secs] [Times: user=0,00 sys=0,00, real=0,00 secs] 
36,891: [GC (Allocation Failure) [PSYoungGen: 104000K->96K(101376K)] 105760K->1856K(276480K), 0,0004996 secs] [Times: user=0,00 sys=0,00, real=0,00 secs] 
36,938: [GC (Allocation Failure) [PSYoungGen: 100960K->96K(98816K)] 102720K->1856K(273920K), 0,0004882 secs] [Times: user=0,00 sys=0,00, real=0,00 secs] 
36,984: [GC (Allocation Failure) [PSYoungGen: 98400K->64K(96256K)] 100160K->1824K(271360K), 0,0004767 secs] [Times: user=0,00 sys=0,00, real=0,00 secs] 
37,029: [GC (Allocation Failure) [PSYoungGen: 95808K->64K(93696K)] 97568K->1824K(268800K), 0,0004985 secs] [Times: user=0,00 sys=0,00, real=0,00 secs] 
37,073: [GC (Allocation Failure) [PSYoungGen: 93248K->96K(91136K)] 95008K->1856K(266240K), 0,0004771 secs] [Times: user=0,00 sys=0,00, real=0,00 secs] 
37,115: [GC (Allocation Failure) [PSYoungGen: 90720K->64K(88576K)] 92480K->1824K(263680K), 0,0004733 secs] [Times: user=0,00 sys=0,00, real=0,00 secs] 
37,156: [GC (Allocation Failure) [PSYoungGen: 88128K->96K(106496K)] 89888K->1856K(281600K), 0,0005059 secs] [Times: user=0,00 sys=0,00, real=0,00 secs] 
37,206: [GC (Allocation Failure) [PSYoungGen: 106080K->96K(103424K)] 107840K->1856K(278528K), 0,0004880 secs] [Times: user=0,00 sys=0,00, real=0,00 secs] 
37,254: [GC (Allocation Failure) [PSYoungGen: 103008K->96K(100352K)] 104768K->1856K(275456K), 0,0004723 secs] [Times: user=0,00 sys=0,00, real=0,00 secs] 
37,300: [GC (Allocation Failure) [PSYoungGen: 99936K->96K(97792K)] 101696K->1856K(272896K), 0,0004836 secs] [Times: user=0,00 sys=0,00, real=0,00 secs] 
37,346: [GC (Allocation Failure) [PSYoungGen: 97376K->96K(95232K)] 99136K->1856K(270336K), 0,0004807 secs] [Times: user=0,00 sys=0,00, real=0,00 secs] 
37,390: [GC (Allocation Failure) [PSYoungGen: 94816K->64K(92672K)] 96576K->1824K(267776K), 0,0004724 secs] [Times: user=0,00 sys=0,00, real=0,00 secs] 
37,433: [GC (Allocation Failure) [PSYoungGen: 92224K->64K(90112K)] 93984K->1824K(265216K), 0,0004844 secs] [Times: user=0,00 sys=0,00, real=0,00 secs] 
37,475: [GC (Allocation Failure) [PSYoungGen: 89664K->96K(87552K)] 91424K->1856K(262656K), 0,0004537 secs] [Times: user=0,00 sys=0,00, real=0,00 secs] 
37,516: [GC (Allocation Failure) [PSYoungGen: 87136K->96K(85504K)] 88896K->1856K(260608K), 0,0004730 secs] [Times: user=0,00 sys=0,00, real=0,00 secs] 
37,556: [GC (Allocation Failure) [PSYoungGen: 85088K->96K(102912K)] 86848K->1856K(278016K), 0,0004664 secs] [Times: user=0,00 sys=0,00, real=0,00 secs] 
37,604: [GC (Allocation Failure) [PSYoungGen: 102496K->64K(99840K)] 104256K->1824K(274944K), 0,0004754 secs] [Times: user=0,00 sys=0,00, real=0,00 secs] 
37,650: [GC (Allocation Failure) [PSYoungGen: 99392K->96K(97280K)] 101152K->1856K(272384K), 0,0004666 secs] [Times: user=0,00 sys=0,00, real=0,00 secs] 
37,695: [GC (Allocation Failure) [PSYoungGen: 96864K->96K(94720K)] 98624K->1856K(269824K), 0,0004803 secs] [Times: user=0,00 sys=0,00, real=0,00 secs] 
37,740: [GC (Allocation Failure) [PSYoungGen: 94304K->96K(92160K)] 96064K->1856K(267264K), 0,0004973 secs] [Times: user=0,00 sys=0,00, real=0,00 secs] 
37,783: [GC (Allocation Failure) [PSYoungGen: 91744K->96K(110592K)] 93504K->1856K(285696K), 0,0005141 secs] [Times: user=0,00 sys=0,00, real=0,00 secs] 
37,834: [GC (Allocation Failure) [PSYoungGen: 110176K->96K(107520K)] 111936K->1856K(282624K), 0,0004944 secs] [Times: user=0,00 sys=0,00, real=0,00 secs] 
37,884: [GC (Allocation Failure) [PSYoungGen: 107104K->96K(104448K)] 108864K->1856K(279552K), 0,0004808 secs] [Times: user=0,01 sys=0,00, real=0,00 secs] 
37,933: [GC (Allocation Failure) [PSYoungGen: 104032K->64K(101376K)] 105792K->1824K(276480K), 0,0004820 secs] [Times: user=0,00 sys=0,00, real=0,00 secs] 
37,979: [GC (Allocation Failure) [PSYoungGen: 100928K->96K(98816K)] 102688K->1856K(273920K), 0,0004632 secs] [Times: user=0,00 sys=0,00, real=0,00 secs] 
38,025: [GC (Allocation Failure) [PSYoungGen: 98400K->96K(96256K)] 100160K->1856K(271360K), 0,0004723 secs] [Times: user=0,00 sys=0,00, real=0,00 secs] 
38,070: [GC (Allocation Failure) [PSYoungGen: 95840K->96K(93696K)] 97600K->1856K(268800K), 0,0004833 secs] [Times: user=0,00 sys=0,00, real=0,00 secs] 
38,114: [GC (Allocation Failure) [PSYoungGen: 93280K->64K(91136K)] 95040K->1824K(266240K), 0,0005192 secs] [Times: user=0,00 sys=0,00, real=0,00 secs] 
38,156: [GC (Allocation Failure) [PSYoungGen: 90688K->96K(88576K)] 92448K->1856K(263680K), 0,0004781 secs] [Times: user=0,00 sys=0,00, real=0,00 secs] 
38,198: [GC (Allocation Failure) [PSYoungGen: 88160K->96K(106496K)] 89920K->1856K(281600K), 0,0005125 secs] [Times: user=0,00 sys=0,00, real=0,00 secs] 
38,247: [GC (Allocation Failure) [PSYoungGen: 106080K->96K(103424K)] 107840K->1856K(278528K), 0,0004760 secs] [Times: user=0,00 sys=0,00, real=0,00 secs] 
38,295: [GC (Allocation Failure) [PSYoungGen: 103008K->96K(100352K)] 104768K->1856K(275456K), 0,0004781 secs] [Times: user=0,00 sys=0,00, real=0,00 secs] 
38,342: [GC (Allocation Failure) [PSYoungGen: 99936K->96K(97792K)] 101696K->1856K(272896K), 0,0004725 secs] [Times: user=0,00 sys=0,00, real=0,00 secs] 
38,387: [GC (Allocation Failure) [PSYoungGen: 97376K->96K(95232K)] 99136K->1856K(270336K), 0,0004844 secs] [Times: user=0,00 sys=0,00, real=0,00 secs] 
38,432: [GC (Allocation Failure) [PSYoungGen: 94816K->64K(92672K)] 96576K->1824K(267776K), 0,0004808 secs] [Times: user=0,00 sys=0,00, real=0,00 secs] 
38,475: [GC (Allocation Failure) [PSYoungGen: 92224K->96K(90112K)] 93984K->1856K(265216K), 0,0004884 secs] [Times: user=0,00 sys=0,00, real=0,00 secs] 
38,517: [GC (Allocation Failure) [PSYoungGen: 89696K->96K(87552K)] 91456K->1856K(262656K), 0,0004893 secs] [Times: user=0,00 sys=0,00, real=0,00 secs] 
38,557: [GC (Allocation Failure) [PSYoungGen: 87136K->96K(104960K)] 88896K->1856K(280064K), 0,0004913 secs] [Times: user=0,00 sys=0,00, real=0,00 secs] 
38,606: [GC (Allocation Failure) [PSYoungGen: 104544K->96K(101888K)] 106304K->1856K(276992K), 0,0004823 secs] [Times: user=0,00 sys=0,00, real=0,00 secs] 
38,653: [GC (Allocation Failure) [PSYoungGen: 101472K->64K(98816K)] 103232K->1824K(273920K), 0,0004747 secs] [Times: user=0,00 sys=0,00, real=0,01 secs] 
38,699: [GC (Allocation Failure) [PSYoungGen: 98368K->64K(96256K)] 100128K->1824K(271360K), 0,0004931 secs] [Times: user=0,00 sys=0,00, real=0,00 secs] 
38,744: [GC (Allocation Failure) [PSYoungGen: 95808K->96K(115712K)] 97568K->1856K(290816K), 0,0005738 secs] [Times: user=0,00 sys=0,00, real=0,00 secs] 
38,798: [GC (Allocation Failure) [PSYoungGen: 115296K->64K(138752K)] 117056K->1824K(313856K), 0,0006049 secs] [Times: user=0,00 sys=0,00, real=0,00 secs] 
38,862: [GC (Allocation Failure) [PSYoungGen: 138304K->96K(134144K)] 140064K->1856K(309248K), 0,0005053 secs] [Times: user=0,00 sys=0,00, real=0,00 secs] 
38,924: [GC (Allocation Failure) [PSYoungGen: 133728K->64K(130048K)] 135488K->1824K(305152K), 0,0004795 secs] [Times: user=0,00 sys=0,00, real=0,00 secs] 
38,984: [GC (Allocation Failure) [PSYoungGen: 129600K->64K(125952K)] 131360K->1824K(301056K), 0,0004895 secs] [Times: user=0,01 sys=0,00, real=0,00 secs] 
39,043: [GC (Allocation Failure) [PSYoungGen: 125504K->96K(121856K)] 127264K->1856K(296960K), 0,0004854 secs] [Times: user=0,00 sys=0,00, real=0,01 secs] 
39,099: [GC (Allocation Failure) [PSYoungGen: 121440K->96K(118272K)] 123200K->1856K(293376K), 0,0004910 secs] [Times: user=0,00 sys=0,00, real=0,00 secs] 
39,154: [GC (Allocation Failure) [PSYoungGen: 117856K->96K(114688K)] 119616K->1856K(289792K), 0,0004840 secs] [Times: user=0,00 sys=0,01, real=0,00 secs] 
39,207: [GC (Allocation Failure) [PSYoungGen: 114272K->96K(111104K)] 116032K->1856K(286208K), 0,0005631 secs] [Times: user=0,00 sys=0,00, real=0,00 secs] 
39,259: [GC (Allocation Failure) [PSYoungGen: 110688K->64K(108032K)] 112448K->1824K(283136K), 0,0004884 secs] [Times: user=0,00 sys=0,00, real=0,00 secs] 
39,309: [GC (Allocation Failure) [PSYoungGen: 107584K->64K(104960K)] 109344K->1824K(280064K), 0,0004670 secs] [Times: user=0,00 sys=0,00, real=0,00 secs] 
39,358: [GC (Allocation Failure) [PSYoungGen: 104512K->64K(101888K)] 106272K->1824K(276992K), 0,0004601 secs] [Times: user=0,00 sys=0,00, real=0,00 secs] 
39,405: [GC (Allocation Failure) [PSYoungGen: 101440K->64K(98816K)] 103200K->1824K(273920K), 0,0005774 secs] [Times: user=0,00 sys=0,00, real=0,00 secs] 
39,451: [GC (Allocation Failure) [PSYoungGen: 98368K->96K(96256K)] 100128K->1856K(271360K), 0,0004780 secs] [Times: user=0,01 sys=0,00, real=0,00 secs] 
39,495: [GC (Allocation Failure) [PSYoungGen: 95840K->96K(93696K)] 97600K->1856K(268800K), 0,0004907 secs] [Times: user=0,00 sys=0,00, real=0,00 secs] 
39,539: [GC (Allocation Failure) [PSYoungGen: 93280K->96K(91136K)] 95040K->1856K(266240K), 0,0004729 secs] [Times: user=0,00 sys=0,00, real=0,00 secs] 
39,581: [GC (Allocation Failure) [PSYoungGen: 90720K->96K(109568K)] 92480K->1856K(284672K), 0,0005396 secs] [Times: user=0,00 sys=0,00, real=0,00 secs] 
39,632: [GC (Allocation Failure) [PSYoungGen: 109152K->64K(106496K)] 110912K->1824K(281600K), 0,0004846 secs] [Times: user=0,00 sys=0,00, real=0,00 secs] 
39,681: [GC (Allocation Failure) [PSYoungGen: 106048K->96K(103424K)] 107808K->1856K(278528K), 0,0004842 secs] [Times: user=0,00 sys=0,00, real=0,00 secs] 
39,730: [GC (Allocation Failure) [PSYoungGen: 103008K->96K(100352K)] 104768K->1856K(275456K), 0,0004949 secs] [Times: user=0,00 sys=0,00, real=0,00 secs] 
39,776: [GC (Allocation Failure) [PSYoungGen: 99936K->96K(97792K)] 101696K->1856K(272896K), 0,0004974 secs] [Times: user=0,00 sys=0,00, real=0,00 secs] 
39,822: [GC (Allocation Failure) [PSYoungGen: 97376K->96K(95232K)] 99136K->1856K(270336K), 0,0004760 secs] [Times: user=0,00 sys=0,00, real=0,00 secs] 
39,866: [GC (Allocation Failure) [PSYoungGen: 94816K->96K(92672K)] 96576K->1856K(267776K), 0,0005253 secs] [Times: user=0,00 sys=0,00, real=0,00 secs] 
39,909: [GC (Allocation Failure) [PSYoungGen: 92256K->64K(90112K)] 94016K->1824K(265216K), 0,0004865 secs] [Times: user=0,00 sys=0,00, real=0,00 secs] 
39,951: [GC (Allocation Failure) [PSYoungGen: 89664K->96K(87552K)] 91424K->1856K(262656K), 0,0004695 secs] [Times: user=0,00 sys=0,00, real=0,00 secs] 
39,992: [GC (Allocation Failure) [PSYoungGen: 87136K->96K(104960K)] 88896K->1856K(280064K), 0,0004672 secs] [Times: user=0,00 sys=0,00, real=0,00 secs] 
40,041: [GC (Allocation Failure) [PSYoungGen: 104544K->96K(101888K)] 106304K->1856K(276992K), 0,0004839 secs] [Times: user=0,00 sys=0,00, real=0,00 secs] 
40,088: [GC (Allocation Failure) [PSYoungGen: 101472K->96K(98816K)] 103232K->1856K(273920K), 0,0004798 secs] [Times: user=0,00 sys=0,00, real=0,00 secs] 
40,134: [GC (Allocation Failure) [PSYoungGen: 98400K->96K(96256K)] 100160K->1856K(271360K), 0,0004831 secs] [Times: user=0,01 sys=0,00, real=0,00 secs] 
40,179: [GC (Allocation Failure) [PSYoungGen: 95840K->96K(93696K)] 97600K->1856K(268800K), 0,0004771 secs] [Times: user=0,00 sys=0,00, real=0,00 secs] 
40,223: [GC (Allocation Failure) [PSYoungGen: 93280K->96K(91136K)] 95040K->1856K(266240K), 0,0004905 secs] [Times: user=0,00 sys=0,00, real=0,01 secs] 
40,266: [GC (Allocation Failure) [PSYoungGen: 90720K->96K(88576K)] 92480K->1856K(263680K), 0,0005142 secs] [Times: user=0,00 sys=0,00, real=0,00 secs] 
40,307: [GC (Allocation Failure) [PSYoungGen: 88160K->96K(106496K)] 89920K->1880K(281600K), 0,0004890 secs] [Times: user=0,00 sys=0,00, real=0,00 secs] 
40,357: [GC (Allocation Failure) [PSYoungGen: 106080K->96K(103424K)] 107864K->1880K(278528K), 0,0004782 secs] [Times: user=0,00 sys=0,00, real=0,00 secs] 
40,405: [GC (Allocation Failure) [PSYoungGen: 103008K->64K(100352K)] 104792K->1848K(275456K), 0,0004857 secs] [Times: user=0,00 sys=0,00, real=0,00 secs] 
40,452: [GC (Allocation Failure) [PSYoungGen: 99904K->96K(97792K)] 101688K->1880K(272896K), 0,0004830 secs] [Times: user=0,01 sys=0,00, real=0,00 secs] 
40,497: [GC (Allocation Failure) [PSYoungGen: 97376K->64K(95232K)] 99160K->1848K(270336K), 0,0004943 secs] [Times: user=0,00 sys=0,00, real=0,00 secs] 
40,541: [GC (Allocation Failure) [PSYoungGen: 94784K->64K(92672K)] 96568K->1848K(267776K), 0,0004874 secs] [Times: user=0,00 sys=0,00, real=0,00 secs] 
40,584: [GC (Allocation Failure) [PSYoungGen: 92224K->96K(90112K)] 94008K->1880K(265216K), 0,0004738 secs] [Times: user=0,00 sys=0,00, real=0,00 secs] 
40,626: [GC (Allocation Failure) [PSYoungGen: 89696K->96K(87552K)] 91480K->1880K(262656K), 0,0004634 secs] [Times: user=0,00 sys=0,00, real=0,00 secs] 
40,667: [GC (Allocation Failure) [PSYoungGen: 87136K->96K(104960K)] 88920K->1880K(280064K), 0,0004838 secs] [Times: user=0,00 sys=0,00, real=0,00 secs] 
40,716: [GC (Allocation Failure) [PSYoungGen: 104544K->96K(101888K)] 106328K->1880K(276992K), 0,0004914 secs] [Times: user=0,00 sys=0,00, real=0,00 secs] 
40,764: [GC (Allocation Failure) [PSYoungGen: 101472K->64K(98816K)] 103256K->1848K(273920K), 0,0004922 secs] [Times: user=0,00 sys=0,00, real=0,00 secs] 
40,810: [GC (Allocation Failure) [PSYoungGen: 98368K->64K(96256K)] 100152K->1848K(271360K), 0,0004957 secs] [Times: user=0,00 sys=0,00, real=0,00 secs] 
40,854: [GC (Allocation Failure) [PSYoungGen: 95808K->96K(93696K)] 97592K->1880K(268800K), 0,0005352 secs] [Times: user=0,00 sys=0,00, real=0,00 secs] 
40,898: [GC (Allocation Failure) [PSYoungGen: 93280K->96K(91136K)] 95064K->1880K(266240K), 0,0004683 secs] [Times: user=0,00 sys=0,00, real=0,00 secs] 
40,940: [GC (Allocation Failure) [PSYoungGen: 90720K->64K(109568K)] 92504K->1848K(284672K), 0,0004966 secs] [Times: user=0,00 sys=0,00, real=0,00 secs] 
40,991: [GC (Allocation Failure) [PSYoungGen: 109120K->96K(106496K)] 110904K->1880K(281600K), 0,0004851 secs] [Times: user=0,00 sys=0,00, real=0,00 secs] 
41,041: [GC (Allocation Failure) [PSYoungGen: 106080K->96K(128000K)] 107864K->1880K(303104K), 0,0006130 secs] [Times: user=0,00 sys=0,00, real=0,00 secs] 
41,100: [GC (Allocation Failure) [PSYoungGen: 127584K->96K(123904K)] 129368K->1880K(299008K), 0,0004949 secs] [Times: user=0,00 sys=0,00, real=0,00 secs] 
41,158: [GC (Allocation Failure) [PSYoungGen: 123488K->64K(120320K)] 125272K->1848K(295424K), 0,0006185 secs] [Times: user=0,00 sys=0,00, real=0,00 secs] 
41,214: [GC (Allocation Failure) [PSYoungGen: 119872K->96K(116736K)] 121656K->1880K(291840K), 0,0005076 secs] [Times: user=0,00 sys=0,00, real=0,00 secs] 
41,268: [GC (Allocation Failure) [PSYoungGen: 116320K->32K(113152K)] 118104K->1816K(288256K), 0,0004892 secs] [Times: user=0,00 sys=0,00, real=0,00 secs] 
41,320: [GC (Allocation Failure) [PSYoungGen: 112672K->96K(110080K)] 114456K->1880K(285184K), 0,0004704 secs] [Times: user=0,00 sys=0,00, real=0,00 secs] 
41,372: [GC (Allocation Failure) [PSYoungGen: 109664K->96K(107008K)] 111448K->1880K(282112K), 0,0004991 secs] [Times: user=0,00 sys=0,00, real=0,00 secs] 
41,422: [GC (Allocation Failure) [PSYoungGen: 106592K->64K(128512K)] 108376K->1848K(303616K), 0,0007500 secs] [Times: user=0,00 sys=0,00, real=0,00 secs] 
41,481: [GC (Allocation Failure) [PSYoungGen: 128064K->96K(124416K)] 129848K->1880K(299520K), 0,0004853 secs] [Times: user=0,00 sys=0,00, real=0,00 secs] 
41,539: [GC (Allocation Failure) [PSYoungGen: 124000K->96K(120832K)] 125784K->1880K(295936K), 0,0004793 secs] [Times: user=0,00 sys=0,00, real=0,00 secs] 
41,595: [GC (Allocation Failure) [PSYoungGen: 120416K->64K(117248K)] 122200K->1848K(292352K), 0,0004958 secs] [Times: user=0,00 sys=0,00, real=0,00 secs] 
41,650: [GC (Allocation Failure) [PSYoungGen: 116800K->64K(113664K)] 118584K->1848K(288768K), 0,0005253 secs] [Times: user=0,00 sys=0,00, real=0,00 secs] 
41,703: [GC (Allocation Failure) [PSYoungGen: 113216K->96K(110592K)] 115000K->1880K(285696K), 0,0004917 secs] [Times: user=0,00 sys=0,00, real=0,01 secs] 
41,754: [GC (Allocation Failure) [PSYoungGen: 110176K->96K(107520K)] 111960K->1880K(282624K), 0,0004906 secs] [Times: user=0,00 sys=0,00, real=0,00 secs] 
41,804: [GC (Allocation Failure) [PSYoungGen: 107104K->96K(104448K)] 108888K->1880K(279552K), 0,0005298 secs] [Times: user=0,00 sys=0,00, real=0,00 secs] 
41,853: [GC (Allocation Failure) [PSYoungGen: 104032K->96K(101376K)] 105816K->1880K(276480K), 0,0004674 secs] [Times: user=0,00 sys=0,00, real=0,01 secs] 
41,900: [GC (Allocation Failure) [PSYoungGen: 100960K->32K(98816K)] 102744K->1816K(273920K), 0,0004835 secs] [Times: user=0,01 sys=0,00, real=0,00 secs] 
41,946: [GC (Allocation Failure) [PSYoungGen: 98336K->64K(96256K)] 100120K->1848K(271360K), 0,0004746 secs] [Times: user=0,00 sys=0,00, real=0,00 secs] 
41,990: [GC (Allocation Failure) [PSYoungGen: 95808K->96K(93696K)] 97592K->1880K(268800K), 0,0004662 secs] [Times: user=0,00 sys=0,00, real=0,00 secs] 
42,034: [GC (Allocation Failure) [PSYoungGen: 93280K->96K(91136K)] 95064K->1880K(266240K), 0,0004584 secs] [Times: user=0,00 sys=0,00, real=0,00 secs] 
42,076: [GC (Allocation Failure) [PSYoungGen: 90720K->96K(88576K)] 92504K->1880K(263680K), 0,0004703 secs] [Times: user=0,00 sys=0,00, real=0,00 secs] 
42,117: [GC (Allocation Failure) [PSYoungGen: 88160K->96K(86528K)] 89944K->1880K(261632K), 0,0004547 secs] [Times: user=0,01 sys=0,00, real=0,00 secs] 
42,158: [GC (Allocation Failure) [PSYoungGen: 86112K->64K(84480K)] 87896K->1848K(259584K), 0,0004693 secs] [Times: user=0,00 sys=0,00, real=0,00 secs] 
42,197: [GC (Allocation Failure) [PSYoungGen: 84032K->64K(101376K)] 85816K->1848K(276480K), 0,0004918 secs] [Times: user=0,00 sys=0,00, real=0,00 secs] 
42,244: [GC (Allocation Failure) [PSYoungGen: 100928K->64K(121856K)] 102712K->1848K(296960K), 0,0005009 secs] [Times: user=0,00 sys=0,00, real=0,00 secs] 
42,301: [GC (Allocation Failure) [PSYoungGen: 121408K->32K(118272K)] 123192K->1816K(293376K), 0,0005821 secs] [Times: user=0,00 sys=0,00, real=0,00 secs] 
42,356: [GC (Allocation Failure) [PSYoungGen: 117792K->64K(114688K)] 119576K->1848K(289792K), 0,0004837 secs] [Times: user=0,01 sys=0,00, real=0,00 secs] 
42,409: [GC (Allocation Failure) [PSYoungGen: 114239K->96K(111104K)] 116024K->1880K(286208K), 0,0004872 secs] [Times: user=0,00 sys=0,00, real=0,00 secs] 
42,461: [GC (Allocation Failure) [PSYoungGen: 110688K->96K(108032K)] 112472K->1880K(283136K), 0,0004820 secs] [Times: user=0,00 sys=0,00, real=0,00 secs] 
42,511: [GC (Allocation Failure) [PSYoungGen: 107616K->32K(104960K)] 109400K->1816K(280064K), 0,0004826 secs] [Times: user=0,00 sys=0,00, real=0,00 secs] 
42,560: [GC (Allocation Failure) [PSYoungGen: 104480K->96K(101888K)] 106264K->1880K(276992K), 0,0004773 secs] [Times: user=0,00 sys=0,00, real=0,00 secs] 
42,607: [GC (Allocation Failure) [PSYoungGen: 101472K->64K(98816K)] 103256K->1848K(273920K), 0,0004822 secs] [Times: user=0,00 sys=0,00, real=0,00 secs] 
42,653: [GC (Allocation Failure) [PSYoungGen: 98368K->96K(96256K)] 100152K->1880K(271360K), 0,0004568 secs] [Times: user=0,01 sys=0,00, real=0,00 secs] 
42,698: [GC (Allocation Failure) [PSYoungGen: 95840K->32K(93696K)] 97624K->1816K(268800K), 0,0005004 secs] [Times: user=0,00 sys=0,00, real=0,00 secs] 
42,742: [GC (Allocation Failure) [PSYoungGen: 93216K->64K(91136K)] 95000K->1848K(266240K), 0,0004841 secs] [Times: user=0,01 sys=0,00, real=0,00 secs] 
42,785: [GC (Allocation Failure) [PSYoungGen: 90688K->64K(88576K)] 92472K->1848K(263680K), 0,0004752 secs] [Times: user=0,00 sys=0,00, real=0,00 secs] 
42,826: [GC (Allocation Failure) [PSYoungGen: 88128K->96K(86528K)] 89912K->1880K(261632K), 0,0004673 secs] [Times: user=0,00 sys=0,00, real=0,00 secs] 
42,866: [GC (Allocation Failure) [PSYoungGen: 86112K->64K(103936K)] 87896K->1848K(279040K), 0,0004830 secs] [Times: user=0,00 sys=0,00, real=0,00 secs] 
42,915: [GC (Allocation Failure) [PSYoungGen: 103488K->96K(100864K)] 105272K->1880K(275968K), 0,0004699 secs] [Times: user=0,00 sys=0,00, real=0,00 secs] 
42,962: [GC (Allocation Failure) [PSYoungGen: 100448K->64K(98304K)] 102232K->1848K(273408K), 0,0004844 secs] [Times: user=0,00 sys=0,00, real=0,00 secs] 
43,007: [GC (Allocation Failure) [PSYoungGen: 97856K->64K(95744K)] 99640K->1848K(270848K), 0,0004768 secs] [Times: user=0,00 sys=0,00, real=0,00 secs] 
43,052: [GC (Allocation Failure) [PSYoungGen: 95296K->96K(93184K)] 97080K->1880K(268288K), 0,0004873 secs] [Times: user=0,00 sys=0,00, real=0,00 secs] 
43,095: [GC (Allocation Failure) [PSYoungGen: 92768K->32K(90624K)] 94552K->1816K(265728K), 0,0004555 secs] [Times: user=0,00 sys=0,00, real=0,00 secs] 
43,138: [GC (Allocation Failure) [PSYoungGen: 90144K->64K(109056K)] 91928K->1848K(284160K), 0,0005365 secs] [Times: user=0,00 sys=0,00, real=0,00 secs] 
43,189: [GC (Allocation Failure) [PSYoungGen: 108608K->64K(105984K)] 110392K->1848K(281088K), 0,0004840 secs] [Times: user=0,01 sys=0,00, real=0,00 secs] 
43,238: [GC (Allocation Failure) [PSYoungGen: 105536K->64K(102912K)] 107320K->1848K(278016K), 0,0005007 secs] [Times: user=0,01 sys=0,00, real=0,00 secs] 
43,286: [GC (Allocation Failure) [PSYoungGen: 102464K->96K(99840K)] 104248K->1880K(274944K), 0,0004738 secs] [Times: user=0,00 sys=0,00, real=0,00 secs] 
43,333: [GC (Allocation Failure) [PSYoungGen: 99424K->96K(97280K)] 101208K->1880K(272384K), 0,0005152 secs] [Times: user=0,00 sys=0,00, real=0,01 secs] 
43,378: [GC (Allocation Failure) [PSYoungGen: 96864K->96K(94720K)] 98648K->1880K(269824K), 0,0004636 secs] [Times: user=0,00 sys=0,00, real=0,00 secs] 
43,422: [GC (Allocation Failure) [PSYoungGen: 94304K->96K(113664K)] 96088K->1880K(288768K), 0,0009465 secs] [Times: user=0,00 sys=0,00, real=0,01 secs] 
43,476: [GC (Allocation Failure) [PSYoungGen: 113248K->64K(136704K)] 115032K->1848K(311808K), 0,0004806 secs] [Times: user=0,01 sys=0,00, real=0,00 secs] 
43,539: [GC (Allocation Failure) [PSYoungGen: 136256K->32K(164352K)] 138040K->1816K(339456K), 0,0005821 secs] [Times: user=0,00 sys=0,00, real=0,00 secs] 
43,615: [GC (Allocation Failure) [PSYoungGen: 163872K->96K(158720K)] 165656K->1880K(333824K), 0,0004969 secs] [Times: user=0,00 sys=0,00, real=0,00 secs] 
43,689: [GC (Allocation Failure) [PSYoungGen: 158304K->96K(153600K)] 160088K->1880K(328704K), 0,0005363 secs] [Times: user=0,00 sys=0,00, real=0,00 secs] 
43,761: [GC (Allocation Failure) [PSYoungGen: 153184K->64K(148480K)] 154968K->1848K(323584K), 0,0005058 secs] [Times: user=0,00 sys=0,00, real=0,00 secs] 
43,829: [GC (Allocation Failure) [PSYoungGen: 148032K->96K(143360K)] 149816K->1880K(318464K), 0,0004856 secs] [Times: user=0,00 sys=0,00, real=0,00 secs] 
43,896: [GC (Allocation Failure) [PSYoungGen: 142944K->64K(138752K)] 144728K->1848K(313856K), 0,0005234 secs] [Times: user=0,00 sys=0,00, real=0,00 secs] 
43,960: [GC (Allocation Failure) [PSYoungGen: 138304K->64K(134144K)] 140088K->1848K(309248K), 0,0004961 secs] [Times: user=0,00 sys=0,00, real=0,00 secs] 
44,023: [GC (Allocation Failure) [PSYoungGen: 133696K->96K(130048K)] 135480K->1880K(305152K), 0,0005266 secs] [Times: user=0,00 sys=0,00, real=0,01 secs] 
44,083: [GC (Allocation Failure) [PSYoungGen: 129632K->96K(125952K)] 131416K->1880K(301056K), 0,0004837 secs] [Times: user=0,00 sys=0,00, real=0,01 secs] 
44,141: [GC (Allocation Failure) [PSYoungGen: 125535K->96K(121856K)] 127320K->1880K(296960K), 0,0004783 secs] [Times: user=0,01 sys=0,00, real=0,00 secs] 
44,198: [GC (Allocation Failure) [PSYoungGen: 121440K->96K(118272K)] 123224K->1880K(293376K), 0,0005661 secs] [Times: user=0,00 sys=0,00, real=0,00 secs] 
44,253: [GC (Allocation Failure) [PSYoungGen: 117856K->64K(114688K)] 119640K->1848K(289792K), 0,0004996 secs] [Times: user=0,00 sys=0,00, real=0,00 secs] 
44,306: [GC (Allocation Failure) [PSYoungGen: 114240K->64K(111104K)] 116024K->1848K(286208K), 0,0004821 secs] [Times: user=0,00 sys=0,00, real=0,00 secs] 
44,358: [GC (Allocation Failure) [PSYoungGen: 110656K->64K(108032K)] 112440K->1848K(283136K), 0,0007063 secs] [Times: user=0,00 sys=0,00, real=0,00 secs] 
44,409: [GC (Allocation Failure) [PSYoungGen: 107584K->96K(104960K)] 109368K->1880K(280064K), 0,0004820 secs] [Times: user=0,01 sys=0,01, real=0,00 secs] 
44,458: [GC (Allocation Failure) [PSYoungGen: 104544K->96K(101888K)] 106328K->1880K(276992K), 0,0004843 secs] [Times: user=0,00 sys=0,00, real=0,00 secs] 
44,505: [GC (Allocation Failure) [PSYoungGen: 101472K->64K(98816K)] 103256K->1848K(273920K), 0,0004814 secs] [Times: user=0,00 sys=0,00, real=0,00 secs] 
44,551: [GC (Allocation Failure) [PSYoungGen: 98368K->64K(96256K)] 100152K->1848K(271360K), 0,0004723 secs] [Times: user=0,00 sys=0,00, real=0,00 secs] 
44,595: [GC (Allocation Failure) [PSYoungGen: 95808K->96K(93696K)] 97592K->1880K(268800K), 0,0004851 secs] [Times: user=0,00 sys=0,00, real=0,00 secs] 
44,639: [GC (Allocation Failure) [PSYoungGen: 93280K->96K(91136K)] 95064K->1880K(266240K), 0,0004701 secs] [Times: user=0,00 sys=0,00, real=0,00 secs] 
44,681: [GC (Allocation Failure) [PSYoungGen: 90720K->64K(88576K)] 92504K->1848K(263680K), 0,0004963 secs] [Times: user=0,00 sys=0,00, real=0,00 secs] 
44,722: [GC (Allocation Failure) [PSYoungGen: 88128K->96K(86528K)] 89912K->1880K(261632K), 0,0004897 secs] [Times: user=0,00 sys=0,00, real=0,00 secs] 
44,763: [GC (Allocation Failure) [PSYoungGen: 86112K->96K(103936K)] 87896K->1880K(279040K), 0,0005480 secs] [Times: user=0,00 sys=0,00, real=0,01 secs] 
44,811: [GC (Allocation Failure) [PSYoungGen: 103520K->96K(124928K)] 105304K->1880K(300032K), 0,0004767 secs] [Times: user=0,00 sys=0,00, real=0,00 secs] 
44,869: [GC (Allocation Failure) [PSYoungGen: 124512K->64K(121344K)] 126296K->1848K(296448K), 0,0004826 secs] [Times: user=0,00 sys=0,00, real=0,00 secs] 
44,925: [GC (Allocation Failure) [PSYoungGen: 120896K->64K(117760K)] 122680K->1848K(292864K), 0,0004801 secs] [Times: user=0,01 sys=0,00, real=0,00 secs] 
44,980: [GC (Allocation Failure) [PSYoungGen: 117312K->96K(114176K)] 119096K->1880K(289280K), 0,0004797 secs] [Times: user=0,00 sys=0,00, real=0,00 secs] 
45,033: [GC (Allocation Failure) [PSYoungGen: 113760K->96K(110592K)] 115544K->1880K(285696K), 0,0005237 secs] [Times: user=0,00 sys=0,00, real=0,01 secs] 
45,084: [GC (Allocation Failure) [PSYoungGen: 110176K->64K(107520K)] 111960K->1848K(282624K), 0,0004694 secs] [Times: user=0,01 sys=0,00, real=0,00 secs] 
45,134: [GC (Allocation Failure) [PSYoungGen: 107072K->64K(104448K)] 108856K->1848K(279552K), 0,0004712 secs] [Times: user=0,00 sys=0,00, real=0,00 secs] 
45,183: [GC (Allocation Failure) [PSYoungGen: 104000K->96K(101376K)] 105784K->1880K(276480K), 0,0006686 secs] [Times: user=0,01 sys=0,00, real=0,01 secs] 
45,230: [GC (Allocation Failure) [PSYoungGen: 100960K->96K(98816K)] 102744K->1880K(273920K), 0,0005048 secs] [Times: user=0,00 sys=0,00, real=0,00 secs] 
45,276: [GC (Allocation Failure) [PSYoungGen: 98400K->96K(96256K)] 100184K->1880K(271360K), 0,0004671 secs] [Times: user=0,00 sys=0,00, real=0,00 secs] 
45,321: [GC (Allocation Failure) [PSYoungGen: 95840K->96K(93696K)] 97624K->1880K(268800K), 0,0004694 secs] [Times: user=0,00 sys=0,00, real=0,00 secs] 
45,365: [GC (Allocation Failure) [PSYoungGen: 93280K->64K(91136K)] 95064K->1848K(266240K), 0,0004767 secs] [Times: user=0,00 sys=0,00, real=0,00 secs] 
45,407: [GC (Allocation Failure) [PSYoungGen: 90688K->96K(88576K)] 92472K->1880K(263680K), 0,0004723 secs] [Times: user=0,00 sys=0,00, real=0,00 secs] 
45,448: [GC (Allocation Failure) [PSYoungGen: 88160K->64K(86528K)] 89944K->1848K(261632K), 0,0004841 secs] [Times: user=0,00 sys=0,00, real=0,00 secs] 
45,489: [GC (Allocation Failure) [PSYoungGen: 86080K->96K(103936K)] 87864K->1880K(279040K), 0,0004907 secs] [Times: user=0,00 sys=0,00, real=0,00 secs] 
45,537: [GC (Allocation Failure) [PSYoungGen: 103520K->64K(100864K)] 105304K->1848K(275968K), 0,0004838 secs] [Times: user=0,00 sys=0,00, real=0,00 secs] 
45,584: [GC (Allocation Failure) [PSYoungGen: 100416K->96K(121344K)] 102200K->1880K(296448K), 0,0005202 secs] [Times: user=0,00 sys=0,00, real=0,00 secs] 
45,640: [GC (Allocation Failure) [PSYoungGen: 120928K->96K(117760K)] 122712K->1880K(292864K), 0,0004686 secs] [Times: user=0,00 sys=0,00, real=0,00 secs] 
45,695: [GC (Allocation Failure) [PSYoungGen: 117344K->96K(114176K)] 119128K->1880K(289280K), 0,0005773 secs] [Times: user=0,00 sys=0,00, real=0,00 secs] 
45,748: [GC (Allocation Failure) [PSYoungGen: 113760K->96K(110592K)] 115544K->1880K(285696K), 0,0005052 secs] [Times: user=0,01 sys=0,00, real=0,00 secs] 
45,800: [GC (Allocation Failure) [PSYoungGen: 110176K->96K(107520K)] 111960K->1880K(282624K), 0,0004818 secs] [Times: user=0,00 sys=0,00, real=0,00 secs] 
45,855: [GC (Allocation Failure) [PSYoungGen: 107104K->96K(104448K)] 108888K->1880K(279552K), 0,0004935 secs] [Times: user=0,00 sys=0,00, real=0,00 secs] 
45,904: [GC (Allocation Failure) [PSYoungGen: 104032K->96K(101376K)] 105816K->1880K(276480K), 0,0004843 secs] [Times: user=0,00 sys=0,00, real=0,00 secs] 
45,951: [GC (Allocation Failure) [PSYoungGen: 100960K->96K(98816K)] 102744K->1880K(273920K), 0,0005016 secs] [Times: user=0,00 sys=0,00, real=0,00 secs] 
45,997: [GC (Allocation Failure) [PSYoungGen: 98400K->96K(96256K)] 100184K->1880K(271360K), 0,0004775 secs] [Times: user=0,00 sys=0,00, real=0,00 secs] 
46,041: [GC (Allocation Failure) [PSYoungGen: 95840K->96K(93696K)] 97624K->1880K(268800K), 0,0004761 secs] [Times: user=0,00 sys=0,00, real=0,00 secs] 
46,085: [GC (Allocation Failure) [PSYoungGen: 93280K->64K(91136K)] 95064K->1848K(266240K), 0,0005272 secs] [Times: user=0,01 sys=0,00, real=0,00 secs] 
46,128: [GC (Allocation Failure) [PSYoungGen: 90688K->96K(88576K)] 92472K->1880K(263680K), 0,0004763 secs] [Times: user=0,00 sys=0,00, real=0,00 secs] 
46,169: [GC (Allocation Failure) [PSYoungGen: 88160K->96K(106496K)] 89944K->1880K(281600K), 0,0005105 secs] [Times: user=0,00 sys=0,00, real=0,00 secs] 
46,218: [GC (Allocation Failure) [PSYoungGen: 106080K->96K(103424K)] 107864K->1880K(278528K), 0,0005115 secs] [Times: user=0,00 sys=0,00, real=0,00 secs] 
46,266: [GC (Allocation Failure) [PSYoungGen: 103008K->32K(100352K)] 104792K->1816K(275456K), 0,0004769 secs] [Times: user=0,00 sys=0,00, real=0,00 secs] 
46,313: [GC (Allocation Failure) [PSYoungGen: 99872K->64K(97792K)] 101656K->1848K(272896K), 0,0004852 secs] [Times: user=0,01 sys=0,00, real=0,00 secs] 
46,359: [GC (Allocation Failure) [PSYoungGen: 97344K->96K(95232K)] 99128K->1880K(270336K), 0,0005416 secs] [Times: user=0,00 sys=0,00, real=0,00 secs] 
46,403: [GC (Allocation Failure) [PSYoungGen: 94816K->96K(92672K)] 96600K->1880K(267776K), 0,0004656 secs] [Times: user=0,00 sys=0,00, real=0,01 secs] 
46,446: [GC (Allocation Failure) [PSYoungGen: 92256K->96K(90112K)] 94040K->1880K(265216K), 0,0004894 secs] [Times: user=0,00 sys=0,00, real=0,00 secs] 
46,488: [GC (Allocation Failure) [PSYoungGen: 89696K->96K(108032K)] 91480K->1880K(283136K), 0,0004885 secs] [Times: user=0,00 sys=0,00, real=0,00 secs] 
46,538: [GC (Allocation Failure) [PSYoungGen: 107616K->96K(104960K)] 109400K->1880K(280064K), 0,0004829 secs] [Times: user=0,00 sys=0,00, real=0,00 secs] 
46,587: [GC (Allocation Failure) [PSYoungGen: 104544K->96K(101888K)] 106328K->1880K(276992K), 0,0004831 secs] [Times: user=0,00 sys=0,00, real=0,00 secs] 
46,635: [GC (Allocation Failure) [PSYoungGen: 101472K->96K(98816K)] 103256K->1880K(273920K), 0,0005072 secs] [Times: user=0,00 sys=0,00, real=0,00 secs] 
46,681: [GC (Allocation Failure) [PSYoungGen: 98400K->32K(96256K)] 100184K->1816K(271360K), 0,0004790 secs] [Times: user=0,00 sys=0,00, real=0,00 secs] 
46,725: [GC (Allocation Failure) [PSYoungGen: 95776K->64K(93696K)] 97560K->1848K(268800K), 0,0005230 secs] [Times: user=0,00 sys=0,00, real=0,00 secs] 
46,769: [GC (Allocation Failure) [PSYoungGen: 93248K->96K(112640K)] 95032K->1880K(287744K), 0,0005236 secs] [Times: user=0,01 sys=0,00, real=0,00 secs] 
46,822: [GC (Allocation Failure) [PSYoungGen: 112224K->96K(109568K)] 114008K->1880K(284672K), 0,0004734 secs] [Times: user=0,00 sys=0,00, real=0,00 secs] 
46,873: [GC (Allocation Failure) [PSYoungGen: 109152K->64K(106496K)] 110936K->1848K(281600K), 0,0004733 secs] [Times: user=0,00 sys=0,00, real=0,01 secs] 
46,922: [GC (Allocation Failure) [PSYoungGen: 106047K->96K(103424K)] 107832K->1880K(278528K), 0,0005008 secs] [Times: user=0,00 sys=0,00, real=0,00 secs] 
46,970: [GC (Allocation Failure) [PSYoungGen: 103008K->32K(100352K)] 104792K->1816K(275456K), 0,0006201 secs] [Times: user=0,00 sys=0,00, real=0,00 secs] 
47,017: [GC (Allocation Failure) [PSYoungGen: 99872K->96K(97792K)] 101656K->1880K(272896K), 0,0004751 secs] [Times: user=0,01 sys=0,00, real=0,00 secs] 
47,062: [GC (Allocation Failure) [PSYoungGen: 97376K->96K(95232K)] 99160K->1880K(270336K), 0,0004711 secs] [Times: user=0,00 sys=0,00, real=0,00 secs] 
47,107: [GC (Allocation Failure) [PSYoungGen: 94816K->96K(92672K)] 96600K->1880K(267776K), 0,0005041 secs] [Times: user=0,00 sys=0,00, real=0,00 secs] 
47,151: [GC (Allocation Failure) [PSYoungGen: 92256K->96K(90112K)] 94040K->1880K(265216K), 0,0004828 secs] [Times: user=0,00 sys=0,00, real=0,00 secs] 
47,193: [GC (Allocation Failure) [PSYoungGen: 89696K->64K(87552K)] 91480K->1848K(262656K), 0,0004748 secs] [Times: user=0,00 sys=0,00, real=0,01 secs] 
47,234: [GC (Allocation Failure) [PSYoungGen: 87104K->64K(104960K)] 88888K->1848K(280064K), 0,0005031 secs] [Times: user=0,00 sys=0,00, real=0,00 secs] 
47,283: [GC (Allocation Failure) [PSYoungGen: 104512K->64K(125952K)] 106296K->1848K(301056K), 0,0005494 secs] [Times: user=0,00 sys=0,00, real=0,01 secs] 
47,341: [GC (Allocation Failure) [PSYoungGen: 125504K->96K(121856K)] 127288K->1880K(296960K), 0,0004903 secs] [Times: user=0,00 sys=0,00, real=0,00 secs] 
47,398: [GC (Allocation Failure) [PSYoungGen: 121440K->64K(118272K)] 123224K->1848K(293376K), 0,0005052 secs] [Times: user=0,00 sys=0,00, real=0,00 secs] 
47,453: [GC (Allocation Failure) [PSYoungGen: 117824K->64K(114688K)] 119608K->1848K(289792K), 0,0004902 secs] [Times: user=0,00 sys=0,00, real=0,01 secs] 
47,506: [GC (Allocation Failure) [PSYoungGen: 114240K->64K(111104K)] 116024K->1848K(286208K), 0,0005014 secs] [Times: user=0,00 sys=0,00, real=0,00 secs] 
47,557: [GC (Allocation Failure) [PSYoungGen: 110656K->96K(108032K)] 112440K->1880K(283136K), 0,0004754 secs] [Times: user=0,00 sys=0,00, real=0,00 secs] 
47,608: [GC (Allocation Failure) [PSYoungGen: 107616K->64K(104960K)] 109400K->1848K(280064K), 0,0004745 secs] [Times: user=0,00 sys=0,00, real=0,00 secs] 
47,656: [GC (Allocation Failure) [PSYoungGen: 104512K->96K(101888K)] 106296K->1880K(276992K), 0,0004747 secs] [Times: user=0,00 sys=0,00, real=0,00 secs] 
47,704: [GC (Allocation Failure) [PSYoungGen: 101472K->64K(122368K)] 103256K->1848K(297472K), 0,0007351 secs] [Times: user=0,00 sys=0,00, real=0,00 secs] 
47,761: [GC (Allocation Failure) [PSYoungGen: 121919K->64K(118784K)] 123704K->1848K(293888K), 0,0004991 secs] [Times: user=0,01 sys=0,00, real=0,00 secs] 
47,816: [GC (Allocation Failure) [PSYoungGen: 118336K->64K(115200K)] 120120K->1848K(290304K), 0,0004915 secs] [Times: user=0,00 sys=0,00, real=0,00 secs] 
47,870: [GC (Allocation Failure) [PSYoungGen: 114752K->64K(111616K)] 116536K->1848K(286720K), 0,0004697 secs] [Times: user=0,00 sys=0,00, real=0,00 secs] 
47,922: [GC (Allocation Failure) [PSYoungGen: 111168K->96K(108544K)] 112952K->1880K(283648K), 0,0005276 secs] [Times: user=0,00 sys=0,00, real=0,00 secs] 
47,972: [GC (Allocation Failure) [PSYoungGen: 108128K->64K(105472K)] 109912K->1848K(280576K), 0,0004813 secs] [Times: user=0,00 sys=0,00, real=0,00 secs] 
48,021: [GC (Allocation Failure) [PSYoungGen: 105024K->64K(102400K)] 106808K->1848K(277504K), 0,0004822 secs] [Times: user=0,00 sys=0,00, real=0,00 secs] 
48,069: [GC (Allocation Failure) [PSYoungGen: 101952K->96K(99328K)] 103736K->1880K(274432K), 0,0004731 secs] [Times: user=0,01 sys=0,00, real=0,00 secs] 
48,115: [GC (Allocation Failure) [PSYoungGen: 98912K->96K(96768K)] 100696K->1880K(271872K), 0,0004774 secs] [Times: user=0,00 sys=0,00, real=0,00 secs] 
48,160: [GC (Allocation Failure) [PSYoungGen: 96352K->64K(94208K)] 98136K->1848K(269312K), 0,0004893 secs] [Times: user=0,00 sys=0,00, real=0,00 secs] 
48,204: [GC (Allocation Failure) [PSYoungGen: 93760K->96K(91648K)] 95544K->1880K(266752K), 0,0004614 secs] [Times: user=0,00 sys=0,00, real=0,00 secs] 
48,247: [GC (Allocation Failure) [PSYoungGen: 91232K->96K(89088K)] 93016K->1880K(264192K), 0,0004989 secs] [Times: user=0,01 sys=0,00, real=0,00 secs] 
48,289: [GC (Allocation Failure) [PSYoungGen: 88672K->96K(107008K)] 90456K->1880K(282112K), 0,0005025 secs] [Times: user=0,00 sys=0,00, real=0,00 secs] 
48,338: [GC (Allocation Failure) [PSYoungGen: 106592K->128K(103936K)] 108376K->1912K(279040K), 0,0004729 secs] [Times: user=0,00 sys=0,00, real=0,00 secs] 
48,387: [GC (Allocation Failure) [PSYoungGen: 103552K->64K(100864K)] 105336K->1848K(275968K), 0,0004750 secs] [Times: user=0,01 sys=0,00, real=0,00 secs] 
48,434: [GC (Allocation Failure) [PSYoungGen: 100416K->96K(98304K)] 102200K->1880K(273408K), 0,0004790 secs] [Times: user=0,00 sys=0,00, real=0,00 secs] 
48,479: [GC (Allocation Failure) [PSYoungGen: 97888K->96K(95744K)] 99672K->1880K(270848K), 0,0004829 secs] [Times: user=0,00 sys=0,00, real=0,00 secs] 
48,524: [GC (Allocation Failure) [PSYoungGen: 95328K->64K(93184K)] 97112K->1848K(268288K), 0,0004660 secs] [Times: user=0,00 sys=0,00, real=0,00 secs] 
48,567: [GC (Allocation Failure) [PSYoungGen: 92736K->64K(112128K)] 94520K->1848K(287232K), 0,0006348 secs] [Times: user=0,00 sys=0,00, real=0,00 secs] 
48,619: [GC (Allocation Failure) [PSYoungGen: 111680K->64K(109056K)] 113464K->1848K(284160K), 0,0004950 secs] [Times: user=0,00 sys=0,00, real=0,00 secs] 
48,670: [GC (Allocation Failure) [PSYoungGen: 108608K->96K(105984K)] 110392K->1880K(281088K), 0,0005274 secs] [Times: user=0,00 sys=0,00, real=0,00 secs] 
48,719: [GC (Allocation Failure) [PSYoungGen: 105568K->64K(102912K)] 107352K->1848K(278016K), 0,0004970 secs] [Times: user=0,00 sys=0,00, real=0,00 secs] 
48,767: [GC (Allocation Failure) [PSYoungGen: 102463K->96K(99840K)] 104248K->1880K(274944K), 0,0005014 secs] [Times: user=0,00 sys=0,00, real=0,00 secs] 
48,814: [GC (Allocation Failure) [PSYoungGen: 99424K->96K(97280K)] 101208K->1880K(272384K), 0,0004582 secs] [Times: user=0,00 sys=0,00, real=0,00 secs] 
48,859: [GC (Allocation Failure) [PSYoungGen: 96863K->96K(94720K)] 98648K->1880K(269824K), 0,0004833 secs] [Times: user=0,00 sys=0,00, real=0,00 secs] 
48,903: [GC (Allocation Failure) [PSYoungGen: 94304K->96K(92160K)] 96088K->1880K(267264K), 0,0004653 secs] [Times: user=0,00 sys=0,00, real=0,00 secs] 
48,946: [GC (Allocation Failure) [PSYoungGen: 91744K->64K(89600K)] 93528K->1848K(264704K), 0,0004628 secs] [Times: user=0,00 sys=0,00, real=0,00 secs] 
48,988: [GC (Allocation Failure) [PSYoungGen: 89152K->96K(107520K)] 90936K->1880K(282624K), 0,0006523 secs] [Times: user=0,00 sys=0,00, real=0,00 secs] 
49,038: [GC (Allocation Failure) [PSYoungGen: 107104K->96K(129024K)] 108888K->1880K(304128K), 0,0004906 secs] [Times: user=0,00 sys=0,00, real=0,00 secs] 
49,098: [GC (Allocation Failure) [PSYoungGen: 128608K->96K(124928K)] 130392K->1880K(300032K), 0,0004770 secs] [Times: user=0,00 sys=0,00, real=0,00 secs] 
49,156: [GC (Allocation Failure) [PSYoungGen: 124512K->64K(121344K)] 126296K->1848K(296448K), 0,0005243 secs] [Times: user=0,00 sys=0,00, real=0,00 secs] 
49,213: [GC (Allocation Failure) [PSYoungGen: 120896K->96K(117760K)] 122680K->1880K(292864K), 0,0004876 secs] [Times: user=0,00 sys=0,00, real=0,01 secs] 
49,268: [GC (Allocation Failure) [PSYoungGen: 117344K->96K(114176K)] 119128K->1880K(289280K), 0,0005044 secs] [Times: user=0,00 sys=0,00, real=0,00 secs] 
49,321: [GC (Allocation Failure) [PSYoungGen: 113760K->96K(110592K)] 115544K->1880K(285696K), 0,0005091 secs] [Times: user=0,00 sys=0,00, real=0,00 secs] 
49,372: [GC (Allocation Failure) [PSYoungGen: 110176K->64K(107520K)] 111960K->1848K(282624K), 0,0005201 secs] [Times: user=0,00 sys=0,00, real=0,00 secs] 
49,422: [GC (Allocation Failure) [PSYoungGen: 107072K->32K(104448K)] 108856K->1816K(279552K), 0,0005396 secs] [Times: user=0,00 sys=0,00, real=0,00 secs] 
49,471: [GC (Allocation Failure) [PSYoungGen: 103968K->96K(101376K)] 105752K->1880K(276480K), 0,0005213 secs] [Times: user=0,00 sys=0,00, real=0,00 secs] 
49,518: [GC (Allocation Failure) [PSYoungGen: 100960K->64K(98816K)] 102744K->1848K(273920K), 0,0004654 secs] [Times: user=0,00 sys=0,00, real=0,00 secs] 
49,564: [GC (Allocation Failure) [PSYoungGen: 98368K->96K(96256K)] 100152K->1880K(271360K), 0,0004854 secs] [Times: user=0,00 sys=0,00, real=0,00 secs] 
49,609: [GC (Allocation Failure) [PSYoungGen: 95840K->96K(93696K)] 97624K->1880K(268800K), 0,0004900 secs] [Times: user=0,00 sys=0,01, real=0,00 secs] 
49,652: [GC (Allocation Failure) [PSYoungGen: 93280K->64K(91136K)] 95064K->1848K(266240K), 0,0004662 secs] [Times: user=0,00 sys=0,00, real=0,00 secs] 
49,695: [GC (Allocation Failure) [PSYoungGen: 90688K->32K(109568K)] 92472K->1816K(284672K), 0,0005436 secs] [Times: user=0,00 sys=0,00, real=0,00 secs] 
49,746: [GC (Allocation Failure) [PSYoungGen: 109088K->96K(106496K)] 110872K->1880K(281600K), 0,0005175 secs] [Times: user=0,00 sys=0,00, real=0,00 secs] 
49,796: [GC (Allocation Failure) [PSYoungGen: 106080K->96K(103424K)] 107864K->1880K(278528K), 0,0004844 secs] [Times: user=0,00 sys=0,00, real=0,00 secs] 
49,844: [GC (Allocation Failure) [PSYoungGen: 103008K->64K(100352K)] 104792K->1848K(275456K), 0,0004719 secs] [Times: user=0,00 sys=0,00, real=0,00 secs] 
49,891: [GC (Allocation Failure) [PSYoungGen: 99904K->96K(97792K)] 101688K->1880K(272896K), 0,0004725 secs] [Times: user=0,00 sys=0,00, real=0,00 secs] 
49,936: [GC (Allocation Failure) [PSYoungGen: 97376K->64K(95232K)] 99160K->1848K(270336K), 0,0004708 secs] [Times: user=0,00 sys=0,00, real=0,00 secs] 
49,980: [GC (Allocation Failure) [PSYoungGen: 94784K->96K(92672K)] 96568K->1880K(267776K), 0,0004739 secs] [Times: user=0,00 sys=0,00, real=0,00 secs] 
50,023: [GC (Allocation Failure) [PSYoungGen: 92256K->64K(111104K)] 94040K->1848K(286208K), 0,0006743 secs] [Times: user=0,00 sys=0,00, real=0,00 secs] 
50,075: [GC (Allocation Failure) [PSYoungGen: 110656K->96K(133632K)] 112440K->1880K(308736K), 0,0004661 secs] [Times: user=0,00 sys=0,00, real=0,00 secs] 
50,137: [GC (Allocation Failure) [PSYoungGen: 133216K->64K(129536K)] 135000K->1848K(304640K), 0,0005151 secs] [Times: user=0,00 sys=0,00, real=0,00 secs] 
50,198: [GC (Allocation Failure) [PSYoungGen: 129088K->64K(125440K)] 130872K->1848K(300544K), 0,0004839 secs] [Times: user=0,00 sys=0,00, real=0,00 secs] 
50,256: [GC (Allocation Failure) [PSYoungGen: 124992K->96K(121344K)] 126776K->1880K(296448K), 0,0004929 secs] [Times: user=0,00 sys=0,00, real=0,00 secs] 
50,313: [GC (Allocation Failure) [PSYoungGen: 120928K->96K(117760K)] 122712K->1880K(292864K), 0,0005419 secs] [Times: user=0,00 sys=0,00, real=0,01 secs] 
50,367: [GC (Allocation Failure) [PSYoungGen: 117344K->96K(114176K)] 119128K->1904K(289280K), 0,0004966 secs] [Times: user=0,00 sys=0,00, real=0,00 secs] 
50,420: [GC (Allocation Failure) [PSYoungGen: 113760K->96K(110592K)] 115568K->1904K(285696K), 0,0004888 secs] [Times: user=0,00 sys=0,00, real=0,00 secs] 
50,472: [GC (Allocation Failure) [PSYoungGen: 110176K->64K(107520K)] 111984K->1872K(282624K), 0,0005166 secs] [Times: user=0,00 sys=0,00, real=0,00 secs] 
50,522: [GC (Allocation Failure) [PSYoungGen: 107072K->96K(104448K)] 108880K->1904K(279552K), 0,0004896 secs] [Times: user=0,00 sys=0,00, real=0,00 secs] 
50,570: [GC (Allocation Failure) [PSYoungGen: 104032K->64K(101376K)] 105840K->1872K(276480K), 0,0004711 secs] [Times: user=0,00 sys=0,00, real=0,00 secs] 
50,618: [GC (Allocation Failure) [PSYoungGen: 100928K->64K(98816K)] 102736K->1872K(273920K), 0,0004715 secs] [Times: user=0,01 sys=0,00, real=0,00 secs] 
50,664: [GC (Allocation Failure) [PSYoungGen: 98368K->64K(96256K)] 100176K->1872K(271360K), 0,0004882 secs] [Times: user=0,00 sys=0,00, real=0,00 secs] 
50,708: [GC (Allocation Failure) [PSYoungGen: 95808K->96K(93696K)] 97616K->1904K(268800K), 0,0004823 secs] [Times: user=0,00 sys=0,00, real=0,00 secs] 
50,752: [GC (Allocation Failure) [PSYoungGen: 93280K->64K(91136K)] 95088K->1872K(266240K), 0,0004944 secs] [Times: user=0,00 sys=0,00, real=0,00 secs] 
50,795: [GC (Allocation Failure) [PSYoungGen: 90688K->96K(88576K)] 92496K->1904K(263680K), 0,0004814 secs] [Times: user=0,00 sys=0,00, real=0,00 secs] 
50,836: [GC (Allocation Failure) [PSYoungGen: 88160K->64K(86528K)] 89968K->1872K(261632K), 0,0004747 secs] [Times: user=0,00 sys=0,00, real=0,00 secs] 
50,876: [GC (Allocation Failure) [PSYoungGen: 86080K->96K(103936K)] 87888K->1904K(279040K), 0,0004732 secs] [Times: user=0,00 sys=0,00, real=0,00 secs] 
50,925: [GC (Allocation Failure) [PSYoungGen: 103520K->64K(124928K)] 105328K->1872K(300032K), 0,0005047 secs] [Times: user=0,01 sys=0,00, real=0,00 secs] 
50,983: [GC (Allocation Failure) [PSYoungGen: 124480K->64K(121344K)] 126288K->1872K(296448K), 0,0005365 secs] [Times: user=0,00 sys=0,00, real=0,01 secs] 
51,039: [GC (Allocation Failure) [PSYoungGen: 120896K->96K(117760K)] 122704K->1904K(292864K), 0,0004728 secs] [Times: user=0,00 sys=0,00, real=0,00 secs] 
51,094: [GC (Allocation Failure) [PSYoungGen: 117344K->64K(114176K)] 119152K->1872K(289280K), 0,0005798 secs] [Times: user=0,00 sys=0,00, real=0,00 secs] 
51,147: [GC (Allocation Failure) [PSYoungGen: 113728K->64K(110592K)] 115536K->1872K(285696K), 0,0005442 secs] [Times: user=0,00 sys=0,00, real=0,00 secs] 
51,198: [GC (Allocation Failure) [PSYoungGen: 110144K->96K(107520K)] 111952K->1904K(282624K), 0,0004752 secs] [Times: user=0,00 sys=0,00, real=0,00 secs] 
51,248: [GC (Allocation Failure) [PSYoungGen: 107104K->32K(104448K)] 108912K->1840K(279552K), 0,0005611 secs] [Times: user=0,00 sys=0,00, real=0,00 secs] 
51,297: [GC (Allocation Failure) [PSYoungGen: 103968K->96K(101376K)] 105776K->1904K(276480K), 0,0004763 secs] [Times: user=0,00 sys=0,00, real=0,00 secs] 
51,344: [GC (Allocation Failure) [PSYoungGen: 100960K->64K(98816K)] 102768K->1872K(273920K), 0,0004713 secs] [Times: user=0,00 sys=0,00, real=0,00 secs] 
51,390: [GC (Allocation Failure) [PSYoungGen: 98368K->96K(96256K)] 100176K->1904K(271360K), 0,0004960 secs] [Times: user=0,00 sys=0,00, real=0,00 secs] 
51,435: [GC (Allocation Failure) [PSYoungGen: 95840K->64K(93696K)] 97648K->1872K(268800K), 0,0004749 secs] [Times: user=0,00 sys=0,00, real=0,00 secs] 
51,479: [GC (Allocation Failure) [PSYoungGen: 93248K->96K(91136K)] 95056K->1904K(266240K), 0,0004777 secs] [Times: user=0,00 sys=0,00, real=0,00 secs] 
51,521: [GC (Allocation Failure) [PSYoungGen: 90720K->96K(88576K)] 92528K->1904K(263680K), 0,0004766 secs] [Times: user=0,00 sys=0,00, real=0,00 secs] 
51,562: [GC (Allocation Failure) [PSYoungGen: 88160K->64K(106496K)] 89968K->1872K(281600K), 0,0004927 secs] [Times: user=0,00 sys=0,00, real=0,01 secs] 
51,612: [GC (Allocation Failure) [PSYoungGen: 106048K->96K(103424K)] 107856K->1904K(278528K), 0,0004811 secs] [Times: user=0,00 sys=0,00, real=0,00 secs] 
51,660: [GC (Allocation Failure) [PSYoungGen: 103008K->96K(100352K)] 104816K->1904K(275456K), 0,0005243 secs] [Times: user=0,00 sys=0,00, real=0,00 secs] 
51,706: [GC (Allocation Failure) [PSYoungGen: 99936K->96K(97792K)] 101744K->1904K(272896K), 0,0004638 secs] [Times: user=0,00 sys=0,00, real=0,00 secs] 
51,752: [GC (Allocation Failure) [PSYoungGen: 97376K->64K(95232K)] 99184K->1872K(270336K), 0,0004819 secs] [Times: user=0,00 sys=0,00, real=0,00 secs] 
51,796: [GC (Allocation Failure) [PSYoungGen: 94784K->32K(114176K)] 96592K->1840K(289280K), 0,0005733 secs] [Times: user=0,00 sys=0,00, real=0,00 secs] 
51,849: [GC (Allocation Failure) [PSYoungGen: 113695K->64K(110592K)] 115504K->1872K(285696K), 0,0005148 secs] [Times: user=0,00 sys=0,00, real=0,00 secs] 
51,900: [GC (Allocation Failure) [PSYoungGen: 110144K->64K(107520K)] 111952K->1872K(282624K), 0,0004829 secs] [Times: user=0,00 sys=0,00, real=0,00 secs] 
51,950: [GC (Allocation Failure) [PSYoungGen: 107072K->64K(104448K)] 108880K->1872K(279552K), 0,0004761 secs] [Times: user=0,00 sys=0,00, real=0,00 secs] 
51,999: [GC (Allocation Failure) [PSYoungGen: 104000K->64K(101376K)] 105808K->1872K(276480K), 0,0004641 secs] [Times: user=0,00 sys=0,00, real=0,00 secs] 
52,046: [GC (Allocation Failure) [PSYoungGen: 100928K->96K(98816K)] 102736K->1904K(273920K), 0,0004753 secs] [Times: user=0,01 sys=0,00, real=0,00 secs] 
52,091: [GC (Allocation Failure) [PSYoungGen: 98400K->64K(118784K)] 100208K->1872K(293888K), 0,0007104 secs] [Times: user=0,00 sys=0,00, real=0,00 secs] 
52,147: [GC (Allocation Failure) [PSYoungGen: 118335K->64K(142848K)] 120144K->1872K(317952K), 0,0007762 secs] [Times: user=0,00 sys=0,00, real=0,00 secs] 
52,213: [GC (Allocation Failure) [PSYoungGen: 142399K->96K(171520K)] 144208K->1904K(346624K), 0,0005767 secs] [Times: user=0,01 sys=0,00, real=0,00 secs] 
52,293: [GC (Allocation Failure) [PSYoungGen: 171104K->96K(165376K)] 172912K->1904K(340480K), 0,0004864 secs] [Times: user=0,00 sys=0,00, real=0,01 secs] 
52,369: [GC (Allocation Failure) [PSYoungGen: 164960K->64K(159744K)] 166768K->1872K(334848K), 0,0005399 secs] [Times: user=0,00 sys=0,01, real=0,00 secs] 
52,444: [GC (Allocation Failure) [PSYoungGen: 159296K->64K(154112K)] 161104K->1872K(329216K), 0,0004933 secs] [Times: user=0,00 sys=0,00, real=0,00 secs] 
52,515: [GC (Allocation Failure) [PSYoungGen: 153663K->96K(148992K)] 155472K->1904K(324096K), 0,0004803 secs] [Times: user=0,00 sys=0,00, real=0,00 secs] 
52,584: [GC (Allocation Failure) [PSYoungGen: 148576K->96K(143872K)] 150384K->1904K(318976K), 0,0005276 secs] [Times: user=0,00 sys=0,00, real=0,00 secs] 
52,650: [GC (Allocation Failure) [PSYoungGen: 143456K->64K(139264K)] 145264K->1872K(314368K), 0,0004863 secs] [Times: user=0,00 sys=0,00, real=0,00 secs] 
52,715: [GC (Allocation Failure) [PSYoungGen: 138816K->96K(134656K)] 140624K->1904K(309760K), 0,0004949 secs] [Times: user=0,00 sys=0,00, real=0,00 secs] 
52,778: [GC (Allocation Failure) [PSYoungGen: 134240K->96K(130560K)] 136048K->1904K(305664K), 0,0004958 secs] [Times: user=0,00 sys=0,00, real=0,00 secs] 
52,839: [GC (Allocation Failure) [PSYoungGen: 130144K->64K(126464K)] 131952K->1872K(301568K), 0,0005470 secs] [Times: user=0,00 sys=0,00, real=0,00 secs] 
52,897: [GC (Allocation Failure) [PSYoungGen: 126016K->64K(122368K)] 127824K->1872K(297472K), 0,0005181 secs] [Times: user=0,00 sys=0,00, real=0,00 secs] 
52,954: [GC (Allocation Failure) [PSYoungGen: 121920K->96K(118784K)] 123728K->1904K(293888K), 0,0004787 secs] [Times: user=0,00 sys=0,00, real=0,00 secs] 
53,009: [GC (Allocation Failure) [PSYoungGen: 118368K->64K(115200K)] 120176K->1872K(290304K), 0,0004786 secs] [Times: user=0,01 sys=0,00, real=0,00 secs] 
53,063: [GC (Allocation Failure) [PSYoungGen: 114752K->64K(111616K)] 116560K->1872K(286720K), 0,0004787 secs] [Times: user=0,00 sys=0,00, real=0,00 secs] 
53,115: [GC (Allocation Failure) [PSYoungGen: 111167K->64K(108544K)] 112976K->1872K(283648K), 0,0004749 secs] [Times: user=0,00 sys=0,00, real=0,00 secs] 
53,165: [GC (Allocation Failure) [PSYoungGen: 108096K->96K(105472K)] 109904K->1904K(280576K), 0,0004864 secs] [Times: user=0,00 sys=0,00, real=0,00 secs] 
53,215: [GC (Allocation Failure) [PSYoungGen: 105056K->64K(102400K)] 106864K->1872K(277504K), 0,0004925 secs] [Times: user=0,00 sys=0,00, real=0,00 secs] 
53,263: [GC (Allocation Failure) [PSYoungGen: 101952K->96K(99328K)] 103760K->1904K(274432K), 0,0004964 secs] [Times: user=0,00 sys=0,00, real=0,01 secs] 
53,309: [GC (Allocation Failure) [PSYoungGen: 98912K->96K(96768K)] 100720K->1904K(271872K), 0,0005000 secs] [Times: user=0,00 sys=0,00, real=0,00 secs] 
53,354: [GC (Allocation Failure) [PSYoungGen: 96352K->64K(94208K)] 98160K->1872K(269312K), 0,0004886 secs] [Times: user=0,00 sys=0,00, real=0,00 secs] 
53,398: [GC (Allocation Failure) [PSYoungGen: 93760K->96K(91648K)] 95568K->1904K(266752K), 0,0004743 secs] [Times: user=0,00 sys=0,00, real=0,00 secs] 
53,440: [GC (Allocation Failure) [PSYoungGen: 91232K->32K(89088K)] 93040K->1840K(264192K), 0,0005345 secs] [Times: user=0,00 sys=0,00, real=0,00 secs] 
53,482: [GC (Allocation Failure) [PSYoungGen: 88608K->96K(107008K)] 90416K->1904K(282112K), 0,0004791 secs] [Times: user=0,00 sys=0,00, real=0,00 secs] 
53,532: [GC (Allocation Failure) [PSYoungGen: 106592K->128K(128512K)] 108400K->1936K(303616K), 0,0006743 secs] [Times: user=0,00 sys=0,00, real=0,00 secs] 
53,591: [GC (Allocation Failure) [PSYoungGen: 128128K->96K(124416K)] 129936K->1904K(299520K), 0,0004905 secs] [Times: user=0,00 sys=0,00, real=0,00 secs] 
53,649: [GC (Allocation Failure) [PSYoungGen: 124000K->32K(120832K)] 125808K->1840K(295936K), 0,0004821 secs] [Times: user=0,00 sys=0,00, real=0,00 secs] 
53,705: [GC (Allocation Failure) [PSYoungGen: 120352K->64K(117248K)] 122160K->1872K(292352K), 0,0005282 secs] [Times: user=0,00 sys=0,00, real=0,00 secs] 
53,760: [GC (Allocation Failure) [PSYoungGen: 116800K->96K(113664K)] 118608K->1904K(288768K), 0,0004976 secs] [Times: user=0,00 sys=0,00, real=0,00 secs] 
53,812: [GC (Allocation Failure) [PSYoungGen: 113248K->96K(110592K)] 115056K->1904K(285696K), 0,0004821 secs] [Times: user=0,01 sys=0,00, real=0,01 secs] 
53,864: [GC (Allocation Failure) [PSYoungGen: 110176K->64K(107520K)] 111984K->1872K(282624K), 0,0004705 secs] [Times: user=0,00 sys=0,00, real=0,00 secs] 
53,914: [GC (Allocation Failure) [PSYoungGen: 107072K->96K(104448K)] 108880K->1904K(279552K), 0,0004581 secs] [Times: user=0,00 sys=0,00, real=0,00 secs] 
53,962: [GC (Allocation Failure) [PSYoungGen: 104032K->96K(101376K)] 105840K->1904K(276480K), 0,0004817 secs] [Times: user=0,00 sys=0,00, real=0,00 secs] 
54,009: [GC (Allocation Failure) [PSYoungGen: 100960K->96K(98816K)] 102768K->1904K(273920K), 0,0004693 secs] [Times: user=0,00 sys=0,00, real=0,00 secs] 
54,055: [GC (Allocation Failure) [PSYoungGen: 98400K->96K(96256K)] 100208K->1904K(271360K), 0,0004636 secs] [Times: user=0,00 sys=0,00, real=0,00 secs] 
54,100: [GC (Allocation Failure) [PSYoungGen: 95840K->96K(93696K)] 97648K->1904K(268800K), 0,0004616 secs] [Times: user=0,01 sys=0,00, real=0,00 secs] 
54,143: [GC (Allocation Failure) [PSYoungGen: 93280K->96K(91136K)] 95088K->1904K(266240K), 0,0004704 secs] [Times: user=0,00 sys=0,00, real=0,00 secs] 
54,186: [GC (Allocation Failure) [PSYoungGen: 90720K->64K(88576K)] 92528K->1872K(263680K), 0,0005119 secs] [Times: user=0,00 sys=0,00, real=0,00 secs] 
54,228: [GC (Allocation Failure) [PSYoungGen: 88128K->64K(106496K)] 89936K->1872K(281600K), 0,0010002 secs] [Times: user=0,01 sys=0,00, real=0,00 secs] 
54,278: [GC (Allocation Failure) [PSYoungGen: 106048K->96K(128000K)] 107856K->1904K(303104K), 0,0005191 secs] [Times: user=0,01 sys=0,00, real=0,00 secs] 
54,337: [GC (Allocation Failure) [PSYoungGen: 127584K->96K(153600K)] 129392K->1904K(328704K), 0,0004841 secs] [Times: user=0,01 sys=0,00, real=0,00 secs] 
54,408: [GC (Allocation Failure) [PSYoungGen: 153184K->96K(148480K)] 154992K->1904K(323584K), 0,0005297 secs] [Times: user=0,00 sys=0,00, real=0,00 secs] 
54,477: [GC (Allocation Failure) [PSYoungGen: 148064K->96K(143360K)] 149872K->1904K(318464K), 0,0004798 secs] [Times: user=0,00 sys=0,00, real=0,00 secs] 
54,544: [GC (Allocation Failure) [PSYoungGen: 142944K->64K(138752K)] 144752K->1872K(313856K), 0,0006130 secs] [Times: user=0,00 sys=0,00, real=0,00 secs] 
54,608: [GC (Allocation Failure) [PSYoungGen: 138304K->96K(134144K)] 140112K->1904K(309248K), 0,0004693 secs] [Times: user=0,00 sys=0,00, real=0,00 secs] 
54,670: [GC (Allocation Failure) [PSYoungGen: 133728K->96K(130048K)] 135536K->1904K(305152K), 0,0004760 secs] [Times: user=0,00 sys=0,00, real=0,00 secs] 
54,730: [GC (Allocation Failure) [PSYoungGen: 129632K->96K(125952K)] 131440K->1904K(301056K), 0,0005668 secs] [Times: user=0,00 sys=0,00, real=0,00 secs] 
54,789: [GC (Allocation Failure) [PSYoungGen: 125536K->96K(121856K)] 127344K->1904K(296960K), 0,0005004 secs] [Times: user=0,00 sys=0,00, real=0,00 secs] 
54,846: [GC (Allocation Failure) [PSYoungGen: 121440K->64K(118272K)] 123248K->1872K(293376K), 0,0005430 secs] [Times: user=0,00 sys=0,00, real=0,00 secs] 
54,901: [GC (Allocation Failure) [PSYoungGen: 117824K->64K(114688K)] 119632K->1872K(289792K), 0,0004771 secs] [Times: user=0,00 sys=0,00, real=0,00 secs] 
54,954: [GC (Allocation Failure) [PSYoungGen: 114240K->64K(111104K)] 116048K->1872K(286208K), 0,0004767 secs] [Times: user=0,01 sys=0,00, real=0,00 secs] 
55,006: [GC (Allocation Failure) [PSYoungGen: 110656K->96K(108032K)] 112464K->1904K(283136K), 0,0004739 secs] [Times: user=0,00 sys=0,00, real=0,00 secs] 
55,056: [GC (Allocation Failure) [PSYoungGen: 107616K->64K(104960K)] 109424K->1872K(280064K), 0,0004764 secs] [Times: user=0,00 sys=0,00, real=0,00 secs] 
55,105: [GC (Allocation Failure) [PSYoungGen: 104512K->96K(101888K)] 106320K->1904K(276992K), 0,0004675 secs] [Times: user=0,00 sys=0,00, real=0,00 secs] 
55,152: [GC (Allocation Failure) [PSYoungGen: 101472K->96K(98816K)] 103280K->1904K(273920K), 0,0004748 secs] [Times: user=0,01 sys=0,00, real=0,00 secs] 
55,198: [GC (Allocation Failure) [PSYoungGen: 98400K->64K(96256K)] 100208K->1872K(271360K), 0,0004623 secs] [Times: user=0,00 sys=0,00, real=0,00 secs] 
55,243: [GC (Allocation Failure) [PSYoungGen: 95808K->96K(93696K)] 97616K->1904K(268800K), 0,0004776 secs] [Times: user=0,00 sys=0,00, real=0,00 secs] 
55,287: [GC (Allocation Failure) [PSYoungGen: 93280K->96K(91136K)] 95088K->1904K(266240K), 0,0005074 secs] [Times: user=0,00 sys=0,00, real=0,00 secs] 
55,329: [GC (Allocation Failure) [PSYoungGen: 90720K->32K(88576K)] 92528K->1840K(263680K), 0,0005279 secs] [Times: user=0,00 sys=0,00, real=0,00 secs] 
55,370: [GC (Allocation Failure) [PSYoungGen: 88096K->96K(86528K)] 89904K->1904K(261632K), 0,0004559 secs] [Times: user=0,00 sys=0,00, real=0,00 secs] 
55,411: [GC (Allocation Failure) [PSYoungGen: 86112K->96K(103936K)] 87920K->1904K(279040K), 0,0004545 secs] [Times: user=0,00 sys=0,00, real=0,00 secs] 
55,459: [GC (Allocation Failure) [PSYoungGen: 103520K->96K(124928K)] 105328K->1904K(300032K), 0,0005728 secs] [Times: user=0,01 sys=0,00, real=0,00 secs] 
55,517: [GC (Allocation Failure) [PSYoungGen: 124512K->96K(121344K)] 126320K->1904K(296448K), 0,0004893 secs] [Times: user=0,00 sys=0,00, real=0,00 secs] 
55,573: [GC (Allocation Failure) [PSYoungGen: 120928K->64K(117760K)] 122736K->1872K(292864K), 0,0004894 secs] [Times: user=0,00 sys=0,00, real=0,00 secs] 
55,628: [GC (Allocation Failure) [PSYoungGen: 117312K->96K(114176K)] 119120K->1904K(289280K), 0,0005082 secs] [Times: user=0,00 sys=0,00, real=0,00 secs] 
55,681: [GC (Allocation Failure) [PSYoungGen: 113760K->96K(110592K)] 115568K->1904K(285696K), 0,0004675 secs] [Times: user=0,00 sys=0,00, real=0,00 secs] 
55,733: [GC (Allocation Failure) [PSYoungGen: 110176K->64K(132608K)] 111984K->1872K(307712K), 0,0009256 secs] [Times: user=0,00 sys=0,00, real=0,01 secs] 
55,795: [GC (Allocation Failure) [PSYoungGen: 132160K->96K(128512K)] 133968K->1904K(303616K), 0,0004831 secs] [Times: user=0,00 sys=0,00, real=0,00 secs] 
55,859: [GC (Allocation Failure) [PSYoungGen: 128096K->96K(124416K)] 129904K->1904K(299520K), 0,0005033 secs] [Times: user=0,00 sys=0,00, real=0,00 secs] 
55,917: [GC (Allocation Failure) [PSYoungGen: 124000K->96K(120832K)] 125808K->1904K(295936K), 0,0004881 secs] [Times: user=0,00 sys=0,00, real=0,00 secs] 
55,973: [GC (Allocation Failure) [PSYoungGen: 120416K->64K(117248K)] 122224K->1872K(292352K), 0,0004657 secs] [Times: user=0,00 sys=0,00, real=0,00 secs] 
56,028: [GC (Allocation Failure) [PSYoungGen: 116800K->96K(113664K)] 118608K->1904K(288768K), 0,0005172 secs] [Times: user=0,00 sys=0,00, real=0,00 secs] 
56,081: [GC (Allocation Failure) [PSYoungGen: 113248K->64K(110592K)] 115056K->1872K(285696K), 0,0007749 secs] [Times: user=0,00 sys=0,00, real=0,00 secs] 
56,133: [GC (Allocation Failure) [PSYoungGen: 110144K->64K(107520K)] 111952K->1872K(282624K), 0,0004777 secs] [Times: user=0,00 sys=0,00, real=0,01 secs] 
56,183: [GC (Allocation Failure) [PSYoungGen: 107072K->64K(104448K)] 108880K->1872K(279552K), 0,0005363 secs] [Times: user=0,01 sys=0,00, real=0,00 secs] 
56,232: [GC (Allocation Failure) [PSYoungGen: 104000K->64K(101376K)] 105808K->1872K(276480K), 0,0004913 secs] [Times: user=0,00 sys=0,00, real=0,00 secs] 
56,279: [GC (Allocation Failure) [PSYoungGen: 100928K->96K(98816K)] 102736K->1904K(273920K), 0,0004797 secs] [Times: user=0,00 sys=0,00, real=0,00 secs] 
56,325: [GC (Allocation Failure) [PSYoungGen: 98400K->96K(96256K)] 100208K->1904K(271360K), 0,0004485 secs] [Times: user=0,00 sys=0,00, real=0,00 secs] 
56,369: [GC (Allocation Failure) [PSYoungGen: 95840K->96K(93696K)] 97648K->1904K(268800K), 0,0004730 secs] [Times: user=0,00 sys=0,00, real=0,00 secs] 
56,413: [GC (Allocation Failure) [PSYoungGen: 93280K->64K(91136K)] 95088K->1872K(266240K), 0,0004660 secs] [Times: user=0,00 sys=0,00, real=0,01 secs] 
56,455: [GC (Allocation Failure) [PSYoungGen: 90688K->96K(88576K)] 92496K->1904K(263680K), 0,0004846 secs] [Times: user=0,00 sys=0,00, real=0,00 secs] 
56,497: [GC (Allocation Failure) [PSYoungGen: 88160K->96K(86528K)] 89968K->1904K(261632K), 0,0004712 secs] [Times: user=0,00 sys=0,00, real=0,00 secs] 
56,537: [GC (Allocation Failure) [PSYoungGen: 86112K->64K(103936K)] 87920K->1872K(279040K), 0,0004928 secs] [Times: user=0,00 sys=0,00, real=0,00 secs] 
56,585: [GC (Allocation Failure) [PSYoungGen: 103488K->64K(124928K)] 105296K->1872K(300032K), 0,0005623 secs] [Times: user=0,00 sys=0,00, real=0,00 secs] 
56,643: [GC (Allocation Failure) [PSYoungGen: 124480K->96K(121344K)] 126288K->1904K(296448K), 0,0004792 secs] [Times: user=0,00 sys=0,00, real=0,00 secs] 
56,699: [GC (Allocation Failure) [PSYoungGen: 120928K->64K(117760K)] 122736K->1872K(292864K), 0,0004743 secs] [Times: user=0,00 sys=0,00, real=0,00 secs] 
56,754: [GC (Allocation Failure) [PSYoungGen: 117312K->64K(114176K)] 119120K->1872K(289280K), 0,0005231 secs] [Times: user=0,00 sys=0,00, real=0,00 secs] 
56,807: [GC (Allocation Failure) [PSYoungGen: 113727K->96K(110592K)] 115536K->1904K(285696K), 0,0005026 secs] [Times: user=0,01 sys=0,00, real=0,00 secs] 
56,859: [GC (Allocation Failure) [PSYoungGen: 110176K->64K(107520K)] 111984K->1872K(282624K), 0,0004708 secs] [Times: user=0,00 sys=0,00, real=0,00 secs] 
56,908: [GC (Allocation Failure) [PSYoungGen: 107072K->96K(104448K)] 108880K->1904K(279552K), 0,0004777 secs] [Times: user=0,00 sys=0,00, real=0,00 secs] 
56,958: [GC (Allocation Failure) [PSYoungGen: 104032K->96K(101376K)] 105840K->1904K(276480K), 0,0004945 secs] [Times: user=0,00 sys=0,00, real=0,00 secs] 
57,005: [GC (Allocation Failure) [PSYoungGen: 100960K->96K(98816K)] 102768K->1904K(273920K), 0,0005110 secs] [Times: user=0,00 sys=0,00, real=0,00 secs] 
57,050: [GC (Allocation Failure) [PSYoungGen: 98400K->96K(96256K)] 100208K->1904K(271360K), 0,0004607 secs] [Times: user=0,00 sys=0,00, real=0,00 secs] 
57,095: [GC (Allocation Failure) [PSYoungGen: 95840K->96K(93696K)] 97648K->1904K(268800K), 0,0004731 secs] [Times: user=0,01 sys=0,00, real=0,00 secs] 
57,139: [GC (Allocation Failure) [PSYoungGen: 93280K->96K(91136K)] 95088K->1904K(266240K), 0,0004935 secs] [Times: user=0,00 sys=0,00, real=0,00 secs] 
57,181: [GC (Allocation Failure) [PSYoungGen: 90720K->96K(88576K)] 92528K->1904K(263680K), 0,0004644 secs] [Times: user=0,00 sys=0,00, real=0,00 secs] 
57,222: [GC (Allocation Failure) [PSYoungGen: 88160K->64K(86528K)] 89968K->1872K(261632K), 0,0004843 secs] [Times: user=0,00 sys=0,00, real=0,00 secs] 
57,263: [GC (Allocation Failure) [PSYoungGen: 86080K->96K(103936K)] 87888K->1904K(279040K), 0,0005024 secs] [Times: user=0,00 sys=0,00, real=0,01 secs] 
57,311: [GC (Allocation Failure) [PSYoungGen: 103520K->64K(124928K)] 105328K->1872K(300032K), 0,0005466 secs] [Times: user=0,00 sys=0,00, real=0,00 secs] 
57,369: [GC (Allocation Failure) [PSYoungGen: 124480K->96K(121344K)] 126288K->1904K(296448K), 0,0004735 secs] [Times: user=0,00 sys=0,00, real=0,00 secs] 
57,426: [GC (Allocation Failure) [PSYoungGen: 120928K->64K(117760K)] 122736K->1872K(292864K), 0,0005114 secs] [Times: user=0,00 sys=0,00, real=0,00 secs] 
57,480: [GC (Allocation Failure) [PSYoungGen: 117312K->64K(114176K)] 119120K->1872K(289280K), 0,0004738 secs] [Times: user=0,00 sys=0,00, real=0,00 secs] 
57,533: [GC (Allocation Failure) [PSYoungGen: 113728K->96K(110592K)] 115536K->1904K(285696K), 0,0004988 secs] [Times: user=0,00 sys=0,00, real=0,00 secs] 
57,585: [GC (Allocation Failure) [PSYoungGen: 110176K->96K(107520K)] 111984K->1904K(282624K), 0,0004786 secs] [Times: user=0,00 sys=0,00, real=0,00 secs] 
57,635: [GC (Allocation Failure) [PSYoungGen: 107104K->96K(104448K)] 108912K->1904K(279552K), 0,0004646 secs] [Times: user=0,00 sys=0,00, real=0,00 secs] 
57,683: [GC (Allocation Failure) [PSYoungGen: 104032K->128K(101376K)] 105840K->1936K(276480K), 0,0004732 secs] [Times: user=0,00 sys=0,00, real=0,00 secs] 
57,730: [GC (Allocation Failure) [PSYoungGen: 100992K->64K(98816K)] 102800K->1872K(273920K), 0,0004674 secs] [Times: user=0,00 sys=0,00, real=0,00 secs] 
57,777: [GC (Allocation Failure) [PSYoungGen: 98368K->64K(96256K)] 100176K->1872K(271360K), 0,0005144 secs] [Times: user=0,00 sys=0,00, real=0,00 secs] 
57,822: [GC (Allocation Failure) [PSYoungGen: 95808K->96K(93696K)] 97616K->1904K(268800K), 0,0004888 secs] [Times: user=0,00 sys=0,00, real=0,00 secs] 
57,865: [GC (Allocation Failure) [PSYoungGen: 93280K->96K(91136K)] 95088K->1904K(266240K), 0,0005492 secs] [Times: user=0,00 sys=0,00, real=0,00 secs] 
57,908: [GC (Allocation Failure) [PSYoungGen: 90720K->96K(88576K)] 92528K->1904K(263680K), 0,0004621 secs] [Times: user=0,01 sys=0,00, real=0,00 secs] 
57,949: [GC (Allocation Failure) [PSYoungGen: 88160K->96K(106496K)] 89968K->1904K(281600K), 0,0004692 secs] [Times: user=0,00 sys=0,00, real=0,00 secs] 
57,998: [GC (Allocation Failure) [PSYoungGen: 106080K->96K(103424K)] 107888K->1904K(278528K), 0,0004742 secs] [Times: user=0,00 sys=0,00, real=0,00 secs] 
58,046: [GC (Allocation Failure) [PSYoungGen: 103008K->64K(100352K)] 104816K->1872K(275456K), 0,0004693 secs] [Times: user=0,01 sys=0,00, real=0,00 secs] 
58,093: [GC (Allocation Failure) [PSYoungGen: 99904K->96K(97792K)] 101712K->1904K(272896K), 0,0004557 secs] [Times: user=0,00 sys=0,00, real=0,00 secs] 
58,138: [GC (Allocation Failure) [PSYoungGen: 97376K->64K(95232K)] 99184K->1872K(270336K), 0,0004732 secs] [Times: user=0,00 sys=0,00, real=0,00 secs] 
58,183: [GC (Allocation Failure) [PSYoungGen: 94784K->96K(92672K)] 96592K->1904K(267776K), 0,0004742 secs] [Times: user=0,00 sys=0,00, real=0,00 secs] 
58,226: [GC (Allocation Failure) [PSYoungGen: 92256K->96K(90112K)] 94064K->1912K(265216K), 0,0004635 secs] [Times: user=0,00 sys=0,01, real=0,00 secs] 
58,268: [GC (Allocation Failure) [PSYoungGen: 89696K->96K(108032K)] 91512K->1912K(283136K), 0,0005310 secs] [Times: user=0,00 sys=0,00, real=0,00 secs] 
58,318: [GC (Allocation Failure) [PSYoungGen: 107616K->64K(104960K)] 109432K->1880K(280064K), 0,0004809 secs] [Times: user=0,00 sys=0,00, real=0,00 secs] 
58,367: [GC (Allocation Failure) [PSYoungGen: 104512K->96K(101888K)] 106328K->1912K(276992K), 0,0004744 secs] [Times: user=0,00 sys=0,00, real=0,00 secs] 
58,414: [GC (Allocation Failure) [PSYoungGen: 101472K->96K(98816K)] 103288K->1912K(273920K), 0,0004571 secs] [Times: user=0,00 sys=0,00, real=0,00 secs] 
58,460: [GC (Allocation Failure) [PSYoungGen: 98400K->64K(96256K)] 100216K->1880K(271360K), 0,0005149 secs] [Times: user=0,00 sys=0,00, real=0,00 secs] 
58,505: [GC (Allocation Failure) [PSYoungGen: 95808K->96K(93696K)] 97624K->1912K(268800K), 0,0004716 secs] [Times: user=0,00 sys=0,00, real=0,00 secs] 
58,549: [GC (Allocation Failure) [PSYoungGen: 93280K->64K(91136K)] 95096K->1880K(266240K), 0,0004719 secs] [Times: user=0,00 sys=0,00, real=0,00 secs] 
58,591: [GC (Allocation Failure) [PSYoungGen: 90688K->64K(88576K)] 92504K->1880K(263680K), 0,0004699 secs] [Times: user=0,01 sys=0,00, real=0,00 secs] 
58,632: [GC (Allocation Failure) [PSYoungGen: 88128K->32K(106496K)] 89944K->1848K(281600K), 0,0005166 secs] [Times: user=0,00 sys=0,00, real=0,01 secs] 
58,682: [GC (Allocation Failure) [PSYoungGen: 106016K->64K(128000K)] 107832K->1880K(303104K), 0,0005233 secs] [Times: user=0,00 sys=0,00, real=0,00 secs] 
58,742: [GC (Allocation Failure) [PSYoungGen: 127552K->96K(123904K)] 129368K->1912K(299008K), 0,0004886 secs] [Times: user=0,00 sys=0,00, real=0,00 secs] 
58,799: [GC (Allocation Failure) [PSYoungGen: 123488K->64K(120320K)] 125304K->1880K(295424K), 0,0005095 secs] [Times: user=0,00 sys=0,00, real=0,00 secs] 
58,855: [GC (Allocation Failure) [PSYoungGen: 119872K->64K(116736K)] 121688K->1880K(291840K), 0,0004742 secs] [Times: user=0,00 sys=0,00, real=0,00 secs] 
58,909: [GC (Allocation Failure) [PSYoungGen: 116288K->64K(113152K)] 118104K->1880K(288256K), 0,0004818 secs] [Times: user=0,01 sys=0,00, real=0,00 secs] 
58,962: [GC (Allocation Failure) [PSYoungGen: 112704K->64K(110080K)] 114520K->1880K(285184K), 0,0004955 secs] [Times: user=0,00 sys=0,00, real=0,00 secs] 
59,013: [GC (Allocation Failure) [PSYoungGen: 109632K->96K(107008K)] 111448K->1912K(282112K), 0,0004717 secs] [Times: user=0,00 sys=0,00, real=0,01 secs] 
59,063: [GC (Allocation Failure) [PSYoungGen: 106592K->96K(103936K)] 108408K->1912K(279040K), 0,0004677 secs] [Times: user=0,00 sys=0,00, real=0,01 secs] 
59,111: [GC (Allocation Failure) [PSYoungGen: 103520K->96K(100864K)] 105336K->1912K(275968K), 0,0004567 secs] [Times: user=0,00 sys=0,00, real=0,00 secs] 
59,158: [GC (Allocation Failure) [PSYoungGen: 100448K->96K(98304K)] 102264K->1912K(273408K), 0,0004941 secs] [Times: user=0,00 sys=0,00, real=0,00 secs] 
59,204: [GC (Allocation Failure) [PSYoungGen: 97888K->96K(95744K)] 99704K->1912K(270848K), 0,0004909 secs] [Times: user=0,00 sys=0,00, real=0,00 secs] 
59,248: [GC (Allocation Failure) [PSYoungGen: 95328K->64K(93184K)] 97144K->1880K(268288K), 0,0004852 secs] [Times: user=0,00 sys=0,00, real=0,00 secs] 
59,292: [GC (Allocation Failure) [PSYoungGen: 92736K->96K(90624K)] 94552K->1912K(265728K), 0,0004885 secs] [Times: user=0,00 sys=0,00, real=0,00 secs] 
59,334: [GC (Allocation Failure) [PSYoungGen: 90208K->96K(88064K)] 92024K->1912K(263168K), 0,0004687 secs] [Times: user=0,00 sys=0,00, real=0,00 secs] 
59,375: [GC (Allocation Failure) [PSYoungGen: 87648K->64K(86016K)] 89464K->1880K(261120K), 0,0004471 secs] [Times: user=0,01 sys=0,00, real=0,00 secs] 
59,415: [GC (Allocation Failure) [PSYoungGen: 85567K->64K(103424K)] 87384K->1880K(278528K), 0,0004600 secs] [Times: user=0,01 sys=0,00, real=0,00 secs] 
59,463: [GC (Allocation Failure) [PSYoungGen: 102976K->96K(100352K)] 104792K->1912K(275456K), 0,0004717 secs] [Times: user=0,00 sys=0,00, real=0,00 secs] 
59,510: [GC (Allocation Failure) [PSYoungGen: 99936K->64K(97792K)] 101752K->1880K(272896K), 0,0004795 secs] [Times: user=0,00 sys=0,00, real=0,00 secs] 
59,555: [GC (Allocation Failure) [PSYoungGen: 97344K->96K(95232K)] 99160K->1912K(270336K), 0,0004622 secs] [Times: user=0,00 sys=0,00, real=0,00 secs] 
59,599: [GC (Allocation Failure) [PSYoungGen: 94816K->64K(92672K)] 96632K->1880K(267776K), 0,0004728 secs] [Times: user=0,00 sys=0,00, real=0,00 secs] 
59,642: [GC (Allocation Failure) [PSYoungGen: 92224K->96K(90112K)] 94040K->1912K(265216K), 0,0004634 secs] [Times: user=0,01 sys=0,00, real=0,00 secs] 
59,684: [GC (Allocation Failure) [PSYoungGen: 89696K->96K(87552K)] 91512K->1912K(262656K), 0,0004604 secs] [Times: user=0,00 sys=0,00, real=0,00 secs] 
59,725: [GC (Allocation Failure) [PSYoungGen: 87136K->96K(104960K)] 88952K->1912K(280064K), 0,0004702 secs] [Times: user=0,00 sys=0,00, real=0,00 secs] 
59,774: [GC (Allocation Failure) [PSYoungGen: 104544K->96K(101888K)] 106360K->1912K(276992K), 0,0004925 secs] [Times: user=0,00 sys=0,00, real=0,00 secs] 
59,822: [GC (Allocation Failure) [PSYoungGen: 101472K->64K(98816K)] 103288K->1880K(273920K), 0,0004763 secs] [Times: user=0,00 sys=0,00, real=0,00 secs] 
59,868: [GC (Allocation Failure) [PSYoungGen: 98368K->96K(96256K)] 100184K->1912K(271360K), 0,0004722 secs] [Times: user=0,00 sys=0,00, real=0,00 secs] 
59,912: [GC (Allocation Failure) [PSYoungGen: 95840K->96K(93696K)] 97656K->1912K(268800K), 0,0004659 secs] [Times: user=0,00 sys=0,00, real=0,01 secs] 
59,956: [GC (Allocation Failure) [PSYoungGen: 93280K->96K(112640K)] 95096K->1912K(287744K), 0,0006017 secs] [Times: user=0,00 sys=0,00, real=0,00 secs] 
60,009: [GC (Allocation Failure) [PSYoungGen: 112224K->64K(109568K)] 114040K->1880K(284672K), 0,0004674 secs] [Times: user=0,01 sys=0,00, real=0,00 secs] 
60,059: [GC (Allocation Failure) [PSYoungGen: 109120K->32K(106496K)] 110936K->1848K(281600K), 0,0005306 secs] [Times: user=0,00 sys=0,00, real=0,00 secs] 
60,109: [GC (Allocation Failure) [PSYoungGen: 106016K->96K(103424K)] 107832K->1912K(278528K), 0,0005030 secs] [Times: user=0,01 sys=0,00, real=0,00 secs] 
60,157: [GC (Allocation Failure) [PSYoungGen: 103008K->32K(100352K)] 104824K->1848K(275456K), 0,0004996 secs] [Times: user=0,00 sys=0,00, real=0,00 secs] 
60,204: [GC (Allocation Failure) [PSYoungGen: 99872K->64K(97792K)] 101688K->1880K(272896K), 0,0004777 secs] [Times: user=0,00 sys=0,00, real=0,00 secs] 
60,249: [GC (Allocation Failure) [PSYoungGen: 97344K->64K(95232K)] 99160K->1880K(270336K), 0,0004860 secs] [Times: user=0,00 sys=0,00, real=0,00 secs] 
60,294: [GC (Allocation Failure) [PSYoungGen: 94784K->160K(114176K)] 96600K->1976K(289280K), 0,0005737 secs] [Times: user=0,00 sys=0,00, real=0,00 secs] 
60,347: [GC (Allocation Failure) [PSYoungGen: 113824K->64K(110592K)] 115640K->1904K(285696K), 0,0005001 secs] [Times: user=0,00 sys=0,00, real=0,00 secs] 
60,399: [GC (Allocation Failure) [PSYoungGen: 110144K->64K(107520K)] 111984K->1904K(282624K), 0,0004740 secs] [Times: user=0,00 sys=0,00, real=0,00 secs] 
60,449: [GC (Allocation Failure) [PSYoungGen: 107072K->96K(104448K)] 108912K->1936K(279552K), 0,0004748 secs] [Times: user=0,00 sys=0,00, real=0,00 secs] 
60,498: [GC (Allocation Failure) [PSYoungGen: 104032K->96K(101376K)] 105872K->1936K(276480K), 0,0004736 secs] [Times: user=0,00 sys=0,00, real=0,00 secs] 
60,545: [GC (Allocation Failure) [PSYoungGen: 100960K->64K(98816K)] 102800K->1904K(273920K), 0,0005274 secs] [Times: user=0,00 sys=0,00, real=0,00 secs] 
60,591: [GC (Allocation Failure) [PSYoungGen: 98368K->32K(96256K)] 100208K->1872K(271360K), 0,0004743 secs] [Times: user=0,00 sys=0,00, real=0,00 secs] 
60,635: [GC (Allocation Failure) [PSYoungGen: 95776K->96K(93696K)] 97616K->1936K(268800K), 0,0004611 secs] [Times: user=0,00 sys=0,00, real=0,00 secs] 
60,679: [GC (Allocation Failure) [PSYoungGen: 93280K->32K(91136K)] 95120K->1872K(266240K), 0,0004583 secs] [Times: user=0,00 sys=0,00, real=0,00 secs] 
60,721: [GC (Allocation Failure) [PSYoungGen: 90656K->96K(88576K)] 92496K->1936K(263680K), 0,0004922 secs] [Times: user=0,01 sys=0,00, real=0,00 secs] 
60,763: [GC (Allocation Failure) [PSYoungGen: 88160K->96K(106496K)] 90000K->1936K(281600K), 0,0004948 secs] [Times: user=0,00 sys=0,00, real=0,01 secs] 
60,812: [GC (Allocation Failure) [PSYoungGen: 106080K->96K(103424K)] 107920K->1936K(278528K), 0,0004773 secs] [Times: user=0,00 sys=0,00, real=0,01 secs] 
60,860: [GC (Allocation Failure) [PSYoungGen: 103008K->96K(100352K)] 104848K->1936K(275456K), 0,0004970 secs] [Times: user=0,01 sys=0,00, real=0,00 secs] 
60,907: [GC (Allocation Failure) [PSYoungGen: 99936K->96K(97792K)] 101776K->1936K(272896K), 0,0004727 secs] [Times: user=0,00 sys=0,00, real=0,00 secs] 
60,953: [GC (Allocation Failure) [PSYoungGen: 97376K->96K(95232K)] 99216K->1936K(270336K), 0,0004613 secs] [Times: user=0,00 sys=0,00, real=0,01 secs] 
60,997: [GC (Allocation Failure) [PSYoungGen: 94816K->96K(114176K)] 96656K->1936K(289280K), 0,0005568 secs] [Times: user=0,00 sys=0,00, real=0,00 secs] 
61,050: [GC (Allocation Failure) [PSYoungGen: 113760K->96K(110592K)] 115600K->1936K(285696K), 0,0004825 secs] [Times: user=0,00 sys=0,00, real=0,00 secs] 
61,101: [GC (Allocation Failure) [PSYoungGen: 110176K->96K(107520K)] 112016K->1936K(282624K), 0,0004749 secs] [Times: user=0,00 sys=0,00, real=0,00 secs] 
61,151: [GC (Allocation Failure) [PSYoungGen: 107104K->96K(104448K)] 108944K->1936K(279552K), 0,0004752 secs] [Times: user=0,00 sys=0,00, real=0,00 secs] 
61,200: [GC (Allocation Failure) [PSYoungGen: 104032K->64K(101376K)] 105872K->1904K(276480K), 0,0004748 secs] [Times: user=0,00 sys=0,00, real=0,00 secs] 
61,247: [GC (Allocation Failure) [PSYoungGen: 100928K->96K(98816K)] 102768K->1936K(273920K), 0,0004726 secs] [Times: user=0,01 sys=0,00, real=0,00 secs] 
61,293: [GC (Allocation Failure) [PSYoungGen: 98400K->96K(96256K)] 100240K->1936K(271360K), 0,0004976 secs] [Times: user=0,00 sys=0,00, real=0,01 secs] 
61,337: [GC (Allocation Failure) [PSYoungGen: 95840K->64K(93696K)] 97680K->1904K(268800K), 0,0005491 secs] [Times: user=0,00 sys=0,00, real=0,00 secs] 
61,381: [GC (Allocation Failure) [PSYoungGen: 93248K->96K(91136K)] 95088K->1936K(266240K), 0,0004636 secs] [Times: user=0,00 sys=0,00, real=0,00 secs] 
61,423: [GC (Allocation Failure) [PSYoungGen: 90720K->96K(88576K)] 92560K->1936K(263680K), 0,0004617 secs] [Times: user=0,00 sys=0,00, real=0,00 secs] 
61,464: [GC (Allocation Failure) [PSYoungGen: 88160K->96K(106496K)] 90000K->1936K(281600K), 0,0004789 secs] [Times: user=0,01 sys=0,00, real=0,00 secs] 
61,514: [GC (Allocation Failure) [PSYoungGen: 106080K->64K(103424K)] 107920K->1904K(278528K), 0,0004668 secs] [Times: user=0,00 sys=0,00, real=0,00 secs] 
61,562: [GC (Allocation Failure) [PSYoungGen: 102976K->96K(100352K)] 104816K->1936K(275456K), 0,0004730 secs] [Times: user=0,00 sys=0,00, real=0,00 secs] 
61,608: [GC (Allocation Failure) [PSYoungGen: 99936K->64K(97792K)] 101776K->1904K(272896K), 0,0004703 secs] [Times: user=0,00 sys=0,00, real=0,00 secs] 
61,654: [GC (Allocation Failure) [PSYoungGen: 97344K->64K(95232K)] 99184K->1904K(270336K), 0,0004648 secs] [Times: user=0,00 sys=0,00, real=0,00 secs] 
61,698: [GC (Allocation Failure) [PSYoungGen: 94784K->96K(92672K)] 96624K->1936K(267776K), 0,0004591 secs] [Times: user=0,00 sys=0,00, real=0,00 secs] 
61,741: [GC (Allocation Failure) [PSYoungGen: 92256K->96K(90112K)] 94096K->1936K(265216K), 0,0005109 secs] [Times: user=0,00 sys=0,00, real=0,00 secs] 
61,783: [GC (Allocation Failure) [PSYoungGen: 89696K->96K(87552K)] 91536K->1936K(262656K), 0,0004811 secs] [Times: user=0,00 sys=0,00, real=0,00 secs] 
61,824: [GC (Allocation Failure) [PSYoungGen: 87136K->64K(104960K)] 88976K->1904K(280064K), 0,0004686 secs] [Times: user=0,00 sys=0,00, real=0,00 secs] 
61,873: [GC (Allocation Failure) [PSYoungGen: 104512K->96K(101888K)] 106352K->1936K(276992K), 0,0005026 secs] [Times: user=0,00 sys=0,00, real=0,01 secs] 
61,920: [GC (Allocation Failure) [PSYoungGen: 101472K->96K(98816K)] 103312K->1936K(273920K), 0,0004985 secs] [Times: user=0,01 sys=0,00, real=0,00 secs] 
61,966: [GC (Allocation Failure) [PSYoungGen: 98400K->64K(96256K)] 100240K->1904K(271360K), 0,0004798 secs] [Times: user=0,00 sys=0,00, real=0,00 secs] 
62,011: [GC (Allocation Failure) [PSYoungGen: 95808K->96K(115712K)] 97648K->1936K(290816K), 0,0005294 secs] [Times: user=0,00 sys=0,00, real=0,00 secs] 
62,065: [GC (Allocation Failure) [PSYoungGen: 115296K->64K(112128K)] 117136K->1904K(287232K), 0,0005660 secs] [Times: user=0,00 sys=0,00, real=0,00 secs] 
62,117: [GC (Allocation Failure) [PSYoungGen: 111679K->96K(109056K)] 113520K->1936K(284160K), 0,0004636 secs] [Times: user=0,00 sys=0,00, real=0,00 secs] 
62,168: [GC (Allocation Failure) [PSYoungGen: 108640K->64K(105984K)] 110480K->1904K(281088K), 0,0004837 secs] [Times: user=0,01 sys=0,00, real=0,00 secs] 
62,218: [GC (Allocation Failure) [PSYoungGen: 105536K->96K(102912K)] 107376K->1936K(278016K), 0,0004958 secs] [Times: user=0,00 sys=0,00, real=0,00 secs] 
62,265: [GC (Allocation Failure) [PSYoungGen: 102496K->96K(99840K)] 104336K->1936K(274944K), 0,0004951 secs] [Times: user=0,00 sys=0,00, real=0,00 secs] 
62,312: [GC (Allocation Failure) [PSYoungGen: 99424K->96K(97280K)] 101264K->1936K(272384K), 0,0004800 secs] [Times: user=0,00 sys=0,00, real=0,00 secs] 
62,357: [GC (Allocation Failure) [PSYoungGen: 96864K->96K(94720K)] 98704K->1936K(269824K), 0,0004656 secs] [Times: user=0,01 sys=0,00, real=0,00 secs] 
62,401: [GC (Allocation Failure) [PSYoungGen: 94304K->96K(92160K)] 96144K->1936K(267264K), 0,0004638 secs] [Times: user=0,00 sys=0,00, real=0,00 secs] 
62,444: [GC (Allocation Failure) [PSYoungGen: 91744K->64K(89600K)] 93584K->1904K(264704K), 0,0004713 secs] [Times: user=0,00 sys=0,00, real=0,00 secs] 
62,485: [GC (Allocation Failure) [PSYoungGen: 89152K->96K(87040K)] 90992K->1936K(262144K), 0,0004743 secs] [Times: user=0,01 sys=0,00, real=0,00 secs] 
62,526: [GC (Allocation Failure) [PSYoungGen: 86624K->96K(84992K)] 88464K->1936K(260096K), 0,0004632 secs] [Times: user=0,00 sys=0,00, real=0,00 secs] 
62,566: [GC (Allocation Failure) [PSYoungGen: 84576K->128K(101888K)] 86416K->1968K(276992K), 0,0004654 secs] [Times: user=0,00 sys=0,00, real=0,00 secs] 
62,613: [GC (Allocation Failure) [PSYoungGen: 101504K->96K(98816K)] 103344K->1936K(273920K), 0,0004669 secs] [Times: user=0,00 sys=0,00, real=0,00 secs] 
62,659: [GC (Allocation Failure) [PSYoungGen: 98400K->96K(96256K)] 100240K->1936K(271360K), 0,0004758 secs] [Times: user=0,00 sys=0,00, real=0,00 secs] 
62,704: [GC (Allocation Failure) [PSYoungGen: 95840K->96K(93696K)] 97680K->1936K(268800K), 0,0004902 secs] [Times: user=0,00 sys=0,00, real=0,00 secs] 
62,747: [GC (Allocation Failure) [PSYoungGen: 93280K->96K(112640K)] 95120K->1936K(287744K), 0,0005451 secs] [Times: user=0,00 sys=0,00, real=0,00 secs] 
62,800: [GC (Allocation Failure) [PSYoungGen: 112224K->96K(109568K)] 114064K->1936K(284672K), 0,0004974 secs] [Times: user=0,00 sys=0,00, real=0,00 secs] 
62,851: [GC (Allocation Failure) [PSYoungGen: 109152K->64K(106496K)] 110992K->1904K(281600K), 0,0004818 secs] [Times: user=0,00 sys=0,00, real=0,00 secs] 
62,900: [GC (Allocation Failure) [PSYoungGen: 106048K->64K(103424K)] 107888K->1904K(278528K), 0,0004998 secs] [Times: user=0,00 sys=0,00, real=0,00 secs] 
62,949: [GC (Allocation Failure) [PSYoungGen: 102976K->96K(100352K)] 104816K->1936K(275456K), 0,0004926 secs] [Times: user=0,00 sys=0,00, real=0,00 secs] 
62,995: [GC (Allocation Failure) [PSYoungGen: 99936K->64K(97792K)] 101776K->1904K(272896K), 0,0005308 secs] [Times: user=0,00 sys=0,00, real=0,00 secs] 
63,041: [GC (Allocation Failure) [PSYoungGen: 97344K->96K(95232K)] 99184K->1936K(270336K), 0,0004605 secs] [Times: user=0,01 sys=0,00, real=0,00 secs] 
63,085: [GC (Allocation Failure) [PSYoungGen: 94816K->96K(92672K)] 96656K->1936K(267776K), 0,0004731 secs] [Times: user=0,00 sys=0,00, real=0,00 secs] 
63,128: [GC (Allocation Failure) [PSYoungGen: 92256K->64K(111104K)] 94096K->1904K(286208K), 0,0005343 secs] [Times: user=0,00 sys=0,00, real=0,00 secs] 
63,180: [GC (Allocation Failure) [PSYoungGen: 110656K->64K(108032K)] 112496K->1904K(283136K), 0,0004907 secs] [Times: user=0,01 sys=0,00, real=0,00 secs] 
63,230: [GC (Allocation Failure) [PSYoungGen: 107584K->96K(104960K)] 109424K->1936K(280064K), 0,0004746 secs] [Times: user=0,00 sys=0,00, real=0,00 secs] 
63,279: [GC (Allocation Failure) [PSYoungGen: 104544K->64K(101888K)] 106384K->1904K(276992K), 0,0004848 secs] [Times: user=0,01 sys=0,00, real=0,00 secs] 
63,326: [GC (Allocation Failure) [PSYoungGen: 101440K->96K(98816K)] 103280K->1936K(273920K), 0,0004722 secs] [Times: user=0,00 sys=0,00, real=0,00 secs] 
63,372: [GC (Allocation Failure) [PSYoungGen: 98400K->96K(96256K)] 100240K->1936K(271360K), 0,0004734 secs] [Times: user=0,00 sys=0,00, real=0,00 secs] 
63,417: [GC (Allocation Failure) [PSYoungGen: 95840K->96K(93696K)] 97680K->1936K(268800K), 0,0004849 secs] [Times: user=0,00 sys=0,00, real=0,00 secs] 
63,460: [GC (Allocation Failure) [PSYoungGen: 93280K->96K(91136K)] 95120K->1936K(266240K), 0,0004676 secs] [Times: user=0,00 sys=0,00, real=0,00 secs] 
63,503: [GC (Allocation Failure) [PSYoungGen: 90720K->96K(109568K)] 92560K->1936K(284672K), 0,0005551 secs] [Times: user=0,00 sys=0,00, real=0,01 secs] 
63,554: [GC (Allocation Failure) [PSYoungGen: 109152K->64K(106496K)] 110992K->1904K(281600K), 0,0004997 secs] [Times: user=0,00 sys=0,00, real=0,00 secs] 
63,603: [GC (Allocation Failure) [PSYoungGen: 106048K->64K(103424K)] 107888K->1904K(278528K), 0,0004850 secs] [Times: user=0,00 sys=0,00, real=0,00 secs] 
63,652: [GC (Allocation Failure) [PSYoungGen: 102976K->96K(100352K)] 104816K->1936K(275456K), 0,0004789 secs] [Times: user=0,00 sys=0,01, real=0,00 secs] 
63,698: [GC (Allocation Failure) [PSYoungGen: 99936K->96K(97792K)] 101776K->1936K(272896K), 0,0004750 secs] [Times: user=0,00 sys=0,00, real=0,00 secs] 
63,744: [GC (Allocation Failure) [PSYoungGen: 97376K->96K(95232K)] 99216K->1936K(270336K), 0,0004920 secs] [Times: user=0,00 sys=0,00, real=0,00 secs] 
63,788: [GC (Allocation Failure) [PSYoungGen: 94816K->96K(92672K)] 96656K->1936K(267776K), 0,0004955 secs] [Times: user=0,00 sys=0,00, real=0,00 secs] 
63,831: [GC (Allocation Failure) [PSYoungGen: 92256K->96K(90112K)] 94096K->1936K(265216K), 0,0004682 secs] [Times: user=0,00 sys=0,00, real=0,00 secs] 
63,873: [GC (Allocation Failure) [PSYoungGen: 89696K->96K(87552K)] 91536K->1936K(262656K), 0,0004733 secs] [Times: user=0,01 sys=0,00, real=0,00 secs] 
63,914: [GC (Allocation Failure) [PSYoungGen: 87136K->96K(104960K)] 88976K->1936K(280064K), 0,0004676 secs] [Times: user=0,00 sys=0,00, real=0,00 secs] 
63,963: [GC (Allocation Failure) [PSYoungGen: 104544K->96K(101888K)] 106384K->1936K(276992K), 0,0004611 secs] [Times: user=0,01 sys=0,00, real=0,01 secs] 
64,010: [GC (Allocation Failure) [PSYoungGen: 101472K->96K(98816K)] 103312K->1936K(273920K), 0,0004760 secs] [Times: user=0,00 sys=0,00, real=0,00 secs] 
64,056: [GC (Allocation Failure) [PSYoungGen: 98400K->96K(118784K)] 100240K->1936K(293888K), 0,0007609 secs] [Times: user=0,00 sys=0,00, real=0,00 secs] 
64,111: [GC (Allocation Failure) [PSYoungGen: 118368K->96K(142848K)] 120208K->1936K(317952K), 0,0004865 secs] [Times: user=0,00 sys=0,00, real=0,00 secs] 
64,178: [GC (Allocation Failure) [PSYoungGen: 142431K->96K(138240K)] 144272K->1936K(313344K), 0,0004842 secs] [Times: user=0,00 sys=0,00, real=0,00 secs] 
64,242: [GC (Allocation Failure) [PSYoungGen: 137824K->96K(133632K)] 139664K->1936K(308736K), 0,0005020 secs] [Times: user=0,00 sys=0,00, real=0,00 secs] 
64,304: [GC (Allocation Failure) [PSYoungGen: 133216K->64K(129536K)] 135056K->1904K(304640K), 0,0004894 secs] [Times: user=0,00 sys=0,00, real=0,00 secs] 
64,365: [GC (Allocation Failure) [PSYoungGen: 129088K->96K(125440K)] 130928K->1936K(300544K), 0,0004763 secs] [Times: user=0,00 sys=0,00, real=0,00 secs] 
64,423: [GC (Allocation Failure) [PSYoungGen: 125024K->64K(121344K)] 126864K->1904K(296448K), 0,0004422 secs] [Times: user=0,00 sys=0,00, real=0,00 secs] 
64,479: [GC (Allocation Failure) [PSYoungGen: 120896K->96K(117760K)] 122736K->1936K(292864K), 0,0004858 secs] [Times: user=0,00 sys=0,00, real=0,00 secs] 
64,534: [GC (Allocation Failure) [PSYoungGen: 117344K->96K(114176K)] 119184K->1936K(289280K), 0,0004879 secs] [Times: user=0,00 sys=0,00, real=0,00 secs] 
64,587: [GC (Allocation Failure) [PSYoungGen: 113760K->96K(110592K)] 115600K->1936K(285696K), 0,0004753 secs] [Times: user=0,00 sys=0,00, real=0,00 secs] 
64,638: [GC (Allocation Failure) [PSYoungGen: 110176K->64K(107520K)] 112016K->1904K(282624K), 0,0004610 secs] [Times: user=0,00 sys=0,00, real=0,00 secs] 
64,688: [GC (Allocation Failure) [PSYoungGen: 107072K->96K(104448K)] 108912K->1936K(279552K), 0,0004640 secs] [Times: user=0,00 sys=0,00, real=0,00 secs] 
64,737: [GC (Allocation Failure) [PSYoungGen: 104032K->64K(101376K)] 105872K->1904K(276480K), 0,0005036 secs] [Times: user=0,01 sys=0,00, real=0,00 secs] 
64,784: [GC (Allocation Failure) [PSYoungGen: 100928K->96K(98816K)] 102768K->1936K(273920K), 0,0004890 secs] [Times: user=0,00 sys=0,00, real=0,00 secs] 
64,830: [GC (Allocation Failure) [PSYoungGen: 98400K->96K(96256K)] 100240K->1936K(271360K), 0,0004594 secs] [Times: user=0,00 sys=0,00, real=0,00 secs] 
64,874: [GC (Allocation Failure) [PSYoungGen: 95840K->96K(93696K)] 97680K->1936K(268800K), 0,0004634 secs] [Times: user=0,00 sys=0,00, real=0,00 secs] 
64,918: [GC (Allocation Failure) [PSYoungGen: 93280K->32K(91136K)] 95120K->1872K(266240K), 0,0005197 secs] [Times: user=0,00 sys=0,00, real=0,00 secs] 
64,960: [GC (Allocation Failure) [PSYoungGen: 90656K->96K(88576K)] 92496K->1936K(263680K), 0,0005033 secs] [Times: user=0,00 sys=0,00, real=0,00 secs] 
65,001: [GC (Allocation Failure) [PSYoungGen: 88160K->96K(86528K)] 90000K->1936K(261632K), 0,0004506 secs] [Times: user=0,00 sys=0,00, real=0,00 secs] 
65,042: [GC (Allocation Failure) [PSYoungGen: 86112K->96K(103936K)] 87952K->1936K(279040K), 0,0004684 secs] [Times: user=0,00 sys=0,00, real=0,00 secs] 
65,089: [GC (Allocation Failure) [PSYoungGen: 103520K->64K(100864K)] 105360K->1904K(275968K), 0,0004730 secs] [Times: user=0,00 sys=0,00, real=0,00 secs] 
65,136: [GC (Allocation Failure) [PSYoungGen: 100416K->96K(98304K)] 102256K->1936K(273408K), 0,0004709 secs] [Times: user=0,00 sys=0,00, real=0,00 secs] 
65,182: [GC (Allocation Failure) [PSYoungGen: 97888K->64K(95744K)] 99728K->1904K(270848K), 0,0004813 secs] [Times: user=0,01 sys=0,00, real=0,00 secs] 
65,227: [GC (Allocation Failure) [PSYoungGen: 95296K->64K(93184K)] 97136K->1904K(268288K), 0,0005065 secs] [Times: user=0,00 sys=0,00, real=0,00 secs] 
65,270: [GC (Allocation Failure) [PSYoungGen: 92736K->64K(90624K)] 94576K->1904K(265728K), 0,0004850 secs] [Times: user=0,00 sys=0,00, real=0,00 secs] 
65,312: [GC (Allocation Failure) [PSYoungGen: 90176K->64K(88064K)] 92016K->1904K(263168K), 0,0004698 secs] [Times: user=0,00 sys=0,00, real=0,01 secs] 
65,354: [GC (Allocation Failure) [PSYoungGen: 87616K->64K(105984K)] 89456K->1904K(281088K), 0,0011375 secs] [Times: user=0,00 sys=0,00, real=0,00 secs] 
65,404: [GC (Allocation Failure) [PSYoungGen: 105536K->64K(127488K)] 107376K->1904K(302592K), 0,0009675 secs] [Times: user=0,00 sys=0,00, real=0,00 secs] 
65,464: [GC (Allocation Failure) [PSYoungGen: 127040K->96K(153088K)] 128880K->1936K(328192K), 0,0019342 secs] [Times: user=0,00 sys=0,00, real=0,00 secs] 
65,538: [GC (Allocation Failure) [PSYoungGen: 152672K->96K(183808K)] 154512K->1936K(358912K), 0,0005113 secs] [Times: user=0,00 sys=0,00, real=0,00 secs] 
65,623: [GC (Allocation Failure) [PSYoungGen: 183392K->96K(177152K)] 185232K->1936K(352256K), 0,0005040 secs] [Times: user=0,00 sys=0,00, real=0,00 secs] 
65,705: [GC (Allocation Failure) [PSYoungGen: 176736K->96K(171008K)] 178576K->1936K(346112K), 0,0004807 secs] [Times: user=0,00 sys=0,00, real=0,00 secs] 
65,785: [GC (Allocation Failure) [PSYoungGen: 170592K->96K(164864K)] 172432K->1936K(339968K), 0,0005014 secs] [Times: user=0,00 sys=0,00, real=0,00 secs] 
65,864: [GC (Allocation Failure) [PSYoungGen: 164448K->96K(159232K)] 166288K->1936K(334336K), 0,0005115 secs] [Times: user=0,00 sys=0,00, real=0,00 secs] 
65,938: [GC (Allocation Failure) [PSYoungGen: 158816K->96K(154112K)] 160656K->1936K(329216K), 0,0005004 secs] [Times: user=0,01 sys=0,00, real=0,00 secs] 
66,009: [GC (Allocation Failure) [PSYoungGen: 153696K->64K(148992K)] 155536K->1904K(324096K), 0,0004778 secs] [Times: user=0,00 sys=0,00, real=0,00 secs] 
66,078: [GC (Allocation Failure) [PSYoungGen: 148544K->96K(143872K)] 150384K->1936K(318976K), 0,0004854 secs] [Times: user=0,00 sys=0,00, real=0,00 secs] 
66,145: [GC (Allocation Failure) [PSYoungGen: 143456K->96K(139264K)] 145296K->1936K(314368K), 0,0005165 secs] [Times: user=0,00 sys=0,00, real=0,00 secs] 
66,209: [GC (Allocation Failure) [PSYoungGen: 138848K->96K(134656K)] 140688K->1936K(309760K), 0,0005125 secs] [Times: user=0,00 sys=0,00, real=0,00 secs] 
66,272: [GC (Allocation Failure) [PSYoungGen: 134240K->96K(130560K)] 136080K->1936K(305664K), 0,0004996 secs] [Times: user=0,00 sys=0,00, real=0,00 secs] 
66,332: [GC (Allocation Failure) [PSYoungGen: 130144K->64K(126464K)] 131984K->1904K(301568K), 0,0006497 secs] [Times: user=0,00 sys=0,00, real=0,01 secs] 
66,391: [GC (Allocation Failure) [PSYoungGen: 126016K->96K(122368K)] 127856K->1936K(297472K), 0,0004870 secs] [Times: user=0,00 sys=0,00, real=0,00 secs] 
66,448: [GC (Allocation Failure) [PSYoungGen: 121952K->64K(118784K)] 123792K->1904K(293888K), 0,0004918 secs] [Times: user=0,00 sys=0,00, real=0,00 secs] 
66,503: [GC (Allocation Failure) [PSYoungGen: 118336K->96K(115200K)] 120176K->1936K(290304K), 0,0004905 secs] [Times: user=0,00 sys=0,00, real=0,00 secs] 
66,558: [GC (Allocation Failure) [PSYoungGen: 114784K->96K(111616K)] 116624K->1936K(286720K), 0,0005050 secs] [Times: user=0,00 sys=0,00, real=0,00 secs] 
66,610: [GC (Allocation Failure) [PSYoungGen: 111200K->96K(108544K)] 113040K->1936K(283648K), 0,0005426 secs] [Times: user=0,00 sys=0,01, real=0,00 secs] 
66,660: [GC (Allocation Failure) [PSYoungGen: 108128K->64K(105472K)] 109968K->1904K(280576K), 0,0005803 secs] [Times: user=0,00 sys=0,00, real=0,00 secs] 
66,709: [GC (Allocation Failure) [PSYoungGen: 105024K->96K(102400K)] 106864K->1936K(277504K), 0,0004831 secs] [Times: user=0,00 sys=0,00, real=0,00 secs] 
66,756: [GC (Allocation Failure) [PSYoungGen: 101984K->64K(99328K)] 103824K->1904K(274432K), 0,0005114 secs] [Times: user=0,00 sys=0,00, real=0,00 secs] 
66,802: [GC (Allocation Failure) [PSYoungGen: 98880K->96K(96768K)] 100720K->1936K(271872K), 0,0004887 secs] [Times: user=0,00 sys=0,00, real=0,01 secs] 
66,848: [GC (Allocation Failure) [PSYoungGen: 96352K->64K(94208K)] 98192K->1904K(269312K), 0,0004831 secs] [Times: user=0,00 sys=0,00, real=0,00 secs] 
66,891: [GC (Allocation Failure) [PSYoungGen: 93760K->96K(91648K)] 95600K->1936K(266752K), 0,0004779 secs] [Times: user=0,01 sys=0,00, real=0,00 secs] 
66,934: [GC (Allocation Failure) [PSYoungGen: 91232K->96K(89088K)] 93072K->1936K(264192K), 0,0005159 secs] [Times: user=0,00 sys=0,00, real=0,00 secs] 
66,975: [GC (Allocation Failure) [PSYoungGen: 88672K->64K(107008K)] 90512K->1904K(282112K), 0,0005116 secs] [Times: user=0,00 sys=0,00, real=0,00 secs] 
67,025: [GC (Allocation Failure) [PSYoungGen: 106560K->96K(128512K)] 108400K->1936K(303616K), 0,0005193 secs] [Times: user=0,00 sys=0,00, real=0,00 secs] 
67,085: [GC (Allocation Failure) [PSYoungGen: 128096K->64K(124416K)] 129936K->1904K(299520K), 0,0004860 secs] [Times: user=0,00 sys=0,00, real=0,00 secs] 
67,142: [GC (Allocation Failure) [PSYoungGen: 123968K->96K(120832K)] 125808K->1936K(295936K), 0,0004914 secs] [Times: user=0,00 sys=0,00, real=0,01 secs] 
67,198: [GC (Allocation Failure) [PSYoungGen: 120416K->96K(117248K)] 122256K->1936K(292352K), 0,0004895 secs] [Times: user=0,01 sys=0,00, real=0,00 secs] 
67,253: [GC (Allocation Failure) [PSYoungGen: 116832K->64K(113664K)] 118672K->1904K(288768K), 0,0005040 secs] [Times: user=0,00 sys=0,00, real=0,00 secs] 
67,306: [GC (Allocation Failure) [PSYoungGen: 113216K->96K(110592K)] 115056K->1936K(285696K), 0,0005150 secs] [Times: user=0,00 sys=0,00, real=0,00 secs] 
67,357: [GC (Allocation Failure) [PSYoungGen: 110176K->64K(107520K)] 112016K->1904K(282624K), 0,0004742 secs] [Times: user=0,01 sys=0,00, real=0,00 secs] 
67,407: [GC (Allocation Failure) [PSYoungGen: 107072K->96K(104448K)] 108912K->1936K(279552K), 0,0004716 secs] [Times: user=0,00 sys=0,00, real=0,00 secs] 
67,456: [GC (Allocation Failure) [PSYoungGen: 104032K->96K(101376K)] 105872K->1936K(276480K), 0,0004921 secs] [Times: user=0,01 sys=0,00, real=0,00 secs] 
67,503: [GC (Allocation Failure) [PSYoungGen: 100960K->128K(98816K)] 102800K->1968K(273920K), 0,0004918 secs] [Times: user=0,00 sys=0,00, real=0,00 secs] 
67,549: [GC (Allocation Failure) [PSYoungGen: 98432K->96K(96256K)] 100272K->1936K(271360K), 0,0004727 secs] [Times: user=0,00 sys=0,00, real=0,00 secs] 
67,594: [GC (Allocation Failure) [PSYoungGen: 95840K->96K(93696K)] 97680K->1936K(268800K), 0,0005237 secs] [Times: user=0,00 sys=0,00, real=0,00 secs] 
67,637: [GC (Allocation Failure) [PSYoungGen: 93280K->64K(91136K)] 95120K->1904K(266240K), 0,0004772 secs] [Times: user=0,00 sys=0,00, real=0,00 secs] 
67,679: [GC (Allocation Failure) [PSYoungGen: 90688K->128K(88576K)] 92528K->1968K(263680K), 0,0005130 secs] [Times: user=0,00 sys=0,00, real=0,00 secs] 
67,722: [GC (Allocation Failure) [PSYoungGen: 88192K->64K(106496K)] 90032K->1904K(281600K), 0,0009740 secs] [Times: user=0,00 sys=0,00, real=0,01 secs] 
67,773: [GC (Allocation Failure) [PSYoungGen: 106048K->64K(128000K)] 107888K->1904K(303104K), 0,0010421 secs] [Times: user=0,01 sys=0,00, real=0,01 secs] 
67,833: [GC (Allocation Failure) [PSYoungGen: 127552K->64K(153600K)] 129392K->1904K(328704K), 0,0009962 secs] [Times: user=0,00 sys=0,00, real=0,00 secs] 
67,905: [GC (Allocation Failure) [PSYoungGen: 153152K->96K(184320K)] 154992K->1936K(359424K), 0,0005003 secs] [Times: user=0,00 sys=0,00, real=0,00 secs] 
67,990: [GC (Allocation Failure) [PSYoungGen: 183904K->96K(221184K)] 185744K->1936K(396288K), 0,0004921 secs] [Times: user=0,00 sys=0,00, real=0,00 secs] 
68,093: [GC (Allocation Failure) [PSYoungGen: 220768K->64K(212992K)] 222608K->1904K(388096K), 0,0004945 secs] [Times: user=0,00 sys=0,00, real=0,00 secs] 
68,192: [GC (Allocation Failure) [PSYoungGen: 212544K->96K(205312K)] 214384K->1936K(380416K), 0,0005034 secs] [Times: user=0,00 sys=0,00, real=0,00 secs] 
68,287: [GC (Allocation Failure) [PSYoungGen: 204896K->96K(197632K)] 206736K->1936K(372736K), 0,0005039 secs] [Times: user=0,00 sys=0,00, real=0,00 secs] 
68,379: [GC (Allocation Failure) [PSYoungGen: 197216K->96K(190464K)] 199056K->1936K(365568K), 0,0005714 secs] [Times: user=0,01 sys=0,00, real=0,00 secs] 
68,467: [GC (Allocation Failure) [PSYoungGen: 190048K->64K(183808K)] 191888K->1904K(358912K), 0,0004927 secs] [Times: user=0,00 sys=0,00, real=0,00 secs] 
68,552: [GC (Allocation Failure) [PSYoungGen: 183360K->96K(177152K)] 185200K->1936K(352256K), 0,0004964 secs] [Times: user=0,00 sys=0,00, real=0,01 secs] 
68,634: [GC (Allocation Failure) [PSYoungGen: 176736K->96K(171008K)] 178576K->1936K(346112K), 0,0005243 secs] [Times: user=0,00 sys=0,00, real=0,00 secs] 
68,713: [GC (Allocation Failure) [PSYoungGen: 170592K->32K(164864K)] 172432K->1872K(339968K), 0,0006652 secs] [Times: user=0,00 sys=0,00, real=0,00 secs] 
68,790: [GC (Allocation Failure) [PSYoungGen: 164384K->64K(159232K)] 166224K->1904K(334336K), 0,0005067 secs] [Times: user=0,00 sys=0,00, real=0,00 secs] 
68,864: [GC (Allocation Failure) [PSYoungGen: 158784K->64K(154112K)] 160624K->1904K(329216K), 0,0005008 secs] [Times: user=0,00 sys=0,00, real=0,00 secs] 
68,935: [GC (Allocation Failure) [PSYoungGen: 153664K->96K(148992K)] 155504K->1936K(324096K), 0,0004892 secs] [Times: user=0,00 sys=0,00, real=0,00 secs] 
69,004: [GC (Allocation Failure) [PSYoungGen: 148576K->96K(143872K)] 150416K->1936K(318976K), 0,0004787 secs] [Times: user=0,00 sys=0,00, real=0,00 secs] 
69,071: [GC (Allocation Failure) [PSYoungGen: 143456K->64K(139264K)] 145296K->1904K(314368K), 0,0004942 secs] [Times: user=0,00 sys=0,00, real=0,00 secs] 
69,135: [GC (Allocation Failure) [PSYoungGen: 138816K->96K(134656K)] 140656K->1936K(309760K), 0,0004923 secs] [Times: user=0,01 sys=0,00, real=0,00 secs] 
69,198: [GC (Allocation Failure) [PSYoungGen: 134240K->96K(130560K)] 136080K->1936K(305664K), 0,0004895 secs] [Times: user=0,00 sys=0,00, real=0,00 secs] 
69,258: [GC (Allocation Failure) [PSYoungGen: 130144K->96K(126464K)] 131984K->1936K(301568K), 0,0004942 secs] [Times: user=0,00 sys=0,00, real=0,00 secs] 
69,317: [GC (Allocation Failure) [PSYoungGen: 126048K->96K(122368K)] 127888K->1936K(297472K), 0,0005243 secs] [Times: user=0,00 sys=0,00, real=0,00 secs] 
69,374: [GC (Allocation Failure) [PSYoungGen: 121952K->96K(118784K)] 123792K->1936K(293888K), 0,0004827 secs] [Times: user=0,00 sys=0,00, real=0,00 secs] 
69,429: [GC (Allocation Failure) [PSYoungGen: 118368K->64K(115200K)] 120208K->1904K(290304K), 0,0004826 secs] [Times: user=0,00 sys=0,00, real=0,00 secs] 
69,483: [GC (Allocation Failure) [PSYoungGen: 114752K->96K(111616K)] 116592K->1936K(286720K), 0,0004811 secs] [Times: user=0,01 sys=0,00, real=0,00 secs] 
69,535: [GC (Allocation Failure) [PSYoungGen: 111200K->64K(108544K)] 113040K->1904K(283648K), 0,0004865 secs] [Times: user=0,00 sys=0,00, real=0,00 secs] 
69,585: [GC (Allocation Failure) [PSYoungGen: 108096K->64K(105472K)] 109936K->1904K(280576K), 0,0004797 secs] [Times: user=0,00 sys=0,00, real=0,00 secs] 
69,634: [GC (Allocation Failure) [PSYoungGen: 105024K->96K(102400K)] 106864K->1936K(277504K), 0,0005001 secs] [Times: user=0,00 sys=0,00, real=0,00 secs] 
69,682: [GC (Allocation Failure) [PSYoungGen: 101984K->128K(99328K)] 103824K->1968K(274432K), 0,0004730 secs] [Times: user=0,00 sys=0,00, real=0,00 secs] 
69,728: [GC (Allocation Failure) [PSYoungGen: 98944K->96K(96768K)] 100784K->1936K(271872K), 0,0004868 secs] [Times: user=0,00 sys=0,00, real=0,00 secs] 
69,773: [GC (Allocation Failure) [PSYoungGen: 96352K->96K(94208K)] 98192K->1936K(269312K), 0,0005050 secs] [Times: user=0,00 sys=0,00, real=0,00 secs] 
69,817: [GC (Allocation Failure) [PSYoungGen: 93792K->96K(91648K)] 95632K->1936K(266752K), 0,0004888 secs] [Times: user=0,00 sys=0,00, real=0,00 secs] 
69,860: [GC (Allocation Failure) [PSYoungGen: 91232K->96K(89088K)] 93072K->1936K(264192K), 0,0004799 secs] [Times: user=0,00 sys=0,00, real=0,00 secs] 
69,901: [GC (Allocation Failure) [PSYoungGen: 88672K->96K(87040K)] 90512K->1936K(262144K), 0,0004752 secs] [Times: user=0,00 sys=0,00, real=0,00 secs] 
69,942: [GC (Allocation Failure) [PSYoungGen: 86624K->64K(104448K)] 88464K->1904K(279552K), 0,0004771 secs] [Times: user=0,00 sys=0,00, real=0,00 secs] 
69,991: [GC (Allocation Failure) [PSYoungGen: 104000K->96K(101376K)] 105840K->1936K(276480K), 0,0004756 secs] [Times: user=0,00 sys=0,00, real=0,00 secs] 
70,038: [GC (Allocation Failure) [PSYoungGen: 100960K->96K(98816K)] 102800K->1936K(273920K), 0,0004739 secs] [Times: user=0,01 sys=0,00, real=0,00 secs] 
70,084: [GC (Allocation Failure) [PSYoungGen: 98400K->64K(96256K)] 100240K->1904K(271360K), 0,0004698 secs] [Times: user=0,00 sys=0,00, real=0,00 secs] 
70,129: [GC (Allocation Failure) [PSYoungGen: 95808K->96K(93696K)] 97648K->1936K(268800K), 0,0004733 secs] [Times: user=0,00 sys=0,00, real=0,00 secs] 
70,172: [GC (Allocation Failure) [PSYoungGen: 93280K->96K(112640K)] 95120K->1936K(287744K), 0,0006098 secs] [Times: user=0,00 sys=0,00, real=0,01 secs] 
70,225: [GC (Allocation Failure) [PSYoungGen: 112224K->96K(135168K)] 114064K->1936K(310272K), 0,0005530 secs] [Times: user=0,00 sys=0,00, real=0,00 secs] 
70,288: [GC (Allocation Failure) [PSYoungGen: 134752K->96K(131072K)] 136592K->1936K(306176K), 0,0004982 secs] [Times: user=0,00 sys=0,00, real=0,00 secs] 
70,349: [GC (Allocation Failure) [PSYoungGen: 130656K->64K(126976K)] 132496K->1920K(302080K), 0,0005426 secs] [Times: user=0,00 sys=0,00, real=0,00 secs] 
70,408: [GC (Allocation Failure) [PSYoungGen: 126528K->96K(122880K)] 128384K->1952K(297984K), 0,0004804 secs] [Times: user=0,00 sys=0,00, real=0,00 secs] 
70,465: [GC (Allocation Failure) [PSYoungGen: 122464K->64K(119296K)] 124320K->1920K(294400K), 0,0004890 secs] [Times: user=0,00 sys=0,00, real=0,00 secs] 
70,521: [GC (Allocation Failure) [PSYoungGen: 118848K->96K(115712K)] 120704K->1952K(290816K), 0,0005161 secs] [Times: user=0,00 sys=0,00, real=0,00 secs] 
70,575: [GC (Allocation Failure) [PSYoungGen: 115296K->64K(112128K)] 117152K->1920K(287232K), 0,0004764 secs] [Times: user=0,00 sys=0,00, real=0,00 secs] 
70,627: [GC (Allocation Failure) [PSYoungGen: 111680K->96K(109056K)] 113536K->1952K(284160K), 0,0004960 secs] [Times: user=0,00 sys=0,00, real=0,00 secs] 
70,678: [GC (Allocation Failure) [PSYoungGen: 108640K->64K(105984K)] 110496K->1920K(281088K), 0,0005106 secs] [Times: user=0,00 sys=0,00, real=0,00 secs] 
70,727: [GC (Allocation Failure) [PSYoungGen: 105536K->64K(102912K)] 107392K->1920K(278016K), 0,0004717 secs] [Times: user=0,00 sys=0,00, real=0,00 secs] 
70,775: [GC (Allocation Failure) [PSYoungGen: 102464K->96K(99840K)] 104320K->1952K(274944K), 0,0004914 secs] [Times: user=0,00 sys=0,00, real=0,00 secs] 
70,822: [GC (Allocation Failure) [PSYoungGen: 99424K->96K(97280K)] 101280K->1952K(272384K), 0,0004933 secs] [Times: user=0,00 sys=0,00, real=0,00 secs] 
70,867: [GC (Allocation Failure) [PSYoungGen: 96864K->96K(94720K)] 98720K->1952K(269824K), 0,0004762 secs] [Times: user=0,00 sys=0,00, real=0,00 secs] 
70,911: [GC (Allocation Failure) [PSYoungGen: 94304K->64K(92160K)] 96160K->1920K(267264K), 0,0004719 secs] [Times: user=0,00 sys=0,00, real=0,00 secs] 
70,954: [GC (Allocation Failure) [PSYoungGen: 91712K->96K(89600K)] 93568K->1952K(264704K), 0,0004925 secs] [Times: user=0,00 sys=0,00, real=0,00 secs] 
70,996: [GC (Allocation Failure) [PSYoungGen: 89184K->96K(87040K)] 91040K->1952K(262144K), 0,0004811 secs] [Times: user=0,00 sys=0,00, real=0,00 secs] 
71,036: [GC (Allocation Failure) [PSYoungGen: 86624K->96K(104448K)] 88480K->1952K(279552K), 0,0007200 secs] [Times: user=0,00 sys=0,00, real=0,00 secs] 
71,085: [GC (Allocation Failure) [PSYoungGen: 104032K->64K(125440K)] 105888K->1920K(300544K), 0,0004719 secs] [Times: user=0,00 sys=0,00, real=0,00 secs] 
71,143: [GC (Allocation Failure) [PSYoungGen: 124992K->96K(121344K)] 126848K->1952K(296448K), 0,0004714 secs] [Times: user=0,00 sys=0,00, real=0,00 secs] 
71,199: [GC (Allocation Failure) [PSYoungGen: 120928K->96K(117760K)] 122784K->1952K(292864K), 0,0004955 secs] [Times: user=0,00 sys=0,00, real=0,00 secs] 
71,254: [GC (Allocation Failure) [PSYoungGen: 117344K->64K(114176K)] 119200K->1920K(289280K), 0,0004634 secs] [Times: user=0,00 sys=0,00, real=0,00 secs] 
71,308: [GC (Allocation Failure) [PSYoungGen: 113728K->64K(110592K)] 115584K->1920K(285696K), 0,0005133 secs] [Times: user=0,00 sys=0,00, real=0,00 secs] 
71,359: [GC (Allocation Failure) [PSYoungGen: 110144K->96K(107520K)] 112000K->1952K(282624K), 0,0004987 secs] [Times: user=0,00 sys=0,00, real=0,00 secs] 
71,409: [GC (Allocation Failure) [PSYoungGen: 107104K->96K(104448K)] 108960K->1952K(279552K), 0,0004786 secs] [Times: user=0,00 sys=0,00, real=0,00 secs] 
71,458: [GC (Allocation Failure) [PSYoungGen: 104032K->96K(101376K)] 105888K->1952K(276480K), 0,0004859 secs] [Times: user=0,00 sys=0,00, real=0,00 secs] 
71,505: [GC (Allocation Failure) [PSYoungGen: 100960K->64K(98816K)] 102816K->1920K(273920K), 0,0004796 secs] [Times: user=0,01 sys=0,00, real=0,00 secs] 
71,551: [GC (Allocation Failure) [PSYoungGen: 98368K->64K(96256K)] 100224K->1920K(271360K), 0,0004856 secs] [Times: user=0,00 sys=0,00, real=0,00 secs] 
71,596: [GC (Allocation Failure) [PSYoungGen: 95808K->96K(93696K)] 97664K->1952K(268800K), 0,0004808 secs] [Times: user=0,00 sys=0,00, real=0,00 secs] 
71,639: [GC (Allocation Failure) [PSYoungGen: 93280K->96K(91136K)] 95136K->1952K(266240K), 0,0004675 secs] [Times: user=0,00 sys=0,00, real=0,00 secs] 
71,682: [GC (Allocation Failure) [PSYoungGen: 90720K->96K(88576K)] 92576K->1952K(263680K), 0,0004622 secs] [Times: user=0,00 sys=0,00, real=0,00 secs] 
71,723: [GC (Allocation Failure) [PSYoungGen: 88160K->96K(86528K)] 90016K->1952K(261632K), 0,0004722 secs] [Times: user=0,01 sys=0,00, real=0,00 secs] 
71,764: [GC (Allocation Failure) [PSYoungGen: 86112K->96K(103936K)] 87968K->1952K(279040K), 0,0004785 secs] [Times: user=0,00 sys=0,00, real=0,00 secs] 
71,812: [GC (Allocation Failure) [PSYoungGen: 103520K->96K(100864K)] 105376K->1952K(275968K), 0,0005005 secs] [Times: user=0,01 sys=0,00, real=0,01 secs] 
71,859: [GC (Allocation Failure) [PSYoungGen: 100448K->96K(98304K)] 102304K->1952K(273408K), 0,0004746 secs] [Times: user=0,00 sys=0,00, real=0,00 secs] 
71,905: [GC (Allocation Failure) [PSYoungGen: 97887K->96K(95744K)] 99744K->1952K(270848K), 0,0004764 secs] [Times: user=0,00 sys=0,00, real=0,00 secs] 
71,949: [GC (Allocation Failure) [PSYoungGen: 95328K->96K(93184K)] 97184K->1952K(268288K), 0,0004733 secs] [Times: user=0,00 sys=0,00, real=0,00 secs] 
71,993: [GC (Allocation Failure) [PSYoungGen: 92768K->96K(90624K)] 94624K->1952K(265728K), 0,0004632 secs] [Times: user=0,00 sys=0,00, real=0,00 secs] 
72,035: [GC (Allocation Failure) [PSYoungGen: 90207K->96K(88064K)] 92064K->1952K(263168K), 0,0004586 secs] [Times: user=0,00 sys=0,00, real=0,00 secs] 
72,076: [GC (Allocation Failure) [PSYoungGen: 87648K->64K(105984K)] 89504K->1920K(281088K), 0,0004832 secs] [Times: user=0,00 sys=0,00, real=0,00 secs] 
72,125: [GC (Allocation Failure) [PSYoungGen: 105535K->32K(102912K)] 107392K->1888K(278016K), 0,0004794 secs] [Times: user=0,00 sys=0,00, real=0,00 secs] 
72,173: [GC (Allocation Failure) [PSYoungGen: 102432K->64K(99840K)] 104288K->1920K(274944K), 0,0005281 secs] [Times: user=0,00 sys=0,00, real=0,00 secs] 
72,220: [GC (Allocation Failure) [PSYoungGen: 99392K->64K(119808K)] 101248K->1920K(294912K), 0,0006044 secs] [Times: user=0,00 sys=0,00, real=0,00 secs] 
72,276: [GC (Allocation Failure) [PSYoungGen: 119360K->96K(116224K)] 121216K->1952K(291328K), 0,0004863 secs] [Times: user=0,00 sys=0,00, real=0,00 secs] 
72,329: [GC (Allocation Failure) [PSYoungGen: 115808K->96K(112640K)] 117664K->1952K(287744K), 0,0004826 secs] [Times: user=0,00 sys=0,00, real=0,00 secs] 
72,382: [GC (Allocation Failure) [PSYoungGen: 112224K->96K(109568K)] 114080K->1952K(284672K), 0,0004788 secs] [Times: user=0,00 sys=0,00, real=0,00 secs] 
72,433: [GC (Allocation Failure) [PSYoungGen: 109152K->96K(106496K)] 111008K->1952K(281600K), 0,0004713 secs] [Times: user=0,00 sys=0,00, real=0,00 secs] 
72,483: [GC (Allocation Failure) [PSYoungGen: 106080K->64K(103424K)] 107936K->1920K(278528K), 0,0004792 secs] [Times: user=0,00 sys=0,00, real=0,00 secs] 
72,531: [GC (Allocation Failure) [PSYoungGen: 102976K->96K(100352K)] 104832K->1952K(275456K), 0,0004742 secs] [Times: user=0,00 sys=0,00, real=0,00 secs] 
72,577: [GC (Allocation Failure) [PSYoungGen: 99936K->96K(97792K)] 101792K->1952K(272896K), 0,0004749 secs] [Times: user=0,00 sys=0,00, real=0,00 secs] 
72,623: [GC (Allocation Failure) [PSYoungGen: 97376K->64K(95232K)] 99232K->1920K(270336K), 0,0005216 secs] [Times: user=0,00 sys=0,00, real=0,00 secs] 
72,667: [GC (Allocation Failure) [PSYoungGen: 94784K->96K(92672K)] 96640K->1952K(267776K), 0,0004909 secs] [Times: user=0,00 sys=0,00, real=0,00 secs] 
72,710: [GC (Allocation Failure) [PSYoungGen: 92256K->96K(90112K)] 94112K->1952K(265216K), 0,0004671 secs] [Times: user=0,00 sys=0,00, real=0,00 secs] 
72,752: [GC (Allocation Failure) [PSYoungGen: 89696K->64K(108032K)] 91552K->1920K(283136K), 0,0005199 secs] [Times: user=0,00 sys=0,00, real=0,00 secs] 
72,802: [GC (Allocation Failure) [PSYoungGen: 107584K->64K(104960K)] 109440K->1920K(280064K), 0,0005157 secs] [Times: user=0,00 sys=0,00, real=0,01 secs] 
72,851: [GC (Allocation Failure) [PSYoungGen: 104512K->64K(101888K)] 106368K->1920K(276992K), 0,0004941 secs] [Times: user=0,00 sys=0,00, real=0,00 secs] 
72,899: [GC (Allocation Failure) [PSYoungGen: 101440K->96K(98816K)] 103296K->1952K(273920K), 0,0004794 secs] [Times: user=0,00 sys=0,00, real=0,00 secs] 
72,945: [GC (Allocation Failure) [PSYoungGen: 98400K->64K(96256K)] 100256K->1920K(271360K), 0,0004654 secs] [Times: user=0,00 sys=0,00, real=0,00 secs] 
72,989: [GC (Allocation Failure) [PSYoungGen: 95808K->32K(93696K)] 97664K->1888K(268800K), 0,0005299 secs] [Times: user=0,00 sys=0,00, real=0,00 secs] 
73,033: [GC (Allocation Failure) [PSYoungGen: 93216K->96K(91136K)] 95072K->1952K(266240K), 0,0004451 secs] [Times: user=0,00 sys=0,00, real=0,00 secs] 
73,075: [GC (Allocation Failure) [PSYoungGen: 90720K->96K(88576K)] 92576K->1952K(263680K), 0,0004636 secs] [Times: user=0,00 sys=0,00, real=0,00 secs] 
73,116: [GC (Allocation Failure) [PSYoungGen: 88160K->64K(106496K)] 90016K->1920K(281600K), 0,0004676 secs] [Times: user=0,00 sys=0,00, real=0,00 secs] 
73,166: [GC (Allocation Failure) [PSYoungGen: 106048K->96K(103424K)] 107904K->1952K(278528K), 0,0005051 secs] [Times: user=0,00 sys=0,00, real=0,00 secs] 
73,214: [GC (Allocation Failure) [PSYoungGen: 103008K->96K(100352K)] 104864K->1952K(275456K), 0,0004669 secs] [Times: user=0,00 sys=0,00, real=0,00 secs] 
73,261: [GC (Allocation Failure) [PSYoungGen: 99936K->64K(97792K)] 101792K->1920K(272896K), 0,0004977 secs] [Times: user=0,00 sys=0,00, real=0,00 secs] 
73,307: [GC (Allocation Failure) [PSYoungGen: 97344K->96K(95232K)] 99200K->1952K(270336K), 0,0004888 secs] [Times: user=0,00 sys=0,00, real=0,00 secs] 
73,351: [GC (Allocation Failure) [PSYoungGen: 94816K->96K(92672K)] 96672K->1952K(267776K), 0,0004696 secs] [Times: user=0,00 sys=0,00, real=0,00 secs] 
73,394: [GC (Allocation Failure) [PSYoungGen: 92256K->96K(90112K)] 94112K->1952K(265216K), 0,0004576 secs] [Times: user=0,00 sys=0,00, real=0,00 secs] 
73,436: [GC (Allocation Failure) [PSYoungGen: 89696K->64K(87552K)] 91552K->1920K(262656K), 0,0004767 secs] [Times: user=0,00 sys=0,00, real=0,00 secs] 
73,477: [GC (Allocation Failure) [PSYoungGen: 87104K->64K(104960K)] 88960K->1920K(280064K), 0,0005247 secs] [Times: user=0,00 sys=0,00, real=0,00 secs] 
73,526: [GC (Allocation Failure) [PSYoungGen: 104512K->96K(101888K)] 106368K->1952K(276992K), 0,0004805 secs] [Times: user=0,00 sys=0,00, real=0,00 secs] 
73,573: [GC (Allocation Failure) [PSYoungGen: 101472K->64K(98816K)] 103328K->1920K(273920K), 0,0004772 secs] [Times: user=0,00 sys=0,00, real=0,00 secs] 
73,619: [GC (Allocation Failure) [PSYoungGen: 98368K->96K(96256K)] 100224K->1952K(271360K), 0,0004724 secs] [Times: user=0,00 sys=0,00, real=0,00 secs] 
73,664: [GC (Allocation Failure) [PSYoungGen: 95840K->96K(93696K)] 97696K->1952K(268800K), 0,0004708 secs] [Times: user=0,00 sys=0,00, real=0,00 secs] 
73,708: [GC (Allocation Failure) [PSYoungGen: 93280K->64K(91136K)] 95136K->1920K(266240K), 0,0004645 secs] [Times: user=0,00 sys=0,00, real=0,00 secs] 
73,750: [GC (Allocation Failure) [PSYoungGen: 90688K->64K(88576K)] 92544K->1920K(263680K), 0,0004867 secs] [Times: user=0,00 sys=0,00, real=0,00 secs] 
73,791: [GC (Allocation Failure) [PSYoungGen: 88128K->96K(106496K)] 89984K->1952K(281600K), 0,0007268 secs] [Times: user=0,00 sys=0,00, real=0,00 secs] 
73,841: [GC (Allocation Failure) [PSYoungGen: 106080K->64K(128000K)] 107936K->1920K(303104K), 0,0005194 secs] [Times: user=0,00 sys=0,00, real=0,00 secs] 
73,901: [GC (Allocation Failure) [PSYoungGen: 127552K->96K(153600K)] 129408K->1952K(328704K), 0,0004799 secs] [Times: user=0,00 sys=0,00, real=0,00 secs] 
73,972: [GC (Allocation Failure) [PSYoungGen: 153184K->64K(148480K)] 155040K->1920K(323584K), 0,0004733 secs] [Times: user=0,00 sys=0,00, real=0,00 secs] 
74,041: [GC (Allocation Failure) [PSYoungGen: 148032K->96K(143360K)] 149888K->1952K(318464K), 0,0004757 secs] [Times: user=0,00 sys=0,00, real=0,00 secs] 
74,108: [GC (Allocation Failure) [PSYoungGen: 142944K->96K(138752K)] 144800K->1952K(313856K), 0,0004777 secs] [Times: user=0,00 sys=0,00, real=0,00 secs] 
74,172: [GC (Allocation Failure) [PSYoungGen: 138336K->96K(134144K)] 140192K->1952K(309248K), 0,0004780 secs] [Times: user=0,01 sys=0,00, real=0,00 secs] 
74,234: [GC (Allocation Failure) [PSYoungGen: 133728K->96K(130048K)] 135584K->1952K(305152K), 0,0004880 secs] [Times: user=0,00 sys=0,00, real=0,00 secs] 
74,295: [GC (Allocation Failure) [PSYoungGen: 129632K->64K(125952K)] 131488K->1920K(301056K), 0,0004958 secs] [Times: user=0,00 sys=0,00, real=0,00 secs] 
74,354: [GC (Allocation Failure) [PSYoungGen: 125504K->64K(121856K)] 127360K->1920K(296960K), 0,0005154 secs] [Times: user=0,00 sys=0,00, real=0,00 secs] 
74,410: [GC (Allocation Failure) [PSYoungGen: 121408K->96K(118272K)] 123264K->1952K(293376K), 0,0004797 secs] [Times: user=0,01 sys=0,00, real=0,00 secs] 
74,465: [GC (Allocation Failure) [PSYoungGen: 117856K->64K(114688K)] 119712K->1920K(289792K), 0,0004852 secs] [Times: user=0,00 sys=0,00, real=0,00 secs] 
74,519: [GC (Allocation Failure) [PSYoungGen: 114240K->64K(111104K)] 116096K->1920K(286208K), 0,0004841 secs] [Times: user=0,00 sys=0,00, real=0,00 secs] 
74,570: [GC (Allocation Failure) [PSYoungGen: 110656K->96K(108032K)] 112512K->1952K(283136K), 0,0004760 secs] [Times: user=0,00 sys=0,00, real=0,00 secs] 
74,620: [GC (Allocation Failure) [PSYoungGen: 107616K->96K(104960K)] 109472K->1952K(280064K), 0,0004635 secs] [Times: user=0,00 sys=0,00, real=0,00 secs] 
74,669: [GC (Allocation Failure) [PSYoungGen: 104544K->96K(101888K)] 106400K->1952K(276992K), 0,0005719 secs] [Times: user=0,00 sys=0,00, real=0,00 secs] 
74,716: [GC (Allocation Failure) [PSYoungGen: 101472K->96K(98816K)] 103328K->1952K(273920K), 0,0004906 secs] [Times: user=0,00 sys=0,00, real=0,00 secs] 
74,762: [GC (Allocation Failure) [PSYoungGen: 98400K->64K(96256K)] 100256K->1920K(271360K), 0,0004818 secs] [Times: user=0,00 sys=0,00, real=0,01 secs] 
74,808: [GC (Allocation Failure) [PSYoungGen: 95808K->32K(93696K)] 97664K->1888K(268800K), 0,0005448 secs] [Times: user=0,00 sys=0,00, real=0,00 secs] 
74,851: [GC (Allocation Failure) [PSYoungGen: 93216K->64K(91136K)] 95072K->1920K(266240K), 0,0004826 secs] [Times: user=0,00 sys=0,00, real=0,00 secs] 
74,893: [GC (Allocation Failure) [PSYoungGen: 90688K->64K(88576K)] 92544K->1920K(263680K), 0,0005016 secs] [Times: user=0,00 sys=0,00, real=0,00 secs] 
74,935: [GC (Allocation Failure) [PSYoungGen: 88128K->96K(106496K)] 89984K->1952K(281600K), 0,0005264 secs] [Times: user=0,00 sys=0,00, real=0,00 secs] 
74,984: [GC (Allocation Failure) [PSYoungGen: 106080K->96K(103424K)] 107936K->1952K(278528K), 0,0004746 secs] [Times: user=0,00 sys=0,00, real=0,00 secs] 
75,033: [GC (Allocation Failure) [PSYoungGen: 103008K->96K(100352K)] 104864K->1952K(275456K), 0,0004737 secs] [Times: user=0,00 sys=0,00, real=0,00 secs] 
75,079: [GC (Allocation Failure) [PSYoungGen: 99936K->96K(97792K)] 101792K->1952K(272896K), 0,0004723 secs] [Times: user=0,00 sys=0,00, real=0,00 secs] 
75,125: [GC (Allocation Failure) [PSYoungGen: 97376K->64K(95232K)] 99232K->1920K(270336K), 0,0004656 secs] [Times: user=0,00 sys=0,00, real=0,00 secs] 
75,169: [GC (Allocation Failure) [PSYoungGen: 94784K->64K(92672K)] 96640K->1920K(267776K), 0,0004860 secs] [Times: user=0,00 sys=0,00, real=0,00 secs] 
75,212: [GC (Allocation Failure) [PSYoungGen: 92224K->64K(90112K)] 94080K->1920K(265216K), 0,0004771 secs] [Times: user=0,00 sys=0,00, real=0,01 secs] 
75,255: [GC (Allocation Failure) [PSYoungGen: 89664K->96K(87552K)] 91520K->1952K(262656K), 0,0004787 secs] [Times: user=0,00 sys=0,00, real=0,00 secs] 
75,295: [GC (Allocation Failure) [PSYoungGen: 87136K->96K(104960K)] 88992K->1952K(280064K), 0,0005595 secs] [Times: user=0,00 sys=0,00, real=0,00 secs] 
75,344: [GC (Allocation Failure) [PSYoungGen: 104544K->64K(125952K)] 106400K->1920K(301056K), 0,0005825 secs] [Times: user=0,00 sys=0,00, real=0,00 secs] 
75,403: [GC (Allocation Failure) [PSYoungGen: 125504K->64K(121856K)] 127360K->1920K(296960K), 0,0004773 secs] [Times: user=0,00 sys=0,00, real=0,00 secs] 
75,459: [GC (Allocation Failure) [PSYoungGen: 121408K->64K(118272K)] 123264K->1920K(293376K), 0,0005423 secs] [Times: user=0,00 sys=0,00, real=0,00 secs] 
75,514: [GC (Allocation Failure) [PSYoungGen: 117824K->96K(114688K)] 119680K->1952K(289792K), 0,0004825 secs] [Times: user=0,00 sys=0,00, real=0,00 secs] 
75,567: [GC (Allocation Failure) [PSYoungGen: 114272K->96K(111104K)] 116128K->1952K(286208K), 0,0004770 secs] [Times: user=0,00 sys=0,00, real=0,00 secs] 
75,619: [GC (Allocation Failure) [PSYoungGen: 110688K->64K(108032K)] 112544K->1920K(283136K), 0,0004724 secs] [Times: user=0,00 sys=0,00, real=0,00 secs] 
75,669: [GC (Allocation Failure) [PSYoungGen: 107584K->128K(104960K)] 109440K->1984K(280064K), 0,0004704 secs] [Times: user=0,00 sys=0,00, real=0,00 secs] 
75,718: [GC (Allocation Failure) [PSYoungGen: 104576K->64K(101888K)] 106432K->1920K(276992K), 0,0005758 secs] [Times: user=0,00 sys=0,00, real=0,00 secs] 
75,765: [GC (Allocation Failure) [PSYoungGen: 101440K->96K(98816K)] 103296K->1952K(273920K), 0,0004802 secs] [Times: user=0,00 sys=0,00, real=0,00 secs] 
75,819: [GC (Allocation Failure) [PSYoungGen: 98400K->96K(96256K)] 100256K->1952K(271360K), 0,0005645 secs] [Times: user=0,00 sys=0,00, real=0,00 secs] 
75,864: [GC (Allocation Failure) [PSYoungGen: 95840K->96K(93696K)] 97696K->1952K(268800K), 0,0004722 secs] [Times: user=0,00 sys=0,00, real=0,00 secs] 
75,908: [GC (Allocation Failure) [PSYoungGen: 93280K->96K(91136K)] 95136K->1952K(266240K), 0,0004594 secs] [Times: user=0,01 sys=0,00, real=0,00 secs] 
75,950: [GC (Allocation Failure) [PSYoungGen: 90720K->96K(88576K)] 92576K->1952K(263680K), 0,0005377 secs] [Times: user=0,00 sys=0,00, real=0,00 secs] 
75,992: [GC (Allocation Failure) [PSYoungGen: 88160K->96K(106496K)] 90016K->1952K(281600K), 0,0004842 secs] [Times: user=0,00 sys=0,00, real=0,00 secs] 
76,041: [GC (Allocation Failure) [PSYoungGen: 106080K->96K(103424K)] 107936K->1952K(278528K), 0,0004874 secs] [Times: user=0,00 sys=0,00, real=0,00 secs] 
76,089: [GC (Allocation Failure) [PSYoungGen: 103008K->64K(100352K)] 104864K->1920K(275456K), 0,0004717 secs] [Times: user=0,00 sys=0,00, real=0,00 secs] 
76,136: [GC (Allocation Failure) [PSYoungGen: 99904K->64K(97792K)] 101760K->1920K(272896K), 0,0005442 secs] [Times: user=0,01 sys=0,00, real=0,00 secs] 
76,182: [GC (Allocation Failure) [PSYoungGen: 97344K->64K(95232K)] 99200K->1920K(270336K), 0,0004906 secs] [Times: user=0,00 sys=0,00, real=0,00 secs] 
76,226: [GC (Allocation Failure) [PSYoungGen: 94784K->96K(92672K)] 96640K->1952K(267776K), 0,0004824 secs] [Times: user=0,00 sys=0,00, real=0,00 secs] 
76,269: [GC (Allocation Failure) [PSYoungGen: 92256K->96K(111104K)] 94112K->1952K(286208K), 0,0005000 secs] [Times: user=0,00 sys=0,00, real=0,00 secs] 
76,321: [GC (Allocation Failure) [PSYoungGen: 110688K->96K(108032K)] 112544K->1952K(283136K), 0,0004990 secs] [Times: user=0,00 sys=0,00, real=0,00 secs] 
76,371: [GC (Allocation Failure) [PSYoungGen: 107616K->96K(104960K)] 109472K->1952K(280064K), 0,0004756 secs] [Times: user=0,00 sys=0,00, real=0,00 secs] 
76,419: [GC (Allocation Failure) [PSYoungGen: 104544K->64K(101888K)] 106400K->1920K(276992K), 0,0004954 secs] [Times: user=0,00 sys=0,00, real=0,00 secs] 
76,467: [GC (Allocation Failure) [PSYoungGen: 101440K->96K(98816K)] 103296K->1952K(273920K), 0,0004870 secs] [Times: user=0,00 sys=0,00, real=0,00 secs] 
76,513: [GC (Allocation Failure) [PSYoungGen: 98400K->96K(96256K)] 100256K->1952K(271360K), 0,0004726 secs] [Times: user=0,00 sys=0,00, real=0,00 secs] 
76,558: [GC (Allocation Failure) [PSYoungGen: 95840K->96K(93696K)] 97696K->1952K(268800K), 0,0004729 secs] [Times: user=0,00 sys=0,00, real=0,00 secs] 
76,602: [GC (Allocation Failure) [PSYoungGen: 93280K->96K(91136K)] 95136K->1952K(266240K), 0,0004917 secs] [Times: user=0,01 sys=0,00, real=0,00 secs] 
76,644: [GC (Allocation Failure) [PSYoungGen: 90720K->96K(109568K)] 92576K->1952K(284672K), 0,0007056 secs] [Times: user=0,00 sys=0,00, real=0,00 secs] 
76,695: [GC (Allocation Failure) [PSYoungGen: 109152K->64K(131584K)] 111008K->1920K(306688K), 0,0004582 secs] [Times: user=0,00 sys=0,00, real=0,00 secs] 
76,756: [GC (Allocation Failure) [PSYoungGen: 131136K->64K(127488K)] 132992K->1920K(302592K), 0,0005180 secs] [Times: user=0,00 sys=0,00, real=0,00 secs] 
76,816: [GC (Allocation Failure) [PSYoungGen: 127040K->96K(123392K)] 128896K->1952K(298496K), 0,0004957 secs] [Times: user=0,00 sys=0,00, real=0,00 secs] 
76,874: [GC (Allocation Failure) [PSYoungGen: 122976K->96K(119808K)] 124832K->1952K(294912K), 0,0005061 secs] [Times: user=0,00 sys=0,00, real=0,00 secs] 
76,930: [GC (Allocation Failure) [PSYoungGen: 119392K->96K(116224K)] 121248K->1952K(291328K), 0,0004906 secs] [Times: user=0,00 sys=0,00, real=0,00 secs] 
76,984: [GC (Allocation Failure) [PSYoungGen: 115808K->96K(112640K)] 117664K->1952K(287744K), 0,0004724 secs] [Times: user=0,00 sys=0,00, real=0,00 secs] 
77,037: [GC (Allocation Failure) [PSYoungGen: 112224K->64K(109568K)] 114080K->1920K(284672K), 0,0004774 secs] [Times: user=0,00 sys=0,00, real=0,00 secs] 
77,088: [GC (Allocation Failure) [PSYoungGen: 109120K->96K(106496K)] 110976K->1952K(281600K), 0,0004826 secs] [Times: user=0,01 sys=0,00, real=0,00 secs] 
77,138: [GC (Allocation Failure) [PSYoungGen: 106080K->96K(103424K)] 107936K->1952K(278528K), 0,0004791 secs] [Times: user=0,01 sys=0,00, real=0,00 secs] 
77,186: [GC (Allocation Failure) [PSYoungGen: 103008K->64K(100352K)] 104864K->1920K(275456K), 0,0004918 secs] [Times: user=0,00 sys=0,00, real=0,00 secs] 
77,233: [GC (Allocation Failure) [PSYoungGen: 99904K->96K(97792K)] 101760K->1952K(272896K), 0,0004756 secs] [Times: user=0,00 sys=0,00, real=0,00 secs] 
77,279: [GC (Allocation Failure) [PSYoungGen: 97376K->64K(95232K)] 99232K->1920K(270336K), 0,0004980 secs] [Times: user=0,00 sys=0,00, real=0,00 secs] 
77,324: [GC (Allocation Failure) [PSYoungGen: 94784K->96K(92672K)] 96640K->1952K(267776K), 0,0004926 secs] [Times: user=0,00 sys=0,00, real=0,00 secs] 
77,367: [GC (Allocation Failure) [PSYoungGen: 92256K->64K(90112K)] 94112K->1920K(265216K), 0,0004755 secs] [Times: user=0,01 sys=0,00, real=0,00 secs] 
77,410: [GC (Allocation Failure) [PSYoungGen: 89664K->64K(87552K)] 91520K->1920K(262656K), 0,0004928 secs] [Times: user=0,00 sys=0,00, real=0,00 secs] 
77,451: [GC (Allocation Failure) [PSYoungGen: 87104K->32K(104960K)] 88960K->1888K(280064K), 0,0005457 secs] [Times: user=0,00 sys=0,00, real=0,00 secs] 
77,500: [GC (Allocation Failure) [PSYoungGen: 104480K->96K(125952K)] 106336K->1952K(301056K), 0,0004880 secs] [Times: user=0,00 sys=0,00, real=0,00 secs] 
77,559: [GC (Allocation Failure) [PSYoungGen: 125536K->96K(121856K)] 127392K->1952K(296960K), 0,0004750 secs] [Times: user=0,00 sys=0,00, real=0,00 secs] 
77,615: [GC (Allocation Failure) [PSYoungGen: 121440K->64K(118272K)] 123296K->1920K(293376K), 0,0004670 secs] [Times: user=0,00 sys=0,01, real=0,00 secs] 
77,670: [GC (Allocation Failure) [PSYoungGen: 117824K->96K(114688K)] 119680K->1952K(289792K), 0,0004773 secs] [Times: user=0,00 sys=0,00, real=0,00 secs] 
77,723: [GC (Allocation Failure) [PSYoungGen: 114272K->96K(111104K)] 116128K->1952K(286208K), 0,0004721 secs] [Times: user=0,00 sys=0,00, real=0,00 secs] 
77,775: [GC (Allocation Failure) [PSYoungGen: 110688K->96K(108032K)] 112544K->1952K(283136K), 0,0004762 secs] [Times: user=0,01 sys=0,00, real=0,00 secs] 
77,826: [GC (Allocation Failure) [PSYoungGen: 107616K->96K(104960K)] 109472K->1952K(280064K), 0,0004926 secs] [Times: user=0,00 sys=0,00, real=0,00 secs] 
77,875: [GC (Allocation Failure) [PSYoungGen: 104544K->96K(101888K)] 106400K->1952K(276992K), 0,0004821 secs] [Times: user=0,00 sys=0,00, real=0,00 secs] 
77,922: [GC (Allocation Failure) [PSYoungGen: 101472K->96K(98816K)] 103328K->1952K(273920K), 0,0004814 secs] [Times: user=0,00 sys=0,00, real=0,00 secs] 
77,968: [GC (Allocation Failure) [PSYoungGen: 98400K->96K(96256K)] 100256K->1952K(271360K), 0,0004788 secs] [Times: user=0,00 sys=0,00, real=0,00 secs] 
78,013: [GC (Allocation Failure) [PSYoungGen: 95840K->96K(93696K)] 97696K->1952K(268800K), 0,0004719 secs] [Times: user=0,01 sys=0,00, real=0,00 secs] 
78,056: [GC (Allocation Failure) [PSYoungGen: 93280K->96K(91136K)] 95136K->1952K(266240K), 0,0004611 secs] [Times: user=0,00 sys=0,00, real=0,00 secs] 
78,098: [GC (Allocation Failure) [PSYoungGen: 90720K->96K(88576K)] 92576K->1952K(263680K), 0,0004664 secs] [Times: user=0,00 sys=0,00, real=0,00 secs] 
78,140: [GC (Allocation Failure) [PSYoungGen: 88160K->96K(86528K)] 90016K->1952K(261632K), 0,0004706 secs] [Times: user=0,00 sys=0,00, real=0,00 secs] 
78,180: [GC (Allocation Failure) [PSYoungGen: 86112K->96K(103936K)] 87968K->1952K(279040K), 0,0004915 secs] [Times: user=0,00 sys=0,00, real=0,00 secs] 
78,228: [GC (Allocation Failure) [PSYoungGen: 103520K->96K(124928K)] 105376K->1952K(300032K), 0,0007890 secs] [Times: user=0,00 sys=0,00, real=0,00 secs] 
78,287: [GC (Allocation Failure) [PSYoungGen: 124512K->96K(121344K)] 126368K->1952K(296448K), 0,0004958 secs] [Times: user=0,00 sys=0,00, real=0,00 secs] 
78,343: [GC (Allocation Failure) [PSYoungGen: 120928K->96K(117760K)] 122784K->1952K(292864K), 0,0004970 secs] [Times: user=0,00 sys=0,00, real=0,00 secs] 
78,398: [GC (Allocation Failure) [PSYoungGen: 117344K->96K(114176K)] 119200K->1952K(289280K), 0,0005023 secs] [Times: user=0,00 sys=0,00, real=0,00 secs] 
78,452: [GC (Allocation Failure) [PSYoungGen: 113759K->96K(110592K)] 115616K->1952K(285696K), 0,0005659 secs] [Times: user=0,00 sys=0,00, real=0,00 secs] 
78,503: [GC (Allocation Failure) [PSYoungGen: 110176K->64K(107520K)] 112032K->1920K(282624K), 0,0004839 secs] [Times: user=0,00 sys=0,00, real=0,00 secs] 
78,553: [GC (Allocation Failure) [PSYoungGen: 107072K->64K(104448K)] 108928K->1920K(279552K), 0,0004845 secs] [Times: user=0,00 sys=0,00, real=0,00 secs] 
78,601: [GC (Allocation Failure) [PSYoungGen: 103999K->96K(101376K)] 105856K->1952K(276480K), 0,0004738 secs] [Times: user=0,00 sys=0,00, real=0,00 secs] 
78,649: [GC (Allocation Failure) [PSYoungGen: 100960K->96K(98816K)] 102816K->1952K(273920K), 0,0004660 secs] [Times: user=0,00 sys=0,00, real=0,00 secs] 
78,694: [GC (Allocation Failure) [PSYoungGen: 98400K->64K(96256K)] 100256K->1920K(271360K), 0,0004588 secs] [Times: user=0,00 sys=0,00, real=0,00 secs] 
78,739: [GC (Allocation Failure) [PSYoungGen: 95808K->96K(93696K)] 97664K->1952K(268800K), 0,0005458 secs] [Times: user=0,00 sys=0,00, real=0,00 secs] 
78,783: [GC (Allocation Failure) [PSYoungGen: 93280K->64K(91136K)] 95136K->1920K(266240K), 0,0004685 secs] [Times: user=0,00 sys=0,00, real=0,00 secs] 
78,826: [GC (Allocation Failure) [PSYoungGen: 90688K->64K(109568K)] 92544K->1920K(284672K), 0,0006841 secs] [Times: user=0,01 sys=0,00, real=0,00 secs] 
78,876: [GC (Allocation Failure) [PSYoungGen: 109119K->64K(131584K)] 110976K->1920K(306688K), 0,0005913 secs] [Times: user=0,00 sys=0,00, real=0,00 secs] 
78,938: [GC (Allocation Failure) [PSYoungGen: 131136K->64K(127488K)] 132992K->1920K(302592K), 0,0004731 secs] [Times: user=0,00 sys=0,00, real=0,00 secs] 
78,997: [GC (Allocation Failure) [PSYoungGen: 127040K->96K(123392K)] 128896K->1952K(298496K), 0,0004906 secs] [Times: user=0,00 sys=0,00, real=0,00 secs] 
79,054: [GC (Allocation Failure) [PSYoungGen: 122976K->64K(119808K)] 124832K->1920K(294912K), 0,0004823 secs] [Times: user=0,01 sys=0,00, real=0,00 secs] 
79,109: [GC (Allocation Failure) [PSYoungGen: 119359K->96K(116224K)] 121216K->1952K(291328K), 0,0004796 secs] [Times: user=0,00 sys=0,00, real=0,00 secs] 
79,164: [GC (Allocation Failure) [PSYoungGen: 115808K->96K(112640K)] 117664K->1952K(287744K), 0,0004901 secs] [Times: user=0,00 sys=0,00, real=0,00 secs] 
79,216: [GC (Allocation Failure) [PSYoungGen: 112224K->64K(109568K)] 114080K->1920K(284672K), 0,0004717 secs] [Times: user=0,00 sys=0,00, real=0,00 secs] 
79,267: [GC (Allocation Failure) [PSYoungGen: 109120K->64K(106496K)] 110976K->1920K(281600K), 0,0004821 secs] [Times: user=0,00 sys=0,00, real=0,00 secs] 
79,317: [GC (Allocation Failure) [PSYoungGen: 106048K->96K(103424K)] 107904K->1952K(278528K), 0,0004988 secs] [Times: user=0,00 sys=0,00, real=0,00 secs] 
79,365: [GC (Allocation Failure) [PSYoungGen: 103008K->64K(100352K)] 104864K->1920K(275456K), 0,0004617 secs] [Times: user=0,00 sys=0,00, real=0,00 secs] 
79,411: [GC (Allocation Failure) [PSYoungGen: 99904K->96K(97792K)] 101760K->1952K(272896K), 0,0004670 secs] [Times: user=0,01 sys=0,00, real=0,00 secs] 
79,457: [GC (Allocation Failure) [PSYoungGen: 97376K->96K(95232K)] 99232K->1952K(270336K), 0,0005246 secs] [Times: user=0,00 sys=0,00, real=0,00 secs] 
79,501: [GC (Allocation Failure) [PSYoungGen: 94816K->96K(92672K)] 96672K->1952K(267776K), 0,0004796 secs] [Times: user=0,00 sys=0,00, real=0,00 secs] 
79,545: [GC (Allocation Failure) [PSYoungGen: 92256K->96K(90112K)] 94112K->1952K(265216K), 0,0004707 secs] [Times: user=0,00 sys=0,00, real=0,00 secs] 
79,586: [GC (Allocation Failure) [PSYoungGen: 89696K->64K(87552K)] 91552K->1920K(262656K), 0,0005103 secs] [Times: user=0,00 sys=0,00, real=0,00 secs] 
79,627: [GC (Allocation Failure) [PSYoungGen: 87104K->64K(104960K)] 88960K->1920K(280064K), 0,0004645 secs] [Times: user=0,00 sys=0,00, real=0,00 secs] 
79,676: [GC (Allocation Failure) [PSYoungGen: 104512K->64K(101888K)] 106368K->1920K(276992K), 0,0004781 secs] [Times: user=0,00 sys=0,00, real=0,00 secs] 
79,723: [GC (Allocation Failure) [PSYoungGen: 101440K->64K(98816K)] 103296K->1920K(273920K), 0,0005283 secs] [Times: user=0,00 sys=0,00, real=0,00 secs] 
79,769: [GC (Allocation Failure) [PSYoungGen: 98368K->96K(96256K)] 100224K->1952K(271360K), 0,0004965 secs] [Times: user=0,00 sys=0,00, real=0,00 secs] 
79,814: [GC (Allocation Failure) [PSYoungGen: 95840K->96K(93696K)] 97696K->1952K(268800K), 0,0004838 secs] [Times: user=0,00 sys=0,00, real=0,00 secs] 
79,858: [GC (Allocation Failure) [PSYoungGen: 93279K->96K(91136K)] 95136K->1952K(266240K), 0,0004837 secs] [Times: user=0,00 sys=0,00, real=0,00 secs] 
79,900: [GC (Allocation Failure) [PSYoungGen: 90720K->64K(88576K)] 92576K->1920K(263680K), 0,0004703 secs] [Times: user=0,00 sys=0,00, real=0,00 secs] 
79,941: [GC (Allocation Failure) [PSYoungGen: 88128K->96K(106496K)] 89984K->1952K(281600K), 0,0004683 secs] [Times: user=0,00 sys=0,00, real=0,00 secs] 
79,991: [GC (Allocation Failure) [PSYoungGen: 106080K->96K(103424K)] 107936K->1952K(278528K), 0,0005111 secs] [Times: user=0,00 sys=0,00, real=0,00 secs] 
80,039: [GC (Allocation Failure) [PSYoungGen: 103008K->96K(100352K)] 104864K->1952K(275456K), 0,0004757 secs] [Times: user=0,00 sys=0,00, real=0,00 secs] 
80,085: [GC (Allocation Failure) [PSYoungGen: 99936K->96K(97792K)] 101792K->1952K(272896K), 0,0004669 secs] [Times: user=0,01 sys=0,00, real=0,00 secs] 
80,131: [GC (Allocation Failure) [PSYoungGen: 97376K->96K(95232K)] 99232K->1952K(270336K), 0,0004683 secs] [Times: user=0,00 sys=0,00, real=0,00 secs] 
80,175: [GC (Allocation Failure) [PSYoungGen: 94816K->64K(92672K)] 96672K->1920K(267776K), 0,0005156 secs] [Times: user=0,00 sys=0,00, real=0,00 secs] 
80,218: [GC (Allocation Failure) [PSYoungGen: 92224K->96K(90112K)] 94080K->1952K(265216K), 0,0004734 secs] [Times: user=0,00 sys=0,00, real=0,00 secs] 
80,260: [GC (Allocation Failure) [PSYoungGen: 89696K->96K(108032K)] 91552K->1952K(283136K), 0,0004825 secs] [Times: user=0,00 sys=0,00, real=0,00 secs] 
80,311: [GC (Allocation Failure) [PSYoungGen: 107616K->96K(129536K)] 109472K->1952K(304640K), 0,0005573 secs] [Times: user=0,00 sys=0,01, real=0,00 secs] 
80,371: [GC (Allocation Failure) [PSYoungGen: 129120K->96K(125440K)] 130976K->1976K(300544K), 0,0005087 secs] [Times: user=0,00 sys=0,00, real=0,00 secs] 
80,429: [GC (Allocation Failure) [PSYoungGen: 125024K->96K(121344K)] 126904K->1976K(296448K), 0,0004908 secs] [Times: user=0,00 sys=0,00, real=0,00 secs] 
80,486: [GC (Allocation Failure) [PSYoungGen: 120928K->96K(117760K)] 122808K->1976K(292864K), 0,0004905 secs] [Times: user=0,00 sys=0,00, real=0,00 secs] 
80,540: [GC (Allocation Failure) [PSYoungGen: 117344K->64K(114176K)] 119224K->1944K(289280K), 0,0004915 secs] [Times: user=0,01 sys=0,00, real=0,00 secs] 
80,593: [GC (Allocation Failure) [PSYoungGen: 113728K->96K(110592K)] 115608K->1976K(285696K), 0,0004733 secs] [Times: user=0,00 sys=0,00, real=0,00 secs] 
80,645: [GC (Allocation Failure) [PSYoungGen: 110176K->64K(107520K)] 112056K->1944K(282624K), 0,0004908 secs] [Times: user=0,00 sys=0,00, real=0,00 secs] 
80,695: [GC (Allocation Failure) [PSYoungGen: 107072K->64K(104448K)] 108952K->1944K(279552K), 0,0004670 secs] [Times: user=0,00 sys=0,00, real=0,00 secs] 
80,743: [GC (Allocation Failure) [PSYoungGen: 104000K->96K(101376K)] 105880K->1976K(276480K), 0,0004752 secs] [Times: user=0,00 sys=0,00, real=0,00 secs] 
80,790: [GC (Allocation Failure) [PSYoungGen: 100960K->64K(98816K)] 102840K->1944K(273920K), 0,0004779 secs] [Times: user=0,00 sys=0,00, real=0,00 secs] 
80,836: [GC (Allocation Failure) [PSYoungGen: 98368K->96K(96256K)] 100248K->1976K(271360K), 0,0004989 secs] [Times: user=0,00 sys=0,00, real=0,00 secs] 
80,881: [GC (Allocation Failure) [PSYoungGen: 95840K->96K(93696K)] 97720K->1976K(268800K), 0,0004700 secs] [Times: user=0,00 sys=0,00, real=0,00 secs] 
80,925: [GC (Allocation Failure) [PSYoungGen: 93280K->96K(91136K)] 95160K->1976K(266240K), 0,0004834 secs] [Times: user=0,00 sys=0,00, real=0,00 secs] 
80,967: [GC (Allocation Failure) [PSYoungGen: 90720K->64K(88576K)] 92600K->1944K(263680K), 0,0004953 secs] [Times: user=0,01 sys=0,00, real=0,00 secs] 
81,008: [GC (Allocation Failure) [PSYoungGen: 88128K->96K(86528K)] 90008K->1976K(261632K), 0,0004705 secs] [Times: user=0,00 sys=0,00, real=0,00 secs] 
81,049: [GC (Allocation Failure) [PSYoungGen: 86112K->96K(103936K)] 87992K->1976K(279040K), 0,0004595 secs] [Times: user=0,00 sys=0,00, real=0,00 secs] 
81,097: [GC (Allocation Failure) [PSYoungGen: 103519K->64K(124928K)] 105400K->1944K(300032K), 0,0005501 secs] [Times: user=0,00 sys=0,00, real=0,00 secs] 
81,155: [GC (Allocation Failure) [PSYoungGen: 124480K->96K(121344K)] 126360K->1976K(296448K), 0,0004833 secs] [Times: user=0,00 sys=0,00, real=0,00 secs] 
81,211: [GC (Allocation Failure) [PSYoungGen: 120928K->96K(117760K)] 122808K->1976K(292864K), 0,0004762 secs] [Times: user=0,00 sys=0,00, real=0,00 secs] 
81,265: [GC (Allocation Failure) [PSYoungGen: 117344K->96K(114176K)] 119224K->1976K(289280K), 0,0004931 secs] [Times: user=0,00 sys=0,00, real=0,00 secs] 
81,318: [GC (Allocation Failure) [PSYoungGen: 113760K->96K(110592K)] 115640K->1976K(285696K), 0,0004850 secs] [Times: user=0,00 sys=0,00, real=0,00 secs] 
81,369: [GC (Allocation Failure) [PSYoungGen: 110176K->96K(107520K)] 112056K->1976K(282624K), 0,0004910 secs] [Times: user=0,00 sys=0,00, real=0,00 secs] 
81,419: [GC (Allocation Failure) [PSYoungGen: 107104K->96K(104448K)] 108984K->1976K(279552K), 0,0004878 secs] [Times: user=0,00 sys=0,00, real=0,00 secs] 
81,468: [GC (Allocation Failure) [PSYoungGen: 104032K->96K(101376K)] 105912K->1976K(276480K), 0,0006335 secs] [Times: user=0,00 sys=0,00, real=0,00 secs] 
81,515: [GC (Allocation Failure) [PSYoungGen: 100960K->96K(98816K)] 102840K->1976K(273920K), 0,0004766 secs] [Times: user=0,00 sys=0,00, real=0,00 secs] 
81,561: [GC (Allocation Failure) [PSYoungGen: 98400K->96K(96256K)] 100280K->1976K(271360K), 0,0004766 secs] [Times: user=0,00 sys=0,00, real=0,00 secs] 
81,605: [GC (Allocation Failure) [PSYoungGen: 95840K->64K(93696K)] 97720K->1944K(268800K), 0,0004740 secs] [Times: user=0,00 sys=0,00, real=0,00 secs] 
81,648: [GC (Allocation Failure) [PSYoungGen: 93248K->96K(91136K)] 95128K->1976K(266240K), 0,0004671 secs] [Times: user=0,00 sys=0,00, real=0,00 secs] 
81,691: [GC (Allocation Failure) [PSYoungGen: 90720K->96K(88576K)] 92600K->1976K(263680K), 0,0004624 secs] [Times: user=0,00 sys=0,00, real=0,00 secs] 
81,732: [GC (Allocation Failure) [PSYoungGen: 88160K->64K(86528K)] 90040K->1944K(261632K), 0,0004680 secs] [Times: user=0,00 sys=0,00, real=0,00 secs] 
81,772: [GC (Allocation Failure) [PSYoungGen: 86080K->96K(103936K)] 87960K->1976K(279040K), 0,0004799 secs] [Times: user=0,00 sys=0,00, real=0,00 secs] 
81,821: [GC (Allocation Failure) [PSYoungGen: 103520K->64K(100864K)] 105400K->1944K(275968K), 0,0004744 secs] [Times: user=0,00 sys=0,00, real=0,00 secs] 
81,867: [GC (Allocation Failure) [PSYoungGen: 100416K->64K(121344K)] 102296K->1944K(296448K), 0,0005421 secs] [Times: user=0,00 sys=0,00, real=0,00 secs] 
81,924: [GC (Allocation Failure) [PSYoungGen: 120896K->96K(117760K)] 122776K->1976K(292864K), 0,0004619 secs] [Times: user=0,00 sys=0,00, real=0,00 secs] 
81,978: [GC (Allocation Failure) [PSYoungGen: 117344K->96K(114176K)] 119224K->1976K(289280K), 0,0004694 secs] [Times: user=0,00 sys=0,00, real=0,00 secs] 
82,031: [GC (Allocation Failure) [PSYoungGen: 113760K->64K(110592K)] 115640K->1944K(285696K), 0,0004844 secs] [Times: user=0,00 sys=0,00, real=0,00 secs] 
82,082: [GC (Allocation Failure) [PSYoungGen: 110144K->96K(107520K)] 112024K->1976K(282624K), 0,0004695 secs] [Times: user=0,00 sys=0,00, real=0,01 secs] 
82,132: [GC (Allocation Failure) [PSYoungGen: 107104K->96K(104448K)] 108984K->1976K(279552K), 0,0005104 secs] [Times: user=0,00 sys=0,00, real=0,01 secs] 
82,181: [GC (Allocation Failure) [PSYoungGen: 104032K->96K(101376K)] 105912K->1976K(276480K), 0,0004764 secs] [Times: user=0,00 sys=0,00, real=0,00 secs] 
82,228: [GC (Allocation Failure) [PSYoungGen: 100960K->128K(98816K)] 102840K->2008K(273920K), 0,0005059 secs] [Times: user=0,00 sys=0,00, real=0,00 secs] 
82,274: [GC (Allocation Failure) [PSYoungGen: 98432K->96K(96256K)] 100312K->1976K(271360K), 0,0004567 secs] [Times: user=0,00 sys=0,00, real=0,00 secs] 
82,319: [GC (Allocation Failure) [PSYoungGen: 95840K->64K(115712K)] 97720K->1944K(290816K), 0,0006290 secs] [Times: user=0,00 sys=0,00, real=0,00 secs] 
82,373: [GC (Allocation Failure) [PSYoungGen: 115264K->64K(138752K)] 117144K->1944K(313856K), 0,0009738 secs] [Times: user=0,01 sys=0,00, real=0,00 secs] 
82,437: [GC (Allocation Failure) [PSYoungGen: 138304K->64K(166400K)] 140184K->1944K(341504K), 0,0004854 secs] [Times: user=0,00 sys=0,00, real=0,00 secs] 
82,514: [GC (Allocation Failure) [PSYoungGen: 165952K->96K(160768K)] 167832K->1976K(335872K), 0,0004820 secs] [Times: user=0,00 sys=0,00, real=0,00 secs] 
82,589: [GC (Allocation Failure) [PSYoungGen: 160352K->64K(155136K)] 162232K->1944K(330240K), 0,0004933 secs] [Times: user=0,00 sys=0,00, real=0,00 secs] 
82,661: [GC (Allocation Failure) [PSYoungGen: 154688K->96K(150016K)] 156568K->1976K(325120K), 0,0004741 secs] [Times: user=0,00 sys=0,00, real=0,00 secs] 
82,731: [GC (Allocation Failure) [PSYoungGen: 149600K->96K(144896K)] 151480K->1976K(320000K), 0,0005027 secs] [Times: user=0,00 sys=0,00, real=0,00 secs] 
82,798: [GC (Allocation Failure) [PSYoungGen: 144480K->96K(140288K)] 146360K->1976K(315392K), 0,0004894 secs] [Times: user=0,00 sys=0,00, real=0,00 secs] 
82,863: [GC (Allocation Failure) [PSYoungGen: 139872K->64K(135680K)] 141752K->1944K(310784K), 0,0004969 secs] [Times: user=0,00 sys=0,00, real=0,00 secs] 
82,926: [GC (Allocation Failure) [PSYoungGen: 135232K->64K(131584K)] 137112K->1944K(306688K), 0,0004820 secs] [Times: user=0,00 sys=0,00, real=0,00 secs] 
82,987: [GC (Allocation Failure) [PSYoungGen: 131136K->96K(127488K)] 133016K->1976K(302592K), 0,0004802 secs] [Times: user=0,00 sys=0,00, real=0,00 secs] 
83,046: [GC (Allocation Failure) [PSYoungGen: 127072K->96K(123392K)] 128952K->1976K(298496K), 0,0004773 secs] [Times: user=0,00 sys=0,00, real=0,00 secs] 
83,103: [GC (Allocation Failure) [PSYoungGen: 122976K->64K(119808K)] 124856K->1944K(294912K), 0,0004835 secs] [Times: user=0,00 sys=0,00, real=0,00 secs] 
83,159: [GC (Allocation Failure) [PSYoungGen: 119360K->96K(116224K)] 121240K->1976K(291328K), 0,0005895 secs] [Times: user=0,01 sys=0,00, real=0,00 secs] 
83,213: [GC (Allocation Failure) [PSYoungGen: 115808K->96K(112640K)] 117688K->1976K(287744K), 0,0005254 secs] [Times: user=0,00 sys=0,00, real=0,00 secs] 
83,265: [GC (Allocation Failure) [PSYoungGen: 112224K->96K(109568K)] 114104K->1976K(284672K), 0,0004688 secs] [Times: user=0,00 sys=0,00, real=0,00 secs] 
83,316: [GC (Allocation Failure) [PSYoungGen: 109152K->64K(106496K)] 111032K->1944K(281600K), 0,0004686 secs] [Times: user=0,00 sys=0,00, real=0,00 secs] 
83,366: [GC (Allocation Failure) [PSYoungGen: 106048K->96K(103424K)] 107928K->1976K(278528K), 0,0004938 secs] [Times: user=0,00 sys=0,00, real=0,00 secs] 
83,414: [GC (Allocation Failure) [PSYoungGen: 103008K->64K(100352K)] 104888K->1944K(275456K), 0,0004626 secs] [Times: user=0,00 sys=0,00, real=0,00 secs] 
83,460: [GC (Allocation Failure) [PSYoungGen: 99904K->96K(97792K)] 101784K->1976K(272896K), 0,0005109 secs] [Times: user=0,00 sys=0,00, real=0,00 secs] 
83,506: [GC (Allocation Failure) [PSYoungGen: 97376K->96K(95232K)] 99256K->1976K(270336K), 0,0005045 secs] [Times: user=0,01 sys=0,00, real=0,00 secs] 
83,550: [GC (Allocation Failure) [PSYoungGen: 94816K->96K(92672K)] 96696K->1976K(267776K), 0,0005026 secs] [Times: user=0,00 sys=0,00, real=0,00 secs] 
83,594: [GC (Allocation Failure) [PSYoungGen: 92256K->96K(90112K)] 94136K->1976K(265216K), 0,0005263 secs] [Times: user=0,00 sys=0,00, real=0,00 secs] 
83,636: [GC (Allocation Failure) [PSYoungGen: 89696K->96K(108032K)] 91576K->1976K(283136K), 0,0004856 secs] [Times: user=0,00 sys=0,00, real=0,00 secs] 
83,686: [GC (Allocation Failure) [PSYoungGen: 107616K->96K(104960K)] 109496K->1976K(280064K), 0,0004725 secs] [Times: user=0,00 sys=0,00, real=0,00 secs] 
83,735: [GC (Allocation Failure) [PSYoungGen: 104544K->64K(125952K)] 106424K->1944K(301056K), 0,0006527 secs] [Times: user=0,00 sys=0,00, real=0,00 secs] 
83,793: [GC (Allocation Failure) [PSYoungGen: 125504K->96K(121856K)] 127384K->1976K(296960K), 0,0004884 secs] [Times: user=0,01 sys=0,00, real=0,00 secs] 
83,850: [GC (Allocation Failure) [PSYoungGen: 121440K->96K(118272K)] 123320K->1976K(293376K), 0,0004932 secs] [Times: user=0,00 sys=0,00, real=0,00 secs] 
83,905: [GC (Allocation Failure) [PSYoungGen: 117856K->96K(114688K)] 119736K->1976K(289792K), 0,0004710 secs] [Times: user=0,00 sys=0,00, real=0,00 secs] 
83,958: [GC (Allocation Failure) [PSYoungGen: 114272K->96K(111104K)] 116152K->1976K(286208K), 0,0004811 secs] [Times: user=0,00 sys=0,00, real=0,00 secs] 
84,010: [GC (Allocation Failure) [PSYoungGen: 110688K->64K(108032K)] 112568K->1944K(283136K), 0,0005314 secs] [Times: user=0,00 sys=0,00, real=0,00 secs] 
84,060: [GC (Allocation Failure) [PSYoungGen: 107584K->64K(104960K)] 109464K->1944K(280064K), 0,0005036 secs] [Times: user=0,00 sys=0,00, real=0,00 secs] 
84,109: [GC (Allocation Failure) [PSYoungGen: 104512K->64K(101888K)] 106392K->1944K(276992K), 0,0004723 secs] [Times: user=0,00 sys=0,00, real=0,00 secs] 
84,156: [GC (Allocation Failure) [PSYoungGen: 101440K->96K(98816K)] 103320K->1976K(273920K), 0,0004861 secs] [Times: user=0,00 sys=0,00, real=0,00 secs] 
84,202: [GC (Allocation Failure) [PSYoungGen: 98400K->96K(96256K)] 100280K->1976K(271360K), 0,0005301 secs] [Times: user=0,00 sys=0,00, real=0,01 secs] 
84,247: [GC (Allocation Failure) [PSYoungGen: 95840K->96K(93696K)] 97720K->1976K(268800K), 0,0004896 secs] [Times: user=0,00 sys=0,00, real=0,00 secs] 
84,290: [GC (Allocation Failure) [PSYoungGen: 93280K->96K(91136K)] 95160K->1976K(266240K), 0,0004726 secs] [Times: user=0,00 sys=0,00, real=0,00 secs] 
84,333: [GC (Allocation Failure) [PSYoungGen: 90720K->96K(88576K)] 92600K->1976K(263680K), 0,0005125 secs] [Times: user=0,00 sys=0,00, real=0,00 secs] 
84,374: [GC (Allocation Failure) [PSYoungGen: 88160K->96K(106496K)] 90040K->1976K(281600K), 0,0005111 secs] [Times: user=0,00 sys=0,00, real=0,00 secs] 
84,424: [GC (Allocation Failure) [PSYoungGen: 106080K->64K(128000K)] 107960K->1944K(303104K), 0,0004923 secs] [Times: user=0,00 sys=0,00, real=0,00 secs] 
84,483: [GC (Allocation Failure) [PSYoungGen: 127552K->96K(123904K)] 129432K->1976K(299008K), 0,0004898 secs] [Times: user=0,00 sys=0,00, real=0,00 secs] 
84,540: [GC (Allocation Failure) [PSYoungGen: 123488K->96K(120320K)] 125368K->1976K(295424K), 0,0004740 secs] [Times: user=0,00 sys=0,00, real=0,00 secs] 
84,596: [GC (Allocation Failure) [PSYoungGen: 119904K->96K(116736K)] 121784K->1976K(291840K), 0,0004827 secs] [Times: user=0,00 sys=0,00, real=0,00 secs] 
84,650: [GC (Allocation Failure) [PSYoungGen: 116320K->96K(113152K)] 118200K->1976K(288256K), 0,0004712 secs] [Times: user=0,00 sys=0,00, real=0,00 secs] 
84,703: [GC (Allocation Failure) [PSYoungGen: 112736K->96K(110080K)] 114616K->1976K(285184K), 0,0004787 secs] [Times: user=0,00 sys=0,00, real=0,00 secs] 
84,754: [GC (Allocation Failure) [PSYoungGen: 109664K->96K(107008K)] 111544K->1976K(282112K), 0,0004819 secs] [Times: user=0,00 sys=0,00, real=0,00 secs] 
84,804: [GC (Allocation Failure) [PSYoungGen: 106592K->96K(103936K)] 108472K->1976K(279040K), 0,0004704 secs] [Times: user=0,00 sys=0,00, real=0,00 secs] 
84,853: [GC (Allocation Failure) [PSYoungGen: 103520K->64K(100864K)] 105400K->1944K(275968K), 0,0004908 secs] [Times: user=0,00 sys=0,00, real=0,00 secs] 
84,899: [GC (Allocation Failure) [PSYoungGen: 100416K->96K(98304K)] 102296K->1976K(273408K), 0,0004750 secs] [Times: user=0,00 sys=0,00, real=0,00 secs] 
84,945: [GC (Allocation Failure) [PSYoungGen: 97887K->96K(95744K)] 99768K->1976K(270848K), 0,0005698 secs] [Times: user=0,00 sys=0,00, real=0,00 secs] 
84,989: [GC (Allocation Failure) [PSYoungGen: 95328K->96K(93184K)] 97208K->1976K(268288K), 0,0004845 secs] [Times: user=0,00 sys=0,00, real=0,00 secs] 
85,033: [GC (Allocation Failure) [PSYoungGen: 92768K->32K(112128K)] 94648K->1912K(287232K), 0,0009587 secs] [Times: user=0,01 sys=0,00, real=0,00 secs] 
85,086: [GC (Allocation Failure) [PSYoungGen: 111648K->96K(134656K)] 113528K->1976K(309760K), 0,0004920 secs] [Times: user=0,00 sys=0,00, real=0,00 secs] 
85,148: [GC (Allocation Failure) [PSYoungGen: 134240K->96K(161792K)] 136120K->1976K(336896K), 0,0004861 secs] [Times: user=0,00 sys=0,00, real=0,00 secs] 
85,223: [GC (Allocation Failure) [PSYoungGen: 161376K->64K(156160K)] 163256K->1944K(331264K), 0,0005611 secs] [Times: user=0,00 sys=0,00, real=0,00 secs] 
85,296: [GC (Allocation Failure) [PSYoungGen: 155712K->96K(151040K)] 157592K->1976K(326144K), 0,0004806 secs] [Times: user=0,00 sys=0,00, real=0,00 secs] 
85,366: [GC (Allocation Failure) [PSYoungGen: 150624K->96K(145920K)] 152504K->1976K(321024K), 0,0004970 secs] [Times: user=0,00 sys=0,00, real=0,00 secs] 
85,434: [GC (Allocation Failure) [PSYoungGen: 145503K->96K(141312K)] 147384K->1976K(316416K), 0,0005290 secs] [Times: user=0,00 sys=0,00, real=0,00 secs] 
85,499: [GC (Allocation Failure) [PSYoungGen: 140896K->64K(136704K)] 142776K->1944K(311808K), 0,0005521 secs] [Times: user=0,01 sys=0,00, real=0,00 secs] 
85,563: [GC (Allocation Failure) [PSYoungGen: 136256K->96K(132608K)] 138136K->1976K(307712K), 0,0005484 secs] [Times: user=0,00 sys=0,00, real=0,00 secs] 
85,624: [GC (Allocation Failure) [PSYoungGen: 132192K->64K(128512K)] 134072K->1944K(303616K), 0,0004841 secs] [Times: user=0,00 sys=0,00, real=0,00 secs] 
85,684: [GC (Allocation Failure) [PSYoungGen: 128064K->64K(124416K)] 129944K->1944K(299520K), 0,0004536 secs] [Times: user=0,00 sys=0,00, real=0,00 secs] 
85,742: [GC (Allocation Failure) [PSYoungGen: 123968K->96K(120832K)] 125848K->1976K(295936K), 0,0004989 secs] [Times: user=0,00 sys=0,00, real=0,01 secs] 
85,800: [GC (Allocation Failure) [PSYoungGen: 120416K->64K(117248K)] 122296K->1944K(292352K), 0,0005093 secs] [Times: user=0,00 sys=0,00, real=0,00 secs] 
85,855: [GC (Allocation Failure) [PSYoungGen: 116800K->96K(113664K)] 118680K->1976K(288768K), 0,0004904 secs] [Times: user=0,00 sys=0,00, real=0,00 secs] 
85,908: [GC (Allocation Failure) [PSYoungGen: 113248K->96K(110592K)] 115128K->1976K(285696K), 0,0004778 secs] [Times: user=0,00 sys=0,00, real=0,00 secs] 
85,960: [GC (Allocation Failure) [PSYoungGen: 110176K->96K(107520K)] 112056K->1976K(282624K), 0,0004827 secs] [Times: user=0,00 sys=0,00, real=0,00 secs] 
86,010: [GC (Allocation Failure) [PSYoungGen: 107104K->96K(104448K)] 108984K->1976K(279552K), 0,0004753 secs] [Times: user=0,00 sys=0,00, real=0,00 secs] 
86,058: [GC (Allocation Failure) [PSYoungGen: 104032K->64K(101376K)] 105912K->1944K(276480K), 0,0004913 secs] [Times: user=0,00 sys=0,00, real=0,00 secs] 
86,106: [GC (Allocation Failure) [PSYoungGen: 100928K->96K(98816K)] 102808K->1976K(273920K), 0,0005576 secs] [Times: user=0,00 sys=0,00, real=0,00 secs] 
86,152: [GC (Allocation Failure) [PSYoungGen: 98400K->96K(96256K)] 100280K->1976K(271360K), 0,0004637 secs] [Times: user=0,00 sys=0,00, real=0,00 secs] 
86,197: [GC (Allocation Failure) [PSYoungGen: 95840K->96K(93696K)] 97720K->1976K(268800K), 0,0004749 secs] [Times: user=0,00 sys=0,00, real=0,00 secs] 
86,240: [GC (Allocation Failure) [PSYoungGen: 93280K->96K(91136K)] 95160K->1976K(266240K), 0,0004725 secs] [Times: user=0,00 sys=0,00, real=0,00 secs] 
86,283: [GC (Allocation Failure) [PSYoungGen: 90720K->96K(88576K)] 92600K->1976K(263680K), 0,0005099 secs] [Times: user=0,00 sys=0,00, real=0,00 secs] 
86,324: [GC (Allocation Failure) [PSYoungGen: 88160K->96K(106496K)] 90040K->1976K(281600K), 0,0006092 secs] [Times: user=0,00 sys=0,00, real=0,00 secs] 
86,374: [GC (Allocation Failure) [PSYoungGen: 106080K->64K(128000K)] 107960K->1944K(303104K), 0,0004894 secs] [Times: user=0,00 sys=0,00, real=0,00 secs] 
86,433: [GC (Allocation Failure) [PSYoungGen: 127552K->64K(123904K)] 129432K->1944K(299008K), 0,0004831 secs] [Times: user=0,00 sys=0,00, real=0,00 secs] 
86,490: [GC (Allocation Failure) [PSYoungGen: 123456K->64K(148992K)] 125336K->1944K(324096K), 0,0009066 secs] [Times: user=0,01 sys=0,00, real=0,00 secs] 
86,560: [GC (Allocation Failure) [PSYoungGen: 148544K->64K(143872K)] 150424K->1944K(318976K), 0,0004974 secs] [Times: user=0,00 sys=0,00, real=0,00 secs] 
86,627: [GC (Allocation Failure) [PSYoungGen: 143424K->64K(139264K)] 145304K->1944K(314368K), 0,0004900 secs] [Times: user=0,00 sys=0,00, real=0,00 secs] 
86,692: [GC (Allocation Failure) [PSYoungGen: 138816K->96K(134656K)] 140696K->1976K(309760K), 0,0005263 secs] [Times: user=0,00 sys=0,00, real=0,01 secs] 
86,754: [GC (Allocation Failure) [PSYoungGen: 134240K->96K(130560K)] 136120K->1976K(305664K), 0,0005623 secs] [Times: user=0,00 sys=0,00, real=0,00 secs] 
86,815: [GC (Allocation Failure) [PSYoungGen: 130144K->96K(126464K)] 132024K->1976K(301568K), 0,0004945 secs] [Times: user=0,00 sys=0,00, real=0,00 secs] 
86,874: [GC (Allocation Failure) [PSYoungGen: 126048K->64K(122368K)] 127928K->1944K(297472K), 0,0004998 secs] [Times: user=0,00 sys=0,00, real=0,00 secs] 
86,930: [GC (Allocation Failure) [PSYoungGen: 121920K->96K(118784K)] 123800K->1976K(293888K), 0,0004821 secs] [Times: user=0,00 sys=0,00, real=0,00 secs] 
86,985: [GC (Allocation Failure) [PSYoungGen: 118368K->96K(115200K)] 120248K->1976K(290304K), 0,0004822 secs] [Times: user=0,00 sys=0,00, real=0,00 secs] 
87,039: [GC (Allocation Failure) [PSYoungGen: 114784K->64K(111616K)] 116664K->1944K(286720K), 0,0004763 secs] [Times: user=0,00 sys=0,00, real=0,00 secs] 
87,091: [GC (Allocation Failure) [PSYoungGen: 111168K->96K(108544K)] 113048K->1976K(283648K), 0,0004857 secs] [Times: user=0,00 sys=0,00, real=0,00 secs] 
87,141: [GC (Allocation Failure) [PSYoungGen: 108128K->96K(105472K)] 110008K->1976K(280576K), 0,0004719 secs] [Times: user=0,00 sys=0,00, real=0,00 secs] 
87,190: [GC (Allocation Failure) [PSYoungGen: 105056K->64K(102400K)] 106936K->1944K(277504K), 0,0004711 secs] [Times: user=0,00 sys=0,00, real=0,00 secs] 
87,237: [GC (Allocation Failure) [PSYoungGen: 101952K->96K(99328K)] 103832K->1976K(274432K), 0,0004875 secs] [Times: user=0,00 sys=0,00, real=0,00 secs] 
87,284: [GC (Allocation Failure) [PSYoungGen: 98912K->96K(96768K)] 100792K->1976K(271872K), 0,0004905 secs] [Times: user=0,00 sys=0,00, real=0,00 secs] 
87,329: [GC (Allocation Failure) [PSYoungGen: 96352K->64K(94208K)] 98232K->1944K(269312K), 0,0005687 secs] [Times: user=0,00 sys=0,00, real=0,00 secs] 
87,373: [GC (Allocation Failure) [PSYoungGen: 93760K->96K(91648K)] 95640K->1976K(266752K), 0,0004966 secs] [Times: user=0,00 sys=0,00, real=0,00 secs] 
87,415: [GC (Allocation Failure) [PSYoungGen: 91232K->96K(89088K)] 93112K->1976K(264192K), 0,0004692 secs] [Times: user=0,00 sys=0,00, real=0,00 secs] 
87,457: [GC (Allocation Failure) [PSYoungGen: 88672K->64K(107008K)] 90552K->1944K(282112K), 0,0005524 secs] [Times: user=0,00 sys=0,00, real=0,00 secs] 
87,507: [GC (Allocation Failure) [PSYoungGen: 106560K->96K(128512K)] 108440K->1976K(303616K), 0,0005593 secs] [Times: user=0,00 sys=0,00, real=0,00 secs] 
87,567: [GC (Allocation Failure) [PSYoungGen: 128096K->96K(124416K)] 129976K->1976K(299520K), 0,0004902 secs] [Times: user=0,00 sys=0,00, real=0,00 secs] 
87,625: [GC (Allocation Failure) [PSYoungGen: 124000K->96K(120832K)] 125880K->1976K(295936K), 0,0005122 secs] [Times: user=0,00 sys=0,00, real=0,00 secs] 
87,680: [GC (Allocation Failure) [PSYoungGen: 120416K->96K(117248K)] 122296K->1976K(292352K), 0,0004815 secs] [Times: user=0,00 sys=0,00, real=0,00 secs] 
87,735: [GC (Allocation Failure) [PSYoungGen: 116832K->96K(113664K)] 118712K->1976K(288768K), 0,0004949 secs] [Times: user=0,00 sys=0,00, real=0,00 secs] 
87,788: [GC (Allocation Failure) [PSYoungGen: 113248K->96K(110592K)] 115128K->1976K(285696K), 0,0004735 secs] [Times: user=0,00 sys=0,00, real=0,00 secs] 
87,839: [GC (Allocation Failure) [PSYoungGen: 110176K->32K(107520K)] 112056K->1912K(282624K), 0,0007267 secs] [Times: user=0,00 sys=0,00, real=0,00 secs] 
87,890: [GC (Allocation Failure) [PSYoungGen: 107040K->96K(104448K)] 108920K->1976K(279552K), 0,0005030 secs] [Times: user=0,00 sys=0,00, real=0,00 secs] 
87,939: [GC (Allocation Failure) [PSYoungGen: 104032K->64K(101376K)] 105912K->1944K(276480K), 0,0004711 secs] [Times: user=0,00 sys=0,00, real=0,00 secs] 
87,987: [GC (Allocation Failure) [PSYoungGen: 100928K->96K(98816K)] 102808K->1976K(273920K), 0,0004842 secs] [Times: user=0,00 sys=0,00, real=0,00 secs] 
88,033: [GC (Allocation Failure) [PSYoungGen: 98400K->64K(96256K)] 100280K->1944K(271360K), 0,0005177 secs] [Times: user=0,00 sys=0,00, real=0,00 secs] 
88,078: [GC (Allocation Failure) [PSYoungGen: 95808K->96K(93696K)] 97688K->1976K(268800K), 0,0004714 secs] [Times: user=0,00 sys=0,00, real=0,00 secs] 
88,122: [GC (Allocation Failure) [PSYoungGen: 93280K->64K(91136K)] 95160K->1944K(266240K), 0,0004854 secs] [Times: user=0,00 sys=0,00, real=0,00 secs] 
88,165: [GC (Allocation Failure) [PSYoungGen: 90688K->96K(88576K)] 92568K->1976K(263680K), 0,0004891 secs] [Times: user=0,00 sys=0,00, real=0,00 secs] 
88,206: [GC (Allocation Failure) [PSYoungGen: 88160K->96K(106496K)] 90040K->1976K(281600K), 0,0004839 secs] [Times: user=0,00 sys=0,00, real=0,00 secs] 
88,256: [GC (Allocation Failure) [PSYoungGen: 106080K->96K(103424K)] 107960K->1976K(278528K), 0,0004730 secs] [Times: user=0,00 sys=0,00, real=0,00 secs] 
88,305: [GC (Allocation Failure) [PSYoungGen: 103008K->64K(100352K)] 104888K->1944K(275456K), 0,0004988 secs] [Times: user=0,00 sys=0,00, real=0,00 secs] 
88,353: [GC (Allocation Failure) [PSYoungGen: 99904K->96K(97792K)] 101784K->1976K(272896K), 0,0005074 secs] [Times: user=0,00 sys=0,00, real=0,00 secs] 
88,398: [GC (Allocation Failure) [PSYoungGen: 97376K->64K(95232K)] 99256K->1944K(270336K), 0,0004753 secs] [Times: user=0,01 sys=0,00, real=0,00 secs] 
88,443: [GC (Allocation Failure) [PSYoungGen: 94784K->96K(92672K)] 96664K->1976K(267776K), 0,0004652 secs] [Times: user=0,00 sys=0,00, real=0,00 secs] 
88,486: [GC (Allocation Failure) [PSYoungGen: 92255K->96K(90112K)] 94136K->1976K(265216K), 0,0004841 secs] [Times: user=0,00 sys=0,00, real=0,00 secs] 
88,528: [GC (Allocation Failure) [PSYoungGen: 89696K->96K(87552K)] 91576K->1976K(262656K), 0,0004754 secs] [Times: user=0,01 sys=0,00, real=0,00 secs] 
88,569: [GC (Allocation Failure) [PSYoungGen: 87136K->64K(104960K)] 89016K->1944K(280064K), 0,0005112 secs] [Times: user=0,00 sys=0,00, real=0,00 secs] 
88,618: [GC (Allocation Failure) [PSYoungGen: 104512K->64K(101888K)] 106392K->1944K(276992K), 0,0004997 secs] [Times: user=0,00 sys=0,00, real=0,00 secs] 
88,665: [GC (Allocation Failure) [PSYoungGen: 101440K->64K(98816K)] 103320K->1944K(273920K), 0,0004697 secs] [Times: user=0,00 sys=0,00, real=0,00 secs] 
88,711: [GC (Allocation Failure) [PSYoungGen: 98368K->128K(96256K)] 100248K->2008K(271360K), 0,0004630 secs] [Times: user=0,00 sys=0,00, real=0,00 secs] 
88,756: [GC (Allocation Failure) [PSYoungGen: 95872K->96K(93696K)] 97752K->1976K(268800K), 0,0005257 secs] [Times: user=0,01 sys=0,00, real=0,00 secs] 
88,800: [GC (Allocation Failure) [PSYoungGen: 93280K->32K(112640K)] 95160K->1912K(287744K), 0,0005201 secs] [Times: user=0,00 sys=0,01, real=0,00 secs] 
88,853: [GC (Allocation Failure) [PSYoungGen: 112160K->64K(109568K)] 114040K->1944K(284672K), 0,0004919 secs] [Times: user=0,00 sys=0,00, real=0,00 secs] 
88,904: [GC (Allocation Failure) [PSYoungGen: 109120K->96K(106496K)] 111000K->1976K(281600K), 0,0004885 secs] [Times: user=0,00 sys=0,00, real=0,00 secs] 
88,953: [GC (Allocation Failure) [PSYoungGen: 106080K->96K(103424K)] 107960K->1976K(278528K), 0,0004676 secs] [Times: user=0,00 sys=0,00, real=0,00 secs] 
89,001: [GC (Allocation Failure) [PSYoungGen: 103008K->64K(100352K)] 104888K->1944K(275456K), 0,0004681 secs] [Times: user=0,00 sys=0,00, real=0,00 secs] 
89,048: [GC (Allocation Failure) [PSYoungGen: 99904K->96K(97792K)] 101784K->1976K(272896K), 0,0004731 secs] [Times: user=0,00 sys=0,00, real=0,00 secs] 
89,094: [GC (Allocation Failure) [PSYoungGen: 97376K->96K(95232K)] 99256K->1976K(270336K), 0,0004744 secs] [Times: user=0,01 sys=0,00, real=0,00 secs] 
89,138: [GC (Allocation Failure) [PSYoungGen: 94816K->96K(92672K)] 96696K->1976K(267776K), 0,0004815 secs] [Times: user=0,00 sys=0,00, real=0,00 secs] 
89,181: [GC (Allocation Failure) [PSYoungGen: 92256K->96K(90112K)] 94136K->1976K(265216K), 0,0004882 secs] [Times: user=0,00 sys=0,00, real=0,00 secs] 
89,223: [GC (Allocation Failure) [PSYoungGen: 89696K->64K(87552K)] 91576K->1944K(262656K), 0,0004767 secs] [Times: user=0,00 sys=0,00, real=0,00 secs] 
89,264: [GC (Allocation Failure) [PSYoungGen: 87104K->96K(85504K)] 88984K->1976K(260608K), 0,0004601 secs] [Times: user=0,00 sys=0,00, real=0,00 secs] 
89,304: [GC (Allocation Failure) [PSYoungGen: 85088K->32K(102912K)] 86968K->1912K(278016K), 0,0005258 secs] [Times: user=0,00 sys=0,00, real=0,00 secs] 
89,352: [GC (Allocation Failure) [PSYoungGen: 102432K->64K(123392K)] 104312K->1944K(298496K), 0,0004881 secs] [Times: user=0,01 sys=0,00, real=0,00 secs] 
89,409: [GC (Allocation Failure) [PSYoungGen: 122944K->96K(119808K)] 124824K->1976K(294912K), 0,0005617 secs] [Times: user=0,00 sys=0,00, real=0,00 secs] 
89,465: [GC (Allocation Failure) [PSYoungGen: 119392K->96K(116224K)] 121272K->1976K(291328K), 0,0004759 secs] [Times: user=0,00 sys=0,00, real=0,00 secs] 
89,519: [GC (Allocation Failure) [PSYoungGen: 115808K->96K(112640K)] 117688K->1976K(287744K), 0,0004832 secs] [Times: user=0,00 sys=0,00, real=0,00 secs] 
89,571: [GC (Allocation Failure) [PSYoungGen: 112224K->96K(109568K)] 114104K->1976K(284672K), 0,0004776 secs] [Times: user=0,00 sys=0,00, real=0,00 secs] 
89,622: [GC (Allocation Failure) [PSYoungGen: 109152K->128K(106496K)] 111032K->2008K(281600K), 0,0004719 secs] [Times: user=0,00 sys=0,00, real=0,00 secs] 
89,671: [GC (Allocation Failure) [PSYoungGen: 106112K->96K(103424K)] 107992K->1976K(278528K), 0,0004644 secs] [Times: user=0,00 sys=0,00, real=0,00 secs] 
89,719: [GC (Allocation Failure) [PSYoungGen: 103008K->96K(100352K)] 104888K->1976K(275456K), 0,0004705 secs] [Times: user=0,00 sys=0,00, real=0,00 secs] 
89,766: [GC (Allocation Failure) [PSYoungGen: 99936K->96K(97792K)] 101816K->1976K(272896K), 0,0005016 secs] [Times: user=0,00 sys=0,00, real=0,00 secs] 
89,811: [GC (Allocation Failure) [PSYoungGen: 97376K->96K(95232K)] 99256K->1976K(270336K), 0,0004933 secs] [Times: user=0,00 sys=0,00, real=0,00 secs] 
89,856: [GC (Allocation Failure) [PSYoungGen: 94816K->96K(92672K)] 96696K->1976K(267776K), 0,0004988 secs] [Times: user=0,00 sys=0,00, real=0,00 secs] 
89,899: [GC (Allocation Failure) [PSYoungGen: 92256K->96K(90112K)] 94136K->1976K(265216K), 0,0004729 secs] [Times: user=0,00 sys=0,00, real=0,00 secs] 
89,941: [GC (Allocation Failure) [PSYoungGen: 89696K->64K(87552K)] 91576K->1944K(262656K), 0,0004729 secs] [Times: user=0,00 sys=0,00, real=0,00 secs] 
89,982: [GC (Allocation Failure) [PSYoungGen: 87104K->96K(104960K)] 88984K->1976K(280064K), 0,0004908 secs] [Times: user=0,00 sys=0,00, real=0,00 secs] 
90,031: [GC (Allocation Failure) [PSYoungGen: 104544K->96K(101888K)] 106424K->1976K(276992K), 0,0004678 secs] [Times: user=0,00 sys=0,00, real=0,00 secs] 
90,078: [GC (Allocation Failure) [PSYoungGen: 101471K->96K(98816K)] 103352K->1976K(273920K), 0,0004777 secs] [Times: user=0,00 sys=0,00, real=0,00 secs] 
90,124: [GC (Allocation Failure) [PSYoungGen: 98400K->96K(96256K)] 100280K->1976K(271360K), 0,0004797 secs] [Times: user=0,00 sys=0,00, real=0,00 secs] 
90,169: [GC (Allocation Failure) [PSYoungGen: 95840K->64K(93696K)] 97720K->1944K(268800K), 0,0005209 secs] [Times: user=0,00 sys=0,00, real=0,00 secs] 
90,212: [GC (Allocation Failure) [PSYoungGen: 93248K->64K(112640K)] 95128K->1944K(287744K), 0,0005252 secs] [Times: user=0,00 sys=0,00, real=0,00 secs] 
90,265: [GC (Allocation Failure) [PSYoungGen: 112192K->96K(109568K)] 114072K->1976K(284672K), 0,0004772 secs] [Times: user=0,00 sys=0,00, real=0,00 secs] 
90,317: [GC (Allocation Failure) [PSYoungGen: 109152K->96K(106496K)] 111032K->1976K(281600K), 0,0005307 secs] [Times: user=0,00 sys=0,00, real=0,00 secs] 
90,367: [GC (Allocation Failure) [PSYoungGen: 106080K->96K(103424K)] 107960K->2000K(278528K), 0,0005141 secs] [Times: user=0,00 sys=0,00, real=0,00 secs] 
90,415: [GC (Allocation Failure) [PSYoungGen: 103008K->64K(100352K)] 104912K->1968K(275456K), 0,0004865 secs] [Times: user=0,00 sys=0,00, real=0,00 secs] 
90,462: [GC (Allocation Failure) [PSYoungGen: 99904K->96K(97792K)] 101808K->2000K(272896K), 0,0004786 secs] [Times: user=0,00 sys=0,00, real=0,01 secs] 
90,507: [GC (Allocation Failure) [PSYoungGen: 97376K->64K(95232K)] 99280K->1968K(270336K), 0,0004850 secs] [Times: user=0,01 sys=0,00, real=0,00 secs] 
90,552: [GC (Allocation Failure) [PSYoungGen: 94784K->96K(92672K)] 96688K->2000K(267776K), 0,0004710 secs] [Times: user=0,00 sys=0,00, real=0,01 secs] 
90,595: [GC (Allocation Failure) [PSYoungGen: 92256K->64K(90112K)] 94160K->1968K(265216K), 0,0005183 secs] [Times: user=0,00 sys=0,00, real=0,00 secs] 
90,637: [GC (Allocation Failure) [PSYoungGen: 89664K->96K(108032K)] 91568K->2000K(283136K), 0,0004894 secs] [Times: user=0,01 sys=0,00, real=0,00 secs] 
90,687: [GC (Allocation Failure) [PSYoungGen: 107616K->96K(104960K)] 109520K->2000K(280064K), 0,0004730 secs] [Times: user=0,00 sys=0,00, real=0,00 secs] 
90,736: [GC (Allocation Failure) [PSYoungGen: 104543K->96K(101888K)] 106448K->2000K(276992K), 0,0004801 secs] [Times: user=0,01 sys=0,00, real=0,00 secs] 
90,784: [GC (Allocation Failure) [PSYoungGen: 101472K->64K(98816K)] 103376K->1968K(273920K), 0,0004773 secs] [Times: user=0,00 sys=0,00, real=0,00 secs] 
90,830: [GC (Allocation Failure) [PSYoungGen: 98368K->64K(96256K)] 100272K->1968K(271360K), 0,0005679 secs] [Times: user=0,00 sys=0,00, real=0,00 secs] 
90,875: [GC (Allocation Failure) [PSYoungGen: 95808K->96K(93696K)] 97712K->2000K(268800K), 0,0004967 secs] [Times: user=0,01 sys=0,00, real=0,00 secs] 
90,918: [GC (Allocation Failure) [PSYoungGen: 93280K->96K(112640K)] 95184K->2000K(287744K), 0,0005001 secs] [Times: user=0,00 sys=0,00, real=0,00 secs] 
90,971: [GC (Allocation Failure) [PSYoungGen: 112224K->96K(109568K)] 114128K->2000K(284672K), 0,0004814 secs] [Times: user=0,00 sys=0,00, real=0,00 secs] 
91,022: [GC (Allocation Failure) [PSYoungGen: 109152K->64K(106496K)] 111056K->1968K(281600K), 0,0004841 secs] [Times: user=0,00 sys=0,00, real=0,00 secs] 
91,071: [GC (Allocation Failure) [PSYoungGen: 106048K->64K(103424K)] 107952K->1968K(278528K), 0,0004752 secs] [Times: user=0,00 sys=0,00, real=0,00 secs] 
91,119: [GC (Allocation Failure) [PSYoungGen: 102976K->96K(100352K)] 104880K->2000K(275456K), 0,0004654 secs] [Times: user=0,00 sys=0,00, real=0,00 secs] 
91,166: [GC (Allocation Failure) [PSYoungGen: 99936K->64K(97792K)] 101840K->1968K(272896K), 0,0004754 secs] [Times: user=0,00 sys=0,00, real=0,00 secs] 
91,212: [GC (Allocation Failure) [PSYoungGen: 97344K->96K(95232K)] 99248K->2000K(270336K), 0,0004805 secs] [Times: user=0,01 sys=0,00, real=0,00 secs] 
91,256: [GC (Allocation Failure) [PSYoungGen: 94816K->96K(92672K)] 96720K->2000K(267776K), 0,0004578 secs] [Times: user=0,00 sys=0,00, real=0,00 secs] 
91,299: [GC (Allocation Failure) [PSYoungGen: 92256K->64K(90112K)] 94160K->1968K(265216K), 0,0004779 secs] [Times: user=0,00 sys=0,00, real=0,00 secs] 
91,341: [GC (Allocation Failure) [PSYoungGen: 89664K->64K(87552K)] 91568K->1968K(262656K), 0,0004779 secs] [Times: user=0,01 sys=0,00, real=0,00 secs] 
91,382: [GC (Allocation Failure) [PSYoungGen: 87104K->96K(104960K)] 89008K->2000K(280064K), 0,0004941 secs] [Times: user=0,00 sys=0,00, real=0,01 secs] 
91,431: [GC (Allocation Failure) [PSYoungGen: 104544K->96K(101888K)] 106448K->2000K(276992K), 0,0004659 secs] [Times: user=0,00 sys=0,00, real=0,00 secs] 
91,478: [GC (Allocation Failure) [PSYoungGen: 101472K->64K(98816K)] 103376K->1968K(273920K), 0,0004823 secs] [Times: user=0,00 sys=0,01, real=0,00 secs] 
91,524: [GC (Allocation Failure) [PSYoungGen: 98368K->64K(96256K)] 100272K->1968K(271360K), 0,0004890 secs] [Times: user=0,00 sys=0,00, real=0,00 secs] 
91,569: [GC (Allocation Failure) [PSYoungGen: 95808K->96K(93696K)] 97712K->2000K(268800K), 0,0004624 secs] [Times: user=0,01 sys=0,00, real=0,00 secs] 
91,612: [GC (Allocation Failure) [PSYoungGen: 93280K->96K(91136K)] 95184K->2000K(266240K), 0,0004900 secs] [Times: user=0,00 sys=0,00, real=0,01 secs] 
91,655: [GC (Allocation Failure) [PSYoungGen: 90720K->64K(88576K)] 92624K->1968K(263680K), 0,0004752 secs] [Times: user=0,00 sys=0,00, real=0,00 secs] 
91,696: [GC (Allocation Failure) [PSYoungGen: 88128K->96K(106496K)] 90032K->2000K(281600K), 0,0004690 secs] [Times: user=0,00 sys=0,00, real=0,00 secs] 
91,745: [GC (Allocation Failure) [PSYoungGen: 106080K->96K(103424K)] 107984K->2000K(278528K), 0,0005195 secs] [Times: user=0,00 sys=0,00, real=0,00 secs] 
91,793: [GC (Allocation Failure) [PSYoungGen: 103008K->64K(100352K)] 104912K->1968K(275456K), 0,0004752 secs] [Times: user=0,00 sys=0,00, real=0,00 secs] 
91,840: [GC (Allocation Failure) [PSYoungGen: 99904K->96K(97792K)] 101808K->2000K(272896K), 0,0004689 secs] [Times: user=0,00 sys=0,00, real=0,00 secs] 
91,886: [GC (Allocation Failure) [PSYoungGen: 97376K->96K(95232K)] 99280K->2000K(270336K), 0,0004902 secs] [Times: user=0,01 sys=0,00, real=0,00 secs] 
91,930: [GC (Allocation Failure) [PSYoungGen: 94816K->64K(92672K)] 96720K->1968K(267776K), 0,0004749 secs] [Times: user=0,00 sys=0,00, real=0,00 secs] 
91,973: [GC (Allocation Failure) [PSYoungGen: 92224K->32K(90112K)] 94128K->1936K(265216K), 0,0005111 secs] [Times: user=0,00 sys=0,00, real=0,00 secs] 
92,015: [GC (Allocation Failure) [PSYoungGen: 89632K->32K(108032K)] 91536K->1936K(283136K), 0,0004789 secs] [Times: user=0,00 sys=0,00, real=0,00 secs] 
92,065: [GC (Allocation Failure) [PSYoungGen: 107552K->64K(129536K)] 109456K->1968K(304640K), 0,0005679 secs] [Times: user=0,00 sys=0,00, real=0,00 secs] 
92,125: [GC (Allocation Failure) [PSYoungGen: 129088K->96K(125440K)] 130992K->2000K(300544K), 0,0004652 secs] [Times: user=0,00 sys=0,00, real=0,00 secs] 
92,184: [GC (Allocation Failure) [PSYoungGen: 125024K->96K(121344K)] 126928K->2000K(296448K), 0,0004988 secs] [Times: user=0,00 sys=0,00, real=0,00 secs] 
92,240: [GC (Allocation Failure) [PSYoungGen: 120928K->96K(117760K)] 122832K->2000K(292864K), 0,0004780 secs] [Times: user=0,00 sys=0,00, real=0,00 secs] 
92,295: [GC (Allocation Failure) [PSYoungGen: 117344K->64K(114176K)] 119248K->1968K(289280K), 0,0004863 secs] [Times: user=0,00 sys=0,00, real=0,00 secs] 
92,348: [GC (Allocation Failure) [PSYoungGen: 113728K->96K(110592K)] 115632K->2000K(285696K), 0,0004811 secs] [Times: user=0,00 sys=0,00, real=0,00 secs] 
92,399: [GC (Allocation Failure) [PSYoungGen: 110176K->64K(107520K)] 112080K->1968K(282624K), 0,0004977 secs] [Times: user=0,00 sys=0,00, real=0,00 secs] 
92,449: [GC (Allocation Failure) [PSYoungGen: 107072K->64K(104448K)] 108976K->1968K(279552K), 0,0004580 secs] [Times: user=0,00 sys=0,00, real=0,00 secs] 
92,498: [GC (Allocation Failure) [PSYoungGen: 104000K->128K(101376K)] 105904K->2032K(276480K), 0,0005276 secs] [Times: user=0,00 sys=0,00, real=0,00 secs] 
92,545: [GC (Allocation Failure) [PSYoungGen: 100992K->64K(98816K)] 102896K->1968K(273920K), 0,0004766 secs] [Times: user=0,00 sys=0,00, real=0,00 secs] 
92,591: [GC (Allocation Failure) [PSYoungGen: 98368K->64K(96256K)] 100272K->1968K(271360K), 0,0004655 secs] [Times: user=0,00 sys=0,00, real=0,00 secs] 
92,635: [GC (Allocation Failure) [PSYoungGen: 95808K->96K(93696K)] 97712K->2000K(268800K), 0,0004697 secs] [Times: user=0,00 sys=0,00, real=0,00 secs] 
92,679: [GC (Allocation Failure) [PSYoungGen: 93280K->64K(91136K)] 95184K->1968K(266240K), 0,0004776 secs] [Times: user=0,01 sys=0,00, real=0,00 secs] 
92,721: [GC (Allocation Failure) [PSYoungGen: 90688K->96K(88576K)] 92592K->2000K(263680K), 0,0004426 secs] [Times: user=0,00 sys=0,00, real=0,00 secs] 
92,763: [GC (Allocation Failure) [PSYoungGen: 88160K->96K(86528K)] 90064K->2000K(261632K), 0,0004946 secs] [Times: user=0,00 sys=0,00, real=0,00 secs] 
92,803: [GC (Allocation Failure) [PSYoungGen: 86112K->64K(103936K)] 88016K->1968K(279040K), 0,0004750 secs] [Times: user=0,00 sys=0,00, real=0,00 secs] 
92,851: [GC (Allocation Failure) [PSYoungGen: 103488K->96K(100864K)] 105392K->2000K(275968K), 0,0004660 secs] [Times: user=0,00 sys=0,00, real=0,00 secs] 
92,898: [GC (Allocation Failure) [PSYoungGen: 100448K->96K(98304K)] 102352K->2000K(273408K), 0,0004948 secs] [Times: user=0,00 sys=0,00, real=0,00 secs] 
92,944: [GC (Allocation Failure) [PSYoungGen: 97888K->64K(95744K)] 99792K->1968K(270848K), 0,0004987 secs] [Times: user=0,00 sys=0,00, real=0,00 secs] 
92,988: [GC (Allocation Failure) [PSYoungGen: 95296K->64K(93184K)] 97200K->1968K(268288K), 0,0005141 secs] [Times: user=0,00 sys=0,00, real=0,00 secs] 
93,032: [GC (Allocation Failure) [PSYoungGen: 92736K->96K(112128K)] 94640K->2000K(287232K), 0,0005351 secs] [Times: user=0,00 sys=0,00, real=0,00 secs] 
93,085: [GC (Allocation Failure) [PSYoungGen: 111712K->96K(109056K)] 113616K->2000K(284160K), 0,0004896 secs] [Times: user=0,00 sys=0,00, real=0,00 secs] 
93,135: [GC (Allocation Failure) [PSYoungGen: 108640K->64K(105984K)] 110544K->1968K(281088K), 0,0004568 secs] [Times: user=0,01 sys=0,00, real=0,00 secs] 
93,185: [GC (Allocation Failure) [PSYoungGen: 105536K->96K(102912K)] 107440K->2000K(278016K), 0,0005112 secs] [Times: user=0,01 sys=0,00, real=0,00 secs] 
93,232: [GC (Allocation Failure) [PSYoungGen: 102496K->64K(99840K)] 104400K->1968K(274944K), 0,0004729 secs] [Times: user=0,00 sys=0,00, real=0,00 secs] 
93,279: [GC (Allocation Failure) [PSYoungGen: 99392K->64K(97280K)] 101296K->1968K(272384K), 0,0005104 secs] [Times: user=0,00 sys=0,00, real=0,00 secs] 
93,324: [GC (Allocation Failure) [PSYoungGen: 96832K->96K(94720K)] 98736K->2000K(269824K), 0,0004744 secs] [Times: user=0,00 sys=0,00, real=0,00 secs] 
93,368: [GC (Allocation Failure) [PSYoungGen: 94304K->64K(92160K)] 96208K->1968K(267264K), 0,0005316 secs] [Times: user=0,00 sys=0,00, real=0,00 secs] 
93,411: [GC (Allocation Failure) [PSYoungGen: 91712K->96K(110592K)] 93616K->2000K(285696K), 0,0005390 secs] [Times: user=0,00 sys=0,00, real=0,00 secs] 
93,463: [GC (Allocation Failure) [PSYoungGen: 110176K->96K(107520K)] 112080K->2000K(282624K), 0,0004790 secs] [Times: user=0,01 sys=0,00, real=0,00 secs] 
93,513: [GC (Allocation Failure) [PSYoungGen: 107104K->96K(104448K)] 109008K->2000K(279552K), 0,0005089 secs] [Times: user=0,00 sys=0,00, real=0,00 secs] 
93,562: [GC (Allocation Failure) [PSYoungGen: 104032K->96K(101376K)] 105936K->2000K(276480K), 0,0005255 secs] [Times: user=0,01 sys=0,00, real=0,00 secs] 
93,609: [GC (Allocation Failure) [PSYoungGen: 100960K->96K(98816K)] 102864K->2000K(273920K), 0,0004700 secs] [Times: user=0,00 sys=0,00, real=0,00 secs] 
93,655: [GC (Allocation Failure) [PSYoungGen: 98400K->96K(96256K)] 100304K->2000K(271360K), 0,0004612 secs] [Times: user=0,00 sys=0,00, real=0,00 secs] 
93,700: [GC (Allocation Failure) [PSYoungGen: 95840K->96K(93696K)] 97744K->2000K(268800K), 0,0004791 secs] [Times: user=0,01 sys=0,00, real=0,00 secs] 
93,744: [GC (Allocation Failure) [PSYoungGen: 93280K->96K(91136K)] 95184K->2000K(266240K), 0,0005326 secs] [Times: user=0,00 sys=0,00, real=0,00 secs] 
93,786: [GC (Allocation Failure) [PSYoungGen: 90720K->96K(109568K)] 92624K->2000K(284672K), 0,0004724 secs] [Times: user=0,00 sys=0,00, real=0,00 secs] 
93,837: [GC (Allocation Failure) [PSYoungGen: 109152K->64K(106496K)] 111056K->1968K(281600K), 0,0004697 secs] [Times: user=0,00 sys=0,00, real=0,00 secs] 
93,886: [GC (Allocation Failure) [PSYoungGen: 106048K->64K(103424K)] 107952K->1968K(278528K), 0,0004807 secs] [Times: user=0,00 sys=0,00, real=0,00 secs] 
93,934: [GC (Allocation Failure) [PSYoungGen: 102976K->64K(100352K)] 104880K->1968K(275456K), 0,0005014 secs] [Times: user=0,00 sys=0,00, real=0,00 secs] 
93,981: [GC (Allocation Failure) [PSYoungGen: 99904K->64K(97792K)] 101808K->1968K(272896K), 0,0004706 secs] [Times: user=0,00 sys=0,00, real=0,00 secs] 
94,027: [GC (Allocation Failure) [PSYoungGen: 97344K->96K(95232K)] 99248K->2000K(270336K), 0,0004654 secs] [Times: user=0,00 sys=0,00, real=0,00 secs] 
94,071: [GC (Allocation Failure) [PSYoungGen: 94816K->96K(92672K)] 96720K->2000K(267776K), 0,0004608 secs] [Times: user=0,00 sys=0,00, real=0,00 secs] 
94,115: [GC (Allocation Failure) [PSYoungGen: 92256K->96K(90112K)] 94160K->2000K(265216K), 0,0005016 secs] [Times: user=0,00 sys=0,00, real=0,00 secs] 
94,158: [GC (Allocation Failure) [PSYoungGen: 89696K->96K(87552K)] 91600K->2000K(262656K), 0,0004807 secs] [Times: user=0,00 sys=0,00, real=0,00 secs] 
94,199: [GC (Allocation Failure) [PSYoungGen: 87136K->96K(104960K)] 89040K->2000K(280064K), 0,0004970 secs] [Times: user=0,00 sys=0,00, real=0,00 secs] 
94,248: [GC (Allocation Failure) [PSYoungGen: 104544K->96K(101888K)] 106448K->2000K(276992K), 0,0004969 secs] [Times: user=0,00 sys=0,00, real=0,00 secs] 
94,296: [GC (Allocation Failure) [PSYoungGen: 101472K->64K(98816K)] 103376K->1968K(273920K), 0,0004998 secs] [Times: user=0,00 sys=0,00, real=0,00 secs] 
94,342: [GC (Allocation Failure) [PSYoungGen: 98368K->32K(96256K)] 100272K->1936K(271360K), 0,0004707 secs] [Times: user=0,00 sys=0,00, real=0,01 secs] 
94,387: [GC (Allocation Failure) [PSYoungGen: 95776K->96K(93696K)] 97680K->2000K(268800K), 0,0004896 secs] [Times: user=0,00 sys=0,00, real=0,00 secs] 
94,430: [GC (Allocation Failure) [PSYoungGen: 93280K->64K(91136K)] 95184K->1968K(266240K), 0,0004829 secs] [Times: user=0,00 sys=0,00, real=0,00 secs] 
94,473: [GC (Allocation Failure) [PSYoungGen: 90688K->64K(88576K)] 92592K->1968K(263680K), 0,0004805 secs] [Times: user=0,00 sys=0,00, real=0,00 secs] 
94,514: [GC (Allocation Failure) [PSYoungGen: 88128K->96K(106496K)] 90032K->2000K(281600K), 0,0004822 secs] [Times: user=0,00 sys=0,00, real=0,00 secs] 
94,563: [GC (Allocation Failure) [PSYoungGen: 106080K->96K(103424K)] 107984K->2000K(278528K), 0,0004635 secs] [Times: user=0,00 sys=0,00, real=0,00 secs] 
94,611: [GC (Allocation Failure) [PSYoungGen: 103008K->96K(100352K)] 104912K->2000K(275456K), 0,0005109 secs] [Times: user=0,00 sys=0,00, real=0,00 secs] 
94,658: [GC (Allocation Failure) [PSYoungGen: 99936K->96K(97792K)] 101840K->2000K(272896K), 0,0004801 secs] [Times: user=0,00 sys=0,00, real=0,00 secs] 
94,704: [GC (Allocation Failure) [PSYoungGen: 97376K->64K(95232K)] 99280K->1968K(270336K), 0,0004732 secs] [Times: user=0,00 sys=0,00, real=0,00 secs] 
94,748: [GC (Allocation Failure) [PSYoungGen: 94784K->96K(92672K)] 96688K->2000K(267776K), 0,0004890 secs] [Times: user=0,00 sys=0,00, real=0,00 secs] 
94,791: [GC (Allocation Failure) [PSYoungGen: 92256K->64K(90112K)] 94160K->1968K(265216K), 0,0004599 secs] [Times: user=0,00 sys=0,00, real=0,00 secs] 
94,833: [GC (Allocation Failure) [PSYoungGen: 89664K->96K(87552K)] 91568K->2000K(262656K), 0,0004747 secs] [Times: user=0,00 sys=0,00, real=0,00 secs] 
94,874: [GC (Allocation Failure) [PSYoungGen: 87136K->96K(104960K)] 89040K->2000K(280064K), 0,0004832 secs] [Times: user=0,00 sys=0,00, real=0,00 secs] 
94,923: [GC (Allocation Failure) [PSYoungGen: 104544K->64K(101888K)] 106448K->1968K(276992K), 0,0004715 secs] [Times: user=0,00 sys=0,00, real=0,00 secs] 
94,970: [GC (Allocation Failure) [PSYoungGen: 101440K->96K(98816K)] 103344K->2000K(273920K), 0,0004735 secs] [Times: user=0,00 sys=0,00, real=0,00 secs] 
95,016: [GC (Allocation Failure) [PSYoungGen: 98400K->128K(96256K)] 100304K->2032K(271360K), 0,0004774 secs] [Times: user=0,00 sys=0,00, real=0,00 secs] 
95,061: [GC (Allocation Failure) [PSYoungGen: 95872K->32K(93696K)] 97776K->1936K(268800K), 0,0005280 secs] [Times: user=0,00 sys=0,00, real=0,00 secs] 
95,104: [GC (Allocation Failure) [PSYoungGen: 93215K->96K(91136K)] 95120K->2000K(266240K), 0,0004748 secs] [Times: user=0,00 sys=0,00, real=0,00 secs] 
95,147: [GC (Allocation Failure) [PSYoungGen: 90720K->96K(109568K)] 92624K->2000K(284672K), 0,0005262 secs] [Times: user=0,00 sys=0,00, real=0,00 secs] 
95,198: [GC (Allocation Failure) [PSYoungGen: 109152K->96K(106496K)] 111056K->2000K(281600K), 0,0004873 secs] [Times: user=0,00 sys=0,00, real=0,00 secs] 
95,248: [GC (Allocation Failure) [PSYoungGen: 106080K->32K(103424K)] 107984K->1936K(278528K), 0,0004680 secs] [Times: user=0,00 sys=0,00, real=0,00 secs] 
95,296: [GC (Allocation Failure) [PSYoungGen: 102944K->96K(100352K)] 104848K->2000K(275456K), 0,0004696 secs] [Times: user=0,01 sys=0,00, real=0,00 secs] 
95,343: [GC (Allocation Failure) [PSYoungGen: 99936K->96K(97792K)] 101840K->2000K(272896K), 0,0004749 secs] [Times: user=0,00 sys=0,00, real=0,00 secs] 
95,409: [GC (Allocation Failure) [PSYoungGen: 97376K->64K(117248K)] 99280K->1968K(292352K), 0,0010134 secs] [Times: user=0,00 sys=0,00, real=0,00 secs] 
95,472: [GC (Allocation Failure) [PSYoungGen: 116800K->96K(113664K)] 118704K->2000K(288768K), 0,0019278 secs] [Times: user=0,00 sys=0,00, real=0,01 secs] 
95,527: [GC (Allocation Failure) [PSYoungGen: 113248K->96K(110592K)] 115152K->2000K(285696K), 0,0005067 secs] [Times: user=0,00 sys=0,00, real=0,00 secs] 
95,579: [GC (Allocation Failure) [PSYoungGen: 110176K->64K(107520K)] 112080K->1968K(282624K), 0,0004931 secs] [Times: user=0,00 sys=0,00, real=0,00 secs] 
95,629: [GC (Allocation Failure) [PSYoungGen: 107072K->96K(104448K)] 108976K->2000K(279552K), 0,0004665 secs] [Times: user=0,00 sys=0,00, real=0,00 secs] 
95,677: [GC (Allocation Failure) [PSYoungGen: 104032K->96K(101376K)] 105936K->2000K(276480K), 0,0004726 secs] [Times: user=0,00 sys=0,00, real=0,00 secs] 
95,724: [GC (Allocation Failure) [PSYoungGen: 100960K->96K(98816K)] 102864K->2000K(273920K), 0,0004810 secs] [Times: user=0,00 sys=0,00, real=0,00 secs] 
95,770: [GC (Allocation Failure) [PSYoungGen: 98400K->128K(96256K)] 100304K->2032K(271360K), 0,0006046 secs] [Times: user=0,00 sys=0,00, real=0,00 secs] 
95,823: [GC (Allocation Failure) [PSYoungGen: 95872K->96K(93696K)] 97776K->2000K(268800K), 0,0005105 secs] [Times: user=0,01 sys=0,00, real=0,00 secs] 
95,866: [GC (Allocation Failure) [PSYoungGen: 93280K->64K(112640K)] 95184K->1968K(287744K), 0,0009821 secs] [Times: user=0,00 sys=0,00, real=0,00 secs] 
95,919: [GC (Allocation Failure) [PSYoungGen: 112192K->96K(135168K)] 114096K->2000K(310272K), 0,0004906 secs] [Times: user=0,00 sys=0,00, real=0,00 secs] 
95,981: [GC (Allocation Failure) [PSYoungGen: 134752K->96K(162304K)] 136656K->2000K(337408K), 0,0005025 secs] [Times: user=0,00 sys=0,00, real=0,00 secs] 
96,056: [GC (Allocation Failure) [PSYoungGen: 161888K->64K(156672K)] 163792K->1968K(331776K), 0,0004821 secs] [Times: user=0,00 sys=0,00, real=0,00 secs] 
96,129: [GC (Allocation Failure) [PSYoungGen: 156224K->96K(151552K)] 158128K->2000K(326656K), 0,0004970 secs] [Times: user=0,00 sys=0,00, real=0,00 secs] 
96,199: [GC (Allocation Failure) [PSYoungGen: 151136K->96K(146432K)] 153040K->2000K(321536K), 0,0005186 secs] [Times: user=0,01 sys=0,00, real=0,00 secs] 
96,267: [GC (Allocation Failure) [PSYoungGen: 146016K->96K(141824K)] 147920K->2000K(316928K), 0,0005071 secs] [Times: user=0,00 sys=0,00, real=0,00 secs] 
96,333: [GC (Allocation Failure) [PSYoungGen: 141408K->96K(137216K)] 143312K->2000K(312320K), 0,0005921 secs] [Times: user=0,00 sys=0,00, real=0,00 secs] 
96,397: [GC (Allocation Failure) [PSYoungGen: 136800K->64K(132608K)] 138704K->1968K(307712K), 0,0005504 secs] [Times: user=0,00 sys=0,00, real=0,00 secs] 
96,459: [GC (Allocation Failure) [PSYoungGen: 132160K->96K(128512K)] 134064K->2000K(303616K), 0,0004809 secs] [Times: user=0,00 sys=0,00, real=0,00 secs] 
96,519: [GC (Allocation Failure) [PSYoungGen: 128096K->96K(124416K)] 130000K->2000K(299520K), 0,0005059 secs] [Times: user=0,00 sys=0,00, real=0,00 secs] 
96,577: [GC (Allocation Failure) [PSYoungGen: 124000K->96K(120832K)] 125904K->2000K(295936K), 0,0005320 secs] [Times: user=0,01 sys=0,00, real=0,00 secs] 
96,633: [GC (Allocation Failure) [PSYoungGen: 120416K->96K(117248K)] 122320K->2000K(292352K), 0,0004843 secs] [Times: user=0,00 sys=0,00, real=0,00 secs] 
96,687: [GC (Allocation Failure) [PSYoungGen: 116832K->64K(113664K)] 118736K->1968K(288768K), 0,0004718 secs] [Times: user=0,00 sys=0,00, real=0,00 secs] 
96,740: [GC (Allocation Failure) [PSYoungGen: 113216K->96K(110592K)] 115120K->2000K(285696K), 0,0004988 secs] [Times: user=0,00 sys=0,00, real=0,00 secs] 
96,791: [GC (Allocation Failure) [PSYoungGen: 110176K->96K(107520K)] 112080K->2000K(282624K), 0,0005402 secs] [Times: user=0,00 sys=0,00, real=0,00 secs] 
96,841: [GC (Allocation Failure) [PSYoungGen: 107104K->96K(104448K)] 109008K->2000K(279552K), 0,0004912 secs] [Times: user=0,00 sys=0,00, real=0,00 secs] 
96,890: [GC (Allocation Failure) [PSYoungGen: 104032K->96K(101376K)] 105936K->2000K(276480K), 0,0004998 secs] [Times: user=0,00 sys=0,01, real=0,00 secs] 
96,937: [GC (Allocation Failure) [PSYoungGen: 100960K->96K(98816K)] 102864K->2000K(273920K), 0,0004817 secs] [Times: user=0,00 sys=0,00, real=0,00 secs] 
96,983: [GC (Allocation Failure) [PSYoungGen: 98400K->96K(96256K)] 100304K->2000K(271360K), 0,0004752 secs] [Times: user=0,01 sys=0,00, real=0,00 secs] 
97,028: [GC (Allocation Failure) [PSYoungGen: 95840K->96K(93696K)] 97744K->2000K(268800K), 0,0005369 secs] [Times: user=0,00 sys=0,00, real=0,00 secs] 
97,072: [GC (Allocation Failure) [PSYoungGen: 93280K->96K(91136K)] 95184K->2000K(266240K), 0,0004681 secs] [Times: user=0,00 sys=0,00, real=0,00 secs] 
97,114: [GC (Allocation Failure) [PSYoungGen: 90720K->96K(88576K)] 92624K->2000K(263680K), 0,0004777 secs] [Times: user=0,00 sys=0,00, real=0,00 secs] 
97,156: [GC (Allocation Failure) [PSYoungGen: 88160K->64K(106496K)] 90064K->1968K(281600K), 0,0005363 secs] [Times: user=0,00 sys=0,00, real=0,00 secs] 
97,206: [GC (Allocation Failure) [PSYoungGen: 106047K->96K(103424K)] 107952K->2000K(278528K), 0,0004714 secs] [Times: user=0,00 sys=0,00, real=0,00 secs] 
97,254: [GC (Allocation Failure) [PSYoungGen: 103008K->32K(100352K)] 104912K->1936K(275456K), 0,0005534 secs] [Times: user=0,00 sys=0,00, real=0,00 secs] 
97,300: [GC (Allocation Failure) [PSYoungGen: 99872K->96K(97792K)] 101776K->2000K(272896K), 0,0004789 secs] [Times: user=0,00 sys=0,00, real=0,00 secs] 
97,346: [GC (Allocation Failure) [PSYoungGen: 97376K->96K(95232K)] 99280K->2000K(270336K), 0,0004664 secs] [Times: user=0,00 sys=0,00, real=0,00 secs] 
97,390: [GC (Allocation Failure) [PSYoungGen: 94816K->96K(92672K)] 96720K->2000K(267776K), 0,0004912 secs] [Times: user=0,01 sys=0,00, real=0,00 secs] 
97,433: [GC (Allocation Failure) [PSYoungGen: 92256K->96K(90112K)] 94160K->2000K(265216K), 0,0004808 secs] [Times: user=0,00 sys=0,00, real=0,00 secs] 
97,475: [GC (Allocation Failure) [PSYoungGen: 89696K->64K(108032K)] 91600K->1968K(283136K), 0,0005430 secs] [Times: user=0,00 sys=0,00, real=0,00 secs] 
97,525: [GC (Allocation Failure) [PSYoungGen: 107584K->96K(104960K)] 109488K->2000K(280064K), 0,0004816 secs] [Times: user=0,00 sys=0,00, real=0,00 secs] 
97,574: [GC (Allocation Failure) [PSYoungGen: 104544K->64K(101888K)] 106448K->1968K(276992K), 0,0004801 secs] [Times: user=0,00 sys=0,00, real=0,00 secs] 
97,622: [GC (Allocation Failure) [PSYoungGen: 101440K->96K(98816K)] 103344K->2000K(273920K), 0,0004970 secs] [Times: user=0,00 sys=0,00, real=0,01 secs] 
97,668: [GC (Allocation Failure) [PSYoungGen: 98400K->96K(96256K)] 100304K->2000K(271360K), 0,0004909 secs] [Times: user=0,00 sys=0,00, real=0,00 secs] 
97,713: [GC (Allocation Failure) [PSYoungGen: 95840K->32K(93696K)] 97744K->1936K(268800K), 0,0005343 secs] [Times: user=0,00 sys=0,00, real=0,00 secs] 
97,757: [GC (Allocation Failure) [PSYoungGen: 93216K->96K(112640K)] 95120K->2000K(287744K), 0,0005326 secs] [Times: user=0,01 sys=0,00, real=0,00 secs] 
97,809: [GC (Allocation Failure) [PSYoungGen: 112224K->64K(109568K)] 114128K->1968K(284672K), 0,0004708 secs] [Times: user=0,00 sys=0,00, real=0,00 secs] 
97,860: [GC (Allocation Failure) [PSYoungGen: 109120K->96K(106496K)] 111024K->2000K(281600K), 0,0004777 secs] [Times: user=0,00 sys=0,00, real=0,00 secs] 
97,910: [GC (Allocation Failure) [PSYoungGen: 106080K->96K(103424K)] 107984K->2000K(278528K), 0,0004955 secs] [Times: user=0,00 sys=0,00, real=0,00 secs] 
97,958: [GC (Allocation Failure) [PSYoungGen: 103008K->96K(100352K)] 104912K->2000K(275456K), 0,0004826 secs] [Times: user=0,00 sys=0,00, real=0,00 secs] 
98,004: [GC (Allocation Failure) [PSYoungGen: 99936K->96K(97792K)] 101840K->2000K(272896K), 0,0004900 secs] [Times: user=0,01 sys=0,00, real=0,00 secs] 
98,050: [GC (Allocation Failure) [PSYoungGen: 97376K->32K(95232K)] 99280K->1936K(270336K), 0,0005268 secs] [Times: user=0,00 sys=0,00, real=0,00 secs] 
98,094: [GC (Allocation Failure) [PSYoungGen: 94752K->96K(92672K)] 96656K->2000K(267776K), 0,0004688 secs] [Times: user=0,01 sys=0,00, real=0,00 secs] 
98,137: [GC (Allocation Failure) [PSYoungGen: 92256K->96K(90112K)] 94160K->2000K(265216K), 0,0004788 secs] [Times: user=0,00 sys=0,00, real=0,00 secs] 
98,179: [GC (Allocation Failure) [PSYoungGen: 89696K->64K(108032K)] 91600K->1968K(283136K), 0,0005561 secs] [Times: user=0,00 sys=0,00, real=0,00 secs] 
98,229: [GC (Allocation Failure) [PSYoungGen: 107584K->96K(129536K)] 109488K->2000K(304640K), 0,0005334 secs] [Times: user=0,00 sys=0,00, real=0,00 secs] 
98,289: [GC (Allocation Failure) [PSYoungGen: 129120K->96K(125440K)] 131024K->2000K(300544K), 0,0004963 secs] [Times: user=0,00 sys=0,00, real=0,00 secs] 
98,348: [GC (Allocation Failure) [PSYoungGen: 125024K->96K(121344K)] 126928K->2000K(296448K), 0,0004840 secs] [Times: user=0,00 sys=0,00, real=0,00 secs] 
98,404: [GC (Allocation Failure) [PSYoungGen: 120928K->96K(117760K)] 122832K->2000K(292864K), 0,0005007 secs] [Times: user=0,00 sys=0,00, real=0,00 secs] 
98,459: [GC (Allocation Failure) [PSYoungGen: 117344K->64K(114176K)] 119248K->1968K(289280K), 0,0005515 secs] [Times: user=0,00 sys=0,00, real=0,00 secs] 
98,512: [GC (Allocation Failure) [PSYoungGen: 113728K->64K(110592K)] 115632K->1968K(285696K), 0,0005019 secs] [Times: user=0,00 sys=0,00, real=0,01 secs] 
98,564: [GC (Allocation Failure) [PSYoungGen: 110144K->96K(107520K)] 112048K->2000K(282624K), 0,0004825 secs] [Times: user=0,00 sys=0,00, real=0,00 secs] 
98,614: [GC (Allocation Failure) [PSYoungGen: 107104K->96K(104448K)] 109008K->2000K(279552K), 0,0004727 secs] [Times: user=0,00 sys=0,00, real=0,00 secs] 
98,662: [GC (Allocation Failure) [PSYoungGen: 104032K->64K(101376K)] 105936K->1968K(276480K), 0,0005018 secs] [Times: user=0,00 sys=0,00, real=0,00 secs] 
98,710: [GC (Allocation Failure) [PSYoungGen: 100928K->96K(98816K)] 102832K->2000K(273920K), 0,0004757 secs] [Times: user=0,01 sys=0,00, real=0,00 secs] 
98,756: [GC (Allocation Failure) [PSYoungGen: 98400K->96K(96256K)] 100304K->2000K(271360K), 0,0004848 secs] [Times: user=0,00 sys=0,00, real=0,00 secs] 
98,801: [GC (Allocation Failure) [PSYoungGen: 95840K->96K(93696K)] 97744K->2000K(268800K), 0,0004810 secs] [Times: user=0,00 sys=0,00, real=0,00 secs] 
98,844: [GC (Allocation Failure) [PSYoungGen: 93280K->96K(91136K)] 95184K->2000K(266240K), 0,0004708 secs] [Times: user=0,00 sys=0,00, real=0,00 secs] 
98,887: [GC (Allocation Failure) [PSYoungGen: 90720K->96K(88576K)] 92624K->2000K(263680K), 0,0004971 secs] [Times: user=0,01 sys=0,00, real=0,00 secs] 
98,928: [GC (Allocation Failure) [PSYoungGen: 88160K->32K(106496K)] 90064K->1936K(281600K), 0,0005366 secs] [Times: user=0,00 sys=0,00, real=0,00 secs] 
98,978: [GC (Allocation Failure) [PSYoungGen: 106016K->64K(103424K)] 107920K->1968K(278528K), 0,0004842 secs] [Times: user=0,00 sys=0,00, real=0,00 secs] 
99,026: [GC (Allocation Failure) [PSYoungGen: 102976K->96K(100352K)] 104880K->2000K(275456K), 0,0005258 secs] [Times: user=0,00 sys=0,00, real=0,00 secs] 
99,072: [GC (Allocation Failure) [PSYoungGen: 99936K->64K(120320K)] 101840K->1968K(295424K), 0,0006528 secs] [Times: user=0,00 sys=0,00, real=0,00 secs] 
99,128: [GC (Allocation Failure) [PSYoungGen: 119871K->96K(116736K)] 121776K->2000K(291840K), 0,0004836 secs] [Times: user=0,00 sys=0,00, real=0,00 secs] 
99,183: [GC (Allocation Failure) [PSYoungGen: 116320K->96K(113152K)] 118224K->2000K(288256K), 0,0004851 secs] [Times: user=0,00 sys=0,00, real=0,00 secs] 
99,235: [GC (Allocation Failure) [PSYoungGen: 112736K->64K(110080K)] 114640K->1968K(285184K), 0,0005067 secs] [Times: user=0,00 sys=0,00, real=0,00 secs] 
99,286: [GC (Allocation Failure) [PSYoungGen: 109632K->96K(107008K)] 111536K->2000K(282112K), 0,0004644 secs] [Times: user=0,00 sys=0,00, real=0,00 secs] 
99,336: [GC (Allocation Failure) [PSYoungGen: 106592K->96K(103936K)] 108496K->2000K(279040K), 0,0004770 secs] [Times: user=0,00 sys=0,00, real=0,00 secs] 
99,384: [GC (Allocation Failure) [PSYoungGen: 103520K->96K(100864K)] 105424K->2000K(275968K), 0,0004874 secs] [Times: user=0,00 sys=0,00, real=0,00 secs] 
99,432: [GC (Allocation Failure) [PSYoungGen: 100448K->96K(98304K)] 102352K->2000K(273408K), 0,0004880 secs] [Times: user=0,00 sys=0,01, real=0,00 secs] 
99,477: [GC (Allocation Failure) [PSYoungGen: 97888K->96K(95744K)] 99792K->2000K(270848K), 0,0005259 secs] [Times: user=0,00 sys=0,00, real=0,00 secs] 
99,522: [GC (Allocation Failure) [PSYoungGen: 95328K->96K(93184K)] 97232K->2000K(268288K), 0,0004831 secs] [Times: user=0,01 sys=0,00, real=0,01 secs] 
99,566: [GC (Allocation Failure) [PSYoungGen: 92768K->64K(90624K)] 94672K->1968K(265728K), 0,0005104 secs] [Times: user=0,00 sys=0,00, real=0,00 secs] 
99,608: [GC (Allocation Failure) [PSYoungGen: 90176K->96K(88064K)] 92080K->2000K(263168K), 0,0004879 secs] [Times: user=0,00 sys=0,00, real=0,00 secs] 
99,649: [GC (Allocation Failure) [PSYoungGen: 87648K->96K(105984K)] 89552K->2000K(281088K), 0,0004629 secs] [Times: user=0,00 sys=0,00, real=0,00 secs] 
99,698: [GC (Allocation Failure) [PSYoungGen: 105568K->96K(102912K)] 107472K->2000K(278016K), 0,0004757 secs] [Times: user=0,00 sys=0,00, real=0,00 secs] 
99,746: [GC (Allocation Failure) [PSYoungGen: 102496K->96K(99840K)] 104400K->2000K(274944K), 0,0004865 secs] [Times: user=0,00 sys=0,00, real=0,00 secs] 
99,793: [GC (Allocation Failure) [PSYoungGen: 99424K->64K(97280K)] 101328K->1968K(272384K), 0,0004868 secs] [Times: user=0,00 sys=0,00, real=0,00 secs] 
99,838: [GC (Allocation Failure) [PSYoungGen: 96832K->96K(94720K)] 98736K->2000K(269824K), 0,0005115 secs] [Times: user=0,00 sys=0,00, real=0,00 secs] 
99,882: [GC (Allocation Failure) [PSYoungGen: 94304K->96K(92160K)] 96208K->2000K(267264K), 0,0004805 secs] [Times: user=0,00 sys=0,00, real=0,01 secs] 
99,925: [GC (Allocation Failure) [PSYoungGen: 91744K->96K(89600K)] 93648K->2000K(264704K), 0,0004962 secs] [Times: user=0,00 sys=0,00, real=0,00 secs] 
99,967: [GC (Allocation Failure) [PSYoungGen: 89184K->128K(107520K)] 91088K->2032K(282624K), 0,0005432 secs] [Times: user=0,00 sys=0,00, real=0,00 secs] 
100,017: [GC (Allocation Failure) [PSYoungGen: 107136K->96K(104448K)] 109040K->2000K(279552K), 0,0004778 secs] [Times: user=0,00 sys=0,00, real=0,00 secs] 
100,066: [GC (Allocation Failure) [PSYoungGen: 104032K->96K(101376K)] 105936K->2000K(276480K), 0,0005178 secs] [Times: user=0,00 sys=0,00, real=0,00 secs] 
100,113: [GC (Allocation Failure) [PSYoungGen: 100960K->96K(98816K)] 102864K->2000K(273920K), 0,0004642 secs] [Times: user=0,00 sys=0,00, real=0,00 secs] 
100,159: [GC (Allocation Failure) [PSYoungGen: 98400K->32K(118784K)] 100304K->1936K(293888K), 0,0010764 secs] [Times: user=0,00 sys=0,00, real=0,00 secs] 
100,215: [GC (Allocation Failure) [PSYoungGen: 118304K->96K(142848K)] 120208K->2000K(317952K), 0,0004945 secs] [Times: user=0,00 sys=0,00, real=0,00 secs] 
100,281: [GC (Allocation Failure) [PSYoungGen: 142431K->96K(171520K)] 144336K->2000K(346624K), 0,0005342 secs] [Times: user=0,00 sys=0,00, real=0,00 secs] 
Heap
 PSYoungGen      total 171520K, used 28297K [0x000000076ab00000, 0x000000079c480000, 0x00000007c0000000)
  eden space 171008K, 16% used [0x000000076ab00000,0x000000076c68a6a0,0x0000000775200000)
  from space 512K, 18% used [0x000000079c400000,0x000000079c418000,0x000000079c480000)
  to   space 512K, 0% used [0x000000079c380000,0x000000079c380000,0x000000079c400000)
 ParOldGen       total 175104K, used 1904K [0x00000006c0000000, 0x00000006cab00000, 0x000000076ab00000)
  object space 175104K, 1% used [0x00000006c0000000,0x00000006c01dc0c0,0x00000006cab00000)
 Metaspace       used 9600K, capacity 9892K, committed 10112K, reserved 1058816K
  class space    used 1014K, capacity 1108K, committed 1152K, reserved 1048576K
