OpenJDK 64-Bit Server VM (25.202-b05) for bsd-amd64 JRE (Zulu 8.36.0.1-CA-macosx) (1.8.0_202-b05), built on Jan 29 2019 06:07:09 by "zulu_re" with gcc 4.2.1 (Based on Apple Inc. build 5658) (LLVM build 2336.11.00)
Memory: 4k page, physical 16777216k(3612780k free)

/proc/meminfo:

CommandLine flags: -XX:InitialHeapSize=268435456 -XX:MaxHeapSize=4294967296 -XX:+PrintGC -XX:+PrintGCDetails -XX:+PrintGCTimeStamps -XX:+UseCompressedClassPointers -XX:+UseCompressedOops -XX:+UseParallelGC 
Heap
 PSYoungGen      total 76288K, used 35665K [0x000000076ab00000, 0x0000000770000000, 0x00000007c0000000)
  eden space 65536K, 54% used [0x000000076ab00000,0x000000076cdd4418,0x000000076eb00000)
  from space 10752K, 0% used [0x000000076f580000,0x000000076f580000,0x0000000770000000)
  to   space 10752K, 0% used [0x000000076eb00000,0x000000076eb00000,0x000000076f580000)
 ParOldGen       total 175104K, used 0K [0x00000006c0000000, 0x00000006cab00000, 0x000000076ab00000)
  object space 175104K, 0% used [0x00000006c0000000,0x00000006c0000000,0x00000006cab00000)
 Metaspace       used 7653K, capacity 8005K, committed 8192K, reserved 1056768K
  class space    used 852K, capacity 948K, committed 1024K, reserved 1048576K
K(1067008K)], 0,0288792 secs] [Times: user=0,08 sys=0,00, real=0,03 secs] 
4,555: [GC (Allocation Failure) [PSYoungGen: 65536K->1354K(76288K)] 71378K->7205K(189440K), 0,0034729 secs] [Times: user=0,01 sys=0,00, real=0,00 secs] 
5,893: [GC (Allocation Failure) [PSYoungGen: 66890K->2444K(76288K)] 72741K->8302K(189440K), 0,0022656 secs] [Times: user=0,01 sys=0,00, real=0,00 secs] 
6,218: [GC (Allocation Failure) [PSYoungGen: 67980K->3120K(94720K)] 73838K->8978K(207872K), 0,0033948 secs] [Times: user=0,01 sys=0,00, real=0,01 secs] 
6,677: [GC (Allocation Failure) [PSYoungGen: 89136K->4011K(94208K)] 94994K->9878K(207360K), 0,0049946 secs] [Times: user=0,02 sys=0,00, real=0,01 secs] 
6,835: [GC (Allocation Failure) [PSYoungGen: 90027K->3760K(131072K)] 95894K->9634K(244224K), 0,0040680 secs] [Times: user=0,01 sys=0,01, real=0,00 secs] 
7,051: [GC (Allocation Failure) [PSYoungGen: 127152K->3760K(131072K)] 133026K->9634K(244224K), 0,0044834 secs] [Times: user=0,02 sys=0,00, real=0,00 secs] 
7,187: [GC (Allocation Failure) [PSYoungGen: 127152K->3808K(175616K)] 133026K->9690K(288768K), 0,0048121 secs] [Times: user=0,01 sys=0,00, real=0,01 secs] 
7,314: [GC (Allocation Failure) [PSYoungGen: 172256K->3168K(175616K)] 178138K->9658K(288768K), 0,0038608 secs] [Times: user=0,01 sys=0,00, real=0,00 secs] 
7,402: [GC (Allocation Failure) [PSYoungGen: 171616K->928K(246272K)] 178106K->9679K(359424K), 0,0035172 secs] [Times: user=0,02 sys=0,00, real=0,00 secs] 
7,548: [GC (Allocation Failure) [PSYoungGen: 240544K->96K(246784K)] 249295K->9735K(359936K), 0,0017910 secs] [Times: user=0,00 sys=0,00, real=0,00 secs] 
7,674: [GC (Allocation Failure) [PSYoungGen: 239712K->96K(339968K)] 249351K->9751K(453120K), 0,0010835 secs] [Times: user=0,01 sys=0,00, real=0,00 secs] 
7,877: [GC (Allocation Failure) [PSYoungGen: 336992K->96K(344576K)] 346647K->9767K(457728K), 0,0011636 secs] [Times: user=0,00 sys=0,00, real=0,00 secs] 
8,041: [GC (Allocation Failure) [PSYoungGen: 336992K->96K(456704K)] 346663K->9775K(569856K), 0,0010529 secs] [Times: user=0,00 sys=0,00, real=0,00 secs] 
8,313: [GC (Allocation Failure) [PSYoungGen: 456288K->64K(464896K)] 465967K->9743K(578048K), 0,0011051 secs] [Times: user=0,00 sys=0,00, real=0,00 secs] 
8,541: [GC (Allocation Failure) [PSYoungGen: 457280K->64K(549888K)] 466959K->9751K(663040K), 0,0011019 secs] [Times: user=0,00 sys=0,00, real=0,00 secs] 
8,844: [GC (Allocation Failure) [PSYoungGen: 549440K->96K(556544K)] 559127K->9791K(669696K), 0,0011069 secs] [Times: user=0,01 sys=0,00, real=0,00 secs] 
9,110: [GC (Allocation Failure) [PSYoungGen: 549472K->64K(643584K)] 559167K->9759K(756736K), 0,0010454 secs] [Times: user=0,01 sys=0,00, real=0,01 secs] 
9,460: [GC (Allocation Failure) [PSYoungGen: 643136K->64K(651264K)] 652831K->9759K(764416K), 0,0011097 secs] [Times: user=0,00 sys=0,00, real=0,01 secs] 
9,773: [GC (Allocation Failure) [PSYoungGen: 644160K->64K(739328K)] 653855K->9759K(852480K), 0,0011373 secs] [Times: user=0,00 sys=0,00, real=0,00 secs] 
10,168: [GC (Allocation Failure) [PSYoungGen: 737856K->64K(744448K)] 747551K->9759K(857600K), 0,0010767 secs] [Times: user=0,00 sys=0,00, real=0,00 secs] 
10,529: [GC (Allocation Failure) [PSYoungGen: 737856K->160K(829952K)] 747551K->9855K(943104K), 0,0010769 secs] [Times: user=0,01 sys=0,00, real=0,00 secs] 
10,973: [GC (Allocation Failure) [PSYoungGen: 829600K->128K(836608K)] 839295K->9823K(949760K), 0,0011699 secs] [Times: user=0,01 sys=0,00, real=0,00 secs] 
11,382: [GC (Allocation Failure) [PSYoungGen: 831104K->128K(902656K)] 840799K->9823K(1015808K), 0,0011542 secs] [Times: user=0,01 sys=0,00, real=0,00 secs] 
11,847: [GC (Allocation Failure) [PSYoungGen: 899712K->160K(904704K)] 909407K->9855K(1017856K), 0,0012667 secs] [Times: user=0,00 sys=0,00, real=0,00 secs] 
12,285: [GC (Allocation Failure) [PSYoungGen: 899744K->128K(970240K)] 909439K->9823K(1083392K), 0,0012517 secs] [Times: user=0,00 sys=0,00, real=0,00 secs] 
12,780: [GC (Allocation Failure) [PSYoungGen: 968320K->128K(972800K)] 978015K->9823K(1085952K), 0,0011118 secs] [Times: user=0,00 sys=0,00, real=0,01 secs] 
13,248: [GC (Allocation Failure) [PSYoungGen: 968320K->96K(1038848K)] 978015K->9791K(1152000K), 0,0012615 secs] [Times: user=0,00 sys=0,00, real=0,00 secs] 
13,777: [GC (Allocation Failure) [PSYoungGen: 1036384K->128K(1040384K)] 1046079K->9823K(1153536K), 0,0011164 secs] [Times: user=0,01 sys=0,00, real=0,00 secs] 
14,279: [GC (Allocation Failure) [PSYoungGen: 1036416K->128K(1102848K)] 1046111K->9823K(1216000K), 0,0010908 secs] [Times: user=0,00 sys=0,00, real=0,00 secs] 
14,839: [GC (Allocation Failure) [PSYoungGen: 1102464K->128K(1105920K)] 1112159K->9823K(1219072K), 0,0011039 secs] [Times: user=0,00 sys=0,00, real=0,00 secs] 
15,373: [GC (Allocation Failure) [PSYoungGen: 1102464K->128K(1158656K)] 1112159K->9823K(1271808K), 0,0011415 secs] [Times: user=0,00 sys=0,00, real=0,00 secs] 
15,955: [GC (Allocation Failure) [PSYoungGen: 1157248K->128K(1160192K)] 1166943K->9823K(1273344K), 0,0010895 secs] [Times: user=0,01 sys=0,00, real=0,00 secs] 
16,518: [GC (Allocation Failure) [PSYoungGen: 1157248K->128K(1211904K)] 1166943K->9823K(1325056K), 0,0010899 secs] [Times: user=0,00 sys=0,00, real=0,00 secs] 
17,123: [GC (Allocation Failure) [PSYoungGen: 1210496K->128K(1213440K)] 1220191K->9823K(1326592K), 0,0011000 secs] [Times: user=0,01 sys=0,00, real=0,00 secs] 
17,710: [GC (Allocation Failure) [PSYoungGen: 1210496K->128K(1264640K)] 1220191K->9823K(1377792K), 0,0010593 secs] [Times: user=0,00 sys=0,00, real=0,01 secs] 
18,351: [GC (Allocation Failure) [PSYoungGen: 1263232K->96K(1265664K)] 1272927K->9855K(1378816K), 0,0011035 secs] [Times: user=0,00 sys=0,00, real=0,00 secs] 
18,967: [GC (Allocation Failure) [PSYoungGen: 1263200K->64K(1315840K)] 1272959K->9823K(1428992K), 0,0010642 secs] [Times: user=0,00 sys=0,00, real=0,00 secs] 
19,628: [GC (Allocation Failure) [PSYoungGen: 1315392K->64K(1317376K)] 1325151K->9823K(1430528K), 0,0030972 secs] [Times: user=0,00 sys=0,01, real=0,01 secs] 
20,264: [GC (Allocation Failure) [PSYoungGen: 1315392K->96K(1361920K)] 1325151K->9855K(1475072K), 0,0009943 secs] [Times: user=0,00 sys=0,00, real=0,00 secs] 
20,945: [GC (Allocation Failure) [PSYoungGen: 1361504K->96K(1363456K)] 1371263K->9855K(1476608K), 0,0010687 secs] [Times: user=0,00 sys=0,00, real=0,00 secs] 
21,603: [GC (Allocation Failure) [PSYoungGen: 1361504K->64K(1394688K)] 1371263K->9823K(1507840K), 0,0011064 secs] [Times: user=0,00 sys=0,00, real=0,00 secs] 
22,289: [GC (Allocation Failure) [PSYoungGen: 1393728K->64K(1395200K)] 1403487K->9823K(1508352K), 0,0011833 secs] [Times: user=0,00 sys=0,00, real=0,00 secs] 
22,960: [GC (Allocation Failure) [PSYoungGen: 1393728K->64K(1396224K)] 1403487K->9823K(1509376K), 0,0010392 secs] [Times: user=0,01 sys=0,00, real=0,01 secs] 
23,631: [GC (Allocation Failure) [PSYoungGen: 1394752K->96K(1396224K)] 1404511K->9855K(1509376K), 0,0010826 secs] [Times: user=0,01 sys=0,01, real=0,00 secs] 
24,303: [GC (Allocation Failure) [PSYoungGen: 1394784K->64K(1396224K)] 1404543K->9823K(1509376K), 0,0010963 secs] [Times: user=0,00 sys=0,00, real=0,00 secs] 
24,975: [GC (Allocation Failure) [PSYoungGen: 1394752K->64K(1396224K)] 1404511K->9823K(1509376K), 0,0010721 secs] [Times: user=0,00 sys=0,00, real=0,00 secs] 
25,648: [GC (Allocation Failure) [PSYoungGen: 1394752K->96K(1395200K)] 1404511K->9855K(1508352K), 0,0011122 secs] [Times: user=0,00 sys=0,00, real=0,00 secs] 
26,319: [GC (Allocation Failure) [PSYoungGen: 1394784K->64K(1395712K)] 1404543K->9823K(1508864K), 0,0010932 secs] [Times: user=0,00 sys=0,00, real=0,00 secs] 
26,990: [GC (Allocation Failure) [PSYoungGen: 1394752K->96K(1396736K)] 1404511K->9855K(1509888K), 0,0010905 secs] [Times: user=0,00 sys=0,00, real=0,01 secs] 
27,663: [GC (Allocation Failure) [PSYoungGen: 1395808K->96K(1396736K)] 1405567K->9855K(1509888K), 0,0010264 secs] [Times: user=0,01 sys=0,00, real=0,00 secs] 
28,341: [GC (Allocation Failure) [PSYoungGen: 1395808K->64K(1396736K)] 1405567K->9823K(1509888K), 0,0010846 secs] [Times: user=0,01 sys=0,00, real=0,00 secs] 
29,023: [GC (Allocation Failure) [PSYoungGen: 1395776K->64K(1396736K)] 1405535K->9823K(1509888K), 0,0009894 secs] [Times: user=0,01 sys=0,00, real=0,00 secs] 
29,721: [GC (Allocation Failure) [PSYoungGen: 1395776K->64K(1396736K)] 1405535K->9823K(1509888K), 0,0009913 secs] [Times: user=0,00 sys=0,00, real=0,00 secs] 
30,407: [GC (Allocation Failure) [PSYoungGen: 1395776K->64K(1396736K)] 1405535K->9831K(1509888K), 0,0010360 secs] [Times: user=0,00 sys=0,00, real=0,00 secs] 
31,107: [GC (Allocation Failure) [PSYoungGen: 1395776K->64K(1396736K)] 1405543K->9831K(1509888K), 0,0010114 secs] [Times: user=0,00 sys=0,00, real=0,00 secs] 
31,828: [GC (Allocation Failure) [PSYoungGen: 1395776K->96K(1396736K)] 1405543K->9863K(1509888K), 0,0010830 secs] [Times: user=0,01 sys=0,00, real=0,00 secs] 
32,558: [GC (Allocation Failure) [PSYoungGen: 1395808K->96K(1396736K)] 1405575K->9863K(1509888K), 0,0014564 secs] [Times: user=0,00 sys=0,00, real=0,00 secs] 
33,251: [GC (Allocation Failure) [PSYoungGen: 1396320K->96K(1396736K)] 1406087K->9863K(1509888K), 0,0010745 secs] [Times: user=0,00 sys=0,00, real=0,00 secs] 
33,949: [GC (Allocation Failure) [PSYoungGen: 1396320K->96K(1397248K)] 1406087K->9863K(1510400K), 0,0010106 secs] [Times: user=0,00 sys=0,00, real=0,00 secs] 
34,629: [GC (Allocation Failure) [PSYoungGen: 1396832K->64K(1397248K)] 1406599K->9831K(1510400K), 0,0010362 secs] [Times: user=0,00 sys=0,00, real=0,00 secs] 
35,302: [GC (Allocation Failure) [PSYoungGen: 1396800K->64K(1397248K)] 1406567K->9831K(1510400K), 0,0011013 secs] [Times: user=0,01 sys=0,00, real=0,00 secs] 
35,973: [GC (Allocation Failure) [PSYoungGen: 1396800K->64K(1397248K)] 1406567K->9831K(1510400K), 0,0010846 secs] [Times: user=0,00 sys=0,00, real=0,00 secs] 
36,646: [GC (Allocation Failure) [PSYoungGen: 1396800K->96K(1397248K)] 1406567K->9863K(1510400K), 0,0010323 secs] [Times: user=0,00 sys=0,00, real=0,00 secs] 
37,318: [GC (Allocation Failure) [PSYoungGen: 1396832K->64K(1332736K)] 1406599K->9831K(1445888K), 0,0010443 secs] [Times: user=0,01 sys=0,00, real=0,00 secs] 
37,960: [GC (Allocation Failure) [PSYoungGen: 1332288K->64K(1271296K)] 1342055K->9831K(1384448K), 0,0010912 secs] [Times: user=0,00 sys=0,00, real=0,01 secs] 
38,577: [GC (Allocation Failure) [PSYoungGen: 1270848K->96K(1212928K)] 1280615K->9863K(1326080K), 0,0010408 secs] [Times: user=0,01 sys=0,00, real=0,00 secs] 
39,161: [GC (Allocation Failure) [PSYoungGen: 1212512K->64K(1157632K)] 1222279K->9831K(1270784K), 0,0010215 secs] [Times: user=0,00 sys=0,00, real=0,00 secs] 
39,720: [GC (Allocation Failure) [PSYoungGen: 1157184K->96K(1104896K)] 1166951K->9863K(1218048K), 0,0010759 secs] [Times: user=0,00 sys=0,00, real=0,01 secs] 
40,253: [GC (Allocation Failure) [PSYoungGen: 1104480K->64K(1054720K)] 1114247K->9847K(1167872K), 0,0010780 secs] [Times: user=0,01 sys=0,00, real=0,00 secs] 
40,760: [GC (Allocation Failure) [PSYoungGen: 1054272K->96K(1007104K)] 1064055K->9879K(1120256K), 0,0010693 secs] [Times: user=0,01 sys=0,00, real=0,00 secs] 
41,252: [GC (Allocation Failure) [PSYoungGen: 1006688K->64K(962048K)] 1016471K->9847K(1075200K), 0,0010329 secs] [Times: user=0,00 sys=0,00, real=0,00 secs] 
41,716: [GC (Allocation Failure) [PSYoungGen: 961600K->64K(919040K)] 971383K->9847K(1032192K), 0,0010959 secs] [Times: user=0,00 sys=0,00, real=0,00 secs] 
42,160: [GC (Allocation Failure) [PSYoungGen: 918592K->64K(878080K)] 928375K->9847K(991232K), 0,0010344 secs] [Times: user=0,00 sys=0,00, real=0,01 secs] 
42,584: [GC (Allocation Failure) [PSYoungGen: 877632K->64K(839168K)] 887415K->9847K(952320K), 0,0011231 secs] [Times: user=0,01 sys=0,00, real=0,00 secs] 
42,989: [GC (Allocation Failure) [PSYoungGen: 838720K->96K(802304K)] 848503K->9879K(915456K), 0,0010754 secs] [Times: user=0,00 sys=0,00, real=0,00 secs] 
43,376: [GC (Allocation Failure) [PSYoungGen: 801888K->96K(766976K)] 811671K->9879K(880128K), 0,0010502 secs] [Times: user=0,00 sys=0,00, real=0,00 secs] 
43,747: [GC (Allocation Failure) [PSYoungGen: 766560K->64K(733696K)] 776343K->9847K(846848K), 0,0010975 secs] [Times: user=0,00 sys=0,00, real=0,00 secs] 
44,101: [GC (Allocation Failure) [PSYoungGen: 733248K->64K(701952K)] 743031K->9847K(815104K), 0,0010893 secs] [Times: user=0,01 sys=0,00, real=0,00 secs] 
44,438: [GC (Allocation Failure) [PSYoungGen: 701504K->64K(671744K)] 711287K->9847K(784896K), 0,0010886 secs] [Times: user=0,01 sys=0,00, real=0,00 secs] 
44,763: [GC (Allocation Failure) [PSYoungGen: 671296K->64K(643072K)] 681079K->9847K(756224K), 0,0011354 secs] [Times: user=0,00 sys=0,00, real=0,00 secs] 
45,073: [GC (Allocation Failure) [PSYoungGen: 642624K->64K(615936K)] 652407K->9847K(729088K), 0,0010662 secs] [Times: user=0,00 sys=0,00, real=0,00 secs] 
45,370: [GC (Allocation Failure) [PSYoungGen: 615488K->128K(589824K)] 625271K->9911K(702976K), 0,0010757 secs] [Times: user=0,00 sys=0,00, real=0,01 secs] 
45,655: [GC (Allocation Failure) [PSYoungGen: 589440K->96K(621568K)] 599223K->9879K(734720K), 0,0010811 secs] [Times: user=0,00 sys=0,00, real=0,00 secs] 
45,952: [GC (Allocation Failure) [PSYoungGen: 621152K->64K(655360K)] 630935K->9847K(768512K), 0,0010930 secs] [Times: user=0,00 sys=0,00, real=0,00 secs] 
46,266: [GC (Allocation Failure) [PSYoungGen: 654912K->96K(627712K)] 664695K->9903K(740864K), 0,0010925 secs] [Times: user=0,00 sys=0,00, real=0,00 secs] 
46,568: [GC (Allocation Failure) [PSYoungGen: 627296K->64K(601088K)] 637103K->9871K(714240K), 0,0010665 secs] [Times: user=0,01 sys=0,00, real=0,00 secs] 
46,857: [GC (Allocation Failure) [PSYoungGen: 600640K->64K(576000K)] 610447K->9871K(689152K), 0,0010424 secs] [Times: user=0,00 sys=0,00, real=0,00 secs] 
47,135: [GC (Allocation Failure) [PSYoungGen: 575552K->64K(551936K)] 585359K->9871K(665088K), 0,0010389 secs] [Times: user=0,00 sys=0,00, real=0,00 secs] 
47,403: [GC (Allocation Failure) [PSYoungGen: 551488K->64K(528896K)] 561295K->9871K(642048K), 0,0010408 secs] [Times: user=0,01 sys=0,00, real=0,00 secs] 
47,661: [GC (Allocation Failure) [PSYoungGen: 528448K->64K(560640K)] 538255K->9871K(673792K), 0,0012076 secs] [Times: user=0,00 sys=0,00, real=0,00 secs] 
47,934: [GC (Allocation Failure) [PSYoungGen: 560192K->64K(593920K)] 569999K->9871K(707072K), 0,0010230 secs] [Times: user=0,00 sys=0,00, real=0,00 secs] 
48,221: [GC (Allocation Failure) [PSYoungGen: 593472K->64K(629248K)] 603279K->9871K(742400K), 0,0011251 secs] [Times: user=0,01 sys=0,00, real=0,00 secs] 
48,529: [GC (Allocation Failure) [PSYoungGen: 628800K->64K(602624K)] 638607K->9871K(715776K), 0,0010497 secs] [Times: user=0,01 sys=0,00, real=0,01 secs] 
48,821: [GC (Allocation Failure) [PSYoungGen: 602176K->96K(577536K)] 611983K->9903K(690688K), 0,0011567 secs] [Times: user=0,00 sys=0,00, real=0,00 secs] 
49,100: [GC (Allocation Failure) [PSYoungGen: 577120K->64K(553472K)] 586927K->9871K(666624K), 0,0011181 secs] [Times: user=0,00 sys=0,00, real=0,01 secs] 
49,368: [GC (Allocation Failure) [PSYoungGen: 553024K->64K(587776K)] 562831K->9871K(700928K), 0,0013280 secs] [Times: user=0,00 sys=0,00, real=0,00 secs] 
49,655: [GC (Allocation Failure) [PSYoungGen: 587328K->64K(624128K)] 597135K->9871K(737280K), 0,0040298 secs] [Times: user=0,01 sys=0,00, real=0,00 secs] 
49,960: [GC (Allocation Failure) [PSYoungGen: 623680K->64K(598016K)] 633487K->9871K(711168K), 0,0010874 secs] [Times: user=0,00 sys=0,00, real=0,00 secs] 
50,249: [GC (Allocation Failure) [PSYoungGen: 597568K->64K(572928K)] 607375K->9871K(686080K), 0,0010877 secs] [Times: user=0,00 sys=0,00, real=0,00 secs] 
50,525: [GC (Allocation Failure) [PSYoungGen: 572480K->96K(548864K)] 582287K->9903K(662016K), 0,0010548 secs] [Times: user=0,00 sys=0,00, real=0,00 secs] 
50,790: [GC (Allocation Failure) [PSYoungGen: 548448K->128K(526336K)] 558255K->9935K(639488K), 0,0010915 secs] [Times: user=0,00 sys=0,00, real=0,01 secs] 
51,045: [GC (Allocation Failure) [PSYoungGen: 525952K->64K(504832K)] 535759K->9871K(617984K), 0,0011143 secs] [Times: user=0,00 sys=0,00, real=0,00 secs] 
51,288: [GC (Allocation Failure) [PSYoungGen: 504384K->96K(484352K)] 514191K->9903K(597504K), 0,0010815 secs] [Times: user=0,01 sys=0,00, real=0,00 secs] 
51,522: [GC (Allocation Failure) [PSYoungGen: 483936K->64K(515072K)] 493743K->9871K(628224K), 0,0010732 secs] [Times: user=0,00 sys=0,00, real=0,00 secs] 
51,770: [GC (Allocation Failure) [PSYoungGen: 514624K->64K(494080K)] 524431K->9871K(607232K), 0,0010674 secs] [Times: user=0,00 sys=0,00, real=0,01 secs] 
52,008: [GC (Allocation Failure) [PSYoungGen: 493632K->64K(474112K)] 503439K->9871K(587264K), 0,0010294 secs] [Times: user=0,00 sys=0,00, real=0,00 secs] 
52,237: [GC (Allocation Failure) [PSYoungGen: 473664K->64K(504832K)] 483471K->9871K(617984K), 0,0010892 secs] [Times: user=0,00 sys=0,00, real=0,00 secs] 
52,480: [GC (Allocation Failure) [PSYoungGen: 504384K->64K(537600K)] 514191K->9871K(650752K), 0,0010570 secs] [Times: user=0,01 sys=0,00, real=0,00 secs] 
52,740: [GC (Allocation Failure) [PSYoungGen: 537152K->64K(515584K)] 546959K->9871K(628736K), 0,0010720 secs] [Times: user=0,01 sys=0,00, real=0,01 secs] 
52,988: [GC (Allocation Failure) [PSYoungGen: 515136K->64K(494592K)] 524943K->9871K(607744K), 0,0010440 secs] [Times: user=0,01 sys=0,00, real=0,00 secs] 
53,227: [GC (Allocation Failure) [PSYoungGen: 494144K->64K(474624K)] 503951K->9871K(587776K), 0,0010709 secs] [Times: user=0,01 sys=0,00, real=0,00 secs] 
53,457: [GC (Allocation Failure) [PSYoungGen: 474176K->96K(506368K)] 483983K->9903K(619520K), 0,0012013 secs] [Times: user=0,00 sys=0,00, real=0,00 secs] 
53,702: [GC (Allocation Failure) [PSYoungGen: 505952K->64K(539648K)] 515759K->9871K(652800K), 0,0010812 secs] [Times: user=0,01 sys=0,00, real=0,00 secs] 
53,964: [GC (Allocation Failure) [PSYoungGen: 539200K->64K(517632K)] 549007K->9871K(630784K), 0,0010334 secs] [Times: user=0,00 sys=0,00, real=0,00 secs] 
54,214: [GC (Allocation Failure) [PSYoungGen: 517184K->96K(496640K)] 526991K->9927K(609792K), 0,0010897 secs] [Times: user=0,00 sys=0,00, real=0,00 secs] 
54,455: [GC (Allocation Failure) [PSYoungGen: 496224K->64K(476672K)] 506055K->9895K(589824K), 0,0010259 secs] [Times: user=0,00 sys=0,00, real=0,00 secs] 
54,686: [GC (Allocation Failure) [PSYoungGen: 476224K->64K(457728K)] 486055K->9895K(570880K), 0,0010587 secs] [Times: user=0,01 sys=0,00, real=0,00 secs] 
54,908: [GC (Allocation Failure) [PSYoungGen: 457280K->64K(439296K)] 467111K->9895K(552448K), 0,0010766 secs] [Times: user=0,00 sys=0,00, real=0,00 secs] 
55,119: [GC (Allocation Failure) [PSYoungGen: 438848K->64K(468992K)] 448679K->9895K(582144K), 0,0011011 secs] [Times: user=0,00 sys=0,00, real=0,01 secs] 
55,345: [GC (Allocation Failure) [PSYoungGen: 468544K->64K(500736K)] 478375K->9895K(613888K), 0,0010968 secs] [Times: user=0,00 sys=0,00, real=0,00 secs] 
55,587: [GC (Allocation Failure) [PSYoungGen: 500288K->64K(480256K)] 510119K->9895K(593408K), 0,0010746 secs] [Times: user=0,00 sys=0,00, real=0,00 secs] 
55,819: [GC (Allocation Failure) [PSYoungGen: 479808K->64K(460800K)] 489639K->9895K(573952K), 0,0011152 secs] [Times: user=0,01 sys=0,00, real=0,00 secs] 
56,041: [GC (Allocation Failure) [PSYoungGen: 460352K->64K(492544K)] 470183K->9895K(605696K), 0,0011228 secs] [Times: user=0,00 sys=0,00, real=0,00 secs] 
56,279: [GC (Allocation Failure) [PSYoungGen: 492096K->64K(472576K)] 501927K->9895K(585728K), 0,0010679 secs] [Times: user=0,00 sys=0,00, real=0,01 secs] 
56,509: [GC (Allocation Failure) [PSYoungGen: 472128K->64K(453632K)] 481959K->9895K(566784K), 0,0010571 secs] [Times: user=0,00 sys=0,00, real=0,00 secs] 
56,728: [GC (Allocation Failure) [PSYoungGen: 453184K->96K(435712K)] 463015K->9935K(548864K), 0,0011460 secs] [Times: user=0,00 sys=0,00, real=0,00 secs] 
56,939: [GC (Allocation Failure) [PSYoungGen: 435296K->64K(418304K)] 445135K->9903K(531456K), 0,0010567 secs] [Times: user=0,01 sys=0,00, real=0,01 secs] 
57,142: [GC (Allocation Failure) [PSYoungGen: 417856K->64K(448000K)] 427695K->9903K(561152K), 0,0010815 secs] [Times: user=0,00 sys=0,00, real=0,00 secs] 
57,358: [GC (Allocation Failure) [PSYoungGen: 447552K->64K(479744K)] 457391K->9903K(592896K), 0,0010777 secs] [Times: user=0,00 sys=0,00, real=0,00 secs] 
57,591: [GC (Allocation Failure) [PSYoungGen: 479296K->64K(460288K)] 489135K->9903K(573440K), 0,0010719 secs] [Times: user=0,00 sys=0,00, real=0,00 secs] 
57,814: [GC (Allocation Failure) [PSYoungGen: 459840K->64K(441856K)] 469679K->9903K(555008K), 0,0011324 secs] [Times: user=0,01 sys=0,00, real=0,00 secs] 
58,029: [GC (Allocation Failure) [PSYoungGen: 441408K->64K(424448K)] 451247K->9903K(537600K), 0,0010741 secs] [Times: user=0,00 sys=0,00, real=0,00 secs] 
58,234: [GC (Allocation Failure) [PSYoungGen: 424000K->64K(407552K)] 433839K->9903K(520704K), 0,0010683 secs] [Times: user=0,00 sys=0,00, real=0,00 secs] 
58,433: [GC (Allocation Failure) [PSYoungGen: 407104K->64K(391680K)] 416943K->9903K(504832K), 0,0010131 secs] [Times: user=0,00 sys=0,00, real=0,00 secs] 
58,623: [GC (Allocation Failure) [PSYoungGen: 391232K->96K(419840K)] 401071K->9935K(532992K), 0,0010946 secs] [Times: user=0,00 sys=0,01, real=0,00 secs] 
58,827: [GC (Allocation Failure) [PSYoungGen: 419424K->96K(450560K)] 429263K->9935K(563712K), 0,0010944 secs] [Times: user=0,00 sys=0,00, real=0,00 secs] 
59,045: [GC (Allocation Failure) [PSYoungGen: 450144K->64K(482816K)] 459983K->9903K(595968K), 0,0010823 secs] [Times: user=0,00 sys=0,00, real=0,00 secs] 
59,278: [GC (Allocation Failure) [PSYoungGen: 482368K->64K(463360K)] 492207K->9903K(576512K), 0,0011325 secs] [Times: user=0,00 sys=0,00, real=0,00 secs] 
59,503: [GC (Allocation Failure) [PSYoungGen: 462912K->96K(444928K)] 472751K->9935K(558080K), 0,0010633 secs] [Times: user=0,00 sys=0,00, real=0,00 secs] 
59,717: [GC (Allocation Failure) [PSYoungGen: 444512K->64K(427520K)] 454351K->9903K(540672K), 0,0010714 secs] [Times: user=0,01 sys=0,00, real=0,00 secs] 
59,924: [GC (Allocation Failure) [PSYoungGen: 427071K->64K(410624K)] 436911K->9903K(523776K), 0,0010507 secs] [Times: user=0,00 sys=0,00, real=0,00 secs] 
60,121: [GC (Allocation Failure) [PSYoungGen: 410176K->96K(394752K)] 420015K->9935K(507904K), 0,0011273 secs] [Times: user=0,00 sys=0,00, real=0,00 secs] 
60,312: [GC (Allocation Failure) [PSYoungGen: 394336K->160K(423424K)] 404175K->9999K(536576K), 0,0010384 secs] [Times: user=0,00 sys=0,00, real=0,00 secs] 
60,518: [GC (Allocation Failure) [PSYoungGen: 423072K->128K(454144K)] 432911K->9967K(567296K), 0,0010916 secs] [Times: user=0,01 sys=0,00, real=0,00 secs] 
60,737: [GC (Allocation Failure) [PSYoungGen: 453760K->128K(436224K)] 463599K->9967K(549376K), 0,0011410 secs] [Times: user=0,01 sys=0,00, real=0,00 secs] 
60,951: [GC (Allocation Failure) [PSYoungGen: 435840K->128K(418816K)] 445679K->9967K(531968K), 0,0010686 secs] [Times: user=0,00 sys=0,00, real=0,00 secs] 
61,154: [GC (Allocation Failure) [PSYoungGen: 418432K->128K(402432K)] 428271K->9967K(515584K), 0,0011043 secs] [Times: user=0,00 sys=0,00, real=0,00 secs] 
61,348: [GC (Allocation Failure) [PSYoungGen: 402048K->96K(432128K)] 411887K->9935K(545280K), 0,0010732 secs] [Times: user=0,00 sys=0,00, real=0,00 secs] 
61,557: [GC (Allocation Failure) [PSYoungGen: 431712K->128K(415232K)] 441551K->9967K(528384K), 0,0010982 secs] [Times: user=0,00 sys=0,00, real=0,00 secs] 
61,757: [GC (Allocation Failure) [PSYoungGen: 414848K->128K(398848K)] 424687K->9967K(512000K), 0,0010784 secs] [Times: user=0,01 sys=0,00, real=0,00 secs] 
61,950: [GC (Allocation Failure) [PSYoungGen: 398464K->128K(428544K)] 408303K->9967K(541696K), 0,0011010 secs] [Times: user=0,00 sys=0,00, real=0,01 secs] 
62,157: [GC (Allocation Failure) [PSYoungGen: 428160K->128K(411648K)] 437999K->9967K(524800K), 0,0010508 secs] [Times: user=0,00 sys=0,00, real=0,00 secs] 
62,356: [GC (Allocation Failure) [PSYoungGen: 411264K->128K(395776K)] 421103K->9967K(508928K), 0,0010990 secs] [Times: user=0,00 sys=0,00, real=0,00 secs] 
62,548: [GC (Allocation Failure) [PSYoungGen: 395392K->128K(380416K)] 405231K->9967K(493568K), 0,0010528 secs] [Times: user=0,00 sys=0,00, real=0,00 secs] 
62,732: [GC (Allocation Failure) [PSYoungGen: 380032K->128K(409088K)] 389871K->9967K(522240K), 0,0011225 secs] [Times: user=0,00 sys=0,00, real=0,00 secs] 
62,930: [GC (Allocation Failure) [PSYoungGen: 408704K->128K(439808K)] 418543K->9967K(552960K), 0,0010874 secs] [Times: user=0,00 sys=0,00, real=0,01 secs] 
63,142: [GC (Allocation Failure) [PSYoungGen: 439424K->128K(422400K)] 449263K->9967K(535552K), 0,0011003 secs] [Times: user=0,00 sys=0,00, real=0,00 secs] 
63,346: [GC (Allocation Failure) [PSYoungGen: 422016K->96K(406016K)] 431855K->9959K(519168K), 0,0010361 secs] [Times: user=0,00 sys=0,00, real=0,00 secs] 
63,543: [GC (Allocation Failure) [PSYoungGen: 405600K->64K(390144K)] 415463K->9927K(503296K), 0,0010714 secs] [Times: user=0,01 sys=0,00, real=0,00 secs] 
63,731: [GC (Allocation Failure) [PSYoungGen: 389696K->64K(375296K)] 399559K->9927K(488448K), 0,0010710 secs] [Times: user=0,01 sys=0,00, real=0,00 secs] 
63,913: [GC (Allocation Failure) [PSYoungGen: 374847K->64K(404480K)] 384711K->9927K(517632K), 0,0012514 secs] [Times: user=0,00 sys=0,00, real=0,00 secs] 
64,108: [GC (Allocation Failure) [PSYoungGen: 404032K->64K(436224K)] 413895K->9927K(549376K), 0,0011598 secs] [Times: user=0,01 sys=0,00, real=0,00 secs] 
64,320: [GC (Allocation Failure) [PSYoungGen: 435776K->64K(469504K)] 445639K->9927K(582656K), 0,0010682 secs] [Times: user=0,00 sys=0,00, real=0,01 secs] 
64,547: [GC (Allocation Failure) [PSYoungGen: 469056K->64K(450560K)] 478919K->9927K(563712K), 0,0010776 secs] [Times: user=0,00 sys=0,00, real=0,00 secs] 
64,765: [GC (Allocation Failure) [PSYoungGen: 450112K->64K(432640K)] 459975K->9927K(545792K), 0,0010268 secs] [Times: user=0,00 sys=0,00, real=0,00 secs] 
64,974: [GC (Allocation Failure) [PSYoungGen: 432192K->64K(415744K)] 442055K->9927K(528896K), 0,0011452 secs] [Times: user=0,00 sys=0,00, real=0,00 secs] 
65,175: [GC (Allocation Failure) [PSYoungGen: 415296K->64K(399360K)] 425159K->9927K(512512K), 0,0011177 secs] [Times: user=0,00 sys=0,01, real=0,00 secs] 
65,367: [GC (Allocation Failure) [PSYoungGen: 398912K->64K(384000K)] 408775K->9927K(497152K), 0,0010788 secs] [Times: user=0,01 sys=0,00, real=0,00 secs] 
65,554: [GC (Allocation Failure) [PSYoungGen: 383552K->64K(369152K)] 393415K->9927K(482304K), 0,0010639 secs] [Times: user=0,00 sys=0,00, real=0,00 secs] 
65,731: [GC (Allocation Failure) [PSYoungGen: 368704K->32K(355328K)] 378567K->9895K(468480K), 0,0010876 secs] [Times: user=0,00 sys=0,00, real=0,00 secs] 
65,902: [GC (Allocation Failure) [PSYoungGen: 354848K->64K(382976K)] 364711K->9927K(496128K), 0,0010721 secs] [Times: user=0,01 sys=0,00, real=0,00 secs] 
66,087: [GC (Allocation Failure) [PSYoungGen: 382528K->64K(413184K)] 392391K->9927K(526336K), 0,0011160 secs] [Times: user=0,00 sys=0,00, real=0,00 secs] 
66,287: [GC (Allocation Failure) [PSYoungGen: 412736K->64K(445440K)] 422599K->9927K(558592K), 0,0011767 secs] [Times: user=0,00 sys=0,00, real=0,00 secs] 
66,502: [GC (Allocation Failure) [PSYoungGen: 444992K->64K(427520K)] 454855K->9927K(540672K), 0,0011457 secs] [Times: user=0,00 sys=0,00, real=0,00 secs] 
66,707: [GC (Allocation Failure) [PSYoungGen: 427071K->64K(410624K)] 436935K->9927K(523776K), 0,0010912 secs] [Times: user=0,01 sys=0,00, real=0,00 secs] 
66,906: [GC (Allocation Failure) [PSYoungGen: 410176K->32K(394752K)] 420039K->9895K(507904K), 0,0010754 secs] [Times: user=0,00 sys=0,00, real=0,00 secs] 
67,096: [GC (Allocation Failure) [PSYoungGen: 394272K->64K(379392K)] 404135K->9927K(492544K), 0,0011777 secs] [Times: user=0,00 sys=0,00, real=0,00 secs] 
67,279: [GC (Allocation Failure) [PSYoungGen: 378944K->64K(365056K)] 388807K->9927K(478208K), 0,0010204 secs] [Times: user=0,00 sys=0,00, real=0,01 secs] 
67,456: [GC (Allocation Failure) [PSYoungGen: 364608K->64K(394240K)] 374471K->9927K(507392K), 0,0013231 secs] [Times: user=0,00 sys=0,00, real=0,00 secs] 
67,648: [GC (Allocation Failure) [PSYoungGen: 393792K->64K(425472K)] 403655K->9927K(538624K), 0,0010575 secs] [Times: user=0,01 sys=0,00, real=0,00 secs] 
67,854: [GC (Allocation Failure) [PSYoungGen: 425024K->64K(408576K)] 434887K->9927K(521728K), 0,0010336 secs] [Times: user=0,00 sys=0,00, real=0,00 secs] 
68,050: [GC (Allocation Failure) [PSYoungGen: 408128K->64K(392704K)] 417991K->9927K(505856K), 0,0010930 secs] [Times: user=0,00 sys=0,00, real=0,00 secs] 
68,240: [GC (Allocation Failure) [PSYoungGen: 392256K->64K(377344K)] 402119K->9927K(490496K), 0,0010751 secs] [Times: user=0,00 sys=0,00, real=0,00 secs] 
68,425: [GC (Allocation Failure) [PSYoungGen: 376896K->64K(363008K)] 386759K->9927K(476160K), 0,0010680 secs] [Times: user=0,00 sys=0,00, real=0,00 secs] 
68,600: [GC (Allocation Failure) [PSYoungGen: 362560K->64K(349184K)] 372423K->9927K(462336K), 0,0010775 secs] [Times: user=0,01 sys=0,00, real=0,00 secs] 
68,770: [GC (Allocation Failure) [PSYoungGen: 348736K->64K(376832K)] 358599K->9927K(489984K), 0,0010868 secs] [Times: user=0,00 sys=0,00, real=0,01 secs] 
68,951: [GC (Allocation Failure) [PSYoungGen: 376384K->64K(406528K)] 386247K->9927K(519680K), 0,0010771 secs] [Times: user=0,00 sys=0,00, real=0,00 secs] 
69,148: [GC (Allocation Failure) [PSYoungGen: 406080K->96K(390656K)] 415943K->9959K(503808K), 0,0010713 secs] [Times: user=0,00 sys=0,00, real=0,00 secs] 
69,337: [GC (Allocation Failure) [PSYoungGen: 390240K->64K(375808K)] 400103K->9927K(488960K), 0,0010982 secs] [Times: user=0,00 sys=0,00, real=0,00 secs] 
69,520: [GC (Allocation Failure) [PSYoungGen: 375360K->64K(361472K)] 385223K->9927K(474624K), 0,0010686 secs] [Times: user=0,00 sys=0,00, real=0,01 secs] 
69,694: [GC (Allocation Failure) [PSYoungGen: 361024K->64K(347648K)] 370887K->9927K(460800K), 0,0010776 secs] [Times: user=0,00 sys=0,00, real=0,00 secs] 
69,862: [GC (Allocation Failure) [PSYoungGen: 347200K->64K(375296K)] 357063K->9927K(488448K), 0,0010737 secs] [Times: user=0,00 sys=0,00, real=0,00 secs] 
70,043: [GC (Allocation Failure) [PSYoungGen: 374848K->64K(405504K)] 384711K->9927K(518656K), 0,0011287 secs] [Times: user=0,00 sys=0,00, real=0,00 secs] 
70,239: [GC (Allocation Failure) [PSYoungGen: 405056K->64K(389632K)] 414919K->9927K(502784K), 0,0010805 secs] [Times: user=0,00 sys=0,00, real=0,01 secs] 
70,428: [GC (Allocation Failure) [PSYoungGen: 389184K->64K(374784K)] 399047K->9927K(487936K), 0,0010384 secs] [Times: user=0,00 sys=0,00, real=0,00 secs] 
70,610: [GC (Allocation Failure) [PSYoungGen: 374336K->64K(360448K)] 384199K->9927K(473600K), 0,0011007 secs] [Times: user=0,01 sys=0,00, real=0,01 secs] 
70,784: [GC (Allocation Failure) [PSYoungGen: 360000K->64K(346624K)] 369863K->9927K(459776K), 0,0010451 secs] [Times: user=0,00 sys=0,00, real=0,00 secs] 
70,956: [GC (Allocation Failure) [PSYoungGen: 346176K->96K(333824K)] 356039K->9959K(446976K), 0,0010781 secs] [Times: user=0,01 sys=0,00, real=0,00 secs] 
71,117: [GC (Allocation Failure) [PSYoungGen: 333408K->64K(360960K)] 343271K->9927K(474112K), 0,0011589 secs] [Times: user=0,00 sys=0,00, real=0,00 secs] 
71,292: [GC (Allocation Failure) [PSYoungGen: 360512K->64K(390144K)] 370375K->9927K(503296K), 0,0010831 secs] [Times: user=0,00 sys=0,00, real=0,00 secs] 
71,482: [GC (Allocation Failure) [PSYoungGen: 389696K->128K(421376K)] 399559K->9991K(534528K), 0,0010829 secs] [Times: user=0,01 sys=0,01, real=0,00 secs] 
71,686: [GC (Allocation Failure) [PSYoungGen: 420992K->96K(404992K)] 430855K->9959K(518144K), 0,0011251 secs] [Times: user=0,00 sys=0,00, real=0,00 secs] 
71,881: [GC (Allocation Failure) [PSYoungGen: 404576K->64K(389120K)] 414439K->9927K(502272K), 0,0011303 secs] [Times: user=0,00 sys=0,00, real=0,00 secs] 
72,069: [GC (Allocation Failure) [PSYoungGen: 388672K->64K(374272K)] 398535K->9927K(487424K), 0,0011131 secs] [Times: user=0,00 sys=0,00, real=0,01 secs] 
72,251: [GC (Allocation Failure) [PSYoungGen: 373824K->64K(359936K)] 383687K->9927K(473088K), 0,0010715 secs] [Times: user=0,00 sys=0,00, real=0,00 secs] 
72,426: [GC (Allocation Failure) [PSYoungGen: 359488K->64K(346112K)] 369351K->9927K(459264K), 0,0011160 secs] [Times: user=0,00 sys=0,00, real=0,00 secs] 
72,595: [GC (Allocation Failure) [PSYoungGen: 345664K->64K(333312K)] 355527K->9927K(446464K), 0,0010595 secs] [Times: user=0,00 sys=0,00, real=0,00 secs] 
72,756: [GC (Allocation Failure) [PSYoungGen: 332864K->96K(359936K)] 342727K->9959K(473088K), 0,0010560 secs] [Times: user=0,00 sys=0,00, real=0,00 secs] 
72,930: [GC (Allocation Failure) [PSYoungGen: 359520K->64K(389120K)] 369383K->9927K(502272K), 0,0011050 secs] [Times: user=0,00 sys=0,00, real=0,00 secs] 
73,118: [GC (Allocation Failure) [PSYoungGen: 388672K->64K(374272K)] 398535K->9943K(487424K), 0,0010762 secs] [Times: user=0,00 sys=0,00, real=0,00 secs] 
73,299: [GC (Allocation Failure) [PSYoungGen: 373824K->64K(359936K)] 383703K->9943K(473088K), 0,0011046 secs] [Times: user=0,00 sys=0,00, real=0,01 secs] 
73,473: [GC (Allocation Failure) [PSYoungGen: 359488K->64K(391168K)] 369367K->9943K(504320K), 0,0016793 secs] [Times: user=0,01 sys=0,00, real=0,00 secs] 
73,663: [GC (Allocation Failure) [PSYoungGen: 390720K->64K(424448K)] 400599K->9943K(537600K), 0,0010965 secs] [Times: user=0,00 sys=0,00, real=0,00 secs] 
73,867: [GC (Allocation Failure) [PSYoungGen: 424000K->64K(459264K)] 433879K->9943K(572416K), 0,0010696 secs] [Times: user=0,00 sys=0,00, real=0,00 secs] 
74,089: [GC (Allocation Failure) [PSYoungGen: 458816K->64K(440832K)] 468695K->9943K(553984K), 0,0011036 secs] [Times: user=0,00 sys=0,00, real=0,01 secs] 
74,302: [GC (Allocation Failure) [PSYoungGen: 440384K->96K(423424K)] 450263K->9975K(536576K), 0,0010620 secs] [Times: user=0,00 sys=0,00, real=0,00 secs] 
74,507: [GC (Allocation Failure) [PSYoungGen: 423008K->64K(407040K)] 432887K->9943K(520192K), 0,0010792 secs] [Times: user=0,00 sys=0,00, real=0,00 secs] 
74,704: [GC (Allocation Failure) [PSYoungGen: 406592K->64K(391168K)] 416471K->9943K(504320K), 0,0010761 secs] [Times: user=0,01 sys=0,00, real=0,00 secs] 
74,894: [GC (Allocation Failure) [PSYoungGen: 390720K->64K(376320K)] 400599K->9943K(489472K), 0,0010839 secs] [Times: user=0,00 sys=0,00, real=0,00 secs] 
75,076: [GC (Allocation Failure) [PSYoungGen: 375872K->64K(361984K)] 385751K->9943K(475136K), 0,0010663 secs] [Times: user=0,00 sys=0,00, real=0,00 secs] 
75,250: [GC (Allocation Failure) [PSYoungGen: 361536K->64K(348160K)] 371415K->9943K(461312K), 0,0010653 secs] [Times: user=0,00 sys=0,00, real=0,00 secs] 
75,419: [GC (Allocation Failure) [PSYoungGen: 347712K->64K(335360K)] 357591K->9943K(448512K), 0,0010648 secs] [Times: user=0,00 sys=0,00, real=0,01 secs] 
75,581: [GC (Allocation Failure) [PSYoungGen: 334912K->64K(323072K)] 344791K->9943K(436224K), 0,0010804 secs] [Times: user=0,00 sys=0,00, real=0,00 secs] 
75,737: [GC (Allocation Failure) [PSYoungGen: 322624K->64K(349696K)] 332503K->9943K(462848K), 0,0011078 secs] [Times: user=0,00 sys=0,00, real=0,00 secs] 
75,906: [GC (Allocation Failure) [PSYoungGen: 349248K->64K(378368K)] 359127K->9943K(491520K), 0,0010792 secs] [Times: user=0,00 sys=0,00, real=0,00 secs] 
76,090: [GC (Allocation Failure) [PSYoungGen: 377920K->64K(364032K)] 387799K->9943K(477184K), 0,0010682 secs] [Times: user=0,00 sys=0,00, real=0,00 secs] 
76,266: [GC (Allocation Failure) [PSYoungGen: 363584K->64K(394240K)] 373463K->9943K(507392K), 0,0013181 secs] [Times: user=0,01 sys=0,00, real=0,00 secs] 
76,457: [GC (Allocation Failure) [PSYoungGen: 393792K->96K(378880K)] 403671K->9975K(492032K), 0,0010674 secs] [Times: user=0,00 sys=0,00, real=0,00 secs] 
76,641: [GC (Allocation Failure) [PSYoungGen: 378464K->64K(364544K)] 388343K->9943K(477696K), 0,0010828 secs] [Times: user=0,00 sys=0,00, real=0,00 secs] 
76,817: [GC (Allocation Failure) [PSYoungGen: 364096K->64K(350720K)] 373975K->9943K(463872K), 0,0010905 secs] [Times: user=0,00 sys=0,00, real=0,00 secs] 
76,987: [GC (Allocation Failure) [PSYoungGen: 350272K->64K(337408K)] 360151K->9943K(450560K), 0,0011830 secs] [Times: user=0,00 sys=0,00, real=0,00 secs] 
77,151: [GC (Allocation Failure) [PSYoungGen: 336960K->64K(365056K)] 346839K->9943K(478208K), 0,0010722 secs] [Times: user=0,00 sys=0,00, real=0,00 secs] 
77,327: [GC (Allocation Failure) [PSYoungGen: 364607K->64K(351232K)] 374487K->9943K(464384K), 0,0010714 secs] [Times: user=0,01 sys=0,00, real=0,00 secs] 
77,497: [GC (Allocation Failure) [PSYoungGen: 350784K->64K(337920K)] 360663K->9943K(451072K), 0,0010872 secs] [Times: user=0,00 sys=0,00, real=0,00 secs] 
77,662: [GC (Allocation Failure) [PSYoungGen: 337471K->96K(325120K)] 347351K->9975K(438272K), 0,0010038 secs] [Times: user=0,00 sys=0,00, real=0,00 secs] 
77,819: [GC (Allocation Failure) [PSYoungGen: 324704K->96K(352256K)] 334583K->9975K(465408K), 0,0011703 secs] [Times: user=0,00 sys=0,00, real=0,01 secs] 
77,990: [GC (Allocation Failure) [PSYoungGen: 351840K->64K(381440K)] 361719K->9943K(494592K), 0,0010688 secs] [Times: user=0,01 sys=0,00, real=0,00 secs] 
78,175: [GC (Allocation Failure) [PSYoungGen: 380992K->64K(366592K)] 390871K->9943K(479744K), 0,0010612 secs] [Times: user=0,00 sys=0,00, real=0,00 secs] 
78,359: [GC (Allocation Failure) [PSYoungGen: 366144K->64K(352768K)] 376023K->9943K(465920K), 0,0010204 secs] [Times: user=0,01 sys=0,00, real=0,01 secs] 
78,530: [GC (Allocation Failure) [PSYoungGen: 352320K->64K(339456K)] 362199K->9943K(452608K), 0,0010128 secs] [Times: user=0,00 sys=0,00, real=0,00 secs] 
78,695: [GC (Allocation Failure) [PSYoungGen: 339008K->64K(326656K)] 348887K->9943K(439808K), 0,0010741 secs] [Times: user=0,01 sys=0,00, real=0,00 secs] 
78,853: [GC (Allocation Failure) [PSYoungGen: 326208K->64K(314880K)] 336087K->9943K(428032K), 0,0010666 secs] [Times: user=0,01 sys=0,00, real=0,00 secs] 
79,005: [GC (Allocation Failure) [PSYoungGen: 314432K->64K(303616K)] 324311K->9943K(416768K), 0,0010930 secs] [Times: user=0,00 sys=0,00, real=0,00 secs] 
79,152: [GC (Allocation Failure) [PSYoungGen: 303168K->64K(329216K)] 313047K->9943K(442368K), 0,0010783 secs] [Times: user=0,00 sys=0,00, real=0,00 secs] 
79,311: [GC (Allocation Failure) [PSYoungGen: 328768K->64K(357376K)] 338647K->9943K(470528K), 0,0010546 secs] [Times: user=0,00 sys=0,00, real=0,00 secs] 
79,485: [GC (Allocation Failure) [PSYoungGen: 356928K->64K(388608K)] 366807K->9943K(501760K), 0,0014213 secs] [Times: user=0,00 sys=0,00, real=0,00 secs] 
79,681: [GC (Allocation Failure) [PSYoungGen: 388160K->64K(421888K)] 398039K->9943K(535040K), 0,0038689 secs] [Times: user=0,00 sys=0,00, real=0,00 secs] 
79,890: [GC (Allocation Failure) [PSYoungGen: 421440K->64K(405504K)] 431319K->9943K(518656K), 0,0010573 secs] [Times: user=0,00 sys=0,00, real=0,01 secs] 
80,086: [GC (Allocation Failure) [PSYoungGen: 405056K->64K(389632K)] 414935K->9943K(502784K), 0,0011355 secs] [Times: user=0,01 sys=0,00, real=0,00 secs] 
80,275: [GC (Allocation Failure) [PSYoungGen: 389184K->64K(374784K)] 399063K->9943K(487936K), 0,0011196 secs] [Times: user=0,01 sys=0,00, real=0,00 secs] 
80,457: [GC (Allocation Failure) [PSYoungGen: 374336K->96K(360448K)] 384215K->9975K(473600K), 0,0010863 secs] [Times: user=0,00 sys=0,00, real=0,00 secs] 
80,631: [GC (Allocation Failure) [PSYoungGen: 360032K->96K(346624K)] 369911K->9975K(459776K), 0,0010986 secs] [Times: user=0,01 sys=0,00, real=0,00 secs] 
80,799: [GC (Allocation Failure) [PSYoungGen: 346208K->64K(333824K)] 356087K->9943K(446976K), 0,0010932 secs] [Times: user=0,01 sys=0,00, real=0,01 secs] 
80,965: [GC (Allocation Failure) [PSYoungGen: 333376K->64K(321536K)] 343255K->9943K(434688K), 0,0010948 secs] [Times: user=0,00 sys=0,00, real=0,00 secs] 
81,121: [GC (Allocation Failure) [PSYoungGen: 321088K->64K(309760K)] 330967K->9943K(422912K), 0,0011145 secs] [Times: user=0,00 sys=0,00, real=0,00 secs] 
81,271: [GC (Allocation Failure) [PSYoungGen: 309312K->96K(336896K)] 319191K->9975K(450048K), 0,0014000 secs] [Times: user=0,00 sys=0,00, real=0,00 secs] 
81,434: [GC (Allocation Failure) [PSYoungGen: 336480K->96K(366592K)] 346359K->9975K(479744K), 0,0010695 secs] [Times: user=0,00 sys=0,00, real=0,00 secs] 
81,612: [GC (Allocation Failure) [PSYoungGen: 366176K->64K(397824K)] 376055K->9943K(510976K), 0,0010958 secs] [Times: user=0,00 sys=0,00, real=0,00 secs] 
81,803: [GC (Allocation Failure) [PSYoungGen: 397376K->64K(382464K)] 407255K->9943K(495616K), 0,0010895 secs] [Times: user=0,00 sys=0,00, real=0,00 secs] 
81,988: [GC (Allocation Failure) [PSYoungGen: 382016K->64K(367616K)] 391895K->9943K(480768K), 0,0010840 secs] [Times: user=0,00 sys=0,00, real=0,00 secs] 
82,166: [GC (Allocation Failure) [PSYoungGen: 367168K->96K(353792K)] 377047K->9975K(466944K), 0,0011168 secs] [Times: user=0,00 sys=0,00, real=0,00 secs] 
82,338: [GC (Allocation Failure) [PSYoungGen: 353376K->64K(340480K)] 363255K->9943K(453632K), 0,0010708 secs] [Times: user=0,00 sys=0,00, real=0,00 secs] 
82,504: [GC (Allocation Failure) [PSYoungGen: 340032K->96K(327680K)] 349911K->9975K(440832K), 0,0011324 secs] [Times: user=0,00 sys=0,00, real=0,00 secs] 
82,664: [GC (Allocation Failure) [PSYoungGen: 327264K->96K(315392K)] 337143K->9975K(428544K), 0,0011149 secs] [Times: user=0,00 sys=0,00, real=0,00 secs] 
82,818: [GC (Allocation Failure) [PSYoungGen: 314976K->96K(304128K)] 324855K->9975K(417280K), 0,0010781 secs] [Times: user=0,00 sys=0,00, real=0,00 secs] 
82,966: [GC (Allocation Failure) [PSYoungGen: 303712K->96K(330240K)] 313591K->9991K(443392K), 0,0010957 secs] [Times: user=0,00 sys=0,00, real=0,00 secs] 
83,126: [GC (Allocation Failure) [PSYoungGen: 329824K->96K(358400K)] 339719K->9991K(471552K), 0,0010889 secs] [Times: user=0,01 sys=0,00, real=0,00 secs] 
83,300: [GC (Allocation Failure) [PSYoungGen: 357984K->64K(389632K)] 367879K->9959K(502784K), 0,0013327 secs] [Times: user=0,00 sys=0,00, real=0,01 secs] 
83,488: [GC (Allocation Failure) [PSYoungGen: 389184K->64K(422400K)] 399079K->9959K(535552K), 0,0010969 secs] [Times: user=0,00 sys=0,00, real=0,00 secs] 
83,693: [GC (Allocation Failure) [PSYoungGen: 421952K->64K(406016K)] 431847K->9959K(519168K), 0,0010885 secs] [Times: user=0,01 sys=0,00, real=0,00 secs] 
83,890: [GC (Allocation Failure) [PSYoungGen: 405568K->96K(390144K)] 415463K->9991K(503296K), 0,0010774 secs] [Times: user=0,01 sys=0,00, real=0,00 secs] 
84,086: [GC (Allocation Failure) [PSYoungGen: 389728K->64K(375296K)] 399623K->9959K(488448K), 0,0011140 secs] [Times: user=0,00 sys=0,00, real=0,00 secs] 
84,274: [GC (Allocation Failure) [PSYoungGen: 374848K->64K(360960K)] 384743K->9959K(474112K), 0,0010389 secs] [Times: user=0,00 sys=0,00, real=0,00 secs] 
84,456: [GC (Allocation Failure) [PSYoungGen: 360512K->64K(347136K)] 370407K->9959K(460288K), 0,0010710 secs] [Times: user=0,00 sys=0,00, real=0,00 secs] 
84,632: [GC (Allocation Failure) [PSYoungGen: 346688K->64K(334336K)] 356583K->9959K(447488K), 0,0014969 secs] [Times: user=0,00 sys=0,00, real=0,00 secs] 
84,799: [GC (Allocation Failure) [PSYoungGen: 333888K->64K(322048K)] 343783K->9959K(435200K), 0,0010850 secs] [Times: user=0,01 sys=0,00, real=0,01 secs] 
84,960: [GC (Allocation Failure) [PSYoungGen: 321600K->64K(310272K)] 331495K->9959K(423424K), 0,0011223 secs] [Times: user=0,00 sys=0,00, real=0,00 secs] 
85,115: [GC (Allocation Failure) [PSYoungGen: 309824K->64K(299008K)] 319719K->9959K(412160K), 0,0011019 secs] [Times: user=0,00 sys=0,00, real=0,00 secs] 
85,265: [GC (Allocation Failure) [PSYoungGen: 298560K->64K(325120K)] 308455K->9959K(438272K), 0,0012350 secs] [Times: user=0,01 sys=0,00, real=0,00 secs] 
85,428: [GC (Allocation Failure) [PSYoungGen: 324672K->64K(353280K)] 334567K->9959K(466432K), 0,0010286 secs] [Times: user=0,00 sys=0,00, real=0,00 secs] 
85,599: [GC (Allocation Failure) [PSYoungGen: 352832K->64K(339968K)] 362727K->9959K(453120K), 0,0010984 secs] [Times: user=0,00 sys=0,00, real=0,01 secs] 
85,763: [GC (Allocation Failure) [PSYoungGen: 339520K->64K(327168K)] 349415K->9959K(440320K), 0,0010896 secs] [Times: user=0,01 sys=0,00, real=0,00 secs] 
85,921: [GC (Allocation Failure) [PSYoungGen: 326720K->64K(314880K)] 336615K->9959K(428032K), 0,0010677 secs] [Times: user=0,01 sys=0,00, real=0,00 secs] 
86,073: [GC (Allocation Failure) [PSYoungGen: 314432K->64K(303616K)] 324327K->9959K(416768K), 0,0010419 secs] [Times: user=0,00 sys=0,00, real=0,00 secs] 
86,220: [GC (Allocation Failure) [PSYoungGen: 303168K->64K(292864K)] 313063K->9959K(406016K), 0,0010252 secs] [Times: user=0,00 sys=0,00, real=0,00 secs] 
86,362: [GC (Allocation Failure) [PSYoungGen: 292416K->64K(318464K)] 302311K->9959K(431616K), 0,0010629 secs] [Times: user=0,00 sys=0,00, real=0,00 secs] 
86,517: [GC (Allocation Failure) [PSYoungGen: 318016K->64K(346112K)] 327911K->9959K(459264K), 0,0010756 secs] [Times: user=0,00 sys=0,00, real=0,00 secs] 
86,685: [GC (Allocation Failure) [PSYoungGen: 345664K->64K(375808K)] 355559K->9959K(488960K), 0,0011511 secs] [Times: user=0,00 sys=0,00, real=0,00 secs] 
86,867: [GC (Allocation Failure) [PSYoungGen: 375360K->64K(361472K)] 385255K->9959K(474624K), 0,0011191 secs] [Times: user=0,00 sys=0,00, real=0,00 secs] 
87,042: [GC (Allocation Failure) [PSYoungGen: 361024K->64K(347648K)] 370919K->9959K(460800K), 0,0010606 secs] [Times: user=0,00 sys=0,00, real=0,00 secs] 
87,210: [GC (Allocation Failure) [PSYoungGen: 347200K->64K(334848K)] 357095K->9959K(448000K), 0,0010938 secs] [Times: user=0,00 sys=0,00, real=0,00 secs] 
87,372: [GC (Allocation Failure) [PSYoungGen: 334400K->64K(322560K)] 344295K->9959K(435712K), 0,0010661 secs] [Times: user=0,00 sys=0,00, real=0,00 secs] 
87,528: [GC (Allocation Failure) [PSYoungGen: 322112K->64K(310784K)] 332007K->9959K(423936K), 0,0010779 secs] [Times: user=0,00 sys=0,00, real=0,01 secs] 
87,679: [GC (Allocation Failure) [PSYoungGen: 310336K->64K(299520K)] 320231K->9959K(412672K), 0,0010749 secs] [Times: user=0,00 sys=0,00, real=0,01 secs] 
87,824: [GC (Allocation Failure) [PSYoungGen: 299072K->64K(325632K)] 308967K->9959K(438784K), 0,0011049 secs] [Times: user=0,00 sys=0,00, real=0,00 secs] 
87,982: [GC (Allocation Failure) [PSYoungGen: 325184K->64K(313856K)] 335079K->9959K(427008K), 0,0010698 secs] [Times: user=0,00 sys=0,00, real=0,00 secs] 
88,134: [GC (Allocation Failure) [PSYoungGen: 313408K->64K(302592K)] 323303K->9959K(415744K), 0,0010662 secs] [Times: user=0,00 sys=0,00, real=0,00 secs] 
88,281: [GC (Allocation Failure) [PSYoungGen: 302144K->64K(328704K)] 312039K->9959K(441856K), 0,0010810 secs] [Times: user=0,00 sys=0,00, real=0,00 secs] 
88,442: [GC (Allocation Failure) [PSYoungGen: 328256K->64K(316416K)] 338151K->9959K(429568K), 0,0010525 secs] [Times: user=0,00 sys=0,00, real=0,00 secs] 
88,595: [GC (Allocation Failure) [PSYoungGen: 315968K->64K(304640K)] 325863K->9959K(417792K), 0,0010833 secs] [Times: user=0,00 sys=0,00, real=0,00 secs] 
88,743: [GC (Allocation Failure) [PSYoungGen: 304192K->64K(293888K)] 314087K->9959K(407040K), 0,0010252 secs] [Times: user=0,00 sys=0,00, real=0,00 secs] 
88,886: [GC (Allocation Failure) [PSYoungGen: 293440K->64K(319488K)] 303335K->9959K(432640K), 0,0011207 secs] [Times: user=0,00 sys=0,00, real=0,00 secs] 
89,049: [GC (Allocation Failure) [PSYoungGen: 319039K->64K(307712K)] 328935K->9959K(420864K), 0,0010287 secs] [Times: user=0,01 sys=0,00, real=0,01 secs] 
89,208: [GC (Allocation Failure) [PSYoungGen: 307264K->64K(296448K)] 317159K->9959K(409600K), 0,0009768 secs] [Times: user=0,01 sys=0,00, real=0,00 secs] 
89,363: [GC (Allocation Failure) [PSYoungGen: 296000K->64K(285696K)] 305895K->9959K(398848K), 0,0009890 secs] [Times: user=0,00 sys=0,00, real=0,00 secs] 
89,507: [GC (Allocation Failure) [PSYoungGen: 285248K->96K(275456K)] 295143K->9991K(388608K), 0,0010489 secs] [Times: user=0,01 sys=0,00, real=0,00 secs] 
89,646: [GC (Allocation Failure) [PSYoungGen: 275040K->96K(265728K)] 284935K->9991K(378880K), 0,0010488 secs] [Times: user=0,01 sys=0,00, real=0,00 secs] 
89,780: [GC (Allocation Failure) [PSYoungGen: 265312K->32K(289280K)] 275207K->9927K(402432K), 0,0010887 secs] [Times: user=0,00 sys=0,00, real=0,00 secs] 
89,925: [GC (Allocation Failure) [PSYoungGen: 288800K->64K(314880K)] 298695K->9959K(428032K), 0,0010282 secs] [Times: user=0,01 sys=0,01, real=0,00 secs] 
90,085: [GC (Allocation Failure) [PSYoungGen: 314432K->64K(342528K)] 324327K->9959K(455680K), 0,0011753 secs] [Times: user=0,01 sys=0,00, real=0,00 secs] 
90,257: [GC (Allocation Failure) [PSYoungGen: 342080K->64K(329728K)] 351975K->9959K(442880K), 0,0010033 secs] [Times: user=0,00 sys=0,00, real=0,00 secs] 
90,423: [GC (Allocation Failure) [PSYoungGen: 329280K->96K(317440K)] 339175K->9991K(430592K), 0,0010146 secs] [Times: user=0,00 sys=0,00, real=0,00 secs] 
90,577: [GC (Allocation Failure) [PSYoungGen: 317024K->64K(305664K)] 326919K->9959K(418816K), 0,0010711 secs] [Times: user=0,01 sys=0,00, real=0,00 secs] 
90,724: [GC (Allocation Failure) [PSYoungGen: 305216K->64K(294400K)] 315111K->9959K(407552K), 0,0010634 secs] [Times: user=0,01 sys=0,00, real=0,00 secs] 
90,870: [GC (Allocation Failure) [PSYoungGen: 293952K->64K(283648K)] 303847K->9959K(396800K), 0,0010856 secs] [Times: user=0,00 sys=0,00, real=0,00 secs] 
91,008: [GC (Allocation Failure) [PSYoungGen: 283200K->64K(308736K)] 293095K->9959K(421888K), 0,0011002 secs] [Times: user=0,00 sys=0,00, real=0,00 secs] 
91,157: [GC (Allocation Failure) [PSYoungGen: 308288K->128K(336384K)] 318183K->10023K(449536K), 0,0011992 secs] [Times: user=0,00 sys=0,00, real=0,00 secs] 
91,320: [GC (Allocation Failure) [PSYoungGen: 336000K->96K(366080K)] 345895K->9991K(479232K), 0,0010965 secs] [Times: user=0,01 sys=0,00, real=0,00 secs] 
91,498: [GC (Allocation Failure) [PSYoungGen: 365664K->64K(352256K)] 375559K->9959K(465408K), 0,0010840 secs] [Times: user=0,01 sys=0,00, real=0,00 secs] 
91,668: [GC (Allocation Failure) [PSYoungGen: 351808K->64K(338944K)] 361703K->9959K(452096K), 0,0010892 secs] [Times: user=0,00 sys=0,00, real=0,00 secs] 
91,831: [GC (Allocation Failure) [PSYoungGen: 338496K->64K(326144K)] 348391K->9959K(439296K), 0,0010437 secs] [Times: user=0,00 sys=0,00, real=0,00 secs] 
91,989: [GC (Allocation Failure) [PSYoungGen: 325696K->64K(314368K)] 335591K->9959K(427520K), 0,0010925 secs] [Times: user=0,00 sys=0,00, real=0,01 secs] 
92,141: [GC (Allocation Failure) [PSYoungGen: 313920K->64K(303104K)] 323815K->9959K(416256K), 0,0010731 secs] [Times: user=0,01 sys=0,00, real=0,00 secs] 
92,288: [GC (Allocation Failure) [PSYoungGen: 302656K->64K(292352K)] 312551K->9959K(405504K), 0,0010857 secs] [Times: user=0,01 sys=0,00, real=0,00 secs] 
92,429: [GC (Allocation Failure) [PSYoungGen: 291904K->64K(317952K)] 301799K->9959K(431104K), 0,0010780 secs] [Times: user=0,00 sys=0,00, real=0,01 secs] 
92,583: [GC (Allocation Failure) [PSYoungGen: 317504K->96K(306176K)] 327399K->9991K(419328K), 0,0010369 secs] [Times: user=0,01 sys=0,00, real=0,00 secs] 
92,732: [GC (Allocation Failure) [PSYoungGen: 305760K->96K(294912K)] 315655K->10007K(408064K), 0,0011001 secs] [Times: user=0,01 sys=0,00, real=0,00 secs] 
92,875: [GC (Allocation Failure) [PSYoungGen: 294496K->64K(321024K)] 304407K->9975K(434176K), 0,0010764 secs] [Times: user=0,00 sys=0,00, real=0,00 secs] 
93,030: [GC (Allocation Failure) [PSYoungGen: 320576K->64K(349184K)] 330487K->9975K(462336K), 0,0010772 secs] [Times: user=0,01 sys=0,00, real=0,00 secs] 
93,199: [GC (Allocation Failure) [PSYoungGen: 348736K->64K(335872K)] 358647K->9975K(449024K), 0,0010723 secs] [Times: user=0,01 sys=0,00, real=0,01 secs] 
93,363: [GC (Allocation Failure) [PSYoungGen: 335424K->64K(323584K)] 345335K->9975K(436736K), 0,0011190 secs] [Times: user=0,00 sys=0,00, real=0,00 secs] 
93,520: [GC (Allocation Failure) [PSYoungGen: 323136K->64K(311808K)] 333047K->9975K(424960K), 0,0011579 secs] [Times: user=0,00 sys=0,00, real=0,00 secs] 
93,671: [GC (Allocation Failure) [PSYoungGen: 311360K->64K(300544K)] 321271K->9975K(413696K), 0,0011042 secs] [Times: user=0,00 sys=0,00, real=0,00 secs] 
93,817: [GC (Allocation Failure) [PSYoungGen: 300096K->64K(327680K)] 310007K->9975K(440832K), 0,0011641 secs] [Times: user=0,00 sys=0,00, real=0,00 secs] 
93,975: [GC (Allocation Failure) [PSYoungGen: 327232K->64K(315392K)] 337143K->9975K(428544K), 0,0010445 secs] [Times: user=0,00 sys=0,00, real=0,00 secs] 
94,128: [GC (Allocation Failure) [PSYoungGen: 314944K->32K(304128K)] 324855K->9943K(417280K), 0,0011021 secs] [Times: user=0,01 sys=0,00, real=0,00 secs] 
94,275: [GC (Allocation Failure) [PSYoungGen: 303648K->64K(331264K)] 313559K->9975K(444416K), 0,0011016 secs] [Times: user=0,01 sys=0,00, real=0,00 secs] 
94,436: [GC (Allocation Failure) [PSYoungGen: 330816K->64K(318976K)] 340727K->9975K(432128K), 0,0010788 secs] [Times: user=0,01 sys=0,00, real=0,00 secs] 
94,591: [GC (Allocation Failure) [PSYoungGen: 318528K->64K(307200K)] 328439K->9975K(420352K), 0,0010579 secs] [Times: user=0,00 sys=0,00, real=0,00 secs] 
94,740: [GC (Allocation Failure) [PSYoungGen: 306752K->64K(295936K)] 316663K->9975K(409088K), 0,0010560 secs] [Times: user=0,01 sys=0,00, real=0,00 secs] 
94,884: [GC (Allocation Failure) [PSYoungGen: 295488K->64K(285184K)] 305399K->9975K(398336K), 0,0010694 secs] [Times: user=0,00 sys=0,00, real=0,00 secs] 
95,022: [GC (Allocation Failure) [PSYoungGen: 284735K->64K(310784K)] 294647K->9975K(423936K), 0,0011009 secs] [Times: user=0,00 sys=0,00, real=0,00 secs] 
95,172: [GC (Allocation Failure) [PSYoungGen: 310336K->64K(338432K)] 320247K->9975K(451584K), 0,0011308 secs] [Times: user=0,00 sys=0,00, real=0,00 secs] 
95,335: [GC (Allocation Failure) [PSYoungGen: 337984K->64K(325632K)] 347895K->9975K(438784K), 0,0010584 secs] [Times: user=0,01 sys=0,00, real=0,00 secs] 
95,492: [GC (Allocation Failure) [PSYoungGen: 325184K->64K(313856K)] 335095K->9975K(427008K), 0,0010185 secs] [Times: user=0,01 sys=0,00, real=0,00 secs] 
95,644: [GC (Allocation Failure) [PSYoungGen: 313408K->64K(302592K)] 323319K->9975K(415744K), 0,0010636 secs] [Times: user=0,00 sys=0,00, real=0,00 secs] 
95,791: [GC (Allocation Failure) [PSYoungGen: 302144K->64K(291840K)] 312055K->9975K(404992K), 0,0010702 secs] [Times: user=0,00 sys=0,00, real=0,00 secs] 
95,932: [GC (Allocation Failure) [PSYoungGen: 291392K->64K(281600K)] 301303K->9975K(394752K), 0,0010691 secs] [Times: user=0,00 sys=0,00, real=0,00 secs] 
96,069: [GC (Allocation Failure) [PSYoungGen: 281152K->64K(306688K)] 291063K->9975K(419840K), 0,0010786 secs] [Times: user=0,00 sys=0,00, real=0,01 secs] 
96,218: [GC (Allocation Failure) [PSYoungGen: 306240K->32K(334336K)] 316151K->9943K(447488K), 0,0011129 secs] [Times: user=0,00 sys=0,00, real=0,00 secs] 
96,380: [GC (Allocation Failure) [PSYoungGen: 333856K->64K(322048K)] 343767K->9975K(435200K), 0,0010209 secs] [Times: user=0,00 sys=0,00, real=0,00 secs] 
96,536: [GC (Allocation Failure) [PSYoungGen: 321600K->64K(310272K)] 331511K->9975K(423424K), 0,0010668 secs] [Times: user=0,00 sys=0,00, real=0,00 secs] 
96,686: [GC (Allocation Failure) [PSYoungGen: 309823K->64K(299008K)] 319735K->9975K(412160K), 0,0010734 secs] [Times: user=0,00 sys=0,00, real=0,00 secs] 
96,830: [GC (Allocation Failure) [PSYoungGen: 298560K->96K(288256K)] 308471K->10007K(401408K), 0,0010269 secs] [Times: user=0,00 sys=0,00, real=0,00 secs] 
96,970: [GC (Allocation Failure) [PSYoungGen: 287840K->64K(278016K)] 297751K->9975K(391168K), 0,0010926 secs] [Times: user=0,00 sys=0,00, real=0,00 secs] 
97,105: [GC (Allocation Failure) [PSYoungGen: 277568K->64K(303104K)] 287479K->9975K(416256K), 0,0010622 secs] [Times: user=0,01 sys=0,00, real=0,00 secs] 
97,252: [GC (Allocation Failure) [PSYoungGen: 302656K->64K(330240K)] 312567K->9975K(443392K), 0,0010857 secs] [Times: user=0,01 sys=0,00, real=0,00 secs] 
97,412: [GC (Allocation Failure) [PSYoungGen: 329792K->64K(359936K)] 339703K->9975K(473088K), 0,0011580 secs] [Times: user=0,01 sys=0,00, real=0,00 secs] 
97,587: [GC (Allocation Failure) [PSYoungGen: 359488K->64K(346112K)] 369399K->9975K(459264K), 0,0010310 secs] [Times: user=0,00 sys=0,00, real=0,00 secs] 
97,754: [GC (Allocation Failure) [PSYoungGen: 345664K->64K(333312K)] 355575K->9975K(446464K), 0,0010697 secs] [Times: user=0,00 sys=0,00, real=0,00 secs] 
97,915: [GC (Allocation Failure) [PSYoungGen: 332864K->64K(321024K)] 342775K->9975K(434176K), 0,0010921 secs] [Times: user=0,01 sys=0,00, real=0,00 secs] 
98,070: [GC (Allocation Failure) [PSYoungGen: 320576K->64K(309248K)] 330487K->9975K(422400K), 0,0010686 secs] [Times: user=0,00 sys=0,00, real=0,00 secs] 
98,221: [GC (Allocation Failure) [PSYoungGen: 308799K->64K(297984K)] 318711K->9975K(411136K), 0,0010776 secs] [Times: user=0,00 sys=0,00, real=0,00 secs] 
98,367: [GC (Allocation Failure) [PSYoungGen: 297536K->64K(287232K)] 307447K->9975K(400384K), 0,0010666 secs] [Times: user=0,00 sys=0,00, real=0,00 secs] 
98,507: [GC (Allocation Failure) [PSYoungGen: 286784K->64K(276992K)] 296695K->9975K(390144K), 0,0010595 secs] [Times: user=0,00 sys=0,00, real=0,00 secs] 
98,641: [GC (Allocation Failure) [PSYoungGen: 276544K->64K(301568K)] 286455K->9975K(414720K), 0,0010692 secs] [Times: user=0,00 sys=0,00, real=0,00 secs] 
98,788: [GC (Allocation Failure) [PSYoungGen: 301120K->64K(290816K)] 311031K->9975K(403968K), 0,0010639 secs] [Times: user=0,00 sys=0,00, real=0,00 secs] 
98,929: [GC (Allocation Failure) [PSYoungGen: 290368K->64K(316928K)] 300279K->9975K(430080K), 0,0010652 secs] [Times: user=0,00 sys=0,00, real=0,01 secs] 
99,082: [GC (Allocation Failure) [PSYoungGen: 316480K->64K(305152K)] 326391K->9975K(418304K), 0,0010130 secs] [Times: user=0,01 sys=0,00, real=0,00 secs] 
99,230: [GC (Allocation Failure) [PSYoungGen: 304704K->64K(293888K)] 314615K->9975K(407040K), 0,0010514 secs] [Times: user=0,01 sys=0,00, real=0,00 secs] 
99,373: [GC (Allocation Failure) [PSYoungGen: 293440K->64K(283648K)] 303351K->9975K(396800K), 0,0010677 secs] [Times: user=0,00 sys=0,00, real=0,00 secs] 
99,511: [GC (Allocation Failure) [PSYoungGen: 283200K->64K(309248K)] 293111K->9975K(422400K), 0,0010964 secs] [Times: user=0,00 sys=0,00, real=0,00 secs] 
99,661: [GC (Allocation Failure) [PSYoungGen: 308800K->64K(297984K)] 318711K->9975K(411136K), 0,0010815 secs] [Times: user=0,00 sys=0,00, real=0,00 secs] 
99,805: [GC (Allocation Failure) [PSYoungGen: 297536K->64K(287232K)] 307447K->9975K(400384K), 0,0010732 secs] [Times: user=0,01 sys=0,00, real=0,00 secs] 
99,944: [GC (Allocation Failure) [PSYoungGen: 286784K->64K(312832K)] 296695K->9975K(425984K), 0,0010834 secs] [Times: user=0,00 sys=0,00, real=0,00 secs] 
100,096: [GC (Allocation Failure) [PSYoungGen: 312384K->64K(301568K)] 322295K->9975K(414720K), 0,0010385 secs] [Times: user=0,00 sys=0,00, real=0,00 secs] 
100,242: [GC (Allocation Failure) [PSYoungGen: 301120K->64K(290816K)] 311031K->9975K(403968K), 0,0011048 secs] [Times: user=0,00 sys=0,00, real=0,00 secs] 
Heap
 PSYoungGen      total 290816K, used 151374K [0x000000076ab00000, 0x00000007c0000000, 0x00000007c0000000)
  eden space 290304K, 52% used [0x000000076ab00000,0x0000000773ec3818,0x000000077c680000)
  from space 512K, 12% used [0x00000007bff80000,0x00000007bff90000,0x00000007c0000000)
  to   space 512K, 0% used [0x00000007bff00000,0x00000007bff00000,0x00000007bff80000)
 ParOldGen       total 113152K, used 9911K [0x00000006c0000000, 0x00000006c6e80000, 0x000000076ab00000)
  object space 113152K, 8% used [0x00000006c0000000,0x00000006c09adf38,0x00000006c6e80000)
 Metaspace       used 24447K, capacity 33196K, committed 33536K, reserved 1075200K
  class space    used 5447K, capacity 8332K, committed 8448K, reserved 1048576K
