OpenJDK 64-Bit Server VM (25.202-b05) for bsd-amd64 JRE (Zulu 8.36.0.1-CA-macosx) (1.8.0_202-b05), built on Jan 29 2019 06:07:09 by "zulu_re" with gcc 4.2.1 (Based on Apple Inc. build 5658) (LLVM build 2336.11.00)
Memory: 4k page, physical 16777216k(3744088k free)

/proc/meminfo:

CommandLine flags: -XX:InitialHeapSize=268435456 -XX:MaxHeapSize=4294967296 -XX:+PrintGC -XX:+PrintGCDetails -XX:+PrintGCTimeStamps -XX:+UseCompressedClassPointers -XX:+UseCompressedOops -XX:+UseParallelGC 
Heap
 PSYoungGen      total 76288K, used 35677K [0x000000076ab00000, 0x0000000770000000, 0x00000007c0000000)
  eden space 65536K, 54% used [0x000000076ab00000,0x000000076cdd7530,0x000000076eb00000)
  from space 10752K, 0% used [0x000000076f580000,0x000000076f580000,0x0000000770000000)
  to   space 10752K, 0% used [0x000000076eb00000,0x000000076eb00000,0x000000076f580000)
 ParOldGen       total 175104K, used 0K [0x00000006c0000000, 0x00000006cab00000, 0x000000076ab00000)
  object space 175104K, 0% used [0x00000006c0000000,0x00000006c0000000,0x00000006cab00000)
 Metaspace       used 7653K, capacity 8005K, committed 8192K, reserved 1056768K
  class space    used 853K, capacity 948K, committed 1024K, reserved 1048576K
658: [GC (Allocation Failure) [PSYoungGen: 132656K->1616K(141824K)] 132680K->1648K(316928K), 0,0024946 secs] [Times: user=0,01 sys=0,00, real=0,01 secs] 
0,711: [GC (Allocation Failure) [PSYoungGen: 132688K->1616K(265216K)] 132720K->1648K(440320K), 0,0026422 secs] [Times: user=0,00 sys=0,00, real=0,00 secs] 
0,855: [GC (Allocation Failure) [PSYoungGen: 263760K->128K(265728K)] 263792K->1684K(440832K), 0,0018438 secs] [Times: user=0,01 sys=0,00, real=0,00 secs] 
0,953: [GC (Allocation Failure) [PSYoungGen: 262272K->96K(528384K)] 263828K->1668K(703488K), 0,0005185 secs] [Times: user=0,00 sys=0,00, real=0,00 secs] 
1,232: [GC (Allocation Failure) [PSYoungGen: 524384K->96K(528384K)] 525956K->1684K(703488K), 0,0008719 secs] [Times: user=0,00 sys=0,00, real=0,00 secs] 
1,414: [GC (Allocation Failure) [PSYoungGen: 524384K->96K(843264K)] 525972K->1684K(1018368K), 0,0005238 secs] [Times: user=0,00 sys=0,00, real=0,00 secs] 
1,819: [GC (Allocation Failure) [PSYoungGen: 839264K->96K(843264K)] 840852K->1692K(1018368K), 0,0009739 secs] [Times: user=0,00 sys=0,00, real=0,01 secs] 
2,110: [GC (Allocation Failure) [PSYoungGen: 839264K->96K(800768K)] 840860K->1692K(975872K), 0,0008472 secs] [Times: user=0,00 sys=0,00, real=0,00 secs] 
2,378: [GC (Allocation Failure) [PSYoungGen: 800352K->96K(767488K)] 801948K->1700K(942592K), 0,0005265 secs] [Times: user=0,00 sys=0,00, real=0,00 secs] 
2,634: [GC (Allocation Failure) [PSYoungGen: 763488K->96K(729088K)] 765092K->1700K(904192K), 0,0005398 secs] [Times: user=0,00 sys=0,01, real=0,00 secs] 
2,878: [GC (Allocation Failure) [PSYoungGen: 728672K->96K(698880K)] 730276K->1700K(873984K), 0,0005174 secs] [Times: user=0,00 sys=0,00, real=0,00 secs] 
3,113: [GC (Allocation Failure) [PSYoungGen: 695392K->96K(664064K)] 696996K->1708K(839168K), 0,0005385 secs] [Times: user=0,00 sys=0,00, real=0,00 secs] 
3,336: [GC (Allocation Failure) [PSYoungGen: 663648K->96K(637440K)] 665260K->1708K(812544K), 0,0005181 secs] [Times: user=0,00 sys=0,00, real=0,00 secs] 
3,548: [GC (Allocation Failure) [PSYoungGen: 633952K->96K(605696K)] 635564K->1708K(780800K), 0,0005381 secs] [Times: user=0,00 sys=0,00, real=0,00 secs] 
3,751: [GC (Allocation Failure) [PSYoungGen: 605280K->96K(581120K)] 606892K->1708K(756224K), 0,0006370 secs] [Times: user=0,00 sys=0,00, real=0,00 secs] 
3,946: [GC (Allocation Failure) [PSYoungGen: 578144K->96K(552960K)] 579756K->1708K(728064K), 0,0005382 secs] [Times: user=0,00 sys=0,00, real=0,00 secs] 
4,131: [GC (Allocation Failure) [PSYoungGen: 552544K->96K(530944K)] 554156K->1708K(706048K), 0,0005225 secs] [Times: user=0,00 sys=0,00, real=0,00 secs] 
4,307: [GC (Allocation Failure) [PSYoungGen: 527968K->96K(505344K)] 529580K->1708K(680448K), 0,0005480 secs] [Times: user=0,00 sys=0,00, real=0,00 secs] 
4,477: [GC (Allocation Failure) [PSYoungGen: 504928K->96K(485376K)] 506540K->1708K(660480K), 0,0005314 secs] [Times: user=0,00 sys=0,00, real=0,00 secs] 
4,638: [GC (Allocation Failure) [PSYoungGen: 482912K->96K(462336K)] 484524K->1708K(637440K), 0,0005357 secs] [Times: user=0,00 sys=0,00, real=0,00 secs] 
4,792: [GC (Allocation Failure) [PSYoungGen: 461920K->96K(443904K)] 463532K->1708K(619008K), 0,0005039 secs] [Times: user=0,00 sys=0,00, real=0,00 secs] 
4,941: [GC (Allocation Failure) [PSYoungGen: 441952K->96K(423424K)] 443564K->1708K(598528K), 0,0005287 secs] [Times: user=0,00 sys=0,00, real=0,00 secs] 
5,083: [GC (Allocation Failure) [PSYoungGen: 423008K->96K(407040K)] 424620K->1708K(582144K), 0,0005236 secs] [Times: user=0,00 sys=0,00, real=0,00 secs] 
5,219: [GC (Allocation Failure) [PSYoungGen: 405088K->64K(388096K)] 406700K->1676K(563200K), 0,0005352 secs] [Times: user=0,00 sys=0,00, real=0,00 secs] 
5,349: [GC (Allocation Failure) [PSYoungGen: 387647K->96K(373248K)] 389260K->1708K(548352K), 0,0005166 secs] [Times: user=0,00 sys=0,00, real=0,01 secs] 
5,474: [GC (Allocation Failure) [PSYoungGen: 371296K->96K(356352K)] 372908K->1716K(531456K), 0,0005815 secs] [Times: user=0,00 sys=0,00, real=0,00 secs] 
5,593: [GC (Allocation Failure) [PSYoungGen: 355936K->96K(342528K)] 357556K->1716K(517632K), 0,0005184 secs] [Times: user=0,00 sys=0,00, real=0,00 secs] 
5,708: [GC (Allocation Failure) [PSYoungGen: 341088K->64K(327680K)] 342708K->1684K(502784K), 0,0005708 secs] [Times: user=0,00 sys=0,00, real=0,00 secs] 
5,817: [GC (Allocation Failure) [PSYoungGen: 327232K->96K(315392K)] 328852K->1716K(490496K), 0,0005476 secs] [Times: user=0,00 sys=0,00, real=0,00 secs] 
5,923: [GC (Allocation Failure) [PSYoungGen: 313952K->96K(301568K)] 315572K->1716K(476672K), 0,0005254 secs] [Times: user=0,00 sys=0,00, real=0,00 secs] 
6,025: [GC (Allocation Failure) [PSYoungGen: 301152K->96K(290304K)] 302772K->1716K(465408K), 0,0005049 secs] [Times: user=0,01 sys=0,00, real=0,00 secs] 
6,122: [GC (Allocation Failure) [PSYoungGen: 288864K->96K(278016K)] 290484K->1716K(453120K), 0,0005820 secs] [Times: user=0,00 sys=0,00, real=0,00 secs] 
6,216: [GC (Allocation Failure) [PSYoungGen: 277600K->96K(267776K)] 279220K->1716K(442880K), 0,0005228 secs] [Times: user=0,00 sys=0,00, real=0,00 secs] 
6,305: [GC (Allocation Failure) [PSYoungGen: 266848K->96K(257024K)] 268468K->1716K(432128K), 0,0005162 secs] [Times: user=0,00 sys=0,00, real=0,00 secs] 
6,392: [GC (Allocation Failure) [PSYoungGen: 256608K->64K(247808K)] 258228K->1684K(422912K), 0,0006855 secs] [Times: user=0,00 sys=0,00, real=0,00 secs] 
6,475: [GC (Allocation Failure) [PSYoungGen: 246848K->64K(237568K)] 248468K->1684K(412672K), 0,0005871 secs] [Times: user=0,00 sys=0,00, real=0,00 secs] 
6,554: [GC (Allocation Failure) [PSYoungGen: 237119K->96K(228864K)] 238740K->1716K(403968K), 0,0005453 secs] [Times: user=0,00 sys=0,00, real=0,00 secs] 
6,631: [GC (Allocation Failure) [PSYoungGen: 227936K->96K(219648K)] 229556K->1716K(394752K), 0,0005152 secs] [Times: user=0,00 sys=0,00, real=0,00 secs] 
6,705: [GC (Allocation Failure) [PSYoungGen: 219232K->96K(211968K)] 220852K->1716K(387072K), 0,0005011 secs] [Times: user=0,00 sys=0,00, real=0,00 secs] 
6,776: [GC (Allocation Failure) [PSYoungGen: 211040K->96K(203776K)] 212660K->1716K(378880K), 0,0005204 secs] [Times: user=0,00 sys=0,00, real=0,00 secs] 
6,845: [GC (Allocation Failure) [PSYoungGen: 203360K->96K(196608K)] 204980K->1716K(371712K), 0,0005055 secs] [Times: user=0,00 sys=0,00, real=0,00 secs] 
6,911: [GC (Allocation Failure) [PSYoungGen: 195680K->64K(188928K)] 197300K->1684K(364032K), 0,0005087 secs] [Times: user=0,01 sys=0,00, real=0,00 secs] 
6,974: [GC (Allocation Failure) [PSYoungGen: 188480K->96K(182272K)] 190100K->1716K(357376K), 0,0005140 secs] [Times: user=0,00 sys=0,00, real=0,00 secs] 
7,036: [GC (Allocation Failure) [PSYoungGen: 181856K->96K(175616K)] 183476K->1716K(350720K), 0,0005068 secs] [Times: user=0,00 sys=0,00, real=0,00 secs] 
7,095: [GC (Allocation Failure) [PSYoungGen: 175200K->96K(169472K)] 176820K->1716K(344576K), 0,0004922 secs] [Times: user=0,00 sys=0,00, real=0,00 secs] 
7,152: [GC (Allocation Failure) [PSYoungGen: 169056K->64K(163840K)] 170676K->1684K(338944K), 0,0004908 secs] [Times: user=0,00 sys=0,00, real=0,00 secs] 
7,207: [GC (Allocation Failure) [PSYoungGen: 163392K->96K(158208K)] 165012K->1716K(333312K), 0,0004899 secs] [Times: user=0,00 sys=0,00, real=0,00 secs] 
7,260: [GC (Allocation Failure) [PSYoungGen: 157792K->64K(153088K)] 159412K->1684K(328192K), 0,0004868 secs] [Times: user=0,00 sys=0,00, real=0,00 secs] 
7,312: [GC (Allocation Failure) [PSYoungGen: 152640K->96K(147968K)] 154260K->1716K(323072K), 0,0005280 secs] [Times: user=0,00 sys=0,00, real=0,00 secs] 
7,362: [GC (Allocation Failure) [PSYoungGen: 147552K->96K(143360K)] 149172K->1716K(318464K), 0,0004923 secs] [Times: user=0,00 sys=0,00, real=0,00 secs] 
7,410: [GC (Allocation Failure) [PSYoungGen: 142944K->96K(138752K)] 144564K->1716K(313856K), 0,0004883 secs] [Times: user=0,00 sys=0,00, real=0,00 secs] 
7,456: [GC (Allocation Failure) [PSYoungGen: 138336K->96K(134144K)] 139956K->1716K(309248K), 0,0004705 secs] [Times: user=0,01 sys=0,00, real=0,00 secs] 
7,502: [GC (Allocation Failure) [PSYoungGen: 133728K->64K(130048K)] 135348K->1684K(305152K), 0,0004981 secs] [Times: user=0,00 sys=0,00, real=0,00 secs] 
7,546: [GC (Allocation Failure) [PSYoungGen: 129600K->96K(125952K)] 131220K->1716K(301056K), 0,0004925 secs] [Times: user=0,01 sys=0,00, real=0,00 secs] 
7,589: [GC (Allocation Failure) [PSYoungGen: 125536K->96K(121856K)] 127156K->1716K(296960K), 0,0005119 secs] [Times: user=0,00 sys=0,00, real=0,00 secs] 
7,630: [GC (Allocation Failure) [PSYoungGen: 121440K->96K(118272K)] 123060K->1716K(293376K), 0,0004542 secs] [Times: user=0,00 sys=0,00, real=0,00 secs] 
7,670: [GC (Allocation Failure) [PSYoungGen: 117856K->96K(141824K)] 119476K->1716K(316928K), 0,0004750 secs] [Times: user=0,00 sys=0,00, real=0,00 secs] 
7,718: [GC (Allocation Failure) [PSYoungGen: 141408K->96K(137216K)] 143028K->1716K(312320K), 0,0005027 secs] [Times: user=0,00 sys=0,00, real=0,00 secs] 
7,764: [GC (Allocation Failure) [PSYoungGen: 136800K->96K(164864K)] 138420K->1716K(339968K), 0,0005284 secs] [Times: user=0,01 sys=0,00, real=0,00 secs] 
7,819: [GC (Allocation Failure) [PSYoungGen: 164448K->96K(159232K)] 166068K->1716K(334336K), 0,0005000 secs] [Times: user=0,00 sys=0,00, real=0,01 secs] 
7,873: [GC (Allocation Failure) [PSYoungGen: 158816K->96K(154112K)] 160436K->1716K(329216K), 0,0005149 secs] [Times: user=0,01 sys=0,00, real=0,00 secs] 
7,925: [GC (Allocation Failure) [PSYoungGen: 153696K->96K(148992K)] 155316K->1716K(324096K), 0,0004924 secs] [Times: user=0,00 sys=0,00, real=0,00 secs] 
7,975: [GC (Allocation Failure) [PSYoungGen: 148576K->96K(143872K)] 150196K->1724K(318976K), 0,0004818 secs] [Times: user=0,00 sys=0,00, real=0,00 secs] 
8,024: [GC (Allocation Failure) [PSYoungGen: 143456K->96K(139264K)] 145084K->1724K(314368K), 0,0005400 secs] [Times: user=0,00 sys=0,00, real=0,00 secs] 
8,071: [GC (Allocation Failure) [PSYoungGen: 138848K->32K(134656K)] 140476K->1660K(309760K), 0,0005341 secs] [Times: user=0,00 sys=0,00, real=0,00 secs] 
8,116: [GC (Allocation Failure) [PSYoungGen: 134176K->96K(130560K)] 135804K->1724K(305664K), 0,0004867 secs] [Times: user=0,00 sys=0,00, real=0,00 secs] 
8,160: [GC (Allocation Failure) [PSYoungGen: 130144K->96K(126464K)] 131772K->1724K(301568K), 0,0004918 secs] [Times: user=0,00 sys=0,00, real=0,00 secs] 
8,202: [GC (Allocation Failure) [PSYoungGen: 126048K->96K(122368K)] 127676K->1724K(297472K), 0,0004717 secs] [Times: user=0,00 sys=0,00, real=0,00 secs] 
8,244: [GC (Allocation Failure) [PSYoungGen: 121951K->64K(146944K)] 123580K->1692K(322048K), 0,0005024 secs] [Times: user=0,00 sys=0,00, real=0,00 secs] 
8,293: [GC (Allocation Failure) [PSYoungGen: 146496K->96K(142336K)] 148124K->1724K(317440K), 0,0004354 secs] [Times: user=0,00 sys=0,00, real=0,00 secs] 
8,341: [GC (Allocation Failure) [PSYoungGen: 141920K->64K(137728K)] 143548K->1692K(312832K), 0,0004632 secs] [Times: user=0,00 sys=0,00, real=0,00 secs] 
8,388: [GC (Allocation Failure) [PSYoungGen: 137280K->96K(133120K)] 138908K->1724K(308224K), 0,0004974 secs] [Times: user=0,00 sys=0,00, real=0,00 secs] 
8,432: [GC (Allocation Failure) [PSYoungGen: 132703K->96K(129024K)] 134332K->1724K(304128K), 0,0004750 secs] [Times: user=0,00 sys=0,00, real=0,00 secs] 
8,475: [GC (Allocation Failure) [PSYoungGen: 128608K->96K(124928K)] 130236K->1724K(300032K), 0,0005288 secs] [Times: user=0,00 sys=0,00, real=0,00 secs] 
8,518: [GC (Allocation Failure) [PSYoungGen: 124512K->64K(150016K)] 126140K->1692K(325120K), 0,0004773 secs] [Times: user=0,01 sys=0,00, real=0,00 secs] 
8,568: [GC (Allocation Failure) [PSYoungGen: 149568K->96K(144896K)] 151196K->1724K(320000K), 0,0004816 secs] [Times: user=0,00 sys=0,00, real=0,00 secs] 
8,617: [GC (Allocation Failure) [PSYoungGen: 144480K->96K(140288K)] 146108K->1724K(315392K), 0,0004802 secs] [Times: user=0,01 sys=0,00, real=0,00 secs] 
8,664: [GC (Allocation Failure) [PSYoungGen: 139872K->64K(135680K)] 141500K->1692K(310784K), 0,0005306 secs] [Times: user=0,00 sys=0,00, real=0,00 secs] 
8,709: [GC (Allocation Failure) [PSYoungGen: 135232K->96K(131584K)] 136860K->1724K(306688K), 0,0004725 secs] [Times: user=0,00 sys=0,00, real=0,01 secs] 
8,754: [GC (Allocation Failure) [PSYoungGen: 131168K->96K(158208K)] 132796K->1724K(333312K), 0,0005574 secs] [Times: user=0,00 sys=0,00, real=0,00 secs] 
8,807: [GC (Allocation Failure) [PSYoungGen: 157792K->96K(189952K)] 159420K->1724K(365056K), 0,0005732 secs] [Times: user=0,00 sys=0,00, real=0,00 secs] 
8,871: [GC (Allocation Failure) [PSYoungGen: 189536K->96K(183296K)] 191164K->1724K(358400K), 0,0005066 secs] [Times: user=0,00 sys=0,00, real=0,00 secs] 
8,933: [GC (Allocation Failure) [PSYoungGen: 182880K->96K(176640K)] 184508K->1724K(351744K), 0,0004811 secs] [Times: user=0,00 sys=0,00, real=0,00 secs] 
8,993: [GC (Allocation Failure) [PSYoungGen: 176224K->96K(170496K)] 177852K->1724K(345600K), 0,0005432 secs] [Times: user=0,00 sys=0,00, real=0,00 secs] 
9,050: [GC (Allocation Failure) [PSYoungGen: 170080K->96K(164864K)] 171708K->1724K(339968K), 0,0004840 secs] [Times: user=0,00 sys=0,00, real=0,00 secs] 
9,105: [GC (Allocation Failure) [PSYoungGen: 164448K->96K(159232K)] 166076K->1724K(334336K), 0,0004854 secs] [Times: user=0,00 sys=0,00, real=0,00 secs] 
9,159: [GC (Allocation Failure) [PSYoungGen: 158816K->96K(154112K)] 160444K->1724K(329216K), 0,0005224 secs] [Times: user=0,00 sys=0,00, real=0,01 secs] 
9,211: [GC (Allocation Failure) [PSYoungGen: 153696K->64K(148992K)] 155324K->1692K(324096K), 0,0005616 secs] [Times: user=0,00 sys=0,00, real=0,00 secs] 
9,261: [GC (Allocation Failure) [PSYoungGen: 148544K->96K(143872K)] 150172K->1724K(318976K), 0,0004921 secs] [Times: user=0,00 sys=0,00, real=0,00 secs] 
9,310: [GC (Allocation Failure) [PSYoungGen: 143456K->96K(139264K)] 145084K->1724K(314368K), 0,0004964 secs] [Times: user=0,00 sys=0,00, real=0,00 secs] 
9,356: [GC (Allocation Failure) [PSYoungGen: 138848K->96K(134656K)] 140476K->1724K(309760K), 0,0004861 secs] [Times: user=0,00 sys=0,00, real=0,00 secs] 
9,402: [GC (Allocation Failure) [PSYoungGen: 134240K->96K(130560K)] 135868K->1724K(305664K), 0,0004784 secs] [Times: user=0,00 sys=0,00, real=0,00 secs] 
9,446: [GC (Allocation Failure) [PSYoungGen: 130144K->64K(126464K)] 131772K->1692K(301568K), 0,0004707 secs] [Times: user=0,00 sys=0,00, real=0,00 secs] 
9,488: [GC (Allocation Failure) [PSYoungGen: 126016K->96K(122368K)] 127644K->1724K(297472K), 0,0004930 secs] [Times: user=0,00 sys=0,00, real=0,00 secs] 
9,530: [GC (Allocation Failure) [PSYoungGen: 121952K->64K(146944K)] 123580K->1692K(322048K), 0,0005034 secs] [Times: user=0,01 sys=0,00, real=0,00 secs] 
9,579: [GC (Allocation Failure) [PSYoungGen: 146496K->96K(142336K)] 148124K->1724K(317440K), 0,0005299 secs] [Times: user=0,01 sys=0,00, real=0,01 secs] 
9,627: [GC (Allocation Failure) [PSYoungGen: 141920K->96K(137728K)] 143548K->1724K(312832K), 0,0004882 secs] [Times: user=0,00 sys=0,00, real=0,00 secs] 
9,673: [GC (Allocation Failure) [PSYoungGen: 137312K->96K(133120K)] 138940K->1724K(308224K), 0,0004740 secs] [Times: user=0,00 sys=0,00, real=0,00 secs] 
9,718: [GC (Allocation Failure) [PSYoungGen: 132704K->96K(129024K)] 134332K->1724K(304128K), 0,0004824 secs] [Times: user=0,00 sys=0,00, real=0,00 secs] 
9,763: [GC (Allocation Failure) [PSYoungGen: 128608K->96K(155136K)] 130236K->1724K(330240K), 0,0005448 secs] [Times: user=0,00 sys=0,00, real=0,00 secs] 
9,816: [GC (Allocation Failure) [PSYoungGen: 154720K->96K(150016K)] 156348K->1724K(325120K), 0,0005030 secs] [Times: user=0,00 sys=0,00, real=0,00 secs] 
9,867: [GC (Allocation Failure) [PSYoungGen: 149600K->64K(144896K)] 151228K->1692K(320000K), 0,0004853 secs] [Times: user=0,01 sys=0,00, real=0,00 secs] 
9,915: [GC (Allocation Failure) [PSYoungGen: 144448K->96K(140288K)] 146076K->1724K(315392K), 0,0004912 secs] [Times: user=0,00 sys=0,00, real=0,00 secs] 
9,963: [GC (Allocation Failure) [PSYoungGen: 139872K->96K(135680K)] 141500K->1724K(310784K), 0,0004688 secs] [Times: user=0,00 sys=0,00, real=0,00 secs] 
10,009: [GC (Allocation Failure) [PSYoungGen: 135264K->96K(131584K)] 136892K->1724K(306688K), 0,0004983 secs] [Times: user=0,00 sys=0,00, real=0,00 secs] 
10,053: [GC (Allocation Failure) [PSYoungGen: 131167K->64K(127488K)] 132796K->1692K(302592K), 0,0005044 secs] [Times: user=0,00 sys=0,00, real=0,00 secs] 
10,096: [GC (Allocation Failure) [PSYoungGen: 127040K->64K(153088K)] 128668K->1692K(328192K), 0,0006001 secs] [Times: user=0,00 sys=0,00, real=0,00 secs] 
10,148: [GC (Allocation Failure) [PSYoungGen: 152639K->64K(183808K)] 154268K->1692K(358912K), 0,0004836 secs] [Times: user=0,00 sys=0,00, real=0,00 secs] 
10,210: [GC (Allocation Failure) [PSYoungGen: 183360K->96K(177152K)] 184988K->1724K(352256K), 0,0005446 secs] [Times: user=0,00 sys=0,00, real=0,00 secs] 
10,276: [GC (Allocation Failure) [PSYoungGen: 176736K->160K(171008K)] 178364K->1796K(346112K), 0,0005021 secs] [Times: user=0,00 sys=0,00, real=0,00 secs] 
10,333: [GC (Allocation Failure) [PSYoungGen: 170656K->64K(164864K)] 172292K->1764K(339968K), 0,0005127 secs] [Times: user=0,00 sys=0,00, real=0,00 secs] 
10,389: [GC (Allocation Failure) [PSYoungGen: 164416K->64K(159232K)] 166116K->1764K(334336K), 0,0005091 secs] [Times: user=0,01 sys=0,00, real=0,01 secs] 
10,442: [GC (Allocation Failure) [PSYoungGen: 158784K->96K(154112K)] 160484K->1796K(329216K), 0,0004942 secs] [Times: user=0,00 sys=0,00, real=0,00 secs] 
10,494: [GC (Allocation Failure) [PSYoungGen: 153696K->64K(148992K)] 155396K->1764K(324096K), 0,0004925 secs] [Times: user=0,00 sys=0,00, real=0,00 secs] 
10,545: [GC (Allocation Failure) [PSYoungGen: 148544K->96K(143872K)] 150244K->1796K(318976K), 0,0005780 secs] [Times: user=0,00 sys=0,00, real=0,00 secs] 
10,593: [GC (Allocation Failure) [PSYoungGen: 143456K->64K(139264K)] 145156K->1764K(314368K), 0,0005535 secs] [Times: user=0,00 sys=0,00, real=0,00 secs] 
10,640: [GC (Allocation Failure) [PSYoungGen: 138816K->64K(167424K)] 140516K->1764K(342528K), 0,0006242 secs] [Times: user=0,00 sys=0,00, real=0,00 secs] 
10,697: [GC (Allocation Failure) [PSYoungGen: 166976K->96K(161792K)] 168676K->1796K(336896K), 0,0005087 secs] [Times: user=0,01 sys=0,00, real=0,00 secs] 
10,751: [GC (Allocation Failure) [PSYoungGen: 161376K->96K(156160K)] 163076K->1796K(331264K), 0,0005947 secs] [Times: user=0,00 sys=0,00, real=0,00 secs] 
10,804: [GC (Allocation Failure) [PSYoungGen: 155744K->96K(151040K)] 157444K->1796K(326144K), 0,0004877 secs] [Times: user=0,00 sys=0,00, real=0,00 secs] 
10,855: [GC (Allocation Failure) [PSYoungGen: 150624K->64K(145920K)] 152324K->1764K(321024K), 0,0005563 secs] [Times: user=0,00 sys=0,00, real=0,00 secs] 
10,905: [GC (Allocation Failure) [PSYoungGen: 145472K->96K(141312K)] 147172K->1796K(316416K), 0,0004919 secs] [Times: user=0,00 sys=0,00, real=0,00 secs] 
10,956: [GC (Allocation Failure) [PSYoungGen: 140896K->96K(136704K)] 142596K->1796K(311808K), 0,0005400 secs] [Times: user=0,00 sys=0,00, real=0,00 secs] 
11,002: [GC (Allocation Failure) [PSYoungGen: 136288K->32K(132608K)] 137988K->1732K(307712K), 0,0004943 secs] [Times: user=0,00 sys=0,00, real=0,00 secs] 
11,047: [GC (Allocation Failure) [PSYoungGen: 132128K->96K(128512K)] 133828K->1796K(303616K), 0,0004900 secs] [Times: user=0,00 sys=0,00, real=0,00 secs] 
11,092: [GC (Allocation Failure) [PSYoungGen: 128096K->64K(124416K)] 129796K->1764K(299520K), 0,0005696 secs] [Times: user=0,00 sys=0,00, real=0,00 secs] 
11,135: [GC (Allocation Failure) [PSYoungGen: 123968K->96K(149504K)] 125668K->1796K(324608K), 0,0004943 secs] [Times: user=0,00 sys=0,00, real=0,00 secs] 
11,185: [GC (Allocation Failure) [PSYoungGen: 149088K->96K(144384K)] 150788K->1796K(319488K), 0,0004885 secs] [Times: user=0,00 sys=0,00, real=0,00 secs] 
11,234: [GC (Allocation Failure) [PSYoungGen: 143968K->96K(139776K)] 145668K->1796K(314880K), 0,0004882 secs] [Times: user=0,00 sys=0,00, real=0,00 secs] 
11,282: [GC (Allocation Failure) [PSYoungGen: 139360K->96K(135168K)] 141060K->1796K(310272K), 0,0005210 secs] [Times: user=0,00 sys=0,00, real=0,00 secs] 
11,327: [GC (Allocation Failure) [PSYoungGen: 134752K->64K(162304K)] 136452K->1764K(337408K), 0,0009581 secs] [Times: user=0,01 sys=0,00, real=0,00 secs] 
11,384: [GC (Allocation Failure) [PSYoungGen: 161856K->64K(195072K)] 163556K->1764K(370176K), 0,0005026 secs] [Times: user=0,00 sys=0,00, real=0,00 secs] 
11,450: [GC (Allocation Failure) [PSYoungGen: 194624K->96K(233984K)] 196324K->1796K(409088K), 0,0005030 secs] [Times: user=0,00 sys=0,00, real=0,00 secs] 
11,528: [GC (Allocation Failure) [PSYoungGen: 233568K->96K(225280K)] 235268K->1796K(400384K), 0,0005376 secs] [Times: user=0,00 sys=0,00, real=0,00 secs] 
11,608: [GC (Allocation Failure) [PSYoungGen: 224864K->128K(217088K)] 226564K->1828K(392192K), 0,0009021 secs] [Times: user=0,00 sys=0,00, real=0,00 secs] 
11,681: [GC (Allocation Failure) [PSYoungGen: 216704K->96K(208896K)] 218404K->1796K(384000K), 0,0007401 secs] [Times: user=0,00 sys=0,00, real=0,00 secs] 
11,752: [GC (Allocation Failure) [PSYoungGen: 208480K->96K(201216K)] 210180K->1796K(376320K), 0,0005376 secs] [Times: user=0,00 sys=0,00, real=0,00 secs] 
11,820: [GC (Allocation Failure) [PSYoungGen: 200800K->64K(194048K)] 202500K->1764K(369152K), 0,0004925 secs] [Times: user=0,00 sys=0,00, real=0,00 secs] 
11,885: [GC (Allocation Failure) [PSYoungGen: 193600K->96K(186880K)] 195300K->1796K(361984K), 0,0004878 secs] [Times: user=0,00 sys=0,00, real=0,00 secs] 
11,948: [GC (Allocation Failure) [PSYoungGen: 186464K->96K(180224K)] 188164K->1796K(355328K), 0,0004896 secs] [Times: user=0,00 sys=0,00, real=0,00 secs] 
12,009: [GC (Allocation Failure) [PSYoungGen: 179808K->64K(174080K)] 181508K->1764K(349184K), 0,0005049 secs] [Times: user=0,00 sys=0,00, real=0,01 secs] 
12,068: [GC (Allocation Failure) [PSYoungGen: 173632K->96K(167936K)] 175332K->1796K(343040K), 0,0004955 secs] [Times: user=0,00 sys=0,00, real=0,00 secs] 
12,124: [GC (Allocation Failure) [PSYoungGen: 167519K->96K(162304K)] 169220K->1796K(337408K), 0,0004873 secs] [Times: user=0,00 sys=0,00, real=0,00 secs] 
12,179: [GC (Allocation Failure) [PSYoungGen: 161888K->96K(156672K)] 163588K->1796K(331776K), 0,0004957 secs] [Times: user=0,00 sys=0,00, real=0,00 secs] 
12,232: [GC (Allocation Failure) [PSYoungGen: 156256K->96K(151552K)] 157956K->1796K(326656K), 0,0005169 secs] [Times: user=0,00 sys=0,00, real=0,00 secs] 
12,283: [GC (Allocation Failure) [PSYoungGen: 151136K->96K(146432K)] 152836K->1796K(321536K), 0,0004967 secs] [Times: user=0,00 sys=0,00, real=0,00 secs] 
12,332: [GC (Allocation Failure) [PSYoungGen: 146016K->96K(141824K)] 147716K->1796K(316928K), 0,0004930 secs] [Times: user=0,00 sys=0,00, real=0,00 secs] 
12,380: [GC (Allocation Failure) [PSYoungGen: 141408K->96K(137216K)] 143108K->1796K(312320K), 0,0004973 secs] [Times: user=0,01 sys=0,00, real=0,00 secs] 
12,426: [GC (Allocation Failure) [PSYoungGen: 136800K->96K(132608K)] 138500K->1796K(307712K), 0,0004948 secs] [Times: user=0,00 sys=0,00, real=0,00 secs] 
12,471: [GC (Allocation Failure) [PSYoungGen: 132192K->96K(128512K)] 133892K->1796K(303616K), 0,0004945 secs] [Times: user=0,00 sys=0,00, real=0,00 secs] 
12,514: [GC (Allocation Failure) [PSYoungGen: 128096K->96K(124416K)] 129796K->1796K(299520K), 0,0004906 secs] [Times: user=0,00 sys=0,00, real=0,00 secs] 
12,556: [GC (Allocation Failure) [PSYoungGen: 124000K->96K(120832K)] 125700K->1796K(295936K), 0,0004902 secs] [Times: user=0,00 sys=0,00, real=0,00 secs] 
12,597: [GC (Allocation Failure) [PSYoungGen: 120416K->64K(144896K)] 122116K->1764K(320000K), 0,0004815 secs] [Times: user=0,00 sys=0,00, real=0,00 secs] 
12,646: [GC (Allocation Failure) [PSYoungGen: 144448K->96K(140288K)] 146148K->1796K(315392K), 0,0005074 secs] [Times: user=0,00 sys=0,00, real=0,00 secs] 
12,693: [GC (Allocation Failure) [PSYoungGen: 139871K->96K(135680K)] 141572K->1796K(310784K), 0,0004715 secs] [Times: user=0,00 sys=0,00, real=0,00 secs] 
12,739: [GC (Allocation Failure) [PSYoungGen: 135264K->64K(162816K)] 136964K->1764K(337920K), 0,0006896 secs] [Times: user=0,00 sys=0,00, real=0,01 secs] 
12,794: [GC (Allocation Failure) [PSYoungGen: 162368K->64K(195584K)] 164068K->1764K(370688K), 0,0005127 secs] [Times: user=0,00 sys=0,00, real=0,00 secs] 
12,859: [GC (Allocation Failure) [PSYoungGen: 195136K->64K(188416K)] 196836K->1764K(363520K), 0,0005148 secs] [Times: user=0,00 sys=0,00, real=0,00 secs] 
12,923: [GC (Allocation Failure) [PSYoungGen: 187968K->32K(226304K)] 189668K->1732K(401408K), 0,0009933 secs] [Times: user=0,00 sys=0,00, real=0,00 secs] 
12,999: [GC (Allocation Failure) [PSYoungGen: 225824K->96K(217600K)] 227524K->1796K(392704K), 0,0005034 secs] [Times: user=0,00 sys=0,00, real=0,01 secs] 
13,072: [GC (Allocation Failure) [PSYoungGen: 217184K->96K(209408K)] 218884K->1796K(384512K), 0,0005248 secs] [Times: user=0,00 sys=0,00, real=0,00 secs] 
13,143: [GC (Allocation Failure) [PSYoungGen: 208992K->96K(201728K)] 210692K->1796K(376832K), 0,0005363 secs] [Times: user=0,00 sys=0,00, real=0,00 secs] 
13,210: [GC (Allocation Failure) [PSYoungGen: 201312K->64K(194560K)] 203012K->1764K(369664K), 0,0010723 secs] [Times: user=0,00 sys=0,00, real=0,00 secs] 
13,276: [GC (Allocation Failure) [PSYoungGen: 194112K->96K(187392K)] 195812K->1804K(362496K), 0,0004433 secs] [Times: user=0,00 sys=0,00, real=0,00 secs] 
13,340: [GC (Allocation Failure) [PSYoungGen: 186976K->96K(180736K)] 188684K->1804K(355840K), 0,0005068 secs] [Times: user=0,00 sys=0,00, real=0,00 secs] 
13,400: [GC (Allocation Failure) [PSYoungGen: 180320K->96K(174592K)] 182028K->1804K(349696K), 0,0005017 secs] [Times: user=0,00 sys=0,00, real=0,00 secs] 
13,459: [GC (Allocation Failure) [PSYoungGen: 174176K->96K(168448K)] 175884K->1804K(343552K), 0,0004929 secs] [Times: user=0,00 sys=0,00, real=0,00 secs] 
13,516: [GC (Allocation Failure) [PSYoungGen: 168032K->96K(162816K)] 169740K->1804K(337920K), 0,0004920 secs] [Times: user=0,00 sys=0,00, real=0,00 secs] 
13,571: [GC (Allocation Failure) [PSYoungGen: 162400K->96K(157184K)] 164108K->1804K(332288K), 0,0004871 secs] [Times: user=0,00 sys=0,00, real=0,00 secs] 
13,624: [GC (Allocation Failure) [PSYoungGen: 156768K->32K(152064K)] 158476K->1740K(327168K), 0,0005766 secs] [Times: user=0,00 sys=0,00, real=0,00 secs] 
13,676: [GC (Allocation Failure) [PSYoungGen: 151584K->96K(146944K)] 153292K->1804K(322048K), 0,0005092 secs] [Times: user=0,00 sys=0,00, real=0,00 secs] 
13,725: [GC (Allocation Failure) [PSYoungGen: 146528K->96K(142336K)] 148236K->1804K(317440K), 0,0005129 secs] [Times: user=0,00 sys=0,00, real=0,00 secs] 
13,773: [GC (Allocation Failure) [PSYoungGen: 141920K->96K(137728K)] 143628K->1804K(312832K), 0,0005075 secs] [Times: user=0,00 sys=0,00, real=0,00 secs] 
13,820: [GC (Allocation Failure) [PSYoungGen: 137312K->64K(133120K)] 139020K->1772K(308224K), 0,0004855 secs] [Times: user=0,00 sys=0,00, real=0,00 secs] 
13,865: [GC (Allocation Failure) [PSYoungGen: 132672K->64K(129024K)] 134380K->1772K(304128K), 0,0005376 secs] [Times: user=0,00 sys=0,00, real=0,00 secs] 
13,909: [GC (Allocation Failure) [PSYoungGen: 128576K->96K(124928K)] 130284K->1804K(300032K), 0,0004836 secs] [Times: user=0,00 sys=0,00, real=0,01 secs] 
13,951: [GC (Allocation Failure) [PSYoungGen: 124512K->96K(121344K)] 126220K->1804K(296448K), 0,0004892 secs] [Times: user=0,00 sys=0,00, real=0,00 secs] 
13,993: [GC (Allocation Failure) [PSYoungGen: 120928K->64K(145920K)] 122636K->1772K(321024K), 0,0004880 secs] [Times: user=0,00 sys=0,00, real=0,00 secs] 
14,042: [GC (Allocation Failure) [PSYoungGen: 145472K->96K(141312K)] 147180K->1804K(316416K), 0,0005012 secs] [Times: user=0,00 sys=0,00, real=0,00 secs] 
14,089: [GC (Allocation Failure) [PSYoungGen: 140896K->96K(136704K)] 142604K->1804K(311808K), 0,0004807 secs] [Times: user=0,00 sys=0,00, real=0,00 secs] 
14,136: [GC (Allocation Failure) [PSYoungGen: 136288K->96K(132608K)] 137996K->1804K(307712K), 0,0005300 secs] [Times: user=0,01 sys=0,00, real=0,00 secs] 
14,180: [GC (Allocation Failure) [PSYoungGen: 132192K->96K(159232K)] 133900K->1804K(334336K), 0,0005387 secs] [Times: user=0,00 sys=0,00, real=0,00 secs] 
14,234: [GC (Allocation Failure) [PSYoungGen: 158816K->96K(154112K)] 160524K->1804K(329216K), 0,0005438 secs] [Times: user=0,00 sys=0,00, real=0,00 secs] 
14,286: [GC (Allocation Failure) [PSYoungGen: 153696K->96K(148992K)] 155404K->1804K(324096K), 0,0005063 secs] [Times: user=0,00 sys=0,00, real=0,00 secs] 
14,336: [GC (Allocation Failure) [PSYoungGen: 148576K->64K(143872K)] 150284K->1772K(318976K), 0,0004794 secs] [Times: user=0,00 sys=0,00, real=0,00 secs] 
14,385: [GC (Allocation Failure) [PSYoungGen: 143424K->96K(139264K)] 145132K->1804K(314368K), 0,0005040 secs] [Times: user=0,00 sys=0,00, real=0,00 secs] 
14,432: [GC (Allocation Failure) [PSYoungGen: 138848K->96K(134656K)] 140556K->1804K(309760K), 0,0005039 secs] [Times: user=0,00 sys=0,00, real=0,00 secs] 
14,477: [GC (Allocation Failure) [PSYoungGen: 134240K->96K(130560K)] 135948K->1804K(305664K), 0,0004885 secs] [Times: user=0,00 sys=0,00, real=0,00 secs] 
14,521: [GC (Allocation Failure) [PSYoungGen: 130144K->96K(156672K)] 131852K->1804K(331776K), 0,0005782 secs] [Times: user=0,00 sys=0,00, real=0,00 secs] 
14,574: [GC (Allocation Failure) [PSYoungGen: 156256K->96K(151552K)] 157964K->1804K(326656K), 0,0005096 secs] [Times: user=0,00 sys=0,00, real=0,00 secs] 
14,625: [GC (Allocation Failure) [PSYoungGen: 151135K->32K(181760K)] 152844K->1740K(356864K), 0,0006199 secs] [Times: user=0,00 sys=0,00, real=0,00 secs] 
14,686: [GC (Allocation Failure) [PSYoungGen: 181280K->96K(175616K)] 182988K->1804K(350720K), 0,0004946 secs] [Times: user=0,00 sys=0,00, real=0,00 secs] 
14,746: [GC (Allocation Failure) [PSYoungGen: 175199K->96K(169472K)] 176908K->1804K(344576K), 0,0005080 secs] [Times: user=0,00 sys=0,00, real=0,00 secs] 
14,803: [GC (Allocation Failure) [PSYoungGen: 169056K->96K(163840K)] 170764K->1804K(338944K), 0,0004933 secs] [Times: user=0,00 sys=0,00, real=0,00 secs] 
14,858: [GC (Allocation Failure) [PSYoungGen: 163424K->64K(196608K)] 165132K->1772K(371712K), 0,0009418 secs] [Times: user=0,00 sys=0,00, real=0,00 secs] 
14,924: [GC (Allocation Failure) [PSYoungGen: 196160K->64K(189440K)] 197868K->1772K(364544K), 0,0005557 secs] [Times: user=0,00 sys=0,00, real=0,00 secs] 
14,988: [GC (Allocation Failure) [PSYoungGen: 188992K->32K(182784K)] 190700K->1740K(357888K), 0,0005571 secs] [Times: user=0,01 sys=0,01, real=0,00 secs] 
15,050: [GC (Allocation Failure) [PSYoungGen: 182303K->96K(176128K)] 184012K->1804K(351232K), 0,0004943 secs] [Times: user=0,00 sys=0,00, real=0,00 secs] 
15,109: [GC (Allocation Failure) [PSYoungGen: 175712K->64K(169984K)] 177420K->1772K(345088K), 0,0005572 secs] [Times: user=0,00 sys=0,00, real=0,00 secs] 
15,167: [GC (Allocation Failure) [PSYoungGen: 169535K->96K(164352K)] 171244K->1804K(339456K), 0,0005027 secs] [Times: user=0,00 sys=0,00, real=0,00 secs] 
15,222: [GC (Allocation Failure) [PSYoungGen: 163936K->64K(158720K)] 165644K->1772K(333824K), 0,0005358 secs] [Times: user=0,00 sys=0,00, real=0,00 secs] 
15,276: [GC (Allocation Failure) [PSYoungGen: 158272K->64K(153600K)] 159980K->1772K(328704K), 0,0005086 secs] [Times: user=0,00 sys=0,00, real=0,00 secs] 
15,328: [GC (Allocation Failure) [PSYoungGen: 153152K->96K(148480K)] 154860K->1804K(323584K), 0,0004841 secs] [Times: user=0,00 sys=0,00, real=0,00 secs] 
15,378: [GC (Allocation Failure) [PSYoungGen: 148064K->64K(178176K)] 149772K->1772K(353280K), 0,0008083 secs] [Times: user=0,00 sys=0,00, real=0,00 secs] 
15,438: [GC (Allocation Failure) [PSYoungGen: 177728K->96K(172032K)] 179436K->1804K(347136K), 0,0005180 secs] [Times: user=0,00 sys=0,00, real=0,00 secs] 
15,496: [GC (Allocation Failure) [PSYoungGen: 171616K->96K(165888K)] 173324K->1804K(340992K), 0,0004900 secs] [Times: user=0,00 sys=0,00, real=0,00 secs] 
15,552: [GC (Allocation Failure) [PSYoungGen: 165472K->96K(160256K)] 167180K->1804K(335360K), 0,0004782 secs] [Times: user=0,00 sys=0,00, real=0,00 secs] 
15,606: [GC (Allocation Failure) [PSYoungGen: 159840K->64K(154624K)] 161548K->1772K(329728K), 0,0005117 secs] [Times: user=0,00 sys=0,00, real=0,00 secs] 
15,658: [GC (Allocation Failure) [PSYoungGen: 154176K->64K(149504K)] 155884K->1772K(324608K), 0,0005597 secs] [Times: user=0,00 sys=0,00, real=0,00 secs] 
15,708: [GC (Allocation Failure) [PSYoungGen: 149056K->96K(144384K)] 150764K->1804K(319488K), 0,0005813 secs] [Times: user=0,00 sys=0,00, real=0,00 secs] 
15,757: [GC (Allocation Failure) [PSYoungGen: 143968K->96K(139776K)] 145676K->1804K(314880K), 0,0005061 secs] [Times: user=0,00 sys=0,00, real=0,00 secs] 
15,804: [GC (Allocation Failure) [PSYoungGen: 139360K->96K(135168K)] 141068K->1804K(310272K), 0,0004841 secs] [Times: user=0,00 sys=0,00, real=0,00 secs] 
15,850: [GC (Allocation Failure) [PSYoungGen: 134752K->96K(131072K)] 136460K->1804K(306176K), 0,0005200 secs] [Times: user=0,00 sys=0,00, real=0,00 secs] 
15,894: [GC (Allocation Failure) [PSYoungGen: 130656K->64K(157184K)] 132364K->1772K(332288K), 0,0005710 secs] [Times: user=0,00 sys=0,00, real=0,00 secs] 
15,947: [GC (Allocation Failure) [PSYoungGen: 156736K->96K(152064K)] 158444K->1804K(327168K), 0,0005380 secs] [Times: user=0,00 sys=0,00, real=0,00 secs] 
15,999: [GC (Allocation Failure) [PSYoungGen: 151648K->64K(146944K)] 153356K->1772K(322048K), 0,0004810 secs] [Times: user=0,00 sys=0,00, real=0,00 secs] 
16,048: [GC (Allocation Failure) [PSYoungGen: 146496K->64K(142336K)] 148204K->1772K(317440K), 0,0004800 secs] [Times: user=0,00 sys=0,00, real=0,00 secs] 
16,096: [GC (Allocation Failure) [PSYoungGen: 141888K->96K(137728K)] 143596K->1804K(312832K), 0,0004948 secs] [Times: user=0,00 sys=0,00, real=0,00 secs] 
16,143: [GC (Allocation Failure) [PSYoungGen: 137312K->64K(133120K)] 139020K->1772K(308224K), 0,0004979 secs] [Times: user=0,00 sys=0,00, real=0,00 secs] 
16,188: [GC (Allocation Failure) [PSYoungGen: 132672K->96K(129024K)] 134380K->1804K(304128K), 0,0004927 secs] [Times: user=0,00 sys=0,00, real=0,00 secs] 
16,231: [GC (Allocation Failure) [PSYoungGen: 128608K->96K(124928K)] 130316K->1804K(300032K), 0,0005076 secs] [Times: user=0,00 sys=0,00, real=0,00 secs] 
16,273: [GC (Allocation Failure) [PSYoungGen: 124512K->96K(121344K)] 126220K->1804K(296448K), 0,0004757 secs] [Times: user=0,00 sys=0,00, real=0,00 secs] 
16,314: [GC (Allocation Failure) [PSYoungGen: 120928K->96K(145920K)] 122636K->1804K(321024K), 0,0005174 secs] [Times: user=0,00 sys=0,00, real=0,00 secs] 
16,364: [GC (Allocation Failure) [PSYoungGen: 145504K->64K(141312K)] 147212K->1772K(316416K), 0,0004878 secs] [Times: user=0,00 sys=0,00, real=0,00 secs] 
16,412: [GC (Allocation Failure) [PSYoungGen: 140864K->96K(136704K)] 142572K->1804K(311808K), 0,0004903 secs] [Times: user=0,00 sys=0,00, real=0,00 secs] 
16,458: [GC (Allocation Failure) [PSYoungGen: 136288K->96K(132608K)] 137996K->1804K(307712K), 0,0004747 secs] [Times: user=0,00 sys=0,00, real=0,00 secs] 
16,503: [GC (Allocation Failure) [PSYoungGen: 132192K->96K(128512K)] 133900K->1804K(303616K), 0,0004870 secs] [Times: user=0,00 sys=0,00, real=0,00 secs] 
16,546: [GC (Allocation Failure) [PSYoungGen: 128096K->96K(124416K)] 129804K->1804K(299520K), 0,0004882 secs] [Times: user=0,01 sys=0,00, real=0,00 secs] 
16,588: [GC (Allocation Failure) [PSYoungGen: 124000K->96K(120832K)] 125708K->1804K(295936K), 0,0004703 secs] [Times: user=0,00 sys=0,00, real=0,00 secs] 
16,629: [GC (Allocation Failure) [PSYoungGen: 120416K->64K(144896K)] 122124K->1772K(320000K), 0,0004782 secs] [Times: user=0,00 sys=0,00, real=0,00 secs] 
16,677: [GC (Allocation Failure) [PSYoungGen: 144448K->96K(140288K)] 146156K->1804K(315392K), 0,0004746 secs] [Times: user=0,00 sys=0,00, real=0,00 secs] 
16,725: [GC (Allocation Failure) [PSYoungGen: 139872K->96K(135680K)] 141580K->1804K(310784K), 0,0005045 secs] [Times: user=0,00 sys=0,00, real=0,00 secs] 
16,770: [GC (Allocation Failure) [PSYoungGen: 135263K->96K(131584K)] 136972K->1804K(306688K), 0,0005030 secs] [Times: user=0,00 sys=0,00, real=0,00 secs] 
16,815: [GC (Allocation Failure) [PSYoungGen: 131168K->96K(127488K)] 132876K->1804K(302592K), 0,0004803 secs] [Times: user=0,00 sys=0,00, real=0,00 secs] 
16,858: [GC (Allocation Failure) [PSYoungGen: 127072K->64K(153088K)] 128780K->1772K(328192K), 0,0005062 secs] [Times: user=0,00 sys=0,00, real=0,00 secs] 
16,910: [GC (Allocation Failure) [PSYoungGen: 152639K->96K(147968K)] 154348K->1804K(323072K), 0,0004971 secs] [Times: user=0,00 sys=0,00, real=0,00 secs] 
16,959: [GC (Allocation Failure) [PSYoungGen: 147551K->96K(143360K)] 149260K->1804K(318464K), 0,0004791 secs] [Times: user=0,00 sys=0,00, real=0,00 secs] 
17,008: [GC (Allocation Failure) [PSYoungGen: 142944K->64K(138752K)] 144652K->1772K(313856K), 0,0005312 secs] [Times: user=0,00 sys=0,00, real=0,00 secs] 
17,055: [GC (Allocation Failure) [PSYoungGen: 138303K->64K(134144K)] 140012K->1772K(309248K), 0,0005469 secs] [Times: user=0,00 sys=0,00, real=0,00 secs] 
17,100: [GC (Allocation Failure) [PSYoungGen: 133696K->64K(161280K)] 135404K->1772K(336384K), 0,0005279 secs] [Times: user=0,00 sys=0,00, real=0,00 secs] 
17,155: [GC (Allocation Failure) [PSYoungGen: 160832K->96K(155648K)] 162540K->1804K(330752K), 0,0004979 secs] [Times: user=0,00 sys=0,00, real=0,00 secs] 
17,208: [GC (Allocation Failure) [PSYoungGen: 155232K->96K(150528K)] 156940K->1804K(325632K), 0,0005023 secs] [Times: user=0,00 sys=0,00, real=0,00 secs] 
17,259: [GC (Allocation Failure) [PSYoungGen: 150112K->96K(145408K)] 151820K->1804K(320512K), 0,0004870 secs] [Times: user=0,00 sys=0,00, real=0,00 secs] 
17,308: [GC (Allocation Failure) [PSYoungGen: 144992K->64K(140800K)] 146700K->1772K(315904K), 0,0004776 secs] [Times: user=0,00 sys=0,00, real=0,00 secs] 
17,356: [GC (Allocation Failure) [PSYoungGen: 140352K->96K(136192K)] 142060K->1804K(311296K), 0,0005251 secs] [Times: user=0,00 sys=0,00, real=0,00 secs] 
17,403: [GC (Allocation Failure) [PSYoungGen: 135776K->96K(132096K)] 137484K->1804K(307200K), 0,0005075 secs] [Times: user=0,00 sys=0,00, real=0,00 secs] 
17,448: [GC (Allocation Failure) [PSYoungGen: 131680K->96K(128000K)] 133388K->1804K(303104K), 0,0005221 secs] [Times: user=0,00 sys=0,00, real=0,00 secs] 
17,491: [GC (Allocation Failure) [PSYoungGen: 127584K->96K(153600K)] 129292K->1804K(328704K), 0,0005408 secs] [Times: user=0,00 sys=0,01, real=0,00 secs] 
17,543: [GC (Allocation Failure) [PSYoungGen: 153184K->96K(148480K)] 154892K->1804K(323584K), 0,0005016 secs] [Times: user=0,00 sys=0,00, real=0,00 secs] 
17,594: [GC (Allocation Failure) [PSYoungGen: 148063K->96K(143360K)] 149772K->1804K(318464K), 0,0004870 secs] [Times: user=0,00 sys=0,00, real=0,00 secs] 
17,642: [GC (Allocation Failure) [PSYoungGen: 142944K->96K(138752K)] 144652K->1804K(313856K), 0,0004882 secs] [Times: user=0,00 sys=0,00, real=0,00 secs] 
17,690: [GC (Allocation Failure) [PSYoungGen: 138336K->96K(134144K)] 140044K->1804K(309248K), 0,0004845 secs] [Times: user=0,00 sys=0,00, real=0,00 secs] 
17,735: [GC (Allocation Failure) [PSYoungGen: 133728K->64K(130048K)] 135436K->1772K(305152K), 0,0005492 secs] [Times: user=0,00 sys=0,00, real=0,00 secs] 
17,779: [GC (Allocation Failure) [PSYoungGen: 129599K->96K(125952K)] 131308K->1804K(301056K), 0,0004974 secs] [Times: user=0,00 sys=0,00, real=0,00 secs] 
17,822: [GC (Allocation Failure) [PSYoungGen: 125536K->96K(151040K)] 127244K->1804K(326144K), 0,0004773 secs] [Times: user=0,00 sys=0,00, real=0,00 secs] 
17,873: [GC (Allocation Failure) [PSYoungGen: 150623K->96K(145920K)] 152332K->1804K(321024K), 0,0005030 secs] [Times: user=0,00 sys=0,00, real=0,00 secs] 
17,923: [GC (Allocation Failure) [PSYoungGen: 145503K->64K(141312K)] 147212K->1772K(316416K), 0,0005330 secs] [Times: user=0,00 sys=0,00, real=0,00 secs] 
17,971: [GC (Allocation Failure) [PSYoungGen: 140864K->96K(136704K)] 142572K->1804K(311808K), 0,0004875 secs] [Times: user=0,00 sys=0,00, real=0,00 secs] 
18,017: [GC (Allocation Failure) [PSYoungGen: 136288K->96K(132608K)] 137996K->1804K(307712K), 0,0004857 secs] [Times: user=0,00 sys=0,00, real=0,00 secs] 
18,062: [GC (Allocation Failure) [PSYoungGen: 132192K->96K(128512K)] 133900K->1804K(303616K), 0,0004794 secs] [Times: user=0,00 sys=0,00, real=0,00 secs] 
18,105: [GC (Allocation Failure) [PSYoungGen: 128096K->64K(124416K)] 129804K->1772K(299520K), 0,0004736 secs] [Times: user=0,01 sys=0,00, real=0,00 secs] 
18,146: [GC (Allocation Failure) [PSYoungGen: 123968K->96K(120832K)] 125676K->1804K(295936K), 0,0004865 secs] [Times: user=0,00 sys=0,00, real=0,00 secs] 
18,188: [GC (Allocation Failure) [PSYoungGen: 120416K->64K(144896K)] 122124K->1772K(320000K), 0,0005090 secs] [Times: user=0,00 sys=0,00, real=0,00 secs] 
18,237: [GC (Allocation Failure) [PSYoungGen: 144448K->96K(140288K)] 146156K->1804K(315392K), 0,0004949 secs] [Times: user=0,00 sys=0,00, real=0,00 secs] 
18,284: [GC (Allocation Failure) [PSYoungGen: 139872K->96K(135680K)] 141580K->1804K(310784K), 0,0004763 secs] [Times: user=0,01 sys=0,00, real=0,00 secs] 
18,330: [GC (Allocation Failure) [PSYoungGen: 135264K->96K(131584K)] 136972K->1804K(306688K), 0,0005125 secs] [Times: user=0,00 sys=0,00, real=0,00 secs] 
18,374: [GC (Allocation Failure) [PSYoungGen: 131168K->64K(127488K)] 132876K->1772K(302592K), 0,0004979 secs] [Times: user=0,00 sys=0,00, real=0,00 secs] 
18,417: [GC (Allocation Failure) [PSYoungGen: 127040K->96K(123392K)] 128748K->1804K(298496K), 0,0004772 secs] [Times: user=0,00 sys=0,00, real=0,00 secs] 
18,459: [GC (Allocation Failure) [PSYoungGen: 122976K->96K(147968K)] 124684K->1804K(323072K), 0,0005026 secs] [Times: user=0,00 sys=0,00, real=0,01 secs] 
18,509: [GC (Allocation Failure) [PSYoungGen: 147552K->64K(143360K)] 149260K->1772K(318464K), 0,0005137 secs] [Times: user=0,00 sys=0,00, real=0,01 secs] 
18,557: [GC (Allocation Failure) [PSYoungGen: 142912K->96K(138752K)] 144620K->1804K(313856K), 0,0004811 secs] [Times: user=0,00 sys=0,00, real=0,00 secs] 
18,604: [GC (Allocation Failure) [PSYoungGen: 138335K->96K(134144K)] 140044K->1804K(309248K), 0,0004857 secs] [Times: user=0,00 sys=0,00, real=0,00 secs] 
18,649: [GC (Allocation Failure) [PSYoungGen: 133728K->96K(130048K)] 135436K->1804K(305152K), 0,0005065 secs] [Times: user=0,00 sys=0,00, real=0,00 secs] 
18,693: [GC (Allocation Failure) [PSYoungGen: 129632K->96K(125952K)] 131340K->1804K(301056K), 0,0004585 secs] [Times: user=0,00 sys=0,00, real=0,00 secs] 
18,736: [GC (Allocation Failure) [PSYoungGen: 125536K->96K(121856K)] 127244K->1804K(296960K), 0,0004845 secs] [Times: user=0,00 sys=0,00, real=0,00 secs] 
18,777: [GC (Allocation Failure) [PSYoungGen: 121440K->64K(146432K)] 123148K->1772K(321536K), 0,0005067 secs] [Times: user=0,00 sys=0,00, real=0,00 secs] 
18,827: [GC (Allocation Failure) [PSYoungGen: 145984K->64K(141824K)] 147692K->1772K(316928K), 0,0004681 secs] [Times: user=0,00 sys=0,00, real=0,00 secs] 
18,874: [GC (Allocation Failure) [PSYoungGen: 141376K->64K(170496K)] 143084K->1772K(345600K), 0,0011292 secs] [Times: user=0,00 sys=0,00, real=0,00 secs] 
18,933: [GC (Allocation Failure) [PSYoungGen: 170048K->96K(204800K)] 171756K->1804K(379904K), 0,0004962 secs] [Times: user=0,00 sys=0,00, real=0,00 secs] 
19,002: [GC (Allocation Failure) [PSYoungGen: 204384K->96K(245760K)] 206092K->1804K(420864K), 0,0005169 secs] [Times: user=0,00 sys=0,00, real=0,00 secs] 
19,084: [GC (Allocation Failure) [PSYoungGen: 245344K->96K(236544K)] 247052K->1804K(411648K), 0,0004904 secs] [Times: user=0,00 sys=0,00, real=0,00 secs] 
19,164: [GC (Allocation Failure) [PSYoungGen: 236128K->96K(227328K)] 237836K->1804K(402432K), 0,0005020 secs] [Times: user=0,00 sys=0,00, real=0,00 secs] 
19,240: [GC (Allocation Failure) [PSYoungGen: 226912K->96K(218624K)] 228620K->1804K(393728K), 0,0004922 secs] [Times: user=0,00 sys=0,00, real=0,00 secs] 
19,313: [GC (Allocation Failure) [PSYoungGen: 218208K->96K(210432K)] 219916K->1804K(385536K), 0,0004965 secs] [Times: user=0,00 sys=0,00, real=0,00 secs] 
19,384: [GC (Allocation Failure) [PSYoungGen: 210016K->96K(202752K)] 211724K->1804K(377856K), 0,0005323 secs] [Times: user=0,00 sys=0,00, real=0,00 secs] 
19,452: [GC (Allocation Failure) [PSYoungGen: 202336K->64K(195584K)] 204044K->1772K(370688K), 0,0004805 secs] [Times: user=0,00 sys=0,00, real=0,00 secs] 
19,518: [GC (Allocation Failure) [PSYoungGen: 195135K->64K(188416K)] 196844K->1772K(363520K), 0,0005011 secs] [Times: user=0,00 sys=0,00, real=0,00 secs] 
19,581: [GC (Allocation Failure) [PSYoungGen: 187968K->64K(181760K)] 189676K->1772K(356864K), 0,0005467 secs] [Times: user=0,00 sys=0,00, real=0,00 secs] 
19,642: [GC (Allocation Failure) [PSYoungGen: 181312K->64K(175616K)] 183020K->1772K(350720K), 0,0004835 secs] [Times: user=0,00 sys=0,00, real=0,00 secs] 
19,701: [GC (Allocation Failure) [PSYoungGen: 175168K->96K(169472K)] 176876K->1804K(344576K), 0,0004953 secs] [Times: user=0,00 sys=0,00, real=0,00 secs] 
19,757: [GC (Allocation Failure) [PSYoungGen: 169056K->96K(163840K)] 170764K->1804K(338944K), 0,0004891 secs] [Times: user=0,00 sys=0,00, real=0,00 secs] 
19,813: [GC (Allocation Failure) [PSYoungGen: 163424K->96K(158208K)] 165132K->1804K(333312K), 0,0004920 secs] [Times: user=0,01 sys=0,00, real=0,00 secs] 
19,866: [GC (Allocation Failure) [PSYoungGen: 157792K->96K(153088K)] 159500K->1804K(328192K), 0,0005016 secs] [Times: user=0,00 sys=0,00, real=0,00 secs] 
19,918: [GC (Allocation Failure) [PSYoungGen: 152672K->96K(147968K)] 154380K->1804K(323072K), 0,0005011 secs] [Times: user=0,00 sys=0,00, real=0,00 secs] 
19,968: [GC (Allocation Failure) [PSYoungGen: 147552K->96K(143360K)] 149260K->1804K(318464K), 0,0004643 secs] [Times: user=0,00 sys=0,00, real=0,00 secs] 
20,016: [GC (Allocation Failure) [PSYoungGen: 142944K->96K(138752K)] 144652K->1804K(313856K), 0,0004985 secs] [Times: user=0,00 sys=0,00, real=0,00 secs] 
20,063: [GC (Allocation Failure) [PSYoungGen: 138336K->96K(134144K)] 140044K->1804K(309248K), 0,0004625 secs] [Times: user=0,00 sys=0,00, real=0,00 secs] 
20,108: [GC (Allocation Failure) [PSYoungGen: 133728K->64K(130048K)] 135436K->1772K(305152K), 0,0004747 secs] [Times: user=0,00 sys=0,00, real=0,00 secs] 
20,152: [GC (Allocation Failure) [PSYoungGen: 129600K->96K(125952K)] 131308K->1804K(301056K), 0,0005297 secs] [Times: user=0,00 sys=0,00, real=0,00 secs] 
20,194: [GC (Allocation Failure) [PSYoungGen: 125536K->96K(121856K)] 127244K->1804K(296960K), 0,0004866 secs] [Times: user=0,00 sys=0,00, real=0,00 secs] 
20,235: [GC (Allocation Failure) [PSYoungGen: 121440K->64K(146432K)] 123148K->1772K(321536K), 0,0005187 secs] [Times: user=0,00 sys=0,00, real=0,00 secs] 
20,285: [GC (Allocation Failure) [PSYoungGen: 145984K->96K(141824K)] 147692K->1804K(316928K), 0,0005241 secs] [Times: user=0,00 sys=0,00, real=0,00 secs] 
20,333: [GC (Allocation Failure) [PSYoungGen: 141408K->96K(137216K)] 143116K->1828K(312320K), 0,0005040 secs] [Times: user=0,00 sys=0,00, real=0,00 secs] 
20,380: [GC (Allocation Failure) [PSYoungGen: 136800K->96K(132608K)] 138532K->1828K(307712K), 0,0004969 secs] [Times: user=0,00 sys=0,00, real=0,00 secs] 
20,424: [GC (Allocation Failure) [PSYoungGen: 132192K->96K(128512K)] 133924K->1828K(303616K), 0,0004900 secs] [Times: user=0,00 sys=0,00, real=0,00 secs] 
20,468: [GC (Allocation Failure) [PSYoungGen: 128096K->96K(124416K)] 129828K->1828K(299520K), 0,0004921 secs] [Times: user=0,00 sys=0,00, real=0,00 secs] 
20,510: [GC (Allocation Failure) [PSYoungGen: 124000K->96K(149504K)] 125732K->1828K(324608K), 0,0004779 secs] [Times: user=0,00 sys=0,00, real=0,00 secs] 
20,560: [GC (Allocation Failure) [PSYoungGen: 149088K->96K(144384K)] 150820K->1828K(319488K), 0,0004834 secs] [Times: user=0,00 sys=0,00, real=0,00 secs] 
20,609: [GC (Allocation Failure) [PSYoungGen: 143968K->96K(139776K)] 145700K->1828K(314880K), 0,0004918 secs] [Times: user=0,00 sys=0,00, real=0,00 secs] 
20,656: [GC (Allocation Failure) [PSYoungGen: 139360K->96K(135168K)] 141092K->1828K(310272K), 0,0004789 secs] [Times: user=0,00 sys=0,00, real=0,00 secs] 
20,701: [GC (Allocation Failure) [PSYoungGen: 134752K->96K(131072K)] 136484K->1828K(306176K), 0,0004843 secs] [Times: user=0,00 sys=0,00, real=0,00 secs] 
20,746: [GC (Allocation Failure) [PSYoungGen: 130656K->96K(126976K)] 132388K->1828K(302080K), 0,0004937 secs] [Times: user=0,00 sys=0,00, real=0,00 secs] 
20,789: [GC (Allocation Failure) [PSYoungGen: 126560K->96K(122880K)] 128292K->1828K(297984K), 0,0004872 secs] [Times: user=0,00 sys=0,00, real=0,00 secs] 
20,830: [GC (Allocation Failure) [PSYoungGen: 122464K->96K(147456K)] 124196K->1828K(322560K), 0,0004898 secs] [Times: user=0,00 sys=0,00, real=0,00 secs] 
20,880: [GC (Allocation Failure) [PSYoungGen: 147040K->32K(177152K)] 148772K->1764K(352256K), 0,0007625 secs] [Times: user=0,00 sys=0,00, real=0,00 secs] 
20,941: [GC (Allocation Failure) [PSYoungGen: 176672K->96K(212480K)] 178404K->1828K(387584K), 0,0004957 secs] [Times: user=0,00 sys=0,00, real=0,00 secs] 
21,012: [GC (Allocation Failure) [PSYoungGen: 212064K->96K(204800K)] 213796K->1828K(379904K), 0,0004912 secs] [Times: user=0,00 sys=0,00, real=0,00 secs] 
21,080: [GC (Allocation Failure) [PSYoungGen: 204384K->96K(197120K)] 206116K->1828K(372224K), 0,0005326 secs] [Times: user=0,01 sys=0,00, real=0,00 secs] 
21,146: [GC (Allocation Failure) [PSYoungGen: 196704K->96K(189952K)] 198436K->1828K(365056K), 0,0004942 secs] [Times: user=0,00 sys=0,00, real=0,00 secs] 
21,210: [GC (Allocation Failure) [PSYoungGen: 189536K->96K(183296K)] 191268K->1828K(358400K), 0,0004969 secs] [Times: user=0,00 sys=0,00, real=0,00 secs] 
21,272: [GC (Allocation Failure) [PSYoungGen: 182880K->96K(176640K)] 184612K->1828K(351744K), 0,0004869 secs] [Times: user=0,00 sys=0,00, real=0,00 secs] 
21,331: [GC (Allocation Failure) [PSYoungGen: 176224K->96K(170496K)] 177956K->1828K(345600K), 0,0004931 secs] [Times: user=0,00 sys=0,00, real=0,00 secs] 
21,390: [GC (Allocation Failure) [PSYoungGen: 170080K->64K(164864K)] 171812K->1796K(339968K), 0,0009913 secs] [Times: user=0,00 sys=0,00, real=0,00 secs] 
21,454: [GC (Allocation Failure) [PSYoungGen: 164416K->96K(159232K)] 166148K->1828K(334336K), 0,0005126 secs] [Times: user=0,00 sys=0,00, real=0,00 secs] 
21,508: [GC (Allocation Failure) [PSYoungGen: 158815K->96K(154112K)] 160548K->1828K(329216K), 0,0005163 secs] [Times: user=0,00 sys=0,00, real=0,00 secs] 
21,561: [GC (Allocation Failure) [PSYoungGen: 153696K->64K(148992K)] 155428K->1796K(324096K), 0,0005055 secs] [Times: user=0,00 sys=0,00, real=0,00 secs] 
21,614: [GC (Allocation Failure) [PSYoungGen: 148544K->96K(143872K)] 150276K->1828K(318976K), 0,0005251 secs] [Times: user=0,00 sys=0,00, real=0,00 secs] 
21,662: [GC (Allocation Failure) [PSYoungGen: 143456K->64K(139264K)] 145188K->1796K(314368K), 0,0005214 secs] [Times: user=0,01 sys=0,00, real=0,00 secs] 
21,710: [GC (Allocation Failure) [PSYoungGen: 138816K->64K(134656K)] 140548K->1796K(309760K), 0,0004756 secs] [Times: user=0,00 sys=0,00, real=0,00 secs] 
21,756: [GC (Allocation Failure) [PSYoungGen: 134208K->96K(130560K)] 135940K->1828K(305664K), 0,0005009 secs] [Times: user=0,00 sys=0,00, real=0,00 secs] 
21,800: [GC (Allocation Failure) [PSYoungGen: 130144K->96K(126464K)] 131876K->1828K(301568K), 0,0004935 secs] [Times: user=0,00 sys=0,00, real=0,00 secs] 
21,843: [GC (Allocation Failure) [PSYoungGen: 126048K->96K(122368K)] 127780K->1828K(297472K), 0,0004992 secs] [Times: user=0,00 sys=0,00, real=0,00 secs] 
21,885: [GC (Allocation Failure) [PSYoungGen: 121952K->96K(118784K)] 123684K->1828K(293888K), 0,0005027 secs] [Times: user=0,00 sys=0,00, real=0,00 secs] 
21,926: [GC (Allocation Failure) [PSYoungGen: 118368K->96K(142848K)] 120100K->1828K(317952K), 0,0005267 secs] [Times: user=0,00 sys=0,00, real=0,00 secs] 
21,974: [GC (Allocation Failure) [PSYoungGen: 142432K->64K(171520K)] 144164K->1796K(346624K), 0,0004967 secs] [Times: user=0,00 sys=0,00, real=0,00 secs] 
22,033: [GC (Allocation Failure) [PSYoungGen: 171072K->96K(165376K)] 172804K->1828K(340480K), 0,0004924 secs] [Times: user=0,00 sys=0,00, real=0,00 secs] 
22,089: [GC (Allocation Failure) [PSYoungGen: 164960K->128K(159744K)] 166692K->1860K(334848K), 0,0005703 secs] [Times: user=0,00 sys=0,00, real=0,01 secs] 
22,143: [GC (Allocation Failure) [PSYoungGen: 159360K->64K(154112K)] 161092K->1796K(329216K), 0,0005429 secs] [Times: user=0,00 sys=0,00, real=0,00 secs] 
22,195: [GC (Allocation Failure) [PSYoungGen: 153664K->96K(148992K)] 155396K->1828K(324096K), 0,0004725 secs] [Times: user=0,00 sys=0,00, real=0,00 secs] 
22,245: [GC (Allocation Failure) [PSYoungGen: 148576K->96K(143872K)] 150308K->1828K(318976K), 0,0004869 secs] [Times: user=0,00 sys=0,00, real=0,00 secs] 
22,293: [GC (Allocation Failure) [PSYoungGen: 143456K->32K(139264K)] 145188K->1764K(314368K), 0,0005323 secs] [Times: user=0,00 sys=0,00, real=0,00 secs] 
22,340: [GC (Allocation Failure) [PSYoungGen: 138784K->96K(134656K)] 140516K->1828K(309760K), 0,0004846 secs] [Times: user=0,00 sys=0,00, real=0,00 secs] 
22,386: [GC (Allocation Failure) [PSYoungGen: 134240K->96K(130560K)] 135972K->1828K(305664K), 0,0005132 secs] [Times: user=0,00 sys=0,00, real=0,00 secs] 
22,430: [GC (Allocation Failure) [PSYoungGen: 130144K->96K(126464K)] 131876K->1828K(301568K), 0,0005110 secs] [Times: user=0,00 sys=0,00, real=0,00 secs] 
22,472: [GC (Allocation Failure) [PSYoungGen: 126048K->64K(152064K)] 127780K->1796K(327168K), 0,0005309 secs] [Times: user=0,00 sys=0,00, real=0,00 secs] 
22,524: [GC (Allocation Failure) [PSYoungGen: 151616K->96K(146944K)] 153348K->1828K(322048K), 0,0004886 secs] [Times: user=0,00 sys=0,00, real=0,00 secs] 
22,573: [GC (Allocation Failure) [PSYoungGen: 146528K->64K(142336K)] 148260K->1796K(317440K), 0,0005649 secs] [Times: user=0,00 sys=0,00, real=0,00 secs] 
22,621: [GC (Allocation Failure) [PSYoungGen: 141888K->96K(137728K)] 143620K->1828K(312832K), 0,0004817 secs] [Times: user=0,00 sys=0,00, real=0,00 secs] 
22,668: [GC (Allocation Failure) [PSYoungGen: 137312K->96K(133120K)] 139044K->1828K(308224K), 0,0004760 secs] [Times: user=0,00 sys=0,00, real=0,00 secs] 
22,712: [GC (Allocation Failure) [PSYoungGen: 132704K->96K(129024K)] 134436K->1828K(304128K), 0,0005137 secs] [Times: user=0,00 sys=0,00, real=0,00 secs] 
22,756: [GC (Allocation Failure) [PSYoungGen: 128608K->64K(124928K)] 130340K->1796K(300032K), 0,0004957 secs] [Times: user=0,00 sys=0,00, real=0,00 secs] 
22,798: [GC (Allocation Failure) [PSYoungGen: 124480K->64K(150016K)] 126212K->1796K(325120K), 0,0004814 secs] [Times: user=0,00 sys=0,00, real=0,00 secs] 
22,849: [GC (Allocation Failure) [PSYoungGen: 149568K->64K(144896K)] 151300K->1796K(320000K), 0,0004965 secs] [Times: user=0,00 sys=0,00, real=0,01 secs] 
22,898: [GC (Allocation Failure) [PSYoungGen: 144448K->64K(140288K)] 146180K->1796K(315392K), 0,0005019 secs] [Times: user=0,00 sys=0,00, real=0,00 secs] 
22,945: [GC (Allocation Failure) [PSYoungGen: 139840K->96K(135680K)] 141572K->1828K(310784K), 0,0004762 secs] [Times: user=0,00 sys=0,00, real=0,00 secs] 
22,991: [GC (Allocation Failure) [PSYoungGen: 135264K->96K(131584K)] 136996K->1828K(306688K), 0,0005278 secs] [Times: user=0,00 sys=0,00, real=0,00 secs] 
23,036: [GC (Allocation Failure) [PSYoungGen: 131168K->96K(127488K)] 132900K->1828K(302592K), 0,0005030 secs] [Times: user=0,00 sys=0,00, real=0,00 secs] 
23,079: [GC (Allocation Failure) [PSYoungGen: 127072K->96K(123392K)] 128804K->1828K(298496K), 0,0004776 secs] [Times: user=0,00 sys=0,00, real=0,00 secs] 
23,120: [GC (Allocation Failure) [PSYoungGen: 122976K->96K(147968K)] 124708K->1828K(323072K), 0,0004900 secs] [Times: user=0,00 sys=0,00, real=0,00 secs] 
23,170: [GC (Allocation Failure) [PSYoungGen: 147551K->64K(143360K)] 149284K->1796K(318464K), 0,0004835 secs] [Times: user=0,00 sys=0,00, real=0,00 secs] 
23,218: [GC (Allocation Failure) [PSYoungGen: 142912K->64K(138752K)] 144644K->1796K(313856K), 0,0004893 secs] [Times: user=0,00 sys=0,00, real=0,00 secs] 
23,265: [GC (Allocation Failure) [PSYoungGen: 138304K->96K(134144K)] 140036K->1828K(309248K), 0,0005267 secs] [Times: user=0,00 sys=0,00, real=0,00 secs] 
23,310: [GC (Allocation Failure) [PSYoungGen: 133728K->96K(130048K)] 135460K->1828K(305152K), 0,0004865 secs] [Times: user=0,01 sys=0,00, real=0,00 secs] 
23,354: [GC (Allocation Failure) [PSYoungGen: 129632K->96K(125952K)] 131364K->1828K(301056K), 0,0004839 secs] [Times: user=0,00 sys=0,00, real=0,00 secs] 
23,397: [GC (Allocation Failure) [PSYoungGen: 125536K->96K(151040K)] 127268K->1828K(326144K), 0,0005310 secs] [Times: user=0,00 sys=0,00, real=0,00 secs] 
23,448: [GC (Allocation Failure) [PSYoungGen: 150624K->64K(145920K)] 152356K->1796K(321024K), 0,0004760 secs] [Times: user=0,00 sys=0,00, real=0,00 secs] 
23,497: [GC (Allocation Failure) [PSYoungGen: 145472K->96K(141312K)] 147204K->1828K(316416K), 0,0004875 secs] [Times: user=0,00 sys=0,00, real=0,00 secs] 
23,544: [GC (Allocation Failure) [PSYoungGen: 140896K->96K(136704K)] 142628K->1828K(311808K), 0,0004739 secs] [Times: user=0,00 sys=0,00, real=0,00 secs] 
23,591: [GC (Allocation Failure) [PSYoungGen: 136288K->96K(132608K)] 138020K->1828K(307712K), 0,0004894 secs] [Times: user=0,00 sys=0,00, real=0,00 secs] 
23,636: [GC (Allocation Failure) [PSYoungGen: 132192K->96K(128512K)] 133924K->1828K(303616K), 0,0004748 secs] [Times: user=0,00 sys=0,00, real=0,00 secs] 
23,679: [GC (Allocation Failure) [PSYoungGen: 128096K->96K(124416K)] 129828K->1828K(299520K), 0,0004974 secs] [Times: user=0,00 sys=0,00, real=0,01 secs] 
23,721: [GC (Allocation Failure) [PSYoungGen: 124000K->96K(149504K)] 125732K->1836K(324608K), 0,0004983 secs] [Times: user=0,00 sys=0,00, real=0,00 secs] 
23,771: [GC (Allocation Failure) [PSYoungGen: 149088K->96K(144384K)] 150828K->1836K(319488K), 0,0004865 secs] [Times: user=0,00 sys=0,00, real=0,00 secs] 
23,820: [GC (Allocation Failure) [PSYoungGen: 143968K->64K(139776K)] 145708K->1804K(314880K), 0,0005238 secs] [Times: user=0,00 sys=0,00, real=0,00 secs] 
23,867: [GC (Allocation Failure) [PSYoungGen: 139328K->96K(135168K)] 141068K->1836K(310272K), 0,0004909 secs] [Times: user=0,00 sys=0,00, real=0,00 secs] 
23,913: [GC (Allocation Failure) [PSYoungGen: 134752K->96K(131072K)] 136492K->1836K(306176K), 0,0005610 secs] [Times: user=0,00 sys=0,00, real=0,00 secs] 
23,957: [GC (Allocation Failure) [PSYoungGen: 130656K->96K(126976K)] 132396K->1836K(302080K), 0,0004776 secs] [Times: user=0,00 sys=0,00, real=0,00 secs] 
24,000: [GC (Allocation Failure) [PSYoungGen: 126560K->96K(152576K)] 128300K->1836K(327680K), 0,0005050 secs] [Times: user=0,00 sys=0,00, real=0,00 secs] 
24,052: [GC (Allocation Failure) [PSYoungGen: 152160K->96K(147456K)] 153900K->1836K(322560K), 0,0005190 secs] [Times: user=0,00 sys=0,00, real=0,00 secs] 
24,101: [GC (Allocation Failure) [PSYoungGen: 147040K->96K(142848K)] 148780K->1836K(317952K), 0,0004889 secs] [Times: user=0,00 sys=0,00, real=0,00 secs] 
24,149: [GC (Allocation Failure) [PSYoungGen: 142432K->96K(138240K)] 144172K->1836K(313344K), 0,0004943 secs] [Times: user=0,00 sys=0,00, real=0,00 secs] 
24,196: [GC (Allocation Failure) [PSYoungGen: 137824K->96K(133632K)] 139564K->1836K(308736K), 0,0005038 secs] [Times: user=0,00 sys=0,00, real=0,00 secs] 
24,241: [GC (Allocation Failure) [PSYoungGen: 133216K->96K(129536K)] 134956K->1836K(304640K), 0,0005069 secs] [Times: user=0,01 sys=0,00, real=0,00 secs] 
24,285: [GC (Allocation Failure) [PSYoungGen: 129120K->96K(155648K)] 130860K->1836K(330752K), 0,0005084 secs] [Times: user=0,00 sys=0,00, real=0,00 secs] 
24,337: [GC (Allocation Failure) [PSYoungGen: 155232K->96K(150528K)] 156972K->1836K(325632K), 0,0004899 secs] [Times: user=0,00 sys=0,00, real=0,00 secs] 
24,388: [GC (Allocation Failure) [PSYoungGen: 150112K->96K(145408K)] 151852K->1836K(320512K), 0,0004962 secs] [Times: user=0,00 sys=0,00, real=0,00 secs] 
24,437: [GC (Allocation Failure) [PSYoungGen: 144992K->64K(140800K)] 146732K->1804K(315904K), 0,0005466 secs] [Times: user=0,00 sys=0,00, real=0,00 secs] 
24,484: [GC (Allocation Failure) [PSYoungGen: 140352K->96K(136192K)] 142092K->1836K(311296K), 0,0005453 secs] [Times: user=0,00 sys=0,00, real=0,00 secs] 
24,530: [GC (Allocation Failure) [PSYoungGen: 135776K->96K(132096K)] 137516K->1836K(307200K), 0,0004866 secs] [Times: user=0,00 sys=0,00, real=0,00 secs] 
24,575: [GC (Allocation Failure) [PSYoungGen: 131680K->96K(128000K)] 133420K->1836K(303104K), 0,0004894 secs] [Times: user=0,00 sys=0,00, real=0,00 secs] 
24,618: [GC (Allocation Failure) [PSYoungGen: 127584K->64K(123904K)] 129324K->1804K(299008K), 0,0004914 secs] [Times: user=0,01 sys=0,00, real=0,00 secs] 
24,660: [GC (Allocation Failure) [PSYoungGen: 123456K->96K(148992K)] 125196K->1836K(324096K), 0,0004782 secs] [Times: user=0,00 sys=0,00, real=0,00 secs] 
24,710: [GC (Allocation Failure) [PSYoungGen: 148576K->96K(143872K)] 150316K->1836K(318976K), 0,0004825 secs] [Times: user=0,00 sys=0,00, real=0,00 secs] 
24,758: [GC (Allocation Failure) [PSYoungGen: 143455K->32K(139264K)] 145196K->1772K(314368K), 0,0005012 secs] [Times: user=0,00 sys=0,00, real=0,00 secs] 
24,805: [GC (Allocation Failure) [PSYoungGen: 138784K->96K(134656K)] 140524K->1836K(309760K), 0,0005402 secs] [Times: user=0,00 sys=0,00, real=0,00 secs] 
24,850: [GC (Allocation Failure) [PSYoungGen: 134240K->64K(161792K)] 135980K->1804K(336896K), 0,0005765 secs] [Times: user=0,00 sys=0,00, real=0,00 secs] 
24,906: [GC (Allocation Failure) [PSYoungGen: 161344K->64K(156160K)] 163084K->1804K(331264K), 0,0004974 secs] [Times: user=0,00 sys=0,00, real=0,00 secs] 
24,958: [GC (Allocation Failure) [PSYoungGen: 155712K->96K(151040K)] 157452K->1836K(326144K), 0,0004845 secs] [Times: user=0,00 sys=0,00, real=0,00 secs] 
25,009: [GC (Allocation Failure) [PSYoungGen: 150624K->96K(145920K)] 152364K->1836K(321024K), 0,0004843 secs] [Times: user=0,00 sys=0,00, real=0,00 secs] 
25,058: [GC (Allocation Failure) [PSYoungGen: 145504K->96K(141312K)] 147244K->1836K(316416K), 0,0005875 secs] [Times: user=0,00 sys=0,00, real=0,00 secs] 
25,106: [GC (Allocation Failure) [PSYoungGen: 140896K->96K(136704K)] 142636K->1836K(311808K), 0,0004929 secs] [Times: user=0,00 sys=0,00, real=0,00 secs] 
25,152: [GC (Allocation Failure) [PSYoungGen: 136288K->32K(132608K)] 138028K->1772K(307712K), 0,0005542 secs] [Times: user=0,00 sys=0,00, real=0,00 secs] 
25,197: [GC (Allocation Failure) [PSYoungGen: 132128K->96K(128512K)] 133868K->1836K(303616K), 0,0004832 secs] [Times: user=0,00 sys=0,00, real=0,00 secs] 
25,240: [GC (Allocation Failure) [PSYoungGen: 128096K->96K(154112K)] 129836K->1836K(329216K), 0,0004923 secs] [Times: user=0,00 sys=0,00, real=0,00 secs] 
25,292: [GC (Allocation Failure) [PSYoungGen: 153696K->96K(148992K)] 155436K->1836K(324096K), 0,0004986 secs] [Times: user=0,00 sys=0,00, real=0,00 secs] 
25,342: [GC (Allocation Failure) [PSYoungGen: 148576K->64K(143872K)] 150316K->1804K(318976K), 0,0005477 secs] [Times: user=0,01 sys=0,00, real=0,00 secs] 
25,391: [GC (Allocation Failure) [PSYoungGen: 143424K->96K(139264K)] 145164K->1836K(314368K), 0,0004964 secs] [Times: user=0,00 sys=0,00, real=0,00 secs] 
25,437: [GC (Allocation Failure) [PSYoungGen: 138848K->96K(134656K)] 140588K->1836K(309760K), 0,0005222 secs] [Times: user=0,00 sys=0,00, real=0,00 secs] 
25,483: [GC (Allocation Failure) [PSYoungGen: 134240K->96K(130560K)] 135980K->1836K(305664K), 0,0004689 secs] [Times: user=0,00 sys=0,00, real=0,00 secs] 
25,527: [GC (Allocation Failure) [PSYoungGen: 130144K->96K(126464K)] 131884K->1836K(301568K), 0,0004737 secs] [Times: user=0,00 sys=0,00, real=0,00 secs] 
25,569: [GC (Allocation Failure) [PSYoungGen: 126048K->64K(122368K)] 127788K->1804K(297472K), 0,0004631 secs] [Times: user=0,00 sys=0,00, real=0,00 secs] 
25,610: [GC (Allocation Failure) [PSYoungGen: 121920K->96K(146944K)] 123660K->1836K(322048K), 0,0004985 secs] [Times: user=0,00 sys=0,00, real=0,00 secs] 
25,659: [GC (Allocation Failure) [PSYoungGen: 146528K->96K(176640K)] 148268K->1836K(351744K), 0,0005974 secs] [Times: user=0,01 sys=0,00, real=0,00 secs] 
25,719: [GC (Allocation Failure) [PSYoungGen: 176224K->64K(170496K)] 177964K->1804K(345600K), 0,0004924 secs] [Times: user=0,01 sys=0,00, real=0,01 secs] 
25,776: [GC (Allocation Failure) [PSYoungGen: 170048K->96K(164864K)] 171788K->1836K(339968K), 0,0005572 secs] [Times: user=0,00 sys=0,00, real=0,00 secs] 
25,831: [GC (Allocation Failure) [PSYoungGen: 164448K->96K(159232K)] 166188K->1836K(334336K), 0,0004912 secs] [Times: user=0,00 sys=0,00, real=0,00 secs] 
25,885: [GC (Allocation Failure) [PSYoungGen: 158816K->96K(154112K)] 160556K->1836K(329216K), 0,0004831 secs] [Times: user=0,00 sys=0,00, real=0,00 secs] 
25,937: [GC (Allocation Failure) [PSYoungGen: 153696K->96K(148992K)] 155436K->1836K(324096K), 0,0005125 secs] [Times: user=0,01 sys=0,00, real=0,00 secs] 
25,987: [GC (Allocation Failure) [PSYoungGen: 148576K->128K(143872K)] 150316K->1868K(318976K), 0,0004725 secs] [Times: user=0,01 sys=0,00, real=0,00 secs] 
26,036: [GC (Allocation Failure) [PSYoungGen: 143488K->64K(139264K)] 145228K->1804K(314368K), 0,0004933 secs] [Times: user=0,00 sys=0,00, real=0,00 secs] 
26,083: [GC (Allocation Failure) [PSYoungGen: 138816K->96K(134656K)] 140556K->1836K(309760K), 0,0004744 secs] [Times: user=0,00 sys=0,00, real=0,00 secs] 
26,128: [GC (Allocation Failure) [PSYoungGen: 134240K->96K(130560K)] 135980K->1836K(305664K), 0,0005334 secs] [Times: user=0,00 sys=0,00, real=0,00 secs] 
26,172: [GC (Allocation Failure) [PSYoungGen: 130144K->64K(126464K)] 131884K->1804K(301568K), 0,0004804 secs] [Times: user=0,00 sys=0,00, real=0,00 secs] 
26,215: [GC (Allocation Failure) [PSYoungGen: 126016K->96K(122368K)] 127756K->1836K(297472K), 0,0004738 secs] [Times: user=0,01 sys=0,00, real=0,00 secs] 
26,256: [GC (Allocation Failure) [PSYoungGen: 121952K->64K(118784K)] 123692K->1804K(293888K), 0,0004724 secs] [Times: user=0,00 sys=0,00, real=0,00 secs] 
26,296: [GC (Allocation Failure) [PSYoungGen: 118335K->96K(142848K)] 120076K->1836K(317952K), 0,0004924 secs] [Times: user=0,00 sys=0,00, real=0,00 secs] 
26,344: [GC (Allocation Failure) [PSYoungGen: 142432K->96K(138240K)] 144172K->1836K(313344K), 0,0004760 secs] [Times: user=0,00 sys=0,00, real=0,00 secs] 
26,391: [GC (Allocation Failure) [PSYoungGen: 137824K->64K(165888K)] 139564K->1804K(340992K), 0,0005756 secs] [Times: user=0,00 sys=0,00, real=0,00 secs] 
26,447: [GC (Allocation Failure) [PSYoungGen: 165440K->32K(199168K)] 167180K->1772K(374272K), 0,0010594 secs] [Times: user=0,00 sys=0,00, real=0,00 secs] 
26,514: [GC (Allocation Failure) [PSYoungGen: 198688K->96K(239104K)] 200428K->1836K(414208K), 0,0004945 secs] [Times: user=0,00 sys=0,00, real=0,00 secs] 
26,595: [GC (Allocation Failure) [PSYoungGen: 238688K->96K(229888K)] 240428K->1836K(404992K), 0,0004956 secs] [Times: user=0,00 sys=0,00, real=0,00 secs] 
26,672: [GC (Allocation Failure) [PSYoungGen: 229472K->96K(221184K)] 231212K->1836K(396288K), 0,0005015 secs] [Times: user=0,00 sys=0,00, real=0,00 secs] 
26,746: [GC (Allocation Failure) [PSYoungGen: 220768K->96K(212992K)] 222508K->1836K(388096K), 0,0005098 secs] [Times: user=0,00 sys=0,00, real=0,00 secs] 
26,818: [GC (Allocation Failure) [PSYoungGen: 212576K->96K(205312K)] 214316K->1836K(380416K), 0,0004848 secs] [Times: user=0,00 sys=0,00, real=0,00 secs] 
26,887: [GC (Allocation Failure) [PSYoungGen: 204896K->96K(197632K)] 206636K->1836K(372736K), 0,0005034 secs] [Times: user=0,00 sys=0,00, real=0,00 secs] 
26,953: [GC (Allocation Failure) [PSYoungGen: 197216K->96K(190464K)] 198956K->1836K(365568K), 0,0004981 secs] [Times: user=0,00 sys=0,00, real=0,00 secs] 
27,018: [GC (Allocation Failure) [PSYoungGen: 190048K->96K(183808K)] 191788K->1836K(358912K), 0,0005694 secs] [Times: user=0,00 sys=0,00, real=0,00 secs] 
27,079: [GC (Allocation Failure) [PSYoungGen: 183392K->64K(177152K)] 185132K->1804K(352256K), 0,0005332 secs] [Times: user=0,00 sys=0,00, real=0,00 secs] 
27,139: [GC (Allocation Failure) [PSYoungGen: 176704K->96K(171008K)] 178444K->1836K(346112K), 0,0005403 secs] [Times: user=0,00 sys=0,00, real=0,01 secs] 
27,197: [GC (Allocation Failure) [PSYoungGen: 170592K->64K(164864K)] 172332K->1804K(339968K), 0,0005040 secs] [Times: user=0,00 sys=0,00, real=0,00 secs] 
27,252: [GC (Allocation Failure) [PSYoungGen: 164416K->96K(159232K)] 166156K->1836K(334336K), 0,0004919 secs] [Times: user=0,00 sys=0,00, real=0,00 secs] 
27,306: [GC (Allocation Failure) [PSYoungGen: 158816K->96K(154112K)] 160556K->1836K(329216K), 0,0005013 secs] [Times: user=0,00 sys=0,00, real=0,00 secs] 
27,358: [GC (Allocation Failure) [PSYoungGen: 153696K->96K(148992K)] 155436K->1836K(324096K), 0,0005269 secs] [Times: user=0,00 sys=0,00, real=0,00 secs] 
27,408: [GC (Allocation Failure) [PSYoungGen: 148576K->96K(143872K)] 150316K->1836K(318976K), 0,0004603 secs] [Times: user=0,00 sys=0,00, real=0,00 secs] 
27,456: [GC (Allocation Failure) [PSYoungGen: 143456K->96K(139264K)] 145196K->1836K(314368K), 0,0004981 secs] [Times: user=0,00 sys=0,00, real=0,00 secs] 
27,503: [GC (Allocation Failure) [PSYoungGen: 138848K->96K(134656K)] 140588K->1836K(309760K), 0,0004737 secs] [Times: user=0,00 sys=0,00, real=0,00 secs] 
27,549: [GC (Allocation Failure) [PSYoungGen: 134240K->64K(130560K)] 135980K->1804K(305664K), 0,0004950 secs] [Times: user=0,00 sys=0,00, real=0,01 secs] 
27,593: [GC (Allocation Failure) [PSYoungGen: 130112K->96K(126464K)] 131852K->1836K(301568K), 0,0005070 secs] [Times: user=0,00 sys=0,00, real=0,00 secs] 
27,636: [GC (Allocation Failure) [PSYoungGen: 126048K->96K(122368K)] 127788K->1836K(297472K), 0,0004912 secs] [Times: user=0,00 sys=0,00, real=0,00 secs] 
27,678: [GC (Allocation Failure) [PSYoungGen: 121952K->96K(118784K)] 123692K->1836K(293888K), 0,0004767 secs] [Times: user=0,00 sys=0,00, real=0,00 secs] 
27,718: [GC (Allocation Failure) [PSYoungGen: 118368K->96K(142848K)] 120108K->1836K(317952K), 0,0005230 secs] [Times: user=0,00 sys=0,00, real=0,00 secs] 
27,767: [GC (Allocation Failure) [PSYoungGen: 142432K->96K(171520K)] 144172K->1836K(346624K), 0,0007054 secs] [Times: user=0,00 sys=0,00, real=0,00 secs] 
27,825: [GC (Allocation Failure) [PSYoungGen: 171104K->96K(205824K)] 172844K->1836K(380928K), 0,0004988 secs] [Times: user=0,00 sys=0,00, real=0,00 secs] 
27,895: [GC (Allocation Failure) [PSYoungGen: 205408K->96K(198144K)] 207148K->1836K(373248K), 0,0005087 secs] [Times: user=0,00 sys=0,00, real=0,00 secs] 
27,962: [GC (Allocation Failure) [PSYoungGen: 197728K->96K(190976K)] 199468K->1836K(366080K), 0,0004965 secs] [Times: user=0,00 sys=0,00, real=0,00 secs] 
28,026: [GC (Allocation Failure) [PSYoungGen: 190560K->96K(184320K)] 192300K->1836K(359424K), 0,0004922 secs] [Times: user=0,00 sys=0,00, real=0,00 secs] 
28,089: [GC (Allocation Failure) [PSYoungGen: 183903K->96K(177664K)] 185644K->1836K(352768K), 0,0005306 secs] [Times: user=0,00 sys=0,00, real=0,01 secs] 
28,149: [GC (Allocation Failure) [PSYoungGen: 177248K->96K(171520K)] 178988K->1836K(346624K), 0,0004942 secs] [Times: user=0,00 sys=0,00, real=0,01 secs] 
28,207: [GC (Allocation Failure) [PSYoungGen: 171104K->96K(165376K)] 172844K->1836K(340480K), 0,0004947 secs] [Times: user=0,00 sys=0,00, real=0,00 secs] 
28,263: [GC (Allocation Failure) [PSYoungGen: 164960K->96K(159744K)] 166700K->1836K(334848K), 0,0005970 secs] [Times: user=0,01 sys=0,00, real=0,00 secs] 
28,317: [GC (Allocation Failure) [PSYoungGen: 159328K->32K(154112K)] 161068K->1772K(329216K), 0,0007372 secs] [Times: user=0,00 sys=0,00, real=0,00 secs] 
28,369: [GC (Allocation Failure) [PSYoungGen: 153632K->96K(148992K)] 155372K->1836K(324096K), 0,0005696 secs] [Times: user=0,00 sys=0,00, real=0,01 secs] 
28,419: [GC (Allocation Failure) [PSYoungGen: 148576K->96K(143872K)] 150316K->1836K(318976K), 0,0005096 secs] [Times: user=0,00 sys=0,00, real=0,00 secs] 
28,468: [GC (Allocation Failure) [PSYoungGen: 143456K->64K(139264K)] 145196K->1804K(314368K), 0,0004849 secs] [Times: user=0,00 sys=0,00, real=0,00 secs] 
28,515: [GC (Allocation Failure) [PSYoungGen: 138816K->96K(134656K)] 140556K->1836K(309760K), 0,0004788 secs] [Times: user=0,00 sys=0,00, real=0,00 secs] 
28,560: [GC (Allocation Failure) [PSYoungGen: 134240K->96K(130560K)] 135980K->1836K(305664K), 0,0004833 secs] [Times: user=0,01 sys=0,00, real=0,00 secs] 
28,604: [GC (Allocation Failure) [PSYoungGen: 130144K->96K(126464K)] 131884K->1836K(301568K), 0,0004737 secs] [Times: user=0,00 sys=0,00, real=0,00 secs] 
28,647: [GC (Allocation Failure) [PSYoungGen: 126048K->96K(122368K)] 127788K->1836K(297472K), 0,0004772 secs] [Times: user=0,00 sys=0,00, real=0,00 secs] 
28,688: [GC (Allocation Failure) [PSYoungGen: 121952K->64K(146944K)] 123692K->1804K(322048K), 0,0005099 secs] [Times: user=0,01 sys=0,00, real=0,00 secs] 
28,738: [GC (Allocation Failure) [PSYoungGen: 146496K->96K(176640K)] 148236K->1836K(351744K), 0,0005380 secs] [Times: user=0,01 sys=0,00, real=0,00 secs] 
28,797: [GC (Allocation Failure) [PSYoungGen: 176224K->96K(170496K)] 177964K->1836K(345600K), 0,0004995 secs] [Times: user=0,01 sys=0,00, real=0,00 secs] 
28,855: [GC (Allocation Failure) [PSYoungGen: 170080K->64K(164864K)] 171820K->1804K(339968K), 0,0005045 secs] [Times: user=0,00 sys=0,00, real=0,00 secs] 
28,910: [GC (Allocation Failure) [PSYoungGen: 164416K->64K(159232K)] 166156K->1804K(334336K), 0,0004858 secs] [Times: user=0,00 sys=0,00, real=0,00 secs] 
28,964: [GC (Allocation Failure) [PSYoungGen: 158784K->64K(154112K)] 160524K->1804K(329216K), 0,0004994 secs] [Times: user=0,00 sys=0,00, real=0,00 secs] 
29,015: [GC (Allocation Failure) [PSYoungGen: 153664K->64K(148992K)] 155404K->1804K(324096K), 0,0004893 secs] [Times: user=0,00 sys=0,00, real=0,00 secs] 
29,066: [GC (Allocation Failure) [PSYoungGen: 148544K->96K(143872K)] 150284K->1836K(318976K), 0,0005077 secs] [Times: user=0,01 sys=0,00, real=0,00 secs] 
29,114: [GC (Allocation Failure) [PSYoungGen: 143456K->96K(139264K)] 145196K->1836K(314368K), 0,0006100 secs] [Times: user=0,00 sys=0,00, real=0,00 secs] 
29,161: [GC (Allocation Failure) [PSYoungGen: 138848K->96K(134656K)] 140588K->1836K(309760K), 0,0004766 secs] [Times: user=0,00 sys=0,00, real=0,00 secs] 
29,206: [GC (Allocation Failure) [PSYoungGen: 134240K->96K(130560K)] 135980K->1836K(305664K), 0,0005071 secs] [Times: user=0,00 sys=0,00, real=0,00 secs] 
29,250: [GC (Allocation Failure) [PSYoungGen: 130144K->96K(126464K)] 131884K->1836K(301568K), 0,0004849 secs] [Times: user=0,00 sys=0,00, real=0,00 secs] 
29,293: [GC (Allocation Failure) [PSYoungGen: 126048K->96K(122368K)] 127788K->1836K(297472K), 0,0004861 secs] [Times: user=0,00 sys=0,00, real=0,00 secs] 
29,334: [GC (Allocation Failure) [PSYoungGen: 121952K->96K(146944K)] 123692K->1836K(322048K), 0,0004758 secs] [Times: user=0,00 sys=0,00, real=0,00 secs] 
29,384: [GC (Allocation Failure) [PSYoungGen: 146528K->96K(142336K)] 148268K->1836K(317440K), 0,0004936 secs] [Times: user=0,00 sys=0,00, real=0,00 secs] 
29,432: [GC (Allocation Failure) [PSYoungGen: 141920K->64K(171008K)] 143660K->1804K(346112K), 0,0006751 secs] [Times: user=0,01 sys=0,00, real=0,00 secs] 
29,489: [GC (Allocation Failure) [PSYoungGen: 170560K->96K(164864K)] 172300K->1836K(339968K), 0,0004889 secs] [Times: user=0,00 sys=0,00, real=0,00 secs] 
29,545: [GC (Allocation Failure) [PSYoungGen: 164448K->96K(159232K)] 166188K->1836K(334336K), 0,0004851 secs] [Times: user=0,00 sys=0,00, real=0,00 secs] 
29,599: [GC (Allocation Failure) [PSYoungGen: 158816K->96K(154112K)] 160556K->1836K(329216K), 0,0004909 secs] [Times: user=0,00 sys=0,00, real=0,00 secs] 
29,650: [GC (Allocation Failure) [PSYoungGen: 153696K->64K(148992K)] 155436K->1804K(324096K), 0,0005222 secs] [Times: user=0,01 sys=0,00, real=0,00 secs] 
29,700: [GC (Allocation Failure) [PSYoungGen: 148544K->64K(143872K)] 150284K->1804K(318976K), 0,0004787 secs] [Times: user=0,00 sys=0,00, real=0,00 secs] 
29,749: [GC (Allocation Failure) [PSYoungGen: 143424K->96K(139264K)] 145164K->1836K(314368K), 0,0004973 secs] [Times: user=0,00 sys=0,00, real=0,01 secs] 
29,796: [GC (Allocation Failure) [PSYoungGen: 138848K->96K(134656K)] 140588K->1836K(309760K), 0,0004799 secs] [Times: user=0,00 sys=0,00, real=0,00 secs] 
29,841: [GC (Allocation Failure) [PSYoungGen: 134240K->96K(130560K)] 135980K->1836K(305664K), 0,0004886 secs] [Times: user=0,00 sys=0,00, real=0,00 secs] 
29,885: [GC (Allocation Failure) [PSYoungGen: 130144K->96K(126464K)] 131884K->1836K(301568K), 0,0004830 secs] [Times: user=0,00 sys=0,00, real=0,00 secs] 
29,928: [GC (Allocation Failure) [PSYoungGen: 126048K->96K(122368K)] 127788K->1836K(297472K), 0,0005069 secs] [Times: user=0,01 sys=0,00, real=0,00 secs] 
29,969: [GC (Allocation Failure) [PSYoungGen: 121952K->96K(118784K)] 123692K->1836K(293888K), 0,0004689 secs] [Times: user=0,00 sys=0,00, real=0,00 secs] 
30,009: [GC (Allocation Failure) [PSYoungGen: 118367K->64K(142848K)] 120108K->1804K(317952K), 0,0004799 secs] [Times: user=0,00 sys=0,00, real=0,00 secs] 
30,057: [GC (Allocation Failure) [PSYoungGen: 142400K->96K(171520K)] 144140K->1836K(346624K), 0,0006007 secs] [Times: user=0,00 sys=0,00, real=0,00 secs] 
30,115: [GC (Allocation Failure) [PSYoungGen: 171104K->64K(165376K)] 172844K->1804K(340480K), 0,0004869 secs] [Times: user=0,00 sys=0,00, real=0,00 secs] 
30,171: [GC (Allocation Failure) [PSYoungGen: 164928K->64K(159744K)] 166668K->1804K(334848K), 0,0004886 secs] [Times: user=0,00 sys=0,00, real=0,00 secs] 
30,224: [GC (Allocation Failure) [PSYoungGen: 159296K->96K(154112K)] 161036K->1836K(329216K), 0,0004863 secs] [Times: user=0,00 sys=0,00, real=0,00 secs] 
30,276: [GC (Allocation Failure) [PSYoungGen: 153696K->96K(148992K)] 155436K->1836K(324096K), 0,0005230 secs] [Times: user=0,00 sys=0,00, real=0,00 secs] 
30,327: [GC (Allocation Failure) [PSYoungGen: 148576K->32K(143872K)] 150316K->1796K(318976K), 0,0005609 secs] [Times: user=0,00 sys=0,00, real=0,00 secs] 
30,375: [GC (Allocation Failure) [PSYoungGen: 143392K->64K(139264K)] 145156K->1828K(314368K), 0,0005686 secs] [Times: user=0,00 sys=0,01, real=0,00 secs] 
30,422: [GC (Allocation Failure) [PSYoungGen: 138816K->96K(134656K)] 140580K->1860K(309760K), 0,0004975 secs] [Times: user=0,00 sys=0,00, real=0,00 secs] 
30,467: [GC (Allocation Failure) [PSYoungGen: 134240K->96K(130560K)] 136004K->1860K(305664K), 0,0004881 secs] [Times: user=0,00 sys=0,00, real=0,00 secs] 
30,511: [GC (Allocation Failure) [PSYoungGen: 130144K->96K(126464K)] 131908K->1860K(301568K), 0,0004970 secs] [Times: user=0,00 sys=0,00, real=0,00 secs] 
30,554: [GC (Allocation Failure) [PSYoungGen: 126048K->96K(122368K)] 127812K->1860K(297472K), 0,0004806 secs] [Times: user=0,00 sys=0,00, real=0,00 secs] 
30,595: [GC (Allocation Failure) [PSYoungGen: 121952K->96K(146944K)] 123716K->1860K(322048K), 0,0004724 secs] [Times: user=0,00 sys=0,00, real=0,00 secs] 
30,644: [GC (Allocation Failure) [PSYoungGen: 146528K->96K(142336K)] 148292K->1860K(317440K), 0,0004827 secs] [Times: user=0,00 sys=0,00, real=0,00 secs] 
30,692: [GC (Allocation Failure) [PSYoungGen: 141920K->64K(171008K)] 143684K->1828K(346112K), 0,0005505 secs] [Times: user=0,00 sys=0,00, real=0,00 secs] 
30,750: [GC (Allocation Failure) [PSYoungGen: 170560K->96K(164864K)] 172324K->1860K(339968K), 0,0004882 secs] [Times: user=0,00 sys=0,00, real=0,00 secs] 
30,805: [GC (Allocation Failure) [PSYoungGen: 164448K->64K(159232K)] 166212K->1828K(334336K), 0,0004864 secs] [Times: user=0,00 sys=0,00, real=0,00 secs] 
30,859: [GC (Allocation Failure) [PSYoungGen: 158784K->96K(154112K)] 160548K->1860K(329216K), 0,0004948 secs] [Times: user=0,00 sys=0,00, real=0,01 secs] 
30,915: [GC (Allocation Failure) [PSYoungGen: 153696K->64K(148992K)] 155460K->1828K(324096K), 0,0005999 secs] [Times: user=0,00 sys=0,00, real=0,00 secs] 
30,965: [GC (Allocation Failure) [PSYoungGen: 148544K->64K(143872K)] 150308K->1828K(318976K), 0,0005427 secs] [Times: user=0,00 sys=0,00, real=0,00 secs] 
31,014: [GC (Allocation Failure) [PSYoungGen: 143424K->64K(139264K)] 145188K->1828K(314368K), 0,0005032 secs] [Times: user=0,00 sys=0,00, real=0,00 secs] 
31,061: [GC (Allocation Failure) [PSYoungGen: 138816K->96K(134656K)] 140580K->1860K(309760K), 0,0004984 secs] [Times: user=0,00 sys=0,00, real=0,00 secs] 
31,106: [GC (Allocation Failure) [PSYoungGen: 134240K->64K(130560K)] 136004K->1828K(305664K), 0,0004851 secs] [Times: user=0,00 sys=0,00, real=0,00 secs] 
31,150: [GC (Allocation Failure) [PSYoungGen: 130112K->96K(126464K)] 131876K->1860K(301568K), 0,0005088 secs] [Times: user=0,00 sys=0,00, real=0,00 secs] 
31,192: [GC (Allocation Failure) [PSYoungGen: 126048K->96K(122368K)] 127812K->1860K(297472K), 0,0004709 secs] [Times: user=0,00 sys=0,00, real=0,00 secs] 
31,234: [GC (Allocation Failure) [PSYoungGen: 121952K->64K(146944K)] 123716K->1828K(322048K), 0,0005281 secs] [Times: user=0,00 sys=0,00, real=0,00 secs] 
31,283: [GC (Allocation Failure) [PSYoungGen: 146496K->96K(142336K)] 148260K->1860K(317440K), 0,0004925 secs] [Times: user=0,00 sys=0,00, real=0,00 secs] 
31,331: [GC (Allocation Failure) [PSYoungGen: 141920K->32K(171008K)] 143684K->1796K(346112K), 0,0005490 secs] [Times: user=0,00 sys=0,00, real=0,00 secs] 
31,389: [GC (Allocation Failure) [PSYoungGen: 170528K->96K(164864K)] 172292K->1860K(339968K), 0,0004932 secs] [Times: user=0,00 sys=0,00, real=0,01 secs] 
31,444: [GC (Allocation Failure) [PSYoungGen: 164448K->96K(159232K)] 166212K->1860K(334336K), 0,0004933 secs] [Times: user=0,01 sys=0,00, real=0,00 secs] 
31,498: [GC (Allocation Failure) [PSYoungGen: 158816K->96K(154112K)] 160580K->1860K(329216K), 0,0005167 secs] [Times: user=0,00 sys=0,00, real=0,00 secs] 
31,550: [GC (Allocation Failure) [PSYoungGen: 153696K->32K(184832K)] 155460K->1796K(359936K), 0,0010589 secs] [Times: user=0,00 sys=0,00, real=0,00 secs] 
31,616: [GC (Allocation Failure) [PSYoungGen: 184352K->96K(221696K)] 186116K->1860K(396800K), 0,0005041 secs] [Times: user=0,00 sys=0,00, real=0,00 secs] 
31,691: [GC (Allocation Failure) [PSYoungGen: 221280K->96K(213504K)] 223044K->1860K(388608K), 0,0005003 secs] [Times: user=0,00 sys=0,00, real=0,00 secs] 
31,762: [GC (Allocation Failure) [PSYoungGen: 213088K->96K(205824K)] 214852K->1860K(380928K), 0,0005323 secs] [Times: user=0,01 sys=0,00, real=0,00 secs] 
31,833: [GC (Allocation Failure) [PSYoungGen: 205407K->32K(198144K)] 207172K->1796K(373248K), 0,0005639 secs] [Times: user=0,00 sys=0,00, real=0,00 secs] 
31,899: [GC (Allocation Failure) [PSYoungGen: 197664K->96K(190976K)] 199428K->1860K(366080K), 0,0004906 secs] [Times: user=0,00 sys=0,00, real=0,00 secs] 
31,964: [GC (Allocation Failure) [PSYoungGen: 190560K->64K(184320K)] 192324K->1828K(359424K), 0,0005722 secs] [Times: user=0,00 sys=0,00, real=0,00 secs] 
32,026: [GC (Allocation Failure) [PSYoungGen: 183871K->64K(177664K)] 185636K->1828K(352768K), 0,0005229 secs] [Times: user=0,00 sys=0,00, real=0,00 secs] 
32,086: [GC (Allocation Failure) [PSYoungGen: 177216K->64K(171520K)] 178980K->1828K(346624K), 0,0004834 secs] [Times: user=0,00 sys=0,00, real=0,00 secs] 
32,144: [GC (Allocation Failure) [PSYoungGen: 171072K->96K(165376K)] 172836K->1860K(340480K), 0,0005053 secs] [Times: user=0,00 sys=0,00, real=0,00 secs] 
32,200: [GC (Allocation Failure) [PSYoungGen: 164960K->96K(159744K)] 166724K->1860K(334848K), 0,0005259 secs] [Times: user=0,01 sys=0,00, real=0,00 secs] 
32,253: [GC (Allocation Failure) [PSYoungGen: 159328K->64K(154112K)] 161092K->1828K(329216K), 0,0005153 secs] [Times: user=0,00 sys=0,00, real=0,00 secs] 
32,305: [GC (Allocation Failure) [PSYoungGen: 153664K->64K(148992K)] 155428K->1828K(324096K), 0,0005717 secs] [Times: user=0,00 sys=0,00, real=0,00 secs] 
32,355: [GC (Allocation Failure) [PSYoungGen: 148544K->64K(143872K)] 150308K->1828K(318976K), 0,0005149 secs] [Times: user=0,00 sys=0,00, real=0,00 secs] 
32,404: [GC (Allocation Failure) [PSYoungGen: 143424K->96K(139264K)] 145188K->1860K(314368K), 0,0004806 secs] [Times: user=0,00 sys=0,00, real=0,00 secs] 
32,451: [GC (Allocation Failure) [PSYoungGen: 138848K->96K(134656K)] 140612K->1860K(309760K), 0,0005033 secs] [Times: user=0,00 sys=0,00, real=0,00 secs] 
32,496: [GC (Allocation Failure) [PSYoungGen: 134240K->64K(130560K)] 136004K->1828K(305664K), 0,0004835 secs] [Times: user=0,00 sys=0,00, real=0,00 secs] 
32,540: [GC (Allocation Failure) [PSYoungGen: 130112K->32K(126464K)] 131876K->1796K(301568K), 0,0005492 secs] [Times: user=0,00 sys=0,00, real=0,00 secs] 
32,583: [GC (Allocation Failure) [PSYoungGen: 125984K->96K(122368K)] 127748K->1860K(297472K), 0,0004926 secs] [Times: user=0,00 sys=0,00, real=0,00 secs] 
32,624: [GC (Allocation Failure) [PSYoungGen: 121952K->96K(146944K)] 123716K->1860K(322048K), 0,0004988 secs] [Times: user=0,00 sys=0,00, real=0,00 secs] 
32,673: [GC (Allocation Failure) [PSYoungGen: 146528K->96K(142336K)] 148292K->1860K(317440K), 0,0004892 secs] [Times: user=0,00 sys=0,00, real=0,00 secs] 
32,721: [GC (Allocation Failure) [PSYoungGen: 141919K->64K(137728K)] 143684K->1828K(312832K), 0,0005041 secs] [Times: user=0,00 sys=0,00, real=0,00 secs] 
32,768: [GC (Allocation Failure) [PSYoungGen: 137280K->96K(133120K)] 139044K->1860K(308224K), 0,0004673 secs] [Times: user=0,00 sys=0,00, real=0,00 secs] 
32,812: [GC (Allocation Failure) [PSYoungGen: 132704K->96K(129024K)] 134468K->1860K(304128K), 0,0004675 secs] [Times: user=0,00 sys=0,00, real=0,00 secs] 
32,856: [GC (Allocation Failure) [PSYoungGen: 128608K->96K(124928K)] 130372K->1860K(300032K), 0,0004624 secs] [Times: user=0,00 sys=0,00, real=0,00 secs] 
32,898: [GC (Allocation Failure) [PSYoungGen: 124512K->96K(121344K)] 126276K->1860K(296448K), 0,0005054 secs] [Times: user=0,00 sys=0,00, real=0,00 secs] 
32,939: [GC (Allocation Failure) [PSYoungGen: 120928K->64K(145920K)] 122692K->1828K(321024K), 0,0005410 secs] [Times: user=0,00 sys=0,00, real=0,01 secs] 
32,988: [GC (Allocation Failure) [PSYoungGen: 145471K->96K(175104K)] 147236K->1860K(350208K), 0,0005328 secs] [Times: user=0,00 sys=0,00, real=0,00 secs] 
33,047: [GC (Allocation Failure) [PSYoungGen: 174688K->96K(168960K)] 176452K->1860K(344064K), 0,0004781 secs] [Times: user=0,00 sys=0,00, real=0,00 secs] 
33,104: [GC (Allocation Failure) [PSYoungGen: 168544K->96K(163328K)] 170308K->1860K(338432K), 0,0005768 secs] [Times: user=0,00 sys=0,01, real=0,00 secs] 
33,159: [GC (Allocation Failure) [PSYoungGen: 162912K->96K(157696K)] 164676K->1860K(332800K), 0,0004971 secs] [Times: user=0,00 sys=0,00, real=0,01 secs] 
33,212: [GC (Allocation Failure) [PSYoungGen: 157280K->96K(152576K)] 159044K->1860K(327680K), 0,0005031 secs] [Times: user=0,00 sys=0,00, real=0,00 secs] 
33,263: [GC (Allocation Failure) [PSYoungGen: 152160K->96K(147456K)] 153924K->1860K(322560K), 0,0005093 secs] [Times: user=0,00 sys=0,00, real=0,00 secs] 
33,313: [GC (Allocation Failure) [PSYoungGen: 147040K->96K(142848K)] 148804K->1860K(317952K), 0,0004847 secs] [Times: user=0,00 sys=0,00, real=0,00 secs] 
33,361: [GC (Allocation Failure) [PSYoungGen: 142432K->96K(138240K)] 144196K->1860K(313344K), 0,0004959 secs] [Times: user=0,00 sys=0,00, real=0,00 secs] 
33,407: [GC (Allocation Failure) [PSYoungGen: 137824K->32K(133632K)] 139588K->1796K(308736K), 0,0005392 secs] [Times: user=0,00 sys=0,00, real=0,00 secs] 
33,452: [GC (Allocation Failure) [PSYoungGen: 133152K->64K(129536K)] 134916K->1828K(304640K), 0,0005337 secs] [Times: user=0,00 sys=0,00, real=0,00 secs] 
33,496: [GC (Allocation Failure) [PSYoungGen: 129088K->96K(155648K)] 130852K->1860K(330752K), 0,0005560 secs] [Times: user=0,00 sys=0,00, real=0,00 secs] 
33,548: [GC (Allocation Failure) [PSYoungGen: 155232K->96K(150528K)] 156996K->1860K(325632K), 0,0004971 secs] [Times: user=0,01 sys=0,00, real=0,00 secs] 
33,599: [GC (Allocation Failure) [PSYoungGen: 150112K->64K(145408K)] 151876K->1828K(320512K), 0,0004804 secs] [Times: user=0,00 sys=0,00, real=0,01 secs] 
33,648: [GC (Allocation Failure) [PSYoungGen: 144960K->96K(140800K)] 146724K->1860K(315904K), 0,0004845 secs] [Times: user=0,00 sys=0,00, real=0,00 secs] 
33,695: [GC (Allocation Failure) [PSYoungGen: 140384K->96K(136192K)] 142148K->1860K(311296K), 0,0004767 secs] [Times: user=0,00 sys=0,00, real=0,00 secs] 
33,741: [GC (Allocation Failure) [PSYoungGen: 135776K->96K(132096K)] 137540K->1860K(307200K), 0,0004900 secs] [Times: user=0,00 sys=0,00, real=0,00 secs] 
33,786: [GC (Allocation Failure) [PSYoungGen: 131680K->64K(128000K)] 133444K->1828K(303104K), 0,0004937 secs] [Times: user=0,01 sys=0,00, real=0,00 secs] 
33,829: [GC (Allocation Failure) [PSYoungGen: 127552K->64K(123904K)] 129316K->1828K(299008K), 0,0004956 secs] [Times: user=0,00 sys=0,00, real=0,00 secs] 
33,871: [GC (Allocation Failure) [PSYoungGen: 123456K->32K(148992K)] 125220K->1796K(324096K), 0,0005457 secs] [Times: user=0,00 sys=0,00, real=0,00 secs] 
33,922: [GC (Allocation Failure) [PSYoungGen: 148512K->96K(143872K)] 150276K->1860K(318976K), 0,0005043 secs] [Times: user=0,00 sys=0,00, real=0,00 secs] 
33,970: [GC (Allocation Failure) [PSYoungGen: 143456K->96K(139264K)] 145220K->1860K(314368K), 0,0005160 secs] [Times: user=0,00 sys=0,00, real=0,00 secs] 
34,017: [GC (Allocation Failure) [PSYoungGen: 138848K->64K(167424K)] 140612K->1828K(342528K), 0,0005350 secs] [Times: user=0,00 sys=0,00, real=0,00 secs] 
34,074: [GC (Allocation Failure) [PSYoungGen: 166976K->96K(161792K)] 168740K->1860K(336896K), 0,0006101 secs] [Times: user=0,00 sys=0,00, real=0,00 secs] 
34,128: [GC (Allocation Failure) [PSYoungGen: 161376K->96K(156160K)] 163140K->1860K(331264K), 0,0004810 secs] [Times: user=0,00 sys=0,00, real=0,00 secs] 
34,180: [GC (Allocation Failure) [PSYoungGen: 155744K->96K(151040K)] 157508K->1860K(326144K), 0,0005019 secs] [Times: user=0,00 sys=0,00, real=0,00 secs] 
34,232: [GC (Allocation Failure) [PSYoungGen: 150624K->96K(145920K)] 152388K->1860K(321024K), 0,0005071 secs] [Times: user=0,00 sys=0,00, real=0,00 secs] 
34,281: [GC (Allocation Failure) [PSYoungGen: 145504K->64K(141312K)] 147268K->1828K(316416K), 0,0004831 secs] [Times: user=0,00 sys=0,00, real=0,00 secs] 
34,328: [GC (Allocation Failure) [PSYoungGen: 140864K->64K(136704K)] 142628K->1828K(311808K), 0,0004961 secs] [Times: user=0,00 sys=0,00, real=0,00 secs] 
34,374: [GC (Allocation Failure) [PSYoungGen: 136256K->96K(132608K)] 138020K->1860K(307712K), 0,0005090 secs] [Times: user=0,00 sys=0,00, real=0,00 secs] 
34,419: [GC (Allocation Failure) [PSYoungGen: 132192K->96K(128512K)] 133956K->1860K(303616K), 0,0004996 secs] [Times: user=0,00 sys=0,00, real=0,01 secs] 
34,462: [GC (Allocation Failure) [PSYoungGen: 128096K->64K(124416K)] 129860K->1828K(299520K), 0,0004752 secs] [Times: user=0,00 sys=0,00, real=0,00 secs] 
34,504: [GC (Allocation Failure) [PSYoungGen: 123968K->96K(120832K)] 125732K->1860K(295936K), 0,0004813 secs] [Times: user=0,00 sys=0,00, real=0,00 secs] 
34,544: [GC (Allocation Failure) [PSYoungGen: 120416K->96K(144896K)] 122180K->1860K(320000K), 0,0005386 secs] [Times: user=0,00 sys=0,00, real=0,00 secs] 
34,593: [GC (Allocation Failure) [PSYoungGen: 144480K->96K(174080K)] 146244K->1860K(349184K), 0,0004844 secs] [Times: user=0,00 sys=0,00, real=0,00 secs] 
34,652: [GC (Allocation Failure) [PSYoungGen: 173664K->96K(167936K)] 175428K->1860K(343040K), 0,0004910 secs] [Times: user=0,00 sys=0,00, real=0,00 secs] 
34,708: [GC (Allocation Failure) [PSYoungGen: 167520K->96K(162304K)] 169284K->1860K(337408K), 0,0004948 secs] [Times: user=0,00 sys=0,00, real=0,00 secs] 
34,763: [GC (Allocation Failure) [PSYoungGen: 161888K->96K(156672K)] 163652K->1860K(331776K), 0,0004986 secs] [Times: user=0,00 sys=0,00, real=0,00 secs] 
34,816: [GC (Allocation Failure) [PSYoungGen: 156256K->64K(151552K)] 158020K->1828K(326656K), 0,0005055 secs] [Times: user=0,00 sys=0,00, real=0,00 secs] 
34,867: [GC (Allocation Failure) [PSYoungGen: 151104K->96K(146432K)] 152868K->1860K(321536K), 0,0004922 secs] [Times: user=0,01 sys=0,00, real=0,00 secs] 
34,916: [GC (Allocation Failure) [PSYoungGen: 146016K->64K(141824K)] 147780K->1828K(316928K), 0,0005624 secs] [Times: user=0,01 sys=0,00, real=0,00 secs] 
34,964: [GC (Allocation Failure) [PSYoungGen: 141376K->96K(137216K)] 143140K->1860K(312320K), 0,0004872 secs] [Times: user=0,00 sys=0,00, real=0,00 secs] 
35,010: [GC (Allocation Failure) [PSYoungGen: 136800K->96K(132608K)] 138564K->1860K(307712K), 0,0004986 secs] [Times: user=0,00 sys=0,00, real=0,00 secs] 
35,055: [GC (Allocation Failure) [PSYoungGen: 132192K->96K(128512K)] 133956K->1860K(303616K), 0,0004693 secs] [Times: user=0,01 sys=0,00, real=0,00 secs] 
35,098: [GC (Allocation Failure) [PSYoungGen: 128096K->96K(124416K)] 129860K->1860K(299520K), 0,0005386 secs] [Times: user=0,00 sys=0,00, real=0,00 secs] 
35,140: [GC (Allocation Failure) [PSYoungGen: 124000K->96K(149504K)] 125764K->1860K(324608K), 0,0004759 secs] [Times: user=0,00 sys=0,00, real=0,00 secs] 
35,191: [GC (Allocation Failure) [PSYoungGen: 149088K->96K(144384K)] 150852K->1860K(319488K), 0,0004712 secs] [Times: user=0,00 sys=0,00, real=0,00 secs] 
35,239: [GC (Allocation Failure) [PSYoungGen: 143967K->96K(139776K)] 145732K->1860K(314880K), 0,0005230 secs] [Times: user=0,00 sys=0,00, real=0,00 secs] 
35,287: [GC (Allocation Failure) [PSYoungGen: 139360K->96K(135168K)] 141124K->1860K(310272K), 0,0004942 secs] [Times: user=0,00 sys=0,00, real=0,00 secs] 
35,332: [GC (Allocation Failure) [PSYoungGen: 134752K->96K(131072K)] 136516K->1860K(306176K), 0,0004610 secs] [Times: user=0,01 sys=0,00, real=0,00 secs] 
35,376: [GC (Allocation Failure) [PSYoungGen: 130656K->96K(126976K)] 132420K->1860K(302080K), 0,0004850 secs] [Times: user=0,00 sys=0,00, real=0,00 secs] 
35,419: [GC (Allocation Failure) [PSYoungGen: 126560K->64K(152576K)] 128324K->1828K(327680K), 0,0009765 secs] [Times: user=0,00 sys=0,00, real=0,00 secs] 
35,471: [GC (Allocation Failure) [PSYoungGen: 152128K->96K(183296K)] 153892K->1860K(358400K), 0,0004891 secs] [Times: user=0,01 sys=0,00, real=0,00 secs] 
35,532: [GC (Allocation Failure) [PSYoungGen: 182880K->64K(220160K)] 184644K->1828K(395264K), 0,0005101 secs] [Times: user=0,00 sys=0,00, real=0,00 secs] 
35,606: [GC (Allocation Failure) [PSYoungGen: 219712K->96K(211968K)] 221476K->1860K(387072K), 0,0004921 secs] [Times: user=0,00 sys=0,00, real=0,00 secs] 
35,677: [GC (Allocation Failure) [PSYoungGen: 211552K->96K(204288K)] 213316K->1860K(379392K), 0,0004917 secs] [Times: user=0,00 sys=0,00, real=0,00 secs] 
35,746: [GC (Allocation Failure) [PSYoungGen: 203872K->96K(196608K)] 205636K->1860K(371712K), 0,0004879 secs] [Times: user=0,00 sys=0,00, real=0,00 secs] 
35,812: [GC (Allocation Failure) [PSYoungGen: 196192K->96K(189440K)] 197956K->1860K(364544K), 0,0004931 secs] [Times: user=0,00 sys=0,00, real=0,00 secs] 
35,876: [GC (Allocation Failure) [PSYoungGen: 189024K->96K(182784K)] 190788K->1860K(357888K), 0,0004895 secs] [Times: user=0,00 sys=0,00, real=0,00 secs] 
35,938: [GC (Allocation Failure) [PSYoungGen: 182368K->64K(176128K)] 184132K->1828K(351232K), 0,0005136 secs] [Times: user=0,01 sys=0,00, real=0,00 secs] 
35,997: [GC (Allocation Failure) [PSYoungGen: 175680K->96K(169984K)] 177444K->1860K(345088K), 0,0004936 secs] [Times: user=0,01 sys=0,00, real=0,00 secs] 
36,054: [GC (Allocation Failure) [PSYoungGen: 169568K->96K(164352K)] 171332K->1860K(339456K), 0,0005737 secs] [Times: user=0,00 sys=0,00, real=0,00 secs] 
36,109: [GC (Allocation Failure) [PSYoungGen: 163936K->64K(158720K)] 165700K->1828K(333824K), 0,0007652 secs] [Times: user=0,00 sys=0,00, real=0,00 secs] 
36,163: [GC (Allocation Failure) [PSYoungGen: 158272K->64K(153600K)] 160036K->1828K(328704K), 0,0005123 secs] [Times: user=0,00 sys=0,00, real=0,00 secs] 
36,215: [GC (Allocation Failure) [PSYoungGen: 153152K->96K(148480K)] 154916K->1860K(323584K), 0,0004792 secs] [Times: user=0,00 sys=0,00, real=0,00 secs] 
36,264: [GC (Allocation Failure) [PSYoungGen: 148064K->96K(143360K)] 149828K->1860K(318464K), 0,0005547 secs] [Times: user=0,01 sys=0,00, real=0,00 secs] 
36,313: [GC (Allocation Failure) [PSYoungGen: 142944K->96K(138752K)] 144708K->1860K(313856K), 0,0004908 secs] [Times: user=0,00 sys=0,00, real=0,00 secs] 
36,360: [GC (Allocation Failure) [PSYoungGen: 138336K->96K(134144K)] 140100K->1860K(309248K), 0,0004884 secs] [Times: user=0,00 sys=0,00, real=0,00 secs] 
36,405: [GC (Allocation Failure) [PSYoungGen: 133728K->64K(130048K)] 135492K->1828K(305152K), 0,0004768 secs] [Times: user=0,00 sys=0,00, real=0,00 secs] 
36,448: [GC (Allocation Failure) [PSYoungGen: 129600K->96K(125952K)] 131364K->1860K(301056K), 0,0005111 secs] [Times: user=0,00 sys=0,00, real=0,00 secs] 
36,491: [GC (Allocation Failure) [PSYoungGen: 125536K->64K(151040K)] 127300K->1828K(326144K), 0,0007131 secs] [Times: user=0,00 sys=0,00, real=0,00 secs] 
36,542: [GC (Allocation Failure) [PSYoungGen: 150592K->96K(181248K)] 152356K->1860K(356352K), 0,0004800 secs] [Times: user=0,01 sys=0,00, real=0,00 secs] 
36,602: [GC (Allocation Failure) [PSYoungGen: 180832K->96K(175104K)] 182596K->1860K(350208K), 0,0004826 secs] [Times: user=0,00 sys=0,00, real=0,00 secs] 
36,661: [GC (Allocation Failure) [PSYoungGen: 174688K->96K(168960K)] 176452K->1860K(344064K), 0,0004995 secs] [Times: user=0,00 sys=0,00, real=0,00 secs] 
36,718: [GC (Allocation Failure) [PSYoungGen: 168544K->96K(163328K)] 170308K->1860K(338432K), 0,0005413 secs] [Times: user=0,00 sys=0,00, real=0,00 secs] 
36,774: [GC (Allocation Failure) [PSYoungGen: 162912K->96K(157696K)] 164676K->1860K(332800K), 0,0005078 secs] [Times: user=0,00 sys=0,00, real=0,00 secs] 
36,827: [GC (Allocation Failure) [PSYoungGen: 157280K->64K(152576K)] 159044K->1828K(327680K), 0,0005699 secs] [Times: user=0,00 sys=0,00, real=0,00 secs] 
36,878: [GC (Allocation Failure) [PSYoungGen: 152128K->96K(147456K)] 153892K->1860K(322560K), 0,0005768 secs] [Times: user=0,00 sys=0,00, real=0,00 secs] 
36,928: [GC (Allocation Failure) [PSYoungGen: 147040K->96K(142848K)] 148804K->1860K(317952K), 0,0005024 secs] [Times: user=0,00 sys=0,00, real=0,00 secs] 
36,976: [GC (Allocation Failure) [PSYoungGen: 142432K->64K(138240K)] 144196K->1828K(313344K), 0,0004653 secs] [Times: user=0,00 sys=0,00, real=0,00 secs] 
37,023: [GC (Allocation Failure) [PSYoungGen: 137792K->96K(133632K)] 139556K->1860K(308736K), 0,0004795 secs] [Times: user=0,00 sys=0,00, real=0,00 secs] 
37,068: [GC (Allocation Failure) [PSYoungGen: 133216K->64K(129536K)] 134980K->1828K(304640K), 0,0004886 secs] [Times: user=0,01 sys=0,00, real=0,00 secs] 
37,111: [GC (Allocation Failure) [PSYoungGen: 129088K->96K(125440K)] 130852K->1860K(300544K), 0,0004409 secs] [Times: user=0,00 sys=0,00, real=0,00 secs] 
37,153: [GC (Allocation Failure) [PSYoungGen: 125024K->96K(121344K)] 126788K->1860K(296448K), 0,0005309 secs] [Times: user=0,00 sys=0,00, real=0,00 secs] 
37,194: [GC (Allocation Failure) [PSYoungGen: 120928K->96K(145920K)] 122692K->1860K(321024K), 0,0004798 secs] [Times: user=0,00 sys=0,00, real=0,00 secs] 
37,243: [GC (Allocation Failure) [PSYoungGen: 145504K->64K(141312K)] 147268K->1828K(316416K), 0,0004810 secs] [Times: user=0,00 sys=0,00, real=0,00 secs] 
37,291: [GC (Allocation Failure) [PSYoungGen: 140864K->96K(136704K)] 142628K->1860K(311808K), 0,0004851 secs] [Times: user=0,00 sys=0,00, real=0,00 secs] 
37,337: [GC (Allocation Failure) [PSYoungGen: 136288K->32K(132608K)] 138052K->1796K(307712K), 0,0005489 secs] [Times: user=0,00 sys=0,00, real=0,00 secs] 
37,381: [GC (Allocation Failure) [PSYoungGen: 132128K->96K(128512K)] 133892K->1860K(303616K), 0,0004934 secs] [Times: user=0,00 sys=0,00, real=0,00 secs] 
37,425: [GC (Allocation Failure) [PSYoungGen: 128096K->96K(154112K)] 129860K->1860K(329216K), 0,0006416 secs] [Times: user=0,01 sys=0,00, real=0,00 secs] 
37,477: [GC (Allocation Failure) [PSYoungGen: 153696K->96K(184832K)] 155460K->1860K(359936K), 0,0005105 secs] [Times: user=0,00 sys=0,00, real=0,00 secs] 
37,539: [GC (Allocation Failure) [PSYoungGen: 184416K->96K(178176K)] 186180K->1860K(353280K), 0,0005023 secs] [Times: user=0,00 sys=0,00, real=0,00 secs] 
37,599: [GC (Allocation Failure) [PSYoungGen: 177760K->96K(172032K)] 179524K->1860K(347136K), 0,0004821 secs] [Times: user=0,00 sys=0,00, real=0,00 secs] 
37,657: [GC (Allocation Failure) [PSYoungGen: 171616K->96K(165888K)] 173380K->1860K(340992K), 0,0004869 secs] [Times: user=0,00 sys=0,00, real=0,00 secs] 
37,712: [GC (Allocation Failure) [PSYoungGen: 165472K->96K(160256K)] 167236K->1860K(335360K), 0,0004783 secs] [Times: user=0,01 sys=0,00, real=0,00 secs] 
37,766: [GC (Allocation Failure) [PSYoungGen: 159840K->64K(154624K)] 161604K->1828K(329728K), 0,0004993 secs] [Times: user=0,00 sys=0,00, real=0,00 secs] 
37,818: [GC (Allocation Failure) [PSYoungGen: 154176K->96K(149504K)] 155940K->1860K(324608K), 0,0005042 secs] [Times: user=0,00 sys=0,00, real=0,00 secs] 
37,869: [GC (Allocation Failure) [PSYoungGen: 149088K->96K(144384K)] 150852K->1860K(319488K), 0,0004854 secs] [Times: user=0,00 sys=0,00, real=0,01 secs] 
37,918: [GC (Allocation Failure) [PSYoungGen: 143968K->96K(139776K)] 145732K->1860K(314880K), 0,0004961 secs] [Times: user=0,00 sys=0,00, real=0,00 secs] 
37,965: [GC (Allocation Failure) [PSYoungGen: 139360K->96K(135168K)] 141124K->1860K(310272K), 0,0005011 secs] [Times: user=0,00 sys=0,00, real=0,00 secs] 
38,011: [GC (Allocation Failure) [PSYoungGen: 134752K->96K(131072K)] 136516K->1860K(306176K), 0,0004926 secs] [Times: user=0,00 sys=0,00, real=0,00 secs] 
38,055: [GC (Allocation Failure) [PSYoungGen: 130656K->96K(126976K)] 132420K->1860K(302080K), 0,0004827 secs] [Times: user=0,00 sys=0,00, real=0,00 secs] 
38,097: [GC (Allocation Failure) [PSYoungGen: 126560K->96K(122880K)] 128324K->1860K(297984K), 0,0004814 secs] [Times: user=0,00 sys=0,00, real=0,00 secs] 
38,139: [GC (Allocation Failure) [PSYoungGen: 122464K->96K(119296K)] 124228K->1860K(294400K), 0,0004945 secs] [Times: user=0,00 sys=0,00, real=0,00 secs] 
38,179: [GC (Allocation Failure) [PSYoungGen: 118880K->96K(143360K)] 120644K->1860K(318464K), 0,0005089 secs] [Times: user=0,00 sys=0,00, real=0,00 secs] 
38,227: [GC (Allocation Failure) [PSYoungGen: 142944K->96K(172032K)] 144708K->1860K(347136K), 0,0004825 secs] [Times: user=0,01 sys=0,00, real=0,00 secs] 
38,285: [GC (Allocation Failure) [PSYoungGen: 171616K->96K(165888K)] 173380K->1860K(340992K), 0,0005059 secs] [Times: user=0,00 sys=0,00, real=0,00 secs] 
38,341: [GC (Allocation Failure) [PSYoungGen: 165472K->96K(160256K)] 167236K->1860K(335360K), 0,0004866 secs] [Times: user=0,00 sys=0,00, real=0,00 secs] 
38,395: [GC (Allocation Failure) [PSYoungGen: 159840K->96K(154624K)] 161604K->1860K(329728K), 0,0004899 secs] [Times: user=0,00 sys=0,00, real=0,00 secs] 
38,447: [GC (Allocation Failure) [PSYoungGen: 154208K->96K(149504K)] 155972K->1860K(324608K), 0,0005017 secs] [Times: user=0,00 sys=0,00, real=0,00 secs] 
38,497: [GC (Allocation Failure) [PSYoungGen: 149088K->96K(144384K)] 150852K->1860K(319488K), 0,0004860 secs] [Times: user=0,00 sys=0,00, real=0,00 secs] 
38,546: [GC (Allocation Failure) [PSYoungGen: 143968K->96K(139776K)] 145732K->1860K(314880K), 0,0004945 secs] [Times: user=0,00 sys=0,00, real=0,00 secs] 
38,593: [GC (Allocation Failure) [PSYoungGen: 139360K->64K(135168K)] 141124K->1828K(310272K), 0,0004934 secs] [Times: user=0,00 sys=0,00, real=0,00 secs] 
38,638: [GC (Allocation Failure) [PSYoungGen: 134720K->64K(131072K)] 136484K->1828K(306176K), 0,0004778 secs] [Times: user=0,00 sys=0,00, real=0,00 secs] 
38,682: [GC (Allocation Failure) [PSYoungGen: 130624K->96K(126976K)] 132388K->1860K(302080K), 0,0004657 secs] [Times: user=0,00 sys=0,00, real=0,00 secs] 
38,725: [GC (Allocation Failure) [PSYoungGen: 126560K->64K(122880K)] 128324K->1828K(297984K), 0,0004899 secs] [Times: user=0,00 sys=0,01, real=0,00 secs] 
38,767: [GC (Allocation Failure) [PSYoungGen: 122432K->96K(147456K)] 124196K->1860K(322560K), 0,0005312 secs] [Times: user=0,00 sys=0,00, real=0,00 secs] 
38,816: [GC (Allocation Failure) [PSYoungGen: 147040K->96K(142848K)] 148804K->1860K(317952K), 0,0004767 secs] [Times: user=0,00 sys=0,00, real=0,00 secs] 
38,864: [GC (Allocation Failure) [PSYoungGen: 142432K->96K(138240K)] 144196K->1860K(313344K), 0,0004813 secs] [Times: user=0,00 sys=0,00, real=0,00 secs] 
38,911: [GC (Allocation Failure) [PSYoungGen: 137824K->96K(133632K)] 139588K->1860K(308736K), 0,0004782 secs] [Times: user=0,00 sys=0,00, real=0,00 secs] 
38,956: [GC (Allocation Failure) [PSYoungGen: 133216K->96K(129536K)] 134980K->1860K(304640K), 0,0004902 secs] [Times: user=0,00 sys=0,00, real=0,00 secs] 
39,000: [GC (Allocation Failure) [PSYoungGen: 129120K->96K(125440K)] 130884K->1860K(300544K), 0,0004758 secs] [Times: user=0,00 sys=0,00, real=0,00 secs] 
39,042: [GC (Allocation Failure) [PSYoungGen: 125024K->96K(150528K)] 126788K->1860K(325632K), 0,0005421 secs] [Times: user=0,00 sys=0,00, real=0,00 secs] 
39,093: [GC (Allocation Failure) [PSYoungGen: 150112K->64K(180736K)] 151876K->1828K(355840K), 0,0006609 secs] [Times: user=0,00 sys=0,00, real=0,00 secs] 
39,153: [GC (Allocation Failure) [PSYoungGen: 180288K->96K(174592K)] 182052K->1860K(349696K), 0,0004884 secs] [Times: user=0,00 sys=0,00, real=0,00 secs] 
39,212: [GC (Allocation Failure) [PSYoungGen: 174176K->96K(168448K)] 175940K->1860K(343552K), 0,0005050 secs] [Times: user=0,00 sys=0,00, real=0,00 secs] 
39,269: [GC (Allocation Failure) [PSYoungGen: 168032K->96K(162816K)] 169796K->1860K(337920K), 0,0005257 secs] [Times: user=0,01 sys=0,00, real=0,01 secs] 
39,324: [GC (Allocation Failure) [PSYoungGen: 162400K->96K(157184K)] 164164K->1860K(332288K), 0,0005111 secs] [Times: user=0,00 sys=0,00, real=0,00 secs] 
39,376: [GC (Allocation Failure) [PSYoungGen: 156768K->96K(152064K)] 158532K->1860K(327168K), 0,0004815 secs] [Times: user=0,00 sys=0,00, real=0,00 secs] 
39,427: [GC (Allocation Failure) [PSYoungGen: 151648K->64K(146944K)] 153412K->1828K(322048K), 0,0005685 secs] [Times: user=0,01 sys=0,00, real=0,00 secs] 
39,477: [GC (Allocation Failure) [PSYoungGen: 146496K->96K(142336K)] 148260K->1860K(317440K), 0,0004928 secs] [Times: user=0,01 sys=0,00, real=0,00 secs] 
39,525: [GC (Allocation Failure) [PSYoungGen: 141920K->64K(137728K)] 143684K->1828K(312832K), 0,0004830 secs] [Times: user=0,00 sys=0,00, real=0,00 secs] 
39,572: [GC (Allocation Failure) [PSYoungGen: 137280K->96K(133120K)] 139044K->1860K(308224K), 0,0005666 secs] [Times: user=0,00 sys=0,00, real=0,00 secs] 
39,617: [GC (Allocation Failure) [PSYoungGen: 132704K->96K(129024K)] 134468K->1860K(304128K), 0,0005343 secs] [Times: user=0,00 sys=0,00, real=0,00 secs] 
39,661: [GC (Allocation Failure) [PSYoungGen: 128608K->96K(155136K)] 130372K->1860K(330240K), 0,0005439 secs] [Times: user=0,00 sys=0,00, real=0,00 secs] 
39,713: [GC (Allocation Failure) [PSYoungGen: 154720K->96K(150016K)] 156484K->1860K(325120K), 0,0004657 secs] [Times: user=0,00 sys=0,00, real=0,00 secs] 
39,763: [GC (Allocation Failure) [PSYoungGen: 149600K->96K(144896K)] 151364K->1860K(320000K), 0,0005106 secs] [Times: user=0,00 sys=0,00, real=0,00 secs] 
39,812: [GC (Allocation Failure) [PSYoungGen: 144480K->64K(174080K)] 146244K->1828K(349184K), 0,0006101 secs] [Times: user=0,00 sys=0,00, real=0,00 secs] 
39,870: [GC (Allocation Failure) [PSYoungGen: 173632K->96K(167936K)] 175396K->1860K(343040K), 0,0004986 secs] [Times: user=0,00 sys=0,00, real=0,00 secs] 
39,927: [GC (Allocation Failure) [PSYoungGen: 167520K->96K(162304K)] 169284K->1860K(337408K), 0,0005227 secs] [Times: user=0,00 sys=0,00, real=0,00 secs] 
39,982: [GC (Allocation Failure) [PSYoungGen: 161888K->96K(156672K)] 163652K->1860K(331776K), 0,0004861 secs] [Times: user=0,00 sys=0,00, real=0,00 secs] 
40,035: [GC (Allocation Failure) [PSYoungGen: 156256K->96K(151552K)] 158020K->1860K(326656K), 0,0004997 secs] [Times: user=0,00 sys=0,00, real=0,00 secs] 
40,086: [GC (Allocation Failure) [PSYoungGen: 151136K->64K(146432K)] 152900K->1828K(321536K), 0,0005596 secs] [Times: user=0,00 sys=0,00, real=0,00 secs] 
40,135: [GC (Allocation Failure) [PSYoungGen: 145984K->96K(141824K)] 147748K->1860K(316928K), 0,0004808 secs] [Times: user=0,00 sys=0,00, real=0,00 secs] 
40,183: [GC (Allocation Failure) [PSYoungGen: 141408K->96K(137216K)] 143172K->1860K(312320K), 0,0004704 secs] [Times: user=0,00 sys=0,00, real=0,00 secs] 
40,229: [GC (Allocation Failure) [PSYoungGen: 136800K->96K(132608K)] 138564K->1860K(307712K), 0,0004937 secs] [Times: user=0,00 sys=0,00, real=0,01 secs] 
40,274: [GC (Allocation Failure) [PSYoungGen: 132192K->96K(128512K)] 133956K->1860K(303616K), 0,0005095 secs] [Times: user=0,00 sys=0,00, real=0,00 secs] 
40,317: [GC (Allocation Failure) [PSYoungGen: 128096K->96K(124416K)] 129860K->1884K(299520K), 0,0004981 secs] [Times: user=0,00 sys=0,00, real=0,00 secs] 
40,359: [GC (Allocation Failure) [PSYoungGen: 124000K->96K(120832K)] 125788K->1884K(295936K), 0,0004919 secs] [Times: user=0,00 sys=0,00, real=0,00 secs] 
40,400: [GC (Allocation Failure) [PSYoungGen: 120416K->64K(144896K)] 122204K->1852K(320000K), 0,0005376 secs] [Times: user=0,00 sys=0,00, real=0,00 secs] 
40,449: [GC (Allocation Failure) [PSYoungGen: 144448K->96K(174080K)] 146236K->1884K(349184K), 0,0005007 secs] [Times: user=0,00 sys=0,00, real=0,01 secs] 
40,507: [GC (Allocation Failure) [PSYoungGen: 173664K->96K(167936K)] 175452K->1884K(343040K), 0,0004839 secs] [Times: user=0,01 sys=0,00, real=0,00 secs] 
40,564: [GC (Allocation Failure) [PSYoungGen: 167520K->96K(162304K)] 169308K->1884K(337408K), 0,0005154 secs] [Times: user=0,00 sys=0,00, real=0,00 secs] 
40,618: [GC (Allocation Failure) [PSYoungGen: 161888K->96K(156672K)] 163676K->1884K(331776K), 0,0004998 secs] [Times: user=0,00 sys=0,00, real=0,00 secs] 
40,671: [GC (Allocation Failure) [PSYoungGen: 156256K->64K(151552K)] 158044K->1852K(326656K), 0,0005047 secs] [Times: user=0,00 sys=0,00, real=0,00 secs] 
40,722: [GC (Allocation Failure) [PSYoungGen: 151104K->96K(146432K)] 152892K->1884K(321536K), 0,0005340 secs] [Times: user=0,00 sys=0,00, real=0,00 secs] 
40,772: [GC (Allocation Failure) [PSYoungGen: 146016K->64K(141824K)] 147804K->1852K(316928K), 0,0004781 secs] [Times: user=0,00 sys=0,00, real=0,00 secs] 
40,820: [GC (Allocation Failure) [PSYoungGen: 141376K->96K(137216K)] 143164K->1884K(312320K), 0,0004987 secs] [Times: user=0,00 sys=0,00, real=0,00 secs] 
40,866: [GC (Allocation Failure) [PSYoungGen: 136800K->96K(132608K)] 138588K->1884K(307712K), 0,0004846 secs] [Times: user=0,00 sys=0,00, real=0,00 secs] 
40,913: [GC (Allocation Failure) [PSYoungGen: 132192K->64K(128512K)] 133980K->1852K(303616K), 0,0005595 secs] [Times: user=0,00 sys=0,00, real=0,00 secs] 
40,956: [GC (Allocation Failure) [PSYoungGen: 128064K->96K(124416K)] 129852K->1884K(299520K), 0,0004908 secs] [Times: user=0,00 sys=0,00, real=0,00 secs] 
40,998: [GC (Allocation Failure) [PSYoungGen: 124000K->96K(120832K)] 125788K->1884K(295936K), 0,0004656 secs] [Times: user=0,00 sys=0,00, real=0,00 secs] 
41,039: [GC (Allocation Failure) [PSYoungGen: 120416K->96K(144896K)] 122204K->1884K(320000K), 0,0004881 secs] [Times: user=0,00 sys=0,00, real=0,00 secs] 
41,088: [GC (Allocation Failure) [PSYoungGen: 144480K->96K(174080K)] 146268K->1884K(349184K), 0,0005511 secs] [Times: user=0,00 sys=0,00, real=0,00 secs] 
41,147: [GC (Allocation Failure) [PSYoungGen: 173664K->96K(167936K)] 175452K->1884K(343040K), 0,0005130 secs] [Times: user=0,00 sys=0,00, real=0,00 secs] 
41,204: [GC (Allocation Failure) [PSYoungGen: 167520K->96K(162304K)] 169308K->1884K(337408K), 0,0004973 secs] [Times: user=0,00 sys=0,00, real=0,00 secs] 
41,258: [GC (Allocation Failure) [PSYoungGen: 161888K->96K(156672K)] 163676K->1884K(331776K), 0,0004929 secs] [Times: user=0,00 sys=0,00, real=0,00 secs] 
41,311: [GC (Allocation Failure) [PSYoungGen: 156256K->96K(151552K)] 158044K->1884K(326656K), 0,0004885 secs] [Times: user=0,01 sys=0,00, real=0,00 secs] 
41,362: [GC (Allocation Failure) [PSYoungGen: 151136K->96K(146432K)] 152924K->1884K(321536K), 0,0005216 secs] [Times: user=0,00 sys=0,00, real=0,00 secs] 
41,411: [GC (Allocation Failure) [PSYoungGen: 146016K->96K(141824K)] 147804K->1884K(316928K), 0,0005336 secs] [Times: user=0,00 sys=0,00, real=0,00 secs] 
41,459: [GC (Allocation Failure) [PSYoungGen: 141408K->96K(137216K)] 143196K->1884K(312320K), 0,0004932 secs] [Times: user=0,01 sys=0,01, real=0,00 secs] 
41,506: [GC (Allocation Failure) [PSYoungGen: 136800K->96K(132608K)] 138588K->1884K(307712K), 0,0004761 secs] [Times: user=0,00 sys=0,00, real=0,00 secs] 
41,551: [GC (Allocation Failure) [PSYoungGen: 132192K->64K(159232K)] 133980K->1852K(334336K), 0,0009565 secs] [Times: user=0,00 sys=0,00, real=0,00 secs] 
41,607: [GC (Allocation Failure) [PSYoungGen: 158784K->96K(190976K)] 160572K->1884K(366080K), 0,0005791 secs] [Times: user=0,00 sys=0,00, real=0,00 secs] 
41,671: [GC (Allocation Failure) [PSYoungGen: 190560K->96K(229376K)] 192348K->1884K(404480K), 0,0004899 secs] [Times: user=0,00 sys=0,00, real=0,00 secs] 
41,749: [GC (Allocation Failure) [PSYoungGen: 228960K->96K(220672K)] 230748K->1884K(395776K), 0,0005327 secs] [Times: user=0,00 sys=0,00, real=0,00 secs] 
41,824: [GC (Allocation Failure) [PSYoungGen: 220256K->96K(212480K)] 222044K->1884K(387584K), 0,0005598 secs] [Times: user=0,00 sys=0,00, real=0,00 secs] 
41,895: [GC (Allocation Failure) [PSYoungGen: 212064K->64K(204800K)] 213852K->1852K(379904K), 0,0005362 secs] [Times: user=0,00 sys=0,00, real=0,00 secs] 
41,965: [GC (Allocation Failure) [PSYoungGen: 204352K->64K(197120K)] 206140K->1852K(372224K), 0,0005823 secs] [Times: user=0,00 sys=0,00, real=0,00 secs] 
42,031: [GC (Allocation Failure) [PSYoungGen: 196672K->96K(189952K)] 198460K->1884K(365056K), 0,0005032 secs] [Times: user=0,00 sys=0,00, real=0,00 secs] 
42,095: [GC (Allocation Failure) [PSYoungGen: 189536K->64K(183296K)] 191324K->1852K(358400K), 0,0005433 secs] [Times: user=0,01 sys=0,00, real=0,00 secs] 
42,157: [GC (Allocation Failure) [PSYoungGen: 182848K->96K(176640K)] 184636K->1884K(351744K), 0,0004908 secs] [Times: user=0,00 sys=0,00, real=0,00 secs] 
42,216: [GC (Allocation Failure) [PSYoungGen: 176224K->96K(170496K)] 178012K->1884K(345600K), 0,0004922 secs] [Times: user=0,00 sys=0,00, real=0,00 secs] 
42,273: [GC (Allocation Failure) [PSYoungGen: 170080K->96K(164864K)] 171868K->1884K(339968K), 0,0005054 secs] [Times: user=0,00 sys=0,00, real=0,00 secs] 
42,328: [GC (Allocation Failure) [PSYoungGen: 164448K->64K(159232K)] 166236K->1852K(334336K), 0,0005012 secs] [Times: user=0,00 sys=0,00, real=0,01 secs] 
42,382: [GC (Allocation Failure) [PSYoungGen: 158784K->96K(154112K)] 160572K->1884K(329216K), 0,0004945 secs] [Times: user=0,00 sys=0,00, real=0,00 secs] 
42,434: [GC (Allocation Failure) [PSYoungGen: 153696K->96K(148992K)] 155484K->1884K(324096K), 0,0004862 secs] [Times: user=0,00 sys=0,00, real=0,00 secs] 
42,484: [GC (Allocation Failure) [PSYoungGen: 148576K->64K(143872K)] 150364K->1852K(318976K), 0,0004992 secs] [Times: user=0,00 sys=0,00, real=0,00 secs] 
42,533: [GC (Allocation Failure) [PSYoungGen: 143424K->96K(139264K)] 145212K->1884K(314368K), 0,0004916 secs] [Times: user=0,00 sys=0,00, real=0,00 secs] 
42,579: [GC (Allocation Failure) [PSYoungGen: 138848K->96K(134656K)] 140636K->1884K(309760K), 0,0004842 secs] [Times: user=0,00 sys=0,00, real=0,00 secs] 
42,625: [GC (Allocation Failure) [PSYoungGen: 134240K->96K(130560K)] 136028K->1884K(305664K), 0,0004884 secs] [Times: user=0,00 sys=0,00, real=0,00 secs] 
42,669: [GC (Allocation Failure) [PSYoungGen: 130144K->64K(126464K)] 131932K->1852K(301568K), 0,0004859 secs] [Times: user=0,00 sys=0,00, real=0,01 secs] 
42,711: [GC (Allocation Failure) [PSYoungGen: 126016K->64K(122368K)] 127804K->1852K(297472K), 0,0004702 secs] [Times: user=0,00 sys=0,00, real=0,00 secs] 
42,752: [GC (Allocation Failure) [PSYoungGen: 121920K->96K(118784K)] 123708K->1884K(293888K), 0,0004909 secs] [Times: user=0,00 sys=0,00, real=0,00 secs] 
42,793: [GC (Allocation Failure) [PSYoungGen: 118368K->64K(142848K)] 120156K->1852K(317952K), 0,0005018 secs] [Times: user=0,00 sys=0,00, real=0,00 secs] 
42,841: [GC (Allocation Failure) [PSYoungGen: 142400K->96K(138240K)] 144188K->1884K(313344K), 0,0004685 secs] [Times: user=0,00 sys=0,00, real=0,00 secs] 
42,887: [GC (Allocation Failure) [PSYoungGen: 137824K->96K(133632K)] 139612K->1884K(308736K), 0,0004693 secs] [Times: user=0,00 sys=0,00, real=0,00 secs] 
42,932: [GC (Allocation Failure) [PSYoungGen: 133216K->96K(129536K)] 135004K->1884K(304640K), 0,0004799 secs] [Times: user=0,00 sys=0,00, real=0,00 secs] 
42,976: [GC (Allocation Failure) [PSYoungGen: 129120K->64K(155648K)] 130908K->1852K(330752K), 0,0005800 secs] [Times: user=0,00 sys=0,00, real=0,00 secs] 
43,029: [GC (Allocation Failure) [PSYoungGen: 155200K->96K(150528K)] 156988K->1884K(325632K), 0,0004923 secs] [Times: user=0,00 sys=0,00, real=0,01 secs] 
43,080: [GC (Allocation Failure) [PSYoungGen: 150112K->96K(145408K)] 151900K->1884K(320512K), 0,0004535 secs] [Times: user=0,00 sys=0,00, real=0,00 secs] 
43,129: [GC (Allocation Failure) [PSYoungGen: 144992K->64K(140800K)] 146780K->1852K(315904K), 0,0004805 secs] [Times: user=0,00 sys=0,00, real=0,01 secs] 
43,176: [GC (Allocation Failure) [PSYoungGen: 140352K->96K(136192K)] 142140K->1884K(311296K), 0,0004941 secs] [Times: user=0,01 sys=0,00, real=0,00 secs] 
43,222: [GC (Allocation Failure) [PSYoungGen: 135776K->96K(132096K)] 137564K->1884K(307200K), 0,0004924 secs] [Times: user=0,00 sys=0,00, real=0,00 secs] 
43,267: [GC (Allocation Failure) [PSYoungGen: 131680K->64K(128000K)] 133468K->1852K(303104K), 0,0004882 secs] [Times: user=0,00 sys=0,00, real=0,00 secs] 
43,311: [GC (Allocation Failure) [PSYoungGen: 127552K->96K(123904K)] 129340K->1884K(299008K), 0,0004882 secs] [Times: user=0,00 sys=0,00, real=0,00 secs] 
43,352: [GC (Allocation Failure) [PSYoungGen: 123488K->96K(120320K)] 125276K->1884K(295424K), 0,0004871 secs] [Times: user=0,00 sys=0,00, real=0,00 secs] 
43,393: [GC (Allocation Failure) [PSYoungGen: 119903K->96K(144384K)] 121692K->1884K(319488K), 0,0004919 secs] [Times: user=0,00 sys=0,00, real=0,00 secs] 
43,441: [GC (Allocation Failure) [PSYoungGen: 143967K->64K(173568K)] 145756K->1852K(348672K), 0,0005207 secs] [Times: user=0,00 sys=0,00, real=0,00 secs] 
43,499: [GC (Allocation Failure) [PSYoungGen: 173120K->96K(167424K)] 174908K->1884K(342528K), 0,0005012 secs] [Times: user=0,00 sys=0,00, real=0,00 secs] 
43,556: [GC (Allocation Failure) [PSYoungGen: 167008K->96K(161792K)] 168796K->1884K(336896K), 0,0005038 secs] [Times: user=0,00 sys=0,00, real=0,00 secs] 
43,610: [GC (Allocation Failure) [PSYoungGen: 161376K->64K(156160K)] 163164K->1852K(331264K), 0,0004904 secs] [Times: user=0,00 sys=0,00, real=0,00 secs] 
43,662: [GC (Allocation Failure) [PSYoungGen: 155712K->96K(151040K)] 157500K->1884K(326144K), 0,0004910 secs] [Times: user=0,01 sys=0,00, real=0,00 secs] 
43,713: [GC (Allocation Failure) [PSYoungGen: 150624K->96K(145920K)] 152412K->1884K(321024K), 0,0004775 secs] [Times: user=0,00 sys=0,00, real=0,00 secs] 
43,762: [GC (Allocation Failure) [PSYoungGen: 145504K->96K(141312K)] 147292K->1884K(316416K), 0,0005196 secs] [Times: user=0,00 sys=0,00, real=0,00 secs] 
43,809: [GC (Allocation Failure) [PSYoungGen: 140896K->64K(136704K)] 142684K->1852K(311808K), 0,0005267 secs] [Times: user=0,00 sys=0,00, real=0,00 secs] 
43,856: [GC (Allocation Failure) [PSYoungGen: 136256K->96K(132608K)] 138044K->1884K(307712K), 0,0004876 secs] [Times: user=0,00 sys=0,00, real=0,00 secs] 
43,900: [GC (Allocation Failure) [PSYoungGen: 132192K->96K(128512K)] 133980K->1884K(303616K), 0,0005321 secs] [Times: user=0,00 sys=0,00, real=0,00 secs] 
43,944: [GC (Allocation Failure) [PSYoungGen: 128096K->64K(154112K)] 129884K->1852K(329216K), 0,0005792 secs] [Times: user=0,00 sys=0,00, real=0,00 secs] 
43,996: [GC (Allocation Failure) [PSYoungGen: 153664K->64K(148992K)] 155452K->1852K(324096K), 0,0005006 secs] [Times: user=0,00 sys=0,00, real=0,00 secs] 
44,046: [GC (Allocation Failure) [PSYoungGen: 148544K->96K(143872K)] 150332K->1884K(318976K), 0,0004796 secs] [Times: user=0,00 sys=0,00, real=0,00 secs] 
44,094: [GC (Allocation Failure) [PSYoungGen: 143456K->32K(139264K)] 145244K->1820K(314368K), 0,0005457 secs] [Times: user=0,00 sys=0,00, real=0,00 secs] 
44,141: [GC (Allocation Failure) [PSYoungGen: 138784K->96K(134656K)] 140572K->1884K(309760K), 0,0005334 secs] [Times: user=0,00 sys=0,00, real=0,00 secs] 
44,187: [GC (Allocation Failure) [PSYoungGen: 134240K->96K(161792K)] 136028K->1884K(336896K), 0,0005790 secs] [Times: user=0,00 sys=0,00, real=0,00 secs] 
44,241: [GC (Allocation Failure) [PSYoungGen: 161376K->96K(156160K)] 163164K->1884K(331264K), 0,0004903 secs] [Times: user=0,00 sys=0,00, real=0,00 secs] 
44,294: [GC (Allocation Failure) [PSYoungGen: 155744K->96K(151040K)] 157532K->1884K(326144K), 0,0004943 secs] [Times: user=0,00 sys=0,00, real=0,00 secs] 
44,345: [GC (Allocation Failure) [PSYoungGen: 150624K->96K(145920K)] 152412K->1884K(321024K), 0,0004889 secs] [Times: user=0,00 sys=0,00, real=0,00 secs] 
44,394: [GC (Allocation Failure) [PSYoungGen: 145504K->96K(141312K)] 147292K->1884K(316416K), 0,0004703 secs] [Times: user=0,00 sys=0,00, real=0,00 secs] 
44,442: [GC (Allocation Failure) [PSYoungGen: 140896K->96K(136704K)] 142684K->1884K(311808K), 0,0004852 secs] [Times: user=0,00 sys=0,00, real=0,00 secs] 
44,488: [GC (Allocation Failure) [PSYoungGen: 136288K->96K(132608K)] 138076K->1884K(307712K), 0,0005009 secs] [Times: user=0,00 sys=0,00, real=0,00 secs] 
44,533: [GC (Allocation Failure) [PSYoungGen: 132192K->64K(128512K)] 133980K->1852K(303616K), 0,0004750 secs] [Times: user=0,00 sys=0,00, real=0,00 secs] 
44,576: [GC (Allocation Failure) [PSYoungGen: 128064K->96K(124416K)] 129852K->1884K(299520K), 0,0004945 secs] [Times: user=0,00 sys=0,00, real=0,00 secs] 
44,618: [GC (Allocation Failure) [PSYoungGen: 124000K->96K(120832K)] 125788K->1884K(295936K), 0,0004638 secs] [Times: user=0,00 sys=0,00, real=0,00 secs] 
44,659: [GC (Allocation Failure) [PSYoungGen: 120416K->64K(117248K)] 122204K->1852K(292352K), 0,0004632 secs] [Times: user=0,00 sys=0,00, real=0,01 secs] 
44,698: [GC (Allocation Failure) [PSYoungGen: 116800K->96K(140800K)] 118588K->1884K(315904K), 0,0004733 secs] [Times: user=0,00 sys=0,00, real=0,00 secs] 
44,746: [GC (Allocation Failure) [PSYoungGen: 140384K->64K(168960K)] 142172K->1852K(344064K), 0,0005035 secs] [Times: user=0,00 sys=0,00, real=0,00 secs] 
44,803: [GC (Allocation Failure) [PSYoungGen: 168512K->96K(163328K)] 170300K->1884K(338432K), 0,0005263 secs] [Times: user=0,00 sys=0,00, real=0,00 secs] 
44,858: [GC (Allocation Failure) [PSYoungGen: 162912K->96K(157696K)] 164700K->1884K(332800K), 0,0004661 secs] [Times: user=0,00 sys=0,00, real=0,00 secs] 
44,911: [GC (Allocation Failure) [PSYoungGen: 157280K->96K(152576K)] 159068K->1884K(327680K), 0,0005644 secs] [Times: user=0,01 sys=0,00, real=0,00 secs] 
44,962: [GC (Allocation Failure) [PSYoungGen: 152160K->96K(147456K)] 153948K->1884K(322560K), 0,0004964 secs] [Times: user=0,00 sys=0,00, real=0,00 secs] 
45,012: [GC (Allocation Failure) [PSYoungGen: 147040K->64K(142848K)] 148828K->1852K(317952K), 0,0004882 secs] [Times: user=0,00 sys=0,00, real=0,00 secs] 
45,061: [GC (Allocation Failure) [PSYoungGen: 142400K->96K(138240K)] 144188K->1884K(313344K), 0,0005098 secs] [Times: user=0,00 sys=0,00, real=0,00 secs] 
45,108: [GC (Allocation Failure) [PSYoungGen: 137824K->96K(133632K)] 139612K->1884K(308736K), 0,0005409 secs] [Times: user=0,00 sys=0,00, real=0,00 secs] 
45,153: [GC (Allocation Failure) [PSYoungGen: 133216K->96K(129536K)] 135004K->1884K(304640K), 0,0004875 secs] [Times: user=0,00 sys=0,00, real=0,00 secs] 
45,197: [GC (Allocation Failure) [PSYoungGen: 129120K->96K(125440K)] 130908K->1884K(300544K), 0,0005075 secs] [Times: user=0,00 sys=0,00, real=0,00 secs] 
45,239: [GC (Allocation Failure) [PSYoungGen: 125024K->96K(150528K)] 126812K->1884K(325632K), 0,0005156 secs] [Times: user=0,01 sys=0,00, real=0,01 secs] 
45,289: [GC (Allocation Failure) [PSYoungGen: 150112K->96K(145408K)] 151900K->1884K(320512K), 0,0004824 secs] [Times: user=0,00 sys=0,00, real=0,00 secs] 
45,338: [GC (Allocation Failure) [PSYoungGen: 144992K->32K(140800K)] 146780K->1820K(315904K), 0,0005670 secs] [Times: user=0,00 sys=0,00, real=0,00 secs] 
45,386: [GC (Allocation Failure) [PSYoungGen: 140320K->96K(136192K)] 142108K->1884K(311296K), 0,0004870 secs] [Times: user=0,00 sys=0,00, real=0,00 secs] 
45,432: [GC (Allocation Failure) [PSYoungGen: 135776K->96K(132096K)] 137564K->1884K(307200K), 0,0004682 secs] [Times: user=0,00 sys=0,00, real=0,00 secs] 
45,476: [GC (Allocation Failure) [PSYoungGen: 131680K->96K(128000K)] 133468K->1884K(303104K), 0,0005032 secs] [Times: user=0,01 sys=0,00, real=0,00 secs] 
45,520: [GC (Allocation Failure) [PSYoungGen: 127584K->96K(123904K)] 129372K->1884K(299008K), 0,0004801 secs] [Times: user=0,00 sys=0,00, real=0,00 secs] 
45,562: [GC (Allocation Failure) [PSYoungGen: 123488K->96K(148992K)] 125276K->1884K(324096K), 0,0004940 secs] [Times: user=0,00 sys=0,00, real=0,00 secs] 
45,612: [GC (Allocation Failure) [PSYoungGen: 148576K->96K(143872K)] 150364K->1884K(318976K), 0,0004888 secs] [Times: user=0,00 sys=0,00, real=0,00 secs] 
45,660: [GC (Allocation Failure) [PSYoungGen: 143456K->64K(139264K)] 145244K->1852K(314368K), 0,0004695 secs] [Times: user=0,00 sys=0,00, real=0,00 secs] 
45,707: [GC (Allocation Failure) [PSYoungGen: 138816K->64K(134656K)] 140604K->1852K(309760K), 0,0004654 secs] [Times: user=0,00 sys=0,00, real=0,00 secs] 
45,752: [GC (Allocation Failure) [PSYoungGen: 134208K->96K(130560K)] 135996K->1884K(305664K), 0,0004991 secs] [Times: user=0,00 sys=0,00, real=0,00 secs] 
45,797: [GC (Allocation Failure) [PSYoungGen: 130144K->96K(126464K)] 131932K->1884K(301568K), 0,0004966 secs] [Times: user=0,00 sys=0,00, real=0,00 secs] 
45,839: [GC (Allocation Failure) [PSYoungGen: 126048K->96K(152064K)] 127836K->1884K(327168K), 0,0005499 secs] [Times: user=0,00 sys=0,00, real=0,00 secs] 
45,891: [GC (Allocation Failure) [PSYoungGen: 151648K->64K(146944K)] 153436K->1852K(322048K), 0,0004739 secs] [Times: user=0,00 sys=0,00, real=0,00 secs] 
45,941: [GC (Allocation Failure) [PSYoungGen: 146496K->96K(142336K)] 148284K->1884K(317440K), 0,0004962 secs] [Times: user=0,00 sys=0,00, real=0,00 secs] 
45,989: [GC (Allocation Failure) [PSYoungGen: 141920K->96K(137728K)] 143708K->1884K(312832K), 0,0004961 secs] [Times: user=0,00 sys=0,00, real=0,01 secs] 
46,035: [GC (Allocation Failure) [PSYoungGen: 137312K->96K(133120K)] 139100K->1884K(308224K), 0,0004891 secs] [Times: user=0,00 sys=0,00, real=0,00 secs] 
46,080: [GC (Allocation Failure) [PSYoungGen: 132704K->64K(129024K)] 134492K->1852K(304128K), 0,0004906 secs] [Times: user=0,00 sys=0,00, real=0,00 secs] 
46,124: [GC (Allocation Failure) [PSYoungGen: 128576K->96K(124928K)] 130364K->1884K(300032K), 0,0005082 secs] [Times: user=0,00 sys=0,00, real=0,00 secs] 
46,166: [GC (Allocation Failure) [PSYoungGen: 124512K->96K(150016K)] 126300K->1884K(325120K), 0,0004893 secs] [Times: user=0,00 sys=0,00, real=0,00 secs] 
46,216: [GC (Allocation Failure) [PSYoungGen: 149600K->32K(180224K)] 151388K->1820K(355328K), 0,0005659 secs] [Times: user=0,00 sys=0,00, real=0,00 secs] 
46,277: [GC (Allocation Failure) [PSYoungGen: 179744K->96K(174080K)] 181532K->1884K(349184K), 0,0005006 secs] [Times: user=0,00 sys=0,00, real=0,00 secs] 
46,336: [GC (Allocation Failure) [PSYoungGen: 173664K->96K(167936K)] 175452K->1884K(343040K), 0,0004938 secs] [Times: user=0,00 sys=0,00, real=0,00 secs] 
46,392: [GC (Allocation Failure) [PSYoungGen: 167519K->96K(162304K)] 169308K->1884K(337408K), 0,0005045 secs] [Times: user=0,00 sys=0,00, real=0,00 secs] 
46,446: [GC (Allocation Failure) [PSYoungGen: 161887K->96K(156672K)] 163676K->1884K(331776K), 0,0004913 secs] [Times: user=0,00 sys=0,00, real=0,00 secs] 
46,500: [GC (Allocation Failure) [PSYoungGen: 156256K->96K(151552K)] 158044K->1884K(326656K), 0,0005004 secs] [Times: user=0,00 sys=0,00, real=0,00 secs] 
46,551: [GC (Allocation Failure) [PSYoungGen: 151136K->64K(146432K)] 152924K->1852K(321536K), 0,0004730 secs] [Times: user=0,00 sys=0,00, real=0,00 secs] 
46,600: [GC (Allocation Failure) [PSYoungGen: 145984K->96K(141824K)] 147772K->1884K(316928K), 0,0004872 secs] [Times: user=0,00 sys=0,00, real=0,00 secs] 
46,647: [GC (Allocation Failure) [PSYoungGen: 141408K->96K(137216K)] 143196K->1884K(312320K), 0,0004805 secs] [Times: user=0,00 sys=0,00, real=0,00 secs] 
46,693: [GC (Allocation Failure) [PSYoungGen: 136800K->96K(132608K)] 138588K->1884K(307712K), 0,0004772 secs] [Times: user=0,00 sys=0,00, real=0,00 secs] 
46,738: [GC (Allocation Failure) [PSYoungGen: 132192K->96K(128512K)] 133980K->1884K(303616K), 0,0005117 secs] [Times: user=0,00 sys=0,00, real=0,00 secs] 
46,781: [GC (Allocation Failure) [PSYoungGen: 128096K->96K(124416K)] 129884K->1884K(299520K), 0,0004850 secs] [Times: user=0,00 sys=0,00, real=0,00 secs] 
46,823: [GC (Allocation Failure) [PSYoungGen: 124000K->64K(120832K)] 125788K->1852K(295936K), 0,0004797 secs] [Times: user=0,00 sys=0,00, real=0,00 secs] 
46,864: [GC (Allocation Failure) [PSYoungGen: 120384K->96K(117248K)] 122172K->1884K(292352K), 0,0004692 secs] [Times: user=0,01 sys=0,00, real=0,00 secs] 
46,903: [GC (Allocation Failure) [PSYoungGen: 116832K->96K(140800K)] 118620K->1884K(315904K), 0,0004660 secs] [Times: user=0,01 sys=0,00, real=0,00 secs] 
46,950: [GC (Allocation Failure) [PSYoungGen: 140384K->96K(136192K)] 142172K->1884K(311296K), 0,0004829 secs] [Times: user=0,00 sys=0,00, real=0,00 secs] 
46,997: [GC (Allocation Failure) [PSYoungGen: 135776K->96K(132096K)] 137564K->1884K(307200K), 0,0005034 secs] [Times: user=0,00 sys=0,00, real=0,00 secs] 
47,041: [GC (Allocation Failure) [PSYoungGen: 131680K->64K(128000K)] 133468K->1852K(303104K), 0,0004896 secs] [Times: user=0,00 sys=0,00, real=0,00 secs] 
47,084: [GC (Allocation Failure) [PSYoungGen: 127552K->96K(123904K)] 129340K->1884K(299008K), 0,0004730 secs] [Times: user=0,00 sys=0,00, real=0,00 secs] 
47,126: [GC (Allocation Failure) [PSYoungGen: 123488K->96K(148992K)] 125276K->1884K(324096K), 0,0004820 secs] [Times: user=0,00 sys=0,00, real=0,00 secs] 
47,176: [GC (Allocation Failure) [PSYoungGen: 148576K->96K(143872K)] 150364K->1884K(318976K), 0,0004860 secs] [Times: user=0,00 sys=0,00, real=0,00 secs] 
47,225: [GC (Allocation Failure) [PSYoungGen: 143456K->96K(139264K)] 145244K->1884K(314368K), 0,0004701 secs] [Times: user=0,00 sys=0,00, real=0,00 secs] 
47,271: [GC (Allocation Failure) [PSYoungGen: 138848K->64K(134656K)] 140636K->1852K(309760K), 0,0004908 secs] [Times: user=0,00 sys=0,00, real=0,00 secs] 
47,317: [GC (Allocation Failure) [PSYoungGen: 134208K->96K(130560K)] 135996K->1884K(305664K), 0,0004914 secs] [Times: user=0,00 sys=0,00, real=0,00 secs] 
47,361: [GC (Allocation Failure) [PSYoungGen: 130144K->96K(126464K)] 131932K->1884K(301568K), 0,0004824 secs] [Times: user=0,00 sys=0,00, real=0,00 secs] 
47,403: [GC (Allocation Failure) [PSYoungGen: 126048K->96K(152064K)] 127836K->1884K(327168K), 0,0005053 secs] [Times: user=0,00 sys=0,00, real=0,00 secs] 
47,455: [GC (Allocation Failure) [PSYoungGen: 151648K->96K(146944K)] 153436K->1884K(322048K), 0,0005031 secs] [Times: user=0,00 sys=0,00, real=0,00 secs] 
47,505: [GC (Allocation Failure) [PSYoungGen: 146528K->64K(142336K)] 148316K->1852K(317440K), 0,0004993 secs] [Times: user=0,00 sys=0,00, real=0,00 secs] 
47,552: [GC (Allocation Failure) [PSYoungGen: 141888K->96K(137728K)] 143676K->1884K(312832K), 0,0005337 secs] [Times: user=0,00 sys=0,00, real=0,00 secs] 
47,598: [GC (Allocation Failure) [PSYoungGen: 137312K->32K(165376K)] 139100K->1820K(340480K), 0,0010300 secs] [Times: user=0,00 sys=0,00, real=0,01 secs] 
47,655: [GC (Allocation Failure) [PSYoungGen: 164896K->96K(198656K)] 166684K->1884K(373760K), 0,0005484 secs] [Times: user=0,00 sys=0,00, real=0,00 secs] 
47,722: [GC (Allocation Failure) [PSYoungGen: 198240K->96K(238592K)] 200028K->1884K(413696K), 0,0005003 secs] [Times: user=0,00 sys=0,00, real=0,00 secs] 
47,802: [GC (Allocation Failure) [PSYoungGen: 238176K->96K(229376K)] 239964K->1884K(404480K), 0,0004929 secs] [Times: user=0,00 sys=0,00, real=0,00 secs] 
47,879: [GC (Allocation Failure) [PSYoungGen: 228960K->96K(220672K)] 230748K->1884K(395776K), 0,0004944 secs] [Times: user=0,00 sys=0,00, real=0,00 secs] 
47,954: [GC (Allocation Failure) [PSYoungGen: 220256K->64K(212480K)] 222044K->1852K(387584K), 0,0005380 secs] [Times: user=0,01 sys=0,00, real=0,00 secs] 
48,026: [GC (Allocation Failure) [PSYoungGen: 212032K->64K(204800K)] 213820K->1852K(379904K), 0,0005527 secs] [Times: user=0,00 sys=0,00, real=0,00 secs] 
48,095: [GC (Allocation Failure) [PSYoungGen: 204352K->64K(197120K)] 206140K->1852K(372224K), 0,0005174 secs] [Times: user=0,00 sys=0,00, real=0,00 secs] 
48,161: [GC (Allocation Failure) [PSYoungGen: 196672K->96K(189952K)] 198460K->1884K(365056K), 0,0004956 secs] [Times: user=0,00 sys=0,00, real=0,00 secs] 
48,225: [GC (Allocation Failure) [PSYoungGen: 189536K->32K(183296K)] 191324K->1820K(358400K), 0,0005289 secs] [Times: user=0,00 sys=0,00, real=0,00 secs] 
48,287: [GC (Allocation Failure) [PSYoungGen: 182816K->96K(176640K)] 184604K->1884K(351744K), 0,0004895 secs] [Times: user=0,00 sys=0,00, real=0,00 secs] 
48,346: [GC (Allocation Failure) [PSYoungGen: 176224K->96K(170496K)] 178012K->1884K(345600K), 0,0004889 secs] [Times: user=0,00 sys=0,00, real=0,00 secs] 
48,404: [GC (Allocation Failure) [PSYoungGen: 170080K->96K(164864K)] 171868K->1884K(339968K), 0,0005005 secs] [Times: user=0,00 sys=0,00, real=0,00 secs] 
48,460: [GC (Allocation Failure) [PSYoungGen: 164448K->64K(159232K)] 166236K->1852K(334336K), 0,0005990 secs] [Times: user=0,00 sys=0,00, real=0,00 secs] 
48,514: [GC (Allocation Failure) [PSYoungGen: 158784K->96K(154112K)] 160572K->1884K(329216K), 0,0005600 secs] [Times: user=0,00 sys=0,00, real=0,00 secs] 
48,566: [GC (Allocation Failure) [PSYoungGen: 153696K->96K(148992K)] 155484K->1884K(324096K), 0,0004988 secs] [Times: user=0,00 sys=0,00, real=0,00 secs] 
48,616: [GC (Allocation Failure) [PSYoungGen: 148576K->96K(143872K)] 150364K->1884K(318976K), 0,0004859 secs] [Times: user=0,00 sys=0,00, real=0,00 secs] 
48,664: [GC (Allocation Failure) [PSYoungGen: 143456K->96K(139264K)] 145244K->1884K(314368K), 0,0004736 secs] [Times: user=0,00 sys=0,00, real=0,00 secs] 
48,711: [GC (Allocation Failure) [PSYoungGen: 138848K->96K(134656K)] 140636K->1884K(309760K), 0,0004815 secs] [Times: user=0,00 sys=0,00, real=0,00 secs] 
48,757: [GC (Allocation Failure) [PSYoungGen: 134240K->96K(130560K)] 136028K->1884K(305664K), 0,0005051 secs] [Times: user=0,00 sys=0,00, real=0,00 secs] 
48,801: [GC (Allocation Failure) [PSYoungGen: 130144K->96K(126464K)] 131932K->1884K(301568K), 0,0005064 secs] [Times: user=0,00 sys=0,00, real=0,00 secs] 
48,844: [GC (Allocation Failure) [PSYoungGen: 126048K->64K(122368K)] 127836K->1852K(297472K), 0,0004831 secs] [Times: user=0,00 sys=0,00, real=0,00 secs] 
48,885: [GC (Allocation Failure) [PSYoungGen: 121919K->64K(118784K)] 123708K->1852K(293888K), 0,0004858 secs] [Times: user=0,00 sys=0,00, real=0,00 secs] 
48,925: [GC (Allocation Failure) [PSYoungGen: 118336K->64K(142848K)] 120124K->1852K(317952K), 0,0004844 secs] [Times: user=0,00 sys=0,00, real=0,00 secs] 
48,974: [GC (Allocation Failure) [PSYoungGen: 142400K->96K(171520K)] 144188K->1884K(346624K), 0,0005053 secs] [Times: user=0,00 sys=0,00, real=0,00 secs] 
49,031: [GC (Allocation Failure) [PSYoungGen: 171104K->96K(165376K)] 172892K->1884K(340480K), 0,0004979 secs] [Times: user=0,00 sys=0,00, real=0,00 secs] 
49,087: [GC (Allocation Failure) [PSYoungGen: 164960K->64K(159744K)] 166748K->1852K(334848K), 0,0004944 secs] [Times: user=0,00 sys=0,00, real=0,00 secs] 
49,140: [GC (Allocation Failure) [PSYoungGen: 159296K->96K(154112K)] 161084K->1884K(329216K), 0,0004790 secs] [Times: user=0,00 sys=0,00, real=0,00 secs] 
49,193: [GC (Allocation Failure) [PSYoungGen: 153696K->64K(148992K)] 155484K->1852K(324096K), 0,0005093 secs] [Times: user=0,00 sys=0,00, real=0,00 secs] 
49,243: [GC (Allocation Failure) [PSYoungGen: 148544K->96K(143872K)] 150332K->1884K(318976K), 0,0005358 secs] [Times: user=0,00 sys=0,00, real=0,00 secs] 
49,293: [GC (Allocation Failure) [PSYoungGen: 143456K->96K(139264K)] 145244K->1884K(314368K), 0,0005149 secs] [Times: user=0,00 sys=0,00, real=0,00 secs] 
49,339: [GC (Allocation Failure) [PSYoungGen: 138848K->96K(134656K)] 140636K->1884K(309760K), 0,0004846 secs] [Times: user=0,00 sys=0,00, real=0,00 secs] 
49,385: [GC (Allocation Failure) [PSYoungGen: 134240K->96K(130560K)] 136028K->1884K(305664K), 0,0004779 secs] [Times: user=0,00 sys=0,00, real=0,00 secs] 
49,428: [GC (Allocation Failure) [PSYoungGen: 130144K->64K(126464K)] 131932K->1852K(301568K), 0,0004656 secs] [Times: user=0,00 sys=0,00, real=0,00 secs] 
49,471: [GC (Allocation Failure) [PSYoungGen: 126016K->96K(122368K)] 127804K->1884K(297472K), 0,0004996 secs] [Times: user=0,00 sys=0,00, real=0,00 secs] 
49,513: [GC (Allocation Failure) [PSYoungGen: 121952K->96K(118784K)] 123740K->1884K(293888K), 0,0004747 secs] [Times: user=0,00 sys=0,00, real=0,00 secs] 
49,553: [GC (Allocation Failure) [PSYoungGen: 118368K->96K(142848K)] 120156K->1884K(317952K), 0,0004825 secs] [Times: user=0,00 sys=0,00, real=0,00 secs] 
49,601: [GC (Allocation Failure) [PSYoungGen: 142432K->96K(138240K)] 144220K->1884K(313344K), 0,0004901 secs] [Times: user=0,01 sys=0,00, real=0,00 secs] 
49,647: [GC (Allocation Failure) [PSYoungGen: 137823K->32K(133632K)] 139612K->1820K(308736K), 0,0004571 secs] [Times: user=0,00 sys=0,00, real=0,00 secs] 
49,692: [GC (Allocation Failure) [PSYoungGen: 133152K->64K(129536K)] 134940K->1852K(304640K), 0,0005016 secs] [Times: user=0,00 sys=0,00, real=0,00 secs] 
49,735: [GC (Allocation Failure) [PSYoungGen: 129088K->64K(125440K)] 130876K->1852K(300544K), 0,0005002 secs] [Times: user=0,00 sys=0,00, real=0,00 secs] 
49,777: [GC (Allocation Failure) [PSYoungGen: 124992K->96K(150528K)] 126780K->1884K(325632K), 0,0004916 secs] [Times: user=0,00 sys=0,01, real=0,00 secs] 
49,828: [GC (Allocation Failure) [PSYoungGen: 150112K->64K(145408K)] 151900K->1852K(320512K), 0,0004896 secs] [Times: user=0,00 sys=0,00, real=0,00 secs] 
49,877: [GC (Allocation Failure) [PSYoungGen: 144960K->96K(140800K)] 146748K->1884K(315904K), 0,0004712 secs] [Times: user=0,00 sys=0,00, real=0,00 secs] 
49,924: [GC (Allocation Failure) [PSYoungGen: 140383K->96K(136192K)] 142172K->1884K(311296K), 0,0004905 secs] [Times: user=0,00 sys=0,00, real=0,00 secs] 
49,971: [GC (Allocation Failure) [PSYoungGen: 135776K->96K(132096K)] 137564K->1884K(307200K), 0,0005148 secs] [Times: user=0,00 sys=0,00, real=0,00 secs] 
50,015: [GC (Allocation Failure) [PSYoungGen: 131680K->64K(128000K)] 133468K->1852K(303104K), 0,0004716 secs] [Times: user=0,00 sys=0,00, real=0,00 secs] 
50,059: [GC (Allocation Failure) [PSYoungGen: 127552K->64K(123904K)] 129340K->1852K(299008K), 0,0004808 secs] [Times: user=0,00 sys=0,00, real=0,01 secs] 
50,101: [GC (Allocation Failure) [PSYoungGen: 123456K->64K(120320K)] 125244K->1852K(295424K), 0,0004818 secs] [Times: user=0,00 sys=0,00, real=0,00 secs] 
50,141: [GC (Allocation Failure) [PSYoungGen: 119872K->96K(144384K)] 121660K->1884K(319488K), 0,0005148 secs] [Times: user=0,00 sys=0,00, real=0,00 secs] 
50,190: [GC (Allocation Failure) [PSYoungGen: 143968K->96K(173568K)] 145756K->1884K(348672K), 0,0004796 secs] [Times: user=0,00 sys=0,00, real=0,00 secs] 
50,249: [GC (Allocation Failure) [PSYoungGen: 173152K->96K(167424K)] 174940K->1884K(342528K), 0,0005034 secs] [Times: user=0,00 sys=0,00, real=0,01 secs] 
50,305: [GC (Allocation Failure) [PSYoungGen: 167008K->96K(161792K)] 168796K->1884K(336896K), 0,0005514 secs] [Times: user=0,00 sys=0,00, real=0,00 secs] 
50,360: [GC (Allocation Failure) [PSYoungGen: 161376K->64K(156160K)] 163164K->1868K(331264K), 0,0005200 secs] [Times: user=0,00 sys=0,00, real=0,00 secs] 
50,412: [GC (Allocation Failure) [PSYoungGen: 155712K->96K(151040K)] 157516K->1900K(326144K), 0,0004806 secs] [Times: user=0,00 sys=0,00, real=0,00 secs] 
50,463: [GC (Allocation Failure) [PSYoungGen: 150624K->96K(145920K)] 152428K->1900K(321024K), 0,0004761 secs] [Times: user=0,01 sys=0,00, real=0,00 secs] 
50,512: [GC (Allocation Failure) [PSYoungGen: 145504K->96K(141312K)] 147308K->1900K(316416K), 0,0005075 secs] [Times: user=0,01 sys=0,00, real=0,00 secs] 
50,560: [GC (Allocation Failure) [PSYoungGen: 140896K->96K(136704K)] 142700K->1900K(311808K), 0,0005364 secs] [Times: user=0,00 sys=0,00, real=0,00 secs] 
50,606: [GC (Allocation Failure) [PSYoungGen: 136288K->96K(132608K)] 138092K->1900K(307712K), 0,0005074 secs] [Times: user=0,00 sys=0,00, real=0,00 secs] 
50,651: [GC (Allocation Failure) [PSYoungGen: 132192K->96K(128512K)] 133996K->1900K(303616K), 0,0004766 secs] [Times: user=0,00 sys=0,00, real=0,00 secs] 
50,694: [GC (Allocation Failure) [PSYoungGen: 128096K->32K(154112K)] 129900K->1836K(329216K), 0,0006727 secs] [Times: user=0,00 sys=0,00, real=0,00 secs] 
50,746: [GC (Allocation Failure) [PSYoungGen: 153632K->64K(184832K)] 155436K->1868K(359936K), 0,0007229 secs] [Times: user=0,00 sys=0,00, real=0,00 secs] 
50,808: [GC (Allocation Failure) [PSYoungGen: 184384K->96K(221696K)] 186188K->1900K(396800K), 0,0004994 secs] [Times: user=0,00 sys=0,00, real=0,01 secs] 
50,883: [GC (Allocation Failure) [PSYoungGen: 221280K->96K(213504K)] 223084K->1900K(388608K), 0,0005570 secs] [Times: user=0,00 sys=0,00, real=0,00 secs] 
50,955: [GC (Allocation Failure) [PSYoungGen: 213088K->96K(205824K)] 214892K->1900K(380928K), 0,0005056 secs] [Times: user=0,00 sys=0,00, real=0,00 secs] 
51,025: [GC (Allocation Failure) [PSYoungGen: 205408K->96K(198144K)] 207212K->1900K(373248K), 0,0005419 secs] [Times: user=0,00 sys=0,00, real=0,00 secs] 
51,092: [GC (Allocation Failure) [PSYoungGen: 197728K->96K(190976K)] 199532K->1900K(366080K), 0,0004972 secs] [Times: user=0,00 sys=0,00, real=0,00 secs] 
51,156: [GC (Allocation Failure) [PSYoungGen: 190560K->96K(184320K)] 192364K->1900K(359424K), 0,0004883 secs] [Times: user=0,00 sys=0,00, real=0,00 secs] 
51,218: [GC (Allocation Failure) [PSYoungGen: 183904K->96K(177664K)] 185708K->1900K(352768K), 0,0005013 secs] [Times: user=0,00 sys=0,00, real=0,00 secs] 
51,278: [GC (Allocation Failure) [PSYoungGen: 177248K->64K(171520K)] 179052K->1868K(346624K), 0,0006626 secs] [Times: user=0,00 sys=0,00, real=0,00 secs] 
51,336: [GC (Allocation Failure) [PSYoungGen: 171071K->64K(205824K)] 172876K->1868K(380928K), 0,0009551 secs] [Times: user=0,01 sys=0,00, real=0,00 secs] 
51,406: [GC (Allocation Failure) [PSYoungGen: 205376K->64K(198144K)] 207180K->1868K(373248K), 0,0010725 secs] [Times: user=0,01 sys=0,00, real=0,00 secs] 
51,474: [GC (Allocation Failure) [PSYoungGen: 197696K->96K(190976K)] 199500K->1900K(366080K), 0,0005200 secs] [Times: user=0,00 sys=0,00, real=0,00 secs] 
51,538: [GC (Allocation Failure) [PSYoungGen: 190560K->64K(229376K)] 192364K->1868K(404480K), 0,0010375 secs] [Times: user=0,00 sys=0,00, real=0,01 secs] 
51,618: [GC (Allocation Failure) [PSYoungGen: 228928K->64K(220672K)] 230732K->1868K(395776K), 0,0005269 secs] [Times: user=0,00 sys=0,00, real=0,00 secs] 
51,692: [GC (Allocation Failure) [PSYoungGen: 220223K->96K(212480K)] 222028K->1900K(387584K), 0,0005045 secs] [Times: user=0,00 sys=0,00, real=0,00 secs] 
51,764: [GC (Allocation Failure) [PSYoungGen: 212064K->64K(204800K)] 213868K->1868K(379904K), 0,0004975 secs] [Times: user=0,01 sys=0,00, real=0,00 secs] 
51,832: [GC (Allocation Failure) [PSYoungGen: 204352K->96K(197120K)] 206156K->1900K(372224K), 0,0005057 secs] [Times: user=0,00 sys=0,00, real=0,00 secs] 
51,898: [GC (Allocation Failure) [PSYoungGen: 196704K->96K(189952K)] 198508K->1900K(365056K), 0,0005512 secs] [Times: user=0,00 sys=0,00, real=0,01 secs] 
51,963: [GC (Allocation Failure) [PSYoungGen: 189536K->96K(183296K)] 191340K->1900K(358400K), 0,0004883 secs] [Times: user=0,01 sys=0,00, real=0,00 secs] 
52,024: [GC (Allocation Failure) [PSYoungGen: 182880K->96K(176640K)] 184684K->1900K(351744K), 0,0005068 secs] [Times: user=0,00 sys=0,00, real=0,00 secs] 
52,084: [GC (Allocation Failure) [PSYoungGen: 176224K->96K(170496K)] 178028K->1900K(345600K), 0,0005118 secs] [Times: user=0,00 sys=0,00, real=0,00 secs] 
52,141: [GC (Allocation Failure) [PSYoungGen: 170080K->96K(164864K)] 171884K->1900K(339968K), 0,0004875 secs] [Times: user=0,01 sys=0,00, real=0,00 secs] 
52,197: [GC (Allocation Failure) [PSYoungGen: 164448K->96K(159232K)] 166252K->1900K(334336K), 0,0005326 secs] [Times: user=0,00 sys=0,00, real=0,00 secs] 
52,250: [GC (Allocation Failure) [PSYoungGen: 158815K->96K(154112K)] 160620K->1900K(329216K), 0,0005628 secs] [Times: user=0,01 sys=0,00, real=0,00 secs] 
52,302: [GC (Allocation Failure) [PSYoungGen: 153696K->96K(148992K)] 155500K->1900K(324096K), 0,0004917 secs] [Times: user=0,00 sys=0,00, real=0,00 secs] 
52,353: [GC (Allocation Failure) [PSYoungGen: 148576K->64K(143872K)] 150380K->1868K(318976K), 0,0005152 secs] [Times: user=0,00 sys=0,00, real=0,00 secs] 
52,401: [GC (Allocation Failure) [PSYoungGen: 143424K->64K(139264K)] 145228K->1868K(314368K), 0,0005321 secs] [Times: user=0,00 sys=0,00, real=0,00 secs] 
52,448: [GC (Allocation Failure) [PSYoungGen: 138816K->96K(134656K)] 140620K->1900K(309760K), 0,0005150 secs] [Times: user=0,01 sys=0,00, real=0,01 secs] 
52,494: [GC (Allocation Failure) [PSYoungGen: 134240K->96K(130560K)] 136044K->1900K(305664K), 0,0005089 secs] [Times: user=0,00 sys=0,00, real=0,00 secs] 
52,538: [GC (Allocation Failure) [PSYoungGen: 130144K->96K(126464K)] 131948K->1900K(301568K), 0,0005051 secs] [Times: user=0,01 sys=0,00, real=0,01 secs] 
52,581: [GC (Allocation Failure) [PSYoungGen: 126048K->96K(122368K)] 127852K->1900K(297472K), 0,0004917 secs] [Times: user=0,00 sys=0,00, real=0,00 secs] 
52,622: [GC (Allocation Failure) [PSYoungGen: 121952K->96K(118784K)] 123756K->1900K(293888K), 0,0004876 secs] [Times: user=0,00 sys=0,00, real=0,00 secs] 
52,663: [GC (Allocation Failure) [PSYoungGen: 118368K->64K(142848K)] 120172K->1868K(317952K), 0,0004970 secs] [Times: user=0,00 sys=0,00, real=0,00 secs] 
52,711: [GC (Allocation Failure) [PSYoungGen: 142400K->96K(171520K)] 144204K->1900K(346624K), 0,0005348 secs] [Times: user=0,00 sys=0,00, real=0,00 secs] 
52,768: [GC (Allocation Failure) [PSYoungGen: 171104K->64K(205824K)] 172908K->1868K(380928K), 0,0010486 secs] [Times: user=0,00 sys=0,00, real=0,01 secs] 
52,838: [GC (Allocation Failure) [PSYoungGen: 205376K->64K(247296K)] 207180K->1868K(422400K), 0,0005065 secs] [Times: user=0,00 sys=0,00, real=0,00 secs] 
52,921: [GC (Allocation Failure) [PSYoungGen: 246848K->96K(237568K)] 248652K->1900K(412672K), 0,0005082 secs] [Times: user=0,00 sys=0,00, real=0,00 secs] 
53,001: [GC (Allocation Failure) [PSYoungGen: 237152K->96K(228352K)] 238956K->1900K(403456K), 0,0005168 secs] [Times: user=0,00 sys=0,00, real=0,00 secs] 
53,078: [GC (Allocation Failure) [PSYoungGen: 227936K->96K(219648K)] 229740K->1900K(394752K), 0,0004990 secs] [Times: user=0,00 sys=0,00, real=0,00 secs] 
53,152: [GC (Allocation Failure) [PSYoungGen: 219232K->96K(211456K)] 221036K->1900K(386560K), 0,0006463 secs] [Times: user=0,00 sys=0,00, real=0,00 secs] 
53,223: [GC (Allocation Failure) [PSYoungGen: 211040K->64K(203776K)] 212844K->1868K(378880K), 0,0005275 secs] [Times: user=0,01 sys=0,00, real=0,00 secs] 
53,292: [GC (Allocation Failure) [PSYoungGen: 203328K->96K(196096K)] 205132K->1900K(371200K), 0,0004932 secs] [Times: user=0,00 sys=0,00, real=0,00 secs] 
53,357: [GC (Allocation Failure) [PSYoungGen: 195680K->96K(188928K)] 197484K->1900K(364032K), 0,0005273 secs] [Times: user=0,00 sys=0,00, real=0,00 secs] 
53,420: [GC (Allocation Failure) [PSYoungGen: 188512K->96K(182272K)] 190316K->1900K(357376K), 0,0004921 secs] [Times: user=0,00 sys=0,00, real=0,00 secs] 
53,482: [GC (Allocation Failure) [PSYoungGen: 181856K->96K(175616K)] 183660K->1900K(350720K), 0,0005393 secs] [Times: user=0,00 sys=0,00, real=0,00 secs] 
53,541: [GC (Allocation Failure) [PSYoungGen: 175200K->96K(169472K)] 177004K->1900K(344576K), 0,0004909 secs] [Times: user=0,01 sys=0,00, real=0,00 secs] 
53,598: [GC (Allocation Failure) [PSYoungGen: 169056K->64K(163840K)] 170860K->1868K(338944K), 0,0005043 secs] [Times: user=0,00 sys=0,00, real=0,00 secs] 
53,653: [GC (Allocation Failure) [PSYoungGen: 163392K->64K(158208K)] 165196K->1868K(333312K), 0,0004813 secs] [Times: user=0,00 sys=0,00, real=0,00 secs] 
53,705: [GC (Allocation Failure) [PSYoungGen: 157760K->96K(153088K)] 159564K->1900K(328192K), 0,0004889 secs] [Times: user=0,00 sys=0,00, real=0,00 secs] 
53,757: [GC (Allocation Failure) [PSYoungGen: 152672K->96K(147968K)] 154476K->1900K(323072K), 0,0005376 secs] [Times: user=0,00 sys=0,00, real=0,00 secs] 
53,807: [GC (Allocation Failure) [PSYoungGen: 147552K->96K(143360K)] 149356K->1900K(318464K), 0,0004906 secs] [Times: user=0,00 sys=0,00, real=0,00 secs] 
53,855: [GC (Allocation Failure) [PSYoungGen: 142944K->96K(138752K)] 144748K->1900K(313856K), 0,0004933 secs] [Times: user=0,00 sys=0,00, real=0,00 secs] 
53,902: [GC (Allocation Failure) [PSYoungGen: 138336K->64K(166400K)] 140140K->1868K(341504K), 0,0010188 secs] [Times: user=0,00 sys=0,00, real=0,00 secs] 
53,958: [GC (Allocation Failure) [PSYoungGen: 165952K->96K(199680K)] 167756K->1900K(374784K), 0,0005110 secs] [Times: user=0,00 sys=0,00, real=0,01 secs] 
54,026: [GC (Allocation Failure) [PSYoungGen: 199264K->96K(192512K)] 201068K->1900K(367616K), 0,0004958 secs] [Times: user=0,00 sys=0,00, real=0,00 secs] 
54,090: [GC (Allocation Failure) [PSYoungGen: 192096K->96K(185856K)] 193900K->1900K(360960K), 0,0004924 secs] [Times: user=0,00 sys=0,00, real=0,00 secs] 
54,153: [GC (Allocation Failure) [PSYoungGen: 185440K->64K(179200K)] 187244K->1868K(354304K), 0,0004966 secs] [Times: user=0,00 sys=0,00, real=0,00 secs] 
54,213: [GC (Allocation Failure) [PSYoungGen: 178752K->64K(173056K)] 180556K->1868K(348160K), 0,0005583 secs] [Times: user=0,00 sys=0,00, real=0,00 secs] 
54,271: [GC (Allocation Failure) [PSYoungGen: 172608K->96K(166912K)] 174412K->1900K(342016K), 0,0004808 secs] [Times: user=0,00 sys=0,00, real=0,00 secs] 
54,328: [GC (Allocation Failure) [PSYoungGen: 166496K->96K(161280K)] 168300K->1900K(336384K), 0,0004897 secs] [Times: user=0,00 sys=0,00, real=0,00 secs] 
54,382: [GC (Allocation Failure) [PSYoungGen: 160864K->96K(155648K)] 162668K->1900K(330752K), 0,0004855 secs] [Times: user=0,00 sys=0,00, real=0,00 secs] 
54,434: [GC (Allocation Failure) [PSYoungGen: 155232K->64K(150528K)] 157036K->1868K(325632K), 0,0004787 secs] [Times: user=0,00 sys=0,00, real=0,00 secs] 
54,485: [GC (Allocation Failure) [PSYoungGen: 150080K->96K(145408K)] 151884K->1900K(320512K), 0,0004938 secs] [Times: user=0,00 sys=0,00, real=0,00 secs] 
54,534: [GC (Allocation Failure) [PSYoungGen: 144992K->96K(140800K)] 146796K->1900K(315904K), 0,0004946 secs] [Times: user=0,00 sys=0,00, real=0,00 secs] 
54,581: [GC (Allocation Failure) [PSYoungGen: 140384K->96K(136192K)] 142188K->1900K(311296K), 0,0005068 secs] [Times: user=0,00 sys=0,00, real=0,00 secs] 
54,632: [GC (Allocation Failure) [PSYoungGen: 135776K->64K(132096K)] 137580K->1868K(307200K), 0,0005080 secs] [Times: user=0,01 sys=0,00, real=0,00 secs] 
54,677: [GC (Allocation Failure) [PSYoungGen: 131648K->32K(128000K)] 133452K->1836K(303104K), 0,0005783 secs] [Times: user=0,00 sys=0,00, real=0,00 secs] 
54,720: [GC (Allocation Failure) [PSYoungGen: 127520K->64K(123904K)] 129324K->1868K(299008K), 0,0005129 secs] [Times: user=0,00 sys=0,00, real=0,00 secs] 
54,762: [GC (Allocation Failure) [PSYoungGen: 123456K->96K(148992K)] 125260K->1900K(324096K), 0,0004865 secs] [Times: user=0,00 sys=0,00, real=0,00 secs] 
54,812: [GC (Allocation Failure) [PSYoungGen: 148576K->64K(143872K)] 150380K->1868K(318976K), 0,0004775 secs] [Times: user=0,00 sys=0,00, real=0,00 secs] 
54,860: [GC (Allocation Failure) [PSYoungGen: 143424K->96K(139264K)] 145228K->1900K(314368K), 0,0005654 secs] [Times: user=0,01 sys=0,00, real=0,00 secs] 
54,907: [GC (Allocation Failure) [PSYoungGen: 138848K->96K(134656K)] 140652K->1900K(309760K), 0,0004951 secs] [Times: user=0,00 sys=0,00, real=0,00 secs] 
54,953: [GC (Allocation Failure) [PSYoungGen: 134240K->96K(161792K)] 136044K->1900K(336896K), 0,0005457 secs] [Times: user=0,00 sys=0,00, real=0,00 secs] 
55,008: [GC (Allocation Failure) [PSYoungGen: 161376K->96K(156160K)] 163180K->1900K(331264K), 0,0005024 secs] [Times: user=0,00 sys=0,00, real=0,00 secs] 
55,060: [GC (Allocation Failure) [PSYoungGen: 155744K->96K(151040K)] 157548K->1900K(326144K), 0,0004938 secs] [Times: user=0,00 sys=0,00, real=0,00 secs] 
55,111: [GC (Allocation Failure) [PSYoungGen: 150624K->96K(145920K)] 152428K->1900K(321024K), 0,0004877 secs] [Times: user=0,00 sys=0,00, real=0,00 secs] 
55,160: [GC (Allocation Failure) [PSYoungGen: 145504K->64K(141312K)] 147308K->1868K(316416K), 0,0004913 secs] [Times: user=0,00 sys=0,00, real=0,00 secs] 
55,208: [GC (Allocation Failure) [PSYoungGen: 140864K->64K(136704K)] 142668K->1868K(311808K), 0,0005541 secs] [Times: user=0,00 sys=0,00, real=0,00 secs] 
55,254: [GC (Allocation Failure) [PSYoungGen: 136256K->64K(132608K)] 138060K->1868K(307712K), 0,0004890 secs] [Times: user=0,00 sys=0,00, real=0,00 secs] 
55,298: [GC (Allocation Failure) [PSYoungGen: 132160K->64K(159232K)] 133964K->1868K(334336K), 0,0007914 secs] [Times: user=0,00 sys=0,00, real=0,01 secs] 
55,352: [GC (Allocation Failure) [PSYoungGen: 158784K->64K(190976K)] 160588K->1868K(366080K), 0,0004839 secs] [Times: user=0,00 sys=0,00, real=0,00 secs] 
55,417: [GC (Allocation Failure) [PSYoungGen: 190528K->64K(184320K)] 192332K->1868K(359424K), 0,0005012 secs] [Times: user=0,00 sys=0,00, real=0,00 secs] 
55,478: [GC (Allocation Failure) [PSYoungGen: 183872K->96K(177664K)] 185676K->1900K(352768K), 0,0004825 secs] [Times: user=0,00 sys=0,00, real=0,01 secs] 
55,540: [GC (Allocation Failure) [PSYoungGen: 177248K->96K(171520K)] 179052K->1900K(346624K), 0,0005182 secs] [Times: user=0,00 sys=0,00, real=0,00 secs] 
55,597: [GC (Allocation Failure) [PSYoungGen: 171104K->96K(165376K)] 172908K->1900K(340480K), 0,0005078 secs] [Times: user=0,00 sys=0,00, real=0,00 secs] 
55,653: [GC (Allocation Failure) [PSYoungGen: 164960K->96K(159744K)] 166764K->1900K(334848K), 0,0005042 secs] [Times: user=0,00 sys=0,00, real=0,00 secs] 
55,707: [GC (Allocation Failure) [PSYoungGen: 159328K->96K(154112K)] 161132K->1900K(329216K), 0,0005242 secs] [Times: user=0,00 sys=0,00, real=0,00 secs] 
55,758: [GC (Allocation Failure) [PSYoungGen: 153696K->64K(148992K)] 155500K->1868K(324096K), 0,0005559 secs] [Times: user=0,00 sys=0,00, real=0,01 secs] 
55,809: [GC (Allocation Failure) [PSYoungGen: 148544K->96K(143872K)] 150348K->1900K(318976K), 0,0005021 secs] [Times: user=0,00 sys=0,00, real=0,01 secs] 
55,857: [GC (Allocation Failure) [PSYoungGen: 143456K->64K(139264K)] 145260K->1868K(314368K), 0,0004865 secs] [Times: user=0,00 sys=0,00, real=0,00 secs] 
55,904: [GC (Allocation Failure) [PSYoungGen: 138816K->64K(167424K)] 140620K->1868K(342528K), 0,0007901 secs] [Times: user=0,00 sys=0,00, real=0,00 secs] 
55,961: [GC (Allocation Failure) [PSYoungGen: 166976K->64K(161792K)] 168780K->1868K(336896K), 0,0005180 secs] [Times: user=0,01 sys=0,00, real=0,00 secs] 
56,015: [GC (Allocation Failure) [PSYoungGen: 161344K->64K(156160K)] 163148K->1868K(331264K), 0,0005386 secs] [Times: user=0,00 sys=0,00, real=0,00 secs] 
56,068: [GC (Allocation Failure) [PSYoungGen: 155712K->96K(151040K)] 157516K->1900K(326144K), 0,0004900 secs] [Times: user=0,00 sys=0,00, real=0,00 secs] 
56,119: [GC (Allocation Failure) [PSYoungGen: 150624K->96K(145920K)] 152428K->1900K(321024K), 0,0005014 secs] [Times: user=0,00 sys=0,00, real=0,00 secs] 
56,168: [GC (Allocation Failure) [PSYoungGen: 145504K->96K(141312K)] 147308K->1900K(316416K), 0,0004871 secs] [Times: user=0,00 sys=0,00, real=0,00 secs] 
56,215: [GC (Allocation Failure) [PSYoungGen: 140896K->96K(136704K)] 142700K->1900K(311808K), 0,0005204 secs] [Times: user=0,00 sys=0,00, real=0,00 secs] 
56,261: [GC (Allocation Failure) [PSYoungGen: 136288K->96K(132608K)] 138092K->1900K(307712K), 0,0004995 secs] [Times: user=0,00 sys=0,00, real=0,00 secs] 
56,306: [GC (Allocation Failure) [PSYoungGen: 132192K->64K(128512K)] 133996K->1868K(303616K), 0,0004834 secs] [Times: user=0,00 sys=0,00, real=0,00 secs] 
56,349: [GC (Allocation Failure) [PSYoungGen: 128064K->96K(124416K)] 129868K->1900K(299520K), 0,0005140 secs] [Times: user=0,00 sys=0,00, real=0,00 secs] 
56,391: [GC (Allocation Failure) [PSYoungGen: 124000K->96K(149504K)] 125804K->1900K(324608K), 0,0004849 secs] [Times: user=0,00 sys=0,00, real=0,00 secs] 
56,442: [GC (Allocation Failure) [PSYoungGen: 149088K->64K(144384K)] 150892K->1868K(319488K), 0,0005841 secs] [Times: user=0,00 sys=0,00, real=0,00 secs] 
56,491: [GC (Allocation Failure) [PSYoungGen: 143936K->96K(139776K)] 145740K->1900K(314880K), 0,0005173 secs] [Times: user=0,00 sys=0,00, real=0,00 secs] 
56,538: [GC (Allocation Failure) [PSYoungGen: 139360K->96K(135168K)] 141164K->1900K(310272K), 0,0005038 secs] [Times: user=0,00 sys=0,00, real=0,00 secs] 
56,584: [GC (Allocation Failure) [PSYoungGen: 134752K->96K(131072K)] 136556K->1900K(306176K), 0,0004797 secs] [Times: user=0,00 sys=0,00, real=0,00 secs] 
56,628: [GC (Allocation Failure) [PSYoungGen: 130656K->64K(126976K)] 132460K->1868K(302080K), 0,0004954 secs] [Times: user=0,00 sys=0,00, real=0,00 secs] 
56,671: [GC (Allocation Failure) [PSYoungGen: 126528K->64K(152576K)] 128332K->1868K(327680K), 0,0005098 secs] [Times: user=0,00 sys=0,00, real=0,00 secs] 
56,722: [GC (Allocation Failure) [PSYoungGen: 152128K->96K(147456K)] 153932K->1900K(322560K), 0,0005048 secs] [Times: user=0,00 sys=0,00, real=0,00 secs] 
56,772: [GC (Allocation Failure) [PSYoungGen: 147040K->96K(142848K)] 148844K->1900K(317952K), 0,0005426 secs] [Times: user=0,00 sys=0,00, real=0,00 secs] 
56,820: [GC (Allocation Failure) [PSYoungGen: 142432K->32K(138240K)] 144236K->1836K(313344K), 0,0005350 secs] [Times: user=0,00 sys=0,00, real=0,00 secs] 
56,867: [GC (Allocation Failure) [PSYoungGen: 137760K->64K(165888K)] 139564K->1868K(340992K), 0,0007021 secs] [Times: user=0,00 sys=0,00, real=0,00 secs] 
56,923: [GC (Allocation Failure) [PSYoungGen: 165440K->96K(199168K)] 167244K->1900K(374272K), 0,0004862 secs] [Times: user=0,01 sys=0,00, real=0,00 secs] 
56,989: [GC (Allocation Failure) [PSYoungGen: 198752K->64K(192000K)] 200556K->1868K(367104K), 0,0004963 secs] [Times: user=0,00 sys=0,00, real=0,00 secs] 
57,054: [GC (Allocation Failure) [PSYoungGen: 191552K->96K(185344K)] 193356K->1900K(360448K), 0,0005119 secs] [Times: user=0,00 sys=0,00, real=0,00 secs] 
57,117: [GC (Allocation Failure) [PSYoungGen: 184928K->64K(178688K)] 186732K->1868K(353792K), 0,0005725 secs] [Times: user=0,00 sys=0,00, real=0,00 secs] 
57,177: [GC (Allocation Failure) [PSYoungGen: 178240K->96K(172544K)] 180044K->1900K(347648K), 0,0004974 secs] [Times: user=0,00 sys=0,00, real=0,00 secs] 
57,235: [GC (Allocation Failure) [PSYoungGen: 172128K->96K(166400K)] 173932K->1900K(341504K), 0,0005014 secs] [Times: user=0,00 sys=0,00, real=0,00 secs] 
57,291: [GC (Allocation Failure) [PSYoungGen: 165983K->64K(160768K)] 167788K->1868K(335872K), 0,0005490 secs] [Times: user=0,00 sys=0,00, real=0,00 secs] 
57,345: [GC (Allocation Failure) [PSYoungGen: 160320K->96K(155136K)] 162124K->1900K(330240K), 0,0004999 secs] [Times: user=0,00 sys=0,00, real=0,00 secs] 
57,398: [GC (Allocation Failure) [PSYoungGen: 154720K->64K(150016K)] 156524K->1868K(325120K), 0,0004817 secs] [Times: user=0,00 sys=0,00, real=0,00 secs] 
57,448: [GC (Allocation Failure) [PSYoungGen: 149568K->64K(144896K)] 151372K->1868K(320000K), 0,0005259 secs] [Times: user=0,00 sys=0,00, real=0,00 secs] 
57,497: [GC (Allocation Failure) [PSYoungGen: 144448K->96K(140288K)] 146252K->1900K(315392K), 0,0004877 secs] [Times: user=0,00 sys=0,00, real=0,00 secs] 
57,544: [GC (Allocation Failure) [PSYoungGen: 139872K->96K(135680K)] 141676K->1900K(310784K), 0,0004997 secs] [Times: user=0,00 sys=0,00, real=0,00 secs] 
57,590: [GC (Allocation Failure) [PSYoungGen: 135264K->96K(131584K)] 137068K->1900K(306688K), 0,0004774 secs] [Times: user=0,00 sys=0,00, real=0,00 secs] 
57,635: [GC (Allocation Failure) [PSYoungGen: 131168K->64K(127488K)] 132972K->1868K(302592K), 0,0004863 secs] [Times: user=0,00 sys=0,00, real=0,00 secs] 
57,678: [GC (Allocation Failure) [PSYoungGen: 127040K->96K(123392K)] 128844K->1900K(298496K), 0,0004884 secs] [Times: user=0,00 sys=0,00, real=0,00 secs] 
57,719: [GC (Allocation Failure) [PSYoungGen: 122976K->96K(119808K)] 124780K->1900K(294912K), 0,0005122 secs] [Times: user=0,00 sys=0,00, real=0,00 secs] 
57,760: [GC (Allocation Failure) [PSYoungGen: 119392K->64K(143872K)] 121196K->1868K(318976K), 0,0005265 secs] [Times: user=0,00 sys=0,00, real=0,00 secs] 
57,808: [GC (Allocation Failure) [PSYoungGen: 143424K->96K(172544K)] 145228K->1900K(347648K), 0,0004897 secs] [Times: user=0,00 sys=0,00, real=0,00 secs] 
57,866: [GC (Allocation Failure) [PSYoungGen: 172128K->64K(166400K)] 173932K->1868K(341504K), 0,0004877 secs] [Times: user=0,00 sys=0,00, real=0,00 secs] 
57,922: [GC (Allocation Failure) [PSYoungGen: 165952K->96K(160768K)] 167756K->1900K(335872K), 0,0004908 secs] [Times: user=0,00 sys=0,00, real=0,00 secs] 
57,976: [GC (Allocation Failure) [PSYoungGen: 160351K->64K(155136K)] 162156K->1868K(330240K), 0,0005803 secs] [Times: user=0,00 sys=0,00, real=0,00 secs] 
58,029: [GC (Allocation Failure) [PSYoungGen: 154688K->96K(150016K)] 156492K->1900K(325120K), 0,0004985 secs] [Times: user=0,00 sys=0,00, real=0,01 secs] 
58,079: [GC (Allocation Failure) [PSYoungGen: 149600K->96K(144896K)] 151404K->1900K(320000K), 0,0004867 secs] [Times: user=0,00 sys=0,01, real=0,00 secs] 
58,128: [GC (Allocation Failure) [PSYoungGen: 144480K->64K(140288K)] 146284K->1868K(315392K), 0,0005059 secs] [Times: user=0,00 sys=0,00, real=0,00 secs] 
58,175: [GC (Allocation Failure) [PSYoungGen: 139840K->96K(135680K)] 141644K->1900K(310784K), 0,0004818 secs] [Times: user=0,00 sys=0,00, real=0,00 secs] 
58,221: [GC (Allocation Failure) [PSYoungGen: 135264K->64K(131584K)] 137068K->1868K(306688K), 0,0005333 secs] [Times: user=0,00 sys=0,00, real=0,00 secs] 
58,265: [GC (Allocation Failure) [PSYoungGen: 131136K->96K(127488K)] 132940K->1900K(302592K), 0,0004946 secs] [Times: user=0,00 sys=0,00, real=0,00 secs] 
58,308: [GC (Allocation Failure) [PSYoungGen: 127072K->64K(123392K)] 128876K->1868K(298496K), 0,0004760 secs] [Times: user=0,00 sys=0,00, real=0,01 secs] 
58,350: [GC (Allocation Failure) [PSYoungGen: 122944K->96K(119808K)] 124748K->1900K(294912K), 0,0004749 secs] [Times: user=0,00 sys=0,00, real=0,00 secs] 
58,390: [GC (Allocation Failure) [PSYoungGen: 119392K->96K(143872K)] 121196K->1900K(318976K), 0,0004956 secs] [Times: user=0,01 sys=0,00, real=0,00 secs] 
58,438: [GC (Allocation Failure) [PSYoungGen: 143456K->96K(139264K)] 145260K->1900K(314368K), 0,0004895 secs] [Times: user=0,00 sys=0,00, real=0,01 secs] 
58,485: [GC (Allocation Failure) [PSYoungGen: 138848K->96K(134656K)] 140652K->1900K(309760K), 0,0004960 secs] [Times: user=0,00 sys=0,00, real=0,00 secs] 
58,531: [GC (Allocation Failure) [PSYoungGen: 134240K->64K(130560K)] 136044K->1868K(305664K), 0,0005035 secs] [Times: user=0,00 sys=0,00, real=0,00 secs] 
58,575: [GC (Allocation Failure) [PSYoungGen: 130112K->96K(126464K)] 131916K->1900K(301568K), 0,0004788 secs] [Times: user=0,00 sys=0,00, real=0,00 secs] 
58,618: [GC (Allocation Failure) [PSYoungGen: 126048K->96K(122368K)] 127852K->1900K(297472K), 0,0004765 secs] [Times: user=0,01 sys=0,00, real=0,00 secs] 
58,659: [GC (Allocation Failure) [PSYoungGen: 121952K->96K(146944K)] 123756K->1900K(322048K), 0,0005353 secs] [Times: user=0,00 sys=0,00, real=0,00 secs] 
58,709: [GC (Allocation Failure) [PSYoungGen: 146528K->96K(176640K)] 148332K->1900K(351744K), 0,0004839 secs] [Times: user=0,00 sys=0,00, real=0,01 secs] 
58,768: [GC (Allocation Failure) [PSYoungGen: 176224K->96K(170496K)] 178028K->1900K(345600K), 0,0005174 secs] [Times: user=0,00 sys=0,00, real=0,00 secs] 
58,825: [GC (Allocation Failure) [PSYoungGen: 170080K->96K(164864K)] 171884K->1900K(339968K), 0,0004833 secs] [Times: user=0,00 sys=0,00, real=0,00 secs] 
58,880: [GC (Allocation Failure) [PSYoungGen: 164448K->32K(159232K)] 166252K->1836K(334336K), 0,0005663 secs] [Times: user=0,00 sys=0,00, real=0,00 secs] 
58,934: [GC (Allocation Failure) [PSYoungGen: 158752K->96K(154112K)] 160556K->1900K(329216K), 0,0005057 secs] [Times: user=0,00 sys=0,00, real=0,00 secs] 
58,986: [GC (Allocation Failure) [PSYoungGen: 153696K->96K(148992K)] 155500K->1900K(324096K), 0,0004935 secs] [Times: user=0,01 sys=0,00, real=0,00 secs] 
59,037: [GC (Allocation Failure) [PSYoungGen: 148576K->64K(143872K)] 150380K->1868K(318976K), 0,0005019 secs] [Times: user=0,00 sys=0,00, real=0,00 secs] 
59,085: [GC (Allocation Failure) [PSYoungGen: 143424K->96K(139264K)] 145228K->1900K(314368K), 0,0004818 secs] [Times: user=0,01 sys=0,00, real=0,00 secs] 
59,132: [GC (Allocation Failure) [PSYoungGen: 138848K->96K(134656K)] 140652K->1900K(309760K), 0,0004939 secs] [Times: user=0,00 sys=0,00, real=0,00 secs] 
59,177: [GC (Allocation Failure) [PSYoungGen: 134240K->64K(130560K)] 136044K->1868K(305664K), 0,0005397 secs] [Times: user=0,00 sys=0,00, real=0,00 secs] 
59,221: [GC (Allocation Failure) [PSYoungGen: 130112K->96K(156672K)] 131916K->1900K(331776K), 0,0005641 secs] [Times: user=0,00 sys=0,00, real=0,00 secs] 
59,274: [GC (Allocation Failure) [PSYoungGen: 156256K->64K(151552K)] 158060K->1868K(326656K), 0,0005150 secs] [Times: user=0,00 sys=0,00, real=0,00 secs] 
59,325: [GC (Allocation Failure) [PSYoungGen: 151103K->96K(146432K)] 152908K->1900K(321536K), 0,0004928 secs] [Times: user=0,00 sys=0,00, real=0,00 secs] 
59,375: [GC (Allocation Failure) [PSYoungGen: 146016K->96K(141824K)] 147820K->1900K(316928K), 0,0004750 secs] [Times: user=0,00 sys=0,00, real=0,00 secs] 
59,423: [GC (Allocation Failure) [PSYoungGen: 141408K->96K(137216K)] 143212K->1900K(312320K), 0,0004937 secs] [Times: user=0,01 sys=0,00, real=0,00 secs] 
59,469: [GC (Allocation Failure) [PSYoungGen: 136799K->96K(132608K)] 138604K->1900K(307712K), 0,0004839 secs] [Times: user=0,00 sys=0,00, real=0,00 secs] 
59,514: [GC (Allocation Failure) [PSYoungGen: 132192K->96K(128512K)] 133996K->1900K(303616K), 0,0005048 secs] [Times: user=0,00 sys=0,00, real=0,00 secs] 
59,557: [GC (Allocation Failure) [PSYoungGen: 128096K->96K(124416K)] 129900K->1900K(299520K), 0,0004826 secs] [Times: user=0,00 sys=0,00, real=0,00 secs] 
59,599: [GC (Allocation Failure) [PSYoungGen: 124000K->64K(120832K)] 125804K->1868K(295936K), 0,0004839 secs] [Times: user=0,00 sys=0,00, real=0,00 secs] 
59,640: [GC (Allocation Failure) [PSYoungGen: 120384K->64K(144896K)] 122188K->1868K(320000K), 0,0005062 secs] [Times: user=0,01 sys=0,00, real=0,00 secs] 
59,689: [GC (Allocation Failure) [PSYoungGen: 144448K->96K(174080K)] 146252K->1900K(349184K), 0,0005456 secs] [Times: user=0,00 sys=0,00, real=0,00 secs] 
59,748: [GC (Allocation Failure) [PSYoungGen: 173664K->64K(167936K)] 175468K->1868K(343040K), 0,0005006 secs] [Times: user=0,00 sys=0,00, real=0,00 secs] 
59,804: [GC (Allocation Failure) [PSYoungGen: 167487K->96K(162304K)] 169292K->1900K(337408K), 0,0005302 secs] [Times: user=0,00 sys=0,00, real=0,00 secs] 
59,859: [GC (Allocation Failure) [PSYoungGen: 161888K->64K(156672K)] 163692K->1868K(331776K), 0,0004913 secs] [Times: user=0,01 sys=0,00, real=0,00 secs] 
59,912: [GC (Allocation Failure) [PSYoungGen: 156224K->96K(151552K)] 158028K->1900K(326656K), 0,0005032 secs] [Times: user=0,00 sys=0,00, real=0,00 secs] 
59,963: [GC (Allocation Failure) [PSYoungGen: 151135K->96K(146432K)] 152940K->1900K(321536K), 0,0005007 secs] [Times: user=0,00 sys=0,00, real=0,00 secs] 
60,014: [GC (Allocation Failure) [PSYoungGen: 146016K->32K(141824K)] 147820K->1836K(316928K), 0,0005782 secs] [Times: user=0,00 sys=0,00, real=0,00 secs] 
60,061: [GC (Allocation Failure) [PSYoungGen: 141344K->96K(137216K)] 143148K->1900K(312320K), 0,0005071 secs] [Times: user=0,00 sys=0,00, real=0,00 secs] 
60,108: [GC (Allocation Failure) [PSYoungGen: 136800K->64K(164864K)] 138604K->1868K(339968K), 0,0006960 secs] [Times: user=0,00 sys=0,00, real=0,00 secs] 
60,164: [GC (Allocation Failure) [PSYoungGen: 164416K->64K(159232K)] 166220K->1868K(334336K), 0,0005005 secs] [Times: user=0,00 sys=0,00, real=0,00 secs] 
60,217: [GC (Allocation Failure) [PSYoungGen: 158784K->96K(154112K)] 160588K->1900K(329216K), 0,0004934 secs] [Times: user=0,00 sys=0,00, real=0,00 secs] 
60,270: [GC (Allocation Failure) [PSYoungGen: 153696K->160K(148992K)] 155500K->1964K(324096K), 0,0005215 secs] [Times: user=0,00 sys=0,00, real=0,00 secs] 
60,321: [GC (Allocation Failure) [PSYoungGen: 148640K->96K(143872K)] 150444K->1932K(318976K), 0,0005460 secs] [Times: user=0,00 sys=0,00, real=0,00 secs] 
60,369: [GC (Allocation Failure) [PSYoungGen: 143456K->64K(139264K)] 145292K->1900K(314368K), 0,0004936 secs] [Times: user=0,00 sys=0,00, real=0,00 secs] 
60,416: [GC (Allocation Failure) [PSYoungGen: 138816K->96K(134656K)] 140652K->1932K(309760K), 0,0004957 secs] [Times: user=0,00 sys=0,00, real=0,00 secs] 
60,461: [GC (Allocation Failure) [PSYoungGen: 134240K->96K(130560K)] 136076K->1932K(305664K), 0,0004878 secs] [Times: user=0,01 sys=0,00, real=0,00 secs] 
60,505: [GC (Allocation Failure) [PSYoungGen: 130144K->32K(156672K)] 131980K->1868K(331776K), 0,0005798 secs] [Times: user=0,00 sys=0,00, real=0,00 secs] 
60,558: [GC (Allocation Failure) [PSYoungGen: 156192K->96K(151552K)] 158028K->1932K(326656K), 0,0005005 secs] [Times: user=0,00 sys=0,00, real=0,00 secs] 
60,609: [GC (Allocation Failure) [PSYoungGen: 151136K->96K(146432K)] 152972K->1932K(321536K), 0,0004784 secs] [Times: user=0,00 sys=0,00, real=0,00 secs] 
60,658: [GC (Allocation Failure) [PSYoungGen: 146016K->96K(141824K)] 147852K->1932K(316928K), 0,0004885 secs] [Times: user=0,00 sys=0,00, real=0,00 secs] 
60,706: [GC (Allocation Failure) [PSYoungGen: 141408K->96K(137216K)] 143244K->1932K(312320K), 0,0004947 secs] [Times: user=0,00 sys=0,00, real=0,00 secs] 
60,752: [GC (Allocation Failure) [PSYoungGen: 136800K->96K(132608K)] 138636K->1932K(307712K), 0,0004973 secs] [Times: user=0,00 sys=0,00, real=0,00 secs] 
60,797: [GC (Allocation Failure) [PSYoungGen: 132192K->96K(128512K)] 134028K->1932K(303616K), 0,0005349 secs] [Times: user=0,00 sys=0,00, real=0,00 secs] 
60,840: [GC (Allocation Failure) [PSYoungGen: 128096K->96K(154112K)] 129932K->1932K(329216K), 0,0005386 secs] [Times: user=0,00 sys=0,00, real=0,00 secs] 
60,896: [GC (Allocation Failure) [PSYoungGen: 153696K->64K(148992K)] 155532K->1900K(324096K), 0,0005093 secs] [Times: user=0,00 sys=0,00, real=0,00 secs] 
60,946: [GC (Allocation Failure) [PSYoungGen: 148544K->96K(143872K)] 150380K->1932K(318976K), 0,0005073 secs] [Times: user=0,00 sys=0,00, real=0,00 secs] 
60,995: [GC (Allocation Failure) [PSYoungGen: 143456K->96K(139264K)] 145292K->1932K(314368K), 0,0004960 secs] [Times: user=0,00 sys=0,00, real=0,00 secs] 
61,042: [GC (Allocation Failure) [PSYoungGen: 138848K->64K(134656K)] 140684K->1900K(309760K), 0,0005461 secs] [Times: user=0,00 sys=0,00, real=0,00 secs] 
61,088: [GC (Allocation Failure) [PSYoungGen: 134208K->96K(130560K)] 136044K->1932K(305664K), 0,0004994 secs] [Times: user=0,00 sys=0,00, real=0,00 secs] 
61,132: [GC (Allocation Failure) [PSYoungGen: 130144K->64K(156672K)] 131980K->1900K(331776K), 0,0006948 secs] [Times: user=0,00 sys=0,00, real=0,00 secs] 
61,185: [GC (Allocation Failure) [PSYoungGen: 156223K->96K(187904K)] 158060K->1932K(363008K), 0,0004913 secs] [Times: user=0,00 sys=0,00, real=0,00 secs] 
61,248: [GC (Allocation Failure) [PSYoungGen: 187488K->96K(181248K)] 189324K->1932K(356352K), 0,0005508 secs] [Times: user=0,00 sys=0,00, real=0,00 secs] 
61,309: [GC (Allocation Failure) [PSYoungGen: 180832K->96K(175104K)] 182668K->1932K(350208K), 0,0005038 secs] [Times: user=0,00 sys=0,00, real=0,00 secs] 
61,368: [GC (Allocation Failure) [PSYoungGen: 174688K->96K(168960K)] 176524K->1932K(344064K), 0,0005446 secs] [Times: user=0,00 sys=0,00, real=0,00 secs] 
61,425: [GC (Allocation Failure) [PSYoungGen: 168543K->96K(163328K)] 170380K->1932K(338432K), 0,0004967 secs] [Times: user=0,00 sys=0,00, real=0,00 secs] 
61,479: [GC (Allocation Failure) [PSYoungGen: 162912K->96K(157696K)] 164748K->1932K(332800K), 0,0004920 secs] [Times: user=0,00 sys=0,00, real=0,00 secs] 
61,533: [GC (Allocation Failure) [PSYoungGen: 157280K->96K(152576K)] 159116K->1932K(327680K), 0,0005316 secs] [Times: user=0,01 sys=0,00, real=0,00 secs] 
61,586: [GC (Allocation Failure) [PSYoungGen: 152160K->64K(147456K)] 153996K->1900K(322560K), 0,0005299 secs] [Times: user=0,00 sys=0,00, real=0,00 secs] 
61,636: [GC (Allocation Failure) [PSYoungGen: 147008K->64K(142848K)] 148844K->1900K(317952K), 0,0005641 secs] [Times: user=0,00 sys=0,00, real=0,00 secs] 
61,685: [GC (Allocation Failure) [PSYoungGen: 142400K->96K(138240K)] 144236K->1932K(313344K), 0,0005005 secs] [Times: user=0,00 sys=0,00, real=0,00 secs] 
61,731: [GC (Allocation Failure) [PSYoungGen: 137824K->96K(133632K)] 139660K->1932K(308736K), 0,0005019 secs] [Times: user=0,01 sys=0,00, real=0,00 secs] 
61,776: [GC (Allocation Failure) [PSYoungGen: 133216K->64K(129536K)] 135052K->1900K(304640K), 0,0005062 secs] [Times: user=0,00 sys=0,00, real=0,00 secs] 
61,820: [GC (Allocation Failure) [PSYoungGen: 129088K->96K(125440K)] 130924K->1932K(300544K), 0,0005527 secs] [Times: user=0,00 sys=0,00, real=0,00 secs] 
61,863: [GC (Allocation Failure) [PSYoungGen: 125024K->96K(150528K)] 126860K->1932K(325632K), 0,0004958 secs] [Times: user=0,00 sys=0,00, real=0,00 secs] 
61,914: [GC (Allocation Failure) [PSYoungGen: 150112K->96K(145408K)] 151948K->1932K(320512K), 0,0004794 secs] [Times: user=0,00 sys=0,00, real=0,00 secs] 
61,963: [GC (Allocation Failure) [PSYoungGen: 144992K->96K(140800K)] 146828K->1932K(315904K), 0,0004942 secs] [Times: user=0,00 sys=0,00, real=0,00 secs] 
62,010: [GC (Allocation Failure) [PSYoungGen: 140384K->96K(136192K)] 142220K->1932K(311296K), 0,0005040 secs] [Times: user=0,00 sys=0,00, real=0,00 secs] 
62,057: [GC (Allocation Failure) [PSYoungGen: 135776K->96K(132096K)] 137612K->1932K(307200K), 0,0004828 secs] [Times: user=0,00 sys=0,00, real=0,00 secs] 
62,101: [GC (Allocation Failure) [PSYoungGen: 131680K->96K(128000K)] 133516K->1932K(303104K), 0,0005075 secs] [Times: user=0,00 sys=0,00, real=0,00 secs] 
62,144: [GC (Allocation Failure) [PSYoungGen: 127584K->96K(123904K)] 129420K->1932K(299008K), 0,0005041 secs] [Times: user=0,00 sys=0,00, real=0,00 secs] 
62,186: [GC (Allocation Failure) [PSYoungGen: 123488K->96K(148992K)] 125324K->1932K(324096K), 0,0004905 secs] [Times: user=0,00 sys=0,00, real=0,00 secs] 
62,236: [GC (Allocation Failure) [PSYoungGen: 148576K->96K(143872K)] 150412K->1932K(318976K), 0,0004969 secs] [Times: user=0,00 sys=0,00, real=0,00 secs] 
62,285: [GC (Allocation Failure) [PSYoungGen: 143456K->64K(139264K)] 145292K->1900K(314368K), 0,0005258 secs] [Times: user=0,00 sys=0,00, real=0,00 secs] 
62,331: [GC (Allocation Failure) [PSYoungGen: 138816K->64K(134656K)] 140652K->1900K(309760K), 0,0004896 secs] [Times: user=0,00 sys=0,00, real=0,00 secs] 
62,377: [GC (Allocation Failure) [PSYoungGen: 134208K->96K(130560K)] 136044K->1932K(305664K), 0,0004904 secs] [Times: user=0,00 sys=0,00, real=0,00 secs] 
62,421: [GC (Allocation Failure) [PSYoungGen: 130144K->96K(126464K)] 131980K->1932K(301568K), 0,0005020 secs] [Times: user=0,00 sys=0,00, real=0,00 secs] 
62,464: [GC (Allocation Failure) [PSYoungGen: 126048K->96K(122368K)] 127884K->1932K(297472K), 0,0004834 secs] [Times: user=0,00 sys=0,00, real=0,00 secs] 
62,505: [GC (Allocation Failure) [PSYoungGen: 121952K->96K(146944K)] 123788K->1932K(322048K), 0,0004888 secs] [Times: user=0,01 sys=0,00, real=0,00 secs] 
62,554: [GC (Allocation Failure) [PSYoungGen: 146528K->96K(142336K)] 148364K->1932K(317440K), 0,0005120 secs] [Times: user=0,01 sys=0,00, real=0,00 secs] 
62,602: [GC (Allocation Failure) [PSYoungGen: 141919K->96K(137728K)] 143756K->1932K(312832K), 0,0004939 secs] [Times: user=0,00 sys=0,00, real=0,00 secs] 
62,649: [GC (Allocation Failure) [PSYoungGen: 137312K->96K(133120K)] 139148K->1932K(308224K), 0,0004819 secs] [Times: user=0,00 sys=0,00, real=0,00 secs] 
62,694: [GC (Allocation Failure) [PSYoungGen: 132704K->64K(159744K)] 134540K->1900K(334848K), 0,0007111 secs] [Times: user=0,00 sys=0,00, real=0,00 secs] 
62,748: [GC (Allocation Failure) [PSYoungGen: 159296K->96K(192000K)] 161132K->1932K(367104K), 0,0005154 secs] [Times: user=0,00 sys=0,00, real=0,00 secs] 
62,812: [GC (Allocation Failure) [PSYoungGen: 191584K->64K(185344K)] 193420K->1900K(360448K), 0,0005554 secs] [Times: user=0,01 sys=0,00, real=0,00 secs] 
62,874: [GC (Allocation Failure) [PSYoungGen: 184896K->96K(178688K)] 186732K->1932K(353792K), 0,0005092 secs] [Times: user=0,00 sys=0,00, real=0,00 secs] 
62,934: [GC (Allocation Failure) [PSYoungGen: 178272K->96K(172544K)] 180108K->1932K(347648K), 0,0006272 secs] [Times: user=0,00 sys=0,00, real=0,00 secs] 
62,993: [GC (Allocation Failure) [PSYoungGen: 172128K->96K(166400K)] 173964K->1932K(341504K), 0,0005185 secs] [Times: user=0,00 sys=0,00, real=0,00 secs] 
63,050: [GC (Allocation Failure) [PSYoungGen: 165984K->96K(160768K)] 167820K->1932K(335872K), 0,0006745 secs] [Times: user=0,01 sys=0,00, real=0,00 secs] 
63,105: [GC (Allocation Failure) [PSYoungGen: 160351K->96K(155136K)] 162188K->1932K(330240K), 0,0005098 secs] [Times: user=0,00 sys=0,00, real=0,00 secs] 
63,157: [GC (Allocation Failure) [PSYoungGen: 154720K->96K(150016K)] 156556K->1932K(325120K), 0,0004794 secs] [Times: user=0,00 sys=0,00, real=0,00 secs] 
63,208: [GC (Allocation Failure) [PSYoungGen: 149600K->96K(144896K)] 151436K->1932K(320000K), 0,0005240 secs] [Times: user=0,00 sys=0,00, real=0,00 secs] 
63,257: [GC (Allocation Failure) [PSYoungGen: 144480K->64K(140288K)] 146316K->1900K(315392K), 0,0004820 secs] [Times: user=0,00 sys=0,00, real=0,00 secs] 
63,304: [GC (Allocation Failure) [PSYoungGen: 139840K->96K(135680K)] 141676K->1932K(310784K), 0,0004719 secs] [Times: user=0,00 sys=0,00, real=0,00 secs] 
63,349: [GC (Allocation Failure) [PSYoungGen: 135264K->96K(131584K)] 137100K->1932K(306688K), 0,0004953 secs] [Times: user=0,00 sys=0,00, real=0,00 secs] 
63,394: [GC (Allocation Failure) [PSYoungGen: 131168K->64K(127488K)] 133004K->1900K(302592K), 0,0004866 secs] [Times: user=0,00 sys=0,00, real=0,00 secs] 
63,437: [GC (Allocation Failure) [PSYoungGen: 127040K->96K(123392K)] 128876K->1932K(298496K), 0,0004628 secs] [Times: user=0,00 sys=0,00, real=0,00 secs] 
63,478: [GC (Allocation Failure) [PSYoungGen: 122976K->96K(119808K)] 124812K->1932K(294912K), 0,0005321 secs] [Times: user=0,00 sys=0,00, real=0,01 secs] 
63,518: [GC (Allocation Failure) [PSYoungGen: 119392K->32K(143872K)] 121228K->1868K(318976K), 0,0008379 secs] [Times: user=0,00 sys=0,00, real=0,01 secs] 
63,567: [GC (Allocation Failure) [PSYoungGen: 143392K->96K(172544K)] 145228K->1932K(347648K), 0,0004998 secs] [Times: user=0,00 sys=0,00, real=0,00 secs] 
63,625: [GC (Allocation Failure) [PSYoungGen: 172128K->96K(207360K)] 173964K->1932K(382464K), 0,0004811 secs] [Times: user=0,00 sys=0,00, real=0,00 secs] 
63,694: [GC (Allocation Failure) [PSYoungGen: 206944K->96K(199680K)] 208780K->1932K(374784K), 0,0004855 secs] [Times: user=0,00 sys=0,00, real=0,00 secs] 
63,761: [GC (Allocation Failure) [PSYoungGen: 199264K->96K(192512K)] 201100K->1932K(367616K), 0,0005111 secs] [Times: user=0,00 sys=0,00, real=0,00 secs] 
63,825: [GC (Allocation Failure) [PSYoungGen: 192096K->96K(185856K)] 193932K->1932K(360960K), 0,0005021 secs] [Times: user=0,00 sys=0,00, real=0,00 secs] 
63,887: [GC (Allocation Failure) [PSYoungGen: 185440K->96K(179200K)] 187276K->1932K(354304K), 0,0005021 secs] [Times: user=0,00 sys=0,00, real=0,00 secs] 
63,947: [GC (Allocation Failure) [PSYoungGen: 178784K->96K(173056K)] 180620K->1932K(348160K), 0,0004991 secs] [Times: user=0,00 sys=0,00, real=0,00 secs] 
64,006: [GC (Allocation Failure) [PSYoungGen: 172640K->96K(166912K)] 174476K->1932K(342016K), 0,0004826 secs] [Times: user=0,00 sys=0,00, real=0,00 secs] 
64,062: [GC (Allocation Failure) [PSYoungGen: 166496K->96K(161280K)] 168332K->1932K(336384K), 0,0005083 secs] [Times: user=0,00 sys=0,00, real=0,00 secs] 
64,116: [GC (Allocation Failure) [PSYoungGen: 160864K->96K(155648K)] 162700K->1932K(330752K), 0,0005389 secs] [Times: user=0,00 sys=0,00, real=0,00 secs] 
64,168: [GC (Allocation Failure) [PSYoungGen: 155232K->96K(150528K)] 157068K->1932K(325632K), 0,0004884 secs] [Times: user=0,00 sys=0,00, real=0,00 secs] 
64,218: [GC (Allocation Failure) [PSYoungGen: 150112K->64K(145408K)] 151948K->1900K(320512K), 0,0005607 secs] [Times: user=0,00 sys=0,00, real=0,01 secs] 
64,267: [GC (Allocation Failure) [PSYoungGen: 144960K->96K(140800K)] 146796K->1932K(315904K), 0,0004864 secs] [Times: user=0,00 sys=0,00, real=0,00 secs] 
64,315: [GC (Allocation Failure) [PSYoungGen: 140384K->96K(136192K)] 142220K->1932K(311296K), 0,0004851 secs] [Times: user=0,00 sys=0,00, real=0,00 secs] 
64,361: [GC (Allocation Failure) [PSYoungGen: 135776K->96K(132096K)] 137612K->1932K(307200K), 0,0005356 secs] [Times: user=0,00 sys=0,00, real=0,00 secs] 
64,405: [GC (Allocation Failure) [PSYoungGen: 131680K->96K(128000K)] 133516K->1932K(303104K), 0,0004874 secs] [Times: user=0,00 sys=0,00, real=0,00 secs] 
64,448: [GC (Allocation Failure) [PSYoungGen: 127584K->96K(123904K)] 129420K->1932K(299008K), 0,0004901 secs] [Times: user=0,00 sys=0,00, real=0,01 secs] 
64,490: [GC (Allocation Failure) [PSYoungGen: 123488K->96K(120320K)] 125324K->1932K(295424K), 0,0004869 secs] [Times: user=0,00 sys=0,00, real=0,00 secs] 
64,531: [GC (Allocation Failure) [PSYoungGen: 119904K->96K(144384K)] 121740K->1932K(319488K), 0,0005147 secs] [Times: user=0,00 sys=0,00, real=0,00 secs] 
64,580: [GC (Allocation Failure) [PSYoungGen: 143968K->64K(139776K)] 145804K->1900K(314880K), 0,0004994 secs] [Times: user=0,00 sys=0,00, real=0,00 secs] 
64,626: [GC (Allocation Failure) [PSYoungGen: 139328K->96K(135168K)] 141164K->1932K(310272K), 0,0004784 secs] [Times: user=0,00 sys=0,00, real=0,00 secs] 
64,672: [GC (Allocation Failure) [PSYoungGen: 134752K->96K(131072K)] 136588K->1932K(306176K), 0,0004891 secs] [Times: user=0,00 sys=0,00, real=0,00 secs] 
64,716: [GC (Allocation Failure) [PSYoungGen: 130656K->64K(157184K)] 132492K->1900K(332288K), 0,0005333 secs] [Times: user=0,01 sys=0,00, real=0,00 secs] 
64,769: [GC (Allocation Failure) [PSYoungGen: 156736K->96K(152064K)] 158572K->1932K(327168K), 0,0004907 secs] [Times: user=0,00 sys=0,00, real=0,00 secs] 
64,820: [GC (Allocation Failure) [PSYoungGen: 151648K->96K(146944K)] 153484K->1932K(322048K), 0,0004941 secs] [Times: user=0,00 sys=0,00, real=0,00 secs] 
64,870: [GC (Allocation Failure) [PSYoungGen: 146528K->96K(142336K)] 148364K->1932K(317440K), 0,0004816 secs] [Times: user=0,00 sys=0,00, real=0,00 secs] 
64,918: [GC (Allocation Failure) [PSYoungGen: 141919K->96K(137728K)] 143756K->1932K(312832K), 0,0004857 secs] [Times: user=0,00 sys=0,00, real=0,00 secs] 
64,965: [GC (Allocation Failure) [PSYoungGen: 137312K->96K(133120K)] 139148K->1932K(308224K), 0,0005106 secs] [Times: user=0,01 sys=0,00, real=0,00 secs] 
65,010: [GC (Allocation Failure) [PSYoungGen: 132704K->96K(129024K)] 134540K->1932K(304128K), 0,0005055 secs] [Times: user=0,00 sys=0,00, real=0,00 secs] 
65,053: [GC (Allocation Failure) [PSYoungGen: 128608K->96K(124928K)] 130444K->1932K(300032K), 0,0004997 secs] [Times: user=0,01 sys=0,00, real=0,00 secs] 
65,095: [GC (Allocation Failure) [PSYoungGen: 124512K->96K(121344K)] 126348K->1932K(296448K), 0,0004743 secs] [Times: user=0,00 sys=0,00, real=0,00 secs] 
65,136: [GC (Allocation Failure) [PSYoungGen: 120928K->96K(145920K)] 122764K->1932K(321024K), 0,0005367 secs] [Times: user=0,00 sys=0,00, real=0,00 secs] 
65,186: [GC (Allocation Failure) [PSYoungGen: 145504K->96K(175104K)] 147340K->1932K(350208K), 0,0005567 secs] [Times: user=0,00 sys=0,00, real=0,00 secs] 
65,245: [GC (Allocation Failure) [PSYoungGen: 174688K->96K(168960K)] 176524K->1932K(344064K), 0,0004974 secs] [Times: user=0,00 sys=0,00, real=0,00 secs] 
65,301: [GC (Allocation Failure) [PSYoungGen: 168544K->96K(163328K)] 170380K->1932K(338432K), 0,0005002 secs] [Times: user=0,01 sys=0,00, real=0,00 secs] 
65,356: [GC (Allocation Failure) [PSYoungGen: 162912K->96K(157696K)] 164748K->1932K(332800K), 0,0005063 secs] [Times: user=0,00 sys=0,00, real=0,00 secs] 
65,409: [GC (Allocation Failure) [PSYoungGen: 157280K->96K(152576K)] 159116K->1932K(327680K), 0,0005135 secs] [Times: user=0,00 sys=0,00, real=0,00 secs] 
65,461: [GC (Allocation Failure) [PSYoungGen: 152160K->96K(147456K)] 153996K->1932K(322560K), 0,0005567 secs] [Times: user=0,00 sys=0,00, real=0,00 secs] 
65,510: [GC (Allocation Failure) [PSYoungGen: 147040K->32K(142848K)] 148876K->1868K(317952K), 0,0005228 secs] [Times: user=0,00 sys=0,00, real=0,00 secs] 
65,559: [GC (Allocation Failure) [PSYoungGen: 142368K->96K(138240K)] 144204K->1932K(313344K), 0,0004933 secs] [Times: user=0,00 sys=0,00, real=0,00 secs] 
65,605: [GC (Allocation Failure) [PSYoungGen: 137824K->64K(133632K)] 139660K->1900K(308736K), 0,0004723 secs] [Times: user=0,00 sys=0,00, real=0,00 secs] 
65,650: [GC (Allocation Failure) [PSYoungGen: 133184K->96K(129536K)] 135020K->1940K(304640K), 0,0004890 secs] [Times: user=0,00 sys=0,00, real=0,00 secs] 
65,694: [GC (Allocation Failure) [PSYoungGen: 129120K->96K(125440K)] 130964K->1940K(300544K), 0,0005477 secs] [Times: user=0,00 sys=0,00, real=0,00 secs] 
65,737: [GC (Allocation Failure) [PSYoungGen: 125024K->96K(150528K)] 126868K->1940K(325632K), 0,0005069 secs] [Times: user=0,00 sys=0,00, real=0,00 secs] 
65,787: [GC (Allocation Failure) [PSYoungGen: 150112K->64K(145408K)] 151956K->1908K(320512K), 0,0004725 secs] [Times: user=0,01 sys=0,00, real=0,00 secs] 
65,836: [GC (Allocation Failure) [PSYoungGen: 144960K->96K(140800K)] 146804K->1940K(315904K), 0,0004794 secs] [Times: user=0,00 sys=0,00, real=0,00 secs] 
65,884: [GC (Allocation Failure) [PSYoungGen: 140384K->96K(136192K)] 142228K->1940K(311296K), 0,0005757 secs] [Times: user=0,00 sys=0,00, real=0,00 secs] 
65,930: [GC (Allocation Failure) [PSYoungGen: 135776K->96K(132096K)] 137620K->1940K(307200K), 0,0004863 secs] [Times: user=0,00 sys=0,00, real=0,00 secs] 
65,974: [GC (Allocation Failure) [PSYoungGen: 131680K->96K(128000K)] 133524K->1940K(303104K), 0,0004995 secs] [Times: user=0,00 sys=0,00, real=0,00 secs] 
66,018: [GC (Allocation Failure) [PSYoungGen: 127584K->64K(153600K)] 129428K->1908K(328704K), 0,0005316 secs] [Times: user=0,00 sys=0,00, real=0,01 secs] 
66,070: [GC (Allocation Failure) [PSYoungGen: 153152K->96K(148480K)] 154996K->1940K(323584K), 0,0005114 secs] [Times: user=0,00 sys=0,00, real=0,00 secs] 
66,120: [GC (Allocation Failure) [PSYoungGen: 148064K->96K(143360K)] 149908K->1940K(318464K), 0,0004843 secs] [Times: user=0,00 sys=0,00, real=0,00 secs] 
66,168: [GC (Allocation Failure) [PSYoungGen: 142944K->96K(138752K)] 144788K->1940K(313856K), 0,0005300 secs] [Times: user=0,00 sys=0,00, real=0,01 secs] 
66,215: [GC (Allocation Failure) [PSYoungGen: 138336K->96K(134144K)] 140180K->1940K(309248K), 0,0004930 secs] [Times: user=0,00 sys=0,00, real=0,00 secs] 
66,261: [GC (Allocation Failure) [PSYoungGen: 133728K->96K(130048K)] 135572K->1940K(305152K), 0,0004839 secs] [Times: user=0,00 sys=0,00, real=0,00 secs] 
66,304: [GC (Allocation Failure) [PSYoungGen: 129632K->64K(125952K)] 131476K->1908K(301056K), 0,0005273 secs] [Times: user=0,00 sys=0,00, real=0,00 secs] 
66,347: [GC (Allocation Failure) [PSYoungGen: 125504K->64K(121856K)] 127348K->1908K(296960K), 0,0004831 secs] [Times: user=0,00 sys=0,00, real=0,00 secs] 
66,388: [GC (Allocation Failure) [PSYoungGen: 121408K->96K(146432K)] 123252K->1940K(321536K), 0,0004949 secs] [Times: user=0,00 sys=0,00, real=0,01 secs] 
66,437: [GC (Allocation Failure) [PSYoungGen: 146016K->64K(141824K)] 147860K->1908K(316928K), 0,0004997 secs] [Times: user=0,00 sys=0,00, real=0,00 secs] 
66,485: [GC (Allocation Failure) [PSYoungGen: 141376K->96K(137216K)] 143220K->1940K(312320K), 0,0004805 secs] [Times: user=0,00 sys=0,00, real=0,00 secs] 
66,532: [GC (Allocation Failure) [PSYoungGen: 136800K->96K(132608K)] 138644K->1940K(307712K), 0,0005085 secs] [Times: user=0,00 sys=0,00, real=0,00 secs] 
66,577: [GC (Allocation Failure) [PSYoungGen: 132192K->96K(128512K)] 134036K->1940K(303616K), 0,0005295 secs] [Times: user=0,00 sys=0,00, real=0,00 secs] 
66,621: [GC (Allocation Failure) [PSYoungGen: 128096K->96K(154112K)] 129940K->1940K(329216K), 0,0005078 secs] [Times: user=0,00 sys=0,00, real=0,00 secs] 
66,673: [GC (Allocation Failure) [PSYoungGen: 153696K->96K(148992K)] 155540K->1940K(324096K), 0,0004899 secs] [Times: user=0,00 sys=0,00, real=0,00 secs] 
66,723: [GC (Allocation Failure) [PSYoungGen: 148576K->96K(143872K)] 150420K->1940K(318976K), 0,0005073 secs] [Times: user=0,00 sys=0,00, real=0,00 secs] 
66,772: [GC (Allocation Failure) [PSYoungGen: 143456K->96K(139264K)] 145300K->1940K(314368K), 0,0005622 secs] [Times: user=0,00 sys=0,00, real=0,00 secs] 
66,819: [GC (Allocation Failure) [PSYoungGen: 138848K->96K(134656K)] 140692K->1940K(309760K), 0,0004754 secs] [Times: user=0,01 sys=0,00, real=0,00 secs] 
66,864: [GC (Allocation Failure) [PSYoungGen: 134240K->64K(130560K)] 136084K->1908K(305664K), 0,0005300 secs] [Times: user=0,00 sys=0,00, real=0,00 secs] 
66,908: [GC (Allocation Failure) [PSYoungGen: 130112K->64K(126464K)] 131956K->1908K(301568K), 0,0004804 secs] [Times: user=0,01 sys=0,00, real=0,00 secs] 
66,950: [GC (Allocation Failure) [PSYoungGen: 126016K->96K(152064K)] 127860K->1940K(327168K), 0,0005420 secs] [Times: user=0,00 sys=0,00, real=0,00 secs] 
67,002: [GC (Allocation Failure) [PSYoungGen: 151648K->96K(146944K)] 153492K->1940K(322048K), 0,0005120 secs] [Times: user=0,00 sys=0,00, real=0,00 secs] 
67,052: [GC (Allocation Failure) [PSYoungGen: 146528K->96K(142336K)] 148372K->1940K(317440K), 0,0005152 secs] [Times: user=0,00 sys=0,00, real=0,00 secs] 
67,100: [GC (Allocation Failure) [PSYoungGen: 141920K->96K(137728K)] 143764K->1940K(312832K), 0,0005387 secs] [Times: user=0,00 sys=0,00, real=0,00 secs] 
67,146: [GC (Allocation Failure) [PSYoungGen: 137312K->64K(133120K)] 139156K->1908K(308224K), 0,0004989 secs] [Times: user=0,00 sys=0,00, real=0,00 secs] 
67,191: [GC (Allocation Failure) [PSYoungGen: 132672K->64K(129024K)] 134516K->1908K(304128K), 0,0004852 secs] [Times: user=0,00 sys=0,00, real=0,00 secs] 
67,235: [GC (Allocation Failure) [PSYoungGen: 128576K->96K(124928K)] 130420K->1940K(300032K), 0,0004940 secs] [Times: user=0,01 sys=0,00, real=0,00 secs] 
67,277: [GC (Allocation Failure) [PSYoungGen: 124512K->96K(150016K)] 126356K->1940K(325120K), 0,0004825 secs] [Times: user=0,00 sys=0,00, real=0,00 secs] 
67,328: [GC (Allocation Failure) [PSYoungGen: 149600K->96K(144896K)] 151444K->1940K(320000K), 0,0004991 secs] [Times: user=0,00 sys=0,00, real=0,00 secs] 
67,376: [GC (Allocation Failure) [PSYoungGen: 144480K->96K(140288K)] 146324K->1940K(315392K), 0,0005163 secs] [Times: user=0,00 sys=0,00, real=0,00 secs] 
67,423: [GC (Allocation Failure) [PSYoungGen: 139872K->64K(135680K)] 141716K->1908K(310784K), 0,0005587 secs] [Times: user=0,01 sys=0,00, real=0,00 secs] 
67,469: [GC (Allocation Failure) [PSYoungGen: 135232K->64K(131584K)] 137076K->1908K(306688K), 0,0005004 secs] [Times: user=0,00 sys=0,00, real=0,00 secs] 
67,514: [GC (Allocation Failure) [PSYoungGen: 131136K->96K(158208K)] 132980K->1940K(333312K), 0,0005195 secs] [Times: user=0,00 sys=0,00, real=0,00 secs] 
67,567: [GC (Allocation Failure) [PSYoungGen: 157792K->64K(153088K)] 159636K->1908K(328192K), 0,0005779 secs] [Times: user=0,00 sys=0,00, real=0,00 secs] 
67,618: [GC (Allocation Failure) [PSYoungGen: 152640K->96K(147968K)] 154484K->1940K(323072K), 0,0004907 secs] [Times: user=0,00 sys=0,00, real=0,01 secs] 
67,668: [GC (Allocation Failure) [PSYoungGen: 147551K->64K(143360K)] 149396K->1908K(318464K), 0,0004892 secs] [Times: user=0,00 sys=0,00, real=0,00 secs] 
67,716: [GC (Allocation Failure) [PSYoungGen: 142912K->96K(138752K)] 144756K->1940K(313856K), 0,0005003 secs] [Times: user=0,00 sys=0,00, real=0,00 secs] 
67,763: [GC (Allocation Failure) [PSYoungGen: 138335K->96K(134144K)] 140180K->1940K(309248K), 0,0005280 secs] [Times: user=0,00 sys=0,00, real=0,00 secs] 
67,808: [GC (Allocation Failure) [PSYoungGen: 133728K->96K(130048K)] 135572K->1940K(305152K), 0,0004895 secs] [Times: user=0,00 sys=0,00, real=0,01 secs] 
67,852: [GC (Allocation Failure) [PSYoungGen: 129632K->96K(125952K)] 131476K->1940K(301056K), 0,0005220 secs] [Times: user=0,00 sys=0,00, real=0,00 secs] 
67,895: [GC (Allocation Failure) [PSYoungGen: 125536K->96K(151040K)] 127380K->1940K(326144K), 0,0004812 secs] [Times: user=0,00 sys=0,00, real=0,00 secs] 
67,945: [GC (Allocation Failure) [PSYoungGen: 150624K->64K(181248K)] 152468K->1908K(356352K), 0,0005991 secs] [Times: user=0,00 sys=0,00, real=0,00 secs] 
68,006: [GC (Allocation Failure) [PSYoungGen: 180800K->96K(175104K)] 182644K->1940K(350208K), 0,0005060 secs] [Times: user=0,00 sys=0,00, real=0,00 secs] 
68,065: [GC (Allocation Failure) [PSYoungGen: 174688K->96K(168960K)] 176532K->1940K(344064K), 0,0005030 secs] [Times: user=0,00 sys=0,00, real=0,00 secs] 
68,123: [GC (Allocation Failure) [PSYoungGen: 168544K->96K(163328K)] 170388K->1940K(338432K), 0,0005001 secs] [Times: user=0,00 sys=0,00, real=0,00 secs] 
68,178: [GC (Allocation Failure) [PSYoungGen: 162912K->96K(157696K)] 164756K->1940K(332800K), 0,0005320 secs] [Times: user=0,00 sys=0,00, real=0,00 secs] 
68,231: [GC (Allocation Failure) [PSYoungGen: 157280K->96K(152576K)] 159124K->1940K(327680K), 0,0004993 secs] [Times: user=0,00 sys=0,00, real=0,00 secs] 
68,283: [GC (Allocation Failure) [PSYoungGen: 152160K->96K(147456K)] 154004K->1940K(322560K), 0,0004913 secs] [Times: user=0,00 sys=0,00, real=0,00 secs] 
68,332: [GC (Allocation Failure) [PSYoungGen: 147040K->64K(142848K)] 148884K->1908K(317952K), 0,0005419 secs] [Times: user=0,00 sys=0,00, real=0,00 secs] 
68,380: [GC (Allocation Failure) [PSYoungGen: 142400K->96K(138240K)] 144244K->1940K(313344K), 0,0004870 secs] [Times: user=0,00 sys=0,00, real=0,00 secs] 
68,427: [GC (Allocation Failure) [PSYoungGen: 137824K->64K(133632K)] 139668K->1908K(308736K), 0,0005683 secs] [Times: user=0,00 sys=0,00, real=0,00 secs] 
68,472: [GC (Allocation Failure) [PSYoungGen: 133184K->96K(129536K)] 135028K->1940K(304640K), 0,0004806 secs] [Times: user=0,00 sys=0,00, real=0,00 secs] 
68,516: [GC (Allocation Failure) [PSYoungGen: 129120K->96K(125440K)] 130964K->1940K(300544K), 0,0004981 secs] [Times: user=0,00 sys=0,00, real=0,00 secs] 
68,558: [GC (Allocation Failure) [PSYoungGen: 125024K->96K(121344K)] 126868K->1940K(296448K), 0,0005003 secs] [Times: user=0,00 sys=0,00, real=0,01 secs] 
68,599: [GC (Allocation Failure) [PSYoungGen: 120928K->64K(145920K)] 122772K->1908K(321024K), 0,0005890 secs] [Times: user=0,00 sys=0,00, real=0,00 secs] 
68,648: [GC (Allocation Failure) [PSYoungGen: 145472K->96K(175104K)] 147316K->1940K(350208K), 0,0004925 secs] [Times: user=0,00 sys=0,00, real=0,01 secs] 
68,707: [GC (Allocation Failure) [PSYoungGen: 174688K->96K(168960K)] 176532K->1940K(344064K), 0,0004878 secs] [Times: user=0,00 sys=0,00, real=0,00 secs] 
68,764: [GC (Allocation Failure) [PSYoungGen: 168544K->32K(163328K)] 170388K->1876K(338432K), 0,0005551 secs] [Times: user=0,00 sys=0,00, real=0,00 secs] 
68,819: [GC (Allocation Failure) [PSYoungGen: 162848K->96K(157696K)] 164692K->1940K(332800K), 0,0004829 secs] [Times: user=0,00 sys=0,00, real=0,00 secs] 
68,872: [GC (Allocation Failure) [PSYoungGen: 157280K->96K(152576K)] 159124K->1940K(327680K), 0,0005009 secs] [Times: user=0,00 sys=0,00, real=0,00 secs] 
68,923: [GC (Allocation Failure) [PSYoungGen: 152160K->96K(147456K)] 154004K->1940K(322560K), 0,0004896 secs] [Times: user=0,00 sys=0,00, real=0,00 secs] 
68,973: [GC (Allocation Failure) [PSYoungGen: 147040K->96K(142848K)] 148884K->1940K(317952K), 0,0005596 secs] [Times: user=0,00 sys=0,00, real=0,00 secs] 
69,021: [GC (Allocation Failure) [PSYoungGen: 142432K->96K(138240K)] 144276K->1940K(313344K), 0,0005387 secs] [Times: user=0,00 sys=0,00, real=0,00 secs] 
69,068: [GC (Allocation Failure) [PSYoungGen: 137824K->64K(165888K)] 139668K->1908K(340992K), 0,0006949 secs] [Times: user=0,00 sys=0,00, real=0,01 secs] 
69,124: [GC (Allocation Failure) [PSYoungGen: 165440K->96K(160256K)] 167284K->1940K(335360K), 0,0004950 secs] [Times: user=0,00 sys=0,00, real=0,00 secs] 
69,178: [GC (Allocation Failure) [PSYoungGen: 159839K->96K(154624K)] 161684K->1940K(329728K), 0,0005078 secs] [Times: user=0,00 sys=0,00, real=0,00 secs] 
69,230: [GC (Allocation Failure) [PSYoungGen: 154208K->64K(149504K)] 156052K->1908K(324608K), 0,0005752 secs] [Times: user=0,00 sys=0,00, real=0,00 secs] 
69,280: [GC (Allocation Failure) [PSYoungGen: 149056K->96K(144384K)] 150900K->1940K(319488K), 0,0005238 secs] [Times: user=0,00 sys=0,00, real=0,00 secs] 
69,328: [GC (Allocation Failure) [PSYoungGen: 143968K->96K(139776K)] 145812K->1940K(314880K), 0,0004866 secs] [Times: user=0,00 sys=0,00, real=0,01 secs] 
69,375: [GC (Allocation Failure) [PSYoungGen: 139360K->96K(135168K)] 141204K->1940K(310272K), 0,0005149 secs] [Times: user=0,00 sys=0,00, real=0,00 secs] 
69,421: [GC (Allocation Failure) [PSYoungGen: 134752K->64K(131072K)] 136596K->1908K(306176K), 0,0004900 secs] [Times: user=0,00 sys=0,00, real=0,00 secs] 
69,465: [GC (Allocation Failure) [PSYoungGen: 130624K->96K(126976K)] 132468K->1940K(302080K), 0,0004809 secs] [Times: user=0,00 sys=0,00, real=0,00 secs] 
69,508: [GC (Allocation Failure) [PSYoungGen: 126560K->64K(152576K)] 128404K->1908K(327680K), 0,0005622 secs] [Times: user=0,00 sys=0,00, real=0,00 secs] 
69,559: [GC (Allocation Failure) [PSYoungGen: 152128K->64K(147456K)] 153972K->1908K(322560K), 0,0005038 secs] [Times: user=0,00 sys=0,00, real=0,00 secs] 
69,609: [GC (Allocation Failure) [PSYoungGen: 147008K->96K(142848K)] 148852K->1940K(317952K), 0,0005417 secs] [Times: user=0,00 sys=0,00, real=0,00 secs] 
69,657: [GC (Allocation Failure) [PSYoungGen: 142432K->64K(138240K)] 144276K->1908K(313344K), 0,0005097 secs] [Times: user=0,00 sys=0,00, real=0,00 secs] 
69,703: [GC (Allocation Failure) [PSYoungGen: 137792K->96K(133632K)] 139636K->1940K(308736K), 0,0005024 secs] [Times: user=0,00 sys=0,00, real=0,00 secs] 
69,749: [GC (Allocation Failure) [PSYoungGen: 133216K->96K(129536K)] 135060K->1940K(304640K), 0,0005152 secs] [Times: user=0,00 sys=0,00, real=0,00 secs] 
69,792: [GC (Allocation Failure) [PSYoungGen: 129120K->64K(125440K)] 130964K->1908K(300544K), 0,0004826 secs] [Times: user=0,00 sys=0,00, real=0,00 secs] 
69,835: [GC (Allocation Failure) [PSYoungGen: 124992K->96K(150528K)] 126836K->1940K(325632K), 0,0004876 secs] [Times: user=0,00 sys=0,00, real=0,00 secs] 
69,885: [GC (Allocation Failure) [PSYoungGen: 150112K->96K(145408K)] 151956K->1940K(320512K), 0,0004753 secs] [Times: user=0,00 sys=0,00, real=0,00 secs] 
69,934: [GC (Allocation Failure) [PSYoungGen: 144992K->96K(140800K)] 146836K->1940K(315904K), 0,0005443 secs] [Times: user=0,00 sys=0,00, real=0,00 secs] 
69,982: [GC (Allocation Failure) [PSYoungGen: 140384K->32K(168960K)] 142228K->1876K(344064K), 0,0006267 secs] [Times: user=0,01 sys=0,00, real=0,00 secs] 
70,039: [GC (Allocation Failure) [PSYoungGen: 168480K->96K(163328K)] 170324K->1940K(338432K), 0,0004967 secs] [Times: user=0,00 sys=0,00, real=0,00 secs] 
70,094: [GC (Allocation Failure) [PSYoungGen: 162912K->96K(157696K)] 164756K->1940K(332800K), 0,0005220 secs] [Times: user=0,00 sys=0,00, real=0,00 secs] 
70,147: [GC (Allocation Failure) [PSYoungGen: 157280K->96K(152576K)] 159124K->1940K(327680K), 0,0004866 secs] [Times: user=0,00 sys=0,00, real=0,00 secs] 
70,198: [GC (Allocation Failure) [PSYoungGen: 152160K->96K(147456K)] 154004K->1940K(322560K), 0,0005543 secs] [Times: user=0,00 sys=0,00, real=0,00 secs] 
70,248: [GC (Allocation Failure) [PSYoungGen: 147040K->96K(142848K)] 148884K->1940K(317952K), 0,0005704 secs] [Times: user=0,00 sys=0,00, real=0,01 secs] 
70,297: [GC (Allocation Failure) [PSYoungGen: 142432K->96K(138240K)] 144276K->1940K(313344K), 0,0005223 secs] [Times: user=0,00 sys=0,00, real=0,00 secs] 
70,344: [GC (Allocation Failure) [PSYoungGen: 137824K->96K(133632K)] 139668K->1964K(308736K), 0,0005125 secs] [Times: user=0,00 sys=0,00, real=0,00 secs] 
70,388: [GC (Allocation Failure) [PSYoungGen: 133216K->96K(129536K)] 135084K->1964K(304640K), 0,0004887 secs] [Times: user=0,01 sys=0,00, real=0,01 secs] 
70,432: [GC (Allocation Failure) [PSYoungGen: 129120K->96K(125440K)] 130988K->1964K(300544K), 0,0004787 secs] [Times: user=0,00 sys=0,00, real=0,00 secs] 
70,474: [GC (Allocation Failure) [PSYoungGen: 125024K->96K(121344K)] 126892K->1964K(296448K), 0,0004772 secs] [Times: user=0,00 sys=0,00, real=0,00 secs] 
70,515: [GC (Allocation Failure) [PSYoungGen: 120928K->64K(145920K)] 122796K->1932K(321024K), 0,0004947 secs] [Times: user=0,00 sys=0,00, real=0,00 secs] 
70,564: [GC (Allocation Failure) [PSYoungGen: 145472K->96K(175104K)] 147340K->1964K(350208K), 0,0005115 secs] [Times: user=0,00 sys=0,00, real=0,00 secs] 
70,623: [GC (Allocation Failure) [PSYoungGen: 174688K->96K(168960K)] 176556K->1964K(344064K), 0,0004946 secs] [Times: user=0,00 sys=0,00, real=0,00 secs] 
70,680: [GC (Allocation Failure) [PSYoungGen: 168544K->96K(163328K)] 170412K->1964K(338432K), 0,0004873 secs] [Times: user=0,00 sys=0,00, real=0,00 secs] 
70,735: [GC (Allocation Failure) [PSYoungGen: 162912K->96K(157696K)] 164780K->1964K(332800K), 0,0005618 secs] [Times: user=0,00 sys=0,00, real=0,00 secs] 
70,788: [GC (Allocation Failure) [PSYoungGen: 157280K->128K(152576K)] 159148K->1996K(327680K), 0,0005587 secs] [Times: user=0,00 sys=0,00, real=0,01 secs] 
70,840: [GC (Allocation Failure) [PSYoungGen: 152192K->96K(147456K)] 154060K->1964K(322560K), 0,0005575 secs] [Times: user=0,00 sys=0,00, real=0,00 secs] 
70,890: [GC (Allocation Failure) [PSYoungGen: 147040K->96K(142848K)] 148908K->1964K(317952K), 0,0005145 secs] [Times: user=0,00 sys=0,01, real=0,00 secs] 
70,938: [GC (Allocation Failure) [PSYoungGen: 142432K->96K(138240K)] 144300K->1964K(313344K), 0,0004923 secs] [Times: user=0,00 sys=0,00, real=0,00 secs] 
70,985: [GC (Allocation Failure) [PSYoungGen: 137824K->64K(133632K)] 139692K->1932K(308736K), 0,0004842 secs] [Times: user=0,00 sys=0,00, real=0,00 secs] 
71,030: [GC (Allocation Failure) [PSYoungGen: 133183K->96K(160256K)] 135052K->1964K(335360K), 0,0007401 secs] [Times: user=0,00 sys=0,00, real=0,00 secs] 
71,085: [GC (Allocation Failure) [PSYoungGen: 159840K->96K(192512K)] 161708K->1964K(367616K), 0,0005353 secs] [Times: user=0,00 sys=0,00, real=0,00 secs] 
71,150: [GC (Allocation Failure) [PSYoungGen: 192096K->96K(185856K)] 193964K->1964K(360960K), 0,0005761 secs] [Times: user=0,00 sys=0,00, real=0,00 secs] 
71,212: [GC (Allocation Failure) [PSYoungGen: 185440K->96K(179200K)] 187308K->1964K(354304K), 0,0004903 secs] [Times: user=0,01 sys=0,00, real=0,00 secs] 
71,272: [GC (Allocation Failure) [PSYoungGen: 178784K->96K(173056K)] 180652K->1964K(348160K), 0,0005033 secs] [Times: user=0,00 sys=0,00, real=0,00 secs] 
71,331: [GC (Allocation Failure) [PSYoungGen: 172640K->64K(166912K)] 174508K->1932K(342016K), 0,0006185 secs] [Times: user=0,00 sys=0,00, real=0,00 secs] 
71,387: [GC (Allocation Failure) [PSYoungGen: 166464K->96K(161280K)] 168332K->1964K(336384K), 0,0005302 secs] [Times: user=0,00 sys=0,00, real=0,00 secs] 
71,441: [GC (Allocation Failure) [PSYoungGen: 160864K->96K(155648K)] 162732K->1964K(330752K), 0,0004956 secs] [Times: user=0,00 sys=0,00, real=0,00 secs] 
71,494: [GC (Allocation Failure) [PSYoungGen: 155232K->96K(150528K)] 157100K->1964K(325632K), 0,0004882 secs] [Times: user=0,00 sys=0,00, real=0,00 secs] 
71,546: [GC (Allocation Failure) [PSYoungGen: 150112K->64K(180736K)] 151980K->1932K(355840K), 0,0010112 secs] [Times: user=0,00 sys=0,00, real=0,00 secs] 
71,611: [GC (Allocation Failure) [PSYoungGen: 180287K->96K(174592K)] 182156K->1964K(349696K), 0,0004940 secs] [Times: user=0,00 sys=0,00, real=0,00 secs] 
71,670: [GC (Allocation Failure) [PSYoungGen: 174176K->96K(168448K)] 176044K->1964K(343552K), 0,0004997 secs] [Times: user=0,00 sys=0,00, real=0,00 secs] 
71,727: [GC (Allocation Failure) [PSYoungGen: 168032K->96K(162816K)] 169900K->1964K(337920K), 0,0005227 secs] [Times: user=0,00 sys=0,00, real=0,00 secs] 
71,782: [GC (Allocation Failure) [PSYoungGen: 162400K->96K(157184K)] 164268K->1964K(332288K), 0,0004930 secs] [Times: user=0,00 sys=0,00, real=0,00 secs] 
71,835: [GC (Allocation Failure) [PSYoungGen: 156768K->96K(152064K)] 158636K->1964K(327168K), 0,0005185 secs] [Times: user=0,00 sys=0,00, real=0,00 secs] 
71,886: [GC (Allocation Failure) [PSYoungGen: 151648K->64K(146944K)] 153516K->1932K(322048K), 0,0005830 secs] [Times: user=0,00 sys=0,00, real=0,00 secs] 
71,936: [GC (Allocation Failure) [PSYoungGen: 146496K->96K(142336K)] 148364K->1964K(317440K), 0,0004903 secs] [Times: user=0,00 sys=0,00, real=0,00 secs] 
71,984: [GC (Allocation Failure) [PSYoungGen: 141920K->64K(137728K)] 143788K->1932K(312832K), 0,0005028 secs] [Times: user=0,00 sys=0,00, real=0,00 secs] 
72,030: [GC (Allocation Failure) [PSYoungGen: 137280K->64K(133120K)] 139148K->1932K(308224K), 0,0004877 secs] [Times: user=0,00 sys=0,00, real=0,00 secs] 
72,076: [GC (Allocation Failure) [PSYoungGen: 132672K->96K(129024K)] 134540K->1964K(304128K), 0,0005006 secs] [Times: user=0,01 sys=0,00, real=0,00 secs] 
72,120: [GC (Allocation Failure) [PSYoungGen: 128608K->96K(124928K)] 130476K->1964K(300032K), 0,0004893 secs] [Times: user=0,00 sys=0,00, real=0,00 secs] 
72,162: [GC (Allocation Failure) [PSYoungGen: 124512K->96K(121344K)] 126380K->1964K(296448K), 0,0004891 secs] [Times: user=0,00 sys=0,00, real=0,00 secs] 
72,203: [GC (Allocation Failure) [PSYoungGen: 120928K->64K(145920K)] 122796K->1932K(321024K), 0,0004798 secs] [Times: user=0,00 sys=0,00, real=0,00 secs] 
72,252: [GC (Allocation Failure) [PSYoungGen: 145472K->96K(141312K)] 147340K->1964K(316416K), 0,0004936 secs] [Times: user=0,00 sys=0,00, real=0,00 secs] 
72,300: [GC (Allocation Failure) [PSYoungGen: 140896K->64K(136704K)] 142764K->1932K(311808K), 0,0004885 secs] [Times: user=0,00 sys=0,00, real=0,00 secs] 
72,346: [GC (Allocation Failure) [PSYoungGen: 136256K->96K(132608K)] 138124K->1964K(307712K), 0,0004938 secs] [Times: user=0,00 sys=0,00, real=0,00 secs] 
72,391: [GC (Allocation Failure) [PSYoungGen: 132192K->96K(128512K)] 134060K->1964K(303616K), 0,0004793 secs] [Times: user=0,00 sys=0,00, real=0,00 secs] 
72,434: [GC (Allocation Failure) [PSYoungGen: 128096K->96K(124416K)] 129964K->1964K(299520K), 0,0004881 secs] [Times: user=0,00 sys=0,00, real=0,00 secs] 
72,476: [GC (Allocation Failure) [PSYoungGen: 124000K->96K(149504K)] 125868K->1964K(324608K), 0,0004750 secs] [Times: user=0,00 sys=0,00, real=0,00 secs] 
72,526: [GC (Allocation Failure) [PSYoungGen: 149088K->96K(144384K)] 150956K->1964K(319488K), 0,0005397 secs] [Times: user=0,00 sys=0,00, real=0,00 secs] 
72,575: [GC (Allocation Failure) [PSYoungGen: 143968K->64K(139776K)] 145836K->1932K(314880K), 0,0005215 secs] [Times: user=0,00 sys=0,00, real=0,00 secs] 
72,623: [GC (Allocation Failure) [PSYoungGen: 139328K->96K(135168K)] 141196K->1964K(310272K), 0,0005521 secs] [Times: user=0,00 sys=0,00, real=0,00 secs] 
72,668: [GC (Allocation Failure) [PSYoungGen: 134752K->96K(131072K)] 136620K->1964K(306176K), 0,0004872 secs] [Times: user=0,00 sys=0,00, real=0,01 secs] 
72,712: [GC (Allocation Failure) [PSYoungGen: 130656K->96K(126976K)] 132524K->1964K(302080K), 0,0004915 secs] [Times: user=0,00 sys=0,00, real=0,00 secs] 
72,755: [GC (Allocation Failure) [PSYoungGen: 126560K->64K(152576K)] 128428K->1932K(327680K), 0,0005433 secs] [Times: user=0,00 sys=0,00, real=0,00 secs] 
72,806: [GC (Allocation Failure) [PSYoungGen: 152128K->64K(183296K)] 153996K->1932K(358400K), 0,0007144 secs] [Times: user=0,00 sys=0,00, real=0,00 secs] 
72,868: [GC (Allocation Failure) [PSYoungGen: 182848K->96K(220160K)] 184716K->1964K(395264K), 0,0005000 secs] [Times: user=0,01 sys=0,00, real=0,01 secs] 
72,943: [GC (Allocation Failure) [PSYoungGen: 219744K->96K(211968K)] 221612K->1964K(387072K), 0,0005361 secs] [Times: user=0,00 sys=0,00, real=0,00 secs] 
73,014: [GC (Allocation Failure) [PSYoungGen: 211552K->96K(204288K)] 213420K->1964K(379392K), 0,0004384 secs] [Times: user=0,00 sys=0,00, real=0,00 secs] 
73,083: [GC (Allocation Failure) [PSYoungGen: 203871K->96K(196608K)] 205740K->1964K(371712K), 0,0005025 secs] [Times: user=0,00 sys=0,00, real=0,00 secs] 
73,149: [GC (Allocation Failure) [PSYoungGen: 196192K->96K(189440K)] 198060K->1964K(364544K), 0,0004895 secs] [Times: user=0,00 sys=0,00, real=0,00 secs] 
73,213: [GC (Allocation Failure) [PSYoungGen: 189024K->96K(182784K)] 190892K->1964K(357888K), 0,0004963 secs] [Times: user=0,00 sys=0,00, real=0,00 secs] 
73,274: [GC (Allocation Failure) [PSYoungGen: 182368K->64K(176128K)] 184236K->1932K(351232K), 0,0005073 secs] [Times: user=0,00 sys=0,00, real=0,00 secs] 
73,333: [GC (Allocation Failure) [PSYoungGen: 175680K->96K(169984K)] 177548K->1964K(345088K), 0,0004956 secs] [Times: user=0,00 sys=0,00, real=0,00 secs] 
73,390: [GC (Allocation Failure) [PSYoungGen: 169568K->96K(164352K)] 171436K->1964K(339456K), 0,0005093 secs] [Times: user=0,00 sys=0,00, real=0,00 secs] 
73,445: [GC (Allocation Failure) [PSYoungGen: 163936K->96K(158720K)] 165804K->1964K(333824K), 0,0004964 secs] [Times: user=0,01 sys=0,00, real=0,00 secs] 
73,499: [GC (Allocation Failure) [PSYoungGen: 158304K->96K(153600K)] 160172K->1964K(328704K), 0,0005474 secs] [Times: user=0,00 sys=0,00, real=0,00 secs] 
73,551: [GC (Allocation Failure) [PSYoungGen: 153184K->64K(148480K)] 155052K->1932K(323584K), 0,0004941 secs] [Times: user=0,00 sys=0,01, real=0,00 secs] 
73,601: [GC (Allocation Failure) [PSYoungGen: 148032K->96K(143360K)] 149900K->1964K(318464K), 0,0004901 secs] [Times: user=0,00 sys=0,00, real=0,00 secs] 
73,650: [GC (Allocation Failure) [PSYoungGen: 142944K->96K(138752K)] 144812K->1964K(313856K), 0,0005046 secs] [Times: user=0,00 sys=0,00, real=0,00 secs] 
73,696: [GC (Allocation Failure) [PSYoungGen: 138336K->96K(134144K)] 140204K->1964K(309248K), 0,0005102 secs] [Times: user=0,00 sys=0,00, real=0,00 secs] 
73,742: [GC (Allocation Failure) [PSYoungGen: 133728K->64K(130048K)] 135596K->1932K(305152K), 0,0005605 secs] [Times: user=0,00 sys=0,00, real=0,00 secs] 
73,786: [GC (Allocation Failure) [PSYoungGen: 129600K->96K(125952K)] 131468K->1964K(301056K), 0,0004804 secs] [Times: user=0,00 sys=0,00, real=0,00 secs] 
73,828: [GC (Allocation Failure) [PSYoungGen: 125536K->96K(151040K)] 127404K->1964K(326144K), 0,0005684 secs] [Times: user=0,00 sys=0,00, real=0,01 secs] 
73,879: [GC (Allocation Failure) [PSYoungGen: 150624K->96K(145920K)] 152492K->1964K(321024K), 0,0005009 secs] [Times: user=0,00 sys=0,00, real=0,00 secs] 
73,928: [GC (Allocation Failure) [PSYoungGen: 145503K->96K(141312K)] 147372K->1964K(316416K), 0,0004853 secs] [Times: user=0,00 sys=0,00, real=0,00 secs] 
73,976: [GC (Allocation Failure) [PSYoungGen: 140896K->96K(136704K)] 142764K->1964K(311808K), 0,0005432 secs] [Times: user=0,00 sys=0,00, real=0,00 secs] 
74,022: [GC (Allocation Failure) [PSYoungGen: 136288K->96K(132608K)] 138156K->1964K(307712K), 0,0004895 secs] [Times: user=0,00 sys=0,00, real=0,00 secs] 
74,067: [GC (Allocation Failure) [PSYoungGen: 132192K->64K(128512K)] 134060K->1932K(303616K), 0,0004889 secs] [Times: user=0,00 sys=0,00, real=0,00 secs] 
74,110: [GC (Allocation Failure) [PSYoungGen: 128064K->96K(154112K)] 129932K->1964K(329216K), 0,0005214 secs] [Times: user=0,00 sys=0,00, real=0,00 secs] 
74,162: [GC (Allocation Failure) [PSYoungGen: 153696K->64K(148992K)] 155564K->1932K(324096K), 0,0004756 secs] [Times: user=0,00 sys=0,00, real=0,00 secs] 
74,212: [GC (Allocation Failure) [PSYoungGen: 148544K->96K(143872K)] 150412K->1964K(318976K), 0,0004854 secs] [Times: user=0,00 sys=0,00, real=0,00 secs] 
74,260: [GC (Allocation Failure) [PSYoungGen: 143456K->96K(139264K)] 145324K->1964K(314368K), 0,0004878 secs] [Times: user=0,00 sys=0,00, real=0,00 secs] 
74,307: [GC (Allocation Failure) [PSYoungGen: 138848K->96K(134656K)] 140716K->1964K(309760K), 0,0005810 secs] [Times: user=0,01 sys=0,00, real=0,00 secs] 
74,353: [GC (Allocation Failure) [PSYoungGen: 134240K->96K(130560K)] 136108K->1964K(305664K), 0,0004819 secs] [Times: user=0,00 sys=0,00, real=0,00 secs] 
74,397: [GC (Allocation Failure) [PSYoungGen: 130144K->96K(126464K)] 132012K->1964K(301568K), 0,0004768 secs] [Times: user=0,01 sys=0,00, real=0,00 secs] 
74,439: [GC (Allocation Failure) [PSYoungGen: 126048K->96K(122368K)] 127916K->1964K(297472K), 0,0004854 secs] [Times: user=0,00 sys=0,00, real=0,00 secs] 
74,480: [GC (Allocation Failure) [PSYoungGen: 121952K->96K(146944K)] 123820K->1964K(322048K), 0,0004895 secs] [Times: user=0,00 sys=0,00, real=0,00 secs] 
74,530: [GC (Allocation Failure) [PSYoungGen: 146528K->96K(142336K)] 148396K->1964K(317440K), 0,0004978 secs] [Times: user=0,00 sys=0,00, real=0,00 secs] 
74,578: [GC (Allocation Failure) [PSYoungGen: 141920K->96K(137728K)] 143788K->1964K(312832K), 0,0005103 secs] [Times: user=0,00 sys=0,00, real=0,01 secs] 
74,624: [GC (Allocation Failure) [PSYoungGen: 137312K->96K(133120K)] 139180K->1964K(308224K), 0,0004752 secs] [Times: user=0,00 sys=0,00, real=0,00 secs] 
74,669: [GC (Allocation Failure) [PSYoungGen: 132704K->96K(129024K)] 134572K->1964K(304128K), 0,0004765 secs] [Times: user=0,00 sys=0,00, real=0,00 secs] 
74,713: [GC (Allocation Failure) [PSYoungGen: 128608K->96K(124928K)] 130476K->1964K(300032K), 0,0004903 secs] [Times: user=0,00 sys=0,00, real=0,00 secs] 
74,755: [GC (Allocation Failure) [PSYoungGen: 124512K->96K(150016K)] 126380K->1964K(325120K), 0,0005072 secs] [Times: user=0,00 sys=0,00, real=0,00 secs] 
74,805: [GC (Allocation Failure) [PSYoungGen: 149599K->32K(180224K)] 151468K->1900K(355328K), 0,0006716 secs] [Times: user=0,00 sys=0,00, real=0,00 secs] 
74,866: [GC (Allocation Failure) [PSYoungGen: 179744K->64K(216576K)] 181612K->1932K(391680K), 0,0005491 secs] [Times: user=0,00 sys=0,00, real=0,00 secs] 
74,939: [GC (Allocation Failure) [PSYoungGen: 216128K->96K(208384K)] 217996K->1964K(383488K), 0,0004924 secs] [Times: user=0,00 sys=0,00, real=0,00 secs] 
75,009: [GC (Allocation Failure) [PSYoungGen: 207968K->96K(200704K)] 209836K->1964K(375808K), 0,0005482 secs] [Times: user=0,00 sys=0,00, real=0,00 secs] 
75,077: [GC (Allocation Failure) [PSYoungGen: 200288K->96K(193536K)] 202156K->1964K(368640K), 0,0005067 secs] [Times: user=0,00 sys=0,00, real=0,00 secs] 
75,142: [GC (Allocation Failure) [PSYoungGen: 193120K->64K(186368K)] 194988K->1932K(361472K), 0,0004848 secs] [Times: user=0,00 sys=0,00, real=0,00 secs] 
75,204: [GC (Allocation Failure) [PSYoungGen: 185920K->96K(179712K)] 187788K->1964K(354816K), 0,0005510 secs] [Times: user=0,00 sys=0,00, real=0,00 secs] 
75,265: [GC (Allocation Failure) [PSYoungGen: 179296K->96K(173568K)] 181164K->1964K(348672K), 0,0005313 secs] [Times: user=0,00 sys=0,00, real=0,00 secs] 
75,323: [GC (Allocation Failure) [PSYoungGen: 173152K->32K(167424K)] 175020K->1900K(342528K), 0,0006558 secs] [Times: user=0,00 sys=0,00, real=0,00 secs] 
75,380: [GC (Allocation Failure) [PSYoungGen: 166944K->96K(161792K)] 168812K->1964K(336896K), 0,0004885 secs] [Times: user=0,01 sys=0,00, real=0,00 secs] 
75,434: [GC (Allocation Failure) [PSYoungGen: 161376K->96K(156160K)] 163244K->1964K(331264K), 0,0004915 secs] [Times: user=0,00 sys=0,00, real=0,00 secs] 
75,486: [GC (Allocation Failure) [PSYoungGen: 155744K->96K(151040K)] 157612K->1964K(326144K), 0,0004855 secs] [Times: user=0,00 sys=0,00, real=0,00 secs] 
75,537: [GC (Allocation Failure) [PSYoungGen: 150624K->96K(145920K)] 152492K->1964K(321024K), 0,0004992 secs] [Times: user=0,00 sys=0,00, real=0,00 secs] 
75,586: [GC (Allocation Failure) [PSYoungGen: 145504K->96K(141312K)] 147372K->1964K(316416K), 0,0004997 secs] [Times: user=0,00 sys=0,00, real=0,00 secs] 
75,634: [GC (Allocation Failure) [PSYoungGen: 140896K->96K(136704K)] 142764K->1964K(311808K), 0,0004834 secs] [Times: user=0,00 sys=0,00, real=0,00 secs] 
75,680: [GC (Allocation Failure) [PSYoungGen: 136288K->96K(132608K)] 138156K->1964K(307712K), 0,0004887 secs] [Times: user=0,00 sys=0,00, real=0,00 secs] 
75,725: [GC (Allocation Failure) [PSYoungGen: 132192K->96K(128512K)] 134060K->1964K(303616K), 0,0005031 secs] [Times: user=0,00 sys=0,00, real=0,00 secs] 
75,768: [GC (Allocation Failure) [PSYoungGen: 128096K->96K(124416K)] 129964K->1964K(299520K), 0,0005179 secs] [Times: user=0,00 sys=0,00, real=0,01 secs] 
75,810: [GC (Allocation Failure) [PSYoungGen: 123999K->96K(120832K)] 125868K->1964K(295936K), 0,0004886 secs] [Times: user=0,00 sys=0,00, real=0,00 secs] 
75,851: [GC (Allocation Failure) [PSYoungGen: 120416K->96K(144896K)] 122284K->1964K(320000K), 0,0005058 secs] [Times: user=0,00 sys=0,00, real=0,00 secs] 
75,900: [GC (Allocation Failure) [PSYoungGen: 144480K->96K(174080K)] 146348K->1964K(349184K), 0,0004928 secs] [Times: user=0,00 sys=0,00, real=0,00 secs] 
75,958: [GC (Allocation Failure) [PSYoungGen: 173664K->96K(167936K)] 175532K->1964K(343040K), 0,0005051 secs] [Times: user=0,00 sys=0,00, real=0,00 secs] 
76,015: [GC (Allocation Failure) [PSYoungGen: 167520K->96K(162304K)] 169388K->1964K(337408K), 0,0005107 secs] [Times: user=0,00 sys=0,00, real=0,00 secs] 
76,070: [GC (Allocation Failure) [PSYoungGen: 161888K->96K(156672K)] 163756K->1964K(331776K), 0,0004901 secs] [Times: user=0,00 sys=0,00, real=0,00 secs] 
76,122: [GC (Allocation Failure) [PSYoungGen: 156256K->96K(151552K)] 158124K->1964K(326656K), 0,0005066 secs] [Times: user=0,00 sys=0,00, real=0,00 secs] 
76,173: [GC (Allocation Failure) [PSYoungGen: 151136K->64K(146432K)] 153004K->1932K(321536K), 0,0004791 secs] [Times: user=0,00 sys=0,00, real=0,00 secs] 
76,223: [GC (Allocation Failure) [PSYoungGen: 145984K->96K(141824K)] 147852K->1964K(316928K), 0,0004874 secs] [Times: user=0,00 sys=0,00, real=0,00 secs] 
76,271: [GC (Allocation Failure) [PSYoungGen: 141408K->96K(137216K)] 143276K->1964K(312320K), 0,0004877 secs] [Times: user=0,00 sys=0,00, real=0,00 secs] 
76,317: [GC (Allocation Failure) [PSYoungGen: 136800K->96K(132608K)] 138668K->1964K(307712K), 0,0004960 secs] [Times: user=0,00 sys=0,00, real=0,00 secs] 
76,362: [GC (Allocation Failure) [PSYoungGen: 132192K->96K(128512K)] 134060K->1964K(303616K), 0,0004921 secs] [Times: user=0,00 sys=0,00, real=0,00 secs] 
76,405: [GC (Allocation Failure) [PSYoungGen: 128096K->64K(154112K)] 129964K->1932K(329216K), 0,0010019 secs] [Times: user=0,00 sys=0,00, real=0,00 secs] 
76,457: [GC (Allocation Failure) [PSYoungGen: 153664K->96K(184832K)] 155532K->1964K(359936K), 0,0005047 secs] [Times: user=0,00 sys=0,00, real=0,00 secs] 
76,519: [GC (Allocation Failure) [PSYoungGen: 184416K->96K(221696K)] 186284K->1964K(396800K), 0,0004817 secs] [Times: user=0,01 sys=0,00, real=0,00 secs] 
76,594: [GC (Allocation Failure) [PSYoungGen: 221280K->64K(213504K)] 223148K->1932K(388608K), 0,0005076 secs] [Times: user=0,00 sys=0,00, real=0,00 secs] 
76,666: [GC (Allocation Failure) [PSYoungGen: 213056K->96K(205824K)] 214924K->1964K(380928K), 0,0004898 secs] [Times: user=0,00 sys=0,00, real=0,00 secs] 
76,735: [GC (Allocation Failure) [PSYoungGen: 205408K->64K(198144K)] 207276K->1932K(373248K), 0,0004946 secs] [Times: user=0,00 sys=0,00, real=0,00 secs] 
76,802: [GC (Allocation Failure) [PSYoungGen: 197696K->96K(190976K)] 199564K->1964K(366080K), 0,0005139 secs] [Times: user=0,00 sys=0,00, real=0,00 secs] 
76,866: [GC (Allocation Failure) [PSYoungGen: 190560K->96K(184320K)] 192428K->1964K(359424K), 0,0005115 secs] [Times: user=0,00 sys=0,00, real=0,00 secs] 
76,928: [GC (Allocation Failure) [PSYoungGen: 183904K->96K(177664K)] 185772K->1964K(352768K), 0,0004884 secs] [Times: user=0,00 sys=0,00, real=0,01 secs] 
76,988: [GC (Allocation Failure) [PSYoungGen: 177248K->64K(171520K)] 179116K->1932K(346624K), 0,0005000 secs] [Times: user=0,00 sys=0,00, real=0,01 secs] 
77,046: [GC (Allocation Failure) [PSYoungGen: 171072K->96K(165376K)] 172940K->1964K(340480K), 0,0005423 secs] [Times: user=0,01 sys=0,00, real=0,00 secs] 
77,102: [GC (Allocation Failure) [PSYoungGen: 164960K->96K(159744K)] 166828K->1964K(334848K), 0,0005330 secs] [Times: user=0,00 sys=0,00, real=0,00 secs] 
77,156: [GC (Allocation Failure) [PSYoungGen: 159328K->96K(154112K)] 161196K->1964K(329216K), 0,0005068 secs] [Times: user=0,00 sys=0,00, real=0,00 secs] 
77,208: [GC (Allocation Failure) [PSYoungGen: 153696K->96K(148992K)] 155564K->1964K(324096K), 0,0005842 secs] [Times: user=0,00 sys=0,00, real=0,00 secs] 
77,258: [GC (Allocation Failure) [PSYoungGen: 148576K->96K(143872K)] 150444K->1964K(318976K), 0,0004887 secs] [Times: user=0,00 sys=0,00, real=0,00 secs] 
77,306: [GC (Allocation Failure) [PSYoungGen: 143456K->96K(139264K)] 145324K->1964K(314368K), 0,0004773 secs] [Times: user=0,00 sys=0,00, real=0,00 secs] 
77,353: [GC (Allocation Failure) [PSYoungGen: 138848K->96K(134656K)] 140716K->1964K(309760K), 0,0004917 secs] [Times: user=0,01 sys=0,00, real=0,00 secs] 
77,398: [GC (Allocation Failure) [PSYoungGen: 134240K->96K(130560K)] 136108K->1964K(305664K), 0,0004595 secs] [Times: user=0,00 sys=0,00, real=0,01 secs] 
77,442: [GC (Allocation Failure) [PSYoungGen: 130144K->96K(126464K)] 132012K->1964K(301568K), 0,0005664 secs] [Times: user=0,01 sys=0,00, real=0,00 secs] 
77,485: [GC (Allocation Failure) [PSYoungGen: 126048K->64K(122368K)] 127916K->1932K(297472K), 0,0004757 secs] [Times: user=0,00 sys=0,00, real=0,00 secs] 
77,526: [GC (Allocation Failure) [PSYoungGen: 121920K->96K(146944K)] 123788K->1964K(322048K), 0,0004805 secs] [Times: user=0,00 sys=0,00, real=0,00 secs] 
77,576: [GC (Allocation Failure) [PSYoungGen: 146528K->96K(142336K)] 148396K->1964K(317440K), 0,0005011 secs] [Times: user=0,00 sys=0,00, real=0,00 secs] 
77,624: [GC (Allocation Failure) [PSYoungGen: 141920K->96K(137728K)] 143788K->1964K(312832K), 0,0004828 secs] [Times: user=0,00 sys=0,00, real=0,00 secs] 
77,670: [GC (Allocation Failure) [PSYoungGen: 137312K->96K(133120K)] 139180K->1964K(308224K), 0,0004890 secs] [Times: user=0,01 sys=0,00, real=0,00 secs] 
77,715: [GC (Allocation Failure) [PSYoungGen: 132704K->96K(129024K)] 134572K->1964K(304128K), 0,0004962 secs] [Times: user=0,00 sys=0,00, real=0,00 secs] 
77,759: [GC (Allocation Failure) [PSYoungGen: 128608K->64K(155136K)] 130476K->1932K(330240K), 0,0005348 secs] [Times: user=0,00 sys=0,00, real=0,00 secs] 
77,811: [GC (Allocation Failure) [PSYoungGen: 154687K->96K(150016K)] 156556K->1964K(325120K), 0,0004925 secs] [Times: user=0,00 sys=0,00, real=0,00 secs] 
77,862: [GC (Allocation Failure) [PSYoungGen: 149600K->96K(144896K)] 151468K->1964K(320000K), 0,0004841 secs] [Times: user=0,00 sys=0,00, real=0,00 secs] 
77,910: [GC (Allocation Failure) [PSYoungGen: 144480K->96K(140288K)] 146348K->1964K(315392K), 0,0004913 secs] [Times: user=0,00 sys=0,00, real=0,00 secs] 
77,958: [GC (Allocation Failure) [PSYoungGen: 139872K->96K(135680K)] 141740K->1964K(310784K), 0,0005566 secs] [Times: user=0,01 sys=0,00, real=0,01 secs] 
78,004: [GC (Allocation Failure) [PSYoungGen: 135264K->96K(131584K)] 137132K->1964K(306688K), 0,0004983 secs] [Times: user=0,00 sys=0,00, real=0,00 secs] 
78,048: [GC (Allocation Failure) [PSYoungGen: 131167K->64K(158208K)] 133036K->1932K(333312K), 0,0005528 secs] [Times: user=0,00 sys=0,00, real=0,01 secs] 
78,101: [GC (Allocation Failure) [PSYoungGen: 157760K->96K(189952K)] 159628K->1964K(365056K), 0,0006257 secs] [Times: user=0,00 sys=0,00, real=0,00 secs] 
78,165: [GC (Allocation Failure) [PSYoungGen: 189536K->96K(183296K)] 191404K->1964K(358400K), 0,0005047 secs] [Times: user=0,00 sys=0,00, real=0,00 secs] 
78,227: [GC (Allocation Failure) [PSYoungGen: 182880K->96K(176640K)] 184748K->1964K(351744K), 0,0004948 secs] [Times: user=0,00 sys=0,00, real=0,00 secs] 
78,286: [GC (Allocation Failure) [PSYoungGen: 176224K->96K(170496K)] 178092K->1964K(345600K), 0,0004902 secs] [Times: user=0,00 sys=0,00, real=0,00 secs] 
78,343: [GC (Allocation Failure) [PSYoungGen: 170080K->96K(164864K)] 171948K->1964K(339968K), 0,0004998 secs] [Times: user=0,00 sys=0,00, real=0,00 secs] 
78,399: [GC (Allocation Failure) [PSYoungGen: 164448K->96K(159232K)] 166316K->1964K(334336K), 0,0004958 secs] [Times: user=0,00 sys=0,00, real=0,00 secs] 
78,452: [GC (Allocation Failure) [PSYoungGen: 158816K->96K(154112K)] 160684K->1964K(329216K), 0,0005451 secs] [Times: user=0,00 sys=0,00, real=0,00 secs] 
78,504: [GC (Allocation Failure) [PSYoungGen: 153696K->96K(148992K)] 155564K->1964K(324096K), 0,0004960 secs] [Times: user=0,00 sys=0,00, real=0,00 secs] 
78,555: [GC (Allocation Failure) [PSYoungGen: 148576K->32K(143872K)] 150444K->1900K(318976K), 0,0005483 secs] [Times: user=0,00 sys=0,00, real=0,00 secs] 
78,603: [GC (Allocation Failure) [PSYoungGen: 143392K->96K(139264K)] 145260K->1964K(314368K), 0,0005069 secs] [Times: user=0,00 sys=0,00, real=0,00 secs] 
78,650: [GC (Allocation Failure) [PSYoungGen: 138848K->96K(134656K)] 140716K->1964K(309760K), 0,0004833 secs] [Times: user=0,00 sys=0,00, real=0,00 secs] 
78,696: [GC (Allocation Failure) [PSYoungGen: 134240K->96K(130560K)] 136108K->1964K(305664K), 0,0004849 secs] [Times: user=0,00 sys=0,00, real=0,00 secs] 
78,740: [GC (Allocation Failure) [PSYoungGen: 130144K->64K(126464K)] 132012K->1932K(301568K), 0,0005075 secs] [Times: user=0,00 sys=0,00, real=0,00 secs] 
78,782: [GC (Allocation Failure) [PSYoungGen: 126016K->96K(122368K)] 127884K->1964K(297472K), 0,0005037 secs] [Times: user=0,00 sys=0,00, real=0,00 secs] 
78,824: [GC (Allocation Failure) [PSYoungGen: 121952K->96K(146944K)] 123820K->1964K(322048K), 0,0004788 secs] [Times: user=0,00 sys=0,00, real=0,00 secs] 
78,873: [GC (Allocation Failure) [PSYoungGen: 146528K->96K(142336K)] 148396K->1964K(317440K), 0,0004943 secs] [Times: user=0,00 sys=0,00, real=0,00 secs] 
78,921: [GC (Allocation Failure) [PSYoungGen: 141920K->96K(137728K)] 143788K->1964K(312832K), 0,0004961 secs] [Times: user=0,00 sys=0,00, real=0,00 secs] 
78,968: [GC (Allocation Failure) [PSYoungGen: 137312K->96K(133120K)] 139180K->1964K(308224K), 0,0005096 secs] [Times: user=0,00 sys=0,00, real=0,00 secs] 
79,012: [GC (Allocation Failure) [PSYoungGen: 132704K->96K(129024K)] 134572K->1964K(304128K), 0,0004978 secs] [Times: user=0,00 sys=0,00, real=0,00 secs] 
79,056: [GC (Allocation Failure) [PSYoungGen: 128608K->96K(124928K)] 130476K->1964K(300032K), 0,0004918 secs] [Times: user=0,00 sys=0,00, real=0,00 secs] 
79,098: [GC (Allocation Failure) [PSYoungGen: 124512K->96K(150016K)] 126380K->1964K(325120K), 0,0005044 secs] [Times: user=0,01 sys=0,00, real=0,01 secs] 
79,148: [GC (Allocation Failure) [PSYoungGen: 149600K->64K(180224K)] 151468K->1932K(355328K), 0,0008048 secs] [Times: user=0,00 sys=0,00, real=0,00 secs] 
79,209: [GC (Allocation Failure) [PSYoungGen: 179776K->96K(216576K)] 181644K->1964K(391680K), 0,0004982 secs] [Times: user=0,00 sys=0,00, real=0,00 secs] 
79,282: [GC (Allocation Failure) [PSYoungGen: 216160K->96K(208384K)] 218028K->1964K(383488K), 0,0005317 secs] [Times: user=0,00 sys=0,00, real=0,00 secs] 
79,352: [GC (Allocation Failure) [PSYoungGen: 207968K->96K(200704K)] 209836K->1964K(375808K), 0,0005312 secs] [Times: user=0,00 sys=0,00, real=0,00 secs] 
79,419: [GC (Allocation Failure) [PSYoungGen: 200288K->96K(193536K)] 202156K->1964K(368640K), 0,0004981 secs] [Times: user=0,00 sys=0,00, real=0,00 secs] 
79,484: [GC (Allocation Failure) [PSYoungGen: 193120K->96K(186368K)] 194988K->1964K(361472K), 0,0004862 secs] [Times: user=0,00 sys=0,00, real=0,00 secs] 
79,547: [GC (Allocation Failure) [PSYoungGen: 185951K->96K(179712K)] 187820K->1964K(354816K), 0,0004887 secs] [Times: user=0,00 sys=0,00, real=0,00 secs] 
79,608: [GC (Allocation Failure) [PSYoungGen: 179296K->96K(173568K)] 181164K->1964K(348672K), 0,0005316 secs] [Times: user=0,00 sys=0,00, real=0,01 secs] 
79,666: [GC (Allocation Failure) [PSYoungGen: 173152K->96K(167424K)] 175020K->1964K(342528K), 0,0004840 secs] [Times: user=0,00 sys=0,00, real=0,00 secs] 
79,723: [GC (Allocation Failure) [PSYoungGen: 167008K->96K(161792K)] 168876K->1964K(336896K), 0,0005016 secs] [Times: user=0,00 sys=0,00, real=0,00 secs] 
79,777: [GC (Allocation Failure) [PSYoungGen: 161376K->96K(156160K)] 163244K->1964K(331264K), 0,0004952 secs] [Times: user=0,00 sys=0,00, real=0,00 secs] 
79,829: [GC (Allocation Failure) [PSYoungGen: 155744K->96K(151040K)] 157612K->1964K(326144K), 0,0004929 secs] [Times: user=0,00 sys=0,00, real=0,00 secs] 
79,880: [GC (Allocation Failure) [PSYoungGen: 150624K->96K(145920K)] 152492K->1964K(321024K), 0,0004736 secs] [Times: user=0,00 sys=0,00, real=0,00 secs] 
79,929: [GC (Allocation Failure) [PSYoungGen: 145504K->64K(141312K)] 147372K->1932K(316416K), 0,0005386 secs] [Times: user=0,00 sys=0,00, real=0,00 secs] 
79,976: [GC (Allocation Failure) [PSYoungGen: 140864K->96K(136704K)] 142732K->1964K(311808K), 0,0004787 secs] [Times: user=0,00 sys=0,00, real=0,00 secs] 
80,022: [GC (Allocation Failure) [PSYoungGen: 136288K->96K(132608K)] 138156K->1964K(307712K), 0,0004847 secs] [Times: user=0,00 sys=0,00, real=0,00 secs] 
80,067: [GC (Allocation Failure) [PSYoungGen: 132192K->96K(128512K)] 134060K->1964K(303616K), 0,0005612 secs] [Times: user=0,00 sys=0,00, real=0,00 secs] 
80,111: [GC (Allocation Failure) [PSYoungGen: 128096K->64K(154112K)] 129964K->1932K(329216K), 0,0005538 secs] [Times: user=0,00 sys=0,00, real=0,00 secs] 
80,166: [GC (Allocation Failure) [PSYoungGen: 153664K->96K(148992K)] 155532K->1964K(324096K), 0,0004960 secs] [Times: user=0,00 sys=0,00, real=0,00 secs] 
80,216: [GC (Allocation Failure) [PSYoungGen: 148576K->96K(143872K)] 150444K->1964K(318976K), 0,0004936 secs] [Times: user=0,00 sys=0,00, real=0,00 secs] 
80,264: [GC (Allocation Failure) [PSYoungGen: 143456K->96K(139264K)] 145324K->1964K(314368K), 0,0004935 secs] [Times: user=0,00 sys=0,00, real=0,00 secs] 
80,312: [GC (Allocation Failure) [PSYoungGen: 138848K->96K(134656K)] 140716K->1964K(309760K), 0,0005296 secs] [Times: user=0,00 sys=0,00, real=0,00 secs] 
80,357: [GC (Allocation Failure) [PSYoungGen: 134240K->64K(130560K)] 136108K->1956K(305664K), 0,0005467 secs] [Times: user=0,01 sys=0,00, real=0,00 secs] 
80,401: [GC (Allocation Failure) [PSYoungGen: 130112K->96K(126464K)] 132004K->1988K(301568K), 0,0004812 secs] [Times: user=0,00 sys=0,00, real=0,00 secs] 
80,444: [GC (Allocation Failure) [PSYoungGen: 126048K->96K(152064K)] 127940K->1988K(327168K), 0,0004885 secs] [Times: user=0,00 sys=0,00, real=0,00 secs] 
80,495: [GC (Allocation Failure) [PSYoungGen: 151648K->64K(146944K)] 153540K->1956K(322048K), 0,0005134 secs] [Times: user=0,00 sys=0,00, real=0,00 secs] 
80,544: [GC (Allocation Failure) [PSYoungGen: 146496K->96K(142336K)] 148388K->1988K(317440K), 0,0004869 secs] [Times: user=0,00 sys=0,00, real=0,00 secs] 
80,593: [GC (Allocation Failure) [PSYoungGen: 141920K->64K(137728K)] 143812K->1956K(312832K), 0,0005002 secs] [Times: user=0,00 sys=0,00, real=0,00 secs] 
80,639: [GC (Allocation Failure) [PSYoungGen: 137280K->64K(133120K)] 139172K->1956K(308224K), 0,0004770 secs] [Times: user=0,00 sys=0,00, real=0,00 secs] 
80,684: [GC (Allocation Failure) [PSYoungGen: 132672K->96K(129024K)] 134564K->1988K(304128K), 0,0005112 secs] [Times: user=0,00 sys=0,00, real=0,00 secs] 
80,727: [GC (Allocation Failure) [PSYoungGen: 128608K->96K(124928K)] 130500K->1988K(300032K), 0,0004902 secs] [Times: user=0,00 sys=0,00, real=0,00 secs] 
80,770: [GC (Allocation Failure) [PSYoungGen: 124512K->96K(150016K)] 126404K->1988K(325120K), 0,0005508 secs] [Times: user=0,00 sys=0,00, real=0,00 secs] 
80,820: [GC (Allocation Failure) [PSYoungGen: 149600K->96K(144896K)] 151492K->1988K(320000K), 0,0005200 secs] [Times: user=0,00 sys=0,00, real=0,00 secs] 
80,876: [GC (Allocation Failure) [PSYoungGen: 144480K->64K(174080K)] 146372K->1956K(349184K), 0,0007800 secs] [Times: user=0,00 sys=0,00, real=0,00 secs] 
80,935: [GC (Allocation Failure) [PSYoungGen: 173632K->64K(208896K)] 175524K->1956K(384000K), 0,0006218 secs] [Times: user=0,00 sys=0,00, real=0,00 secs] 
81,006: [GC (Allocation Failure) [PSYoungGen: 208448K->96K(201216K)] 210340K->1988K(376320K), 0,0005118 secs] [Times: user=0,00 sys=0,00, real=0,00 secs] 
81,074: [GC (Allocation Failure) [PSYoungGen: 200800K->96K(194048K)] 202692K->1988K(369152K), 0,0005079 secs] [Times: user=0,00 sys=0,00, real=0,00 secs] 
81,139: [GC (Allocation Failure) [PSYoungGen: 193632K->96K(186880K)] 195524K->1988K(361984K), 0,0005056 secs] [Times: user=0,00 sys=0,00, real=0,00 secs] 
81,202: [GC (Allocation Failure) [PSYoungGen: 186464K->96K(180224K)] 188356K->1988K(355328K), 0,0005494 secs] [Times: user=0,00 sys=0,00, real=0,00 secs] 
81,263: [GC (Allocation Failure) [PSYoungGen: 179808K->96K(174080K)] 181700K->1988K(349184K), 0,0004910 secs] [Times: user=0,00 sys=0,00, real=0,00 secs] 
81,321: [GC (Allocation Failure) [PSYoungGen: 173664K->96K(167936K)] 175556K->1988K(343040K), 0,0004982 secs] [Times: user=0,00 sys=0,00, real=0,00 secs] 
81,378: [GC (Allocation Failure) [PSYoungGen: 167520K->32K(201728K)] 169412K->1924K(376832K), 0,0010047 secs] [Times: user=0,01 sys=0,00, real=0,00 secs] 
81,447: [GC (Allocation Failure) [PSYoungGen: 201248K->96K(194560K)] 203140K->1988K(369664K), 0,0020269 secs] [Times: user=0,00 sys=0,00, real=0,01 secs] 
81,515: [GC (Allocation Failure) [PSYoungGen: 194144K->64K(187392K)] 196036K->1956K(362496K), 0,0007425 secs] [Times: user=0,00 sys=0,00, real=0,00 secs] 
81,579: [GC (Allocation Failure) [PSYoungGen: 186944K->64K(224768K)] 188836K->1956K(399872K), 0,0011122 secs] [Times: user=0,01 sys=0,00, real=0,00 secs] 
81,656: [GC (Allocation Failure) [PSYoungGen: 224320K->96K(269824K)] 226212K->1988K(444928K), 0,0004987 secs] [Times: user=0,00 sys=0,00, real=0,00 secs] 
81,747: [GC (Allocation Failure) [PSYoungGen: 269408K->96K(259072K)] 271300K->1988K(434176K), 0,0005448 secs] [Times: user=0,00 sys=0,00, real=0,00 secs] 
81,834: [GC (Allocation Failure) [PSYoungGen: 258655K->64K(248832K)] 260548K->1956K(423936K), 0,0006327 secs] [Times: user=0,00 sys=0,00, real=0,00 secs] 
81,918: [GC (Allocation Failure) [PSYoungGen: 248384K->96K(239104K)] 250276K->1988K(414208K), 0,0005110 secs] [Times: user=0,00 sys=0,00, real=0,00 secs] 
81,998: [GC (Allocation Failure) [PSYoungGen: 238687K->64K(229888K)] 240580K->1956K(404992K), 0,0005300 secs] [Times: user=0,00 sys=0,01, real=0,01 secs] 
82,076: [GC (Allocation Failure) [PSYoungGen: 229440K->96K(221184K)] 231332K->1988K(396288K), 0,0005067 secs] [Times: user=0,01 sys=0,00, real=0,00 secs] 
82,150: [GC (Allocation Failure) [PSYoungGen: 220767K->96K(212992K)] 222660K->1988K(388096K), 0,0005101 secs] [Times: user=0,00 sys=0,00, real=0,00 secs] 
82,222: [GC (Allocation Failure) [PSYoungGen: 212576K->96K(205312K)] 214468K->1988K(380416K), 0,0005127 secs] [Times: user=0,00 sys=0,00, real=0,00 secs] 
82,291: [GC (Allocation Failure) [PSYoungGen: 204896K->96K(197632K)] 206788K->1988K(372736K), 0,0004987 secs] [Times: user=0,00 sys=0,00, real=0,00 secs] 
82,357: [GC (Allocation Failure) [PSYoungGen: 197216K->96K(190464K)] 199108K->1988K(365568K), 0,0005108 secs] [Times: user=0,00 sys=0,00, real=0,00 secs] 
82,421: [GC (Allocation Failure) [PSYoungGen: 190048K->96K(183808K)] 191940K->1988K(358912K), 0,0005097 secs] [Times: user=0,00 sys=0,00, real=0,00 secs] 
82,483: [GC (Allocation Failure) [PSYoungGen: 183392K->64K(177152K)] 185284K->1956K(352256K), 0,0009706 secs] [Times: user=0,01 sys=0,00, real=0,00 secs] 
82,543: [GC (Allocation Failure) [PSYoungGen: 176703K->96K(171008K)] 178596K->1988K(346112K), 0,0005438 secs] [Times: user=0,01 sys=0,00, real=0,00 secs] 
82,601: [GC (Allocation Failure) [PSYoungGen: 170592K->96K(164864K)] 172484K->1988K(339968K), 0,0004939 secs] [Times: user=0,00 sys=0,00, real=0,00 secs] 
82,656: [GC (Allocation Failure) [PSYoungGen: 164448K->96K(159232K)] 166340K->1988K(334336K), 0,0004966 secs] [Times: user=0,00 sys=0,00, real=0,00 secs] 
82,709: [GC (Allocation Failure) [PSYoungGen: 158816K->96K(154112K)] 160708K->1988K(329216K), 0,0004950 secs] [Times: user=0,00 sys=0,00, real=0,00 secs] 
82,761: [GC (Allocation Failure) [PSYoungGen: 153696K->96K(148992K)] 155588K->1988K(324096K), 0,0005008 secs] [Times: user=0,01 sys=0,00, real=0,00 secs] 
82,811: [GC (Allocation Failure) [PSYoungGen: 148576K->96K(178688K)] 150468K->1988K(353792K), 0,0008323 secs] [Times: user=0,00 sys=0,00, real=0,00 secs] 
82,872: [GC (Allocation Failure) [PSYoungGen: 178272K->96K(172544K)] 180164K->1988K(347648K), 0,0005000 secs] [Times: user=0,00 sys=0,00, real=0,00 secs] 
82,930: [GC (Allocation Failure) [PSYoungGen: 172128K->96K(166400K)] 174020K->1988K(341504K), 0,0004968 secs] [Times: user=0,01 sys=0,00, real=0,00 secs] 
82,986: [GC (Allocation Failure) [PSYoungGen: 165984K->96K(160768K)] 167876K->1988K(335872K), 0,0005911 secs] [Times: user=0,00 sys=0,00, real=0,00 secs] 
83,040: [GC (Allocation Failure) [PSYoungGen: 160352K->96K(155136K)] 162244K->1988K(330240K), 0,0005112 secs] [Times: user=0,00 sys=0,00, real=0,00 secs] 
83,093: [GC (Allocation Failure) [PSYoungGen: 154720K->96K(150016K)] 156612K->1988K(325120K), 0,0005132 secs] [Times: user=0,00 sys=0,00, real=0,00 secs] 
83,143: [GC (Allocation Failure) [PSYoungGen: 149600K->96K(144896K)] 151492K->1988K(320000K), 0,0005244 secs] [Times: user=0,00 sys=0,00, real=0,00 secs] 
83,192: [GC (Allocation Failure) [PSYoungGen: 144480K->64K(140288K)] 146372K->1956K(315392K), 0,0004871 secs] [Times: user=0,00 sys=0,00, real=0,00 secs] 
83,239: [GC (Allocation Failure) [PSYoungGen: 139840K->96K(135680K)] 141732K->1988K(310784K), 0,0005043 secs] [Times: user=0,00 sys=0,00, real=0,00 secs] 
83,285: [GC (Allocation Failure) [PSYoungGen: 135264K->96K(131584K)] 137156K->1988K(306688K), 0,0004895 secs] [Times: user=0,00 sys=0,00, real=0,00 secs] 
83,329: [GC (Allocation Failure) [PSYoungGen: 131168K->96K(127488K)] 133060K->1988K(302592K), 0,0005020 secs] [Times: user=0,00 sys=0,00, real=0,00 secs] 
83,372: [GC (Allocation Failure) [PSYoungGen: 127072K->96K(123392K)] 128964K->1988K(298496K), 0,0004910 secs] [Times: user=0,00 sys=0,00, real=0,00 secs] 
83,413: [GC (Allocation Failure) [PSYoungGen: 122976K->96K(119808K)] 124868K->1988K(294912K), 0,0004885 secs] [Times: user=0,00 sys=0,00, real=0,00 secs] 
83,454: [GC (Allocation Failure) [PSYoungGen: 119392K->64K(143872K)] 121284K->1956K(318976K), 0,0005246 secs] [Times: user=0,00 sys=0,00, real=0,00 secs] 
83,502: [GC (Allocation Failure) [PSYoungGen: 143423K->64K(172544K)] 145316K->1956K(347648K), 0,0004843 secs] [Times: user=0,00 sys=0,00, real=0,00 secs] 
83,560: [GC (Allocation Failure) [PSYoungGen: 172096K->96K(166400K)] 173988K->1988K(341504K), 0,0005040 secs] [Times: user=0,00 sys=0,00, real=0,00 secs] 
83,616: [GC (Allocation Failure) [PSYoungGen: 165984K->96K(160768K)] 167876K->1988K(335872K), 0,0005098 secs] [Times: user=0,00 sys=0,00, real=0,00 secs] 
83,670: [GC (Allocation Failure) [PSYoungGen: 160352K->96K(155136K)] 162244K->1988K(330240K), 0,0004937 secs] [Times: user=0,00 sys=0,00, real=0,00 secs] 
83,722: [GC (Allocation Failure) [PSYoungGen: 154719K->96K(150016K)] 156612K->1988K(325120K), 0,0005019 secs] [Times: user=0,00 sys=0,00, real=0,00 secs] 
83,772: [GC (Allocation Failure) [PSYoungGen: 149600K->96K(144896K)] 151492K->1988K(320000K), 0,0004943 secs] [Times: user=0,01 sys=0,00, real=0,00 secs] 
83,821: [GC (Allocation Failure) [PSYoungGen: 144480K->96K(140288K)] 146372K->1988K(315392K), 0,0005005 secs] [Times: user=0,00 sys=0,00, real=0,00 secs] 
83,869: [GC (Allocation Failure) [PSYoungGen: 139872K->64K(135680K)] 141764K->1956K(310784K), 0,0004889 secs] [Times: user=0,00 sys=0,00, real=0,00 secs] 
83,914: [GC (Allocation Failure) [PSYoungGen: 135232K->96K(131584K)] 137124K->1988K(306688K), 0,0005400 secs] [Times: user=0,00 sys=0,00, real=0,00 secs] 
83,959: [GC (Allocation Failure) [PSYoungGen: 131168K->96K(127488K)] 133060K->1988K(302592K), 0,0005301 secs] [Times: user=0,00 sys=0,00, real=0,00 secs] 
84,002: [GC (Allocation Failure) [PSYoungGen: 127072K->96K(153088K)] 128964K->1988K(328192K), 0,0005488 secs] [Times: user=0,00 sys=0,00, real=0,00 secs] 
84,053: [GC (Allocation Failure) [PSYoungGen: 152671K->64K(147968K)] 154564K->1956K(323072K), 0,0004935 secs] [Times: user=0,00 sys=0,00, real=0,00 secs] 
84,104: [GC (Allocation Failure) [PSYoungGen: 147520K->96K(143360K)] 149412K->1988K(318464K), 0,0005108 secs] [Times: user=0,00 sys=0,00, real=0,00 secs] 
84,152: [GC (Allocation Failure) [PSYoungGen: 142944K->96K(138752K)] 144836K->1988K(313856K), 0,0005276 secs] [Times: user=0,00 sys=0,00, real=0,00 secs] 
84,198: [GC (Allocation Failure) [PSYoungGen: 138335K->96K(134144K)] 140228K->1988K(309248K), 0,0005310 secs] [Times: user=0,00 sys=0,00, real=0,00 secs] 
84,244: [GC (Allocation Failure) [PSYoungGen: 133728K->96K(130048K)] 135620K->1988K(305152K), 0,0004859 secs] [Times: user=0,00 sys=0,00, real=0,00 secs] 
84,288: [GC (Allocation Failure) [PSYoungGen: 129632K->96K(125952K)] 131524K->1988K(301056K), 0,0004817 secs] [Times: user=0,01 sys=0,00, real=0,00 secs] 
84,330: [GC (Allocation Failure) [PSYoungGen: 125536K->32K(151040K)] 127428K->1924K(326144K), 0,0005692 secs] [Times: user=0,00 sys=0,00, real=0,00 secs] 
84,381: [GC (Allocation Failure) [PSYoungGen: 150560K->64K(145920K)] 152452K->1956K(321024K), 0,0004712 secs] [Times: user=0,00 sys=0,00, real=0,00 secs] 
84,430: [GC (Allocation Failure) [PSYoungGen: 145472K->96K(141312K)] 147364K->1988K(316416K), 0,0004760 secs] [Times: user=0,00 sys=0,00, real=0,00 secs] 
84,478: [GC (Allocation Failure) [PSYoungGen: 140896K->96K(136704K)] 142788K->1988K(311808K), 0,0004802 secs] [Times: user=0,00 sys=0,00, real=0,01 secs] 
84,524: [GC (Allocation Failure) [PSYoungGen: 136288K->96K(132608K)] 138180K->1988K(307712K), 0,0004806 secs] [Times: user=0,00 sys=0,00, real=0,00 secs] 
84,569: [GC (Allocation Failure) [PSYoungGen: 132192K->96K(128512K)] 134084K->1988K(303616K), 0,0004910 secs] [Times: user=0,00 sys=0,00, real=0,00 secs] 
84,612: [GC (Allocation Failure) [PSYoungGen: 128096K->96K(124416K)] 129988K->1988K(299520K), 0,0005099 secs] [Times: user=0,00 sys=0,00, real=0,00 secs] 
84,654: [GC (Allocation Failure) [PSYoungGen: 124000K->64K(149504K)] 125892K->1956K(324608K), 0,0005709 secs] [Times: user=0,00 sys=0,00, real=0,00 secs] 
84,704: [GC (Allocation Failure) [PSYoungGen: 149056K->64K(179712K)] 150948K->1956K(354816K), 0,0004903 secs] [Times: user=0,01 sys=0,00, real=0,00 secs] 
84,765: [GC (Allocation Failure) [PSYoungGen: 179264K->96K(173568K)] 181156K->1988K(348672K), 0,0005167 secs] [Times: user=0,00 sys=0,00, real=0,00 secs] 
84,824: [GC (Allocation Failure) [PSYoungGen: 173152K->64K(167424K)] 175044K->1956K(342528K), 0,0005111 secs] [Times: user=0,01 sys=0,00, real=0,00 secs] 
84,880: [GC (Allocation Failure) [PSYoungGen: 166976K->96K(161792K)] 168868K->1988K(336896K), 0,0005075 secs] [Times: user=0,00 sys=0,00, real=0,00 secs] 
84,935: [GC (Allocation Failure) [PSYoungGen: 161376K->96K(156160K)] 163268K->1988K(331264K), 0,0004911 secs] [Times: user=0,00 sys=0,00, real=0,00 secs] 
84,987: [GC (Allocation Failure) [PSYoungGen: 155744K->96K(151040K)] 157636K->1988K(326144K), 0,0004992 secs] [Times: user=0,00 sys=0,00, real=0,00 secs] 
85,038: [GC (Allocation Failure) [PSYoungGen: 150624K->96K(145920K)] 152516K->1988K(321024K), 0,0004963 secs] [Times: user=0,00 sys=0,00, real=0,00 secs] 
85,088: [GC (Allocation Failure) [PSYoungGen: 145504K->96K(141312K)] 147396K->1988K(316416K), 0,0005042 secs] [Times: user=0,00 sys=0,00, real=0,01 secs] 
85,135: [GC (Allocation Failure) [PSYoungGen: 140896K->96K(136704K)] 142788K->1988K(311808K), 0,0004701 secs] [Times: user=0,00 sys=0,00, real=0,00 secs] 
85,181: [GC (Allocation Failure) [PSYoungGen: 136288K->96K(132608K)] 138180K->1988K(307712K), 0,0004945 secs] [Times: user=0,01 sys=0,00, real=0,00 secs] 
85,226: [GC (Allocation Failure) [PSYoungGen: 132192K->96K(128512K)] 134084K->1988K(303616K), 0,0005054 secs] [Times: user=0,00 sys=0,00, real=0,00 secs] 
85,269: [GC (Allocation Failure) [PSYoungGen: 128096K->64K(124416K)] 129988K->1956K(299520K), 0,0004906 secs] [Times: user=0,00 sys=0,00, real=0,00 secs] 
85,311: [GC (Allocation Failure) [PSYoungGen: 123968K->96K(120832K)] 125860K->1988K(295936K), 0,0005325 secs] [Times: user=0,00 sys=0,00, real=0,00 secs] 
85,352: [GC (Allocation Failure) [PSYoungGen: 120416K->96K(144896K)] 122308K->1988K(320000K), 0,0005019 secs] [Times: user=0,00 sys=0,00, real=0,00 secs] 
85,401: [GC (Allocation Failure) [PSYoungGen: 144480K->96K(140288K)] 146372K->1988K(315392K), 0,0004933 secs] [Times: user=0,00 sys=0,00, real=0,00 secs] 
85,448: [GC (Allocation Failure) [PSYoungGen: 139872K->96K(135680K)] 141764K->1988K(310784K), 0,0005115 secs] [Times: user=0,01 sys=0,00, real=0,00 secs] 
85,494: [GC (Allocation Failure) [PSYoungGen: 135264K->96K(131584K)] 137156K->1988K(306688K), 0,0004769 secs] [Times: user=0,00 sys=0,00, real=0,00 secs] 
85,539: [GC (Allocation Failure) [PSYoungGen: 131167K->96K(127488K)] 133060K->1988K(302592K), 0,0004915 secs] [Times: user=0,00 sys=0,00, real=0,00 secs] 
85,581: [GC (Allocation Failure) [PSYoungGen: 127072K->64K(153088K)] 128964K->1956K(328192K), 0,0005054 secs] [Times: user=0,00 sys=0,00, real=0,00 secs] 
85,633: [GC (Allocation Failure) [PSYoungGen: 152640K->96K(147968K)] 154532K->1988K(323072K), 0,0005156 secs] [Times: user=0,00 sys=0,00, real=0,00 secs] 
85,683: [GC (Allocation Failure) [PSYoungGen: 147551K->64K(143360K)] 149444K->1956K(318464K), 0,0005320 secs] [Times: user=0,00 sys=0,00, real=0,00 secs] 
85,731: [GC (Allocation Failure) [PSYoungGen: 142912K->96K(138752K)] 144804K->1988K(313856K), 0,0005015 secs] [Times: user=0,00 sys=0,00, real=0,00 secs] 
85,778: [GC (Allocation Failure) [PSYoungGen: 138335K->64K(134144K)] 140228K->1956K(309248K), 0,0005490 secs] [Times: user=0,00 sys=0,00, real=0,01 secs] 
85,823: [GC (Allocation Failure) [PSYoungGen: 133696K->96K(161280K)] 135588K->1988K(336384K), 0,0005448 secs] [Times: user=0,00 sys=0,00, real=0,00 secs] 
85,878: [GC (Allocation Failure) [PSYoungGen: 160864K->96K(155648K)] 162756K->1988K(330752K), 0,0005024 secs] [Times: user=0,00 sys=0,00, real=0,01 secs] 
85,930: [GC (Allocation Failure) [PSYoungGen: 155232K->64K(150528K)] 157124K->1956K(325632K), 0,0004765 secs] [Times: user=0,00 sys=0,00, real=0,00 secs] 
85,981: [GC (Allocation Failure) [PSYoungGen: 150080K->96K(145408K)] 151972K->1988K(320512K), 0,0004915 secs] [Times: user=0,00 sys=0,00, real=0,00 secs] 
86,030: [GC (Allocation Failure) [PSYoungGen: 144992K->96K(140800K)] 146884K->1988K(315904K), 0,0004965 secs] [Times: user=0,00 sys=0,00, real=0,00 secs] 
86,078: [GC (Allocation Failure) [PSYoungGen: 140384K->96K(136192K)] 142276K->1988K(311296K), 0,0005028 secs] [Times: user=0,00 sys=0,00, real=0,01 secs] 
86,124: [GC (Allocation Failure) [PSYoungGen: 135776K->64K(132096K)] 137668K->1956K(307200K), 0,0005132 secs] [Times: user=0,00 sys=0,00, real=0,00 secs] 
86,168: [GC (Allocation Failure) [PSYoungGen: 131648K->96K(128000K)] 133540K->1988K(303104K), 0,0005375 secs] [Times: user=0,00 sys=0,00, real=0,00 secs] 
86,212: [GC (Allocation Failure) [PSYoungGen: 127584K->96K(123904K)] 129476K->1988K(299008K), 0,0004885 secs] [Times: user=0,01 sys=0,00, real=0,00 secs] 
86,254: [GC (Allocation Failure) [PSYoungGen: 123488K->96K(148992K)] 125380K->1988K(324096K), 0,0004753 secs] [Times: user=0,00 sys=0,00, real=0,00 secs] 
86,304: [GC (Allocation Failure) [PSYoungGen: 148576K->64K(143872K)] 150468K->1956K(318976K), 0,0004919 secs] [Times: user=0,00 sys=0,00, real=0,00 secs] 
86,352: [GC (Allocation Failure) [PSYoungGen: 143423K->96K(139264K)] 145316K->1988K(314368K), 0,0004929 secs] [Times: user=0,00 sys=0,00, real=0,00 secs] 
86,399: [GC (Allocation Failure) [PSYoungGen: 138848K->96K(134656K)] 140740K->1988K(309760K), 0,0005034 secs] [Times: user=0,00 sys=0,00, real=0,00 secs] 
86,444: [GC (Allocation Failure) [PSYoungGen: 134240K->96K(130560K)] 136132K->1988K(305664K), 0,0004927 secs] [Times: user=0,00 sys=0,00, real=0,00 secs] 
86,488: [GC (Allocation Failure) [PSYoungGen: 130144K->64K(126464K)] 132036K->1956K(301568K), 0,0004805 secs] [Times: user=0,00 sys=0,00, real=0,01 secs] 
86,531: [GC (Allocation Failure) [PSYoungGen: 126016K->96K(122368K)] 127908K->1988K(297472K), 0,0004782 secs] [Times: user=0,00 sys=0,00, real=0,00 secs] 
86,572: [GC (Allocation Failure) [PSYoungGen: 121951K->96K(146944K)] 123844K->1988K(322048K), 0,0004972 secs] [Times: user=0,00 sys=0,00, real=0,00 secs] 
86,622: [GC (Allocation Failure) [PSYoungGen: 146528K->96K(176640K)] 148420K->1988K(351744K), 0,0005502 secs] [Times: user=0,00 sys=0,00, real=0,00 secs] 
86,681: [GC (Allocation Failure) [PSYoungGen: 176224K->96K(170496K)] 178116K->1988K(345600K), 0,0004817 secs] [Times: user=0,00 sys=0,00, real=0,00 secs] 
86,738: [GC (Allocation Failure) [PSYoungGen: 170080K->96K(164864K)] 171972K->1988K(339968K), 0,0005085 secs] [Times: user=0,00 sys=0,00, real=0,00 secs] 
86,794: [GC (Allocation Failure) [PSYoungGen: 164448K->96K(159232K)] 166340K->1988K(334336K), 0,0004981 secs] [Times: user=0,00 sys=0,00, real=0,00 secs] 
86,847: [GC (Allocation Failure) [PSYoungGen: 158816K->96K(154112K)] 160708K->1988K(329216K), 0,0005076 secs] [Times: user=0,00 sys=0,00, real=0,00 secs] 
86,899: [GC (Allocation Failure) [PSYoungGen: 153696K->96K(148992K)] 155588K->1988K(324096K), 0,0004897 secs] [Times: user=0,00 sys=0,00, real=0,00 secs] 
86,949: [GC (Allocation Failure) [PSYoungGen: 148576K->96K(143872K)] 150468K->1988K(318976K), 0,0004771 secs] [Times: user=0,00 sys=0,00, real=0,00 secs] 
86,998: [GC (Allocation Failure) [PSYoungGen: 143456K->96K(139264K)] 145348K->1988K(314368K), 0,0004749 secs] [Times: user=0,00 sys=0,00, real=0,01 secs] 
87,045: [GC (Allocation Failure) [PSYoungGen: 138848K->96K(134656K)] 140740K->1988K(309760K), 0,0004897 secs] [Times: user=0,00 sys=0,00, real=0,00 secs] 
87,090: [GC (Allocation Failure) [PSYoungGen: 134240K->64K(130560K)] 136132K->1956K(305664K), 0,0005717 secs] [Times: user=0,00 sys=0,00, real=0,00 secs] 
87,134: [GC (Allocation Failure) [PSYoungGen: 130112K->96K(126464K)] 132004K->1988K(301568K), 0,0004799 secs] [Times: user=0,00 sys=0,00, real=0,00 secs] 
87,177: [GC (Allocation Failure) [PSYoungGen: 126048K->96K(122368K)] 127940K->1988K(297472K), 0,0004897 secs] [Times: user=0,00 sys=0,00, real=0,00 secs] 
87,218: [GC (Allocation Failure) [PSYoungGen: 121951K->64K(146944K)] 123844K->1956K(322048K), 0,0004997 secs] [Times: user=0,00 sys=0,00, real=0,00 secs] 
87,268: [GC (Allocation Failure) [PSYoungGen: 146496K->96K(142336K)] 148388K->1988K(317440K), 0,0004921 secs] [Times: user=0,00 sys=0,00, real=0,01 secs] 
87,316: [GC (Allocation Failure) [PSYoungGen: 141920K->96K(137728K)] 143812K->1988K(312832K), 0,0004899 secs] [Times: user=0,00 sys=0,00, real=0,00 secs] 
87,362: [GC (Allocation Failure) [PSYoungGen: 137312K->96K(133120K)] 139204K->1988K(308224K), 0,0004873 secs] [Times: user=0,00 sys=0,00, real=0,00 secs] 
87,407: [GC (Allocation Failure) [PSYoungGen: 132703K->96K(129024K)] 134596K->1988K(304128K), 0,0004875 secs] [Times: user=0,00 sys=0,00, real=0,00 secs] 
87,450: [GC (Allocation Failure) [PSYoungGen: 128608K->96K(124928K)] 130500K->1988K(300032K), 0,0004827 secs] [Times: user=0,01 sys=0,00, real=0,00 secs] 
87,492: [GC (Allocation Failure) [PSYoungGen: 124512K->96K(121344K)] 126404K->1988K(296448K), 0,0004730 secs] [Times: user=0,00 sys=0,00, real=0,00 secs] 
87,533: [GC (Allocation Failure) [PSYoungGen: 120928K->96K(145920K)] 122820K->1988K(321024K), 0,0004993 secs] [Times: user=0,00 sys=0,00, real=0,00 secs] 
87,582: [GC (Allocation Failure) [PSYoungGen: 145504K->96K(141312K)] 147396K->1988K(316416K), 0,0004877 secs] [Times: user=0,00 sys=0,00, real=0,00 secs] 
87,630: [GC (Allocation Failure) [PSYoungGen: 140896K->96K(136704K)] 142788K->1988K(311808K), 0,0005021 secs] [Times: user=0,00 sys=0,00, real=0,00 secs] 
87,676: [GC (Allocation Failure) [PSYoungGen: 136288K->96K(132608K)] 138180K->1988K(307712K), 0,0004952 secs] [Times: user=0,00 sys=0,00, real=0,00 secs] 
87,721: [GC (Allocation Failure) [PSYoungGen: 132192K->64K(159232K)] 134084K->1956K(334336K), 0,0006940 secs] [Times: user=0,00 sys=0,00, real=0,00 secs] 
87,774: [GC (Allocation Failure) [PSYoungGen: 158784K->96K(190976K)] 160676K->1988K(366080K), 0,0004956 secs] [Times: user=0,00 sys=0,00, real=0,00 secs] 
87,838: [GC (Allocation Failure) [PSYoungGen: 190560K->64K(184320K)] 192452K->1956K(359424K), 0,0005373 secs] [Times: user=0,00 sys=0,00, real=0,00 secs] 
87,900: [GC (Allocation Failure) [PSYoungGen: 183872K->96K(177664K)] 185764K->1988K(352768K), 0,0005079 secs] [Times: user=0,00 sys=0,00, real=0,00 secs] 
87,960: [GC (Allocation Failure) [PSYoungGen: 177248K->96K(171520K)] 179140K->1988K(346624K), 0,0005928 secs] [Times: user=0,00 sys=0,00, real=0,00 secs] 
88,018: [GC (Allocation Failure) [PSYoungGen: 171104K->96K(165376K)] 172996K->1988K(340480K), 0,0005049 secs] [Times: user=0,00 sys=0,00, real=0,00 secs] 
88,073: [GC (Allocation Failure) [PSYoungGen: 164960K->64K(159744K)] 166852K->1956K(334848K), 0,0004711 secs] [Times: user=0,00 sys=0,00, real=0,00 secs] 
88,127: [GC (Allocation Failure) [PSYoungGen: 159296K->96K(154112K)] 161188K->1988K(329216K), 0,0005009 secs] [Times: user=0,00 sys=0,00, real=0,00 secs] 
88,179: [GC (Allocation Failure) [PSYoungGen: 153696K->96K(148992K)] 155588K->1988K(324096K), 0,0004957 secs] [Times: user=0,00 sys=0,00, real=0,00 secs] 
88,229: [GC (Allocation Failure) [PSYoungGen: 148576K->64K(143872K)] 150468K->1956K(318976K), 0,0005226 secs] [Times: user=0,00 sys=0,00, real=0,00 secs] 
88,278: [GC (Allocation Failure) [PSYoungGen: 143424K->96K(139264K)] 145316K->1988K(314368K), 0,0005321 secs] [Times: user=0,00 sys=0,00, real=0,01 secs] 
88,325: [GC (Allocation Failure) [PSYoungGen: 138848K->96K(134656K)] 140740K->1988K(309760K), 0,0004951 secs] [Times: user=0,00 sys=0,00, real=0,00 secs] 
88,370: [GC (Allocation Failure) [PSYoungGen: 134240K->96K(130560K)] 136132K->1988K(305664K), 0,0004915 secs] [Times: user=0,00 sys=0,00, real=0,00 secs] 
88,414: [GC (Allocation Failure) [PSYoungGen: 130144K->64K(126464K)] 132036K->1956K(301568K), 0,0005321 secs] [Times: user=0,00 sys=0,00, real=0,00 secs] 
88,457: [GC (Allocation Failure) [PSYoungGen: 126016K->96K(122368K)] 127908K->1988K(297472K), 0,0004831 secs] [Times: user=0,00 sys=0,00, real=0,00 secs] 
88,498: [GC (Allocation Failure) [PSYoungGen: 121952K->64K(146944K)] 123844K->1956K(322048K), 0,0004825 secs] [Times: user=0,00 sys=0,00, real=0,01 secs] 
88,547: [GC (Allocation Failure) [PSYoungGen: 146496K->64K(176640K)] 148388K->1956K(351744K), 0,0006953 secs] [Times: user=0,00 sys=0,00, real=0,00 secs] 
88,607: [GC (Allocation Failure) [PSYoungGen: 176192K->96K(170496K)] 178084K->1988K(345600K), 0,0005078 secs] [Times: user=0,00 sys=0,00, real=0,00 secs] 
88,664: [GC (Allocation Failure) [PSYoungGen: 170080K->96K(164864K)] 171972K->1988K(339968K), 0,0005327 secs] [Times: user=0,00 sys=0,00, real=0,00 secs] 
88,720: [GC (Allocation Failure) [PSYoungGen: 164448K->64K(159232K)] 166340K->1956K(334336K), 0,0004980 secs] [Times: user=0,01 sys=0,00, real=0,00 secs] 
88,774: [GC (Allocation Failure) [PSYoungGen: 158784K->96K(154112K)] 160676K->1988K(329216K), 0,0004776 secs] [Times: user=0,00 sys=0,00, real=0,00 secs] 
88,825: [GC (Allocation Failure) [PSYoungGen: 153696K->96K(148992K)] 155588K->1988K(324096K), 0,0004897 secs] [Times: user=0,00 sys=0,00, real=0,00 secs] 
88,876: [GC (Allocation Failure) [PSYoungGen: 148576K->96K(143872K)] 150468K->1988K(318976K), 0,0005055 secs] [Times: user=0,00 sys=0,00, real=0,00 secs] 
88,924: [GC (Allocation Failure) [PSYoungGen: 143456K->96K(139264K)] 145348K->1988K(314368K), 0,0005269 secs] [Times: user=0,00 sys=0,00, real=0,00 secs] 
88,971: [GC (Allocation Failure) [PSYoungGen: 138848K->64K(134656K)] 140740K->1956K(309760K), 0,0004932 secs] [Times: user=0,00 sys=0,00, real=0,00 secs] 
89,016: [GC (Allocation Failure) [PSYoungGen: 134208K->96K(130560K)] 136100K->1988K(305664K), 0,0004935 secs] [Times: user=0,00 sys=0,00, real=0,00 secs] 
89,060: [GC (Allocation Failure) [PSYoungGen: 130144K->96K(126464K)] 132036K->1988K(301568K), 0,0004650 secs] [Times: user=0,00 sys=0,00, real=0,00 secs] 
89,102: [GC (Allocation Failure) [PSYoungGen: 126048K->96K(122368K)] 127940K->1988K(297472K), 0,0004794 secs] [Times: user=0,00 sys=0,00, real=0,00 secs] 
89,144: [GC (Allocation Failure) [PSYoungGen: 121952K->96K(146944K)] 123844K->1988K(322048K), 0,0004975 secs] [Times: user=0,00 sys=0,00, real=0,00 secs] 
89,194: [GC (Allocation Failure) [PSYoungGen: 146528K->96K(142336K)] 148420K->1988K(317440K), 0,0004847 secs] [Times: user=0,00 sys=0,00, real=0,00 secs] 
89,242: [GC (Allocation Failure) [PSYoungGen: 141920K->64K(171008K)] 143812K->1956K(346112K), 0,0005771 secs] [Times: user=0,00 sys=0,00, real=0,00 secs] 
89,299: [GC (Allocation Failure) [PSYoungGen: 170560K->64K(164864K)] 172452K->1956K(339968K), 0,0004995 secs] [Times: user=0,00 sys=0,00, real=0,00 secs] 
89,355: [GC (Allocation Failure) [PSYoungGen: 164416K->96K(159232K)] 166308K->1988K(334336K), 0,0004917 secs] [Times: user=0,01 sys=0,00, real=0,00 secs] 
89,409: [GC (Allocation Failure) [PSYoungGen: 158816K->96K(154112K)] 160708K->1988K(329216K), 0,0004889 secs] [Times: user=0,00 sys=0,00, real=0,00 secs] 
89,460: [GC (Allocation Failure) [PSYoungGen: 153696K->96K(148992K)] 155588K->1988K(324096K), 0,0004872 secs] [Times: user=0,00 sys=0,00, real=0,00 secs] 
89,511: [GC (Allocation Failure) [PSYoungGen: 148576K->96K(143872K)] 150468K->1988K(318976K), 0,0004958 secs] [Times: user=0,00 sys=0,00, real=0,00 secs] 
89,559: [GC (Allocation Failure) [PSYoungGen: 143456K->96K(139264K)] 145348K->1988K(314368K), 0,0005905 secs] [Times: user=0,00 sys=0,00, real=0,00 secs] 
89,606: [GC (Allocation Failure) [PSYoungGen: 138848K->96K(134656K)] 140740K->1988K(309760K), 0,0005250 secs] [Times: user=0,00 sys=0,00, real=0,00 secs] 
89,652: [GC (Allocation Failure) [PSYoungGen: 134240K->64K(130560K)] 136132K->1956K(305664K), 0,0005681 secs] [Times: user=0,01 sys=0,00, real=0,00 secs] 
89,696: [GC (Allocation Failure) [PSYoungGen: 130112K->96K(156672K)] 132004K->1988K(331776K), 0,0004921 secs] [Times: user=0,00 sys=0,00, real=0,00 secs] 
89,749: [GC (Allocation Failure) [PSYoungGen: 156255K->96K(151552K)] 158148K->1988K(326656K), 0,0005023 secs] [Times: user=0,00 sys=0,00, real=0,00 secs] 
89,800: [GC (Allocation Failure) [PSYoungGen: 151136K->64K(146432K)] 153028K->1956K(321536K), 0,0005068 secs] [Times: user=0,00 sys=0,00, real=0,00 secs] 
89,849: [GC (Allocation Failure) [PSYoungGen: 145984K->64K(141824K)] 147876K->1956K(316928K), 0,0004988 secs] [Times: user=0,00 sys=0,00, real=0,00 secs] 
89,897: [GC (Allocation Failure) [PSYoungGen: 141376K->96K(137216K)] 143268K->1988K(312320K), 0,0004983 secs] [Times: user=0,00 sys=0,00, real=0,00 secs] 
89,943: [GC (Allocation Failure) [PSYoungGen: 136800K->96K(132608K)] 138692K->1988K(307712K), 0,0004882 secs] [Times: user=0,00 sys=0,00, real=0,00 secs] 
89,988: [GC (Allocation Failure) [PSYoungGen: 132192K->96K(128512K)] 134084K->1988K(303616K), 0,0005220 secs] [Times: user=0,00 sys=0,00, real=0,01 secs] 
90,031: [GC (Allocation Failure) [PSYoungGen: 128096K->96K(124416K)] 129988K->1988K(299520K), 0,0004885 secs] [Times: user=0,00 sys=0,00, real=0,00 secs] 
90,073: [GC (Allocation Failure) [PSYoungGen: 124000K->96K(120832K)] 125892K->1988K(295936K), 0,0004820 secs] [Times: user=0,00 sys=0,00, real=0,00 secs] 
90,114: [GC (Allocation Failure) [PSYoungGen: 120416K->96K(144896K)] 122308K->1988K(320000K), 0,0005192 secs] [Times: user=0,00 sys=0,00, real=0,00 secs] 
90,163: [GC (Allocation Failure) [PSYoungGen: 144480K->96K(174080K)] 146372K->1988K(349184K), 0,0005435 secs] [Times: user=0,00 sys=0,00, real=0,00 secs] 
90,221: [GC (Allocation Failure) [PSYoungGen: 173664K->96K(167936K)] 175556K->1988K(343040K), 0,0004944 secs] [Times: user=0,00 sys=0,00, real=0,00 secs] 
90,280: [GC (Allocation Failure) [PSYoungGen: 167520K->96K(162304K)] 169412K->1988K(337408K), 0,0005055 secs] [Times: user=0,00 sys=0,00, real=0,00 secs] 
90,335: [GC (Allocation Failure) [PSYoungGen: 161888K->96K(156672K)] 163780K->2012K(331776K), 0,0005300 secs] [Times: user=0,00 sys=0,00, real=0,00 secs] 
90,387: [GC (Allocation Failure) [PSYoungGen: 156256K->64K(151552K)] 158172K->1980K(326656K), 0,0007331 secs] [Times: user=0,00 sys=0,00, real=0,00 secs] 
90,438: [GC (Allocation Failure) [PSYoungGen: 151104K->96K(146432K)] 153020K->2012K(321536K), 0,0004884 secs] [Times: user=0,00 sys=0,00, real=0,00 secs] 
90,488: [GC (Allocation Failure) [PSYoungGen: 146016K->96K(141824K)] 147932K->2012K(316928K), 0,0004951 secs] [Times: user=0,00 sys=0,00, real=0,01 secs] 
90,535: [GC (Allocation Failure) [PSYoungGen: 141408K->64K(170496K)] 143324K->1980K(345600K), 0,0009247 secs] [Times: user=0,00 sys=0,00, real=0,00 secs] 
90,593: [GC (Allocation Failure) [PSYoungGen: 170048K->96K(204800K)] 171964K->2012K(379904K), 0,0005012 secs] [Times: user=0,00 sys=0,00, real=0,00 secs] 
90,662: [GC (Allocation Failure) [PSYoungGen: 204384K->64K(197120K)] 206300K->1980K(372224K), 0,0005040 secs] [Times: user=0,00 sys=0,00, real=0,00 secs] 
90,728: [GC (Allocation Failure) [PSYoungGen: 196672K->96K(189952K)] 198588K->2012K(365056K), 0,0005083 secs] [Times: user=0,01 sys=0,00, real=0,01 secs] 
90,792: [GC (Allocation Failure) [PSYoungGen: 189536K->96K(183296K)] 191452K->2012K(358400K), 0,0005142 secs] [Times: user=0,00 sys=0,00, real=0,00 secs] 
90,854: [GC (Allocation Failure) [PSYoungGen: 182880K->96K(176640K)] 184796K->2012K(351744K), 0,0006356 secs] [Times: user=0,00 sys=0,00, real=0,00 secs] 
90,914: [GC (Allocation Failure) [PSYoungGen: 176223K->32K(170496K)] 178140K->1948K(345600K), 0,0005634 secs] [Times: user=0,00 sys=0,00, real=0,00 secs] 
90,971: [GC (Allocation Failure) [PSYoungGen: 170016K->96K(164864K)] 171932K->2012K(339968K), 0,0004985 secs] [Times: user=0,00 sys=0,00, real=0,00 secs] 
91,027: [GC (Allocation Failure) [PSYoungGen: 164448K->96K(159232K)] 166364K->2012K(334336K), 0,0005167 secs] [Times: user=0,00 sys=0,00, real=0,00 secs] 
91,080: [GC (Allocation Failure) [PSYoungGen: 158816K->64K(154112K)] 160732K->1980K(329216K), 0,0004698 secs] [Times: user=0,00 sys=0,00, real=0,00 secs] 
91,132: [GC (Allocation Failure) [PSYoungGen: 153664K->96K(148992K)] 155580K->2012K(324096K), 0,0005126 secs] [Times: user=0,00 sys=0,00, real=0,00 secs] 
91,183: [GC (Allocation Failure) [PSYoungGen: 148576K->96K(143872K)] 150492K->2012K(318976K), 0,0005119 secs] [Times: user=0,00 sys=0,00, real=0,00 secs] 
91,231: [GC (Allocation Failure) [PSYoungGen: 143456K->96K(139264K)] 145372K->2012K(314368K), 0,0004986 secs] [Times: user=0,00 sys=0,00, real=0,00 secs] 
91,278: [GC (Allocation Failure) [PSYoungGen: 138848K->96K(134656K)] 140764K->2012K(309760K), 0,0004971 secs] [Times: user=0,00 sys=0,00, real=0,01 secs] 
91,323: [GC (Allocation Failure) [PSYoungGen: 134240K->96K(130560K)] 136156K->2012K(305664K), 0,0005672 secs] [Times: user=0,01 sys=0,00, real=0,00 secs] 
91,368: [GC (Allocation Failure) [PSYoungGen: 130144K->96K(126464K)] 132060K->2012K(301568K), 0,0005021 secs] [Times: user=0,00 sys=0,00, real=0,00 secs] 
91,411: [GC (Allocation Failure) [PSYoungGen: 126048K->64K(122368K)] 127964K->1980K(297472K), 0,0004920 secs] [Times: user=0,00 sys=0,00, real=0,00 secs] 
91,452: [GC (Allocation Failure) [PSYoungGen: 121919K->96K(146944K)] 123836K->2012K(322048K), 0,0004766 secs] [Times: user=0,01 sys=0,00, real=0,00 secs] 
91,501: [GC (Allocation Failure) [PSYoungGen: 146528K->96K(176640K)] 148444K->2012K(351744K), 0,0005582 secs] [Times: user=0,00 sys=0,00, real=0,00 secs] 
91,562: [GC (Allocation Failure) [PSYoungGen: 176224K->96K(170496K)] 178140K->2012K(345600K), 0,0005381 secs] [Times: user=0,01 sys=0,00, real=0,00 secs] 
91,621: [GC (Allocation Failure) [PSYoungGen: 170080K->96K(164864K)] 171996K->2012K(339968K), 0,0005117 secs] [Times: user=0,00 sys=0,00, real=0,00 secs] 
91,676: [GC (Allocation Failure) [PSYoungGen: 164448K->96K(159232K)] 166364K->2012K(334336K), 0,0005416 secs] [Times: user=0,00 sys=0,00, real=0,00 secs] 
91,730: [GC (Allocation Failure) [PSYoungGen: 158815K->96K(154112K)] 160732K->2012K(329216K), 0,0005170 secs] [Times: user=0,01 sys=0,00, real=0,00 secs] 
91,782: [GC (Allocation Failure) [PSYoungGen: 153696K->96K(148992K)] 155612K->2012K(324096K), 0,0005165 secs] [Times: user=0,00 sys=0,00, real=0,00 secs] 
91,832: [GC (Allocation Failure) [PSYoungGen: 148576K->96K(143872K)] 150492K->2012K(318976K), 0,0004926 secs] [Times: user=0,00 sys=0,00, real=0,00 secs] 
91,881: [GC (Allocation Failure) [PSYoungGen: 143456K->96K(139264K)] 145372K->2012K(314368K), 0,0004918 secs] [Times: user=0,00 sys=0,00, real=0,00 secs] 
91,928: [GC (Allocation Failure) [PSYoungGen: 138848K->96K(134656K)] 140764K->2012K(309760K), 0,0004843 secs] [Times: user=0,00 sys=0,00, real=0,01 secs] 
91,973: [GC (Allocation Failure) [PSYoungGen: 134240K->96K(130560K)] 136156K->2012K(305664K), 0,0004980 secs] [Times: user=0,00 sys=0,00, real=0,00 secs] 
92,018: [GC (Allocation Failure) [PSYoungGen: 130144K->64K(126464K)] 132060K->1980K(301568K), 0,0004738 secs] [Times: user=0,01 sys=0,00, real=0,01 secs] 
92,060: [GC (Allocation Failure) [PSYoungGen: 126016K->96K(122368K)] 127932K->2012K(297472K), 0,0005110 secs] [Times: user=0,00 sys=0,00, real=0,00 secs] 
92,102: [GC (Allocation Failure) [PSYoungGen: 121952K->64K(146944K)] 123868K->1980K(322048K), 0,0004900 secs] [Times: user=0,00 sys=0,00, real=0,00 secs] 
92,152: [GC (Allocation Failure) [PSYoungGen: 146496K->96K(142336K)] 148412K->2012K(317440K), 0,0005115 secs] [Times: user=0,00 sys=0,00, real=0,00 secs] 
92,200: [GC (Allocation Failure) [PSYoungGen: 141920K->64K(171008K)] 143836K->1980K(346112K), 0,0005626 secs] [Times: user=0,00 sys=0,00, real=0,00 secs] 
92,257: [GC (Allocation Failure) [PSYoungGen: 170560K->96K(164864K)] 172476K->2012K(339968K), 0,0004807 secs] [Times: user=0,00 sys=0,00, real=0,00 secs] 
92,313: [GC (Allocation Failure) [PSYoungGen: 164448K->96K(159232K)] 166364K->2012K(334336K), 0,0005212 secs] [Times: user=0,00 sys=0,00, real=0,00 secs] 
92,366: [GC (Allocation Failure) [PSYoungGen: 158816K->96K(154112K)] 160732K->2012K(329216K), 0,0004970 secs] [Times: user=0,00 sys=0,00, real=0,00 secs] 
92,418: [GC (Allocation Failure) [PSYoungGen: 153696K->96K(148992K)] 155612K->2012K(324096K), 0,0004953 secs] [Times: user=0,00 sys=0,00, real=0,01 secs] 
92,468: [GC (Allocation Failure) [PSYoungGen: 148576K->96K(143872K)] 150492K->2012K(318976K), 0,0004890 secs] [Times: user=0,00 sys=0,00, real=0,01 secs] 
92,516: [GC (Allocation Failure) [PSYoungGen: 143456K->64K(172544K)] 145372K->1980K(347648K), 0,0008004 secs] [Times: user=0,00 sys=0,00, real=0,00 secs] 
92,574: [GC (Allocation Failure) [PSYoungGen: 172096K->96K(166400K)] 174012K->2012K(341504K), 0,0004850 secs] [Times: user=0,00 sys=0,00, real=0,00 secs] 
92,630: [GC (Allocation Failure) [PSYoungGen: 165984K->96K(160768K)] 167900K->2012K(335872K), 0,0004907 secs] [Times: user=0,00 sys=0,00, real=0,00 secs] 
92,684: [GC (Allocation Failure) [PSYoungGen: 160352K->96K(155136K)] 162268K->2012K(330240K), 0,0005825 secs] [Times: user=0,00 sys=0,00, real=0,00 secs] 
92,736: [GC (Allocation Failure) [PSYoungGen: 154720K->64K(150016K)] 156636K->1980K(325120K), 0,0005320 secs] [Times: user=0,00 sys=0,00, real=0,00 secs] 
92,787: [GC (Allocation Failure) [PSYoungGen: 149568K->96K(144896K)] 151484K->2012K(320000K), 0,0004840 secs] [Times: user=0,00 sys=0,00, real=0,00 secs] 
92,836: [GC (Allocation Failure) [PSYoungGen: 144480K->64K(140288K)] 146396K->1980K(315392K), 0,0004771 secs] [Times: user=0,00 sys=0,00, real=0,00 secs] 
92,883: [GC (Allocation Failure) [PSYoungGen: 139840K->96K(135680K)] 141756K->2012K(310784K), 0,0005032 secs] [Times: user=0,00 sys=0,00, real=0,00 secs] 
92,929: [GC (Allocation Failure) [PSYoungGen: 135264K->64K(131584K)] 137180K->1980K(306688K), 0,0005161 secs] [Times: user=0,00 sys=0,00, real=0,00 secs] 
92,973: [GC (Allocation Failure) [PSYoungGen: 131136K->64K(127488K)] 133052K->1980K(302592K), 0,0004691 secs] [Times: user=0,00 sys=0,00, real=0,00 secs] 
93,016: [GC (Allocation Failure) [PSYoungGen: 127040K->96K(123392K)] 128956K->2012K(298496K), 0,0004875 secs] [Times: user=0,00 sys=0,00, real=0,00 secs] 
93,058: [GC (Allocation Failure) [PSYoungGen: 122976K->64K(147968K)] 124892K->1980K(323072K), 0,0006943 secs] [Times: user=0,01 sys=0,00, real=0,01 secs] 
93,108: [GC (Allocation Failure) [PSYoungGen: 147519K->64K(177664K)] 149436K->1980K(352768K), 0,0004953 secs] [Times: user=0,00 sys=0,00, real=0,01 secs] 
93,168: [GC (Allocation Failure) [PSYoungGen: 177216K->96K(213504K)] 179132K->2012K(388608K), 0,0005526 secs] [Times: user=0,01 sys=0,00, real=0,01 secs] 
93,240: [GC (Allocation Failure) [PSYoungGen: 213088K->64K(205824K)] 215004K->1980K(380928K), 0,0004799 secs] [Times: user=0,00 sys=0,00, real=0,00 secs] 
93,309: [GC (Allocation Failure) [PSYoungGen: 205376K->96K(198144K)] 207292K->2012K(373248K), 0,0005037 secs] [Times: user=0,00 sys=0,00, real=0,00 secs] 
93,375: [GC (Allocation Failure) [PSYoungGen: 197728K->96K(190976K)] 199644K->2012K(366080K), 0,0005093 secs] [Times: user=0,00 sys=0,00, real=0,00 secs] 
93,439: [GC (Allocation Failure) [PSYoungGen: 190560K->64K(184320K)] 192476K->1980K(359424K), 0,0005361 secs] [Times: user=0,00 sys=0,00, real=0,00 secs] 
93,501: [GC (Allocation Failure) [PSYoungGen: 183872K->96K(177664K)] 185788K->2012K(352768K), 0,0004888 secs] [Times: user=0,00 sys=0,00, real=0,00 secs] 
93,561: [GC (Allocation Failure) [PSYoungGen: 177248K->96K(171520K)] 179164K->2012K(346624K), 0,0004958 secs] [Times: user=0,00 sys=0,00, real=0,00 secs] 
93,619: [GC (Allocation Failure) [PSYoungGen: 171104K->96K(165376K)] 173020K->2012K(340480K), 0,0005020 secs] [Times: user=0,00 sys=0,00, real=0,00 secs] 
93,674: [GC (Allocation Failure) [PSYoungGen: 164960K->96K(159744K)] 166876K->2012K(334848K), 0,0005289 secs] [Times: user=0,01 sys=0,00, real=0,00 secs] 
93,728: [GC (Allocation Failure) [PSYoungGen: 159328K->96K(154112K)] 161244K->2012K(329216K), 0,0005068 secs] [Times: user=0,00 sys=0,00, real=0,00 secs] 
93,780: [GC (Allocation Failure) [PSYoungGen: 153696K->64K(148992K)] 155612K->1980K(324096K), 0,0005598 secs] [Times: user=0,00 sys=0,00, real=0,00 secs] 
93,831: [GC (Allocation Failure) [PSYoungGen: 148544K->64K(143872K)] 150460K->1980K(318976K), 0,0006966 secs] [Times: user=0,00 sys=0,00, real=0,00 secs] 
93,879: [GC (Allocation Failure) [PSYoungGen: 143424K->96K(139264K)] 145340K->2012K(314368K), 0,0004856 secs] [Times: user=0,00 sys=0,00, real=0,00 secs] 
93,926: [GC (Allocation Failure) [PSYoungGen: 138848K->64K(134656K)] 140764K->1980K(309760K), 0,0004796 secs] [Times: user=0,00 sys=0,00, real=0,00 secs] 
93,972: [GC (Allocation Failure) [PSYoungGen: 134208K->96K(130560K)] 136124K->2012K(305664K), 0,0004774 secs] [Times: user=0,01 sys=0,00, real=0,00 secs] 
94,016: [GC (Allocation Failure) [PSYoungGen: 130144K->96K(126464K)] 132060K->2012K(301568K), 0,0004794 secs] [Times: user=0,00 sys=0,00, real=0,00 secs] 
94,059: [GC (Allocation Failure) [PSYoungGen: 126048K->96K(122368K)] 127964K->2012K(297472K), 0,0004141 secs] [Times: user=0,00 sys=0,00, real=0,00 secs] 
94,100: [GC (Allocation Failure) [PSYoungGen: 121952K->96K(118784K)] 123868K->2012K(293888K), 0,0004793 secs] [Times: user=0,00 sys=0,00, real=0,00 secs] 
94,140: [GC (Allocation Failure) [PSYoungGen: 118368K->96K(142848K)] 120284K->2012K(317952K), 0,0004901 secs] [Times: user=0,00 sys=0,00, real=0,00 secs] 
94,188: [GC (Allocation Failure) [PSYoungGen: 142431K->64K(171520K)] 144348K->1980K(346624K), 0,0005680 secs] [Times: user=0,00 sys=0,00, real=0,00 secs] 
94,246: [GC (Allocation Failure) [PSYoungGen: 171072K->96K(165376K)] 172988K->2012K(340480K), 0,0005082 secs] [Times: user=0,00 sys=0,00, real=0,00 secs] 
94,302: [GC (Allocation Failure) [PSYoungGen: 164960K->96K(159744K)] 166876K->2012K(334848K), 0,0004886 secs] [Times: user=0,00 sys=0,00, real=0,00 secs] 
94,355: [GC (Allocation Failure) [PSYoungGen: 159328K->64K(154112K)] 161244K->1980K(329216K), 0,0004811 secs] [Times: user=0,00 sys=0,00, real=0,00 secs] 
94,407: [GC (Allocation Failure) [PSYoungGen: 153664K->96K(148992K)] 155580K->2012K(324096K), 0,0004969 secs] [Times: user=0,00 sys=0,00, real=0,00 secs] 
94,457: [GC (Allocation Failure) [PSYoungGen: 148576K->96K(143872K)] 150492K->2012K(318976K), 0,0005469 secs] [Times: user=0,00 sys=0,00, real=0,00 secs] 
94,506: [GC (Allocation Failure) [PSYoungGen: 143456K->96K(139264K)] 145372K->2012K(314368K), 0,0004813 secs] [Times: user=0,00 sys=0,00, real=0,00 secs] 
94,552: [GC (Allocation Failure) [PSYoungGen: 138848K->96K(134656K)] 140764K->2012K(309760K), 0,0005285 secs] [Times: user=0,00 sys=0,00, real=0,00 secs] 
94,598: [GC (Allocation Failure) [PSYoungGen: 134240K->96K(130560K)] 136156K->2012K(305664K), 0,0004841 secs] [Times: user=0,00 sys=0,00, real=0,01 secs] 
94,642: [GC (Allocation Failure) [PSYoungGen: 130144K->64K(126464K)] 132060K->1980K(301568K), 0,0004975 secs] [Times: user=0,00 sys=0,00, real=0,00 secs] 
94,685: [GC (Allocation Failure) [PSYoungGen: 126016K->96K(122368K)] 127932K->2012K(297472K), 0,0004991 secs] [Times: user=0,00 sys=0,00, real=0,00 secs] 
94,727: [GC (Allocation Failure) [PSYoungGen: 121952K->96K(146944K)] 123868K->2012K(322048K), 0,0004932 secs] [Times: user=0,00 sys=0,00, real=0,00 secs] 
94,776: [GC (Allocation Failure) [PSYoungGen: 146528K->96K(142336K)] 148444K->2012K(317440K), 0,0004836 secs] [Times: user=0,00 sys=0,00, real=0,00 secs] 
94,824: [GC (Allocation Failure) [PSYoungGen: 141920K->96K(137728K)] 143836K->2012K(312832K), 0,0004784 secs] [Times: user=0,00 sys=0,00, real=0,00 secs] 
94,871: [GC (Allocation Failure) [PSYoungGen: 137312K->96K(133120K)] 139228K->2012K(308224K), 0,0004865 secs] [Times: user=0,00 sys=0,00, real=0,00 secs] 
94,915: [GC (Allocation Failure) [PSYoungGen: 132704K->96K(129024K)] 134620K->2012K(304128K), 0,0004832 secs] [Times: user=0,00 sys=0,00, real=0,00 secs] 
94,959: [GC (Allocation Failure) [PSYoungGen: 128608K->96K(124928K)] 130524K->2012K(300032K), 0,0004770 secs] [Times: user=0,00 sys=0,00, real=0,00 secs] 
95,001: [GC (Allocation Failure) [PSYoungGen: 124512K->96K(150016K)] 126428K->2012K(325120K), 0,0005074 secs] [Times: user=0,00 sys=0,00, real=0,00 secs] 
95,052: [GC (Allocation Failure) [PSYoungGen: 149599K->96K(144896K)] 151516K->2012K(320000K), 0,0004869 secs] [Times: user=0,00 sys=0,00, real=0,00 secs] 
95,100: [GC (Allocation Failure) [PSYoungGen: 144480K->96K(140288K)] 146396K->2012K(315392K), 0,0004725 secs] [Times: user=0,00 sys=0,00, real=0,00 secs] 
95,148: [GC (Allocation Failure) [PSYoungGen: 139872K->64K(135680K)] 141788K->1980K(310784K), 0,0005271 secs] [Times: user=0,00 sys=0,00, real=0,01 secs] 
95,194: [GC (Allocation Failure) [PSYoungGen: 135232K->96K(131584K)] 137148K->2012K(306688K), 0,0005119 secs] [Times: user=0,00 sys=0,00, real=0,00 secs] 
95,238: [GC (Allocation Failure) [PSYoungGen: 131168K->96K(127488K)] 133084K->2012K(302592K), 0,0004976 secs] [Times: user=0,00 sys=0,00, real=0,00 secs] 
95,281: [GC (Allocation Failure) [PSYoungGen: 127072K->96K(153088K)] 128988K->2012K(328192K), 0,0005556 secs] [Times: user=0,00 sys=0,00, real=0,00 secs] 
95,333: [GC (Allocation Failure) [PSYoungGen: 152672K->96K(147968K)] 154588K->2012K(323072K), 0,0005023 secs] [Times: user=0,00 sys=0,00, real=0,00 secs] 
95,382: [GC (Allocation Failure) [PSYoungGen: 147551K->96K(143360K)] 149468K->2012K(318464K), 0,0005043 secs] [Times: user=0,00 sys=0,00, real=0,00 secs] 
95,431: [GC (Allocation Failure) [PSYoungGen: 142944K->64K(138752K)] 144860K->1980K(313856K), 0,0004796 secs] [Times: user=0,00 sys=0,01, real=0,00 secs] 
95,477: [GC (Allocation Failure) [PSYoungGen: 138304K->96K(134144K)] 140220K->2012K(309248K), 0,0004835 secs] [Times: user=0,00 sys=0,00, real=0,00 secs] 
95,522: [GC (Allocation Failure) [PSYoungGen: 133728K->96K(130048K)] 135644K->2012K(305152K), 0,0004807 secs] [Times: user=0,00 sys=0,00, real=0,00 secs] 
95,566: [GC (Allocation Failure) [PSYoungGen: 129632K->96K(125952K)] 131548K->2012K(301056K), 0,0004801 secs] [Times: user=0,00 sys=0,00, real=0,00 secs] 
95,608: [GC (Allocation Failure) [PSYoungGen: 125536K->96K(121856K)] 127452K->2012K(296960K), 0,0004722 secs] [Times: user=0,00 sys=0,00, real=0,01 secs] 
95,649: [GC (Allocation Failure) [PSYoungGen: 121440K->96K(146432K)] 123356K->2012K(321536K), 0,0004912 secs] [Times: user=0,00 sys=0,00, real=0,00 secs] 
95,698: [GC (Allocation Failure) [PSYoungGen: 146016K->96K(141824K)] 147932K->2012K(316928K), 0,0005056 secs] [Times: user=0,00 sys=0,00, real=0,00 secs] 
95,746: [GC (Allocation Failure) [PSYoungGen: 141408K->96K(137216K)] 143324K->2012K(312320K), 0,0004995 secs] [Times: user=0,01 sys=0,00, real=0,00 secs] 
95,793: [GC (Allocation Failure) [PSYoungGen: 136800K->64K(132608K)] 138716K->1980K(307712K), 0,0005071 secs] [Times: user=0,00 sys=0,00, real=0,00 secs] 
95,837: [GC (Allocation Failure) [PSYoungGen: 132160K->96K(128512K)] 134076K->2012K(303616K), 0,0005038 secs] [Times: user=0,00 sys=0,00, real=0,00 secs] 
95,881: [GC (Allocation Failure) [PSYoungGen: 128096K->64K(154112K)] 130012K->1980K(329216K), 0,0005452 secs] [Times: user=0,00 sys=0,00, real=0,00 secs] 
95,933: [GC (Allocation Failure) [PSYoungGen: 153664K->96K(184832K)] 155580K->2012K(359936K), 0,0006032 secs] [Times: user=0,00 sys=0,00, real=0,00 secs] 
95,995: [GC (Allocation Failure) [PSYoungGen: 184416K->96K(178176K)] 186332K->2012K(353280K), 0,0004956 secs] [Times: user=0,00 sys=0,00, real=0,00 secs] 
96,055: [GC (Allocation Failure) [PSYoungGen: 177760K->96K(172032K)] 179676K->2012K(347136K), 0,0004883 secs] [Times: user=0,00 sys=0,00, real=0,00 secs] 
96,113: [GC (Allocation Failure) [PSYoungGen: 171615K->96K(165888K)] 173532K->2012K(340992K), 0,0004902 secs] [Times: user=0,01 sys=0,00, real=0,00 secs] 
96,169: [GC (Allocation Failure) [PSYoungGen: 165472K->96K(160256K)] 167388K->2012K(335360K), 0,0005107 secs] [Times: user=0,00 sys=0,00, real=0,00 secs] 
96,223: [GC (Allocation Failure) [PSYoungGen: 159840K->96K(154624K)] 161756K->2012K(329728K), 0,0006372 secs] [Times: user=0,00 sys=0,00, real=0,00 secs] 
96,275: [GC (Allocation Failure) [PSYoungGen: 154208K->96K(149504K)] 156124K->2012K(324608K), 0,0004738 secs] [Times: user=0,00 sys=0,00, real=0,00 secs] 
96,325: [GC (Allocation Failure) [PSYoungGen: 149088K->64K(144384K)] 151004K->1980K(319488K), 0,0005482 secs] [Times: user=0,00 sys=0,00, real=0,00 secs] 
96,374: [GC (Allocation Failure) [PSYoungGen: 143936K->96K(139776K)] 145852K->2012K(314880K), 0,0004879 secs] [Times: user=0,00 sys=0,00, real=0,00 secs] 
96,421: [GC (Allocation Failure) [PSYoungGen: 139360K->96K(135168K)] 141276K->2012K(310272K), 0,0005049 secs] [Times: user=0,01 sys=0,00, real=0,00 secs] 
96,467: [GC (Allocation Failure) [PSYoungGen: 134752K->96K(131072K)] 136668K->2012K(306176K), 0,0004936 secs] [Times: user=0,00 sys=0,00, real=0,00 secs] 
96,511: [GC (Allocation Failure) [PSYoungGen: 130656K->96K(126976K)] 132572K->2012K(302080K), 0,0004104 secs] [Times: user=0,00 sys=0,00, real=0,00 secs] 
96,554: [GC (Allocation Failure) [PSYoungGen: 126560K->96K(122880K)] 128476K->2012K(297984K), 0,0004846 secs] [Times: user=0,00 sys=0,00, real=0,00 secs] 
96,595: [GC (Allocation Failure) [PSYoungGen: 122464K->96K(119296K)] 124380K->2012K(294400K), 0,0004744 secs] [Times: user=0,00 sys=0,00, real=0,00 secs] 
96,636: [GC (Allocation Failure) [PSYoungGen: 118880K->96K(143360K)] 120796K->2012K(318464K), 0,0004856 secs] [Times: user=0,00 sys=0,00, real=0,00 secs] 
96,685: [GC (Allocation Failure) [PSYoungGen: 142944K->96K(138752K)] 144860K->2012K(313856K), 0,0005004 secs] [Times: user=0,00 sys=0,00, real=0,00 secs] 
96,731: [GC (Allocation Failure) [PSYoungGen: 138335K->64K(166400K)] 140252K->1980K(341504K), 0,0005431 secs] [Times: user=0,00 sys=0,00, real=0,00 secs] 
96,787: [GC (Allocation Failure) [PSYoungGen: 165952K->64K(160768K)] 167868K->1980K(335872K), 0,0004881 secs] [Times: user=0,01 sys=0,00, real=0,00 secs] 
96,841: [GC (Allocation Failure) [PSYoungGen: 160320K->96K(155136K)] 162236K->2012K(330240K), 0,0005005 secs] [Times: user=0,00 sys=0,00, real=0,00 secs] 
96,893: [GC (Allocation Failure) [PSYoungGen: 154720K->96K(150016K)] 156636K->2012K(325120K), 0,0004974 secs] [Times: user=0,00 sys=0,00, real=0,00 secs] 
96,944: [GC (Allocation Failure) [PSYoungGen: 149600K->96K(144896K)] 151516K->2012K(320000K), 0,0004935 secs] [Times: user=0,00 sys=0,00, real=0,00 secs] 
96,993: [GC (Allocation Failure) [PSYoungGen: 144480K->96K(140288K)] 146396K->2012K(315392K), 0,0005090 secs] [Times: user=0,00 sys=0,00, real=0,00 secs] 
97,040: [GC (Allocation Failure) [PSYoungGen: 139872K->96K(135680K)] 141788K->2012K(310784K), 0,0004883 secs] [Times: user=0,00 sys=0,00, real=0,00 secs] 
97,086: [GC (Allocation Failure) [PSYoungGen: 135264K->96K(131584K)] 137180K->2012K(306688K), 0,0004955 secs] [Times: user=0,00 sys=0,00, real=0,00 secs] 
97,130: [GC (Allocation Failure) [PSYoungGen: 131168K->96K(127488K)] 133084K->2012K(302592K), 0,0004762 secs] [Times: user=0,00 sys=0,00, real=0,00 secs] 
97,174: [GC (Allocation Failure) [PSYoungGen: 127072K->96K(123392K)] 128988K->2012K(298496K), 0,0004964 secs] [Times: user=0,01 sys=0,00, real=0,00 secs] 
97,215: [GC (Allocation Failure) [PSYoungGen: 122976K->64K(147968K)] 124892K->1980K(323072K), 0,0005031 secs] [Times: user=0,00 sys=0,00, real=0,00 secs] 
97,265: [GC (Allocation Failure) [PSYoungGen: 147520K->96K(143360K)] 149436K->2012K(318464K), 0,0004908 secs] [Times: user=0,00 sys=0,00, real=0,00 secs] 
97,313: [GC (Allocation Failure) [PSYoungGen: 142944K->96K(138752K)] 144860K->2012K(313856K), 0,0005391 secs] [Times: user=0,00 sys=0,00, real=0,00 secs] 
97,360: [GC (Allocation Failure) [PSYoungGen: 138335K->96K(134144K)] 140252K->2012K(309248K), 0,0004631 secs] [Times: user=0,00 sys=0,00, real=0,00 secs] 
97,406: [GC (Allocation Failure) [PSYoungGen: 133728K->96K(130048K)] 135644K->2012K(305152K), 0,0004934 secs] [Times: user=0,00 sys=0,00, real=0,00 secs] 
97,449: [GC (Allocation Failure) [PSYoungGen: 129632K->96K(125952K)] 131548K->2012K(301056K), 0,0004591 secs] [Times: user=0,00 sys=0,00, real=0,00 secs] 
97,492: [GC (Allocation Failure) [PSYoungGen: 125536K->96K(121856K)] 127452K->2012K(296960K), 0,0005142 secs] [Times: user=0,00 sys=0,00, real=0,00 secs] 
97,533: [GC (Allocation Failure) [PSYoungGen: 121440K->64K(146432K)] 123356K->1980K(321536K), 0,0004944 secs] [Times: user=0,00 sys=0,00, real=0,00 secs] 
97,582: [GC (Allocation Failure) [PSYoungGen: 145983K->96K(141824K)] 147900K->2012K(316928K), 0,0004904 secs] [Times: user=0,00 sys=0,00, real=0,00 secs] 
97,630: [GC (Allocation Failure) [PSYoungGen: 141408K->96K(137216K)] 143324K->2012K(312320K), 0,0004833 secs] [Times: user=0,01 sys=0,00, real=0,00 secs] 
97,677: [GC (Allocation Failure) [PSYoungGen: 136799K->96K(132608K)] 138716K->2012K(307712K), 0,0005310 secs] [Times: user=0,00 sys=0,00, real=0,00 secs] 
97,721: [GC (Allocation Failure) [PSYoungGen: 132192K->96K(128512K)] 134108K->2012K(303616K), 0,0004909 secs] [Times: user=0,00 sys=0,00, real=0,00 secs] 
97,765: [GC (Allocation Failure) [PSYoungGen: 128096K->96K(124416K)] 130012K->2012K(299520K), 0,0004794 secs] [Times: user=0,00 sys=0,00, real=0,00 secs] 
97,807: [GC (Allocation Failure) [PSYoungGen: 124000K->96K(149504K)] 125916K->2012K(324608K), 0,0004855 secs] [Times: user=0,00 sys=0,00, real=0,00 secs] 
97,857: [GC (Allocation Failure) [PSYoungGen: 149088K->96K(144384K)] 151004K->2012K(319488K), 0,0005017 secs] [Times: user=0,01 sys=0,00, real=0,00 secs] 
97,906: [GC (Allocation Failure) [PSYoungGen: 143968K->96K(139776K)] 145884K->2012K(314880K), 0,0004937 secs] [Times: user=0,00 sys=0,00, real=0,00 secs] 
97,953: [GC (Allocation Failure) [PSYoungGen: 139360K->96K(135168K)] 141276K->2012K(310272K), 0,0004773 secs] [Times: user=0,00 sys=0,00, real=0,00 secs] 
97,999: [GC (Allocation Failure) [PSYoungGen: 134752K->96K(131072K)] 136668K->2012K(306176K), 0,0005427 secs] [Times: user=0,00 sys=0,00, real=0,00 secs] 
98,043: [GC (Allocation Failure) [PSYoungGen: 130656K->96K(126976K)] 132572K->2012K(302080K), 0,0004705 secs] [Times: user=0,00 sys=0,00, real=0,00 secs] 
98,086: [GC (Allocation Failure) [PSYoungGen: 126560K->96K(152576K)] 128476K->2012K(327680K), 0,0005043 secs] [Times: user=0,01 sys=0,00, real=0,00 secs] 
98,137: [GC (Allocation Failure) [PSYoungGen: 152160K->96K(147456K)] 154076K->2012K(322560K), 0,0004851 secs] [Times: user=0,00 sys=0,01, real=0,00 secs] 
98,187: [GC (Allocation Failure) [PSYoungGen: 147040K->64K(142848K)] 148956K->1980K(317952K), 0,0004984 secs] [Times: user=0,00 sys=0,00, real=0,00 secs] 
98,235: [GC (Allocation Failure) [PSYoungGen: 142400K->96K(138240K)] 144316K->2012K(313344K), 0,0004937 secs] [Times: user=0,00 sys=0,00, real=0,00 secs] 
98,281: [GC (Allocation Failure) [PSYoungGen: 137824K->96K(133632K)] 139740K->2012K(308736K), 0,0004897 secs] [Times: user=0,00 sys=0,00, real=0,00 secs] 
98,326: [GC (Allocation Failure) [PSYoungGen: 133216K->96K(129536K)] 135132K->2012K(304640K), 0,0005050 secs] [Times: user=0,00 sys=0,00, real=0,00 secs] 
98,370: [GC (Allocation Failure) [PSYoungGen: 129120K->96K(125440K)] 131036K->2012K(300544K), 0,0004868 secs] [Times: user=0,00 sys=0,00, real=0,00 secs] 
98,412: [GC (Allocation Failure) [PSYoungGen: 125024K->96K(150528K)] 126940K->2012K(325632K), 0,0005302 secs] [Times: user=0,01 sys=0,00, real=0,00 secs] 
98,463: [GC (Allocation Failure) [PSYoungGen: 150112K->96K(145408K)] 152028K->2012K(320512K), 0,0004890 secs] [Times: user=0,00 sys=0,00, real=0,00 secs] 
98,512: [GC (Allocation Failure) [PSYoungGen: 144992K->96K(140800K)] 146908K->2012K(315904K), 0,0005011 secs] [Times: user=0,01 sys=0,00, real=0,00 secs] 
98,559: [GC (Allocation Failure) [PSYoungGen: 140384K->64K(136192K)] 142300K->1980K(311296K), 0,0004978 secs] [Times: user=0,00 sys=0,00, real=0,00 secs] 
98,605: [GC (Allocation Failure) [PSYoungGen: 135744K->96K(163328K)] 137660K->2012K(338432K), 0,0006303 secs] [Times: user=0,00 sys=0,00, real=0,00 secs] 
98,660: [GC (Allocation Failure) [PSYoungGen: 162912K->96K(157696K)] 164828K->2012K(332800K), 0,0004930 secs] [Times: user=0,00 sys=0,00, real=0,00 secs] 
98,713: [GC (Allocation Failure) [PSYoungGen: 157280K->96K(152576K)] 159196K->2012K(327680K), 0,0005031 secs] [Times: user=0,00 sys=0,00, real=0,00 secs] 
98,764: [GC (Allocation Failure) [PSYoungGen: 152160K->96K(147456K)] 154076K->2012K(322560K), 0,0005022 secs] [Times: user=0,00 sys=0,00, real=0,00 secs] 
98,813: [GC (Allocation Failure) [PSYoungGen: 147040K->96K(142848K)] 148956K->2012K(317952K), 0,0004811 secs] [Times: user=0,00 sys=0,00, real=0,00 secs] 
98,861: [GC (Allocation Failure) [PSYoungGen: 142432K->96K(138240K)] 144348K->2012K(313344K), 0,0005017 secs] [Times: user=0,00 sys=0,00, real=0,00 secs] 
98,908: [GC (Allocation Failure) [PSYoungGen: 137824K->96K(133632K)] 139740K->2012K(308736K), 0,0004910 secs] [Times: user=0,01 sys=0,00, real=0,01 secs] 
98,953: [GC (Allocation Failure) [PSYoungGen: 133216K->96K(129536K)] 135132K->2012K(304640K), 0,0004860 secs] [Times: user=0,00 sys=0,00, real=0,00 secs] 
98,996: [GC (Allocation Failure) [PSYoungGen: 129120K->96K(125440K)] 131036K->2012K(300544K), 0,0004840 secs] [Times: user=0,00 sys=0,00, real=0,00 secs] 
99,038: [GC (Allocation Failure) [PSYoungGen: 125024K->96K(150528K)] 126940K->2012K(325632K), 0,0005428 secs] [Times: user=0,00 sys=0,00, real=0,00 secs] 
99,089: [GC (Allocation Failure) [PSYoungGen: 150112K->96K(145408K)] 152028K->2012K(320512K), 0,0004825 secs] [Times: user=0,00 sys=0,00, real=0,00 secs] 
99,138: [GC (Allocation Failure) [PSYoungGen: 144992K->96K(140800K)] 146908K->2012K(315904K), 0,0004779 secs] [Times: user=0,00 sys=0,00, real=0,01 secs] 
99,185: [GC (Allocation Failure) [PSYoungGen: 140384K->96K(136192K)] 142300K->2012K(311296K), 0,0004995 secs] [Times: user=0,01 sys=0,00, real=0,00 secs] 
99,231: [GC (Allocation Failure) [PSYoungGen: 135776K->96K(132096K)] 137692K->2012K(307200K), 0,0004782 secs] [Times: user=0,00 sys=0,00, real=0,00 secs] 
99,276: [GC (Allocation Failure) [PSYoungGen: 131680K->96K(158720K)] 133596K->2012K(333824K), 0,0007270 secs] [Times: user=0,00 sys=0,00, real=0,00 secs] 
99,329: [GC (Allocation Failure) [PSYoungGen: 158303K->96K(190464K)] 160220K->2012K(365568K), 0,0004901 secs] [Times: user=0,00 sys=0,00, real=0,00 secs] 
99,393: [GC (Allocation Failure) [PSYoungGen: 190048K->96K(183808K)] 191964K->2012K(358912K), 0,0004892 secs] [Times: user=0,01 sys=0,00, real=0,00 secs] 
99,455: [GC (Allocation Failure) [PSYoungGen: 183392K->96K(177152K)] 185308K->2012K(352256K), 0,0005078 secs] [Times: user=0,00 sys=0,00, real=0,00 secs] 
99,514: [GC (Allocation Failure) [PSYoungGen: 176735K->96K(171008K)] 178652K->2012K(346112K), 0,0004980 secs] [Times: user=0,00 sys=0,00, real=0,00 secs] 
99,572: [GC (Allocation Failure) [PSYoungGen: 170592K->96K(164864K)] 172508K->2012K(339968K), 0,0004834 secs] [Times: user=0,01 sys=0,00, real=0,00 secs] 
99,627: [GC (Allocation Failure) [PSYoungGen: 164448K->64K(159232K)] 166364K->1980K(334336K), 0,0005142 secs] [Times: user=0,00 sys=0,00, real=0,00 secs] 
99,681: [GC (Allocation Failure) [PSYoungGen: 158784K->96K(154112K)] 160700K->2012K(329216K), 0,0004985 secs] [Times: user=0,01 sys=0,00, real=0,00 secs] 
99,733: [GC (Allocation Failure) [PSYoungGen: 153696K->96K(148992K)] 155612K->2012K(324096K), 0,0005048 secs] [Times: user=0,00 sys=0,00, real=0,00 secs] 
99,783: [GC (Allocation Failure) [PSYoungGen: 148576K->96K(143872K)] 150492K->2012K(318976K), 0,0004977 secs] [Times: user=0,00 sys=0,00, real=0,00 secs] 
99,831: [GC (Allocation Failure) [PSYoungGen: 143456K->64K(139264K)] 145372K->1980K(314368K), 0,0004974 secs] [Times: user=0,00 sys=0,00, real=0,00 secs] 
99,878: [GC (Allocation Failure) [PSYoungGen: 138816K->96K(134656K)] 140732K->2012K(309760K), 0,0004852 secs] [Times: user=0,00 sys=0,00, real=0,00 secs] 
99,924: [GC (Allocation Failure) [PSYoungGen: 134240K->96K(130560K)] 136156K->2012K(305664K), 0,0005138 secs] [Times: user=0,00 sys=0,00, real=0,00 secs] 
99,968: [GC (Allocation Failure) [PSYoungGen: 130144K->64K(126464K)] 132060K->1980K(301568K), 0,0004776 secs] [Times: user=0,00 sys=0,00, real=0,01 secs] 
100,010: [GC (Allocation Failure) [PSYoungGen: 126016K->96K(122368K)] 127932K->2012K(297472K), 0,0004937 secs] [Times: user=0,00 sys=0,00, real=0,00 secs] 
100,051: [GC (Allocation Failure) [PSYoungGen: 121952K->64K(146944K)] 123868K->1980K(322048K), 0,0005075 secs] [Times: user=0,00 sys=0,00, real=0,00 secs] 
100,101: [GC (Allocation Failure) [PSYoungGen: 146496K->96K(142336K)] 148412K->2012K(317440K), 0,0004876 secs] [Times: user=0,00 sys=0,00, real=0,00 secs] 
100,149: [GC (Allocation Failure) [PSYoungGen: 141920K->96K(137728K)] 143836K->2012K(312832K), 0,0004901 secs] [Times: user=0,00 sys=0,00, real=0,00 secs] 
100,196: [GC (Allocation Failure) [PSYoungGen: 137312K->96K(133120K)] 139228K->2012K(308224K), 0,0005464 secs] [Times: user=0,01 sys=0,00, real=0,00 secs] 
100,241: [GC (Allocation Failure) [PSYoungGen: 132703K->96K(129024K)] 134620K->2012K(304128K), 0,0005035 secs] [Times: user=0,00 sys=0,00, real=0,00 secs] 
Heap
 PSYoungGen      total 129024K, used 121528K [0x000000076ab00000, 0x00000007bb780000, 0x00000007c0000000)
  eden space 128512K, 94% used [0x000000076ab00000,0x00000007721963d8,0x0000000772880000)
  from space 512K, 18% used [0x00000007bb680000,0x00000007bb698000,0x00000007bb700000)
  to   space 512K, 0% used [0x00000007bb700000,0x00000007bb700000,0x00000007bb780000)
 ParOldGen       total 175104K, used 1916K [0x00000006c0000000, 0x00000006cab00000, 0x000000076ab00000)
  object space 175104K, 1% used [0x00000006c0000000,0x00000006c01df0b0,0x00000006cab00000)
 Metaspace       used 8727K, capacity 9028K, committed 9344K, reserved 1056768K
  class space    used 970K, capacity 1076K, committed 1152K, reserved 1048576K
