OpenJDK 64-Bit Server VM (25.202-b05) for bsd-amd64 JRE (Zulu 8.36.0.1-CA-macosx) (1.8.0_202-b05), built on Jan 29 2019 06:07:09 by "zulu_re" with gcc 4.2.1 (Based on Apple Inc. build 5658) (LLVM build 2336.11.00)
Memory: 4k page, physical 16777216k(3670072k free)

/proc/meminfo:

CommandLine flags: -XX:InitialHeapSize=268435456 -XX:MaxHeapSize=4294967296 -XX:+PrintGC -XX:+PrintGCDetails -XX:+PrintGCTimeStamps -XX:+UseCompressedClassPointers -XX:+UseCompressedOops -XX:+UseParallelGC 
Heap
 PSYoungGen      total 76288K, used 35657K [0x000000076ab00000, 0x0000000770000000, 0x00000007c0000000)
  eden space 65536K, 54% used [0x000000076ab00000,0x000000076cdd24a0,0x000000076eb00000)
  from space 10752K, 0% used [0x000000076f580000,0x000000076f580000,0x0000000770000000)
  to   space 10752K, 0% used [0x000000076eb00000,0x000000076eb00000,0x000000076f580000)
 ParOldGen       total 175104K, used 0K [0x00000006c0000000, 0x00000006cab00000, 0x000000076ab00000)
  object space 175104K, 0% used [0x00000006c0000000,0x00000006c0000000,0x00000006cab00000)
 Metaspace       used 7663K, capacity 8005K, committed 8192K, reserved 1056768K
  class space    used 852K, capacity 948K, committed 1024K, reserved 1048576K
895: [GC (Allocation Failure) [PSYoungGen: 132640K->1568K(141824K)] 132664K->1592K(316928K), 0,0017784 secs] [Times: user=0,00 sys=0,00, real=0,00 secs] 
1,000: [GC (Allocation Failure) [PSYoungGen: 132640K->1584K(266240K)] 132664K->1608K(441344K), 0,0015356 secs] [Times: user=0,01 sys=0,00, real=0,00 secs] 
1,257: [GC (Allocation Failure) [PSYoungGen: 263728K->128K(266240K)] 263752K->1668K(441344K), 0,0017710 secs] [Times: user=0,00 sys=0,01, real=0,00 secs] 
1,464: [GC (Allocation Failure) [PSYoungGen: 262272K->96K(528384K)] 263812K->1636K(703488K), 0,0005157 secs] [Times: user=0,00 sys=0,00, real=0,00 secs] 
1,976: [GC (Allocation Failure) [PSYoungGen: 524384K->96K(501760K)] 525924K->1636K(676864K), 0,0005453 secs] [Times: user=0,00 sys=0,00, real=0,00 secs] 
2,368: [GC (Allocation Failure) [PSYoungGen: 501344K->64K(479744K)] 502884K->1612K(654848K), 0,0005290 secs] [Times: user=0,01 sys=0,00, real=0,00 secs] 
2,739: [GC (Allocation Failure) [PSYoungGen: 479296K->96K(462336K)] 480844K->1652K(637440K), 0,0005270 secs] [Times: user=0,00 sys=0,00, real=0,00 secs] 
3,097: [GC (Allocation Failure) [PSYoungGen: 458336K->96K(438784K)] 459892K->1652K(613888K), 0,0006553 secs] [Times: user=0,00 sys=0,00, real=0,00 secs] 
3,438: [GC (Allocation Failure) [PSYoungGen: 438368K->96K(423424K)] 439924K->1652K(598528K), 0,0005107 secs] [Times: user=0,01 sys=0,00, real=0,00 secs] 
3,763: [GC (Allocation Failure) [PSYoungGen: 419424K->96K(401920K)] 420980K->1660K(577024K), 0,0005968 secs] [Times: user=0,00 sys=0,00, real=0,00 secs] 
4,075: [GC (Allocation Failure) [PSYoungGen: 401504K->96K(388096K)] 403068K->1660K(563200K), 0,0005042 secs] [Times: user=0,00 sys=0,00, real=0,00 secs] 
4,375: [GC (Allocation Failure) [PSYoungGen: 384608K->64K(368640K)] 386172K->1628K(543744K), 0,0005994 secs] [Times: user=0,00 sys=0,00, real=0,00 secs] 
4,661: [GC (Allocation Failure) [PSYoungGen: 368192K->64K(356352K)] 369756K->1628K(531456K), 0,0005494 secs] [Times: user=0,00 sys=0,00, real=0,00 secs] 
4,934: [GC (Allocation Failure) [PSYoungGen: 352832K->96K(338432K)] 354396K->1660K(513536K), 0,0006310 secs] [Times: user=0,00 sys=0,00, real=0,00 secs] 
5,197: [GC (Allocation Failure) [PSYoungGen: 338016K->96K(327168K)] 339580K->1660K(502272K), 0,0005533 secs] [Times: user=0,01 sys=0,00, real=0,00 secs] 
5,450: [GC (Allocation Failure) [PSYoungGen: 324192K->64K(311296K)] 325756K->1636K(486400K), 0,0011003 secs] [Times: user=0,00 sys=0,00, real=0,00 secs] 
5,693: [GC (Allocation Failure) [PSYoungGen: 310848K->96K(301056K)] 312420K->1668K(476160K), 0,0005057 secs] [Times: user=0,00 sys=0,00, real=0,00 secs] 
5,926: [GC (Allocation Failure) [PSYoungGen: 298080K->64K(286720K)] 299652K->1636K(461824K), 0,0005787 secs] [Times: user=0,00 sys=0,00, real=0,00 secs] 
6,153: [GC (Allocation Failure) [PSYoungGen: 286272K->96K(277504K)] 287844K->1668K(452608K), 0,0005071 secs] [Times: user=0,00 sys=0,00, real=0,00 secs] 
6,367: [GC (Allocation Failure) [PSYoungGen: 275040K->96K(264704K)] 276612K->1668K(439808K), 0,0005726 secs] [Times: user=0,00 sys=0,00, real=0,00 secs] 
6,572: [GC (Allocation Failure) [PSYoungGen: 264288K->96K(256000K)] 265860K->1668K(431104K), 0,0005506 secs] [Times: user=0,00 sys=0,00, real=0,00 secs] 
6,769: [GC (Allocation Failure) [PSYoungGen: 254048K->96K(244736K)] 255620K->1668K(419840K), 0,0005491 secs] [Times: user=0,00 sys=0,01, real=0,01 secs] 
6,958: [GC (Allocation Failure) [PSYoungGen: 244320K->96K(237056K)] 245892K->1668K(412160K), 0,0004980 secs] [Times: user=0,01 sys=0,00, real=0,00 secs] 
7,141: [GC (Allocation Failure) [PSYoungGen: 235104K->96K(226816K)] 236676K->1668K(401920K), 0,0005494 secs] [Times: user=0,00 sys=0,00, real=0,00 secs] 
7,319: [GC (Allocation Failure) [PSYoungGen: 226400K->96K(219648K)] 227972K->1668K(394752K), 0,0009443 secs] [Times: user=0,00 sys=0,00, real=0,00 secs] 
7,489: [GC (Allocation Failure) [PSYoungGen: 217696K->96K(209920K)] 219268K->1668K(385024K), 0,0028406 secs] [Times: user=0,00 sys=0,00, real=0,01 secs] 
7,657: [GC (Allocation Failure) [PSYoungGen: 209504K->64K(203264K)] 211076K->1636K(378368K), 0,0004814 secs] [Times: user=0,00 sys=0,00, real=0,00 secs] 
7,814: [GC (Allocation Failure) [PSYoungGen: 201792K->96K(195072K)] 203364K->1668K(370176K), 0,0005462 secs] [Times: user=0,00 sys=0,00, real=0,00 secs] 
7,965: [GC (Allocation Failure) [PSYoungGen: 194656K->96K(188928K)] 196228K->1668K(364032K), 0,0005121 secs] [Times: user=0,00 sys=0,00, real=0,00 secs] 
8,110: [GC (Allocation Failure) [PSYoungGen: 187488K->96K(181248K)] 189060K->1668K(356352K), 0,0005455 secs] [Times: user=0,00 sys=0,00, real=0,00 secs] 
8,251: [GC (Allocation Failure) [PSYoungGen: 180832K->96K(176128K)] 182404K->1668K(351232K), 0,0005031 secs] [Times: user=0,00 sys=0,00, real=0,00 secs] 
8,387: [GC (Allocation Failure) [PSYoungGen: 174688K->96K(168960K)] 176260K->1668K(344064K), 0,0005468 secs] [Times: user=0,01 sys=0,00, real=0,00 secs] 
8,518: [GC (Allocation Failure) [PSYoungGen: 168544K->96K(163840K)] 170116K->1676K(338944K), 0,0005059 secs] [Times: user=0,00 sys=0,00, real=0,01 secs] 
8,645: [GC (Allocation Failure) [PSYoungGen: 162912K->96K(157696K)] 164492K->1676K(332800K), 0,0005299 secs] [Times: user=0,00 sys=0,00, real=0,00 secs] 
8,767: [GC (Allocation Failure) [PSYoungGen: 157280K->96K(153088K)] 158860K->1676K(328192K), 0,0005635 secs] [Times: user=0,00 sys=0,00, real=0,00 secs] 
8,886: [GC (Allocation Failure) [PSYoungGen: 152160K->64K(147456K)] 153740K->1644K(322560K), 0,0005714 secs] [Times: user=0,01 sys=0,00, real=0,00 secs] 
9,000: [GC (Allocation Failure) [PSYoungGen: 147008K->96K(143360K)] 148588K->1676K(318464K), 0,0005093 secs] [Times: user=0,00 sys=0,00, real=0,00 secs] 
9,111: [GC (Allocation Failure) [PSYoungGen: 142432K->64K(138240K)] 144012K->1644K(313344K), 0,0005635 secs] [Times: user=0,00 sys=0,00, real=0,00 secs] 
9,218: [GC (Allocation Failure) [PSYoungGen: 137792K->64K(134144K)] 139372K->1644K(309248K), 0,0005475 secs] [Times: user=0,00 sys=0,00, real=0,00 secs] 
9,322: [GC (Allocation Failure) [PSYoungGen: 133184K->64K(129536K)] 134764K->1644K(304640K), 0,0005528 secs] [Times: user=0,00 sys=0,00, real=0,00 secs] 
9,422: [GC (Allocation Failure) [PSYoungGen: 129088K->96K(125952K)] 130668K->1676K(301056K), 0,0005342 secs] [Times: user=0,00 sys=0,00, real=0,00 secs] 
9,519: [GC (Allocation Failure) [PSYoungGen: 125024K->96K(121344K)] 126604K->1676K(296448K), 0,0004937 secs] [Times: user=0,00 sys=0,00, real=0,00 secs] 
9,613: [GC (Allocation Failure) [PSYoungGen: 120928K->64K(117760K)] 122508K->1644K(292864K), 0,0005526 secs] [Times: user=0,00 sys=0,00, real=0,00 secs] 
9,704: [GC (Allocation Failure) [PSYoungGen: 117312K->96K(114176K)] 118892K->1676K(289280K), 0,0005031 secs] [Times: user=0,00 sys=0,00, real=0,00 secs] 
9,792: [GC (Allocation Failure) [PSYoungGen: 113760K->96K(110592K)] 115340K->1676K(285696K), 0,0005766 secs] [Times: user=0,01 sys=0,00, real=0,00 secs] 
9,878: [GC (Allocation Failure) [PSYoungGen: 110176K->64K(107520K)] 111756K->1644K(282624K), 0,0005420 secs] [Times: user=0,00 sys=0,00, real=0,01 secs] 
9,962: [GC (Allocation Failure) [PSYoungGen: 107072K->96K(104448K)] 108652K->1676K(279552K), 0,0004915 secs] [Times: user=0,01 sys=0,00, real=0,00 secs] 
10,043: [GC (Allocation Failure) [PSYoungGen: 104032K->64K(101376K)] 105612K->1644K(276480K), 0,0004808 secs] [Times: user=0,00 sys=0,00, real=0,00 secs] 
10,122: [GC (Allocation Failure) [PSYoungGen: 100928K->96K(98816K)] 102508K->1676K(273920K), 0,0004884 secs] [Times: user=0,01 sys=0,00, real=0,00 secs] 
10,199: [GC (Allocation Failure) [PSYoungGen: 98400K->96K(96256K)] 99980K->1676K(271360K), 0,0004835 secs] [Times: user=0,00 sys=0,00, real=0,01 secs] 
10,294: [GC (Allocation Failure) [PSYoungGen: 95840K->160K(93696K)] 97420K->1740K(268800K), 0,0004770 secs] [Times: user=0,00 sys=0,00, real=0,00 secs] 
10,366: [GC (Allocation Failure) [PSYoungGen: 93344K->96K(91136K)] 94924K->1740K(266240K), 0,0004836 secs] [Times: user=0,00 sys=0,00, real=0,00 secs] 
10,438: [GC (Allocation Failure) [PSYoungGen: 90720K->96K(88576K)] 92364K->1748K(263680K), 0,0004973 secs] [Times: user=0,00 sys=0,00, real=0,00 secs] 
10,506: [GC (Allocation Failure) [PSYoungGen: 88160K->96K(86528K)] 89812K->1748K(261632K), 0,0004880 secs] [Times: user=0,00 sys=0,00, real=0,00 secs] 
10,574: [GC (Allocation Failure) [PSYoungGen: 86112K->64K(84480K)] 87764K->1716K(259584K), 0,0004978 secs] [Times: user=0,00 sys=0,00, real=0,00 secs] 
10,640: [GC (Allocation Failure) [PSYoungGen: 84032K->96K(82432K)] 85684K->1748K(257536K), 0,0005632 secs] [Times: user=0,00 sys=0,00, real=0,00 secs] 
10,704: [GC (Allocation Failure) [PSYoungGen: 82016K->64K(80384K)] 83668K->1716K(255488K), 0,0004944 secs] [Times: user=0,00 sys=0,00, real=0,00 secs] 
10,767: [GC (Allocation Failure) [PSYoungGen: 79936K->96K(78336K)] 81588K->1748K(253440K), 0,0004893 secs] [Times: user=0,00 sys=0,00, real=0,00 secs] 
10,828: [GC (Allocation Failure) [PSYoungGen: 77920K->96K(76288K)] 79572K->1748K(251392K), 0,0004801 secs] [Times: user=0,00 sys=0,00, real=0,00 secs] 
10,887: [GC (Allocation Failure) [PSYoungGen: 75872K->96K(74752K)] 77524K->1748K(249856K), 0,0005097 secs] [Times: user=0,00 sys=0,00, real=0,00 secs] 
10,946: [GC (Allocation Failure) [PSYoungGen: 74336K->96K(73216K)] 75988K->1748K(248320K), 0,0004692 secs] [Times: user=0,00 sys=0,00, real=0,00 secs] 
11,003: [GC (Allocation Failure) [PSYoungGen: 72800K->64K(71680K)] 74452K->1716K(246784K), 0,0004933 secs] [Times: user=0,00 sys=0,00, real=0,00 secs] 
11,059: [GC (Allocation Failure) [PSYoungGen: 71232K->96K(70144K)] 72884K->1748K(245248K), 0,0005067 secs] [Times: user=0,00 sys=0,00, real=0,01 secs] 
11,113: [GC (Allocation Failure) [PSYoungGen: 69728K->96K(68608K)] 71380K->1748K(243712K), 0,0004963 secs] [Times: user=0,01 sys=0,00, real=0,00 secs] 
11,167: [GC (Allocation Failure) [PSYoungGen: 68192K->96K(67072K)] 69844K->1748K(242176K), 0,0009056 secs] [Times: user=0,00 sys=0,00, real=0,00 secs] 
11,220: [GC (Allocation Failure) [PSYoungGen: 66656K->96K(65536K)] 68308K->1748K(240640K), 0,0004879 secs] [Times: user=0,00 sys=0,00, real=0,00 secs] 
11,271: [GC (Allocation Failure) [PSYoungGen: 65120K->32K(78848K)] 66772K->1684K(253952K), 0,0009771 secs] [Times: user=0,01 sys=0,00, real=0,00 secs] 
11,334: [GC (Allocation Failure) [PSYoungGen: 78368K->64K(94720K)] 80020K->1716K(269824K), 0,0009350 secs] [Times: user=0,00 sys=0,00, real=0,00 secs] 
11,408: [GC (Allocation Failure) [PSYoungGen: 94272K->96K(113664K)] 95924K->1748K(288768K), 0,0005210 secs] [Times: user=0,00 sys=0,00, real=0,00 secs] 
11,497: [GC (Allocation Failure) [PSYoungGen: 113248K->96K(110592K)] 114900K->1748K(285696K), 0,0005035 secs] [Times: user=0,00 sys=0,00, real=0,00 secs] 
11,583: [GC (Allocation Failure) [PSYoungGen: 110176K->96K(107520K)] 111828K->1748K(282624K), 0,0005538 secs] [Times: user=0,00 sys=0,00, real=0,00 secs] 
11,667: [GC (Allocation Failure) [PSYoungGen: 107104K->64K(104448K)] 108756K->1716K(279552K), 0,0005582 secs] [Times: user=0,00 sys=0,00, real=0,00 secs] 
11,749: [GC (Allocation Failure) [PSYoungGen: 104000K->64K(101376K)] 105652K->1716K(276480K), 0,0005116 secs] [Times: user=0,01 sys=0,00, real=0,00 secs] 
11,828: [GC (Allocation Failure) [PSYoungGen: 100928K->96K(98816K)] 102580K->1748K(273920K), 0,0005092 secs] [Times: user=0,01 sys=0,00, real=0,00 secs] 
11,907: [GC (Allocation Failure) [PSYoungGen: 98400K->96K(96256K)] 100052K->1748K(271360K), 0,0004975 secs] [Times: user=0,00 sys=0,00, real=0,00 secs] 
11,982: [GC (Allocation Failure) [PSYoungGen: 95840K->64K(93696K)] 97492K->1716K(268800K), 0,0004846 secs] [Times: user=0,00 sys=0,00, real=0,00 secs] 
12,054: [GC (Allocation Failure) [PSYoungGen: 93248K->96K(91136K)] 94900K->1748K(266240K), 0,0004942 secs] [Times: user=0,00 sys=0,00, real=0,00 secs] 
12,126: [GC (Allocation Failure) [PSYoungGen: 90720K->64K(88576K)] 92372K->1716K(263680K), 0,0007970 secs] [Times: user=0,01 sys=0,00, real=0,00 secs] 
12,195: [GC (Allocation Failure) [PSYoungGen: 88128K->96K(86528K)] 89780K->1748K(261632K), 0,0004986 secs] [Times: user=0,00 sys=0,00, real=0,00 secs] 
12,262: [GC (Allocation Failure) [PSYoungGen: 86112K->64K(84480K)] 87764K->1716K(259584K), 0,0004931 secs] [Times: user=0,00 sys=0,00, real=0,00 secs] 
12,331: [GC (Allocation Failure) [PSYoungGen: 84032K->96K(82432K)] 85684K->1748K(257536K), 0,0004956 secs] [Times: user=0,00 sys=0,00, real=0,00 secs] 
12,398: [GC (Allocation Failure) [PSYoungGen: 82016K->64K(80384K)] 83668K->1716K(255488K), 0,0004897 secs] [Times: user=0,00 sys=0,00, real=0,00 secs] 
12,462: [GC (Allocation Failure) [PSYoungGen: 79936K->64K(78336K)] 81588K->1716K(253440K), 0,0009994 secs] [Times: user=0,00 sys=0,00, real=0,00 secs] 
12,524: [GC (Allocation Failure) [PSYoungGen: 77888K->96K(76288K)] 79540K->1748K(251392K), 0,0004980 secs] [Times: user=0,01 sys=0,00, real=0,00 secs] 
12,583: [GC (Allocation Failure) [PSYoungGen: 75872K->96K(74752K)] 77524K->1748K(249856K), 0,0004923 secs] [Times: user=0,01 sys=0,00, real=0,00 secs] 
12,645: [GC (Allocation Failure) [PSYoungGen: 74336K->32K(73216K)] 75988K->1684K(248320K), 0,0010049 secs] [Times: user=0,00 sys=0,00, real=0,00 secs] 
12,703: [GC (Allocation Failure) [PSYoungGen: 72736K->64K(71680K)] 74388K->1716K(246784K), 0,0004982 secs] [Times: user=0,00 sys=0,00, real=0,00 secs] 
12,759: [GC (Allocation Failure) [PSYoungGen: 71232K->64K(70144K)] 72884K->1716K(245248K), 0,0004846 secs] [Times: user=0,00 sys=0,00, real=0,00 secs] 
12,814: [GC (Allocation Failure) [PSYoungGen: 69696K->64K(68608K)] 71348K->1716K(243712K), 0,0005141 secs] [Times: user=0,00 sys=0,00, real=0,00 secs] 
12,867: [GC (Allocation Failure) [PSYoungGen: 68160K->96K(67072K)] 69812K->1748K(242176K), 0,0005007 secs] [Times: user=0,00 sys=0,00, real=0,00 secs] 
12,919: [GC (Allocation Failure) [PSYoungGen: 66656K->96K(65536K)] 68308K->1748K(240640K), 0,0005357 secs] [Times: user=0,00 sys=0,00, real=0,00 secs] 
12,971: [GC (Allocation Failure) [PSYoungGen: 65120K->96K(64000K)] 66772K->1748K(239104K), 0,0004906 secs] [Times: user=0,01 sys=0,00, real=0,00 secs] 
13,020: [GC (Allocation Failure) [PSYoungGen: 63584K->96K(62464K)] 65236K->1748K(237568K), 0,0004906 secs] [Times: user=0,01 sys=0,00, real=0,00 secs] 
13,069: [GC (Allocation Failure) [PSYoungGen: 62048K->96K(61440K)] 63700K->1748K(236544K), 0,0004652 secs] [Times: user=0,00 sys=0,00, real=0,01 secs] 
13,117: [GC (Allocation Failure) [PSYoungGen: 61024K->96K(60416K)] 62676K->1748K(235520K), 0,0004364 secs] [Times: user=0,00 sys=0,00, real=0,00 secs] 
13,164: [GC (Allocation Failure) [PSYoungGen: 60000K->64K(59392K)] 61652K->1716K(234496K), 0,0004688 secs] [Times: user=0,00 sys=0,00, real=0,00 secs] 
13,210: [GC (Allocation Failure) [PSYoungGen: 58944K->64K(58368K)] 60596K->1716K(233472K), 0,0004844 secs] [Times: user=0,00 sys=0,00, real=0,00 secs] 
13,256: [GC (Allocation Failure) [PSYoungGen: 57920K->64K(57344K)] 59572K->1716K(232448K), 0,0004693 secs] [Times: user=0,00 sys=0,00, real=0,00 secs] 
13,300: [GC (Allocation Failure) [PSYoungGen: 56896K->96K(56320K)] 58548K->1748K(231424K), 0,0004990 secs] [Times: user=0,00 sys=0,00, real=0,00 secs] 
13,344: [GC (Allocation Failure) [PSYoungGen: 55904K->64K(55296K)] 57556K->1716K(230400K), 0,0005540 secs] [Times: user=0,00 sys=0,00, real=0,00 secs] 
13,387: [GC (Allocation Failure) [PSYoungGen: 54848K->64K(54272K)] 56500K->1716K(229376K), 0,0004431 secs] [Times: user=0,00 sys=0,00, real=0,00 secs] 
13,430: [GC (Allocation Failure) [PSYoungGen: 53824K->96K(53248K)] 55476K->1748K(228352K), 0,0004899 secs] [Times: user=0,00 sys=0,00, real=0,00 secs] 
13,471: [GC (Allocation Failure) [PSYoungGen: 52832K->128K(64000K)] 54484K->1780K(239104K), 0,0006441 secs] [Times: user=0,00 sys=0,00, real=0,00 secs] 
13,521: [GC (Allocation Failure) [PSYoungGen: 63616K->96K(76800K)] 65268K->1748K(251904K), 0,0004887 secs] [Times: user=0,00 sys=0,00, real=0,00 secs] 
13,581: [GC (Allocation Failure) [PSYoungGen: 76384K->96K(74752K)] 78036K->1748K(249856K), 0,0004832 secs] [Times: user=0,00 sys=0,01, real=0,00 secs] 
13,639: [GC (Allocation Failure) [PSYoungGen: 74336K->96K(73216K)] 75988K->1748K(248320K), 0,0005421 secs] [Times: user=0,00 sys=0,00, real=0,00 secs] 
13,696: [GC (Allocation Failure) [PSYoungGen: 72800K->64K(71680K)] 74452K->1716K(246784K), 0,0004915 secs] [Times: user=0,01 sys=0,00, real=0,00 secs] 
13,752: [GC (Allocation Failure) [PSYoungGen: 71232K->96K(70144K)] 72884K->1748K(245248K), 0,0004860 secs] [Times: user=0,00 sys=0,00, real=0,00 secs] 
13,806: [GC (Allocation Failure) [PSYoungGen: 69728K->96K(68608K)] 71380K->1748K(243712K), 0,0004929 secs] [Times: user=0,00 sys=0,00, real=0,00 secs] 
13,859: [GC (Allocation Failure) [PSYoungGen: 68192K->64K(67072K)] 69844K->1716K(242176K), 0,0005097 secs] [Times: user=0,00 sys=0,00, real=0,00 secs] 
13,912: [GC (Allocation Failure) [PSYoungGen: 66624K->96K(65536K)] 68276K->1748K(240640K), 0,0004745 secs] [Times: user=0,00 sys=0,00, real=0,00 secs] 
13,966: [GC (Allocation Failure) [PSYoungGen: 65120K->96K(78848K)] 66772K->1748K(253952K), 0,0009466 secs] [Times: user=0,00 sys=0,00, real=0,00 secs] 
14,031: [GC (Allocation Failure) [PSYoungGen: 78432K->96K(76800K)] 80084K->1748K(251904K), 0,0005799 secs] [Times: user=0,00 sys=0,00, real=0,00 secs] 
14,091: [GC (Allocation Failure) [PSYoungGen: 76384K->96K(74752K)] 78036K->1748K(249856K), 0,0004649 secs] [Times: user=0,00 sys=0,00, real=0,00 secs] 
14,150: [GC (Allocation Failure) [PSYoungGen: 74336K->64K(73216K)] 75988K->1716K(248320K), 0,0005301 secs] [Times: user=0,00 sys=0,00, real=0,00 secs] 
14,207: [GC (Allocation Failure) [PSYoungGen: 72768K->96K(71680K)] 74420K->1748K(246784K), 0,0004885 secs] [Times: user=0,00 sys=0,00, real=0,00 secs] 
14,263: [GC (Allocation Failure) [PSYoungGen: 71264K->96K(70144K)] 72916K->1748K(245248K), 0,0005535 secs] [Times: user=0,00 sys=0,00, real=0,00 secs] 
14,318: [GC (Allocation Failure) [PSYoungGen: 69728K->96K(68608K)] 71380K->1748K(243712K), 0,0005213 secs] [Times: user=0,00 sys=0,00, real=0,00 secs] 
14,371: [GC (Allocation Failure) [PSYoungGen: 68192K->96K(67072K)] 69844K->1748K(242176K), 0,0004823 secs] [Times: user=0,01 sys=0,00, real=0,00 secs] 
14,423: [GC (Allocation Failure) [PSYoungGen: 66656K->64K(65536K)] 68308K->1716K(240640K), 0,0007670 secs] [Times: user=0,00 sys=0,00, real=0,00 secs] 
14,475: [GC (Allocation Failure) [PSYoungGen: 65088K->96K(64000K)] 66740K->1748K(239104K), 0,0005110 secs] [Times: user=0,00 sys=0,00, real=0,00 secs] 
14,525: [GC (Allocation Failure) [PSYoungGen: 63584K->96K(62464K)] 65236K->1748K(237568K), 0,0004797 secs] [Times: user=0,00 sys=0,00, real=0,00 secs] 
14,573: [GC (Allocation Failure) [PSYoungGen: 62048K->64K(61440K)] 63700K->1716K(236544K), 0,0005432 secs] [Times: user=0,00 sys=0,00, real=0,00 secs] 
14,621: [GC (Allocation Failure) [PSYoungGen: 60992K->96K(60416K)] 62644K->1748K(235520K), 0,0004764 secs] [Times: user=0,00 sys=0,00, real=0,00 secs] 
14,668: [GC (Allocation Failure) [PSYoungGen: 60000K->64K(59392K)] 61652K->1716K(234496K), 0,0004623 secs] [Times: user=0,00 sys=0,00, real=0,00 secs] 
14,714: [GC (Allocation Failure) [PSYoungGen: 58944K->96K(58368K)] 60596K->1748K(233472K), 0,0004913 secs] [Times: user=0,00 sys=0,00, real=0,00 secs] 
14,759: [GC (Allocation Failure) [PSYoungGen: 57952K->96K(57344K)] 59604K->1748K(232448K), 0,0004525 secs] [Times: user=0,00 sys=0,00, real=0,00 secs] 
14,804: [GC (Allocation Failure) [PSYoungGen: 56928K->96K(56320K)] 58580K->1748K(231424K), 0,0004716 secs] [Times: user=0,00 sys=0,00, real=0,00 secs] 
14,848: [GC (Allocation Failure) [PSYoungGen: 55904K->96K(55296K)] 57556K->1748K(230400K), 0,0004021 secs] [Times: user=0,00 sys=0,00, real=0,01 secs] 
14,891: [GC (Allocation Failure) [PSYoungGen: 54880K->32K(66560K)] 56532K->1684K(241664K), 0,0007350 secs] [Times: user=0,00 sys=0,00, real=0,00 secs] 
14,943: [GC (Allocation Failure) [PSYoungGen: 66080K->64K(79872K)] 67732K->1716K(254976K), 0,0008872 secs] [Times: user=0,00 sys=0,00, real=0,00 secs] 
15,006: [GC (Allocation Failure) [PSYoungGen: 79424K->64K(95744K)] 81076K->1716K(270848K), 0,0005030 secs] [Times: user=0,01 sys=0,00, real=0,00 secs] 
15,080: [GC (Allocation Failure) [PSYoungGen: 95296K->64K(115200K)] 96948K->1716K(290304K), 0,0009399 secs] [Times: user=0,00 sys=0,00, real=0,00 secs] 
15,170: [GC (Allocation Failure) [PSYoungGen: 114752K->96K(111616K)] 116404K->1748K(286720K), 0,0005065 secs] [Times: user=0,00 sys=0,00, real=0,00 secs] 
15,257: [GC (Allocation Failure) [PSYoungGen: 111200K->64K(108544K)] 112852K->1724K(283648K), 0,0009461 secs] [Times: user=0,00 sys=0,00, real=0,00 secs] 
15,342: [GC (Allocation Failure) [PSYoungGen: 108096K->96K(105472K)] 109756K->1756K(280576K), 0,0005344 secs] [Times: user=0,00 sys=0,00, real=0,00 secs] 
15,424: [GC (Allocation Failure) [PSYoungGen: 105056K->96K(102400K)] 106716K->1756K(277504K), 0,0005561 secs] [Times: user=0,00 sys=0,00, real=0,00 secs] 
15,504: [GC (Allocation Failure) [PSYoungGen: 101984K->96K(99328K)] 103644K->1756K(274432K), 0,0004926 secs] [Times: user=0,00 sys=0,00, real=0,00 secs] 
15,581: [GC (Allocation Failure) [PSYoungGen: 98912K->64K(96768K)] 100572K->1724K(271872K), 0,0004936 secs] [Times: user=0,00 sys=0,00, real=0,00 secs] 
15,656: [GC (Allocation Failure) [PSYoungGen: 96320K->64K(94208K)] 97980K->1724K(269312K), 0,0009463 secs] [Times: user=0,00 sys=0,00, real=0,00 secs] 
15,729: [GC (Allocation Failure) [PSYoungGen: 93760K->96K(91648K)] 95420K->1756K(266752K), 0,0005015 secs] [Times: user=0,00 sys=0,00, real=0,00 secs] 
15,801: [GC (Allocation Failure) [PSYoungGen: 91232K->96K(89088K)] 92892K->1756K(264192K), 0,0005237 secs] [Times: user=0,01 sys=0,00, real=0,00 secs] 
15,870: [GC (Allocation Failure) [PSYoungGen: 88672K->96K(87040K)] 90332K->1756K(262144K), 0,0005055 secs] [Times: user=0,01 sys=0,00, real=0,00 secs] 
15,938: [GC (Allocation Failure) [PSYoungGen: 86624K->96K(84992K)] 88284K->1756K(260096K), 0,0005653 secs] [Times: user=0,00 sys=0,00, real=0,00 secs] 
16,006: [GC (Allocation Failure) [PSYoungGen: 84576K->96K(82944K)] 86236K->1756K(258048K), 0,0005538 secs] [Times: user=0,00 sys=0,00, real=0,00 secs] 
16,070: [GC (Allocation Failure) [PSYoungGen: 82528K->96K(80896K)] 84188K->1756K(256000K), 0,0005035 secs] [Times: user=0,00 sys=0,00, real=0,00 secs] 
16,134: [GC (Allocation Failure) [PSYoungGen: 80480K->96K(78848K)] 82140K->1756K(253952K), 0,0005188 secs] [Times: user=0,00 sys=0,00, real=0,00 secs] 
16,195: [GC (Allocation Failure) [PSYoungGen: 78432K->96K(76800K)] 80092K->1756K(251904K), 0,0006171 secs] [Times: user=0,00 sys=0,00, real=0,00 secs] 
16,256: [GC (Allocation Failure) [PSYoungGen: 76384K->64K(74752K)] 78044K->1724K(249856K), 0,0005042 secs] [Times: user=0,00 sys=0,00, real=0,00 secs] 
16,314: [GC (Allocation Failure) [PSYoungGen: 74304K->64K(73216K)] 75964K->1724K(248320K), 0,0004916 secs] [Times: user=0,00 sys=0,00, real=0,00 secs] 
16,371: [GC (Allocation Failure) [PSYoungGen: 72768K->96K(71680K)] 74428K->1756K(246784K), 0,0004825 secs] [Times: user=0,00 sys=0,00, real=0,00 secs] 
16,427: [GC (Allocation Failure) [PSYoungGen: 71264K->64K(70144K)] 72924K->1724K(245248K), 0,0004941 secs] [Times: user=0,01 sys=0,00, real=0,00 secs] 
16,481: [GC (Allocation Failure) [PSYoungGen: 69696K->96K(68608K)] 71356K->1756K(243712K), 0,0004657 secs] [Times: user=0,00 sys=0,01, real=0,00 secs] 
16,534: [GC (Allocation Failure) [PSYoungGen: 68191K->96K(67072K)] 69852K->1756K(242176K), 0,0005481 secs] [Times: user=0,00 sys=0,00, real=0,00 secs] 
16,587: [GC (Allocation Failure) [PSYoungGen: 66656K->96K(65536K)] 68316K->1756K(240640K), 0,0004801 secs] [Times: user=0,00 sys=0,00, real=0,00 secs] 
16,638: [GC (Allocation Failure) [PSYoungGen: 65120K->96K(64000K)] 66780K->1756K(239104K), 0,0004606 secs] [Times: user=0,00 sys=0,00, real=0,00 secs] 
16,687: [GC (Allocation Failure) [PSYoungGen: 63584K->64K(62464K)] 65244K->1724K(237568K), 0,0004603 secs] [Times: user=0,00 sys=0,00, real=0,00 secs] 
16,736: [GC (Allocation Failure) [PSYoungGen: 62016K->96K(61440K)] 63676K->1756K(236544K), 0,0004804 secs] [Times: user=0,00 sys=0,00, real=0,00 secs] 
16,784: [GC (Allocation Failure) [PSYoungGen: 61024K->64K(60416K)] 62684K->1724K(235520K), 0,0004631 secs] [Times: user=0,01 sys=0,00, real=0,00 secs] 
16,831: [GC (Allocation Failure) [PSYoungGen: 59968K->96K(59392K)] 61628K->1756K(234496K), 0,0004721 secs] [Times: user=0,00 sys=0,00, real=0,00 secs] 
16,877: [GC (Allocation Failure) [PSYoungGen: 58976K->96K(58368K)] 60636K->1756K(233472K), 0,0003725 secs] [Times: user=0,00 sys=0,00, real=0,00 secs] 
16,922: [GC (Allocation Failure) [PSYoungGen: 57952K->64K(57344K)] 59612K->1724K(232448K), 0,0004335 secs] [Times: user=0,00 sys=0,00, real=0,00 secs] 
16,967: [GC (Allocation Failure) [PSYoungGen: 56896K->64K(56320K)] 58556K->1724K(231424K), 0,0004785 secs] [Times: user=0,00 sys=0,00, real=0,00 secs] 
17,011: [GC (Allocation Failure) [PSYoungGen: 55872K->64K(55296K)] 57532K->1724K(230400K), 0,0004693 secs] [Times: user=0,00 sys=0,00, real=0,00 secs] 
17,054: [GC (Allocation Failure) [PSYoungGen: 54848K->96K(54272K)] 56508K->1756K(229376K), 0,0004810 secs] [Times: user=0,00 sys=0,00, real=0,00 secs] 
17,096: [GC (Allocation Failure) [PSYoungGen: 53855K->96K(53248K)] 55516K->1756K(228352K), 0,0003803 secs] [Times: user=0,00 sys=0,00, real=0,00 secs] 
17,137: [GC (Allocation Failure) [PSYoungGen: 52832K->64K(52224K)] 54492K->1724K(227328K), 0,0004193 secs] [Times: user=0,00 sys=0,00, real=0,00 secs] 
17,178: [GC (Allocation Failure) [PSYoungGen: 51776K->96K(51200K)] 53436K->1756K(226304K), 0,0003935 secs] [Times: user=0,00 sys=0,00, real=0,00 secs] 
17,218: [GC (Allocation Failure) [PSYoungGen: 50784K->96K(50176K)] 52444K->1756K(225280K), 0,0004171 secs] [Times: user=0,00 sys=0,00, real=0,00 secs] 
17,257: [GC (Allocation Failure) [PSYoungGen: 49760K->96K(49152K)] 51420K->1756K(224256K), 0,0003792 secs] [Times: user=0,00 sys=0,00, real=0,00 secs] 
17,295: [GC (Allocation Failure) [PSYoungGen: 48736K->32K(48128K)] 50396K->1692K(223232K), 0,0003678 secs] [Times: user=0,00 sys=0,00, real=0,00 secs] 
17,332: [GC (Allocation Failure) [PSYoungGen: 47648K->96K(47616K)] 49308K->1756K(222720K), 0,0003982 secs] [Times: user=0,00 sys=0,00, real=0,00 secs] 
17,369: [GC (Allocation Failure) [PSYoungGen: 47200K->64K(47104K)] 48860K->1724K(222208K), 0,0003712 secs] [Times: user=0,00 sys=0,00, real=0,00 secs] 
17,405: [GC (Allocation Failure) [PSYoungGen: 46656K->96K(46592K)] 48316K->1756K(221696K), 0,0003806 secs] [Times: user=0,00 sys=0,00, real=0,00 secs] 
17,442: [GC (Allocation Failure) [PSYoungGen: 46176K->96K(46080K)] 47836K->1756K(221184K), 0,0003749 secs] [Times: user=0,00 sys=0,00, real=0,00 secs] 
17,477: [GC (Allocation Failure) [PSYoungGen: 45664K->96K(45568K)] 47324K->1756K(220672K), 0,0003765 secs] [Times: user=0,00 sys=0,00, real=0,00 secs] 
17,514: [GC (Allocation Failure) [PSYoungGen: 45152K->96K(54784K)] 46812K->1756K(229888K), 0,0009291 secs] [Times: user=0,00 sys=0,00, real=0,00 secs] 
17,559: [GC (Allocation Failure) [PSYoungGen: 54368K->96K(66048K)] 56028K->1756K(241152K), 0,0005371 secs] [Times: user=0,01 sys=0,00, real=0,00 secs] 
17,610: [GC (Allocation Failure) [PSYoungGen: 65632K->96K(79360K)] 67292K->1756K(254464K), 0,0004812 secs] [Times: user=0,00 sys=0,00, real=0,00 secs] 
17,672: [GC (Allocation Failure) [PSYoungGen: 78944K->64K(95232K)] 80604K->1724K(270336K), 0,0004760 secs] [Times: user=0,00 sys=0,00, real=0,00 secs] 
17,746: [GC (Allocation Failure) [PSYoungGen: 94784K->64K(92672K)] 96444K->1724K(267776K), 0,0005238 secs] [Times: user=0,00 sys=0,00, real=0,00 secs] 
17,818: [GC (Allocation Failure) [PSYoungGen: 92223K->96K(90112K)] 93884K->1756K(265216K), 0,0004953 secs] [Times: user=0,00 sys=0,00, real=0,01 secs] 
17,888: [GC (Allocation Failure) [PSYoungGen: 89696K->96K(87552K)] 91356K->1756K(262656K), 0,0004770 secs] [Times: user=0,00 sys=0,00, real=0,01 secs] 
17,957: [GC (Allocation Failure) [PSYoungGen: 87136K->96K(85504K)] 88796K->1756K(260608K), 0,0007402 secs] [Times: user=0,00 sys=0,00, real=0,00 secs] 
18,024: [GC (Allocation Failure) [PSYoungGen: 85088K->96K(83456K)] 86748K->1756K(258560K), 0,0004882 secs] [Times: user=0,00 sys=0,00, real=0,00 secs] 
18,089: [GC (Allocation Failure) [PSYoungGen: 83040K->64K(81408K)] 84700K->1724K(256512K), 0,0005029 secs] [Times: user=0,00 sys=0,00, real=0,00 secs] 
18,152: [GC (Allocation Failure) [PSYoungGen: 80960K->96K(79360K)] 82620K->1756K(254464K), 0,0004741 secs] [Times: user=0,00 sys=0,00, real=0,00 secs] 
18,214: [GC (Allocation Failure) [PSYoungGen: 78944K->64K(77312K)] 80604K->1724K(252416K), 0,0004771 secs] [Times: user=0,00 sys=0,00, real=0,00 secs] 
18,273: [GC (Allocation Failure) [PSYoungGen: 76864K->64K(75264K)] 78524K->1724K(250368K), 0,0004771 secs] [Times: user=0,00 sys=0,00, real=0,00 secs] 
18,333: [GC (Allocation Failure) [PSYoungGen: 74816K->96K(73728K)] 76476K->1756K(248832K), 0,0004797 secs] [Times: user=0,00 sys=0,00, real=0,00 secs] 
18,390: [GC (Allocation Failure) [PSYoungGen: 73312K->96K(72192K)] 74972K->1756K(247296K), 0,0004794 secs] [Times: user=0,00 sys=0,00, real=0,00 secs] 
18,447: [GC (Allocation Failure) [PSYoungGen: 71776K->96K(70656K)] 73436K->1756K(245760K), 0,0004675 secs] [Times: user=0,00 sys=0,00, real=0,00 secs] 
18,501: [GC (Allocation Failure) [PSYoungGen: 70240K->32K(69120K)] 71900K->1692K(244224K), 0,0005449 secs] [Times: user=0,00 sys=0,00, real=0,00 secs] 
18,555: [GC (Allocation Failure) [PSYoungGen: 68640K->96K(67584K)] 70300K->1756K(242688K), 0,0004758 secs] [Times: user=0,00 sys=0,00, real=0,00 secs] 
18,607: [GC (Allocation Failure) [PSYoungGen: 67168K->96K(66048K)] 68828K->1756K(241152K), 0,0004679 secs] [Times: user=0,00 sys=0,00, real=0,00 secs] 
18,659: [GC (Allocation Failure) [PSYoungGen: 65632K->96K(64512K)] 67292K->1756K(239616K), 0,0004666 secs] [Times: user=0,00 sys=0,00, real=0,01 secs] 
18,709: [GC (Allocation Failure) [PSYoungGen: 64096K->96K(62976K)] 65756K->1756K(238080K), 0,0005119 secs] [Times: user=0,00 sys=0,00, real=0,01 secs] 
18,758: [GC (Allocation Failure) [PSYoungGen: 62560K->96K(61952K)] 64220K->1756K(237056K), 0,0004735 secs] [Times: user=0,00 sys=0,00, real=0,00 secs] 
18,806: [GC (Allocation Failure) [PSYoungGen: 61536K->64K(60928K)] 63196K->1724K(236032K), 0,0004583 secs] [Times: user=0,00 sys=0,00, real=0,00 secs] 
18,853: [GC (Allocation Failure) [PSYoungGen: 60480K->64K(59904K)] 62140K->1724K(235008K), 0,0004769 secs] [Times: user=0,00 sys=0,00, real=0,00 secs] 
18,900: [GC (Allocation Failure) [PSYoungGen: 59456K->96K(58880K)] 61116K->1756K(233984K), 0,0004062 secs] [Times: user=0,01 sys=0,00, real=0,00 secs] 
18,945: [GC (Allocation Failure) [PSYoungGen: 58464K->32K(57856K)] 60124K->1692K(232960K), 0,0004622 secs] [Times: user=0,00 sys=0,00, real=0,00 secs] 
18,990: [GC (Allocation Failure) [PSYoungGen: 57376K->96K(56832K)] 59036K->1756K(231936K), 0,0003961 secs] [Times: user=0,00 sys=0,00, real=0,00 secs] 
19,036: [GC (Allocation Failure) [PSYoungGen: 56416K->96K(55808K)] 58076K->1756K(230912K), 0,0004948 secs] [Times: user=0,00 sys=0,00, real=0,00 secs] 
19,079: [GC (Allocation Failure) [PSYoungGen: 55392K->96K(54784K)] 57052K->1756K(229888K), 0,0004579 secs] [Times: user=0,00 sys=0,00, real=0,00 secs] 
19,122: [GC (Allocation Failure) [PSYoungGen: 54368K->96K(53760K)] 56028K->1756K(228864K), 0,0003775 secs] [Times: user=0,00 sys=0,00, real=0,00 secs] 
19,164: [GC (Allocation Failure) [PSYoungGen: 53344K->96K(52736K)] 55004K->1756K(227840K), 0,0004524 secs] [Times: user=0,00 sys=0,00, real=0,00 secs] 
19,205: [GC (Allocation Failure) [PSYoungGen: 52320K->64K(51712K)] 53980K->1724K(226816K), 0,0004577 secs] [Times: user=0,00 sys=0,00, real=0,00 secs] 
19,245: [GC (Allocation Failure) [PSYoungGen: 51264K->96K(50688K)] 52924K->1756K(225792K), 0,0003735 secs] [Times: user=0,00 sys=0,00, real=0,00 secs] 
19,284: [GC (Allocation Failure) [PSYoungGen: 50272K->64K(49664K)] 51932K->1724K(224768K), 0,0003746 secs] [Times: user=0,00 sys=0,00, real=0,00 secs] 
19,323: [GC (Allocation Failure) [PSYoungGen: 49216K->96K(48640K)] 50876K->1756K(223744K), 0,0004142 secs] [Times: user=0,00 sys=0,01, real=0,00 secs] 
19,361: [GC (Allocation Failure) [PSYoungGen: 48224K->96K(48128K)] 49884K->1756K(223232K), 0,0003710 secs] [Times: user=0,00 sys=0,00, real=0,00 secs] 
19,398: [GC (Allocation Failure) [PSYoungGen: 47712K->96K(47616K)] 49372K->1756K(222720K), 0,0003758 secs] [Times: user=0,00 sys=0,00, real=0,00 secs] 
19,435: [GC (Allocation Failure) [PSYoungGen: 47200K->64K(47104K)] 48860K->1724K(222208K), 0,0004286 secs] [Times: user=0,00 sys=0,00, real=0,00 secs] 
19,472: [GC (Allocation Failure) [PSYoungGen: 46656K->96K(46592K)] 48316K->1756K(221696K), 0,0003854 secs] [Times: user=0,00 sys=0,00, real=0,00 secs] 
19,508: [GC (Allocation Failure) [PSYoungGen: 46176K->96K(46080K)] 47836K->1756K(221184K), 0,0003742 secs] [Times: user=0,00 sys=0,00, real=0,01 secs] 
19,544: [GC (Allocation Failure) [PSYoungGen: 45664K->96K(45568K)] 47324K->1756K(220672K), 0,0003696 secs] [Times: user=0,00 sys=0,00, real=0,00 secs] 
19,580: [GC (Allocation Failure) [PSYoungGen: 45152K->96K(45056K)] 46812K->1756K(220160K), 0,0003807 secs] [Times: user=0,00 sys=0,00, real=0,00 secs] 
19,614: [GC (Allocation Failure) [PSYoungGen: 44640K->96K(44544K)] 46300K->1756K(219648K), 0,0003939 secs] [Times: user=0,00 sys=0,00, real=0,00 secs] 
19,649: [GC (Allocation Failure) [PSYoungGen: 44128K->128K(44032K)] 45788K->1788K(219136K), 0,0003536 secs] [Times: user=0,00 sys=0,00, real=0,00 secs] 
19,683: [GC (Allocation Failure) [PSYoungGen: 43648K->128K(43520K)] 45308K->1788K(218624K), 0,0003681 secs] [Times: user=0,00 sys=0,00, real=0,00 secs] 
19,717: [GC (Allocation Failure) [PSYoungGen: 43136K->96K(43008K)] 44796K->1756K(218112K), 0,0004048 secs] [Times: user=0,00 sys=0,00, real=0,00 secs] 
19,751: [GC (Allocation Failure) [PSYoungGen: 42592K->96K(51712K)] 44252K->1756K(226816K), 0,0004110 secs] [Times: user=0,00 sys=0,00, real=0,00 secs] 
19,791: [GC (Allocation Failure) [PSYoungGen: 51296K->96K(50688K)] 52956K->1756K(225792K), 0,0003846 secs] [Times: user=0,00 sys=0,00, real=0,00 secs] 
19,830: [GC (Allocation Failure) [PSYoungGen: 50272K->96K(49664K)] 51932K->1756K(224768K), 0,0003663 secs] [Times: user=0,00 sys=0,00, real=0,00 secs] 
19,868: [GC (Allocation Failure) [PSYoungGen: 49248K->64K(48640K)] 50908K->1724K(223744K), 0,0003646 secs] [Times: user=0,00 sys=0,00, real=0,01 secs] 
19,906: [GC (Allocation Failure) [PSYoungGen: 48192K->64K(48128K)] 49852K->1724K(223232K), 0,0003747 secs] [Times: user=0,00 sys=0,00, real=0,00 secs] 
19,944: [GC (Allocation Failure) [PSYoungGen: 47680K->64K(47616K)] 49340K->1724K(222720K), 0,0003884 secs] [Times: user=0,00 sys=0,00, real=0,00 secs] 
19,981: [GC (Allocation Failure) [PSYoungGen: 47168K->96K(47104K)] 48828K->1756K(222208K), 0,0003651 secs] [Times: user=0,00 sys=0,00, real=0,00 secs] 
20,017: [GC (Allocation Failure) [PSYoungGen: 46688K->96K(46592K)] 48348K->1756K(221696K), 0,0004207 secs] [Times: user=0,00 sys=0,00, real=0,00 secs] 
20,054: [GC (Allocation Failure) [PSYoungGen: 46176K->96K(46080K)] 47836K->1756K(221184K), 0,0003914 secs] [Times: user=0,00 sys=0,00, real=0,00 secs] 
20,089: [GC (Allocation Failure) [PSYoungGen: 45664K->96K(45568K)] 47324K->1756K(220672K), 0,0003893 secs] [Times: user=0,00 sys=0,00, real=0,00 secs] 
20,125: [GC (Allocation Failure) [PSYoungGen: 45152K->96K(54784K)] 46812K->1756K(229888K), 0,0004344 secs] [Times: user=0,00 sys=0,00, real=0,00 secs] 
20,168: [GC (Allocation Failure) [PSYoungGen: 54368K->96K(53760K)] 56028K->1756K(228864K), 0,0003748 secs] [Times: user=0,00 sys=0,00, real=0,00 secs] 
20,209: [GC (Allocation Failure) [PSYoungGen: 53344K->64K(52736K)] 55004K->1724K(227840K), 0,0003962 secs] [Times: user=0,00 sys=0,00, real=0,00 secs] 
20,250: [GC (Allocation Failure) [PSYoungGen: 52288K->96K(51712K)] 53948K->1756K(226816K), 0,0004024 secs] [Times: user=0,00 sys=0,00, real=0,00 secs] 
20,291: [GC (Allocation Failure) [PSYoungGen: 51296K->96K(50688K)] 52956K->1780K(225792K), 0,0004481 secs] [Times: user=0,01 sys=0,00, real=0,00 secs] 
20,330: [GC (Allocation Failure) [PSYoungGen: 50272K->96K(60928K)] 51956K->1780K(236032K), 0,0009940 secs] [Times: user=0,01 sys=0,00, real=0,00 secs] 
20,378: [GC (Allocation Failure) [PSYoungGen: 60512K->96K(73216K)] 62196K->1780K(248320K), 0,0004682 secs] [Times: user=0,00 sys=0,00, real=0,00 secs] 
20,435: [GC (Allocation Failure) [PSYoungGen: 72800K->96K(88064K)] 74484K->1780K(263168K), 0,0004759 secs] [Times: user=0,00 sys=0,00, real=0,00 secs] 
20,504: [GC (Allocation Failure) [PSYoungGen: 87648K->32K(86016K)] 89332K->1716K(261120K), 0,0005389 secs] [Times: user=0,00 sys=0,00, real=0,00 secs] 
20,570: [GC (Allocation Failure) [PSYoungGen: 85536K->96K(83968K)] 87220K->1780K(259072K), 0,0004907 secs] [Times: user=0,00 sys=0,00, real=0,00 secs] 
20,636: [GC (Allocation Failure) [PSYoungGen: 83552K->96K(81920K)] 85236K->1780K(257024K), 0,0004865 secs] [Times: user=0,00 sys=0,00, real=0,00 secs] 
20,699: [GC (Allocation Failure) [PSYoungGen: 81504K->64K(79872K)] 83188K->1748K(254976K), 0,0004885 secs] [Times: user=0,00 sys=0,00, real=0,00 secs] 
20,761: [GC (Allocation Failure) [PSYoungGen: 79424K->64K(77824K)] 81108K->1748K(252928K), 0,0005390 secs] [Times: user=0,00 sys=0,00, real=0,00 secs] 
20,821: [GC (Allocation Failure) [PSYoungGen: 77376K->96K(75776K)] 79060K->1780K(250880K), 0,0004899 secs] [Times: user=0,00 sys=0,00, real=0,00 secs] 
20,880: [GC (Allocation Failure) [PSYoungGen: 75360K->96K(74240K)] 77044K->1780K(249344K), 0,0005256 secs] [Times: user=0,00 sys=0,00, real=0,00 secs] 
20,938: [GC (Allocation Failure) [PSYoungGen: 73824K->96K(72704K)] 75508K->1780K(247808K), 0,0004878 secs] [Times: user=0,00 sys=0,00, real=0,00 secs] 
20,994: [GC (Allocation Failure) [PSYoungGen: 72288K->64K(71168K)] 73972K->1748K(246272K), 0,0005169 secs] [Times: user=0,00 sys=0,00, real=0,00 secs] 
21,049: [GC (Allocation Failure) [PSYoungGen: 70720K->64K(69632K)] 72404K->1748K(244736K), 0,0004816 secs] [Times: user=0,00 sys=0,00, real=0,00 secs] 
21,103: [GC (Allocation Failure) [PSYoungGen: 69184K->96K(68096K)] 70868K->1780K(243200K), 0,0004757 secs] [Times: user=0,00 sys=0,00, real=0,00 secs] 
21,156: [GC (Allocation Failure) [PSYoungGen: 67680K->96K(66560K)] 69364K->1780K(241664K), 0,0005300 secs] [Times: user=0,00 sys=0,00, real=0,00 secs] 
21,208: [GC (Allocation Failure) [PSYoungGen: 66144K->96K(65024K)] 67828K->1780K(240128K), 0,0007288 secs] [Times: user=0,00 sys=0,00, real=0,01 secs] 
21,259: [GC (Allocation Failure) [PSYoungGen: 64608K->64K(63488K)] 66292K->1748K(238592K), 0,0004860 secs] [Times: user=0,00 sys=0,00, real=0,00 secs] 
21,308: [GC (Allocation Failure) [PSYoungGen: 63040K->96K(61952K)] 64724K->1780K(237056K), 0,0004684 secs] [Times: user=0,00 sys=0,00, real=0,00 secs] 
21,356: [GC (Allocation Failure) [PSYoungGen: 61536K->96K(60928K)] 63220K->1780K(236032K), 0,0004772 secs] [Times: user=0,00 sys=0,00, real=0,00 secs] 
21,404: [GC (Allocation Failure) [PSYoungGen: 60512K->96K(59904K)] 62196K->1780K(235008K), 0,0004750 secs] [Times: user=0,00 sys=0,00, real=0,00 secs] 
21,450: [GC (Allocation Failure) [PSYoungGen: 59488K->96K(58880K)] 61172K->1780K(233984K), 0,0004901 secs] [Times: user=0,00 sys=0,00, real=0,00 secs] 
21,496: [GC (Allocation Failure) [PSYoungGen: 58464K->96K(57856K)] 60148K->1780K(232960K), 0,0004614 secs] [Times: user=0,00 sys=0,00, real=0,00 secs] 
21,541: [GC (Allocation Failure) [PSYoungGen: 57440K->96K(56832K)] 59124K->1780K(231936K), 0,0003727 secs] [Times: user=0,01 sys=0,00, real=0,00 secs] 
21,585: [GC (Allocation Failure) [PSYoungGen: 56416K->96K(55808K)] 58100K->1780K(230912K), 0,0004560 secs] [Times: user=0,00 sys=0,00, real=0,00 secs] 
21,628: [GC (Allocation Failure) [PSYoungGen: 55392K->96K(54784K)] 57076K->1780K(229888K), 0,0003769 secs] [Times: user=0,00 sys=0,00, real=0,00 secs] 
21,671: [GC (Allocation Failure) [PSYoungGen: 54368K->96K(53760K)] 56052K->1780K(228864K), 0,0003786 secs] [Times: user=0,01 sys=0,00, real=0,00 secs] 
21,712: [GC (Allocation Failure) [PSYoungGen: 53344K->96K(52736K)] 55028K->1780K(227840K), 0,0005217 secs] [Times: user=0,00 sys=0,00, real=0,00 secs] 
21,753: [GC (Allocation Failure) [PSYoungGen: 52320K->96K(51712K)] 54004K->1780K(226816K), 0,0004460 secs] [Times: user=0,00 sys=0,00, real=0,00 secs] 
21,793: [GC (Allocation Failure) [PSYoungGen: 51296K->96K(50688K)] 52980K->1780K(225792K), 0,0003705 secs] [Times: user=0,00 sys=0,00, real=0,00 secs] 
21,833: [GC (Allocation Failure) [PSYoungGen: 50272K->32K(49664K)] 51956K->1716K(224768K), 0,0005200 secs] [Times: user=0,00 sys=0,00, real=0,00 secs] 
21,871: [GC (Allocation Failure) [PSYoungGen: 49184K->96K(48640K)] 50868K->1780K(223744K), 0,0004210 secs] [Times: user=0,00 sys=0,00, real=0,00 secs] 
21,909: [GC (Allocation Failure) [PSYoungGen: 48224K->96K(48128K)] 49908K->1780K(223232K), 0,0003755 secs] [Times: user=0,00 sys=0,01, real=0,00 secs] 
21,947: [GC (Allocation Failure) [PSYoungGen: 47712K->96K(47616K)] 49396K->1780K(222720K), 0,0003943 secs] [Times: user=0,00 sys=0,00, real=0,00 secs] 
21,984: [GC (Allocation Failure) [PSYoungGen: 47200K->96K(47104K)] 48884K->1780K(222208K), 0,0003902 secs] [Times: user=0,00 sys=0,00, real=0,00 secs] 
22,020: [GC (Allocation Failure) [PSYoungGen: 46688K->96K(46592K)] 48372K->1780K(221696K), 0,0003930 secs] [Times: user=0,00 sys=0,00, real=0,00 secs] 
22,057: [GC (Allocation Failure) [PSYoungGen: 46176K->96K(46080K)] 47860K->1780K(221184K), 0,0003601 secs] [Times: user=0,00 sys=0,00, real=0,00 secs] 
22,092: [GC (Allocation Failure) [PSYoungGen: 45664K->96K(55296K)] 47348K->1780K(230400K), 0,0004420 secs] [Times: user=0,00 sys=0,00, real=0,00 secs] 
22,135: [GC (Allocation Failure) [PSYoungGen: 54880K->32K(66560K)] 56564K->1716K(241664K), 0,0004583 secs] [Times: user=0,00 sys=0,00, real=0,00 secs] 
22,187: [GC (Allocation Failure) [PSYoungGen: 66080K->96K(65024K)] 67764K->1780K(240128K), 0,0004612 secs] [Times: user=0,01 sys=0,00, real=0,00 secs] 
22,237: [GC (Allocation Failure) [PSYoungGen: 64608K->96K(63488K)] 66292K->1780K(238592K), 0,0004692 secs] [Times: user=0,00 sys=0,00, real=0,00 secs] 
22,287: [GC (Allocation Failure) [PSYoungGen: 63072K->96K(61952K)] 64756K->1780K(237056K), 0,0004718 secs] [Times: user=0,00 sys=0,00, real=0,00 secs] 
22,335: [GC (Allocation Failure) [PSYoungGen: 61536K->96K(60928K)] 63220K->1780K(236032K), 0,0004734 secs] [Times: user=0,00 sys=0,00, real=0,00 secs] 
22,382: [GC (Allocation Failure) [PSYoungGen: 60512K->96K(59904K)] 62196K->1780K(235008K), 0,0004865 secs] [Times: user=0,00 sys=0,00, real=0,00 secs] 
22,429: [GC (Allocation Failure) [PSYoungGen: 59488K->64K(58880K)] 61172K->1748K(233984K), 0,0004945 secs] [Times: user=0,00 sys=0,00, real=0,00 secs] 
22,475: [GC (Allocation Failure) [PSYoungGen: 58432K->64K(57856K)] 60116K->1748K(232960K), 0,0004478 secs] [Times: user=0,01 sys=0,00, real=0,00 secs] 
22,520: [GC (Allocation Failure) [PSYoungGen: 57408K->96K(56832K)] 59092K->1780K(231936K), 0,0004521 secs] [Times: user=0,00 sys=0,00, real=0,00 secs] 
22,564: [GC (Allocation Failure) [PSYoungGen: 56416K->96K(55808K)] 58100K->1780K(230912K), 0,0003823 secs] [Times: user=0,01 sys=0,00, real=0,00 secs] 
22,607: [GC (Allocation Failure) [PSYoungGen: 55392K->96K(54784K)] 57076K->1780K(229888K), 0,0004603 secs] [Times: user=0,00 sys=0,00, real=0,00 secs] 
22,650: [GC (Allocation Failure) [PSYoungGen: 54368K->64K(53760K)] 56052K->1748K(228864K), 0,0004658 secs] [Times: user=0,00 sys=0,00, real=0,00 secs] 
22,692: [GC (Allocation Failure) [PSYoungGen: 53312K->96K(52736K)] 54996K->1780K(227840K), 0,0003801 secs] [Times: user=0,00 sys=0,00, real=0,00 secs] 
22,732: [GC (Allocation Failure) [PSYoungGen: 52320K->96K(51712K)] 54004K->1780K(226816K), 0,0003799 secs] [Times: user=0,01 sys=0,00, real=0,00 secs] 
22,773: [GC (Allocation Failure) [PSYoungGen: 51296K->96K(50688K)] 52980K->1780K(225792K), 0,0004664 secs] [Times: user=0,01 sys=0,00, real=0,00 secs] 
22,812: [GC (Allocation Failure) [PSYoungGen: 50272K->96K(49664K)] 51956K->1780K(224768K), 0,0003722 secs] [Times: user=0,01 sys=0,00, real=0,00 secs] 
22,851: [GC (Allocation Failure) [PSYoungGen: 49248K->96K(48640K)] 50932K->1780K(223744K), 0,0004969 secs] [Times: user=0,00 sys=0,00, real=0,00 secs] 
22,888: [GC (Allocation Failure) [PSYoungGen: 48224K->96K(48128K)] 49908K->1780K(223232K), 0,0004095 secs] [Times: user=0,00 sys=0,00, real=0,01 secs] 
22,926: [GC (Allocation Failure) [PSYoungGen: 47712K->96K(47616K)] 49396K->1780K(222720K), 0,0003865 secs] [Times: user=0,00 sys=0,00, real=0,00 secs] 
22,963: [GC (Allocation Failure) [PSYoungGen: 47200K->64K(47104K)] 48884K->1748K(222208K), 0,0003596 secs] [Times: user=0,00 sys=0,00, real=0,00 secs] 
22,999: [GC (Allocation Failure) [PSYoungGen: 46656K->96K(46592K)] 48340K->1780K(221696K), 0,0003735 secs] [Times: user=0,00 sys=0,00, real=0,00 secs] 
23,035: [GC (Allocation Failure) [PSYoungGen: 46176K->96K(46080K)] 47860K->1780K(221184K), 0,0003870 secs] [Times: user=0,00 sys=0,00, real=0,00 secs] 
23,071: [GC (Allocation Failure) [PSYoungGen: 45664K->96K(45568K)] 47348K->1780K(220672K), 0,0003927 secs] [Times: user=0,00 sys=0,00, real=0,00 secs] 
23,107: [GC (Allocation Failure) [PSYoungGen: 45152K->96K(45056K)] 46836K->1780K(220160K), 0,0003946 secs] [Times: user=0,00 sys=0,00, real=0,00 secs] 
23,142: [GC (Allocation Failure) [PSYoungGen: 44640K->96K(44544K)] 46324K->1780K(219648K), 0,0003734 secs] [Times: user=0,00 sys=0,00, real=0,00 secs] 
23,176: [GC (Allocation Failure) [PSYoungGen: 44128K->96K(44032K)] 45812K->1780K(219136K), 0,0003851 secs] [Times: user=0,00 sys=0,00, real=0,00 secs] 
23,211: [GC (Allocation Failure) [PSYoungGen: 43616K->96K(43520K)] 45300K->1780K(218624K), 0,0003917 secs] [Times: user=0,00 sys=0,00, real=0,00 secs] 
23,244: [GC (Allocation Failure) [PSYoungGen: 43104K->64K(52224K)] 44788K->1748K(227328K), 0,0004898 secs] [Times: user=0,00 sys=0,00, real=0,00 secs] 
23,285: [GC (Allocation Failure) [PSYoungGen: 51776K->32K(62976K)] 53460K->1716K(238080K), 0,0005547 secs] [Times: user=0,00 sys=0,00, real=0,00 secs] 
23,334: [GC (Allocation Failure) [PSYoungGen: 62496K->32K(75776K)] 64180K->1716K(250880K), 0,0005036 secs] [Times: user=0,00 sys=0,00, real=0,00 secs] 
23,393: [GC (Allocation Failure) [PSYoungGen: 75296K->96K(91136K)] 76980K->1780K(266240K), 0,0004838 secs] [Times: user=0,00 sys=0,00, real=0,00 secs] 
23,464: [GC (Allocation Failure) [PSYoungGen: 90720K->64K(88576K)] 92404K->1748K(263680K), 0,0004986 secs] [Times: user=0,00 sys=0,00, real=0,00 secs] 
23,533: [GC (Allocation Failure) [PSYoungGen: 88128K->96K(86528K)] 89812K->1780K(261632K), 0,0005225 secs] [Times: user=0,00 sys=0,00, real=0,00 secs] 
23,600: [GC (Allocation Failure) [PSYoungGen: 86112K->96K(84480K)] 87796K->1780K(259584K), 0,0004722 secs] [Times: user=0,00 sys=0,00, real=0,00 secs] 
23,666: [GC (Allocation Failure) [PSYoungGen: 84064K->96K(82432K)] 85748K->1780K(257536K), 0,0004808 secs] [Times: user=0,00 sys=0,00, real=0,00 secs] 
23,730: [GC (Allocation Failure) [PSYoungGen: 82016K->64K(80384K)] 83700K->1748K(255488K), 0,0005346 secs] [Times: user=0,00 sys=0,00, real=0,00 secs] 
23,792: [GC (Allocation Failure) [PSYoungGen: 79936K->64K(78336K)] 81620K->1748K(253440K), 0,0004911 secs] [Times: user=0,00 sys=0,00, real=0,00 secs] 
23,853: [GC (Allocation Failure) [PSYoungGen: 77888K->64K(76288K)] 79572K->1748K(251392K), 0,0004695 secs] [Times: user=0,00 sys=0,00, real=0,00 secs] 
23,912: [GC (Allocation Failure) [PSYoungGen: 75840K->64K(74752K)] 77524K->1748K(249856K), 0,0004683 secs] [Times: user=0,00 sys=0,00, real=0,00 secs] 
23,970: [GC (Allocation Failure) [PSYoungGen: 74304K->64K(73216K)] 75988K->1748K(248320K), 0,0004922 secs] [Times: user=0,00 sys=0,00, real=0,00 secs] 
24,027: [GC (Allocation Failure) [PSYoungGen: 72768K->96K(71680K)] 74452K->1780K(246784K), 0,0004819 secs] [Times: user=0,00 sys=0,00, real=0,00 secs] 
24,083: [GC (Allocation Failure) [PSYoungGen: 71264K->96K(70144K)] 72948K->1780K(245248K), 0,0005027 secs] [Times: user=0,00 sys=0,00, real=0,00 secs] 
24,138: [GC (Allocation Failure) [PSYoungGen: 69728K->96K(68608K)] 71412K->1780K(243712K), 0,0005029 secs] [Times: user=0,00 sys=0,00, real=0,00 secs] 
24,191: [GC (Allocation Failure) [PSYoungGen: 68192K->96K(67072K)] 69876K->1780K(242176K), 0,0004762 secs] [Times: user=0,00 sys=0,00, real=0,00 secs] 
24,243: [GC (Allocation Failure) [PSYoungGen: 66656K->96K(65536K)] 68340K->1780K(240640K), 0,0004702 secs] [Times: user=0,01 sys=0,00, real=0,00 secs] 
24,294: [GC (Allocation Failure) [PSYoungGen: 65120K->64K(64000K)] 66804K->1748K(239104K), 0,0004853 secs] [Times: user=0,00 sys=0,00, real=0,00 secs] 
24,344: [GC (Allocation Failure) [PSYoungGen: 63552K->64K(62464K)] 65236K->1748K(237568K), 0,0004817 secs] [Times: user=0,00 sys=0,00, real=0,00 secs] 
24,392: [GC (Allocation Failure) [PSYoungGen: 62016K->96K(61440K)] 63700K->1780K(236544K), 0,0004876 secs] [Times: user=0,01 sys=0,00, real=0,00 secs] 
24,440: [GC (Allocation Failure) [PSYoungGen: 61024K->96K(60416K)] 62708K->1780K(235520K), 0,0004896 secs] [Times: user=0,00 sys=0,00, real=0,00 secs] 
24,487: [GC (Allocation Failure) [PSYoungGen: 60000K->96K(59392K)] 61684K->1780K(234496K), 0,0004709 secs] [Times: user=0,00 sys=0,00, real=0,00 secs] 
24,533: [GC (Allocation Failure) [PSYoungGen: 58976K->32K(58368K)] 60660K->1716K(233472K), 0,0004556 secs] [Times: user=0,00 sys=0,00, real=0,00 secs] 
24,578: [GC (Allocation Failure) [PSYoungGen: 57888K->96K(57344K)] 59572K->1780K(232448K), 0,0003868 secs] [Times: user=0,00 sys=0,00, real=0,00 secs] 
24,622: [GC (Allocation Failure) [PSYoungGen: 56928K->96K(56320K)] 58612K->1780K(231424K), 0,0003876 secs] [Times: user=0,00 sys=0,00, real=0,00 secs] 
24,666: [GC (Allocation Failure) [PSYoungGen: 55904K->96K(55296K)] 57588K->1780K(230400K), 0,0006344 secs] [Times: user=0,00 sys=0,00, real=0,00 secs] 
24,709: [GC (Allocation Failure) [PSYoungGen: 54880K->96K(54272K)] 56564K->1780K(229376K), 0,0004674 secs] [Times: user=0,00 sys=0,00, real=0,00 secs] 
24,751: [GC (Allocation Failure) [PSYoungGen: 53856K->96K(53248K)] 55540K->1780K(228352K), 0,0003738 secs] [Times: user=0,00 sys=0,01, real=0,00 secs] 
24,792: [GC (Allocation Failure) [PSYoungGen: 52832K->96K(52224K)] 54516K->1780K(227328K), 0,0003779 secs] [Times: user=0,00 sys=0,00, real=0,00 secs] 
24,833: [GC (Allocation Failure) [PSYoungGen: 51808K->96K(51200K)] 53492K->1780K(226304K), 0,0004924 secs] [Times: user=0,00 sys=0,00, real=0,00 secs] 
24,873: [GC (Allocation Failure) [PSYoungGen: 50784K->96K(50176K)] 52468K->1780K(225280K), 0,0003868 secs] [Times: user=0,00 sys=0,00, real=0,00 secs] 
24,912: [GC (Allocation Failure) [PSYoungGen: 49760K->96K(49152K)] 51444K->1780K(224256K), 0,0003864 secs] [Times: user=0,00 sys=0,00, real=0,00 secs] 
24,950: [GC (Allocation Failure) [PSYoungGen: 48736K->96K(48128K)] 50420K->1780K(223232K), 0,0003974 secs] [Times: user=0,00 sys=0,00, real=0,00 secs] 
24,988: [GC (Allocation Failure) [PSYoungGen: 47712K->96K(47616K)] 49396K->1780K(222720K), 0,0003638 secs] [Times: user=0,00 sys=0,00, real=0,00 secs] 
25,024: [GC (Allocation Failure) [PSYoungGen: 47200K->96K(47104K)] 48884K->1780K(222208K), 0,0003966 secs] [Times: user=0,00 sys=0,00, real=0,00 secs] 
25,061: [GC (Allocation Failure) [PSYoungGen: 46688K->32K(56832K)] 48372K->1716K(231936K), 0,0004786 secs] [Times: user=0,00 sys=0,00, real=0,00 secs] 
25,105: [GC (Allocation Failure) [PSYoungGen: 56352K->32K(55808K)] 58036K->1716K(230912K), 0,0004142 secs] [Times: user=0,00 sys=0,00, real=0,00 secs] 
25,148: [GC (Allocation Failure) [PSYoungGen: 55328K->64K(54784K)] 57012K->1748K(229888K), 0,0004412 secs] [Times: user=0,00 sys=0,00, real=0,01 secs] 
25,191: [GC (Allocation Failure) [PSYoungGen: 54336K->96K(53760K)] 56020K->1780K(228864K), 0,0004534 secs] [Times: user=0,00 sys=0,00, real=0,00 secs] 
25,233: [GC (Allocation Failure) [PSYoungGen: 53344K->96K(52736K)] 55028K->1780K(227840K), 0,0003853 secs] [Times: user=0,00 sys=0,00, real=0,00 secs] 
25,274: [GC (Allocation Failure) [PSYoungGen: 52320K->96K(51712K)] 54004K->1780K(226816K), 0,0004155 secs] [Times: user=0,00 sys=0,00, real=0,00 secs] 
25,314: [GC (Allocation Failure) [PSYoungGen: 51296K->96K(50688K)] 52980K->1780K(225792K), 0,0003762 secs] [Times: user=0,00 sys=0,00, real=0,00 secs] 
25,354: [GC (Allocation Failure) [PSYoungGen: 50272K->32K(49664K)] 51956K->1716K(224768K), 0,0004501 secs] [Times: user=0,00 sys=0,00, real=0,00 secs] 
25,392: [GC (Allocation Failure) [PSYoungGen: 49184K->64K(48640K)] 50868K->1748K(223744K), 0,0004339 secs] [Times: user=0,00 sys=0,00, real=0,00 secs] 
25,431: [GC (Allocation Failure) [PSYoungGen: 48192K->64K(58368K)] 49876K->1748K(233472K), 0,0004612 secs] [Times: user=0,00 sys=0,00, real=0,00 secs] 
25,476: [GC (Allocation Failure) [PSYoungGen: 57920K->96K(70144K)] 59604K->1780K(245248K), 0,0006232 secs] [Times: user=0,00 sys=0,00, real=0,00 secs] 
25,531: [GC (Allocation Failure) [PSYoungGen: 69728K->32K(68608K)] 71412K->1716K(243712K), 0,0004611 secs] [Times: user=0,00 sys=0,00, real=0,00 secs] 
25,584: [GC (Allocation Failure) [PSYoungGen: 68128K->96K(67072K)] 69812K->1780K(242176K), 0,0005274 secs] [Times: user=0,00 sys=0,00, real=0,00 secs] 
25,636: [GC (Allocation Failure) [PSYoungGen: 66656K->96K(65536K)] 68340K->1780K(240640K), 0,0004829 secs] [Times: user=0,00 sys=0,00, real=0,00 secs] 
25,687: [GC (Allocation Failure) [PSYoungGen: 65120K->64K(64000K)] 66804K->1748K(239104K), 0,0004703 secs] [Times: user=0,00 sys=0,00, real=0,00 secs] 
25,737: [GC (Allocation Failure) [PSYoungGen: 63552K->96K(62464K)] 65236K->1780K(237568K), 0,0004879 secs] [Times: user=0,00 sys=0,00, real=0,00 secs] 
25,785: [GC (Allocation Failure) [PSYoungGen: 62048K->96K(75264K)] 63732K->1780K(250368K), 0,0006579 secs] [Times: user=0,00 sys=0,00, real=0,00 secs] 
25,844: [GC (Allocation Failure) [PSYoungGen: 74848K->96K(73728K)] 76532K->1780K(248832K), 0,0004644 secs] [Times: user=0,00 sys=0,00, real=0,00 secs] 
25,901: [GC (Allocation Failure) [PSYoungGen: 73312K->64K(72192K)] 74996K->1748K(247296K), 0,0004890 secs] [Times: user=0,00 sys=0,00, real=0,00 secs] 
25,957: [GC (Allocation Failure) [PSYoungGen: 71744K->96K(70656K)] 73428K->1780K(245760K), 0,0004787 secs] [Times: user=0,00 sys=0,00, real=0,00 secs] 
26,013: [GC (Allocation Failure) [PSYoungGen: 70240K->96K(69120K)] 71924K->1780K(244224K), 0,0005013 secs] [Times: user=0,00 sys=0,00, real=0,00 secs] 
26,067: [GC (Allocation Failure) [PSYoungGen: 68704K->96K(67584K)] 70388K->1780K(242688K), 0,0004770 secs] [Times: user=0,00 sys=0,00, real=0,00 secs] 
26,120: [GC (Allocation Failure) [PSYoungGen: 67168K->96K(66048K)] 68852K->1780K(241152K), 0,0004800 secs] [Times: user=0,00 sys=0,00, real=0,00 secs] 
26,171: [GC (Allocation Failure) [PSYoungGen: 65632K->96K(64512K)] 67316K->1780K(239616K), 0,0004734 secs] [Times: user=0,00 sys=0,00, real=0,00 secs] 
26,222: [GC (Allocation Failure) [PSYoungGen: 64096K->96K(62976K)] 65780K->1780K(238080K), 0,0004874 secs] [Times: user=0,00 sys=0,00, real=0,00 secs] 
26,270: [GC (Allocation Failure) [PSYoungGen: 62560K->96K(61952K)] 64244K->1780K(237056K), 0,0004596 secs] [Times: user=0,00 sys=0,00, real=0,00 secs] 
26,319: [GC (Allocation Failure) [PSYoungGen: 61536K->64K(60928K)] 63220K->1748K(236032K), 0,0005678 secs] [Times: user=0,01 sys=0,00, real=0,00 secs] 
26,366: [GC (Allocation Failure) [PSYoungGen: 60480K->96K(59904K)] 62164K->1780K(235008K), 0,0004651 secs] [Times: user=0,00 sys=0,00, real=0,00 secs] 
26,413: [GC (Allocation Failure) [PSYoungGen: 59488K->96K(58880K)] 61172K->1780K(233984K), 0,0004771 secs] [Times: user=0,00 sys=0,00, real=0,00 secs] 
26,459: [GC (Allocation Failure) [PSYoungGen: 58464K->96K(57856K)] 60148K->1780K(232960K), 0,0004835 secs] [Times: user=0,00 sys=0,00, real=0,00 secs] 
26,504: [GC (Allocation Failure) [PSYoungGen: 57440K->64K(56832K)] 59124K->1748K(231936K), 0,0005639 secs] [Times: user=0,00 sys=0,00, real=0,00 secs] 
26,548: [GC (Allocation Failure) [PSYoungGen: 56384K->64K(55808K)] 58068K->1748K(230912K), 0,0003824 secs] [Times: user=0,00 sys=0,00, real=0,01 secs] 
26,592: [GC (Allocation Failure) [PSYoungGen: 55360K->96K(54784K)] 57044K->1780K(229888K), 0,0003769 secs] [Times: user=0,00 sys=0,00, real=0,00 secs] 
26,634: [GC (Allocation Failure) [PSYoungGen: 54368K->96K(53760K)] 56052K->1780K(228864K), 0,0004152 secs] [Times: user=0,00 sys=0,00, real=0,00 secs] 
26,676: [GC (Allocation Failure) [PSYoungGen: 53344K->96K(52736K)] 55028K->1780K(227840K), 0,0003855 secs] [Times: user=0,00 sys=0,00, real=0,00 secs] 
26,717: [GC (Allocation Failure) [PSYoungGen: 52320K->96K(51712K)] 54004K->1780K(226816K), 0,0004785 secs] [Times: user=0,00 sys=0,00, real=0,00 secs] 
26,757: [GC (Allocation Failure) [PSYoungGen: 51296K->96K(50688K)] 52980K->1780K(225792K), 0,0003660 secs] [Times: user=0,00 sys=0,00, real=0,00 secs] 
26,797: [GC (Allocation Failure) [PSYoungGen: 50272K->64K(49664K)] 51956K->1748K(224768K), 0,0004561 secs] [Times: user=0,00 sys=0,00, real=0,00 secs] 
26,836: [GC (Allocation Failure) [PSYoungGen: 49216K->96K(48640K)] 50900K->1780K(223744K), 0,0003764 secs] [Times: user=0,00 sys=0,00, real=0,00 secs] 
26,873: [GC (Allocation Failure) [PSYoungGen: 48224K->96K(48128K)] 49908K->1780K(223232K), 0,0003992 secs] [Times: user=0,00 sys=0,00, real=0,00 secs] 
26,911: [GC (Allocation Failure) [PSYoungGen: 47712K->96K(47616K)] 49396K->1780K(222720K), 0,0003758 secs] [Times: user=0,00 sys=0,00, real=0,00 secs] 
26,948: [GC (Allocation Failure) [PSYoungGen: 47200K->96K(47104K)] 48884K->1780K(222208K), 0,0003974 secs] [Times: user=0,00 sys=0,00, real=0,01 secs] 
26,985: [GC (Allocation Failure) [PSYoungGen: 46688K->64K(46592K)] 48372K->1748K(221696K), 0,0004566 secs] [Times: user=0,01 sys=0,00, real=0,00 secs] 
27,021: [GC (Allocation Failure) [PSYoungGen: 46144K->96K(55808K)] 47828K->1780K(230912K), 0,0004271 secs] [Times: user=0,00 sys=0,00, real=0,00 secs] 
27,065: [GC (Allocation Failure) [PSYoungGen: 55392K->96K(67072K)] 57076K->1780K(242176K), 0,0004840 secs] [Times: user=0,00 sys=0,00, real=0,00 secs] 
27,118: [GC (Allocation Failure) [PSYoungGen: 66656K->96K(65536K)] 68340K->1780K(240640K), 0,0005324 secs] [Times: user=0,00 sys=0,00, real=0,00 secs] 
27,169: [GC (Allocation Failure) [PSYoungGen: 65120K->96K(64000K)] 66804K->1780K(239104K), 0,0004738 secs] [Times: user=0,00 sys=0,00, real=0,00 secs] 
27,219: [GC (Allocation Failure) [PSYoungGen: 63584K->64K(62464K)] 65268K->1748K(237568K), 0,0004775 secs] [Times: user=0,00 sys=0,00, real=0,00 secs] 
27,267: [GC (Allocation Failure) [PSYoungGen: 62016K->64K(61440K)] 63700K->1748K(236544K), 0,0004864 secs] [Times: user=0,00 sys=0,00, real=0,00 secs] 
27,315: [GC (Allocation Failure) [PSYoungGen: 60992K->64K(60416K)] 62676K->1748K(235520K), 0,0005445 secs] [Times: user=0,00 sys=0,01, real=0,00 secs] 
27,362: [GC (Allocation Failure) [PSYoungGen: 59968K->128K(59392K)] 61652K->1812K(234496K), 0,0004527 secs] [Times: user=0,00 sys=0,00, real=0,00 secs] 
27,408: [GC (Allocation Failure) [PSYoungGen: 59008K->96K(58368K)] 60692K->1780K(233472K), 0,0004681 secs] [Times: user=0,00 sys=0,00, real=0,01 secs] 
27,454: [GC (Allocation Failure) [PSYoungGen: 57952K->96K(57344K)] 59636K->1780K(232448K), 0,0004746 secs] [Times: user=0,00 sys=0,00, real=0,00 secs] 
27,499: [GC (Allocation Failure) [PSYoungGen: 56928K->96K(56320K)] 58612K->1780K(231424K), 0,0004508 secs] [Times: user=0,00 sys=0,00, real=0,00 secs] 
27,543: [GC (Allocation Failure) [PSYoungGen: 55904K->64K(67584K)] 57588K->1748K(242688K), 0,0010849 secs] [Times: user=0,00 sys=0,00, real=0,00 secs] 
27,597: [GC (Allocation Failure) [PSYoungGen: 67136K->96K(81408K)] 68820K->1780K(256512K), 0,0004953 secs] [Times: user=0,00 sys=0,00, real=0,00 secs] 
27,660: [GC (Allocation Failure) [PSYoungGen: 80991K->96K(97792K)] 82675K->1780K(272896K), 0,0004854 secs] [Times: user=0,01 sys=0,00, real=0,00 secs] 
27,736: [GC (Allocation Failure) [PSYoungGen: 97376K->96K(95232K)] 99060K->1780K(270336K), 0,0004929 secs] [Times: user=0,00 sys=0,00, real=0,00 secs] 
27,810: [GC (Allocation Failure) [PSYoungGen: 94816K->64K(92672K)] 96500K->1748K(267776K), 0,0004767 secs] [Times: user=0,00 sys=0,00, real=0,00 secs] 
27,882: [GC (Allocation Failure) [PSYoungGen: 92224K->96K(90112K)] 93908K->1780K(265216K), 0,0004947 secs] [Times: user=0,00 sys=0,00, real=0,00 secs] 
27,952: [GC (Allocation Failure) [PSYoungGen: 89696K->64K(87552K)] 91380K->1748K(262656K), 0,0004885 secs] [Times: user=0,00 sys=0,00, real=0,00 secs] 
28,022: [GC (Allocation Failure) [PSYoungGen: 87104K->96K(85504K)] 88788K->1780K(260608K), 0,0005009 secs] [Times: user=0,00 sys=0,00, real=0,00 secs] 
28,088: [GC (Allocation Failure) [PSYoungGen: 85088K->96K(83456K)] 86772K->1780K(258560K), 0,0005412 secs] [Times: user=0,01 sys=0,00, real=0,01 secs] 
28,153: [GC (Allocation Failure) [PSYoungGen: 83040K->64K(81408K)] 84724K->1748K(256512K), 0,0005232 secs] [Times: user=0,00 sys=0,00, real=0,00 secs] 
28,216: [GC (Allocation Failure) [PSYoungGen: 80960K->96K(79360K)] 82644K->1780K(254464K), 0,0005325 secs] [Times: user=0,00 sys=0,00, real=0,00 secs] 
28,278: [GC (Allocation Failure) [PSYoungGen: 78944K->96K(77312K)] 80628K->1780K(252416K), 0,0004747 secs] [Times: user=0,00 sys=0,00, real=0,00 secs] 
28,338: [GC (Allocation Failure) [PSYoungGen: 76896K->96K(75264K)] 78580K->1780K(250368K), 0,0004208 secs] [Times: user=0,00 sys=0,00, real=0,00 secs] 
28,396: [GC (Allocation Failure) [PSYoungGen: 74848K->32K(73728K)] 76532K->1716K(248832K), 0,0004788 secs] [Times: user=0,01 sys=0,00, real=0,00 secs] 
28,453: [GC (Allocation Failure) [PSYoungGen: 73248K->64K(72192K)] 74932K->1748K(247296K), 0,0005415 secs] [Times: user=0,00 sys=0,00, real=0,00 secs] 
28,509: [GC (Allocation Failure) [PSYoungGen: 71744K->32K(70656K)] 73428K->1716K(245760K), 0,0005161 secs] [Times: user=0,00 sys=0,00, real=0,00 secs] 
28,564: [GC (Allocation Failure) [PSYoungGen: 70176K->96K(69120K)] 71860K->1780K(244224K), 0,0004632 secs] [Times: user=0,00 sys=0,00, real=0,00 secs] 
28,618: [GC (Allocation Failure) [PSYoungGen: 68704K->96K(67584K)] 70388K->1780K(242688K), 0,0005099 secs] [Times: user=0,00 sys=0,00, real=0,01 secs] 
28,671: [GC (Allocation Failure) [PSYoungGen: 67168K->96K(66048K)] 68852K->1780K(241152K), 0,0004914 secs] [Times: user=0,00 sys=0,00, real=0,00 secs] 
28,722: [GC (Allocation Failure) [PSYoungGen: 65632K->96K(64512K)] 67316K->1780K(239616K), 0,0004848 secs] [Times: user=0,00 sys=0,00, real=0,00 secs] 
28,772: [GC (Allocation Failure) [PSYoungGen: 64096K->64K(62976K)] 65780K->1748K(238080K), 0,0005541 secs] [Times: user=0,00 sys=0,00, real=0,00 secs] 
28,821: [GC (Allocation Failure) [PSYoungGen: 62528K->64K(61952K)] 64212K->1748K(237056K), 0,0004664 secs] [Times: user=0,00 sys=0,00, real=0,00 secs] 
28,869: [GC (Allocation Failure) [PSYoungGen: 61504K->96K(60928K)] 63188K->1780K(236032K), 0,0005216 secs] [Times: user=0,00 sys=0,00, real=0,00 secs] 
28,917: [GC (Allocation Failure) [PSYoungGen: 60512K->96K(59904K)] 62196K->1780K(235008K), 0,0004892 secs] [Times: user=0,00 sys=0,00, real=0,00 secs] 
28,964: [GC (Allocation Failure) [PSYoungGen: 59488K->96K(58880K)] 61172K->1780K(233984K), 0,0005224 secs] [Times: user=0,00 sys=0,00, real=0,00 secs] 
29,010: [GC (Allocation Failure) [PSYoungGen: 58464K->96K(57856K)] 60148K->1780K(232960K), 0,0004835 secs] [Times: user=0,00 sys=0,00, real=0,00 secs] 
29,055: [GC (Allocation Failure) [PSYoungGen: 57440K->96K(56832K)] 59124K->1780K(231936K), 0,0003873 secs] [Times: user=0,00 sys=0,00, real=0,00 secs] 
29,099: [GC (Allocation Failure) [PSYoungGen: 56416K->64K(55808K)] 58100K->1748K(230912K), 0,0004540 secs] [Times: user=0,00 sys=0,00, real=0,00 secs] 
29,142: [GC (Allocation Failure) [PSYoungGen: 55360K->96K(54784K)] 57044K->1780K(229888K), 0,0003813 secs] [Times: user=0,00 sys=0,00, real=0,00 secs] 
29,185: [GC (Allocation Failure) [PSYoungGen: 54368K->96K(53760K)] 56052K->1780K(228864K), 0,0004284 secs] [Times: user=0,00 sys=0,00, real=0,00 secs] 
29,226: [GC (Allocation Failure) [PSYoungGen: 53344K->32K(52736K)] 55028K->1716K(227840K), 0,0004791 secs] [Times: user=0,00 sys=0,00, real=0,00 secs] 
29,267: [GC (Allocation Failure) [PSYoungGen: 52256K->96K(51712K)] 53940K->1780K(226816K), 0,0003859 secs] [Times: user=0,00 sys=0,00, real=0,00 secs] 
29,308: [GC (Allocation Failure) [PSYoungGen: 51296K->96K(50688K)] 52980K->1780K(225792K), 0,0004307 secs] [Times: user=0,00 sys=0,00, real=0,00 secs] 
29,347: [GC (Allocation Failure) [PSYoungGen: 50272K->96K(49664K)] 51956K->1780K(224768K), 0,0003864 secs] [Times: user=0,00 sys=0,00, real=0,00 secs] 
29,386: [GC (Allocation Failure) [PSYoungGen: 49248K->96K(48640K)] 50932K->1780K(223744K), 0,0003984 secs] [Times: user=0,00 sys=0,00, real=0,00 secs] 
29,424: [GC (Allocation Failure) [PSYoungGen: 48224K->96K(48128K)] 49908K->1780K(223232K), 0,0003695 secs] [Times: user=0,00 sys=0,00, real=0,00 secs] 
29,461: [GC (Allocation Failure) [PSYoungGen: 47712K->96K(47616K)] 49396K->1780K(222720K), 0,0003884 secs] [Times: user=0,00 sys=0,00, real=0,00 secs] 
29,498: [GC (Allocation Failure) [PSYoungGen: 47200K->96K(47104K)] 48884K->1780K(222208K), 0,0003850 secs] [Times: user=0,00 sys=0,00, real=0,01 secs] 
29,535: [GC (Allocation Failure) [PSYoungGen: 46688K->32K(46592K)] 48372K->1716K(221696K), 0,0004103 secs] [Times: user=0,00 sys=0,00, real=0,00 secs] 
29,571: [GC (Allocation Failure) [PSYoungGen: 46112K->96K(46080K)] 47796K->1780K(221184K), 0,0003741 secs] [Times: user=0,00 sys=0,00, real=0,00 secs] 
29,607: [GC (Allocation Failure) [PSYoungGen: 45664K->96K(45568K)] 47348K->1780K(220672K), 0,0003692 secs] [Times: user=0,00 sys=0,00, real=0,00 secs] 
29,642: [GC (Allocation Failure) [PSYoungGen: 45152K->96K(45056K)] 46836K->1780K(220160K), 0,0004359 secs] [Times: user=0,00 sys=0,00, real=0,00 secs] 
29,677: [GC (Allocation Failure) [PSYoungGen: 44640K->96K(44544K)] 46324K->1780K(219648K), 0,0003726 secs] [Times: user=0,00 sys=0,00, real=0,00 secs] 
29,712: [GC (Allocation Failure) [PSYoungGen: 44128K->96K(44032K)] 45812K->1780K(219136K), 0,0003896 secs] [Times: user=0,00 sys=0,00, real=0,00 secs] 
29,746: [GC (Allocation Failure) [PSYoungGen: 43616K->96K(43520K)] 45300K->1780K(218624K), 0,0003712 secs] [Times: user=0,00 sys=0,00, real=0,00 secs] 
29,780: [GC (Allocation Failure) [PSYoungGen: 43104K->96K(43008K)] 44788K->1780K(218112K), 0,0003576 secs] [Times: user=0,00 sys=0,00, real=0,00 secs] 
29,813: [GC (Allocation Failure) [PSYoungGen: 42592K->96K(51712K)] 44276K->1780K(226816K), 0,0003761 secs] [Times: user=0,00 sys=0,00, real=0,00 secs] 
29,853: [GC (Allocation Failure) [PSYoungGen: 51296K->96K(50688K)] 52980K->1780K(225792K), 0,0003728 secs] [Times: user=0,00 sys=0,00, real=0,00 secs] 
29,893: [GC (Allocation Failure) [PSYoungGen: 50272K->96K(49664K)] 51956K->1780K(224768K), 0,0003985 secs] [Times: user=0,00 sys=0,00, real=0,00 secs] 
29,931: [GC (Allocation Failure) [PSYoungGen: 49248K->32K(59904K)] 50932K->1716K(235008K), 0,0004839 secs] [Times: user=0,00 sys=0,00, real=0,00 secs] 
29,978: [GC (Allocation Failure) [PSYoungGen: 59424K->64K(58880K)] 61108K->1748K(233984K), 0,0004498 secs] [Times: user=0,00 sys=0,00, real=0,00 secs] 
30,024: [GC (Allocation Failure) [PSYoungGen: 58432K->96K(57856K)] 60116K->1780K(232960K), 0,0003861 secs] [Times: user=0,00 sys=0,00, real=0,00 secs] 
30,069: [GC (Allocation Failure) [PSYoungGen: 57440K->96K(56832K)] 59124K->1780K(231936K), 0,0003741 secs] [Times: user=0,00 sys=0,00, real=0,00 secs] 
30,113: [GC (Allocation Failure) [PSYoungGen: 56416K->96K(55808K)] 58100K->1780K(230912K), 0,0004206 secs] [Times: user=0,00 sys=0,01, real=0,00 secs] 
30,156: [GC (Allocation Failure) [PSYoungGen: 55392K->96K(54784K)] 57076K->1780K(229888K), 0,0004569 secs] [Times: user=0,01 sys=0,00, real=0,00 secs] 
30,199: [GC (Allocation Failure) [PSYoungGen: 54368K->96K(53760K)] 56052K->1780K(228864K), 0,0003814 secs] [Times: user=0,00 sys=0,00, real=0,00 secs] 
30,240: [GC (Allocation Failure) [PSYoungGen: 53344K->96K(52736K)] 55028K->1780K(227840K), 0,0003706 secs] [Times: user=0,00 sys=0,00, real=0,00 secs] 
30,282: [GC (Allocation Failure) [PSYoungGen: 52320K->96K(51712K)] 54004K->1780K(226816K), 0,0004048 secs] [Times: user=0,00 sys=0,00, real=0,00 secs] 
30,322: [GC (Allocation Failure) [PSYoungGen: 51296K->96K(50688K)] 52980K->1804K(225792K), 0,0004159 secs] [Times: user=0,00 sys=0,00, real=0,00 secs] 
30,362: [GC (Allocation Failure) [PSYoungGen: 50272K->96K(49664K)] 51980K->1804K(224768K), 0,0003676 secs] [Times: user=0,00 sys=0,00, real=0,00 secs] 
30,400: [GC (Allocation Failure) [PSYoungGen: 49248K->96K(48640K)] 50956K->1804K(223744K), 0,0003980 secs] [Times: user=0,00 sys=0,00, real=0,00 secs] 
30,438: [GC (Allocation Failure) [PSYoungGen: 48224K->96K(48128K)] 49932K->1804K(223232K), 0,0003815 secs] [Times: user=0,00 sys=0,00, real=0,00 secs] 
30,475: [GC (Allocation Failure) [PSYoungGen: 47712K->96K(47616K)] 49420K->1804K(222720K), 0,0003888 secs] [Times: user=0,00 sys=0,00, real=0,00 secs] 
30,512: [GC (Allocation Failure) [PSYoungGen: 47200K->64K(57344K)] 48908K->1772K(232448K), 0,0009180 secs] [Times: user=0,01 sys=0,00, real=0,00 secs] 
30,557: [GC (Allocation Failure) [PSYoungGen: 56896K->96K(69120K)] 58604K->1804K(244224K), 0,0003964 secs] [Times: user=0,00 sys=0,00, real=0,00 secs] 
30,611: [GC (Allocation Failure) [PSYoungGen: 68704K->96K(82944K)] 70412K->1804K(258048K), 0,0004842 secs] [Times: user=0,00 sys=0,00, real=0,00 secs] 
30,675: [GC (Allocation Failure) [PSYoungGen: 82528K->96K(80896K)] 84236K->1804K(256000K), 0,0004807 secs] [Times: user=0,00 sys=0,00, real=0,00 secs] 
30,738: [GC (Allocation Failure) [PSYoungGen: 80480K->96K(78848K)] 82188K->1804K(253952K), 0,0005066 secs] [Times: user=0,00 sys=0,00, real=0,00 secs] 
30,799: [GC (Allocation Failure) [PSYoungGen: 78432K->96K(76800K)] 80140K->1804K(251904K), 0,0004911 secs] [Times: user=0,00 sys=0,00, real=0,00 secs] 
30,858: [GC (Allocation Failure) [PSYoungGen: 76384K->96K(74752K)] 78092K->1804K(249856K), 0,0004699 secs] [Times: user=0,00 sys=0,00, real=0,01 secs] 
30,916: [GC (Allocation Failure) [PSYoungGen: 74336K->96K(73216K)] 76044K->1804K(248320K), 0,0005023 secs] [Times: user=0,00 sys=0,00, real=0,00 secs] 
30,973: [GC (Allocation Failure) [PSYoungGen: 72800K->64K(71680K)] 74508K->1772K(246784K), 0,0005332 secs] [Times: user=0,00 sys=0,00, real=0,00 secs] 
31,029: [GC (Allocation Failure) [PSYoungGen: 71232K->64K(70144K)] 72940K->1772K(245248K), 0,0005083 secs] [Times: user=0,01 sys=0,00, real=0,00 secs] 
31,084: [GC (Allocation Failure) [PSYoungGen: 69696K->64K(68608K)] 71404K->1772K(243712K), 0,0005241 secs] [Times: user=0,00 sys=0,00, real=0,00 secs] 
31,137: [GC (Allocation Failure) [PSYoungGen: 68160K->64K(67072K)] 69868K->1772K(242176K), 0,0004597 secs] [Times: user=0,00 sys=0,00, real=0,00 secs] 
31,189: [GC (Allocation Failure) [PSYoungGen: 66624K->96K(65536K)] 68332K->1804K(240640K), 0,0004702 secs] [Times: user=0,00 sys=0,00, real=0,00 secs] 
31,240: [GC (Allocation Failure) [PSYoungGen: 65120K->64K(64000K)] 66828K->1772K(239104K), 0,0004609 secs] [Times: user=0,00 sys=0,00, real=0,00 secs] 
31,290: [GC (Allocation Failure) [PSYoungGen: 63552K->96K(62464K)] 65260K->1804K(237568K), 0,0004589 secs] [Times: user=0,00 sys=0,00, real=0,00 secs] 
31,338: [GC (Allocation Failure) [PSYoungGen: 62048K->96K(61440K)] 63756K->1804K(236544K), 0,0004715 secs] [Times: user=0,00 sys=0,00, real=0,01 secs] 
31,386: [GC (Allocation Failure) [PSYoungGen: 61024K->96K(60416K)] 62732K->1804K(235520K), 0,0004704 secs] [Times: user=0,01 sys=0,00, real=0,00 secs] 
31,433: [GC (Allocation Failure) [PSYoungGen: 60000K->32K(59392K)] 61708K->1740K(234496K), 0,0004166 secs] [Times: user=0,00 sys=0,00, real=0,00 secs] 
31,479: [GC (Allocation Failure) [PSYoungGen: 58912K->96K(58368K)] 60620K->1804K(233472K), 0,0004736 secs] [Times: user=0,00 sys=0,00, real=0,00 secs] 
31,524: [GC (Allocation Failure) [PSYoungGen: 57952K->96K(57344K)] 59660K->1804K(232448K), 0,0003721 secs] [Times: user=0,00 sys=0,00, real=0,00 secs] 
31,569: [GC (Allocation Failure) [PSYoungGen: 56928K->96K(56320K)] 58636K->1804K(231424K), 0,0003852 secs] [Times: user=0,00 sys=0,00, real=0,00 secs] 
31,613: [GC (Allocation Failure) [PSYoungGen: 55904K->96K(55296K)] 57612K->1804K(230400K), 0,0003878 secs] [Times: user=0,00 sys=0,00, real=0,00 secs] 
31,655: [GC (Allocation Failure) [PSYoungGen: 54880K->128K(54272K)] 56588K->1836K(229376K), 0,0004312 secs] [Times: user=0,00 sys=0,00, real=0,00 secs] 
31,697: [GC (Allocation Failure) [PSYoungGen: 53888K->32K(65024K)] 55596K->1740K(240128K), 0,0007780 secs] [Times: user=0,00 sys=0,00, real=0,00 secs] 
31,748: [GC (Allocation Failure) [PSYoungGen: 64544K->96K(78336K)] 66252K->1804K(253440K), 0,0005999 secs] [Times: user=0,00 sys=0,00, real=0,01 secs] 
31,809: [GC (Allocation Failure) [PSYoungGen: 77920K->96K(76288K)] 79628K->1804K(251392K), 0,0004844 secs] [Times: user=0,00 sys=0,00, real=0,00 secs] 
31,868: [GC (Allocation Failure) [PSYoungGen: 75872K->64K(74752K)] 77580K->1772K(249856K), 0,0004772 secs] [Times: user=0,00 sys=0,00, real=0,01 secs] 
31,926: [GC (Allocation Failure) [PSYoungGen: 74304K->96K(73216K)] 76012K->1804K(248320K), 0,0004836 secs] [Times: user=0,00 sys=0,00, real=0,00 secs] 
31,983: [GC (Allocation Failure) [PSYoungGen: 72800K->96K(71680K)] 74508K->1804K(246784K), 0,0005210 secs] [Times: user=0,00 sys=0,00, real=0,00 secs] 
32,039: [GC (Allocation Failure) [PSYoungGen: 71264K->64K(70144K)] 72972K->1772K(245248K), 0,0004590 secs] [Times: user=0,00 sys=0,00, real=0,00 secs] 
32,093: [GC (Allocation Failure) [PSYoungGen: 69696K->96K(68608K)] 71404K->1804K(243712K), 0,0004821 secs] [Times: user=0,00 sys=0,00, real=0,00 secs] 
32,147: [GC (Allocation Failure) [PSYoungGen: 68192K->64K(67072K)] 69900K->1772K(242176K), 0,0004933 secs] [Times: user=0,00 sys=0,00, real=0,00 secs] 
32,199: [GC (Allocation Failure) [PSYoungGen: 66624K->64K(65536K)] 68332K->1772K(240640K), 0,0005365 secs] [Times: user=0,00 sys=0,00, real=0,00 secs] 
32,250: [GC (Allocation Failure) [PSYoungGen: 65088K->96K(64000K)] 66796K->1804K(239104K), 0,0004866 secs] [Times: user=0,00 sys=0,00, real=0,00 secs] 
32,299: [GC (Allocation Failure) [PSYoungGen: 63584K->96K(62464K)] 65292K->1804K(237568K), 0,0004745 secs] [Times: user=0,00 sys=0,00, real=0,00 secs] 
32,348: [GC (Allocation Failure) [PSYoungGen: 62048K->96K(61440K)] 63756K->1804K(236544K), 0,0004718 secs] [Times: user=0,00 sys=0,00, real=0,00 secs] 
32,396: [GC (Allocation Failure) [PSYoungGen: 61024K->96K(60416K)] 62732K->1804K(235520K), 0,0004632 secs] [Times: user=0,00 sys=0,00, real=0,00 secs] 
32,443: [GC (Allocation Failure) [PSYoungGen: 60000K->96K(59392K)] 61708K->1804K(234496K), 0,0003952 secs] [Times: user=0,00 sys=0,00, real=0,00 secs] 
32,489: [GC (Allocation Failure) [PSYoungGen: 58976K->96K(58368K)] 60684K->1804K(233472K), 0,0004772 secs] [Times: user=0,01 sys=0,00, real=0,00 secs] 
32,535: [GC (Allocation Failure) [PSYoungGen: 57952K->64K(57344K)] 59660K->1772K(232448K), 0,0004666 secs] [Times: user=0,00 sys=0,00, real=0,00 secs] 
32,579: [GC (Allocation Failure) [PSYoungGen: 56896K->96K(56320K)] 58604K->1804K(231424K), 0,0003880 secs] [Times: user=0,00 sys=0,00, real=0,00 secs] 
32,623: [GC (Allocation Failure) [PSYoungGen: 55904K->96K(55296K)] 57612K->1804K(230400K), 0,0004242 secs] [Times: user=0,00 sys=0,00, real=0,00 secs] 
32,666: [GC (Allocation Failure) [PSYoungGen: 54880K->96K(54272K)] 56588K->1804K(229376K), 0,0003928 secs] [Times: user=0,00 sys=0,00, real=0,00 secs] 
32,708: [GC (Allocation Failure) [PSYoungGen: 53856K->96K(53248K)] 55564K->1804K(228352K), 0,0004703 secs] [Times: user=0,01 sys=0,00, real=0,01 secs] 
32,750: [GC (Allocation Failure) [PSYoungGen: 52832K->96K(52224K)] 54540K->1804K(227328K), 0,0003822 secs] [Times: user=0,00 sys=0,00, real=0,00 secs] 
32,790: [GC (Allocation Failure) [PSYoungGen: 51808K->96K(51200K)] 53516K->1804K(226304K), 0,0003767 secs] [Times: user=0,00 sys=0,00, real=0,00 secs] 
32,830: [GC (Allocation Failure) [PSYoungGen: 50784K->96K(50176K)] 52492K->1804K(225280K), 0,0003657 secs] [Times: user=0,00 sys=0,00, real=0,00 secs] 
32,869: [GC (Allocation Failure) [PSYoungGen: 49760K->64K(60416K)] 51468K->1772K(235520K), 0,0006415 secs] [Times: user=0,00 sys=0,00, real=0,00 secs] 
32,915: [GC (Allocation Failure) [PSYoungGen: 59968K->96K(59392K)] 61676K->1804K(234496K), 0,0003796 secs] [Times: user=0,00 sys=0,00, real=0,00 secs] 
32,962: [GC (Allocation Failure) [PSYoungGen: 58976K->64K(58368K)] 60684K->1772K(233472K), 0,0004619 secs] [Times: user=0,00 sys=0,01, real=0,00 secs] 
33,007: [GC (Allocation Failure) [PSYoungGen: 57920K->96K(57344K)] 59628K->1804K(232448K), 0,0003770 secs] [Times: user=0,00 sys=0,00, real=0,00 secs] 
33,051: [GC (Allocation Failure) [PSYoungGen: 56928K->96K(56320K)] 58636K->1804K(231424K), 0,0003930 secs] [Times: user=0,00 sys=0,00, real=0,00 secs] 
33,095: [GC (Allocation Failure) [PSYoungGen: 55904K->64K(55296K)] 57612K->1772K(230400K), 0,0004400 secs] [Times: user=0,01 sys=0,00, real=0,00 secs] 
33,138: [GC (Allocation Failure) [PSYoungGen: 54848K->96K(54272K)] 56556K->1804K(229376K), 0,0003816 secs] [Times: user=0,00 sys=0,00, real=0,00 secs] 
33,180: [GC (Allocation Failure) [PSYoungGen: 53856K->96K(53248K)] 55564K->1804K(228352K), 0,0003849 secs] [Times: user=0,00 sys=0,00, real=0,00 secs] 
33,222: [GC (Allocation Failure) [PSYoungGen: 52832K->96K(52224K)] 54540K->1804K(227328K), 0,0003842 secs] [Times: user=0,00 sys=0,00, real=0,00 secs] 
33,262: [GC (Allocation Failure) [PSYoungGen: 51808K->64K(51200K)] 53516K->1772K(226304K), 0,0004286 secs] [Times: user=0,00 sys=0,00, real=0,00 secs] 
33,302: [GC (Allocation Failure) [PSYoungGen: 50752K->96K(50176K)] 52460K->1804K(225280K), 0,0003800 secs] [Times: user=0,00 sys=0,00, real=0,00 secs] 
33,341: [GC (Allocation Failure) [PSYoungGen: 49760K->96K(49152K)] 51468K->1804K(224256K), 0,0003662 secs] [Times: user=0,00 sys=0,00, real=0,00 secs] 
33,380: [GC (Allocation Failure) [PSYoungGen: 48736K->96K(48128K)] 50444K->1804K(223232K), 0,0004747 secs] [Times: user=0,00 sys=0,00, real=0,00 secs] 
33,417: [GC (Allocation Failure) [PSYoungGen: 47712K->96K(47616K)] 49420K->1804K(222720K), 0,0003836 secs] [Times: user=0,00 sys=0,00, real=0,00 secs] 
33,454: [GC (Allocation Failure) [PSYoungGen: 47200K->96K(47104K)] 48908K->1804K(222208K), 0,0003758 secs] [Times: user=0,00 sys=0,00, real=0,00 secs] 
33,491: [GC (Allocation Failure) [PSYoungGen: 46688K->64K(46592K)] 48396K->1772K(221696K), 0,0003877 secs] [Times: user=0,00 sys=0,00, real=0,00 secs] 
33,527: [GC (Allocation Failure) [PSYoungGen: 46144K->64K(55808K)] 47852K->1772K(230912K), 0,0004653 secs] [Times: user=0,00 sys=0,00, real=0,00 secs] 
33,570: [GC (Allocation Failure) [PSYoungGen: 55360K->96K(54784K)] 57068K->1804K(229888K), 0,0003836 secs] [Times: user=0,00 sys=0,00, real=0,00 secs] 
33,613: [GC (Allocation Failure) [PSYoungGen: 54368K->96K(53760K)] 56076K->1804K(228864K), 0,0003684 secs] [Times: user=0,00 sys=0,00, real=0,00 secs] 
33,655: [GC (Allocation Failure) [PSYoungGen: 53343K->96K(52736K)] 55052K->1804K(227840K), 0,0003782 secs] [Times: user=0,00 sys=0,00, real=0,00 secs] 
33,696: [GC (Allocation Failure) [PSYoungGen: 52320K->96K(51712K)] 54028K->1804K(226816K), 0,0003964 secs] [Times: user=0,00 sys=0,00, real=0,00 secs] 
33,736: [GC (Allocation Failure) [PSYoungGen: 51296K->96K(50688K)] 53004K->1804K(225792K), 0,0003797 secs] [Times: user=0,00 sys=0,00, real=0,00 secs] 
33,775: [GC (Allocation Failure) [PSYoungGen: 50271K->96K(49664K)] 51980K->1804K(224768K), 0,0003647 secs] [Times: user=0,00 sys=0,00, real=0,00 secs] 
33,813: [GC (Allocation Failure) [PSYoungGen: 49248K->96K(48640K)] 50956K->1804K(223744K), 0,0003792 secs] [Times: user=0,00 sys=0,00, real=0,00 secs] 
33,851: [GC (Allocation Failure) [PSYoungGen: 48223K->96K(48128K)] 49932K->1804K(223232K), 0,0003707 secs] [Times: user=0,01 sys=0,00, real=0,00 secs] 
33,888: [GC (Allocation Failure) [PSYoungGen: 47712K->96K(47616K)] 49420K->1804K(222720K), 0,0003698 secs] [Times: user=0,00 sys=0,00, real=0,00 secs] 
33,925: [GC (Allocation Failure) [PSYoungGen: 47200K->96K(47104K)] 48908K->1804K(222208K), 0,0003732 secs] [Times: user=0,00 sys=0,00, real=0,00 secs] 
33,961: [GC (Allocation Failure) [PSYoungGen: 46688K->96K(46592K)] 48396K->1804K(221696K), 0,0003850 secs] [Times: user=0,00 sys=0,00, real=0,00 secs] 
33,997: [GC (Allocation Failure) [PSYoungGen: 46176K->96K(46080K)] 47884K->1804K(221184K), 0,0004386 secs] [Times: user=0,00 sys=0,00, real=0,00 secs] 
34,033: [GC (Allocation Failure) [PSYoungGen: 45664K->96K(45568K)] 47372K->1804K(220672K), 0,0004100 secs] [Times: user=0,00 sys=0,00, real=0,00 secs] 
34,068: [GC (Allocation Failure) [PSYoungGen: 45152K->96K(45056K)] 46860K->1804K(220160K), 0,0003743 secs] [Times: user=0,00 sys=0,00, real=0,01 secs] 
34,103: [GC (Allocation Failure) [PSYoungGen: 44640K->32K(44544K)] 46348K->1740K(219648K), 0,0003710 secs] [Times: user=0,00 sys=0,00, real=0,00 secs] 
34,138: [GC (Allocation Failure) [PSYoungGen: 44064K->96K(44032K)] 45772K->1804K(219136K), 0,0003834 secs] [Times: user=0,00 sys=0,00, real=0,01 secs] 
34,172: [GC (Allocation Failure) [PSYoungGen: 43616K->96K(43520K)] 45324K->1804K(218624K), 0,0003856 secs] [Times: user=0,00 sys=0,00, real=0,00 secs] 
34,206: [GC (Allocation Failure) [PSYoungGen: 43104K->96K(52224K)] 44812K->1804K(227328K), 0,0003774 secs] [Times: user=0,00 sys=0,00, real=0,00 secs] 
34,246: [GC (Allocation Failure) [PSYoungGen: 51807K->96K(51200K)] 53516K->1804K(226304K), 0,0003733 secs] [Times: user=0,00 sys=0,00, real=0,00 secs] 
34,286: [GC (Allocation Failure) [PSYoungGen: 50784K->96K(50176K)] 52492K->1804K(225280K), 0,0003786 secs] [Times: user=0,00 sys=0,00, real=0,00 secs] 
34,325: [GC (Allocation Failure) [PSYoungGen: 49760K->96K(49152K)] 51468K->1804K(224256K), 0,0004150 secs] [Times: user=0,00 sys=0,00, real=0,00 secs] 
34,363: [GC (Allocation Failure) [PSYoungGen: 48736K->64K(58880K)] 50444K->1772K(233984K), 0,0005270 secs] [Times: user=0,00 sys=0,00, real=0,00 secs] 
34,409: [GC (Allocation Failure) [PSYoungGen: 58432K->96K(57856K)] 60140K->1804K(232960K), 0,0003779 secs] [Times: user=0,00 sys=0,00, real=0,00 secs] 
34,453: [GC (Allocation Failure) [PSYoungGen: 57440K->96K(56832K)] 59148K->1804K(231936K), 0,0004603 secs] [Times: user=0,00 sys=0,00, real=0,00 secs] 
34,498: [GC (Allocation Failure) [PSYoungGen: 56416K->64K(55808K)] 58124K->1772K(230912K), 0,0004717 secs] [Times: user=0,00 sys=0,00, real=0,00 secs] 
34,541: [GC (Allocation Failure) [PSYoungGen: 55360K->96K(54784K)] 57068K->1804K(229888K), 0,0005001 secs] [Times: user=0,00 sys=0,00, real=0,00 secs] 
34,583: [GC (Allocation Failure) [PSYoungGen: 54368K->96K(53760K)] 56076K->1804K(228864K), 0,0004470 secs] [Times: user=0,00 sys=0,00, real=0,00 secs] 
34,625: [GC (Allocation Failure) [PSYoungGen: 53343K->96K(52736K)] 55052K->1804K(227840K), 0,0003807 secs] [Times: user=0,00 sys=0,00, real=0,00 secs] 
34,666: [GC (Allocation Failure) [PSYoungGen: 52320K->96K(51712K)] 54028K->1804K(226816K), 0,0003791 secs] [Times: user=0,00 sys=0,00, real=0,00 secs] 
34,706: [GC (Allocation Failure) [PSYoungGen: 51296K->96K(50688K)] 53004K->1804K(225792K), 0,0003997 secs] [Times: user=0,00 sys=0,00, real=0,00 secs] 
34,746: [GC (Allocation Failure) [PSYoungGen: 50272K->96K(49664K)] 51980K->1804K(224768K), 0,0004670 secs] [Times: user=0,01 sys=0,00, real=0,00 secs] 
34,784: [GC (Allocation Failure) [PSYoungGen: 49248K->96K(48640K)] 50956K->1804K(223744K), 0,0003651 secs] [Times: user=0,00 sys=0,00, real=0,00 secs] 
34,822: [GC (Allocation Failure) [PSYoungGen: 48223K->96K(48128K)] 49932K->1804K(223232K), 0,0003840 secs] [Times: user=0,00 sys=0,00, real=0,00 secs] 
34,859: [GC (Allocation Failure) [PSYoungGen: 47712K->128K(47616K)] 49420K->1836K(222720K), 0,0003703 secs] [Times: user=0,00 sys=0,00, real=0,00 secs] 
34,896: [GC (Allocation Failure) [PSYoungGen: 47232K->96K(47104K)] 48940K->1804K(222208K), 0,0003649 secs] [Times: user=0,00 sys=0,00, real=0,00 secs] 
34,933: [GC (Allocation Failure) [PSYoungGen: 46688K->96K(46592K)] 48396K->1804K(221696K), 0,0003774 secs] [Times: user=0,00 sys=0,00, real=0,00 secs] 
34,969: [GC (Allocation Failure) [PSYoungGen: 46176K->64K(46080K)] 47884K->1772K(221184K), 0,0004743 secs] [Times: user=0,00 sys=0,00, real=0,00 secs] 
35,005: [GC (Allocation Failure) [PSYoungGen: 45632K->64K(45568K)] 47340K->1772K(220672K), 0,0003911 secs] [Times: user=0,00 sys=0,00, real=0,00 secs] 
35,040: [GC (Allocation Failure) [PSYoungGen: 45120K->96K(45056K)] 46828K->1804K(220160K), 0,0003780 secs] [Times: user=0,00 sys=0,00, real=0,00 secs] 
35,075: [GC (Allocation Failure) [PSYoungGen: 44640K->96K(54272K)] 46348K->1804K(229376K), 0,0004231 secs] [Times: user=0,00 sys=0,00, real=0,00 secs] 
35,117: [GC (Allocation Failure) [PSYoungGen: 53856K->96K(53248K)] 55564K->1804K(228352K), 0,0003828 secs] [Times: user=0,00 sys=0,00, real=0,00 secs] 
35,159: [GC (Allocation Failure) [PSYoungGen: 52832K->64K(64000K)] 54540K->1772K(239104K), 0,0005373 secs] [Times: user=0,00 sys=0,00, real=0,00 secs] 
35,209: [GC (Allocation Failure) [PSYoungGen: 63552K->64K(62464K)] 65260K->1772K(237568K), 0,0004851 secs] [Times: user=0,00 sys=0,00, real=0,00 secs] 
35,257: [GC (Allocation Failure) [PSYoungGen: 62016K->96K(61440K)] 63724K->1804K(236544K), 0,0004851 secs] [Times: user=0,00 sys=0,00, real=0,00 secs] 
35,305: [GC (Allocation Failure) [PSYoungGen: 61024K->96K(60416K)] 62732K->1804K(235520K), 0,0005178 secs] [Times: user=0,00 sys=0,00, real=0,00 secs] 
35,352: [GC (Allocation Failure) [PSYoungGen: 60000K->32K(59392K)] 61708K->1740K(234496K), 0,0004137 secs] [Times: user=0,00 sys=0,00, real=0,00 secs] 
35,398: [GC (Allocation Failure) [PSYoungGen: 58912K->96K(58368K)] 60620K->1804K(233472K), 0,0003892 secs] [Times: user=0,00 sys=0,00, real=0,00 secs] 
35,444: [GC (Allocation Failure) [PSYoungGen: 57952K->96K(57344K)] 59660K->1804K(232448K), 0,0003797 secs] [Times: user=0,00 sys=0,00, real=0,00 secs] 
35,489: [GC (Allocation Failure) [PSYoungGen: 56928K->96K(56320K)] 58636K->1804K(231424K), 0,0004917 secs] [Times: user=0,00 sys=0,00, real=0,00 secs] 
35,533: [GC (Allocation Failure) [PSYoungGen: 55904K->96K(55296K)] 57612K->1804K(230400K), 0,0003814 secs] [Times: user=0,00 sys=0,00, real=0,00 secs] 
35,576: [GC (Allocation Failure) [PSYoungGen: 54880K->96K(54272K)] 56588K->1804K(229376K), 0,0003734 secs] [Times: user=0,00 sys=0,00, real=0,00 secs] 
35,618: [GC (Allocation Failure) [PSYoungGen: 53856K->32K(53248K)] 55564K->1740K(228352K), 0,0004266 secs] [Times: user=0,00 sys=0,00, real=0,00 secs] 
35,659: [GC (Allocation Failure) [PSYoungGen: 52768K->96K(52224K)] 54476K->1804K(227328K), 0,0003755 secs] [Times: user=0,00 sys=0,00, real=0,00 secs] 
35,700: [GC (Allocation Failure) [PSYoungGen: 51808K->96K(51200K)] 53516K->1804K(226304K), 0,0003996 secs] [Times: user=0,01 sys=0,00, real=0,00 secs] 
35,740: [GC (Allocation Failure) [PSYoungGen: 50784K->96K(50176K)] 52492K->1804K(225280K), 0,0003877 secs] [Times: user=0,01 sys=0,00, real=0,00 secs] 
35,778: [GC (Allocation Failure) [PSYoungGen: 49760K->64K(49152K)] 51468K->1772K(224256K), 0,0004646 secs] [Times: user=0,00 sys=0,00, real=0,00 secs] 
35,817: [GC (Allocation Failure) [PSYoungGen: 48704K->96K(48128K)] 50412K->1804K(223232K), 0,0003810 secs] [Times: user=0,00 sys=0,00, real=0,00 secs] 
35,854: [GC (Allocation Failure) [PSYoungGen: 47712K->96K(47616K)] 49420K->1804K(222720K), 0,0004071 secs] [Times: user=0,00 sys=0,00, real=0,00 secs] 
35,891: [GC (Allocation Failure) [PSYoungGen: 47200K->96K(47104K)] 48908K->1804K(222208K), 0,0003626 secs] [Times: user=0,00 sys=0,00, real=0,00 secs] 
35,927: [GC (Allocation Failure) [PSYoungGen: 46688K->96K(46592K)] 48396K->1804K(221696K), 0,0003649 secs] [Times: user=0,00 sys=0,00, real=0,00 secs] 
35,971: [GC (Allocation Failure) [PSYoungGen: 46176K->64K(55808K)] 47884K->1772K(230912K), 0,0010229 secs] [Times: user=0,00 sys=0,00, real=0,00 secs] 
36,015: [GC (Allocation Failure) [PSYoungGen: 55360K->96K(67072K)] 57068K->1804K(242176K), 0,0004826 secs] [Times: user=0,00 sys=0,00, real=0,00 secs] 
36,067: [GC (Allocation Failure) [PSYoungGen: 66656K->96K(80384K)] 68364K->1804K(255488K), 0,0004688 secs] [Times: user=0,00 sys=0,00, real=0,00 secs] 
36,129: [GC (Allocation Failure) [PSYoungGen: 79968K->96K(78336K)] 81676K->1804K(253440K), 0,0004827 secs] [Times: user=0,00 sys=0,00, real=0,00 secs] 
36,190: [GC (Allocation Failure) [PSYoungGen: 77920K->96K(76288K)] 79628K->1804K(251392K), 0,0004883 secs] [Times: user=0,00 sys=0,00, real=0,00 secs] 
36,250: [GC (Allocation Failure) [PSYoungGen: 75872K->96K(74752K)] 77580K->1804K(249856K), 0,0004948 secs] [Times: user=0,00 sys=0,00, real=0,00 secs] 
36,308: [GC (Allocation Failure) [PSYoungGen: 74336K->64K(73216K)] 76044K->1772K(248320K), 0,0005214 secs] [Times: user=0,00 sys=0,00, real=0,00 secs] 
36,365: [GC (Allocation Failure) [PSYoungGen: 72768K->96K(71680K)] 74476K->1804K(246784K), 0,0004877 secs] [Times: user=0,01 sys=0,00, real=0,00 secs] 
36,420: [GC (Allocation Failure) [PSYoungGen: 71264K->64K(70144K)] 72972K->1772K(245248K), 0,0005703 secs] [Times: user=0,00 sys=0,00, real=0,00 secs] 
36,475: [GC (Allocation Failure) [PSYoungGen: 69696K->96K(68608K)] 71404K->1804K(243712K), 0,0005016 secs] [Times: user=0,00 sys=0,00, real=0,00 secs] 
36,529: [GC (Allocation Failure) [PSYoungGen: 68192K->96K(67072K)] 69900K->1804K(242176K), 0,0005409 secs] [Times: user=0,00 sys=0,00, real=0,00 secs] 
36,581: [GC (Allocation Failure) [PSYoungGen: 66656K->96K(65536K)] 68364K->1804K(240640K), 0,0004821 secs] [Times: user=0,00 sys=0,00, real=0,00 secs] 
36,632: [GC (Allocation Failure) [PSYoungGen: 65120K->96K(64000K)] 66828K->1804K(239104K), 0,0004583 secs] [Times: user=0,00 sys=0,00, real=0,00 secs] 
36,681: [GC (Allocation Failure) [PSYoungGen: 63584K->96K(62464K)] 65292K->1804K(237568K), 0,0004583 secs] [Times: user=0,00 sys=0,00, real=0,00 secs] 
36,730: [GC (Allocation Failure) [PSYoungGen: 62048K->96K(61440K)] 63756K->1804K(236544K), 0,0005687 secs] [Times: user=0,00 sys=0,00, real=0,00 secs] 
36,778: [GC (Allocation Failure) [PSYoungGen: 61024K->96K(60416K)] 62732K->1804K(235520K), 0,0004786 secs] [Times: user=0,00 sys=0,00, real=0,01 secs] 
36,825: [GC (Allocation Failure) [PSYoungGen: 60000K->96K(59392K)] 61708K->1804K(234496K), 0,0003889 secs] [Times: user=0,00 sys=0,00, real=0,00 secs] 
36,871: [GC (Allocation Failure) [PSYoungGen: 58976K->96K(58368K)] 60684K->1804K(233472K), 0,0004243 secs] [Times: user=0,01 sys=0,00, real=0,00 secs] 
36,916: [GC (Allocation Failure) [PSYoungGen: 57952K->64K(57344K)] 59660K->1772K(232448K), 0,0004486 secs] [Times: user=0,00 sys=0,00, real=0,00 secs] 
36,961: [GC (Allocation Failure) [PSYoungGen: 56896K->96K(56320K)] 58604K->1804K(231424K), 0,0004059 secs] [Times: user=0,01 sys=0,00, real=0,00 secs] 
37,004: [GC (Allocation Failure) [PSYoungGen: 55904K->96K(55296K)] 57612K->1804K(230400K), 0,0004113 secs] [Times: user=0,00 sys=0,00, real=0,00 secs] 
37,048: [GC (Allocation Failure) [PSYoungGen: 54880K->96K(54272K)] 56588K->1804K(229376K), 0,0003979 secs] [Times: user=0,00 sys=0,00, real=0,00 secs] 
37,090: [GC (Allocation Failure) [PSYoungGen: 53856K->96K(53248K)] 55564K->1804K(228352K), 0,0003841 secs] [Times: user=0,01 sys=0,00, real=0,00 secs] 
37,131: [GC (Allocation Failure) [PSYoungGen: 52832K->96K(52224K)] 54540K->1804K(227328K), 0,0003753 secs] [Times: user=0,00 sys=0,00, real=0,00 secs] 
37,172: [GC (Allocation Failure) [PSYoungGen: 51808K->96K(51200K)] 53516K->1804K(226304K), 0,0003925 secs] [Times: user=0,00 sys=0,00, real=0,00 secs] 
37,211: [GC (Allocation Failure) [PSYoungGen: 50784K->96K(50176K)] 52492K->1804K(225280K), 0,0004654 secs] [Times: user=0,00 sys=0,00, real=0,00 secs] 
37,250: [GC (Allocation Failure) [PSYoungGen: 49760K->96K(49152K)] 51468K->1804K(224256K), 0,0003705 secs] [Times: user=0,00 sys=0,00, real=0,00 secs] 
37,289: [GC (Allocation Failure) [PSYoungGen: 48736K->96K(48128K)] 50444K->1804K(223232K), 0,0004068 secs] [Times: user=0,00 sys=0,00, real=0,00 secs] 
37,327: [GC (Allocation Failure) [PSYoungGen: 47712K->64K(57856K)] 49420K->1772K(232960K), 0,0009837 secs] [Times: user=0,01 sys=0,00, real=0,00 secs] 
37,386: [GC (Allocation Failure) [PSYoungGen: 57408K->64K(69632K)] 59116K->1772K(244736K), 0,0009004 secs] [Times: user=0,00 sys=0,00, real=0,00 secs] 
37,441: [GC (Allocation Failure) [PSYoungGen: 69184K->64K(83456K)] 70892K->1772K(258560K), 0,0005354 secs] [Times: user=0,00 sys=0,00, real=0,00 secs] 
37,507: [GC (Allocation Failure) [PSYoungGen: 83008K->32K(100352K)] 84716K->1740K(275456K), 0,0006802 secs] [Times: user=0,00 sys=0,00, real=0,00 secs] 
37,587: [GC (Allocation Failure) [PSYoungGen: 99872K->96K(97792K)] 101580K->1804K(272896K), 0,0005092 secs] [Times: user=0,00 sys=0,00, real=0,00 secs] 
37,663: [GC (Allocation Failure) [PSYoungGen: 97376K->96K(95232K)] 99084K->1804K(270336K), 0,0005000 secs] [Times: user=0,00 sys=0,00, real=0,00 secs] 
37,738: [GC (Allocation Failure) [PSYoungGen: 94816K->96K(92672K)] 96524K->1804K(267776K), 0,0004950 secs] [Times: user=0,01 sys=0,00, real=0,00 secs] 
37,810: [GC (Allocation Failure) [PSYoungGen: 92256K->96K(90112K)] 93964K->1804K(265216K), 0,0005300 secs] [Times: user=0,00 sys=0,00, real=0,00 secs] 
37,881: [GC (Allocation Failure) [PSYoungGen: 89696K->96K(87552K)] 91404K->1804K(262656K), 0,0005121 secs] [Times: user=0,00 sys=0,00, real=0,00 secs] 
37,949: [GC (Allocation Failure) [PSYoungGen: 87136K->64K(85504K)] 88844K->1772K(260608K), 0,0005051 secs] [Times: user=0,00 sys=0,00, real=0,00 secs] 
38,016: [GC (Allocation Failure) [PSYoungGen: 85056K->96K(83456K)] 86764K->1804K(258560K), 0,0005153 secs] [Times: user=0,00 sys=0,00, real=0,00 secs] 
38,082: [GC (Allocation Failure) [PSYoungGen: 83040K->96K(81408K)] 84748K->1804K(256512K), 0,0005013 secs] [Times: user=0,00 sys=0,00, real=0,00 secs] 
38,145: [GC (Allocation Failure) [PSYoungGen: 80992K->64K(79360K)] 82700K->1772K(254464K), 0,0004754 secs] [Times: user=0,00 sys=0,00, real=0,00 secs] 
38,207: [GC (Allocation Failure) [PSYoungGen: 78912K->96K(77312K)] 80620K->1804K(252416K), 0,0005007 secs] [Times: user=0,01 sys=0,00, real=0,00 secs] 
38,267: [GC (Allocation Failure) [PSYoungGen: 76896K->96K(75264K)] 78604K->1804K(250368K), 0,0004779 secs] [Times: user=0,01 sys=0,00, real=0,00 secs] 
38,325: [GC (Allocation Failure) [PSYoungGen: 74848K->96K(73728K)] 76556K->1804K(248832K), 0,0004733 secs] [Times: user=0,00 sys=0,00, real=0,00 secs] 
38,382: [GC (Allocation Failure) [PSYoungGen: 73312K->64K(72192K)] 75020K->1772K(247296K), 0,0005189 secs] [Times: user=0,00 sys=0,00, real=0,00 secs] 
38,438: [GC (Allocation Failure) [PSYoungGen: 71744K->96K(70656K)] 73452K->1804K(245760K), 0,0004834 secs] [Times: user=0,00 sys=0,00, real=0,00 secs] 
38,494: [GC (Allocation Failure) [PSYoungGen: 70240K->96K(69120K)] 71948K->1804K(244224K), 0,0004975 secs] [Times: user=0,00 sys=0,00, real=0,00 secs] 
38,548: [GC (Allocation Failure) [PSYoungGen: 68704K->96K(67584K)] 70412K->1804K(242688K), 0,0004725 secs] [Times: user=0,00 sys=0,00, real=0,00 secs] 
38,600: [GC (Allocation Failure) [PSYoungGen: 67168K->96K(66048K)] 68876K->1804K(241152K), 0,0004699 secs] [Times: user=0,00 sys=0,00, real=0,00 secs] 
38,652: [GC (Allocation Failure) [PSYoungGen: 65632K->96K(64512K)] 67340K->1804K(239616K), 0,0004607 secs] [Times: user=0,00 sys=0,00, real=0,00 secs] 
38,702: [GC (Allocation Failure) [PSYoungGen: 64096K->96K(62976K)] 65804K->1804K(238080K), 0,0004891 secs] [Times: user=0,00 sys=0,00, real=0,00 secs] 
38,751: [GC (Allocation Failure) [PSYoungGen: 62560K->96K(61952K)] 64268K->1804K(237056K), 0,0004677 secs] [Times: user=0,00 sys=0,00, real=0,00 secs] 
38,799: [GC (Allocation Failure) [PSYoungGen: 61536K->96K(60928K)] 63244K->1804K(236032K), 0,0004815 secs] [Times: user=0,00 sys=0,00, real=0,00 secs] 
38,846: [GC (Allocation Failure) [PSYoungGen: 60512K->96K(59904K)] 62220K->1804K(235008K), 0,0003773 secs] [Times: user=0,00 sys=0,00, real=0,00 secs] 
38,893: [GC (Allocation Failure) [PSYoungGen: 59488K->96K(58880K)] 61196K->1804K(233984K), 0,0004566 secs] [Times: user=0,00 sys=0,00, real=0,00 secs] 
38,938: [GC (Allocation Failure) [PSYoungGen: 58464K->96K(57856K)] 60172K->1804K(232960K), 0,0004488 secs] [Times: user=0,00 sys=0,00, real=0,01 secs] 
38,983: [GC (Allocation Failure) [PSYoungGen: 57440K->96K(56832K)] 59148K->1804K(231936K), 0,0004775 secs] [Times: user=0,00 sys=0,00, real=0,00 secs] 
39,028: [GC (Allocation Failure) [PSYoungGen: 56416K->96K(55808K)] 58124K->1804K(230912K), 0,0004014 secs] [Times: user=0,00 sys=0,00, real=0,00 secs] 
39,071: [GC (Allocation Failure) [PSYoungGen: 55392K->96K(54784K)] 57100K->1804K(229888K), 0,0003830 secs] [Times: user=0,01 sys=0,00, real=0,00 secs] 
39,114: [GC (Allocation Failure) [PSYoungGen: 54368K->96K(53760K)] 56076K->1804K(228864K), 0,0004744 secs] [Times: user=0,00 sys=0,00, real=0,00 secs] 
39,155: [GC (Allocation Failure) [PSYoungGen: 53344K->32K(52736K)] 55052K->1740K(227840K), 0,0004430 secs] [Times: user=0,00 sys=0,00, real=0,00 secs] 
39,197: [GC (Allocation Failure) [PSYoungGen: 52256K->96K(51712K)] 53964K->1804K(226816K), 0,0003827 secs] [Times: user=0,00 sys=0,00, real=0,00 secs] 
39,237: [GC (Allocation Failure) [PSYoungGen: 51296K->96K(50688K)] 53004K->1804K(225792K), 0,0004649 secs] [Times: user=0,00 sys=0,00, real=0,00 secs] 
39,276: [GC (Allocation Failure) [PSYoungGen: 50272K->96K(49664K)] 51980K->1804K(224768K), 0,0003823 secs] [Times: user=0,00 sys=0,00, real=0,00 secs] 
39,315: [GC (Allocation Failure) [PSYoungGen: 49248K->96K(48640K)] 50956K->1804K(223744K), 0,0003806 secs] [Times: user=0,00 sys=0,00, real=0,00 secs] 
39,353: [GC (Allocation Failure) [PSYoungGen: 48224K->32K(58368K)] 49932K->1740K(233472K), 0,0005752 secs] [Times: user=0,00 sys=0,00, real=0,00 secs] 
39,399: [GC (Allocation Failure) [PSYoungGen: 57888K->64K(57344K)] 59596K->1772K(232448K), 0,0004706 secs] [Times: user=0,00 sys=0,00, real=0,00 secs] 
39,443: [GC (Allocation Failure) [PSYoungGen: 56896K->64K(56320K)] 58604K->1772K(231424K), 0,0004690 secs] [Times: user=0,00 sys=0,00, real=0,00 secs] 
39,487: [GC (Allocation Failure) [PSYoungGen: 55872K->64K(67584K)] 57580K->1772K(242688K), 0,0005138 secs] [Times: user=0,00 sys=0,00, real=0,00 secs] 
39,539: [GC (Allocation Failure) [PSYoungGen: 67136K->64K(66048K)] 68844K->1772K(241152K), 0,0004707 secs] [Times: user=0,00 sys=0,00, real=0,00 secs] 
39,591: [GC (Allocation Failure) [PSYoungGen: 65600K->96K(64512K)] 67308K->1804K(239616K), 0,0004740 secs] [Times: user=0,00 sys=0,00, real=0,00 secs] 
39,641: [GC (Allocation Failure) [PSYoungGen: 64096K->96K(62976K)] 65804K->1804K(238080K), 0,0004733 secs] [Times: user=0,00 sys=0,00, real=0,00 secs] 
39,690: [GC (Allocation Failure) [PSYoungGen: 62560K->96K(61952K)] 64268K->1804K(237056K), 0,0005137 secs] [Times: user=0,00 sys=0,00, real=0,00 secs] 
39,742: [GC (Allocation Failure) [PSYoungGen: 61536K->96K(60928K)] 63244K->1804K(236032K), 0,0004824 secs] [Times: user=0,00 sys=0,00, real=0,00 secs] 
39,790: [GC (Allocation Failure) [PSYoungGen: 60512K->64K(59904K)] 62220K->1772K(235008K), 0,0004603 secs] [Times: user=0,00 sys=0,00, real=0,00 secs] 
39,836: [GC (Allocation Failure) [PSYoungGen: 59456K->96K(58880K)] 61164K->1804K(233984K), 0,0003820 secs] [Times: user=0,01 sys=0,00, real=0,00 secs] 
39,882: [GC (Allocation Failure) [PSYoungGen: 58464K->64K(57856K)] 60172K->1772K(232960K), 0,0004689 secs] [Times: user=0,00 sys=0,00, real=0,00 secs] 
39,927: [GC (Allocation Failure) [PSYoungGen: 57408K->64K(56832K)] 59116K->1772K(231936K), 0,0004672 secs] [Times: user=0,00 sys=0,00, real=0,00 secs] 
39,971: [GC (Allocation Failure) [PSYoungGen: 56384K->96K(55808K)] 58092K->1804K(230912K), 0,0004125 secs] [Times: user=0,00 sys=0,00, real=0,00 secs] 
40,015: [GC (Allocation Failure) [PSYoungGen: 55392K->64K(54784K)] 57100K->1772K(229888K), 0,0004764 secs] [Times: user=0,00 sys=0,00, real=0,00 secs] 
40,057: [GC (Allocation Failure) [PSYoungGen: 54336K->96K(53760K)] 56044K->1804K(228864K), 0,0003861 secs] [Times: user=0,00 sys=0,00, real=0,00 secs] 
40,099: [GC (Allocation Failure) [PSYoungGen: 53344K->96K(52736K)] 55052K->1804K(227840K), 0,0003912 secs] [Times: user=0,00 sys=0,00, real=0,00 secs] 
40,140: [GC (Allocation Failure) [PSYoungGen: 52320K->32K(63488K)] 54028K->1740K(238592K), 0,0009576 secs] [Times: user=0,00 sys=0,00, real=0,00 secs] 
40,190: [GC (Allocation Failure) [PSYoungGen: 63008K->96K(76288K)] 64716K->1804K(251392K), 0,0003922 secs] [Times: user=0,00 sys=0,00, real=0,00 secs] 
40,249: [GC (Allocation Failure) [PSYoungGen: 75872K->32K(91648K)] 77580K->1740K(266752K), 0,0005752 secs] [Times: user=0,00 sys=0,00, real=0,00 secs] 
40,320: [GC (Allocation Failure) [PSYoungGen: 91168K->64K(89088K)] 92876K->1772K(264192K), 0,0005346 secs] [Times: user=0,00 sys=0,00, real=0,00 secs] 
40,390: [GC (Allocation Failure) [PSYoungGen: 88640K->96K(87040K)] 90348K->1828K(262144K), 0,0005271 secs] [Times: user=0,00 sys=0,00, real=0,00 secs] 
40,457: [GC (Allocation Failure) [PSYoungGen: 86624K->96K(84992K)] 88356K->1828K(260096K), 0,0005354 secs] [Times: user=0,00 sys=0,00, real=0,00 secs] 
40,524: [GC (Allocation Failure) [PSYoungGen: 84576K->32K(82944K)] 86308K->1764K(258048K), 0,0005046 secs] [Times: user=0,00 sys=0,00, real=0,00 secs] 
40,588: [GC (Allocation Failure) [PSYoungGen: 82464K->96K(80896K)] 84196K->1828K(256000K), 0,0004999 secs] [Times: user=0,00 sys=0,00, real=0,01 secs] 
40,651: [GC (Allocation Failure) [PSYoungGen: 80480K->96K(78848K)] 82212K->1828K(253952K), 0,0004983 secs] [Times: user=0,00 sys=0,00, real=0,00 secs] 
40,712: [GC (Allocation Failure) [PSYoungGen: 78432K->96K(76800K)] 80164K->1828K(251904K), 0,0005456 secs] [Times: user=0,00 sys=0,00, real=0,00 secs] 
40,772: [GC (Allocation Failure) [PSYoungGen: 76384K->64K(74752K)] 78116K->1796K(249856K), 0,0005928 secs] [Times: user=0,00 sys=0,00, real=0,00 secs] 
40,830: [GC (Allocation Failure) [PSYoungGen: 74304K->96K(73216K)] 76036K->1828K(248320K), 0,0004825 secs] [Times: user=0,00 sys=0,00, real=0,00 secs] 
40,887: [GC (Allocation Failure) [PSYoungGen: 72800K->96K(71680K)] 74532K->1828K(246784K), 0,0004741 secs] [Times: user=0,00 sys=0,00, real=0,00 secs] 
40,943: [GC (Allocation Failure) [PSYoungGen: 71264K->96K(70144K)] 72996K->1828K(245248K), 0,0005359 secs] [Times: user=0,00 sys=0,00, real=0,00 secs] 
40,998: [GC (Allocation Failure) [PSYoungGen: 69728K->64K(68608K)] 71460K->1796K(243712K), 0,0004981 secs] [Times: user=0,00 sys=0,00, real=0,00 secs] 
41,051: [GC (Allocation Failure) [PSYoungGen: 68160K->96K(67072K)] 69892K->1828K(242176K), 0,0004720 secs] [Times: user=0,00 sys=0,00, real=0,00 secs] 
41,103: [GC (Allocation Failure) [PSYoungGen: 66656K->96K(65536K)] 68388K->1828K(240640K), 0,0004805 secs] [Times: user=0,00 sys=0,00, real=0,00 secs] 
41,154: [GC (Allocation Failure) [PSYoungGen: 65120K->32K(64000K)] 66852K->1764K(239104K), 0,0005047 secs] [Times: user=0,00 sys=0,00, real=0,00 secs] 
41,203: [GC (Allocation Failure) [PSYoungGen: 63520K->96K(62464K)] 65252K->1828K(237568K), 0,0005997 secs] [Times: user=0,00 sys=0,00, real=0,00 secs] 
41,252: [GC (Allocation Failure) [PSYoungGen: 62048K->96K(61440K)] 63780K->1828K(236544K), 0,0004943 secs] [Times: user=0,00 sys=0,00, real=0,00 secs] 
41,300: [GC (Allocation Failure) [PSYoungGen: 61024K->96K(60416K)] 62756K->1828K(235520K), 0,0004752 secs] [Times: user=0,00 sys=0,00, real=0,00 secs] 
41,347: [GC (Allocation Failure) [PSYoungGen: 60000K->96K(59392K)] 61732K->1828K(234496K), 0,0004346 secs] [Times: user=0,00 sys=0,00, real=0,00 secs] 
41,393: [GC (Allocation Failure) [PSYoungGen: 58976K->96K(58368K)] 60708K->1828K(233472K), 0,0004790 secs] [Times: user=0,00 sys=0,00, real=0,00 secs] 
41,438: [GC (Allocation Failure) [PSYoungGen: 57952K->96K(57344K)] 59684K->1828K(232448K), 0,0004759 secs] [Times: user=0,00 sys=0,00, real=0,01 secs] 
41,483: [GC (Allocation Failure) [PSYoungGen: 56928K->96K(56320K)] 58660K->1828K(231424K), 0,0006108 secs] [Times: user=0,00 sys=0,00, real=0,00 secs] 
41,527: [GC (Allocation Failure) [PSYoungGen: 55904K->96K(55296K)] 57636K->1828K(230400K), 0,0003832 secs] [Times: user=0,00 sys=0,00, real=0,00 secs] 
41,570: [GC (Allocation Failure) [PSYoungGen: 54880K->96K(54272K)] 56612K->1828K(229376K), 0,0003745 secs] [Times: user=0,00 sys=0,00, real=0,00 secs] 
41,612: [GC (Allocation Failure) [PSYoungGen: 53856K->64K(53248K)] 55588K->1796K(228352K), 0,0004707 secs] [Times: user=0,00 sys=0,00, real=0,00 secs] 
41,653: [GC (Allocation Failure) [PSYoungGen: 52800K->96K(52224K)] 54532K->1828K(227328K), 0,0003906 secs] [Times: user=0,00 sys=0,00, real=0,00 secs] 
41,694: [GC (Allocation Failure) [PSYoungGen: 51808K->96K(51200K)] 53540K->1828K(226304K), 0,0004343 secs] [Times: user=0,01 sys=0,00, real=0,00 secs] 
41,734: [GC (Allocation Failure) [PSYoungGen: 50784K->96K(50176K)] 52516K->1828K(225280K), 0,0004008 secs] [Times: user=0,01 sys=0,00, real=0,00 secs] 
41,773: [GC (Allocation Failure) [PSYoungGen: 49760K->64K(49152K)] 51492K->1796K(224256K), 0,0003906 secs] [Times: user=0,00 sys=0,00, real=0,00 secs] 
41,811: [GC (Allocation Failure) [PSYoungGen: 48704K->96K(48128K)] 50436K->1828K(223232K), 0,0003909 secs] [Times: user=0,00 sys=0,00, real=0,00 secs] 
41,848: [GC (Allocation Failure) [PSYoungGen: 47712K->96K(47616K)] 49444K->1828K(222720K), 0,0003795 secs] [Times: user=0,00 sys=0,00, real=0,01 secs] 
41,885: [GC (Allocation Failure) [PSYoungGen: 47200K->96K(47104K)] 48932K->1828K(222208K), 0,0004313 secs] [Times: user=0,00 sys=0,00, real=0,00 secs] 
41,922: [GC (Allocation Failure) [PSYoungGen: 46688K->96K(46592K)] 48420K->1828K(221696K), 0,0003754 secs] [Times: user=0,00 sys=0,00, real=0,00 secs] 
41,958: [GC (Allocation Failure) [PSYoungGen: 46176K->96K(46080K)] 47908K->1828K(221184K), 0,0003753 secs] [Times: user=0,00 sys=0,00, real=0,01 secs] 
41,994: [GC (Allocation Failure) [PSYoungGen: 45664K->64K(45568K)] 47396K->1796K(220672K), 0,0003933 secs] [Times: user=0,00 sys=0,00, real=0,00 secs] 
42,030: [GC (Allocation Failure) [PSYoungGen: 45120K->96K(45056K)] 46852K->1828K(220160K), 0,0003917 secs] [Times: user=0,00 sys=0,00, real=0,00 secs] 
42,064: [GC (Allocation Failure) [PSYoungGen: 44640K->128K(44544K)] 46372K->1860K(219648K), 0,0003922 secs] [Times: user=0,00 sys=0,00, real=0,00 secs] 
42,099: [GC (Allocation Failure) [PSYoungGen: 44160K->96K(44032K)] 45892K->1828K(219136K), 0,0003983 secs] [Times: user=0,00 sys=0,00, real=0,00 secs] 
42,133: [GC (Allocation Failure) [PSYoungGen: 43616K->96K(52736K)] 45348K->1828K(227840K), 0,0004503 secs] [Times: user=0,00 sys=0,00, real=0,00 secs] 
42,174: [GC (Allocation Failure) [PSYoungGen: 52320K->96K(63488K)] 54052K->1828K(238592K), 0,0007161 secs] [Times: user=0,00 sys=0,00, real=0,00 secs] 
42,224: [GC (Allocation Failure) [PSYoungGen: 63072K->96K(76288K)] 64804K->1836K(251392K), 0,0003937 secs] [Times: user=0,00 sys=0,00, real=0,00 secs] 
42,283: [GC (Allocation Failure) [PSYoungGen: 75872K->96K(74752K)] 77612K->1836K(249856K), 0,0004777 secs] [Times: user=0,00 sys=0,00, real=0,00 secs] 
42,341: [GC (Allocation Failure) [PSYoungGen: 74335K->96K(73216K)] 76076K->1836K(248320K), 0,0004705 secs] [Times: user=0,00 sys=0,00, real=0,00 secs] 
42,398: [GC (Allocation Failure) [PSYoungGen: 72800K->96K(71680K)] 74540K->1836K(246784K), 0,0004959 secs] [Times: user=0,00 sys=0,00, real=0,01 secs] 
42,454: [GC (Allocation Failure) [PSYoungGen: 71263K->96K(70144K)] 73004K->1836K(245248K), 0,0004810 secs] [Times: user=0,00 sys=0,00, real=0,00 secs] 
42,508: [GC (Allocation Failure) [PSYoungGen: 69728K->96K(68608K)] 71468K->1836K(243712K), 0,0005888 secs] [Times: user=0,01 sys=0,00, real=0,00 secs] 
42,562: [GC (Allocation Failure) [PSYoungGen: 68192K->96K(67072K)] 69932K->1836K(242176K), 0,0004836 secs] [Times: user=0,00 sys=0,00, real=0,00 secs] 
42,614: [GC (Allocation Failure) [PSYoungGen: 66656K->96K(65536K)] 68396K->1836K(240640K), 0,0004830 secs] [Times: user=0,00 sys=0,00, real=0,00 secs] 
42,665: [GC (Allocation Failure) [PSYoungGen: 65120K->96K(64000K)] 66860K->1836K(239104K), 0,0005588 secs] [Times: user=0,00 sys=0,00, real=0,00 secs] 
42,714: [GC (Allocation Failure) [PSYoungGen: 63584K->96K(62464K)] 65324K->1836K(237568K), 0,0004956 secs] [Times: user=0,00 sys=0,00, real=0,00 secs] 
42,763: [GC (Allocation Failure) [PSYoungGen: 62048K->96K(61440K)] 63788K->1836K(236544K), 0,0004697 secs] [Times: user=0,00 sys=0,00, real=0,00 secs] 
42,811: [GC (Allocation Failure) [PSYoungGen: 61024K->96K(60416K)] 62764K->1836K(235520K), 0,0004671 secs] [Times: user=0,00 sys=0,00, real=0,00 secs] 
42,858: [GC (Allocation Failure) [PSYoungGen: 59999K->64K(59392K)] 61740K->1804K(234496K), 0,0005616 secs] [Times: user=0,00 sys=0,00, real=0,00 secs] 
42,904: [GC (Allocation Failure) [PSYoungGen: 58944K->96K(58368K)] 60684K->1836K(233472K), 0,0004729 secs] [Times: user=0,00 sys=0,00, real=0,00 secs] 
42,949: [GC (Allocation Failure) [PSYoungGen: 57952K->96K(57344K)] 59692K->1836K(232448K), 0,0003869 secs] [Times: user=0,00 sys=0,00, real=0,00 secs] 
42,994: [GC (Allocation Failure) [PSYoungGen: 56928K->96K(56320K)] 58668K->1836K(231424K), 0,0005256 secs] [Times: user=0,00 sys=0,00, real=0,00 secs] 
43,038: [GC (Allocation Failure) [PSYoungGen: 55904K->64K(55296K)] 57644K->1804K(230400K), 0,0005303 secs] [Times: user=0,00 sys=0,00, real=0,01 secs] 
43,081: [GC (Allocation Failure) [PSYoungGen: 54848K->96K(54272K)] 56588K->1836K(229376K), 0,0004577 secs] [Times: user=0,00 sys=0,00, real=0,00 secs] 
43,123: [GC (Allocation Failure) [PSYoungGen: 53856K->64K(53248K)] 55596K->1804K(228352K), 0,0003817 secs] [Times: user=0,00 sys=0,00, real=0,00 secs] 
43,164: [GC (Allocation Failure) [PSYoungGen: 52800K->96K(52224K)] 54540K->1836K(227328K), 0,0005164 secs] [Times: user=0,01 sys=0,01, real=0,00 secs] 
43,205: [GC (Allocation Failure) [PSYoungGen: 51808K->96K(51200K)] 53548K->1836K(226304K), 0,0004222 secs] [Times: user=0,00 sys=0,00, real=0,00 secs] 
43,245: [GC (Allocation Failure) [PSYoungGen: 50784K->64K(50176K)] 52524K->1804K(225280K), 0,0003806 secs] [Times: user=0,00 sys=0,00, real=0,00 secs] 
43,284: [GC (Allocation Failure) [PSYoungGen: 49728K->96K(49152K)] 51468K->1836K(224256K), 0,0004236 secs] [Times: user=0,01 sys=0,00, real=0,00 secs] 
43,322: [GC (Allocation Failure) [PSYoungGen: 48736K->96K(48128K)] 50476K->1836K(223232K), 0,0003790 secs] [Times: user=0,00 sys=0,00, real=0,00 secs] 
43,360: [GC (Allocation Failure) [PSYoungGen: 47712K->96K(57856K)] 49452K->1836K(232960K), 0,0006066 secs] [Times: user=0,00 sys=0,00, real=0,00 secs] 
43,405: [GC (Allocation Failure) [PSYoungGen: 57440K->96K(69632K)] 59180K->1836K(244736K), 0,0003959 secs] [Times: user=0,00 sys=0,00, real=0,00 secs] 
43,459: [GC (Allocation Failure) [PSYoungGen: 69216K->96K(68096K)] 70956K->1836K(243200K), 0,0005374 secs] [Times: user=0,00 sys=0,00, real=0,00 secs] 
43,512: [GC (Allocation Failure) [PSYoungGen: 67680K->64K(66560K)] 69420K->1804K(241664K), 0,0005575 secs] [Times: user=0,00 sys=0,00, real=0,00 secs] 
43,564: [GC (Allocation Failure) [PSYoungGen: 66112K->96K(65024K)] 67852K->1836K(240128K), 0,0004619 secs] [Times: user=0,00 sys=0,00, real=0,00 secs] 
43,614: [GC (Allocation Failure) [PSYoungGen: 64608K->96K(63488K)] 66348K->1836K(238592K), 0,0004969 secs] [Times: user=0,00 sys=0,00, real=0,00 secs] 
43,664: [GC (Allocation Failure) [PSYoungGen: 63072K->96K(61952K)] 64812K->1836K(237056K), 0,0004777 secs] [Times: user=0,00 sys=0,00, real=0,00 secs] 
43,712: [GC (Allocation Failure) [PSYoungGen: 61536K->64K(60928K)] 63276K->1804K(236032K), 0,0004638 secs] [Times: user=0,01 sys=0,00, real=0,00 secs] 
43,759: [GC (Allocation Failure) [PSYoungGen: 60480K->96K(59904K)] 62220K->1836K(235008K), 0,0004822 secs] [Times: user=0,00 sys=0,00, real=0,00 secs] 
43,806: [GC (Allocation Failure) [PSYoungGen: 59488K->32K(58880K)] 61228K->1772K(233984K), 0,0005152 secs] [Times: user=0,00 sys=0,00, real=0,00 secs] 
43,852: [GC (Allocation Failure) [PSYoungGen: 58400K->96K(57856K)] 60140K->1836K(232960K), 0,0004590 secs] [Times: user=0,00 sys=0,00, real=0,00 secs] 
43,896: [GC (Allocation Failure) [PSYoungGen: 57440K->96K(56832K)] 59180K->1836K(231936K), 0,0003791 secs] [Times: user=0,00 sys=0,00, real=0,00 secs] 
43,941: [GC (Allocation Failure) [PSYoungGen: 56416K->96K(55808K)] 58156K->1836K(230912K), 0,0003986 secs] [Times: user=0,01 sys=0,00, real=0,00 secs] 
43,984: [GC (Allocation Failure) [PSYoungGen: 55392K->64K(54784K)] 57132K->1804K(229888K), 0,0004821 secs] [Times: user=0,00 sys=0,00, real=0,00 secs] 
44,027: [GC (Allocation Failure) [PSYoungGen: 54336K->64K(53760K)] 56076K->1804K(228864K), 0,0004876 secs] [Times: user=0,00 sys=0,00, real=0,00 secs] 
44,069: [GC (Allocation Failure) [PSYoungGen: 53312K->96K(52736K)] 55052K->1836K(227840K), 0,0004998 secs] [Times: user=0,00 sys=0,00, real=0,00 secs] 
44,110: [GC (Allocation Failure) [PSYoungGen: 52320K->64K(51712K)] 54060K->1804K(226816K), 0,0004525 secs] [Times: user=0,01 sys=0,00, real=0,00 secs] 
44,150: [GC (Allocation Failure) [PSYoungGen: 51264K->96K(50688K)] 53004K->1836K(225792K), 0,0004067 secs] [Times: user=0,00 sys=0,00, real=0,00 secs] 
44,190: [GC (Allocation Failure) [PSYoungGen: 50272K->96K(49664K)] 52012K->1836K(224768K), 0,0003933 secs] [Times: user=0,00 sys=0,00, real=0,00 secs] 
44,228: [GC (Allocation Failure) [PSYoungGen: 49248K->96K(48640K)] 50988K->1836K(223744K), 0,0003842 secs] [Times: user=0,00 sys=0,00, real=0,00 secs] 
44,266: [GC (Allocation Failure) [PSYoungGen: 48224K->96K(48128K)] 49964K->1836K(223232K), 0,0003799 secs] [Times: user=0,00 sys=0,00, real=0,00 secs] 
44,304: [GC (Allocation Failure) [PSYoungGen: 47712K->96K(47616K)] 49452K->1836K(222720K), 0,0003847 secs] [Times: user=0,00 sys=0,00, real=0,00 secs] 
44,341: [GC (Allocation Failure) [PSYoungGen: 47200K->96K(47104K)] 48940K->1836K(222208K), 0,0003687 secs] [Times: user=0,00 sys=0,00, real=0,00 secs] 
44,377: [GC (Allocation Failure) [PSYoungGen: 46688K->96K(46592K)] 48428K->1836K(221696K), 0,0003875 secs] [Times: user=0,00 sys=0,00, real=0,00 secs] 
44,413: [GC (Allocation Failure) [PSYoungGen: 46176K->128K(46080K)] 47916K->1868K(221184K), 0,0003758 secs] [Times: user=0,00 sys=0,00, real=0,00 secs] 
44,449: [GC (Allocation Failure) [PSYoungGen: 45696K->96K(45568K)] 47436K->1836K(220672K), 0,0003694 secs] [Times: user=0,00 sys=0,00, real=0,00 secs] 
44,485: [GC (Allocation Failure) [PSYoungGen: 45152K->96K(45056K)] 46892K->1836K(220160K), 0,0004221 secs] [Times: user=0,00 sys=0,00, real=0,00 secs] 
44,520: [GC (Allocation Failure) [PSYoungGen: 44640K->96K(44544K)] 46380K->1836K(219648K), 0,0003968 secs] [Times: user=0,00 sys=0,00, real=0,00 secs] 
44,555: [GC (Allocation Failure) [PSYoungGen: 44128K->64K(44032K)] 45868K->1804K(219136K), 0,0003696 secs] [Times: user=0,00 sys=0,00, real=0,00 secs] 
44,589: [GC (Allocation Failure) [PSYoungGen: 43584K->96K(43520K)] 45324K->1836K(218624K), 0,0003968 secs] [Times: user=0,00 sys=0,00, real=0,00 secs] 
44,623: [GC (Allocation Failure) [PSYoungGen: 43104K->96K(43008K)] 44844K->1836K(218112K), 0,0003788 secs] [Times: user=0,00 sys=0,00, real=0,00 secs] 
44,656: [GC (Allocation Failure) [PSYoungGen: 42592K->96K(51712K)] 44332K->1836K(226816K), 0,0003702 secs] [Times: user=0,01 sys=0,00, real=0,00 secs] 
44,696: [GC (Allocation Failure) [PSYoungGen: 51296K->96K(50688K)] 53036K->1836K(225792K), 0,0004000 secs] [Times: user=0,00 sys=0,00, real=0,00 secs] 
44,736: [GC (Allocation Failure) [PSYoungGen: 50272K->96K(49664K)] 52012K->1836K(224768K), 0,0003877 secs] [Times: user=0,01 sys=0,00, real=0,00 secs] 
44,774: [GC (Allocation Failure) [PSYoungGen: 49248K->96K(48640K)] 50988K->1836K(223744K), 0,0003754 secs] [Times: user=0,00 sys=0,00, real=0,00 secs] 
44,812: [GC (Allocation Failure) [PSYoungGen: 48224K->96K(48128K)] 49964K->1836K(223232K), 0,0004967 secs] [Times: user=0,00 sys=0,00, real=0,00 secs] 
44,850: [GC (Allocation Failure) [PSYoungGen: 47712K->96K(47616K)] 49452K->1836K(222720K), 0,0003792 secs] [Times: user=0,00 sys=0,00, real=0,00 secs] 
44,887: [GC (Allocation Failure) [PSYoungGen: 47200K->128K(47104K)] 48940K->1868K(222208K), 0,0003739 secs] [Times: user=0,00 sys=0,00, real=0,00 secs] 
44,923: [GC (Allocation Failure) [PSYoungGen: 46720K->96K(46592K)] 48460K->1836K(221696K), 0,0003837 secs] [Times: user=0,00 sys=0,00, real=0,00 secs] 
44,959: [GC (Allocation Failure) [PSYoungGen: 46176K->96K(46080K)] 47916K->1836K(221184K), 0,0003684 secs] [Times: user=0,00 sys=0,00, real=0,00 secs] 
44,995: [GC (Allocation Failure) [PSYoungGen: 45664K->64K(45568K)] 47404K->1804K(220672K), 0,0003867 secs] [Times: user=0,00 sys=0,00, real=0,00 secs] 
45,030: [GC (Allocation Failure) [PSYoungGen: 45120K->96K(45056K)] 46860K->1836K(220160K), 0,0003642 secs] [Times: user=0,00 sys=0,00, real=0,00 secs] 
45,065: [GC (Allocation Failure) [PSYoungGen: 44640K->96K(44544K)] 46380K->1836K(219648K), 0,0003746 secs] [Times: user=0,00 sys=0,00, real=0,00 secs] 
45,100: [GC (Allocation Failure) [PSYoungGen: 44128K->96K(44032K)] 45868K->1836K(219136K), 0,0004143 secs] [Times: user=0,00 sys=0,00, real=0,00 secs] 
45,134: [GC (Allocation Failure) [PSYoungGen: 43616K->96K(43520K)] 45356K->1836K(218624K), 0,0003664 secs] [Times: user=0,00 sys=0,00, real=0,00 secs] 
45,167: [GC (Allocation Failure) [PSYoungGen: 43104K->96K(43008K)] 44844K->1836K(218112K), 0,0003816 secs] [Times: user=0,00 sys=0,00, real=0,00 secs] 
45,201: [GC (Allocation Failure) [PSYoungGen: 42592K->96K(42496K)] 44332K->1836K(217600K), 0,0003655 secs] [Times: user=0,00 sys=0,00, real=0,00 secs] 
45,234: [GC (Allocation Failure) [PSYoungGen: 42080K->96K(51200K)] 43820K->1836K(226304K), 0,0003663 secs] [Times: user=0,00 sys=0,00, real=0,00 secs] 
45,274: [GC (Allocation Failure) [PSYoungGen: 50784K->96K(50176K)] 52524K->1836K(225280K), 0,0003877 secs] [Times: user=0,00 sys=0,00, real=0,00 secs] 
45,312: [GC (Allocation Failure) [PSYoungGen: 49760K->96K(49152K)] 51500K->1836K(224256K), 0,0003652 secs] [Times: user=0,01 sys=0,00, real=0,00 secs] 
45,351: [GC (Allocation Failure) [PSYoungGen: 48736K->96K(48128K)] 50476K->1836K(223232K), 0,0004545 secs] [Times: user=0,00 sys=0,00, real=0,00 secs] 
45,388: [GC (Allocation Failure) [PSYoungGen: 47712K->96K(47616K)] 49452K->1836K(222720K), 0,0003900 secs] [Times: user=0,00 sys=0,00, real=0,01 secs] 
45,425: [GC (Allocation Failure) [PSYoungGen: 47200K->96K(47104K)] 48940K->1836K(222208K), 0,0003686 secs] [Times: user=0,00 sys=0,00, real=0,00 secs] 
45,462: [GC (Allocation Failure) [PSYoungGen: 46688K->96K(46592K)] 48428K->1836K(221696K), 0,0003913 secs] [Times: user=0,01 sys=0,01, real=0,00 secs] 
45,498: [GC (Allocation Failure) [PSYoungGen: 46176K->96K(46080K)] 47916K->1836K(221184K), 0,0004008 secs] [Times: user=0,00 sys=0,00, real=0,01 secs] 
45,534: [GC (Allocation Failure) [PSYoungGen: 45664K->96K(45568K)] 47404K->1836K(220672K), 0,0003740 secs] [Times: user=0,00 sys=0,00, real=0,00 secs] 
45,569: [GC (Allocation Failure) [PSYoungGen: 45152K->96K(45056K)] 46892K->1836K(220160K), 0,0003848 secs] [Times: user=0,00 sys=0,00, real=0,00 secs] 
45,604: [GC (Allocation Failure) [PSYoungGen: 44640K->96K(44544K)] 46380K->1836K(219648K), 0,0003891 secs] [Times: user=0,00 sys=0,00, real=0,00 secs] 
45,638: [GC (Allocation Failure) [PSYoungGen: 44128K->96K(44032K)] 45868K->1836K(219136K), 0,0003642 secs] [Times: user=0,00 sys=0,00, real=0,01 secs] 
45,672: [GC (Allocation Failure) [PSYoungGen: 43616K->96K(52736K)] 45356K->1836K(227840K), 0,0005605 secs] [Times: user=0,00 sys=0,00, real=0,00 secs] 
45,713: [GC (Allocation Failure) [PSYoungGen: 52320K->96K(63488K)] 54060K->1836K(238592K), 0,0004003 secs] [Times: user=0,00 sys=0,00, real=0,00 secs] 
45,763: [GC (Allocation Failure) [PSYoungGen: 63072K->96K(76288K)] 64812K->1836K(251392K), 0,0004794 secs] [Times: user=0,00 sys=0,00, real=0,00 secs] 
45,822: [GC (Allocation Failure) [PSYoungGen: 75872K->96K(74752K)] 77612K->1836K(249856K), 0,0004716 secs] [Times: user=0,00 sys=0,00, real=0,00 secs] 
45,880: [GC (Allocation Failure) [PSYoungGen: 74336K->96K(73216K)] 76076K->1836K(248320K), 0,0004982 secs] [Times: user=0,00 sys=0,00, real=0,00 secs] 
45,937: [GC (Allocation Failure) [PSYoungGen: 72800K->96K(71680K)] 74540K->1836K(246784K), 0,0004722 secs] [Times: user=0,00 sys=0,00, real=0,00 secs] 
45,995: [GC (Allocation Failure) [PSYoungGen: 71264K->96K(70144K)] 73004K->1836K(245248K), 0,0005292 secs] [Times: user=0,00 sys=0,00, real=0,00 secs] 
46,050: [GC (Allocation Failure) [PSYoungGen: 69728K->64K(68608K)] 71468K->1804K(243712K), 0,0004757 secs] [Times: user=0,00 sys=0,00, real=0,00 secs] 
46,103: [GC (Allocation Failure) [PSYoungGen: 68160K->64K(67072K)] 69900K->1804K(242176K), 0,0004735 secs] [Times: user=0,00 sys=0,00, real=0,00 secs] 
46,155: [GC (Allocation Failure) [PSYoungGen: 66624K->128K(65536K)] 68364K->1868K(240640K), 0,0005031 secs] [Times: user=0,00 sys=0,00, real=0,00 secs] 
46,206: [GC (Allocation Failure) [PSYoungGen: 65152K->96K(64000K)] 66892K->1836K(239104K), 0,0004847 secs] [Times: user=0,01 sys=0,00, real=0,00 secs] 
46,256: [GC (Allocation Failure) [PSYoungGen: 63584K->96K(62464K)] 65324K->1836K(237568K), 0,0004888 secs] [Times: user=0,01 sys=0,00, real=0,00 secs] 
46,305: [GC (Allocation Failure) [PSYoungGen: 62048K->64K(61440K)] 63788K->1804K(236544K), 0,0006710 secs] [Times: user=0,00 sys=0,00, real=0,00 secs] 
46,353: [GC (Allocation Failure) [PSYoungGen: 60992K->96K(60416K)] 62732K->1836K(235520K), 0,0004742 secs] [Times: user=0,00 sys=0,00, real=0,00 secs] 
46,400: [GC (Allocation Failure) [PSYoungGen: 60000K->96K(59392K)] 61740K->1836K(234496K), 0,0005010 secs] [Times: user=0,00 sys=0,00, real=0,00 secs] 
46,446: [GC (Allocation Failure) [PSYoungGen: 58976K->96K(58368K)] 60716K->1836K(233472K), 0,0004675 secs] [Times: user=0,00 sys=0,00, real=0,00 secs] 
46,492: [GC (Allocation Failure) [PSYoungGen: 57952K->96K(57344K)] 59692K->1836K(232448K), 0,0003858 secs] [Times: user=0,00 sys=0,00, real=0,00 secs] 
46,536: [GC (Allocation Failure) [PSYoungGen: 56928K->96K(56320K)] 58668K->1836K(231424K), 0,0004920 secs] [Times: user=0,00 sys=0,00, real=0,00 secs] 
46,580: [GC (Allocation Failure) [PSYoungGen: 55904K->96K(55296K)] 57644K->1836K(230400K), 0,0003897 secs] [Times: user=0,00 sys=0,00, real=0,00 secs] 
46,623: [GC (Allocation Failure) [PSYoungGen: 54880K->96K(54272K)] 56620K->1836K(229376K), 0,0003918 secs] [Times: user=0,00 sys=0,00, real=0,00 secs] 
46,665: [GC (Allocation Failure) [PSYoungGen: 53856K->64K(53248K)] 55596K->1804K(228352K), 0,0003759 secs] [Times: user=0,00 sys=0,00, real=0,00 secs] 
46,706: [GC (Allocation Failure) [PSYoungGen: 52800K->96K(52224K)] 54540K->1836K(227328K), 0,0003922 secs] [Times: user=0,00 sys=0,00, real=0,00 secs] 
46,747: [GC (Allocation Failure) [PSYoungGen: 51808K->64K(51200K)] 53548K->1804K(226304K), 0,0003948 secs] [Times: user=0,00 sys=0,00, real=0,00 secs] 
46,787: [GC (Allocation Failure) [PSYoungGen: 50752K->96K(50176K)] 52492K->1836K(225280K), 0,0004641 secs] [Times: user=0,00 sys=0,00, real=0,00 secs] 
46,825: [GC (Allocation Failure) [PSYoungGen: 49760K->64K(49152K)] 51500K->1804K(224256K), 0,0003691 secs] [Times: user=0,00 sys=0,00, real=0,00 secs] 
46,863: [GC (Allocation Failure) [PSYoungGen: 48704K->96K(48128K)] 50444K->1836K(223232K), 0,0003841 secs] [Times: user=0,00 sys=0,00, real=0,00 secs] 
46,901: [GC (Allocation Failure) [PSYoungGen: 47712K->64K(47616K)] 49452K->1804K(222720K), 0,0004289 secs] [Times: user=0,00 sys=0,00, real=0,00 secs] 
46,938: [GC (Allocation Failure) [PSYoungGen: 47168K->32K(57344K)] 48908K->1772K(232448K), 0,0005332 secs] [Times: user=0,00 sys=0,00, real=0,01 secs] 
46,982: [GC (Allocation Failure) [PSYoungGen: 56864K->64K(56320K)] 58604K->1804K(231424K), 0,0003660 secs] [Times: user=0,00 sys=0,00, real=0,00 secs] 
47,026: [GC (Allocation Failure) [PSYoungGen: 55872K->64K(55296K)] 57612K->1804K(230400K), 0,0004923 secs] [Times: user=0,00 sys=0,00, real=0,00 secs] 
47,069: [GC (Allocation Failure) [PSYoungGen: 54848K->96K(54272K)] 56588K->1836K(229376K), 0,0004890 secs] [Times: user=0,00 sys=0,00, real=0,00 secs] 
47,111: [GC (Allocation Failure) [PSYoungGen: 53856K->96K(53248K)] 55596K->1836K(228352K), 0,0003855 secs] [Times: user=0,00 sys=0,00, real=0,00 secs] 
47,153: [GC (Allocation Failure) [PSYoungGen: 52832K->96K(52224K)] 54572K->1836K(227328K), 0,0003871 secs] [Times: user=0,00 sys=0,00, real=0,00 secs] 
47,193: [GC (Allocation Failure) [PSYoungGen: 51808K->96K(51200K)] 53548K->1836K(226304K), 0,0003908 secs] [Times: user=0,00 sys=0,00, real=0,00 secs] 
47,233: [GC (Allocation Failure) [PSYoungGen: 50784K->64K(50176K)] 52524K->1804K(225280K), 0,0004082 secs] [Times: user=0,00 sys=0,00, real=0,00 secs] 
47,272: [GC (Allocation Failure) [PSYoungGen: 49728K->64K(49152K)] 51468K->1804K(224256K), 0,0004879 secs] [Times: user=0,00 sys=0,00, real=0,00 secs] 
47,310: [GC (Allocation Failure) [PSYoungGen: 48704K->64K(48128K)] 50444K->1804K(223232K), 0,0003733 secs] [Times: user=0,00 sys=0,00, real=0,00 secs] 
47,348: [GC (Allocation Failure) [PSYoungGen: 47680K->96K(47616K)] 49420K->1836K(222720K), 0,0004161 secs] [Times: user=0,00 sys=0,00, real=0,00 secs] 
47,384: [GC (Allocation Failure) [PSYoungGen: 47200K->96K(47104K)] 48940K->1836K(222208K), 0,0003750 secs] [Times: user=0,00 sys=0,00, real=0,00 secs] 
47,421: [GC (Allocation Failure) [PSYoungGen: 46688K->96K(46592K)] 48428K->1836K(221696K), 0,0003732 secs] [Times: user=0,00 sys=0,00, real=0,00 secs] 
47,457: [GC (Allocation Failure) [PSYoungGen: 46176K->96K(46080K)] 47916K->1836K(221184K), 0,0003836 secs] [Times: user=0,00 sys=0,00, real=0,00 secs] 
47,493: [GC (Allocation Failure) [PSYoungGen: 45664K->96K(45568K)] 47404K->1836K(220672K), 0,0003783 secs] [Times: user=0,00 sys=0,00, real=0,00 secs] 
47,529: [GC (Allocation Failure) [PSYoungGen: 45152K->64K(54784K)] 46892K->1804K(229888K), 0,0010242 secs] [Times: user=0,00 sys=0,00, real=0,00 secs] 
47,573: [GC (Allocation Failure) [PSYoungGen: 54336K->64K(66048K)] 56076K->1804K(241152K), 0,0005290 secs] [Times: user=0,00 sys=0,00, real=0,00 secs] 
47,625: [GC (Allocation Failure) [PSYoungGen: 65600K->96K(79360K)] 67340K->1836K(254464K), 0,0004840 secs] [Times: user=0,00 sys=0,00, real=0,00 secs] 
47,686: [GC (Allocation Failure) [PSYoungGen: 78944K->96K(95232K)] 80684K->1836K(270336K), 0,0004899 secs] [Times: user=0,01 sys=0,00, real=0,00 secs] 
47,760: [GC (Allocation Failure) [PSYoungGen: 94816K->32K(92672K)] 96556K->1772K(267776K), 0,0005653 secs] [Times: user=0,00 sys=0,00, real=0,00 secs] 
47,832: [GC (Allocation Failure) [PSYoungGen: 92192K->96K(90112K)] 93932K->1836K(265216K), 0,0004993 secs] [Times: user=0,00 sys=0,00, real=0,00 secs] 
47,902: [GC (Allocation Failure) [PSYoungGen: 89696K->64K(87552K)] 91436K->1804K(262656K), 0,0004817 secs] [Times: user=0,00 sys=0,00, real=0,00 secs] 
47,970: [GC (Allocation Failure) [PSYoungGen: 87104K->96K(85504K)] 88844K->1836K(260608K), 0,0004876 secs] [Times: user=0,00 sys=0,00, real=0,00 secs] 
48,036: [GC (Allocation Failure) [PSYoungGen: 85088K->96K(83456K)] 86828K->1836K(258560K), 0,0005116 secs] [Times: user=0,00 sys=0,00, real=0,00 secs] 
48,101: [GC (Allocation Failure) [PSYoungGen: 83040K->96K(81408K)] 84780K->1836K(256512K), 0,0004965 secs] [Times: user=0,00 sys=0,00, real=0,00 secs] 
48,164: [GC (Allocation Failure) [PSYoungGen: 80992K->64K(79360K)] 82732K->1804K(254464K), 0,0004890 secs] [Times: user=0,01 sys=0,00, real=0,00 secs] 
48,226: [GC (Allocation Failure) [PSYoungGen: 78912K->64K(77312K)] 80652K->1804K(252416K), 0,0005506 secs] [Times: user=0,00 sys=0,00, real=0,00 secs] 
48,286: [GC (Allocation Failure) [PSYoungGen: 76864K->96K(75264K)] 78604K->1836K(250368K), 0,0004868 secs] [Times: user=0,00 sys=0,00, real=0,00 secs] 
48,344: [GC (Allocation Failure) [PSYoungGen: 74848K->64K(73728K)] 76588K->1804K(248832K), 0,0004870 secs] [Times: user=0,00 sys=0,00, real=0,00 secs] 
48,402: [GC (Allocation Failure) [PSYoungGen: 73280K->96K(72192K)] 75020K->1836K(247296K), 0,0004867 secs] [Times: user=0,00 sys=0,00, real=0,00 secs] 
48,458: [GC (Allocation Failure) [PSYoungGen: 71776K->96K(70656K)] 73516K->1836K(245760K), 0,0004959 secs] [Times: user=0,00 sys=0,00, real=0,01 secs] 
48,513: [GC (Allocation Failure) [PSYoungGen: 70240K->64K(69120K)] 71980K->1804K(244224K), 0,0005165 secs] [Times: user=0,00 sys=0,00, real=0,00 secs] 
48,566: [GC (Allocation Failure) [PSYoungGen: 68672K->64K(67584K)] 70412K->1804K(242688K), 0,0004688 secs] [Times: user=0,00 sys=0,00, real=0,00 secs] 
48,619: [GC (Allocation Failure) [PSYoungGen: 67136K->96K(66048K)] 68876K->1836K(241152K), 0,0004739 secs] [Times: user=0,00 sys=0,00, real=0,00 secs] 
48,670: [GC (Allocation Failure) [PSYoungGen: 65632K->96K(64512K)] 67372K->1836K(239616K), 0,0004802 secs] [Times: user=0,00 sys=0,00, real=0,00 secs] 
48,720: [GC (Allocation Failure) [PSYoungGen: 64096K->96K(62976K)] 65836K->1836K(238080K), 0,0004920 secs] [Times: user=0,00 sys=0,00, real=0,00 secs] 
48,769: [GC (Allocation Failure) [PSYoungGen: 62560K->96K(61952K)] 64300K->1836K(237056K), 0,0004820 secs] [Times: user=0,00 sys=0,00, real=0,00 secs] 
48,817: [GC (Allocation Failure) [PSYoungGen: 61536K->96K(60928K)] 63276K->1836K(236032K), 0,0004583 secs] [Times: user=0,00 sys=0,00, real=0,00 secs] 
48,864: [GC (Allocation Failure) [PSYoungGen: 60512K->96K(59904K)] 62252K->1836K(235008K), 0,0004879 secs] [Times: user=0,00 sys=0,00, real=0,00 secs] 
48,911: [GC (Allocation Failure) [PSYoungGen: 59488K->64K(58880K)] 61228K->1804K(233984K), 0,0004580 secs] [Times: user=0,00 sys=0,00, real=0,00 secs] 
48,956: [GC (Allocation Failure) [PSYoungGen: 58432K->96K(57856K)] 60172K->1836K(232960K), 0,0003712 secs] [Times: user=0,00 sys=0,00, real=0,00 secs] 
49,001: [GC (Allocation Failure) [PSYoungGen: 57440K->32K(56832K)] 59180K->1772K(231936K), 0,0006291 secs] [Times: user=0,00 sys=0,00, real=0,00 secs] 
49,045: [GC (Allocation Failure) [PSYoungGen: 56352K->64K(55808K)] 58092K->1804K(230912K), 0,0004797 secs] [Times: user=0,00 sys=0,00, real=0,00 secs] 
49,089: [GC (Allocation Failure) [PSYoungGen: 55360K->96K(54784K)] 57100K->1836K(229888K), 0,0003810 secs] [Times: user=0,00 sys=0,00, real=0,00 secs] 
49,131: [GC (Allocation Failure) [PSYoungGen: 54368K->96K(53760K)] 56108K->1836K(228864K), 0,0003844 secs] [Times: user=0,00 sys=0,00, real=0,00 secs] 
49,173: [GC (Allocation Failure) [PSYoungGen: 53344K->64K(52736K)] 55084K->1804K(227840K), 0,0003996 secs] [Times: user=0,00 sys=0,00, real=0,00 secs] 
49,214: [GC (Allocation Failure) [PSYoungGen: 52288K->96K(51712K)] 54028K->1836K(226816K), 0,0004090 secs] [Times: user=0,00 sys=0,00, real=0,00 secs] 
49,254: [GC (Allocation Failure) [PSYoungGen: 51296K->96K(50688K)] 53036K->1836K(225792K), 0,0003809 secs] [Times: user=0,00 sys=0,00, real=0,00 secs] 
49,293: [GC (Allocation Failure) [PSYoungGen: 50272K->96K(49664K)] 52012K->1836K(224768K), 0,0003853 secs] [Times: user=0,00 sys=0,00, real=0,00 secs] 
49,332: [GC (Allocation Failure) [PSYoungGen: 49248K->96K(48640K)] 50988K->1836K(223744K), 0,0003761 secs] [Times: user=0,00 sys=0,00, real=0,00 secs] 
49,369: [GC (Allocation Failure) [PSYoungGen: 48224K->96K(58368K)] 49964K->1836K(233472K), 0,0009843 secs] [Times: user=0,00 sys=0,00, real=0,00 secs] 
49,415: [GC (Allocation Failure) [PSYoungGen: 57952K->96K(70144K)] 59692K->1836K(245248K), 0,0003756 secs] [Times: user=0,00 sys=0,00, real=0,00 secs] 
49,470: [GC (Allocation Failure) [PSYoungGen: 69728K->96K(84480K)] 71468K->1836K(259584K), 0,0004664 secs] [Times: user=0,00 sys=0,00, real=0,00 secs] 
49,535: [GC (Allocation Failure) [PSYoungGen: 84064K->96K(82432K)] 85804K->1836K(257536K), 0,0005499 secs] [Times: user=0,01 sys=0,00, real=0,00 secs] 
49,600: [GC (Allocation Failure) [PSYoungGen: 82016K->96K(80384K)] 83756K->1836K(255488K), 0,0004926 secs] [Times: user=0,00 sys=0,00, real=0,00 secs] 
49,662: [GC (Allocation Failure) [PSYoungGen: 79968K->64K(78336K)] 81708K->1804K(253440K), 0,0005477 secs] [Times: user=0,00 sys=0,00, real=0,00 secs] 
49,722: [GC (Allocation Failure) [PSYoungGen: 77888K->64K(76288K)] 79628K->1804K(251392K), 0,0004838 secs] [Times: user=0,00 sys=0,00, real=0,00 secs] 
49,781: [GC (Allocation Failure) [PSYoungGen: 75840K->96K(74752K)] 77580K->1836K(249856K), 0,0004881 secs] [Times: user=0,00 sys=0,00, real=0,00 secs] 
49,839: [GC (Allocation Failure) [PSYoungGen: 74336K->96K(73216K)] 76076K->1836K(248320K), 0,0004862 secs] [Times: user=0,00 sys=0,00, real=0,00 secs] 
49,896: [GC (Allocation Failure) [PSYoungGen: 72800K->64K(71680K)] 74540K->1804K(246784K), 0,0004873 secs] [Times: user=0,00 sys=0,00, real=0,00 secs] 
49,952: [GC (Allocation Failure) [PSYoungGen: 71232K->96K(70144K)] 72972K->1836K(245248K), 0,0004913 secs] [Times: user=0,01 sys=0,00, real=0,00 secs] 
50,006: [GC (Allocation Failure) [PSYoungGen: 69728K->64K(68608K)] 71468K->1804K(243712K), 0,0008494 secs] [Times: user=0,00 sys=0,00, real=0,00 secs] 
50,060: [GC (Allocation Failure) [PSYoungGen: 68160K->64K(67072K)] 69900K->1804K(242176K), 0,0004892 secs] [Times: user=0,00 sys=0,00, real=0,00 secs] 
50,112: [GC (Allocation Failure) [PSYoungGen: 66624K->64K(65536K)] 68364K->1804K(240640K), 0,0005042 secs] [Times: user=0,00 sys=0,00, real=0,00 secs] 
50,163: [GC (Allocation Failure) [PSYoungGen: 65088K->96K(64000K)] 66828K->1836K(239104K), 0,0004651 secs] [Times: user=0,00 sys=0,00, real=0,00 secs] 
50,213: [GC (Allocation Failure) [PSYoungGen: 63584K->96K(62464K)] 65324K->1836K(237568K), 0,0004942 secs] [Times: user=0,00 sys=0,00, real=0,00 secs] 
50,261: [GC (Allocation Failure) [PSYoungGen: 62048K->96K(61440K)] 63788K->1836K(236544K), 0,0004641 secs] [Times: user=0,00 sys=0,00, real=0,00 secs] 
50,310: [GC (Allocation Failure) [PSYoungGen: 61024K->96K(60416K)] 62764K->1836K(235520K), 0,0005100 secs] [Times: user=0,01 sys=0,00, real=0,00 secs] 
50,357: [GC (Allocation Failure) [PSYoungGen: 60000K->32K(59392K)] 61740K->1796K(234496K), 0,0004984 secs] [Times: user=0,00 sys=0,00, real=0,00 secs] 
50,403: [GC (Allocation Failure) [PSYoungGen: 58912K->96K(58368K)] 60676K->1860K(233472K), 0,0004658 secs] [Times: user=0,00 sys=0,00, real=0,00 secs] 
50,449: [GC (Allocation Failure) [PSYoungGen: 57952K->96K(57344K)] 59716K->1860K(232448K), 0,0003822 secs] [Times: user=0,00 sys=0,00, real=0,00 secs] 
50,493: [GC (Allocation Failure) [PSYoungGen: 56928K->96K(56320K)] 58692K->1860K(231424K), 0,0003701 secs] [Times: user=0,00 sys=0,00, real=0,00 secs] 
50,538: [GC (Allocation Failure) [PSYoungGen: 55904K->64K(55296K)] 57668K->1828K(230400K), 0,0005025 secs] [Times: user=0,01 sys=0,00, real=0,00 secs] 
50,581: [GC (Allocation Failure) [PSYoungGen: 54848K->96K(54272K)] 56612K->1860K(229376K), 0,0003906 secs] [Times: user=0,00 sys=0,00, real=0,00 secs] 
50,623: [GC (Allocation Failure) [PSYoungGen: 53856K->96K(53248K)] 55620K->1860K(228352K), 0,0003925 secs] [Times: user=0,00 sys=0,00, real=0,00 secs] 
50,667: [GC (Allocation Failure) [PSYoungGen: 52832K->96K(52224K)] 54596K->1860K(227328K), 0,0004089 secs] [Times: user=0,00 sys=0,00, real=0,00 secs] 
50,708: [GC (Allocation Failure) [PSYoungGen: 51808K->64K(51200K)] 53572K->1828K(226304K), 0,0004613 secs] [Times: user=0,00 sys=0,00, real=0,01 secs] 
50,748: [GC (Allocation Failure) [PSYoungGen: 50752K->96K(50176K)] 52516K->1860K(225280K), 0,0003804 secs] [Times: user=0,00 sys=0,00, real=0,00 secs] 
50,787: [GC (Allocation Failure) [PSYoungGen: 49760K->96K(49152K)] 51524K->1860K(224256K), 0,0003880 secs] [Times: user=0,00 sys=0,00, real=0,00 secs] 
50,825: [GC (Allocation Failure) [PSYoungGen: 48736K->64K(48128K)] 50500K->1828K(223232K), 0,0003723 secs] [Times: user=0,00 sys=0,00, real=0,00 secs] 
50,862: [GC (Allocation Failure) [PSYoungGen: 47680K->96K(47616K)] 49444K->1860K(222720K), 0,0003738 secs] [Times: user=0,00 sys=0,00, real=0,00 secs] 
50,899: [GC (Allocation Failure) [PSYoungGen: 47200K->96K(47104K)] 48964K->1860K(222208K), 0,0004112 secs] [Times: user=0,00 sys=0,00, real=0,00 secs] 
50,935: [GC (Allocation Failure) [PSYoungGen: 46688K->96K(46592K)] 48452K->1860K(221696K), 0,0003720 secs] [Times: user=0,01 sys=0,00, real=0,00 secs] 
50,972: [GC (Allocation Failure) [PSYoungGen: 46176K->96K(46080K)] 47940K->1860K(221184K), 0,0004027 secs] [Times: user=0,00 sys=0,00, real=0,00 secs] 
51,008: [GC (Allocation Failure) [PSYoungGen: 45664K->96K(55296K)] 47428K->1860K(230400K), 0,0005308 secs] [Times: user=0,00 sys=0,00, real=0,01 secs] 
51,051: [GC (Allocation Failure) [PSYoungGen: 54880K->96K(54272K)] 56644K->1860K(229376K), 0,0003936 secs] [Times: user=0,00 sys=0,00, real=0,00 secs] 
51,093: [GC (Allocation Failure) [PSYoungGen: 53856K->96K(53248K)] 55620K->1860K(228352K), 0,0004228 secs] [Times: user=0,00 sys=0,00, real=0,00 secs] 
51,134: [GC (Allocation Failure) [PSYoungGen: 52832K->96K(52224K)] 54596K->1860K(227328K), 0,0003741 secs] [Times: user=0,01 sys=0,00, real=0,00 secs] 
51,175: [GC (Allocation Failure) [PSYoungGen: 51808K->96K(51200K)] 53572K->1860K(226304K), 0,0003753 secs] [Times: user=0,00 sys=0,00, real=0,00 secs] 
51,215: [GC (Allocation Failure) [PSYoungGen: 50784K->96K(50176K)] 52548K->1860K(225280K), 0,0003956 secs] [Times: user=0,00 sys=0,00, real=0,00 secs] 
51,253: [GC (Allocation Failure) [PSYoungGen: 49760K->64K(49152K)] 51524K->1828K(224256K), 0,0004812 secs] [Times: user=0,01 sys=0,00, real=0,00 secs] 
51,292: [GC (Allocation Failure) [PSYoungGen: 48704K->96K(48128K)] 50468K->1860K(223232K), 0,0003868 secs] [Times: user=0,00 sys=0,00, real=0,00 secs] 
51,329: [GC (Allocation Failure) [PSYoungGen: 47712K->96K(47616K)] 49476K->1860K(222720K), 0,0003819 secs] [Times: user=0,00 sys=0,00, real=0,00 secs] 
51,366: [GC (Allocation Failure) [PSYoungGen: 47200K->96K(47104K)] 48964K->1860K(222208K), 0,0003862 secs] [Times: user=0,00 sys=0,00, real=0,00 secs] 
51,403: [GC (Allocation Failure) [PSYoungGen: 46688K->96K(46592K)] 48452K->1860K(221696K), 0,0003952 secs] [Times: user=0,00 sys=0,00, real=0,00 secs] 
51,439: [GC (Allocation Failure) [PSYoungGen: 46176K->64K(46080K)] 47940K->1828K(221184K), 0,0004153 secs] [Times: user=0,00 sys=0,00, real=0,00 secs] 
51,475: [GC (Allocation Failure) [PSYoungGen: 45632K->96K(45568K)] 47396K->1860K(220672K), 0,0003711 secs] [Times: user=0,00 sys=0,00, real=0,00 secs] 
51,510: [GC (Allocation Failure) [PSYoungGen: 45152K->64K(54784K)] 46916K->1828K(229888K), 0,0009423 secs] [Times: user=0,01 sys=0,00, real=0,00 secs] 
51,553: [GC (Allocation Failure) [PSYoungGen: 54336K->32K(66048K)] 56100K->1796K(241152K), 0,0004988 secs] [Times: user=0,00 sys=0,00, real=0,00 secs] 
51,605: [GC (Allocation Failure) [PSYoungGen: 65568K->96K(79360K)] 67332K->1860K(254464K), 0,0005229 secs] [Times: user=0,00 sys=0,00, real=0,00 secs] 
51,666: [GC (Allocation Failure) [PSYoungGen: 78944K->64K(95232K)] 80708K->1828K(270336K), 0,0004298 secs] [Times: user=0,00 sys=0,00, real=0,00 secs] 
51,740: [GC (Allocation Failure) [PSYoungGen: 94784K->32K(92672K)] 96548K->1796K(267776K), 0,0004867 secs] [Times: user=0,01 sys=0,00, real=0,00 secs] 
51,812: [GC (Allocation Failure) [PSYoungGen: 92192K->96K(90112K)] 93956K->1860K(265216K), 0,0005043 secs] [Times: user=0,00 sys=0,00, real=0,00 secs] 
51,882: [GC (Allocation Failure) [PSYoungGen: 89696K->64K(87552K)] 91460K->1828K(262656K), 0,0004968 secs] [Times: user=0,00 sys=0,00, real=0,00 secs] 
51,950: [GC (Allocation Failure) [PSYoungGen: 87104K->96K(85504K)] 88868K->1860K(260608K), 0,0004758 secs] [Times: user=0,00 sys=0,00, real=0,00 secs] 
52,017: [GC (Allocation Failure) [PSYoungGen: 85088K->96K(83456K)] 86852K->1860K(258560K), 0,0004907 secs] [Times: user=0,00 sys=0,00, real=0,00 secs] 
52,082: [GC (Allocation Failure) [PSYoungGen: 83040K->96K(81408K)] 84804K->1860K(256512K), 0,0004920 secs] [Times: user=0,00 sys=0,00, real=0,00 secs] 
52,145: [GC (Allocation Failure) [PSYoungGen: 80992K->64K(79360K)] 82756K->1828K(254464K), 0,0004826 secs] [Times: user=0,00 sys=0,00, real=0,00 secs] 
52,206: [GC (Allocation Failure) [PSYoungGen: 78912K->96K(77312K)] 80676K->1860K(252416K), 0,0005234 secs] [Times: user=0,00 sys=0,00, real=0,00 secs] 
52,266: [GC (Allocation Failure) [PSYoungGen: 76896K->96K(75264K)] 78660K->1860K(250368K), 0,0004906 secs] [Times: user=0,00 sys=0,00, real=0,00 secs] 
52,325: [GC (Allocation Failure) [PSYoungGen: 74848K->64K(73728K)] 76612K->1828K(248832K), 0,0004767 secs] [Times: user=0,00 sys=0,00, real=0,00 secs] 
52,382: [GC (Allocation Failure) [PSYoungGen: 73280K->64K(72192K)] 75044K->1828K(247296K), 0,0005028 secs] [Times: user=0,00 sys=0,00, real=0,00 secs] 
52,438: [GC (Allocation Failure) [PSYoungGen: 71744K->64K(70656K)] 73508K->1828K(245760K), 0,0005034 secs] [Times: user=0,00 sys=0,00, real=0,00 secs] 
52,493: [GC (Allocation Failure) [PSYoungGen: 70208K->96K(69120K)] 71972K->1860K(244224K), 0,0004694 secs] [Times: user=0,00 sys=0,00, real=0,00 secs] 
52,547: [GC (Allocation Failure) [PSYoungGen: 68704K->96K(67584K)] 70468K->1860K(242688K), 0,0004933 secs] [Times: user=0,00 sys=0,00, real=0,00 secs] 
52,599: [GC (Allocation Failure) [PSYoungGen: 67168K->96K(66048K)] 68932K->1860K(241152K), 0,0004799 secs] [Times: user=0,00 sys=0,00, real=0,00 secs] 
52,650: [GC (Allocation Failure) [PSYoungGen: 65632K->96K(64512K)] 67396K->1860K(239616K), 0,0004558 secs] [Times: user=0,00 sys=0,00, real=0,00 secs] 
52,700: [GC (Allocation Failure) [PSYoungGen: 64096K->96K(62976K)] 65860K->1860K(238080K), 0,0004780 secs] [Times: user=0,00 sys=0,00, real=0,00 secs] 
52,749: [GC (Allocation Failure) [PSYoungGen: 62560K->96K(61952K)] 64324K->1860K(237056K), 0,0005901 secs] [Times: user=0,00 sys=0,00, real=0,00 secs] 
52,797: [GC (Allocation Failure) [PSYoungGen: 61536K->96K(60928K)] 63300K->1860K(236032K), 0,0005087 secs] [Times: user=0,00 sys=0,00, real=0,00 secs] 
52,845: [GC (Allocation Failure) [PSYoungGen: 60512K->96K(59904K)] 62276K->1860K(235008K), 0,0004657 secs] [Times: user=0,00 sys=0,00, real=0,00 secs] 
52,891: [GC (Allocation Failure) [PSYoungGen: 59488K->96K(58880K)] 61252K->1860K(233984K), 0,0004738 secs] [Times: user=0,00 sys=0,00, real=0,00 secs] 
52,937: [GC (Allocation Failure) [PSYoungGen: 58464K->96K(57856K)] 60228K->1860K(232960K), 0,0004733 secs] [Times: user=0,00 sys=0,00, real=0,00 secs] 
52,982: [GC (Allocation Failure) [PSYoungGen: 57440K->96K(56832K)] 59204K->1860K(231936K), 0,0005085 secs] [Times: user=0,01 sys=0,00, real=0,00 secs] 
53,027: [GC (Allocation Failure) [PSYoungGen: 56416K->96K(55808K)] 58180K->1860K(230912K), 0,0004708 secs] [Times: user=0,00 sys=0,00, real=0,00 secs] 
53,070: [GC (Allocation Failure) [PSYoungGen: 55392K->96K(54784K)] 57156K->1860K(229888K), 0,0004077 secs] [Times: user=0,00 sys=0,00, real=0,00 secs] 
53,113: [GC (Allocation Failure) [PSYoungGen: 54368K->96K(53760K)] 56132K->1860K(228864K), 0,0004800 secs] [Times: user=0,00 sys=0,00, real=0,00 secs] 
53,155: [GC (Allocation Failure) [PSYoungGen: 53344K->96K(52736K)] 55108K->1860K(227840K), 0,0003812 secs] [Times: user=0,00 sys=0,00, real=0,00 secs] 
53,195: [GC (Allocation Failure) [PSYoungGen: 52320K->96K(51712K)] 54084K->1860K(226816K), 0,0003919 secs] [Times: user=0,00 sys=0,00, real=0,00 secs] 
53,236: [GC (Allocation Failure) [PSYoungGen: 51296K->96K(50688K)] 53060K->1860K(225792K), 0,0004324 secs] [Times: user=0,00 sys=0,00, real=0,00 secs] 
53,275: [GC (Allocation Failure) [PSYoungGen: 50272K->96K(49664K)] 52036K->1860K(224768K), 0,0003694 secs] [Times: user=0,00 sys=0,00, real=0,00 secs] 
53,314: [GC (Allocation Failure) [PSYoungGen: 49248K->96K(48640K)] 51012K->1860K(223744K), 0,0003872 secs] [Times: user=0,00 sys=0,00, real=0,00 secs] 
53,352: [GC (Allocation Failure) [PSYoungGen: 48224K->96K(48128K)] 49988K->1860K(223232K), 0,0003752 secs] [Times: user=0,00 sys=0,00, real=0,00 secs] 
53,389: [GC (Allocation Failure) [PSYoungGen: 47712K->96K(47616K)] 49476K->1860K(222720K), 0,0004384 secs] [Times: user=0,01 sys=0,00, real=0,00 secs] 
53,426: [GC (Allocation Failure) [PSYoungGen: 47200K->96K(47104K)] 48964K->1860K(222208K), 0,0003915 secs] [Times: user=0,00 sys=0,00, real=0,00 secs] 
53,463: [GC (Allocation Failure) [PSYoungGen: 46688K->96K(46592K)] 48452K->1860K(221696K), 0,0003653 secs] [Times: user=0,00 sys=0,00, real=0,00 secs] 
53,499: [GC (Allocation Failure) [PSYoungGen: 46176K->96K(46080K)] 47940K->1860K(221184K), 0,0003787 secs] [Times: user=0,01 sys=0,00, real=0,00 secs] 
53,535: [GC (Allocation Failure) [PSYoungGen: 45664K->64K(55296K)] 47428K->1828K(230400K), 0,0005652 secs] [Times: user=0,00 sys=0,00, real=0,00 secs] 
53,578: [GC (Allocation Failure) [PSYoungGen: 54848K->96K(66560K)] 56612K->1860K(241664K), 0,0004192 secs] [Times: user=0,01 sys=0,00, real=0,01 secs] 
53,629: [GC (Allocation Failure) [PSYoungGen: 66144K->96K(65024K)] 67908K->1860K(240128K), 0,0004675 secs] [Times: user=0,00 sys=0,00, real=0,00 secs] 
53,680: [GC (Allocation Failure) [PSYoungGen: 64608K->96K(63488K)] 66372K->1860K(238592K), 0,0004741 secs] [Times: user=0,00 sys=0,00, real=0,00 secs] 
53,729: [GC (Allocation Failure) [PSYoungGen: 63072K->96K(61952K)] 64836K->1860K(237056K), 0,0004757 secs] [Times: user=0,00 sys=0,00, real=0,00 secs] 
53,777: [GC (Allocation Failure) [PSYoungGen: 61536K->96K(60928K)] 63300K->1860K(236032K), 0,0004504 secs] [Times: user=0,00 sys=0,00, real=0,00 secs] 
53,825: [GC (Allocation Failure) [PSYoungGen: 60512K->64K(59904K)] 62276K->1828K(235008K), 0,0004759 secs] [Times: user=0,00 sys=0,00, real=0,00 secs] 
53,871: [GC (Allocation Failure) [PSYoungGen: 59456K->96K(58880K)] 61220K->1860K(233984K), 0,0004688 secs] [Times: user=0,00 sys=0,00, real=0,00 secs] 
53,917: [GC (Allocation Failure) [PSYoungGen: 58464K->96K(57856K)] 60228K->1860K(232960K), 0,0004591 secs] [Times: user=0,00 sys=0,00, real=0,00 secs] 
53,962: [GC (Allocation Failure) [PSYoungGen: 57440K->96K(56832K)] 59204K->1860K(231936K), 0,0003764 secs] [Times: user=0,00 sys=0,00, real=0,00 secs] 
54,006: [GC (Allocation Failure) [PSYoungGen: 56416K->96K(55808K)] 58180K->1860K(230912K), 0,0003882 secs] [Times: user=0,00 sys=0,00, real=0,00 secs] 
54,050: [GC (Allocation Failure) [PSYoungGen: 55392K->96K(54784K)] 57156K->1860K(229888K), 0,0004794 secs] [Times: user=0,00 sys=0,00, real=0,00 secs] 
54,093: [GC (Allocation Failure) [PSYoungGen: 54368K->96K(53760K)] 56132K->1860K(228864K), 0,0004772 secs] [Times: user=0,00 sys=0,00, real=0,00 secs] 
54,135: [GC (Allocation Failure) [PSYoungGen: 53344K->96K(52736K)] 55108K->1860K(227840K), 0,0004719 secs] [Times: user=0,00 sys=0,00, real=0,00 secs] 
54,176: [GC (Allocation Failure) [PSYoungGen: 52320K->96K(51712K)] 54084K->1860K(226816K), 0,0004695 secs] [Times: user=0,00 sys=0,00, real=0,00 secs] 
54,216: [GC (Allocation Failure) [PSYoungGen: 51296K->64K(50688K)] 53060K->1828K(225792K), 0,0003730 secs] [Times: user=0,00 sys=0,00, real=0,00 secs] 
54,256: [GC (Allocation Failure) [PSYoungGen: 50240K->96K(49664K)] 52004K->1860K(224768K), 0,0003734 secs] [Times: user=0,00 sys=0,00, real=0,00 secs] 
54,294: [GC (Allocation Failure) [PSYoungGen: 49248K->96K(48640K)] 51012K->1860K(223744K), 0,0003752 secs] [Times: user=0,00 sys=0,00, real=0,00 secs] 
54,332: [GC (Allocation Failure) [PSYoungGen: 48224K->96K(48128K)] 49988K->1860K(223232K), 0,0003804 secs] [Times: user=0,00 sys=0,00, real=0,00 secs] 
54,369: [GC (Allocation Failure) [PSYoungGen: 47712K->96K(47616K)] 49476K->1860K(222720K), 0,0003709 secs] [Times: user=0,00 sys=0,00, real=0,00 secs] 
54,406: [GC (Allocation Failure) [PSYoungGen: 47200K->96K(47104K)] 48964K->1860K(222208K), 0,0003846 secs] [Times: user=0,00 sys=0,00, real=0,00 secs] 
54,443: [GC (Allocation Failure) [PSYoungGen: 46688K->96K(46592K)] 48452K->1860K(221696K), 0,0003768 secs] [Times: user=0,00 sys=0,00, real=0,00 secs] 
54,479: [GC (Allocation Failure) [PSYoungGen: 46176K->96K(46080K)] 47940K->1860K(221184K), 0,0003728 secs] [Times: user=0,00 sys=0,00, real=0,00 secs] 
54,515: [GC (Allocation Failure) [PSYoungGen: 45664K->96K(45568K)] 47428K->1860K(220672K), 0,0004319 secs] [Times: user=0,00 sys=0,00, real=0,00 secs] 
54,550: [GC (Allocation Failure) [PSYoungGen: 45152K->96K(45056K)] 46916K->1860K(220160K), 0,0004065 secs] [Times: user=0,00 sys=0,00, real=0,00 secs] 
54,585: [GC (Allocation Failure) [PSYoungGen: 44640K->64K(54272K)] 46404K->1828K(229376K), 0,0004239 secs] [Times: user=0,00 sys=0,00, real=0,00 secs] 
54,628: [GC (Allocation Failure) [PSYoungGen: 53824K->96K(53248K)] 55588K->1860K(228352K), 0,0003799 secs] [Times: user=0,00 sys=0,00, real=0,00 secs] 
54,669: [GC (Allocation Failure) [PSYoungGen: 52832K->96K(52224K)] 54596K->1860K(227328K), 0,0004497 secs] [Times: user=0,00 sys=0,00, real=0,00 secs] 
54,709: [GC (Allocation Failure) [PSYoungGen: 51808K->64K(62976K)] 53572K->1828K(238080K), 0,0004927 secs] [Times: user=0,00 sys=0,00, real=0,00 secs] 
54,758: [GC (Allocation Failure) [PSYoungGen: 62528K->96K(61952K)] 64292K->1860K(237056K), 0,0004055 secs] [Times: user=0,00 sys=0,00, real=0,00 secs] 
54,807: [GC (Allocation Failure) [PSYoungGen: 61536K->96K(60928K)] 63300K->1860K(236032K), 0,0004738 secs] [Times: user=0,00 sys=0,00, real=0,00 secs] 
54,854: [GC (Allocation Failure) [PSYoungGen: 60512K->96K(59904K)] 62276K->1860K(235008K), 0,0003810 secs] [Times: user=0,00 sys=0,00, real=0,00 secs] 
54,900: [GC (Allocation Failure) [PSYoungGen: 59487K->96K(58880K)] 61252K->1860K(233984K), 0,0003820 secs] [Times: user=0,00 sys=0,00, real=0,00 secs] 
54,946: [GC (Allocation Failure) [PSYoungGen: 58464K->96K(57856K)] 60228K->1860K(232960K), 0,0003817 secs] [Times: user=0,00 sys=0,00, real=0,00 secs] 
54,991: [GC (Allocation Failure) [PSYoungGen: 57440K->96K(56832K)] 59204K->1860K(231936K), 0,0004637 secs] [Times: user=0,00 sys=0,00, real=0,00 secs] 
55,035: [GC (Allocation Failure) [PSYoungGen: 56416K->96K(55808K)] 58180K->1860K(230912K), 0,0003981 secs] [Times: user=0,00 sys=0,00, real=0,00 secs] 
55,078: [GC (Allocation Failure) [PSYoungGen: 55392K->96K(54784K)] 57156K->1860K(229888K), 0,0004621 secs] [Times: user=0,01 sys=0,00, real=0,01 secs] 
55,121: [GC (Allocation Failure) [PSYoungGen: 54368K->96K(53760K)] 56132K->1860K(228864K), 0,0003774 secs] [Times: user=0,00 sys=0,00, real=0,00 secs] 
55,162: [GC (Allocation Failure) [PSYoungGen: 53344K->96K(52736K)] 55108K->1860K(227840K), 0,0004231 secs] [Times: user=0,00 sys=0,00, real=0,00 secs] 
55,203: [GC (Allocation Failure) [PSYoungGen: 52320K->96K(51712K)] 54084K->1860K(226816K), 0,0003780 secs] [Times: user=0,00 sys=0,00, real=0,00 secs] 
55,243: [GC (Allocation Failure) [PSYoungGen: 51296K->64K(50688K)] 53060K->1828K(225792K), 0,0003638 secs] [Times: user=0,00 sys=0,00, real=0,00 secs] 
55,283: [GC (Allocation Failure) [PSYoungGen: 50240K->64K(49664K)] 52004K->1828K(224768K), 0,0003709 secs] [Times: user=0,00 sys=0,00, real=0,00 secs] 
55,321: [GC (Allocation Failure) [PSYoungGen: 49216K->96K(48640K)] 50980K->1860K(223744K), 0,0003851 secs] [Times: user=0,00 sys=0,00, real=0,00 secs] 
55,359: [GC (Allocation Failure) [PSYoungGen: 48224K->96K(48128K)] 49988K->1860K(223232K), 0,0004057 secs] [Times: user=0,00 sys=0,00, real=0,00 secs] 
55,396: [GC (Allocation Failure) [PSYoungGen: 47712K->96K(47616K)] 49476K->1860K(222720K), 0,0003781 secs] [Times: user=0,01 sys=0,00, real=0,00 secs] 
55,433: [GC (Allocation Failure) [PSYoungGen: 47200K->96K(47104K)] 48964K->1860K(222208K), 0,0003837 secs] [Times: user=0,00 sys=0,00, real=0,00 secs] 
55,470: [GC (Allocation Failure) [PSYoungGen: 46688K->96K(46592K)] 48452K->1860K(221696K), 0,0003969 secs] [Times: user=0,00 sys=0,00, real=0,00 secs] 
55,506: [GC (Allocation Failure) [PSYoungGen: 46176K->96K(46080K)] 47940K->1860K(221184K), 0,0003812 secs] [Times: user=0,00 sys=0,00, real=0,00 secs] 
55,542: [GC (Allocation Failure) [PSYoungGen: 45664K->96K(45568K)] 47428K->1860K(220672K), 0,0003808 secs] [Times: user=0,00 sys=0,00, real=0,00 secs] 
55,577: [GC (Allocation Failure) [PSYoungGen: 45152K->96K(45056K)] 46916K->1860K(220160K), 0,0003757 secs] [Times: user=0,00 sys=0,00, real=0,00 secs] 
55,613: [GC (Allocation Failure) [PSYoungGen: 44640K->96K(44544K)] 46404K->1860K(219648K), 0,0003797 secs] [Times: user=0,00 sys=0,00, real=0,00 secs] 
55,647: [GC (Allocation Failure) [PSYoungGen: 44128K->32K(53760K)] 45892K->1796K(228864K), 0,0004354 secs] [Times: user=0,00 sys=0,00, real=0,00 secs] 
55,689: [GC (Allocation Failure) [PSYoungGen: 53280K->64K(64512K)] 55044K->1828K(239616K), 0,0005705 secs] [Times: user=0,00 sys=0,00, real=0,00 secs] 
55,744: [GC (Allocation Failure) [PSYoungGen: 64064K->96K(62976K)] 65828K->1860K(238080K), 0,0004767 secs] [Times: user=0,01 sys=0,00, real=0,00 secs] 
55,793: [GC (Allocation Failure) [PSYoungGen: 62560K->64K(61952K)] 64324K->1828K(237056K), 0,0005050 secs] [Times: user=0,00 sys=0,00, real=0,00 secs] 
55,841: [GC (Allocation Failure) [PSYoungGen: 61504K->96K(60928K)] 63268K->1860K(236032K), 0,0004707 secs] [Times: user=0,00 sys=0,00, real=0,00 secs] 
55,888: [GC (Allocation Failure) [PSYoungGen: 60512K->32K(59904K)] 62276K->1796K(235008K), 0,0004711 secs] [Times: user=0,00 sys=0,00, real=0,01 secs] 
55,935: [GC (Allocation Failure) [PSYoungGen: 59423K->96K(58880K)] 61188K->1860K(233984K), 0,0003935 secs] [Times: user=0,00 sys=0,00, real=0,00 secs] 
55,983: [GC (Allocation Failure) [PSYoungGen: 58464K->96K(57856K)] 60228K->1860K(232960K), 0,0005062 secs] [Times: user=0,01 sys=0,00, real=0,00 secs] 
56,028: [GC (Allocation Failure) [PSYoungGen: 57440K->64K(56832K)] 59204K->1828K(231936K), 0,0004832 secs] [Times: user=0,00 sys=0,00, real=0,01 secs] 
56,072: [GC (Allocation Failure) [PSYoungGen: 56384K->96K(55808K)] 58148K->1860K(230912K), 0,0004750 secs] [Times: user=0,01 sys=0,00, real=0,00 secs] 
56,115: [GC (Allocation Failure) [PSYoungGen: 55392K->64K(54784K)] 57156K->1828K(229888K), 0,0004592 secs] [Times: user=0,00 sys=0,00, real=0,00 secs] 
56,158: [GC (Allocation Failure) [PSYoungGen: 54336K->96K(53760K)] 56100K->1860K(228864K), 0,0003796 secs] [Times: user=0,00 sys=0,00, real=0,01 secs] 
56,199: [GC (Allocation Failure) [PSYoungGen: 53344K->96K(52736K)] 55108K->1860K(227840K), 0,0003920 secs] [Times: user=0,00 sys=0,00, real=0,00 secs] 
56,240: [GC (Allocation Failure) [PSYoungGen: 52320K->96K(51712K)] 54084K->1860K(226816K), 0,0003893 secs] [Times: user=0,01 sys=0,00, real=0,00 secs] 
56,280: [GC (Allocation Failure) [PSYoungGen: 51296K->64K(50688K)] 53060K->1828K(225792K), 0,0004517 secs] [Times: user=0,01 sys=0,00, real=0,00 secs] 
56,320: [GC (Allocation Failure) [PSYoungGen: 50240K->96K(49664K)] 52004K->1860K(224768K), 0,0003900 secs] [Times: user=0,01 sys=0,00, real=0,00 secs] 
56,358: [GC (Allocation Failure) [PSYoungGen: 49248K->64K(59904K)] 51012K->1828K(235008K), 0,0007563 secs] [Times: user=0,00 sys=0,00, real=0,00 secs] 
56,405: [GC (Allocation Failure) [PSYoungGen: 59456K->96K(72192K)] 61220K->1860K(247296K), 0,0003887 secs] [Times: user=0,00 sys=0,00, real=0,00 secs] 
56,461: [GC (Allocation Failure) [PSYoungGen: 71776K->96K(70656K)] 73540K->1860K(245760K), 0,0004807 secs] [Times: user=0,00 sys=0,00, real=0,00 secs] 
56,516: [GC (Allocation Failure) [PSYoungGen: 70240K->64K(69120K)] 72004K->1828K(244224K), 0,0004997 secs] [Times: user=0,00 sys=0,00, real=0,00 secs] 
56,570: [GC (Allocation Failure) [PSYoungGen: 68672K->96K(67584K)] 70436K->1860K(242688K), 0,0005117 secs] [Times: user=0,00 sys=0,00, real=0,00 secs] 
56,623: [GC (Allocation Failure) [PSYoungGen: 67168K->96K(66048K)] 68932K->1860K(241152K), 0,0004886 secs] [Times: user=0,00 sys=0,00, real=0,00 secs] 
56,674: [GC (Allocation Failure) [PSYoungGen: 65632K->96K(64512K)] 67396K->1860K(239616K), 0,0004706 secs] [Times: user=0,00 sys=0,00, real=0,00 secs] 
56,724: [GC (Allocation Failure) [PSYoungGen: 64096K->96K(62976K)] 65860K->1860K(238080K), 0,0004849 secs] [Times: user=0,00 sys=0,00, real=0,00 secs] 
56,773: [GC (Allocation Failure) [PSYoungGen: 62560K->96K(61952K)] 64324K->1860K(237056K), 0,0004910 secs] [Times: user=0,00 sys=0,00, real=0,00 secs] 
56,821: [GC (Allocation Failure) [PSYoungGen: 61536K->96K(60928K)] 63300K->1860K(236032K), 0,0005007 secs] [Times: user=0,00 sys=0,00, real=0,00 secs] 
56,868: [GC (Allocation Failure) [PSYoungGen: 60512K->64K(59904K)] 62276K->1828K(235008K), 0,0005371 secs] [Times: user=0,00 sys=0,00, real=0,00 secs] 
56,915: [GC (Allocation Failure) [PSYoungGen: 59456K->96K(58880K)] 61220K->1860K(233984K), 0,0003764 secs] [Times: user=0,00 sys=0,00, real=0,00 secs] 
56,961: [GC (Allocation Failure) [PSYoungGen: 58464K->64K(57856K)] 60228K->1828K(232960K), 0,0004907 secs] [Times: user=0,00 sys=0,00, real=0,00 secs] 
57,006: [GC (Allocation Failure) [PSYoungGen: 57408K->96K(56832K)] 59172K->1860K(231936K), 0,0004240 secs] [Times: user=0,00 sys=0,00, real=0,00 secs] 
57,050: [GC (Allocation Failure) [PSYoungGen: 56416K->96K(55808K)] 58180K->1860K(230912K), 0,0004929 secs] [Times: user=0,00 sys=0,00, real=0,00 secs] 
57,094: [GC (Allocation Failure) [PSYoungGen: 55392K->96K(67072K)] 57156K->1860K(242176K), 0,0006055 secs] [Times: user=0,01 sys=0,00, real=0,00 secs] 
57,146: [GC (Allocation Failure) [PSYoungGen: 66656K->96K(65536K)] 68420K->1860K(240640K), 0,0004958 secs] [Times: user=0,00 sys=0,00, real=0,00 secs] 
57,197: [GC (Allocation Failure) [PSYoungGen: 65120K->64K(64000K)] 66884K->1828K(239104K), 0,0004806 secs] [Times: user=0,00 sys=0,00, real=0,00 secs] 
57,247: [GC (Allocation Failure) [PSYoungGen: 63552K->96K(62464K)] 65316K->1860K(237568K), 0,0004629 secs] [Times: user=0,00 sys=0,00, real=0,00 secs] 
57,296: [GC (Allocation Failure) [PSYoungGen: 62048K->96K(61440K)] 63812K->1860K(236544K), 0,0004693 secs] [Times: user=0,00 sys=0,00, real=0,00 secs] 
57,343: [GC (Allocation Failure) [PSYoungGen: 61024K->96K(60416K)] 62788K->1860K(235520K), 0,0004630 secs] [Times: user=0,00 sys=0,00, real=0,00 secs] 
57,391: [GC (Allocation Failure) [PSYoungGen: 60000K->96K(59392K)] 61764K->1860K(234496K), 0,0004002 secs] [Times: user=0,00 sys=0,00, real=0,00 secs] 
57,437: [GC (Allocation Failure) [PSYoungGen: 58976K->64K(58368K)] 60740K->1828K(233472K), 0,0004009 secs] [Times: user=0,00 sys=0,00, real=0,00 secs] 
57,482: [GC (Allocation Failure) [PSYoungGen: 57920K->96K(57344K)] 59684K->1860K(232448K), 0,0003843 secs] [Times: user=0,00 sys=0,00, real=0,00 secs] 
57,527: [GC (Allocation Failure) [PSYoungGen: 56928K->64K(69120K)] 58692K->1828K(244224K), 0,0013227 secs] [Times: user=0,00 sys=0,00, real=0,01 secs] 
57,582: [GC (Allocation Failure) [PSYoungGen: 68672K->64K(82944K)] 70436K->1828K(258048K), 0,0005058 secs] [Times: user=0,00 sys=0,00, real=0,00 secs] 
57,647: [GC (Allocation Failure) [PSYoungGen: 82496K->96K(99840K)] 84260K->1860K(274944K), 0,0004833 secs] [Times: user=0,00 sys=0,00, real=0,00 secs] 
57,724: [GC (Allocation Failure) [PSYoungGen: 99424K->96K(97280K)] 101188K->1860K(272384K), 0,0005029 secs] [Times: user=0,00 sys=0,00, real=0,00 secs] 
57,800: [GC (Allocation Failure) [PSYoungGen: 96864K->64K(94720K)] 98628K->1828K(269824K), 0,0004849 secs] [Times: user=0,01 sys=0,00, real=0,00 secs] 
57,873: [GC (Allocation Failure) [PSYoungGen: 94272K->96K(92160K)] 96036K->1860K(267264K), 0,0004864 secs] [Times: user=0,00 sys=0,00, real=0,00 secs] 
57,945: [GC (Allocation Failure) [PSYoungGen: 91744K->96K(89600K)] 93508K->1860K(264704K), 0,0005780 secs] [Times: user=0,00 sys=0,00, real=0,00 secs] 
58,014: [GC (Allocation Failure) [PSYoungGen: 89184K->32K(87040K)] 90948K->1796K(262144K), 0,0004760 secs] [Times: user=0,00 sys=0,00, real=0,00 secs] 
58,083: [GC (Allocation Failure) [PSYoungGen: 86560K->64K(84992K)] 88324K->1828K(260096K), 0,0004949 secs] [Times: user=0,00 sys=0,00, real=0,00 secs] 
58,149: [GC (Allocation Failure) [PSYoungGen: 84544K->96K(82944K)] 86308K->1860K(258048K), 0,0004951 secs] [Times: user=0,00 sys=0,00, real=0,00 secs] 
58,214: [GC (Allocation Failure) [PSYoungGen: 82528K->96K(80896K)] 84292K->1860K(256000K), 0,0004832 secs] [Times: user=0,00 sys=0,00, real=0,00 secs] 
58,276: [GC (Allocation Failure) [PSYoungGen: 80480K->96K(78848K)] 82244K->1860K(253952K), 0,0004830 secs] [Times: user=0,00 sys=0,00, real=0,00 secs] 
58,338: [GC (Allocation Failure) [PSYoungGen: 78432K->96K(76800K)] 80196K->1860K(251904K), 0,0004949 secs] [Times: user=0,00 sys=0,00, real=0,00 secs] 
58,397: [GC (Allocation Failure) [PSYoungGen: 76384K->96K(74752K)] 78148K->1860K(249856K), 0,0005491 secs] [Times: user=0,00 sys=0,00, real=0,00 secs] 
58,455: [GC (Allocation Failure) [PSYoungGen: 74336K->96K(73216K)] 76100K->1860K(248320K), 0,0004807 secs] [Times: user=0,01 sys=0,00, real=0,00 secs] 
58,512: [GC (Allocation Failure) [PSYoungGen: 72800K->96K(71680K)] 74564K->1860K(246784K), 0,0004672 secs] [Times: user=0,00 sys=0,00, real=0,00 secs] 
58,568: [GC (Allocation Failure) [PSYoungGen: 71264K->96K(70144K)] 73028K->1860K(245248K), 0,0004782 secs] [Times: user=0,00 sys=0,00, real=0,00 secs] 
58,623: [GC (Allocation Failure) [PSYoungGen: 69728K->96K(68608K)] 71492K->1860K(243712K), 0,0004829 secs] [Times: user=0,00 sys=0,00, real=0,00 secs] 
58,676: [GC (Allocation Failure) [PSYoungGen: 68192K->96K(67072K)] 69956K->1860K(242176K), 0,0004926 secs] [Times: user=0,00 sys=0,00, real=0,00 secs] 
58,728: [GC (Allocation Failure) [PSYoungGen: 66656K->96K(65536K)] 68420K->1860K(240640K), 0,0004912 secs] [Times: user=0,00 sys=0,00, real=0,00 secs] 
58,779: [GC (Allocation Failure) [PSYoungGen: 65120K->64K(64000K)] 66884K->1828K(239104K), 0,0004654 secs] [Times: user=0,00 sys=0,00, real=0,00 secs] 
58,829: [GC (Allocation Failure) [PSYoungGen: 63552K->96K(62464K)] 65316K->1860K(237568K), 0,0004639 secs] [Times: user=0,00 sys=0,00, real=0,00 secs] 
58,877: [GC (Allocation Failure) [PSYoungGen: 62048K->96K(61440K)] 63812K->1860K(236544K), 0,0005553 secs] [Times: user=0,00 sys=0,00, real=0,00 secs] 
58,925: [GC (Allocation Failure) [PSYoungGen: 61024K->96K(60416K)] 62788K->1860K(235520K), 0,0004622 secs] [Times: user=0,00 sys=0,00, real=0,00 secs] 
58,972: [GC (Allocation Failure) [PSYoungGen: 60000K->96K(59392K)] 61764K->1860K(234496K), 0,0004534 secs] [Times: user=0,01 sys=0,00, real=0,00 secs] 
59,018: [GC (Allocation Failure) [PSYoungGen: 58976K->64K(58368K)] 60740K->1828K(233472K), 0,0004422 secs] [Times: user=0,00 sys=0,00, real=0,01 secs] 
59,063: [GC (Allocation Failure) [PSYoungGen: 57920K->64K(57344K)] 59684K->1828K(232448K), 0,0004346 secs] [Times: user=0,00 sys=0,00, real=0,00 secs] 
59,108: [GC (Allocation Failure) [PSYoungGen: 56896K->96K(56320K)] 58660K->1860K(231424K), 0,0004790 secs] [Times: user=0,00 sys=0,00, real=0,01 secs] 
59,152: [GC (Allocation Failure) [PSYoungGen: 55904K->64K(55296K)] 57668K->1828K(230400K), 0,0004855 secs] [Times: user=0,00 sys=0,00, real=0,00 secs] 
59,195: [GC (Allocation Failure) [PSYoungGen: 54848K->96K(54272K)] 56612K->1860K(229376K), 0,0004720 secs] [Times: user=0,00 sys=0,00, real=0,00 secs] 
59,237: [GC (Allocation Failure) [PSYoungGen: 53856K->32K(53248K)] 55620K->1796K(228352K), 0,0004349 secs] [Times: user=0,00 sys=0,01, real=0,00 secs] 
59,278: [GC (Allocation Failure) [PSYoungGen: 52768K->96K(52224K)] 54532K->1860K(227328K), 0,0003843 secs] [Times: user=0,00 sys=0,00, real=0,00 secs] 
59,319: [GC (Allocation Failure) [PSYoungGen: 51808K->96K(51200K)] 53572K->1860K(226304K), 0,0003761 secs] [Times: user=0,00 sys=0,00, real=0,00 secs] 
59,359: [GC (Allocation Failure) [PSYoungGen: 50784K->96K(50176K)] 52548K->1860K(225280K), 0,0003787 secs] [Times: user=0,00 sys=0,00, real=0,00 secs] 
59,398: [GC (Allocation Failure) [PSYoungGen: 49760K->96K(49152K)] 51524K->1860K(224256K), 0,0004105 secs] [Times: user=0,00 sys=0,00, real=0,01 secs] 
59,436: [GC (Allocation Failure) [PSYoungGen: 48736K->128K(48128K)] 50500K->1892K(223232K), 0,0003734 secs] [Times: user=0,00 sys=0,00, real=0,00 secs] 
59,473: [GC (Allocation Failure) [PSYoungGen: 47744K->96K(47616K)] 49508K->1860K(222720K), 0,0003709 secs] [Times: user=0,00 sys=0,00, real=0,00 secs] 
59,510: [GC (Allocation Failure) [PSYoungGen: 47200K->96K(47104K)] 48964K->1860K(222208K), 0,0003803 secs] [Times: user=0,00 sys=0,00, real=0,00 secs] 
59,547: [GC (Allocation Failure) [PSYoungGen: 46688K->64K(46592K)] 48452K->1828K(221696K), 0,0003866 secs] [Times: user=0,00 sys=0,00, real=0,00 secs] 
59,583: [GC (Allocation Failure) [PSYoungGen: 46144K->64K(55808K)] 47908K->1828K(230912K), 0,0009348 secs] [Times: user=0,00 sys=0,00, real=0,00 secs] 
59,626: [GC (Allocation Failure) [PSYoungGen: 55360K->128K(67072K)] 57124K->1892K(242176K), 0,0003793 secs] [Times: user=0,00 sys=0,00, real=0,00 secs] 
59,678: [GC (Allocation Failure) [PSYoungGen: 66688K->96K(80384K)] 68452K->1860K(255488K), 0,0004732 secs] [Times: user=0,00 sys=0,00, real=0,00 secs] 
59,741: [GC (Allocation Failure) [PSYoungGen: 79968K->96K(96768K)] 81732K->1860K(271872K), 0,0005041 secs] [Times: user=0,00 sys=0,00, real=0,00 secs] 
59,816: [GC (Allocation Failure) [PSYoungGen: 96352K->96K(94208K)] 98116K->1860K(269312K), 0,0004937 secs] [Times: user=0,01 sys=0,00, real=0,00 secs] 
59,889: [GC (Allocation Failure) [PSYoungGen: 93792K->96K(91648K)] 95556K->1860K(266752K), 0,0004870 secs] [Times: user=0,00 sys=0,00, real=0,00 secs] 
59,960: [GC (Allocation Failure) [PSYoungGen: 91232K->64K(89088K)] 92996K->1828K(264192K), 0,0005140 secs] [Times: user=0,00 sys=0,00, real=0,00 secs] 
60,029: [GC (Allocation Failure) [PSYoungGen: 88640K->96K(87040K)] 90404K->1860K(262144K), 0,0005922 secs] [Times: user=0,00 sys=0,00, real=0,00 secs] 
60,097: [GC (Allocation Failure) [PSYoungGen: 86624K->96K(84992K)] 88388K->1860K(260096K), 0,0005024 secs] [Times: user=0,00 sys=0,00, real=0,00 secs] 
60,163: [GC (Allocation Failure) [PSYoungGen: 84576K->96K(82944K)] 86340K->1860K(258048K), 0,0004776 secs] [Times: user=0,00 sys=0,00, real=0,00 secs] 
60,227: [GC (Allocation Failure) [PSYoungGen: 82528K->64K(80896K)] 84292K->1828K(256000K), 0,0005473 secs] [Times: user=0,00 sys=0,00, real=0,00 secs] 
60,291: [GC (Allocation Failure) [PSYoungGen: 80448K->160K(78848K)] 82212K->1924K(253952K), 0,0004531 secs] [Times: user=0,00 sys=0,00, real=0,00 secs] 
60,352: [GC (Allocation Failure) [PSYoungGen: 78496K->96K(76800K)] 80260K->1892K(251904K), 0,0004881 secs] [Times: user=0,00 sys=0,00, real=0,00 secs] 
60,412: [GC (Allocation Failure) [PSYoungGen: 76384K->64K(74752K)] 78180K->1860K(249856K), 0,0005393 secs] [Times: user=0,00 sys=0,00, real=0,00 secs] 
60,470: [GC (Allocation Failure) [PSYoungGen: 74304K->64K(73216K)] 76100K->1860K(248320K), 0,0004938 secs] [Times: user=0,01 sys=0,00, real=0,00 secs] 
60,527: [GC (Allocation Failure) [PSYoungGen: 72768K->64K(71680K)] 74564K->1860K(246784K), 0,0004801 secs] [Times: user=0,00 sys=0,00, real=0,00 secs] 
60,583: [GC (Allocation Failure) [PSYoungGen: 71232K->96K(70144K)] 73028K->1892K(245248K), 0,0004962 secs] [Times: user=0,00 sys=0,00, real=0,00 secs] 
60,637: [GC (Allocation Failure) [PSYoungGen: 69728K->96K(68608K)] 71524K->1892K(243712K), 0,0004696 secs] [Times: user=0,00 sys=0,00, real=0,00 secs] 
60,691: [GC (Allocation Failure) [PSYoungGen: 68192K->96K(67072K)] 69988K->1892K(242176K), 0,0007240 secs] [Times: user=0,00 sys=0,00, real=0,00 secs] 
60,748: [GC (Allocation Failure) [PSYoungGen: 66656K->96K(65536K)] 68452K->1892K(240640K), 0,0004704 secs] [Times: user=0,00 sys=0,00, real=0,01 secs] 
60,799: [GC (Allocation Failure) [PSYoungGen: 65120K->96K(64000K)] 66916K->1892K(239104K), 0,0004703 secs] [Times: user=0,00 sys=0,00, real=0,00 secs] 
60,848: [GC (Allocation Failure) [PSYoungGen: 63584K->64K(62464K)] 65380K->1860K(237568K), 0,0004449 secs] [Times: user=0,00 sys=0,00, real=0,00 secs] 
60,897: [GC (Allocation Failure) [PSYoungGen: 62016K->64K(61440K)] 63812K->1860K(236544K), 0,0004618 secs] [Times: user=0,01 sys=0,00, real=0,00 secs] 
60,945: [GC (Allocation Failure) [PSYoungGen: 60992K->64K(60416K)] 62788K->1860K(235520K), 0,0004734 secs] [Times: user=0,00 sys=0,00, real=0,00 secs] 
60,992: [GC (Allocation Failure) [PSYoungGen: 59968K->96K(59392K)] 61764K->1892K(234496K), 0,0005389 secs] [Times: user=0,00 sys=0,00, real=0,00 secs] 
61,039: [GC (Allocation Failure) [PSYoungGen: 58976K->96K(58368K)] 60772K->1892K(233472K), 0,0004686 secs] [Times: user=0,00 sys=0,00, real=0,00 secs] 
61,084: [GC (Allocation Failure) [PSYoungGen: 57952K->96K(57344K)] 59748K->1892K(232448K), 0,0003774 secs] [Times: user=0,00 sys=0,00, real=0,00 secs] 
61,129: [GC (Allocation Failure) [PSYoungGen: 56928K->96K(56320K)] 58724K->1892K(231424K), 0,0003868 secs] [Times: user=0,00 sys=0,00, real=0,00 secs] 
61,173: [GC (Allocation Failure) [PSYoungGen: 55904K->96K(55296K)] 57700K->1892K(230400K), 0,0004625 secs] [Times: user=0,00 sys=0,00, real=0,00 secs] 
61,216: [GC (Allocation Failure) [PSYoungGen: 54880K->64K(54272K)] 56676K->1860K(229376K), 0,0004092 secs] [Times: user=0,01 sys=0,00, real=0,00 secs] 
61,258: [GC (Allocation Failure) [PSYoungGen: 53824K->96K(53248K)] 55620K->1892K(228352K), 0,0003897 secs] [Times: user=0,00 sys=0,00, real=0,01 secs] 
61,299: [GC (Allocation Failure) [PSYoungGen: 52832K->64K(52224K)] 54628K->1860K(227328K), 0,0003805 secs] [Times: user=0,00 sys=0,00, real=0,00 secs] 
61,340: [GC (Allocation Failure) [PSYoungGen: 51776K->96K(51200K)] 53572K->1892K(226304K), 0,0003893 secs] [Times: user=0,00 sys=0,00, real=0,00 secs] 
61,380: [GC (Allocation Failure) [PSYoungGen: 50784K->128K(50176K)] 52580K->1924K(225280K), 0,0005745 secs] [Times: user=0,00 sys=0,00, real=0,00 secs] 
61,419: [GC (Allocation Failure) [PSYoungGen: 49792K->96K(49152K)] 51588K->1892K(224256K), 0,0003696 secs] [Times: user=0,00 sys=0,00, real=0,00 secs] 
61,457: [GC (Allocation Failure) [PSYoungGen: 48736K->96K(48128K)] 50532K->1892K(223232K), 0,0003882 secs] [Times: user=0,00 sys=0,00, real=0,00 secs] 
61,494: [GC (Allocation Failure) [PSYoungGen: 47712K->64K(47616K)] 49508K->1860K(222720K), 0,0003839 secs] [Times: user=0,00 sys=0,00, real=0,00 secs] 
61,531: [GC (Allocation Failure) [PSYoungGen: 47168K->64K(47104K)] 48964K->1860K(222208K), 0,0003833 secs] [Times: user=0,00 sys=0,00, real=0,00 secs] 
61,568: [GC (Allocation Failure) [PSYoungGen: 46656K->96K(46592K)] 48452K->1892K(221696K), 0,0003937 secs] [Times: user=0,00 sys=0,00, real=0,00 secs] 
61,605: [GC (Allocation Failure) [PSYoungGen: 46176K->96K(46080K)] 47972K->1892K(221184K), 0,0003707 secs] [Times: user=0,00 sys=0,00, real=0,00 secs] 
61,641: [GC (Allocation Failure) [PSYoungGen: 45664K->96K(45568K)] 47460K->1892K(220672K), 0,0004152 secs] [Times: user=0,00 sys=0,00, real=0,00 secs] 
61,676: [GC (Allocation Failure) [PSYoungGen: 45152K->96K(45056K)] 46948K->1892K(220160K), 0,0003700 secs] [Times: user=0,00 sys=0,00, real=0,00 secs] 
61,711: [GC (Allocation Failure) [PSYoungGen: 44640K->96K(44544K)] 46436K->1892K(219648K), 0,0003773 secs] [Times: user=0,00 sys=0,00, real=0,00 secs] 
61,746: [GC (Allocation Failure) [PSYoungGen: 44128K->32K(53760K)] 45924K->1828K(228864K), 0,0004283 secs] [Times: user=0,00 sys=0,00, real=0,00 secs] 
61,788: [GC (Allocation Failure) [PSYoungGen: 53280K->96K(52736K)] 55076K->1892K(227840K), 0,0003847 secs] [Times: user=0,00 sys=0,00, real=0,01 secs] 
61,829: [GC (Allocation Failure) [PSYoungGen: 52320K->96K(51712K)] 54116K->1892K(226816K), 0,0003752 secs] [Times: user=0,00 sys=0,00, real=0,00 secs] 
61,870: [GC (Allocation Failure) [PSYoungGen: 51296K->32K(50688K)] 53092K->1828K(225792K), 0,0003732 secs] [Times: user=0,00 sys=0,00, real=0,00 secs] 
61,909: [GC (Allocation Failure) [PSYoungGen: 50208K->96K(49664K)] 52004K->1892K(224768K), 0,0003752 secs] [Times: user=0,00 sys=0,00, real=0,00 secs] 
61,948: [GC (Allocation Failure) [PSYoungGen: 49248K->96K(48640K)] 51044K->1892K(223744K), 0,0003889 secs] [Times: user=0,00 sys=0,00, real=0,00 secs] 
61,986: [GC (Allocation Failure) [PSYoungGen: 48224K->96K(48128K)] 50020K->1892K(223232K), 0,0003791 secs] [Times: user=0,00 sys=0,00, real=0,00 secs] 
62,024: [GC (Allocation Failure) [PSYoungGen: 47712K->96K(47616K)] 49508K->1892K(222720K), 0,0003752 secs] [Times: user=0,00 sys=0,00, real=0,00 secs] 
62,062: [GC (Allocation Failure) [PSYoungGen: 47200K->64K(47104K)] 48996K->1860K(222208K), 0,0003995 secs] [Times: user=0,01 sys=0,00, real=0,00 secs] 
62,099: [GC (Allocation Failure) [PSYoungGen: 46656K->96K(46592K)] 48452K->1892K(221696K), 0,0003834 secs] [Times: user=0,00 sys=0,00, real=0,00 secs] 
62,135: [GC (Allocation Failure) [PSYoungGen: 46176K->96K(46080K)] 47972K->1892K(221184K), 0,0003849 secs] [Times: user=0,00 sys=0,00, real=0,00 secs] 
62,172: [GC (Allocation Failure) [PSYoungGen: 45664K->96K(45568K)] 47460K->1892K(220672K), 0,0003854 secs] [Times: user=0,00 sys=0,00, real=0,00 secs] 
62,207: [GC (Allocation Failure) [PSYoungGen: 45152K->96K(45056K)] 46948K->1892K(220160K), 0,0003904 secs] [Times: user=0,00 sys=0,00, real=0,00 secs] 
62,242: [GC (Allocation Failure) [PSYoungGen: 44640K->96K(44544K)] 46436K->1892K(219648K), 0,0003613 secs] [Times: user=0,01 sys=0,00, real=0,00 secs] 
62,277: [GC (Allocation Failure) [PSYoungGen: 44128K->64K(53760K)] 45924K->1860K(228864K), 0,0009105 secs] [Times: user=0,00 sys=0,00, real=0,01 secs] 
62,320: [GC (Allocation Failure) [PSYoungGen: 53312K->96K(64512K)] 55108K->1892K(239616K), 0,0003799 secs] [Times: user=0,00 sys=0,00, real=0,00 secs] 
62,370: [GC (Allocation Failure) [PSYoungGen: 64096K->96K(77312K)] 65892K->1892K(252416K), 0,0003817 secs] [Times: user=0,00 sys=0,00, real=0,00 secs] 
62,431: [GC (Allocation Failure) [PSYoungGen: 76896K->96K(75264K)] 78692K->1892K(250368K), 0,0005057 secs] [Times: user=0,01 sys=0,00, real=0,00 secs] 
62,490: [GC (Allocation Failure) [PSYoungGen: 74848K->64K(73728K)] 76644K->1860K(248832K), 0,0005331 secs] [Times: user=0,00 sys=0,00, real=0,00 secs] 
62,548: [GC (Allocation Failure) [PSYoungGen: 73280K->96K(72192K)] 75076K->1892K(247296K), 0,0004950 secs] [Times: user=0,00 sys=0,00, real=0,01 secs] 
62,604: [GC (Allocation Failure) [PSYoungGen: 71776K->96K(70656K)] 73572K->1892K(245760K), 0,0005391 secs] [Times: user=0,00 sys=0,00, real=0,00 secs] 
62,659: [GC (Allocation Failure) [PSYoungGen: 70240K->96K(69120K)] 72036K->1892K(244224K), 0,0004852 secs] [Times: user=0,00 sys=0,00, real=0,00 secs] 
62,713: [GC (Allocation Failure) [PSYoungGen: 68704K->96K(67584K)] 70500K->1892K(242688K), 0,0005404 secs] [Times: user=0,00 sys=0,00, real=0,00 secs] 
62,766: [GC (Allocation Failure) [PSYoungGen: 67168K->96K(66048K)] 68964K->1892K(241152K), 0,0004589 secs] [Times: user=0,00 sys=0,00, real=0,00 secs] 
62,817: [GC (Allocation Failure) [PSYoungGen: 65632K->96K(64512K)] 67428K->1892K(239616K), 0,0004755 secs] [Times: user=0,00 sys=0,00, real=0,00 secs] 
62,867: [GC (Allocation Failure) [PSYoungGen: 64096K->96K(62976K)] 65892K->1892K(238080K), 0,0004763 secs] [Times: user=0,00 sys=0,00, real=0,00 secs] 
62,916: [GC (Allocation Failure) [PSYoungGen: 62560K->96K(61952K)] 64356K->1892K(237056K), 0,0003802 secs] [Times: user=0,00 sys=0,00, real=0,00 secs] 
62,964: [GC (Allocation Failure) [PSYoungGen: 61536K->96K(60928K)] 63332K->1892K(236032K), 0,0004670 secs] [Times: user=0,00 sys=0,00, real=0,00 secs] 
63,011: [GC (Allocation Failure) [PSYoungGen: 60512K->96K(59904K)] 62308K->1892K(235008K), 0,0005170 secs] [Times: user=0,00 sys=0,00, real=0,00 secs] 
63,059: [GC (Allocation Failure) [PSYoungGen: 59488K->64K(58880K)] 61284K->1860K(233984K), 0,0004790 secs] [Times: user=0,00 sys=0,00, real=0,00 secs] 
63,104: [GC (Allocation Failure) [PSYoungGen: 58432K->96K(57856K)] 60228K->1892K(232960K), 0,0005048 secs] [Times: user=0,00 sys=0,00, real=0,00 secs] 
63,150: [GC (Allocation Failure) [PSYoungGen: 57440K->64K(56832K)] 59236K->1860K(231936K), 0,0004584 secs] [Times: user=0,00 sys=0,00, real=0,00 secs] 
63,194: [GC (Allocation Failure) [PSYoungGen: 56384K->64K(55808K)] 58180K->1860K(230912K), 0,0004534 secs] [Times: user=0,00 sys=0,00, real=0,00 secs] 
63,237: [GC (Allocation Failure) [PSYoungGen: 55360K->96K(54784K)] 57156K->1892K(229888K), 0,0003800 secs] [Times: user=0,00 sys=0,00, real=0,00 secs] 
63,280: [GC (Allocation Failure) [PSYoungGen: 54368K->32K(53760K)] 56164K->1828K(228864K), 0,0004466 secs] [Times: user=0,00 sys=0,00, real=0,00 secs] 
63,322: [GC (Allocation Failure) [PSYoungGen: 53280K->96K(52736K)] 55076K->1892K(227840K), 0,0003680 secs] [Times: user=0,00 sys=0,00, real=0,00 secs] 
63,363: [GC (Allocation Failure) [PSYoungGen: 52320K->96K(51712K)] 54116K->1892K(226816K), 0,0004709 secs] [Times: user=0,00 sys=0,00, real=0,00 secs] 
63,403: [GC (Allocation Failure) [PSYoungGen: 51296K->96K(50688K)] 53092K->1892K(225792K), 0,0004634 secs] [Times: user=0,00 sys=0,00, real=0,00 secs] 
63,442: [GC (Allocation Failure) [PSYoungGen: 50272K->64K(49664K)] 52068K->1860K(224768K), 0,0003779 secs] [Times: user=0,00 sys=0,00, real=0,00 secs] 
63,481: [GC (Allocation Failure) [PSYoungGen: 49216K->96K(48640K)] 51012K->1892K(223744K), 0,0003755 secs] [Times: user=0,00 sys=0,00, real=0,00 secs] 
63,518: [GC (Allocation Failure) [PSYoungGen: 48224K->64K(48128K)] 50020K->1860K(223232K), 0,0003755 secs] [Times: user=0,00 sys=0,00, real=0,00 secs] 
63,556: [GC (Allocation Failure) [PSYoungGen: 47680K->96K(47616K)] 49476K->1892K(222720K), 0,0003964 secs] [Times: user=0,00 sys=0,00, real=0,00 secs] 
63,593: [GC (Allocation Failure) [PSYoungGen: 47200K->96K(47104K)] 48996K->1892K(222208K), 0,0003768 secs] [Times: user=0,01 sys=0,00, real=0,00 secs] 
63,630: [GC (Allocation Failure) [PSYoungGen: 46688K->96K(46592K)] 48484K->1892K(221696K), 0,0003706 secs] [Times: user=0,00 sys=0,00, real=0,00 secs] 
63,666: [GC (Allocation Failure) [PSYoungGen: 46176K->64K(46080K)] 47972K->1860K(221184K), 0,0003696 secs] [Times: user=0,00 sys=0,00, real=0,00 secs] 
63,702: [GC (Allocation Failure) [PSYoungGen: 45632K->96K(45568K)] 47428K->1892K(220672K), 0,0003848 secs] [Times: user=0,00 sys=0,00, real=0,00 secs] 
63,737: [GC (Allocation Failure) [PSYoungGen: 45152K->96K(45056K)] 46948K->1892K(220160K), 0,0003777 secs] [Times: user=0,00 sys=0,00, real=0,00 secs] 
63,772: [GC (Allocation Failure) [PSYoungGen: 44640K->96K(44544K)] 46436K->1892K(219648K), 0,0003676 secs] [Times: user=0,00 sys=0,00, real=0,00 secs] 
63,807: [GC (Allocation Failure) [PSYoungGen: 44128K->96K(44032K)] 45924K->1892K(219136K), 0,0003601 secs] [Times: user=0,00 sys=0,00, real=0,00 secs] 
63,841: [GC (Allocation Failure) [PSYoungGen: 43616K->64K(43520K)] 45412K->1860K(218624K), 0,0003720 secs] [Times: user=0,01 sys=0,00, real=0,00 secs] 
63,875: [GC (Allocation Failure) [PSYoungGen: 43072K->96K(43008K)] 44868K->1892K(218112K), 0,0003595 secs] [Times: user=0,00 sys=0,00, real=0,00 secs] 
63,908: [GC (Allocation Failure) [PSYoungGen: 42592K->96K(51712K)] 44388K->1892K(226816K), 0,0004296 secs] [Times: user=0,00 sys=0,00, real=0,00 secs] 
63,949: [GC (Allocation Failure) [PSYoungGen: 51296K->64K(50688K)] 53092K->1860K(225792K), 0,0003738 secs] [Times: user=0,00 sys=0,00, real=0,00 secs] 
63,988: [GC (Allocation Failure) [PSYoungGen: 50240K->96K(49664K)] 52036K->1892K(224768K), 0,0003753 secs] [Times: user=0,00 sys=0,00, real=0,01 secs] 
64,026: [GC (Allocation Failure) [PSYoungGen: 49248K->96K(48640K)] 51044K->1892K(223744K), 0,0003592 secs] [Times: user=0,00 sys=0,00, real=0,00 secs] 
64,064: [GC (Allocation Failure) [PSYoungGen: 48224K->64K(48128K)] 50020K->1860K(223232K), 0,0004750 secs] [Times: user=0,00 sys=0,00, real=0,00 secs] 
64,102: [GC (Allocation Failure) [PSYoungGen: 47680K->96K(47616K)] 49476K->1892K(222720K), 0,0003862 secs] [Times: user=0,00 sys=0,00, real=0,00 secs] 
64,139: [GC (Allocation Failure) [PSYoungGen: 47200K->96K(47104K)] 48996K->1892K(222208K), 0,0003771 secs] [Times: user=0,00 sys=0,00, real=0,00 secs] 
64,175: [GC (Allocation Failure) [PSYoungGen: 46688K->128K(46592K)] 48484K->1924K(221696K), 0,0003779 secs] [Times: user=0,00 sys=0,00, real=0,00 secs] 
64,212: [GC (Allocation Failure) [PSYoungGen: 46208K->96K(46080K)] 48004K->1892K(221184K), 0,0003692 secs] [Times: user=0,00 sys=0,00, real=0,00 secs] 
64,248: [GC (Allocation Failure) [PSYoungGen: 45664K->64K(45568K)] 47460K->1860K(220672K), 0,0003920 secs] [Times: user=0,00 sys=0,00, real=0,01 secs] 
64,283: [GC (Allocation Failure) [PSYoungGen: 45120K->96K(45056K)] 46916K->1892K(220160K), 0,0003844 secs] [Times: user=0,00 sys=0,00, real=0,00 secs] 
64,318: [GC (Allocation Failure) [PSYoungGen: 44640K->96K(44544K)] 46436K->1892K(219648K), 0,0003918 secs] [Times: user=0,01 sys=0,00, real=0,00 secs] 
64,353: [GC (Allocation Failure) [PSYoungGen: 44128K->96K(44032K)] 45924K->1892K(219136K), 0,0003534 secs] [Times: user=0,00 sys=0,00, real=0,00 secs] 
64,387: [GC (Allocation Failure) [PSYoungGen: 43616K->96K(43520K)] 45412K->1892K(218624K), 0,0003726 secs] [Times: user=0,00 sys=0,00, real=0,00 secs] 
64,421: [GC (Allocation Failure) [PSYoungGen: 43104K->96K(43008K)] 44900K->1892K(218112K), 0,0003852 secs] [Times: user=0,00 sys=0,00, real=0,00 secs] 
64,454: [GC (Allocation Failure) [PSYoungGen: 42592K->96K(51712K)] 44388K->1892K(226816K), 0,0003896 secs] [Times: user=0,00 sys=0,00, real=0,00 secs] 
64,495: [GC (Allocation Failure) [PSYoungGen: 51295K->32K(61952K)] 53091K->1828K(237056K), 0,0004679 secs] [Times: user=0,00 sys=0,00, real=0,00 secs] 
64,543: [GC (Allocation Failure) [PSYoungGen: 61472K->64K(60928K)] 63268K->1860K(236032K), 0,0004625 secs] [Times: user=0,00 sys=0,00, real=0,00 secs] 
64,591: [GC (Allocation Failure) [PSYoungGen: 60480K->64K(59904K)] 62276K->1860K(235008K), 0,0004814 secs] [Times: user=0,00 sys=0,00, real=0,00 secs] 
64,637: [GC (Allocation Failure) [PSYoungGen: 59456K->96K(58880K)] 61252K->1892K(233984K), 0,0004635 secs] [Times: user=0,00 sys=0,00, real=0,01 secs] 
64,683: [GC (Allocation Failure) [PSYoungGen: 58464K->96K(57856K)] 60260K->1892K(232960K), 0,0003912 secs] [Times: user=0,00 sys=0,00, real=0,00 secs] 
64,728: [GC (Allocation Failure) [PSYoungGen: 57440K->64K(56832K)] 59236K->1860K(231936K), 0,0004355 secs] [Times: user=0,00 sys=0,00, real=0,00 secs] 
64,773: [GC (Allocation Failure) [PSYoungGen: 56384K->96K(55808K)] 58180K->1892K(230912K), 0,0003959 secs] [Times: user=0,00 sys=0,00, real=0,00 secs] 
64,816: [GC (Allocation Failure) [PSYoungGen: 55392K->96K(54784K)] 57188K->1892K(229888K), 0,0003833 secs] [Times: user=0,00 sys=0,00, real=0,00 secs] 
64,859: [GC (Allocation Failure) [PSYoungGen: 54368K->96K(53760K)] 56164K->1892K(228864K), 0,0003803 secs] [Times: user=0,00 sys=0,00, real=0,00 secs] 
64,900: [GC (Allocation Failure) [PSYoungGen: 53344K->96K(52736K)] 55140K->1892K(227840K), 0,0003806 secs] [Times: user=0,00 sys=0,00, real=0,00 secs] 
64,941: [GC (Allocation Failure) [PSYoungGen: 52320K->32K(51712K)] 54116K->1828K(226816K), 0,0004447 secs] [Times: user=0,00 sys=0,00, real=0,00 secs] 
64,982: [GC (Allocation Failure) [PSYoungGen: 51232K->96K(50688K)] 53028K->1892K(225792K), 0,0004244 secs] [Times: user=0,00 sys=0,00, real=0,00 secs] 
65,021: [GC (Allocation Failure) [PSYoungGen: 50272K->96K(49664K)] 52068K->1892K(224768K), 0,0003746 secs] [Times: user=0,00 sys=0,00, real=0,00 secs] 
65,060: [GC (Allocation Failure) [PSYoungGen: 49248K->32K(48640K)] 51044K->1828K(223744K), 0,0004248 secs] [Times: user=0,00 sys=0,00, real=0,00 secs] 
65,098: [GC (Allocation Failure) [PSYoungGen: 48160K->96K(48128K)] 49956K->1892K(223232K), 0,0003887 secs] [Times: user=0,00 sys=0,00, real=0,01 secs] 
65,135: [GC (Allocation Failure) [PSYoungGen: 47712K->96K(57856K)] 49508K->1892K(232960K), 0,0006249 secs] [Times: user=0,00 sys=0,00, real=0,00 secs] 
65,180: [GC (Allocation Failure) [PSYoungGen: 57440K->96K(69632K)] 59236K->1892K(244736K), 0,0003754 secs] [Times: user=0,00 sys=0,00, real=0,00 secs] 
65,234: [GC (Allocation Failure) [PSYoungGen: 69216K->64K(83456K)] 71012K->1860K(258560K), 0,0006704 secs] [Times: user=0,00 sys=0,00, real=0,00 secs] 
65,299: [GC (Allocation Failure) [PSYoungGen: 83008K->96K(81408K)] 84804K->1892K(256512K), 0,0004837 secs] [Times: user=0,00 sys=0,00, real=0,00 secs] 
65,362: [GC (Allocation Failure) [PSYoungGen: 80992K->96K(79360K)] 82788K->1892K(254464K), 0,0005079 secs] [Times: user=0,01 sys=0,00, real=0,00 secs] 
65,424: [GC (Allocation Failure) [PSYoungGen: 78944K->96K(77312K)] 80740K->1892K(252416K), 0,0004754 secs] [Times: user=0,00 sys=0,00, real=0,00 secs] 
65,484: [GC (Allocation Failure) [PSYoungGen: 76896K->64K(75264K)] 78692K->1860K(250368K), 0,0007940 secs] [Times: user=0,00 sys=0,00, real=0,00 secs] 
65,543: [GC (Allocation Failure) [PSYoungGen: 74816K->64K(90624K)] 76612K->1860K(265728K), 0,0010403 secs] [Times: user=0,00 sys=0,00, real=0,00 secs] 
65,614: [GC (Allocation Failure) [PSYoungGen: 90176K->64K(109056K)] 91972K->1860K(284160K), 0,0005252 secs] [Times: user=0,00 sys=0,00, real=0,00 secs] 
65,699: [GC (Allocation Failure) [PSYoungGen: 108608K->96K(105984K)] 110404K->1892K(281088K), 0,0004980 secs] [Times: user=0,01 sys=0,00, real=0,00 secs] 
65,781: [GC (Allocation Failure) [PSYoungGen: 105568K->96K(102912K)] 107364K->1892K(278016K), 0,0004848 secs] [Times: user=0,00 sys=0,00, real=0,00 secs] 
65,861: [GC (Allocation Failure) [PSYoungGen: 102496K->96K(99840K)] 104292K->1892K(274944K), 0,0004951 secs] [Times: user=0,00 sys=0,00, real=0,00 secs] 
65,939: [GC (Allocation Failure) [PSYoungGen: 99424K->96K(97280K)] 101220K->1892K(272384K), 0,0007382 secs] [Times: user=0,00 sys=0,00, real=0,00 secs] 
66,015: [GC (Allocation Failure) [PSYoungGen: 96864K->64K(94720K)] 98660K->1860K(269824K), 0,0004749 secs] [Times: user=0,00 sys=0,00, real=0,00 secs] 
66,089: [GC (Allocation Failure) [PSYoungGen: 94272K->64K(92160K)] 96068K->1860K(267264K), 0,0005023 secs] [Times: user=0,00 sys=0,00, real=0,00 secs] 
66,161: [GC (Allocation Failure) [PSYoungGen: 91712K->64K(89600K)] 93508K->1860K(264704K), 0,0004937 secs] [Times: user=0,00 sys=0,00, real=0,00 secs] 
66,231: [GC (Allocation Failure) [PSYoungGen: 89152K->96K(87040K)] 90948K->1892K(262144K), 0,0004962 secs] [Times: user=0,00 sys=0,00, real=0,00 secs] 
66,298: [GC (Allocation Failure) [PSYoungGen: 86624K->96K(84992K)] 88420K->1892K(260096K), 0,0004813 secs] [Times: user=0,00 sys=0,00, real=0,00 secs] 
66,364: [GC (Allocation Failure) [PSYoungGen: 84576K->96K(82944K)] 86372K->1892K(258048K), 0,0004960 secs] [Times: user=0,00 sys=0,00, real=0,00 secs] 
66,429: [GC (Allocation Failure) [PSYoungGen: 82528K->64K(80896K)] 84324K->1860K(256000K), 0,0004889 secs] [Times: user=0,00 sys=0,00, real=0,00 secs] 
66,492: [GC (Allocation Failure) [PSYoungGen: 80448K->32K(78848K)] 82244K->1828K(253952K), 0,0005306 secs] [Times: user=0,00 sys=0,00, real=0,00 secs] 
66,553: [GC (Allocation Failure) [PSYoungGen: 78368K->96K(76800K)] 80164K->1892K(251904K), 0,0005015 secs] [Times: user=0,00 sys=0,00, real=0,00 secs] 
66,613: [GC (Allocation Failure) [PSYoungGen: 76384K->96K(74752K)] 78180K->1892K(249856K), 0,0004964 secs] [Times: user=0,00 sys=0,00, real=0,00 secs] 
66,671: [GC (Allocation Failure) [PSYoungGen: 74336K->96K(73216K)] 76132K->1892K(248320K), 0,0004774 secs] [Times: user=0,00 sys=0,00, real=0,00 secs] 
66,728: [GC (Allocation Failure) [PSYoungGen: 72800K->64K(71680K)] 74596K->1860K(246784K), 0,0004888 secs] [Times: user=0,00 sys=0,00, real=0,00 secs] 
66,784: [GC (Allocation Failure) [PSYoungGen: 71232K->64K(70144K)] 73028K->1860K(245248K), 0,0009888 secs] [Times: user=0,00 sys=0,00, real=0,00 secs] 
66,839: [GC (Allocation Failure) [PSYoungGen: 69696K->96K(68608K)] 71492K->1892K(243712K), 0,0005017 secs] [Times: user=0,00 sys=0,00, real=0,00 secs] 
66,893: [GC (Allocation Failure) [PSYoungGen: 68191K->96K(67072K)] 69987K->1892K(242176K), 0,0004846 secs] [Times: user=0,00 sys=0,00, real=0,00 secs] 
66,945: [GC (Allocation Failure) [PSYoungGen: 66656K->96K(65536K)] 68452K->1892K(240640K), 0,0004829 secs] [Times: user=0,00 sys=0,00, real=0,00 secs] 
66,996: [GC (Allocation Failure) [PSYoungGen: 65120K->64K(64000K)] 66916K->1860K(239104K), 0,0005025 secs] [Times: user=0,00 sys=0,00, real=0,00 secs] 
67,046: [GC (Allocation Failure) [PSYoungGen: 63552K->96K(62464K)] 65348K->1892K(237568K), 0,0004811 secs] [Times: user=0,00 sys=0,00, real=0,00 secs] 
67,095: [GC (Allocation Failure) [PSYoungGen: 62048K->96K(61440K)] 63844K->1892K(236544K), 0,0004944 secs] [Times: user=0,00 sys=0,00, real=0,00 secs] 
67,143: [GC (Allocation Failure) [PSYoungGen: 61024K->64K(60416K)] 62820K->1860K(235520K), 0,0005113 secs] [Times: user=0,00 sys=0,00, real=0,00 secs] 
67,190: [GC (Allocation Failure) [PSYoungGen: 59968K->96K(59392K)] 61764K->1892K(234496K), 0,0004711 secs] [Times: user=0,00 sys=0,00, real=0,00 secs] 
67,236: [GC (Allocation Failure) [PSYoungGen: 58976K->64K(58368K)] 60772K->1860K(233472K), 0,0004652 secs] [Times: user=0,00 sys=0,00, real=0,00 secs] 
67,282: [GC (Allocation Failure) [PSYoungGen: 57920K->96K(57344K)] 59716K->1892K(232448K), 0,0004236 secs] [Times: user=0,00 sys=0,00, real=0,00 secs] 
67,327: [GC (Allocation Failure) [PSYoungGen: 56928K->64K(69120K)] 58724K->1860K(244224K), 0,0009740 secs] [Times: user=0,01 sys=0,00, real=0,01 secs] 
67,382: [GC (Allocation Failure) [PSYoungGen: 68672K->64K(82944K)] 70468K->1860K(258048K), 0,0009055 secs] [Times: user=0,00 sys=0,01, real=0,00 secs] 
67,447: [GC (Allocation Failure) [PSYoungGen: 82496K->96K(80896K)] 84292K->1892K(256000K), 0,0005116 secs] [Times: user=0,01 sys=0,00, real=0,00 secs] 
67,510: [GC (Allocation Failure) [PSYoungGen: 80480K->96K(78848K)] 82276K->1892K(253952K), 0,0005140 secs] [Times: user=0,00 sys=0,00, real=0,00 secs] 
67,573: [GC (Allocation Failure) [PSYoungGen: 78432K->64K(76800K)] 80228K->1860K(251904K), 0,0005928 secs] [Times: user=0,00 sys=0,00, real=0,00 secs] 
67,633: [GC (Allocation Failure) [PSYoungGen: 76352K->64K(74752K)] 78148K->1860K(249856K), 0,0004913 secs] [Times: user=0,00 sys=0,00, real=0,00 secs] 
67,691: [GC (Allocation Failure) [PSYoungGen: 74304K->96K(73216K)] 76100K->1892K(248320K), 0,0004805 secs] [Times: user=0,00 sys=0,00, real=0,00 secs] 
67,748: [GC (Allocation Failure) [PSYoungGen: 72800K->32K(71680K)] 74596K->1828K(246784K), 0,0004766 secs] [Times: user=0,00 sys=0,00, real=0,00 secs] 
67,804: [GC (Allocation Failure) [PSYoungGen: 71200K->96K(70144K)] 72996K->1892K(245248K), 0,0004956 secs] [Times: user=0,00 sys=0,00, real=0,00 secs] 
67,858: [GC (Allocation Failure) [PSYoungGen: 69728K->96K(68608K)] 71524K->1892K(243712K), 0,0004858 secs] [Times: user=0,00 sys=0,00, real=0,00 secs] 
67,911: [GC (Allocation Failure) [PSYoungGen: 68192K->96K(67072K)] 69988K->1892K(242176K), 0,0004948 secs] [Times: user=0,00 sys=0,00, real=0,00 secs] 
67,963: [GC (Allocation Failure) [PSYoungGen: 66656K->96K(65536K)] 68452K->1892K(240640K), 0,0004738 secs] [Times: user=0,00 sys=0,00, real=0,00 secs] 
68,014: [GC (Allocation Failure) [PSYoungGen: 65120K->96K(64000K)] 66916K->1892K(239104K), 0,0004741 secs] [Times: user=0,01 sys=0,00, real=0,00 secs] 
68,064: [GC (Allocation Failure) [PSYoungGen: 63584K->96K(62464K)] 65380K->1892K(237568K), 0,0005020 secs] [Times: user=0,00 sys=0,00, real=0,00 secs] 
68,113: [GC (Allocation Failure) [PSYoungGen: 62048K->96K(61440K)] 63844K->1892K(236544K), 0,0004784 secs] [Times: user=0,01 sys=0,00, real=0,00 secs] 
68,160: [GC (Allocation Failure) [PSYoungGen: 61024K->96K(60416K)] 62820K->1892K(235520K), 0,0004629 secs] [Times: user=0,00 sys=0,00, real=0,00 secs] 
68,207: [GC (Allocation Failure) [PSYoungGen: 60000K->96K(59392K)] 61796K->1892K(234496K), 0,0004715 secs] [Times: user=0,00 sys=0,00, real=0,01 secs] 
68,254: [GC (Allocation Failure) [PSYoungGen: 58976K->64K(58368K)] 60772K->1860K(233472K), 0,0004505 secs] [Times: user=0,00 sys=0,00, real=0,00 secs] 
68,299: [GC (Allocation Failure) [PSYoungGen: 57920K->96K(57344K)] 59716K->1892K(232448K), 0,0004782 secs] [Times: user=0,00 sys=0,00, real=0,00 secs] 
68,344: [GC (Allocation Failure) [PSYoungGen: 56928K->96K(56320K)] 58724K->1892K(231424K), 0,0005647 secs] [Times: user=0,00 sys=0,00, real=0,00 secs] 
68,388: [GC (Allocation Failure) [PSYoungGen: 55904K->96K(55296K)] 57700K->1892K(230400K), 0,0004069 secs] [Times: user=0,00 sys=0,00, real=0,01 secs] 
68,431: [GC (Allocation Failure) [PSYoungGen: 54880K->96K(54272K)] 56676K->1892K(229376K), 0,0003963 secs] [Times: user=0,01 sys=0,00, real=0,00 secs] 
68,473: [GC (Allocation Failure) [PSYoungGen: 53856K->96K(53248K)] 55652K->1892K(228352K), 0,0003860 secs] [Times: user=0,00 sys=0,00, real=0,00 secs] 
68,514: [GC (Allocation Failure) [PSYoungGen: 52832K->96K(52224K)] 54628K->1892K(227328K), 0,0003962 secs] [Times: user=0,00 sys=0,00, real=0,00 secs] 
68,555: [GC (Allocation Failure) [PSYoungGen: 51808K->96K(51200K)] 53604K->1892K(226304K), 0,0003899 secs] [Times: user=0,00 sys=0,00, real=0,00 secs] 
68,595: [GC (Allocation Failure) [PSYoungGen: 50784K->96K(61440K)] 52580K->1892K(236544K), 0,0006564 secs] [Times: user=0,00 sys=0,00, real=0,00 secs] 
68,643: [GC (Allocation Failure) [PSYoungGen: 61024K->96K(73728K)] 62820K->1892K(248832K), 0,0004737 secs] [Times: user=0,00 sys=0,00, real=0,00 secs] 
68,700: [GC (Allocation Failure) [PSYoungGen: 73312K->96K(72192K)] 75108K->1892K(247296K), 0,0004997 secs] [Times: user=0,00 sys=0,00, real=0,00 secs] 
68,756: [GC (Allocation Failure) [PSYoungGen: 71776K->96K(70656K)] 73572K->1892K(245760K), 0,0004654 secs] [Times: user=0,00 sys=0,00, real=0,00 secs] 
68,811: [GC (Allocation Failure) [PSYoungGen: 70240K->96K(69120K)] 72036K->1892K(244224K), 0,0005597 secs] [Times: user=0,00 sys=0,00, real=0,00 secs] 
68,865: [GC (Allocation Failure) [PSYoungGen: 68704K->96K(67584K)] 70500K->1892K(242688K), 0,0004819 secs] [Times: user=0,00 sys=0,00, real=0,00 secs] 
68,918: [GC (Allocation Failure) [PSYoungGen: 67168K->96K(66048K)] 68964K->1892K(241152K), 0,0004737 secs] [Times: user=0,01 sys=0,00, real=0,00 secs] 
68,969: [GC (Allocation Failure) [PSYoungGen: 65632K->96K(64512K)] 67428K->1892K(239616K), 0,0004665 secs] [Times: user=0,00 sys=0,00, real=0,00 secs] 
69,020: [GC (Allocation Failure) [PSYoungGen: 64096K->96K(62976K)] 65892K->1892K(238080K), 0,0005655 secs] [Times: user=0,00 sys=0,00, real=0,00 secs] 
69,069: [GC (Allocation Failure) [PSYoungGen: 62560K->64K(61952K)] 64356K->1860K(237056K), 0,0004890 secs] [Times: user=0,00 sys=0,00, real=0,00 secs] 
69,117: [GC (Allocation Failure) [PSYoungGen: 61504K->96K(60928K)] 63300K->1892K(236032K), 0,0004975 secs] [Times: user=0,00 sys=0,00, real=0,00 secs] 
69,164: [GC (Allocation Failure) [PSYoungGen: 60512K->96K(59904K)] 62308K->1892K(235008K), 0,0004798 secs] [Times: user=0,00 sys=0,00, real=0,00 secs] 
69,211: [GC (Allocation Failure) [PSYoungGen: 59488K->96K(58880K)] 61284K->1892K(233984K), 0,0004649 secs] [Times: user=0,00 sys=0,00, real=0,00 secs] 
69,257: [GC (Allocation Failure) [PSYoungGen: 58464K->96K(57856K)] 60260K->1892K(232960K), 0,0003793 secs] [Times: user=0,00 sys=0,00, real=0,00 secs] 
69,302: [GC (Allocation Failure) [PSYoungGen: 57440K->96K(56832K)] 59236K->1892K(231936K), 0,0004329 secs] [Times: user=0,00 sys=0,00, real=0,00 secs] 
69,346: [GC (Allocation Failure) [PSYoungGen: 56416K->64K(55808K)] 58212K->1860K(230912K), 0,0004691 secs] [Times: user=0,00 sys=0,00, real=0,00 secs] 
69,390: [GC (Allocation Failure) [PSYoungGen: 55360K->96K(54784K)] 57156K->1892K(229888K), 0,0003827 secs] [Times: user=0,00 sys=0,00, real=0,00 secs] 
69,432: [GC (Allocation Failure) [PSYoungGen: 54368K->96K(53760K)] 56164K->1892K(228864K), 0,0004672 secs] [Times: user=0,00 sys=0,00, real=0,00 secs] 
69,474: [GC (Allocation Failure) [PSYoungGen: 53344K->96K(52736K)] 55140K->1892K(227840K), 0,0003705 secs] [Times: user=0,00 sys=0,00, real=0,00 secs] 
69,515: [GC (Allocation Failure) [PSYoungGen: 52320K->96K(51712K)] 54116K->1892K(226816K), 0,0004525 secs] [Times: user=0,00 sys=0,00, real=0,00 secs] 
69,556: [GC (Allocation Failure) [PSYoungGen: 51296K->96K(50688K)] 53092K->1892K(225792K), 0,0003993 secs] [Times: user=0,00 sys=0,00, real=0,00 secs] 
69,595: [GC (Allocation Failure) [PSYoungGen: 50272K->32K(49664K)] 52068K->1828K(224768K), 0,0004878 secs] [Times: user=0,00 sys=0,00, real=0,00 secs] 
69,634: [GC (Allocation Failure) [PSYoungGen: 49184K->96K(48640K)] 50980K->1892K(223744K), 0,0003964 secs] [Times: user=0,00 sys=0,00, real=0,00 secs] 
69,671: [GC (Allocation Failure) [PSYoungGen: 48224K->96K(48128K)] 50020K->1892K(223232K), 0,0004273 secs] [Times: user=0,00 sys=0,00, real=0,00 secs] 
69,709: [GC (Allocation Failure) [PSYoungGen: 47712K->96K(47616K)] 49508K->1892K(222720K), 0,0004072 secs] [Times: user=0,00 sys=0,00, real=0,00 secs] 
69,746: [GC (Allocation Failure) [PSYoungGen: 47200K->96K(57344K)] 48996K->1892K(232448K), 0,0004470 secs] [Times: user=0,00 sys=0,00, real=0,00 secs] 
69,790: [GC (Allocation Failure) [PSYoungGen: 56928K->96K(56320K)] 58724K->1892K(231424K), 0,0003848 secs] [Times: user=0,00 sys=0,00, real=0,00 secs] 
69,834: [GC (Allocation Failure) [PSYoungGen: 55904K->96K(55296K)] 57700K->1892K(230400K), 0,0004405 secs] [Times: user=0,00 sys=0,00, real=0,00 secs] 
69,877: [GC (Allocation Failure) [PSYoungGen: 54880K->96K(54272K)] 56676K->1892K(229376K), 0,0003826 secs] [Times: user=0,00 sys=0,00, real=0,00 secs] 
69,919: [GC (Allocation Failure) [PSYoungGen: 53856K->96K(65024K)] 55652K->1892K(240128K), 0,0006825 secs] [Times: user=0,00 sys=0,00, real=0,00 secs] 
69,970: [GC (Allocation Failure) [PSYoungGen: 64608K->64K(78336K)] 66404K->1860K(253440K), 0,0005071 secs] [Times: user=0,00 sys=0,00, real=0,00 secs] 
70,031: [GC (Allocation Failure) [PSYoungGen: 77888K->96K(76288K)] 79684K->1892K(251392K), 0,0004622 secs] [Times: user=0,00 sys=0,00, real=0,00 secs] 
70,091: [GC (Allocation Failure) [PSYoungGen: 75872K->96K(74752K)] 77668K->1892K(249856K), 0,0004951 secs] [Times: user=0,00 sys=0,01, real=0,00 secs] 
70,149: [GC (Allocation Failure) [PSYoungGen: 74336K->96K(73216K)] 76132K->1892K(248320K), 0,0004925 secs] [Times: user=0,00 sys=0,00, real=0,00 secs] 
70,206: [GC (Allocation Failure) [PSYoungGen: 72800K->96K(71680K)] 74596K->1892K(246784K), 0,0004776 secs] [Times: user=0,00 sys=0,00, real=0,00 secs] 
70,262: [GC (Allocation Failure) [PSYoungGen: 71264K->32K(70144K)] 73060K->1828K(245248K), 0,0004728 secs] [Times: user=0,00 sys=0,00, real=0,00 secs] 
70,317: [GC (Allocation Failure) [PSYoungGen: 69664K->64K(68608K)] 71460K->1860K(243712K), 0,0005502 secs] [Times: user=0,00 sys=0,00, real=0,00 secs] 
70,371: [GC (Allocation Failure) [PSYoungGen: 68160K->64K(67072K)] 69956K->1884K(242176K), 0,0004554 secs] [Times: user=0,00 sys=0,00, real=0,00 secs] 
70,423: [GC (Allocation Failure) [PSYoungGen: 66624K->96K(65536K)] 68444K->1916K(240640K), 0,0005057 secs] [Times: user=0,00 sys=0,00, real=0,00 secs] 
70,474: [GC (Allocation Failure) [PSYoungGen: 65120K->96K(64000K)] 66940K->1916K(239104K), 0,0004728 secs] [Times: user=0,00 sys=0,00, real=0,00 secs] 
70,524: [GC (Allocation Failure) [PSYoungGen: 63584K->96K(62464K)] 65404K->1916K(237568K), 0,0004703 secs] [Times: user=0,00 sys=0,00, real=0,00 secs] 
70,572: [GC (Allocation Failure) [PSYoungGen: 62048K->96K(61440K)] 63868K->1916K(236544K), 0,0004847 secs] [Times: user=0,00 sys=0,00, real=0,00 secs] 
70,620: [GC (Allocation Failure) [PSYoungGen: 61024K->96K(60416K)] 62844K->1916K(235520K), 0,0004733 secs] [Times: user=0,00 sys=0,00, real=0,00 secs] 
70,667: [GC (Allocation Failure) [PSYoungGen: 60000K->64K(59392K)] 61820K->1884K(234496K), 0,0004654 secs] [Times: user=0,00 sys=0,00, real=0,00 secs] 
70,713: [GC (Allocation Failure) [PSYoungGen: 58944K->96K(58368K)] 60764K->1916K(233472K), 0,0004191 secs] [Times: user=0,00 sys=0,00, real=0,00 secs] 
70,759: [GC (Allocation Failure) [PSYoungGen: 57952K->64K(57344K)] 59772K->1884K(232448K), 0,0005367 secs] [Times: user=0,00 sys=0,00, real=0,00 secs] 
70,803: [GC (Allocation Failure) [PSYoungGen: 56896K->64K(56320K)] 58716K->1884K(231424K), 0,0004494 secs] [Times: user=0,00 sys=0,00, real=0,00 secs] 
70,847: [GC (Allocation Failure) [PSYoungGen: 55872K->96K(55296K)] 57692K->1916K(230400K), 0,0003891 secs] [Times: user=0,00 sys=0,00, real=0,01 secs] 
70,891: [GC (Allocation Failure) [PSYoungGen: 54880K->64K(54272K)] 56700K->1884K(229376K), 0,0004411 secs] [Times: user=0,00 sys=0,00, real=0,00 secs] 
70,933: [GC (Allocation Failure) [PSYoungGen: 53824K->96K(53248K)] 55644K->1916K(228352K), 0,0003808 secs] [Times: user=0,00 sys=0,00, real=0,00 secs] 
70,974: [GC (Allocation Failure) [PSYoungGen: 52832K->96K(52224K)] 54652K->1916K(227328K), 0,0003875 secs] [Times: user=0,01 sys=0,00, real=0,00 secs] 
71,015: [GC (Allocation Failure) [PSYoungGen: 51808K->96K(51200K)] 53628K->1916K(226304K), 0,0003722 secs] [Times: user=0,00 sys=0,00, real=0,00 secs] 
71,055: [GC (Allocation Failure) [PSYoungGen: 50784K->96K(50176K)] 52604K->1916K(225280K), 0,0003831 secs] [Times: user=0,00 sys=0,00, real=0,00 secs] 
71,094: [GC (Allocation Failure) [PSYoungGen: 49760K->96K(49152K)] 51580K->1916K(224256K), 0,0004714 secs] [Times: user=0,00 sys=0,00, real=0,00 secs] 
71,132: [GC (Allocation Failure) [PSYoungGen: 48736K->96K(48128K)] 50556K->1916K(223232K), 0,0003771 secs] [Times: user=0,00 sys=0,00, real=0,00 secs] 
71,170: [GC (Allocation Failure) [PSYoungGen: 47712K->96K(47616K)] 49532K->1916K(222720K), 0,0003779 secs] [Times: user=0,00 sys=0,00, real=0,00 secs] 
71,207: [GC (Allocation Failure) [PSYoungGen: 47200K->96K(47104K)] 49020K->1916K(222208K), 0,0003896 secs] [Times: user=0,00 sys=0,00, real=0,00 secs] 
71,243: [GC (Allocation Failure) [PSYoungGen: 46688K->96K(46592K)] 48508K->1916K(221696K), 0,0003837 secs] [Times: user=0,00 sys=0,00, real=0,00 secs] 
71,279: [GC (Allocation Failure) [PSYoungGen: 46176K->96K(46080K)] 47996K->1916K(221184K), 0,0003874 secs] [Times: user=0,00 sys=0,00, real=0,00 secs] 
71,315: [GC (Allocation Failure) [PSYoungGen: 45664K->96K(45568K)] 47484K->1916K(220672K), 0,0004132 secs] [Times: user=0,00 sys=0,00, real=0,00 secs] 
71,351: [GC (Allocation Failure) [PSYoungGen: 45152K->96K(45056K)] 46972K->1916K(220160K), 0,0003928 secs] [Times: user=0,00 sys=0,00, real=0,00 secs] 
71,386: [GC (Allocation Failure) [PSYoungGen: 44640K->64K(44544K)] 46460K->1884K(219648K), 0,0003901 secs] [Times: user=0,00 sys=0,00, real=0,00 secs] 
71,420: [GC (Allocation Failure) [PSYoungGen: 44096K->96K(53760K)] 45916K->1916K(228864K), 0,0004481 secs] [Times: user=0,00 sys=0,00, real=0,00 secs] 
71,462: [GC (Allocation Failure) [PSYoungGen: 53344K->96K(52736K)] 55164K->1916K(227840K), 0,0003844 secs] [Times: user=0,00 sys=0,00, real=0,00 secs] 
71,503: [GC (Allocation Failure) [PSYoungGen: 52320K->96K(51712K)] 54140K->1916K(226816K), 0,0003808 secs] [Times: user=0,00 sys=0,00, real=0,00 secs] 
71,543: [GC (Allocation Failure) [PSYoungGen: 51296K->96K(50688K)] 53116K->1916K(225792K), 0,0003664 secs] [Times: user=0,00 sys=0,00, real=0,00 secs] 
71,582: [GC (Allocation Failure) [PSYoungGen: 50272K->96K(49664K)] 52092K->1916K(224768K), 0,0004685 secs] [Times: user=0,00 sys=0,00, real=0,00 secs] 
71,621: [GC (Allocation Failure) [PSYoungGen: 49248K->64K(59904K)] 51068K->1884K(235008K), 0,0004727 secs] [Times: user=0,00 sys=0,00, real=0,00 secs] 
71,668: [GC (Allocation Failure) [PSYoungGen: 59456K->64K(58880K)] 61276K->1884K(233984K), 0,0003887 secs] [Times: user=0,00 sys=0,00, real=0,00 secs] 
71,714: [GC (Allocation Failure) [PSYoungGen: 58432K->64K(57856K)] 60252K->1884K(232960K), 0,0004706 secs] [Times: user=0,00 sys=0,00, real=0,00 secs] 
71,759: [GC (Allocation Failure) [PSYoungGen: 57408K->96K(56832K)] 59228K->1916K(231936K), 0,0003981 secs] [Times: user=0,00 sys=0,00, real=0,00 secs] 
71,803: [GC (Allocation Failure) [PSYoungGen: 56416K->64K(55808K)] 58236K->1884K(230912K), 0,0005294 secs] [Times: user=0,00 sys=0,00, real=0,00 secs] 
71,847: [GC (Allocation Failure) [PSYoungGen: 55360K->96K(54784K)] 57180K->1916K(229888K), 0,0003866 secs] [Times: user=0,00 sys=0,00, real=0,00 secs] 
71,889: [GC (Allocation Failure) [PSYoungGen: 54368K->96K(53760K)] 56188K->1916K(228864K), 0,0004267 secs] [Times: user=0,00 sys=0,00, real=0,00 secs] 
71,931: [GC (Allocation Failure) [PSYoungGen: 53344K->64K(52736K)] 55164K->1884K(227840K), 0,0003698 secs] [Times: user=0,00 sys=0,00, real=0,00 secs] 
71,972: [GC (Allocation Failure) [PSYoungGen: 52288K->96K(51712K)] 54108K->1916K(226816K), 0,0003911 secs] [Times: user=0,00 sys=0,00, real=0,00 secs] 
72,012: [GC (Allocation Failure) [PSYoungGen: 51296K->96K(50688K)] 53116K->1916K(225792K), 0,0003714 secs] [Times: user=0,00 sys=0,00, real=0,00 secs] 
72,052: [GC (Allocation Failure) [PSYoungGen: 50272K->96K(49664K)] 52092K->1916K(224768K), 0,0003873 secs] [Times: user=0,00 sys=0,00, real=0,00 secs] 
72,090: [GC (Allocation Failure) [PSYoungGen: 49248K->96K(48640K)] 51068K->1916K(223744K), 0,0004060 secs] [Times: user=0,00 sys=0,00, real=0,00 secs] 
72,128: [GC (Allocation Failure) [PSYoungGen: 48224K->64K(58368K)] 50044K->1884K(233472K), 0,0006500 secs] [Times: user=0,00 sys=0,00, real=0,00 secs] 
72,174: [GC (Allocation Failure) [PSYoungGen: 57920K->96K(70144K)] 59740K->1916K(245248K), 0,0003946 secs] [Times: user=0,00 sys=0,00, real=0,00 secs] 
72,228: [GC (Allocation Failure) [PSYoungGen: 69728K->96K(68608K)] 71548K->1916K(243712K), 0,0004790 secs] [Times: user=0,00 sys=0,00, real=0,00 secs] 
72,281: [GC (Allocation Failure) [PSYoungGen: 68192K->96K(67072K)] 70012K->1916K(242176K), 0,0004686 secs] [Times: user=0,00 sys=0,00, real=0,00 secs] 
72,334: [GC (Allocation Failure) [PSYoungGen: 66656K->96K(65536K)] 68476K->1916K(240640K), 0,0004902 secs] [Times: user=0,00 sys=0,00, real=0,00 secs] 
72,385: [GC (Allocation Failure) [PSYoungGen: 65120K->96K(64000K)] 66940K->1916K(239104K), 0,0004744 secs] [Times: user=0,00 sys=0,00, real=0,00 secs] 
72,435: [GC (Allocation Failure) [PSYoungGen: 63584K->96K(62464K)] 65404K->1916K(237568K), 0,0004803 secs] [Times: user=0,01 sys=0,00, real=0,00 secs] 
72,483: [GC (Allocation Failure) [PSYoungGen: 62048K->64K(61440K)] 63868K->1884K(236544K), 0,0004605 secs] [Times: user=0,00 sys=0,00, real=0,00 secs] 
72,531: [GC (Allocation Failure) [PSYoungGen: 60992K->96K(60416K)] 62812K->1916K(235520K), 0,0003878 secs] [Times: user=0,00 sys=0,00, real=0,00 secs] 
72,578: [GC (Allocation Failure) [PSYoungGen: 60000K->96K(59392K)] 61820K->1916K(234496K), 0,0004859 secs] [Times: user=0,00 sys=0,00, real=0,00 secs] 
72,624: [GC (Allocation Failure) [PSYoungGen: 58976K->96K(58368K)] 60796K->1916K(233472K), 0,0004675 secs] [Times: user=0,00 sys=0,00, real=0,00 secs] 
72,669: [GC (Allocation Failure) [PSYoungGen: 57952K->96K(57344K)] 59772K->1916K(232448K), 0,0004714 secs] [Times: user=0,00 sys=0,00, real=0,00 secs] 
72,714: [GC (Allocation Failure) [PSYoungGen: 56928K->96K(56320K)] 58748K->1916K(231424K), 0,0004799 secs] [Times: user=0,00 sys=0,00, real=0,00 secs] 
72,758: [GC (Allocation Failure) [PSYoungGen: 55904K->96K(55296K)] 57724K->1916K(230400K), 0,0004525 secs] [Times: user=0,00 sys=0,01, real=0,00 secs] 
72,801: [GC (Allocation Failure) [PSYoungGen: 54880K->96K(54272K)] 56700K->1916K(229376K), 0,0003725 secs] [Times: user=0,00 sys=0,00, real=0,00 secs] 
72,843: [GC (Allocation Failure) [PSYoungGen: 53856K->96K(53248K)] 55676K->1916K(228352K), 0,0003892 secs] [Times: user=0,00 sys=0,00, real=0,00 secs] 
72,884: [GC (Allocation Failure) [PSYoungGen: 52832K->96K(52224K)] 54652K->1916K(227328K), 0,0003816 secs] [Times: user=0,00 sys=0,00, real=0,00 secs] 
72,925: [GC (Allocation Failure) [PSYoungGen: 51808K->96K(51200K)] 53628K->1916K(226304K), 0,0003846 secs] [Times: user=0,00 sys=0,00, real=0,00 secs] 
72,965: [GC (Allocation Failure) [PSYoungGen: 50784K->96K(50176K)] 52604K->1916K(225280K), 0,0003550 secs] [Times: user=0,00 sys=0,00, real=0,00 secs] 
73,004: [GC (Allocation Failure) [PSYoungGen: 49760K->96K(49152K)] 51580K->1916K(224256K), 0,0003899 secs] [Times: user=0,00 sys=0,00, real=0,00 secs] 
73,042: [GC (Allocation Failure) [PSYoungGen: 48736K->96K(48128K)] 50556K->1916K(223232K), 0,0004468 secs] [Times: user=0,00 sys=0,00, real=0,00 secs] 
73,082: [GC (Allocation Failure) [PSYoungGen: 47712K->32K(57856K)] 49532K->1852K(232960K), 0,0005650 secs] [Times: user=0,00 sys=0,00, real=0,00 secs] 
73,127: [GC (Allocation Failure) [PSYoungGen: 57376K->96K(69632K)] 59196K->1916K(244736K), 0,0004622 secs] [Times: user=0,00 sys=0,00, real=0,00 secs] 
73,181: [GC (Allocation Failure) [PSYoungGen: 69216K->64K(68096K)] 71036K->1884K(243200K), 0,0004751 secs] [Times: user=0,00 sys=0,00, real=0,00 secs] 
73,234: [GC (Allocation Failure) [PSYoungGen: 67648K->96K(66560K)] 69468K->1916K(241664K), 0,0004649 secs] [Times: user=0,00 sys=0,00, real=0,00 secs] 
73,285: [GC (Allocation Failure) [PSYoungGen: 66144K->64K(65024K)] 67964K->1884K(240128K), 0,0005275 secs] [Times: user=0,00 sys=0,00, real=0,00 secs] 
73,336: [GC (Allocation Failure) [PSYoungGen: 64576K->96K(63488K)] 66396K->1916K(238592K), 0,0004812 secs] [Times: user=0,00 sys=0,00, real=0,00 secs] 
73,385: [GC (Allocation Failure) [PSYoungGen: 63072K->64K(61952K)] 64892K->1884K(237056K), 0,0004200 secs] [Times: user=0,00 sys=0,00, real=0,00 secs] 
73,434: [GC (Allocation Failure) [PSYoungGen: 61504K->96K(60928K)] 63324K->1916K(236032K), 0,0004719 secs] [Times: user=0,00 sys=0,00, real=0,00 secs] 
73,481: [GC (Allocation Failure) [PSYoungGen: 60512K->32K(59904K)] 62332K->1852K(235008K), 0,0004895 secs] [Times: user=0,00 sys=0,00, real=0,00 secs] 
73,528: [GC (Allocation Failure) [PSYoungGen: 59424K->96K(58880K)] 61244K->1916K(233984K), 0,0003777 secs] [Times: user=0,00 sys=0,00, real=0,00 secs] 
73,574: [GC (Allocation Failure) [PSYoungGen: 58464K->96K(57856K)] 60284K->1916K(232960K), 0,0004784 secs] [Times: user=0,00 sys=0,00, real=0,00 secs] 
73,619: [GC (Allocation Failure) [PSYoungGen: 57440K->96K(56832K)] 59260K->1916K(231936K), 0,0004827 secs] [Times: user=0,00 sys=0,00, real=0,00 secs] 
73,663: [GC (Allocation Failure) [PSYoungGen: 56416K->96K(55808K)] 58236K->1916K(230912K), 0,0004594 secs] [Times: user=0,00 sys=0,00, real=0,00 secs] 
73,707: [GC (Allocation Failure) [PSYoungGen: 55392K->64K(54784K)] 57212K->1884K(229888K), 0,0003931 secs] [Times: user=0,00 sys=0,00, real=0,00 secs] 
73,749: [GC (Allocation Failure) [PSYoungGen: 54336K->96K(53760K)] 56156K->1916K(228864K), 0,0004132 secs] [Times: user=0,00 sys=0,00, real=0,00 secs] 
73,791: [GC (Allocation Failure) [PSYoungGen: 53344K->96K(52736K)] 55164K->1916K(227840K), 0,0003905 secs] [Times: user=0,00 sys=0,00, real=0,00 secs] 
73,832: [GC (Allocation Failure) [PSYoungGen: 52320K->96K(51712K)] 54140K->1916K(226816K), 0,0003724 secs] [Times: user=0,00 sys=0,00, real=0,00 secs] 
73,872: [GC (Allocation Failure) [PSYoungGen: 51296K->96K(50688K)] 53116K->1916K(225792K), 0,0003753 secs] [Times: user=0,00 sys=0,00, real=0,00 secs] 
73,911: [GC (Allocation Failure) [PSYoungGen: 50272K->96K(49664K)] 52092K->1916K(224768K), 0,0004206 secs] [Times: user=0,00 sys=0,00, real=0,00 secs] 
73,950: [GC (Allocation Failure) [PSYoungGen: 49248K->96K(48640K)] 51068K->1916K(223744K), 0,0003798 secs] [Times: user=0,00 sys=0,00, real=0,00 secs] 
73,988: [GC (Allocation Failure) [PSYoungGen: 48224K->96K(48128K)] 50044K->1916K(223232K), 0,0003681 secs] [Times: user=0,00 sys=0,00, real=0,01 secs] 
74,025: [GC (Allocation Failure) [PSYoungGen: 47712K->96K(47616K)] 49532K->1916K(222720K), 0,0003566 secs] [Times: user=0,00 sys=0,00, real=0,00 secs] 
74,062: [GC (Allocation Failure) [PSYoungGen: 47200K->64K(47104K)] 49020K->1884K(222208K), 0,0003707 secs] [Times: user=0,00 sys=0,00, real=0,00 secs] 
74,099: [GC (Allocation Failure) [PSYoungGen: 46656K->96K(46592K)] 48476K->1916K(221696K), 0,0004015 secs] [Times: user=0,00 sys=0,00, real=0,00 secs] 
74,135: [GC (Allocation Failure) [PSYoungGen: 46176K->96K(46080K)] 47996K->1916K(221184K), 0,0003815 secs] [Times: user=0,00 sys=0,00, real=0,00 secs] 
74,171: [GC (Allocation Failure) [PSYoungGen: 45664K->96K(45568K)] 47484K->1916K(220672K), 0,0003702 secs] [Times: user=0,00 sys=0,00, real=0,00 secs] 
74,206: [GC (Allocation Failure) [PSYoungGen: 45152K->96K(45056K)] 46972K->1916K(220160K), 0,0003809 secs] [Times: user=0,00 sys=0,00, real=0,00 secs] 
74,241: [GC (Allocation Failure) [PSYoungGen: 44640K->96K(44544K)] 46460K->1916K(219648K), 0,0003885 secs] [Times: user=0,00 sys=0,00, real=0,00 secs] 
74,276: [GC (Allocation Failure) [PSYoungGen: 44128K->64K(44032K)] 45948K->1884K(219136K), 0,0003563 secs] [Times: user=0,00 sys=0,00, real=0,00 secs] 
74,310: [GC (Allocation Failure) [PSYoungGen: 43584K->96K(43520K)] 45404K->1916K(218624K), 0,0003863 secs] [Times: user=0,00 sys=0,00, real=0,00 secs] 
74,344: [GC (Allocation Failure) [PSYoungGen: 43104K->96K(52224K)] 44924K->1916K(227328K), 0,0004316 secs] [Times: user=0,00 sys=0,00, real=0,00 secs] 
74,385: [GC (Allocation Failure) [PSYoungGen: 51808K->96K(51200K)] 53628K->1916K(226304K), 0,0003710 secs] [Times: user=0,00 sys=0,00, real=0,00 secs] 
74,424: [GC (Allocation Failure) [PSYoungGen: 50784K->96K(50176K)] 52604K->1916K(225280K), 0,0003897 secs] [Times: user=0,00 sys=0,00, real=0,00 secs] 
74,463: [GC (Allocation Failure) [PSYoungGen: 49760K->32K(49152K)] 51580K->1852K(224256K), 0,0004476 secs] [Times: user=0,00 sys=0,00, real=0,00 secs] 
74,502: [GC (Allocation Failure) [PSYoungGen: 48672K->96K(48128K)] 50492K->1916K(223232K), 0,0003732 secs] [Times: user=0,01 sys=0,00, real=0,00 secs] 
74,539: [GC (Allocation Failure) [PSYoungGen: 47712K->96K(47616K)] 49532K->1916K(222720K), 0,0003761 secs] [Times: user=0,00 sys=0,00, real=0,00 secs] 
74,576: [GC (Allocation Failure) [PSYoungGen: 47200K->32K(57344K)] 49020K->1852K(232448K), 0,0005612 secs] [Times: user=0,00 sys=0,00, real=0,00 secs] 
74,621: [GC (Allocation Failure) [PSYoungGen: 56864K->96K(69120K)] 58684K->1916K(244224K), 0,0004627 secs] [Times: user=0,01 sys=0,00, real=0,00 secs] 
74,674: [GC (Allocation Failure) [PSYoungGen: 68704K->96K(67584K)] 70524K->1916K(242688K), 0,0004636 secs] [Times: user=0,00 sys=0,00, real=0,00 secs] 
74,726: [GC (Allocation Failure) [PSYoungGen: 67168K->96K(81408K)] 68988K->1916K(256512K), 0,0007144 secs] [Times: user=0,00 sys=0,00, real=0,00 secs] 
74,790: [GC (Allocation Failure) [PSYoungGen: 80992K->64K(79360K)] 82812K->1884K(254464K), 0,0005011 secs] [Times: user=0,00 sys=0,00, real=0,00 secs] 
74,852: [GC (Allocation Failure) [PSYoungGen: 78912K->96K(77312K)] 80732K->1916K(252416K), 0,0004847 secs] [Times: user=0,00 sys=0,00, real=0,00 secs] 
74,912: [GC (Allocation Failure) [PSYoungGen: 76896K->96K(75264K)] 78716K->1916K(250368K), 0,0004670 secs] [Times: user=0,00 sys=0,00, real=0,00 secs] 
74,971: [GC (Allocation Failure) [PSYoungGen: 74848K->64K(73728K)] 76668K->1884K(248832K), 0,0004801 secs] [Times: user=0,00 sys=0,00, real=0,00 secs] 
75,028: [GC (Allocation Failure) [PSYoungGen: 73280K->96K(72192K)] 75100K->1916K(247296K), 0,0004632 secs] [Times: user=0,00 sys=0,00, real=0,00 secs] 
75,085: [GC (Allocation Failure) [PSYoungGen: 71776K->64K(70656K)] 73596K->1884K(245760K), 0,0006354 secs] [Times: user=0,00 sys=0,00, real=0,00 secs] 
75,140: [GC (Allocation Failure) [PSYoungGen: 70207K->96K(69120K)] 72027K->1916K(244224K), 0,0004841 secs] [Times: user=0,00 sys=0,00, real=0,00 secs] 
75,194: [GC (Allocation Failure) [PSYoungGen: 68704K->96K(67584K)] 70524K->1916K(242688K), 0,0005445 secs] [Times: user=0,00 sys=0,00, real=0,00 secs] 
75,247: [GC (Allocation Failure) [PSYoungGen: 67168K->64K(66048K)] 68988K->1884K(241152K), 0,0004746 secs] [Times: user=0,00 sys=0,00, real=0,00 secs] 
75,299: [GC (Allocation Failure) [PSYoungGen: 65600K->96K(64512K)] 67420K->1916K(239616K), 0,0004729 secs] [Times: user=0,00 sys=0,00, real=0,00 secs] 
75,349: [GC (Allocation Failure) [PSYoungGen: 64096K->64K(62976K)] 65916K->1884K(238080K), 0,0004481 secs] [Times: user=0,00 sys=0,00, real=0,00 secs] 
75,398: [GC (Allocation Failure) [PSYoungGen: 62528K->128K(61952K)] 64348K->1948K(237056K), 0,0004471 secs] [Times: user=0,00 sys=0,00, real=0,00 secs] 
75,446: [GC (Allocation Failure) [PSYoungGen: 61568K->96K(60928K)] 63388K->1916K(236032K), 0,0004681 secs] [Times: user=0,00 sys=0,00, real=0,00 secs] 
75,493: [GC (Allocation Failure) [PSYoungGen: 60512K->96K(59904K)] 62332K->1916K(235008K), 0,0003912 secs] [Times: user=0,00 sys=0,00, real=0,00 secs] 
75,540: [GC (Allocation Failure) [PSYoungGen: 59488K->64K(58880K)] 61308K->1884K(233984K), 0,0005443 secs] [Times: user=0,00 sys=0,00, real=0,00 secs] 
75,586: [GC (Allocation Failure) [PSYoungGen: 58432K->96K(57856K)] 60252K->1916K(232960K), 0,0004722 secs] [Times: user=0,00 sys=0,00, real=0,00 secs] 
75,631: [GC (Allocation Failure) [PSYoungGen: 57440K->64K(56832K)] 59260K->1884K(231936K), 0,0005135 secs] [Times: user=0,00 sys=0,00, real=0,00 secs] 
75,675: [GC (Allocation Failure) [PSYoungGen: 56384K->96K(55808K)] 58204K->1916K(230912K), 0,0003864 secs] [Times: user=0,00 sys=0,00, real=0,00 secs] 
75,719: [GC (Allocation Failure) [PSYoungGen: 55392K->96K(54784K)] 57212K->1916K(229888K), 0,0004868 secs] [Times: user=0,00 sys=0,00, real=0,00 secs] 
75,762: [GC (Allocation Failure) [PSYoungGen: 54368K->64K(53760K)] 56188K->1884K(228864K), 0,0004840 secs] [Times: user=0,01 sys=0,00, real=0,00 secs] 
75,804: [GC (Allocation Failure) [PSYoungGen: 53312K->32K(52736K)] 55132K->1852K(227840K), 0,0004522 secs] [Times: user=0,00 sys=0,00, real=0,00 secs] 
75,845: [GC (Allocation Failure) [PSYoungGen: 52256K->96K(51712K)] 54076K->1916K(226816K), 0,0003894 secs] [Times: user=0,00 sys=0,00, real=0,00 secs] 
75,885: [GC (Allocation Failure) [PSYoungGen: 51296K->96K(50688K)] 53116K->1916K(225792K), 0,0004616 secs] [Times: user=0,00 sys=0,00, real=0,00 secs] 
75,925: [GC (Allocation Failure) [PSYoungGen: 50272K->96K(49664K)] 52092K->1916K(224768K), 0,0003913 secs] [Times: user=0,00 sys=0,00, real=0,00 secs] 
75,965: [GC (Allocation Failure) [PSYoungGen: 49248K->96K(48640K)] 51068K->1916K(223744K), 0,0003990 secs] [Times: user=0,00 sys=0,00, real=0,00 secs] 
76,002: [GC (Allocation Failure) [PSYoungGen: 48224K->96K(48128K)] 50044K->1916K(223232K), 0,0003856 secs] [Times: user=0,00 sys=0,00, real=0,00 secs] 
76,040: [GC (Allocation Failure) [PSYoungGen: 47712K->96K(47616K)] 49532K->1916K(222720K), 0,0004261 secs] [Times: user=0,01 sys=0,00, real=0,00 secs] 
76,077: [GC (Allocation Failure) [PSYoungGen: 47200K->96K(47104K)] 49020K->1916K(222208K), 0,0004011 secs] [Times: user=0,00 sys=0,00, real=0,00 secs] 
76,114: [GC (Allocation Failure) [PSYoungGen: 46688K->96K(46592K)] 48508K->1916K(221696K), 0,0003966 secs] [Times: user=0,00 sys=0,00, real=0,00 secs] 
76,150: [GC (Allocation Failure) [PSYoungGen: 46176K->96K(46080K)] 47996K->1916K(221184K), 0,0003809 secs] [Times: user=0,00 sys=0,00, real=0,00 secs] 
76,186: [GC (Allocation Failure) [PSYoungGen: 45664K->96K(45568K)] 47484K->1916K(220672K), 0,0003743 secs] [Times: user=0,00 sys=0,00, real=0,00 secs] 
76,221: [GC (Allocation Failure) [PSYoungGen: 45152K->96K(45056K)] 46972K->1916K(220160K), 0,0003778 secs] [Times: user=0,00 sys=0,00, real=0,00 secs] 
76,256: [GC (Allocation Failure) [PSYoungGen: 44640K->64K(44544K)] 46460K->1884K(219648K), 0,0003690 secs] [Times: user=0,00 sys=0,00, real=0,00 secs] 
76,291: [GC (Allocation Failure) [PSYoungGen: 44096K->96K(44032K)] 45916K->1916K(219136K), 0,0003740 secs] [Times: user=0,00 sys=0,00, real=0,00 secs] 
76,325: [GC (Allocation Failure) [PSYoungGen: 43616K->96K(43520K)] 45436K->1916K(218624K), 0,0003807 secs] [Times: user=0,00 sys=0,00, real=0,00 secs] 
76,359: [GC (Allocation Failure) [PSYoungGen: 43104K->64K(43008K)] 44924K->1884K(218112K), 0,0003678 secs] [Times: user=0,00 sys=0,00, real=0,00 secs] 
76,392: [GC (Allocation Failure) [PSYoungGen: 42560K->96K(51712K)] 44380K->1916K(226816K), 0,0003784 secs] [Times: user=0,00 sys=0,00, real=0,00 secs] 
76,433: [GC (Allocation Failure) [PSYoungGen: 51296K->96K(50688K)] 53116K->1916K(225792K), 0,0003846 secs] [Times: user=0,00 sys=0,00, real=0,00 secs] 
76,472: [GC (Allocation Failure) [PSYoungGen: 50272K->96K(49664K)] 52092K->1916K(224768K), 0,0003835 secs] [Times: user=0,00 sys=0,00, real=0,00 secs] 
76,511: [GC (Allocation Failure) [PSYoungGen: 49248K->64K(48640K)] 51068K->1884K(223744K), 0,0003707 secs] [Times: user=0,00 sys=0,00, real=0,00 secs] 
76,549: [GC (Allocation Failure) [PSYoungGen: 48192K->32K(58368K)] 50012K->1852K(233472K), 0,0005245 secs] [Times: user=0,00 sys=0,00, real=0,00 secs] 
76,594: [GC (Allocation Failure) [PSYoungGen: 57888K->96K(57344K)] 59708K->1916K(232448K), 0,0003992 secs] [Times: user=0,00 sys=0,00, real=0,00 secs] 
76,639: [GC (Allocation Failure) [PSYoungGen: 56928K->96K(56320K)] 58748K->1916K(231424K), 0,0004742 secs] [Times: user=0,00 sys=0,00, real=0,00 secs] 
76,683: [GC (Allocation Failure) [PSYoungGen: 55904K->96K(55296K)] 57724K->1916K(230400K), 0,0003839 secs] [Times: user=0,00 sys=0,00, real=0,00 secs] 
76,726: [GC (Allocation Failure) [PSYoungGen: 54880K->96K(54272K)] 56700K->1916K(229376K), 0,0004983 secs] [Times: user=0,01 sys=0,00, real=0,00 secs] 
76,768: [GC (Allocation Failure) [PSYoungGen: 53856K->96K(53248K)] 55676K->1916K(228352K), 0,0004936 secs] [Times: user=0,00 sys=0,00, real=0,00 secs] 
76,810: [GC (Allocation Failure) [PSYoungGen: 52832K->96K(52224K)] 54652K->1916K(227328K), 0,0004671 secs] [Times: user=0,00 sys=0,00, real=0,00 secs] 
76,850: [GC (Allocation Failure) [PSYoungGen: 51808K->128K(51200K)] 53628K->1948K(226304K), 0,0004160 secs] [Times: user=0,00 sys=0,00, real=0,00 secs] 
76,890: [GC (Allocation Failure) [PSYoungGen: 50816K->96K(50176K)] 52636K->1916K(225280K), 0,0003911 secs] [Times: user=0,00 sys=0,00, real=0,00 secs] 
76,929: [GC (Allocation Failure) [PSYoungGen: 49760K->96K(49152K)] 51580K->1916K(224256K), 0,0003771 secs] [Times: user=0,00 sys=0,00, real=0,00 secs] 
76,967: [GC (Allocation Failure) [PSYoungGen: 48736K->96K(48128K)] 50556K->1916K(223232K), 0,0003674 secs] [Times: user=0,00 sys=0,00, real=0,00 secs] 
77,005: [GC (Allocation Failure) [PSYoungGen: 47712K->96K(47616K)] 49532K->1916K(222720K), 0,0003878 secs] [Times: user=0,00 sys=0,00, real=0,00 secs] 
77,042: [GC (Allocation Failure) [PSYoungGen: 47200K->64K(47104K)] 49020K->1884K(222208K), 0,0003955 secs] [Times: user=0,00 sys=0,00, real=0,00 secs] 
77,079: [GC (Allocation Failure) [PSYoungGen: 46656K->64K(46592K)] 48476K->1884K(221696K), 0,0004335 secs] [Times: user=0,00 sys=0,00, real=0,00 secs] 
77,115: [GC (Allocation Failure) [PSYoungGen: 46144K->96K(46080K)] 47964K->1916K(221184K), 0,0003898 secs] [Times: user=0,00 sys=0,00, real=0,00 secs] 
77,151: [GC (Allocation Failure) [PSYoungGen: 45664K->96K(45568K)] 47484K->1916K(220672K), 0,0003729 secs] [Times: user=0,00 sys=0,00, real=0,00 secs] 
77,187: [GC (Allocation Failure) [PSYoungGen: 45152K->96K(45056K)] 46972K->1916K(220160K), 0,0003722 secs] [Times: user=0,00 sys=0,00, real=0,00 secs] 
77,222: [GC (Allocation Failure) [PSYoungGen: 44640K->96K(44544K)] 46460K->1916K(219648K), 0,0003742 secs] [Times: user=0,00 sys=0,00, real=0,00 secs] 
77,257: [GC (Allocation Failure) [PSYoungGen: 44128K->96K(44032K)] 45948K->1916K(219136K), 0,0003779 secs] [Times: user=0,00 sys=0,00, real=0,00 secs] 
77,291: [GC (Allocation Failure) [PSYoungGen: 43616K->96K(43520K)] 45436K->1916K(218624K), 0,0003686 secs] [Times: user=0,00 sys=0,00, real=0,00 secs] 
77,325: [GC (Allocation Failure) [PSYoungGen: 43104K->64K(43008K)] 44924K->1884K(218112K), 0,0003734 secs] [Times: user=0,00 sys=0,00, real=0,00 secs] 
77,358: [GC (Allocation Failure) [PSYoungGen: 42560K->96K(42496K)] 44380K->1916K(217600K), 0,0003734 secs] [Times: user=0,00 sys=0,00, real=0,00 secs] 
77,391: [GC (Allocation Failure) [PSYoungGen: 42080K->64K(51200K)] 43900K->1884K(226304K), 0,0008919 secs] [Times: user=0,01 sys=0,00, real=0,00 secs] 
77,432: [GC (Allocation Failure) [PSYoungGen: 50752K->96K(61440K)] 52572K->1916K(236544K), 0,0003746 secs] [Times: user=0,00 sys=0,00, real=0,00 secs] 
77,479: [GC (Allocation Failure) [PSYoungGen: 61024K->96K(73728K)] 62844K->1916K(248832K), 0,0003843 secs] [Times: user=0,00 sys=0,00, real=0,00 secs] 
77,537: [GC (Allocation Failure) [PSYoungGen: 73312K->64K(88576K)] 75132K->1884K(263680K), 0,0009769 secs] [Times: user=0,00 sys=0,00, real=0,01 secs] 
77,609: [GC (Allocation Failure) [PSYoungGen: 88128K->96K(106496K)] 89948K->1916K(281600K), 0,0005183 secs] [Times: user=0,00 sys=0,00, real=0,00 secs] 
77,691: [GC (Allocation Failure) [PSYoungGen: 106080K->96K(103424K)] 107900K->1916K(278528K), 0,0005121 secs] [Times: user=0,00 sys=0,00, real=0,00 secs] 
77,772: [GC (Allocation Failure) [PSYoungGen: 103008K->96K(100352K)] 104828K->1916K(275456K), 0,0004785 secs] [Times: user=0,00 sys=0,00, real=0,00 secs] 
77,849: [GC (Allocation Failure) [PSYoungGen: 99936K->96K(97792K)] 101756K->1916K(272896K), 0,0004914 secs] [Times: user=0,00 sys=0,00, real=0,00 secs] 
77,925: [GC (Allocation Failure) [PSYoungGen: 97376K->96K(95232K)] 99196K->1916K(270336K), 0,0004923 secs] [Times: user=0,00 sys=0,00, real=0,00 secs] 
77,999: [GC (Allocation Failure) [PSYoungGen: 94816K->96K(92672K)] 96636K->1916K(267776K), 0,0004788 secs] [Times: user=0,00 sys=0,00, real=0,00 secs] 
78,071: [GC (Allocation Failure) [PSYoungGen: 92256K->96K(90112K)] 94076K->1916K(265216K), 0,0005032 secs] [Times: user=0,00 sys=0,00, real=0,00 secs] 
78,142: [GC (Allocation Failure) [PSYoungGen: 89696K->64K(87552K)] 91516K->1884K(262656K), 0,0004985 secs] [Times: user=0,00 sys=0,00, real=0,00 secs] 
78,210: [GC (Allocation Failure) [PSYoungGen: 87104K->96K(85504K)] 88924K->1916K(260608K), 0,0004683 secs] [Times: user=0,00 sys=0,00, real=0,00 secs] 
78,276: [GC (Allocation Failure) [PSYoungGen: 85088K->96K(83456K)] 86908K->1916K(258560K), 0,0005697 secs] [Times: user=0,01 sys=0,01, real=0,00 secs] 
78,341: [GC (Allocation Failure) [PSYoungGen: 83040K->32K(81408K)] 84860K->1852K(256512K), 0,0005724 secs] [Times: user=0,00 sys=0,00, real=0,00 secs] 
78,405: [GC (Allocation Failure) [PSYoungGen: 80928K->96K(79360K)] 82748K->1916K(254464K), 0,0004771 secs] [Times: user=0,00 sys=0,00, real=0,00 secs] 
78,466: [GC (Allocation Failure) [PSYoungGen: 78944K->96K(77312K)] 80764K->1916K(252416K), 0,0004890 secs] [Times: user=0,00 sys=0,00, real=0,00 secs] 
78,527: [GC (Allocation Failure) [PSYoungGen: 76896K->64K(75264K)] 78716K->1884K(250368K), 0,0004617 secs] [Times: user=0,00 sys=0,00, real=0,00 secs] 
78,585: [GC (Allocation Failure) [PSYoungGen: 74816K->64K(73728K)] 76636K->1884K(248832K), 0,0004851 secs] [Times: user=0,00 sys=0,00, real=0,00 secs] 
78,643: [GC (Allocation Failure) [PSYoungGen: 73280K->96K(72192K)] 75100K->1916K(247296K), 0,0004842 secs] [Times: user=0,00 sys=0,00, real=0,00 secs] 
78,699: [GC (Allocation Failure) [PSYoungGen: 71776K->96K(70656K)] 73596K->1916K(245760K), 0,0004792 secs] [Times: user=0,00 sys=0,00, real=0,00 secs] 
78,754: [GC (Allocation Failure) [PSYoungGen: 70240K->96K(69120K)] 72060K->1916K(244224K), 0,0005320 secs] [Times: user=0,00 sys=0,00, real=0,00 secs] 
78,807: [GC (Allocation Failure) [PSYoungGen: 68704K->64K(67584K)] 70524K->1884K(242688K), 0,0004637 secs] [Times: user=0,00 sys=0,00, real=0,01 secs] 
78,860: [GC (Allocation Failure) [PSYoungGen: 67136K->96K(66048K)] 68956K->1916K(241152K), 0,0005066 secs] [Times: user=0,00 sys=0,00, real=0,00 secs] 
78,912: [GC (Allocation Failure) [PSYoungGen: 65632K->96K(64512K)] 67452K->1916K(239616K), 0,0004735 secs] [Times: user=0,01 sys=0,00, real=0,00 secs] 
78,962: [GC (Allocation Failure) [PSYoungGen: 64096K->96K(62976K)] 65916K->1916K(238080K), 0,0004745 secs] [Times: user=0,00 sys=0,00, real=0,00 secs] 
79,011: [GC (Allocation Failure) [PSYoungGen: 62560K->96K(61952K)] 64380K->1916K(237056K), 0,0004908 secs] [Times: user=0,01 sys=0,00, real=0,00 secs] 
79,060: [GC (Allocation Failure) [PSYoungGen: 61536K->64K(60928K)] 63356K->1884K(236032K), 0,0005120 secs] [Times: user=0,00 sys=0,00, real=0,00 secs] 
79,107: [GC (Allocation Failure) [PSYoungGen: 60480K->96K(59904K)] 62300K->1916K(235008K), 0,0004810 secs] [Times: user=0,00 sys=0,00, real=0,00 secs] 
79,154: [GC (Allocation Failure) [PSYoungGen: 59488K->64K(58880K)] 61308K->1884K(233984K), 0,0004778 secs] [Times: user=0,00 sys=0,00, real=0,00 secs] 
79,200: [GC (Allocation Failure) [PSYoungGen: 58432K->96K(57856K)] 60252K->1916K(232960K), 0,0004837 secs] [Times: user=0,01 sys=0,00, real=0,00 secs] 
79,245: [GC (Allocation Failure) [PSYoungGen: 57440K->64K(56832K)] 59260K->1884K(231936K), 0,0004114 secs] [Times: user=0,00 sys=0,00, real=0,00 secs] 
79,289: [GC (Allocation Failure) [PSYoungGen: 56384K->64K(55808K)] 58204K->1884K(230912K), 0,0004526 secs] [Times: user=0,01 sys=0,00, real=0,00 secs] 
79,332: [GC (Allocation Failure) [PSYoungGen: 55360K->64K(54784K)] 57180K->1884K(229888K), 0,0004224 secs] [Times: user=0,00 sys=0,00, real=0,00 secs] 
79,375: [GC (Allocation Failure) [PSYoungGen: 54336K->96K(53760K)] 56156K->1916K(228864K), 0,0003787 secs] [Times: user=0,00 sys=0,00, real=0,00 secs] 
79,416: [GC (Allocation Failure) [PSYoungGen: 53344K->96K(52736K)] 55164K->1916K(227840K), 0,0004103 secs] [Times: user=0,00 sys=0,00, real=0,00 secs] 
79,457: [GC (Allocation Failure) [PSYoungGen: 52320K->64K(51712K)] 54140K->1884K(226816K), 0,0004362 secs] [Times: user=0,00 sys=0,00, real=0,01 secs] 
79,498: [GC (Allocation Failure) [PSYoungGen: 51264K->96K(50688K)] 53084K->1916K(225792K), 0,0003675 secs] [Times: user=0,00 sys=0,00, real=0,01 secs] 
79,537: [GC (Allocation Failure) [PSYoungGen: 50272K->96K(49664K)] 52092K->1916K(224768K), 0,0003792 secs] [Times: user=0,00 sys=0,00, real=0,00 secs] 
79,576: [GC (Allocation Failure) [PSYoungGen: 49248K->96K(48640K)] 51068K->1916K(223744K), 0,0003795 secs] [Times: user=0,00 sys=0,00, real=0,00 secs] 
79,614: [GC (Allocation Failure) [PSYoungGen: 48224K->96K(48128K)] 50044K->1916K(223232K), 0,0004438 secs] [Times: user=0,00 sys=0,00, real=0,00 secs] 
79,651: [GC (Allocation Failure) [PSYoungGen: 47712K->96K(47616K)] 49532K->1916K(222720K), 0,0004585 secs] [Times: user=0,00 sys=0,00, real=0,00 secs] 
79,688: [GC (Allocation Failure) [PSYoungGen: 47200K->96K(47104K)] 49020K->1916K(222208K), 0,0003928 secs] [Times: user=0,00 sys=0,00, real=0,00 secs] 
79,725: [GC (Allocation Failure) [PSYoungGen: 46688K->96K(56832K)] 48508K->1916K(231936K), 0,0005087 secs] [Times: user=0,00 sys=0,00, real=0,00 secs] 
79,769: [GC (Allocation Failure) [PSYoungGen: 56416K->32K(68096K)] 58236K->1852K(243200K), 0,0004566 secs] [Times: user=0,00 sys=0,00, real=0,00 secs] 
79,822: [GC (Allocation Failure) [PSYoungGen: 67616K->96K(66560K)] 69436K->1916K(241664K), 0,0004770 secs] [Times: user=0,00 sys=0,00, real=0,00 secs] 
79,874: [GC (Allocation Failure) [PSYoungGen: 66144K->96K(65024K)] 67964K->1916K(240128K), 0,0004725 secs] [Times: user=0,00 sys=0,00, real=0,00 secs] 
79,925: [GC (Allocation Failure) [PSYoungGen: 64608K->64K(63488K)] 66428K->1884K(238592K), 0,0005012 secs] [Times: user=0,00 sys=0,00, real=0,00 secs] 
79,974: [GC (Allocation Failure) [PSYoungGen: 63040K->96K(61952K)] 64860K->1916K(237056K), 0,0004734 secs] [Times: user=0,00 sys=0,00, real=0,00 secs] 
80,022: [GC (Allocation Failure) [PSYoungGen: 61536K->96K(60928K)] 63356K->1916K(236032K), 0,0004677 secs] [Times: user=0,00 sys=0,00, real=0,00 secs] 
80,070: [GC (Allocation Failure) [PSYoungGen: 60512K->64K(59904K)] 62332K->1884K(235008K), 0,0004542 secs] [Times: user=0,00 sys=0,00, real=0,00 secs] 
80,117: [GC (Allocation Failure) [PSYoungGen: 59456K->64K(58880K)] 61276K->1884K(233984K), 0,0004817 secs] [Times: user=0,00 sys=0,00, real=0,00 secs] 
80,163: [GC (Allocation Failure) [PSYoungGen: 58432K->96K(57856K)] 60252K->1916K(232960K), 0,0004802 secs] [Times: user=0,00 sys=0,00, real=0,00 secs] 
80,208: [GC (Allocation Failure) [PSYoungGen: 57440K->96K(56832K)] 59260K->1916K(231936K), 0,0004780 secs] [Times: user=0,00 sys=0,00, real=0,01 secs] 
80,252: [GC (Allocation Failure) [PSYoungGen: 56416K->96K(55808K)] 58236K->1916K(230912K), 0,0003918 secs] [Times: user=0,00 sys=0,00, real=0,00 secs] 
80,296: [GC (Allocation Failure) [PSYoungGen: 55392K->96K(54784K)] 57212K->1916K(229888K), 0,0004090 secs] [Times: user=0,00 sys=0,00, real=0,00 secs] 
80,338: [GC (Allocation Failure) [PSYoungGen: 54368K->96K(53760K)] 56188K->1940K(228864K), 0,0003905 secs] [Times: user=0,00 sys=0,00, real=0,00 secs] 
80,380: [GC (Allocation Failure) [PSYoungGen: 53344K->96K(52736K)] 55188K->1940K(227840K), 0,0003792 secs] [Times: user=0,00 sys=0,00, real=0,00 secs] 
80,421: [GC (Allocation Failure) [PSYoungGen: 52320K->96K(51712K)] 54164K->1940K(226816K), 0,0003907 secs] [Times: user=0,01 sys=0,00, real=0,00 secs] 
80,461: [GC (Allocation Failure) [PSYoungGen: 51296K->96K(50688K)] 53140K->1940K(225792K), 0,0003765 secs] [Times: user=0,01 sys=0,00, real=0,00 secs] 
80,501: [GC (Allocation Failure) [PSYoungGen: 50272K->96K(49664K)] 52116K->1940K(224768K), 0,0003906 secs] [Times: user=0,01 sys=0,00, real=0,00 secs] 
80,539: [GC (Allocation Failure) [PSYoungGen: 49248K->96K(48640K)] 51092K->1940K(223744K), 0,0003847 secs] [Times: user=0,00 sys=0,00, real=0,00 secs] 
80,577: [GC (Allocation Failure) [PSYoungGen: 48224K->96K(48128K)] 50068K->1940K(223232K), 0,0005304 secs] [Times: user=0,00 sys=0,00, real=0,01 secs] 
80,615: [GC (Allocation Failure) [PSYoungGen: 47712K->64K(47616K)] 49556K->1908K(222720K), 0,0003961 secs] [Times: user=0,00 sys=0,00, real=0,00 secs] 
80,652: [GC (Allocation Failure) [PSYoungGen: 47168K->96K(47104K)] 49012K->1940K(222208K), 0,0003829 secs] [Times: user=0,00 sys=0,00, real=0,00 secs] 
80,689: [GC (Allocation Failure) [PSYoungGen: 46688K->96K(46592K)] 48532K->1940K(221696K), 0,0003793 secs] [Times: user=0,00 sys=0,00, real=0,00 secs] 
80,730: [GC (Allocation Failure) [PSYoungGen: 46176K->64K(46080K)] 48020K->1908K(221184K), 0,0004113 secs] [Times: user=0,00 sys=0,00, real=0,00 secs] 
80,766: [GC (Allocation Failure) [PSYoungGen: 45632K->96K(45568K)] 47476K->1940K(220672K), 0,0003791 secs] [Times: user=0,00 sys=0,00, real=0,00 secs] 
80,801: [GC (Allocation Failure) [PSYoungGen: 45152K->96K(45056K)] 46996K->1940K(220160K), 0,0003798 secs] [Times: user=0,00 sys=0,00, real=0,00 secs] 
80,836: [GC (Allocation Failure) [PSYoungGen: 44640K->96K(44544K)] 46484K->1940K(219648K), 0,0003777 secs] [Times: user=0,00 sys=0,00, real=0,00 secs] 
80,871: [GC (Allocation Failure) [PSYoungGen: 44128K->96K(44032K)] 45972K->1940K(219136K), 0,0003783 secs] [Times: user=0,00 sys=0,00, real=0,00 secs] 
80,905: [GC (Allocation Failure) [PSYoungGen: 43616K->96K(43520K)] 45460K->1940K(218624K), 0,0003853 secs] [Times: user=0,00 sys=0,00, real=0,00 secs] 
80,939: [GC (Allocation Failure) [PSYoungGen: 43104K->64K(43008K)] 44948K->1908K(218112K), 0,0003643 secs] [Times: user=0,00 sys=0,00, real=0,00 secs] 
80,972: [GC (Allocation Failure) [PSYoungGen: 42560K->96K(42496K)] 44404K->1940K(217600K), 0,0003645 secs] [Times: user=0,00 sys=0,00, real=0,00 secs] 
81,005: [GC (Allocation Failure) [PSYoungGen: 42080K->96K(51200K)] 43924K->1940K(226304K), 0,0003576 secs] [Times: user=0,00 sys=0,00, real=0,00 secs] 
81,045: [GC (Allocation Failure) [PSYoungGen: 50784K->96K(50176K)] 52628K->1940K(225280K), 0,0003724 secs] [Times: user=0,00 sys=0,00, real=0,00 secs] 
81,084: [GC (Allocation Failure) [PSYoungGen: 49760K->32K(49152K)] 51604K->1876K(224256K), 0,0004300 secs] [Times: user=0,00 sys=0,00, real=0,00 secs] 
81,122: [GC (Allocation Failure) [PSYoungGen: 48672K->96K(48128K)] 50516K->1940K(223232K), 0,0003942 secs] [Times: user=0,00 sys=0,00, real=0,00 secs] 
81,160: [GC (Allocation Failure) [PSYoungGen: 47712K->32K(57856K)] 49556K->1876K(232960K), 0,0004701 secs] [Times: user=0,00 sys=0,00, real=0,00 secs] 
81,205: [GC (Allocation Failure) [PSYoungGen: 57376K->96K(56832K)] 59220K->1940K(231936K), 0,0003852 secs] [Times: user=0,00 sys=0,00, real=0,00 secs] 
81,249: [GC (Allocation Failure) [PSYoungGen: 56416K->96K(55808K)] 58260K->1940K(230912K), 0,0004804 secs] [Times: user=0,00 sys=0,00, real=0,00 secs] 
81,293: [GC (Allocation Failure) [PSYoungGen: 55392K->96K(54784K)] 57236K->1940K(229888K), 0,0003687 secs] [Times: user=0,00 sys=0,00, real=0,00 secs] 
81,336: [GC (Allocation Failure) [PSYoungGen: 54368K->96K(53760K)] 56212K->1940K(228864K), 0,0003834 secs] [Times: user=0,01 sys=0,00, real=0,00 secs] 
81,377: [GC (Allocation Failure) [PSYoungGen: 53344K->96K(52736K)] 55188K->1940K(227840K), 0,0003920 secs] [Times: user=0,00 sys=0,00, real=0,01 secs] 
81,418: [GC (Allocation Failure) [PSYoungGen: 52320K->64K(51712K)] 54164K->1908K(226816K), 0,0004086 secs] [Times: user=0,00 sys=0,00, real=0,00 secs] 
81,458: [GC (Allocation Failure) [PSYoungGen: 51264K->96K(50688K)] 53108K->1940K(225792K), 0,0003749 secs] [Times: user=0,00 sys=0,00, real=0,00 secs] 
81,498: [GC (Allocation Failure) [PSYoungGen: 50272K->96K(60928K)] 52116K->1940K(236032K), 0,0006391 secs] [Times: user=0,00 sys=0,00, real=0,01 secs] 
81,545: [GC (Allocation Failure) [PSYoungGen: 60512K->96K(59904K)] 62356K->1940K(235008K), 0,0003856 secs] [Times: user=0,00 sys=0,00, real=0,00 secs] 
81,592: [GC (Allocation Failure) [PSYoungGen: 59488K->64K(58880K)] 61332K->1908K(233984K), 0,0003710 secs] [Times: user=0,00 sys=0,00, real=0,00 secs] 
81,638: [GC (Allocation Failure) [PSYoungGen: 58432K->64K(57856K)] 60276K->1908K(232960K), 0,0004797 secs] [Times: user=0,00 sys=0,00, real=0,00 secs] 
81,683: [GC (Allocation Failure) [PSYoungGen: 57408K->96K(56832K)] 59252K->1940K(231936K), 0,0005717 secs] [Times: user=0,01 sys=0,00, real=0,00 secs] 
81,727: [GC (Allocation Failure) [PSYoungGen: 56416K->96K(55808K)] 58260K->1940K(230912K), 0,0004798 secs] [Times: user=0,00 sys=0,00, real=0,00 secs] 
81,770: [GC (Allocation Failure) [PSYoungGen: 55392K->96K(54784K)] 57236K->1940K(229888K), 0,0003659 secs] [Times: user=0,00 sys=0,00, real=0,00 secs] 
81,813: [GC (Allocation Failure) [PSYoungGen: 54368K->64K(53760K)] 56212K->1908K(228864K), 0,0003798 secs] [Times: user=0,00 sys=0,00, real=0,00 secs] 
81,855: [GC (Allocation Failure) [PSYoungGen: 53312K->96K(52736K)] 55156K->1940K(227840K), 0,0003751 secs] [Times: user=0,00 sys=0,00, real=0,00 secs] 
81,896: [GC (Allocation Failure) [PSYoungGen: 52320K->96K(51712K)] 54164K->1940K(226816K), 0,0004430 secs] [Times: user=0,00 sys=0,00, real=0,00 secs] 
81,936: [GC (Allocation Failure) [PSYoungGen: 51296K->96K(50688K)] 53140K->1940K(225792K), 0,0003743 secs] [Times: user=0,00 sys=0,00, real=0,00 secs] 
81,975: [GC (Allocation Failure) [PSYoungGen: 50272K->64K(49664K)] 52116K->1908K(224768K), 0,0004740 secs] [Times: user=0,00 sys=0,00, real=0,00 secs] 
82,014: [GC (Allocation Failure) [PSYoungGen: 49216K->96K(48640K)] 51060K->1940K(223744K), 0,0003821 secs] [Times: user=0,00 sys=0,00, real=0,00 secs] 
82,052: [GC (Allocation Failure) [PSYoungGen: 48224K->96K(48128K)] 50068K->1940K(223232K), 0,0003733 secs] [Times: user=0,00 sys=0,00, real=0,00 secs] 
82,089: [GC (Allocation Failure) [PSYoungGen: 47712K->96K(47616K)] 49556K->1940K(222720K), 0,0003750 secs] [Times: user=0,00 sys=0,00, real=0,00 secs] 
82,127: [GC (Allocation Failure) [PSYoungGen: 47200K->64K(57344K)] 49044K->1908K(232448K), 0,0009481 secs] [Times: user=0,00 sys=0,00, real=0,00 secs] 
82,173: [GC (Allocation Failure) [PSYoungGen: 56896K->96K(69120K)] 58740K->1940K(244224K), 0,0005897 secs] [Times: user=0,00 sys=0,00, real=0,00 secs] 
82,226: [GC (Allocation Failure) [PSYoungGen: 68704K->64K(82944K)] 70548K->1908K(258048K), 0,0004953 secs] [Times: user=0,00 sys=0,00, real=0,00 secs] 
82,291: [GC (Allocation Failure) [PSYoungGen: 82496K->96K(99840K)] 84340K->1940K(274944K), 0,0004862 secs] [Times: user=0,00 sys=0,00, real=0,00 secs] 
82,369: [GC (Allocation Failure) [PSYoungGen: 99424K->96K(97280K)] 101268K->1940K(272384K), 0,0005969 secs] [Times: user=0,00 sys=0,00, real=0,00 secs] 
82,446: [GC (Allocation Failure) [PSYoungGen: 96864K->96K(94720K)] 98708K->1940K(269824K), 0,0005217 secs] [Times: user=0,00 sys=0,00, real=0,00 secs] 
82,519: [GC (Allocation Failure) [PSYoungGen: 94304K->96K(92160K)] 96148K->1940K(267264K), 0,0004854 secs] [Times: user=0,00 sys=0,00, real=0,00 secs] 
82,591: [GC (Allocation Failure) [PSYoungGen: 91744K->96K(89600K)] 93588K->1940K(264704K), 0,0004883 secs] [Times: user=0,00 sys=0,00, real=0,00 secs] 
82,661: [GC (Allocation Failure) [PSYoungGen: 89184K->96K(87040K)] 91028K->1940K(262144K), 0,0005042 secs] [Times: user=0,00 sys=0,00, real=0,00 secs] 
82,729: [GC (Allocation Failure) [PSYoungGen: 86624K->96K(84992K)] 88468K->1940K(260096K), 0,0005168 secs] [Times: user=0,00 sys=0,00, real=0,00 secs] 
82,795: [GC (Allocation Failure) [PSYoungGen: 84576K->64K(82944K)] 86420K->1908K(258048K), 0,0004834 secs] [Times: user=0,00 sys=0,00, real=0,00 secs] 
82,859: [GC (Allocation Failure) [PSYoungGen: 82496K->96K(80896K)] 84340K->1940K(256000K), 0,0004908 secs] [Times: user=0,00 sys=0,00, real=0,00 secs] 
82,922: [GC (Allocation Failure) [PSYoungGen: 80480K->96K(78848K)] 82324K->1940K(253952K), 0,0005338 secs] [Times: user=0,00 sys=0,00, real=0,00 secs] 
82,984: [GC (Allocation Failure) [PSYoungGen: 78432K->128K(76800K)] 80276K->1972K(251904K), 0,0004701 secs] [Times: user=0,00 sys=0,00, real=0,00 secs] 
83,044: [GC (Allocation Failure) [PSYoungGen: 76416K->64K(74752K)] 78260K->1908K(249856K), 0,0005033 secs] [Times: user=0,00 sys=0,00, real=0,00 secs] 
83,102: [GC (Allocation Failure) [PSYoungGen: 74304K->96K(73216K)] 76148K->1940K(248320K), 0,0004834 secs] [Times: user=0,00 sys=0,00, real=0,00 secs] 
83,159: [GC (Allocation Failure) [PSYoungGen: 72800K->96K(71680K)] 74644K->1940K(246784K), 0,0004964 secs] [Times: user=0,00 sys=0,00, real=0,00 secs] 
83,215: [GC (Allocation Failure) [PSYoungGen: 71264K->96K(70144K)] 73108K->1940K(245248K), 0,0005606 secs] [Times: user=0,00 sys=0,00, real=0,00 secs] 
83,270: [GC (Allocation Failure) [PSYoungGen: 69728K->64K(68608K)] 71572K->1908K(243712K), 0,0005354 secs] [Times: user=0,00 sys=0,00, real=0,00 secs] 
83,323: [GC (Allocation Failure) [PSYoungGen: 68160K->64K(67072K)] 70004K->1908K(242176K), 0,0004761 secs] [Times: user=0,00 sys=0,00, real=0,00 secs] 
83,375: [GC (Allocation Failure) [PSYoungGen: 66624K->96K(65536K)] 68468K->1940K(240640K), 0,0005669 secs] [Times: user=0,00 sys=0,00, real=0,00 secs] 
83,426: [GC (Allocation Failure) [PSYoungGen: 65120K->64K(64000K)] 66964K->1908K(239104K), 0,0005095 secs] [Times: user=0,00 sys=0,00, real=0,00 secs] 
83,476: [GC (Allocation Failure) [PSYoungGen: 63552K->64K(62464K)] 65396K->1908K(237568K), 0,0004598 secs] [Times: user=0,00 sys=0,00, real=0,00 secs] 
83,525: [GC (Allocation Failure) [PSYoungGen: 62016K->96K(61440K)] 63860K->1940K(236544K), 0,0004724 secs] [Times: user=0,00 sys=0,00, real=0,00 secs] 
83,573: [GC (Allocation Failure) [PSYoungGen: 61024K->96K(60416K)] 62868K->1940K(235520K), 0,0004658 secs] [Times: user=0,00 sys=0,00, real=0,00 secs] 
83,620: [GC (Allocation Failure) [PSYoungGen: 60000K->96K(59392K)] 61844K->1940K(234496K), 0,0004855 secs] [Times: user=0,00 sys=0,00, real=0,00 secs] 
83,666: [GC (Allocation Failure) [PSYoungGen: 58976K->96K(58368K)] 60820K->1940K(233472K), 0,0004749 secs] [Times: user=0,00 sys=0,00, real=0,00 secs] 
83,712: [GC (Allocation Failure) [PSYoungGen: 57952K->96K(57344K)] 59796K->1940K(232448K), 0,0004884 secs] [Times: user=0,00 sys=0,00, real=0,00 secs] 
83,757: [GC (Allocation Failure) [PSYoungGen: 56928K->96K(56320K)] 58772K->1940K(231424K), 0,0003804 secs] [Times: user=0,00 sys=0,00, real=0,00 secs] 
83,801: [GC (Allocation Failure) [PSYoungGen: 55904K->96K(55296K)] 57748K->1940K(230400K), 0,0003843 secs] [Times: user=0,00 sys=0,00, real=0,00 secs] 
83,844: [GC (Allocation Failure) [PSYoungGen: 54880K->96K(54272K)] 56724K->1940K(229376K), 0,0004035 secs] [Times: user=0,00 sys=0,00, real=0,00 secs] 
83,886: [GC (Allocation Failure) [PSYoungGen: 53856K->64K(53248K)] 55700K->1908K(228352K), 0,0005355 secs] [Times: user=0,00 sys=0,00, real=0,00 secs] 
83,927: [GC (Allocation Failure) [PSYoungGen: 52800K->96K(52224K)] 54644K->1940K(227328K), 0,0003845 secs] [Times: user=0,01 sys=0,00, real=0,01 secs] 
83,968: [GC (Allocation Failure) [PSYoungGen: 51808K->96K(51200K)] 53652K->1940K(226304K), 0,0003868 secs] [Times: user=0,00 sys=0,00, real=0,00 secs] 
84,008: [GC (Allocation Failure) [PSYoungGen: 50784K->64K(50176K)] 52628K->1908K(225280K), 0,0003758 secs] [Times: user=0,00 sys=0,00, real=0,00 secs] 
84,047: [GC (Allocation Failure) [PSYoungGen: 49728K->64K(49152K)] 51572K->1908K(224256K), 0,0003705 secs] [Times: user=0,01 sys=0,00, real=0,00 secs] 
84,085: [GC (Allocation Failure) [PSYoungGen: 48704K->96K(48128K)] 50548K->1940K(223232K), 0,0003881 secs] [Times: user=0,00 sys=0,00, real=0,00 secs] 
84,123: [GC (Allocation Failure) [PSYoungGen: 47712K->96K(47616K)] 49556K->1940K(222720K), 0,0003942 secs] [Times: user=0,00 sys=0,00, real=0,00 secs] 
84,160: [GC (Allocation Failure) [PSYoungGen: 47200K->96K(47104K)] 49044K->1940K(222208K), 0,0003798 secs] [Times: user=0,00 sys=0,00, real=0,00 secs] 
84,197: [GC (Allocation Failure) [PSYoungGen: 46688K->64K(46592K)] 48532K->1908K(221696K), 0,0003579 secs] [Times: user=0,00 sys=0,00, real=0,00 secs] 
84,233: [GC (Allocation Failure) [PSYoungGen: 46144K->96K(55808K)] 47988K->1940K(230912K), 0,0005011 secs] [Times: user=0,00 sys=0,00, real=0,00 secs] 
84,277: [GC (Allocation Failure) [PSYoungGen: 55392K->96K(54784K)] 57236K->1940K(229888K), 0,0003813 secs] [Times: user=0,00 sys=0,00, real=0,00 secs] 
84,320: [GC (Allocation Failure) [PSYoungGen: 54368K->96K(53760K)] 56212K->1940K(228864K), 0,0003760 secs] [Times: user=0,00 sys=0,00, real=0,00 secs] 
84,361: [GC (Allocation Failure) [PSYoungGen: 53343K->96K(52736K)] 55188K->1940K(227840K), 0,0003827 secs] [Times: user=0,00 sys=0,00, real=0,00 secs] 
84,402: [GC (Allocation Failure) [PSYoungGen: 52320K->64K(51712K)] 54164K->1908K(226816K), 0,0004260 secs] [Times: user=0,00 sys=0,00, real=0,00 secs] 
84,445: [GC (Allocation Failure) [PSYoungGen: 51264K->96K(50688K)] 53108K->1940K(225792K), 0,0003925 secs] [Times: user=0,00 sys=0,00, real=0,00 secs] 
84,484: [GC (Allocation Failure) [PSYoungGen: 50272K->96K(49664K)] 52116K->1940K(224768K), 0,0004124 secs] [Times: user=0,00 sys=0,00, real=0,00 secs] 
84,523: [GC (Allocation Failure) [PSYoungGen: 49248K->64K(48640K)] 51092K->1908K(223744K), 0,0003463 secs] [Times: user=0,00 sys=0,00, real=0,00 secs] 
84,560: [GC (Allocation Failure) [PSYoungGen: 48192K->96K(48128K)] 50036K->1940K(223232K), 0,0003674 secs] [Times: user=0,00 sys=0,00, real=0,00 secs] 
84,598: [GC (Allocation Failure) [PSYoungGen: 47712K->64K(47616K)] 49556K->1908K(222720K), 0,0003748 secs] [Times: user=0,00 sys=0,00, real=0,00 secs] 
84,635: [GC (Allocation Failure) [PSYoungGen: 47168K->96K(47104K)] 49012K->1940K(222208K), 0,0003880 secs] [Times: user=0,00 sys=0,00, real=0,00 secs] 
84,672: [GC (Allocation Failure) [PSYoungGen: 46688K->96K(46592K)] 48532K->1940K(221696K), 0,0003938 secs] [Times: user=0,00 sys=0,00, real=0,00 secs] 
84,708: [GC (Allocation Failure) [PSYoungGen: 46176K->96K(46080K)] 48020K->1940K(221184K), 0,0004050 secs] [Times: user=0,00 sys=0,00, real=0,00 secs] 
84,744: [GC (Allocation Failure) [PSYoungGen: 45664K->64K(55296K)] 47508K->1908K(230400K), 0,0007269 secs] [Times: user=0,00 sys=0,00, real=0,00 secs] 
84,788: [GC (Allocation Failure) [PSYoungGen: 54848K->96K(66560K)] 56692K->1940K(241664K), 0,0003875 secs] [Times: user=0,00 sys=0,00, real=0,00 secs] 
84,840: [GC (Allocation Failure) [PSYoungGen: 66144K->64K(79872K)] 67988K->1908K(254976K), 0,0004699 secs] [Times: user=0,00 sys=0,00, real=0,00 secs] 
84,902: [GC (Allocation Failure) [PSYoungGen: 79424K->64K(95744K)] 81268K->1908K(270848K), 0,0006796 secs] [Times: user=0,01 sys=0,00, real=0,00 secs] 
84,977: [GC (Allocation Failure) [PSYoungGen: 95296K->96K(93184K)] 97140K->1940K(268288K), 0,0005363 secs] [Times: user=0,00 sys=0,00, real=0,00 secs] 
85,049: [GC (Allocation Failure) [PSYoungGen: 92768K->96K(90624K)] 94612K->1940K(265728K), 0,0004758 secs] [Times: user=0,00 sys=0,00, real=0,00 secs] 
85,120: [GC (Allocation Failure) [PSYoungGen: 90208K->96K(88064K)] 92052K->1940K(263168K), 0,0006069 secs] [Times: user=0,01 sys=0,00, real=0,00 secs] 
85,189: [GC (Allocation Failure) [PSYoungGen: 87648K->96K(86016K)] 89492K->1940K(261120K), 0,0005087 secs] [Times: user=0,00 sys=0,00, real=0,00 secs] 
85,256: [GC (Allocation Failure) [PSYoungGen: 85600K->96K(83968K)] 87444K->1940K(259072K), 0,0004831 secs] [Times: user=0,00 sys=0,00, real=0,00 secs] 
85,321: [GC (Allocation Failure) [PSYoungGen: 83552K->64K(81920K)] 85396K->1908K(257024K), 0,0005140 secs] [Times: user=0,00 sys=0,00, real=0,00 secs] 
85,385: [GC (Allocation Failure) [PSYoungGen: 81472K->96K(79872K)] 83316K->1940K(254976K), 0,0005431 secs] [Times: user=0,00 sys=0,00, real=0,00 secs] 
85,448: [GC (Allocation Failure) [PSYoungGen: 79456K->64K(77824K)] 81300K->1908K(252928K), 0,0005025 secs] [Times: user=0,01 sys=0,00, real=0,00 secs] 
85,509: [GC (Allocation Failure) [PSYoungGen: 77376K->64K(75776K)] 79220K->1908K(250880K), 0,0004891 secs] [Times: user=0,00 sys=0,00, real=0,00 secs] 
85,568: [GC (Allocation Failure) [PSYoungGen: 75328K->64K(74240K)] 77172K->1908K(249344K), 0,0004682 secs] [Times: user=0,00 sys=0,00, real=0,00 secs] 
85,627: [GC (Allocation Failure) [PSYoungGen: 73792K->64K(72704K)] 75636K->1908K(247808K), 0,0004958 secs] [Times: user=0,00 sys=0,00, real=0,00 secs] 
85,683: [GC (Allocation Failure) [PSYoungGen: 72256K->96K(71168K)] 74100K->1940K(246272K), 0,0004770 secs] [Times: user=0,00 sys=0,00, real=0,00 secs] 
85,739: [GC (Allocation Failure) [PSYoungGen: 70752K->64K(69632K)] 72596K->1908K(244736K), 0,0005171 secs] [Times: user=0,00 sys=0,00, real=0,00 secs] 
85,793: [GC (Allocation Failure) [PSYoungGen: 69184K->96K(68096K)] 71028K->1940K(243200K), 0,0004727 secs] [Times: user=0,00 sys=0,00, real=0,00 secs] 
85,845: [GC (Allocation Failure) [PSYoungGen: 67680K->96K(66560K)] 69524K->1940K(241664K), 0,0004827 secs] [Times: user=0,01 sys=0,00, real=0,00 secs] 
85,897: [GC (Allocation Failure) [PSYoungGen: 66144K->96K(65024K)] 67988K->1940K(240128K), 0,0004888 secs] [Times: user=0,00 sys=0,00, real=0,00 secs] 
85,948: [GC (Allocation Failure) [PSYoungGen: 64608K->96K(63488K)] 66452K->1940K(238592K), 0,0005063 secs] [Times: user=0,00 sys=0,00, real=0,00 secs] 
85,998: [GC (Allocation Failure) [PSYoungGen: 63072K->64K(61952K)] 64916K->1908K(237056K), 0,0004761 secs] [Times: user=0,00 sys=0,00, real=0,00 secs] 
86,046: [GC (Allocation Failure) [PSYoungGen: 61504K->96K(60928K)] 63348K->1940K(236032K), 0,0004643 secs] [Times: user=0,00 sys=0,00, real=0,00 secs] 
86,094: [GC (Allocation Failure) [PSYoungGen: 60512K->96K(59904K)] 62356K->1940K(235008K), 0,0004632 secs] [Times: user=0,01 sys=0,00, real=0,00 secs] 
86,140: [GC (Allocation Failure) [PSYoungGen: 59488K->96K(58880K)] 61332K->1940K(233984K), 0,0004815 secs] [Times: user=0,00 sys=0,00, real=0,00 secs] 
86,186: [GC (Allocation Failure) [PSYoungGen: 58464K->96K(57856K)] 60308K->1940K(232960K), 0,0004679 secs] [Times: user=0,00 sys=0,00, real=0,00 secs] 
86,231: [GC (Allocation Failure) [PSYoungGen: 57440K->96K(56832K)] 59284K->1940K(231936K), 0,0004902 secs] [Times: user=0,00 sys=0,00, real=0,00 secs] 
86,276: [GC (Allocation Failure) [PSYoungGen: 56416K->64K(55808K)] 58260K->1908K(230912K), 0,0004616 secs] [Times: user=0,00 sys=0,00, real=0,00 secs] 
86,319: [GC (Allocation Failure) [PSYoungGen: 55360K->96K(54784K)] 57204K->1940K(229888K), 0,0003906 secs] [Times: user=0,00 sys=0,00, real=0,00 secs] 
86,362: [GC (Allocation Failure) [PSYoungGen: 54368K->96K(53760K)] 56212K->1940K(228864K), 0,0003818 secs] [Times: user=0,01 sys=0,00, real=0,00 secs] 
86,403: [GC (Allocation Failure) [PSYoungGen: 53344K->64K(52736K)] 55188K->1908K(227840K), 0,0004919 secs] [Times: user=0,00 sys=0,00, real=0,00 secs] 
86,445: [GC (Allocation Failure) [PSYoungGen: 52288K->96K(51712K)] 54132K->1940K(226816K), 0,0003902 secs] [Times: user=0,00 sys=0,00, real=0,00 secs] 
86,485: [GC (Allocation Failure) [PSYoungGen: 51296K->96K(50688K)] 53140K->1940K(225792K), 0,0003751 secs] [Times: user=0,00 sys=0,00, real=0,00 secs] 
86,525: [GC (Allocation Failure) [PSYoungGen: 50272K->64K(49664K)] 52116K->1908K(224768K), 0,0003832 secs] [Times: user=0,00 sys=0,00, real=0,00 secs] 
86,564: [GC (Allocation Failure) [PSYoungGen: 49216K->64K(48640K)] 51060K->1908K(223744K), 0,0004063 secs] [Times: user=0,00 sys=0,00, real=0,00 secs] 
86,601: [GC (Allocation Failure) [PSYoungGen: 48192K->64K(48128K)] 50036K->1908K(223232K), 0,0004758 secs] [Times: user=0,00 sys=0,00, real=0,00 secs] 
86,639: [GC (Allocation Failure) [PSYoungGen: 47680K->64K(47616K)] 49524K->1908K(222720K), 0,0004330 secs] [Times: user=0,00 sys=0,00, real=0,00 secs] 
86,676: [GC (Allocation Failure) [PSYoungGen: 47168K->128K(47104K)] 49012K->1972K(222208K), 0,0004206 secs] [Times: user=0,00 sys=0,00, real=0,00 secs] 
86,713: [GC (Allocation Failure) [PSYoungGen: 46720K->64K(56832K)] 48564K->1908K(231936K), 0,0004518 secs] [Times: user=0,00 sys=0,00, real=0,00 secs] 
86,758: [GC (Allocation Failure) [PSYoungGen: 56384K->96K(55808K)] 58228K->1940K(230912K), 0,0003927 secs] [Times: user=0,00 sys=0,00, real=0,00 secs] 
86,801: [GC (Allocation Failure) [PSYoungGen: 55392K->96K(54784K)] 57236K->1940K(229888K), 0,0004014 secs] [Times: user=0,00 sys=0,00, real=0,00 secs] 
86,844: [GC (Allocation Failure) [PSYoungGen: 54368K->64K(53760K)] 56212K->1908K(228864K), 0,0004628 secs] [Times: user=0,00 sys=0,00, real=0,00 secs] 
86,886: [GC (Allocation Failure) [PSYoungGen: 53312K->64K(52736K)] 55156K->1908K(227840K), 0,0003807 secs] [Times: user=0,00 sys=0,00, real=0,00 secs] 
86,927: [GC (Allocation Failure) [PSYoungGen: 52288K->64K(51712K)] 54132K->1908K(226816K), 0,0004753 secs] [Times: user=0,00 sys=0,00, real=0,01 secs] 
86,967: [GC (Allocation Failure) [PSYoungGen: 51264K->96K(50688K)] 53108K->1940K(225792K), 0,0003787 secs] [Times: user=0,00 sys=0,00, real=0,01 secs] 
87,007: [GC (Allocation Failure) [PSYoungGen: 50272K->96K(49664K)] 52116K->1940K(224768K), 0,0004026 secs] [Times: user=0,00 sys=0,00, real=0,00 secs] 
87,047: [GC (Allocation Failure) [PSYoungGen: 49248K->96K(48640K)] 51092K->1940K(223744K), 0,0004006 secs] [Times: user=0,00 sys=0,00, real=0,00 secs] 
87,085: [GC (Allocation Failure) [PSYoungGen: 48224K->64K(58368K)] 50068K->1908K(233472K), 0,0005521 secs] [Times: user=0,00 sys=0,00, real=0,00 secs] 
87,131: [GC (Allocation Failure) [PSYoungGen: 57920K->96K(70144K)] 59764K->1940K(245248K), 0,0004993 secs] [Times: user=0,00 sys=0,00, real=0,00 secs] 
87,185: [GC (Allocation Failure) [PSYoungGen: 69728K->96K(68608K)] 71572K->1940K(243712K), 0,0004767 secs] [Times: user=0,00 sys=0,00, real=0,00 secs] 
87,238: [GC (Allocation Failure) [PSYoungGen: 68192K->96K(67072K)] 70036K->1940K(242176K), 0,0004763 secs] [Times: user=0,00 sys=0,00, real=0,00 secs] 
87,290: [GC (Allocation Failure) [PSYoungGen: 66656K->96K(65536K)] 68500K->1940K(240640K), 0,0004859 secs] [Times: user=0,00 sys=0,00, real=0,00 secs] 
87,341: [GC (Allocation Failure) [PSYoungGen: 65120K->96K(64000K)] 66964K->1940K(239104K), 0,0005183 secs] [Times: user=0,00 sys=0,00, real=0,00 secs] 
87,391: [GC (Allocation Failure) [PSYoungGen: 63584K->96K(62464K)] 65428K->1940K(237568K), 0,0004898 secs] [Times: user=0,00 sys=0,00, real=0,00 secs] 
87,440: [GC (Allocation Failure) [PSYoungGen: 62048K->96K(61440K)] 63892K->1940K(236544K), 0,0004999 secs] [Times: user=0,00 sys=0,00, real=0,00 secs] 
87,488: [GC (Allocation Failure) [PSYoungGen: 61024K->64K(60416K)] 62868K->1908K(235520K), 0,0004225 secs] [Times: user=0,00 sys=0,00, real=0,00 secs] 
87,536: [GC (Allocation Failure) [PSYoungGen: 59968K->96K(72704K)] 61812K->1940K(247808K), 0,0008389 secs] [Times: user=0,00 sys=0,00, real=0,00 secs] 
87,594: [GC (Allocation Failure) [PSYoungGen: 72288K->128K(87552K)] 74132K->1972K(262656K), 0,0006708 secs] [Times: user=0,00 sys=0,00, real=0,00 secs] 
87,662: [GC (Allocation Failure) [PSYoungGen: 87168K->96K(85504K)] 89012K->1940K(260608K), 0,0005033 secs] [Times: user=0,00 sys=0,00, real=0,00 secs] 
87,729: [GC (Allocation Failure) [PSYoungGen: 85088K->96K(83456K)] 86932K->1940K(258560K), 0,0005085 secs] [Times: user=0,00 sys=0,00, real=0,00 secs] 
87,794: [GC (Allocation Failure) [PSYoungGen: 83040K->96K(81408K)] 84884K->1940K(256512K), 0,0004889 secs] [Times: user=0,01 sys=0,00, real=0,00 secs] 
87,857: [GC (Allocation Failure) [PSYoungGen: 80992K->96K(79360K)] 82836K->1940K(254464K), 0,0004894 secs] [Times: user=0,00 sys=0,00, real=0,00 secs] 
87,919: [GC (Allocation Failure) [PSYoungGen: 78944K->96K(77312K)] 80788K->1940K(252416K), 0,0004999 secs] [Times: user=0,00 sys=0,00, real=0,00 secs] 
87,979: [GC (Allocation Failure) [PSYoungGen: 76896K->96K(75264K)] 78740K->1940K(250368K), 0,0004804 secs] [Times: user=0,00 sys=0,00, real=0,00 secs] 
88,037: [GC (Allocation Failure) [PSYoungGen: 74848K->96K(73728K)] 76692K->1940K(248832K), 0,0004864 secs] [Times: user=0,00 sys=0,00, real=0,01 secs] 
88,095: [GC (Allocation Failure) [PSYoungGen: 73312K->64K(72192K)] 75156K->1908K(247296K), 0,0004855 secs] [Times: user=0,00 sys=0,00, real=0,00 secs] 
88,151: [GC (Allocation Failure) [PSYoungGen: 71744K->64K(70656K)] 73588K->1908K(245760K), 0,0004919 secs] [Times: user=0,01 sys=0,00, real=0,00 secs] 
88,206: [GC (Allocation Failure) [PSYoungGen: 70208K->96K(69120K)] 72052K->1940K(244224K), 0,0004787 secs] [Times: user=0,00 sys=0,00, real=0,00 secs] 
88,260: [GC (Allocation Failure) [PSYoungGen: 68704K->64K(67584K)] 70548K->1908K(242688K), 0,0004800 secs] [Times: user=0,01 sys=0,00, real=0,00 secs] 
88,312: [GC (Allocation Failure) [PSYoungGen: 67136K->64K(66048K)] 68980K->1908K(241152K), 0,0006015 secs] [Times: user=0,00 sys=0,00, real=0,00 secs] 
88,364: [GC (Allocation Failure) [PSYoungGen: 65600K->96K(64512K)] 67444K->1940K(239616K), 0,0004514 secs] [Times: user=0,00 sys=0,00, real=0,00 secs] 
88,414: [GC (Allocation Failure) [PSYoungGen: 64096K->64K(62976K)] 65940K->1908K(238080K), 0,0005221 secs] [Times: user=0,00 sys=0,00, real=0,00 secs] 
88,463: [GC (Allocation Failure) [PSYoungGen: 62528K->96K(61952K)] 64372K->1940K(237056K), 0,0004899 secs] [Times: user=0,00 sys=0,00, real=0,00 secs] 
88,511: [GC (Allocation Failure) [PSYoungGen: 61536K->96K(60928K)] 63380K->1940K(236032K), 0,0004654 secs] [Times: user=0,00 sys=0,00, real=0,00 secs] 
88,559: [GC (Allocation Failure) [PSYoungGen: 60512K->96K(59904K)] 62356K->1940K(235008K), 0,0004280 secs] [Times: user=0,01 sys=0,00, real=0,00 secs] 
88,605: [GC (Allocation Failure) [PSYoungGen: 59488K->96K(58880K)] 61332K->1940K(233984K), 0,0004673 secs] [Times: user=0,00 sys=0,00, real=0,00 secs] 
88,651: [GC (Allocation Failure) [PSYoungGen: 58464K->96K(57856K)] 60308K->1940K(232960K), 0,0005322 secs] [Times: user=0,00 sys=0,00, real=0,00 secs] 
88,696: [GC (Allocation Failure) [PSYoungGen: 57440K->96K(56832K)] 59284K->1940K(231936K), 0,0004851 secs] [Times: user=0,00 sys=0,00, real=0,00 secs] 
88,741: [GC (Allocation Failure) [PSYoungGen: 56416K->64K(55808K)] 58260K->1908K(230912K), 0,0004603 secs] [Times: user=0,00 sys=0,00, real=0,00 secs] 
88,784: [GC (Allocation Failure) [PSYoungGen: 55360K->96K(54784K)] 57204K->1940K(229888K), 0,0003719 secs] [Times: user=0,00 sys=0,00, real=0,00 secs] 
88,826: [GC (Allocation Failure) [PSYoungGen: 54368K->96K(53760K)] 56212K->1940K(228864K), 0,0003808 secs] [Times: user=0,01 sys=0,00, real=0,00 secs] 
88,868: [GC (Allocation Failure) [PSYoungGen: 53343K->96K(52736K)] 55188K->1940K(227840K), 0,0003707 secs] [Times: user=0,00 sys=0,00, real=0,00 secs] 
88,909: [GC (Allocation Failure) [PSYoungGen: 52320K->96K(51712K)] 54164K->1940K(226816K), 0,0003939 secs] [Times: user=0,00 sys=0,00, real=0,00 secs] 
88,950: [GC (Allocation Failure) [PSYoungGen: 51296K->96K(50688K)] 53140K->1940K(225792K), 0,0004449 secs] [Times: user=0,00 sys=0,00, real=0,00 secs] 
88,989: [GC (Allocation Failure) [PSYoungGen: 50272K->64K(49664K)] 52116K->1908K(224768K), 0,0003777 secs] [Times: user=0,00 sys=0,00, real=0,00 secs] 
89,028: [GC (Allocation Failure) [PSYoungGen: 49216K->96K(48640K)] 51060K->1940K(223744K), 0,0003736 secs] [Times: user=0,00 sys=0,00, real=0,00 secs] 
89,066: [GC (Allocation Failure) [PSYoungGen: 48223K->96K(48128K)] 50068K->1940K(223232K), 0,0003831 secs] [Times: user=0,00 sys=0,00, real=0,00 secs] 
89,103: [GC (Allocation Failure) [PSYoungGen: 47712K->96K(47616K)] 49556K->1940K(222720K), 0,0003673 secs] [Times: user=0,00 sys=0,00, real=0,00 secs] 
89,141: [GC (Allocation Failure) [PSYoungGen: 47200K->96K(47104K)] 49044K->1940K(222208K), 0,0003946 secs] [Times: user=0,00 sys=0,00, real=0,00 secs] 
89,177: [GC (Allocation Failure) [PSYoungGen: 46688K->96K(46592K)] 48532K->1940K(221696K), 0,0004773 secs] [Times: user=0,00 sys=0,00, real=0,01 secs] 
89,214: [GC (Allocation Failure) [PSYoungGen: 46176K->96K(46080K)] 48020K->1940K(221184K), 0,0003882 secs] [Times: user=0,01 sys=0,00, real=0,00 secs] 
89,250: [GC (Allocation Failure) [PSYoungGen: 45664K->96K(45568K)] 47508K->1940K(220672K), 0,0003777 secs] [Times: user=0,00 sys=0,00, real=0,00 secs] 
89,285: [GC (Allocation Failure) [PSYoungGen: 45152K->64K(54784K)] 46996K->1908K(229888K), 0,0006762 secs] [Times: user=0,00 sys=0,00, real=0,00 secs] 
89,328: [GC (Allocation Failure) [PSYoungGen: 54336K->96K(66048K)] 56180K->1940K(241152K), 0,0003727 secs] [Times: user=0,00 sys=0,00, real=0,00 secs] 
89,379: [GC (Allocation Failure) [PSYoungGen: 65632K->96K(64512K)] 67476K->1940K(239616K), 0,0003870 secs] [Times: user=0,00 sys=0,00, real=0,00 secs] 
89,429: [GC (Allocation Failure) [PSYoungGen: 64096K->96K(62976K)] 65940K->1940K(238080K), 0,0004739 secs] [Times: user=0,00 sys=0,00, real=0,00 secs] 
89,478: [GC (Allocation Failure) [PSYoungGen: 62560K->96K(61952K)] 64404K->1940K(237056K), 0,0005714 secs] [Times: user=0,00 sys=0,00, real=0,00 secs] 
89,527: [GC (Allocation Failure) [PSYoungGen: 61536K->96K(60928K)] 63380K->1940K(236032K), 0,0004756 secs] [Times: user=0,00 sys=0,00, real=0,00 secs] 
89,574: [GC (Allocation Failure) [PSYoungGen: 60512K->96K(59904K)] 62356K->1940K(235008K), 0,0004570 secs] [Times: user=0,00 sys=0,00, real=0,00 secs] 
89,621: [GC (Allocation Failure) [PSYoungGen: 59488K->64K(58880K)] 61332K->1908K(233984K), 0,0004614 secs] [Times: user=0,01 sys=0,00, real=0,00 secs] 
89,667: [GC (Allocation Failure) [PSYoungGen: 58432K->32K(57856K)] 60276K->1876K(232960K), 0,0004750 secs] [Times: user=0,00 sys=0,00, real=0,00 secs] 
89,712: [GC (Allocation Failure) [PSYoungGen: 57376K->96K(56832K)] 59220K->1940K(231936K), 0,0004798 secs] [Times: user=0,00 sys=0,00, real=0,00 secs] 
89,756: [GC (Allocation Failure) [PSYoungGen: 56415K->96K(55808K)] 58260K->1940K(230912K), 0,0004030 secs] [Times: user=0,00 sys=0,00, real=0,00 secs] 
89,800: [GC (Allocation Failure) [PSYoungGen: 55392K->96K(54784K)] 57236K->1940K(229888K), 0,0004741 secs] [Times: user=0,01 sys=0,00, real=0,00 secs] 
89,842: [GC (Allocation Failure) [PSYoungGen: 54368K->64K(53760K)] 56212K->1908K(228864K), 0,0004674 secs] [Times: user=0,00 sys=0,00, real=0,00 secs] 
89,884: [GC (Allocation Failure) [PSYoungGen: 53312K->32K(52736K)] 55156K->1876K(227840K), 0,0003902 secs] [Times: user=0,00 sys=0,00, real=0,00 secs] 
89,925: [GC (Allocation Failure) [PSYoungGen: 52256K->96K(51712K)] 54100K->1940K(226816K), 0,0003761 secs] [Times: user=0,00 sys=0,00, real=0,00 secs] 
89,966: [GC (Allocation Failure) [PSYoungGen: 51296K->64K(50688K)] 53140K->1908K(225792K), 0,0004202 secs] [Times: user=0,00 sys=0,00, real=0,00 secs] 
90,005: [GC (Allocation Failure) [PSYoungGen: 50240K->32K(49664K)] 52084K->1876K(224768K), 0,0005044 secs] [Times: user=0,00 sys=0,00, real=0,00 secs] 
90,044: [GC (Allocation Failure) [PSYoungGen: 49184K->96K(48640K)] 51028K->1940K(223744K), 0,0003751 secs] [Times: user=0,00 sys=0,00, real=0,00 secs] 
90,082: [GC (Allocation Failure) [PSYoungGen: 48224K->96K(48128K)] 50068K->1940K(223232K), 0,0003761 secs] [Times: user=0,00 sys=0,00, real=0,00 secs] 
90,119: [GC (Allocation Failure) [PSYoungGen: 47712K->96K(47616K)] 49556K->1940K(222720K), 0,0004694 secs] [Times: user=0,00 sys=0,00, real=0,00 secs] 
90,156: [GC (Allocation Failure) [PSYoungGen: 47200K->64K(57344K)] 49044K->1908K(232448K), 0,0004227 secs] [Times: user=0,00 sys=0,00, real=0,00 secs] 
90,201: [GC (Allocation Failure) [PSYoungGen: 56896K->96K(56320K)] 58740K->1940K(231424K), 0,0003760 secs] [Times: user=0,00 sys=0,00, real=0,00 secs] 
90,245: [GC (Allocation Failure) [PSYoungGen: 55904K->96K(55296K)] 57748K->1940K(230400K), 0,0003851 secs] [Times: user=0,00 sys=0,00, real=0,00 secs] 
90,287: [GC (Allocation Failure) [PSYoungGen: 54880K->96K(54272K)] 56724K->1940K(229376K), 0,0004007 secs] [Times: user=0,00 sys=0,00, real=0,01 secs] 
90,331: [GC (Allocation Failure) [PSYoungGen: 53856K->96K(53248K)] 55700K->1940K(228352K), 0,0005081 secs] [Times: user=0,00 sys=0,00, real=0,00 secs] 
90,373: [GC (Allocation Failure) [PSYoungGen: 52832K->96K(52224K)] 54676K->1964K(227328K), 0,0003939 secs] [Times: user=0,01 sys=0,00, real=0,00 secs] 
90,414: [GC (Allocation Failure) [PSYoungGen: 51808K->64K(51200K)] 53676K->1932K(226304K), 0,0003630 secs] [Times: user=0,00 sys=0,00, real=0,00 secs] 
90,454: [GC (Allocation Failure) [PSYoungGen: 50752K->96K(50176K)] 52620K->1964K(225280K), 0,0004631 secs] [Times: user=0,00 sys=0,00, real=0,00 secs] 
90,493: [GC (Allocation Failure) [PSYoungGen: 49760K->64K(49152K)] 51628K->1932K(224256K), 0,0003672 secs] [Times: user=0,00 sys=0,00, real=0,00 secs] 
90,531: [GC (Allocation Failure) [PSYoungGen: 48704K->96K(48128K)] 50572K->1964K(223232K), 0,0004283 secs] [Times: user=0,00 sys=0,00, real=0,00 secs] 
90,568: [GC (Allocation Failure) [PSYoungGen: 47712K->64K(57856K)] 49580K->1932K(232960K), 0,0007117 secs] [Times: user=0,00 sys=0,00, real=0,00 secs] 
90,614: [GC (Allocation Failure) [PSYoungGen: 57408K->64K(69632K)] 59276K->1932K(244736K), 0,0009164 secs] [Times: user=0,00 sys=0,00, real=0,00 secs] 
90,668: [GC (Allocation Failure) [PSYoungGen: 69184K->96K(83456K)] 71052K->1964K(258560K), 0,0004889 secs] [Times: user=0,00 sys=0,00, real=0,00 secs] 
90,733: [GC (Allocation Failure) [PSYoungGen: 83040K->96K(100352K)] 84908K->1964K(275456K), 0,0005055 secs] [Times: user=0,00 sys=0,00, real=0,00 secs] 
90,811: [GC (Allocation Failure) [PSYoungGen: 99936K->96K(97792K)] 101804K->1964K(272896K), 0,0005299 secs] [Times: user=0,00 sys=0,00, real=0,00 secs] 
90,887: [GC (Allocation Failure) [PSYoungGen: 97376K->64K(95232K)] 99244K->1932K(270336K), 0,0004916 secs] [Times: user=0,00 sys=0,00, real=0,01 secs] 
90,961: [GC (Allocation Failure) [PSYoungGen: 94784K->96K(92672K)] 96652K->1964K(267776K), 0,0004974 secs] [Times: user=0,00 sys=0,00, real=0,00 secs] 
91,033: [GC (Allocation Failure) [PSYoungGen: 92256K->64K(90112K)] 94124K->1932K(265216K), 0,0004774 secs] [Times: user=0,00 sys=0,00, real=0,00 secs] 
91,103: [GC (Allocation Failure) [PSYoungGen: 89664K->96K(87552K)] 91532K->1964K(262656K), 0,0004866 secs] [Times: user=0,00 sys=0,00, real=0,00 secs] 
91,171: [GC (Allocation Failure) [PSYoungGen: 87136K->96K(85504K)] 89004K->1964K(260608K), 0,0005008 secs] [Times: user=0,00 sys=0,00, real=0,00 secs] 
91,238: [GC (Allocation Failure) [PSYoungGen: 85088K->96K(83456K)] 86956K->1964K(258560K), 0,0005002 secs] [Times: user=0,00 sys=0,00, real=0,00 secs] 
91,303: [GC (Allocation Failure) [PSYoungGen: 83040K->96K(81408K)] 84908K->1964K(256512K), 0,0004723 secs] [Times: user=0,00 sys=0,00, real=0,00 secs] 
91,366: [GC (Allocation Failure) [PSYoungGen: 80992K->96K(79360K)] 82860K->1964K(254464K), 0,0005001 secs] [Times: user=0,00 sys=0,00, real=0,00 secs] 
91,428: [GC (Allocation Failure) [PSYoungGen: 78944K->128K(77312K)] 80812K->1996K(252416K), 0,0010021 secs] [Times: user=0,00 sys=0,00, real=0,00 secs] 
91,489: [GC (Allocation Failure) [PSYoungGen: 76928K->96K(75264K)] 78796K->1964K(250368K), 0,0005215 secs] [Times: user=0,00 sys=0,00, real=0,00 secs] 
91,548: [GC (Allocation Failure) [PSYoungGen: 74848K->96K(73728K)] 76716K->1964K(248832K), 0,0004823 secs] [Times: user=0,00 sys=0,00, real=0,00 secs] 
91,605: [GC (Allocation Failure) [PSYoungGen: 73312K->64K(72192K)] 75180K->1932K(247296K), 0,0004860 secs] [Times: user=0,00 sys=0,00, real=0,00 secs] 
91,661: [GC (Allocation Failure) [PSYoungGen: 71744K->96K(70656K)] 73612K->1964K(245760K), 0,0004981 secs] [Times: user=0,00 sys=0,00, real=0,00 secs] 
91,716: [GC (Allocation Failure) [PSYoungGen: 70240K->96K(69120K)] 72108K->1964K(244224K), 0,0004973 secs] [Times: user=0,00 sys=0,00, real=0,00 secs] 
91,770: [GC (Allocation Failure) [PSYoungGen: 68704K->96K(67584K)] 70572K->1964K(242688K), 0,0004733 secs] [Times: user=0,00 sys=0,00, real=0,00 secs] 
91,823: [GC (Allocation Failure) [PSYoungGen: 67168K->96K(66048K)] 69036K->1964K(241152K), 0,0004597 secs] [Times: user=0,01 sys=0,00, real=0,00 secs] 
91,874: [GC (Allocation Failure) [PSYoungGen: 65632K->96K(64512K)] 67500K->1964K(239616K), 0,0004019 secs] [Times: user=0,00 sys=0,00, real=0,00 secs] 
91,924: [GC (Allocation Failure) [PSYoungGen: 64096K->96K(62976K)] 65964K->1964K(238080K), 0,0004621 secs] [Times: user=0,00 sys=0,00, real=0,00 secs] 
91,973: [GC (Allocation Failure) [PSYoungGen: 62560K->32K(61952K)] 64428K->1900K(237056K), 0,0004510 secs] [Times: user=0,00 sys=0,00, real=0,00 secs] 
92,021: [GC (Allocation Failure) [PSYoungGen: 61472K->96K(60928K)] 63340K->1964K(236032K), 0,0004612 secs] [Times: user=0,00 sys=0,01, real=0,00 secs] 
92,069: [GC (Allocation Failure) [PSYoungGen: 60512K->96K(59904K)] 62380K->1964K(235008K), 0,0004764 secs] [Times: user=0,00 sys=0,00, real=0,00 secs] 
92,116: [GC (Allocation Failure) [PSYoungGen: 59488K->96K(58880K)] 61356K->1964K(233984K), 0,0004785 secs] [Times: user=0,00 sys=0,00, real=0,00 secs] 
92,162: [GC (Allocation Failure) [PSYoungGen: 58464K->96K(57856K)] 60332K->1964K(232960K), 0,0005107 secs] [Times: user=0,00 sys=0,00, real=0,00 secs] 
92,207: [GC (Allocation Failure) [PSYoungGen: 57440K->64K(56832K)] 59308K->1932K(231936K), 0,0005150 secs] [Times: user=0,00 sys=0,00, real=0,00 secs] 
92,251: [GC (Allocation Failure) [PSYoungGen: 56383K->96K(55808K)] 58251K->1964K(230912K), 0,0004665 secs] [Times: user=0,00 sys=0,00, real=0,00 secs] 
92,294: [GC (Allocation Failure) [PSYoungGen: 55392K->128K(54784K)] 57260K->1996K(229888K), 0,0003739 secs] [Times: user=0,00 sys=0,00, real=0,00 secs] 
92,337: [GC (Allocation Failure) [PSYoungGen: 54400K->96K(53760K)] 56268K->1964K(228864K), 0,0003933 secs] [Times: user=0,00 sys=0,00, real=0,00 secs] 
92,379: [GC (Allocation Failure) [PSYoungGen: 53344K->96K(52736K)] 55212K->1964K(227840K), 0,0003841 secs] [Times: user=0,00 sys=0,00, real=0,00 secs] 
92,420: [GC (Allocation Failure) [PSYoungGen: 52320K->96K(51712K)] 54188K->1964K(226816K), 0,0003746 secs] [Times: user=0,00 sys=0,00, real=0,00 secs] 
92,460: [GC (Allocation Failure) [PSYoungGen: 51296K->96K(50688K)] 53164K->1964K(225792K), 0,0003862 secs] [Times: user=0,00 sys=0,00, real=0,00 secs] 
92,500: [GC (Allocation Failure) [PSYoungGen: 50272K->96K(49664K)] 52140K->1964K(224768K), 0,0004021 secs] [Times: user=0,00 sys=0,00, real=0,00 secs] 
92,538: [GC (Allocation Failure) [PSYoungGen: 49248K->64K(48640K)] 51116K->1932K(223744K), 0,0003762 secs] [Times: user=0,00 sys=0,00, real=0,00 secs] 
92,576: [GC (Allocation Failure) [PSYoungGen: 48192K->96K(48128K)] 50060K->1964K(223232K), 0,0003811 secs] [Times: user=0,00 sys=0,00, real=0,00 secs] 
92,613: [GC (Allocation Failure) [PSYoungGen: 47712K->128K(47616K)] 49580K->1996K(222720K), 0,0004598 secs] [Times: user=0,00 sys=0,00, real=0,00 secs] 
92,650: [GC (Allocation Failure) [PSYoungGen: 47232K->96K(47104K)] 49100K->1964K(222208K), 0,0004064 secs] [Times: user=0,00 sys=0,00, real=0,00 secs] 
92,687: [GC (Allocation Failure) [PSYoungGen: 46688K->96K(46592K)] 48556K->1964K(221696K), 0,0003563 secs] [Times: user=0,00 sys=0,00, real=0,00 secs] 
92,723: [GC (Allocation Failure) [PSYoungGen: 46176K->96K(46080K)] 48044K->1964K(221184K), 0,0003933 secs] [Times: user=0,00 sys=0,00, real=0,00 secs] 
92,759: [GC (Allocation Failure) [PSYoungGen: 45664K->96K(45568K)] 47532K->1964K(220672K), 0,0003720 secs] [Times: user=0,00 sys=0,00, real=0,00 secs] 
92,795: [GC (Allocation Failure) [PSYoungGen: 45152K->96K(54784K)] 47020K->1964K(229888K), 0,0005651 secs] [Times: user=0,00 sys=0,00, real=0,00 secs] 
92,838: [GC (Allocation Failure) [PSYoungGen: 54368K->64K(66048K)] 56236K->1932K(241152K), 0,0004429 secs] [Times: user=0,00 sys=0,00, real=0,00 secs] 
92,889: [GC (Allocation Failure) [PSYoungGen: 65600K->96K(64512K)] 67468K->1964K(239616K), 0,0003739 secs] [Times: user=0,00 sys=0,00, real=0,00 secs] 
92,939: [GC (Allocation Failure) [PSYoungGen: 64096K->96K(62976K)] 65964K->1964K(238080K), 0,0003958 secs] [Times: user=0,00 sys=0,00, real=0,00 secs] 
92,988: [GC (Allocation Failure) [PSYoungGen: 62560K->96K(61952K)] 64428K->1964K(237056K), 0,0004829 secs] [Times: user=0,00 sys=0,00, real=0,00 secs] 
93,036: [GC (Allocation Failure) [PSYoungGen: 61536K->96K(60928K)] 63404K->1964K(236032K), 0,0004753 secs] [Times: user=0,00 sys=0,00, real=0,00 secs] 
93,083: [GC (Allocation Failure) [PSYoungGen: 60512K->96K(59904K)] 62380K->1964K(235008K), 0,0005179 secs] [Times: user=0,00 sys=0,00, real=0,00 secs] 
93,130: [GC (Allocation Failure) [PSYoungGen: 59488K->96K(58880K)] 61356K->1964K(233984K), 0,0004666 secs] [Times: user=0,00 sys=0,00, real=0,00 secs] 
93,176: [GC (Allocation Failure) [PSYoungGen: 58464K->96K(57856K)] 60332K->1964K(232960K), 0,0005172 secs] [Times: user=0,00 sys=0,00, real=0,00 secs] 
93,221: [GC (Allocation Failure) [PSYoungGen: 57440K->64K(56832K)] 59308K->1932K(231936K), 0,0004922 secs] [Times: user=0,00 sys=0,00, real=0,00 secs] 
93,265: [GC (Allocation Failure) [PSYoungGen: 56384K->64K(55808K)] 58252K->1932K(230912K), 0,0004650 secs] [Times: user=0,00 sys=0,00, real=0,00 secs] 
93,309: [GC (Allocation Failure) [PSYoungGen: 55360K->96K(54784K)] 57228K->1964K(229888K), 0,0004921 secs] [Times: user=0,00 sys=0,00, real=0,00 secs] 
93,352: [GC (Allocation Failure) [PSYoungGen: 54368K->64K(53760K)] 56236K->1932K(228864K), 0,0004567 secs] [Times: user=0,00 sys=0,00, real=0,00 secs] 
93,394: [GC (Allocation Failure) [PSYoungGen: 53312K->96K(52736K)] 55180K->1964K(227840K), 0,0003866 secs] [Times: user=0,00 sys=0,00, real=0,00 secs] 
93,435: [GC (Allocation Failure) [PSYoungGen: 52320K->96K(51712K)] 54188K->1964K(226816K), 0,0004093 secs] [Times: user=0,00 sys=0,00, real=0,00 secs] 
93,475: [GC (Allocation Failure) [PSYoungGen: 51296K->96K(50688K)] 53164K->1964K(225792K), 0,0003649 secs] [Times: user=0,00 sys=0,00, real=0,00 secs] 
93,514: [GC (Allocation Failure) [PSYoungGen: 50272K->64K(49664K)] 52140K->1932K(224768K), 0,0003583 secs] [Times: user=0,00 sys=0,00, real=0,00 secs] 
93,553: [GC (Allocation Failure) [PSYoungGen: 49216K->96K(48640K)] 51084K->1964K(223744K), 0,0003986 secs] [Times: user=0,00 sys=0,00, real=0,00 secs] 
93,590: [GC (Allocation Failure) [PSYoungGen: 48224K->96K(48128K)] 50092K->1964K(223232K), 0,0003765 secs] [Times: user=0,00 sys=0,00, real=0,00 secs] 
93,628: [GC (Allocation Failure) [PSYoungGen: 47712K->128K(47616K)] 49580K->1996K(222720K), 0,0003732 secs] [Times: user=0,00 sys=0,00, real=0,00 secs] 
93,665: [GC (Allocation Failure) [PSYoungGen: 47232K->96K(47104K)] 49100K->1964K(222208K), 0,0003922 secs] [Times: user=0,00 sys=0,00, real=0,00 secs] 
93,702: [GC (Allocation Failure) [PSYoungGen: 46688K->96K(56832K)] 48556K->1964K(231936K), 0,0005523 secs] [Times: user=0,00 sys=0,00, real=0,00 secs] 
93,746: [GC (Allocation Failure) [PSYoungGen: 56416K->96K(68096K)] 58284K->1964K(243200K), 0,0004589 secs] [Times: user=0,00 sys=0,00, real=0,00 secs] 
93,799: [GC (Allocation Failure) [PSYoungGen: 67680K->96K(66560K)] 69548K->1964K(241664K), 0,0004503 secs] [Times: user=0,00 sys=0,00, real=0,00 secs] 
93,850: [GC (Allocation Failure) [PSYoungGen: 66144K->96K(65024K)] 68012K->1964K(240128K), 0,0004659 secs] [Times: user=0,00 sys=0,00, real=0,00 secs] 
93,901: [GC (Allocation Failure) [PSYoungGen: 64608K->96K(63488K)] 66476K->1964K(238592K), 0,0004911 secs] [Times: user=0,00 sys=0,00, real=0,00 secs] 
93,950: [GC (Allocation Failure) [PSYoungGen: 63072K->96K(61952K)] 64940K->1964K(237056K), 0,0004658 secs] [Times: user=0,00 sys=0,00, real=0,00 secs] 
93,998: [GC (Allocation Failure) [PSYoungGen: 61536K->96K(60928K)] 63404K->1964K(236032K), 0,0004768 secs] [Times: user=0,01 sys=0,00, real=0,00 secs] 
94,045: [GC (Allocation Failure) [PSYoungGen: 60512K->64K(59904K)] 62380K->1932K(235008K), 0,0004614 secs] [Times: user=0,00 sys=0,00, real=0,00 secs] 
94,092: [GC (Allocation Failure) [PSYoungGen: 59456K->96K(58880K)] 61324K->1964K(233984K), 0,0004957 secs] [Times: user=0,00 sys=0,00, real=0,00 secs] 
94,138: [GC (Allocation Failure) [PSYoungGen: 58464K->96K(57856K)] 60332K->1964K(232960K), 0,0005958 secs] [Times: user=0,00 sys=0,00, real=0,00 secs] 
94,183: [GC (Allocation Failure) [PSYoungGen: 57440K->96K(56832K)] 59308K->1964K(231936K), 0,0005003 secs] [Times: user=0,00 sys=0,00, real=0,00 secs] 
94,228: [GC (Allocation Failure) [PSYoungGen: 56416K->64K(55808K)] 58284K->1932K(230912K), 0,0004624 secs] [Times: user=0,00 sys=0,00, real=0,00 secs] 
94,271: [GC (Allocation Failure) [PSYoungGen: 55360K->96K(54784K)] 57228K->1964K(229888K), 0,0003866 secs] [Times: user=0,00 sys=0,00, real=0,00 secs] 
94,314: [GC (Allocation Failure) [PSYoungGen: 54368K->32K(53760K)] 56236K->1900K(228864K), 0,0004395 secs] [Times: user=0,00 sys=0,00, real=0,00 secs] 
94,355: [GC (Allocation Failure) [PSYoungGen: 53280K->96K(52736K)] 55148K->1964K(227840K), 0,0003800 secs] [Times: user=0,01 sys=0,00, real=0,00 secs] 
94,396: [GC (Allocation Failure) [PSYoungGen: 52320K->96K(51712K)] 54188K->1964K(226816K), 0,0003779 secs] [Times: user=0,00 sys=0,00, real=0,00 secs] 
94,437: [GC (Allocation Failure) [PSYoungGen: 51296K->96K(50688K)] 53164K->1964K(225792K), 0,0003921 secs] [Times: user=0,00 sys=0,00, real=0,00 secs] 
94,477: [GC (Allocation Failure) [PSYoungGen: 50272K->64K(49664K)] 52140K->1932K(224768K), 0,0004881 secs] [Times: user=0,00 sys=0,00, real=0,00 secs] 
94,515: [GC (Allocation Failure) [PSYoungGen: 49216K->96K(48640K)] 51084K->1964K(223744K), 0,0003815 secs] [Times: user=0,00 sys=0,00, real=0,00 secs] 
94,553: [GC (Allocation Failure) [PSYoungGen: 48224K->128K(48128K)] 50092K->1996K(223232K), 0,0003700 secs] [Times: user=0,00 sys=0,00, real=0,00 secs] 
94,590: [GC (Allocation Failure) [PSYoungGen: 47744K->32K(57856K)] 49612K->1900K(232960K), 0,0007080 secs] [Times: user=0,00 sys=0,00, real=0,00 secs] 
94,636: [GC (Allocation Failure) [PSYoungGen: 57376K->96K(69632K)] 59244K->1964K(244736K), 0,0003868 secs] [Times: user=0,00 sys=0,00, real=0,00 secs] 
94,690: [GC (Allocation Failure) [PSYoungGen: 69216K->96K(68096K)] 71084K->1964K(243200K), 0,0004724 secs] [Times: user=0,00 sys=0,01, real=0,00 secs] 
94,742: [GC (Allocation Failure) [PSYoungGen: 67680K->96K(66560K)] 69548K->1964K(241664K), 0,0004770 secs] [Times: user=0,01 sys=0,00, real=0,00 secs] 
94,794: [GC (Allocation Failure) [PSYoungGen: 66144K->96K(65024K)] 68012K->1964K(240128K), 0,0004768 secs] [Times: user=0,00 sys=0,00, real=0,00 secs] 
94,845: [GC (Allocation Failure) [PSYoungGen: 64608K->96K(63488K)] 66476K->1964K(238592K), 0,0004682 secs] [Times: user=0,00 sys=0,00, real=0,00 secs] 
94,894: [GC (Allocation Failure) [PSYoungGen: 63072K->96K(61952K)] 64940K->1964K(237056K), 0,0004603 secs] [Times: user=0,00 sys=0,00, real=0,00 secs] 
94,943: [GC (Allocation Failure) [PSYoungGen: 61536K->64K(60928K)] 63404K->1932K(236032K), 0,0004728 secs] [Times: user=0,00 sys=0,00, real=0,00 secs] 
94,990: [GC (Allocation Failure) [PSYoungGen: 60480K->96K(59904K)] 62348K->1964K(235008K), 0,0004806 secs] [Times: user=0,00 sys=0,00, real=0,00 secs] 
95,036: [GC (Allocation Failure) [PSYoungGen: 59488K->96K(58880K)] 61356K->1964K(233984K), 0,0004589 secs] [Times: user=0,00 sys=0,00, real=0,00 secs] 
95,082: [GC (Allocation Failure) [PSYoungGen: 58463K->96K(57856K)] 60332K->1964K(232960K), 0,0003745 secs] [Times: user=0,00 sys=0,00, real=0,00 secs] 
95,127: [GC (Allocation Failure) [PSYoungGen: 57440K->96K(56832K)] 59308K->1964K(231936K), 0,0003737 secs] [Times: user=0,00 sys=0,00, real=0,01 secs] 
95,172: [GC (Allocation Failure) [PSYoungGen: 56416K->96K(55808K)] 58284K->1964K(230912K), 0,0004692 secs] [Times: user=0,00 sys=0,00, real=0,00 secs] 
95,215: [GC (Allocation Failure) [PSYoungGen: 55392K->64K(54784K)] 57260K->1932K(229888K), 0,0004969 secs] [Times: user=0,00 sys=0,00, real=0,00 secs] 
95,257: [GC (Allocation Failure) [PSYoungGen: 54336K->96K(53760K)] 56204K->1964K(228864K), 0,0003904 secs] [Times: user=0,00 sys=0,00, real=0,01 secs] 
95,299: [GC (Allocation Failure) [PSYoungGen: 53344K->96K(52736K)] 55212K->1964K(227840K), 0,0003861 secs] [Times: user=0,00 sys=0,00, real=0,00 secs] 
95,340: [GC (Allocation Failure) [PSYoungGen: 52320K->128K(51712K)] 54188K->1996K(226816K), 0,0003910 secs] [Times: user=0,00 sys=0,00, real=0,00 secs] 
95,380: [GC (Allocation Failure) [PSYoungGen: 51328K->96K(50688K)] 53196K->1964K(225792K), 0,0003916 secs] [Times: user=0,00 sys=0,00, real=0,00 secs] 
95,420: [GC (Allocation Failure) [PSYoungGen: 50272K->96K(49664K)] 52140K->1964K(224768K), 0,0003858 secs] [Times: user=0,00 sys=0,00, real=0,00 secs] 
95,459: [GC (Allocation Failure) [PSYoungGen: 49248K->96K(48640K)] 51116K->1964K(223744K), 0,0003879 secs] [Times: user=0,00 sys=0,00, real=0,00 secs] 
95,497: [GC (Allocation Failure) [PSYoungGen: 48224K->96K(48128K)] 50092K->1964K(223232K), 0,0003933 secs] [Times: user=0,00 sys=0,00, real=0,00 secs] 
95,534: [GC (Allocation Failure) [PSYoungGen: 47712K->64K(47616K)] 49580K->1932K(222720K), 0,0004211 secs] [Times: user=0,00 sys=0,00, real=0,00 secs] 
95,571: [GC (Allocation Failure) [PSYoungGen: 47168K->64K(47104K)] 49036K->1932K(222208K), 0,0003643 secs] [Times: user=0,00 sys=0,00, real=0,00 secs] 
95,607: [GC (Allocation Failure) [PSYoungGen: 46656K->96K(46592K)] 48524K->1964K(221696K), 0,0003680 secs] [Times: user=0,00 sys=0,00, real=0,01 secs] 
95,644: [GC (Allocation Failure) [PSYoungGen: 46176K->96K(46080K)] 48044K->1964K(221184K), 0,0003856 secs] [Times: user=0,00 sys=0,00, real=0,00 secs] 
95,680: [GC (Allocation Failure) [PSYoungGen: 45664K->96K(45568K)] 47532K->1964K(220672K), 0,0003757 secs] [Times: user=0,00 sys=0,00, real=0,00 secs] 
95,715: [GC (Allocation Failure) [PSYoungGen: 45152K->96K(45056K)] 47020K->1964K(220160K), 0,0003915 secs] [Times: user=0,00 sys=0,00, real=0,00 secs] 
95,750: [GC (Allocation Failure) [PSYoungGen: 44640K->96K(44544K)] 46508K->1964K(219648K), 0,0003714 secs] [Times: user=0,00 sys=0,00, real=0,00 secs] 
95,785: [GC (Allocation Failure) [PSYoungGen: 44128K->64K(44032K)] 45996K->1932K(219136K), 0,0003769 secs] [Times: user=0,00 sys=0,00, real=0,00 secs] 
95,819: [GC (Allocation Failure) [PSYoungGen: 43584K->96K(43520K)] 45452K->1964K(218624K), 0,0003717 secs] [Times: user=0,00 sys=0,00, real=0,00 secs] 
95,853: [GC (Allocation Failure) [PSYoungGen: 43104K->96K(43008K)] 44972K->1964K(218112K), 0,0003766 secs] [Times: user=0,00 sys=0,00, real=0,00 secs] 
95,886: [GC (Allocation Failure) [PSYoungGen: 42592K->96K(42496K)] 44460K->1964K(217600K), 0,0003611 secs] [Times: user=0,00 sys=0,00, real=0,00 secs] 
95,922: [GC (Allocation Failure) [PSYoungGen: 42080K->64K(51200K)] 43948K->1932K(226304K), 0,0004616 secs] [Times: user=0,00 sys=0,00, real=0,00 secs] 
95,962: [GC (Allocation Failure) [PSYoungGen: 50752K->128K(50176K)] 52620K->1996K(225280K), 0,0003889 secs] [Times: user=0,00 sys=0,00, real=0,00 secs] 
96,001: [GC (Allocation Failure) [PSYoungGen: 49792K->96K(49152K)] 51660K->1964K(224256K), 0,0003705 secs] [Times: user=0,00 sys=0,00, real=0,00 secs] 
96,039: [GC (Allocation Failure) [PSYoungGen: 48736K->96K(48128K)] 50604K->1964K(223232K), 0,0004114 secs] [Times: user=0,00 sys=0,00, real=0,00 secs] 
96,077: [GC (Allocation Failure) [PSYoungGen: 47712K->96K(47616K)] 49580K->1964K(222720K), 0,0003844 secs] [Times: user=0,00 sys=0,00, real=0,00 secs] 
96,114: [GC (Allocation Failure) [PSYoungGen: 47200K->96K(47104K)] 49068K->1964K(222208K), 0,0004047 secs] [Times: user=0,00 sys=0,00, real=0,00 secs] 
96,151: [GC (Allocation Failure) [PSYoungGen: 46688K->32K(46592K)] 48556K->1900K(221696K), 0,0004171 secs] [Times: user=0,00 sys=0,00, real=0,00 secs] 
96,187: [GC (Allocation Failure) [PSYoungGen: 46112K->96K(55808K)] 47980K->1964K(230912K), 0,0005166 secs] [Times: user=0,00 sys=0,00, real=0,01 secs] 
96,231: [GC (Allocation Failure) [PSYoungGen: 55392K->64K(67072K)] 57260K->1932K(242176K), 0,0004464 secs] [Times: user=0,00 sys=0,00, real=0,00 secs] 
96,283: [GC (Allocation Failure) [PSYoungGen: 66624K->64K(65536K)] 68492K->1940K(240640K), 0,0004918 secs] [Times: user=0,00 sys=0,00, real=0,00 secs] 
96,334: [GC (Allocation Failure) [PSYoungGen: 65088K->96K(64000K)] 66964K->1972K(239104K), 0,0004674 secs] [Times: user=0,00 sys=0,00, real=0,00 secs] 
96,384: [GC (Allocation Failure) [PSYoungGen: 63584K->96K(62464K)] 65460K->1972K(237568K), 0,0004660 secs] [Times: user=0,00 sys=0,00, real=0,00 secs] 
96,432: [GC (Allocation Failure) [PSYoungGen: 62048K->96K(61440K)] 63924K->1972K(236544K), 0,0004740 secs] [Times: user=0,00 sys=0,00, real=0,00 secs] 
96,480: [GC (Allocation Failure) [PSYoungGen: 61024K->64K(60416K)] 62900K->1940K(235520K), 0,0004873 secs] [Times: user=0,00 sys=0,00, real=0,00 secs] 
96,528: [GC (Allocation Failure) [PSYoungGen: 59968K->96K(59392K)] 61844K->1972K(234496K), 0,0004854 secs] [Times: user=0,00 sys=0,00, real=0,00 secs] 
96,574: [GC (Allocation Failure) [PSYoungGen: 58976K->96K(58368K)] 60852K->1972K(233472K), 0,0004612 secs] [Times: user=0,00 sys=0,00, real=0,00 secs] 
96,619: [GC (Allocation Failure) [PSYoungGen: 57952K->32K(57344K)] 59828K->1908K(232448K), 0,0004599 secs] [Times: user=0,00 sys=0,00, real=0,00 secs] 
96,664: [GC (Allocation Failure) [PSYoungGen: 56863K->96K(56320K)] 58740K->1972K(231424K), 0,0003979 secs] [Times: user=0,00 sys=0,00, real=0,00 secs] 
96,708: [GC (Allocation Failure) [PSYoungGen: 55904K->96K(55296K)] 57780K->1972K(230400K), 0,0004930 secs] [Times: user=0,00 sys=0,00, real=0,00 secs] 
96,751: [GC (Allocation Failure) [PSYoungGen: 54880K->96K(54272K)] 56756K->1972K(229376K), 0,0004848 secs] [Times: user=0,00 sys=0,00, real=0,00 secs] 
96,793: [GC (Allocation Failure) [PSYoungGen: 53856K->96K(53248K)] 55732K->1972K(228352K), 0,0003741 secs] [Times: user=0,00 sys=0,00, real=0,00 secs] 
96,834: [GC (Allocation Failure) [PSYoungGen: 52832K->96K(52224K)] 54708K->1972K(227328K), 0,0004677 secs] [Times: user=0,00 sys=0,00, real=0,00 secs] 
96,875: [GC (Allocation Failure) [PSYoungGen: 51808K->96K(51200K)] 53684K->1972K(226304K), 0,0003700 secs] [Times: user=0,00 sys=0,00, real=0,00 secs] 
96,915: [GC (Allocation Failure) [PSYoungGen: 50784K->128K(50176K)] 52660K->2004K(225280K), 0,0003596 secs] [Times: user=0,00 sys=0,00, real=0,00 secs] 
96,954: [GC (Allocation Failure) [PSYoungGen: 49792K->64K(49152K)] 51668K->1940K(224256K), 0,0003713 secs] [Times: user=0,00 sys=0,00, real=0,00 secs] 
96,992: [GC (Allocation Failure) [PSYoungGen: 48704K->96K(48128K)] 50580K->1972K(223232K), 0,0004508 secs] [Times: user=0,00 sys=0,00, real=0,00 secs] 
97,030: [GC (Allocation Failure) [PSYoungGen: 47712K->96K(47616K)] 49588K->1972K(222720K), 0,0003718 secs] [Times: user=0,00 sys=0,00, real=0,00 secs] 
97,067: [GC (Allocation Failure) [PSYoungGen: 47200K->32K(57344K)] 49076K->1908K(232448K), 0,0005429 secs] [Times: user=0,01 sys=0,00, real=0,00 secs] 
97,111: [GC (Allocation Failure) [PSYoungGen: 56864K->96K(56320K)] 58740K->1972K(231424K), 0,0003812 secs] [Times: user=0,00 sys=0,00, real=0,00 secs] 
97,155: [GC (Allocation Failure) [PSYoungGen: 55904K->64K(55296K)] 57780K->1940K(230400K), 0,0004665 secs] [Times: user=0,00 sys=0,00, real=0,00 secs] 
97,198: [GC (Allocation Failure) [PSYoungGen: 54848K->96K(54272K)] 56724K->1972K(229376K), 0,0004775 secs] [Times: user=0,00 sys=0,00, real=0,00 secs] 
97,241: [GC (Allocation Failure) [PSYoungGen: 53856K->96K(53248K)] 55732K->1972K(228352K), 0,0003845 secs] [Times: user=0,00 sys=0,00, real=0,00 secs] 
97,282: [GC (Allocation Failure) [PSYoungGen: 52832K->64K(52224K)] 54708K->1940K(227328K), 0,0004905 secs] [Times: user=0,00 sys=0,00, real=0,00 secs] 
97,323: [GC (Allocation Failure) [PSYoungGen: 51776K->64K(62976K)] 53652K->1940K(238080K), 0,0009683 secs] [Times: user=0,00 sys=0,00, real=0,00 secs] 
97,373: [GC (Allocation Failure) [PSYoungGen: 62528K->96K(75776K)] 64404K->1972K(250880K), 0,0012419 secs] [Times: user=0,00 sys=0,00, real=0,00 secs] 
97,434: [GC (Allocation Failure) [PSYoungGen: 75360K->96K(91136K)] 77236K->1972K(266240K), 0,0005057 secs] [Times: user=0,00 sys=0,00, real=0,00 secs] 
97,505: [GC (Allocation Failure) [PSYoungGen: 90720K->96K(88576K)] 92596K->1972K(263680K), 0,0005037 secs] [Times: user=0,01 sys=0,00, real=0,00 secs] 
97,576: [GC (Allocation Failure) [PSYoungGen: 88160K->96K(86528K)] 90036K->1972K(261632K), 0,0005152 secs] [Times: user=0,00 sys=0,00, real=0,00 secs] 
97,643: [GC (Allocation Failure) [PSYoungGen: 86112K->64K(84480K)] 87988K->1940K(259584K), 0,0005268 secs] [Times: user=0,00 sys=0,00, real=0,00 secs] 
97,709: [GC (Allocation Failure) [PSYoungGen: 84032K->96K(82432K)] 85908K->1972K(257536K), 0,0005148 secs] [Times: user=0,00 sys=0,00, real=0,00 secs] 
97,773: [GC (Allocation Failure) [PSYoungGen: 82016K->96K(80384K)] 83892K->1972K(255488K), 0,0005022 secs] [Times: user=0,00 sys=0,00, real=0,00 secs] 
97,835: [GC (Allocation Failure) [PSYoungGen: 79968K->96K(78336K)] 81844K->1972K(253440K), 0,0004880 secs] [Times: user=0,00 sys=0,00, real=0,00 secs] 
97,896: [GC (Allocation Failure) [PSYoungGen: 77920K->64K(76288K)] 79796K->1940K(251392K), 0,0005073 secs] [Times: user=0,00 sys=0,00, real=0,00 secs] 
97,956: [GC (Allocation Failure) [PSYoungGen: 75840K->96K(74752K)] 77716K->1972K(249856K), 0,0005033 secs] [Times: user=0,00 sys=0,00, real=0,00 secs] 
98,014: [GC (Allocation Failure) [PSYoungGen: 74336K->96K(73216K)] 76212K->1972K(248320K), 0,0004811 secs] [Times: user=0,00 sys=0,00, real=0,00 secs] 
98,071: [GC (Allocation Failure) [PSYoungGen: 72800K->96K(71680K)] 74676K->1972K(246784K), 0,0005245 secs] [Times: user=0,01 sys=0,00, real=0,00 secs] 
98,127: [GC (Allocation Failure) [PSYoungGen: 71264K->96K(70144K)] 73140K->1972K(245248K), 0,0004741 secs] [Times: user=0,00 sys=0,00, real=0,00 secs] 
98,181: [GC (Allocation Failure) [PSYoungGen: 69728K->96K(68608K)] 71604K->1972K(243712K), 0,0005121 secs] [Times: user=0,00 sys=0,00, real=0,00 secs] 
98,235: [GC (Allocation Failure) [PSYoungGen: 68192K->64K(67072K)] 70068K->1940K(242176K), 0,0005061 secs] [Times: user=0,00 sys=0,00, real=0,00 secs] 
98,287: [GC (Allocation Failure) [PSYoungGen: 66624K->96K(65536K)] 68500K->1972K(240640K), 0,0004996 secs] [Times: user=0,00 sys=0,00, real=0,01 secs] 
98,338: [GC (Allocation Failure) [PSYoungGen: 65120K->96K(64000K)] 66996K->1972K(239104K), 0,0004868 secs] [Times: user=0,00 sys=0,00, real=0,00 secs] 
98,388: [GC (Allocation Failure) [PSYoungGen: 63584K->96K(62464K)] 65460K->1972K(237568K), 0,0004688 secs] [Times: user=0,00 sys=0,00, real=0,00 secs] 
98,436: [GC (Allocation Failure) [PSYoungGen: 62048K->32K(61440K)] 63924K->1908K(236544K), 0,0006242 secs] [Times: user=0,00 sys=0,00, real=0,00 secs] 
98,484: [GC (Allocation Failure) [PSYoungGen: 60960K->96K(60416K)] 62836K->1972K(235520K), 0,0005261 secs] [Times: user=0,00 sys=0,00, real=0,00 secs] 
98,531: [GC (Allocation Failure) [PSYoungGen: 60000K->96K(59392K)] 61876K->1972K(234496K), 0,0004902 secs] [Times: user=0,00 sys=0,00, real=0,00 secs] 
98,578: [GC (Allocation Failure) [PSYoungGen: 58976K->32K(58368K)] 60852K->1908K(233472K), 0,0005581 secs] [Times: user=0,01 sys=0,00, real=0,00 secs] 
98,623: [GC (Allocation Failure) [PSYoungGen: 57888K->96K(57344K)] 59764K->1972K(232448K), 0,0004778 secs] [Times: user=0,00 sys=0,00, real=0,00 secs] 
98,668: [GC (Allocation Failure) [PSYoungGen: 56928K->96K(56320K)] 58804K->1972K(231424K), 0,0004271 secs] [Times: user=0,01 sys=0,00, real=0,00 secs] 
98,712: [GC (Allocation Failure) [PSYoungGen: 55904K->96K(55296K)] 57780K->1972K(230400K), 0,0004975 secs] [Times: user=0,00 sys=0,00, real=0,00 secs] 
98,755: [GC (Allocation Failure) [PSYoungGen: 54880K->96K(54272K)] 56756K->1972K(229376K), 0,0003848 secs] [Times: user=0,00 sys=0,00, real=0,00 secs] 
98,797: [GC (Allocation Failure) [PSYoungGen: 53856K->96K(53248K)] 55732K->1972K(228352K), 0,0004878 secs] [Times: user=0,00 sys=0,00, real=0,01 secs] 
98,838: [GC (Allocation Failure) [PSYoungGen: 52832K->96K(52224K)] 54708K->1972K(227328K), 0,0003846 secs] [Times: user=0,00 sys=0,00, real=0,00 secs] 
98,879: [GC (Allocation Failure) [PSYoungGen: 51808K->96K(51200K)] 53684K->1972K(226304K), 0,0003768 secs] [Times: user=0,00 sys=0,00, real=0,00 secs] 
98,919: [GC (Allocation Failure) [PSYoungGen: 50784K->96K(50176K)] 52660K->1972K(225280K), 0,0003726 secs] [Times: user=0,00 sys=0,00, real=0,00 secs] 
98,958: [GC (Allocation Failure) [PSYoungGen: 49760K->96K(49152K)] 51636K->1972K(224256K), 0,0003831 secs] [Times: user=0,00 sys=0,00, real=0,00 secs] 
98,996: [GC (Allocation Failure) [PSYoungGen: 48736K->96K(48128K)] 50612K->1972K(223232K), 0,0003934 secs] [Times: user=0,00 sys=0,00, real=0,00 secs] 
99,034: [GC (Allocation Failure) [PSYoungGen: 47712K->96K(47616K)] 49588K->1972K(222720K), 0,0003841 secs] [Times: user=0,00 sys=0,00, real=0,00 secs] 
99,071: [GC (Allocation Failure) [PSYoungGen: 47200K->32K(47104K)] 49076K->1908K(222208K), 0,0004979 secs] [Times: user=0,00 sys=0,00, real=0,00 secs] 
99,108: [GC (Allocation Failure) [PSYoungGen: 46624K->96K(46592K)] 48500K->1972K(221696K), 0,0003590 secs] [Times: user=0,00 sys=0,00, real=0,00 secs] 
99,144: [GC (Allocation Failure) [PSYoungGen: 46176K->96K(46080K)] 48052K->1972K(221184K), 0,0003833 secs] [Times: user=0,00 sys=0,00, real=0,00 secs] 
99,180: [GC (Allocation Failure) [PSYoungGen: 45664K->96K(45568K)] 47540K->1972K(220672K), 0,0003831 secs] [Times: user=0,00 sys=0,00, real=0,00 secs] 
99,215: [GC (Allocation Failure) [PSYoungGen: 45152K->64K(54784K)] 47028K->1940K(229888K), 0,0005158 secs] [Times: user=0,00 sys=0,00, real=0,00 secs] 
99,258: [GC (Allocation Failure) [PSYoungGen: 54336K->64K(53760K)] 56212K->1940K(228864K), 0,0003777 secs] [Times: user=0,00 sys=0,00, real=0,00 secs] 
99,300: [GC (Allocation Failure) [PSYoungGen: 53312K->96K(52736K)] 55188K->1972K(227840K), 0,0003948 secs] [Times: user=0,00 sys=0,00, real=0,00 secs] 
99,341: [GC (Allocation Failure) [PSYoungGen: 52320K->96K(51712K)] 54196K->1972K(226816K), 0,0003874 secs] [Times: user=0,00 sys=0,00, real=0,00 secs] 
99,381: [GC (Allocation Failure) [PSYoungGen: 51296K->128K(50688K)] 53172K->2004K(225792K), 0,0003731 secs] [Times: user=0,00 sys=0,00, real=0,00 secs] 
99,421: [GC (Allocation Failure) [PSYoungGen: 50304K->96K(49664K)] 52180K->1972K(224768K), 0,0003882 secs] [Times: user=0,00 sys=0,00, real=0,00 secs] 
99,459: [GC (Allocation Failure) [PSYoungGen: 49248K->64K(48640K)] 51124K->1940K(223744K), 0,0003692 secs] [Times: user=0,00 sys=0,00, real=0,00 secs] 
99,497: [GC (Allocation Failure) [PSYoungGen: 48192K->96K(48128K)] 50068K->1972K(223232K), 0,0003719 secs] [Times: user=0,00 sys=0,00, real=0,01 secs] 
99,535: [GC (Allocation Failure) [PSYoungGen: 47712K->96K(47616K)] 49588K->1972K(222720K), 0,0003764 secs] [Times: user=0,00 sys=0,00, real=0,00 secs] 
99,572: [GC (Allocation Failure) [PSYoungGen: 47200K->96K(47104K)] 49076K->1972K(222208K), 0,0003708 secs] [Times: user=0,00 sys=0,00, real=0,00 secs] 
99,608: [GC (Allocation Failure) [PSYoungGen: 46688K->96K(46592K)] 48564K->1972K(221696K), 0,0003729 secs] [Times: user=0,00 sys=0,00, real=0,00 secs] 
99,644: [GC (Allocation Failure) [PSYoungGen: 46176K->96K(46080K)] 48052K->1972K(221184K), 0,0003784 secs] [Times: user=0,00 sys=0,00, real=0,00 secs] 
99,680: [GC (Allocation Failure) [PSYoungGen: 45664K->96K(45568K)] 47540K->1972K(220672K), 0,0003949 secs] [Times: user=0,00 sys=0,00, real=0,00 secs] 
99,715: [GC (Allocation Failure) [PSYoungGen: 45152K->96K(45056K)] 47028K->1972K(220160K), 0,0004009 secs] [Times: user=0,00 sys=0,00, real=0,00 secs] 
99,750: [GC (Allocation Failure) [PSYoungGen: 44640K->96K(44544K)] 46516K->1972K(219648K), 0,0003786 secs] [Times: user=0,00 sys=0,00, real=0,00 secs] 
99,785: [GC (Allocation Failure) [PSYoungGen: 44128K->96K(53760K)] 46004K->1972K(228864K), 0,0004573 secs] [Times: user=0,00 sys=0,00, real=0,00 secs] 
99,826: [GC (Allocation Failure) [PSYoungGen: 53344K->96K(52736K)] 55220K->1972K(227840K), 0,0003857 secs] [Times: user=0,00 sys=0,00, real=0,00 secs] 
99,867: [GC (Allocation Failure) [PSYoungGen: 52320K->64K(63488K)] 54196K->1940K(238592K), 0,0004860 secs] [Times: user=0,00 sys=0,01, real=0,01 secs] 
99,917: [GC (Allocation Failure) [PSYoungGen: 63040K->96K(61952K)] 64916K->1972K(237056K), 0,0004072 secs] [Times: user=0,00 sys=0,00, real=0,00 secs] 
99,965: [GC (Allocation Failure) [PSYoungGen: 61536K->96K(60928K)] 63412K->1972K(236032K), 0,0005082 secs] [Times: user=0,00 sys=0,00, real=0,00 secs] 
100,012: [GC (Allocation Failure) [PSYoungGen: 60512K->96K(59904K)] 62388K->1972K(235008K), 0,0004802 secs] [Times: user=0,00 sys=0,00, real=0,00 secs] 
100,059: [GC (Allocation Failure) [PSYoungGen: 59488K->96K(58880K)] 61364K->1972K(233984K), 0,0004767 secs] [Times: user=0,01 sys=0,00, real=0,00 secs] 
100,105: [GC (Allocation Failure) [PSYoungGen: 58464K->96K(57856K)] 60340K->1972K(232960K), 0,0004733 secs] [Times: user=0,00 sys=0,00, real=0,00 secs] 
100,150: [GC (Allocation Failure) [PSYoungGen: 57440K->64K(56832K)] 59316K->1940K(231936K), 0,0005283 secs] [Times: user=0,00 sys=0,00, real=0,00 secs] 
100,195: [GC (Allocation Failure) [PSYoungGen: 56384K->64K(68096K)] 58260K->1940K(243200K), 0,0005482 secs] [Times: user=0,00 sys=0,00, real=0,00 secs] 
100,248: [GC (Allocation Failure) [PSYoungGen: 67648K->96K(66560K)] 69524K->1972K(241664K), 0,0004794 secs] [Times: user=0,01 sys=0,00, real=0,00 secs] 
Heap
 PSYoungGen      total 66560K, used 60060K [0x000000076ab00000, 0x0000000789100000, 0x00000007c0000000)
  eden space 66048K, 90% used [0x000000076ab00000,0x000000076e58f130,0x000000076eb80000)
  from space 512K, 18% used [0x0000000789000000,0x0000000789018000,0x0000000789080000)
  to   space 512K, 0% used [0x0000000789080000,0x0000000789080000,0x0000000789100000)
 ParOldGen       total 175104K, used 1876K [0x00000006c0000000, 0x00000006cab00000, 0x000000076ab00000)
  object space 175104K, 1% used [0x00000006c0000000,0x00000006c01d50b0,0x00000006cab00000)
 Metaspace       used 8646K, capacity 8938K, committed 9088K, reserved 1056768K
  class space    used 958K, capacity 1045K, committed 1152K, reserved 1048576K
