OpenJDK 64-Bit Server VM (25.202-b05) for bsd-amd64 JRE (Zulu 8.36.0.1-CA-macosx) (1.8.0_202-b05), built on Jan 29 2019 06:07:09 by "zulu_re" with gcc 4.2.1 (Based on Apple Inc. build 5658) (LLVM build 2336.11.00)
Memory: 4k page, physical 16777216k(98724k free)

/proc/meminfo:

CommandLine flags: -XX:InitialHeapSize=268435456 -XX:MaxHeapSize=4294967296 -XX:+PrintGC -XX:+PrintGCDetails -XX:+PrintGCTimeStamps -XX:+UseCompressedClassPointers -XX:+UseCompressedOops -XX:+UseParallelGC 
Heap
 PSYoungGen      total 76288K, used 35678K [0x000000076ab00000, 0x0000000770000000, 0x00000007c0000000)
  eden space 65536K, 54% used [0x000000076ab00000,0x000000076cdd79e8,0x000000076eb00000)
  from space 10752K, 0% used [0x000000076f580000,0x000000076f580000,0x0000000770000000)
  to   space 10752K, 0% used [0x000000076eb00000,0x000000076eb00000,0x000000076f580000)
 ParOldGen       total 175104K, used 0K [0x00000006c0000000, 0x00000006cab00000, 0x000000076ab00000)
  object space 175104K, 0% used [0x00000006c0000000,0x00000006c0000000,0x00000006cab00000)
 Metaspace       used 7660K, capacity 8005K, committed 8192K, reserved 1056768K
  class space    used 852K, capacity 948K, committed 1024K, reserved 1048576K
0,691: [GC (Allocation Failure) [PSYoungGen: 132656K->1600K(141824K)] 132688K->1640K(316928K), 0,0017316 secs] [Times: user=0,01 sys=0,01, real=0,00 secs] 
0,721: [GC (Allocation Failure) [PSYoungGen: 132672K->1568K(266240K)] 132712K->1616K(441344K), 0,0015709 secs] [Times: user=0,00 sys=0,00, real=0,00 secs] 
0,832: [GC (Allocation Failure) [PSYoungGen: 263712K->96K(266240K)] 263760K->1668K(441344K), 0,0022466 secs] [Times: user=0,01 sys=0,00, real=0,00 secs] 
0,892: [GC (Allocation Failure) [PSYoungGen: 262240K->96K(528384K)] 263812K->1684K(703488K), 0,0004972 secs] [Times: user=0,00 sys=0,00, real=0,00 secs] 
1,110: [GC (Allocation Failure) [PSYoungGen: 524384K->64K(528384K)] 525972K->1652K(703488K), 0,0007691 secs] [Times: user=0,00 sys=0,00, real=0,00 secs] 
1,225: [GC (Allocation Failure) [PSYoungGen: 524352K->96K(843264K)] 525940K->1684K(1018368K), 0,0004975 secs] [Times: user=0,00 sys=0,00, real=0,00 secs] 
1,554: [GC (Allocation Failure) [PSYoungGen: 839264K->96K(843264K)] 840852K->1692K(1018368K), 0,0009345 secs] [Times: user=0,00 sys=0,00, real=0,00 secs] 
1,743: [GC (Allocation Failure) [PSYoungGen: 839264K->96K(1347072K)] 840860K->1708K(1522176K), 0,0005187 secs] [Times: user=0,00 sys=0,00, real=0,00 secs] 
2,241: [GC (Allocation Failure) [PSYoungGen: 1343072K->64K(1279488K)] 1344684K->1684K(1454592K), 0,0005648 secs] [Times: user=0,00 sys=0,00, real=0,00 secs] 
2,536: [GC (Allocation Failure) [PSYoungGen: 1279040K->64K(1219072K)] 1280660K->1684K(1394176K), 0,0012974 secs] [Times: user=0,00 sys=0,00, real=0,01 secs] 
2,832: [GC (Allocation Failure) [PSYoungGen: 1218624K->96K(1164800K)] 1220244K->1716K(1339904K), 0,0005409 secs] [Times: user=0,00 sys=0,00, real=0,00 secs] 
3,112: [GC (Allocation Failure) [PSYoungGen: 1161312K->32K(1106944K)] 1162932K->1660K(1282048K), 0,0005744 secs] [Times: user=0,00 sys=0,00, real=0,00 secs] 
3,353: [GC (Allocation Failure) [PSYoungGen: 1106464K->96K(1057792K)] 1108092K->1724K(1232896K), 0,0005760 secs] [Times: user=0,00 sys=0,00, real=0,00 secs] 
3,579: [GC (Allocation Failure) [PSYoungGen: 1054304K->96K(1005568K)] 1055932K->1724K(1180672K), 0,0005964 secs] [Times: user=0,00 sys=0,00, real=0,00 secs] 
3,808: [GC (Allocation Failure) [PSYoungGen: 1005152K->96K(961024K)] 1006780K->1732K(1136128K), 0,0005236 secs] [Times: user=0,00 sys=0,00, real=0,00 secs] 
4,034: [GC (Allocation Failure) [PSYoungGen: 958048K->64K(913920K)] 959684K->1700K(1089024K), 0,0011541 secs] [Times: user=0,00 sys=0,00, real=0,00 secs] 
4,256: [GC (Allocation Failure) [PSYoungGen: 913472K->64K(873984K)] 915108K->1700K(1049088K), 0,0005150 secs] [Times: user=0,00 sys=0,00, real=0,00 secs] 
4,487: [GC (Allocation Failure) [PSYoungGen: 870976K->64K(830976K)] 872612K->1700K(1006080K), 0,0017631 secs] [Times: user=0,00 sys=0,00, real=0,00 secs] 
4,700: [GC (Allocation Failure) [PSYoungGen: 830528K->64K(794624K)] 832164K->1700K(969728K), 0,0005173 secs] [Times: user=0,00 sys=0,00, real=0,00 secs] 
4,889: [GC (Allocation Failure) [PSYoungGen: 792128K->64K(756224K)] 793764K->1700K(931328K), 0,0005806 secs] [Times: user=0,00 sys=0,00, real=0,00 secs] 
5,068: [GC (Allocation Failure) [PSYoungGen: 755776K->96K(723968K)] 757412K->1732K(899072K), 0,0004876 secs] [Times: user=0,00 sys=0,00, real=0,00 secs] 
5,229: [GC (Allocation Failure) [PSYoungGen: 721504K->64K(689152K)] 723140K->1700K(864256K), 0,0005586 secs] [Times: user=0,00 sys=0,00, real=0,00 secs] 
5,402: [GC (Allocation Failure) [PSYoungGen: 688704K->32K(659456K)] 690340K->1668K(834560K), 0,0021335 secs] [Times: user=0,00 sys=0,00, real=0,00 secs] 
5,649: [GC (Allocation Failure) [PSYoungGen: 657440K->32K(628224K)] 659076K->1668K(803328K), 0,0013504 secs] [Times: user=0,00 sys=0,00, real=0,00 secs] 
5,880: [GC (Allocation Failure) [PSYoungGen: 627744K->96K(601600K)] 629380K->1732K(776704K), 0,0005176 secs] [Times: user=0,00 sys=0,00, real=0,00 secs] 
6,112: [GC (Allocation Failure) [PSYoungGen: 599648K->96K(573440K)] 601284K->1732K(748544K), 0,0005591 secs] [Times: user=0,00 sys=0,00, real=0,00 secs] 
6,326: [GC (Allocation Failure) [PSYoungGen: 573024K->96K(548864K)] 574660K->1732K(723968K), 0,0005385 secs] [Times: user=0,00 sys=0,00, real=0,00 secs] 
6,547: [GC (Allocation Failure) [PSYoungGen: 547424K->96K(523776K)] 549060K->1732K(698880K), 0,0005972 secs] [Times: user=0,00 sys=0,00, real=0,01 secs] 
6,748: [GC (Allocation Failure) [PSYoungGen: 523360K->96K(501760K)] 524996K->1732K(676864K), 0,0005332 secs] [Times: user=0,00 sys=0,00, real=0,00 secs] 
6,944: [GC (Allocation Failure) [PSYoungGen: 500320K->96K(478720K)] 501956K->1732K(653824K), 0,0005648 secs] [Times: user=0,00 sys=0,00, real=0,00 secs] 
7,113: [GC (Allocation Failure) [PSYoungGen: 478304K->96K(458752K)] 479940K->1732K(633856K), 0,0005893 secs] [Times: user=0,00 sys=0,00, real=0,00 secs] 
7,326: [GC (Allocation Failure) [PSYoungGen: 457312K->64K(572416K)] 458948K->1700K(747520K), 0,0146676 secs] [Times: user=0,00 sys=0,00, real=0,02 secs] 
7,597: [GC (Allocation Failure) [PSYoungGen: 571968K->96K(716288K)] 573604K->1732K(891392K), 0,0004934 secs] [Times: user=0,00 sys=0,00, real=0,00 secs] 
7,776: [GC (Allocation Failure) [PSYoungGen: 715360K->96K(894976K)] 716996K->1740K(1070080K), 0,0005405 secs] [Times: user=0,00 sys=0,00, real=0,00 secs] 
7,981: [GC (Allocation Failure) [PSYoungGen: 894560K->96K(854016K)] 896204K->1740K(1029120K), 0,0004874 secs] [Times: user=0,00 sys=0,00, real=0,00 secs] 
8,177: [GC (Allocation Failure) [PSYoungGen: 853088K->96K(814080K)] 854732K->1740K(989184K), 0,0005240 secs] [Times: user=0,00 sys=0,00, real=0,00 secs] 
8,449: [GC (Allocation Failure) [PSYoungGen: 813664K->32K(777216K)] 815308K->1676K(952320K), 0,0007467 secs] [Times: user=0,00 sys=0,00, real=0,00 secs] 
8,635: [GC (Allocation Failure) [PSYoungGen: 776224K->64K(741376K)] 777868K->1708K(916480K), 0,0005268 secs] [Times: user=0,00 sys=0,00, real=0,00 secs] 
8,827: [GC (Allocation Failure) [PSYoungGen: 740928K->64K(708096K)] 742572K->1708K(883200K), 0,0010330 secs] [Times: user=0,01 sys=0,00, real=0,01 secs] 
9,000: [GC (Allocation Failure) [PSYoungGen: 707136K->96K(675328K)] 708780K->1740K(850432K), 0,0010284 secs] [Times: user=0,00 sys=0,00, real=0,00 secs] 
9,169: [GC (Allocation Failure) [PSYoungGen: 674912K->64K(645120K)] 676556K->1708K(820224K), 0,0010413 secs] [Times: user=0,00 sys=0,00, real=0,00 secs] 
9,310: [GC (Allocation Failure) [PSYoungGen: 644160K->64K(615424K)] 645804K->1708K(790528K), 0,0005126 secs] [Times: user=0,00 sys=0,00, real=0,00 secs] 
9,447: [GC (Allocation Failure) [PSYoungGen: 614976K->64K(587776K)] 616620K->1708K(762880K), 0,0004910 secs] [Times: user=0,00 sys=0,00, real=0,00 secs] 
9,579: [GC (Allocation Failure) [PSYoungGen: 587328K->96K(561664K)] 588972K->1740K(736768K), 0,0004793 secs] [Times: user=0,00 sys=0,00, real=0,00 secs] 
9,702: [GC (Allocation Failure) [PSYoungGen: 561248K->96K(536576K)] 562892K->1740K(711680K), 0,0007360 secs] [Times: user=0,00 sys=0,00, real=0,00 secs] 
9,823: [GC (Allocation Failure) [PSYoungGen: 536160K->96K(513024K)] 537804K->1740K(688128K), 0,0005186 secs] [Times: user=0,00 sys=0,00, real=0,00 secs] 
9,933: [GC (Allocation Failure) [PSYoungGen: 512608K->96K(490496K)] 514252K->1740K(665600K), 0,0005213 secs] [Times: user=0,00 sys=0,00, real=0,00 secs] 
10,040: [GC (Allocation Failure) [PSYoungGen: 490080K->96K(468992K)] 491724K->1740K(644096K), 0,0004893 secs] [Times: user=0,00 sys=0,00, real=0,00 secs] 
10,142: [GC (Allocation Failure) [PSYoungGen: 468576K->96K(448512K)] 470220K->1740K(623616K), 0,0005201 secs] [Times: user=0,00 sys=0,00, real=0,00 secs] 
10,245: [GC (Allocation Failure) [PSYoungGen: 448096K->128K(429056K)] 449740K->1772K(604160K), 0,0010231 secs] [Times: user=0,00 sys=0,00, real=0,00 secs] 
10,340: [GC (Allocation Failure) [PSYoungGen: 428672K->64K(410624K)] 430316K->1772K(585728K), 0,0004606 secs] [Times: user=0,00 sys=0,00, real=0,00 secs] 
10,431: [GC (Allocation Failure) [PSYoungGen: 410176K->64K(393216K)] 411884K->1772K(568320K), 0,0005091 secs] [Times: user=0,00 sys=0,00, real=0,00 secs] 
10,517: [GC (Allocation Failure) [PSYoungGen: 392768K->96K(376832K)] 394476K->1804K(551936K), 0,0004981 secs] [Times: user=0,00 sys=0,00, real=0,01 secs] 
10,598: [GC (Allocation Failure) [PSYoungGen: 376416K->96K(360960K)] 378124K->1804K(536064K), 0,0004903 secs] [Times: user=0,00 sys=0,00, real=0,00 secs] 
10,677: [GC (Allocation Failure) [PSYoungGen: 360544K->96K(346112K)] 362252K->1804K(521216K), 0,0005041 secs] [Times: user=0,00 sys=0,00, real=0,01 secs] 
10,753: [GC (Allocation Failure) [PSYoungGen: 345696K->96K(331776K)] 347404K->1804K(506880K), 0,0004955 secs] [Times: user=0,00 sys=0,00, real=0,00 secs] 
10,826: [GC (Allocation Failure) [PSYoungGen: 331360K->96K(317952K)] 333068K->1804K(493056K), 0,0005002 secs] [Times: user=0,01 sys=0,00, real=0,00 secs] 
10,896: [GC (Allocation Failure) [PSYoungGen: 317536K->96K(305152K)] 319244K->1804K(480256K), 0,0004882 secs] [Times: user=0,01 sys=0,00, real=0,00 secs] 
10,963: [GC (Allocation Failure) [PSYoungGen: 304736K->96K(292864K)] 306444K->1804K(467968K), 0,0005133 secs] [Times: user=0,00 sys=0,00, real=0,00 secs] 
11,027: [GC (Allocation Failure) [PSYoungGen: 292448K->64K(281088K)] 294156K->1772K(456192K), 0,0005345 secs] [Times: user=0,00 sys=0,00, real=0,00 secs] 
11,089: [GC (Allocation Failure) [PSYoungGen: 280640K->64K(269824K)] 282348K->1772K(444928K), 0,0005061 secs] [Times: user=0,00 sys=0,00, real=0,00 secs] 
11,149: [GC (Allocation Failure) [PSYoungGen: 269376K->64K(259072K)] 271084K->1772K(434176K), 0,0004982 secs] [Times: user=0,00 sys=0,00, real=0,00 secs] 
11,204: [GC (Allocation Failure) [PSYoungGen: 258624K->96K(248832K)] 260332K->1804K(423936K), 0,0008684 secs] [Times: user=0,00 sys=0,00, real=0,00 secs] 
11,259: [GC (Allocation Failure) [PSYoungGen: 248416K->96K(239104K)] 250124K->1804K(414208K), 0,0004891 secs] [Times: user=0,00 sys=0,00, real=0,00 secs] 
11,311: [GC (Allocation Failure) [PSYoungGen: 238688K->64K(229888K)] 240396K->1772K(404992K), 0,0006973 secs] [Times: user=0,00 sys=0,00, real=0,00 secs] 
11,361: [GC (Allocation Failure) [PSYoungGen: 229440K->64K(221184K)] 231148K->1772K(396288K), 0,0004901 secs] [Times: user=0,00 sys=0,00, real=0,00 secs] 
11,412: [GC (Allocation Failure) [PSYoungGen: 220736K->96K(212992K)] 222444K->1804K(388096K), 0,0005459 secs] [Times: user=0,00 sys=0,00, real=0,00 secs] 
11,458: [GC (Allocation Failure) [PSYoungGen: 212576K->64K(205312K)] 214284K->1772K(380416K), 0,0005024 secs] [Times: user=0,00 sys=0,00, real=0,00 secs] 
11,503: [GC (Allocation Failure) [PSYoungGen: 204864K->64K(197632K)] 206572K->1772K(372736K), 0,0005089 secs] [Times: user=0,00 sys=0,00, real=0,00 secs] 
11,546: [GC (Allocation Failure) [PSYoungGen: 197184K->64K(190464K)] 198892K->1772K(365568K), 0,0004877 secs] [Times: user=0,00 sys=0,00, real=0,00 secs] 
11,588: [GC (Allocation Failure) [PSYoungGen: 190016K->64K(183808K)] 191724K->1772K(358912K), 0,0004742 secs] [Times: user=0,00 sys=0,00, real=0,00 secs] 
11,628: [GC (Allocation Failure) [PSYoungGen: 183360K->64K(220672K)] 185068K->1772K(395776K), 0,0005006 secs] [Times: user=0,00 sys=0,00, real=0,00 secs] 
11,677: [GC (Allocation Failure) [PSYoungGen: 220224K->64K(212480K)] 221932K->1772K(387584K), 0,0004940 secs] [Times: user=0,00 sys=0,00, real=0,00 secs] 
11,724: [GC (Allocation Failure) [PSYoungGen: 212032K->96K(204800K)] 213740K->1804K(379904K), 0,0004894 secs] [Times: user=0,00 sys=0,00, real=0,00 secs] 
11,772: [GC (Allocation Failure) [PSYoungGen: 204384K->64K(197120K)] 206092K->1772K(372224K), 0,0005075 secs] [Times: user=0,00 sys=0,00, real=0,00 secs] 
11,817: [GC (Allocation Failure) [PSYoungGen: 196672K->64K(189952K)] 198380K->1772K(365056K), 0,0004964 secs] [Times: user=0,00 sys=0,00, real=0,01 secs] 
11,859: [GC (Allocation Failure) [PSYoungGen: 189504K->96K(183296K)] 191212K->1804K(358400K), 0,0004846 secs] [Times: user=0,00 sys=0,00, real=0,00 secs] 
11,899: [GC (Allocation Failure) [PSYoungGen: 182880K->96K(220160K)] 184588K->1804K(395264K), 0,0005061 secs] [Times: user=0,00 sys=0,00, real=0,00 secs] 
11,947: [GC (Allocation Failure) [PSYoungGen: 219744K->96K(264192K)] 221452K->1804K(439296K), 0,0007442 secs] [Times: user=0,01 sys=0,00, real=0,01 secs] 
12,009: [GC (Allocation Failure) [PSYoungGen: 263776K->96K(316928K)] 265484K->1804K(492032K), 0,0004870 secs] [Times: user=0,00 sys=0,00, real=0,00 secs] 
12,081: [GC (Allocation Failure) [PSYoungGen: 316512K->96K(304128K)] 318220K->1804K(479232K), 0,0004808 secs] [Times: user=0,00 sys=0,00, real=0,00 secs] 
12,147: [GC (Allocation Failure) [PSYoungGen: 303712K->96K(291840K)] 305420K->1804K(466944K), 0,0005347 secs] [Times: user=0,01 sys=0,00, real=0,00 secs] 
12,211: [GC (Allocation Failure) [PSYoungGen: 291424K->64K(280064K)] 293132K->1772K(455168K), 0,0004988 secs] [Times: user=0,00 sys=0,00, real=0,00 secs] 
12,272: [GC (Allocation Failure) [PSYoungGen: 279616K->96K(268800K)] 281324K->1804K(443904K), 0,0004909 secs] [Times: user=0,00 sys=0,00, real=0,00 secs] 
12,331: [GC (Allocation Failure) [PSYoungGen: 268384K->96K(258048K)] 270092K->1804K(433152K), 0,0005071 secs] [Times: user=0,00 sys=0,00, real=0,00 secs] 
12,387: [GC (Allocation Failure) [PSYoungGen: 257632K->96K(247808K)] 259340K->1804K(422912K), 0,0007746 secs] [Times: user=0,01 sys=0,00, real=0,00 secs] 
12,448: [GC (Allocation Failure) [PSYoungGen: 247392K->96K(238080K)] 249100K->1804K(413184K), 0,0005248 secs] [Times: user=0,01 sys=0,00, real=0,00 secs] 
12,504: [GC (Allocation Failure) [PSYoungGen: 237664K->64K(228864K)] 239372K->1772K(403968K), 0,0005028 secs] [Times: user=0,00 sys=0,00, real=0,00 secs] 
12,556: [GC (Allocation Failure) [PSYoungGen: 228416K->64K(274944K)] 230124K->1772K(450048K), 0,0010832 secs] [Times: user=0,00 sys=0,00, real=0,00 secs] 
12,623: [GC (Allocation Failure) [PSYoungGen: 274496K->96K(330240K)] 276204K->1804K(505344K), 0,0004970 secs] [Times: user=0,00 sys=0,00, real=0,00 secs] 
12,697: [GC (Allocation Failure) [PSYoungGen: 329824K->64K(316928K)] 331532K->1772K(492032K), 0,0006954 secs] [Times: user=0,00 sys=0,00, real=0,00 secs] 
12,772: [GC (Allocation Failure) [PSYoungGen: 316480K->96K(304128K)] 318188K->1804K(479232K), 0,0004917 secs] [Times: user=0,01 sys=0,00, real=0,00 secs] 
12,841: [GC (Allocation Failure) [PSYoungGen: 303712K->96K(291840K)] 305420K->1804K(466944K), 0,0007620 secs] [Times: user=0,00 sys=0,00, real=0,00 secs] 
12,912: [GC (Allocation Failure) [PSYoungGen: 291424K->64K(280064K)] 293132K->1772K(455168K), 0,0004953 secs] [Times: user=0,00 sys=0,00, real=0,00 secs] 
12,979: [GC (Allocation Failure) [PSYoungGen: 279616K->96K(268800K)] 281324K->1804K(443904K), 0,0005897 secs] [Times: user=0,00 sys=0,00, real=0,00 secs] 
13,040: [GC (Allocation Failure) [PSYoungGen: 268384K->96K(258048K)] 270092K->1804K(433152K), 0,0008816 secs] [Times: user=0,00 sys=0,00, real=0,00 secs] 
13,103: [GC (Allocation Failure) [PSYoungGen: 257632K->64K(247808K)] 259340K->1772K(422912K), 0,0005945 secs] [Times: user=0,00 sys=0,01, real=0,00 secs] 
13,159: [GC (Allocation Failure) [PSYoungGen: 247360K->96K(238080K)] 249068K->1804K(413184K), 0,0005271 secs] [Times: user=0,01 sys=0,00, real=0,00 secs] 
13,213: [GC (Allocation Failure) [PSYoungGen: 237664K->64K(228864K)] 239372K->1772K(403968K), 0,0004998 secs] [Times: user=0,00 sys=0,00, real=0,00 secs] 
13,264: [GC (Allocation Failure) [PSYoungGen: 228416K->96K(220160K)] 230124K->1804K(395264K), 0,0004871 secs] [Times: user=0,00 sys=0,00, real=0,00 secs] 
13,314: [GC (Allocation Failure) [PSYoungGen: 219744K->64K(211968K)] 221452K->1772K(387072K), 0,0004947 secs] [Times: user=0,00 sys=0,00, real=0,00 secs] 
13,361: [GC (Allocation Failure) [PSYoungGen: 211520K->64K(204288K)] 213228K->1772K(379392K), 0,0005527 secs] [Times: user=0,00 sys=0,00, real=0,00 secs] 
13,405: [GC (Allocation Failure) [PSYoungGen: 203840K->64K(196608K)] 205548K->1772K(371712K), 0,0004978 secs] [Times: user=0,00 sys=0,00, real=0,00 secs] 
13,448: [GC (Allocation Failure) [PSYoungGen: 196160K->96K(236032K)] 197868K->1804K(411136K), 0,0008268 secs] [Times: user=0,00 sys=0,00, real=0,00 secs] 
13,500: [GC (Allocation Failure) [PSYoungGen: 235616K->96K(283136K)] 237324K->1804K(458240K), 0,0005086 secs] [Times: user=0,00 sys=0,00, real=0,00 secs] 
13,565: [GC (Allocation Failure) [PSYoungGen: 282720K->64K(271872K)] 284428K->1772K(446976K), 0,0004997 secs] [Times: user=0,00 sys=0,00, real=0,00 secs] 
13,628: [GC (Allocation Failure) [PSYoungGen: 271424K->96K(326144K)] 273132K->1804K(501248K), 0,0009619 secs] [Times: user=0,00 sys=0,00, real=0,00 secs] 
13,700: [GC (Allocation Failure) [PSYoungGen: 325728K->64K(312832K)] 327436K->1772K(487936K), 0,0005178 secs] [Times: user=0,00 sys=0,00, real=0,00 secs] 
13,767: [GC (Allocation Failure) [PSYoungGen: 312384K->96K(300032K)] 314092K->1804K(475136K), 0,0004836 secs] [Times: user=0,00 sys=0,00, real=0,01 secs] 
13,831: [GC (Allocation Failure) [PSYoungGen: 299616K->32K(288256K)] 301324K->1748K(463360K), 0,0005296 secs] [Times: user=0,00 sys=0,00, real=0,00 secs] 
13,894: [GC (Allocation Failure) [PSYoungGen: 287776K->64K(276992K)] 289492K->1780K(452096K), 0,0005055 secs] [Times: user=0,00 sys=0,00, real=0,00 secs] 
13,954: [GC (Allocation Failure) [PSYoungGen: 276544K->96K(266240K)] 278260K->1812K(441344K), 0,0005003 secs] [Times: user=0,00 sys=0,00, real=0,00 secs] 
14,013: [GC (Allocation Failure) [PSYoungGen: 265824K->96K(256000K)] 267540K->1812K(431104K), 0,0005461 secs] [Times: user=0,00 sys=0,00, real=0,00 secs] 
14,069: [GC (Allocation Failure) [PSYoungGen: 255584K->64K(246272K)] 257300K->1780K(421376K), 0,0005472 secs] [Times: user=0,00 sys=0,00, real=0,00 secs] 
14,123: [GC (Allocation Failure) [PSYoungGen: 245824K->64K(237056K)] 247540K->1780K(412160K), 0,0005003 secs] [Times: user=0,00 sys=0,00, real=0,00 secs] 
14,176: [GC (Allocation Failure) [PSYoungGen: 236608K->96K(227840K)] 238324K->1812K(402944K), 0,0004917 secs] [Times: user=0,00 sys=0,00, real=0,00 secs] 
14,226: [GC (Allocation Failure) [PSYoungGen: 227424K->64K(219136K)] 229140K->1780K(394240K), 0,0007776 secs] [Times: user=0,00 sys=0,00, real=0,00 secs] 
14,274: [GC (Allocation Failure) [PSYoungGen: 218688K->64K(263168K)] 220404K->1780K(438272K), 0,0006652 secs] [Times: user=0,00 sys=0,00, real=0,00 secs] 
14,332: [GC (Allocation Failure) [PSYoungGen: 262720K->64K(315904K)] 264436K->1780K(491008K), 0,0010108 secs] [Times: user=0,01 sys=0,00, real=0,00 secs] 
14,401: [GC (Allocation Failure) [PSYoungGen: 315456K->64K(379392K)] 317172K->1780K(554496K), 0,0009689 secs] [Times: user=0,01 sys=0,00, real=0,00 secs] 
14,486: [GC (Allocation Failure) [PSYoungGen: 378944K->64K(455168K)] 380660K->1780K(630272K), 0,0005161 secs] [Times: user=0,00 sys=0,00, real=0,00 secs] 
14,585: [GC (Allocation Failure) [PSYoungGen: 454720K->96K(435712K)] 456436K->1812K(610816K), 0,0005235 secs] [Times: user=0,00 sys=0,00, real=0,00 secs] 
14,679: [GC (Allocation Failure) [PSYoungGen: 435296K->64K(417280K)] 437012K->1780K(592384K), 0,0004958 secs] [Times: user=0,00 sys=0,00, real=0,00 secs] 
14,769: [GC (Allocation Failure) [PSYoungGen: 416832K->96K(399360K)] 418548K->1812K(574464K), 0,0004928 secs] [Times: user=0,00 sys=0,00, real=0,00 secs] 
14,856: [GC (Allocation Failure) [PSYoungGen: 398944K->96K(382464K)] 400660K->1812K(557568K), 0,0008829 secs] [Times: user=0,00 sys=0,00, real=0,01 secs] 
14,940: [GC (Allocation Failure) [PSYoungGen: 382048K->64K(366592K)] 383764K->1780K(541696K), 0,0005329 secs] [Times: user=0,00 sys=0,00, real=0,00 secs] 
15,021: [GC (Allocation Failure) [PSYoungGen: 366144K->64K(351232K)] 367860K->1780K(526336K), 0,0004922 secs] [Times: user=0,00 sys=0,00, real=0,00 secs] 
15,098: [GC (Allocation Failure) [PSYoungGen: 350784K->64K(336896K)] 352500K->1780K(512000K), 0,0004930 secs] [Times: user=0,00 sys=0,00, real=0,00 secs] 
15,171: [GC (Allocation Failure) [PSYoungGen: 336448K->64K(323072K)] 338164K->1780K(498176K), 0,0004921 secs] [Times: user=0,00 sys=0,00, real=0,00 secs] 
15,241: [GC (Allocation Failure) [PSYoungGen: 322624K->64K(309760K)] 324340K->1780K(484864K), 0,0005273 secs] [Times: user=0,00 sys=0,00, real=0,00 secs] 
15,307: [GC (Allocation Failure) [PSYoungGen: 309312K->64K(297472K)] 311028K->1780K(472576K), 0,0005029 secs] [Times: user=0,00 sys=0,00, real=0,00 secs] 
15,371: [GC (Allocation Failure) [PSYoungGen: 297024K->64K(285696K)] 298740K->1780K(460800K), 0,0005657 secs] [Times: user=0,00 sys=0,00, real=0,00 secs] 
15,433: [GC (Allocation Failure) [PSYoungGen: 285248K->64K(274432K)] 286964K->1780K(449536K), 0,0005333 secs] [Times: user=0,00 sys=0,00, real=0,00 secs] 
15,493: [GC (Allocation Failure) [PSYoungGen: 273984K->64K(263680K)] 275700K->1780K(438784K), 0,0005068 secs] [Times: user=0,00 sys=0,00, real=0,00 secs] 
15,552: [GC (Allocation Failure) [PSYoungGen: 263232K->96K(253440K)] 264948K->1812K(428544K), 0,0011132 secs] [Times: user=0,00 sys=0,00, real=0,00 secs] 
15,608: [GC (Allocation Failure) [PSYoungGen: 253024K->64K(243712K)] 254740K->1780K(418816K), 0,0005043 secs] [Times: user=0,00 sys=0,00, real=0,00 secs] 
15,661: [GC (Allocation Failure) [PSYoungGen: 243264K->64K(234496K)] 244980K->1780K(409600K), 0,0005679 secs] [Times: user=0,00 sys=0,00, real=0,00 secs] 
15,713: [GC (Allocation Failure) [PSYoungGen: 234048K->64K(225792K)] 235764K->1780K(400896K), 0,0004957 secs] [Times: user=0,00 sys=0,00, real=0,00 secs] 
15,763: [GC (Allocation Failure) [PSYoungGen: 225344K->64K(217088K)] 227060K->1780K(392192K), 0,0005764 secs] [Times: user=0,00 sys=0,00, real=0,00 secs] 
15,811: [GC (Allocation Failure) [PSYoungGen: 216640K->64K(208896K)] 218356K->1780K(384000K), 0,0004986 secs] [Times: user=0,00 sys=0,00, real=0,00 secs] 
15,856: [GC (Allocation Failure) [PSYoungGen: 208448K->64K(201216K)] 210164K->1780K(376320K), 0,0004928 secs] [Times: user=0,01 sys=0,00, real=0,00 secs] 
15,901: [GC (Allocation Failure) [PSYoungGen: 200768K->96K(194048K)] 202484K->1812K(369152K), 0,0004885 secs] [Times: user=0,00 sys=0,00, real=0,00 secs] 
15,943: [GC (Allocation Failure) [PSYoungGen: 193632K->64K(186880K)] 195348K->1780K(361984K), 0,0005057 secs] [Times: user=0,00 sys=0,00, real=0,00 secs] 
15,984: [GC (Allocation Failure) [PSYoungGen: 186432K->96K(224256K)] 188148K->1812K(399360K), 0,0004915 secs] [Times: user=0,00 sys=0,00, real=0,00 secs] 
16,032: [GC (Allocation Failure) [PSYoungGen: 223840K->64K(216064K)] 225556K->1780K(391168K), 0,0004972 secs] [Times: user=0,00 sys=0,00, real=0,00 secs] 
16,079: [GC (Allocation Failure) [PSYoungGen: 215616K->64K(207872K)] 217332K->1780K(382976K), 0,0005064 secs] [Times: user=0,00 sys=0,00, real=0,00 secs] 
16,125: [GC (Allocation Failure) [PSYoungGen: 207424K->96K(249344K)] 209140K->1812K(424448K), 0,0010598 secs] [Times: user=0,00 sys=0,00, real=0,00 secs] 
16,184: [GC (Allocation Failure) [PSYoungGen: 248928K->64K(299520K)] 250644K->1780K(474624K), 0,0005246 secs] [Times: user=0,00 sys=0,00, real=0,00 secs] 
16,250: [GC (Allocation Failure) [PSYoungGen: 299072K->64K(359424K)] 300788K->1780K(534528K), 0,0005015 secs] [Times: user=0,00 sys=0,00, real=0,00 secs] 
16,329: [GC (Allocation Failure) [PSYoungGen: 358976K->96K(344576K)] 360692K->1812K(519680K), 0,0005379 secs] [Times: user=0,00 sys=0,00, real=0,00 secs] 
16,405: [GC (Allocation Failure) [PSYoungGen: 344160K->64K(330240K)] 345876K->1780K(505344K), 0,0004944 secs] [Times: user=0,00 sys=0,00, real=0,00 secs] 
16,478: [GC (Allocation Failure) [PSYoungGen: 329792K->96K(316928K)] 331508K->1812K(492032K), 0,0004970 secs] [Times: user=0,00 sys=0,00, real=0,00 secs] 
16,548: [GC (Allocation Failure) [PSYoungGen: 316512K->96K(304128K)] 318228K->1812K(479232K), 0,0005032 secs] [Times: user=0,00 sys=0,00, real=0,00 secs] 
16,615: [GC (Allocation Failure) [PSYoungGen: 303712K->96K(291840K)] 305428K->1812K(466944K), 0,0005592 secs] [Times: user=0,00 sys=0,00, real=0,00 secs] 
16,680: [GC (Allocation Failure) [PSYoungGen: 291424K->64K(280064K)] 293140K->1780K(455168K), 0,0005165 secs] [Times: user=0,01 sys=0,00, real=0,00 secs] 
16,742: [GC (Allocation Failure) [PSYoungGen: 279616K->96K(268800K)] 281332K->1812K(443904K), 0,0004892 secs] [Times: user=0,00 sys=0,00, real=0,00 secs] 
16,804: [GC (Allocation Failure) [PSYoungGen: 268384K->96K(258048K)] 270100K->1812K(433152K), 0,0005741 secs] [Times: user=0,00 sys=0,00, real=0,00 secs] 
16,861: [GC (Allocation Failure) [PSYoungGen: 257632K->64K(309760K)] 259348K->1780K(484864K), 0,0013333 secs] [Times: user=0,00 sys=0,00, real=0,00 secs] 
16,930: [GC (Allocation Failure) [PSYoungGen: 309312K->96K(371712K)] 311028K->1812K(546816K), 0,0004916 secs] [Times: user=0,00 sys=0,00, real=0,00 secs] 
17,011: [GC (Allocation Failure) [PSYoungGen: 371296K->96K(356352K)] 373012K->1812K(531456K), 0,0004934 secs] [Times: user=0,00 sys=0,00, real=0,00 secs] 
17,089: [GC (Allocation Failure) [PSYoungGen: 355936K->96K(341504K)] 357652K->1812K(516608K), 0,0004976 secs] [Times: user=0,00 sys=0,00, real=0,00 secs] 
17,169: [GC (Allocation Failure) [PSYoungGen: 341088K->96K(327680K)] 342804K->1812K(502784K), 0,0009103 secs] [Times: user=0,00 sys=0,00, real=0,00 secs] 
17,255: [GC (Allocation Failure) [PSYoungGen: 327264K->64K(314368K)] 328980K->1780K(489472K), 0,0010494 secs] [Times: user=0,00 sys=0,00, real=0,00 secs] 
17,330: [GC (Allocation Failure) [PSYoungGen: 313920K->96K(301568K)] 315636K->1812K(476672K), 0,0005119 secs] [Times: user=0,00 sys=0,00, real=0,00 secs] 
17,396: [GC (Allocation Failure) [PSYoungGen: 301152K->64K(289280K)] 302868K->1780K(464384K), 0,0005022 secs] [Times: user=0,00 sys=0,00, real=0,00 secs] 
17,458: [GC (Allocation Failure) [PSYoungGen: 288832K->64K(278016K)] 290548K->1780K(453120K), 0,0007282 secs] [Times: user=0,00 sys=0,00, real=0,00 secs] 
17,522: [GC (Allocation Failure) [PSYoungGen: 277568K->64K(267264K)] 279284K->1780K(442368K), 0,0004946 secs] [Times: user=0,00 sys=0,00, real=0,00 secs] 
17,581: [GC (Allocation Failure) [PSYoungGen: 266816K->96K(257024K)] 268532K->1812K(432128K), 0,0004867 secs] [Times: user=0,01 sys=0,00, real=0,00 secs] 
17,638: [GC (Allocation Failure) [PSYoungGen: 256608K->96K(247296K)] 258324K->1812K(422400K), 0,0007975 secs] [Times: user=0,00 sys=0,00, real=0,00 secs] 
17,692: [GC (Allocation Failure) [PSYoungGen: 246880K->64K(237568K)] 248596K->1780K(412672K), 0,0005018 secs] [Times: user=0,00 sys=0,00, real=0,00 secs] 
17,744: [GC (Allocation Failure) [PSYoungGen: 237120K->32K(228352K)] 238836K->1748K(403456K), 0,0006279 secs] [Times: user=0,00 sys=0,00, real=0,00 secs] 
17,793: [GC (Allocation Failure) [PSYoungGen: 227872K->64K(273920K)] 229588K->1780K(449024K), 0,0007426 secs] [Times: user=0,00 sys=0,00, real=0,00 secs] 
17,853: [GC (Allocation Failure) [PSYoungGen: 273472K->96K(263168K)] 275188K->1812K(438272K), 0,0004895 secs] [Times: user=0,00 sys=0,00, real=0,00 secs] 
17,910: [GC (Allocation Failure) [PSYoungGen: 262752K->96K(252928K)] 264468K->1812K(428032K), 0,0005579 secs] [Times: user=0,00 sys=0,00, real=0,00 secs] 
17,966: [GC (Allocation Failure) [PSYoungGen: 252512K->64K(243200K)] 254228K->1780K(418304K), 0,0005073 secs] [Times: user=0,00 sys=0,00, real=0,00 secs] 
18,020: [GC (Allocation Failure) [PSYoungGen: 242752K->64K(233984K)] 244468K->1780K(409088K), 0,0005380 secs] [Times: user=0,00 sys=0,00, real=0,00 secs] 
18,071: [GC (Allocation Failure) [PSYoungGen: 233536K->64K(225280K)] 235252K->1780K(400384K), 0,0005301 secs] [Times: user=0,00 sys=0,00, real=0,00 secs] 
18,120: [GC (Allocation Failure) [PSYoungGen: 224832K->96K(217088K)] 226548K->1812K(392192K), 0,0005192 secs] [Times: user=0,00 sys=0,00, real=0,00 secs] 
18,167: [GC (Allocation Failure) [PSYoungGen: 216672K->64K(208896K)] 218388K->1780K(384000K), 0,0005159 secs] [Times: user=0,00 sys=0,00, real=0,00 secs] 
18,213: [GC (Allocation Failure) [PSYoungGen: 208448K->96K(201216K)] 210164K->1812K(376320K), 0,0004903 secs] [Times: user=0,00 sys=0,00, real=0,00 secs] 
18,258: [GC (Allocation Failure) [PSYoungGen: 200800K->64K(241664K)] 202516K->1780K(416768K), 0,0006449 secs] [Times: user=0,00 sys=0,00, real=0,00 secs] 
18,313: [GC (Allocation Failure) [PSYoungGen: 241216K->64K(232448K)] 242932K->1780K(407552K), 0,0004964 secs] [Times: user=0,01 sys=0,00, real=0,00 secs] 
18,365: [GC (Allocation Failure) [PSYoungGen: 232000K->96K(223744K)] 233716K->1812K(398848K), 0,0004936 secs] [Times: user=0,00 sys=0,00, real=0,00 secs] 
18,415: [GC (Allocation Failure) [PSYoungGen: 223328K->96K(215552K)] 225044K->1812K(390656K), 0,0005057 secs] [Times: user=0,00 sys=0,00, real=0,00 secs] 
18,468: [GC (Allocation Failure) [PSYoungGen: 215136K->64K(207360K)] 216852K->1780K(382464K), 0,0005301 secs] [Times: user=0,00 sys=0,00, real=0,00 secs] 
18,514: [GC (Allocation Failure) [PSYoungGen: 206912K->64K(199680K)] 208628K->1780K(374784K), 0,0005277 secs] [Times: user=0,01 sys=0,00, real=0,00 secs] 
18,559: [GC (Allocation Failure) [PSYoungGen: 199232K->96K(192512K)] 200948K->1812K(367616K), 0,0004863 secs] [Times: user=0,00 sys=0,00, real=0,00 secs] 
18,603: [GC (Allocation Failure) [PSYoungGen: 192096K->96K(185856K)] 193812K->1812K(360960K), 0,0005056 secs] [Times: user=0,00 sys=0,00, real=0,00 secs] 
18,649: [GC (Allocation Failure) [PSYoungGen: 185440K->64K(223232K)] 187156K->1780K(398336K), 0,0006400 secs] [Times: user=0,00 sys=0,00, real=0,00 secs] 
18,699: [GC (Allocation Failure) [PSYoungGen: 222784K->96K(267776K)] 224500K->1812K(442880K), 0,0005115 secs] [Times: user=0,00 sys=0,00, real=0,00 secs] 
18,759: [GC (Allocation Failure) [PSYoungGen: 267360K->96K(321536K)] 269076K->1812K(496640K), 0,0009466 secs] [Times: user=0,00 sys=0,00, real=0,00 secs] 
18,840: [GC (Allocation Failure) [PSYoungGen: 321120K->32K(386048K)] 322836K->1748K(561152K), 0,0012143 secs] [Times: user=0,00 sys=0,00, real=0,00 secs] 
18,935: [GC (Allocation Failure) [PSYoungGen: 385567K->96K(463360K)] 387284K->1812K(638464K), 0,0004927 secs] [Times: user=0,00 sys=0,00, real=0,00 secs] 
19,050: [GC (Allocation Failure) [PSYoungGen: 462943K->64K(443392K)] 464660K->1780K(618496K), 0,0004962 secs] [Times: user=0,00 sys=0,00, real=0,00 secs] 
19,158: [GC (Allocation Failure) [PSYoungGen: 442944K->96K(424448K)] 444660K->1812K(599552K), 0,0011543 secs] [Times: user=0,00 sys=0,00, real=0,00 secs] 
19,272: [GC (Allocation Failure) [PSYoungGen: 424032K->96K(406528K)] 425748K->1812K(581632K), 0,0005633 secs] [Times: user=0,00 sys=0,00, real=0,00 secs] 
19,361: [GC (Allocation Failure) [PSYoungGen: 406112K->96K(389120K)] 407828K->1812K(564224K), 0,0005021 secs] [Times: user=0,01 sys=0,00, real=0,00 secs] 
19,448: [GC (Allocation Failure) [PSYoungGen: 388704K->96K(372736K)] 390420K->1812K(547840K), 0,0005006 secs] [Times: user=0,00 sys=0,00, real=0,00 secs] 
19,532: [GC (Allocation Failure) [PSYoungGen: 372320K->96K(357376K)] 374036K->1812K(532480K), 0,0004909 secs] [Times: user=0,00 sys=0,00, real=0,00 secs] 
19,609: [GC (Allocation Failure) [PSYoungGen: 356959K->96K(342528K)] 358676K->1812K(517632K), 0,0004947 secs] [Times: user=0,00 sys=0,00, real=0,00 secs] 
19,683: [GC (Allocation Failure) [PSYoungGen: 342112K->96K(328192K)] 343828K->1812K(503296K), 0,0005028 secs] [Times: user=0,01 sys=0,00, real=0,00 secs] 
19,756: [GC (Allocation Failure) [PSYoungGen: 327776K->96K(314880K)] 329492K->1812K(489984K), 0,0005595 secs] [Times: user=0,00 sys=0,00, real=0,00 secs] 
19,826: [GC (Allocation Failure) [PSYoungGen: 314464K->96K(302080K)] 316180K->1812K(477184K), 0,0005011 secs] [Times: user=0,00 sys=0,00, real=0,00 secs] 
19,894: [GC (Allocation Failure) [PSYoungGen: 301664K->96K(289792K)] 303380K->1820K(464896K), 0,0005802 secs] [Times: user=0,00 sys=0,00, real=0,00 secs] 
19,960: [GC (Allocation Failure) [PSYoungGen: 289376K->96K(278016K)] 291100K->1820K(453120K), 0,0004886 secs] [Times: user=0,00 sys=0,00, real=0,00 secs] 
20,025: [GC (Allocation Failure) [PSYoungGen: 277600K->96K(267264K)] 279324K->1820K(442368K), 0,0004846 secs] [Times: user=0,00 sys=0,00, real=0,00 secs] 
20,085: [GC (Allocation Failure) [PSYoungGen: 266848K->96K(257024K)] 268572K->1820K(432128K), 0,0004994 secs] [Times: user=0,00 sys=0,00, real=0,00 secs] 
20,145: [GC (Allocation Failure) [PSYoungGen: 256608K->64K(247296K)] 258332K->1788K(422400K), 0,0012577 secs] [Times: user=0,00 sys=0,01, real=0,00 secs] 
20,201: [GC (Allocation Failure) [PSYoungGen: 246848K->64K(237568K)] 248572K->1788K(412672K), 0,0004975 secs] [Times: user=0,00 sys=0,00, real=0,00 secs] 
20,265: [GC (Allocation Failure) [PSYoungGen: 237120K->96K(285184K)] 238844K->1820K(460288K), 0,0013628 secs] [Times: user=0,00 sys=0,00, real=0,00 secs] 
20,329: [GC (Allocation Failure) [PSYoungGen: 284768K->96K(342528K)] 286492K->1844K(517632K), 0,0004990 secs] [Times: user=0,00 sys=0,00, real=0,00 secs] 
20,417: [GC (Allocation Failure) [PSYoungGen: 342112K->64K(328192K)] 343860K->1812K(503296K), 0,0005025 secs] [Times: user=0,00 sys=0,00, real=0,00 secs] 
20,496: [GC (Allocation Failure) [PSYoungGen: 327744K->96K(314880K)] 329492K->1844K(489984K), 0,0005036 secs] [Times: user=0,00 sys=0,00, real=0,00 secs] 
20,569: [GC (Allocation Failure) [PSYoungGen: 314464K->64K(302080K)] 316212K->1812K(477184K), 0,0004960 secs] [Times: user=0,00 sys=0,00, real=0,00 secs] 
20,640: [GC (Allocation Failure) [PSYoungGen: 301632K->64K(289792K)] 303380K->1812K(464896K), 0,0005596 secs] [Times: user=0,00 sys=0,00, real=0,00 secs] 
20,708: [GC (Allocation Failure) [PSYoungGen: 289344K->96K(278016K)] 291092K->1844K(453120K), 0,0005662 secs] [Times: user=0,00 sys=0,00, real=0,00 secs] 
20,772: [GC (Allocation Failure) [PSYoungGen: 277600K->96K(267264K)] 279348K->1844K(442368K), 0,0004990 secs] [Times: user=0,00 sys=0,00, real=0,00 secs] 
20,835: [GC (Allocation Failure) [PSYoungGen: 266848K->64K(257024K)] 268596K->1812K(432128K), 0,0005039 secs] [Times: user=0,00 sys=0,00, real=0,00 secs] 
20,896: [GC (Allocation Failure) [PSYoungGen: 256576K->64K(247296K)] 258324K->1812K(422400K), 0,0006834 secs] [Times: user=0,00 sys=0,00, real=0,00 secs] 
20,954: [GC (Allocation Failure) [PSYoungGen: 246848K->96K(237568K)] 248596K->1844K(412672K), 0,0005712 secs] [Times: user=0,00 sys=0,00, real=0,00 secs] 
21,007: [GC (Allocation Failure) [PSYoungGen: 237152K->64K(228352K)] 238900K->1812K(403456K), 0,0004954 secs] [Times: user=0,00 sys=0,00, real=0,00 secs] 
21,057: [GC (Allocation Failure) [PSYoungGen: 227904K->64K(219648K)] 229652K->1812K(394752K), 0,0007547 secs] [Times: user=0,00 sys=0,00, real=0,01 secs] 
21,106: [GC (Allocation Failure) [PSYoungGen: 219200K->96K(211456K)] 220948K->1844K(386560K), 0,0005398 secs] [Times: user=0,00 sys=0,00, real=0,00 secs] 
21,153: [GC (Allocation Failure) [PSYoungGen: 211040K->64K(203776K)] 212788K->1812K(378880K), 0,0005034 secs] [Times: user=0,00 sys=0,00, real=0,00 secs] 
21,198: [GC (Allocation Failure) [PSYoungGen: 203328K->64K(244736K)] 205076K->1812K(419840K), 0,0005423 secs] [Times: user=0,00 sys=0,00, real=0,00 secs] 
21,254: [GC (Allocation Failure) [PSYoungGen: 244288K->64K(235520K)] 246036K->1812K(410624K), 0,0004895 secs] [Times: user=0,00 sys=0,00, real=0,00 secs] 
21,330: [GC (Allocation Failure) [PSYoungGen: 235072K->32K(282624K)] 236820K->1780K(457728K), 0,0012592 secs] [Times: user=0,00 sys=0,00, real=0,00 secs] 
21,458: [GC (Allocation Failure) [PSYoungGen: 282144K->64K(339456K)] 283892K->1812K(514560K), 0,0019587 secs] [Times: user=0,00 sys=0,00, real=0,00 secs] 
21,617: [GC (Allocation Failure) [PSYoungGen: 339008K->64K(407552K)] 340756K->1812K(582656K), 0,0010944 secs] [Times: user=0,01 sys=0,00, real=0,01 secs] 
21,784: [GC (Allocation Failure) [PSYoungGen: 407104K->64K(390144K)] 408852K->1812K(565248K), 0,0013916 secs] [Times: user=0,00 sys=0,00, real=0,00 secs] 
21,918: [GC (Allocation Failure) [PSYoungGen: 389696K->96K(373760K)] 391444K->1844K(548864K), 0,0005291 secs] [Times: user=0,00 sys=0,00, real=0,00 secs] 
22,019: [GC (Allocation Failure) [PSYoungGen: 373344K->96K(357888K)] 375092K->1844K(532992K), 0,0005809 secs] [Times: user=0,00 sys=0,00, real=0,00 secs] 
22,151: [GC (Allocation Failure) [PSYoungGen: 357472K->96K(343040K)] 359220K->1844K(518144K), 0,0005155 secs] [Times: user=0,00 sys=0,00, real=0,00 secs] 
22,272: [GC (Allocation Failure) [PSYoungGen: 342624K->64K(328704K)] 344372K->1812K(503808K), 0,0005966 secs] [Times: user=0,00 sys=0,00, real=0,00 secs] 
22,401: [GC (Allocation Failure) [PSYoungGen: 328256K->96K(315392K)] 330004K->1844K(490496K), 0,0005297 secs] [Times: user=0,00 sys=0,00, real=0,00 secs] 
22,513: [GC (Allocation Failure) [PSYoungGen: 314976K->96K(302592K)] 316724K->1844K(477696K), 0,0005237 secs] [Times: user=0,00 sys=0,00, real=0,00 secs] 
22,613: [GC (Allocation Failure) [PSYoungGen: 302176K->96K(290304K)] 303924K->1844K(465408K), 0,0005243 secs] [Times: user=0,00 sys=0,00, real=0,00 secs] 
22,710: [GC (Allocation Failure) [PSYoungGen: 289888K->96K(278528K)] 291636K->1844K(453632K), 0,0010697 secs] [Times: user=0,00 sys=0,00, real=0,00 secs] 
22,815: [GC (Allocation Failure) [PSYoungGen: 278112K->96K(267776K)] 279860K->1844K(442880K), 0,0005451 secs] [Times: user=0,00 sys=0,00, real=0,00 secs] 
22,916: [GC (Allocation Failure) [PSYoungGen: 267360K->96K(257536K)] 269108K->1844K(432640K), 0,0005761 secs] [Times: user=0,00 sys=0,00, real=0,00 secs] 
23,012: [GC (Allocation Failure) [PSYoungGen: 257120K->32K(309248K)] 258868K->1780K(484352K), 0,0061884 secs] [Times: user=0,00 sys=0,00, real=0,01 secs] 
23,195: [GC (Allocation Failure) [PSYoungGen: 308768K->96K(371200K)] 310516K->1844K(546304K), 0,0007992 secs] [Times: user=0,00 sys=0,00, real=0,00 secs] 
23,359: [GC (Allocation Failure) [PSYoungGen: 370784K->96K(445440K)] 372532K->1844K(620544K), 0,0007605 secs] [Times: user=0,00 sys=0,00, real=0,00 secs] 
23,471: [GC (Allocation Failure) [PSYoungGen: 445024K->64K(534528K)] 446772K->1812K(709632K), 0,0005338 secs] [Times: user=0,00 sys=0,00, real=0,00 secs] 
23,597: [GC (Allocation Failure) [PSYoungGen: 534080K->64K(510976K)] 535828K->1812K(686080K), 0,0007297 secs] [Times: user=0,00 sys=0,00, real=0,01 secs] 
23,713: [GC (Allocation Failure) [PSYoungGen: 510528K->96K(488448K)] 512276K->1844K(663552K), 0,0005269 secs] [Times: user=0,00 sys=0,00, real=0,00 secs] 
23,834: [GC (Allocation Failure) [PSYoungGen: 488032K->96K(466944K)] 489780K->1844K(642048K), 0,0004990 secs] [Times: user=0,00 sys=0,00, real=0,00 secs] 
24,033: [GC (Allocation Failure) [PSYoungGen: 466528K->64K(446976K)] 468276K->1812K(622080K), 0,0017819 secs] [Times: user=0,00 sys=0,00, real=0,00 secs] 
24,139: [GC (Allocation Failure) [PSYoungGen: 446528K->96K(427520K)] 448276K->1844K(602624K), 0,0004912 secs] [Times: user=0,00 sys=0,00, real=0,00 secs] 
24,240: [GC (Allocation Failure) [PSYoungGen: 427104K->64K(409088K)] 428852K->1812K(584192K), 0,0005056 secs] [Times: user=0,00 sys=0,00, real=0,00 secs] 
24,338: [GC (Allocation Failure) [PSYoungGen: 408640K->96K(391680K)] 410388K->1844K(566784K), 0,0004946 secs] [Times: user=0,00 sys=0,00, real=0,00 secs] 
24,437: [GC (Allocation Failure) [PSYoungGen: 391264K->96K(375296K)] 393012K->1844K(550400K), 0,0004904 secs] [Times: user=0,00 sys=0,00, real=0,01 secs] 
24,535: [GC (Allocation Failure) [PSYoungGen: 374880K->64K(359424K)] 376628K->1812K(534528K), 0,0010121 secs] [Times: user=0,00 sys=0,00, real=0,00 secs] 
24,626: [GC (Allocation Failure) [PSYoungGen: 358976K->64K(344576K)] 360724K->1812K(519680K), 0,0009915 secs] [Times: user=0,00 sys=0,00, real=0,00 secs] 
24,709: [GC (Allocation Failure) [PSYoungGen: 344128K->96K(330240K)] 345876K->1844K(505344K), 0,0005099 secs] [Times: user=0,00 sys=0,00, real=0,00 secs] 
24,780: [GC (Allocation Failure) [PSYoungGen: 329824K->96K(316928K)] 331572K->1844K(492032K), 0,0009951 secs] [Times: user=0,00 sys=0,00, real=0,00 secs] 
24,853: [GC (Allocation Failure) [PSYoungGen: 316512K->96K(304128K)] 318260K->1844K(479232K), 0,0004904 secs] [Times: user=0,01 sys=0,00, real=0,00 secs] 
24,919: [GC (Allocation Failure) [PSYoungGen: 303712K->96K(291840K)] 305460K->1844K(466944K), 0,0005110 secs] [Times: user=0,00 sys=0,00, real=0,00 secs] 
24,984: [GC (Allocation Failure) [PSYoungGen: 291424K->96K(280064K)] 293172K->1844K(455168K), 0,0005029 secs] [Times: user=0,01 sys=0,00, real=0,00 secs] 
25,046: [GC (Allocation Failure) [PSYoungGen: 279648K->64K(268800K)] 281396K->1812K(443904K), 0,0007868 secs] [Times: user=0,00 sys=0,00, real=0,00 secs] 
25,105: [GC (Allocation Failure) [PSYoungGen: 268352K->96K(258048K)] 270100K->1844K(433152K), 0,0005266 secs] [Times: user=0,01 sys=0,00, real=0,00 secs] 
25,161: [GC (Allocation Failure) [PSYoungGen: 257632K->96K(247808K)] 259380K->1844K(422912K), 0,0004876 secs] [Times: user=0,00 sys=0,00, real=0,00 secs] 
25,216: [GC (Allocation Failure) [PSYoungGen: 247392K->64K(238080K)] 249140K->1812K(413184K), 0,0005558 secs] [Times: user=0,00 sys=0,00, real=0,00 secs] 
25,268: [GC (Allocation Failure) [PSYoungGen: 237632K->64K(228864K)] 239380K->1812K(403968K), 0,0005111 secs] [Times: user=0,00 sys=0,00, real=0,00 secs] 
25,318: [GC (Allocation Failure) [PSYoungGen: 228416K->96K(220160K)] 230164K->1844K(395264K), 0,0004890 secs] [Times: user=0,00 sys=0,00, real=0,00 secs] 
25,367: [GC (Allocation Failure) [PSYoungGen: 219744K->96K(211968K)] 221492K->1844K(387072K), 0,0004939 secs] [Times: user=0,00 sys=0,00, real=0,00 secs] 
25,413: [GC (Allocation Failure) [PSYoungGen: 211552K->96K(204288K)] 213300K->1844K(379392K), 0,0005045 secs] [Times: user=0,00 sys=0,00, real=0,00 secs] 
25,458: [GC (Allocation Failure) [PSYoungGen: 203872K->96K(196608K)] 205620K->1844K(371712K), 0,0005013 secs] [Times: user=0,00 sys=0,00, real=0,00 secs] 
25,503: [GC (Allocation Failure) [PSYoungGen: 196192K->64K(189440K)] 197940K->1812K(364544K), 0,0005330 secs] [Times: user=0,00 sys=0,00, real=0,00 secs] 
25,547: [GC (Allocation Failure) [PSYoungGen: 188992K->64K(182784K)] 190740K->1812K(357888K), 0,0004960 secs] [Times: user=0,00 sys=0,00, real=0,01 secs] 
25,587: [GC (Allocation Failure) [PSYoungGen: 182336K->64K(219648K)] 184084K->1812K(394752K), 0,0005394 secs] [Times: user=0,00 sys=0,00, real=0,01 secs] 
25,635: [GC (Allocation Failure) [PSYoungGen: 219200K->128K(263680K)] 220948K->1876K(438784K), 0,0005738 secs] [Times: user=0,00 sys=0,00, real=0,00 secs] 
25,693: [GC (Allocation Failure) [PSYoungGen: 263296K->64K(253440K)] 265044K->1812K(428544K), 0,0005272 secs] [Times: user=0,00 sys=0,00, real=0,00 secs] 
25,749: [GC (Allocation Failure) [PSYoungGen: 252992K->64K(243712K)] 254740K->1812K(418816K), 0,0005047 secs] [Times: user=0,00 sys=0,00, real=0,00 secs] 
25,802: [GC (Allocation Failure) [PSYoungGen: 243264K->96K(234496K)] 245012K->1844K(409600K), 0,0005120 secs] [Times: user=0,00 sys=0,00, real=0,00 secs] 
25,854: [GC (Allocation Failure) [PSYoungGen: 234080K->64K(225792K)] 235828K->1812K(400896K), 0,0005118 secs] [Times: user=0,00 sys=0,00, real=0,00 secs] 
25,903: [GC (Allocation Failure) [PSYoungGen: 225344K->64K(217088K)] 227092K->1812K(392192K), 0,0005125 secs] [Times: user=0,00 sys=0,01, real=0,00 secs] 
25,950: [GC (Allocation Failure) [PSYoungGen: 216640K->96K(208896K)] 218388K->1844K(384000K), 0,0005589 secs] [Times: user=0,00 sys=0,00, real=0,00 secs] 
25,995: [GC (Allocation Failure) [PSYoungGen: 208480K->64K(250880K)] 210228K->1812K(425984K), 0,0005846 secs] [Times: user=0,00 sys=0,00, real=0,00 secs] 
26,049: [GC (Allocation Failure) [PSYoungGen: 250432K->96K(241152K)] 252180K->1844K(416256K), 0,0004928 secs] [Times: user=0,00 sys=0,00, real=0,00 secs] 
26,101: [GC (Allocation Failure) [PSYoungGen: 240736K->96K(231936K)] 242484K->1844K(407040K), 0,0005839 secs] [Times: user=0,00 sys=0,00, real=0,00 secs] 
26,152: [GC (Allocation Failure) [PSYoungGen: 231520K->96K(223232K)] 233268K->1844K(398336K), 0,0005289 secs] [Times: user=0,00 sys=0,00, real=0,00 secs] 
26,202: [GC (Allocation Failure) [PSYoungGen: 222816K->96K(215040K)] 224564K->1844K(390144K), 0,0005006 secs] [Times: user=0,00 sys=0,00, real=0,00 secs] 
26,249: [GC (Allocation Failure) [PSYoungGen: 214624K->32K(258048K)] 216372K->1780K(433152K), 0,0014408 secs] [Times: user=0,00 sys=0,00, real=0,00 secs] 
26,307: [GC (Allocation Failure) [PSYoungGen: 257568K->64K(309760K)] 259316K->1812K(484864K), 0,0005070 secs] [Times: user=0,00 sys=0,00, real=0,00 secs] 
26,376: [GC (Allocation Failure) [PSYoungGen: 309311K->96K(371712K)] 311060K->1844K(546816K), 0,0004959 secs] [Times: user=0,00 sys=0,00, real=0,00 secs] 
26,457: [GC (Allocation Failure) [PSYoungGen: 371296K->64K(356352K)] 373044K->1812K(531456K), 0,0004935 secs] [Times: user=0,00 sys=0,00, real=0,00 secs] 
26,534: [GC (Allocation Failure) [PSYoungGen: 355904K->96K(341504K)] 357652K->1844K(516608K), 0,0004979 secs] [Times: user=0,00 sys=0,00, real=0,00 secs] 
26,609: [GC (Allocation Failure) [PSYoungGen: 341088K->64K(327680K)] 342836K->1812K(502784K), 0,0005691 secs] [Times: user=0,00 sys=0,00, real=0,00 secs] 
26,681: [GC (Allocation Failure) [PSYoungGen: 327232K->96K(314368K)] 328980K->1844K(489472K), 0,0004867 secs] [Times: user=0,00 sys=0,00, real=0,00 secs] 
26,750: [GC (Allocation Failure) [PSYoungGen: 313952K->64K(301568K)] 315700K->1812K(476672K), 0,0004883 secs] [Times: user=0,00 sys=0,00, real=0,00 secs] 
26,816: [GC (Allocation Failure) [PSYoungGen: 301120K->96K(289280K)] 302868K->1844K(464384K), 0,0004955 secs] [Times: user=0,00 sys=0,00, real=0,00 secs] 
26,881: [GC (Allocation Failure) [PSYoungGen: 288864K->96K(278016K)] 290612K->1844K(453120K), 0,0004886 secs] [Times: user=0,01 sys=0,00, real=0,00 secs] 
26,942: [GC (Allocation Failure) [PSYoungGen: 277600K->64K(267264K)] 279348K->1812K(442368K), 0,0004843 secs] [Times: user=0,01 sys=0,00, real=0,00 secs] 
27,000: [GC (Allocation Failure) [PSYoungGen: 266816K->96K(257024K)] 268564K->1844K(432128K), 0,0005136 secs] [Times: user=0,00 sys=0,01, real=0,00 secs] 
27,058: [GC (Allocation Failure) [PSYoungGen: 256608K->64K(247296K)] 258356K->1812K(422400K), 0,0004887 secs] [Times: user=0,00 sys=0,00, real=0,00 secs] 
27,112: [GC (Allocation Failure) [PSYoungGen: 246848K->96K(237568K)] 248596K->1844K(412672K), 0,0004998 secs] [Times: user=0,01 sys=0,00, real=0,00 secs] 
27,164: [GC (Allocation Failure) [PSYoungGen: 237152K->64K(228352K)] 238900K->1812K(403456K), 0,0005942 secs] [Times: user=0,00 sys=0,00, real=0,00 secs] 
27,215: [GC (Allocation Failure) [PSYoungGen: 227904K->64K(219648K)] 229652K->1812K(394752K), 0,0005073 secs] [Times: user=0,00 sys=0,00, real=0,00 secs] 
27,262: [GC (Allocation Failure) [PSYoungGen: 219200K->64K(211456K)] 220948K->1812K(386560K), 0,0005203 secs] [Times: user=0,01 sys=0,00, real=0,00 secs] 
27,308: [GC (Allocation Failure) [PSYoungGen: 211008K->96K(203776K)] 212756K->1844K(378880K), 0,0005104 secs] [Times: user=0,00 sys=0,00, real=0,00 secs] 
27,354: [GC (Allocation Failure) [PSYoungGen: 203360K->64K(196096K)] 205108K->1812K(371200K), 0,0004883 secs] [Times: user=0,00 sys=0,00, real=0,00 secs] 
27,397: [GC (Allocation Failure) [PSYoungGen: 195648K->32K(188928K)] 197396K->1780K(364032K), 0,0005724 secs] [Times: user=0,00 sys=0,00, real=0,01 secs] 
27,438: [GC (Allocation Failure) [PSYoungGen: 188448K->96K(226816K)] 190196K->1844K(401920K), 0,0005156 secs] [Times: user=0,00 sys=0,00, real=0,00 secs] 
27,496: [GC (Allocation Failure) [PSYoungGen: 226400K->64K(272384K)] 228148K->1812K(447488K), 0,0018312 secs] [Times: user=0,00 sys=0,00, real=0,01 secs] 
27,568: [GC (Allocation Failure) [PSYoungGen: 271936K->96K(327168K)] 273684K->1844K(502272K), 0,0005247 secs] [Times: user=0,01 sys=0,00, real=0,00 secs] 
27,641: [GC (Allocation Failure) [PSYoungGen: 326752K->64K(392704K)] 328500K->1812K(567808K), 0,0005011 secs] [Times: user=0,00 sys=0,00, real=0,00 secs] 
27,726: [GC (Allocation Failure) [PSYoungGen: 392256K->96K(376320K)] 394004K->1844K(551424K), 0,0004885 secs] [Times: user=0,00 sys=0,00, real=0,00 secs] 
27,809: [GC (Allocation Failure) [PSYoungGen: 375904K->64K(360448K)] 377652K->1812K(535552K), 0,0005019 secs] [Times: user=0,01 sys=0,00, real=0,00 secs] 
27,887: [GC (Allocation Failure) [PSYoungGen: 360000K->96K(345600K)] 361748K->1844K(520704K), 0,0004931 secs] [Times: user=0,00 sys=0,00, real=0,00 secs] 
27,961: [GC (Allocation Failure) [PSYoungGen: 345184K->96K(331264K)] 346932K->1844K(506368K), 0,0004835 secs] [Times: user=0,00 sys=0,00, real=0,00 secs] 
28,034: [GC (Allocation Failure) [PSYoungGen: 330848K->96K(317952K)] 332596K->1844K(493056K), 0,0005695 secs] [Times: user=0,00 sys=0,00, real=0,00 secs] 
28,104: [GC (Allocation Failure) [PSYoungGen: 317536K->64K(305152K)] 319284K->1812K(480256K), 0,0005011 secs] [Times: user=0,00 sys=0,00, real=0,00 secs] 
28,171: [GC (Allocation Failure) [PSYoungGen: 304704K->96K(292864K)] 306452K->1844K(467968K), 0,0004943 secs] [Times: user=0,01 sys=0,00, real=0,00 secs] 
28,235: [GC (Allocation Failure) [PSYoungGen: 292448K->64K(281088K)] 294196K->1812K(456192K), 0,0004960 secs] [Times: user=0,00 sys=0,00, real=0,00 secs] 
28,297: [GC (Allocation Failure) [PSYoungGen: 280640K->128K(269824K)] 282388K->1876K(444928K), 0,0006513 secs] [Times: user=0,00 sys=0,00, real=0,01 secs] 
28,357: [GC (Allocation Failure) [PSYoungGen: 269440K->96K(259072K)] 271188K->1844K(434176K), 0,0004966 secs] [Times: user=0,00 sys=0,00, real=0,01 secs] 
28,415: [GC (Allocation Failure) [PSYoungGen: 258656K->96K(248832K)] 260404K->1844K(423936K), 0,0009470 secs] [Times: user=0,00 sys=0,00, real=0,00 secs] 
28,474: [GC (Allocation Failure) [PSYoungGen: 248416K->64K(239104K)] 250164K->1812K(414208K), 0,0031072 secs] [Times: user=0,00 sys=0,00, real=0,01 secs] 
28,535: [GC (Allocation Failure) [PSYoungGen: 238656K->64K(229888K)] 240404K->1812K(404992K), 0,0005066 secs] [Times: user=0,00 sys=0,00, real=0,00 secs] 
28,589: [GC (Allocation Failure) [PSYoungGen: 229440K->64K(221184K)] 231188K->1812K(396288K), 0,0004897 secs] [Times: user=0,00 sys=0,00, real=0,00 secs] 
28,647: [GC (Allocation Failure) [PSYoungGen: 220736K->64K(212992K)] 222484K->1812K(388096K), 0,0005414 secs] [Times: user=0,00 sys=0,00, real=0,01 secs] 
28,700: [GC (Allocation Failure) [PSYoungGen: 212544K->64K(255488K)] 214292K->1812K(430592K), 0,0009724 secs] [Times: user=0,01 sys=0,00, real=0,00 secs] 
28,764: [GC (Allocation Failure) [PSYoungGen: 255040K->64K(306688K)] 256788K->1812K(481792K), 0,0010231 secs] [Times: user=0,00 sys=0,00, real=0,00 secs] 
28,838: [GC (Allocation Failure) [PSYoungGen: 306240K->128K(368128K)] 307988K->1876K(543232K), 0,0006434 secs] [Times: user=0,00 sys=0,00, real=0,00 secs] 
28,928: [GC (Allocation Failure) [PSYoungGen: 367744K->64K(441856K)] 369492K->1812K(616960K), 0,0009690 secs] [Times: user=0,00 sys=0,00, real=0,00 secs] 
29,042: [GC (Allocation Failure) [PSYoungGen: 441408K->96K(422912K)] 443156K->1844K(598016K), 0,0005017 secs] [Times: user=0,00 sys=0,00, real=0,00 secs] 
29,138: [GC (Allocation Failure) [PSYoungGen: 422496K->96K(404992K)] 424244K->1844K(580096K), 0,0005188 secs] [Times: user=0,00 sys=0,00, real=0,00 secs] 
29,229: [GC (Allocation Failure) [PSYoungGen: 404576K->64K(388096K)] 406324K->1812K(563200K), 0,0007016 secs] [Times: user=0,00 sys=0,00, real=0,00 secs] 
29,317: [GC (Allocation Failure) [PSYoungGen: 387648K->96K(371712K)] 389396K->1844K(546816K), 0,0005149 secs] [Times: user=0,01 sys=0,00, real=0,00 secs] 
29,428: [GC (Allocation Failure) [PSYoungGen: 371296K->64K(356352K)] 373044K->1812K(531456K), 0,0004928 secs] [Times: user=0,00 sys=0,00, real=0,00 secs] 
29,523: [GC (Allocation Failure) [PSYoungGen: 355904K->96K(341504K)] 357652K->1844K(516608K), 0,0004859 secs] [Times: user=0,00 sys=0,00, real=0,00 secs] 
29,611: [GC (Allocation Failure) [PSYoungGen: 341088K->64K(327680K)] 342836K->1812K(502784K), 0,0010208 secs] [Times: user=0,00 sys=0,00, real=0,00 secs] 
29,718: [GC (Allocation Failure) [PSYoungGen: 327232K->64K(314368K)] 328980K->1812K(489472K), 0,0016611 secs] [Times: user=0,00 sys=0,00, real=0,00 secs] 
29,801: [GC (Allocation Failure) [PSYoungGen: 313920K->96K(301568K)] 315668K->1844K(476672K), 0,0005773 secs] [Times: user=0,01 sys=0,00, real=0,00 secs] 
29,874: [GC (Allocation Failure) [PSYoungGen: 301152K->96K(289280K)] 302900K->1844K(464384K), 0,0005588 secs] [Times: user=0,01 sys=0,00, real=0,00 secs] 
29,948: [GC (Allocation Failure) [PSYoungGen: 288864K->96K(278016K)] 290612K->1844K(453120K), 0,0011738 secs] [Times: user=0,00 sys=0,00, real=0,00 secs] 
30,018: [GC (Allocation Failure) [PSYoungGen: 277600K->64K(267264K)] 279348K->1812K(442368K), 0,0004851 secs] [Times: user=0,00 sys=0,00, real=0,00 secs] 
30,084: [GC (Allocation Failure) [PSYoungGen: 266816K->96K(257024K)] 268564K->1844K(432128K), 0,0005152 secs] [Times: user=0,00 sys=0,00, real=0,00 secs] 
30,148: [GC (Allocation Failure) [PSYoungGen: 256608K->32K(247296K)] 258356K->1780K(422400K), 0,0005751 secs] [Times: user=0,00 sys=0,00, real=0,00 secs] 
30,213: [GC (Allocation Failure) [PSYoungGen: 246816K->96K(237568K)] 248564K->1844K(412672K), 0,0004854 secs] [Times: user=0,00 sys=0,00, real=0,00 secs] 
30,274: [GC (Allocation Failure) [PSYoungGen: 237152K->96K(228352K)] 238900K->1844K(403456K), 0,0005071 secs] [Times: user=0,00 sys=0,00, real=0,00 secs] 
30,332: [GC (Allocation Failure) [PSYoungGen: 227936K->64K(219648K)] 229684K->1836K(394752K), 0,0005196 secs] [Times: user=0,00 sys=0,00, real=0,00 secs] 
30,386: [GC (Allocation Failure) [PSYoungGen: 219200K->64K(211456K)] 220972K->1836K(386560K), 0,0005442 secs] [Times: user=0,00 sys=0,00, real=0,00 secs] 
30,437: [GC (Allocation Failure) [PSYoungGen: 211008K->96K(203776K)] 212780K->1868K(378880K), 0,0005616 secs] [Times: user=0,00 sys=0,00, real=0,00 secs] 
30,485: [GC (Allocation Failure) [PSYoungGen: 203360K->96K(196096K)] 205132K->1868K(371200K), 0,0004977 secs] [Times: user=0,00 sys=0,00, real=0,00 secs] 
30,530: [GC (Allocation Failure) [PSYoungGen: 195680K->64K(188928K)] 197452K->1836K(364032K), 0,0005853 secs] [Times: user=0,00 sys=0,00, real=0,00 secs] 
30,574: [GC (Allocation Failure) [PSYoungGen: 188480K->96K(182272K)] 190252K->1868K(357376K), 0,0005490 secs] [Times: user=0,00 sys=0,00, real=0,00 secs] 
30,616: [GC (Allocation Failure) [PSYoungGen: 181856K->96K(175616K)] 183628K->1868K(350720K), 0,0005066 secs] [Times: user=0,00 sys=0,00, real=0,00 secs] 
30,657: [GC (Allocation Failure) [PSYoungGen: 175200K->96K(210944K)] 176972K->1868K(386048K), 0,0005074 secs] [Times: user=0,00 sys=0,00, real=0,00 secs] 
30,717: [GC (Allocation Failure) [PSYoungGen: 210528K->96K(203264K)] 212300K->1868K(378368K), 0,0005005 secs] [Times: user=0,00 sys=0,00, real=0,01 secs] 
30,792: [GC (Allocation Failure) [PSYoungGen: 202848K->96K(196096K)] 204620K->1868K(371200K), 0,0005297 secs] [Times: user=0,00 sys=0,00, real=0,00 secs] 
30,892: [GC (Allocation Failure) [PSYoungGen: 195680K->96K(188928K)] 197452K->1868K(364032K), 0,0006459 secs] [Times: user=0,00 sys=0,00, real=0,00 secs] 
31,011: [GC (Allocation Failure) [PSYoungGen: 188512K->96K(182272K)] 190284K->1868K(357376K), 0,0005513 secs] [Times: user=0,00 sys=0,00, real=0,00 secs] 
31,122: [GC (Allocation Failure) [PSYoungGen: 181856K->96K(175616K)] 183628K->1868K(350720K), 0,0005401 secs] [Times: user=0,00 sys=0,00, real=0,00 secs] 
31,213: [GC (Allocation Failure) [PSYoungGen: 175200K->64K(169472K)] 176972K->1836K(344576K), 0,0007922 secs] [Times: user=0,00 sys=0,00, real=0,00 secs] 
31,271: [GC (Allocation Failure) [PSYoungGen: 169024K->64K(163840K)] 170796K->1836K(338944K), 0,0005488 secs] [Times: user=0,00 sys=0,00, real=0,00 secs] 
31,332: [GC (Allocation Failure) [PSYoungGen: 163392K->96K(158208K)] 165164K->1868K(333312K), 0,0006410 secs] [Times: user=0,01 sys=0,00, real=0,00 secs] 
31,388: [GC (Allocation Failure) [PSYoungGen: 157792K->64K(153088K)] 159564K->1836K(328192K), 0,0005265 secs] [Times: user=0,00 sys=0,00, real=0,00 secs] 
31,441: [GC (Allocation Failure) [PSYoungGen: 152640K->96K(147968K)] 154412K->1868K(323072K), 0,0006047 secs] [Times: user=0,00 sys=0,00, real=0,00 secs] 
31,496: [GC (Allocation Failure) [PSYoungGen: 147552K->96K(177664K)] 149324K->1868K(352768K), 0,0010849 secs] [Times: user=0,00 sys=0,00, real=0,01 secs] 
31,570: [GC (Allocation Failure) [PSYoungGen: 177248K->32K(213504K)] 179020K->1804K(388608K), 0,0007065 secs] [Times: user=0,00 sys=0,00, real=0,00 secs] 
31,646: [GC (Allocation Failure) [PSYoungGen: 213024K->96K(205824K)] 214796K->1868K(380928K), 0,0005608 secs] [Times: user=0,00 sys=0,00, real=0,00 secs] 
31,723: [GC (Allocation Failure) [PSYoungGen: 205408K->96K(198144K)] 207180K->1868K(373248K), 0,0005650 secs] [Times: user=0,01 sys=0,00, real=0,00 secs] 
31,804: [GC (Allocation Failure) [PSYoungGen: 197728K->64K(190976K)] 199500K->1836K(366080K), 0,0010443 secs] [Times: user=0,00 sys=0,00, real=0,00 secs] 
31,871: [GC (Allocation Failure) [PSYoungGen: 190528K->96K(184320K)] 192300K->1868K(359424K), 0,0005655 secs] [Times: user=0,00 sys=0,00, real=0,00 secs] 
31,956: [GC (Allocation Failure) [PSYoungGen: 183904K->96K(177664K)] 185676K->1868K(352768K), 0,0006166 secs] [Times: user=0,00 sys=0,00, real=0,00 secs] 
32,027: [GC (Allocation Failure) [PSYoungGen: 177248K->96K(171520K)] 179020K->1868K(346624K), 0,0005924 secs] [Times: user=0,00 sys=0,00, real=0,01 secs] 
32,084: [GC (Allocation Failure) [PSYoungGen: 171104K->96K(165376K)] 172876K->1868K(340480K), 0,0004814 secs] [Times: user=0,00 sys=0,00, real=0,00 secs] 
32,136: [GC (Allocation Failure) [PSYoungGen: 164960K->96K(159744K)] 166732K->1868K(334848K), 0,0005138 secs] [Times: user=0,01 sys=0,00, real=0,00 secs] 
32,188: [GC (Allocation Failure) [PSYoungGen: 159328K->96K(192000K)] 161100K->1868K(367104K), 0,0012592 secs] [Times: user=0,00 sys=0,00, real=0,00 secs] 
32,265: [GC (Allocation Failure) [PSYoungGen: 191584K->64K(230400K)] 193356K->1836K(405504K), 0,0008097 secs] [Times: user=0,00 sys=0,00, real=0,00 secs] 
32,356: [GC (Allocation Failure) [PSYoungGen: 229952K->64K(221696K)] 231724K->1836K(396800K), 0,0005823 secs] [Times: user=0,00 sys=0,00, real=0,00 secs] 
32,446: [GC (Allocation Failure) [PSYoungGen: 221248K->96K(213504K)] 223020K->1868K(388608K), 0,0005479 secs] [Times: user=0,00 sys=0,00, real=0,00 secs] 
32,530: [GC (Allocation Failure) [PSYoungGen: 213088K->64K(205824K)] 214860K->1836K(380928K), 0,0006933 secs] [Times: user=0,01 sys=0,00, real=0,00 secs] 
32,731: [GC (Allocation Failure) [PSYoungGen: 205376K->96K(198144K)] 207148K->1868K(373248K), 0,0007070 secs] [Times: user=0,00 sys=0,00, real=0,00 secs] 
32,832: [GC (Allocation Failure) [PSYoungGen: 197728K->96K(190976K)] 199500K->1868K(366080K), 0,0005631 secs] [Times: user=0,00 sys=0,00, real=0,00 secs] 
32,890: [GC (Allocation Failure) [PSYoungGen: 190560K->96K(184320K)] 192332K->1868K(359424K), 0,0005270 secs] [Times: user=0,00 sys=0,00, real=0,00 secs] 
32,939: [GC (Allocation Failure) [PSYoungGen: 183904K->96K(177664K)] 185676K->1868K(352768K), 0,0005589 secs] [Times: user=0,00 sys=0,00, real=0,00 secs] 
32,987: [GC (Allocation Failure) [PSYoungGen: 177248K->64K(213504K)] 179020K->1836K(388608K), 0,0010510 secs] [Times: user=0,00 sys=0,00, real=0,00 secs] 
33,042: [GC (Allocation Failure) [PSYoungGen: 213056K->96K(256512K)] 214828K->1868K(431616K), 0,0005120 secs] [Times: user=0,00 sys=0,01, real=0,00 secs] 
33,116: [GC (Allocation Failure) [PSYoungGen: 256096K->96K(246784K)] 257868K->1868K(421888K), 0,0006177 secs] [Times: user=0,00 sys=0,00, real=0,01 secs] 
33,173: [GC (Allocation Failure) [PSYoungGen: 246368K->96K(237568K)] 248140K->1868K(412672K), 0,0005306 secs] [Times: user=0,00 sys=0,00, real=0,00 secs] 
33,297: [GC (Allocation Failure) [PSYoungGen: 237152K->32K(285184K)] 238924K->1804K(460288K), 0,0017460 secs] [Times: user=0,00 sys=0,00, real=0,01 secs] 
33,407: [GC (Allocation Failure) [PSYoungGen: 284704K->64K(342528K)] 286476K->1836K(517632K), 0,0013869 secs] [Times: user=0,00 sys=0,00, real=0,00 secs] 
33,491: [GC (Allocation Failure) [PSYoungGen: 342080K->96K(328192K)] 343852K->1868K(503296K), 0,0005024 secs] [Times: user=0,00 sys=0,00, real=0,00 secs] 
33,582: [GC (Allocation Failure) [PSYoungGen: 327776K->64K(314880K)] 329548K->1836K(489984K), 0,0004948 secs] [Times: user=0,00 sys=0,00, real=0,00 secs] 
33,661: [GC (Allocation Failure) [PSYoungGen: 314432K->64K(302080K)] 316204K->1836K(477184K), 0,0010729 secs] [Times: user=0,00 sys=0,00, real=0,00 secs] 
33,736: [GC (Allocation Failure) [PSYoungGen: 301632K->64K(289792K)] 303404K->1836K(464896K), 0,0004988 secs] [Times: user=0,00 sys=0,00, real=0,00 secs] 
33,812: [GC (Allocation Failure) [PSYoungGen: 289344K->96K(278016K)] 291116K->1868K(453120K), 0,0009481 secs] [Times: user=0,00 sys=0,00, real=0,00 secs] 
33,885: [GC (Allocation Failure) [PSYoungGen: 277600K->96K(333824K)] 279372K->1868K(508928K), 0,0010305 secs] [Times: user=0,01 sys=0,00, real=0,00 secs] 
33,982: [GC (Allocation Failure) [PSYoungGen: 333408K->64K(320000K)] 335180K->1836K(495104K), 0,0005730 secs] [Times: user=0,00 sys=0,00, real=0,00 secs] 
34,063: [GC (Allocation Failure) [PSYoungGen: 319552K->96K(307200K)] 321324K->1868K(482304K), 0,0005235 secs] [Times: user=0,00 sys=0,00, real=0,00 secs] 
34,131: [GC (Allocation Failure) [PSYoungGen: 306784K->96K(294912K)] 308556K->1868K(470016K), 0,0005352 secs] [Times: user=0,00 sys=0,00, real=0,00 secs] 
34,197: [GC (Allocation Failure) [PSYoungGen: 294496K->96K(283136K)] 296268K->1868K(458240K), 0,0005542 secs] [Times: user=0,00 sys=0,00, real=0,00 secs] 
34,263: [GC (Allocation Failure) [PSYoungGen: 282720K->64K(271872K)] 284492K->1836K(446976K), 0,0005316 secs] [Times: user=0,00 sys=0,00, real=0,00 secs] 
34,322: [GC (Allocation Failure) [PSYoungGen: 271424K->64K(261120K)] 273196K->1836K(436224K), 0,0004988 secs] [Times: user=0,00 sys=0,00, real=0,00 secs] 
34,380: [GC (Allocation Failure) [PSYoungGen: 260672K->64K(250880K)] 262444K->1836K(425984K), 0,0005480 secs] [Times: user=0,00 sys=0,00, real=0,00 secs] 
34,435: [GC (Allocation Failure) [PSYoungGen: 250432K->32K(301056K)] 252204K->1804K(476160K), 0,0016515 secs] [Times: user=0,00 sys=0,00, real=0,00 secs] 
34,502: [GC (Allocation Failure) [PSYoungGen: 300576K->64K(361472K)] 302348K->1836K(536576K), 0,0004958 secs] [Times: user=0,00 sys=0,00, real=0,00 secs] 
34,581: [GC (Allocation Failure) [PSYoungGen: 361024K->96K(433664K)] 362796K->1868K(608768K), 0,0005589 secs] [Times: user=0,00 sys=0,00, real=0,00 secs] 
34,676: [GC (Allocation Failure) [PSYoungGen: 433248K->96K(415232K)] 435020K->1868K(590336K), 0,0004934 secs] [Times: user=0,00 sys=0,00, real=0,00 secs] 
34,767: [GC (Allocation Failure) [PSYoungGen: 414816K->64K(397824K)] 416588K->1836K(572928K), 0,0004927 secs] [Times: user=0,00 sys=0,00, real=0,00 secs] 
34,855: [GC (Allocation Failure) [PSYoungGen: 397376K->96K(380928K)] 399148K->1868K(556032K), 0,0004977 secs] [Times: user=0,00 sys=0,00, real=0,00 secs] 
34,938: [GC (Allocation Failure) [PSYoungGen: 380512K->64K(365056K)] 382284K->1836K(540160K), 0,0004946 secs] [Times: user=0,00 sys=0,00, real=0,00 secs] 
35,018: [GC (Allocation Failure) [PSYoungGen: 364608K->64K(349696K)] 366380K->1836K(524800K), 0,0004983 secs] [Times: user=0,00 sys=0,00, real=0,00 secs] 
35,094: [GC (Allocation Failure) [PSYoungGen: 349248K->96K(335360K)] 351020K->1868K(510464K), 0,0004941 secs] [Times: user=0,01 sys=0,00, real=0,00 secs] 
35,184: [GC (Allocation Failure) [PSYoungGen: 334944K->32K(321536K)] 336716K->1804K(496640K), 0,0008572 secs] [Times: user=0,00 sys=0,00, real=0,00 secs] 
35,263: [GC (Allocation Failure) [PSYoungGen: 321056K->64K(308224K)] 322828K->1836K(483328K), 0,0005187 secs] [Times: user=0,00 sys=0,00, real=0,00 secs] 
35,332: [GC (Allocation Failure) [PSYoungGen: 307776K->96K(295936K)] 309548K->1868K(471040K), 0,0005235 secs] [Times: user=0,00 sys=0,00, real=0,00 secs] 
35,396: [GC (Allocation Failure) [PSYoungGen: 295520K->96K(284160K)] 297292K->1868K(459264K), 0,0005129 secs] [Times: user=0,00 sys=0,00, real=0,01 secs] 
35,459: [GC (Allocation Failure) [PSYoungGen: 283744K->64K(272896K)] 285516K->1836K(448000K), 0,0005474 secs] [Times: user=0,00 sys=0,00, real=0,00 secs] 
35,519: [GC (Allocation Failure) [PSYoungGen: 272448K->64K(262144K)] 274220K->1836K(437248K), 0,0006865 secs] [Times: user=0,00 sys=0,00, real=0,00 secs] 
35,576: [GC (Allocation Failure) [PSYoungGen: 261696K->64K(251904K)] 263468K->1836K(427008K), 0,0004974 secs] [Times: user=0,00 sys=0,00, real=0,00 secs] 
35,630: [GC (Allocation Failure) [PSYoungGen: 251456K->64K(242176K)] 253228K->1836K(417280K), 0,0006402 secs] [Times: user=0,01 sys=0,00, real=0,00 secs] 
35,685: [GC (Allocation Failure) [PSYoungGen: 241728K->64K(232960K)] 243500K->1836K(408064K), 0,0005160 secs] [Times: user=0,00 sys=0,00, real=0,00 secs] 
35,736: [GC (Allocation Failure) [PSYoungGen: 232512K->64K(224256K)] 234284K->1836K(399360K), 0,0004934 secs] [Times: user=0,00 sys=0,00, real=0,00 secs] 
35,785: [GC (Allocation Failure) [PSYoungGen: 223808K->96K(216064K)] 225580K->1868K(391168K), 0,0006094 secs] [Times: user=0,00 sys=0,00, real=0,00 secs] 
35,833: [GC (Allocation Failure) [PSYoungGen: 215648K->96K(207872K)] 217420K->1868K(382976K), 0,0005318 secs] [Times: user=0,00 sys=0,00, real=0,00 secs] 
35,879: [GC (Allocation Failure) [PSYoungGen: 207456K->64K(200192K)] 209228K->1836K(375296K), 0,0005248 secs] [Times: user=0,00 sys=0,00, real=0,00 secs] 
35,923: [GC (Allocation Failure) [PSYoungGen: 199744K->64K(193024K)] 201516K->1836K(368128K), 0,0004923 secs] [Times: user=0,01 sys=0,00, real=0,00 secs] 
35,965: [GC (Allocation Failure) [PSYoungGen: 192576K->64K(231936K)] 194348K->1836K(407040K), 0,0014116 secs] [Times: user=0,00 sys=0,00, real=0,00 secs] 
36,021: [GC (Allocation Failure) [PSYoungGen: 231488K->128K(278528K)] 233260K->1900K(453632K), 0,0005829 secs] [Times: user=0,00 sys=0,00, real=0,00 secs] 
36,087: [GC (Allocation Failure) [PSYoungGen: 278144K->96K(334336K)] 279916K->1868K(509440K), 0,0004902 secs] [Times: user=0,00 sys=0,00, real=0,01 secs] 
36,169: [GC (Allocation Failure) [PSYoungGen: 333920K->96K(401408K)] 335692K->1868K(576512K), 0,0004910 secs] [Times: user=0,00 sys=0,00, real=0,00 secs] 
36,269: [GC (Allocation Failure) [PSYoungGen: 400992K->96K(384512K)] 402764K->1868K(559616K), 0,0005103 secs] [Times: user=0,00 sys=0,00, real=0,00 secs] 
36,361: [GC (Allocation Failure) [PSYoungGen: 384096K->64K(368128K)] 385868K->1836K(543232K), 0,0009630 secs] [Times: user=0,00 sys=0,00, real=0,00 secs] 
36,453: [GC (Allocation Failure) [PSYoungGen: 367680K->64K(352768K)] 369452K->1836K(527872K), 0,0010100 secs] [Times: user=0,01 sys=0,00, real=0,00 secs] 
36,547: [GC (Allocation Failure) [PSYoungGen: 352320K->32K(423424K)] 354092K->1804K(598528K), 0,0018480 secs] [Times: user=0,01 sys=0,00, real=0,01 secs] 
36,645: [GC (Allocation Failure) [PSYoungGen: 422944K->32K(508416K)] 424716K->1804K(683520K), 0,0009232 secs] [Times: user=0,00 sys=0,00, real=0,00 secs] 
36,761: [GC (Allocation Failure) [PSYoungGen: 507936K->96K(486400K)] 509708K->1868K(661504K), 0,0004915 secs] [Times: user=0,00 sys=0,00, real=0,00 secs] 
36,868: [GC (Allocation Failure) [PSYoungGen: 485984K->96K(465408K)] 487756K->1868K(640512K), 0,0005063 secs] [Times: user=0,00 sys=0,00, real=0,00 secs] 
36,972: [GC (Allocation Failure) [PSYoungGen: 464992K->96K(445440K)] 466764K->1868K(620544K), 0,0005049 secs] [Times: user=0,00 sys=0,00, real=0,00 secs] 
37,076: [GC (Allocation Failure) [PSYoungGen: 445024K->96K(426496K)] 446796K->1868K(601600K), 0,0004936 secs] [Times: user=0,00 sys=0,00, real=0,00 secs] 
37,177: [GC (Allocation Failure) [PSYoungGen: 426080K->96K(408064K)] 427852K->1868K(583168K), 0,0007582 secs] [Times: user=0,00 sys=0,00, real=0,01 secs] 
37,282: [GC (Allocation Failure) [PSYoungGen: 407648K->96K(390656K)] 409420K->1868K(565760K), 0,0005028 secs] [Times: user=0,00 sys=0,00, real=0,00 secs] 
37,378: [GC (Allocation Failure) [PSYoungGen: 390240K->96K(374272K)] 392012K->1868K(549376K), 0,0010866 secs] [Times: user=0,01 sys=0,00, real=0,00 secs] 
37,467: [GC (Allocation Failure) [PSYoungGen: 373856K->96K(358400K)] 375628K->1868K(533504K), 0,0005192 secs] [Times: user=0,00 sys=0,00, real=0,00 secs] 
37,553: [GC (Allocation Failure) [PSYoungGen: 357984K->96K(343552K)] 359756K->1868K(518656K), 0,0004896 secs] [Times: user=0,00 sys=0,00, real=0,00 secs] 
37,634: [GC (Allocation Failure) [PSYoungGen: 343136K->96K(329216K)] 344908K->1868K(504320K), 0,0004797 secs] [Times: user=0,00 sys=0,00, real=0,00 secs] 
37,710: [GC (Allocation Failure) [PSYoungGen: 328800K->64K(315904K)] 330572K->1836K(491008K), 0,0010596 secs] [Times: user=0,01 sys=0,00, real=0,00 secs] 
37,786: [GC (Allocation Failure) [PSYoungGen: 315456K->96K(303104K)] 317228K->1868K(478208K), 0,0004896 secs] [Times: user=0,00 sys=0,00, real=0,00 secs] 
37,857: [GC (Allocation Failure) [PSYoungGen: 302688K->64K(290816K)] 304460K->1836K(465920K), 0,0005673 secs] [Times: user=0,00 sys=0,00, real=0,01 secs] 
37,927: [GC (Allocation Failure) [PSYoungGen: 290368K->64K(279040K)] 292140K->1836K(454144K), 0,0012390 secs] [Times: user=0,00 sys=0,00, real=0,00 secs] 
37,994: [GC (Allocation Failure) [PSYoungGen: 278592K->64K(334848K)] 280364K->1836K(509952K), 0,0011040 secs] [Times: user=0,01 sys=0,00, real=0,00 secs] 
38,070: [GC (Allocation Failure) [PSYoungGen: 334400K->64K(321024K)] 336172K->1836K(496128K), 0,0005093 secs] [Times: user=0,00 sys=0,00, real=0,00 secs] 
38,140: [GC (Allocation Failure) [PSYoungGen: 320576K->64K(308224K)] 322348K->1836K(483328K), 0,0004980 secs] [Times: user=0,00 sys=0,01, real=0,00 secs] 
38,206: [GC (Allocation Failure) [PSYoungGen: 307776K->64K(295936K)] 309548K->1836K(471040K), 0,0005052 secs] [Times: user=0,00 sys=0,00, real=0,00 secs] 
38,271: [GC (Allocation Failure) [PSYoungGen: 295488K->64K(355328K)] 297260K->1836K(530432K), 0,0011989 secs] [Times: user=0,00 sys=0,00, real=0,00 secs] 
38,384: [GC (Allocation Failure) [PSYoungGen: 354880K->64K(426496K)] 356652K->1836K(601600K), 0,0011163 secs] [Times: user=0,00 sys=0,00, real=0,00 secs] 
38,521: [GC (Allocation Failure) [PSYoungGen: 426048K->96K(408064K)] 427820K->1868K(583168K), 0,0011653 secs] [Times: user=0,00 sys=0,00, real=0,00 secs] 
38,669: [GC (Allocation Failure) [PSYoungGen: 407648K->96K(390656K)] 409420K->1868K(565760K), 0,0005455 secs] [Times: user=0,00 sys=0,00, real=0,00 secs] 
38,809: [GC (Allocation Failure) [PSYoungGen: 390240K->96K(374272K)] 392012K->1868K(549376K), 0,0005647 secs] [Times: user=0,00 sys=0,00, real=0,00 secs] 
38,935: [GC (Allocation Failure) [PSYoungGen: 373856K->96K(358400K)] 375628K->1868K(533504K), 0,0006027 secs] [Times: user=0,00 sys=0,00, real=0,00 secs] 
39,067: [GC (Allocation Failure) [PSYoungGen: 357984K->96K(343552K)] 359756K->1868K(518656K), 0,0026956 secs] [Times: user=0,00 sys=0,00, real=0,01 secs] 
39,194: [GC (Allocation Failure) [PSYoungGen: 343136K->96K(329216K)] 344908K->1868K(504320K), 0,0014585 secs] [Times: user=0,00 sys=0,00, real=0,00 secs] 
39,309: [GC (Allocation Failure) [PSYoungGen: 328800K->64K(315904K)] 330572K->1836K(491008K), 0,0011464 secs] [Times: user=0,01 sys=0,00, real=0,00 secs] 
39,425: [GC (Allocation Failure) [PSYoungGen: 315456K->96K(303104K)] 317228K->1868K(478208K), 0,0011158 secs] [Times: user=0,00 sys=0,00, real=0,00 secs] 
39,545: [GC (Allocation Failure) [PSYoungGen: 302688K->32K(364032K)] 304460K->1804K(539136K), 0,0041023 secs] [Times: user=0,01 sys=0,00, real=0,01 secs] 
39,684: [GC (Allocation Failure) [PSYoungGen: 363552K->32K(436736K)] 365324K->1804K(611840K), 0,0043942 secs] [Times: user=0,01 sys=0,00, real=0,01 secs] 
39,968: [GC (Allocation Failure) [PSYoungGen: 436256K->96K(524288K)] 438028K->1868K(699392K), 0,0005154 secs] [Times: user=0,00 sys=0,00, real=0,00 secs] 
40,111: [GC (Allocation Failure) [PSYoungGen: 523872K->96K(629248K)] 525644K->1868K(804352K), 0,0006074 secs] [Times: user=0,00 sys=0,00, real=0,00 secs] 
40,362: [GC (Allocation Failure) [PSYoungGen: 628832K->96K(601088K)] 630604K->1868K(776192K), 0,0005167 secs] [Times: user=0,00 sys=0,00, real=0,00 secs] 
40,580: [GC (Allocation Failure) [PSYoungGen: 600672K->64K(574464K)] 602444K->1860K(749568K), 0,0023099 secs] [Times: user=0,00 sys=0,00, real=0,00 secs] 
40,754: [GC (Allocation Failure) [PSYoungGen: 574016K->96K(548864K)] 575812K->1892K(723968K), 0,0005223 secs] [Times: user=0,00 sys=0,00, real=0,00 secs] 
40,877: [GC (Allocation Failure) [PSYoungGen: 548448K->64K(524800K)] 550244K->1860K(699904K), 0,0005000 secs] [Times: user=0,00 sys=0,00, real=0,00 secs] 
41,005: [GC (Allocation Failure) [PSYoungGen: 524352K->96K(501760K)] 526148K->1892K(676864K), 0,0010858 secs] [Times: user=0,01 sys=0,00, real=0,00 secs] 
41,135: [GC (Allocation Failure) [PSYoungGen: 501344K->32K(479744K)] 503140K->1828K(654848K), 0,0010070 secs] [Times: user=0,00 sys=0,00, real=0,00 secs] 
41,256: [GC (Allocation Failure) [PSYoungGen: 479264K->64K(458752K)] 481060K->1860K(633856K), 0,0010715 secs] [Times: user=0,00 sys=0,00, real=0,01 secs] 
41,372: [GC (Allocation Failure) [PSYoungGen: 458304K->96K(438784K)] 460100K->1892K(613888K), 0,0005042 secs] [Times: user=0,01 sys=0,00, real=0,00 secs] 
41,476: [GC (Allocation Failure) [PSYoungGen: 438368K->96K(419840K)] 440164K->1892K(594944K), 0,0004902 secs] [Times: user=0,00 sys=0,00, real=0,00 secs] 
41,568: [GC (Allocation Failure) [PSYoungGen: 419424K->96K(401920K)] 421220K->1892K(577024K), 0,0004963 secs] [Times: user=0,00 sys=0,00, real=0,00 secs] 
41,656: [GC (Allocation Failure) [PSYoungGen: 401504K->96K(385024K)] 403300K->1892K(560128K), 0,0004989 secs] [Times: user=0,01 sys=0,00, real=0,00 secs] 
41,740: [GC (Allocation Failure) [PSYoungGen: 384608K->64K(368640K)] 386404K->1860K(543744K), 0,0005085 secs] [Times: user=0,00 sys=0,00, real=0,00 secs] 
41,822: [GC (Allocation Failure) [PSYoungGen: 368192K->96K(353280K)] 369988K->1892K(528384K), 0,0005293 secs] [Times: user=0,00 sys=0,00, real=0,00 secs] 
41,899: [GC (Allocation Failure) [PSYoungGen: 352864K->96K(338432K)] 354660K->1892K(513536K), 0,0004964 secs] [Times: user=0,00 sys=0,00, real=0,00 secs] 
41,974: [GC (Allocation Failure) [PSYoungGen: 338016K->64K(324608K)] 339812K->1860K(499712K), 0,0009125 secs] [Times: user=0,00 sys=0,00, real=0,00 secs] 
42,045: [GC (Allocation Failure) [PSYoungGen: 324160K->96K(311296K)] 325956K->1892K(486400K), 0,0005639 secs] [Times: user=0,00 sys=0,00, real=0,00 secs] 
42,114: [GC (Allocation Failure) [PSYoungGen: 310880K->64K(298496K)] 312676K->1860K(473600K), 0,0005577 secs] [Times: user=0,00 sys=0,00, real=0,00 secs] 
42,179: [GC (Allocation Failure) [PSYoungGen: 298048K->96K(286720K)] 299844K->1892K(461824K), 0,0004938 secs] [Times: user=0,01 sys=0,00, real=0,00 secs] 
42,242: [GC (Allocation Failure) [PSYoungGen: 286304K->96K(275456K)] 288100K->1892K(450560K), 0,0004902 secs] [Times: user=0,00 sys=0,00, real=0,00 secs] 
42,303: [GC (Allocation Failure) [PSYoungGen: 275040K->96K(264704K)] 276836K->1892K(439808K), 0,0006132 secs] [Times: user=0,00 sys=0,01, real=0,00 secs] 
42,363: [GC (Allocation Failure) [PSYoungGen: 264288K->64K(254464K)] 266084K->1860K(429568K), 0,0004910 secs] [Times: user=0,00 sys=0,00, real=0,00 secs] 
42,419: [GC (Allocation Failure) [PSYoungGen: 254016K->64K(244736K)] 255812K->1860K(419840K), 0,0005765 secs] [Times: user=0,00 sys=0,00, real=0,00 secs] 
42,474: [GC (Allocation Failure) [PSYoungGen: 244288K->96K(235520K)] 246084K->1892K(410624K), 0,0004919 secs] [Times: user=0,00 sys=0,00, real=0,00 secs] 
42,526: [GC (Allocation Failure) [PSYoungGen: 235104K->96K(226816K)] 236900K->1892K(401920K), 0,0005356 secs] [Times: user=0,00 sys=0,00, real=0,00 secs] 
42,590: [GC (Allocation Failure) [PSYoungGen: 226400K->96K(218112K)] 228196K->1892K(393216K), 0,0009352 secs] [Times: user=0,01 sys=0,00, real=0,00 secs] 
42,647: [GC (Allocation Failure) [PSYoungGen: 217696K->64K(261632K)] 219492K->1860K(436736K), 0,0010875 secs] [Times: user=0,00 sys=0,00, real=0,00 secs] 
42,708: [GC (Allocation Failure) [PSYoungGen: 261184K->64K(313856K)] 262980K->1860K(488960K), 0,0004982 secs] [Times: user=0,00 sys=0,00, real=0,00 secs] 
42,777: [GC (Allocation Failure) [PSYoungGen: 313408K->64K(301056K)] 315204K->1860K(476160K), 0,0004925 secs] [Times: user=0,00 sys=0,00, real=0,01 secs] 
42,844: [GC (Allocation Failure) [PSYoungGen: 300608K->64K(288768K)] 302404K->1860K(463872K), 0,0004932 secs] [Times: user=0,00 sys=0,00, real=0,00 secs] 
42,908: [GC (Allocation Failure) [PSYoungGen: 288320K->96K(277504K)] 290116K->1892K(452608K), 0,0005647 secs] [Times: user=0,00 sys=0,00, real=0,00 secs] 
42,968: [GC (Allocation Failure) [PSYoungGen: 277088K->96K(266752K)] 278884K->1892K(441856K), 0,0005166 secs] [Times: user=0,00 sys=0,00, real=0,00 secs] 
43,036: [GC (Allocation Failure) [PSYoungGen: 266336K->64K(256512K)] 268132K->1860K(431616K), 0,0005293 secs] [Times: user=0,00 sys=0,00, real=0,01 secs] 
43,093: [GC (Allocation Failure) [PSYoungGen: 256064K->64K(246784K)] 257860K->1860K(421888K), 0,0005008 secs] [Times: user=0,00 sys=0,01, real=0,00 secs] 
43,147: [GC (Allocation Failure) [PSYoungGen: 246336K->96K(237568K)] 248132K->1892K(412672K), 0,0004962 secs] [Times: user=0,00 sys=0,00, real=0,00 secs] 
43,200: [GC (Allocation Failure) [PSYoungGen: 237152K->64K(228352K)] 238948K->1860K(403456K), 0,0005278 secs] [Times: user=0,00 sys=0,00, real=0,00 secs] 
43,250: [GC (Allocation Failure) [PSYoungGen: 227904K->96K(219648K)] 229700K->1892K(394752K), 0,0005283 secs] [Times: user=0,00 sys=0,00, real=0,00 secs] 
43,299: [GC (Allocation Failure) [PSYoungGen: 219232K->96K(211456K)] 221028K->1892K(386560K), 0,0004958 secs] [Times: user=0,00 sys=0,00, real=0,00 secs] 
43,346: [GC (Allocation Failure) [PSYoungGen: 211040K->96K(203776K)] 212836K->1892K(378880K), 0,0004936 secs] [Times: user=0,01 sys=0,00, real=0,00 secs] 
43,391: [GC (Allocation Failure) [PSYoungGen: 203360K->96K(196096K)] 205156K->1892K(371200K), 0,0004971 secs] [Times: user=0,00 sys=0,00, real=0,00 secs] 
43,435: [GC (Allocation Failure) [PSYoungGen: 195680K->96K(188928K)] 197476K->1892K(364032K), 0,0005024 secs] [Times: user=0,00 sys=0,00, real=0,00 secs] 
43,481: [GC (Allocation Failure) [PSYoungGen: 188512K->64K(182272K)] 190308K->1860K(357376K), 0,0004974 secs] [Times: user=0,00 sys=0,00, real=0,00 secs] 
43,522: [GC (Allocation Failure) [PSYoungGen: 181824K->96K(175616K)] 183620K->1892K(350720K), 0,0004883 secs] [Times: user=0,00 sys=0,00, real=0,00 secs] 
43,561: [GC (Allocation Failure) [PSYoungGen: 175200K->96K(210944K)] 176996K->1892K(386048K), 0,0005266 secs] [Times: user=0,00 sys=0,00, real=0,00 secs] 
43,615: [GC (Allocation Failure) [PSYoungGen: 210528K->64K(253440K)] 212324K->1860K(428544K), 0,0010908 secs] [Times: user=0,00 sys=0,00, real=0,00 secs] 
43,676: [GC (Allocation Failure) [PSYoungGen: 252992K->64K(304128K)] 254788K->1860K(479232K), 0,0005337 secs] [Times: user=0,00 sys=0,00, real=0,00 secs] 
43,749: [GC (Allocation Failure) [PSYoungGen: 303680K->96K(365056K)] 305476K->1892K(540160K), 0,0010900 secs] [Times: user=0,01 sys=0,00, real=0,00 secs] 
43,841: [GC (Allocation Failure) [PSYoungGen: 364640K->96K(438272K)] 366436K->1892K(613376K), 0,0006147 secs] [Times: user=0,00 sys=0,00, real=0,00 secs] 
43,944: [GC (Allocation Failure) [PSYoungGen: 437856K->64K(525824K)] 439652K->1860K(700928K), 0,0009447 secs] [Times: user=0,00 sys=0,00, real=0,00 secs] 
44,094: [GC (Allocation Failure) [PSYoungGen: 525376K->64K(502784K)] 527172K->1860K(677888K), 0,0005094 secs] [Times: user=0,00 sys=0,00, real=0,00 secs] 
44,205: [GC (Allocation Failure) [PSYoungGen: 502336K->96K(480768K)] 504132K->1892K(655872K), 0,0004889 secs] [Times: user=0,00 sys=0,00, real=0,00 secs] 
44,311: [GC (Allocation Failure) [PSYoungGen: 480352K->96K(459776K)] 482148K->1892K(634880K), 0,0005038 secs] [Times: user=0,01 sys=0,00, real=0,00 secs] 
44,415: [GC (Allocation Failure) [PSYoungGen: 459360K->64K(439808K)] 461156K->1860K(614912K), 0,0004893 secs] [Times: user=0,00 sys=0,00, real=0,00 secs] 
44,517: [GC (Allocation Failure) [PSYoungGen: 439360K->64K(420864K)] 441156K->1860K(595968K), 0,0005214 secs] [Times: user=0,00 sys=0,00, real=0,00 secs] 
44,616: [GC (Allocation Failure) [PSYoungGen: 420416K->96K(402944K)] 422212K->1892K(578048K), 0,0005114 secs] [Times: user=0,00 sys=0,00, real=0,00 secs] 
44,720: [GC (Allocation Failure) [PSYoungGen: 402528K->64K(386048K)] 404324K->1860K(561152K), 0,0006911 secs] [Times: user=0,00 sys=0,00, real=0,00 secs] 
44,808: [GC (Allocation Failure) [PSYoungGen: 385600K->32K(369664K)] 387396K->1828K(544768K), 0,0005221 secs] [Times: user=0,00 sys=0,00, real=0,00 secs] 
44,906: [GC (Allocation Failure) [PSYoungGen: 369184K->96K(354304K)] 370980K->1892K(529408K), 0,0005191 secs] [Times: user=0,00 sys=0,00, real=0,00 secs] 
44,992: [GC (Allocation Failure) [PSYoungGen: 353888K->96K(339456K)] 355684K->1892K(514560K), 0,0004908 secs] [Times: user=0,00 sys=0,00, real=0,00 secs] 
45,074: [GC (Allocation Failure) [PSYoungGen: 339040K->64K(325632K)] 340836K->1860K(500736K), 0,0005184 secs] [Times: user=0,00 sys=0,00, real=0,00 secs] 
45,156: [GC (Allocation Failure) [PSYoungGen: 325184K->64K(312320K)] 326980K->1860K(487424K), 0,0004846 secs] [Times: user=0,00 sys=0,00, real=0,00 secs] 
45,233: [GC (Allocation Failure) [PSYoungGen: 311872K->96K(299520K)] 313668K->1892K(474624K), 0,0005031 secs] [Times: user=0,00 sys=0,00, real=0,00 secs] 
45,307: [GC (Allocation Failure) [PSYoungGen: 299104K->96K(287744K)] 300900K->1892K(462848K), 0,0005107 secs] [Times: user=0,00 sys=0,00, real=0,00 secs] 
45,377: [GC (Allocation Failure) [PSYoungGen: 287328K->64K(276480K)] 289124K->1860K(451584K), 0,0007161 secs] [Times: user=0,00 sys=0,00, real=0,00 secs] 
45,445: [GC (Allocation Failure) [PSYoungGen: 276032K->96K(265728K)] 277828K->1892K(440832K), 0,0004961 secs] [Times: user=0,00 sys=0,00, real=0,00 secs] 
45,503: [GC (Allocation Failure) [PSYoungGen: 265312K->96K(255488K)] 267108K->1892K(430592K), 0,0004834 secs] [Times: user=0,00 sys=0,00, real=0,00 secs] 
45,559: [GC (Allocation Failure) [PSYoungGen: 255072K->96K(245760K)] 256868K->1892K(420864K), 0,0008996 secs] [Times: user=0,00 sys=0,00, real=0,00 secs] 
45,613: [GC (Allocation Failure) [PSYoungGen: 245344K->96K(236544K)] 247140K->1892K(411648K), 0,0005204 secs] [Times: user=0,00 sys=0,00, real=0,00 secs] 
45,664: [GC (Allocation Failure) [PSYoungGen: 236128K->64K(227328K)] 237924K->1860K(402432K), 0,0005874 secs] [Times: user=0,00 sys=0,01, real=0,00 secs] 
45,713: [GC (Allocation Failure) [PSYoungGen: 226880K->96K(218624K)] 228676K->1892K(393728K), 0,0005072 secs] [Times: user=0,00 sys=0,00, real=0,00 secs] 
45,769: [GC (Allocation Failure) [PSYoungGen: 218208K->64K(262656K)] 220004K->1860K(437760K), 0,0010545 secs] [Times: user=0,00 sys=0,00, real=0,00 secs] 
45,855: [GC (Allocation Failure) [PSYoungGen: 262208K->32K(315392K)] 264004K->1828K(490496K), 0,0011188 secs] [Times: user=0,00 sys=0,00, real=0,00 secs] 
45,955: [GC (Allocation Failure) [PSYoungGen: 314912K->64K(302592K)] 316708K->1860K(477696K), 0,0005382 secs] [Times: user=0,00 sys=0,00, real=0,00 secs] 
46,046: [GC (Allocation Failure) [PSYoungGen: 302144K->64K(290304K)] 303940K->1860K(465408K), 0,0009831 secs] [Times: user=0,00 sys=0,00, real=0,01 secs] 
46,134: [GC (Allocation Failure) [PSYoungGen: 289856K->96K(278528K)] 291652K->1892K(453632K), 0,0005371 secs] [Times: user=0,01 sys=0,00, real=0,00 secs] 
46,226: [GC (Allocation Failure) [PSYoungGen: 278112K->64K(267776K)] 279908K->1860K(442880K), 0,0006694 secs] [Times: user=0,00 sys=0,00, real=0,00 secs] 
46,318: [GC (Allocation Failure) [PSYoungGen: 267328K->96K(257536K)] 269124K->1892K(432640K), 0,0005158 secs] [Times: user=0,00 sys=0,00, real=0,00 secs] 
46,400: [GC (Allocation Failure) [PSYoungGen: 257120K->96K(247296K)] 258916K->1892K(422400K), 0,0005285 secs] [Times: user=0,01 sys=0,00, real=0,00 secs] 
46,484: [GC (Allocation Failure) [PSYoungGen: 246880K->64K(237568K)] 248676K->1860K(412672K), 0,0007254 secs] [Times: user=0,01 sys=0,00, real=0,00 secs] 
46,571: [GC (Allocation Failure) [PSYoungGen: 237120K->96K(228352K)] 238916K->1892K(403456K), 0,0005486 secs] [Times: user=0,00 sys=0,00, real=0,00 secs] 
46,652: [GC (Allocation Failure) [PSYoungGen: 227936K->96K(219648K)] 229732K->1892K(394752K), 0,0005588 secs] [Times: user=0,00 sys=0,00, real=0,00 secs] 
46,734: [GC (Allocation Failure) [PSYoungGen: 219232K->96K(211456K)] 221028K->1892K(386560K), 0,0005563 secs] [Times: user=0,00 sys=0,00, real=0,00 secs] 
46,823: [GC (Allocation Failure) [PSYoungGen: 211040K->96K(203776K)] 212836K->1892K(378880K), 0,0005918 secs] [Times: user=0,00 sys=0,00, real=0,00 secs] 
46,899: [GC (Allocation Failure) [PSYoungGen: 203360K->64K(196096K)] 205156K->1860K(371200K), 0,0011035 secs] [Times: user=0,00 sys=0,00, real=0,00 secs] 
46,968: [GC (Allocation Failure) [PSYoungGen: 195648K->64K(235520K)] 197444K->1860K(410624K), 0,0011909 secs] [Times: user=0,00 sys=0,00, real=0,00 secs] 
47,051: [GC (Allocation Failure) [PSYoungGen: 235072K->64K(282624K)] 236868K->1860K(457728K), 0,0016083 secs] [Times: user=0,00 sys=0,00, real=0,00 secs] 
47,149: [GC (Allocation Failure) [PSYoungGen: 282176K->32K(339456K)] 283972K->1828K(514560K), 0,0012300 secs] [Times: user=0,00 sys=0,00, real=0,00 secs] 
47,261: [GC (Allocation Failure) [PSYoungGen: 338976K->64K(407552K)] 340772K->1860K(582656K), 0,0011464 secs] [Times: user=0,00 sys=0,00, real=0,00 secs] 
47,405: [GC (Allocation Failure) [PSYoungGen: 407104K->64K(488960K)] 408900K->1860K(664064K), 0,0011782 secs] [Times: user=0,01 sys=0,00, real=0,00 secs] 
47,681: [GC (Allocation Failure) [PSYoungGen: 488512K->96K(467456K)] 490308K->1892K(642560K), 0,0005923 secs] [Times: user=0,00 sys=0,00, real=0,00 secs] 
47,838: [GC (Allocation Failure) [PSYoungGen: 467040K->64K(447488K)] 468836K->1860K(622592K), 0,0009709 secs] [Times: user=0,00 sys=0,00, real=0,00 secs] 
47,947: [GC (Allocation Failure) [PSYoungGen: 447040K->96K(428032K)] 448836K->1892K(603136K), 0,0006325 secs] [Times: user=0,00 sys=0,00, real=0,01 secs] 
48,048: [GC (Allocation Failure) [PSYoungGen: 427616K->96K(409600K)] 429412K->1892K(584704K), 0,0005143 secs] [Times: user=0,00 sys=0,00, real=0,00 secs] 
48,145: [GC (Allocation Failure) [PSYoungGen: 409184K->32K(392192K)] 410980K->1828K(567296K), 0,0015352 secs] [Times: user=0,00 sys=0,00, real=0,00 secs] 
48,246: [GC (Allocation Failure) [PSYoungGen: 391712K->96K(375808K)] 393508K->1892K(550912K), 0,0005983 secs] [Times: user=0,00 sys=0,00, real=0,01 secs] 
48,332: [GC (Allocation Failure) [PSYoungGen: 375392K->96K(359936K)] 377188K->1892K(535040K), 0,0004897 secs] [Times: user=0,00 sys=0,00, real=0,00 secs] 
48,416: [GC (Allocation Failure) [PSYoungGen: 359520K->96K(345088K)] 361316K->1892K(520192K), 0,0004920 secs] [Times: user=0,00 sys=0,00, real=0,00 secs] 
48,495: [GC (Allocation Failure) [PSYoungGen: 344672K->96K(330752K)] 346468K->1892K(505856K), 0,0004880 secs] [Times: user=0,00 sys=0,00, real=0,00 secs] 
48,572: [GC (Allocation Failure) [PSYoungGen: 330336K->64K(317440K)] 332132K->1860K(492544K), 0,0012120 secs] [Times: user=0,01 sys=0,00, real=0,00 secs] 
48,649: [GC (Allocation Failure) [PSYoungGen: 316992K->96K(304640K)] 318788K->1892K(479744K), 0,0005207 secs] [Times: user=0,00 sys=0,00, real=0,00 secs] 
48,719: [GC (Allocation Failure) [PSYoungGen: 304224K->64K(292352K)] 306020K->1860K(467456K), 0,0004973 secs] [Times: user=0,00 sys=0,00, real=0,00 secs] 
48,788: [GC (Allocation Failure) [PSYoungGen: 291904K->96K(280576K)] 293700K->1892K(455680K), 0,0005543 secs] [Times: user=0,00 sys=0,00, real=0,00 secs] 
48,851: [GC (Allocation Failure) [PSYoungGen: 280160K->64K(336896K)] 281956K->1860K(512000K), 0,0012403 secs] [Times: user=0,01 sys=0,01, real=0,00 secs] 
48,925: [GC (Allocation Failure) [PSYoungGen: 336448K->96K(323072K)] 338244K->1892K(498176K), 0,0004903 secs] [Times: user=0,00 sys=0,00, real=0,00 secs] 
48,995: [GC (Allocation Failure) [PSYoungGen: 322656K->64K(387584K)] 324452K->1868K(562688K), 0,0010614 secs] [Times: user=0,00 sys=0,00, real=0,00 secs] 
49,083: [GC (Allocation Failure) [PSYoungGen: 387136K->96K(371200K)] 388940K->1900K(546304K), 0,0005092 secs] [Times: user=0,01 sys=0,00, real=0,00 secs] 
49,165: [GC (Allocation Failure) [PSYoungGen: 370784K->96K(355840K)] 372588K->1900K(530944K), 0,0004895 secs] [Times: user=0,00 sys=0,00, real=0,00 secs] 
49,243: [GC (Allocation Failure) [PSYoungGen: 355424K->96K(340992K)] 357228K->1900K(516096K), 0,0005458 secs] [Times: user=0,00 sys=0,00, real=0,00 secs] 
49,317: [GC (Allocation Failure) [PSYoungGen: 340576K->96K(327168K)] 342380K->1900K(502272K), 0,0004984 secs] [Times: user=0,00 sys=0,00, real=0,00 secs] 
49,387: [GC (Allocation Failure) [PSYoungGen: 326752K->96K(313856K)] 328556K->1900K(488960K), 0,0004923 secs] [Times: user=0,00 sys=0,00, real=0,00 secs] 
49,456: [GC (Allocation Failure) [PSYoungGen: 313440K->64K(301056K)] 315244K->1868K(476160K), 0,0007423 secs] [Times: user=0,00 sys=0,00, real=0,00 secs] 
49,521: [GC (Allocation Failure) [PSYoungGen: 300608K->64K(288768K)] 302412K->1868K(463872K), 0,0006809 secs] [Times: user=0,00 sys=0,00, real=0,00 secs] 
49,584: [GC (Allocation Failure) [PSYoungGen: 288320K->96K(277504K)] 290124K->1900K(452608K), 0,0005000 secs] [Times: user=0,00 sys=0,00, real=0,00 secs] 
49,643: [GC (Allocation Failure) [PSYoungGen: 277088K->64K(266752K)] 278892K->1868K(441856K), 0,0005743 secs] [Times: user=0,00 sys=0,00, real=0,00 secs] 
49,701: [GC (Allocation Failure) [PSYoungGen: 266304K->64K(256512K)] 268108K->1868K(431616K), 0,0007206 secs] [Times: user=0,00 sys=0,00, real=0,00 secs] 
49,758: [GC (Allocation Failure) [PSYoungGen: 256064K->64K(246784K)] 257868K->1868K(421888K), 0,0005950 secs] [Times: user=0,00 sys=0,00, real=0,00 secs] 
49,812: [GC (Allocation Failure) [PSYoungGen: 246336K->96K(237568K)] 248140K->1900K(412672K), 0,0004860 secs] [Times: user=0,00 sys=0,00, real=0,00 secs] 
49,863: [GC (Allocation Failure) [PSYoungGen: 237152K->64K(228352K)] 238956K->1868K(403456K), 0,0007511 secs] [Times: user=0,01 sys=0,00, real=0,00 secs] 
49,912: [GC (Allocation Failure) [PSYoungGen: 227904K->96K(219648K)] 229708K->1900K(394752K), 0,0005147 secs] [Times: user=0,00 sys=0,00, real=0,00 secs] 
49,960: [GC (Allocation Failure) [PSYoungGen: 219232K->64K(211456K)] 221036K->1868K(386560K), 0,0005279 secs] [Times: user=0,00 sys=0,00, real=0,00 secs] 
50,007: [GC (Allocation Failure) [PSYoungGen: 211008K->96K(253952K)] 212812K->1900K(429056K), 0,0005738 secs] [Times: user=0,00 sys=0,01, real=0,01 secs] 
50,063: [GC (Allocation Failure) [PSYoungGen: 253536K->96K(244224K)] 255340K->1900K(419328K), 0,0004884 secs] [Times: user=0,00 sys=0,00, real=0,00 secs] 
50,116: [GC (Allocation Failure) [PSYoungGen: 243808K->96K(235008K)] 245612K->1900K(410112K), 0,0005006 secs] [Times: user=0,00 sys=0,00, real=0,00 secs] 
50,167: [GC (Allocation Failure) [PSYoungGen: 234592K->96K(226304K)] 236396K->1900K(401408K), 0,0005289 secs] [Times: user=0,00 sys=0,00, real=0,00 secs] 
50,216: [GC (Allocation Failure) [PSYoungGen: 225888K->96K(217600K)] 227692K->1900K(392704K), 0,0005339 secs] [Times: user=0,00 sys=0,00, real=0,00 secs] 
50,264: [GC (Allocation Failure) [PSYoungGen: 217184K->96K(209408K)] 218988K->1900K(384512K), 0,0004911 secs] [Times: user=0,00 sys=0,00, real=0,00 secs] 
50,310: [GC (Allocation Failure) [PSYoungGen: 208992K->64K(201728K)] 210796K->1892K(376832K), 0,0005065 secs] [Times: user=0,00 sys=0,00, real=0,00 secs] 
50,354: [GC (Allocation Failure) [PSYoungGen: 201280K->96K(194560K)] 203108K->1924K(369664K), 0,0004934 secs] [Times: user=0,00 sys=0,00, real=0,00 secs] 
50,397: [GC (Allocation Failure) [PSYoungGen: 194144K->64K(233472K)] 195972K->1892K(408576K), 0,0005223 secs] [Times: user=0,00 sys=0,00, real=0,01 secs] 
50,448: [GC (Allocation Failure) [PSYoungGen: 233024K->64K(224768K)] 234852K->1892K(399872K), 0,0004940 secs] [Times: user=0,00 sys=0,00, real=0,00 secs] 
50,498: [GC (Allocation Failure) [PSYoungGen: 224320K->64K(216576K)] 226148K->1892K(391680K), 0,0004943 secs] [Times: user=0,00 sys=0,00, real=0,00 secs] 
50,545: [GC (Allocation Failure) [PSYoungGen: 216128K->64K(208384K)] 217956K->1892K(383488K), 0,0004992 secs] [Times: user=0,00 sys=0,00, real=0,00 secs] 
50,590: [GC (Allocation Failure) [PSYoungGen: 207936K->96K(200704K)] 209764K->1924K(375808K), 0,0005078 secs] [Times: user=0,00 sys=0,00, real=0,00 secs] 
50,634: [GC (Allocation Failure) [PSYoungGen: 200288K->96K(193536K)] 202116K->1924K(368640K), 0,0005221 secs] [Times: user=0,00 sys=0,00, real=0,00 secs] 
50,677: [GC (Allocation Failure) [PSYoungGen: 193120K->64K(232448K)] 194948K->1892K(407552K), 0,0005204 secs] [Times: user=0,01 sys=0,00, real=0,00 secs] 
50,727: [GC (Allocation Failure) [PSYoungGen: 232000K->64K(279040K)] 233828K->1892K(454144K), 0,0005343 secs] [Times: user=0,01 sys=0,00, real=0,00 secs] 
50,787: [GC (Allocation Failure) [PSYoungGen: 278592K->96K(267776K)] 280420K->1924K(442880K), 0,0005707 secs] [Times: user=0,01 sys=0,00, real=0,00 secs] 
50,846: [GC (Allocation Failure) [PSYoungGen: 267360K->96K(321536K)] 269188K->1924K(496640K), 0,0009033 secs] [Times: user=0,00 sys=0,00, real=0,01 secs] 
50,921: [GC (Allocation Failure) [PSYoungGen: 321120K->128K(308224K)] 322948K->1956K(483328K), 0,0005514 secs] [Times: user=0,00 sys=0,00, real=0,00 secs] 
50,988: [GC (Allocation Failure) [PSYoungGen: 307840K->64K(295936K)] 309668K->1892K(471040K), 0,0006286 secs] [Times: user=0,00 sys=0,00, real=0,00 secs] 
51,053: [GC (Allocation Failure) [PSYoungGen: 295488K->96K(284160K)] 297316K->1924K(459264K), 0,0005025 secs] [Times: user=0,00 sys=0,00, real=0,00 secs] 
51,115: [GC (Allocation Failure) [PSYoungGen: 283744K->96K(272896K)] 285572K->1924K(448000K), 0,0005026 secs] [Times: user=0,00 sys=0,00, real=0,00 secs] 
51,174: [GC (Allocation Failure) [PSYoungGen: 272480K->96K(262144K)] 274308K->1924K(437248K), 0,0004907 secs] [Times: user=0,00 sys=0,00, real=0,00 secs] 
51,231: [GC (Allocation Failure) [PSYoungGen: 261728K->96K(251904K)] 263556K->1924K(427008K), 0,0005071 secs] [Times: user=0,00 sys=0,00, real=0,00 secs] 
51,286: [GC (Allocation Failure) [PSYoungGen: 251488K->96K(242176K)] 253316K->1924K(417280K), 0,0005040 secs] [Times: user=0,00 sys=0,00, real=0,00 secs] 
51,339: [GC (Allocation Failure) [PSYoungGen: 241760K->96K(232960K)] 243588K->1924K(408064K), 0,0004879 secs] [Times: user=0,01 sys=0,00, real=0,00 secs] 
51,396: [GC (Allocation Failure) [PSYoungGen: 232544K->96K(224256K)] 234372K->1924K(399360K), 0,0004837 secs] [Times: user=0,00 sys=0,00, real=0,00 secs] 
51,448: [GC (Allocation Failure) [PSYoungGen: 223840K->64K(216064K)] 225668K->1892K(391168K), 0,0006954 secs] [Times: user=0,00 sys=0,00, real=0,00 secs] 
51,499: [GC (Allocation Failure) [PSYoungGen: 215616K->96K(207872K)] 217444K->1924K(382976K), 0,0004907 secs] [Times: user=0,00 sys=0,00, real=0,00 secs] 
51,546: [GC (Allocation Failure) [PSYoungGen: 207456K->64K(200192K)] 209284K->1892K(375296K), 0,0005452 secs] [Times: user=0,00 sys=0,00, real=0,00 secs] 
51,591: [GC (Allocation Failure) [PSYoungGen: 199744K->96K(193024K)] 201572K->1924K(368128K), 0,0004915 secs] [Times: user=0,00 sys=0,00, real=0,00 secs] 
51,634: [GC (Allocation Failure) [PSYoungGen: 192608K->96K(185856K)] 194436K->1924K(360960K), 0,0005038 secs] [Times: user=0,00 sys=0,00, real=0,00 secs] 
51,676: [GC (Allocation Failure) [PSYoungGen: 185440K->64K(223232K)] 187268K->1892K(398336K), 0,0005680 secs] [Times: user=0,00 sys=0,00, real=0,00 secs] 
51,727: [GC (Allocation Failure) [PSYoungGen: 222784K->64K(215040K)] 224612K->1892K(390144K), 0,0004967 secs] [Times: user=0,00 sys=0,00, real=0,00 secs] 
51,779: [GC (Allocation Failure) [PSYoungGen: 214592K->96K(206848K)] 216420K->1924K(381952K), 0,0005065 secs] [Times: user=0,00 sys=0,00, real=0,00 secs] 
51,824: [GC (Allocation Failure) [PSYoungGen: 206432K->96K(248320K)] 208260K->1924K(423424K), 0,0006968 secs] [Times: user=0,00 sys=0,00, real=0,00 secs] 
51,878: [GC (Allocation Failure) [PSYoungGen: 247904K->96K(297984K)] 249732K->1924K(473088K), 0,0004893 secs] [Times: user=0,00 sys=0,00, real=0,00 secs] 
51,943: [GC (Allocation Failure) [PSYoungGen: 297568K->96K(286208K)] 299396K->1924K(461312K), 0,0004915 secs] [Times: user=0,00 sys=0,00, real=0,00 secs] 
52,007: [GC (Allocation Failure) [PSYoungGen: 285792K->96K(274944K)] 287620K->1924K(450048K), 0,0005495 secs] [Times: user=0,00 sys=0,00, real=0,00 secs] 
52,071: [GC (Allocation Failure) [PSYoungGen: 274528K->64K(264192K)] 276356K->1892K(439296K), 0,0006267 secs] [Times: user=0,00 sys=0,00, real=0,00 secs] 
52,130: [GC (Allocation Failure) [PSYoungGen: 263744K->96K(253952K)] 265572K->1924K(429056K), 0,0005077 secs] [Times: user=0,00 sys=0,00, real=0,00 secs] 
52,187: [GC (Allocation Failure) [PSYoungGen: 253536K->96K(244224K)] 255364K->1924K(419328K), 0,0005060 secs] [Times: user=0,00 sys=0,00, real=0,00 secs] 
52,241: [GC (Allocation Failure) [PSYoungGen: 243808K->64K(235008K)] 245636K->1892K(410112K), 0,0007667 secs] [Times: user=0,00 sys=0,00, real=0,00 secs] 
52,294: [GC (Allocation Failure) [PSYoungGen: 234560K->96K(226304K)] 236388K->1924K(401408K), 0,0004987 secs] [Times: user=0,00 sys=0,00, real=0,00 secs] 
52,350: [GC (Allocation Failure) [PSYoungGen: 225888K->64K(217600K)] 227716K->1892K(392704K), 0,0005212 secs] [Times: user=0,00 sys=0,00, real=0,00 secs] 
52,401: [GC (Allocation Failure) [PSYoungGen: 217152K->64K(209408K)] 218980K->1892K(384512K), 0,0005250 secs] [Times: user=0,00 sys=0,00, real=0,00 secs] 
52,449: [GC (Allocation Failure) [PSYoungGen: 208960K->96K(201728K)] 210788K->1924K(376832K), 0,0004878 secs] [Times: user=0,00 sys=0,00, real=0,00 secs] 
52,495: [GC (Allocation Failure) [PSYoungGen: 201312K->64K(194560K)] 203140K->1892K(369664K), 0,0005912 secs] [Times: user=0,00 sys=0,00, real=0,00 secs] 
52,539: [GC (Allocation Failure) [PSYoungGen: 194112K->64K(187392K)] 195940K->1892K(362496K), 0,0004922 secs] [Times: user=0,00 sys=0,00, real=0,00 secs] 
52,581: [GC (Allocation Failure) [PSYoungGen: 186944K->96K(224768K)] 188772K->1924K(399872K), 0,0005136 secs] [Times: user=0,00 sys=0,00, real=0,00 secs] 
52,631: [GC (Allocation Failure) [PSYoungGen: 224352K->96K(216576K)] 226180K->1924K(391680K), 0,0005254 secs] [Times: user=0,00 sys=0,00, real=0,00 secs] 
52,679: [GC (Allocation Failure) [PSYoungGen: 216160K->96K(208384K)] 217988K->1924K(383488K), 0,0005508 secs] [Times: user=0,00 sys=0,00, real=0,00 secs] 
52,724: [GC (Allocation Failure) [PSYoungGen: 207968K->64K(250368K)] 209796K->1892K(425472K), 0,0009130 secs] [Times: user=0,01 sys=0,00, real=0,00 secs] 
52,779: [GC (Allocation Failure) [PSYoungGen: 249920K->64K(300544K)] 251748K->1892K(475648K), 0,0004939 secs] [Times: user=0,00 sys=0,00, real=0,00 secs] 
52,844: [GC (Allocation Failure) [PSYoungGen: 300096K->96K(360960K)] 301924K->1924K(536064K), 0,0005156 secs] [Times: user=0,01 sys=0,00, real=0,00 secs] 
52,923: [GC (Allocation Failure) [PSYoungGen: 360544K->96K(346112K)] 362372K->1924K(521216K), 0,0004993 secs] [Times: user=0,00 sys=0,00, real=0,00 secs] 
53,002: [GC (Allocation Failure) [PSYoungGen: 345696K->64K(331776K)] 347524K->1892K(506880K), 0,0007855 secs] [Times: user=0,00 sys=0,00, real=0,00 secs] 
53,077: [GC (Allocation Failure) [PSYoungGen: 331328K->64K(398336K)] 333156K->1892K(573440K), 0,0010535 secs] [Times: user=0,01 sys=0,00, real=0,01 secs] 
53,185: [GC (Allocation Failure) [PSYoungGen: 397888K->64K(381440K)] 399716K->1892K(556544K), 0,0005316 secs] [Times: user=0,01 sys=0,00, real=0,00 secs] 
53,268: [GC (Allocation Failure) [PSYoungGen: 380992K->96K(365568K)] 382820K->1924K(540672K), 0,0004911 secs] [Times: user=0,00 sys=0,00, real=0,00 secs] 
53,350: [GC (Allocation Failure) [PSYoungGen: 365152K->64K(350208K)] 366980K->1892K(525312K), 0,0005154 secs] [Times: user=0,00 sys=0,00, real=0,00 secs] 
53,426: [GC (Allocation Failure) [PSYoungGen: 349760K->96K(335872K)] 351588K->1924K(510976K), 0,0006973 secs] [Times: user=0,01 sys=0,00, real=0,00 secs] 
53,498: [GC (Allocation Failure) [PSYoungGen: 335456K->96K(322048K)] 337284K->1924K(497152K), 0,0005488 secs] [Times: user=0,00 sys=0,00, real=0,00 secs] 
53,567: [GC (Allocation Failure) [PSYoungGen: 321632K->96K(308736K)] 323460K->1924K(483840K), 0,0004935 secs] [Times: user=0,00 sys=0,00, real=0,00 secs] 
53,643: [GC (Allocation Failure) [PSYoungGen: 308320K->96K(296448K)] 310148K->1924K(471552K), 0,0006094 secs] [Times: user=0,00 sys=0,00, real=0,00 secs] 
53,709: [GC (Allocation Failure) [PSYoungGen: 296032K->64K(284672K)] 297860K->1892K(459776K), 0,0005302 secs] [Times: user=0,00 sys=0,00, real=0,00 secs] 
53,770: [GC (Allocation Failure) [PSYoungGen: 284224K->64K(273408K)] 286052K->1892K(448512K), 0,0005265 secs] [Times: user=0,00 sys=0,00, real=0,00 secs] 
53,829: [GC (Allocation Failure) [PSYoungGen: 272960K->64K(262656K)] 274788K->1892K(437760K), 0,0004942 secs] [Times: user=0,00 sys=0,00, real=0,00 secs] 
53,885: [GC (Allocation Failure) [PSYoungGen: 262208K->96K(252416K)] 264036K->1924K(427520K), 0,0004972 secs] [Times: user=0,00 sys=0,00, real=0,00 secs] 
53,940: [GC (Allocation Failure) [PSYoungGen: 252000K->96K(242688K)] 253828K->1924K(417792K), 0,0004880 secs] [Times: user=0,00 sys=0,00, real=0,00 secs] 
53,993: [GC (Allocation Failure) [PSYoungGen: 242272K->96K(233472K)] 244100K->1924K(408576K), 0,0004914 secs] [Times: user=0,00 sys=0,00, real=0,00 secs] 
54,043: [GC (Allocation Failure) [PSYoungGen: 233056K->64K(224768K)] 234884K->1892K(399872K), 0,0004904 secs] [Times: user=0,00 sys=0,00, real=0,00 secs] 
54,092: [GC (Allocation Failure) [PSYoungGen: 224320K->64K(216576K)] 226148K->1892K(391680K), 0,0006718 secs] [Times: user=0,00 sys=0,00, real=0,00 secs] 
54,139: [GC (Allocation Failure) [PSYoungGen: 216128K->96K(208384K)] 217956K->1924K(383488K), 0,0004834 secs] [Times: user=0,00 sys=0,00, real=0,00 secs] 
54,184: [GC (Allocation Failure) [PSYoungGen: 207968K->96K(200704K)] 209796K->1924K(375808K), 0,0005060 secs] [Times: user=0,00 sys=0,00, real=0,00 secs] 
54,228: [GC (Allocation Failure) [PSYoungGen: 200288K->96K(193536K)] 202116K->1924K(368640K), 0,0005137 secs] [Times: user=0,00 sys=0,00, real=0,00 secs] 
54,270: [GC (Allocation Failure) [PSYoungGen: 193120K->64K(186368K)] 194948K->1892K(361472K), 0,0004977 secs] [Times: user=0,00 sys=0,00, real=0,00 secs] 
54,311: [GC (Allocation Failure) [PSYoungGen: 185920K->64K(223744K)] 187748K->1892K(398848K), 0,0006487 secs] [Times: user=0,00 sys=0,00, real=0,00 secs] 
54,361: [GC (Allocation Failure) [PSYoungGen: 223296K->64K(268800K)] 225124K->1892K(443904K), 0,0005661 secs] [Times: user=0,00 sys=0,00, real=0,00 secs] 
54,422: [GC (Allocation Failure) [PSYoungGen: 268352K->64K(258048K)] 270180K->1892K(433152K), 0,0004870 secs] [Times: user=0,00 sys=0,00, real=0,00 secs] 
54,479: [GC (Allocation Failure) [PSYoungGen: 257600K->64K(247808K)] 259428K->1892K(422912K), 0,0004952 secs] [Times: user=0,01 sys=0,00, real=0,00 secs] 
54,537: [GC (Allocation Failure) [PSYoungGen: 247360K->96K(238080K)] 249188K->1924K(413184K), 0,0005002 secs] [Times: user=0,00 sys=0,00, real=0,00 secs] 
54,590: [GC (Allocation Failure) [PSYoungGen: 237664K->96K(228864K)] 239492K->1924K(403968K), 0,0005016 secs] [Times: user=0,00 sys=0,00, real=0,00 secs] 
54,648: [GC (Allocation Failure) [PSYoungGen: 228448K->64K(220160K)] 230276K->1892K(395264K), 0,0004846 secs] [Times: user=0,00 sys=0,00, real=0,00 secs] 
54,697: [GC (Allocation Failure) [PSYoungGen: 219712K->64K(211968K)] 221540K->1892K(387072K), 0,0004962 secs] [Times: user=0,00 sys=0,00, real=0,00 secs] 
54,743: [GC (Allocation Failure) [PSYoungGen: 211520K->64K(204288K)] 213348K->1892K(379392K), 0,0004950 secs] [Times: user=0,00 sys=0,00, real=0,00 secs] 
54,788: [GC (Allocation Failure) [PSYoungGen: 203840K->96K(196608K)] 205668K->1924K(371712K), 0,0005028 secs] [Times: user=0,00 sys=0,00, real=0,00 secs] 
54,834: [GC (Allocation Failure) [PSYoungGen: 196192K->64K(189440K)] 198020K->1892K(364544K), 0,0005032 secs] [Times: user=0,01 sys=0,00, real=0,00 secs] 
54,876: [GC (Allocation Failure) [PSYoungGen: 188992K->96K(182784K)] 190820K->1924K(357888K), 0,0005186 secs] [Times: user=0,00 sys=0,00, real=0,00 secs] 
54,917: [GC (Allocation Failure) [PSYoungGen: 182368K->96K(219648K)] 184196K->1924K(394752K), 0,0005249 secs] [Times: user=0,00 sys=0,00, real=0,01 secs] 
54,966: [GC (Allocation Failure) [PSYoungGen: 219232K->96K(263680K)] 221060K->1924K(438784K), 0,0011242 secs] [Times: user=0,00 sys=0,00, real=0,01 secs] 
55,026: [GC (Allocation Failure) [PSYoungGen: 263264K->96K(316416K)] 265092K->1924K(491520K), 0,0004866 secs] [Times: user=0,00 sys=0,00, real=0,01 secs] 
55,096: [GC (Allocation Failure) [PSYoungGen: 316000K->96K(379904K)] 317828K->1924K(555008K), 0,0005144 secs] [Times: user=0,01 sys=0,00, real=0,00 secs] 
55,183: [GC (Allocation Failure) [PSYoungGen: 379488K->96K(364032K)] 381316K->1924K(539136K), 0,0005264 secs] [Times: user=0,00 sys=0,00, real=0,00 secs] 
55,266: [GC (Allocation Failure) [PSYoungGen: 363616K->96K(348672K)] 365444K->1924K(523776K), 0,0004983 secs] [Times: user=0,00 sys=0,00, real=0,00 secs] 
55,349: [GC (Allocation Failure) [PSYoungGen: 348256K->96K(334336K)] 350084K->1924K(509440K), 0,0004914 secs] [Times: user=0,00 sys=0,00, real=0,00 secs] 
55,425: [GC (Allocation Failure) [PSYoungGen: 333920K->64K(320512K)] 335748K->1892K(495616K), 0,0013149 secs] [Times: user=0,00 sys=0,00, real=0,00 secs] 
55,499: [GC (Allocation Failure) [PSYoungGen: 320064K->64K(384512K)] 321892K->1892K(559616K), 0,0010422 secs] [Times: user=0,00 sys=0,00, real=0,00 secs] 
55,588: [GC (Allocation Failure) [PSYoungGen: 384064K->96K(368128K)] 385892K->1924K(543232K), 0,0004743 secs] [Times: user=0,01 sys=0,00, real=0,00 secs] 
55,668: [GC (Allocation Failure) [PSYoungGen: 367712K->96K(352768K)] 369540K->1924K(527872K), 0,0005089 secs] [Times: user=0,01 sys=0,00, real=0,00 secs] 
55,751: [GC (Allocation Failure) [PSYoungGen: 352352K->96K(337920K)] 354180K->1924K(513024K), 0,0005358 secs] [Times: user=0,00 sys=0,00, real=0,00 secs] 
55,832: [GC (Allocation Failure) [PSYoungGen: 337504K->64K(324096K)] 339332K->1892K(499200K), 0,0004902 secs] [Times: user=0,00 sys=0,00, real=0,00 secs] 
55,920: [GC (Allocation Failure) [PSYoungGen: 323648K->64K(310784K)] 325476K->1892K(485888K), 0,0014376 secs] [Times: user=0,00 sys=0,00, real=0,00 secs] 
55,994: [GC (Allocation Failure) [PSYoungGen: 310336K->96K(297984K)] 312164K->1924K(473088K), 0,0004961 secs] [Times: user=0,00 sys=0,00, real=0,00 secs] 
56,060: [GC (Allocation Failure) [PSYoungGen: 297568K->64K(286208K)] 299396K->1892K(461312K), 0,0008029 secs] [Times: user=0,00 sys=0,00, real=0,00 secs] 
56,127: [GC (Allocation Failure) [PSYoungGen: 285760K->96K(274944K)] 287588K->1924K(450048K), 0,0004914 secs] [Times: user=0,00 sys=0,00, real=0,00 secs] 
56,187: [GC (Allocation Failure) [PSYoungGen: 274528K->96K(264192K)] 276356K->1924K(439296K), 0,0004941 secs] [Times: user=0,00 sys=0,00, real=0,00 secs] 
56,245: [GC (Allocation Failure) [PSYoungGen: 263776K->96K(253952K)] 265604K->1924K(429056K), 0,0005446 secs] [Times: user=0,01 sys=0,00, real=0,00 secs] 
56,307: [GC (Allocation Failure) [PSYoungGen: 253536K->64K(244224K)] 255364K->1892K(419328K), 0,0005087 secs] [Times: user=0,00 sys=0,00, real=0,00 secs] 
56,373: [GC (Allocation Failure) [PSYoungGen: 243776K->96K(235008K)] 245604K->1924K(410112K), 0,0005044 secs] [Times: user=0,00 sys=0,00, real=0,00 secs] 
56,429: [GC (Allocation Failure) [PSYoungGen: 234592K->96K(226304K)] 236420K->1924K(401408K), 0,0005196 secs] [Times: user=0,00 sys=0,00, real=0,00 secs] 
56,485: [GC (Allocation Failure) [PSYoungGen: 225888K->96K(217600K)] 227716K->1924K(392704K), 0,0005068 secs] [Times: user=0,00 sys=0,00, real=0,00 secs] 
56,537: [GC (Allocation Failure) [PSYoungGen: 217184K->96K(209408K)] 219012K->1924K(384512K), 0,0004951 secs] [Times: user=0,01 sys=0,00, real=0,00 secs] 
56,585: [GC (Allocation Failure) [PSYoungGen: 208992K->96K(201728K)] 210820K->1924K(376832K), 0,0004979 secs] [Times: user=0,00 sys=0,00, real=0,00 secs] 
56,635: [GC (Allocation Failure) [PSYoungGen: 201312K->96K(194560K)] 203140K->1924K(369664K), 0,0004899 secs] [Times: user=0,00 sys=0,00, real=0,00 secs] 
56,681: [GC (Allocation Failure) [PSYoungGen: 194144K->96K(187392K)] 195972K->1924K(362496K), 0,0004948 secs] [Times: user=0,00 sys=0,00, real=0,00 secs] 
56,723: [GC (Allocation Failure) [PSYoungGen: 186976K->96K(180736K)] 188804K->1924K(355840K), 0,0005015 secs] [Times: user=0,00 sys=0,00, real=0,00 secs] 
56,764: [GC (Allocation Failure) [PSYoungGen: 180320K->96K(174592K)] 182148K->1924K(349696K), 0,0005073 secs] [Times: user=0,00 sys=0,00, real=0,00 secs] 
56,804: [GC (Allocation Failure) [PSYoungGen: 174176K->64K(209408K)] 176004K->1892K(384512K), 0,0005436 secs] [Times: user=0,00 sys=0,00, real=0,00 secs] 
56,852: [GC (Allocation Failure) [PSYoungGen: 208960K->96K(251392K)] 210788K->1924K(426496K), 0,0005020 secs] [Times: user=0,01 sys=0,00, real=0,00 secs] 
56,909: [GC (Allocation Failure) [PSYoungGen: 250976K->96K(241664K)] 252804K->1924K(416768K), 0,0005296 secs] [Times: user=0,00 sys=0,00, real=0,00 secs] 
56,963: [GC (Allocation Failure) [PSYoungGen: 241248K->96K(232448K)] 243076K->1924K(407552K), 0,0005874 secs] [Times: user=0,01 sys=0,00, real=0,00 secs] 
57,018: [GC (Allocation Failure) [PSYoungGen: 232032K->96K(223744K)] 233860K->1924K(398848K), 0,0005459 secs] [Times: user=0,00 sys=0,00, real=0,00 secs] 
57,068: [GC (Allocation Failure) [PSYoungGen: 223328K->96K(215552K)] 225156K->1924K(390656K), 0,0005038 secs] [Times: user=0,00 sys=0,00, real=0,00 secs] 
57,116: [GC (Allocation Failure) [PSYoungGen: 215136K->96K(207360K)] 216964K->1924K(382464K), 0,0004925 secs] [Times: user=0,00 sys=0,00, real=0,00 secs] 
57,161: [GC (Allocation Failure) [PSYoungGen: 206944K->96K(199680K)] 208772K->1924K(374784K), 0,0004886 secs] [Times: user=0,00 sys=0,00, real=0,00 secs] 
57,205: [GC (Allocation Failure) [PSYoungGen: 199264K->64K(192512K)] 201092K->1892K(367616K), 0,0004963 secs] [Times: user=0,01 sys=0,00, real=0,00 secs] 
57,248: [GC (Allocation Failure) [PSYoungGen: 192064K->96K(185856K)] 193892K->1924K(360960K), 0,0004989 secs] [Times: user=0,00 sys=0,00, real=0,00 secs] 
57,289: [GC (Allocation Failure) [PSYoungGen: 185440K->64K(223232K)] 187268K->1892K(398336K), 0,0005121 secs] [Times: user=0,00 sys=0,00, real=0,00 secs] 
57,338: [GC (Allocation Failure) [PSYoungGen: 222784K->64K(215040K)] 224612K->1892K(390144K), 0,0004983 secs] [Times: user=0,00 sys=0,00, real=0,00 secs] 
57,385: [GC (Allocation Failure) [PSYoungGen: 214592K->96K(206848K)] 216420K->1924K(381952K), 0,0004966 secs] [Times: user=0,00 sys=0,00, real=0,00 secs] 
57,430: [GC (Allocation Failure) [PSYoungGen: 206432K->64K(248320K)] 208260K->1892K(423424K), 0,0005450 secs] [Times: user=0,00 sys=0,00, real=0,00 secs] 
57,490: [GC (Allocation Failure) [PSYoungGen: 247872K->96K(238592K)] 249700K->1924K(413696K), 0,0005733 secs] [Times: user=0,00 sys=0,00, real=0,00 secs] 
57,544: [GC (Allocation Failure) [PSYoungGen: 238176K->64K(229376K)] 240004K->1892K(404480K), 0,0004903 secs] [Times: user=0,00 sys=0,00, real=0,00 secs] 
57,604: [GC (Allocation Failure) [PSYoungGen: 228928K->96K(275456K)] 230756K->1924K(450560K), 0,0010029 secs] [Times: user=0,00 sys=0,00, real=0,00 secs] 
57,678: [GC (Allocation Failure) [PSYoungGen: 275040K->64K(264704K)] 276868K->1892K(439808K), 0,0005616 secs] [Times: user=0,00 sys=0,00, real=0,00 secs] 
57,748: [GC (Allocation Failure) [PSYoungGen: 264256K->32K(317952K)] 266084K->1860K(493056K), 0,0015045 secs] [Times: user=0,00 sys=0,00, real=0,00 secs] 
57,851: [GC (Allocation Failure) [PSYoungGen: 317472K->96K(381440K)] 319300K->1924K(556544K), 0,0013352 secs] [Times: user=0,00 sys=0,00, real=0,00 secs] 
57,973: [GC (Allocation Failure) [PSYoungGen: 381024K->96K(457728K)] 382852K->1924K(632832K), 0,0015156 secs] [Times: user=0,00 sys=0,00, real=0,00 secs] 
58,109: [GC (Allocation Failure) [PSYoungGen: 457311K->96K(437760K)] 459140K->1924K(612864K), 0,0004946 secs] [Times: user=0,00 sys=0,00, real=0,00 secs] 
58,204: [GC (Allocation Failure) [PSYoungGen: 437344K->64K(418816K)] 439172K->1892K(593920K), 0,0004956 secs] [Times: user=0,00 sys=0,00, real=0,00 secs] 
58,295: [GC (Allocation Failure) [PSYoungGen: 418368K->64K(400896K)] 420196K->1892K(576000K), 0,0004929 secs] [Times: user=0,00 sys=0,00, real=0,00 secs] 
58,388: [GC (Allocation Failure) [PSYoungGen: 400448K->96K(384000K)] 402276K->1924K(559104K), 0,0004849 secs] [Times: user=0,00 sys=0,00, real=0,00 secs] 
58,485: [GC (Allocation Failure) [PSYoungGen: 383584K->64K(368128K)] 385412K->1892K(543232K), 0,0011132 secs] [Times: user=0,00 sys=0,00, real=0,00 secs] 
58,586: [GC (Allocation Failure) [PSYoungGen: 367680K->64K(352768K)] 369508K->1892K(527872K), 0,0011386 secs] [Times: user=0,00 sys=0,00, real=0,01 secs] 
58,724: [GC (Allocation Failure) [PSYoungGen: 352320K->64K(337920K)] 354148K->1892K(513024K), 0,0020164 secs] [Times: user=0,00 sys=0,00, real=0,00 secs] 
58,826: [GC (Allocation Failure) [PSYoungGen: 337472K->96K(324096K)] 339300K->1924K(499200K), 0,0005087 secs] [Times: user=0,00 sys=0,00, real=0,00 secs] 
58,916: [GC (Allocation Failure) [PSYoungGen: 323680K->96K(310784K)] 325508K->1924K(485888K), 0,0005003 secs] [Times: user=0,01 sys=0,00, real=0,01 secs] 
59,000: [GC (Allocation Failure) [PSYoungGen: 310368K->64K(297984K)] 312196K->1892K(473088K), 0,0013000 secs] [Times: user=0,00 sys=0,00, real=0,00 secs] 
59,082: [GC (Allocation Failure) [PSYoungGen: 297536K->64K(286208K)] 299364K->1892K(461312K), 0,0004991 secs] [Times: user=0,01 sys=0,00, real=0,00 secs] 
59,159: [GC (Allocation Failure) [PSYoungGen: 285760K->64K(274944K)] 287588K->1892K(450048K), 0,0005095 secs] [Times: user=0,00 sys=0,00, real=0,00 secs] 
59,231: [GC (Allocation Failure) [PSYoungGen: 274496K->64K(264192K)] 276324K->1892K(439296K), 0,0010831 secs] [Times: user=0,00 sys=0,00, real=0,00 secs] 
59,303: [GC (Allocation Failure) [PSYoungGen: 263744K->96K(316928K)] 265572K->1924K(492032K), 0,0012821 secs] [Times: user=0,01 sys=0,00, real=0,00 secs] 
59,385: [GC (Allocation Failure) [PSYoungGen: 316512K->96K(304128K)] 318340K->1924K(479232K), 0,0004917 secs] [Times: user=0,00 sys=0,00, real=0,00 secs] 
59,456: [GC (Allocation Failure) [PSYoungGen: 303712K->96K(291840K)] 305540K->1924K(466944K), 0,0004937 secs] [Times: user=0,00 sys=0,00, real=0,01 secs] 
59,521: [GC (Allocation Failure) [PSYoungGen: 291424K->96K(280064K)] 293252K->1924K(455168K), 0,0005349 secs] [Times: user=0,00 sys=0,00, real=0,00 secs] 
59,584: [GC (Allocation Failure) [PSYoungGen: 279648K->96K(268800K)] 281476K->1924K(443904K), 0,0005089 secs] [Times: user=0,00 sys=0,00, real=0,00 secs] 
59,658: [GC (Allocation Failure) [PSYoungGen: 268384K->64K(258048K)] 270212K->1892K(433152K), 0,0009723 secs] [Times: user=0,01 sys=0,00, real=0,00 secs] 
59,715: [GC (Allocation Failure) [PSYoungGen: 257600K->96K(247808K)] 259428K->1924K(422912K), 0,0028720 secs] [Times: user=0,00 sys=0,00, real=0,01 secs] 
59,771: [GC (Allocation Failure) [PSYoungGen: 247392K->96K(238080K)] 249220K->1924K(413184K), 0,0005321 secs] [Times: user=0,00 sys=0,00, real=0,00 secs] 
59,827: [GC (Allocation Failure) [PSYoungGen: 237664K->64K(228864K)] 239492K->1892K(403968K), 0,0005067 secs] [Times: user=0,00 sys=0,00, real=0,00 secs] 
59,879: [GC (Allocation Failure) [PSYoungGen: 228416K->96K(220160K)] 230244K->1924K(395264K), 0,0005347 secs] [Times: user=0,00 sys=0,00, real=0,00 secs] 
59,933: [GC (Allocation Failure) [PSYoungGen: 219744K->96K(211968K)] 221572K->1924K(387072K), 0,0005769 secs] [Times: user=0,00 sys=0,00, real=0,00 secs] 
59,982: [GC (Allocation Failure) [PSYoungGen: 211552K->96K(204288K)] 213380K->1924K(379392K), 0,0004947 secs] [Times: user=0,00 sys=0,00, real=0,00 secs] 
60,032: [GC (Allocation Failure) [PSYoungGen: 203872K->96K(245248K)] 205700K->1924K(420352K), 0,0009195 secs] [Times: user=0,01 sys=0,00, real=0,00 secs] 
60,093: [GC (Allocation Failure) [PSYoungGen: 244832K->64K(294400K)] 246660K->1892K(469504K), 0,0005033 secs] [Times: user=0,00 sys=0,00, real=0,00 secs] 
60,160: [GC (Allocation Failure) [PSYoungGen: 293952K->96K(282624K)] 295780K->1924K(457728K), 0,0005053 secs] [Times: user=0,00 sys=0,00, real=0,00 secs] 
60,226: [GC (Allocation Failure) [PSYoungGen: 282208K->96K(271360K)] 284036K->1924K(446464K), 0,0004917 secs] [Times: user=0,01 sys=0,00, real=0,01 secs] 
60,289: [GC (Allocation Failure) [PSYoungGen: 270944K->128K(325632K)] 272772K->1956K(500736K), 0,0009870 secs] [Times: user=0,00 sys=0,00, real=0,00 secs] 
60,367: [GC (Allocation Failure) [PSYoungGen: 325248K->96K(312320K)] 327076K->1956K(487424K), 0,0005340 secs] [Times: user=0,01 sys=0,00, real=0,01 secs] 
60,442: [GC (Allocation Failure) [PSYoungGen: 311904K->64K(374784K)] 313764K->1924K(549888K), 0,0010725 secs] [Times: user=0,00 sys=0,00, real=0,00 secs] 
60,526: [GC (Allocation Failure) [PSYoungGen: 374336K->96K(358912K)] 376196K->1956K(534016K), 0,0004979 secs] [Times: user=0,00 sys=0,00, real=0,01 secs] 
60,604: [GC (Allocation Failure) [PSYoungGen: 358496K->64K(344064K)] 360356K->1924K(519168K), 0,0005010 secs] [Times: user=0,00 sys=0,00, real=0,00 secs] 
60,678: [GC (Allocation Failure) [PSYoungGen: 343616K->64K(329728K)] 345476K->1924K(504832K), 0,0008440 secs] [Times: user=0,01 sys=0,00, real=0,00 secs] 
60,750: [GC (Allocation Failure) [PSYoungGen: 329280K->64K(316416K)] 331140K->1924K(491520K), 0,0005099 secs] [Times: user=0,00 sys=0,00, real=0,00 secs] 
60,822: [GC (Allocation Failure) [PSYoungGen: 315968K->64K(303616K)] 317828K->1924K(478720K), 0,0005016 secs] [Times: user=0,00 sys=0,00, real=0,00 secs] 
60,891: [GC (Allocation Failure) [PSYoungGen: 303168K->64K(291328K)] 305028K->1924K(466432K), 0,0005176 secs] [Times: user=0,01 sys=0,00, real=0,00 secs] 
60,956: [GC (Allocation Failure) [PSYoungGen: 290880K->64K(279552K)] 292740K->1924K(454656K), 0,0005831 secs] [Times: user=0,00 sys=0,00, real=0,01 secs] 
61,019: [GC (Allocation Failure) [PSYoungGen: 279104K->64K(268288K)] 280964K->1924K(443392K), 0,0005064 secs] [Times: user=0,00 sys=0,00, real=0,00 secs] 
61,077: [GC (Allocation Failure) [PSYoungGen: 267840K->64K(257536K)] 269700K->1924K(432640K), 0,0005871 secs] [Times: user=0,00 sys=0,00, real=0,00 secs] 
61,135: [GC (Allocation Failure) [PSYoungGen: 257088K->64K(247296K)] 258948K->1924K(422400K), 0,0005110 secs] [Times: user=0,00 sys=0,00, real=0,00 secs] 
61,193: [GC (Allocation Failure) [PSYoungGen: 246848K->64K(237568K)] 248708K->1924K(412672K), 0,0005133 secs] [Times: user=0,00 sys=0,00, real=0,00 secs] 
61,246: [GC (Allocation Failure) [PSYoungGen: 237120K->64K(285184K)] 238980K->1924K(460288K), 0,0010331 secs] [Times: user=0,00 sys=0,00, real=0,01 secs] 
61,314: [GC (Allocation Failure) [PSYoungGen: 284736K->96K(273920K)] 286596K->1956K(449024K), 0,0005049 secs] [Times: user=0,00 sys=0,00, real=0,00 secs] 
61,381: [GC (Allocation Failure) [PSYoungGen: 273504K->64K(263168K)] 275364K->1924K(438272K), 0,0005638 secs] [Times: user=0,00 sys=0,00, real=0,00 secs] 
61,437: [GC (Allocation Failure) [PSYoungGen: 262720K->64K(252928K)] 264580K->1924K(428032K), 0,0005459 secs] [Times: user=0,01 sys=0,00, real=0,00 secs] 
61,491: [GC (Allocation Failure) [PSYoungGen: 252480K->64K(243200K)] 254340K->1924K(418304K), 0,0005000 secs] [Times: user=0,00 sys=0,00, real=0,00 secs] 
61,545: [GC (Allocation Failure) [PSYoungGen: 242752K->64K(233984K)] 244612K->1924K(409088K), 0,0005123 secs] [Times: user=0,00 sys=0,00, real=0,00 secs] 
61,599: [GC (Allocation Failure) [PSYoungGen: 233536K->96K(225280K)] 235396K->1956K(400384K), 0,0004921 secs] [Times: user=0,00 sys=0,01, real=0,00 secs] 
61,664: [GC (Allocation Failure) [PSYoungGen: 224864K->96K(217088K)] 226724K->1956K(392192K), 0,0005025 secs] [Times: user=0,00 sys=0,00, real=0,00 secs] 
61,726: [GC (Allocation Failure) [PSYoungGen: 216672K->64K(208896K)] 218532K->1924K(384000K), 0,0005448 secs] [Times: user=0,00 sys=0,00, real=0,00 secs] 
61,779: [GC (Allocation Failure) [PSYoungGen: 208448K->96K(201216K)] 210308K->1956K(376320K), 0,0005138 secs] [Times: user=0,00 sys=0,00, real=0,00 secs] 
61,833: [GC (Allocation Failure) [PSYoungGen: 200800K->64K(194048K)] 202660K->1924K(369152K), 0,0005374 secs] [Times: user=0,00 sys=0,00, real=0,00 secs] 
61,886: [GC (Allocation Failure) [PSYoungGen: 193600K->32K(232960K)] 195460K->1892K(408064K), 0,0029265 secs] [Times: user=0,00 sys=0,00, real=0,01 secs] 
61,951: [GC (Allocation Failure) [PSYoungGen: 232480K->96K(279552K)] 234340K->1956K(454656K), 0,0005199 secs] [Times: user=0,00 sys=0,00, real=0,00 secs] 
62,029: [GC (Allocation Failure) [PSYoungGen: 279136K->96K(335360K)] 280996K->1956K(510464K), 0,0004907 secs] [Times: user=0,00 sys=0,00, real=0,00 secs] 
62,120: [GC (Allocation Failure) [PSYoungGen: 334944K->64K(402432K)] 336804K->1924K(577536K), 0,0019739 secs] [Times: user=0,01 sys=0,00, real=0,00 secs] 
62,229: [GC (Allocation Failure) [PSYoungGen: 401984K->96K(482816K)] 403844K->1956K(657920K), 0,0005060 secs] [Times: user=0,00 sys=0,00, real=0,00 secs] 
62,362: [GC (Allocation Failure) [PSYoungGen: 482400K->96K(461824K)] 484260K->1956K(636928K), 0,0004893 secs] [Times: user=0,01 sys=0,00, real=0,00 secs] 
62,482: [GC (Allocation Failure) [PSYoungGen: 461408K->96K(441856K)] 463268K->1956K(616960K), 0,0005363 secs] [Times: user=0,00 sys=0,00, real=0,00 secs] 
62,590: [GC (Allocation Failure) [PSYoungGen: 441440K->96K(422912K)] 443300K->1956K(598016K), 0,0005342 secs] [Times: user=0,00 sys=0,00, real=0,00 secs] 
62,690: [GC (Allocation Failure) [PSYoungGen: 422496K->96K(404992K)] 424356K->1956K(580096K), 0,0005034 secs] [Times: user=0,00 sys=0,00, real=0,00 secs] 
62,782: [GC (Allocation Failure) [PSYoungGen: 404576K->96K(388096K)] 406436K->1956K(563200K), 0,0004964 secs] [Times: user=0,01 sys=0,00, real=0,00 secs] 
62,873: [GC (Allocation Failure) [PSYoungGen: 387680K->96K(371712K)] 389540K->1956K(546816K), 0,0009002 secs] [Times: user=0,01 sys=0,00, real=0,00 secs] 
62,957: [GC (Allocation Failure) [PSYoungGen: 371296K->96K(356352K)] 373156K->1956K(531456K), 0,0005022 secs] [Times: user=0,00 sys=0,00, real=0,00 secs] 
63,040: [GC (Allocation Failure) [PSYoungGen: 355936K->96K(341504K)] 357796K->1956K(516608K), 0,0005059 secs] [Times: user=0,00 sys=0,00, real=0,00 secs] 
63,124: [GC (Allocation Failure) [PSYoungGen: 341088K->96K(327680K)] 342948K->1956K(502784K), 0,0004994 secs] [Times: user=0,00 sys=0,00, real=0,00 secs] 
63,200: [GC (Allocation Failure) [PSYoungGen: 327264K->64K(314368K)] 329124K->1924K(489472K), 0,0007275 secs] [Times: user=0,00 sys=0,00, real=0,00 secs] 
63,276: [GC (Allocation Failure) [PSYoungGen: 313920K->64K(301568K)] 315780K->1924K(476672K), 0,0004971 secs] [Times: user=0,00 sys=0,00, real=0,01 secs] 
63,343: [GC (Allocation Failure) [PSYoungGen: 301120K->64K(289280K)] 302980K->1924K(464384K), 0,0005066 secs] [Times: user=0,00 sys=0,00, real=0,00 secs] 
63,408: [GC (Allocation Failure) [PSYoungGen: 288832K->96K(278016K)] 290692K->1956K(453120K), 0,0005957 secs] [Times: user=0,00 sys=0,00, real=0,00 secs] 
63,485: [GC (Allocation Failure) [PSYoungGen: 277600K->64K(267264K)] 279460K->1924K(442368K), 0,0006566 secs] [Times: user=0,00 sys=0,00, real=0,00 secs] 
63,571: [GC (Allocation Failure) [PSYoungGen: 266816K->64K(257024K)] 268676K->1924K(432128K), 0,0015813 secs] [Times: user=0,01 sys=0,00, real=0,00 secs] 
63,675: [GC (Allocation Failure) [PSYoungGen: 256576K->96K(247296K)] 258436K->1956K(422400K), 0,0007028 secs] [Times: user=0,00 sys=0,00, real=0,00 secs] 
63,750: [GC (Allocation Failure) [PSYoungGen: 246880K->64K(237568K)] 248740K->1924K(412672K), 0,0005019 secs] [Times: user=0,00 sys=0,00, real=0,00 secs] 
63,823: [GC (Allocation Failure) [PSYoungGen: 237120K->32K(285184K)] 238980K->1892K(460288K), 0,0021457 secs] [Times: user=0,01 sys=0,00, real=0,00 secs] 
63,903: [GC (Allocation Failure) [PSYoungGen: 284704K->32K(342528K)] 286564K->1892K(517632K), 0,0021113 secs] [Times: user=0,00 sys=0,00, real=0,00 secs] 
63,994: [GC (Allocation Failure) [PSYoungGen: 342048K->96K(411136K)] 343908K->1956K(586240K), 0,0005104 secs] [Times: user=0,00 sys=0,00, real=0,00 secs] 
64,081: [GC (Allocation Failure) [PSYoungGen: 410720K->64K(493568K)] 412580K->1924K(668672K), 0,0004995 secs] [Times: user=0,00 sys=0,00, real=0,00 secs] 
64,187: [GC (Allocation Failure) [PSYoungGen: 493120K->96K(472064K)] 494980K->1956K(647168K), 0,0005063 secs] [Times: user=0,00 sys=0,00, real=0,01 secs] 
64,290: [GC (Allocation Failure) [PSYoungGen: 471648K->64K(451584K)] 473508K->1924K(626688K), 0,0007480 secs] [Times: user=0,00 sys=0,00, real=0,00 secs] 
64,389: [GC (Allocation Failure) [PSYoungGen: 451136K->64K(432128K)] 452996K->1924K(607232K), 0,0004944 secs] [Times: user=0,00 sys=0,00, real=0,00 secs] 
64,486: [GC (Allocation Failure) [PSYoungGen: 431680K->96K(413696K)] 433540K->1956K(588800K), 0,0005350 secs] [Times: user=0,00 sys=0,00, real=0,00 secs] 
64,575: [GC (Allocation Failure) [PSYoungGen: 413280K->96K(396288K)] 415140K->1956K(571392K), 0,0005382 secs] [Times: user=0,00 sys=0,00, real=0,00 secs] 
64,662: [GC (Allocation Failure) [PSYoungGen: 395872K->96K(379392K)] 397732K->1956K(554496K), 0,0004999 secs] [Times: user=0,01 sys=0,00, real=0,00 secs] 
64,744: [GC (Allocation Failure) [PSYoungGen: 378976K->96K(363520K)] 380836K->1956K(538624K), 0,0005040 secs] [Times: user=0,00 sys=0,00, real=0,00 secs] 
64,823: [GC (Allocation Failure) [PSYoungGen: 363104K->96K(348160K)] 364964K->1956K(523264K), 0,0004954 secs] [Times: user=0,00 sys=0,00, real=0,00 secs] 
64,898: [GC (Allocation Failure) [PSYoungGen: 347744K->96K(333824K)] 349604K->1956K(508928K), 0,0004957 secs] [Times: user=0,00 sys=0,00, real=0,00 secs] 
64,970: [GC (Allocation Failure) [PSYoungGen: 333408K->96K(320000K)] 335268K->1956K(495104K), 0,0005112 secs] [Times: user=0,00 sys=0,00, real=0,00 secs] 
65,039: [GC (Allocation Failure) [PSYoungGen: 319584K->64K(307200K)] 321444K->1924K(482304K), 0,0005048 secs] [Times: user=0,00 sys=0,00, real=0,00 secs] 
65,105: [GC (Allocation Failure) [PSYoungGen: 306752K->64K(294912K)] 308612K->1924K(470016K), 0,0005553 secs] [Times: user=0,00 sys=0,00, real=0,00 secs] 
65,169: [GC (Allocation Failure) [PSYoungGen: 294464K->96K(283136K)] 296324K->1956K(458240K), 0,0005410 secs] [Times: user=0,00 sys=0,00, real=0,00 secs] 
65,230: [GC (Allocation Failure) [PSYoungGen: 282720K->96K(271872K)] 284580K->1956K(446976K), 0,0006025 secs] [Times: user=0,00 sys=0,00, real=0,00 secs] 
65,288: [GC (Allocation Failure) [PSYoungGen: 271456K->64K(261120K)] 273316K->1924K(436224K), 0,0005217 secs] [Times: user=0,00 sys=0,00, real=0,00 secs] 
65,345: [GC (Allocation Failure) [PSYoungGen: 260672K->96K(250880K)] 262532K->1956K(425984K), 0,0007070 secs] [Times: user=0,00 sys=0,00, real=0,00 secs] 
65,399: [GC (Allocation Failure) [PSYoungGen: 250464K->64K(241152K)] 252324K->1924K(416256K), 0,0005160 secs] [Times: user=0,00 sys=0,00, real=0,00 secs] 
65,451: [GC (Allocation Failure) [PSYoungGen: 240704K->96K(231936K)] 242564K->1956K(407040K), 0,0005290 secs] [Times: user=0,01 sys=0,00, real=0,00 secs] 
65,501: [GC (Allocation Failure) [PSYoungGen: 231520K->96K(223232K)] 233380K->1956K(398336K), 0,0004925 secs] [Times: user=0,01 sys=0,00, real=0,00 secs] 
65,550: [GC (Allocation Failure) [PSYoungGen: 222816K->96K(215040K)] 224676K->1956K(390144K), 0,0004895 secs] [Times: user=0,00 sys=0,00, real=0,00 secs] 
65,596: [GC (Allocation Failure) [PSYoungGen: 214624K->96K(206848K)] 216484K->1956K(381952K), 0,0004938 secs] [Times: user=0,00 sys=0,00, real=0,01 secs] 
65,641: [GC (Allocation Failure) [PSYoungGen: 206432K->96K(199168K)] 208292K->1956K(374272K), 0,0005255 secs] [Times: user=0,01 sys=0,00, real=0,00 secs] 
65,685: [GC (Allocation Failure) [PSYoungGen: 198752K->64K(192000K)] 200612K->1924K(367104K), 0,0004970 secs] [Times: user=0,00 sys=0,00, real=0,00 secs] 
65,727: [GC (Allocation Failure) [PSYoungGen: 191552K->64K(185344K)] 193412K->1924K(360448K), 0,0005126 secs] [Times: user=0,00 sys=0,00, real=0,01 secs] 
65,766: [GC (Allocation Failure) [PSYoungGen: 184896K->96K(222720K)] 186756K->1956K(397824K), 0,0004947 secs] [Times: user=0,00 sys=0,00, real=0,01 secs] 
65,815: [GC (Allocation Failure) [PSYoungGen: 222304K->96K(214528K)] 224164K->1956K(389632K), 0,0004946 secs] [Times: user=0,00 sys=0,00, real=0,00 secs] 
65,863: [GC (Allocation Failure) [PSYoungGen: 214112K->96K(257536K)] 215972K->1956K(432640K), 0,0006072 secs] [Times: user=0,00 sys=0,00, real=0,00 secs] 
65,921: [GC (Allocation Failure) [PSYoungGen: 257120K->96K(247296K)] 258980K->1956K(422400K), 0,0005031 secs] [Times: user=0,00 sys=0,00, real=0,00 secs] 
65,977: [GC (Allocation Failure) [PSYoungGen: 246880K->96K(237568K)] 248740K->1956K(412672K), 0,0005163 secs] [Times: user=0,00 sys=0,00, real=0,00 secs] 
66,030: [GC (Allocation Failure) [PSYoungGen: 237152K->96K(228352K)] 239012K->1956K(403456K), 0,0005394 secs] [Times: user=0,00 sys=0,00, real=0,00 secs] 
66,082: [GC (Allocation Failure) [PSYoungGen: 227936K->64K(273920K)] 229796K->1924K(449024K), 0,0007144 secs] [Times: user=0,00 sys=0,00, real=0,00 secs] 
66,144: [GC (Allocation Failure) [PSYoungGen: 273472K->96K(263168K)] 275332K->1956K(438272K), 0,0005189 secs] [Times: user=0,01 sys=0,00, real=0,00 secs] 
66,208: [GC (Allocation Failure) [PSYoungGen: 262752K->64K(252928K)] 264612K->1924K(428032K), 0,0005075 secs] [Times: user=0,00 sys=0,00, real=0,00 secs] 
66,264: [GC (Allocation Failure) [PSYoungGen: 252480K->64K(243200K)] 254340K->1924K(418304K), 0,0005366 secs] [Times: user=0,00 sys=0,00, real=0,00 secs] 
66,317: [GC (Allocation Failure) [PSYoungGen: 242752K->96K(233984K)] 244612K->1956K(409088K), 0,0004984 secs] [Times: user=0,01 sys=0,00, real=0,00 secs] 
66,369: [GC (Allocation Failure) [PSYoungGen: 233568K->96K(225280K)] 235428K->1956K(400384K), 0,0004937 secs] [Times: user=0,00 sys=0,00, real=0,00 secs] 
66,419: [GC (Allocation Failure) [PSYoungGen: 224864K->96K(217088K)] 226724K->1956K(392192K), 0,0005490 secs] [Times: user=0,00 sys=0,00, real=0,00 secs] 
66,467: [GC (Allocation Failure) [PSYoungGen: 216672K->64K(208896K)] 218532K->1924K(384000K), 0,0005106 secs] [Times: user=0,01 sys=0,00, real=0,00 secs] 
66,514: [GC (Allocation Failure) [PSYoungGen: 208448K->96K(201216K)] 210308K->1956K(376320K), 0,0004961 secs] [Times: user=0,00 sys=0,00, real=0,00 secs] 
66,558: [GC (Allocation Failure) [PSYoungGen: 200800K->96K(194048K)] 202660K->1956K(369152K), 0,0004978 secs] [Times: user=0,00 sys=0,00, real=0,00 secs] 
66,601: [GC (Allocation Failure) [PSYoungGen: 193632K->64K(232960K)] 195492K->1924K(408064K), 0,0010657 secs] [Times: user=0,00 sys=0,00, real=0,00 secs] 
66,657: [GC (Allocation Failure) [PSYoungGen: 232512K->96K(279552K)] 234372K->1956K(454656K), 0,0006222 secs] [Times: user=0,00 sys=0,00, real=0,00 secs] 
66,719: [GC (Allocation Failure) [PSYoungGen: 279136K->64K(335360K)] 280996K->1924K(510464K), 0,0006490 secs] [Times: user=0,01 sys=0,01, real=0,00 secs] 
66,791: [GC (Allocation Failure) [PSYoungGen: 334912K->96K(402432K)] 336772K->1956K(577536K), 0,0005158 secs] [Times: user=0,00 sys=0,00, real=0,00 secs] 
66,878: [GC (Allocation Failure) [PSYoungGen: 402016K->96K(385536K)] 403876K->1956K(560640K), 0,0004896 secs] [Times: user=0,00 sys=0,00, real=0,00 secs] 
66,961: [GC (Allocation Failure) [PSYoungGen: 385120K->64K(369152K)] 386980K->1924K(544256K), 0,0005079 secs] [Times: user=0,00 sys=0,00, real=0,00 secs] 
67,041: [GC (Allocation Failure) [PSYoungGen: 368704K->96K(353792K)] 370564K->1956K(528896K), 0,0004963 secs] [Times: user=0,00 sys=0,00, real=0,00 secs] 
67,118: [GC (Allocation Failure) [PSYoungGen: 353376K->96K(338944K)] 355236K->1956K(514048K), 0,0005190 secs] [Times: user=0,00 sys=0,00, real=0,00 secs] 
67,191: [GC (Allocation Failure) [PSYoungGen: 338528K->96K(325120K)] 340388K->1956K(500224K), 0,0005065 secs] [Times: user=0,01 sys=0,00, real=0,00 secs] 
67,260: [GC (Allocation Failure) [PSYoungGen: 324704K->96K(311808K)] 326564K->1956K(486912K), 0,0005011 secs] [Times: user=0,01 sys=0,00, real=0,00 secs] 
67,327: [GC (Allocation Failure) [PSYoungGen: 311392K->64K(299008K)] 313252K->1924K(474112K), 0,0005274 secs] [Times: user=0,00 sys=0,00, real=0,01 secs] 
67,390: [GC (Allocation Failure) [PSYoungGen: 298560K->64K(287232K)] 300420K->1924K(462336K), 0,0005459 secs] [Times: user=0,00 sys=0,00, real=0,00 secs] 
67,453: [GC (Allocation Failure) [PSYoungGen: 286784K->96K(275968K)] 288644K->1956K(451072K), 0,0004956 secs] [Times: user=0,00 sys=0,00, real=0,00 secs] 
67,514: [GC (Allocation Failure) [PSYoungGen: 275552K->96K(265216K)] 277412K->1956K(440320K), 0,0010613 secs] [Times: user=0,00 sys=0,00, real=0,00 secs] 
67,579: [GC (Allocation Failure) [PSYoungGen: 264800K->32K(254976K)] 266660K->1892K(430080K), 0,0005574 secs] [Times: user=0,00 sys=0,00, real=0,00 secs] 
67,647: [GC (Allocation Failure) [PSYoungGen: 254496K->32K(245248K)] 256356K->1892K(420352K), 0,0004761 secs] [Times: user=0,00 sys=0,00, real=0,00 secs] 
67,703: [GC (Allocation Failure) [PSYoungGen: 244768K->96K(236032K)] 246628K->1956K(411136K), 0,0005163 secs] [Times: user=0,00 sys=0,00, real=0,00 secs] 
67,760: [GC (Allocation Failure) [PSYoungGen: 235616K->64K(283136K)] 237476K->1924K(458240K), 0,0011541 secs] [Times: user=0,00 sys=0,00, real=0,00 secs] 
67,824: [GC (Allocation Failure) [PSYoungGen: 282688K->96K(339968K)] 284548K->1956K(515072K), 0,0010725 secs] [Times: user=0,01 sys=0,00, real=0,00 secs] 
67,901: [GC (Allocation Failure) [PSYoungGen: 339552K->96K(408064K)] 341412K->1956K(583168K), 0,0005573 secs] [Times: user=0,00 sys=0,00, real=0,00 secs] 
68,002: [GC (Allocation Failure) [PSYoungGen: 407648K->96K(390656K)] 409508K->1956K(565760K), 0,0005143 secs] [Times: user=0,00 sys=0,00, real=0,00 secs] 
68,093: [GC (Allocation Failure) [PSYoungGen: 390240K->96K(374272K)] 392100K->1956K(549376K), 0,0009347 secs] [Times: user=0,00 sys=0,00, real=0,00 secs] 
68,181: [GC (Allocation Failure) [PSYoungGen: 373856K->96K(358400K)] 375716K->1956K(533504K), 0,0010127 secs] [Times: user=0,00 sys=0,00, real=0,00 secs] 
68,266: [GC (Allocation Failure) [PSYoungGen: 357984K->96K(343552K)] 359844K->1956K(518656K), 0,0005164 secs] [Times: user=0,00 sys=0,00, real=0,00 secs] 
68,351: [GC (Allocation Failure) [PSYoungGen: 343136K->96K(329216K)] 344996K->1956K(504320K), 0,0005294 secs] [Times: user=0,00 sys=0,00, real=0,00 secs] 
68,426: [GC (Allocation Failure) [PSYoungGen: 328800K->96K(315904K)] 330660K->1956K(491008K), 0,0004976 secs] [Times: user=0,00 sys=0,00, real=0,00 secs] 
68,498: [GC (Allocation Failure) [PSYoungGen: 315488K->64K(303104K)] 317348K->1924K(478208K), 0,0005325 secs] [Times: user=0,00 sys=0,00, real=0,00 secs] 
68,566: [GC (Allocation Failure) [PSYoungGen: 302656K->64K(290816K)] 304516K->1924K(465920K), 0,0005482 secs] [Times: user=0,01 sys=0,00, real=0,01 secs] 
68,645: [GC (Allocation Failure) [PSYoungGen: 290368K->96K(279040K)] 292228K->1956K(454144K), 0,0008186 secs] [Times: user=0,00 sys=0,00, real=0,00 secs] 
68,713: [GC (Allocation Failure) [PSYoungGen: 278624K->64K(267776K)] 280484K->1924K(442880K), 0,0006895 secs] [Times: user=0,00 sys=0,01, real=0,00 secs] 
68,772: [GC (Allocation Failure) [PSYoungGen: 267328K->96K(257536K)] 269188K->1956K(432640K), 0,0005611 secs] [Times: user=0,00 sys=0,00, real=0,00 secs] 
68,827: [GC (Allocation Failure) [PSYoungGen: 257120K->64K(309248K)] 258980K->1924K(484352K), 0,0011251 secs] [Times: user=0,01 sys=0,00, real=0,00 secs] 
68,896: [GC (Allocation Failure) [PSYoungGen: 308800K->64K(296960K)] 310660K->1924K(472064K), 0,0004975 secs] [Times: user=0,00 sys=0,00, real=0,00 secs] 
68,960: [GC (Allocation Failure) [PSYoungGen: 296512K->96K(285184K)] 298372K->1956K(460288K), 0,0005175 secs] [Times: user=0,00 sys=0,00, real=0,00 secs] 
69,020: [GC (Allocation Failure) [PSYoungGen: 284768K->96K(273920K)] 286628K->1956K(449024K), 0,0005126 secs] [Times: user=0,00 sys=0,00, real=0,00 secs] 
69,079: [GC (Allocation Failure) [PSYoungGen: 273504K->96K(263168K)] 275364K->1956K(438272K), 0,0004929 secs] [Times: user=0,00 sys=0,00, real=0,00 secs] 
69,137: [GC (Allocation Failure) [PSYoungGen: 262752K->64K(252928K)] 264612K->1924K(428032K), 0,0005086 secs] [Times: user=0,01 sys=0,00, real=0,00 secs] 
69,193: [GC (Allocation Failure) [PSYoungGen: 252480K->96K(243200K)] 254340K->1956K(418304K), 0,0005349 secs] [Times: user=0,00 sys=0,00, real=0,00 secs] 
69,245: [GC (Allocation Failure) [PSYoungGen: 242784K->96K(233984K)] 244644K->1956K(409088K), 0,0005537 secs] [Times: user=0,00 sys=0,00, real=0,00 secs] 
69,295: [GC (Allocation Failure) [PSYoungGen: 233568K->64K(225280K)] 235428K->1924K(400384K), 0,0004978 secs] [Times: user=0,00 sys=0,00, real=0,00 secs] 
69,343: [GC (Allocation Failure) [PSYoungGen: 224832K->64K(217088K)] 226692K->1924K(392192K), 0,0005461 secs] [Times: user=0,00 sys=0,00, real=0,00 secs] 
69,390: [GC (Allocation Failure) [PSYoungGen: 216640K->64K(208896K)] 218500K->1924K(384000K), 0,0004885 secs] [Times: user=0,00 sys=0,00, real=0,00 secs] 
69,435: [GC (Allocation Failure) [PSYoungGen: 208448K->64K(250880K)] 210308K->1924K(425984K), 0,0009870 secs] [Times: user=0,01 sys=0,00, real=0,00 secs] 
69,489: [GC (Allocation Failure) [PSYoungGen: 250432K->96K(301056K)] 252292K->1956K(476160K), 0,0005891 secs] [Times: user=0,00 sys=0,00, real=0,00 secs] 
69,556: [GC (Allocation Failure) [PSYoungGen: 300640K->96K(361472K)] 302500K->1956K(536576K), 0,0005421 secs] [Times: user=0,00 sys=0,00, real=0,00 secs] 
69,641: [GC (Allocation Failure) [PSYoungGen: 361056K->96K(346624K)] 362916K->1956K(521728K), 0,0004902 secs] [Times: user=0,00 sys=0,00, real=0,00 secs] 
69,722: [GC (Allocation Failure) [PSYoungGen: 346208K->64K(332288K)] 348068K->1924K(507392K), 0,0004959 secs] [Times: user=0,00 sys=0,00, real=0,00 secs] 
69,796: [GC (Allocation Failure) [PSYoungGen: 331840K->64K(318464K)] 333700K->1924K(493568K), 0,0005774 secs] [Times: user=0,00 sys=0,00, real=0,00 secs] 
69,868: [GC (Allocation Failure) [PSYoungGen: 318016K->96K(305664K)] 319876K->1956K(480768K), 0,0004867 secs] [Times: user=0,01 sys=0,00, real=0,00 secs] 
69,936: [GC (Allocation Failure) [PSYoungGen: 305248K->96K(293376K)] 307108K->1956K(468480K), 0,0009868 secs] [Times: user=0,00 sys=0,00, real=0,01 secs] 
70,005: [GC (Allocation Failure) [PSYoungGen: 292960K->96K(281600K)] 294820K->1956K(456704K), 0,0004927 secs] [Times: user=0,00 sys=0,00, real=0,00 secs] 
70,068: [GC (Allocation Failure) [PSYoungGen: 281184K->64K(270336K)] 283044K->1924K(445440K), 0,0005034 secs] [Times: user=0,00 sys=0,00, real=0,00 secs] 
70,128: [GC (Allocation Failure) [PSYoungGen: 269888K->96K(259584K)] 271748K->1956K(434688K), 0,0004939 secs] [Times: user=0,00 sys=0,00, real=0,00 secs] 
70,186: [GC (Allocation Failure) [PSYoungGen: 259168K->64K(249344K)] 261028K->1924K(424448K), 0,0005120 secs] [Times: user=0,00 sys=0,00, real=0,00 secs] 
70,241: [GC (Allocation Failure) [PSYoungGen: 248896K->96K(239616K)] 250756K->1956K(414720K), 0,0004947 secs] [Times: user=0,00 sys=0,00, real=0,00 secs] 
70,294: [GC (Allocation Failure) [PSYoungGen: 239200K->96K(230400K)] 241060K->1956K(405504K), 0,0005048 secs] [Times: user=0,00 sys=0,00, real=0,00 secs] 
70,343: [GC (Allocation Failure) [PSYoungGen: 229984K->96K(221696K)] 231844K->1980K(396800K), 0,0005200 secs] [Times: user=0,00 sys=0,00, real=0,00 secs] 
70,392: [GC (Allocation Failure) [PSYoungGen: 221280K->64K(213504K)] 223164K->1948K(388608K), 0,0004920 secs] [Times: user=0,01 sys=0,00, real=0,00 secs] 
70,439: [GC (Allocation Failure) [PSYoungGen: 213056K->96K(205824K)] 214940K->1980K(380928K), 0,0004789 secs] [Times: user=0,00 sys=0,00, real=0,00 secs] 
70,485: [GC (Allocation Failure) [PSYoungGen: 205408K->96K(247296K)] 207292K->1980K(422400K), 0,0009363 secs] [Times: user=0,00 sys=0,00, real=0,00 secs] 
70,542: [GC (Allocation Failure) [PSYoungGen: 246880K->96K(296960K)] 248764K->1980K(472064K), 0,0010437 secs] [Times: user=0,01 sys=0,00, real=0,00 secs] 
70,619: [GC (Allocation Failure) [PSYoungGen: 296544K->96K(356352K)] 298428K->1980K(531456K), 0,0004917 secs] [Times: user=0,00 sys=0,00, real=0,00 secs] 
70,702: [GC (Allocation Failure) [PSYoungGen: 355936K->64K(427520K)] 357820K->1948K(602624K), 0,0008428 secs] [Times: user=0,00 sys=0,00, real=0,00 secs] 
70,800: [GC (Allocation Failure) [PSYoungGen: 427072K->96K(409088K)] 428956K->1980K(584192K), 0,0004978 secs] [Times: user=0,00 sys=0,00, real=0,00 secs] 
70,892: [GC (Allocation Failure) [PSYoungGen: 408672K->96K(391680K)] 410556K->1980K(566784K), 0,0004899 secs] [Times: user=0,00 sys=0,00, real=0,00 secs] 
70,989: [GC (Allocation Failure) [PSYoungGen: 391264K->64K(375296K)] 393148K->1948K(550400K), 0,0004957 secs] [Times: user=0,00 sys=0,00, real=0,00 secs] 
71,073: [GC (Allocation Failure) [PSYoungGen: 374848K->64K(359424K)] 376732K->1948K(534528K), 0,0004866 secs] [Times: user=0,00 sys=0,00, real=0,00 secs] 
71,154: [GC (Allocation Failure) [PSYoungGen: 358976K->96K(344576K)] 360860K->1980K(519680K), 0,0005008 secs] [Times: user=0,00 sys=0,00, real=0,00 secs] 
71,232: [GC (Allocation Failure) [PSYoungGen: 344160K->96K(330240K)] 346044K->1980K(505344K), 0,0004936 secs] [Times: user=0,00 sys=0,00, real=0,00 secs] 
71,306: [GC (Allocation Failure) [PSYoungGen: 329824K->96K(316928K)] 331708K->1980K(492032K), 0,0004866 secs] [Times: user=0,00 sys=0,00, real=0,00 secs] 
71,387: [GC (Allocation Failure) [PSYoungGen: 316512K->64K(304128K)] 318396K->1948K(479232K), 0,0007412 secs] [Times: user=0,00 sys=0,00, real=0,00 secs] 
71,460: [GC (Allocation Failure) [PSYoungGen: 303680K->64K(291840K)] 305564K->1948K(466944K), 0,0004934 secs] [Times: user=0,00 sys=0,00, real=0,00 secs] 
71,527: [GC (Allocation Failure) [PSYoungGen: 291392K->64K(280064K)] 293276K->1948K(455168K), 0,0007719 secs] [Times: user=0,00 sys=0,00, real=0,00 secs] 
71,603: [GC (Allocation Failure) [PSYoungGen: 279616K->64K(268800K)] 281500K->1948K(443904K), 0,0005482 secs] [Times: user=0,00 sys=0,00, real=0,00 secs] 
71,663: [GC (Allocation Failure) [PSYoungGen: 268352K->64K(258048K)] 270236K->1948K(433152K), 0,0004992 secs] [Times: user=0,00 sys=0,00, real=0,00 secs] 
71,719: [GC (Allocation Failure) [PSYoungGen: 257600K->64K(247808K)] 259484K->1948K(422912K), 0,0004970 secs] [Times: user=0,01 sys=0,00, real=0,00 secs] 
71,776: [GC (Allocation Failure) [PSYoungGen: 247360K->96K(238080K)] 249244K->1980K(413184K), 0,0004826 secs] [Times: user=0,00 sys=0,00, real=0,00 secs] 
71,828: [GC (Allocation Failure) [PSYoungGen: 237664K->96K(228864K)] 239548K->1980K(403968K), 0,0005049 secs] [Times: user=0,00 sys=0,00, real=0,00 secs] 
71,879: [GC (Allocation Failure) [PSYoungGen: 228448K->96K(220160K)] 230332K->1980K(395264K), 0,0005551 secs] [Times: user=0,00 sys=0,00, real=0,00 secs] 
71,927: [GC (Allocation Failure) [PSYoungGen: 219744K->64K(211968K)] 221628K->1948K(387072K), 0,0005031 secs] [Times: user=0,00 sys=0,00, real=0,00 secs] 
71,974: [GC (Allocation Failure) [PSYoungGen: 211520K->64K(204288K)] 213404K->1948K(379392K), 0,0006164 secs] [Times: user=0,00 sys=0,00, real=0,00 secs] 
72,020: [GC (Allocation Failure) [PSYoungGen: 203840K->96K(196608K)] 205724K->1980K(371712K), 0,0004996 secs] [Times: user=0,00 sys=0,00, real=0,00 secs] 
72,068: [GC (Allocation Failure) [PSYoungGen: 196192K->96K(189440K)] 198076K->1980K(364544K), 0,0005031 secs] [Times: user=0,00 sys=0,00, real=0,00 secs] 
72,111: [GC (Allocation Failure) [PSYoungGen: 189024K->64K(182784K)] 190908K->1948K(357888K), 0,0004918 secs] [Times: user=0,00 sys=0,00, real=0,00 secs] 
72,150: [GC (Allocation Failure) [PSYoungGen: 182336K->96K(219648K)] 184220K->1980K(394752K), 0,0005005 secs] [Times: user=0,00 sys=0,00, real=0,00 secs] 
72,198: [GC (Allocation Failure) [PSYoungGen: 219232K->96K(211456K)] 221116K->1980K(386560K), 0,0004827 secs] [Times: user=0,00 sys=0,00, real=0,00 secs] 
72,246: [GC (Allocation Failure) [PSYoungGen: 211040K->96K(203776K)] 212924K->1980K(378880K), 0,0004960 secs] [Times: user=0,00 sys=0,00, real=0,00 secs] 
72,290: [GC (Allocation Failure) [PSYoungGen: 203360K->96K(196096K)] 205244K->1980K(371200K), 0,0004958 secs] [Times: user=0,00 sys=0,00, real=0,00 secs] 
72,334: [GC (Allocation Failure) [PSYoungGen: 195680K->96K(188928K)] 197564K->1980K(364032K), 0,0004966 secs] [Times: user=0,00 sys=0,00, real=0,00 secs] 
72,375: [GC (Allocation Failure) [PSYoungGen: 188512K->96K(226816K)] 190396K->1980K(401920K), 0,0004894 secs] [Times: user=0,00 sys=0,00, real=0,00 secs] 
72,427: [GC (Allocation Failure) [PSYoungGen: 226400K->64K(272384K)] 228284K->1948K(447488K), 0,0009554 secs] [Times: user=0,00 sys=0,00, real=0,01 secs] 
72,492: [GC (Allocation Failure) [PSYoungGen: 271936K->64K(327168K)] 273820K->1948K(502272K), 0,0005510 secs] [Times: user=0,00 sys=0,00, real=0,00 secs] 
72,565: [GC (Allocation Failure) [PSYoungGen: 326720K->96K(313856K)] 328604K->1980K(488960K), 0,0004924 secs] [Times: user=0,00 sys=0,00, real=0,00 secs] 
72,633: [GC (Allocation Failure) [PSYoungGen: 313440K->96K(301056K)] 315324K->1980K(476160K), 0,0004966 secs] [Times: user=0,00 sys=0,00, real=0,00 secs] 
72,700: [GC (Allocation Failure) [PSYoungGen: 300640K->64K(288768K)] 302524K->1948K(463872K), 0,0004950 secs] [Times: user=0,00 sys=0,00, real=0,00 secs] 
72,774: [GC (Allocation Failure) [PSYoungGen: 288320K->96K(346624K)] 290204K->1980K(521728K), 0,0019507 secs] [Times: user=0,00 sys=0,00, real=0,00 secs] 
72,868: [GC (Allocation Failure) [PSYoungGen: 346208K->64K(416256K)] 348092K->1948K(591360K), 0,0006000 secs] [Times: user=0,00 sys=0,00, real=0,00 secs] 
72,959: [GC (Allocation Failure) [PSYoungGen: 415808K->64K(398336K)] 417692K->1948K(573440K), 0,0005010 secs] [Times: user=0,00 sys=0,00, real=0,00 secs] 
73,049: [GC (Allocation Failure) [PSYoungGen: 397888K->96K(381440K)] 399772K->1980K(556544K), 0,0004969 secs] [Times: user=0,00 sys=0,00, real=0,00 secs] 
73,139: [GC (Allocation Failure) [PSYoungGen: 381024K->96K(365568K)] 382908K->1980K(540672K), 0,0005066 secs] [Times: user=0,00 sys=0,00, real=0,00 secs] 
73,220: [GC (Allocation Failure) [PSYoungGen: 365152K->96K(350208K)] 367036K->1980K(525312K), 0,0006003 secs] [Times: user=0,00 sys=0,00, real=0,00 secs] 
73,299: [GC (Allocation Failure) [PSYoungGen: 349792K->96K(335872K)] 351676K->1980K(510976K), 0,0004885 secs] [Times: user=0,00 sys=0,00, real=0,00 secs] 
73,377: [GC (Allocation Failure) [PSYoungGen: 335456K->96K(322048K)] 337340K->1980K(497152K), 0,0004963 secs] [Times: user=0,00 sys=0,00, real=0,00 secs] 
73,451: [GC (Allocation Failure) [PSYoungGen: 321632K->32K(308736K)] 323516K->1916K(483840K), 0,0005918 secs] [Times: user=0,00 sys=0,00, real=0,00 secs] 
73,523: [GC (Allocation Failure) [PSYoungGen: 308256K->64K(296448K)] 310140K->1948K(471552K), 0,0005681 secs] [Times: user=0,00 sys=0,00, real=0,00 secs] 
73,591: [GC (Allocation Failure) [PSYoungGen: 296000K->64K(284672K)] 297884K->1948K(459776K), 0,0004931 secs] [Times: user=0,00 sys=0,00, real=0,00 secs] 
73,660: [GC (Allocation Failure) [PSYoungGen: 284224K->96K(273408K)] 286108K->1980K(448512K), 0,0004939 secs] [Times: user=0,01 sys=0,00, real=0,00 secs] 
73,723: [GC (Allocation Failure) [PSYoungGen: 272992K->96K(262656K)] 274876K->1980K(437760K), 0,0004954 secs] [Times: user=0,00 sys=0,00, real=0,00 secs] 
73,786: [GC (Allocation Failure) [PSYoungGen: 262240K->96K(252416K)] 264124K->1980K(427520K), 0,0004976 secs] [Times: user=0,00 sys=0,00, real=0,01 secs] 
73,842: [GC (Allocation Failure) [PSYoungGen: 252000K->64K(242688K)] 253884K->1948K(417792K), 0,0007744 secs] [Times: user=0,00 sys=0,00, real=0,00 secs] 
73,900: [GC (Allocation Failure) [PSYoungGen: 242240K->32K(291328K)] 244124K->1916K(466432K), 0,0066191 secs] [Times: user=0,00 sys=0,00, real=0,00 secs] 
73,972: [GC (Allocation Failure) [PSYoungGen: 290848K->64K(349696K)] 292732K->1948K(524800K), 0,0006600 secs] [Times: user=0,00 sys=0,00, real=0,00 secs] 
74,048: [GC (Allocation Failure) [PSYoungGen: 349248K->64K(419840K)] 351132K->1948K(594944K), 0,0005035 secs] [Times: user=0,00 sys=0,00, real=0,00 secs] 
74,145: [GC (Allocation Failure) [PSYoungGen: 419392K->96K(503808K)] 421276K->1980K(678912K), 0,0005037 secs] [Times: user=0,01 sys=0,00, real=0,00 secs] 
74,264: [GC (Allocation Failure) [PSYoungGen: 503392K->96K(604672K)] 505276K->1980K(779776K), 0,0042635 secs] [Times: user=0,00 sys=0,00, real=0,01 secs] 
74,413: [GC (Allocation Failure) [PSYoungGen: 604256K->96K(725504K)] 606140K->1980K(900608K), 0,0005063 secs] [Times: user=0,00 sys=0,00, real=0,00 secs] 
74,575: [GC (Allocation Failure) [PSYoungGen: 725088K->64K(870912K)] 726972K->1948K(1046016K), 0,0005553 secs] [Times: user=0,00 sys=0,00, real=0,00 secs] 
74,776: [GC (Allocation Failure) [PSYoungGen: 870464K->96K(830464K)] 872348K->1980K(1005568K), 0,0004900 secs] [Times: user=0,01 sys=0,00, real=0,01 secs] 
74,953: [GC (Allocation Failure) [PSYoungGen: 830048K->96K(792064K)] 831932K->1980K(967168K), 0,0005016 secs] [Times: user=0,00 sys=0,00, real=0,00 secs] 
75,121: [GC (Allocation Failure) [PSYoungGen: 791648K->96K(755712K)] 793532K->1980K(930816K), 0,0004917 secs] [Times: user=0,00 sys=0,00, real=0,00 secs] 
75,281: [GC (Allocation Failure) [PSYoungGen: 755296K->96K(721408K)] 757180K->1980K(896512K), 0,0005629 secs] [Times: user=0,00 sys=0,00, real=0,00 secs] 
75,440: [GC (Allocation Failure) [PSYoungGen: 720992K->96K(688640K)] 722876K->1980K(863744K), 0,0005310 secs] [Times: user=0,00 sys=0,00, real=0,00 secs] 
75,600: [GC (Allocation Failure) [PSYoungGen: 688224K->64K(657408K)] 690108K->1948K(832512K), 0,0004907 secs] [Times: user=0,00 sys=0,00, real=0,00 secs] 
75,746: [GC (Allocation Failure) [PSYoungGen: 656960K->96K(627712K)] 658844K->1980K(802816K), 0,0004906 secs] [Times: user=0,00 sys=0,00, real=0,00 secs] 
75,883: [GC (Allocation Failure) [PSYoungGen: 627296K->96K(599552K)] 629180K->1980K(774656K), 0,0005005 secs] [Times: user=0,00 sys=0,00, real=0,00 secs] 
76,014: [GC (Allocation Failure) [PSYoungGen: 599136K->64K(572928K)] 601020K->1948K(748032K), 0,0005092 secs] [Times: user=0,00 sys=0,00, real=0,00 secs] 
76,138: [GC (Allocation Failure) [PSYoungGen: 572480K->64K(547328K)] 574364K->1948K(722432K), 0,0005120 secs] [Times: user=0,00 sys=0,00, real=0,00 secs] 
76,257: [GC (Allocation Failure) [PSYoungGen: 546880K->96K(523264K)] 548764K->1980K(698368K), 0,0004963 secs] [Times: user=0,00 sys=0,00, real=0,01 secs] 
76,369: [GC (Allocation Failure) [PSYoungGen: 522848K->96K(500224K)] 524732K->1980K(675328K), 0,0005344 secs] [Times: user=0,00 sys=0,00, real=0,00 secs] 
76,479: [GC (Allocation Failure) [PSYoungGen: 499808K->64K(478208K)] 501692K->1948K(653312K), 0,0005330 secs] [Times: user=0,00 sys=0,00, real=0,00 secs] 
76,585: [GC (Allocation Failure) [PSYoungGen: 477760K->64K(457216K)] 479644K->1948K(632320K), 0,0005285 secs] [Times: user=0,01 sys=0,00, real=0,00 secs] 
76,689: [GC (Allocation Failure) [PSYoungGen: 456768K->32K(437248K)] 458652K->1916K(612352K), 0,0007028 secs] [Times: user=0,00 sys=0,00, real=0,00 secs] 
76,785: [GC (Allocation Failure) [PSYoungGen: 436768K->96K(418304K)] 438652K->1980K(593408K), 0,0004921 secs] [Times: user=0,00 sys=0,00, real=0,00 secs] 
76,878: [GC (Allocation Failure) [PSYoungGen: 417888K->64K(400384K)] 419772K->1948K(575488K), 0,0004993 secs] [Times: user=0,00 sys=0,00, real=0,00 secs] 
76,968: [GC (Allocation Failure) [PSYoungGen: 399936K->96K(383488K)] 401820K->1980K(558592K), 0,0005958 secs] [Times: user=0,00 sys=0,00, real=0,00 secs] 
77,055: [GC (Allocation Failure) [PSYoungGen: 383072K->64K(367616K)] 384956K->1948K(542720K), 0,0004927 secs] [Times: user=0,00 sys=0,00, real=0,00 secs] 
77,138: [GC (Allocation Failure) [PSYoungGen: 367168K->96K(352256K)] 369052K->1980K(527360K), 0,0005027 secs] [Times: user=0,00 sys=0,00, real=0,00 secs] 
77,217: [GC (Allocation Failure) [PSYoungGen: 351840K->96K(337920K)] 353724K->1980K(513024K), 0,0005372 secs] [Times: user=0,00 sys=0,00, real=0,00 secs] 
77,295: [GC (Allocation Failure) [PSYoungGen: 337504K->96K(324096K)] 339388K->1980K(499200K), 0,0004929 secs] [Times: user=0,01 sys=0,00, real=0,00 secs] 
77,368: [GC (Allocation Failure) [PSYoungGen: 323680K->64K(310784K)] 325564K->1948K(485888K), 0,0004901 secs] [Times: user=0,00 sys=0,00, real=0,00 secs] 
77,442: [GC (Allocation Failure) [PSYoungGen: 310336K->96K(297984K)] 312220K->1980K(473088K), 0,0004945 secs] [Times: user=0,00 sys=0,00, real=0,00 secs] 
77,507: [GC (Allocation Failure) [PSYoungGen: 297568K->64K(286208K)] 299452K->1948K(461312K), 0,0004981 secs] [Times: user=0,00 sys=0,00, real=0,00 secs] 
77,574: [GC (Allocation Failure) [PSYoungGen: 285760K->96K(274944K)] 287644K->1980K(450048K), 0,0005807 secs] [Times: user=0,00 sys=0,00, real=0,00 secs] 
77,636: [GC (Allocation Failure) [PSYoungGen: 274528K->64K(264192K)] 276412K->1948K(439296K), 0,0009451 secs] [Times: user=0,00 sys=0,00, real=0,01 secs] 
77,695: [GC (Allocation Failure) [PSYoungGen: 263744K->64K(253952K)] 265628K->1948K(429056K), 0,0004985 secs] [Times: user=0,00 sys=0,00, real=0,00 secs] 
77,754: [GC (Allocation Failure) [PSYoungGen: 253504K->96K(244224K)] 255388K->1980K(419328K), 0,0005256 secs] [Times: user=0,00 sys=0,00, real=0,00 secs] 
77,807: [GC (Allocation Failure) [PSYoungGen: 243808K->64K(235008K)] 245692K->1948K(410112K), 0,0005019 secs] [Times: user=0,00 sys=0,00, real=0,00 secs] 
77,858: [GC (Allocation Failure) [PSYoungGen: 234560K->64K(226304K)] 236444K->1948K(401408K), 0,0005041 secs] [Times: user=0,00 sys=0,00, real=0,00 secs] 
77,906: [GC (Allocation Failure) [PSYoungGen: 225856K->64K(217600K)] 227740K->1948K(392704K), 0,0005085 secs] [Times: user=0,00 sys=0,00, real=0,01 secs] 
77,954: [GC (Allocation Failure) [PSYoungGen: 217152K->96K(209408K)] 219036K->1980K(384512K), 0,0004961 secs] [Times: user=0,00 sys=0,00, real=0,00 secs] 
78,000: [GC (Allocation Failure) [PSYoungGen: 208992K->96K(201728K)] 210876K->1980K(376832K), 0,0004981 secs] [Times: user=0,00 sys=0,00, real=0,00 secs] 
78,044: [GC (Allocation Failure) [PSYoungGen: 201312K->96K(194560K)] 203196K->1980K(369664K), 0,0005451 secs] [Times: user=0,00 sys=0,00, real=0,00 secs] 
78,087: [GC (Allocation Failure) [PSYoungGen: 194144K->96K(187392K)] 196028K->1980K(362496K), 0,0004889 secs] [Times: user=0,00 sys=0,00, real=0,00 secs] 
78,130: [GC (Allocation Failure) [PSYoungGen: 186976K->64K(224768K)] 188860K->1948K(399872K), 0,0005629 secs] [Times: user=0,00 sys=0,00, real=0,00 secs] 
78,180: [GC (Allocation Failure) [PSYoungGen: 224320K->64K(216576K)] 226204K->1948K(391680K), 0,0005451 secs] [Times: user=0,00 sys=0,00, real=0,00 secs] 
78,229: [GC (Allocation Failure) [PSYoungGen: 216128K->64K(260096K)] 218012K->1948K(435200K), 0,0008132 secs] [Times: user=0,00 sys=0,00, real=0,00 secs] 
78,288: [GC (Allocation Failure) [PSYoungGen: 259648K->64K(312320K)] 261532K->1948K(487424K), 0,0013561 secs] [Times: user=0,00 sys=0,00, real=0,00 secs] 
78,360: [GC (Allocation Failure) [PSYoungGen: 311872K->64K(374784K)] 313756K->1948K(549888K), 0,0012626 secs] [Times: user=0,00 sys=0,00, real=0,00 secs] 
78,446: [GC (Allocation Failure) [PSYoungGen: 374336K->96K(450048K)] 376220K->1980K(625152K), 0,0004942 secs] [Times: user=0,01 sys=0,00, real=0,00 secs] 
78,546: [GC (Allocation Failure) [PSYoungGen: 449632K->96K(540160K)] 451516K->1980K(715264K), 0,0005119 secs] [Times: user=0,00 sys=0,00, real=0,01 secs] 
78,667: [GC (Allocation Failure) [PSYoungGen: 539744K->96K(516608K)] 541628K->1980K(691712K), 0,0005004 secs] [Times: user=0,00 sys=0,00, real=0,01 secs] 
78,778: [GC (Allocation Failure) [PSYoungGen: 516192K->64K(494080K)] 518076K->1948K(669184K), 0,0007809 secs] [Times: user=0,01 sys=0,00, real=0,00 secs] 
78,884: [GC (Allocation Failure) [PSYoungGen: 493632K->64K(472576K)] 495516K->1948K(647680K), 0,0005205 secs] [Times: user=0,00 sys=0,00, real=0,00 secs] 
78,986: [GC (Allocation Failure) [PSYoungGen: 472128K->64K(452096K)] 474012K->1948K(627200K), 0,0005301 secs] [Times: user=0,00 sys=0,00, real=0,00 secs] 
79,083: [GC (Allocation Failure) [PSYoungGen: 451648K->96K(432640K)] 453532K->1980K(607744K), 0,0005073 secs] [Times: user=0,00 sys=0,00, real=0,00 secs] 
79,181: [GC (Allocation Failure) [PSYoungGen: 432224K->96K(414208K)] 434108K->1980K(589312K), 0,0004908 secs] [Times: user=0,01 sys=0,00, real=0,00 secs] 
79,276: [GC (Allocation Failure) [PSYoungGen: 413792K->96K(396800K)] 415676K->1980K(571904K), 0,0005042 secs] [Times: user=0,00 sys=0,00, real=0,00 secs] 
79,364: [GC (Allocation Failure) [PSYoungGen: 396384K->96K(379904K)] 398268K->1980K(555008K), 0,0005026 secs] [Times: user=0,01 sys=0,00, real=0,00 secs] 
79,450: [GC (Allocation Failure) [PSYoungGen: 379488K->64K(364032K)] 381372K->1948K(539136K), 0,0007485 secs] [Times: user=0,00 sys=0,00, real=0,00 secs] 
79,531: [GC (Allocation Failure) [PSYoungGen: 363584K->64K(348672K)] 365468K->1948K(523776K), 0,0005757 secs] [Times: user=0,00 sys=0,00, real=0,00 secs] 
79,611: [GC (Allocation Failure) [PSYoungGen: 348224K->64K(334336K)] 350108K->1948K(509440K), 0,0004965 secs] [Times: user=0,00 sys=0,00, real=0,00 secs] 
79,686: [GC (Allocation Failure) [PSYoungGen: 333888K->96K(320512K)] 335772K->1980K(495616K), 0,0006125 secs] [Times: user=0,00 sys=0,00, real=0,01 secs] 
79,759: [GC (Allocation Failure) [PSYoungGen: 320096K->96K(307712K)] 321980K->1980K(482816K), 0,0005020 secs] [Times: user=0,01 sys=0,00, real=0,00 secs] 
79,832: [GC (Allocation Failure) [PSYoungGen: 307296K->64K(295424K)] 309180K->1948K(470528K), 0,0005146 secs] [Times: user=0,00 sys=0,00, real=0,00 secs] 
79,899: [GC (Allocation Failure) [PSYoungGen: 294976K->96K(283648K)] 296860K->1980K(458752K), 0,0004905 secs] [Times: user=0,00 sys=0,00, real=0,00 secs] 
79,962: [GC (Allocation Failure) [PSYoungGen: 283232K->64K(272384K)] 285116K->1948K(447488K), 0,0005305 secs] [Times: user=0,00 sys=0,00, real=0,00 secs] 
80,022: [GC (Allocation Failure) [PSYoungGen: 271936K->96K(261632K)] 273820K->1980K(436736K), 0,0005034 secs] [Times: user=0,00 sys=0,00, real=0,00 secs] 
80,082: [GC (Allocation Failure) [PSYoungGen: 261216K->96K(251392K)] 263100K->1980K(426496K), 0,0005959 secs] [Times: user=0,00 sys=0,00, real=0,00 secs] 
80,138: [GC (Allocation Failure) [PSYoungGen: 250976K->64K(241664K)] 252860K->1948K(416768K), 0,0004997 secs] [Times: user=0,00 sys=0,00, real=0,00 secs] 
80,191: [GC (Allocation Failure) [PSYoungGen: 241216K->96K(232448K)] 243100K->1980K(407552K), 0,0004880 secs] [Times: user=0,00 sys=0,00, real=0,00 secs] 
80,244: [GC (Allocation Failure) [PSYoungGen: 232032K->96K(223744K)] 233916K->1980K(398848K), 0,0005060 secs] [Times: user=0,00 sys=0,00, real=0,00 secs] 
80,294: [GC (Allocation Failure) [PSYoungGen: 223328K->96K(215552K)] 225212K->1980K(390656K), 0,0005066 secs] [Times: user=0,00 sys=0,00, real=0,00 secs] 
80,341: [GC (Allocation Failure) [PSYoungGen: 215136K->96K(207360K)] 217020K->2004K(382464K), 0,0005094 secs] [Times: user=0,00 sys=0,00, real=0,00 secs] 
80,388: [GC (Allocation Failure) [PSYoungGen: 206944K->96K(199680K)] 208852K->2004K(374784K), 0,0005058 secs] [Times: user=0,00 sys=0,00, real=0,00 secs] 
80,433: [GC (Allocation Failure) [PSYoungGen: 199264K->96K(192512K)] 201172K->2004K(367616K), 0,0004886 secs] [Times: user=0,00 sys=0,00, real=0,00 secs] 
80,476: [GC (Allocation Failure) [PSYoungGen: 192096K->64K(185856K)] 194004K->1972K(360960K), 0,0005527 secs] [Times: user=0,00 sys=0,00, real=0,00 secs] 
80,517: [GC (Allocation Failure) [PSYoungGen: 185408K->64K(223232K)] 187316K->1972K(398336K), 0,0005513 secs] [Times: user=0,01 sys=0,00, real=0,00 secs] 
80,565: [GC (Allocation Failure) [PSYoungGen: 222784K->96K(215040K)] 224692K->2004K(390144K), 0,0004958 secs] [Times: user=0,00 sys=0,00, real=0,00 secs] 
80,612: [GC (Allocation Failure) [PSYoungGen: 214624K->64K(206848K)] 216532K->1972K(381952K), 0,0005046 secs] [Times: user=0,00 sys=0,00, real=0,00 secs] 
80,658: [GC (Allocation Failure) [PSYoungGen: 206400K->96K(199168K)] 208308K->2004K(374272K), 0,0005035 secs] [Times: user=0,00 sys=0,00, real=0,00 secs] 
80,702: [GC (Allocation Failure) [PSYoungGen: 198752K->96K(239104K)] 200660K->2004K(414208K), 0,0009234 secs] [Times: user=0,00 sys=0,00, real=0,00 secs] 
80,755: [GC (Allocation Failure) [PSYoungGen: 238688K->64K(287232K)] 240596K->1972K(462336K), 0,0005205 secs] [Times: user=0,00 sys=0,00, real=0,00 secs] 
80,819: [GC (Allocation Failure) [PSYoungGen: 286784K->64K(344576K)] 288692K->1972K(519680K), 0,0006112 secs] [Times: user=0,00 sys=0,00, real=0,00 secs] 
80,895: [GC (Allocation Failure) [PSYoungGen: 344128K->64K(330240K)] 346036K->1972K(505344K), 0,0004913 secs] [Times: user=0,00 sys=0,00, real=0,00 secs] 
80,967: [GC (Allocation Failure) [PSYoungGen: 329792K->96K(316928K)] 331700K->2004K(492032K), 0,0005018 secs] [Times: user=0,00 sys=0,00, real=0,00 secs] 
81,037: [GC (Allocation Failure) [PSYoungGen: 316512K->96K(304128K)] 318420K->2004K(479232K), 0,0006072 secs] [Times: user=0,00 sys=0,00, real=0,00 secs] 
81,105: [GC (Allocation Failure) [PSYoungGen: 303712K->96K(291840K)] 305620K->2004K(466944K), 0,0004401 secs] [Times: user=0,00 sys=0,00, real=0,00 secs] 
81,171: [GC (Allocation Failure) [PSYoungGen: 291424K->64K(280064K)] 293332K->1972K(455168K), 0,0004951 secs] [Times: user=0,01 sys=0,00, real=0,00 secs] 
81,233: [GC (Allocation Failure) [PSYoungGen: 279616K->96K(268800K)] 281524K->2004K(443904K), 0,0005020 secs] [Times: user=0,00 sys=0,00, real=0,00 secs] 
81,295: [GC (Allocation Failure) [PSYoungGen: 268384K->96K(258048K)] 270292K->2004K(433152K), 0,0004890 secs] [Times: user=0,00 sys=0,00, real=0,00 secs] 
81,353: [GC (Allocation Failure) [PSYoungGen: 257632K->96K(247808K)] 259540K->2004K(422912K), 0,0005065 secs] [Times: user=0,00 sys=0,00, real=0,00 secs] 
81,408: [GC (Allocation Failure) [PSYoungGen: 247392K->96K(238080K)] 249300K->2004K(413184K), 0,0004967 secs] [Times: user=0,00 sys=0,00, real=0,00 secs] 
81,460: [GC (Allocation Failure) [PSYoungGen: 237664K->64K(228864K)] 239572K->1972K(403968K), 0,0004959 secs] [Times: user=0,00 sys=0,00, real=0,00 secs] 
81,510: [GC (Allocation Failure) [PSYoungGen: 228416K->96K(220160K)] 230324K->2004K(395264K), 0,0004950 secs] [Times: user=0,00 sys=0,00, real=0,00 secs] 
81,559: [GC (Allocation Failure) [PSYoungGen: 219744K->96K(211968K)] 221652K->2004K(387072K), 0,0004989 secs] [Times: user=0,00 sys=0,00, real=0,00 secs] 
81,608: [GC (Allocation Failure) [PSYoungGen: 211552K->96K(204288K)] 213460K->2004K(379392K), 0,0005010 secs] [Times: user=0,00 sys=0,01, real=0,00 secs] 
81,654: [GC (Allocation Failure) [PSYoungGen: 203872K->96K(196608K)] 205780K->2004K(371712K), 0,0004977 secs] [Times: user=0,00 sys=0,00, real=0,00 secs] 
81,702: [GC (Allocation Failure) [PSYoungGen: 196192K->96K(189440K)] 198100K->2004K(364544K), 0,0005536 secs] [Times: user=0,00 sys=0,00, real=0,00 secs] 
81,745: [GC (Allocation Failure) [PSYoungGen: 189024K->96K(182784K)] 190932K->2004K(357888K), 0,0005265 secs] [Times: user=0,00 sys=0,00, real=0,00 secs] 
81,787: [GC (Allocation Failure) [PSYoungGen: 182368K->32K(219648K)] 184276K->1940K(394752K), 0,0007192 secs] [Times: user=0,01 sys=0,00, real=0,00 secs] 
81,837: [GC (Allocation Failure) [PSYoungGen: 219168K->64K(263680K)] 221076K->1972K(438784K), 0,0005727 secs] [Times: user=0,00 sys=0,00, real=0,00 secs] 
81,896: [GC (Allocation Failure) [PSYoungGen: 263232K->96K(316416K)] 265140K->2004K(491520K), 0,0010163 secs] [Times: user=0,00 sys=0,00, real=0,01 secs] 
81,970: [GC (Allocation Failure) [PSYoungGen: 316000K->96K(379904K)] 317908K->2004K(555008K), 0,0005126 secs] [Times: user=0,01 sys=0,00, real=0,00 secs] 
82,062: [GC (Allocation Failure) [PSYoungGen: 379488K->96K(364032K)] 381396K->2004K(539136K), 0,0004618 secs] [Times: user=0,01 sys=0,00, real=0,00 secs] 
82,143: [GC (Allocation Failure) [PSYoungGen: 363616K->96K(348672K)] 365524K->2004K(523776K), 0,0005062 secs] [Times: user=0,00 sys=0,00, real=0,00 secs] 
82,218: [GC (Allocation Failure) [PSYoungGen: 348256K->96K(334336K)] 350164K->2004K(509440K), 0,0004868 secs] [Times: user=0,00 sys=0,00, real=0,00 secs] 
82,290: [GC (Allocation Failure) [PSYoungGen: 333920K->64K(320512K)] 335828K->1972K(495616K), 0,0005175 secs] [Times: user=0,00 sys=0,00, real=0,00 secs] 
82,360: [GC (Allocation Failure) [PSYoungGen: 320064K->96K(307712K)] 321972K->2004K(482816K), 0,0004864 secs] [Times: user=0,00 sys=0,00, real=0,00 secs] 
82,431: [GC (Allocation Failure) [PSYoungGen: 307296K->96K(295424K)] 309204K->2004K(470528K), 0,0005241 secs] [Times: user=0,00 sys=0,00, real=0,00 secs] 
82,504: [GC (Allocation Failure) [PSYoungGen: 295008K->64K(283648K)] 296916K->1972K(458752K), 0,0008864 secs] [Times: user=0,00 sys=0,00, real=0,00 secs] 
82,569: [GC (Allocation Failure) [PSYoungGen: 283200K->32K(272384K)] 285108K->1940K(447488K), 0,0007327 secs] [Times: user=0,00 sys=0,00, real=0,00 secs] 
82,631: [GC (Allocation Failure) [PSYoungGen: 271904K->96K(261632K)] 273812K->2004K(436736K), 0,0005168 secs] [Times: user=0,00 sys=0,00, real=0,00 secs] 
82,688: [GC (Allocation Failure) [PSYoungGen: 261216K->64K(251392K)] 263124K->1972K(426496K), 0,0004923 secs] [Times: user=0,01 sys=0,00, real=0,00 secs] 
82,743: [GC (Allocation Failure) [PSYoungGen: 250944K->96K(241664K)] 252852K->2004K(416768K), 0,0005187 secs] [Times: user=0,00 sys=0,00, real=0,00 secs] 
82,796: [GC (Allocation Failure) [PSYoungGen: 241248K->96K(232448K)] 243156K->2004K(407552K), 0,0004903 secs] [Times: user=0,00 sys=0,00, real=0,01 secs] 
82,848: [GC (Allocation Failure) [PSYoungGen: 232032K->64K(223744K)] 233940K->1972K(398848K), 0,0005181 secs] [Times: user=0,00 sys=0,00, real=0,00 secs] 
82,903: [GC (Allocation Failure) [PSYoungGen: 223296K->96K(268800K)] 225204K->2004K(443904K), 0,0010678 secs] [Times: user=0,00 sys=0,00, real=0,00 secs] 
82,965: [GC (Allocation Failure) [PSYoungGen: 268384K->96K(322560K)] 270292K->2004K(497664K), 0,0005899 secs] [Times: user=0,00 sys=0,00, real=0,00 secs] 
83,037: [GC (Allocation Failure) [PSYoungGen: 322144K->96K(309248K)] 324052K->2004K(484352K), 0,0005030 secs] [Times: user=0,00 sys=0,00, real=0,00 secs] 
83,106: [GC (Allocation Failure) [PSYoungGen: 308832K->96K(296960K)] 310740K->2004K(472064K), 0,0004911 secs] [Times: user=0,00 sys=0,00, real=0,00 secs] 
83,170: [GC (Allocation Failure) [PSYoungGen: 296544K->64K(285184K)] 298452K->1972K(460288K), 0,0004957 secs] [Times: user=0,00 sys=0,00, real=0,00 secs] 
83,233: [GC (Allocation Failure) [PSYoungGen: 284736K->96K(273920K)] 286644K->2004K(449024K), 0,0005320 secs] [Times: user=0,00 sys=0,00, real=0,00 secs] 
83,292: [GC (Allocation Failure) [PSYoungGen: 273504K->96K(263168K)] 275412K->2004K(438272K), 0,0004902 secs] [Times: user=0,00 sys=0,00, real=0,00 secs] 
83,349: [GC (Allocation Failure) [PSYoungGen: 262752K->64K(252928K)] 264660K->1972K(428032K), 0,0005327 secs] [Times: user=0,00 sys=0,00, real=0,00 secs] 
83,404: [GC (Allocation Failure) [PSYoungGen: 252480K->64K(243200K)] 254388K->1972K(418304K), 0,0005511 secs] [Times: user=0,01 sys=0,00, real=0,00 secs] 
83,456: [GC (Allocation Failure) [PSYoungGen: 242752K->64K(233984K)] 244660K->1972K(409088K), 0,0004906 secs] [Times: user=0,00 sys=0,00, real=0,01 secs] 
83,507: [GC (Allocation Failure) [PSYoungGen: 233536K->96K(225280K)] 235444K->2004K(400384K), 0,0004939 secs] [Times: user=0,00 sys=0,00, real=0,00 secs] 
83,556: [GC (Allocation Failure) [PSYoungGen: 224864K->96K(217088K)] 226772K->2004K(392192K), 0,0004943 secs] [Times: user=0,00 sys=0,00, real=0,00 secs] 
83,603: [GC (Allocation Failure) [PSYoungGen: 216672K->64K(208896K)] 218580K->1972K(384000K), 0,0005292 secs] [Times: user=0,01 sys=0,00, real=0,00 secs] 
83,650: [GC (Allocation Failure) [PSYoungGen: 208448K->96K(201216K)] 210356K->2004K(376320K), 0,0005969 secs] [Times: user=0,00 sys=0,00, real=0,00 secs] 
83,695: [GC (Allocation Failure) [PSYoungGen: 200800K->96K(194048K)] 202708K->2004K(369152K), 0,0004891 secs] [Times: user=0,00 sys=0,00, real=0,00 secs] 
83,737: [GC (Allocation Failure) [PSYoungGen: 193632K->96K(232960K)] 195540K->2004K(408064K), 0,0005717 secs] [Times: user=0,00 sys=0,00, real=0,00 secs] 
83,787: [GC (Allocation Failure) [PSYoungGen: 232544K->96K(224256K)] 234452K->2004K(399360K), 0,0004880 secs] [Times: user=0,00 sys=0,00, real=0,00 secs] 
83,836: [GC (Allocation Failure) [PSYoungGen: 223840K->96K(216064K)] 225748K->2004K(391168K), 0,0005033 secs] [Times: user=0,00 sys=0,00, real=0,00 secs] 
83,882: [GC (Allocation Failure) [PSYoungGen: 215648K->64K(207872K)] 217556K->1972K(382976K), 0,0005491 secs] [Times: user=0,01 sys=0,00, real=0,00 secs] 
83,927: [GC (Allocation Failure) [PSYoungGen: 207424K->64K(200192K)] 209332K->1972K(375296K), 0,0004942 secs] [Times: user=0,00 sys=0,00, real=0,00 secs] 
83,971: [GC (Allocation Failure) [PSYoungGen: 199744K->96K(193024K)] 201652K->2004K(368128K), 0,0004910 secs] [Times: user=0,00 sys=0,00, real=0,00 secs] 
84,013: [GC (Allocation Failure) [PSYoungGen: 192608K->96K(231936K)] 194516K->2004K(407040K), 0,0004939 secs] [Times: user=0,00 sys=0,00, real=0,00 secs] 
84,063: [GC (Allocation Failure) [PSYoungGen: 231520K->96K(223232K)] 233428K->2004K(398336K), 0,0005250 secs] [Times: user=0,00 sys=0,00, real=0,00 secs] 
84,111: [GC (Allocation Failure) [PSYoungGen: 222816K->96K(215040K)] 224724K->2004K(390144K), 0,0004998 secs] [Times: user=0,00 sys=0,00, real=0,00 secs] 
84,159: [GC (Allocation Failure) [PSYoungGen: 214624K->64K(206848K)] 216532K->1972K(381952K), 0,0005266 secs] [Times: user=0,00 sys=0,00, real=0,00 secs] 
84,203: [GC (Allocation Failure) [PSYoungGen: 206400K->96K(199168K)] 208308K->2004K(374272K), 0,0004921 secs] [Times: user=0,00 sys=0,00, real=0,00 secs] 
84,247: [GC (Allocation Failure) [PSYoungGen: 198752K->96K(239104K)] 200660K->2004K(414208K), 0,0005107 secs] [Times: user=0,00 sys=0,00, real=0,00 secs] 
84,299: [GC (Allocation Failure) [PSYoungGen: 238688K->64K(229888K)] 240596K->1972K(404992K), 0,0005385 secs] [Times: user=0,00 sys=0,00, real=0,00 secs] 
84,349: [GC (Allocation Failure) [PSYoungGen: 229440K->64K(221184K)] 231348K->1972K(396288K), 0,0004954 secs] [Times: user=0,00 sys=0,00, real=0,00 secs] 
84,399: [GC (Allocation Failure) [PSYoungGen: 220736K->32K(265728K)] 222644K->1940K(440832K), 0,0007335 secs] [Times: user=0,00 sys=0,00, real=0,00 secs] 
84,462: [GC (Allocation Failure) [PSYoungGen: 265248K->96K(255488K)] 267156K->2004K(430592K), 0,0005314 secs] [Times: user=0,00 sys=0,00, real=0,00 secs] 
84,520: [GC (Allocation Failure) [PSYoungGen: 255072K->96K(245760K)] 256980K->2004K(420864K), 0,0004935 secs] [Times: user=0,00 sys=0,00, real=0,00 secs] 
84,577: [GC (Allocation Failure) [PSYoungGen: 245344K->96K(236544K)] 247252K->2004K(411648K), 0,0005248 secs] [Times: user=0,01 sys=0,00, real=0,00 secs] 
84,632: [GC (Allocation Failure) [PSYoungGen: 236128K->64K(227328K)] 238036K->1972K(402432K), 0,0005023 secs] [Times: user=0,00 sys=0,00, real=0,00 secs] 
84,683: [GC (Allocation Failure) [PSYoungGen: 226880K->96K(218624K)] 228788K->2004K(393728K), 0,0005002 secs] [Times: user=0,00 sys=0,00, real=0,00 secs] 
84,732: [GC (Allocation Failure) [PSYoungGen: 218208K->64K(210432K)] 220116K->1972K(385536K), 0,0004915 secs] [Times: user=0,00 sys=0,00, real=0,00 secs] 
84,778: [GC (Allocation Failure) [PSYoungGen: 209984K->96K(202752K)] 211892K->2004K(377856K), 0,0005446 secs] [Times: user=0,00 sys=0,00, real=0,00 secs] 
84,821: [GC (Allocation Failure) [PSYoungGen: 202336K->96K(195584K)] 204244K->2004K(370688K), 0,0005320 secs] [Times: user=0,00 sys=0,00, real=0,00 secs] 
84,864: [GC (Allocation Failure) [PSYoungGen: 195168K->64K(188416K)] 197076K->1972K(363520K), 0,0005065 secs] [Times: user=0,00 sys=0,00, real=0,00 secs] 
84,906: [GC (Allocation Failure) [PSYoungGen: 187968K->64K(181760K)] 189876K->1972K(356864K), 0,0004829 secs] [Times: user=0,00 sys=0,00, real=0,00 secs] 
84,947: [GC (Allocation Failure) [PSYoungGen: 181312K->64K(218112K)] 183220K->1972K(393216K), 0,0005096 secs] [Times: user=0,00 sys=0,00, real=0,00 secs] 
84,997: [GC (Allocation Failure) [PSYoungGen: 217664K->96K(209920K)] 219572K->2004K(385024K), 0,0004942 secs] [Times: user=0,00 sys=0,00, real=0,00 secs] 
85,044: [GC (Allocation Failure) [PSYoungGen: 209504K->64K(251904K)] 211412K->1972K(427008K), 0,0005412 secs] [Times: user=0,00 sys=0,00, real=0,00 secs] 
85,101: [GC (Allocation Failure) [PSYoungGen: 251456K->96K(242176K)] 253364K->2004K(417280K), 0,0005232 secs] [Times: user=0,00 sys=0,00, real=0,00 secs] 
85,156: [GC (Allocation Failure) [PSYoungGen: 241760K->64K(290816K)] 243668K->1972K(465920K), 0,0009342 secs] [Times: user=0,00 sys=0,00, real=0,01 secs] 
85,222: [GC (Allocation Failure) [PSYoungGen: 290368K->96K(279040K)] 292276K->2004K(454144K), 0,0005015 secs] [Times: user=0,00 sys=0,00, real=0,00 secs] 
85,284: [GC (Allocation Failure) [PSYoungGen: 278624K->96K(267776K)] 280532K->2004K(442880K), 0,0005209 secs] [Times: user=0,00 sys=0,00, real=0,00 secs] 
85,342: [GC (Allocation Failure) [PSYoungGen: 267360K->32K(257536K)] 269268K->1940K(432640K), 0,0005895 secs] [Times: user=0,01 sys=0,00, real=0,00 secs] 
85,399: [GC (Allocation Failure) [PSYoungGen: 257056K->96K(247296K)] 258964K->2004K(422400K), 0,0005816 secs] [Times: user=0,00 sys=0,00, real=0,00 secs] 
85,453: [GC (Allocation Failure) [PSYoungGen: 246880K->64K(237568K)] 248788K->1972K(412672K), 0,0004973 secs] [Times: user=0,00 sys=0,00, real=0,00 secs] 
85,505: [GC (Allocation Failure) [PSYoungGen: 237120K->96K(228352K)] 239028K->2004K(403456K), 0,0005008 secs] [Times: user=0,00 sys=0,00, real=0,00 secs] 
85,554: [GC (Allocation Failure) [PSYoungGen: 227936K->96K(219648K)] 229844K->2004K(394752K), 0,0005444 secs] [Times: user=0,00 sys=0,00, real=0,00 secs] 
85,602: [GC (Allocation Failure) [PSYoungGen: 219232K->64K(211456K)] 221140K->1972K(386560K), 0,0005218 secs] [Times: user=0,01 sys=0,00, real=0,00 secs] 
85,648: [GC (Allocation Failure) [PSYoungGen: 211008K->64K(203776K)] 212916K->1972K(378880K), 0,0005340 secs] [Times: user=0,00 sys=0,00, real=0,00 secs] 
85,693: [GC (Allocation Failure) [PSYoungGen: 203328K->96K(196096K)] 205236K->2004K(371200K), 0,0005037 secs] [Times: user=0,00 sys=0,00, real=0,00 secs] 
85,736: [GC (Allocation Failure) [PSYoungGen: 195680K->96K(235520K)] 197588K->2004K(410624K), 0,0005429 secs] [Times: user=0,00 sys=0,00, real=0,00 secs] 
85,788: [GC (Allocation Failure) [PSYoungGen: 235104K->96K(226816K)] 237012K->2004K(401920K), 0,0004904 secs] [Times: user=0,00 sys=0,00, real=0,00 secs] 
85,837: [GC (Allocation Failure) [PSYoungGen: 226400K->96K(218112K)] 228308K->2004K(393216K), 0,0005433 secs] [Times: user=0,00 sys=0,00, real=0,00 secs] 
85,885: [GC (Allocation Failure) [PSYoungGen: 217696K->64K(209920K)] 219604K->1972K(385024K), 0,0004856 secs] [Times: user=0,00 sys=0,00, real=0,00 secs] 
85,931: [GC (Allocation Failure) [PSYoungGen: 209472K->96K(202240K)] 211380K->2004K(377344K), 0,0004934 secs] [Times: user=0,00 sys=0,00, real=0,00 secs] 
85,977: [GC (Allocation Failure) [PSYoungGen: 201824K->64K(195072K)] 203732K->1972K(370176K), 0,0005699 secs] [Times: user=0,00 sys=0,00, real=0,00 secs] 
86,021: [GC (Allocation Failure) [PSYoungGen: 194624K->96K(187904K)] 196532K->2004K(363008K), 0,0005063 secs] [Times: user=0,00 sys=0,00, real=0,00 secs] 
86,065: [GC (Allocation Failure) [PSYoungGen: 187488K->96K(225792K)] 189396K->2004K(400896K), 0,0005025 secs] [Times: user=0,00 sys=0,00, real=0,00 secs] 
86,116: [GC (Allocation Failure) [PSYoungGen: 225376K->96K(217088K)] 227284K->2004K(392192K), 0,0004801 secs] [Times: user=0,00 sys=0,00, real=0,00 secs] 
86,168: [GC (Allocation Failure) [PSYoungGen: 216672K->96K(208896K)] 218580K->2004K(384000K), 0,0005607 secs] [Times: user=0,00 sys=0,00, real=0,00 secs] 
86,215: [GC (Allocation Failure) [PSYoungGen: 208480K->96K(201216K)] 210388K->2004K(376320K), 0,0005026 secs] [Times: user=0,00 sys=0,00, real=0,00 secs] 
86,260: [GC (Allocation Failure) [PSYoungGen: 200800K->96K(194048K)] 202708K->2004K(369152K), 0,0004969 secs] [Times: user=0,00 sys=0,00, real=0,00 secs] 
86,307: [GC (Allocation Failure) [PSYoungGen: 193632K->64K(186880K)] 195540K->1972K(361984K), 0,0004978 secs] [Times: user=0,00 sys=0,00, real=0,00 secs] 
86,353: [GC (Allocation Failure) [PSYoungGen: 186432K->64K(224256K)] 188340K->1972K(399360K), 0,0007772 secs] [Times: user=0,00 sys=0,00, real=0,00 secs] 
86,405: [GC (Allocation Failure) [PSYoungGen: 223808K->96K(269312K)] 225716K->2004K(444416K), 0,0004927 secs] [Times: user=0,00 sys=0,00, real=0,00 secs] 
86,466: [GC (Allocation Failure) [PSYoungGen: 268896K->96K(258560K)] 270804K->2004K(433664K), 0,0004959 secs] [Times: user=0,00 sys=0,00, real=0,01 secs] 
86,525: [GC (Allocation Failure) [PSYoungGen: 258144K->96K(248320K)] 260052K->2004K(423424K), 0,0004910 secs] [Times: user=0,00 sys=0,00, real=0,00 secs] 
86,580: [GC (Allocation Failure) [PSYoungGen: 247904K->96K(238592K)] 249812K->2004K(413696K), 0,0004940 secs] [Times: user=0,00 sys=0,00, real=0,00 secs] 
86,632: [GC (Allocation Failure) [PSYoungGen: 238176K->96K(229376K)] 240084K->2004K(404480K), 0,0004903 secs] [Times: user=0,01 sys=0,00, real=0,00 secs] 
86,682: [GC (Allocation Failure) [PSYoungGen: 228960K->96K(220672K)] 230868K->2004K(395776K), 0,0005038 secs] [Times: user=0,00 sys=0,00, real=0,00 secs] 
86,730: [GC (Allocation Failure) [PSYoungGen: 220256K->64K(212480K)] 222164K->1972K(387584K), 0,0005013 secs] [Times: user=0,00 sys=0,00, real=0,00 secs] 
86,776: [GC (Allocation Failure) [PSYoungGen: 212032K->64K(204800K)] 213940K->1972K(379904K), 0,0005362 secs] [Times: user=0,00 sys=0,00, real=0,00 secs] 
86,821: [GC (Allocation Failure) [PSYoungGen: 204352K->96K(197120K)] 206260K->2004K(372224K), 0,0004982 secs] [Times: user=0,00 sys=0,00, real=0,00 secs] 
86,864: [GC (Allocation Failure) [PSYoungGen: 196704K->96K(189952K)] 198612K->2004K(365056K), 0,0004883 secs] [Times: user=0,00 sys=0,00, real=0,00 secs] 
86,906: [GC (Allocation Failure) [PSYoungGen: 189536K->64K(227840K)] 191444K->1972K(402944K), 0,0007573 secs] [Times: user=0,00 sys=0,00, real=0,00 secs] 
86,955: [GC (Allocation Failure) [PSYoungGen: 227392K->96K(273408K)] 229300K->2004K(448512K), 0,0004950 secs] [Times: user=0,00 sys=0,00, real=0,00 secs] 
87,015: [GC (Allocation Failure) [PSYoungGen: 272992K->96K(262656K)] 274900K->2004K(437760K), 0,0005069 secs] [Times: user=0,00 sys=0,00, real=0,00 secs] 
87,072: [GC (Allocation Failure) [PSYoungGen: 262240K->64K(252416K)] 264148K->1972K(427520K), 0,0004887 secs] [Times: user=0,01 sys=0,00, real=0,00 secs] 
87,127: [GC (Allocation Failure) [PSYoungGen: 251968K->64K(242688K)] 253876K->1972K(417792K), 0,0004954 secs] [Times: user=0,00 sys=0,00, real=0,00 secs] 
87,181: [GC (Allocation Failure) [PSYoungGen: 242240K->64K(291328K)] 244148K->1972K(466432K), 0,0010208 secs] [Times: user=0,00 sys=0,00, real=0,00 secs] 
87,245: [GC (Allocation Failure) [PSYoungGen: 290880K->96K(349696K)] 292788K->2004K(524800K), 0,0004937 secs] [Times: user=0,00 sys=0,00, real=0,00 secs] 
87,321: [GC (Allocation Failure) [PSYoungGen: 349280K->96K(335360K)] 351188K->2004K(510464K), 0,0004841 secs] [Times: user=0,00 sys=0,00, real=0,00 secs] 
87,394: [GC (Allocation Failure) [PSYoungGen: 334944K->64K(321536K)] 336852K->1972K(496640K), 0,0005056 secs] [Times: user=0,00 sys=0,00, real=0,00 secs] 
87,463: [GC (Allocation Failure) [PSYoungGen: 321088K->64K(308224K)] 322996K->1972K(483328K), 0,0004951 secs] [Times: user=0,00 sys=0,00, real=0,00 secs] 
87,530: [GC (Allocation Failure) [PSYoungGen: 307776K->96K(295936K)] 309684K->2004K(471040K), 0,0005156 secs] [Times: user=0,00 sys=0,00, real=0,00 secs] 
87,598: [GC (Allocation Failure) [PSYoungGen: 295520K->96K(284160K)] 297428K->2004K(459264K), 0,0005096 secs] [Times: user=0,00 sys=0,00, real=0,00 secs] 
87,661: [GC (Allocation Failure) [PSYoungGen: 283744K->64K(272896K)] 285652K->1972K(448000K), 0,0005123 secs] [Times: user=0,00 sys=0,00, real=0,00 secs] 
87,723: [GC (Allocation Failure) [PSYoungGen: 272448K->64K(262144K)] 274356K->1972K(437248K), 0,0005793 secs] [Times: user=0,00 sys=0,00, real=0,00 secs] 
87,800: [GC (Allocation Failure) [PSYoungGen: 261696K->64K(251904K)] 263604K->1972K(427008K), 0,0010600 secs] [Times: user=0,00 sys=0,00, real=0,00 secs] 
87,866: [GC (Allocation Failure) [PSYoungGen: 251456K->64K(242176K)] 253364K->1972K(417280K), 0,0004913 secs] [Times: user=0,00 sys=0,00, real=0,01 secs] 
87,932: [GC (Allocation Failure) [PSYoungGen: 241728K->96K(232960K)] 243636K->2004K(408064K), 0,0004988 secs] [Times: user=0,00 sys=0,00, real=0,00 secs] 
87,997: [GC (Allocation Failure) [PSYoungGen: 232544K->64K(224256K)] 234452K->1972K(399360K), 0,0004906 secs] [Times: user=0,00 sys=0,00, real=0,00 secs] 
88,061: [GC (Allocation Failure) [PSYoungGen: 223808K->96K(216064K)] 225716K->2004K(391168K), 0,0008447 secs] [Times: user=0,00 sys=0,01, real=0,00 secs] 
88,121: [GC (Allocation Failure) [PSYoungGen: 215648K->32K(259584K)] 217556K->1940K(434688K), 0,0011031 secs] [Times: user=0,00 sys=0,00, real=0,00 secs] 
88,191: [GC (Allocation Failure) [PSYoungGen: 259104K->96K(249344K)] 261012K->2004K(424448K), 0,0005341 secs] [Times: user=0,00 sys=0,00, real=0,00 secs] 
88,263: [GC (Allocation Failure) [PSYoungGen: 248928K->96K(239616K)] 250836K->2004K(414720K), 0,0004962 secs] [Times: user=0,00 sys=0,00, real=0,00 secs] 
88,315: [GC (Allocation Failure) [PSYoungGen: 239200K->64K(230400K)] 241108K->1972K(405504K), 0,0005592 secs] [Times: user=0,00 sys=0,00, real=0,00 secs] 
88,365: [GC (Allocation Failure) [PSYoungGen: 229952K->96K(221696K)] 231860K->2004K(396800K), 0,0005053 secs] [Times: user=0,00 sys=0,00, real=0,00 secs] 
88,414: [GC (Allocation Failure) [PSYoungGen: 221280K->64K(213504K)] 223188K->1972K(388608K), 0,0005991 secs] [Times: user=0,00 sys=0,00, real=0,00 secs] 
88,461: [GC (Allocation Failure) [PSYoungGen: 213056K->96K(205824K)] 214964K->2004K(380928K), 0,0004916 secs] [Times: user=0,01 sys=0,00, real=0,00 secs] 
88,507: [GC (Allocation Failure) [PSYoungGen: 205408K->96K(198144K)] 207316K->2004K(373248K), 0,0005030 secs] [Times: user=0,00 sys=0,00, real=0,00 secs] 
88,552: [GC (Allocation Failure) [PSYoungGen: 197728K->64K(238080K)] 199636K->1972K(413184K), 0,0010758 secs] [Times: user=0,00 sys=0,00, real=0,00 secs] 
88,606: [GC (Allocation Failure) [PSYoungGen: 237632K->96K(285696K)] 239540K->2004K(460800K), 0,0005082 secs] [Times: user=0,00 sys=0,00, real=0,01 secs] 
88,674: [GC (Allocation Failure) [PSYoungGen: 285280K->96K(343040K)] 287188K->2004K(518144K), 0,0005516 secs] [Times: user=0,00 sys=0,00, real=0,00 secs] 
88,753: [GC (Allocation Failure) [PSYoungGen: 342624K->96K(328704K)] 344532K->2004K(503808K), 0,0005244 secs] [Times: user=0,00 sys=0,00, real=0,00 secs] 
88,827: [GC (Allocation Failure) [PSYoungGen: 328288K->96K(315392K)] 330196K->2004K(490496K), 0,0005034 secs] [Times: user=0,00 sys=0,00, real=0,00 secs] 
88,898: [GC (Allocation Failure) [PSYoungGen: 314976K->96K(302592K)] 316884K->2004K(477696K), 0,0005435 secs] [Times: user=0,00 sys=0,00, real=0,00 secs] 
88,966: [GC (Allocation Failure) [PSYoungGen: 302176K->96K(290304K)] 304084K->2004K(465408K), 0,0007452 secs] [Times: user=0,01 sys=0,00, real=0,01 secs] 
89,032: [GC (Allocation Failure) [PSYoungGen: 289888K->96K(278528K)] 291796K->2004K(453632K), 0,0005416 secs] [Times: user=0,00 sys=0,00, real=0,00 secs] 
89,093: [GC (Allocation Failure) [PSYoungGen: 278112K->64K(267776K)] 280020K->1972K(442880K), 0,0005463 secs] [Times: user=0,00 sys=0,00, real=0,00 secs] 
89,150: [GC (Allocation Failure) [PSYoungGen: 267328K->96K(257536K)] 269236K->2004K(432640K), 0,0004924 secs] [Times: user=0,00 sys=0,00, real=0,00 secs] 
89,206: [GC (Allocation Failure) [PSYoungGen: 257120K->96K(247296K)] 259028K->2004K(422400K), 0,0005306 secs] [Times: user=0,00 sys=0,00, real=0,01 secs] 
89,260: [GC (Allocation Failure) [PSYoungGen: 246880K->64K(237568K)] 248788K->1972K(412672K), 0,0005214 secs] [Times: user=0,00 sys=0,00, real=0,00 secs] 
89,313: [GC (Allocation Failure) [PSYoungGen: 237120K->64K(228352K)] 239028K->1972K(403456K), 0,0005011 secs] [Times: user=0,00 sys=0,00, real=0,00 secs] 
89,363: [GC (Allocation Failure) [PSYoungGen: 227904K->64K(219648K)] 229812K->1972K(394752K), 0,0005049 secs] [Times: user=0,00 sys=0,00, real=0,00 secs] 
89,412: [GC (Allocation Failure) [PSYoungGen: 219200K->96K(211456K)] 221108K->2004K(386560K), 0,0007175 secs] [Times: user=0,00 sys=0,00, real=0,00 secs] 
89,461: [GC (Allocation Failure) [PSYoungGen: 211040K->32K(253952K)] 212948K->1940K(429056K), 0,0012505 secs] [Times: user=0,00 sys=0,00, real=0,00 secs] 
89,524: [GC (Allocation Failure) [PSYoungGen: 253472K->96K(304640K)] 255380K->2004K(479744K), 0,0004981 secs] [Times: user=0,00 sys=0,00, real=0,00 secs] 
89,593: [GC (Allocation Failure) [PSYoungGen: 304224K->64K(365568K)] 306132K->1972K(540672K), 0,0004867 secs] [Times: user=0,01 sys=0,00, real=0,00 secs] 
89,680: [GC (Allocation Failure) [PSYoungGen: 365120K->96K(350208K)] 367028K->2004K(525312K), 0,0008711 secs] [Times: user=0,00 sys=0,00, real=0,00 secs] 
89,756: [GC (Allocation Failure) [PSYoungGen: 349792K->96K(335872K)] 351700K->2004K(510976K), 0,0005070 secs] [Times: user=0,00 sys=0,00, real=0,01 secs] 
89,830: [GC (Allocation Failure) [PSYoungGen: 335456K->64K(322048K)] 337364K->1972K(497152K), 0,0005006 secs] [Times: user=0,00 sys=0,01, real=0,00 secs] 
89,901: [GC (Allocation Failure) [PSYoungGen: 321600K->64K(308736K)] 323508K->1972K(483840K), 0,0005041 secs] [Times: user=0,00 sys=0,00, real=0,00 secs] 
89,970: [GC (Allocation Failure) [PSYoungGen: 308288K->96K(296448K)] 310196K->2004K(471552K), 0,0005228 secs] [Times: user=0,00 sys=0,00, real=0,00 secs] 
90,038: [GC (Allocation Failure) [PSYoungGen: 296032K->64K(284672K)] 297940K->1972K(459776K), 0,0005317 secs] [Times: user=0,00 sys=0,00, real=0,00 secs] 
90,101: [GC (Allocation Failure) [PSYoungGen: 284224K->96K(273408K)] 286132K->2004K(448512K), 0,0004724 secs] [Times: user=0,00 sys=0,00, real=0,00 secs] 
90,162: [GC (Allocation Failure) [PSYoungGen: 272992K->96K(262656K)] 274900K->2004K(437760K), 0,0004948 secs] [Times: user=0,00 sys=0,00, real=0,00 secs] 
90,220: [GC (Allocation Failure) [PSYoungGen: 262240K->32K(252416K)] 264148K->1940K(427520K), 0,0005528 secs] [Times: user=0,00 sys=0,00, real=0,00 secs] 
90,337: [GC (Allocation Failure) [PSYoungGen: 251936K->96K(303104K)] 253844K->2004K(478208K), 0,0114425 secs] [Times: user=0,00 sys=0,00, real=0,01 secs] 
90,521: [GC (Allocation Failure) [PSYoungGen: 302688K->96K(364032K)] 304596K->2028K(539136K), 0,0006245 secs] [Times: user=0,00 sys=0,00, real=0,00 secs] 
90,629: [GC (Allocation Failure) [PSYoungGen: 363616K->96K(436736K)] 365548K->2028K(611840K), 0,0009997 secs] [Times: user=0,00 sys=0,01, real=0,00 secs] 
90,759: [GC (Allocation Failure) [PSYoungGen: 436320K->96K(524288K)] 438252K->2028K(699392K), 0,0005654 secs] [Times: user=0,00 sys=0,00, real=0,00 secs] 
90,912: [GC (Allocation Failure) [PSYoungGen: 523872K->64K(629248K)] 525804K->1996K(804352K), 0,0005315 secs] [Times: user=0,01 sys=0,00, real=0,00 secs] 
91,124: [GC (Allocation Failure) [PSYoungGen: 628800K->96K(601088K)] 630732K->2028K(776192K), 0,0005547 secs] [Times: user=0,00 sys=0,00, real=0,00 secs] 
91,325: [GC (Allocation Failure) [PSYoungGen: 600672K->96K(574464K)] 602604K->2028K(749568K), 0,0006419 secs] [Times: user=0,00 sys=0,00, real=0,00 secs] 
91,514: [GC (Allocation Failure) [PSYoungGen: 574048K->64K(689664K)] 575980K->1996K(864768K), 0,0035692 secs] [Times: user=0,00 sys=0,00, real=0,01 secs] 
91,793: [GC (Allocation Failure) [PSYoungGen: 689216K->64K(827904K)] 691148K->1996K(1003008K), 0,0050770 secs] [Times: user=0,00 sys=0,00, real=0,01 secs] 
92,058: [GC (Allocation Failure) [PSYoungGen: 827456K->64K(790016K)] 829388K->1996K(965120K), 0,0009569 secs] [Times: user=0,01 sys=0,00, real=0,00 secs] 
92,294: [GC (Allocation Failure) [PSYoungGen: 789568K->64K(753664K)] 791500K->1996K(928768K), 0,0005325 secs] [Times: user=0,00 sys=0,00, real=0,00 secs] 
92,457: [GC (Allocation Failure) [PSYoungGen: 753216K->64K(719360K)] 755148K->1996K(894464K), 0,0005046 secs] [Times: user=0,00 sys=0,00, real=0,00 secs] 
92,615: [GC (Allocation Failure) [PSYoungGen: 718912K->96K(686592K)] 720844K->2028K(861696K), 0,0005562 secs] [Times: user=0,01 sys=0,00, real=0,00 secs] 
92,771: [GC (Allocation Failure) [PSYoungGen: 686176K->96K(655360K)] 688108K->2028K(830464K), 0,0005708 secs] [Times: user=0,00 sys=0,00, real=0,00 secs] 
92,929: [GC (Allocation Failure) [PSYoungGen: 654944K->96K(625664K)] 656876K->2028K(800768K), 0,0012293 secs] [Times: user=0,00 sys=0,00, real=0,00 secs] 
93,105: [GC (Allocation Failure) [PSYoungGen: 625248K->96K(597504K)] 627180K->2028K(772608K), 0,0005710 secs] [Times: user=0,00 sys=0,00, real=0,00 secs] 
93,259: [GC (Allocation Failure) [PSYoungGen: 597088K->96K(570880K)] 599020K->2028K(745984K), 0,0011482 secs] [Times: user=0,01 sys=0,00, real=0,00 secs] 
93,403: [GC (Allocation Failure) [PSYoungGen: 570464K->96K(545792K)] 572396K->2028K(720896K), 0,0005013 secs] [Times: user=0,00 sys=0,00, real=0,00 secs] 
93,541: [GC (Allocation Failure) [PSYoungGen: 545376K->96K(521728K)] 547308K->2028K(696832K), 0,0005134 secs] [Times: user=0,00 sys=0,00, real=0,00 secs] 
93,668: [GC (Allocation Failure) [PSYoungGen: 521312K->64K(498688K)] 523244K->1996K(673792K), 0,0005407 secs] [Times: user=0,00 sys=0,00, real=0,00 secs] 
93,802: [GC (Allocation Failure) [PSYoungGen: 498240K->96K(477184K)] 500172K->2028K(652288K), 0,0004987 secs] [Times: user=0,00 sys=0,00, real=0,00 secs] 
93,936: [GC (Allocation Failure) [PSYoungGen: 476768K->96K(456704K)] 478700K->2028K(631808K), 0,0005049 secs] [Times: user=0,00 sys=0,00, real=0,00 secs] 
94,065: [GC (Allocation Failure) [PSYoungGen: 456288K->96K(437248K)] 458220K->2028K(612352K), 0,0005086 secs] [Times: user=0,01 sys=0,00, real=0,00 secs] 
94,189: [GC (Allocation Failure) [PSYoungGen: 436832K->96K(418304K)] 438764K->2028K(593408K), 0,0005307 secs] [Times: user=0,00 sys=0,00, real=0,00 secs] 
94,296: [GC (Allocation Failure) [PSYoungGen: 417888K->96K(400384K)] 419820K->2028K(575488K), 0,0005012 secs] [Times: user=0,00 sys=0,00, real=0,00 secs] 
94,395: [GC (Allocation Failure) [PSYoungGen: 399968K->96K(383488K)] 401900K->2028K(558592K), 0,0004990 secs] [Times: user=0,00 sys=0,00, real=0,00 secs] 
94,489: [GC (Allocation Failure) [PSYoungGen: 383072K->96K(367616K)] 385004K->2028K(542720K), 0,0005085 secs] [Times: user=0,00 sys=0,00, real=0,00 secs] 
94,572: [GC (Allocation Failure) [PSYoungGen: 367200K->96K(352256K)] 369132K->2028K(527360K), 0,0005065 secs] [Times: user=0,00 sys=0,00, real=0,00 secs] 
94,654: [GC (Allocation Failure) [PSYoungGen: 351840K->64K(337920K)] 353772K->1996K(513024K), 0,0004928 secs] [Times: user=0,00 sys=0,00, real=0,00 secs] 
94,736: [GC (Allocation Failure) [PSYoungGen: 337472K->64K(324096K)] 339404K->1996K(499200K), 0,0005019 secs] [Times: user=0,00 sys=0,00, real=0,00 secs] 
94,811: [GC (Allocation Failure) [PSYoungGen: 323648K->64K(310784K)] 325580K->1996K(485888K), 0,0005412 secs] [Times: user=0,01 sys=0,00, real=0,00 secs] 
94,884: [GC (Allocation Failure) [PSYoungGen: 310336K->64K(297984K)] 312268K->1996K(473088K), 0,0005061 secs] [Times: user=0,00 sys=0,00, real=0,00 secs] 
94,951: [GC (Allocation Failure) [PSYoungGen: 297536K->96K(286208K)] 299468K->2028K(461312K), 0,0005134 secs] [Times: user=0,00 sys=0,00, real=0,00 secs] 
95,014: [GC (Allocation Failure) [PSYoungGen: 285792K->96K(274944K)] 287724K->2028K(450048K), 0,0005031 secs] [Times: user=0,00 sys=0,00, real=0,00 secs] 
95,073: [GC (Allocation Failure) [PSYoungGen: 274528K->64K(264192K)] 276460K->1996K(439296K), 0,0005075 secs] [Times: user=0,01 sys=0,00, real=0,00 secs] 
95,129: [GC (Allocation Failure) [PSYoungGen: 263744K->64K(253952K)] 265676K->1996K(429056K), 0,0005978 secs] [Times: user=0,00 sys=0,00, real=0,00 secs] 
95,183: [GC (Allocation Failure) [PSYoungGen: 253504K->96K(244224K)] 255436K->2028K(419328K), 0,0005042 secs] [Times: user=0,00 sys=0,00, real=0,00 secs] 
95,236: [GC (Allocation Failure) [PSYoungGen: 243808K->96K(235008K)] 245740K->2028K(410112K), 0,0005015 secs] [Times: user=0,00 sys=0,00, real=0,00 secs] 
95,291: [GC (Allocation Failure) [PSYoungGen: 234592K->64K(226304K)] 236524K->1996K(401408K), 0,0006269 secs] [Times: user=0,00 sys=0,00, real=0,00 secs] 
95,355: [GC (Allocation Failure) [PSYoungGen: 225856K->64K(217600K)] 227788K->1996K(392704K), 0,0005952 secs] [Times: user=0,01 sys=0,00, real=0,00 secs] 
95,408: [GC (Allocation Failure) [PSYoungGen: 217152K->32K(261120K)] 219084K->1964K(436224K), 0,0012933 secs] [Times: user=0,00 sys=0,00, real=0,00 secs] 
95,476: [GC (Allocation Failure) [PSYoungGen: 260640K->64K(313344K)] 262572K->1996K(488448K), 0,0010490 secs] [Times: user=0,01 sys=0,00, real=0,01 secs] 
95,557: [GC (Allocation Failure) [PSYoungGen: 312896K->64K(376320K)] 314828K->1996K(551424K), 0,0005215 secs] [Times: user=0,00 sys=0,00, real=0,00 secs] 
95,658: [GC (Allocation Failure) [PSYoungGen: 375872K->96K(360448K)] 377804K->2028K(535552K), 0,0005784 secs] [Times: user=0,00 sys=0,00, real=0,00 secs] 
95,754: [GC (Allocation Failure) [PSYoungGen: 360032K->64K(345600K)] 361964K->1996K(520704K), 0,0004941 secs] [Times: user=0,01 sys=0,00, real=0,00 secs] 
95,844: [GC (Allocation Failure) [PSYoungGen: 345152K->64K(331264K)] 347084K->1996K(506368K), 0,0010795 secs] [Times: user=0,01 sys=0,00, real=0,00 secs] 
95,926: [GC (Allocation Failure) [PSYoungGen: 330816K->96K(317952K)] 332748K->2028K(493056K), 0,0004939 secs] [Times: user=0,00 sys=0,00, real=0,00 secs] 
95,999: [GC (Allocation Failure) [PSYoungGen: 317536K->96K(305152K)] 319468K->2028K(480256K), 0,0005262 secs] [Times: user=0,00 sys=0,00, real=0,00 secs] 
96,071: [GC (Allocation Failure) [PSYoungGen: 304736K->64K(292864K)] 306668K->1996K(467968K), 0,0008683 secs] [Times: user=0,00 sys=0,01, real=0,00 secs] 
96,145: [GC (Allocation Failure) [PSYoungGen: 292416K->64K(281088K)] 294348K->1996K(456192K), 0,0011225 secs] [Times: user=0,00 sys=0,00, real=0,00 secs] 
96,211: [GC (Allocation Failure) [PSYoungGen: 280640K->96K(337408K)] 282572K->2028K(512512K), 0,0010718 secs] [Times: user=0,01 sys=0,00, real=0,00 secs] 
96,288: [GC (Allocation Failure) [PSYoungGen: 336992K->96K(323584K)] 338924K->2028K(498688K), 0,0004921 secs] [Times: user=0,00 sys=0,00, real=0,00 secs] 
96,358: [GC (Allocation Failure) [PSYoungGen: 323168K->96K(310272K)] 325100K->2028K(485376K), 0,0005361 secs] [Times: user=0,00 sys=0,00, real=0,00 secs] 
96,426: [GC (Allocation Failure) [PSYoungGen: 309856K->96K(297984K)] 311788K->2028K(473088K), 0,0006651 secs] [Times: user=0,00 sys=0,00, real=0,01 secs] 
96,493: [GC (Allocation Failure) [PSYoungGen: 297568K->64K(286208K)] 299500K->1996K(461312K), 0,0008066 secs] [Times: user=0,01 sys=0,00, real=0,00 secs] 
96,562: [GC (Allocation Failure) [PSYoungGen: 285760K->96K(274944K)] 287692K->2028K(450048K), 0,0005041 secs] [Times: user=0,00 sys=0,00, real=0,00 secs] 
96,627: [GC (Allocation Failure) [PSYoungGen: 274528K->96K(264192K)] 276460K->2028K(439296K), 0,0005059 secs] [Times: user=0,01 sys=0,00, real=0,00 secs] 
96,686: [GC (Allocation Failure) [PSYoungGen: 263776K->96K(253952K)] 265708K->2028K(429056K), 0,0005703 secs] [Times: user=0,00 sys=0,00, real=0,01 secs] 
96,743: [GC (Allocation Failure) [PSYoungGen: 253536K->64K(244224K)] 255468K->1996K(419328K), 0,0005029 secs] [Times: user=0,00 sys=0,00, real=0,00 secs] 
96,798: [GC (Allocation Failure) [PSYoungGen: 243776K->96K(235008K)] 245708K->2028K(410112K), 0,0005630 secs] [Times: user=0,01 sys=0,00, real=0,00 secs] 
96,850: [GC (Allocation Failure) [PSYoungGen: 234592K->96K(226304K)] 236524K->2028K(401408K), 0,0005609 secs] [Times: user=0,00 sys=0,00, real=0,00 secs] 
96,904: [GC (Allocation Failure) [PSYoungGen: 225888K->96K(217600K)] 227820K->2028K(392704K), 0,0005537 secs] [Times: user=0,00 sys=0,00, real=0,00 secs] 
96,956: [GC (Allocation Failure) [PSYoungGen: 217184K->64K(261120K)] 219116K->1996K(436224K), 0,0018272 secs] [Times: user=0,00 sys=0,00, real=0,01 secs] 
97,020: [GC (Allocation Failure) [PSYoungGen: 260672K->96K(313344K)] 262604K->2028K(488448K), 0,0005087 secs] [Times: user=0,00 sys=0,00, real=0,00 secs] 
97,087: [GC (Allocation Failure) [PSYoungGen: 312928K->32K(376320K)] 314860K->1964K(551424K), 0,0005391 secs] [Times: user=0,00 sys=0,00, real=0,00 secs] 
97,172: [GC (Allocation Failure) [PSYoungGen: 375840K->64K(451584K)] 377772K->1996K(626688K), 0,0010352 secs] [Times: user=0,01 sys=0,00, real=0,00 secs] 
97,274: [GC (Allocation Failure) [PSYoungGen: 451136K->64K(432128K)] 453068K->1996K(607232K), 0,0005471 secs] [Times: user=0,00 sys=0,00, real=0,00 secs] 
97,371: [GC (Allocation Failure) [PSYoungGen: 431680K->96K(413696K)] 433612K->2028K(588800K), 0,0005261 secs] [Times: user=0,00 sys=0,00, real=0,00 secs] 
97,463: [GC (Allocation Failure) [PSYoungGen: 413280K->64K(396288K)] 415212K->1996K(571392K), 0,0005055 secs] [Times: user=0,00 sys=0,00, real=0,00 secs] 
97,549: [GC (Allocation Failure) [PSYoungGen: 395840K->64K(379392K)] 397772K->1996K(554496K), 0,0005374 secs] [Times: user=0,00 sys=0,00, real=0,00 secs] 
97,634: [GC (Allocation Failure) [PSYoungGen: 378944K->64K(363520K)] 380876K->1996K(538624K), 0,0005126 secs] [Times: user=0,00 sys=0,00, real=0,00 secs] 
97,721: [GC (Allocation Failure) [PSYoungGen: 363072K->96K(348160K)] 365004K->2028K(523264K), 0,0007753 secs] [Times: user=0,00 sys=0,00, real=0,00 secs] 
97,797: [GC (Allocation Failure) [PSYoungGen: 347744K->64K(333824K)] 349676K->1996K(508928K), 0,0004922 secs] [Times: user=0,00 sys=0,00, real=0,00 secs] 
97,869: [GC (Allocation Failure) [PSYoungGen: 333376K->96K(320000K)] 335308K->2028K(495104K), 0,0004967 secs] [Times: user=0,00 sys=0,00, real=0,00 secs] 
97,938: [GC (Allocation Failure) [PSYoungGen: 319584K->96K(307200K)] 321516K->2028K(482304K), 0,0005482 secs] [Times: user=0,00 sys=0,00, real=0,00 secs] 
98,006: [GC (Allocation Failure) [PSYoungGen: 306784K->96K(294912K)] 308716K->2028K(470016K), 0,0005000 secs] [Times: user=0,00 sys=0,00, real=0,01 secs] 
98,076: [GC (Allocation Failure) [PSYoungGen: 294496K->96K(283136K)] 296428K->2028K(458240K), 0,0004962 secs] [Times: user=0,00 sys=0,00, real=0,00 secs] 
98,140: [GC (Allocation Failure) [PSYoungGen: 282720K->96K(271872K)] 284652K->2028K(446976K), 0,0004993 secs] [Times: user=0,00 sys=0,00, real=0,00 secs] 
98,200: [GC (Allocation Failure) [PSYoungGen: 271456K->64K(261120K)] 273388K->1996K(436224K), 0,0005299 secs] [Times: user=0,00 sys=0,00, real=0,00 secs] 
98,256: [GC (Allocation Failure) [PSYoungGen: 260672K->96K(250880K)] 262604K->2028K(425984K), 0,0005516 secs] [Times: user=0,00 sys=0,00, real=0,01 secs] 
98,311: [GC (Allocation Failure) [PSYoungGen: 250464K->96K(241152K)] 252396K->2028K(416256K), 0,0004975 secs] [Times: user=0,00 sys=0,00, real=0,00 secs] 
98,366: [GC (Allocation Failure) [PSYoungGen: 240736K->64K(231936K)] 242668K->1996K(407040K), 0,0005010 secs] [Times: user=0,00 sys=0,00, real=0,01 secs] 
98,422: [GC (Allocation Failure) [PSYoungGen: 231488K->96K(223232K)] 233420K->2028K(398336K), 0,0005274 secs] [Times: user=0,00 sys=0,00, real=0,00 secs] 
98,476: [GC (Allocation Failure) [PSYoungGen: 222816K->96K(215040K)] 224748K->2028K(390144K), 0,0005309 secs] [Times: user=0,00 sys=0,00, real=0,01 secs] 
98,526: [GC (Allocation Failure) [PSYoungGen: 214624K->96K(206848K)] 216556K->2028K(381952K), 0,0005065 secs] [Times: user=0,00 sys=0,00, real=0,01 secs] 
98,573: [GC (Allocation Failure) [PSYoungGen: 206432K->96K(199168K)] 208364K->2028K(374272K), 0,0005219 secs] [Times: user=0,00 sys=0,00, real=0,00 secs] 
98,618: [GC (Allocation Failure) [PSYoungGen: 198752K->128K(239104K)] 200684K->2060K(414208K), 0,0007002 secs] [Times: user=0,00 sys=0,00, real=0,00 secs] 
98,672: [GC (Allocation Failure) [PSYoungGen: 238720K->64K(287232K)] 240652K->1996K(462336K), 0,0008475 secs] [Times: user=0,00 sys=0,00, real=0,00 secs] 
98,737: [GC (Allocation Failure) [PSYoungGen: 286784K->96K(344576K)] 288716K->2028K(519680K), 0,0005213 secs] [Times: user=0,00 sys=0,01, real=0,00 secs] 
98,818: [GC (Allocation Failure) [PSYoungGen: 344160K->64K(330240K)] 346092K->1996K(505344K), 0,0006878 secs] [Times: user=0,00 sys=0,00, real=0,00 secs] 
98,903: [GC (Allocation Failure) [PSYoungGen: 329792K->96K(316928K)] 331724K->2028K(492032K), 0,0005002 secs] [Times: user=0,00 sys=0,00, real=0,00 secs] 
98,972: [GC (Allocation Failure) [PSYoungGen: 316512K->96K(304128K)] 318444K->2028K(479232K), 0,0004889 secs] [Times: user=0,00 sys=0,00, real=0,00 secs] 
99,039: [GC (Allocation Failure) [PSYoungGen: 303712K->96K(291840K)] 305644K->2028K(466944K), 0,0005656 secs] [Times: user=0,00 sys=0,00, real=0,00 secs] 
99,104: [GC (Allocation Failure) [PSYoungGen: 291424K->64K(280064K)] 293356K->1996K(455168K), 0,0007156 secs] [Times: user=0,00 sys=0,00, real=0,00 secs] 
99,170: [GC (Allocation Failure) [PSYoungGen: 279616K->32K(336384K)] 281548K->1964K(511488K), 0,0011046 secs] [Times: user=0,00 sys=0,00, real=0,00 secs] 
99,250: [GC (Allocation Failure) [PSYoungGen: 335904K->96K(322560K)] 337836K->2028K(497664K), 0,0006079 secs] [Times: user=0,00 sys=0,00, real=0,00 secs] 
99,325: [GC (Allocation Failure) [PSYoungGen: 322144K->64K(387072K)] 324076K->1996K(562176K), 0,0012512 secs] [Times: user=0,00 sys=0,00, real=0,00 secs] 
99,415: [GC (Allocation Failure) [PSYoungGen: 386624K->64K(370688K)] 388556K->1996K(545792K), 0,0005174 secs] [Times: user=0,01 sys=0,00, real=0,00 secs] 
99,500: [GC (Allocation Failure) [PSYoungGen: 370240K->96K(355328K)] 372172K->2028K(530432K), 0,0005118 secs] [Times: user=0,00 sys=0,00, real=0,00 secs] 
99,579: [GC (Allocation Failure) [PSYoungGen: 354912K->96K(340480K)] 356844K->2028K(515584K), 0,0004922 secs] [Times: user=0,01 sys=0,00, real=0,00 secs] 
99,654: [GC (Allocation Failure) [PSYoungGen: 340064K->96K(326656K)] 341996K->2028K(501760K), 0,0004938 secs] [Times: user=0,00 sys=0,00, real=0,00 secs] 
99,728: [GC (Allocation Failure) [PSYoungGen: 326240K->96K(313344K)] 328172K->2036K(488448K), 0,0005162 secs] [Times: user=0,00 sys=0,00, real=0,00 secs] 
99,797: [GC (Allocation Failure) [PSYoungGen: 312928K->64K(300544K)] 314868K->2004K(475648K), 0,0005325 secs] [Times: user=0,00 sys=0,00, real=0,00 secs] 
99,863: [GC (Allocation Failure) [PSYoungGen: 300096K->96K(288256K)] 302036K->2036K(463360K), 0,0005317 secs] [Times: user=0,00 sys=0,00, real=0,00 secs] 
99,927: [GC (Allocation Failure) [PSYoungGen: 287840K->96K(276992K)] 289780K->2036K(452096K), 0,0004981 secs] [Times: user=0,00 sys=0,00, real=0,00 secs] 
99,989: [GC (Allocation Failure) [PSYoungGen: 276576K->96K(266240K)] 278516K->2036K(441344K), 0,0005023 secs] [Times: user=0,00 sys=0,00, real=0,00 secs] 
100,049: [GC (Allocation Failure) [PSYoungGen: 265824K->96K(256000K)] 267764K->2036K(431104K), 0,0005403 secs] [Times: user=0,00 sys=0,00, real=0,00 secs] 
100,106: [GC (Allocation Failure) [PSYoungGen: 255584K->96K(246272K)] 257524K->2036K(421376K), 0,0005672 secs] [Times: user=0,00 sys=0,00, real=0,00 secs] 
100,162: [GC (Allocation Failure) [PSYoungGen: 245856K->96K(237056K)] 247796K->2036K(412160K), 0,0005023 secs] [Times: user=0,00 sys=0,00, real=0,00 secs] 
100,215: [GC (Allocation Failure) [PSYoungGen: 236640K->96K(227840K)] 238580K->2036K(402944K), 0,0004875 secs] [Times: user=0,01 sys=0,00, real=0,00 secs] 
100,268: [GC (Allocation Failure) [PSYoungGen: 227424K->96K(219136K)] 229364K->2036K(394240K), 0,0005028 secs] [Times: user=0,00 sys=0,00, real=0,00 secs] 
Heap
 PSYoungGen      total 219136K, used 93440K [0x000000076ab00000, 0x00000007bb680000, 0x00000007c0000000)
  eden space 218624K, 42% used [0x000000076ab00000,0x0000000770628048,0x0000000778080000)
  from space 512K, 18% used [0x00000007bb600000,0x00000007bb618000,0x00000007bb680000)
  to   space 512K, 0% used [0x00000007bb580000,0x00000007bb580000,0x00000007bb600000)
 ParOldGen       total 175104K, used 1940K [0x00000006c0000000, 0x00000006cab00000, 0x000000076ab00000)
  object space 175104K, 1% used [0x00000006c0000000,0x00000006c01e50d0,0x00000006cab00000)
 Metaspace       used 9132K, capacity 9412K, committed 9600K, reserved 1058816K
  class space    used 1048K, capacity 1140K, committed 1152K, reserved 1048576K
