OpenJDK 64-Bit Server VM (25.202-b05) for bsd-amd64 JRE (Zulu 8.36.0.1-CA-macosx) (1.8.0_202-b05), built on Jan 29 2019 06:07:09 by "zulu_re" with gcc 4.2.1 (Based on Apple Inc. build 5658) (LLVM build 2336.11.00)
Memory: 4k page, physical 16777216k(3824584k free)

/proc/meminfo:

CommandLine flags: -XX:InitialHeapSize=268435456 -XX:MaxHeapSize=4294967296 -XX:+PrintGC -XX:+PrintGCDetails -XX:+PrintGCTimeStamps -XX:+UseCompressedClassPointers -XX:+UseCompressedOops -XX:+UseParallelGC 
Heap
 PSYoungGen      total 76288K, used 35668K [0x000000076ab00000, 0x0000000770000000, 0x00000007c0000000)
  eden space 65536K, 54% used [0x000000076ab00000,0x000000076cdd5288,0x000000076eb00000)
  from space 10752K, 0% used [0x000000076f580000,0x000000076f580000,0x0000000770000000)
  to   space 10752K, 0% used [0x000000076eb00000,0x000000076eb00000,0x000000076f580000)
 ParOldGen       total 175104K, used 0K [0x00000006c0000000, 0x00000006cab00000, 0x000000076ab00000)
  object space 175104K, 0% used [0x00000006c0000000,0x00000006c0000000,0x00000006cab00000)
 Metaspace       used 7669K, capacity 8005K, committed 8192K, reserved 1056768K
  class space    used 852K, capacity 948K, committed 1024K, reserved 1048576K
28: [GC (Allocation Failure) [PSYoungGen: 132656K->1584K(141824K)] 132688K->1624K(316928K), 0,0017242 secs] [Times: user=0,01 sys=0,00, real=0,00 secs] 
0,889: [GC (Allocation Failure) [PSYoungGen: 132656K->1600K(266240K)] 132696K->1648K(441344K), 0,0015741 secs] [Times: user=0,01 sys=0,00, real=0,00 secs] 
1,055: [GC (Allocation Failure) [PSYoungGen: 263744K->32K(266240K)] 263792K->1608K(441344K), 0,0018805 secs] [Times: user=0,01 sys=0,00, real=0,00 secs] 
1,173: [GC (Allocation Failure) [PSYoungGen: 262176K->96K(528384K)] 263752K->1688K(703488K), 0,0005842 secs] [Times: user=0,01 sys=0,00, real=0,01 secs] 
1,500: [GC (Allocation Failure) [PSYoungGen: 524384K->96K(528384K)] 525976K->1688K(703488K), 0,0007687 secs] [Times: user=0,00 sys=0,00, real=0,00 secs] 
1,731: [GC (Allocation Failure) [PSYoungGen: 524384K->96K(843264K)] 525976K->1688K(1018368K), 0,0005143 secs] [Times: user=0,00 sys=0,00, real=0,00 secs] 
2,212: [GC (Allocation Failure) [PSYoungGen: 839264K->96K(800768K)] 840856K->1704K(975872K), 0,0005423 secs] [Times: user=0,00 sys=0,00, real=0,00 secs] 
2,563: [GC (Allocation Failure) [PSYoungGen: 800352K->96K(763904K)] 801960K->1712K(939008K), 0,0005286 secs] [Times: user=0,00 sys=0,00, real=0,00 secs] 
2,893: [GC (Allocation Failure) [PSYoungGen: 763488K->96K(732672K)] 765104K->1712K(907776K), 0,0005176 secs] [Times: user=0,00 sys=0,00, real=0,00 secs] 
3,205: [GC (Allocation Failure) [PSYoungGen: 728672K->32K(695808K)] 730288K->1648K(870912K), 0,0007350 secs] [Times: user=0,00 sys=0,00, real=0,00 secs] 
3,503: [GC (Allocation Failure) [PSYoungGen: 695328K->96K(667136K)] 696944K->1712K(842240K), 0,0005226 secs] [Times: user=0,00 sys=0,00, real=0,00 secs] 
3,789: [GC (Allocation Failure) [PSYoungGen: 663648K->64K(634368K)] 665264K->1680K(809472K), 0,0010507 secs] [Times: user=0,01 sys=0,00, real=0,00 secs] 
4,062: [GC (Allocation Failure) [PSYoungGen: 633920K->96K(608768K)] 635536K->1712K(783872K), 0,0027849 secs] [Times: user=0,00 sys=0,00, real=0,01 secs] 
4,325: [GC (Allocation Failure) [PSYoungGen: 605280K->64K(578560K)] 606896K->1680K(753664K), 0,0006048 secs] [Times: user=0,00 sys=0,00, real=0,00 secs] 
4,573: [GC (Allocation Failure) [PSYoungGen: 578112K->96K(555520K)] 579728K->1712K(730624K), 0,0005354 secs] [Times: user=0,00 sys=0,00, real=0,01 secs] 
4,810: [GC (Allocation Failure) [PSYoungGen: 552544K->64K(528384K)] 554160K->1688K(703488K), 0,0006258 secs] [Times: user=0,01 sys=0,00, real=0,00 secs] 
5,037: [GC (Allocation Failure) [PSYoungGen: 527936K->96K(507904K)] 529560K->1720K(683008K), 0,0005319 secs] [Times: user=0,00 sys=0,00, real=0,00 secs] 
5,255: [GC (Allocation Failure) [PSYoungGen: 504928K->64K(483328K)] 506552K->1688K(658432K), 0,0006133 secs] [Times: user=0,00 sys=0,00, real=0,00 secs] 
5,462: [GC (Allocation Failure) [PSYoungGen: 482880K->96K(464384K)] 484504K->1720K(639488K), 0,0005299 secs] [Times: user=0,00 sys=0,00, real=0,00 secs] 
5,661: [GC (Allocation Failure) [PSYoungGen: 461920K->96K(442368K)] 463544K->1720K(617472K), 0,0005631 secs] [Times: user=0,00 sys=0,00, real=0,00 secs] 
5,850: [GC (Allocation Failure) [PSYoungGen: 441952K->96K(425472K)] 443576K->1720K(600576K), 0,0005179 secs] [Times: user=0,00 sys=0,00, real=0,00 secs] 
6,032: [GC (Allocation Failure) [PSYoungGen: 423008K->96K(405504K)] 424632K->1720K(580608K), 0,0006388 secs] [Times: user=0,00 sys=0,00, real=0,00 secs] 
6,208: [GC (Allocation Failure) [PSYoungGen: 405088K->96K(389632K)] 406712K->1720K(564736K), 0,0005826 secs] [Times: user=0,01 sys=0,00, real=0,00 secs] 
6,375: [GC (Allocation Failure) [PSYoungGen: 387680K->96K(371712K)] 389304K->1720K(546816K), 0,0006237 secs] [Times: user=0,00 sys=0,00, real=0,00 secs] 
6,536: [GC (Allocation Failure) [PSYoungGen: 371296K->96K(357888K)] 372920K->1720K(532992K), 0,0005143 secs] [Times: user=0,00 sys=0,00, real=0,00 secs] 
6,689: [GC (Allocation Failure) [PSYoungGen: 355936K->96K(341504K)] 357560K->1720K(516608K), 0,0005680 secs] [Times: user=0,00 sys=0,00, real=0,00 secs] 
6,835: [GC (Allocation Failure) [PSYoungGen: 341088K->32K(328704K)] 342712K->1656K(503808K), 0,0006582 secs] [Times: user=0,00 sys=0,00, real=0,00 secs] 
6,976: [GC (Allocation Failure) [PSYoungGen: 327200K->96K(314368K)] 328824K->1720K(489472K), 0,0005967 secs] [Times: user=0,00 sys=0,00, real=0,00 secs] 
7,111: [GC (Allocation Failure) [PSYoungGen: 313952K->96K(302592K)] 315576K->1720K(477696K), 0,0004880 secs] [Times: user=0,00 sys=0,00, real=0,00 secs] 
7,241: [GC (Allocation Failure) [PSYoungGen: 301152K->96K(289280K)] 302776K->1720K(464384K), 0,0005500 secs] [Times: user=0,00 sys=0,00, real=0,00 secs] 
7,365: [GC (Allocation Failure) [PSYoungGen: 288864K->64K(279040K)] 290488K->1688K(454144K), 0,0005093 secs] [Times: user=0,01 sys=0,00, real=0,00 secs] 
7,484: [GC (Allocation Failure) [PSYoungGen: 277568K->96K(267264K)] 279192K->1720K(442368K), 0,0005277 secs] [Times: user=0,00 sys=0,00, real=0,00 secs] 
7,599: [GC (Allocation Failure) [PSYoungGen: 266848K->96K(257536K)] 268472K->1720K(432640K), 0,0005229 secs] [Times: user=0,00 sys=0,00, real=0,00 secs] 
7,709: [GC (Allocation Failure) [PSYoungGen: 256607K->96K(247296K)] 258232K->1720K(422400K), 0,0005411 secs] [Times: user=0,00 sys=0,00, real=0,00 secs] 
7,815: [GC (Allocation Failure) [PSYoungGen: 246880K->96K(238080K)] 248504K->1720K(413184K), 0,0005143 secs] [Times: user=0,00 sys=0,00, real=0,00 secs] 
7,917: [GC (Allocation Failure) [PSYoungGen: 237152K->64K(228352K)] 238776K->1688K(403456K), 0,0005313 secs] [Times: user=0,00 sys=0,00, real=0,00 secs] 
8,015: [GC (Allocation Failure) [PSYoungGen: 227904K->96K(220160K)] 229528K->1720K(395264K), 0,0005042 secs] [Times: user=0,00 sys=0,00, real=0,00 secs] 
8,109: [GC (Allocation Failure) [PSYoungGen: 219232K->96K(211456K)] 220856K->1720K(386560K), 0,0004812 secs] [Times: user=0,00 sys=0,00, real=0,00 secs] 
8,200: [GC (Allocation Failure) [PSYoungGen: 211040K->96K(204288K)] 212664K->1720K(379392K), 0,0005289 secs] [Times: user=0,00 sys=0,00, real=0,00 secs] 
8,288: [GC (Allocation Failure) [PSYoungGen: 203360K->96K(196096K)] 204984K->1720K(371200K), 0,0005555 secs] [Times: user=0,00 sys=0,00, real=0,00 secs] 
8,372: [GC (Allocation Failure) [PSYoungGen: 195680K->96K(189440K)] 197304K->1720K(364544K), 0,0005194 secs] [Times: user=0,01 sys=0,00, real=0,00 secs] 
8,452: [GC (Allocation Failure) [PSYoungGen: 188512K->64K(182272K)] 190136K->1688K(357376K), 0,0004880 secs] [Times: user=0,00 sys=0,00, real=0,00 secs] 
8,531: [GC (Allocation Failure) [PSYoungGen: 181824K->96K(175616K)] 183448K->1720K(350720K), 0,0005072 secs] [Times: user=0,01 sys=0,00, real=0,00 secs] 
8,606: [GC (Allocation Failure) [PSYoungGen: 175200K->96K(169472K)] 176824K->1720K(344576K), 0,0005123 secs] [Times: user=0,00 sys=0,00, real=0,00 secs] 
8,680: [GC (Allocation Failure) [PSYoungGen: 169056K->96K(163840K)] 170680K->1720K(338944K), 0,0005000 secs] [Times: user=0,00 sys=0,00, real=0,00 secs] 
8,751: [GC (Allocation Failure) [PSYoungGen: 163423K->96K(158208K)] 165048K->1720K(333312K), 0,0005117 secs] [Times: user=0,01 sys=0,00, real=0,00 secs] 
8,819: [GC (Allocation Failure) [PSYoungGen: 157791K->96K(153088K)] 159416K->1720K(328192K), 0,0004996 secs] [Times: user=0,00 sys=0,00, real=0,00 secs] 
8,885: [GC (Allocation Failure) [PSYoungGen: 152671K->96K(147968K)] 154296K->1720K(323072K), 0,0005206 secs] [Times: user=0,00 sys=0,00, real=0,00 secs] 
8,948: [GC (Allocation Failure) [PSYoungGen: 147552K->96K(143360K)] 149176K->1720K(318464K), 0,0005012 secs] [Times: user=0,00 sys=0,00, real=0,00 secs] 
9,010: [GC (Allocation Failure) [PSYoungGen: 142944K->96K(138752K)] 144568K->1728K(313856K), 0,0005079 secs] [Times: user=0,00 sys=0,00, real=0,00 secs] 
9,070: [GC (Allocation Failure) [PSYoungGen: 138336K->96K(134144K)] 139968K->1728K(309248K), 0,0005493 secs] [Times: user=0,00 sys=0,00, real=0,00 secs] 
9,127: [GC (Allocation Failure) [PSYoungGen: 133728K->96K(130048K)] 135360K->1728K(305152K), 0,0004809 secs] [Times: user=0,01 sys=0,00, real=0,00 secs] 
9,184: [GC (Allocation Failure) [PSYoungGen: 129632K->64K(125952K)] 131264K->1696K(301056K), 0,0005277 secs] [Times: user=0,00 sys=0,00, real=0,00 secs] 
9,238: [GC (Allocation Failure) [PSYoungGen: 125504K->96K(121856K)] 127136K->1728K(296960K), 0,0005389 secs] [Times: user=0,00 sys=0,00, real=0,00 secs] 
9,291: [GC (Allocation Failure) [PSYoungGen: 121440K->96K(118272K)] 123072K->1728K(293376K), 0,0004957 secs] [Times: user=0,00 sys=0,00, real=0,00 secs] 
9,342: [GC (Allocation Failure) [PSYoungGen: 117856K->96K(114688K)] 119488K->1728K(289792K), 0,0005021 secs] [Times: user=0,00 sys=0,00, real=0,00 secs] 
9,392: [GC (Allocation Failure) [PSYoungGen: 114272K->96K(111104K)] 115904K->1728K(286208K), 0,0005494 secs] [Times: user=0,00 sys=0,00, real=0,00 secs] 
9,440: [GC (Allocation Failure) [PSYoungGen: 110688K->64K(108032K)] 112320K->1696K(283136K), 0,0004940 secs] [Times: user=0,00 sys=0,00, real=0,00 secs] 
9,486: [GC (Allocation Failure) [PSYoungGen: 107584K->96K(104960K)] 109216K->1728K(280064K), 0,0005082 secs] [Times: user=0,00 sys=0,00, real=0,00 secs] 
9,532: [GC (Allocation Failure) [PSYoungGen: 104544K->96K(101888K)] 106176K->1728K(276992K), 0,0005340 secs] [Times: user=0,00 sys=0,00, real=0,00 secs] 
9,576: [GC (Allocation Failure) [PSYoungGen: 101472K->96K(98816K)] 103104K->1728K(273920K), 0,0004529 secs] [Times: user=0,00 sys=0,00, real=0,00 secs] 
9,619: [GC (Allocation Failure) [PSYoungGen: 98400K->96K(96256K)] 100032K->1728K(271360K), 0,0004730 secs] [Times: user=0,00 sys=0,00, real=0,00 secs] 
9,660: [GC (Allocation Failure) [PSYoungGen: 95840K->96K(93696K)] 97472K->1728K(268800K), 0,0004936 secs] [Times: user=0,00 sys=0,00, real=0,00 secs] 
9,700: [GC (Allocation Failure) [PSYoungGen: 93280K->96K(112640K)] 94912K->1728K(287744K), 0,0004773 secs] [Times: user=0,00 sys=0,00, real=0,00 secs] 
9,749: [GC (Allocation Failure) [PSYoungGen: 112224K->96K(109568K)] 113856K->1728K(284672K), 0,0005083 secs] [Times: user=0,00 sys=0,00, real=0,00 secs] 
9,797: [GC (Allocation Failure) [PSYoungGen: 109152K->96K(106496K)] 110784K->1728K(281600K), 0,0004990 secs] [Times: user=0,00 sys=0,00, real=0,00 secs] 
9,843: [GC (Allocation Failure) [PSYoungGen: 106080K->96K(103424K)] 107712K->1728K(278528K), 0,0004653 secs] [Times: user=0,00 sys=0,00, real=0,00 secs] 
9,887: [GC (Allocation Failure) [PSYoungGen: 103007K->96K(100352K)] 104640K->1728K(275456K), 0,0005103 secs] [Times: user=0,00 sys=0,00, real=0,00 secs] 
9,931: [GC (Allocation Failure) [PSYoungGen: 99936K->96K(120320K)] 101568K->1728K(295424K), 0,0004869 secs] [Times: user=0,01 sys=0,00, real=0,00 secs] 
9,983: [GC (Allocation Failure) [PSYoungGen: 119904K->64K(116736K)] 121536K->1696K(291840K), 0,0005481 secs] [Times: user=0,00 sys=0,00, real=0,00 secs] 
10,033: [GC (Allocation Failure) [PSYoungGen: 116288K->96K(113152K)] 117920K->1728K(288256K), 0,0005188 secs] [Times: user=0,00 sys=0,00, real=0,01 secs] 
10,082: [GC (Allocation Failure) [PSYoungGen: 112736K->96K(110080K)] 114368K->1728K(285184K), 0,0004814 secs] [Times: user=0,00 sys=0,00, real=0,00 secs] 
10,129: [GC (Allocation Failure) [PSYoungGen: 109664K->96K(107008K)] 111296K->1728K(282112K), 0,0004897 secs] [Times: user=0,01 sys=0,00, real=0,00 secs] 
10,176: [GC (Allocation Failure) [PSYoungGen: 106592K->64K(103936K)] 108224K->1696K(279040K), 0,0005146 secs] [Times: user=0,00 sys=0,00, real=0,00 secs] 
10,220: [GC (Allocation Failure) [PSYoungGen: 103488K->64K(124928K)] 105120K->1696K(300032K), 0,0007468 secs] [Times: user=0,00 sys=0,00, real=0,00 secs] 
10,280: [GC (Allocation Failure) [PSYoungGen: 124480K->160K(150016K)] 126112K->1792K(325120K), 0,0004984 secs] [Times: user=0,00 sys=0,00, real=0,00 secs] 
10,344: [GC (Allocation Failure) [PSYoungGen: 149664K->32K(144896K)] 151296K->1736K(320000K), 0,0004785 secs] [Times: user=0,01 sys=0,00, real=0,00 secs] 
10,407: [GC (Allocation Failure) [PSYoungGen: 144416K->96K(140288K)] 146120K->1800K(315392K), 0,0004845 secs] [Times: user=0,00 sys=0,00, real=0,00 secs] 
10,467: [GC (Allocation Failure) [PSYoungGen: 139872K->96K(135680K)] 141576K->1800K(310784K), 0,0004812 secs] [Times: user=0,00 sys=0,00, real=0,00 secs] 
10,526: [GC (Allocation Failure) [PSYoungGen: 135264K->96K(131584K)] 136968K->1800K(306688K), 0,0005752 secs] [Times: user=0,00 sys=0,00, real=0,00 secs] 
10,583: [GC (Allocation Failure) [PSYoungGen: 131168K->96K(127488K)] 132872K->1800K(302592K), 0,0004803 secs] [Times: user=0,00 sys=0,00, real=0,01 secs] 
10,638: [GC (Allocation Failure) [PSYoungGen: 127072K->96K(123392K)] 128776K->1800K(298496K), 0,0004797 secs] [Times: user=0,00 sys=0,00, real=0,00 secs] 
10,692: [GC (Allocation Failure) [PSYoungGen: 122976K->96K(119808K)] 124680K->1800K(294912K), 0,0005247 secs] [Times: user=0,00 sys=0,00, real=0,00 secs] 
10,744: [GC (Allocation Failure) [PSYoungGen: 119392K->96K(116224K)] 121096K->1800K(291328K), 0,0005108 secs] [Times: user=0,00 sys=0,00, real=0,00 secs] 
10,794: [GC (Allocation Failure) [PSYoungGen: 115808K->96K(112640K)] 117512K->1800K(287744K), 0,0005758 secs] [Times: user=0,00 sys=0,00, real=0,00 secs] 
10,843: [GC (Allocation Failure) [PSYoungGen: 112224K->96K(109568K)] 113928K->1800K(284672K), 0,0005046 secs] [Times: user=0,00 sys=0,00, real=0,00 secs] 
10,890: [GC (Allocation Failure) [PSYoungGen: 109152K->96K(106496K)] 110856K->1800K(281600K), 0,0005112 secs] [Times: user=0,00 sys=0,00, real=0,00 secs] 
10,936: [GC (Allocation Failure) [PSYoungGen: 106080K->64K(103424K)] 107784K->1768K(278528K), 0,0005313 secs] [Times: user=0,00 sys=0,00, real=0,00 secs] 
10,981: [GC (Allocation Failure) [PSYoungGen: 102976K->96K(100352K)] 104680K->1800K(275456K), 0,0004767 secs] [Times: user=0,00 sys=0,00, real=0,00 secs] 
11,025: [GC (Allocation Failure) [PSYoungGen: 99936K->64K(120320K)] 101640K->1768K(295424K), 0,0007257 secs] [Times: user=0,00 sys=0,00, real=0,00 secs] 
11,077: [GC (Allocation Failure) [PSYoungGen: 119872K->96K(144384K)] 121576K->1800K(319488K), 0,0005742 secs] [Times: user=0,00 sys=0,00, real=0,00 secs] 
11,139: [GC (Allocation Failure) [PSYoungGen: 143968K->96K(139776K)] 145672K->1800K(314880K), 0,0005271 secs] [Times: user=0,00 sys=0,00, real=0,00 secs] 
11,200: [GC (Allocation Failure) [PSYoungGen: 139360K->96K(135168K)] 141064K->1800K(310272K), 0,0005102 secs] [Times: user=0,00 sys=0,00, real=0,00 secs] 
11,258: [GC (Allocation Failure) [PSYoungGen: 134752K->64K(131072K)] 136456K->1768K(306176K), 0,0005505 secs] [Times: user=0,00 sys=0,00, real=0,00 secs] 
11,315: [GC (Allocation Failure) [PSYoungGen: 130624K->64K(126976K)] 132328K->1768K(302080K), 0,0005258 secs] [Times: user=0,00 sys=0,00, real=0,00 secs] 
11,370: [GC (Allocation Failure) [PSYoungGen: 126528K->96K(122880K)] 128232K->1800K(297984K), 0,0005120 secs] [Times: user=0,00 sys=0,00, real=0,00 secs] 
11,423: [GC (Allocation Failure) [PSYoungGen: 122464K->64K(119296K)] 124168K->1768K(294400K), 0,0005554 secs] [Times: user=0,00 sys=0,00, real=0,01 secs] 
11,475: [GC (Allocation Failure) [PSYoungGen: 118848K->64K(115712K)] 120552K->1768K(290816K), 0,0007125 secs] [Times: user=0,00 sys=0,00, real=0,00 secs] 
11,525: [GC (Allocation Failure) [PSYoungGen: 115264K->96K(112128K)] 116968K->1800K(287232K), 0,0005145 secs] [Times: user=0,00 sys=0,00, real=0,00 secs] 
11,574: [GC (Allocation Failure) [PSYoungGen: 111712K->96K(109056K)] 113416K->1800K(284160K), 0,0005063 secs] [Times: user=0,00 sys=0,00, real=0,00 secs] 
11,621: [GC (Allocation Failure) [PSYoungGen: 108640K->64K(131072K)] 110344K->1768K(306176K), 0,0006932 secs] [Times: user=0,00 sys=0,00, real=0,00 secs] 
11,678: [GC (Allocation Failure) [PSYoungGen: 130624K->96K(157184K)] 132328K->1800K(332288K), 0,0010454 secs] [Times: user=0,01 sys=0,00, real=0,00 secs] 
11,747: [GC (Allocation Failure) [PSYoungGen: 156768K->32K(188928K)] 158472K->1736K(364032K), 0,0010391 secs] [Times: user=0,01 sys=0,00, real=0,00 secs] 
11,829: [GC (Allocation Failure) [PSYoungGen: 188448K->96K(226816K)] 190152K->1800K(401920K), 0,0004995 secs] [Times: user=0,00 sys=0,00, real=0,00 secs] 
11,927: [GC (Allocation Failure) [PSYoungGen: 226400K->96K(218112K)] 228104K->1800K(393216K), 0,0004943 secs] [Times: user=0,00 sys=0,00, real=0,00 secs] 
12,020: [GC (Allocation Failure) [PSYoungGen: 217696K->96K(209920K)] 219400K->1800K(385024K), 0,0005121 secs] [Times: user=0,00 sys=0,00, real=0,00 secs] 
12,111: [GC (Allocation Failure) [PSYoungGen: 209504K->96K(202240K)] 211208K->1800K(377344K), 0,0005221 secs] [Times: user=0,00 sys=0,00, real=0,00 secs] 
12,198: [GC (Allocation Failure) [PSYoungGen: 201824K->96K(195072K)] 203528K->1800K(370176K), 0,0005300 secs] [Times: user=0,00 sys=0,00, real=0,00 secs] 
12,282: [GC (Allocation Failure) [PSYoungGen: 194656K->64K(187904K)] 196360K->1768K(363008K), 0,0005019 secs] [Times: user=0,00 sys=0,00, real=0,00 secs] 
12,363: [GC (Allocation Failure) [PSYoungGen: 187456K->64K(181248K)] 189160K->1768K(356352K), 0,0005409 secs] [Times: user=0,00 sys=0,00, real=0,01 secs] 
12,441: [GC (Allocation Failure) [PSYoungGen: 180800K->96K(175104K)] 182504K->1800K(350208K), 0,0005234 secs] [Times: user=0,00 sys=0,00, real=0,00 secs] 
12,517: [GC (Allocation Failure) [PSYoungGen: 174688K->96K(168960K)] 176392K->1800K(344064K), 0,0005195 secs] [Times: user=0,00 sys=0,00, real=0,00 secs] 
12,590: [GC (Allocation Failure) [PSYoungGen: 168544K->96K(163328K)] 170248K->1800K(338432K), 0,0005114 secs] [Times: user=0,00 sys=0,00, real=0,00 secs] 
12,660: [GC (Allocation Failure) [PSYoungGen: 162912K->64K(157696K)] 164616K->1768K(332800K), 0,0005431 secs] [Times: user=0,00 sys=0,00, real=0,00 secs] 
12,729: [GC (Allocation Failure) [PSYoungGen: 157248K->64K(152576K)] 158952K->1768K(327680K), 0,0009626 secs] [Times: user=0,00 sys=0,00, real=0,00 secs] 
12,795: [GC (Allocation Failure) [PSYoungGen: 152128K->96K(147456K)] 153832K->1800K(322560K), 0,0005095 secs] [Times: user=0,00 sys=0,00, real=0,00 secs] 
12,859: [GC (Allocation Failure) [PSYoungGen: 147040K->96K(142848K)] 148744K->1800K(317952K), 0,0005687 secs] [Times: user=0,00 sys=0,00, real=0,00 secs] 
12,920: [GC (Allocation Failure) [PSYoungGen: 142432K->96K(138240K)] 144136K->1800K(313344K), 0,0005492 secs] [Times: user=0,01 sys=0,00, real=0,00 secs] 
12,980: [GC (Allocation Failure) [PSYoungGen: 137824K->96K(133632K)] 139528K->1800K(308736K), 0,0005105 secs] [Times: user=0,01 sys=0,01, real=0,00 secs] 
13,038: [GC (Allocation Failure) [PSYoungGen: 133216K->96K(129536K)] 134920K->1800K(304640K), 0,0004997 secs] [Times: user=0,00 sys=0,00, real=0,00 secs] 
13,094: [GC (Allocation Failure) [PSYoungGen: 129120K->96K(125440K)] 130824K->1800K(300544K), 0,0004982 secs] [Times: user=0,00 sys=0,00, real=0,00 secs] 
13,148: [GC (Allocation Failure) [PSYoungGen: 125024K->96K(121344K)] 126728K->1800K(296448K), 0,0005167 secs] [Times: user=0,00 sys=0,00, real=0,00 secs] 
13,200: [GC (Allocation Failure) [PSYoungGen: 120928K->96K(117760K)] 122632K->1800K(292864K), 0,0005108 secs] [Times: user=0,00 sys=0,00, real=0,00 secs] 
13,252: [GC (Allocation Failure) [PSYoungGen: 117344K->96K(141312K)] 119048K->1800K(316416K), 0,0009456 secs] [Times: user=0,00 sys=0,00, real=0,00 secs] 
13,314: [GC (Allocation Failure) [PSYoungGen: 140896K->96K(136704K)] 142600K->1800K(311808K), 0,0005087 secs] [Times: user=0,00 sys=0,00, real=0,00 secs] 
13,373: [GC (Allocation Failure) [PSYoungGen: 136288K->96K(132608K)] 137992K->1800K(307712K), 0,0004971 secs] [Times: user=0,00 sys=0,00, real=0,00 secs] 
13,430: [GC (Allocation Failure) [PSYoungGen: 132192K->96K(128512K)] 133896K->1800K(303616K), 0,0005337 secs] [Times: user=0,00 sys=0,00, real=0,00 secs] 
13,485: [GC (Allocation Failure) [PSYoungGen: 128096K->96K(124416K)] 129800K->1800K(299520K), 0,0005209 secs] [Times: user=0,00 sys=0,00, real=0,00 secs] 
13,539: [GC (Allocation Failure) [PSYoungGen: 124000K->96K(120832K)] 125704K->1808K(295936K), 0,0005323 secs] [Times: user=0,00 sys=0,00, real=0,00 secs] 
13,591: [GC (Allocation Failure) [PSYoungGen: 120416K->96K(117248K)] 122128K->1808K(292352K), 0,0005045 secs] [Times: user=0,00 sys=0,00, real=0,00 secs] 
13,642: [GC (Allocation Failure) [PSYoungGen: 116832K->96K(113664K)] 118544K->1808K(288768K), 0,0004927 secs] [Times: user=0,00 sys=0,00, real=0,00 secs] 
13,692: [GC (Allocation Failure) [PSYoungGen: 113248K->64K(110592K)] 114960K->1776K(285696K), 0,0005077 secs] [Times: user=0,00 sys=0,00, real=0,00 secs] 
13,740: [GC (Allocation Failure) [PSYoungGen: 110143K->64K(132608K)] 111856K->1776K(307712K), 0,0007484 secs] [Times: user=0,00 sys=0,00, real=0,00 secs] 
13,797: [GC (Allocation Failure) [PSYoungGen: 132160K->96K(128512K)] 133872K->1808K(303616K), 0,0005641 secs] [Times: user=0,00 sys=0,00, real=0,00 secs] 
13,853: [GC (Allocation Failure) [PSYoungGen: 128096K->96K(124416K)] 129808K->1808K(299520K), 0,0004991 secs] [Times: user=0,01 sys=0,00, real=0,01 secs] 
13,906: [GC (Allocation Failure) [PSYoungGen: 124000K->64K(120832K)] 125712K->1776K(295936K), 0,0004823 secs] [Times: user=0,00 sys=0,00, real=0,00 secs] 
13,959: [GC (Allocation Failure) [PSYoungGen: 120384K->64K(117248K)] 122096K->1776K(292352K), 0,0005116 secs] [Times: user=0,00 sys=0,00, real=0,00 secs] 
14,009: [GC (Allocation Failure) [PSYoungGen: 116800K->96K(113664K)] 118512K->1808K(288768K), 0,0005375 secs] [Times: user=0,00 sys=0,00, real=0,00 secs] 
14,058: [GC (Allocation Failure) [PSYoungGen: 113248K->96K(110592K)] 114960K->1808K(285696K), 0,0004943 secs] [Times: user=0,00 sys=0,00, real=0,00 secs] 
14,106: [GC (Allocation Failure) [PSYoungGen: 110176K->64K(107520K)] 111888K->1776K(282624K), 0,0005507 secs] [Times: user=0,00 sys=0,00, real=0,00 secs] 
14,153: [GC (Allocation Failure) [PSYoungGen: 107072K->64K(104448K)] 108784K->1776K(279552K), 0,0005166 secs] [Times: user=0,00 sys=0,00, real=0,01 secs] 
14,198: [GC (Allocation Failure) [PSYoungGen: 104000K->64K(101376K)] 105712K->1776K(276480K), 0,0005111 secs] [Times: user=0,00 sys=0,00, real=0,00 secs] 
14,242: [GC (Allocation Failure) [PSYoungGen: 100928K->64K(98816K)] 102640K->1776K(273920K), 0,0005078 secs] [Times: user=0,00 sys=0,00, real=0,00 secs] 
14,285: [GC (Allocation Failure) [PSYoungGen: 98368K->96K(118784K)] 100080K->1808K(293888K), 0,0005126 secs] [Times: user=0,00 sys=0,00, real=0,00 secs] 
14,337: [GC (Allocation Failure) [PSYoungGen: 118368K->96K(115200K)] 120080K->1808K(290304K), 0,0005075 secs] [Times: user=0,00 sys=0,00, real=0,00 secs] 
14,386: [GC (Allocation Failure) [PSYoungGen: 114784K->64K(111616K)] 116496K->1776K(286720K), 0,0005087 secs] [Times: user=0,00 sys=0,00, real=0,00 secs] 
14,435: [GC (Allocation Failure) [PSYoungGen: 111168K->96K(108544K)] 112880K->1808K(283648K), 0,0005518 secs] [Times: user=0,00 sys=0,00, real=0,00 secs] 
14,482: [GC (Allocation Failure) [PSYoungGen: 108128K->64K(105472K)] 109840K->1776K(280576K), 0,0005045 secs] [Times: user=0,00 sys=0,00, real=0,00 secs] 
14,527: [GC (Allocation Failure) [PSYoungGen: 105024K->32K(126464K)] 106736K->1744K(301568K), 0,0005476 secs] [Times: user=0,00 sys=0,00, real=0,00 secs] 
14,581: [GC (Allocation Failure) [PSYoungGen: 125984K->32K(122368K)] 127696K->1744K(297472K), 0,0005698 secs] [Times: user=0,00 sys=0,00, real=0,00 secs] 
14,634: [GC (Allocation Failure) [PSYoungGen: 121888K->128K(118784K)] 123600K->1840K(293888K), 0,0004771 secs] [Times: user=0,00 sys=0,00, real=0,00 secs] 
14,686: [GC (Allocation Failure) [PSYoungGen: 118400K->64K(142848K)] 120112K->1776K(317952K), 0,0008446 secs] [Times: user=0,00 sys=0,00, real=0,00 secs] 
14,748: [GC (Allocation Failure) [PSYoungGen: 142400K->96K(171520K)] 144112K->1808K(346624K), 0,0005213 secs] [Times: user=0,00 sys=0,00, real=0,00 secs] 
14,822: [GC (Allocation Failure) [PSYoungGen: 171104K->96K(165376K)] 172816K->1808K(340480K), 0,0005130 secs] [Times: user=0,00 sys=0,00, real=0,00 secs] 
14,893: [GC (Allocation Failure) [PSYoungGen: 164960K->64K(198656K)] 166672K->1776K(373760K), 0,0009544 secs] [Times: user=0,00 sys=0,00, real=0,01 secs] 
14,979: [GC (Allocation Failure) [PSYoungGen: 198208K->64K(191488K)] 199920K->1776K(366592K), 0,0005325 secs] [Times: user=0,00 sys=0,00, real=0,00 secs] 
15,061: [GC (Allocation Failure) [PSYoungGen: 191040K->96K(184832K)] 192752K->1808K(359936K), 0,0005215 secs] [Times: user=0,00 sys=0,00, real=0,00 secs] 
15,141: [GC (Allocation Failure) [PSYoungGen: 184416K->96K(178176K)] 186128K->1808K(353280K), 0,0005217 secs] [Times: user=0,00 sys=0,00, real=0,00 secs] 
15,218: [GC (Allocation Failure) [PSYoungGen: 177760K->96K(172032K)] 179472K->1808K(347136K), 0,0005148 secs] [Times: user=0,00 sys=0,00, real=0,00 secs] 
15,293: [GC (Allocation Failure) [PSYoungGen: 171616K->64K(165888K)] 173328K->1776K(340992K), 0,0005107 secs] [Times: user=0,01 sys=0,00, real=0,01 secs] 
15,364: [GC (Allocation Failure) [PSYoungGen: 165440K->96K(160256K)] 167152K->1808K(335360K), 0,0005183 secs] [Times: user=0,00 sys=0,00, real=0,00 secs] 
15,433: [GC (Allocation Failure) [PSYoungGen: 159840K->96K(154624K)] 161552K->1808K(329728K), 0,0005194 secs] [Times: user=0,00 sys=0,00, real=0,01 secs] 
15,500: [GC (Allocation Failure) [PSYoungGen: 154208K->96K(149504K)] 155920K->1808K(324608K), 0,0005468 secs] [Times: user=0,00 sys=0,00, real=0,00 secs] 
15,565: [GC (Allocation Failure) [PSYoungGen: 149088K->96K(144384K)] 150800K->1808K(319488K), 0,0005364 secs] [Times: user=0,00 sys=0,00, real=0,00 secs] 
15,628: [GC (Allocation Failure) [PSYoungGen: 143968K->96K(139776K)] 145680K->1808K(314880K), 0,0005188 secs] [Times: user=0,00 sys=0,00, real=0,00 secs] 
15,688: [GC (Allocation Failure) [PSYoungGen: 139360K->96K(135168K)] 141072K->1808K(310272K), 0,0004847 secs] [Times: user=0,00 sys=0,00, real=0,00 secs] 
15,746: [GC (Allocation Failure) [PSYoungGen: 134752K->96K(131072K)] 136464K->1808K(306176K), 0,0005101 secs] [Times: user=0,00 sys=0,00, real=0,00 secs] 
15,803: [GC (Allocation Failure) [PSYoungGen: 130656K->96K(126976K)] 132368K->1808K(302080K), 0,0005067 secs] [Times: user=0,00 sys=0,00, real=0,01 secs] 
15,858: [GC (Allocation Failure) [PSYoungGen: 126560K->96K(122880K)] 128272K->1808K(297984K), 0,0005110 secs] [Times: user=0,00 sys=0,00, real=0,00 secs] 
15,911: [GC (Allocation Failure) [PSYoungGen: 122464K->96K(119296K)] 124176K->1808K(294400K), 0,0005509 secs] [Times: user=0,00 sys=0,00, real=0,00 secs] 
15,963: [GC (Allocation Failure) [PSYoungGen: 118880K->96K(115712K)] 120592K->1808K(290816K), 0,0005113 secs] [Times: user=0,00 sys=0,00, real=0,01 secs] 
16,013: [GC (Allocation Failure) [PSYoungGen: 115296K->96K(112128K)] 117008K->1808K(287232K), 0,0004978 secs] [Times: user=0,00 sys=0,00, real=0,01 secs] 
16,061: [GC (Allocation Failure) [PSYoungGen: 111712K->96K(109056K)] 113424K->1808K(284160K), 0,0005068 secs] [Times: user=0,00 sys=0,00, real=0,00 secs] 
16,108: [GC (Allocation Failure) [PSYoungGen: 108640K->32K(131072K)] 110352K->1744K(306176K), 0,0012827 secs] [Times: user=0,00 sys=0,00, real=0,00 secs] 
16,166: [GC (Allocation Failure) [PSYoungGen: 130592K->96K(157184K)] 132304K->1808K(332288K), 0,0005263 secs] [Times: user=0,01 sys=0,00, real=0,00 secs] 
16,235: [GC (Allocation Failure) [PSYoungGen: 156768K->96K(188928K)] 158480K->1808K(364032K), 0,0005270 secs] [Times: user=0,00 sys=0,00, real=0,00 secs] 
16,316: [GC (Allocation Failure) [PSYoungGen: 188512K->32K(182272K)] 190224K->1744K(357376K), 0,0005179 secs] [Times: user=0,01 sys=0,00, real=0,00 secs] 
16,394: [GC (Allocation Failure) [PSYoungGen: 181792K->96K(175616K)] 183504K->1808K(350720K), 0,0005222 secs] [Times: user=0,00 sys=0,00, real=0,00 secs] 
16,470: [GC (Allocation Failure) [PSYoungGen: 175200K->96K(169472K)] 176912K->1808K(344576K), 0,0005087 secs] [Times: user=0,00 sys=0,00, real=0,00 secs] 
16,543: [GC (Allocation Failure) [PSYoungGen: 169056K->96K(163840K)] 170768K->1808K(338944K), 0,0005106 secs] [Times: user=0,00 sys=0,00, real=0,01 secs] 
16,613: [GC (Allocation Failure) [PSYoungGen: 163424K->96K(158208K)] 165136K->1808K(333312K), 0,0004472 secs] [Times: user=0,00 sys=0,00, real=0,00 secs] 
16,681: [GC (Allocation Failure) [PSYoungGen: 157792K->96K(153088K)] 159504K->1808K(328192K), 0,0005230 secs] [Times: user=0,00 sys=0,00, real=0,00 secs] 
16,747: [GC (Allocation Failure) [PSYoungGen: 152672K->96K(147968K)] 154384K->1808K(323072K), 0,0005220 secs] [Times: user=0,00 sys=0,00, real=0,00 secs] 
16,811: [GC (Allocation Failure) [PSYoungGen: 147552K->96K(143360K)] 149264K->1808K(318464K), 0,0005191 secs] [Times: user=0,00 sys=0,00, real=0,00 secs] 
16,873: [GC (Allocation Failure) [PSYoungGen: 142944K->96K(138752K)] 144656K->1808K(313856K), 0,0005085 secs] [Times: user=0,01 sys=0,00, real=0,01 secs] 
16,933: [GC (Allocation Failure) [PSYoungGen: 138336K->96K(134144K)] 140048K->1808K(309248K), 0,0005736 secs] [Times: user=0,01 sys=0,00, real=0,01 secs] 
16,991: [GC (Allocation Failure) [PSYoungGen: 133728K->96K(130048K)] 135440K->1808K(305152K), 0,0005204 secs] [Times: user=0,00 sys=0,00, real=0,00 secs] 
17,047: [GC (Allocation Failure) [PSYoungGen: 129632K->96K(125952K)] 131344K->1808K(301056K), 0,0004860 secs] [Times: user=0,00 sys=0,00, real=0,00 secs] 
17,101: [GC (Allocation Failure) [PSYoungGen: 125536K->96K(121856K)] 127248K->1808K(296960K), 0,0004994 secs] [Times: user=0,01 sys=0,00, real=0,00 secs] 
17,154: [GC (Allocation Failure) [PSYoungGen: 121440K->96K(118272K)] 123152K->1808K(293376K), 0,0004959 secs] [Times: user=0,00 sys=0,00, real=0,00 secs] 
17,205: [GC (Allocation Failure) [PSYoungGen: 117855K->64K(114688K)] 119568K->1776K(289792K), 0,0005000 secs] [Times: user=0,00 sys=0,00, real=0,00 secs] 
17,255: [GC (Allocation Failure) [PSYoungGen: 114240K->96K(111104K)] 115952K->1808K(286208K), 0,0005441 secs] [Times: user=0,00 sys=0,00, real=0,00 secs] 
17,303: [GC (Allocation Failure) [PSYoungGen: 110688K->96K(108032K)] 112400K->1808K(283136K), 0,0005092 secs] [Times: user=0,00 sys=0,00, real=0,00 secs] 
17,349: [GC (Allocation Failure) [PSYoungGen: 107616K->96K(104960K)] 109328K->1808K(280064K), 0,0004738 secs] [Times: user=0,01 sys=0,00, real=0,00 secs] 
17,395: [GC (Allocation Failure) [PSYoungGen: 104544K->96K(101888K)] 106256K->1808K(276992K), 0,0004805 secs] [Times: user=0,00 sys=0,00, real=0,00 secs] 
17,438: [GC (Allocation Failure) [PSYoungGen: 101472K->96K(98816K)] 103184K->1808K(273920K), 0,0004898 secs] [Times: user=0,01 sys=0,00, real=0,00 secs] 
17,481: [GC (Allocation Failure) [PSYoungGen: 98400K->96K(96256K)] 100112K->1808K(271360K), 0,0004621 secs] [Times: user=0,00 sys=0,00, real=0,00 secs] 
17,523: [GC (Allocation Failure) [PSYoungGen: 95839K->96K(93696K)] 97552K->1808K(268800K), 0,0004667 secs] [Times: user=0,00 sys=0,00, real=0,00 secs] 
17,563: [GC (Allocation Failure) [PSYoungGen: 93280K->96K(112640K)] 94992K->1808K(287744K), 0,0004857 secs] [Times: user=0,00 sys=0,00, real=0,01 secs] 
17,612: [GC (Allocation Failure) [PSYoungGen: 112224K->64K(109568K)] 113936K->1776K(284672K), 0,0004938 secs] [Times: user=0,00 sys=0,00, real=0,00 secs] 
17,659: [GC (Allocation Failure) [PSYoungGen: 109120K->96K(106496K)] 110832K->1808K(281600K), 0,0004928 secs] [Times: user=0,00 sys=0,00, real=0,00 secs] 
17,705: [GC (Allocation Failure) [PSYoungGen: 106080K->64K(103424K)] 107792K->1776K(278528K), 0,0005189 secs] [Times: user=0,00 sys=0,00, real=0,00 secs] 
17,750: [GC (Allocation Failure) [PSYoungGen: 102976K->64K(124416K)] 104688K->1776K(299520K), 0,0005047 secs] [Times: user=0,00 sys=0,00, real=0,00 secs] 
17,804: [GC (Allocation Failure) [PSYoungGen: 123968K->96K(120832K)] 125680K->1808K(295936K), 0,0005035 secs] [Times: user=0,00 sys=0,00, real=0,00 secs] 
17,856: [GC (Allocation Failure) [PSYoungGen: 120416K->96K(117248K)] 122128K->1808K(292352K), 0,0005047 secs] [Times: user=0,00 sys=0,00, real=0,00 secs] 
17,906: [GC (Allocation Failure) [PSYoungGen: 116832K->96K(113664K)] 118544K->1808K(288768K), 0,0004809 secs] [Times: user=0,00 sys=0,00, real=0,00 secs] 
17,955: [GC (Allocation Failure) [PSYoungGen: 113248K->96K(110592K)] 114960K->1808K(285696K), 0,0005817 secs] [Times: user=0,00 sys=0,00, real=0,00 secs] 
18,003: [GC (Allocation Failure) [PSYoungGen: 110176K->96K(107520K)] 111888K->1808K(282624K), 0,0005105 secs] [Times: user=0,01 sys=0,00, real=0,00 secs] 
18,050: [GC (Allocation Failure) [PSYoungGen: 107104K->96K(104448K)] 108816K->1808K(279552K), 0,0004958 secs] [Times: user=0,00 sys=0,00, real=0,00 secs] 
18,095: [GC (Allocation Failure) [PSYoungGen: 104032K->96K(101376K)] 105744K->1808K(276480K), 0,0004799 secs] [Times: user=0,00 sys=0,00, real=0,00 secs] 
18,139: [GC (Allocation Failure) [PSYoungGen: 100960K->32K(121856K)] 102672K->1744K(296960K), 0,0011366 secs] [Times: user=0,00 sys=0,00, real=0,00 secs] 
18,192: [GC (Allocation Failure) [PSYoungGen: 121376K->96K(146432K)] 123088K->1808K(321536K), 0,0005231 secs] [Times: user=0,01 sys=0,00, real=0,00 secs] 
18,255: [GC (Allocation Failure) [PSYoungGen: 146016K->96K(175616K)] 147728K->1808K(350720K), 0,0004771 secs] [Times: user=0,00 sys=0,00, real=0,00 secs] 
18,331: [GC (Allocation Failure) [PSYoungGen: 175200K->96K(169472K)] 176912K->1808K(344576K), 0,0005115 secs] [Times: user=0,01 sys=0,00, real=0,00 secs] 
18,404: [GC (Allocation Failure) [PSYoungGen: 169056K->96K(163840K)] 170768K->1808K(338944K), 0,0005610 secs] [Times: user=0,00 sys=0,00, real=0,00 secs] 
18,474: [GC (Allocation Failure) [PSYoungGen: 163424K->96K(158208K)] 165136K->1808K(333312K), 0,0005314 secs] [Times: user=0,00 sys=0,00, real=0,00 secs] 
18,542: [GC (Allocation Failure) [PSYoungGen: 157791K->96K(153088K)] 159504K->1808K(328192K), 0,0005017 secs] [Times: user=0,00 sys=0,00, real=0,00 secs] 
18,608: [GC (Allocation Failure) [PSYoungGen: 152672K->96K(147968K)] 154384K->1808K(323072K), 0,0005046 secs] [Times: user=0,00 sys=0,00, real=0,00 secs] 
18,672: [GC (Allocation Failure) [PSYoungGen: 147552K->64K(143360K)] 149264K->1776K(318464K), 0,0005906 secs] [Times: user=0,00 sys=0,00, real=0,00 secs] 
18,734: [GC (Allocation Failure) [PSYoungGen: 142912K->96K(138752K)] 144624K->1808K(313856K), 0,0005532 secs] [Times: user=0,00 sys=0,00, real=0,00 secs] 
18,794: [GC (Allocation Failure) [PSYoungGen: 138336K->96K(134144K)] 140048K->1808K(309248K), 0,0005179 secs] [Times: user=0,00 sys=0,00, real=0,00 secs] 
18,852: [GC (Allocation Failure) [PSYoungGen: 133728K->96K(130048K)] 135440K->1808K(305152K), 0,0005062 secs] [Times: user=0,00 sys=0,00, real=0,00 secs] 
18,908: [GC (Allocation Failure) [PSYoungGen: 129632K->96K(125952K)] 131344K->1808K(301056K), 0,0005067 secs] [Times: user=0,00 sys=0,00, real=0,00 secs] 
18,962: [GC (Allocation Failure) [PSYoungGen: 125536K->64K(121856K)] 127248K->1776K(296960K), 0,0004857 secs] [Times: user=0,00 sys=0,00, real=0,00 secs] 
19,015: [GC (Allocation Failure) [PSYoungGen: 121408K->96K(118272K)] 123120K->1808K(293376K), 0,0005029 secs] [Times: user=0,00 sys=0,00, real=0,00 secs] 
19,066: [GC (Allocation Failure) [PSYoungGen: 117856K->96K(114688K)] 119568K->1808K(289792K), 0,0004933 secs] [Times: user=0,01 sys=0,00, real=0,00 secs] 
19,115: [GC (Allocation Failure) [PSYoungGen: 114272K->64K(111104K)] 115984K->1776K(286208K), 0,0005296 secs] [Times: user=0,00 sys=0,00, real=0,00 secs] 
19,163: [GC (Allocation Failure) [PSYoungGen: 110656K->96K(108032K)] 112368K->1808K(283136K), 0,0005194 secs] [Times: user=0,00 sys=0,00, real=0,01 secs] 
19,210: [GC (Allocation Failure) [PSYoungGen: 107616K->96K(104960K)] 109328K->1808K(280064K), 0,0004912 secs] [Times: user=0,00 sys=0,00, real=0,00 secs] 
19,255: [GC (Allocation Failure) [PSYoungGen: 104544K->96K(101888K)] 106256K->1808K(276992K), 0,0004991 secs] [Times: user=0,00 sys=0,00, real=0,00 secs] 
19,299: [GC (Allocation Failure) [PSYoungGen: 101471K->96K(98816K)] 103184K->1808K(273920K), 0,0005117 secs] [Times: user=0,00 sys=0,00, real=0,00 secs] 
19,342: [GC (Allocation Failure) [PSYoungGen: 98400K->96K(96256K)] 100112K->1808K(271360K), 0,0004767 secs] [Times: user=0,00 sys=0,00, real=0,00 secs] 
19,384: [GC (Allocation Failure) [PSYoungGen: 95839K->64K(93696K)] 97552K->1776K(268800K), 0,0004693 secs] [Times: user=0,00 sys=0,00, real=0,00 secs] 
19,424: [GC (Allocation Failure) [PSYoungGen: 93248K->96K(112640K)] 94960K->1808K(287744K), 0,0004780 secs] [Times: user=0,00 sys=0,00, real=0,00 secs] 
19,473: [GC (Allocation Failure) [PSYoungGen: 112224K->64K(109568K)] 113936K->1776K(284672K), 0,0004848 secs] [Times: user=0,01 sys=0,00, real=0,01 secs] 
19,521: [GC (Allocation Failure) [PSYoungGen: 109120K->96K(106496K)] 110832K->1808K(281600K), 0,0005013 secs] [Times: user=0,00 sys=0,00, real=0,00 secs] 
19,567: [GC (Allocation Failure) [PSYoungGen: 106080K->96K(103424K)] 107792K->1808K(278528K), 0,0004640 secs] [Times: user=0,00 sys=0,00, real=0,00 secs] 
19,611: [GC (Allocation Failure) [PSYoungGen: 103007K->96K(100352K)] 104720K->1808K(275456K), 0,0004660 secs] [Times: user=0,01 sys=0,00, real=0,00 secs] 
19,655: [GC (Allocation Failure) [PSYoungGen: 99936K->64K(97792K)] 101648K->1776K(272896K), 0,0005001 secs] [Times: user=0,00 sys=0,00, real=0,00 secs] 
19,697: [GC (Allocation Failure) [PSYoungGen: 97344K->96K(95232K)] 99056K->1808K(270336K), 0,0004647 secs] [Times: user=0,00 sys=0,00, real=0,00 secs] 
19,738: [GC (Allocation Failure) [PSYoungGen: 94816K->96K(114176K)] 96528K->1808K(289280K), 0,0004888 secs] [Times: user=0,00 sys=0,00, real=0,00 secs] 
19,788: [GC (Allocation Failure) [PSYoungGen: 113760K->64K(137216K)] 115472K->1776K(312320K), 0,0005164 secs] [Times: user=0,00 sys=0,00, real=0,00 secs] 
19,847: [GC (Allocation Failure) [PSYoungGen: 136768K->64K(132608K)] 138480K->1776K(307712K), 0,0004822 secs] [Times: user=0,00 sys=0,00, real=0,00 secs] 
19,904: [GC (Allocation Failure) [PSYoungGen: 132160K->96K(128512K)] 133872K->1808K(303616K), 0,0004881 secs] [Times: user=0,00 sys=0,00, real=0,00 secs] 
19,959: [GC (Allocation Failure) [PSYoungGen: 128096K->64K(124416K)] 129808K->1776K(299520K), 0,0005159 secs] [Times: user=0,00 sys=0,00, real=0,00 secs] 
20,013: [GC (Allocation Failure) [PSYoungGen: 123968K->64K(120832K)] 125680K->1776K(295936K), 0,0004906 secs] [Times: user=0,00 sys=0,00, real=0,01 secs] 
20,065: [GC (Allocation Failure) [PSYoungGen: 120384K->96K(117248K)] 122096K->1808K(292352K), 0,0004838 secs] [Times: user=0,00 sys=0,00, real=0,00 secs] 
20,115: [GC (Allocation Failure) [PSYoungGen: 116832K->96K(113664K)] 118544K->1808K(288768K), 0,0004760 secs] [Times: user=0,00 sys=0,00, real=0,00 secs] 
20,165: [GC (Allocation Failure) [PSYoungGen: 113248K->96K(110592K)] 114960K->1808K(285696K), 0,0005101 secs] [Times: user=0,00 sys=0,00, real=0,00 secs] 
20,212: [GC (Allocation Failure) [PSYoungGen: 110176K->96K(107520K)] 111888K->1808K(282624K), 0,0005153 secs] [Times: user=0,00 sys=0,00, real=0,00 secs] 
20,260: [GC (Allocation Failure) [PSYoungGen: 107104K->96K(104448K)] 108816K->1808K(279552K), 0,0005762 secs] [Times: user=0,00 sys=0,00, real=0,00 secs] 
20,305: [GC (Allocation Failure) [PSYoungGen: 104032K->96K(101376K)] 105744K->1832K(276480K), 0,0004181 secs] [Times: user=0,00 sys=0,00, real=0,00 secs] 
20,348: [GC (Allocation Failure) [PSYoungGen: 100960K->96K(98816K)] 102696K->1832K(273920K), 0,0004827 secs] [Times: user=0,00 sys=0,00, real=0,00 secs] 
20,391: [GC (Allocation Failure) [PSYoungGen: 98400K->96K(96256K)] 100136K->1832K(271360K), 0,0004992 secs] [Times: user=0,00 sys=0,00, real=0,00 secs] 
20,433: [GC (Allocation Failure) [PSYoungGen: 95840K->96K(115712K)] 97576K->1832K(290816K), 0,0005149 secs] [Times: user=0,00 sys=0,00, real=0,01 secs] 
20,483: [GC (Allocation Failure) [PSYoungGen: 115296K->96K(112128K)] 117032K->1832K(287232K), 0,0004741 secs] [Times: user=0,00 sys=0,00, real=0,00 secs] 
20,532: [GC (Allocation Failure) [PSYoungGen: 111712K->96K(109056K)] 113448K->1832K(284160K), 0,0004687 secs] [Times: user=0,00 sys=0,00, real=0,00 secs] 
20,579: [GC (Allocation Failure) [PSYoungGen: 108640K->96K(105984K)] 110376K->1832K(281088K), 0,0005257 secs] [Times: user=0,00 sys=0,00, real=0,00 secs] 
20,624: [GC (Allocation Failure) [PSYoungGen: 105568K->96K(102912K)] 107304K->1832K(278016K), 0,0004828 secs] [Times: user=0,00 sys=0,00, real=0,00 secs] 
20,669: [GC (Allocation Failure) [PSYoungGen: 102496K->96K(99840K)] 104232K->1832K(274944K), 0,0004891 secs] [Times: user=0,00 sys=0,00, real=0,00 secs] 
20,712: [GC (Allocation Failure) [PSYoungGen: 99424K->96K(97280K)] 101160K->1832K(272384K), 0,0005038 secs] [Times: user=0,01 sys=0,00, real=0,00 secs] 
20,755: [GC (Allocation Failure) [PSYoungGen: 96864K->96K(116736K)] 98600K->1832K(291840K), 0,0004926 secs] [Times: user=0,00 sys=0,00, real=0,00 secs] 
20,805: [GC (Allocation Failure) [PSYoungGen: 116320K->64K(113152K)] 118056K->1800K(288256K), 0,0004802 secs] [Times: user=0,00 sys=0,00, real=0,00 secs] 
20,854: [GC (Allocation Failure) [PSYoungGen: 112704K->96K(110080K)] 114440K->1832K(285184K), 0,0005027 secs] [Times: user=0,00 sys=0,00, real=0,00 secs] 
20,901: [GC (Allocation Failure) [PSYoungGen: 109664K->96K(107008K)] 111400K->1832K(282112K), 0,0004929 secs] [Times: user=0,00 sys=0,00, real=0,00 secs] 
20,947: [GC (Allocation Failure) [PSYoungGen: 106592K->96K(103936K)] 108328K->1832K(279040K), 0,0005012 secs] [Times: user=0,00 sys=0,00, real=0,00 secs] 
20,992: [GC (Allocation Failure) [PSYoungGen: 103520K->96K(100864K)] 105256K->1832K(275968K), 0,0004842 secs] [Times: user=0,00 sys=0,00, real=0,00 secs] 
21,036: [GC (Allocation Failure) [PSYoungGen: 100448K->96K(98304K)] 102184K->1832K(273408K), 0,0004698 secs] [Times: user=0,00 sys=0,00, real=0,00 secs] 
21,078: [GC (Allocation Failure) [PSYoungGen: 97888K->96K(95744K)] 99624K->1832K(270848K), 0,0004840 secs] [Times: user=0,01 sys=0,00, real=0,00 secs] 
21,119: [GC (Allocation Failure) [PSYoungGen: 95328K->96K(115200K)] 97064K->1832K(290304K), 0,0004623 secs] [Times: user=0,00 sys=0,00, real=0,00 secs] 
21,169: [GC (Allocation Failure) [PSYoungGen: 114784K->64K(111616K)] 116520K->1800K(286720K), 0,0005128 secs] [Times: user=0,00 sys=0,00, real=0,00 secs] 
21,217: [GC (Allocation Failure) [PSYoungGen: 111168K->96K(108544K)] 112904K->1832K(283648K), 0,0005059 secs] [Times: user=0,00 sys=0,00, real=0,00 secs] 
21,265: [GC (Allocation Failure) [PSYoungGen: 108128K->96K(130560K)] 109864K->1832K(305664K), 0,0006081 secs] [Times: user=0,00 sys=0,00, real=0,00 secs] 
21,321: [GC (Allocation Failure) [PSYoungGen: 130144K->64K(126464K)] 131880K->1800K(301568K), 0,0005587 secs] [Times: user=0,00 sys=0,00, real=0,00 secs] 
21,376: [GC (Allocation Failure) [PSYoungGen: 126016K->96K(122368K)] 127752K->1832K(297472K), 0,0004748 secs] [Times: user=0,01 sys=0,00, real=0,00 secs] 
21,428: [GC (Allocation Failure) [PSYoungGen: 121952K->64K(118784K)] 123688K->1800K(293888K), 0,0005011 secs] [Times: user=0,00 sys=0,00, real=0,00 secs] 
21,480: [GC (Allocation Failure) [PSYoungGen: 118336K->96K(115200K)] 120072K->1832K(290304K), 0,0004999 secs] [Times: user=0,00 sys=0,00, real=0,00 secs] 
21,529: [GC (Allocation Failure) [PSYoungGen: 114784K->96K(111616K)] 116520K->1832K(286720K), 0,0004799 secs] [Times: user=0,00 sys=0,00, real=0,00 secs] 
21,577: [GC (Allocation Failure) [PSYoungGen: 111200K->96K(108544K)] 112936K->1832K(283648K), 0,0004905 secs] [Times: user=0,00 sys=0,00, real=0,00 secs] 
21,624: [GC (Allocation Failure) [PSYoungGen: 108128K->64K(105472K)] 109864K->1800K(280576K), 0,0005605 secs] [Times: user=0,00 sys=0,00, real=0,00 secs] 
21,670: [GC (Allocation Failure) [PSYoungGen: 105024K->64K(102400K)] 106760K->1800K(277504K), 0,0005166 secs] [Times: user=0,00 sys=0,00, real=0,00 secs] 
21,714: [GC (Allocation Failure) [PSYoungGen: 101952K->96K(99328K)] 103688K->1832K(274432K), 0,0004949 secs] [Times: user=0,00 sys=0,00, real=0,00 secs] 
21,757: [GC (Allocation Failure) [PSYoungGen: 98912K->96K(119296K)] 100648K->1832K(294400K), 0,0005158 secs] [Times: user=0,00 sys=0,00, real=0,00 secs] 
21,808: [GC (Allocation Failure) [PSYoungGen: 118880K->96K(115712K)] 120616K->1832K(290816K), 0,0004916 secs] [Times: user=0,00 sys=0,00, real=0,00 secs] 
21,858: [GC (Allocation Failure) [PSYoungGen: 115296K->64K(112128K)] 117032K->1800K(287232K), 0,0004286 secs] [Times: user=0,00 sys=0,00, real=0,00 secs] 
21,906: [GC (Allocation Failure) [PSYoungGen: 111680K->96K(109056K)] 113416K->1832K(284160K), 0,0004846 secs] [Times: user=0,00 sys=0,00, real=0,00 secs] 
21,954: [GC (Allocation Failure) [PSYoungGen: 108640K->96K(105984K)] 110376K->1832K(281088K), 0,0004983 secs] [Times: user=0,00 sys=0,00, real=0,00 secs] 
22,000: [GC (Allocation Failure) [PSYoungGen: 105568K->96K(102912K)] 107304K->1832K(278016K), 0,0004670 secs] [Times: user=0,01 sys=0,00, real=0,00 secs] 
22,044: [GC (Allocation Failure) [PSYoungGen: 102496K->64K(99840K)] 104232K->1800K(274944K), 0,0004786 secs] [Times: user=0,00 sys=0,00, real=0,00 secs] 
22,087: [GC (Allocation Failure) [PSYoungGen: 99392K->96K(97280K)] 101128K->1832K(272384K), 0,0004872 secs] [Times: user=0,00 sys=0,00, real=0,00 secs] 
22,129: [GC (Allocation Failure) [PSYoungGen: 96864K->96K(116736K)] 98600K->1832K(291840K), 0,0005024 secs] [Times: user=0,01 sys=0,00, real=0,00 secs] 
22,180: [GC (Allocation Failure) [PSYoungGen: 116320K->96K(113152K)] 118056K->1832K(288256K), 0,0005065 secs] [Times: user=0,00 sys=0,00, real=0,00 secs] 
22,229: [GC (Allocation Failure) [PSYoungGen: 112736K->96K(110080K)] 114472K->1832K(285184K), 0,0005002 secs] [Times: user=0,00 sys=0,00, real=0,00 secs] 
22,277: [GC (Allocation Failure) [PSYoungGen: 109664K->96K(107008K)] 111400K->1832K(282112K), 0,0005098 secs] [Times: user=0,00 sys=0,00, real=0,00 secs] 
22,323: [GC (Allocation Failure) [PSYoungGen: 106592K->96K(103936K)] 108328K->1832K(279040K), 0,0004905 secs] [Times: user=0,00 sys=0,00, real=0,01 secs] 
22,368: [GC (Allocation Failure) [PSYoungGen: 103520K->96K(100864K)] 105256K->1832K(275968K), 0,0004966 secs] [Times: user=0,00 sys=0,00, real=0,00 secs] 
22,411: [GC (Allocation Failure) [PSYoungGen: 100448K->96K(98304K)] 102184K->1832K(273408K), 0,0004660 secs] [Times: user=0,00 sys=0,00, real=0,00 secs] 
22,454: [GC (Allocation Failure) [PSYoungGen: 97888K->96K(95744K)] 99624K->1832K(270848K), 0,0004798 secs] [Times: user=0,00 sys=0,00, real=0,00 secs] 
22,495: [GC (Allocation Failure) [PSYoungGen: 95328K->96K(115200K)] 97064K->1832K(290304K), 0,0004807 secs] [Times: user=0,01 sys=0,00, real=0,00 secs] 
22,545: [GC (Allocation Failure) [PSYoungGen: 114784K->96K(111616K)] 116520K->1832K(286720K), 0,0004735 secs] [Times: user=0,01 sys=0,00, real=0,00 secs] 
22,593: [GC (Allocation Failure) [PSYoungGen: 111200K->96K(108544K)] 112936K->1832K(283648K), 0,0004731 secs] [Times: user=0,00 sys=0,00, real=0,01 secs] 
22,640: [GC (Allocation Failure) [PSYoungGen: 108128K->96K(105472K)] 109864K->1832K(280576K), 0,0005117 secs] [Times: user=0,00 sys=0,00, real=0,00 secs] 
22,685: [GC (Allocation Failure) [PSYoungGen: 105055K->64K(102400K)] 106792K->1800K(277504K), 0,0005339 secs] [Times: user=0,00 sys=0,00, real=0,00 secs] 
22,730: [GC (Allocation Failure) [PSYoungGen: 101952K->96K(99328K)] 103688K->1832K(274432K), 0,0005016 secs] [Times: user=0,00 sys=0,00, real=0,00 secs] 
22,773: [GC (Allocation Failure) [PSYoungGen: 98912K->96K(119296K)] 100648K->1832K(294400K), 0,0005049 secs] [Times: user=0,01 sys=0,00, real=0,01 secs] 
22,824: [GC (Allocation Failure) [PSYoungGen: 118880K->64K(115712K)] 120616K->1800K(290816K), 0,0004983 secs] [Times: user=0,00 sys=0,00, real=0,00 secs] 
22,874: [GC (Allocation Failure) [PSYoungGen: 115264K->96K(112128K)] 117000K->1832K(287232K), 0,0004963 secs] [Times: user=0,00 sys=0,00, real=0,00 secs] 
22,923: [GC (Allocation Failure) [PSYoungGen: 111712K->96K(109056K)] 113448K->1832K(284160K), 0,0004732 secs] [Times: user=0,00 sys=0,00, real=0,01 secs] 
22,970: [GC (Allocation Failure) [PSYoungGen: 108640K->64K(105984K)] 110376K->1800K(281088K), 0,0005118 secs] [Times: user=0,00 sys=0,00, real=0,00 secs] 
23,016: [GC (Allocation Failure) [PSYoungGen: 105536K->64K(102912K)] 107272K->1800K(278016K), 0,0004608 secs] [Times: user=0,00 sys=0,00, real=0,00 secs] 
23,060: [GC (Allocation Failure) [PSYoungGen: 102464K->96K(99840K)] 104200K->1832K(274944K), 0,0005237 secs] [Times: user=0,01 sys=0,00, real=0,00 secs] 
23,103: [GC (Allocation Failure) [PSYoungGen: 99424K->96K(97280K)] 101160K->1832K(272384K), 0,0004787 secs] [Times: user=0,00 sys=0,00, real=0,00 secs] 
23,145: [GC (Allocation Failure) [PSYoungGen: 96864K->96K(116736K)] 98600K->1832K(291840K), 0,0005063 secs] [Times: user=0,00 sys=0,00, real=0,00 secs] 
23,195: [GC (Allocation Failure) [PSYoungGen: 116320K->64K(113152K)] 118056K->1800K(288256K), 0,0005102 secs] [Times: user=0,00 sys=0,00, real=0,00 secs] 
23,245: [GC (Allocation Failure) [PSYoungGen: 112704K->96K(110080K)] 114440K->1832K(285184K), 0,0004956 secs] [Times: user=0,00 sys=0,00, real=0,00 secs] 
23,292: [GC (Allocation Failure) [PSYoungGen: 109664K->96K(107008K)] 111400K->1832K(282112K), 0,0004585 secs] [Times: user=0,00 sys=0,00, real=0,00 secs] 
23,338: [GC (Allocation Failure) [PSYoungGen: 106592K->64K(103936K)] 108328K->1800K(279040K), 0,0004927 secs] [Times: user=0,01 sys=0,00, real=0,00 secs] 
23,383: [GC (Allocation Failure) [PSYoungGen: 103488K->96K(100864K)] 105224K->1832K(275968K), 0,0005169 secs] [Times: user=0,00 sys=0,00, real=0,00 secs] 
23,427: [GC (Allocation Failure) [PSYoungGen: 100448K->96K(121344K)] 102184K->1832K(296448K), 0,0004989 secs] [Times: user=0,01 sys=0,00, real=0,00 secs] 
23,479: [GC (Allocation Failure) [PSYoungGen: 120928K->96K(117760K)] 122664K->1832K(292864K), 0,0005233 secs] [Times: user=0,00 sys=0,00, real=0,00 secs] 
23,530: [GC (Allocation Failure) [PSYoungGen: 117344K->96K(114176K)] 119080K->1832K(289280K), 0,0004953 secs] [Times: user=0,00 sys=0,00, real=0,00 secs] 
23,580: [GC (Allocation Failure) [PSYoungGen: 113760K->64K(110592K)] 115496K->1800K(285696K), 0,0004873 secs] [Times: user=0,00 sys=0,00, real=0,00 secs] 
23,627: [GC (Allocation Failure) [PSYoungGen: 110143K->96K(107520K)] 111880K->1832K(282624K), 0,0005475 secs] [Times: user=0,00 sys=0,00, real=0,00 secs] 
23,674: [GC (Allocation Failure) [PSYoungGen: 107104K->96K(104448K)] 108840K->1832K(279552K), 0,0004893 secs] [Times: user=0,00 sys=0,00, real=0,00 secs] 
23,719: [GC (Allocation Failure) [PSYoungGen: 104032K->96K(101376K)] 105768K->1832K(276480K), 0,0004992 secs] [Times: user=0,00 sys=0,00, real=0,00 secs] 
23,763: [GC (Allocation Failure) [PSYoungGen: 100959K->96K(98816K)] 102696K->1832K(273920K), 0,0005114 secs] [Times: user=0,00 sys=0,00, real=0,01 secs] 
23,805: [GC (Allocation Failure) [PSYoungGen: 98400K->96K(118784K)] 100136K->1832K(293888K), 0,0004871 secs] [Times: user=0,00 sys=0,00, real=0,00 secs] 
23,857: [GC (Allocation Failure) [PSYoungGen: 118368K->96K(115200K)] 120104K->1832K(290304K), 0,0004914 secs] [Times: user=0,00 sys=0,00, real=0,00 secs] 
23,906: [GC (Allocation Failure) [PSYoungGen: 114784K->96K(111616K)] 116520K->1832K(286720K), 0,0004904 secs] [Times: user=0,00 sys=0,00, real=0,00 secs] 
23,955: [GC (Allocation Failure) [PSYoungGen: 111200K->96K(108544K)] 112936K->1832K(283648K), 0,0004865 secs] [Times: user=0,00 sys=0,00, real=0,00 secs] 
24,001: [GC (Allocation Failure) [PSYoungGen: 108128K->64K(105472K)] 109864K->1800K(280576K), 0,0004917 secs] [Times: user=0,01 sys=0,00, real=0,00 secs] 
24,047: [GC (Allocation Failure) [PSYoungGen: 105024K->96K(102400K)] 106760K->1832K(277504K), 0,0004937 secs] [Times: user=0,00 sys=0,01, real=0,00 secs] 
24,091: [GC (Allocation Failure) [PSYoungGen: 101984K->64K(99328K)] 103720K->1800K(274432K), 0,0004277 secs] [Times: user=0,01 sys=0,00, real=0,00 secs] 
24,134: [GC (Allocation Failure) [PSYoungGen: 98880K->96K(96768K)] 100616K->1832K(271872K), 0,0004814 secs] [Times: user=0,00 sys=0,00, real=0,00 secs] 
24,176: [GC (Allocation Failure) [PSYoungGen: 96352K->96K(94208K)] 98088K->1832K(269312K), 0,0004972 secs] [Times: user=0,00 sys=0,00, real=0,00 secs] 
24,216: [GC (Allocation Failure) [PSYoungGen: 93792K->96K(113152K)] 95528K->1832K(288256K), 0,0004918 secs] [Times: user=0,00 sys=0,00, real=0,00 secs] 
24,265: [GC (Allocation Failure) [PSYoungGen: 112736K->96K(135680K)] 114472K->1832K(310784K), 0,0004949 secs] [Times: user=0,00 sys=0,00, real=0,00 secs] 
24,324: [GC (Allocation Failure) [PSYoungGen: 135264K->64K(131584K)] 137000K->1800K(306688K), 0,0005072 secs] [Times: user=0,00 sys=0,00, real=0,00 secs] 
24,381: [GC (Allocation Failure) [PSYoungGen: 131136K->64K(127488K)] 132872K->1800K(302592K), 0,0004898 secs] [Times: user=0,00 sys=0,00, real=0,00 secs] 
24,435: [GC (Allocation Failure) [PSYoungGen: 127040K->96K(123392K)] 128776K->1832K(298496K), 0,0004947 secs] [Times: user=0,00 sys=0,00, real=0,00 secs] 
24,489: [GC (Allocation Failure) [PSYoungGen: 122976K->64K(119808K)] 124712K->1800K(294912K), 0,0005013 secs] [Times: user=0,00 sys=0,00, real=0,00 secs] 
24,540: [GC (Allocation Failure) [PSYoungGen: 119360K->64K(116224K)] 121096K->1800K(291328K), 0,0004903 secs] [Times: user=0,00 sys=0,00, real=0,00 secs] 
24,590: [GC (Allocation Failure) [PSYoungGen: 115776K->64K(112640K)] 117512K->1800K(287744K), 0,0005169 secs] [Times: user=0,00 sys=0,00, real=0,00 secs] 
24,639: [GC (Allocation Failure) [PSYoungGen: 112191K->96K(109568K)] 113928K->1832K(284672K), 0,0005040 secs] [Times: user=0,00 sys=0,00, real=0,00 secs] 
24,686: [GC (Allocation Failure) [PSYoungGen: 109152K->96K(106496K)] 110888K->1832K(281600K), 0,0004731 secs] [Times: user=0,01 sys=0,00, real=0,00 secs] 
24,732: [GC (Allocation Failure) [PSYoungGen: 106080K->96K(103424K)] 107816K->1832K(278528K), 0,0005190 secs] [Times: user=0,00 sys=0,00, real=0,00 secs] 
24,777: [GC (Allocation Failure) [PSYoungGen: 103008K->96K(100352K)] 104744K->1832K(275456K), 0,0005225 secs] [Times: user=0,00 sys=0,00, real=0,00 secs] 
24,821: [GC (Allocation Failure) [PSYoungGen: 99936K->96K(97792K)] 101672K->1832K(272896K), 0,0004923 secs] [Times: user=0,00 sys=0,00, real=0,00 secs] 
24,863: [GC (Allocation Failure) [PSYoungGen: 97376K->96K(95232K)] 99112K->1832K(270336K), 0,0004514 secs] [Times: user=0,00 sys=0,00, real=0,01 secs] 
24,904: [GC (Allocation Failure) [PSYoungGen: 94816K->96K(114176K)] 96552K->1832K(289280K), 0,0005106 secs] [Times: user=0,01 sys=0,00, real=0,00 secs] 
24,954: [GC (Allocation Failure) [PSYoungGen: 113760K->96K(110592K)] 115496K->1832K(285696K), 0,0004985 secs] [Times: user=0,01 sys=0,00, real=0,00 secs] 
25,001: [GC (Allocation Failure) [PSYoungGen: 110175K->96K(107520K)] 111912K->1832K(282624K), 0,0005075 secs] [Times: user=0,00 sys=0,00, real=0,00 secs] 
25,047: [GC (Allocation Failure) [PSYoungGen: 107104K->96K(129024K)] 108840K->1832K(304128K), 0,0006034 secs] [Times: user=0,00 sys=0,00, real=0,00 secs] 
25,103: [GC (Allocation Failure) [PSYoungGen: 128608K->96K(124928K)] 130344K->1832K(300032K), 0,0004829 secs] [Times: user=0,00 sys=0,00, real=0,01 secs] 
25,157: [GC (Allocation Failure) [PSYoungGen: 124512K->96K(121344K)] 126248K->1832K(296448K), 0,0004966 secs] [Times: user=0,00 sys=0,00, real=0,00 secs] 
25,210: [GC (Allocation Failure) [PSYoungGen: 120928K->96K(117760K)] 122664K->1832K(292864K), 0,0005039 secs] [Times: user=0,00 sys=0,00, real=0,00 secs] 
25,260: [GC (Allocation Failure) [PSYoungGen: 117344K->96K(141312K)] 119080K->1832K(316416K), 0,0010611 secs] [Times: user=0,01 sys=0,00, real=0,00 secs] 
25,322: [GC (Allocation Failure) [PSYoungGen: 140896K->96K(169472K)] 142632K->1832K(344576K), 0,0005072 secs] [Times: user=0,00 sys=0,00, real=0,00 secs] 
25,395: [GC (Allocation Failure) [PSYoungGen: 169056K->96K(163840K)] 170792K->1832K(338944K), 0,0005249 secs] [Times: user=0,00 sys=0,00, real=0,00 secs] 
25,466: [GC (Allocation Failure) [PSYoungGen: 163424K->64K(158208K)] 165160K->1800K(333312K), 0,0004892 secs] [Times: user=0,00 sys=0,00, real=0,00 secs] 
25,534: [GC (Allocation Failure) [PSYoungGen: 157760K->96K(153088K)] 159496K->1832K(328192K), 0,0006000 secs] [Times: user=0,00 sys=0,00, real=0,00 secs] 
25,600: [GC (Allocation Failure) [PSYoungGen: 152672K->96K(147968K)] 154408K->1832K(323072K), 0,0004849 secs] [Times: user=0,00 sys=0,00, real=0,00 secs] 
25,664: [GC (Allocation Failure) [PSYoungGen: 147552K->64K(143360K)] 149288K->1800K(318464K), 0,0005519 secs] [Times: user=0,00 sys=0,00, real=0,00 secs] 
25,725: [GC (Allocation Failure) [PSYoungGen: 142912K->64K(138752K)] 144648K->1800K(313856K), 0,0005181 secs] [Times: user=0,00 sys=0,00, real=0,00 secs] 
25,785: [GC (Allocation Failure) [PSYoungGen: 138304K->96K(134144K)] 140040K->1832K(309248K), 0,0005161 secs] [Times: user=0,00 sys=0,00, real=0,00 secs] 
25,843: [GC (Allocation Failure) [PSYoungGen: 133728K->64K(130048K)] 135464K->1800K(305152K), 0,0005120 secs] [Times: user=0,00 sys=0,00, real=0,01 secs] 
25,899: [GC (Allocation Failure) [PSYoungGen: 129600K->64K(125952K)] 131336K->1800K(301056K), 0,0004994 secs] [Times: user=0,00 sys=0,00, real=0,00 secs] 
25,953: [GC (Allocation Failure) [PSYoungGen: 125504K->96K(121856K)] 127240K->1832K(296960K), 0,0004990 secs] [Times: user=0,00 sys=0,00, real=0,00 secs] 
26,006: [GC (Allocation Failure) [PSYoungGen: 121440K->96K(118272K)] 123176K->1832K(293376K), 0,0004660 secs] [Times: user=0,01 sys=0,00, real=0,00 secs] 
26,057: [GC (Allocation Failure) [PSYoungGen: 117856K->96K(114688K)] 119592K->1832K(289792K), 0,0004858 secs] [Times: user=0,00 sys=0,00, real=0,00 secs] 
26,107: [GC (Allocation Failure) [PSYoungGen: 114272K->96K(111104K)] 116008K->1832K(286208K), 0,0005712 secs] [Times: user=0,00 sys=0,00, real=0,00 secs] 
26,156: [GC (Allocation Failure) [PSYoungGen: 110688K->96K(108032K)] 112424K->1832K(283136K), 0,0005166 secs] [Times: user=0,00 sys=0,00, real=0,00 secs] 
26,202: [GC (Allocation Failure) [PSYoungGen: 107616K->96K(104960K)] 109352K->1832K(280064K), 0,0004661 secs] [Times: user=0,00 sys=0,00, real=0,00 secs] 
26,248: [GC (Allocation Failure) [PSYoungGen: 104544K->64K(101888K)] 106280K->1800K(276992K), 0,0005097 secs] [Times: user=0,00 sys=0,00, real=0,00 secs] 
26,292: [GC (Allocation Failure) [PSYoungGen: 101440K->96K(98816K)] 103176K->1832K(273920K), 0,0005160 secs] [Times: user=0,00 sys=0,00, real=0,00 secs] 
26,335: [GC (Allocation Failure) [PSYoungGen: 98400K->96K(118784K)] 100136K->1832K(293888K), 0,0005793 secs] [Times: user=0,00 sys=0,00, real=0,00 secs] 
26,386: [GC (Allocation Failure) [PSYoungGen: 118368K->64K(115200K)] 120104K->1800K(290304K), 0,0004743 secs] [Times: user=0,00 sys=0,00, real=0,00 secs] 
26,436: [GC (Allocation Failure) [PSYoungGen: 114752K->96K(111616K)] 116488K->1832K(286720K), 0,0004603 secs] [Times: user=0,00 sys=0,00, real=0,00 secs] 
26,484: [GC (Allocation Failure) [PSYoungGen: 111200K->96K(108544K)] 112936K->1832K(283648K), 0,0004989 secs] [Times: user=0,00 sys=0,00, real=0,00 secs] 
26,531: [GC (Allocation Failure) [PSYoungGen: 108128K->96K(105472K)] 109864K->1832K(280576K), 0,0005075 secs] [Times: user=0,01 sys=0,00, real=0,00 secs] 
26,577: [GC (Allocation Failure) [PSYoungGen: 105056K->96K(102400K)] 106792K->1832K(277504K), 0,0004895 secs] [Times: user=0,00 sys=0,00, real=0,00 secs] 
26,621: [GC (Allocation Failure) [PSYoungGen: 101984K->64K(99328K)] 103720K->1800K(274432K), 0,0004971 secs] [Times: user=0,00 sys=0,00, real=0,00 secs] 
26,664: [GC (Allocation Failure) [PSYoungGen: 98880K->64K(96768K)] 100616K->1800K(271872K), 0,0004692 secs] [Times: user=0,00 sys=0,00, real=0,00 secs] 
26,706: [GC (Allocation Failure) [PSYoungGen: 96320K->64K(116224K)] 98056K->1800K(291328K), 0,0004772 secs] [Times: user=0,00 sys=0,00, real=0,00 secs] 
26,756: [GC (Allocation Failure) [PSYoungGen: 115776K->64K(112640K)] 117512K->1800K(287744K), 0,0005613 secs] [Times: user=0,00 sys=0,00, real=0,00 secs] 
26,805: [GC (Allocation Failure) [PSYoungGen: 112192K->96K(109568K)] 113928K->1832K(284672K), 0,0005163 secs] [Times: user=0,00 sys=0,00, real=0,00 secs] 
26,852: [GC (Allocation Failure) [PSYoungGen: 109152K->64K(106496K)] 110888K->1800K(281600K), 0,0004984 secs] [Times: user=0,00 sys=0,01, real=0,00 secs] 
26,898: [GC (Allocation Failure) [PSYoungGen: 106048K->96K(103424K)] 107784K->1832K(278528K), 0,0005088 secs] [Times: user=0,01 sys=0,00, real=0,00 secs] 
26,943: [GC (Allocation Failure) [PSYoungGen: 103008K->96K(100352K)] 104744K->1832K(275456K), 0,0004949 secs] [Times: user=0,00 sys=0,00, real=0,01 secs] 
26,986: [GC (Allocation Failure) [PSYoungGen: 99936K->96K(97792K)] 101672K->1832K(272896K), 0,0004758 secs] [Times: user=0,00 sys=0,00, real=0,00 secs] 
27,029: [GC (Allocation Failure) [PSYoungGen: 97375K->96K(95232K)] 99112K->1832K(270336K), 0,0004541 secs] [Times: user=0,00 sys=0,00, real=0,00 secs] 
27,070: [GC (Allocation Failure) [PSYoungGen: 94816K->96K(114176K)] 96552K->1832K(289280K), 0,0004843 secs] [Times: user=0,00 sys=0,00, real=0,00 secs] 
27,119: [GC (Allocation Failure) [PSYoungGen: 113760K->64K(137216K)] 115496K->1800K(312320K), 0,0005470 secs] [Times: user=0,00 sys=0,00, real=0,00 secs] 
27,178: [GC (Allocation Failure) [PSYoungGen: 136768K->96K(132608K)] 138504K->1832K(307712K), 0,0005148 secs] [Times: user=0,00 sys=0,00, real=0,00 secs] 
27,236: [GC (Allocation Failure) [PSYoungGen: 132192K->96K(128512K)] 133928K->1832K(303616K), 0,0005045 secs] [Times: user=0,01 sys=0,00, real=0,00 secs] 
27,292: [GC (Allocation Failure) [PSYoungGen: 128096K->96K(124416K)] 129832K->1832K(299520K), 0,0005063 secs] [Times: user=0,00 sys=0,00, real=0,00 secs] 
27,346: [GC (Allocation Failure) [PSYoungGen: 124000K->96K(120832K)] 125736K->1832K(295936K), 0,0004922 secs] [Times: user=0,00 sys=0,00, real=0,00 secs] 
27,398: [GC (Allocation Failure) [PSYoungGen: 120416K->96K(117248K)] 122152K->1832K(292352K), 0,0004858 secs] [Times: user=0,00 sys=0,00, real=0,00 secs] 
27,448: [GC (Allocation Failure) [PSYoungGen: 116832K->96K(113664K)] 118568K->1832K(288768K), 0,0005017 secs] [Times: user=0,00 sys=0,00, real=0,00 secs] 
27,498: [GC (Allocation Failure) [PSYoungGen: 113248K->96K(110592K)] 114984K->1832K(285696K), 0,0005162 secs] [Times: user=0,00 sys=0,00, real=0,00 secs] 
27,546: [GC (Allocation Failure) [PSYoungGen: 110176K->96K(107520K)] 111912K->1832K(282624K), 0,0005192 secs] [Times: user=0,00 sys=0,00, real=0,00 secs] 
27,592: [GC (Allocation Failure) [PSYoungGen: 107104K->96K(104448K)] 108840K->1832K(279552K), 0,0004990 secs] [Times: user=0,01 sys=0,00, real=0,00 secs] 
27,638: [GC (Allocation Failure) [PSYoungGen: 104032K->96K(101376K)] 105768K->1832K(276480K), 0,0004997 secs] [Times: user=0,00 sys=0,00, real=0,00 secs] 
27,681: [GC (Allocation Failure) [PSYoungGen: 100960K->64K(98816K)] 102696K->1800K(273920K), 0,0004850 secs] [Times: user=0,01 sys=0,00, real=0,00 secs] 
27,724: [GC (Allocation Failure) [PSYoungGen: 98368K->96K(96256K)] 100104K->1832K(271360K), 0,0004742 secs] [Times: user=0,00 sys=0,00, real=0,00 secs] 
27,766: [GC (Allocation Failure) [PSYoungGen: 95840K->96K(115712K)] 97576K->1832K(290816K), 0,0005261 secs] [Times: user=0,00 sys=0,00, real=0,00 secs] 
27,816: [GC (Allocation Failure) [PSYoungGen: 115296K->96K(112128K)] 117032K->1832K(287232K), 0,0004745 secs] [Times: user=0,00 sys=0,00, real=0,00 secs] 
27,864: [GC (Allocation Failure) [PSYoungGen: 111712K->128K(109056K)] 113448K->1864K(284160K), 0,0004681 secs] [Times: user=0,00 sys=0,00, real=0,00 secs] 
27,911: [GC (Allocation Failure) [PSYoungGen: 108671K->96K(105984K)] 110408K->1832K(281088K), 0,0004929 secs] [Times: user=0,00 sys=0,00, real=0,00 secs] 
27,957: [GC (Allocation Failure) [PSYoungGen: 105568K->96K(102912K)] 107304K->1832K(278016K), 0,0004700 secs] [Times: user=0,00 sys=0,00, real=0,00 secs] 
28,002: [GC (Allocation Failure) [PSYoungGen: 102496K->96K(99840K)] 104232K->1832K(274944K), 0,0004972 secs] [Times: user=0,00 sys=0,00, real=0,00 secs] 
28,045: [GC (Allocation Failure) [PSYoungGen: 99424K->64K(119808K)] 101160K->1800K(294912K), 0,0005866 secs] [Times: user=0,00 sys=0,00, real=0,00 secs] 
28,096: [GC (Allocation Failure) [PSYoungGen: 119360K->96K(116224K)] 121096K->1832K(291328K), 0,0004972 secs] [Times: user=0,00 sys=0,00, real=0,00 secs] 
28,147: [GC (Allocation Failure) [PSYoungGen: 115807K->96K(112640K)] 117544K->1832K(287744K), 0,0005095 secs] [Times: user=0,00 sys=0,00, real=0,00 secs] 
28,195: [GC (Allocation Failure) [PSYoungGen: 112224K->96K(109568K)] 113960K->1832K(284672K), 0,0004892 secs] [Times: user=0,00 sys=0,00, real=0,00 secs] 
28,243: [GC (Allocation Failure) [PSYoungGen: 109152K->64K(131584K)] 110888K->1800K(306688K), 0,0010183 secs] [Times: user=0,00 sys=0,00, real=0,01 secs] 
28,300: [GC (Allocation Failure) [PSYoungGen: 131136K->96K(158208K)] 132872K->1832K(333312K), 0,0005296 secs] [Times: user=0,00 sys=0,00, real=0,00 secs] 
28,369: [GC (Allocation Failure) [PSYoungGen: 157792K->96K(189952K)] 159528K->1832K(365056K), 0,0005046 secs] [Times: user=0,00 sys=0,00, real=0,00 secs] 
28,451: [GC (Allocation Failure) [PSYoungGen: 189536K->64K(183296K)] 191272K->1800K(358400K), 0,0005543 secs] [Times: user=0,00 sys=0,00, real=0,00 secs] 
28,530: [GC (Allocation Failure) [PSYoungGen: 182848K->96K(176640K)] 184584K->1832K(351744K), 0,0005179 secs] [Times: user=0,00 sys=0,00, real=0,00 secs] 
28,606: [GC (Allocation Failure) [PSYoungGen: 176224K->96K(170496K)] 177960K->1832K(345600K), 0,0005471 secs] [Times: user=0,00 sys=0,00, real=0,00 secs] 
28,679: [GC (Allocation Failure) [PSYoungGen: 170080K->96K(164864K)] 171816K->1832K(339968K), 0,0005135 secs] [Times: user=0,00 sys=0,00, real=0,00 secs] 
28,751: [GC (Allocation Failure) [PSYoungGen: 164448K->64K(159232K)] 166184K->1800K(334336K), 0,0005149 secs] [Times: user=0,00 sys=0,00, real=0,00 secs] 
28,819: [GC (Allocation Failure) [PSYoungGen: 158784K->96K(154112K)] 160520K->1832K(329216K), 0,0005186 secs] [Times: user=0,00 sys=0,00, real=0,00 secs] 
28,885: [GC (Allocation Failure) [PSYoungGen: 153696K->96K(148992K)] 155432K->1832K(324096K), 0,0004934 secs] [Times: user=0,00 sys=0,00, real=0,00 secs] 
28,950: [GC (Allocation Failure) [PSYoungGen: 148575K->64K(143872K)] 150312K->1800K(318976K), 0,0005009 secs] [Times: user=0,00 sys=0,00, real=0,00 secs] 
29,012: [GC (Allocation Failure) [PSYoungGen: 143424K->64K(139264K)] 145160K->1800K(314368K), 0,0005413 secs] [Times: user=0,01 sys=0,00, real=0,00 secs] 
29,072: [GC (Allocation Failure) [PSYoungGen: 138816K->96K(134656K)] 140552K->1832K(309760K), 0,0005187 secs] [Times: user=0,00 sys=0,00, real=0,00 secs] 
29,130: [GC (Allocation Failure) [PSYoungGen: 134240K->96K(130560K)] 135976K->1832K(305664K), 0,0004983 secs] [Times: user=0,01 sys=0,00, real=0,00 secs] 
29,187: [GC (Allocation Failure) [PSYoungGen: 130144K->96K(126464K)] 131880K->1832K(301568K), 0,0004948 secs] [Times: user=0,00 sys=0,00, real=0,00 secs] 
29,241: [GC (Allocation Failure) [PSYoungGen: 126048K->64K(122368K)] 127784K->1800K(297472K), 0,0006069 secs] [Times: user=0,00 sys=0,00, real=0,00 secs] 
29,294: [GC (Allocation Failure) [PSYoungGen: 121920K->96K(118784K)] 123656K->1832K(293888K), 0,0005177 secs] [Times: user=0,00 sys=0,00, real=0,00 secs] 
29,345: [GC (Allocation Failure) [PSYoungGen: 118368K->64K(115200K)] 120104K->1800K(290304K), 0,0004874 secs] [Times: user=0,00 sys=0,00, real=0,00 secs] 
29,395: [GC (Allocation Failure) [PSYoungGen: 114752K->96K(111616K)] 116488K->1832K(286720K), 0,0005018 secs] [Times: user=0,00 sys=0,00, real=0,00 secs] 
29,443: [GC (Allocation Failure) [PSYoungGen: 111200K->96K(108544K)] 112936K->1832K(283648K), 0,0005223 secs] [Times: user=0,00 sys=0,00, real=0,00 secs] 
29,490: [GC (Allocation Failure) [PSYoungGen: 108128K->96K(105472K)] 109864K->1832K(280576K), 0,0004854 secs] [Times: user=0,00 sys=0,00, real=0,00 secs] 
29,535: [GC (Allocation Failure) [PSYoungGen: 105056K->64K(102400K)] 106792K->1800K(277504K), 0,0004924 secs] [Times: user=0,00 sys=0,00, real=0,00 secs] 
29,580: [GC (Allocation Failure) [PSYoungGen: 101952K->96K(99328K)] 103688K->1832K(274432K), 0,0005229 secs] [Times: user=0,00 sys=0,00, real=0,00 secs] 
29,622: [GC (Allocation Failure) [PSYoungGen: 98912K->96K(96768K)] 100648K->1832K(271872K), 0,0004885 secs] [Times: user=0,00 sys=0,00, real=0,01 secs] 
29,664: [GC (Allocation Failure) [PSYoungGen: 96352K->96K(116224K)] 98088K->1832K(291328K), 0,0004848 secs] [Times: user=0,00 sys=0,00, real=0,00 secs] 
29,714: [GC (Allocation Failure) [PSYoungGen: 115808K->96K(112640K)] 117544K->1832K(287744K), 0,0004871 secs] [Times: user=0,00 sys=0,00, real=0,00 secs] 
29,763: [GC (Allocation Failure) [PSYoungGen: 112224K->96K(109568K)] 113960K->1832K(284672K), 0,0004966 secs] [Times: user=0,00 sys=0,00, real=0,00 secs] 
29,810: [GC (Allocation Failure) [PSYoungGen: 109152K->96K(106496K)] 110888K->1832K(281600K), 0,0004761 secs] [Times: user=0,00 sys=0,00, real=0,00 secs] 
29,856: [GC (Allocation Failure) [PSYoungGen: 106080K->32K(103424K)] 107816K->1768K(278528K), 0,0004708 secs] [Times: user=0,00 sys=0,00, real=0,00 secs] 
29,901: [GC (Allocation Failure) [PSYoungGen: 102944K->96K(100352K)] 104680K->1832K(275456K), 0,0004839 secs] [Times: user=0,00 sys=0,00, real=0,00 secs] 
29,944: [GC (Allocation Failure) [PSYoungGen: 99936K->96K(97792K)] 101672K->1832K(272896K), 0,0004791 secs] [Times: user=0,00 sys=0,00, real=0,00 secs] 
29,987: [GC (Allocation Failure) [PSYoungGen: 97376K->96K(117248K)] 99112K->1832K(292352K), 0,0004927 secs] [Times: user=0,00 sys=0,00, real=0,00 secs] 
30,037: [GC (Allocation Failure) [PSYoungGen: 116832K->96K(113664K)] 118568K->1832K(288768K), 0,0004964 secs] [Times: user=0,00 sys=0,00, real=0,00 secs] 
30,086: [GC (Allocation Failure) [PSYoungGen: 113248K->96K(110592K)] 114984K->1832K(285696K), 0,0004918 secs] [Times: user=0,00 sys=0,00, real=0,00 secs] 
30,134: [GC (Allocation Failure) [PSYoungGen: 110175K->96K(107520K)] 111912K->1832K(282624K), 0,0004946 secs] [Times: user=0,00 sys=0,00, real=0,00 secs] 
30,180: [GC (Allocation Failure) [PSYoungGen: 107104K->96K(104448K)] 108840K->1832K(279552K), 0,0004976 secs] [Times: user=0,00 sys=0,00, real=0,00 secs] 
30,226: [GC (Allocation Failure) [PSYoungGen: 104032K->96K(101376K)] 105768K->1832K(276480K), 0,0004811 secs] [Times: user=0,00 sys=0,00, real=0,00 secs] 
30,270: [GC (Allocation Failure) [PSYoungGen: 100960K->96K(98816K)] 102696K->1832K(273920K), 0,0005118 secs] [Times: user=0,01 sys=0,00, real=0,00 secs] 
30,313: [GC (Allocation Failure) [PSYoungGen: 98400K->96K(118784K)] 100136K->1856K(293888K), 0,0005214 secs] [Times: user=0,00 sys=0,00, real=0,00 secs] 
30,365: [GC (Allocation Failure) [PSYoungGen: 118368K->64K(115200K)] 120128K->1824K(290304K), 0,0005043 secs] [Times: user=0,00 sys=0,00, real=0,00 secs] 
30,414: [GC (Allocation Failure) [PSYoungGen: 114752K->64K(111616K)] 116512K->1824K(286720K), 0,0004620 secs] [Times: user=0,00 sys=0,00, real=0,00 secs] 
30,462: [GC (Allocation Failure) [PSYoungGen: 111168K->64K(134144K)] 112928K->1824K(309248K), 0,0006969 secs] [Times: user=0,00 sys=0,00, real=0,01 secs] 
30,520: [GC (Allocation Failure) [PSYoungGen: 133696K->96K(161280K)] 135456K->1856K(336384K), 0,0005425 secs] [Times: user=0,00 sys=0,00, real=0,00 secs] 
30,590: [GC (Allocation Failure) [PSYoungGen: 160864K->96K(155648K)] 162624K->1856K(330752K), 0,0005124 secs] [Times: user=0,00 sys=0,00, real=0,00 secs] 
30,657: [GC (Allocation Failure) [PSYoungGen: 155232K->32K(150528K)] 156992K->1792K(325632K), 0,0006351 secs] [Times: user=0,01 sys=0,00, real=0,00 secs] 
30,721: [GC (Allocation Failure) [PSYoungGen: 150048K->96K(145408K)] 151808K->1856K(320512K), 0,0005491 secs] [Times: user=0,00 sys=0,00, real=0,00 secs] 
30,784: [GC (Allocation Failure) [PSYoungGen: 144992K->96K(140800K)] 146752K->1856K(315904K), 0,0005216 secs] [Times: user=0,00 sys=0,00, real=0,00 secs] 
30,845: [GC (Allocation Failure) [PSYoungGen: 140384K->64K(136192K)] 142144K->1824K(311296K), 0,0005277 secs] [Times: user=0,00 sys=0,00, real=0,00 secs] 
30,903: [GC (Allocation Failure) [PSYoungGen: 135744K->96K(132096K)] 137504K->1856K(307200K), 0,0005103 secs] [Times: user=0,00 sys=0,00, real=0,00 secs] 
30,961: [GC (Allocation Failure) [PSYoungGen: 131680K->64K(128000K)] 133440K->1824K(303104K), 0,0005604 secs] [Times: user=0,00 sys=0,00, real=0,00 secs] 
31,016: [GC (Allocation Failure) [PSYoungGen: 127552K->96K(123904K)] 129312K->1856K(299008K), 0,0005572 secs] [Times: user=0,00 sys=0,00, real=0,00 secs] 
31,069: [GC (Allocation Failure) [PSYoungGen: 123488K->96K(120320K)] 125248K->1856K(295424K), 0,0005029 secs] [Times: user=0,00 sys=0,00, real=0,00 secs] 
31,121: [GC (Allocation Failure) [PSYoungGen: 119904K->96K(116736K)] 121664K->1856K(291840K), 0,0004993 secs] [Times: user=0,00 sys=0,00, real=0,00 secs] 
31,172: [GC (Allocation Failure) [PSYoungGen: 116320K->96K(113152K)] 118080K->1856K(288256K), 0,0004888 secs] [Times: user=0,00 sys=0,00, real=0,00 secs] 
31,220: [GC (Allocation Failure) [PSYoungGen: 112736K->96K(110080K)] 114496K->1856K(285184K), 0,0005113 secs] [Times: user=0,00 sys=0,00, real=0,00 secs] 
31,268: [GC (Allocation Failure) [PSYoungGen: 109664K->96K(107008K)] 111424K->1856K(282112K), 0,0005770 secs] [Times: user=0,00 sys=0,00, real=0,00 secs] 
31,314: [GC (Allocation Failure) [PSYoungGen: 106592K->64K(103936K)] 108352K->1824K(279040K), 0,0005558 secs] [Times: user=0,00 sys=0,00, real=0,00 secs] 
31,359: [GC (Allocation Failure) [PSYoungGen: 103488K->96K(100864K)] 105248K->1856K(275968K), 0,0004993 secs] [Times: user=0,00 sys=0,00, real=0,00 secs] 
31,403: [GC (Allocation Failure) [PSYoungGen: 100448K->96K(98304K)] 102208K->1856K(273408K), 0,0004696 secs] [Times: user=0,00 sys=0,00, real=0,01 secs] 
31,445: [GC (Allocation Failure) [PSYoungGen: 97888K->64K(118272K)] 99648K->1824K(293376K), 0,0005233 secs] [Times: user=0,00 sys=0,00, real=0,00 secs] 
31,496: [GC (Allocation Failure) [PSYoungGen: 117824K->96K(114688K)] 119584K->1856K(289792K), 0,0005026 secs] [Times: user=0,00 sys=0,00, real=0,00 secs] 
31,545: [GC (Allocation Failure) [PSYoungGen: 114272K->96K(111104K)] 116032K->1856K(286208K), 0,0005084 secs] [Times: user=0,00 sys=0,00, real=0,00 secs] 
31,593: [GC (Allocation Failure) [PSYoungGen: 110688K->96K(108032K)] 112448K->1856K(283136K), 0,0004695 secs] [Times: user=0,00 sys=0,00, real=0,00 secs] 
31,640: [GC (Allocation Failure) [PSYoungGen: 107616K->32K(129536K)] 109376K->1792K(304640K), 0,0005989 secs] [Times: user=0,01 sys=0,00, real=0,00 secs] 
31,696: [GC (Allocation Failure) [PSYoungGen: 129056K->96K(125440K)] 130816K->1856K(300544K), 0,0005000 secs] [Times: user=0,00 sys=0,00, real=0,00 secs] 
31,750: [GC (Allocation Failure) [PSYoungGen: 125024K->96K(121344K)] 126784K->1864K(296448K), 0,0004909 secs] [Times: user=0,00 sys=0,00, real=0,00 secs] 
31,802: [GC (Allocation Failure) [PSYoungGen: 120928K->96K(117760K)] 122696K->1864K(292864K), 0,0005189 secs] [Times: user=0,00 sys=0,00, real=0,00 secs] 
31,853: [GC (Allocation Failure) [PSYoungGen: 117344K->96K(114176K)] 119112K->1864K(289280K), 0,0005023 secs] [Times: user=0,00 sys=0,00, real=0,00 secs] 
31,903: [GC (Allocation Failure) [PSYoungGen: 113760K->96K(110592K)] 115528K->1864K(285696K), 0,0004868 secs] [Times: user=0,00 sys=0,00, real=0,01 secs] 
31,951: [GC (Allocation Failure) [PSYoungGen: 110176K->96K(107520K)] 111944K->1864K(282624K), 0,0005025 secs] [Times: user=0,00 sys=0,00, real=0,00 secs] 
31,997: [GC (Allocation Failure) [PSYoungGen: 107104K->64K(104448K)] 108872K->1832K(279552K), 0,0005087 secs] [Times: user=0,01 sys=0,00, real=0,00 secs] 
32,042: [GC (Allocation Failure) [PSYoungGen: 104000K->64K(101376K)] 105768K->1832K(276480K), 0,0004954 secs] [Times: user=0,00 sys=0,00, real=0,00 secs] 
32,086: [GC (Allocation Failure) [PSYoungGen: 100928K->64K(121856K)] 102696K->1832K(296960K), 0,0006662 secs] [Times: user=0,01 sys=0,00, real=0,00 secs] 
32,139: [GC (Allocation Failure) [PSYoungGen: 121408K->96K(146432K)] 123176K->1864K(321536K), 0,0004864 secs] [Times: user=0,00 sys=0,00, real=0,00 secs] 
32,202: [GC (Allocation Failure) [PSYoungGen: 146016K->96K(141824K)] 147784K->1864K(316928K), 0,0004808 secs] [Times: user=0,00 sys=0,00, real=0,00 secs] 
32,263: [GC (Allocation Failure) [PSYoungGen: 141408K->96K(137216K)] 143176K->1864K(312320K), 0,0005044 secs] [Times: user=0,00 sys=0,00, real=0,00 secs] 
32,323: [GC (Allocation Failure) [PSYoungGen: 136800K->96K(132608K)] 138568K->1864K(307712K), 0,0005105 secs] [Times: user=0,00 sys=0,00, real=0,00 secs] 
32,380: [GC (Allocation Failure) [PSYoungGen: 132191K->96K(128512K)] 133960K->1864K(303616K), 0,0004949 secs] [Times: user=0,00 sys=0,00, real=0,00 secs] 
32,436: [GC (Allocation Failure) [PSYoungGen: 128096K->64K(124416K)] 129864K->1832K(299520K), 0,0005030 secs] [Times: user=0,00 sys=0,00, real=0,00 secs] 
32,489: [GC (Allocation Failure) [PSYoungGen: 123968K->96K(120832K)] 125736K->1864K(295936K), 0,0005002 secs] [Times: user=0,00 sys=0,00, real=0,00 secs] 
32,542: [GC (Allocation Failure) [PSYoungGen: 120416K->96K(117248K)] 122184K->1864K(292352K), 0,0005051 secs] [Times: user=0,00 sys=0,00, real=0,00 secs] 
32,592: [GC (Allocation Failure) [PSYoungGen: 116832K->96K(113664K)] 118600K->1864K(288768K), 0,0005683 secs] [Times: user=0,01 sys=0,00, real=0,00 secs] 
32,641: [GC (Allocation Failure) [PSYoungGen: 113248K->96K(110592K)] 115016K->1864K(285696K), 0,0005012 secs] [Times: user=0,01 sys=0,00, real=0,00 secs] 
32,689: [GC (Allocation Failure) [PSYoungGen: 110176K->96K(107520K)] 111944K->1864K(282624K), 0,0004955 secs] [Times: user=0,00 sys=0,00, real=0,00 secs] 
32,735: [GC (Allocation Failure) [PSYoungGen: 107104K->96K(129024K)] 108872K->1864K(304128K), 0,0006778 secs] [Times: user=0,00 sys=0,00, real=0,00 secs] 
32,792: [GC (Allocation Failure) [PSYoungGen: 128608K->96K(124928K)] 130376K->1864K(300032K), 0,0005096 secs] [Times: user=0,00 sys=0,00, real=0,00 secs] 
32,845: [GC (Allocation Failure) [PSYoungGen: 124512K->96K(121344K)] 126280K->1864K(296448K), 0,0005040 secs] [Times: user=0,00 sys=0,00, real=0,00 secs] 
32,898: [GC (Allocation Failure) [PSYoungGen: 120928K->96K(117760K)] 122696K->1864K(292864K), 0,0004891 secs] [Times: user=0,00 sys=0,00, real=0,00 secs] 
32,949: [GC (Allocation Failure) [PSYoungGen: 117344K->96K(114176K)] 119112K->1864K(289280K), 0,0004951 secs] [Times: user=0,01 sys=0,00, real=0,00 secs] 
32,998: [GC (Allocation Failure) [PSYoungGen: 113760K->96K(110592K)] 115528K->1864K(285696K), 0,0005071 secs] [Times: user=0,01 sys=0,00, real=0,00 secs] 
33,046: [GC (Allocation Failure) [PSYoungGen: 110176K->64K(107520K)] 111944K->1832K(282624K), 0,0004982 secs] [Times: user=0,00 sys=0,00, real=0,00 secs] 
33,092: [GC (Allocation Failure) [PSYoungGen: 107072K->96K(104448K)] 108840K->1864K(279552K), 0,0004866 secs] [Times: user=0,00 sys=0,00, real=0,00 secs] 
33,137: [GC (Allocation Failure) [PSYoungGen: 104032K->96K(101376K)] 105800K->1864K(276480K), 0,0005103 secs] [Times: user=0,00 sys=0,00, real=0,00 secs] 
33,181: [GC (Allocation Failure) [PSYoungGen: 100959K->96K(98816K)] 102728K->1864K(273920K), 0,0004749 secs] [Times: user=0,00 sys=0,00, real=0,00 secs] 
33,224: [GC (Allocation Failure) [PSYoungGen: 98400K->96K(96256K)] 100168K->1864K(271360K), 0,0004723 secs] [Times: user=0,00 sys=0,00, real=0,00 secs] 
33,266: [GC (Allocation Failure) [PSYoungGen: 95840K->96K(115712K)] 97608K->1864K(290816K), 0,0004995 secs] [Times: user=0,01 sys=0,00, real=0,00 secs] 
33,316: [GC (Allocation Failure) [PSYoungGen: 115296K->96K(112128K)] 117064K->1864K(287232K), 0,0005011 secs] [Times: user=0,00 sys=0,00, real=0,00 secs] 
33,364: [GC (Allocation Failure) [PSYoungGen: 111712K->96K(109056K)] 113480K->1864K(284160K), 0,0005303 secs] [Times: user=0,01 sys=0,00, real=0,00 secs] 
33,412: [GC (Allocation Failure) [PSYoungGen: 108640K->64K(105984K)] 110408K->1832K(281088K), 0,0004849 secs] [Times: user=0,00 sys=0,00, real=0,00 secs] 
33,458: [GC (Allocation Failure) [PSYoungGen: 105536K->96K(102912K)] 107304K->1864K(278016K), 0,0004919 secs] [Times: user=0,00 sys=0,00, real=0,00 secs] 
33,502: [GC (Allocation Failure) [PSYoungGen: 102496K->64K(99840K)] 104264K->1832K(274944K), 0,0004847 secs] [Times: user=0,00 sys=0,00, real=0,00 secs] 
33,545: [GC (Allocation Failure) [PSYoungGen: 99392K->64K(97280K)] 101160K->1832K(272384K), 0,0004863 secs] [Times: user=0,00 sys=0,00, real=0,00 secs] 
33,587: [GC (Allocation Failure) [PSYoungGen: 96832K->96K(116736K)] 98600K->1864K(291840K), 0,0004993 secs] [Times: user=0,00 sys=0,00, real=0,00 secs] 
33,638: [GC (Allocation Failure) [PSYoungGen: 116320K->32K(140288K)] 118088K->1800K(315392K), 0,0010296 secs] [Times: user=0,00 sys=0,00, real=0,00 secs] 
33,699: [GC (Allocation Failure) [PSYoungGen: 139808K->96K(168448K)] 141576K->1864K(343552K), 0,0004939 secs] [Times: user=0,00 sys=0,00, real=0,00 secs] 
33,772: [GC (Allocation Failure) [PSYoungGen: 168032K->64K(202240K)] 169800K->1832K(377344K), 0,0009650 secs] [Times: user=0,00 sys=0,00, real=0,00 secs] 
33,860: [GC (Allocation Failure) [PSYoungGen: 201792K->96K(242688K)] 203560K->1864K(417792K), 0,0023166 secs] [Times: user=0,01 sys=0,00, real=0,00 secs] 
33,967: [GC (Allocation Failure) [PSYoungGen: 242272K->96K(233472K)] 244040K->1864K(408576K), 0,0005205 secs] [Times: user=0,00 sys=0,00, real=0,00 secs] 
34,068: [GC (Allocation Failure) [PSYoungGen: 233056K->96K(224768K)] 234824K->1864K(399872K), 0,0005502 secs] [Times: user=0,00 sys=0,00, real=0,00 secs] 
34,165: [GC (Allocation Failure) [PSYoungGen: 224352K->96K(216576K)] 226120K->1864K(391680K), 0,0005285 secs] [Times: user=0,00 sys=0,00, real=0,00 secs] 
34,258: [GC (Allocation Failure) [PSYoungGen: 216160K->96K(208384K)] 217928K->1864K(383488K), 0,0005183 secs] [Times: user=0,00 sys=0,00, real=0,00 secs] 
34,348: [GC (Allocation Failure) [PSYoungGen: 207968K->96K(200704K)] 209736K->1864K(375808K), 0,0005311 secs] [Times: user=0,00 sys=0,00, real=0,00 secs] 
34,434: [GC (Allocation Failure) [PSYoungGen: 200288K->96K(193536K)] 202056K->1864K(368640K), 0,0005135 secs] [Times: user=0,00 sys=0,00, real=0,00 secs] 
34,518: [GC (Allocation Failure) [PSYoungGen: 193120K->64K(186368K)] 194888K->1832K(361472K), 0,0005436 secs] [Times: user=0,00 sys=0,00, real=0,00 secs] 
34,598: [GC (Allocation Failure) [PSYoungGen: 185920K->64K(179712K)] 187688K->1832K(354816K), 0,0005051 secs] [Times: user=0,00 sys=0,00, real=0,00 secs] 
34,675: [GC (Allocation Failure) [PSYoungGen: 179264K->96K(173568K)] 181032K->1864K(348672K), 0,0005289 secs] [Times: user=0,00 sys=0,00, real=0,00 secs] 
34,750: [GC (Allocation Failure) [PSYoungGen: 173152K->96K(167424K)] 174920K->1864K(342528K), 0,0005245 secs] [Times: user=0,00 sys=0,00, real=0,00 secs] 
34,822: [GC (Allocation Failure) [PSYoungGen: 167007K->96K(161792K)] 168776K->1864K(336896K), 0,0005300 secs] [Times: user=0,00 sys=0,00, real=0,01 secs] 
34,892: [GC (Allocation Failure) [PSYoungGen: 161376K->96K(156160K)] 163144K->1864K(331264K), 0,0005100 secs] [Times: user=0,00 sys=0,00, real=0,00 secs] 
34,959: [GC (Allocation Failure) [PSYoungGen: 155744K->96K(151040K)] 157512K->1864K(326144K), 0,0005185 secs] [Times: user=0,00 sys=0,00, real=0,00 secs] 
35,024: [GC (Allocation Failure) [PSYoungGen: 150624K->96K(145920K)] 152392K->1864K(321024K), 0,0005071 secs] [Times: user=0,00 sys=0,00, real=0,00 secs] 
35,087: [GC (Allocation Failure) [PSYoungGen: 145504K->96K(141312K)] 147272K->1864K(316416K), 0,0006194 secs] [Times: user=0,00 sys=0,00, real=0,00 secs] 
35,148: [GC (Allocation Failure) [PSYoungGen: 140896K->64K(136704K)] 142664K->1832K(311808K), 0,0005063 secs] [Times: user=0,00 sys=0,00, real=0,00 secs] 
35,207: [GC (Allocation Failure) [PSYoungGen: 136256K->96K(132608K)] 138024K->1864K(307712K), 0,0005199 secs] [Times: user=0,00 sys=0,00, real=0,00 secs] 
35,264: [GC (Allocation Failure) [PSYoungGen: 132191K->96K(128512K)] 133960K->1864K(303616K), 0,0005254 secs] [Times: user=0,01 sys=0,00, real=0,00 secs] 
35,320: [GC (Allocation Failure) [PSYoungGen: 128096K->96K(124416K)] 129864K->1864K(299520K), 0,0005197 secs] [Times: user=0,00 sys=0,00, real=0,00 secs] 
35,373: [GC (Allocation Failure) [PSYoungGen: 124000K->64K(120832K)] 125768K->1832K(295936K), 0,0005603 secs] [Times: user=0,01 sys=0,00, real=0,00 secs] 
35,425: [GC (Allocation Failure) [PSYoungGen: 120384K->96K(117248K)] 122152K->1864K(292352K), 0,0004972 secs] [Times: user=0,00 sys=0,01, real=0,00 secs] 
35,476: [GC (Allocation Failure) [PSYoungGen: 116832K->64K(113664K)] 118600K->1832K(288768K), 0,0004833 secs] [Times: user=0,00 sys=0,00, real=0,00 secs] 
35,525: [GC (Allocation Failure) [PSYoungGen: 113216K->96K(110592K)] 114984K->1864K(285696K), 0,0004963 secs] [Times: user=0,00 sys=0,00, real=0,00 secs] 
35,573: [GC (Allocation Failure) [PSYoungGen: 110176K->64K(107520K)] 111944K->1832K(282624K), 0,0005272 secs] [Times: user=0,00 sys=0,00, real=0,01 secs] 
35,619: [GC (Allocation Failure) [PSYoungGen: 107072K->96K(104448K)] 108840K->1864K(279552K), 0,0004786 secs] [Times: user=0,00 sys=0,00, real=0,00 secs] 
35,664: [GC (Allocation Failure) [PSYoungGen: 104032K->96K(101376K)] 105800K->1864K(276480K), 0,0004768 secs] [Times: user=0,00 sys=0,00, real=0,00 secs] 
35,708: [GC (Allocation Failure) [PSYoungGen: 100960K->96K(98816K)] 102728K->1864K(273920K), 0,0004880 secs] [Times: user=0,00 sys=0,00, real=0,00 secs] 
35,751: [GC (Allocation Failure) [PSYoungGen: 98400K->96K(96256K)] 100168K->1864K(271360K), 0,0005214 secs] [Times: user=0,01 sys=0,00, real=0,00 secs] 
35,792: [GC (Allocation Failure) [PSYoungGen: 95840K->64K(115712K)] 97608K->1832K(290816K), 0,0008664 secs] [Times: user=0,00 sys=0,00, real=0,01 secs] 
35,843: [GC (Allocation Failure) [PSYoungGen: 115264K->96K(138752K)] 117032K->1864K(313856K), 0,0005046 secs] [Times: user=0,00 sys=0,00, real=0,00 secs] 
35,903: [GC (Allocation Failure) [PSYoungGen: 138336K->96K(166400K)] 140104K->1864K(341504K), 0,0005586 secs] [Times: user=0,00 sys=0,00, real=0,01 secs] 
35,974: [GC (Allocation Failure) [PSYoungGen: 165984K->64K(160768K)] 167752K->1832K(335872K), 0,0005246 secs] [Times: user=0,00 sys=0,00, real=0,00 secs] 
36,043: [GC (Allocation Failure) [PSYoungGen: 160320K->96K(155136K)] 162088K->1864K(330240K), 0,0005076 secs] [Times: user=0,00 sys=0,00, real=0,00 secs] 
36,111: [GC (Allocation Failure) [PSYoungGen: 154720K->96K(150016K)] 156488K->1864K(325120K), 0,0006187 secs] [Times: user=0,00 sys=0,00, real=0,00 secs] 
36,176: [GC (Allocation Failure) [PSYoungGen: 149600K->96K(144896K)] 151368K->1864K(320000K), 0,0005482 secs] [Times: user=0,00 sys=0,00, real=0,00 secs] 
36,239: [GC (Allocation Failure) [PSYoungGen: 144480K->96K(140288K)] 146248K->1864K(315392K), 0,0004988 secs] [Times: user=0,00 sys=0,00, real=0,00 secs] 
36,300: [GC (Allocation Failure) [PSYoungGen: 139871K->64K(135680K)] 141640K->1832K(310784K), 0,0004970 secs] [Times: user=0,00 sys=0,00, real=0,00 secs] 
36,358: [GC (Allocation Failure) [PSYoungGen: 135232K->96K(131584K)] 137000K->1864K(306688K), 0,0004886 secs] [Times: user=0,00 sys=0,00, real=0,00 secs] 
36,415: [GC (Allocation Failure) [PSYoungGen: 131168K->96K(127488K)] 132936K->1864K(302592K), 0,0005051 secs] [Times: user=0,01 sys=0,00, real=0,00 secs] 
36,472: [GC (Allocation Failure) [PSYoungGen: 127072K->96K(123392K)] 128840K->1864K(298496K), 0,0005179 secs] [Times: user=0,00 sys=0,00, real=0,00 secs] 
36,525: [GC (Allocation Failure) [PSYoungGen: 122975K->64K(119808K)] 124744K->1832K(294912K), 0,0004995 secs] [Times: user=0,01 sys=0,00, real=0,00 secs] 
36,577: [GC (Allocation Failure) [PSYoungGen: 119360K->96K(116224K)] 121128K->1864K(291328K), 0,0006192 secs] [Times: user=0,00 sys=0,00, real=0,00 secs] 
36,627: [GC (Allocation Failure) [PSYoungGen: 115808K->64K(112640K)] 117576K->1832K(287744K), 0,0005074 secs] [Times: user=0,00 sys=0,00, real=0,00 secs] 
36,675: [GC (Allocation Failure) [PSYoungGen: 112192K->96K(109568K)] 113960K->1864K(284672K), 0,0005131 secs] [Times: user=0,00 sys=0,00, real=0,00 secs] 
36,723: [GC (Allocation Failure) [PSYoungGen: 109152K->64K(106496K)] 110920K->1832K(281600K), 0,0005253 secs] [Times: user=0,01 sys=0,00, real=0,01 secs] 
36,769: [GC (Allocation Failure) [PSYoungGen: 106048K->64K(103424K)] 107816K->1832K(278528K), 0,0005222 secs] [Times: user=0,00 sys=0,00, real=0,00 secs] 
36,814: [GC (Allocation Failure) [PSYoungGen: 102976K->96K(100352K)] 104744K->1864K(275456K), 0,0005032 secs] [Times: user=0,00 sys=0,00, real=0,00 secs] 
36,857: [GC (Allocation Failure) [PSYoungGen: 99936K->32K(97792K)] 101704K->1800K(272896K), 0,0005088 secs] [Times: user=0,00 sys=0,00, real=0,00 secs] 
36,899: [GC (Allocation Failure) [PSYoungGen: 97312K->96K(117248K)] 99080K->1864K(292352K), 0,0005000 secs] [Times: user=0,00 sys=0,00, real=0,00 secs] 
36,950: [GC (Allocation Failure) [PSYoungGen: 116832K->96K(113664K)] 118600K->1864K(288768K), 0,0005084 secs] [Times: user=0,00 sys=0,00, real=0,00 secs] 
36,999: [GC (Allocation Failure) [PSYoungGen: 113248K->96K(110592K)] 115016K->1864K(285696K), 0,0004966 secs] [Times: user=0,00 sys=0,00, real=0,00 secs] 
37,047: [GC (Allocation Failure) [PSYoungGen: 110176K->96K(107520K)] 111944K->1864K(282624K), 0,0004823 secs] [Times: user=0,00 sys=0,00, real=0,00 secs] 
37,093: [GC (Allocation Failure) [PSYoungGen: 107104K->96K(104448K)] 108872K->1864K(279552K), 0,0004936 secs] [Times: user=0,00 sys=0,00, real=0,00 secs] 
37,138: [GC (Allocation Failure) [PSYoungGen: 104032K->96K(101376K)] 105800K->1864K(276480K), 0,0005002 secs] [Times: user=0,00 sys=0,00, real=0,00 secs] 
37,182: [GC (Allocation Failure) [PSYoungGen: 100960K->96K(98816K)] 102728K->1864K(273920K), 0,0005025 secs] [Times: user=0,00 sys=0,00, real=0,00 secs] 
37,225: [GC (Allocation Failure) [PSYoungGen: 98400K->96K(118784K)] 100168K->1864K(293888K), 0,0005084 secs] [Times: user=0,00 sys=0,00, real=0,00 secs] 
37,276: [GC (Allocation Failure) [PSYoungGen: 118368K->96K(142848K)] 120136K->1864K(317952K), 0,0005885 secs] [Times: user=0,00 sys=0,00, real=0,00 secs] 
37,339: [GC (Allocation Failure) [PSYoungGen: 142432K->96K(138240K)] 144200K->1864K(313344K), 0,0005588 secs] [Times: user=0,01 sys=0,00, real=0,00 secs] 
37,398: [GC (Allocation Failure) [PSYoungGen: 137824K->64K(133632K)] 139592K->1832K(308736K), 0,0005261 secs] [Times: user=0,01 sys=0,00, real=0,00 secs] 
37,456: [GC (Allocation Failure) [PSYoungGen: 133184K->96K(129536K)] 134952K->1864K(304640K), 0,0005167 secs] [Times: user=0,00 sys=0,00, real=0,00 secs] 
37,512: [GC (Allocation Failure) [PSYoungGen: 129120K->96K(125440K)] 130888K->1864K(300544K), 0,0005432 secs] [Times: user=0,00 sys=0,00, real=0,00 secs] 
37,566: [GC (Allocation Failure) [PSYoungGen: 125024K->64K(121344K)] 126792K->1832K(296448K), 0,0005131 secs] [Times: user=0,00 sys=0,00, real=0,00 secs] 
37,618: [GC (Allocation Failure) [PSYoungGen: 120896K->96K(117760K)] 122664K->1864K(292864K), 0,0004945 secs] [Times: user=0,00 sys=0,00, real=0,00 secs] 
37,669: [GC (Allocation Failure) [PSYoungGen: 117344K->96K(114176K)] 119112K->1864K(289280K), 0,0005191 secs] [Times: user=0,00 sys=0,00, real=0,00 secs] 
37,718: [GC (Allocation Failure) [PSYoungGen: 113760K->96K(110592K)] 115528K->1864K(285696K), 0,0004906 secs] [Times: user=0,00 sys=0,00, real=0,00 secs] 
37,765: [GC (Allocation Failure) [PSYoungGen: 110176K->96K(107520K)] 111944K->1864K(282624K), 0,0004843 secs] [Times: user=0,01 sys=0,00, real=0,00 secs] 
37,812: [GC (Allocation Failure) [PSYoungGen: 107104K->96K(104448K)] 108872K->1864K(279552K), 0,0005361 secs] [Times: user=0,00 sys=0,00, real=0,00 secs] 
37,857: [GC (Allocation Failure) [PSYoungGen: 104032K->96K(101376K)] 105800K->1864K(276480K), 0,0004904 secs] [Times: user=0,00 sys=0,00, real=0,00 secs] 
37,901: [GC (Allocation Failure) [PSYoungGen: 100960K->64K(98816K)] 102728K->1832K(273920K), 0,0004976 secs] [Times: user=0,00 sys=0,00, real=0,00 secs] 
37,944: [GC (Allocation Failure) [PSYoungGen: 98368K->96K(118784K)] 100136K->1864K(293888K), 0,0005284 secs] [Times: user=0,01 sys=0,00, real=0,00 secs] 
37,995: [GC (Allocation Failure) [PSYoungGen: 118368K->96K(115200K)] 120136K->1864K(290304K), 0,0005008 secs] [Times: user=0,00 sys=0,00, real=0,00 secs] 
38,045: [GC (Allocation Failure) [PSYoungGen: 114784K->64K(111616K)] 116552K->1832K(286720K), 0,0004833 secs] [Times: user=0,00 sys=0,01, real=0,00 secs] 
38,093: [GC (Allocation Failure) [PSYoungGen: 111168K->96K(108544K)] 112936K->1864K(283648K), 0,0004856 secs] [Times: user=0,00 sys=0,00, real=0,01 secs] 
38,140: [GC (Allocation Failure) [PSYoungGen: 108128K->96K(105472K)] 109896K->1864K(280576K), 0,0005080 secs] [Times: user=0,00 sys=0,00, real=0,00 secs] 
38,185: [GC (Allocation Failure) [PSYoungGen: 105056K->96K(102400K)] 106824K->1864K(277504K), 0,0005587 secs] [Times: user=0,00 sys=0,00, real=0,00 secs] 
38,230: [GC (Allocation Failure) [PSYoungGen: 101984K->64K(99328K)] 103752K->1832K(274432K), 0,0004877 secs] [Times: user=0,00 sys=0,00, real=0,00 secs] 
38,273: [GC (Allocation Failure) [PSYoungGen: 98880K->64K(119296K)] 100648K->1832K(294400K), 0,0006884 secs] [Times: user=0,00 sys=0,00, real=0,01 secs] 
38,325: [GC (Allocation Failure) [PSYoungGen: 118848K->96K(143360K)] 120616K->1864K(318464K), 0,0005136 secs] [Times: user=0,00 sys=0,00, real=0,00 secs] 
38,387: [GC (Allocation Failure) [PSYoungGen: 142944K->96K(172032K)] 144712K->1864K(347136K), 0,0005769 secs] [Times: user=0,00 sys=0,00, real=0,00 secs] 
38,461: [GC (Allocation Failure) [PSYoungGen: 171616K->96K(165888K)] 173384K->1864K(340992K), 0,0005372 secs] [Times: user=0,00 sys=0,00, real=0,00 secs] 
38,533: [GC (Allocation Failure) [PSYoungGen: 165472K->96K(160256K)] 167240K->1864K(335360K), 0,0005139 secs] [Times: user=0,00 sys=0,00, real=0,01 secs] 
38,602: [GC (Allocation Failure) [PSYoungGen: 159840K->96K(154624K)] 161608K->1864K(329728K), 0,0005206 secs] [Times: user=0,00 sys=0,00, real=0,00 secs] 
38,668: [GC (Allocation Failure) [PSYoungGen: 154208K->96K(149504K)] 155976K->1864K(324608K), 0,0005004 secs] [Times: user=0,01 sys=0,00, real=0,00 secs] 
38,733: [GC (Allocation Failure) [PSYoungGen: 149088K->96K(144384K)] 150856K->1864K(319488K), 0,0005124 secs] [Times: user=0,00 sys=0,00, real=0,00 secs] 
38,795: [GC (Allocation Failure) [PSYoungGen: 143968K->96K(139776K)] 145736K->1864K(314880K), 0,0005780 secs] [Times: user=0,00 sys=0,00, real=0,00 secs] 
38,856: [GC (Allocation Failure) [PSYoungGen: 139360K->96K(135168K)] 141128K->1864K(310272K), 0,0005218 secs] [Times: user=0,00 sys=0,00, real=0,00 secs] 
38,914: [GC (Allocation Failure) [PSYoungGen: 134752K->96K(131072K)] 136520K->1864K(306176K), 0,0005528 secs] [Times: user=0,00 sys=0,00, real=0,00 secs] 
38,971: [GC (Allocation Failure) [PSYoungGen: 130656K->96K(126976K)] 132424K->1864K(302080K), 0,0005082 secs] [Times: user=0,00 sys=0,00, real=0,00 secs] 
39,025: [GC (Allocation Failure) [PSYoungGen: 126560K->96K(122880K)] 128328K->1864K(297984K), 0,0004995 secs] [Times: user=0,01 sys=0,00, real=0,00 secs] 
39,078: [GC (Allocation Failure) [PSYoungGen: 122464K->96K(119296K)] 124232K->1864K(294400K), 0,0005048 secs] [Times: user=0,00 sys=0,00, real=0,00 secs] 
39,130: [GC (Allocation Failure) [PSYoungGen: 118880K->32K(115712K)] 120648K->1800K(290816K), 0,0004963 secs] [Times: user=0,00 sys=0,00, real=0,00 secs] 
39,180: [GC (Allocation Failure) [PSYoungGen: 115232K->96K(112128K)] 117000K->1864K(287232K), 0,0005200 secs] [Times: user=0,00 sys=0,00, real=0,00 secs] 
39,228: [GC (Allocation Failure) [PSYoungGen: 111712K->96K(109056K)] 113480K->1864K(284160K), 0,0005353 secs] [Times: user=0,00 sys=0,00, real=0,00 secs] 
39,276: [GC (Allocation Failure) [PSYoungGen: 108640K->64K(105984K)] 110408K->1832K(281088K), 0,0004745 secs] [Times: user=0,00 sys=0,00, real=0,00 secs] 
39,321: [GC (Allocation Failure) [PSYoungGen: 105536K->64K(102912K)] 107304K->1832K(278016K), 0,0005256 secs] [Times: user=0,00 sys=0,00, real=0,00 secs] 
39,366: [GC (Allocation Failure) [PSYoungGen: 102464K->96K(99840K)] 104232K->1864K(274944K), 0,0005153 secs] [Times: user=0,00 sys=0,00, real=0,00 secs] 
39,409: [GC (Allocation Failure) [PSYoungGen: 99424K->96K(97280K)] 101192K->1864K(272384K), 0,0004875 secs] [Times: user=0,00 sys=0,00, real=0,00 secs] 
39,451: [GC (Allocation Failure) [PSYoungGen: 96864K->96K(116736K)] 98632K->1864K(291840K), 0,0004992 secs] [Times: user=0,00 sys=0,00, real=0,00 secs] 
39,501: [GC (Allocation Failure) [PSYoungGen: 116320K->96K(140288K)] 118088K->1864K(315392K), 0,0005972 secs] [Times: user=0,00 sys=0,00, real=0,00 secs] 
39,562: [GC (Allocation Failure) [PSYoungGen: 139872K->64K(135680K)] 141640K->1832K(310784K), 0,0005421 secs] [Times: user=0,01 sys=0,00, real=0,00 secs] 
39,620: [GC (Allocation Failure) [PSYoungGen: 135232K->96K(131584K)] 137000K->1864K(306688K), 0,0005568 secs] [Times: user=0,00 sys=0,00, real=0,00 secs] 
39,677: [GC (Allocation Failure) [PSYoungGen: 131168K->96K(127488K)] 132936K->1864K(302592K), 0,0004841 secs] [Times: user=0,00 sys=0,00, real=0,00 secs] 
39,733: [GC (Allocation Failure) [PSYoungGen: 127072K->96K(123392K)] 128840K->1864K(298496K), 0,0005542 secs] [Times: user=0,00 sys=0,00, real=0,01 secs] 
39,786: [GC (Allocation Failure) [PSYoungGen: 122975K->64K(119808K)] 124744K->1832K(294912K), 0,0004952 secs] [Times: user=0,00 sys=0,00, real=0,00 secs] 
39,838: [GC (Allocation Failure) [PSYoungGen: 119360K->96K(116224K)] 121128K->1864K(291328K), 0,0005292 secs] [Times: user=0,00 sys=0,00, real=0,00 secs] 
39,888: [GC (Allocation Failure) [PSYoungGen: 115808K->96K(112640K)] 117576K->1864K(287744K), 0,0005074 secs] [Times: user=0,00 sys=0,00, real=0,00 secs] 
39,937: [GC (Allocation Failure) [PSYoungGen: 112224K->96K(109568K)] 113992K->1864K(284672K), 0,0004758 secs] [Times: user=0,00 sys=0,00, real=0,00 secs] 
39,984: [GC (Allocation Failure) [PSYoungGen: 109152K->96K(106496K)] 110920K->1864K(281600K), 0,0004849 secs] [Times: user=0,00 sys=0,00, real=0,00 secs] 
40,030: [GC (Allocation Failure) [PSYoungGen: 106080K->96K(103424K)] 107848K->1864K(278528K), 0,0004943 secs] [Times: user=0,00 sys=0,00, real=0,00 secs] 
40,075: [GC (Allocation Failure) [PSYoungGen: 103008K->64K(100352K)] 104776K->1832K(275456K), 0,0005257 secs] [Times: user=0,00 sys=0,00, real=0,00 secs] 
40,118: [GC (Allocation Failure) [PSYoungGen: 99904K->96K(97792K)] 101672K->1864K(272896K), 0,0004895 secs] [Times: user=0,00 sys=0,00, real=0,00 secs] 
40,161: [GC (Allocation Failure) [PSYoungGen: 97376K->96K(117248K)] 99144K->1864K(292352K), 0,0005050 secs] [Times: user=0,00 sys=0,00, real=0,00 secs] 
40,212: [GC (Allocation Failure) [PSYoungGen: 116832K->96K(113664K)] 118600K->1864K(288768K), 0,0005313 secs] [Times: user=0,00 sys=0,00, real=0,00 secs] 
40,261: [GC (Allocation Failure) [PSYoungGen: 113248K->96K(110592K)] 115016K->1864K(285696K), 0,0005267 secs] [Times: user=0,00 sys=0,00, real=0,00 secs] 
40,309: [GC (Allocation Failure) [PSYoungGen: 110176K->96K(107520K)] 111944K->1888K(282624K), 0,0005047 secs] [Times: user=0,00 sys=0,00, real=0,00 secs] 
40,356: [GC (Allocation Failure) [PSYoungGen: 107104K->96K(104448K)] 108896K->1888K(279552K), 0,0005278 secs] [Times: user=0,00 sys=0,00, real=0,00 secs] 
40,401: [GC (Allocation Failure) [PSYoungGen: 104032K->96K(101376K)] 105824K->1888K(276480K), 0,0004855 secs] [Times: user=0,00 sys=0,00, real=0,00 secs] 
40,444: [GC (Allocation Failure) [PSYoungGen: 100960K->96K(98816K)] 102752K->1888K(273920K), 0,0004727 secs] [Times: user=0,00 sys=0,00, real=0,00 secs] 
40,487: [GC (Allocation Failure) [PSYoungGen: 98400K->96K(118784K)] 100192K->1888K(293888K), 0,0005007 secs] [Times: user=0,00 sys=0,00, real=0,00 secs] 
40,538: [GC (Allocation Failure) [PSYoungGen: 118368K->96K(142848K)] 120160K->1888K(317952K), 0,0006116 secs] [Times: user=0,00 sys=0,00, real=0,00 secs] 
40,600: [GC (Allocation Failure) [PSYoungGen: 142432K->96K(138240K)] 144224K->1888K(313344K), 0,0004998 secs] [Times: user=0,00 sys=0,00, real=0,00 secs] 
40,659: [GC (Allocation Failure) [PSYoungGen: 137824K->96K(133632K)] 139616K->1888K(308736K), 0,0005191 secs] [Times: user=0,00 sys=0,00, real=0,00 secs] 
40,717: [GC (Allocation Failure) [PSYoungGen: 133216K->96K(129536K)] 135008K->1888K(304640K), 0,0004863 secs] [Times: user=0,00 sys=0,00, real=0,00 secs] 
40,772: [GC (Allocation Failure) [PSYoungGen: 129120K->96K(125440K)] 130912K->1888K(300544K), 0,0005578 secs] [Times: user=0,00 sys=0,00, real=0,01 secs] 
40,827: [GC (Allocation Failure) [PSYoungGen: 125024K->96K(121344K)] 126816K->1888K(296448K), 0,0005193 secs] [Times: user=0,00 sys=0,00, real=0,00 secs] 
40,879: [GC (Allocation Failure) [PSYoungGen: 120928K->96K(117760K)] 122720K->1888K(292864K), 0,0005062 secs] [Times: user=0,00 sys=0,00, real=0,00 secs] 
40,929: [GC (Allocation Failure) [PSYoungGen: 117344K->96K(114176K)] 119136K->1888K(289280K), 0,0005151 secs] [Times: user=0,01 sys=0,00, real=0,00 secs] 
40,979: [GC (Allocation Failure) [PSYoungGen: 113760K->96K(110592K)] 115552K->1888K(285696K), 0,0006375 secs] [Times: user=0,01 sys=0,00, real=0,00 secs] 
41,026: [GC (Allocation Failure) [PSYoungGen: 110176K->64K(107520K)] 111968K->1856K(282624K), 0,0005090 secs] [Times: user=0,00 sys=0,00, real=0,00 secs] 
41,073: [GC (Allocation Failure) [PSYoungGen: 107072K->96K(104448K)] 108864K->1888K(279552K), 0,0005014 secs] [Times: user=0,00 sys=0,00, real=0,01 secs] 
41,118: [GC (Allocation Failure) [PSYoungGen: 104032K->96K(125440K)] 105824K->1888K(300544K), 0,0005395 secs] [Times: user=0,01 sys=0,00, real=0,00 secs] 
41,172: [GC (Allocation Failure) [PSYoungGen: 125024K->64K(150528K)] 126816K->1856K(325632K), 0,0007032 secs] [Times: user=0,00 sys=0,00, real=0,01 secs] 
41,237: [GC (Allocation Failure) [PSYoungGen: 150080K->64K(145408K)] 151872K->1856K(320512K), 0,0005115 secs] [Times: user=0,01 sys=0,00, real=0,00 secs] 
41,300: [GC (Allocation Failure) [PSYoungGen: 144960K->96K(140800K)] 146752K->1888K(315904K), 0,0005141 secs] [Times: user=0,00 sys=0,00, real=0,00 secs] 
41,361: [GC (Allocation Failure) [PSYoungGen: 140384K->96K(136192K)] 142176K->1888K(311296K), 0,0005233 secs] [Times: user=0,00 sys=0,00, real=0,00 secs] 
41,419: [GC (Allocation Failure) [PSYoungGen: 135776K->96K(132096K)] 137568K->1888K(307200K), 0,0005123 secs] [Times: user=0,00 sys=0,00, real=0,00 secs] 
41,476: [GC (Allocation Failure) [PSYoungGen: 131680K->32K(128000K)] 133472K->1824K(303104K), 0,0006443 secs] [Times: user=0,00 sys=0,00, real=0,00 secs] 
41,531: [GC (Allocation Failure) [PSYoungGen: 127520K->96K(123904K)] 129312K->1888K(299008K), 0,0005004 secs] [Times: user=0,00 sys=0,00, real=0,00 secs] 
41,585: [GC (Allocation Failure) [PSYoungGen: 123488K->64K(120320K)] 125280K->1856K(295424K), 0,0005140 secs] [Times: user=0,01 sys=0,00, real=0,00 secs] 
41,637: [GC (Allocation Failure) [PSYoungGen: 119872K->96K(116736K)] 121664K->1888K(291840K), 0,0005178 secs] [Times: user=0,00 sys=0,00, real=0,00 secs] 
41,687: [GC (Allocation Failure) [PSYoungGen: 116320K->96K(113152K)] 118112K->1888K(288256K), 0,0005077 secs] [Times: user=0,00 sys=0,00, real=0,00 secs] 
41,736: [GC (Allocation Failure) [PSYoungGen: 112736K->96K(110080K)] 114528K->1888K(285184K), 0,0004919 secs] [Times: user=0,00 sys=0,00, real=0,00 secs] 
41,784: [GC (Allocation Failure) [PSYoungGen: 109664K->96K(107008K)] 111456K->1888K(282112K), 0,0004887 secs] [Times: user=0,01 sys=0,00, real=0,00 secs] 
41,830: [GC (Allocation Failure) [PSYoungGen: 106591K->96K(103936K)] 108384K->1888K(279040K), 0,0005465 secs] [Times: user=0,00 sys=0,00, real=0,00 secs] 
41,875: [GC (Allocation Failure) [PSYoungGen: 103520K->96K(100864K)] 105312K->1888K(275968K), 0,0005002 secs] [Times: user=0,00 sys=0,00, real=0,00 secs] 
41,918: [GC (Allocation Failure) [PSYoungGen: 100448K->96K(98304K)] 102240K->1888K(273408K), 0,0004686 secs] [Times: user=0,00 sys=0,00, real=0,00 secs] 
41,960: [GC (Allocation Failure) [PSYoungGen: 97888K->96K(118272K)] 99680K->1888K(293376K), 0,0005233 secs] [Times: user=0,00 sys=0,00, real=0,00 secs] 
42,012: [GC (Allocation Failure) [PSYoungGen: 117856K->96K(114688K)] 119648K->1888K(289792K), 0,0004971 secs] [Times: user=0,00 sys=0,00, real=0,00 secs] 
42,061: [GC (Allocation Failure) [PSYoungGen: 114272K->96K(111104K)] 116064K->1888K(286208K), 0,0004847 secs] [Times: user=0,01 sys=0,00, real=0,00 secs] 
42,109: [GC (Allocation Failure) [PSYoungGen: 110688K->96K(108032K)] 112480K->1888K(283136K), 0,0004850 secs] [Times: user=0,00 sys=0,00, real=0,00 secs] 
42,156: [GC (Allocation Failure) [PSYoungGen: 107616K->96K(104960K)] 109408K->1888K(280064K), 0,0004944 secs] [Times: user=0,00 sys=0,00, real=0,00 secs] 
42,201: [GC (Allocation Failure) [PSYoungGen: 104544K->96K(101888K)] 106336K->1888K(276992K), 0,0004973 secs] [Times: user=0,00 sys=0,00, real=0,00 secs] 
42,245: [GC (Allocation Failure) [PSYoungGen: 101472K->96K(122368K)] 103264K->1888K(297472K), 0,0005681 secs] [Times: user=0,00 sys=0,00, real=0,00 secs] 
42,298: [GC (Allocation Failure) [PSYoungGen: 121952K->96K(118784K)] 123744K->1888K(293888K), 0,0005186 secs] [Times: user=0,01 sys=0,00, real=0,00 secs] 
42,350: [GC (Allocation Failure) [PSYoungGen: 118368K->96K(115200K)] 120160K->1888K(290304K), 0,0004986 secs] [Times: user=0,00 sys=0,00, real=0,00 secs] 
42,399: [GC (Allocation Failure) [PSYoungGen: 114784K->96K(111616K)] 116576K->1888K(286720K), 0,0005005 secs] [Times: user=0,00 sys=0,00, real=0,00 secs] 
42,447: [GC (Allocation Failure) [PSYoungGen: 111200K->64K(108544K)] 112992K->1856K(283648K), 0,0005024 secs] [Times: user=0,01 sys=0,00, real=0,00 secs] 
42,494: [GC (Allocation Failure) [PSYoungGen: 108096K->96K(105472K)] 109888K->1888K(280576K), 0,0005103 secs] [Times: user=0,00 sys=0,00, real=0,00 secs] 
42,540: [GC (Allocation Failure) [PSYoungGen: 105056K->96K(102400K)] 106848K->1888K(277504K), 0,0004711 secs] [Times: user=0,00 sys=0,00, real=0,00 secs] 
42,584: [GC (Allocation Failure) [PSYoungGen: 101984K->96K(99328K)] 103776K->1888K(274432K), 0,0005054 secs] [Times: user=0,00 sys=0,00, real=0,00 secs] 
42,627: [GC (Allocation Failure) [PSYoungGen: 98912K->96K(96768K)] 100704K->1888K(271872K), 0,0004967 secs] [Times: user=0,01 sys=0,00, real=0,00 secs] 
42,668: [GC (Allocation Failure) [PSYoungGen: 96352K->96K(116224K)] 98144K->1888K(291328K), 0,0005131 secs] [Times: user=0,00 sys=0,00, real=0,00 secs] 
42,718: [GC (Allocation Failure) [PSYoungGen: 115808K->96K(112640K)] 117600K->1888K(287744K), 0,0004850 secs] [Times: user=0,00 sys=0,00, real=0,00 secs] 
42,767: [GC (Allocation Failure) [PSYoungGen: 112224K->96K(109568K)] 114016K->1888K(284672K), 0,0004807 secs] [Times: user=0,00 sys=0,00, real=0,00 secs] 
42,814: [GC (Allocation Failure) [PSYoungGen: 109152K->64K(106496K)] 110944K->1856K(281600K), 0,0005102 secs] [Times: user=0,01 sys=0,00, real=0,00 secs] 
42,861: [GC (Allocation Failure) [PSYoungGen: 106048K->96K(103424K)] 107840K->1888K(278528K), 0,0004733 secs] [Times: user=0,00 sys=0,00, real=0,00 secs] 
42,905: [GC (Allocation Failure) [PSYoungGen: 103008K->96K(100352K)] 104800K->1888K(275456K), 0,0004866 secs] [Times: user=0,00 sys=0,00, real=0,00 secs] 
42,949: [GC (Allocation Failure) [PSYoungGen: 99936K->96K(97792K)] 101728K->1888K(272896K), 0,0005030 secs] [Times: user=0,00 sys=0,00, real=0,00 secs] 
42,991: [GC (Allocation Failure) [PSYoungGen: 97376K->96K(117248K)] 99168K->1888K(292352K), 0,0004912 secs] [Times: user=0,00 sys=0,00, real=0,00 secs] 
43,042: [GC (Allocation Failure) [PSYoungGen: 116832K->96K(140800K)] 118624K->1888K(315904K), 0,0005863 secs] [Times: user=0,00 sys=0,00, real=0,00 secs] 
43,103: [GC (Allocation Failure) [PSYoungGen: 140384K->96K(136192K)] 142176K->1888K(311296K), 0,0004919 secs] [Times: user=0,01 sys=0,00, real=0,01 secs] 
43,161: [GC (Allocation Failure) [PSYoungGen: 135776K->96K(132096K)] 137568K->1888K(307200K), 0,0005218 secs] [Times: user=0,00 sys=0,00, real=0,00 secs] 
43,219: [GC (Allocation Failure) [PSYoungGen: 131680K->96K(128000K)] 133472K->1888K(303104K), 0,0004900 secs] [Times: user=0,00 sys=0,00, real=0,00 secs] 
43,274: [GC (Allocation Failure) [PSYoungGen: 127584K->64K(123904K)] 129376K->1856K(299008K), 0,0005811 secs] [Times: user=0,00 sys=0,00, real=0,00 secs] 
43,327: [GC (Allocation Failure) [PSYoungGen: 123456K->32K(148992K)] 125248K->1824K(324096K), 0,0008357 secs] [Times: user=0,00 sys=0,01, real=0,00 secs] 
43,392: [GC (Allocation Failure) [PSYoungGen: 148512K->96K(143872K)] 150304K->1888K(318976K), 0,0005058 secs] [Times: user=0,00 sys=0,00, real=0,00 secs] 
43,454: [GC (Allocation Failure) [PSYoungGen: 143456K->96K(139264K)] 145248K->1888K(314368K), 0,0004865 secs] [Times: user=0,00 sys=0,00, real=0,00 secs] 
43,514: [GC (Allocation Failure) [PSYoungGen: 138848K->96K(134656K)] 140640K->1888K(309760K), 0,0005077 secs] [Times: user=0,00 sys=0,00, real=0,00 secs] 
43,572: [GC (Allocation Failure) [PSYoungGen: 134240K->96K(130560K)] 136032K->1888K(305664K), 0,0004922 secs] [Times: user=0,00 sys=0,00, real=0,00 secs] 
43,628: [GC (Allocation Failure) [PSYoungGen: 130144K->64K(126464K)] 131936K->1856K(301568K), 0,0006288 secs] [Times: user=0,01 sys=0,00, real=0,00 secs] 
43,683: [GC (Allocation Failure) [PSYoungGen: 126016K->64K(122368K)] 127808K->1856K(297472K), 0,0005215 secs] [Times: user=0,00 sys=0,00, real=0,00 secs] 
43,736: [GC (Allocation Failure) [PSYoungGen: 121920K->96K(118784K)] 123712K->1888K(293888K), 0,0005385 secs] [Times: user=0,00 sys=0,00, real=0,00 secs] 
43,787: [GC (Allocation Failure) [PSYoungGen: 118368K->96K(115200K)] 120160K->1888K(290304K), 0,0004867 secs] [Times: user=0,01 sys=0,00, real=0,00 secs] 
43,837: [GC (Allocation Failure) [PSYoungGen: 114784K->96K(111616K)] 116576K->1888K(286720K), 0,0005213 secs] [Times: user=0,01 sys=0,00, real=0,00 secs] 
43,885: [GC (Allocation Failure) [PSYoungGen: 111200K->96K(108544K)] 112992K->1888K(283648K), 0,0004764 secs] [Times: user=0,00 sys=0,00, real=0,00 secs] 
43,932: [GC (Allocation Failure) [PSYoungGen: 108128K->64K(105472K)] 109920K->1856K(280576K), 0,0005332 secs] [Times: user=0,00 sys=0,00, real=0,00 secs] 
43,977: [GC (Allocation Failure) [PSYoungGen: 105024K->64K(102400K)] 106816K->1856K(277504K), 0,0005006 secs] [Times: user=0,00 sys=0,00, real=0,00 secs] 
44,022: [GC (Allocation Failure) [PSYoungGen: 101952K->96K(99328K)] 103744K->1888K(274432K), 0,0004814 secs] [Times: user=0,00 sys=0,00, real=0,00 secs] 
44,065: [GC (Allocation Failure) [PSYoungGen: 98912K->96K(96768K)] 100704K->1888K(271872K), 0,0004940 secs] [Times: user=0,01 sys=0,00, real=0,00 secs] 
44,107: [GC (Allocation Failure) [PSYoungGen: 96352K->64K(116224K)] 98144K->1856K(291328K), 0,0004963 secs] [Times: user=0,00 sys=0,00, real=0,00 secs] 
44,157: [GC (Allocation Failure) [PSYoungGen: 115776K->96K(112640K)] 117568K->1888K(287744K), 0,0005196 secs] [Times: user=0,00 sys=0,00, real=0,00 secs] 
44,205: [GC (Allocation Failure) [PSYoungGen: 112224K->96K(109568K)] 114016K->1888K(284672K), 0,0005001 secs] [Times: user=0,00 sys=0,00, real=0,00 secs] 
44,253: [GC (Allocation Failure) [PSYoungGen: 109152K->96K(106496K)] 110944K->1888K(281600K), 0,0005034 secs] [Times: user=0,00 sys=0,00, real=0,01 secs] 
44,299: [GC (Allocation Failure) [PSYoungGen: 106080K->96K(103424K)] 107872K->1888K(278528K), 0,0005171 secs] [Times: user=0,00 sys=0,00, real=0,00 secs] 
44,344: [GC (Allocation Failure) [PSYoungGen: 103007K->96K(100352K)] 104800K->1888K(275456K), 0,0005138 secs] [Times: user=0,00 sys=0,00, real=0,00 secs] 
44,387: [GC (Allocation Failure) [PSYoungGen: 99936K->96K(97792K)] 101728K->1888K(272896K), 0,0004799 secs] [Times: user=0,00 sys=0,00, real=0,00 secs] 
44,429: [GC (Allocation Failure) [PSYoungGen: 97376K->64K(117248K)] 99168K->1856K(292352K), 0,0004759 secs] [Times: user=0,00 sys=0,00, real=0,00 secs] 
44,480: [GC (Allocation Failure) [PSYoungGen: 116800K->96K(113664K)] 118592K->1888K(288768K), 0,0004779 secs] [Times: user=0,00 sys=0,00, real=0,00 secs] 
44,529: [GC (Allocation Failure) [PSYoungGen: 113248K->96K(110592K)] 115040K->1888K(285696K), 0,0004931 secs] [Times: user=0,00 sys=0,00, real=0,00 secs] 
44,576: [GC (Allocation Failure) [PSYoungGen: 110176K->96K(107520K)] 111968K->1888K(282624K), 0,0004861 secs] [Times: user=0,00 sys=0,00, real=0,00 secs] 
44,623: [GC (Allocation Failure) [PSYoungGen: 107104K->96K(104448K)] 108896K->1888K(279552K), 0,0004901 secs] [Times: user=0,00 sys=0,00, real=0,01 secs] 
44,667: [GC (Allocation Failure) [PSYoungGen: 104032K->64K(101376K)] 105824K->1856K(276480K), 0,0004705 secs] [Times: user=0,00 sys=0,00, real=0,00 secs] 
44,711: [GC (Allocation Failure) [PSYoungGen: 100927K->64K(121856K)] 102720K->1856K(296960K), 0,0005553 secs] [Times: user=0,00 sys=0,00, real=0,00 secs] 
44,764: [GC (Allocation Failure) [PSYoungGen: 121408K->96K(118272K)] 123200K->1888K(293376K), 0,0004850 secs] [Times: user=0,00 sys=0,00, real=0,00 secs] 
44,815: [GC (Allocation Failure) [PSYoungGen: 117856K->96K(114688K)] 119648K->1888K(289792K), 0,0005104 secs] [Times: user=0,00 sys=0,00, real=0,00 secs] 
44,865: [GC (Allocation Failure) [PSYoungGen: 114272K->96K(111104K)] 116064K->1888K(286208K), 0,0005183 secs] [Times: user=0,00 sys=0,00, real=0,00 secs] 
44,912: [GC (Allocation Failure) [PSYoungGen: 110688K->96K(108032K)] 112480K->1888K(283136K), 0,0005050 secs] [Times: user=0,00 sys=0,00, real=0,01 secs] 
44,959: [GC (Allocation Failure) [PSYoungGen: 107616K->32K(104960K)] 109408K->1824K(280064K), 0,0005541 secs] [Times: user=0,00 sys=0,00, real=0,00 secs] 
45,004: [GC (Allocation Failure) [PSYoungGen: 104480K->64K(125952K)] 106272K->1856K(301056K), 0,0005339 secs] [Times: user=0,00 sys=0,00, real=0,00 secs] 
45,059: [GC (Allocation Failure) [PSYoungGen: 125504K->96K(121856K)] 127296K->1888K(296960K), 0,0005037 secs] [Times: user=0,00 sys=0,00, real=0,00 secs] 
45,111: [GC (Allocation Failure) [PSYoungGen: 121440K->96K(118272K)] 123232K->1888K(293376K), 0,0004803 secs] [Times: user=0,00 sys=0,00, real=0,00 secs] 
45,163: [GC (Allocation Failure) [PSYoungGen: 117856K->96K(114688K)] 119648K->1888K(289792K), 0,0005708 secs] [Times: user=0,00 sys=0,00, real=0,01 secs] 
45,212: [GC (Allocation Failure) [PSYoungGen: 114272K->64K(111104K)] 116064K->1856K(286208K), 0,0005059 secs] [Times: user=0,00 sys=0,00, real=0,01 secs] 
45,260: [GC (Allocation Failure) [PSYoungGen: 110656K->96K(108032K)] 112448K->1888K(283136K), 0,0004735 secs] [Times: user=0,00 sys=0,00, real=0,00 secs] 
45,307: [GC (Allocation Failure) [PSYoungGen: 107616K->96K(104960K)] 109408K->1888K(280064K), 0,0005184 secs] [Times: user=0,00 sys=0,00, real=0,00 secs] 
45,353: [GC (Allocation Failure) [PSYoungGen: 104544K->96K(101888K)] 106336K->1888K(276992K), 0,0005124 secs] [Times: user=0,00 sys=0,00, real=0,00 secs] 
45,397: [GC (Allocation Failure) [PSYoungGen: 101472K->64K(98816K)] 103264K->1856K(273920K), 0,0004997 secs] [Times: user=0,00 sys=0,00, real=0,00 secs] 
45,439: [GC (Allocation Failure) [PSYoungGen: 98368K->96K(96256K)] 100160K->1888K(271360K), 0,0004874 secs] [Times: user=0,00 sys=0,00, real=0,00 secs] 
45,481: [GC (Allocation Failure) [PSYoungGen: 95839K->96K(115712K)] 97632K->1888K(290816K), 0,0004754 secs] [Times: user=0,00 sys=0,00, real=0,00 secs] 
45,531: [GC (Allocation Failure) [PSYoungGen: 115296K->96K(112128K)] 117088K->1888K(287232K), 0,0004954 secs] [Times: user=0,00 sys=0,00, real=0,00 secs] 
45,579: [GC (Allocation Failure) [PSYoungGen: 111712K->96K(109056K)] 113504K->1888K(284160K), 0,0005031 secs] [Times: user=0,00 sys=0,00, real=0,00 secs] 
45,626: [GC (Allocation Failure) [PSYoungGen: 108639K->96K(105984K)] 110432K->1888K(281088K), 0,0004847 secs] [Times: user=0,00 sys=0,00, real=0,00 secs] 
45,672: [GC (Allocation Failure) [PSYoungGen: 105568K->96K(102912K)] 107360K->1888K(278016K), 0,0004917 secs] [Times: user=0,00 sys=0,00, real=0,00 secs] 
45,716: [GC (Allocation Failure) [PSYoungGen: 102496K->96K(99840K)] 104288K->1888K(274944K), 0,0004931 secs] [Times: user=0,00 sys=0,00, real=0,00 secs] 
45,759: [GC (Allocation Failure) [PSYoungGen: 99424K->96K(97280K)] 101216K->1888K(272384K), 0,0004830 secs] [Times: user=0,00 sys=0,00, real=0,00 secs] 
45,801: [GC (Allocation Failure) [PSYoungGen: 96864K->96K(94720K)] 98656K->1888K(269824K), 0,0004720 secs] [Times: user=0,00 sys=0,00, real=0,00 secs] 
45,843: [GC (Allocation Failure) [PSYoungGen: 94304K->96K(113664K)] 96096K->1888K(288768K), 0,0004879 secs] [Times: user=0,00 sys=0,00, real=0,00 secs] 
45,892: [GC (Allocation Failure) [PSYoungGen: 113248K->96K(136704K)] 115040K->1888K(311808K), 0,0005687 secs] [Times: user=0,00 sys=0,00, real=0,01 secs] 
45,951: [GC (Allocation Failure) [PSYoungGen: 136288K->64K(132608K)] 138080K->1856K(307712K), 0,0005102 secs] [Times: user=0,00 sys=0,00, real=0,00 secs] 
46,008: [GC (Allocation Failure) [PSYoungGen: 132160K->96K(128512K)] 133952K->1888K(303616K), 0,0005019 secs] [Times: user=0,01 sys=0,00, real=0,00 secs] 
46,063: [GC (Allocation Failure) [PSYoungGen: 128096K->96K(124416K)] 129888K->1888K(299520K), 0,0005203 secs] [Times: user=0,00 sys=0,00, real=0,00 secs] 
46,119: [GC (Allocation Failure) [PSYoungGen: 124000K->96K(120832K)] 125792K->1888K(295936K), 0,0005338 secs] [Times: user=0,00 sys=0,00, real=0,00 secs] 
46,171: [GC (Allocation Failure) [PSYoungGen: 120416K->96K(117248K)] 122208K->1888K(292352K), 0,0005059 secs] [Times: user=0,00 sys=0,00, real=0,00 secs] 
46,222: [GC (Allocation Failure) [PSYoungGen: 116832K->64K(113664K)] 118624K->1856K(288768K), 0,0005257 secs] [Times: user=0,00 sys=0,00, real=0,00 secs] 
46,271: [GC (Allocation Failure) [PSYoungGen: 113216K->96K(110592K)] 115008K->1888K(285696K), 0,0005002 secs] [Times: user=0,00 sys=0,00, real=0,00 secs] 
46,318: [GC (Allocation Failure) [PSYoungGen: 110176K->64K(107520K)] 111968K->1856K(282624K), 0,0004667 secs] [Times: user=0,00 sys=0,00, real=0,00 secs] 
46,365: [GC (Allocation Failure) [PSYoungGen: 107072K->64K(104448K)] 108864K->1856K(279552K), 0,0005154 secs] [Times: user=0,01 sys=0,00, real=0,00 secs] 
46,410: [GC (Allocation Failure) [PSYoungGen: 104000K->64K(101376K)] 105792K->1856K(276480K), 0,0004702 secs] [Times: user=0,00 sys=0,00, real=0,00 secs] 
46,455: [GC (Allocation Failure) [PSYoungGen: 100928K->96K(98816K)] 102720K->1888K(273920K), 0,0005113 secs] [Times: user=0,00 sys=0,00, real=0,00 secs] 
46,498: [GC (Allocation Failure) [PSYoungGen: 98400K->96K(96256K)] 100192K->1888K(271360K), 0,0005010 secs] [Times: user=0,00 sys=0,00, real=0,00 secs] 
46,540: [GC (Allocation Failure) [PSYoungGen: 95840K->64K(115712K)] 97632K->1856K(290816K), 0,0006857 secs] [Times: user=0,00 sys=0,00, real=0,00 secs] 
46,590: [GC (Allocation Failure) [PSYoungGen: 115263K->96K(138752K)] 117056K->1888K(313856K), 0,0004974 secs] [Times: user=0,00 sys=0,00, real=0,00 secs] 
46,650: [GC (Allocation Failure) [PSYoungGen: 138336K->96K(166400K)] 140128K->1888K(341504K), 0,0005359 secs] [Times: user=0,00 sys=0,00, real=0,00 secs] 
46,721: [GC (Allocation Failure) [PSYoungGen: 165984K->96K(160768K)] 167776K->1888K(335872K), 0,0004887 secs] [Times: user=0,00 sys=0,00, real=0,00 secs] 
46,790: [GC (Allocation Failure) [PSYoungGen: 160352K->64K(155136K)] 162144K->1856K(330240K), 0,0004946 secs] [Times: user=0,00 sys=0,00, real=0,00 secs] 
46,858: [GC (Allocation Failure) [PSYoungGen: 154688K->64K(150016K)] 156480K->1856K(325120K), 0,0010009 secs] [Times: user=0,00 sys=0,00, real=0,00 secs] 
46,923: [GC (Allocation Failure) [PSYoungGen: 149568K->64K(144896K)] 151360K->1856K(320000K), 0,0004919 secs] [Times: user=0,00 sys=0,00, real=0,01 secs] 
46,985: [GC (Allocation Failure) [PSYoungGen: 144448K->64K(140288K)] 146240K->1856K(315392K), 0,0005095 secs] [Times: user=0,00 sys=0,00, real=0,00 secs] 
47,046: [GC (Allocation Failure) [PSYoungGen: 139840K->96K(135680K)] 141632K->1888K(310784K), 0,0004818 secs] [Times: user=0,00 sys=0,00, real=0,00 secs] 
47,104: [GC (Allocation Failure) [PSYoungGen: 135264K->64K(131584K)] 137056K->1856K(306688K), 0,0005584 secs] [Times: user=0,00 sys=0,00, real=0,00 secs] 
47,161: [GC (Allocation Failure) [PSYoungGen: 131136K->96K(127488K)] 132928K->1888K(302592K), 0,0004889 secs] [Times: user=0,00 sys=0,00, real=0,00 secs] 
47,216: [GC (Allocation Failure) [PSYoungGen: 127072K->64K(123392K)] 128864K->1856K(298496K), 0,0005815 secs] [Times: user=0,00 sys=0,00, real=0,00 secs] 
47,269: [GC (Allocation Failure) [PSYoungGen: 122944K->96K(119808K)] 124736K->1888K(294912K), 0,0005154 secs] [Times: user=0,00 sys=0,00, real=0,00 secs] 
47,321: [GC (Allocation Failure) [PSYoungGen: 119392K->96K(116224K)] 121184K->1888K(291328K), 0,0005069 secs] [Times: user=0,00 sys=0,00, real=0,00 secs] 
47,371: [GC (Allocation Failure) [PSYoungGen: 115808K->96K(112640K)] 117600K->1888K(287744K), 0,0005231 secs] [Times: user=0,00 sys=0,00, real=0,00 secs] 
47,420: [GC (Allocation Failure) [PSYoungGen: 112224K->96K(109568K)] 114016K->1888K(284672K), 0,0005004 secs] [Times: user=0,00 sys=0,00, real=0,00 secs] 
47,467: [GC (Allocation Failure) [PSYoungGen: 109152K->96K(106496K)] 110944K->1888K(281600K), 0,0004732 secs] [Times: user=0,01 sys=0,00, real=0,00 secs] 
47,513: [GC (Allocation Failure) [PSYoungGen: 106080K->96K(103424K)] 107872K->1888K(278528K), 0,0004961 secs] [Times: user=0,00 sys=0,00, real=0,00 secs] 
47,558: [GC (Allocation Failure) [PSYoungGen: 103008K->96K(100352K)] 104800K->1888K(275456K), 0,0004791 secs] [Times: user=0,00 sys=0,00, real=0,00 secs] 
47,601: [GC (Allocation Failure) [PSYoungGen: 99936K->96K(97792K)] 101728K->1888K(272896K), 0,0004726 secs] [Times: user=0,00 sys=0,00, real=0,00 secs] 
47,643: [GC (Allocation Failure) [PSYoungGen: 97376K->96K(95232K)] 99168K->1888K(270336K), 0,0004844 secs] [Times: user=0,00 sys=0,00, real=0,00 secs] 
47,685: [GC (Allocation Failure) [PSYoungGen: 94816K->96K(92672K)] 96608K->1888K(267776K), 0,0004766 secs] [Times: user=0,01 sys=0,00, real=0,00 secs] 
47,724: [GC (Allocation Failure) [PSYoungGen: 92256K->96K(111104K)] 94048K->1888K(286208K), 0,0004811 secs] [Times: user=0,01 sys=0,00, real=0,00 secs] 
47,772: [GC (Allocation Failure) [PSYoungGen: 110688K->96K(108032K)] 112480K->1888K(283136K), 0,0004913 secs] [Times: user=0,00 sys=0,00, real=0,00 secs] 
47,819: [GC (Allocation Failure) [PSYoungGen: 107616K->96K(104960K)] 109408K->1888K(280064K), 0,0004706 secs] [Times: user=0,00 sys=0,00, real=0,00 secs] 
47,864: [GC (Allocation Failure) [PSYoungGen: 104544K->64K(101888K)] 106336K->1856K(276992K), 0,0005185 secs] [Times: user=0,00 sys=0,00, real=0,00 secs] 
47,908: [GC (Allocation Failure) [PSYoungGen: 101440K->96K(122368K)] 103232K->1888K(297472K), 0,0004926 secs] [Times: user=0,00 sys=0,00, real=0,00 secs] 
47,961: [GC (Allocation Failure) [PSYoungGen: 121952K->64K(118784K)] 123744K->1856K(293888K), 0,0005179 secs] [Times: user=0,00 sys=0,00, real=0,00 secs] 
48,012: [GC (Allocation Failure) [PSYoungGen: 118336K->96K(115200K)] 120128K->1888K(290304K), 0,0005015 secs] [Times: user=0,01 sys=0,00, real=0,00 secs] 
48,062: [GC (Allocation Failure) [PSYoungGen: 114784K->96K(111616K)] 116576K->1888K(286720K), 0,0004908 secs] [Times: user=0,01 sys=0,00, real=0,00 secs] 
48,110: [GC (Allocation Failure) [PSYoungGen: 111200K->96K(108544K)] 112992K->1888K(283648K), 0,0004929 secs] [Times: user=0,00 sys=0,00, real=0,00 secs] 
48,157: [GC (Allocation Failure) [PSYoungGen: 108128K->96K(105472K)] 109920K->1888K(280576K), 0,0004962 secs] [Times: user=0,00 sys=0,00, real=0,00 secs] 
48,202: [GC (Allocation Failure) [PSYoungGen: 105056K->96K(102400K)] 106848K->1888K(277504K), 0,0004970 secs] [Times: user=0,00 sys=0,00, real=0,00 secs] 
48,246: [GC (Allocation Failure) [PSYoungGen: 101984K->64K(99328K)] 103776K->1856K(274432K), 0,0005002 secs] [Times: user=0,00 sys=0,00, real=0,00 secs] 
48,290: [GC (Allocation Failure) [PSYoungGen: 98880K->96K(96768K)] 100672K->1888K(271872K), 0,0005023 secs] [Times: user=0,01 sys=0,00, real=0,00 secs] 
48,331: [GC (Allocation Failure) [PSYoungGen: 96352K->96K(116224K)] 98144K->1888K(291328K), 0,0004808 secs] [Times: user=0,00 sys=0,00, real=0,00 secs] 
48,382: [GC (Allocation Failure) [PSYoungGen: 115808K->96K(139776K)] 117600K->1888K(314880K), 0,0005765 secs] [Times: user=0,00 sys=0,00, real=0,00 secs] 
48,442: [GC (Allocation Failure) [PSYoungGen: 139360K->64K(135168K)] 141152K->1856K(310272K), 0,0004939 secs] [Times: user=0,00 sys=0,00, real=0,00 secs] 
48,500: [GC (Allocation Failure) [PSYoungGen: 134720K->96K(131072K)] 136512K->1888K(306176K), 0,0005154 secs] [Times: user=0,00 sys=0,00, real=0,00 secs] 
48,557: [GC (Allocation Failure) [PSYoungGen: 130656K->96K(126976K)] 132448K->1888K(302080K), 0,0004839 secs] [Times: user=0,01 sys=0,00, real=0,00 secs] 
48,612: [GC (Allocation Failure) [PSYoungGen: 126560K->96K(122880K)] 128352K->1888K(297984K), 0,0005480 secs] [Times: user=0,00 sys=0,00, real=0,00 secs] 
48,665: [GC (Allocation Failure) [PSYoungGen: 122464K->96K(119296K)] 124256K->1888K(294400K), 0,0005100 secs] [Times: user=0,00 sys=0,01, real=0,00 secs] 
48,716: [GC (Allocation Failure) [PSYoungGen: 118880K->96K(115712K)] 120672K->1888K(290816K), 0,0004833 secs] [Times: user=0,01 sys=0,00, real=0,00 secs] 
48,766: [GC (Allocation Failure) [PSYoungGen: 115296K->64K(112128K)] 117088K->1856K(287232K), 0,0004807 secs] [Times: user=0,00 sys=0,00, real=0,00 secs] 
48,815: [GC (Allocation Failure) [PSYoungGen: 111680K->96K(109056K)] 113472K->1888K(284160K), 0,0004981 secs] [Times: user=0,01 sys=0,00, real=0,00 secs] 
48,861: [GC (Allocation Failure) [PSYoungGen: 108640K->96K(105984K)] 110432K->1888K(281088K), 0,0005536 secs] [Times: user=0,00 sys=0,00, real=0,00 secs] 
48,907: [GC (Allocation Failure) [PSYoungGen: 105568K->96K(102912K)] 107360K->1888K(278016K), 0,0005064 secs] [Times: user=0,00 sys=0,00, real=0,00 secs] 
48,952: [GC (Allocation Failure) [PSYoungGen: 102496K->64K(99840K)] 104288K->1856K(274944K), 0,0005546 secs] [Times: user=0,00 sys=0,00, real=0,00 secs] 
48,995: [GC (Allocation Failure) [PSYoungGen: 99392K->96K(97280K)] 101184K->1888K(272384K), 0,0004735 secs] [Times: user=0,00 sys=0,00, real=0,00 secs] 
49,037: [GC (Allocation Failure) [PSYoungGen: 96864K->64K(116736K)] 98656K->1856K(291840K), 0,0005198 secs] [Times: user=0,00 sys=0,00, real=0,00 secs] 
49,088: [GC (Allocation Failure) [PSYoungGen: 116288K->96K(113152K)] 118080K->1888K(288256K), 0,0004832 secs] [Times: user=0,00 sys=0,00, real=0,00 secs] 
49,137: [GC (Allocation Failure) [PSYoungGen: 112736K->64K(110080K)] 114528K->1856K(285184K), 0,0005447 secs] [Times: user=0,00 sys=0,00, real=0,00 secs] 
49,184: [GC (Allocation Failure) [PSYoungGen: 109632K->96K(107008K)] 111424K->1888K(282112K), 0,0005075 secs] [Times: user=0,00 sys=0,00, real=0,00 secs] 
49,231: [GC (Allocation Failure) [PSYoungGen: 106592K->64K(128512K)] 108384K->1856K(303616K), 0,0005940 secs] [Times: user=0,00 sys=0,00, real=0,00 secs] 
49,286: [GC (Allocation Failure) [PSYoungGen: 128064K->96K(124416K)] 129856K->1888K(299520K), 0,0005596 secs] [Times: user=0,00 sys=0,00, real=0,00 secs] 
49,340: [GC (Allocation Failure) [PSYoungGen: 124000K->96K(120832K)] 125792K->1888K(295936K), 0,0005047 secs] [Times: user=0,00 sys=0,00, real=0,00 secs] 
49,392: [GC (Allocation Failure) [PSYoungGen: 120416K->96K(117248K)] 122208K->1888K(292352K), 0,0005195 secs] [Times: user=0,00 sys=0,00, real=0,01 secs] 
49,443: [GC (Allocation Failure) [PSYoungGen: 116832K->96K(113664K)] 118624K->1888K(288768K), 0,0004876 secs] [Times: user=0,00 sys=0,00, real=0,01 secs] 
49,492: [GC (Allocation Failure) [PSYoungGen: 113248K->96K(110592K)] 115040K->1888K(285696K), 0,0004905 secs] [Times: user=0,00 sys=0,00, real=0,00 secs] 
49,539: [GC (Allocation Failure) [PSYoungGen: 110176K->96K(107520K)] 111968K->1888K(282624K), 0,0005038 secs] [Times: user=0,00 sys=0,00, real=0,00 secs] 
49,586: [GC (Allocation Failure) [PSYoungGen: 107104K->64K(104448K)] 108896K->1856K(279552K), 0,0005231 secs] [Times: user=0,00 sys=0,00, real=0,00 secs] 
49,631: [GC (Allocation Failure) [PSYoungGen: 104000K->96K(101376K)] 105792K->1888K(276480K), 0,0004816 secs] [Times: user=0,00 sys=0,00, real=0,00 secs] 
49,675: [GC (Allocation Failure) [PSYoungGen: 100960K->96K(98816K)] 102752K->1888K(273920K), 0,0004939 secs] [Times: user=0,00 sys=0,00, real=0,00 secs] 
49,718: [GC (Allocation Failure) [PSYoungGen: 98400K->96K(96256K)] 100192K->1888K(271360K), 0,0004774 secs] [Times: user=0,01 sys=0,00, real=0,00 secs] 
49,759: [GC (Allocation Failure) [PSYoungGen: 95840K->96K(93696K)] 97632K->1888K(268800K), 0,0004650 secs] [Times: user=0,00 sys=0,00, real=0,00 secs] 
49,800: [GC (Allocation Failure) [PSYoungGen: 93280K->64K(112640K)] 95072K->1856K(287744K), 0,0005092 secs] [Times: user=0,00 sys=0,00, real=0,00 secs] 
49,849: [GC (Allocation Failure) [PSYoungGen: 112192K->96K(135168K)] 113984K->1888K(310272K), 0,0005483 secs] [Times: user=0,00 sys=0,00, real=0,00 secs] 
49,907: [GC (Allocation Failure) [PSYoungGen: 134752K->96K(131072K)] 136544K->1888K(306176K), 0,0004983 secs] [Times: user=0,00 sys=0,00, real=0,00 secs] 
49,964: [GC (Allocation Failure) [PSYoungGen: 130656K->96K(126976K)] 132448K->1888K(302080K), 0,0005154 secs] [Times: user=0,00 sys=0,00, real=0,00 secs] 
50,019: [GC (Allocation Failure) [PSYoungGen: 126559K->96K(122880K)] 128352K->1888K(297984K), 0,0005144 secs] [Times: user=0,00 sys=0,00, real=0,00 secs] 
50,072: [GC (Allocation Failure) [PSYoungGen: 122464K->96K(119296K)] 124256K->1888K(294400K), 0,0004881 secs] [Times: user=0,00 sys=0,00, real=0,00 secs] 
50,123: [GC (Allocation Failure) [PSYoungGen: 118880K->96K(115712K)] 120672K->1888K(290816K), 0,0005236 secs] [Times: user=0,00 sys=0,00, real=0,00 secs] 
50,173: [GC (Allocation Failure) [PSYoungGen: 115296K->96K(112128K)] 117088K->1888K(287232K), 0,0005499 secs] [Times: user=0,00 sys=0,00, real=0,00 secs] 
50,222: [GC (Allocation Failure) [PSYoungGen: 111712K->64K(109056K)] 113504K->1856K(284160K), 0,0004841 secs] [Times: user=0,00 sys=0,00, real=0,00 secs] 
50,269: [GC (Allocation Failure) [PSYoungGen: 108608K->96K(105984K)] 110400K->1888K(281088K), 0,0005281 secs] [Times: user=0,00 sys=0,00, real=0,00 secs] 
50,315: [GC (Allocation Failure) [PSYoungGen: 105568K->96K(102912K)] 107360K->1912K(278016K), 0,0005031 secs] [Times: user=0,00 sys=0,00, real=0,00 secs] 
50,360: [GC (Allocation Failure) [PSYoungGen: 102496K->96K(99840K)] 104312K->1912K(274944K), 0,0005068 secs] [Times: user=0,00 sys=0,00, real=0,00 secs] 
50,403: [GC (Allocation Failure) [PSYoungGen: 99424K->96K(119808K)] 101240K->1912K(294912K), 0,0005484 secs] [Times: user=0,00 sys=0,00, real=0,01 secs] 
50,454: [GC (Allocation Failure) [PSYoungGen: 119392K->96K(116224K)] 121208K->1912K(291328K), 0,0004892 secs] [Times: user=0,00 sys=0,00, real=0,00 secs] 
50,504: [GC (Allocation Failure) [PSYoungGen: 115808K->96K(112640K)] 117624K->1912K(287744K), 0,0004843 secs] [Times: user=0,00 sys=0,00, real=0,00 secs] 
50,553: [GC (Allocation Failure) [PSYoungGen: 112224K->96K(109568K)] 114040K->1912K(284672K), 0,0004987 secs] [Times: user=0,00 sys=0,00, real=0,00 secs] 
50,600: [GC (Allocation Failure) [PSYoungGen: 109152K->64K(106496K)] 110968K->1880K(281600K), 0,0005348 secs] [Times: user=0,01 sys=0,00, real=0,00 secs] 
50,646: [GC (Allocation Failure) [PSYoungGen: 106048K->96K(128000K)] 107864K->1912K(303104K), 0,0005484 secs] [Times: user=0,00 sys=0,00, real=0,00 secs] 
50,701: [GC (Allocation Failure) [PSYoungGen: 127584K->96K(123904K)] 129400K->1912K(299008K), 0,0005279 secs] [Times: user=0,00 sys=0,00, real=0,00 secs] 
50,755: [GC (Allocation Failure) [PSYoungGen: 123488K->96K(120320K)] 125304K->1912K(295424K), 0,0005117 secs] [Times: user=0,00 sys=0,00, real=0,00 secs] 
50,807: [GC (Allocation Failure) [PSYoungGen: 119904K->96K(116736K)] 121720K->1912K(291840K), 0,0004962 secs] [Times: user=0,00 sys=0,00, real=0,00 secs] 
50,857: [GC (Allocation Failure) [PSYoungGen: 116320K->64K(113152K)] 118136K->1880K(288256K), 0,0005285 secs] [Times: user=0,00 sys=0,00, real=0,00 secs] 
50,906: [GC (Allocation Failure) [PSYoungGen: 112704K->32K(110080K)] 114520K->1848K(285184K), 0,0005229 secs] [Times: user=0,00 sys=0,00, real=0,00 secs] 
50,954: [GC (Allocation Failure) [PSYoungGen: 109600K->96K(107008K)] 111416K->1912K(282112K), 0,0005125 secs] [Times: user=0,00 sys=0,00, real=0,00 secs] 
51,000: [GC (Allocation Failure) [PSYoungGen: 106591K->96K(103936K)] 108408K->1912K(279040K), 0,0005093 secs] [Times: user=0,00 sys=0,00, real=0,00 secs] 
51,045: [GC (Allocation Failure) [PSYoungGen: 103520K->32K(124928K)] 105336K->1848K(300032K), 0,0008298 secs] [Times: user=0,00 sys=0,00, real=0,00 secs] 
51,099: [GC (Allocation Failure) [PSYoungGen: 124448K->96K(150016K)] 126264K->1912K(325120K), 0,0004944 secs] [Times: user=0,00 sys=0,00, real=0,00 secs] 
51,164: [GC (Allocation Failure) [PSYoungGen: 149600K->64K(144896K)] 151416K->1880K(320000K), 0,0005052 secs] [Times: user=0,00 sys=0,01, real=0,00 secs] 
51,226: [GC (Allocation Failure) [PSYoungGen: 144448K->96K(140288K)] 146264K->1912K(315392K), 0,0004729 secs] [Times: user=0,00 sys=0,00, real=0,00 secs] 
51,287: [GC (Allocation Failure) [PSYoungGen: 139872K->96K(135680K)] 141688K->1912K(310784K), 0,0005220 secs] [Times: user=0,00 sys=0,00, real=0,00 secs] 
51,346: [GC (Allocation Failure) [PSYoungGen: 135264K->96K(131584K)] 137080K->1912K(306688K), 0,0004769 secs] [Times: user=0,00 sys=0,00, real=0,00 secs] 
51,402: [GC (Allocation Failure) [PSYoungGen: 131168K->96K(127488K)] 132984K->1912K(302592K), 0,0005212 secs] [Times: user=0,00 sys=0,00, real=0,01 secs] 
51,457: [GC (Allocation Failure) [PSYoungGen: 127072K->96K(123392K)] 128888K->1912K(298496K), 0,0005081 secs] [Times: user=0,00 sys=0,00, real=0,00 secs] 
51,511: [GC (Allocation Failure) [PSYoungGen: 122975K->96K(119808K)] 124792K->1912K(294912K), 0,0004978 secs] [Times: user=0,00 sys=0,00, real=0,00 secs] 
51,562: [GC (Allocation Failure) [PSYoungGen: 119391K->96K(116224K)] 121208K->1912K(291328K), 0,0004949 secs] [Times: user=0,00 sys=0,00, real=0,00 secs] 
51,612: [GC (Allocation Failure) [PSYoungGen: 115808K->96K(112640K)] 117624K->1912K(287744K), 0,0005108 secs] [Times: user=0,00 sys=0,00, real=0,00 secs] 
51,661: [GC (Allocation Failure) [PSYoungGen: 112224K->96K(109568K)] 114040K->1912K(284672K), 0,0005049 secs] [Times: user=0,00 sys=0,00, real=0,00 secs] 
51,708: [GC (Allocation Failure) [PSYoungGen: 109152K->96K(106496K)] 110968K->1912K(281600K), 0,0004914 secs] [Times: user=0,00 sys=0,00, real=0,00 secs] 
51,753: [GC (Allocation Failure) [PSYoungGen: 106080K->64K(103424K)] 107896K->1880K(278528K), 0,0004999 secs] [Times: user=0,00 sys=0,00, real=0,00 secs] 
51,798: [GC (Allocation Failure) [PSYoungGen: 102976K->96K(100352K)] 104792K->1912K(275456K), 0,0005276 secs] [Times: user=0,00 sys=0,00, real=0,00 secs] 
51,841: [GC (Allocation Failure) [PSYoungGen: 99936K->96K(97792K)] 101752K->1912K(272896K), 0,0004816 secs] [Times: user=0,00 sys=0,00, real=0,00 secs] 
51,883: [GC (Allocation Failure) [PSYoungGen: 97376K->64K(117248K)] 99192K->1880K(292352K), 0,0005688 secs] [Times: user=0,00 sys=0,00, real=0,00 secs] 
51,934: [GC (Allocation Failure) [PSYoungGen: 116800K->64K(113664K)] 118616K->1880K(288768K), 0,0004764 secs] [Times: user=0,00 sys=0,00, real=0,00 secs] 
51,983: [GC (Allocation Failure) [PSYoungGen: 113216K->96K(110592K)] 115032K->1912K(285696K), 0,0004943 secs] [Times: user=0,00 sys=0,00, real=0,00 secs] 
52,031: [GC (Allocation Failure) [PSYoungGen: 110175K->96K(107520K)] 111992K->1912K(282624K), 0,0004951 secs] [Times: user=0,00 sys=0,00, real=0,00 secs] 
52,077: [GC (Allocation Failure) [PSYoungGen: 107104K->64K(104448K)] 108920K->1880K(279552K), 0,0005406 secs] [Times: user=0,00 sys=0,00, real=0,00 secs] 
52,123: [GC (Allocation Failure) [PSYoungGen: 104000K->96K(101376K)] 105816K->1912K(276480K), 0,0005014 secs] [Times: user=0,00 sys=0,00, real=0,01 secs] 
52,166: [GC (Allocation Failure) [PSYoungGen: 100959K->96K(121856K)] 102776K->1912K(296960K), 0,0005109 secs] [Times: user=0,00 sys=0,00, real=0,00 secs] 
52,219: [GC (Allocation Failure) [PSYoungGen: 121440K->64K(118272K)] 123256K->1880K(293376K), 0,0005057 secs] [Times: user=0,00 sys=0,00, real=0,00 secs] 
52,270: [GC (Allocation Failure) [PSYoungGen: 117824K->64K(114688K)] 119640K->1880K(289792K), 0,0005594 secs] [Times: user=0,00 sys=0,00, real=0,00 secs] 
52,320: [GC (Allocation Failure) [PSYoungGen: 114240K->96K(111104K)] 116056K->1912K(286208K), 0,0005019 secs] [Times: user=0,00 sys=0,00, real=0,00 secs] 
52,368: [GC (Allocation Failure) [PSYoungGen: 110688K->96K(108032K)] 112504K->1912K(283136K), 0,0005522 secs] [Times: user=0,00 sys=0,00, real=0,00 secs] 
52,414: [GC (Allocation Failure) [PSYoungGen: 107616K->64K(104960K)] 109432K->1880K(280064K), 0,0004860 secs] [Times: user=0,00 sys=0,00, real=0,00 secs] 
52,459: [GC (Allocation Failure) [PSYoungGen: 104511K->96K(125952K)] 106328K->1912K(301056K), 0,0005592 secs] [Times: user=0,00 sys=0,00, real=0,00 secs] 
52,514: [GC (Allocation Failure) [PSYoungGen: 125536K->96K(121856K)] 127352K->1912K(296960K), 0,0004992 secs] [Times: user=0,00 sys=0,00, real=0,00 secs] 
52,566: [GC (Allocation Failure) [PSYoungGen: 121440K->96K(118272K)] 123256K->1912K(293376K), 0,0004871 secs] [Times: user=0,00 sys=0,00, real=0,00 secs] 
52,617: [GC (Allocation Failure) [PSYoungGen: 117856K->96K(114688K)] 119672K->1912K(289792K), 0,0004911 secs] [Times: user=0,00 sys=0,00, real=0,00 secs] 
52,667: [GC (Allocation Failure) [PSYoungGen: 114272K->96K(111104K)] 116088K->1912K(286208K), 0,0005019 secs] [Times: user=0,00 sys=0,00, real=0,00 secs] 
52,715: [GC (Allocation Failure) [PSYoungGen: 110688K->96K(108032K)] 112504K->1912K(283136K), 0,0004950 secs] [Times: user=0,00 sys=0,00, real=0,00 secs] 
52,761: [GC (Allocation Failure) [PSYoungGen: 107616K->96K(104960K)] 109432K->1912K(280064K), 0,0004795 secs] [Times: user=0,00 sys=0,00, real=0,00 secs] 
52,806: [GC (Allocation Failure) [PSYoungGen: 104544K->96K(101888K)] 106360K->1912K(276992K), 0,0004797 secs] [Times: user=0,00 sys=0,00, real=0,00 secs] 
52,850: [GC (Allocation Failure) [PSYoungGen: 101472K->64K(122368K)] 103288K->1880K(297472K), 0,0006717 secs] [Times: user=0,00 sys=0,00, real=0,00 secs] 
52,903: [GC (Allocation Failure) [PSYoungGen: 121920K->64K(146944K)] 123736K->1880K(322048K), 0,0005638 secs] [Times: user=0,00 sys=0,00, real=0,00 secs] 
52,966: [GC (Allocation Failure) [PSYoungGen: 146496K->96K(142336K)] 148312K->1912K(317440K), 0,0005221 secs] [Times: user=0,00 sys=0,00, real=0,00 secs] 
53,028: [GC (Allocation Failure) [PSYoungGen: 141920K->96K(137728K)] 143736K->1912K(312832K), 0,0005069 secs] [Times: user=0,00 sys=0,00, real=0,00 secs] 
53,087: [GC (Allocation Failure) [PSYoungGen: 137312K->96K(133120K)] 139128K->1912K(308224K), 0,0004884 secs] [Times: user=0,00 sys=0,00, real=0,00 secs] 
53,144: [GC (Allocation Failure) [PSYoungGen: 132704K->96K(129024K)] 134520K->1912K(304128K), 0,0004801 secs] [Times: user=0,00 sys=0,00, real=0,00 secs] 
53,200: [GC (Allocation Failure) [PSYoungGen: 128608K->96K(124928K)] 130424K->1912K(300032K), 0,0004912 secs] [Times: user=0,01 sys=0,00, real=0,00 secs] 
53,253: [GC (Allocation Failure) [PSYoungGen: 124512K->64K(121344K)] 126328K->1880K(296448K), 0,0005040 secs] [Times: user=0,00 sys=0,00, real=0,00 secs] 
53,306: [GC (Allocation Failure) [PSYoungGen: 120896K->32K(117760K)] 122712K->1848K(292864K), 0,0004895 secs] [Times: user=0,00 sys=0,00, real=0,00 secs] 
53,357: [GC (Allocation Failure) [PSYoungGen: 117280K->96K(114176K)] 119096K->1912K(289280K), 0,0004975 secs] [Times: user=0,00 sys=0,00, real=0,00 secs] 
53,407: [GC (Allocation Failure) [PSYoungGen: 113759K->96K(110592K)] 115576K->1912K(285696K), 0,0005160 secs] [Times: user=0,00 sys=0,00, real=0,00 secs] 
53,454: [GC (Allocation Failure) [PSYoungGen: 110176K->128K(107520K)] 111992K->1944K(282624K), 0,0005104 secs] [Times: user=0,00 sys=0,00, real=0,00 secs] 
53,501: [GC (Allocation Failure) [PSYoungGen: 107136K->96K(104448K)] 108952K->1912K(279552K), 0,0004905 secs] [Times: user=0,00 sys=0,00, real=0,00 secs] 
53,546: [GC (Allocation Failure) [PSYoungGen: 104032K->64K(101376K)] 105848K->1880K(276480K), 0,0005105 secs] [Times: user=0,00 sys=0,00, real=0,00 secs] 
53,590: [GC (Allocation Failure) [PSYoungGen: 100927K->64K(98816K)] 102744K->1880K(273920K), 0,0005157 secs] [Times: user=0,00 sys=0,00, real=0,00 secs] 
53,632: [GC (Allocation Failure) [PSYoungGen: 98368K->96K(118784K)] 100184K->1912K(293888K), 0,0005316 secs] [Times: user=0,00 sys=0,00, real=0,01 secs] 
53,684: [GC (Allocation Failure) [PSYoungGen: 118368K->96K(115200K)] 120184K->1912K(290304K), 0,0004936 secs] [Times: user=0,00 sys=0,00, real=0,00 secs] 
53,734: [GC (Allocation Failure) [PSYoungGen: 114784K->96K(111616K)] 116600K->1912K(286720K), 0,0005352 secs] [Times: user=0,00 sys=0,00, real=0,00 secs] 
53,782: [GC (Allocation Failure) [PSYoungGen: 111200K->96K(108544K)] 113016K->1912K(283648K), 0,0004769 secs] [Times: user=0,00 sys=0,00, real=0,00 secs] 
53,828: [GC (Allocation Failure) [PSYoungGen: 108128K->96K(130560K)] 109944K->1912K(305664K), 0,0005579 secs] [Times: user=0,00 sys=0,00, real=0,00 secs] 
53,885: [GC (Allocation Failure) [PSYoungGen: 130144K->96K(126464K)] 131960K->1912K(301568K), 0,0005204 secs] [Times: user=0,00 sys=0,00, real=0,00 secs] 
53,939: [GC (Allocation Failure) [PSYoungGen: 126048K->96K(122368K)] 127864K->1912K(297472K), 0,0004868 secs] [Times: user=0,00 sys=0,00, real=0,00 secs] 
53,992: [GC (Allocation Failure) [PSYoungGen: 121952K->96K(118784K)] 123768K->1912K(293888K), 0,0004944 secs] [Times: user=0,00 sys=0,00, real=0,01 secs] 
54,043: [GC (Allocation Failure) [PSYoungGen: 118368K->64K(115200K)] 120184K->1880K(290304K), 0,0004676 secs] [Times: user=0,00 sys=0,00, real=0,00 secs] 
54,093: [GC (Allocation Failure) [PSYoungGen: 114752K->96K(111616K)] 116568K->1912K(286720K), 0,0004807 secs] [Times: user=0,00 sys=0,00, real=0,00 secs] 
54,141: [GC (Allocation Failure) [PSYoungGen: 111200K->32K(108544K)] 113016K->1848K(283648K), 0,0005238 secs] [Times: user=0,00 sys=0,00, real=0,00 secs] 
54,188: [GC (Allocation Failure) [PSYoungGen: 108064K->64K(130560K)] 109880K->1880K(305664K), 0,0006642 secs] [Times: user=0,00 sys=0,00, real=0,00 secs] 
54,244: [GC (Allocation Failure) [PSYoungGen: 130112K->96K(126464K)] 131928K->1912K(301568K), 0,0005018 secs] [Times: user=0,00 sys=0,00, real=0,00 secs] 
54,299: [GC (Allocation Failure) [PSYoungGen: 126048K->64K(122368K)] 127864K->1880K(297472K), 0,0004846 secs] [Times: user=0,00 sys=0,00, real=0,00 secs] 
54,351: [GC (Allocation Failure) [PSYoungGen: 121920K->32K(118784K)] 123736K->1848K(293888K), 0,0005525 secs] [Times: user=0,00 sys=0,00, real=0,00 secs] 
54,403: [GC (Allocation Failure) [PSYoungGen: 118304K->96K(115200K)] 120120K->1912K(290304K), 0,0005507 secs] [Times: user=0,00 sys=0,00, real=0,00 secs] 
54,453: [GC (Allocation Failure) [PSYoungGen: 114784K->64K(111616K)] 116600K->1880K(286720K), 0,0005179 secs] [Times: user=0,00 sys=0,00, real=0,01 secs] 
54,501: [GC (Allocation Failure) [PSYoungGen: 111168K->96K(108544K)] 112984K->1912K(283648K), 0,0004921 secs] [Times: user=0,00 sys=0,00, real=0,00 secs] 
54,548: [GC (Allocation Failure) [PSYoungGen: 108128K->96K(105472K)] 109944K->1912K(280576K), 0,0004826 secs] [Times: user=0,00 sys=0,00, real=0,00 secs] 
54,593: [GC (Allocation Failure) [PSYoungGen: 105056K->96K(102400K)] 106872K->1912K(277504K), 0,0005058 secs] [Times: user=0,00 sys=0,00, real=0,00 secs] 
54,638: [GC (Allocation Failure) [PSYoungGen: 101984K->96K(99328K)] 103800K->1912K(274432K), 0,0005013 secs] [Times: user=0,01 sys=0,00, real=0,00 secs] 
54,680: [GC (Allocation Failure) [PSYoungGen: 98912K->64K(119296K)] 100728K->1880K(294400K), 0,0005025 secs] [Times: user=0,00 sys=0,00, real=0,00 secs] 
54,732: [GC (Allocation Failure) [PSYoungGen: 118848K->96K(143360K)] 120664K->1912K(318464K), 0,0005969 secs] [Times: user=0,00 sys=0,00, real=0,00 secs] 
54,794: [GC (Allocation Failure) [PSYoungGen: 142944K->96K(138752K)] 144760K->1912K(313856K), 0,0005092 secs] [Times: user=0,00 sys=0,00, real=0,00 secs] 
54,854: [GC (Allocation Failure) [PSYoungGen: 138336K->96K(134144K)] 140152K->1912K(309248K), 0,0004915 secs] [Times: user=0,00 sys=0,00, real=0,00 secs] 
54,912: [GC (Allocation Failure) [PSYoungGen: 133728K->96K(130048K)] 135544K->1912K(305152K), 0,0005127 secs] [Times: user=0,00 sys=0,00, real=0,00 secs] 
54,968: [GC (Allocation Failure) [PSYoungGen: 129632K->96K(125952K)] 131448K->1912K(301056K), 0,0005150 secs] [Times: user=0,00 sys=0,00, real=0,00 secs] 
55,022: [GC (Allocation Failure) [PSYoungGen: 125536K->64K(121856K)] 127352K->1880K(296960K), 0,0004800 secs] [Times: user=0,00 sys=0,00, real=0,01 secs] 
55,075: [GC (Allocation Failure) [PSYoungGen: 121408K->96K(118272K)] 123224K->1912K(293376K), 0,0004979 secs] [Times: user=0,01 sys=0,00, real=0,00 secs] 
55,126: [GC (Allocation Failure) [PSYoungGen: 117856K->96K(114688K)] 119672K->1912K(289792K), 0,0005115 secs] [Times: user=0,00 sys=0,00, real=0,00 secs] 
55,175: [GC (Allocation Failure) [PSYoungGen: 114272K->96K(111104K)] 116088K->1912K(286208K), 0,0005005 secs] [Times: user=0,00 sys=0,00, real=0,00 secs] 
55,223: [GC (Allocation Failure) [PSYoungGen: 110688K->96K(108032K)] 112504K->1912K(283136K), 0,0005064 secs] [Times: user=0,01 sys=0,00, real=0,00 secs] 
55,270: [GC (Allocation Failure) [PSYoungGen: 107616K->64K(129536K)] 109432K->1880K(304640K), 0,0007766 secs] [Times: user=0,00 sys=0,00, real=0,00 secs] 
55,326: [GC (Allocation Failure) [PSYoungGen: 129088K->96K(155648K)] 130904K->1912K(330752K), 0,0004960 secs] [Times: user=0,00 sys=0,00, real=0,00 secs] 
55,393: [GC (Allocation Failure) [PSYoungGen: 155232K->96K(150528K)] 157048K->1912K(325632K), 0,0005171 secs] [Times: user=0,00 sys=0,00, real=0,00 secs] 
55,458: [GC (Allocation Failure) [PSYoungGen: 150112K->64K(145408K)] 151928K->1880K(320512K), 0,0004684 secs] [Times: user=0,00 sys=0,00, real=0,00 secs] 
55,521: [GC (Allocation Failure) [PSYoungGen: 144960K->96K(140800K)] 146776K->1912K(315904K), 0,0004906 secs] [Times: user=0,01 sys=0,00, real=0,00 secs] 
55,581: [GC (Allocation Failure) [PSYoungGen: 140384K->96K(136192K)] 142200K->1912K(311296K), 0,0004747 secs] [Times: user=0,00 sys=0,00, real=0,00 secs] 
55,640: [GC (Allocation Failure) [PSYoungGen: 135776K->64K(163328K)] 137592K->1880K(338432K), 0,0010380 secs] [Times: user=0,00 sys=0,00, real=0,00 secs] 
55,711: [GC (Allocation Failure) [PSYoungGen: 162880K->96K(157696K)] 164696K->1912K(332800K), 0,0005109 secs] [Times: user=0,00 sys=0,00, real=0,00 secs] 
55,779: [GC (Allocation Failure) [PSYoungGen: 157280K->96K(152576K)] 159096K->1912K(327680K), 0,0005137 secs] [Times: user=0,00 sys=0,00, real=0,00 secs] 
55,845: [GC (Allocation Failure) [PSYoungGen: 152159K->96K(147456K)] 153976K->1912K(322560K), 0,0004853 secs] [Times: user=0,00 sys=0,00, real=0,00 secs] 
55,909: [GC (Allocation Failure) [PSYoungGen: 147040K->96K(142848K)] 148856K->1912K(317952K), 0,0005205 secs] [Times: user=0,00 sys=0,00, real=0,00 secs] 
55,970: [GC (Allocation Failure) [PSYoungGen: 142432K->96K(138240K)] 144248K->1912K(313344K), 0,0005629 secs] [Times: user=0,00 sys=0,00, real=0,00 secs] 
56,030: [GC (Allocation Failure) [PSYoungGen: 137824K->64K(133632K)] 139640K->1880K(308736K), 0,0005449 secs] [Times: user=0,00 sys=0,00, real=0,00 secs] 
56,093: [GC (Allocation Failure) [PSYoungGen: 133184K->64K(129536K)] 135000K->1880K(304640K), 0,0005178 secs] [Times: user=0,00 sys=0,00, real=0,00 secs] 
56,150: [GC (Allocation Failure) [PSYoungGen: 129088K->96K(125440K)] 130904K->1912K(300544K), 0,0004728 secs] [Times: user=0,00 sys=0,00, real=0,00 secs] 
56,204: [GC (Allocation Failure) [PSYoungGen: 125024K->96K(121344K)] 126840K->1912K(296448K), 0,0004979 secs] [Times: user=0,00 sys=0,00, real=0,00 secs] 
56,256: [GC (Allocation Failure) [PSYoungGen: 120928K->64K(117760K)] 122744K->1880K(292864K), 0,0005163 secs] [Times: user=0,00 sys=0,00, real=0,00 secs] 
56,307: [GC (Allocation Failure) [PSYoungGen: 117312K->96K(114176K)] 119128K->1912K(289280K), 0,0005111 secs] [Times: user=0,00 sys=0,00, real=0,00 secs] 
56,356: [GC (Allocation Failure) [PSYoungGen: 113760K->96K(110592K)] 115576K->1912K(285696K), 0,0005543 secs] [Times: user=0,00 sys=0,00, real=0,00 secs] 
56,404: [GC (Allocation Failure) [PSYoungGen: 110176K->96K(107520K)] 111992K->1912K(282624K), 0,0006103 secs] [Times: user=0,01 sys=0,00, real=0,00 secs] 
56,451: [GC (Allocation Failure) [PSYoungGen: 107104K->64K(104448K)] 108920K->1880K(279552K), 0,0004938 secs] [Times: user=0,00 sys=0,00, real=0,00 secs] 
56,496: [GC (Allocation Failure) [PSYoungGen: 104000K->96K(101376K)] 105816K->1912K(276480K), 0,0005017 secs] [Times: user=0,00 sys=0,00, real=0,00 secs] 
56,540: [GC (Allocation Failure) [PSYoungGen: 100960K->96K(98816K)] 102776K->1912K(273920K), 0,0005039 secs] [Times: user=0,00 sys=0,00, real=0,00 secs] 
56,583: [GC (Allocation Failure) [PSYoungGen: 98400K->96K(96256K)] 100216K->1912K(271360K), 0,0004656 secs] [Times: user=0,01 sys=0,00, real=0,00 secs] 
56,624: [GC (Allocation Failure) [PSYoungGen: 95840K->96K(115712K)] 97656K->1912K(290816K), 0,0004691 secs] [Times: user=0,00 sys=0,00, real=0,00 secs] 
56,674: [GC (Allocation Failure) [PSYoungGen: 115296K->96K(112128K)] 117112K->1912K(287232K), 0,0004692 secs] [Times: user=0,00 sys=0,00, real=0,00 secs] 
56,723: [GC (Allocation Failure) [PSYoungGen: 111712K->96K(109056K)] 113528K->1912K(284160K), 0,0005029 secs] [Times: user=0,00 sys=0,00, real=0,00 secs] 
56,770: [GC (Allocation Failure) [PSYoungGen: 108639K->64K(105984K)] 110456K->1880K(281088K), 0,0005346 secs] [Times: user=0,00 sys=0,00, real=0,00 secs] 
56,816: [GC (Allocation Failure) [PSYoungGen: 105536K->96K(102912K)] 107352K->1912K(278016K), 0,0004743 secs] [Times: user=0,00 sys=0,00, real=0,00 secs] 
56,860: [GC (Allocation Failure) [PSYoungGen: 102496K->96K(123392K)] 104312K->1912K(298496K), 0,0005089 secs] [Times: user=0,01 sys=0,00, real=0,00 secs] 
56,914: [GC (Allocation Failure) [PSYoungGen: 122976K->96K(119808K)] 124792K->1912K(294912K), 0,0005857 secs] [Times: user=0,00 sys=0,00, real=0,00 secs] 
56,965: [GC (Allocation Failure) [PSYoungGen: 119392K->64K(116224K)] 121208K->1880K(291328K), 0,0005155 secs] [Times: user=0,00 sys=0,00, real=0,00 secs] 
57,016: [GC (Allocation Failure) [PSYoungGen: 115776K->96K(112640K)] 117592K->1912K(287744K), 0,0005467 secs] [Times: user=0,00 sys=0,00, real=0,00 secs] 
57,064: [GC (Allocation Failure) [PSYoungGen: 112224K->64K(109568K)] 114040K->1880K(284672K), 0,0004785 secs] [Times: user=0,00 sys=0,00, real=0,00 secs] 
57,111: [GC (Allocation Failure) [PSYoungGen: 109120K->96K(106496K)] 110936K->1912K(281600K), 0,0005156 secs] [Times: user=0,00 sys=0,00, real=0,00 secs] 
57,158: [GC (Allocation Failure) [PSYoungGen: 106080K->64K(103424K)] 107896K->1880K(278528K), 0,0005568 secs] [Times: user=0,01 sys=0,00, real=0,00 secs] 
57,202: [GC (Allocation Failure) [PSYoungGen: 102975K->96K(124416K)] 104792K->1912K(299520K), 0,0005031 secs] [Times: user=0,00 sys=0,00, real=0,01 secs] 
57,256: [GC (Allocation Failure) [PSYoungGen: 124000K->96K(120832K)] 125816K->1912K(295936K), 0,0004882 secs] [Times: user=0,01 sys=0,00, real=0,00 secs] 
57,309: [GC (Allocation Failure) [PSYoungGen: 120416K->64K(117248K)] 122232K->1880K(292352K), 0,0005476 secs] [Times: user=0,00 sys=0,00, real=0,00 secs] 
57,360: [GC (Allocation Failure) [PSYoungGen: 116800K->64K(113664K)] 118616K->1880K(288768K), 0,0005044 secs] [Times: user=0,00 sys=0,00, real=0,00 secs] 
57,409: [GC (Allocation Failure) [PSYoungGen: 113216K->64K(110592K)] 115032K->1880K(285696K), 0,0005238 secs] [Times: user=0,00 sys=0,00, real=0,00 secs] 
57,457: [GC (Allocation Failure) [PSYoungGen: 110143K->96K(107520K)] 111960K->1912K(282624K), 0,0005087 secs] [Times: user=0,00 sys=0,00, real=0,00 secs] 
57,503: [GC (Allocation Failure) [PSYoungGen: 107104K->96K(104448K)] 108920K->1912K(279552K), 0,0005504 secs] [Times: user=0,00 sys=0,00, real=0,00 secs] 
57,548: [GC (Allocation Failure) [PSYoungGen: 104032K->96K(101376K)] 105848K->1912K(276480K), 0,0004805 secs] [Times: user=0,00 sys=0,00, real=0,00 secs] 
57,592: [GC (Allocation Failure) [PSYoungGen: 100960K->96K(121856K)] 102776K->1912K(296960K), 0,0005085 secs] [Times: user=0,00 sys=0,00, real=0,01 secs] 
57,645: [GC (Allocation Failure) [PSYoungGen: 121440K->96K(118272K)] 123256K->1912K(293376K), 0,0005256 secs] [Times: user=0,00 sys=0,00, real=0,00 secs] 
57,696: [GC (Allocation Failure) [PSYoungGen: 117856K->96K(114688K)] 119672K->1912K(289792K), 0,0005100 secs] [Times: user=0,00 sys=0,00, real=0,00 secs] 
57,746: [GC (Allocation Failure) [PSYoungGen: 114272K->96K(137728K)] 116088K->1912K(312832K), 0,0006755 secs] [Times: user=0,00 sys=0,00, real=0,00 secs] 
57,805: [GC (Allocation Failure) [PSYoungGen: 137312K->96K(133120K)] 139128K->1912K(308224K), 0,0005012 secs] [Times: user=0,00 sys=0,00, real=0,00 secs] 
57,862: [GC (Allocation Failure) [PSYoungGen: 132704K->96K(129024K)] 134520K->1912K(304128K), 0,0005007 secs] [Times: user=0,00 sys=0,00, real=0,01 secs] 
57,918: [GC (Allocation Failure) [PSYoungGen: 128608K->96K(124928K)] 130424K->1912K(300032K), 0,0005144 secs] [Times: user=0,00 sys=0,00, real=0,00 secs] 
57,972: [GC (Allocation Failure) [PSYoungGen: 124512K->96K(121344K)] 126328K->1912K(296448K), 0,0004991 secs] [Times: user=0,00 sys=0,00, real=0,00 secs] 
58,024: [GC (Allocation Failure) [PSYoungGen: 120928K->96K(117760K)] 122744K->1912K(292864K), 0,0004961 secs] [Times: user=0,00 sys=0,00, real=0,00 secs] 
58,075: [GC (Allocation Failure) [PSYoungGen: 117344K->96K(114176K)] 119160K->1912K(289280K), 0,0005109 secs] [Times: user=0,00 sys=0,00, real=0,00 secs] 
58,124: [GC (Allocation Failure) [PSYoungGen: 113760K->96K(110592K)] 115576K->1912K(285696K), 0,0005134 secs] [Times: user=0,00 sys=0,00, real=0,00 secs] 
58,172: [GC (Allocation Failure) [PSYoungGen: 110176K->96K(107520K)] 111992K->1912K(282624K), 0,0005767 secs] [Times: user=0,00 sys=0,00, real=0,01 secs] 
58,218: [GC (Allocation Failure) [PSYoungGen: 107104K->96K(104448K)] 108920K->1912K(279552K), 0,0005070 secs] [Times: user=0,01 sys=0,00, real=0,00 secs] 
58,264: [GC (Allocation Failure) [PSYoungGen: 104032K->96K(101376K)] 105848K->1912K(276480K), 0,0005095 secs] [Times: user=0,00 sys=0,00, real=0,00 secs] 
58,307: [GC (Allocation Failure) [PSYoungGen: 100960K->96K(121856K)] 102776K->1912K(296960K), 0,0005253 secs] [Times: user=0,01 sys=0,00, real=0,00 secs] 
58,360: [GC (Allocation Failure) [PSYoungGen: 121440K->96K(118272K)] 123256K->1912K(293376K), 0,0004998 secs] [Times: user=0,00 sys=0,00, real=0,00 secs] 
58,411: [GC (Allocation Failure) [PSYoungGen: 117855K->96K(114688K)] 119672K->1912K(289792K), 0,0005465 secs] [Times: user=0,00 sys=0,00, real=0,00 secs] 
58,460: [GC (Allocation Failure) [PSYoungGen: 114272K->96K(111104K)] 116088K->1912K(286208K), 0,0004786 secs] [Times: user=0,00 sys=0,00, real=0,00 secs] 
58,508: [GC (Allocation Failure) [PSYoungGen: 110688K->96K(108032K)] 112504K->1912K(283136K), 0,0005271 secs] [Times: user=0,00 sys=0,00, real=0,00 secs] 
58,555: [GC (Allocation Failure) [PSYoungGen: 107616K->96K(104960K)] 109432K->1912K(280064K), 0,0004859 secs] [Times: user=0,01 sys=0,00, real=0,00 secs] 
58,601: [GC (Allocation Failure) [PSYoungGen: 104544K->96K(101888K)] 106360K->1912K(276992K), 0,0004829 secs] [Times: user=0,00 sys=0,00, real=0,00 secs] 
58,645: [GC (Allocation Failure) [PSYoungGen: 101472K->96K(98816K)] 103288K->1912K(273920K), 0,0004932 secs] [Times: user=0,01 sys=0,00, real=0,00 secs] 
58,687: [GC (Allocation Failure) [PSYoungGen: 98400K->96K(96256K)] 100216K->1912K(271360K), 0,0004795 secs] [Times: user=0,00 sys=0,00, real=0,00 secs] 
58,729: [GC (Allocation Failure) [PSYoungGen: 95840K->96K(115712K)] 97656K->1912K(290816K), 0,0005257 secs] [Times: user=0,00 sys=0,00, real=0,00 secs] 
58,779: [GC (Allocation Failure) [PSYoungGen: 115296K->96K(138752K)] 117112K->1912K(313856K), 0,0005209 secs] [Times: user=0,00 sys=0,00, real=0,00 secs] 
58,839: [GC (Allocation Failure) [PSYoungGen: 138336K->96K(134144K)] 140152K->1912K(309248K), 0,0004797 secs] [Times: user=0,00 sys=0,00, real=0,00 secs] 
58,897: [GC (Allocation Failure) [PSYoungGen: 133728K->64K(130048K)] 135544K->1880K(305152K), 0,0004921 secs] [Times: user=0,00 sys=0,00, real=0,00 secs] 
58,953: [GC (Allocation Failure) [PSYoungGen: 129600K->64K(125952K)] 131416K->1880K(301056K), 0,0005021 secs] [Times: user=0,00 sys=0,00, real=0,00 secs] 
59,007: [GC (Allocation Failure) [PSYoungGen: 125504K->96K(121856K)] 127320K->1912K(296960K), 0,0004970 secs] [Times: user=0,00 sys=0,00, real=0,00 secs] 
59,060: [GC (Allocation Failure) [PSYoungGen: 121440K->96K(118272K)] 123256K->1912K(293376K), 0,0005040 secs] [Times: user=0,00 sys=0,00, real=0,00 secs] 
59,110: [GC (Allocation Failure) [PSYoungGen: 117856K->96K(114688K)] 119672K->1912K(289792K), 0,0004940 secs] [Times: user=0,00 sys=0,00, real=0,00 secs] 
59,160: [GC (Allocation Failure) [PSYoungGen: 114272K->64K(111104K)] 116088K->1880K(286208K), 0,0005009 secs] [Times: user=0,00 sys=0,00, real=0,00 secs] 
59,208: [GC (Allocation Failure) [PSYoungGen: 110656K->96K(108032K)] 112472K->1912K(283136K), 0,0004751 secs] [Times: user=0,00 sys=0,00, real=0,00 secs] 
59,255: [GC (Allocation Failure) [PSYoungGen: 107616K->96K(104960K)] 109432K->1912K(280064K), 0,0005013 secs] [Times: user=0,00 sys=0,00, real=0,00 secs] 
59,300: [GC (Allocation Failure) [PSYoungGen: 104544K->96K(101888K)] 106360K->1912K(276992K), 0,0004996 secs] [Times: user=0,00 sys=0,00, real=0,00 secs] 
59,344: [GC (Allocation Failure) [PSYoungGen: 101471K->96K(98816K)] 103288K->1912K(273920K), 0,0005067 secs] [Times: user=0,00 sys=0,00, real=0,00 secs] 
59,387: [GC (Allocation Failure) [PSYoungGen: 98400K->96K(118784K)] 100216K->1912K(293888K), 0,0005708 secs] [Times: user=0,00 sys=0,00, real=0,00 secs] 
59,439: [GC (Allocation Failure) [PSYoungGen: 118368K->96K(115200K)] 120184K->1912K(290304K), 0,0005120 secs] [Times: user=0,00 sys=0,00, real=0,00 secs] 
59,488: [GC (Allocation Failure) [PSYoungGen: 114784K->96K(111616K)] 116600K->1912K(286720K), 0,0005035 secs] [Times: user=0,00 sys=0,00, real=0,00 secs] 
59,537: [GC (Allocation Failure) [PSYoungGen: 111200K->96K(108544K)] 113016K->1912K(283648K), 0,0005244 secs] [Times: user=0,00 sys=0,01, real=0,00 secs] 
59,583: [GC (Allocation Failure) [PSYoungGen: 108128K->96K(105472K)] 109944K->1912K(280576K), 0,0004963 secs] [Times: user=0,00 sys=0,00, real=0,00 secs] 
59,629: [GC (Allocation Failure) [PSYoungGen: 105056K->96K(102400K)] 106872K->1912K(277504K), 0,0004662 secs] [Times: user=0,00 sys=0,00, real=0,00 secs] 
59,673: [GC (Allocation Failure) [PSYoungGen: 101984K->96K(99328K)] 103800K->1912K(274432K), 0,0004699 secs] [Times: user=0,00 sys=0,00, real=0,00 secs] 
59,716: [GC (Allocation Failure) [PSYoungGen: 98912K->96K(96768K)] 100728K->1912K(271872K), 0,0004969 secs] [Times: user=0,00 sys=0,00, real=0,00 secs] 
59,758: [GC (Allocation Failure) [PSYoungGen: 96352K->96K(116224K)] 98168K->1912K(291328K), 0,0004785 secs] [Times: user=0,00 sys=0,00, real=0,00 secs] 
59,808: [GC (Allocation Failure) [PSYoungGen: 115808K->96K(112640K)] 117624K->1912K(287744K), 0,0004670 secs] [Times: user=0,00 sys=0,00, real=0,00 secs] 
59,857: [GC (Allocation Failure) [PSYoungGen: 112224K->64K(109568K)] 114040K->1880K(284672K), 0,0005297 secs] [Times: user=0,00 sys=0,00, real=0,00 secs] 
59,904: [GC (Allocation Failure) [PSYoungGen: 109120K->96K(106496K)] 110936K->1912K(281600K), 0,0005443 secs] [Times: user=0,00 sys=0,00, real=0,00 secs] 
59,950: [GC (Allocation Failure) [PSYoungGen: 106080K->96K(128000K)] 107896K->1912K(303104K), 0,0005217 secs] [Times: user=0,00 sys=0,00, real=0,00 secs] 
60,005: [GC (Allocation Failure) [PSYoungGen: 127584K->96K(123904K)] 129400K->1912K(299008K), 0,0005105 secs] [Times: user=0,00 sys=0,00, real=0,00 secs] 
60,059: [GC (Allocation Failure) [PSYoungGen: 123488K->96K(120320K)] 125304K->1912K(295424K), 0,0005020 secs] [Times: user=0,00 sys=0,00, real=0,00 secs] 
60,111: [GC (Allocation Failure) [PSYoungGen: 119904K->96K(116736K)] 121720K->1912K(291840K), 0,0004914 secs] [Times: user=0,00 sys=0,00, real=0,00 secs] 
60,161: [GC (Allocation Failure) [PSYoungGen: 116320K->96K(113152K)] 118136K->1912K(288256K), 0,0004975 secs] [Times: user=0,01 sys=0,00, real=0,00 secs] 
60,210: [GC (Allocation Failure) [PSYoungGen: 112736K->64K(110080K)] 114552K->1880K(285184K), 0,0004629 secs] [Times: user=0,00 sys=0,00, real=0,00 secs] 
60,259: [GC (Allocation Failure) [PSYoungGen: 109632K->160K(107008K)] 111448K->1976K(282112K), 0,0004911 secs] [Times: user=0,01 sys=0,00, real=0,00 secs] 
60,305: [GC (Allocation Failure) [PSYoungGen: 106656K->64K(128512K)] 108472K->1904K(303616K), 0,0007234 secs] [Times: user=0,00 sys=0,00, real=0,00 secs] 
60,361: [GC (Allocation Failure) [PSYoungGen: 128064K->96K(124416K)] 129904K->1936K(299520K), 0,0004943 secs] [Times: user=0,00 sys=0,00, real=0,00 secs] 
60,415: [GC (Allocation Failure) [PSYoungGen: 124000K->96K(120832K)] 125840K->1936K(295936K), 0,0005377 secs] [Times: user=0,00 sys=0,00, real=0,00 secs] 
60,467: [GC (Allocation Failure) [PSYoungGen: 120416K->96K(117248K)] 122256K->1936K(292352K), 0,0004986 secs] [Times: user=0,01 sys=0,00, real=0,00 secs] 
60,517: [GC (Allocation Failure) [PSYoungGen: 116832K->96K(113664K)] 118672K->1936K(288768K), 0,0004914 secs] [Times: user=0,00 sys=0,00, real=0,00 secs] 
60,567: [GC (Allocation Failure) [PSYoungGen: 113248K->96K(110592K)] 115088K->1936K(285696K), 0,0005223 secs] [Times: user=0,01 sys=0,00, real=0,00 secs] 
60,614: [GC (Allocation Failure) [PSYoungGen: 110176K->96K(107520K)] 112016K->1936K(282624K), 0,0004896 secs] [Times: user=0,00 sys=0,00, real=0,00 secs] 
60,661: [GC (Allocation Failure) [PSYoungGen: 107104K->96K(104448K)] 108944K->1936K(279552K), 0,0004940 secs] [Times: user=0,00 sys=0,00, real=0,00 secs] 
60,706: [GC (Allocation Failure) [PSYoungGen: 104032K->96K(101376K)] 105872K->1936K(276480K), 0,0004820 secs] [Times: user=0,00 sys=0,00, real=0,00 secs] 
60,750: [GC (Allocation Failure) [PSYoungGen: 100960K->96K(98816K)] 102800K->1936K(273920K), 0,0004985 secs] [Times: user=0,00 sys=0,00, real=0,00 secs] 
60,792: [GC (Allocation Failure) [PSYoungGen: 98400K->96K(118784K)] 100240K->1936K(293888K), 0,0005019 secs] [Times: user=0,00 sys=0,00, real=0,01 secs] 
60,844: [GC (Allocation Failure) [PSYoungGen: 118368K->128K(115200K)] 120208K->1968K(290304K), 0,0004943 secs] [Times: user=0,01 sys=0,00, real=0,00 secs] 
60,894: [GC (Allocation Failure) [PSYoungGen: 114816K->64K(111616K)] 116656K->1904K(286720K), 0,0005056 secs] [Times: user=0,01 sys=0,00, real=0,00 secs] 
60,942: [GC (Allocation Failure) [PSYoungGen: 111168K->96K(108544K)] 113008K->1936K(283648K), 0,0004862 secs] [Times: user=0,00 sys=0,00, real=0,00 secs] 
60,989: [GC (Allocation Failure) [PSYoungGen: 108128K->96K(105472K)] 109968K->1936K(280576K), 0,0004899 secs] [Times: user=0,00 sys=0,00, real=0,00 secs] 
61,034: [GC (Allocation Failure) [PSYoungGen: 105056K->64K(102400K)] 106896K->1904K(277504K), 0,0005394 secs] [Times: user=0,00 sys=0,00, real=0,00 secs] 
61,078: [GC (Allocation Failure) [PSYoungGen: 101952K->64K(122880K)] 103792K->1904K(297984K), 0,0005923 secs] [Times: user=0,00 sys=0,00, real=0,00 secs] 
61,131: [GC (Allocation Failure) [PSYoungGen: 122432K->96K(147456K)] 124272K->1936K(322560K), 0,0005719 secs] [Times: user=0,01 sys=0,00, real=0,00 secs] 
61,195: [GC (Allocation Failure) [PSYoungGen: 147040K->64K(142848K)] 148880K->1904K(317952K), 0,0005446 secs] [Times: user=0,00 sys=0,00, real=0,00 secs] 
61,256: [GC (Allocation Failure) [PSYoungGen: 142400K->96K(138240K)] 144240K->1936K(313344K), 0,0004941 secs] [Times: user=0,00 sys=0,00, real=0,00 secs] 
61,316: [GC (Allocation Failure) [PSYoungGen: 137824K->64K(133632K)] 139664K->1904K(308736K), 0,0005018 secs] [Times: user=0,00 sys=0,00, real=0,00 secs] 
61,373: [GC (Allocation Failure) [PSYoungGen: 133184K->64K(129536K)] 135024K->1904K(304640K), 0,0005343 secs] [Times: user=0,00 sys=0,00, real=0,00 secs] 
61,429: [GC (Allocation Failure) [PSYoungGen: 129088K->64K(125440K)] 130928K->1904K(300544K), 0,0005400 secs] [Times: user=0,01 sys=0,00, real=0,00 secs] 
61,483: [GC (Allocation Failure) [PSYoungGen: 124992K->64K(121344K)] 126832K->1904K(296448K), 0,0004774 secs] [Times: user=0,00 sys=0,00, real=0,00 secs] 
61,535: [GC (Allocation Failure) [PSYoungGen: 120896K->96K(117760K)] 122736K->1936K(292864K), 0,0004976 secs] [Times: user=0,00 sys=0,00, real=0,00 secs] 
61,586: [GC (Allocation Failure) [PSYoungGen: 117344K->96K(114176K)] 119184K->1936K(289280K), 0,0004875 secs] [Times: user=0,00 sys=0,00, real=0,00 secs] 
61,636: [GC (Allocation Failure) [PSYoungGen: 113760K->96K(110592K)] 115600K->1936K(285696K), 0,0004984 secs] [Times: user=0,00 sys=0,00, real=0,00 secs] 
61,683: [GC (Allocation Failure) [PSYoungGen: 110176K->96K(107520K)] 112016K->1936K(282624K), 0,0005088 secs] [Times: user=0,00 sys=0,00, real=0,00 secs] 
61,729: [GC (Allocation Failure) [PSYoungGen: 107104K->96K(104448K)] 108944K->1936K(279552K), 0,0004798 secs] [Times: user=0,00 sys=0,00, real=0,00 secs] 
61,774: [GC (Allocation Failure) [PSYoungGen: 104032K->96K(101376K)] 105872K->1936K(276480K), 0,0004751 secs] [Times: user=0,00 sys=0,00, real=0,00 secs] 
61,818: [GC (Allocation Failure) [PSYoungGen: 100960K->96K(98816K)] 102800K->1936K(273920K), 0,0004987 secs] [Times: user=0,00 sys=0,00, real=0,00 secs] 
61,861: [GC (Allocation Failure) [PSYoungGen: 98400K->96K(96256K)] 100240K->1936K(271360K), 0,0004756 secs] [Times: user=0,00 sys=0,00, real=0,00 secs] 
61,903: [GC (Allocation Failure) [PSYoungGen: 95840K->64K(93696K)] 97680K->1904K(268800K), 0,0004817 secs] [Times: user=0,00 sys=0,00, real=0,00 secs] 
61,943: [GC (Allocation Failure) [PSYoungGen: 93248K->96K(112640K)] 95088K->1936K(287744K), 0,0005469 secs] [Times: user=0,00 sys=0,00, real=0,00 secs] 
61,992: [GC (Allocation Failure) [PSYoungGen: 112224K->96K(135168K)] 114064K->1936K(310272K), 0,0005047 secs] [Times: user=0,00 sys=0,00, real=0,01 secs] 
62,050: [GC (Allocation Failure) [PSYoungGen: 134752K->96K(131072K)] 136592K->1936K(306176K), 0,0005111 secs] [Times: user=0,00 sys=0,00, real=0,00 secs] 
62,107: [GC (Allocation Failure) [PSYoungGen: 130656K->96K(126976K)] 132496K->1936K(302080K), 0,0005368 secs] [Times: user=0,00 sys=0,00, real=0,00 secs] 
62,162: [GC (Allocation Failure) [PSYoungGen: 126560K->96K(122880K)] 128400K->1936K(297984K), 0,0004992 secs] [Times: user=0,00 sys=0,00, real=0,00 secs] 
62,214: [GC (Allocation Failure) [PSYoungGen: 122464K->32K(119296K)] 124304K->1872K(294400K), 0,0006932 secs] [Times: user=0,00 sys=0,00, real=0,00 secs] 
62,266: [GC (Allocation Failure) [PSYoungGen: 118816K->96K(115712K)] 120656K->1936K(290816K), 0,0005663 secs] [Times: user=0,00 sys=0,00, real=0,00 secs] 
62,316: [GC (Allocation Failure) [PSYoungGen: 115296K->32K(112128K)] 117136K->1872K(287232K), 0,0005422 secs] [Times: user=0,00 sys=0,00, real=0,00 secs] 
62,366: [GC (Allocation Failure) [PSYoungGen: 111648K->96K(109056K)] 113488K->1936K(284160K), 0,0005195 secs] [Times: user=0,00 sys=0,00, real=0,00 secs] 
62,413: [GC (Allocation Failure) [PSYoungGen: 108639K->96K(131072K)] 110480K->1936K(306176K), 0,0005639 secs] [Times: user=0,00 sys=0,00, real=0,00 secs] 
62,469: [GC (Allocation Failure) [PSYoungGen: 130656K->96K(126976K)] 132496K->1936K(302080K), 0,0004985 secs] [Times: user=0,00 sys=0,00, real=0,00 secs] 
62,525: [GC (Allocation Failure) [PSYoungGen: 126560K->96K(122880K)] 128400K->1936K(297984K), 0,0005301 secs] [Times: user=0,00 sys=0,00, real=0,00 secs] 
62,580: [GC (Allocation Failure) [PSYoungGen: 122464K->96K(119296K)] 124304K->1936K(294400K), 0,0005235 secs] [Times: user=0,00 sys=0,00, real=0,00 secs] 
62,632: [GC (Allocation Failure) [PSYoungGen: 118880K->96K(115712K)] 120720K->1936K(290816K), 0,0005256 secs] [Times: user=0,00 sys=0,00, real=0,00 secs] 
62,682: [GC (Allocation Failure) [PSYoungGen: 115296K->64K(112128K)] 117136K->1904K(287232K), 0,0004834 secs] [Times: user=0,00 sys=0,00, real=0,01 secs] 
62,730: [GC (Allocation Failure) [PSYoungGen: 111680K->96K(109056K)] 113520K->1936K(284160K), 0,0004946 secs] [Times: user=0,01 sys=0,00, real=0,00 secs] 
62,777: [GC (Allocation Failure) [PSYoungGen: 108640K->64K(105984K)] 110480K->1904K(281088K), 0,0005210 secs] [Times: user=0,00 sys=0,00, real=0,00 secs] 
62,823: [GC (Allocation Failure) [PSYoungGen: 105536K->96K(102912K)] 107376K->1936K(278016K), 0,0004750 secs] [Times: user=0,00 sys=0,00, real=0,00 secs] 
62,868: [GC (Allocation Failure) [PSYoungGen: 102496K->64K(99840K)] 104336K->1904K(274944K), 0,0004982 secs] [Times: user=0,00 sys=0,00, real=0,00 secs] 
62,911: [GC (Allocation Failure) [PSYoungGen: 99392K->96K(97280K)] 101232K->1936K(272384K), 0,0005065 secs] [Times: user=0,00 sys=0,00, real=0,00 secs] 
62,953: [GC (Allocation Failure) [PSYoungGen: 96864K->64K(116736K)] 98704K->1904K(291840K), 0,0004906 secs] [Times: user=0,00 sys=0,00, real=0,00 secs] 
63,003: [GC (Allocation Failure) [PSYoungGen: 116288K->64K(113152K)] 118128K->1904K(288256K), 0,0004996 secs] [Times: user=0,00 sys=0,00, real=0,00 secs] 
63,052: [GC (Allocation Failure) [PSYoungGen: 112704K->96K(110080K)] 114544K->1936K(285184K), 0,0005175 secs] [Times: user=0,00 sys=0,00, real=0,00 secs] 
63,099: [GC (Allocation Failure) [PSYoungGen: 109664K->96K(107008K)] 111504K->1936K(282112K), 0,0004879 secs] [Times: user=0,00 sys=0,00, real=0,00 secs] 
63,146: [GC (Allocation Failure) [PSYoungGen: 106592K->96K(103936K)] 108432K->1936K(279040K), 0,0005152 secs] [Times: user=0,01 sys=0,00, real=0,00 secs] 
63,190: [GC (Allocation Failure) [PSYoungGen: 103520K->64K(100864K)] 105360K->1904K(275968K), 0,0004816 secs] [Times: user=0,00 sys=0,00, real=0,00 secs] 
63,234: [GC (Allocation Failure) [PSYoungGen: 100416K->96K(98304K)] 102256K->1936K(273408K), 0,0004750 secs] [Times: user=0,00 sys=0,00, real=0,00 secs] 
63,276: [GC (Allocation Failure) [PSYoungGen: 97888K->64K(118272K)] 99728K->1904K(293376K), 0,0005473 secs] [Times: user=0,00 sys=0,00, real=0,00 secs] 
63,328: [GC (Allocation Failure) [PSYoungGen: 117824K->96K(114688K)] 119664K->1936K(289792K), 0,0005026 secs] [Times: user=0,00 sys=0,00, real=0,00 secs] 
63,377: [GC (Allocation Failure) [PSYoungGen: 114272K->96K(111104K)] 116112K->1936K(286208K), 0,0005187 secs] [Times: user=0,00 sys=0,00, real=0,00 secs] 
63,426: [GC (Allocation Failure) [PSYoungGen: 110688K->96K(108032K)] 112528K->1936K(283136K), 0,0005233 secs] [Times: user=0,00 sys=0,00, real=0,00 secs] 
63,472: [GC (Allocation Failure) [PSYoungGen: 107616K->64K(129536K)] 109456K->1904K(304640K), 0,0005829 secs] [Times: user=0,00 sys=0,00, real=0,01 secs] 
63,528: [GC (Allocation Failure) [PSYoungGen: 129088K->96K(125440K)] 130928K->1936K(300544K), 0,0004994 secs] [Times: user=0,00 sys=0,00, real=0,00 secs] 
63,582: [GC (Allocation Failure) [PSYoungGen: 125024K->96K(121344K)] 126864K->1936K(296448K), 0,0005765 secs] [Times: user=0,01 sys=0,00, real=0,00 secs] 
63,634: [GC (Allocation Failure) [PSYoungGen: 120928K->96K(117760K)] 122768K->1936K(292864K), 0,0005142 secs] [Times: user=0,00 sys=0,00, real=0,00 secs] 
63,685: [GC (Allocation Failure) [PSYoungGen: 117344K->64K(114176K)] 119184K->1904K(289280K), 0,0004808 secs] [Times: user=0,00 sys=0,00, real=0,00 secs] 
63,736: [GC (Allocation Failure) [PSYoungGen: 113728K->96K(110592K)] 115568K->1936K(285696K), 0,0005286 secs] [Times: user=0,00 sys=0,00, real=0,00 secs] 
63,784: [GC (Allocation Failure) [PSYoungGen: 110176K->64K(132608K)] 112016K->1904K(307712K), 0,0009716 secs] [Times: user=0,00 sys=0,00, real=0,00 secs] 
63,842: [GC (Allocation Failure) [PSYoungGen: 132160K->64K(159232K)] 134000K->1904K(334336K), 0,0012567 secs] [Times: user=0,00 sys=0,00, real=0,01 secs] 
63,911: [GC (Allocation Failure) [PSYoungGen: 158784K->96K(154112K)] 160624K->1936K(329216K), 0,0005277 secs] [Times: user=0,00 sys=0,00, real=0,00 secs] 
63,978: [GC (Allocation Failure) [PSYoungGen: 153696K->96K(148992K)] 155536K->1936K(324096K), 0,0005617 secs] [Times: user=0,00 sys=0,00, real=0,00 secs] 
64,042: [GC (Allocation Failure) [PSYoungGen: 148576K->32K(143872K)] 150416K->1872K(318976K), 0,0004755 secs] [Times: user=0,00 sys=0,00, real=0,01 secs] 
64,105: [GC (Allocation Failure) [PSYoungGen: 143392K->96K(139264K)] 145232K->1936K(314368K), 0,0005305 secs] [Times: user=0,00 sys=0,00, real=0,00 secs] 
64,165: [GC (Allocation Failure) [PSYoungGen: 138848K->96K(134656K)] 140688K->1936K(309760K), 0,0005829 secs] [Times: user=0,00 sys=0,00, real=0,00 secs] 
64,223: [GC (Allocation Failure) [PSYoungGen: 134240K->96K(130560K)] 136080K->1936K(305664K), 0,0004956 secs] [Times: user=0,00 sys=0,00, real=0,00 secs] 
64,279: [GC (Allocation Failure) [PSYoungGen: 130144K->96K(126464K)] 131984K->1936K(301568K), 0,0005085 secs] [Times: user=0,00 sys=0,00, real=0,00 secs] 
64,334: [GC (Allocation Failure) [PSYoungGen: 126048K->96K(122368K)] 127888K->1936K(297472K), 0,0005158 secs] [Times: user=0,00 sys=0,00, real=0,00 secs] 
64,387: [GC (Allocation Failure) [PSYoungGen: 121952K->64K(146944K)] 123792K->1904K(322048K), 0,0010391 secs] [Times: user=0,01 sys=0,00, real=0,00 secs] 
64,450: [GC (Allocation Failure) [PSYoungGen: 146496K->96K(142336K)] 148336K->1936K(317440K), 0,0005220 secs] [Times: user=0,00 sys=0,00, real=0,00 secs] 
64,512: [GC (Allocation Failure) [PSYoungGen: 141920K->96K(137728K)] 143760K->1936K(312832K), 0,0005533 secs] [Times: user=0,00 sys=0,00, real=0,00 secs] 
64,571: [GC (Allocation Failure) [PSYoungGen: 137312K->96K(133120K)] 139152K->1936K(308224K), 0,0005184 secs] [Times: user=0,00 sys=0,00, real=0,00 secs] 
64,629: [GC (Allocation Failure) [PSYoungGen: 132704K->96K(129024K)] 134544K->1936K(304128K), 0,0006021 secs] [Times: user=0,00 sys=0,00, real=0,00 secs] 
64,686: [GC (Allocation Failure) [PSYoungGen: 128608K->96K(124928K)] 130448K->1936K(300032K), 0,0005410 secs] [Times: user=0,00 sys=0,00, real=0,00 secs] 
64,740: [GC (Allocation Failure) [PSYoungGen: 124512K->96K(121344K)] 126352K->1936K(296448K), 0,0005260 secs] [Times: user=0,00 sys=0,01, real=0,00 secs] 
64,792: [GC (Allocation Failure) [PSYoungGen: 120928K->96K(117760K)] 122768K->1936K(292864K), 0,0005047 secs] [Times: user=0,00 sys=0,00, real=0,01 secs] 
64,843: [GC (Allocation Failure) [PSYoungGen: 117344K->96K(114176K)] 119184K->1936K(289280K), 0,0006656 secs] [Times: user=0,01 sys=0,00, real=0,00 secs] 
64,893: [GC (Allocation Failure) [PSYoungGen: 113760K->96K(110592K)] 115600K->1936K(285696K), 0,0005531 secs] [Times: user=0,01 sys=0,00, real=0,00 secs] 
64,940: [GC (Allocation Failure) [PSYoungGen: 110176K->96K(107520K)] 112016K->1936K(282624K), 0,0005451 secs] [Times: user=0,00 sys=0,00, real=0,00 secs] 
64,987: [GC (Allocation Failure) [PSYoungGen: 107104K->96K(104448K)] 108944K->1936K(279552K), 0,0004870 secs] [Times: user=0,00 sys=0,00, real=0,00 secs] 
65,032: [GC (Allocation Failure) [PSYoungGen: 104032K->96K(101376K)] 105872K->1936K(276480K), 0,0004935 secs] [Times: user=0,00 sys=0,00, real=0,00 secs] 
65,076: [GC (Allocation Failure) [PSYoungGen: 100960K->96K(121856K)] 102800K->1936K(296960K), 0,0005269 secs] [Times: user=0,00 sys=0,00, real=0,00 secs] 
65,128: [GC (Allocation Failure) [PSYoungGen: 121440K->96K(146432K)] 123280K->1936K(321536K), 0,0006467 secs] [Times: user=0,00 sys=0,00, real=0,00 secs] 
65,191: [GC (Allocation Failure) [PSYoungGen: 146016K->96K(141824K)] 147856K->1936K(316928K), 0,0005442 secs] [Times: user=0,00 sys=0,00, real=0,00 secs] 
65,252: [GC (Allocation Failure) [PSYoungGen: 141408K->96K(137216K)] 143248K->1936K(312320K), 0,0005199 secs] [Times: user=0,00 sys=0,00, real=0,01 secs] 
65,311: [GC (Allocation Failure) [PSYoungGen: 136800K->96K(132608K)] 138640K->1936K(307712K), 0,0004983 secs] [Times: user=0,00 sys=0,00, real=0,00 secs] 
65,368: [GC (Allocation Failure) [PSYoungGen: 132192K->96K(128512K)] 134032K->1936K(303616K), 0,0005076 secs] [Times: user=0,01 sys=0,00, real=0,00 secs] 
65,424: [GC (Allocation Failure) [PSYoungGen: 128096K->96K(124416K)] 129936K->1936K(299520K), 0,0005170 secs] [Times: user=0,00 sys=0,00, real=0,00 secs] 
65,478: [GC (Allocation Failure) [PSYoungGen: 124000K->32K(120832K)] 125840K->1872K(295936K), 0,0005857 secs] [Times: user=0,01 sys=0,00, real=0,00 secs] 
65,530: [GC (Allocation Failure) [PSYoungGen: 120352K->96K(117248K)] 122192K->1936K(292352K), 0,0005097 secs] [Times: user=0,00 sys=0,00, real=0,00 secs] 
65,581: [GC (Allocation Failure) [PSYoungGen: 116832K->96K(113664K)] 118672K->1936K(288768K), 0,0005130 secs] [Times: user=0,00 sys=0,00, real=0,00 secs] 
65,630: [GC (Allocation Failure) [PSYoungGen: 113248K->96K(110592K)] 115088K->1936K(285696K), 0,0005481 secs] [Times: user=0,00 sys=0,00, real=0,00 secs] 
65,677: [GC (Allocation Failure) [PSYoungGen: 110175K->96K(107520K)] 112016K->1936K(282624K), 0,0005063 secs] [Times: user=0,00 sys=0,00, real=0,00 secs] 
65,724: [GC (Allocation Failure) [PSYoungGen: 107104K->96K(104448K)] 108944K->1936K(279552K), 0,0005046 secs] [Times: user=0,00 sys=0,00, real=0,00 secs] 
65,769: [GC (Allocation Failure) [PSYoungGen: 104032K->64K(125440K)] 105872K->1904K(300544K), 0,0009201 secs] [Times: user=0,00 sys=0,00, real=0,00 secs] 
65,824: [GC (Allocation Failure) [PSYoungGen: 124992K->96K(150528K)] 126832K->1936K(325632K), 0,0005046 secs] [Times: user=0,01 sys=0,00, real=0,00 secs] 
65,888: [GC (Allocation Failure) [PSYoungGen: 150112K->96K(180736K)] 151952K->1936K(355840K), 0,0004976 secs] [Times: user=0,00 sys=0,00, real=0,00 secs] 
65,966: [GC (Allocation Failure) [PSYoungGen: 180320K->96K(174592K)] 182160K->1936K(349696K), 0,0005371 secs] [Times: user=0,00 sys=0,00, real=0,00 secs] 
66,041: [GC (Allocation Failure) [PSYoungGen: 174176K->96K(168448K)] 176016K->1936K(343552K), 0,0005301 secs] [Times: user=0,00 sys=0,00, real=0,00 secs] 
66,116: [GC (Allocation Failure) [PSYoungGen: 168032K->96K(162816K)] 169872K->1936K(337920K), 0,0005292 secs] [Times: user=0,00 sys=0,00, real=0,00 secs] 
66,186: [GC (Allocation Failure) [PSYoungGen: 162400K->96K(157184K)] 164240K->1936K(332288K), 0,0005354 secs] [Times: user=0,00 sys=0,00, real=0,00 secs] 
66,254: [GC (Allocation Failure) [PSYoungGen: 156768K->96K(152064K)] 158608K->1936K(327168K), 0,0005057 secs] [Times: user=0,00 sys=0,00, real=0,00 secs] 
66,319: [GC (Allocation Failure) [PSYoungGen: 151648K->96K(146944K)] 153488K->1936K(322048K), 0,0005857 secs] [Times: user=0,00 sys=0,00, real=0,00 secs] 
66,383: [GC (Allocation Failure) [PSYoungGen: 146528K->96K(142336K)] 148368K->1936K(317440K), 0,0005168 secs] [Times: user=0,00 sys=0,00, real=0,00 secs] 
66,445: [GC (Allocation Failure) [PSYoungGen: 141920K->96K(137728K)] 143760K->1936K(312832K), 0,0005732 secs] [Times: user=0,00 sys=0,00, real=0,00 secs] 
66,505: [GC (Allocation Failure) [PSYoungGen: 137312K->96K(133120K)] 139152K->1936K(308224K), 0,0005153 secs] [Times: user=0,00 sys=0,00, real=0,00 secs] 
66,562: [GC (Allocation Failure) [PSYoungGen: 132704K->96K(129024K)] 134544K->1936K(304128K), 0,0004897 secs] [Times: user=0,00 sys=0,00, real=0,01 secs] 
66,618: [GC (Allocation Failure) [PSYoungGen: 128608K->96K(124928K)] 130448K->1936K(300032K), 0,0005201 secs] [Times: user=0,00 sys=0,00, real=0,00 secs] 
66,672: [GC (Allocation Failure) [PSYoungGen: 124512K->96K(121344K)] 126352K->1936K(296448K), 0,0005037 secs] [Times: user=0,00 sys=0,00, real=0,00 secs] 
66,724: [GC (Allocation Failure) [PSYoungGen: 120928K->96K(117760K)] 122768K->1936K(292864K), 0,0005981 secs] [Times: user=0,00 sys=0,00, real=0,00 secs] 
66,775: [GC (Allocation Failure) [PSYoungGen: 117344K->96K(114176K)] 119184K->1936K(289280K), 0,0004931 secs] [Times: user=0,00 sys=0,00, real=0,00 secs] 
66,824: [GC (Allocation Failure) [PSYoungGen: 113760K->64K(110592K)] 115600K->1904K(285696K), 0,0005457 secs] [Times: user=0,00 sys=0,00, real=0,00 secs] 
66,872: [GC (Allocation Failure) [PSYoungGen: 110144K->96K(107520K)] 111984K->1936K(282624K), 0,0004949 secs] [Times: user=0,00 sys=0,00, real=0,00 secs] 
66,918: [GC (Allocation Failure) [PSYoungGen: 107104K->96K(104448K)] 108944K->1936K(279552K), 0,0005001 secs] [Times: user=0,00 sys=0,00, real=0,00 secs] 
66,964: [GC (Allocation Failure) [PSYoungGen: 104032K->96K(101376K)] 105872K->1936K(276480K), 0,0005041 secs] [Times: user=0,00 sys=0,00, real=0,00 secs] 
67,008: [GC (Allocation Failure) [PSYoungGen: 100960K->96K(98816K)] 102800K->1936K(273920K), 0,0004833 secs] [Times: user=0,00 sys=0,00, real=0,00 secs] 
67,050: [GC (Allocation Failure) [PSYoungGen: 98400K->96K(96256K)] 100240K->1936K(271360K), 0,0004958 secs] [Times: user=0,00 sys=0,00, real=0,00 secs] 
67,092: [GC (Allocation Failure) [PSYoungGen: 95839K->96K(115712K)] 97680K->1936K(290816K), 0,0004904 secs] [Times: user=0,00 sys=0,00, real=0,01 secs] 
67,142: [GC (Allocation Failure) [PSYoungGen: 115296K->96K(112128K)] 117136K->1936K(287232K), 0,0005047 secs] [Times: user=0,00 sys=0,00, real=0,01 secs] 
67,191: [GC (Allocation Failure) [PSYoungGen: 111712K->64K(109056K)] 113552K->1904K(284160K), 0,0005205 secs] [Times: user=0,00 sys=0,00, real=0,00 secs] 
67,238: [GC (Allocation Failure) [PSYoungGen: 108608K->64K(105984K)] 110448K->1904K(281088K), 0,0004735 secs] [Times: user=0,00 sys=0,00, real=0,00 secs] 
67,283: [GC (Allocation Failure) [PSYoungGen: 105536K->96K(102912K)] 107376K->1936K(278016K), 0,0005001 secs] [Times: user=0,01 sys=0,00, real=0,00 secs] 
67,328: [GC (Allocation Failure) [PSYoungGen: 102496K->96K(99840K)] 104336K->1936K(274944K), 0,0004905 secs] [Times: user=0,00 sys=0,00, real=0,00 secs] 
67,371: [GC (Allocation Failure) [PSYoungGen: 99424K->96K(119808K)] 101264K->1936K(294912K), 0,0005141 secs] [Times: user=0,00 sys=0,00, real=0,00 secs] 
67,423: [GC (Allocation Failure) [PSYoungGen: 119392K->96K(116224K)] 121232K->1936K(291328K), 0,0005179 secs] [Times: user=0,00 sys=0,00, real=0,00 secs] 
67,473: [GC (Allocation Failure) [PSYoungGen: 115808K->96K(112640K)] 117648K->1936K(287744K), 0,0004986 secs] [Times: user=0,00 sys=0,01, real=0,00 secs] 
67,522: [GC (Allocation Failure) [PSYoungGen: 112223K->96K(109568K)] 114064K->1936K(284672K), 0,0005159 secs] [Times: user=0,01 sys=0,00, real=0,00 secs] 
67,569: [GC (Allocation Failure) [PSYoungGen: 109152K->96K(106496K)] 110992K->1936K(281600K), 0,0005067 secs] [Times: user=0,00 sys=0,00, real=0,00 secs] 
67,615: [GC (Allocation Failure) [PSYoungGen: 106080K->64K(128000K)] 107920K->1904K(303104K), 0,0010045 secs] [Times: user=0,00 sys=0,00, real=0,00 secs] 
67,671: [GC (Allocation Failure) [PSYoungGen: 127552K->96K(153600K)] 129392K->1936K(328704K), 0,0005153 secs] [Times: user=0,00 sys=0,00, real=0,00 secs] 
67,737: [GC (Allocation Failure) [PSYoungGen: 153184K->64K(184320K)] 155024K->1904K(359424K), 0,0004951 secs] [Times: user=0,00 sys=0,00, real=0,00 secs] 
67,816: [GC (Allocation Failure) [PSYoungGen: 183872K->64K(177664K)] 185712K->1904K(352768K), 0,0004879 secs] [Times: user=0,00 sys=0,00, real=0,00 secs] 
67,893: [GC (Allocation Failure) [PSYoungGen: 177216K->96K(171520K)] 179056K->1936K(346624K), 0,0005188 secs] [Times: user=0,00 sys=0,00, real=0,00 secs] 
67,967: [GC (Allocation Failure) [PSYoungGen: 171104K->96K(165376K)] 172944K->1936K(340480K), 0,0005275 secs] [Times: user=0,01 sys=0,00, real=0,00 secs] 
68,039: [GC (Allocation Failure) [PSYoungGen: 164960K->96K(159744K)] 166800K->1944K(334848K), 0,0005464 secs] [Times: user=0,00 sys=0,00, real=0,00 secs] 
68,108: [GC (Allocation Failure) [PSYoungGen: 159328K->96K(154112K)] 161176K->1944K(329216K), 0,0005297 secs] [Times: user=0,01 sys=0,00, real=0,00 secs] 
68,174: [GC (Allocation Failure) [PSYoungGen: 153696K->96K(148992K)] 155544K->1944K(324096K), 0,0005717 secs] [Times: user=0,00 sys=0,00, real=0,00 secs] 
68,238: [GC (Allocation Failure) [PSYoungGen: 148576K->96K(143872K)] 150424K->1944K(318976K), 0,0005060 secs] [Times: user=0,00 sys=0,00, real=0,00 secs] 
68,300: [GC (Allocation Failure) [PSYoungGen: 143456K->96K(139264K)] 145304K->1944K(314368K), 0,0004986 secs] [Times: user=0,00 sys=0,00, real=0,00 secs] 
68,360: [GC (Allocation Failure) [PSYoungGen: 138848K->96K(134656K)] 140696K->1944K(309760K), 0,0004967 secs] [Times: user=0,00 sys=0,00, real=0,00 secs] 
68,421: [GC (Allocation Failure) [PSYoungGen: 134240K->96K(130560K)] 136088K->1944K(305664K), 0,0005085 secs] [Times: user=0,00 sys=0,00, real=0,00 secs] 
68,477: [GC (Allocation Failure) [PSYoungGen: 130144K->96K(126464K)] 131992K->1944K(301568K), 0,0005069 secs] [Times: user=0,00 sys=0,00, real=0,00 secs] 
68,532: [GC (Allocation Failure) [PSYoungGen: 126048K->96K(122368K)] 127896K->1944K(297472K), 0,0005083 secs] [Times: user=0,00 sys=0,00, real=0,01 secs] 
68,585: [GC (Allocation Failure) [PSYoungGen: 121952K->64K(118784K)] 123800K->1912K(293888K), 0,0004979 secs] [Times: user=0,00 sys=0,00, real=0,00 secs] 
68,636: [GC (Allocation Failure) [PSYoungGen: 118336K->96K(115200K)] 120184K->1944K(290304K), 0,0004995 secs] [Times: user=0,00 sys=0,00, real=0,00 secs] 
68,686: [GC (Allocation Failure) [PSYoungGen: 114784K->96K(111616K)] 116632K->1944K(286720K), 0,0005204 secs] [Times: user=0,00 sys=0,00, real=0,00 secs] 
68,734: [GC (Allocation Failure) [PSYoungGen: 111200K->96K(108544K)] 113048K->1944K(283648K), 0,0004979 secs] [Times: user=0,00 sys=0,00, real=0,00 secs] 
68,781: [GC (Allocation Failure) [PSYoungGen: 108128K->64K(105472K)] 109976K->1912K(280576K), 0,0004609 secs] [Times: user=0,00 sys=0,00, real=0,00 secs] 
68,826: [GC (Allocation Failure) [PSYoungGen: 105024K->64K(102400K)] 106872K->1912K(277504K), 0,0004681 secs] [Times: user=0,00 sys=0,00, real=0,00 secs] 
68,870: [GC (Allocation Failure) [PSYoungGen: 101952K->64K(99328K)] 103800K->1912K(274432K), 0,0005163 secs] [Times: user=0,00 sys=0,00, real=0,00 secs] 
68,913: [GC (Allocation Failure) [PSYoungGen: 98880K->64K(96768K)] 100728K->1912K(271872K), 0,0005395 secs] [Times: user=0,00 sys=0,00, real=0,00 secs] 
68,955: [GC (Allocation Failure) [PSYoungGen: 96320K->96K(116224K)] 98168K->1944K(291328K), 0,0005654 secs] [Times: user=0,00 sys=0,00, real=0,00 secs] 
69,005: [GC (Allocation Failure) [PSYoungGen: 115808K->96K(139776K)] 117656K->1944K(314880K), 0,0005520 secs] [Times: user=0,00 sys=0,00, real=0,00 secs] 
69,065: [GC (Allocation Failure) [PSYoungGen: 139360K->32K(135168K)] 141208K->1880K(310272K), 0,0005816 secs] [Times: user=0,00 sys=0,00, real=0,00 secs] 
69,124: [GC (Allocation Failure) [PSYoungGen: 134688K->64K(131072K)] 136536K->1912K(306176K), 0,0005128 secs] [Times: user=0,00 sys=0,00, real=0,00 secs] 
69,180: [GC (Allocation Failure) [PSYoungGen: 130624K->64K(126976K)] 132472K->1912K(302080K), 0,0005136 secs] [Times: user=0,00 sys=0,00, real=0,00 secs] 
69,235: [GC (Allocation Failure) [PSYoungGen: 126528K->96K(122880K)] 128376K->1944K(297984K), 0,0005176 secs] [Times: user=0,00 sys=0,00, real=0,00 secs] 
69,288: [GC (Allocation Failure) [PSYoungGen: 122464K->96K(119296K)] 124312K->1944K(294400K), 0,0005243 secs] [Times: user=0,01 sys=0,00, real=0,00 secs] 
69,340: [GC (Allocation Failure) [PSYoungGen: 118880K->96K(115712K)] 120728K->1944K(290816K), 0,0005050 secs] [Times: user=0,00 sys=0,00, real=0,00 secs] 
69,390: [GC (Allocation Failure) [PSYoungGen: 115296K->96K(112128K)] 117144K->1944K(287232K), 0,0005181 secs] [Times: user=0,00 sys=0,00, real=0,00 secs] 
69,439: [GC (Allocation Failure) [PSYoungGen: 111712K->96K(109056K)] 113560K->1944K(284160K), 0,0005302 secs] [Times: user=0,00 sys=0,00, real=0,00 secs] 
69,486: [GC (Allocation Failure) [PSYoungGen: 108640K->96K(105984K)] 110488K->1944K(281088K), 0,0005118 secs] [Times: user=0,00 sys=0,00, real=0,00 secs] 
69,532: [GC (Allocation Failure) [PSYoungGen: 105568K->96K(102912K)] 107416K->1944K(278016K), 0,0004784 secs] [Times: user=0,00 sys=0,00, real=0,01 secs] 
69,576: [GC (Allocation Failure) [PSYoungGen: 102496K->64K(99840K)] 104344K->1912K(274944K), 0,0005288 secs] [Times: user=0,01 sys=0,00, real=0,00 secs] 
69,619: [GC (Allocation Failure) [PSYoungGen: 99392K->96K(119808K)] 101240K->1944K(294912K), 0,0005317 secs] [Times: user=0,00 sys=0,00, real=0,00 secs] 
69,671: [GC (Allocation Failure) [PSYoungGen: 119392K->96K(116224K)] 121240K->1944K(291328K), 0,0005035 secs] [Times: user=0,00 sys=0,00, real=0,00 secs] 
69,721: [GC (Allocation Failure) [PSYoungGen: 115807K->96K(112640K)] 117656K->1944K(287744K), 0,0005061 secs] [Times: user=0,00 sys=0,00, real=0,00 secs] 
69,770: [GC (Allocation Failure) [PSYoungGen: 112224K->96K(109568K)] 114072K->1944K(284672K), 0,0005077 secs] [Times: user=0,00 sys=0,00, real=0,00 secs] 
69,817: [GC (Allocation Failure) [PSYoungGen: 109152K->96K(106496K)] 111000K->1944K(281600K), 0,0004927 secs] [Times: user=0,00 sys=0,00, real=0,00 secs] 
69,863: [GC (Allocation Failure) [PSYoungGen: 106080K->96K(103424K)] 107928K->1944K(278528K), 0,0005090 secs] [Times: user=0,01 sys=0,00, real=0,00 secs] 
69,908: [GC (Allocation Failure) [PSYoungGen: 103007K->64K(124416K)] 104856K->1912K(299520K), 0,0006979 secs] [Times: user=0,00 sys=0,00, real=0,00 secs] 
69,962: [GC (Allocation Failure) [PSYoungGen: 123968K->96K(149504K)] 125816K->1944K(324608K), 0,0005878 secs] [Times: user=0,00 sys=0,00, real=0,01 secs] 
70,027: [GC (Allocation Failure) [PSYoungGen: 149088K->96K(144384K)] 150936K->1944K(319488K), 0,0004940 secs] [Times: user=0,00 sys=0,00, real=0,00 secs] 
70,089: [GC (Allocation Failure) [PSYoungGen: 143968K->64K(139776K)] 145816K->1912K(314880K), 0,0005279 secs] [Times: user=0,00 sys=0,00, real=0,00 secs] 
70,149: [GC (Allocation Failure) [PSYoungGen: 139327K->96K(135168K)] 141176K->1944K(310272K), 0,0005088 secs] [Times: user=0,00 sys=0,00, real=0,00 secs] 
70,208: [GC (Allocation Failure) [PSYoungGen: 134752K->96K(131072K)] 136600K->1944K(306176K), 0,0005878 secs] [Times: user=0,00 sys=0,00, real=0,00 secs] 
70,264: [GC (Allocation Failure) [PSYoungGen: 130656K->96K(126976K)] 132504K->1944K(302080K), 0,0005168 secs] [Times: user=0,00 sys=0,00, real=0,00 secs] 
70,319: [GC (Allocation Failure) [PSYoungGen: 126560K->96K(122880K)] 128408K->1944K(297984K), 0,0005351 secs] [Times: user=0,00 sys=0,00, real=0,00 secs] 
70,373: [GC (Allocation Failure) [PSYoungGen: 122464K->96K(119296K)] 124312K->1968K(294400K), 0,0004939 secs] [Times: user=0,00 sys=0,00, real=0,00 secs] 
70,424: [GC (Allocation Failure) [PSYoungGen: 118880K->96K(115712K)] 120752K->1968K(290816K), 0,0005097 secs] [Times: user=0,00 sys=0,00, real=0,00 secs] 
70,474: [GC (Allocation Failure) [PSYoungGen: 115296K->96K(112128K)] 117168K->1968K(287232K), 0,0005031 secs] [Times: user=0,00 sys=0,00, real=0,00 secs] 
70,522: [GC (Allocation Failure) [PSYoungGen: 111712K->96K(109056K)] 113584K->1968K(284160K), 0,0004820 secs] [Times: user=0,00 sys=0,00, real=0,00 secs] 
70,570: [GC (Allocation Failure) [PSYoungGen: 108640K->96K(105984K)] 110512K->1968K(281088K), 0,0005101 secs] [Times: user=0,00 sys=0,00, real=0,00 secs] 
70,615: [GC (Allocation Failure) [PSYoungGen: 105568K->96K(102912K)] 107440K->1968K(278016K), 0,0004996 secs] [Times: user=0,00 sys=0,00, real=0,00 secs] 
70,660: [GC (Allocation Failure) [PSYoungGen: 102496K->96K(99840K)] 104368K->1968K(274944K), 0,0005059 secs] [Times: user=0,00 sys=0,00, real=0,00 secs] 
70,703: [GC (Allocation Failure) [PSYoungGen: 99424K->96K(97280K)] 101296K->1968K(272384K), 0,0004879 secs] [Times: user=0,00 sys=0,00, real=0,00 secs] 
70,744: [GC (Allocation Failure) [PSYoungGen: 96864K->32K(116736K)] 98736K->1904K(291840K), 0,0006209 secs] [Times: user=0,00 sys=0,00, real=0,00 secs] 
70,795: [GC (Allocation Failure) [PSYoungGen: 116256K->96K(140288K)] 118128K->1968K(315392K), 0,0004933 secs] [Times: user=0,00 sys=0,00, real=0,00 secs] 
70,855: [GC (Allocation Failure) [PSYoungGen: 139872K->64K(135680K)] 141744K->1936K(310784K), 0,0004944 secs] [Times: user=0,00 sys=0,00, real=0,00 secs] 
70,914: [GC (Allocation Failure) [PSYoungGen: 135232K->96K(131584K)] 137104K->1968K(306688K), 0,0005123 secs] [Times: user=0,00 sys=0,00, real=0,00 secs] 
70,971: [GC (Allocation Failure) [PSYoungGen: 131168K->96K(127488K)] 133040K->1968K(302592K), 0,0005073 secs] [Times: user=0,00 sys=0,00, real=0,00 secs] 
71,026: [GC (Allocation Failure) [PSYoungGen: 127072K->64K(123392K)] 128944K->1936K(298496K), 0,0005539 secs] [Times: user=0,00 sys=0,00, real=0,00 secs] 
71,080: [GC (Allocation Failure) [PSYoungGen: 122944K->64K(119808K)] 124816K->1936K(294912K), 0,0004997 secs] [Times: user=0,00 sys=0,00, real=0,00 secs] 
71,132: [GC (Allocation Failure) [PSYoungGen: 119360K->96K(116224K)] 121232K->1968K(291328K), 0,0005321 secs] [Times: user=0,00 sys=0,00, real=0,01 secs] 
71,183: [GC (Allocation Failure) [PSYoungGen: 115808K->96K(112640K)] 117680K->1968K(287744K), 0,0005398 secs] [Times: user=0,00 sys=0,00, real=0,00 secs] 
71,232: [GC (Allocation Failure) [PSYoungGen: 112224K->96K(109568K)] 114096K->1968K(284672K), 0,0004826 secs] [Times: user=0,00 sys=0,00, real=0,00 secs] 
71,279: [GC (Allocation Failure) [PSYoungGen: 109152K->64K(106496K)] 111024K->1936K(281600K), 0,0004931 secs] [Times: user=0,00 sys=0,00, real=0,00 secs] 
71,326: [GC (Allocation Failure) [PSYoungGen: 106048K->96K(103424K)] 107920K->1968K(278528K), 0,0005085 secs] [Times: user=0,00 sys=0,00, real=0,00 secs] 
71,371: [GC (Allocation Failure) [PSYoungGen: 103008K->96K(100352K)] 104880K->1968K(275456K), 0,0005526 secs] [Times: user=0,00 sys=0,00, real=0,00 secs] 
71,415: [GC (Allocation Failure) [PSYoungGen: 99936K->64K(120320K)] 101808K->1936K(295424K), 0,0006027 secs] [Times: user=0,00 sys=0,00, real=0,00 secs] 
71,467: [GC (Allocation Failure) [PSYoungGen: 119872K->96K(144384K)] 121744K->1968K(319488K), 0,0005157 secs] [Times: user=0,00 sys=0,00, real=0,00 secs] 
71,530: [GC (Allocation Failure) [PSYoungGen: 143968K->96K(139776K)] 145840K->1968K(314880K), 0,0005156 secs] [Times: user=0,00 sys=0,00, real=0,00 secs] 
71,591: [GC (Allocation Failure) [PSYoungGen: 139360K->96K(135168K)] 141232K->1968K(310272K), 0,0005041 secs] [Times: user=0,00 sys=0,00, real=0,00 secs] 
71,650: [GC (Allocation Failure) [PSYoungGen: 134752K->96K(131072K)] 136624K->1968K(306176K), 0,0005100 secs] [Times: user=0,00 sys=0,00, real=0,00 secs] 
71,707: [GC (Allocation Failure) [PSYoungGen: 130656K->64K(126976K)] 132528K->1936K(302080K), 0,0005016 secs] [Times: user=0,00 sys=0,00, real=0,00 secs] 
71,762: [GC (Allocation Failure) [PSYoungGen: 126528K->96K(122880K)] 128400K->1968K(297984K), 0,0004933 secs] [Times: user=0,00 sys=0,00, real=0,00 secs] 
71,815: [GC (Allocation Failure) [PSYoungGen: 122464K->96K(119296K)] 124336K->1968K(294400K), 0,0004863 secs] [Times: user=0,00 sys=0,00, real=0,00 secs] 
71,866: [GC (Allocation Failure) [PSYoungGen: 118880K->96K(115712K)] 120752K->1968K(290816K), 0,0005183 secs] [Times: user=0,00 sys=0,00, real=0,00 secs] 
71,916: [GC (Allocation Failure) [PSYoungGen: 115296K->64K(112128K)] 117168K->1936K(287232K), 0,0007423 secs] [Times: user=0,00 sys=0,00, real=0,00 secs] 
71,965: [GC (Allocation Failure) [PSYoungGen: 111680K->96K(109056K)] 113552K->1968K(284160K), 0,0005077 secs] [Times: user=0,00 sys=0,00, real=0,00 secs] 
72,012: [GC (Allocation Failure) [PSYoungGen: 108640K->64K(105984K)] 110512K->1936K(281088K), 0,0005008 secs] [Times: user=0,00 sys=0,00, real=0,01 secs] 
72,057: [GC (Allocation Failure) [PSYoungGen: 105536K->96K(127488K)] 107408K->1968K(302592K), 0,0005655 secs] [Times: user=0,00 sys=0,00, real=0,00 secs] 
72,112: [GC (Allocation Failure) [PSYoungGen: 127072K->96K(123392K)] 128944K->1968K(298496K), 0,0005026 secs] [Times: user=0,00 sys=0,00, real=0,01 secs] 
72,165: [GC (Allocation Failure) [PSYoungGen: 122976K->96K(119808K)] 124848K->1968K(294912K), 0,0005323 secs] [Times: user=0,00 sys=0,00, real=0,00 secs] 
72,218: [GC (Allocation Failure) [PSYoungGen: 119391K->96K(116224K)] 121264K->1968K(291328K), 0,0005626 secs] [Times: user=0,00 sys=0,00, real=0,00 secs] 
72,268: [GC (Allocation Failure) [PSYoungGen: 115808K->96K(112640K)] 117680K->1968K(287744K), 0,0005225 secs] [Times: user=0,00 sys=0,00, real=0,00 secs] 
72,316: [GC (Allocation Failure) [PSYoungGen: 112224K->96K(109568K)] 114096K->1968K(284672K), 0,0005058 secs] [Times: user=0,00 sys=0,00, real=0,00 secs] 
72,363: [GC (Allocation Failure) [PSYoungGen: 109152K->64K(106496K)] 111024K->1936K(281600K), 0,0004883 secs] [Times: user=0,00 sys=0,00, real=0,00 secs] 
72,409: [GC (Allocation Failure) [PSYoungGen: 106048K->96K(103424K)] 107920K->1968K(278528K), 0,0004983 secs] [Times: user=0,00 sys=0,01, real=0,00 secs] 
72,454: [GC (Allocation Failure) [PSYoungGen: 103008K->64K(124416K)] 104880K->1936K(299520K), 0,0005611 secs] [Times: user=0,00 sys=0,00, real=0,00 secs] 
72,508: [GC (Allocation Failure) [PSYoungGen: 123968K->96K(120832K)] 125840K->1968K(295936K), 0,0004879 secs] [Times: user=0,00 sys=0,00, real=0,00 secs] 
72,560: [GC (Allocation Failure) [PSYoungGen: 120416K->64K(117248K)] 122288K->1936K(292352K), 0,0005398 secs] [Times: user=0,00 sys=0,00, real=0,00 secs] 
72,611: [GC (Allocation Failure) [PSYoungGen: 116800K->96K(113664K)] 118672K->1968K(288768K), 0,0005714 secs] [Times: user=0,00 sys=0,00, real=0,00 secs] 
72,659: [GC (Allocation Failure) [PSYoungGen: 113248K->96K(110592K)] 115120K->1968K(285696K), 0,0005339 secs] [Times: user=0,00 sys=0,00, real=0,00 secs] 
72,707: [GC (Allocation Failure) [PSYoungGen: 110175K->96K(107520K)] 112048K->1968K(282624K), 0,0004827 secs] [Times: user=0,00 sys=0,00, real=0,00 secs] 
72,753: [GC (Allocation Failure) [PSYoungGen: 107104K->64K(104448K)] 108976K->1936K(279552K), 0,0004877 secs] [Times: user=0,00 sys=0,00, real=0,00 secs] 
72,798: [GC (Allocation Failure) [PSYoungGen: 104000K->96K(101376K)] 105872K->1968K(276480K), 0,0004825 secs] [Times: user=0,00 sys=0,00, real=0,00 secs] 
72,842: [GC (Allocation Failure) [PSYoungGen: 100960K->96K(121856K)] 102832K->1968K(296960K), 0,0005282 secs] [Times: user=0,00 sys=0,00, real=0,00 secs] 
72,894: [GC (Allocation Failure) [PSYoungGen: 121440K->96K(118272K)] 123312K->1968K(293376K), 0,0004915 secs] [Times: user=0,00 sys=0,00, real=0,00 secs] 
72,946: [GC (Allocation Failure) [PSYoungGen: 117856K->64K(114688K)] 119728K->1936K(289792K), 0,0005217 secs] [Times: user=0,00 sys=0,00, real=0,00 secs] 
72,995: [GC (Allocation Failure) [PSYoungGen: 114240K->96K(111104K)] 116112K->1968K(286208K), 0,0005040 secs] [Times: user=0,00 sys=0,00, real=0,00 secs] 
73,043: [GC (Allocation Failure) [PSYoungGen: 110688K->96K(108032K)] 112560K->1968K(283136K), 0,0004952 secs] [Times: user=0,00 sys=0,00, real=0,00 secs] 
73,089: [GC (Allocation Failure) [PSYoungGen: 107616K->96K(104960K)] 109488K->1968K(280064K), 0,0005860 secs] [Times: user=0,00 sys=0,00, real=0,00 secs] 
73,135: [GC (Allocation Failure) [PSYoungGen: 104544K->96K(125952K)] 106416K->1968K(301056K), 0,0005200 secs] [Times: user=0,00 sys=0,00, real=0,00 secs] 
73,189: [GC (Allocation Failure) [PSYoungGen: 125536K->96K(121856K)] 127408K->1968K(296960K), 0,0004956 secs] [Times: user=0,00 sys=0,00, real=0,00 secs] 
73,242: [GC (Allocation Failure) [PSYoungGen: 121439K->96K(118272K)] 123312K->1968K(293376K), 0,0004832 secs] [Times: user=0,00 sys=0,00, real=0,01 secs] 
73,293: [GC (Allocation Failure) [PSYoungGen: 117856K->96K(114688K)] 119728K->1968K(289792K), 0,0004990 secs] [Times: user=0,00 sys=0,00, real=0,00 secs] 
73,343: [GC (Allocation Failure) [PSYoungGen: 114272K->96K(111104K)] 116144K->1968K(286208K), 0,0005171 secs] [Times: user=0,00 sys=0,00, real=0,00 secs] 
73,391: [GC (Allocation Failure) [PSYoungGen: 110688K->96K(108032K)] 112560K->1968K(283136K), 0,0005110 secs] [Times: user=0,00 sys=0,00, real=0,00 secs] 
73,438: [GC (Allocation Failure) [PSYoungGen: 107616K->64K(104960K)] 109488K->1936K(280064K), 0,0004998 secs] [Times: user=0,00 sys=0,00, real=0,00 secs] 
73,483: [GC (Allocation Failure) [PSYoungGen: 104512K->96K(125952K)] 106384K->1968K(301056K), 0,0006038 secs] [Times: user=0,00 sys=0,00, real=0,00 secs] 
73,537: [GC (Allocation Failure) [PSYoungGen: 125536K->96K(121856K)] 127408K->1968K(296960K), 0,0004809 secs] [Times: user=0,00 sys=0,00, real=0,00 secs] 
73,590: [GC (Allocation Failure) [PSYoungGen: 121440K->96K(118272K)] 123312K->1968K(293376K), 0,0004861 secs] [Times: user=0,00 sys=0,00, real=0,00 secs] 
73,641: [GC (Allocation Failure) [PSYoungGen: 117856K->96K(114688K)] 119728K->1968K(289792K), 0,0005145 secs] [Times: user=0,00 sys=0,00, real=0,00 secs] 
73,690: [GC (Allocation Failure) [PSYoungGen: 114272K->64K(111104K)] 116144K->1936K(286208K), 0,0005814 secs] [Times: user=0,00 sys=0,00, real=0,00 secs] 
73,738: [GC (Allocation Failure) [PSYoungGen: 110656K->96K(108032K)] 112528K->1968K(283136K), 0,0004713 secs] [Times: user=0,00 sys=0,00, real=0,00 secs] 
73,785: [GC (Allocation Failure) [PSYoungGen: 107616K->96K(104960K)] 109488K->1968K(280064K), 0,0005418 secs] [Times: user=0,00 sys=0,00, real=0,00 secs] 
73,830: [GC (Allocation Failure) [PSYoungGen: 104544K->32K(125952K)] 106416K->1904K(301056K), 0,0006928 secs] [Times: user=0,00 sys=0,00, real=0,00 secs] 
73,885: [GC (Allocation Failure) [PSYoungGen: 125472K->96K(151040K)] 127344K->1968K(326144K), 0,0004979 secs] [Times: user=0,00 sys=0,00, real=0,00 secs] 
73,950: [GC (Allocation Failure) [PSYoungGen: 150624K->96K(145920K)] 152496K->1968K(321024K), 0,0005210 secs] [Times: user=0,00 sys=0,00, real=0,00 secs] 
74,013: [GC (Allocation Failure) [PSYoungGen: 145504K->96K(141312K)] 147376K->1968K(316416K), 0,0004977 secs] [Times: user=0,00 sys=0,00, real=0,00 secs] 
74,074: [GC (Allocation Failure) [PSYoungGen: 140896K->96K(136704K)] 142768K->1968K(311808K), 0,0004984 secs] [Times: user=0,00 sys=0,00, real=0,00 secs] 
74,133: [GC (Allocation Failure) [PSYoungGen: 136288K->96K(132608K)] 138160K->1968K(307712K), 0,0005113 secs] [Times: user=0,00 sys=0,00, real=0,00 secs] 
74,190: [GC (Allocation Failure) [PSYoungGen: 132192K->96K(128512K)] 134064K->1968K(303616K), 0,0005458 secs] [Times: user=0,00 sys=0,00, real=0,00 secs] 
74,245: [GC (Allocation Failure) [PSYoungGen: 128096K->96K(124416K)] 129968K->1968K(299520K), 0,0004836 secs] [Times: user=0,00 sys=0,00, real=0,00 secs] 
74,299: [GC (Allocation Failure) [PSYoungGen: 124000K->128K(120832K)] 125872K->2000K(295936K), 0,0008091 secs] [Times: user=0,00 sys=0,00, real=0,00 secs] 
74,352: [GC (Allocation Failure) [PSYoungGen: 120448K->96K(117248K)] 122320K->1968K(292352K), 0,0004875 secs] [Times: user=0,01 sys=0,00, real=0,01 secs] 
74,403: [GC (Allocation Failure) [PSYoungGen: 116832K->96K(113664K)] 118704K->1968K(288768K), 0,0004964 secs] [Times: user=0,00 sys=0,00, real=0,00 secs] 
74,452: [GC (Allocation Failure) [PSYoungGen: 113248K->96K(110592K)] 115120K->1968K(285696K), 0,0005146 secs] [Times: user=0,00 sys=0,00, real=0,01 secs] 
74,500: [GC (Allocation Failure) [PSYoungGen: 110175K->96K(107520K)] 112048K->1968K(282624K), 0,0004971 secs] [Times: user=0,00 sys=0,00, real=0,00 secs] 
74,546: [GC (Allocation Failure) [PSYoungGen: 107104K->96K(104448K)] 108976K->1968K(279552K), 0,0004817 secs] [Times: user=0,00 sys=0,00, real=0,00 secs] 
74,591: [GC (Allocation Failure) [PSYoungGen: 104032K->96K(101376K)] 105904K->1968K(276480K), 0,0004878 secs] [Times: user=0,00 sys=0,00, real=0,00 secs] 
74,635: [GC (Allocation Failure) [PSYoungGen: 100960K->96K(98816K)] 102832K->1968K(273920K), 0,0004842 secs] [Times: user=0,00 sys=0,00, real=0,00 secs] 
74,678: [GC (Allocation Failure) [PSYoungGen: 98400K->32K(96256K)] 100272K->1904K(271360K), 0,0005057 secs] [Times: user=0,00 sys=0,00, real=0,00 secs] 
74,720: [GC (Allocation Failure) [PSYoungGen: 95776K->96K(115712K)] 97648K->1968K(290816K), 0,0004751 secs] [Times: user=0,00 sys=0,00, real=0,00 secs] 
74,769: [GC (Allocation Failure) [PSYoungGen: 115296K->96K(112128K)] 117168K->1968K(287232K), 0,0004745 secs] [Times: user=0,00 sys=0,00, real=0,00 secs] 
74,818: [GC (Allocation Failure) [PSYoungGen: 111712K->96K(109056K)] 113584K->1968K(284160K), 0,0004794 secs] [Times: user=0,01 sys=0,00, real=0,00 secs] 
74,865: [GC (Allocation Failure) [PSYoungGen: 108640K->96K(105984K)] 110512K->1968K(281088K), 0,0004795 secs] [Times: user=0,00 sys=0,00, real=0,00 secs] 
74,911: [GC (Allocation Failure) [PSYoungGen: 105568K->96K(102912K)] 107440K->1968K(278016K), 0,0005136 secs] [Times: user=0,00 sys=0,00, real=0,00 secs] 
74,955: [GC (Allocation Failure) [PSYoungGen: 102496K->96K(123392K)] 104368K->1968K(298496K), 0,0005625 secs] [Times: user=0,00 sys=0,00, real=0,00 secs] 
75,008: [GC (Allocation Failure) [PSYoungGen: 122976K->96K(119808K)] 124848K->1968K(294912K), 0,0005209 secs] [Times: user=0,00 sys=0,00, real=0,00 secs] 
75,060: [GC (Allocation Failure) [PSYoungGen: 119392K->96K(116224K)] 121264K->1968K(291328K), 0,0004849 secs] [Times: user=0,00 sys=0,00, real=0,00 secs] 
75,110: [GC (Allocation Failure) [PSYoungGen: 115808K->96K(112640K)] 117680K->1968K(287744K), 0,0004875 secs] [Times: user=0,00 sys=0,00, real=0,00 secs] 
75,159: [GC (Allocation Failure) [PSYoungGen: 112224K->96K(109568K)] 114096K->1968K(284672K), 0,0005168 secs] [Times: user=0,00 sys=0,00, real=0,00 secs] 
75,206: [GC (Allocation Failure) [PSYoungGen: 109152K->96K(106496K)] 111024K->1968K(281600K), 0,0004909 secs] [Times: user=0,00 sys=0,00, real=0,00 secs] 
75,252: [GC (Allocation Failure) [PSYoungGen: 106080K->96K(103424K)] 107952K->1968K(278528K), 0,0004874 secs] [Times: user=0,00 sys=0,00, real=0,00 secs] 
75,297: [GC (Allocation Failure) [PSYoungGen: 103007K->96K(100352K)] 104880K->1968K(275456K), 0,0005005 secs] [Times: user=0,00 sys=0,00, real=0,00 secs] 
75,341: [GC (Allocation Failure) [PSYoungGen: 99936K->96K(120320K)] 101808K->1968K(295424K), 0,0005295 secs] [Times: user=0,00 sys=0,00, real=0,00 secs] 
75,393: [GC (Allocation Failure) [PSYoungGen: 119904K->64K(116736K)] 121776K->1936K(291840K), 0,0004934 secs] [Times: user=0,01 sys=0,00, real=0,00 secs] 
75,443: [GC (Allocation Failure) [PSYoungGen: 116288K->96K(113152K)] 118160K->1968K(288256K), 0,0004873 secs] [Times: user=0,00 sys=0,00, real=0,00 secs] 
75,492: [GC (Allocation Failure) [PSYoungGen: 112736K->96K(110080K)] 114608K->1968K(285184K), 0,0005089 secs] [Times: user=0,00 sys=0,00, real=0,00 secs] 
75,541: [GC (Allocation Failure) [PSYoungGen: 109664K->64K(107008K)] 111536K->1936K(282112K), 0,0005092 secs] [Times: user=0,00 sys=0,00, real=0,00 secs] 
75,587: [GC (Allocation Failure) [PSYoungGen: 106560K->96K(103936K)] 108432K->1968K(279040K), 0,0005501 secs] [Times: user=0,00 sys=0,00, real=0,00 secs] 
75,632: [GC (Allocation Failure) [PSYoungGen: 103520K->96K(100864K)] 105392K->1968K(275968K), 0,0005001 secs] [Times: user=0,00 sys=0,00, real=0,01 secs] 
75,676: [GC (Allocation Failure) [PSYoungGen: 100448K->64K(121344K)] 102320K->1936K(296448K), 0,0004928 secs] [Times: user=0,00 sys=0,00, real=0,00 secs] 
75,728: [GC (Allocation Failure) [PSYoungGen: 120896K->64K(117760K)] 122768K->1936K(292864K), 0,0005115 secs] [Times: user=0,00 sys=0,00, real=0,00 secs] 
75,779: [GC (Allocation Failure) [PSYoungGen: 117312K->96K(114176K)] 119184K->1968K(289280K), 0,0004878 secs] [Times: user=0,01 sys=0,00, real=0,00 secs] 
75,828: [GC (Allocation Failure) [PSYoungGen: 113760K->96K(110592K)] 115632K->1968K(285696K), 0,0005125 secs] [Times: user=0,00 sys=0,00, real=0,00 secs] 
75,876: [GC (Allocation Failure) [PSYoungGen: 110176K->96K(107520K)] 112048K->1968K(282624K), 0,0004994 secs] [Times: user=0,00 sys=0,00, real=0,00 secs] 
75,922: [GC (Allocation Failure) [PSYoungGen: 107104K->96K(104448K)] 108976K->1968K(279552K), 0,0004847 secs] [Times: user=0,00 sys=0,00, real=0,00 secs] 
75,968: [GC (Allocation Failure) [PSYoungGen: 104032K->96K(101376K)] 105904K->1968K(276480K), 0,0005426 secs] [Times: user=0,01 sys=0,00, real=0,00 secs] 
76,012: [GC (Allocation Failure) [PSYoungGen: 100960K->64K(98816K)] 102832K->1936K(273920K), 0,0004933 secs] [Times: user=0,00 sys=0,00, real=0,00 secs] 
76,055: [GC (Allocation Failure) [PSYoungGen: 98368K->96K(118784K)] 100240K->1968K(293888K), 0,0007408 secs] [Times: user=0,00 sys=0,00, real=0,00 secs] 
76,106: [GC (Allocation Failure) [PSYoungGen: 118368K->96K(142848K)] 120240K->1968K(317952K), 0,0004916 secs] [Times: user=0,01 sys=0,00, real=0,00 secs] 
76,168: [GC (Allocation Failure) [PSYoungGen: 142432K->96K(138240K)] 144304K->1968K(313344K), 0,0005190 secs] [Times: user=0,00 sys=0,00, real=0,00 secs] 
76,228: [GC (Allocation Failure) [PSYoungGen: 137824K->64K(133632K)] 139696K->1936K(308736K), 0,0005714 secs] [Times: user=0,00 sys=0,00, real=0,00 secs] 
76,285: [GC (Allocation Failure) [PSYoungGen: 133184K->96K(129536K)] 135056K->1968K(304640K), 0,0005006 secs] [Times: user=0,01 sys=0,00, real=0,00 secs] 
76,341: [GC (Allocation Failure) [PSYoungGen: 129120K->96K(125440K)] 130992K->1968K(300544K), 0,0005047 secs] [Times: user=0,00 sys=0,00, real=0,00 secs] 
76,395: [GC (Allocation Failure) [PSYoungGen: 125024K->64K(121344K)] 126896K->1936K(296448K), 0,0004804 secs] [Times: user=0,00 sys=0,00, real=0,00 secs] 
76,448: [GC (Allocation Failure) [PSYoungGen: 120896K->96K(117760K)] 122768K->1968K(292864K), 0,0005180 secs] [Times: user=0,00 sys=0,00, real=0,00 secs] 
76,499: [GC (Allocation Failure) [PSYoungGen: 117344K->96K(114176K)] 119216K->1968K(289280K), 0,0005146 secs] [Times: user=0,00 sys=0,00, real=0,00 secs] 
76,548: [GC (Allocation Failure) [PSYoungGen: 113760K->96K(110592K)] 115632K->1968K(285696K), 0,0004949 secs] [Times: user=0,00 sys=0,00, real=0,00 secs] 
76,596: [GC (Allocation Failure) [PSYoungGen: 110175K->96K(107520K)] 112048K->1968K(282624K), 0,0004814 secs] [Times: user=0,00 sys=0,00, real=0,00 secs] 
76,643: [GC (Allocation Failure) [PSYoungGen: 107104K->64K(104448K)] 108976K->1936K(279552K), 0,0005049 secs] [Times: user=0,00 sys=0,00, real=0,00 secs] 
76,688: [GC (Allocation Failure) [PSYoungGen: 104000K->64K(101376K)] 105872K->1936K(276480K), 0,0004954 secs] [Times: user=0,00 sys=0,00, real=0,00 secs] 
76,732: [GC (Allocation Failure) [PSYoungGen: 100927K->64K(98816K)] 102800K->1936K(273920K), 0,0004941 secs] [Times: user=0,00 sys=0,00, real=0,00 secs] 
76,774: [GC (Allocation Failure) [PSYoungGen: 98368K->96K(96256K)] 100240K->1968K(271360K), 0,0004719 secs] [Times: user=0,00 sys=0,00, real=0,00 secs] 
76,816: [GC (Allocation Failure) [PSYoungGen: 95840K->64K(115712K)] 97712K->1936K(290816K), 0,0004932 secs] [Times: user=0,00 sys=0,00, real=0,00 secs] 
76,866: [GC (Allocation Failure) [PSYoungGen: 115264K->96K(112128K)] 117136K->1968K(287232K), 0,0004799 secs] [Times: user=0,00 sys=0,00, real=0,00 secs] 
76,914: [GC (Allocation Failure) [PSYoungGen: 111712K->96K(109056K)] 113584K->1968K(284160K), 0,0004681 secs] [Times: user=0,00 sys=0,00, real=0,00 secs] 
76,961: [GC (Allocation Failure) [PSYoungGen: 108639K->96K(105984K)] 110512K->1968K(281088K), 0,0005554 secs] [Times: user=0,00 sys=0,00, real=0,00 secs] 
77,007: [GC (Allocation Failure) [PSYoungGen: 105568K->128K(102912K)] 107440K->2000K(278016K), 0,0004518 secs] [Times: user=0,00 sys=0,00, real=0,00 secs] 
77,051: [GC (Allocation Failure) [PSYoungGen: 102528K->96K(99840K)] 104400K->1968K(274944K), 0,0005004 secs] [Times: user=0,00 sys=0,00, real=0,00 secs] 
77,095: [GC (Allocation Failure) [PSYoungGen: 99424K->96K(119808K)] 101296K->1968K(294912K), 0,0005005 secs] [Times: user=0,00 sys=0,00, real=0,00 secs] 
77,146: [GC (Allocation Failure) [PSYoungGen: 119392K->96K(116224K)] 121264K->1968K(291328K), 0,0005282 secs] [Times: user=0,00 sys=0,00, real=0,00 secs] 
77,197: [GC (Allocation Failure) [PSYoungGen: 115808K->64K(112640K)] 117680K->1936K(287744K), 0,0004919 secs] [Times: user=0,01 sys=0,00, real=0,00 secs] 
77,245: [GC (Allocation Failure) [PSYoungGen: 112192K->96K(109568K)] 114064K->1968K(284672K), 0,0005153 secs] [Times: user=0,00 sys=0,00, real=0,00 secs] 
77,293: [GC (Allocation Failure) [PSYoungGen: 109152K->96K(106496K)] 111024K->1968K(281600K), 0,0004830 secs] [Times: user=0,00 sys=0,00, real=0,00 secs] 
77,339: [GC (Allocation Failure) [PSYoungGen: 106080K->96K(103424K)] 107952K->1968K(278528K), 0,0004934 secs] [Times: user=0,00 sys=0,00, real=0,00 secs] 
77,383: [GC (Allocation Failure) [PSYoungGen: 103008K->64K(100352K)] 104880K->1936K(275456K), 0,0005116 secs] [Times: user=0,00 sys=0,00, real=0,00 secs] 
77,427: [GC (Allocation Failure) [PSYoungGen: 99904K->96K(97792K)] 101776K->1968K(272896K), 0,0004814 secs] [Times: user=0,00 sys=0,00, real=0,00 secs] 
77,469: [GC (Allocation Failure) [PSYoungGen: 97376K->96K(117248K)] 99248K->1968K(292352K), 0,0005137 secs] [Times: user=0,00 sys=0,00, real=0,00 secs] 
77,520: [GC (Allocation Failure) [PSYoungGen: 116832K->96K(113664K)] 118704K->1968K(288768K), 0,0004765 secs] [Times: user=0,00 sys=0,00, real=0,00 secs] 
77,569: [GC (Allocation Failure) [PSYoungGen: 113248K->96K(110592K)] 115120K->1968K(285696K), 0,0005003 secs] [Times: user=0,00 sys=0,00, real=0,00 secs] 
77,616: [GC (Allocation Failure) [PSYoungGen: 110176K->96K(107520K)] 112048K->1968K(282624K), 0,0004902 secs] [Times: user=0,00 sys=0,00, real=0,00 secs] 
77,663: [GC (Allocation Failure) [PSYoungGen: 107104K->96K(104448K)] 108976K->1968K(279552K), 0,0004980 secs] [Times: user=0,01 sys=0,00, real=0,00 secs] 
77,708: [GC (Allocation Failure) [PSYoungGen: 104032K->96K(101376K)] 105904K->1968K(276480K), 0,0004864 secs] [Times: user=0,00 sys=0,00, real=0,00 secs] 
77,751: [GC (Allocation Failure) [PSYoungGen: 100960K->64K(98816K)] 102832K->1936K(273920K), 0,0004713 secs] [Times: user=0,01 sys=0,00, real=0,00 secs] 
77,794: [GC (Allocation Failure) [PSYoungGen: 98368K->96K(118784K)] 100240K->1968K(293888K), 0,0004877 secs] [Times: user=0,00 sys=0,01, real=0,00 secs] 
77,845: [GC (Allocation Failure) [PSYoungGen: 118368K->96K(115200K)] 120240K->1968K(290304K), 0,0004895 secs] [Times: user=0,00 sys=0,00, real=0,00 secs] 
77,894: [GC (Allocation Failure) [PSYoungGen: 114784K->96K(111616K)] 116656K->1968K(286720K), 0,0005032 secs] [Times: user=0,00 sys=0,00, real=0,00 secs] 
77,942: [GC (Allocation Failure) [PSYoungGen: 111200K->96K(108544K)] 113072K->1968K(283648K), 0,0005023 secs] [Times: user=0,00 sys=0,00, real=0,00 secs] 
77,989: [GC (Allocation Failure) [PSYoungGen: 108128K->64K(130560K)] 110000K->1936K(305664K), 0,0007185 secs] [Times: user=0,01 sys=0,00, real=0,00 secs] 
78,045: [GC (Allocation Failure) [PSYoungGen: 130112K->96K(156672K)] 131984K->1968K(331776K), 0,0004986 secs] [Times: user=0,00 sys=0,00, real=0,00 secs] 
78,113: [GC (Allocation Failure) [PSYoungGen: 156256K->96K(151552K)] 158128K->1968K(326656K), 0,0005015 secs] [Times: user=0,00 sys=0,00, real=0,00 secs] 
78,178: [GC (Allocation Failure) [PSYoungGen: 151136K->96K(146432K)] 153008K->1968K(321536K), 0,0005150 secs] [Times: user=0,01 sys=0,00, real=0,00 secs] 
78,241: [GC (Allocation Failure) [PSYoungGen: 146016K->96K(141824K)] 147888K->1968K(316928K), 0,0005009 secs] [Times: user=0,00 sys=0,00, real=0,00 secs] 
78,302: [GC (Allocation Failure) [PSYoungGen: 141408K->96K(137216K)] 143280K->1968K(312320K), 0,0004861 secs] [Times: user=0,00 sys=0,00, real=0,01 secs] 
78,361: [GC (Allocation Failure) [PSYoungGen: 136800K->96K(132608K)] 138672K->1968K(307712K), 0,0005036 secs] [Times: user=0,00 sys=0,00, real=0,00 secs] 
78,418: [GC (Allocation Failure) [PSYoungGen: 132192K->96K(128512K)] 134064K->1968K(303616K), 0,0004925 secs] [Times: user=0,00 sys=0,00, real=0,00 secs] 
78,474: [GC (Allocation Failure) [PSYoungGen: 128096K->96K(124416K)] 129968K->1968K(299520K), 0,0005222 secs] [Times: user=0,00 sys=0,00, real=0,00 secs] 
78,528: [GC (Allocation Failure) [PSYoungGen: 124000K->96K(120832K)] 125872K->1968K(295936K), 0,0004779 secs] [Times: user=0,00 sys=0,00, real=0,00 secs] 
78,580: [GC (Allocation Failure) [PSYoungGen: 120416K->96K(117248K)] 122288K->1968K(292352K), 0,0005016 secs] [Times: user=0,00 sys=0,00, real=0,00 secs] 
78,631: [GC (Allocation Failure) [PSYoungGen: 116832K->96K(113664K)] 118704K->1968K(288768K), 0,0004829 secs] [Times: user=0,00 sys=0,00, real=0,00 secs] 
78,680: [GC (Allocation Failure) [PSYoungGen: 113248K->64K(110592K)] 115120K->1936K(285696K), 0,0005207 secs] [Times: user=0,00 sys=0,00, real=0,00 secs] 
78,728: [GC (Allocation Failure) [PSYoungGen: 110143K->96K(107520K)] 112016K->1968K(282624K), 0,0005036 secs] [Times: user=0,00 sys=0,00, real=0,00 secs] 
78,774: [GC (Allocation Failure) [PSYoungGen: 107104K->96K(104448K)] 108976K->1968K(279552K), 0,0004790 secs] [Times: user=0,00 sys=0,00, real=0,00 secs] 
78,819: [GC (Allocation Failure) [PSYoungGen: 104032K->96K(101376K)] 105904K->1968K(276480K), 0,0004720 secs] [Times: user=0,00 sys=0,00, real=0,00 secs] 
78,863: [GC (Allocation Failure) [PSYoungGen: 100960K->64K(98816K)] 102832K->1936K(273920K), 0,0004835 secs] [Times: user=0,01 sys=0,00, real=0,00 secs] 
78,905: [GC (Allocation Failure) [PSYoungGen: 98368K->96K(96256K)] 100240K->1968K(271360K), 0,0004894 secs] [Times: user=0,00 sys=0,00, real=0,00 secs] 
78,947: [GC (Allocation Failure) [PSYoungGen: 95839K->96K(115712K)] 97712K->1968K(290816K), 0,0005021 secs] [Times: user=0,00 sys=0,00, real=0,00 secs] 
78,997: [GC (Allocation Failure) [PSYoungGen: 115296K->96K(112128K)] 117168K->1968K(287232K), 0,0004900 secs] [Times: user=0,00 sys=0,00, real=0,00 secs] 
79,046: [GC (Allocation Failure) [PSYoungGen: 111712K->96K(109056K)] 113584K->1968K(284160K), 0,0005087 secs] [Times: user=0,00 sys=0,00, real=0,00 secs] 
79,093: [GC (Allocation Failure) [PSYoungGen: 108640K->96K(105984K)] 110512K->1968K(281088K), 0,0004984 secs] [Times: user=0,00 sys=0,00, real=0,00 secs] 
79,138: [GC (Allocation Failure) [PSYoungGen: 105568K->96K(102912K)] 107440K->1968K(278016K), 0,0005012 secs] [Times: user=0,00 sys=0,00, real=0,00 secs] 
79,183: [GC (Allocation Failure) [PSYoungGen: 102496K->96K(123392K)] 104368K->1968K(298496K), 0,0005458 secs] [Times: user=0,00 sys=0,00, real=0,00 secs] 
79,236: [GC (Allocation Failure) [PSYoungGen: 122976K->64K(119808K)] 124848K->1936K(294912K), 0,0004917 secs] [Times: user=0,00 sys=0,00, real=0,00 secs] 
79,288: [GC (Allocation Failure) [PSYoungGen: 119359K->64K(116224K)] 121232K->1936K(291328K), 0,0005588 secs] [Times: user=0,00 sys=0,00, real=0,00 secs] 
79,338: [GC (Allocation Failure) [PSYoungGen: 115775K->96K(112640K)] 117648K->1968K(287744K), 0,0005019 secs] [Times: user=0,00 sys=0,00, real=0,00 secs] 
79,387: [GC (Allocation Failure) [PSYoungGen: 112224K->96K(109568K)] 114096K->1968K(284672K), 0,0005041 secs] [Times: user=0,00 sys=0,00, real=0,00 secs] 
79,434: [GC (Allocation Failure) [PSYoungGen: 109152K->64K(106496K)] 111024K->1936K(281600K), 0,0004896 secs] [Times: user=0,00 sys=0,00, real=0,00 secs] 
79,481: [GC (Allocation Failure) [PSYoungGen: 106048K->96K(103424K)] 107920K->1968K(278528K), 0,0005110 secs] [Times: user=0,00 sys=0,00, real=0,00 secs] 
79,525: [GC (Allocation Failure) [PSYoungGen: 103008K->96K(100352K)] 104880K->1968K(275456K), 0,0004814 secs] [Times: user=0,00 sys=0,00, real=0,00 secs] 
79,568: [GC (Allocation Failure) [PSYoungGen: 99936K->96K(97792K)] 101808K->1968K(272896K), 0,0004737 secs] [Times: user=0,00 sys=0,00, real=0,00 secs] 
79,610: [GC (Allocation Failure) [PSYoungGen: 97375K->96K(117248K)] 99248K->1968K(292352K), 0,0004819 secs] [Times: user=0,00 sys=0,00, real=0,00 secs] 
79,661: [GC (Allocation Failure) [PSYoungGen: 116832K->96K(113664K)] 118704K->1968K(288768K), 0,0005122 secs] [Times: user=0,00 sys=0,00, real=0,00 secs] 
79,710: [GC (Allocation Failure) [PSYoungGen: 113248K->32K(110592K)] 115120K->1904K(285696K), 0,0005559 secs] [Times: user=0,00 sys=0,00, real=0,00 secs] 
79,758: [GC (Allocation Failure) [PSYoungGen: 110111K->96K(107520K)] 111984K->1968K(282624K), 0,0004868 secs] [Times: user=0,00 sys=0,00, real=0,00 secs] 
79,804: [GC (Allocation Failure) [PSYoungGen: 107104K->96K(129024K)] 108976K->1968K(304128K), 0,0005391 secs] [Times: user=0,01 sys=0,00, real=0,00 secs] 
79,860: [GC (Allocation Failure) [PSYoungGen: 128608K->96K(124928K)] 130480K->1968K(300032K), 0,0005024 secs] [Times: user=0,00 sys=0,00, real=0,00 secs] 
79,914: [GC (Allocation Failure) [PSYoungGen: 124512K->96K(121344K)] 126384K->1968K(296448K), 0,0004952 secs] [Times: user=0,01 sys=0,00, real=0,00 secs] 
79,966: [GC (Allocation Failure) [PSYoungGen: 120928K->32K(117760K)] 122800K->1904K(292864K), 0,0005667 secs] [Times: user=0,00 sys=0,00, real=0,00 secs] 
80,017: [GC (Allocation Failure) [PSYoungGen: 117280K->64K(114176K)] 119152K->1936K(289280K), 0,0004895 secs] [Times: user=0,00 sys=0,00, real=0,00 secs] 
80,066: [GC (Allocation Failure) [PSYoungGen: 113728K->96K(110592K)] 115600K->1968K(285696K), 0,0004720 secs] [Times: user=0,00 sys=0,00, real=0,00 secs] 
80,114: [GC (Allocation Failure) [PSYoungGen: 110176K->96K(107520K)] 112048K->1968K(282624K), 0,0004966 secs] [Times: user=0,00 sys=0,00, real=0,00 secs] 
80,160: [GC (Allocation Failure) [PSYoungGen: 107104K->96K(104448K)] 108976K->1968K(279552K), 0,0005699 secs] [Times: user=0,00 sys=0,00, real=0,00 secs] 
80,205: [GC (Allocation Failure) [PSYoungGen: 104032K->96K(101376K)] 105904K->1968K(276480K), 0,0005093 secs] [Times: user=0,00 sys=0,00, real=0,00 secs] 
80,249: [GC (Allocation Failure) [PSYoungGen: 100959K->96K(121856K)] 102832K->1968K(296960K), 0,0005085 secs] [Times: user=0,00 sys=0,00, real=0,00 secs] 
80,302: [GC (Allocation Failure) [PSYoungGen: 121440K->96K(118272K)] 123312K->1968K(293376K), 0,0005095 secs] [Times: user=0,00 sys=0,00, real=0,00 secs] 
80,354: [GC (Allocation Failure) [PSYoungGen: 117856K->96K(114688K)] 119728K->1992K(289792K), 0,0005004 secs] [Times: user=0,00 sys=0,00, real=0,00 secs] 
80,403: [GC (Allocation Failure) [PSYoungGen: 114272K->96K(111104K)] 116168K->1992K(286208K), 0,0005508 secs] [Times: user=0,00 sys=0,00, real=0,00 secs] 
80,451: [GC (Allocation Failure) [PSYoungGen: 110688K->96K(108032K)] 112584K->1992K(283136K), 0,0005160 secs] [Times: user=0,00 sys=0,00, real=0,00 secs] 
80,498: [GC (Allocation Failure) [PSYoungGen: 107616K->96K(104960K)] 109512K->1992K(280064K), 0,0005451 secs] [Times: user=0,01 sys=0,01, real=0,00 secs] 
80,544: [GC (Allocation Failure) [PSYoungGen: 104544K->96K(101888K)] 106440K->1992K(276992K), 0,0004809 secs] [Times: user=0,00 sys=0,00, real=0,00 secs] 
80,588: [GC (Allocation Failure) [PSYoungGen: 101472K->96K(98816K)] 103368K->1992K(273920K), 0,0004814 secs] [Times: user=0,01 sys=0,00, real=0,00 secs] 
80,630: [GC (Allocation Failure) [PSYoungGen: 98400K->96K(118784K)] 100296K->1992K(293888K), 0,0004827 secs] [Times: user=0,00 sys=0,00, real=0,00 secs] 
80,682: [GC (Allocation Failure) [PSYoungGen: 118368K->96K(115200K)] 120264K->1992K(290304K), 0,0005455 secs] [Times: user=0,00 sys=0,00, real=0,01 secs] 
80,731: [GC (Allocation Failure) [PSYoungGen: 114784K->96K(138240K)] 116680K->1992K(313344K), 0,0005700 secs] [Times: user=0,00 sys=0,00, real=0,00 secs] 
80,791: [GC (Allocation Failure) [PSYoungGen: 137824K->96K(133632K)] 139720K->1992K(308736K), 0,0004981 secs] [Times: user=0,00 sys=0,00, real=0,00 secs] 
80,848: [GC (Allocation Failure) [PSYoungGen: 133216K->96K(129536K)] 135112K->1992K(304640K), 0,0005002 secs] [Times: user=0,00 sys=0,00, real=0,00 secs] 
80,904: [GC (Allocation Failure) [PSYoungGen: 129120K->96K(125440K)] 131016K->1992K(300544K), 0,0005694 secs] [Times: user=0,00 sys=0,00, real=0,00 secs] 
80,958: [GC (Allocation Failure) [PSYoungGen: 125024K->96K(121344K)] 126920K->1992K(296448K), 0,0005047 secs] [Times: user=0,00 sys=0,00, real=0,00 secs] 
81,011: [GC (Allocation Failure) [PSYoungGen: 120928K->96K(117760K)] 122824K->1992K(292864K), 0,0005470 secs] [Times: user=0,00 sys=0,00, real=0,00 secs] 
81,062: [GC (Allocation Failure) [PSYoungGen: 117344K->96K(114176K)] 119240K->1992K(289280K), 0,0004744 secs] [Times: user=0,00 sys=0,00, real=0,00 secs] 
81,111: [GC (Allocation Failure) [PSYoungGen: 113760K->96K(110592K)] 115656K->1992K(285696K), 0,0004968 secs] [Times: user=0,00 sys=0,00, real=0,00 secs] 
81,159: [GC (Allocation Failure) [PSYoungGen: 110176K->64K(107520K)] 112072K->1960K(282624K), 0,0004952 secs] [Times: user=0,00 sys=0,00, real=0,00 secs] 
81,205: [GC (Allocation Failure) [PSYoungGen: 107072K->96K(104448K)] 108968K->1992K(279552K), 0,0004651 secs] [Times: user=0,00 sys=0,00, real=0,00 secs] 
81,250: [GC (Allocation Failure) [PSYoungGen: 104032K->96K(101376K)] 105928K->1992K(276480K), 0,0004810 secs] [Times: user=0,00 sys=0,00, real=0,00 secs] 
81,294: [GC (Allocation Failure) [PSYoungGen: 100959K->96K(98816K)] 102856K->1992K(273920K), 0,0004876 secs] [Times: user=0,00 sys=0,00, real=0,00 secs] 
81,337: [GC (Allocation Failure) [PSYoungGen: 98400K->96K(96256K)] 100296K->1992K(271360K), 0,0005098 secs] [Times: user=0,00 sys=0,00, real=0,00 secs] 
81,378: [GC (Allocation Failure) [PSYoungGen: 95840K->96K(93696K)] 97736K->1992K(268800K), 0,0004618 secs] [Times: user=0,00 sys=0,00, real=0,00 secs] 
81,419: [GC (Allocation Failure) [PSYoungGen: 93280K->64K(112640K)] 95176K->1960K(287744K), 0,0005098 secs] [Times: user=0,00 sys=0,00, real=0,00 secs] 
81,468: [GC (Allocation Failure) [PSYoungGen: 112192K->96K(135168K)] 114088K->1992K(310272K), 0,0005072 secs] [Times: user=0,00 sys=0,00, real=0,00 secs] 
81,526: [GC (Allocation Failure) [PSYoungGen: 134752K->96K(131072K)] 136648K->1992K(306176K), 0,0005020 secs] [Times: user=0,00 sys=0,00, real=0,00 secs] 
81,582: [GC (Allocation Failure) [PSYoungGen: 130656K->96K(126976K)] 132552K->1992K(302080K), 0,0005070 secs] [Times: user=0,00 sys=0,00, real=0,00 secs] 
81,637: [GC (Allocation Failure) [PSYoungGen: 126560K->96K(122880K)] 128456K->1992K(297984K), 0,0005126 secs] [Times: user=0,00 sys=0,00, real=0,00 secs] 
81,691: [GC (Allocation Failure) [PSYoungGen: 122464K->64K(119296K)] 124360K->1960K(294400K), 0,0005007 secs] [Times: user=0,00 sys=0,00, real=0,00 secs] 
81,742: [GC (Allocation Failure) [PSYoungGen: 118848K->96K(115712K)] 120744K->1992K(290816K), 0,0004871 secs] [Times: user=0,00 sys=0,00, real=0,01 secs] 
81,792: [GC (Allocation Failure) [PSYoungGen: 115296K->64K(138752K)] 117192K->1960K(313856K), 0,0007478 secs] [Times: user=0,00 sys=0,00, real=0,01 secs] 
81,852: [GC (Allocation Failure) [PSYoungGen: 138304K->96K(134144K)] 140200K->1992K(309248K), 0,0004851 secs] [Times: user=0,00 sys=0,00, real=0,01 secs] 
81,909: [GC (Allocation Failure) [PSYoungGen: 133728K->64K(130048K)] 135624K->1960K(305152K), 0,0004958 secs] [Times: user=0,00 sys=0,00, real=0,00 secs] 
81,966: [GC (Allocation Failure) [PSYoungGen: 129600K->64K(125952K)] 131496K->1960K(301056K), 0,0005640 secs] [Times: user=0,01 sys=0,00, real=0,00 secs] 
82,020: [GC (Allocation Failure) [PSYoungGen: 125504K->96K(121856K)] 127400K->1992K(296960K), 0,0005108 secs] [Times: user=0,00 sys=0,00, real=0,00 secs] 
82,073: [GC (Allocation Failure) [PSYoungGen: 121439K->64K(118272K)] 123336K->1960K(293376K), 0,0004935 secs] [Times: user=0,00 sys=0,00, real=0,00 secs] 
82,123: [GC (Allocation Failure) [PSYoungGen: 117824K->96K(114688K)] 119720K->1992K(289792K), 0,0005297 secs] [Times: user=0,00 sys=0,00, real=0,00 secs] 
82,173: [GC (Allocation Failure) [PSYoungGen: 114272K->64K(111104K)] 116168K->1960K(286208K), 0,0005323 secs] [Times: user=0,00 sys=0,00, real=0,00 secs] 
82,221: [GC (Allocation Failure) [PSYoungGen: 110656K->64K(108032K)] 112552K->1960K(283136K), 0,0005287 secs] [Times: user=0,00 sys=0,00, real=0,00 secs] 
82,268: [GC (Allocation Failure) [PSYoungGen: 107584K->64K(104960K)] 109480K->1960K(280064K), 0,0004891 secs] [Times: user=0,00 sys=0,00, real=0,00 secs] 
82,313: [GC (Allocation Failure) [PSYoungGen: 104512K->96K(101888K)] 106408K->1992K(276992K), 0,0004914 secs] [Times: user=0,00 sys=0,00, real=0,00 secs] 
82,357: [GC (Allocation Failure) [PSYoungGen: 101472K->96K(98816K)] 103368K->1992K(273920K), 0,0004772 secs] [Times: user=0,00 sys=0,00, real=0,00 secs] 
82,400: [GC (Allocation Failure) [PSYoungGen: 98400K->96K(96256K)] 100296K->1992K(271360K), 0,0004862 secs] [Times: user=0,00 sys=0,00, real=0,00 secs] 
82,441: [GC (Allocation Failure) [PSYoungGen: 95840K->96K(115712K)] 97736K->1992K(290816K), 0,0005126 secs] [Times: user=0,01 sys=0,00, real=0,00 secs] 
82,492: [GC (Allocation Failure) [PSYoungGen: 115296K->96K(138752K)] 117192K->1992K(313856K), 0,0005139 secs] [Times: user=0,00 sys=0,00, real=0,01 secs] 
82,551: [GC (Allocation Failure) [PSYoungGen: 138336K->32K(134144K)] 140232K->1928K(309248K), 0,0004890 secs] [Times: user=0,00 sys=0,00, real=0,00 secs] 
82,609: [GC (Allocation Failure) [PSYoungGen: 133664K->96K(130048K)] 135560K->1992K(305152K), 0,0004918 secs] [Times: user=0,00 sys=0,00, real=0,00 secs] 
82,665: [GC (Allocation Failure) [PSYoungGen: 129632K->96K(125952K)] 131528K->1992K(301056K), 0,0004982 secs] [Times: user=0,00 sys=0,00, real=0,00 secs] 
82,719: [GC (Allocation Failure) [PSYoungGen: 125536K->64K(121856K)] 127432K->1960K(296960K), 0,0005574 secs] [Times: user=0,01 sys=0,00, real=0,00 secs] 
82,772: [GC (Allocation Failure) [PSYoungGen: 121408K->64K(118272K)] 123304K->1960K(293376K), 0,0004807 secs] [Times: user=0,00 sys=0,00, real=0,01 secs] 
82,823: [GC (Allocation Failure) [PSYoungGen: 117824K->64K(114688K)] 119720K->1960K(289792K), 0,0004803 secs] [Times: user=0,00 sys=0,00, real=0,00 secs] 
82,872: [GC (Allocation Failure) [PSYoungGen: 114240K->96K(111104K)] 116136K->1992K(286208K), 0,0004977 secs] [Times: user=0,00 sys=0,00, real=0,00 secs] 
82,920: [GC (Allocation Failure) [PSYoungGen: 110688K->96K(108032K)] 112584K->1992K(283136K), 0,0004772 secs] [Times: user=0,00 sys=0,00, real=0,00 secs] 
82,967: [GC (Allocation Failure) [PSYoungGen: 107616K->96K(104960K)] 109512K->1992K(280064K), 0,0004958 secs] [Times: user=0,01 sys=0,00, real=0,00 secs] 
83,013: [GC (Allocation Failure) [PSYoungGen: 104544K->96K(101888K)] 106440K->1992K(276992K), 0,0004948 secs] [Times: user=0,00 sys=0,00, real=0,00 secs] 
83,057: [GC (Allocation Failure) [PSYoungGen: 101472K->96K(98816K)] 103368K->1992K(273920K), 0,0004785 secs] [Times: user=0,00 sys=0,00, real=0,00 secs] 
83,099: [GC (Allocation Failure) [PSYoungGen: 98400K->96K(118784K)] 100296K->1992K(293888K), 0,0005548 secs] [Times: user=0,00 sys=0,00, real=0,00 secs] 
83,151: [GC (Allocation Failure) [PSYoungGen: 118368K->96K(115200K)] 120264K->1992K(290304K), 0,0005139 secs] [Times: user=0,00 sys=0,00, real=0,00 secs] 
83,201: [GC (Allocation Failure) [PSYoungGen: 114784K->96K(111616K)] 116680K->1992K(286720K), 0,0005064 secs] [Times: user=0,00 sys=0,00, real=0,00 secs] 
83,249: [GC (Allocation Failure) [PSYoungGen: 111200K->96K(108544K)] 113096K->1992K(283648K), 0,0005423 secs] [Times: user=0,00 sys=0,00, real=0,00 secs] 
83,296: [GC (Allocation Failure) [PSYoungGen: 108128K->96K(105472K)] 110024K->1992K(280576K), 0,0005413 secs] [Times: user=0,00 sys=0,01, real=0,00 secs] 
83,341: [GC (Allocation Failure) [PSYoungGen: 105056K->96K(102400K)] 106952K->1992K(277504K), 0,0004928 secs] [Times: user=0,00 sys=0,00, real=0,00 secs] 
83,385: [GC (Allocation Failure) [PSYoungGen: 101984K->96K(122880K)] 103880K->1992K(297984K), 0,0005216 secs] [Times: user=0,00 sys=0,00, real=0,00 secs] 
83,438: [GC (Allocation Failure) [PSYoungGen: 122464K->96K(147456K)] 124360K->1992K(322560K), 0,0006961 secs] [Times: user=0,00 sys=0,00, real=0,00 secs] 
83,503: [GC (Allocation Failure) [PSYoungGen: 147040K->96K(142848K)] 148936K->1992K(317952K), 0,0005273 secs] [Times: user=0,01 sys=0,00, real=0,00 secs] 
83,564: [GC (Allocation Failure) [PSYoungGen: 142432K->96K(138240K)] 144328K->1992K(313344K), 0,0005273 secs] [Times: user=0,00 sys=0,00, real=0,00 secs] 
83,624: [GC (Allocation Failure) [PSYoungGen: 137824K->96K(133632K)] 139720K->1992K(308736K), 0,0005082 secs] [Times: user=0,00 sys=0,00, real=0,00 secs] 
83,681: [GC (Allocation Failure) [PSYoungGen: 133216K->64K(129536K)] 135112K->1960K(304640K), 0,0004986 secs] [Times: user=0,01 sys=0,00, real=0,00 secs] 
83,737: [GC (Allocation Failure) [PSYoungGen: 129088K->96K(125440K)] 130984K->1992K(300544K), 0,0005002 secs] [Times: user=0,00 sys=0,00, real=0,00 secs] 
83,791: [GC (Allocation Failure) [PSYoungGen: 125023K->64K(121344K)] 126920K->1960K(296448K), 0,0005448 secs] [Times: user=0,01 sys=0,00, real=0,00 secs] 
83,843: [GC (Allocation Failure) [PSYoungGen: 120896K->64K(117760K)] 122792K->1960K(292864K), 0,0005291 secs] [Times: user=0,00 sys=0,00, real=0,00 secs] 
83,894: [GC (Allocation Failure) [PSYoungGen: 117312K->64K(114176K)] 119208K->1960K(289280K), 0,0004841 secs] [Times: user=0,00 sys=0,00, real=0,00 secs] 
83,943: [GC (Allocation Failure) [PSYoungGen: 113727K->96K(110592K)] 115624K->1992K(285696K), 0,0004838 secs] [Times: user=0,00 sys=0,00, real=0,00 secs] 
83,991: [GC (Allocation Failure) [PSYoungGen: 110175K->96K(107520K)] 112072K->1992K(282624K), 0,0005171 secs] [Times: user=0,00 sys=0,00, real=0,00 secs] 
84,037: [GC (Allocation Failure) [PSYoungGen: 107104K->96K(104448K)] 109000K->1992K(279552K), 0,0004791 secs] [Times: user=0,00 sys=0,00, real=0,00 secs] 
84,084: [GC (Allocation Failure) [PSYoungGen: 104032K->96K(101376K)] 105928K->1992K(276480K), 0,0005196 secs] [Times: user=0,00 sys=0,00, real=0,00 secs] 
84,127: [GC (Allocation Failure) [PSYoungGen: 100960K->96K(98816K)] 102856K->1992K(273920K), 0,0005107 secs] [Times: user=0,01 sys=0,00, real=0,00 secs] 
84,170: [GC (Allocation Failure) [PSYoungGen: 98400K->96K(96256K)] 100296K->1992K(271360K), 0,0004734 secs] [Times: user=0,00 sys=0,00, real=0,00 secs] 
84,212: [GC (Allocation Failure) [PSYoungGen: 95840K->64K(115712K)] 97736K->1960K(290816K), 0,0005094 secs] [Times: user=0,00 sys=0,00, real=0,01 secs] 
84,262: [GC (Allocation Failure) [PSYoungGen: 115264K->96K(112128K)] 117160K->1992K(287232K), 0,0004949 secs] [Times: user=0,00 sys=0,00, real=0,01 secs] 
84,310: [GC (Allocation Failure) [PSYoungGen: 111712K->96K(109056K)] 113608K->1992K(284160K), 0,0005134 secs] [Times: user=0,00 sys=0,00, real=0,00 secs] 
84,357: [GC (Allocation Failure) [PSYoungGen: 108640K->32K(131072K)] 110536K->1928K(306176K), 0,0005685 secs] [Times: user=0,00 sys=0,00, real=0,00 secs] 
84,414: [GC (Allocation Failure) [PSYoungGen: 130592K->64K(126976K)] 132488K->1960K(302080K), 0,0004922 secs] [Times: user=0,00 sys=0,00, real=0,00 secs] 
84,469: [GC (Allocation Failure) [PSYoungGen: 126528K->96K(122880K)] 128424K->1992K(297984K), 0,0005110 secs] [Times: user=0,00 sys=0,00, real=0,00 secs] 
84,522: [GC (Allocation Failure) [PSYoungGen: 122464K->96K(119296K)] 124360K->1992K(294400K), 0,0005198 secs] [Times: user=0,00 sys=0,00, real=0,01 secs] 
84,573: [GC (Allocation Failure) [PSYoungGen: 118880K->96K(115712K)] 120776K->1992K(290816K), 0,0004938 secs] [Times: user=0,00 sys=0,00, real=0,00 secs] 
84,623: [GC (Allocation Failure) [PSYoungGen: 115295K->96K(112128K)] 117192K->1992K(287232K), 0,0005008 secs] [Times: user=0,01 sys=0,00, real=0,00 secs] 
84,672: [GC (Allocation Failure) [PSYoungGen: 111712K->96K(109056K)] 113608K->1992K(284160K), 0,0005043 secs] [Times: user=0,00 sys=0,00, real=0,01 secs] 
84,719: [GC (Allocation Failure) [PSYoungGen: 108640K->96K(105984K)] 110536K->1992K(281088K), 0,0005047 secs] [Times: user=0,00 sys=0,00, real=0,00 secs] 
84,764: [GC (Allocation Failure) [PSYoungGen: 105568K->96K(102912K)] 107464K->1992K(278016K), 0,0004933 secs] [Times: user=0,00 sys=0,00, real=0,00 secs] 
84,809: [GC (Allocation Failure) [PSYoungGen: 102496K->96K(99840K)] 104392K->1992K(274944K), 0,0005434 secs] [Times: user=0,00 sys=0,00, real=0,00 secs] 
84,852: [GC (Allocation Failure) [PSYoungGen: 99423K->96K(119808K)] 101320K->1992K(294912K), 0,0006246 secs] [Times: user=0,00 sys=0,00, real=0,01 secs] 
84,904: [GC (Allocation Failure) [PSYoungGen: 119392K->96K(143872K)] 121288K->1992K(318976K), 0,0004829 secs] [Times: user=0,00 sys=0,00, real=0,00 secs] 
84,966: [GC (Allocation Failure) [PSYoungGen: 143456K->64K(172544K)] 145352K->1960K(347648K), 0,0006489 secs] [Times: user=0,00 sys=0,00, real=0,00 secs] 
85,040: [GC (Allocation Failure) [PSYoungGen: 172096K->96K(166400K)] 173992K->1992K(341504K), 0,0005329 secs] [Times: user=0,01 sys=0,00, real=0,00 secs] 
85,112: [GC (Allocation Failure) [PSYoungGen: 165984K->96K(160768K)] 167880K->1992K(335872K), 0,0005083 secs] [Times: user=0,00 sys=0,00, real=0,00 secs] 
85,181: [GC (Allocation Failure) [PSYoungGen: 160352K->96K(155136K)] 162248K->1992K(330240K), 0,0005194 secs] [Times: user=0,00 sys=0,00, real=0,00 secs] 
85,248: [GC (Allocation Failure) [PSYoungGen: 154720K->96K(150016K)] 156616K->1992K(325120K), 0,0005272 secs] [Times: user=0,00 sys=0,00, real=0,00 secs] 
85,312: [GC (Allocation Failure) [PSYoungGen: 149600K->96K(144896K)] 151496K->1992K(320000K), 0,0005113 secs] [Times: user=0,00 sys=0,00, real=0,00 secs] 
85,375: [GC (Allocation Failure) [PSYoungGen: 144480K->64K(140288K)] 146376K->1960K(315392K), 0,0005641 secs] [Times: user=0,00 sys=0,00, real=0,00 secs] 
85,435: [GC (Allocation Failure) [PSYoungGen: 139840K->96K(135680K)] 141736K->1992K(310784K), 0,0006330 secs] [Times: user=0,00 sys=0,00, real=0,00 secs] 
85,494: [GC (Allocation Failure) [PSYoungGen: 135264K->96K(131584K)] 137160K->1992K(306688K), 0,0005272 secs] [Times: user=0,00 sys=0,00, real=0,00 secs] 
85,551: [GC (Allocation Failure) [PSYoungGen: 131168K->96K(127488K)] 133064K->1992K(302592K), 0,0004823 secs] [Times: user=0,00 sys=0,00, real=0,00 secs] 
85,606: [GC (Allocation Failure) [PSYoungGen: 127072K->96K(123392K)] 128968K->1992K(298496K), 0,0005286 secs] [Times: user=0,00 sys=0,00, real=0,00 secs] 
85,659: [GC (Allocation Failure) [PSYoungGen: 122976K->96K(119808K)] 124872K->1992K(294912K), 0,0004933 secs] [Times: user=0,00 sys=0,00, real=0,00 secs] 
85,711: [GC (Allocation Failure) [PSYoungGen: 119392K->96K(116224K)] 121288K->1992K(291328K), 0,0004879 secs] [Times: user=0,00 sys=0,00, real=0,00 secs] 
85,761: [GC (Allocation Failure) [PSYoungGen: 115808K->96K(112640K)] 117704K->1992K(287744K), 0,0005137 secs] [Times: user=0,00 sys=0,00, real=0,00 secs] 
85,809: [GC (Allocation Failure) [PSYoungGen: 112223K->96K(109568K)] 114120K->1992K(284672K), 0,0005011 secs] [Times: user=0,00 sys=0,00, real=0,00 secs] 
85,857: [GC (Allocation Failure) [PSYoungGen: 109152K->96K(106496K)] 111048K->1992K(281600K), 0,0005444 secs] [Times: user=0,00 sys=0,00, real=0,00 secs] 
85,902: [GC (Allocation Failure) [PSYoungGen: 106080K->96K(103424K)] 107976K->1992K(278528K), 0,0004853 secs] [Times: user=0,00 sys=0,00, real=0,00 secs] 
85,947: [GC (Allocation Failure) [PSYoungGen: 103008K->96K(100352K)] 104904K->1992K(275456K), 0,0004839 secs] [Times: user=0,00 sys=0,00, real=0,00 secs] 
85,991: [GC (Allocation Failure) [PSYoungGen: 99936K->96K(120320K)] 101832K->1992K(295424K), 0,0005813 secs] [Times: user=0,00 sys=0,00, real=0,00 secs] 
86,043: [GC (Allocation Failure) [PSYoungGen: 119904K->64K(144384K)] 121800K->1960K(319488K), 0,0006213 secs] [Times: user=0,01 sys=0,01, real=0,00 secs] 
86,107: [GC (Allocation Failure) [PSYoungGen: 143936K->96K(139776K)] 145832K->1992K(314880K), 0,0005066 secs] [Times: user=0,00 sys=0,00, real=0,00 secs] 
86,168: [GC (Allocation Failure) [PSYoungGen: 139360K->96K(135168K)] 141256K->1992K(310272K), 0,0005210 secs] [Times: user=0,00 sys=0,00, real=0,00 secs] 
86,226: [GC (Allocation Failure) [PSYoungGen: 134752K->96K(131072K)] 136648K->1992K(306176K), 0,0005122 secs] [Times: user=0,00 sys=0,00, real=0,00 secs] 
86,283: [GC (Allocation Failure) [PSYoungGen: 130656K->96K(126976K)] 132552K->1992K(302080K), 0,0005097 secs] [Times: user=0,00 sys=0,00, real=0,00 secs] 
86,337: [GC (Allocation Failure) [PSYoungGen: 126560K->96K(122880K)] 128456K->1992K(297984K), 0,0005103 secs] [Times: user=0,00 sys=0,00, real=0,00 secs] 
86,390: [GC (Allocation Failure) [PSYoungGen: 122464K->96K(119296K)] 124360K->1992K(294400K), 0,0004940 secs] [Times: user=0,01 sys=0,00, real=0,00 secs] 
86,442: [GC (Allocation Failure) [PSYoungGen: 118880K->96K(115712K)] 120776K->1992K(290816K), 0,0005812 secs] [Times: user=0,00 sys=0,00, real=0,01 secs] 
86,492: [GC (Allocation Failure) [PSYoungGen: 115296K->96K(112128K)] 117192K->1992K(287232K), 0,0005483 secs] [Times: user=0,00 sys=0,00, real=0,01 secs] 
86,541: [GC (Allocation Failure) [PSYoungGen: 111712K->96K(109056K)] 113608K->1992K(284160K), 0,0005001 secs] [Times: user=0,00 sys=0,00, real=0,00 secs] 
86,588: [GC (Allocation Failure) [PSYoungGen: 108639K->96K(105984K)] 110536K->1992K(281088K), 0,0004981 secs] [Times: user=0,00 sys=0,00, real=0,00 secs] 
86,633: [GC (Allocation Failure) [PSYoungGen: 105568K->96K(102912K)] 107464K->1992K(278016K), 0,0004874 secs] [Times: user=0,00 sys=0,00, real=0,00 secs] 
86,678: [GC (Allocation Failure) [PSYoungGen: 102496K->32K(123392K)] 104392K->1928K(298496K), 0,0006684 secs] [Times: user=0,01 sys=0,00, real=0,00 secs] 
86,732: [GC (Allocation Failure) [PSYoungGen: 122911K->96K(147968K)] 124808K->1992K(323072K), 0,0005165 secs] [Times: user=0,00 sys=0,00, real=0,01 secs] 
86,795: [GC (Allocation Failure) [PSYoungGen: 147552K->64K(143360K)] 149448K->1960K(318464K), 0,0004866 secs] [Times: user=0,00 sys=0,00, real=0,00 secs] 
86,857: [GC (Allocation Failure) [PSYoungGen: 142912K->64K(138752K)] 144808K->1960K(313856K), 0,0005002 secs] [Times: user=0,01 sys=0,00, real=0,00 secs] 
86,917: [GC (Allocation Failure) [PSYoungGen: 138304K->96K(134144K)] 140200K->1992K(309248K), 0,0005031 secs] [Times: user=0,01 sys=0,00, real=0,00 secs] 
86,975: [GC (Allocation Failure) [PSYoungGen: 133728K->96K(130048K)] 135624K->1992K(305152K), 0,0005026 secs] [Times: user=0,00 sys=0,00, real=0,00 secs] 
87,032: [GC (Allocation Failure) [PSYoungGen: 129632K->96K(125952K)] 131528K->1992K(301056K), 0,0005785 secs] [Times: user=0,00 sys=0,00, real=0,01 secs] 
87,086: [GC (Allocation Failure) [PSYoungGen: 125536K->96K(121856K)] 127432K->1992K(296960K), 0,0004985 secs] [Times: user=0,01 sys=0,00, real=0,00 secs] 
87,138: [GC (Allocation Failure) [PSYoungGen: 121440K->96K(118272K)] 123336K->1992K(293376K), 0,0004976 secs] [Times: user=0,00 sys=0,00, real=0,00 secs] 
87,189: [GC (Allocation Failure) [PSYoungGen: 117855K->64K(114688K)] 119752K->1960K(289792K), 0,0005051 secs] [Times: user=0,00 sys=0,00, real=0,00 secs] 
87,238: [GC (Allocation Failure) [PSYoungGen: 114240K->96K(111104K)] 116136K->1992K(286208K), 0,0005511 secs] [Times: user=0,00 sys=0,00, real=0,00 secs] 
87,286: [GC (Allocation Failure) [PSYoungGen: 110688K->96K(108032K)] 112584K->1992K(283136K), 0,0005864 secs] [Times: user=0,00 sys=0,00, real=0,00 secs] 
87,333: [GC (Allocation Failure) [PSYoungGen: 107616K->96K(104960K)] 109512K->1992K(280064K), 0,0004761 secs] [Times: user=0,00 sys=0,00, real=0,00 secs] 
87,378: [GC (Allocation Failure) [PSYoungGen: 104544K->96K(101888K)] 106440K->1992K(276992K), 0,0004935 secs] [Times: user=0,00 sys=0,00, real=0,00 secs] 
87,422: [GC (Allocation Failure) [PSYoungGen: 101472K->64K(122368K)] 103368K->1960K(297472K), 0,0009684 secs] [Times: user=0,01 sys=0,00, real=0,00 secs] 
87,476: [GC (Allocation Failure) [PSYoungGen: 121920K->96K(146944K)] 123816K->1992K(322048K), 0,0004830 secs] [Times: user=0,00 sys=0,00, real=0,00 secs] 
87,539: [GC (Allocation Failure) [PSYoungGen: 146528K->64K(176640K)] 148424K->1960K(351744K), 0,0004682 secs] [Times: user=0,00 sys=0,00, real=0,00 secs] 
87,615: [GC (Allocation Failure) [PSYoungGen: 176192K->96K(170496K)] 178088K->1992K(345600K), 0,0005126 secs] [Times: user=0,00 sys=0,00, real=0,00 secs] 
87,688: [GC (Allocation Failure) [PSYoungGen: 170080K->96K(164864K)] 171976K->1992K(339968K), 0,0005057 secs] [Times: user=0,00 sys=0,00, real=0,00 secs] 
87,759: [GC (Allocation Failure) [PSYoungGen: 164448K->96K(159232K)] 166344K->1992K(334336K), 0,0005095 secs] [Times: user=0,00 sys=0,00, real=0,00 secs] 
87,828: [GC (Allocation Failure) [PSYoungGen: 158816K->64K(154112K)] 160712K->1960K(329216K), 0,0004997 secs] [Times: user=0,00 sys=0,00, real=0,00 secs] 
87,894: [GC (Allocation Failure) [PSYoungGen: 153664K->64K(148992K)] 155560K->1960K(324096K), 0,0005778 secs] [Times: user=0,00 sys=0,00, real=0,00 secs] 
87,958: [GC (Allocation Failure) [PSYoungGen: 148544K->96K(143872K)] 150440K->1992K(318976K), 0,0004658 secs] [Times: user=0,00 sys=0,00, real=0,00 secs] 
88,021: [GC (Allocation Failure) [PSYoungGen: 143455K->64K(139264K)] 145352K->1960K(314368K), 0,0005095 secs] [Times: user=0,00 sys=0,00, real=0,00 secs] 
88,081: [GC (Allocation Failure) [PSYoungGen: 138816K->96K(134656K)] 140712K->1992K(309760K), 0,0005276 secs] [Times: user=0,00 sys=0,00, real=0,00 secs] 
88,139: [GC (Allocation Failure) [PSYoungGen: 134240K->96K(130560K)] 136136K->1992K(305664K), 0,0005061 secs] [Times: user=0,00 sys=0,00, real=0,00 secs] 
88,195: [GC (Allocation Failure) [PSYoungGen: 130144K->96K(126464K)] 132040K->1992K(301568K), 0,0005234 secs] [Times: user=0,00 sys=0,00, real=0,00 secs] 
88,250: [GC (Allocation Failure) [PSYoungGen: 126048K->96K(122368K)] 127944K->1992K(297472K), 0,0005553 secs] [Times: user=0,00 sys=0,00, real=0,00 secs] 
88,302: [GC (Allocation Failure) [PSYoungGen: 121952K->96K(118784K)] 123848K->1992K(293888K), 0,0005054 secs] [Times: user=0,00 sys=0,00, real=0,00 secs] 
88,354: [GC (Allocation Failure) [PSYoungGen: 118368K->96K(115200K)] 120264K->1992K(290304K), 0,0005060 secs] [Times: user=0,00 sys=0,00, real=0,00 secs] 
88,403: [GC (Allocation Failure) [PSYoungGen: 114784K->96K(111616K)] 116680K->1992K(286720K), 0,0005073 secs] [Times: user=0,00 sys=0,00, real=0,00 secs] 
88,452: [GC (Allocation Failure) [PSYoungGen: 111200K->96K(108544K)] 113096K->1992K(283648K), 0,0005034 secs] [Times: user=0,00 sys=0,00, real=0,01 secs] 
88,499: [GC (Allocation Failure) [PSYoungGen: 108128K->96K(105472K)] 110024K->1992K(280576K), 0,0005273 secs] [Times: user=0,00 sys=0,00, real=0,00 secs] 
88,544: [GC (Allocation Failure) [PSYoungGen: 105056K->96K(102400K)] 106952K->1992K(277504K), 0,0004833 secs] [Times: user=0,01 sys=0,00, real=0,00 secs] 
88,588: [GC (Allocation Failure) [PSYoungGen: 101984K->96K(99328K)] 103880K->1992K(274432K), 0,0004814 secs] [Times: user=0,00 sys=0,00, real=0,00 secs] 
88,631: [GC (Allocation Failure) [PSYoungGen: 98912K->64K(96768K)] 100808K->1960K(271872K), 0,0005181 secs] [Times: user=0,00 sys=0,00, real=0,00 secs] 
88,673: [GC (Allocation Failure) [PSYoungGen: 96320K->96K(116224K)] 98216K->1992K(291328K), 0,0004833 secs] [Times: user=0,01 sys=0,00, real=0,00 secs] 
88,723: [GC (Allocation Failure) [PSYoungGen: 115808K->96K(112640K)] 117704K->1992K(287744K), 0,0004868 secs] [Times: user=0,01 sys=0,00, real=0,00 secs] 
88,771: [GC (Allocation Failure) [PSYoungGen: 112224K->64K(109568K)] 114120K->1960K(284672K), 0,0004829 secs] [Times: user=0,00 sys=0,00, real=0,00 secs] 
88,818: [GC (Allocation Failure) [PSYoungGen: 109120K->96K(106496K)] 111016K->1992K(281600K), 0,0004727 secs] [Times: user=0,00 sys=0,00, real=0,00 secs] 
88,864: [GC (Allocation Failure) [PSYoungGen: 106080K->96K(103424K)] 107976K->1992K(278528K), 0,0004877 secs] [Times: user=0,00 sys=0,00, real=0,00 secs] 
88,909: [GC (Allocation Failure) [PSYoungGen: 103007K->96K(124416K)] 104904K->1992K(299520K), 0,0006345 secs] [Times: user=0,00 sys=0,01, real=0,00 secs] 
88,962: [GC (Allocation Failure) [PSYoungGen: 124000K->96K(149504K)] 125896K->1992K(324608K), 0,0005003 secs] [Times: user=0,00 sys=0,00, real=0,00 secs] 
89,027: [GC (Allocation Failure) [PSYoungGen: 149088K->96K(144384K)] 150984K->1992K(319488K), 0,0005243 secs] [Times: user=0,00 sys=0,00, real=0,00 secs] 
89,089: [GC (Allocation Failure) [PSYoungGen: 143968K->64K(139776K)] 145864K->1960K(314880K), 0,0005030 secs] [Times: user=0,01 sys=0,00, real=0,00 secs] 
89,149: [GC (Allocation Failure) [PSYoungGen: 139328K->96K(135168K)] 141224K->1992K(310272K), 0,0005047 secs] [Times: user=0,01 sys=0,00, real=0,00 secs] 
89,207: [GC (Allocation Failure) [PSYoungGen: 134752K->96K(131072K)] 136648K->1992K(306176K), 0,0005263 secs] [Times: user=0,00 sys=0,00, real=0,00 secs] 
89,264: [GC (Allocation Failure) [PSYoungGen: 130656K->96K(126976K)] 132552K->1992K(302080K), 0,0005097 secs] [Times: user=0,00 sys=0,00, real=0,00 secs] 
89,318: [GC (Allocation Failure) [PSYoungGen: 126560K->96K(122880K)] 128456K->1992K(297984K), 0,0005006 secs] [Times: user=0,01 sys=0,00, real=0,00 secs] 
89,371: [GC (Allocation Failure) [PSYoungGen: 122464K->96K(119296K)] 124360K->1992K(294400K), 0,0005118 secs] [Times: user=0,00 sys=0,00, real=0,00 secs] 
89,423: [GC (Allocation Failure) [PSYoungGen: 118880K->64K(115712K)] 120776K->1960K(290816K), 0,0004952 secs] [Times: user=0,00 sys=0,00, real=0,00 secs] 
89,473: [GC (Allocation Failure) [PSYoungGen: 115264K->96K(112128K)] 117160K->1992K(287232K), 0,0004711 secs] [Times: user=0,00 sys=0,00, real=0,00 secs] 
89,521: [GC (Allocation Failure) [PSYoungGen: 111712K->96K(109056K)] 113608K->1992K(284160K), 0,0005463 secs] [Times: user=0,00 sys=0,00, real=0,00 secs] 
89,568: [GC (Allocation Failure) [PSYoungGen: 108639K->96K(105984K)] 110536K->1992K(281088K), 0,0004979 secs] [Times: user=0,00 sys=0,00, real=0,00 secs] 
89,614: [GC (Allocation Failure) [PSYoungGen: 105568K->96K(102912K)] 107464K->1992K(278016K), 0,0004715 secs] [Times: user=0,00 sys=0,00, real=0,00 secs] 
89,658: [GC (Allocation Failure) [PSYoungGen: 102496K->96K(99840K)] 104392K->1992K(274944K), 0,0004881 secs] [Times: user=0,00 sys=0,00, real=0,00 secs] 
89,702: [GC (Allocation Failure) [PSYoungGen: 99424K->96K(97280K)] 101320K->1992K(272384K), 0,0004591 secs] [Times: user=0,00 sys=0,00, real=0,00 secs] 
89,744: [GC (Allocation Failure) [PSYoungGen: 96864K->96K(94720K)] 98760K->1992K(269824K), 0,0004933 secs] [Times: user=0,00 sys=0,00, real=0,00 secs] 
89,784: [GC (Allocation Failure) [PSYoungGen: 94304K->96K(113664K)] 96200K->1992K(288768K), 0,0004670 secs] [Times: user=0,01 sys=0,00, real=0,00 secs] 
89,833: [GC (Allocation Failure) [PSYoungGen: 113248K->96K(110592K)] 115144K->1992K(285696K), 0,0004982 secs] [Times: user=0,01 sys=0,00, real=0,00 secs] 
89,881: [GC (Allocation Failure) [PSYoungGen: 110176K->64K(107520K)] 112072K->1960K(282624K), 0,0004939 secs] [Times: user=0,00 sys=0,00, real=0,00 secs] 
89,927: [GC (Allocation Failure) [PSYoungGen: 107072K->96K(104448K)] 108968K->1992K(279552K), 0,0004798 secs] [Times: user=0,00 sys=0,00, real=0,00 secs] 
89,972: [GC (Allocation Failure) [PSYoungGen: 104032K->96K(101376K)] 105928K->1992K(276480K), 0,0004937 secs] [Times: user=0,01 sys=0,00, real=0,00 secs] 
90,016: [GC (Allocation Failure) [PSYoungGen: 100960K->96K(121856K)] 102856K->1992K(296960K), 0,0005223 secs] [Times: user=0,00 sys=0,00, real=0,00 secs] 
90,069: [GC (Allocation Failure) [PSYoungGen: 121440K->96K(118272K)] 123336K->1992K(293376K), 0,0004968 secs] [Times: user=0,00 sys=0,00, real=0,00 secs] 
90,120: [GC (Allocation Failure) [PSYoungGen: 117856K->64K(114688K)] 119752K->1960K(289792K), 0,0004833 secs] [Times: user=0,00 sys=0,00, real=0,00 secs] 
90,170: [GC (Allocation Failure) [PSYoungGen: 114240K->96K(111104K)] 116136K->1992K(286208K), 0,0005073 secs] [Times: user=0,00 sys=0,00, real=0,00 secs] 
90,218: [GC (Allocation Failure) [PSYoungGen: 110688K->96K(108032K)] 112584K->1992K(283136K), 0,0004974 secs] [Times: user=0,00 sys=0,00, real=0,00 secs] 
90,264: [GC (Allocation Failure) [PSYoungGen: 107616K->96K(104960K)] 109512K->1992K(280064K), 0,0005180 secs] [Times: user=0,00 sys=0,00, real=0,00 secs] 
90,311: [GC (Allocation Failure) [PSYoungGen: 104544K->96K(101888K)] 106440K->1992K(276992K), 0,0004897 secs] [Times: user=0,00 sys=0,00, real=0,00 secs] 
90,355: [GC (Allocation Failure) [PSYoungGen: 101472K->96K(98816K)] 103368K->2016K(273920K), 0,0004940 secs] [Times: user=0,01 sys=0,00, real=0,00 secs] 
90,397: [GC (Allocation Failure) [PSYoungGen: 98400K->96K(96256K)] 100320K->2016K(271360K), 0,0004662 secs] [Times: user=0,00 sys=0,00, real=0,00 secs] 
90,439: [GC (Allocation Failure) [PSYoungGen: 95840K->96K(115712K)] 97760K->2016K(290816K), 0,0004901 secs] [Times: user=0,00 sys=0,00, real=0,00 secs] 
90,490: [GC (Allocation Failure) [PSYoungGen: 115296K->96K(112128K)] 117216K->2016K(287232K), 0,0005237 secs] [Times: user=0,00 sys=0,00, real=0,00 secs] 
90,538: [GC (Allocation Failure) [PSYoungGen: 111712K->64K(109056K)] 113632K->1984K(284160K), 0,0004635 secs] [Times: user=0,00 sys=0,00, real=0,00 secs] 
90,585: [GC (Allocation Failure) [PSYoungGen: 108608K->96K(105984K)] 110528K->2016K(281088K), 0,0004874 secs] [Times: user=0,00 sys=0,00, real=0,00 secs] 
90,631: [GC (Allocation Failure) [PSYoungGen: 105568K->96K(102912K)] 107488K->2016K(278016K), 0,0005070 secs] [Times: user=0,00 sys=0,00, real=0,00 secs] 
90,675: [GC (Allocation Failure) [PSYoungGen: 102496K->96K(99840K)] 104416K->2016K(274944K), 0,0004729 secs] [Times: user=0,00 sys=0,00, real=0,00 secs] 
90,718: [GC (Allocation Failure) [PSYoungGen: 99424K->96K(97280K)] 101344K->2016K(272384K), 0,0004173 secs] [Times: user=0,00 sys=0,00, real=0,00 secs] 
90,760: [GC (Allocation Failure) [PSYoungGen: 96864K->64K(116736K)] 98784K->1984K(291840K), 0,0005452 secs] [Times: user=0,00 sys=0,00, real=0,00 secs] 
90,811: [GC (Allocation Failure) [PSYoungGen: 116288K->96K(113152K)] 118208K->2016K(288256K), 0,0005037 secs] [Times: user=0,01 sys=0,00, real=0,00 secs] 
90,860: [GC (Allocation Failure) [PSYoungGen: 112736K->96K(135680K)] 114656K->2016K(310784K), 0,0007380 secs] [Times: user=0,01 sys=0,00, real=0,00 secs] 
90,920: [GC (Allocation Failure) [PSYoungGen: 135264K->64K(162816K)] 137184K->1984K(337920K), 0,0007090 secs] [Times: user=0,00 sys=0,00, real=0,00 secs] 
90,991: [GC (Allocation Failure) [PSYoungGen: 162368K->96K(157184K)] 164288K->2016K(332288K), 0,0005540 secs] [Times: user=0,01 sys=0,00, real=0,00 secs] 
91,060: [GC (Allocation Failure) [PSYoungGen: 156768K->96K(152064K)] 158688K->2016K(327168K), 0,0005068 secs] [Times: user=0,00 sys=0,00, real=0,00 secs] 
91,126: [GC (Allocation Failure) [PSYoungGen: 151648K->64K(146944K)] 153568K->1984K(322048K), 0,0005144 secs] [Times: user=0,00 sys=0,00, real=0,00 secs] 
91,189: [GC (Allocation Failure) [PSYoungGen: 146496K->96K(142336K)] 148416K->2016K(317440K), 0,0005430 secs] [Times: user=0,00 sys=0,00, real=0,00 secs] 
91,251: [GC (Allocation Failure) [PSYoungGen: 141920K->96K(137728K)] 143840K->2016K(312832K), 0,0005022 secs] [Times: user=0,00 sys=0,00, real=0,00 secs] 
91,311: [GC (Allocation Failure) [PSYoungGen: 137312K->96K(133120K)] 139232K->2016K(308224K), 0,0005084 secs] [Times: user=0,00 sys=0,00, real=0,00 secs] 
91,369: [GC (Allocation Failure) [PSYoungGen: 132704K->96K(129024K)] 134624K->2016K(304128K), 0,0005657 secs] [Times: user=0,00 sys=0,00, real=0,00 secs] 
91,425: [GC (Allocation Failure) [PSYoungGen: 128608K->64K(124928K)] 130528K->1984K(300032K), 0,0004911 secs] [Times: user=0,00 sys=0,00, real=0,00 secs] 
91,479: [GC (Allocation Failure) [PSYoungGen: 124480K->96K(121344K)] 126400K->2016K(296448K), 0,0004859 secs] [Times: user=0,01 sys=0,00, real=0,00 secs] 
91,532: [GC (Allocation Failure) [PSYoungGen: 120928K->96K(117760K)] 122848K->2016K(292864K), 0,0005144 secs] [Times: user=0,00 sys=0,00, real=0,00 secs] 
91,583: [GC (Allocation Failure) [PSYoungGen: 117344K->96K(114176K)] 119264K->2016K(289280K), 0,0004745 secs] [Times: user=0,00 sys=0,00, real=0,00 secs] 
91,632: [GC (Allocation Failure) [PSYoungGen: 113759K->96K(110592K)] 115680K->2016K(285696K), 0,0005064 secs] [Times: user=0,00 sys=0,00, real=0,00 secs] 
91,680: [GC (Allocation Failure) [PSYoungGen: 110176K->96K(107520K)] 112096K->2016K(282624K), 0,0005023 secs] [Times: user=0,00 sys=0,00, real=0,00 secs] 
91,727: [GC (Allocation Failure) [PSYoungGen: 107104K->64K(129024K)] 109024K->1984K(304128K), 0,0006700 secs] [Times: user=0,00 sys=0,00, real=0,00 secs] 
91,782: [GC (Allocation Failure) [PSYoungGen: 128576K->96K(124928K)] 130496K->2016K(300032K), 0,0005113 secs] [Times: user=0,00 sys=0,00, real=0,00 secs] 
91,836: [GC (Allocation Failure) [PSYoungGen: 124512K->96K(121344K)] 126432K->2016K(296448K), 0,0005059 secs] [Times: user=0,01 sys=0,00, real=0,00 secs] 
91,888: [GC (Allocation Failure) [PSYoungGen: 120928K->96K(117760K)] 122848K->2016K(292864K), 0,0004986 secs] [Times: user=0,00 sys=0,00, real=0,00 secs] 
91,939: [GC (Allocation Failure) [PSYoungGen: 117344K->96K(114176K)] 119264K->2016K(289280K), 0,0004850 secs] [Times: user=0,00 sys=0,00, real=0,00 secs] 
91,988: [GC (Allocation Failure) [PSYoungGen: 113760K->96K(110592K)] 115680K->2016K(285696K), 0,0004778 secs] [Times: user=0,00 sys=0,00, real=0,00 secs] 
92,036: [GC (Allocation Failure) [PSYoungGen: 110176K->96K(107520K)] 112096K->2016K(282624K), 0,0005186 secs] [Times: user=0,00 sys=0,00, real=0,00 secs] 
92,082: [GC (Allocation Failure) [PSYoungGen: 107104K->96K(104448K)] 109024K->2016K(279552K), 0,0004828 secs] [Times: user=0,00 sys=0,00, real=0,00 secs] 
92,127: [GC (Allocation Failure) [PSYoungGen: 104032K->96K(101376K)] 105952K->2016K(276480K), 0,0004955 secs] [Times: user=0,00 sys=0,00, real=0,00 secs] 
92,171: [GC (Allocation Failure) [PSYoungGen: 100960K->96K(98816K)] 102880K->2016K(273920K), 0,0005034 secs] [Times: user=0,00 sys=0,00, real=0,00 secs] 
92,214: [GC (Allocation Failure) [PSYoungGen: 98400K->64K(118784K)] 100320K->1984K(293888K), 0,0005257 secs] [Times: user=0,00 sys=0,00, real=0,00 secs] 
92,265: [GC (Allocation Failure) [PSYoungGen: 118336K->96K(115200K)] 120256K->2016K(290304K), 0,0004923 secs] [Times: user=0,00 sys=0,00, real=0,00 secs] 
92,315: [GC (Allocation Failure) [PSYoungGen: 114784K->96K(138240K)] 116704K->2016K(313344K), 0,0007342 secs] [Times: user=0,00 sys=0,00, real=0,00 secs] 
92,374: [GC (Allocation Failure) [PSYoungGen: 137824K->96K(165888K)] 139744K->2016K(340992K), 0,0005076 secs] [Times: user=0,00 sys=0,00, real=0,00 secs] 
92,446: [GC (Allocation Failure) [PSYoungGen: 165472K->64K(160256K)] 167392K->1984K(335360K), 0,0005039 secs] [Times: user=0,00 sys=0,00, real=0,00 secs] 
92,515: [GC (Allocation Failure) [PSYoungGen: 159808K->96K(154624K)] 161728K->2016K(329728K), 0,0005256 secs] [Times: user=0,00 sys=0,00, real=0,00 secs] 
92,581: [GC (Allocation Failure) [PSYoungGen: 154208K->96K(149504K)] 156128K->2016K(324608K), 0,0005240 secs] [Times: user=0,00 sys=0,00, real=0,00 secs] 
92,646: [GC (Allocation Failure) [PSYoungGen: 149088K->96K(144384K)] 151008K->2016K(319488K), 0,0005407 secs] [Times: user=0,00 sys=0,00, real=0,00 secs] 
92,708: [GC (Allocation Failure) [PSYoungGen: 143968K->64K(139776K)] 145888K->1984K(314880K), 0,0005076 secs] [Times: user=0,00 sys=0,00, real=0,00 secs] 
92,769: [GC (Allocation Failure) [PSYoungGen: 139328K->96K(135168K)] 141248K->2016K(310272K), 0,0004986 secs] [Times: user=0,01 sys=0,00, real=0,00 secs] 
92,827: [GC (Allocation Failure) [PSYoungGen: 134752K->64K(131072K)] 136672K->1984K(306176K), 0,0005336 secs] [Times: user=0,00 sys=0,00, real=0,00 secs] 
92,883: [GC (Allocation Failure) [PSYoungGen: 130624K->96K(126976K)] 132544K->2016K(302080K), 0,0004902 secs] [Times: user=0,00 sys=0,00, real=0,00 secs] 
92,938: [GC (Allocation Failure) [PSYoungGen: 126560K->96K(122880K)] 128480K->2016K(297984K), 0,0005020 secs] [Times: user=0,01 sys=0,00, real=0,00 secs] 
92,990: [GC (Allocation Failure) [PSYoungGen: 122464K->64K(119296K)] 124384K->1984K(294400K), 0,0005125 secs] [Times: user=0,00 sys=0,00, real=0,00 secs] 
93,042: [GC (Allocation Failure) [PSYoungGen: 118848K->96K(115712K)] 120768K->2016K(290816K), 0,0005630 secs] [Times: user=0,00 sys=0,00, real=0,00 secs] 
93,092: [GC (Allocation Failure) [PSYoungGen: 115295K->96K(112128K)] 117216K->2016K(287232K), 0,0004729 secs] [Times: user=0,00 sys=0,00, real=0,01 secs] 
93,140: [GC (Allocation Failure) [PSYoungGen: 111712K->96K(109056K)] 113632K->2016K(284160K), 0,0004998 secs] [Times: user=0,00 sys=0,00, real=0,00 secs] 
93,187: [GC (Allocation Failure) [PSYoungGen: 108640K->96K(105984K)] 110560K->2016K(281088K), 0,0004947 secs] [Times: user=0,00 sys=0,00, real=0,00 secs] 
93,233: [GC (Allocation Failure) [PSYoungGen: 105568K->96K(102912K)] 107488K->2016K(278016K), 0,0004963 secs] [Times: user=0,00 sys=0,00, real=0,00 secs] 
93,277: [GC (Allocation Failure) [PSYoungGen: 102496K->64K(99840K)] 104416K->1984K(274944K), 0,0005451 secs] [Times: user=0,00 sys=0,00, real=0,00 secs] 
93,321: [GC (Allocation Failure) [PSYoungGen: 99392K->96K(97280K)] 101312K->2016K(272384K), 0,0004961 secs] [Times: user=0,00 sys=0,00, real=0,00 secs] 
93,363: [GC (Allocation Failure) [PSYoungGen: 96864K->96K(94720K)] 98784K->2016K(269824K), 0,0004807 secs] [Times: user=0,00 sys=0,00, real=0,00 secs] 
93,404: [GC (Allocation Failure) [PSYoungGen: 94304K->96K(113664K)] 96224K->2016K(288768K), 0,0004973 secs] [Times: user=0,01 sys=0,00, real=0,00 secs] 
93,453: [GC (Allocation Failure) [PSYoungGen: 113248K->96K(136704K)] 115168K->2016K(311808K), 0,0004914 secs] [Times: user=0,01 sys=0,00, real=0,00 secs] 
93,512: [GC (Allocation Failure) [PSYoungGen: 136288K->96K(132608K)] 138208K->2016K(307712K), 0,0005158 secs] [Times: user=0,00 sys=0,00, real=0,01 secs] 
93,569: [GC (Allocation Failure) [PSYoungGen: 132192K->96K(128512K)] 134112K->2016K(303616K), 0,0005413 secs] [Times: user=0,00 sys=0,00, real=0,00 secs] 
93,625: [GC (Allocation Failure) [PSYoungGen: 128096K->96K(124416K)] 130016K->2016K(299520K), 0,0006307 secs] [Times: user=0,00 sys=0,00, real=0,00 secs] 
93,678: [GC (Allocation Failure) [PSYoungGen: 124000K->96K(120832K)] 125920K->2016K(295936K), 0,0005054 secs] [Times: user=0,00 sys=0,00, real=0,00 secs] 
93,731: [GC (Allocation Failure) [PSYoungGen: 120416K->96K(117248K)] 122336K->2016K(292352K), 0,0005123 secs] [Times: user=0,01 sys=0,00, real=0,00 secs] 
93,782: [GC (Allocation Failure) [PSYoungGen: 116832K->64K(140800K)] 118752K->1984K(315904K), 0,0009989 secs] [Times: user=0,00 sys=0,00, real=0,00 secs] 
93,858: [GC (Allocation Failure) [PSYoungGen: 140352K->96K(168960K)] 142272K->2016K(344064K), 0,0019011 secs] [Times: user=0,00 sys=0,00, real=0,00 secs] 
93,933: [GC (Allocation Failure) [PSYoungGen: 168544K->64K(163328K)] 170464K->1984K(338432K), 0,0005354 secs] [Times: user=0,00 sys=0,00, real=0,00 secs] 
94,003: [GC (Allocation Failure) [PSYoungGen: 162880K->96K(157696K)] 164800K->2016K(332800K), 0,0005280 secs] [Times: user=0,00 sys=0,00, real=0,00 secs] 
94,072: [GC (Allocation Failure) [PSYoungGen: 157280K->64K(152576K)] 159200K->1984K(327680K), 0,0005684 secs] [Times: user=0,00 sys=0,00, real=0,01 secs] 
94,137: [GC (Allocation Failure) [PSYoungGen: 152128K->96K(147456K)] 154048K->2016K(322560K), 0,0005331 secs] [Times: user=0,00 sys=0,01, real=0,00 secs] 
94,201: [GC (Allocation Failure) [PSYoungGen: 147040K->96K(142848K)] 148960K->2016K(317952K), 0,0004606 secs] [Times: user=0,00 sys=0,00, real=0,00 secs] 
94,262: [GC (Allocation Failure) [PSYoungGen: 142432K->96K(138240K)] 144352K->2016K(313344K), 0,0005029 secs] [Times: user=0,00 sys=0,00, real=0,00 secs] 
94,322: [GC (Allocation Failure) [PSYoungGen: 137824K->96K(133632K)] 139744K->2016K(308736K), 0,0005306 secs] [Times: user=0,00 sys=0,00, real=0,01 secs] 
94,379: [GC (Allocation Failure) [PSYoungGen: 133216K->96K(129536K)] 135136K->2016K(304640K), 0,0008146 secs] [Times: user=0,00 sys=0,00, real=0,00 secs] 
94,435: [GC (Allocation Failure) [PSYoungGen: 129120K->96K(125440K)] 131040K->2016K(300544K), 0,0005072 secs] [Times: user=0,00 sys=0,00, real=0,00 secs] 
94,489: [GC (Allocation Failure) [PSYoungGen: 125024K->96K(121344K)] 126944K->2016K(296448K), 0,0004993 secs] [Times: user=0,00 sys=0,00, real=0,00 secs] 
94,543: [GC (Allocation Failure) [PSYoungGen: 120927K->96K(117760K)] 122848K->2016K(292864K), 0,0005287 secs] [Times: user=0,00 sys=0,00, real=0,00 secs] 
94,593: [GC (Allocation Failure) [PSYoungGen: 117344K->96K(114176K)] 119264K->2016K(289280K), 0,0004911 secs] [Times: user=0,00 sys=0,00, real=0,00 secs] 
94,643: [GC (Allocation Failure) [PSYoungGen: 113760K->64K(110592K)] 115680K->1984K(285696K), 0,0004971 secs] [Times: user=0,00 sys=0,00, real=0,00 secs] 
94,691: [GC (Allocation Failure) [PSYoungGen: 110144K->96K(107520K)] 112064K->2016K(282624K), 0,0005136 secs] [Times: user=0,00 sys=0,00, real=0,00 secs] 
94,737: [GC (Allocation Failure) [PSYoungGen: 107104K->96K(104448K)] 109024K->2016K(279552K), 0,0005031 secs] [Times: user=0,00 sys=0,00, real=0,00 secs] 
94,782: [GC (Allocation Failure) [PSYoungGen: 104032K->96K(101376K)] 105952K->2016K(276480K), 0,0004901 secs] [Times: user=0,00 sys=0,00, real=0,00 secs] 
94,826: [GC (Allocation Failure) [PSYoungGen: 100960K->96K(98816K)] 102880K->2016K(273920K), 0,0004797 secs] [Times: user=0,00 sys=0,00, real=0,00 secs] 
94,869: [GC (Allocation Failure) [PSYoungGen: 98400K->96K(96256K)] 100320K->2016K(271360K), 0,0005013 secs] [Times: user=0,00 sys=0,00, real=0,00 secs] 
94,910: [GC (Allocation Failure) [PSYoungGen: 95840K->96K(93696K)] 97760K->2016K(268800K), 0,0004690 secs] [Times: user=0,00 sys=0,00, real=0,00 secs] 
94,951: [GC (Allocation Failure) [PSYoungGen: 93280K->96K(112640K)] 95200K->2016K(287744K), 0,0004874 secs] [Times: user=0,00 sys=0,00, real=0,00 secs] 
95,000: [GC (Allocation Failure) [PSYoungGen: 112224K->96K(135168K)] 114144K->2016K(310272K), 0,0005055 secs] [Times: user=0,00 sys=0,00, real=0,00 secs] 
95,058: [GC (Allocation Failure) [PSYoungGen: 134752K->96K(131072K)] 136672K->2016K(306176K), 0,0005028 secs] [Times: user=0,00 sys=0,00, real=0,00 secs] 
95,115: [GC (Allocation Failure) [PSYoungGen: 130656K->64K(126976K)] 132576K->1984K(302080K), 0,0004952 secs] [Times: user=0,00 sys=0,00, real=0,00 secs] 
95,170: [GC (Allocation Failure) [PSYoungGen: 126528K->96K(122880K)] 128448K->2016K(297984K), 0,0005237 secs] [Times: user=0,00 sys=0,00, real=0,00 secs] 
95,223: [GC (Allocation Failure) [PSYoungGen: 122464K->96K(119296K)] 124384K->2016K(294400K), 0,0005132 secs] [Times: user=0,00 sys=0,00, real=0,00 secs] 
95,274: [GC (Allocation Failure) [PSYoungGen: 118880K->96K(115712K)] 120800K->2016K(290816K), 0,0005651 secs] [Times: user=0,00 sys=0,00, real=0,00 secs] 
95,324: [GC (Allocation Failure) [PSYoungGen: 115296K->96K(112128K)] 117216K->2016K(287232K), 0,0005139 secs] [Times: user=0,00 sys=0,00, real=0,00 secs] 
95,373: [GC (Allocation Failure) [PSYoungGen: 111712K->96K(109056K)] 113632K->2016K(284160K), 0,0005031 secs] [Times: user=0,00 sys=0,00, real=0,00 secs] 
95,420: [GC (Allocation Failure) [PSYoungGen: 108640K->96K(105984K)] 110560K->2016K(281088K), 0,0004963 secs] [Times: user=0,00 sys=0,00, real=0,00 secs] 
95,466: [GC (Allocation Failure) [PSYoungGen: 105568K->64K(102912K)] 107488K->1984K(278016K), 0,0004812 secs] [Times: user=0,00 sys=0,00, real=0,00 secs] 
95,512: [GC (Allocation Failure) [PSYoungGen: 102463K->96K(99840K)] 104384K->2016K(274944K), 0,0005418 secs] [Times: user=0,00 sys=0,00, real=0,01 secs] 
95,555: [GC (Allocation Failure) [PSYoungGen: 99424K->96K(119808K)] 101344K->2016K(294912K), 0,0005448 secs] [Times: user=0,00 sys=0,00, real=0,00 secs] 
95,607: [GC (Allocation Failure) [PSYoungGen: 119392K->96K(116224K)] 121312K->2016K(291328K), 0,0004938 secs] [Times: user=0,00 sys=0,00, real=0,00 secs] 
95,658: [GC (Allocation Failure) [PSYoungGen: 115807K->96K(112640K)] 117728K->2016K(287744K), 0,0005569 secs] [Times: user=0,00 sys=0,00, real=0,00 secs] 
95,707: [GC (Allocation Failure) [PSYoungGen: 112223K->96K(109568K)] 114144K->2016K(284672K), 0,0005580 secs] [Times: user=0,00 sys=0,00, real=0,00 secs] 
95,754: [GC (Allocation Failure) [PSYoungGen: 109152K->64K(131584K)] 111072K->1984K(306688K), 0,0005398 secs] [Times: user=0,00 sys=0,00, real=0,00 secs] 
95,812: [GC (Allocation Failure) [PSYoungGen: 131136K->96K(127488K)] 133056K->2016K(302592K), 0,0005193 secs] [Times: user=0,00 sys=0,00, real=0,01 secs] 
95,867: [GC (Allocation Failure) [PSYoungGen: 127072K->96K(123392K)] 128992K->2016K(298496K), 0,0005197 secs] [Times: user=0,00 sys=0,00, real=0,00 secs] 
95,921: [GC (Allocation Failure) [PSYoungGen: 122975K->96K(119808K)] 124896K->2016K(294912K), 0,0004877 secs] [Times: user=0,00 sys=0,00, real=0,00 secs] 
95,973: [GC (Allocation Failure) [PSYoungGen: 119392K->96K(116224K)] 121312K->2016K(291328K), 0,0004916 secs] [Times: user=0,00 sys=0,00, real=0,00 secs] 
96,024: [GC (Allocation Failure) [PSYoungGen: 115808K->96K(112640K)] 117728K->2016K(287744K), 0,0005066 secs] [Times: user=0,00 sys=0,00, real=0,00 secs] 
96,078: [GC (Allocation Failure) [PSYoungGen: 112224K->96K(109568K)] 114144K->2016K(284672K), 0,0005275 secs] [Times: user=0,00 sys=0,00, real=0,00 secs] 
96,125: [GC (Allocation Failure) [PSYoungGen: 109152K->96K(106496K)] 111072K->2016K(281600K), 0,0005314 secs] [Times: user=0,00 sys=0,00, real=0,00 secs] 
96,171: [GC (Allocation Failure) [PSYoungGen: 106080K->96K(103424K)] 108000K->2016K(278528K), 0,0005528 secs] [Times: user=0,00 sys=0,00, real=0,00 secs] 
96,216: [GC (Allocation Failure) [PSYoungGen: 103007K->96K(100352K)] 104928K->2016K(275456K), 0,0004981 secs] [Times: user=0,00 sys=0,00, real=0,00 secs] 
96,259: [GC (Allocation Failure) [PSYoungGen: 99936K->96K(97792K)] 101856K->2016K(272896K), 0,0004622 secs] [Times: user=0,00 sys=0,00, real=0,00 secs] 
96,302: [GC (Allocation Failure) [PSYoungGen: 97376K->96K(117248K)] 99296K->2016K(292352K), 0,0005129 secs] [Times: user=0,00 sys=0,00, real=0,01 secs] 
96,353: [GC (Allocation Failure) [PSYoungGen: 116832K->96K(113664K)] 118752K->2016K(288768K), 0,0005488 secs] [Times: user=0,00 sys=0,00, real=0,00 secs] 
96,402: [GC (Allocation Failure) [PSYoungGen: 113248K->96K(110592K)] 115168K->2016K(285696K), 0,0005076 secs] [Times: user=0,00 sys=0,00, real=0,00 secs] 
96,450: [GC (Allocation Failure) [PSYoungGen: 110176K->96K(107520K)] 112096K->2016K(282624K), 0,0004908 secs] [Times: user=0,00 sys=0,00, real=0,00 secs] 
96,497: [GC (Allocation Failure) [PSYoungGen: 107104K->64K(104448K)] 109024K->1984K(279552K), 0,0004929 secs] [Times: user=0,00 sys=0,00, real=0,00 secs] 
96,542: [GC (Allocation Failure) [PSYoungGen: 104000K->64K(101376K)] 105920K->1984K(276480K), 0,0005000 secs] [Times: user=0,00 sys=0,00, real=0,00 secs] 
96,586: [GC (Allocation Failure) [PSYoungGen: 100928K->96K(98816K)] 102848K->2016K(273920K), 0,0005100 secs] [Times: user=0,00 sys=0,00, real=0,00 secs] 
96,629: [GC (Allocation Failure) [PSYoungGen: 98400K->64K(118784K)] 100320K->1984K(293888K), 0,0006163 secs] [Times: user=0,00 sys=0,00, real=0,00 secs] 
96,680: [GC (Allocation Failure) [PSYoungGen: 118336K->96K(142848K)] 120256K->2016K(317952K), 0,0005012 secs] [Times: user=0,00 sys=0,00, real=0,00 secs] 
96,741: [GC (Allocation Failure) [PSYoungGen: 142432K->96K(138240K)] 144352K->2016K(313344K), 0,0004871 secs] [Times: user=0,00 sys=0,00, real=0,00 secs] 
96,800: [GC (Allocation Failure) [PSYoungGen: 137824K->64K(133632K)] 139744K->1984K(308736K), 0,0004883 secs] [Times: user=0,00 sys=0,00, real=0,00 secs] 
96,858: [GC (Allocation Failure) [PSYoungGen: 133184K->96K(129536K)] 135104K->2016K(304640K), 0,0004782 secs] [Times: user=0,00 sys=0,00, real=0,00 secs] 
96,914: [GC (Allocation Failure) [PSYoungGen: 129120K->64K(125440K)] 131040K->1984K(300544K), 0,0005118 secs] [Times: user=0,00 sys=0,00, real=0,00 secs] 
96,968: [GC (Allocation Failure) [PSYoungGen: 124992K->64K(121344K)] 126912K->1984K(296448K), 0,0004750 secs] [Times: user=0,00 sys=0,00, real=0,00 secs] 
97,020: [GC (Allocation Failure) [PSYoungGen: 120896K->96K(117760K)] 122816K->2016K(292864K), 0,0005126 secs] [Times: user=0,00 sys=0,00, real=0,00 secs] 
97,071: [GC (Allocation Failure) [PSYoungGen: 117344K->96K(114176K)] 119264K->2016K(289280K), 0,0005070 secs] [Times: user=0,01 sys=0,00, real=0,00 secs] 
97,120: [GC (Allocation Failure) [PSYoungGen: 113760K->96K(110592K)] 115680K->2016K(285696K), 0,0004902 secs] [Times: user=0,01 sys=0,00, real=0,00 secs] 
97,167: [GC (Allocation Failure) [PSYoungGen: 110176K->96K(107520K)] 112096K->2016K(282624K), 0,0005000 secs] [Times: user=0,00 sys=0,00, real=0,00 secs] 
97,214: [GC (Allocation Failure) [PSYoungGen: 107104K->96K(104448K)] 109024K->2016K(279552K), 0,0005133 secs] [Times: user=0,00 sys=0,00, real=0,00 secs] 
97,259: [GC (Allocation Failure) [PSYoungGen: 104032K->64K(101376K)] 105952K->1984K(276480K), 0,0004918 secs] [Times: user=0,01 sys=0,00, real=0,00 secs] 
97,303: [GC (Allocation Failure) [PSYoungGen: 100928K->64K(98816K)] 102848K->1984K(273920K), 0,0004802 secs] [Times: user=0,00 sys=0,00, real=0,00 secs] 
97,345: [GC (Allocation Failure) [PSYoungGen: 98368K->96K(96256K)] 100288K->2016K(271360K), 0,0004863 secs] [Times: user=0,00 sys=0,00, real=0,00 secs] 
97,387: [GC (Allocation Failure) [PSYoungGen: 95840K->96K(115712K)] 97760K->2016K(290816K), 0,0005279 secs] [Times: user=0,01 sys=0,00, real=0,00 secs] 
97,437: [GC (Allocation Failure) [PSYoungGen: 115296K->96K(138752K)] 117216K->2016K(313856K), 0,0004999 secs] [Times: user=0,01 sys=0,00, real=0,00 secs] 
97,497: [GC (Allocation Failure) [PSYoungGen: 138336K->96K(134144K)] 140256K->2016K(309248K), 0,0005156 secs] [Times: user=0,01 sys=0,00, real=0,00 secs] 
97,555: [GC (Allocation Failure) [PSYoungGen: 133728K->96K(130048K)] 135648K->2016K(305152K), 0,0005166 secs] [Times: user=0,00 sys=0,00, real=0,00 secs] 
97,611: [GC (Allocation Failure) [PSYoungGen: 129632K->96K(125952K)] 131552K->2016K(301056K), 0,0005011 secs] [Times: user=0,00 sys=0,00, real=0,00 secs] 
97,665: [GC (Allocation Failure) [PSYoungGen: 125536K->96K(121856K)] 127456K->2016K(296960K), 0,0005795 secs] [Times: user=0,01 sys=0,00, real=0,00 secs] 
97,718: [GC (Allocation Failure) [PSYoungGen: 121440K->96K(118272K)] 123360K->2016K(293376K), 0,0005036 secs] [Times: user=0,00 sys=0,00, real=0,00 secs] 
97,768: [GC (Allocation Failure) [PSYoungGen: 117856K->96K(114688K)] 119776K->2016K(289792K), 0,0005249 secs] [Times: user=0,00 sys=0,00, real=0,00 secs] 
97,818: [GC (Allocation Failure) [PSYoungGen: 114272K->96K(111104K)] 116192K->2016K(286208K), 0,0005104 secs] [Times: user=0,00 sys=0,00, real=0,00 secs] 
97,866: [GC (Allocation Failure) [PSYoungGen: 110688K->96K(108032K)] 112608K->2016K(283136K), 0,0004830 secs] [Times: user=0,00 sys=0,00, real=0,00 secs] 
97,912: [GC (Allocation Failure) [PSYoungGen: 107616K->64K(104960K)] 109536K->1984K(280064K), 0,0004242 secs] [Times: user=0,00 sys=0,00, real=0,00 secs] 
97,958: [GC (Allocation Failure) [PSYoungGen: 104511K->96K(101888K)] 106432K->2016K(276992K), 0,0004959 secs] [Times: user=0,00 sys=0,00, real=0,00 secs] 
98,002: [GC (Allocation Failure) [PSYoungGen: 101471K->32K(98816K)] 103392K->1952K(273920K), 0,0005398 secs] [Times: user=0,00 sys=0,00, real=0,01 secs] 
98,045: [GC (Allocation Failure) [PSYoungGen: 98336K->96K(118784K)] 100256K->2016K(293888K), 0,0005067 secs] [Times: user=0,00 sys=0,00, real=0,00 secs] 
98,096: [GC (Allocation Failure) [PSYoungGen: 118368K->96K(115200K)] 120288K->2016K(290304K), 0,0004901 secs] [Times: user=0,00 sys=0,00, real=0,00 secs] 
98,146: [GC (Allocation Failure) [PSYoungGen: 114784K->96K(111616K)] 116704K->2016K(286720K), 0,0004801 secs] [Times: user=0,00 sys=0,00, real=0,00 secs] 
98,194: [GC (Allocation Failure) [PSYoungGen: 111200K->96K(108544K)] 113120K->2016K(283648K), 0,0005061 secs] [Times: user=0,00 sys=0,00, real=0,00 secs] 
98,241: [GC (Allocation Failure) [PSYoungGen: 108128K->96K(105472K)] 110048K->2016K(280576K), 0,0005092 secs] [Times: user=0,01 sys=0,00, real=0,00 secs] 
98,287: [GC (Allocation Failure) [PSYoungGen: 105056K->96K(102400K)] 106976K->2016K(277504K), 0,0004764 secs] [Times: user=0,00 sys=0,00, real=0,00 secs] 
98,331: [GC (Allocation Failure) [PSYoungGen: 101984K->64K(99328K)] 103904K->1984K(274432K), 0,0004878 secs] [Times: user=0,00 sys=0,00, real=0,00 secs] 
98,374: [GC (Allocation Failure) [PSYoungGen: 98880K->96K(96768K)] 100800K->2016K(271872K), 0,0005037 secs] [Times: user=0,00 sys=0,00, real=0,00 secs] 
98,416: [GC (Allocation Failure) [PSYoungGen: 96352K->96K(116224K)] 98272K->2016K(291328K), 0,0005034 secs] [Times: user=0,00 sys=0,00, real=0,00 secs] 
98,466: [GC (Allocation Failure) [PSYoungGen: 115808K->96K(112640K)] 117728K->2016K(287744K), 0,0004695 secs] [Times: user=0,00 sys=0,00, real=0,00 secs] 
98,515: [GC (Allocation Failure) [PSYoungGen: 112224K->96K(109568K)] 114144K->2016K(284672K), 0,0004907 secs] [Times: user=0,00 sys=0,00, real=0,00 secs] 
98,563: [GC (Allocation Failure) [PSYoungGen: 109152K->96K(106496K)] 111072K->2016K(281600K), 0,0005188 secs] [Times: user=0,00 sys=0,00, real=0,00 secs] 
98,609: [GC (Allocation Failure) [PSYoungGen: 106080K->96K(103424K)] 108000K->2016K(278528K), 0,0005010 secs] [Times: user=0,00 sys=0,00, real=0,00 secs] 
98,654: [GC (Allocation Failure) [PSYoungGen: 103008K->96K(100352K)] 104928K->2016K(275456K), 0,0005048 secs] [Times: user=0,00 sys=0,00, real=0,00 secs] 
98,697: [GC (Allocation Failure) [PSYoungGen: 99936K->96K(120320K)] 101856K->2016K(295424K), 0,0005072 secs] [Times: user=0,00 sys=0,00, real=0,00 secs] 
98,749: [GC (Allocation Failure) [PSYoungGen: 119904K->96K(116736K)] 121824K->2016K(291840K), 0,0004755 secs] [Times: user=0,00 sys=0,00, real=0,00 secs] 
98,799: [GC (Allocation Failure) [PSYoungGen: 116320K->96K(113152K)] 118240K->2016K(288256K), 0,0004871 secs] [Times: user=0,00 sys=0,00, real=0,00 secs] 
98,848: [GC (Allocation Failure) [PSYoungGen: 112736K->96K(110080K)] 114656K->2016K(285184K), 0,0005030 secs] [Times: user=0,00 sys=0,00, real=0,00 secs] 
98,895: [GC (Allocation Failure) [PSYoungGen: 109664K->96K(107008K)] 111584K->2016K(282112K), 0,0004734 secs] [Times: user=0,01 sys=0,00, real=0,00 secs] 
98,941: [GC (Allocation Failure) [PSYoungGen: 106591K->96K(103936K)] 108512K->2016K(279040K), 0,0004905 secs] [Times: user=0,00 sys=0,00, real=0,00 secs] 
98,986: [GC (Allocation Failure) [PSYoungGen: 103520K->96K(100864K)] 105440K->2016K(275968K), 0,0004875 secs] [Times: user=0,00 sys=0,00, real=0,00 secs] 
99,029: [GC (Allocation Failure) [PSYoungGen: 100448K->96K(98304K)] 102368K->2016K(273408K), 0,0005062 secs] [Times: user=0,00 sys=0,00, real=0,00 secs] 
99,072: [GC (Allocation Failure) [PSYoungGen: 97888K->64K(118272K)] 99808K->1984K(293376K), 0,0005071 secs] [Times: user=0,00 sys=0,00, real=0,01 secs] 
99,123: [GC (Allocation Failure) [PSYoungGen: 117824K->96K(114688K)] 119744K->2016K(289792K), 0,0004889 secs] [Times: user=0,01 sys=0,01, real=0,00 secs] 
99,172: [GC (Allocation Failure) [PSYoungGen: 114272K->96K(111104K)] 116192K->2016K(286208K), 0,0005220 secs] [Times: user=0,01 sys=0,00, real=0,00 secs] 
99,220: [GC (Allocation Failure) [PSYoungGen: 110688K->96K(108032K)] 112608K->2016K(283136K), 0,0005230 secs] [Times: user=0,00 sys=0,00, real=0,00 secs] 
99,267: [GC (Allocation Failure) [PSYoungGen: 107616K->64K(104960K)] 109536K->1984K(280064K), 0,0004969 secs] [Times: user=0,00 sys=0,00, real=0,00 secs] 
99,312: [GC (Allocation Failure) [PSYoungGen: 104512K->96K(101888K)] 106432K->2016K(276992K), 0,0004954 secs] [Times: user=0,00 sys=0,00, real=0,00 secs] 
99,356: [GC (Allocation Failure) [PSYoungGen: 101472K->96K(122368K)] 103392K->2016K(297472K), 0,0005007 secs] [Times: user=0,00 sys=0,00, real=0,00 secs] 
99,409: [GC (Allocation Failure) [PSYoungGen: 121952K->96K(118784K)] 123872K->2016K(293888K), 0,0004956 secs] [Times: user=0,00 sys=0,00, real=0,00 secs] 
99,460: [GC (Allocation Failure) [PSYoungGen: 118368K->96K(115200K)] 120288K->2016K(290304K), 0,0004977 secs] [Times: user=0,01 sys=0,00, real=0,00 secs] 
99,510: [GC (Allocation Failure) [PSYoungGen: 114784K->96K(111616K)] 116704K->2016K(286720K), 0,0005046 secs] [Times: user=0,00 sys=0,00, real=0,00 secs] 
99,559: [GC (Allocation Failure) [PSYoungGen: 111200K->96K(108544K)] 113120K->2016K(283648K), 0,0005141 secs] [Times: user=0,01 sys=0,00, real=0,00 secs] 
99,606: [GC (Allocation Failure) [PSYoungGen: 108128K->96K(105472K)] 110048K->2016K(280576K), 0,0004940 secs] [Times: user=0,00 sys=0,00, real=0,00 secs] 
99,652: [GC (Allocation Failure) [PSYoungGen: 105056K->96K(102400K)] 106976K->2016K(277504K), 0,0004691 secs] [Times: user=0,00 sys=0,00, real=0,01 secs] 
99,696: [GC (Allocation Failure) [PSYoungGen: 101984K->96K(99328K)] 103904K->2016K(274432K), 0,0004675 secs] [Times: user=0,00 sys=0,00, real=0,00 secs] 
99,739: [GC (Allocation Failure) [PSYoungGen: 98912K->96K(96768K)] 100832K->2016K(271872K), 0,0004833 secs] [Times: user=0,00 sys=0,00, real=0,00 secs] 
99,781: [GC (Allocation Failure) [PSYoungGen: 96352K->96K(94208K)] 98272K->2016K(269312K), 0,0004974 secs] [Times: user=0,00 sys=0,00, real=0,01 secs] 
99,822: [GC (Allocation Failure) [PSYoungGen: 93792K->96K(113152K)] 95712K->2016K(288256K), 0,0004717 secs] [Times: user=0,00 sys=0,00, real=0,00 secs] 
99,872: [GC (Allocation Failure) [PSYoungGen: 112736K->96K(110080K)] 114656K->2016K(285184K), 0,0004932 secs] [Times: user=0,00 sys=0,00, real=0,01 secs] 
99,920: [GC (Allocation Failure) [PSYoungGen: 109664K->96K(107008K)] 111584K->2016K(282112K), 0,0005205 secs] [Times: user=0,00 sys=0,00, real=0,00 secs] 
99,967: [GC (Allocation Failure) [PSYoungGen: 106592K->96K(128512K)] 108512K->2016K(303616K), 0,0005994 secs] [Times: user=0,00 sys=0,00, real=0,00 secs] 
100,023: [GC (Allocation Failure) [PSYoungGen: 128096K->96K(154112K)] 130016K->2016K(329216K), 0,0005627 secs] [Times: user=0,00 sys=0,00, real=0,00 secs] 
100,090: [GC (Allocation Failure) [PSYoungGen: 153696K->64K(148992K)] 155616K->1984K(324096K), 0,0005215 secs] [Times: user=0,00 sys=0,00, real=0,00 secs] 
100,155: [GC (Allocation Failure) [PSYoungGen: 148544K->96K(143872K)] 150464K->2016K(318976K), 0,0005232 secs] [Times: user=0,00 sys=0,00, real=0,00 secs] 
100,218: [GC (Allocation Failure) [PSYoungGen: 143456K->96K(139264K)] 145376K->2016K(314368K), 0,0005099 secs] [Times: user=0,01 sys=0,00, real=0,00 secs] 
100,278: [GC (Allocation Failure) [PSYoungGen: 138848K->96K(134656K)] 140768K->2016K(309760K), 0,0005126 secs] [Times: user=0,01 sys=0,00, real=0,00 secs] 
Heap
 PSYoungGen      total 134656K, used 30573K [0x000000076ab00000, 0x000000079c700000, 0x00000007c0000000)
  eden space 134144K, 22% used [0x000000076ab00000,0x000000076c8c3650,0x0000000772e00000)
  from space 512K, 18% used [0x000000079c600000,0x000000079c618000,0x000000079c680000)
  to   space 512K, 0% used [0x000000079c680000,0x000000079c680000,0x000000079c700000)
 ParOldGen       total 175104K, used 1920K [0x00000006c0000000, 0x00000006cab00000, 0x000000076ab00000)
  object space 175104K, 1% used [0x00000006c0000000,0x00000006c01e00a0,0x00000006cab00000)
 Metaspace       used 9101K, capacity 9412K, committed 9600K, reserved 1058816K
  class space    used 1049K, capacity 1140K, committed 1152K, reserved 1048576K
