OpenJDK 64-Bit Server VM (25.202-b05) for bsd-amd64 JRE (Zulu 8.36.0.1-CA-macosx) (1.8.0_202-b05), built on Jan 29 2019 06:07:09 by "zulu_re" with gcc 4.2.1 (Based on Apple Inc. build 5658) (LLVM build 2336.11.00)
Memory: 4k page, physical 16777216k(3673488k free)

/proc/meminfo:

CommandLine flags: -XX:InitialHeapSize=268435456 -XX:MaxHeapSize=4294967296 -XX:+PrintGC -XX:+PrintGCDetails -XX:+PrintGCTimeStamps -XX:+UseCompressedClassPointers -XX:+UseCompressedOops -XX:+UseParallelGC 
Heap
 PSYoungGen      total 76288K, used 35665K [0x000000076ab00000, 0x0000000770000000, 0x00000007c0000000)
  eden space 65536K, 54% used [0x000000076ab00000,0x000000076cdd4500,0x000000076eb00000)
  from space 10752K, 0% used [0x000000076f580000,0x000000076f580000,0x0000000770000000)
  to   space 10752K, 0% used [0x000000076eb00000,0x000000076eb00000,0x000000076f580000)
 ParOldGen       total 175104K, used 0K [0x00000006c0000000, 0x00000006cab00000, 0x000000076ab00000)
  object space 175104K, 0% used [0x00000006c0000000,0x00000006c0000000,0x00000006cab00000)
 Metaspace       used 7668K, capacity 8005K, committed 8192K, reserved 1056768K
  class space    used 852K, capacity 948K, committed 1024K, reserved 1048576K
s] 
0,996: [GC (Allocation Failure) [PSYoungGen: 264144K->2016K(272896K)] 264176K->2048K(448000K), 0,0027857 secs] [Times: user=0,00 sys=0,00, real=0,01 secs] 
1,173: [GC (Allocation Failure) [PSYoungGen: 264160K->2048K(529920K)] 264192K->2080K(705024K), 0,0019144 secs] [Times: user=0,00 sys=0,00, real=0,00 secs] 
1,611: [GC (Allocation Failure) [PSYoungGen: 526336K->64K(529920K)] 526368K->2067K(705024K), 0,0023356 secs] [Times: user=0,01 sys=0,00, real=0,00 secs] 
1,949: [GC (Allocation Failure) [PSYoungGen: 524352K->96K(501760K)] 526355K->2115K(676864K), 0,0005410 secs] [Times: user=0,00 sys=0,00, real=0,00 secs] 
2,265: [GC (Allocation Failure) [PSYoungGen: 501344K->96K(484864K)] 503363K->2131K(659968K), 0,0005346 secs] [Times: user=0,00 sys=0,00, real=0,00 secs] 
2,570: [GC (Allocation Failure) [PSYoungGen: 479328K->96K(458752K)] 481363K->2131K(633856K), 0,0005646 secs] [Times: user=0,00 sys=0,00, real=0,00 secs] 
2,860: [GC (Allocation Failure) [PSYoungGen: 458336K->32K(443904K)] 460371K->2075K(619008K), 0,0006642 secs] [Times: user=0,00 sys=0,00, real=0,00 secs] 
3,139: [GC (Allocation Failure) [PSYoungGen: 438304K->96K(419840K)] 440347K->2139K(594944K), 0,0006327 secs] [Times: user=0,00 sys=0,00, real=0,00 secs] 
3,404: [GC (Allocation Failure) [PSYoungGen: 419424K->96K(407040K)] 421467K->2139K(582144K), 0,0005459 secs] [Times: user=0,00 sys=0,00, real=0,00 secs] 
3,659: [GC (Allocation Failure) [PSYoungGen: 401504K->96K(385024K)] 403547K->2147K(560128K), 0,0005563 secs] [Times: user=0,00 sys=0,00, real=0,00 secs] 
3,903: [GC (Allocation Failure) [PSYoungGen: 384608K->96K(373248K)] 386659K->2147K(548352K), 0,0005218 secs] [Times: user=0,00 sys=0,00, real=0,00 secs] 
4,137: [GC (Allocation Failure) [PSYoungGen: 368224K->96K(353280K)] 370275K->2147K(528384K), 0,0005455 secs] [Times: user=0,00 sys=0,00, real=0,01 secs] 
4,360: [GC (Allocation Failure) [PSYoungGen: 352864K->96K(342528K)] 354915K->2147K(517632K), 0,0005230 secs] [Times: user=0,00 sys=0,00, real=0,00 secs] 
4,575: [GC (Allocation Failure) [PSYoungGen: 338016K->64K(324608K)] 340067K->2115K(499712K), 0,0005419 secs] [Times: user=0,00 sys=0,00, real=0,00 secs] 
4,781: [GC (Allocation Failure) [PSYoungGen: 324160K->64K(314880K)] 326211K->2115K(489984K), 0,0005171 secs] [Times: user=0,00 sys=0,00, real=0,00 secs] 
4,978: [GC (Allocation Failure) [PSYoungGen: 310848K->96K(298496K)] 312899K->2147K(473600K), 0,0005818 secs] [Times: user=0,01 sys=0,00, real=0,00 secs] 
5,167: [GC (Allocation Failure) [PSYoungGen: 298080K->96K(289792K)] 300131K->2147K(464896K), 0,0005269 secs] [Times: user=0,00 sys=0,00, real=0,00 secs] 
5,349: [GC (Allocation Failure) [PSYoungGen: 286304K->64K(275456K)] 288355K->2115K(450560K), 0,0005419 secs] [Times: user=0,00 sys=0,00, real=0,00 secs] 
5,524: [GC (Allocation Failure) [PSYoungGen: 275008K->96K(267776K)] 277059K->2147K(442880K), 0,0005286 secs] [Times: user=0,00 sys=0,00, real=0,00 secs] 
5,692: [GC (Allocation Failure) [PSYoungGen: 264288K->96K(254464K)] 266339K->2147K(429568K), 0,0005408 secs] [Times: user=0,00 sys=0,00, real=0,00 secs] 
5,853: [GC (Allocation Failure) [PSYoungGen: 254048K->96K(247296K)] 256099K->2147K(422400K), 0,0005234 secs] [Times: user=0,00 sys=0,00, real=0,00 secs] 
6,008: [GC (Allocation Failure) [PSYoungGen: 244320K->64K(235520K)] 246371K->2115K(410624K), 0,0006571 secs] [Times: user=0,00 sys=0,00, real=0,00 secs] 
6,158: [GC (Allocation Failure) [PSYoungGen: 235072K->96K(228864K)] 237123K->2147K(403968K), 0,0005673 secs] [Times: user=0,00 sys=0,00, real=0,00 secs] 
6,302: [GC (Allocation Failure) [PSYoungGen: 226400K->96K(218112K)] 228451K->2147K(393216K), 0,0005941 secs] [Times: user=0,00 sys=0,00, real=0,00 secs] 
6,441: [GC (Allocation Failure) [PSYoungGen: 217696K->96K(211968K)] 219747K->2147K(387072K), 0,0005190 secs] [Times: user=0,00 sys=0,00, real=0,00 secs] 
6,574: [GC (Allocation Failure) [PSYoungGen: 209504K->64K(202240K)] 211555K->2115K(377344K), 0,0005720 secs] [Times: user=0,00 sys=0,00, real=0,00 secs] 
6,703: [GC (Allocation Failure) [PSYoungGen: 201792K->96K(196608K)] 203843K->2147K(371712K), 0,0005362 secs] [Times: user=0,00 sys=0,00, real=0,00 secs] 
6,826: [GC (Allocation Failure) [PSYoungGen: 194656K->96K(187904K)] 196707K->2147K(363008K), 0,0005339 secs] [Times: user=0,00 sys=0,00, real=0,01 secs] 
6,946: [GC (Allocation Failure) [PSYoungGen: 187488K->96K(182784K)] 189539K->2147K(357888K), 0,0005179 secs] [Times: user=0,00 sys=0,00, real=0,00 secs] 
7,060: [GC (Allocation Failure) [PSYoungGen: 180832K->96K(175104K)] 182883K->2155K(350208K), 0,0005320 secs] [Times: user=0,00 sys=0,00, real=0,00 secs] 
7,171: [GC (Allocation Failure) [PSYoungGen: 174688K->64K(169984K)] 176747K->2123K(345088K), 0,0005721 secs] [Times: user=0,00 sys=0,00, real=0,00 secs] 
7,279: [GC (Allocation Failure) [PSYoungGen: 168512K->64K(163328K)] 170571K->2123K(338432K), 0,0005339 secs] [Times: user=0,00 sys=0,00, real=0,00 secs] 
7,383: [GC (Allocation Failure) [PSYoungGen: 162880K->64K(158720K)] 164939K->2123K(333824K), 0,0006280 secs] [Times: user=0,00 sys=0,00, real=0,00 secs] 
7,483: [GC (Allocation Failure) [PSYoungGen: 157248K->64K(152576K)] 159307K->2123K(327680K), 0,0005317 secs] [Times: user=0,00 sys=0,00, real=0,00 secs] 
7,580: [GC (Allocation Failure) [PSYoungGen: 152128K->96K(148480K)] 154187K->2155K(323584K), 0,0005119 secs] [Times: user=0,00 sys=0,00, real=0,00 secs] 
7,674: [GC (Allocation Failure) [PSYoungGen: 147040K->64K(142848K)] 149099K->2123K(317952K), 0,0005080 secs] [Times: user=0,00 sys=0,00, real=0,00 secs] 
7,765: [GC (Allocation Failure) [PSYoungGen: 142400K->96K(138752K)] 144459K->2155K(313856K), 0,0005224 secs] [Times: user=0,00 sys=0,00, real=0,00 secs] 
7,853: [GC (Allocation Failure) [PSYoungGen: 137824K->32K(133632K)] 139883K->2091K(308736K), 0,0005348 secs] [Times: user=0,00 sys=0,00, real=0,00 secs] 
7,938: [GC (Allocation Failure) [PSYoungGen: 133152K->96K(130048K)] 135211K->2155K(305152K), 0,0005037 secs] [Times: user=0,00 sys=0,00, real=0,00 secs] 
8,020: [GC (Allocation Failure) [PSYoungGen: 129120K->64K(125440K)] 131179K->2123K(300544K), 0,0006040 secs] [Times: user=0,01 sys=0,00, real=0,00 secs] 
8,099: [GC (Allocation Failure) [PSYoungGen: 124992K->96K(121856K)] 127051K->2155K(296960K), 0,0005254 secs] [Times: user=0,01 sys=0,00, real=0,00 secs] 
8,177: [GC (Allocation Failure) [PSYoungGen: 120928K->64K(117760K)] 122987K->2123K(292864K), 0,0005003 secs] [Times: user=0,00 sys=0,00, real=0,01 secs] 
8,252: [GC (Allocation Failure) [PSYoungGen: 117312K->64K(114688K)] 119371K->2123K(289792K), 0,0005542 secs] [Times: user=0,00 sys=0,00, real=0,00 secs] 
8,324: [GC (Allocation Failure) [PSYoungGen: 113728K->64K(110592K)] 115787K->2123K(285696K), 0,0005755 secs] [Times: user=0,00 sys=0,01, real=0,00 secs] 
8,394: [GC (Allocation Failure) [PSYoungGen: 110144K->64K(107520K)] 112203K->2123K(282624K), 0,0005067 secs] [Times: user=0,00 sys=0,00, real=0,00 secs] 
8,464: [GC (Allocation Failure) [PSYoungGen: 107072K->64K(104448K)] 109131K->2123K(279552K), 0,0005083 secs] [Times: user=0,00 sys=0,00, real=0,00 secs] 
8,531: [GC (Allocation Failure) [PSYoungGen: 104000K->96K(101376K)] 106059K->2155K(276480K), 0,0005081 secs] [Times: user=0,00 sys=0,00, real=0,00 secs] 
8,595: [GC (Allocation Failure) [PSYoungGen: 100960K->96K(98816K)] 103019K->2155K(273920K), 0,0004959 secs] [Times: user=0,00 sys=0,00, real=0,00 secs] 
8,658: [GC (Allocation Failure) [PSYoungGen: 98400K->32K(96256K)] 100459K->2091K(271360K), 0,0004975 secs] [Times: user=0,00 sys=0,00, real=0,00 secs] 
8,719: [GC (Allocation Failure) [PSYoungGen: 95776K->96K(93696K)] 97835K->2155K(268800K), 0,0005963 secs] [Times: user=0,00 sys=0,00, real=0,00 secs] 
8,779: [GC (Allocation Failure) [PSYoungGen: 93280K->32K(91136K)] 95339K->2091K(266240K), 0,0005187 secs] [Times: user=0,00 sys=0,00, real=0,00 secs] 
8,837: [GC (Allocation Failure) [PSYoungGen: 90656K->64K(88576K)] 92715K->2123K(263680K), 0,0004914 secs] [Times: user=0,00 sys=0,00, real=0,01 secs] 
8,893: [GC (Allocation Failure) [PSYoungGen: 88128K->64K(86528K)] 90187K->2123K(261632K), 0,0004990 secs] [Times: user=0,00 sys=0,00, real=0,00 secs] 
8,949: [GC (Allocation Failure) [PSYoungGen: 86080K->64K(84480K)] 88139K->2123K(259584K), 0,0005023 secs] [Times: user=0,00 sys=0,00, real=0,00 secs] 
9,002: [GC (Allocation Failure) [PSYoungGen: 84032K->64K(82432K)] 86091K->2123K(257536K), 0,0004749 secs] [Times: user=0,00 sys=0,00, real=0,00 secs] 
9,055: [GC (Allocation Failure) [PSYoungGen: 81984K->64K(80384K)] 84043K->2123K(255488K), 0,0004860 secs] [Times: user=0,00 sys=0,00, real=0,00 secs] 
9,106: [GC (Allocation Failure) [PSYoungGen: 79936K->64K(78336K)] 81995K->2123K(253440K), 0,0004766 secs] [Times: user=0,00 sys=0,00, real=0,01 secs] 
9,156: [GC (Allocation Failure) [PSYoungGen: 77888K->96K(76288K)] 79947K->2155K(251392K), 0,0004761 secs] [Times: user=0,00 sys=0,00, real=0,00 secs] 
9,205: [GC (Allocation Failure) [PSYoungGen: 75872K->64K(74752K)] 77931K->2123K(249856K), 0,0004730 secs] [Times: user=0,00 sys=0,00, real=0,00 secs] 
9,252: [GC (Allocation Failure) [PSYoungGen: 74304K->96K(73216K)] 76363K->2155K(248320K), 0,0005362 secs] [Times: user=0,00 sys=0,00, real=0,00 secs] 
9,299: [GC (Allocation Failure) [PSYoungGen: 72800K->96K(71680K)] 74859K->2155K(246784K), 0,0004909 secs] [Times: user=0,00 sys=0,00, real=0,00 secs] 
9,345: [GC (Allocation Failure) [PSYoungGen: 71264K->96K(70144K)] 73323K->2155K(245248K), 0,0004897 secs] [Times: user=0,00 sys=0,00, real=0,00 secs] 
9,390: [GC (Allocation Failure) [PSYoungGen: 69728K->64K(68608K)] 71787K->2123K(243712K), 0,0004841 secs] [Times: user=0,01 sys=0,00, real=0,00 secs] 
9,434: [GC (Allocation Failure) [PSYoungGen: 68160K->32K(67072K)] 70219K->2091K(242176K), 0,0004836 secs] [Times: user=0,00 sys=0,00, real=0,00 secs] 
9,476: [GC (Allocation Failure) [PSYoungGen: 66592K->64K(65536K)] 68651K->2123K(240640K), 0,0005169 secs] [Times: user=0,00 sys=0,00, real=0,01 secs] 
9,518: [GC (Allocation Failure) [PSYoungGen: 65088K->32K(78848K)] 67147K->2091K(253952K), 0,0010761 secs] [Times: user=0,01 sys=0,00, real=0,00 secs] 
9,573: [GC (Allocation Failure) [PSYoungGen: 78368K->64K(94720K)] 80427K->2123K(269824K), 0,0006201 secs] [Times: user=0,00 sys=0,00, real=0,00 secs] 
9,634: [GC (Allocation Failure) [PSYoungGen: 94272K->96K(113664K)] 96331K->2155K(288768K), 0,0004849 secs] [Times: user=0,00 sys=0,00, real=0,00 secs] 
9,706: [GC (Allocation Failure) [PSYoungGen: 113248K->64K(136704K)] 115307K->2123K(311808K), 0,0004960 secs] [Times: user=0,00 sys=0,00, real=0,01 secs] 
9,793: [GC (Allocation Failure) [PSYoungGen: 136256K->64K(132608K)] 138315K->2123K(307712K), 0,0005066 secs] [Times: user=0,00 sys=0,00, real=0,00 secs] 
9,877: [GC (Allocation Failure) [PSYoungGen: 132160K->64K(128512K)] 134219K->2123K(303616K), 0,0005029 secs] [Times: user=0,00 sys=0,00, real=0,00 secs] 
9,959: [GC (Allocation Failure) [PSYoungGen: 128064K->64K(124416K)] 130123K->2123K(299520K), 0,0005019 secs] [Times: user=0,00 sys=0,00, real=0,00 secs] 
10,037: [GC (Allocation Failure) [PSYoungGen: 123968K->64K(120832K)] 126027K->2123K(295936K), 0,0004872 secs] [Times: user=0,00 sys=0,00, real=0,00 secs] 
10,114: [GC (Allocation Failure) [PSYoungGen: 120384K->96K(117248K)] 122443K->2155K(292352K), 0,0004795 secs] [Times: user=0,01 sys=0,00, real=0,00 secs] 
10,189: [GC (Allocation Failure) [PSYoungGen: 116832K->64K(113664K)] 118891K->2123K(288768K), 0,0004905 secs] [Times: user=0,00 sys=0,00, real=0,00 secs] 
10,267: [GC (Allocation Failure) [PSYoungGen: 113216K->160K(110592K)] 115275K->2219K(285696K), 0,0005965 secs] [Times: user=0,01 sys=0,00, real=0,00 secs] 
10,338: [GC (Allocation Failure) [PSYoungGen: 110240K->64K(107520K)] 112299K->2195K(282624K), 0,0005781 secs] [Times: user=0,00 sys=0,00, real=0,00 secs] 
10,407: [GC (Allocation Failure) [PSYoungGen: 107072K->64K(104448K)] 109203K->2195K(279552K), 0,0005021 secs] [Times: user=0,00 sys=0,00, real=0,00 secs] 
10,473: [GC (Allocation Failure) [PSYoungGen: 104000K->96K(101376K)] 106131K->2227K(276480K), 0,0005537 secs] [Times: user=0,00 sys=0,00, real=0,00 secs] 
10,538: [GC (Allocation Failure) [PSYoungGen: 100960K->64K(98816K)] 103091K->2195K(273920K), 0,0004928 secs] [Times: user=0,00 sys=0,00, real=0,00 secs] 
10,600: [GC (Allocation Failure) [PSYoungGen: 98368K->64K(96256K)] 100499K->2195K(271360K), 0,0004997 secs] [Times: user=0,00 sys=0,00, real=0,00 secs] 
10,661: [GC (Allocation Failure) [PSYoungGen: 95808K->96K(93696K)] 97939K->2227K(268800K), 0,0004944 secs] [Times: user=0,00 sys=0,00, real=0,00 secs] 
10,721: [GC (Allocation Failure) [PSYoungGen: 93280K->96K(91136K)] 95411K->2227K(266240K), 0,0005028 secs] [Times: user=0,00 sys=0,00, real=0,00 secs] 
10,780: [GC (Allocation Failure) [PSYoungGen: 90720K->64K(88576K)] 92851K->2195K(263680K), 0,0006959 secs] [Times: user=0,00 sys=0,00, real=0,00 secs] 
10,836: [GC (Allocation Failure) [PSYoungGen: 88128K->64K(86528K)] 90259K->2195K(261632K), 0,0005119 secs] [Times: user=0,00 sys=0,00, real=0,01 secs] 
10,892: [GC (Allocation Failure) [PSYoungGen: 86080K->64K(84480K)] 88211K->2195K(259584K), 0,0004962 secs] [Times: user=0,00 sys=0,00, real=0,00 secs] 
10,945: [GC (Allocation Failure) [PSYoungGen: 84032K->32K(82432K)] 86163K->2163K(257536K), 0,0004861 secs] [Times: user=0,00 sys=0,00, real=0,00 secs] 
10,998: [GC (Allocation Failure) [PSYoungGen: 81952K->64K(80384K)] 84083K->2195K(255488K), 0,0004841 secs] [Times: user=0,00 sys=0,00, real=0,00 secs] 
11,050: [GC (Allocation Failure) [PSYoungGen: 79936K->64K(96768K)] 82067K->2195K(271872K), 0,0009774 secs] [Times: user=0,00 sys=0,00, real=0,00 secs] 
11,112: [GC (Allocation Failure) [PSYoungGen: 96320K->32K(94208K)] 98451K->2163K(269312K), 0,0005070 secs] [Times: user=0,00 sys=0,00, real=0,00 secs] 
11,172: [GC (Allocation Failure) [PSYoungGen: 93728K->64K(91648K)] 95859K->2195K(266752K), 0,0004942 secs] [Times: user=0,00 sys=0,00, real=0,00 secs] 
11,231: [GC (Allocation Failure) [PSYoungGen: 91200K->64K(89088K)] 93331K->2195K(264192K), 0,0004989 secs] [Times: user=0,00 sys=0,00, real=0,00 secs] 
11,288: [GC (Allocation Failure) [PSYoungGen: 88640K->96K(87040K)] 90771K->2227K(262144K), 0,0005180 secs] [Times: user=0,00 sys=0,00, real=0,00 secs] 
11,343: [GC (Allocation Failure) [PSYoungGen: 86624K->64K(84992K)] 88755K->2195K(260096K), 0,0005025 secs] [Times: user=0,00 sys=0,00, real=0,00 secs] 
11,398: [GC (Allocation Failure) [PSYoungGen: 84544K->64K(82944K)] 86675K->2195K(258048K), 0,0005108 secs] [Times: user=0,00 sys=0,00, real=0,00 secs] 
11,451: [GC (Allocation Failure) [PSYoungGen: 82496K->64K(80896K)] 84627K->2195K(256000K), 0,0004991 secs] [Times: user=0,00 sys=0,00, real=0,00 secs] 
11,503: [GC (Allocation Failure) [PSYoungGen: 80448K->64K(97280K)] 82579K->2195K(272384K), 0,0009888 secs] [Times: user=0,00 sys=0,00, real=0,00 secs] 
11,566: [GC (Allocation Failure) [PSYoungGen: 96832K->32K(94720K)] 98963K->2163K(269824K), 0,0004837 secs] [Times: user=0,00 sys=0,00, real=0,00 secs] 
11,626: [GC (Allocation Failure) [PSYoungGen: 94240K->64K(92160K)] 96371K->2195K(267264K), 0,0006068 secs] [Times: user=0,00 sys=0,00, real=0,00 secs] 
11,685: [GC (Allocation Failure) [PSYoungGen: 91712K->64K(89600K)] 93843K->2195K(264704K), 0,0005248 secs] [Times: user=0,00 sys=0,00, real=0,00 secs] 
11,742: [GC (Allocation Failure) [PSYoungGen: 89152K->96K(87040K)] 91283K->2227K(262144K), 0,0004951 secs] [Times: user=0,00 sys=0,00, real=0,00 secs] 
11,797: [GC (Allocation Failure) [PSYoungGen: 86624K->64K(84992K)] 88755K->2195K(260096K), 0,0005755 secs] [Times: user=0,00 sys=0,00, real=0,00 secs] 
11,851: [GC (Allocation Failure) [PSYoungGen: 84544K->64K(82944K)] 86675K->2195K(258048K), 0,0005673 secs] [Times: user=0,00 sys=0,00, real=0,00 secs] 
11,905: [GC (Allocation Failure) [PSYoungGen: 82496K->64K(80896K)] 84627K->2195K(256000K), 0,0005031 secs] [Times: user=0,00 sys=0,00, real=0,00 secs] 
11,956: [GC (Allocation Failure) [PSYoungGen: 80448K->64K(78848K)] 82579K->2195K(253952K), 0,0005122 secs] [Times: user=0,00 sys=0,00, real=0,01 secs] 
12,006: [GC (Allocation Failure) [PSYoungGen: 78400K->64K(76800K)] 80531K->2195K(251904K), 0,0004838 secs] [Times: user=0,00 sys=0,00, real=0,01 secs] 
12,055: [GC (Allocation Failure) [PSYoungGen: 76352K->64K(74752K)] 78483K->2195K(249856K), 0,0004982 secs] [Times: user=0,00 sys=0,00, real=0,00 secs] 
12,103: [GC (Allocation Failure) [PSYoungGen: 74304K->0K(73216K)] 76435K->2131K(248320K), 0,0005850 secs] [Times: user=0,00 sys=0,00, real=0,00 secs] 
12,150: [GC (Allocation Failure) [PSYoungGen: 72704K->32K(71680K)] 74835K->2163K(246784K), 0,0005032 secs] [Times: user=0,00 sys=0,00, real=0,00 secs] 
12,196: [GC (Allocation Failure) [PSYoungGen: 71200K->96K(70144K)] 73331K->2227K(245248K), 0,0004889 secs] [Times: user=0,01 sys=0,00, real=0,00 secs] 
12,241: [GC (Allocation Failure) [PSYoungGen: 69728K->96K(68608K)] 71859K->2227K(243712K), 0,0004946 secs] [Times: user=0,00 sys=0,00, real=0,00 secs] 
12,284: [GC (Allocation Failure) [PSYoungGen: 68192K->64K(82432K)] 70323K->2195K(257536K), 0,0005078 secs] [Times: user=0,00 sys=0,00, real=0,00 secs] 
12,337: [GC (Allocation Failure) [PSYoungGen: 81984K->64K(98816K)] 84115K->2195K(273920K), 0,0009759 secs] [Times: user=0,00 sys=0,00, real=0,00 secs] 
12,400: [GC (Allocation Failure) [PSYoungGen: 98368K->64K(118784K)] 100499K->2195K(293888K), 0,0004884 secs] [Times: user=0,00 sys=0,00, real=0,00 secs] 
12,476: [GC (Allocation Failure) [PSYoungGen: 118336K->64K(115200K)] 120467K->2195K(290304K), 0,0005267 secs] [Times: user=0,00 sys=0,00, real=0,00 secs] 
12,548: [GC (Allocation Failure) [PSYoungGen: 114752K->64K(111616K)] 116883K->2195K(286720K), 0,0005539 secs] [Times: user=0,00 sys=0,00, real=0,00 secs] 
12,620: [GC (Allocation Failure) [PSYoungGen: 111168K->96K(108544K)] 113299K->2227K(283648K), 0,0005009 secs] [Times: user=0,00 sys=0,00, real=0,00 secs] 
12,689: [GC (Allocation Failure) [PSYoungGen: 108128K->64K(105472K)] 110259K->2195K(280576K), 0,0009919 secs] [Times: user=0,00 sys=0,00, real=0,00 secs] 
12,757: [GC (Allocation Failure) [PSYoungGen: 105024K->32K(102400K)] 107155K->2163K(277504K), 0,0005027 secs] [Times: user=0,00 sys=0,00, real=0,00 secs] 
12,822: [GC (Allocation Failure) [PSYoungGen: 101920K->64K(99328K)] 104051K->2195K(274432K), 0,0004932 secs] [Times: user=0,00 sys=0,00, real=0,00 secs] 
12,886: [GC (Allocation Failure) [PSYoungGen: 98880K->64K(96768K)] 101011K->2195K(271872K), 0,0005452 secs] [Times: user=0,00 sys=0,00, real=0,00 secs] 
12,947: [GC (Allocation Failure) [PSYoungGen: 96320K->64K(94208K)] 98451K->2195K(269312K), 0,0005065 secs] [Times: user=0,00 sys=0,00, real=0,00 secs] 
13,007: [GC (Allocation Failure) [PSYoungGen: 93760K->64K(91648K)] 95891K->2195K(266752K), 0,0005222 secs] [Times: user=0,00 sys=0,00, real=0,00 secs] 
13,065: [GC (Allocation Failure) [PSYoungGen: 91200K->64K(89088K)] 93331K->2195K(264192K), 0,0005006 secs] [Times: user=0,00 sys=0,00, real=0,00 secs] 
13,122: [GC (Allocation Failure) [PSYoungGen: 88640K->32K(87040K)] 90771K->2163K(262144K), 0,0005319 secs] [Times: user=0,00 sys=0,00, real=0,00 secs] 
13,178: [GC (Allocation Failure) [PSYoungGen: 86560K->64K(84992K)] 88691K->2195K(260096K), 0,0004933 secs] [Times: user=0,01 sys=0,00, real=0,00 secs] 
13,232: [GC (Allocation Failure) [PSYoungGen: 84544K->64K(82944K)] 86675K->2195K(258048K), 0,0004944 secs] [Times: user=0,00 sys=0,00, real=0,00 secs] 
13,285: [GC (Allocation Failure) [PSYoungGen: 82496K->64K(80896K)] 84627K->2195K(256000K), 0,0005666 secs] [Times: user=0,00 sys=0,00, real=0,00 secs] 
13,336: [GC (Allocation Failure) [PSYoungGen: 80448K->32K(78848K)] 82579K->2163K(253952K), 0,0005012 secs] [Times: user=0,01 sys=0,00, real=0,01 secs] 
13,386: [GC (Allocation Failure) [PSYoungGen: 78368K->64K(76800K)] 80499K->2195K(251904K), 0,0005030 secs] [Times: user=0,00 sys=0,00, real=0,01 secs] 
13,436: [GC (Allocation Failure) [PSYoungGen: 76352K->32K(74752K)] 78483K->2163K(249856K), 0,0005053 secs] [Times: user=0,01 sys=0,00, real=0,00 secs] 
13,484: [GC (Allocation Failure) [PSYoungGen: 74272K->96K(73216K)] 76403K->2227K(248320K), 0,0004922 secs] [Times: user=0,00 sys=0,00, real=0,00 secs] 
13,530: [GC (Allocation Failure) [PSYoungGen: 72800K->64K(71680K)] 74931K->2195K(246784K), 0,0004801 secs] [Times: user=0,00 sys=0,00, real=0,00 secs] 
13,576: [GC (Allocation Failure) [PSYoungGen: 71232K->64K(86016K)] 73363K->2195K(261120K), 0,0010595 secs] [Times: user=0,00 sys=0,00, real=0,01 secs] 
13,631: [GC (Allocation Failure) [PSYoungGen: 85568K->32K(103424K)] 87699K->2163K(278528K), 0,0004872 secs] [Times: user=0,00 sys=0,00, real=0,00 secs] 
13,697: [GC (Allocation Failure) [PSYoungGen: 102944K->64K(124416K)] 105075K->2195K(299520K), 0,0005100 secs] [Times: user=0,00 sys=0,00, real=0,00 secs] 
13,776: [GC (Allocation Failure) [PSYoungGen: 123968K->64K(120832K)] 126099K->2195K(295936K), 0,0005555 secs] [Times: user=0,00 sys=0,00, real=0,00 secs] 
13,853: [GC (Allocation Failure) [PSYoungGen: 120384K->96K(117248K)] 122515K->2227K(292352K), 0,0005048 secs] [Times: user=0,00 sys=0,00, real=0,00 secs] 
13,928: [GC (Allocation Failure) [PSYoungGen: 116832K->96K(113664K)] 118963K->2227K(288768K), 0,0005604 secs] [Times: user=0,00 sys=0,00, real=0,00 secs] 
14,000: [GC (Allocation Failure) [PSYoungGen: 113248K->64K(110592K)] 115379K->2195K(285696K), 0,0005591 secs] [Times: user=0,00 sys=0,00, real=0,00 secs] 
14,070: [GC (Allocation Failure) [PSYoungGen: 110144K->64K(107520K)] 112275K->2195K(282624K), 0,0004889 secs] [Times: user=0,01 sys=0,00, real=0,00 secs] 
14,139: [GC (Allocation Failure) [PSYoungGen: 107072K->96K(104448K)] 109203K->2227K(279552K), 0,0005265 secs] [Times: user=0,00 sys=0,00, real=0,00 secs] 
14,206: [GC (Allocation Failure) [PSYoungGen: 104032K->96K(101376K)] 106163K->2227K(276480K), 0,0005153 secs] [Times: user=0,00 sys=0,00, real=0,00 secs] 
14,270: [GC (Allocation Failure) [PSYoungGen: 100960K->64K(98816K)] 103091K->2195K(273920K), 0,0005012 secs] [Times: user=0,00 sys=0,00, real=0,00 secs] 
14,333: [GC (Allocation Failure) [PSYoungGen: 98368K->96K(96256K)] 100499K->2227K(271360K), 0,0005539 secs] [Times: user=0,00 sys=0,00, real=0,00 secs] 
14,395: [GC (Allocation Failure) [PSYoungGen: 95840K->32K(93696K)] 97971K->2171K(268800K), 0,0004979 secs] [Times: user=0,00 sys=0,00, real=0,00 secs] 
14,455: [GC (Allocation Failure) [PSYoungGen: 93216K->64K(91136K)] 95355K->2203K(266240K), 0,0005102 secs] [Times: user=0,00 sys=0,00, real=0,00 secs] 
14,514: [GC (Allocation Failure) [PSYoungGen: 90688K->96K(88576K)] 92827K->2235K(263680K), 0,0006174 secs] [Times: user=0,00 sys=0,00, real=0,00 secs] 
14,570: [GC (Allocation Failure) [PSYoungGen: 88160K->64K(86528K)] 90299K->2203K(261632K), 0,0005315 secs] [Times: user=0,00 sys=0,00, real=0,00 secs] 
14,625: [GC (Allocation Failure) [PSYoungGen: 86080K->96K(84480K)] 88219K->2235K(259584K), 0,0004958 secs] [Times: user=0,00 sys=0,00, real=0,00 secs] 
14,679: [GC (Allocation Failure) [PSYoungGen: 84064K->64K(82432K)] 86203K->2203K(257536K), 0,0005915 secs] [Times: user=0,00 sys=0,00, real=0,00 secs] 
14,732: [GC (Allocation Failure) [PSYoungGen: 81984K->64K(80384K)] 84123K->2203K(255488K), 0,0005074 secs] [Times: user=0,00 sys=0,00, real=0,00 secs] 
14,783: [GC (Allocation Failure) [PSYoungGen: 79936K->64K(96768K)] 82075K->2203K(271872K), 0,0009853 secs] [Times: user=0,00 sys=0,00, real=0,00 secs] 
14,846: [GC (Allocation Failure) [PSYoungGen: 96320K->96K(116224K)] 98459K->2235K(291328K), 0,0010237 secs] [Times: user=0,00 sys=0,00, real=0,01 secs] 
14,920: [GC (Allocation Failure) [PSYoungGen: 115808K->96K(139776K)] 117947K->2235K(314880K), 0,0005037 secs] [Times: user=0,00 sys=0,00, real=0,00 secs] 
15,009: [GC (Allocation Failure) [PSYoungGen: 139360K->96K(135168K)] 141499K->2235K(310272K), 0,0005207 secs] [Times: user=0,00 sys=0,00, real=0,00 secs] 
15,096: [GC (Allocation Failure) [PSYoungGen: 134752K->64K(131072K)] 136891K->2203K(306176K), 0,0008157 secs] [Times: user=0,00 sys=0,00, real=0,01 secs] 
15,180: [GC (Allocation Failure) [PSYoungGen: 130624K->64K(126976K)] 132763K->2203K(302080K), 0,0004932 secs] [Times: user=0,00 sys=0,00, real=0,00 secs] 
15,260: [GC (Allocation Failure) [PSYoungGen: 126528K->32K(122880K)] 128667K->2171K(297984K), 0,0005174 secs] [Times: user=0,00 sys=0,00, real=0,00 secs] 
15,338: [GC (Allocation Failure) [PSYoungGen: 122400K->32K(119296K)] 124539K->2171K(294400K), 0,0005045 secs] [Times: user=0,00 sys=0,00, real=0,00 secs] 
15,415: [GC (Allocation Failure) [PSYoungGen: 118816K->96K(115712K)] 120955K->2235K(290816K), 0,0005092 secs] [Times: user=0,00 sys=0,00, real=0,00 secs] 
15,488: [GC (Allocation Failure) [PSYoungGen: 115296K->64K(112128K)] 117435K->2203K(287232K), 0,0005185 secs] [Times: user=0,00 sys=0,00, real=0,00 secs] 
15,560: [GC (Allocation Failure) [PSYoungGen: 111680K->64K(109056K)] 113819K->2203K(284160K), 0,0005875 secs] [Times: user=0,01 sys=0,00, real=0,00 secs] 
15,629: [GC (Allocation Failure) [PSYoungGen: 108608K->64K(105984K)] 110747K->2203K(281088K), 0,0005068 secs] [Times: user=0,00 sys=0,00, real=0,00 secs] 
15,696: [GC (Allocation Failure) [PSYoungGen: 105536K->64K(102912K)] 107675K->2203K(278016K), 0,0005193 secs] [Times: user=0,00 sys=0,00, real=0,00 secs] 
15,761: [GC (Allocation Failure) [PSYoungGen: 102464K->96K(99840K)] 104603K->2235K(274944K), 0,0005034 secs] [Times: user=0,00 sys=0,00, real=0,00 secs] 
15,825: [GC (Allocation Failure) [PSYoungGen: 99424K->96K(97280K)] 101563K->2235K(272384K), 0,0005001 secs] [Times: user=0,00 sys=0,00, real=0,00 secs] 
15,887: [GC (Allocation Failure) [PSYoungGen: 96864K->96K(94720K)] 99003K->2235K(269824K), 0,0004875 secs] [Times: user=0,00 sys=0,00, real=0,00 secs] 
15,948: [GC (Allocation Failure) [PSYoungGen: 94304K->64K(92160K)] 96443K->2203K(267264K), 0,0005088 secs] [Times: user=0,01 sys=0,00, real=0,00 secs] 
16,006: [GC (Allocation Failure) [PSYoungGen: 91712K->32K(89600K)] 93851K->2171K(264704K), 0,0005013 secs] [Times: user=0,00 sys=0,00, real=0,01 secs] 
16,063: [GC (Allocation Failure) [PSYoungGen: 89120K->64K(87040K)] 91259K->2203K(262144K), 0,0004948 secs] [Times: user=0,00 sys=0,00, real=0,00 secs] 
16,119: [GC (Allocation Failure) [PSYoungGen: 86592K->64K(84992K)] 88731K->2203K(260096K), 0,0004910 secs] [Times: user=0,00 sys=0,00, real=0,00 secs] 
16,173: [GC (Allocation Failure) [PSYoungGen: 84544K->96K(82944K)] 86683K->2235K(258048K), 0,0004771 secs] [Times: user=0,00 sys=0,00, real=0,00 secs] 
16,226: [GC (Allocation Failure) [PSYoungGen: 82528K->0K(80896K)] 84667K->2139K(256000K), 0,0004926 secs] [Times: user=0,00 sys=0,00, real=0,00 secs] 
16,278: [GC (Allocation Failure) [PSYoungGen: 80384K->64K(78848K)] 82523K->2203K(253952K), 0,0007367 secs] [Times: user=0,00 sys=0,00, real=0,00 secs] 
16,328: [GC (Allocation Failure) [PSYoungGen: 78400K->32K(76800K)] 80539K->2171K(251904K), 0,0004878 secs] [Times: user=0,00 sys=0,00, real=0,00 secs] 
16,377: [GC (Allocation Failure) [PSYoungGen: 76320K->64K(74752K)] 78459K->2203K(249856K), 0,0004896 secs] [Times: user=0,00 sys=0,00, real=0,00 secs] 
16,425: [GC (Allocation Failure) [PSYoungGen: 74304K->64K(73216K)] 76443K->2203K(248320K), 0,0004971 secs] [Times: user=0,00 sys=0,00, real=0,00 secs] 
16,472: [GC (Allocation Failure) [PSYoungGen: 72768K->96K(71680K)] 74907K->2235K(246784K), 0,0004852 secs] [Times: user=0,00 sys=0,00, real=0,00 secs] 
16,517: [GC (Allocation Failure) [PSYoungGen: 71264K->64K(70144K)] 73403K->2203K(245248K), 0,0005009 secs] [Times: user=0,00 sys=0,00, real=0,00 secs] 
16,562: [GC (Allocation Failure) [PSYoungGen: 69696K->96K(68608K)] 71835K->2235K(243712K), 0,0004755 secs] [Times: user=0,01 sys=0,00, real=0,00 secs] 
16,606: [GC (Allocation Failure) [PSYoungGen: 68192K->64K(67072K)] 70331K->2203K(242176K), 0,0004878 secs] [Times: user=0,00 sys=0,00, real=0,00 secs] 
16,649: [GC (Allocation Failure) [PSYoungGen: 66624K->96K(65536K)] 68763K->2235K(240640K), 0,0004751 secs] [Times: user=0,00 sys=0,00, real=0,00 secs] 
16,691: [GC (Allocation Failure) [PSYoungGen: 65120K->64K(78848K)] 67259K->2203K(253952K), 0,0005846 secs] [Times: user=0,01 sys=0,00, real=0,00 secs] 
16,741: [GC (Allocation Failure) [PSYoungGen: 78400K->64K(94720K)] 80539K->2203K(269824K), 0,0010357 secs] [Times: user=0,00 sys=0,00, real=0,00 secs] 
16,802: [GC (Allocation Failure) [PSYoungGen: 94272K->64K(113664K)] 96411K->2203K(288768K), 0,0004971 secs] [Times: user=0,00 sys=0,00, real=0,00 secs] 
16,873: [GC (Allocation Failure) [PSYoungGen: 113216K->64K(136704K)] 115355K->2203K(311808K), 0,0005091 secs] [Times: user=0,00 sys=0,00, real=0,00 secs] 
16,960: [GC (Allocation Failure) [PSYoungGen: 136256K->64K(132608K)] 138395K->2203K(307712K), 0,0004970 secs] [Times: user=0,00 sys=0,00, real=0,00 secs] 
17,044: [GC (Allocation Failure) [PSYoungGen: 132160K->64K(128512K)] 134299K->2203K(303616K), 0,0005623 secs] [Times: user=0,00 sys=0,00, real=0,00 secs] 
17,126: [GC (Allocation Failure) [PSYoungGen: 128064K->64K(124416K)] 130203K->2203K(299520K), 0,0005061 secs] [Times: user=0,00 sys=0,00, real=0,00 secs] 
17,205: [GC (Allocation Failure) [PSYoungGen: 123968K->64K(120832K)] 126107K->2203K(295936K), 0,0005071 secs] [Times: user=0,00 sys=0,00, real=0,00 secs] 
17,282: [GC (Allocation Failure) [PSYoungGen: 120384K->96K(117248K)] 122523K->2235K(292352K), 0,0004903 secs] [Times: user=0,00 sys=0,00, real=0,00 secs] 
17,356: [GC (Allocation Failure) [PSYoungGen: 116832K->64K(113664K)] 118971K->2203K(288768K), 0,0005215 secs] [Times: user=0,01 sys=0,00, real=0,01 secs] 
17,428: [GC (Allocation Failure) [PSYoungGen: 113216K->64K(110592K)] 115355K->2203K(285696K), 0,0005142 secs] [Times: user=0,00 sys=0,00, real=0,00 secs] 
17,499: [GC (Allocation Failure) [PSYoungGen: 110144K->96K(107520K)] 112283K->2235K(282624K), 0,0005490 secs] [Times: user=0,00 sys=0,01, real=0,00 secs] 
17,567: [GC (Allocation Failure) [PSYoungGen: 107104K->96K(104448K)] 109243K->2235K(279552K), 0,0004795 secs] [Times: user=0,00 sys=0,00, real=0,00 secs] 
17,634: [GC (Allocation Failure) [PSYoungGen: 104032K->96K(101376K)] 106171K->2235K(276480K), 0,0004943 secs] [Times: user=0,01 sys=0,00, real=0,00 secs] 
17,699: [GC (Allocation Failure) [PSYoungGen: 100960K->64K(98816K)] 103099K->2203K(273920K), 0,0005102 secs] [Times: user=0,00 sys=0,00, real=0,00 secs] 
17,762: [GC (Allocation Failure) [PSYoungGen: 98368K->0K(96256K)] 100507K->2139K(271360K), 0,0005997 secs] [Times: user=0,00 sys=0,00, real=0,00 secs] 
17,823: [GC (Allocation Failure) [PSYoungGen: 95744K->64K(93696K)] 97883K->2203K(268800K), 0,0005358 secs] [Times: user=0,01 sys=0,00, real=0,00 secs] 
17,883: [GC (Allocation Failure) [PSYoungGen: 93248K->96K(91136K)] 95387K->2235K(266240K), 0,0005136 secs] [Times: user=0,01 sys=0,00, real=0,00 secs] 
17,941: [GC (Allocation Failure) [PSYoungGen: 90720K->32K(88576K)] 92859K->2171K(263680K), 0,0005282 secs] [Times: user=0,00 sys=0,00, real=0,00 secs] 
17,997: [GC (Allocation Failure) [PSYoungGen: 88096K->64K(86528K)] 90235K->2203K(261632K), 0,0004853 secs] [Times: user=0,00 sys=0,00, real=0,00 secs] 
18,053: [GC (Allocation Failure) [PSYoungGen: 86080K->64K(84480K)] 88219K->2203K(259584K), 0,0006985 secs] [Times: user=0,00 sys=0,00, real=0,00 secs] 
18,106: [GC (Allocation Failure) [PSYoungGen: 84032K->64K(82432K)] 86171K->2203K(257536K), 0,0007333 secs] [Times: user=0,00 sys=0,00, real=0,01 secs] 
18,159: [GC (Allocation Failure) [PSYoungGen: 81984K->32K(80384K)] 84123K->2171K(255488K), 0,0004772 secs] [Times: user=0,00 sys=0,00, real=0,00 secs] 
18,210: [GC (Allocation Failure) [PSYoungGen: 79904K->64K(78336K)] 82043K->2203K(253440K), 0,0005146 secs] [Times: user=0,00 sys=0,00, real=0,00 secs] 
18,260: [GC (Allocation Failure) [PSYoungGen: 77888K->96K(76288K)] 80027K->2235K(251392K), 0,0004827 secs] [Times: user=0,00 sys=0,00, real=0,00 secs] 
18,309: [GC (Allocation Failure) [PSYoungGen: 75872K->64K(74752K)] 78011K->2203K(249856K), 0,0004945 secs] [Times: user=0,01 sys=0,00, real=0,00 secs] 
18,357: [GC (Allocation Failure) [PSYoungGen: 74304K->32K(73216K)] 76443K->2171K(248320K), 0,0004937 secs] [Times: user=0,00 sys=0,00, real=0,00 secs] 
18,403: [GC (Allocation Failure) [PSYoungGen: 72736K->64K(71680K)] 74875K->2203K(246784K), 0,0005542 secs] [Times: user=0,00 sys=0,00, real=0,00 secs] 
18,455: [GC (Allocation Failure) [PSYoungGen: 71232K->96K(70144K)] 73371K->2235K(245248K), 0,0005096 secs] [Times: user=0,00 sys=0,00, real=0,00 secs] 
18,500: [GC (Allocation Failure) [PSYoungGen: 69728K->64K(68608K)] 71867K->2203K(243712K), 0,0004790 secs] [Times: user=0,00 sys=0,00, real=0,00 secs] 
18,544: [GC (Allocation Failure) [PSYoungGen: 68160K->96K(67072K)] 70299K->2235K(242176K), 0,0004837 secs] [Times: user=0,00 sys=0,00, real=0,00 secs] 
18,587: [GC (Allocation Failure) [PSYoungGen: 66656K->96K(65536K)] 68795K->2235K(240640K), 0,0004737 secs] [Times: user=0,00 sys=0,00, real=0,00 secs] 
18,629: [GC (Allocation Failure) [PSYoungGen: 65120K->64K(64000K)] 67259K->2203K(239104K), 0,0004796 secs] [Times: user=0,00 sys=0,00, real=0,00 secs] 
18,669: [GC (Allocation Failure) [PSYoungGen: 63552K->96K(76800K)] 65691K->2235K(251904K), 0,0004642 secs] [Times: user=0,00 sys=0,00, real=0,00 secs] 
18,718: [GC (Allocation Failure) [PSYoungGen: 76384K->64K(74752K)] 78523K->2203K(249856K), 0,0004865 secs] [Times: user=0,00 sys=0,00, real=0,00 secs] 
18,766: [GC (Allocation Failure) [PSYoungGen: 74304K->64K(73216K)] 76443K->2203K(248320K), 0,0004898 secs] [Times: user=0,00 sys=0,00, real=0,00 secs] 
18,813: [GC (Allocation Failure) [PSYoungGen: 72768K->32K(71680K)] 74907K->2171K(246784K), 0,0004826 secs] [Times: user=0,00 sys=0,00, real=0,00 secs] 
18,858: [GC (Allocation Failure) [PSYoungGen: 71200K->64K(70144K)] 73339K->2203K(245248K), 0,0005167 secs] [Times: user=0,00 sys=0,00, real=0,00 secs] 
18,903: [GC (Allocation Failure) [PSYoungGen: 69696K->96K(68608K)] 71835K->2235K(243712K), 0,0004753 secs] [Times: user=0,01 sys=0,00, real=0,00 secs] 
18,947: [GC (Allocation Failure) [PSYoungGen: 68192K->64K(67072K)] 70331K->2203K(242176K), 0,0004988 secs] [Times: user=0,00 sys=0,00, real=0,00 secs] 
18,990: [GC (Allocation Failure) [PSYoungGen: 66624K->64K(80384K)] 68763K->2203K(255488K), 0,0004805 secs] [Times: user=0,00 sys=0,00, real=0,00 secs] 
19,041: [GC (Allocation Failure) [PSYoungGen: 79936K->64K(78336K)] 82075K->2203K(253440K), 0,0005058 secs] [Times: user=0,00 sys=0,00, real=0,00 secs] 
19,091: [GC (Allocation Failure) [PSYoungGen: 77888K->64K(76288K)] 80027K->2203K(251392K), 0,0004739 secs] [Times: user=0,00 sys=0,00, real=0,00 secs] 
19,140: [GC (Allocation Failure) [PSYoungGen: 75840K->64K(74752K)] 77979K->2203K(249856K), 0,0004907 secs] [Times: user=0,00 sys=0,00, real=0,00 secs] 
19,187: [GC (Allocation Failure) [PSYoungGen: 74304K->128K(73216K)] 76443K->2267K(248320K), 0,0005318 secs] [Times: user=0,00 sys=0,00, real=0,00 secs] 
19,234: [GC (Allocation Failure) [PSYoungGen: 72832K->64K(71680K)] 74971K->2203K(246784K), 0,0004741 secs] [Times: user=0,00 sys=0,00, real=0,00 secs] 
19,280: [GC (Allocation Failure) [PSYoungGen: 71232K->96K(70144K)] 73371K->2235K(245248K), 0,0004761 secs] [Times: user=0,01 sys=0,00, real=0,00 secs] 
19,324: [GC (Allocation Failure) [PSYoungGen: 69728K->96K(68608K)] 71867K->2235K(243712K), 0,0004651 secs] [Times: user=0,00 sys=0,00, real=0,00 secs] 
19,368: [GC (Allocation Failure) [PSYoungGen: 68192K->96K(67072K)] 70331K->2235K(242176K), 0,0005072 secs] [Times: user=0,00 sys=0,00, real=0,00 secs] 
19,410: [GC (Allocation Failure) [PSYoungGen: 66656K->32K(80384K)] 68795K->2171K(255488K), 0,0011263 secs] [Times: user=0,00 sys=0,00, real=0,00 secs] 
19,462: [GC (Allocation Failure) [PSYoungGen: 79904K->64K(96768K)] 82043K->2203K(271872K), 0,0004874 secs] [Times: user=0,00 sys=0,00, real=0,00 secs] 
19,525: [GC (Allocation Failure) [PSYoungGen: 96320K->32K(116224K)] 98459K->2171K(291328K), 0,0005016 secs] [Times: user=0,00 sys=0,00, real=0,00 secs] 
19,600: [GC (Allocation Failure) [PSYoungGen: 115744K->64K(139776K)] 117883K->2203K(314880K), 0,0010145 secs] [Times: user=0,00 sys=0,00, real=0,00 secs] 
19,689: [GC (Allocation Failure) [PSYoungGen: 139328K->64K(135168K)] 141467K->2203K(310272K), 0,0005125 secs] [Times: user=0,00 sys=0,00, real=0,00 secs] 
19,775: [GC (Allocation Failure) [PSYoungGen: 134720K->64K(131072K)] 136859K->2203K(306176K), 0,0004913 secs] [Times: user=0,00 sys=0,00, real=0,00 secs] 
19,859: [GC (Allocation Failure) [PSYoungGen: 130624K->96K(126976K)] 132763K->2235K(302080K), 0,0004989 secs] [Times: user=0,00 sys=0,00, real=0,00 secs] 
19,939: [GC (Allocation Failure) [PSYoungGen: 126560K->64K(122880K)] 128699K->2203K(297984K), 0,0005063 secs] [Times: user=0,00 sys=0,00, real=0,00 secs] 
20,017: [GC (Allocation Failure) [PSYoungGen: 122432K->64K(119296K)] 124571K->2203K(294400K), 0,0005034 secs] [Times: user=0,00 sys=0,00, real=0,00 secs] 
20,093: [GC (Allocation Failure) [PSYoungGen: 118848K->32K(115712K)] 120987K->2171K(290816K), 0,0006788 secs] [Times: user=0,00 sys=0,00, real=0,00 secs] 
20,167: [GC (Allocation Failure) [PSYoungGen: 115232K->96K(112128K)] 117371K->2235K(287232K), 0,0004927 secs] [Times: user=0,00 sys=0,00, real=0,00 secs] 
20,238: [GC (Allocation Failure) [PSYoungGen: 111712K->64K(109056K)] 113851K->2203K(284160K), 0,0008880 secs] [Times: user=0,00 sys=0,00, real=0,00 secs] 
20,308: [GC (Allocation Failure) [PSYoungGen: 108608K->96K(105984K)] 110747K->2259K(281088K), 0,0005117 secs] [Times: user=0,00 sys=0,00, real=0,00 secs] 
20,375: [GC (Allocation Failure) [PSYoungGen: 105568K->64K(102912K)] 107731K->2227K(278016K), 0,0005307 secs] [Times: user=0,00 sys=0,00, real=0,00 secs] 
20,441: [GC (Allocation Failure) [PSYoungGen: 102464K->96K(99840K)] 104627K->2259K(274944K), 0,0005242 secs] [Times: user=0,00 sys=0,00, real=0,00 secs] 
20,504: [GC (Allocation Failure) [PSYoungGen: 99424K->64K(97280K)] 101587K->2227K(272384K), 0,0004940 secs] [Times: user=0,00 sys=0,01, real=0,00 secs] 
20,566: [GC (Allocation Failure) [PSYoungGen: 96832K->64K(94720K)] 98995K->2227K(269824K), 0,0004788 secs] [Times: user=0,00 sys=0,00, real=0,01 secs] 
20,627: [GC (Allocation Failure) [PSYoungGen: 94272K->64K(92160K)] 96435K->2227K(267264K), 0,0005002 secs] [Times: user=0,01 sys=0,00, real=0,00 secs] 
20,686: [GC (Allocation Failure) [PSYoungGen: 91712K->96K(89600K)] 93875K->2259K(264704K), 0,0005190 secs] [Times: user=0,00 sys=0,00, real=0,00 secs] 
20,742: [GC (Allocation Failure) [PSYoungGen: 89184K->64K(87040K)] 91347K->2227K(262144K), 0,0004932 secs] [Times: user=0,00 sys=0,00, real=0,00 secs] 
20,798: [GC (Allocation Failure) [PSYoungGen: 86592K->64K(84992K)] 88755K->2227K(260096K), 0,0004946 secs] [Times: user=0,00 sys=0,00, real=0,00 secs] 
20,852: [GC (Allocation Failure) [PSYoungGen: 84544K->96K(82944K)] 86707K->2259K(258048K), 0,0005502 secs] [Times: user=0,00 sys=0,00, real=0,00 secs] 
20,905: [GC (Allocation Failure) [PSYoungGen: 82528K->64K(80896K)] 84691K->2227K(256000K), 0,0004940 secs] [Times: user=0,01 sys=0,00, real=0,00 secs] 
20,956: [GC (Allocation Failure) [PSYoungGen: 80448K->96K(78848K)] 82611K->2259K(253952K), 0,0005588 secs] [Times: user=0,00 sys=0,00, real=0,01 secs] 
21,006: [GC (Allocation Failure) [PSYoungGen: 78432K->32K(76800K)] 80595K->2195K(251904K), 0,0004801 secs] [Times: user=0,00 sys=0,00, real=0,01 secs] 
21,055: [GC (Allocation Failure) [PSYoungGen: 76320K->64K(74752K)] 78483K->2227K(249856K), 0,0005175 secs] [Times: user=0,00 sys=0,00, real=0,00 secs] 
21,103: [GC (Allocation Failure) [PSYoungGen: 74304K->64K(73216K)] 76467K->2227K(248320K), 0,0004684 secs] [Times: user=0,01 sys=0,00, real=0,00 secs] 
21,149: [GC (Allocation Failure) [PSYoungGen: 72768K->96K(71680K)] 74931K->2259K(246784K), 0,0005129 secs] [Times: user=0,00 sys=0,00, real=0,00 secs] 
21,195: [GC (Allocation Failure) [PSYoungGen: 71264K->96K(70144K)] 73427K->2259K(245248K), 0,0004879 secs] [Times: user=0,00 sys=0,00, real=0,00 secs] 
21,240: [GC (Allocation Failure) [PSYoungGen: 69728K->64K(68608K)] 71891K->2227K(243712K), 0,0004887 secs] [Times: user=0,00 sys=0,00, real=0,00 secs] 
21,284: [GC (Allocation Failure) [PSYoungGen: 68160K->32K(67072K)] 70323K->2195K(242176K), 0,0005354 secs] [Times: user=0,00 sys=0,00, real=0,00 secs] 
21,327: [GC (Allocation Failure) [PSYoungGen: 66592K->32K(80384K)] 68755K->2195K(255488K), 0,0004890 secs] [Times: user=0,00 sys=0,00, real=0,00 secs] 
21,378: [GC (Allocation Failure) [PSYoungGen: 79904K->128K(96768K)] 82067K->2291K(271872K), 0,0005457 secs] [Times: user=0,00 sys=0,00, real=0,00 secs] 
21,440: [GC (Allocation Failure) [PSYoungGen: 96384K->32K(94208K)] 98547K->2195K(269312K), 0,0005666 secs] [Times: user=0,01 sys=0,00, real=0,00 secs] 
21,500: [GC (Allocation Failure) [PSYoungGen: 93728K->64K(91648K)] 95891K->2227K(266752K), 0,0005117 secs] [Times: user=0,01 sys=0,00, real=0,00 secs] 
21,558: [GC (Allocation Failure) [PSYoungGen: 91200K->64K(89088K)] 93363K->2227K(264192K), 0,0004852 secs] [Times: user=0,00 sys=0,00, real=0,00 secs] 
21,614: [GC (Allocation Failure) [PSYoungGen: 88640K->64K(87040K)] 90803K->2227K(262144K), 0,0006045 secs] [Times: user=0,00 sys=0,00, real=0,00 secs] 
21,670: [GC (Allocation Failure) [PSYoungGen: 86592K->64K(84992K)] 88755K->2227K(260096K), 0,0005367 secs] [Times: user=0,00 sys=0,00, real=0,00 secs] 
21,725: [GC (Allocation Failure) [PSYoungGen: 84544K->64K(82944K)] 86707K->2227K(258048K), 0,0005220 secs] [Times: user=0,00 sys=0,00, real=0,00 secs] 
21,778: [GC (Allocation Failure) [PSYoungGen: 82496K->64K(80896K)] 84659K->2227K(256000K), 0,0004933 secs] [Times: user=0,01 sys=0,00, real=0,00 secs] 
21,829: [GC (Allocation Failure) [PSYoungGen: 80448K->96K(78848K)] 82611K->2259K(253952K), 0,0005794 secs] [Times: user=0,00 sys=0,00, real=0,00 secs] 
21,879: [GC (Allocation Failure) [PSYoungGen: 78432K->32K(76800K)] 80595K->2195K(251904K), 0,0005481 secs] [Times: user=0,00 sys=0,00, real=0,00 secs] 
21,928: [GC (Allocation Failure) [PSYoungGen: 76320K->64K(74752K)] 78483K->2227K(249856K), 0,0004942 secs] [Times: user=0,00 sys=0,00, real=0,00 secs] 
21,976: [GC (Allocation Failure) [PSYoungGen: 74304K->96K(73216K)] 76467K->2259K(248320K), 0,0004771 secs] [Times: user=0,01 sys=0,00, real=0,00 secs] 
22,022: [GC (Allocation Failure) [PSYoungGen: 72800K->64K(71680K)] 74963K->2227K(246784K), 0,0004767 secs] [Times: user=0,00 sys=0,00, real=0,00 secs] 
22,068: [GC (Allocation Failure) [PSYoungGen: 71232K->96K(70144K)] 73395K->2259K(245248K), 0,0005431 secs] [Times: user=0,00 sys=0,00, real=0,00 secs] 
22,113: [GC (Allocation Failure) [PSYoungGen: 69728K->64K(68608K)] 71891K->2227K(243712K), 0,0004792 secs] [Times: user=0,00 sys=0,00, real=0,00 secs] 
22,156: [GC (Allocation Failure) [PSYoungGen: 68160K->64K(67072K)] 70323K->2227K(242176K), 0,0004637 secs] [Times: user=0,00 sys=0,00, real=0,00 secs] 
22,199: [GC (Allocation Failure) [PSYoungGen: 66624K->96K(65536K)] 68787K->2259K(240640K), 0,0004787 secs] [Times: user=0,00 sys=0,00, real=0,00 secs] 
22,241: [GC (Allocation Failure) [PSYoungGen: 65120K->96K(78848K)] 67283K->2259K(253952K), 0,0004739 secs] [Times: user=0,00 sys=0,00, real=0,00 secs] 
22,291: [GC (Allocation Failure) [PSYoungGen: 78432K->32K(76800K)] 80595K->2195K(251904K), 0,0004773 secs] [Times: user=0,00 sys=0,00, real=0,00 secs] 
22,340: [GC (Allocation Failure) [PSYoungGen: 76320K->96K(74752K)] 78483K->2259K(249856K), 0,0004592 secs] [Times: user=0,00 sys=0,00, real=0,00 secs] 
22,387: [GC (Allocation Failure) [PSYoungGen: 74336K->64K(73216K)] 76499K->2227K(248320K), 0,0004837 secs] [Times: user=0,00 sys=0,00, real=0,00 secs] 
22,434: [GC (Allocation Failure) [PSYoungGen: 72768K->64K(71680K)] 74931K->2227K(246784K), 0,0004994 secs] [Times: user=0,00 sys=0,00, real=0,00 secs] 
22,480: [GC (Allocation Failure) [PSYoungGen: 71232K->96K(70144K)] 73395K->2259K(245248K), 0,0004811 secs] [Times: user=0,00 sys=0,00, real=0,00 secs] 
22,524: [GC (Allocation Failure) [PSYoungGen: 69728K->32K(68608K)] 71891K->2195K(243712K), 0,0004873 secs] [Times: user=0,00 sys=0,00, real=0,00 secs] 
22,568: [GC (Allocation Failure) [PSYoungGen: 68128K->64K(67072K)] 70291K->2227K(242176K), 0,0004691 secs] [Times: user=0,00 sys=0,00, real=0,00 secs] 
22,611: [GC (Allocation Failure) [PSYoungGen: 66624K->96K(65536K)] 68787K->2259K(240640K), 0,0004906 secs] [Times: user=0,00 sys=0,00, real=0,00 secs] 
22,653: [GC (Allocation Failure) [PSYoungGen: 65120K->64K(78848K)] 67283K->2227K(253952K), 0,0004800 secs] [Times: user=0,00 sys=0,00, real=0,00 secs] 
22,703: [GC (Allocation Failure) [PSYoungGen: 78400K->64K(94720K)] 80563K->2227K(269824K), 0,0005410 secs] [Times: user=0,00 sys=0,00, real=0,00 secs] 
22,763: [GC (Allocation Failure) [PSYoungGen: 94272K->64K(92160K)] 96435K->2227K(267264K), 0,0004903 secs] [Times: user=0,00 sys=0,00, real=0,00 secs] 
22,822: [GC (Allocation Failure) [PSYoungGen: 91712K->96K(89600K)] 93875K->2259K(264704K), 0,0004790 secs] [Times: user=0,00 sys=0,00, real=0,00 secs] 
22,879: [GC (Allocation Failure) [PSYoungGen: 89183K->64K(87040K)] 91347K->2227K(262144K), 0,0004950 secs] [Times: user=0,00 sys=0,00, real=0,00 secs] 
22,934: [GC (Allocation Failure) [PSYoungGen: 86592K->32K(84992K)] 88755K->2195K(260096K), 0,0004974 secs] [Times: user=0,00 sys=0,00, real=0,00 secs] 
22,988: [GC (Allocation Failure) [PSYoungGen: 84512K->64K(82944K)] 86675K->2227K(258048K), 0,0004859 secs] [Times: user=0,00 sys=0,00, real=0,00 secs] 
23,041: [GC (Allocation Failure) [PSYoungGen: 82496K->96K(80896K)] 84659K->2259K(256000K), 0,0004848 secs] [Times: user=0,00 sys=0,00, real=0,00 secs] 
23,092: [GC (Allocation Failure) [PSYoungGen: 80480K->96K(78848K)] 82643K->2259K(253952K), 0,0004834 secs] [Times: user=0,00 sys=0,00, real=0,00 secs] 
23,142: [GC (Allocation Failure) [PSYoungGen: 78432K->64K(76800K)] 80595K->2227K(251904K), 0,0005021 secs] [Times: user=0,00 sys=0,00, real=0,00 secs] 
23,192: [GC (Allocation Failure) [PSYoungGen: 76352K->64K(74752K)] 78515K->2227K(249856K), 0,0004842 secs] [Times: user=0,00 sys=0,00, real=0,00 secs] 
23,239: [GC (Allocation Failure) [PSYoungGen: 74304K->64K(73216K)] 76467K->2227K(248320K), 0,0004928 secs] [Times: user=0,00 sys=0,00, real=0,00 secs] 
23,285: [GC (Allocation Failure) [PSYoungGen: 72768K->64K(88064K)] 74931K->2227K(263168K), 0,0007141 secs] [Times: user=0,00 sys=0,00, real=0,00 secs] 
23,341: [GC (Allocation Failure) [PSYoungGen: 87616K->64K(86016K)] 89779K->2227K(261120K), 0,0004956 secs] [Times: user=0,00 sys=0,00, real=0,00 secs] 
23,396: [GC (Allocation Failure) [PSYoungGen: 85568K->64K(83968K)] 87731K->2227K(259072K), 0,0004920 secs] [Times: user=0,00 sys=0,00, real=0,01 secs] 
23,450: [GC (Allocation Failure) [PSYoungGen: 83520K->0K(81920K)] 85683K->2163K(257024K), 0,0005231 secs] [Times: user=0,00 sys=0,00, real=0,00 secs] 
23,502: [GC (Allocation Failure) [PSYoungGen: 81408K->64K(79872K)] 83571K->2227K(254976K), 0,0004765 secs] [Times: user=0,00 sys=0,00, real=0,00 secs] 
23,553: [GC (Allocation Failure) [PSYoungGen: 79424K->96K(77824K)] 81587K->2259K(252928K), 0,0004676 secs] [Times: user=0,00 sys=0,00, real=0,00 secs] 
23,602: [GC (Allocation Failure) [PSYoungGen: 77408K->64K(75776K)] 79571K->2227K(250880K), 0,0004885 secs] [Times: user=0,00 sys=0,00, real=0,00 secs] 
23,650: [GC (Allocation Failure) [PSYoungGen: 75328K->64K(74240K)] 77491K->2227K(249344K), 0,0004955 secs] [Times: user=0,00 sys=0,00, real=0,00 secs] 
23,697: [GC (Allocation Failure) [PSYoungGen: 73792K->64K(72704K)] 75955K->2227K(247808K), 0,0004898 secs] [Times: user=0,00 sys=0,00, real=0,00 secs] 
23,744: [GC (Allocation Failure) [PSYoungGen: 72256K->64K(71168K)] 74419K->2227K(246272K), 0,0004941 secs] [Times: user=0,00 sys=0,00, real=0,00 secs] 
23,789: [GC (Allocation Failure) [PSYoungGen: 70720K->64K(69632K)] 72883K->2227K(244736K), 0,0005001 secs] [Times: user=0,00 sys=0,00, real=0,00 secs] 
23,833: [GC (Allocation Failure) [PSYoungGen: 69184K->96K(68096K)] 71347K->2259K(243200K), 0,0004758 secs] [Times: user=0,00 sys=0,00, real=0,00 secs] 
23,876: [GC (Allocation Failure) [PSYoungGen: 67680K->64K(66560K)] 69843K->2227K(241664K), 0,0004713 secs] [Times: user=0,00 sys=0,00, real=0,00 secs] 
23,919: [GC (Allocation Failure) [PSYoungGen: 66112K->64K(79872K)] 68275K->2227K(254976K), 0,0004976 secs] [Times: user=0,01 sys=0,00, real=0,00 secs] 
23,970: [GC (Allocation Failure) [PSYoungGen: 79424K->32K(77824K)] 81587K->2195K(252928K), 0,0005080 secs] [Times: user=0,00 sys=0,00, real=0,00 secs] 
24,020: [GC (Allocation Failure) [PSYoungGen: 77344K->64K(75776K)] 79507K->2227K(250880K), 0,0005443 secs] [Times: user=0,00 sys=0,00, real=0,00 secs] 
24,068: [GC (Allocation Failure) [PSYoungGen: 75328K->96K(74240K)] 77491K->2259K(249344K), 0,0004777 secs] [Times: user=0,00 sys=0,00, real=0,00 secs] 
24,115: [GC (Allocation Failure) [PSYoungGen: 73824K->32K(72704K)] 75987K->2195K(247808K), 0,0005680 secs] [Times: user=0,00 sys=0,00, real=0,00 secs] 
24,161: [GC (Allocation Failure) [PSYoungGen: 72224K->64K(71168K)] 74387K->2227K(246272K), 0,0004836 secs] [Times: user=0,00 sys=0,00, real=0,00 secs] 
24,207: [GC (Allocation Failure) [PSYoungGen: 70720K->64K(69632K)] 72883K->2227K(244736K), 0,0004834 secs] [Times: user=0,00 sys=0,00, real=0,00 secs] 
24,251: [GC (Allocation Failure) [PSYoungGen: 69184K->96K(68096K)] 71347K->2259K(243200K), 0,0004718 secs] [Times: user=0,00 sys=0,00, real=0,00 secs] 
24,294: [GC (Allocation Failure) [PSYoungGen: 67680K->96K(66560K)] 69843K->2259K(241664K), 0,0004693 secs] [Times: user=0,00 sys=0,00, real=0,00 secs] 
24,337: [GC (Allocation Failure) [PSYoungGen: 66144K->96K(65024K)] 68307K->2259K(240128K), 0,0004629 secs] [Times: user=0,00 sys=0,00, real=0,00 secs] 
24,378: [GC (Allocation Failure) [PSYoungGen: 64608K->96K(78336K)] 66771K->2259K(253440K), 0,0004934 secs] [Times: user=0,00 sys=0,00, real=0,00 secs] 
24,428: [GC (Allocation Failure) [PSYoungGen: 77920K->96K(94208K)] 80083K->2259K(269312K), 0,0006022 secs] [Times: user=0,00 sys=0,00, real=0,00 secs] 
24,489: [GC (Allocation Failure) [PSYoungGen: 93792K->64K(91648K)] 95955K->2227K(266752K), 0,0004887 secs] [Times: user=0,00 sys=0,00, real=0,00 secs] 
24,547: [GC (Allocation Failure) [PSYoungGen: 91200K->64K(89088K)] 93363K->2227K(264192K), 0,0005463 secs] [Times: user=0,00 sys=0,00, real=0,00 secs] 
24,604: [GC (Allocation Failure) [PSYoungGen: 88640K->64K(87040K)] 90803K->2227K(262144K), 0,0005715 secs] [Times: user=0,00 sys=0,00, real=0,00 secs] 
24,659: [GC (Allocation Failure) [PSYoungGen: 86592K->96K(84992K)] 88755K->2259K(260096K), 0,0005383 secs] [Times: user=0,00 sys=0,00, real=0,00 secs] 
24,713: [GC (Allocation Failure) [PSYoungGen: 84576K->64K(82944K)] 86739K->2227K(258048K), 0,0004942 secs] [Times: user=0,00 sys=0,00, real=0,00 secs] 
24,766: [GC (Allocation Failure) [PSYoungGen: 82496K->64K(80896K)] 84659K->2227K(256000K), 0,0004869 secs] [Times: user=0,00 sys=0,00, real=0,00 secs] 
24,817: [GC (Allocation Failure) [PSYoungGen: 80448K->32K(78848K)] 82611K->2195K(253952K), 0,0004946 secs] [Times: user=0,00 sys=0,00, real=0,00 secs] 
24,868: [GC (Allocation Failure) [PSYoungGen: 78368K->32K(76800K)] 80531K->2195K(251904K), 0,0004934 secs] [Times: user=0,00 sys=0,00, real=0,00 secs] 
24,916: [GC (Allocation Failure) [PSYoungGen: 76320K->32K(74752K)] 78483K->2195K(249856K), 0,0005112 secs] [Times: user=0,00 sys=0,00, real=0,00 secs] 
24,964: [GC (Allocation Failure) [PSYoungGen: 74272K->64K(73216K)] 76435K->2227K(248320K), 0,0004973 secs] [Times: user=0,00 sys=0,00, real=0,00 secs] 
25,011: [GC (Allocation Failure) [PSYoungGen: 72768K->32K(71680K)] 74931K->2195K(246784K), 0,0004747 secs] [Times: user=0,00 sys=0,00, real=0,00 secs] 
25,056: [GC (Allocation Failure) [PSYoungGen: 71200K->64K(70144K)] 73363K->2227K(245248K), 0,0004739 secs] [Times: user=0,00 sys=0,00, real=0,00 secs] 
25,101: [GC (Allocation Failure) [PSYoungGen: 69696K->64K(68608K)] 71859K->2227K(243712K), 0,0004745 secs] [Times: user=0,00 sys=0,00, real=0,00 secs] 
25,145: [GC (Allocation Failure) [PSYoungGen: 68160K->96K(67072K)] 70323K->2259K(242176K), 0,0004651 secs] [Times: user=0,00 sys=0,00, real=0,00 secs] 
25,187: [GC (Allocation Failure) [PSYoungGen: 66656K->96K(65536K)] 68819K->2259K(240640K), 0,0004780 secs] [Times: user=0,01 sys=0,00, real=0,00 secs] 
25,229: [GC (Allocation Failure) [PSYoungGen: 65120K->64K(78848K)] 67283K->2227K(253952K), 0,0005202 secs] [Times: user=0,00 sys=0,00, real=0,00 secs] 
25,279: [GC (Allocation Failure) [PSYoungGen: 78399K->96K(76800K)] 80563K->2259K(251904K), 0,0004807 secs] [Times: user=0,00 sys=0,00, real=0,00 secs] 
25,328: [GC (Allocation Failure) [PSYoungGen: 76384K->64K(74752K)] 78547K->2227K(249856K), 0,0005121 secs] [Times: user=0,00 sys=0,00, real=0,00 secs] 
25,376: [GC (Allocation Failure) [PSYoungGen: 74304K->96K(73216K)] 76467K->2259K(248320K), 0,0005041 secs] [Times: user=0,01 sys=0,00, real=0,01 secs] 
25,423: [GC (Allocation Failure) [PSYoungGen: 72800K->64K(71680K)] 74963K->2227K(246784K), 0,0004876 secs] [Times: user=0,00 sys=0,00, real=0,00 secs] 
25,468: [GC (Allocation Failure) [PSYoungGen: 71232K->64K(70144K)] 73395K->2227K(245248K), 0,0005415 secs] [Times: user=0,00 sys=0,00, real=0,00 secs] 
25,513: [GC (Allocation Failure) [PSYoungGen: 69696K->96K(84480K)] 71859K->2259K(259584K), 0,0004922 secs] [Times: user=0,00 sys=0,00, real=0,00 secs] 
25,567: [GC (Allocation Failure) [PSYoungGen: 84064K->96K(82432K)] 86227K->2259K(257536K), 0,0005054 secs] [Times: user=0,00 sys=0,00, real=0,00 secs] 
25,619: [GC (Allocation Failure) [PSYoungGen: 82016K->64K(80384K)] 84179K->2227K(255488K), 0,0005026 secs] [Times: user=0,00 sys=0,00, real=0,00 secs] 
25,671: [GC (Allocation Failure) [PSYoungGen: 79936K->64K(78336K)] 82099K->2227K(253440K), 0,0004798 secs] [Times: user=0,00 sys=0,00, real=0,00 secs] 
25,720: [GC (Allocation Failure) [PSYoungGen: 77888K->96K(76288K)] 80051K->2259K(251392K), 0,0005153 secs] [Times: user=0,00 sys=0,00, real=0,00 secs] 
25,769: [GC (Allocation Failure) [PSYoungGen: 75872K->32K(74752K)] 78035K->2195K(249856K), 0,0004897 secs] [Times: user=0,00 sys=0,00, real=0,00 secs] 
25,816: [GC (Allocation Failure) [PSYoungGen: 74272K->32K(73216K)] 76435K->2195K(248320K), 0,0004574 secs] [Times: user=0,00 sys=0,00, real=0,01 secs] 
25,863: [GC (Allocation Failure) [PSYoungGen: 72736K->96K(71680K)] 74899K->2259K(246784K), 0,0004890 secs] [Times: user=0,00 sys=0,00, real=0,00 secs] 
25,909: [GC (Allocation Failure) [PSYoungGen: 71264K->96K(70144K)] 73427K->2259K(245248K), 0,0004904 secs] [Times: user=0,00 sys=0,00, real=0,00 secs] 
25,953: [GC (Allocation Failure) [PSYoungGen: 69728K->96K(68608K)] 71891K->2259K(243712K), 0,0005487 secs] [Times: user=0,00 sys=0,00, real=0,00 secs] 
25,997: [GC (Allocation Failure) [PSYoungGen: 68192K->64K(67072K)] 70355K->2227K(242176K), 0,0004793 secs] [Times: user=0,00 sys=0,00, real=0,00 secs] 
26,040: [GC (Allocation Failure) [PSYoungGen: 66624K->64K(80384K)] 68787K->2227K(255488K), 0,0004943 secs] [Times: user=0,00 sys=0,00, real=0,00 secs] 
26,091: [GC (Allocation Failure) [PSYoungGen: 79936K->64K(78336K)] 82099K->2227K(253440K), 0,0004934 secs] [Times: user=0,00 sys=0,00, real=0,00 secs] 
26,141: [GC (Allocation Failure) [PSYoungGen: 77888K->64K(76288K)] 80051K->2227K(251392K), 0,0005055 secs] [Times: user=0,00 sys=0,00, real=0,00 secs] 
26,189: [GC (Allocation Failure) [PSYoungGen: 75840K->96K(74752K)] 78003K->2259K(249856K), 0,0004933 secs] [Times: user=0,00 sys=0,01, real=0,00 secs] 
26,236: [GC (Allocation Failure) [PSYoungGen: 74336K->32K(73216K)] 76499K->2195K(248320K), 0,0004827 secs] [Times: user=0,00 sys=0,00, real=0,01 secs] 
26,283: [GC (Allocation Failure) [PSYoungGen: 72736K->96K(71680K)] 74899K->2259K(246784K), 0,0004979 secs] [Times: user=0,00 sys=0,00, real=0,00 secs] 
26,329: [GC (Allocation Failure) [PSYoungGen: 71264K->32K(70144K)] 73427K->2195K(245248K), 0,0004888 secs] [Times: user=0,00 sys=0,00, real=0,00 secs] 
26,373: [GC (Allocation Failure) [PSYoungGen: 69664K->64K(68608K)] 71827K->2227K(243712K), 0,0005254 secs] [Times: user=0,00 sys=0,00, real=0,00 secs] 
26,417: [GC (Allocation Failure) [PSYoungGen: 68160K->32K(82432K)] 70323K->2195K(257536K), 0,0004801 secs] [Times: user=0,00 sys=0,00, real=0,00 secs] 
26,470: [GC (Allocation Failure) [PSYoungGen: 81952K->32K(80384K)] 84115K->2195K(255488K), 0,0004945 secs] [Times: user=0,00 sys=0,00, real=0,00 secs] 
26,521: [GC (Allocation Failure) [PSYoungGen: 79904K->32K(78336K)] 82067K->2195K(253440K), 0,0005793 secs] [Times: user=0,00 sys=0,00, real=0,00 secs] 
26,571: [GC (Allocation Failure) [PSYoungGen: 77856K->64K(76288K)] 80019K->2227K(251392K), 0,0004884 secs] [Times: user=0,00 sys=0,00, real=0,00 secs] 
26,619: [GC (Allocation Failure) [PSYoungGen: 75840K->64K(74752K)] 78003K->2227K(249856K), 0,0004864 secs] [Times: user=0,00 sys=0,00, real=0,00 secs] 
26,668: [GC (Allocation Failure) [PSYoungGen: 74304K->64K(73216K)] 76467K->2227K(248320K), 0,0005167 secs] [Times: user=0,00 sys=0,00, real=0,00 secs] 
26,715: [GC (Allocation Failure) [PSYoungGen: 72768K->64K(71680K)] 74931K->2227K(246784K), 0,0004925 secs] [Times: user=0,00 sys=0,00, real=0,00 secs] 
26,761: [GC (Allocation Failure) [PSYoungGen: 71232K->64K(70144K)] 73395K->2227K(245248K), 0,0005302 secs] [Times: user=0,00 sys=0,00, real=0,00 secs] 
26,807: [GC (Allocation Failure) [PSYoungGen: 69696K->64K(68608K)] 71859K->2227K(243712K), 0,0005071 secs] [Times: user=0,00 sys=0,00, real=0,00 secs] 
26,851: [GC (Allocation Failure) [PSYoungGen: 68160K->96K(67072K)] 70323K->2259K(242176K), 0,0004711 secs] [Times: user=0,00 sys=0,00, real=0,00 secs] 
26,894: [GC (Allocation Failure) [PSYoungGen: 66656K->96K(80384K)] 68819K->2259K(255488K), 0,0004957 secs] [Times: user=0,00 sys=0,00, real=0,00 secs] 
26,945: [GC (Allocation Failure) [PSYoungGen: 79968K->64K(78336K)] 82131K->2227K(253440K), 0,0005383 secs] [Times: user=0,00 sys=0,00, real=0,00 secs] 
26,995: [GC (Allocation Failure) [PSYoungGen: 77888K->64K(76288K)] 80051K->2227K(251392K), 0,0004853 secs] [Times: user=0,00 sys=0,00, real=0,00 secs] 
27,044: [GC (Allocation Failure) [PSYoungGen: 75840K->64K(74752K)] 78003K->2227K(249856K), 0,0004743 secs] [Times: user=0,00 sys=0,00, real=0,00 secs] 
27,091: [GC (Allocation Failure) [PSYoungGen: 74304K->32K(73216K)] 76467K->2195K(248320K), 0,0005767 secs] [Times: user=0,00 sys=0,00, real=0,00 secs] 
27,138: [GC (Allocation Failure) [PSYoungGen: 72736K->32K(71680K)] 74899K->2195K(246784K), 0,0004711 secs] [Times: user=0,00 sys=0,00, real=0,00 secs] 
27,184: [GC (Allocation Failure) [PSYoungGen: 71200K->96K(70144K)] 73363K->2259K(245248K), 0,0005238 secs] [Times: user=0,00 sys=0,00, real=0,00 secs] 
27,228: [GC (Allocation Failure) [PSYoungGen: 69728K->96K(68608K)] 71891K->2259K(243712K), 0,0004703 secs] [Times: user=0,00 sys=0,00, real=0,00 secs] 
27,272: [GC (Allocation Failure) [PSYoungGen: 68192K->96K(67072K)] 70355K->2259K(242176K), 0,0004699 secs] [Times: user=0,00 sys=0,00, real=0,00 secs] 
27,314: [GC (Allocation Failure) [PSYoungGen: 66656K->96K(65536K)] 68819K->2259K(240640K), 0,0004693 secs] [Times: user=0,00 sys=0,00, real=0,00 secs] 
27,356: [GC (Allocation Failure) [PSYoungGen: 65120K->96K(78848K)] 67283K->2259K(253952K), 0,0004743 secs] [Times: user=0,00 sys=0,00, real=0,00 secs] 
27,406: [GC (Allocation Failure) [PSYoungGen: 78431K->96K(76800K)] 80595K->2259K(251904K), 0,0004867 secs] [Times: user=0,00 sys=0,00, real=0,01 secs] 
27,455: [GC (Allocation Failure) [PSYoungGen: 76384K->64K(74752K)] 78547K->2227K(249856K), 0,0005050 secs] [Times: user=0,00 sys=0,00, real=0,00 secs] 
27,503: [GC (Allocation Failure) [PSYoungGen: 74304K->64K(73216K)] 76467K->2227K(248320K), 0,0004816 secs] [Times: user=0,00 sys=0,00, real=0,00 secs] 
27,550: [GC (Allocation Failure) [PSYoungGen: 72768K->64K(71680K)] 74931K->2227K(246784K), 0,0004758 secs] [Times: user=0,00 sys=0,00, real=0,00 secs] 
27,595: [GC (Allocation Failure) [PSYoungGen: 71232K->96K(70144K)] 73395K->2259K(245248K), 0,0004689 secs] [Times: user=0,01 sys=0,00, real=0,00 secs] 
27,640: [GC (Allocation Failure) [PSYoungGen: 69728K->96K(68608K)] 71891K->2259K(243712K), 0,0005219 secs] [Times: user=0,00 sys=0,00, real=0,00 secs] 
27,684: [GC (Allocation Failure) [PSYoungGen: 68192K->32K(67072K)] 70355K->2195K(242176K), 0,0004829 secs] [Times: user=0,00 sys=0,00, real=0,00 secs] 
27,726: [GC (Allocation Failure) [PSYoungGen: 66592K->32K(80384K)] 68755K->2195K(255488K), 0,0004781 secs] [Times: user=0,00 sys=0,00, real=0,00 secs] 
27,778: [GC (Allocation Failure) [PSYoungGen: 79904K->96K(78336K)] 82067K->2259K(253440K), 0,0004827 secs] [Times: user=0,00 sys=0,00, real=0,00 secs] 
27,828: [GC (Allocation Failure) [PSYoungGen: 77920K->64K(76288K)] 80083K->2227K(251392K), 0,0004728 secs] [Times: user=0,00 sys=0,00, real=0,00 secs] 
27,876: [GC (Allocation Failure) [PSYoungGen: 75840K->64K(74752K)] 78003K->2227K(249856K), 0,0005247 secs] [Times: user=0,00 sys=0,00, real=0,00 secs] 
27,924: [GC (Allocation Failure) [PSYoungGen: 74304K->64K(73216K)] 76467K->2227K(248320K), 0,0005107 secs] [Times: user=0,00 sys=0,00, real=0,00 secs] 
27,971: [GC (Allocation Failure) [PSYoungGen: 72768K->96K(71680K)] 74931K->2259K(246784K), 0,0005494 secs] [Times: user=0,00 sys=0,00, real=0,00 secs] 
28,017: [GC (Allocation Failure) [PSYoungGen: 71264K->96K(70144K)] 73427K->2259K(245248K), 0,0004740 secs] [Times: user=0,00 sys=0,00, real=0,00 secs] 
28,062: [GC (Allocation Failure) [PSYoungGen: 69728K->64K(68608K)] 71891K->2227K(243712K), 0,0004855 secs] [Times: user=0,01 sys=0,00, real=0,00 secs] 
28,105: [GC (Allocation Failure) [PSYoungGen: 68160K->64K(67072K)] 70323K->2227K(242176K), 0,0004899 secs] [Times: user=0,00 sys=0,00, real=0,00 secs] 
28,148: [GC (Allocation Failure) [PSYoungGen: 66624K->64K(80384K)] 68787K->2227K(255488K), 0,0005190 secs] [Times: user=0,00 sys=0,00, real=0,00 secs] 
28,199: [GC (Allocation Failure) [PSYoungGen: 79936K->96K(78336K)] 82099K->2259K(253440K), 0,0004857 secs] [Times: user=0,00 sys=0,00, real=0,00 secs] 
28,249: [GC (Allocation Failure) [PSYoungGen: 77920K->64K(94208K)] 80083K->2227K(269312K), 0,0006860 secs] [Times: user=0,01 sys=0,00, real=0,00 secs] 
28,309: [GC (Allocation Failure) [PSYoungGen: 93760K->96K(91648K)] 95923K->2259K(266752K), 0,0004911 secs] [Times: user=0,00 sys=0,00, real=0,00 secs] 
28,368: [GC (Allocation Failure) [PSYoungGen: 91232K->64K(89088K)] 93395K->2227K(264192K), 0,0005165 secs] [Times: user=0,00 sys=0,00, real=0,00 secs] 
28,431: [GC (Allocation Failure) [PSYoungGen: 88640K->64K(87040K)] 90803K->2227K(262144K), 0,0006471 secs] [Times: user=0,00 sys=0,00, real=0,00 secs] 
28,488: [GC (Allocation Failure) [PSYoungGen: 86592K->96K(84992K)] 88755K->2259K(260096K), 0,0005092 secs] [Times: user=0,01 sys=0,00, real=0,00 secs] 
28,541: [GC (Allocation Failure) [PSYoungGen: 84576K->32K(82944K)] 86739K->2195K(258048K), 0,0006765 secs] [Times: user=0,00 sys=0,00, real=0,00 secs] 
28,594: [GC (Allocation Failure) [PSYoungGen: 82464K->64K(80896K)] 84627K->2227K(256000K), 0,0004919 secs] [Times: user=0,00 sys=0,00, real=0,00 secs] 
28,646: [GC (Allocation Failure) [PSYoungGen: 80448K->64K(78848K)] 82611K->2227K(253952K), 0,0005241 secs] [Times: user=0,01 sys=0,00, real=0,00 secs] 
28,696: [GC (Allocation Failure) [PSYoungGen: 78400K->96K(76800K)] 80563K->2259K(251904K), 0,0004892 secs] [Times: user=0,01 sys=0,00, real=0,01 secs] 
28,745: [GC (Allocation Failure) [PSYoungGen: 76384K->64K(74752K)] 78547K->2227K(249856K), 0,0005599 secs] [Times: user=0,00 sys=0,00, real=0,00 secs] 
28,792: [GC (Allocation Failure) [PSYoungGen: 74304K->96K(73216K)] 76467K->2259K(248320K), 0,0004727 secs] [Times: user=0,00 sys=0,00, real=0,00 secs] 
28,839: [GC (Allocation Failure) [PSYoungGen: 72800K->64K(71680K)] 74963K->2227K(246784K), 0,0005014 secs] [Times: user=0,00 sys=0,00, real=0,00 secs] 
28,884: [GC (Allocation Failure) [PSYoungGen: 71232K->96K(70144K)] 73395K->2259K(245248K), 0,0004818 secs] [Times: user=0,01 sys=0,00, real=0,00 secs] 
28,929: [GC (Allocation Failure) [PSYoungGen: 69728K->64K(68608K)] 71891K->2227K(243712K), 0,0004793 secs] [Times: user=0,00 sys=0,00, real=0,00 secs] 
28,973: [GC (Allocation Failure) [PSYoungGen: 68160K->64K(67072K)] 70323K->2227K(242176K), 0,0004821 secs] [Times: user=0,01 sys=0,00, real=0,00 secs] 
29,016: [GC (Allocation Failure) [PSYoungGen: 66624K->64K(80384K)] 68787K->2227K(255488K), 0,0010478 secs] [Times: user=0,00 sys=0,00, real=0,01 secs] 
29,067: [GC (Allocation Failure) [PSYoungGen: 79936K->64K(96768K)] 82099K->2227K(271872K), 0,0004888 secs] [Times: user=0,00 sys=0,00, real=0,00 secs] 
29,129: [GC (Allocation Failure) [PSYoungGen: 96320K->64K(116224K)] 98483K->2227K(291328K), 0,0004793 secs] [Times: user=0,00 sys=0,00, real=0,00 secs] 
29,202: [GC (Allocation Failure) [PSYoungGen: 115776K->64K(112640K)] 117939K->2227K(287744K), 0,0004885 secs] [Times: user=0,00 sys=0,00, real=0,00 secs] 
29,274: [GC (Allocation Failure) [PSYoungGen: 112192K->96K(109568K)] 114355K->2267K(284672K), 0,0004877 secs] [Times: user=0,00 sys=0,00, real=0,00 secs] 
29,344: [GC (Allocation Failure) [PSYoungGen: 109152K->64K(131584K)] 111323K->2235K(306688K), 0,0010315 secs] [Times: user=0,00 sys=0,00, real=0,00 secs] 
29,429: [GC (Allocation Failure) [PSYoungGen: 131136K->64K(127488K)] 133307K->2235K(302592K), 0,0005129 secs] [Times: user=0,01 sys=0,00, real=0,00 secs] 
29,510: [GC (Allocation Failure) [PSYoungGen: 127040K->64K(123392K)] 129211K->2235K(298496K), 0,0011073 secs] [Times: user=0,00 sys=0,00, real=0,00 secs] 
29,592: [GC (Allocation Failure) [PSYoungGen: 122944K->32K(119808K)] 125115K->2203K(294912K), 0,0008665 secs] [Times: user=0,00 sys=0,00, real=0,00 secs] 
29,668: [GC (Allocation Failure) [PSYoungGen: 119328K->64K(116224K)] 121499K->2235K(291328K), 0,0005415 secs] [Times: user=0,00 sys=0,00, real=0,00 secs] 
29,742: [GC (Allocation Failure) [PSYoungGen: 115776K->96K(112640K)] 117947K->2267K(287744K), 0,0005085 secs] [Times: user=0,00 sys=0,00, real=0,00 secs] 
29,814: [GC (Allocation Failure) [PSYoungGen: 112224K->64K(109568K)] 114395K->2235K(284672K), 0,0005083 secs] [Times: user=0,00 sys=0,00, real=0,00 secs] 
29,883: [GC (Allocation Failure) [PSYoungGen: 109120K->64K(106496K)] 111291K->2235K(281600K), 0,0005225 secs] [Times: user=0,00 sys=0,00, real=0,00 secs] 
29,951: [GC (Allocation Failure) [PSYoungGen: 106048K->64K(103424K)] 108219K->2235K(278528K), 0,0005183 secs] [Times: user=0,00 sys=0,00, real=0,00 secs] 
30,017: [GC (Allocation Failure) [PSYoungGen: 102976K->64K(100352K)] 105147K->2235K(275456K), 0,0005032 secs] [Times: user=0,00 sys=0,00, real=0,00 secs] 
30,081: [GC (Allocation Failure) [PSYoungGen: 99903K->64K(97792K)] 102075K->2235K(272896K), 0,0005039 secs] [Times: user=0,00 sys=0,00, real=0,00 secs] 
30,143: [GC (Allocation Failure) [PSYoungGen: 97344K->64K(95232K)] 99515K->2235K(270336K), 0,0004901 secs] [Times: user=0,00 sys=0,00, real=0,00 secs] 
30,204: [GC (Allocation Failure) [PSYoungGen: 94784K->64K(92672K)] 96955K->2235K(267776K), 0,0005088 secs] [Times: user=0,01 sys=0,00, real=0,00 secs] 
30,263: [GC (Allocation Failure) [PSYoungGen: 92224K->96K(90112K)] 94395K->2267K(265216K), 0,0005020 secs] [Times: user=0,01 sys=0,00, real=0,00 secs] 
30,321: [GC (Allocation Failure) [PSYoungGen: 89696K->96K(87552K)] 91867K->2291K(262656K), 0,0005021 secs] [Times: user=0,00 sys=0,00, real=0,00 secs] 
30,377: [GC (Allocation Failure) [PSYoungGen: 87136K->96K(85504K)] 89331K->2291K(260608K), 0,0004986 secs] [Times: user=0,00 sys=0,00, real=0,00 secs] 
30,431: [GC (Allocation Failure) [PSYoungGen: 85088K->64K(83456K)] 87283K->2259K(258560K), 0,0004877 secs] [Times: user=0,00 sys=0,00, real=0,00 secs] 
30,485: [GC (Allocation Failure) [PSYoungGen: 83008K->96K(81408K)] 85203K->2291K(256512K), 0,0005121 secs] [Times: user=0,00 sys=0,00, real=0,00 secs] 
30,537: [GC (Allocation Failure) [PSYoungGen: 80992K->96K(79360K)] 83187K->2291K(254464K), 0,0004911 secs] [Times: user=0,00 sys=0,00, real=0,00 secs] 
30,587: [GC (Allocation Failure) [PSYoungGen: 78944K->64K(77312K)] 81139K->2259K(252416K), 0,0004981 secs] [Times: user=0,00 sys=0,00, real=0,00 secs] 
30,636: [GC (Allocation Failure) [PSYoungGen: 76864K->64K(75264K)] 79059K->2259K(250368K), 0,0004929 secs] [Times: user=0,00 sys=0,00, real=0,00 secs] 
30,685: [GC (Allocation Failure) [PSYoungGen: 74816K->64K(73728K)] 77011K->2259K(248832K), 0,0005105 secs] [Times: user=0,00 sys=0,00, real=0,00 secs] 
30,731: [GC (Allocation Failure) [PSYoungGen: 73280K->32K(72192K)] 75475K->2227K(247296K), 0,0004788 secs] [Times: user=0,00 sys=0,00, real=0,00 secs] 
30,777: [GC (Allocation Failure) [PSYoungGen: 71712K->64K(70656K)] 73907K->2259K(245760K), 0,0005353 secs] [Times: user=0,00 sys=0,00, real=0,00 secs] 
30,823: [GC (Allocation Failure) [PSYoungGen: 70208K->64K(69120K)] 72403K->2259K(244224K), 0,0004795 secs] [Times: user=0,00 sys=0,00, real=0,00 secs] 
30,867: [GC (Allocation Failure) [PSYoungGen: 68672K->96K(67584K)] 70867K->2291K(242688K), 0,0004730 secs] [Times: user=0,00 sys=0,00, real=0,00 secs] 
30,910: [GC (Allocation Failure) [PSYoungGen: 67168K->96K(81408K)] 69363K->2291K(256512K), 0,0005248 secs] [Times: user=0,00 sys=0,00, real=0,00 secs] 
30,962: [GC (Allocation Failure) [PSYoungGen: 80992K->96K(79360K)] 83187K->2291K(254464K), 0,0005061 secs] [Times: user=0,00 sys=0,00, real=0,00 secs] 
31,012: [GC (Allocation Failure) [PSYoungGen: 78944K->64K(77312K)] 81139K->2259K(252416K), 0,0004932 secs] [Times: user=0,00 sys=0,00, real=0,00 secs] 
31,061: [GC (Allocation Failure) [PSYoungGen: 76864K->96K(75264K)] 79059K->2291K(250368K), 0,0004937 secs] [Times: user=0,00 sys=0,00, real=0,00 secs] 
31,110: [GC (Allocation Failure) [PSYoungGen: 74848K->64K(73728K)] 77043K->2259K(248832K), 0,0004893 secs] [Times: user=0,00 sys=0,00, real=0,00 secs] 
31,157: [GC (Allocation Failure) [PSYoungGen: 73280K->96K(72192K)] 75475K->2291K(247296K), 0,0004743 secs] [Times: user=0,00 sys=0,00, real=0,00 secs] 
31,203: [GC (Allocation Failure) [PSYoungGen: 71776K->64K(70656K)] 73971K->2259K(245760K), 0,0004773 secs] [Times: user=0,00 sys=0,00, real=0,00 secs] 
31,248: [GC (Allocation Failure) [PSYoungGen: 70208K->96K(69120K)] 72403K->2291K(244224K), 0,0004851 secs] [Times: user=0,00 sys=0,00, real=0,00 secs] 
31,292: [GC (Allocation Failure) [PSYoungGen: 68704K->64K(67584K)] 70899K->2259K(242688K), 0,0004876 secs] [Times: user=0,00 sys=0,00, real=0,00 secs] 
31,335: [GC (Allocation Failure) [PSYoungGen: 67136K->96K(66048K)] 69331K->2291K(241152K), 0,0004736 secs] [Times: user=0,00 sys=0,00, real=0,00 secs] 
31,377: [GC (Allocation Failure) [PSYoungGen: 65632K->64K(79360K)] 67827K->2259K(254464K), 0,0006349 secs] [Times: user=0,00 sys=0,00, real=0,00 secs] 
31,428: [GC (Allocation Failure) [PSYoungGen: 78912K->64K(95232K)] 81107K->2259K(270336K), 0,0005423 secs] [Times: user=0,00 sys=0,00, real=0,00 secs] 
31,489: [GC (Allocation Failure) [PSYoungGen: 94784K->64K(92672K)] 96979K->2259K(267776K), 0,0004965 secs] [Times: user=0,00 sys=0,00, real=0,00 secs] 
31,548: [GC (Allocation Failure) [PSYoungGen: 92224K->96K(90112K)] 94419K->2291K(265216K), 0,0004799 secs] [Times: user=0,00 sys=0,00, real=0,00 secs] 
31,605: [GC (Allocation Failure) [PSYoungGen: 89696K->64K(87552K)] 91891K->2259K(262656K), 0,0004935 secs] [Times: user=0,00 sys=0,00, real=0,00 secs] 
31,661: [GC (Allocation Failure) [PSYoungGen: 87104K->64K(85504K)] 89299K->2259K(260608K), 0,0004871 secs] [Times: user=0,01 sys=0,00, real=0,00 secs] 
31,715: [GC (Allocation Failure) [PSYoungGen: 85056K->96K(83456K)] 87251K->2291K(258560K), 0,0004962 secs] [Times: user=0,00 sys=0,00, real=0,00 secs] 
31,769: [GC (Allocation Failure) [PSYoungGen: 83040K->96K(81408K)] 85235K->2291K(256512K), 0,0004725 secs] [Times: user=0,00 sys=0,00, real=0,00 secs] 
31,820: [GC (Allocation Failure) [PSYoungGen: 80992K->32K(79360K)] 83187K->2227K(254464K), 0,0004902 secs] [Times: user=0,00 sys=0,00, real=0,00 secs] 
31,871: [GC (Allocation Failure) [PSYoungGen: 78880K->32K(77312K)] 81075K->2227K(252416K), 0,0004831 secs] [Times: user=0,00 sys=0,01, real=0,00 secs] 
31,920: [GC (Allocation Failure) [PSYoungGen: 76832K->32K(75264K)] 79027K->2227K(250368K), 0,0004864 secs] [Times: user=0,00 sys=0,00, real=0,00 secs] 
31,969: [GC (Allocation Failure) [PSYoungGen: 74784K->64K(73728K)] 76979K->2259K(248832K), 0,0004945 secs] [Times: user=0,01 sys=0,00, real=0,00 secs] 
32,016: [GC (Allocation Failure) [PSYoungGen: 73280K->64K(72192K)] 75475K->2259K(247296K), 0,0006238 secs] [Times: user=0,00 sys=0,00, real=0,00 secs] 
32,062: [GC (Allocation Failure) [PSYoungGen: 71744K->96K(70656K)] 73939K->2291K(245760K), 0,0004837 secs] [Times: user=0,00 sys=0,00, real=0,00 secs] 
32,107: [GC (Allocation Failure) [PSYoungGen: 70240K->96K(69120K)] 72435K->2291K(244224K), 0,0004706 secs] [Times: user=0,00 sys=0,00, real=0,00 secs] 
32,151: [GC (Allocation Failure) [PSYoungGen: 68704K->64K(67584K)] 70899K->2259K(242688K), 0,0004903 secs] [Times: user=0,00 sys=0,00, real=0,00 secs] 
32,194: [GC (Allocation Failure) [PSYoungGen: 67136K->32K(66048K)] 69331K->2227K(241152K), 0,0004904 secs] [Times: user=0,00 sys=0,00, real=0,00 secs] 
32,236: [GC (Allocation Failure) [PSYoungGen: 65568K->96K(79360K)] 67763K->2291K(254464K), 0,0005021 secs] [Times: user=0,01 sys=0,00, real=0,01 secs] 
32,287: [GC (Allocation Failure) [PSYoungGen: 78944K->64K(95232K)] 81139K->2259K(270336K), 0,0005253 secs] [Times: user=0,00 sys=0,00, real=0,00 secs] 
32,347: [GC (Allocation Failure) [PSYoungGen: 94784K->64K(92672K)] 96979K->2259K(267776K), 0,0005025 secs] [Times: user=0,00 sys=0,00, real=0,00 secs] 
32,406: [GC (Allocation Failure) [PSYoungGen: 92224K->96K(90112K)] 94419K->2291K(265216K), 0,0005138 secs] [Times: user=0,00 sys=0,00, real=0,00 secs] 
32,464: [GC (Allocation Failure) [PSYoungGen: 89695K->64K(87552K)] 91891K->2259K(262656K), 0,0007265 secs] [Times: user=0,01 sys=0,00, real=0,00 secs] 
32,520: [GC (Allocation Failure) [PSYoungGen: 87104K->32K(85504K)] 89299K->2227K(260608K), 0,0004883 secs] [Times: user=0,00 sys=0,00, real=0,00 secs] 
32,574: [GC (Allocation Failure) [PSYoungGen: 85024K->64K(83456K)] 87219K->2259K(258560K), 0,0004864 secs] [Times: user=0,00 sys=0,00, real=0,00 secs] 
32,627: [GC (Allocation Failure) [PSYoungGen: 83008K->64K(81408K)] 85203K->2259K(256512K), 0,0004862 secs] [Times: user=0,00 sys=0,00, real=0,00 secs] 
32,679: [GC (Allocation Failure) [PSYoungGen: 80960K->32K(79360K)] 83155K->2227K(254464K), 0,0004813 secs] [Times: user=0,00 sys=0,00, real=0,00 secs] 
32,729: [GC (Allocation Failure) [PSYoungGen: 78880K->64K(77312K)] 81075K->2259K(252416K), 0,0004931 secs] [Times: user=0,00 sys=0,00, real=0,00 secs] 
32,778: [GC (Allocation Failure) [PSYoungGen: 76864K->64K(75264K)] 79059K->2259K(250368K), 0,0004915 secs] [Times: user=0,00 sys=0,00, real=0,00 secs] 
32,826: [GC (Allocation Failure) [PSYoungGen: 74816K->64K(90624K)] 77011K->2259K(265728K), 0,0010088 secs] [Times: user=0,00 sys=0,00, real=0,00 secs] 
32,884: [GC (Allocation Failure) [PSYoungGen: 90176K->64K(109056K)] 92371K->2259K(284160K), 0,0005632 secs] [Times: user=0,00 sys=0,00, real=0,00 secs] 
32,954: [GC (Allocation Failure) [PSYoungGen: 108608K->64K(105984K)] 110803K->2259K(281088K), 0,0005406 secs] [Times: user=0,00 sys=0,00, real=0,00 secs] 
33,022: [GC (Allocation Failure) [PSYoungGen: 105536K->64K(102912K)] 107731K->2259K(278016K), 0,0004972 secs] [Times: user=0,00 sys=0,00, real=0,00 secs] 
33,087: [GC (Allocation Failure) [PSYoungGen: 102464K->96K(99840K)] 104659K->2291K(274944K), 0,0004869 secs] [Times: user=0,00 sys=0,00, real=0,00 secs] 
33,151: [GC (Allocation Failure) [PSYoungGen: 99424K->64K(97280K)] 101619K->2259K(272384K), 0,0004818 secs] [Times: user=0,00 sys=0,00, real=0,00 secs] 
33,213: [GC (Allocation Failure) [PSYoungGen: 96832K->96K(94720K)] 99027K->2291K(269824K), 0,0004979 secs] [Times: user=0,00 sys=0,00, real=0,00 secs] 
33,273: [GC (Allocation Failure) [PSYoungGen: 94304K->96K(92160K)] 96499K->2291K(267264K), 0,0005266 secs] [Times: user=0,00 sys=0,00, real=0,00 secs] 
33,332: [GC (Allocation Failure) [PSYoungGen: 91744K->64K(89600K)] 93939K->2259K(264704K), 0,0004900 secs] [Times: user=0,00 sys=0,00, real=0,00 secs] 
33,389: [GC (Allocation Failure) [PSYoungGen: 89151K->64K(87040K)] 91347K->2259K(262144K), 0,0004795 secs] [Times: user=0,00 sys=0,00, real=0,00 secs] 
33,444: [GC (Allocation Failure) [PSYoungGen: 86592K->64K(84992K)] 88787K->2259K(260096K), 0,0004963 secs] [Times: user=0,00 sys=0,00, real=0,00 secs] 
33,499: [GC (Allocation Failure) [PSYoungGen: 84544K->96K(82944K)] 86739K->2291K(258048K), 0,0005100 secs] [Times: user=0,00 sys=0,00, real=0,00 secs] 
33,551: [GC (Allocation Failure) [PSYoungGen: 82528K->64K(80896K)] 84723K->2259K(256000K), 0,0005415 secs] [Times: user=0,00 sys=0,00, real=0,00 secs] 
33,603: [GC (Allocation Failure) [PSYoungGen: 80448K->96K(78848K)] 82643K->2291K(253952K), 0,0004775 secs] [Times: user=0,00 sys=0,00, real=0,00 secs] 
33,653: [GC (Allocation Failure) [PSYoungGen: 78432K->64K(76800K)] 80627K->2259K(251904K), 0,0004897 secs] [Times: user=0,00 sys=0,00, real=0,00 secs] 
33,702: [GC (Allocation Failure) [PSYoungGen: 76352K->96K(74752K)] 78547K->2291K(249856K), 0,0005014 secs] [Times: user=0,00 sys=0,00, real=0,00 secs] 
33,750: [GC (Allocation Failure) [PSYoungGen: 74336K->64K(73216K)] 76531K->2259K(248320K), 0,0005104 secs] [Times: user=0,00 sys=0,00, real=0,00 secs] 
33,797: [GC (Allocation Failure) [PSYoungGen: 72768K->96K(71680K)] 74963K->2291K(246784K), 0,0004808 secs] [Times: user=0,00 sys=0,00, real=0,00 secs] 
33,842: [GC (Allocation Failure) [PSYoungGen: 71264K->64K(70144K)] 73459K->2259K(245248K), 0,0004922 secs] [Times: user=0,00 sys=0,00, real=0,00 secs] 
33,887: [GC (Allocation Failure) [PSYoungGen: 69696K->96K(68608K)] 71891K->2291K(243712K), 0,0004675 secs] [Times: user=0,00 sys=0,00, real=0,00 secs] 
33,931: [GC (Allocation Failure) [PSYoungGen: 68192K->96K(67072K)] 70387K->2291K(242176K), 0,0004718 secs] [Times: user=0,00 sys=0,00, real=0,00 secs] 
33,976: [GC (Allocation Failure) [PSYoungGen: 66656K->64K(65536K)] 68851K->2259K(240640K), 0,0004959 secs] [Times: user=0,00 sys=0,00, real=0,01 secs] 
34,018: [GC (Allocation Failure) [PSYoungGen: 65088K->32K(64000K)] 67283K->2227K(239104K), 0,0004806 secs] [Times: user=0,00 sys=0,00, real=0,00 secs] 
34,059: [GC (Allocation Failure) [PSYoungGen: 63520K->64K(76800K)] 65715K->2259K(251904K), 0,0004675 secs] [Times: user=0,00 sys=0,00, real=0,00 secs] 
34,107: [GC (Allocation Failure) [PSYoungGen: 76352K->64K(74752K)] 78547K->2259K(249856K), 0,0004829 secs] [Times: user=0,00 sys=0,00, real=0,00 secs] 
34,155: [GC (Allocation Failure) [PSYoungGen: 74304K->64K(73216K)] 76499K->2259K(248320K), 0,0004689 secs] [Times: user=0,00 sys=0,00, real=0,00 secs] 
34,202: [GC (Allocation Failure) [PSYoungGen: 72768K->64K(88064K)] 74963K->2259K(263168K), 0,0006799 secs] [Times: user=0,00 sys=0,00, real=0,00 secs] 
34,258: [GC (Allocation Failure) [PSYoungGen: 87616K->64K(86016K)] 89811K->2259K(261120K), 0,0004813 secs] [Times: user=0,00 sys=0,00, real=0,00 secs] 
34,312: [GC (Allocation Failure) [PSYoungGen: 85568K->64K(83968K)] 87763K->2259K(259072K), 0,0004962 secs] [Times: user=0,00 sys=0,00, real=0,00 secs] 
34,366: [GC (Allocation Failure) [PSYoungGen: 83520K->32K(81920K)] 85715K->2227K(257024K), 0,0004741 secs] [Times: user=0,00 sys=0,00, real=0,01 secs] 
34,418: [GC (Allocation Failure) [PSYoungGen: 81440K->64K(79872K)] 83635K->2259K(254976K), 0,0004704 secs] [Times: user=0,01 sys=0,00, real=0,00 secs] 
34,469: [GC (Allocation Failure) [PSYoungGen: 79424K->96K(77824K)] 81619K->2291K(252928K), 0,0004919 secs] [Times: user=0,00 sys=0,00, real=0,00 secs] 
34,518: [GC (Allocation Failure) [PSYoungGen: 77408K->32K(75776K)] 79603K->2227K(250880K), 0,0004929 secs] [Times: user=0,00 sys=0,00, real=0,00 secs] 
34,567: [GC (Allocation Failure) [PSYoungGen: 75296K->96K(74240K)] 77491K->2291K(249344K), 0,0004954 secs] [Times: user=0,01 sys=0,00, real=0,00 secs] 
34,614: [GC (Allocation Failure) [PSYoungGen: 73824K->64K(72704K)] 76019K->2259K(247808K), 0,0004671 secs] [Times: user=0,00 sys=0,00, real=0,00 secs] 
34,660: [GC (Allocation Failure) [PSYoungGen: 72256K->64K(71168K)] 74451K->2259K(246272K), 0,0005001 secs] [Times: user=0,00 sys=0,00, real=0,00 secs] 
34,706: [GC (Allocation Failure) [PSYoungGen: 70720K->96K(69632K)] 72915K->2291K(244736K), 0,0004945 secs] [Times: user=0,00 sys=0,00, real=0,00 secs] 
34,750: [GC (Allocation Failure) [PSYoungGen: 69216K->64K(68096K)] 71411K->2259K(243200K), 0,0004687 secs] [Times: user=0,00 sys=0,00, real=0,00 secs] 
34,793: [GC (Allocation Failure) [PSYoungGen: 67648K->64K(66560K)] 69843K->2259K(241664K), 0,0004947 secs] [Times: user=0,00 sys=0,01, real=0,00 secs] 
34,836: [GC (Allocation Failure) [PSYoungGen: 66112K->96K(79872K)] 68307K->2291K(254976K), 0,0005064 secs] [Times: user=0,00 sys=0,00, real=0,01 secs] 
34,887: [GC (Allocation Failure) [PSYoungGen: 79456K->64K(77824K)] 81651K->2259K(252928K), 0,0005095 secs] [Times: user=0,00 sys=0,00, real=0,00 secs] 
34,936: [GC (Allocation Failure) [PSYoungGen: 77376K->64K(75776K)] 79571K->2259K(250880K), 0,0005427 secs] [Times: user=0,00 sys=0,00, real=0,00 secs] 
34,985: [GC (Allocation Failure) [PSYoungGen: 75328K->64K(74240K)] 77523K->2259K(249344K), 0,0005048 secs] [Times: user=0,00 sys=0,00, real=0,00 secs] 
35,032: [GC (Allocation Failure) [PSYoungGen: 73792K->64K(72704K)] 75987K->2259K(247808K), 0,0004922 secs] [Times: user=0,01 sys=0,00, real=0,00 secs] 
35,078: [GC (Allocation Failure) [PSYoungGen: 72256K->64K(71168K)] 74451K->2259K(246272K), 0,0004809 secs] [Times: user=0,00 sys=0,00, real=0,00 secs] 
35,124: [GC (Allocation Failure) [PSYoungGen: 70720K->32K(69632K)] 72915K->2227K(244736K), 0,0004814 secs] [Times: user=0,00 sys=0,00, real=0,00 secs] 
35,168: [GC (Allocation Failure) [PSYoungGen: 69152K->64K(68096K)] 71347K->2259K(243200K), 0,0004951 secs] [Times: user=0,00 sys=0,00, real=0,00 secs] 
35,212: [GC (Allocation Failure) [PSYoungGen: 67648K->64K(66560K)] 69843K->2259K(241664K), 0,0004767 secs] [Times: user=0,00 sys=0,00, real=0,00 secs] 
35,254: [GC (Allocation Failure) [PSYoungGen: 66112K->96K(79872K)] 68307K->2291K(254976K), 0,0004706 secs] [Times: user=0,00 sys=0,00, real=0,00 secs] 
35,305: [GC (Allocation Failure) [PSYoungGen: 79456K->64K(77824K)] 81651K->2259K(252928K), 0,0005247 secs] [Times: user=0,00 sys=0,00, real=0,00 secs] 
35,354: [GC (Allocation Failure) [PSYoungGen: 77376K->96K(75776K)] 79571K->2291K(250880K), 0,0004653 secs] [Times: user=0,00 sys=0,00, real=0,00 secs] 
35,402: [GC (Allocation Failure) [PSYoungGen: 75360K->64K(74240K)] 77555K->2259K(249344K), 0,0005072 secs] [Times: user=0,00 sys=0,00, real=0,00 secs] 
35,449: [GC (Allocation Failure) [PSYoungGen: 73792K->64K(72704K)] 75987K->2259K(247808K), 0,0005365 secs] [Times: user=0,00 sys=0,00, real=0,00 secs] 
35,496: [GC (Allocation Failure) [PSYoungGen: 72256K->64K(71168K)] 74451K->2259K(246272K), 0,0005036 secs] [Times: user=0,00 sys=0,00, real=0,01 secs] 
35,541: [GC (Allocation Failure) [PSYoungGen: 70720K->96K(69632K)] 72915K->2291K(244736K), 0,0004779 secs] [Times: user=0,00 sys=0,00, real=0,00 secs] 
35,586: [GC (Allocation Failure) [PSYoungGen: 69216K->64K(68096K)] 71411K->2259K(243200K), 0,0004749 secs] [Times: user=0,00 sys=0,00, real=0,01 secs] 
35,629: [GC (Allocation Failure) [PSYoungGen: 67648K->64K(66560K)] 69843K->2259K(241664K), 0,0004696 secs] [Times: user=0,00 sys=0,00, real=0,00 secs] 
35,671: [GC (Allocation Failure) [PSYoungGen: 66112K->64K(79872K)] 68307K->2259K(254976K), 0,0004867 secs] [Times: user=0,00 sys=0,00, real=0,00 secs] 
35,722: [GC (Allocation Failure) [PSYoungGen: 79424K->64K(77824K)] 81619K->2259K(252928K), 0,0005010 secs] [Times: user=0,00 sys=0,00, real=0,00 secs] 
35,772: [GC (Allocation Failure) [PSYoungGen: 77376K->32K(75776K)] 79571K->2227K(250880K), 0,0005088 secs] [Times: user=0,00 sys=0,00, real=0,00 secs] 
35,820: [GC (Allocation Failure) [PSYoungGen: 75296K->32K(74240K)] 77491K->2227K(249344K), 0,0004764 secs] [Times: user=0,00 sys=0,00, real=0,00 secs] 
35,867: [GC (Allocation Failure) [PSYoungGen: 73760K->64K(72704K)] 75955K->2259K(247808K), 0,0004697 secs] [Times: user=0,00 sys=0,00, real=0,00 secs] 
35,914: [GC (Allocation Failure) [PSYoungGen: 72256K->96K(71168K)] 74451K->2291K(246272K), 0,0004873 secs] [Times: user=0,01 sys=0,00, real=0,00 secs] 
35,959: [GC (Allocation Failure) [PSYoungGen: 70752K->64K(69632K)] 72947K->2259K(244736K), 0,0005504 secs] [Times: user=0,00 sys=0,00, real=0,00 secs] 
36,004: [GC (Allocation Failure) [PSYoungGen: 69184K->32K(83456K)] 71379K->2227K(258560K), 0,0005010 secs] [Times: user=0,00 sys=0,00, real=0,00 secs] 
36,057: [GC (Allocation Failure) [PSYoungGen: 82976K->64K(81408K)] 85171K->2259K(256512K), 0,0004790 secs] [Times: user=0,00 sys=0,00, real=0,00 secs] 
36,108: [GC (Allocation Failure) [PSYoungGen: 80960K->64K(79360K)] 83155K->2259K(254464K), 0,0004776 secs] [Times: user=0,00 sys=0,00, real=0,00 secs] 
36,159: [GC (Allocation Failure) [PSYoungGen: 78912K->96K(77312K)] 81107K->2291K(252416K), 0,0004670 secs] [Times: user=0,00 sys=0,00, real=0,00 secs] 
36,208: [GC (Allocation Failure) [PSYoungGen: 76896K->32K(75264K)] 79091K->2227K(250368K), 0,0005008 secs] [Times: user=0,00 sys=0,00, real=0,00 secs] 
36,256: [GC (Allocation Failure) [PSYoungGen: 74784K->64K(73728K)] 76979K->2259K(248832K), 0,0004902 secs] [Times: user=0,00 sys=0,00, real=0,01 secs] 
36,303: [GC (Allocation Failure) [PSYoungGen: 73280K->64K(72192K)] 75475K->2259K(247296K), 0,0005506 secs] [Times: user=0,00 sys=0,00, real=0,00 secs] 
36,349: [GC (Allocation Failure) [PSYoungGen: 71744K->64K(70656K)] 73939K->2259K(245760K), 0,0004734 secs] [Times: user=0,00 sys=0,00, real=0,00 secs] 
36,394: [GC (Allocation Failure) [PSYoungGen: 70208K->32K(69120K)] 72403K->2227K(244224K), 0,0004820 secs] [Times: user=0,00 sys=0,00, real=0,00 secs] 
36,437: [GC (Allocation Failure) [PSYoungGen: 68640K->96K(67584K)] 70835K->2291K(242688K), 0,0004714 secs] [Times: user=0,00 sys=0,00, real=0,00 secs] 
36,481: [GC (Allocation Failure) [PSYoungGen: 67168K->64K(66048K)] 69363K->2259K(241152K), 0,0004920 secs] [Times: user=0,00 sys=0,00, real=0,00 secs] 
36,523: [GC (Allocation Failure) [PSYoungGen: 65600K->32K(79360K)] 67795K->2227K(254464K), 0,0004866 secs] [Times: user=0,00 sys=0,00, real=0,00 secs] 
36,573: [GC (Allocation Failure) [PSYoungGen: 78880K->96K(77312K)] 81075K->2291K(252416K), 0,0004932 secs] [Times: user=0,00 sys=0,00, real=0,00 secs] 
36,622: [GC (Allocation Failure) [PSYoungGen: 76896K->32K(75264K)] 79091K->2227K(250368K), 0,0004919 secs] [Times: user=0,00 sys=0,00, real=0,00 secs] 
36,670: [GC (Allocation Failure) [PSYoungGen: 74784K->64K(73728K)] 76979K->2259K(248832K), 0,0004855 secs] [Times: user=0,00 sys=0,00, real=0,00 secs] 
36,717: [GC (Allocation Failure) [PSYoungGen: 73280K->96K(72192K)] 75475K->2291K(247296K), 0,0005186 secs] [Times: user=0,00 sys=0,00, real=0,00 secs] 
36,763: [GC (Allocation Failure) [PSYoungGen: 71776K->64K(86528K)] 73971K->2259K(261632K), 0,0005577 secs] [Times: user=0,00 sys=0,00, real=0,00 secs] 
36,818: [GC (Allocation Failure) [PSYoungGen: 86080K->32K(103936K)] 88275K->2227K(279040K), 0,0007502 secs] [Times: user=0,00 sys=0,00, real=0,00 secs] 
36,884: [GC (Allocation Failure) [PSYoungGen: 103456K->64K(100864K)] 105651K->2259K(275968K), 0,0004765 secs] [Times: user=0,00 sys=0,00, real=0,00 secs] 
36,948: [GC (Allocation Failure) [PSYoungGen: 100416K->32K(98304K)] 102611K->2227K(273408K), 0,0005001 secs] [Times: user=0,00 sys=0,00, real=0,00 secs] 
37,011: [GC (Allocation Failure) [PSYoungGen: 97824K->64K(95744K)] 100019K->2259K(270848K), 0,0005752 secs] [Times: user=0,00 sys=0,00, real=0,00 secs] 
37,072: [GC (Allocation Failure) [PSYoungGen: 95296K->64K(93184K)] 97491K->2259K(268288K), 0,0005743 secs] [Times: user=0,00 sys=0,00, real=0,00 secs] 
37,131: [GC (Allocation Failure) [PSYoungGen: 92736K->32K(90624K)] 94931K->2227K(265728K), 0,0006099 secs] [Times: user=0,00 sys=0,00, real=0,00 secs] 
37,189: [GC (Allocation Failure) [PSYoungGen: 90144K->64K(88064K)] 92339K->2259K(263168K), 0,0004766 secs] [Times: user=0,00 sys=0,00, real=0,00 secs] 
37,245: [GC (Allocation Failure) [PSYoungGen: 87616K->64K(86016K)] 89811K->2259K(261120K), 0,0004857 secs] [Times: user=0,00 sys=0,00, real=0,00 secs] 
37,299: [GC (Allocation Failure) [PSYoungGen: 85568K->64K(83968K)] 87763K->2259K(259072K), 0,0005195 secs] [Times: user=0,00 sys=0,00, real=0,00 secs] 
37,353: [GC (Allocation Failure) [PSYoungGen: 83520K->96K(81920K)] 85715K->2291K(257024K), 0,0007272 secs] [Times: user=0,00 sys=0,00, real=0,00 secs] 
37,405: [GC (Allocation Failure) [PSYoungGen: 81504K->64K(79872K)] 83699K->2259K(254976K), 0,0004971 secs] [Times: user=0,00 sys=0,00, real=0,00 secs] 
37,456: [GC (Allocation Failure) [PSYoungGen: 79424K->64K(77824K)] 81619K->2259K(252928K), 0,0004846 secs] [Times: user=0,00 sys=0,00, real=0,00 secs] 
37,506: [GC (Allocation Failure) [PSYoungGen: 77376K->96K(75776K)] 79571K->2291K(250880K), 0,0005582 secs] [Times: user=0,00 sys=0,00, real=0,00 secs] 
37,555: [GC (Allocation Failure) [PSYoungGen: 75360K->64K(74240K)] 77555K->2259K(249344K), 0,0005866 secs] [Times: user=0,00 sys=0,00, real=0,00 secs] 
37,602: [GC (Allocation Failure) [PSYoungGen: 73792K->64K(89088K)] 75987K->2259K(264192K), 0,0008901 secs] [Times: user=0,00 sys=0,01, real=0,00 secs] 
37,659: [GC (Allocation Failure) [PSYoungGen: 88640K->64K(107008K)] 90835K->2259K(282112K), 0,0004924 secs] [Times: user=0,01 sys=0,00, real=0,00 secs] 
37,728: [GC (Allocation Failure) [PSYoungGen: 106560K->96K(103936K)] 108755K->2291K(279040K), 0,0005005 secs] [Times: user=0,00 sys=0,00, real=0,00 secs] 
37,794: [GC (Allocation Failure) [PSYoungGen: 103520K->64K(100864K)] 105715K->2259K(275968K), 0,0005326 secs] [Times: user=0,00 sys=0,00, real=0,00 secs] 
37,858: [GC (Allocation Failure) [PSYoungGen: 100416K->64K(98304K)] 102611K->2259K(273408K), 0,0004981 secs] [Times: user=0,01 sys=0,00, real=0,00 secs] 
37,921: [GC (Allocation Failure) [PSYoungGen: 97856K->96K(95744K)] 100051K->2291K(270848K), 0,0005046 secs] [Times: user=0,00 sys=0,00, real=0,00 secs] 
37,982: [GC (Allocation Failure) [PSYoungGen: 95328K->64K(93184K)] 97523K->2259K(268288K), 0,0004921 secs] [Times: user=0,00 sys=0,00, real=0,00 secs] 
38,041: [GC (Allocation Failure) [PSYoungGen: 92736K->96K(90624K)] 94931K->2291K(265728K), 0,0005378 secs] [Times: user=0,00 sys=0,00, real=0,00 secs] 
38,098: [GC (Allocation Failure) [PSYoungGen: 90208K->32K(88064K)] 92403K->2227K(263168K), 0,0004794 secs] [Times: user=0,00 sys=0,00, real=0,00 secs] 
38,154: [GC (Allocation Failure) [PSYoungGen: 87584K->32K(86016K)] 89779K->2227K(261120K), 0,0004853 secs] [Times: user=0,00 sys=0,00, real=0,00 secs] 
38,209: [GC (Allocation Failure) [PSYoungGen: 85536K->64K(83968K)] 87731K->2259K(259072K), 0,0004870 secs] [Times: user=0,00 sys=0,00, real=0,00 secs] 
38,262: [GC (Allocation Failure) [PSYoungGen: 83520K->64K(81920K)] 85715K->2259K(257024K), 0,0004970 secs] [Times: user=0,00 sys=0,00, real=0,00 secs] 
38,315: [GC (Allocation Failure) [PSYoungGen: 81472K->64K(79872K)] 83667K->2259K(254976K), 0,0004867 secs] [Times: user=0,01 sys=0,00, real=0,00 secs] 
38,365: [GC (Allocation Failure) [PSYoungGen: 79424K->64K(77824K)] 81619K->2259K(252928K), 0,0005479 secs] [Times: user=0,00 sys=0,00, real=0,00 secs] 
38,419: [GC (Allocation Failure) [PSYoungGen: 77376K->64K(75776K)] 79571K->2259K(250880K), 0,0006133 secs] [Times: user=0,00 sys=0,00, real=0,00 secs] 
38,469: [GC (Allocation Failure) [PSYoungGen: 75328K->64K(74240K)] 77523K->2259K(249344K), 0,0005675 secs] [Times: user=0,00 sys=0,00, real=0,00 secs] 
38,517: [GC (Allocation Failure) [PSYoungGen: 73792K->32K(72704K)] 75987K->2227K(247808K), 0,0005143 secs] [Times: user=0,00 sys=0,00, real=0,00 secs] 
38,563: [GC (Allocation Failure) [PSYoungGen: 72224K->32K(71168K)] 74419K->2227K(246272K), 0,0004764 secs] [Times: user=0,01 sys=0,00, real=0,00 secs] 
38,608: [GC (Allocation Failure) [PSYoungGen: 70688K->96K(69632K)] 72883K->2291K(244736K), 0,0004858 secs] [Times: user=0,00 sys=0,00, real=0,00 secs] 
38,653: [GC (Allocation Failure) [PSYoungGen: 69216K->64K(68096K)] 71411K->2259K(243200K), 0,0004593 secs] [Times: user=0,00 sys=0,00, real=0,00 secs] 
38,696: [GC (Allocation Failure) [PSYoungGen: 67648K->64K(66560K)] 69843K->2259K(241664K), 0,0004907 secs] [Times: user=0,00 sys=0,00, real=0,00 secs] 
38,739: [GC (Allocation Failure) [PSYoungGen: 66112K->64K(65024K)] 68307K->2259K(240128K), 0,0004813 secs] [Times: user=0,00 sys=0,00, real=0,00 secs] 
38,780: [GC (Allocation Failure) [PSYoungGen: 64576K->32K(78336K)] 66771K->2227K(253440K), 0,0004961 secs] [Times: user=0,01 sys=0,00, real=0,00 secs] 
38,830: [GC (Allocation Failure) [PSYoungGen: 77856K->96K(76288K)] 80051K->2291K(251392K), 0,0004716 secs] [Times: user=0,01 sys=0,00, real=0,00 secs] 
38,879: [GC (Allocation Failure) [PSYoungGen: 75872K->64K(74752K)] 78067K->2259K(249856K), 0,0004701 secs] [Times: user=0,00 sys=0,00, real=0,00 secs] 
38,927: [GC (Allocation Failure) [PSYoungGen: 74304K->64K(73216K)] 76499K->2259K(248320K), 0,0004850 secs] [Times: user=0,00 sys=0,00, real=0,00 secs] 
38,973: [GC (Allocation Failure) [PSYoungGen: 72768K->32K(71680K)] 74963K->2227K(246784K), 0,0005145 secs] [Times: user=0,00 sys=0,00, real=0,00 secs] 
39,019: [GC (Allocation Failure) [PSYoungGen: 71200K->64K(70144K)] 73395K->2259K(245248K), 0,0004956 secs] [Times: user=0,00 sys=0,00, real=0,00 secs] 
39,064: [GC (Allocation Failure) [PSYoungGen: 69696K->96K(84480K)] 71891K->2291K(259584K), 0,0005235 secs] [Times: user=0,00 sys=0,00, real=0,00 secs] 
39,118: [GC (Allocation Failure) [PSYoungGen: 84064K->64K(82432K)] 86259K->2259K(257536K), 0,0004876 secs] [Times: user=0,01 sys=0,00, real=0,00 secs] 
39,170: [GC (Allocation Failure) [PSYoungGen: 81984K->64K(80384K)] 84179K->2259K(255488K), 0,0005310 secs] [Times: user=0,00 sys=0,00, real=0,00 secs] 
39,221: [GC (Allocation Failure) [PSYoungGen: 79936K->96K(78336K)] 82131K->2291K(253440K), 0,0005159 secs] [Times: user=0,00 sys=0,00, real=0,00 secs] 
39,271: [GC (Allocation Failure) [PSYoungGen: 77920K->32K(76288K)] 80115K->2227K(251392K), 0,0005395 secs] [Times: user=0,00 sys=0,00, real=0,00 secs] 
39,320: [GC (Allocation Failure) [PSYoungGen: 75808K->96K(74752K)] 78003K->2291K(249856K), 0,0004723 secs] [Times: user=0,00 sys=0,00, real=0,00 secs] 
39,367: [GC (Allocation Failure) [PSYoungGen: 74336K->96K(73216K)] 76531K->2291K(248320K), 0,0004728 secs] [Times: user=0,00 sys=0,00, real=0,00 secs] 
39,414: [GC (Allocation Failure) [PSYoungGen: 72800K->64K(71680K)] 74995K->2259K(246784K), 0,0004894 secs] [Times: user=0,00 sys=0,00, real=0,00 secs] 
39,460: [GC (Allocation Failure) [PSYoungGen: 71232K->96K(70144K)] 73427K->2291K(245248K), 0,0004774 secs] [Times: user=0,00 sys=0,00, real=0,00 secs] 
39,505: [GC (Allocation Failure) [PSYoungGen: 69728K->64K(84480K)] 71923K->2259K(259584K), 0,0009959 secs] [Times: user=0,00 sys=0,00, real=0,01 secs] 
39,561: [GC (Allocation Failure) [PSYoungGen: 84032K->64K(101376K)] 86227K->2259K(276480K), 0,0006424 secs] [Times: user=0,00 sys=0,00, real=0,00 secs] 
39,627: [GC (Allocation Failure) [PSYoungGen: 100928K->64K(121856K)] 103123K->2259K(296960K), 0,0005014 secs] [Times: user=0,00 sys=0,00, real=0,00 secs] 
39,704: [GC (Allocation Failure) [PSYoungGen: 121408K->64K(118272K)] 123603K->2259K(293376K), 0,0005710 secs] [Times: user=0,00 sys=0,00, real=0,00 secs] 
39,779: [GC (Allocation Failure) [PSYoungGen: 117824K->96K(114688K)] 120019K->2291K(289792K), 0,0005025 secs] [Times: user=0,00 sys=0,00, real=0,00 secs] 
39,852: [GC (Allocation Failure) [PSYoungGen: 114272K->64K(111104K)] 116467K->2259K(286208K), 0,0005016 secs] [Times: user=0,01 sys=0,00, real=0,00 secs] 
39,922: [GC (Allocation Failure) [PSYoungGen: 110656K->64K(108032K)] 112851K->2259K(283136K), 0,0004957 secs] [Times: user=0,01 sys=0,00, real=0,00 secs] 
39,992: [GC (Allocation Failure) [PSYoungGen: 107584K->64K(104960K)] 109779K->2259K(280064K), 0,0005573 secs] [Times: user=0,01 sys=0,00, real=0,00 secs] 
40,059: [GC (Allocation Failure) [PSYoungGen: 104512K->64K(101888K)] 106707K->2259K(276992K), 0,0005422 secs] [Times: user=0,00 sys=0,00, real=0,00 secs] 
40,123: [GC (Allocation Failure) [PSYoungGen: 101440K->64K(98816K)] 103635K->2259K(273920K), 0,0004912 secs] [Times: user=0,00 sys=0,00, real=0,00 secs] 
40,186: [GC (Allocation Failure) [PSYoungGen: 98368K->64K(96256K)] 100563K->2259K(271360K), 0,0004820 secs] [Times: user=0,00 sys=0,00, real=0,01 secs] 
40,247: [GC (Allocation Failure) [PSYoungGen: 95808K->96K(93696K)] 98003K->2291K(268800K), 0,0004854 secs] [Times: user=0,00 sys=0,00, real=0,00 secs] 
40,307: [GC (Allocation Failure) [PSYoungGen: 93280K->96K(91136K)] 95475K->2291K(266240K), 0,0005121 secs] [Times: user=0,00 sys=0,00, real=0,00 secs] 
40,365: [GC (Allocation Failure) [PSYoungGen: 90720K->96K(88576K)] 92915K->2315K(263680K), 0,0005033 secs] [Times: user=0,00 sys=0,00, real=0,00 secs] 
40,421: [GC (Allocation Failure) [PSYoungGen: 88160K->64K(86528K)] 90379K->2283K(261632K), 0,0004969 secs] [Times: user=0,00 sys=0,00, real=0,00 secs] 
40,476: [GC (Allocation Failure) [PSYoungGen: 86080K->96K(84480K)] 88299K->2315K(259584K), 0,0005354 secs] [Times: user=0,00 sys=0,01, real=0,00 secs] 
40,530: [GC (Allocation Failure) [PSYoungGen: 84064K->64K(82432K)] 86283K->2283K(257536K), 0,0005040 secs] [Times: user=0,00 sys=0,00, real=0,00 secs] 
40,583: [GC (Allocation Failure) [PSYoungGen: 81984K->32K(80384K)] 84203K->2251K(255488K), 0,0004854 secs] [Times: user=0,00 sys=0,00, real=0,00 secs] 
40,634: [GC (Allocation Failure) [PSYoungGen: 79904K->0K(78336K)] 82123K->2219K(253440K), 0,0004885 secs] [Times: user=0,00 sys=0,00, real=0,00 secs] 
40,683: [GC (Allocation Failure) [PSYoungGen: 77824K->64K(76288K)] 80043K->2283K(251392K), 0,0004949 secs] [Times: user=0,00 sys=0,00, real=0,00 secs] 
40,732: [GC (Allocation Failure) [PSYoungGen: 75840K->64K(74752K)] 78059K->2283K(249856K), 0,0004793 secs] [Times: user=0,00 sys=0,00, real=0,00 secs] 
40,780: [GC (Allocation Failure) [PSYoungGen: 74304K->96K(73216K)] 76523K->2315K(248320K), 0,0004869 secs] [Times: user=0,00 sys=0,00, real=0,00 secs] 
40,826: [GC (Allocation Failure) [PSYoungGen: 72800K->64K(71680K)] 75019K->2283K(246784K), 0,0005955 secs] [Times: user=0,00 sys=0,00, real=0,00 secs] 
40,872: [GC (Allocation Failure) [PSYoungGen: 71232K->64K(70144K)] 73451K->2283K(245248K), 0,0005390 secs] [Times: user=0,00 sys=0,00, real=0,00 secs] 
40,917: [GC (Allocation Failure) [PSYoungGen: 69696K->64K(84480K)] 71915K->2283K(259584K), 0,0007577 secs] [Times: user=0,00 sys=0,00, real=0,00 secs] 
40,971: [GC (Allocation Failure) [PSYoungGen: 84032K->64K(101376K)] 86251K->2283K(276480K), 0,0004698 secs] [Times: user=0,00 sys=0,00, real=0,00 secs] 
41,036: [GC (Allocation Failure) [PSYoungGen: 100928K->96K(98816K)] 103147K->2315K(273920K), 0,0005114 secs] [Times: user=0,00 sys=0,00, real=0,00 secs] 
41,099: [GC (Allocation Failure) [PSYoungGen: 98400K->64K(96256K)] 100619K->2283K(271360K), 0,0004819 secs] [Times: user=0,00 sys=0,00, real=0,00 secs] 
41,160: [GC (Allocation Failure) [PSYoungGen: 95808K->96K(93696K)] 98027K->2315K(268800K), 0,0004871 secs] [Times: user=0,00 sys=0,00, real=0,00 secs] 
41,219: [GC (Allocation Failure) [PSYoungGen: 93280K->96K(91136K)] 95499K->2315K(266240K), 0,0005070 secs] [Times: user=0,00 sys=0,00, real=0,00 secs] 
41,277: [GC (Allocation Failure) [PSYoungGen: 90720K->64K(88576K)] 92939K->2283K(263680K), 0,0004883 secs] [Times: user=0,00 sys=0,00, real=0,00 secs] 
41,333: [GC (Allocation Failure) [PSYoungGen: 88128K->96K(86528K)] 90347K->2315K(261632K), 0,0004859 secs] [Times: user=0,00 sys=0,00, real=0,00 secs] 
41,388: [GC (Allocation Failure) [PSYoungGen: 86112K->96K(84480K)] 88331K->2315K(259584K), 0,0004782 secs] [Times: user=0,00 sys=0,00, real=0,00 secs] 
41,442: [GC (Allocation Failure) [PSYoungGen: 84064K->64K(82432K)] 86283K->2283K(257536K), 0,0004910 secs] [Times: user=0,00 sys=0,00, real=0,00 secs] 
41,495: [GC (Allocation Failure) [PSYoungGen: 81984K->96K(80384K)] 84203K->2315K(255488K), 0,0004932 secs] [Times: user=0,00 sys=0,00, real=0,00 secs] 
41,546: [GC (Allocation Failure) [PSYoungGen: 79968K->64K(78336K)] 82187K->2283K(253440K), 0,0004882 secs] [Times: user=0,00 sys=0,00, real=0,01 secs] 
41,596: [GC (Allocation Failure) [PSYoungGen: 77888K->96K(76288K)] 80107K->2315K(251392K), 0,0005050 secs] [Times: user=0,00 sys=0,00, real=0,01 secs] 
41,644: [GC (Allocation Failure) [PSYoungGen: 75872K->64K(74752K)] 78091K->2283K(249856K), 0,0005147 secs] [Times: user=0,00 sys=0,00, real=0,00 secs] 
41,692: [GC (Allocation Failure) [PSYoungGen: 74304K->64K(73216K)] 76523K->2283K(248320K), 0,0005078 secs] [Times: user=0,00 sys=0,00, real=0,00 secs] 
41,739: [GC (Allocation Failure) [PSYoungGen: 72768K->96K(71680K)] 74987K->2315K(246784K), 0,0004768 secs] [Times: user=0,00 sys=0,00, real=0,00 secs] 
41,785: [GC (Allocation Failure) [PSYoungGen: 71264K->96K(70144K)] 73483K->2315K(245248K), 0,0004843 secs] [Times: user=0,00 sys=0,00, real=0,00 secs] 
41,829: [GC (Allocation Failure) [PSYoungGen: 69728K->96K(68608K)] 71947K->2315K(243712K), 0,0004767 secs] [Times: user=0,00 sys=0,00, real=0,00 secs] 
41,873: [GC (Allocation Failure) [PSYoungGen: 68192K->64K(67072K)] 70411K->2283K(242176K), 0,0004555 secs] [Times: user=0,00 sys=0,00, real=0,00 secs] 
41,916: [GC (Allocation Failure) [PSYoungGen: 66624K->64K(65536K)] 68843K->2283K(240640K), 0,0004818 secs] [Times: user=0,00 sys=0,00, real=0,00 secs] 
41,958: [GC (Allocation Failure) [PSYoungGen: 65088K->32K(64000K)] 67307K->2251K(239104K), 0,0004788 secs] [Times: user=0,00 sys=0,00, real=0,00 secs] 
41,999: [GC (Allocation Failure) [PSYoungGen: 63520K->64K(76800K)] 65739K->2283K(251904K), 0,0005329 secs] [Times: user=0,00 sys=0,00, real=0,00 secs] 
42,048: [GC (Allocation Failure) [PSYoungGen: 76352K->64K(92160K)] 78571K->2283K(267264K), 0,0004954 secs] [Times: user=0,00 sys=0,00, real=0,00 secs] 
42,107: [GC (Allocation Failure) [PSYoungGen: 91712K->64K(89600K)] 93931K->2283K(264704K), 0,0004760 secs] [Times: user=0,00 sys=0,00, real=0,00 secs] 
42,164: [GC (Allocation Failure) [PSYoungGen: 89152K->64K(87040K)] 91371K->2283K(262144K), 0,0005705 secs] [Times: user=0,00 sys=0,00, real=0,00 secs] 
42,220: [GC (Allocation Failure) [PSYoungGen: 86592K->64K(84992K)] 88811K->2283K(260096K), 0,0005001 secs] [Times: user=0,00 sys=0,00, real=0,00 secs] 
42,274: [GC (Allocation Failure) [PSYoungGen: 84544K->64K(82944K)] 86763K->2283K(258048K), 0,0004815 secs] [Times: user=0,00 sys=0,00, real=0,00 secs] 
42,326: [GC (Allocation Failure) [PSYoungGen: 82496K->96K(80896K)] 84715K->2315K(256000K), 0,0005291 secs] [Times: user=0,00 sys=0,00, real=0,00 secs] 
42,378: [GC (Allocation Failure) [PSYoungGen: 80480K->96K(78848K)] 82699K->2315K(253952K), 0,0005030 secs] [Times: user=0,00 sys=0,00, real=0,00 secs] 
42,428: [GC (Allocation Failure) [PSYoungGen: 78432K->64K(76800K)] 80651K->2283K(251904K), 0,0004863 secs] [Times: user=0,00 sys=0,00, real=0,00 secs] 
42,476: [GC (Allocation Failure) [PSYoungGen: 76352K->64K(74752K)] 78571K->2283K(249856K), 0,0004703 secs] [Times: user=0,00 sys=0,00, real=0,00 secs] 
42,524: [GC (Allocation Failure) [PSYoungGen: 74304K->64K(73216K)] 76523K->2283K(248320K), 0,0005672 secs] [Times: user=0,00 sys=0,00, real=0,00 secs] 
42,571: [GC (Allocation Failure) [PSYoungGen: 72768K->64K(71680K)] 74987K->2283K(246784K), 0,0004651 secs] [Times: user=0,00 sys=0,00, real=0,00 secs] 
42,617: [GC (Allocation Failure) [PSYoungGen: 71232K->64K(70144K)] 73451K->2283K(245248K), 0,0004720 secs] [Times: user=0,00 sys=0,00, real=0,00 secs] 
42,661: [GC (Allocation Failure) [PSYoungGen: 69696K->64K(68608K)] 71915K->2283K(243712K), 0,0004678 secs] [Times: user=0,00 sys=0,00, real=0,00 secs] 
42,705: [GC (Allocation Failure) [PSYoungGen: 68160K->96K(67072K)] 70379K->2315K(242176K), 0,0005406 secs] [Times: user=0,00 sys=0,00, real=0,00 secs] 
42,748: [GC (Allocation Failure) [PSYoungGen: 66656K->64K(80384K)] 68875K->2283K(255488K), 0,0005090 secs] [Times: user=0,00 sys=0,00, real=0,00 secs] 
42,800: [GC (Allocation Failure) [PSYoungGen: 79936K->64K(78336K)] 82155K->2283K(253440K), 0,0004932 secs] [Times: user=0,00 sys=0,00, real=0,00 secs] 
42,850: [GC (Allocation Failure) [PSYoungGen: 77888K->64K(76288K)] 80107K->2283K(251392K), 0,0004848 secs] [Times: user=0,00 sys=0,00, real=0,00 secs] 
42,898: [GC (Allocation Failure) [PSYoungGen: 75840K->64K(74752K)] 78059K->2283K(249856K), 0,0004763 secs] [Times: user=0,00 sys=0,00, real=0,00 secs] 
42,946: [GC (Allocation Failure) [PSYoungGen: 74304K->0K(73216K)] 76523K->2219K(248320K), 0,0004846 secs] [Times: user=0,01 sys=0,00, real=0,01 secs] 
42,993: [GC (Allocation Failure) [PSYoungGen: 72704K->64K(71680K)] 74923K->2283K(246784K), 0,0005188 secs] [Times: user=0,00 sys=0,00, real=0,00 secs] 
43,038: [GC (Allocation Failure) [PSYoungGen: 71232K->64K(70144K)] 73451K->2283K(245248K), 0,0005125 secs] [Times: user=0,00 sys=0,00, real=0,00 secs] 
43,083: [GC (Allocation Failure) [PSYoungGen: 69696K->96K(68608K)] 71915K->2315K(243712K), 0,0004895 secs] [Times: user=0,00 sys=0,00, real=0,00 secs] 
43,127: [GC (Allocation Failure) [PSYoungGen: 68192K->96K(67072K)] 70411K->2315K(242176K), 0,0004787 secs] [Times: user=0,00 sys=0,00, real=0,00 secs] 
43,170: [GC (Allocation Failure) [PSYoungGen: 66656K->64K(80384K)] 68875K->2283K(255488K), 0,0005226 secs] [Times: user=0,00 sys=0,00, real=0,00 secs] 
43,221: [GC (Allocation Failure) [PSYoungGen: 79936K->64K(78336K)] 82155K->2283K(253440K), 0,0004852 secs] [Times: user=0,00 sys=0,00, real=0,00 secs] 
43,271: [GC (Allocation Failure) [PSYoungGen: 77888K->64K(76288K)] 80107K->2283K(251392K), 0,0005019 secs] [Times: user=0,00 sys=0,00, real=0,00 secs] 
43,319: [GC (Allocation Failure) [PSYoungGen: 75840K->96K(74752K)] 78059K->2315K(249856K), 0,0004740 secs] [Times: user=0,00 sys=0,00, real=0,00 secs] 
43,366: [GC (Allocation Failure) [PSYoungGen: 74336K->64K(73216K)] 76555K->2283K(248320K), 0,0004629 secs] [Times: user=0,00 sys=0,00, real=0,00 secs] 
43,413: [GC (Allocation Failure) [PSYoungGen: 72768K->32K(71680K)] 74987K->2251K(246784K), 0,0004805 secs] [Times: user=0,00 sys=0,00, real=0,00 secs] 
43,459: [GC (Allocation Failure) [PSYoungGen: 71200K->64K(70144K)] 73419K->2283K(245248K), 0,0004877 secs] [Times: user=0,00 sys=0,00, real=0,00 secs] 
43,504: [GC (Allocation Failure) [PSYoungGen: 69696K->96K(68608K)] 71915K->2315K(243712K), 0,0005042 secs] [Times: user=0,00 sys=0,00, real=0,00 secs] 
43,547: [GC (Allocation Failure) [PSYoungGen: 68192K->64K(67072K)] 70411K->2283K(242176K), 0,0004848 secs] [Times: user=0,00 sys=0,00, real=0,00 secs] 
43,590: [GC (Allocation Failure) [PSYoungGen: 66624K->96K(65536K)] 68843K->2315K(240640K), 0,0004738 secs] [Times: user=0,01 sys=0,00, real=0,00 secs] 
43,631: [GC (Allocation Failure) [PSYoungGen: 65120K->96K(78848K)] 67339K->2315K(253952K), 0,0005668 secs] [Times: user=0,00 sys=0,00, real=0,00 secs] 
43,682: [GC (Allocation Failure) [PSYoungGen: 78431K->64K(94720K)] 80651K->2283K(269824K), 0,0005448 secs] [Times: user=0,00 sys=0,00, real=0,00 secs] 
43,743: [GC (Allocation Failure) [PSYoungGen: 94272K->64K(92160K)] 96491K->2283K(267264K), 0,0005102 secs] [Times: user=0,00 sys=0,00, real=0,00 secs] 
43,802: [GC (Allocation Failure) [PSYoungGen: 91712K->64K(89600K)] 93931K->2283K(264704K), 0,0004941 secs] [Times: user=0,00 sys=0,00, real=0,00 secs] 
43,859: [GC (Allocation Failure) [PSYoungGen: 89152K->64K(87040K)] 91371K->2283K(262144K), 0,0004933 secs] [Times: user=0,01 sys=0,00, real=0,00 secs] 
43,915: [GC (Allocation Failure) [PSYoungGen: 86592K->32K(84992K)] 88811K->2251K(260096K), 0,0004803 secs] [Times: user=0,00 sys=0,00, real=0,00 secs] 
43,969: [GC (Allocation Failure) [PSYoungGen: 84512K->64K(82944K)] 86731K->2283K(258048K), 0,0004878 secs] [Times: user=0,01 sys=0,00, real=0,00 secs] 
44,023: [GC (Allocation Failure) [PSYoungGen: 82496K->96K(80896K)] 84715K->2315K(256000K), 0,0004960 secs] [Times: user=0,00 sys=0,00, real=0,00 secs] 
44,075: [GC (Allocation Failure) [PSYoungGen: 80480K->96K(78848K)] 82699K->2323K(253952K), 0,0004822 secs] [Times: user=0,00 sys=0,00, real=0,00 secs] 
44,125: [GC (Allocation Failure) [PSYoungGen: 78432K->96K(76800K)] 80659K->2323K(251904K), 0,0004804 secs] [Times: user=0,00 sys=0,00, real=0,00 secs] 
44,174: [GC (Allocation Failure) [PSYoungGen: 76384K->64K(74752K)] 78611K->2291K(249856K), 0,0004942 secs] [Times: user=0,00 sys=0,00, real=0,00 secs] 
44,222: [GC (Allocation Failure) [PSYoungGen: 74304K->96K(73216K)] 76531K->2323K(248320K), 0,0005219 secs] [Times: user=0,00 sys=0,00, real=0,00 secs] 
44,269: [GC (Allocation Failure) [PSYoungGen: 72800K->64K(71680K)] 75027K->2291K(246784K), 0,0004899 secs] [Times: user=0,00 sys=0,00, real=0,00 secs] 
44,315: [GC (Allocation Failure) [PSYoungGen: 71232K->64K(70144K)] 73459K->2291K(245248K), 0,0004742 secs] [Times: user=0,00 sys=0,00, real=0,00 secs] 
44,360: [GC (Allocation Failure) [PSYoungGen: 69696K->32K(68608K)] 71923K->2259K(243712K), 0,0004891 secs] [Times: user=0,00 sys=0,00, real=0,00 secs] 
44,404: [GC (Allocation Failure) [PSYoungGen: 68128K->32K(67072K)] 70355K->2259K(242176K), 0,0004804 secs] [Times: user=0,00 sys=0,00, real=0,00 secs] 
44,447: [GC (Allocation Failure) [PSYoungGen: 66592K->96K(65536K)] 68819K->2323K(240640K), 0,0004771 secs] [Times: user=0,01 sys=0,00, real=0,00 secs] 
44,489: [GC (Allocation Failure) [PSYoungGen: 65120K->64K(64000K)] 67347K->2291K(239104K), 0,0004800 secs] [Times: user=0,00 sys=0,00, real=0,00 secs] 
44,529: [GC (Allocation Failure) [PSYoungGen: 63552K->64K(76800K)] 65779K->2291K(251904K), 0,0004877 secs] [Times: user=0,00 sys=0,00, real=0,00 secs] 
44,578: [GC (Allocation Failure) [PSYoungGen: 76352K->64K(74752K)] 78579K->2291K(249856K), 0,0004756 secs] [Times: user=0,00 sys=0,00, real=0,00 secs] 
44,626: [GC (Allocation Failure) [PSYoungGen: 74304K->64K(73216K)] 76531K->2291K(248320K), 0,0005010 secs] [Times: user=0,00 sys=0,00, real=0,00 secs] 
44,673: [GC (Allocation Failure) [PSYoungGen: 72768K->64K(71680K)] 74995K->2291K(246784K), 0,0004753 secs] [Times: user=0,00 sys=0,00, real=0,00 secs] 
44,718: [GC (Allocation Failure) [PSYoungGen: 71232K->64K(70144K)] 73459K->2291K(245248K), 0,0005489 secs] [Times: user=0,00 sys=0,00, real=0,00 secs] 
44,763: [GC (Allocation Failure) [PSYoungGen: 69696K->64K(68608K)] 71923K->2291K(243712K), 0,0004925 secs] [Times: user=0,01 sys=0,00, real=0,00 secs] 
44,807: [GC (Allocation Failure) [PSYoungGen: 68160K->64K(82432K)] 70387K->2291K(257536K), 0,0005185 secs] [Times: user=0,00 sys=0,00, real=0,00 secs] 
44,859: [GC (Allocation Failure) [PSYoungGen: 81984K->64K(98816K)] 84211K->2291K(273920K), 0,0005717 secs] [Times: user=0,00 sys=0,00, real=0,00 secs] 
44,922: [GC (Allocation Failure) [PSYoungGen: 98368K->96K(96256K)] 100595K->2323K(271360K), 0,0005374 secs] [Times: user=0,01 sys=0,00, real=0,00 secs] 
44,983: [GC (Allocation Failure) [PSYoungGen: 95840K->64K(93696K)] 98067K->2291K(268800K), 0,0004818 secs] [Times: user=0,00 sys=0,00, real=0,00 secs] 
45,043: [GC (Allocation Failure) [PSYoungGen: 93248K->96K(91136K)] 95475K->2323K(266240K), 0,0005044 secs] [Times: user=0,00 sys=0,00, real=0,00 secs] 
45,101: [GC (Allocation Failure) [PSYoungGen: 90720K->64K(88576K)] 92947K->2291K(263680K), 0,0004908 secs] [Times: user=0,01 sys=0,00, real=0,00 secs] 
45,157: [GC (Allocation Failure) [PSYoungGen: 88128K->96K(86528K)] 90355K->2323K(261632K), 0,0004877 secs] [Times: user=0,00 sys=0,00, real=0,00 secs] 
45,212: [GC (Allocation Failure) [PSYoungGen: 86112K->64K(84480K)] 88339K->2291K(259584K), 0,0004926 secs] [Times: user=0,00 sys=0,00, real=0,00 secs] 
45,266: [GC (Allocation Failure) [PSYoungGen: 84032K->64K(82432K)] 86259K->2291K(257536K), 0,0004844 secs] [Times: user=0,00 sys=0,00, real=0,01 secs] 
45,318: [GC (Allocation Failure) [PSYoungGen: 81984K->96K(80384K)] 84211K->2323K(255488K), 0,0004820 secs] [Times: user=0,00 sys=0,00, real=0,00 secs] 
45,369: [GC (Allocation Failure) [PSYoungGen: 79968K->64K(78336K)] 82195K->2291K(253440K), 0,0004953 secs] [Times: user=0,01 sys=0,00, real=0,00 secs] 
45,419: [GC (Allocation Failure) [PSYoungGen: 77888K->96K(76288K)] 80115K->2323K(251392K), 0,0004848 secs] [Times: user=0,00 sys=0,00, real=0,00 secs] 
45,467: [GC (Allocation Failure) [PSYoungGen: 75872K->64K(74752K)] 78099K->2291K(249856K), 0,0005260 secs] [Times: user=0,00 sys=0,00, real=0,00 secs] 
45,515: [GC (Allocation Failure) [PSYoungGen: 74304K->96K(73216K)] 76531K->2323K(248320K), 0,0004913 secs] [Times: user=0,00 sys=0,00, real=0,00 secs] 
45,562: [GC (Allocation Failure) [PSYoungGen: 72800K->32K(71680K)] 75027K->2259K(246784K), 0,0005003 secs] [Times: user=0,00 sys=0,00, real=0,00 secs] 
45,608: [GC (Allocation Failure) [PSYoungGen: 71200K->64K(70144K)] 73427K->2291K(245248K), 0,0004663 secs] [Times: user=0,00 sys=0,00, real=0,00 secs] 
45,652: [GC (Allocation Failure) [PSYoungGen: 69696K->96K(68608K)] 71923K->2323K(243712K), 0,0004890 secs] [Times: user=0,00 sys=0,00, real=0,00 secs] 
45,696: [GC (Allocation Failure) [PSYoungGen: 68192K->64K(67072K)] 70419K->2291K(242176K), 0,0004978 secs] [Times: user=0,00 sys=0,00, real=0,00 secs] 
45,739: [GC (Allocation Failure) [PSYoungGen: 66624K->64K(65536K)] 68851K->2291K(240640K), 0,0004645 secs] [Times: user=0,00 sys=0,00, real=0,00 secs] 
45,781: [GC (Allocation Failure) [PSYoungGen: 65088K->64K(78848K)] 67315K->2291K(253952K), 0,0005014 secs] [Times: user=0,00 sys=0,00, real=0,00 secs] 
45,831: [GC (Allocation Failure) [PSYoungGen: 78399K->128K(76800K)] 80627K->2355K(251904K), 0,0004918 secs] [Times: user=0,00 sys=0,00, real=0,00 secs] 
45,880: [GC (Allocation Failure) [PSYoungGen: 76416K->64K(74752K)] 78643K->2291K(249856K), 0,0004784 secs] [Times: user=0,00 sys=0,00, real=0,00 secs] 
45,928: [GC (Allocation Failure) [PSYoungGen: 74304K->64K(73216K)] 76531K->2291K(248320K), 0,0004834 secs] [Times: user=0,00 sys=0,00, real=0,00 secs] 
45,974: [GC (Allocation Failure) [PSYoungGen: 72768K->96K(71680K)] 74995K->2323K(246784K), 0,0004651 secs] [Times: user=0,00 sys=0,00, real=0,00 secs] 
46,020: [GC (Allocation Failure) [PSYoungGen: 71264K->64K(86016K)] 73491K->2291K(261120K), 0,0006007 secs] [Times: user=0,00 sys=0,00, real=0,00 secs] 
46,075: [GC (Allocation Failure) [PSYoungGen: 85568K->32K(83968K)] 87795K->2259K(259072K), 0,0005743 secs] [Times: user=0,00 sys=0,00, real=0,00 secs] 
46,128: [GC (Allocation Failure) [PSYoungGen: 83488K->64K(81920K)] 85715K->2291K(257024K), 0,0004797 secs] [Times: user=0,00 sys=0,00, real=0,00 secs] 
46,180: [GC (Allocation Failure) [PSYoungGen: 81472K->64K(79872K)] 83699K->2291K(254976K), 0,0004829 secs] [Times: user=0,00 sys=0,00, real=0,00 secs] 
46,231: [GC (Allocation Failure) [PSYoungGen: 79424K->96K(77824K)] 81651K->2323K(252928K), 0,0004817 secs] [Times: user=0,00 sys=0,00, real=0,00 secs] 
46,280: [GC (Allocation Failure) [PSYoungGen: 77408K->96K(75776K)] 79635K->2323K(250880K), 0,0004813 secs] [Times: user=0,00 sys=0,00, real=0,00 secs] 
46,329: [GC (Allocation Failure) [PSYoungGen: 75360K->64K(74240K)] 77587K->2291K(249344K), 0,0004908 secs] [Times: user=0,00 sys=0,00, real=0,00 secs] 
46,376: [GC (Allocation Failure) [PSYoungGen: 73792K->96K(72704K)] 76019K->2323K(247808K), 0,0004796 secs] [Times: user=0,00 sys=0,00, real=0,01 secs] 
46,423: [GC (Allocation Failure) [PSYoungGen: 72288K->64K(71168K)] 74515K->2291K(246272K), 0,0004943 secs] [Times: user=0,00 sys=0,00, real=0,00 secs] 
46,469: [GC (Allocation Failure) [PSYoungGen: 70720K->32K(69632K)] 72947K->2259K(244736K), 0,0004921 secs] [Times: user=0,01 sys=0,00, real=0,00 secs] 
46,513: [GC (Allocation Failure) [PSYoungGen: 69152K->64K(68096K)] 71379K->2291K(243200K), 0,0004945 secs] [Times: user=0,00 sys=0,00, real=0,00 secs] 
46,557: [GC (Allocation Failure) [PSYoungGen: 67648K->96K(66560K)] 69875K->2323K(241664K), 0,0004766 secs] [Times: user=0,00 sys=0,00, real=0,00 secs] 
46,599: [GC (Allocation Failure) [PSYoungGen: 66144K->96K(65024K)] 68371K->2323K(240128K), 0,0004709 secs] [Times: user=0,00 sys=0,00, real=0,00 secs] 
46,640: [GC (Allocation Failure) [PSYoungGen: 64608K->96K(78336K)] 66835K->2323K(253440K), 0,0005759 secs] [Times: user=0,00 sys=0,00, real=0,00 secs] 
46,690: [GC (Allocation Failure) [PSYoungGen: 77920K->96K(94208K)] 80147K->2323K(269312K), 0,0004922 secs] [Times: user=0,00 sys=0,00, real=0,00 secs] 
46,750: [GC (Allocation Failure) [PSYoungGen: 93792K->64K(91648K)] 96019K->2291K(266752K), 0,0004894 secs] [Times: user=0,00 sys=0,00, real=0,00 secs] 
46,808: [GC (Allocation Failure) [PSYoungGen: 91200K->64K(89088K)] 93427K->2291K(264192K), 0,0004963 secs] [Times: user=0,00 sys=0,00, real=0,00 secs] 
46,865: [GC (Allocation Failure) [PSYoungGen: 88640K->64K(87040K)] 90867K->2291K(262144K), 0,0004920 secs] [Times: user=0,00 sys=0,00, real=0,00 secs] 
46,920: [GC (Allocation Failure) [PSYoungGen: 86592K->64K(84992K)] 88819K->2291K(260096K), 0,0005552 secs] [Times: user=0,00 sys=0,00, real=0,00 secs] 
46,974: [GC (Allocation Failure) [PSYoungGen: 84544K->64K(82944K)] 86771K->2291K(258048K), 0,0004911 secs] [Times: user=0,00 sys=0,00, real=0,00 secs] 
47,027: [GC (Allocation Failure) [PSYoungGen: 82496K->64K(80896K)] 84723K->2291K(256000K), 0,0004971 secs] [Times: user=0,00 sys=0,00, real=0,00 secs] 
47,079: [GC (Allocation Failure) [PSYoungGen: 80448K->64K(78848K)] 82675K->2291K(253952K), 0,0004915 secs] [Times: user=0,00 sys=0,00, real=0,00 secs] 
47,129: [GC (Allocation Failure) [PSYoungGen: 78400K->96K(76800K)] 80627K->2323K(251904K), 0,0004905 secs] [Times: user=0,00 sys=0,00, real=0,00 secs] 
47,178: [GC (Allocation Failure) [PSYoungGen: 76384K->96K(74752K)] 78611K->2323K(249856K), 0,0006114 secs] [Times: user=0,00 sys=0,00, real=0,00 secs] 
47,226: [GC (Allocation Failure) [PSYoungGen: 74336K->64K(73216K)] 76563K->2291K(248320K), 0,0004794 secs] [Times: user=0,00 sys=0,00, real=0,01 secs] 
47,272: [GC (Allocation Failure) [PSYoungGen: 72768K->64K(71680K)] 74995K->2291K(246784K), 0,0005460 secs] [Times: user=0,01 sys=0,00, real=0,00 secs] 
47,318: [GC (Allocation Failure) [PSYoungGen: 71232K->64K(70144K)] 73459K->2291K(245248K), 0,0004915 secs] [Times: user=0,00 sys=0,00, real=0,00 secs] 
47,363: [GC (Allocation Failure) [PSYoungGen: 69696K->128K(68608K)] 71923K->2355K(243712K), 0,0004848 secs] [Times: user=0,00 sys=0,00, real=0,00 secs] 
47,406: [GC (Allocation Failure) [PSYoungGen: 68224K->64K(67072K)] 70451K->2291K(242176K), 0,0004752 secs] [Times: user=0,00 sys=0,00, real=0,00 secs] 
47,449: [GC (Allocation Failure) [PSYoungGen: 66624K->96K(80384K)] 68851K->2323K(255488K), 0,0005351 secs] [Times: user=0,00 sys=0,00, real=0,00 secs] 
47,500: [GC (Allocation Failure) [PSYoungGen: 79968K->96K(96768K)] 82195K->2323K(271872K), 0,0005375 secs] [Times: user=0,00 sys=0,00, real=0,00 secs] 
47,563: [GC (Allocation Failure) [PSYoungGen: 96352K->64K(94208K)] 98579K->2291K(269312K), 0,0005134 secs] [Times: user=0,00 sys=0,00, real=0,00 secs] 
47,623: [GC (Allocation Failure) [PSYoungGen: 93760K->32K(91648K)] 95987K->2259K(266752K), 0,0004972 secs] [Times: user=0,00 sys=0,00, real=0,00 secs] 
47,681: [GC (Allocation Failure) [PSYoungGen: 91168K->64K(89088K)] 93395K->2291K(264192K), 0,0004928 secs] [Times: user=0,00 sys=0,00, real=0,00 secs] 
47,738: [GC (Allocation Failure) [PSYoungGen: 88640K->64K(87040K)] 90867K->2291K(262144K), 0,0005557 secs] [Times: user=0,01 sys=0,00, real=0,00 secs] 
47,793: [GC (Allocation Failure) [PSYoungGen: 86592K->64K(84992K)] 88819K->2291K(260096K), 0,0004992 secs] [Times: user=0,00 sys=0,00, real=0,00 secs] 
47,847: [GC (Allocation Failure) [PSYoungGen: 84544K->64K(82944K)] 86771K->2291K(258048K), 0,0005314 secs] [Times: user=0,01 sys=0,00, real=0,00 secs] 
47,900: [GC (Allocation Failure) [PSYoungGen: 82496K->96K(80896K)] 84723K->2323K(256000K), 0,0005001 secs] [Times: user=0,00 sys=0,00, real=0,00 secs] 
47,952: [GC (Allocation Failure) [PSYoungGen: 80480K->64K(78848K)] 82707K->2291K(253952K), 0,0005285 secs] [Times: user=0,00 sys=0,00, real=0,00 secs] 
48,003: [GC (Allocation Failure) [PSYoungGen: 78400K->96K(76800K)] 80627K->2323K(251904K), 0,0005520 secs] [Times: user=0,00 sys=0,00, real=0,00 secs] 
48,052: [GC (Allocation Failure) [PSYoungGen: 76384K->64K(74752K)] 78611K->2291K(249856K), 0,0005070 secs] [Times: user=0,00 sys=0,00, real=0,00 secs] 
48,099: [GC (Allocation Failure) [PSYoungGen: 74304K->64K(73216K)] 76531K->2291K(248320K), 0,0004828 secs] [Times: user=0,00 sys=0,00, real=0,00 secs] 
48,146: [GC (Allocation Failure) [PSYoungGen: 72768K->64K(71680K)] 74995K->2291K(246784K), 0,0004690 secs] [Times: user=0,00 sys=0,00, real=0,01 secs] 
48,192: [GC (Allocation Failure) [PSYoungGen: 71232K->96K(70144K)] 73459K->2323K(245248K), 0,0005239 secs] [Times: user=0,00 sys=0,00, real=0,00 secs] 
48,237: [GC (Allocation Failure) [PSYoungGen: 69728K->96K(68608K)] 71955K->2323K(243712K), 0,0004713 secs] [Times: user=0,00 sys=0,00, real=0,00 secs] 
48,280: [GC (Allocation Failure) [PSYoungGen: 68192K->32K(67072K)] 70419K->2259K(242176K), 0,0004815 secs] [Times: user=0,00 sys=0,00, real=0,00 secs] 
48,323: [GC (Allocation Failure) [PSYoungGen: 66592K->32K(80384K)] 68819K->2259K(255488K), 0,0005518 secs] [Times: user=0,01 sys=0,00, real=0,00 secs] 
48,374: [GC (Allocation Failure) [PSYoungGen: 79904K->64K(78336K)] 82131K->2291K(253440K), 0,0005151 secs] [Times: user=0,00 sys=0,00, real=0,00 secs] 
48,429: [GC (Allocation Failure) [PSYoungGen: 77888K->96K(76288K)] 80115K->2323K(251392K), 0,0005121 secs] [Times: user=0,00 sys=0,00, real=0,00 secs] 
48,477: [GC (Allocation Failure) [PSYoungGen: 75872K->96K(74752K)] 78099K->2323K(249856K), 0,0004813 secs] [Times: user=0,00 sys=0,00, real=0,00 secs] 
48,525: [GC (Allocation Failure) [PSYoungGen: 74336K->64K(73216K)] 76563K->2291K(248320K), 0,0004844 secs] [Times: user=0,00 sys=0,00, real=0,00 secs] 
48,572: [GC (Allocation Failure) [PSYoungGen: 72768K->64K(71680K)] 74995K->2291K(246784K), 0,0004818 secs] [Times: user=0,00 sys=0,00, real=0,00 secs] 
48,617: [GC (Allocation Failure) [PSYoungGen: 71232K->32K(70144K)] 73459K->2259K(245248K), 0,0005468 secs] [Times: user=0,00 sys=0,00, real=0,00 secs] 
48,662: [GC (Allocation Failure) [PSYoungGen: 69664K->96K(68608K)] 71891K->2323K(243712K), 0,0005077 secs] [Times: user=0,00 sys=0,01, real=0,00 secs] 
48,706: [GC (Allocation Failure) [PSYoungGen: 68192K->96K(67072K)] 70419K->2323K(242176K), 0,0004935 secs] [Times: user=0,00 sys=0,00, real=0,00 secs] 
48,749: [GC (Allocation Failure) [PSYoungGen: 66656K->128K(80384K)] 68883K->2355K(255488K), 0,0004765 secs] [Times: user=0,00 sys=0,00, real=0,00 secs] 
48,800: [GC (Allocation Failure) [PSYoungGen: 80000K->64K(78336K)] 82227K->2291K(253440K), 0,0004924 secs] [Times: user=0,00 sys=0,00, real=0,00 secs] 
48,850: [GC (Allocation Failure) [PSYoungGen: 77888K->64K(76288K)] 80115K->2291K(251392K), 0,0005046 secs] [Times: user=0,00 sys=0,00, real=0,00 secs] 
48,898: [GC (Allocation Failure) [PSYoungGen: 75840K->64K(74752K)] 78067K->2291K(249856K), 0,0004826 secs] [Times: user=0,00 sys=0,00, real=0,00 secs] 
48,945: [GC (Allocation Failure) [PSYoungGen: 74304K->0K(73216K)] 76531K->2227K(248320K), 0,0004871 secs] [Times: user=0,00 sys=0,00, real=0,00 secs] 
48,992: [GC (Allocation Failure) [PSYoungGen: 72704K->64K(71680K)] 74931K->2291K(246784K), 0,0004819 secs] [Times: user=0,00 sys=0,00, real=0,00 secs] 
49,038: [GC (Allocation Failure) [PSYoungGen: 71232K->96K(70144K)] 73459K->2323K(245248K), 0,0005006 secs] [Times: user=0,00 sys=0,00, real=0,00 secs] 
49,085: [GC (Allocation Failure) [PSYoungGen: 69728K->96K(68608K)] 71955K->2323K(243712K), 0,0005141 secs] [Times: user=0,00 sys=0,00, real=0,00 secs] 
49,128: [GC (Allocation Failure) [PSYoungGen: 68192K->64K(67072K)] 70419K->2291K(242176K), 0,0004872 secs] [Times: user=0,00 sys=0,00, real=0,00 secs] 
49,171: [GC (Allocation Failure) [PSYoungGen: 66624K->96K(80384K)] 68851K->2323K(255488K), 0,0005151 secs] [Times: user=0,00 sys=0,00, real=0,00 secs] 
49,222: [GC (Allocation Failure) [PSYoungGen: 79968K->32K(78336K)] 82195K->2259K(253440K), 0,0004871 secs] [Times: user=0,00 sys=0,00, real=0,00 secs] 
49,272: [GC (Allocation Failure) [PSYoungGen: 77856K->96K(76288K)] 80083K->2323K(251392K), 0,0004811 secs] [Times: user=0,00 sys=0,00, real=0,00 secs] 
49,321: [GC (Allocation Failure) [PSYoungGen: 75872K->64K(91648K)] 78099K->2291K(266752K), 0,0006249 secs] [Times: user=0,00 sys=0,00, real=0,00 secs] 
49,379: [GC (Allocation Failure) [PSYoungGen: 91200K->96K(89088K)] 93427K->2323K(264192K), 0,0005129 secs] [Times: user=0,00 sys=0,00, real=0,00 secs] 
49,436: [GC (Allocation Failure) [PSYoungGen: 88672K->64K(87040K)] 90899K->2291K(262144K), 0,0005220 secs] [Times: user=0,00 sys=0,00, real=0,00 secs] 
49,492: [GC (Allocation Failure) [PSYoungGen: 86592K->32K(84992K)] 88819K->2259K(260096K), 0,0004810 secs] [Times: user=0,00 sys=0,00, real=0,00 secs] 
49,548: [GC (Allocation Failure) [PSYoungGen: 84512K->96K(82944K)] 86739K->2323K(258048K), 0,0007799 secs] [Times: user=0,00 sys=0,00, real=0,00 secs] 
49,602: [GC (Allocation Failure) [PSYoungGen: 82528K->64K(80896K)] 84755K->2291K(256000K), 0,0004975 secs] [Times: user=0,00 sys=0,00, real=0,00 secs] 
49,653: [GC (Allocation Failure) [PSYoungGen: 80448K->64K(78848K)] 82675K->2291K(253952K), 0,0004845 secs] [Times: user=0,00 sys=0,00, real=0,00 secs] 
49,704: [GC (Allocation Failure) [PSYoungGen: 78400K->64K(76800K)] 80627K->2291K(251904K), 0,0004962 secs] [Times: user=0,00 sys=0,00, real=0,00 secs] 
49,753: [GC (Allocation Failure) [PSYoungGen: 76352K->64K(74752K)] 78579K->2291K(249856K), 0,0004809 secs] [Times: user=0,00 sys=0,00, real=0,00 secs] 
49,800: [GC (Allocation Failure) [PSYoungGen: 74304K->96K(73216K)] 76531K->2323K(248320K), 0,0004852 secs] [Times: user=0,00 sys=0,00, real=0,00 secs] 
49,847: [GC (Allocation Failure) [PSYoungGen: 72800K->32K(71680K)] 75027K->2259K(246784K), 0,0005569 secs] [Times: user=0,00 sys=0,00, real=0,00 secs] 
49,893: [GC (Allocation Failure) [PSYoungGen: 71200K->32K(70144K)] 73427K->2259K(245248K), 0,0005405 secs] [Times: user=0,00 sys=0,00, real=0,00 secs] 
49,937: [GC (Allocation Failure) [PSYoungGen: 69664K->64K(68608K)] 71891K->2291K(243712K), 0,0004755 secs] [Times: user=0,00 sys=0,00, real=0,00 secs] 
49,981: [GC (Allocation Failure) [PSYoungGen: 68160K->64K(82432K)] 70387K->2291K(257536K), 0,0004851 secs] [Times: user=0,00 sys=0,00, real=0,00 secs] 
50,034: [GC (Allocation Failure) [PSYoungGen: 81984K->64K(80384K)] 84211K->2291K(255488K), 0,0005506 secs] [Times: user=0,00 sys=0,00, real=0,00 secs] 
50,085: [GC (Allocation Failure) [PSYoungGen: 79936K->32K(78336K)] 82163K->2259K(253440K), 0,0004939 secs] [Times: user=0,00 sys=0,00, real=0,00 secs] 
50,135: [GC (Allocation Failure) [PSYoungGen: 77856K->32K(94208K)] 80083K->2259K(269312K), 0,0007549 secs] [Times: user=0,00 sys=0,00, real=0,00 secs] 
50,195: [GC (Allocation Failure) [PSYoungGen: 93728K->96K(91648K)] 95955K->2323K(266752K), 0,0004746 secs] [Times: user=0,00 sys=0,00, real=0,00 secs] 
50,254: [GC (Allocation Failure) [PSYoungGen: 91232K->96K(89088K)] 93459K->2323K(264192K), 0,0005706 secs] [Times: user=0,00 sys=0,00, real=0,00 secs] 
50,310: [GC (Allocation Failure) [PSYoungGen: 88672K->96K(87040K)] 90899K->2347K(262144K), 0,0005136 secs] [Times: user=0,00 sys=0,00, real=0,00 secs] 
50,365: [GC (Allocation Failure) [PSYoungGen: 86624K->96K(84992K)] 88875K->2347K(260096K), 0,0005320 secs] [Times: user=0,00 sys=0,00, real=0,00 secs] 
50,420: [GC (Allocation Failure) [PSYoungGen: 84576K->64K(82944K)] 86827K->2315K(258048K), 0,0005347 secs] [Times: user=0,00 sys=0,00, real=0,00 secs] 
50,472: [GC (Allocation Failure) [PSYoungGen: 82496K->64K(80896K)] 84747K->2315K(256000K), 0,0005338 secs] [Times: user=0,00 sys=0,00, real=0,00 secs] 
50,524: [GC (Allocation Failure) [PSYoungGen: 80448K->64K(78848K)] 82699K->2315K(253952K), 0,0005039 secs] [Times: user=0,00 sys=0,00, real=0,00 secs] 
50,574: [GC (Allocation Failure) [PSYoungGen: 78400K->64K(76800K)] 80651K->2315K(251904K), 0,0005164 secs] [Times: user=0,01 sys=0,00, real=0,00 secs] 
50,623: [GC (Allocation Failure) [PSYoungGen: 76352K->64K(74752K)] 78603K->2315K(249856K), 0,0005125 secs] [Times: user=0,00 sys=0,00, real=0,00 secs] 
50,670: [GC (Allocation Failure) [PSYoungGen: 74304K->96K(73216K)] 76555K->2347K(248320K), 0,0004832 secs] [Times: user=0,00 sys=0,00, real=0,00 secs] 
50,717: [GC (Allocation Failure) [PSYoungGen: 72800K->64K(71680K)] 75051K->2315K(246784K), 0,0004922 secs] [Times: user=0,00 sys=0,00, real=0,00 secs] 
50,762: [GC (Allocation Failure) [PSYoungGen: 71232K->32K(70144K)] 73483K->2283K(245248K), 0,0004808 secs] [Times: user=0,01 sys=0,00, real=0,00 secs] 
50,807: [GC (Allocation Failure) [PSYoungGen: 69664K->64K(84480K)] 71915K->2315K(259584K), 0,0006548 secs] [Times: user=0,00 sys=0,00, real=0,00 secs] 
50,860: [GC (Allocation Failure) [PSYoungGen: 84032K->64K(82432K)] 86283K->2315K(257536K), 0,0004799 secs] [Times: user=0,00 sys=0,00, real=0,00 secs] 
50,913: [GC (Allocation Failure) [PSYoungGen: 81984K->64K(80384K)] 84235K->2315K(255488K), 0,0004841 secs] [Times: user=0,00 sys=0,00, real=0,00 secs] 
50,964: [GC (Allocation Failure) [PSYoungGen: 79936K->128K(78336K)] 82187K->2379K(253440K), 0,0004814 secs] [Times: user=0,00 sys=0,00, real=0,00 secs] 
51,014: [GC (Allocation Failure) [PSYoungGen: 77952K->64K(76288K)] 80203K->2315K(251392K), 0,0004925 secs] [Times: user=0,00 sys=0,00, real=0,00 secs] 
51,062: [GC (Allocation Failure) [PSYoungGen: 75840K->64K(74752K)] 78091K->2315K(249856K), 0,0005365 secs] [Times: user=0,00 sys=0,00, real=0,00 secs] 
51,109: [GC (Allocation Failure) [PSYoungGen: 74304K->96K(73216K)] 76555K->2347K(248320K), 0,0004734 secs] [Times: user=0,01 sys=0,00, real=0,00 secs] 
51,156: [GC (Allocation Failure) [PSYoungGen: 72800K->96K(71680K)] 75051K->2347K(246784K), 0,0004813 secs] [Times: user=0,00 sys=0,00, real=0,01 secs] 
51,202: [GC (Allocation Failure) [PSYoungGen: 71264K->64K(70144K)] 73515K->2315K(245248K), 0,0004874 secs] [Times: user=0,00 sys=0,00, real=0,00 secs] 
51,246: [GC (Allocation Failure) [PSYoungGen: 69696K->64K(68608K)] 71947K->2315K(243712K), 0,0004734 secs] [Times: user=0,00 sys=0,00, real=0,00 secs] 
51,290: [GC (Allocation Failure) [PSYoungGen: 68160K->32K(67072K)] 70411K->2283K(242176K), 0,0004529 secs] [Times: user=0,00 sys=0,00, real=0,00 secs] 
51,332: [GC (Allocation Failure) [PSYoungGen: 66592K->64K(65536K)] 68843K->2315K(240640K), 0,0004704 secs] [Times: user=0,00 sys=0,00, real=0,00 secs] 
51,374: [GC (Allocation Failure) [PSYoungGen: 65088K->96K(64000K)] 67339K->2347K(239104K), 0,0004744 secs] [Times: user=0,00 sys=0,00, real=0,00 secs] 
51,415: [GC (Allocation Failure) [PSYoungGen: 63584K->96K(76800K)] 65835K->2347K(251904K), 0,0004660 secs] [Times: user=0,00 sys=0,00, real=0,00 secs] 
51,464: [GC (Allocation Failure) [PSYoungGen: 76384K->64K(74752K)] 78635K->2315K(249856K), 0,0004829 secs] [Times: user=0,00 sys=0,00, real=0,00 secs] 
51,511: [GC (Allocation Failure) [PSYoungGen: 74304K->96K(73216K)] 76555K->2347K(248320K), 0,0004767 secs] [Times: user=0,00 sys=0,00, real=0,00 secs] 
51,558: [GC (Allocation Failure) [PSYoungGen: 72800K->64K(88064K)] 75051K->2315K(263168K), 0,0005562 secs] [Times: user=0,00 sys=0,00, real=0,00 secs] 
51,614: [GC (Allocation Failure) [PSYoungGen: 87616K->64K(86016K)] 89867K->2315K(261120K), 0,0004912 secs] [Times: user=0,01 sys=0,00, real=0,00 secs] 
51,669: [GC (Allocation Failure) [PSYoungGen: 85568K->96K(83968K)] 87819K->2347K(259072K), 0,0005938 secs] [Times: user=0,00 sys=0,00, real=0,00 secs] 
51,723: [GC (Allocation Failure) [PSYoungGen: 83552K->64K(100864K)] 85803K->2315K(275968K), 0,0010294 secs] [Times: user=0,01 sys=0,00, real=0,00 secs] 
51,788: [GC (Allocation Failure) [PSYoungGen: 100416K->64K(121344K)] 102667K->2315K(296448K), 0,0004892 secs] [Times: user=0,00 sys=0,00, real=0,00 secs] 
51,865: [GC (Allocation Failure) [PSYoungGen: 120896K->64K(117760K)] 123147K->2315K(292864K), 0,0005014 secs] [Times: user=0,00 sys=0,00, real=0,00 secs] 
51,940: [GC (Allocation Failure) [PSYoungGen: 117312K->32K(114176K)] 119563K->2283K(289280K), 0,0005031 secs] [Times: user=0,00 sys=0,00, real=0,00 secs] 
52,012: [GC (Allocation Failure) [PSYoungGen: 113696K->32K(110592K)] 115947K->2283K(285696K), 0,0005551 secs] [Times: user=0,00 sys=0,00, real=0,00 secs] 
52,083: [GC (Allocation Failure) [PSYoungGen: 110112K->64K(107520K)] 112363K->2315K(282624K), 0,0005056 secs] [Times: user=0,00 sys=0,00, real=0,00 secs] 
52,151: [GC (Allocation Failure) [PSYoungGen: 107072K->64K(104448K)] 109323K->2315K(279552K), 0,0004939 secs] [Times: user=0,00 sys=0,00, real=0,00 secs] 
52,217: [GC (Allocation Failure) [PSYoungGen: 104000K->64K(101376K)] 106251K->2315K(276480K), 0,0004859 secs] [Times: user=0,00 sys=0,00, real=0,00 secs] 
52,282: [GC (Allocation Failure) [PSYoungGen: 100928K->64K(98816K)] 103179K->2315K(273920K), 0,0005116 secs] [Times: user=0,00 sys=0,00, real=0,00 secs] 
52,345: [GC (Allocation Failure) [PSYoungGen: 98368K->64K(96256K)] 100619K->2315K(271360K), 0,0004901 secs] [Times: user=0,00 sys=0,00, real=0,00 secs] 
52,406: [GC (Allocation Failure) [PSYoungGen: 95808K->64K(93696K)] 98059K->2315K(268800K), 0,0005682 secs] [Times: user=0,00 sys=0,00, real=0,01 secs] 
52,465: [GC (Allocation Failure) [PSYoungGen: 93248K->64K(91136K)] 95499K->2315K(266240K), 0,0004986 secs] [Times: user=0,00 sys=0,00, real=0,01 secs] 
52,523: [GC (Allocation Failure) [PSYoungGen: 90688K->64K(88576K)] 92939K->2315K(263680K), 0,0005490 secs] [Times: user=0,00 sys=0,00, real=0,00 secs] 
52,580: [GC (Allocation Failure) [PSYoungGen: 88128K->64K(86528K)] 90379K->2315K(261632K), 0,0005009 secs] [Times: user=0,00 sys=0,00, real=0,00 secs] 
52,635: [GC (Allocation Failure) [PSYoungGen: 86080K->64K(84480K)] 88331K->2315K(259584K), 0,0004907 secs] [Times: user=0,00 sys=0,00, real=0,00 secs] 
52,689: [GC (Allocation Failure) [PSYoungGen: 84032K->64K(82432K)] 86283K->2315K(257536K), 0,0005055 secs] [Times: user=0,00 sys=0,00, real=0,00 secs] 
52,741: [GC (Allocation Failure) [PSYoungGen: 81984K->64K(80384K)] 84235K->2315K(255488K), 0,0004696 secs] [Times: user=0,00 sys=0,00, real=0,00 secs] 
52,792: [GC (Allocation Failure) [PSYoungGen: 79936K->96K(78336K)] 82187K->2347K(253440K), 0,0005004 secs] [Times: user=0,00 sys=0,00, real=0,00 secs] 
52,842: [GC (Allocation Failure) [PSYoungGen: 77920K->64K(76288K)] 80171K->2315K(251392K), 0,0004937 secs] [Times: user=0,00 sys=0,00, real=0,00 secs] 
52,891: [GC (Allocation Failure) [PSYoungGen: 75840K->64K(74752K)] 78091K->2315K(249856K), 0,0004745 secs] [Times: user=0,00 sys=0,00, real=0,00 secs] 
52,939: [GC (Allocation Failure) [PSYoungGen: 74304K->64K(73216K)] 76555K->2315K(248320K), 0,0004700 secs] [Times: user=0,00 sys=0,00, real=0,00 secs] 
52,985: [GC (Allocation Failure) [PSYoungGen: 72768K->64K(71680K)] 75019K->2315K(246784K), 0,0004674 secs] [Times: user=0,00 sys=0,00, real=0,00 secs] 
53,031: [GC (Allocation Failure) [PSYoungGen: 71232K->64K(70144K)] 73483K->2315K(245248K), 0,0005140 secs] [Times: user=0,00 sys=0,00, real=0,00 secs] 
53,076: [GC (Allocation Failure) [PSYoungGen: 69696K->64K(68608K)] 71947K->2315K(243712K), 0,0004851 secs] [Times: user=0,00 sys=0,00, real=0,01 secs] 
53,119: [GC (Allocation Failure) [PSYoungGen: 68160K->32K(67072K)] 70411K->2283K(242176K), 0,0005510 secs] [Times: user=0,00 sys=0,00, real=0,00 secs] 
53,162: [GC (Allocation Failure) [PSYoungGen: 66592K->32K(80384K)] 68843K->2283K(255488K), 0,0005422 secs] [Times: user=0,01 sys=0,00, real=0,00 secs] 
53,213: [GC (Allocation Failure) [PSYoungGen: 79904K->64K(78336K)] 82155K->2315K(253440K), 0,0004849 secs] [Times: user=0,00 sys=0,00, real=0,00 secs] 
53,263: [GC (Allocation Failure) [PSYoungGen: 77888K->64K(76288K)] 80139K->2315K(251392K), 0,0005342 secs] [Times: user=0,00 sys=0,00, real=0,00 secs] 
53,312: [GC (Allocation Failure) [PSYoungGen: 75840K->64K(74752K)] 78091K->2315K(249856K), 0,0005001 secs] [Times: user=0,00 sys=0,00, real=0,00 secs] 
53,359: [GC (Allocation Failure) [PSYoungGen: 74304K->64K(73216K)] 76555K->2315K(248320K), 0,0004835 secs] [Times: user=0,01 sys=0,00, real=0,00 secs] 
53,406: [GC (Allocation Failure) [PSYoungGen: 72768K->96K(71680K)] 75019K->2347K(246784K), 0,0004701 secs] [Times: user=0,00 sys=0,00, real=0,00 secs] 
53,452: [GC (Allocation Failure) [PSYoungGen: 71264K->32K(70144K)] 73515K->2283K(245248K), 0,0005050 secs] [Times: user=0,00 sys=0,00, real=0,00 secs] 
53,497: [GC (Allocation Failure) [PSYoungGen: 69664K->64K(68608K)] 71915K->2315K(243712K), 0,0004743 secs] [Times: user=0,00 sys=0,00, real=0,00 secs] 
53,541: [GC (Allocation Failure) [PSYoungGen: 68160K->128K(67072K)] 70411K->2379K(242176K), 0,0005147 secs] [Times: user=0,00 sys=0,00, real=0,00 secs] 
53,584: [GC (Allocation Failure) [PSYoungGen: 66688K->96K(80384K)] 68939K->2347K(255488K), 0,0005190 secs] [Times: user=0,00 sys=0,00, real=0,00 secs] 
53,635: [GC (Allocation Failure) [PSYoungGen: 79968K->64K(78336K)] 82219K->2315K(253440K), 0,0004768 secs] [Times: user=0,00 sys=0,00, real=0,00 secs] 
53,685: [GC (Allocation Failure) [PSYoungGen: 77888K->64K(76288K)] 80139K->2315K(251392K), 0,0004818 secs] [Times: user=0,00 sys=0,00, real=0,00 secs] 
53,733: [GC (Allocation Failure) [PSYoungGen: 75840K->64K(74752K)] 78091K->2315K(249856K), 0,0004783 secs] [Times: user=0,00 sys=0,00, real=0,00 secs] 
53,781: [GC (Allocation Failure) [PSYoungGen: 74304K->96K(73216K)] 76555K->2347K(248320K), 0,0004873 secs] [Times: user=0,00 sys=0,00, real=0,00 secs] 
53,827: [GC (Allocation Failure) [PSYoungGen: 72800K->32K(71680K)] 75051K->2283K(246784K), 0,0004930 secs] [Times: user=0,00 sys=0,00, real=0,00 secs] 
53,873: [GC (Allocation Failure) [PSYoungGen: 71200K->96K(70144K)] 73451K->2347K(245248K), 0,0004926 secs] [Times: user=0,00 sys=0,00, real=0,00 secs] 
53,917: [GC (Allocation Failure) [PSYoungGen: 69728K->64K(68608K)] 71979K->2315K(243712K), 0,0004787 secs] [Times: user=0,00 sys=0,00, real=0,00 secs] 
53,961: [GC (Allocation Failure) [PSYoungGen: 68160K->64K(67072K)] 70411K->2315K(242176K), 0,0004676 secs] [Times: user=0,00 sys=0,00, real=0,00 secs] 
54,004: [GC (Allocation Failure) [PSYoungGen: 66624K->96K(65536K)] 68875K->2347K(240640K), 0,0004719 secs] [Times: user=0,01 sys=0,00, real=0,00 secs] 
54,046: [GC (Allocation Failure) [PSYoungGen: 65120K->64K(78848K)] 67371K->2315K(253952K), 0,0004952 secs] [Times: user=0,00 sys=0,00, real=0,00 secs] 
54,096: [GC (Allocation Failure) [PSYoungGen: 78400K->64K(76800K)] 80651K->2315K(251904K), 0,0004915 secs] [Times: user=0,00 sys=0,00, real=0,00 secs] 
54,145: [GC (Allocation Failure) [PSYoungGen: 76352K->64K(92160K)] 78603K->2315K(267264K), 0,0005999 secs] [Times: user=0,00 sys=0,00, real=0,00 secs] 
54,204: [GC (Allocation Failure) [PSYoungGen: 91712K->96K(89600K)] 93963K->2347K(264704K), 0,0004816 secs] [Times: user=0,00 sys=0,00, real=0,00 secs] 
54,261: [GC (Allocation Failure) [PSYoungGen: 89184K->64K(87040K)] 91435K->2315K(262144K), 0,0004819 secs] [Times: user=0,00 sys=0,00, real=0,00 secs] 
54,316: [GC (Allocation Failure) [PSYoungGen: 86592K->96K(84992K)] 88843K->2347K(260096K), 0,0005017 secs] [Times: user=0,00 sys=0,01, real=0,00 secs] 
54,370: [GC (Allocation Failure) [PSYoungGen: 84576K->96K(82944K)] 86827K->2347K(258048K), 0,0004925 secs] [Times: user=0,01 sys=0,00, real=0,00 secs] 
54,423: [GC (Allocation Failure) [PSYoungGen: 82528K->64K(80896K)] 84779K->2315K(256000K), 0,0004896 secs] [Times: user=0,00 sys=0,00, real=0,00 secs] 
54,475: [GC (Allocation Failure) [PSYoungGen: 80448K->96K(78848K)] 82699K->2347K(253952K), 0,0004943 secs] [Times: user=0,00 sys=0,00, real=0,00 secs] 
54,525: [GC (Allocation Failure) [PSYoungGen: 78432K->64K(76800K)] 80683K->2315K(251904K), 0,0004925 secs] [Times: user=0,00 sys=0,00, real=0,01 secs] 
54,574: [GC (Allocation Failure) [PSYoungGen: 76352K->64K(74752K)] 78603K->2315K(249856K), 0,0005382 secs] [Times: user=0,00 sys=0,00, real=0,00 secs] 
54,622: [GC (Allocation Failure) [PSYoungGen: 74304K->64K(73216K)] 76555K->2315K(248320K), 0,0005326 secs] [Times: user=0,00 sys=0,00, real=0,00 secs] 
54,668: [GC (Allocation Failure) [PSYoungGen: 72768K->64K(71680K)] 75019K->2315K(246784K), 0,0004863 secs] [Times: user=0,01 sys=0,00, real=0,00 secs] 
54,714: [GC (Allocation Failure) [PSYoungGen: 71232K->96K(70144K)] 73483K->2347K(245248K), 0,0005086 secs] [Times: user=0,00 sys=0,00, real=0,00 secs] 
54,759: [GC (Allocation Failure) [PSYoungGen: 69728K->64K(68608K)] 71979K->2315K(243712K), 0,0005103 secs] [Times: user=0,00 sys=0,00, real=0,00 secs] 
54,802: [GC (Allocation Failure) [PSYoungGen: 68160K->128K(82432K)] 70411K->2379K(257536K), 0,0005259 secs] [Times: user=0,00 sys=0,00, real=0,00 secs] 
54,855: [GC (Allocation Failure) [PSYoungGen: 82048K->64K(80384K)] 84299K->2315K(255488K), 0,0004781 secs] [Times: user=0,00 sys=0,00, real=0,00 secs] 
54,906: [GC (Allocation Failure) [PSYoungGen: 79936K->64K(78336K)] 82187K->2315K(253440K), 0,0004827 secs] [Times: user=0,01 sys=0,00, real=0,00 secs] 
54,956: [GC (Allocation Failure) [PSYoungGen: 77888K->32K(76288K)] 80139K->2283K(251392K), 0,0005780 secs] [Times: user=0,01 sys=0,00, real=0,00 secs] 
55,004: [GC (Allocation Failure) [PSYoungGen: 75808K->64K(74752K)] 78059K->2315K(249856K), 0,0004805 secs] [Times: user=0,00 sys=0,00, real=0,00 secs] 
55,052: [GC (Allocation Failure) [PSYoungGen: 74304K->64K(73216K)] 76555K->2315K(248320K), 0,0004958 secs] [Times: user=0,00 sys=0,00, real=0,00 secs] 
55,099: [GC (Allocation Failure) [PSYoungGen: 72768K->64K(71680K)] 75019K->2315K(246784K), 0,0005024 secs] [Times: user=0,00 sys=0,00, real=0,00 secs] 
55,144: [GC (Allocation Failure) [PSYoungGen: 71232K->64K(70144K)] 73483K->2315K(245248K), 0,0004685 secs] [Times: user=0,00 sys=0,00, real=0,00 secs] 
55,189: [GC (Allocation Failure) [PSYoungGen: 69696K->64K(68608K)] 71947K->2315K(243712K), 0,0005041 secs] [Times: user=0,00 sys=0,00, real=0,00 secs] 
55,233: [GC (Allocation Failure) [PSYoungGen: 68160K->32K(67072K)] 70411K->2283K(242176K), 0,0004859 secs] [Times: user=0,00 sys=0,00, real=0,00 secs] 
55,275: [GC (Allocation Failure) [PSYoungGen: 66592K->64K(65536K)] 68843K->2315K(240640K), 0,0004677 secs] [Times: user=0,00 sys=0,00, real=0,01 secs] 
55,317: [GC (Allocation Failure) [PSYoungGen: 65088K->64K(78848K)] 67339K->2315K(253952K), 0,0005079 secs] [Times: user=0,00 sys=0,00, real=0,00 secs] 
55,367: [GC (Allocation Failure) [PSYoungGen: 78400K->64K(76800K)] 80651K->2315K(251904K), 0,0004839 secs] [Times: user=0,00 sys=0,00, real=0,00 secs] 
55,416: [GC (Allocation Failure) [PSYoungGen: 76352K->64K(74752K)] 78603K->2315K(249856K), 0,0004831 secs] [Times: user=0,00 sys=0,00, real=0,01 secs] 
55,463: [GC (Allocation Failure) [PSYoungGen: 74304K->96K(73216K)] 76555K->2347K(248320K), 0,0004876 secs] [Times: user=0,00 sys=0,00, real=0,00 secs] 
55,509: [GC (Allocation Failure) [PSYoungGen: 72800K->96K(71680K)] 75051K->2347K(246784K), 0,0004689 secs] [Times: user=0,00 sys=0,00, real=0,00 secs] 
55,555: [GC (Allocation Failure) [PSYoungGen: 71264K->32K(70144K)] 73515K->2283K(245248K), 0,0004983 secs] [Times: user=0,00 sys=0,00, real=0,00 secs] 
55,600: [GC (Allocation Failure) [PSYoungGen: 69664K->64K(68608K)] 71915K->2315K(243712K), 0,0004801 secs] [Times: user=0,01 sys=0,00, real=0,00 secs] 
55,643: [GC (Allocation Failure) [PSYoungGen: 68160K->64K(67072K)] 70411K->2315K(242176K), 0,0004778 secs] [Times: user=0,00 sys=0,00, real=0,00 secs] 
55,686: [GC (Allocation Failure) [PSYoungGen: 66624K->0K(65536K)] 68875K->2251K(240640K), 0,0004923 secs] [Times: user=0,00 sys=0,00, real=0,00 secs] 
55,728: [GC (Allocation Failure) [PSYoungGen: 65024K->64K(78848K)] 67275K->2315K(253952K), 0,0004832 secs] [Times: user=0,01 sys=0,00, real=0,00 secs] 
55,778: [GC (Allocation Failure) [PSYoungGen: 78400K->64K(76800K)] 80651K->2315K(251904K), 0,0004843 secs] [Times: user=0,01 sys=0,00, real=0,00 secs] 
55,827: [GC (Allocation Failure) [PSYoungGen: 76352K->32K(74752K)] 78603K->2283K(249856K), 0,0004885 secs] [Times: user=0,01 sys=0,00, real=0,00 secs] 
55,875: [GC (Allocation Failure) [PSYoungGen: 74272K->0K(73216K)] 76523K->2251K(248320K), 0,0005106 secs] [Times: user=0,00 sys=0,00, real=0,00 secs] 
55,922: [GC (Allocation Failure) [PSYoungGen: 72704K->32K(71680K)] 74955K->2283K(246784K), 0,0005290 secs] [Times: user=0,00 sys=0,00, real=0,00 secs] 
55,967: [GC (Allocation Failure) [PSYoungGen: 71200K->96K(86016K)] 73451K->2347K(261120K), 0,0005242 secs] [Times: user=0,00 sys=0,00, real=0,00 secs] 
56,022: [GC (Allocation Failure) [PSYoungGen: 85600K->96K(83968K)] 87851K->2347K(259072K), 0,0005463 secs] [Times: user=0,00 sys=0,00, real=0,00 secs] 
56,076: [GC (Allocation Failure) [PSYoungGen: 83552K->64K(81920K)] 85803K->2315K(257024K), 0,0004928 secs] [Times: user=0,01 sys=0,00, real=0,01 secs] 
56,128: [GC (Allocation Failure) [PSYoungGen: 81472K->64K(79872K)] 83723K->2315K(254976K), 0,0004855 secs] [Times: user=0,00 sys=0,00, real=0,00 secs] 
56,178: [GC (Allocation Failure) [PSYoungGen: 79424K->64K(77824K)] 81675K->2315K(252928K), 0,0004979 secs] [Times: user=0,00 sys=0,00, real=0,00 secs] 
56,228: [GC (Allocation Failure) [PSYoungGen: 77376K->64K(75776K)] 79627K->2315K(250880K), 0,0004769 secs] [Times: user=0,00 sys=0,00, real=0,00 secs] 
56,276: [GC (Allocation Failure) [PSYoungGen: 75328K->32K(74240K)] 77579K->2283K(249344K), 0,0004756 secs] [Times: user=0,00 sys=0,00, real=0,00 secs] 
56,323: [GC (Allocation Failure) [PSYoungGen: 73760K->64K(89088K)] 76011K->2315K(264192K), 0,0006607 secs] [Times: user=0,01 sys=0,00, real=0,00 secs] 
56,380: [GC (Allocation Failure) [PSYoungGen: 88640K->64K(87040K)] 90891K->2315K(262144K), 0,0004786 secs] [Times: user=0,00 sys=0,00, real=0,00 secs] 
56,436: [GC (Allocation Failure) [PSYoungGen: 86592K->96K(84992K)] 88843K->2347K(260096K), 0,0006802 secs] [Times: user=0,00 sys=0,00, real=0,01 secs] 
56,490: [GC (Allocation Failure) [PSYoungGen: 84576K->32K(82944K)] 86827K->2283K(258048K), 0,0005577 secs] [Times: user=0,00 sys=0,00, real=0,00 secs] 
56,543: [GC (Allocation Failure) [PSYoungGen: 82464K->64K(80896K)] 84715K->2315K(256000K), 0,0004915 secs] [Times: user=0,00 sys=0,00, real=0,00 secs] 
56,594: [GC (Allocation Failure) [PSYoungGen: 80448K->64K(78848K)] 82699K->2315K(253952K), 0,0004922 secs] [Times: user=0,00 sys=0,00, real=0,00 secs] 
56,645: [GC (Allocation Failure) [PSYoungGen: 78400K->0K(76800K)] 80651K->2251K(251904K), 0,0005021 secs] [Times: user=0,00 sys=0,00, real=0,00 secs] 
56,693: [GC (Allocation Failure) [PSYoungGen: 76288K->64K(74752K)] 78539K->2315K(249856K), 0,0005151 secs] [Times: user=0,00 sys=0,00, real=0,00 secs] 
56,741: [GC (Allocation Failure) [PSYoungGen: 74304K->96K(73216K)] 76555K->2347K(248320K), 0,0004856 secs] [Times: user=0,00 sys=0,00, real=0,00 secs] 
56,788: [GC (Allocation Failure) [PSYoungGen: 72800K->96K(71680K)] 75051K->2347K(246784K), 0,0004850 secs] [Times: user=0,00 sys=0,00, real=0,00 secs] 
56,833: [GC (Allocation Failure) [PSYoungGen: 71264K->96K(70144K)] 73515K->2347K(245248K), 0,0004755 secs] [Times: user=0,00 sys=0,00, real=0,00 secs] 
56,878: [GC (Allocation Failure) [PSYoungGen: 69728K->64K(68608K)] 71979K->2315K(243712K), 0,0004943 secs] [Times: user=0,01 sys=0,00, real=0,00 secs] 
56,922: [GC (Allocation Failure) [PSYoungGen: 68160K->64K(67072K)] 70411K->2315K(242176K), 0,0004752 secs] [Times: user=0,00 sys=0,00, real=0,00 secs] 
56,964: [GC (Allocation Failure) [PSYoungGen: 66624K->96K(65536K)] 68875K->2347K(240640K), 0,0004825 secs] [Times: user=0,00 sys=0,00, real=0,00 secs] 
57,006: [GC (Allocation Failure) [PSYoungGen: 65120K->96K(78848K)] 67371K->2347K(253952K), 0,0005202 secs] [Times: user=0,00 sys=0,00, real=0,01 secs] 
57,056: [GC (Allocation Failure) [PSYoungGen: 78432K->96K(76800K)] 80683K->2347K(251904K), 0,0004859 secs] [Times: user=0,01 sys=0,00, real=0,00 secs] 
57,105: [GC (Allocation Failure) [PSYoungGen: 76384K->64K(74752K)] 78635K->2315K(249856K), 0,0004748 secs] [Times: user=0,00 sys=0,00, real=0,00 secs] 
57,153: [GC (Allocation Failure) [PSYoungGen: 74304K->32K(73216K)] 76555K->2283K(248320K), 0,0004761 secs] [Times: user=0,00 sys=0,00, real=0,00 secs] 
57,199: [GC (Allocation Failure) [PSYoungGen: 72736K->64K(71680K)] 74987K->2315K(246784K), 0,0004800 secs] [Times: user=0,00 sys=0,00, real=0,00 secs] 
57,245: [GC (Allocation Failure) [PSYoungGen: 71232K->64K(70144K)] 73483K->2315K(245248K), 0,0004776 secs] [Times: user=0,01 sys=0,00, real=0,00 secs] 
57,289: [GC (Allocation Failure) [PSYoungGen: 69696K->64K(68608K)] 71947K->2315K(243712K), 0,0004679 secs] [Times: user=0,00 sys=0,00, real=0,00 secs] 
57,333: [GC (Allocation Failure) [PSYoungGen: 68160K->96K(67072K)] 70411K->2347K(242176K), 0,0004698 secs] [Times: user=0,00 sys=0,00, real=0,00 secs] 
57,376: [GC (Allocation Failure) [PSYoungGen: 66656K->64K(80384K)] 68907K->2315K(255488K), 0,0005575 secs] [Times: user=0,00 sys=0,00, real=0,01 secs] 
57,427: [GC (Allocation Failure) [PSYoungGen: 79936K->96K(78336K)] 82187K->2347K(253440K), 0,0005135 secs] [Times: user=0,00 sys=0,00, real=0,00 secs] 
57,477: [GC (Allocation Failure) [PSYoungGen: 77920K->32K(76288K)] 80171K->2283K(251392K), 0,0004721 secs] [Times: user=0,00 sys=0,00, real=0,00 secs] 
57,525: [GC (Allocation Failure) [PSYoungGen: 75808K->64K(74752K)] 78059K->2315K(249856K), 0,0004635 secs] [Times: user=0,00 sys=0,00, real=0,00 secs] 
57,573: [GC (Allocation Failure) [PSYoungGen: 74304K->96K(73216K)] 76555K->2347K(248320K), 0,0005088 secs] [Times: user=0,00 sys=0,00, real=0,00 secs] 
57,619: [GC (Allocation Failure) [PSYoungGen: 72800K->32K(71680K)] 75051K->2283K(246784K), 0,0004897 secs] [Times: user=0,00 sys=0,00, real=0,00 secs] 
57,665: [GC (Allocation Failure) [PSYoungGen: 71200K->64K(70144K)] 73451K->2315K(245248K), 0,0004921 secs] [Times: user=0,00 sys=0,00, real=0,00 secs] 
57,709: [GC (Allocation Failure) [PSYoungGen: 69696K->64K(68608K)] 71947K->2315K(243712K), 0,0004926 secs] [Times: user=0,00 sys=0,00, real=0,00 secs] 
57,753: [GC (Allocation Failure) [PSYoungGen: 68160K->96K(67072K)] 70411K->2347K(242176K), 0,0004784 secs] [Times: user=0,00 sys=0,00, real=0,00 secs] 
57,796: [GC (Allocation Failure) [PSYoungGen: 66656K->96K(65536K)] 68907K->2347K(240640K), 0,0004614 secs] [Times: user=0,00 sys=0,00, real=0,01 secs] 
57,837: [GC (Allocation Failure) [PSYoungGen: 65120K->64K(78848K)] 67371K->2315K(253952K), 0,0006015 secs] [Times: user=0,00 sys=0,00, real=0,00 secs] 
57,888: [GC (Allocation Failure) [PSYoungGen: 78400K->32K(94720K)] 80651K->2283K(269824K), 0,0005529 secs] [Times: user=0,00 sys=0,00, real=0,00 secs] 
57,948: [GC (Allocation Failure) [PSYoungGen: 94240K->96K(92160K)] 96491K->2347K(267264K), 0,0005226 secs] [Times: user=0,00 sys=0,00, real=0,00 secs] 
58,006: [GC (Allocation Failure) [PSYoungGen: 91744K->64K(89600K)] 93995K->2315K(264704K), 0,0004899 secs] [Times: user=0,00 sys=0,00, real=0,00 secs] 
58,063: [GC (Allocation Failure) [PSYoungGen: 89152K->96K(87040K)] 91403K->2347K(262144K), 0,0005078 secs] [Times: user=0,00 sys=0,00, real=0,00 secs] 
58,119: [GC (Allocation Failure) [PSYoungGen: 86624K->0K(84992K)] 88875K->2251K(260096K), 0,0005004 secs] [Times: user=0,00 sys=0,00, real=0,00 secs] 
58,173: [GC (Allocation Failure) [PSYoungGen: 84480K->96K(82944K)] 86731K->2347K(258048K), 0,0004820 secs] [Times: user=0,00 sys=0,00, real=0,00 secs] 
58,225: [GC (Allocation Failure) [PSYoungGen: 82528K->96K(80896K)] 84779K->2347K(256000K), 0,0005037 secs] [Times: user=0,00 sys=0,00, real=0,00 secs] 
58,276: [GC (Allocation Failure) [PSYoungGen: 80480K->32K(78848K)] 82731K->2283K(253952K), 0,0004811 secs] [Times: user=0,00 sys=0,00, real=0,00 secs] 
58,326: [GC (Allocation Failure) [PSYoungGen: 78368K->32K(76800K)] 80619K->2283K(251904K), 0,0005062 secs] [Times: user=0,00 sys=0,00, real=0,00 secs] 
58,375: [GC (Allocation Failure) [PSYoungGen: 76320K->96K(74752K)] 78571K->2347K(249856K), 0,0004696 secs] [Times: user=0,01 sys=0,00, real=0,00 secs] 
58,426: [GC (Allocation Failure) [PSYoungGen: 74336K->64K(73216K)] 76587K->2315K(248320K), 0,0005203 secs] [Times: user=0,00 sys=0,00, real=0,00 secs] 
58,473: [GC (Allocation Failure) [PSYoungGen: 72768K->32K(71680K)] 75019K->2283K(246784K), 0,0004881 secs] [Times: user=0,00 sys=0,00, real=0,00 secs] 
58,518: [GC (Allocation Failure) [PSYoungGen: 71200K->96K(70144K)] 73451K->2347K(245248K), 0,0004760 secs] [Times: user=0,00 sys=0,00, real=0,00 secs] 
58,563: [GC (Allocation Failure) [PSYoungGen: 69728K->64K(68608K)] 71979K->2315K(243712K), 0,0004964 secs] [Times: user=0,01 sys=0,00, real=0,00 secs] 
58,607: [GC (Allocation Failure) [PSYoungGen: 68160K->96K(67072K)] 70411K->2347K(242176K), 0,0004834 secs] [Times: user=0,00 sys=0,00, real=0,00 secs] 
58,650: [GC (Allocation Failure) [PSYoungGen: 66656K->96K(65536K)] 68907K->2347K(240640K), 0,0004793 secs] [Times: user=0,00 sys=0,00, real=0,00 secs] 
58,691: [GC (Allocation Failure) [PSYoungGen: 65120K->64K(78848K)] 67371K->2315K(253952K), 0,0006659 secs] [Times: user=0,01 sys=0,00, real=0,00 secs] 
58,741: [GC (Allocation Failure) [PSYoungGen: 78400K->32K(94720K)] 80651K->2283K(269824K), 0,0004659 secs] [Times: user=0,00 sys=0,00, real=0,00 secs] 
58,801: [GC (Allocation Failure) [PSYoungGen: 94240K->64K(92160K)] 96491K->2315K(267264K), 0,0004788 secs] [Times: user=0,00 sys=0,00, real=0,00 secs] 
58,860: [GC (Allocation Failure) [PSYoungGen: 91712K->32K(89600K)] 93963K->2283K(264704K), 0,0005109 secs] [Times: user=0,01 sys=0,00, real=0,00 secs] 
58,917: [GC (Allocation Failure) [PSYoungGen: 89120K->64K(87040K)] 91371K->2315K(262144K), 0,0004969 secs] [Times: user=0,00 sys=0,00, real=0,00 secs] 
58,972: [GC (Allocation Failure) [PSYoungGen: 86592K->64K(84992K)] 88843K->2315K(260096K), 0,0004745 secs] [Times: user=0,00 sys=0,00, real=0,00 secs] 
59,026: [GC (Allocation Failure) [PSYoungGen: 84544K->32K(82944K)] 86795K->2283K(258048K), 0,0005055 secs] [Times: user=0,00 sys=0,00, real=0,00 secs] 
59,079: [GC (Allocation Failure) [PSYoungGen: 82464K->64K(80896K)] 84715K->2315K(256000K), 0,0004999 secs] [Times: user=0,00 sys=0,00, real=0,00 secs] 
59,131: [GC (Allocation Failure) [PSYoungGen: 80448K->64K(78848K)] 82699K->2315K(253952K), 0,0004901 secs] [Times: user=0,00 sys=0,00, real=0,00 secs] 
59,181: [GC (Allocation Failure) [PSYoungGen: 78400K->64K(76800K)] 80651K->2315K(251904K), 0,0004800 secs] [Times: user=0,00 sys=0,00, real=0,00 secs] 
59,230: [GC (Allocation Failure) [PSYoungGen: 76352K->64K(74752K)] 78603K->2315K(249856K), 0,0004912 secs] [Times: user=0,00 sys=0,00, real=0,00 secs] 
59,277: [GC (Allocation Failure) [PSYoungGen: 74304K->64K(73216K)] 76555K->2315K(248320K), 0,0004876 secs] [Times: user=0,00 sys=0,00, real=0,00 secs] 
59,325: [GC (Allocation Failure) [PSYoungGen: 72768K->64K(88064K)] 75019K->2315K(263168K), 0,0010044 secs] [Times: user=0,00 sys=0,00, real=0,00 secs] 
59,382: [GC (Allocation Failure) [PSYoungGen: 87616K->64K(105984K)] 89867K->2315K(281088K), 0,0005605 secs] [Times: user=0,00 sys=0,00, real=0,00 secs] 
59,449: [GC (Allocation Failure) [PSYoungGen: 105536K->96K(127488K)] 107787K->2347K(302592K), 0,0005631 secs] [Times: user=0,00 sys=0,00, real=0,00 secs] 
59,531: [GC (Allocation Failure) [PSYoungGen: 127072K->96K(123392K)] 129323K->2347K(298496K), 0,0005121 secs] [Times: user=0,00 sys=0,00, real=0,00 secs] 
59,611: [GC (Allocation Failure) [PSYoungGen: 122976K->64K(119808K)] 125227K->2315K(294912K), 0,0010046 secs] [Times: user=0,00 sys=0,00, real=0,00 secs] 
59,688: [GC (Allocation Failure) [PSYoungGen: 119360K->64K(116224K)] 121611K->2315K(291328K), 0,0005118 secs] [Times: user=0,00 sys=0,00, real=0,00 secs] 
59,762: [GC (Allocation Failure) [PSYoungGen: 115776K->64K(112640K)] 118027K->2315K(287744K), 0,0005045 secs] [Times: user=0,00 sys=0,00, real=0,00 secs] 
59,834: [GC (Allocation Failure) [PSYoungGen: 112192K->64K(109568K)] 114443K->2315K(284672K), 0,0004932 secs] [Times: user=0,00 sys=0,00, real=0,00 secs] 
59,904: [GC (Allocation Failure) [PSYoungGen: 109120K->64K(106496K)] 111371K->2315K(281600K), 0,0005368 secs] [Times: user=0,00 sys=0,00, real=0,00 secs] 
59,971: [GC (Allocation Failure) [PSYoungGen: 106048K->64K(103424K)] 108299K->2315K(278528K), 0,0005027 secs] [Times: user=0,00 sys=0,00, real=0,00 secs] 
60,037: [GC (Allocation Failure) [PSYoungGen: 102976K->64K(100352K)] 105227K->2315K(275456K), 0,0007512 secs] [Times: user=0,00 sys=0,00, real=0,00 secs] 
60,101: [GC (Allocation Failure) [PSYoungGen: 99904K->64K(97792K)] 102155K->2315K(272896K), 0,0005023 secs] [Times: user=0,01 sys=0,01, real=0,00 secs] 
60,163: [GC (Allocation Failure) [PSYoungGen: 97344K->64K(95232K)] 99595K->2315K(270336K), 0,0006642 secs] [Times: user=0,00 sys=0,00, real=0,00 secs] 
60,224: [GC (Allocation Failure) [PSYoungGen: 94784K->64K(92672K)] 97035K->2315K(267776K), 0,0004955 secs] [Times: user=0,00 sys=0,00, real=0,00 secs] 
60,284: [GC (Allocation Failure) [PSYoungGen: 92224K->160K(90112K)] 94475K->2411K(265216K), 0,0005304 secs] [Times: user=0,00 sys=0,00, real=0,00 secs] 
60,341: [GC (Allocation Failure) [PSYoungGen: 89760K->32K(87552K)] 92011K->2315K(262656K), 0,0005039 secs] [Times: user=0,00 sys=0,00, real=0,00 secs] 
60,397: [GC (Allocation Failure) [PSYoungGen: 87072K->64K(85504K)] 89355K->2347K(260608K), 0,0005061 secs] [Times: user=0,01 sys=0,00, real=0,00 secs] 
60,451: [GC (Allocation Failure) [PSYoungGen: 85056K->96K(83456K)] 87339K->2379K(258560K), 0,0005069 secs] [Times: user=0,00 sys=0,00, real=0,00 secs] 
60,504: [GC (Allocation Failure) [PSYoungGen: 83040K->128K(81408K)] 85323K->2411K(256512K), 0,0005295 secs] [Times: user=0,00 sys=0,00, real=0,00 secs] 
60,556: [GC (Allocation Failure) [PSYoungGen: 81024K->64K(79360K)] 83307K->2347K(254464K), 0,0005065 secs] [Times: user=0,00 sys=0,00, real=0,00 secs] 
60,607: [GC (Allocation Failure) [PSYoungGen: 78912K->64K(77312K)] 81195K->2347K(252416K), 0,0004824 secs] [Times: user=0,00 sys=0,00, real=0,00 secs] 
60,657: [GC (Allocation Failure) [PSYoungGen: 76864K->96K(75264K)] 79147K->2379K(250368K), 0,0005015 secs] [Times: user=0,00 sys=0,00, real=0,00 secs] 
60,705: [GC (Allocation Failure) [PSYoungGen: 74848K->64K(73728K)] 77131K->2347K(248832K), 0,0005302 secs] [Times: user=0,01 sys=0,00, real=0,00 secs] 
60,751: [GC (Allocation Failure) [PSYoungGen: 73280K->64K(72192K)] 75563K->2347K(247296K), 0,0005362 secs] [Times: user=0,00 sys=0,00, real=0,00 secs] 
60,797: [GC (Allocation Failure) [PSYoungGen: 71744K->64K(70656K)] 74027K->2347K(245760K), 0,0004961 secs] [Times: user=0,00 sys=0,00, real=0,00 secs] 
60,842: [GC (Allocation Failure) [PSYoungGen: 70208K->32K(69120K)] 72491K->2315K(244224K), 0,0004837 secs] [Times: user=0,00 sys=0,00, real=0,00 secs] 
60,886: [GC (Allocation Failure) [PSYoungGen: 68640K->64K(67584K)] 70923K->2347K(242688K), 0,0004864 secs] [Times: user=0,00 sys=0,00, real=0,00 secs] 
60,929: [GC (Allocation Failure) [PSYoungGen: 67136K->64K(66048K)] 69419K->2347K(241152K), 0,0004753 secs] [Times: user=0,00 sys=0,00, real=0,00 secs] 
60,971: [GC (Allocation Failure) [PSYoungGen: 65600K->64K(64512K)] 67883K->2347K(239616K), 0,0004842 secs] [Times: user=0,00 sys=0,00, real=0,00 secs] 
61,012: [GC (Allocation Failure) [PSYoungGen: 64064K->32K(77312K)] 66347K->2315K(252416K), 0,0004791 secs] [Times: user=0,00 sys=0,00, real=0,00 secs] 
61,062: [GC (Allocation Failure) [PSYoungGen: 76832K->96K(92672K)] 79115K->2379K(267776K), 0,0005520 secs] [Times: user=0,00 sys=0,00, real=0,00 secs] 
61,121: [GC (Allocation Failure) [PSYoungGen: 92256K->64K(111104K)] 94539K->2347K(286208K), 0,0006821 secs] [Times: user=0,01 sys=0,00, real=0,00 secs] 
61,192: [GC (Allocation Failure) [PSYoungGen: 110656K->96K(108032K)] 112939K->2379K(283136K), 0,0004989 secs] [Times: user=0,00 sys=0,00, real=0,00 secs] 
61,260: [GC (Allocation Failure) [PSYoungGen: 107616K->64K(104960K)] 109899K->2347K(280064K), 0,0005031 secs] [Times: user=0,00 sys=0,00, real=0,00 secs] 
61,327: [GC (Allocation Failure) [PSYoungGen: 104512K->32K(101888K)] 106795K->2315K(276992K), 0,0005119 secs] [Times: user=0,00 sys=0,00, real=0,00 secs] 
61,392: [GC (Allocation Failure) [PSYoungGen: 101408K->64K(98816K)] 103691K->2347K(273920K), 0,0005376 secs] [Times: user=0,00 sys=0,00, real=0,00 secs] 
61,455: [GC (Allocation Failure) [PSYoungGen: 98368K->96K(96256K)] 100651K->2379K(271360K), 0,0005613 secs] [Times: user=0,00 sys=0,00, real=0,00 secs] 
61,516: [GC (Allocation Failure) [PSYoungGen: 95840K->64K(93696K)] 98123K->2347K(268800K), 0,0004927 secs] [Times: user=0,00 sys=0,00, real=0,00 secs] 
61,576: [GC (Allocation Failure) [PSYoungGen: 93248K->64K(91136K)] 95531K->2347K(266240K), 0,0005050 secs] [Times: user=0,00 sys=0,00, real=0,00 secs] 
61,634: [GC (Allocation Failure) [PSYoungGen: 90688K->96K(88576K)] 92971K->2379K(263680K), 0,0004980 secs] [Times: user=0,00 sys=0,00, real=0,00 secs] 
61,690: [GC (Allocation Failure) [PSYoungGen: 88160K->64K(86528K)] 90443K->2347K(261632K), 0,0005284 secs] [Times: user=0,00 sys=0,00, real=0,00 secs] 
61,745: [GC (Allocation Failure) [PSYoungGen: 86080K->64K(84480K)] 88363K->2347K(259584K), 0,0004940 secs] [Times: user=0,00 sys=0,00, real=0,00 secs] 
61,799: [GC (Allocation Failure) [PSYoungGen: 84032K->64K(82432K)] 86315K->2347K(257536K), 0,0004741 secs] [Times: user=0,00 sys=0,00, real=0,00 secs] 
61,851: [GC (Allocation Failure) [PSYoungGen: 81984K->64K(80384K)] 84267K->2347K(255488K), 0,0004920 secs] [Times: user=0,00 sys=0,00, real=0,00 secs] 
61,902: [GC (Allocation Failure) [PSYoungGen: 79936K->64K(78336K)] 82219K->2347K(253440K), 0,0004906 secs] [Times: user=0,00 sys=0,00, real=0,00 secs] 
61,953: [GC (Allocation Failure) [PSYoungGen: 77888K->64K(76288K)] 80171K->2347K(251392K), 0,0004968 secs] [Times: user=0,00 sys=0,00, real=0,00 secs] 
62,001: [GC (Allocation Failure) [PSYoungGen: 75840K->64K(74752K)] 78123K->2347K(249856K), 0,0004772 secs] [Times: user=0,00 sys=0,00, real=0,00 secs] 
62,049: [GC (Allocation Failure) [PSYoungGen: 74304K->64K(73216K)] 76587K->2347K(248320K), 0,0005009 secs] [Times: user=0,00 sys=0,00, real=0,00 secs] 
62,096: [GC (Allocation Failure) [PSYoungGen: 72768K->32K(71680K)] 75051K->2315K(246784K), 0,0005723 secs] [Times: user=0,00 sys=0,00, real=0,01 secs] 
62,141: [GC (Allocation Failure) [PSYoungGen: 71200K->64K(70144K)] 73483K->2347K(245248K), 0,0005027 secs] [Times: user=0,00 sys=0,00, real=0,00 secs] 
62,186: [GC (Allocation Failure) [PSYoungGen: 69696K->64K(68608K)] 71979K->2347K(243712K), 0,0005180 secs] [Times: user=0,00 sys=0,00, real=0,00 secs] 
62,230: [GC (Allocation Failure) [PSYoungGen: 68160K->96K(67072K)] 70443K->2379K(242176K), 0,0004844 secs] [Times: user=0,00 sys=0,00, real=0,00 secs] 
62,273: [GC (Allocation Failure) [PSYoungGen: 66656K->96K(65536K)] 68939K->2379K(240640K), 0,0004824 secs] [Times: user=0,00 sys=0,00, real=0,00 secs] 
62,314: [GC (Allocation Failure) [PSYoungGen: 65120K->32K(78848K)] 67403K->2315K(253952K), 0,0004737 secs] [Times: user=0,00 sys=0,00, real=0,00 secs] 
62,364: [GC (Allocation Failure) [PSYoungGen: 78368K->96K(76800K)] 80651K->2379K(251904K), 0,0005040 secs] [Times: user=0,00 sys=0,00, real=0,00 secs] 
62,413: [GC (Allocation Failure) [PSYoungGen: 76384K->96K(74752K)] 78667K->2379K(249856K), 0,0004931 secs] [Times: user=0,00 sys=0,00, real=0,00 secs] 
62,461: [GC (Allocation Failure) [PSYoungGen: 74336K->32K(73216K)] 76619K->2315K(248320K), 0,0005009 secs] [Times: user=0,00 sys=0,00, real=0,00 secs] 
62,508: [GC (Allocation Failure) [PSYoungGen: 72736K->64K(71680K)] 75019K->2347K(246784K), 0,0004749 secs] [Times: user=0,00 sys=0,00, real=0,00 secs] 
62,554: [GC (Allocation Failure) [PSYoungGen: 71232K->64K(70144K)] 73515K->2347K(245248K), 0,0004948 secs] [Times: user=0,00 sys=0,00, real=0,00 secs] 
62,599: [GC (Allocation Failure) [PSYoungGen: 69696K->64K(68608K)] 71979K->2347K(243712K), 0,0004880 secs] [Times: user=0,01 sys=0,00, real=0,00 secs] 
62,642: [GC (Allocation Failure) [PSYoungGen: 68160K->64K(67072K)] 70443K->2347K(242176K), 0,0004932 secs] [Times: user=0,00 sys=0,00, real=0,00 secs] 
62,685: [GC (Allocation Failure) [PSYoungGen: 66624K->64K(80384K)] 68907K->2347K(255488K), 0,0006576 secs] [Times: user=0,00 sys=0,00, real=0,00 secs] 
62,736: [GC (Allocation Failure) [PSYoungGen: 79936K->64K(96768K)] 82219K->2347K(271872K), 0,0005134 secs] [Times: user=0,00 sys=0,00, real=0,00 secs] 
62,798: [GC (Allocation Failure) [PSYoungGen: 96320K->64K(94208K)] 98603K->2347K(269312K), 0,0005054 secs] [Times: user=0,00 sys=0,00, real=0,00 secs] 
62,857: [GC (Allocation Failure) [PSYoungGen: 93760K->32K(91648K)] 96043K->2315K(266752K), 0,0004767 secs] [Times: user=0,00 sys=0,01, real=0,00 secs] 
62,916: [GC (Allocation Failure) [PSYoungGen: 91168K->32K(89088K)] 93451K->2315K(264192K), 0,0005004 secs] [Times: user=0,01 sys=0,00, real=0,01 secs] 
62,972: [GC (Allocation Failure) [PSYoungGen: 88608K->96K(87040K)] 90891K->2379K(262144K), 0,0004867 secs] [Times: user=0,00 sys=0,00, real=0,00 secs] 
63,028: [GC (Allocation Failure) [PSYoungGen: 86624K->96K(84992K)] 88907K->2379K(260096K), 0,0004913 secs] [Times: user=0,00 sys=0,00, real=0,00 secs] 
63,082: [GC (Allocation Failure) [PSYoungGen: 84576K->64K(82944K)] 86859K->2347K(258048K), 0,0005491 secs] [Times: user=0,00 sys=0,00, real=0,00 secs] 
63,135: [GC (Allocation Failure) [PSYoungGen: 82496K->64K(80896K)] 84779K->2347K(256000K), 0,0005562 secs] [Times: user=0,00 sys=0,00, real=0,00 secs] 
63,186: [GC (Allocation Failure) [PSYoungGen: 80448K->96K(78848K)] 82731K->2379K(253952K), 0,0005497 secs] [Times: user=0,00 sys=0,00, real=0,00 secs] 
63,236: [GC (Allocation Failure) [PSYoungGen: 78432K->64K(76800K)] 80715K->2347K(251904K), 0,0004742 secs] [Times: user=0,00 sys=0,00, real=0,00 secs] 
63,285: [GC (Allocation Failure) [PSYoungGen: 76352K->96K(74752K)] 78635K->2379K(249856K), 0,0005082 secs] [Times: user=0,00 sys=0,00, real=0,01 secs] 
63,333: [GC (Allocation Failure) [PSYoungGen: 74336K->32K(73216K)] 76619K->2315K(248320K), 0,0004917 secs] [Times: user=0,00 sys=0,00, real=0,00 secs] 
63,380: [GC (Allocation Failure) [PSYoungGen: 72736K->32K(71680K)] 75019K->2315K(246784K), 0,0004868 secs] [Times: user=0,00 sys=0,00, real=0,00 secs] 
63,426: [GC (Allocation Failure) [PSYoungGen: 71200K->64K(70144K)] 73483K->2347K(245248K), 0,0004834 secs] [Times: user=0,00 sys=0,00, real=0,01 secs] 
63,470: [GC (Allocation Failure) [PSYoungGen: 69696K->96K(84480K)] 71979K->2379K(259584K), 0,0006056 secs] [Times: user=0,01 sys=0,00, real=0,00 secs] 
63,525: [GC (Allocation Failure) [PSYoungGen: 84064K->64K(82432K)] 86347K->2347K(257536K), 0,0004905 secs] [Times: user=0,00 sys=0,00, real=0,00 secs] 
63,578: [GC (Allocation Failure) [PSYoungGen: 81984K->64K(80384K)] 84267K->2347K(255488K), 0,0005058 secs] [Times: user=0,00 sys=0,00, real=0,00 secs] 
63,629: [GC (Allocation Failure) [PSYoungGen: 79936K->64K(78336K)] 82219K->2347K(253440K), 0,0004898 secs] [Times: user=0,00 sys=0,00, real=0,00 secs] 
63,679: [GC (Allocation Failure) [PSYoungGen: 77888K->96K(76288K)] 80171K->2379K(251392K), 0,0004997 secs] [Times: user=0,01 sys=0,00, real=0,00 secs] 
63,728: [GC (Allocation Failure) [PSYoungGen: 75872K->64K(74752K)] 78155K->2347K(249856K), 0,0005049 secs] [Times: user=0,00 sys=0,00, real=0,00 secs] 
63,775: [GC (Allocation Failure) [PSYoungGen: 74304K->96K(73216K)] 76587K->2379K(248320K), 0,0004877 secs] [Times: user=0,00 sys=0,00, real=0,01 secs] 
63,822: [GC (Allocation Failure) [PSYoungGen: 72800K->64K(71680K)] 75083K->2347K(246784K), 0,0005019 secs] [Times: user=0,00 sys=0,00, real=0,00 secs] 
63,868: [GC (Allocation Failure) [PSYoungGen: 71232K->64K(70144K)] 73515K->2347K(245248K), 0,0005647 secs] [Times: user=0,01 sys=0,00, real=0,00 secs] 
63,912: [GC (Allocation Failure) [PSYoungGen: 69696K->64K(68608K)] 71979K->2347K(243712K), 0,0004761 secs] [Times: user=0,00 sys=0,00, real=0,00 secs] 
63,956: [GC (Allocation Failure) [PSYoungGen: 68160K->64K(67072K)] 70443K->2347K(242176K), 0,0004979 secs] [Times: user=0,01 sys=0,00, real=0,00 secs] 
63,999: [GC (Allocation Failure) [PSYoungGen: 66624K->96K(80384K)] 68907K->2379K(255488K), 0,0004788 secs] [Times: user=0,00 sys=0,00, real=0,00 secs] 
64,050: [GC (Allocation Failure) [PSYoungGen: 79968K->32K(96768K)] 82251K->2315K(271872K), 0,0006107 secs] [Times: user=0,00 sys=0,00, real=0,00 secs] 
64,112: [GC (Allocation Failure) [PSYoungGen: 96288K->64K(94208K)] 98571K->2347K(269312K), 0,0004954 secs] [Times: user=0,00 sys=0,00, real=0,00 secs] 
64,171: [GC (Allocation Failure) [PSYoungGen: 93760K->64K(91648K)] 96043K->2347K(266752K), 0,0004985 secs] [Times: user=0,00 sys=0,00, real=0,00 secs] 
64,230: [GC (Allocation Failure) [PSYoungGen: 91200K->96K(89088K)] 93483K->2379K(264192K), 0,0004865 secs] [Times: user=0,00 sys=0,00, real=0,00 secs] 
64,286: [GC (Allocation Failure) [PSYoungGen: 88672K->64K(87040K)] 90955K->2347K(262144K), 0,0006817 secs] [Times: user=0,00 sys=0,00, real=0,00 secs] 
64,342: [GC (Allocation Failure) [PSYoungGen: 86592K->64K(84992K)] 88875K->2347K(260096K), 0,0005249 secs] [Times: user=0,00 sys=0,00, real=0,00 secs] 
64,396: [GC (Allocation Failure) [PSYoungGen: 84544K->64K(82944K)] 86827K->2347K(258048K), 0,0005012 secs] [Times: user=0,00 sys=0,00, real=0,00 secs] 
64,449: [GC (Allocation Failure) [PSYoungGen: 82496K->64K(80896K)] 84779K->2347K(256000K), 0,0005098 secs] [Times: user=0,00 sys=0,00, real=0,00 secs] 
64,501: [GC (Allocation Failure) [PSYoungGen: 80448K->96K(78848K)] 82731K->2379K(253952K), 0,0005657 secs] [Times: user=0,00 sys=0,00, real=0,00 secs] 
64,551: [GC (Allocation Failure) [PSYoungGen: 78432K->64K(94720K)] 80715K->2347K(269824K), 0,0008184 secs] [Times: user=0,00 sys=0,00, real=0,00 secs] 
64,612: [GC (Allocation Failure) [PSYoungGen: 94272K->64K(92160K)] 96555K->2347K(267264K), 0,0005035 secs] [Times: user=0,01 sys=0,00, real=0,00 secs] 
64,671: [GC (Allocation Failure) [PSYoungGen: 91712K->96K(110592K)] 93995K->2379K(285696K), 0,0007032 secs] [Times: user=0,00 sys=0,00, real=0,00 secs] 
64,741: [GC (Allocation Failure) [PSYoungGen: 110176K->32K(107520K)] 112459K->2315K(282624K), 0,0005842 secs] [Times: user=0,01 sys=0,00, real=0,00 secs] 
64,809: [GC (Allocation Failure) [PSYoungGen: 107040K->32K(104448K)] 109323K->2315K(279552K), 0,0004918 secs] [Times: user=0,00 sys=0,00, real=0,00 secs] 
64,876: [GC (Allocation Failure) [PSYoungGen: 103968K->96K(101376K)] 106251K->2379K(276480K), 0,0004984 secs] [Times: user=0,00 sys=0,00, real=0,00 secs] 
64,941: [GC (Allocation Failure) [PSYoungGen: 100960K->96K(98816K)] 103243K->2379K(273920K), 0,0007245 secs] [Times: user=0,00 sys=0,00, real=0,00 secs] 
65,004: [GC (Allocation Failure) [PSYoungGen: 98400K->96K(96256K)] 100683K->2379K(271360K), 0,0004929 secs] [Times: user=0,00 sys=0,00, real=0,00 secs] 
65,065: [GC (Allocation Failure) [PSYoungGen: 95840K->64K(93696K)] 98123K->2347K(268800K), 0,0005050 secs] [Times: user=0,00 sys=0,00, real=0,01 secs] 
65,125: [GC (Allocation Failure) [PSYoungGen: 93248K->64K(91136K)] 95531K->2347K(266240K), 0,0005384 secs] [Times: user=0,00 sys=0,00, real=0,00 secs] 
65,183: [GC (Allocation Failure) [PSYoungGen: 90688K->64K(88576K)] 92971K->2347K(263680K), 0,0005083 secs] [Times: user=0,00 sys=0,00, real=0,00 secs] 
65,239: [GC (Allocation Failure) [PSYoungGen: 88128K->64K(86528K)] 90411K->2347K(261632K), 0,0005037 secs] [Times: user=0,00 sys=0,00, real=0,00 secs] 
65,295: [GC (Allocation Failure) [PSYoungGen: 86079K->64K(84480K)] 88363K->2347K(259584K), 0,0004929 secs] [Times: user=0,00 sys=0,00, real=0,00 secs] 
65,348: [GC (Allocation Failure) [PSYoungGen: 84032K->64K(82432K)] 86315K->2347K(257536K), 0,0004768 secs] [Times: user=0,00 sys=0,00, real=0,00 secs] 
65,401: [GC (Allocation Failure) [PSYoungGen: 81984K->64K(80384K)] 84267K->2347K(255488K), 0,0004941 secs] [Times: user=0,00 sys=0,00, real=0,00 secs] 
65,452: [GC (Allocation Failure) [PSYoungGen: 79936K->32K(78336K)] 82219K->2315K(253440K), 0,0008388 secs] [Times: user=0,00 sys=0,00, real=0,00 secs] 
65,502: [GC (Allocation Failure) [PSYoungGen: 77856K->128K(76288K)] 80139K->2411K(251392K), 0,0004872 secs] [Times: user=0,00 sys=0,00, real=0,00 secs] 
65,551: [GC (Allocation Failure) [PSYoungGen: 75904K->96K(74752K)] 78187K->2379K(249856K), 0,0005335 secs] [Times: user=0,00 sys=0,00, real=0,00 secs] 
65,599: [GC (Allocation Failure) [PSYoungGen: 74336K->96K(73216K)] 76619K->2379K(248320K), 0,0005141 secs] [Times: user=0,00 sys=0,00, real=0,00 secs] 
65,645: [GC (Allocation Failure) [PSYoungGen: 72800K->64K(71680K)] 75083K->2347K(246784K), 0,0004732 secs] [Times: user=0,00 sys=0,01, real=0,01 secs] 
65,691: [GC (Allocation Failure) [PSYoungGen: 71232K->64K(70144K)] 73515K->2347K(245248K), 0,0004903 secs] [Times: user=0,00 sys=0,00, real=0,00 secs] 
65,736: [GC (Allocation Failure) [PSYoungGen: 69696K->64K(84480K)] 71979K->2347K(259584K), 0,0010222 secs] [Times: user=0,00 sys=0,00, real=0,01 secs] 
65,790: [GC (Allocation Failure) [PSYoungGen: 84032K->64K(101376K)] 86315K->2347K(276480K), 0,0004870 secs] [Times: user=0,00 sys=0,00, real=0,00 secs] 
65,854: [GC (Allocation Failure) [PSYoungGen: 100928K->32K(121856K)] 103211K->2315K(296960K), 0,0004847 secs] [Times: user=0,00 sys=0,00, real=0,00 secs] 
65,931: [GC (Allocation Failure) [PSYoungGen: 121376K->64K(118272K)] 123659K->2347K(293376K), 0,0005071 secs] [Times: user=0,01 sys=0,00, real=0,00 secs] 
66,006: [GC (Allocation Failure) [PSYoungGen: 117824K->32K(114688K)] 120107K->2315K(289792K), 0,0005029 secs] [Times: user=0,00 sys=0,00, real=0,00 secs] 
66,079: [GC (Allocation Failure) [PSYoungGen: 114208K->96K(111104K)] 116491K->2379K(286208K), 0,0005042 secs] [Times: user=0,00 sys=0,00, real=0,00 secs] 
66,149: [GC (Allocation Failure) [PSYoungGen: 110688K->64K(108032K)] 112971K->2347K(283136K), 0,0005540 secs] [Times: user=0,01 sys=0,00, real=0,00 secs] 
66,218: [GC (Allocation Failure) [PSYoungGen: 107584K->96K(104960K)] 109867K->2379K(280064K), 0,0005128 secs] [Times: user=0,00 sys=0,00, real=0,00 secs] 
66,285: [GC (Allocation Failure) [PSYoungGen: 104544K->64K(101888K)] 106827K->2347K(276992K), 0,0004812 secs] [Times: user=0,00 sys=0,00, real=0,00 secs] 
66,349: [GC (Allocation Failure) [PSYoungGen: 101440K->64K(98816K)] 103723K->2347K(273920K), 0,0005312 secs] [Times: user=0,00 sys=0,00, real=0,00 secs] 
66,412: [GC (Allocation Failure) [PSYoungGen: 98368K->96K(96256K)] 100651K->2379K(271360K), 0,0005103 secs] [Times: user=0,00 sys=0,00, real=0,00 secs] 
66,474: [GC (Allocation Failure) [PSYoungGen: 95840K->64K(93696K)] 98123K->2347K(268800K), 0,0004952 secs] [Times: user=0,00 sys=0,00, real=0,00 secs] 
66,533: [GC (Allocation Failure) [PSYoungGen: 93248K->64K(91136K)] 95531K->2347K(266240K), 0,0005028 secs] [Times: user=0,00 sys=0,00, real=0,00 secs] 
66,592: [GC (Allocation Failure) [PSYoungGen: 90688K->64K(88576K)] 92971K->2347K(263680K), 0,0004993 secs] [Times: user=0,00 sys=0,00, real=0,00 secs] 
66,648: [GC (Allocation Failure) [PSYoungGen: 88128K->32K(86528K)] 90411K->2315K(261632K), 0,0006860 secs] [Times: user=0,00 sys=0,00, real=0,00 secs] 
66,704: [GC (Allocation Failure) [PSYoungGen: 86048K->64K(84480K)] 88331K->2347K(259584K), 0,0005003 secs] [Times: user=0,00 sys=0,00, real=0,00 secs] 
66,757: [GC (Allocation Failure) [PSYoungGen: 84032K->64K(82432K)] 86315K->2347K(257536K), 0,0004871 secs] [Times: user=0,00 sys=0,00, real=0,00 secs] 
66,812: [GC (Allocation Failure) [PSYoungGen: 81984K->64K(80384K)] 84267K->2347K(255488K), 0,0005100 secs] [Times: user=0,00 sys=0,00, real=0,00 secs] 
66,863: [GC (Allocation Failure) [PSYoungGen: 79936K->64K(78336K)] 82219K->2347K(253440K), 0,0004885 secs] [Times: user=0,00 sys=0,00, real=0,00 secs] 
66,913: [GC (Allocation Failure) [PSYoungGen: 77888K->64K(76288K)] 80171K->2347K(251392K), 0,0004839 secs] [Times: user=0,00 sys=0,00, real=0,00 secs] 
66,961: [GC (Allocation Failure) [PSYoungGen: 75840K->64K(74752K)] 78123K->2347K(249856K), 0,0004874 secs] [Times: user=0,00 sys=0,00, real=0,00 secs] 
67,009: [GC (Allocation Failure) [PSYoungGen: 74304K->96K(73216K)] 76587K->2379K(248320K), 0,0004756 secs] [Times: user=0,00 sys=0,00, real=0,00 secs] 
67,055: [GC (Allocation Failure) [PSYoungGen: 72800K->96K(71680K)] 75083K->2379K(246784K), 0,0004950 secs] [Times: user=0,00 sys=0,00, real=0,00 secs] 
67,101: [GC (Allocation Failure) [PSYoungGen: 71264K->64K(70144K)] 73547K->2347K(245248K), 0,0005052 secs] [Times: user=0,01 sys=0,00, real=0,00 secs] 
67,146: [GC (Allocation Failure) [PSYoungGen: 69696K->64K(68608K)] 71979K->2347K(243712K), 0,0004815 secs] [Times: user=0,00 sys=0,00, real=0,00 secs] 
67,190: [GC (Allocation Failure) [PSYoungGen: 68160K->32K(82432K)] 70443K->2315K(257536K), 0,0006744 secs] [Times: user=0,00 sys=0,00, real=0,00 secs] 
67,242: [GC (Allocation Failure) [PSYoungGen: 81952K->32K(98816K)] 84235K->2315K(273920K), 0,0004709 secs] [Times: user=0,00 sys=0,00, real=0,00 secs] 
67,305: [GC (Allocation Failure) [PSYoungGen: 98336K->64K(96256K)] 100619K->2347K(271360K), 0,0005095 secs] [Times: user=0,00 sys=0,00, real=0,00 secs] 
67,366: [GC (Allocation Failure) [PSYoungGen: 95808K->64K(93696K)] 98091K->2347K(268800K), 0,0005077 secs] [Times: user=0,00 sys=0,00, real=0,00 secs] 
67,426: [GC (Allocation Failure) [PSYoungGen: 93248K->64K(91136K)] 95531K->2347K(266240K), 0,0005080 secs] [Times: user=0,00 sys=0,00, real=0,00 secs] 
67,484: [GC (Allocation Failure) [PSYoungGen: 90688K->64K(88576K)] 92971K->2347K(263680K), 0,0004843 secs] [Times: user=0,00 sys=0,00, real=0,00 secs] 
67,541: [GC (Allocation Failure) [PSYoungGen: 88128K->64K(86528K)] 90411K->2347K(261632K), 0,0004959 secs] [Times: user=0,00 sys=0,00, real=0,00 secs] 
67,596: [GC (Allocation Failure) [PSYoungGen: 86080K->64K(84480K)] 88363K->2347K(259584K), 0,0005098 secs] [Times: user=0,00 sys=0,00, real=0,00 secs] 
67,650: [GC (Allocation Failure) [PSYoungGen: 84032K->64K(82432K)] 86315K->2347K(257536K), 0,0005071 secs] [Times: user=0,00 sys=0,00, real=0,00 secs] 
67,702: [GC (Allocation Failure) [PSYoungGen: 81984K->64K(80384K)] 84267K->2347K(255488K), 0,0005896 secs] [Times: user=0,00 sys=0,00, real=0,00 secs] 
67,753: [GC (Allocation Failure) [PSYoungGen: 79936K->32K(78336K)] 82219K->2315K(253440K), 0,0005371 secs] [Times: user=0,00 sys=0,00, real=0,00 secs] 
67,803: [GC (Allocation Failure) [PSYoungGen: 77856K->0K(76288K)] 80139K->2283K(251392K), 0,0004825 secs] [Times: user=0,00 sys=0,00, real=0,00 secs] 
67,852: [GC (Allocation Failure) [PSYoungGen: 75776K->32K(74752K)] 78059K->2315K(249856K), 0,0004902 secs] [Times: user=0,00 sys=0,00, real=0,00 secs] 
67,900: [GC (Allocation Failure) [PSYoungGen: 74272K->64K(73216K)] 76555K->2347K(248320K), 0,0004972 secs] [Times: user=0,00 sys=0,00, real=0,00 secs] 
67,946: [GC (Allocation Failure) [PSYoungGen: 72768K->32K(71680K)] 75051K->2315K(246784K), 0,0004944 secs] [Times: user=0,00 sys=0,00, real=0,00 secs] 
67,992: [GC (Allocation Failure) [PSYoungGen: 71200K->64K(70144K)] 73483K->2347K(245248K), 0,0004793 secs] [Times: user=0,00 sys=0,00, real=0,00 secs] 
68,037: [GC (Allocation Failure) [PSYoungGen: 69696K->64K(68608K)] 71979K->2347K(243712K), 0,0005035 secs] [Times: user=0,00 sys=0,00, real=0,00 secs] 
68,080: [GC (Allocation Failure) [PSYoungGen: 68160K->64K(67072K)] 70443K->2347K(242176K), 0,0004919 secs] [Times: user=0,00 sys=0,00, real=0,00 secs] 
68,123: [GC (Allocation Failure) [PSYoungGen: 66624K->64K(65536K)] 68907K->2347K(240640K), 0,0004921 secs] [Times: user=0,01 sys=0,00, real=0,00 secs] 
68,165: [GC (Allocation Failure) [PSYoungGen: 65088K->64K(78848K)] 67371K->2347K(253952K), 0,0004958 secs] [Times: user=0,00 sys=0,00, real=0,00 secs] 
68,215: [GC (Allocation Failure) [PSYoungGen: 78400K->64K(76800K)] 80683K->2347K(251904K), 0,0004921 secs] [Times: user=0,00 sys=0,00, real=0,01 secs] 
68,264: [GC (Allocation Failure) [PSYoungGen: 76352K->64K(74752K)] 78635K->2347K(249856K), 0,0004770 secs] [Times: user=0,00 sys=0,00, real=0,00 secs] 
68,312: [GC (Allocation Failure) [PSYoungGen: 74304K->64K(73216K)] 76587K->2347K(248320K), 0,0004790 secs] [Times: user=0,01 sys=0,00, real=0,00 secs] 
68,359: [GC (Allocation Failure) [PSYoungGen: 72768K->64K(71680K)] 75051K->2347K(246784K), 0,0004843 secs] [Times: user=0,00 sys=0,00, real=0,00 secs] 
68,412: [GC (Allocation Failure) [PSYoungGen: 71232K->64K(70144K)] 73515K->2347K(245248K), 0,0004988 secs] [Times: user=0,00 sys=0,00, real=0,00 secs] 
68,456: [GC (Allocation Failure) [PSYoungGen: 69696K->64K(68608K)] 71979K->2347K(243712K), 0,0004956 secs] [Times: user=0,00 sys=0,00, real=0,00 secs] 
68,500: [GC (Allocation Failure) [PSYoungGen: 68160K->32K(67072K)] 70443K->2315K(242176K), 0,0004892 secs] [Times: user=0,01 sys=0,01, real=0,00 secs] 
68,543: [GC (Allocation Failure) [PSYoungGen: 66592K->64K(65536K)] 68875K->2347K(240640K), 0,0004766 secs] [Times: user=0,00 sys=0,00, real=0,00 secs] 
68,584: [GC (Allocation Failure) [PSYoungGen: 65088K->96K(64000K)] 67371K->2379K(239104K), 0,0004913 secs] [Times: user=0,00 sys=0,00, real=0,00 secs] 
68,625: [GC (Allocation Failure) [PSYoungGen: 63584K->96K(76800K)] 65867K->2379K(251904K), 0,0005179 secs] [Times: user=0,00 sys=0,00, real=0,00 secs] 
68,674: [GC (Allocation Failure) [PSYoungGen: 76384K->64K(92160K)] 78667K->2347K(267264K), 0,0004938 secs] [Times: user=0,00 sys=0,00, real=0,00 secs] 
68,733: [GC (Allocation Failure) [PSYoungGen: 91712K->32K(89600K)] 93995K->2315K(264704K), 0,0004927 secs] [Times: user=0,00 sys=0,00, real=0,00 secs] 
68,790: [GC (Allocation Failure) [PSYoungGen: 89120K->96K(87040K)] 91403K->2379K(262144K), 0,0004988 secs] [Times: user=0,00 sys=0,00, real=0,00 secs] 
68,845: [GC (Allocation Failure) [PSYoungGen: 86624K->96K(84992K)] 88907K->2379K(260096K), 0,0006756 secs] [Times: user=0,00 sys=0,00, real=0,01 secs] 
68,900: [GC (Allocation Failure) [PSYoungGen: 84576K->64K(82944K)] 86859K->2347K(258048K), 0,0004956 secs] [Times: user=0,00 sys=0,00, real=0,00 secs] 
68,953: [GC (Allocation Failure) [PSYoungGen: 82496K->64K(80896K)] 84779K->2347K(256000K), 0,0004971 secs] [Times: user=0,00 sys=0,00, real=0,00 secs] 
69,004: [GC (Allocation Failure) [PSYoungGen: 80448K->64K(78848K)] 82731K->2347K(253952K), 0,0004884 secs] [Times: user=0,00 sys=0,00, real=0,00 secs] 
69,055: [GC (Allocation Failure) [PSYoungGen: 78400K->64K(76800K)] 80683K->2347K(251904K), 0,0004907 secs] [Times: user=0,01 sys=0,00, real=0,00 secs] 
69,104: [GC (Allocation Failure) [PSYoungGen: 76352K->64K(74752K)] 78635K->2347K(249856K), 0,0005198 secs] [Times: user=0,00 sys=0,00, real=0,00 secs] 
69,152: [GC (Allocation Failure) [PSYoungGen: 74304K->0K(73216K)] 76587K->2283K(248320K), 0,0004813 secs] [Times: user=0,00 sys=0,00, real=0,00 secs] 
69,198: [GC (Allocation Failure) [PSYoungGen: 72704K->32K(71680K)] 74987K->2315K(246784K), 0,0005075 secs] [Times: user=0,00 sys=0,00, real=0,00 secs] 
69,244: [GC (Allocation Failure) [PSYoungGen: 71200K->96K(70144K)] 73483K->2379K(245248K), 0,0004742 secs] [Times: user=0,00 sys=0,00, real=0,00 secs] 
69,289: [GC (Allocation Failure) [PSYoungGen: 69728K->96K(68608K)] 72011K->2379K(243712K), 0,0004829 secs] [Times: user=0,00 sys=0,00, real=0,00 secs] 
69,332: [GC (Allocation Failure) [PSYoungGen: 68192K->64K(82432K)] 70475K->2347K(257536K), 0,0005699 secs] [Times: user=0,01 sys=0,00, real=0,00 secs] 
69,385: [GC (Allocation Failure) [PSYoungGen: 81984K->96K(80384K)] 84267K->2379K(255488K), 0,0005160 secs] [Times: user=0,00 sys=0,00, real=0,00 secs] 
69,436: [GC (Allocation Failure) [PSYoungGen: 79968K->96K(78336K)] 82251K->2379K(253440K), 0,0004933 secs] [Times: user=0,00 sys=0,00, real=0,00 secs] 
69,486: [GC (Allocation Failure) [PSYoungGen: 77920K->96K(76288K)] 80203K->2379K(251392K), 0,0004907 secs] [Times: user=0,00 sys=0,00, real=0,00 secs] 
69,535: [GC (Allocation Failure) [PSYoungGen: 75872K->64K(74752K)] 78155K->2347K(249856K), 0,0005213 secs] [Times: user=0,00 sys=0,00, real=0,01 secs] 
69,585: [GC (Allocation Failure) [PSYoungGen: 74304K->64K(89600K)] 76587K->2347K(264704K), 0,0006982 secs] [Times: user=0,00 sys=0,00, real=0,00 secs] 
69,642: [GC (Allocation Failure) [PSYoungGen: 89152K->64K(107520K)] 91435K->2347K(282624K), 0,0005926 secs] [Times: user=0,00 sys=0,00, real=0,00 secs] 
69,711: [GC (Allocation Failure) [PSYoungGen: 107072K->96K(104448K)] 109355K->2379K(279552K), 0,0005159 secs] [Times: user=0,01 sys=0,00, real=0,00 secs] 
69,777: [GC (Allocation Failure) [PSYoungGen: 104032K->64K(101376K)] 106315K->2347K(276480K), 0,0005101 secs] [Times: user=0,00 sys=0,00, real=0,00 secs] 
69,842: [GC (Allocation Failure) [PSYoungGen: 100928K->96K(98816K)] 103211K->2379K(273920K), 0,0004842 secs] [Times: user=0,00 sys=0,00, real=0,00 secs] 
69,904: [GC (Allocation Failure) [PSYoungGen: 98400K->64K(96256K)] 100683K->2347K(271360K), 0,0005564 secs] [Times: user=0,00 sys=0,00, real=0,00 secs] 
69,966: [GC (Allocation Failure) [PSYoungGen: 95808K->96K(93696K)] 98091K->2379K(268800K), 0,0005574 secs] [Times: user=0,00 sys=0,00, real=0,00 secs] 
70,026: [GC (Allocation Failure) [PSYoungGen: 93280K->32K(91136K)] 95563K->2315K(266240K), 0,0005309 secs] [Times: user=0,00 sys=0,00, real=0,00 secs] 
70,084: [GC (Allocation Failure) [PSYoungGen: 90656K->96K(88576K)] 92939K->2379K(263680K), 0,0004990 secs] [Times: user=0,00 sys=0,00, real=0,00 secs] 
70,140: [GC (Allocation Failure) [PSYoungGen: 88160K->64K(86528K)] 90443K->2347K(261632K), 0,0004945 secs] [Times: user=0,00 sys=0,00, real=0,00 secs] 
70,195: [GC (Allocation Failure) [PSYoungGen: 86080K->64K(84480K)] 88363K->2347K(259584K), 0,0004918 secs] [Times: user=0,00 sys=0,00, real=0,00 secs] 
70,249: [GC (Allocation Failure) [PSYoungGen: 84032K->64K(82432K)] 86315K->2347K(257536K), 0,0004831 secs] [Times: user=0,00 sys=0,00, real=0,00 secs] 
70,302: [GC (Allocation Failure) [PSYoungGen: 81984K->96K(80384K)] 84267K->2379K(255488K), 0,0005065 secs] [Times: user=0,00 sys=0,00, real=0,00 secs] 
70,353: [GC (Allocation Failure) [PSYoungGen: 79968K->64K(78336K)] 82251K->2363K(253440K), 0,0005411 secs] [Times: user=0,00 sys=0,00, real=0,00 secs] 
70,403: [GC (Allocation Failure) [PSYoungGen: 77888K->64K(76288K)] 80187K->2363K(251392K), 0,0004899 secs] [Times: user=0,00 sys=0,00, real=0,00 secs] 
70,451: [GC (Allocation Failure) [PSYoungGen: 75840K->64K(74752K)] 78139K->2363K(249856K), 0,0004867 secs] [Times: user=0,00 sys=0,00, real=0,00 secs] 
70,499: [GC (Allocation Failure) [PSYoungGen: 74304K->64K(73216K)] 76603K->2363K(248320K), 0,0004770 secs] [Times: user=0,00 sys=0,00, real=0,00 secs] 
70,545: [GC (Allocation Failure) [PSYoungGen: 72768K->64K(71680K)] 75067K->2363K(246784K), 0,0004769 secs] [Times: user=0,00 sys=0,00, real=0,01 secs] 
70,591: [GC (Allocation Failure) [PSYoungGen: 71232K->64K(70144K)] 73531K->2363K(245248K), 0,0005154 secs] [Times: user=0,00 sys=0,00, real=0,00 secs] 
70,636: [GC (Allocation Failure) [PSYoungGen: 69696K->128K(68608K)] 71995K->2427K(243712K), 0,0005088 secs] [Times: user=0,00 sys=0,00, real=0,01 secs] 
70,679: [GC (Allocation Failure) [PSYoungGen: 68224K->64K(82432K)] 70523K->2363K(257536K), 0,0006371 secs] [Times: user=0,00 sys=0,00, real=0,00 secs] 
70,732: [GC (Allocation Failure) [PSYoungGen: 81984K->64K(80384K)] 84283K->2363K(255488K), 0,0004980 secs] [Times: user=0,01 sys=0,00, real=0,00 secs] 
70,783: [GC (Allocation Failure) [PSYoungGen: 79936K->32K(78336K)] 82235K->2331K(253440K), 0,0004883 secs] [Times: user=0,00 sys=0,00, real=0,00 secs] 
70,833: [GC (Allocation Failure) [PSYoungGen: 77856K->96K(76288K)] 80155K->2395K(251392K), 0,0004949 secs] [Times: user=0,00 sys=0,00, real=0,00 secs] 
70,881: [GC (Allocation Failure) [PSYoungGen: 75872K->96K(74752K)] 78171K->2395K(249856K), 0,0004845 secs] [Times: user=0,00 sys=0,00, real=0,00 secs] 
70,929: [GC (Allocation Failure) [PSYoungGen: 74336K->96K(73216K)] 76635K->2395K(248320K), 0,0004766 secs] [Times: user=0,00 sys=0,00, real=0,00 secs] 
70,976: [GC (Allocation Failure) [PSYoungGen: 72799K->64K(71680K)] 75099K->2363K(246784K), 0,0004812 secs] [Times: user=0,00 sys=0,00, real=0,01 secs] 
71,021: [GC (Allocation Failure) [PSYoungGen: 71232K->64K(70144K)] 73531K->2363K(245248K), 0,0004982 secs] [Times: user=0,00 sys=0,00, real=0,00 secs] 
71,066: [GC (Allocation Failure) [PSYoungGen: 69696K->64K(68608K)] 71995K->2363K(243712K), 0,0004783 secs] [Times: user=0,00 sys=0,00, real=0,00 secs] 
71,110: [GC (Allocation Failure) [PSYoungGen: 68160K->64K(82432K)] 70459K->2363K(257536K), 0,0007344 secs] [Times: user=0,00 sys=0,00, real=0,00 secs] 
71,163: [GC (Allocation Failure) [PSYoungGen: 81984K->64K(98816K)] 84283K->2363K(273920K), 0,0004823 secs] [Times: user=0,00 sys=0,00, real=0,00 secs] 
71,226: [GC (Allocation Failure) [PSYoungGen: 98368K->96K(96256K)] 100667K->2395K(271360K), 0,0005128 secs] [Times: user=0,00 sys=0,00, real=0,00 secs] 
71,287: [GC (Allocation Failure) [PSYoungGen: 95840K->64K(93696K)] 98139K->2363K(268800K), 0,0004874 secs] [Times: user=0,00 sys=0,00, real=0,00 secs] 
71,347: [GC (Allocation Failure) [PSYoungGen: 93248K->64K(91136K)] 95547K->2363K(266240K), 0,0004981 secs] [Times: user=0,00 sys=0,00, real=0,00 secs] 
71,405: [GC (Allocation Failure) [PSYoungGen: 90688K->32K(88576K)] 92987K->2331K(263680K), 0,0004869 secs] [Times: user=0,00 sys=0,00, real=0,00 secs] 
71,461: [GC (Allocation Failure) [PSYoungGen: 88096K->96K(86528K)] 90395K->2395K(261632K), 0,0004867 secs] [Times: user=0,00 sys=0,00, real=0,00 secs] 
71,516: [GC (Allocation Failure) [PSYoungGen: 86112K->64K(84480K)] 88411K->2363K(259584K), 0,0004936 secs] [Times: user=0,00 sys=0,00, real=0,00 secs] 
71,570: [GC (Allocation Failure) [PSYoungGen: 84032K->96K(82432K)] 86331K->2395K(257536K), 0,0005424 secs] [Times: user=0,00 sys=0,00, real=0,00 secs] 
71,623: [GC (Allocation Failure) [PSYoungGen: 82016K->64K(80384K)] 84315K->2363K(255488K), 0,0005010 secs] [Times: user=0,00 sys=0,00, real=0,00 secs] 
71,674: [GC (Allocation Failure) [PSYoungGen: 79936K->64K(78336K)] 82235K->2363K(253440K), 0,0004902 secs] [Times: user=0,01 sys=0,00, real=0,00 secs] 
71,724: [GC (Allocation Failure) [PSYoungGen: 77888K->64K(76288K)] 80187K->2363K(251392K), 0,0005477 secs] [Times: user=0,00 sys=0,00, real=0,00 secs] 
71,772: [GC (Allocation Failure) [PSYoungGen: 75840K->64K(74752K)] 78139K->2363K(249856K), 0,0004953 secs] [Times: user=0,01 sys=0,00, real=0,00 secs] 
71,820: [GC (Allocation Failure) [PSYoungGen: 74304K->96K(73216K)] 76603K->2395K(248320K), 0,0004917 secs] [Times: user=0,00 sys=0,00, real=0,00 secs] 
71,867: [GC (Allocation Failure) [PSYoungGen: 72800K->32K(71680K)] 75099K->2331K(246784K), 0,0005269 secs] [Times: user=0,00 sys=0,00, real=0,00 secs] 
71,912: [GC (Allocation Failure) [PSYoungGen: 71200K->64K(70144K)] 73499K->2363K(245248K), 0,0004804 secs] [Times: user=0,00 sys=0,00, real=0,00 secs] 
71,957: [GC (Allocation Failure) [PSYoungGen: 69696K->64K(68608K)] 71995K->2363K(243712K), 0,0005226 secs] [Times: user=0,00 sys=0,00, real=0,00 secs] 
72,001: [GC (Allocation Failure) [PSYoungGen: 68160K->64K(67072K)] 70459K->2363K(242176K), 0,0004615 secs] [Times: user=0,01 sys=0,00, real=0,00 secs] 
72,044: [GC (Allocation Failure) [PSYoungGen: 66624K->96K(65536K)] 68923K->2395K(240640K), 0,0004768 secs] [Times: user=0,00 sys=0,00, real=0,00 secs] 
72,086: [GC (Allocation Failure) [PSYoungGen: 65120K->32K(78848K)] 67419K->2331K(253952K), 0,0005593 secs] [Times: user=0,00 sys=0,00, real=0,00 secs] 
72,136: [GC (Allocation Failure) [PSYoungGen: 78368K->32K(94720K)] 80667K->2331K(269824K), 0,0005381 secs] [Times: user=0,00 sys=0,00, real=0,00 secs] 
72,196: [GC (Allocation Failure) [PSYoungGen: 94240K->64K(92160K)] 96539K->2363K(267264K), 0,0005117 secs] [Times: user=0,00 sys=0,00, real=0,00 secs] 
72,255: [GC (Allocation Failure) [PSYoungGen: 91712K->64K(89600K)] 94011K->2363K(264704K), 0,0004983 secs] [Times: user=0,00 sys=0,00, real=0,00 secs] 
72,312: [GC (Allocation Failure) [PSYoungGen: 89152K->64K(87040K)] 91451K->2363K(262144K), 0,0004849 secs] [Times: user=0,00 sys=0,00, real=0,00 secs] 
72,367: [GC (Allocation Failure) [PSYoungGen: 86592K->32K(84992K)] 88891K->2331K(260096K), 0,0005693 secs] [Times: user=0,01 sys=0,00, real=0,00 secs] 
72,421: [GC (Allocation Failure) [PSYoungGen: 84512K->64K(82944K)] 86811K->2363K(258048K), 0,0004947 secs] [Times: user=0,00 sys=0,00, real=0,00 secs] 
72,474: [GC (Allocation Failure) [PSYoungGen: 82496K->64K(80896K)] 84795K->2363K(256000K), 0,0005094 secs] [Times: user=0,00 sys=0,00, real=0,00 secs] 
72,525: [GC (Allocation Failure) [PSYoungGen: 80448K->64K(78848K)] 82747K->2363K(253952K), 0,0004861 secs] [Times: user=0,00 sys=0,00, real=0,01 secs] 
72,576: [GC (Allocation Failure) [PSYoungGen: 78400K->64K(76800K)] 80699K->2363K(251904K), 0,0005012 secs] [Times: user=0,01 sys=0,00, real=0,00 secs] 
72,625: [GC (Allocation Failure) [PSYoungGen: 76352K->96K(74752K)] 78651K->2395K(249856K), 0,0004856 secs] [Times: user=0,00 sys=0,00, real=0,00 secs] 
72,672: [GC (Allocation Failure) [PSYoungGen: 74336K->96K(73216K)] 76635K->2395K(248320K), 0,0005306 secs] [Times: user=0,00 sys=0,00, real=0,00 secs] 
72,719: [GC (Allocation Failure) [PSYoungGen: 72800K->96K(71680K)] 75099K->2395K(246784K), 0,0005107 secs] [Times: user=0,00 sys=0,00, real=0,00 secs] 
72,765: [GC (Allocation Failure) [PSYoungGen: 71264K->64K(70144K)] 73563K->2363K(245248K), 0,0005123 secs] [Times: user=0,01 sys=0,00, real=0,00 secs] 
72,809: [GC (Allocation Failure) [PSYoungGen: 69696K->64K(68608K)] 71995K->2363K(243712K), 0,0004803 secs] [Times: user=0,00 sys=0,00, real=0,00 secs] 
72,853: [GC (Allocation Failure) [PSYoungGen: 68160K->64K(67072K)] 70459K->2363K(242176K), 0,0004717 secs] [Times: user=0,01 sys=0,00, real=0,00 secs] 
72,896: [GC (Allocation Failure) [PSYoungGen: 66624K->96K(65536K)] 68923K->2395K(240640K), 0,0004771 secs] [Times: user=0,00 sys=0,00, real=0,00 secs] 
72,937: [GC (Allocation Failure) [PSYoungGen: 65120K->32K(64000K)] 67419K->2331K(239104K), 0,0004710 secs] [Times: user=0,00 sys=0,00, real=0,00 secs] 
72,978: [GC (Allocation Failure) [PSYoungGen: 63520K->64K(76800K)] 65819K->2363K(251904K), 0,0004945 secs] [Times: user=0,00 sys=0,00, real=0,00 secs] 
73,027: [GC (Allocation Failure) [PSYoungGen: 76352K->64K(92160K)] 78651K->2363K(267264K), 0,0007171 secs] [Times: user=0,00 sys=0,00, real=0,00 secs] 
73,086: [GC (Allocation Failure) [PSYoungGen: 91712K->64K(110592K)] 94011K->2363K(285696K), 0,0005080 secs] [Times: user=0,00 sys=0,00, real=0,00 secs] 
73,156: [GC (Allocation Failure) [PSYoungGen: 110144K->96K(107520K)] 112443K->2395K(282624K), 0,0006512 secs] [Times: user=0,00 sys=0,00, real=0,00 secs] 
73,225: [GC (Allocation Failure) [PSYoungGen: 107104K->64K(104448K)] 109403K->2363K(279552K), 0,0005207 secs] [Times: user=0,00 sys=0,00, real=0,00 secs] 
73,291: [GC (Allocation Failure) [PSYoungGen: 104000K->32K(101376K)] 106299K->2331K(276480K), 0,0004886 secs] [Times: user=0,00 sys=0,00, real=0,00 secs] 
73,355: [GC (Allocation Failure) [PSYoungGen: 100896K->64K(98816K)] 103195K->2363K(273920K), 0,0004957 secs] [Times: user=0,00 sys=0,00, real=0,01 secs] 
73,418: [GC (Allocation Failure) [PSYoungGen: 98368K->64K(96256K)] 100667K->2363K(271360K), 0,0006015 secs] [Times: user=0,00 sys=0,00, real=0,00 secs] 
73,480: [GC (Allocation Failure) [PSYoungGen: 95808K->96K(93696K)] 98107K->2395K(268800K), 0,0004983 secs] [Times: user=0,00 sys=0,00, real=0,00 secs] 
73,539: [GC (Allocation Failure) [PSYoungGen: 93280K->96K(91136K)] 95579K->2395K(266240K), 0,0005160 secs] [Times: user=0,00 sys=0,00, real=0,00 secs] 
73,598: [GC (Allocation Failure) [PSYoungGen: 90720K->64K(88576K)] 93019K->2363K(263680K), 0,0005281 secs] [Times: user=0,01 sys=0,00, real=0,00 secs] 
73,654: [GC (Allocation Failure) [PSYoungGen: 88128K->64K(86528K)] 90427K->2363K(261632K), 0,0004897 secs] [Times: user=0,00 sys=0,00, real=0,00 secs] 
73,709: [GC (Allocation Failure) [PSYoungGen: 86080K->64K(84480K)] 88379K->2363K(259584K), 0,0006850 secs] [Times: user=0,00 sys=0,00, real=0,00 secs] 
73,763: [GC (Allocation Failure) [PSYoungGen: 84032K->64K(82432K)] 86331K->2363K(257536K), 0,0005035 secs] [Times: user=0,00 sys=0,00, real=0,00 secs] 
73,816: [GC (Allocation Failure) [PSYoungGen: 81984K->64K(80384K)] 84283K->2363K(255488K), 0,0005034 secs] [Times: user=0,01 sys=0,00, real=0,00 secs] 
73,867: [GC (Allocation Failure) [PSYoungGen: 79936K->32K(78336K)] 82235K->2331K(253440K), 0,0005143 secs] [Times: user=0,00 sys=0,00, real=0,00 secs] 
73,917: [GC (Allocation Failure) [PSYoungGen: 77856K->64K(76288K)] 80155K->2363K(251392K), 0,0005610 secs] [Times: user=0,00 sys=0,00, real=0,00 secs] 
73,966: [GC (Allocation Failure) [PSYoungGen: 75839K->64K(74752K)] 78139K->2363K(249856K), 0,0004933 secs] [Times: user=0,00 sys=0,00, real=0,00 secs] 
74,013: [GC (Allocation Failure) [PSYoungGen: 74304K->64K(73216K)] 76603K->2363K(248320K), 0,0004822 secs] [Times: user=0,00 sys=0,00, real=0,00 secs] 
74,060: [GC (Allocation Failure) [PSYoungGen: 72768K->96K(71680K)] 75067K->2395K(246784K), 0,0005158 secs] [Times: user=0,00 sys=0,00, real=0,00 secs] 
74,106: [GC (Allocation Failure) [PSYoungGen: 71264K->32K(70144K)] 73563K->2331K(245248K), 0,0005211 secs] [Times: user=0,00 sys=0,00, real=0,00 secs] 
74,150: [GC (Allocation Failure) [PSYoungGen: 69664K->64K(68608K)] 71963K->2363K(243712K), 0,0004975 secs] [Times: user=0,00 sys=0,00, real=0,00 secs] 
74,194: [GC (Allocation Failure) [PSYoungGen: 68160K->64K(67072K)] 70459K->2363K(242176K), 0,0004908 secs] [Times: user=0,00 sys=0,00, real=0,00 secs] 
74,237: [GC (Allocation Failure) [PSYoungGen: 66624K->64K(80384K)] 68923K->2363K(255488K), 0,0005280 secs] [Times: user=0,00 sys=0,00, real=0,00 secs] 
74,288: [GC (Allocation Failure) [PSYoungGen: 79936K->96K(96768K)] 82235K->2395K(271872K), 0,0005671 secs] [Times: user=0,00 sys=0,00, real=0,00 secs] 
74,350: [GC (Allocation Failure) [PSYoungGen: 96352K->32K(94208K)] 98651K->2331K(269312K), 0,0004863 secs] [Times: user=0,00 sys=0,00, real=0,00 secs] 
74,410: [GC (Allocation Failure) [PSYoungGen: 93728K->64K(91648K)] 96027K->2363K(266752K), 0,0005448 secs] [Times: user=0,00 sys=0,00, real=0,00 secs] 
74,468: [GC (Allocation Failure) [PSYoungGen: 91200K->64K(89088K)] 93499K->2363K(264192K), 0,0004972 secs] [Times: user=0,00 sys=0,00, real=0,00 secs] 
74,525: [GC (Allocation Failure) [PSYoungGen: 88640K->96K(87040K)] 90939K->2395K(262144K), 0,0005181 secs] [Times: user=0,00 sys=0,00, real=0,00 secs] 
74,580: [GC (Allocation Failure) [PSYoungGen: 86624K->64K(84992K)] 88923K->2363K(260096K), 0,0005723 secs] [Times: user=0,01 sys=0,00, real=0,00 secs] 
74,634: [GC (Allocation Failure) [PSYoungGen: 84544K->64K(82944K)] 86843K->2363K(258048K), 0,0005172 secs] [Times: user=0,00 sys=0,00, real=0,00 secs] 
74,688: [GC (Allocation Failure) [PSYoungGen: 82496K->64K(80896K)] 84795K->2363K(256000K), 0,0005744 secs] [Times: user=0,00 sys=0,00, real=0,00 secs] 
74,739: [GC (Allocation Failure) [PSYoungGen: 80448K->64K(78848K)] 82747K->2363K(253952K), 0,0005453 secs] [Times: user=0,00 sys=0,00, real=0,00 secs] 
74,790: [GC (Allocation Failure) [PSYoungGen: 78399K->64K(76800K)] 80699K->2363K(251904K), 0,0005024 secs] [Times: user=0,00 sys=0,00, real=0,00 secs] 
74,838: [GC (Allocation Failure) [PSYoungGen: 76352K->96K(74752K)] 78651K->2395K(249856K), 0,0004895 secs] [Times: user=0,00 sys=0,00, real=0,00 secs] 
74,886: [GC (Allocation Failure) [PSYoungGen: 74336K->32K(73216K)] 76635K->2331K(248320K), 0,0005433 secs] [Times: user=0,00 sys=0,00, real=0,00 secs] 
74,933: [GC (Allocation Failure) [PSYoungGen: 72736K->96K(71680K)] 75035K->2395K(246784K), 0,0005121 secs] [Times: user=0,00 sys=0,00, real=0,00 secs] 
74,978: [GC (Allocation Failure) [PSYoungGen: 71264K->96K(70144K)] 73563K->2395K(245248K), 0,0004785 secs] [Times: user=0,00 sys=0,00, real=0,00 secs] 
75,023: [GC (Allocation Failure) [PSYoungGen: 69728K->96K(68608K)] 72027K->2395K(243712K), 0,0005226 secs] [Times: user=0,00 sys=0,00, real=0,00 secs] 
75,067: [GC (Allocation Failure) [PSYoungGen: 68192K->96K(67072K)] 70491K->2395K(242176K), 0,0004868 secs] [Times: user=0,00 sys=0,00, real=0,00 secs] 
75,110: [GC (Allocation Failure) [PSYoungGen: 66656K->64K(80384K)] 68955K->2363K(255488K), 0,0004928 secs] [Times: user=0,00 sys=0,00, real=0,00 secs] 
75,161: [GC (Allocation Failure) [PSYoungGen: 79936K->64K(78336K)] 82235K->2363K(253440K), 0,0004735 secs] [Times: user=0,00 sys=0,00, real=0,00 secs] 
75,211: [GC (Allocation Failure) [PSYoungGen: 77888K->64K(76288K)] 80187K->2363K(251392K), 0,0005091 secs] [Times: user=0,00 sys=0,00, real=0,00 secs] 
75,260: [GC (Allocation Failure) [PSYoungGen: 75840K->32K(74752K)] 78139K->2331K(249856K), 0,0004826 secs] [Times: user=0,00 sys=0,00, real=0,00 secs] 
75,307: [GC (Allocation Failure) [PSYoungGen: 74272K->0K(73216K)] 76571K->2299K(248320K), 0,0005018 secs] [Times: user=0,00 sys=0,00, real=0,00 secs] 
75,354: [GC (Allocation Failure) [PSYoungGen: 72704K->64K(71680K)] 75003K->2363K(246784K), 0,0004838 secs] [Times: user=0,00 sys=0,00, real=0,00 secs] 
75,400: [GC (Allocation Failure) [PSYoungGen: 71232K->64K(70144K)] 73531K->2363K(245248K), 0,0004988 secs] [Times: user=0,00 sys=0,00, real=0,00 secs] 
75,444: [GC (Allocation Failure) [PSYoungGen: 69696K->64K(68608K)] 71995K->2363K(243712K), 0,0004772 secs] [Times: user=0,00 sys=0,00, real=0,00 secs] 
75,488: [GC (Allocation Failure) [PSYoungGen: 68160K->64K(67072K)] 70459K->2363K(242176K), 0,0004995 secs] [Times: user=0,00 sys=0,00, real=0,00 secs] 
75,530: [GC (Allocation Failure) [PSYoungGen: 66624K->64K(65536K)] 68923K->2363K(240640K), 0,0004714 secs] [Times: user=0,00 sys=0,00, real=0,00 secs] 
75,572: [GC (Allocation Failure) [PSYoungGen: 65088K->64K(78848K)] 67387K->2363K(253952K), 0,0004706 secs] [Times: user=0,00 sys=0,00, real=0,00 secs] 
75,623: [GC (Allocation Failure) [PSYoungGen: 78400K->32K(76800K)] 80699K->2331K(251904K), 0,0004920 secs] [Times: user=0,00 sys=0,00, real=0,00 secs] 
75,672: [GC (Allocation Failure) [PSYoungGen: 76320K->64K(74752K)] 78619K->2363K(249856K), 0,0004747 secs] [Times: user=0,00 sys=0,00, real=0,00 secs] 
75,719: [GC (Allocation Failure) [PSYoungGen: 74304K->64K(89600K)] 76603K->2363K(264704K), 0,0006261 secs] [Times: user=0,01 sys=0,00, real=0,00 secs] 
75,776: [GC (Allocation Failure) [PSYoungGen: 89152K->32K(87040K)] 91451K->2331K(262144K), 0,0004880 secs] [Times: user=0,00 sys=0,00, real=0,00 secs] 
75,832: [GC (Allocation Failure) [PSYoungGen: 86560K->96K(84992K)] 88859K->2395K(260096K), 0,0004965 secs] [Times: user=0,00 sys=0,00, real=0,00 secs] 
75,886: [GC (Allocation Failure) [PSYoungGen: 84576K->64K(82944K)] 86875K->2363K(258048K), 0,0004812 secs] [Times: user=0,00 sys=0,00, real=0,00 secs] 
75,939: [GC (Allocation Failure) [PSYoungGen: 82496K->32K(80896K)] 84795K->2331K(256000K), 0,0005324 secs] [Times: user=0,00 sys=0,00, real=0,00 secs] 
75,990: [GC (Allocation Failure) [PSYoungGen: 80416K->96K(78848K)] 82715K->2395K(253952K), 0,0005036 secs] [Times: user=0,00 sys=0,00, real=0,00 secs] 
76,040: [GC (Allocation Failure) [PSYoungGen: 78432K->64K(76800K)] 80731K->2363K(251904K), 0,0004877 secs] [Times: user=0,00 sys=0,00, real=0,00 secs] 
76,089: [GC (Allocation Failure) [PSYoungGen: 76352K->64K(74752K)] 78651K->2363K(249856K), 0,0005033 secs] [Times: user=0,00 sys=0,00, real=0,00 secs] 
76,137: [GC (Allocation Failure) [PSYoungGen: 74304K->96K(73216K)] 76603K->2395K(248320K), 0,0004731 secs] [Times: user=0,00 sys=0,00, real=0,00 secs] 
76,183: [GC (Allocation Failure) [PSYoungGen: 72800K->64K(71680K)] 75099K->2363K(246784K), 0,0005029 secs] [Times: user=0,00 sys=0,00, real=0,00 secs] 
76,229: [GC (Allocation Failure) [PSYoungGen: 71232K->64K(70144K)] 73531K->2363K(245248K), 0,0004930 secs] [Times: user=0,00 sys=0,00, real=0,00 secs] 
76,274: [GC (Allocation Failure) [PSYoungGen: 69696K->96K(68608K)] 71995K->2395K(243712K), 0,0005311 secs] [Times: user=0,00 sys=0,00, real=0,00 secs] 
76,317: [GC (Allocation Failure) [PSYoungGen: 68192K->96K(67072K)] 70491K->2395K(242176K), 0,0004685 secs] [Times: user=0,00 sys=0,00, real=0,00 secs] 
76,360: [GC (Allocation Failure) [PSYoungGen: 66656K->64K(65536K)] 68955K->2363K(240640K), 0,0004716 secs] [Times: user=0,00 sys=0,00, real=0,00 secs] 
76,402: [GC (Allocation Failure) [PSYoungGen: 65088K->64K(78848K)] 67387K->2363K(253952K), 0,0005217 secs] [Times: user=0,00 sys=0,00, real=0,00 secs] 
76,452: [GC (Allocation Failure) [PSYoungGen: 78400K->64K(76800K)] 80699K->2363K(251904K), 0,0004808 secs] [Times: user=0,00 sys=0,00, real=0,00 secs] 
76,501: [GC (Allocation Failure) [PSYoungGen: 76352K->96K(74752K)] 78651K->2395K(249856K), 0,0004755 secs] [Times: user=0,00 sys=0,00, real=0,00 secs] 
76,548: [GC (Allocation Failure) [PSYoungGen: 74336K->64K(73216K)] 76635K->2363K(248320K), 0,0004849 secs] [Times: user=0,00 sys=0,00, real=0,00 secs] 
76,595: [GC (Allocation Failure) [PSYoungGen: 72768K->64K(71680K)] 75067K->2363K(246784K), 0,0005388 secs] [Times: user=0,00 sys=0,00, real=0,00 secs] 
76,640: [GC (Allocation Failure) [PSYoungGen: 71232K->64K(86016K)] 73531K->2363K(261120K), 0,0005345 secs] [Times: user=0,00 sys=0,00, real=0,00 secs] 
76,695: [GC (Allocation Failure) [PSYoungGen: 85568K->64K(83968K)] 87867K->2363K(259072K), 0,0004976 secs] [Times: user=0,00 sys=0,01, real=0,00 secs] 
76,748: [GC (Allocation Failure) [PSYoungGen: 83520K->64K(81920K)] 85819K->2363K(257024K), 0,0004903 secs] [Times: user=0,00 sys=0,00, real=0,00 secs] 
76,800: [GC (Allocation Failure) [PSYoungGen: 81472K->32K(79872K)] 83771K->2331K(254976K), 0,0004929 secs] [Times: user=0,01 sys=0,00, real=0,00 secs] 
76,851: [GC (Allocation Failure) [PSYoungGen: 79392K->64K(77824K)] 81691K->2363K(252928K), 0,0004824 secs] [Times: user=0,00 sys=0,00, real=0,00 secs] 
76,900: [GC (Allocation Failure) [PSYoungGen: 77376K->64K(75776K)] 79675K->2363K(250880K), 0,0005196 secs] [Times: user=0,00 sys=0,00, real=0,00 secs] 
76,948: [GC (Allocation Failure) [PSYoungGen: 75328K->64K(74240K)] 77627K->2363K(249344K), 0,0004767 secs] [Times: user=0,00 sys=0,00, real=0,00 secs] 
76,995: [GC (Allocation Failure) [PSYoungGen: 73792K->64K(72704K)] 76091K->2363K(247808K), 0,0004931 secs] [Times: user=0,00 sys=0,00, real=0,01 secs] 
77,041: [GC (Allocation Failure) [PSYoungGen: 72256K->96K(71168K)] 74555K->2395K(246272K), 0,0004762 secs] [Times: user=0,00 sys=0,00, real=0,00 secs] 
77,087: [GC (Allocation Failure) [PSYoungGen: 70752K->64K(69632K)] 73051K->2363K(244736K), 0,0004798 secs] [Times: user=0,00 sys=0,00, real=0,00 secs] 
77,131: [GC (Allocation Failure) [PSYoungGen: 69184K->64K(68096K)] 71483K->2363K(243200K), 0,0004980 secs] [Times: user=0,00 sys=0,00, real=0,00 secs] 
77,175: [GC (Allocation Failure) [PSYoungGen: 67648K->64K(66560K)] 69947K->2363K(241664K), 0,0004798 secs] [Times: user=0,00 sys=0,00, real=0,00 secs] 
77,218: [GC (Allocation Failure) [PSYoungGen: 66112K->64K(79872K)] 68411K->2363K(254976K), 0,0005742 secs] [Times: user=0,00 sys=0,00, real=0,00 secs] 
77,269: [GC (Allocation Failure) [PSYoungGen: 79424K->64K(95744K)] 81723K->2363K(270848K), 0,0005174 secs] [Times: user=0,00 sys=0,00, real=0,00 secs] 
77,330: [GC (Allocation Failure) [PSYoungGen: 95296K->64K(93184K)] 97595K->2363K(268288K), 0,0005002 secs] [Times: user=0,00 sys=0,00, real=0,00 secs] 
77,390: [GC (Allocation Failure) [PSYoungGen: 92736K->96K(90624K)] 95035K->2395K(265728K), 0,0004834 secs] [Times: user=0,00 sys=0,00, real=0,00 secs] 
77,448: [GC (Allocation Failure) [PSYoungGen: 90208K->64K(88064K)] 92507K->2363K(263168K), 0,0004898 secs] [Times: user=0,00 sys=0,00, real=0,00 secs] 
77,504: [GC (Allocation Failure) [PSYoungGen: 87616K->96K(86016K)] 89915K->2395K(261120K), 0,0004893 secs] [Times: user=0,00 sys=0,00, real=0,00 secs] 
77,559: [GC (Allocation Failure) [PSYoungGen: 85600K->64K(83968K)] 87899K->2363K(259072K), 0,0005996 secs] [Times: user=0,00 sys=0,00, real=0,00 secs] 
77,613: [GC (Allocation Failure) [PSYoungGen: 83520K->32K(81920K)] 85819K->2331K(257024K), 0,0004987 secs] [Times: user=0,00 sys=0,00, real=0,00 secs] 
77,666: [GC (Allocation Failure) [PSYoungGen: 81440K->64K(79872K)] 83739K->2363K(254976K), 0,0004832 secs] [Times: user=0,00 sys=0,00, real=0,00 secs] 
77,717: [GC (Allocation Failure) [PSYoungGen: 79424K->64K(77824K)] 81723K->2363K(252928K), 0,0004977 secs] [Times: user=0,00 sys=0,00, real=0,00 secs] 
77,767: [GC (Allocation Failure) [PSYoungGen: 77376K->64K(75776K)] 79675K->2363K(250880K), 0,0004884 secs] [Times: user=0,00 sys=0,00, real=0,00 secs] 
77,815: [GC (Allocation Failure) [PSYoungGen: 75328K->32K(74240K)] 77627K->2331K(249344K), 0,0004890 secs] [Times: user=0,00 sys=0,00, real=0,01 secs] 
77,863: [GC (Allocation Failure) [PSYoungGen: 73760K->96K(72704K)] 76059K->2395K(247808K), 0,0004759 secs] [Times: user=0,00 sys=0,00, real=0,00 secs] 
77,909: [GC (Allocation Failure) [PSYoungGen: 72288K->96K(71168K)] 74587K->2395K(246272K), 0,0004899 secs] [Times: user=0,00 sys=0,00, real=0,00 secs] 
77,954: [GC (Allocation Failure) [PSYoungGen: 70752K->96K(69632K)] 73051K->2395K(244736K), 0,0005004 secs] [Times: user=0,00 sys=0,00, real=0,00 secs] 
77,999: [GC (Allocation Failure) [PSYoungGen: 69216K->64K(68096K)] 71515K->2363K(243200K), 0,0004873 secs] [Times: user=0,00 sys=0,00, real=0,00 secs] 
78,042: [GC (Allocation Failure) [PSYoungGen: 67648K->64K(66560K)] 69947K->2363K(241664K), 0,0004976 secs] [Times: user=0,01 sys=0,00, real=0,00 secs] 
78,084: [GC (Allocation Failure) [PSYoungGen: 66112K->96K(79872K)] 68411K->2395K(254976K), 0,0004918 secs] [Times: user=0,00 sys=0,00, real=0,00 secs] 
78,135: [GC (Allocation Failure) [PSYoungGen: 79456K->96K(77824K)] 81755K->2395K(252928K), 0,0004883 secs] [Times: user=0,00 sys=0,00, real=0,01 secs] 
78,185: [GC (Allocation Failure) [PSYoungGen: 77408K->64K(75776K)] 79707K->2363K(250880K), 0,0005365 secs] [Times: user=0,00 sys=0,00, real=0,00 secs] 
78,233: [GC (Allocation Failure) [PSYoungGen: 75328K->64K(74240K)] 77627K->2363K(249344K), 0,0004967 secs] [Times: user=0,00 sys=0,00, real=0,00 secs] 
78,280: [GC (Allocation Failure) [PSYoungGen: 73792K->32K(72704K)] 76091K->2331K(247808K), 0,0004883 secs] [Times: user=0,01 sys=0,00, real=0,00 secs] 
78,327: [GC (Allocation Failure) [PSYoungGen: 72224K->64K(71168K)] 74523K->2363K(246272K), 0,0004720 secs] [Times: user=0,00 sys=0,00, real=0,00 secs] 
78,374: [GC (Allocation Failure) [PSYoungGen: 70720K->64K(85504K)] 73019K->2363K(260608K), 0,0006139 secs] [Times: user=0,00 sys=0,00, real=0,00 secs] 
78,428: [GC (Allocation Failure) [PSYoungGen: 85056K->64K(83456K)] 87355K->2363K(258560K), 0,0004929 secs] [Times: user=0,01 sys=0,00, real=0,00 secs] 
78,482: [GC (Allocation Failure) [PSYoungGen: 83008K->32K(81408K)] 85307K->2331K(256512K), 0,0004940 secs] [Times: user=0,00 sys=0,00, real=0,00 secs] 
78,534: [GC (Allocation Failure) [PSYoungGen: 80928K->64K(79360K)] 83227K->2363K(254464K), 0,0004985 secs] [Times: user=0,00 sys=0,00, real=0,00 secs] 
78,584: [GC (Allocation Failure) [PSYoungGen: 78912K->64K(77312K)] 81211K->2363K(252416K), 0,0004787 secs] [Times: user=0,00 sys=0,00, real=0,00 secs] 
78,634: [GC (Allocation Failure) [PSYoungGen: 76864K->96K(75264K)] 79163K->2395K(250368K), 0,0004927 secs] [Times: user=0,00 sys=0,00, real=0,00 secs] 
78,682: [GC (Allocation Failure) [PSYoungGen: 74848K->64K(73728K)] 77147K->2363K(248832K), 0,0005418 secs] [Times: user=0,00 sys=0,00, real=0,00 secs] 
78,729: [GC (Allocation Failure) [PSYoungGen: 73280K->64K(72192K)] 75579K->2363K(247296K), 0,0004813 secs] [Times: user=0,00 sys=0,00, real=0,00 secs] 
78,775: [GC (Allocation Failure) [PSYoungGen: 71744K->64K(70656K)] 74043K->2363K(245760K), 0,0004594 secs] [Times: user=0,00 sys=0,00, real=0,00 secs] 
78,820: [GC (Allocation Failure) [PSYoungGen: 70208K->64K(69120K)] 72507K->2363K(244224K), 0,0004779 secs] [Times: user=0,00 sys=0,00, real=0,00 secs] 
78,864: [GC (Allocation Failure) [PSYoungGen: 68672K->128K(67584K)] 70971K->2427K(242688K), 0,0004751 secs] [Times: user=0,00 sys=0,00, real=0,00 secs] 
78,907: [GC (Allocation Failure) [PSYoungGen: 67200K->64K(66048K)] 69499K->2363K(241152K), 0,0004843 secs] [Times: user=0,00 sys=0,00, real=0,00 secs] 
78,949: [GC (Allocation Failure) [PSYoungGen: 65600K->96K(64512K)] 67899K->2395K(239616K), 0,0004850 secs] [Times: user=0,00 sys=0,00, real=0,00 secs] 
78,991: [GC (Allocation Failure) [PSYoungGen: 64096K->64K(77312K)] 66395K->2363K(252416K), 0,0004732 secs] [Times: user=0,00 sys=0,00, real=0,00 secs] 
79,040: [GC (Allocation Failure) [PSYoungGen: 76864K->64K(92672K)] 79163K->2363K(267776K), 0,0008341 secs] [Times: user=0,00 sys=0,00, real=0,00 secs] 
79,100: [GC (Allocation Failure) [PSYoungGen: 92224K->64K(111104K)] 94523K->2363K(286208K), 0,0005031 secs] [Times: user=0,00 sys=0,00, real=0,00 secs] 
79,170: [GC (Allocation Failure) [PSYoungGen: 110656K->64K(108032K)] 112955K->2363K(283136K), 0,0004861 secs] [Times: user=0,00 sys=0,00, real=0,00 secs] 
79,239: [GC (Allocation Failure) [PSYoungGen: 107583K->64K(104960K)] 109883K->2363K(280064K), 0,0005428 secs] [Times: user=0,00 sys=0,01, real=0,00 secs] 
79,306: [GC (Allocation Failure) [PSYoungGen: 104512K->96K(101888K)] 106811K->2395K(276992K), 0,0004880 secs] [Times: user=0,00 sys=0,00, real=0,01 secs] 
79,371: [GC (Allocation Failure) [PSYoungGen: 101472K->96K(98816K)] 103771K->2395K(273920K), 0,0004909 secs] [Times: user=0,01 sys=0,00, real=0,00 secs] 
79,434: [GC (Allocation Failure) [PSYoungGen: 98400K->64K(96256K)] 100699K->2363K(271360K), 0,0004857 secs] [Times: user=0,00 sys=0,00, real=0,00 secs] 
79,495: [GC (Allocation Failure) [PSYoungGen: 95808K->64K(93696K)] 98107K->2363K(268800K), 0,0004986 secs] [Times: user=0,00 sys=0,00, real=0,01 secs] 
79,557: [GC (Allocation Failure) [PSYoungGen: 93248K->96K(91136K)] 95547K->2395K(266240K), 0,0005023 secs] [Times: user=0,00 sys=0,00, real=0,00 secs] 
79,615: [GC (Allocation Failure) [PSYoungGen: 90720K->96K(88576K)] 93019K->2395K(263680K), 0,0004932 secs] [Times: user=0,00 sys=0,00, real=0,01 secs] 
79,672: [GC (Allocation Failure) [PSYoungGen: 88160K->96K(86528K)] 90459K->2395K(261632K), 0,0005258 secs] [Times: user=0,00 sys=0,00, real=0,00 secs] 
79,727: [GC (Allocation Failure) [PSYoungGen: 86112K->64K(84480K)] 88411K->2363K(259584K), 0,0006869 secs] [Times: user=0,00 sys=0,00, real=0,00 secs] 
79,781: [GC (Allocation Failure) [PSYoungGen: 84032K->64K(82432K)] 86331K->2363K(257536K), 0,0005980 secs] [Times: user=0,00 sys=0,00, real=0,00 secs] 
79,833: [GC (Allocation Failure) [PSYoungGen: 81984K->96K(80384K)] 84283K->2395K(255488K), 0,0004702 secs] [Times: user=0,00 sys=0,00, real=0,00 secs] 
79,884: [GC (Allocation Failure) [PSYoungGen: 79968K->64K(78336K)] 82267K->2363K(253440K), 0,0004797 secs] [Times: user=0,00 sys=0,00, real=0,00 secs] 
79,934: [GC (Allocation Failure) [PSYoungGen: 77888K->64K(76288K)] 80187K->2363K(251392K), 0,0004969 secs] [Times: user=0,00 sys=0,00, real=0,00 secs] 
79,983: [GC (Allocation Failure) [PSYoungGen: 75840K->96K(74752K)] 78139K->2395K(249856K), 0,0004790 secs] [Times: user=0,00 sys=0,00, real=0,00 secs] 
80,030: [GC (Allocation Failure) [PSYoungGen: 74336K->64K(73216K)] 76635K->2363K(248320K), 0,0004934 secs] [Times: user=0,00 sys=0,00, real=0,00 secs] 
80,077: [GC (Allocation Failure) [PSYoungGen: 72768K->64K(71680K)] 75067K->2363K(246784K), 0,0004839 secs] [Times: user=0,00 sys=0,00, real=0,00 secs] 
80,123: [GC (Allocation Failure) [PSYoungGen: 71232K->64K(70144K)] 73531K->2363K(245248K), 0,0004980 secs] [Times: user=0,00 sys=0,00, real=0,00 secs] 
80,167: [GC (Allocation Failure) [PSYoungGen: 69696K->64K(68608K)] 71995K->2363K(243712K), 0,0005641 secs] [Times: user=0,00 sys=0,00, real=0,00 secs] 
80,211: [GC (Allocation Failure) [PSYoungGen: 68160K->32K(67072K)] 70459K->2331K(242176K), 0,0004795 secs] [Times: user=0,00 sys=0,00, real=0,00 secs] 
80,253: [GC (Allocation Failure) [PSYoungGen: 66592K->64K(80384K)] 68891K->2363K(255488K), 0,0004852 secs] [Times: user=0,00 sys=0,00, real=0,00 secs] 
80,305: [GC (Allocation Failure) [PSYoungGen: 79936K->96K(78336K)] 82235K->2395K(253440K), 0,0005135 secs] [Times: user=0,00 sys=0,00, real=0,01 secs] 
80,355: [GC (Allocation Failure) [PSYoungGen: 77920K->96K(76288K)] 80219K->2419K(251392K), 0,0004889 secs] [Times: user=0,00 sys=0,00, real=0,00 secs] 
80,404: [GC (Allocation Failure) [PSYoungGen: 75872K->96K(74752K)] 78195K->2419K(249856K), 0,0005664 secs] [Times: user=0,00 sys=0,00, real=0,00 secs] 
80,451: [GC (Allocation Failure) [PSYoungGen: 74336K->0K(73216K)] 76659K->2323K(248320K), 0,0004864 secs] [Times: user=0,00 sys=0,00, real=0,00 secs] 
80,498: [GC (Allocation Failure) [PSYoungGen: 72704K->64K(71680K)] 75027K->2387K(246784K), 0,0004955 secs] [Times: user=0,00 sys=0,00, real=0,00 secs] 
80,544: [GC (Allocation Failure) [PSYoungGen: 71232K->64K(70144K)] 73555K->2387K(245248K), 0,0004736 secs] [Times: user=0,00 sys=0,00, real=0,00 secs] 
80,589: [GC (Allocation Failure) [PSYoungGen: 69696K->0K(68608K)] 72019K->2323K(243712K), 0,0004857 secs] [Times: user=0,00 sys=0,00, real=0,00 secs] 
80,633: [GC (Allocation Failure) [PSYoungGen: 68096K->64K(67072K)] 70419K->2387K(242176K), 0,0004950 secs] [Times: user=0,00 sys=0,00, real=0,00 secs] 
80,676: [GC (Allocation Failure) [PSYoungGen: 66624K->64K(65536K)] 68947K->2387K(240640K), 0,0004777 secs] [Times: user=0,00 sys=0,00, real=0,00 secs] 
80,718: [GC (Allocation Failure) [PSYoungGen: 65088K->64K(78848K)] 67411K->2387K(253952K), 0,0004951 secs] [Times: user=0,01 sys=0,00, real=0,00 secs] 
80,768: [GC (Allocation Failure) [PSYoungGen: 78400K->64K(76800K)] 80723K->2387K(251904K), 0,0004918 secs] [Times: user=0,01 sys=0,00, real=0,00 secs] 
80,817: [GC (Allocation Failure) [PSYoungGen: 76352K->64K(74752K)] 78675K->2387K(249856K), 0,0004829 secs] [Times: user=0,01 sys=0,00, real=0,00 secs] 
80,865: [GC (Allocation Failure) [PSYoungGen: 74304K->32K(73216K)] 76627K->2355K(248320K), 0,0004873 secs] [Times: user=0,00 sys=0,00, real=0,01 secs] 
80,912: [GC (Allocation Failure) [PSYoungGen: 72736K->64K(71680K)] 75059K->2387K(246784K), 0,0004740 secs] [Times: user=0,00 sys=0,00, real=0,00 secs] 
80,957: [GC (Allocation Failure) [PSYoungGen: 71232K->96K(70144K)] 73555K->2419K(245248K), 0,0004823 secs] [Times: user=0,00 sys=0,00, real=0,00 secs] 
81,002: [GC (Allocation Failure) [PSYoungGen: 69728K->64K(68608K)] 72051K->2387K(243712K), 0,0004963 secs] [Times: user=0,00 sys=0,00, real=0,00 secs] 
81,046: [GC (Allocation Failure) [PSYoungGen: 68160K->64K(67072K)] 70483K->2387K(242176K), 0,0004698 secs] [Times: user=0,00 sys=0,00, real=0,00 secs] 
81,088: [GC (Allocation Failure) [PSYoungGen: 66624K->96K(65536K)] 68947K->2419K(240640K), 0,0004670 secs] [Times: user=0,00 sys=0,00, real=0,00 secs] 
81,130: [GC (Allocation Failure) [PSYoungGen: 65120K->64K(78848K)] 67443K->2387K(253952K), 0,0005781 secs] [Times: user=0,00 sys=0,00, real=0,00 secs] 
81,181: [GC (Allocation Failure) [PSYoungGen: 78400K->32K(94720K)] 80723K->2355K(269824K), 0,0004930 secs] [Times: user=0,00 sys=0,00, real=0,00 secs] 
81,242: [GC (Allocation Failure) [PSYoungGen: 94240K->96K(92160K)] 96563K->2419K(267264K), 0,0004948 secs] [Times: user=0,00 sys=0,00, real=0,00 secs] 
81,300: [GC (Allocation Failure) [PSYoungGen: 91744K->32K(89600K)] 94067K->2355K(264704K), 0,0004875 secs] [Times: user=0,00 sys=0,00, real=0,00 secs] 
81,358: [GC (Allocation Failure) [PSYoungGen: 89120K->64K(87040K)] 91443K->2387K(262144K), 0,0004882 secs] [Times: user=0,00 sys=0,00, real=0,00 secs] 
81,413: [GC (Allocation Failure) [PSYoungGen: 86592K->64K(84992K)] 88915K->2387K(260096K), 0,0004799 secs] [Times: user=0,00 sys=0,00, real=0,00 secs] 
81,467: [GC (Allocation Failure) [PSYoungGen: 84544K->32K(82944K)] 86867K->2355K(258048K), 0,0004890 secs] [Times: user=0,00 sys=0,00, real=0,00 secs] 
81,520: [GC (Allocation Failure) [PSYoungGen: 82464K->64K(80896K)] 84787K->2387K(256000K), 0,0004998 secs] [Times: user=0,00 sys=0,00, real=0,00 secs] 
81,571: [GC (Allocation Failure) [PSYoungGen: 80448K->96K(78848K)] 82771K->2419K(253952K), 0,0004833 secs] [Times: user=0,01 sys=0,00, real=0,00 secs] 
81,622: [GC (Allocation Failure) [PSYoungGen: 78432K->96K(76800K)] 80755K->2419K(251904K), 0,0005826 secs] [Times: user=0,00 sys=0,00, real=0,00 secs] 
81,671: [GC (Allocation Failure) [PSYoungGen: 76384K->64K(74752K)] 78707K->2387K(249856K), 0,0004824 secs] [Times: user=0,01 sys=0,00, real=0,00 secs] 
81,718: [GC (Allocation Failure) [PSYoungGen: 74304K->64K(73216K)] 76627K->2387K(248320K), 0,0005024 secs] [Times: user=0,00 sys=0,00, real=0,00 secs] 
81,765: [GC (Allocation Failure) [PSYoungGen: 72768K->64K(71680K)] 75091K->2387K(246784K), 0,0004729 secs] [Times: user=0,00 sys=0,00, real=0,00 secs] 
81,810: [GC (Allocation Failure) [PSYoungGen: 71232K->64K(70144K)] 73555K->2387K(245248K), 0,0004910 secs] [Times: user=0,00 sys=0,00, real=0,00 secs] 
81,855: [GC (Allocation Failure) [PSYoungGen: 69696K->96K(68608K)] 72019K->2419K(243712K), 0,0004815 secs] [Times: user=0,00 sys=0,00, real=0,01 secs] 
81,899: [GC (Allocation Failure) [PSYoungGen: 68192K->64K(67072K)] 70515K->2387K(242176K), 0,0004735 secs] [Times: user=0,00 sys=0,00, real=0,00 secs] 
81,941: [GC (Allocation Failure) [PSYoungGen: 66624K->64K(65536K)] 68947K->2387K(240640K), 0,0005026 secs] [Times: user=0,00 sys=0,00, real=0,00 secs] 
81,983: [GC (Allocation Failure) [PSYoungGen: 65088K->96K(78848K)] 67411K->2419K(253952K), 0,0004617 secs] [Times: user=0,00 sys=0,00, real=0,00 secs] 
82,033: [GC (Allocation Failure) [PSYoungGen: 78432K->64K(76800K)] 80755K->2387K(251904K), 0,0004763 secs] [Times: user=0,00 sys=0,00, real=0,00 secs] 
82,082: [GC (Allocation Failure) [PSYoungGen: 76352K->64K(74752K)] 78675K->2387K(249856K), 0,0004894 secs] [Times: user=0,00 sys=0,00, real=0,00 secs] 
82,130: [GC (Allocation Failure) [PSYoungGen: 74304K->64K(73216K)] 76627K->2387K(248320K), 0,0005034 secs] [Times: user=0,00 sys=0,00, real=0,00 secs] 
82,176: [GC (Allocation Failure) [PSYoungGen: 72768K->32K(71680K)] 75091K->2355K(246784K), 0,0004797 secs] [Times: user=0,00 sys=0,00, real=0,00 secs] 
82,222: [GC (Allocation Failure) [PSYoungGen: 71200K->96K(70144K)] 73523K->2419K(245248K), 0,0004790 secs] [Times: user=0,00 sys=0,00, real=0,00 secs] 
82,267: [GC (Allocation Failure) [PSYoungGen: 69728K->96K(68608K)] 72051K->2419K(243712K), 0,0004890 secs] [Times: user=0,00 sys=0,00, real=0,00 secs] 
82,311: [GC (Allocation Failure) [PSYoungGen: 68192K->64K(67072K)] 70515K->2387K(242176K), 0,0004783 secs] [Times: user=0,00 sys=0,00, real=0,00 secs] 
82,353: [GC (Allocation Failure) [PSYoungGen: 66624K->64K(80384K)] 68947K->2387K(255488K), 0,0005254 secs] [Times: user=0,01 sys=0,00, real=0,00 secs] 
82,404: [GC (Allocation Failure) [PSYoungGen: 79936K->64K(78336K)] 82259K->2387K(253440K), 0,0004892 secs] [Times: user=0,00 sys=0,00, real=0,00 secs] 
82,454: [GC (Allocation Failure) [PSYoungGen: 77888K->32K(76288K)] 80211K->2355K(251392K), 0,0004735 secs] [Times: user=0,00 sys=0,00, real=0,00 secs] 
82,503: [GC (Allocation Failure) [PSYoungGen: 75808K->64K(74752K)] 78131K->2387K(249856K), 0,0004798 secs] [Times: user=0,00 sys=0,00, real=0,00 secs] 
82,551: [GC (Allocation Failure) [PSYoungGen: 74304K->64K(73216K)] 76627K->2387K(248320K), 0,0004833 secs] [Times: user=0,00 sys=0,00, real=0,00 secs] 
82,597: [GC (Allocation Failure) [PSYoungGen: 72768K->64K(71680K)] 75091K->2387K(246784K), 0,0004864 secs] [Times: user=0,00 sys=0,00, real=0,00 secs] 
82,643: [GC (Allocation Failure) [PSYoungGen: 71232K->64K(70144K)] 73555K->2387K(245248K), 0,0005183 secs] [Times: user=0,00 sys=0,00, real=0,00 secs] 
82,688: [GC (Allocation Failure) [PSYoungGen: 69696K->96K(68608K)] 72019K->2419K(243712K), 0,0004905 secs] [Times: user=0,00 sys=0,00, real=0,00 secs] 
82,732: [GC (Allocation Failure) [PSYoungGen: 68192K->64K(67072K)] 70515K->2387K(242176K), 0,0004846 secs] [Times: user=0,00 sys=0,00, real=0,00 secs] 
82,774: [GC (Allocation Failure) [PSYoungGen: 66624K->32K(80384K)] 68947K->2355K(255488K), 0,0005402 secs] [Times: user=0,00 sys=0,00, real=0,00 secs] 
82,826: [GC (Allocation Failure) [PSYoungGen: 79904K->64K(96768K)] 82227K->2387K(271872K), 0,0007190 secs] [Times: user=0,00 sys=0,00, real=0,00 secs] 
82,887: [GC (Allocation Failure) [PSYoungGen: 96320K->96K(116224K)] 98643K->2419K(291328K), 0,0004950 secs] [Times: user=0,00 sys=0,00, real=0,00 secs] 
82,961: [GC (Allocation Failure) [PSYoungGen: 115808K->96K(112640K)] 118131K->2419K(287744K), 0,0004992 secs] [Times: user=0,00 sys=0,00, real=0,00 secs] 
83,033: [GC (Allocation Failure) [PSYoungGen: 112224K->64K(109568K)] 114547K->2387K(284672K), 0,0004941 secs] [Times: user=0,00 sys=0,00, real=0,00 secs] 
83,102: [GC (Allocation Failure) [PSYoungGen: 109120K->64K(106496K)] 111443K->2387K(281600K), 0,0004880 secs] [Times: user=0,00 sys=0,00, real=0,00 secs] 
83,170: [GC (Allocation Failure) [PSYoungGen: 106048K->64K(103424K)] 108371K->2387K(278528K), 0,0004961 secs] [Times: user=0,00 sys=0,00, real=0,00 secs] 
83,236: [GC (Allocation Failure) [PSYoungGen: 102976K->64K(100352K)] 105299K->2387K(275456K), 0,0005314 secs] [Times: user=0,00 sys=0,00, real=0,00 secs] 
83,300: [GC (Allocation Failure) [PSYoungGen: 99903K->96K(97792K)] 102227K->2419K(272896K), 0,0005394 secs] [Times: user=0,00 sys=0,00, real=0,00 secs] 
83,362: [GC (Allocation Failure) [PSYoungGen: 97376K->64K(95232K)] 99699K->2387K(270336K), 0,0004875 secs] [Times: user=0,00 sys=0,00, real=0,00 secs] 
83,423: [GC (Allocation Failure) [PSYoungGen: 94784K->96K(92672K)] 97107K->2419K(267776K), 0,0004826 secs] [Times: user=0,00 sys=0,00, real=0,00 secs] 
83,481: [GC (Allocation Failure) [PSYoungGen: 92256K->64K(90112K)] 94579K->2387K(265216K), 0,0005020 secs] [Times: user=0,00 sys=0,00, real=0,00 secs] 
83,539: [GC (Allocation Failure) [PSYoungGen: 89664K->96K(87552K)] 91987K->2419K(262656K), 0,0006907 secs] [Times: user=0,00 sys=0,00, real=0,00 secs] 
83,594: [GC (Allocation Failure) [PSYoungGen: 87136K->64K(85504K)] 89459K->2387K(260608K), 0,0004745 secs] [Times: user=0,00 sys=0,00, real=0,00 secs] 
83,649: [GC (Allocation Failure) [PSYoungGen: 85056K->64K(83456K)] 87379K->2387K(258560K), 0,0005093 secs] [Times: user=0,00 sys=0,00, real=0,00 secs] 
83,702: [GC (Allocation Failure) [PSYoungGen: 83008K->64K(81408K)] 85331K->2387K(256512K), 0,0004922 secs] [Times: user=0,00 sys=0,00, real=0,00 secs] 
83,754: [GC (Allocation Failure) [PSYoungGen: 80960K->64K(79360K)] 83283K->2387K(254464K), 0,0006262 secs] [Times: user=0,00 sys=0,00, real=0,00 secs] 
83,804: [GC (Allocation Failure) [PSYoungGen: 78912K->96K(77312K)] 81235K->2419K(252416K), 0,0004847 secs] [Times: user=0,00 sys=0,00, real=0,00 secs] 
83,853: [GC (Allocation Failure) [PSYoungGen: 76896K->96K(75264K)] 79219K->2419K(250368K), 0,0005044 secs] [Times: user=0,00 sys=0,00, real=0,00 secs] 
83,901: [GC (Allocation Failure) [PSYoungGen: 74848K->32K(73728K)] 77171K->2355K(248832K), 0,0005079 secs] [Times: user=0,01 sys=0,00, real=0,00 secs] 
83,948: [GC (Allocation Failure) [PSYoungGen: 73248K->32K(72192K)] 75571K->2355K(247296K), 0,0004891 secs] [Times: user=0,00 sys=0,00, real=0,00 secs] 
83,994: [GC (Allocation Failure) [PSYoungGen: 71712K->64K(70656K)] 74035K->2387K(245760K), 0,0004723 secs] [Times: user=0,00 sys=0,00, real=0,00 secs] 
84,039: [GC (Allocation Failure) [PSYoungGen: 70208K->96K(69120K)] 72531K->2419K(244224K), 0,0004976 secs] [Times: user=0,00 sys=0,00, real=0,00 secs] 
84,083: [GC (Allocation Failure) [PSYoungGen: 68704K->96K(67584K)] 71027K->2419K(242688K), 0,0004796 secs] [Times: user=0,00 sys=0,00, real=0,00 secs] 
84,126: [GC (Allocation Failure) [PSYoungGen: 67168K->64K(81408K)] 69491K->2387K(256512K), 0,0010492 secs] [Times: user=0,00 sys=0,00, real=0,00 secs] 
84,179: [GC (Allocation Failure) [PSYoungGen: 80960K->64K(97792K)] 83283K->2387K(272896K), 0,0004779 secs] [Times: user=0,00 sys=0,00, real=0,00 secs] 
84,241: [GC (Allocation Failure) [PSYoungGen: 97344K->64K(117248K)] 99667K->2387K(292352K), 0,0005005 secs] [Times: user=0,00 sys=0,00, real=0,00 secs] 
84,315: [GC (Allocation Failure) [PSYoungGen: 116800K->96K(113664K)] 119123K->2419K(288768K), 0,0005003 secs] [Times: user=0,00 sys=0,00, real=0,00 secs] 
84,388: [GC (Allocation Failure) [PSYoungGen: 113248K->64K(110592K)] 115571K->2387K(285696K), 0,0005489 secs] [Times: user=0,00 sys=0,00, real=0,00 secs] 
84,458: [GC (Allocation Failure) [PSYoungGen: 110144K->64K(107520K)] 112467K->2387K(282624K), 0,0005592 secs] [Times: user=0,00 sys=0,00, real=0,00 secs] 
84,526: [GC (Allocation Failure) [PSYoungGen: 107072K->32K(104448K)] 109395K->2355K(279552K), 0,0005536 secs] [Times: user=0,00 sys=0,00, real=0,00 secs] 
84,593: [GC (Allocation Failure) [PSYoungGen: 103968K->64K(101376K)] 106291K->2387K(276480K), 0,0005038 secs] [Times: user=0,00 sys=0,00, real=0,00 secs] 
84,657: [GC (Allocation Failure) [PSYoungGen: 100928K->64K(98816K)] 103251K->2387K(273920K), 0,0005072 secs] [Times: user=0,00 sys=0,00, real=0,00 secs] 
84,721: [GC (Allocation Failure) [PSYoungGen: 98368K->64K(96256K)] 100691K->2387K(271360K), 0,0005032 secs] [Times: user=0,00 sys=0,00, real=0,00 secs] 
84,782: [GC (Allocation Failure) [PSYoungGen: 95808K->64K(93696K)] 98131K->2387K(268800K), 0,0004945 secs] [Times: user=0,00 sys=0,00, real=0,00 secs] 
84,841: [GC (Allocation Failure) [PSYoungGen: 93248K->64K(91136K)] 95571K->2387K(266240K), 0,0004929 secs] [Times: user=0,00 sys=0,00, real=0,00 secs] 
84,899: [GC (Allocation Failure) [PSYoungGen: 90688K->64K(88576K)] 93011K->2387K(263680K), 0,0004815 secs] [Times: user=0,00 sys=0,00, real=0,00 secs] 
84,955: [GC (Allocation Failure) [PSYoungGen: 88128K->32K(86528K)] 90451K->2355K(261632K), 0,0004790 secs] [Times: user=0,00 sys=0,00, real=0,01 secs] 
85,010: [GC (Allocation Failure) [PSYoungGen: 86048K->64K(84480K)] 88371K->2387K(259584K), 0,0004758 secs] [Times: user=0,00 sys=0,00, real=0,00 secs] 
85,064: [GC (Allocation Failure) [PSYoungGen: 84032K->64K(82432K)] 86355K->2387K(257536K), 0,0005348 secs] [Times: user=0,00 sys=0,00, real=0,00 secs] 
85,116: [GC (Allocation Failure) [PSYoungGen: 81984K->64K(98816K)] 84307K->2387K(273920K), 0,0010359 secs] [Times: user=0,00 sys=0,00, real=0,00 secs] 
85,180: [GC (Allocation Failure) [PSYoungGen: 98368K->128K(96256K)] 100691K->2451K(271360K), 0,0005425 secs] [Times: user=0,01 sys=0,01, real=0,00 secs] 
85,242: [GC (Allocation Failure) [PSYoungGen: 95872K->32K(93696K)] 98195K->2355K(268800K), 0,0005102 secs] [Times: user=0,00 sys=0,00, real=0,00 secs] 
85,301: [GC (Allocation Failure) [PSYoungGen: 93216K->64K(91136K)] 95539K->2387K(266240K), 0,0005063 secs] [Times: user=0,00 sys=0,00, real=0,00 secs] 
85,359: [GC (Allocation Failure) [PSYoungGen: 90688K->64K(88576K)] 93011K->2387K(263680K), 0,0004879 secs] [Times: user=0,01 sys=0,00, real=0,00 secs] 
85,415: [GC (Allocation Failure) [PSYoungGen: 88128K->64K(86528K)] 90451K->2387K(261632K), 0,0005300 secs] [Times: user=0,00 sys=0,00, real=0,01 secs] 
85,470: [GC (Allocation Failure) [PSYoungGen: 86080K->64K(84480K)] 88403K->2387K(259584K), 0,0004837 secs] [Times: user=0,00 sys=0,00, real=0,00 secs] 
85,524: [GC (Allocation Failure) [PSYoungGen: 84032K->64K(82432K)] 86355K->2387K(257536K), 0,0005241 secs] [Times: user=0,00 sys=0,00, real=0,00 secs] 
85,577: [GC (Allocation Failure) [PSYoungGen: 81984K->64K(80384K)] 84307K->2387K(255488K), 0,0005278 secs] [Times: user=0,01 sys=0,00, real=0,00 secs] 
85,628: [GC (Allocation Failure) [PSYoungGen: 79936K->64K(78336K)] 82259K->2387K(253440K), 0,0004843 secs] [Times: user=0,00 sys=0,00, real=0,00 secs] 
85,678: [GC (Allocation Failure) [PSYoungGen: 77888K->64K(76288K)] 80211K->2387K(251392K), 0,0004826 secs] [Times: user=0,00 sys=0,00, real=0,00 secs] 
85,727: [GC (Allocation Failure) [PSYoungGen: 75840K->64K(74752K)] 78163K->2387K(249856K), 0,0005030 secs] [Times: user=0,00 sys=0,00, real=0,00 secs] 
85,774: [GC (Allocation Failure) [PSYoungGen: 74304K->64K(73216K)] 76627K->2387K(248320K), 0,0004842 secs] [Times: user=0,00 sys=0,00, real=0,00 secs] 
85,820: [GC (Allocation Failure) [PSYoungGen: 72768K->64K(71680K)] 75091K->2387K(246784K), 0,0004760 secs] [Times: user=0,00 sys=0,00, real=0,00 secs] 
85,866: [GC (Allocation Failure) [PSYoungGen: 71232K->64K(70144K)] 73555K->2387K(245248K), 0,0005072 secs] [Times: user=0,00 sys=0,00, real=0,00 secs] 
85,911: [GC (Allocation Failure) [PSYoungGen: 69696K->32K(68608K)] 72019K->2355K(243712K), 0,0004849 secs] [Times: user=0,00 sys=0,00, real=0,00 secs] 
85,955: [GC (Allocation Failure) [PSYoungGen: 68128K->32K(67072K)] 70451K->2355K(242176K), 0,0004750 secs] [Times: user=0,00 sys=0,00, real=0,01 secs] 
85,998: [GC (Allocation Failure) [PSYoungGen: 66592K->96K(65536K)] 68915K->2419K(240640K), 0,0005008 secs] [Times: user=0,00 sys=0,00, real=0,00 secs] 
86,039: [GC (Allocation Failure) [PSYoungGen: 65120K->96K(78848K)] 67443K->2419K(253952K), 0,0004791 secs] [Times: user=0,00 sys=0,00, real=0,00 secs] 
86,089: [GC (Allocation Failure) [PSYoungGen: 78432K->64K(76800K)] 80755K->2387K(251904K), 0,0004864 secs] [Times: user=0,00 sys=0,00, real=0,00 secs] 
86,138: [GC (Allocation Failure) [PSYoungGen: 76352K->96K(74752K)] 78675K->2419K(249856K), 0,0004946 secs] [Times: user=0,00 sys=0,00, real=0,00 secs] 
86,186: [GC (Allocation Failure) [PSYoungGen: 74336K->64K(73216K)] 76659K->2387K(248320K), 0,0004790 secs] [Times: user=0,00 sys=0,00, real=0,00 secs] 
86,232: [GC (Allocation Failure) [PSYoungGen: 72768K->64K(71680K)] 75091K->2387K(246784K), 0,0004991 secs] [Times: user=0,00 sys=0,00, real=0,00 secs] 
86,278: [GC (Allocation Failure) [PSYoungGen: 71232K->64K(70144K)] 73555K->2387K(245248K), 0,0004836 secs] [Times: user=0,00 sys=0,00, real=0,00 secs] 
86,323: [GC (Allocation Failure) [PSYoungGen: 69696K->96K(68608K)] 72019K->2419K(243712K), 0,0004877 secs] [Times: user=0,00 sys=0,00, real=0,00 secs] 
86,367: [GC (Allocation Failure) [PSYoungGen: 68192K->64K(67072K)] 70515K->2387K(242176K), 0,0004647 secs] [Times: user=0,00 sys=0,00, real=0,00 secs] 
86,409: [GC (Allocation Failure) [PSYoungGen: 66624K->64K(80384K)] 68947K->2387K(255488K), 0,0004923 secs] [Times: user=0,01 sys=0,00, real=0,00 secs] 
86,460: [GC (Allocation Failure) [PSYoungGen: 79936K->64K(78336K)] 82259K->2387K(253440K), 0,0004857 secs] [Times: user=0,00 sys=0,00, real=0,00 secs] 
86,510: [GC (Allocation Failure) [PSYoungGen: 77888K->64K(76288K)] 80211K->2387K(251392K), 0,0005090 secs] [Times: user=0,00 sys=0,00, real=0,00 secs] 
86,559: [GC (Allocation Failure) [PSYoungGen: 75840K->64K(74752K)] 78163K->2387K(249856K), 0,0004801 secs] [Times: user=0,00 sys=0,00, real=0,00 secs] 
86,607: [GC (Allocation Failure) [PSYoungGen: 74304K->0K(73216K)] 76627K->2323K(248320K), 0,0005453 secs] [Times: user=0,00 sys=0,00, real=0,00 secs] 
86,653: [GC (Allocation Failure) [PSYoungGen: 72704K->64K(71680K)] 75027K->2387K(246784K), 0,0005082 secs] [Times: user=0,00 sys=0,00, real=0,00 secs] 
86,699: [GC (Allocation Failure) [PSYoungGen: 71232K->96K(70144K)] 73555K->2419K(245248K), 0,0004923 secs] [Times: user=0,00 sys=0,00, real=0,00 secs] 
86,744: [GC (Allocation Failure) [PSYoungGen: 69728K->64K(68608K)] 72051K->2387K(243712K), 0,0004941 secs] [Times: user=0,00 sys=0,00, real=0,00 secs] 
86,788: [GC (Allocation Failure) [PSYoungGen: 68160K->96K(67072K)] 70483K->2419K(242176K), 0,0004679 secs] [Times: user=0,00 sys=0,00, real=0,00 secs] 
86,831: [GC (Allocation Failure) [PSYoungGen: 66656K->64K(65536K)] 68979K->2387K(240640K), 0,0004732 secs] [Times: user=0,00 sys=0,00, real=0,00 secs] 
86,872: [GC (Allocation Failure) [PSYoungGen: 65088K->64K(78848K)] 67411K->2387K(253952K), 0,0005348 secs] [Times: user=0,00 sys=0,00, real=0,00 secs] 
86,923: [GC (Allocation Failure) [PSYoungGen: 78400K->32K(76800K)] 80723K->2355K(251904K), 0,0004686 secs] [Times: user=0,00 sys=0,00, real=0,00 secs] 
86,972: [GC (Allocation Failure) [PSYoungGen: 76320K->64K(74752K)] 78643K->2387K(249856K), 0,0005004 secs] [Times: user=0,00 sys=0,00, real=0,00 secs] 
87,019: [GC (Allocation Failure) [PSYoungGen: 74304K->96K(73216K)] 76627K->2419K(248320K), 0,0004707 secs] [Times: user=0,00 sys=0,00, real=0,00 secs] 
87,066: [GC (Allocation Failure) [PSYoungGen: 72800K->64K(71680K)] 75123K->2387K(246784K), 0,0004893 secs] [Times: user=0,00 sys=0,00, real=0,00 secs] 
87,112: [GC (Allocation Failure) [PSYoungGen: 71232K->64K(70144K)] 73555K->2387K(245248K), 0,0005141 secs] [Times: user=0,00 sys=0,00, real=0,00 secs] 
87,157: [GC (Allocation Failure) [PSYoungGen: 69696K->96K(84480K)] 72019K->2419K(259584K), 0,0005249 secs] [Times: user=0,00 sys=0,00, real=0,00 secs] 
87,211: [GC (Allocation Failure) [PSYoungGen: 84064K->64K(82432K)] 86387K->2387K(257536K), 0,0004975 secs] [Times: user=0,00 sys=0,00, real=0,00 secs] 
87,264: [GC (Allocation Failure) [PSYoungGen: 81984K->96K(80384K)] 84307K->2419K(255488K), 0,0004900 secs] [Times: user=0,00 sys=0,00, real=0,00 secs] 
87,315: [GC (Allocation Failure) [PSYoungGen: 79968K->64K(78336K)] 82291K->2387K(253440K), 0,0005112 secs] [Times: user=0,00 sys=0,00, real=0,00 secs] 
87,365: [GC (Allocation Failure) [PSYoungGen: 77888K->96K(76288K)] 80211K->2419K(251392K), 0,0004869 secs] [Times: user=0,00 sys=0,00, real=0,00 secs] 
87,413: [GC (Allocation Failure) [PSYoungGen: 75872K->32K(74752K)] 78195K->2355K(249856K), 0,0004859 secs] [Times: user=0,00 sys=0,00, real=0,00 secs] 
87,461: [GC (Allocation Failure) [PSYoungGen: 74272K->64K(73216K)] 76595K->2387K(248320K), 0,0004667 secs] [Times: user=0,00 sys=0,00, real=0,00 secs] 
87,508: [GC (Allocation Failure) [PSYoungGen: 72768K->64K(71680K)] 75091K->2387K(246784K), 0,0004759 secs] [Times: user=0,00 sys=0,00, real=0,00 secs] 
87,553: [GC (Allocation Failure) [PSYoungGen: 71232K->96K(70144K)] 73555K->2419K(245248K), 0,0005391 secs] [Times: user=0,00 sys=0,00, real=0,00 secs] 
87,598: [GC (Allocation Failure) [PSYoungGen: 69728K->64K(68608K)] 72051K->2387K(243712K), 0,0004701 secs] [Times: user=0,01 sys=0,00, real=0,00 secs] 
87,642: [GC (Allocation Failure) [PSYoungGen: 68160K->96K(67072K)] 70483K->2419K(242176K), 0,0005085 secs] [Times: user=0,00 sys=0,00, real=0,00 secs] 
87,685: [GC (Allocation Failure) [PSYoungGen: 66656K->64K(80384K)] 68979K->2387K(255488K), 0,0005937 secs] [Times: user=0,00 sys=0,00, real=0,01 secs] 
87,736: [GC (Allocation Failure) [PSYoungGen: 79936K->64K(96768K)] 82259K->2387K(271872K), 0,0005230 secs] [Times: user=0,00 sys=0,00, real=0,00 secs] 
87,798: [GC (Allocation Failure) [PSYoungGen: 96320K->64K(94208K)] 98643K->2387K(269312K), 0,0004966 secs] [Times: user=0,00 sys=0,00, real=0,00 secs] 
87,858: [GC (Allocation Failure) [PSYoungGen: 93760K->64K(91648K)] 96083K->2387K(266752K), 0,0004925 secs] [Times: user=0,00 sys=0,00, real=0,00 secs] 
87,916: [GC (Allocation Failure) [PSYoungGen: 91200K->96K(89088K)] 93523K->2419K(264192K), 0,0004814 secs] [Times: user=0,01 sys=0,00, real=0,00 secs] 
87,973: [GC (Allocation Failure) [PSYoungGen: 88672K->64K(87040K)] 90995K->2387K(262144K), 0,0004927 secs] [Times: user=0,00 sys=0,00, real=0,00 secs] 
88,028: [GC (Allocation Failure) [PSYoungGen: 86592K->64K(84992K)] 88915K->2387K(260096K), 0,0004765 secs] [Times: user=0,00 sys=0,00, real=0,00 secs] 
88,082: [GC (Allocation Failure) [PSYoungGen: 84544K->96K(82944K)] 86867K->2419K(258048K), 0,0004866 secs] [Times: user=0,00 sys=0,01, real=0,00 secs] 
88,135: [GC (Allocation Failure) [PSYoungGen: 82528K->96K(80896K)] 84851K->2419K(256000K), 0,0005177 secs] [Times: user=0,00 sys=0,00, real=0,00 secs] 
88,187: [GC (Allocation Failure) [PSYoungGen: 80480K->64K(78848K)] 82803K->2387K(253952K), 0,0004900 secs] [Times: user=0,00 sys=0,00, real=0,00 secs] 
88,237: [GC (Allocation Failure) [PSYoungGen: 78400K->64K(76800K)] 80723K->2387K(251904K), 0,0004867 secs] [Times: user=0,00 sys=0,00, real=0,00 secs] 
88,286: [GC (Allocation Failure) [PSYoungGen: 76352K->96K(74752K)] 78675K->2419K(249856K), 0,0004788 secs] [Times: user=0,00 sys=0,00, real=0,00 secs] 
88,333: [GC (Allocation Failure) [PSYoungGen: 74336K->32K(73216K)] 76659K->2355K(248320K), 0,0006233 secs] [Times: user=0,00 sys=0,00, real=0,00 secs] 
88,383: [GC (Allocation Failure) [PSYoungGen: 72736K->96K(71680K)] 75059K->2419K(246784K), 0,0005053 secs] [Times: user=0,00 sys=0,00, real=0,00 secs] 
88,428: [GC (Allocation Failure) [PSYoungGen: 71264K->64K(70144K)] 73587K->2387K(245248K), 0,0005544 secs] [Times: user=0,00 sys=0,00, real=0,00 secs] 
88,473: [GC (Allocation Failure) [PSYoungGen: 69696K->64K(68608K)] 72019K->2387K(243712K), 0,0004781 secs] [Times: user=0,00 sys=0,00, real=0,00 secs] 
88,517: [GC (Allocation Failure) [PSYoungGen: 68160K->64K(67072K)] 70483K->2387K(242176K), 0,0004853 secs] [Times: user=0,00 sys=0,00, real=0,00 secs] 
88,559: [GC (Allocation Failure) [PSYoungGen: 66624K->96K(80384K)] 68947K->2419K(255488K), 0,0005416 secs] [Times: user=0,01 sys=0,00, real=0,00 secs] 
88,611: [GC (Allocation Failure) [PSYoungGen: 79968K->96K(78336K)] 82291K->2419K(253440K), 0,0004823 secs] [Times: user=0,00 sys=0,00, real=0,00 secs] 
88,661: [GC (Allocation Failure) [PSYoungGen: 77920K->64K(76288K)] 80243K->2387K(251392K), 0,0004937 secs] [Times: user=0,00 sys=0,00, real=0,00 secs] 
88,709: [GC (Allocation Failure) [PSYoungGen: 75840K->64K(74752K)] 78163K->2387K(249856K), 0,0005088 secs] [Times: user=0,00 sys=0,00, real=0,00 secs] 
88,757: [GC (Allocation Failure) [PSYoungGen: 74304K->64K(73216K)] 76627K->2387K(248320K), 0,0005363 secs] [Times: user=0,00 sys=0,00, real=0,00 secs] 
88,803: [GC (Allocation Failure) [PSYoungGen: 72768K->64K(71680K)] 75091K->2387K(246784K), 0,0004689 secs] [Times: user=0,00 sys=0,00, real=0,00 secs] 
88,849: [GC (Allocation Failure) [PSYoungGen: 71232K->64K(70144K)] 73555K->2387K(245248K), 0,0004930 secs] [Times: user=0,00 sys=0,00, real=0,00 secs] 
88,894: [GC (Allocation Failure) [PSYoungGen: 69696K->128K(68608K)] 72019K->2451K(243712K), 0,0004722 secs] [Times: user=0,00 sys=0,00, real=0,00 secs] 
88,938: [GC (Allocation Failure) [PSYoungGen: 68224K->64K(67072K)] 70547K->2387K(242176K), 0,0004787 secs] [Times: user=0,00 sys=0,00, real=0,00 secs] 
88,980: [GC (Allocation Failure) [PSYoungGen: 66624K->64K(80384K)] 68947K->2387K(255488K), 0,0005164 secs] [Times: user=0,00 sys=0,00, real=0,00 secs] 
89,032: [GC (Allocation Failure) [PSYoungGen: 79936K->32K(78336K)] 82259K->2355K(253440K), 0,0005005 secs] [Times: user=0,00 sys=0,00, real=0,00 secs] 
89,082: [GC (Allocation Failure) [PSYoungGen: 77856K->64K(76288K)] 80179K->2387K(251392K), 0,0004846 secs] [Times: user=0,00 sys=0,00, real=0,00 secs] 
89,130: [GC (Allocation Failure) [PSYoungGen: 75840K->32K(91648K)] 78163K->2355K(266752K), 0,0006521 secs] [Times: user=0,00 sys=0,00, real=0,00 secs] 
89,189: [GC (Allocation Failure) [PSYoungGen: 91167K->96K(89088K)] 93491K->2419K(264192K), 0,0004870 secs] [Times: user=0,00 sys=0,00, real=0,00 secs] 
89,245: [GC (Allocation Failure) [PSYoungGen: 88672K->64K(87040K)] 90995K->2387K(262144K), 0,0004846 secs] [Times: user=0,00 sys=0,00, real=0,00 secs] 
89,301: [GC (Allocation Failure) [PSYoungGen: 86592K->64K(84992K)] 88915K->2387K(260096K), 0,0004920 secs] [Times: user=0,00 sys=0,00, real=0,00 secs] 
89,355: [GC (Allocation Failure) [PSYoungGen: 84544K->32K(101888K)] 86867K->2355K(276992K), 0,0010833 secs] [Times: user=0,00 sys=0,00, real=0,01 secs] 
89,422: [GC (Allocation Failure) [PSYoungGen: 101408K->96K(122368K)] 103731K->2419K(297472K), 0,0011582 secs] [Times: user=0,01 sys=0,00, real=0,00 secs] 
89,500: [GC (Allocation Failure) [PSYoungGen: 121952K->64K(146944K)] 124275K->2387K(322048K), 0,0010474 secs] [Times: user=0,00 sys=0,00, real=0,00 secs] 
89,597: [GC (Allocation Failure) [PSYoungGen: 146496K->64K(142336K)] 148819K->2387K(317440K), 0,0005105 secs] [Times: user=0,00 sys=0,00, real=0,00 secs] 
89,688: [GC (Allocation Failure) [PSYoungGen: 141888K->64K(137728K)] 144211K->2387K(312832K), 0,0005196 secs] [Times: user=0,00 sys=0,00, real=0,00 secs] 
89,775: [GC (Allocation Failure) [PSYoungGen: 137280K->64K(133120K)] 139603K->2387K(308224K), 0,0005023 secs] [Times: user=0,00 sys=0,00, real=0,01 secs] 
89,860: [GC (Allocation Failure) [PSYoungGen: 132672K->64K(129024K)] 134995K->2387K(304128K), 0,0005080 secs] [Times: user=0,01 sys=0,00, real=0,00 secs] 
89,942: [GC (Allocation Failure) [PSYoungGen: 128576K->64K(124928K)] 130899K->2387K(300032K), 0,0006882 secs] [Times: user=0,00 sys=0,00, real=0,00 secs] 
90,021: [GC (Allocation Failure) [PSYoungGen: 124480K->32K(121344K)] 126803K->2355K(296448K), 0,0006773 secs] [Times: user=0,00 sys=0,00, real=0,00 secs] 
90,098: [GC (Allocation Failure) [PSYoungGen: 120864K->96K(117760K)] 123187K->2419K(292864K), 0,0005515 secs] [Times: user=0,01 sys=0,00, real=0,00 secs] 
90,173: [GC (Allocation Failure) [PSYoungGen: 117344K->64K(114176K)] 119667K->2387K(289280K), 0,0005119 secs] [Times: user=0,00 sys=0,00, real=0,00 secs] 
90,246: [GC (Allocation Failure) [PSYoungGen: 113728K->64K(110592K)] 116051K->2387K(285696K), 0,0005045 secs] [Times: user=0,00 sys=0,00, real=0,00 secs] 
90,319: [GC (Allocation Failure) [PSYoungGen: 110144K->96K(107520K)] 112467K->2419K(282624K), 0,0005359 secs] [Times: user=0,00 sys=0,00, real=0,00 secs] 
90,387: [GC (Allocation Failure) [PSYoungGen: 107104K->96K(104448K)] 109427K->2443K(279552K), 0,0005111 secs] [Times: user=0,00 sys=0,00, real=0,00 secs] 
90,454: [GC (Allocation Failure) [PSYoungGen: 104032K->96K(101376K)] 106379K->2443K(276480K), 0,0004882 secs] [Times: user=0,00 sys=0,00, real=0,00 secs] 
90,518: [GC (Allocation Failure) [PSYoungGen: 100960K->64K(98816K)] 103307K->2411K(273920K), 0,0004921 secs] [Times: user=0,00 sys=0,00, real=0,00 secs] 
90,581: [GC (Allocation Failure) [PSYoungGen: 98368K->64K(96256K)] 100715K->2411K(271360K), 0,0004997 secs] [Times: user=0,01 sys=0,00, real=0,00 secs] 
90,643: [GC (Allocation Failure) [PSYoungGen: 95808K->64K(93696K)] 98155K->2411K(268800K), 0,0005004 secs] [Times: user=0,00 sys=0,00, real=0,00 secs] 
90,703: [GC (Allocation Failure) [PSYoungGen: 93248K->64K(91136K)] 95595K->2411K(266240K), 0,0005322 secs] [Times: user=0,00 sys=0,00, real=0,00 secs] 
90,761: [GC (Allocation Failure) [PSYoungGen: 90688K->64K(88576K)] 93035K->2411K(263680K), 0,0004942 secs] [Times: user=0,00 sys=0,00, real=0,00 secs] 
90,818: [GC (Allocation Failure) [PSYoungGen: 88128K->64K(86528K)] 90475K->2411K(261632K), 0,0005127 secs] [Times: user=0,00 sys=0,00, real=0,00 secs] 
90,873: [GC (Allocation Failure) [PSYoungGen: 86080K->96K(84480K)] 88427K->2443K(259584K), 0,0004815 secs] [Times: user=0,00 sys=0,00, real=0,00 secs] 
90,926: [GC (Allocation Failure) [PSYoungGen: 84064K->64K(82432K)] 86411K->2411K(257536K), 0,0004923 secs] [Times: user=0,00 sys=0,00, real=0,00 secs] 
90,979: [GC (Allocation Failure) [PSYoungGen: 81984K->64K(80384K)] 84331K->2411K(255488K), 0,0005778 secs] [Times: user=0,00 sys=0,00, real=0,00 secs] 
91,030: [GC (Allocation Failure) [PSYoungGen: 79936K->64K(78336K)] 82283K->2411K(253440K), 0,0004923 secs] [Times: user=0,00 sys=0,00, real=0,00 secs] 
91,080: [GC (Allocation Failure) [PSYoungGen: 77888K->64K(76288K)] 80235K->2411K(251392K), 0,0004945 secs] [Times: user=0,00 sys=0,00, real=0,00 secs] 
91,129: [GC (Allocation Failure) [PSYoungGen: 75840K->64K(74752K)] 78187K->2411K(249856K), 0,0005005 secs] [Times: user=0,00 sys=0,00, real=0,00 secs] 
91,176: [GC (Allocation Failure) [PSYoungGen: 74304K->64K(73216K)] 76651K->2411K(248320K), 0,0005053 secs] [Times: user=0,01 sys=0,00, real=0,00 secs] 
91,223: [GC (Allocation Failure) [PSYoungGen: 72768K->64K(71680K)] 75115K->2411K(246784K), 0,0004885 secs] [Times: user=0,00 sys=0,00, real=0,00 secs] 
91,269: [GC (Allocation Failure) [PSYoungGen: 71232K->96K(70144K)] 73579K->2443K(245248K), 0,0005003 secs] [Times: user=0,00 sys=0,00, real=0,00 secs] 
91,314: [GC (Allocation Failure) [PSYoungGen: 69728K->96K(68608K)] 72075K->2443K(243712K), 0,0004917 secs] [Times: user=0,00 sys=0,00, real=0,00 secs] 
91,358: [GC (Allocation Failure) [PSYoungGen: 68192K->64K(67072K)] 70539K->2411K(242176K), 0,0004792 secs] [Times: user=0,00 sys=0,00, real=0,00 secs] 
91,401: [GC (Allocation Failure) [PSYoungGen: 66624K->64K(65536K)] 68971K->2411K(240640K), 0,0004857 secs] [Times: user=0,00 sys=0,00, real=0,00 secs] 
91,442: [GC (Allocation Failure) [PSYoungGen: 65088K->32K(64000K)] 67435K->2379K(239104K), 0,0004588 secs] [Times: user=0,00 sys=0,00, real=0,00 secs] 
91,483: [GC (Allocation Failure) [PSYoungGen: 63520K->32K(76800K)] 65867K->2379K(251904K), 0,0004893 secs] [Times: user=0,01 sys=0,00, real=0,00 secs] 
91,532: [GC (Allocation Failure) [PSYoungGen: 76320K->64K(92160K)] 78667K->2411K(267264K), 0,0006053 secs] [Times: user=0,00 sys=0,00, real=0,00 secs] 
91,591: [GC (Allocation Failure) [PSYoungGen: 91712K->96K(89600K)] 94059K->2443K(264704K), 0,0004862 secs] [Times: user=0,00 sys=0,00, real=0,00 secs] 
91,648: [GC (Allocation Failure) [PSYoungGen: 89184K->64K(87040K)] 91531K->2411K(262144K), 0,0005862 secs] [Times: user=0,00 sys=0,00, real=0,00 secs] 
91,703: [GC (Allocation Failure) [PSYoungGen: 86592K->96K(84992K)] 88939K->2443K(260096K), 0,0004939 secs] [Times: user=0,00 sys=0,00, real=0,00 secs] 
91,757: [GC (Allocation Failure) [PSYoungGen: 84576K->64K(82944K)] 86923K->2411K(258048K), 0,0005329 secs] [Times: user=0,00 sys=0,00, real=0,00 secs] 
91,810: [GC (Allocation Failure) [PSYoungGen: 82496K->64K(80896K)] 84843K->2411K(256000K), 0,0004751 secs] [Times: user=0,00 sys=0,00, real=0,00 secs] 
91,862: [GC (Allocation Failure) [PSYoungGen: 80448K->64K(78848K)] 82795K->2411K(253952K), 0,0004890 secs] [Times: user=0,00 sys=0,00, real=0,00 secs] 
91,912: [GC (Allocation Failure) [PSYoungGen: 78400K->64K(76800K)] 80747K->2411K(251904K), 0,0004848 secs] [Times: user=0,00 sys=0,00, real=0,00 secs] 
91,961: [GC (Allocation Failure) [PSYoungGen: 76352K->96K(74752K)] 78699K->2443K(249856K), 0,0005722 secs] [Times: user=0,00 sys=0,00, real=0,00 secs] 
92,009: [GC (Allocation Failure) [PSYoungGen: 74336K->64K(73216K)] 76683K->2411K(248320K), 0,0004812 secs] [Times: user=0,00 sys=0,00, real=0,00 secs] 
92,055: [GC (Allocation Failure) [PSYoungGen: 72768K->64K(71680K)] 75115K->2411K(246784K), 0,0004772 secs] [Times: user=0,00 sys=0,00, real=0,00 secs] 
92,101: [GC (Allocation Failure) [PSYoungGen: 71232K->96K(70144K)] 73579K->2443K(245248K), 0,0005352 secs] [Times: user=0,00 sys=0,00, real=0,00 secs] 
92,146: [GC (Allocation Failure) [PSYoungGen: 69728K->64K(68608K)] 72075K->2411K(243712K), 0,0005195 secs] [Times: user=0,00 sys=0,00, real=0,00 secs] 
92,190: [GC (Allocation Failure) [PSYoungGen: 68160K->96K(67072K)] 70507K->2443K(242176K), 0,0004748 secs] [Times: user=0,00 sys=0,00, real=0,00 secs] 
92,233: [GC (Allocation Failure) [PSYoungGen: 66656K->64K(65536K)] 69003K->2411K(240640K), 0,0004780 secs] [Times: user=0,00 sys=0,00, real=0,00 secs] 
92,274: [GC (Allocation Failure) [PSYoungGen: 65088K->32K(78848K)] 67435K->2379K(253952K), 0,0005338 secs] [Times: user=0,00 sys=0,00, real=0,00 secs] 
92,324: [GC (Allocation Failure) [PSYoungGen: 78368K->32K(76800K)] 80715K->2379K(251904K), 0,0004925 secs] [Times: user=0,00 sys=0,00, real=0,00 secs] 
92,373: [GC (Allocation Failure) [PSYoungGen: 76320K->96K(74752K)] 78667K->2443K(249856K), 0,0004834 secs] [Times: user=0,00 sys=0,00, real=0,00 secs] 
92,421: [GC (Allocation Failure) [PSYoungGen: 74336K->96K(89600K)] 76683K->2443K(264704K), 0,0006732 secs] [Times: user=0,00 sys=0,00, real=0,00 secs] 
92,478: [GC (Allocation Failure) [PSYoungGen: 89184K->64K(87040K)] 91531K->2411K(262144K), 0,0004889 secs] [Times: user=0,00 sys=0,00, real=0,00 secs] 
92,534: [GC (Allocation Failure) [PSYoungGen: 86592K->64K(84992K)] 88939K->2411K(260096K), 0,0004948 secs] [Times: user=0,00 sys=0,00, real=0,00 secs] 
92,588: [GC (Allocation Failure) [PSYoungGen: 84544K->96K(82944K)] 86891K->2443K(258048K), 0,0004957 secs] [Times: user=0,00 sys=0,00, real=0,00 secs] 
92,641: [GC (Allocation Failure) [PSYoungGen: 82528K->96K(80896K)] 84875K->2443K(256000K), 0,0005213 secs] [Times: user=0,00 sys=0,00, real=0,00 secs] 
92,693: [GC (Allocation Failure) [PSYoungGen: 80480K->64K(78848K)] 82827K->2411K(253952K), 0,0005192 secs] [Times: user=0,01 sys=0,00, real=0,00 secs] 
92,743: [GC (Allocation Failure) [PSYoungGen: 78400K->64K(76800K)] 80747K->2411K(251904K), 0,0004920 secs] [Times: user=0,01 sys=0,00, real=0,00 secs] 
92,792: [GC (Allocation Failure) [PSYoungGen: 76352K->64K(74752K)] 78699K->2411K(249856K), 0,0004907 secs] [Times: user=0,01 sys=0,00, real=0,00 secs] 
92,840: [GC (Allocation Failure) [PSYoungGen: 74304K->64K(73216K)] 76651K->2411K(248320K), 0,0004817 secs] [Times: user=0,00 sys=0,00, real=0,00 secs] 
92,887: [GC (Allocation Failure) [PSYoungGen: 72768K->96K(71680K)] 75115K->2443K(246784K), 0,0004727 secs] [Times: user=0,00 sys=0,00, real=0,00 secs] 
92,932: [GC (Allocation Failure) [PSYoungGen: 71264K->32K(70144K)] 73611K->2379K(245248K), 0,0004797 secs] [Times: user=0,00 sys=0,00, real=0,00 secs] 
92,977: [GC (Allocation Failure) [PSYoungGen: 69664K->32K(68608K)] 72011K->2379K(243712K), 0,0004978 secs] [Times: user=0,00 sys=0,00, real=0,00 secs] 
93,021: [GC (Allocation Failure) [PSYoungGen: 68128K->96K(67072K)] 70475K->2443K(242176K), 0,0005498 secs] [Times: user=0,00 sys=0,00, real=0,00 secs] 
93,064: [GC (Allocation Failure) [PSYoungGen: 66656K->0K(80384K)] 69003K->2347K(255488K), 0,0010225 secs] [Times: user=0,00 sys=0,00, real=0,00 secs] 
93,115: [GC (Allocation Failure) [PSYoungGen: 79872K->64K(96768K)] 82219K->2411K(271872K), 0,0004800 secs] [Times: user=0,00 sys=0,00, real=0,01 secs] 
93,177: [GC (Allocation Failure) [PSYoungGen: 96320K->96K(116224K)] 98667K->2443K(291328K), 0,0005032 secs] [Times: user=0,00 sys=0,00, real=0,00 secs] 
93,251: [GC (Allocation Failure) [PSYoungGen: 115808K->64K(112640K)] 118155K->2411K(287744K), 0,0004984 secs] [Times: user=0,00 sys=0,00, real=0,00 secs] 
93,322: [GC (Allocation Failure) [PSYoungGen: 112192K->64K(109568K)] 114539K->2411K(284672K), 0,0007607 secs] [Times: user=0,00 sys=0,00, real=0,00 secs] 
93,392: [GC (Allocation Failure) [PSYoungGen: 109120K->64K(106496K)] 111467K->2411K(281600K), 0,0005054 secs] [Times: user=0,00 sys=0,00, real=0,00 secs] 
93,460: [GC (Allocation Failure) [PSYoungGen: 106048K->32K(103424K)] 108395K->2379K(278528K), 0,0005348 secs] [Times: user=0,00 sys=0,00, real=0,00 secs] 
93,526: [GC (Allocation Failure) [PSYoungGen: 102944K->96K(100352K)] 105291K->2443K(275456K), 0,0005070 secs] [Times: user=0,01 sys=0,00, real=0,00 secs] 
93,590: [GC (Allocation Failure) [PSYoungGen: 99936K->64K(97792K)] 102283K->2411K(272896K), 0,0005075 secs] [Times: user=0,00 sys=0,00, real=0,00 secs] 
93,652: [GC (Allocation Failure) [PSYoungGen: 97344K->64K(95232K)] 99691K->2411K(270336K), 0,0005142 secs] [Times: user=0,00 sys=0,00, real=0,00 secs] 
93,713: [GC (Allocation Failure) [PSYoungGen: 94784K->96K(92672K)] 97131K->2443K(267776K), 0,0005054 secs] [Times: user=0,00 sys=0,00, real=0,00 secs] 
93,771: [GC (Allocation Failure) [PSYoungGen: 92256K->32K(90112K)] 94603K->2379K(265216K), 0,0004695 secs] [Times: user=0,00 sys=0,00, real=0,00 secs] 
93,829: [GC (Allocation Failure) [PSYoungGen: 89632K->96K(87552K)] 91979K->2443K(262656K), 0,0005228 secs] [Times: user=0,00 sys=0,00, real=0,00 secs] 
93,884: [GC (Allocation Failure) [PSYoungGen: 87136K->64K(85504K)] 89483K->2411K(260608K), 0,0004925 secs] [Times: user=0,00 sys=0,00, real=0,00 secs] 
93,938: [GC (Allocation Failure) [PSYoungGen: 85056K->32K(83456K)] 87403K->2379K(258560K), 0,0004842 secs] [Times: user=0,00 sys=0,00, real=0,00 secs] 
93,991: [GC (Allocation Failure) [PSYoungGen: 82976K->64K(81408K)] 85323K->2411K(256512K), 0,0004903 secs] [Times: user=0,00 sys=0,00, real=0,00 secs] 
94,042: [GC (Allocation Failure) [PSYoungGen: 80960K->96K(79360K)] 83307K->2443K(254464K), 0,0004742 secs] [Times: user=0,01 sys=0,00, real=0,00 secs] 
94,092: [GC (Allocation Failure) [PSYoungGen: 78944K->64K(77312K)] 81291K->2411K(252416K), 0,0004892 secs] [Times: user=0,00 sys=0,00, real=0,00 secs] 
94,141: [GC (Allocation Failure) [PSYoungGen: 76864K->64K(75264K)] 79211K->2411K(250368K), 0,0004793 secs] [Times: user=0,01 sys=0,00, real=0,00 secs] 
94,190: [GC (Allocation Failure) [PSYoungGen: 74816K->64K(73728K)] 77163K->2411K(248832K), 0,0005042 secs] [Times: user=0,00 sys=0,00, real=0,00 secs] 
94,237: [GC (Allocation Failure) [PSYoungGen: 73280K->32K(72192K)] 75627K->2379K(247296K), 0,0005422 secs] [Times: user=0,00 sys=0,00, real=0,00 secs] 
94,283: [GC (Allocation Failure) [PSYoungGen: 71712K->64K(70656K)] 74059K->2411K(245760K), 0,0004633 secs] [Times: user=0,00 sys=0,00, real=0,00 secs] 
94,327: [GC (Allocation Failure) [PSYoungGen: 70208K->96K(69120K)] 72555K->2443K(244224K), 0,0004762 secs] [Times: user=0,00 sys=0,00, real=0,00 secs] 
94,371: [GC (Allocation Failure) [PSYoungGen: 68704K->96K(67584K)] 71051K->2443K(242688K), 0,0004920 secs] [Times: user=0,00 sys=0,00, real=0,00 secs] 
94,415: [GC (Allocation Failure) [PSYoungGen: 67168K->0K(66048K)] 69515K->2347K(241152K), 0,0004791 secs] [Times: user=0,00 sys=0,00, real=0,00 secs] 
94,457: [GC (Allocation Failure) [PSYoungGen: 65536K->64K(64512K)] 67883K->2411K(239616K), 0,0004872 secs] [Times: user=0,00 sys=0,00, real=0,00 secs] 
94,498: [GC (Allocation Failure) [PSYoungGen: 64064K->64K(77312K)] 66411K->2411K(252416K), 0,0004725 secs] [Times: user=0,01 sys=0,00, real=0,00 secs] 
94,547: [GC (Allocation Failure) [PSYoungGen: 76864K->64K(75264K)] 79211K->2411K(250368K), 0,0004863 secs] [Times: user=0,00 sys=0,00, real=0,00 secs] 
94,594: [GC (Allocation Failure) [PSYoungGen: 74816K->64K(90624K)] 77163K->2411K(265728K), 0,0005470 secs] [Times: user=0,00 sys=0,00, real=0,00 secs] 
94,652: [GC (Allocation Failure) [PSYoungGen: 90176K->128K(88064K)] 92523K->2475K(263168K), 0,0005894 secs] [Times: user=0,00 sys=0,00, real=0,00 secs] 
94,708: [GC (Allocation Failure) [PSYoungGen: 87680K->64K(86016K)] 90027K->2411K(261120K), 0,0005085 secs] [Times: user=0,00 sys=0,00, real=0,00 secs] 
94,763: [GC (Allocation Failure) [PSYoungGen: 85568K->96K(83968K)] 87915K->2443K(259072K), 0,0004795 secs] [Times: user=0,00 sys=0,00, real=0,00 secs] 
94,817: [GC (Allocation Failure) [PSYoungGen: 83552K->32K(81920K)] 85899K->2379K(257024K), 0,0004939 secs] [Times: user=0,00 sys=0,00, real=0,00 secs] 
94,869: [GC (Allocation Failure) [PSYoungGen: 81440K->64K(79872K)] 83787K->2411K(254976K), 0,0004960 secs] [Times: user=0,00 sys=0,00, real=0,00 secs] 
94,920: [GC (Allocation Failure) [PSYoungGen: 79424K->96K(77824K)] 81771K->2443K(252928K), 0,0004938 secs] [Times: user=0,00 sys=0,00, real=0,00 secs] 
94,969: [GC (Allocation Failure) [PSYoungGen: 77408K->64K(75776K)] 79755K->2411K(250880K), 0,0005258 secs] [Times: user=0,00 sys=0,00, real=0,00 secs] 
95,018: [GC (Allocation Failure) [PSYoungGen: 75328K->64K(74240K)] 77675K->2411K(249344K), 0,0004915 secs] [Times: user=0,00 sys=0,00, real=0,00 secs] 
95,065: [GC (Allocation Failure) [PSYoungGen: 73792K->64K(72704K)] 76139K->2411K(247808K), 0,0005109 secs] [Times: user=0,00 sys=0,00, real=0,01 secs] 
95,112: [GC (Allocation Failure) [PSYoungGen: 72256K->64K(71168K)] 74603K->2411K(246272K), 0,0004866 secs] [Times: user=0,00 sys=0,00, real=0,00 secs] 
95,157: [GC (Allocation Failure) [PSYoungGen: 70720K->96K(69632K)] 73067K->2443K(244736K), 0,0005296 secs] [Times: user=0,00 sys=0,00, real=0,00 secs] 
95,201: [GC (Allocation Failure) [PSYoungGen: 69216K->64K(68096K)] 71563K->2411K(243200K), 0,0004834 secs] [Times: user=0,01 sys=0,00, real=0,00 secs] 
95,245: [GC (Allocation Failure) [PSYoungGen: 67648K->64K(66560K)] 69995K->2411K(241664K), 0,0004548 secs] [Times: user=0,00 sys=0,00, real=0,00 secs] 
95,287: [GC (Allocation Failure) [PSYoungGen: 66112K->64K(65024K)] 68459K->2411K(240128K), 0,0004729 secs] [Times: user=0,00 sys=0,00, real=0,00 secs] 
95,328: [GC (Allocation Failure) [PSYoungGen: 64576K->96K(78336K)] 66923K->2443K(253440K), 0,0004793 secs] [Times: user=0,00 sys=0,00, real=0,00 secs] 
95,378: [GC (Allocation Failure) [PSYoungGen: 77920K->64K(76288K)] 80267K->2411K(251392K), 0,0004979 secs] [Times: user=0,00 sys=0,00, real=0,00 secs] 
95,427: [GC (Allocation Failure) [PSYoungGen: 75840K->96K(74752K)] 78187K->2443K(249856K), 0,0004750 secs] [Times: user=0,00 sys=0,00, real=0,00 secs] 
95,475: [GC (Allocation Failure) [PSYoungGen: 74336K->96K(73216K)] 76683K->2443K(248320K), 0,0004849 secs] [Times: user=0,00 sys=0,00, real=0,00 secs] 
95,521: [GC (Allocation Failure) [PSYoungGen: 72800K->64K(71680K)] 75147K->2411K(246784K), 0,0004797 secs] [Times: user=0,00 sys=0,00, real=0,00 secs] 
95,567: [GC (Allocation Failure) [PSYoungGen: 71232K->96K(70144K)] 73579K->2443K(245248K), 0,0005101 secs] [Times: user=0,00 sys=0,00, real=0,00 secs] 
95,611: [GC (Allocation Failure) [PSYoungGen: 69728K->64K(68608K)] 72075K->2411K(243712K), 0,0004962 secs] [Times: user=0,00 sys=0,00, real=0,00 secs] 
95,656: [GC (Allocation Failure) [PSYoungGen: 68160K->96K(67072K)] 70507K->2443K(242176K), 0,0004797 secs] [Times: user=0,00 sys=0,00, real=0,00 secs] 
95,699: [GC (Allocation Failure) [PSYoungGen: 66656K->96K(65536K)] 69003K->2443K(240640K), 0,0004967 secs] [Times: user=0,00 sys=0,00, real=0,00 secs] 
95,740: [GC (Allocation Failure) [PSYoungGen: 65120K->64K(78848K)] 67467K->2411K(253952K), 0,0004923 secs] [Times: user=0,00 sys=0,00, real=0,00 secs] 
95,791: [GC (Allocation Failure) [PSYoungGen: 78400K->64K(76800K)] 80747K->2411K(251904K), 0,0004989 secs] [Times: user=0,00 sys=0,00, real=0,00 secs] 
95,840: [GC (Allocation Failure) [PSYoungGen: 76352K->96K(74752K)] 78699K->2443K(249856K), 0,0004815 secs] [Times: user=0,00 sys=0,00, real=0,00 secs] 
95,887: [GC (Allocation Failure) [PSYoungGen: 74336K->32K(73216K)] 76683K->2379K(248320K), 0,0004926 secs] [Times: user=0,00 sys=0,00, real=0,00 secs] 
95,934: [GC (Allocation Failure) [PSYoungGen: 72736K->32K(71680K)] 75083K->2379K(246784K), 0,0004966 secs] [Times: user=0,00 sys=0,00, real=0,00 secs] 
95,979: [GC (Allocation Failure) [PSYoungGen: 71200K->64K(70144K)] 73547K->2411K(245248K), 0,0005351 secs] [Times: user=0,00 sys=0,00, real=0,00 secs] 
96,024: [GC (Allocation Failure) [PSYoungGen: 69696K->64K(68608K)] 72043K->2411K(243712K), 0,0004767 secs] [Times: user=0,01 sys=0,00, real=0,00 secs] 
96,067: [GC (Allocation Failure) [PSYoungGen: 68160K->64K(67072K)] 70507K->2411K(242176K), 0,0004793 secs] [Times: user=0,00 sys=0,00, real=0,00 secs] 
96,110: [GC (Allocation Failure) [PSYoungGen: 66624K->64K(80384K)] 68971K->2411K(255488K), 0,0004881 secs] [Times: user=0,00 sys=0,00, real=0,00 secs] 
96,161: [GC (Allocation Failure) [PSYoungGen: 79936K->96K(78336K)] 82283K->2443K(253440K), 0,0005271 secs] [Times: user=0,00 sys=0,00, real=0,00 secs] 
96,211: [GC (Allocation Failure) [PSYoungGen: 77920K->96K(76288K)] 80267K->2443K(251392K), 0,0005008 secs] [Times: user=0,00 sys=0,00, real=0,00 secs] 
96,259: [GC (Allocation Failure) [PSYoungGen: 75872K->64K(74752K)] 78219K->2411K(249856K), 0,0004892 secs] [Times: user=0,00 sys=0,00, real=0,00 secs] 
96,307: [GC (Allocation Failure) [PSYoungGen: 74304K->96K(89600K)] 76651K->2443K(264704K), 0,0006763 secs] [Times: user=0,00 sys=0,00, real=0,00 secs] 
96,364: [GC (Allocation Failure) [PSYoungGen: 89184K->96K(87040K)] 91531K->2443K(262144K), 0,0004979 secs] [Times: user=0,00 sys=0,00, real=0,00 secs] 
96,419: [GC (Allocation Failure) [PSYoungGen: 86624K->96K(84992K)] 88971K->2443K(260096K), 0,0004872 secs] [Times: user=0,00 sys=0,01, real=0,00 secs] 
96,473: [GC (Allocation Failure) [PSYoungGen: 84576K->64K(82944K)] 86923K->2411K(258048K), 0,0005049 secs] [Times: user=0,00 sys=0,00, real=0,00 secs] 
96,526: [GC (Allocation Failure) [PSYoungGen: 82496K->64K(80896K)] 84843K->2411K(256000K), 0,0005067 secs] [Times: user=0,00 sys=0,00, real=0,00 secs] 
96,577: [GC (Allocation Failure) [PSYoungGen: 80448K->96K(78848K)] 82795K->2443K(253952K), 0,0004931 secs] [Times: user=0,00 sys=0,00, real=0,00 secs] 
96,627: [GC (Allocation Failure) [PSYoungGen: 78432K->32K(76800K)] 80779K->2379K(251904K), 0,0005956 secs] [Times: user=0,00 sys=0,00, real=0,00 secs] 
96,676: [GC (Allocation Failure) [PSYoungGen: 76320K->64K(74752K)] 78667K->2411K(249856K), 0,0004977 secs] [Times: user=0,00 sys=0,00, real=0,00 secs] 
96,725: [GC (Allocation Failure) [PSYoungGen: 74304K->64K(73216K)] 76651K->2411K(248320K), 0,0005674 secs] [Times: user=0,00 sys=0,00, real=0,01 secs] 
96,771: [GC (Allocation Failure) [PSYoungGen: 72768K->96K(71680K)] 75115K->2443K(246784K), 0,0004894 secs] [Times: user=0,00 sys=0,00, real=0,00 secs] 
96,818: [GC (Allocation Failure) [PSYoungGen: 71264K->64K(70144K)] 73611K->2411K(245248K), 0,0004984 secs] [Times: user=0,01 sys=0,00, real=0,00 secs] 
96,862: [GC (Allocation Failure) [PSYoungGen: 69696K->64K(84480K)] 72043K->2411K(259584K), 0,0006587 secs] [Times: user=0,00 sys=0,00, real=0,00 secs] 
96,916: [GC (Allocation Failure) [PSYoungGen: 84032K->64K(101376K)] 86379K->2411K(276480K), 0,0004972 secs] [Times: user=0,00 sys=0,00, real=0,00 secs] 
96,980: [GC (Allocation Failure) [PSYoungGen: 100928K->96K(98816K)] 103275K->2443K(273920K), 0,0005402 secs] [Times: user=0,00 sys=0,00, real=0,00 secs] 
97,043: [GC (Allocation Failure) [PSYoungGen: 98400K->64K(96256K)] 100747K->2411K(271360K), 0,0004999 secs] [Times: user=0,00 sys=0,00, real=0,00 secs] 
97,104: [GC (Allocation Failure) [PSYoungGen: 95808K->64K(93696K)] 98155K->2411K(268800K), 0,0005059 secs] [Times: user=0,00 sys=0,00, real=0,00 secs] 
97,164: [GC (Allocation Failure) [PSYoungGen: 93248K->64K(91136K)] 95595K->2411K(266240K), 0,0005015 secs] [Times: user=0,00 sys=0,00, real=0,00 secs] 
97,223: [GC (Allocation Failure) [PSYoungGen: 90688K->64K(88576K)] 93035K->2411K(263680K), 0,0004883 secs] [Times: user=0,00 sys=0,00, real=0,00 secs] 
97,279: [GC (Allocation Failure) [PSYoungGen: 88128K->96K(86528K)] 90475K->2443K(261632K), 0,0004921 secs] [Times: user=0,00 sys=0,00, real=0,00 secs] 
97,334: [GC (Allocation Failure) [PSYoungGen: 86112K->32K(84480K)] 88459K->2379K(259584K), 0,0005836 secs] [Times: user=0,01 sys=0,00, real=0,00 secs] 
97,388: [GC (Allocation Failure) [PSYoungGen: 84000K->64K(82432K)] 86347K->2411K(257536K), 0,0004885 secs] [Times: user=0,00 sys=0,00, real=0,00 secs] 
97,440: [GC (Allocation Failure) [PSYoungGen: 81984K->32K(80384K)] 84331K->2379K(255488K), 0,0005908 secs] [Times: user=0,00 sys=0,00, real=0,00 secs] 
97,492: [GC (Allocation Failure) [PSYoungGen: 79904K->32K(96768K)] 82251K->2379K(271872K), 0,0007784 secs] [Times: user=0,01 sys=0,00, real=0,00 secs] 
97,553: [GC (Allocation Failure) [PSYoungGen: 96288K->32K(94208K)] 98635K->2379K(269312K), 0,0005028 secs] [Times: user=0,00 sys=0,00, real=0,00 secs] 
97,613: [GC (Allocation Failure) [PSYoungGen: 93728K->64K(91648K)] 96075K->2411K(266752K), 0,0006258 secs] [Times: user=0,00 sys=0,00, real=0,00 secs] 
97,672: [GC (Allocation Failure) [PSYoungGen: 91200K->64K(89088K)] 93547K->2411K(264192K), 0,0005768 secs] [Times: user=0,00 sys=0,00, real=0,00 secs] 
97,730: [GC (Allocation Failure) [PSYoungGen: 88640K->64K(87040K)] 90987K->2411K(262144K), 0,0006854 secs] [Times: user=0,00 sys=0,00, real=0,00 secs] 
97,785: [GC (Allocation Failure) [PSYoungGen: 86592K->96K(84992K)] 88939K->2443K(260096K), 0,0004854 secs] [Times: user=0,00 sys=0,00, real=0,01 secs] 
97,839: [GC (Allocation Failure) [PSYoungGen: 84576K->64K(82944K)] 86923K->2411K(258048K), 0,0004973 secs] [Times: user=0,00 sys=0,00, real=0,00 secs] 
97,892: [GC (Allocation Failure) [PSYoungGen: 82496K->64K(80896K)] 84843K->2411K(256000K), 0,0004989 secs] [Times: user=0,00 sys=0,00, real=0,00 secs] 
97,943: [GC (Allocation Failure) [PSYoungGen: 80448K->64K(78848K)] 82795K->2411K(253952K), 0,0004772 secs] [Times: user=0,00 sys=0,00, real=0,00 secs] 
97,993: [GC (Allocation Failure) [PSYoungGen: 78400K->96K(76800K)] 80747K->2443K(251904K), 0,0005722 secs] [Times: user=0,00 sys=0,00, real=0,00 secs] 
98,042: [GC (Allocation Failure) [PSYoungGen: 76384K->96K(74752K)] 78731K->2443K(249856K), 0,0004748 secs] [Times: user=0,00 sys=0,00, real=0,00 secs] 
98,090: [GC (Allocation Failure) [PSYoungGen: 74336K->64K(73216K)] 76683K->2411K(248320K), 0,0004853 secs] [Times: user=0,00 sys=0,00, real=0,00 secs] 
98,136: [GC (Allocation Failure) [PSYoungGen: 72768K->64K(71680K)] 75115K->2411K(246784K), 0,0005249 secs] [Times: user=0,00 sys=0,00, real=0,00 secs] 
98,182: [GC (Allocation Failure) [PSYoungGen: 71232K->64K(70144K)] 73579K->2411K(245248K), 0,0004883 secs] [Times: user=0,00 sys=0,00, real=0,00 secs] 
98,227: [GC (Allocation Failure) [PSYoungGen: 69696K->64K(68608K)] 72043K->2411K(243712K), 0,0005070 secs] [Times: user=0,00 sys=0,00, real=0,00 secs] 
98,270: [GC (Allocation Failure) [PSYoungGen: 68160K->32K(82432K)] 70507K->2379K(257536K), 0,0005117 secs] [Times: user=0,00 sys=0,00, real=0,00 secs] 
98,323: [GC (Allocation Failure) [PSYoungGen: 81952K->64K(80384K)] 84299K->2411K(255488K), 0,0004990 secs] [Times: user=0,00 sys=0,00, real=0,00 secs] 
98,381: [GC (Allocation Failure) [PSYoungGen: 79936K->64K(78336K)] 82283K->2411K(253440K), 0,0005066 secs] [Times: user=0,00 sys=0,00, real=0,00 secs] 
98,431: [GC (Allocation Failure) [PSYoungGen: 77888K->96K(76288K)] 80235K->2443K(251392K), 0,0004872 secs] [Times: user=0,00 sys=0,00, real=0,00 secs] 
98,480: [GC (Allocation Failure) [PSYoungGen: 75872K->64K(74752K)] 78219K->2411K(249856K), 0,0004878 secs] [Times: user=0,00 sys=0,00, real=0,00 secs] 
98,528: [GC (Allocation Failure) [PSYoungGen: 74304K->96K(73216K)] 76651K->2443K(248320K), 0,0004713 secs] [Times: user=0,00 sys=0,00, real=0,00 secs] 
98,574: [GC (Allocation Failure) [PSYoungGen: 72800K->96K(71680K)] 75147K->2443K(246784K), 0,0005132 secs] [Times: user=0,00 sys=0,00, real=0,00 secs] 
98,620: [GC (Allocation Failure) [PSYoungGen: 71264K->64K(70144K)] 73611K->2411K(245248K), 0,0004967 secs] [Times: user=0,00 sys=0,00, real=0,00 secs] 
98,665: [GC (Allocation Failure) [PSYoungGen: 69696K->64K(68608K)] 72043K->2411K(243712K), 0,0005340 secs] [Times: user=0,00 sys=0,00, real=0,01 secs] 
98,709: [GC (Allocation Failure) [PSYoungGen: 68160K->64K(82432K)] 70507K->2411K(257536K), 0,0005390 secs] [Times: user=0,00 sys=0,00, real=0,00 secs] 
98,761: [GC (Allocation Failure) [PSYoungGen: 81984K->32K(80384K)] 84331K->2379K(255488K), 0,0005002 secs] [Times: user=0,01 sys=0,00, real=0,00 secs] 
98,812: [GC (Allocation Failure) [PSYoungGen: 79904K->64K(78336K)] 82251K->2411K(253440K), 0,0004779 secs] [Times: user=0,00 sys=0,00, real=0,00 secs] 
98,862: [GC (Allocation Failure) [PSYoungGen: 77888K->64K(76288K)] 80235K->2411K(251392K), 0,0004699 secs] [Times: user=0,00 sys=0,00, real=0,00 secs] 
98,911: [GC (Allocation Failure) [PSYoungGen: 75840K->96K(74752K)] 78187K->2443K(249856K), 0,0005110 secs] [Times: user=0,00 sys=0,00, real=0,00 secs] 
98,959: [GC (Allocation Failure) [PSYoungGen: 74336K->64K(73216K)] 76683K->2411K(248320K), 0,0004694 secs] [Times: user=0,00 sys=0,00, real=0,00 secs] 
99,005: [GC (Allocation Failure) [PSYoungGen: 72768K->96K(71680K)] 75115K->2443K(246784K), 0,0004690 secs] [Times: user=0,00 sys=0,00, real=0,01 secs] 
99,051: [GC (Allocation Failure) [PSYoungGen: 71264K->64K(70144K)] 73611K->2411K(245248K), 0,0004890 secs] [Times: user=0,00 sys=0,00, real=0,00 secs] 
99,095: [GC (Allocation Failure) [PSYoungGen: 69696K->32K(68608K)] 72043K->2379K(243712K), 0,0004856 secs] [Times: user=0,00 sys=0,00, real=0,00 secs] 
99,139: [GC (Allocation Failure) [PSYoungGen: 68128K->64K(67072K)] 70475K->2411K(242176K), 0,0005006 secs] [Times: user=0,00 sys=0,00, real=0,00 secs] 
99,182: [GC (Allocation Failure) [PSYoungGen: 66624K->96K(65536K)] 68971K->2443K(240640K), 0,0004940 secs] [Times: user=0,00 sys=0,00, real=0,00 secs] 
99,224: [GC (Allocation Failure) [PSYoungGen: 65120K->64K(78848K)] 67467K->2411K(253952K), 0,0004942 secs] [Times: user=0,00 sys=0,01, real=0,00 secs] 
99,275: [GC (Allocation Failure) [PSYoungGen: 78400K->64K(76800K)] 80747K->2411K(251904K), 0,0004822 secs] [Times: user=0,00 sys=0,00, real=0,00 secs] 
99,323: [GC (Allocation Failure) [PSYoungGen: 76352K->96K(74752K)] 78699K->2443K(249856K), 0,0004841 secs] [Times: user=0,00 sys=0,00, real=0,00 secs] 
99,371: [GC (Allocation Failure) [PSYoungGen: 74336K->64K(73216K)] 76683K->2411K(248320K), 0,0005465 secs] [Times: user=0,00 sys=0,00, real=0,00 secs] 
99,418: [GC (Allocation Failure) [PSYoungGen: 72768K->64K(71680K)] 75115K->2411K(246784K), 0,0004916 secs] [Times: user=0,00 sys=0,00, real=0,00 secs] 
99,463: [GC (Allocation Failure) [PSYoungGen: 71232K->64K(70144K)] 73579K->2411K(245248K), 0,0004818 secs] [Times: user=0,00 sys=0,00, real=0,00 secs] 
99,508: [GC (Allocation Failure) [PSYoungGen: 69696K->96K(84480K)] 72043K->2443K(259584K), 0,0010446 secs] [Times: user=0,00 sys=0,00, real=0,00 secs] 
99,564: [GC (Allocation Failure) [PSYoungGen: 84064K->32K(101376K)] 86411K->2379K(276480K), 0,0005786 secs] [Times: user=0,01 sys=0,00, real=0,00 secs] 
99,629: [GC (Allocation Failure) [PSYoungGen: 100896K->64K(121856K)] 103243K->2411K(296960K), 0,0005002 secs] [Times: user=0,00 sys=0,00, real=0,00 secs] 
99,707: [GC (Allocation Failure) [PSYoungGen: 121408K->96K(118272K)] 123755K->2443K(293376K), 0,0005079 secs] [Times: user=0,00 sys=0,00, real=0,00 secs] 
99,782: [GC (Allocation Failure) [PSYoungGen: 117856K->64K(114688K)] 120203K->2411K(289792K), 0,0004833 secs] [Times: user=0,00 sys=0,00, real=0,00 secs] 
99,855: [GC (Allocation Failure) [PSYoungGen: 114240K->64K(111104K)] 116587K->2411K(286208K), 0,0004892 secs] [Times: user=0,00 sys=0,00, real=0,00 secs] 
99,925: [GC (Allocation Failure) [PSYoungGen: 110656K->96K(108032K)] 113003K->2443K(283136K), 0,0005164 secs] [Times: user=0,00 sys=0,00, real=0,01 secs] 
99,994: [GC (Allocation Failure) [PSYoungGen: 107616K->96K(104960K)] 109963K->2443K(280064K), 0,0004989 secs] [Times: user=0,00 sys=0,00, real=0,00 secs] 
100,061: [GC (Allocation Failure) [PSYoungGen: 104544K->32K(101888K)] 106891K->2379K(276992K), 0,0005591 secs] [Times: user=0,01 sys=0,00, real=0,00 secs] 
100,126: [GC (Allocation Failure) [PSYoungGen: 101408K->64K(98816K)] 103755K->2411K(273920K), 0,0004968 secs] [Times: user=0,00 sys=0,00, real=0,00 secs] 
100,189: [GC (Allocation Failure) [PSYoungGen: 98368K->64K(96256K)] 100715K->2411K(271360K), 0,0005514 secs] [Times: user=0,00 sys=0,00, real=0,00 secs] 
100,250: [GC (Allocation Failure) [PSYoungGen: 95808K->64K(93696K)] 98155K->2411K(268800K), 0,0004991 secs] [Times: user=0,01 sys=0,00, real=0,00 secs] 
Heap
 PSYoungGen      total 93696K, used 52941K [0x000000076ab00000, 0x00000007a8480000, 0x00000007c0000000)
  eden space 93184K, 56% used [0x000000076ab00000,0x000000076dea3798,0x0000000770600000)
  from space 512K, 12% used [0x00000007a8400000,0x00000007a8410000,0x00000007a8480000)
  to   space 512K, 0% used [0x00000007a8380000,0x00000007a8380000,0x00000007a8400000)
 ParOldGen       total 175104K, used 2347K [0x00000006c0000000, 0x00000006cab00000, 0x000000076ab00000)
  object space 175104K, 1% used [0x00000006c0000000,0x00000006c024aff0,0x00000006cab00000)
 Metaspace       used 10301K, capacity 10538K, committed 10752K, reserved 1058816K
  class space    used 1131K, capacity 1197K, committed 1280K, reserved 1048576K
