OpenJDK 64-Bit Server VM (25.202-b05) for bsd-amd64 JRE (Zulu 8.36.0.1-CA-macosx) (1.8.0_202-b05), built on Jan 29 2019 06:07:09 by "zulu_re" with gcc 4.2.1 (Based on Apple Inc. build 5658) (LLVM build 2336.11.00)
Memory: 4k page, physical 16777216k(1566072k free)

/proc/meminfo:

CommandLine flags: -XX:InitialHeapSize=268435456 -XX:MaxHeapSize=4294967296 -XX:+PrintGC -XX:+PrintGCDetails -XX:+PrintGCTimeStamps -XX:+UseCompressedClassPointers -XX:+UseCompressedOops -XX:+UseParallelGC 
Heap
 PSYoungGen      total 76288K, used 35662K [0x000000076ab00000, 0x0000000770000000, 0x00000007c0000000)
  eden space 65536K, 54% used [0x000000076ab00000,0x000000076cdd39f8,0x000000076eb00000)
  from space 10752K, 0% used [0x000000076f580000,0x000000076f580000,0x0000000770000000)
  to   space 10752K, 0% used [0x000000076eb00000,0x000000076eb00000,0x000000076f580000)
 ParOldGen       total 175104K, used 0K [0x00000006c0000000, 0x00000006cab00000, 0x000000076ab00000)
  object space 175104K, 0% used [0x00000006c0000000,0x00000006c0000000,0x00000006cab00000)
 Metaspace       used 7637K, capacity 8001K, committed 8192K, reserved 1056768K
  class space    used 852K, capacity 948K, committed 1024K, reserved 1048576K
980: [GC (Allocation Failure) [PSYoungGen: 132736K->1632K(141824K)] 132768K->1672K(316928K), 0,0018764 secs] [Times: user=0,00 sys=0,00, real=0,00 secs] 
1,086: [GC (Allocation Failure) [PSYoungGen: 132704K->1632K(266240K)] 132744K->1672K(441344K), 0,0024798 secs] [Times: user=0,00 sys=0,00, real=0,00 secs] 
1,356: [GC (Allocation Failure) [PSYoungGen: 263776K->32K(266752K)] 263816K->1652K(441856K), 0,0021178 secs] [Times: user=0,00 sys=0,00, real=0,00 secs] 
1,559: [GC (Allocation Failure) [PSYoungGen: 262176K->96K(528896K)] 263796K->1716K(704000K), 0,0005371 secs] [Times: user=0,01 sys=0,00, real=0,00 secs] 
2,053: [GC (Allocation Failure) [PSYoungGen: 524384K->96K(528896K)] 526004K->1716K(704000K), 0,0007974 secs] [Times: user=0,00 sys=0,00, real=0,00 secs] 
2,444: [GC (Allocation Failure) [PSYoungGen: 524384K->96K(501760K)] 526004K->1732K(676864K), 0,0005525 secs] [Times: user=0,00 sys=0,00, real=0,00 secs] 
2,815: [GC (Allocation Failure) [PSYoungGen: 501344K->96K(483840K)] 502980K->1732K(658944K), 0,0005347 secs] [Times: user=0,00 sys=0,00, real=0,01 secs] 
3,192: [GC (Allocation Failure) [PSYoungGen: 479328K->96K(458752K)] 480964K->1740K(633856K), 0,0005379 secs] [Times: user=0,00 sys=0,00, real=0,00 secs] 
3,674: [GC (Allocation Failure) [PSYoungGen: 458336K->64K(442880K)] 459980K->1708K(617984K), 0,0013035 secs] [Times: user=0,00 sys=0,00, real=0,01 secs] 
4,038: [GC (Allocation Failure) [PSYoungGen: 438336K->64K(419840K)] 439980K->1708K(594944K), 0,0006620 secs] [Times: user=0,01 sys=0,00, real=0,00 secs] 
4,398: [GC (Allocation Failure) [PSYoungGen: 419392K->96K(405504K)] 421036K->1740K(580608K), 0,0005475 secs] [Times: user=0,00 sys=0,00, real=0,00 secs] 
4,716: [GC (Allocation Failure) [PSYoungGen: 401504K->96K(385024K)] 403148K->1740K(560128K), 0,0005766 secs] [Times: user=0,00 sys=0,00, real=0,00 secs] 
5,017: [GC (Allocation Failure) [PSYoungGen: 384608K->96K(372224K)] 386252K->1740K(547328K), 0,0005839 secs] [Times: user=0,00 sys=0,00, real=0,00 secs] 
5,302: [GC (Allocation Failure) [PSYoungGen: 368224K->96K(353280K)] 369868K->1748K(528384K), 0,0005747 secs] [Times: user=0,00 sys=0,00, real=0,00 secs] 
5,572: [GC (Allocation Failure) [PSYoungGen: 352864K->96K(341504K)] 354516K->1748K(516608K), 0,0005442 secs] [Times: user=0,00 sys=0,00, real=0,00 secs] 
5,825: [GC (Allocation Failure) [PSYoungGen: 338016K->96K(324608K)] 339668K->1748K(499712K), 0,0005453 secs] [Times: user=0,00 sys=0,00, real=0,01 secs] 
6,062: [GC (Allocation Failure) [PSYoungGen: 324192K->96K(313856K)] 325844K->1748K(488960K), 0,0005809 secs] [Times: user=0,00 sys=0,00, real=0,00 secs] 
6,292: [GC (Allocation Failure) [PSYoungGen: 310880K->96K(298496K)] 312532K->1748K(473600K), 0,0005851 secs] [Times: user=0,00 sys=0,00, real=0,00 secs] 
6,518: [GC (Allocation Failure) [PSYoungGen: 298080K->96K(289280K)] 299732K->1748K(464384K), 0,0005381 secs] [Times: user=0,00 sys=0,00, real=0,00 secs] 
6,732: [GC (Allocation Failure) [PSYoungGen: 286304K->96K(275456K)] 287956K->1748K(450560K), 0,0005642 secs] [Times: user=0,00 sys=0,00, real=0,00 secs] 
6,934: [GC (Allocation Failure) [PSYoungGen: 275040K->64K(266752K)] 276692K->1716K(441856K), 0,0005372 secs] [Times: user=0,00 sys=0,00, real=0,00 secs] 
7,128: [GC (Allocation Failure) [PSYoungGen: 264256K->96K(254464K)] 265908K->1748K(429568K), 0,0005626 secs] [Times: user=0,00 sys=0,00, real=0,00 secs] 
7,314: [GC (Allocation Failure) [PSYoungGen: 254048K->96K(246272K)] 255700K->1748K(421376K), 0,0009620 secs] [Times: user=0,00 sys=0,00, real=0,00 secs] 
7,495: [GC (Allocation Failure) [PSYoungGen: 244320K->64K(235520K)] 245972K->1716K(410624K), 0,0005317 secs] [Times: user=0,00 sys=0,00, real=0,00 secs] 
7,669: [GC (Allocation Failure) [PSYoungGen: 235072K->96K(228352K)] 236724K->1748K(403456K), 0,0005404 secs] [Times: user=0,00 sys=0,00, real=0,00 secs] 
7,834: [GC (Allocation Failure) [PSYoungGen: 226400K->96K(218112K)] 228052K->1748K(393216K), 0,0005223 secs] [Times: user=0,00 sys=0,00, real=0,00 secs] 
7,994: [GC (Allocation Failure) [PSYoungGen: 217696K->96K(210944K)] 219348K->1748K(386048K), 0,0005682 secs] [Times: user=0,00 sys=0,00, real=0,00 secs] 
8,149: [GC (Allocation Failure) [PSYoungGen: 209504K->96K(202240K)] 211156K->1748K(377344K), 0,0005328 secs] [Times: user=0,00 sys=0,00, real=0,00 secs] 
8,298: [GC (Allocation Failure) [PSYoungGen: 201824K->96K(196096K)] 203476K->1748K(371200K), 0,0005238 secs] [Times: user=0,00 sys=0,00, real=0,00 secs] 
8,441: [GC (Allocation Failure) [PSYoungGen: 194656K->64K(187904K)] 196308K->1716K(363008K), 0,0005178 secs] [Times: user=0,01 sys=0,00, real=0,00 secs] 
8,579: [GC (Allocation Failure) [PSYoungGen: 187456K->96K(182272K)] 189108K->1748K(357376K), 0,0005400 secs] [Times: user=0,00 sys=0,00, real=0,00 secs] 
8,713: [GC (Allocation Failure) [PSYoungGen: 180832K->96K(175104K)] 182484K->1748K(350208K), 0,0005349 secs] [Times: user=0,00 sys=0,00, real=0,00 secs] 
8,842: [GC (Allocation Failure) [PSYoungGen: 174688K->96K(169472K)] 176340K->1756K(344576K), 0,0006324 secs] [Times: user=0,01 sys=0,00, real=0,00 secs] 
8,965: [GC (Allocation Failure) [PSYoungGen: 168544K->64K(163328K)] 170204K->1724K(338432K), 0,0006100 secs] [Times: user=0,00 sys=0,00, real=0,00 secs] 
9,082: [GC (Allocation Failure) [PSYoungGen: 162880K->96K(158208K)] 164540K->1756K(333312K), 0,0005547 secs] [Times: user=0,00 sys=0,00, real=0,00 secs] 
9,195: [GC (Allocation Failure) [PSYoungGen: 157280K->96K(152576K)] 158940K->1756K(327680K), 0,0005408 secs] [Times: user=0,00 sys=0,00, real=0,01 secs] 
9,303: [GC (Allocation Failure) [PSYoungGen: 152160K->96K(147968K)] 153820K->1756K(323072K), 0,0005881 secs] [Times: user=0,00 sys=0,00, real=0,00 secs] 
9,408: [GC (Allocation Failure) [PSYoungGen: 147040K->96K(142848K)] 148700K->1756K(317952K), 0,0005405 secs] [Times: user=0,00 sys=0,00, real=0,00 secs] 
9,512: [GC (Allocation Failure) [PSYoungGen: 142432K->96K(138752K)] 144092K->1756K(313856K), 0,0005024 secs] [Times: user=0,01 sys=0,00, real=0,00 secs] 
9,610: [GC (Allocation Failure) [PSYoungGen: 137824K->64K(133632K)] 139484K->1724K(308736K), 0,0005128 secs] [Times: user=0,00 sys=0,00, real=0,00 secs] 
9,706: [GC (Allocation Failure) [PSYoungGen: 133184K->96K(130048K)] 134844K->1756K(305152K), 0,0006417 secs] [Times: user=0,00 sys=0,00, real=0,00 secs] 
9,798: [GC (Allocation Failure) [PSYoungGen: 129120K->96K(125440K)] 130780K->1756K(300544K), 0,0010431 secs] [Times: user=0,00 sys=0,00, real=0,00 secs] 
9,888: [GC (Allocation Failure) [PSYoungGen: 125024K->64K(121344K)] 126684K->1724K(296448K), 0,0004978 secs] [Times: user=0,00 sys=0,00, real=0,00 secs] 
9,974: [GC (Allocation Failure) [PSYoungGen: 120896K->96K(117760K)] 122556K->1756K(292864K), 0,0007058 secs] [Times: user=0,00 sys=0,00, real=0,00 secs] 
10,058: [GC (Allocation Failure) [PSYoungGen: 117344K->64K(114176K)] 119004K->1724K(289280K), 0,0004940 secs] [Times: user=0,00 sys=0,00, real=0,00 secs] 
10,140: [GC (Allocation Failure) [PSYoungGen: 113728K->64K(110592K)] 115388K->1724K(285696K), 0,0004899 secs] [Times: user=0,00 sys=0,00, real=0,00 secs] 
10,219: [GC (Allocation Failure) [PSYoungGen: 110143K->64K(107520K)] 111804K->1724K(282624K), 0,0004966 secs] [Times: user=0,00 sys=0,00, real=0,00 secs] 
10,301: [GC (Allocation Failure) [PSYoungGen: 107072K->192K(104448K)] 108732K->1852K(279552K), 0,0006018 secs] [Times: user=0,00 sys=0,00, real=0,00 secs] 
10,376: [GC (Allocation Failure) [PSYoungGen: 104128K->64K(101376K)] 105788K->1788K(276480K), 0,0004812 secs] [Times: user=0,01 sys=0,00, real=0,00 secs] 
10,450: [GC (Allocation Failure) [PSYoungGen: 100928K->64K(98816K)] 102652K->1788K(273920K), 0,0005309 secs] [Times: user=0,00 sys=0,00, real=0,00 secs] 
10,522: [GC (Allocation Failure) [PSYoungGen: 98368K->64K(96256K)] 100092K->1788K(271360K), 0,0005583 secs] [Times: user=0,00 sys=0,00, real=0,00 secs] 
10,591: [GC (Allocation Failure) [PSYoungGen: 95808K->128K(93696K)] 97532K->1852K(268800K), 0,0006127 secs] [Times: user=0,00 sys=0,00, real=0,00 secs] 
10,659: [GC (Allocation Failure) [PSYoungGen: 93312K->64K(91136K)] 95036K->1788K(266240K), 0,0005177 secs] [Times: user=0,00 sys=0,00, real=0,00 secs] 
10,724: [GC (Allocation Failure) [PSYoungGen: 90688K->64K(88576K)] 92412K->1788K(263680K), 0,0004925 secs] [Times: user=0,00 sys=0,00, real=0,00 secs] 
10,788: [GC (Allocation Failure) [PSYoungGen: 88128K->64K(106496K)] 89852K->1788K(281600K), 0,0015086 secs] [Times: user=0,00 sys=0,00, real=0,00 secs] 
10,867: [GC (Allocation Failure) [PSYoungGen: 106048K->64K(103424K)] 107772K->1788K(278528K), 0,0004929 secs] [Times: user=0,00 sys=0,00, real=0,00 secs] 
10,976: [GC (Allocation Failure) [PSYoungGen: 102976K->32K(100352K)] 104700K->1756K(275456K), 0,0007080 secs] [Times: user=0,00 sys=0,00, real=0,00 secs] 
11,049: [GC (Allocation Failure) [PSYoungGen: 99872K->64K(97792K)] 101596K->1788K(272896K), 0,0004961 secs] [Times: user=0,00 sys=0,00, real=0,00 secs] 
11,120: [GC (Allocation Failure) [PSYoungGen: 97344K->64K(95232K)] 99068K->1788K(270336K), 0,0004941 secs] [Times: user=0,00 sys=0,00, real=0,00 secs] 
11,189: [GC (Allocation Failure) [PSYoungGen: 94784K->64K(92672K)] 96508K->1788K(267776K), 0,0005261 secs] [Times: user=0,00 sys=0,00, real=0,00 secs] 
11,255: [GC (Allocation Failure) [PSYoungGen: 92224K->64K(90112K)] 93948K->1788K(265216K), 0,0005273 secs] [Times: user=0,00 sys=0,00, real=0,01 secs] 
11,319: [GC (Allocation Failure) [PSYoungGen: 89664K->96K(87552K)] 91388K->1820K(262656K), 0,0005020 secs] [Times: user=0,00 sys=0,00, real=0,00 secs] 
11,381: [GC (Allocation Failure) [PSYoungGen: 87136K->96K(85504K)] 88860K->1820K(260608K), 0,0006592 secs] [Times: user=0,00 sys=0,00, real=0,00 secs] 
11,443: [GC (Allocation Failure) [PSYoungGen: 85088K->64K(83456K)] 86812K->1788K(258560K), 0,0005166 secs] [Times: user=0,00 sys=0,00, real=0,00 secs] 
11,505: [GC (Allocation Failure) [PSYoungGen: 83008K->96K(81408K)] 84732K->1820K(256512K), 0,0005132 secs] [Times: user=0,00 sys=0,00, real=0,01 secs] 
11,564: [GC (Allocation Failure) [PSYoungGen: 80992K->96K(79360K)] 82716K->1820K(254464K), 0,0004774 secs] [Times: user=0,00 sys=0,00, real=0,00 secs] 
11,621: [GC (Allocation Failure) [PSYoungGen: 78944K->64K(77312K)] 80668K->1788K(252416K), 0,0004907 secs] [Times: user=0,00 sys=0,00, real=0,00 secs] 
11,678: [GC (Allocation Failure) [PSYoungGen: 76864K->96K(75264K)] 78588K->1820K(250368K), 0,0005635 secs] [Times: user=0,00 sys=0,00, real=0,00 secs] 
11,736: [GC (Allocation Failure) [PSYoungGen: 74848K->64K(73728K)] 76572K->1788K(248832K), 0,0004979 secs] [Times: user=0,00 sys=0,00, real=0,00 secs] 
11,791: [GC (Allocation Failure) [PSYoungGen: 73280K->64K(72192K)] 75004K->1788K(247296K), 0,0005429 secs] [Times: user=0,00 sys=0,00, real=0,00 secs] 
11,844: [GC (Allocation Failure) [PSYoungGen: 71744K->64K(70656K)] 73468K->1788K(245760K), 0,0005243 secs] [Times: user=0,00 sys=0,00, real=0,00 secs] 
11,900: [GC (Allocation Failure) [PSYoungGen: 70208K->96K(84992K)] 71932K->1820K(260096K), 0,0010437 secs] [Times: user=0,00 sys=0,00, real=0,00 secs] 
11,973: [GC (Allocation Failure) [PSYoungGen: 84576K->64K(101888K)] 86300K->1788K(276992K), 0,0010794 secs] [Times: user=0,01 sys=0,00, real=0,00 secs] 
12,049: [GC (Allocation Failure) [PSYoungGen: 101440K->128K(122368K)] 103164K->1852K(297472K), 0,0007471 secs] [Times: user=0,00 sys=0,00, real=0,00 secs] 
12,140: [GC (Allocation Failure) [PSYoungGen: 121984K->64K(146944K)] 123708K->1788K(322048K), 0,0007664 secs] [Times: user=0,00 sys=0,00, real=0,00 secs] 
12,270: [GC (Allocation Failure) [PSYoungGen: 146496K->64K(142336K)] 148220K->1788K(317440K), 0,0009914 secs] [Times: user=0,01 sys=0,00, real=0,00 secs] 
12,382: [GC (Allocation Failure) [PSYoungGen: 141888K->64K(137728K)] 143612K->1788K(312832K), 0,0006349 secs] [Times: user=0,01 sys=0,00, real=0,00 secs] 
12,496: [GC (Allocation Failure) [PSYoungGen: 137280K->96K(133120K)] 139004K->1820K(308224K), 0,0005447 secs] [Times: user=0,00 sys=0,00, real=0,00 secs] 
12,597: [GC (Allocation Failure) [PSYoungGen: 132704K->64K(129024K)] 134428K->1788K(304128K), 0,0005085 secs] [Times: user=0,00 sys=0,01, real=0,00 secs] 
12,698: [GC (Allocation Failure) [PSYoungGen: 128576K->64K(124928K)] 130300K->1788K(300032K), 0,0005803 secs] [Times: user=0,00 sys=0,00, real=0,00 secs] 
12,817: [GC (Allocation Failure) [PSYoungGen: 124480K->64K(121344K)] 126204K->1788K(296448K), 0,0005314 secs] [Times: user=0,00 sys=0,00, real=0,00 secs] 
12,923: [GC (Allocation Failure) [PSYoungGen: 120896K->64K(117760K)] 122620K->1788K(292864K), 0,0011186 secs] [Times: user=0,01 sys=0,00, real=0,00 secs] 
13,028: [GC (Allocation Failure) [PSYoungGen: 117312K->96K(114176K)] 119036K->1820K(289280K), 0,0005411 secs] [Times: user=0,00 sys=0,00, real=0,00 secs] 
13,129: [GC (Allocation Failure) [PSYoungGen: 113760K->64K(110592K)] 115484K->1788K(285696K), 0,0009815 secs] [Times: user=0,00 sys=0,00, real=0,00 secs] 
13,226: [GC (Allocation Failure) [PSYoungGen: 110144K->64K(107520K)] 111868K->1788K(282624K), 0,0011207 secs] [Times: user=0,00 sys=0,00, real=0,00 secs] 
13,317: [GC (Allocation Failure) [PSYoungGen: 107072K->96K(104448K)] 108796K->1820K(279552K), 0,0006309 secs] [Times: user=0,00 sys=0,00, real=0,00 secs] 
13,435: [GC (Allocation Failure) [PSYoungGen: 104032K->64K(101376K)] 105756K->1788K(276480K), 0,0034559 secs] [Times: user=0,00 sys=0,00, real=0,01 secs] 
13,528: [GC (Allocation Failure) [PSYoungGen: 100928K->64K(98816K)] 102652K->1788K(273920K), 0,0005223 secs] [Times: user=0,00 sys=0,00, real=0,00 secs] 
13,606: [GC (Allocation Failure) [PSYoungGen: 98368K->96K(96256K)] 100092K->1820K(271360K), 0,0005717 secs] [Times: user=0,00 sys=0,00, real=0,00 secs] 
13,685: [GC (Allocation Failure) [PSYoungGen: 95840K->96K(93696K)] 97564K->1820K(268800K), 0,0006172 secs] [Times: user=0,00 sys=0,00, real=0,01 secs] 
13,772: [GC (Allocation Failure) [PSYoungGen: 93280K->64K(91136K)] 95004K->1788K(266240K), 0,0009553 secs] [Times: user=0,00 sys=0,00, real=0,00 secs] 
13,868: [GC (Allocation Failure) [PSYoungGen: 90688K->64K(88576K)] 92412K->1788K(263680K), 0,0005922 secs] [Times: user=0,00 sys=0,00, real=0,00 secs] 
13,953: [GC (Allocation Failure) [PSYoungGen: 88127K->64K(86528K)] 89852K->1788K(261632K), 0,0005302 secs] [Times: user=0,00 sys=0,00, real=0,00 secs] 
14,026: [GC (Allocation Failure) [PSYoungGen: 86079K->96K(84480K)] 87804K->1820K(259584K), 0,0005308 secs] [Times: user=0,00 sys=0,00, real=0,00 secs] 
14,100: [GC (Allocation Failure) [PSYoungGen: 84064K->96K(82432K)] 85788K->1820K(257536K), 0,0005349 secs] [Times: user=0,00 sys=0,00, real=0,00 secs] 
14,179: [GC (Allocation Failure) [PSYoungGen: 82016K->64K(80384K)] 83740K->1788K(255488K), 0,0011132 secs] [Times: user=0,01 sys=0,00, real=0,00 secs] 
14,245: [GC (Allocation Failure) [PSYoungGen: 79936K->64K(96768K)] 81660K->1788K(271872K), 0,0010735 secs] [Times: user=0,00 sys=0,00, real=0,01 secs] 
14,323: [GC (Allocation Failure) [PSYoungGen: 96320K->96K(94208K)] 98044K->1820K(269312K), 0,0005743 secs] [Times: user=0,00 sys=0,00, real=0,00 secs] 
14,400: [GC (Allocation Failure) [PSYoungGen: 93792K->96K(91648K)] 95516K->1820K(266752K), 0,0005458 secs] [Times: user=0,01 sys=0,00, real=0,00 secs] 
14,481: [GC (Allocation Failure) [PSYoungGen: 91232K->32K(89088K)] 92956K->1756K(264192K), 0,0006468 secs] [Times: user=0,00 sys=0,00, real=0,00 secs] 
14,558: [GC (Allocation Failure) [PSYoungGen: 88608K->64K(87040K)] 90332K->1788K(262144K), 0,0005885 secs] [Times: user=0,00 sys=0,00, real=0,00 secs] 
14,633: [GC (Allocation Failure) [PSYoungGen: 86592K->64K(84992K)] 88316K->1788K(260096K), 0,0005513 secs] [Times: user=0,00 sys=0,00, real=0,00 secs] 
14,706: [GC (Allocation Failure) [PSYoungGen: 84544K->64K(82944K)] 86268K->1788K(258048K), 0,0006212 secs] [Times: user=0,00 sys=0,00, real=0,00 secs] 
14,776: [GC (Allocation Failure) [PSYoungGen: 82496K->96K(80896K)] 84220K->1820K(256000K), 0,0005468 secs] [Times: user=0,00 sys=0,00, real=0,00 secs] 
14,842: [GC (Allocation Failure) [PSYoungGen: 80479K->96K(78848K)] 82204K->1820K(253952K), 0,0005356 secs] [Times: user=0,00 sys=0,00, real=0,00 secs] 
14,906: [GC (Allocation Failure) [PSYoungGen: 78432K->32K(94720K)] 80156K->1756K(269824K), 0,0014191 secs] [Times: user=0,00 sys=0,00, real=0,00 secs] 
14,996: [GC (Allocation Failure) [PSYoungGen: 94240K->64K(92160K)] 95964K->1788K(267264K), 0,0005596 secs] [Times: user=0,00 sys=0,00, real=0,00 secs] 
15,083: [GC (Allocation Failure) [PSYoungGen: 91712K->64K(110592K)] 93436K->1788K(285696K), 0,0019093 secs] [Times: user=0,00 sys=0,00, real=0,00 secs] 
15,190: [GC (Allocation Failure) [PSYoungGen: 110144K->96K(132608K)] 111868K->1820K(307712K), 0,0005223 secs] [Times: user=0,00 sys=0,00, real=0,00 secs] 
15,317: [GC (Allocation Failure) [PSYoungGen: 132192K->32K(128512K)] 133916K->1756K(303616K), 0,0011002 secs] [Times: user=0,01 sys=0,00, real=0,00 secs] 
15,452: [GC (Allocation Failure) [PSYoungGen: 128032K->96K(124416K)] 129756K->1820K(299520K), 0,0005347 secs] [Times: user=0,00 sys=0,00, real=0,00 secs] 
15,558: [GC (Allocation Failure) [PSYoungGen: 124000K->96K(120832K)] 125724K->1820K(295936K), 0,0005338 secs] [Times: user=0,00 sys=0,00, real=0,00 secs] 
15,658: [GC (Allocation Failure) [PSYoungGen: 120415K->64K(117248K)] 122140K->1788K(292352K), 0,0005333 secs] [Times: user=0,00 sys=0,00, real=0,00 secs] 
15,754: [GC (Allocation Failure) [PSYoungGen: 116800K->96K(113664K)] 118524K->1820K(288768K), 0,0005299 secs] [Times: user=0,00 sys=0,00, real=0,00 secs] 
15,846: [GC (Allocation Failure) [PSYoungGen: 113248K->64K(110592K)] 114972K->1788K(285696K), 0,0005209 secs] [Times: user=0,01 sys=0,00, real=0,00 secs] 
15,987: [GC (Allocation Failure) [PSYoungGen: 110144K->32K(132608K)] 111868K->1756K(307712K), 0,0206245 secs] [Times: user=0,00 sys=0,00, real=0,02 secs] 
16,244: [GC (Allocation Failure) [PSYoungGen: 132128K->96K(159232K)] 133852K->1820K(334336K), 0,0016167 secs] [Times: user=0,00 sys=0,00, real=0,01 secs] 
16,416: [GC (Allocation Failure) [PSYoungGen: 158816K->64K(190976K)] 160540K->1788K(366080K), 0,0011897 secs] [Times: user=0,00 sys=0,00, real=0,00 secs] 
16,715: [GC (Allocation Failure) [PSYoungGen: 190528K->96K(229376K)] 192252K->1820K(404480K), 0,0006928 secs] [Times: user=0,00 sys=0,00, real=0,00 secs] 
16,961: [GC (Allocation Failure) [PSYoungGen: 228960K->96K(275456K)] 230684K->1820K(450560K), 0,0006027 secs] [Times: user=0,00 sys=0,00, real=0,00 secs] 
17,303: [GC (Allocation Failure) [PSYoungGen: 275040K->64K(330752K)] 276764K->1788K(505856K), 0,0030697 secs] [Times: user=0,00 sys=0,00, real=0,01 secs] 
17,686: [GC (Allocation Failure) [PSYoungGen: 330304K->96K(396800K)] 332028K->1820K(571904K), 0,0012430 secs] [Times: user=0,00 sys=0,00, real=0,00 secs] 
18,148: [GC (Allocation Failure) [PSYoungGen: 396384K->64K(379904K)] 398108K->1796K(555008K), 0,0006377 secs] [Times: user=0,00 sys=0,00, real=0,00 secs] 
18,605: [GC (Allocation Failure) [PSYoungGen: 379456K->96K(364032K)] 381188K->1828K(539136K), 0,0004631 secs] [Times: user=0,00 sys=0,00, real=0,01 secs] 
18,947: [GC (Allocation Failure) [PSYoungGen: 363616K->96K(348672K)] 365348K->1828K(523776K), 0,0007633 secs] [Times: user=0,00 sys=0,00, real=0,00 secs] 
19,269: [GC (Allocation Failure) [PSYoungGen: 348256K->64K(334336K)] 349988K->1796K(509440K), 0,0005119 secs] [Times: user=0,00 sys=0,00, real=0,00 secs] 
19,590: [GC (Allocation Failure) [PSYoungGen: 333888K->96K(320512K)] 335620K->1828K(495616K), 0,0005422 secs] [Times: user=0,00 sys=0,00, real=0,00 secs] 
19,873: [GC (Allocation Failure) [PSYoungGen: 320096K->96K(307712K)] 321828K->1828K(482816K), 0,0006685 secs] [Times: user=0,00 sys=0,00, real=0,00 secs] 
20,140: [GC (Allocation Failure) [PSYoungGen: 307296K->64K(295424K)] 309028K->1796K(470528K), 0,0008279 secs] [Times: user=0,00 sys=0,00, real=0,00 secs] 
20,391: [GC (Allocation Failure) [PSYoungGen: 294976K->96K(283648K)] 296708K->1828K(458752K), 0,0005450 secs] [Times: user=0,00 sys=0,00, real=0,00 secs] 
20,633: [GC (Allocation Failure) [PSYoungGen: 283232K->96K(272384K)] 284964K->1852K(447488K), 0,0005591 secs] [Times: user=0,00 sys=0,00, real=0,00 secs] 
20,871: [GC (Allocation Failure) [PSYoungGen: 271968K->96K(261632K)] 273724K->1852K(436736K), 0,0005332 secs] [Times: user=0,00 sys=0,00, real=0,00 secs] 
21,082: [GC (Allocation Failure) [PSYoungGen: 261216K->96K(251392K)] 262972K->1852K(426496K), 0,0005334 secs] [Times: user=0,01 sys=0,00, real=0,00 secs] 
21,291: [GC (Allocation Failure) [PSYoungGen: 250976K->64K(241664K)] 252732K->1820K(416768K), 0,0005263 secs] [Times: user=0,00 sys=0,00, real=0,00 secs] 
21,518: [GC (Allocation Failure) [PSYoungGen: 241216K->64K(232448K)] 242972K->1820K(407552K), 0,0006049 secs] [Times: user=0,00 sys=0,00, real=0,00 secs] 
21,712: [GC (Allocation Failure) [PSYoungGen: 232000K->96K(223744K)] 233756K->1852K(398848K), 0,0005443 secs] [Times: user=0,00 sys=0,00, real=0,00 secs] 
21,889: [GC (Allocation Failure) [PSYoungGen: 223328K->64K(215552K)] 225084K->1820K(390656K), 0,0005607 secs] [Times: user=0,00 sys=0,00, real=0,00 secs] 
22,064: [GC (Allocation Failure) [PSYoungGen: 215104K->96K(207360K)] 216860K->1852K(382464K), 0,0005254 secs] [Times: user=0,00 sys=0,00, real=0,00 secs] 
22,239: [GC (Allocation Failure) [PSYoungGen: 206944K->64K(199680K)] 208700K->1820K(374784K), 0,0006259 secs] [Times: user=0,01 sys=0,00, real=0,00 secs] 
22,400: [GC (Allocation Failure) [PSYoungGen: 199232K->96K(192512K)] 200988K->1852K(367616K), 0,0006239 secs] [Times: user=0,00 sys=0,00, real=0,00 secs] 
22,555: [GC (Allocation Failure) [PSYoungGen: 192096K->96K(185856K)] 193852K->1852K(360960K), 0,0006168 secs] [Times: user=0,01 sys=0,00, real=0,00 secs] 
22,698: [GC (Allocation Failure) [PSYoungGen: 185440K->96K(179200K)] 187196K->1852K(354304K), 0,0005197 secs] [Times: user=0,00 sys=0,00, real=0,00 secs] 
22,838: [GC (Allocation Failure) [PSYoungGen: 178784K->96K(173056K)] 180540K->1852K(348160K), 0,0009186 secs] [Times: user=0,01 sys=0,00, real=0,00 secs] 
22,980: [GC (Allocation Failure) [PSYoungGen: 172640K->96K(166912K)] 174396K->1852K(342016K), 0,0005260 secs] [Times: user=0,00 sys=0,00, real=0,00 secs] 
23,110: [GC (Allocation Failure) [PSYoungGen: 166496K->96K(161280K)] 168252K->1852K(336384K), 0,0005314 secs] [Times: user=0,00 sys=0,00, real=0,00 secs] 
23,233: [GC (Allocation Failure) [PSYoungGen: 160864K->64K(155648K)] 162620K->1820K(330752K), 0,0008688 secs] [Times: user=0,00 sys=0,00, real=0,00 secs] 
23,362: [GC (Allocation Failure) [PSYoungGen: 155200K->64K(150528K)] 156956K->1820K(325632K), 0,0005132 secs] [Times: user=0,00 sys=0,00, real=0,00 secs] 
23,490: [GC (Allocation Failure) [PSYoungGen: 150080K->64K(145408K)] 151836K->1820K(320512K), 0,0015337 secs] [Times: user=0,01 sys=0,00, real=0,00 secs] 
23,608: [GC (Allocation Failure) [PSYoungGen: 144960K->96K(140800K)] 146716K->1852K(315904K), 0,0005250 secs] [Times: user=0,00 sys=0,00, real=0,00 secs] 
23,725: [GC (Allocation Failure) [PSYoungGen: 140384K->96K(136192K)] 142140K->1852K(311296K), 0,0005605 secs] [Times: user=0,00 sys=0,00, real=0,00 secs] 
23,838: [GC (Allocation Failure) [PSYoungGen: 135776K->96K(132096K)] 137532K->1852K(307200K), 0,0006150 secs] [Times: user=0,00 sys=0,00, real=0,00 secs] 
23,946: [GC (Allocation Failure) [PSYoungGen: 131679K->96K(128000K)] 133436K->1852K(303104K), 0,0005250 secs] [Times: user=0,00 sys=0,00, real=0,00 secs] 
24,051: [GC (Allocation Failure) [PSYoungGen: 127584K->96K(123904K)] 129340K->1852K(299008K), 0,0010878 secs] [Times: user=0,00 sys=0,00, real=0,00 secs] 
24,167: [GC (Allocation Failure) [PSYoungGen: 123488K->64K(120320K)] 125244K->1820K(295424K), 0,0006162 secs] [Times: user=0,00 sys=0,00, real=0,00 secs] 
24,266: [GC (Allocation Failure) [PSYoungGen: 119872K->96K(116736K)] 121628K->1852K(291840K), 0,0005682 secs] [Times: user=0,01 sys=0,00, real=0,00 secs] 
24,355: [GC (Allocation Failure) [PSYoungGen: 116320K->96K(113152K)] 118076K->1852K(288256K), 0,0005275 secs] [Times: user=0,00 sys=0,00, real=0,00 secs] 
24,446: [GC (Allocation Failure) [PSYoungGen: 112736K->96K(110080K)] 114492K->1852K(285184K), 0,0005236 secs] [Times: user=0,00 sys=0,00, real=0,00 secs] 
24,543: [GC (Allocation Failure) [PSYoungGen: 109664K->96K(107008K)] 111420K->1852K(282112K), 0,0005679 secs] [Times: user=0,00 sys=0,00, real=0,00 secs] 
24,640: [GC (Allocation Failure) [PSYoungGen: 106592K->32K(103936K)] 108348K->1788K(279040K), 0,0009913 secs] [Times: user=0,00 sys=0,00, real=0,00 secs] 
24,726: [GC (Allocation Failure) [PSYoungGen: 103456K->96K(100864K)] 105212K->1852K(275968K), 0,0005707 secs] [Times: user=0,00 sys=0,00, real=0,00 secs] 
24,812: [GC (Allocation Failure) [PSYoungGen: 100448K->96K(98304K)] 102204K->1852K(273408K), 0,0005238 secs] [Times: user=0,00 sys=0,00, real=0,00 secs] 
24,890: [GC (Allocation Failure) [PSYoungGen: 97888K->96K(95744K)] 99644K->1852K(270848K), 0,0005315 secs] [Times: user=0,00 sys=0,00, real=0,00 secs] 
24,996: [GC (Allocation Failure) [PSYoungGen: 95328K->64K(93184K)] 97084K->1820K(268288K), 0,0012052 secs] [Times: user=0,01 sys=0,00, real=0,00 secs] 
25,089: [GC (Allocation Failure) [PSYoungGen: 92736K->96K(90624K)] 94492K->1852K(265728K), 0,0005424 secs] [Times: user=0,00 sys=0,00, real=0,00 secs] 
25,163: [GC (Allocation Failure) [PSYoungGen: 90208K->96K(88064K)] 91964K->1852K(263168K), 0,0008434 secs] [Times: user=0,01 sys=0,00, real=0,00 secs] 
25,257: [GC (Allocation Failure) [PSYoungGen: 87648K->64K(86016K)] 89404K->1820K(261120K), 0,0010964 secs] [Times: user=0,00 sys=0,00, real=0,00 secs] 
25,366: [GC (Allocation Failure) [PSYoungGen: 85568K->64K(103424K)] 87324K->1820K(278528K), 0,0021674 secs] [Times: user=0,00 sys=0,00, real=0,00 secs] 
25,476: [GC (Allocation Failure) [PSYoungGen: 102976K->32K(124416K)] 104732K->1788K(299520K), 0,0012316 secs] [Times: user=0,00 sys=0,01, real=0,00 secs] 
25,594: [GC (Allocation Failure) [PSYoungGen: 123936K->64K(120832K)] 125692K->1820K(295936K), 0,0005161 secs] [Times: user=0,00 sys=0,00, real=0,00 secs] 
25,724: [GC (Allocation Failure) [PSYoungGen: 120384K->96K(117248K)] 122140K->1852K(292352K), 0,0005213 secs] [Times: user=0,00 sys=0,00, real=0,00 secs] 
25,815: [GC (Allocation Failure) [PSYoungGen: 116832K->64K(113664K)] 118588K->1820K(288768K), 0,0005237 secs] [Times: user=0,00 sys=0,00, real=0,01 secs] 
25,902: [GC (Allocation Failure) [PSYoungGen: 113216K->64K(110592K)] 114972K->1820K(285696K), 0,0005872 secs] [Times: user=0,00 sys=0,00, real=0,00 secs] 
25,989: [GC (Allocation Failure) [PSYoungGen: 110144K->64K(107520K)] 111900K->1820K(282624K), 0,0006053 secs] [Times: user=0,01 sys=0,00, real=0,00 secs] 
26,074: [GC (Allocation Failure) [PSYoungGen: 107072K->96K(104448K)] 108828K->1852K(279552K), 0,0005258 secs] [Times: user=0,00 sys=0,00, real=0,00 secs] 
26,160: [GC (Allocation Failure) [PSYoungGen: 104032K->96K(101376K)] 105788K->1852K(276480K), 0,0005203 secs] [Times: user=0,00 sys=0,00, real=0,00 secs] 
26,248: [GC (Allocation Failure) [PSYoungGen: 100959K->64K(98816K)] 102716K->1820K(273920K), 0,0005510 secs] [Times: user=0,00 sys=0,00, real=0,00 secs] 
26,327: [GC (Allocation Failure) [PSYoungGen: 98368K->64K(96256K)] 100124K->1820K(271360K), 0,0005830 secs] [Times: user=0,01 sys=0,00, real=0,00 secs] 
26,402: [GC (Allocation Failure) [PSYoungGen: 95808K->96K(93696K)] 97564K->1852K(268800K), 0,0005447 secs] [Times: user=0,00 sys=0,00, real=0,00 secs] 
26,475: [GC (Allocation Failure) [PSYoungGen: 93280K->96K(91136K)] 95036K->1852K(266240K), 0,0006087 secs] [Times: user=0,00 sys=0,00, real=0,00 secs] 
26,551: [GC (Allocation Failure) [PSYoungGen: 90720K->64K(88576K)] 92476K->1820K(263680K), 0,0005946 secs] [Times: user=0,00 sys=0,00, real=0,00 secs] 
26,622: [GC (Allocation Failure) [PSYoungGen: 88128K->64K(86528K)] 89884K->1820K(261632K), 0,0005099 secs] [Times: user=0,00 sys=0,00, real=0,00 secs] 
26,692: [GC (Allocation Failure) [PSYoungGen: 86080K->96K(84480K)] 87836K->1852K(259584K), 0,0005330 secs] [Times: user=0,01 sys=0,00, real=0,00 secs] 
26,760: [GC (Allocation Failure) [PSYoungGen: 84064K->96K(82432K)] 85820K->1852K(257536K), 0,0005088 secs] [Times: user=0,00 sys=0,00, real=0,00 secs] 
26,824: [GC (Allocation Failure) [PSYoungGen: 82016K->32K(80384K)] 83772K->1788K(255488K), 0,0006537 secs] [Times: user=0,01 sys=0,00, real=0,00 secs] 
26,887: [GC (Allocation Failure) [PSYoungGen: 79904K->64K(78336K)] 81660K->1820K(253440K), 0,0005311 secs] [Times: user=0,00 sys=0,00, real=0,00 secs] 
26,948: [GC (Allocation Failure) [PSYoungGen: 77888K->96K(76288K)] 79644K->1852K(251392K), 0,0005000 secs] [Times: user=0,00 sys=0,00, real=0,00 secs] 
27,007: [GC (Allocation Failure) [PSYoungGen: 75872K->64K(74752K)] 77628K->1820K(249856K), 0,0009769 secs] [Times: user=0,00 sys=0,00, real=0,00 secs] 
27,071: [GC (Allocation Failure) [PSYoungGen: 74304K->96K(73216K)] 76060K->1852K(248320K), 0,0005635 secs] [Times: user=0,00 sys=0,00, real=0,00 secs] 
27,129: [GC (Allocation Failure) [PSYoungGen: 72800K->64K(71680K)] 74556K->1820K(246784K), 0,0005215 secs] [Times: user=0,00 sys=0,00, real=0,00 secs] 
27,184: [GC (Allocation Failure) [PSYoungGen: 71232K->64K(86016K)] 72988K->1820K(261120K), 0,0008593 secs] [Times: user=0,00 sys=0,00, real=0,01 secs] 
27,251: [GC (Allocation Failure) [PSYoungGen: 85568K->64K(83968K)] 87324K->1820K(259072K), 0,0005565 secs] [Times: user=0,00 sys=0,00, real=0,00 secs] 
27,315: [GC (Allocation Failure) [PSYoungGen: 83520K->128K(81920K)] 85276K->1884K(257024K), 0,0006810 secs] [Times: user=0,00 sys=0,00, real=0,01 secs] 
27,378: [GC (Allocation Failure) [PSYoungGen: 81536K->96K(79872K)] 83292K->1852K(254976K), 0,0005240 secs] [Times: user=0,00 sys=0,00, real=0,00 secs] 
27,439: [GC (Allocation Failure) [PSYoungGen: 79456K->64K(77824K)] 81212K->1820K(252928K), 0,0005156 secs] [Times: user=0,00 sys=0,01, real=0,00 secs] 
27,500: [GC (Allocation Failure) [PSYoungGen: 77376K->64K(75776K)] 79132K->1820K(250880K), 0,0005322 secs] [Times: user=0,00 sys=0,00, real=0,00 secs] 
27,559: [GC (Allocation Failure) [PSYoungGen: 75328K->96K(74240K)] 77084K->1852K(249344K), 0,0005196 secs] [Times: user=0,00 sys=0,00, real=0,00 secs] 
27,617: [GC (Allocation Failure) [PSYoungGen: 73824K->96K(72704K)] 75580K->1852K(247808K), 0,0005554 secs] [Times: user=0,00 sys=0,00, real=0,00 secs] 
27,673: [GC (Allocation Failure) [PSYoungGen: 72288K->64K(71168K)] 74044K->1820K(246272K), 0,0005077 secs] [Times: user=0,00 sys=0,00, real=0,00 secs] 
27,729: [GC (Allocation Failure) [PSYoungGen: 70720K->64K(69632K)] 72476K->1820K(244736K), 0,0007986 secs] [Times: user=0,01 sys=0,00, real=0,00 secs] 
27,783: [GC (Allocation Failure) [PSYoungGen: 69184K->64K(68096K)] 70940K->1820K(243200K), 0,0005190 secs] [Times: user=0,00 sys=0,00, real=0,00 secs] 
27,836: [GC (Allocation Failure) [PSYoungGen: 67648K->96K(66560K)] 69404K->1852K(241664K), 0,0005182 secs] [Times: user=0,00 sys=0,00, real=0,00 secs] 
27,888: [GC (Allocation Failure) [PSYoungGen: 66144K->96K(79872K)] 67900K->1852K(254976K), 0,0008583 secs] [Times: user=0,01 sys=0,00, real=0,00 secs] 
27,950: [GC (Allocation Failure) [PSYoungGen: 79456K->32K(95744K)] 81212K->1788K(270848K), 0,0007486 secs] [Times: user=0,00 sys=0,00, real=0,00 secs] 
28,027: [GC (Allocation Failure) [PSYoungGen: 95264K->64K(115200K)] 97020K->1820K(290304K), 0,0008219 secs] [Times: user=0,00 sys=0,00, real=0,00 secs] 
28,117: [GC (Allocation Failure) [PSYoungGen: 114752K->64K(111616K)] 116508K->1820K(286720K), 0,0007609 secs] [Times: user=0,00 sys=0,00, real=0,00 secs] 
28,204: [GC (Allocation Failure) [PSYoungGen: 111168K->64K(108544K)] 112924K->1820K(283648K), 0,0005575 secs] [Times: user=0,00 sys=0,00, real=0,00 secs] 
28,307: [GC (Allocation Failure) [PSYoungGen: 108096K->32K(105472K)] 109852K->1788K(280576K), 0,0012889 secs] [Times: user=0,01 sys=0,00, real=0,00 secs] 
28,412: [GC (Allocation Failure) [PSYoungGen: 104992K->96K(102400K)] 106748K->1852K(277504K), 0,0006007 secs] [Times: user=0,01 sys=0,00, real=0,00 secs] 
28,508: [GC (Allocation Failure) [PSYoungGen: 101984K->96K(99328K)] 103740K->1852K(274432K), 0,0005678 secs] [Times: user=0,00 sys=0,00, real=0,00 secs] 
28,592: [GC (Allocation Failure) [PSYoungGen: 98912K->64K(96768K)] 100668K->1820K(271872K), 0,0005318 secs] [Times: user=0,00 sys=0,00, real=0,00 secs] 
28,669: [GC (Allocation Failure) [PSYoungGen: 96320K->96K(94208K)] 98076K->1852K(269312K), 0,0005561 secs] [Times: user=0,00 sys=0,00, real=0,00 secs] 
28,743: [GC (Allocation Failure) [PSYoungGen: 93792K->64K(91648K)] 95548K->1820K(266752K), 0,0005669 secs] [Times: user=0,00 sys=0,00, real=0,00 secs] 
28,813: [GC (Allocation Failure) [PSYoungGen: 91200K->96K(89088K)] 92956K->1852K(264192K), 0,0005221 secs] [Times: user=0,00 sys=0,00, real=0,00 secs] 
28,882: [GC (Allocation Failure) [PSYoungGen: 88672K->32K(87040K)] 90428K->1788K(262144K), 0,0005031 secs] [Times: user=0,00 sys=0,00, real=0,00 secs] 
28,947: [GC (Allocation Failure) [PSYoungGen: 86560K->96K(84992K)] 88316K->1852K(260096K), 0,0005200 secs] [Times: user=0,00 sys=0,00, real=0,00 secs] 
29,011: [GC (Allocation Failure) [PSYoungGen: 84576K->64K(82944K)] 86332K->1820K(258048K), 0,0005245 secs] [Times: user=0,00 sys=0,00, real=0,00 secs] 
29,073: [GC (Allocation Failure) [PSYoungGen: 82496K->96K(80896K)] 84252K->1852K(256000K), 0,0005224 secs] [Times: user=0,00 sys=0,00, real=0,00 secs] 
29,135: [GC (Allocation Failure) [PSYoungGen: 80480K->96K(78848K)] 82236K->1852K(253952K), 0,0005252 secs] [Times: user=0,00 sys=0,00, real=0,00 secs] 
29,195: [GC (Allocation Failure) [PSYoungGen: 78432K->64K(76800K)] 80188K->1820K(251904K), 0,0005392 secs] [Times: user=0,00 sys=0,00, real=0,01 secs] 
29,253: [GC (Allocation Failure) [PSYoungGen: 76352K->96K(74752K)] 78108K->1852K(249856K), 0,0005109 secs] [Times: user=0,00 sys=0,00, real=0,00 secs] 
29,310: [GC (Allocation Failure) [PSYoungGen: 74336K->64K(73216K)] 76092K->1820K(248320K), 0,0005357 secs] [Times: user=0,00 sys=0,00, real=0,00 secs] 
29,368: [GC (Allocation Failure) [PSYoungGen: 72768K->64K(88064K)] 74524K->1820K(263168K), 0,0020907 secs] [Times: user=0,01 sys=0,00, real=0,00 secs] 
29,440: [GC (Allocation Failure) [PSYoungGen: 87616K->64K(105984K)] 89372K->1820K(281088K), 0,0006474 secs] [Times: user=0,01 sys=0,00, real=0,00 secs] 
29,525: [GC (Allocation Failure) [PSYoungGen: 105536K->64K(127488K)] 107292K->1820K(302592K), 0,0005570 secs] [Times: user=0,00 sys=0,00, real=0,01 secs] 
29,621: [GC (Allocation Failure) [PSYoungGen: 127040K->64K(123392K)] 128796K->1820K(298496K), 0,0005976 secs] [Times: user=0,00 sys=0,01, real=0,00 secs] 
29,714: [GC (Allocation Failure) [PSYoungGen: 122944K->64K(119808K)] 124700K->1820K(294912K), 0,0005177 secs] [Times: user=0,00 sys=0,00, real=0,00 secs] 
29,805: [GC (Allocation Failure) [PSYoungGen: 119360K->64K(116224K)] 121116K->1820K(291328K), 0,0005405 secs] [Times: user=0,00 sys=0,00, real=0,00 secs] 
29,895: [GC (Allocation Failure) [PSYoungGen: 115776K->64K(112640K)] 117532K->1820K(287744K), 0,0005245 secs] [Times: user=0,00 sys=0,00, real=0,00 secs] 
29,984: [GC (Allocation Failure) [PSYoungGen: 112192K->64K(109568K)] 113948K->1820K(284672K), 0,0005196 secs] [Times: user=0,00 sys=0,00, real=0,00 secs] 
30,074: [GC (Allocation Failure) [PSYoungGen: 109120K->96K(106496K)] 110876K->1852K(281600K), 0,0005544 secs] [Times: user=0,00 sys=0,00, real=0,00 secs] 
30,161: [GC (Allocation Failure) [PSYoungGen: 106080K->96K(103424K)] 107836K->1852K(278528K), 0,0005609 secs] [Times: user=0,01 sys=0,00, real=0,00 secs] 
30,247: [GC (Allocation Failure) [PSYoungGen: 103008K->64K(100352K)] 104764K->1820K(275456K), 0,0005619 secs] [Times: user=0,00 sys=0,00, real=0,00 secs] 
30,330: [GC (Allocation Failure) [PSYoungGen: 99904K->96K(97792K)] 101660K->1852K(272896K), 0,0005269 secs] [Times: user=0,00 sys=0,00, real=0,00 secs] 
30,410: [GC (Allocation Failure) [PSYoungGen: 97376K->96K(95232K)] 99132K->1876K(270336K), 0,0005336 secs] [Times: user=0,01 sys=0,00, real=0,00 secs] 
30,491: [GC (Allocation Failure) [PSYoungGen: 94816K->64K(92672K)] 96596K->1844K(267776K), 0,0010667 secs] [Times: user=0,00 sys=0,00, real=0,00 secs] 
30,567: [GC (Allocation Failure) [PSYoungGen: 92224K->96K(90112K)] 94004K->1876K(265216K), 0,0005106 secs] [Times: user=0,00 sys=0,00, real=0,00 secs] 
30,647: [GC (Allocation Failure) [PSYoungGen: 89696K->96K(87552K)] 91476K->1876K(262656K), 0,0005216 secs] [Times: user=0,00 sys=0,00, real=0,00 secs] 
30,716: [GC (Allocation Failure) [PSYoungGen: 87136K->96K(85504K)] 88916K->1876K(260608K), 0,0005361 secs] [Times: user=0,00 sys=0,00, real=0,00 secs] 
30,862: [GC (Allocation Failure) [PSYoungGen: 85088K->32K(83456K)] 86868K->1812K(258560K), 0,0011655 secs] [Times: user=0,00 sys=0,00, real=0,00 secs] 
31,018: [GC (Allocation Failure) [PSYoungGen: 82976K->96K(81408K)] 84756K->1876K(256512K), 0,0005948 secs] [Times: user=0,00 sys=0,00, real=0,00 secs] 
31,123: [GC (Allocation Failure) [PSYoungGen: 80992K->96K(79360K)] 82772K->1876K(254464K), 0,0005214 secs] [Times: user=0,00 sys=0,00, real=0,00 secs] 
31,184: [GC (Allocation Failure) [PSYoungGen: 78944K->96K(77312K)] 80724K->1876K(252416K), 0,0005227 secs] [Times: user=0,00 sys=0,00, real=0,00 secs] 
31,245: [GC (Allocation Failure) [PSYoungGen: 76896K->96K(75264K)] 78676K->1876K(250368K), 0,0005318 secs] [Times: user=0,00 sys=0,00, real=0,01 secs] 
31,305: [GC (Allocation Failure) [PSYoungGen: 74848K->32K(73728K)] 76628K->1812K(248832K), 0,0006443 secs] [Times: user=0,00 sys=0,00, real=0,01 secs] 
31,363: [GC (Allocation Failure) [PSYoungGen: 73248K->64K(72192K)] 75028K->1844K(247296K), 0,0005947 secs] [Times: user=0,00 sys=0,00, real=0,00 secs] 
31,420: [GC (Allocation Failure) [PSYoungGen: 71744K->96K(70656K)] 73524K->1876K(245760K), 0,0005255 secs] [Times: user=0,00 sys=0,00, real=0,00 secs] 
31,475: [GC (Allocation Failure) [PSYoungGen: 70240K->96K(69120K)] 72020K->1876K(244224K), 0,0005194 secs] [Times: user=0,00 sys=0,00, real=0,01 secs] 
31,530: [GC (Allocation Failure) [PSYoungGen: 68704K->96K(67584K)] 70484K->1876K(242688K), 0,0005991 secs] [Times: user=0,00 sys=0,00, real=0,00 secs] 
31,583: [GC (Allocation Failure) [PSYoungGen: 67168K->96K(66048K)] 68948K->1876K(241152K), 0,0005124 secs] [Times: user=0,00 sys=0,00, real=0,00 secs] 
31,634: [GC (Allocation Failure) [PSYoungGen: 65632K->96K(64512K)] 67412K->1876K(239616K), 0,0005242 secs] [Times: user=0,00 sys=0,00, real=0,00 secs] 
31,684: [GC (Allocation Failure) [PSYoungGen: 64096K->64K(62976K)] 65876K->1844K(238080K), 0,0005133 secs] [Times: user=0,00 sys=0,00, real=0,00 secs] 
31,734: [GC (Allocation Failure) [PSYoungGen: 62528K->96K(75776K)] 64308K->1876K(250880K), 0,0009067 secs] [Times: user=0,00 sys=0,00, real=0,00 secs] 
31,794: [GC (Allocation Failure) [PSYoungGen: 75360K->96K(74240K)] 77140K->1876K(249344K), 0,0005077 secs] [Times: user=0,00 sys=0,00, real=0,00 secs] 
31,856: [GC (Allocation Failure) [PSYoungGen: 73824K->64K(72704K)] 75604K->1844K(247808K), 0,0006389 secs] [Times: user=0,00 sys=0,00, real=0,00 secs] 
31,920: [GC (Allocation Failure) [PSYoungGen: 72256K->96K(71168K)] 74036K->1876K(246272K), 0,0005365 secs] [Times: user=0,00 sys=0,00, real=0,00 secs] 
31,977: [GC (Allocation Failure) [PSYoungGen: 70752K->96K(69632K)] 72532K->1876K(244736K), 0,0005282 secs] [Times: user=0,00 sys=0,00, real=0,00 secs] 
32,032: [GC (Allocation Failure) [PSYoungGen: 69216K->64K(68096K)] 70996K->1844K(243200K), 0,0005667 secs] [Times: user=0,01 sys=0,00, real=0,00 secs] 
32,084: [GC (Allocation Failure) [PSYoungGen: 67648K->96K(66560K)] 69428K->1876K(241664K), 0,0005543 secs] [Times: user=0,00 sys=0,00, real=0,00 secs] 
32,135: [GC (Allocation Failure) [PSYoungGen: 66144K->64K(65024K)] 67924K->1844K(240128K), 0,0005872 secs] [Times: user=0,00 sys=0,00, real=0,00 secs] 
32,187: [GC (Allocation Failure) [PSYoungGen: 64576K->96K(63488K)] 66356K->1876K(238592K), 0,0005061 secs] [Times: user=0,00 sys=0,00, real=0,00 secs] 
32,238: [GC (Allocation Failure) [PSYoungGen: 63072K->96K(61952K)] 64852K->1876K(237056K), 0,0005632 secs] [Times: user=0,00 sys=0,00, real=0,00 secs] 
32,288: [GC (Allocation Failure) [PSYoungGen: 61536K->64K(60928K)] 63316K->1844K(236032K), 0,0005716 secs] [Times: user=0,00 sys=0,00, real=0,00 secs] 
32,337: [GC (Allocation Failure) [PSYoungGen: 60480K->64K(59904K)] 62260K->1844K(235008K), 0,0005961 secs] [Times: user=0,00 sys=0,00, real=0,00 secs] 
32,384: [GC (Allocation Failure) [PSYoungGen: 59456K->64K(72192K)] 61236K->1844K(247296K), 0,0008970 secs] [Times: user=0,01 sys=0,00, real=0,00 secs] 
32,439: [GC (Allocation Failure) [PSYoungGen: 71744K->96K(86528K)] 73524K->1876K(261632K), 0,0005159 secs] [Times: user=0,00 sys=0,00, real=0,00 secs] 
32,505: [GC (Allocation Failure) [PSYoungGen: 86112K->96K(103936K)] 87892K->1876K(279040K), 0,0006079 secs] [Times: user=0,00 sys=0,00, real=0,00 secs] 
32,585: [GC (Allocation Failure) [PSYoungGen: 103520K->32K(100864K)] 105300K->1812K(275968K), 0,0005914 secs] [Times: user=0,00 sys=0,00, real=0,01 secs] 
32,662: [GC (Allocation Failure) [PSYoungGen: 100384K->64K(98304K)] 102164K->1844K(273408K), 0,0005053 secs] [Times: user=0,00 sys=0,00, real=0,00 secs] 
32,734: [GC (Allocation Failure) [PSYoungGen: 97856K->64K(95744K)] 99636K->1844K(270848K), 0,0006151 secs] [Times: user=0,01 sys=0,00, real=0,00 secs] 
32,804: [GC (Allocation Failure) [PSYoungGen: 95296K->64K(93184K)] 97076K->1844K(268288K), 0,0007243 secs] [Times: user=0,01 sys=0,00, real=0,00 secs] 
32,873: [GC (Allocation Failure) [PSYoungGen: 92736K->64K(90624K)] 94516K->1844K(265728K), 0,0005392 secs] [Times: user=0,00 sys=0,00, real=0,00 secs] 
32,939: [GC (Allocation Failure) [PSYoungGen: 90176K->96K(88064K)] 91956K->1876K(263168K), 0,0005088 secs] [Times: user=0,00 sys=0,00, real=0,00 secs] 
33,003: [GC (Allocation Failure) [PSYoungGen: 87647K->64K(86016K)] 89428K->1844K(261120K), 0,0005175 secs] [Times: user=0,01 sys=0,00, real=0,00 secs] 
33,067: [GC (Allocation Failure) [PSYoungGen: 85568K->96K(83968K)] 87348K->1876K(259072K), 0,0005759 secs] [Times: user=0,00 sys=0,00, real=0,00 secs] 
33,131: [GC (Allocation Failure) [PSYoungGen: 83552K->96K(81920K)] 85332K->1876K(257024K), 0,0005043 secs] [Times: user=0,00 sys=0,00, real=0,00 secs] 
33,192: [GC (Allocation Failure) [PSYoungGen: 81504K->96K(79872K)] 83284K->1876K(254976K), 0,0005163 secs] [Times: user=0,00 sys=0,00, real=0,00 secs] 
33,251: [GC (Allocation Failure) [PSYoungGen: 79456K->96K(77824K)] 81236K->1876K(252928K), 0,0005114 secs] [Times: user=0,00 sys=0,00, real=0,00 secs] 
33,309: [GC (Allocation Failure) [PSYoungGen: 77408K->96K(75776K)] 79188K->1876K(250880K), 0,0005197 secs] [Times: user=0,00 sys=0,00, real=0,00 secs] 
33,367: [GC (Allocation Failure) [PSYoungGen: 75360K->64K(74240K)] 77140K->1844K(249344K), 0,0007652 secs] [Times: user=0,00 sys=0,00, real=0,00 secs] 
33,428: [GC (Allocation Failure) [PSYoungGen: 73792K->64K(89088K)] 75572K->1844K(264192K), 0,0010079 secs] [Times: user=0,00 sys=0,00, real=0,00 secs] 
33,503: [GC (Allocation Failure) [PSYoungGen: 88640K->96K(87040K)] 90420K->1876K(262144K), 0,0005075 secs] [Times: user=0,00 sys=0,00, real=0,00 secs] 
33,574: [GC (Allocation Failure) [PSYoungGen: 86624K->96K(84992K)] 88404K->1876K(260096K), 0,0006072 secs] [Times: user=0,00 sys=0,00, real=0,00 secs] 
33,641: [GC (Allocation Failure) [PSYoungGen: 84576K->64K(101888K)] 86356K->1844K(276992K), 0,0011527 secs] [Times: user=0,01 sys=0,00, real=0,00 secs] 
33,723: [GC (Allocation Failure) [PSYoungGen: 101440K->64K(122368K)] 103220K->1844K(297472K), 0,0011417 secs] [Times: user=0,00 sys=0,00, real=0,00 secs] 
33,820: [GC (Allocation Failure) [PSYoungGen: 121920K->32K(146944K)] 123700K->1812K(322048K), 0,0006688 secs] [Times: user=0,00 sys=0,00, real=0,00 secs] 
33,933: [GC (Allocation Failure) [PSYoungGen: 146464K->64K(142336K)] 148244K->1844K(317440K), 0,0005167 secs] [Times: user=0,00 sys=0,00, real=0,00 secs] 
34,045: [GC (Allocation Failure) [PSYoungGen: 141888K->96K(137728K)] 143668K->1876K(312832K), 0,0005095 secs] [Times: user=0,00 sys=0,00, real=0,01 secs] 
34,151: [GC (Allocation Failure) [PSYoungGen: 137312K->64K(133120K)] 139092K->1844K(308224K), 0,0006483 secs] [Times: user=0,00 sys=0,00, real=0,00 secs] 
34,272: [GC (Allocation Failure) [PSYoungGen: 132672K->64K(129024K)] 134452K->1844K(304128K), 0,0011484 secs] [Times: user=0,00 sys=0,00, real=0,00 secs] 
34,390: [GC (Allocation Failure) [PSYoungGen: 128576K->64K(124928K)] 130356K->1844K(300032K), 0,0005743 secs] [Times: user=0,00 sys=0,00, real=0,00 secs] 
34,505: [GC (Allocation Failure) [PSYoungGen: 124480K->64K(121344K)] 126260K->1844K(296448K), 0,0006002 secs] [Times: user=0,00 sys=0,00, real=0,01 secs] 
34,615: [GC (Allocation Failure) [PSYoungGen: 120896K->64K(117760K)] 122676K->1844K(292864K), 0,0005207 secs] [Times: user=0,00 sys=0,00, real=0,01 secs] 
34,711: [GC (Allocation Failure) [PSYoungGen: 117312K->96K(114176K)] 119092K->1876K(289280K), 0,0005171 secs] [Times: user=0,00 sys=0,00, real=0,00 secs] 
34,797: [GC (Allocation Failure) [PSYoungGen: 113760K->64K(110592K)] 115540K->1844K(285696K), 0,0005178 secs] [Times: user=0,00 sys=0,00, real=0,00 secs] 
34,882: [GC (Allocation Failure) [PSYoungGen: 110144K->64K(107520K)] 111924K->1844K(282624K), 0,0005154 secs] [Times: user=0,00 sys=0,00, real=0,00 secs] 
34,964: [GC (Allocation Failure) [PSYoungGen: 107072K->64K(104448K)] 108852K->1844K(279552K), 0,0005624 secs] [Times: user=0,00 sys=0,00, real=0,00 secs] 
35,044: [GC (Allocation Failure) [PSYoungGen: 104000K->64K(101376K)] 105780K->1844K(276480K), 0,0005208 secs] [Times: user=0,00 sys=0,00, real=0,00 secs] 
35,121: [GC (Allocation Failure) [PSYoungGen: 100928K->96K(98816K)] 102708K->1876K(273920K), 0,0005624 secs] [Times: user=0,00 sys=0,00, real=0,00 secs] 
35,197: [GC (Allocation Failure) [PSYoungGen: 98400K->64K(96256K)] 100180K->1852K(271360K), 0,0005322 secs] [Times: user=0,00 sys=0,00, real=0,00 secs] 
35,270: [GC (Allocation Failure) [PSYoungGen: 95808K->96K(93696K)] 97596K->1884K(268800K), 0,0005364 secs] [Times: user=0,00 sys=0,00, real=0,00 secs] 
35,342: [GC (Allocation Failure) [PSYoungGen: 93280K->96K(91136K)] 95068K->1884K(266240K), 0,0011376 secs] [Times: user=0,00 sys=0,00, real=0,00 secs] 
35,414: [GC (Allocation Failure) [PSYoungGen: 90720K->96K(88576K)] 92508K->1884K(263680K), 0,0005088 secs] [Times: user=0,00 sys=0,00, real=0,00 secs] 
35,482: [GC (Allocation Failure) [PSYoungGen: 88160K->64K(86528K)] 89948K->1852K(261632K), 0,0005803 secs] [Times: user=0,00 sys=0,00, real=0,00 secs] 
35,551: [GC (Allocation Failure) [PSYoungGen: 86080K->96K(84480K)] 87868K->1884K(259584K), 0,0005217 secs] [Times: user=0,00 sys=0,00, real=0,00 secs] 
35,616: [GC (Allocation Failure) [PSYoungGen: 84064K->96K(82432K)] 85852K->1884K(257536K), 0,0005216 secs] [Times: user=0,00 sys=0,00, real=0,00 secs] 
35,684: [GC (Allocation Failure) [PSYoungGen: 82015K->64K(80384K)] 83804K->1852K(255488K), 0,0005349 secs] [Times: user=0,00 sys=0,00, real=0,00 secs] 
35,750: [GC (Allocation Failure) [PSYoungGen: 79936K->64K(78336K)] 81724K->1852K(253440K), 0,0010645 secs] [Times: user=0,00 sys=0,00, real=0,00 secs] 
35,817: [GC (Allocation Failure) [PSYoungGen: 77888K->64K(76288K)] 79676K->1852K(251392K), 0,0006082 secs] [Times: user=0,00 sys=0,00, real=0,00 secs] 
35,881: [GC (Allocation Failure) [PSYoungGen: 75840K->96K(74752K)] 77628K->1884K(249856K), 0,0005311 secs] [Times: user=0,00 sys=0,00, real=0,00 secs] 
35,954: [GC (Allocation Failure) [PSYoungGen: 74336K->96K(73216K)] 76124K->1884K(248320K), 0,0008272 secs] [Times: user=0,00 sys=0,00, real=0,00 secs] 
36,025: [GC (Allocation Failure) [PSYoungGen: 72800K->32K(88064K)] 74588K->1820K(263168K), 0,0012530 secs] [Times: user=0,00 sys=0,00, real=0,01 secs] 
36,101: [GC (Allocation Failure) [PSYoungGen: 87584K->96K(86016K)] 89372K->1884K(261120K), 0,0005575 secs] [Times: user=0,00 sys=0,00, real=0,00 secs] 
36,182: [GC (Allocation Failure) [PSYoungGen: 85600K->96K(83968K)] 87388K->1884K(259072K), 0,0009512 secs] [Times: user=0,00 sys=0,00, real=0,00 secs] 
36,259: [GC (Allocation Failure) [PSYoungGen: 83552K->64K(100864K)] 85340K->1852K(275968K), 0,0014304 secs] [Times: user=0,00 sys=0,00, real=0,00 secs] 
36,343: [GC (Allocation Failure) [PSYoungGen: 100416K->64K(121344K)] 102204K->1852K(296448K), 0,0005333 secs] [Times: user=0,00 sys=0,00, real=0,00 secs] 
36,449: [GC (Allocation Failure) [PSYoungGen: 120896K->96K(117760K)] 122684K->1884K(292864K), 0,0005519 secs] [Times: user=0,00 sys=0,00, real=0,00 secs] 
36,549: [GC (Allocation Failure) [PSYoungGen: 117344K->64K(114176K)] 119132K->1852K(289280K), 0,0005304 secs] [Times: user=0,00 sys=0,00, real=0,00 secs] 
36,642: [GC (Allocation Failure) [PSYoungGen: 113728K->64K(137216K)] 115516K->1852K(312320K), 0,0017098 secs] [Times: user=0,00 sys=0,00, real=0,00 secs] 
36,766: [GC (Allocation Failure) [PSYoungGen: 136768K->96K(132608K)] 138556K->1884K(307712K), 0,0005824 secs] [Times: user=0,00 sys=0,00, real=0,00 secs] 
36,882: [GC (Allocation Failure) [PSYoungGen: 132192K->64K(128512K)] 133980K->1852K(303616K), 0,0005322 secs] [Times: user=0,00 sys=0,00, real=0,00 secs] 
36,996: [GC (Allocation Failure) [PSYoungGen: 128064K->96K(124416K)] 129852K->1884K(299520K), 0,0005708 secs] [Times: user=0,00 sys=0,00, real=0,00 secs] 
37,106: [GC (Allocation Failure) [PSYoungGen: 124000K->96K(120832K)] 125788K->1884K(295936K), 0,0006971 secs] [Times: user=0,00 sys=0,00, real=0,00 secs] 
37,207: [GC (Allocation Failure) [PSYoungGen: 120416K->64K(117248K)] 122204K->1852K(292352K), 0,0005451 secs] [Times: user=0,00 sys=0,00, real=0,00 secs] 
37,298: [GC (Allocation Failure) [PSYoungGen: 116800K->96K(113664K)] 118588K->1884K(288768K), 0,0005550 secs] [Times: user=0,01 sys=0,00, real=0,00 secs] 
37,389: [GC (Allocation Failure) [PSYoungGen: 113248K->64K(110592K)] 115036K->1852K(285696K), 0,0009206 secs] [Times: user=0,00 sys=0,00, real=0,00 secs] 
37,477: [GC (Allocation Failure) [PSYoungGen: 110144K->96K(107520K)] 111932K->1884K(282624K), 0,0005528 secs] [Times: user=0,00 sys=0,00, real=0,00 secs] 
37,567: [GC (Allocation Failure) [PSYoungGen: 107104K->64K(104448K)] 108892K->1852K(279552K), 0,0005698 secs] [Times: user=0,00 sys=0,00, real=0,00 secs] 
37,660: [GC (Allocation Failure) [PSYoungGen: 104000K->32K(101376K)] 105788K->1820K(276480K), 0,0006031 secs] [Times: user=0,00 sys=0,00, real=0,00 secs] 
37,747: [GC (Allocation Failure) [PSYoungGen: 100896K->96K(98816K)] 102684K->1884K(273920K), 0,0010417 secs] [Times: user=0,00 sys=0,00, real=0,00 secs] 
37,837: [GC (Allocation Failure) [PSYoungGen: 98400K->96K(96256K)] 100188K->1884K(271360K), 0,0005800 secs] [Times: user=0,00 sys=0,00, real=0,00 secs] 
37,927: [GC (Allocation Failure) [PSYoungGen: 95840K->64K(93696K)] 97628K->1852K(268800K), 0,0012722 secs] [Times: user=0,00 sys=0,00, real=0,00 secs] 
38,018: [GC (Allocation Failure) [PSYoungGen: 93248K->96K(91136K)] 95036K->1884K(266240K), 0,0005603 secs] [Times: user=0,00 sys=0,00, real=0,00 secs] 
38,109: [GC (Allocation Failure) [PSYoungGen: 90720K->64K(109568K)] 92508K->1852K(284672K), 0,0018690 secs] [Times: user=0,01 sys=0,00, real=0,00 secs] 
38,210: [GC (Allocation Failure) [PSYoungGen: 109120K->96K(106496K)] 110908K->1884K(281600K), 0,0005015 secs] [Times: user=0,00 sys=0,00, real=0,00 secs] 
38,296: [GC (Allocation Failure) [PSYoungGen: 106080K->96K(103424K)] 107868K->1884K(278528K), 0,0006323 secs] [Times: user=0,00 sys=0,00, real=0,00 secs] 
38,381: [GC (Allocation Failure) [PSYoungGen: 103008K->96K(100352K)] 104796K->1884K(275456K), 0,0005554 secs] [Times: user=0,00 sys=0,01, real=0,00 secs] 
38,462: [GC (Allocation Failure) [PSYoungGen: 99936K->96K(97792K)] 101724K->1884K(272896K), 0,0005339 secs] [Times: user=0,00 sys=0,00, real=0,00 secs] 
38,548: [GC (Allocation Failure) [PSYoungGen: 97376K->32K(117248K)] 99164K->1820K(292352K), 0,0247107 secs] [Times: user=0,01 sys=0,00, real=0,02 secs] 
38,769: [GC (Allocation Failure) [PSYoungGen: 116768K->64K(140800K)] 118556K->1852K(315904K), 0,0010495 secs] [Times: user=0,00 sys=0,00, real=0,00 secs] 
38,916: [GC (Allocation Failure) [PSYoungGen: 140352K->96K(168960K)] 142140K->1884K(344064K), 0,0005873 secs] [Times: user=0,01 sys=0,00, real=0,00 secs] 
39,091: [GC (Allocation Failure) [PSYoungGen: 168544K->96K(202752K)] 170332K->1884K(377856K), 0,0006055 secs] [Times: user=0,00 sys=0,00, real=0,00 secs] 
39,308: [GC (Allocation Failure) [PSYoungGen: 202336K->64K(243200K)] 204124K->1852K(418304K), 0,0030881 secs] [Times: user=0,00 sys=0,00, real=0,00 secs] 
39,560: [GC (Allocation Failure) [PSYoungGen: 242752K->32K(291840K)] 244540K->1820K(466944K), 0,0012092 secs] [Times: user=0,00 sys=0,00, real=0,00 secs] 
39,909: [GC (Allocation Failure) [PSYoungGen: 291360K->32K(350208K)] 293148K->1820K(525312K), 0,0011941 secs] [Times: user=0,00 sys=0,00, real=0,00 secs] 
40,261: [GC (Allocation Failure) [PSYoungGen: 349728K->64K(420352K)] 351516K->1852K(595456K), 0,0017923 secs] [Times: user=0,00 sys=0,00, real=0,00 secs] 
40,632: [GC (Allocation Failure) [PSYoungGen: 419904K->96K(402432K)] 421692K->1908K(577536K), 0,0005536 secs] [Times: user=0,00 sys=0,00, real=0,00 secs] 
40,988: [GC (Allocation Failure) [PSYoungGen: 402016K->96K(385536K)] 403828K->1932K(560640K), 0,0004606 secs] [Times: user=0,00 sys=0,00, real=0,00 secs] 
41,321: [GC (Allocation Failure) [PSYoungGen: 385120K->96K(369152K)] 386956K->1932K(544256K), 0,0013529 secs] [Times: user=0,00 sys=0,00, real=0,00 secs] 
41,661: [GC (Allocation Failure) [PSYoungGen: 368736K->96K(353792K)] 370572K->1932K(528896K), 0,0005316 secs] [Times: user=0,00 sys=0,00, real=0,00 secs] 
42,092: [GC (Allocation Failure) [PSYoungGen: 353376K->96K(338944K)] 355212K->1932K(514048K), 0,0005413 secs] [Times: user=0,00 sys=0,00, real=0,00 secs] 
42,388: [GC (Allocation Failure) [PSYoungGen: 338528K->96K(325120K)] 340364K->1932K(500224K), 0,0006460 secs] [Times: user=0,00 sys=0,00, real=0,00 secs] 
42,679: [GC (Allocation Failure) [PSYoungGen: 324704K->96K(311808K)] 326540K->1932K(486912K), 0,0010754 secs] [Times: user=0,00 sys=0,00, real=0,00 secs] 
42,962: [GC (Allocation Failure) [PSYoungGen: 311392K->96K(299008K)] 313228K->1932K(474112K), 0,0011244 secs] [Times: user=0,00 sys=0,00, real=0,00 secs] 
43,219: [GC (Allocation Failure) [PSYoungGen: 298592K->96K(287232K)] 300428K->1932K(462336K), 0,0005625 secs] [Times: user=0,00 sys=0,00, real=0,00 secs] 
43,458: [GC (Allocation Failure) [PSYoungGen: 286816K->64K(275968K)] 288652K->1900K(451072K), 0,0005569 secs] [Times: user=0,00 sys=0,00, real=0,00 secs] 
43,684: [GC (Allocation Failure) [PSYoungGen: 275520K->96K(265216K)] 277356K->1932K(440320K), 0,0005420 secs] [Times: user=0,00 sys=0,00, real=0,00 secs] 
43,901: [GC (Allocation Failure) [PSYoungGen: 264800K->96K(254976K)] 266636K->1932K(430080K), 0,0005418 secs] [Times: user=0,00 sys=0,00, real=0,00 secs] 
44,123: [GC (Allocation Failure) [PSYoungGen: 254560K->64K(245248K)] 256396K->1900K(420352K), 0,0012542 secs] [Times: user=0,00 sys=0,00, real=0,00 secs] 
44,361: [GC (Allocation Failure) [PSYoungGen: 244800K->64K(236032K)] 246636K->1900K(411136K), 0,0010603 secs] [Times: user=0,00 sys=0,00, real=0,00 secs] 
44,598: [GC (Allocation Failure) [PSYoungGen: 235584K->96K(227328K)] 237420K->1932K(402432K), 0,0015780 secs] [Times: user=0,00 sys=0,00, real=0,00 secs] 
44,788: [GC (Allocation Failure) [PSYoungGen: 226912K->64K(218624K)] 228748K->1900K(393728K), 0,0005679 secs] [Times: user=0,00 sys=0,00, real=0,00 secs] 
44,974: [GC (Allocation Failure) [PSYoungGen: 218176K->96K(210432K)] 220012K->1932K(385536K), 0,0005890 secs] [Times: user=0,00 sys=0,00, real=0,00 secs] 
45,159: [GC (Allocation Failure) [PSYoungGen: 210016K->96K(202752K)] 211852K->1932K(377856K), 0,0005660 secs] [Times: user=0,00 sys=0,00, real=0,00 secs] 
45,331: [GC (Allocation Failure) [PSYoungGen: 202336K->96K(195584K)] 204172K->1932K(370688K), 0,0005264 secs] [Times: user=0,00 sys=0,00, real=0,00 secs] 
45,530: [GC (Allocation Failure) [PSYoungGen: 195168K->32K(188416K)] 197004K->1868K(363520K), 0,0013337 secs] [Times: user=0,01 sys=0,00, real=0,00 secs] 
45,815: [GC (Allocation Failure) [PSYoungGen: 187936K->96K(181760K)] 189772K->1932K(356864K), 0,0005305 secs] [Times: user=0,00 sys=0,00, real=0,00 secs] 
45,976: [GC (Allocation Failure) [PSYoungGen: 181344K->96K(175616K)] 183180K->1932K(350720K), 0,0005359 secs] [Times: user=0,00 sys=0,00, real=0,00 secs] 
46,135: [GC (Allocation Failure) [PSYoungGen: 175200K->64K(169472K)] 177036K->1900K(344576K), 0,0010551 secs] [Times: user=0,00 sys=0,00, real=0,00 secs] 
46,281: [GC (Allocation Failure) [PSYoungGen: 169024K->64K(163840K)] 170860K->1900K(338944K), 0,0038043 secs] [Times: user=0,00 sys=0,00, real=0,00 secs] 
46,421: [GC (Allocation Failure) [PSYoungGen: 163392K->96K(158208K)] 165228K->1932K(333312K), 0,0005317 secs] [Times: user=0,00 sys=0,00, real=0,00 secs] 
46,553: [GC (Allocation Failure) [PSYoungGen: 157792K->96K(153088K)] 159628K->1932K(328192K), 0,0005384 secs] [Times: user=0,00 sys=0,00, real=0,00 secs] 
46,684: [GC (Allocation Failure) [PSYoungGen: 152672K->96K(147968K)] 154508K->1932K(323072K), 0,0006259 secs] [Times: user=0,00 sys=0,00, real=0,00 secs] 
46,810: [GC (Allocation Failure) [PSYoungGen: 147552K->64K(143360K)] 149388K->1900K(318464K), 0,0007546 secs] [Times: user=0,00 sys=0,00, real=0,00 secs] 
46,929: [GC (Allocation Failure) [PSYoungGen: 142912K->96K(138752K)] 144748K->1932K(313856K), 0,0005427 secs] [Times: user=0,00 sys=0,00, real=0,00 secs] 
47,043: [GC (Allocation Failure) [PSYoungGen: 138336K->96K(134144K)] 140172K->1932K(309248K), 0,0005500 secs] [Times: user=0,00 sys=0,00, real=0,00 secs] 
47,164: [GC (Allocation Failure) [PSYoungGen: 133727K->96K(130048K)] 135564K->1932K(305152K), 0,0005430 secs] [Times: user=0,01 sys=0,00, real=0,00 secs] 
47,272: [GC (Allocation Failure) [PSYoungGen: 129632K->64K(125952K)] 131468K->1900K(301056K), 0,0005481 secs] [Times: user=0,00 sys=0,00, real=0,00 secs] 
47,375: [GC (Allocation Failure) [PSYoungGen: 125504K->96K(121856K)] 127340K->1932K(296960K), 0,0006987 secs] [Times: user=0,00 sys=0,00, real=0,00 secs] 
47,471: [GC (Allocation Failure) [PSYoungGen: 121440K->96K(118272K)] 123276K->1932K(293376K), 0,0005480 secs] [Times: user=0,00 sys=0,00, real=0,00 secs] 
47,565: [GC (Allocation Failure) [PSYoungGen: 117856K->96K(114688K)] 119692K->1932K(289792K), 0,0005758 secs] [Times: user=0,00 sys=0,00, real=0,00 secs] 
47,657: [GC (Allocation Failure) [PSYoungGen: 114272K->64K(111104K)] 116108K->1900K(286208K), 0,0005503 secs] [Times: user=0,00 sys=0,00, real=0,00 secs] 
47,746: [GC (Allocation Failure) [PSYoungGen: 110656K->96K(108032K)] 112492K->1932K(283136K), 0,0005362 secs] [Times: user=0,00 sys=0,00, real=0,00 secs] 
47,834: [GC (Allocation Failure) [PSYoungGen: 107616K->96K(104960K)] 109452K->1932K(280064K), 0,0005293 secs] [Times: user=0,00 sys=0,00, real=0,00 secs] 
47,929: [GC (Allocation Failure) [PSYoungGen: 104543K->96K(101888K)] 106380K->1932K(276992K), 0,0005478 secs] [Times: user=0,00 sys=0,00, real=0,00 secs] 
48,026: [GC (Allocation Failure) [PSYoungGen: 101472K->96K(98816K)] 103308K->1932K(273920K), 0,0005480 secs] [Times: user=0,01 sys=0,00, real=0,00 secs] 
48,131: [GC (Allocation Failure) [PSYoungGen: 98400K->32K(96256K)] 100236K->1868K(271360K), 0,0013306 secs] [Times: user=0,01 sys=0,00, real=0,00 secs] 
48,235: [GC (Allocation Failure) [PSYoungGen: 95776K->96K(93696K)] 97612K->1932K(268800K), 0,0009724 secs] [Times: user=0,00 sys=0,00, real=0,01 secs] 
48,341: [GC (Allocation Failure) [PSYoungGen: 93280K->128K(91136K)] 95116K->1964K(266240K), 0,0005530 secs] [Times: user=0,00 sys=0,00, real=0,00 secs] 
48,441: [GC (Allocation Failure) [PSYoungGen: 90752K->96K(88576K)] 92588K->1932K(263680K), 0,0005136 secs] [Times: user=0,00 sys=0,00, real=0,00 secs] 
48,524: [GC (Allocation Failure) [PSYoungGen: 88160K->96K(86528K)] 89996K->1932K(261632K), 0,0005495 secs] [Times: user=0,00 sys=0,00, real=0,00 secs] 
48,596: [GC (Allocation Failure) [PSYoungGen: 86112K->64K(84480K)] 87948K->1900K(259584K), 0,0006235 secs] [Times: user=0,00 sys=0,00, real=0,00 secs] 
48,676: [GC (Allocation Failure) [PSYoungGen: 84032K->96K(82432K)] 85868K->1932K(257536K), 0,0005518 secs] [Times: user=0,00 sys=0,00, real=0,00 secs] 
48,748: [GC (Allocation Failure) [PSYoungGen: 82016K->64K(80384K)] 83852K->1900K(255488K), 0,0011686 secs] [Times: user=0,00 sys=0,00, real=0,00 secs] 
48,824: [GC (Allocation Failure) [PSYoungGen: 79936K->64K(78336K)] 81772K->1900K(253440K), 0,0008027 secs] [Times: user=0,00 sys=0,00, real=0,01 secs] 
48,903: [GC (Allocation Failure) [PSYoungGen: 77888K->32K(94208K)] 79724K->1868K(269312K), 0,0015405 secs] [Times: user=0,00 sys=0,00, real=0,00 secs] 
48,987: [GC (Allocation Failure) [PSYoungGen: 93728K->96K(113152K)] 95564K->1932K(288256K), 0,0005574 secs] [Times: user=0,00 sys=0,00, real=0,00 secs] 
49,088: [GC (Allocation Failure) [PSYoungGen: 112736K->96K(110080K)] 114572K->1932K(285184K), 0,0005710 secs] [Times: user=0,00 sys=0,00, real=0,00 secs] 
49,181: [GC (Allocation Failure) [PSYoungGen: 109664K->64K(107008K)] 111500K->1900K(282112K), 0,0009895 secs] [Times: user=0,00 sys=0,00, real=0,00 secs] 
49,277: [GC (Allocation Failure) [PSYoungGen: 106560K->96K(103936K)] 108396K->1932K(279040K), 0,0005295 secs] [Times: user=0,00 sys=0,00, real=0,00 secs] 
49,366: [GC (Allocation Failure) [PSYoungGen: 103520K->64K(100864K)] 105356K->1900K(275968K), 0,0005620 secs] [Times: user=0,00 sys=0,00, real=0,00 secs] 
49,447: [GC (Allocation Failure) [PSYoungGen: 100415K->64K(98304K)] 102252K->1900K(273408K), 0,0005364 secs] [Times: user=0,00 sys=0,00, real=0,00 secs] 
49,524: [GC (Allocation Failure) [PSYoungGen: 97856K->64K(95744K)] 99692K->1900K(270848K), 0,0008651 secs] [Times: user=0,00 sys=0,00, real=0,01 secs] 
49,603: [GC (Allocation Failure) [PSYoungGen: 95296K->96K(93184K)] 97132K->1932K(268288K), 0,0005486 secs] [Times: user=0,00 sys=0,00, real=0,00 secs] 
49,678: [GC (Allocation Failure) [PSYoungGen: 92768K->96K(90624K)] 94604K->1932K(265728K), 0,0005327 secs] [Times: user=0,00 sys=0,00, real=0,00 secs] 
49,757: [GC (Allocation Failure) [PSYoungGen: 90208K->96K(88064K)] 92044K->1932K(263168K), 0,0005287 secs] [Times: user=0,00 sys=0,00, real=0,00 secs] 
49,831: [GC (Allocation Failure) [PSYoungGen: 87648K->64K(86016K)] 89484K->1900K(261120K), 0,0005239 secs] [Times: user=0,00 sys=0,00, real=0,00 secs] 
49,902: [GC (Allocation Failure) [PSYoungGen: 85568K->96K(83968K)] 87404K->1932K(259072K), 0,0005584 secs] [Times: user=0,00 sys=0,00, real=0,00 secs] 
49,972: [GC (Allocation Failure) [PSYoungGen: 83552K->96K(81920K)] 85388K->1932K(257024K), 0,0005847 secs] [Times: user=0,00 sys=0,00, real=0,00 secs] 
50,038: [GC (Allocation Failure) [PSYoungGen: 81504K->96K(79872K)] 83340K->1932K(254976K), 0,0005396 secs] [Times: user=0,00 sys=0,00, real=0,00 secs] 
50,104: [GC (Allocation Failure) [PSYoungGen: 79456K->96K(77824K)] 81292K->1932K(252928K), 0,0009202 secs] [Times: user=0,00 sys=0,00, real=0,00 secs] 
50,173: [GC (Allocation Failure) [PSYoungGen: 77408K->96K(75776K)] 79244K->1932K(250880K), 0,0006086 secs] [Times: user=0,00 sys=0,00, real=0,00 secs] 
50,234: [GC (Allocation Failure) [PSYoungGen: 75360K->96K(74240K)] 77196K->1932K(249344K), 0,0005253 secs] [Times: user=0,00 sys=0,00, real=0,00 secs] 
50,294: [GC (Allocation Failure) [PSYoungGen: 73824K->96K(72704K)] 75660K->1932K(247808K), 0,0006085 secs] [Times: user=0,00 sys=0,00, real=0,00 secs] 
50,351: [GC (Allocation Failure) [PSYoungGen: 72288K->96K(71168K)] 74124K->1956K(246272K), 0,0005761 secs] [Times: user=0,01 sys=0,00, real=0,00 secs] 
50,409: [GC (Allocation Failure) [PSYoungGen: 70752K->96K(85504K)] 72612K->1956K(260608K), 0,0012086 secs] [Times: user=0,00 sys=0,00, real=0,00 secs] 
50,480: [GC (Allocation Failure) [PSYoungGen: 85088K->96K(102912K)] 86948K->1956K(278016K), 0,0005234 secs] [Times: user=0,00 sys=0,00, real=0,00 secs] 
50,570: [GC (Allocation Failure) [PSYoungGen: 102496K->64K(99840K)] 104356K->1924K(274944K), 0,0006225 secs] [Times: user=0,00 sys=0,00, real=0,00 secs] 
50,653: [GC (Allocation Failure) [PSYoungGen: 99392K->64K(97280K)] 101252K->1924K(272384K), 0,0005272 secs] [Times: user=0,00 sys=0,00, real=0,00 secs] 
50,732: [GC (Allocation Failure) [PSYoungGen: 96832K->96K(94720K)] 98692K->1956K(269824K), 0,0010134 secs] [Times: user=0,00 sys=0,00, real=0,00 secs] 
50,810: [GC (Allocation Failure) [PSYoungGen: 94304K->96K(92160K)] 96164K->1956K(267264K), 0,0005778 secs] [Times: user=0,00 sys=0,00, real=0,00 secs] 
50,882: [GC (Allocation Failure) [PSYoungGen: 91744K->64K(89600K)] 93604K->1924K(264704K), 0,0005071 secs] [Times: user=0,00 sys=0,00, real=0,00 secs] 
50,956: [GC (Allocation Failure) [PSYoungGen: 89152K->32K(87040K)] 91012K->1892K(262144K), 0,0008756 secs] [Times: user=0,00 sys=0,00, real=0,00 secs] 
51,024: [GC (Allocation Failure) [PSYoungGen: 86560K->96K(84992K)] 88420K->1956K(260096K), 0,0005151 secs] [Times: user=0,00 sys=0,00, real=0,00 secs] 
51,094: [GC (Allocation Failure) [PSYoungGen: 84576K->64K(82944K)] 86436K->1924K(258048K), 0,0007419 secs] [Times: user=0,00 sys=0,00, real=0,01 secs] 
51,175: [GC (Allocation Failure) [PSYoungGen: 82496K->64K(80896K)] 84356K->1924K(256000K), 0,0005385 secs] [Times: user=0,00 sys=0,00, real=0,00 secs] 
51,248: [GC (Allocation Failure) [PSYoungGen: 80448K->64K(78848K)] 82308K->1924K(253952K), 0,0009559 secs] [Times: user=0,00 sys=0,00, real=0,00 secs] 
51,341: [GC (Allocation Failure) [PSYoungGen: 78400K->64K(76800K)] 80260K->1924K(251904K), 0,0010404 secs] [Times: user=0,00 sys=0,01, real=0,00 secs] 
51,410: [GC (Allocation Failure) [PSYoungGen: 76352K->96K(74752K)] 78212K->1956K(249856K), 0,0005130 secs] [Times: user=0,00 sys=0,00, real=0,00 secs] 
51,480: [GC (Allocation Failure) [PSYoungGen: 74336K->32K(89600K)] 76196K->1892K(264704K), 0,0010824 secs] [Times: user=0,00 sys=0,00, real=0,00 secs] 
51,565: [GC (Allocation Failure) [PSYoungGen: 89120K->64K(107520K)] 90980K->1924K(282624K), 0,0018184 secs] [Times: user=0,00 sys=0,00, real=0,00 secs] 
51,662: [GC (Allocation Failure) [PSYoungGen: 107072K->96K(129024K)] 108932K->1956K(304128K), 0,0005157 secs] [Times: user=0,00 sys=0,00, real=0,00 secs] 
51,759: [GC (Allocation Failure) [PSYoungGen: 128608K->96K(124928K)] 130468K->1956K(300032K), 0,0005234 secs] [Times: user=0,00 sys=0,00, real=0,00 secs] 
51,855: [GC (Allocation Failure) [PSYoungGen: 124512K->96K(121344K)] 126372K->1956K(296448K), 0,0005056 secs] [Times: user=0,01 sys=0,00, real=0,00 secs] 
51,947: [GC (Allocation Failure) [PSYoungGen: 120928K->96K(117760K)] 122788K->1956K(292864K), 0,0005730 secs] [Times: user=0,00 sys=0,00, real=0,00 secs] 
52,042: [GC (Allocation Failure) [PSYoungGen: 117344K->32K(114176K)] 119204K->1892K(289280K), 0,0005835 secs] [Times: user=0,00 sys=0,00, real=0,00 secs] 
52,140: [GC (Allocation Failure) [PSYoungGen: 113696K->96K(110592K)] 115556K->1956K(285696K), 0,0005180 secs] [Times: user=0,00 sys=0,00, real=0,00 secs] 
52,238: [GC (Allocation Failure) [PSYoungGen: 110176K->96K(107520K)] 112036K->1956K(282624K), 0,0008931 secs] [Times: user=0,00 sys=0,00, real=0,00 secs] 
52,328: [GC (Allocation Failure) [PSYoungGen: 107104K->64K(104448K)] 108964K->1924K(279552K), 0,0006469 secs] [Times: user=0,00 sys=0,00, real=0,00 secs] 
52,419: [GC (Allocation Failure) [PSYoungGen: 104000K->64K(101376K)] 105860K->1924K(276480K), 0,0012081 secs] [Times: user=0,00 sys=0,00, real=0,00 secs] 
52,506: [GC (Allocation Failure) [PSYoungGen: 100928K->96K(98816K)] 102788K->1956K(273920K), 0,0005473 secs] [Times: user=0,00 sys=0,00, real=0,00 secs] 
52,591: [GC (Allocation Failure) [PSYoungGen: 98400K->96K(96256K)] 100260K->1956K(271360K), 0,0005225 secs] [Times: user=0,01 sys=0,00, real=0,00 secs] 
52,674: [GC (Allocation Failure) [PSYoungGen: 95840K->96K(93696K)] 97700K->1956K(268800K), 0,0005904 secs] [Times: user=0,01 sys=0,00, real=0,00 secs] 
52,776: [GC (Allocation Failure) [PSYoungGen: 93280K->64K(91136K)] 95140K->1924K(266240K), 0,0005274 secs] [Times: user=0,01 sys=0,00, real=0,00 secs] 
52,856: [GC (Allocation Failure) [PSYoungGen: 90688K->96K(88576K)] 92548K->1956K(263680K), 0,0005287 secs] [Times: user=0,00 sys=0,01, real=0,00 secs] 
52,926: [GC (Allocation Failure) [PSYoungGen: 88160K->96K(86528K)] 90020K->1956K(261632K), 0,0005420 secs] [Times: user=0,00 sys=0,00, real=0,00 secs] 
52,995: [GC (Allocation Failure) [PSYoungGen: 86112K->32K(84480K)] 87972K->1892K(259584K), 0,0008469 secs] [Times: user=0,00 sys=0,00, real=0,01 secs] 
53,064: [GC (Allocation Failure) [PSYoungGen: 84000K->96K(101376K)] 85860K->1956K(276480K), 0,0019633 secs] [Times: user=0,00 sys=0,00, real=0,01 secs] 
53,154: [GC (Allocation Failure) [PSYoungGen: 100960K->96K(121856K)] 102820K->1956K(296960K), 0,0005241 secs] [Times: user=0,00 sys=0,00, real=0,00 secs] 
53,254: [GC (Allocation Failure) [PSYoungGen: 121440K->64K(118272K)] 123300K->1924K(293376K), 0,0005273 secs] [Times: user=0,00 sys=0,00, real=0,01 secs] 
53,352: [GC (Allocation Failure) [PSYoungGen: 117824K->64K(114688K)] 119684K->1924K(289792K), 0,0005395 secs] [Times: user=0,00 sys=0,00, real=0,00 secs] 
53,452: [GC (Allocation Failure) [PSYoungGen: 114240K->32K(111104K)] 116100K->1892K(286208K), 0,0006193 secs] [Times: user=0,00 sys=0,00, real=0,00 secs] 
53,541: [GC (Allocation Failure) [PSYoungGen: 110624K->64K(108032K)] 112484K->1924K(283136K), 0,0005204 secs] [Times: user=0,00 sys=0,00, real=0,00 secs] 
53,635: [GC (Allocation Failure) [PSYoungGen: 107584K->96K(104960K)] 109444K->1956K(280064K), 0,0011132 secs] [Times: user=0,00 sys=0,00, real=0,00 secs] 
53,730: [GC (Allocation Failure) [PSYoungGen: 104544K->96K(101888K)] 106404K->1956K(276992K), 0,0005218 secs] [Times: user=0,00 sys=0,00, real=0,00 secs] 
53,812: [GC (Allocation Failure) [PSYoungGen: 101472K->96K(98816K)] 103332K->1956K(273920K), 0,0009432 secs] [Times: user=0,00 sys=0,00, real=0,00 secs] 
53,891: [GC (Allocation Failure) [PSYoungGen: 98400K->64K(96256K)] 100260K->1924K(271360K), 0,0007575 secs] [Times: user=0,00 sys=0,00, real=0,00 secs] 
53,967: [GC (Allocation Failure) [PSYoungGen: 95808K->96K(93696K)] 97668K->1956K(268800K), 0,0005368 secs] [Times: user=0,00 sys=0,00, real=0,00 secs] 
54,040: [GC (Allocation Failure) [PSYoungGen: 93279K->64K(91136K)] 95140K->1924K(266240K), 0,0006764 secs] [Times: user=0,00 sys=0,00, real=0,00 secs] 
54,112: [GC (Allocation Failure) [PSYoungGen: 90688K->96K(88576K)] 92548K->1956K(263680K), 0,0005291 secs] [Times: user=0,00 sys=0,00, real=0,00 secs] 
54,183: [GC (Allocation Failure) [PSYoungGen: 88160K->64K(86528K)] 90020K->1924K(261632K), 0,0006018 secs] [Times: user=0,00 sys=0,00, real=0,00 secs] 
54,260: [GC (Allocation Failure) [PSYoungGen: 86080K->96K(84480K)] 87940K->1956K(259584K), 0,0005242 secs] [Times: user=0,00 sys=0,00, real=0,00 secs] 
54,335: [GC (Allocation Failure) [PSYoungGen: 84064K->96K(82432K)] 85924K->1956K(257536K), 0,0009102 secs] [Times: user=0,00 sys=0,00, real=0,00 secs] 
54,405: [GC (Allocation Failure) [PSYoungGen: 82016K->96K(80384K)] 83876K->1956K(255488K), 0,0005766 secs] [Times: user=0,00 sys=0,00, real=0,00 secs] 
54,471: [GC (Allocation Failure) [PSYoungGen: 79968K->64K(78336K)] 81828K->1924K(253440K), 0,0005318 secs] [Times: user=0,00 sys=0,00, real=0,00 secs] 
54,536: [GC (Allocation Failure) [PSYoungGen: 77888K->32K(76288K)] 79748K->1892K(251392K), 0,0006831 secs] [Times: user=0,00 sys=0,00, real=0,00 secs] 
54,599: [GC (Allocation Failure) [PSYoungGen: 75808K->64K(74752K)] 77668K->1924K(249856K), 0,0006080 secs] [Times: user=0,00 sys=0,00, real=0,00 secs] 
54,660: [GC (Allocation Failure) [PSYoungGen: 74304K->64K(73216K)] 76164K->1924K(248320K), 0,0006390 secs] [Times: user=0,00 sys=0,00, real=0,00 secs] 
54,720: [GC (Allocation Failure) [PSYoungGen: 72768K->96K(71680K)] 74628K->1956K(246784K), 0,0005298 secs] [Times: user=0,00 sys=0,00, real=0,00 secs] 
54,781: [GC (Allocation Failure) [PSYoungGen: 71264K->96K(70144K)] 73124K->1956K(245248K), 0,0006104 secs] [Times: user=0,00 sys=0,00, real=0,00 secs] 
54,841: [GC (Allocation Failure) [PSYoungGen: 69728K->96K(68608K)] 71588K->1956K(243712K), 0,0005361 secs] [Times: user=0,00 sys=0,00, real=0,00 secs] 
54,900: [GC (Allocation Failure) [PSYoungGen: 68192K->64K(67072K)] 70052K->1924K(242176K), 0,0005798 secs] [Times: user=0,01 sys=0,00, real=0,00 secs] 
54,959: [GC (Allocation Failure) [PSYoungGen: 66624K->96K(65536K)] 68484K->1956K(240640K), 0,0005318 secs] [Times: user=0,00 sys=0,00, real=0,00 secs] 
55,013: [GC (Allocation Failure) [PSYoungGen: 65120K->96K(64000K)] 66980K->1956K(239104K), 0,0005938 secs] [Times: user=0,00 sys=0,00, real=0,00 secs] 
55,064: [GC (Allocation Failure) [PSYoungGen: 63584K->64K(62464K)] 65444K->1924K(237568K), 0,0005262 secs] [Times: user=0,00 sys=0,00, real=0,00 secs] 
55,114: [GC (Allocation Failure) [PSYoungGen: 62016K->64K(75264K)] 63876K->1924K(250368K), 0,0010136 secs] [Times: user=0,00 sys=0,00, real=0,01 secs] 
55,175: [GC (Allocation Failure) [PSYoungGen: 74816K->96K(90624K)] 76676K->1956K(265728K), 0,0005240 secs] [Times: user=0,00 sys=0,00, real=0,01 secs] 
55,248: [GC (Allocation Failure) [PSYoungGen: 90208K->96K(88064K)] 92068K->1956K(263168K), 0,0005350 secs] [Times: user=0,00 sys=0,00, real=0,00 secs] 
55,323: [GC (Allocation Failure) [PSYoungGen: 87648K->32K(86016K)] 89508K->1892K(261120K), 0,0008888 secs] [Times: user=0,00 sys=0,00, real=0,00 secs] 
55,395: [GC (Allocation Failure) [PSYoungGen: 85536K->96K(83968K)] 87396K->1956K(259072K), 0,0005305 secs] [Times: user=0,00 sys=0,00, real=0,01 secs] 
55,461: [GC (Allocation Failure) [PSYoungGen: 83552K->64K(81920K)] 85412K->1924K(257024K), 0,0005079 secs] [Times: user=0,00 sys=0,00, real=0,00 secs] 
55,524: [GC (Allocation Failure) [PSYoungGen: 81472K->64K(79872K)] 83332K->1924K(254976K), 0,0005266 secs] [Times: user=0,00 sys=0,00, real=0,00 secs] 
55,587: [GC (Allocation Failure) [PSYoungGen: 79424K->96K(77824K)] 81284K->1956K(252928K), 0,0005212 secs] [Times: user=0,00 sys=0,00, real=0,00 secs] 
55,650: [GC (Allocation Failure) [PSYoungGen: 77408K->64K(75776K)] 79268K->1924K(250880K), 0,0005969 secs] [Times: user=0,00 sys=0,00, real=0,00 secs] 
55,709: [GC (Allocation Failure) [PSYoungGen: 75328K->96K(74240K)] 77188K->1956K(249344K), 0,0005324 secs] [Times: user=0,01 sys=0,00, real=0,00 secs] 
55,767: [GC (Allocation Failure) [PSYoungGen: 73824K->64K(72704K)] 75684K->1924K(247808K), 0,0006446 secs] [Times: user=0,00 sys=0,00, real=0,00 secs] 
55,825: [GC (Allocation Failure) [PSYoungGen: 72256K->64K(71168K)] 74116K->1924K(246272K), 0,0007306 secs] [Times: user=0,00 sys=0,00, real=0,00 secs] 
55,882: [GC (Allocation Failure) [PSYoungGen: 70720K->64K(69632K)] 72580K->1924K(244736K), 0,0006799 secs] [Times: user=0,00 sys=0,00, real=0,00 secs] 
55,938: [GC (Allocation Failure) [PSYoungGen: 69184K->64K(68096K)] 71044K->1924K(243200K), 0,0005864 secs] [Times: user=0,00 sys=0,00, real=0,00 secs] 
55,993: [GC (Allocation Failure) [PSYoungGen: 67648K->96K(66560K)] 69508K->1956K(241664K), 0,0005132 secs] [Times: user=0,00 sys=0,00, real=0,00 secs] 
56,051: [GC (Allocation Failure) [PSYoungGen: 66144K->96K(65024K)] 68004K->1956K(240128K), 0,0005135 secs] [Times: user=0,00 sys=0,00, real=0,00 secs] 
56,105: [GC (Allocation Failure) [PSYoungGen: 64607K->96K(78336K)] 66468K->1956K(253440K), 0,0017076 secs] [Times: user=0,01 sys=0,00, real=0,01 secs] 
56,171: [GC (Allocation Failure) [PSYoungGen: 77920K->64K(94208K)] 79780K->1924K(269312K), 0,0008634 secs] [Times: user=0,00 sys=0,00, real=0,00 secs] 
56,252: [GC (Allocation Failure) [PSYoungGen: 93760K->64K(113152K)] 95620K->1924K(288256K), 0,0012056 secs] [Times: user=0,00 sys=0,00, real=0,00 secs] 
56,345: [GC (Allocation Failure) [PSYoungGen: 112704K->96K(135680K)] 114564K->1956K(310784K), 0,0005199 secs] [Times: user=0,00 sys=0,00, real=0,00 secs] 
56,454: [GC (Allocation Failure) [PSYoungGen: 135264K->96K(131584K)] 137124K->1956K(306688K), 0,0005538 secs] [Times: user=0,00 sys=0,00, real=0,00 secs] 
56,559: [GC (Allocation Failure) [PSYoungGen: 131168K->96K(127488K)] 133028K->1956K(302592K), 0,0005655 secs] [Times: user=0,00 sys=0,00, real=0,00 secs] 
56,666: [GC (Allocation Failure) [PSYoungGen: 127072K->96K(123392K)] 128932K->1956K(298496K), 0,0005362 secs] [Times: user=0,00 sys=0,00, real=0,00 secs] 
56,776: [GC (Allocation Failure) [PSYoungGen: 122976K->32K(119808K)] 124836K->1892K(294912K), 0,0012331 secs] [Times: user=0,00 sys=0,00, real=0,00 secs] 
56,882: [GC (Allocation Failure) [PSYoungGen: 119328K->32K(116224K)] 121188K->1892K(291328K), 0,0011534 secs] [Times: user=0,00 sys=0,00, real=0,00 secs] 
56,982: [GC (Allocation Failure) [PSYoungGen: 115744K->96K(112640K)] 117604K->1956K(287744K), 0,0005263 secs] [Times: user=0,00 sys=0,00, real=0,00 secs] 
57,075: [GC (Allocation Failure) [PSYoungGen: 112224K->96K(109568K)] 114084K->1956K(284672K), 0,0005357 secs] [Times: user=0,00 sys=0,00, real=0,01 secs] 
57,164: [GC (Allocation Failure) [PSYoungGen: 109152K->96K(106496K)] 111012K->1956K(281600K), 0,0005581 secs] [Times: user=0,00 sys=0,00, real=0,01 secs] 
57,269: [GC (Allocation Failure) [PSYoungGen: 106080K->32K(128000K)] 107940K->1892K(303104K), 0,0183292 secs] [Times: user=0,00 sys=0,00, real=0,02 secs] 
57,477: [GC (Allocation Failure) [PSYoungGen: 127520K->96K(153600K)] 129380K->1956K(328704K), 0,0005759 secs] [Times: user=0,01 sys=0,00, real=0,00 secs] 
57,636: [GC (Allocation Failure) [PSYoungGen: 153184K->96K(184320K)] 155044K->1956K(359424K), 0,0005947 secs] [Times: user=0,00 sys=0,00, real=0,00 secs] 
57,838: [GC (Allocation Failure) [PSYoungGen: 183904K->96K(221184K)] 185764K->1956K(396288K), 0,0007304 secs] [Times: user=0,00 sys=0,00, real=0,00 secs] 
58,072: [GC (Allocation Failure) [PSYoungGen: 220768K->96K(265728K)] 222628K->1956K(440832K), 0,0005320 secs] [Times: user=0,00 sys=0,00, real=0,00 secs] 
58,386: [GC (Allocation Failure) [PSYoungGen: 265312K->96K(318976K)] 267172K->1956K(494080K), 0,0005883 secs] [Times: user=0,00 sys=0,00, real=0,00 secs] 
58,813: [GC (Allocation Failure) [PSYoungGen: 318560K->96K(306176K)] 320420K->1956K(481280K), 0,0005733 secs] [Times: user=0,00 sys=0,00, real=0,00 secs] 
59,144: [GC (Allocation Failure) [PSYoungGen: 305760K->96K(293888K)] 307620K->1956K(468992K), 0,0006320 secs] [Times: user=0,00 sys=0,00, real=0,00 secs] 
59,489: [GC (Allocation Failure) [PSYoungGen: 293472K->64K(282112K)] 295332K->1924K(457216K), 0,0010109 secs] [Times: user=0,00 sys=0,00, real=0,00 secs] 
59,747: [GC (Allocation Failure) [PSYoungGen: 281664K->96K(270848K)] 283524K->1956K(445952K), 0,0004661 secs] [Times: user=0,00 sys=0,00, real=0,00 secs] 
60,045: [GC (Allocation Failure) [PSYoungGen: 270432K->96K(260096K)] 272292K->1956K(435200K), 0,0006579 secs] [Times: user=0,00 sys=0,00, real=0,00 secs] 
60,332: [GC (Allocation Failure) [PSYoungGen: 259680K->160K(249856K)] 261540K->2020K(424960K), 0,0005881 secs] [Times: user=0,00 sys=0,00, real=0,00 secs] 
60,556: [GC (Allocation Failure) [PSYoungGen: 249504K->64K(240128K)] 251364K->1948K(415232K), 0,0007799 secs] [Times: user=0,00 sys=0,00, real=0,00 secs] 
60,774: [GC (Allocation Failure) [PSYoungGen: 239680K->96K(230912K)] 241564K->1980K(406016K), 0,0005374 secs] [Times: user=0,00 sys=0,00, real=0,01 secs] 
60,972: [GC (Allocation Failure) [PSYoungGen: 230496K->64K(222208K)] 232380K->1948K(397312K), 0,0005282 secs] [Times: user=0,00 sys=0,00, real=0,00 secs] 
61,149: [GC (Allocation Failure) [PSYoungGen: 221760K->96K(214016K)] 223644K->1980K(389120K), 0,0004723 secs] [Times: user=0,00 sys=0,00, real=0,00 secs] 
61,322: [GC (Allocation Failure) [PSYoungGen: 213600K->64K(206336K)] 215484K->1948K(381440K), 0,0012193 secs] [Times: user=0,00 sys=0,00, real=0,00 secs] 
61,487: [GC (Allocation Failure) [PSYoungGen: 205888K->64K(198656K)] 207772K->1948K(373760K), 0,0005312 secs] [Times: user=0,00 sys=0,00, real=0,00 secs] 
61,652: [GC (Allocation Failure) [PSYoungGen: 198208K->64K(191488K)] 200092K->1948K(366592K), 0,0009121 secs] [Times: user=0,00 sys=0,00, real=0,00 secs] 
61,806: [GC (Allocation Failure) [PSYoungGen: 191040K->96K(184832K)] 192924K->1980K(359936K), 0,0005205 secs] [Times: user=0,01 sys=0,00, real=0,00 secs] 
61,956: [GC (Allocation Failure) [PSYoungGen: 184416K->96K(178176K)] 186300K->1980K(353280K), 0,0005957 secs] [Times: user=0,00 sys=0,00, real=0,00 secs] 
62,095: [GC (Allocation Failure) [PSYoungGen: 177760K->64K(172032K)] 179644K->1948K(347136K), 0,0006637 secs] [Times: user=0,00 sys=0,00, real=0,00 secs] 
62,229: [GC (Allocation Failure) [PSYoungGen: 171584K->96K(165888K)] 173468K->1980K(340992K), 0,0005158 secs] [Times: user=0,00 sys=0,00, real=0,00 secs] 
62,367: [GC (Allocation Failure) [PSYoungGen: 165472K->96K(160256K)] 167356K->1980K(335360K), 0,0005259 secs] [Times: user=0,00 sys=0,00, real=0,00 secs] 
62,498: [GC (Allocation Failure) [PSYoungGen: 159840K->96K(154624K)] 161724K->1980K(329728K), 0,0005351 secs] [Times: user=0,00 sys=0,00, real=0,00 secs] 
62,644: [GC (Allocation Failure) [PSYoungGen: 154208K->96K(149504K)] 156092K->1980K(324608K), 0,0006598 secs] [Times: user=0,00 sys=0,00, real=0,01 secs] 
62,789: [GC (Allocation Failure) [PSYoungGen: 149088K->96K(144384K)] 150972K->1980K(319488K), 0,0012453 secs] [Times: user=0,00 sys=0,00, real=0,00 secs] 
62,914: [GC (Allocation Failure) [PSYoungGen: 143968K->96K(139776K)] 145852K->1980K(314880K), 0,0005497 secs] [Times: user=0,00 sys=0,00, real=0,00 secs] 
63,029: [GC (Allocation Failure) [PSYoungGen: 139359K->96K(135168K)] 141244K->1980K(310272K), 0,0005210 secs] [Times: user=0,00 sys=0,00, real=0,00 secs] 
63,138: [GC (Allocation Failure) [PSYoungGen: 134751K->96K(131072K)] 136636K->1980K(306176K), 0,0005378 secs] [Times: user=0,00 sys=0,00, real=0,00 secs] 
63,251: [GC (Allocation Failure) [PSYoungGen: 130656K->96K(126976K)] 132540K->1980K(302080K), 0,0005123 secs] [Times: user=0,00 sys=0,00, real=0,00 secs] 
63,358: [GC (Allocation Failure) [PSYoungGen: 126560K->64K(122880K)] 128444K->1948K(297984K), 0,0005240 secs] [Times: user=0,00 sys=0,00, real=0,00 secs] 
63,457: [GC (Allocation Failure) [PSYoungGen: 122432K->96K(119296K)] 124316K->1980K(294400K), 0,0005175 secs] [Times: user=0,01 sys=0,01, real=0,00 secs] 
63,554: [GC (Allocation Failure) [PSYoungGen: 118880K->64K(115712K)] 120764K->1948K(290816K), 0,0005812 secs] [Times: user=0,00 sys=0,00, real=0,00 secs] 
63,663: [GC (Allocation Failure) [PSYoungGen: 115263K->64K(112128K)] 117148K->1948K(287232K), 0,0016582 secs] [Times: user=0,00 sys=0,00, real=0,00 secs] 
63,804: [GC (Allocation Failure) [PSYoungGen: 111679K->96K(109056K)] 113564K->1980K(284160K), 0,0005686 secs] [Times: user=0,01 sys=0,00, real=0,00 secs] 
63,925: [GC (Allocation Failure) [PSYoungGen: 108640K->96K(105984K)] 110524K->1980K(281088K), 0,0005175 secs] [Times: user=0,00 sys=0,00, real=0,00 secs] 
64,007: [GC (Allocation Failure) [PSYoungGen: 105568K->96K(102912K)] 107452K->1980K(278016K), 0,0005221 secs] [Times: user=0,00 sys=0,00, real=0,00 secs] 
64,087: [GC (Allocation Failure) [PSYoungGen: 102496K->96K(99840K)] 104380K->1980K(274944K), 0,0005308 secs] [Times: user=0,00 sys=0,00, real=0,00 secs] 
64,163: [GC (Allocation Failure) [PSYoungGen: 99424K->64K(97280K)] 101308K->1948K(272384K), 0,0005320 secs] [Times: user=0,00 sys=0,00, real=0,00 secs] 
64,238: [GC (Allocation Failure) [PSYoungGen: 96832K->64K(94720K)] 98716K->1948K(269824K), 0,0007684 secs] [Times: user=0,00 sys=0,00, real=0,00 secs] 
64,313: [GC (Allocation Failure) [PSYoungGen: 94272K->96K(92160K)] 96156K->1980K(267264K), 0,0005691 secs] [Times: user=0,00 sys=0,00, real=0,00 secs] 
64,394: [GC (Allocation Failure) [PSYoungGen: 91744K->96K(89600K)] 93628K->1980K(264704K), 0,0005474 secs] [Times: user=0,00 sys=0,00, real=0,00 secs] 
64,467: [GC (Allocation Failure) [PSYoungGen: 89184K->64K(87040K)] 91068K->1948K(262144K), 0,0007929 secs] [Times: user=0,00 sys=0,00, real=0,00 secs] 
64,535: [GC (Allocation Failure) [PSYoungGen: 86592K->64K(84992K)] 88476K->1948K(260096K), 0,0005813 secs] [Times: user=0,00 sys=0,00, real=0,00 secs] 
64,602: [GC (Allocation Failure) [PSYoungGen: 84544K->64K(82944K)] 86428K->1948K(258048K), 0,0005354 secs] [Times: user=0,00 sys=0,00, real=0,00 secs] 
64,671: [GC (Allocation Failure) [PSYoungGen: 82495K->96K(80896K)] 84380K->1980K(256000K), 0,0005227 secs] [Times: user=0,00 sys=0,00, real=0,00 secs] 
64,740: [GC (Allocation Failure) [PSYoungGen: 80480K->96K(78848K)] 82364K->1980K(253952K), 0,0005201 secs] [Times: user=0,00 sys=0,00, real=0,00 secs] 
64,809: [GC (Allocation Failure) [PSYoungGen: 78431K->64K(76800K)] 80316K->1948K(251904K), 0,0005643 secs] [Times: user=0,00 sys=0,00, real=0,00 secs] 
64,873: [GC (Allocation Failure) [PSYoungGen: 76352K->96K(74752K)] 78236K->1980K(249856K), 0,0006061 secs] [Times: user=0,01 sys=0,00, real=0,00 secs] 
64,933: [GC (Allocation Failure) [PSYoungGen: 74336K->64K(73216K)] 76220K->1948K(248320K), 0,0005533 secs] [Times: user=0,01 sys=0,00, real=0,00 secs] 
64,994: [GC (Allocation Failure) [PSYoungGen: 72768K->96K(71680K)] 74652K->1980K(246784K), 0,0005758 secs] [Times: user=0,01 sys=0,00, real=0,00 secs] 
65,054: [GC (Allocation Failure) [PSYoungGen: 71264K->96K(70144K)] 73148K->1980K(245248K), 0,0005486 secs] [Times: user=0,00 sys=0,00, real=0,01 secs] 
65,112: [GC (Allocation Failure) [PSYoungGen: 69728K->96K(68608K)] 71612K->1980K(243712K), 0,0005179 secs] [Times: user=0,00 sys=0,00, real=0,00 secs] 
65,197: [GC (Allocation Failure) [PSYoungGen: 68192K->32K(82432K)] 70076K->1916K(257536K), 0,0161414 secs] [Times: user=0,00 sys=0,00, real=0,01 secs] 
65,336: [GC (Allocation Failure) [PSYoungGen: 81952K->96K(98816K)] 83836K->1980K(273920K), 0,0006032 secs] [Times: user=0,00 sys=0,00, real=0,00 secs] 
65,455: [GC (Allocation Failure) [PSYoungGen: 98400K->64K(118784K)] 100284K->1948K(293888K), 0,0008153 secs] [Times: user=0,00 sys=0,00, real=0,00 secs] 
65,571: [GC (Allocation Failure) [PSYoungGen: 118336K->96K(142848K)] 120220K->1980K(317952K), 0,0005519 secs] [Times: user=0,00 sys=0,00, real=0,00 secs] 
65,745: [GC (Allocation Failure) [PSYoungGen: 142432K->32K(171520K)] 144316K->1916K(346624K), 0,0012739 secs] [Times: user=0,00 sys=0,00, real=0,00 secs] 
65,918: [GC (Allocation Failure) [PSYoungGen: 171040K->96K(205824K)] 172924K->1980K(380928K), 0,0008027 secs] [Times: user=0,00 sys=0,00, real=0,00 secs] 
66,122: [GC (Allocation Failure) [PSYoungGen: 205408K->96K(247296K)] 207292K->1980K(422400K), 0,0005944 secs] [Times: user=0,00 sys=0,00, real=0,00 secs] 
66,415: [GC (Allocation Failure) [PSYoungGen: 246880K->96K(237568K)] 248764K->1980K(412672K), 0,0009950 secs] [Times: user=0,00 sys=0,00, real=0,00 secs] 
66,689: [GC (Allocation Failure) [PSYoungGen: 237152K->32K(228352K)] 239036K->1916K(403456K), 0,0025787 secs] [Times: user=0,00 sys=0,00, real=0,00 secs] 
67,079: [GC (Allocation Failure) [PSYoungGen: 227872K->96K(219648K)] 229756K->1980K(394752K), 0,0006539 secs] [Times: user=0,00 sys=0,00, real=0,00 secs] 
67,288: [GC (Allocation Failure) [PSYoungGen: 219232K->96K(211456K)] 221116K->1980K(386560K), 0,0005937 secs] [Times: user=0,00 sys=0,00, real=0,00 secs] 
67,475: [GC (Allocation Failure) [PSYoungGen: 211040K->96K(203776K)] 212924K->1980K(378880K), 0,0004691 secs] [Times: user=0,00 sys=0,00, real=0,01 secs] 
67,653: [GC (Allocation Failure) [PSYoungGen: 203360K->96K(196096K)] 205244K->1980K(371200K), 0,0006153 secs] [Times: user=0,00 sys=0,00, real=0,00 secs] 
67,866: [GC (Allocation Failure) [PSYoungGen: 195679K->96K(188928K)] 197564K->1980K(364032K), 0,0005348 secs] [Times: user=0,00 sys=0,00, real=0,00 secs] 
68,053: [GC (Allocation Failure) [PSYoungGen: 188512K->96K(182272K)] 190396K->1980K(357376K), 0,0007446 secs] [Times: user=0,00 sys=0,00, real=0,00 secs] 
68,229: [GC (Allocation Failure) [PSYoungGen: 181856K->96K(175616K)] 183740K->1980K(350720K), 0,0005494 secs] [Times: user=0,00 sys=0,00, real=0,00 secs] 
68,403: [GC (Allocation Failure) [PSYoungGen: 175200K->64K(169472K)] 177084K->1948K(344576K), 0,0007389 secs] [Times: user=0,00 sys=0,00, real=0,00 secs] 
68,550: [GC (Allocation Failure) [PSYoungGen: 169024K->96K(163840K)] 170908K->1980K(338944K), 0,0005491 secs] [Times: user=0,00 sys=0,00, real=0,00 secs] 
68,703: [GC (Allocation Failure) [PSYoungGen: 163424K->96K(158208K)] 165308K->1980K(333312K), 0,0005651 secs] [Times: user=0,00 sys=0,00, real=0,00 secs] 
68,836: [GC (Allocation Failure) [PSYoungGen: 157791K->96K(153088K)] 159676K->1980K(328192K), 0,0005764 secs] [Times: user=0,00 sys=0,00, real=0,00 secs] 
68,962: [GC (Allocation Failure) [PSYoungGen: 152672K->96K(147968K)] 154556K->1980K(323072K), 0,0005244 secs] [Times: user=0,00 sys=0,00, real=0,00 secs] 
69,084: [GC (Allocation Failure) [PSYoungGen: 147552K->64K(143360K)] 149436K->1948K(318464K), 0,0005304 secs] [Times: user=0,00 sys=0,00, real=0,00 secs] 
69,198: [GC (Allocation Failure) [PSYoungGen: 142911K->96K(138752K)] 144796K->1980K(313856K), 0,0005444 secs] [Times: user=0,01 sys=0,00, real=0,00 secs] 
69,307: [GC (Allocation Failure) [PSYoungGen: 138336K->64K(134144K)] 140220K->1948K(309248K), 0,0005639 secs] [Times: user=0,00 sys=0,00, real=0,00 secs] 
69,417: [GC (Allocation Failure) [PSYoungGen: 133696K->96K(130048K)] 135580K->1980K(305152K), 0,0005308 secs] [Times: user=0,00 sys=0,00, real=0,00 secs] 
69,533: [GC (Allocation Failure) [PSYoungGen: 129632K->64K(125952K)] 131516K->1948K(301056K), 0,0010540 secs] [Times: user=0,00 sys=0,00, real=0,00 secs] 
69,640: [GC (Allocation Failure) [PSYoungGen: 125504K->96K(121856K)] 127388K->1980K(296960K), 0,0005732 secs] [Times: user=0,00 sys=0,00, real=0,00 secs] 
69,741: [GC (Allocation Failure) [PSYoungGen: 121440K->64K(118272K)] 123324K->1948K(293376K), 0,0005662 secs] [Times: user=0,00 sys=0,00, real=0,00 secs] 
69,844: [GC (Allocation Failure) [PSYoungGen: 117824K->32K(114688K)] 119708K->1916K(289792K), 0,0017581 secs] [Times: user=0,00 sys=0,00, real=0,01 secs] 
69,952: [GC (Allocation Failure) [PSYoungGen: 114208K->64K(111104K)] 116092K->1948K(286208K), 0,0005613 secs] [Times: user=0,00 sys=0,00, real=0,00 secs] 
70,062: [GC (Allocation Failure) [PSYoungGen: 110656K->96K(108032K)] 112540K->1980K(283136K), 0,0005587 secs] [Times: user=0,00 sys=0,00, real=0,00 secs] 
70,178: [GC (Allocation Failure) [PSYoungGen: 107616K->64K(104960K)] 109500K->1948K(280064K), 0,0005458 secs] [Times: user=0,00 sys=0,00, real=0,00 secs] 
70,294: [GC (Allocation Failure) [PSYoungGen: 104512K->96K(101888K)] 106396K->1980K(276992K), 0,0005358 secs] [Times: user=0,00 sys=0,00, real=0,01 secs] 
70,385: [GC (Allocation Failure) [PSYoungGen: 101472K->96K(98816K)] 103356K->2004K(273920K), 0,0005526 secs] [Times: user=0,00 sys=0,00, real=0,00 secs] 
70,463: [GC (Allocation Failure) [PSYoungGen: 98400K->64K(96256K)] 100308K->1972K(271360K), 0,0005792 secs] [Times: user=0,00 sys=0,00, real=0,00 secs] 
70,540: [GC (Allocation Failure) [PSYoungGen: 95808K->64K(93696K)] 97716K->1972K(268800K), 0,0009976 secs] [Times: user=0,00 sys=0,00, real=0,00 secs] 
70,617: [GC (Allocation Failure) [PSYoungGen: 93248K->96K(91136K)] 95156K->2004K(266240K), 0,0005389 secs] [Times: user=0,00 sys=0,00, real=0,00 secs] 
70,690: [GC (Allocation Failure) [PSYoungGen: 90720K->64K(88576K)] 92628K->1972K(263680K), 0,0006088 secs] [Times: user=0,00 sys=0,00, real=0,00 secs] 
70,763: [GC (Allocation Failure) [PSYoungGen: 88128K->96K(86528K)] 90036K->2004K(261632K), 0,0005281 secs] [Times: user=0,00 sys=0,00, real=0,00 secs] 
70,836: [GC (Allocation Failure) [PSYoungGen: 86112K->32K(84480K)] 88020K->1940K(259584K), 0,0012791 secs] [Times: user=0,01 sys=0,00, real=0,00 secs] 
70,909: [GC (Allocation Failure) [PSYoungGen: 84000K->96K(82432K)] 85908K->2004K(257536K), 0,0005450 secs] [Times: user=0,00 sys=0,00, real=0,00 secs] 
70,982: [GC (Allocation Failure) [PSYoungGen: 82016K->32K(98816K)] 83924K->1940K(273920K), 0,0015510 secs] [Times: user=0,00 sys=0,00, real=0,00 secs] 
71,074: [GC (Allocation Failure) [PSYoungGen: 98336K->64K(118784K)] 100244K->1972K(293888K), 0,0007009 secs] [Times: user=0,00 sys=0,00, real=0,01 secs] 
71,178: [GC (Allocation Failure) [PSYoungGen: 118336K->96K(115200K)] 120244K->2004K(290304K), 0,0005487 secs] [Times: user=0,00 sys=0,00, real=0,00 secs] 
71,272: [GC (Allocation Failure) [PSYoungGen: 114784K->96K(111616K)] 116692K->2004K(286720K), 0,0005314 secs] [Times: user=0,00 sys=0,00, real=0,00 secs] 
71,402: [GC (Allocation Failure) [PSYoungGen: 111200K->96K(108544K)] 113108K->2004K(283648K), 0,0005790 secs] [Times: user=0,01 sys=0,00, real=0,00 secs] 
71,498: [GC (Allocation Failure) [PSYoungGen: 108128K->64K(105472K)] 110036K->1972K(280576K), 0,0006247 secs] [Times: user=0,00 sys=0,00, real=0,00 secs] 
71,583: [GC (Allocation Failure) [PSYoungGen: 105024K->64K(102400K)] 106932K->1972K(277504K), 0,0006229 secs] [Times: user=0,00 sys=0,00, real=0,00 secs] 
71,667: [GC (Allocation Failure) [PSYoungGen: 101952K->96K(99328K)] 103860K->2004K(274432K), 0,0005252 secs] [Times: user=0,00 sys=0,00, real=0,00 secs] 
71,744: [GC (Allocation Failure) [PSYoungGen: 98912K->64K(96768K)] 100820K->1972K(271872K), 0,0005669 secs] [Times: user=0,00 sys=0,00, real=0,01 secs] 
71,820: [GC (Allocation Failure) [PSYoungGen: 96320K->96K(94208K)] 98228K->2004K(269312K), 0,0005230 secs] [Times: user=0,00 sys=0,00, real=0,00 secs] 
71,892: [GC (Allocation Failure) [PSYoungGen: 93792K->96K(91648K)] 95700K->2004K(266752K), 0,0005267 secs] [Times: user=0,01 sys=0,00, real=0,00 secs] 
71,964: [GC (Allocation Failure) [PSYoungGen: 91232K->64K(89088K)] 93140K->1972K(264192K), 0,0005303 secs] [Times: user=0,00 sys=0,00, real=0,01 secs] 
72,034: [GC (Allocation Failure) [PSYoungGen: 88640K->96K(87040K)] 90548K->2004K(262144K), 0,0005185 secs] [Times: user=0,01 sys=0,00, real=0,00 secs] 
72,101: [GC (Allocation Failure) [PSYoungGen: 86624K->128K(84992K)] 88532K->2036K(260096K), 0,0005850 secs] [Times: user=0,00 sys=0,00, real=0,00 secs] 
72,167: [GC (Allocation Failure) [PSYoungGen: 84608K->64K(82944K)] 86516K->1972K(258048K), 0,0008938 secs] [Times: user=0,00 sys=0,00, real=0,00 secs] 
72,231: [GC (Allocation Failure) [PSYoungGen: 82496K->96K(80896K)] 84404K->2004K(256000K), 0,0005177 secs] [Times: user=0,00 sys=0,00, real=0,00 secs] 
72,294: [GC (Allocation Failure) [PSYoungGen: 80480K->32K(78848K)] 82388K->1940K(253952K), 0,0005609 secs] [Times: user=0,00 sys=0,00, real=0,00 secs] 
72,353: [GC (Allocation Failure) [PSYoungGen: 78368K->32K(76800K)] 80276K->1940K(251904K), 0,0005018 secs] [Times: user=0,00 sys=0,00, real=0,00 secs] 
72,411: [GC (Allocation Failure) [PSYoungGen: 76320K->96K(74752K)] 78228K->2004K(249856K), 0,0005071 secs] [Times: user=0,00 sys=0,00, real=0,00 secs] 
72,467: [GC (Allocation Failure) [PSYoungGen: 74336K->64K(73216K)] 76244K->1972K(248320K), 0,0005084 secs] [Times: user=0,00 sys=0,00, real=0,00 secs] 
72,521: [GC (Allocation Failure) [PSYoungGen: 72768K->96K(71680K)] 74676K->2004K(246784K), 0,0005044 secs] [Times: user=0,00 sys=0,00, real=0,00 secs] 
72,574: [GC (Allocation Failure) [PSYoungGen: 71264K->96K(70144K)] 73172K->2012K(245248K), 0,0004978 secs] [Times: user=0,00 sys=0,00, real=0,01 secs] 
72,628: [GC (Allocation Failure) [PSYoungGen: 69728K->96K(68608K)] 71644K->2012K(243712K), 0,0005409 secs] [Times: user=0,00 sys=0,00, real=0,00 secs] 
72,679: [GC (Allocation Failure) [PSYoungGen: 68192K->64K(67072K)] 70108K->1980K(242176K), 0,0005769 secs] [Times: user=0,00 sys=0,00, real=0,00 secs] 
72,729: [GC (Allocation Failure) [PSYoungGen: 66624K->96K(65536K)] 68540K->2012K(240640K), 0,0005610 secs] [Times: user=0,00 sys=0,00, real=0,00 secs] 
72,778: [GC (Allocation Failure) [PSYoungGen: 65120K->64K(64000K)] 67036K->1980K(239104K), 0,0004962 secs] [Times: user=0,00 sys=0,00, real=0,00 secs] 
72,826: [GC (Allocation Failure) [PSYoungGen: 63552K->64K(62464K)] 65468K->1980K(237568K), 0,0005041 secs] [Times: user=0,00 sys=0,00, real=0,00 secs] 
72,873: [GC (Allocation Failure) [PSYoungGen: 62016K->96K(61440K)] 63932K->2012K(236544K), 0,0005217 secs] [Times: user=0,00 sys=0,00, real=0,00 secs] 
72,921: [GC (Allocation Failure) [PSYoungGen: 61024K->64K(73728K)] 62940K->1980K(248832K), 0,0011771 secs] [Times: user=0,00 sys=0,00, real=0,00 secs] 
72,981: [GC (Allocation Failure) [PSYoungGen: 73280K->96K(88576K)] 75196K->2012K(263680K), 0,0005184 secs] [Times: user=0,00 sys=0,00, real=0,00 secs] 
73,051: [GC (Allocation Failure) [PSYoungGen: 88160K->96K(106496K)] 90076K->2012K(281600K), 0,0005225 secs] [Times: user=0,00 sys=0,00, real=0,00 secs] 
73,133: [GC (Allocation Failure) [PSYoungGen: 106080K->64K(103424K)] 107996K->1980K(278528K), 0,0005226 secs] [Times: user=0,00 sys=0,00, real=0,00 secs] 
73,212: [GC (Allocation Failure) [PSYoungGen: 102976K->32K(124416K)] 104892K->1948K(299520K), 0,0199637 secs] [Times: user=0,00 sys=0,00, real=0,02 secs] 
73,340: [GC (Allocation Failure) [PSYoungGen: 123936K->64K(149504K)] 125852K->1980K(324608K), 0,0005079 secs] [Times: user=0,00 sys=0,00, real=0,00 secs] 
73,451: [GC (Allocation Failure) [PSYoungGen: 149056K->64K(179712K)] 150972K->1980K(354816K), 0,0005603 secs] [Times: user=0,00 sys=0,00, real=0,00 secs] 
73,584: [GC (Allocation Failure) [PSYoungGen: 179264K->96K(215552K)] 181180K->2012K(390656K), 0,0005836 secs] [Times: user=0,01 sys=0,00, real=0,01 secs] 
73,751: [GC (Allocation Failure) [PSYoungGen: 215136K->64K(258560K)] 217052K->1980K(433664K), 0,0005148 secs] [Times: user=0,00 sys=0,00, real=0,00 secs] 
73,959: [GC (Allocation Failure) [PSYoungGen: 258112K->96K(310272K)] 260028K->2012K(485376K), 0,0005560 secs] [Times: user=0,00 sys=0,00, real=0,00 secs] 
74,202: [GC (Allocation Failure) [PSYoungGen: 309856K->96K(372224K)] 311772K->2012K(547328K), 0,0005152 secs] [Times: user=0,00 sys=0,00, real=0,00 secs] 
74,490: [GC (Allocation Failure) [PSYoungGen: 371808K->64K(356864K)] 373724K->1980K(531968K), 0,0005015 secs] [Times: user=0,01 sys=0,00, real=0,00 secs] 
74,769: [GC (Allocation Failure) [PSYoungGen: 356416K->64K(342016K)] 358332K->1980K(517120K), 0,0005557 secs] [Times: user=0,00 sys=0,00, real=0,00 secs] 
75,036: [GC (Allocation Failure) [PSYoungGen: 341568K->32K(328192K)] 343484K->1948K(503296K), 0,0013076 secs] [Times: user=0,00 sys=0,01, real=0,00 secs] 
75,290: [GC (Allocation Failure) [PSYoungGen: 327712K->64K(314880K)] 329628K->1980K(489984K), 0,0005137 secs] [Times: user=0,00 sys=0,00, real=0,00 secs] 
75,537: [GC (Allocation Failure) [PSYoungGen: 314432K->64K(302080K)] 316348K->1980K(477184K), 0,0005230 secs] [Times: user=0,00 sys=0,00, real=0,00 secs] 
75,798: [GC (Allocation Failure) [PSYoungGen: 301632K->96K(289792K)] 303548K->2012K(464896K), 0,0005302 secs] [Times: user=0,00 sys=0,00, real=0,00 secs] 
76,057: [GC (Allocation Failure) [PSYoungGen: 289376K->64K(278016K)] 291292K->1980K(453120K), 0,0005188 secs] [Times: user=0,00 sys=0,00, real=0,00 secs] 
76,311: [GC (Allocation Failure) [PSYoungGen: 277568K->32K(267264K)] 279484K->1948K(442368K), 0,0029024 secs] [Times: user=0,00 sys=0,00, real=0,00 secs] 
76,604: [GC (Allocation Failure) [PSYoungGen: 266784K->96K(257024K)] 268700K->2012K(432128K), 0,0005448 secs] [Times: user=0,00 sys=0,00, real=0,00 secs] 
76,828: [GC (Allocation Failure) [PSYoungGen: 256608K->96K(247296K)] 258524K->2012K(422400K), 0,0005371 secs] [Times: user=0,00 sys=0,00, real=0,00 secs] 
77,043: [GC (Allocation Failure) [PSYoungGen: 246880K->64K(237568K)] 248796K->1980K(412672K), 0,0005800 secs] [Times: user=0,00 sys=0,00, real=0,00 secs] 
77,256: [GC (Allocation Failure) [PSYoungGen: 237120K->96K(228352K)] 239036K->2012K(403456K), 0,0005411 secs] [Times: user=0,00 sys=0,00, real=0,00 secs] 
77,441: [GC (Allocation Failure) [PSYoungGen: 227936K->64K(219648K)] 229852K->1980K(394752K), 0,0005544 secs] [Times: user=0,00 sys=0,00, real=0,00 secs] 
77,620: [GC (Allocation Failure) [PSYoungGen: 219200K->64K(211456K)] 221116K->1980K(386560K), 0,0006059 secs] [Times: user=0,00 sys=0,00, real=0,00 secs] 
77,806: [GC (Allocation Failure) [PSYoungGen: 211008K->96K(203776K)] 212924K->2012K(378880K), 0,0005417 secs] [Times: user=0,00 sys=0,00, real=0,00 secs] 
78,002: [GC (Allocation Failure) [PSYoungGen: 203360K->64K(196096K)] 205276K->1980K(371200K), 0,0006778 secs] [Times: user=0,00 sys=0,00, real=0,00 secs] 
78,173: [GC (Allocation Failure) [PSYoungGen: 195648K->96K(188928K)] 197564K->2012K(364032K), 0,0005788 secs] [Times: user=0,00 sys=0,00, real=0,00 secs] 
78,333: [GC (Allocation Failure) [PSYoungGen: 188512K->64K(182272K)] 190428K->1980K(357376K), 0,0005327 secs] [Times: user=0,00 sys=0,00, real=0,00 secs] 
78,480: [GC (Allocation Failure) [PSYoungGen: 181824K->96K(175616K)] 183740K->2012K(350720K), 0,0005479 secs] [Times: user=0,00 sys=0,00, real=0,00 secs] 
78,631: [GC (Allocation Failure) [PSYoungGen: 175200K->64K(169472K)] 177116K->1980K(344576K), 0,0007589 secs] [Times: user=0,00 sys=0,00, real=0,00 secs] 
78,768: [GC (Allocation Failure) [PSYoungGen: 169024K->64K(163840K)] 170940K->1980K(338944K), 0,0005361 secs] [Times: user=0,00 sys=0,00, real=0,00 secs] 
78,913: [GC (Allocation Failure) [PSYoungGen: 163392K->32K(196608K)] 165308K->1948K(371712K), 0,0199583 secs] [Times: user=0,00 sys=0,00, real=0,02 secs] 
79,173: [GC (Allocation Failure) [PSYoungGen: 196128K->64K(236032K)] 198044K->1980K(411136K), 0,0007526 secs] [Times: user=0,00 sys=0,00, real=0,00 secs] 
79,366: [GC (Allocation Failure) [PSYoungGen: 235584K->96K(283136K)] 237500K->2012K(458240K), 0,0005556 secs] [Times: user=0,00 sys=0,00, real=0,00 secs] 
79,612: [GC (Allocation Failure) [PSYoungGen: 282720K->64K(339968K)] 284636K->1980K(515072K), 0,0005443 secs] [Times: user=0,00 sys=0,00, real=0,00 secs] 
79,884: [GC (Allocation Failure) [PSYoungGen: 339520K->96K(408064K)] 341436K->2012K(583168K), 0,0010314 secs] [Times: user=0,00 sys=0,00, real=0,01 secs] 
80,203: [GC (Allocation Failure) [PSYoungGen: 407648K->64K(390656K)] 409564K->1980K(565760K), 0,0005336 secs] [Times: user=0,00 sys=0,00, real=0,00 secs] 
80,507: [GC (Allocation Failure) [PSYoungGen: 390208K->96K(374272K)] 392124K->2012K(549376K), 0,0005540 secs] [Times: user=0,00 sys=0,00, real=0,00 secs] 
80,801: [GC (Allocation Failure) [PSYoungGen: 373856K->96K(358400K)] 375772K->2036K(533504K), 0,0006963 secs] [Times: user=0,00 sys=0,01, real=0,00 secs] 
81,114: [GC (Allocation Failure) [PSYoungGen: 357984K->96K(343552K)] 359924K->2036K(518656K), 0,0011930 secs] [Times: user=0,01 sys=0,00, real=0,01 secs] 
81,501: [GC (Allocation Failure) [PSYoungGen: 343136K->96K(329216K)] 345076K->2036K(504320K), 0,0005453 secs] [Times: user=0,00 sys=0,00, real=0,00 secs] 
81,956: [GC (Allocation Failure) [PSYoungGen: 328800K->32K(315904K)] 330740K->1972K(491008K), 0,0009895 secs] [Times: user=0,01 sys=0,00, real=0,00 secs] 
82,301: [GC (Allocation Failure) [PSYoungGen: 315424K->96K(303104K)] 317364K->2036K(478208K), 0,0005993 secs] [Times: user=0,01 sys=0,00, real=0,00 secs] 
82,634: [GC (Allocation Failure) [PSYoungGen: 302688K->96K(290816K)] 304628K->2036K(465920K), 0,0005539 secs] [Times: user=0,00 sys=0,00, real=0,00 secs] 
82,895: [GC (Allocation Failure) [PSYoungGen: 290400K->32K(279040K)] 292340K->1972K(454144K), 0,0005573 secs] [Times: user=0,00 sys=0,00, real=0,00 secs] 
83,132: [GC (Allocation Failure) [PSYoungGen: 278560K->64K(267776K)] 280500K->2004K(442880K), 0,0013038 secs] [Times: user=0,00 sys=0,00, real=0,00 secs] 
83,475: [GC (Allocation Failure) [PSYoungGen: 267328K->96K(257536K)] 269268K->2036K(432640K), 0,0010183 secs] [Times: user=0,00 sys=0,00, real=0,00 secs] 
83,713: [GC (Allocation Failure) [PSYoungGen: 257120K->64K(247296K)] 259060K->2004K(422400K), 0,0006382 secs] [Times: user=0,00 sys=0,00, real=0,00 secs] 
83,931: [GC (Allocation Failure) [PSYoungGen: 246848K->96K(237568K)] 248788K->2036K(412672K), 0,0005778 secs] [Times: user=0,00 sys=0,00, real=0,00 secs] 
84,145: [GC (Allocation Failure) [PSYoungGen: 237152K->64K(228352K)] 239092K->2004K(403456K), 0,0012552 secs] [Times: user=0,00 sys=0,00, real=0,01 secs] 
84,346: [GC (Allocation Failure) [PSYoungGen: 227904K->96K(219648K)] 229844K->2036K(394752K), 0,0005748 secs] [Times: user=0,00 sys=0,00, real=0,00 secs] 
84,536: [GC (Allocation Failure) [PSYoungGen: 219232K->32K(211456K)] 221172K->1972K(386560K), 0,0011553 secs] [Times: user=0,00 sys=0,00, real=0,00 secs] 
84,740: [GC (Allocation Failure) [PSYoungGen: 210976K->96K(203776K)] 212916K->2036K(378880K), 0,0005662 secs] [Times: user=0,00 sys=0,00, real=0,00 secs] 
84,910: [GC (Allocation Failure) [PSYoungGen: 203360K->64K(196096K)] 205300K->2004K(371200K), 0,0005581 secs] [Times: user=0,00 sys=0,00, real=0,00 secs] 
85,077: [GC (Allocation Failure) [PSYoungGen: 195648K->64K(188928K)] 197588K->2004K(364032K), 0,0006371 secs] [Times: user=0,00 sys=0,00, real=0,00 secs] 
85,243: [GC (Allocation Failure) [PSYoungGen: 188480K->96K(182272K)] 190420K->2036K(357376K), 0,0006019 secs] [Times: user=0,00 sys=0,00, real=0,00 secs] 
85,388: [GC (Allocation Failure) [PSYoungGen: 181856K->96K(175616K)] 183796K->2036K(350720K), 0,0006436 secs] [Times: user=0,00 sys=0,00, real=0,00 secs] 
85,525: [GC (Allocation Failure) [PSYoungGen: 175200K->64K(169472K)] 177140K->2004K(344576K), 0,0005359 secs] [Times: user=0,00 sys=0,00, real=0,00 secs] 
85,660: [GC (Allocation Failure) [PSYoungGen: 169024K->96K(163840K)] 170964K->2036K(338944K), 0,0005552 secs] [Times: user=0,00 sys=0,00, real=0,00 secs] 
85,787: [GC (Allocation Failure) [PSYoungGen: 163424K->96K(158208K)] 165364K->2036K(333312K), 0,0005565 secs] [Times: user=0,00 sys=0,00, real=0,00 secs] 
85,909: [GC (Allocation Failure) [PSYoungGen: 157792K->64K(153088K)] 159732K->2004K(328192K), 0,0006656 secs] [Times: user=0,00 sys=0,00, real=0,00 secs] 
86,028: [GC (Allocation Failure) [PSYoungGen: 152640K->64K(147968K)] 154580K->2004K(323072K), 0,0005369 secs] [Times: user=0,00 sys=0,00, real=0,00 secs] 
86,142: [GC (Allocation Failure) [PSYoungGen: 147520K->64K(143360K)] 149460K->2004K(318464K), 0,0005273 secs] [Times: user=0,00 sys=0,00, real=0,00 secs] 
86,250: [GC (Allocation Failure) [PSYoungGen: 142912K->96K(138752K)] 144852K->2036K(313856K), 0,0005478 secs] [Times: user=0,00 sys=0,00, real=0,00 secs] 
86,354: [GC (Allocation Failure) [PSYoungGen: 138336K->64K(134144K)] 140276K->2004K(309248K), 0,0010526 secs] [Times: user=0,00 sys=0,00, real=0,01 secs] 
86,458: [GC (Allocation Failure) [PSYoungGen: 133696K->64K(130048K)] 135636K->2004K(305152K), 0,0006146 secs] [Times: user=0,00 sys=0,00, real=0,00 secs] 
86,563: [GC (Allocation Failure) [PSYoungGen: 129600K->96K(125952K)] 131540K->2036K(301056K), 0,0005231 secs] [Times: user=0,00 sys=0,00, real=0,00 secs] 
86,667: [GC (Allocation Failure) [PSYoungGen: 125536K->96K(121856K)] 127476K->2036K(296960K), 0,0005451 secs] [Times: user=0,00 sys=0,00, real=0,00 secs] 
86,765: [GC (Allocation Failure) [PSYoungGen: 121440K->96K(118272K)] 123380K->2036K(293376K), 0,0005361 secs] [Times: user=0,00 sys=0,00, real=0,00 secs] 
86,862: [GC (Allocation Failure) [PSYoungGen: 117856K->64K(114688K)] 119796K->2004K(289792K), 0,0008718 secs] [Times: user=0,01 sys=0,00, real=0,00 secs] 
86,953: [GC (Allocation Failure) [PSYoungGen: 114240K->96K(111104K)] 116180K->2036K(286208K), 0,0005912 secs] [Times: user=0,00 sys=0,00, real=0,00 secs] 
87,044: [GC (Allocation Failure) [PSYoungGen: 110688K->96K(108032K)] 112628K->2036K(283136K), 0,0005916 secs] [Times: user=0,00 sys=0,00, real=0,01 secs] 
87,131: [GC (Allocation Failure) [PSYoungGen: 107616K->96K(104960K)] 109556K->2036K(280064K), 0,0005804 secs] [Times: user=0,00 sys=0,00, real=0,00 secs] 
87,215: [GC (Allocation Failure) [PSYoungGen: 104544K->64K(101888K)] 106484K->2004K(276992K), 0,0005735 secs] [Times: user=0,00 sys=0,00, real=0,00 secs] 
87,299: [GC (Allocation Failure) [PSYoungGen: 101440K->96K(98816K)] 103380K->2036K(273920K), 0,0005171 secs] [Times: user=0,00 sys=0,00, real=0,00 secs] 
87,385: [GC (Allocation Failure) [PSYoungGen: 98400K->64K(96256K)] 100340K->2004K(271360K), 0,0010321 secs] [Times: user=0,00 sys=0,00, real=0,00 secs] 
87,462: [GC (Allocation Failure) [PSYoungGen: 95808K->96K(93696K)] 97748K->2036K(268800K), 0,0005930 secs] [Times: user=0,00 sys=0,00, real=0,00 secs] 
87,538: [GC (Allocation Failure) [PSYoungGen: 93279K->96K(91136K)] 95220K->2036K(266240K), 0,0005438 secs] [Times: user=0,00 sys=0,00, real=0,00 secs] 
87,611: [GC (Allocation Failure) [PSYoungGen: 90720K->64K(88576K)] 92660K->2004K(263680K), 0,0005308 secs] [Times: user=0,01 sys=0,00, real=0,00 secs] 
87,682: [GC (Allocation Failure) [PSYoungGen: 88128K->64K(86528K)] 90068K->2004K(261632K), 0,0006113 secs] [Times: user=0,00 sys=0,00, real=0,00 secs] 
87,753: [GC (Allocation Failure) [PSYoungGen: 86080K->64K(84480K)] 88020K->2004K(259584K), 0,0005667 secs] [Times: user=0,00 sys=0,00, real=0,00 secs] 
87,824: [GC (Allocation Failure) [PSYoungGen: 84032K->96K(82432K)] 85972K->2036K(257536K), 0,0006741 secs] [Times: user=0,00 sys=0,00, real=0,01 secs] 
87,893: [GC (Allocation Failure) [PSYoungGen: 82016K->64K(80384K)] 83956K->2004K(255488K), 0,0006125 secs] [Times: user=0,00 sys=0,00, real=0,00 secs] 
87,958: [GC (Allocation Failure) [PSYoungGen: 79936K->64K(78336K)] 81876K->2004K(253440K), 0,0006456 secs] [Times: user=0,00 sys=0,00, real=0,00 secs] 
88,020: [GC (Allocation Failure) [PSYoungGen: 77888K->96K(76288K)] 79828K->2036K(251392K), 0,0005383 secs] [Times: user=0,00 sys=0,00, real=0,00 secs] 
88,079: [GC (Allocation Failure) [PSYoungGen: 75872K->96K(74752K)] 77812K->2036K(249856K), 0,0005933 secs] [Times: user=0,00 sys=0,00, real=0,00 secs] 
88,138: [GC (Allocation Failure) [PSYoungGen: 74336K->64K(73216K)] 76276K->2004K(248320K), 0,0005412 secs] [Times: user=0,00 sys=0,00, real=0,00 secs] 
88,195: [GC (Allocation Failure) [PSYoungGen: 72768K->96K(71680K)] 74708K->2036K(246784K), 0,0006289 secs] [Times: user=0,00 sys=0,00, real=0,00 secs] 
88,251: [GC (Allocation Failure) [PSYoungGen: 71264K->64K(70144K)] 73204K->2004K(245248K), 0,0005640 secs] [Times: user=0,00 sys=0,00, real=0,00 secs] 
88,305: [GC (Allocation Failure) [PSYoungGen: 69696K->96K(68608K)] 71636K->2036K(243712K), 0,0005387 secs] [Times: user=0,00 sys=0,00, real=0,00 secs] 
88,359: [GC (Allocation Failure) [PSYoungGen: 68192K->96K(67072K)] 70132K->2036K(242176K), 0,0005351 secs] [Times: user=0,00 sys=0,00, real=0,00 secs] 
88,412: [GC (Allocation Failure) [PSYoungGen: 66656K->96K(65536K)] 68596K->2036K(240640K), 0,0005276 secs] [Times: user=0,01 sys=0,00, real=0,00 secs] 
88,462: [GC (Allocation Failure) [PSYoungGen: 65120K->64K(64000K)] 67060K->2004K(239104K), 0,0005456 secs] [Times: user=0,00 sys=0,00, real=0,00 secs] 
88,513: [GC (Allocation Failure) [PSYoungGen: 63552K->96K(62464K)] 65492K->2036K(237568K), 0,0005716 secs] [Times: user=0,00 sys=0,00, real=0,00 secs] 
88,562: [GC (Allocation Failure) [PSYoungGen: 62048K->96K(61440K)] 63988K->2036K(236544K), 0,0005214 secs] [Times: user=0,00 sys=0,00, real=0,00 secs] 
88,610: [GC (Allocation Failure) [PSYoungGen: 61024K->96K(60416K)] 62964K->2036K(235520K), 0,0005365 secs] [Times: user=0,01 sys=0,00, real=0,00 secs] 
88,673: [GC (Allocation Failure) [PSYoungGen: 60000K->64K(72704K)] 61940K->2004K(247808K), 0,0008859 secs] [Times: user=0,00 sys=0,00, real=0,00 secs] 
88,733: [GC (Allocation Failure) [PSYoungGen: 72256K->96K(71168K)] 74196K->2036K(246272K), 0,0005410 secs] [Times: user=0,00 sys=0,00, real=0,00 secs] 
88,791: [GC (Allocation Failure) [PSYoungGen: 70752K->96K(69632K)] 72692K->2036K(244736K), 0,0005396 secs] [Times: user=0,00 sys=0,00, real=0,00 secs] 
88,846: [GC (Allocation Failure) [PSYoungGen: 69216K->64K(68096K)] 71156K->2004K(243200K), 0,0005934 secs] [Times: user=0,00 sys=0,00, real=0,00 secs] 
88,902: [GC (Allocation Failure) [PSYoungGen: 67648K->64K(66560K)] 69588K->2004K(241664K), 0,0005298 secs] [Times: user=0,00 sys=0,00, real=0,00 secs] 
88,955: [GC (Allocation Failure) [PSYoungGen: 66112K->64K(79872K)] 68052K->2004K(254976K), 0,0008149 secs] [Times: user=0,00 sys=0,00, real=0,00 secs] 
89,025: [GC (Allocation Failure) [PSYoungGen: 79424K->64K(77824K)] 81364K->2004K(252928K), 0,0005744 secs] [Times: user=0,00 sys=0,00, real=0,00 secs] 
89,087: [GC (Allocation Failure) [PSYoungGen: 77376K->96K(75776K)] 79316K->2036K(250880K), 0,0005600 secs] [Times: user=0,00 sys=0,00, real=0,00 secs] 
89,147: [GC (Allocation Failure) [PSYoungGen: 75360K->64K(74240K)] 77300K->2004K(249344K), 0,0006390 secs] [Times: user=0,00 sys=0,00, real=0,00 secs] 
89,206: [GC (Allocation Failure) [PSYoungGen: 73792K->96K(72704K)] 75732K->2036K(247808K), 0,0005623 secs] [Times: user=0,00 sys=0,00, real=0,00 secs] 
89,264: [GC (Allocation Failure) [PSYoungGen: 72288K->64K(71168K)] 74228K->2004K(246272K), 0,0005387 secs] [Times: user=0,00 sys=0,00, real=0,01 secs] 
89,321: [GC (Allocation Failure) [PSYoungGen: 70720K->64K(69632K)] 72660K->2004K(244736K), 0,0005415 secs] [Times: user=0,00 sys=0,00, real=0,00 secs] 
89,377: [GC (Allocation Failure) [PSYoungGen: 69184K->96K(68096K)] 71124K->2036K(243200K), 0,0005207 secs] [Times: user=0,00 sys=0,00, real=0,00 secs] 
89,429: [GC (Allocation Failure) [PSYoungGen: 67680K->96K(66560K)] 69620K->2036K(241664K), 0,0005237 secs] [Times: user=0,00 sys=0,00, real=0,00 secs] 
89,479: [GC (Allocation Failure) [PSYoungGen: 66144K->96K(65024K)] 68084K->2036K(240128K), 0,0005583 secs] [Times: user=0,00 sys=0,00, real=0,00 secs] 
89,528: [GC (Allocation Failure) [PSYoungGen: 64608K->96K(63488K)] 66548K->2036K(238592K), 0,0005260 secs] [Times: user=0,00 sys=0,00, real=0,00 secs] 
89,576: [GC (Allocation Failure) [PSYoungGen: 63072K->96K(61952K)] 65012K->2036K(237056K), 0,0005493 secs] [Times: user=0,00 sys=0,00, real=0,00 secs] 
89,624: [GC (Allocation Failure) [PSYoungGen: 61536K->64K(60928K)] 63476K->2004K(236032K), 0,0005796 secs] [Times: user=0,00 sys=0,00, real=0,01 secs] 
89,671: [GC (Allocation Failure) [PSYoungGen: 60480K->64K(73216K)] 62420K->2004K(248320K), 0,0005673 secs] [Times: user=0,00 sys=0,00, real=0,00 secs] 
89,726: [GC (Allocation Failure) [PSYoungGen: 72768K->96K(71680K)] 74708K->2036K(246784K), 0,0005142 secs] [Times: user=0,00 sys=0,00, real=0,00 secs] 
89,780: [GC (Allocation Failure) [PSYoungGen: 71264K->96K(70144K)] 73204K->2036K(245248K), 0,0005783 secs] [Times: user=0,00 sys=0,00, real=0,00 secs] 
89,834: [GC (Allocation Failure) [PSYoungGen: 69728K->64K(68608K)] 71668K->2004K(243712K), 0,0005419 secs] [Times: user=0,00 sys=0,00, real=0,01 secs] 
89,886: [GC (Allocation Failure) [PSYoungGen: 68160K->96K(67072K)] 70100K->2036K(242176K), 0,0005227 secs] [Times: user=0,00 sys=0,00, real=0,00 secs] 
89,937: [GC (Allocation Failure) [PSYoungGen: 66656K->64K(65536K)] 68596K->2004K(240640K), 0,0006027 secs] [Times: user=0,00 sys=0,00, real=0,00 secs] 
89,986: [GC (Allocation Failure) [PSYoungGen: 65088K->96K(64000K)] 67028K->2036K(239104K), 0,0005873 secs] [Times: user=0,00 sys=0,00, real=0,00 secs] 
90,035: [GC (Allocation Failure) [PSYoungGen: 63584K->64K(62464K)] 65524K->2004K(237568K), 0,0005214 secs] [Times: user=0,00 sys=0,00, real=0,00 secs] 
90,082: [GC (Allocation Failure) [PSYoungGen: 62015K->96K(61440K)] 63956K->2036K(236544K), 0,0005362 secs] [Times: user=0,00 sys=0,00, real=0,00 secs] 
90,128: [GC (Allocation Failure) [PSYoungGen: 61024K->64K(60416K)] 62964K->2004K(235520K), 0,0005321 secs] [Times: user=0,00 sys=0,00, real=0,00 secs] 
90,174: [GC (Allocation Failure) [PSYoungGen: 59968K->96K(59392K)] 61908K->2036K(234496K), 0,0005090 secs] [Times: user=0,00 sys=0,00, real=0,01 secs] 
90,218: [GC (Allocation Failure) [PSYoungGen: 58976K->64K(71168K)] 60916K->2004K(246272K), 0,0005103 secs] [Times: user=0,00 sys=0,00, real=0,00 secs] 
90,270: [GC (Allocation Failure) [PSYoungGen: 70720K->96K(69632K)] 72660K->2036K(244736K), 0,0005175 secs] [Times: user=0,00 sys=0,00, real=0,00 secs] 
90,324: [GC (Allocation Failure) [PSYoungGen: 69216K->96K(68096K)] 71156K->2036K(243200K), 0,0005278 secs] [Times: user=0,00 sys=0,00, real=0,00 secs] 
90,374: [GC (Allocation Failure) [PSYoungGen: 67680K->64K(66560K)] 69620K->2020K(241664K), 0,0005910 secs] [Times: user=0,00 sys=0,00, real=0,00 secs] 
90,423: [GC (Allocation Failure) [PSYoungGen: 66112K->96K(65024K)] 68068K->2052K(240128K), 0,0005261 secs] [Times: user=0,00 sys=0,00, real=0,00 secs] 
90,470: [GC (Allocation Failure) [PSYoungGen: 64608K->96K(63488K)] 66564K->2052K(238592K), 0,0005282 secs] [Times: user=0,00 sys=0,00, real=0,00 secs] 
90,518: [GC (Allocation Failure) [PSYoungGen: 63072K->96K(61952K)] 65028K->2052K(237056K), 0,0005465 secs] [Times: user=0,00 sys=0,00, real=0,00 secs] 
90,563: [GC (Allocation Failure) [PSYoungGen: 61536K->96K(60928K)] 63492K->2052K(236032K), 0,0005076 secs] [Times: user=0,01 sys=0,00, real=0,00 secs] 
90,608: [GC (Allocation Failure) [PSYoungGen: 60512K->64K(73216K)] 62468K->2020K(248320K), 0,0005344 secs] [Times: user=0,00 sys=0,00, real=0,00 secs] 
90,664: [GC (Allocation Failure) [PSYoungGen: 72768K->96K(71680K)] 74724K->2052K(246784K), 0,0005371 secs] [Times: user=0,00 sys=0,00, real=0,00 secs] 
90,716: [GC (Allocation Failure) [PSYoungGen: 71264K->96K(70144K)] 73220K->2052K(245248K), 0,0005531 secs] [Times: user=0,00 sys=0,00, real=0,00 secs] 
90,768: [GC (Allocation Failure) [PSYoungGen: 69728K->96K(68608K)] 71684K->2052K(243712K), 0,0005625 secs] [Times: user=0,00 sys=0,00, real=0,00 secs] 
90,819: [GC (Allocation Failure) [PSYoungGen: 68192K->32K(82432K)] 70148K->1988K(257536K), 0,0007782 secs] [Times: user=0,00 sys=0,00, real=0,00 secs] 
90,880: [GC (Allocation Failure) [PSYoungGen: 81952K->64K(98816K)] 83908K->2020K(273920K), 0,0010356 secs] [Times: user=0,01 sys=0,00, real=0,00 secs] 
90,954: [GC (Allocation Failure) [PSYoungGen: 98368K->96K(118784K)] 100324K->2052K(293888K), 0,0005492 secs] [Times: user=0,00 sys=0,00, real=0,01 secs] 
91,041: [GC (Allocation Failure) [PSYoungGen: 118368K->96K(115200K)] 120324K->2052K(290304K), 0,0005302 secs] [Times: user=0,00 sys=0,00, real=0,00 secs] 
91,127: [GC (Allocation Failure) [PSYoungGen: 114784K->96K(111616K)] 116740K->2052K(286720K), 0,0005220 secs] [Times: user=0,00 sys=0,00, real=0,00 secs] 
91,210: [GC (Allocation Failure) [PSYoungGen: 111200K->96K(108544K)] 113156K->2052K(283648K), 0,0005442 secs] [Times: user=0,00 sys=0,00, real=0,00 secs] 
91,289: [GC (Allocation Failure) [PSYoungGen: 108128K->64K(105472K)] 110084K->2020K(280576K), 0,0010811 secs] [Times: user=0,01 sys=0,00, real=0,00 secs] 
91,368: [GC (Allocation Failure) [PSYoungGen: 105024K->96K(102400K)] 106980K->2052K(277504K), 0,0005344 secs] [Times: user=0,00 sys=0,00, real=0,00 secs] 
91,444: [GC (Allocation Failure) [PSYoungGen: 101984K->96K(99328K)] 103940K->2052K(274432K), 0,0005447 secs] [Times: user=0,00 sys=0,00, real=0,00 secs] 
91,518: [GC (Allocation Failure) [PSYoungGen: 98912K->96K(96768K)] 100868K->2052K(271872K), 0,0005153 secs] [Times: user=0,00 sys=0,00, real=0,00 secs] 
91,590: [GC (Allocation Failure) [PSYoungGen: 96352K->64K(94208K)] 98308K->2020K(269312K), 0,0009876 secs] [Times: user=0,00 sys=0,00, real=0,00 secs] 
91,662: [GC (Allocation Failure) [PSYoungGen: 93760K->64K(91648K)] 95716K->2020K(266752K), 0,0008022 secs] [Times: user=0,01 sys=0,00, real=0,00 secs] 
91,730: [GC (Allocation Failure) [PSYoungGen: 91199K->96K(89088K)] 93156K->2052K(264192K), 0,0005492 secs] [Times: user=0,00 sys=0,00, real=0,00 secs] 
91,797: [GC (Allocation Failure) [PSYoungGen: 88672K->96K(87040K)] 90628K->2052K(262144K), 0,0005233 secs] [Times: user=0,00 sys=0,00, real=0,00 secs] 
91,862: [GC (Allocation Failure) [PSYoungGen: 86624K->64K(84992K)] 88580K->2020K(260096K), 0,0005285 secs] [Times: user=0,00 sys=0,00, real=0,00 secs] 
91,925: [GC (Allocation Failure) [PSYoungGen: 84544K->96K(82944K)] 86500K->2052K(258048K), 0,0005177 secs] [Times: user=0,00 sys=0,00, real=0,00 secs] 
91,987: [GC (Allocation Failure) [PSYoungGen: 82528K->96K(80896K)] 84484K->2052K(256000K), 0,0005451 secs] [Times: user=0,00 sys=0,00, real=0,00 secs] 
92,048: [GC (Allocation Failure) [PSYoungGen: 80480K->96K(78848K)] 82436K->2052K(253952K), 0,0006187 secs] [Times: user=0,00 sys=0,00, real=0,00 secs] 
92,106: [GC (Allocation Failure) [PSYoungGen: 78432K->32K(76800K)] 80388K->1988K(251904K), 0,0006081 secs] [Times: user=0,00 sys=0,00, real=0,00 secs] 
92,164: [GC (Allocation Failure) [PSYoungGen: 76320K->96K(74752K)] 78276K->2052K(249856K), 0,0005134 secs] [Times: user=0,01 sys=0,00, real=0,00 secs] 
92,219: [GC (Allocation Failure) [PSYoungGen: 74336K->96K(73216K)] 76292K->2052K(248320K), 0,0005456 secs] [Times: user=0,00 sys=0,00, real=0,00 secs] 
92,272: [GC (Allocation Failure) [PSYoungGen: 72799K->96K(71680K)] 74756K->2052K(246784K), 0,0005374 secs] [Times: user=0,00 sys=0,00, real=0,00 secs] 
92,325: [GC (Allocation Failure) [PSYoungGen: 71264K->64K(70144K)] 73220K->2020K(245248K), 0,0005242 secs] [Times: user=0,00 sys=0,00, real=0,00 secs] 
92,377: [GC (Allocation Failure) [PSYoungGen: 69695K->96K(68608K)] 71652K->2052K(243712K), 0,0005148 secs] [Times: user=0,00 sys=0,00, real=0,00 secs] 
92,428: [GC (Allocation Failure) [PSYoungGen: 68192K->96K(67072K)] 70148K->2052K(242176K), 0,0005250 secs] [Times: user=0,00 sys=0,00, real=0,00 secs] 
92,478: [GC (Allocation Failure) [PSYoungGen: 66656K->96K(80384K)] 68612K->2052K(255488K), 0,0007798 secs] [Times: user=0,00 sys=0,00, real=0,00 secs] 
92,537: [GC (Allocation Failure) [PSYoungGen: 79968K->96K(78336K)] 81924K->2052K(253440K), 0,0005632 secs] [Times: user=0,00 sys=0,00, real=0,00 secs] 
92,595: [GC (Allocation Failure) [PSYoungGen: 77920K->96K(76288K)] 79876K->2052K(251392K), 0,0005171 secs] [Times: user=0,00 sys=0,00, real=0,00 secs] 
92,652: [GC (Allocation Failure) [PSYoungGen: 75872K->96K(74752K)] 77828K->2052K(249856K), 0,0005373 secs] [Times: user=0,00 sys=0,00, real=0,00 secs] 
92,707: [GC (Allocation Failure) [PSYoungGen: 74336K->96K(73216K)] 76292K->2052K(248320K), 0,0005123 secs] [Times: user=0,00 sys=0,00, real=0,00 secs] 
92,761: [GC (Allocation Failure) [PSYoungGen: 72800K->64K(88064K)] 74756K->2020K(263168K), 0,0009857 secs] [Times: user=0,01 sys=0,00, real=0,00 secs] 
92,843: [GC (Allocation Failure) [PSYoungGen: 87616K->96K(86016K)] 89572K->2052K(261120K), 0,0005218 secs] [Times: user=0,00 sys=0,00, real=0,00 secs] 
92,932: [GC (Allocation Failure) [PSYoungGen: 85600K->96K(83968K)] 87556K->2052K(259072K), 0,0005843 secs] [Times: user=0,00 sys=0,00, real=0,00 secs] 
92,994: [GC (Allocation Failure) [PSYoungGen: 83552K->96K(81920K)] 85508K->2052K(257024K), 0,0005121 secs] [Times: user=0,00 sys=0,00, real=0,01 secs] 
93,056: [GC (Allocation Failure) [PSYoungGen: 81504K->96K(79872K)] 83460K->2052K(254976K), 0,0005541 secs] [Times: user=0,01 sys=0,00, real=0,00 secs] 
93,127: [GC (Allocation Failure) [PSYoungGen: 79456K->96K(77824K)] 81412K->2052K(252928K), 0,0006190 secs] [Times: user=0,01 sys=0,00, real=0,00 secs] 
93,192: [GC (Allocation Failure) [PSYoungGen: 77408K->64K(75776K)] 79364K->2020K(250880K), 0,0008631 secs] [Times: user=0,00 sys=0,00, real=0,00 secs] 
93,251: [GC (Allocation Failure) [PSYoungGen: 75328K->64K(74240K)] 77284K->2020K(249344K), 0,0005743 secs] [Times: user=0,00 sys=0,00, real=0,00 secs] 
93,309: [GC (Allocation Failure) [PSYoungGen: 73792K->96K(72704K)] 75748K->2052K(247808K), 0,0005363 secs] [Times: user=0,00 sys=0,00, real=0,00 secs] 
93,364: [GC (Allocation Failure) [PSYoungGen: 72288K->96K(71168K)] 74244K->2052K(246272K), 0,0005213 secs] [Times: user=0,00 sys=0,00, real=0,00 secs] 
93,423: [GC (Allocation Failure) [PSYoungGen: 70752K->64K(85504K)] 72708K->2020K(260608K), 0,0013041 secs] [Times: user=0,01 sys=0,00, real=0,00 secs] 
93,496: [GC (Allocation Failure) [PSYoungGen: 85056K->64K(102912K)] 87012K->2020K(278016K), 0,0009995 secs] [Times: user=0,01 sys=0,00, real=0,00 secs] 
93,581: [GC (Allocation Failure) [PSYoungGen: 102464K->64K(123392K)] 104420K->2020K(298496K), 0,0010195 secs] [Times: user=0,00 sys=0,00, real=0,00 secs] 
93,687: [GC (Allocation Failure) [PSYoungGen: 122944K->96K(147968K)] 124900K->2052K(323072K), 0,0010488 secs] [Times: user=0,00 sys=0,00, real=0,00 secs] 
93,813: [GC (Allocation Failure) [PSYoungGen: 147552K->96K(143360K)] 149508K->2052K(318464K), 0,0005151 secs] [Times: user=0,00 sys=0,00, real=0,00 secs] 
93,931: [GC (Allocation Failure) [PSYoungGen: 142944K->96K(138752K)] 144900K->2052K(313856K), 0,0013695 secs] [Times: user=0,00 sys=0,00, real=0,00 secs] 
94,046: [GC (Allocation Failure) [PSYoungGen: 138336K->64K(134144K)] 140292K->2020K(309248K), 0,0011986 secs] [Times: user=0,01 sys=0,00, real=0,00 secs] 
94,190: [GC (Allocation Failure) [PSYoungGen: 133696K->32K(130048K)] 135652K->1988K(305152K), 0,0011191 secs] [Times: user=0,00 sys=0,00, real=0,00 secs] 
94,321: [GC (Allocation Failure) [PSYoungGen: 129568K->64K(125952K)] 131524K->2020K(301056K), 0,0005793 secs] [Times: user=0,00 sys=0,00, real=0,00 secs] 
94,426: [GC (Allocation Failure) [PSYoungGen: 125504K->96K(121856K)] 127460K->2052K(296960K), 0,0005281 secs] [Times: user=0,00 sys=0,00, real=0,00 secs] 
94,528: [GC (Allocation Failure) [PSYoungGen: 121440K->64K(118272K)] 123396K->2020K(293376K), 0,0010957 secs] [Times: user=0,00 sys=0,00, real=0,00 secs] 
94,628: [GC (Allocation Failure) [PSYoungGen: 117824K->96K(114688K)] 119780K->2052K(289792K), 0,0006599 secs] [Times: user=0,00 sys=0,00, real=0,00 secs] 
94,729: [GC (Allocation Failure) [PSYoungGen: 114272K->96K(111104K)] 116228K->2052K(286208K), 0,0005603 secs] [Times: user=0,00 sys=0,00, real=0,00 secs] 
94,827: [GC (Allocation Failure) [PSYoungGen: 110688K->96K(108032K)] 112644K->2052K(283136K), 0,0005613 secs] [Times: user=0,00 sys=0,00, real=0,00 secs] 
94,921: [GC (Allocation Failure) [PSYoungGen: 107616K->96K(104960K)] 109572K->2052K(280064K), 0,0005623 secs] [Times: user=0,00 sys=0,00, real=0,00 secs] 
95,013: [GC (Allocation Failure) [PSYoungGen: 104544K->96K(101888K)] 106500K->2052K(276992K), 0,0005493 secs] [Times: user=0,00 sys=0,00, real=0,00 secs] 
95,096: [GC (Allocation Failure) [PSYoungGen: 101472K->96K(98816K)] 103428K->2052K(273920K), 0,0005630 secs] [Times: user=0,01 sys=0,00, real=0,00 secs] 
95,177: [GC (Allocation Failure) [PSYoungGen: 98400K->96K(96256K)] 100356K->2052K(271360K), 0,0005492 secs] [Times: user=0,01 sys=0,00, real=0,00 secs] 
95,254: [GC (Allocation Failure) [PSYoungGen: 95840K->64K(93696K)] 97796K->2020K(268800K), 0,0011506 secs] [Times: user=0,00 sys=0,00, real=0,00 secs] 
95,331: [GC (Allocation Failure) [PSYoungGen: 93248K->96K(91136K)] 95204K->2052K(266240K), 0,0005575 secs] [Times: user=0,00 sys=0,00, real=0,00 secs] 
95,404: [GC (Allocation Failure) [PSYoungGen: 90720K->96K(88576K)] 92676K->2052K(263680K), 0,0005712 secs] [Times: user=0,00 sys=0,00, real=0,01 secs] 
95,475: [GC (Allocation Failure) [PSYoungGen: 88160K->64K(86528K)] 90116K->2020K(261632K), 0,0008842 secs] [Times: user=0,01 sys=0,01, real=0,00 secs] 
95,545: [GC (Allocation Failure) [PSYoungGen: 86080K->96K(84480K)] 88036K->2052K(259584K), 0,0006010 secs] [Times: user=0,01 sys=0,00, real=0,00 secs] 
95,613: [GC (Allocation Failure) [PSYoungGen: 84064K->96K(82432K)] 86020K->2052K(257536K), 0,0006294 secs] [Times: user=0,00 sys=0,00, real=0,00 secs] 
95,682: [GC (Allocation Failure) [PSYoungGen: 82016K->96K(80384K)] 83972K->2052K(255488K), 0,0005876 secs] [Times: user=0,00 sys=0,00, real=0,00 secs] 
95,746: [GC (Allocation Failure) [PSYoungGen: 79968K->64K(78336K)] 81924K->2020K(253440K), 0,0005722 secs] [Times: user=0,00 sys=0,00, real=0,00 secs] 
95,811: [GC (Allocation Failure) [PSYoungGen: 77888K->96K(76288K)] 79844K->2052K(251392K), 0,0005389 secs] [Times: user=0,00 sys=0,00, real=0,00 secs] 
95,871: [GC (Allocation Failure) [PSYoungGen: 75872K->96K(74752K)] 77828K->2052K(249856K), 0,0005506 secs] [Times: user=0,00 sys=0,00, real=0,00 secs] 
95,930: [GC (Allocation Failure) [PSYoungGen: 74336K->96K(73216K)] 76292K->2052K(248320K), 0,0005540 secs] [Times: user=0,00 sys=0,00, real=0,00 secs] 
95,987: [GC (Allocation Failure) [PSYoungGen: 72800K->96K(71680K)] 74756K->2052K(246784K), 0,0005245 secs] [Times: user=0,01 sys=0,00, real=0,00 secs] 
96,043: [GC (Allocation Failure) [PSYoungGen: 71264K->96K(70144K)] 73220K->2052K(245248K), 0,0006059 secs] [Times: user=0,00 sys=0,00, real=0,00 secs] 
96,097: [GC (Allocation Failure) [PSYoungGen: 69728K->96K(68608K)] 71684K->2052K(243712K), 0,0005463 secs] [Times: user=0,00 sys=0,00, real=0,00 secs] 
96,153: [GC (Allocation Failure) [PSYoungGen: 68192K->96K(67072K)] 70148K->2052K(242176K), 0,0005673 secs] [Times: user=0,00 sys=0,00, real=0,00 secs] 
96,207: [GC (Allocation Failure) [PSYoungGen: 66656K->96K(65536K)] 68612K->2052K(240640K), 0,0005790 secs] [Times: user=0,01 sys=0,00, real=0,00 secs] 
96,258: [GC (Allocation Failure) [PSYoungGen: 65120K->96K(64000K)] 67076K->2052K(239104K), 0,0005407 secs] [Times: user=0,00 sys=0,00, real=0,00 secs] 
96,309: [GC (Allocation Failure) [PSYoungGen: 63584K->96K(62464K)] 65540K->2052K(237568K), 0,0006034 secs] [Times: user=0,00 sys=0,00, real=0,00 secs] 
96,357: [GC (Allocation Failure) [PSYoungGen: 62048K->96K(61440K)] 64004K->2052K(236544K), 0,0005270 secs] [Times: user=0,00 sys=0,00, real=0,00 secs] 
96,405: [GC (Allocation Failure) [PSYoungGen: 61024K->64K(60416K)] 62980K->2020K(235520K), 0,0005455 secs] [Times: user=0,01 sys=0,00, real=0,00 secs] 
96,453: [GC (Allocation Failure) [PSYoungGen: 59968K->96K(59392K)] 61924K->2052K(234496K), 0,0005563 secs] [Times: user=0,00 sys=0,00, real=0,00 secs] 
96,499: [GC (Allocation Failure) [PSYoungGen: 58976K->96K(71168K)] 60932K->2052K(246272K), 0,0005327 secs] [Times: user=0,00 sys=0,00, real=0,00 secs] 
96,554: [GC (Allocation Failure) [PSYoungGen: 70752K->64K(69632K)] 72708K->2020K(244736K), 0,0005328 secs] [Times: user=0,01 sys=0,00, real=0,01 secs] 
96,607: [GC (Allocation Failure) [PSYoungGen: 69184K->32K(68096K)] 71140K->1988K(243200K), 0,0005438 secs] [Times: user=0,00 sys=0,00, real=0,00 secs] 
96,660: [GC (Allocation Failure) [PSYoungGen: 67616K->96K(66560K)] 69572K->2052K(241664K), 0,0005238 secs] [Times: user=0,00 sys=0,00, real=0,00 secs] 
96,712: [GC (Allocation Failure) [PSYoungGen: 66144K->96K(65024K)] 68100K->2052K(240128K), 0,0005169 secs] [Times: user=0,00 sys=0,00, real=0,00 secs] 
96,761: [GC (Allocation Failure) [PSYoungGen: 64608K->96K(63488K)] 66564K->2052K(238592K), 0,0005767 secs] [Times: user=0,00 sys=0,00, real=0,00 secs] 
96,809: [GC (Allocation Failure) [PSYoungGen: 63072K->96K(61952K)] 65028K->2052K(237056K), 0,0005134 secs] [Times: user=0,00 sys=0,00, real=0,00 secs] 
96,857: [GC (Allocation Failure) [PSYoungGen: 61536K->128K(74240K)] 63492K->2084K(249344K), 0,0007883 secs] [Times: user=0,00 sys=0,00, real=0,00 secs] 
96,913: [GC (Allocation Failure) [PSYoungGen: 73856K->96K(89088K)] 75812K->2052K(264192K), 0,0005364 secs] [Times: user=0,01 sys=0,00, real=0,00 secs] 
96,981: [GC (Allocation Failure) [PSYoungGen: 88672K->96K(87040K)] 90628K->2052K(262144K), 0,0005661 secs] [Times: user=0,00 sys=0,00, real=0,00 secs] 
97,046: [GC (Allocation Failure) [PSYoungGen: 86624K->96K(104448K)] 88580K->2052K(279552K), 0,0009310 secs] [Times: user=0,00 sys=0,00, real=0,00 secs] 
97,126: [GC (Allocation Failure) [PSYoungGen: 104032K->96K(101376K)] 105988K->2052K(276480K), 0,0005154 secs] [Times: user=0,00 sys=0,00, real=0,00 secs] 
97,202: [GC (Allocation Failure) [PSYoungGen: 100960K->96K(98816K)] 102916K->2052K(273920K), 0,0005370 secs] [Times: user=0,01 sys=0,00, real=0,00 secs] 
97,275: [GC (Allocation Failure) [PSYoungGen: 98400K->64K(96256K)] 100356K->2020K(271360K), 0,0005269 secs] [Times: user=0,00 sys=0,00, real=0,00 secs] 
97,346: [GC (Allocation Failure) [PSYoungGen: 95808K->96K(93696K)] 97764K->2052K(268800K), 0,0005842 secs] [Times: user=0,00 sys=0,00, real=0,00 secs] 
97,415: [GC (Allocation Failure) [PSYoungGen: 93280K->96K(91136K)] 95236K->2052K(266240K), 0,0005298 secs] [Times: user=0,00 sys=0,00, real=0,00 secs] 
97,482: [GC (Allocation Failure) [PSYoungGen: 90720K->96K(88576K)] 92676K->2052K(263680K), 0,0005417 secs] [Times: user=0,00 sys=0,00, real=0,00 secs] 
97,547: [GC (Allocation Failure) [PSYoungGen: 88160K->96K(86528K)] 90116K->2052K(261632K), 0,0006371 secs] [Times: user=0,00 sys=0,00, real=0,00 secs] 
97,610: [GC (Allocation Failure) [PSYoungGen: 86112K->96K(84480K)] 88068K->2052K(259584K), 0,0005697 secs] [Times: user=0,01 sys=0,00, real=0,00 secs] 
97,674: [GC (Allocation Failure) [PSYoungGen: 84064K->96K(82432K)] 86020K->2052K(257536K), 0,0005211 secs] [Times: user=0,00 sys=0,00, real=0,01 secs] 
97,735: [GC (Allocation Failure) [PSYoungGen: 82016K->96K(80384K)] 83972K->2052K(255488K), 0,0005458 secs] [Times: user=0,00 sys=0,00, real=0,00 secs] 
97,794: [GC (Allocation Failure) [PSYoungGen: 79967K->96K(78336K)] 81924K->2052K(253440K), 0,0005143 secs] [Times: user=0,00 sys=0,00, real=0,01 secs] 
97,852: [GC (Allocation Failure) [PSYoungGen: 77920K->96K(76288K)] 79876K->2052K(251392K), 0,0005342 secs] [Times: user=0,00 sys=0,00, real=0,00 secs] 
97,908: [GC (Allocation Failure) [PSYoungGen: 75872K->96K(74752K)] 77828K->2052K(249856K), 0,0005074 secs] [Times: user=0,00 sys=0,00, real=0,00 secs] 
97,963: [GC (Allocation Failure) [PSYoungGen: 74336K->96K(73216K)] 76292K->2052K(248320K), 0,0006817 secs] [Times: user=0,00 sys=0,00, real=0,00 secs] 
98,017: [GC (Allocation Failure) [PSYoungGen: 72800K->96K(71680K)] 74756K->2052K(246784K), 0,0005549 secs] [Times: user=0,00 sys=0,00, real=0,00 secs] 
98,069: [GC (Allocation Failure) [PSYoungGen: 71264K->96K(70144K)] 73220K->2052K(245248K), 0,0005155 secs] [Times: user=0,01 sys=0,00, real=0,00 secs] 
98,121: [GC (Allocation Failure) [PSYoungGen: 69728K->96K(68608K)] 71684K->2052K(243712K), 0,0005357 secs] [Times: user=0,00 sys=0,00, real=0,00 secs] 
98,171: [GC (Allocation Failure) [PSYoungGen: 68192K->96K(67072K)] 70148K->2052K(242176K), 0,0005162 secs] [Times: user=0,00 sys=0,00, real=0,00 secs] 
98,221: [GC (Allocation Failure) [PSYoungGen: 66656K->96K(65536K)] 68612K->2052K(240640K), 0,0005342 secs] [Times: user=0,00 sys=0,00, real=0,00 secs] 
98,269: [GC (Allocation Failure) [PSYoungGen: 65120K->96K(64000K)] 67076K->2052K(239104K), 0,0005575 secs] [Times: user=0,00 sys=0,00, real=0,00 secs] 
98,317: [GC (Allocation Failure) [PSYoungGen: 63584K->32K(62464K)] 65540K->1988K(237568K), 0,0005262 secs] [Times: user=0,00 sys=0,00, real=0,00 secs] 
98,363: [GC (Allocation Failure) [PSYoungGen: 61984K->96K(61440K)] 63940K->2052K(236544K), 0,0005402 secs] [Times: user=0,00 sys=0,00, real=0,00 secs] 
98,409: [GC (Allocation Failure) [PSYoungGen: 61024K->96K(60416K)] 62980K->2052K(235520K), 0,0005037 secs] [Times: user=0,00 sys=0,00, real=0,00 secs] 
98,454: [GC (Allocation Failure) [PSYoungGen: 60000K->96K(72704K)] 61956K->2052K(247808K), 0,0005236 secs] [Times: user=0,00 sys=0,00, real=0,00 secs] 
98,507: [GC (Allocation Failure) [PSYoungGen: 72288K->96K(71168K)] 74244K->2052K(246272K), 0,0005012 secs] [Times: user=0,01 sys=0,00, real=0,00 secs] 
98,562: [GC (Allocation Failure) [PSYoungGen: 70752K->64K(69632K)] 72708K->2020K(244736K), 0,0006428 secs] [Times: user=0,00 sys=0,00, real=0,00 secs] 
98,617: [GC (Allocation Failure) [PSYoungGen: 69184K->96K(68096K)] 71140K->2052K(243200K), 0,0005142 secs] [Times: user=0,00 sys=0,00, real=0,00 secs] 
98,670: [GC (Allocation Failure) [PSYoungGen: 67680K->96K(66560K)] 69636K->2052K(241664K), 0,0005066 secs] [Times: user=0,00 sys=0,00, real=0,00 secs] 
98,721: [GC (Allocation Failure) [PSYoungGen: 66144K->32K(79872K)] 68100K->1988K(254976K), 0,0006872 secs] [Times: user=0,00 sys=0,00, real=0,00 secs] 
98,780: [GC (Allocation Failure) [PSYoungGen: 79392K->96K(77824K)] 81348K->2052K(252928K), 0,0005099 secs] [Times: user=0,00 sys=0,00, real=0,00 secs] 
98,840: [GC (Allocation Failure) [PSYoungGen: 77408K->96K(75776K)] 79364K->2052K(250880K), 0,0005292 secs] [Times: user=0,00 sys=0,00, real=0,00 secs] 
98,897: [GC (Allocation Failure) [PSYoungGen: 75360K->64K(74240K)] 77316K->2020K(249344K), 0,0005162 secs] [Times: user=0,00 sys=0,00, real=0,00 secs] 
98,953: [GC (Allocation Failure) [PSYoungGen: 73792K->96K(72704K)] 75748K->2052K(247808K), 0,0004961 secs] [Times: user=0,00 sys=0,01, real=0,00 secs] 
99,016: [GC (Allocation Failure) [PSYoungGen: 72288K->32K(87552K)] 74244K->1988K(262656K), 0,0097121 secs] [Times: user=0,00 sys=0,00, real=0,01 secs] 
99,111: [GC (Allocation Failure) [PSYoungGen: 87072K->96K(104960K)] 89028K->2052K(280064K), 0,0005268 secs] [Times: user=0,00 sys=0,00, real=0,00 secs] 
99,191: [GC (Allocation Failure) [PSYoungGen: 104544K->96K(125952K)] 106500K->2052K(301056K), 0,0004921 secs] [Times: user=0,00 sys=0,00, real=0,00 secs] 
99,285: [GC (Allocation Failure) [PSYoungGen: 125536K->96K(151040K)] 127492K->2052K(326144K), 0,0005122 secs] [Times: user=0,00 sys=0,00, real=0,00 secs] 
99,404: [GC (Allocation Failure) [PSYoungGen: 150624K->64K(181248K)] 152580K->2020K(356352K), 0,0005174 secs] [Times: user=0,00 sys=0,00, real=0,01 secs] 
99,538: [GC (Allocation Failure) [PSYoungGen: 180800K->64K(217600K)] 182756K->2020K(392704K), 0,0005440 secs] [Times: user=0,00 sys=0,00, real=0,00 secs] 
99,713: [GC (Allocation Failure) [PSYoungGen: 217152K->96K(261120K)] 219108K->2052K(436224K), 0,0005400 secs] [Times: user=0,00 sys=0,00, real=0,00 secs] 
99,909: [GC (Allocation Failure) [PSYoungGen: 260704K->96K(250880K)] 262660K->2052K(425984K), 0,0006091 secs] [Times: user=0,00 sys=0,00, real=0,00 secs] 
100,092: [GC (Allocation Failure) [PSYoungGen: 250464K->96K(241152K)] 252420K->2052K(416256K), 0,0005106 secs] [Times: user=0,00 sys=0,00, real=0,00 secs] 
100,268: [GC (Allocation Failure) [PSYoungGen: 240736K->96K(231936K)] 242692K->2052K(407040K), 0,0005427 secs] [Times: user=0,00 sys=0,00, real=0,00 secs] 
Heap
 PSYoungGen      total 231936K, used 34103K [0x000000076ab00000, 0x000000079c300000, 0x00000007c0000000)
  eden space 231424K, 14% used [0x000000076ab00000,0x000000076cc35d00,0x0000000778d00000)
  from space 512K, 18% used [0x000000079c280000,0x000000079c298000,0x000000079c300000)
  to   space 512K, 0% used [0x000000079c200000,0x000000079c200000,0x000000079c280000)
 ParOldGen       total 175104K, used 1956K [0x00000006c0000000, 0x00000006cab00000, 0x000000076ab00000)
  object space 175104K, 1% used [0x00000006c0000000,0x00000006c01e90b0,0x00000006cab00000)
 Metaspace       used 10061K, capacity 10324K, committed 10496K, reserved 1058816K
  class space    used 1087K, capacity 1182K, committed 1280K, reserved 1048576K
