OpenJDK 64-Bit Server VM (25.202-b05) for bsd-amd64 JRE (Zulu 8.36.0.1-CA-macosx) (1.8.0_202-b05), built on Jan 29 2019 06:07:09 by "zulu_re" with gcc 4.2.1 (Based on Apple Inc. build 5658) (LLVM build 2336.11.00)
Memory: 4k page, physical 16777216k(2451484k free)

/proc/meminfo:

CommandLine flags: -XX:InitialHeapSize=268435456 -XX:MaxHeapSize=4294967296 -XX:+PrintGC -XX:+PrintGCDetails -XX:+PrintGCTimeStamps -XX:+UseCompressedClassPointers -XX:+UseCompressedOops -XX:+UseParallelGC 
Heap
 PSYoungGen      total 76288K, used 35668K [0x000000076ab00000, 0x0000000770000000, 0x00000007c0000000)
  eden space 65536K, 54% used [0x000000076ab00000,0x000000076cdd52a0,0x000000076eb00000)
  from space 10752K, 0% used [0x000000076f580000,0x000000076f580000,0x0000000770000000)
  to   space 10752K, 0% used [0x000000076eb00000,0x000000076eb00000,0x000000076f580000)
 ParOldGen       total 175104K, used 0K [0x00000006c0000000, 0x00000006cab00000, 0x000000076ab00000)
  object space 175104K, 0% used [0x00000006c0000000,0x00000006c0000000,0x00000006cab00000)
 Metaspace       used 7671K, capacity 8005K, committed 8192K, reserved 1056768K
  class space    used 852K, capacity 948K, committed 1024K, reserved 1048576K
868: [GC (Allocation Failure) [PSYoungGen: 132736K->1648K(141824K)] 132760K->1680K(316928K), 0,0023926 secs] [Times: user=0,01 sys=0,00, real=0,00 secs] 
0,931: [GC (Allocation Failure) [PSYoungGen: 132720K->1616K(265728K)] 132752K->1648K(440832K), 0,0018633 secs] [Times: user=0,01 sys=0,00, real=0,00 secs] 
1,100: [GC (Allocation Failure) [PSYoungGen: 263760K->96K(266240K)] 263792K->1696K(441344K), 0,0018762 secs] [Times: user=0,00 sys=0,00, real=0,00 secs] 
1,220: [GC (Allocation Failure) [PSYoungGen: 262240K->96K(528896K)] 263840K->1712K(704000K), 0,0005584 secs] [Times: user=0,00 sys=0,00, real=0,00 secs] 
1,552: [GC (Allocation Failure) [PSYoungGen: 524384K->96K(528896K)] 526000K->1712K(704000K), 0,0007785 secs] [Times: user=0,00 sys=0,00, real=0,00 secs] 
1,786: [GC (Allocation Failure) [PSYoungGen: 524384K->96K(843776K)] 526000K->1712K(1018880K), 0,0005307 secs] [Times: user=0,00 sys=0,00, real=0,00 secs] 
2,276: [GC (Allocation Failure) [PSYoungGen: 839264K->96K(800768K)] 840880K->1720K(975872K), 0,0006446 secs] [Times: user=0,00 sys=0,00, real=0,00 secs] 
2,630: [GC (Allocation Failure) [PSYoungGen: 800352K->96K(763904K)] 801976K->1720K(939008K), 0,0005395 secs] [Times: user=0,00 sys=0,00, real=0,00 secs] 
2,962: [GC (Allocation Failure) [PSYoungGen: 763488K->96K(732672K)] 765112K->1728K(907776K), 0,0005334 secs] [Times: user=0,00 sys=0,00, real=0,00 secs] 
3,280: [GC (Allocation Failure) [PSYoungGen: 728672K->96K(695808K)] 730304K->1728K(870912K), 0,0005833 secs] [Times: user=0,00 sys=0,00, real=0,00 secs] 
3,582: [GC (Allocation Failure) [PSYoungGen: 695392K->96K(667648K)] 697024K->1728K(842752K), 0,0005736 secs] [Times: user=0,00 sys=0,00, real=0,00 secs] 
3,871: [GC (Allocation Failure) [PSYoungGen: 663648K->64K(634368K)] 665280K->1696K(809472K), 0,0006244 secs] [Times: user=0,00 sys=0,00, real=0,00 secs] 
4,147: [GC (Allocation Failure) [PSYoungGen: 633920K->96K(608768K)] 635552K->1728K(783872K), 0,0005199 secs] [Times: user=0,01 sys=0,00, real=0,00 secs] 
4,411: [GC (Allocation Failure) [PSYoungGen: 605280K->96K(578560K)] 606912K->1736K(753664K), 0,0006376 secs] [Times: user=0,00 sys=0,00, real=0,00 secs] 
4,662: [GC (Allocation Failure) [PSYoungGen: 578144K->96K(556032K)] 579784K->1736K(731136K), 0,0005595 secs] [Times: user=0,00 sys=0,00, real=0,00 secs] 
4,903: [GC (Allocation Failure) [PSYoungGen: 552544K->96K(528384K)] 554184K->1736K(703488K), 0,0005949 secs] [Times: user=0,00 sys=0,00, real=0,00 secs] 
5,132: [GC (Allocation Failure) [PSYoungGen: 527968K->96K(507904K)] 529608K->1736K(683008K), 0,0005101 secs] [Times: user=0,00 sys=0,00, real=0,00 secs] 
5,352: [GC (Allocation Failure) [PSYoungGen: 504928K->96K(483328K)] 506568K->1736K(658432K), 0,0006359 secs] [Times: user=0,00 sys=0,00, real=0,00 secs] 
5,562: [GC (Allocation Failure) [PSYoungGen: 482912K->96K(464384K)] 484552K->1736K(639488K), 0,0005184 secs] [Times: user=0,00 sys=0,00, real=0,00 secs] 
5,763: [GC (Allocation Failure) [PSYoungGen: 461920K->96K(442368K)] 463560K->1736K(617472K), 0,0006150 secs] [Times: user=0,00 sys=0,00, real=0,00 secs] 
5,956: [GC (Allocation Failure) [PSYoungGen: 441952K->96K(425472K)] 443592K->1744K(600576K), 0,0005249 secs] [Times: user=0,00 sys=0,00, real=0,00 secs] 
6,140: [GC (Allocation Failure) [PSYoungGen: 423008K->64K(405504K)] 424656K->1712K(580608K), 0,0005833 secs] [Times: user=0,00 sys=0,00, real=0,00 secs] 
6,317: [GC (Allocation Failure) [PSYoungGen: 405056K->96K(389632K)] 406704K->1744K(564736K), 0,0005598 secs] [Times: user=0,00 sys=0,00, real=0,00 secs] 
6,486: [GC (Allocation Failure) [PSYoungGen: 387680K->96K(371712K)] 389328K->1744K(546816K), 0,0005613 secs] [Times: user=0,00 sys=0,00, real=0,00 secs] 
6,648: [GC (Allocation Failure) [PSYoungGen: 371296K->96K(357888K)] 372944K->1744K(532992K), 0,0005056 secs] [Times: user=0,00 sys=0,01, real=0,00 secs] 
6,803: [GC (Allocation Failure) [PSYoungGen: 355936K->64K(341504K)] 357584K->1712K(516608K), 0,0006086 secs] [Times: user=0,01 sys=0,00, real=0,00 secs] 
6,952: [GC (Allocation Failure) [PSYoungGen: 341056K->96K(328704K)] 342704K->1744K(503808K), 0,0005088 secs] [Times: user=0,00 sys=0,00, real=0,00 secs] 
7,094: [GC (Allocation Failure) [PSYoungGen: 327264K->96K(314368K)] 328912K->1744K(489472K), 0,0005884 secs] [Times: user=0,00 sys=0,00, real=0,01 secs] 
7,232: [GC (Allocation Failure) [PSYoungGen: 313952K->96K(302592K)] 315600K->1744K(477696K), 0,0005160 secs] [Times: user=0,01 sys=0,00, real=0,00 secs] 
7,364: [GC (Allocation Failure) [PSYoungGen: 301152K->96K(289280K)] 302800K->1744K(464384K), 0,0005485 secs] [Times: user=0,00 sys=0,00, real=0,01 secs] 
7,490: [GC (Allocation Failure) [PSYoungGen: 288864K->96K(279040K)] 290512K->1744K(454144K), 0,0005032 secs] [Times: user=0,00 sys=0,00, real=0,00 secs] 
7,611: [GC (Allocation Failure) [PSYoungGen: 277600K->96K(267264K)] 279248K->1744K(442368K), 0,0005431 secs] [Times: user=0,01 sys=0,00, real=0,00 secs] 
7,727: [GC (Allocation Failure) [PSYoungGen: 266848K->96K(257536K)] 268496K->1744K(432640K), 0,0005023 secs] [Times: user=0,00 sys=0,00, real=0,00 secs] 
7,839: [GC (Allocation Failure) [PSYoungGen: 256608K->64K(247296K)] 258256K->1712K(422400K), 0,0006082 secs] [Times: user=0,00 sys=0,00, real=0,00 secs] 
7,948: [GC (Allocation Failure) [PSYoungGen: 246848K->96K(238080K)] 248496K->1744K(413184K), 0,0005417 secs] [Times: user=0,00 sys=0,00, real=0,00 secs] 
8,051: [GC (Allocation Failure) [PSYoungGen: 237151K->64K(228352K)] 238800K->1712K(403456K), 0,0005754 secs] [Times: user=0,00 sys=0,00, real=0,00 secs] 
8,151: [GC (Allocation Failure) [PSYoungGen: 227904K->96K(220160K)] 229552K->1744K(395264K), 0,0005099 secs] [Times: user=0,00 sys=0,00, real=0,00 secs] 
8,247: [GC (Allocation Failure) [PSYoungGen: 219232K->96K(211456K)] 220880K->1744K(386560K), 0,0006061 secs] [Times: user=0,00 sys=0,00, real=0,00 secs] 
8,339: [GC (Allocation Failure) [PSYoungGen: 211040K->64K(204288K)] 212688K->1712K(379392K), 0,0005211 secs] [Times: user=0,01 sys=0,00, real=0,00 secs] 
8,428: [GC (Allocation Failure) [PSYoungGen: 203328K->96K(196096K)] 204976K->1744K(371200K), 0,0005358 secs] [Times: user=0,01 sys=0,00, real=0,00 secs] 
8,514: [GC (Allocation Failure) [PSYoungGen: 195680K->96K(189440K)] 197328K->1744K(364544K), 0,0005113 secs] [Times: user=0,00 sys=0,00, real=0,00 secs] 
8,596: [GC (Allocation Failure) [PSYoungGen: 188512K->96K(182272K)] 190160K->1744K(357376K), 0,0004954 secs] [Times: user=0,00 sys=0,00, real=0,00 secs] 
8,680: [GC (Allocation Failure) [PSYoungGen: 181856K->96K(175616K)] 183504K->1744K(350720K), 0,0005186 secs] [Times: user=0,00 sys=0,00, real=0,00 secs] 
8,757: [GC (Allocation Failure) [PSYoungGen: 175200K->96K(169472K)] 176848K->1744K(344576K), 0,0005181 secs] [Times: user=0,01 sys=0,00, real=0,00 secs] 
8,830: [GC (Allocation Failure) [PSYoungGen: 169056K->96K(163840K)] 170704K->1744K(338944K), 0,0004924 secs] [Times: user=0,00 sys=0,00, real=0,00 secs] 
8,902: [GC (Allocation Failure) [PSYoungGen: 163424K->96K(158208K)] 165072K->1744K(333312K), 0,0005101 secs] [Times: user=0,00 sys=0,00, real=0,00 secs] 
8,971: [GC (Allocation Failure) [PSYoungGen: 157792K->96K(153088K)] 159440K->1744K(328192K), 0,0004849 secs] [Times: user=0,00 sys=0,00, real=0,00 secs] 
9,038: [GC (Allocation Failure) [PSYoungGen: 152672K->96K(147968K)] 154320K->1744K(323072K), 0,0005520 secs] [Times: user=0,00 sys=0,00, real=0,00 secs] 
9,103: [GC (Allocation Failure) [PSYoungGen: 147552K->96K(143360K)] 149200K->1752K(318464K), 0,0004896 secs] [Times: user=0,00 sys=0,00, real=0,00 secs] 
9,165: [GC (Allocation Failure) [PSYoungGen: 142944K->96K(138752K)] 144600K->1752K(313856K), 0,0004944 secs] [Times: user=0,00 sys=0,00, real=0,00 secs] 
9,226: [GC (Allocation Failure) [PSYoungGen: 138336K->96K(134144K)] 139992K->1752K(309248K), 0,0005469 secs] [Times: user=0,00 sys=0,00, real=0,00 secs] 
9,285: [GC (Allocation Failure) [PSYoungGen: 133728K->96K(130048K)] 135384K->1752K(305152K), 0,0004904 secs] [Times: user=0,00 sys=0,00, real=0,00 secs] 
9,342: [GC (Allocation Failure) [PSYoungGen: 129632K->96K(125952K)] 131288K->1752K(301056K), 0,0005101 secs] [Times: user=0,00 sys=0,00, real=0,00 secs] 
9,397: [GC (Allocation Failure) [PSYoungGen: 125536K->96K(121856K)] 127192K->1752K(296960K), 0,0004813 secs] [Times: user=0,00 sys=0,00, real=0,00 secs] 
9,450: [GC (Allocation Failure) [PSYoungGen: 121440K->96K(118272K)] 123096K->1752K(293376K), 0,0005820 secs] [Times: user=0,00 sys=0,00, real=0,00 secs] 
9,502: [GC (Allocation Failure) [PSYoungGen: 117856K->96K(114688K)] 119512K->1752K(289792K), 0,0004823 secs] [Times: user=0,01 sys=0,00, real=0,00 secs] 
9,552: [GC (Allocation Failure) [PSYoungGen: 114272K->96K(111104K)] 115928K->1752K(286208K), 0,0005087 secs] [Times: user=0,00 sys=0,00, real=0,00 secs] 
9,601: [GC (Allocation Failure) [PSYoungGen: 110688K->96K(108032K)] 112344K->1752K(283136K), 0,0004927 secs] [Times: user=0,01 sys=0,00, real=0,00 secs] 
9,648: [GC (Allocation Failure) [PSYoungGen: 107616K->64K(104960K)] 109272K->1720K(280064K), 0,0004783 secs] [Times: user=0,00 sys=0,00, real=0,00 secs] 
9,694: [GC (Allocation Failure) [PSYoungGen: 104512K->96K(101888K)] 106168K->1752K(276992K), 0,0004775 secs] [Times: user=0,00 sys=0,00, real=0,00 secs] 
9,738: [GC (Allocation Failure) [PSYoungGen: 101472K->64K(98816K)] 103128K->1720K(273920K), 0,0005083 secs] [Times: user=0,00 sys=0,00, real=0,00 secs] 
9,782: [GC (Allocation Failure) [PSYoungGen: 98368K->96K(96256K)] 100024K->1752K(271360K), 0,0004833 secs] [Times: user=0,00 sys=0,00, real=0,00 secs] 
9,824: [GC (Allocation Failure) [PSYoungGen: 95840K->96K(93696K)] 97496K->1752K(268800K), 0,0004779 secs] [Times: user=0,00 sys=0,00, real=0,01 secs] 
9,865: [GC (Allocation Failure) [PSYoungGen: 93280K->64K(112640K)] 94936K->1720K(287744K), 0,0005544 secs] [Times: user=0,00 sys=0,00, real=0,00 secs] 
9,914: [GC (Allocation Failure) [PSYoungGen: 112192K->64K(135168K)] 113848K->1720K(310272K), 0,0004921 secs] [Times: user=0,00 sys=0,00, real=0,01 secs] 
9,973: [GC (Allocation Failure) [PSYoungGen: 134720K->96K(162304K)] 136376K->1752K(337408K), 0,0006853 secs] [Times: user=0,00 sys=0,00, real=0,00 secs] 
10,044: [GC (Allocation Failure) [PSYoungGen: 161888K->96K(156672K)] 163544K->1752K(331776K), 0,0004875 secs] [Times: user=0,00 sys=0,00, real=0,01 secs] 
10,112: [GC (Allocation Failure) [PSYoungGen: 156256K->96K(151552K)] 157912K->1752K(326656K), 0,0004847 secs] [Times: user=0,00 sys=0,00, real=0,00 secs] 
10,178: [GC (Allocation Failure) [PSYoungGen: 151136K->96K(146432K)] 152792K->1752K(321536K), 0,0005223 secs] [Times: user=0,00 sys=0,00, real=0,00 secs] 
10,248: [GC (Allocation Failure) [PSYoungGen: 146016K->160K(141824K)] 147672K->1824K(316928K), 0,0004758 secs] [Times: user=0,00 sys=0,00, real=0,00 secs] 
10,310: [GC (Allocation Failure) [PSYoungGen: 141472K->64K(137216K)] 143136K->1800K(312320K), 0,0004868 secs] [Times: user=0,01 sys=0,00, real=0,00 secs] 
10,370: [GC (Allocation Failure) [PSYoungGen: 136768K->96K(132608K)] 138504K->1832K(307712K), 0,0004926 secs] [Times: user=0,01 sys=0,00, real=0,00 secs] 
10,428: [GC (Allocation Failure) [PSYoungGen: 132192K->96K(128512K)] 133928K->1832K(303616K), 0,0004939 secs] [Times: user=0,00 sys=0,00, real=0,00 secs] 
10,484: [GC (Allocation Failure) [PSYoungGen: 128096K->96K(124416K)] 129832K->1832K(299520K), 0,0004973 secs] [Times: user=0,00 sys=0,00, real=0,00 secs] 
10,538: [GC (Allocation Failure) [PSYoungGen: 124000K->96K(120832K)] 125736K->1832K(295936K), 0,0005131 secs] [Times: user=0,00 sys=0,00, real=0,00 secs] 
10,591: [GC (Allocation Failure) [PSYoungGen: 120416K->64K(117248K)] 122152K->1800K(292352K), 0,0004826 secs] [Times: user=0,00 sys=0,00, real=0,00 secs] 
10,643: [GC (Allocation Failure) [PSYoungGen: 116800K->96K(113664K)] 118536K->1832K(288768K), 0,0005156 secs] [Times: user=0,00 sys=0,00, real=0,00 secs] 
10,692: [GC (Allocation Failure) [PSYoungGen: 113248K->96K(110592K)] 114984K->1832K(285696K), 0,0004905 secs] [Times: user=0,00 sys=0,00, real=0,00 secs] 
10,741: [GC (Allocation Failure) [PSYoungGen: 110176K->96K(107520K)] 111912K->1832K(282624K), 0,0004942 secs] [Times: user=0,01 sys=0,00, real=0,00 secs] 
10,788: [GC (Allocation Failure) [PSYoungGen: 107104K->96K(104448K)] 108840K->1832K(279552K), 0,0005470 secs] [Times: user=0,00 sys=0,00, real=0,00 secs] 
10,834: [GC (Allocation Failure) [PSYoungGen: 104032K->96K(101376K)] 105768K->1832K(276480K), 0,0004756 secs] [Times: user=0,00 sys=0,00, real=0,00 secs] 
10,879: [GC (Allocation Failure) [PSYoungGen: 100960K->96K(98816K)] 102696K->1832K(273920K), 0,0005112 secs] [Times: user=0,00 sys=0,00, real=0,00 secs] 
10,922: [GC (Allocation Failure) [PSYoungGen: 98400K->96K(96256K)] 100136K->1832K(271360K), 0,0004950 secs] [Times: user=0,00 sys=0,00, real=0,00 secs] 
10,964: [GC (Allocation Failure) [PSYoungGen: 95840K->96K(115712K)] 97576K->1832K(290816K), 0,0005597 secs] [Times: user=0,00 sys=0,00, real=0,01 secs] 
11,015: [GC (Allocation Failure) [PSYoungGen: 115296K->96K(138752K)] 117032K->1832K(313856K), 0,0005130 secs] [Times: user=0,00 sys=0,00, real=0,00 secs] 
11,075: [GC (Allocation Failure) [PSYoungGen: 138336K->96K(134144K)] 140072K->1832K(309248K), 0,0005353 secs] [Times: user=0,00 sys=0,00, real=0,00 secs] 
11,134: [GC (Allocation Failure) [PSYoungGen: 133728K->96K(130048K)] 135464K->1832K(305152K), 0,0005018 secs] [Times: user=0,00 sys=0,00, real=0,00 secs] 
11,191: [GC (Allocation Failure) [PSYoungGen: 129632K->96K(156160K)] 131368K->1832K(331264K), 0,0010389 secs] [Times: user=0,00 sys=0,00, real=0,00 secs] 
11,262: [GC (Allocation Failure) [PSYoungGen: 155744K->64K(151040K)] 157480K->1800K(326144K), 0,0005138 secs] [Times: user=0,00 sys=0,00, real=0,00 secs] 
11,328: [GC (Allocation Failure) [PSYoungGen: 150592K->96K(145920K)] 152328K->1832K(321024K), 0,0005190 secs] [Times: user=0,00 sys=0,00, real=0,00 secs] 
11,392: [GC (Allocation Failure) [PSYoungGen: 145504K->96K(141312K)] 147240K->1832K(316416K), 0,0005348 secs] [Times: user=0,00 sys=0,00, real=0,00 secs] 
11,453: [GC (Allocation Failure) [PSYoungGen: 140896K->32K(136704K)] 142632K->1768K(311808K), 0,0006517 secs] [Times: user=0,00 sys=0,00, real=0,00 secs] 
11,513: [GC (Allocation Failure) [PSYoungGen: 136224K->96K(132608K)] 137960K->1832K(307712K), 0,0004880 secs] [Times: user=0,00 sys=0,00, real=0,00 secs] 
11,571: [GC (Allocation Failure) [PSYoungGen: 132192K->96K(128512K)] 133928K->1832K(303616K), 0,0005975 secs] [Times: user=0,00 sys=0,00, real=0,00 secs] 
11,628: [GC (Allocation Failure) [PSYoungGen: 128096K->64K(124416K)] 129832K->1800K(299520K), 0,0007253 secs] [Times: user=0,00 sys=0,00, real=0,00 secs] 
11,683: [GC (Allocation Failure) [PSYoungGen: 123968K->64K(120832K)] 125704K->1800K(295936K), 0,0005502 secs] [Times: user=0,00 sys=0,00, real=0,00 secs] 
11,737: [GC (Allocation Failure) [PSYoungGen: 120384K->64K(117248K)] 122120K->1800K(292352K), 0,0005083 secs] [Times: user=0,00 sys=0,00, real=0,00 secs] 
11,788: [GC (Allocation Failure) [PSYoungGen: 116800K->96K(113664K)] 118536K->1832K(288768K), 0,0005103 secs] [Times: user=0,00 sys=0,00, real=0,00 secs] 
11,838: [GC (Allocation Failure) [PSYoungGen: 113248K->64K(136704K)] 114984K->1800K(311808K), 0,0009713 secs] [Times: user=0,00 sys=0,00, real=0,00 secs] 
11,899: [GC (Allocation Failure) [PSYoungGen: 136256K->64K(164352K)] 137992K->1800K(339456K), 0,0005096 secs] [Times: user=0,00 sys=0,00, real=0,00 secs] 
11,970: [GC (Allocation Failure) [PSYoungGen: 163904K->96K(158720K)] 165640K->1832K(333824K), 0,0005016 secs] [Times: user=0,00 sys=0,00, real=0,00 secs] 
12,039: [GC (Allocation Failure) [PSYoungGen: 158304K->96K(153600K)] 160040K->1832K(328704K), 0,0005079 secs] [Times: user=0,00 sys=0,00, real=0,00 secs] 
12,107: [GC (Allocation Failure) [PSYoungGen: 153184K->96K(148480K)] 154920K->1832K(323584K), 0,0005090 secs] [Times: user=0,00 sys=0,00, real=0,00 secs] 
12,172: [GC (Allocation Failure) [PSYoungGen: 148064K->96K(143360K)] 149800K->1832K(318464K), 0,0005102 secs] [Times: user=0,00 sys=0,00, real=0,00 secs] 
12,234: [GC (Allocation Failure) [PSYoungGen: 142944K->96K(138752K)] 144680K->1832K(313856K), 0,0005351 secs] [Times: user=0,00 sys=0,00, real=0,00 secs] 
12,295: [GC (Allocation Failure) [PSYoungGen: 138336K->64K(134144K)] 140072K->1800K(309248K), 0,0007445 secs] [Times: user=0,00 sys=0,00, real=0,00 secs] 
12,354: [GC (Allocation Failure) [PSYoungGen: 133696K->96K(130048K)] 135432K->1832K(305152K), 0,0005044 secs] [Times: user=0,00 sys=0,00, real=0,01 secs] 
12,411: [GC (Allocation Failure) [PSYoungGen: 129632K->96K(125952K)] 131368K->1832K(301056K), 0,0005088 secs] [Times: user=0,00 sys=0,00, real=0,00 secs] 
12,466: [GC (Allocation Failure) [PSYoungGen: 125536K->96K(121856K)] 127272K->1832K(296960K), 0,0005339 secs] [Times: user=0,00 sys=0,00, real=0,00 secs] 
12,520: [GC (Allocation Failure) [PSYoungGen: 121440K->96K(118272K)] 123176K->1832K(293376K), 0,0005070 secs] [Times: user=0,00 sys=0,00, real=0,00 secs] 
12,572: [GC (Allocation Failure) [PSYoungGen: 117856K->96K(114688K)] 119592K->1832K(289792K), 0,0005934 secs] [Times: user=0,00 sys=0,00, real=0,00 secs] 
12,622: [GC (Allocation Failure) [PSYoungGen: 114272K->96K(111104K)] 116008K->1832K(286208K), 0,0004925 secs] [Times: user=0,00 sys=0,00, real=0,00 secs] 
12,671: [GC (Allocation Failure) [PSYoungGen: 110688K->96K(108032K)] 112424K->1832K(283136K), 0,0004810 secs] [Times: user=0,00 sys=0,00, real=0,00 secs] 
12,719: [GC (Allocation Failure) [PSYoungGen: 107616K->64K(104960K)] 109352K->1800K(280064K), 0,0005166 secs] [Times: user=0,00 sys=0,00, real=0,00 secs] 
12,765: [GC (Allocation Failure) [PSYoungGen: 104512K->96K(101888K)] 106248K->1832K(276992K), 0,0004995 secs] [Times: user=0,00 sys=0,00, real=0,00 secs] 
12,809: [GC (Allocation Failure) [PSYoungGen: 101472K->96K(98816K)] 103208K->1832K(273920K), 0,0004950 secs] [Times: user=0,00 sys=0,00, real=0,00 secs] 
12,853: [GC (Allocation Failure) [PSYoungGen: 98400K->64K(118784K)] 100136K->1800K(293888K), 0,0005549 secs] [Times: user=0,00 sys=0,00, real=0,00 secs] 
12,905: [GC (Allocation Failure) [PSYoungGen: 118336K->64K(142848K)] 120072K->1800K(317952K), 0,0009885 secs] [Times: user=0,01 sys=0,00, real=0,00 secs] 
12,967: [GC (Allocation Failure) [PSYoungGen: 142400K->96K(171520K)] 144136K->1832K(346624K), 0,0005090 secs] [Times: user=0,00 sys=0,00, real=0,00 secs] 
13,042: [GC (Allocation Failure) [PSYoungGen: 171104K->96K(165376K)] 172840K->1832K(340480K), 0,0004929 secs] [Times: user=0,00 sys=0,00, real=0,00 secs] 
13,114: [GC (Allocation Failure) [PSYoungGen: 164960K->64K(198656K)] 166696K->1800K(373760K), 0,0009609 secs] [Times: user=0,00 sys=0,00, real=0,01 secs] 
13,201: [GC (Allocation Failure) [PSYoungGen: 198208K->64K(191488K)] 199944K->1800K(366592K), 0,0006332 secs] [Times: user=0,01 sys=0,00, real=0,00 secs] 
13,285: [GC (Allocation Failure) [PSYoungGen: 191040K->96K(184832K)] 192776K->1832K(359936K), 0,0005267 secs] [Times: user=0,00 sys=0,00, real=0,00 secs] 
13,366: [GC (Allocation Failure) [PSYoungGen: 184416K->96K(178176K)] 186152K->1832K(353280K), 0,0006123 secs] [Times: user=0,00 sys=0,00, real=0,00 secs] 
13,443: [GC (Allocation Failure) [PSYoungGen: 177760K->96K(172032K)] 179496K->1832K(347136K), 0,0005148 secs] [Times: user=0,00 sys=0,00, real=0,00 secs] 
13,518: [GC (Allocation Failure) [PSYoungGen: 171616K->96K(165888K)] 173352K->1832K(340992K), 0,0008437 secs] [Times: user=0,00 sys=0,00, real=0,00 secs] 
13,591: [GC (Allocation Failure) [PSYoungGen: 165472K->96K(160256K)] 167208K->1832K(335360K), 0,0004999 secs] [Times: user=0,00 sys=0,00, real=0,00 secs] 
13,661: [GC (Allocation Failure) [PSYoungGen: 159840K->96K(154624K)] 161576K->1832K(329728K), 0,0005063 secs] [Times: user=0,00 sys=0,00, real=0,00 secs] 
13,729: [GC (Allocation Failure) [PSYoungGen: 154208K->64K(149504K)] 155944K->1800K(324608K), 0,0006797 secs] [Times: user=0,00 sys=0,00, real=0,00 secs] 
13,794: [GC (Allocation Failure) [PSYoungGen: 149056K->64K(144384K)] 150792K->1800K(319488K), 0,0004766 secs] [Times: user=0,00 sys=0,00, real=0,01 secs] 
13,857: [GC (Allocation Failure) [PSYoungGen: 143936K->64K(139776K)] 145672K->1800K(314880K), 0,0005074 secs] [Times: user=0,01 sys=0,00, real=0,00 secs] 
13,918: [GC (Allocation Failure) [PSYoungGen: 139328K->96K(135168K)] 141064K->1832K(310272K), 0,0004764 secs] [Times: user=0,00 sys=0,00, real=0,00 secs] 
13,977: [GC (Allocation Failure) [PSYoungGen: 134752K->96K(131072K)] 136488K->1832K(306176K), 0,0005059 secs] [Times: user=0,00 sys=0,00, real=0,00 secs] 
14,034: [GC (Allocation Failure) [PSYoungGen: 130656K->96K(126976K)] 132392K->1832K(302080K), 0,0005289 secs] [Times: user=0,00 sys=0,00, real=0,00 secs] 
14,089: [GC (Allocation Failure) [PSYoungGen: 126560K->96K(122880K)] 128296K->1832K(297984K), 0,0005618 secs] [Times: user=0,00 sys=0,00, real=0,00 secs] 
14,143: [GC (Allocation Failure) [PSYoungGen: 122464K->96K(119296K)] 124200K->1832K(294400K), 0,0005158 secs] [Times: user=0,00 sys=0,00, real=0,00 secs] 
14,196: [GC (Allocation Failure) [PSYoungGen: 118880K->96K(115712K)] 120616K->1832K(290816K), 0,0005152 secs] [Times: user=0,00 sys=0,00, real=0,00 secs] 
14,246: [GC (Allocation Failure) [PSYoungGen: 115296K->128K(138752K)] 117032K->1864K(313856K), 0,0008799 secs] [Times: user=0,00 sys=0,00, real=0,00 secs] 
14,307: [GC (Allocation Failure) [PSYoungGen: 138368K->64K(134144K)] 140104K->1800K(309248K), 0,0005054 secs] [Times: user=0,00 sys=0,00, real=0,00 secs] 
14,366: [GC (Allocation Failure) [PSYoungGen: 133696K->96K(130048K)] 135432K->1832K(305152K), 0,0005045 secs] [Times: user=0,00 sys=0,00, real=0,00 secs] 
14,423: [GC (Allocation Failure) [PSYoungGen: 129632K->96K(125952K)] 131368K->1832K(301056K), 0,0004756 secs] [Times: user=0,00 sys=0,00, real=0,00 secs] 
14,478: [GC (Allocation Failure) [PSYoungGen: 125536K->96K(121856K)] 127272K->1832K(296960K), 0,0005034 secs] [Times: user=0,00 sys=0,00, real=0,00 secs] 
14,532: [GC (Allocation Failure) [PSYoungGen: 121440K->96K(118272K)] 123176K->1832K(293376K), 0,0004979 secs] [Times: user=0,00 sys=0,00, real=0,00 secs] 
14,584: [GC (Allocation Failure) [PSYoungGen: 117856K->96K(114688K)] 119592K->1832K(289792K), 0,0005134 secs] [Times: user=0,00 sys=0,00, real=0,00 secs] 
14,634: [GC (Allocation Failure) [PSYoungGen: 114272K->96K(111104K)] 116008K->1832K(286208K), 0,0004919 secs] [Times: user=0,00 sys=0,00, real=0,00 secs] 
14,683: [GC (Allocation Failure) [PSYoungGen: 110688K->96K(108032K)] 112424K->1832K(283136K), 0,0005383 secs] [Times: user=0,00 sys=0,00, real=0,00 secs] 
14,730: [GC (Allocation Failure) [PSYoungGen: 107616K->64K(104960K)] 109352K->1800K(280064K), 0,0005134 secs] [Times: user=0,00 sys=0,00, real=0,00 secs] 
14,776: [GC (Allocation Failure) [PSYoungGen: 104512K->96K(101888K)] 106248K->1832K(276992K), 0,0005019 secs] [Times: user=0,00 sys=0,00, real=0,00 secs] 
14,821: [GC (Allocation Failure) [PSYoungGen: 101472K->96K(98816K)] 103208K->1832K(273920K), 0,0004781 secs] [Times: user=0,00 sys=0,00, real=0,00 secs] 
14,864: [GC (Allocation Failure) [PSYoungGen: 98400K->64K(118784K)] 100136K->1800K(293888K), 0,0009653 secs] [Times: user=0,00 sys=0,00, real=0,01 secs] 
14,916: [GC (Allocation Failure) [PSYoungGen: 118336K->96K(142848K)] 120072K->1832K(317952K), 0,0005722 secs] [Times: user=0,01 sys=0,00, real=0,00 secs] 
14,979: [GC (Allocation Failure) [PSYoungGen: 142432K->64K(171520K)] 144168K->1800K(346624K), 0,0005854 secs] [Times: user=0,00 sys=0,00, real=0,00 secs] 
15,054: [GC (Allocation Failure) [PSYoungGen: 171072K->96K(165376K)] 172808K->1832K(340480K), 0,0004922 secs] [Times: user=0,00 sys=0,00, real=0,00 secs] 
15,126: [GC (Allocation Failure) [PSYoungGen: 164960K->96K(159744K)] 166696K->1832K(334848K), 0,0005197 secs] [Times: user=0,01 sys=0,00, real=0,00 secs] 
15,196: [GC (Allocation Failure) [PSYoungGen: 159328K->96K(154112K)] 161064K->1832K(329216K), 0,0005214 secs] [Times: user=0,00 sys=0,00, real=0,00 secs] 
15,264: [GC (Allocation Failure) [PSYoungGen: 153696K->96K(148992K)] 155432K->1832K(324096K), 0,0005178 secs] [Times: user=0,00 sys=0,00, real=0,01 secs] 
15,329: [GC (Allocation Failure) [PSYoungGen: 148575K->96K(143872K)] 150312K->1832K(318976K), 0,0005136 secs] [Times: user=0,00 sys=0,00, real=0,00 secs] 
15,392: [GC (Allocation Failure) [PSYoungGen: 143456K->96K(139264K)] 145192K->1832K(314368K), 0,0005007 secs] [Times: user=0,00 sys=0,00, real=0,00 secs] 
15,454: [GC (Allocation Failure) [PSYoungGen: 138848K->96K(134656K)] 140584K->1832K(309760K), 0,0005078 secs] [Times: user=0,01 sys=0,00, real=0,00 secs] 
15,512: [GC (Allocation Failure) [PSYoungGen: 134240K->96K(130560K)] 135976K->1832K(305664K), 0,0005009 secs] [Times: user=0,00 sys=0,00, real=0,00 secs] 
15,570: [GC (Allocation Failure) [PSYoungGen: 130144K->32K(126464K)] 131880K->1768K(301568K), 0,0010076 secs] [Times: user=0,00 sys=0,00, real=0,00 secs] 
15,625: [GC (Allocation Failure) [PSYoungGen: 125984K->96K(122368K)] 127720K->1832K(297472K), 0,0005353 secs] [Times: user=0,00 sys=0,00, real=0,00 secs] 
15,679: [GC (Allocation Failure) [PSYoungGen: 121952K->96K(146944K)] 123688K->1832K(322048K), 0,0009387 secs] [Times: user=0,00 sys=0,00, real=0,00 secs] 
15,744: [GC (Allocation Failure) [PSYoungGen: 146528K->96K(176640K)] 148264K->1840K(351744K), 0,0005299 secs] [Times: user=0,00 sys=0,00, real=0,00 secs] 
15,821: [GC (Allocation Failure) [PSYoungGen: 176224K->64K(170496K)] 177968K->1808K(345600K), 0,0005188 secs] [Times: user=0,01 sys=0,00, real=0,00 secs] 
15,896: [GC (Allocation Failure) [PSYoungGen: 170047K->96K(164864K)] 171792K->1840K(339968K), 0,0005097 secs] [Times: user=0,00 sys=0,00, real=0,00 secs] 
15,968: [GC (Allocation Failure) [PSYoungGen: 164448K->64K(159232K)] 166192K->1808K(334336K), 0,0005976 secs] [Times: user=0,00 sys=0,00, real=0,00 secs] 
16,037: [GC (Allocation Failure) [PSYoungGen: 158784K->96K(154112K)] 160528K->1840K(329216K), 0,0005204 secs] [Times: user=0,00 sys=0,00, real=0,00 secs] 
16,105: [GC (Allocation Failure) [PSYoungGen: 153696K->96K(148992K)] 155440K->1840K(324096K), 0,0005182 secs] [Times: user=0,00 sys=0,00, real=0,00 secs] 
16,171: [GC (Allocation Failure) [PSYoungGen: 148576K->96K(143872K)] 150320K->1840K(318976K), 0,0005167 secs] [Times: user=0,00 sys=0,00, real=0,00 secs] 
16,233: [GC (Allocation Failure) [PSYoungGen: 143456K->64K(139264K)] 145200K->1808K(314368K), 0,0005173 secs] [Times: user=0,00 sys=0,00, real=0,00 secs] 
16,294: [GC (Allocation Failure) [PSYoungGen: 138816K->96K(134656K)] 140560K->1840K(309760K), 0,0004812 secs] [Times: user=0,00 sys=0,00, real=0,01 secs] 
16,353: [GC (Allocation Failure) [PSYoungGen: 134240K->96K(130560K)] 135984K->1840K(305664K), 0,0005006 secs] [Times: user=0,00 sys=0,00, real=0,00 secs] 
16,410: [GC (Allocation Failure) [PSYoungGen: 130144K->96K(126464K)] 131888K->1840K(301568K), 0,0004954 secs] [Times: user=0,00 sys=0,00, real=0,00 secs] 
16,466: [GC (Allocation Failure) [PSYoungGen: 126048K->96K(122368K)] 127792K->1840K(297472K), 0,0004901 secs] [Times: user=0,00 sys=0,00, real=0,00 secs] 
16,519: [GC (Allocation Failure) [PSYoungGen: 121952K->96K(118784K)] 123696K->1840K(293888K), 0,0004990 secs] [Times: user=0,00 sys=0,00, real=0,00 secs] 
16,571: [GC (Allocation Failure) [PSYoungGen: 118368K->96K(115200K)] 120112K->1840K(290304K), 0,0004867 secs] [Times: user=0,00 sys=0,00, real=0,00 secs] 
16,622: [GC (Allocation Failure) [PSYoungGen: 114784K->96K(111616K)] 116528K->1840K(286720K), 0,0005466 secs] [Times: user=0,00 sys=0,00, real=0,00 secs] 
16,671: [GC (Allocation Failure) [PSYoungGen: 111200K->96K(108544K)] 112944K->1840K(283648K), 0,0004998 secs] [Times: user=0,00 sys=0,00, real=0,00 secs] 
16,718: [GC (Allocation Failure) [PSYoungGen: 108128K->96K(105472K)] 109872K->1840K(280576K), 0,0004884 secs] [Times: user=0,00 sys=0,00, real=0,00 secs] 
16,765: [GC (Allocation Failure) [PSYoungGen: 105056K->96K(102400K)] 106800K->1840K(277504K), 0,0005127 secs] [Times: user=0,00 sys=0,00, real=0,00 secs] 
16,810: [GC (Allocation Failure) [PSYoungGen: 101984K->64K(99328K)] 103728K->1808K(274432K), 0,0004846 secs] [Times: user=0,00 sys=0,00, real=0,00 secs] 
16,853: [GC (Allocation Failure) [PSYoungGen: 98880K->96K(96768K)] 100624K->1840K(271872K), 0,0004659 secs] [Times: user=0,00 sys=0,00, real=0,00 secs] 
16,896: [GC (Allocation Failure) [PSYoungGen: 96352K->64K(94208K)] 98096K->1808K(269312K), 0,0004969 secs] [Times: user=0,00 sys=0,00, real=0,00 secs] 
16,937: [GC (Allocation Failure) [PSYoungGen: 93760K->96K(113152K)] 95504K->1840K(288256K), 0,0005117 secs] [Times: user=0,00 sys=0,00, real=0,00 secs] 
16,986: [GC (Allocation Failure) [PSYoungGen: 112736K->96K(110080K)] 114480K->1840K(285184K), 0,0004901 secs] [Times: user=0,00 sys=0,00, real=0,00 secs] 
17,035: [GC (Allocation Failure) [PSYoungGen: 109664K->96K(107008K)] 111408K->1840K(282112K), 0,0004730 secs] [Times: user=0,00 sys=0,00, real=0,00 secs] 
17,081: [GC (Allocation Failure) [PSYoungGen: 106592K->32K(103936K)] 108336K->1776K(279040K), 0,0005376 secs] [Times: user=0,00 sys=0,00, real=0,00 secs] 
17,127: [GC (Allocation Failure) [PSYoungGen: 103456K->96K(124928K)] 105200K->1840K(300032K), 0,0005462 secs] [Times: user=0,00 sys=0,00, real=0,00 secs] 
17,182: [GC (Allocation Failure) [PSYoungGen: 124512K->96K(121344K)] 126256K->1840K(296448K), 0,0005547 secs] [Times: user=0,00 sys=0,00, real=0,00 secs] 
17,235: [GC (Allocation Failure) [PSYoungGen: 120928K->64K(145920K)] 122672K->1808K(321024K), 0,0006190 secs] [Times: user=0,00 sys=0,00, real=0,00 secs] 
17,299: [GC (Allocation Failure) [PSYoungGen: 145472K->96K(141312K)] 147216K->1840K(316416K), 0,0005067 secs] [Times: user=0,01 sys=0,00, real=0,00 secs] 
17,361: [GC (Allocation Failure) [PSYoungGen: 140896K->96K(136704K)] 142640K->1840K(311808K), 0,0005447 secs] [Times: user=0,00 sys=0,00, real=0,00 secs] 
17,421: [GC (Allocation Failure) [PSYoungGen: 136288K->96K(132608K)] 138032K->1840K(307712K), 0,0004934 secs] [Times: user=0,00 sys=0,00, real=0,00 secs] 
17,479: [GC (Allocation Failure) [PSYoungGen: 132192K->96K(128512K)] 133936K->1840K(303616K), 0,0005125 secs] [Times: user=0,00 sys=0,00, real=0,00 secs] 
17,536: [GC (Allocation Failure) [PSYoungGen: 128096K->96K(124416K)] 129840K->1840K(299520K), 0,0005302 secs] [Times: user=0,00 sys=0,00, real=0,00 secs] 
17,590: [GC (Allocation Failure) [PSYoungGen: 124000K->96K(120832K)] 125744K->1840K(295936K), 0,0005045 secs] [Times: user=0,00 sys=0,00, real=0,00 secs] 
17,643: [GC (Allocation Failure) [PSYoungGen: 120416K->96K(117248K)] 122160K->1840K(292352K), 0,0004716 secs] [Times: user=0,00 sys=0,00, real=0,00 secs] 
17,694: [GC (Allocation Failure) [PSYoungGen: 116832K->96K(113664K)] 118576K->1840K(288768K), 0,0004877 secs] [Times: user=0,00 sys=0,00, real=0,00 secs] 
17,744: [GC (Allocation Failure) [PSYoungGen: 113248K->96K(110592K)] 114992K->1840K(285696K), 0,0004982 secs] [Times: user=0,00 sys=0,00, real=0,01 secs] 
17,792: [GC (Allocation Failure) [PSYoungGen: 110176K->64K(107520K)] 111920K->1808K(282624K), 0,0005277 secs] [Times: user=0,00 sys=0,00, real=0,00 secs] 
17,840: [GC (Allocation Failure) [PSYoungGen: 107072K->64K(104448K)] 108816K->1808K(279552K), 0,0004834 secs] [Times: user=0,00 sys=0,00, real=0,00 secs] 
17,885: [GC (Allocation Failure) [PSYoungGen: 104000K->96K(101376K)] 105744K->1840K(276480K), 0,0004722 secs] [Times: user=0,00 sys=0,00, real=0,00 secs] 
17,930: [GC (Allocation Failure) [PSYoungGen: 100960K->96K(98816K)] 102704K->1840K(273920K), 0,0005003 secs] [Times: user=0,00 sys=0,00, real=0,00 secs] 
17,973: [GC (Allocation Failure) [PSYoungGen: 98400K->64K(96256K)] 100144K->1808K(271360K), 0,0005743 secs] [Times: user=0,01 sys=0,00, real=0,00 secs] 
18,015: [GC (Allocation Failure) [PSYoungGen: 95808K->96K(115712K)] 97552K->1840K(290816K), 0,0004734 secs] [Times: user=0,00 sys=0,00, real=0,00 secs] 
18,066: [GC (Allocation Failure) [PSYoungGen: 115296K->96K(112128K)] 117040K->1840K(287232K), 0,0005095 secs] [Times: user=0,00 sys=0,00, real=0,00 secs] 
18,114: [GC (Allocation Failure) [PSYoungGen: 111712K->96K(109056K)] 113456K->1840K(284160K), 0,0004821 secs] [Times: user=0,00 sys=0,00, real=0,01 secs] 
18,162: [GC (Allocation Failure) [PSYoungGen: 108640K->96K(105984K)] 110384K->1840K(281088K), 0,0005105 secs] [Times: user=0,00 sys=0,00, real=0,00 secs] 
18,209: [GC (Allocation Failure) [PSYoungGen: 105568K->96K(102912K)] 107312K->1840K(278016K), 0,0004917 secs] [Times: user=0,00 sys=0,00, real=0,00 secs] 
18,254: [GC (Allocation Failure) [PSYoungGen: 102496K->96K(99840K)] 104240K->1840K(274944K), 0,0005072 secs] [Times: user=0,00 sys=0,00, real=0,01 secs] 
18,298: [GC (Allocation Failure) [PSYoungGen: 99424K->96K(97280K)] 101168K->1840K(272384K), 0,0004891 secs] [Times: user=0,00 sys=0,00, real=0,00 secs] 
18,340: [GC (Allocation Failure) [PSYoungGen: 96864K->64K(116736K)] 98608K->1808K(291840K), 0,0004682 secs] [Times: user=0,00 sys=0,00, real=0,00 secs] 
18,391: [GC (Allocation Failure) [PSYoungGen: 116288K->96K(113152K)] 118032K->1840K(288256K), 0,0004916 secs] [Times: user=0,00 sys=0,00, real=0,00 secs] 
18,441: [GC (Allocation Failure) [PSYoungGen: 112736K->96K(110080K)] 114480K->1840K(285184K), 0,0004989 secs] [Times: user=0,00 sys=0,00, real=0,00 secs] 
18,489: [GC (Allocation Failure) [PSYoungGen: 109664K->96K(107008K)] 111408K->1840K(282112K), 0,0004876 secs] [Times: user=0,01 sys=0,00, real=0,00 secs] 
18,536: [GC (Allocation Failure) [PSYoungGen: 106592K->96K(103936K)] 108336K->1840K(279040K), 0,0004813 secs] [Times: user=0,00 sys=0,00, real=0,00 secs] 
18,581: [GC (Allocation Failure) [PSYoungGen: 103520K->96K(100864K)] 105264K->1840K(275968K), 0,0005540 secs] [Times: user=0,00 sys=0,00, real=0,00 secs] 
18,629: [GC (Allocation Failure) [PSYoungGen: 100448K->96K(98304K)] 102192K->1840K(273408K), 0,0005191 secs] [Times: user=0,00 sys=0,00, real=0,00 secs] 
18,672: [GC (Allocation Failure) [PSYoungGen: 97888K->64K(95744K)] 99632K->1808K(270848K), 0,0004648 secs] [Times: user=0,00 sys=0,00, real=0,00 secs] 
18,714: [GC (Allocation Failure) [PSYoungGen: 95296K->96K(115200K)] 97040K->1840K(290304K), 0,0005010 secs] [Times: user=0,00 sys=0,00, real=0,01 secs] 
18,765: [GC (Allocation Failure) [PSYoungGen: 114784K->96K(111616K)] 116528K->1840K(286720K), 0,0005061 secs] [Times: user=0,00 sys=0,00, real=0,00 secs] 
18,814: [GC (Allocation Failure) [PSYoungGen: 111200K->96K(108544K)] 112944K->1840K(283648K), 0,0004745 secs] [Times: user=0,00 sys=0,00, real=0,00 secs] 
18,861: [GC (Allocation Failure) [PSYoungGen: 108128K->96K(105472K)] 109872K->1840K(280576K), 0,0005070 secs] [Times: user=0,00 sys=0,00, real=0,00 secs] 
18,908: [GC (Allocation Failure) [PSYoungGen: 105056K->96K(102400K)] 106800K->1840K(277504K), 0,0004857 secs] [Times: user=0,00 sys=0,01, real=0,00 secs] 
18,952: [GC (Allocation Failure) [PSYoungGen: 101984K->96K(99328K)] 103728K->1840K(274432K), 0,0004690 secs] [Times: user=0,00 sys=0,00, real=0,00 secs] 
18,996: [GC (Allocation Failure) [PSYoungGen: 98912K->96K(96768K)] 100656K->1840K(271872K), 0,0004722 secs] [Times: user=0,00 sys=0,00, real=0,00 secs] 
19,038: [GC (Allocation Failure) [PSYoungGen: 96352K->96K(94208K)] 98096K->1840K(269312K), 0,0004786 secs] [Times: user=0,00 sys=0,00, real=0,00 secs] 
19,079: [GC (Allocation Failure) [PSYoungGen: 93792K->96K(113152K)] 95536K->1840K(288256K), 0,0004737 secs] [Times: user=0,00 sys=0,00, real=0,00 secs] 
19,128: [GC (Allocation Failure) [PSYoungGen: 112736K->64K(110080K)] 114480K->1808K(285184K), 0,0004800 secs] [Times: user=0,00 sys=0,00, real=0,00 secs] 
19,177: [GC (Allocation Failure) [PSYoungGen: 109632K->96K(107008K)] 111376K->1840K(282112K), 0,0005349 secs] [Times: user=0,00 sys=0,00, real=0,00 secs] 
19,224: [GC (Allocation Failure) [PSYoungGen: 106592K->96K(128512K)] 108336K->1840K(303616K), 0,0005431 secs] [Times: user=0,00 sys=0,00, real=0,00 secs] 
19,280: [GC (Allocation Failure) [PSYoungGen: 128096K->96K(124416K)] 129840K->1840K(299520K), 0,0004986 secs] [Times: user=0,00 sys=0,00, real=0,00 secs] 
19,334: [GC (Allocation Failure) [PSYoungGen: 124000K->64K(149504K)] 125744K->1808K(324608K), 0,0007046 secs] [Times: user=0,00 sys=0,00, real=0,01 secs] 
19,400: [GC (Allocation Failure) [PSYoungGen: 149056K->96K(144384K)] 150800K->1840K(319488K), 0,0004988 secs] [Times: user=0,01 sys=0,00, real=0,00 secs] 
19,463: [GC (Allocation Failure) [PSYoungGen: 143968K->96K(139776K)] 145712K->1840K(314880K), 0,0004926 secs] [Times: user=0,00 sys=0,00, real=0,00 secs] 
19,524: [GC (Allocation Failure) [PSYoungGen: 139360K->96K(135168K)] 141104K->1840K(310272K), 0,0004872 secs] [Times: user=0,00 sys=0,00, real=0,01 secs] 
19,583: [GC (Allocation Failure) [PSYoungGen: 134752K->96K(131072K)] 136496K->1840K(306176K), 0,0004906 secs] [Times: user=0,00 sys=0,00, real=0,00 secs] 
19,641: [GC (Allocation Failure) [PSYoungGen: 130656K->96K(126976K)] 132400K->1840K(302080K), 0,0004932 secs] [Times: user=0,00 sys=0,00, real=0,00 secs] 
19,696: [GC (Allocation Failure) [PSYoungGen: 126560K->96K(122880K)] 128304K->1840K(297984K), 0,0005139 secs] [Times: user=0,00 sys=0,00, real=0,00 secs] 
19,750: [GC (Allocation Failure) [PSYoungGen: 122464K->96K(119296K)] 124208K->1840K(294400K), 0,0005076 secs] [Times: user=0,00 sys=0,00, real=0,00 secs] 
19,802: [GC (Allocation Failure) [PSYoungGen: 118880K->96K(115712K)] 120624K->1840K(290816K), 0,0004802 secs] [Times: user=0,00 sys=0,00, real=0,00 secs] 
19,852: [GC (Allocation Failure) [PSYoungGen: 115296K->96K(112128K)] 117040K->1840K(287232K), 0,0004959 secs] [Times: user=0,00 sys=0,00, real=0,00 secs] 
19,901: [GC (Allocation Failure) [PSYoungGen: 111712K->96K(109056K)] 113456K->1840K(284160K), 0,0005042 secs] [Times: user=0,00 sys=0,00, real=0,00 secs] 
19,949: [GC (Allocation Failure) [PSYoungGen: 108640K->64K(105984K)] 110384K->1808K(281088K), 0,0004828 secs] [Times: user=0,00 sys=0,00, real=0,00 secs] 
19,995: [GC (Allocation Failure) [PSYoungGen: 105536K->96K(102912K)] 107280K->1840K(278016K), 0,0004746 secs] [Times: user=0,01 sys=0,00, real=0,00 secs] 
20,040: [GC (Allocation Failure) [PSYoungGen: 102496K->96K(99840K)] 104240K->1840K(274944K), 0,0004747 secs] [Times: user=0,00 sys=0,00, real=0,00 secs] 
20,084: [GC (Allocation Failure) [PSYoungGen: 99424K->96K(97280K)] 101168K->1840K(272384K), 0,0005354 secs] [Times: user=0,01 sys=0,00, real=0,00 secs] 
20,126: [GC (Allocation Failure) [PSYoungGen: 96864K->64K(116736K)] 98608K->1808K(291840K), 0,0006817 secs] [Times: user=0,00 sys=0,00, real=0,00 secs] 
20,177: [GC (Allocation Failure) [PSYoungGen: 116288K->96K(140288K)] 118032K->1840K(315392K), 0,0004956 secs] [Times: user=0,00 sys=0,00, real=0,00 secs] 
20,239: [GC (Allocation Failure) [PSYoungGen: 139872K->96K(135680K)] 141616K->1840K(310784K), 0,0005039 secs] [Times: user=0,00 sys=0,00, real=0,00 secs] 
20,298: [GC (Allocation Failure) [PSYoungGen: 135264K->96K(131584K)] 137008K->1864K(306688K), 0,0005208 secs] [Times: user=0,00 sys=0,00, real=0,00 secs] 
20,356: [GC (Allocation Failure) [PSYoungGen: 131168K->96K(127488K)] 132936K->1864K(302592K), 0,0005001 secs] [Times: user=0,00 sys=0,00, real=0,00 secs] 
20,412: [GC (Allocation Failure) [PSYoungGen: 127072K->64K(123392K)] 128840K->1832K(298496K), 0,0005488 secs] [Times: user=0,00 sys=0,00, real=0,00 secs] 
20,466: [GC (Allocation Failure) [PSYoungGen: 122944K->96K(119808K)] 124712K->1864K(294912K), 0,0004830 secs] [Times: user=0,00 sys=0,00, real=0,00 secs] 
20,518: [GC (Allocation Failure) [PSYoungGen: 119392K->96K(116224K)] 121160K->1864K(291328K), 0,0005779 secs] [Times: user=0,00 sys=0,00, real=0,00 secs] 
20,570: [GC (Allocation Failure) [PSYoungGen: 115808K->96K(112640K)] 117576K->1864K(287744K), 0,0004992 secs] [Times: user=0,01 sys=0,00, real=0,00 secs] 
20,619: [GC (Allocation Failure) [PSYoungGen: 112224K->96K(109568K)] 113992K->1864K(284672K), 0,0005257 secs] [Times: user=0,01 sys=0,00, real=0,00 secs] 
20,667: [GC (Allocation Failure) [PSYoungGen: 109152K->96K(106496K)] 110920K->1864K(281600K), 0,0005102 secs] [Times: user=0,00 sys=0,00, real=0,00 secs] 
20,714: [GC (Allocation Failure) [PSYoungGen: 106080K->96K(103424K)] 107848K->1864K(278528K), 0,0004915 secs] [Times: user=0,00 sys=0,00, real=0,01 secs] 
20,760: [GC (Allocation Failure) [PSYoungGen: 103008K->96K(100352K)] 104776K->1864K(275456K), 0,0005072 secs] [Times: user=0,00 sys=0,00, real=0,00 secs] 
20,804: [GC (Allocation Failure) [PSYoungGen: 99936K->96K(97792K)] 101704K->1864K(272896K), 0,0004905 secs] [Times: user=0,00 sys=0,00, real=0,00 secs] 
20,847: [GC (Allocation Failure) [PSYoungGen: 97376K->64K(95232K)] 99144K->1832K(270336K), 0,0004836 secs] [Times: user=0,01 sys=0,00, real=0,00 secs] 
20,888: [GC (Allocation Failure) [PSYoungGen: 94784K->64K(114176K)] 96552K->1832K(289280K), 0,0004959 secs] [Times: user=0,00 sys=0,00, real=0,00 secs] 
20,939: [GC (Allocation Failure) [PSYoungGen: 113728K->64K(110592K)] 115496K->1832K(285696K), 0,0004904 secs] [Times: user=0,00 sys=0,00, real=0,00 secs] 
20,987: [GC (Allocation Failure) [PSYoungGen: 110144K->96K(107520K)] 111912K->1864K(282624K), 0,0005146 secs] [Times: user=0,00 sys=0,00, real=0,00 secs] 
21,034: [GC (Allocation Failure) [PSYoungGen: 107104K->96K(104448K)] 108872K->1864K(279552K), 0,0004793 secs] [Times: user=0,00 sys=0,00, real=0,01 secs] 
21,080: [GC (Allocation Failure) [PSYoungGen: 104032K->96K(101376K)] 105800K->1864K(276480K), 0,0004691 secs] [Times: user=0,00 sys=0,00, real=0,00 secs] 
21,125: [GC (Allocation Failure) [PSYoungGen: 100960K->96K(98816K)] 102728K->1864K(273920K), 0,0004972 secs] [Times: user=0,01 sys=0,00, real=0,00 secs] 
21,168: [GC (Allocation Failure) [PSYoungGen: 98400K->96K(96256K)] 100168K->1864K(271360K), 0,0005075 secs] [Times: user=0,00 sys=0,00, real=0,00 secs] 
21,210: [GC (Allocation Failure) [PSYoungGen: 95840K->96K(115712K)] 97608K->1864K(290816K), 0,0004919 secs] [Times: user=0,00 sys=0,00, real=0,00 secs] 
21,261: [GC (Allocation Failure) [PSYoungGen: 115296K->96K(112128K)] 117064K->1864K(287232K), 0,0005058 secs] [Times: user=0,00 sys=0,00, real=0,00 secs] 
21,311: [GC (Allocation Failure) [PSYoungGen: 111712K->64K(109056K)] 113480K->1832K(284160K), 0,0005049 secs] [Times: user=0,00 sys=0,00, real=0,00 secs] 
21,358: [GC (Allocation Failure) [PSYoungGen: 108608K->96K(105984K)] 110376K->1864K(281088K), 0,0005278 secs] [Times: user=0,00 sys=0,00, real=0,00 secs] 
21,405: [GC (Allocation Failure) [PSYoungGen: 105568K->96K(102912K)] 107336K->1864K(278016K), 0,0004873 secs] [Times: user=0,00 sys=0,00, real=0,00 secs] 
21,450: [GC (Allocation Failure) [PSYoungGen: 102496K->96K(123392K)] 104264K->1864K(298496K), 0,0005701 secs] [Times: user=0,00 sys=0,00, real=0,00 secs] 
21,504: [GC (Allocation Failure) [PSYoungGen: 122976K->64K(147968K)] 124744K->1832K(323072K), 0,0006922 secs] [Times: user=0,00 sys=0,00, real=0,01 secs] 
21,569: [GC (Allocation Failure) [PSYoungGen: 147520K->64K(143360K)] 149288K->1832K(318464K), 0,0005046 secs] [Times: user=0,00 sys=0,00, real=0,00 secs] 
21,632: [GC (Allocation Failure) [PSYoungGen: 142912K->96K(138752K)] 144680K->1864K(313856K), 0,0004886 secs] [Times: user=0,00 sys=0,00, real=0,00 secs] 
21,693: [GC (Allocation Failure) [PSYoungGen: 138336K->96K(134144K)] 140104K->1864K(309248K), 0,0004936 secs] [Times: user=0,00 sys=0,00, real=0,00 secs] 
21,751: [GC (Allocation Failure) [PSYoungGen: 133728K->96K(130048K)] 135496K->1864K(305152K), 0,0005166 secs] [Times: user=0,00 sys=0,00, real=0,00 secs] 
21,808: [GC (Allocation Failure) [PSYoungGen: 129632K->96K(125952K)] 131400K->1864K(301056K), 0,0004959 secs] [Times: user=0,01 sys=0,00, real=0,00 secs] 
21,864: [GC (Allocation Failure) [PSYoungGen: 125535K->32K(121856K)] 127304K->1800K(296960K), 0,0004574 secs] [Times: user=0,00 sys=0,00, real=0,00 secs] 
21,917: [GC (Allocation Failure) [PSYoungGen: 121376K->96K(118272K)] 123144K->1864K(293376K), 0,0004807 secs] [Times: user=0,01 sys=0,00, real=0,00 secs] 
21,969: [GC (Allocation Failure) [PSYoungGen: 117856K->96K(114688K)] 119624K->1864K(289792K), 0,0004758 secs] [Times: user=0,00 sys=0,00, real=0,00 secs] 
22,019: [GC (Allocation Failure) [PSYoungGen: 114272K->96K(111104K)] 116040K->1864K(286208K), 0,0005016 secs] [Times: user=0,00 sys=0,00, real=0,00 secs] 
22,067: [GC (Allocation Failure) [PSYoungGen: 110688K->96K(108032K)] 112456K->1864K(283136K), 0,0004981 secs] [Times: user=0,00 sys=0,00, real=0,00 secs] 
22,115: [GC (Allocation Failure) [PSYoungGen: 107616K->96K(104960K)] 109384K->1864K(280064K), 0,0005121 secs] [Times: user=0,00 sys=0,00, real=0,00 secs] 
22,161: [GC (Allocation Failure) [PSYoungGen: 104544K->96K(101888K)] 106312K->1864K(276992K), 0,0005455 secs] [Times: user=0,00 sys=0,00, real=0,00 secs] 
22,206: [GC (Allocation Failure) [PSYoungGen: 101472K->96K(98816K)] 103240K->1864K(273920K), 0,0005078 secs] [Times: user=0,00 sys=0,00, real=0,00 secs] 
22,249: [GC (Allocation Failure) [PSYoungGen: 98400K->96K(118784K)] 100168K->1864K(293888K), 0,0005207 secs] [Times: user=0,00 sys=0,00, real=0,00 secs] 
22,301: [GC (Allocation Failure) [PSYoungGen: 118368K->64K(115200K)] 120136K->1832K(290304K), 0,0005542 secs] [Times: user=0,00 sys=0,00, real=0,00 secs] 
22,351: [GC (Allocation Failure) [PSYoungGen: 114752K->96K(111616K)] 116520K->1864K(286720K), 0,0004925 secs] [Times: user=0,00 sys=0,00, real=0,00 secs] 
22,400: [GC (Allocation Failure) [PSYoungGen: 111200K->96K(108544K)] 112968K->1864K(283648K), 0,0004861 secs] [Times: user=0,00 sys=0,00, real=0,00 secs] 
22,447: [GC (Allocation Failure) [PSYoungGen: 108128K->96K(105472K)] 109896K->1864K(280576K), 0,0004709 secs] [Times: user=0,00 sys=0,00, real=0,00 secs] 
22,493: [GC (Allocation Failure) [PSYoungGen: 105056K->96K(102400K)] 106824K->1864K(277504K), 0,0004936 secs] [Times: user=0,00 sys=0,00, real=0,00 secs] 
22,538: [GC (Allocation Failure) [PSYoungGen: 101984K->96K(99328K)] 103752K->1864K(274432K), 0,0004906 secs] [Times: user=0,00 sys=0,00, real=0,00 secs] 
22,581: [GC (Allocation Failure) [PSYoungGen: 98912K->96K(119296K)] 100680K->1864K(294400K), 0,0005479 secs] [Times: user=0,01 sys=0,00, real=0,00 secs] 
22,634: [GC (Allocation Failure) [PSYoungGen: 118880K->64K(115712K)] 120648K->1832K(290816K), 0,0004852 secs] [Times: user=0,00 sys=0,00, real=0,01 secs] 
22,684: [GC (Allocation Failure) [PSYoungGen: 115264K->96K(112128K)] 117032K->1864K(287232K), 0,0004930 secs] [Times: user=0,00 sys=0,00, real=0,00 secs] 
22,733: [GC (Allocation Failure) [PSYoungGen: 111712K->96K(109056K)] 113480K->1864K(284160K), 0,0004885 secs] [Times: user=0,00 sys=0,00, real=0,00 secs] 
22,781: [GC (Allocation Failure) [PSYoungGen: 108640K->96K(105984K)] 110408K->1864K(281088K), 0,0005281 secs] [Times: user=0,00 sys=0,00, real=0,00 secs] 
22,827: [GC (Allocation Failure) [PSYoungGen: 105568K->96K(102912K)] 107336K->1864K(278016K), 0,0004906 secs] [Times: user=0,00 sys=0,00, real=0,00 secs] 
22,872: [GC (Allocation Failure) [PSYoungGen: 102496K->96K(99840K)] 104264K->1864K(274944K), 0,0004858 secs] [Times: user=0,00 sys=0,00, real=0,00 secs] 
22,916: [GC (Allocation Failure) [PSYoungGen: 99424K->96K(97280K)] 101192K->1864K(272384K), 0,0004799 secs] [Times: user=0,00 sys=0,00, real=0,00 secs] 
22,959: [GC (Allocation Failure) [PSYoungGen: 96864K->96K(94720K)] 98632K->1864K(269824K), 0,0004706 secs] [Times: user=0,00 sys=0,00, real=0,00 secs] 
23,000: [GC (Allocation Failure) [PSYoungGen: 94304K->96K(113664K)] 96072K->1864K(288768K), 0,0004715 secs] [Times: user=0,00 sys=0,00, real=0,00 secs] 
23,050: [GC (Allocation Failure) [PSYoungGen: 113248K->64K(110592K)] 115016K->1832K(285696K), 0,0004812 secs] [Times: user=0,00 sys=0,00, real=0,00 secs] 
23,098: [GC (Allocation Failure) [PSYoungGen: 110144K->64K(107520K)] 111912K->1832K(282624K), 0,0004777 secs] [Times: user=0,00 sys=0,00, real=0,00 secs] 
23,145: [GC (Allocation Failure) [PSYoungGen: 107072K->96K(104448K)] 108840K->1864K(279552K), 0,0005173 secs] [Times: user=0,00 sys=0,00, real=0,00 secs] 
23,191: [GC (Allocation Failure) [PSYoungGen: 104032K->32K(125440K)] 105800K->1800K(300544K), 0,0006040 secs] [Times: user=0,00 sys=0,00, real=0,00 secs] 
23,246: [GC (Allocation Failure) [PSYoungGen: 124960K->96K(121344K)] 126728K->1864K(296448K), 0,0005128 secs] [Times: user=0,00 sys=0,00, real=0,00 secs] 
23,299: [GC (Allocation Failure) [PSYoungGen: 120928K->96K(117760K)] 122696K->1864K(292864K), 0,0004761 secs] [Times: user=0,00 sys=0,00, real=0,00 secs] 
23,351: [GC (Allocation Failure) [PSYoungGen: 117344K->32K(114176K)] 119112K->1800K(289280K), 0,0005320 secs] [Times: user=0,00 sys=0,00, real=0,00 secs] 
23,400: [GC (Allocation Failure) [PSYoungGen: 113696K->64K(110592K)] 115464K->1832K(285696K), 0,0004933 secs] [Times: user=0,00 sys=0,00, real=0,00 secs] 
23,448: [GC (Allocation Failure) [PSYoungGen: 110144K->64K(107520K)] 111912K->1832K(282624K), 0,0004924 secs] [Times: user=0,00 sys=0,00, real=0,00 secs] 
23,495: [GC (Allocation Failure) [PSYoungGen: 107072K->96K(104448K)] 108840K->1864K(279552K), 0,0005049 secs] [Times: user=0,00 sys=0,00, real=0,00 secs] 
23,541: [GC (Allocation Failure) [PSYoungGen: 104032K->96K(101376K)] 105800K->1864K(276480K), 0,0005690 secs] [Times: user=0,00 sys=0,00, real=0,00 secs] 
23,586: [GC (Allocation Failure) [PSYoungGen: 100960K->96K(98816K)] 102728K->1864K(273920K), 0,0004771 secs] [Times: user=0,00 sys=0,00, real=0,00 secs] 
23,629: [GC (Allocation Failure) [PSYoungGen: 98400K->96K(96256K)] 100168K->1864K(271360K), 0,0004687 secs] [Times: user=0,00 sys=0,00, real=0,00 secs] 
23,671: [GC (Allocation Failure) [PSYoungGen: 95840K->64K(115712K)] 97608K->1832K(290816K), 0,0004962 secs] [Times: user=0,01 sys=0,00, real=0,00 secs] 
23,722: [GC (Allocation Failure) [PSYoungGen: 115264K->96K(138752K)] 117032K->1864K(313856K), 0,0005367 secs] [Times: user=0,00 sys=0,00, real=0,00 secs] 
23,783: [GC (Allocation Failure) [PSYoungGen: 138336K->96K(134144K)] 140104K->1864K(309248K), 0,0005219 secs] [Times: user=0,00 sys=0,00, real=0,00 secs] 
23,841: [GC (Allocation Failure) [PSYoungGen: 133728K->96K(130048K)] 135496K->1864K(305152K), 0,0005034 secs] [Times: user=0,00 sys=0,00, real=0,00 secs] 
23,898: [GC (Allocation Failure) [PSYoungGen: 129632K->96K(125952K)] 131400K->1864K(301056K), 0,0004880 secs] [Times: user=0,00 sys=0,00, real=0,00 secs] 
23,953: [GC (Allocation Failure) [PSYoungGen: 125536K->96K(121856K)] 127304K->1864K(296960K), 0,0004730 secs] [Times: user=0,00 sys=0,00, real=0,00 secs] 
24,006: [GC (Allocation Failure) [PSYoungGen: 121439K->64K(118272K)] 123208K->1832K(293376K), 0,0005449 secs] [Times: user=0,00 sys=0,00, real=0,00 secs] 
24,058: [GC (Allocation Failure) [PSYoungGen: 117824K->96K(114688K)] 119592K->1864K(289792K), 0,0004902 secs] [Times: user=0,01 sys=0,00, real=0,00 secs] 
24,108: [GC (Allocation Failure) [PSYoungGen: 114272K->96K(111104K)] 116040K->1864K(286208K), 0,0004850 secs] [Times: user=0,01 sys=0,00, real=0,00 secs] 
24,157: [GC (Allocation Failure) [PSYoungGen: 110688K->96K(108032K)] 112456K->1864K(283136K), 0,0004976 secs] [Times: user=0,01 sys=0,00, real=0,00 secs] 
24,204: [GC (Allocation Failure) [PSYoungGen: 107616K->96K(104960K)] 109384K->1864K(280064K), 0,0004621 secs] [Times: user=0,00 sys=0,00, real=0,01 secs] 
24,251: [GC (Allocation Failure) [PSYoungGen: 104544K->64K(101888K)] 106312K->1832K(276992K), 0,0005468 secs] [Times: user=0,00 sys=0,00, real=0,00 secs] 
24,295: [GC (Allocation Failure) [PSYoungGen: 101440K->96K(98816K)] 103208K->1864K(273920K), 0,0005197 secs] [Times: user=0,00 sys=0,00, real=0,00 secs] 
24,339: [GC (Allocation Failure) [PSYoungGen: 98400K->96K(96256K)] 100168K->1864K(271360K), 0,0004659 secs] [Times: user=0,00 sys=0,00, real=0,00 secs] 
24,381: [GC (Allocation Failure) [PSYoungGen: 95840K->96K(93696K)] 97608K->1864K(268800K), 0,0004646 secs] [Times: user=0,00 sys=0,00, real=0,00 secs] 
24,421: [GC (Allocation Failure) [PSYoungGen: 93280K->96K(112640K)] 95048K->1864K(287744K), 0,0004792 secs] [Times: user=0,00 sys=0,00, real=0,00 secs] 
24,471: [GC (Allocation Failure) [PSYoungGen: 112224K->64K(109568K)] 113992K->1832K(284672K), 0,0004688 secs] [Times: user=0,00 sys=0,00, real=0,00 secs] 
24,519: [GC (Allocation Failure) [PSYoungGen: 109120K->96K(106496K)] 110888K->1864K(281600K), 0,0004888 secs] [Times: user=0,00 sys=0,00, real=0,00 secs] 
24,566: [GC (Allocation Failure) [PSYoungGen: 106080K->64K(103424K)] 107848K->1832K(278528K), 0,0005494 secs] [Times: user=0,00 sys=0,00, real=0,00 secs] 
24,618: [GC (Allocation Failure) [PSYoungGen: 102976K->64K(100352K)] 104744K->1832K(275456K), 0,0005111 secs] [Times: user=0,00 sys=0,00, real=0,00 secs] 
24,667: [GC (Allocation Failure) [PSYoungGen: 99904K->96K(97792K)] 101672K->1864K(272896K), 0,0004960 secs] [Times: user=0,00 sys=0,00, real=0,00 secs] 
24,712: [GC (Allocation Failure) [PSYoungGen: 97376K->96K(95232K)] 99144K->1864K(270336K), 0,0005018 secs] [Times: user=0,00 sys=0,00, real=0,00 secs] 
24,756: [GC (Allocation Failure) [PSYoungGen: 94816K->96K(92672K)] 96584K->1864K(267776K), 0,0005127 secs] [Times: user=0,00 sys=0,00, real=0,00 secs] 
24,796: [GC (Allocation Failure) [PSYoungGen: 92256K->96K(111104K)] 94024K->1864K(286208K), 0,0005256 secs] [Times: user=0,00 sys=0,00, real=0,00 secs] 
24,845: [GC (Allocation Failure) [PSYoungGen: 110688K->96K(133632K)] 112456K->1864K(308736K), 0,0005564 secs] [Times: user=0,00 sys=0,00, real=0,00 secs] 
24,904: [GC (Allocation Failure) [PSYoungGen: 133216K->64K(129536K)] 134984K->1832K(304640K), 0,0005050 secs] [Times: user=0,00 sys=0,00, real=0,00 secs] 
24,960: [GC (Allocation Failure) [PSYoungGen: 129088K->32K(125440K)] 130856K->1800K(300544K), 0,0005292 secs] [Times: user=0,00 sys=0,00, real=0,00 secs] 
25,015: [GC (Allocation Failure) [PSYoungGen: 124960K->96K(121344K)] 126728K->1864K(296448K), 0,0004875 secs] [Times: user=0,00 sys=0,00, real=0,00 secs] 
25,068: [GC (Allocation Failure) [PSYoungGen: 120928K->96K(117760K)] 122696K->1864K(292864K), 0,0004758 secs] [Times: user=0,00 sys=0,00, real=0,00 secs] 
25,120: [GC (Allocation Failure) [PSYoungGen: 117344K->96K(114176K)] 119112K->1864K(289280K), 0,0005032 secs] [Times: user=0,01 sys=0,00, real=0,00 secs] 
25,169: [GC (Allocation Failure) [PSYoungGen: 113760K->96K(110592K)] 115528K->1864K(285696K), 0,0005073 secs] [Times: user=0,01 sys=0,00, real=0,00 secs] 
25,218: [GC (Allocation Failure) [PSYoungGen: 110176K->64K(132608K)] 111944K->1832K(307712K), 0,0010120 secs] [Times: user=0,01 sys=0,00, real=0,00 secs] 
25,277: [GC (Allocation Failure) [PSYoungGen: 132160K->96K(159232K)] 133928K->1864K(334336K), 0,0005520 secs] [Times: user=0,00 sys=0,00, real=0,00 secs] 
25,346: [GC (Allocation Failure) [PSYoungGen: 158816K->64K(154112K)] 160584K->1832K(329216K), 0,0005058 secs] [Times: user=0,00 sys=0,00, real=0,00 secs] 
25,413: [GC (Allocation Failure) [PSYoungGen: 153664K->96K(148992K)] 155432K->1864K(324096K), 0,0006486 secs] [Times: user=0,00 sys=0,00, real=0,00 secs] 
25,479: [GC (Allocation Failure) [PSYoungGen: 148576K->64K(143872K)] 150344K->1832K(318976K), 0,0005332 secs] [Times: user=0,00 sys=0,00, real=0,00 secs] 
25,541: [GC (Allocation Failure) [PSYoungGen: 143424K->64K(139264K)] 145192K->1832K(314368K), 0,0007360 secs] [Times: user=0,00 sys=0,00, real=0,00 secs] 
25,603: [GC (Allocation Failure) [PSYoungGen: 138816K->96K(134656K)] 140584K->1864K(309760K), 0,0005138 secs] [Times: user=0,00 sys=0,00, real=0,00 secs] 
25,662: [GC (Allocation Failure) [PSYoungGen: 134240K->96K(130560K)] 136008K->1864K(305664K), 0,0005401 secs] [Times: user=0,00 sys=0,00, real=0,00 secs] 
25,719: [GC (Allocation Failure) [PSYoungGen: 130144K->96K(126464K)] 131912K->1864K(301568K), 0,0005426 secs] [Times: user=0,00 sys=0,00, real=0,00 secs] 
25,774: [GC (Allocation Failure) [PSYoungGen: 126048K->64K(152064K)] 127816K->1832K(327168K), 0,0015408 secs] [Times: user=0,01 sys=0,00, real=0,01 secs] 
25,864: [GC (Allocation Failure) [PSYoungGen: 151616K->96K(182784K)] 153384K->1864K(357888K), 0,0008224 secs] [Times: user=0,00 sys=0,00, real=0,01 secs] 
25,944: [GC (Allocation Failure) [PSYoungGen: 182367K->96K(176128K)] 184136K->1864K(351232K), 0,0005147 secs] [Times: user=0,00 sys=0,00, real=0,01 secs] 
26,021: [GC (Allocation Failure) [PSYoungGen: 175712K->64K(169984K)] 177480K->1832K(345088K), 0,0005343 secs] [Times: user=0,00 sys=0,00, real=0,00 secs] 
26,095: [GC (Allocation Failure) [PSYoungGen: 169536K->96K(164352K)] 171304K->1864K(339456K), 0,0004927 secs] [Times: user=0,00 sys=0,00, real=0,00 secs] 
26,166: [GC (Allocation Failure) [PSYoungGen: 163936K->96K(158720K)] 165704K->1864K(333824K), 0,0005063 secs] [Times: user=0,00 sys=0,00, real=0,00 secs] 
26,236: [GC (Allocation Failure) [PSYoungGen: 158304K->96K(153600K)] 160072K->1864K(328704K), 0,0005382 secs] [Times: user=0,00 sys=0,00, real=0,00 secs] 
26,303: [GC (Allocation Failure) [PSYoungGen: 153184K->96K(148480K)] 154952K->1864K(323584K), 0,0005538 secs] [Times: user=0,01 sys=0,00, real=0,00 secs] 
26,368: [GC (Allocation Failure) [PSYoungGen: 148064K->96K(143360K)] 149832K->1864K(318464K), 0,0005109 secs] [Times: user=0,00 sys=0,00, real=0,00 secs] 
26,431: [GC (Allocation Failure) [PSYoungGen: 142944K->96K(138752K)] 144712K->1864K(313856K), 0,0005479 secs] [Times: user=0,00 sys=0,00, real=0,00 secs] 
26,492: [GC (Allocation Failure) [PSYoungGen: 138336K->96K(134144K)] 140104K->1864K(309248K), 0,0005091 secs] [Times: user=0,00 sys=0,00, real=0,00 secs] 
26,550: [GC (Allocation Failure) [PSYoungGen: 133728K->96K(130048K)] 135496K->1864K(305152K), 0,0004970 secs] [Times: user=0,00 sys=0,00, real=0,00 secs] 
26,607: [GC (Allocation Failure) [PSYoungGen: 129632K->96K(125952K)] 131400K->1864K(301056K), 0,0004965 secs] [Times: user=0,00 sys=0,00, real=0,00 secs] 
26,662: [GC (Allocation Failure) [PSYoungGen: 125536K->32K(121856K)] 127304K->1800K(296960K), 0,0006791 secs] [Times: user=0,00 sys=0,00, real=0,00 secs] 
26,716: [GC (Allocation Failure) [PSYoungGen: 121376K->96K(118272K)] 123144K->1864K(293376K), 0,0005081 secs] [Times: user=0,00 sys=0,00, real=0,00 secs] 
26,768: [GC (Allocation Failure) [PSYoungGen: 117856K->96K(114688K)] 119624K->1864K(289792K), 0,0005028 secs] [Times: user=0,00 sys=0,00, real=0,00 secs] 
26,818: [GC (Allocation Failure) [PSYoungGen: 114272K->96K(111104K)] 116040K->1864K(286208K), 0,0004992 secs] [Times: user=0,00 sys=0,00, real=0,00 secs] 
26,867: [GC (Allocation Failure) [PSYoungGen: 110688K->96K(108032K)] 112456K->1864K(283136K), 0,0004962 secs] [Times: user=0,00 sys=0,00, real=0,00 secs] 
26,914: [GC (Allocation Failure) [PSYoungGen: 107616K->96K(104960K)] 109384K->1864K(280064K), 0,0005006 secs] [Times: user=0,00 sys=0,00, real=0,00 secs] 
26,960: [GC (Allocation Failure) [PSYoungGen: 104544K->96K(101888K)] 106312K->1864K(276992K), 0,0004958 secs] [Times: user=0,00 sys=0,00, real=0,00 secs] 
27,005: [GC (Allocation Failure) [PSYoungGen: 101472K->96K(98816K)] 103240K->1864K(273920K), 0,0005730 secs] [Times: user=0,00 sys=0,00, real=0,00 secs] 
27,048: [GC (Allocation Failure) [PSYoungGen: 98400K->96K(118784K)] 100168K->1864K(293888K), 0,0005000 secs] [Times: user=0,00 sys=0,00, real=0,00 secs] 
27,100: [GC (Allocation Failure) [PSYoungGen: 118368K->96K(115200K)] 120136K->1864K(290304K), 0,0004845 secs] [Times: user=0,00 sys=0,00, real=0,00 secs] 
27,150: [GC (Allocation Failure) [PSYoungGen: 114784K->96K(111616K)] 116552K->1864K(286720K), 0,0005024 secs] [Times: user=0,00 sys=0,00, real=0,00 secs] 
27,199: [GC (Allocation Failure) [PSYoungGen: 111200K->96K(108544K)] 112968K->1864K(283648K), 0,0005087 secs] [Times: user=0,00 sys=0,01, real=0,00 secs] 
27,247: [GC (Allocation Failure) [PSYoungGen: 108128K->64K(105472K)] 109896K->1832K(280576K), 0,0005303 secs] [Times: user=0,00 sys=0,00, real=0,00 secs] 
27,293: [GC (Allocation Failure) [PSYoungGen: 105024K->96K(102400K)] 106792K->1864K(277504K), 0,0004967 secs] [Times: user=0,00 sys=0,00, real=0,00 secs] 
27,338: [GC (Allocation Failure) [PSYoungGen: 101984K->96K(99328K)] 103752K->1864K(274432K), 0,0004806 secs] [Times: user=0,00 sys=0,00, real=0,00 secs] 
27,382: [GC (Allocation Failure) [PSYoungGen: 98912K->96K(119296K)] 100680K->1864K(294400K), 0,0005324 secs] [Times: user=0,00 sys=0,00, real=0,00 secs] 
27,434: [GC (Allocation Failure) [PSYoungGen: 118880K->96K(115712K)] 120648K->1864K(290816K), 0,0005105 secs] [Times: user=0,00 sys=0,00, real=0,01 secs] 
27,485: [GC (Allocation Failure) [PSYoungGen: 115296K->64K(112128K)] 117064K->1832K(287232K), 0,0005343 secs] [Times: user=0,00 sys=0,00, real=0,00 secs] 
27,533: [GC (Allocation Failure) [PSYoungGen: 111680K->64K(109056K)] 113448K->1832K(284160K), 0,0005150 secs] [Times: user=0,00 sys=0,00, real=0,00 secs] 
27,581: [GC (Allocation Failure) [PSYoungGen: 108608K->96K(131072K)] 110376K->1864K(306176K), 0,0005655 secs] [Times: user=0,00 sys=0,00, real=0,00 secs] 
27,639: [GC (Allocation Failure) [PSYoungGen: 130656K->64K(157184K)] 132424K->1832K(332288K), 0,0009798 secs] [Times: user=0,00 sys=0,00, real=0,00 secs] 
27,714: [GC (Allocation Failure) [PSYoungGen: 156736K->96K(188928K)] 158504K->1864K(364032K), 0,0005030 secs] [Times: user=0,00 sys=0,00, real=0,00 secs] 
27,797: [GC (Allocation Failure) [PSYoungGen: 188512K->64K(182272K)] 190280K->1832K(357376K), 0,0005526 secs] [Times: user=0,00 sys=0,00, real=0,00 secs] 
27,877: [GC (Allocation Failure) [PSYoungGen: 181824K->96K(175616K)] 183592K->1864K(350720K), 0,0005339 secs] [Times: user=0,00 sys=0,00, real=0,00 secs] 
27,953: [GC (Allocation Failure) [PSYoungGen: 175200K->96K(169472K)] 176968K->1864K(344576K), 0,0005004 secs] [Times: user=0,00 sys=0,00, real=0,00 secs] 
28,027: [GC (Allocation Failure) [PSYoungGen: 169056K->96K(163840K)] 170824K->1864K(338944K), 0,0005442 secs] [Times: user=0,00 sys=0,00, real=0,00 secs] 
28,099: [GC (Allocation Failure) [PSYoungGen: 163424K->96K(158208K)] 165192K->1864K(333312K), 0,0005014 secs] [Times: user=0,00 sys=0,00, real=0,00 secs] 
28,168: [GC (Allocation Failure) [PSYoungGen: 157792K->96K(153088K)] 159560K->1864K(328192K), 0,0005587 secs] [Times: user=0,00 sys=0,00, real=0,00 secs] 
28,235: [GC (Allocation Failure) [PSYoungGen: 152672K->96K(147968K)] 154440K->1864K(323072K), 0,0004930 secs] [Times: user=0,00 sys=0,00, real=0,00 secs] 
28,300: [GC (Allocation Failure) [PSYoungGen: 147552K->64K(143360K)] 149320K->1832K(318464K), 0,0005564 secs] [Times: user=0,00 sys=0,00, real=0,00 secs] 
28,362: [GC (Allocation Failure) [PSYoungGen: 142912K->64K(138752K)] 144680K->1832K(313856K), 0,0005002 secs] [Times: user=0,00 sys=0,00, real=0,00 secs] 
28,423: [GC (Allocation Failure) [PSYoungGen: 138304K->96K(134144K)] 140072K->1864K(309248K), 0,0005102 secs] [Times: user=0,00 sys=0,00, real=0,00 secs] 
28,482: [GC (Allocation Failure) [PSYoungGen: 133728K->96K(130048K)] 135496K->1864K(305152K), 0,0005135 secs] [Times: user=0,00 sys=0,00, real=0,00 secs] 
28,539: [GC (Allocation Failure) [PSYoungGen: 129632K->96K(125952K)] 131400K->1864K(301056K), 0,0004892 secs] [Times: user=0,00 sys=0,00, real=0,00 secs] 
28,594: [GC (Allocation Failure) [PSYoungGen: 125536K->64K(121856K)] 127304K->1832K(296960K), 0,0008255 secs] [Times: user=0,00 sys=0,00, real=0,00 secs] 
28,651: [GC (Allocation Failure) [PSYoungGen: 121408K->96K(118272K)] 123176K->1864K(293376K), 0,0005145 secs] [Times: user=0,00 sys=0,00, real=0,00 secs] 
28,703: [GC (Allocation Failure) [PSYoungGen: 117856K->96K(114688K)] 119624K->1864K(289792K), 0,0004877 secs] [Times: user=0,00 sys=0,00, real=0,00 secs] 
28,754: [GC (Allocation Failure) [PSYoungGen: 114272K->96K(111104K)] 116040K->1864K(286208K), 0,0005168 secs] [Times: user=0,01 sys=0,00, real=0,00 secs] 
28,803: [GC (Allocation Failure) [PSYoungGen: 110688K->96K(108032K)] 112456K->1864K(283136K), 0,0004791 secs] [Times: user=0,00 sys=0,00, real=0,00 secs] 
28,851: [GC (Allocation Failure) [PSYoungGen: 107616K->96K(104960K)] 109384K->1864K(280064K), 0,0005036 secs] [Times: user=0,00 sys=0,00, real=0,00 secs] 
28,897: [GC (Allocation Failure) [PSYoungGen: 104544K->64K(101888K)] 106312K->1832K(276992K), 0,0005004 secs] [Times: user=0,00 sys=0,00, real=0,00 secs] 
28,941: [GC (Allocation Failure) [PSYoungGen: 101440K->64K(98816K)] 103208K->1832K(273920K), 0,0004850 secs] [Times: user=0,00 sys=0,00, real=0,00 secs] 
28,985: [GC (Allocation Failure) [PSYoungGen: 98368K->96K(96256K)] 100136K->1864K(271360K), 0,0004945 secs] [Times: user=0,00 sys=0,00, real=0,00 secs] 
29,027: [GC (Allocation Failure) [PSYoungGen: 95840K->96K(115712K)] 97608K->1872K(290816K), 0,0005438 secs] [Times: user=0,00 sys=0,00, real=0,00 secs] 
29,078: [GC (Allocation Failure) [PSYoungGen: 115296K->96K(112128K)] 117072K->1872K(287232K), 0,0005142 secs] [Times: user=0,00 sys=0,00, real=0,00 secs] 
29,127: [GC (Allocation Failure) [PSYoungGen: 111712K->96K(109056K)] 113488K->1872K(284160K), 0,0004956 secs] [Times: user=0,00 sys=0,00, real=0,00 secs] 
29,175: [GC (Allocation Failure) [PSYoungGen: 108640K->96K(105984K)] 110416K->1872K(281088K), 0,0005085 secs] [Times: user=0,00 sys=0,00, real=0,00 secs] 
29,221: [GC (Allocation Failure) [PSYoungGen: 105568K->64K(102912K)] 107344K->1840K(278016K), 0,0004639 secs] [Times: user=0,00 sys=0,00, real=0,00 secs] 
29,267: [GC (Allocation Failure) [PSYoungGen: 102464K->96K(99840K)] 104240K->1872K(274944K), 0,0005190 secs] [Times: user=0,00 sys=0,00, real=0,00 secs] 
29,310: [GC (Allocation Failure) [PSYoungGen: 99424K->64K(119808K)] 101200K->1840K(294912K), 0,0005206 secs] [Times: user=0,00 sys=0,00, real=0,00 secs] 
29,363: [GC (Allocation Failure) [PSYoungGen: 119360K->96K(143872K)] 121136K->1872K(318976K), 0,0005819 secs] [Times: user=0,00 sys=0,00, real=0,00 secs] 
29,426: [GC (Allocation Failure) [PSYoungGen: 143456K->64K(139264K)] 145232K->1840K(314368K), 0,0005219 secs] [Times: user=0,00 sys=0,00, real=0,00 secs] 
29,486: [GC (Allocation Failure) [PSYoungGen: 138816K->96K(134656K)] 140592K->1872K(309760K), 0,0004934 secs] [Times: user=0,00 sys=0,00, real=0,00 secs] 
29,545: [GC (Allocation Failure) [PSYoungGen: 134240K->96K(130560K)] 136016K->1872K(305664K), 0,0005126 secs] [Times: user=0,00 sys=0,00, real=0,00 secs] 
29,602: [GC (Allocation Failure) [PSYoungGen: 130144K->96K(126464K)] 131920K->1872K(301568K), 0,0004949 secs] [Times: user=0,00 sys=0,00, real=0,00 secs] 
29,658: [GC (Allocation Failure) [PSYoungGen: 126048K->96K(122368K)] 127824K->1872K(297472K), 0,0004987 secs] [Times: user=0,00 sys=0,00, real=0,00 secs] 
29,711: [GC (Allocation Failure) [PSYoungGen: 121952K->96K(118784K)] 123728K->1872K(293888K), 0,0004920 secs] [Times: user=0,00 sys=0,00, real=0,00 secs] 
29,764: [GC (Allocation Failure) [PSYoungGen: 118368K->64K(115200K)] 120144K->1840K(290304K), 0,0004979 secs] [Times: user=0,00 sys=0,00, real=0,00 secs] 
29,814: [GC (Allocation Failure) [PSYoungGen: 114752K->96K(111616K)] 116528K->1872K(286720K), 0,0004923 secs] [Times: user=0,00 sys=0,00, real=0,01 secs] 
29,863: [GC (Allocation Failure) [PSYoungGen: 111200K->96K(108544K)] 112976K->1872K(283648K), 0,0004901 secs] [Times: user=0,00 sys=0,00, real=0,00 secs] 
29,910: [GC (Allocation Failure) [PSYoungGen: 108128K->96K(105472K)] 109904K->1872K(280576K), 0,0004933 secs] [Times: user=0,00 sys=0,00, real=0,00 secs] 
29,957: [GC (Allocation Failure) [PSYoungGen: 105056K->96K(102400K)] 106832K->1872K(277504K), 0,0004806 secs] [Times: user=0,00 sys=0,00, real=0,00 secs] 
30,001: [GC (Allocation Failure) [PSYoungGen: 101984K->96K(99328K)] 103760K->1872K(274432K), 0,0004709 secs] [Times: user=0,00 sys=0,00, real=0,00 secs] 
30,045: [GC (Allocation Failure) [PSYoungGen: 98912K->96K(96768K)] 100688K->1872K(271872K), 0,0005563 secs] [Times: user=0,00 sys=0,01, real=0,00 secs] 
30,088: [GC (Allocation Failure) [PSYoungGen: 96352K->96K(116224K)] 98128K->1872K(291328K), 0,0004781 secs] [Times: user=0,00 sys=0,00, real=0,00 secs] 
30,138: [GC (Allocation Failure) [PSYoungGen: 115808K->96K(112640K)] 117584K->1872K(287744K), 0,0004822 secs] [Times: user=0,00 sys=0,00, real=0,00 secs] 
30,188: [GC (Allocation Failure) [PSYoungGen: 112224K->96K(109568K)] 114000K->1872K(284672K), 0,0005086 secs] [Times: user=0,00 sys=0,00, real=0,00 secs] 
30,236: [GC (Allocation Failure) [PSYoungGen: 109152K->96K(106496K)] 110928K->1872K(281600K), 0,0005024 secs] [Times: user=0,00 sys=0,00, real=0,00 secs] 
30,283: [GC (Allocation Failure) [PSYoungGen: 106080K->64K(128000K)] 107856K->1840K(303104K), 0,0010362 secs] [Times: user=0,00 sys=0,00, real=0,00 secs] 
30,339: [GC (Allocation Failure) [PSYoungGen: 127552K->96K(153600K)] 129328K->1896K(328704K), 0,0005198 secs] [Times: user=0,01 sys=0,00, real=0,00 secs] 
30,406: [GC (Allocation Failure) [PSYoungGen: 153184K->96K(184320K)] 154984K->1896K(359424K), 0,0004934 secs] [Times: user=0,00 sys=0,00, real=0,00 secs] 
30,487: [GC (Allocation Failure) [PSYoungGen: 183904K->64K(177664K)] 185704K->1864K(352768K), 0,0005045 secs] [Times: user=0,00 sys=0,00, real=0,00 secs] 
30,564: [GC (Allocation Failure) [PSYoungGen: 177216K->96K(171520K)] 179016K->1896K(346624K), 0,0005655 secs] [Times: user=0,00 sys=0,00, real=0,00 secs] 
30,640: [GC (Allocation Failure) [PSYoungGen: 171104K->96K(165376K)] 172904K->1896K(340480K), 0,0004954 secs] [Times: user=0,00 sys=0,00, real=0,00 secs] 
30,712: [GC (Allocation Failure) [PSYoungGen: 164960K->96K(159744K)] 166760K->1896K(334848K), 0,0005351 secs] [Times: user=0,00 sys=0,00, real=0,00 secs] 
30,782: [GC (Allocation Failure) [PSYoungGen: 159328K->96K(154112K)] 161128K->1896K(329216K), 0,0005146 secs] [Times: user=0,00 sys=0,00, real=0,00 secs] 
30,849: [GC (Allocation Failure) [PSYoungGen: 153696K->96K(148992K)] 155496K->1896K(324096K), 0,0004967 secs] [Times: user=0,00 sys=0,00, real=0,00 secs] 
30,914: [GC (Allocation Failure) [PSYoungGen: 148576K->96K(143872K)] 150376K->1896K(318976K), 0,0005117 secs] [Times: user=0,00 sys=0,00, real=0,00 secs] 
30,977: [GC (Allocation Failure) [PSYoungGen: 143456K->64K(139264K)] 145256K->1864K(314368K), 0,0004914 secs] [Times: user=0,00 sys=0,00, real=0,00 secs] 
31,038: [GC (Allocation Failure) [PSYoungGen: 138816K->96K(134656K)] 140616K->1896K(309760K), 0,0006145 secs] [Times: user=0,00 sys=0,00, real=0,00 secs] 
31,097: [GC (Allocation Failure) [PSYoungGen: 134240K->96K(130560K)] 136040K->1896K(305664K), 0,0005242 secs] [Times: user=0,00 sys=0,00, real=0,00 secs] 
31,154: [GC (Allocation Failure) [PSYoungGen: 130144K->96K(126464K)] 131944K->1896K(301568K), 0,0005238 secs] [Times: user=0,01 sys=0,00, real=0,00 secs] 
31,210: [GC (Allocation Failure) [PSYoungGen: 126048K->96K(122368K)] 127848K->1896K(297472K), 0,0005145 secs] [Times: user=0,00 sys=0,00, real=0,00 secs] 
31,263: [GC (Allocation Failure) [PSYoungGen: 121952K->96K(118784K)] 123752K->1896K(293888K), 0,0005386 secs] [Times: user=0,01 sys=0,00, real=0,00 secs] 
31,315: [GC (Allocation Failure) [PSYoungGen: 118368K->96K(115200K)] 120168K->1896K(290304K), 0,0004542 secs] [Times: user=0,00 sys=0,00, real=0,00 secs] 
31,366: [GC (Allocation Failure) [PSYoungGen: 114784K->96K(111616K)] 116584K->1896K(286720K), 0,0004931 secs] [Times: user=0,00 sys=0,00, real=0,00 secs] 
31,415: [GC (Allocation Failure) [PSYoungGen: 111200K->96K(108544K)] 113000K->1896K(283648K), 0,0004787 secs] [Times: user=0,00 sys=0,00, real=0,00 secs] 
31,462: [GC (Allocation Failure) [PSYoungGen: 108128K->64K(105472K)] 109928K->1864K(280576K), 0,0005675 secs] [Times: user=0,01 sys=0,00, real=0,00 secs] 
31,508: [GC (Allocation Failure) [PSYoungGen: 105024K->64K(102400K)] 106824K->1864K(277504K), 0,0004861 secs] [Times: user=0,00 sys=0,00, real=0,00 secs] 
31,554: [GC (Allocation Failure) [PSYoungGen: 101952K->64K(99328K)] 103752K->1864K(274432K), 0,0004882 secs] [Times: user=0,00 sys=0,00, real=0,00 secs] 
31,597: [GC (Allocation Failure) [PSYoungGen: 98880K->64K(96768K)] 100680K->1864K(271872K), 0,0004925 secs] [Times: user=0,00 sys=0,00, real=0,00 secs] 
31,640: [GC (Allocation Failure) [PSYoungGen: 96320K->96K(94208K)] 98120K->1896K(269312K), 0,0005090 secs] [Times: user=0,01 sys=0,00, real=0,00 secs] 
31,681: [GC (Allocation Failure) [PSYoungGen: 93792K->64K(113152K)] 95592K->1864K(288256K), 0,0004784 secs] [Times: user=0,00 sys=0,00, real=0,00 secs] 
31,731: [GC (Allocation Failure) [PSYoungGen: 112704K->64K(135680K)] 114504K->1864K(310784K), 0,0010962 secs] [Times: user=0,00 sys=0,00, real=0,00 secs] 
31,791: [GC (Allocation Failure) [PSYoungGen: 135232K->96K(162816K)] 137032K->1896K(337920K), 0,0005119 secs] [Times: user=0,00 sys=0,00, real=0,00 secs] 
31,861: [GC (Allocation Failure) [PSYoungGen: 162400K->32K(195584K)] 164200K->1832K(370688K), 0,0004580 secs] [Times: user=0,00 sys=0,00, real=0,00 secs] 
31,946: [GC (Allocation Failure) [PSYoungGen: 195104K->96K(188416K)] 196904K->1896K(363520K), 0,0005304 secs] [Times: user=0,00 sys=0,00, real=0,00 secs] 
32,028: [GC (Allocation Failure) [PSYoungGen: 188000K->64K(181760K)] 189800K->1864K(356864K), 0,0005835 secs] [Times: user=0,00 sys=0,00, real=0,00 secs] 
32,107: [GC (Allocation Failure) [PSYoungGen: 181312K->96K(175616K)] 183112K->1896K(350720K), 0,0004874 secs] [Times: user=0,00 sys=0,00, real=0,00 secs] 
32,184: [GC (Allocation Failure) [PSYoungGen: 175200K->64K(169472K)] 177000K->1864K(344576K), 0,0004955 secs] [Times: user=0,00 sys=0,00, real=0,00 secs] 
32,259: [GC (Allocation Failure) [PSYoungGen: 169024K->96K(163840K)] 170824K->1896K(338944K), 0,0005182 secs] [Times: user=0,00 sys=0,00, real=0,00 secs] 
32,330: [GC (Allocation Failure) [PSYoungGen: 163424K->96K(158208K)] 165224K->1896K(333312K), 0,0005082 secs] [Times: user=0,00 sys=0,00, real=0,00 secs] 
32,399: [GC (Allocation Failure) [PSYoungGen: 157792K->96K(153088K)] 159592K->1896K(328192K), 0,0004814 secs] [Times: user=0,00 sys=0,00, real=0,00 secs] 
32,466: [GC (Allocation Failure) [PSYoungGen: 152672K->96K(147968K)] 154472K->1896K(323072K), 0,0005058 secs] [Times: user=0,00 sys=0,00, real=0,00 secs] 
32,530: [GC (Allocation Failure) [PSYoungGen: 147552K->64K(143360K)] 149352K->1864K(318464K), 0,0005648 secs] [Times: user=0,00 sys=0,00, real=0,00 secs] 
32,593: [GC (Allocation Failure) [PSYoungGen: 142912K->96K(138752K)] 144712K->1896K(313856K), 0,0005237 secs] [Times: user=0,00 sys=0,00, real=0,00 secs] 
32,654: [GC (Allocation Failure) [PSYoungGen: 138336K->96K(134144K)] 140136K->1896K(309248K), 0,0004992 secs] [Times: user=0,01 sys=0,00, real=0,01 secs] 
32,712: [GC (Allocation Failure) [PSYoungGen: 133728K->96K(130048K)] 135528K->1896K(305152K), 0,0005097 secs] [Times: user=0,00 sys=0,00, real=0,00 secs] 
32,770: [GC (Allocation Failure) [PSYoungGen: 129632K->96K(125952K)] 131432K->1896K(301056K), 0,0005049 secs] [Times: user=0,00 sys=0,00, real=0,00 secs] 
32,825: [GC (Allocation Failure) [PSYoungGen: 125536K->96K(121856K)] 127336K->1896K(296960K), 0,0004998 secs] [Times: user=0,00 sys=0,00, real=0,00 secs] 
32,878: [GC (Allocation Failure) [PSYoungGen: 121440K->96K(118272K)] 123240K->1896K(293376K), 0,0004922 secs] [Times: user=0,00 sys=0,00, real=0,00 secs] 
32,930: [GC (Allocation Failure) [PSYoungGen: 117856K->96K(114688K)] 119656K->1896K(289792K), 0,0004853 secs] [Times: user=0,00 sys=0,00, real=0,00 secs] 
32,980: [GC (Allocation Failure) [PSYoungGen: 114272K->64K(111104K)] 116072K->1864K(286208K), 0,0004857 secs] [Times: user=0,00 sys=0,00, real=0,00 secs] 
33,029: [GC (Allocation Failure) [PSYoungGen: 110656K->96K(108032K)] 112456K->1896K(283136K), 0,0004802 secs] [Times: user=0,00 sys=0,00, real=0,00 secs] 
33,076: [GC (Allocation Failure) [PSYoungGen: 107616K->96K(104960K)] 109416K->1896K(280064K), 0,0007078 secs] [Times: user=0,00 sys=0,00, real=0,00 secs] 
33,122: [GC (Allocation Failure) [PSYoungGen: 104544K->96K(101888K)] 106344K->1896K(276992K), 0,0004624 secs] [Times: user=0,00 sys=0,00, real=0,00 secs] 
33,167: [GC (Allocation Failure) [PSYoungGen: 101472K->32K(122368K)] 103272K->1832K(297472K), 0,0005767 secs] [Times: user=0,00 sys=0,00, real=0,00 secs] 
33,220: [GC (Allocation Failure) [PSYoungGen: 121888K->64K(118784K)] 123688K->1864K(293888K), 0,0005022 secs] [Times: user=0,00 sys=0,00, real=0,00 secs] 
33,273: [GC (Allocation Failure) [PSYoungGen: 118336K->96K(142848K)] 120136K->1896K(317952K), 0,0007340 secs] [Times: user=0,00 sys=0,00, real=0,00 secs] 
33,335: [GC (Allocation Failure) [PSYoungGen: 142432K->64K(138240K)] 144232K->1864K(313344K), 0,0004757 secs] [Times: user=0,00 sys=0,00, real=0,00 secs] 
33,396: [GC (Allocation Failure) [PSYoungGen: 137792K->32K(133632K)] 139592K->1832K(308736K), 0,0005015 secs] [Times: user=0,00 sys=0,00, real=0,00 secs] 
33,454: [GC (Allocation Failure) [PSYoungGen: 133152K->64K(129536K)] 134952K->1864K(304640K), 0,0005522 secs] [Times: user=0,00 sys=0,00, real=0,01 secs] 
33,511: [GC (Allocation Failure) [PSYoungGen: 129088K->96K(125440K)] 130888K->1896K(300544K), 0,0005422 secs] [Times: user=0,00 sys=0,00, real=0,00 secs] 
33,566: [GC (Allocation Failure) [PSYoungGen: 125024K->96K(121344K)] 126824K->1896K(296448K), 0,0005039 secs] [Times: user=0,01 sys=0,00, real=0,00 secs] 
33,619: [GC (Allocation Failure) [PSYoungGen: 120928K->96K(117760K)] 122728K->1896K(292864K), 0,0004810 secs] [Times: user=0,00 sys=0,00, real=0,00 secs] 
33,670: [GC (Allocation Failure) [PSYoungGen: 117344K->96K(114176K)] 119144K->1896K(289280K), 0,0004920 secs] [Times: user=0,00 sys=0,00, real=0,00 secs] 
33,720: [GC (Allocation Failure) [PSYoungGen: 113760K->96K(110592K)] 115560K->1896K(285696K), 0,0005001 secs] [Times: user=0,00 sys=0,00, real=0,00 secs] 
33,769: [GC (Allocation Failure) [PSYoungGen: 110176K->96K(107520K)] 111976K->1896K(282624K), 0,0005211 secs] [Times: user=0,00 sys=0,00, real=0,00 secs] 
33,816: [GC (Allocation Failure) [PSYoungGen: 107104K->64K(129024K)] 108904K->1864K(304128K), 0,0009699 secs] [Times: user=0,00 sys=0,00, real=0,00 secs] 
33,873: [GC (Allocation Failure) [PSYoungGen: 128576K->96K(155136K)] 130376K->1896K(330240K), 0,0004945 secs] [Times: user=0,01 sys=0,00, real=0,00 secs] 
33,941: [GC (Allocation Failure) [PSYoungGen: 154720K->96K(150016K)] 156520K->1896K(325120K), 0,0004996 secs] [Times: user=0,00 sys=0,00, real=0,00 secs] 
34,006: [GC (Allocation Failure) [PSYoungGen: 149600K->64K(144896K)] 151400K->1864K(320000K), 0,0004878 secs] [Times: user=0,00 sys=0,00, real=0,00 secs] 
34,070: [GC (Allocation Failure) [PSYoungGen: 144448K->64K(140288K)] 146248K->1864K(315392K), 0,0004851 secs] [Times: user=0,00 sys=0,00, real=0,00 secs] 
34,131: [GC (Allocation Failure) [PSYoungGen: 139840K->96K(135680K)] 141640K->1896K(310784K), 0,0004802 secs] [Times: user=0,01 sys=0,00, real=0,00 secs] 
34,190: [GC (Allocation Failure) [PSYoungGen: 135264K->96K(131584K)] 137064K->1896K(306688K), 0,0005025 secs] [Times: user=0,00 sys=0,00, real=0,00 secs] 
34,248: [GC (Allocation Failure) [PSYoungGen: 131168K->96K(127488K)] 132968K->1896K(302592K), 0,0004977 secs] [Times: user=0,00 sys=0,00, real=0,00 secs] 
34,304: [GC (Allocation Failure) [PSYoungGen: 127072K->64K(123392K)] 128872K->1864K(298496K), 0,0005088 secs] [Times: user=0,00 sys=0,00, real=0,00 secs] 
34,358: [GC (Allocation Failure) [PSYoungGen: 122944K->96K(119808K)] 124744K->1896K(294912K), 0,0005081 secs] [Times: user=0,00 sys=0,00, real=0,00 secs] 
34,411: [GC (Allocation Failure) [PSYoungGen: 119392K->96K(116224K)] 121192K->1896K(291328K), 0,0005015 secs] [Times: user=0,00 sys=0,00, real=0,00 secs] 
34,462: [GC (Allocation Failure) [PSYoungGen: 115807K->96K(112640K)] 117608K->1896K(287744K), 0,0005063 secs] [Times: user=0,00 sys=0,00, real=0,00 secs] 
34,511: [GC (Allocation Failure) [PSYoungGen: 112224K->96K(109568K)] 114024K->1896K(284672K), 0,0004943 secs] [Times: user=0,00 sys=0,00, real=0,00 secs] 
34,559: [GC (Allocation Failure) [PSYoungGen: 109152K->96K(106496K)] 110952K->1896K(281600K), 0,0004795 secs] [Times: user=0,00 sys=0,00, real=0,00 secs] 
34,607: [GC (Allocation Failure) [PSYoungGen: 106080K->96K(103424K)] 107880K->1896K(278528K), 0,0005104 secs] [Times: user=0,00 sys=0,00, real=0,00 secs] 
34,652: [GC (Allocation Failure) [PSYoungGen: 103008K->96K(100352K)] 104808K->1896K(275456K), 0,0004971 secs] [Times: user=0,00 sys=0,00, real=0,00 secs] 
34,696: [GC (Allocation Failure) [PSYoungGen: 99936K->96K(120320K)] 101736K->1896K(295424K), 0,0005775 secs] [Times: user=0,00 sys=0,00, real=0,00 secs] 
34,749: [GC (Allocation Failure) [PSYoungGen: 119904K->64K(116736K)] 121704K->1864K(291840K), 0,0005001 secs] [Times: user=0,00 sys=0,00, real=0,00 secs] 
34,800: [GC (Allocation Failure) [PSYoungGen: 116288K->96K(113152K)] 118088K->1896K(288256K), 0,0005301 secs] [Times: user=0,00 sys=0,00, real=0,00 secs] 
34,849: [GC (Allocation Failure) [PSYoungGen: 112736K->64K(110080K)] 114536K->1864K(285184K), 0,0005397 secs] [Times: user=0,00 sys=0,00, real=0,00 secs] 
34,898: [GC (Allocation Failure) [PSYoungGen: 109632K->64K(107008K)] 111432K->1864K(282112K), 0,0005087 secs] [Times: user=0,00 sys=0,00, real=0,00 secs] 
34,944: [GC (Allocation Failure) [PSYoungGen: 106560K->96K(103936K)] 108360K->1896K(279040K), 0,0004974 secs] [Times: user=0,00 sys=0,00, real=0,00 secs] 
34,990: [GC (Allocation Failure) [PSYoungGen: 103520K->96K(100864K)] 105320K->1896K(275968K), 0,0004726 secs] [Times: user=0,00 sys=0,00, real=0,00 secs] 
35,034: [GC (Allocation Failure) [PSYoungGen: 100448K->96K(98304K)] 102248K->1896K(273408K), 0,0004820 secs] [Times: user=0,01 sys=0,00, real=0,01 secs] 
35,077: [GC (Allocation Failure) [PSYoungGen: 97888K->96K(95744K)] 99688K->1896K(270848K), 0,0004944 secs] [Times: user=0,00 sys=0,00, real=0,00 secs] 
35,119: [GC (Allocation Failure) [PSYoungGen: 95328K->96K(115200K)] 97128K->1896K(290304K), 0,0005098 secs] [Times: user=0,00 sys=0,00, real=0,00 secs] 
35,170: [GC (Allocation Failure) [PSYoungGen: 114784K->96K(138240K)] 116584K->1896K(313344K), 0,0005078 secs] [Times: user=0,00 sys=0,00, real=0,00 secs] 
35,230: [GC (Allocation Failure) [PSYoungGen: 137824K->96K(133632K)] 139624K->1896K(308736K), 0,0005163 secs] [Times: user=0,00 sys=0,00, real=0,00 secs] 
35,289: [GC (Allocation Failure) [PSYoungGen: 133216K->64K(129536K)] 135016K->1864K(304640K), 0,0005597 secs] [Times: user=0,00 sys=0,00, real=0,00 secs] 
35,346: [GC (Allocation Failure) [PSYoungGen: 129088K->64K(125440K)] 130888K->1864K(300544K), 0,0005273 secs] [Times: user=0,00 sys=0,00, real=0,00 secs] 
35,400: [GC (Allocation Failure) [PSYoungGen: 124992K->96K(121344K)] 126792K->1896K(296448K), 0,0004835 secs] [Times: user=0,00 sys=0,00, real=0,00 secs] 
35,453: [GC (Allocation Failure) [PSYoungGen: 120927K->96K(117760K)] 122728K->1896K(292864K), 0,0004930 secs] [Times: user=0,00 sys=0,00, real=0,00 secs] 
35,505: [GC (Allocation Failure) [PSYoungGen: 117344K->96K(114176K)] 119144K->1896K(289280K), 0,0004833 secs] [Times: user=0,00 sys=0,00, real=0,00 secs] 
35,554: [GC (Allocation Failure) [PSYoungGen: 113760K->96K(110592K)] 115560K->1896K(285696K), 0,0004823 secs] [Times: user=0,00 sys=0,00, real=0,00 secs] 
35,603: [GC (Allocation Failure) [PSYoungGen: 110176K->64K(107520K)] 111976K->1864K(282624K), 0,0004984 secs] [Times: user=0,00 sys=0,00, real=0,00 secs] 
35,649: [GC (Allocation Failure) [PSYoungGen: 107072K->96K(104448K)] 108872K->1896K(279552K), 0,0004898 secs] [Times: user=0,01 sys=0,00, real=0,00 secs] 
35,695: [GC (Allocation Failure) [PSYoungGen: 104032K->96K(101376K)] 105832K->1896K(276480K), 0,0005140 secs] [Times: user=0,00 sys=0,00, real=0,00 secs] 
35,740: [GC (Allocation Failure) [PSYoungGen: 100960K->96K(98816K)] 102760K->1896K(273920K), 0,0004943 secs] [Times: user=0,00 sys=0,00, real=0,00 secs] 
35,783: [GC (Allocation Failure) [PSYoungGen: 98400K->64K(118784K)] 100200K->1864K(293888K), 0,0007590 secs] [Times: user=0,00 sys=0,00, real=0,00 secs] 
35,835: [GC (Allocation Failure) [PSYoungGen: 118336K->96K(142848K)] 120136K->1896K(317952K), 0,0005033 secs] [Times: user=0,00 sys=0,00, real=0,00 secs] 
35,898: [GC (Allocation Failure) [PSYoungGen: 142432K->96K(138240K)] 144232K->1896K(313344K), 0,0004832 secs] [Times: user=0,00 sys=0,00, real=0,00 secs] 
35,958: [GC (Allocation Failure) [PSYoungGen: 137824K->96K(133632K)] 139624K->1896K(308736K), 0,0005322 secs] [Times: user=0,00 sys=0,00, real=0,00 secs] 
36,017: [GC (Allocation Failure) [PSYoungGen: 133216K->96K(129536K)] 135016K->1896K(304640K), 0,0004982 secs] [Times: user=0,00 sys=0,00, real=0,00 secs] 
36,073: [GC (Allocation Failure) [PSYoungGen: 129120K->96K(125440K)] 130920K->1896K(300544K), 0,0004815 secs] [Times: user=0,00 sys=0,00, real=0,00 secs] 
36,128: [GC (Allocation Failure) [PSYoungGen: 125024K->96K(121344K)] 126824K->1896K(296448K), 0,0004779 secs] [Times: user=0,00 sys=0,00, real=0,00 secs] 
36,181: [GC (Allocation Failure) [PSYoungGen: 120928K->64K(117760K)] 122728K->1864K(292864K), 0,0005331 secs] [Times: user=0,00 sys=0,00, real=0,00 secs] 
36,233: [GC (Allocation Failure) [PSYoungGen: 117312K->96K(114176K)] 119112K->1896K(289280K), 0,0004899 secs] [Times: user=0,00 sys=0,00, real=0,00 secs] 
36,283: [GC (Allocation Failure) [PSYoungGen: 113760K->96K(110592K)] 115560K->1896K(285696K), 0,0005076 secs] [Times: user=0,00 sys=0,00, real=0,00 secs] 
36,331: [GC (Allocation Failure) [PSYoungGen: 110176K->96K(107520K)] 111976K->1896K(282624K), 0,0004969 secs] [Times: user=0,00 sys=0,00, real=0,00 secs] 
36,378: [GC (Allocation Failure) [PSYoungGen: 107104K->64K(104448K)] 108904K->1864K(279552K), 0,0005116 secs] [Times: user=0,00 sys=0,00, real=0,00 secs] 
36,423: [GC (Allocation Failure) [PSYoungGen: 104000K->32K(101376K)] 105800K->1832K(276480K), 0,0005320 secs] [Times: user=0,00 sys=0,00, real=0,00 secs] 
36,468: [GC (Allocation Failure) [PSYoungGen: 100896K->64K(98816K)] 102696K->1864K(273920K), 0,0005365 secs] [Times: user=0,00 sys=0,00, real=0,00 secs] 
36,511: [GC (Allocation Failure) [PSYoungGen: 98368K->96K(118784K)] 100168K->1896K(293888K), 0,0004825 secs] [Times: user=0,01 sys=0,00, real=0,00 secs] 
36,563: [GC (Allocation Failure) [PSYoungGen: 118368K->96K(115200K)] 120168K->1896K(290304K), 0,0004868 secs] [Times: user=0,00 sys=0,00, real=0,00 secs] 
36,614: [GC (Allocation Failure) [PSYoungGen: 114784K->64K(111616K)] 116584K->1864K(286720K), 0,0004861 secs] [Times: user=0,00 sys=0,00, real=0,01 secs] 
36,662: [GC (Allocation Failure) [PSYoungGen: 111168K->96K(108544K)] 112968K->1896K(283648K), 0,0004809 secs] [Times: user=0,00 sys=0,00, real=0,00 secs] 
36,710: [GC (Allocation Failure) [PSYoungGen: 108128K->96K(105472K)] 109928K->1896K(280576K), 0,0005092 secs] [Times: user=0,01 sys=0,00, real=0,00 secs] 
36,756: [GC (Allocation Failure) [PSYoungGen: 105056K->96K(102400K)] 106856K->1896K(277504K), 0,0004888 secs] [Times: user=0,00 sys=0,00, real=0,00 secs] 
36,801: [GC (Allocation Failure) [PSYoungGen: 101984K->96K(99328K)] 103784K->1896K(274432K), 0,0005102 secs] [Times: user=0,00 sys=0,00, real=0,00 secs] 
36,845: [GC (Allocation Failure) [PSYoungGen: 98912K->96K(96768K)] 100712K->1896K(271872K), 0,0004804 secs] [Times: user=0,00 sys=0,00, real=0,00 secs] 
36,887: [GC (Allocation Failure) [PSYoungGen: 96352K->64K(116224K)] 98152K->1864K(291328K), 0,0005214 secs] [Times: user=0,00 sys=0,00, real=0,00 secs] 
36,938: [GC (Allocation Failure) [PSYoungGen: 115776K->96K(112640K)] 117576K->1896K(287744K), 0,0005009 secs] [Times: user=0,00 sys=0,00, real=0,00 secs] 
36,987: [GC (Allocation Failure) [PSYoungGen: 112224K->96K(109568K)] 114024K->1896K(284672K), 0,0004693 secs] [Times: user=0,01 sys=0,00, real=0,00 secs] 
37,035: [GC (Allocation Failure) [PSYoungGen: 109152K->96K(106496K)] 110952K->1896K(281600K), 0,0004832 secs] [Times: user=0,00 sys=0,00, real=0,00 secs] 
37,082: [GC (Allocation Failure) [PSYoungGen: 106080K->64K(128000K)] 107880K->1864K(303104K), 0,0006526 secs] [Times: user=0,00 sys=0,00, real=0,00 secs] 
37,139: [GC (Allocation Failure) [PSYoungGen: 127552K->96K(123904K)] 129352K->1896K(299008K), 0,0004998 secs] [Times: user=0,00 sys=0,00, real=0,00 secs] 
37,193: [GC (Allocation Failure) [PSYoungGen: 123488K->96K(120320K)] 125288K->1896K(295424K), 0,0005205 secs] [Times: user=0,00 sys=0,00, real=0,00 secs] 
37,246: [GC (Allocation Failure) [PSYoungGen: 119904K->96K(116736K)] 121704K->1896K(291840K), 0,0004828 secs] [Times: user=0,00 sys=0,00, real=0,00 secs] 
37,297: [GC (Allocation Failure) [PSYoungGen: 116320K->96K(113152K)] 118120K->1896K(288256K), 0,0005160 secs] [Times: user=0,00 sys=0,00, real=0,00 secs] 
37,347: [GC (Allocation Failure) [PSYoungGen: 112736K->96K(110080K)] 114536K->1896K(285184K), 0,0005064 secs] [Times: user=0,00 sys=0,00, real=0,00 secs] 
37,395: [GC (Allocation Failure) [PSYoungGen: 109664K->96K(107008K)] 111464K->1896K(282112K), 0,0005270 secs] [Times: user=0,00 sys=0,00, real=0,00 secs] 
37,442: [GC (Allocation Failure) [PSYoungGen: 106592K->96K(103936K)] 108392K->1896K(279040K), 0,0004799 secs] [Times: user=0,00 sys=0,00, real=0,00 secs] 
37,487: [GC (Allocation Failure) [PSYoungGen: 103520K->96K(100864K)] 105320K->1896K(275968K), 0,0005044 secs] [Times: user=0,00 sys=0,00, real=0,00 secs] 
37,532: [GC (Allocation Failure) [PSYoungGen: 100448K->96K(98304K)] 102248K->1896K(273408K), 0,0004736 secs] [Times: user=0,01 sys=0,00, real=0,00 secs] 
37,576: [GC (Allocation Failure) [PSYoungGen: 97888K->64K(95744K)] 99688K->1864K(270848K), 0,0005139 secs] [Times: user=0,00 sys=0,00, real=0,00 secs] 
37,618: [GC (Allocation Failure) [PSYoungGen: 95296K->96K(115200K)] 97096K->1896K(290304K), 0,0004939 secs] [Times: user=0,00 sys=0,00, real=0,00 secs] 
37,668: [GC (Allocation Failure) [PSYoungGen: 114784K->96K(111616K)] 116584K->1896K(286720K), 0,0004887 secs] [Times: user=0,00 sys=0,00, real=0,00 secs] 
37,717: [GC (Allocation Failure) [PSYoungGen: 111200K->96K(108544K)] 113000K->1896K(283648K), 0,0004777 secs] [Times: user=0,00 sys=0,00, real=0,00 secs] 
37,765: [GC (Allocation Failure) [PSYoungGen: 108128K->96K(105472K)] 109928K->1896K(280576K), 0,0004902 secs] [Times: user=0,00 sys=0,00, real=0,00 secs] 
37,811: [GC (Allocation Failure) [PSYoungGen: 105056K->96K(102400K)] 106856K->1896K(277504K), 0,0004994 secs] [Times: user=0,00 sys=0,00, real=0,00 secs] 
37,856: [GC (Allocation Failure) [PSYoungGen: 101984K->96K(99328K)] 103784K->1896K(274432K), 0,0005120 secs] [Times: user=0,00 sys=0,00, real=0,00 secs] 
37,900: [GC (Allocation Failure) [PSYoungGen: 98912K->64K(96768K)] 100712K->1864K(271872K), 0,0004753 secs] [Times: user=0,00 sys=0,00, real=0,00 secs] 
37,942: [GC (Allocation Failure) [PSYoungGen: 96320K->96K(116224K)] 98120K->1896K(291328K), 0,0004983 secs] [Times: user=0,00 sys=0,00, real=0,00 secs] 
37,993: [GC (Allocation Failure) [PSYoungGen: 115808K->96K(112640K)] 117608K->1896K(287744K), 0,0004763 secs] [Times: user=0,00 sys=0,00, real=0,00 secs] 
38,042: [GC (Allocation Failure) [PSYoungGen: 112224K->96K(109568K)] 114024K->1896K(284672K), 0,0005549 secs] [Times: user=0,00 sys=0,00, real=0,00 secs] 
38,090: [GC (Allocation Failure) [PSYoungGen: 109152K->96K(106496K)] 110952K->1896K(281600K), 0,0004782 secs] [Times: user=0,00 sys=0,00, real=0,00 secs] 
38,137: [GC (Allocation Failure) [PSYoungGen: 106080K->96K(103424K)] 107880K->1896K(278528K), 0,0004672 secs] [Times: user=0,01 sys=0,00, real=0,00 secs] 
38,182: [GC (Allocation Failure) [PSYoungGen: 103008K->96K(100352K)] 104808K->1896K(275456K), 0,0005142 secs] [Times: user=0,00 sys=0,00, real=0,00 secs] 
38,226: [GC (Allocation Failure) [PSYoungGen: 99936K->96K(120320K)] 101736K->1896K(295424K), 0,0005168 secs] [Times: user=0,01 sys=0,00, real=0,00 secs] 
38,279: [GC (Allocation Failure) [PSYoungGen: 119904K->96K(116736K)] 121704K->1896K(291840K), 0,0005095 secs] [Times: user=0,00 sys=0,00, real=0,00 secs] 
38,330: [GC (Allocation Failure) [PSYoungGen: 116320K->96K(113152K)] 118120K->1896K(288256K), 0,0004883 secs] [Times: user=0,00 sys=0,00, real=0,00 secs] 
38,379: [GC (Allocation Failure) [PSYoungGen: 112736K->96K(110080K)] 114536K->1896K(285184K), 0,0004954 secs] [Times: user=0,00 sys=0,00, real=0,00 secs] 
38,427: [GC (Allocation Failure) [PSYoungGen: 109664K->96K(107008K)] 111464K->1896K(282112K), 0,0004794 secs] [Times: user=0,00 sys=0,00, real=0,00 secs] 
38,474: [GC (Allocation Failure) [PSYoungGen: 106592K->96K(103936K)] 108392K->1896K(279040K), 0,0005008 secs] [Times: user=0,00 sys=0,00, real=0,00 secs] 
38,520: [GC (Allocation Failure) [PSYoungGen: 103520K->64K(100864K)] 105320K->1864K(275968K), 0,0005307 secs] [Times: user=0,00 sys=0,00, real=0,00 secs] 
38,564: [GC (Allocation Failure) [PSYoungGen: 100416K->64K(121344K)] 102216K->1864K(296448K), 0,0005331 secs] [Times: user=0,00 sys=0,00, real=0,01 secs] 
38,623: [GC (Allocation Failure) [PSYoungGen: 120896K->96K(117760K)] 122696K->1896K(292864K), 0,0005241 secs] [Times: user=0,00 sys=0,00, real=0,00 secs] 
38,675: [GC (Allocation Failure) [PSYoungGen: 117344K->96K(114176K)] 119144K->1896K(289280K), 0,0005062 secs] [Times: user=0,00 sys=0,00, real=0,00 secs] 
38,725: [GC (Allocation Failure) [PSYoungGen: 113760K->96K(110592K)] 115560K->1896K(285696K), 0,0005057 secs] [Times: user=0,00 sys=0,00, real=0,00 secs] 
38,773: [GC (Allocation Failure) [PSYoungGen: 110176K->64K(132608K)] 111976K->1864K(307712K), 0,0008774 secs] [Times: user=0,00 sys=0,00, real=0,01 secs] 
38,833: [GC (Allocation Failure) [PSYoungGen: 132160K->64K(159232K)] 133960K->1864K(334336K), 0,0005247 secs] [Times: user=0,00 sys=0,00, real=0,00 secs] 
38,903: [GC (Allocation Failure) [PSYoungGen: 158784K->96K(154112K)] 160584K->1896K(329216K), 0,0005436 secs] [Times: user=0,00 sys=0,00, real=0,00 secs] 
38,970: [GC (Allocation Failure) [PSYoungGen: 153696K->64K(148992K)] 155496K->1864K(324096K), 0,0005284 secs] [Times: user=0,01 sys=0,00, real=0,00 secs] 
39,035: [GC (Allocation Failure) [PSYoungGen: 148544K->96K(143872K)] 150344K->1896K(318976K), 0,0004996 secs] [Times: user=0,00 sys=0,00, real=0,00 secs] 
39,097: [GC (Allocation Failure) [PSYoungGen: 143456K->96K(139264K)] 145256K->1896K(314368K), 0,0005271 secs] [Times: user=0,00 sys=0,00, real=0,00 secs] 
39,158: [GC (Allocation Failure) [PSYoungGen: 138848K->96K(134656K)] 140648K->1896K(309760K), 0,0005127 secs] [Times: user=0,01 sys=0,00, real=0,00 secs] 
39,218: [GC (Allocation Failure) [PSYoungGen: 134240K->96K(130560K)] 136040K->1896K(305664K), 0,0005058 secs] [Times: user=0,01 sys=0,00, real=0,00 secs] 
39,275: [GC (Allocation Failure) [PSYoungGen: 130144K->32K(126464K)] 131944K->1832K(301568K), 0,0006020 secs] [Times: user=0,00 sys=0,00, real=0,00 secs] 
39,331: [GC (Allocation Failure) [PSYoungGen: 125984K->96K(122368K)] 127784K->1896K(297472K), 0,0005168 secs] [Times: user=0,00 sys=0,00, real=0,00 secs] 
39,385: [GC (Allocation Failure) [PSYoungGen: 121952K->96K(118784K)] 123752K->1896K(293888K), 0,0004757 secs] [Times: user=0,00 sys=0,00, real=0,00 secs] 
39,437: [GC (Allocation Failure) [PSYoungGen: 118368K->64K(115200K)] 120168K->1864K(290304K), 0,0005034 secs] [Times: user=0,01 sys=0,00, real=0,00 secs] 
39,488: [GC (Allocation Failure) [PSYoungGen: 114752K->96K(111616K)] 116552K->1896K(286720K), 0,0005011 secs] [Times: user=0,00 sys=0,00, real=0,00 secs] 
39,538: [GC (Allocation Failure) [PSYoungGen: 111200K->96K(108544K)] 113000K->1896K(283648K), 0,0004733 secs] [Times: user=0,00 sys=0,00, real=0,00 secs] 
39,586: [GC (Allocation Failure) [PSYoungGen: 108128K->96K(105472K)] 109928K->1896K(280576K), 0,0005980 secs] [Times: user=0,00 sys=0,00, real=0,00 secs] 
39,632: [GC (Allocation Failure) [PSYoungGen: 105056K->96K(102400K)] 106856K->1896K(277504K), 0,0004879 secs] [Times: user=0,00 sys=0,00, real=0,00 secs] 
39,678: [GC (Allocation Failure) [PSYoungGen: 101984K->96K(99328K)] 103784K->1896K(274432K), 0,0004936 secs] [Times: user=0,00 sys=0,00, real=0,00 secs] 
39,721: [GC (Allocation Failure) [PSYoungGen: 98912K->96K(96768K)] 100712K->1896K(271872K), 0,0004927 secs] [Times: user=0,00 sys=0,00, real=0,00 secs] 
39,764: [GC (Allocation Failure) [PSYoungGen: 96352K->96K(94208K)] 98152K->1896K(269312K), 0,0004910 secs] [Times: user=0,00 sys=0,00, real=0,01 secs] 
39,806: [GC (Allocation Failure) [PSYoungGen: 93792K->96K(113152K)] 95592K->1896K(288256K), 0,0005029 secs] [Times: user=0,01 sys=0,00, real=0,00 secs] 
39,856: [GC (Allocation Failure) [PSYoungGen: 112736K->64K(110080K)] 114536K->1864K(285184K), 0,0004975 secs] [Times: user=0,00 sys=0,00, real=0,00 secs] 
39,904: [GC (Allocation Failure) [PSYoungGen: 109632K->96K(107008K)] 111432K->1896K(282112K), 0,0004794 secs] [Times: user=0,00 sys=0,00, real=0,00 secs] 
39,951: [GC (Allocation Failure) [PSYoungGen: 106592K->96K(103936K)] 108392K->1896K(279040K), 0,0004751 secs] [Times: user=0,00 sys=0,00, real=0,00 secs] 
39,996: [GC (Allocation Failure) [PSYoungGen: 103520K->96K(100864K)] 105320K->1896K(275968K), 0,0004713 secs] [Times: user=0,00 sys=0,00, real=0,00 secs] 
40,040: [GC (Allocation Failure) [PSYoungGen: 100448K->96K(98304K)] 102248K->1896K(273408K), 0,0004795 secs] [Times: user=0,00 sys=0,00, real=0,00 secs] 
40,084: [GC (Allocation Failure) [PSYoungGen: 97888K->96K(118272K)] 99688K->1896K(293376K), 0,0005141 secs] [Times: user=0,01 sys=0,00, real=0,01 secs] 
40,135: [GC (Allocation Failure) [PSYoungGen: 117856K->96K(141824K)] 119656K->1896K(316928K), 0,0005546 secs] [Times: user=0,00 sys=0,00, real=0,00 secs] 
40,197: [GC (Allocation Failure) [PSYoungGen: 141408K->96K(137216K)] 143208K->1896K(312320K), 0,0005042 secs] [Times: user=0,00 sys=0,00, real=0,00 secs] 
40,258: [GC (Allocation Failure) [PSYoungGen: 136800K->64K(132608K)] 138600K->1864K(307712K), 0,0005450 secs] [Times: user=0,00 sys=0,00, real=0,00 secs] 
40,316: [GC (Allocation Failure) [PSYoungGen: 132160K->96K(128512K)] 133960K->1920K(303616K), 0,0005352 secs] [Times: user=0,00 sys=0,00, real=0,00 secs] 
40,373: [GC (Allocation Failure) [PSYoungGen: 128096K->64K(124416K)] 129920K->1888K(299520K), 0,0005037 secs] [Times: user=0,00 sys=0,00, real=0,00 secs] 
40,427: [GC (Allocation Failure) [PSYoungGen: 123968K->96K(120832K)] 125792K->1920K(295936K), 0,0004796 secs] [Times: user=0,00 sys=0,00, real=0,00 secs] 
40,480: [GC (Allocation Failure) [PSYoungGen: 120416K->96K(117248K)] 122240K->1920K(292352K), 0,0005027 secs] [Times: user=0,01 sys=0,00, real=0,00 secs] 
40,531: [GC (Allocation Failure) [PSYoungGen: 116832K->96K(113664K)] 118656K->1920K(288768K), 0,0005616 secs] [Times: user=0,00 sys=0,00, real=0,00 secs] 
40,581: [GC (Allocation Failure) [PSYoungGen: 113248K->96K(110592K)] 115072K->1920K(285696K), 0,0005067 secs] [Times: user=0,00 sys=0,00, real=0,00 secs] 
40,630: [GC (Allocation Failure) [PSYoungGen: 110176K->96K(107520K)] 112000K->1920K(282624K), 0,0005108 secs] [Times: user=0,00 sys=0,00, real=0,00 secs] 
40,677: [GC (Allocation Failure) [PSYoungGen: 107104K->96K(104448K)] 108928K->1920K(279552K), 0,0004985 secs] [Times: user=0,00 sys=0,00, real=0,00 secs] 
40,723: [GC (Allocation Failure) [PSYoungGen: 104032K->32K(101376K)] 105856K->1856K(276480K), 0,0004877 secs] [Times: user=0,00 sys=0,00, real=0,00 secs] 
40,767: [GC (Allocation Failure) [PSYoungGen: 100896K->96K(98816K)] 102720K->1920K(273920K), 0,0004994 secs] [Times: user=0,01 sys=0,00, real=0,00 secs] 
40,811: [GC (Allocation Failure) [PSYoungGen: 98400K->96K(96256K)] 100224K->1920K(271360K), 0,0005217 secs] [Times: user=0,00 sys=0,00, real=0,00 secs] 
40,853: [GC (Allocation Failure) [PSYoungGen: 95840K->96K(115712K)] 97664K->1920K(290816K), 0,0004729 secs] [Times: user=0,00 sys=0,00, real=0,00 secs] 
40,904: [GC (Allocation Failure) [PSYoungGen: 115296K->64K(112128K)] 117120K->1888K(287232K), 0,0005193 secs] [Times: user=0,00 sys=0,00, real=0,01 secs] 
40,953: [GC (Allocation Failure) [PSYoungGen: 111680K->96K(109056K)] 113504K->1920K(284160K), 0,0005037 secs] [Times: user=0,00 sys=0,00, real=0,00 secs] 
41,000: [GC (Allocation Failure) [PSYoungGen: 108640K->96K(105984K)] 110464K->1920K(281088K), 0,0004985 secs] [Times: user=0,00 sys=0,00, real=0,00 secs] 
41,047: [GC (Allocation Failure) [PSYoungGen: 105568K->96K(102912K)] 107392K->1920K(278016K), 0,0005282 secs] [Times: user=0,00 sys=0,00, real=0,00 secs] 
41,092: [GC (Allocation Failure) [PSYoungGen: 102496K->96K(123392K)] 104320K->1920K(298496K), 0,0005197 secs] [Times: user=0,00 sys=0,00, real=0,00 secs] 
41,146: [GC (Allocation Failure) [PSYoungGen: 122976K->96K(119808K)] 124800K->1920K(294912K), 0,0004988 secs] [Times: user=0,00 sys=0,00, real=0,00 secs] 
41,198: [GC (Allocation Failure) [PSYoungGen: 119392K->96K(116224K)] 121216K->1920K(291328K), 0,0005008 secs] [Times: user=0,00 sys=0,00, real=0,00 secs] 
41,249: [GC (Allocation Failure) [PSYoungGen: 115808K->96K(112640K)] 117632K->1920K(287744K), 0,0005082 secs] [Times: user=0,00 sys=0,00, real=0,00 secs] 
41,298: [GC (Allocation Failure) [PSYoungGen: 112224K->96K(109568K)] 114048K->1920K(284672K), 0,0005317 secs] [Times: user=0,00 sys=0,01, real=0,00 secs] 
41,346: [GC (Allocation Failure) [PSYoungGen: 109152K->96K(106496K)] 110976K->1920K(281600K), 0,0004818 secs] [Times: user=0,00 sys=0,00, real=0,00 secs] 
41,393: [GC (Allocation Failure) [PSYoungGen: 106080K->64K(103424K)] 107904K->1888K(278528K), 0,0004849 secs] [Times: user=0,00 sys=0,00, real=0,00 secs] 
41,438: [GC (Allocation Failure) [PSYoungGen: 102976K->64K(100352K)] 104800K->1888K(275456K), 0,0004851 secs] [Times: user=0,00 sys=0,00, real=0,00 secs] 
41,482: [GC (Allocation Failure) [PSYoungGen: 99904K->64K(97792K)] 101728K->1888K(272896K), 0,0005211 secs] [Times: user=0,00 sys=0,00, real=0,00 secs] 
41,525: [GC (Allocation Failure) [PSYoungGen: 97344K->96K(117248K)] 99168K->1920K(292352K), 0,0005354 secs] [Times: user=0,00 sys=0,00, real=0,00 secs] 
41,576: [GC (Allocation Failure) [PSYoungGen: 116832K->64K(113664K)] 118656K->1888K(288768K), 0,0004955 secs] [Times: user=0,00 sys=0,00, real=0,00 secs] 
41,626: [GC (Allocation Failure) [PSYoungGen: 113216K->96K(110592K)] 115040K->1920K(285696K), 0,0004924 secs] [Times: user=0,00 sys=0,00, real=0,00 secs] 
41,674: [GC (Allocation Failure) [PSYoungGen: 110176K->64K(107520K)] 112000K->1888K(282624K), 0,0005048 secs] [Times: user=0,00 sys=0,00, real=0,00 secs] 
41,721: [GC (Allocation Failure) [PSYoungGen: 107072K->96K(104448K)] 108896K->1920K(279552K), 0,0004990 secs] [Times: user=0,00 sys=0,00, real=0,00 secs] 
41,767: [GC (Allocation Failure) [PSYoungGen: 104032K->96K(101376K)] 105856K->1920K(276480K), 0,0004738 secs] [Times: user=0,00 sys=0,00, real=0,00 secs] 
41,811: [GC (Allocation Failure) [PSYoungGen: 100960K->96K(98816K)] 102784K->1920K(273920K), 0,0005014 secs] [Times: user=0,00 sys=0,00, real=0,00 secs] 
41,854: [GC (Allocation Failure) [PSYoungGen: 98400K->32K(118784K)] 100224K->1856K(293888K), 0,0005472 secs] [Times: user=0,00 sys=0,00, real=0,00 secs] 
41,906: [GC (Allocation Failure) [PSYoungGen: 118304K->96K(115200K)] 120128K->1920K(290304K), 0,0004959 secs] [Times: user=0,01 sys=0,00, real=0,00 secs] 
41,957: [GC (Allocation Failure) [PSYoungGen: 114784K->96K(111616K)] 116608K->1920K(286720K), 0,0004891 secs] [Times: user=0,00 sys=0,00, real=0,00 secs] 
42,006: [GC (Allocation Failure) [PSYoungGen: 111200K->96K(108544K)] 113024K->1920K(283648K), 0,0004910 secs] [Times: user=0,01 sys=0,00, real=0,00 secs] 
42,053: [GC (Allocation Failure) [PSYoungGen: 108128K->96K(105472K)] 109952K->1920K(280576K), 0,0004736 secs] [Times: user=0,00 sys=0,00, real=0,00 secs] 
42,099: [GC (Allocation Failure) [PSYoungGen: 105056K->96K(102400K)] 106880K->1920K(277504K), 0,0004848 secs] [Times: user=0,00 sys=0,00, real=0,00 secs] 
42,144: [GC (Allocation Failure) [PSYoungGen: 101984K->96K(99328K)] 103808K->1920K(274432K), 0,0005388 secs] [Times: user=0,01 sys=0,00, real=0,00 secs] 
42,188: [GC (Allocation Failure) [PSYoungGen: 98912K->96K(119296K)] 100736K->1920K(294400K), 0,0005146 secs] [Times: user=0,00 sys=0,00, real=0,00 secs] 
42,240: [GC (Allocation Failure) [PSYoungGen: 118880K->96K(115712K)] 120704K->1920K(290816K), 0,0004957 secs] [Times: user=0,00 sys=0,00, real=0,00 secs] 
42,291: [GC (Allocation Failure) [PSYoungGen: 115296K->96K(112128K)] 117120K->1920K(287232K), 0,0005253 secs] [Times: user=0,00 sys=0,00, real=0,00 secs] 
42,340: [GC (Allocation Failure) [PSYoungGen: 111712K->64K(109056K)] 113536K->1888K(284160K), 0,0005514 secs] [Times: user=0,00 sys=0,00, real=0,00 secs] 
42,388: [GC (Allocation Failure) [PSYoungGen: 108608K->96K(105984K)] 110432K->1920K(281088K), 0,0004855 secs] [Times: user=0,00 sys=0,00, real=0,00 secs] 
42,434: [GC (Allocation Failure) [PSYoungGen: 105568K->96K(127488K)] 107392K->1920K(302592K), 0,0005506 secs] [Times: user=0,00 sys=0,00, real=0,00 secs] 
42,490: [GC (Allocation Failure) [PSYoungGen: 127072K->96K(123392K)] 128896K->1920K(298496K), 0,0005397 secs] [Times: user=0,00 sys=0,00, real=0,00 secs] 
42,544: [GC (Allocation Failure) [PSYoungGen: 122976K->96K(119808K)] 124800K->1920K(294912K), 0,0005043 secs] [Times: user=0,00 sys=0,00, real=0,01 secs] 
42,596: [GC (Allocation Failure) [PSYoungGen: 119392K->96K(116224K)] 121216K->1920K(291328K), 0,0005539 secs] [Times: user=0,00 sys=0,00, real=0,00 secs] 
42,647: [GC (Allocation Failure) [PSYoungGen: 115808K->64K(139776K)] 117632K->1888K(314880K), 0,0007198 secs] [Times: user=0,00 sys=0,00, real=0,00 secs] 
42,709: [GC (Allocation Failure) [PSYoungGen: 139328K->64K(135168K)] 141152K->1888K(310272K), 0,0004868 secs] [Times: user=0,01 sys=0,00, real=0,00 secs] 
42,768: [GC (Allocation Failure) [PSYoungGen: 134720K->96K(131072K)] 136544K->1920K(306176K), 0,0005367 secs] [Times: user=0,00 sys=0,00, real=0,00 secs] 
42,825: [GC (Allocation Failure) [PSYoungGen: 130656K->96K(126976K)] 132480K->1920K(302080K), 0,0005232 secs] [Times: user=0,00 sys=0,00, real=0,00 secs] 
42,881: [GC (Allocation Failure) [PSYoungGen: 126560K->96K(122880K)] 128384K->1920K(297984K), 0,0005512 secs] [Times: user=0,00 sys=0,00, real=0,00 secs] 
42,935: [GC (Allocation Failure) [PSYoungGen: 122464K->96K(119296K)] 124288K->1920K(294400K), 0,0004804 secs] [Times: user=0,00 sys=0,00, real=0,00 secs] 
42,987: [GC (Allocation Failure) [PSYoungGen: 118880K->96K(115712K)] 120704K->1920K(290816K), 0,0004873 secs] [Times: user=0,01 sys=0,00, real=0,00 secs] 
43,038: [GC (Allocation Failure) [PSYoungGen: 115296K->64K(112128K)] 117120K->1888K(287232K), 0,0004924 secs] [Times: user=0,00 sys=0,00, real=0,00 secs] 
43,087: [GC (Allocation Failure) [PSYoungGen: 111680K->96K(109056K)] 113504K->1920K(284160K), 0,0004695 secs] [Times: user=0,00 sys=0,00, real=0,00 secs] 
43,134: [GC (Allocation Failure) [PSYoungGen: 108640K->96K(105984K)] 110464K->1920K(281088K), 0,0004846 secs] [Times: user=0,00 sys=0,00, real=0,00 secs] 
43,181: [GC (Allocation Failure) [PSYoungGen: 105568K->96K(102912K)] 107392K->1920K(278016K), 0,0005165 secs] [Times: user=0,00 sys=0,00, real=0,00 secs] 
43,226: [GC (Allocation Failure) [PSYoungGen: 102496K->96K(99840K)] 104320K->1920K(274944K), 0,0005020 secs] [Times: user=0,00 sys=0,00, real=0,00 secs] 
43,269: [GC (Allocation Failure) [PSYoungGen: 99424K->96K(97280K)] 101248K->1920K(272384K), 0,0004670 secs] [Times: user=0,00 sys=0,00, real=0,00 secs] 
43,312: [GC (Allocation Failure) [PSYoungGen: 96864K->96K(94720K)] 98688K->1920K(269824K), 0,0005223 secs] [Times: user=0,00 sys=0,00, real=0,00 secs] 
43,354: [GC (Allocation Failure) [PSYoungGen: 94304K->96K(113664K)] 96128K->1920K(288768K), 0,0004922 secs] [Times: user=0,01 sys=0,00, real=0,01 secs] 
43,403: [GC (Allocation Failure) [PSYoungGen: 113248K->96K(110592K)] 115072K->1920K(285696K), 0,0004807 secs] [Times: user=0,01 sys=0,00, real=0,00 secs] 
43,452: [GC (Allocation Failure) [PSYoungGen: 110176K->96K(107520K)] 112000K->1920K(282624K), 0,0005203 secs] [Times: user=0,00 sys=0,00, real=0,00 secs] 
43,499: [GC (Allocation Failure) [PSYoungGen: 107104K->96K(104448K)] 108928K->1920K(279552K), 0,0004958 secs] [Times: user=0,00 sys=0,00, real=0,00 secs] 
43,545: [GC (Allocation Failure) [PSYoungGen: 104032K->64K(125440K)] 105856K->1888K(300544K), 0,0009539 secs] [Times: user=0,00 sys=0,00, real=0,00 secs] 
43,600: [GC (Allocation Failure) [PSYoungGen: 124992K->64K(150528K)] 126816K->1888K(325632K), 0,0005306 secs] [Times: user=0,00 sys=0,00, real=0,00 secs] 
43,665: [GC (Allocation Failure) [PSYoungGen: 150080K->96K(180736K)] 151904K->1920K(355840K), 0,0005023 secs] [Times: user=0,00 sys=0,00, real=0,00 secs] 
43,744: [GC (Allocation Failure) [PSYoungGen: 180320K->96K(174592K)] 182144K->1920K(349696K), 0,0005176 secs] [Times: user=0,00 sys=0,00, real=0,00 secs] 
43,821: [GC (Allocation Failure) [PSYoungGen: 174176K->96K(168448K)] 176000K->1920K(343552K), 0,0005087 secs] [Times: user=0,00 sys=0,00, real=0,00 secs] 
43,895: [GC (Allocation Failure) [PSYoungGen: 168032K->96K(162816K)] 169856K->1920K(337920K), 0,0004602 secs] [Times: user=0,00 sys=0,00, real=0,00 secs] 
43,966: [GC (Allocation Failure) [PSYoungGen: 162400K->96K(157184K)] 164224K->1920K(332288K), 0,0005088 secs] [Times: user=0,00 sys=0,00, real=0,00 secs] 
44,034: [GC (Allocation Failure) [PSYoungGen: 156768K->96K(152064K)] 158592K->1920K(327168K), 0,0005213 secs] [Times: user=0,00 sys=0,00, real=0,00 secs] 
44,101: [GC (Allocation Failure) [PSYoungGen: 151648K->96K(146944K)] 153472K->1920K(322048K), 0,0004848 secs] [Times: user=0,00 sys=0,00, real=0,00 secs] 
44,165: [GC (Allocation Failure) [PSYoungGen: 146528K->96K(142336K)] 148352K->1920K(317440K), 0,0005126 secs] [Times: user=0,00 sys=0,01, real=0,00 secs] 
44,227: [GC (Allocation Failure) [PSYoungGen: 141920K->96K(137728K)] 143744K->1920K(312832K), 0,0005050 secs] [Times: user=0,01 sys=0,00, real=0,00 secs] 
44,287: [GC (Allocation Failure) [PSYoungGen: 137312K->96K(133120K)] 139136K->1920K(308224K), 0,0005660 secs] [Times: user=0,01 sys=0,00, real=0,00 secs] 
44,346: [GC (Allocation Failure) [PSYoungGen: 132704K->96K(129024K)] 134528K->1920K(304128K), 0,0004996 secs] [Times: user=0,00 sys=0,00, real=0,00 secs] 
44,402: [GC (Allocation Failure) [PSYoungGen: 128608K->32K(124928K)] 130432K->1856K(300032K), 0,0005340 secs] [Times: user=0,00 sys=0,00, real=0,00 secs] 
44,457: [GC (Allocation Failure) [PSYoungGen: 124448K->96K(121344K)] 126272K->1920K(296448K), 0,0005012 secs] [Times: user=0,00 sys=0,00, real=0,00 secs] 
44,510: [GC (Allocation Failure) [PSYoungGen: 120928K->64K(117760K)] 122752K->1888K(292864K), 0,0007059 secs] [Times: user=0,00 sys=0,00, real=0,00 secs] 
44,562: [GC (Allocation Failure) [PSYoungGen: 117312K->64K(114176K)] 119136K->1888K(289280K), 0,0004993 secs] [Times: user=0,00 sys=0,00, real=0,00 secs] 
44,611: [GC (Allocation Failure) [PSYoungGen: 113728K->64K(110592K)] 115552K->1888K(285696K), 0,0004948 secs] [Times: user=0,00 sys=0,00, real=0,00 secs] 
44,660: [GC (Allocation Failure) [PSYoungGen: 110144K->96K(107520K)] 111968K->1920K(282624K), 0,0005007 secs] [Times: user=0,00 sys=0,00, real=0,00 secs] 
44,707: [GC (Allocation Failure) [PSYoungGen: 107104K->96K(104448K)] 108928K->1920K(279552K), 0,0004783 secs] [Times: user=0,00 sys=0,00, real=0,00 secs] 
44,752: [GC (Allocation Failure) [PSYoungGen: 104032K->96K(101376K)] 105856K->1920K(276480K), 0,0004955 secs] [Times: user=0,00 sys=0,00, real=0,00 secs] 
44,797: [GC (Allocation Failure) [PSYoungGen: 100960K->96K(98816K)] 102784K->1920K(273920K), 0,0004975 secs] [Times: user=0,00 sys=0,00, real=0,00 secs] 
44,840: [GC (Allocation Failure) [PSYoungGen: 98400K->96K(96256K)] 100224K->1920K(271360K), 0,0005015 secs] [Times: user=0,00 sys=0,00, real=0,00 secs] 
44,882: [GC (Allocation Failure) [PSYoungGen: 95840K->64K(115712K)] 97664K->1888K(290816K), 0,0004807 secs] [Times: user=0,00 sys=0,00, real=0,00 secs] 
44,933: [GC (Allocation Failure) [PSYoungGen: 115264K->96K(112128K)] 117088K->1920K(287232K), 0,0004835 secs] [Times: user=0,00 sys=0,00, real=0,00 secs] 
44,982: [GC (Allocation Failure) [PSYoungGen: 111712K->96K(109056K)] 113536K->1920K(284160K), 0,0004906 secs] [Times: user=0,00 sys=0,00, real=0,00 secs] 
45,029: [GC (Allocation Failure) [PSYoungGen: 108640K->64K(105984K)] 110464K->1888K(281088K), 0,0004868 secs] [Times: user=0,00 sys=0,00, real=0,00 secs] 
45,076: [GC (Allocation Failure) [PSYoungGen: 105535K->96K(102912K)] 107360K->1920K(278016K), 0,0004729 secs] [Times: user=0,00 sys=0,00, real=0,00 secs] 
45,122: [GC (Allocation Failure) [PSYoungGen: 102496K->96K(99840K)] 104320K->1920K(274944K), 0,0004995 secs] [Times: user=0,00 sys=0,00, real=0,00 secs] 
45,166: [GC (Allocation Failure) [PSYoungGen: 99424K->96K(97280K)] 101248K->1920K(272384K), 0,0005015 secs] [Times: user=0,00 sys=0,00, real=0,00 secs] 
45,208: [GC (Allocation Failure) [PSYoungGen: 96864K->96K(116736K)] 98688K->1920K(291840K), 0,0005031 secs] [Times: user=0,01 sys=0,00, real=0,00 secs] 
45,260: [GC (Allocation Failure) [PSYoungGen: 116320K->96K(140288K)] 118144K->1920K(315392K), 0,0005398 secs] [Times: user=0,00 sys=0,00, real=0,00 secs] 
45,321: [GC (Allocation Failure) [PSYoungGen: 139872K->96K(135680K)] 141696K->1920K(310784K), 0,0005033 secs] [Times: user=0,00 sys=0,00, real=0,00 secs] 
45,380: [GC (Allocation Failure) [PSYoungGen: 135264K->64K(131584K)] 137088K->1888K(306688K), 0,0004888 secs] [Times: user=0,00 sys=0,00, real=0,00 secs] 
45,438: [GC (Allocation Failure) [PSYoungGen: 131136K->96K(127488K)] 132960K->1920K(302592K), 0,0004992 secs] [Times: user=0,00 sys=0,00, real=0,00 secs] 
45,494: [GC (Allocation Failure) [PSYoungGen: 127072K->96K(123392K)] 128896K->1920K(298496K), 0,0004989 secs] [Times: user=0,00 sys=0,00, real=0,01 secs] 
45,548: [GC (Allocation Failure) [PSYoungGen: 122976K->96K(119808K)] 124800K->1920K(294912K), 0,0005005 secs] [Times: user=0,00 sys=0,00, real=0,00 secs] 
45,602: [GC (Allocation Failure) [PSYoungGen: 119392K->96K(116224K)] 121216K->1920K(291328K), 0,0005088 secs] [Times: user=0,00 sys=0,00, real=0,00 secs] 
45,653: [GC (Allocation Failure) [PSYoungGen: 115808K->64K(112640K)] 117632K->1888K(287744K), 0,0005152 secs] [Times: user=0,00 sys=0,00, real=0,00 secs] 
45,702: [GC (Allocation Failure) [PSYoungGen: 112192K->96K(109568K)] 114016K->1920K(284672K), 0,0005004 secs] [Times: user=0,00 sys=0,00, real=0,00 secs] 
45,750: [GC (Allocation Failure) [PSYoungGen: 109152K->96K(106496K)] 110976K->1920K(281600K), 0,0004838 secs] [Times: user=0,00 sys=0,00, real=0,00 secs] 
45,797: [GC (Allocation Failure) [PSYoungGen: 106080K->96K(103424K)] 107904K->1920K(278528K), 0,0005100 secs] [Times: user=0,00 sys=0,00, real=0,00 secs] 
45,842: [GC (Allocation Failure) [PSYoungGen: 103008K->96K(100352K)] 104832K->1920K(275456K), 0,0005226 secs] [Times: user=0,00 sys=0,00, real=0,00 secs] 
45,886: [GC (Allocation Failure) [PSYoungGen: 99936K->64K(120320K)] 101760K->1888K(295424K), 0,0009850 secs] [Times: user=0,00 sys=0,00, real=0,00 secs] 
45,940: [GC (Allocation Failure) [PSYoungGen: 119872K->96K(144384K)] 121696K->1920K(319488K), 0,0004810 secs] [Times: user=0,00 sys=0,00, real=0,00 secs] 
46,003: [GC (Allocation Failure) [PSYoungGen: 143968K->96K(173568K)] 145792K->1920K(348672K), 0,0004911 secs] [Times: user=0,00 sys=0,00, real=0,00 secs] 
46,079: [GC (Allocation Failure) [PSYoungGen: 173152K->96K(167424K)] 174976K->1920K(342528K), 0,0005042 secs] [Times: user=0,00 sys=0,00, real=0,00 secs] 
46,152: [GC (Allocation Failure) [PSYoungGen: 167008K->96K(161792K)] 168832K->1920K(336896K), 0,0005094 secs] [Times: user=0,00 sys=0,00, real=0,00 secs] 
46,222: [GC (Allocation Failure) [PSYoungGen: 161376K->96K(156160K)] 163200K->1920K(331264K), 0,0005174 secs] [Times: user=0,00 sys=0,00, real=0,00 secs] 
46,290: [GC (Allocation Failure) [PSYoungGen: 155744K->96K(151040K)] 157568K->1920K(326144K), 0,0005101 secs] [Times: user=0,00 sys=0,00, real=0,00 secs] 
46,357: [GC (Allocation Failure) [PSYoungGen: 150624K->96K(145920K)] 152448K->1920K(321024K), 0,0005123 secs] [Times: user=0,00 sys=0,00, real=0,00 secs] 
46,420: [GC (Allocation Failure) [PSYoungGen: 145504K->96K(141312K)] 147328K->1920K(316416K), 0,0005189 secs] [Times: user=0,00 sys=0,00, real=0,00 secs] 
46,482: [GC (Allocation Failure) [PSYoungGen: 140896K->96K(136704K)] 142720K->1920K(311808K), 0,0005077 secs] [Times: user=0,00 sys=0,00, real=0,00 secs] 
46,542: [GC (Allocation Failure) [PSYoungGen: 136288K->96K(132608K)] 138112K->1920K(307712K), 0,0004878 secs] [Times: user=0,00 sys=0,00, real=0,00 secs] 
46,600: [GC (Allocation Failure) [PSYoungGen: 132192K->96K(128512K)] 134016K->1920K(303616K), 0,0005552 secs] [Times: user=0,00 sys=0,00, real=0,00 secs] 
46,656: [GC (Allocation Failure) [PSYoungGen: 128096K->96K(124416K)] 129920K->1920K(299520K), 0,0005310 secs] [Times: user=0,00 sys=0,00, real=0,00 secs] 
46,710: [GC (Allocation Failure) [PSYoungGen: 124000K->96K(120832K)] 125824K->1920K(295936K), 0,0004897 secs] [Times: user=0,00 sys=0,00, real=0,00 secs] 
46,763: [GC (Allocation Failure) [PSYoungGen: 120416K->96K(117248K)] 122240K->1920K(292352K), 0,0004879 secs] [Times: user=0,00 sys=0,00, real=0,00 secs] 
46,815: [GC (Allocation Failure) [PSYoungGen: 116832K->96K(113664K)] 118656K->1920K(288768K), 0,0005028 secs] [Times: user=0,00 sys=0,00, real=0,00 secs] 
46,864: [GC (Allocation Failure) [PSYoungGen: 113248K->96K(110592K)] 115072K->1920K(285696K), 0,0005091 secs] [Times: user=0,00 sys=0,00, real=0,00 secs] 
46,913: [GC (Allocation Failure) [PSYoungGen: 110176K->96K(107520K)] 112000K->1920K(282624K), 0,0005098 secs] [Times: user=0,00 sys=0,00, real=0,00 secs] 
46,960: [GC (Allocation Failure) [PSYoungGen: 107104K->96K(104448K)] 108928K->1920K(279552K), 0,0004905 secs] [Times: user=0,00 sys=0,00, real=0,00 secs] 
47,006: [GC (Allocation Failure) [PSYoungGen: 104032K->96K(101376K)] 105856K->1920K(276480K), 0,0005155 secs] [Times: user=0,00 sys=0,00, real=0,00 secs] 
47,050: [GC (Allocation Failure) [PSYoungGen: 100960K->64K(98816K)] 102784K->1888K(273920K), 0,0004879 secs] [Times: user=0,00 sys=0,00, real=0,00 secs] 
47,094: [GC (Allocation Failure) [PSYoungGen: 98368K->96K(96256K)] 100192K->1920K(271360K), 0,0004933 secs] [Times: user=0,00 sys=0,00, real=0,01 secs] 
47,136: [GC (Allocation Failure) [PSYoungGen: 95840K->96K(93696K)] 97664K->1920K(268800K), 0,0004788 secs] [Times: user=0,00 sys=0,01, real=0,00 secs] 
47,177: [GC (Allocation Failure) [PSYoungGen: 93280K->64K(112640K)] 95104K->1888K(287744K), 0,0004975 secs] [Times: user=0,00 sys=0,00, real=0,00 secs] 
47,226: [GC (Allocation Failure) [PSYoungGen: 112192K->64K(109568K)] 114016K->1888K(284672K), 0,0005050 secs] [Times: user=0,00 sys=0,00, real=0,00 secs] 
47,275: [GC (Allocation Failure) [PSYoungGen: 109120K->96K(131584K)] 110944K->1920K(306688K), 0,0005463 secs] [Times: user=0,00 sys=0,00, real=0,00 secs] 
47,332: [GC (Allocation Failure) [PSYoungGen: 131168K->96K(127488K)] 132992K->1920K(302592K), 0,0005166 secs] [Times: user=0,00 sys=0,00, real=0,00 secs] 
47,388: [GC (Allocation Failure) [PSYoungGen: 127072K->96K(123392K)] 128896K->1920K(298496K), 0,0005108 secs] [Times: user=0,00 sys=0,00, real=0,00 secs] 
47,442: [GC (Allocation Failure) [PSYoungGen: 122976K->96K(119808K)] 124800K->1920K(294912K), 0,0004824 secs] [Times: user=0,00 sys=0,00, real=0,00 secs] 
47,495: [GC (Allocation Failure) [PSYoungGen: 119392K->96K(116224K)] 121216K->1920K(291328K), 0,0004957 secs] [Times: user=0,00 sys=0,00, real=0,00 secs] 
47,545: [GC (Allocation Failure) [PSYoungGen: 115808K->96K(112640K)] 117632K->1920K(287744K), 0,0005425 secs] [Times: user=0,00 sys=0,00, real=0,00 secs] 
47,595: [GC (Allocation Failure) [PSYoungGen: 112223K->96K(109568K)] 114048K->1920K(284672K), 0,0004917 secs] [Times: user=0,00 sys=0,00, real=0,00 secs] 
47,643: [GC (Allocation Failure) [PSYoungGen: 109152K->96K(106496K)] 110976K->1920K(281600K), 0,0004806 secs] [Times: user=0,00 sys=0,00, real=0,00 secs] 
47,690: [GC (Allocation Failure) [PSYoungGen: 106080K->96K(103424K)] 107904K->1920K(278528K), 0,0004952 secs] [Times: user=0,00 sys=0,00, real=0,00 secs] 
47,735: [GC (Allocation Failure) [PSYoungGen: 103008K->96K(100352K)] 104832K->1920K(275456K), 0,0004801 secs] [Times: user=0,00 sys=0,00, real=0,00 secs] 
47,779: [GC (Allocation Failure) [PSYoungGen: 99936K->64K(97792K)] 101760K->1888K(272896K), 0,0004871 secs] [Times: user=0,00 sys=0,00, real=0,00 secs] 
47,822: [GC (Allocation Failure) [PSYoungGen: 97344K->96K(95232K)] 99168K->1920K(270336K), 0,0004988 secs] [Times: user=0,00 sys=0,00, real=0,00 secs] 
47,864: [GC (Allocation Failure) [PSYoungGen: 94816K->64K(114176K)] 96640K->1888K(289280K), 0,0005419 secs] [Times: user=0,00 sys=0,00, real=0,01 secs] 
47,913: [GC (Allocation Failure) [PSYoungGen: 113728K->96K(110592K)] 115552K->1920K(285696K), 0,0004829 secs] [Times: user=0,00 sys=0,00, real=0,00 secs] 
47,962: [GC (Allocation Failure) [PSYoungGen: 110176K->96K(107520K)] 112000K->1920K(282624K), 0,0004627 secs] [Times: user=0,00 sys=0,00, real=0,00 secs] 
48,009: [GC (Allocation Failure) [PSYoungGen: 107104K->64K(104448K)] 108928K->1888K(279552K), 0,0005010 secs] [Times: user=0,00 sys=0,00, real=0,00 secs] 
48,055: [GC (Allocation Failure) [PSYoungGen: 104000K->64K(101376K)] 105824K->1888K(276480K), 0,0004804 secs] [Times: user=0,00 sys=0,00, real=0,00 secs] 
48,099: [GC (Allocation Failure) [PSYoungGen: 100928K->96K(98816K)] 102752K->1920K(273920K), 0,0004737 secs] [Times: user=0,00 sys=0,00, real=0,00 secs] 
48,142: [GC (Allocation Failure) [PSYoungGen: 98400K->64K(118784K)] 100224K->1888K(293888K), 0,0005290 secs] [Times: user=0,00 sys=0,00, real=0,00 secs] 
48,194: [GC (Allocation Failure) [PSYoungGen: 118336K->96K(115200K)] 120160K->1920K(290304K), 0,0005030 secs] [Times: user=0,00 sys=0,00, real=0,00 secs] 
48,245: [GC (Allocation Failure) [PSYoungGen: 114784K->96K(111616K)] 116608K->1920K(286720K), 0,0005355 secs] [Times: user=0,00 sys=0,00, real=0,00 secs] 
48,294: [GC (Allocation Failure) [PSYoungGen: 111200K->96K(108544K)] 113024K->1920K(283648K), 0,0005228 secs] [Times: user=0,00 sys=0,00, real=0,01 secs] 
48,341: [GC (Allocation Failure) [PSYoungGen: 108128K->96K(105472K)] 109952K->1920K(280576K), 0,0005212 secs] [Times: user=0,01 sys=0,00, real=0,00 secs] 
48,388: [GC (Allocation Failure) [PSYoungGen: 105056K->96K(102400K)] 106880K->1920K(277504K), 0,0004794 secs] [Times: user=0,00 sys=0,00, real=0,00 secs] 
48,432: [GC (Allocation Failure) [PSYoungGen: 101984K->96K(99328K)] 103808K->1920K(274432K), 0,0004927 secs] [Times: user=0,00 sys=0,00, real=0,00 secs] 
48,476: [GC (Allocation Failure) [PSYoungGen: 98912K->64K(119296K)] 100736K->1888K(294400K), 0,0007185 secs] [Times: user=0,00 sys=0,00, real=0,00 secs] 
48,529: [GC (Allocation Failure) [PSYoungGen: 118848K->64K(143360K)] 120672K->1888K(318464K), 0,0005351 secs] [Times: user=0,00 sys=0,00, real=0,00 secs] 
48,594: [GC (Allocation Failure) [PSYoungGen: 142912K->64K(138752K)] 144736K->1888K(313856K), 0,0005654 secs] [Times: user=0,00 sys=0,00, real=0,00 secs] 
48,655: [GC (Allocation Failure) [PSYoungGen: 138304K->128K(166400K)] 140128K->1952K(341504K), 0,0006739 secs] [Times: user=0,00 sys=0,00, real=0,00 secs] 
48,728: [GC (Allocation Failure) [PSYoungGen: 166016K->96K(160768K)] 167840K->1920K(335872K), 0,0004932 secs] [Times: user=0,00 sys=0,00, real=0,00 secs] 
48,798: [GC (Allocation Failure) [PSYoungGen: 160352K->96K(155136K)] 162176K->1920K(330240K), 0,0004844 secs] [Times: user=0,01 sys=0,00, real=0,00 secs] 
48,866: [GC (Allocation Failure) [PSYoungGen: 154720K->96K(150016K)] 156544K->1920K(325120K), 0,0005215 secs] [Times: user=0,00 sys=0,00, real=0,00 secs] 
48,932: [GC (Allocation Failure) [PSYoungGen: 149600K->96K(144896K)] 151424K->1920K(320000K), 0,0004984 secs] [Times: user=0,00 sys=0,00, real=0,00 secs] 
48,995: [GC (Allocation Failure) [PSYoungGen: 144480K->96K(140288K)] 146304K->1920K(315392K), 0,0004971 secs] [Times: user=0,00 sys=0,00, real=0,00 secs] 
49,056: [GC (Allocation Failure) [PSYoungGen: 139872K->96K(135680K)] 141696K->1920K(310784K), 0,0004935 secs] [Times: user=0,01 sys=0,00, real=0,00 secs] 
49,115: [GC (Allocation Failure) [PSYoungGen: 135264K->64K(131584K)] 137088K->1888K(306688K), 0,0005251 secs] [Times: user=0,01 sys=0,00, real=0,00 secs] 
49,173: [GC (Allocation Failure) [PSYoungGen: 131136K->96K(127488K)] 132960K->1920K(302592K), 0,0005394 secs] [Times: user=0,00 sys=0,00, real=0,00 secs] 
49,228: [GC (Allocation Failure) [PSYoungGen: 127072K->96K(123392K)] 128896K->1920K(298496K), 0,0004943 secs] [Times: user=0,00 sys=0,00, real=0,00 secs] 
49,282: [GC (Allocation Failure) [PSYoungGen: 122976K->96K(119808K)] 124800K->1920K(294912K), 0,0004948 secs] [Times: user=0,00 sys=0,00, real=0,00 secs] 
49,335: [GC (Allocation Failure) [PSYoungGen: 119392K->96K(116224K)] 121216K->1920K(291328K), 0,0005132 secs] [Times: user=0,00 sys=0,00, real=0,00 secs] 
49,386: [GC (Allocation Failure) [PSYoungGen: 115808K->96K(112640K)] 117632K->1920K(287744K), 0,0004991 secs] [Times: user=0,00 sys=0,00, real=0,00 secs] 
49,436: [GC (Allocation Failure) [PSYoungGen: 112224K->96K(109568K)] 114048K->1920K(284672K), 0,0004835 secs] [Times: user=0,00 sys=0,00, real=0,00 secs] 
49,484: [GC (Allocation Failure) [PSYoungGen: 109152K->96K(106496K)] 110976K->1920K(281600K), 0,0004956 secs] [Times: user=0,00 sys=0,00, real=0,01 secs] 
49,530: [GC (Allocation Failure) [PSYoungGen: 106080K->96K(103424K)] 107904K->1920K(278528K), 0,0004927 secs] [Times: user=0,00 sys=0,00, real=0,00 secs] 
49,576: [GC (Allocation Failure) [PSYoungGen: 103008K->96K(100352K)] 104832K->1920K(275456K), 0,0004907 secs] [Times: user=0,00 sys=0,00, real=0,00 secs] 
49,620: [GC (Allocation Failure) [PSYoungGen: 99936K->96K(97792K)] 101760K->1920K(272896K), 0,0005423 secs] [Times: user=0,00 sys=0,00, real=0,00 secs] 
49,663: [GC (Allocation Failure) [PSYoungGen: 97376K->96K(117248K)] 99200K->1920K(292352K), 0,0005266 secs] [Times: user=0,00 sys=0,00, real=0,00 secs] 
49,714: [GC (Allocation Failure) [PSYoungGen: 116832K->96K(113664K)] 118656K->1920K(288768K), 0,0004887 secs] [Times: user=0,00 sys=0,00, real=0,00 secs] 
49,764: [GC (Allocation Failure) [PSYoungGen: 113248K->96K(110592K)] 115072K->1920K(285696K), 0,0005051 secs] [Times: user=0,00 sys=0,00, real=0,01 secs] 
49,812: [GC (Allocation Failure) [PSYoungGen: 110176K->96K(107520K)] 112000K->1920K(282624K), 0,0005064 secs] [Times: user=0,00 sys=0,00, real=0,00 secs] 
49,859: [GC (Allocation Failure) [PSYoungGen: 107104K->96K(104448K)] 108928K->1920K(279552K), 0,0004948 secs] [Times: user=0,01 sys=0,00, real=0,00 secs] 
49,905: [GC (Allocation Failure) [PSYoungGen: 104032K->96K(101376K)] 105856K->1920K(276480K), 0,0004863 secs] [Times: user=0,00 sys=0,00, real=0,00 secs] 
49,949: [GC (Allocation Failure) [PSYoungGen: 100960K->96K(98816K)] 102784K->1920K(273920K), 0,0004750 secs] [Times: user=0,00 sys=0,00, real=0,00 secs] 
49,992: [GC (Allocation Failure) [PSYoungGen: 98400K->96K(96256K)] 100224K->1920K(271360K), 0,0004640 secs] [Times: user=0,00 sys=0,00, real=0,00 secs] 
50,034: [GC (Allocation Failure) [PSYoungGen: 95840K->96K(115712K)] 97664K->1920K(290816K), 0,0004888 secs] [Times: user=0,00 sys=0,00, real=0,00 secs] 
50,085: [GC (Allocation Failure) [PSYoungGen: 115296K->96K(112128K)] 117120K->1920K(287232K), 0,0005113 secs] [Times: user=0,00 sys=0,00, real=0,00 secs] 
50,134: [GC (Allocation Failure) [PSYoungGen: 111712K->96K(109056K)] 113536K->1920K(284160K), 0,0004664 secs] [Times: user=0,00 sys=0,00, real=0,00 secs] 
50,182: [GC (Allocation Failure) [PSYoungGen: 108640K->64K(105984K)] 110464K->1888K(281088K), 0,0005487 secs] [Times: user=0,00 sys=0,00, real=0,00 secs] 
50,228: [GC (Allocation Failure) [PSYoungGen: 105536K->96K(102912K)] 107360K->1920K(278016K), 0,0005051 secs] [Times: user=0,00 sys=0,00, real=0,00 secs] 
50,274: [GC (Allocation Failure) [PSYoungGen: 102496K->96K(99840K)] 104320K->1920K(274944K), 0,0005106 secs] [Times: user=0,00 sys=0,00, real=0,00 secs] 
50,318: [GC (Allocation Failure) [PSYoungGen: 99424K->96K(119808K)] 101248K->1944K(294912K), 0,0005222 secs] [Times: user=0,00 sys=0,00, real=0,00 secs] 
50,370: [GC (Allocation Failure) [PSYoungGen: 119392K->96K(116224K)] 121240K->1944K(291328K), 0,0004826 secs] [Times: user=0,00 sys=0,00, real=0,00 secs] 
50,421: [GC (Allocation Failure) [PSYoungGen: 115808K->96K(112640K)] 117656K->1944K(287744K), 0,0004815 secs] [Times: user=0,00 sys=0,00, real=0,00 secs] 
50,471: [GC (Allocation Failure) [PSYoungGen: 112224K->96K(109568K)] 114072K->1944K(284672K), 0,0004986 secs] [Times: user=0,00 sys=0,00, real=0,00 secs] 
50,519: [GC (Allocation Failure) [PSYoungGen: 109152K->96K(106496K)] 111000K->1944K(281600K), 0,0005006 secs] [Times: user=0,00 sys=0,00, real=0,00 secs] 
50,565: [GC (Allocation Failure) [PSYoungGen: 106080K->64K(103424K)] 107928K->1912K(278528K), 0,0005201 secs] [Times: user=0,00 sys=0,00, real=0,00 secs] 
50,611: [GC (Allocation Failure) [PSYoungGen: 102976K->96K(100352K)] 104824K->1944K(275456K), 0,0005001 secs] [Times: user=0,00 sys=0,00, real=0,00 secs] 
50,655: [GC (Allocation Failure) [PSYoungGen: 99936K->64K(120320K)] 101784K->1912K(295424K), 0,0005432 secs] [Times: user=0,00 sys=0,00, real=0,00 secs] 
50,707: [GC (Allocation Failure) [PSYoungGen: 119872K->64K(116736K)] 121720K->1912K(291840K), 0,0004951 secs] [Times: user=0,00 sys=0,00, real=0,00 secs] 
50,758: [GC (Allocation Failure) [PSYoungGen: 116288K->64K(113152K)] 118136K->1912K(288256K), 0,0004844 secs] [Times: user=0,00 sys=0,00, real=0,00 secs] 
50,808: [GC (Allocation Failure) [PSYoungGen: 112704K->96K(110080K)] 114552K->1944K(285184K), 0,0006001 secs] [Times: user=0,00 sys=0,00, real=0,00 secs] 
50,857: [GC (Allocation Failure) [PSYoungGen: 109664K->96K(107008K)] 111512K->1944K(282112K), 0,0004972 secs] [Times: user=0,00 sys=0,00, real=0,00 secs] 
50,904: [GC (Allocation Failure) [PSYoungGen: 106592K->64K(103936K)] 108440K->1912K(279040K), 0,0005002 secs] [Times: user=0,00 sys=0,00, real=0,00 secs] 
50,949: [GC (Allocation Failure) [PSYoungGen: 103488K->64K(100864K)] 105336K->1912K(275968K), 0,0004792 secs] [Times: user=0,00 sys=0,00, real=0,00 secs] 
50,994: [GC (Allocation Failure) [PSYoungGen: 100416K->96K(121344K)] 102264K->1944K(296448K), 0,0005568 secs] [Times: user=0,00 sys=0,00, real=0,01 secs] 
51,047: [GC (Allocation Failure) [PSYoungGen: 120928K->96K(117760K)] 122776K->1944K(292864K), 0,0004888 secs] [Times: user=0,00 sys=0,00, real=0,00 secs] 
51,099: [GC (Allocation Failure) [PSYoungGen: 117343K->96K(114176K)] 119192K->1944K(289280K), 0,0005054 secs] [Times: user=0,00 sys=0,00, real=0,00 secs] 
51,149: [GC (Allocation Failure) [PSYoungGen: 113760K->96K(110592K)] 115608K->1944K(285696K), 0,0004775 secs] [Times: user=0,00 sys=0,00, real=0,00 secs] 
51,197: [GC (Allocation Failure) [PSYoungGen: 110176K->96K(107520K)] 112024K->1944K(282624K), 0,0005016 secs] [Times: user=0,01 sys=0,00, real=0,00 secs] 
51,244: [GC (Allocation Failure) [PSYoungGen: 107104K->96K(104448K)] 108952K->1944K(279552K), 0,0005493 secs] [Times: user=0,00 sys=0,00, real=0,00 secs] 
51,290: [GC (Allocation Failure) [PSYoungGen: 104032K->64K(101376K)] 105880K->1912K(276480K), 0,0005392 secs] [Times: user=0,00 sys=0,00, real=0,00 secs] 
51,335: [GC (Allocation Failure) [PSYoungGen: 100928K->96K(121856K)] 102776K->1944K(296960K), 0,0005155 secs] [Times: user=0,00 sys=0,00, real=0,00 secs] 
51,388: [GC (Allocation Failure) [PSYoungGen: 121440K->96K(118272K)] 123288K->1944K(293376K), 0,0005026 secs] [Times: user=0,00 sys=0,00, real=0,00 secs] 
51,439: [GC (Allocation Failure) [PSYoungGen: 117856K->96K(114688K)] 119704K->1944K(289792K), 0,0004963 secs] [Times: user=0,00 sys=0,00, real=0,00 secs] 
51,490: [GC (Allocation Failure) [PSYoungGen: 114272K->64K(111104K)] 116120K->1912K(286208K), 0,0005070 secs] [Times: user=0,00 sys=0,00, real=0,00 secs] 
51,538: [GC (Allocation Failure) [PSYoungGen: 110656K->96K(108032K)] 112504K->1944K(283136K), 0,0004868 secs] [Times: user=0,00 sys=0,00, real=0,00 secs] 
51,586: [GC (Allocation Failure) [PSYoungGen: 107616K->64K(129536K)] 109464K->1912K(304640K), 0,0006819 secs] [Times: user=0,00 sys=0,00, real=0,00 secs] 
51,642: [GC (Allocation Failure) [PSYoungGen: 129088K->64K(125440K)] 130936K->1912K(300544K), 0,0004966 secs] [Times: user=0,01 sys=0,00, real=0,00 secs] 
51,697: [GC (Allocation Failure) [PSYoungGen: 124992K->96K(121344K)] 126840K->1944K(296448K), 0,0004756 secs] [Times: user=0,00 sys=0,00, real=0,00 secs] 
51,750: [GC (Allocation Failure) [PSYoungGen: 120928K->96K(117760K)] 122776K->1944K(292864K), 0,0004891 secs] [Times: user=0,00 sys=0,00, real=0,00 secs] 
51,802: [GC (Allocation Failure) [PSYoungGen: 117344K->96K(114176K)] 119192K->1944K(289280K), 0,0004854 secs] [Times: user=0,00 sys=0,00, real=0,00 secs] 
51,852: [GC (Allocation Failure) [PSYoungGen: 113760K->96K(110592K)] 115608K->1944K(285696K), 0,0005377 secs] [Times: user=0,00 sys=0,00, real=0,00 secs] 
51,901: [GC (Allocation Failure) [PSYoungGen: 110176K->64K(107520K)] 112024K->1912K(282624K), 0,0004955 secs] [Times: user=0,01 sys=0,00, real=0,00 secs] 
51,948: [GC (Allocation Failure) [PSYoungGen: 107072K->96K(104448K)] 108920K->1944K(279552K), 0,0004830 secs] [Times: user=0,00 sys=0,00, real=0,00 secs] 
51,993: [GC (Allocation Failure) [PSYoungGen: 104032K->96K(101376K)] 105880K->1944K(276480K), 0,0004735 secs] [Times: user=0,00 sys=0,00, real=0,00 secs] 
52,038: [GC (Allocation Failure) [PSYoungGen: 100960K->96K(98816K)] 102808K->1944K(273920K), 0,0005054 secs] [Times: user=0,00 sys=0,00, real=0,00 secs] 
52,081: [GC (Allocation Failure) [PSYoungGen: 98400K->96K(96256K)] 100248K->1944K(271360K), 0,0004723 secs] [Times: user=0,00 sys=0,00, real=0,00 secs] 
52,123: [GC (Allocation Failure) [PSYoungGen: 95840K->96K(93696K)] 97688K->1944K(268800K), 0,0004722 secs] [Times: user=0,00 sys=0,00, real=0,00 secs] 
52,164: [GC (Allocation Failure) [PSYoungGen: 93280K->96K(112640K)] 95128K->1944K(287744K), 0,0004938 secs] [Times: user=0,00 sys=0,00, real=0,00 secs] 
52,214: [GC (Allocation Failure) [PSYoungGen: 112224K->64K(109568K)] 114072K->1912K(284672K), 0,0004853 secs] [Times: user=0,00 sys=0,00, real=0,01 secs] 
52,261: [GC (Allocation Failure) [PSYoungGen: 109120K->96K(106496K)] 110968K->1944K(281600K), 0,0004785 secs] [Times: user=0,00 sys=0,00, real=0,00 secs] 
52,308: [GC (Allocation Failure) [PSYoungGen: 106080K->64K(103424K)] 107928K->1912K(278528K), 0,0005403 secs] [Times: user=0,00 sys=0,00, real=0,00 secs] 
52,354: [GC (Allocation Failure) [PSYoungGen: 102976K->96K(100352K)] 104824K->1944K(275456K), 0,0005062 secs] [Times: user=0,00 sys=0,00, real=0,00 secs] 
52,398: [GC (Allocation Failure) [PSYoungGen: 99936K->96K(120320K)] 101784K->1944K(295424K), 0,0005097 secs] [Times: user=0,00 sys=0,00, real=0,00 secs] 
52,451: [GC (Allocation Failure) [PSYoungGen: 119904K->96K(144384K)] 121752K->1944K(319488K), 0,0005918 secs] [Times: user=0,00 sys=0,00, real=0,00 secs] 
52,514: [GC (Allocation Failure) [PSYoungGen: 143968K->64K(139776K)] 145816K->1912K(314880K), 0,0004722 secs] [Times: user=0,00 sys=0,00, real=0,00 secs] 
52,575: [GC (Allocation Failure) [PSYoungGen: 139328K->96K(135168K)] 141176K->1944K(310272K), 0,0005234 secs] [Times: user=0,01 sys=0,00, real=0,00 secs] 
52,634: [GC (Allocation Failure) [PSYoungGen: 134752K->64K(131072K)] 136600K->1912K(306176K), 0,0004983 secs] [Times: user=0,01 sys=0,00, real=0,00 secs] 
52,691: [GC (Allocation Failure) [PSYoungGen: 130624K->96K(126976K)] 132472K->1944K(302080K), 0,0004935 secs] [Times: user=0,00 sys=0,00, real=0,00 secs] 
52,747: [GC (Allocation Failure) [PSYoungGen: 126560K->96K(122880K)] 128408K->1944K(297984K), 0,0004831 secs] [Times: user=0,00 sys=0,00, real=0,00 secs] 
52,800: [GC (Allocation Failure) [PSYoungGen: 122464K->64K(119296K)] 124312K->1912K(294400K), 0,0005477 secs] [Times: user=0,00 sys=0,00, real=0,00 secs] 
52,853: [GC (Allocation Failure) [PSYoungGen: 118848K->96K(115712K)] 120696K->1944K(290816K), 0,0005052 secs] [Times: user=0,01 sys=0,00, real=0,00 secs] 
52,904: [GC (Allocation Failure) [PSYoungGen: 115296K->96K(112128K)] 117144K->1944K(287232K), 0,0004927 secs] [Times: user=0,00 sys=0,00, real=0,01 secs] 
52,953: [GC (Allocation Failure) [PSYoungGen: 111712K->96K(109056K)] 113560K->1944K(284160K), 0,0005036 secs] [Times: user=0,00 sys=0,00, real=0,00 secs] 
53,000: [GC (Allocation Failure) [PSYoungGen: 108640K->64K(105984K)] 110488K->1912K(281088K), 0,0004860 secs] [Times: user=0,00 sys=0,00, real=0,00 secs] 
53,047: [GC (Allocation Failure) [PSYoungGen: 105536K->96K(102912K)] 107384K->1944K(278016K), 0,0004926 secs] [Times: user=0,00 sys=0,00, real=0,00 secs] 
53,092: [GC (Allocation Failure) [PSYoungGen: 102496K->96K(99840K)] 104344K->1944K(274944K), 0,0004764 secs] [Times: user=0,00 sys=0,00, real=0,00 secs] 
53,135: [GC (Allocation Failure) [PSYoungGen: 99424K->96K(97280K)] 101272K->1944K(272384K), 0,0004743 secs] [Times: user=0,00 sys=0,00, real=0,00 secs] 
53,178: [GC (Allocation Failure) [PSYoungGen: 96864K->96K(94720K)] 98712K->1944K(269824K), 0,0005049 secs] [Times: user=0,00 sys=0,00, real=0,00 secs] 
53,220: [GC (Allocation Failure) [PSYoungGen: 94304K->96K(92160K)] 96152K->1944K(267264K), 0,0004726 secs] [Times: user=0,00 sys=0,00, real=0,00 secs] 
53,260: [GC (Allocation Failure) [PSYoungGen: 91744K->96K(110592K)] 93592K->1944K(285696K), 0,0005131 secs] [Times: user=0,00 sys=0,00, real=0,00 secs] 
53,308: [GC (Allocation Failure) [PSYoungGen: 110175K->96K(132608K)] 112024K->1944K(307712K), 0,0005319 secs] [Times: user=0,01 sys=0,00, real=0,00 secs] 
53,366: [GC (Allocation Failure) [PSYoungGen: 132192K->96K(128512K)] 134040K->1944K(303616K), 0,0005143 secs] [Times: user=0,00 sys=0,00, real=0,00 secs] 
53,423: [GC (Allocation Failure) [PSYoungGen: 128095K->64K(124416K)] 129944K->1912K(299520K), 0,0005190 secs] [Times: user=0,00 sys=0,00, real=0,00 secs] 
53,477: [GC (Allocation Failure) [PSYoungGen: 123968K->64K(120832K)] 125816K->1912K(295936K), 0,0004882 secs] [Times: user=0,01 sys=0,00, real=0,00 secs] 
53,530: [GC (Allocation Failure) [PSYoungGen: 120384K->96K(117248K)] 122232K->1944K(292352K), 0,0004986 secs] [Times: user=0,00 sys=0,00, real=0,00 secs] 
53,581: [GC (Allocation Failure) [PSYoungGen: 116832K->96K(113664K)] 118680K->1944K(288768K), 0,0004939 secs] [Times: user=0,00 sys=0,00, real=0,00 secs] 
53,631: [GC (Allocation Failure) [PSYoungGen: 113248K->96K(110592K)] 115096K->1944K(285696K), 0,0004708 secs] [Times: user=0,00 sys=0,00, real=0,00 secs] 
53,679: [GC (Allocation Failure) [PSYoungGen: 110176K->96K(107520K)] 112024K->1944K(282624K), 0,0005001 secs] [Times: user=0,00 sys=0,00, real=0,00 secs] 
53,726: [GC (Allocation Failure) [PSYoungGen: 107104K->96K(104448K)] 108952K->1944K(279552K), 0,0004665 secs] [Times: user=0,00 sys=0,00, real=0,00 secs] 
53,772: [GC (Allocation Failure) [PSYoungGen: 104032K->96K(101376K)] 105880K->1944K(276480K), 0,0004827 secs] [Times: user=0,00 sys=0,00, real=0,00 secs] 
53,816: [GC (Allocation Failure) [PSYoungGen: 100960K->64K(98816K)] 102808K->1912K(273920K), 0,0005544 secs] [Times: user=0,00 sys=0,00, real=0,00 secs] 
53,860: [GC (Allocation Failure) [PSYoungGen: 98368K->96K(96256K)] 100216K->1944K(271360K), 0,0005067 secs] [Times: user=0,00 sys=0,00, real=0,00 secs] 
53,902: [GC (Allocation Failure) [PSYoungGen: 95840K->96K(115712K)] 97688K->1944K(290816K), 0,0004918 secs] [Times: user=0,01 sys=0,00, real=0,00 secs] 
53,953: [GC (Allocation Failure) [PSYoungGen: 115296K->96K(112128K)] 117144K->1944K(287232K), 0,0004808 secs] [Times: user=0,00 sys=0,00, real=0,00 secs] 
54,002: [GC (Allocation Failure) [PSYoungGen: 111712K->96K(109056K)] 113560K->1944K(284160K), 0,0005198 secs] [Times: user=0,01 sys=0,00, real=0,00 secs] 
54,050: [GC (Allocation Failure) [PSYoungGen: 108640K->96K(105984K)] 110488K->1944K(281088K), 0,0005070 secs] [Times: user=0,00 sys=0,00, real=0,00 secs] 
54,096: [GC (Allocation Failure) [PSYoungGen: 105568K->96K(102912K)] 107416K->1944K(278016K), 0,0004908 secs] [Times: user=0,00 sys=0,00, real=0,00 secs] 
54,141: [GC (Allocation Failure) [PSYoungGen: 102496K->64K(123392K)] 104344K->1912K(298496K), 0,0005628 secs] [Times: user=0,00 sys=0,00, real=0,00 secs] 
54,195: [GC (Allocation Failure) [PSYoungGen: 122943K->96K(119808K)] 124792K->1944K(294912K), 0,0005127 secs] [Times: user=0,00 sys=0,00, real=0,00 secs] 
54,248: [GC (Allocation Failure) [PSYoungGen: 119392K->64K(116224K)] 121240K->1912K(291328K), 0,0005074 secs] [Times: user=0,00 sys=0,00, real=0,00 secs] 
54,299: [GC (Allocation Failure) [PSYoungGen: 115776K->96K(112640K)] 117624K->1944K(287744K), 0,0005094 secs] [Times: user=0,01 sys=0,00, real=0,00 secs] 
54,348: [GC (Allocation Failure) [PSYoungGen: 112224K->96K(109568K)] 114072K->1944K(284672K), 0,0005170 secs] [Times: user=0,01 sys=0,00, real=0,00 secs] 
54,396: [GC (Allocation Failure) [PSYoungGen: 109152K->96K(106496K)] 111000K->1944K(281600K), 0,0005506 secs] [Times: user=0,00 sys=0,00, real=0,00 secs] 
54,443: [GC (Allocation Failure) [PSYoungGen: 106080K->96K(103424K)] 107928K->1944K(278528K), 0,0005037 secs] [Times: user=0,00 sys=0,00, real=0,00 secs] 
54,488: [GC (Allocation Failure) [PSYoungGen: 103008K->96K(100352K)] 104856K->1944K(275456K), 0,0004835 secs] [Times: user=0,00 sys=0,00, real=0,00 secs] 
54,532: [GC (Allocation Failure) [PSYoungGen: 99936K->128K(97792K)] 101784K->1976K(272896K), 0,0004488 secs] [Times: user=0,00 sys=0,00, real=0,00 secs] 
54,575: [GC (Allocation Failure) [PSYoungGen: 97408K->64K(117248K)] 99256K->1912K(292352K), 0,0005565 secs] [Times: user=0,00 sys=0,00, real=0,00 secs] 
54,627: [GC (Allocation Failure) [PSYoungGen: 116800K->96K(113664K)] 118648K->1944K(288768K), 0,0004840 secs] [Times: user=0,00 sys=0,00, real=0,00 secs] 
54,677: [GC (Allocation Failure) [PSYoungGen: 113248K->96K(110592K)] 115096K->1944K(285696K), 0,0004995 secs] [Times: user=0,00 sys=0,00, real=0,00 secs] 
54,725: [GC (Allocation Failure) [PSYoungGen: 110176K->96K(107520K)] 112024K->1944K(282624K), 0,0004799 secs] [Times: user=0,01 sys=0,00, real=0,00 secs] 
54,772: [GC (Allocation Failure) [PSYoungGen: 107104K->96K(104448K)] 108952K->1944K(279552K), 0,0004905 secs] [Times: user=0,00 sys=0,00, real=0,00 secs] 
54,818: [GC (Allocation Failure) [PSYoungGen: 104032K->96K(101376K)] 105880K->1944K(276480K), 0,0004949 secs] [Times: user=0,00 sys=0,00, real=0,00 secs] 
54,862: [GC (Allocation Failure) [PSYoungGen: 100960K->96K(98816K)] 102808K->1944K(273920K), 0,0005018 secs] [Times: user=0,00 sys=0,00, real=0,00 secs] 
54,906: [GC (Allocation Failure) [PSYoungGen: 98400K->96K(118784K)] 100248K->1944K(293888K), 0,0005366 secs] [Times: user=0,00 sys=0,00, real=0,00 secs] 
54,958: [GC (Allocation Failure) [PSYoungGen: 118368K->96K(115200K)] 120216K->1944K(290304K), 0,0004751 secs] [Times: user=0,00 sys=0,00, real=0,00 secs] 
55,008: [GC (Allocation Failure) [PSYoungGen: 114784K->96K(111616K)] 116632K->1944K(286720K), 0,0004892 secs] [Times: user=0,00 sys=0,00, real=0,00 secs] 
55,057: [GC (Allocation Failure) [PSYoungGen: 111200K->64K(108544K)] 113048K->1912K(283648K), 0,0004908 secs] [Times: user=0,00 sys=0,00, real=0,00 secs] 
55,104: [GC (Allocation Failure) [PSYoungGen: 108096K->96K(105472K)] 109944K->1944K(280576K), 0,0004749 secs] [Times: user=0,00 sys=0,00, real=0,00 secs] 
55,150: [GC (Allocation Failure) [PSYoungGen: 105056K->96K(102400K)] 106904K->1944K(277504K), 0,0004848 secs] [Times: user=0,00 sys=0,00, real=0,00 secs] 
55,195: [GC (Allocation Failure) [PSYoungGen: 101984K->96K(99328K)] 103832K->1944K(274432K), 0,0005058 secs] [Times: user=0,00 sys=0,00, real=0,00 secs] 
55,239: [GC (Allocation Failure) [PSYoungGen: 98912K->96K(96768K)] 100760K->1944K(271872K), 0,0004848 secs] [Times: user=0,00 sys=0,00, real=0,00 secs] 
55,281: [GC (Allocation Failure) [PSYoungGen: 96352K->96K(116224K)] 98200K->1944K(291328K), 0,0004984 secs] [Times: user=0,00 sys=0,00, real=0,00 secs] 
55,332: [GC (Allocation Failure) [PSYoungGen: 115808K->96K(112640K)] 117656K->1944K(287744K), 0,0005087 secs] [Times: user=0,00 sys=0,00, real=0,00 secs] 
55,381: [GC (Allocation Failure) [PSYoungGen: 112224K->64K(109568K)] 114072K->1912K(284672K), 0,0005274 secs] [Times: user=0,00 sys=0,00, real=0,00 secs] 
55,429: [GC (Allocation Failure) [PSYoungGen: 109120K->96K(106496K)] 110968K->1944K(281600K), 0,0004826 secs] [Times: user=0,00 sys=0,00, real=0,00 secs] 
55,476: [GC (Allocation Failure) [PSYoungGen: 106080K->96K(103424K)] 107928K->1944K(278528K), 0,0004935 secs] [Times: user=0,00 sys=0,00, real=0,00 secs] 
55,521: [GC (Allocation Failure) [PSYoungGen: 103008K->96K(100352K)] 104856K->1944K(275456K), 0,0004931 secs] [Times: user=0,00 sys=0,01, real=0,00 secs] 
55,566: [GC (Allocation Failure) [PSYoungGen: 99936K->96K(120320K)] 101784K->1952K(295424K), 0,0005682 secs] [Times: user=0,00 sys=0,00, real=0,00 secs] 
55,619: [GC (Allocation Failure) [PSYoungGen: 119904K->96K(116736K)] 121760K->1952K(291840K), 0,0005113 secs] [Times: user=0,00 sys=0,00, real=0,00 secs] 
55,669: [GC (Allocation Failure) [PSYoungGen: 116320K->96K(113152K)] 118176K->1952K(288256K), 0,0004978 secs] [Times: user=0,00 sys=0,00, real=0,00 secs] 
55,719: [GC (Allocation Failure) [PSYoungGen: 112735K->96K(110080K)] 114592K->1952K(285184K), 0,0004731 secs] [Times: user=0,00 sys=0,00, real=0,00 secs] 
55,767: [GC (Allocation Failure) [PSYoungGen: 109664K->96K(107008K)] 111520K->1952K(282112K), 0,0004856 secs] [Times: user=0,00 sys=0,00, real=0,00 secs] 
55,814: [GC (Allocation Failure) [PSYoungGen: 106592K->96K(103936K)] 108448K->1952K(279040K), 0,0005090 secs] [Times: user=0,00 sys=0,00, real=0,00 secs] 
55,861: [GC (Allocation Failure) [PSYoungGen: 103520K->64K(124928K)] 105376K->1920K(300032K), 0,0010098 secs] [Times: user=0,00 sys=0,00, real=0,00 secs] 
55,920: [GC (Allocation Failure) [PSYoungGen: 124480K->96K(150016K)] 126336K->1952K(325120K), 0,0014445 secs] [Times: user=0,00 sys=0,00, real=0,00 secs] 
55,987: [GC (Allocation Failure) [PSYoungGen: 149600K->96K(180224K)] 151456K->1952K(355328K), 0,0005241 secs] [Times: user=0,00 sys=0,00, real=0,00 secs] 
56,065: [GC (Allocation Failure) [PSYoungGen: 179808K->64K(174080K)] 181664K->1920K(349184K), 0,0005216 secs] [Times: user=0,00 sys=0,00, real=0,00 secs] 
56,141: [GC (Allocation Failure) [PSYoungGen: 173632K->96K(167936K)] 175488K->1952K(343040K), 0,0004782 secs] [Times: user=0,00 sys=0,00, real=0,00 secs] 
56,215: [GC (Allocation Failure) [PSYoungGen: 167520K->64K(162304K)] 169376K->1920K(337408K), 0,0005041 secs] [Times: user=0,00 sys=0,00, real=0,00 secs] 
56,285: [GC (Allocation Failure) [PSYoungGen: 161856K->96K(156672K)] 163712K->1952K(331776K), 0,0005228 secs] [Times: user=0,00 sys=0,00, real=0,00 secs] 
56,354: [GC (Allocation Failure) [PSYoungGen: 156256K->96K(151552K)] 158112K->1952K(326656K), 0,0005558 secs] [Times: user=0,00 sys=0,00, real=0,00 secs] 
56,420: [GC (Allocation Failure) [PSYoungGen: 151136K->96K(146432K)] 152992K->1952K(321536K), 0,0005077 secs] [Times: user=0,00 sys=0,00, real=0,00 secs] 
56,484: [GC (Allocation Failure) [PSYoungGen: 146016K->96K(141824K)] 147872K->1952K(316928K), 0,0005086 secs] [Times: user=0,00 sys=0,00, real=0,00 secs] 
56,546: [GC (Allocation Failure) [PSYoungGen: 141408K->96K(137216K)] 143264K->1952K(312320K), 0,0005012 secs] [Times: user=0,00 sys=0,00, real=0,00 secs] 
56,607: [GC (Allocation Failure) [PSYoungGen: 136800K->96K(132608K)] 138656K->1952K(307712K), 0,0005349 secs] [Times: user=0,00 sys=0,00, real=0,00 secs] 
56,666: [GC (Allocation Failure) [PSYoungGen: 132192K->96K(128512K)] 134048K->1952K(303616K), 0,0005179 secs] [Times: user=0,00 sys=0,00, real=0,00 secs] 
56,722: [GC (Allocation Failure) [PSYoungGen: 128096K->96K(124416K)] 129952K->1952K(299520K), 0,0004817 secs] [Times: user=0,00 sys=0,00, real=0,00 secs] 
56,776: [GC (Allocation Failure) [PSYoungGen: 124000K->96K(120832K)] 125856K->1952K(295936K), 0,0004852 secs] [Times: user=0,00 sys=0,00, real=0,00 secs] 
56,829: [GC (Allocation Failure) [PSYoungGen: 120416K->96K(117248K)] 122272K->1952K(292352K), 0,0005180 secs] [Times: user=0,01 sys=0,00, real=0,00 secs] 
56,881: [GC (Allocation Failure) [PSYoungGen: 116832K->96K(113664K)] 118688K->1952K(288768K), 0,0005042 secs] [Times: user=0,00 sys=0,00, real=0,00 secs] 
56,930: [GC (Allocation Failure) [PSYoungGen: 113248K->96K(110592K)] 115104K->1952K(285696K), 0,0004971 secs] [Times: user=0,00 sys=0,00, real=0,00 secs] 
56,979: [GC (Allocation Failure) [PSYoungGen: 110176K->64K(107520K)] 112032K->1920K(282624K), 0,0005104 secs] [Times: user=0,00 sys=0,00, real=0,00 secs] 
57,026: [GC (Allocation Failure) [PSYoungGen: 107072K->96K(104448K)] 108928K->1952K(279552K), 0,0004888 secs] [Times: user=0,00 sys=0,00, real=0,00 secs] 
57,071: [GC (Allocation Failure) [PSYoungGen: 104032K->96K(101376K)] 105888K->1952K(276480K), 0,0005092 secs] [Times: user=0,00 sys=0,00, real=0,00 secs] 
57,116: [GC (Allocation Failure) [PSYoungGen: 100960K->96K(98816K)] 102816K->1952K(273920K), 0,0004888 secs] [Times: user=0,00 sys=0,00, real=0,00 secs] 
57,159: [GC (Allocation Failure) [PSYoungGen: 98400K->64K(96256K)] 100256K->1920K(271360K), 0,0004996 secs] [Times: user=0,00 sys=0,00, real=0,00 secs] 
57,201: [GC (Allocation Failure) [PSYoungGen: 95808K->96K(115712K)] 97664K->1952K(290816K), 0,0005247 secs] [Times: user=0,00 sys=0,00, real=0,00 secs] 
57,252: [GC (Allocation Failure) [PSYoungGen: 115296K->96K(112128K)] 117152K->1952K(287232K), 0,0005100 secs] [Times: user=0,00 sys=0,00, real=0,00 secs] 
57,301: [GC (Allocation Failure) [PSYoungGen: 111712K->96K(109056K)] 113568K->1952K(284160K), 0,0005062 secs] [Times: user=0,00 sys=0,00, real=0,00 secs] 
57,349: [GC (Allocation Failure) [PSYoungGen: 108640K->96K(105984K)] 110496K->1952K(281088K), 0,0005106 secs] [Times: user=0,00 sys=0,00, real=0,00 secs] 
57,395: [GC (Allocation Failure) [PSYoungGen: 105568K->96K(102912K)] 107424K->1952K(278016K), 0,0004935 secs] [Times: user=0,00 sys=0,00, real=0,00 secs] 
57,440: [GC (Allocation Failure) [PSYoungGen: 102496K->96K(99840K)] 104352K->1952K(274944K), 0,0004900 secs] [Times: user=0,00 sys=0,00, real=0,00 secs] 
57,484: [GC (Allocation Failure) [PSYoungGen: 99424K->96K(119808K)] 101280K->1952K(294912K), 0,0005738 secs] [Times: user=0,00 sys=0,00, real=0,00 secs] 
57,537: [GC (Allocation Failure) [PSYoungGen: 119392K->96K(116224K)] 121248K->1952K(291328K), 0,0004849 secs] [Times: user=0,00 sys=0,00, real=0,00 secs] 
57,588: [GC (Allocation Failure) [PSYoungGen: 115808K->96K(112640K)] 117664K->1952K(287744K), 0,0005134 secs] [Times: user=0,00 sys=0,00, real=0,00 secs] 
57,637: [GC (Allocation Failure) [PSYoungGen: 112224K->96K(109568K)] 114080K->1952K(284672K), 0,0004844 secs] [Times: user=0,00 sys=0,00, real=0,00 secs] 
57,685: [GC (Allocation Failure) [PSYoungGen: 109152K->64K(106496K)] 111008K->1920K(281600K), 0,0004932 secs] [Times: user=0,00 sys=0,00, real=0,00 secs] 
57,732: [GC (Allocation Failure) [PSYoungGen: 106048K->96K(103424K)] 107904K->1952K(278528K), 0,0004924 secs] [Times: user=0,00 sys=0,00, real=0,00 secs] 
57,777: [GC (Allocation Failure) [PSYoungGen: 103008K->96K(100352K)] 104864K->1952K(275456K), 0,0004999 secs] [Times: user=0,00 sys=0,00, real=0,00 secs] 
57,821: [GC (Allocation Failure) [PSYoungGen: 99936K->96K(97792K)] 101792K->1952K(272896K), 0,0005200 secs] [Times: user=0,00 sys=0,00, real=0,00 secs] 
57,864: [GC (Allocation Failure) [PSYoungGen: 97376K->32K(117248K)] 99232K->1888K(292352K), 0,0005543 secs] [Times: user=0,00 sys=0,00, real=0,00 secs] 
57,916: [GC (Allocation Failure) [PSYoungGen: 116768K->64K(113664K)] 118624K->1920K(288768K), 0,0004953 secs] [Times: user=0,00 sys=0,00, real=0,00 secs] 
57,965: [GC (Allocation Failure) [PSYoungGen: 113216K->96K(110592K)] 115072K->1952K(285696K), 0,0005019 secs] [Times: user=0,00 sys=0,00, real=0,00 secs] 
58,014: [GC (Allocation Failure) [PSYoungGen: 110176K->96K(107520K)] 112032K->1952K(282624K), 0,0004835 secs] [Times: user=0,00 sys=0,00, real=0,01 secs] 
58,061: [GC (Allocation Failure) [PSYoungGen: 107104K->96K(104448K)] 108960K->1952K(279552K), 0,0004842 secs] [Times: user=0,00 sys=0,00, real=0,00 secs] 
58,107: [GC (Allocation Failure) [PSYoungGen: 104032K->96K(101376K)] 105888K->1952K(276480K), 0,0004693 secs] [Times: user=0,00 sys=0,00, real=0,00 secs] 
58,151: [GC (Allocation Failure) [PSYoungGen: 100960K->64K(121856K)] 102816K->1920K(296960K), 0,0005629 secs] [Times: user=0,00 sys=0,00, real=0,00 secs] 
58,205: [GC (Allocation Failure) [PSYoungGen: 121408K->96K(118272K)] 123264K->1952K(293376K), 0,0005056 secs] [Times: user=0,00 sys=0,01, real=0,00 secs] 
58,257: [GC (Allocation Failure) [PSYoungGen: 117856K->96K(114688K)] 119712K->1952K(289792K), 0,0004812 secs] [Times: user=0,00 sys=0,00, real=0,00 secs] 
58,307: [GC (Allocation Failure) [PSYoungGen: 114272K->96K(111104K)] 116128K->1952K(286208K), 0,0005270 secs] [Times: user=0,00 sys=0,00, real=0,00 secs] 
58,356: [GC (Allocation Failure) [PSYoungGen: 110688K->96K(108032K)] 112544K->1952K(283136K), 0,0005222 secs] [Times: user=0,01 sys=0,00, real=0,00 secs] 
58,403: [GC (Allocation Failure) [PSYoungGen: 107616K->64K(104960K)] 109472K->1920K(280064K), 0,0005205 secs] [Times: user=0,00 sys=0,00, real=0,00 secs] 
58,449: [GC (Allocation Failure) [PSYoungGen: 104512K->96K(101888K)] 106368K->1952K(276992K), 0,0005215 secs] [Times: user=0,00 sys=0,00, real=0,00 secs] 
58,494: [GC (Allocation Failure) [PSYoungGen: 101472K->64K(122368K)] 103328K->1920K(297472K), 0,0007376 secs] [Times: user=0,01 sys=0,00, real=0,01 secs] 
58,547: [GC (Allocation Failure) [PSYoungGen: 121920K->96K(146944K)] 123776K->1952K(322048K), 0,0004928 secs] [Times: user=0,00 sys=0,00, real=0,00 secs] 
58,613: [GC (Allocation Failure) [PSYoungGen: 146528K->96K(142336K)] 148384K->1952K(317440K), 0,0005216 secs] [Times: user=0,01 sys=0,00, real=0,01 secs] 
58,675: [GC (Allocation Failure) [PSYoungGen: 141920K->64K(137728K)] 143776K->1920K(312832K), 0,0005107 secs] [Times: user=0,00 sys=0,00, real=0,00 secs] 
58,735: [GC (Allocation Failure) [PSYoungGen: 137280K->96K(133120K)] 139136K->1952K(308224K), 0,0004947 secs] [Times: user=0,00 sys=0,00, real=0,00 secs] 
58,793: [GC (Allocation Failure) [PSYoungGen: 132704K->96K(129024K)] 134560K->1952K(304128K), 0,0005093 secs] [Times: user=0,00 sys=0,00, real=0,01 secs] 
58,850: [GC (Allocation Failure) [PSYoungGen: 128608K->96K(124928K)] 130464K->1952K(300032K), 0,0005304 secs] [Times: user=0,00 sys=0,00, real=0,00 secs] 
58,905: [GC (Allocation Failure) [PSYoungGen: 124512K->96K(121344K)] 126368K->1952K(296448K), 0,0005031 secs] [Times: user=0,00 sys=0,00, real=0,00 secs] 
58,958: [GC (Allocation Failure) [PSYoungGen: 120928K->64K(117760K)] 122784K->1920K(292864K), 0,0006027 secs] [Times: user=0,00 sys=0,00, real=0,00 secs] 
59,010: [GC (Allocation Failure) [PSYoungGen: 117312K->96K(114176K)] 119168K->1952K(289280K), 0,0004977 secs] [Times: user=0,00 sys=0,00, real=0,00 secs] 
59,060: [GC (Allocation Failure) [PSYoungGen: 113760K->96K(110592K)] 115616K->1952K(285696K), 0,0004936 secs] [Times: user=0,01 sys=0,00, real=0,00 secs] 
59,109: [GC (Allocation Failure) [PSYoungGen: 110176K->96K(107520K)] 112032K->1952K(282624K), 0,0004805 secs] [Times: user=0,00 sys=0,00, real=0,00 secs] 
59,156: [GC (Allocation Failure) [PSYoungGen: 107104K->64K(129024K)] 108960K->1920K(304128K), 0,0009218 secs] [Times: user=0,00 sys=0,00, real=0,00 secs] 
59,213: [GC (Allocation Failure) [PSYoungGen: 128576K->64K(155136K)] 130432K->1920K(330240K), 0,0006157 secs] [Times: user=0,00 sys=0,00, real=0,01 secs] 
59,282: [GC (Allocation Failure) [PSYoungGen: 154688K->96K(150016K)] 156544K->1952K(325120K), 0,0005171 secs] [Times: user=0,00 sys=0,00, real=0,00 secs] 
59,348: [GC (Allocation Failure) [PSYoungGen: 149600K->96K(144896K)] 151456K->1952K(320000K), 0,0005125 secs] [Times: user=0,01 sys=0,00, real=0,00 secs] 
59,412: [GC (Allocation Failure) [PSYoungGen: 144480K->96K(140288K)] 146336K->1952K(315392K), 0,0005307 secs] [Times: user=0,00 sys=0,00, real=0,00 secs] 
59,474: [GC (Allocation Failure) [PSYoungGen: 139872K->96K(135680K)] 141728K->1952K(310784K), 0,0004996 secs] [Times: user=0,00 sys=0,00, real=0,00 secs] 
59,534: [GC (Allocation Failure) [PSYoungGen: 135264K->96K(131584K)] 137120K->1952K(306688K), 0,0005620 secs] [Times: user=0,00 sys=0,00, real=0,01 secs] 
59,592: [GC (Allocation Failure) [PSYoungGen: 131168K->96K(127488K)] 133024K->1952K(302592K), 0,0005098 secs] [Times: user=0,00 sys=0,00, real=0,00 secs] 
59,648: [GC (Allocation Failure) [PSYoungGen: 127072K->64K(123392K)] 128928K->1920K(298496K), 0,0005522 secs] [Times: user=0,01 sys=0,00, real=0,00 secs] 
59,703: [GC (Allocation Failure) [PSYoungGen: 122944K->96K(119808K)] 124800K->1952K(294912K), 0,0005163 secs] [Times: user=0,00 sys=0,00, real=0,00 secs] 
59,755: [GC (Allocation Failure) [PSYoungGen: 119392K->96K(116224K)] 121248K->1952K(291328K), 0,0004884 secs] [Times: user=0,00 sys=0,00, real=0,00 secs] 
59,806: [GC (Allocation Failure) [PSYoungGen: 115808K->64K(112640K)] 117664K->1920K(287744K), 0,0005645 secs] [Times: user=0,00 sys=0,00, real=0,00 secs] 
59,856: [GC (Allocation Failure) [PSYoungGen: 112192K->64K(109568K)] 114048K->1920K(284672K), 0,0005072 secs] [Times: user=0,00 sys=0,00, real=0,00 secs] 
59,904: [GC (Allocation Failure) [PSYoungGen: 109120K->96K(106496K)] 110976K->1952K(281600K), 0,0004727 secs] [Times: user=0,00 sys=0,00, real=0,01 secs] 
59,950: [GC (Allocation Failure) [PSYoungGen: 106080K->96K(103424K)] 107936K->1952K(278528K), 0,0005436 secs] [Times: user=0,00 sys=0,00, real=0,00 secs] 
59,996: [GC (Allocation Failure) [PSYoungGen: 103008K->64K(100352K)] 104864K->1920K(275456K), 0,0004936 secs] [Times: user=0,01 sys=0,00, real=0,00 secs] 
60,040: [GC (Allocation Failure) [PSYoungGen: 99904K->96K(97792K)] 101760K->1952K(272896K), 0,0005160 secs] [Times: user=0,00 sys=0,00, real=0,00 secs] 
60,082: [GC (Allocation Failure) [PSYoungGen: 97376K->96K(95232K)] 99232K->1952K(270336K), 0,0004740 secs] [Times: user=0,00 sys=0,00, real=0,00 secs] 
60,124: [GC (Allocation Failure) [PSYoungGen: 94816K->96K(114176K)] 96672K->1952K(289280K), 0,0004946 secs] [Times: user=0,01 sys=0,00, real=0,00 secs] 
60,175: [GC (Allocation Failure) [PSYoungGen: 113760K->96K(110592K)] 115616K->1952K(285696K), 0,0005161 secs] [Times: user=0,01 sys=0,00, real=0,00 secs] 
60,223: [GC (Allocation Failure) [PSYoungGen: 110176K->96K(107520K)] 112032K->1952K(282624K), 0,0005154 secs] [Times: user=0,01 sys=0,00, real=0,01 secs] 
60,272: [GC (Allocation Failure) [PSYoungGen: 107104K->160K(104448K)] 108960K->2016K(279552K), 0,0005096 secs] [Times: user=0,01 sys=0,00, real=0,00 secs] 
60,317: [GC (Allocation Failure) [PSYoungGen: 104096K->96K(125440K)] 105952K->1984K(300544K), 0,0005396 secs] [Times: user=0,00 sys=0,00, real=0,00 secs] 
60,373: [GC (Allocation Failure) [PSYoungGen: 125024K->64K(121344K)] 126912K->1952K(296448K), 0,0005225 secs] [Times: user=0,00 sys=0,00, real=0,00 secs] 
60,426: [GC (Allocation Failure) [PSYoungGen: 120896K->96K(117760K)] 122784K->1984K(292864K), 0,0005093 secs] [Times: user=0,00 sys=0,00, real=0,00 secs] 
60,478: [GC (Allocation Failure) [PSYoungGen: 117344K->64K(114176K)] 119232K->1952K(289280K), 0,0005539 secs] [Times: user=0,00 sys=0,00, real=0,00 secs] 
60,528: [GC (Allocation Failure) [PSYoungGen: 113728K->64K(110592K)] 115616K->1952K(285696K), 0,0004664 secs] [Times: user=0,00 sys=0,00, real=0,00 secs] 
60,576: [GC (Allocation Failure) [PSYoungGen: 110144K->96K(107520K)] 112032K->1984K(282624K), 0,0005276 secs] [Times: user=0,00 sys=0,00, real=0,00 secs] 
60,623: [GC (Allocation Failure) [PSYoungGen: 107104K->96K(104448K)] 108992K->1984K(279552K), 0,0004866 secs] [Times: user=0,00 sys=0,00, real=0,01 secs] 
60,669: [GC (Allocation Failure) [PSYoungGen: 104032K->96K(101376K)] 105920K->1984K(276480K), 0,0005305 secs] [Times: user=0,01 sys=0,00, real=0,00 secs] 
60,713: [GC (Allocation Failure) [PSYoungGen: 100960K->96K(98816K)] 102848K->1984K(273920K), 0,0004958 secs] [Times: user=0,00 sys=0,00, real=0,01 secs] 
60,757: [GC (Allocation Failure) [PSYoungGen: 98400K->96K(118784K)] 100288K->1984K(293888K), 0,0004935 secs] [Times: user=0,00 sys=0,00, real=0,00 secs] 
60,809: [GC (Allocation Failure) [PSYoungGen: 118368K->64K(115200K)] 120256K->1952K(290304K), 0,0004949 secs] [Times: user=0,00 sys=0,00, real=0,00 secs] 
60,860: [GC (Allocation Failure) [PSYoungGen: 114752K->96K(111616K)] 116640K->1984K(286720K), 0,0005143 secs] [Times: user=0,00 sys=0,00, real=0,00 secs] 
60,908: [GC (Allocation Failure) [PSYoungGen: 111200K->96K(108544K)] 113088K->1984K(283648K), 0,0004859 secs] [Times: user=0,00 sys=0,00, real=0,00 secs] 
60,956: [GC (Allocation Failure) [PSYoungGen: 108128K->96K(105472K)] 110016K->1984K(280576K), 0,0005143 secs] [Times: user=0,01 sys=0,00, real=0,00 secs] 
61,002: [GC (Allocation Failure) [PSYoungGen: 105055K->96K(102400K)] 106944K->1984K(277504K), 0,0004907 secs] [Times: user=0,00 sys=0,00, real=0,00 secs] 
61,047: [GC (Allocation Failure) [PSYoungGen: 101984K->96K(99328K)] 103872K->1984K(274432K), 0,0005465 secs] [Times: user=0,00 sys=0,00, real=0,00 secs] 
61,091: [GC (Allocation Failure) [PSYoungGen: 98912K->96K(119296K)] 100800K->1984K(294400K), 0,0005391 secs] [Times: user=0,00 sys=0,00, real=0,00 secs] 
61,143: [GC (Allocation Failure) [PSYoungGen: 118880K->32K(143360K)] 120768K->1920K(318464K), 0,0005264 secs] [Times: user=0,00 sys=0,00, real=0,00 secs] 
61,206: [GC (Allocation Failure) [PSYoungGen: 142880K->96K(138752K)] 144768K->1984K(313856K), 0,0005048 secs] [Times: user=0,00 sys=0,00, real=0,00 secs] 
61,266: [GC (Allocation Failure) [PSYoungGen: 138336K->96K(134144K)] 140224K->1984K(309248K), 0,0005118 secs] [Times: user=0,00 sys=0,00, real=0,00 secs] 
61,325: [GC (Allocation Failure) [PSYoungGen: 133728K->96K(130048K)] 135616K->1984K(305152K), 0,0005033 secs] [Times: user=0,00 sys=0,00, real=0,00 secs] 
61,382: [GC (Allocation Failure) [PSYoungGen: 129632K->96K(125952K)] 131520K->1984K(301056K), 0,0005197 secs] [Times: user=0,01 sys=0,00, real=0,00 secs] 
61,438: [GC (Allocation Failure) [PSYoungGen: 125536K->96K(121856K)] 127424K->1984K(296960K), 0,0005004 secs] [Times: user=0,00 sys=0,00, real=0,00 secs] 
61,491: [GC (Allocation Failure) [PSYoungGen: 121440K->96K(118272K)] 123328K->1984K(293376K), 0,0005240 secs] [Times: user=0,00 sys=0,00, real=0,00 secs] 
61,543: [GC (Allocation Failure) [PSYoungGen: 117856K->96K(114688K)] 119744K->1984K(289792K), 0,0005394 secs] [Times: user=0,00 sys=0,00, real=0,01 secs] 
61,594: [GC (Allocation Failure) [PSYoungGen: 114272K->64K(111104K)] 116160K->1952K(286208K), 0,0006859 secs] [Times: user=0,00 sys=0,00, real=0,00 secs] 
61,642: [GC (Allocation Failure) [PSYoungGen: 110656K->64K(108032K)] 112544K->1952K(283136K), 0,0005373 secs] [Times: user=0,00 sys=0,00, real=0,00 secs] 
61,690: [GC (Allocation Failure) [PSYoungGen: 107584K->96K(104960K)] 109472K->1984K(280064K), 0,0004954 secs] [Times: user=0,01 sys=0,00, real=0,00 secs] 
61,736: [GC (Allocation Failure) [PSYoungGen: 104544K->96K(101888K)] 106432K->1984K(276992K), 0,0004859 secs] [Times: user=0,00 sys=0,00, real=0,00 secs] 
61,780: [GC (Allocation Failure) [PSYoungGen: 101472K->96K(122368K)] 103360K->1984K(297472K), 0,0005635 secs] [Times: user=0,00 sys=0,00, real=0,00 secs] 
61,834: [GC (Allocation Failure) [PSYoungGen: 121952K->96K(118784K)] 123840K->1984K(293888K), 0,0005228 secs] [Times: user=0,00 sys=0,00, real=0,00 secs] 
61,886: [GC (Allocation Failure) [PSYoungGen: 118368K->96K(115200K)] 120256K->1984K(290304K), 0,0005167 secs] [Times: user=0,00 sys=0,00, real=0,00 secs] 
61,937: [GC (Allocation Failure) [PSYoungGen: 114784K->96K(111616K)] 116672K->1984K(286720K), 0,0005093 secs] [Times: user=0,00 sys=0,00, real=0,00 secs] 
61,985: [GC (Allocation Failure) [PSYoungGen: 111200K->64K(108544K)] 113088K->1952K(283648K), 0,0005275 secs] [Times: user=0,00 sys=0,00, real=0,00 secs] 
62,033: [GC (Allocation Failure) [PSYoungGen: 108096K->96K(105472K)] 109984K->1984K(280576K), 0,0004754 secs] [Times: user=0,00 sys=0,00, real=0,00 secs] 
62,079: [GC (Allocation Failure) [PSYoungGen: 105056K->64K(102400K)] 106944K->1952K(277504K), 0,0005274 secs] [Times: user=0,00 sys=0,00, real=0,00 secs] 
62,124: [GC (Allocation Failure) [PSYoungGen: 101952K->96K(99328K)] 103840K->1984K(274432K), 0,0004844 secs] [Times: user=0,00 sys=0,00, real=0,00 secs] 
62,167: [GC (Allocation Failure) [PSYoungGen: 98912K->64K(119296K)] 100800K->1952K(294400K), 0,0005610 secs] [Times: user=0,00 sys=0,00, real=0,00 secs] 
62,220: [GC (Allocation Failure) [PSYoungGen: 118848K->96K(115712K)] 120736K->1984K(290816K), 0,0005132 secs] [Times: user=0,00 sys=0,00, real=0,00 secs] 
62,270: [GC (Allocation Failure) [PSYoungGen: 115296K->96K(112128K)] 117184K->1984K(287232K), 0,0005334 secs] [Times: user=0,00 sys=0,00, real=0,00 secs] 
62,319: [GC (Allocation Failure) [PSYoungGen: 111712K->96K(109056K)] 113600K->1984K(284160K), 0,0004797 secs] [Times: user=0,00 sys=0,00, real=0,00 secs] 
62,368: [GC (Allocation Failure) [PSYoungGen: 108640K->96K(105984K)] 110528K->1984K(281088K), 0,0005084 secs] [Times: user=0,00 sys=0,00, real=0,00 secs] 
62,414: [GC (Allocation Failure) [PSYoungGen: 105568K->96K(102912K)] 107456K->1984K(278016K), 0,0005507 secs] [Times: user=0,00 sys=0,00, real=0,00 secs] 
62,460: [GC (Allocation Failure) [PSYoungGen: 102496K->96K(123392K)] 104384K->1984K(298496K), 0,0005949 secs] [Times: user=0,00 sys=0,00, real=0,00 secs] 
62,514: [GC (Allocation Failure) [PSYoungGen: 122976K->64K(119808K)] 124864K->1952K(294912K), 0,0004957 secs] [Times: user=0,00 sys=0,00, real=0,01 secs] 
62,566: [GC (Allocation Failure) [PSYoungGen: 119360K->96K(116224K)] 121248K->1984K(291328K), 0,0004934 secs] [Times: user=0,00 sys=0,00, real=0,00 secs] 
62,617: [GC (Allocation Failure) [PSYoungGen: 115808K->32K(112640K)] 117696K->1920K(287744K), 0,0005625 secs] [Times: user=0,00 sys=0,00, real=0,00 secs] 
62,666: [GC (Allocation Failure) [PSYoungGen: 112160K->96K(109568K)] 114048K->1984K(284672K), 0,0004995 secs] [Times: user=0,00 sys=0,00, real=0,00 secs] 
62,714: [GC (Allocation Failure) [PSYoungGen: 109152K->96K(106496K)] 111040K->1984K(281600K), 0,0004762 secs] [Times: user=0,00 sys=0,00, real=0,00 secs] 
62,761: [GC (Allocation Failure) [PSYoungGen: 106080K->96K(103424K)] 107968K->1984K(278528K), 0,0004992 secs] [Times: user=0,01 sys=0,00, real=0,00 secs] 
62,806: [GC (Allocation Failure) [PSYoungGen: 103008K->96K(100352K)] 104896K->1984K(275456K), 0,0004815 secs] [Times: user=0,00 sys=0,00, real=0,00 secs] 
62,850: [GC (Allocation Failure) [PSYoungGen: 99936K->96K(120320K)] 101824K->1984K(295424K), 0,0005490 secs] [Times: user=0,01 sys=0,00, real=0,00 secs] 
62,903: [GC (Allocation Failure) [PSYoungGen: 119904K->96K(116736K)] 121792K->1984K(291840K), 0,0004897 secs] [Times: user=0,00 sys=0,00, real=0,00 secs] 
62,953: [GC (Allocation Failure) [PSYoungGen: 116320K->64K(113152K)] 118208K->1952K(288256K), 0,0005000 secs] [Times: user=0,00 sys=0,00, real=0,01 secs] 
63,003: [GC (Allocation Failure) [PSYoungGen: 112704K->96K(110080K)] 114592K->1984K(285184K), 0,0004800 secs] [Times: user=0,00 sys=0,00, real=0,00 secs] 
63,051: [GC (Allocation Failure) [PSYoungGen: 109664K->96K(107008K)] 111552K->1984K(282112K), 0,0004790 secs] [Times: user=0,00 sys=0,00, real=0,00 secs] 
63,098: [GC (Allocation Failure) [PSYoungGen: 106592K->96K(103936K)] 108480K->1984K(279040K), 0,0004745 secs] [Times: user=0,01 sys=0,00, real=0,00 secs] 
63,143: [GC (Allocation Failure) [PSYoungGen: 103520K->96K(100864K)] 105408K->1984K(275968K), 0,0004750 secs] [Times: user=0,00 sys=0,00, real=0,00 secs] 
63,187: [GC (Allocation Failure) [PSYoungGen: 100448K->96K(98304K)] 102336K->1984K(273408K), 0,0005783 secs] [Times: user=0,01 sys=0,01, real=0,00 secs] 
63,230: [GC (Allocation Failure) [PSYoungGen: 97888K->64K(118272K)] 99776K->1952K(293376K), 0,0006739 secs] [Times: user=0,00 sys=0,00, real=0,00 secs] 
63,282: [GC (Allocation Failure) [PSYoungGen: 117824K->96K(141824K)] 119712K->1984K(316928K), 0,0005099 secs] [Times: user=0,00 sys=0,00, real=0,00 secs] 
63,344: [GC (Allocation Failure) [PSYoungGen: 141408K->96K(137216K)] 143296K->1984K(312320K), 0,0004996 secs] [Times: user=0,00 sys=0,00, real=0,00 secs] 
63,404: [GC (Allocation Failure) [PSYoungGen: 136800K->96K(132608K)] 138688K->1984K(307712K), 0,0005108 secs] [Times: user=0,00 sys=0,00, real=0,00 secs] 
63,462: [GC (Allocation Failure) [PSYoungGen: 132192K->96K(128512K)] 134080K->1984K(303616K), 0,0005234 secs] [Times: user=0,00 sys=0,00, real=0,00 secs] 
63,518: [GC (Allocation Failure) [PSYoungGen: 128096K->96K(124416K)] 129984K->1984K(299520K), 0,0004899 secs] [Times: user=0,00 sys=0,00, real=0,00 secs] 
63,573: [GC (Allocation Failure) [PSYoungGen: 124000K->64K(120832K)] 125888K->1952K(295936K), 0,0005370 secs] [Times: user=0,00 sys=0,00, real=0,00 secs] 
63,626: [GC (Allocation Failure) [PSYoungGen: 120384K->96K(117248K)] 122272K->1984K(292352K), 0,0004986 secs] [Times: user=0,00 sys=0,00, real=0,00 secs] 
63,677: [GC (Allocation Failure) [PSYoungGen: 116832K->96K(113664K)] 118720K->1984K(288768K), 0,0005021 secs] [Times: user=0,00 sys=0,00, real=0,00 secs] 
63,726: [GC (Allocation Failure) [PSYoungGen: 113248K->96K(110592K)] 115136K->1984K(285696K), 0,0004999 secs] [Times: user=0,00 sys=0,00, real=0,00 secs] 
63,775: [GC (Allocation Failure) [PSYoungGen: 110176K->96K(107520K)] 112064K->1984K(282624K), 0,0004758 secs] [Times: user=0,00 sys=0,00, real=0,00 secs] 
63,822: [GC (Allocation Failure) [PSYoungGen: 107104K->96K(104448K)] 108992K->1984K(279552K), 0,0004899 secs] [Times: user=0,01 sys=0,00, real=0,00 secs] 
63,868: [GC (Allocation Failure) [PSYoungGen: 104032K->96K(101376K)] 105920K->1984K(276480K), 0,0005224 secs] [Times: user=0,00 sys=0,00, real=0,00 secs] 
63,912: [GC (Allocation Failure) [PSYoungGen: 100960K->64K(98816K)] 102848K->1952K(273920K), 0,0004834 secs] [Times: user=0,00 sys=0,00, real=0,00 secs] 
63,956: [GC (Allocation Failure) [PSYoungGen: 98368K->96K(96256K)] 100256K->1984K(271360K), 0,0005287 secs] [Times: user=0,00 sys=0,00, real=0,00 secs] 
63,998: [GC (Allocation Failure) [PSYoungGen: 95840K->96K(115712K)] 97728K->1984K(290816K), 0,0004844 secs] [Times: user=0,00 sys=0,00, real=0,00 secs] 
64,049: [GC (Allocation Failure) [PSYoungGen: 115296K->96K(112128K)] 117184K->1984K(287232K), 0,0004895 secs] [Times: user=0,01 sys=0,00, real=0,00 secs] 
64,098: [GC (Allocation Failure) [PSYoungGen: 111712K->64K(109056K)] 113600K->1952K(284160K), 0,0004790 secs] [Times: user=0,00 sys=0,00, real=0,00 secs] 
64,145: [GC (Allocation Failure) [PSYoungGen: 108608K->96K(105984K)] 110496K->1984K(281088K), 0,0005186 secs] [Times: user=0,00 sys=0,00, real=0,00 secs] 
64,192: [GC (Allocation Failure) [PSYoungGen: 105568K->96K(102912K)] 107456K->1984K(278016K), 0,0005097 secs] [Times: user=0,00 sys=0,00, real=0,00 secs] 
64,237: [GC (Allocation Failure) [PSYoungGen: 102496K->96K(99840K)] 104384K->1984K(274944K), 0,0005010 secs] [Times: user=0,00 sys=0,00, real=0,00 secs] 
64,280: [GC (Allocation Failure) [PSYoungGen: 99424K->96K(97280K)] 101312K->1984K(272384K), 0,0004857 secs] [Times: user=0,00 sys=0,00, real=0,00 secs] 
64,323: [GC (Allocation Failure) [PSYoungGen: 96864K->96K(116736K)] 98752K->1984K(291840K), 0,0005042 secs] [Times: user=0,00 sys=0,00, real=0,00 secs] 
64,374: [GC (Allocation Failure) [PSYoungGen: 116320K->96K(113152K)] 118208K->1984K(288256K), 0,0005201 secs] [Times: user=0,00 sys=0,00, real=0,00 secs] 
64,424: [GC (Allocation Failure) [PSYoungGen: 112736K->64K(110080K)] 114624K->1952K(285184K), 0,0005091 secs] [Times: user=0,00 sys=0,00, real=0,00 secs] 
64,472: [GC (Allocation Failure) [PSYoungGen: 109632K->96K(107008K)] 111520K->1984K(282112K), 0,0005171 secs] [Times: user=0,00 sys=0,00, real=0,00 secs] 
64,519: [GC (Allocation Failure) [PSYoungGen: 106592K->96K(103936K)] 108480K->1984K(279040K), 0,0005138 secs] [Times: user=0,00 sys=0,00, real=0,00 secs] 
64,564: [GC (Allocation Failure) [PSYoungGen: 103520K->64K(124928K)] 105408K->1952K(300032K), 0,0005863 secs] [Times: user=0,01 sys=0,00, real=0,00 secs] 
64,620: [GC (Allocation Failure) [PSYoungGen: 124480K->96K(150016K)] 126368K->1984K(325120K), 0,0005665 secs] [Times: user=0,00 sys=0,00, real=0,00 secs] 
64,685: [GC (Allocation Failure) [PSYoungGen: 149600K->64K(144896K)] 151488K->1952K(320000K), 0,0004998 secs] [Times: user=0,00 sys=0,00, real=0,00 secs] 
64,748: [GC (Allocation Failure) [PSYoungGen: 144448K->64K(140288K)] 146336K->1952K(315392K), 0,0005246 secs] [Times: user=0,00 sys=0,00, real=0,00 secs] 
64,809: [GC (Allocation Failure) [PSYoungGen: 139840K->96K(135680K)] 141728K->1984K(310784K), 0,0005047 secs] [Times: user=0,00 sys=0,00, real=0,00 secs] 
64,869: [GC (Allocation Failure) [PSYoungGen: 135264K->96K(131584K)] 137152K->1984K(306688K), 0,0005221 secs] [Times: user=0,00 sys=0,00, real=0,00 secs] 
64,926: [GC (Allocation Failure) [PSYoungGen: 131168K->96K(127488K)] 133056K->1984K(302592K), 0,0005361 secs] [Times: user=0,00 sys=0,00, real=0,00 secs] 
64,982: [GC (Allocation Failure) [PSYoungGen: 127072K->32K(123392K)] 128960K->1920K(298496K), 0,0005637 secs] [Times: user=0,00 sys=0,00, real=0,00 secs] 
65,036: [GC (Allocation Failure) [PSYoungGen: 122912K->96K(119808K)] 124800K->1984K(294912K), 0,0005098 secs] [Times: user=0,00 sys=0,00, real=0,00 secs] 
65,089: [GC (Allocation Failure) [PSYoungGen: 119392K->64K(116224K)] 121280K->1952K(291328K), 0,0005021 secs] [Times: user=0,00 sys=0,00, real=0,00 secs] 
65,140: [GC (Allocation Failure) [PSYoungGen: 115776K->96K(112640K)] 117664K->1984K(287744K), 0,0005471 secs] [Times: user=0,01 sys=0,00, real=0,00 secs] 
65,189: [GC (Allocation Failure) [PSYoungGen: 112224K->96K(109568K)] 114112K->1984K(284672K), 0,0005169 secs] [Times: user=0,00 sys=0,00, real=0,00 secs] 
65,237: [GC (Allocation Failure) [PSYoungGen: 109152K->64K(106496K)] 111040K->1952K(281600K), 0,0005846 secs] [Times: user=0,00 sys=0,00, real=0,00 secs] 
65,284: [GC (Allocation Failure) [PSYoungGen: 106047K->64K(103424K)] 107936K->1952K(278528K), 0,0004892 secs] [Times: user=0,00 sys=0,00, real=0,00 secs] 
65,329: [GC (Allocation Failure) [PSYoungGen: 102976K->96K(100352K)] 104864K->1984K(275456K), 0,0004994 secs] [Times: user=0,01 sys=0,00, real=0,00 secs] 
65,373: [GC (Allocation Failure) [PSYoungGen: 99936K->96K(97792K)] 101824K->1984K(272896K), 0,0005189 secs] [Times: user=0,00 sys=0,00, real=0,00 secs] 
65,416: [GC (Allocation Failure) [PSYoungGen: 97376K->96K(95232K)] 99264K->1984K(270336K), 0,0004853 secs] [Times: user=0,00 sys=0,00, real=0,00 secs] 
65,458: [GC (Allocation Failure) [PSYoungGen: 94816K->96K(114176K)] 96704K->1984K(289280K), 0,0005124 secs] [Times: user=0,01 sys=0,00, real=0,00 secs] 
65,508: [GC (Allocation Failure) [PSYoungGen: 113760K->64K(137216K)] 115648K->1952K(312320K), 0,0005664 secs] [Times: user=0,00 sys=0,00, real=0,00 secs] 
65,567: [GC (Allocation Failure) [PSYoungGen: 136768K->32K(132608K)] 138656K->1920K(307712K), 0,0004942 secs] [Times: user=0,00 sys=0,00, real=0,00 secs] 
65,626: [GC (Allocation Failure) [PSYoungGen: 132128K->96K(128512K)] 134016K->1984K(303616K), 0,0005643 secs] [Times: user=0,00 sys=0,00, real=0,00 secs] 
65,682: [GC (Allocation Failure) [PSYoungGen: 128096K->96K(124416K)] 129984K->1984K(299520K), 0,0005116 secs] [Times: user=0,00 sys=0,00, real=0,00 secs] 
65,737: [GC (Allocation Failure) [PSYoungGen: 124000K->96K(120832K)] 125888K->1984K(295936K), 0,0004884 secs] [Times: user=0,00 sys=0,00, real=0,00 secs] 
65,789: [GC (Allocation Failure) [PSYoungGen: 120416K->96K(117248K)] 122304K->1984K(292352K), 0,0004859 secs] [Times: user=0,00 sys=0,01, real=0,00 secs] 
65,841: [GC (Allocation Failure) [PSYoungGen: 116832K->96K(113664K)] 118720K->1984K(288768K), 0,0005023 secs] [Times: user=0,00 sys=0,00, real=0,00 secs] 
65,891: [GC (Allocation Failure) [PSYoungGen: 113248K->96K(110592K)] 115136K->1984K(285696K), 0,0005164 secs] [Times: user=0,00 sys=0,00, real=0,00 secs] 
65,939: [GC (Allocation Failure) [PSYoungGen: 110176K->96K(107520K)] 112064K->1984K(282624K), 0,0004799 secs] [Times: user=0,00 sys=0,00, real=0,00 secs] 
65,986: [GC (Allocation Failure) [PSYoungGen: 107104K->64K(104448K)] 108992K->1952K(279552K), 0,0005374 secs] [Times: user=0,00 sys=0,00, real=0,00 secs] 
66,032: [GC (Allocation Failure) [PSYoungGen: 104000K->96K(101376K)] 105888K->1984K(276480K), 0,0004997 secs] [Times: user=0,00 sys=0,00, real=0,00 secs] 
66,077: [GC (Allocation Failure) [PSYoungGen: 100960K->96K(98816K)] 102848K->1984K(273920K), 0,0004614 secs] [Times: user=0,00 sys=0,00, real=0,00 secs] 
66,120: [GC (Allocation Failure) [PSYoungGen: 98400K->96K(96256K)] 100288K->1984K(271360K), 0,0004880 secs] [Times: user=0,00 sys=0,00, real=0,00 secs] 
66,162: [GC (Allocation Failure) [PSYoungGen: 95839K->96K(93696K)] 97728K->1984K(268800K), 0,0005038 secs] [Times: user=0,00 sys=0,00, real=0,00 secs] 
66,203: [GC (Allocation Failure) [PSYoungGen: 93280K->96K(112640K)] 95168K->1984K(287744K), 0,0005457 secs] [Times: user=0,00 sys=0,00, real=0,01 secs] 
66,252: [GC (Allocation Failure) [PSYoungGen: 112224K->96K(135168K)] 114112K->1984K(310272K), 0,0005071 secs] [Times: user=0,00 sys=0,00, real=0,00 secs] 
66,311: [GC (Allocation Failure) [PSYoungGen: 134752K->96K(131072K)] 136640K->1984K(306176K), 0,0005250 secs] [Times: user=0,00 sys=0,00, real=0,00 secs] 
66,368: [GC (Allocation Failure) [PSYoungGen: 130656K->96K(126976K)] 132544K->1984K(302080K), 0,0005196 secs] [Times: user=0,00 sys=0,00, real=0,00 secs] 
66,424: [GC (Allocation Failure) [PSYoungGen: 126560K->64K(122880K)] 128448K->1952K(297984K), 0,0005215 secs] [Times: user=0,00 sys=0,00, real=0,00 secs] 
66,477: [GC (Allocation Failure) [PSYoungGen: 122432K->96K(119296K)] 124320K->1984K(294400K), 0,0004937 secs] [Times: user=0,00 sys=0,00, real=0,00 secs] 
66,530: [GC (Allocation Failure) [PSYoungGen: 118880K->96K(115712K)] 120768K->1984K(290816K), 0,0004942 secs] [Times: user=0,00 sys=0,00, real=0,00 secs] 
66,580: [GC (Allocation Failure) [PSYoungGen: 115296K->64K(112128K)] 117184K->1952K(287232K), 0,0005079 secs] [Times: user=0,00 sys=0,00, real=0,00 secs] 
66,629: [GC (Allocation Failure) [PSYoungGen: 111680K->96K(109056K)] 113568K->1984K(284160K), 0,0004956 secs] [Times: user=0,00 sys=0,00, real=0,00 secs] 
66,677: [GC (Allocation Failure) [PSYoungGen: 108640K->96K(105984K)] 110528K->1984K(281088K), 0,0004860 secs] [Times: user=0,01 sys=0,00, real=0,00 secs] 
66,724: [GC (Allocation Failure) [PSYoungGen: 105568K->96K(102912K)] 107456K->1984K(278016K), 0,0004839 secs] [Times: user=0,00 sys=0,00, real=0,01 secs] 
66,769: [GC (Allocation Failure) [PSYoungGen: 102496K->96K(99840K)] 104384K->1984K(274944K), 0,0005211 secs] [Times: user=0,00 sys=0,00, real=0,00 secs] 
66,813: [GC (Allocation Failure) [PSYoungGen: 99424K->64K(119808K)] 101312K->1952K(294912K), 0,0007220 secs] [Times: user=0,00 sys=0,00, real=0,00 secs] 
66,866: [GC (Allocation Failure) [PSYoungGen: 119360K->96K(143872K)] 121248K->1984K(318976K), 0,0005830 secs] [Times: user=0,00 sys=0,00, real=0,00 secs] 
66,928: [GC (Allocation Failure) [PSYoungGen: 143456K->96K(139264K)] 145344K->1984K(314368K), 0,0004786 secs] [Times: user=0,00 sys=0,00, real=0,00 secs] 
66,989: [GC (Allocation Failure) [PSYoungGen: 138848K->64K(134656K)] 140736K->1952K(309760K), 0,0004937 secs] [Times: user=0,00 sys=0,00, real=0,00 secs] 
67,048: [GC (Allocation Failure) [PSYoungGen: 134208K->96K(130560K)] 136096K->1984K(305664K), 0,0005084 secs] [Times: user=0,00 sys=0,00, real=0,00 secs] 
67,105: [GC (Allocation Failure) [PSYoungGen: 130144K->96K(126464K)] 132032K->1984K(301568K), 0,0004925 secs] [Times: user=0,00 sys=0,00, real=0,00 secs] 
67,161: [GC (Allocation Failure) [PSYoungGen: 126048K->64K(122368K)] 127936K->1952K(297472K), 0,0005353 secs] [Times: user=0,00 sys=0,00, real=0,00 secs] 
67,214: [GC (Allocation Failure) [PSYoungGen: 121920K->96K(118784K)] 123808K->1984K(293888K), 0,0005083 secs] [Times: user=0,00 sys=0,00, real=0,00 secs] 
67,266: [GC (Allocation Failure) [PSYoungGen: 118368K->96K(115200K)] 120256K->1984K(290304K), 0,0005156 secs] [Times: user=0,00 sys=0,00, real=0,00 secs] 
67,317: [GC (Allocation Failure) [PSYoungGen: 114784K->96K(111616K)] 116672K->1984K(286720K), 0,0005075 secs] [Times: user=0,00 sys=0,00, real=0,00 secs] 
67,366: [GC (Allocation Failure) [PSYoungGen: 111200K->96K(108544K)] 113088K->1984K(283648K), 0,0005217 secs] [Times: user=0,00 sys=0,00, real=0,00 secs] 
67,414: [GC (Allocation Failure) [PSYoungGen: 108128K->96K(105472K)] 110016K->1984K(280576K), 0,0004842 secs] [Times: user=0,00 sys=0,00, real=0,00 secs] 
67,460: [GC (Allocation Failure) [PSYoungGen: 105056K->64K(102400K)] 106944K->1952K(277504K), 0,0004827 secs] [Times: user=0,01 sys=0,00, real=0,00 secs] 
67,505: [GC (Allocation Failure) [PSYoungGen: 101952K->64K(99328K)] 103840K->1952K(274432K), 0,0005733 secs] [Times: user=0,00 sys=0,00, real=0,00 secs] 
67,549: [GC (Allocation Failure) [PSYoungGen: 98880K->96K(119296K)] 100768K->1984K(294400K), 0,0005298 secs] [Times: user=0,00 sys=0,00, real=0,00 secs] 
67,601: [GC (Allocation Failure) [PSYoungGen: 118880K->96K(115712K)] 120768K->1984K(290816K), 0,0005537 secs] [Times: user=0,00 sys=0,00, real=0,00 secs] 
67,652: [GC (Allocation Failure) [PSYoungGen: 115296K->96K(112128K)] 117184K->1984K(287232K), 0,0005033 secs] [Times: user=0,00 sys=0,00, real=0,00 secs] 
67,701: [GC (Allocation Failure) [PSYoungGen: 111712K->96K(109056K)] 113600K->1984K(284160K), 0,0005227 secs] [Times: user=0,00 sys=0,00, real=0,00 secs] 
67,749: [GC (Allocation Failure) [PSYoungGen: 108640K->96K(105984K)] 110528K->1984K(281088K), 0,0004895 secs] [Times: user=0,00 sys=0,00, real=0,00 secs] 
67,795: [GC (Allocation Failure) [PSYoungGen: 105568K->64K(102912K)] 107456K->1952K(278016K), 0,0005252 secs] [Times: user=0,00 sys=0,00, real=0,00 secs] 
67,840: [GC (Allocation Failure) [PSYoungGen: 102464K->96K(99840K)] 104352K->1984K(274944K), 0,0004853 secs] [Times: user=0,00 sys=0,00, real=0,00 secs] 
67,884: [GC (Allocation Failure) [PSYoungGen: 99424K->96K(119808K)] 101312K->1984K(294912K), 0,0005242 secs] [Times: user=0,00 sys=0,00, real=0,00 secs] 
67,937: [GC (Allocation Failure) [PSYoungGen: 119392K->96K(116224K)] 121280K->1984K(291328K), 0,0005143 secs] [Times: user=0,00 sys=0,00, real=0,00 secs] 
67,988: [GC (Allocation Failure) [PSYoungGen: 115808K->64K(112640K)] 117696K->1952K(287744K), 0,0004910 secs] [Times: user=0,00 sys=0,00, real=0,00 secs] 
68,037: [GC (Allocation Failure) [PSYoungGen: 112192K->96K(109568K)] 114080K->1984K(284672K), 0,0004797 secs] [Times: user=0,00 sys=0,00, real=0,00 secs] 
68,084: [GC (Allocation Failure) [PSYoungGen: 109152K->96K(106496K)] 111040K->1984K(281600K), 0,0004822 secs] [Times: user=0,01 sys=0,00, real=0,00 secs] 
68,131: [GC (Allocation Failure) [PSYoungGen: 106080K->96K(103424K)] 107968K->1984K(278528K), 0,0005184 secs] [Times: user=0,00 sys=0,00, real=0,00 secs] 
68,176: [GC (Allocation Failure) [PSYoungGen: 103008K->96K(100352K)] 104896K->1984K(275456K), 0,0005068 secs] [Times: user=0,00 sys=0,00, real=0,00 secs] 
68,220: [GC (Allocation Failure) [PSYoungGen: 99936K->96K(120320K)] 101824K->1984K(295424K), 0,0005324 secs] [Times: user=0,00 sys=0,00, real=0,00 secs] 
68,273: [GC (Allocation Failure) [PSYoungGen: 119904K->96K(144384K)] 121792K->1984K(319488K), 0,0005876 secs] [Times: user=0,01 sys=0,00, real=0,00 secs] 
68,336: [GC (Allocation Failure) [PSYoungGen: 143968K->96K(139776K)] 145856K->1984K(314880K), 0,0005729 secs] [Times: user=0,00 sys=0,00, real=0,00 secs] 
68,397: [GC (Allocation Failure) [PSYoungGen: 139360K->96K(135168K)] 141248K->1984K(310272K), 0,0005183 secs] [Times: user=0,00 sys=0,00, real=0,00 secs] 
68,456: [GC (Allocation Failure) [PSYoungGen: 134752K->96K(131072K)] 136640K->1984K(306176K), 0,0005221 secs] [Times: user=0,00 sys=0,00, real=0,00 secs] 
68,514: [GC (Allocation Failure) [PSYoungGen: 130656K->32K(126976K)] 132544K->1920K(302080K), 0,0005486 secs] [Times: user=0,00 sys=0,00, real=0,01 secs] 
68,572: [GC (Allocation Failure) [PSYoungGen: 126496K->64K(122880K)] 128384K->1952K(297984K), 0,0005689 secs] [Times: user=0,00 sys=0,00, real=0,00 secs] 
68,626: [GC (Allocation Failure) [PSYoungGen: 122432K->96K(119296K)] 124320K->1984K(294400K), 0,0005162 secs] [Times: user=0,00 sys=0,00, real=0,00 secs] 
68,678: [GC (Allocation Failure) [PSYoungGen: 118880K->96K(115712K)] 120768K->1984K(290816K), 0,0005635 secs] [Times: user=0,00 sys=0,00, real=0,00 secs] 
68,729: [GC (Allocation Failure) [PSYoungGen: 115295K->96K(112128K)] 117184K->1984K(287232K), 0,0005003 secs] [Times: user=0,00 sys=0,00, real=0,00 secs] 
68,778: [GC (Allocation Failure) [PSYoungGen: 111712K->96K(109056K)] 113600K->1984K(284160K), 0,0004773 secs] [Times: user=0,00 sys=0,00, real=0,00 secs] 
68,826: [GC (Allocation Failure) [PSYoungGen: 108640K->96K(105984K)] 110528K->1984K(281088K), 0,0005217 secs] [Times: user=0,00 sys=0,00, real=0,00 secs] 
68,873: [GC (Allocation Failure) [PSYoungGen: 105568K->96K(102912K)] 107456K->1984K(278016K), 0,0005240 secs] [Times: user=0,00 sys=0,00, real=0,00 secs] 
68,918: [GC (Allocation Failure) [PSYoungGen: 102496K->96K(99840K)] 104384K->1984K(274944K), 0,0004838 secs] [Times: user=0,01 sys=0,00, real=0,00 secs] 
68,962: [GC (Allocation Failure) [PSYoungGen: 99424K->96K(97280K)] 101312K->1984K(272384K), 0,0004934 secs] [Times: user=0,00 sys=0,00, real=0,00 secs] 
69,004: [GC (Allocation Failure) [PSYoungGen: 96864K->96K(94720K)] 98752K->1984K(269824K), 0,0004967 secs] [Times: user=0,00 sys=0,00, real=0,00 secs] 
69,046: [GC (Allocation Failure) [PSYoungGen: 94304K->96K(113664K)] 96192K->1984K(288768K), 0,0005494 secs] [Times: user=0,00 sys=0,00, real=0,00 secs] 
69,096: [GC (Allocation Failure) [PSYoungGen: 113248K->64K(136704K)] 115136K->1952K(311808K), 0,0004821 secs] [Times: user=0,00 sys=0,00, real=0,00 secs] 
69,155: [GC (Allocation Failure) [PSYoungGen: 136256K->96K(132608K)] 138144K->1984K(307712K), 0,0005066 secs] [Times: user=0,01 sys=0,00, real=0,00 secs] 
69,213: [GC (Allocation Failure) [PSYoungGen: 132192K->96K(128512K)] 134080K->1984K(303616K), 0,0005358 secs] [Times: user=0,00 sys=0,00, real=0,01 secs] 
69,269: [GC (Allocation Failure) [PSYoungGen: 128096K->96K(124416K)] 129984K->1984K(299520K), 0,0005583 secs] [Times: user=0,00 sys=0,00, real=0,00 secs] 
69,323: [GC (Allocation Failure) [PSYoungGen: 124000K->96K(120832K)] 125888K->1984K(295936K), 0,0004943 secs] [Times: user=0,00 sys=0,00, real=0,01 secs] 
69,376: [GC (Allocation Failure) [PSYoungGen: 120416K->64K(117248K)] 122304K->1952K(292352K), 0,0005915 secs] [Times: user=0,00 sys=0,00, real=0,00 secs] 
69,428: [GC (Allocation Failure) [PSYoungGen: 116800K->64K(113664K)] 118688K->1952K(288768K), 0,0005077 secs] [Times: user=0,00 sys=0,00, real=0,00 secs] 
69,478: [GC (Allocation Failure) [PSYoungGen: 113216K->96K(110592K)] 115104K->1984K(285696K), 0,0005178 secs] [Times: user=0,00 sys=0,00, real=0,00 secs] 
69,526: [GC (Allocation Failure) [PSYoungGen: 110176K->96K(107520K)] 112064K->1984K(282624K), 0,0005017 secs] [Times: user=0,00 sys=0,00, real=0,00 secs] 
69,573: [GC (Allocation Failure) [PSYoungGen: 107104K->96K(104448K)] 108992K->1984K(279552K), 0,0005030 secs] [Times: user=0,00 sys=0,00, real=0,00 secs] 
69,619: [GC (Allocation Failure) [PSYoungGen: 104032K->96K(101376K)] 105920K->1984K(276480K), 0,0005508 secs] [Times: user=0,00 sys=0,00, real=0,00 secs] 
69,663: [GC (Allocation Failure) [PSYoungGen: 100960K->64K(98816K)] 102848K->1952K(273920K), 0,0004939 secs] [Times: user=0,00 sys=0,00, real=0,01 secs] 
69,706: [GC (Allocation Failure) [PSYoungGen: 98368K->96K(118784K)] 100256K->1984K(293888K), 0,0004991 secs] [Times: user=0,00 sys=0,00, real=0,00 secs] 
69,758: [GC (Allocation Failure) [PSYoungGen: 118368K->96K(115200K)] 120256K->1984K(290304K), 0,0004934 secs] [Times: user=0,00 sys=0,00, real=0,00 secs] 
69,808: [GC (Allocation Failure) [PSYoungGen: 114784K->64K(111616K)] 116672K->1952K(286720K), 0,0004698 secs] [Times: user=0,00 sys=0,00, real=0,00 secs] 
69,858: [GC (Allocation Failure) [PSYoungGen: 111168K->96K(108544K)] 113056K->1984K(283648K), 0,0005153 secs] [Times: user=0,00 sys=0,00, real=0,00 secs] 
69,905: [GC (Allocation Failure) [PSYoungGen: 108128K->64K(105472K)] 110016K->1952K(280576K), 0,0005325 secs] [Times: user=0,00 sys=0,00, real=0,00 secs] 
69,951: [GC (Allocation Failure) [PSYoungGen: 105024K->64K(102400K)] 106912K->1952K(277504K), 0,0005018 secs] [Times: user=0,00 sys=0,00, real=0,00 secs] 
69,996: [GC (Allocation Failure) [PSYoungGen: 101952K->96K(99328K)] 103840K->1984K(274432K), 0,0004875 secs] [Times: user=0,00 sys=0,00, real=0,00 secs] 
70,039: [GC (Allocation Failure) [PSYoungGen: 98912K->96K(96768K)] 100800K->1984K(271872K), 0,0004861 secs] [Times: user=0,00 sys=0,00, real=0,00 secs] 
70,082: [GC (Allocation Failure) [PSYoungGen: 96352K->96K(116224K)] 98240K->1984K(291328K), 0,0004876 secs] [Times: user=0,00 sys=0,00, real=0,00 secs] 
70,133: [GC (Allocation Failure) [PSYoungGen: 115808K->96K(112640K)] 117696K->1984K(287744K), 0,0004777 secs] [Times: user=0,00 sys=0,00, real=0,00 secs] 
70,182: [GC (Allocation Failure) [PSYoungGen: 112224K->96K(109568K)] 114112K->1984K(284672K), 0,0005008 secs] [Times: user=0,00 sys=0,00, real=0,00 secs] 
70,230: [GC (Allocation Failure) [PSYoungGen: 109152K->64K(131584K)] 111040K->1952K(306688K), 0,0008732 secs] [Times: user=0,00 sys=0,00, real=0,00 secs] 
70,288: [GC (Allocation Failure) [PSYoungGen: 131136K->96K(158208K)] 133024K->1984K(333312K), 0,0005257 secs] [Times: user=0,00 sys=0,00, real=0,00 secs] 
70,357: [GC (Allocation Failure) [PSYoungGen: 157792K->96K(153088K)] 159680K->2000K(328192K), 0,0005211 secs] [Times: user=0,00 sys=0,00, real=0,00 secs] 
70,424: [GC (Allocation Failure) [PSYoungGen: 152672K->96K(147968K)] 154576K->2000K(323072K), 0,0004965 secs] [Times: user=0,01 sys=0,00, real=0,00 secs] 
70,488: [GC (Allocation Failure) [PSYoungGen: 147552K->64K(143360K)] 149456K->1968K(318464K), 0,0004790 secs] [Times: user=0,00 sys=0,00, real=0,00 secs] 
70,551: [GC (Allocation Failure) [PSYoungGen: 142912K->96K(138752K)] 144816K->2000K(313856K), 0,0005048 secs] [Times: user=0,00 sys=0,00, real=0,00 secs] 
70,612: [GC (Allocation Failure) [PSYoungGen: 138336K->96K(134144K)] 140240K->2000K(309248K), 0,0005159 secs] [Times: user=0,00 sys=0,00, real=0,00 secs] 
70,670: [GC (Allocation Failure) [PSYoungGen: 133728K->96K(130048K)] 135632K->2000K(305152K), 0,0005070 secs] [Times: user=0,00 sys=0,00, real=0,00 secs] 
70,727: [GC (Allocation Failure) [PSYoungGen: 129632K->96K(125952K)] 131536K->2000K(301056K), 0,0005916 secs] [Times: user=0,00 sys=0,00, real=0,00 secs] 
70,783: [GC (Allocation Failure) [PSYoungGen: 125536K->96K(121856K)] 127440K->2000K(296960K), 0,0004874 secs] [Times: user=0,00 sys=0,00, real=0,00 secs] 
70,836: [GC (Allocation Failure) [PSYoungGen: 121440K->96K(118272K)] 123344K->2000K(293376K), 0,0004955 secs] [Times: user=0,00 sys=0,00, real=0,00 secs] 
70,888: [GC (Allocation Failure) [PSYoungGen: 117856K->96K(114688K)] 119760K->2000K(289792K), 0,0005286 secs] [Times: user=0,00 sys=0,00, real=0,00 secs] 
70,938: [GC (Allocation Failure) [PSYoungGen: 114272K->96K(111104K)] 116176K->2000K(286208K), 0,0004955 secs] [Times: user=0,00 sys=0,00, real=0,00 secs] 
70,987: [GC (Allocation Failure) [PSYoungGen: 110688K->96K(108032K)] 112592K->2000K(283136K), 0,0004995 secs] [Times: user=0,00 sys=0,00, real=0,00 secs] 
71,034: [GC (Allocation Failure) [PSYoungGen: 107616K->96K(104960K)] 109520K->2000K(280064K), 0,0004983 secs] [Times: user=0,00 sys=0,00, real=0,00 secs] 
71,081: [GC (Allocation Failure) [PSYoungGen: 104544K->96K(101888K)] 106448K->2000K(276992K), 0,0005040 secs] [Times: user=0,00 sys=0,00, real=0,00 secs] 
71,125: [GC (Allocation Failure) [PSYoungGen: 101472K->96K(98816K)] 103376K->2000K(273920K), 0,0004906 secs] [Times: user=0,00 sys=0,00, real=0,00 secs] 
71,169: [GC (Allocation Failure) [PSYoungGen: 98400K->96K(96256K)] 100304K->2000K(271360K), 0,0005134 secs] [Times: user=0,01 sys=0,00, real=0,00 secs] 
71,211: [GC (Allocation Failure) [PSYoungGen: 95840K->96K(115712K)] 97744K->2000K(290816K), 0,0005070 secs] [Times: user=0,00 sys=0,00, real=0,00 secs] 
71,262: [GC (Allocation Failure) [PSYoungGen: 115296K->96K(112128K)] 117200K->2000K(287232K), 0,0005077 secs] [Times: user=0,00 sys=0,00, real=0,00 secs] 
71,311: [GC (Allocation Failure) [PSYoungGen: 111712K->96K(109056K)] 113616K->2000K(284160K), 0,0004833 secs] [Times: user=0,00 sys=0,00, real=0,00 secs] 
71,359: [GC (Allocation Failure) [PSYoungGen: 108640K->96K(105984K)] 110544K->2000K(281088K), 0,0005307 secs] [Times: user=0,00 sys=0,00, real=0,00 secs] 
71,405: [GC (Allocation Failure) [PSYoungGen: 105568K->64K(102912K)] 107472K->1968K(278016K), 0,0004832 secs] [Times: user=0,00 sys=0,00, real=0,00 secs] 
71,450: [GC (Allocation Failure) [PSYoungGen: 102464K->96K(123392K)] 104368K->2000K(298496K), 0,0005569 secs] [Times: user=0,00 sys=0,00, real=0,00 secs] 
71,504: [GC (Allocation Failure) [PSYoungGen: 122976K->96K(147968K)] 124880K->2000K(323072K), 0,0005697 secs] [Times: user=0,00 sys=0,00, real=0,00 secs] 
71,568: [GC (Allocation Failure) [PSYoungGen: 147552K->32K(143360K)] 149456K->1936K(318464K), 0,0006403 secs] [Times: user=0,00 sys=0,00, real=0,00 secs] 
71,631: [GC (Allocation Failure) [PSYoungGen: 142880K->96K(138752K)] 144784K->2000K(313856K), 0,0005108 secs] [Times: user=0,00 sys=0,00, real=0,00 secs] 
71,692: [GC (Allocation Failure) [PSYoungGen: 138336K->96K(134144K)] 140240K->2000K(309248K), 0,0005187 secs] [Times: user=0,00 sys=0,00, real=0,00 secs] 
71,750: [GC (Allocation Failure) [PSYoungGen: 133728K->96K(130048K)] 135632K->2000K(305152K), 0,0004885 secs] [Times: user=0,00 sys=0,00, real=0,00 secs] 
71,807: [GC (Allocation Failure) [PSYoungGen: 129632K->96K(125952K)] 131536K->2000K(301056K), 0,0004936 secs] [Times: user=0,00 sys=0,00, real=0,00 secs] 
71,863: [GC (Allocation Failure) [PSYoungGen: 125536K->64K(121856K)] 127440K->1968K(296960K), 0,0005092 secs] [Times: user=0,01 sys=0,00, real=0,00 secs] 
71,916: [GC (Allocation Failure) [PSYoungGen: 121408K->96K(118272K)] 123312K->2000K(293376K), 0,0005018 secs] [Times: user=0,00 sys=0,00, real=0,00 secs] 
71,968: [GC (Allocation Failure) [PSYoungGen: 117856K->64K(114688K)] 119760K->1968K(289792K), 0,0005420 secs] [Times: user=0,00 sys=0,00, real=0,00 secs] 
72,018: [GC (Allocation Failure) [PSYoungGen: 114240K->96K(111104K)] 116144K->2000K(286208K), 0,0004783 secs] [Times: user=0,00 sys=0,00, real=0,00 secs] 
72,067: [GC (Allocation Failure) [PSYoungGen: 110688K->96K(108032K)] 112592K->2000K(283136K), 0,0005603 secs] [Times: user=0,00 sys=0,00, real=0,00 secs] 
72,114: [GC (Allocation Failure) [PSYoungGen: 107616K->96K(104960K)] 109520K->2000K(280064K), 0,0004964 secs] [Times: user=0,00 sys=0,00, real=0,00 secs] 
72,160: [GC (Allocation Failure) [PSYoungGen: 104544K->96K(101888K)] 106448K->2000K(276992K), 0,0005073 secs] [Times: user=0,01 sys=0,00, real=0,00 secs] 
72,204: [GC (Allocation Failure) [PSYoungGen: 101472K->96K(98816K)] 103376K->2000K(273920K), 0,0004896 secs] [Times: user=0,00 sys=0,00, real=0,00 secs] 
72,248: [GC (Allocation Failure) [PSYoungGen: 98400K->96K(96256K)] 100304K->2000K(271360K), 0,0005051 secs] [Times: user=0,00 sys=0,00, real=0,00 secs] 
72,290: [GC (Allocation Failure) [PSYoungGen: 95840K->96K(115712K)] 97744K->2000K(290816K), 0,0005053 secs] [Times: user=0,00 sys=0,00, real=0,00 secs] 
72,340: [GC (Allocation Failure) [PSYoungGen: 115296K->96K(112128K)] 117200K->2000K(287232K), 0,0004866 secs] [Times: user=0,00 sys=0,00, real=0,00 secs] 
72,390: [GC (Allocation Failure) [PSYoungGen: 111712K->96K(109056K)] 113616K->2000K(284160K), 0,0005129 secs] [Times: user=0,00 sys=0,00, real=0,00 secs] 
72,438: [GC (Allocation Failure) [PSYoungGen: 108640K->96K(105984K)] 110544K->2000K(281088K), 0,0005065 secs] [Times: user=0,00 sys=0,00, real=0,00 secs] 
72,485: [GC (Allocation Failure) [PSYoungGen: 105568K->96K(102912K)] 107472K->2000K(278016K), 0,0005038 secs] [Times: user=0,00 sys=0,00, real=0,00 secs] 
72,530: [GC (Allocation Failure) [PSYoungGen: 102496K->32K(123392K)] 104400K->1936K(298496K), 0,0005517 secs] [Times: user=0,00 sys=0,00, real=0,00 secs] 
72,584: [GC (Allocation Failure) [PSYoungGen: 122912K->96K(119808K)] 124816K->2000K(294912K), 0,0005139 secs] [Times: user=0,00 sys=0,00, real=0,00 secs] 
72,636: [GC (Allocation Failure) [PSYoungGen: 119392K->96K(116224K)] 121296K->2000K(291328K), 0,0005230 secs] [Times: user=0,00 sys=0,00, real=0,00 secs] 
72,687: [GC (Allocation Failure) [PSYoungGen: 115808K->96K(112640K)] 117712K->2000K(287744K), 0,0004822 secs] [Times: user=0,00 sys=0,00, real=0,00 secs] 
72,736: [GC (Allocation Failure) [PSYoungGen: 112223K->96K(109568K)] 114128K->2000K(284672K), 0,0004989 secs] [Times: user=0,00 sys=0,00, real=0,00 secs] 
72,784: [GC (Allocation Failure) [PSYoungGen: 109152K->96K(106496K)] 111056K->2000K(281600K), 0,0005242 secs] [Times: user=0,01 sys=0,00, real=0,00 secs] 
72,831: [GC (Allocation Failure) [PSYoungGen: 106080K->96K(103424K)] 107984K->2000K(278528K), 0,0005369 secs] [Times: user=0,00 sys=0,00, real=0,00 secs] 
72,877: [GC (Allocation Failure) [PSYoungGen: 103008K->96K(100352K)] 104912K->2000K(275456K), 0,0005204 secs] [Times: user=0,00 sys=0,00, real=0,00 secs] 
72,920: [GC (Allocation Failure) [PSYoungGen: 99936K->32K(120320K)] 101840K->1936K(295424K), 0,0005578 secs] [Times: user=0,00 sys=0,00, real=0,00 secs] 
72,973: [GC (Allocation Failure) [PSYoungGen: 119840K->96K(116736K)] 121744K->2000K(291840K), 0,0004850 secs] [Times: user=0,00 sys=0,00, real=0,01 secs] 
73,024: [GC (Allocation Failure) [PSYoungGen: 116320K->96K(113152K)] 118224K->2000K(288256K), 0,0005011 secs] [Times: user=0,00 sys=0,00, real=0,00 secs] 
73,073: [GC (Allocation Failure) [PSYoungGen: 112736K->96K(110080K)] 114640K->2000K(285184K), 0,0004836 secs] [Times: user=0,00 sys=0,00, real=0,01 secs] 
73,122: [GC (Allocation Failure) [PSYoungGen: 109664K->64K(107008K)] 111568K->1968K(282112K), 0,0004979 secs] [Times: user=0,01 sys=0,00, real=0,00 secs] 
73,168: [GC (Allocation Failure) [PSYoungGen: 106560K->64K(128512K)] 108464K->1968K(303616K), 0,0008856 secs] [Times: user=0,00 sys=0,00, real=0,00 secs] 
73,225: [GC (Allocation Failure) [PSYoungGen: 128064K->96K(154112K)] 129968K->2000K(329216K), 0,0005029 secs] [Times: user=0,00 sys=0,00, real=0,00 secs] 
73,292: [GC (Allocation Failure) [PSYoungGen: 153696K->96K(148992K)] 155600K->2000K(324096K), 0,0004916 secs] [Times: user=0,00 sys=0,00, real=0,00 secs] 
73,357: [GC (Allocation Failure) [PSYoungGen: 148575K->96K(143872K)] 150480K->2000K(318976K), 0,0005683 secs] [Times: user=0,00 sys=0,00, real=0,00 secs] 
73,420: [GC (Allocation Failure) [PSYoungGen: 143456K->96K(139264K)] 145360K->2000K(314368K), 0,0005186 secs] [Times: user=0,00 sys=0,00, real=0,00 secs] 
73,481: [GC (Allocation Failure) [PSYoungGen: 138848K->96K(134656K)] 140752K->2000K(309760K), 0,0005230 secs] [Times: user=0,00 sys=0,00, real=0,00 secs] 
73,540: [GC (Allocation Failure) [PSYoungGen: 134240K->96K(130560K)] 136144K->2000K(305664K), 0,0005013 secs] [Times: user=0,00 sys=0,00, real=0,00 secs] 
73,597: [GC (Allocation Failure) [PSYoungGen: 130144K->64K(156672K)] 132048K->1968K(331776K), 0,0009692 secs] [Times: user=0,01 sys=0,00, real=0,00 secs] 
73,666: [GC (Allocation Failure) [PSYoungGen: 156224K->96K(151552K)] 158128K->2000K(326656K), 0,0005101 secs] [Times: user=0,01 sys=0,00, real=0,00 secs] 
73,732: [GC (Allocation Failure) [PSYoungGen: 151136K->96K(146432K)] 153040K->2000K(321536K), 0,0005084 secs] [Times: user=0,00 sys=0,00, real=0,00 secs] 
73,796: [GC (Allocation Failure) [PSYoungGen: 146016K->64K(141824K)] 147920K->1968K(316928K), 0,0004944 secs] [Times: user=0,00 sys=0,00, real=0,00 secs] 
73,858: [GC (Allocation Failure) [PSYoungGen: 141376K->96K(137216K)] 143280K->2000K(312320K), 0,0005028 secs] [Times: user=0,00 sys=0,00, real=0,00 secs] 
73,918: [GC (Allocation Failure) [PSYoungGen: 136800K->96K(132608K)] 138704K->2000K(307712K), 0,0005181 secs] [Times: user=0,00 sys=0,01, real=0,00 secs] 
73,976: [GC (Allocation Failure) [PSYoungGen: 132192K->96K(128512K)] 134096K->2000K(303616K), 0,0004991 secs] [Times: user=0,00 sys=0,00, real=0,00 secs] 
74,032: [GC (Allocation Failure) [PSYoungGen: 128096K->96K(124416K)] 130000K->2000K(299520K), 0,0004806 secs] [Times: user=0,00 sys=0,00, real=0,00 secs] 
74,086: [GC (Allocation Failure) [PSYoungGen: 124000K->96K(120832K)] 125904K->2000K(295936K), 0,0005065 secs] [Times: user=0,00 sys=0,00, real=0,00 secs] 
74,139: [GC (Allocation Failure) [PSYoungGen: 120416K->96K(117248K)] 122320K->2000K(292352K), 0,0004871 secs] [Times: user=0,00 sys=0,00, real=0,00 secs] 
74,190: [GC (Allocation Failure) [PSYoungGen: 116832K->96K(113664K)] 118736K->2000K(288768K), 0,0005070 secs] [Times: user=0,00 sys=0,00, real=0,00 secs] 
74,240: [GC (Allocation Failure) [PSYoungGen: 113248K->96K(110592K)] 115152K->2000K(285696K), 0,0005053 secs] [Times: user=0,00 sys=0,00, real=0,00 secs] 
74,288: [GC (Allocation Failure) [PSYoungGen: 110176K->96K(107520K)] 112080K->2000K(282624K), 0,0005815 secs] [Times: user=0,00 sys=0,00, real=0,00 secs] 
74,335: [GC (Allocation Failure) [PSYoungGen: 107104K->64K(104448K)] 109008K->1968K(279552K), 0,0004860 secs] [Times: user=0,00 sys=0,00, real=0,00 secs] 
74,381: [GC (Allocation Failure) [PSYoungGen: 104000K->96K(101376K)] 105904K->2000K(276480K), 0,0005105 secs] [Times: user=0,00 sys=0,00, real=0,00 secs] 
74,426: [GC (Allocation Failure) [PSYoungGen: 100960K->96K(98816K)] 102864K->2000K(273920K), 0,0004695 secs] [Times: user=0,00 sys=0,00, real=0,00 secs] 
74,469: [GC (Allocation Failure) [PSYoungGen: 98400K->96K(118784K)] 100304K->2000K(293888K), 0,0005701 secs] [Times: user=0,01 sys=0,00, real=0,00 secs] 
74,521: [GC (Allocation Failure) [PSYoungGen: 118368K->64K(142848K)] 120272K->1968K(317952K), 0,0005368 secs] [Times: user=0,00 sys=0,00, real=0,00 secs] 
74,584: [GC (Allocation Failure) [PSYoungGen: 142400K->96K(138240K)] 144304K->2000K(313344K), 0,0004989 secs] [Times: user=0,00 sys=0,00, real=0,00 secs] 
74,644: [GC (Allocation Failure) [PSYoungGen: 137824K->64K(133632K)] 139728K->1968K(308736K), 0,0005085 secs] [Times: user=0,00 sys=0,00, real=0,00 secs] 
74,702: [GC (Allocation Failure) [PSYoungGen: 133184K->96K(129536K)] 135088K->2000K(304640K), 0,0005197 secs] [Times: user=0,00 sys=0,00, real=0,00 secs] 
74,759: [GC (Allocation Failure) [PSYoungGen: 129120K->96K(125440K)] 131024K->2000K(300544K), 0,0004887 secs] [Times: user=0,00 sys=0,00, real=0,00 secs] 
74,814: [GC (Allocation Failure) [PSYoungGen: 125024K->96K(121344K)] 126928K->2000K(296448K), 0,0005050 secs] [Times: user=0,00 sys=0,00, real=0,00 secs] 
74,867: [GC (Allocation Failure) [PSYoungGen: 120928K->64K(117760K)] 122832K->1968K(292864K), 0,0004850 secs] [Times: user=0,01 sys=0,00, real=0,00 secs] 
74,919: [GC (Allocation Failure) [PSYoungGen: 117312K->96K(114176K)] 119216K->2000K(289280K), 0,0005133 secs] [Times: user=0,00 sys=0,00, real=0,00 secs] 
74,969: [GC (Allocation Failure) [PSYoungGen: 113760K->96K(110592K)] 115664K->2000K(285696K), 0,0005053 secs] [Times: user=0,00 sys=0,00, real=0,00 secs] 
75,017: [GC (Allocation Failure) [PSYoungGen: 110176K->96K(107520K)] 112080K->2000K(282624K), 0,0004991 secs] [Times: user=0,00 sys=0,00, real=0,00 secs] 
75,064: [GC (Allocation Failure) [PSYoungGen: 107104K->32K(104448K)] 109008K->1936K(279552K), 0,0005489 secs] [Times: user=0,01 sys=0,00, real=0,00 secs] 
75,110: [GC (Allocation Failure) [PSYoungGen: 103968K->96K(101376K)] 105872K->2000K(276480K), 0,0004885 secs] [Times: user=0,00 sys=0,00, real=0,00 secs] 
75,154: [GC (Allocation Failure) [PSYoungGen: 100960K->96K(98816K)] 102864K->2000K(273920K), 0,0004949 secs] [Times: user=0,00 sys=0,00, real=0,00 secs] 
75,198: [GC (Allocation Failure) [PSYoungGen: 98400K->96K(96256K)] 100304K->2000K(271360K), 0,0004924 secs] [Times: user=0,00 sys=0,00, real=0,00 secs] 
75,240: [GC (Allocation Failure) [PSYoungGen: 95840K->64K(115712K)] 97744K->1968K(290816K), 0,0004777 secs] [Times: user=0,00 sys=0,00, real=0,00 secs] 
75,290: [GC (Allocation Failure) [PSYoungGen: 115264K->96K(112128K)] 117168K->2000K(287232K), 0,0004867 secs] [Times: user=0,00 sys=0,00, real=0,00 secs] 
75,339: [GC (Allocation Failure) [PSYoungGen: 111712K->96K(109056K)] 113616K->2000K(284160K), 0,0005084 secs] [Times: user=0,00 sys=0,00, real=0,00 secs] 
75,388: [GC (Allocation Failure) [PSYoungGen: 108640K->64K(131072K)] 110544K->1968K(306176K), 0,0006363 secs] [Times: user=0,00 sys=0,00, real=0,00 secs] 
75,445: [GC (Allocation Failure) [PSYoungGen: 130623K->96K(126976K)] 132528K->2000K(302080K), 0,0005048 secs] [Times: user=0,00 sys=0,00, real=0,00 secs] 
75,501: [GC (Allocation Failure) [PSYoungGen: 126560K->96K(122880K)] 128464K->2000K(297984K), 0,0005030 secs] [Times: user=0,01 sys=0,00, real=0,00 secs] 
75,554: [GC (Allocation Failure) [PSYoungGen: 122464K->96K(119296K)] 124368K->2000K(294400K), 0,0004825 secs] [Times: user=0,00 sys=0,00, real=0,00 secs] 
75,607: [GC (Allocation Failure) [PSYoungGen: 118880K->96K(115712K)] 120784K->2000K(290816K), 0,0005462 secs] [Times: user=0,00 sys=0,00, real=0,00 secs] 
75,658: [GC (Allocation Failure) [PSYoungGen: 115296K->96K(112128K)] 117200K->2000K(287232K), 0,0004694 secs] [Times: user=0,00 sys=0,00, real=0,00 secs] 
75,707: [GC (Allocation Failure) [PSYoungGen: 111712K->96K(109056K)] 113616K->2000K(284160K), 0,0004992 secs] [Times: user=0,00 sys=0,00, real=0,00 secs] 
75,754: [GC (Allocation Failure) [PSYoungGen: 108640K->96K(105984K)] 110544K->2000K(281088K), 0,0004801 secs] [Times: user=0,00 sys=0,00, real=0,00 secs] 
75,801: [GC (Allocation Failure) [PSYoungGen: 105568K->96K(102912K)] 107472K->2000K(278016K), 0,0004844 secs] [Times: user=0,00 sys=0,00, real=0,00 secs] 
75,846: [GC (Allocation Failure) [PSYoungGen: 102496K->96K(99840K)] 104400K->2000K(274944K), 0,0005321 secs] [Times: user=0,00 sys=0,00, real=0,00 secs] 
75,890: [GC (Allocation Failure) [PSYoungGen: 99424K->96K(97280K)] 101328K->2000K(272384K), 0,0005111 secs] [Times: user=0,00 sys=0,00, real=0,00 secs] 
75,933: [GC (Allocation Failure) [PSYoungGen: 96864K->64K(116736K)] 98768K->1968K(291840K), 0,0006113 secs] [Times: user=0,00 sys=0,00, real=0,00 secs] 
75,984: [GC (Allocation Failure) [PSYoungGen: 116288K->64K(140288K)] 118192K->1968K(315392K), 0,0004597 secs] [Times: user=0,00 sys=0,00, real=0,00 secs] 
76,045: [GC (Allocation Failure) [PSYoungGen: 139840K->96K(135680K)] 141744K->2000K(310784K), 0,0005207 secs] [Times: user=0,00 sys=0,00, real=0,00 secs] 
76,104: [GC (Allocation Failure) [PSYoungGen: 135264K->96K(131584K)] 137168K->2000K(306688K), 0,0004722 secs] [Times: user=0,00 sys=0,00, real=0,00 secs] 
76,162: [GC (Allocation Failure) [PSYoungGen: 131168K->96K(127488K)] 133072K->2000K(302592K), 0,0005190 secs] [Times: user=0,00 sys=0,00, real=0,00 secs] 
76,217: [GC (Allocation Failure) [PSYoungGen: 127072K->96K(123392K)] 128976K->2000K(298496K), 0,0005171 secs] [Times: user=0,00 sys=0,00, real=0,00 secs] 
76,271: [GC (Allocation Failure) [PSYoungGen: 122976K->96K(119808K)] 124880K->2000K(294912K), 0,0004986 secs] [Times: user=0,00 sys=0,00, real=0,00 secs] 
76,323: [GC (Allocation Failure) [PSYoungGen: 119392K->64K(116224K)] 121296K->1968K(291328K), 0,0004807 secs] [Times: user=0,00 sys=0,00, real=0,01 secs] 
76,374: [GC (Allocation Failure) [PSYoungGen: 115776K->64K(139776K)] 117680K->1968K(314880K), 0,0010513 secs] [Times: user=0,01 sys=0,00, real=0,00 secs] 
76,435: [GC (Allocation Failure) [PSYoungGen: 139328K->96K(167936K)] 141232K->2000K(343040K), 0,0005057 secs] [Times: user=0,00 sys=0,00, real=0,00 secs] 
76,509: [GC (Allocation Failure) [PSYoungGen: 167520K->96K(162304K)] 169424K->2000K(337408K), 0,0005728 secs] [Times: user=0,00 sys=0,00, real=0,00 secs] 
76,579: [GC (Allocation Failure) [PSYoungGen: 161888K->96K(156672K)] 163792K->2000K(331776K), 0,0005134 secs] [Times: user=0,00 sys=0,00, real=0,00 secs] 
76,648: [GC (Allocation Failure) [PSYoungGen: 156256K->64K(151552K)] 158160K->1968K(326656K), 0,0005813 secs] [Times: user=0,00 sys=0,00, real=0,00 secs] 
76,714: [GC (Allocation Failure) [PSYoungGen: 151104K->96K(146432K)] 153008K->2000K(321536K), 0,0004923 secs] [Times: user=0,00 sys=0,00, real=0,00 secs] 
76,778: [GC (Allocation Failure) [PSYoungGen: 146016K->64K(141824K)] 147920K->1968K(316928K), 0,0005806 secs] [Times: user=0,00 sys=0,00, real=0,00 secs] 
76,840: [GC (Allocation Failure) [PSYoungGen: 141376K->96K(137216K)] 143280K->2000K(312320K), 0,0004976 secs] [Times: user=0,01 sys=0,00, real=0,00 secs] 
76,900: [GC (Allocation Failure) [PSYoungGen: 136800K->64K(132608K)] 138704K->1968K(307712K), 0,0005495 secs] [Times: user=0,01 sys=0,00, real=0,00 secs] 
76,958: [GC (Allocation Failure) [PSYoungGen: 132160K->64K(128512K)] 134064K->1968K(303616K), 0,0005024 secs] [Times: user=0,00 sys=0,00, real=0,00 secs] 
77,014: [GC (Allocation Failure) [PSYoungGen: 128064K->96K(124416K)] 129968K->2000K(299520K), 0,0005435 secs] [Times: user=0,00 sys=0,00, real=0,00 secs] 
77,069: [GC (Allocation Failure) [PSYoungGen: 124000K->96K(120832K)] 125904K->2000K(295936K), 0,0004884 secs] [Times: user=0,01 sys=0,00, real=0,00 secs] 
77,122: [GC (Allocation Failure) [PSYoungGen: 120416K->64K(117248K)] 122320K->1968K(292352K), 0,0005170 secs] [Times: user=0,00 sys=0,00, real=0,00 secs] 
77,173: [GC (Allocation Failure) [PSYoungGen: 116800K->96K(113664K)] 118704K->2000K(288768K), 0,0006201 secs] [Times: user=0,00 sys=0,00, real=0,00 secs] 
77,223: [GC (Allocation Failure) [PSYoungGen: 113248K->96K(110592K)] 115152K->2000K(285696K), 0,0005082 secs] [Times: user=0,00 sys=0,00, real=0,01 secs] 
77,271: [GC (Allocation Failure) [PSYoungGen: 110176K->96K(107520K)] 112080K->2000K(282624K), 0,0004971 secs] [Times: user=0,00 sys=0,00, real=0,00 secs] 
77,318: [GC (Allocation Failure) [PSYoungGen: 107104K->64K(104448K)] 109008K->1968K(279552K), 0,0005141 secs] [Times: user=0,00 sys=0,00, real=0,00 secs] 
77,364: [GC (Allocation Failure) [PSYoungGen: 104000K->96K(101376K)] 105904K->2000K(276480K), 0,0004983 secs] [Times: user=0,00 sys=0,00, real=0,00 secs] 
77,408: [GC (Allocation Failure) [PSYoungGen: 100960K->96K(98816K)] 102864K->2000K(273920K), 0,0005074 secs] [Times: user=0,00 sys=0,00, real=0,00 secs] 
77,451: [GC (Allocation Failure) [PSYoungGen: 98400K->96K(96256K)] 100304K->2000K(271360K), 0,0004897 secs] [Times: user=0,00 sys=0,00, real=0,00 secs] 
77,494: [GC (Allocation Failure) [PSYoungGen: 95840K->96K(115712K)] 97744K->2000K(290816K), 0,0004920 secs] [Times: user=0,00 sys=0,00, real=0,00 secs] 
77,544: [GC (Allocation Failure) [PSYoungGen: 115296K->96K(112128K)] 117200K->2000K(287232K), 0,0004949 secs] [Times: user=0,01 sys=0,00, real=0,00 secs] 
77,593: [GC (Allocation Failure) [PSYoungGen: 111712K->96K(109056K)] 113616K->2000K(284160K), 0,0004856 secs] [Times: user=0,00 sys=0,00, real=0,00 secs] 
77,641: [GC (Allocation Failure) [PSYoungGen: 108640K->96K(105984K)] 110544K->2000K(281088K), 0,0004811 secs] [Times: user=0,00 sys=0,00, real=0,00 secs] 
77,688: [GC (Allocation Failure) [PSYoungGen: 105568K->96K(102912K)] 107472K->2000K(278016K), 0,0005021 secs] [Times: user=0,00 sys=0,00, real=0,00 secs] 
77,733: [GC (Allocation Failure) [PSYoungGen: 102496K->96K(99840K)] 104400K->2000K(274944K), 0,0004892 secs] [Times: user=0,01 sys=0,00, real=0,00 secs] 
77,776: [GC (Allocation Failure) [PSYoungGen: 99424K->96K(119808K)] 101328K->2000K(294912K), 0,0005445 secs] [Times: user=0,00 sys=0,00, real=0,00 secs] 
77,829: [GC (Allocation Failure) [PSYoungGen: 119392K->96K(116224K)] 121296K->2000K(291328K), 0,0004937 secs] [Times: user=0,00 sys=0,00, real=0,00 secs] 
77,880: [GC (Allocation Failure) [PSYoungGen: 115808K->96K(112640K)] 117712K->2000K(287744K), 0,0005177 secs] [Times: user=0,00 sys=0,00, real=0,00 secs] 
77,929: [GC (Allocation Failure) [PSYoungGen: 112224K->96K(109568K)] 114128K->2000K(284672K), 0,0004944 secs] [Times: user=0,00 sys=0,00, real=0,00 secs] 
77,978: [GC (Allocation Failure) [PSYoungGen: 109152K->96K(106496K)] 111056K->2000K(281600K), 0,0005035 secs] [Times: user=0,00 sys=0,00, real=0,00 secs] 
78,024: [GC (Allocation Failure) [PSYoungGen: 106080K->96K(103424K)] 107984K->2000K(278528K), 0,0005012 secs] [Times: user=0,00 sys=0,00, real=0,00 secs] 
78,069: [GC (Allocation Failure) [PSYoungGen: 103008K->64K(100352K)] 104912K->1968K(275456K), 0,0005321 secs] [Times: user=0,00 sys=0,00, real=0,00 secs] 
78,113: [GC (Allocation Failure) [PSYoungGen: 99904K->96K(97792K)] 101808K->2000K(272896K), 0,0004825 secs] [Times: user=0,00 sys=0,00, real=0,01 secs] 
78,156: [GC (Allocation Failure) [PSYoungGen: 97376K->32K(117248K)] 99280K->1936K(292352K), 0,0009089 secs] [Times: user=0,00 sys=0,00, real=0,00 secs] 
78,208: [GC (Allocation Failure) [PSYoungGen: 116768K->64K(140800K)] 118672K->1968K(315904K), 0,0004900 secs] [Times: user=0,01 sys=0,00, real=0,00 secs] 
78,269: [GC (Allocation Failure) [PSYoungGen: 140352K->64K(168960K)] 142256K->1968K(344064K), 0,0005571 secs] [Times: user=0,00 sys=0,00, real=0,00 secs] 
78,343: [GC (Allocation Failure) [PSYoungGen: 168512K->96K(163328K)] 170416K->2000K(338432K), 0,0005018 secs] [Times: user=0,00 sys=0,00, real=0,01 secs] 
78,415: [GC (Allocation Failure) [PSYoungGen: 162912K->96K(157696K)] 164816K->2000K(332800K), 0,0005130 secs] [Times: user=0,00 sys=0,00, real=0,00 secs] 
78,484: [GC (Allocation Failure) [PSYoungGen: 157280K->96K(152576K)] 159184K->2000K(327680K), 0,0005033 secs] [Times: user=0,00 sys=0,00, real=0,00 secs] 
78,553: [GC (Allocation Failure) [PSYoungGen: 152160K->64K(147456K)] 154064K->1968K(322560K), 0,0006415 secs] [Times: user=0,00 sys=0,00, real=0,01 secs] 
78,620: [GC (Allocation Failure) [PSYoungGen: 147008K->32K(142848K)] 148912K->1936K(317952K), 0,0006665 secs] [Times: user=0,00 sys=0,00, real=0,00 secs] 
78,682: [GC (Allocation Failure) [PSYoungGen: 142368K->96K(138240K)] 144272K->2000K(313344K), 0,0005304 secs] [Times: user=0,00 sys=0,00, real=0,00 secs] 
78,742: [GC (Allocation Failure) [PSYoungGen: 137824K->96K(133632K)] 139728K->2000K(308736K), 0,0005166 secs] [Times: user=0,00 sys=0,00, real=0,00 secs] 
78,801: [GC (Allocation Failure) [PSYoungGen: 133216K->64K(129536K)] 135120K->1968K(304640K), 0,0005527 secs] [Times: user=0,00 sys=0,00, real=0,00 secs] 
78,859: [GC (Allocation Failure) [PSYoungGen: 129088K->96K(125440K)] 130992K->2000K(300544K), 0,0005606 secs] [Times: user=0,00 sys=0,00, real=0,00 secs] 
78,914: [GC (Allocation Failure) [PSYoungGen: 125024K->96K(121344K)] 126928K->2000K(296448K), 0,0005105 secs] [Times: user=0,00 sys=0,00, real=0,00 secs] 
78,967: [GC (Allocation Failure) [PSYoungGen: 120928K->96K(117760K)] 122832K->2000K(292864K), 0,0004793 secs] [Times: user=0,00 sys=0,00, real=0,00 secs] 
79,019: [GC (Allocation Failure) [PSYoungGen: 117344K->96K(114176K)] 119248K->2000K(289280K), 0,0004884 secs] [Times: user=0,00 sys=0,00, real=0,00 secs] 
79,069: [GC (Allocation Failure) [PSYoungGen: 113760K->96K(110592K)] 115664K->2000K(285696K), 0,0005058 secs] [Times: user=0,00 sys=0,00, real=0,00 secs] 
79,117: [GC (Allocation Failure) [PSYoungGen: 110176K->96K(107520K)] 112080K->2000K(282624K), 0,0004868 secs] [Times: user=0,00 sys=0,00, real=0,00 secs] 
79,164: [GC (Allocation Failure) [PSYoungGen: 107104K->64K(104448K)] 109008K->1968K(279552K), 0,0004999 secs] [Times: user=0,00 sys=0,00, real=0,00 secs] 
79,210: [GC (Allocation Failure) [PSYoungGen: 104000K->96K(101376K)] 105904K->2000K(276480K), 0,0004860 secs] [Times: user=0,00 sys=0,00, real=0,00 secs] 
79,254: [GC (Allocation Failure) [PSYoungGen: 100960K->96K(98816K)] 102864K->2000K(273920K), 0,0004937 secs] [Times: user=0,00 sys=0,00, real=0,00 secs] 
79,297: [GC (Allocation Failure) [PSYoungGen: 98400K->96K(96256K)] 100304K->2000K(271360K), 0,0004837 secs] [Times: user=0,00 sys=0,00, real=0,00 secs] 
79,339: [GC (Allocation Failure) [PSYoungGen: 95840K->96K(93696K)] 97744K->2000K(268800K), 0,0004928 secs] [Times: user=0,01 sys=0,00, real=0,00 secs] 
79,381: [GC (Allocation Failure) [PSYoungGen: 93280K->96K(112640K)] 95184K->2000K(287744K), 0,0004824 secs] [Times: user=0,00 sys=0,00, real=0,00 secs] 
79,430: [GC (Allocation Failure) [PSYoungGen: 112224K->96K(109568K)] 114128K->2000K(284672K), 0,0004878 secs] [Times: user=0,00 sys=0,00, real=0,00 secs] 
79,478: [GC (Allocation Failure) [PSYoungGen: 109152K->96K(106496K)] 111056K->2000K(281600K), 0,0004983 secs] [Times: user=0,01 sys=0,00, real=0,00 secs] 
79,525: [GC (Allocation Failure) [PSYoungGen: 106080K->64K(103424K)] 107984K->1968K(278528K), 0,0004655 secs] [Times: user=0,00 sys=0,00, real=0,00 secs] 
79,570: [GC (Allocation Failure) [PSYoungGen: 102976K->64K(100352K)] 104880K->1968K(275456K), 0,0004803 secs] [Times: user=0,00 sys=0,00, real=0,00 secs] 
79,614: [GC (Allocation Failure) [PSYoungGen: 99904K->64K(120320K)] 101808K->1968K(295424K), 0,0005611 secs] [Times: user=0,00 sys=0,00, real=0,00 secs] 
79,667: [GC (Allocation Failure) [PSYoungGen: 119872K->96K(116736K)] 121776K->2000K(291840K), 0,0005557 secs] [Times: user=0,00 sys=0,01, real=0,00 secs] 
79,718: [GC (Allocation Failure) [PSYoungGen: 116320K->96K(113152K)] 118224K->2000K(288256K), 0,0004671 secs] [Times: user=0,00 sys=0,00, real=0,00 secs] 
79,768: [GC (Allocation Failure) [PSYoungGen: 112736K->96K(110080K)] 114640K->2000K(285184K), 0,0005155 secs] [Times: user=0,00 sys=0,00, real=0,00 secs] 
79,816: [GC (Allocation Failure) [PSYoungGen: 109664K->96K(107008K)] 111568K->2000K(282112K), 0,0004970 secs] [Times: user=0,00 sys=0,00, real=0,00 secs] 
79,863: [GC (Allocation Failure) [PSYoungGen: 106592K->96K(103936K)] 108496K->2000K(279040K), 0,0005641 secs] [Times: user=0,00 sys=0,00, real=0,00 secs] 
79,909: [GC (Allocation Failure) [PSYoungGen: 103520K->96K(124928K)] 105424K->2000K(300032K), 0,0005613 secs] [Times: user=0,00 sys=0,00, real=0,00 secs] 
79,963: [GC (Allocation Failure) [PSYoungGen: 124512K->96K(121344K)] 126416K->2000K(296448K), 0,0004883 secs] [Times: user=0,00 sys=0,00, real=0,01 secs] 
80,016: [GC (Allocation Failure) [PSYoungGen: 120928K->96K(117760K)] 122832K->2000K(292864K), 0,0004911 secs] [Times: user=0,00 sys=0,00, real=0,00 secs] 
80,067: [GC (Allocation Failure) [PSYoungGen: 117344K->96K(114176K)] 119248K->2000K(289280K), 0,0004900 secs] [Times: user=0,00 sys=0,00, real=0,00 secs] 
80,117: [GC (Allocation Failure) [PSYoungGen: 113760K->96K(110592K)] 115664K->2000K(285696K), 0,0004955 secs] [Times: user=0,00 sys=0,00, real=0,00 secs] 
80,166: [GC (Allocation Failure) [PSYoungGen: 110176K->96K(107520K)] 112080K->2000K(282624K), 0,0005011 secs] [Times: user=0,00 sys=0,00, real=0,00 secs] 
80,213: [GC (Allocation Failure) [PSYoungGen: 107104K->96K(104448K)] 109008K->2000K(279552K), 0,0004953 secs] [Times: user=0,00 sys=0,00, real=0,01 secs] 
80,259: [GC (Allocation Failure) [PSYoungGen: 104032K->96K(101376K)] 105936K->2000K(276480K), 0,0005083 secs] [Times: user=0,00 sys=0,00, real=0,00 secs] 
80,304: [GC (Allocation Failure) [PSYoungGen: 100960K->96K(98816K)] 102864K->2000K(273920K), 0,0005067 secs] [Times: user=0,00 sys=0,00, real=0,00 secs] 
80,347: [GC (Allocation Failure) [PSYoungGen: 98400K->64K(118784K)] 100304K->1984K(293888K), 0,0005502 secs] [Times: user=0,00 sys=0,00, real=0,00 secs] 
80,400: [GC (Allocation Failure) [PSYoungGen: 118336K->96K(142848K)] 120256K->2016K(317952K), 0,0005512 secs] [Times: user=0,01 sys=0,00, real=0,00 secs] 
80,462: [GC (Allocation Failure) [PSYoungGen: 142432K->64K(138240K)] 144352K->1984K(313344K), 0,0005332 secs] [Times: user=0,00 sys=0,00, real=0,00 secs] 
80,523: [GC (Allocation Failure) [PSYoungGen: 137792K->96K(133632K)] 139712K->2016K(308736K), 0,0004977 secs] [Times: user=0,00 sys=0,00, real=0,00 secs] 
80,581: [GC (Allocation Failure) [PSYoungGen: 133216K->64K(129536K)] 135136K->1984K(304640K), 0,0005206 secs] [Times: user=0,00 sys=0,00, real=0,00 secs] 
80,639: [GC (Allocation Failure) [PSYoungGen: 129088K->96K(125440K)] 131008K->2016K(300544K), 0,0005188 secs] [Times: user=0,00 sys=0,00, real=0,00 secs] 
80,694: [GC (Allocation Failure) [PSYoungGen: 125024K->64K(121344K)] 126944K->1984K(296448K), 0,0004992 secs] [Times: user=0,00 sys=0,00, real=0,00 secs] 
80,747: [GC (Allocation Failure) [PSYoungGen: 120896K->96K(117760K)] 122816K->2016K(292864K), 0,0005046 secs] [Times: user=0,01 sys=0,00, real=0,00 secs] 
80,798: [GC (Allocation Failure) [PSYoungGen: 117344K->96K(114176K)] 119264K->2016K(289280K), 0,0004926 secs] [Times: user=0,00 sys=0,00, real=0,00 secs] 
80,848: [GC (Allocation Failure) [PSYoungGen: 113760K->96K(110592K)] 115680K->2016K(285696K), 0,0005316 secs] [Times: user=0,00 sys=0,00, real=0,00 secs] 
80,897: [GC (Allocation Failure) [PSYoungGen: 110176K->96K(107520K)] 112096K->2016K(282624K), 0,0005125 secs] [Times: user=0,00 sys=0,00, real=0,00 secs] 
80,944: [GC (Allocation Failure) [PSYoungGen: 107104K->96K(104448K)] 109024K->2016K(279552K), 0,0004944 secs] [Times: user=0,01 sys=0,00, real=0,00 secs] 
80,990: [GC (Allocation Failure) [PSYoungGen: 104032K->96K(101376K)] 105952K->2016K(276480K), 0,0004760 secs] [Times: user=0,00 sys=0,00, real=0,00 secs] 
81,035: [GC (Allocation Failure) [PSYoungGen: 100960K->96K(98816K)] 102880K->2016K(273920K), 0,0004769 secs] [Times: user=0,00 sys=0,00, real=0,00 secs] 
81,078: [GC (Allocation Failure) [PSYoungGen: 98400K->96K(96256K)] 100320K->2016K(271360K), 0,0004754 secs] [Times: user=0,00 sys=0,00, real=0,00 secs] 
81,120: [GC (Allocation Failure) [PSYoungGen: 95840K->96K(93696K)] 97760K->2016K(268800K), 0,0004869 secs] [Times: user=0,00 sys=0,00, real=0,00 secs] 
81,161: [GC (Allocation Failure) [PSYoungGen: 93280K->64K(112640K)] 95200K->1984K(287744K), 0,0004944 secs] [Times: user=0,00 sys=0,00, real=0,00 secs] 
81,211: [GC (Allocation Failure) [PSYoungGen: 112192K->96K(135168K)] 114112K->2016K(310272K), 0,0005224 secs] [Times: user=0,00 sys=0,00, real=0,00 secs] 
81,270: [GC (Allocation Failure) [PSYoungGen: 134752K->96K(131072K)] 136672K->2016K(306176K), 0,0004997 secs] [Times: user=0,00 sys=0,00, real=0,00 secs] 
81,327: [GC (Allocation Failure) [PSYoungGen: 130656K->64K(126976K)] 132576K->1984K(302080K), 0,0005168 secs] [Times: user=0,00 sys=0,00, real=0,00 secs] 
81,382: [GC (Allocation Failure) [PSYoungGen: 126528K->64K(122880K)] 128448K->1984K(297984K), 0,0004908 secs] [Times: user=0,00 sys=0,00, real=0,00 secs] 
81,436: [GC (Allocation Failure) [PSYoungGen: 122432K->96K(119296K)] 124352K->2016K(294400K), 0,0005147 secs] [Times: user=0,00 sys=0,00, real=0,00 secs] 
81,488: [GC (Allocation Failure) [PSYoungGen: 118880K->96K(115712K)] 120800K->2016K(290816K), 0,0004849 secs] [Times: user=0,00 sys=0,00, real=0,00 secs] 
81,539: [GC (Allocation Failure) [PSYoungGen: 115295K->96K(112128K)] 117216K->2016K(287232K), 0,0004777 secs] [Times: user=0,00 sys=0,00, real=0,00 secs] 
81,588: [GC (Allocation Failure) [PSYoungGen: 111712K->96K(109056K)] 113632K->2016K(284160K), 0,0004931 secs] [Times: user=0,00 sys=0,00, real=0,00 secs] 
81,636: [GC (Allocation Failure) [PSYoungGen: 108640K->96K(105984K)] 110560K->2016K(281088K), 0,0004924 secs] [Times: user=0,00 sys=0,00, real=0,00 secs] 
81,682: [GC (Allocation Failure) [PSYoungGen: 105568K->64K(102912K)] 107488K->1984K(278016K), 0,0005541 secs] [Times: user=0,00 sys=0,00, real=0,00 secs] 
81,727: [GC (Allocation Failure) [PSYoungGen: 102464K->96K(99840K)] 104384K->2016K(274944K), 0,0005699 secs] [Times: user=0,01 sys=0,00, real=0,00 secs] 
81,771: [GC (Allocation Failure) [PSYoungGen: 99424K->96K(97280K)] 101344K->2016K(272384K), 0,0004480 secs] [Times: user=0,00 sys=0,00, real=0,00 secs] 
81,814: [GC (Allocation Failure) [PSYoungGen: 96864K->96K(94720K)] 98784K->2016K(269824K), 0,0004642 secs] [Times: user=0,00 sys=0,00, real=0,00 secs] 
81,855: [GC (Allocation Failure) [PSYoungGen: 94304K->96K(92160K)] 96224K->2016K(267264K), 0,0004602 secs] [Times: user=0,00 sys=0,00, real=0,00 secs] 
81,896: [GC (Allocation Failure) [PSYoungGen: 91744K->96K(110592K)] 93664K->2016K(285696K), 0,0005036 secs] [Times: user=0,01 sys=0,00, real=0,00 secs] 
81,944: [GC (Allocation Failure) [PSYoungGen: 110176K->96K(132608K)] 112096K->2016K(307712K), 0,0004870 secs] [Times: user=0,00 sys=0,00, real=0,00 secs] 
82,002: [GC (Allocation Failure) [PSYoungGen: 132192K->96K(128512K)] 134112K->2016K(303616K), 0,0004835 secs] [Times: user=0,00 sys=0,00, real=0,00 secs] 
82,058: [GC (Allocation Failure) [PSYoungGen: 128096K->96K(124416K)] 130016K->2016K(299520K), 0,0004837 secs] [Times: user=0,00 sys=0,00, real=0,00 secs] 
82,113: [GC (Allocation Failure) [PSYoungGen: 124000K->64K(120832K)] 125920K->1984K(295936K), 0,0004946 secs] [Times: user=0,00 sys=0,00, real=0,00 secs] 
82,166: [GC (Allocation Failure) [PSYoungGen: 120384K->96K(117248K)] 122304K->2016K(292352K), 0,0005077 secs] [Times: user=0,00 sys=0,00, real=0,00 secs] 
82,217: [GC (Allocation Failure) [PSYoungGen: 116832K->64K(113664K)] 118752K->1984K(288768K), 0,0004723 secs] [Times: user=0,00 sys=0,00, real=0,00 secs] 
82,267: [GC (Allocation Failure) [PSYoungGen: 113216K->96K(110592K)] 115136K->2016K(285696K), 0,0005012 secs] [Times: user=0,00 sys=0,00, real=0,00 secs] 
82,316: [GC (Allocation Failure) [PSYoungGen: 110176K->96K(107520K)] 112096K->2016K(282624K), 0,0005434 secs] [Times: user=0,00 sys=0,00, real=0,00 secs] 
82,362: [GC (Allocation Failure) [PSYoungGen: 107104K->64K(104448K)] 109024K->1984K(279552K), 0,0005688 secs] [Times: user=0,01 sys=0,00, real=0,00 secs] 
82,409: [GC (Allocation Failure) [PSYoungGen: 104000K->96K(101376K)] 105920K->2016K(276480K), 0,0004805 secs] [Times: user=0,00 sys=0,00, real=0,00 secs] 
82,453: [GC (Allocation Failure) [PSYoungGen: 100960K->96K(98816K)] 102880K->2016K(273920K), 0,0004966 secs] [Times: user=0,00 sys=0,00, real=0,01 secs] 
82,496: [GC (Allocation Failure) [PSYoungGen: 98399K->96K(96256K)] 100320K->2016K(271360K), 0,0004813 secs] [Times: user=0,00 sys=0,00, real=0,00 secs] 
82,538: [GC (Allocation Failure) [PSYoungGen: 95840K->96K(115712K)] 97760K->2016K(290816K), 0,0004814 secs] [Times: user=0,00 sys=0,00, real=0,00 secs] 
82,589: [GC (Allocation Failure) [PSYoungGen: 115296K->96K(112128K)] 117216K->2016K(287232K), 0,0004815 secs] [Times: user=0,00 sys=0,00, real=0,00 secs] 
82,638: [GC (Allocation Failure) [PSYoungGen: 111712K->96K(109056K)] 113632K->2016K(284160K), 0,0005075 secs] [Times: user=0,00 sys=0,00, real=0,00 secs] 
82,686: [GC (Allocation Failure) [PSYoungGen: 108640K->64K(105984K)] 110560K->1984K(281088K), 0,0005244 secs] [Times: user=0,00 sys=0,00, real=0,00 secs] 
82,732: [GC (Allocation Failure) [PSYoungGen: 105536K->64K(102912K)] 107456K->1984K(278016K), 0,0004943 secs] [Times: user=0,00 sys=0,00, real=0,00 secs] 
82,777: [GC (Allocation Failure) [PSYoungGen: 102464K->96K(99840K)] 104384K->2016K(274944K), 0,0004916 secs] [Times: user=0,00 sys=0,00, real=0,00 secs] 
82,821: [GC (Allocation Failure) [PSYoungGen: 99424K->96K(97280K)] 101344K->2016K(272384K), 0,0004850 secs] [Times: user=0,00 sys=0,00, real=0,00 secs] 
82,863: [GC (Allocation Failure) [PSYoungGen: 96864K->96K(116736K)] 98784K->2016K(291840K), 0,0004900 secs] [Times: user=0,00 sys=0,00, real=0,01 secs] 
82,915: [GC (Allocation Failure) [PSYoungGen: 116320K->96K(113152K)] 118240K->2016K(288256K), 0,0005162 secs] [Times: user=0,00 sys=0,00, real=0,00 secs] 
82,964: [GC (Allocation Failure) [PSYoungGen: 112736K->64K(135680K)] 114656K->1984K(310784K), 0,0009891 secs] [Times: user=0,00 sys=0,00, real=0,00 secs] 
83,024: [GC (Allocation Failure) [PSYoungGen: 135232K->96K(162816K)] 137152K->2016K(337920K), 0,0004908 secs] [Times: user=0,00 sys=0,00, real=0,00 secs] 
83,095: [GC (Allocation Failure) [PSYoungGen: 162400K->64K(157184K)] 164320K->1984K(332288K), 0,0004832 secs] [Times: user=0,01 sys=0,00, real=0,00 secs] 
83,164: [GC (Allocation Failure) [PSYoungGen: 156735K->96K(152064K)] 158656K->2016K(327168K), 0,0005843 secs] [Times: user=0,00 sys=0,00, real=0,00 secs] 
83,230: [GC (Allocation Failure) [PSYoungGen: 151648K->96K(146944K)] 153568K->2016K(322048K), 0,0005025 secs] [Times: user=0,00 sys=0,00, real=0,00 secs] 
83,294: [GC (Allocation Failure) [PSYoungGen: 146528K->96K(142336K)] 148448K->2016K(317440K), 0,0004851 secs] [Times: user=0,01 sys=0,00, real=0,00 secs] 
83,357: [GC (Allocation Failure) [PSYoungGen: 141920K->96K(137728K)] 143840K->2016K(312832K), 0,0005020 secs] [Times: user=0,00 sys=0,00, real=0,00 secs] 
83,417: [GC (Allocation Failure) [PSYoungGen: 137312K->96K(133120K)] 139232K->2016K(308224K), 0,0004966 secs] [Times: user=0,00 sys=0,00, real=0,00 secs] 
83,475: [GC (Allocation Failure) [PSYoungGen: 132704K->96K(129024K)] 134624K->2016K(304128K), 0,0005104 secs] [Times: user=0,00 sys=0,00, real=0,00 secs] 
83,531: [GC (Allocation Failure) [PSYoungGen: 128608K->96K(124928K)] 130528K->2016K(300032K), 0,0005207 secs] [Times: user=0,00 sys=0,00, real=0,00 secs] 
83,586: [GC (Allocation Failure) [PSYoungGen: 124512K->96K(121344K)] 126432K->2016K(296448K), 0,0005067 secs] [Times: user=0,00 sys=0,00, real=0,00 secs] 
83,639: [GC (Allocation Failure) [PSYoungGen: 120928K->96K(117760K)] 122848K->2016K(292864K), 0,0004961 secs] [Times: user=0,00 sys=0,00, real=0,00 secs] 
83,691: [GC (Allocation Failure) [PSYoungGen: 117344K->96K(114176K)] 119264K->2016K(289280K), 0,0005005 secs] [Times: user=0,00 sys=0,00, real=0,00 secs] 
83,740: [GC (Allocation Failure) [PSYoungGen: 113760K->96K(110592K)] 115680K->2016K(285696K), 0,0005010 secs] [Times: user=0,01 sys=0,00, real=0,00 secs] 
83,789: [GC (Allocation Failure) [PSYoungGen: 110176K->64K(107520K)] 112096K->1984K(282624K), 0,0004697 secs] [Times: user=0,00 sys=0,00, real=0,00 secs] 
83,836: [GC (Allocation Failure) [PSYoungGen: 107072K->96K(104448K)] 108992K->2016K(279552K), 0,0005082 secs] [Times: user=0,00 sys=0,00, real=0,00 secs] 
83,881: [GC (Allocation Failure) [PSYoungGen: 104032K->96K(101376K)] 105952K->2016K(276480K), 0,0004830 secs] [Times: user=0,00 sys=0,00, real=0,00 secs] 
83,926: [GC (Allocation Failure) [PSYoungGen: 100960K->96K(98816K)] 102880K->2016K(273920K), 0,0005124 secs] [Times: user=0,00 sys=0,00, real=0,00 secs] 
83,969: [GC (Allocation Failure) [PSYoungGen: 98400K->32K(96256K)] 100320K->1952K(271360K), 0,0004915 secs] [Times: user=0,00 sys=0,00, real=0,00 secs] 
84,011: [GC (Allocation Failure) [PSYoungGen: 95776K->96K(93696K)] 97696K->2016K(268800K), 0,0004928 secs] [Times: user=0,00 sys=0,00, real=0,00 secs] 
84,052: [GC (Allocation Failure) [PSYoungGen: 93280K->96K(112640K)] 95200K->2016K(287744K), 0,0004722 secs] [Times: user=0,00 sys=0,00, real=0,00 secs] 
84,101: [GC (Allocation Failure) [PSYoungGen: 112224K->96K(109568K)] 114144K->2016K(284672K), 0,0005144 secs] [Times: user=0,00 sys=0,00, real=0,00 secs] 
84,149: [GC (Allocation Failure) [PSYoungGen: 109152K->96K(106496K)] 111072K->2016K(281600K), 0,0004642 secs] [Times: user=0,00 sys=0,00, real=0,00 secs] 
84,195: [GC (Allocation Failure) [PSYoungGen: 106080K->96K(103424K)] 108000K->2016K(278528K), 0,0005116 secs] [Times: user=0,01 sys=0,00, real=0,00 secs] 
84,241: [GC (Allocation Failure) [PSYoungGen: 103008K->96K(100352K)] 104928K->2016K(275456K), 0,0004773 secs] [Times: user=0,00 sys=0,00, real=0,00 secs] 
84,284: [GC (Allocation Failure) [PSYoungGen: 99936K->32K(120320K)] 101856K->1952K(295424K), 0,0005614 secs] [Times: user=0,00 sys=0,00, real=0,00 secs] 
84,337: [GC (Allocation Failure) [PSYoungGen: 119840K->96K(116736K)] 121760K->2016K(291840K), 0,0004749 secs] [Times: user=0,00 sys=0,00, real=0,00 secs] 
84,387: [GC (Allocation Failure) [PSYoungGen: 116320K->96K(113152K)] 118240K->2016K(288256K), 0,0004788 secs] [Times: user=0,00 sys=0,00, real=0,00 secs] 
84,437: [GC (Allocation Failure) [PSYoungGen: 112736K->64K(110080K)] 114656K->1984K(285184K), 0,0005035 secs] [Times: user=0,00 sys=0,00, real=0,00 secs] 
84,485: [GC (Allocation Failure) [PSYoungGen: 109632K->64K(107008K)] 111552K->1984K(282112K), 0,0004897 secs] [Times: user=0,00 sys=0,00, real=0,00 secs] 
84,532: [GC (Allocation Failure) [PSYoungGen: 106560K->96K(103936K)] 108480K->2016K(279040K), 0,0004903 secs] [Times: user=0,00 sys=0,00, real=0,00 secs] 
84,580: [GC (Allocation Failure) [PSYoungGen: 103520K->96K(100864K)] 105440K->2016K(275968K), 0,0005052 secs] [Times: user=0,00 sys=0,00, real=0,00 secs] 
84,625: [GC (Allocation Failure) [PSYoungGen: 100448K->96K(98304K)] 102368K->2016K(273408K), 0,0005245 secs] [Times: user=0,00 sys=0,00, real=0,00 secs] 
84,669: [GC (Allocation Failure) [PSYoungGen: 97888K->96K(95744K)] 99808K->2016K(270848K), 0,0004820 secs] [Times: user=0,00 sys=0,00, real=0,00 secs] 
84,710: [GC (Allocation Failure) [PSYoungGen: 95328K->96K(115200K)] 97248K->2016K(290304K), 0,0004894 secs] [Times: user=0,00 sys=0,00, real=0,00 secs] 
84,761: [GC (Allocation Failure) [PSYoungGen: 114784K->96K(111616K)] 116704K->2016K(286720K), 0,0004707 secs] [Times: user=0,00 sys=0,00, real=0,00 secs] 
84,809: [GC (Allocation Failure) [PSYoungGen: 111200K->96K(108544K)] 113120K->2016K(283648K), 0,0004761 secs] [Times: user=0,00 sys=0,00, real=0,00 secs] 
84,857: [GC (Allocation Failure) [PSYoungGen: 108128K->96K(105472K)] 110048K->2016K(280576K), 0,0005499 secs] [Times: user=0,00 sys=0,00, real=0,00 secs] 
84,903: [GC (Allocation Failure) [PSYoungGen: 105056K->32K(126464K)] 106976K->1952K(301568K), 0,0010940 secs] [Times: user=0,00 sys=0,00, real=0,01 secs] 
84,960: [GC (Allocation Failure) [PSYoungGen: 125984K->96K(152064K)] 127904K->2016K(327168K), 0,0005293 secs] [Times: user=0,00 sys=0,00, real=0,00 secs] 
85,026: [GC (Allocation Failure) [PSYoungGen: 151648K->96K(182784K)] 153568K->2016K(357888K), 0,0005067 secs] [Times: user=0,00 sys=0,00, real=0,00 secs] 
85,106: [GC (Allocation Failure) [PSYoungGen: 182368K->96K(176128K)] 184288K->2016K(351232K), 0,0004973 secs] [Times: user=0,00 sys=0,00, real=0,00 secs] 
85,183: [GC (Allocation Failure) [PSYoungGen: 175712K->96K(169984K)] 177632K->2016K(345088K), 0,0005192 secs] [Times: user=0,00 sys=0,00, real=0,01 secs] 
85,257: [GC (Allocation Failure) [PSYoungGen: 169568K->64K(164352K)] 171488K->1984K(339456K), 0,0005171 secs] [Times: user=0,01 sys=0,00, real=0,00 secs] 
85,329: [GC (Allocation Failure) [PSYoungGen: 163904K->96K(158720K)] 165824K->2016K(333824K), 0,0005318 secs] [Times: user=0,00 sys=0,01, real=0,00 secs] 
85,398: [GC (Allocation Failure) [PSYoungGen: 158304K->96K(153600K)] 160224K->2016K(328704K), 0,0005154 secs] [Times: user=0,00 sys=0,00, real=0,00 secs] 
85,465: [GC (Allocation Failure) [PSYoungGen: 153184K->96K(148480K)] 155104K->2016K(323584K), 0,0005014 secs] [Times: user=0,00 sys=0,00, real=0,00 secs] 
85,530: [GC (Allocation Failure) [PSYoungGen: 148064K->96K(143360K)] 149984K->2016K(318464K), 0,0005349 secs] [Times: user=0,00 sys=0,00, real=0,00 secs] 
85,593: [GC (Allocation Failure) [PSYoungGen: 142944K->96K(138752K)] 144864K->2016K(313856K), 0,0006738 secs] [Times: user=0,00 sys=0,00, real=0,01 secs] 
85,654: [GC (Allocation Failure) [PSYoungGen: 138336K->64K(134144K)] 140256K->1984K(309248K), 0,0005137 secs] [Times: user=0,01 sys=0,00, real=0,00 secs] 
85,713: [GC (Allocation Failure) [PSYoungGen: 133696K->64K(130048K)] 135616K->1984K(305152K), 0,0005463 secs] [Times: user=0,00 sys=0,00, real=0,00 secs] 
85,770: [GC (Allocation Failure) [PSYoungGen: 129600K->96K(125952K)] 131520K->2016K(301056K), 0,0005119 secs] [Times: user=0,00 sys=0,00, real=0,00 secs] 
85,825: [GC (Allocation Failure) [PSYoungGen: 125536K->64K(151040K)] 127456K->1984K(326144K), 0,0009653 secs] [Times: user=0,00 sys=0,00, real=0,00 secs] 
85,892: [GC (Allocation Failure) [PSYoungGen: 150592K->96K(145920K)] 152512K->2016K(321024K), 0,0019726 secs] [Times: user=0,01 sys=0,00, real=0,01 secs] 
85,958: [GC (Allocation Failure) [PSYoungGen: 145504K->96K(141312K)] 147424K->2016K(316416K), 0,0005185 secs] [Times: user=0,00 sys=0,00, real=0,00 secs] 
86,020: [GC (Allocation Failure) [PSYoungGen: 140896K->96K(136704K)] 142816K->2016K(311808K), 0,0005133 secs] [Times: user=0,00 sys=0,00, real=0,00 secs] 
86,080: [GC (Allocation Failure) [PSYoungGen: 136288K->96K(132608K)] 138208K->2016K(307712K), 0,0005131 secs] [Times: user=0,00 sys=0,00, real=0,00 secs] 
86,138: [GC (Allocation Failure) [PSYoungGen: 132192K->64K(128512K)] 134112K->1984K(303616K), 0,0005253 secs] [Times: user=0,00 sys=0,00, real=0,00 secs] 
86,194: [GC (Allocation Failure) [PSYoungGen: 128064K->96K(124416K)] 129984K->2016K(299520K), 0,0005086 secs] [Times: user=0,00 sys=0,00, real=0,00 secs] 
86,248: [GC (Allocation Failure) [PSYoungGen: 124000K->96K(120832K)] 125920K->2016K(295936K), 0,0004796 secs] [Times: user=0,00 sys=0,00, real=0,00 secs] 
86,302: [GC (Allocation Failure) [PSYoungGen: 120416K->96K(117248K)] 122336K->2016K(292352K), 0,0005271 secs] [Times: user=0,00 sys=0,00, real=0,00 secs] 
86,353: [GC (Allocation Failure) [PSYoungGen: 116832K->64K(113664K)] 118752K->1984K(288768K), 0,0005093 secs] [Times: user=0,00 sys=0,00, real=0,01 secs] 
86,403: [GC (Allocation Failure) [PSYoungGen: 113216K->96K(110592K)] 115136K->2016K(285696K), 0,0005194 secs] [Times: user=0,00 sys=0,00, real=0,00 secs] 
86,451: [GC (Allocation Failure) [PSYoungGen: 110176K->64K(107520K)] 112096K->1984K(282624K), 0,0005347 secs] [Times: user=0,00 sys=0,00, real=0,00 secs] 
86,498: [GC (Allocation Failure) [PSYoungGen: 107072K->96K(104448K)] 108992K->2016K(279552K), 0,0004842 secs] [Times: user=0,00 sys=0,00, real=0,00 secs] 
86,544: [GC (Allocation Failure) [PSYoungGen: 104032K->96K(101376K)] 105952K->2016K(276480K), 0,0004926 secs] [Times: user=0,00 sys=0,00, real=0,00 secs] 
86,588: [GC (Allocation Failure) [PSYoungGen: 100960K->96K(98816K)] 102880K->2016K(273920K), 0,0004870 secs] [Times: user=0,01 sys=0,00, real=0,00 secs] 
86,632: [GC (Allocation Failure) [PSYoungGen: 98400K->64K(96256K)] 100320K->1984K(271360K), 0,0005488 secs] [Times: user=0,00 sys=0,00, real=0,00 secs] 
86,675: [GC (Allocation Failure) [PSYoungGen: 95807K->64K(115712K)] 97728K->1984K(290816K), 0,0005176 secs] [Times: user=0,00 sys=0,00, real=0,00 secs] 
86,726: [GC (Allocation Failure) [PSYoungGen: 115264K->64K(138752K)] 117184K->1984K(313856K), 0,0005443 secs] [Times: user=0,00 sys=0,00, real=0,00 secs] 
86,786: [GC (Allocation Failure) [PSYoungGen: 138304K->96K(134144K)] 140224K->2016K(309248K), 0,0004996 secs] [Times: user=0,00 sys=0,00, real=0,00 secs] 
86,845: [GC (Allocation Failure) [PSYoungGen: 133727K->96K(130048K)] 135648K->2016K(305152K), 0,0005156 secs] [Times: user=0,00 sys=0,00, real=0,00 secs] 
86,902: [GC (Allocation Failure) [PSYoungGen: 129632K->96K(125952K)] 131552K->2016K(301056K), 0,0005201 secs] [Times: user=0,00 sys=0,00, real=0,00 secs] 
86,957: [GC (Allocation Failure) [PSYoungGen: 125536K->96K(121856K)] 127456K->2016K(296960K), 0,0004975 secs] [Times: user=0,00 sys=0,00, real=0,00 secs] 
87,010: [GC (Allocation Failure) [PSYoungGen: 121440K->64K(118272K)] 123360K->1984K(293376K), 0,0005020 secs] [Times: user=0,00 sys=0,00, real=0,00 secs] 
87,062: [GC (Allocation Failure) [PSYoungGen: 117824K->96K(114688K)] 119744K->2016K(289792K), 0,0005415 secs] [Times: user=0,00 sys=0,00, real=0,00 secs] 
87,112: [GC (Allocation Failure) [PSYoungGen: 114272K->96K(111104K)] 116192K->2016K(286208K), 0,0005001 secs] [Times: user=0,00 sys=0,00, real=0,00 secs] 
87,164: [GC (Allocation Failure) [PSYoungGen: 110688K->96K(108032K)] 112608K->2016K(283136K), 0,0005120 secs] [Times: user=0,01 sys=0,00, real=0,00 secs] 
87,212: [GC (Allocation Failure) [PSYoungGen: 107616K->96K(104960K)] 109536K->2016K(280064K), 0,0005190 secs] [Times: user=0,00 sys=0,00, real=0,00 secs] 
87,258: [GC (Allocation Failure) [PSYoungGen: 104544K->96K(101888K)] 106464K->2016K(276992K), 0,0004955 secs] [Times: user=0,00 sys=0,00, real=0,00 secs] 
87,303: [GC (Allocation Failure) [PSYoungGen: 101472K->96K(98816K)] 103392K->2016K(273920K), 0,0005011 secs] [Times: user=0,01 sys=0,00, real=0,01 secs] 
87,346: [GC (Allocation Failure) [PSYoungGen: 98400K->96K(96256K)] 100320K->2016K(271360K), 0,0004876 secs] [Times: user=0,00 sys=0,00, real=0,00 secs] 
87,388: [GC (Allocation Failure) [PSYoungGen: 95840K->96K(93696K)] 97760K->2016K(268800K), 0,0004903 secs] [Times: user=0,00 sys=0,00, real=0,00 secs] 
87,430: [GC (Allocation Failure) [PSYoungGen: 93280K->96K(112640K)] 95200K->2016K(287744K), 0,0005152 secs] [Times: user=0,00 sys=0,00, real=0,00 secs] 
87,479: [GC (Allocation Failure) [PSYoungGen: 112224K->96K(109568K)] 114144K->2016K(284672K), 0,0004926 secs] [Times: user=0,00 sys=0,00, real=0,00 secs] 
87,527: [GC (Allocation Failure) [PSYoungGen: 109152K->96K(106496K)] 111072K->2016K(281600K), 0,0004821 secs] [Times: user=0,00 sys=0,00, real=0,00 secs] 
87,573: [GC (Allocation Failure) [PSYoungGen: 106080K->96K(103424K)] 108000K->2016K(278528K), 0,0005091 secs] [Times: user=0,00 sys=0,00, real=0,00 secs] 
87,619: [GC (Allocation Failure) [PSYoungGen: 103008K->96K(100352K)] 104928K->2016K(275456K), 0,0004934 secs] [Times: user=0,01 sys=0,00, real=0,00 secs] 
87,663: [GC (Allocation Failure) [PSYoungGen: 99936K->96K(97792K)] 101856K->2016K(272896K), 0,0004820 secs] [Times: user=0,00 sys=0,00, real=0,00 secs] 
87,706: [GC (Allocation Failure) [PSYoungGen: 97376K->96K(117248K)] 99296K->2016K(292352K), 0,0005023 secs] [Times: user=0,00 sys=0,00, real=0,00 secs] 
87,757: [GC (Allocation Failure) [PSYoungGen: 116831K->96K(113664K)] 118752K->2016K(288768K), 0,0005000 secs] [Times: user=0,00 sys=0,00, real=0,00 secs] 
87,806: [GC (Allocation Failure) [PSYoungGen: 113248K->96K(110592K)] 115168K->2016K(285696K), 0,0004901 secs] [Times: user=0,00 sys=0,00, real=0,00 secs] 
87,855: [GC (Allocation Failure) [PSYoungGen: 110176K->96K(107520K)] 112096K->2016K(282624K), 0,0004919 secs] [Times: user=0,00 sys=0,00, real=0,00 secs] 
87,902: [GC (Allocation Failure) [PSYoungGen: 107104K->64K(129024K)] 109024K->1984K(304128K), 0,0008288 secs] [Times: user=0,00 sys=0,00, real=0,00 secs] 
87,959: [GC (Allocation Failure) [PSYoungGen: 128576K->96K(155136K)] 130496K->2016K(330240K), 0,0005071 secs] [Times: user=0,00 sys=0,01, real=0,00 secs] 
88,027: [GC (Allocation Failure) [PSYoungGen: 154720K->96K(150016K)] 156640K->2016K(325120K), 0,0004838 secs] [Times: user=0,00 sys=0,00, real=0,00 secs] 
88,092: [GC (Allocation Failure) [PSYoungGen: 149600K->96K(144896K)] 151520K->2016K(320000K), 0,0005154 secs] [Times: user=0,00 sys=0,00, real=0,00 secs] 
88,155: [GC (Allocation Failure) [PSYoungGen: 144480K->96K(140288K)] 146400K->2016K(315392K), 0,0005352 secs] [Times: user=0,01 sys=0,00, real=0,00 secs] 
88,217: [GC (Allocation Failure) [PSYoungGen: 139872K->32K(135680K)] 141792K->1952K(310784K), 0,0004958 secs] [Times: user=0,00 sys=0,00, real=0,00 secs] 
88,276: [GC (Allocation Failure) [PSYoungGen: 135200K->96K(131584K)] 137120K->2016K(306688K), 0,0005192 secs] [Times: user=0,00 sys=0,00, real=0,00 secs] 
88,334: [GC (Allocation Failure) [PSYoungGen: 131168K->96K(127488K)] 133088K->2016K(302592K), 0,0005056 secs] [Times: user=0,01 sys=0,00, real=0,00 secs] 
88,390: [GC (Allocation Failure) [PSYoungGen: 127072K->96K(123392K)] 128992K->2016K(298496K), 0,0005161 secs] [Times: user=0,00 sys=0,00, real=0,00 secs] 
88,444: [GC (Allocation Failure) [PSYoungGen: 122976K->96K(119808K)] 124896K->2016K(294912K), 0,0005254 secs] [Times: user=0,00 sys=0,00, real=0,00 secs] 
88,497: [GC (Allocation Failure) [PSYoungGen: 119392K->96K(116224K)] 121312K->2016K(291328K), 0,0004850 secs] [Times: user=0,00 sys=0,00, real=0,00 secs] 
88,548: [GC (Allocation Failure) [PSYoungGen: 115808K->64K(112640K)] 117728K->1984K(287744K), 0,0005628 secs] [Times: user=0,00 sys=0,00, real=0,00 secs] 
88,598: [GC (Allocation Failure) [PSYoungGen: 112192K->96K(109568K)] 114112K->2016K(284672K), 0,0005254 secs] [Times: user=0,00 sys=0,00, real=0,00 secs] 
88,646: [GC (Allocation Failure) [PSYoungGen: 109152K->96K(106496K)] 111072K->2016K(281600K), 0,0005175 secs] [Times: user=0,00 sys=0,00, real=0,00 secs] 
88,693: [GC (Allocation Failure) [PSYoungGen: 106080K->96K(103424K)] 108000K->2016K(278528K), 0,0004921 secs] [Times: user=0,00 sys=0,00, real=0,00 secs] 
88,738: [GC (Allocation Failure) [PSYoungGen: 103008K->96K(100352K)] 104928K->2016K(275456K), 0,0004812 secs] [Times: user=0,00 sys=0,00, real=0,00 secs] 
88,782: [GC (Allocation Failure) [PSYoungGen: 99936K->96K(120320K)] 101856K->2016K(295424K), 0,0005827 secs] [Times: user=0,00 sys=0,00, real=0,00 secs] 
88,834: [GC (Allocation Failure) [PSYoungGen: 119904K->96K(116736K)] 121824K->2016K(291840K), 0,0005011 secs] [Times: user=0,00 sys=0,00, real=0,00 secs] 
88,886: [GC (Allocation Failure) [PSYoungGen: 116320K->96K(113152K)] 118240K->2016K(288256K), 0,0005118 secs] [Times: user=0,00 sys=0,00, real=0,00 secs] 
88,936: [GC (Allocation Failure) [PSYoungGen: 112736K->96K(110080K)] 114656K->2016K(285184K), 0,0005248 secs] [Times: user=0,00 sys=0,00, real=0,00 secs] 
88,984: [GC (Allocation Failure) [PSYoungGen: 109664K->96K(107008K)] 111584K->2016K(282112K), 0,0005162 secs] [Times: user=0,00 sys=0,00, real=0,00 secs] 
89,030: [GC (Allocation Failure) [PSYoungGen: 106592K->96K(103936K)] 108512K->2016K(279040K), 0,0004803 secs] [Times: user=0,00 sys=0,00, real=0,00 secs] 
89,076: [GC (Allocation Failure) [PSYoungGen: 103520K->96K(100864K)] 105440K->2016K(275968K), 0,0004968 secs] [Times: user=0,00 sys=0,00, real=0,00 secs] 
89,120: [GC (Allocation Failure) [PSYoungGen: 100448K->96K(98304K)] 102368K->2016K(273408K), 0,0005031 secs] [Times: user=0,00 sys=0,00, real=0,00 secs] 
89,163: [GC (Allocation Failure) [PSYoungGen: 97888K->64K(118272K)] 99808K->1984K(293376K), 0,0005684 secs] [Times: user=0,00 sys=0,00, real=0,01 secs] 
89,215: [GC (Allocation Failure) [PSYoungGen: 117824K->96K(141824K)] 119744K->2016K(316928K), 0,0005926 secs] [Times: user=0,00 sys=0,00, real=0,00 secs] 
89,277: [GC (Allocation Failure) [PSYoungGen: 141408K->64K(137216K)] 143328K->1984K(312320K), 0,0005463 secs] [Times: user=0,00 sys=0,00, real=0,00 secs] 
89,337: [GC (Allocation Failure) [PSYoungGen: 136768K->64K(132608K)] 138688K->1984K(307712K), 0,0005408 secs] [Times: user=0,00 sys=0,00, real=0,00 secs] 
89,395: [GC (Allocation Failure) [PSYoungGen: 132160K->96K(128512K)] 134080K->2016K(303616K), 0,0005098 secs] [Times: user=0,01 sys=0,00, real=0,00 secs] 
89,451: [GC (Allocation Failure) [PSYoungGen: 128096K->32K(154112K)] 130016K->1952K(329216K), 0,0010610 secs] [Times: user=0,00 sys=0,00, real=0,00 secs] 
89,519: [GC (Allocation Failure) [PSYoungGen: 153632K->96K(184832K)] 155552K->2016K(359936K), 0,0005092 secs] [Times: user=0,00 sys=0,00, real=0,00 secs] 
89,600: [GC (Allocation Failure) [PSYoungGen: 184416K->96K(178176K)] 186336K->2016K(353280K), 0,0005133 secs] [Times: user=0,00 sys=0,00, real=0,00 secs] 
89,677: [GC (Allocation Failure) [PSYoungGen: 177760K->96K(172032K)] 179680K->2016K(347136K), 0,0005179 secs] [Times: user=0,00 sys=0,00, real=0,00 secs] 
89,752: [GC (Allocation Failure) [PSYoungGen: 171616K->96K(165888K)] 173536K->2016K(340992K), 0,0004902 secs] [Times: user=0,01 sys=0,00, real=0,00 secs] 
89,825: [GC (Allocation Failure) [PSYoungGen: 165472K->96K(160256K)] 167392K->2016K(335360K), 0,0005118 secs] [Times: user=0,00 sys=0,00, real=0,00 secs] 
89,894: [GC (Allocation Failure) [PSYoungGen: 159840K->96K(154624K)] 161760K->2016K(329728K), 0,0005098 secs] [Times: user=0,00 sys=0,00, real=0,00 secs] 
89,962: [GC (Allocation Failure) [PSYoungGen: 154208K->96K(149504K)] 156128K->2016K(324608K), 0,0005217 secs] [Times: user=0,00 sys=0,00, real=0,00 secs] 
90,027: [GC (Allocation Failure) [PSYoungGen: 149088K->64K(144384K)] 151008K->1984K(319488K), 0,0005271 secs] [Times: user=0,00 sys=0,00, real=0,00 secs] 
90,091: [GC (Allocation Failure) [PSYoungGen: 143936K->96K(139776K)] 145856K->2016K(314880K), 0,0005130 secs] [Times: user=0,00 sys=0,00, real=0,00 secs] 
90,152: [GC (Allocation Failure) [PSYoungGen: 139360K->96K(135168K)] 141280K->2016K(310272K), 0,0005161 secs] [Times: user=0,00 sys=0,00, real=0,00 secs] 
90,211: [GC (Allocation Failure) [PSYoungGen: 134752K->96K(131072K)] 136672K->2016K(306176K), 0,0005210 secs] [Times: user=0,00 sys=0,00, real=0,00 secs] 
90,269: [GC (Allocation Failure) [PSYoungGen: 130656K->64K(126976K)] 132576K->1984K(302080K), 0,0004912 secs] [Times: user=0,01 sys=0,00, real=0,00 secs] 
90,325: [GC (Allocation Failure) [PSYoungGen: 126528K->96K(122880K)] 128448K->2016K(297984K), 0,0005474 secs] [Times: user=0,00 sys=0,00, real=0,00 secs] 
90,379: [GC (Allocation Failure) [PSYoungGen: 122464K->96K(119296K)] 124384K->2040K(294400K), 0,0005171 secs] [Times: user=0,00 sys=0,00, real=0,00 secs] 
90,434: [GC (Allocation Failure) [PSYoungGen: 118880K->96K(115712K)] 120824K->2040K(290816K), 0,0005202 secs] [Times: user=0,00 sys=0,00, real=0,00 secs] 
90,485: [GC (Allocation Failure) [PSYoungGen: 115296K->96K(112128K)] 117240K->2040K(287232K), 0,0005526 secs] [Times: user=0,00 sys=0,00, real=0,00 secs] 
90,534: [GC (Allocation Failure) [PSYoungGen: 111712K->96K(109056K)] 113656K->2040K(284160K), 0,0005860 secs] [Times: user=0,00 sys=0,00, real=0,00 secs] 
90,582: [GC (Allocation Failure) [PSYoungGen: 108640K->64K(105984K)] 110584K->2008K(281088K), 0,0004854 secs] [Times: user=0,01 sys=0,00, real=0,00 secs] 
90,628: [GC (Allocation Failure) [PSYoungGen: 105536K->96K(102912K)] 107480K->2040K(278016K), 0,0005155 secs] [Times: user=0,00 sys=0,00, real=0,00 secs] 
90,673: [GC (Allocation Failure) [PSYoungGen: 102496K->96K(99840K)] 104440K->2040K(274944K), 0,0004857 secs] [Times: user=0,00 sys=0,00, real=0,01 secs] 
90,717: [GC (Allocation Failure) [PSYoungGen: 99424K->96K(97280K)] 101368K->2040K(272384K), 0,0004956 secs] [Times: user=0,00 sys=0,00, real=0,00 secs] 
90,759: [GC (Allocation Failure) [PSYoungGen: 96864K->32K(116736K)] 98808K->1976K(291840K), 0,0005594 secs] [Times: user=0,00 sys=0,00, real=0,00 secs] 
90,810: [GC (Allocation Failure) [PSYoungGen: 116256K->96K(113152K)] 118200K->2040K(288256K), 0,0004899 secs] [Times: user=0,00 sys=0,00, real=0,00 secs] 
90,860: [GC (Allocation Failure) [PSYoungGen: 112736K->96K(110080K)] 114680K->2040K(285184K), 0,0005059 secs] [Times: user=0,00 sys=0,00, real=0,00 secs] 
90,908: [GC (Allocation Failure) [PSYoungGen: 109664K->64K(107008K)] 111608K->2008K(282112K), 0,0005738 secs] [Times: user=0,00 sys=0,00, real=0,00 secs] 
90,955: [GC (Allocation Failure) [PSYoungGen: 106560K->96K(128512K)] 108504K->2040K(303616K), 0,0005567 secs] [Times: user=0,00 sys=0,00, real=0,00 secs] 
91,011: [GC (Allocation Failure) [PSYoungGen: 128096K->96K(154112K)] 130040K->2040K(329216K), 0,0006089 secs] [Times: user=0,00 sys=0,00, real=0,00 secs] 
91,079: [GC (Allocation Failure) [PSYoungGen: 153696K->96K(148992K)] 155640K->2040K(324096K), 0,0005036 secs] [Times: user=0,00 sys=0,00, real=0,00 secs] 
91,144: [GC (Allocation Failure) [PSYoungGen: 148576K->96K(143872K)] 150520K->2040K(318976K), 0,0005137 secs] [Times: user=0,00 sys=0,00, real=0,00 secs] 
91,207: [GC (Allocation Failure) [PSYoungGen: 143456K->96K(139264K)] 145400K->2040K(314368K), 0,0005229 secs] [Times: user=0,01 sys=0,00, real=0,00 secs] 
91,267: [GC (Allocation Failure) [PSYoungGen: 138848K->96K(134656K)] 140792K->2040K(309760K), 0,0004974 secs] [Times: user=0,00 sys=0,00, real=0,00 secs] 
91,326: [GC (Allocation Failure) [PSYoungGen: 134240K->96K(130560K)] 136184K->2040K(305664K), 0,0004998 secs] [Times: user=0,01 sys=0,00, real=0,00 secs] 
91,383: [GC (Allocation Failure) [PSYoungGen: 130144K->64K(126464K)] 132088K->2008K(301568K), 0,0005398 secs] [Times: user=0,00 sys=0,00, real=0,01 secs] 
91,438: [GC (Allocation Failure) [PSYoungGen: 126016K->96K(122368K)] 127960K->2040K(297472K), 0,0005195 secs] [Times: user=0,00 sys=0,00, real=0,00 secs] 
91,492: [GC (Allocation Failure) [PSYoungGen: 121952K->96K(118784K)] 123896K->2040K(293888K), 0,0005189 secs] [Times: user=0,00 sys=0,00, real=0,00 secs] 
91,544: [GC (Allocation Failure) [PSYoungGen: 118368K->96K(115200K)] 120312K->2040K(290304K), 0,0004979 secs] [Times: user=0,01 sys=0,00, real=0,00 secs] 
91,594: [GC (Allocation Failure) [PSYoungGen: 114784K->96K(111616K)] 116728K->2040K(286720K), 0,0005090 secs] [Times: user=0,00 sys=0,00, real=0,00 secs] 
91,643: [GC (Allocation Failure) [PSYoungGen: 111200K->64K(134144K)] 113144K->2008K(309248K), 0,0007845 secs] [Times: user=0,01 sys=0,00, real=0,01 secs] 
91,702: [GC (Allocation Failure) [PSYoungGen: 133696K->64K(130048K)] 135640K->2008K(305152K), 0,0004788 secs] [Times: user=0,00 sys=0,00, real=0,00 secs] 
91,758: [GC (Allocation Failure) [PSYoungGen: 129600K->96K(125952K)] 131544K->2040K(301056K), 0,0005376 secs] [Times: user=0,00 sys=0,00, real=0,00 secs] 
91,813: [GC (Allocation Failure) [PSYoungGen: 125536K->64K(121856K)] 127480K->2008K(296960K), 0,0005979 secs] [Times: user=0,00 sys=0,00, real=0,00 secs] 
91,867: [GC (Allocation Failure) [PSYoungGen: 121408K->96K(118272K)] 123352K->2040K(293376K), 0,0004900 secs] [Times: user=0,00 sys=0,00, real=0,00 secs] 
91,919: [GC (Allocation Failure) [PSYoungGen: 117856K->96K(114688K)] 119800K->2040K(289792K), 0,0005646 secs] [Times: user=0,00 sys=0,00, real=0,00 secs] 
91,969: [GC (Allocation Failure) [PSYoungGen: 114272K->64K(111104K)] 116216K->2008K(286208K), 0,0005243 secs] [Times: user=0,00 sys=0,00, real=0,00 secs] 
92,018: [GC (Allocation Failure) [PSYoungGen: 110656K->96K(108032K)] 112600K->2040K(283136K), 0,0004917 secs] [Times: user=0,00 sys=0,00, real=0,00 secs] 
92,065: [GC (Allocation Failure) [PSYoungGen: 107616K->96K(104960K)] 109560K->2040K(280064K), 0,0004922 secs] [Times: user=0,00 sys=0,00, real=0,00 secs] 
92,111: [GC (Allocation Failure) [PSYoungGen: 104544K->96K(101888K)] 106488K->2040K(276992K), 0,0004834 secs] [Times: user=0,00 sys=0,00, real=0,00 secs] 
92,156: [GC (Allocation Failure) [PSYoungGen: 101472K->96K(98816K)] 103416K->2040K(273920K), 0,0005601 secs] [Times: user=0,00 sys=0,00, real=0,00 secs] 
92,199: [GC (Allocation Failure) [PSYoungGen: 98400K->96K(118784K)] 100344K->2040K(293888K), 0,0005037 secs] [Times: user=0,00 sys=0,00, real=0,00 secs] 
92,252: [GC (Allocation Failure) [PSYoungGen: 118368K->96K(115200K)] 120312K->2040K(290304K), 0,0005141 secs] [Times: user=0,00 sys=0,00, real=0,00 secs] 
92,302: [GC (Allocation Failure) [PSYoungGen: 114784K->64K(111616K)] 116728K->2008K(286720K), 0,0005309 secs] [Times: user=0,00 sys=0,00, real=0,00 secs] 
92,351: [GC (Allocation Failure) [PSYoungGen: 111168K->96K(108544K)] 113112K->2040K(283648K), 0,0005190 secs] [Times: user=0,00 sys=0,00, real=0,00 secs] 
92,398: [GC (Allocation Failure) [PSYoungGen: 108128K->64K(105472K)] 110072K->2008K(280576K), 0,0005389 secs] [Times: user=0,00 sys=0,00, real=0,00 secs] 
92,444: [GC (Allocation Failure) [PSYoungGen: 105024K->96K(126464K)] 106968K->2040K(301568K), 0,0005563 secs] [Times: user=0,00 sys=0,00, real=0,00 secs] 
92,500: [GC (Allocation Failure) [PSYoungGen: 126048K->96K(122368K)] 127992K->2040K(297472K), 0,0005079 secs] [Times: user=0,00 sys=0,00, real=0,00 secs] 
92,553: [GC (Allocation Failure) [PSYoungGen: 121952K->96K(118784K)] 123896K->2040K(293888K), 0,0005567 secs] [Times: user=0,00 sys=0,00, real=0,00 secs] 
92,606: [GC (Allocation Failure) [PSYoungGen: 118368K->64K(115200K)] 120312K->2008K(290304K), 0,0004957 secs] [Times: user=0,01 sys=0,00, real=0,00 secs] 
92,656: [GC (Allocation Failure) [PSYoungGen: 114752K->64K(111616K)] 116696K->2008K(286720K), 0,0005585 secs] [Times: user=0,00 sys=0,00, real=0,00 secs] 
92,705: [GC (Allocation Failure) [PSYoungGen: 111168K->96K(108544K)] 113112K->2040K(283648K), 0,0004971 secs] [Times: user=0,01 sys=0,00, real=0,00 secs] 
92,752: [GC (Allocation Failure) [PSYoungGen: 108128K->96K(105472K)] 110072K->2040K(280576K), 0,0004914 secs] [Times: user=0,00 sys=0,00, real=0,00 secs] 
92,798: [GC (Allocation Failure) [PSYoungGen: 105056K->96K(102400K)] 107000K->2040K(277504K), 0,0004875 secs] [Times: user=0,00 sys=0,00, real=0,00 secs] 
92,843: [GC (Allocation Failure) [PSYoungGen: 101984K->96K(99328K)] 103928K->2040K(274432K), 0,0005097 secs] [Times: user=0,01 sys=0,00, real=0,01 secs] 
92,886: [GC (Allocation Failure) [PSYoungGen: 98912K->96K(96768K)] 100856K->2040K(271872K), 0,0005085 secs] [Times: user=0,00 sys=0,00, real=0,00 secs] 
92,929: [GC (Allocation Failure) [PSYoungGen: 96352K->96K(116224K)] 98296K->2040K(291328K), 0,0005691 secs] [Times: user=0,00 sys=0,00, real=0,00 secs] 
92,980: [GC (Allocation Failure) [PSYoungGen: 115808K->96K(139776K)] 117752K->2040K(314880K), 0,0005096 secs] [Times: user=0,00 sys=0,00, real=0,00 secs] 
93,040: [GC (Allocation Failure) [PSYoungGen: 139360K->96K(135168K)] 141304K->2040K(310272K), 0,0004830 secs] [Times: user=0,00 sys=0,00, real=0,00 secs] 
93,099: [GC (Allocation Failure) [PSYoungGen: 134752K->32K(131072K)] 136696K->1976K(306176K), 0,0005049 secs] [Times: user=0,00 sys=0,00, real=0,00 secs] 
93,157: [GC (Allocation Failure) [PSYoungGen: 130592K->64K(126976K)] 132536K->2008K(302080K), 0,0005187 secs] [Times: user=0,00 sys=0,00, real=0,00 secs] 
93,212: [GC (Allocation Failure) [PSYoungGen: 126528K->96K(122880K)] 128472K->2040K(297984K), 0,0004981 secs] [Times: user=0,00 sys=0,00, real=0,00 secs] 
93,266: [GC (Allocation Failure) [PSYoungGen: 122464K->64K(119296K)] 124408K->2008K(294400K), 0,0005025 secs] [Times: user=0,00 sys=0,00, real=0,00 secs] 
93,318: [GC (Allocation Failure) [PSYoungGen: 118848K->96K(115712K)] 120792K->2040K(290816K), 0,0004982 secs] [Times: user=0,00 sys=0,00, real=0,00 secs] 
93,369: [GC (Allocation Failure) [PSYoungGen: 115296K->64K(112128K)] 117240K->2008K(287232K), 0,0004975 secs] [Times: user=0,01 sys=0,00, real=0,00 secs] 
93,418: [GC (Allocation Failure) [PSYoungGen: 111680K->96K(109056K)] 113624K->2040K(284160K), 0,0005053 secs] [Times: user=0,00 sys=0,01, real=0,00 secs] 
93,466: [GC (Allocation Failure) [PSYoungGen: 108640K->96K(105984K)] 110584K->2040K(281088K), 0,0005151 secs] [Times: user=0,00 sys=0,00, real=0,00 secs] 
93,512: [GC (Allocation Failure) [PSYoungGen: 105568K->96K(102912K)] 107512K->2040K(278016K), 0,0004881 secs] [Times: user=0,00 sys=0,00, real=0,00 secs] 
93,558: [GC (Allocation Failure) [PSYoungGen: 102496K->96K(99840K)] 104440K->2040K(274944K), 0,0004984 secs] [Times: user=0,01 sys=0,00, real=0,00 secs] 
93,601: [GC (Allocation Failure) [PSYoungGen: 99424K->96K(97280K)] 101368K->2040K(272384K), 0,0005008 secs] [Times: user=0,00 sys=0,00, real=0,00 secs] 
93,644: [GC (Allocation Failure) [PSYoungGen: 96864K->96K(94720K)] 98808K->2040K(269824K), 0,0005006 secs] [Times: user=0,00 sys=0,00, real=0,00 secs] 
93,686: [GC (Allocation Failure) [PSYoungGen: 94304K->96K(113664K)] 96248K->2040K(288768K), 0,0004801 secs] [Times: user=0,01 sys=0,00, real=0,00 secs] 
93,736: [GC (Allocation Failure) [PSYoungGen: 113248K->96K(110592K)] 115192K->2040K(285696K), 0,0004906 secs] [Times: user=0,01 sys=0,00, real=0,00 secs] 
93,784: [GC (Allocation Failure) [PSYoungGen: 110175K->96K(107520K)] 112120K->2040K(282624K), 0,0004837 secs] [Times: user=0,00 sys=0,00, real=0,00 secs] 
93,831: [GC (Allocation Failure) [PSYoungGen: 107104K->64K(104448K)] 109048K->2008K(279552K), 0,0005022 secs] [Times: user=0,00 sys=0,00, real=0,00 secs] 
93,877: [GC (Allocation Failure) [PSYoungGen: 104000K->96K(101376K)] 105944K->2040K(276480K), 0,0004941 secs] [Times: user=0,00 sys=0,00, real=0,00 secs] 
93,921: [GC (Allocation Failure) [PSYoungGen: 100960K->96K(98816K)] 102904K->2040K(273920K), 0,0005146 secs] [Times: user=0,00 sys=0,00, real=0,00 secs] 
93,965: [GC (Allocation Failure) [PSYoungGen: 98400K->96K(118784K)] 100344K->2040K(293888K), 0,0005076 secs] [Times: user=0,00 sys=0,00, real=0,00 secs] 
94,017: [GC (Allocation Failure) [PSYoungGen: 118368K->96K(115200K)] 120312K->2040K(290304K), 0,0005083 secs] [Times: user=0,00 sys=0,00, real=0,00 secs] 
94,067: [GC (Allocation Failure) [PSYoungGen: 114784K->96K(111616K)] 116728K->2040K(286720K), 0,0004900 secs] [Times: user=0,00 sys=0,00, real=0,00 secs] 
94,116: [GC (Allocation Failure) [PSYoungGen: 111200K->96K(108544K)] 113144K->2040K(283648K), 0,0005408 secs] [Times: user=0,00 sys=0,00, real=0,00 secs] 
94,164: [GC (Allocation Failure) [PSYoungGen: 108128K->96K(105472K)] 110072K->2040K(280576K), 0,0005137 secs] [Times: user=0,00 sys=0,00, real=0,00 secs] 
94,210: [GC (Allocation Failure) [PSYoungGen: 105056K->96K(102400K)] 107000K->2040K(277504K), 0,0004856 secs] [Times: user=0,00 sys=0,00, real=0,00 secs] 
94,255: [GC (Allocation Failure) [PSYoungGen: 101984K->64K(99328K)] 103928K->2008K(274432K), 0,0005107 secs] [Times: user=0,00 sys=0,00, real=0,00 secs] 
94,298: [GC (Allocation Failure) [PSYoungGen: 98880K->96K(96768K)] 100824K->2040K(271872K), 0,0004915 secs] [Times: user=0,00 sys=0,00, real=0,00 secs] 
94,340: [GC (Allocation Failure) [PSYoungGen: 96352K->64K(116224K)] 98296K->2008K(291328K), 0,0004734 secs] [Times: user=0,00 sys=0,00, real=0,00 secs] 
94,391: [GC (Allocation Failure) [PSYoungGen: 115776K->64K(112640K)] 117720K->2008K(287744K), 0,0004843 secs] [Times: user=0,00 sys=0,00, real=0,00 secs] 
94,440: [GC (Allocation Failure) [PSYoungGen: 112192K->32K(135168K)] 114136K->1976K(310272K), 0,0010555 secs] [Times: user=0,00 sys=0,00, real=0,00 secs] 
94,500: [GC (Allocation Failure) [PSYoungGen: 134688K->96K(162304K)] 136632K->2040K(337408K), 0,0005326 secs] [Times: user=0,00 sys=0,00, real=0,00 secs] 
94,571: [GC (Allocation Failure) [PSYoungGen: 161888K->96K(195072K)] 163832K->2040K(370176K), 0,0005537 secs] [Times: user=0,00 sys=0,00, real=0,00 secs] 
94,656: [GC (Allocation Failure) [PSYoungGen: 194656K->64K(187904K)] 196600K->2008K(363008K), 0,0005749 secs] [Times: user=0,00 sys=0,00, real=0,00 secs] 
94,738: [GC (Allocation Failure) [PSYoungGen: 187456K->64K(181248K)] 189400K->2008K(356352K), 0,0005440 secs] [Times: user=0,00 sys=0,00, real=0,00 secs] 
94,817: [GC (Allocation Failure) [PSYoungGen: 180799K->96K(175104K)] 182744K->2040K(350208K), 0,0007381 secs] [Times: user=0,01 sys=0,00, real=0,00 secs] 
94,893: [GC (Allocation Failure) [PSYoungGen: 174688K->96K(168960K)] 176632K->2040K(344064K), 0,0005130 secs] [Times: user=0,00 sys=0,00, real=0,00 secs] 
94,967: [GC (Allocation Failure) [PSYoungGen: 168544K->96K(163328K)] 170488K->2040K(338432K), 0,0005283 secs] [Times: user=0,00 sys=0,00, real=0,00 secs] 
95,039: [GC (Allocation Failure) [PSYoungGen: 162912K->96K(157696K)] 164856K->2040K(332800K), 0,0005591 secs] [Times: user=0,00 sys=0,00, real=0,00 secs] 
95,107: [GC (Allocation Failure) [PSYoungGen: 157280K->64K(152576K)] 159224K->2008K(327680K), 0,0005056 secs] [Times: user=0,00 sys=0,00, real=0,00 secs] 
95,174: [GC (Allocation Failure) [PSYoungGen: 152128K->96K(147456K)] 154072K->2040K(322560K), 0,0005215 secs] [Times: user=0,01 sys=0,00, real=0,00 secs] 
95,238: [GC (Allocation Failure) [PSYoungGen: 147040K->64K(142848K)] 148984K->2008K(317952K), 0,0010729 secs] [Times: user=0,00 sys=0,00, real=0,00 secs] 
95,301: [GC (Allocation Failure) [PSYoungGen: 142400K->32K(138240K)] 144344K->1976K(313344K), 0,0006313 secs] [Times: user=0,00 sys=0,00, real=0,00 secs] 
95,362: [GC (Allocation Failure) [PSYoungGen: 137760K->96K(133632K)] 139704K->2040K(308736K), 0,0005066 secs] [Times: user=0,00 sys=0,00, real=0,00 secs] 
95,421: [GC (Allocation Failure) [PSYoungGen: 133216K->64K(129536K)] 135160K->2008K(304640K), 0,0005225 secs] [Times: user=0,00 sys=0,00, real=0,00 secs] 
95,479: [GC (Allocation Failure) [PSYoungGen: 129088K->96K(125440K)] 131032K->2040K(300544K), 0,0005286 secs] [Times: user=0,00 sys=0,00, real=0,00 secs] 
95,534: [GC (Allocation Failure) [PSYoungGen: 125024K->64K(121344K)] 126968K->2008K(296448K), 0,0004779 secs] [Times: user=0,00 sys=0,00, real=0,00 secs] 
95,588: [GC (Allocation Failure) [PSYoungGen: 120896K->96K(117760K)] 122840K->2040K(292864K), 0,0005848 secs] [Times: user=0,00 sys=0,00, real=0,00 secs] 
95,640: [GC (Allocation Failure) [PSYoungGen: 117343K->96K(114176K)] 119288K->2040K(289280K), 0,0005167 secs] [Times: user=0,00 sys=0,00, real=0,00 secs] 
95,690: [GC (Allocation Failure) [PSYoungGen: 113760K->96K(110592K)] 115704K->2040K(285696K), 0,0005293 secs] [Times: user=0,00 sys=0,00, real=0,00 secs] 
95,739: [GC (Allocation Failure) [PSYoungGen: 110176K->96K(107520K)] 112120K->2040K(282624K), 0,0004940 secs] [Times: user=0,00 sys=0,00, real=0,00 secs] 
95,786: [GC (Allocation Failure) [PSYoungGen: 107104K->96K(104448K)] 109048K->2040K(279552K), 0,0004949 secs] [Times: user=0,00 sys=0,00, real=0,00 secs] 
95,832: [GC (Allocation Failure) [PSYoungGen: 104032K->96K(101376K)] 105976K->2040K(276480K), 0,0004983 secs] [Times: user=0,00 sys=0,00, real=0,00 secs] 
95,877: [GC (Allocation Failure) [PSYoungGen: 100960K->64K(98816K)] 102904K->2008K(273920K), 0,0005039 secs] [Times: user=0,00 sys=0,00, real=0,00 secs] 
95,921: [GC (Allocation Failure) [PSYoungGen: 98368K->96K(118784K)] 100312K->2040K(293888K), 0,0005705 secs] [Times: user=0,01 sys=0,00, real=0,00 secs] 
95,974: [GC (Allocation Failure) [PSYoungGen: 118368K->96K(115200K)] 120312K->2040K(290304K), 0,0005237 secs] [Times: user=0,00 sys=0,00, real=0,00 secs] 
96,025: [GC (Allocation Failure) [PSYoungGen: 114784K->64K(111616K)] 116728K->2008K(286720K), 0,0005397 secs] [Times: user=0,00 sys=0,00, real=0,00 secs] 
96,074: [GC (Allocation Failure) [PSYoungGen: 111168K->96K(108544K)] 113112K->2040K(283648K), 0,0004870 secs] [Times: user=0,00 sys=0,00, real=0,00 secs] 
96,122: [GC (Allocation Failure) [PSYoungGen: 108128K->64K(105472K)] 110072K->2008K(280576K), 0,0005302 secs] [Times: user=0,00 sys=0,00, real=0,00 secs] 
96,168: [GC (Allocation Failure) [PSYoungGen: 105024K->96K(102400K)] 106968K->2040K(277504K), 0,0005636 secs] [Times: user=0,00 sys=0,00, real=0,00 secs] 
96,213: [GC (Allocation Failure) [PSYoungGen: 101984K->96K(99328K)] 103928K->2040K(274432K), 0,0004786 secs] [Times: user=0,00 sys=0,00, real=0,01 secs] 
96,257: [GC (Allocation Failure) [PSYoungGen: 98912K->96K(119296K)] 100856K->2040K(294400K), 0,0005241 secs] [Times: user=0,00 sys=0,00, real=0,00 secs] 
96,309: [GC (Allocation Failure) [PSYoungGen: 118880K->96K(115712K)] 120824K->2040K(290816K), 0,0004847 secs] [Times: user=0,01 sys=0,00, real=0,00 secs] 
96,359: [GC (Allocation Failure) [PSYoungGen: 115296K->96K(112128K)] 117240K->2040K(287232K), 0,0004762 secs] [Times: user=0,00 sys=0,00, real=0,00 secs] 
96,408: [GC (Allocation Failure) [PSYoungGen: 111712K->96K(109056K)] 113656K->2040K(284160K), 0,0005145 secs] [Times: user=0,00 sys=0,00, real=0,00 secs] 
96,456: [GC (Allocation Failure) [PSYoungGen: 108640K->96K(105984K)] 110584K->2040K(281088K), 0,0005271 secs] [Times: user=0,00 sys=0,00, real=0,00 secs] 
96,503: [GC (Allocation Failure) [PSYoungGen: 105568K->96K(102912K)] 107512K->2040K(278016K), 0,0004805 secs] [Times: user=0,00 sys=0,00, real=0,01 secs] 
96,548: [GC (Allocation Failure) [PSYoungGen: 102496K->96K(99840K)] 104440K->2040K(274944K), 0,0005293 secs] [Times: user=0,00 sys=0,00, real=0,00 secs] 
96,592: [GC (Allocation Failure) [PSYoungGen: 99424K->96K(119808K)] 101368K->2040K(294912K), 0,0004953 secs] [Times: user=0,00 sys=0,00, real=0,00 secs] 
96,644: [GC (Allocation Failure) [PSYoungGen: 119392K->96K(116224K)] 121336K->2040K(291328K), 0,0005011 secs] [Times: user=0,00 sys=0,00, real=0,00 secs] 
96,694: [GC (Allocation Failure) [PSYoungGen: 115808K->96K(112640K)] 117752K->2040K(287744K), 0,0004988 secs] [Times: user=0,01 sys=0,00, real=0,00 secs] 
96,744: [GC (Allocation Failure) [PSYoungGen: 112224K->96K(109568K)] 114168K->2040K(284672K), 0,0004898 secs] [Times: user=0,00 sys=0,00, real=0,00 secs] 
96,791: [GC (Allocation Failure) [PSYoungGen: 109152K->96K(106496K)] 111096K->2040K(281600K), 0,0004770 secs] [Times: user=0,00 sys=0,00, real=0,00 secs] 
96,838: [GC (Allocation Failure) [PSYoungGen: 106080K->96K(103424K)] 108024K->2040K(278528K), 0,0004864 secs] [Times: user=0,00 sys=0,00, real=0,00 secs] 
96,883: [GC (Allocation Failure) [PSYoungGen: 103008K->96K(100352K)] 104952K->2040K(275456K), 0,0004961 secs] [Times: user=0,01 sys=0,00, real=0,01 secs] 
96,927: [GC (Allocation Failure) [PSYoungGen: 99936K->96K(97792K)] 101880K->2040K(272896K), 0,0005021 secs] [Times: user=0,00 sys=0,00, real=0,00 secs] 
96,970: [GC (Allocation Failure) [PSYoungGen: 97376K->96K(95232K)] 99320K->2040K(270336K), 0,0004998 secs] [Times: user=0,00 sys=0,00, real=0,00 secs] 
97,011: [GC (Allocation Failure) [PSYoungGen: 94816K->96K(114176K)] 96760K->2040K(289280K), 0,0004791 secs] [Times: user=0,01 sys=0,00, real=0,00 secs] 
97,061: [GC (Allocation Failure) [PSYoungGen: 113760K->96K(110592K)] 115704K->2040K(285696K), 0,0004816 secs] [Times: user=0,01 sys=0,00, real=0,00 secs] 
97,110: [GC (Allocation Failure) [PSYoungGen: 110175K->96K(107520K)] 112120K->2040K(282624K), 0,0005435 secs] [Times: user=0,00 sys=0,00, real=0,00 secs] 
97,157: [GC (Allocation Failure) [PSYoungGen: 107104K->96K(104448K)] 109048K->2040K(279552K), 0,0005035 secs] [Times: user=0,00 sys=0,00, real=0,00 secs] 
97,203: [GC (Allocation Failure) [PSYoungGen: 104032K->64K(101376K)] 105976K->2008K(276480K), 0,0004978 secs] [Times: user=0,00 sys=0,00, real=0,00 secs] 
97,248: [GC (Allocation Failure) [PSYoungGen: 100928K->64K(121856K)] 102872K->2008K(296960K), 0,0005252 secs] [Times: user=0,00 sys=0,00, real=0,00 secs] 
97,302: [GC (Allocation Failure) [PSYoungGen: 121408K->96K(118272K)] 123352K->2040K(293376K), 0,0005212 secs] [Times: user=0,00 sys=0,00, real=0,00 secs] 
97,354: [GC (Allocation Failure) [PSYoungGen: 117856K->96K(114688K)] 119800K->2040K(289792K), 0,0005209 secs] [Times: user=0,00 sys=0,00, real=0,00 secs] 
97,404: [GC (Allocation Failure) [PSYoungGen: 114271K->64K(111104K)] 116216K->2008K(286208K), 0,0004972 secs] [Times: user=0,00 sys=0,00, real=0,00 secs] 
97,454: [GC (Allocation Failure) [PSYoungGen: 110656K->96K(108032K)] 112600K->2040K(283136K), 0,0005138 secs] [Times: user=0,00 sys=0,00, real=0,00 secs] 
97,502: [GC (Allocation Failure) [PSYoungGen: 107616K->96K(104960K)] 109560K->2040K(280064K), 0,0005057 secs] [Times: user=0,00 sys=0,00, real=0,00 secs] 
97,549: [GC (Allocation Failure) [PSYoungGen: 104544K->96K(101888K)] 106488K->2040K(276992K), 0,0005165 secs] [Times: user=0,00 sys=0,00, real=0,00 secs] 
97,594: [GC (Allocation Failure) [PSYoungGen: 101472K->96K(98816K)] 103416K->2040K(273920K), 0,0005164 secs] [Times: user=0,00 sys=0,00, real=0,00 secs] 
97,638: [GC (Allocation Failure) [PSYoungGen: 98400K->64K(96256K)] 100344K->2008K(271360K), 0,0005111 secs] [Times: user=0,00 sys=0,00, real=0,00 secs] 
97,680: [GC (Allocation Failure) [PSYoungGen: 95808K->96K(115712K)] 97752K->2040K(290816K), 0,0005386 secs] [Times: user=0,00 sys=0,00, real=0,00 secs] 
97,731: [GC (Allocation Failure) [PSYoungGen: 115296K->96K(138752K)] 117240K->2040K(313856K), 0,0005121 secs] [Times: user=0,00 sys=0,00, real=0,00 secs] 
97,792: [GC (Allocation Failure) [PSYoungGen: 138336K->128K(134144K)] 140280K->2072K(309248K), 0,0004942 secs] [Times: user=0,00 sys=0,00, real=0,00 secs] 
97,851: [GC (Allocation Failure) [PSYoungGen: 133760K->64K(161280K)] 135704K->2008K(336384K), 0,0009647 secs] [Times: user=0,00 sys=0,00, real=0,00 secs] 
97,922: [GC (Allocation Failure) [PSYoungGen: 160832K->96K(155648K)] 162776K->2040K(330752K), 0,0005165 secs] [Times: user=0,00 sys=0,00, real=0,00 secs] 
97,990: [GC (Allocation Failure) [PSYoungGen: 155232K->96K(150528K)] 157176K->2040K(325632K), 0,0005696 secs] [Times: user=0,00 sys=0,00, real=0,00 secs] 
98,057: [GC (Allocation Failure) [PSYoungGen: 150112K->64K(180736K)] 152056K->2008K(355840K), 0,0010060 secs] [Times: user=0,00 sys=0,00, real=0,00 secs] 
98,136: [GC (Allocation Failure) [PSYoungGen: 180287K->96K(174592K)] 182232K->2040K(349696K), 0,0005170 secs] [Times: user=0,00 sys=0,00, real=0,00 secs] 
98,213: [GC (Allocation Failure) [PSYoungGen: 174176K->64K(168448K)] 176120K->2008K(343552K), 0,0005381 secs] [Times: user=0,01 sys=0,00, real=0,01 secs] 
98,286: [GC (Allocation Failure) [PSYoungGen: 168000K->96K(162816K)] 169944K->2040K(337920K), 0,0005023 secs] [Times: user=0,00 sys=0,00, real=0,00 secs] 
98,358: [GC (Allocation Failure) [PSYoungGen: 162400K->96K(157184K)] 164344K->2040K(332288K), 0,0005169 secs] [Times: user=0,00 sys=0,00, real=0,00 secs] 
98,427: [GC (Allocation Failure) [PSYoungGen: 156768K->64K(152064K)] 158712K->2008K(327168K), 0,0005194 secs] [Times: user=0,00 sys=0,00, real=0,00 secs] 
98,493: [GC (Allocation Failure) [PSYoungGen: 151616K->96K(146944K)] 153560K->2040K(322048K), 0,0005036 secs] [Times: user=0,00 sys=0,00, real=0,01 secs] 
98,559: [GC (Allocation Failure) [PSYoungGen: 146528K->96K(142336K)] 148472K->2040K(317440K), 0,0005266 secs] [Times: user=0,00 sys=0,00, real=0,00 secs] 
98,621: [GC (Allocation Failure) [PSYoungGen: 141920K->96K(137728K)] 143864K->2040K(312832K), 0,0006317 secs] [Times: user=0,00 sys=0,00, real=0,00 secs] 
98,681: [GC (Allocation Failure) [PSYoungGen: 137312K->96K(133120K)] 139256K->2040K(308224K), 0,0005122 secs] [Times: user=0,00 sys=0,00, real=0,00 secs] 
98,740: [GC (Allocation Failure) [PSYoungGen: 132704K->96K(129024K)] 134648K->2040K(304128K), 0,0005111 secs] [Times: user=0,00 sys=0,00, real=0,00 secs] 
98,796: [GC (Allocation Failure) [PSYoungGen: 128608K->96K(124928K)] 130552K->2040K(300032K), 0,0005041 secs] [Times: user=0,00 sys=0,00, real=0,00 secs] 
98,851: [GC (Allocation Failure) [PSYoungGen: 124512K->96K(121344K)] 126456K->2040K(296448K), 0,0005141 secs] [Times: user=0,00 sys=0,00, real=0,00 secs] 
98,904: [GC (Allocation Failure) [PSYoungGen: 120928K->96K(117760K)] 122872K->2040K(292864K), 0,0004959 secs] [Times: user=0,00 sys=0,00, real=0,00 secs] 
98,956: [GC (Allocation Failure) [PSYoungGen: 117344K->96K(114176K)] 119288K->2040K(289280K), 0,0005318 secs] [Times: user=0,00 sys=0,00, real=0,00 secs] 
99,006: [GC (Allocation Failure) [PSYoungGen: 113760K->64K(110592K)] 115704K->2008K(285696K), 0,0007470 secs] [Times: user=0,01 sys=0,00, real=0,00 secs] 
99,055: [GC (Allocation Failure) [PSYoungGen: 110144K->96K(107520K)] 112088K->2040K(282624K), 0,0005311 secs] [Times: user=0,00 sys=0,00, real=0,00 secs] 
99,102: [GC (Allocation Failure) [PSYoungGen: 107104K->96K(104448K)] 109048K->2040K(279552K), 0,0004970 secs] [Times: user=0,00 sys=0,00, real=0,00 secs] 
99,148: [GC (Allocation Failure) [PSYoungGen: 104032K->96K(101376K)] 105976K->2040K(276480K), 0,0005106 secs] [Times: user=0,00 sys=0,00, real=0,00 secs] 
99,192: [GC (Allocation Failure) [PSYoungGen: 100960K->96K(98816K)] 102904K->2040K(273920K), 0,0005145 secs] [Times: user=0,00 sys=0,00, real=0,00 secs] 
99,236: [GC (Allocation Failure) [PSYoungGen: 98400K->128K(118784K)] 100344K->2072K(293888K), 0,0004853 secs] [Times: user=0,00 sys=0,00, real=0,00 secs] 
99,288: [GC (Allocation Failure) [PSYoungGen: 118400K->96K(115200K)] 120344K->2040K(290304K), 0,0005073 secs] [Times: user=0,00 sys=0,00, real=0,00 secs] 
99,338: [GC (Allocation Failure) [PSYoungGen: 114784K->96K(111616K)] 116728K->2040K(286720K), 0,0005488 secs] [Times: user=0,00 sys=0,00, real=0,00 secs] 
99,387: [GC (Allocation Failure) [PSYoungGen: 111200K->96K(108544K)] 113144K->2040K(283648K), 0,0004786 secs] [Times: user=0,00 sys=0,00, real=0,00 secs] 
99,435: [GC (Allocation Failure) [PSYoungGen: 108128K->96K(105472K)] 110072K->2040K(280576K), 0,0004929 secs] [Times: user=0,00 sys=0,00, real=0,00 secs] 
99,482: [GC (Allocation Failure) [PSYoungGen: 105056K->96K(102400K)] 107000K->2040K(277504K), 0,0005180 secs] [Times: user=0,00 sys=0,00, real=0,00 secs] 
99,527: [GC (Allocation Failure) [PSYoungGen: 101984K->96K(99328K)] 103928K->2040K(274432K), 0,0004806 secs] [Times: user=0,00 sys=0,00, real=0,00 secs] 
99,570: [GC (Allocation Failure) [PSYoungGen: 98912K->64K(96768K)] 100856K->2008K(271872K), 0,0005068 secs] [Times: user=0,00 sys=0,00, real=0,00 secs] 
99,613: [GC (Allocation Failure) [PSYoungGen: 96320K->96K(116224K)] 98264K->2040K(291328K), 0,0004907 secs] [Times: user=0,00 sys=0,00, real=0,01 secs] 
99,664: [GC (Allocation Failure) [PSYoungGen: 115808K->96K(112640K)] 117752K->2040K(287744K), 0,0005051 secs] [Times: user=0,00 sys=0,00, real=0,00 secs] 
99,713: [GC (Allocation Failure) [PSYoungGen: 112224K->64K(135168K)] 114168K->2008K(310272K), 0,0005691 secs] [Times: user=0,00 sys=0,00, real=0,01 secs] 
99,772: [GC (Allocation Failure) [PSYoungGen: 134720K->64K(162304K)] 136664K->2008K(337408K), 0,0011179 secs] [Times: user=0,00 sys=0,00, real=0,00 secs] 
99,843: [GC (Allocation Failure) [PSYoungGen: 161856K->96K(195072K)] 163800K->2040K(370176K), 0,0004991 secs] [Times: user=0,00 sys=0,00, real=0,00 secs] 
99,928: [GC (Allocation Failure) [PSYoungGen: 194656K->96K(187904K)] 196600K->2040K(363008K), 0,0005161 secs] [Times: user=0,01 sys=0,00, real=0,00 secs] 
100,011: [GC (Allocation Failure) [PSYoungGen: 187488K->64K(181248K)] 189432K->2008K(356352K), 0,0005167 secs] [Times: user=0,00 sys=0,00, real=0,00 secs] 
100,090: [GC (Allocation Failure) [PSYoungGen: 180799K->96K(175104K)] 182744K->2040K(350208K), 0,0005079 secs] [Times: user=0,00 sys=0,00, real=0,00 secs] 
100,167: [GC (Allocation Failure) [PSYoungGen: 174688K->96K(168960K)] 176632K->2040K(344064K), 0,0005205 secs] [Times: user=0,01 sys=0,00, real=0,00 secs] 
100,241: [GC (Allocation Failure) [PSYoungGen: 168544K->96K(163328K)] 170488K->2040K(338432K), 0,0005046 secs] [Times: user=0,00 sys=0,00, real=0,00 secs] 
Heap
 PSYoungGen      total 163328K, used 118123K [0x000000076ab00000, 0x000000079c600000, 0x00000007c0000000)
  eden space 162816K, 72% used [0x000000076ab00000,0x0000000771e42fb0,0x0000000774a00000)
  from space 512K, 18% used [0x000000079c500000,0x000000079c518000,0x000000079c580000)
  to   space 512K, 0% used [0x000000079c580000,0x000000079c580000,0x000000079c600000)
 ParOldGen       total 175104K, used 1944K [0x00000006c0000000, 0x00000006cab00000, 0x000000076ab00000)
  object space 175104K, 1% used [0x00000006c0000000,0x00000006c01e60c0,0x00000006cab00000)
 Metaspace       used 9410K, capacity 9656K, committed 9728K, reserved 1058816K
  class space    used 1118K, capacity 1225K, committed 1280K, reserved 1048576K
