OpenJDK 64-Bit Server VM (25.202-b05) for bsd-amd64 JRE (Zulu 8.36.0.1-CA-macosx) (1.8.0_202-b05), built on Jan 29 2019 06:07:09 by "zulu_re" with gcc 4.2.1 (Based on Apple Inc. build 5658) (LLVM build 2336.11.00)
Memory: 4k page, physical 16777216k(3747600k free)

/proc/meminfo:

CommandLine flags: -XX:InitialHeapSize=268435456 -XX:MaxHeapSize=4294967296 -XX:+PrintGC -XX:+PrintGCDetails -XX:+PrintGCTimeStamps -XX:+UseCompressedClassPointers -XX:+UseCompressedOops -XX:+UseParallelGC 
Heap
 PSYoungGen      total 76288K, used 35656K [0x000000076ab00000, 0x0000000770000000, 0x00000007c0000000)
  eden space 65536K, 54% used [0x000000076ab00000,0x000000076cdd2348,0x000000076eb00000)
  from space 10752K, 0% used [0x000000076f580000,0x000000076f580000,0x0000000770000000)
  to   space 10752K, 0% used [0x000000076eb00000,0x000000076eb00000,0x000000076f580000)
 ParOldGen       total 175104K, used 0K [0x00000006c0000000, 0x00000006cab00000, 0x000000076ab00000)
  object space 175104K, 0% used [0x00000006c0000000,0x00000006c0000000,0x00000006cab00000)
 Metaspace       used 7665K, capacity 8005K, committed 8192K, reserved 1056768K
  class space    used 853K, capacity 948K, committed 1024K, reserved 1048576K
760: [GC (Allocation Failure) [PSYoungGen: 132656K->1584K(141824K)] 132688K->1624K(316928K), 0,0025548 secs] [Times: user=0,01 sys=0,00, real=0,00 secs] 
0,809: [GC (Allocation Failure) [PSYoungGen: 132656K->1568K(266752K)] 132696K->1616K(441856K), 0,0017816 secs] [Times: user=0,00 sys=0,00, real=0,00 secs] 
0,954: [GC (Allocation Failure) [PSYoungGen: 263712K->96K(266752K)] 263760K->1680K(441856K), 0,0019124 secs] [Times: user=0,00 sys=0,01, real=0,00 secs] 
1,050: [GC (Allocation Failure) [PSYoungGen: 262240K->96K(528896K)] 263824K->1696K(704000K), 0,0005706 secs] [Times: user=0,01 sys=0,00, real=0,00 secs] 
1,332: [GC (Allocation Failure) [PSYoungGen: 524384K->96K(528896K)] 525984K->1712K(704000K), 0,0010019 secs] [Times: user=0,00 sys=0,00, real=0,00 secs] 
1,519: [GC (Allocation Failure) [PSYoungGen: 524384K->96K(843776K)] 526000K->1720K(1018880K), 0,0005527 secs] [Times: user=0,00 sys=0,00, real=0,00 secs] 
1,930: [GC (Allocation Failure) [PSYoungGen: 839264K->96K(843776K)] 840888K->1720K(1018880K), 0,0009336 secs] [Times: user=0,00 sys=0,00, real=0,00 secs] 
2,226: [GC (Allocation Failure) [PSYoungGen: 839264K->96K(800768K)] 840888K->1736K(975872K), 0,0005360 secs] [Times: user=0,01 sys=0,00, real=0,01 secs] 
2,501: [GC (Allocation Failure) [PSYoungGen: 800352K->96K(767488K)] 801992K->1736K(942592K), 0,0005128 secs] [Times: user=0,00 sys=0,00, real=0,00 secs] 
2,764: [GC (Allocation Failure) [PSYoungGen: 763488K->96K(729088K)] 765128K->1744K(904192K), 0,0005283 secs] [Times: user=0,00 sys=0,00, real=0,00 secs] 
3,014: [GC (Allocation Failure) [PSYoungGen: 728672K->96K(699392K)] 730320K->1744K(874496K), 0,0005107 secs] [Times: user=0,00 sys=0,00, real=0,00 secs] 
3,254: [GC (Allocation Failure) [PSYoungGen: 695392K->96K(664064K)] 697040K->1744K(839168K), 0,0005601 secs] [Times: user=0,00 sys=0,00, real=0,00 secs] 
3,484: [GC (Allocation Failure) [PSYoungGen: 663648K->96K(637440K)] 665296K->1744K(812544K), 0,0005348 secs] [Times: user=0,00 sys=0,00, real=0,00 secs] 
3,703: [GC (Allocation Failure) [PSYoungGen: 633952K->64K(605696K)] 635600K->1712K(780800K), 0,0007457 secs] [Times: user=0,00 sys=0,00, real=0,00 secs] 
3,912: [GC (Allocation Failure) [PSYoungGen: 605248K->96K(581632K)] 606896K->1744K(756736K), 0,0005081 secs] [Times: user=0,00 sys=0,00, real=0,00 secs] 
4,111: [GC (Allocation Failure) [PSYoungGen: 578144K->96K(552960K)] 579792K->1744K(728064K), 0,0004743 secs] [Times: user=0,00 sys=0,00, real=0,00 secs] 
4,303: [GC (Allocation Failure) [PSYoungGen: 552544K->96K(530944K)] 554192K->1744K(706048K), 0,0005419 secs] [Times: user=0,00 sys=0,00, real=0,00 secs] 
4,485: [GC (Allocation Failure) [PSYoungGen: 527968K->96K(505344K)] 529616K->1744K(680448K), 0,0005521 secs] [Times: user=0,00 sys=0,00, real=0,00 secs] 
4,659: [GC (Allocation Failure) [PSYoungGen: 504928K->96K(485376K)] 506576K->1744K(660480K), 0,0005284 secs] [Times: user=0,00 sys=0,00, real=0,00 secs] 
4,825: [GC (Allocation Failure) [PSYoungGen: 482912K->96K(462336K)] 484560K->1752K(637440K), 0,0005574 secs] [Times: user=0,00 sys=0,00, real=0,00 secs] 
4,984: [GC (Allocation Failure) [PSYoungGen: 461920K->96K(444416K)] 463576K->1752K(619520K), 0,0005175 secs] [Times: user=0,00 sys=0,00, real=0,00 secs] 
5,137: [GC (Allocation Failure) [PSYoungGen: 441952K->64K(423424K)] 443608K->1720K(598528K), 0,0005214 secs] [Times: user=0,00 sys=0,00, real=0,00 secs] 
5,284: [GC (Allocation Failure) [PSYoungGen: 422976K->96K(407040K)] 424632K->1752K(582144K), 0,0005640 secs] [Times: user=0,00 sys=0,00, real=0,00 secs] 
5,426: [GC (Allocation Failure) [PSYoungGen: 405088K->96K(388096K)] 406744K->1752K(563200K), 0,0005403 secs] [Times: user=0,00 sys=0,00, real=0,00 secs] 
5,561: [GC (Allocation Failure) [PSYoungGen: 387680K->96K(373248K)] 389336K->1752K(548352K), 0,0008224 secs] [Times: user=0,00 sys=0,00, real=0,00 secs] 
5,690: [GC (Allocation Failure) [PSYoungGen: 371295K->128K(356352K)] 372952K->1784K(531456K), 0,0005668 secs] [Times: user=0,00 sys=0,00, real=0,00 secs] 
5,813: [GC (Allocation Failure) [PSYoungGen: 355968K->96K(342528K)] 357624K->1752K(517632K), 0,0005409 secs] [Times: user=0,00 sys=0,00, real=0,00 secs] 
5,931: [GC (Allocation Failure) [PSYoungGen: 341088K->64K(327680K)] 342744K->1720K(502784K), 0,0010023 secs] [Times: user=0,01 sys=0,00, real=0,00 secs] 
6,045: [GC (Allocation Failure) [PSYoungGen: 327232K->96K(315392K)] 328888K->1752K(490496K), 0,0005631 secs] [Times: user=0,00 sys=0,00, real=0,00 secs] 
6,154: [GC (Allocation Failure) [PSYoungGen: 313952K->96K(301568K)] 315608K->1752K(476672K), 0,0005545 secs] [Times: user=0,00 sys=0,00, real=0,00 secs] 
6,259: [GC (Allocation Failure) [PSYoungGen: 301152K->96K(290304K)] 302808K->1752K(465408K), 0,0005084 secs] [Times: user=0,00 sys=0,00, real=0,00 secs] 
6,358: [GC (Allocation Failure) [PSYoungGen: 288864K->64K(278016K)] 290520K->1720K(453120K), 0,0005717 secs] [Times: user=0,00 sys=0,00, real=0,00 secs] 
6,454: [GC (Allocation Failure) [PSYoungGen: 277568K->96K(267776K)] 279224K->1752K(442880K), 0,0005634 secs] [Times: user=0,00 sys=0,00, real=0,00 secs] 
6,546: [GC (Allocation Failure) [PSYoungGen: 266848K->96K(257024K)] 268504K->1752K(432128K), 0,0005768 secs] [Times: user=0,00 sys=0,00, real=0,00 secs] 
6,635: [GC (Allocation Failure) [PSYoungGen: 256608K->96K(247808K)] 258264K->1752K(422912K), 0,0005196 secs] [Times: user=0,00 sys=0,00, real=0,00 secs] 
6,721: [GC (Allocation Failure) [PSYoungGen: 246880K->96K(237568K)] 248536K->1752K(412672K), 0,0005235 secs] [Times: user=0,00 sys=0,00, real=0,00 secs] 
6,803: [GC (Allocation Failure) [PSYoungGen: 237152K->96K(228864K)] 238808K->1760K(403968K), 0,0009460 secs] [Times: user=0,00 sys=0,00, real=0,00 secs] 
6,882: [GC (Allocation Failure) [PSYoungGen: 227936K->96K(219648K)] 229600K->1760K(394752K), 0,0005321 secs] [Times: user=0,00 sys=0,00, real=0,00 secs] 
6,958: [GC (Allocation Failure) [PSYoungGen: 219232K->96K(211968K)] 220896K->1760K(387072K), 0,0005059 secs] [Times: user=0,00 sys=0,00, real=0,00 secs] 
7,032: [GC (Allocation Failure) [PSYoungGen: 211040K->96K(203776K)] 212704K->1760K(378880K), 0,0005753 secs] [Times: user=0,00 sys=0,00, real=0,00 secs] 
7,102: [GC (Allocation Failure) [PSYoungGen: 203360K->96K(196608K)] 205024K->1760K(371712K), 0,0005163 secs] [Times: user=0,00 sys=0,00, real=0,00 secs] 
7,171: [GC (Allocation Failure) [PSYoungGen: 195680K->96K(188928K)] 197344K->1760K(364032K), 0,0005230 secs] [Times: user=0,00 sys=0,00, real=0,00 secs] 
7,236: [GC (Allocation Failure) [PSYoungGen: 188512K->64K(182272K)] 190176K->1728K(357376K), 0,0005086 secs] [Times: user=0,00 sys=0,00, real=0,00 secs] 
7,299: [GC (Allocation Failure) [PSYoungGen: 181824K->96K(175616K)] 183488K->1760K(350720K), 0,0005014 secs] [Times: user=0,00 sys=0,00, real=0,00 secs] 
7,360: [GC (Allocation Failure) [PSYoungGen: 175200K->96K(169472K)] 176864K->1760K(344576K), 0,0005630 secs] [Times: user=0,00 sys=0,00, real=0,00 secs] 
7,419: [GC (Allocation Failure) [PSYoungGen: 169056K->96K(163840K)] 170720K->1760K(338944K), 0,0004919 secs] [Times: user=0,00 sys=0,00, real=0,00 secs] 
7,476: [GC (Allocation Failure) [PSYoungGen: 163424K->96K(158208K)] 165088K->1760K(333312K), 0,0005109 secs] [Times: user=0,00 sys=0,00, real=0,01 secs] 
7,531: [GC (Allocation Failure) [PSYoungGen: 157792K->64K(153088K)] 159456K->1728K(328192K), 0,0006731 secs] [Times: user=0,00 sys=0,00, real=0,00 secs] 
7,584: [GC (Allocation Failure) [PSYoungGen: 152640K->96K(147968K)] 154304K->1760K(323072K), 0,0005078 secs] [Times: user=0,00 sys=0,00, real=0,00 secs] 
7,635: [GC (Allocation Failure) [PSYoungGen: 147552K->96K(143360K)] 149216K->1760K(318464K), 0,0005151 secs] [Times: user=0,00 sys=0,00, real=0,00 secs] 
7,686: [GC (Allocation Failure) [PSYoungGen: 142944K->64K(138752K)] 144608K->1728K(313856K), 0,0005161 secs] [Times: user=0,00 sys=0,00, real=0,01 secs] 
7,734: [GC (Allocation Failure) [PSYoungGen: 138304K->64K(167936K)] 139968K->1728K(343040K), 0,0009482 secs] [Times: user=0,00 sys=0,00, real=0,00 secs] 
7,792: [GC (Allocation Failure) [PSYoungGen: 167487K->96K(201728K)] 169152K->1760K(376832K), 0,0005056 secs] [Times: user=0,00 sys=0,00, real=0,00 secs] 
7,862: [GC (Allocation Failure) [PSYoungGen: 201312K->96K(194560K)] 202976K->1760K(369664K), 0,0004951 secs] [Times: user=0,00 sys=0,00, real=0,00 secs] 
7,929: [GC (Allocation Failure) [PSYoungGen: 194144K->96K(233472K)] 195808K->1760K(408576K), 0,0009292 secs] [Times: user=0,00 sys=0,00, real=0,00 secs] 
8,011: [GC (Allocation Failure) [PSYoungGen: 233056K->96K(224768K)] 234720K->1760K(399872K), 0,0005292 secs] [Times: user=0,00 sys=0,00, real=0,00 secs] 
8,089: [GC (Allocation Failure) [PSYoungGen: 224352K->64K(216576K)] 226016K->1728K(391680K), 0,0005156 secs] [Times: user=0,00 sys=0,00, real=0,00 secs] 
8,164: [GC (Allocation Failure) [PSYoungGen: 216128K->64K(208384K)] 217792K->1728K(383488K), 0,0005547 secs] [Times: user=0,00 sys=0,00, real=0,00 secs] 
8,236: [GC (Allocation Failure) [PSYoungGen: 207936K->96K(200704K)] 209600K->1760K(375808K), 0,0004926 secs] [Times: user=0,01 sys=0,00, real=0,00 secs] 
8,305: [GC (Allocation Failure) [PSYoungGen: 200288K->64K(193536K)] 201952K->1728K(368640K), 0,0005342 secs] [Times: user=0,01 sys=0,00, real=0,00 secs] 
8,373: [GC (Allocation Failure) [PSYoungGen: 193088K->96K(186368K)] 194752K->1760K(361472K), 0,0005129 secs] [Times: user=0,00 sys=0,00, real=0,00 secs] 
8,437: [GC (Allocation Failure) [PSYoungGen: 185952K->32K(179712K)] 187616K->1696K(354816K), 0,0005355 secs] [Times: user=0,00 sys=0,00, real=0,00 secs] 
8,499: [GC (Allocation Failure) [PSYoungGen: 179232K->96K(173568K)] 180896K->1760K(348672K), 0,0004738 secs] [Times: user=0,00 sys=0,00, real=0,00 secs] 
8,559: [GC (Allocation Failure) [PSYoungGen: 173152K->32K(167424K)] 174816K->1696K(342528K), 0,0004917 secs] [Times: user=0,00 sys=0,00, real=0,00 secs] 
8,617: [GC (Allocation Failure) [PSYoungGen: 166944K->96K(161792K)] 168608K->1760K(336896K), 0,0006826 secs] [Times: user=0,00 sys=0,00, real=0,00 secs] 
8,674: [GC (Allocation Failure) [PSYoungGen: 161376K->64K(156160K)] 163040K->1728K(331264K), 0,0005356 secs] [Times: user=0,00 sys=0,00, real=0,00 secs] 
8,728: [GC (Allocation Failure) [PSYoungGen: 155712K->96K(151040K)] 157376K->1760K(326144K), 0,0005272 secs] [Times: user=0,00 sys=0,00, real=0,00 secs] 
8,781: [GC (Allocation Failure) [PSYoungGen: 150624K->96K(145920K)] 152288K->1760K(321024K), 0,0005795 secs] [Times: user=0,00 sys=0,00, real=0,00 secs] 
8,831: [GC (Allocation Failure) [PSYoungGen: 145504K->96K(141312K)] 147168K->1760K(316416K), 0,0004990 secs] [Times: user=0,00 sys=0,00, real=0,00 secs] 
8,880: [GC (Allocation Failure) [PSYoungGen: 140896K->96K(136704K)] 142560K->1760K(311808K), 0,0005138 secs] [Times: user=0,00 sys=0,00, real=0,00 secs] 
8,928: [GC (Allocation Failure) [PSYoungGen: 136288K->96K(132608K)] 137952K->1760K(307712K), 0,0005123 secs] [Times: user=0,00 sys=0,00, real=0,00 secs] 
8,975: [GC (Allocation Failure) [PSYoungGen: 132192K->96K(128512K)] 133856K->1760K(303616K), 0,0005252 secs] [Times: user=0,00 sys=0,00, real=0,00 secs] 
9,020: [GC (Allocation Failure) [PSYoungGen: 128096K->96K(124416K)] 129760K->1760K(299520K), 0,0005099 secs] [Times: user=0,00 sys=0,01, real=0,00 secs] 
9,064: [GC (Allocation Failure) [PSYoungGen: 124000K->64K(149504K)] 125664K->1728K(324608K), 0,0006019 secs] [Times: user=0,00 sys=0,00, real=0,00 secs] 
9,116: [GC (Allocation Failure) [PSYoungGen: 149056K->96K(179712K)] 150720K->1760K(354816K), 0,0006609 secs] [Times: user=0,00 sys=0,00, real=0,01 secs] 
9,180: [GC (Allocation Failure) [PSYoungGen: 179296K->96K(173568K)] 180960K->1760K(348672K), 0,0004952 secs] [Times: user=0,01 sys=0,00, real=0,00 secs] 
9,241: [GC (Allocation Failure) [PSYoungGen: 173152K->64K(167424K)] 174816K->1728K(342528K), 0,0004752 secs] [Times: user=0,01 sys=0,00, real=0,00 secs] 
9,299: [GC (Allocation Failure) [PSYoungGen: 166976K->96K(161792K)] 168640K->1760K(336896K), 0,0005514 secs] [Times: user=0,00 sys=0,00, real=0,00 secs] 
9,355: [GC (Allocation Failure) [PSYoungGen: 161376K->96K(156160K)] 163040K->1760K(331264K), 0,0004862 secs] [Times: user=0,00 sys=0,00, real=0,00 secs] 
9,410: [GC (Allocation Failure) [PSYoungGen: 155744K->64K(151040K)] 157408K->1728K(326144K), 0,0005552 secs] [Times: user=0,01 sys=0,00, real=0,00 secs] 
9,463: [GC (Allocation Failure) [PSYoungGen: 150592K->96K(145920K)] 152256K->1760K(321024K), 0,0004843 secs] [Times: user=0,00 sys=0,00, real=0,00 secs] 
9,514: [GC (Allocation Failure) [PSYoungGen: 145504K->96K(141312K)] 147168K->1760K(316416K), 0,0005028 secs] [Times: user=0,00 sys=0,00, real=0,00 secs] 
9,563: [GC (Allocation Failure) [PSYoungGen: 140896K->96K(136704K)] 142560K->1760K(311808K), 0,0005024 secs] [Times: user=0,00 sys=0,00, real=0,00 secs] 
9,611: [GC (Allocation Failure) [PSYoungGen: 136288K->64K(132608K)] 137952K->1728K(307712K), 0,0005106 secs] [Times: user=0,00 sys=0,00, real=0,00 secs] 
9,657: [GC (Allocation Failure) [PSYoungGen: 132160K->64K(128512K)] 133824K->1728K(303616K), 0,0005321 secs] [Times: user=0,00 sys=0,00, real=0,00 secs] 
9,702: [GC (Allocation Failure) [PSYoungGen: 128064K->96K(124416K)] 129728K->1760K(299520K), 0,0005105 secs] [Times: user=0,00 sys=0,00, real=0,00 secs] 
9,745: [GC (Allocation Failure) [PSYoungGen: 124000K->32K(149504K)] 125664K->1696K(324608K), 0,0005429 secs] [Times: user=0,00 sys=0,00, real=0,00 secs] 
9,797: [GC (Allocation Failure) [PSYoungGen: 149024K->96K(144384K)] 150688K->1760K(319488K), 0,0005349 secs] [Times: user=0,00 sys=0,00, real=0,00 secs] 
9,847: [GC (Allocation Failure) [PSYoungGen: 143968K->96K(139776K)] 145632K->1760K(314880K), 0,0004894 secs] [Times: user=0,00 sys=0,00, real=0,00 secs] 
9,896: [GC (Allocation Failure) [PSYoungGen: 139360K->96K(135168K)] 141024K->1760K(310272K), 0,0005227 secs] [Times: user=0,00 sys=0,00, real=0,01 secs] 
9,942: [GC (Allocation Failure) [PSYoungGen: 134752K->64K(162304K)] 136416K->1728K(337408K), 0,0006562 secs] [Times: user=0,00 sys=0,00, real=0,00 secs] 
9,999: [GC (Allocation Failure) [PSYoungGen: 161856K->64K(195072K)] 163520K->1728K(370176K), 0,0005192 secs] [Times: user=0,00 sys=0,00, real=0,00 secs] 
10,066: [GC (Allocation Failure) [PSYoungGen: 194624K->96K(233984K)] 196288K->1760K(409088K), 0,0009703 secs] [Times: user=0,01 sys=0,00, real=0,00 secs] 
10,148: [GC (Allocation Failure) [PSYoungGen: 233568K->64K(225280K)] 235232K->1728K(400384K), 0,0005717 secs] [Times: user=0,00 sys=0,00, real=0,00 secs] 
10,228: [GC (Allocation Failure) [PSYoungGen: 224832K->96K(217088K)] 226496K->1760K(392192K), 0,0005137 secs] [Times: user=0,00 sys=0,00, real=0,00 secs] 
10,310: [GC (Allocation Failure) [PSYoungGen: 216672K->160K(208896K)] 218336K->1824K(384000K), 0,0005075 secs] [Times: user=0,00 sys=0,00, real=0,00 secs] 
10,382: [GC (Allocation Failure) [PSYoungGen: 208544K->64K(201216K)] 210208K->1800K(376320K), 0,0004920 secs] [Times: user=0,00 sys=0,00, real=0,00 secs] 
10,452: [GC (Allocation Failure) [PSYoungGen: 200768K->96K(194048K)] 202504K->1832K(369152K), 0,0005081 secs] [Times: user=0,01 sys=0,00, real=0,00 secs] 
10,519: [GC (Allocation Failure) [PSYoungGen: 193632K->64K(186880K)] 195368K->1800K(361984K), 0,0005293 secs] [Times: user=0,00 sys=0,00, real=0,00 secs] 
10,585: [GC (Allocation Failure) [PSYoungGen: 186432K->96K(180224K)] 188168K->1832K(355328K), 0,0005014 secs] [Times: user=0,00 sys=0,00, real=0,00 secs] 
10,648: [GC (Allocation Failure) [PSYoungGen: 179808K->64K(174080K)] 181544K->1800K(349184K), 0,0005362 secs] [Times: user=0,01 sys=0,00, real=0,00 secs] 
10,709: [GC (Allocation Failure) [PSYoungGen: 173632K->96K(167936K)] 175368K->1832K(343040K), 0,0004961 secs] [Times: user=0,00 sys=0,00, real=0,00 secs] 
10,767: [GC (Allocation Failure) [PSYoungGen: 167520K->96K(162304K)] 169256K->1832K(337408K), 0,0005300 secs] [Times: user=0,00 sys=0,00, real=0,00 secs] 
10,824: [GC (Allocation Failure) [PSYoungGen: 161888K->96K(156672K)] 163624K->1832K(331776K), 0,0005292 secs] [Times: user=0,00 sys=0,00, real=0,00 secs] 
10,878: [GC (Allocation Failure) [PSYoungGen: 156256K->96K(151552K)] 157992K->1832K(326656K), 0,0004993 secs] [Times: user=0,00 sys=0,00, real=0,00 secs] 
10,930: [GC (Allocation Failure) [PSYoungGen: 151136K->96K(146432K)] 152872K->1832K(321536K), 0,0004874 secs] [Times: user=0,00 sys=0,00, real=0,00 secs] 
10,981: [GC (Allocation Failure) [PSYoungGen: 146016K->96K(141824K)] 147752K->1832K(316928K), 0,0004995 secs] [Times: user=0,00 sys=0,00, real=0,00 secs] 
11,031: [GC (Allocation Failure) [PSYoungGen: 141408K->64K(137216K)] 143144K->1800K(312320K), 0,0005268 secs] [Times: user=0,00 sys=0,00, real=0,00 secs] 
11,078: [GC (Allocation Failure) [PSYoungGen: 136768K->64K(132608K)] 138504K->1800K(307712K), 0,0005937 secs] [Times: user=0,00 sys=0,00, real=0,00 secs] 
11,124: [GC (Allocation Failure) [PSYoungGen: 132160K->96K(128512K)] 133896K->1832K(303616K), 0,0005030 secs] [Times: user=0,00 sys=0,00, real=0,00 secs] 
11,169: [GC (Allocation Failure) [PSYoungGen: 128096K->64K(124416K)] 129832K->1800K(299520K), 0,0004770 secs] [Times: user=0,00 sys=0,00, real=0,00 secs] 
11,212: [GC (Allocation Failure) [PSYoungGen: 123968K->96K(120832K)] 125704K->1832K(295936K), 0,0005196 secs] [Times: user=0,00 sys=0,00, real=0,00 secs] 
11,254: [GC (Allocation Failure) [PSYoungGen: 120416K->96K(144896K)] 122152K->1832K(320000K), 0,0005231 secs] [Times: user=0,00 sys=0,01, real=0,00 secs] 
11,305: [GC (Allocation Failure) [PSYoungGen: 144480K->96K(174080K)] 146216K->1832K(349184K), 0,0005127 secs] [Times: user=0,00 sys=0,00, real=0,00 secs] 
11,365: [GC (Allocation Failure) [PSYoungGen: 173664K->96K(167936K)] 175400K->1832K(343040K), 0,0005100 secs] [Times: user=0,00 sys=0,00, real=0,00 secs] 
11,423: [GC (Allocation Failure) [PSYoungGen: 167520K->64K(162304K)] 169256K->1800K(337408K), 0,0005301 secs] [Times: user=0,00 sys=0,00, real=0,00 secs] 
11,479: [GC (Allocation Failure) [PSYoungGen: 161856K->96K(156672K)] 163592K->1832K(331776K), 0,0005000 secs] [Times: user=0,01 sys=0,00, real=0,00 secs] 
11,534: [GC (Allocation Failure) [PSYoungGen: 156256K->96K(151552K)] 157992K->1832K(326656K), 0,0005084 secs] [Times: user=0,00 sys=0,00, real=0,00 secs] 
11,586: [GC (Allocation Failure) [PSYoungGen: 151136K->64K(146432K)] 152872K->1800K(321536K), 0,0004970 secs] [Times: user=0,00 sys=0,00, real=0,01 secs] 
11,637: [GC (Allocation Failure) [PSYoungGen: 145984K->96K(141824K)] 147720K->1832K(316928K), 0,0004919 secs] [Times: user=0,00 sys=0,00, real=0,00 secs] 
11,686: [GC (Allocation Failure) [PSYoungGen: 141408K->96K(137216K)] 143144K->1832K(312320K), 0,0005135 secs] [Times: user=0,00 sys=0,00, real=0,01 secs] 
11,734: [GC (Allocation Failure) [PSYoungGen: 136800K->96K(132608K)] 138536K->1832K(307712K), 0,0005269 secs] [Times: user=0,00 sys=0,00, real=0,00 secs] 
11,780: [GC (Allocation Failure) [PSYoungGen: 132192K->96K(128512K)] 133928K->1832K(303616K), 0,0005067 secs] [Times: user=0,00 sys=0,00, real=0,00 secs] 
11,825: [GC (Allocation Failure) [PSYoungGen: 128096K->96K(124416K)] 129832K->1832K(299520K), 0,0004833 secs] [Times: user=0,00 sys=0,00, real=0,00 secs] 
11,868: [GC (Allocation Failure) [PSYoungGen: 124000K->96K(120832K)] 125736K->1832K(295936K), 0,0004909 secs] [Times: user=0,00 sys=0,00, real=0,00 secs] 
11,910: [GC (Allocation Failure) [PSYoungGen: 120416K->96K(117248K)] 122152K->1832K(292352K), 0,0004733 secs] [Times: user=0,00 sys=0,00, real=0,00 secs] 
11,950: [GC (Allocation Failure) [PSYoungGen: 116832K->96K(140800K)] 118568K->1832K(315904K), 0,0004683 secs] [Times: user=0,00 sys=0,00, real=0,00 secs] 
11,999: [GC (Allocation Failure) [PSYoungGen: 140384K->96K(136192K)] 142120K->1832K(311296K), 0,0004811 secs] [Times: user=0,00 sys=0,00, real=0,00 secs] 
12,046: [GC (Allocation Failure) [PSYoungGen: 135776K->96K(132096K)] 137512K->1832K(307200K), 0,0005020 secs] [Times: user=0,00 sys=0,00, real=0,01 secs] 
12,092: [GC (Allocation Failure) [PSYoungGen: 131680K->96K(128000K)] 133416K->1832K(303104K), 0,0004678 secs] [Times: user=0,00 sys=0,00, real=0,00 secs] 
12,136: [GC (Allocation Failure) [PSYoungGen: 127584K->96K(153600K)] 129320K->1832K(328704K), 0,0005315 secs] [Times: user=0,00 sys=0,00, real=0,00 secs] 
12,190: [GC (Allocation Failure) [PSYoungGen: 153184K->64K(184320K)] 154920K->1800K(359424K), 0,0006973 secs] [Times: user=0,00 sys=0,00, real=0,00 secs] 
12,254: [GC (Allocation Failure) [PSYoungGen: 183872K->64K(177664K)] 185608K->1800K(352768K), 0,0005359 secs] [Times: user=0,00 sys=0,00, real=0,00 secs] 
12,315: [GC (Allocation Failure) [PSYoungGen: 177216K->96K(171520K)] 178952K->1832K(346624K), 0,0005095 secs] [Times: user=0,00 sys=0,00, real=0,00 secs] 
12,375: [GC (Allocation Failure) [PSYoungGen: 171104K->64K(165376K)] 172840K->1800K(340480K), 0,0004981 secs] [Times: user=0,00 sys=0,00, real=0,00 secs] 
12,432: [GC (Allocation Failure) [PSYoungGen: 164928K->96K(159744K)] 166664K->1832K(334848K), 0,0005167 secs] [Times: user=0,00 sys=0,00, real=0,00 secs] 
12,487: [GC (Allocation Failure) [PSYoungGen: 159328K->96K(154112K)] 161064K->1832K(329216K), 0,0004766 secs] [Times: user=0,00 sys=0,00, real=0,00 secs] 
12,541: [GC (Allocation Failure) [PSYoungGen: 153696K->96K(148992K)] 155432K->1832K(324096K), 0,0005032 secs] [Times: user=0,00 sys=0,00, real=0,00 secs] 
12,592: [GC (Allocation Failure) [PSYoungGen: 148576K->96K(143872K)] 150312K->1832K(318976K), 0,0005049 secs] [Times: user=0,00 sys=0,00, real=0,00 secs] 
12,642: [GC (Allocation Failure) [PSYoungGen: 143456K->64K(139264K)] 145192K->1800K(314368K), 0,0004685 secs] [Times: user=0,00 sys=0,00, real=0,00 secs] 
12,691: [GC (Allocation Failure) [PSYoungGen: 138816K->64K(167424K)] 140552K->1800K(342528K), 0,0009659 secs] [Times: user=0,00 sys=0,00, real=0,00 secs] 
12,750: [GC (Allocation Failure) [PSYoungGen: 166976K->32K(201216K)] 168712K->1768K(376320K), 0,0011708 secs] [Times: user=0,00 sys=0,00, real=0,00 secs] 
12,834: [GC (Allocation Failure) [PSYoungGen: 200736K->96K(241664K)] 202472K->1832K(416768K), 0,0005762 secs] [Times: user=0,00 sys=0,00, real=0,00 secs] 
12,918: [GC (Allocation Failure) [PSYoungGen: 241248K->96K(232448K)] 242984K->1832K(407552K), 0,0005064 secs] [Times: user=0,00 sys=0,00, real=0,00 secs] 
12,998: [GC (Allocation Failure) [PSYoungGen: 232032K->96K(223744K)] 233768K->1832K(398848K), 0,0004823 secs] [Times: user=0,00 sys=0,00, real=0,00 secs] 
13,076: [GC (Allocation Failure) [PSYoungGen: 223328K->64K(215552K)] 225064K->1800K(390656K), 0,0004990 secs] [Times: user=0,01 sys=0,00, real=0,01 secs] 
13,150: [GC (Allocation Failure) [PSYoungGen: 215104K->96K(207360K)] 216840K->1832K(382464K), 0,0006181 secs] [Times: user=0,00 sys=0,00, real=0,00 secs] 
13,222: [GC (Allocation Failure) [PSYoungGen: 206944K->96K(199680K)] 208680K->1832K(374784K), 0,0005253 secs] [Times: user=0,00 sys=0,00, real=0,00 secs] 
13,291: [GC (Allocation Failure) [PSYoungGen: 199264K->96K(192512K)] 201000K->1832K(367616K), 0,0005220 secs] [Times: user=0,00 sys=0,00, real=0,00 secs] 
13,359: [GC (Allocation Failure) [PSYoungGen: 192096K->64K(185856K)] 193832K->1800K(360960K), 0,0009652 secs] [Times: user=0,00 sys=0,00, real=0,00 secs] 
13,430: [GC (Allocation Failure) [PSYoungGen: 185408K->96K(179200K)] 187144K->1832K(354304K), 0,0015478 secs] [Times: user=0,00 sys=0,00, real=0,00 secs] 
13,494: [GC (Allocation Failure) [PSYoungGen: 178784K->64K(173056K)] 180520K->1800K(348160K), 0,0005486 secs] [Times: user=0,00 sys=0,00, real=0,00 secs] 
13,553: [GC (Allocation Failure) [PSYoungGen: 172608K->96K(166912K)] 174344K->1832K(342016K), 0,0005081 secs] [Times: user=0,01 sys=0,00, real=0,00 secs] 
13,611: [GC (Allocation Failure) [PSYoungGen: 166496K->64K(161280K)] 168232K->1800K(336384K), 0,0005501 secs] [Times: user=0,00 sys=0,00, real=0,00 secs] 
13,667: [GC (Allocation Failure) [PSYoungGen: 160832K->96K(155648K)] 162568K->1832K(330752K), 0,0004801 secs] [Times: user=0,00 sys=0,00, real=0,00 secs] 
13,721: [GC (Allocation Failure) [PSYoungGen: 155232K->96K(150528K)] 156968K->1832K(325632K), 0,0006084 secs] [Times: user=0,00 sys=0,00, real=0,00 secs] 
13,773: [GC (Allocation Failure) [PSYoungGen: 150112K->64K(145408K)] 151848K->1800K(320512K), 0,0005146 secs] [Times: user=0,00 sys=0,00, real=0,00 secs] 
13,823: [GC (Allocation Failure) [PSYoungGen: 144960K->96K(140800K)] 146696K->1832K(315904K), 0,0004842 secs] [Times: user=0,00 sys=0,00, real=0,00 secs] 
13,872: [GC (Allocation Failure) [PSYoungGen: 140384K->96K(136192K)] 142120K->1832K(311296K), 0,0004858 secs] [Times: user=0,01 sys=0,00, real=0,00 secs] 
13,919: [GC (Allocation Failure) [PSYoungGen: 135776K->96K(132096K)] 137512K->1832K(307200K), 0,0005593 secs] [Times: user=0,00 sys=0,00, real=0,00 secs] 
13,965: [GC (Allocation Failure) [PSYoungGen: 131680K->64K(128000K)] 133416K->1800K(303104K), 0,0005383 secs] [Times: user=0,00 sys=0,00, real=0,00 secs] 
14,009: [GC (Allocation Failure) [PSYoungGen: 127552K->96K(153600K)] 129288K->1832K(328704K), 0,0005387 secs] [Times: user=0,00 sys=0,00, real=0,00 secs] 
14,062: [GC (Allocation Failure) [PSYoungGen: 153184K->96K(148480K)] 154920K->1832K(323584K), 0,0005576 secs] [Times: user=0,00 sys=0,00, real=0,00 secs] 
14,113: [GC (Allocation Failure) [PSYoungGen: 148064K->96K(178176K)] 149800K->1832K(353280K), 0,0006043 secs] [Times: user=0,00 sys=0,00, real=0,00 secs] 
14,175: [GC (Allocation Failure) [PSYoungGen: 177760K->96K(172032K)] 179496K->1832K(347136K), 0,0005368 secs] [Times: user=0,00 sys=0,00, real=0,00 secs] 
14,235: [GC (Allocation Failure) [PSYoungGen: 171616K->96K(165888K)] 173352K->1832K(340992K), 0,0005089 secs] [Times: user=0,00 sys=0,00, real=0,00 secs] 
14,292: [GC (Allocation Failure) [PSYoungGen: 165472K->96K(160256K)] 167208K->1832K(335360K), 0,0005045 secs] [Times: user=0,00 sys=0,00, real=0,00 secs] 
14,347: [GC (Allocation Failure) [PSYoungGen: 159840K->96K(154624K)] 161576K->1832K(329728K), 0,0004635 secs] [Times: user=0,00 sys=0,00, real=0,00 secs] 
14,400: [GC (Allocation Failure) [PSYoungGen: 154208K->96K(149504K)] 155944K->1832K(324608K), 0,0004919 secs] [Times: user=0,00 sys=0,00, real=0,00 secs] 
14,452: [GC (Allocation Failure) [PSYoungGen: 149088K->96K(144384K)] 150824K->1832K(319488K), 0,0004875 secs] [Times: user=0,00 sys=0,00, real=0,00 secs] 
14,502: [GC (Allocation Failure) [PSYoungGen: 143968K->96K(139776K)] 145704K->1832K(314880K), 0,0005046 secs] [Times: user=0,00 sys=0,00, real=0,00 secs] 
14,550: [GC (Allocation Failure) [PSYoungGen: 139360K->96K(135168K)] 141096K->1832K(310272K), 0,0004795 secs] [Times: user=0,00 sys=0,00, real=0,00 secs] 
14,597: [GC (Allocation Failure) [PSYoungGen: 134752K->96K(131072K)] 136488K->1832K(306176K), 0,0004932 secs] [Times: user=0,00 sys=0,00, real=0,00 secs] 
14,642: [GC (Allocation Failure) [PSYoungGen: 130656K->96K(126976K)] 132392K->1832K(302080K), 0,0004977 secs] [Times: user=0,00 sys=0,00, real=0,00 secs] 
14,686: [GC (Allocation Failure) [PSYoungGen: 126560K->96K(122880K)] 128296K->1832K(297984K), 0,0004948 secs] [Times: user=0,00 sys=0,00, real=0,00 secs] 
14,729: [GC (Allocation Failure) [PSYoungGen: 122464K->64K(119296K)] 124200K->1800K(294400K), 0,0005202 secs] [Times: user=0,00 sys=0,00, real=0,00 secs] 
14,770: [GC (Allocation Failure) [PSYoungGen: 118848K->64K(143360K)] 120584K->1800K(318464K), 0,0004950 secs] [Times: user=0,00 sys=0,00, real=0,00 secs] 
14,820: [GC (Allocation Failure) [PSYoungGen: 142912K->64K(172032K)] 144648K->1800K(347136K), 0,0006908 secs] [Times: user=0,00 sys=0,00, real=0,00 secs] 
14,880: [GC (Allocation Failure) [PSYoungGen: 171584K->96K(206336K)] 173320K->1832K(381440K), 0,0004998 secs] [Times: user=0,00 sys=0,00, real=0,00 secs] 
14,951: [GC (Allocation Failure) [PSYoungGen: 205920K->96K(198656K)] 207656K->1832K(373760K), 0,0004769 secs] [Times: user=0,00 sys=0,00, real=0,00 secs] 
15,019: [GC (Allocation Failure) [PSYoungGen: 198240K->96K(191488K)] 199976K->1832K(366592K), 0,0005437 secs] [Times: user=0,00 sys=0,00, real=0,00 secs] 
15,086: [GC (Allocation Failure) [PSYoungGen: 191072K->96K(184832K)] 192808K->1832K(359936K), 0,0005873 secs] [Times: user=0,00 sys=0,00, real=0,01 secs] 
15,150: [GC (Allocation Failure) [PSYoungGen: 184416K->96K(178176K)] 186152K->1832K(353280K), 0,0005278 secs] [Times: user=0,00 sys=0,00, real=0,00 secs] 
15,212: [GC (Allocation Failure) [PSYoungGen: 177760K->96K(172032K)] 179496K->1832K(347136K), 0,0005215 secs] [Times: user=0,00 sys=0,00, real=0,00 secs] 
15,272: [GC (Allocation Failure) [PSYoungGen: 171616K->96K(165888K)] 173352K->1832K(340992K), 0,0005189 secs] [Times: user=0,00 sys=0,00, real=0,00 secs] 
15,329: [GC (Allocation Failure) [PSYoungGen: 165472K->96K(160256K)] 167208K->1832K(335360K), 0,0005069 secs] [Times: user=0,00 sys=0,00, real=0,00 secs] 
15,385: [GC (Allocation Failure) [PSYoungGen: 159840K->96K(154624K)] 161576K->1832K(329728K), 0,0005057 secs] [Times: user=0,00 sys=0,00, real=0,00 secs] 
15,439: [GC (Allocation Failure) [PSYoungGen: 154208K->64K(149504K)] 155944K->1800K(324608K), 0,0006789 secs] [Times: user=0,01 sys=0,00, real=0,00 secs] 
15,491: [GC (Allocation Failure) [PSYoungGen: 149056K->32K(144384K)] 150792K->1768K(319488K), 0,0005422 secs] [Times: user=0,00 sys=0,00, real=0,00 secs] 
15,541: [GC (Allocation Failure) [PSYoungGen: 143904K->96K(139776K)] 145640K->1832K(314880K), 0,0004833 secs] [Times: user=0,00 sys=0,00, real=0,00 secs] 
15,589: [GC (Allocation Failure) [PSYoungGen: 139360K->96K(135168K)] 141096K->1840K(310272K), 0,0004923 secs] [Times: user=0,00 sys=0,00, real=0,00 secs] 
15,636: [GC (Allocation Failure) [PSYoungGen: 134752K->96K(131072K)] 136496K->1840K(306176K), 0,0004965 secs] [Times: user=0,00 sys=0,00, real=0,00 secs] 
15,682: [GC (Allocation Failure) [PSYoungGen: 130656K->96K(126976K)] 132400K->1840K(302080K), 0,0004743 secs] [Times: user=0,00 sys=0,00, real=0,00 secs] 
15,726: [GC (Allocation Failure) [PSYoungGen: 126560K->96K(122880K)] 128304K->1840K(297984K), 0,0005405 secs] [Times: user=0,00 sys=0,00, real=0,00 secs] 
15,769: [GC (Allocation Failure) [PSYoungGen: 122464K->64K(119296K)] 124208K->1808K(294400K), 0,0004818 secs] [Times: user=0,00 sys=0,00, real=0,00 secs] 
15,810: [GC (Allocation Failure) [PSYoungGen: 118848K->64K(143360K)] 120592K->1808K(318464K), 0,0004888 secs] [Times: user=0,00 sys=0,00, real=0,00 secs] 
15,860: [GC (Allocation Failure) [PSYoungGen: 142912K->96K(138752K)] 144656K->1840K(313856K), 0,0004900 secs] [Times: user=0,00 sys=0,00, real=0,00 secs] 
15,908: [GC (Allocation Failure) [PSYoungGen: 138336K->64K(166400K)] 140080K->1808K(341504K), 0,0006758 secs] [Times: user=0,00 sys=0,00, real=0,00 secs] 
15,966: [GC (Allocation Failure) [PSYoungGen: 165952K->96K(160768K)] 167696K->1840K(335872K), 0,0004738 secs] [Times: user=0,00 sys=0,00, real=0,01 secs] 
16,021: [GC (Allocation Failure) [PSYoungGen: 160352K->96K(155136K)] 162096K->1840K(330240K), 0,0005188 secs] [Times: user=0,00 sys=0,00, real=0,00 secs] 
16,076: [GC (Allocation Failure) [PSYoungGen: 154720K->64K(150016K)] 156464K->1808K(325120K), 0,0005021 secs] [Times: user=0,00 sys=0,00, real=0,01 secs] 
16,128: [GC (Allocation Failure) [PSYoungGen: 149567K->64K(144896K)] 151312K->1808K(320000K), 0,0004965 secs] [Times: user=0,00 sys=0,00, real=0,00 secs] 
16,178: [GC (Allocation Failure) [PSYoungGen: 144448K->96K(140288K)] 146192K->1840K(315392K), 0,0005096 secs] [Times: user=0,00 sys=0,00, real=0,00 secs] 
16,227: [GC (Allocation Failure) [PSYoungGen: 139872K->96K(135680K)] 141616K->1840K(310784K), 0,0005141 secs] [Times: user=0,00 sys=0,00, real=0,00 secs] 
16,273: [GC (Allocation Failure) [PSYoungGen: 135264K->96K(131584K)] 137008K->1840K(306688K), 0,0005148 secs] [Times: user=0,00 sys=0,00, real=0,00 secs] 
16,319: [GC (Allocation Failure) [PSYoungGen: 131167K->96K(127488K)] 132912K->1840K(302592K), 0,0004841 secs] [Times: user=0,00 sys=0,00, real=0,00 secs] 
16,364: [GC (Allocation Failure) [PSYoungGen: 127072K->96K(123392K)] 128816K->1840K(298496K), 0,0004889 secs] [Times: user=0,00 sys=0,00, real=0,00 secs] 
16,407: [GC (Allocation Failure) [PSYoungGen: 122976K->96K(119808K)] 124720K->1840K(294912K), 0,0005019 secs] [Times: user=0,00 sys=0,00, real=0,00 secs] 
16,448: [GC (Allocation Failure) [PSYoungGen: 119392K->96K(143872K)] 121136K->1840K(318976K), 0,0005639 secs] [Times: user=0,00 sys=0,00, real=0,00 secs] 
16,498: [GC (Allocation Failure) [PSYoungGen: 143456K->96K(172544K)] 145200K->1840K(347648K), 0,0004769 secs] [Times: user=0,00 sys=0,00, real=0,00 secs] 
16,558: [GC (Allocation Failure) [PSYoungGen: 172128K->64K(166400K)] 173872K->1808K(341504K), 0,0005248 secs] [Times: user=0,00 sys=0,00, real=0,00 secs] 
16,616: [GC (Allocation Failure) [PSYoungGen: 165952K->64K(160768K)] 167696K->1808K(335872K), 0,0005456 secs] [Times: user=0,00 sys=0,00, real=0,01 secs] 
16,671: [GC (Allocation Failure) [PSYoungGen: 160320K->96K(155136K)] 162064K->1840K(330240K), 0,0005045 secs] [Times: user=0,00 sys=0,00, real=0,00 secs] 
16,725: [GC (Allocation Failure) [PSYoungGen: 154720K->64K(150016K)] 156464K->1808K(325120K), 0,0005238 secs] [Times: user=0,00 sys=0,01, real=0,00 secs] 
16,777: [GC (Allocation Failure) [PSYoungGen: 149568K->96K(144896K)] 151312K->1840K(320000K), 0,0005196 secs] [Times: user=0,00 sys=0,00, real=0,00 secs] 
16,827: [GC (Allocation Failure) [PSYoungGen: 144480K->64K(140288K)] 146224K->1808K(315392K), 0,0004595 secs] [Times: user=0,00 sys=0,00, real=0,00 secs] 
16,876: [GC (Allocation Failure) [PSYoungGen: 139840K->96K(135680K)] 141584K->1840K(310784K), 0,0004785 secs] [Times: user=0,00 sys=0,00, real=0,01 secs] 
16,923: [GC (Allocation Failure) [PSYoungGen: 135264K->96K(131584K)] 137008K->1840K(306688K), 0,0005049 secs] [Times: user=0,00 sys=0,00, real=0,00 secs] 
16,968: [GC (Allocation Failure) [PSYoungGen: 131167K->64K(127488K)] 132912K->1808K(302592K), 0,0005175 secs] [Times: user=0,00 sys=0,00, real=0,00 secs] 
17,012: [GC (Allocation Failure) [PSYoungGen: 127040K->96K(123392K)] 128784K->1840K(298496K), 0,0004957 secs] [Times: user=0,00 sys=0,00, real=0,00 secs] 
17,055: [GC (Allocation Failure) [PSYoungGen: 122976K->96K(119808K)] 124720K->1840K(294912K), 0,0004744 secs] [Times: user=0,00 sys=0,00, real=0,00 secs] 
17,097: [GC (Allocation Failure) [PSYoungGen: 119392K->96K(143872K)] 121136K->1840K(318976K), 0,0005000 secs] [Times: user=0,00 sys=0,00, real=0,00 secs] 
17,146: [GC (Allocation Failure) [PSYoungGen: 143455K->96K(139264K)] 145200K->1840K(314368K), 0,0004934 secs] [Times: user=0,00 sys=0,00, real=0,00 secs] 
17,195: [GC (Allocation Failure) [PSYoungGen: 138848K->96K(134656K)] 140592K->1840K(309760K), 0,0004814 secs] [Times: user=0,01 sys=0,00, real=0,00 secs] 
17,241: [GC (Allocation Failure) [PSYoungGen: 134240K->64K(130560K)] 135984K->1808K(305664K), 0,0005027 secs] [Times: user=0,00 sys=0,00, real=0,00 secs] 
17,287: [GC (Allocation Failure) [PSYoungGen: 130111K->96K(126464K)] 131856K->1840K(301568K), 0,0004868 secs] [Times: user=0,00 sys=0,00, real=0,00 secs] 
17,330: [GC (Allocation Failure) [PSYoungGen: 126048K->96K(122368K)] 127792K->1840K(297472K), 0,0004803 secs] [Times: user=0,00 sys=0,00, real=0,00 secs] 
17,373: [GC (Allocation Failure) [PSYoungGen: 121952K->96K(146944K)] 123696K->1840K(322048K), 0,0005046 secs] [Times: user=0,01 sys=0,00, real=0,00 secs] 
17,423: [GC (Allocation Failure) [PSYoungGen: 146528K->96K(142336K)] 148272K->1840K(317440K), 0,0004980 secs] [Times: user=0,00 sys=0,00, real=0,00 secs] 
17,472: [GC (Allocation Failure) [PSYoungGen: 141920K->96K(137728K)] 143664K->1840K(312832K), 0,0004953 secs] [Times: user=0,01 sys=0,00, real=0,00 secs] 
17,520: [GC (Allocation Failure) [PSYoungGen: 137312K->64K(133120K)] 139056K->1808K(308224K), 0,0004949 secs] [Times: user=0,00 sys=0,00, real=0,00 secs] 
17,566: [GC (Allocation Failure) [PSYoungGen: 132672K->96K(129024K)] 134416K->1840K(304128K), 0,0005377 secs] [Times: user=0,00 sys=0,00, real=0,00 secs] 
17,611: [GC (Allocation Failure) [PSYoungGen: 128608K->64K(155136K)] 130352K->1808K(330240K), 0,0005874 secs] [Times: user=0,01 sys=0,00, real=0,00 secs] 
17,665: [GC (Allocation Failure) [PSYoungGen: 154687K->96K(150016K)] 156432K->1840K(325120K), 0,0004816 secs] [Times: user=0,00 sys=0,00, real=0,00 secs] 
17,717: [GC (Allocation Failure) [PSYoungGen: 149600K->64K(180224K)] 151344K->1808K(355328K), 0,0006050 secs] [Times: user=0,00 sys=0,00, real=0,00 secs] 
17,779: [GC (Allocation Failure) [PSYoungGen: 179776K->64K(174080K)] 181520K->1808K(349184K), 0,0004928 secs] [Times: user=0,01 sys=0,00, real=0,00 secs] 
17,840: [GC (Allocation Failure) [PSYoungGen: 173632K->64K(208896K)] 175376K->1808K(384000K), 0,0009830 secs] [Times: user=0,01 sys=0,00, real=0,00 secs] 
17,912: [GC (Allocation Failure) [PSYoungGen: 208448K->96K(201216K)] 210192K->1840K(376320K), 0,0004969 secs] [Times: user=0,00 sys=0,00, real=0,00 secs] 
17,982: [GC (Allocation Failure) [PSYoungGen: 200800K->96K(194048K)] 202544K->1840K(369152K), 0,0005214 secs] [Times: user=0,00 sys=0,00, real=0,00 secs] 
18,049: [GC (Allocation Failure) [PSYoungGen: 193631K->96K(186880K)] 195376K->1840K(361984K), 0,0004839 secs] [Times: user=0,00 sys=0,00, real=0,00 secs] 
18,114: [GC (Allocation Failure) [PSYoungGen: 186464K->64K(180224K)] 188208K->1808K(355328K), 0,0004958 secs] [Times: user=0,00 sys=0,00, real=0,00 secs] 
18,176: [GC (Allocation Failure) [PSYoungGen: 179776K->96K(174080K)] 181520K->1840K(349184K), 0,0005185 secs] [Times: user=0,01 sys=0,00, real=0,00 secs] 
18,237: [GC (Allocation Failure) [PSYoungGen: 173664K->64K(167936K)] 175408K->1808K(343040K), 0,0005145 secs] [Times: user=0,00 sys=0,00, real=0,00 secs] 
18,295: [GC (Allocation Failure) [PSYoungGen: 167488K->96K(162304K)] 169232K->1840K(337408K), 0,0005127 secs] [Times: user=0,00 sys=0,00, real=0,00 secs] 
18,351: [GC (Allocation Failure) [PSYoungGen: 161888K->96K(156672K)] 163632K->1840K(331776K), 0,0004738 secs] [Times: user=0,00 sys=0,00, real=0,00 secs] 
18,406: [GC (Allocation Failure) [PSYoungGen: 156256K->96K(151552K)] 158000K->1840K(326656K), 0,0005051 secs] [Times: user=0,00 sys=0,00, real=0,01 secs] 
18,458: [GC (Allocation Failure) [PSYoungGen: 151136K->64K(146432K)] 152880K->1808K(321536K), 0,0005206 secs] [Times: user=0,00 sys=0,00, real=0,00 secs] 
18,509: [GC (Allocation Failure) [PSYoungGen: 145984K->96K(141824K)] 147728K->1840K(316928K), 0,0004946 secs] [Times: user=0,00 sys=0,00, real=0,00 secs] 
18,558: [GC (Allocation Failure) [PSYoungGen: 141408K->96K(137216K)] 143152K->1840K(312320K), 0,0005355 secs] [Times: user=0,00 sys=0,00, real=0,00 secs] 
18,605: [GC (Allocation Failure) [PSYoungGen: 136799K->96K(132608K)] 138544K->1840K(307712K), 0,0005035 secs] [Times: user=0,00 sys=0,00, real=0,00 secs] 
18,651: [GC (Allocation Failure) [PSYoungGen: 132192K->96K(128512K)] 133936K->1840K(303616K), 0,0004924 secs] [Times: user=0,00 sys=0,00, real=0,00 secs] 
18,696: [GC (Allocation Failure) [PSYoungGen: 128096K->32K(154112K)] 129840K->1776K(329216K), 0,0005925 secs] [Times: user=0,00 sys=0,00, real=0,00 secs] 
18,749: [GC (Allocation Failure) [PSYoungGen: 153632K->96K(148992K)] 155376K->1840K(324096K), 0,0005170 secs] [Times: user=0,00 sys=0,00, real=0,00 secs] 
18,801: [GC (Allocation Failure) [PSYoungGen: 148576K->96K(143872K)] 150320K->1840K(318976K), 0,0005059 secs] [Times: user=0,00 sys=0,00, real=0,00 secs] 
18,851: [GC (Allocation Failure) [PSYoungGen: 143455K->96K(139264K)] 145200K->1840K(314368K), 0,0005025 secs] [Times: user=0,01 sys=0,00, real=0,00 secs] 
18,899: [GC (Allocation Failure) [PSYoungGen: 138848K->96K(134656K)] 140592K->1840K(309760K), 0,0005130 secs] [Times: user=0,00 sys=0,00, real=0,00 secs] 
18,946: [GC (Allocation Failure) [PSYoungGen: 134240K->96K(130560K)] 135984K->1840K(305664K), 0,0004806 secs] [Times: user=0,00 sys=0,00, real=0,00 secs] 
18,991: [GC (Allocation Failure) [PSYoungGen: 130144K->96K(126464K)] 131888K->1840K(301568K), 0,0004492 secs] [Times: user=0,00 sys=0,00, real=0,00 secs] 
19,035: [GC (Allocation Failure) [PSYoungGen: 126048K->96K(122368K)] 127792K->1840K(297472K), 0,0005174 secs] [Times: user=0,00 sys=0,00, real=0,00 secs] 
19,078: [GC (Allocation Failure) [PSYoungGen: 121952K->96K(118784K)] 123696K->1840K(293888K), 0,0004681 secs] [Times: user=0,00 sys=0,00, real=0,00 secs] 
19,119: [GC (Allocation Failure) [PSYoungGen: 118368K->64K(142848K)] 120112K->1808K(317952K), 0,0004857 secs] [Times: user=0,01 sys=0,00, real=0,00 secs] 
19,169: [GC (Allocation Failure) [PSYoungGen: 142400K->96K(138240K)] 144144K->1840K(313344K), 0,0005071 secs] [Times: user=0,00 sys=0,00, real=0,00 secs] 
19,217: [GC (Allocation Failure) [PSYoungGen: 137824K->96K(133632K)] 139568K->1840K(308736K), 0,0005389 secs] [Times: user=0,00 sys=0,00, real=0,00 secs] 
19,264: [GC (Allocation Failure) [PSYoungGen: 133216K->96K(129536K)] 134960K->1840K(304640K), 0,0004910 secs] [Times: user=0,00 sys=0,00, real=0,00 secs] 
19,309: [GC (Allocation Failure) [PSYoungGen: 129120K->96K(125440K)] 130864K->1840K(300544K), 0,0004802 secs] [Times: user=0,00 sys=0,00, real=0,00 secs] 
19,352: [GC (Allocation Failure) [PSYoungGen: 125024K->96K(150528K)] 126768K->1840K(325632K), 0,0004917 secs] [Times: user=0,00 sys=0,00, real=0,00 secs] 
19,405: [GC (Allocation Failure) [PSYoungGen: 150112K->96K(145408K)] 151856K->1840K(320512K), 0,0005097 secs] [Times: user=0,00 sys=0,00, real=0,00 secs] 
19,455: [GC (Allocation Failure) [PSYoungGen: 144992K->96K(140800K)] 146736K->1840K(315904K), 0,0004829 secs] [Times: user=0,01 sys=0,00, real=0,00 secs] 
19,504: [GC (Allocation Failure) [PSYoungGen: 140384K->96K(136192K)] 142128K->1840K(311296K), 0,0004801 secs] [Times: user=0,00 sys=0,01, real=0,00 secs] 
19,551: [GC (Allocation Failure) [PSYoungGen: 135776K->96K(132096K)] 137520K->1840K(307200K), 0,0004788 secs] [Times: user=0,00 sys=0,00, real=0,00 secs] 
19,597: [GC (Allocation Failure) [PSYoungGen: 131680K->96K(128000K)] 133424K->1840K(303104K), 0,0004942 secs] [Times: user=0,00 sys=0,00, real=0,00 secs] 
19,641: [GC (Allocation Failure) [PSYoungGen: 127584K->96K(123904K)] 129328K->1840K(299008K), 0,0005035 secs] [Times: user=0,00 sys=0,00, real=0,00 secs] 
19,684: [GC (Allocation Failure) [PSYoungGen: 123488K->96K(148992K)] 125232K->1840K(324096K), 0,0005563 secs] [Times: user=0,01 sys=0,00, real=0,00 secs] 
19,736: [GC (Allocation Failure) [PSYoungGen: 148576K->96K(143872K)] 150320K->1840K(318976K), 0,0004945 secs] [Times: user=0,00 sys=0,00, real=0,01 secs] 
19,785: [GC (Allocation Failure) [PSYoungGen: 143456K->96K(139264K)] 145200K->1840K(314368K), 0,0004991 secs] [Times: user=0,00 sys=0,00, real=0,00 secs] 
19,833: [GC (Allocation Failure) [PSYoungGen: 138848K->96K(134656K)] 140592K->1840K(309760K), 0,0004894 secs] [Times: user=0,00 sys=0,00, real=0,00 secs] 
19,880: [GC (Allocation Failure) [PSYoungGen: 134240K->96K(130560K)] 135984K->1840K(305664K), 0,0004691 secs] [Times: user=0,00 sys=0,00, real=0,00 secs] 
19,925: [GC (Allocation Failure) [PSYoungGen: 130144K->96K(126464K)] 131888K->1840K(301568K), 0,0004927 secs] [Times: user=0,00 sys=0,00, real=0,00 secs] 
19,969: [GC (Allocation Failure) [PSYoungGen: 126047K->96K(122368K)] 127792K->1840K(297472K), 0,0004786 secs] [Times: user=0,00 sys=0,00, real=0,00 secs] 
20,011: [GC (Allocation Failure) [PSYoungGen: 121952K->96K(146944K)] 123696K->1840K(322048K), 0,0005295 secs] [Times: user=0,00 sys=0,00, real=0,00 secs] 
20,062: [GC (Allocation Failure) [PSYoungGen: 146528K->96K(142336K)] 148272K->1840K(317440K), 0,0004933 secs] [Times: user=0,00 sys=0,00, real=0,00 secs] 
20,112: [GC (Allocation Failure) [PSYoungGen: 141920K->96K(137728K)] 143664K->1840K(312832K), 0,0005094 secs] [Times: user=0,00 sys=0,00, real=0,00 secs] 
20,160: [GC (Allocation Failure) [PSYoungGen: 137312K->96K(133120K)] 139056K->1840K(308224K), 0,0004907 secs] [Times: user=0,01 sys=0,00, real=0,00 secs] 
20,206: [GC (Allocation Failure) [PSYoungGen: 132704K->96K(159744K)] 134448K->1840K(334848K), 0,0006069 secs] [Times: user=0,00 sys=0,00, real=0,00 secs] 
20,262: [GC (Allocation Failure) [PSYoungGen: 159328K->96K(154112K)] 161072K->1840K(329216K), 0,0005337 secs] [Times: user=0,00 sys=0,00, real=0,00 secs] 
20,315: [GC (Allocation Failure) [PSYoungGen: 153696K->96K(148992K)] 155440K->1864K(324096K), 0,0005055 secs] [Times: user=0,00 sys=0,00, real=0,00 secs] 
20,366: [GC (Allocation Failure) [PSYoungGen: 148576K->96K(143872K)] 150344K->1864K(318976K), 0,0005068 secs] [Times: user=0,00 sys=0,00, real=0,00 secs] 
20,416: [GC (Allocation Failure) [PSYoungGen: 143456K->96K(139264K)] 145224K->1864K(314368K), 0,0005547 secs] [Times: user=0,01 sys=0,00, real=0,00 secs] 
20,464: [GC (Allocation Failure) [PSYoungGen: 138848K->64K(134656K)] 140616K->1832K(309760K), 0,0005091 secs] [Times: user=0,00 sys=0,00, real=0,00 secs] 
20,511: [GC (Allocation Failure) [PSYoungGen: 134208K->96K(130560K)] 135976K->1864K(305664K), 0,0004751 secs] [Times: user=0,00 sys=0,00, real=0,00 secs] 
20,556: [GC (Allocation Failure) [PSYoungGen: 130144K->96K(126464K)] 131912K->1864K(301568K), 0,0004825 secs] [Times: user=0,00 sys=0,00, real=0,00 secs] 
20,600: [GC (Allocation Failure) [PSYoungGen: 126048K->96K(152064K)] 127816K->1864K(327168K), 0,0005713 secs] [Times: user=0,00 sys=0,00, real=0,00 secs] 
20,653: [GC (Allocation Failure) [PSYoungGen: 151648K->96K(146944K)] 153416K->1864K(322048K), 0,0005275 secs] [Times: user=0,00 sys=0,00, real=0,00 secs] 
20,705: [GC (Allocation Failure) [PSYoungGen: 146528K->96K(142336K)] 148296K->1864K(317440K), 0,0004950 secs] [Times: user=0,01 sys=0,00, real=0,00 secs] 
20,754: [GC (Allocation Failure) [PSYoungGen: 141920K->96K(137728K)] 143688K->1864K(312832K), 0,0005008 secs] [Times: user=0,01 sys=0,00, real=0,00 secs] 
20,802: [GC (Allocation Failure) [PSYoungGen: 137312K->64K(133120K)] 139080K->1832K(308224K), 0,0005293 secs] [Times: user=0,00 sys=0,00, real=0,00 secs] 
20,848: [GC (Allocation Failure) [PSYoungGen: 132672K->64K(129024K)] 134440K->1832K(304128K), 0,0004856 secs] [Times: user=0,00 sys=0,00, real=0,00 secs] 
20,892: [GC (Allocation Failure) [PSYoungGen: 128576K->96K(124928K)] 130344K->1864K(300032K), 0,0004934 secs] [Times: user=0,00 sys=0,00, real=0,00 secs] 
20,935: [GC (Allocation Failure) [PSYoungGen: 124512K->64K(150016K)] 126280K->1832K(325120K), 0,0005325 secs] [Times: user=0,00 sys=0,00, real=0,01 secs] 
20,987: [GC (Allocation Failure) [PSYoungGen: 149568K->96K(144896K)] 151336K->1864K(320000K), 0,0004876 secs] [Times: user=0,00 sys=0,00, real=0,00 secs] 
21,038: [GC (Allocation Failure) [PSYoungGen: 144480K->96K(140288K)] 146248K->1864K(315392K), 0,0004963 secs] [Times: user=0,00 sys=0,00, real=0,00 secs] 
21,086: [GC (Allocation Failure) [PSYoungGen: 139872K->96K(168448K)] 141640K->1864K(343552K), 0,0005905 secs] [Times: user=0,00 sys=0,00, real=0,00 secs] 
21,145: [GC (Allocation Failure) [PSYoungGen: 168032K->96K(162816K)] 169800K->1864K(337920K), 0,0004849 secs] [Times: user=0,00 sys=0,00, real=0,00 secs] 
21,201: [GC (Allocation Failure) [PSYoungGen: 162400K->64K(195584K)] 164168K->1832K(370688K), 0,0008724 secs] [Times: user=0,00 sys=0,00, real=0,00 secs] 
21,269: [GC (Allocation Failure) [PSYoungGen: 195136K->96K(188416K)] 196904K->1864K(363520K), 0,0005061 secs] [Times: user=0,01 sys=0,00, real=0,00 secs] 
21,335: [GC (Allocation Failure) [PSYoungGen: 188000K->96K(181760K)] 189768K->1864K(356864K), 0,0004833 secs] [Times: user=0,00 sys=0,00, real=0,00 secs] 
21,398: [GC (Allocation Failure) [PSYoungGen: 181344K->96K(175616K)] 183112K->1864K(350720K), 0,0005129 secs] [Times: user=0,00 sys=0,00, real=0,00 secs] 
21,458: [GC (Allocation Failure) [PSYoungGen: 175200K->64K(169472K)] 176968K->1832K(344576K), 0,0004847 secs] [Times: user=0,01 sys=0,00, real=0,00 secs] 
21,517: [GC (Allocation Failure) [PSYoungGen: 169024K->32K(163840K)] 170792K->1800K(338944K), 0,0005590 secs] [Times: user=0,00 sys=0,00, real=0,00 secs] 
21,573: [GC (Allocation Failure) [PSYoungGen: 163360K->96K(158208K)] 165128K->1864K(333312K), 0,0004820 secs] [Times: user=0,00 sys=0,00, real=0,00 secs] 
21,628: [GC (Allocation Failure) [PSYoungGen: 157792K->96K(153088K)] 159560K->1864K(328192K), 0,0005519 secs] [Times: user=0,00 sys=0,00, real=0,00 secs] 
21,681: [GC (Allocation Failure) [PSYoungGen: 152672K->96K(147968K)] 154440K->1864K(323072K), 0,0005012 secs] [Times: user=0,00 sys=0,00, real=0,00 secs] 
21,733: [GC (Allocation Failure) [PSYoungGen: 147551K->96K(143360K)] 149320K->1864K(318464K), 0,0005186 secs] [Times: user=0,00 sys=0,00, real=0,00 secs] 
21,783: [GC (Allocation Failure) [PSYoungGen: 142944K->96K(138752K)] 144712K->1864K(313856K), 0,0005732 secs] [Times: user=0,00 sys=0,00, real=0,00 secs] 
21,831: [GC (Allocation Failure) [PSYoungGen: 138336K->96K(134144K)] 140104K->1864K(309248K), 0,0004839 secs] [Times: user=0,00 sys=0,00, real=0,00 secs] 
21,877: [GC (Allocation Failure) [PSYoungGen: 133728K->96K(130048K)] 135496K->1864K(305152K), 0,0004974 secs] [Times: user=0,00 sys=0,00, real=0,00 secs] 
21,922: [GC (Allocation Failure) [PSYoungGen: 129632K->96K(125952K)] 131400K->1864K(301056K), 0,0004664 secs] [Times: user=0,00 sys=0,00, real=0,00 secs] 
21,966: [GC (Allocation Failure) [PSYoungGen: 125536K->64K(121856K)] 127304K->1832K(296960K), 0,0004615 secs] [Times: user=0,00 sys=0,00, real=0,00 secs] 
22,009: [GC (Allocation Failure) [PSYoungGen: 121408K->96K(118272K)] 123176K->1864K(293376K), 0,0005127 secs] [Times: user=0,00 sys=0,00, real=0,00 secs] 
22,050: [GC (Allocation Failure) [PSYoungGen: 117856K->96K(141824K)] 119624K->1864K(316928K), 0,0004966 secs] [Times: user=0,00 sys=0,00, real=0,00 secs] 
22,099: [GC (Allocation Failure) [PSYoungGen: 141407K->96K(137216K)] 143176K->1864K(312320K), 0,0004851 secs] [Times: user=0,00 sys=0,00, real=0,00 secs] 
22,146: [GC (Allocation Failure) [PSYoungGen: 136800K->96K(132608K)] 138568K->1864K(307712K), 0,0004937 secs] [Times: user=0,00 sys=0,00, real=0,00 secs] 
22,192: [GC (Allocation Failure) [PSYoungGen: 132192K->96K(128512K)] 133960K->1864K(303616K), 0,0005121 secs] [Times: user=0,01 sys=0,00, real=0,00 secs] 
22,237: [GC (Allocation Failure) [PSYoungGen: 128096K->64K(124416K)] 129864K->1832K(299520K), 0,0004917 secs] [Times: user=0,00 sys=0,00, real=0,00 secs] 
22,280: [GC (Allocation Failure) [PSYoungGen: 123968K->96K(149504K)] 125736K->1864K(324608K), 0,0005047 secs] [Times: user=0,00 sys=0,00, real=0,00 secs] 
22,332: [GC (Allocation Failure) [PSYoungGen: 149088K->96K(144384K)] 150856K->1864K(319488K), 0,0004726 secs] [Times: user=0,00 sys=0,00, real=0,00 secs] 
22,382: [GC (Allocation Failure) [PSYoungGen: 143968K->64K(139776K)] 145736K->1832K(314880K), 0,0005528 secs] [Times: user=0,00 sys=0,00, real=0,00 secs] 
22,430: [GC (Allocation Failure) [PSYoungGen: 139328K->96K(135168K)] 141096K->1864K(310272K), 0,0004885 secs] [Times: user=0,01 sys=0,00, real=0,00 secs] 
22,477: [GC (Allocation Failure) [PSYoungGen: 134752K->96K(131072K)] 136520K->1864K(306176K), 0,0005036 secs] [Times: user=0,00 sys=0,00, real=0,00 secs] 
22,523: [GC (Allocation Failure) [PSYoungGen: 130656K->96K(126976K)] 132424K->1864K(302080K), 0,0004974 secs] [Times: user=0,00 sys=0,00, real=0,00 secs] 
22,567: [GC (Allocation Failure) [PSYoungGen: 126560K->96K(122880K)] 128328K->1864K(297984K), 0,0004987 secs] [Times: user=0,00 sys=0,00, real=0,00 secs] 
22,610: [GC (Allocation Failure) [PSYoungGen: 122464K->96K(147456K)] 124232K->1864K(322560K), 0,0004733 secs] [Times: user=0,00 sys=0,00, real=0,00 secs] 
22,661: [GC (Allocation Failure) [PSYoungGen: 147040K->96K(142848K)] 148808K->1864K(317952K), 0,0004891 secs] [Times: user=0,00 sys=0,00, real=0,00 secs] 
22,711: [GC (Allocation Failure) [PSYoungGen: 142431K->96K(138240K)] 144200K->1864K(313344K), 0,0005690 secs] [Times: user=0,00 sys=0,00, real=0,00 secs] 
22,759: [GC (Allocation Failure) [PSYoungGen: 137824K->64K(133632K)] 139592K->1832K(308736K), 0,0005372 secs] [Times: user=0,00 sys=0,00, real=0,00 secs] 
22,805: [GC (Allocation Failure) [PSYoungGen: 133184K->64K(160256K)] 134952K->1832K(335360K), 0,0009728 secs] [Times: user=0,00 sys=0,00, real=0,01 secs] 
22,861: [GC (Allocation Failure) [PSYoungGen: 159808K->96K(192512K)] 161576K->1864K(367616K), 0,0005114 secs] [Times: user=0,00 sys=0,00, real=0,00 secs] 
22,928: [GC (Allocation Failure) [PSYoungGen: 192096K->96K(230912K)] 193864K->1864K(406016K), 0,0005271 secs] [Times: user=0,00 sys=0,00, real=0,00 secs] 
23,007: [GC (Allocation Failure) [PSYoungGen: 230496K->96K(222208K)] 232264K->1864K(397312K), 0,0005271 secs] [Times: user=0,00 sys=0,00, real=0,00 secs] 
23,084: [GC (Allocation Failure) [PSYoungGen: 221792K->96K(214016K)] 223560K->1864K(389120K), 0,0005177 secs] [Times: user=0,01 sys=0,00, real=0,00 secs] 
23,158: [GC (Allocation Failure) [PSYoungGen: 213600K->96K(206336K)] 215368K->1864K(381440K), 0,0005576 secs] [Times: user=0,00 sys=0,00, real=0,00 secs] 
23,230: [GC (Allocation Failure) [PSYoungGen: 205920K->64K(198656K)] 207688K->1832K(373760K), 0,0005320 secs] [Times: user=0,00 sys=0,00, real=0,00 secs] 
23,299: [GC (Allocation Failure) [PSYoungGen: 198208K->96K(191488K)] 199976K->1864K(366592K), 0,0005080 secs] [Times: user=0,00 sys=0,00, real=0,00 secs] 
23,366: [GC (Allocation Failure) [PSYoungGen: 191072K->96K(184832K)] 192840K->1864K(359936K), 0,0005536 secs] [Times: user=0,00 sys=0,00, real=0,01 secs] 
23,431: [GC (Allocation Failure) [PSYoungGen: 184416K->96K(178176K)] 186184K->1864K(353280K), 0,0005574 secs] [Times: user=0,00 sys=0,00, real=0,00 secs] 
23,492: [GC (Allocation Failure) [PSYoungGen: 177760K->96K(172032K)] 179528K->1864K(347136K), 0,0004894 secs] [Times: user=0,01 sys=0,00, real=0,00 secs] 
23,552: [GC (Allocation Failure) [PSYoungGen: 171616K->96K(165888K)] 173384K->1864K(340992K), 0,0005044 secs] [Times: user=0,01 sys=0,00, real=0,00 secs] 
23,609: [GC (Allocation Failure) [PSYoungGen: 165472K->64K(160256K)] 167240K->1832K(335360K), 0,0004936 secs] [Times: user=0,00 sys=0,00, real=0,00 secs] 
23,665: [GC (Allocation Failure) [PSYoungGen: 159808K->96K(154624K)] 161576K->1864K(329728K), 0,0005163 secs] [Times: user=0,00 sys=0,00, real=0,00 secs] 
23,719: [GC (Allocation Failure) [PSYoungGen: 154208K->64K(149504K)] 155976K->1832K(324608K), 0,0005168 secs] [Times: user=0,00 sys=0,00, real=0,00 secs] 
23,770: [GC (Allocation Failure) [PSYoungGen: 149056K->96K(144384K)] 150824K->1864K(319488K), 0,0004833 secs] [Times: user=0,01 sys=0,00, real=0,00 secs] 
23,820: [GC (Allocation Failure) [PSYoungGen: 143968K->96K(139776K)] 145736K->1864K(314880K), 0,0005001 secs] [Times: user=0,00 sys=0,00, real=0,00 secs] 
23,869: [GC (Allocation Failure) [PSYoungGen: 139360K->96K(135168K)] 141128K->1864K(310272K), 0,0004917 secs] [Times: user=0,01 sys=0,00, real=0,00 secs] 
23,916: [GC (Allocation Failure) [PSYoungGen: 134752K->64K(131072K)] 136520K->1832K(306176K), 0,0004996 secs] [Times: user=0,00 sys=0,00, real=0,01 secs] 
23,961: [GC (Allocation Failure) [PSYoungGen: 130624K->96K(126976K)] 132392K->1864K(302080K), 0,0004995 secs] [Times: user=0,00 sys=0,00, real=0,00 secs] 
24,005: [GC (Allocation Failure) [PSYoungGen: 126560K->96K(122880K)] 128328K->1864K(297984K), 0,0004848 secs] [Times: user=0,00 sys=0,00, real=0,00 secs] 
24,048: [GC (Allocation Failure) [PSYoungGen: 122464K->96K(119296K)] 124232K->1864K(294400K), 0,0004774 secs] [Times: user=0,01 sys=0,00, real=0,00 secs] 
24,089: [GC (Allocation Failure) [PSYoungGen: 118880K->96K(115712K)] 120648K->1864K(290816K), 0,0004718 secs] [Times: user=0,00 sys=0,00, real=0,00 secs] 
24,130: [GC (Allocation Failure) [PSYoungGen: 115296K->64K(138752K)] 117064K->1832K(313856K), 0,0005324 secs] [Times: user=0,00 sys=0,00, real=0,00 secs] 
24,178: [GC (Allocation Failure) [PSYoungGen: 138304K->96K(166400K)] 140072K->1864K(341504K), 0,0005288 secs] [Times: user=0,00 sys=0,00, real=0,00 secs] 
24,236: [GC (Allocation Failure) [PSYoungGen: 165984K->64K(160768K)] 167752K->1832K(335872K), 0,0005054 secs] [Times: user=0,01 sys=0,00, real=0,00 secs] 
24,292: [GC (Allocation Failure) [PSYoungGen: 160319K->96K(155136K)] 162088K->1864K(330240K), 0,0004969 secs] [Times: user=0,00 sys=0,00, real=0,00 secs] 
24,346: [GC (Allocation Failure) [PSYoungGen: 154720K->96K(150016K)] 156488K->1864K(325120K), 0,0005461 secs] [Times: user=0,00 sys=0,00, real=0,01 secs] 
24,398: [GC (Allocation Failure) [PSYoungGen: 149600K->96K(144896K)] 151368K->1864K(320000K), 0,0004807 secs] [Times: user=0,00 sys=0,00, real=0,00 secs] 
24,448: [GC (Allocation Failure) [PSYoungGen: 144480K->64K(140288K)] 146248K->1832K(315392K), 0,0004924 secs] [Times: user=0,00 sys=0,00, real=0,00 secs] 
24,496: [GC (Allocation Failure) [PSYoungGen: 139840K->96K(135680K)] 141608K->1864K(310784K), 0,0004770 secs] [Times: user=0,00 sys=0,00, real=0,00 secs] 
24,543: [GC (Allocation Failure) [PSYoungGen: 135264K->96K(131584K)] 137032K->1864K(306688K), 0,0004843 secs] [Times: user=0,01 sys=0,00, real=0,00 secs] 
24,589: [GC (Allocation Failure) [PSYoungGen: 131168K->96K(127488K)] 132936K->1864K(302592K), 0,0004975 secs] [Times: user=0,00 sys=0,00, real=0,00 secs] 
24,633: [GC (Allocation Failure) [PSYoungGen: 127072K->96K(123392K)] 128840K->1864K(298496K), 0,0005034 secs] [Times: user=0,01 sys=0,00, real=0,00 secs] 
24,675: [GC (Allocation Failure) [PSYoungGen: 122976K->96K(119808K)] 124744K->1864K(294912K), 0,0005021 secs] [Times: user=0,00 sys=0,00, real=0,01 secs] 
24,717: [GC (Allocation Failure) [PSYoungGen: 119392K->64K(143872K)] 121160K->1832K(318976K), 0,0005065 secs] [Times: user=0,00 sys=0,00, real=0,00 secs] 
24,767: [GC (Allocation Failure) [PSYoungGen: 143424K->64K(172544K)] 145192K->1832K(347648K), 0,0005116 secs] [Times: user=0,00 sys=0,00, real=0,00 secs] 
24,827: [GC (Allocation Failure) [PSYoungGen: 172096K->64K(166400K)] 173864K->1832K(341504K), 0,0004994 secs] [Times: user=0,00 sys=0,00, real=0,00 secs] 
24,885: [GC (Allocation Failure) [PSYoungGen: 165952K->96K(160768K)] 167720K->1864K(335872K), 0,0005738 secs] [Times: user=0,00 sys=0,00, real=0,00 secs] 
24,940: [GC (Allocation Failure) [PSYoungGen: 160352K->64K(155136K)] 162120K->1832K(330240K), 0,0005199 secs] [Times: user=0,01 sys=0,00, real=0,00 secs] 
24,994: [GC (Allocation Failure) [PSYoungGen: 154687K->96K(150016K)] 156456K->1864K(325120K), 0,0005102 secs] [Times: user=0,00 sys=0,01, real=0,00 secs] 
25,046: [GC (Allocation Failure) [PSYoungGen: 149600K->96K(144896K)] 151368K->1864K(320000K), 0,0005482 secs] [Times: user=0,00 sys=0,00, real=0,00 secs] 
25,097: [GC (Allocation Failure) [PSYoungGen: 144480K->96K(140288K)] 146248K->1864K(315392K), 0,0005055 secs] [Times: user=0,00 sys=0,00, real=0,00 secs] 
25,146: [GC (Allocation Failure) [PSYoungGen: 139872K->96K(135680K)] 141640K->1864K(310784K), 0,0004931 secs] [Times: user=0,00 sys=0,00, real=0,01 secs] 
25,193: [GC (Allocation Failure) [PSYoungGen: 135263K->32K(131584K)] 137032K->1800K(306688K), 0,0005187 secs] [Times: user=0,00 sys=0,00, real=0,00 secs] 
25,239: [GC (Allocation Failure) [PSYoungGen: 131104K->96K(127488K)] 132872K->1864K(302592K), 0,0005456 secs] [Times: user=0,00 sys=0,00, real=0,00 secs] 
25,283: [GC (Allocation Failure) [PSYoungGen: 127072K->96K(123392K)] 128840K->1864K(298496K), 0,0004790 secs] [Times: user=0,00 sys=0,00, real=0,00 secs] 
25,326: [GC (Allocation Failure) [PSYoungGen: 122976K->96K(119808K)] 124744K->1864K(294912K), 0,0005016 secs] [Times: user=0,00 sys=0,00, real=0,00 secs] 
25,368: [GC (Allocation Failure) [PSYoungGen: 119392K->96K(143872K)] 121160K->1864K(318976K), 0,0005216 secs] [Times: user=0,00 sys=0,00, real=0,00 secs] 
25,417: [GC (Allocation Failure) [PSYoungGen: 143455K->96K(139264K)] 145224K->1864K(314368K), 0,0004673 secs] [Times: user=0,00 sys=0,00, real=0,00 secs] 
25,466: [GC (Allocation Failure) [PSYoungGen: 138848K->96K(134656K)] 140616K->1864K(309760K), 0,0004952 secs] [Times: user=0,01 sys=0,00, real=0,01 secs] 
25,512: [GC (Allocation Failure) [PSYoungGen: 134240K->96K(130560K)] 136008K->1864K(305664K), 0,0005243 secs] [Times: user=0,00 sys=0,00, real=0,00 secs] 
25,557: [GC (Allocation Failure) [PSYoungGen: 130144K->96K(126464K)] 131912K->1864K(301568K), 0,0004862 secs] [Times: user=0,00 sys=0,00, real=0,00 secs] 
25,601: [GC (Allocation Failure) [PSYoungGen: 126048K->64K(152064K)] 127816K->1832K(327168K), 0,0004888 secs] [Times: user=0,00 sys=0,00, real=0,00 secs] 
25,653: [GC (Allocation Failure) [PSYoungGen: 151616K->96K(146944K)] 153384K->1864K(322048K), 0,0005177 secs] [Times: user=0,01 sys=0,00, real=0,00 secs] 
25,705: [GC (Allocation Failure) [PSYoungGen: 146528K->96K(142336K)] 148296K->1864K(317440K), 0,0005298 secs] [Times: user=0,00 sys=0,00, real=0,00 secs] 
25,754: [GC (Allocation Failure) [PSYoungGen: 141920K->96K(137728K)] 143688K->1864K(312832K), 0,0005232 secs] [Times: user=0,00 sys=0,00, real=0,00 secs] 
25,802: [GC (Allocation Failure) [PSYoungGen: 137312K->96K(133120K)] 139080K->1864K(308224K), 0,0005096 secs] [Times: user=0,00 sys=0,00, real=0,00 secs] 
25,848: [GC (Allocation Failure) [PSYoungGen: 132704K->96K(129024K)] 134472K->1864K(304128K), 0,0005403 secs] [Times: user=0,00 sys=0,00, real=0,00 secs] 
25,893: [GC (Allocation Failure) [PSYoungGen: 128608K->96K(124928K)] 130376K->1864K(300032K), 0,0004949 secs] [Times: user=0,00 sys=0,00, real=0,00 secs] 
25,936: [GC (Allocation Failure) [PSYoungGen: 124512K->64K(121344K)] 126280K->1832K(296448K), 0,0004742 secs] [Times: user=0,00 sys=0,00, real=0,00 secs] 
25,978: [GC (Allocation Failure) [PSYoungGen: 120896K->96K(145920K)] 122664K->1864K(321024K), 0,0004918 secs] [Times: user=0,00 sys=0,00, real=0,00 secs] 
26,028: [GC (Allocation Failure) [PSYoungGen: 145504K->64K(141312K)] 147272K->1832K(316416K), 0,0004860 secs] [Times: user=0,00 sys=0,00, real=0,00 secs] 
26,077: [GC (Allocation Failure) [PSYoungGen: 140864K->64K(169472K)] 142632K->1832K(344576K), 0,0006199 secs] [Times: user=0,00 sys=0,00, real=0,00 secs] 
26,136: [GC (Allocation Failure) [PSYoungGen: 169024K->96K(163840K)] 170792K->1864K(338944K), 0,0005124 secs] [Times: user=0,00 sys=0,00, real=0,00 secs] 
26,193: [GC (Allocation Failure) [PSYoungGen: 163424K->96K(158208K)] 165192K->1864K(333312K), 0,0005569 secs] [Times: user=0,00 sys=0,00, real=0,00 secs] 
26,248: [GC (Allocation Failure) [PSYoungGen: 157792K->96K(153088K)] 159560K->1864K(328192K), 0,0005158 secs] [Times: user=0,00 sys=0,00, real=0,00 secs] 
26,302: [GC (Allocation Failure) [PSYoungGen: 152672K->96K(147968K)] 154440K->1864K(323072K), 0,0004991 secs] [Times: user=0,00 sys=0,00, real=0,00 secs] 
26,353: [GC (Allocation Failure) [PSYoungGen: 147552K->96K(143360K)] 149320K->1864K(318464K), 0,0005024 secs] [Times: user=0,00 sys=0,00, real=0,00 secs] 
26,403: [GC (Allocation Failure) [PSYoungGen: 142944K->96K(138752K)] 144712K->1864K(313856K), 0,0004786 secs] [Times: user=0,00 sys=0,00, real=0,00 secs] 
26,451: [GC (Allocation Failure) [PSYoungGen: 138336K->64K(134144K)] 140104K->1832K(309248K), 0,0005022 secs] [Times: user=0,00 sys=0,00, real=0,00 secs] 
26,498: [GC (Allocation Failure) [PSYoungGen: 133696K->96K(130048K)] 135464K->1864K(305152K), 0,0004888 secs] [Times: user=0,01 sys=0,00, real=0,00 secs] 
26,543: [GC (Allocation Failure) [PSYoungGen: 129631K->96K(125952K)] 131400K->1864K(301056K), 0,0005350 secs] [Times: user=0,00 sys=0,00, real=0,00 secs] 
26,587: [GC (Allocation Failure) [PSYoungGen: 125536K->96K(121856K)] 127304K->1864K(296960K), 0,0005022 secs] [Times: user=0,01 sys=0,00, real=0,00 secs] 
26,629: [GC (Allocation Failure) [PSYoungGen: 121440K->96K(146432K)] 123208K->1864K(321536K), 0,0004959 secs] [Times: user=0,00 sys=0,00, real=0,00 secs] 
26,680: [GC (Allocation Failure) [PSYoungGen: 146016K->96K(141824K)] 147784K->1864K(316928K), 0,0004867 secs] [Times: user=0,00 sys=0,00, real=0,00 secs] 
26,729: [GC (Allocation Failure) [PSYoungGen: 141408K->96K(137216K)] 143176K->1864K(312320K), 0,0005215 secs] [Times: user=0,00 sys=0,00, real=0,00 secs] 
26,777: [GC (Allocation Failure) [PSYoungGen: 136800K->96K(132608K)] 138568K->1864K(307712K), 0,0005001 secs] [Times: user=0,00 sys=0,00, real=0,00 secs] 
26,823: [GC (Allocation Failure) [PSYoungGen: 132192K->96K(128512K)] 133960K->1864K(303616K), 0,0005045 secs] [Times: user=0,00 sys=0,00, real=0,00 secs] 
26,867: [GC (Allocation Failure) [PSYoungGen: 128096K->96K(124416K)] 129864K->1864K(299520K), 0,0004857 secs] [Times: user=0,00 sys=0,00, real=0,00 secs] 
26,911: [GC (Allocation Failure) [PSYoungGen: 124000K->64K(149504K)] 125768K->1832K(324608K), 0,0005043 secs] [Times: user=0,00 sys=0,00, real=0,00 secs] 
26,962: [GC (Allocation Failure) [PSYoungGen: 149056K->96K(144384K)] 150824K->1864K(319488K), 0,0005057 secs] [Times: user=0,00 sys=0,00, real=0,00 secs] 
27,012: [GC (Allocation Failure) [PSYoungGen: 143968K->96K(139776K)] 145736K->1864K(314880K), 0,0004912 secs] [Times: user=0,01 sys=0,00, real=0,00 secs] 
27,061: [GC (Allocation Failure) [PSYoungGen: 139360K->96K(135168K)] 141128K->1864K(310272K), 0,0004709 secs] [Times: user=0,00 sys=0,00, real=0,00 secs] 
27,108: [GC (Allocation Failure) [PSYoungGen: 134752K->96K(131072K)] 136520K->1864K(306176K), 0,0005152 secs] [Times: user=0,00 sys=0,00, real=0,00 secs] 
27,153: [GC (Allocation Failure) [PSYoungGen: 130656K->96K(126976K)] 132424K->1864K(302080K), 0,0004949 secs] [Times: user=0,00 sys=0,00, real=0,00 secs] 
27,197: [GC (Allocation Failure) [PSYoungGen: 126560K->96K(122880K)] 128328K->1864K(297984K), 0,0004981 secs] [Times: user=0,00 sys=0,00, real=0,00 secs] 
27,240: [GC (Allocation Failure) [PSYoungGen: 122464K->96K(147456K)] 124232K->1864K(322560K), 0,0004973 secs] [Times: user=0,01 sys=0,00, real=0,00 secs] 
27,291: [GC (Allocation Failure) [PSYoungGen: 147040K->96K(142848K)] 148808K->1864K(317952K), 0,0005079 secs] [Times: user=0,00 sys=0,00, real=0,00 secs] 
27,341: [GC (Allocation Failure) [PSYoungGen: 142432K->96K(138240K)] 144200K->1864K(313344K), 0,0004760 secs] [Times: user=0,00 sys=0,00, real=0,00 secs] 
27,389: [GC (Allocation Failure) [PSYoungGen: 137824K->96K(133632K)] 139592K->1864K(308736K), 0,0004778 secs] [Times: user=0,01 sys=0,00, real=0,00 secs] 
27,435: [GC (Allocation Failure) [PSYoungGen: 133216K->96K(129536K)] 134984K->1864K(304640K), 0,0004995 secs] [Times: user=0,00 sys=0,00, real=0,00 secs] 
27,480: [GC (Allocation Failure) [PSYoungGen: 129120K->96K(125440K)] 130888K->1864K(300544K), 0,0004885 secs] [Times: user=0,00 sys=0,00, real=0,00 secs] 
27,523: [GC (Allocation Failure) [PSYoungGen: 125024K->64K(150528K)] 126792K->1832K(325632K), 0,0005686 secs] [Times: user=0,00 sys=0,00, real=0,00 secs] 
27,576: [GC (Allocation Failure) [PSYoungGen: 150080K->96K(145408K)] 151848K->1864K(320512K), 0,0004744 secs] [Times: user=0,00 sys=0,01, real=0,01 secs] 
27,626: [GC (Allocation Failure) [PSYoungGen: 144992K->64K(140800K)] 146760K->1832K(315904K), 0,0004896 secs] [Times: user=0,00 sys=0,00, real=0,00 secs] 
27,675: [GC (Allocation Failure) [PSYoungGen: 140352K->96K(136192K)] 142120K->1864K(311296K), 0,0004910 secs] [Times: user=0,00 sys=0,00, real=0,00 secs] 
27,722: [GC (Allocation Failure) [PSYoungGen: 135776K->96K(132096K)] 137544K->1864K(307200K), 0,0005044 secs] [Times: user=0,00 sys=0,00, real=0,00 secs] 
27,768: [GC (Allocation Failure) [PSYoungGen: 131680K->96K(128000K)] 133448K->1864K(303104K), 0,0005021 secs] [Times: user=0,00 sys=0,00, real=0,00 secs] 
27,812: [GC (Allocation Failure) [PSYoungGen: 127584K->96K(123904K)] 129352K->1864K(299008K), 0,0004881 secs] [Times: user=0,00 sys=0,00, real=0,00 secs] 
27,855: [GC (Allocation Failure) [PSYoungGen: 123488K->96K(120320K)] 125256K->1864K(295424K), 0,0004990 secs] [Times: user=0,00 sys=0,00, real=0,01 secs] 
27,897: [GC (Allocation Failure) [PSYoungGen: 119904K->96K(144384K)] 121672K->1864K(319488K), 0,0005049 secs] [Times: user=0,00 sys=0,00, real=0,00 secs] 
27,947: [GC (Allocation Failure) [PSYoungGen: 143968K->96K(173568K)] 145736K->1864K(348672K), 0,0005100 secs] [Times: user=0,00 sys=0,00, real=0,00 secs] 
28,007: [GC (Allocation Failure) [PSYoungGen: 173152K->64K(167424K)] 174920K->1832K(342528K), 0,0005019 secs] [Times: user=0,00 sys=0,00, real=0,00 secs] 
28,065: [GC (Allocation Failure) [PSYoungGen: 166976K->96K(161792K)] 168744K->1864K(336896K), 0,0005023 secs] [Times: user=0,00 sys=0,00, real=0,00 secs] 
28,121: [GC (Allocation Failure) [PSYoungGen: 161376K->96K(156160K)] 163144K->1864K(331264K), 0,0004781 secs] [Times: user=0,00 sys=0,00, real=0,00 secs] 
28,175: [GC (Allocation Failure) [PSYoungGen: 155744K->64K(151040K)] 157512K->1832K(326144K), 0,0005089 secs] [Times: user=0,00 sys=0,00, real=0,00 secs] 
28,227: [GC (Allocation Failure) [PSYoungGen: 150592K->64K(145920K)] 152360K->1832K(321024K), 0,0005101 secs] [Times: user=0,00 sys=0,00, real=0,00 secs] 
28,278: [GC (Allocation Failure) [PSYoungGen: 145472K->64K(141312K)] 147240K->1832K(316416K), 0,0006301 secs] [Times: user=0,00 sys=0,00, real=0,00 secs] 
28,327: [GC (Allocation Failure) [PSYoungGen: 140864K->96K(136704K)] 142632K->1864K(311808K), 0,0005105 secs] [Times: user=0,00 sys=0,00, real=0,00 secs] 
28,374: [GC (Allocation Failure) [PSYoungGen: 136288K->64K(132608K)] 138056K->1832K(307712K), 0,0004811 secs] [Times: user=0,00 sys=0,00, real=0,00 secs] 
28,420: [GC (Allocation Failure) [PSYoungGen: 132160K->64K(128512K)] 133928K->1832K(303616K), 0,0005140 secs] [Times: user=0,01 sys=0,00, real=0,00 secs] 
28,464: [GC (Allocation Failure) [PSYoungGen: 128064K->96K(154112K)] 129832K->1864K(329216K), 0,0006129 secs] [Times: user=0,00 sys=0,00, real=0,00 secs] 
28,518: [GC (Allocation Failure) [PSYoungGen: 153696K->96K(148992K)] 155464K->1864K(324096K), 0,0004980 secs] [Times: user=0,00 sys=0,00, real=0,00 secs] 
28,569: [GC (Allocation Failure) [PSYoungGen: 148576K->96K(178688K)] 150344K->1864K(353792K), 0,0006514 secs] [Times: user=0,01 sys=0,00, real=0,00 secs] 
28,631: [GC (Allocation Failure) [PSYoungGen: 178272K->96K(172544K)] 180040K->1864K(347648K), 0,0005653 secs] [Times: user=0,00 sys=0,00, real=0,00 secs] 
28,691: [GC (Allocation Failure) [PSYoungGen: 172128K->96K(166400K)] 173896K->1864K(341504K), 0,0004855 secs] [Times: user=0,00 sys=0,00, real=0,00 secs] 
28,748: [GC (Allocation Failure) [PSYoungGen: 165984K->96K(160768K)] 167752K->1864K(335872K), 0,0005228 secs] [Times: user=0,01 sys=0,00, real=0,00 secs] 
28,804: [GC (Allocation Failure) [PSYoungGen: 160352K->96K(155136K)] 162120K->1864K(330240K), 0,0005041 secs] [Times: user=0,00 sys=0,00, real=0,00 secs] 
28,858: [GC (Allocation Failure) [PSYoungGen: 154720K->64K(150016K)] 156488K->1832K(325120K), 0,0005145 secs] [Times: user=0,00 sys=0,00, real=0,00 secs] 
28,910: [GC (Allocation Failure) [PSYoungGen: 149568K->64K(144896K)] 151336K->1832K(320000K), 0,0005013 secs] [Times: user=0,00 sys=0,00, real=0,00 secs] 
28,960: [GC (Allocation Failure) [PSYoungGen: 144448K->96K(140288K)] 146216K->1864K(315392K), 0,0005040 secs] [Times: user=0,00 sys=0,00, real=0,00 secs] 
29,009: [GC (Allocation Failure) [PSYoungGen: 139872K->96K(135680K)] 141640K->1864K(310784K), 0,0004937 secs] [Times: user=0,00 sys=0,00, real=0,00 secs] 
29,056: [GC (Allocation Failure) [PSYoungGen: 135264K->96K(131584K)] 137032K->1864K(306688K), 0,0004807 secs] [Times: user=0,00 sys=0,00, real=0,00 secs] 
29,101: [GC (Allocation Failure) [PSYoungGen: 131168K->64K(127488K)] 132936K->1832K(302592K), 0,0004825 secs] [Times: user=0,00 sys=0,00, real=0,00 secs] 
29,146: [GC (Allocation Failure) [PSYoungGen: 127040K->96K(123392K)] 128808K->1864K(298496K), 0,0005119 secs] [Times: user=0,00 sys=0,00, real=0,00 secs] 
29,189: [GC (Allocation Failure) [PSYoungGen: 122976K->96K(119808K)] 124744K->1864K(294912K), 0,0004832 secs] [Times: user=0,00 sys=0,00, real=0,00 secs] 
29,230: [GC (Allocation Failure) [PSYoungGen: 119392K->96K(143872K)] 121160K->1864K(318976K), 0,0005287 secs] [Times: user=0,00 sys=0,00, real=0,00 secs] 
29,280: [GC (Allocation Failure) [PSYoungGen: 143456K->96K(139264K)] 145224K->1864K(314368K), 0,0004829 secs] [Times: user=0,00 sys=0,00, real=0,00 secs] 
29,328: [GC (Allocation Failure) [PSYoungGen: 138848K->96K(134656K)] 140616K->1864K(309760K), 0,0004830 secs] [Times: user=0,00 sys=0,00, real=0,00 secs] 
29,375: [GC (Allocation Failure) [PSYoungGen: 134240K->96K(130560K)] 136008K->1864K(305664K), 0,0004922 secs] [Times: user=0,00 sys=0,00, real=0,00 secs] 
29,420: [GC (Allocation Failure) [PSYoungGen: 130144K->96K(126464K)] 131912K->1864K(301568K), 0,0004679 secs] [Times: user=0,00 sys=0,00, real=0,00 secs] 
29,464: [GC (Allocation Failure) [PSYoungGen: 126048K->64K(122368K)] 127816K->1832K(297472K), 0,0004786 secs] [Times: user=0,00 sys=0,00, real=0,00 secs] 
29,506: [GC (Allocation Failure) [PSYoungGen: 121920K->96K(146944K)] 123688K->1864K(322048K), 0,0005564 secs] [Times: user=0,00 sys=0,00, real=0,00 secs] 
29,557: [GC (Allocation Failure) [PSYoungGen: 146528K->64K(176640K)] 148296K->1832K(351744K), 0,0005378 secs] [Times: user=0,00 sys=0,00, real=0,00 secs] 
29,618: [GC (Allocation Failure) [PSYoungGen: 176192K->64K(170496K)] 177960K->1832K(345600K), 0,0004838 secs] [Times: user=0,00 sys=0,00, real=0,00 secs] 
29,677: [GC (Allocation Failure) [PSYoungGen: 170048K->96K(164864K)] 171816K->1864K(339968K), 0,0004977 secs] [Times: user=0,00 sys=0,00, real=0,00 secs] 
29,734: [GC (Allocation Failure) [PSYoungGen: 164448K->96K(159232K)] 166216K->1864K(334336K), 0,0005435 secs] [Times: user=0,00 sys=0,00, real=0,00 secs] 
29,790: [GC (Allocation Failure) [PSYoungGen: 158816K->96K(154112K)] 160584K->1864K(329216K), 0,0005166 secs] [Times: user=0,00 sys=0,00, real=0,00 secs] 
29,843: [GC (Allocation Failure) [PSYoungGen: 153696K->64K(148992K)] 155464K->1832K(324096K), 0,0004998 secs] [Times: user=0,00 sys=0,00, real=0,00 secs] 
29,895: [GC (Allocation Failure) [PSYoungGen: 148544K->96K(143872K)] 150312K->1864K(318976K), 0,0004888 secs] [Times: user=0,00 sys=0,00, real=0,00 secs] 
29,945: [GC (Allocation Failure) [PSYoungGen: 143456K->96K(139264K)] 145224K->1864K(314368K), 0,0004984 secs] [Times: user=0,00 sys=0,00, real=0,00 secs] 
29,993: [GC (Allocation Failure) [PSYoungGen: 138848K->96K(134656K)] 140616K->1864K(309760K), 0,0005069 secs] [Times: user=0,00 sys=0,00, real=0,00 secs] 
30,040: [GC (Allocation Failure) [PSYoungGen: 134240K->96K(130560K)] 136008K->1864K(305664K), 0,0004946 secs] [Times: user=0,00 sys=0,00, real=0,00 secs] 
30,085: [GC (Allocation Failure) [PSYoungGen: 130144K->96K(126464K)] 131912K->1864K(301568K), 0,0005215 secs] [Times: user=0,00 sys=0,00, real=0,00 secs] 
30,129: [GC (Allocation Failure) [PSYoungGen: 126048K->96K(122368K)] 127816K->1864K(297472K), 0,0005352 secs] [Times: user=0,00 sys=0,00, real=0,00 secs] 
30,171: [GC (Allocation Failure) [PSYoungGen: 121952K->96K(146944K)] 123720K->1864K(322048K), 0,0004973 secs] [Times: user=0,00 sys=0,00, real=0,00 secs] 
30,222: [GC (Allocation Failure) [PSYoungGen: 146528K->32K(176640K)] 148296K->1800K(351744K), 0,0008237 secs] [Times: user=0,00 sys=0,00, real=0,00 secs] 
30,284: [GC (Allocation Failure) [PSYoungGen: 176160K->96K(211968K)] 177928K->1864K(387072K), 0,0005393 secs] [Times: user=0,01 sys=0,00, real=0,00 secs] 
30,358: [GC (Allocation Failure) [PSYoungGen: 211552K->96K(204288K)] 213320K->1888K(379392K), 0,0004948 secs] [Times: user=0,00 sys=0,00, real=0,00 secs] 
30,428: [GC (Allocation Failure) [PSYoungGen: 203872K->96K(196608K)] 205664K->1888K(371712K), 0,0006941 secs] [Times: user=0,00 sys=0,00, real=0,00 secs] 
30,497: [GC (Allocation Failure) [PSYoungGen: 196192K->96K(189440K)] 197984K->1888K(364544K), 0,0005070 secs] [Times: user=0,00 sys=0,00, real=0,00 secs] 
30,562: [GC (Allocation Failure) [PSYoungGen: 189024K->96K(182784K)] 190816K->1888K(357888K), 0,0005084 secs] [Times: user=0,01 sys=0,00, real=0,00 secs] 
30,625: [GC (Allocation Failure) [PSYoungGen: 182368K->64K(176128K)] 184160K->1856K(351232K), 0,0005537 secs] [Times: user=0,00 sys=0,00, real=0,01 secs] 
30,686: [GC (Allocation Failure) [PSYoungGen: 175680K->96K(169984K)] 177472K->1888K(345088K), 0,0004930 secs] [Times: user=0,00 sys=0,00, real=0,00 secs] 
30,746: [GC (Allocation Failure) [PSYoungGen: 169568K->96K(164352K)] 171360K->1888K(339456K), 0,0005321 secs] [Times: user=0,00 sys=0,00, real=0,00 secs] 
30,802: [GC (Allocation Failure) [PSYoungGen: 163936K->64K(158720K)] 165728K->1856K(333824K), 0,0005611 secs] [Times: user=0,00 sys=0,00, real=0,00 secs] 
30,857: [GC (Allocation Failure) [PSYoungGen: 158272K->96K(153600K)] 160064K->1888K(328704K), 0,0005026 secs] [Times: user=0,00 sys=0,00, real=0,00 secs] 
30,910: [GC (Allocation Failure) [PSYoungGen: 153184K->96K(148480K)] 154976K->1888K(323584K), 0,0004927 secs] [Times: user=0,00 sys=0,00, real=0,00 secs] 
30,962: [GC (Allocation Failure) [PSYoungGen: 148064K->96K(143360K)] 149856K->1888K(318464K), 0,0004707 secs] [Times: user=0,00 sys=0,00, real=0,00 secs] 
31,011: [GC (Allocation Failure) [PSYoungGen: 142944K->96K(138752K)] 144736K->1888K(313856K), 0,0004966 secs] [Times: user=0,00 sys=0,00, real=0,00 secs] 
31,059: [GC (Allocation Failure) [PSYoungGen: 138336K->96K(134144K)] 140128K->1888K(309248K), 0,0004704 secs] [Times: user=0,00 sys=0,00, real=0,00 secs] 
31,105: [GC (Allocation Failure) [PSYoungGen: 133728K->64K(130048K)] 135520K->1856K(305152K), 0,0006603 secs] [Times: user=0,00 sys=0,00, real=0,01 secs] 
31,151: [GC (Allocation Failure) [PSYoungGen: 129600K->64K(156160K)] 131392K->1856K(331264K), 0,0005476 secs] [Times: user=0,00 sys=0,00, real=0,00 secs] 
31,205: [GC (Allocation Failure) [PSYoungGen: 155712K->96K(151040K)] 157504K->1888K(326144K), 0,0005001 secs] [Times: user=0,00 sys=0,00, real=0,00 secs] 
31,257: [GC (Allocation Failure) [PSYoungGen: 150624K->96K(145920K)] 152416K->1888K(321024K), 0,0005196 secs] [Times: user=0,00 sys=0,00, real=0,00 secs] 
31,308: [GC (Allocation Failure) [PSYoungGen: 145504K->96K(141312K)] 147296K->1888K(316416K), 0,0005050 secs] [Times: user=0,00 sys=0,00, real=0,00 secs] 
31,357: [GC (Allocation Failure) [PSYoungGen: 140896K->96K(136704K)] 142688K->1888K(311808K), 0,0005129 secs] [Times: user=0,00 sys=0,00, real=0,00 secs] 
31,404: [GC (Allocation Failure) [PSYoungGen: 136288K->96K(132608K)] 138080K->1888K(307712K), 0,0004690 secs] [Times: user=0,00 sys=0,00, real=0,00 secs] 
31,451: [GC (Allocation Failure) [PSYoungGen: 132192K->96K(128512K)] 133984K->1888K(303616K), 0,0005121 secs] [Times: user=0,00 sys=0,00, real=0,00 secs] 
31,495: [GC (Allocation Failure) [PSYoungGen: 128096K->96K(154112K)] 129888K->1888K(329216K), 0,0005778 secs] [Times: user=0,00 sys=0,00, real=0,01 secs] 
31,549: [GC (Allocation Failure) [PSYoungGen: 153696K->96K(148992K)] 155488K->1888K(324096K), 0,0005079 secs] [Times: user=0,00 sys=0,00, real=0,00 secs] 
31,601: [GC (Allocation Failure) [PSYoungGen: 148576K->96K(143872K)] 150368K->1888K(318976K), 0,0005145 secs] [Times: user=0,00 sys=0,00, real=0,00 secs] 
31,652: [GC (Allocation Failure) [PSYoungGen: 143456K->96K(139264K)] 145248K->1888K(314368K), 0,0005064 secs] [Times: user=0,00 sys=0,00, real=0,00 secs] 
31,700: [GC (Allocation Failure) [PSYoungGen: 138848K->96K(134656K)] 140640K->1888K(309760K), 0,0005003 secs] [Times: user=0,00 sys=0,00, real=0,00 secs] 
31,748: [GC (Allocation Failure) [PSYoungGen: 134240K->96K(130560K)] 136032K->1888K(305664K), 0,0005576 secs] [Times: user=0,00 sys=0,00, real=0,00 secs] 
31,793: [GC (Allocation Failure) [PSYoungGen: 130144K->96K(126464K)] 131936K->1888K(301568K), 0,0005364 secs] [Times: user=0,00 sys=0,00, real=0,00 secs] 
31,838: [GC (Allocation Failure) [PSYoungGen: 126048K->96K(152064K)] 127840K->1888K(327168K), 0,0005068 secs] [Times: user=0,00 sys=0,00, real=0,00 secs] 
31,891: [GC (Allocation Failure) [PSYoungGen: 151648K->96K(146944K)] 153440K->1888K(322048K), 0,0005119 secs] [Times: user=0,00 sys=0,00, real=0,00 secs] 
31,942: [GC (Allocation Failure) [PSYoungGen: 146528K->96K(142336K)] 148320K->1888K(317440K), 0,0005204 secs] [Times: user=0,00 sys=0,00, real=0,00 secs] 
31,992: [GC (Allocation Failure) [PSYoungGen: 141919K->96K(137728K)] 143712K->1888K(312832K), 0,0005332 secs] [Times: user=0,00 sys=0,00, real=0,00 secs] 
32,039: [GC (Allocation Failure) [PSYoungGen: 137312K->96K(133120K)] 139104K->1888K(308224K), 0,0004898 secs] [Times: user=0,00 sys=0,00, real=0,00 secs] 
32,085: [GC (Allocation Failure) [PSYoungGen: 132704K->96K(129024K)] 134496K->1888K(304128K), 0,0004971 secs] [Times: user=0,00 sys=0,00, real=0,01 secs] 
32,130: [GC (Allocation Failure) [PSYoungGen: 128608K->96K(124928K)] 130400K->1888K(300032K), 0,0004979 secs] [Times: user=0,00 sys=0,00, real=0,00 secs] 
32,174: [GC (Allocation Failure) [PSYoungGen: 124512K->96K(150016K)] 126304K->1888K(325120K), 0,0005229 secs] [Times: user=0,00 sys=0,00, real=0,00 secs] 
32,226: [GC (Allocation Failure) [PSYoungGen: 149600K->64K(180224K)] 151392K->1856K(355328K), 0,0009853 secs] [Times: user=0,00 sys=0,00, real=0,01 secs] 
32,289: [GC (Allocation Failure) [PSYoungGen: 179776K->96K(216576K)] 181568K->1888K(391680K), 0,0004911 secs] [Times: user=0,00 sys=0,00, real=0,00 secs] 
32,364: [GC (Allocation Failure) [PSYoungGen: 216160K->96K(208384K)] 217952K->1888K(383488K), 0,0005110 secs] [Times: user=0,00 sys=0,00, real=0,00 secs] 
32,435: [GC (Allocation Failure) [PSYoungGen: 207968K->96K(200704K)] 209760K->1888K(375808K), 0,0004944 secs] [Times: user=0,00 sys=0,00, real=0,01 secs] 
32,504: [GC (Allocation Failure) [PSYoungGen: 200288K->96K(193536K)] 202080K->1888K(368640K), 0,0005016 secs] [Times: user=0,00 sys=0,00, real=0,00 secs] 
32,571: [GC (Allocation Failure) [PSYoungGen: 193120K->96K(186368K)] 194912K->1888K(361472K), 0,0005149 secs] [Times: user=0,00 sys=0,00, real=0,00 secs] 
32,636: [GC (Allocation Failure) [PSYoungGen: 185951K->64K(179712K)] 187744K->1856K(354816K), 0,0004914 secs] [Times: user=0,00 sys=0,00, real=0,01 secs] 
32,698: [GC (Allocation Failure) [PSYoungGen: 179264K->96K(173568K)] 181056K->1888K(348672K), 0,0005631 secs] [Times: user=0,00 sys=0,00, real=0,00 secs] 
32,758: [GC (Allocation Failure) [PSYoungGen: 173152K->96K(167424K)] 174944K->1888K(342528K), 0,0005263 secs] [Times: user=0,00 sys=0,00, real=0,00 secs] 
32,816: [GC (Allocation Failure) [PSYoungGen: 167008K->96K(161792K)] 168800K->1888K(336896K), 0,0005117 secs] [Times: user=0,01 sys=0,00, real=0,00 secs] 
32,872: [GC (Allocation Failure) [PSYoungGen: 161376K->64K(156160K)] 163168K->1856K(331264K), 0,0005074 secs] [Times: user=0,00 sys=0,00, real=0,00 secs] 
32,926: [GC (Allocation Failure) [PSYoungGen: 155712K->96K(151040K)] 157504K->1888K(326144K), 0,0005047 secs] [Times: user=0,00 sys=0,00, real=0,00 secs] 
32,978: [GC (Allocation Failure) [PSYoungGen: 150624K->96K(145920K)] 152416K->1888K(321024K), 0,0005077 secs] [Times: user=0,00 sys=0,00, real=0,00 secs] 
33,029: [GC (Allocation Failure) [PSYoungGen: 145504K->96K(141312K)] 147296K->1888K(316416K), 0,0005132 secs] [Times: user=0,00 sys=0,00, real=0,00 secs] 
33,079: [GC (Allocation Failure) [PSYoungGen: 140896K->96K(136704K)] 142688K->1888K(311808K), 0,0005199 secs] [Times: user=0,00 sys=0,00, real=0,00 secs] 
33,126: [GC (Allocation Failure) [PSYoungGen: 136288K->96K(132608K)] 138080K->1888K(307712K), 0,0005052 secs] [Times: user=0,00 sys=0,00, real=0,00 secs] 
33,172: [GC (Allocation Failure) [PSYoungGen: 132192K->96K(128512K)] 133984K->1896K(303616K), 0,0004959 secs] [Times: user=0,00 sys=0,00, real=0,00 secs] 
33,217: [GC (Allocation Failure) [PSYoungGen: 128096K->96K(124416K)] 129896K->1896K(299520K), 0,0005000 secs] [Times: user=0,00 sys=0,00, real=0,00 secs] 
33,260: [GC (Allocation Failure) [PSYoungGen: 124000K->96K(120832K)] 125800K->1896K(295936K), 0,0005188 secs] [Times: user=0,00 sys=0,00, real=0,00 secs] 
33,302: [GC (Allocation Failure) [PSYoungGen: 120416K->64K(117248K)] 122216K->1864K(292352K), 0,0004775 secs] [Times: user=0,01 sys=0,00, real=0,00 secs] 
33,343: [GC (Allocation Failure) [PSYoungGen: 116800K->32K(140800K)] 118600K->1832K(315904K), 0,0004738 secs] [Times: user=0,00 sys=0,00, real=0,00 secs] 
33,397: [GC (Allocation Failure) [PSYoungGen: 140320K->64K(136192K)] 142120K->1864K(311296K), 0,0005216 secs] [Times: user=0,00 sys=0,00, real=0,00 secs] 
33,444: [GC (Allocation Failure) [PSYoungGen: 135744K->96K(132096K)] 137544K->1896K(307200K), 0,0005179 secs] [Times: user=0,00 sys=0,00, real=0,00 secs] 
33,490: [GC (Allocation Failure) [PSYoungGen: 131680K->64K(158720K)] 133480K->1864K(333824K), 0,0005387 secs] [Times: user=0,00 sys=0,00, real=0,00 secs] 
33,545: [GC (Allocation Failure) [PSYoungGen: 158272K->64K(153600K)] 160072K->1864K(328704K), 0,0004916 secs] [Times: user=0,00 sys=0,00, real=0,00 secs] 
33,598: [GC (Allocation Failure) [PSYoungGen: 153152K->64K(148480K)] 154952K->1864K(323584K), 0,0005144 secs] [Times: user=0,00 sys=0,00, real=0,00 secs] 
33,649: [GC (Allocation Failure) [PSYoungGen: 148032K->96K(143360K)] 149832K->1896K(318464K), 0,0004824 secs] [Times: user=0,01 sys=0,00, real=0,00 secs] 
33,699: [GC (Allocation Failure) [PSYoungGen: 142944K->96K(138752K)] 144744K->1896K(313856K), 0,0004795 secs] [Times: user=0,01 sys=0,00, real=0,00 secs] 
33,747: [GC (Allocation Failure) [PSYoungGen: 138336K->96K(134144K)] 140136K->1896K(309248K), 0,0005242 secs] [Times: user=0,00 sys=0,00, real=0,00 secs] 
33,794: [GC (Allocation Failure) [PSYoungGen: 133728K->96K(130048K)] 135528K->1896K(305152K), 0,0004794 secs] [Times: user=0,00 sys=0,00, real=0,00 secs] 
33,838: [GC (Allocation Failure) [PSYoungGen: 129632K->96K(125952K)] 131432K->1896K(301056K), 0,0005371 secs] [Times: user=0,00 sys=0,00, real=0,00 secs] 
33,882: [GC (Allocation Failure) [PSYoungGen: 125536K->32K(151040K)] 127336K->1832K(326144K), 0,0009817 secs] [Times: user=0,00 sys=0,00, real=0,00 secs] 
33,935: [GC (Allocation Failure) [PSYoungGen: 150560K->96K(181248K)] 152360K->1896K(356352K), 0,0004933 secs] [Times: user=0,00 sys=0,00, real=0,00 secs] 
33,997: [GC (Allocation Failure) [PSYoungGen: 180832K->96K(217600K)] 182632K->1896K(392704K), 0,0004839 secs] [Times: user=0,00 sys=0,00, real=0,00 secs] 
34,072: [GC (Allocation Failure) [PSYoungGen: 217184K->64K(209408K)] 218984K->1864K(384512K), 0,0005220 secs] [Times: user=0,00 sys=0,00, real=0,00 secs] 
34,144: [GC (Allocation Failure) [PSYoungGen: 208960K->64K(201728K)] 210760K->1864K(376832K), 0,0005178 secs] [Times: user=0,00 sys=0,00, real=0,00 secs] 
34,215: [GC (Allocation Failure) [PSYoungGen: 201280K->96K(194560K)] 203080K->1896K(369664K), 0,0005247 secs] [Times: user=0,01 sys=0,00, real=0,00 secs] 
34,282: [GC (Allocation Failure) [PSYoungGen: 194144K->96K(187392K)] 195944K->1896K(362496K), 0,0005079 secs] [Times: user=0,00 sys=0,00, real=0,00 secs] 
34,347: [GC (Allocation Failure) [PSYoungGen: 186976K->64K(180736K)] 188776K->1864K(355840K), 0,0005159 secs] [Times: user=0,00 sys=0,00, real=0,00 secs] 
34,410: [GC (Allocation Failure) [PSYoungGen: 180288K->96K(174592K)] 182088K->1896K(349696K), 0,0004846 secs] [Times: user=0,00 sys=0,00, real=0,00 secs] 
34,470: [GC (Allocation Failure) [PSYoungGen: 174176K->96K(168448K)] 175976K->1896K(343552K), 0,0004944 secs] [Times: user=0,00 sys=0,00, real=0,00 secs] 
34,529: [GC (Allocation Failure) [PSYoungGen: 168032K->96K(162816K)] 169832K->1896K(337920K), 0,0004958 secs] [Times: user=0,00 sys=0,00, real=0,00 secs] 
34,585: [GC (Allocation Failure) [PSYoungGen: 162400K->96K(157184K)] 164200K->1896K(332288K), 0,0004715 secs] [Times: user=0,00 sys=0,00, real=0,00 secs] 
34,639: [GC (Allocation Failure) [PSYoungGen: 156768K->64K(152064K)] 158568K->1864K(327168K), 0,0005236 secs] [Times: user=0,00 sys=0,00, real=0,00 secs] 
34,692: [GC (Allocation Failure) [PSYoungGen: 151616K->64K(146944K)] 153416K->1864K(322048K), 0,0005415 secs] [Times: user=0,00 sys=0,00, real=0,00 secs] 
34,743: [GC (Allocation Failure) [PSYoungGen: 146496K->96K(142336K)] 148296K->1896K(317440K), 0,0005214 secs] [Times: user=0,00 sys=0,00, real=0,00 secs] 
34,793: [GC (Allocation Failure) [PSYoungGen: 141919K->96K(137728K)] 143720K->1896K(312832K), 0,0005117 secs] [Times: user=0,00 sys=0,00, real=0,00 secs] 
34,840: [GC (Allocation Failure) [PSYoungGen: 137312K->96K(133120K)] 139112K->1896K(308224K), 0,0004977 secs] [Times: user=0,01 sys=0,00, real=0,00 secs] 
34,886: [GC (Allocation Failure) [PSYoungGen: 132704K->96K(129024K)] 134504K->1896K(304128K), 0,0004839 secs] [Times: user=0,00 sys=0,00, real=0,00 secs] 
34,931: [GC (Allocation Failure) [PSYoungGen: 128608K->96K(124928K)] 130408K->1896K(300032K), 0,0005371 secs] [Times: user=0,00 sys=0,00, real=0,00 secs] 
34,975: [GC (Allocation Failure) [PSYoungGen: 124512K->96K(121344K)] 126312K->1896K(296448K), 0,0005011 secs] [Times: user=0,00 sys=0,00, real=0,00 secs] 
35,017: [GC (Allocation Failure) [PSYoungGen: 120928K->64K(145920K)] 122728K->1864K(321024K), 0,0004878 secs] [Times: user=0,00 sys=0,00, real=0,00 secs] 
35,067: [GC (Allocation Failure) [PSYoungGen: 145472K->96K(141312K)] 147272K->1896K(316416K), 0,0005007 secs] [Times: user=0,00 sys=0,00, real=0,00 secs] 
35,116: [GC (Allocation Failure) [PSYoungGen: 140896K->96K(136704K)] 142696K->1896K(311808K), 0,0005534 secs] [Times: user=0,00 sys=0,00, real=0,00 secs] 
35,163: [GC (Allocation Failure) [PSYoungGen: 136288K->96K(132608K)] 138088K->1896K(307712K), 0,0005109 secs] [Times: user=0,00 sys=0,00, real=0,00 secs] 
35,209: [GC (Allocation Failure) [PSYoungGen: 132192K->64K(128512K)] 133992K->1864K(303616K), 0,0004918 secs] [Times: user=0,00 sys=0,00, real=0,00 secs] 
35,254: [GC (Allocation Failure) [PSYoungGen: 128064K->64K(124416K)] 129864K->1864K(299520K), 0,0005037 secs] [Times: user=0,00 sys=0,00, real=0,00 secs] 
35,297: [GC (Allocation Failure) [PSYoungGen: 123968K->64K(149504K)] 125768K->1864K(324608K), 0,0005071 secs] [Times: user=0,00 sys=0,00, real=0,00 secs] 
35,349: [GC (Allocation Failure) [PSYoungGen: 149056K->96K(144384K)] 150856K->1896K(319488K), 0,0004809 secs] [Times: user=0,00 sys=0,00, real=0,00 secs] 
35,399: [GC (Allocation Failure) [PSYoungGen: 143968K->64K(139776K)] 145768K->1864K(314880K), 0,0005056 secs] [Times: user=0,00 sys=0,00, real=0,00 secs] 
35,447: [GC (Allocation Failure) [PSYoungGen: 139328K->64K(135168K)] 141128K->1864K(310272K), 0,0004653 secs] [Times: user=0,00 sys=0,00, real=0,00 secs] 
35,494: [GC (Allocation Failure) [PSYoungGen: 134720K->96K(131072K)] 136520K->1896K(306176K), 0,0004955 secs] [Times: user=0,01 sys=0,00, real=0,00 secs] 
35,540: [GC (Allocation Failure) [PSYoungGen: 130656K->96K(126976K)] 132456K->1896K(302080K), 0,0005067 secs] [Times: user=0,00 sys=0,00, real=0,00 secs] 
35,584: [GC (Allocation Failure) [PSYoungGen: 126560K->96K(122880K)] 128360K->1896K(297984K), 0,0004991 secs] [Times: user=0,00 sys=0,00, real=0,00 secs] 
35,627: [GC (Allocation Failure) [PSYoungGen: 122464K->96K(119296K)] 124264K->1896K(294400K), 0,0004775 secs] [Times: user=0,00 sys=0,00, real=0,00 secs] 
35,668: [GC (Allocation Failure) [PSYoungGen: 118880K->96K(143360K)] 120680K->1896K(318464K), 0,0004898 secs] [Times: user=0,00 sys=0,00, real=0,00 secs] 
35,718: [GC (Allocation Failure) [PSYoungGen: 142944K->96K(172032K)] 144744K->1896K(347136K), 0,0005251 secs] [Times: user=0,00 sys=0,00, real=0,00 secs] 
35,778: [GC (Allocation Failure) [PSYoungGen: 171616K->64K(165888K)] 173416K->1864K(340992K), 0,0005651 secs] [Times: user=0,00 sys=0,00, real=0,00 secs] 
35,836: [GC (Allocation Failure) [PSYoungGen: 165440K->96K(160256K)] 167240K->1896K(335360K), 0,0005109 secs] [Times: user=0,00 sys=0,00, real=0,01 secs] 
35,891: [GC (Allocation Failure) [PSYoungGen: 159840K->64K(154624K)] 161640K->1864K(329728K), 0,0005214 secs] [Times: user=0,01 sys=0,00, real=0,00 secs] 
35,945: [GC (Allocation Failure) [PSYoungGen: 154176K->96K(149504K)] 155976K->1896K(324608K), 0,0004780 secs] [Times: user=0,00 sys=0,00, real=0,00 secs] 
35,997: [GC (Allocation Failure) [PSYoungGen: 149088K->96K(144384K)] 150888K->1896K(319488K), 0,0005036 secs] [Times: user=0,00 sys=0,00, real=0,00 secs] 
36,047: [GC (Allocation Failure) [PSYoungGen: 143968K->96K(139776K)] 145768K->1896K(314880K), 0,0004767 secs] [Times: user=0,00 sys=0,00, real=0,00 secs] 
36,095: [GC (Allocation Failure) [PSYoungGen: 139360K->64K(135168K)] 141160K->1864K(310272K), 0,0004835 secs] [Times: user=0,00 sys=0,00, real=0,00 secs] 
36,142: [GC (Allocation Failure) [PSYoungGen: 134720K->64K(131072K)] 136520K->1864K(306176K), 0,0004971 secs] [Times: user=0,00 sys=0,00, real=0,00 secs] 
36,188: [GC (Allocation Failure) [PSYoungGen: 130624K->96K(126976K)] 132424K->1896K(302080K), 0,0004977 secs] [Times: user=0,01 sys=0,00, real=0,00 secs] 
36,232: [GC (Allocation Failure) [PSYoungGen: 126560K->96K(122880K)] 128360K->1896K(297984K), 0,0004842 secs] [Times: user=0,00 sys=0,00, real=0,00 secs] 
36,275: [GC (Allocation Failure) [PSYoungGen: 122464K->96K(119296K)] 124264K->1896K(294400K), 0,0005008 secs] [Times: user=0,00 sys=0,00, real=0,00 secs] 
36,316: [GC (Allocation Failure) [PSYoungGen: 118880K->96K(115712K)] 120680K->1896K(290816K), 0,0004695 secs] [Times: user=0,00 sys=0,00, real=0,00 secs] 
36,357: [GC (Allocation Failure) [PSYoungGen: 115296K->96K(138752K)] 117096K->1896K(313856K), 0,0005046 secs] [Times: user=0,01 sys=0,00, real=0,00 secs] 
36,405: [GC (Allocation Failure) [PSYoungGen: 138336K->96K(166400K)] 140136K->1896K(341504K), 0,0004789 secs] [Times: user=0,00 sys=0,00, real=0,00 secs] 
36,462: [GC (Allocation Failure) [PSYoungGen: 165984K->96K(160768K)] 167784K->1896K(335872K), 0,0005024 secs] [Times: user=0,00 sys=0,00, real=0,00 secs] 
36,518: [GC (Allocation Failure) [PSYoungGen: 160351K->96K(155136K)] 162152K->1896K(330240K), 0,0005034 secs] [Times: user=0,00 sys=0,00, real=0,00 secs] 
36,572: [GC (Allocation Failure) [PSYoungGen: 154720K->96K(150016K)] 156520K->1896K(325120K), 0,0005068 secs] [Times: user=0,00 sys=0,00, real=0,00 secs] 
36,624: [GC (Allocation Failure) [PSYoungGen: 149600K->96K(144896K)] 151400K->1896K(320000K), 0,0006567 secs] [Times: user=0,01 sys=0,00, real=0,00 secs] 
36,674: [GC (Allocation Failure) [PSYoungGen: 144480K->96K(140288K)] 146280K->1896K(315392K), 0,0004705 secs] [Times: user=0,00 sys=0,00, real=0,00 secs] 
36,723: [GC (Allocation Failure) [PSYoungGen: 139872K->96K(135680K)] 141672K->1896K(310784K), 0,0004926 secs] [Times: user=0,01 sys=0,00, real=0,00 secs] 
36,770: [GC (Allocation Failure) [PSYoungGen: 135263K->32K(131584K)] 137064K->1832K(306688K), 0,0005121 secs] [Times: user=0,00 sys=0,00, real=0,00 secs] 
36,816: [GC (Allocation Failure) [PSYoungGen: 131104K->96K(127488K)] 132904K->1896K(302592K), 0,0005064 secs] [Times: user=0,00 sys=0,00, real=0,00 secs] 
36,860: [GC (Allocation Failure) [PSYoungGen: 127072K->96K(123392K)] 128872K->1896K(298496K), 0,0005040 secs] [Times: user=0,00 sys=0,00, real=0,00 secs] 
36,903: [GC (Allocation Failure) [PSYoungGen: 122976K->96K(147968K)] 124776K->1896K(323072K), 0,0004945 secs] [Times: user=0,00 sys=0,00, real=0,00 secs] 
36,954: [GC (Allocation Failure) [PSYoungGen: 147552K->96K(143360K)] 149352K->1896K(318464K), 0,0004939 secs] [Times: user=0,00 sys=0,00, real=0,00 secs] 
37,004: [GC (Allocation Failure) [PSYoungGen: 142944K->64K(138752K)] 144744K->1864K(313856K), 0,0004900 secs] [Times: user=0,00 sys=0,00, real=0,00 secs] 
37,052: [GC (Allocation Failure) [PSYoungGen: 138304K->64K(134144K)] 140104K->1864K(309248K), 0,0005063 secs] [Times: user=0,00 sys=0,00, real=0,00 secs] 
37,098: [GC (Allocation Failure) [PSYoungGen: 133696K->96K(130048K)] 135496K->1896K(305152K), 0,0004760 secs] [Times: user=0,00 sys=0,00, real=0,00 secs] 
37,144: [GC (Allocation Failure) [PSYoungGen: 129632K->64K(125952K)] 131432K->1864K(301056K), 0,0005326 secs] [Times: user=0,00 sys=0,00, real=0,00 secs] 
37,187: [GC (Allocation Failure) [PSYoungGen: 125504K->96K(151040K)] 127304K->1896K(326144K), 0,0005416 secs] [Times: user=0,00 sys=0,00, real=0,00 secs] 
37,240: [GC (Allocation Failure) [PSYoungGen: 150624K->64K(145920K)] 152424K->1864K(321024K), 0,0005037 secs] [Times: user=0,00 sys=0,00, real=0,00 secs] 
37,291: [GC (Allocation Failure) [PSYoungGen: 145472K->96K(141312K)] 147272K->1896K(316416K), 0,0005167 secs] [Times: user=0,00 sys=0,00, real=0,00 secs] 
37,340: [GC (Allocation Failure) [PSYoungGen: 140896K->96K(136704K)] 142696K->1896K(311808K), 0,0005077 secs] [Times: user=0,00 sys=0,00, real=0,00 secs] 
37,387: [GC (Allocation Failure) [PSYoungGen: 136288K->96K(132608K)] 138088K->1896K(307712K), 0,0005247 secs] [Times: user=0,01 sys=0,00, real=0,00 secs] 
37,433: [GC (Allocation Failure) [PSYoungGen: 132192K->96K(128512K)] 133992K->1896K(303616K), 0,0004883 secs] [Times: user=0,00 sys=0,00, real=0,00 secs] 
37,478: [GC (Allocation Failure) [PSYoungGen: 128096K->64K(124416K)] 129896K->1864K(299520K), 0,0004753 secs] [Times: user=0,00 sys=0,00, real=0,00 secs] 
37,521: [GC (Allocation Failure) [PSYoungGen: 123968K->96K(120832K)] 125768K->1896K(295936K), 0,0004961 secs] [Times: user=0,00 sys=0,00, real=0,00 secs] 
37,563: [GC (Allocation Failure) [PSYoungGen: 120416K->96K(144896K)] 122216K->1896K(320000K), 0,0005431 secs] [Times: user=0,00 sys=0,00, real=0,00 secs] 
37,613: [GC (Allocation Failure) [PSYoungGen: 144480K->32K(174080K)] 146280K->1832K(349184K), 0,0005110 secs] [Times: user=0,00 sys=0,00, real=0,00 secs] 
37,673: [GC (Allocation Failure) [PSYoungGen: 173600K->96K(167936K)] 175400K->1896K(343040K), 0,0005068 secs] [Times: user=0,00 sys=0,00, real=0,00 secs] 
37,732: [GC (Allocation Failure) [PSYoungGen: 167520K->64K(162304K)] 169320K->1864K(337408K), 0,0005051 secs] [Times: user=0,00 sys=0,00, real=0,00 secs] 
37,788: [GC (Allocation Failure) [PSYoungGen: 161856K->96K(156672K)] 163656K->1896K(331776K), 0,0005232 secs] [Times: user=0,00 sys=0,00, real=0,00 secs] 
37,843: [GC (Allocation Failure) [PSYoungGen: 156256K->96K(151552K)] 158056K->1896K(326656K), 0,0004940 secs] [Times: user=0,00 sys=0,00, real=0,00 secs] 
37,895: [GC (Allocation Failure) [PSYoungGen: 151136K->96K(146432K)] 152936K->1896K(321536K), 0,0005261 secs] [Times: user=0,00 sys=0,00, real=0,01 secs] 
37,946: [GC (Allocation Failure) [PSYoungGen: 146016K->96K(141824K)] 147816K->1896K(316928K), 0,0005073 secs] [Times: user=0,00 sys=0,00, real=0,00 secs] 
37,995: [GC (Allocation Failure) [PSYoungGen: 141408K->96K(137216K)] 143208K->1896K(312320K), 0,0005471 secs] [Times: user=0,00 sys=0,00, real=0,01 secs] 
38,043: [GC (Allocation Failure) [PSYoungGen: 136800K->96K(132608K)] 138600K->1896K(307712K), 0,0005002 secs] [Times: user=0,01 sys=0,00, real=0,00 secs] 
38,089: [GC (Allocation Failure) [PSYoungGen: 132192K->96K(128512K)] 133992K->1896K(303616K), 0,0004772 secs] [Times: user=0,00 sys=0,00, real=0,00 secs] 
38,133: [GC (Allocation Failure) [PSYoungGen: 128096K->64K(124416K)] 129896K->1864K(299520K), 0,0004636 secs] [Times: user=0,00 sys=0,00, real=0,00 secs] 
38,177: [GC (Allocation Failure) [PSYoungGen: 123968K->96K(120832K)] 125768K->1896K(295936K), 0,0004552 secs] [Times: user=0,00 sys=0,00, real=0,00 secs] 
38,219: [GC (Allocation Failure) [PSYoungGen: 120416K->64K(117248K)] 122216K->1864K(292352K), 0,0005265 secs] [Times: user=0,00 sys=0,00, real=0,00 secs] 
38,260: [GC (Allocation Failure) [PSYoungGen: 116800K->96K(140800K)] 118600K->1896K(315904K), 0,0005087 secs] [Times: user=0,00 sys=0,01, real=0,00 secs] 
38,309: [GC (Allocation Failure) [PSYoungGen: 140384K->64K(168960K)] 142184K->1864K(344064K), 0,0004953 secs] [Times: user=0,00 sys=0,00, real=0,00 secs] 
38,367: [GC (Allocation Failure) [PSYoungGen: 168512K->64K(163328K)] 170312K->1864K(338432K), 0,0004934 secs] [Times: user=0,00 sys=0,00, real=0,00 secs] 
38,424: [GC (Allocation Failure) [PSYoungGen: 162880K->96K(157696K)] 164680K->1896K(332800K), 0,0005008 secs] [Times: user=0,00 sys=0,00, real=0,00 secs] 
38,479: [GC (Allocation Failure) [PSYoungGen: 157280K->96K(152576K)] 159080K->1896K(327680K), 0,0005029 secs] [Times: user=0,01 sys=0,00, real=0,00 secs] 
38,531: [GC (Allocation Failure) [PSYoungGen: 152160K->96K(147456K)] 153960K->1896K(322560K), 0,0004952 secs] [Times: user=0,00 sys=0,00, real=0,00 secs] 
38,582: [GC (Allocation Failure) [PSYoungGen: 147040K->96K(142848K)] 148840K->1896K(317952K), 0,0005056 secs] [Times: user=0,00 sys=0,00, real=0,00 secs] 
38,632: [GC (Allocation Failure) [PSYoungGen: 142431K->96K(138240K)] 144232K->1896K(313344K), 0,0005236 secs] [Times: user=0,00 sys=0,00, real=0,00 secs] 
38,680: [GC (Allocation Failure) [PSYoungGen: 137824K->96K(133632K)] 139624K->1896K(308736K), 0,0004896 secs] [Times: user=0,00 sys=0,00, real=0,00 secs] 
38,726: [GC (Allocation Failure) [PSYoungGen: 133216K->64K(129536K)] 135016K->1864K(304640K), 0,0005734 secs] [Times: user=0,01 sys=0,00, real=0,00 secs] 
38,771: [GC (Allocation Failure) [PSYoungGen: 129088K->96K(155648K)] 130888K->1896K(330752K), 0,0006565 secs] [Times: user=0,00 sys=0,00, real=0,00 secs] 
38,826: [GC (Allocation Failure) [PSYoungGen: 155232K->96K(186880K)] 157032K->1896K(361984K), 0,0005124 secs] [Times: user=0,01 sys=0,00, real=0,00 secs] 
38,890: [GC (Allocation Failure) [PSYoungGen: 186464K->96K(180224K)] 188264K->1896K(355328K), 0,0004901 secs] [Times: user=0,00 sys=0,00, real=0,00 secs] 
38,953: [GC (Allocation Failure) [PSYoungGen: 179808K->64K(174080K)] 181608K->1864K(349184K), 0,0005088 secs] [Times: user=0,00 sys=0,00, real=0,00 secs] 
39,013: [GC (Allocation Failure) [PSYoungGen: 173632K->96K(167936K)] 175432K->1896K(343040K), 0,0005118 secs] [Times: user=0,00 sys=0,00, real=0,00 secs] 
39,071: [GC (Allocation Failure) [PSYoungGen: 167520K->96K(162304K)] 169320K->1896K(337408K), 0,0004633 secs] [Times: user=0,00 sys=0,00, real=0,00 secs] 
39,127: [GC (Allocation Failure) [PSYoungGen: 161888K->64K(156672K)] 163688K->1864K(331776K), 0,0005092 secs] [Times: user=0,00 sys=0,00, real=0,00 secs] 
39,181: [GC (Allocation Failure) [PSYoungGen: 156224K->64K(151552K)] 158024K->1864K(326656K), 0,0005184 secs] [Times: user=0,00 sys=0,00, real=0,00 secs] 
39,234: [GC (Allocation Failure) [PSYoungGen: 151104K->96K(146432K)] 152904K->1896K(321536K), 0,0004948 secs] [Times: user=0,00 sys=0,00, real=0,00 secs] 
39,285: [GC (Allocation Failure) [PSYoungGen: 146016K->96K(141824K)] 147816K->1896K(316928K), 0,0005174 secs] [Times: user=0,00 sys=0,00, real=0,01 secs] 
39,335: [GC (Allocation Failure) [PSYoungGen: 141408K->64K(137216K)] 143208K->1864K(312320K), 0,0005093 secs] [Times: user=0,00 sys=0,00, real=0,00 secs] 
39,382: [GC (Allocation Failure) [PSYoungGen: 136768K->96K(132608K)] 138568K->1896K(307712K), 0,0004794 secs] [Times: user=0,01 sys=0,00, real=0,00 secs] 
39,428: [GC (Allocation Failure) [PSYoungGen: 132192K->96K(128512K)] 133992K->1896K(303616K), 0,0005305 secs] [Times: user=0,00 sys=0,00, real=0,00 secs] 
39,472: [GC (Allocation Failure) [PSYoungGen: 128096K->96K(124416K)] 129896K->1896K(299520K), 0,0004838 secs] [Times: user=0,00 sys=0,00, real=0,00 secs] 
39,516: [GC (Allocation Failure) [PSYoungGen: 124000K->96K(120832K)] 125800K->1896K(295936K), 0,0005075 secs] [Times: user=0,00 sys=0,00, real=0,01 secs] 
39,557: [GC (Allocation Failure) [PSYoungGen: 120416K->96K(144896K)] 122216K->1896K(320000K), 0,0004883 secs] [Times: user=0,00 sys=0,00, real=0,00 secs] 
39,607: [GC (Allocation Failure) [PSYoungGen: 144480K->96K(140288K)] 146280K->1896K(315392K), 0,0004774 secs] [Times: user=0,00 sys=0,00, real=0,00 secs] 
39,656: [GC (Allocation Failure) [PSYoungGen: 139871K->96K(135680K)] 141672K->1896K(310784K), 0,0005046 secs] [Times: user=0,00 sys=0,00, real=0,00 secs] 
39,703: [GC (Allocation Failure) [PSYoungGen: 135264K->64K(131584K)] 137064K->1864K(306688K), 0,0005280 secs] [Times: user=0,00 sys=0,00, real=0,00 secs] 
39,749: [GC (Allocation Failure) [PSYoungGen: 131136K->96K(127488K)] 132936K->1896K(302592K), 0,0004805 secs] [Times: user=0,01 sys=0,00, real=0,00 secs] 
39,794: [GC (Allocation Failure) [PSYoungGen: 127072K->96K(123392K)] 128872K->1896K(298496K), 0,0005210 secs] [Times: user=0,00 sys=0,00, real=0,00 secs] 
39,836: [GC (Allocation Failure) [PSYoungGen: 122976K->96K(147968K)] 124776K->1896K(323072K), 0,0005370 secs] [Times: user=0,00 sys=0,00, real=0,00 secs] 
39,888: [GC (Allocation Failure) [PSYoungGen: 147552K->96K(177664K)] 149352K->1896K(352768K), 0,0005049 secs] [Times: user=0,00 sys=0,00, real=0,00 secs] 
39,949: [GC (Allocation Failure) [PSYoungGen: 177248K->64K(171520K)] 179048K->1864K(346624K), 0,0004997 secs] [Times: user=0,00 sys=0,00, real=0,00 secs] 
40,008: [GC (Allocation Failure) [PSYoungGen: 171072K->96K(165376K)] 172872K->1896K(340480K), 0,0005008 secs] [Times: user=0,00 sys=0,00, real=0,00 secs] 
40,066: [GC (Allocation Failure) [PSYoungGen: 164960K->64K(159744K)] 166760K->1864K(334848K), 0,0005024 secs] [Times: user=0,01 sys=0,00, real=0,00 secs] 
40,121: [GC (Allocation Failure) [PSYoungGen: 159296K->96K(154112K)] 161096K->1896K(329216K), 0,0005058 secs] [Times: user=0,00 sys=0,00, real=0,00 secs] 
40,175: [GC (Allocation Failure) [PSYoungGen: 153696K->96K(148992K)] 155496K->1896K(324096K), 0,0005692 secs] [Times: user=0,01 sys=0,00, real=0,01 secs] 
40,227: [GC (Allocation Failure) [PSYoungGen: 148576K->64K(143872K)] 150376K->1864K(318976K), 0,0004935 secs] [Times: user=0,00 sys=0,00, real=0,00 secs] 
40,277: [GC (Allocation Failure) [PSYoungGen: 143424K->96K(139264K)] 145224K->1896K(314368K), 0,0005131 secs] [Times: user=0,00 sys=0,00, real=0,00 secs] 
40,326: [GC (Allocation Failure) [PSYoungGen: 138848K->96K(134656K)] 140648K->1920K(309760K), 0,0004914 secs] [Times: user=0,00 sys=0,00, real=0,00 secs] 
40,373: [GC (Allocation Failure) [PSYoungGen: 134240K->96K(130560K)] 136064K->1920K(305664K), 0,0004918 secs] [Times: user=0,01 sys=0,00, real=0,00 secs] 
40,418: [GC (Allocation Failure) [PSYoungGen: 130144K->64K(126464K)] 131968K->1888K(301568K), 0,0004652 secs] [Times: user=0,00 sys=0,00, real=0,00 secs] 
40,461: [GC (Allocation Failure) [PSYoungGen: 126016K->96K(122368K)] 127840K->1920K(297472K), 0,0005025 secs] [Times: user=0,00 sys=0,00, real=0,00 secs] 
40,504: [GC (Allocation Failure) [PSYoungGen: 121952K->64K(118784K)] 123776K->1888K(293888K), 0,0004793 secs] [Times: user=0,00 sys=0,00, real=0,00 secs] 
40,545: [GC (Allocation Failure) [PSYoungGen: 118336K->96K(142848K)] 120160K->1920K(317952K), 0,0005182 secs] [Times: user=0,00 sys=0,00, real=0,00 secs] 
40,594: [GC (Allocation Failure) [PSYoungGen: 142432K->96K(138240K)] 144256K->1920K(313344K), 0,0004984 secs] [Times: user=0,00 sys=0,00, real=0,00 secs] 
40,642: [GC (Allocation Failure) [PSYoungGen: 137824K->64K(165888K)] 139648K->1888K(340992K), 0,0005409 secs] [Times: user=0,00 sys=0,00, real=0,00 secs] 
40,700: [GC (Allocation Failure) [PSYoungGen: 165440K->64K(160256K)] 167264K->1888K(335360K), 0,0004720 secs] [Times: user=0,00 sys=0,00, real=0,00 secs] 
40,755: [GC (Allocation Failure) [PSYoungGen: 159808K->96K(154624K)] 161632K->1920K(329728K), 0,0005267 secs] [Times: user=0,00 sys=0,00, real=0,00 secs] 
40,809: [GC (Allocation Failure) [PSYoungGen: 154208K->96K(149504K)] 156032K->1920K(324608K), 0,0005717 secs] [Times: user=0,00 sys=0,00, real=0,00 secs] 
40,860: [GC (Allocation Failure) [PSYoungGen: 149088K->64K(144384K)] 150912K->1888K(319488K), 0,0004688 secs] [Times: user=0,00 sys=0,00, real=0,00 secs] 
40,910: [GC (Allocation Failure) [PSYoungGen: 143936K->64K(139776K)] 145760K->1888K(314880K), 0,0004865 secs] [Times: user=0,00 sys=0,00, real=0,00 secs] 
40,959: [GC (Allocation Failure) [PSYoungGen: 139328K->96K(135168K)] 141152K->1920K(310272K), 0,0004791 secs] [Times: user=0,01 sys=0,00, real=0,00 secs] 
41,006: [GC (Allocation Failure) [PSYoungGen: 134752K->64K(131072K)] 136576K->1888K(306176K), 0,0005395 secs] [Times: user=0,00 sys=0,00, real=0,00 secs] 
41,052: [GC (Allocation Failure) [PSYoungGen: 130624K->96K(126976K)] 132448K->1920K(302080K), 0,0004953 secs] [Times: user=0,00 sys=0,00, real=0,00 secs] 
41,096: [GC (Allocation Failure) [PSYoungGen: 126560K->96K(122880K)] 128384K->1920K(297984K), 0,0005113 secs] [Times: user=0,00 sys=0,00, real=0,00 secs] 
41,139: [GC (Allocation Failure) [PSYoungGen: 122464K->64K(147456K)] 124288K->1888K(322560K), 0,0005083 secs] [Times: user=0,00 sys=0,00, real=0,00 secs] 
41,190: [GC (Allocation Failure) [PSYoungGen: 147008K->96K(142848K)] 148832K->1920K(317952K), 0,0004789 secs] [Times: user=0,00 sys=0,00, real=0,00 secs] 
41,239: [GC (Allocation Failure) [PSYoungGen: 142432K->96K(138240K)] 144256K->1920K(313344K), 0,0004891 secs] [Times: user=0,00 sys=0,00, real=0,00 secs] 
41,288: [GC (Allocation Failure) [PSYoungGen: 137824K->96K(133632K)] 139648K->1920K(308736K), 0,0005131 secs] [Times: user=0,00 sys=0,00, real=0,00 secs] 
41,334: [GC (Allocation Failure) [PSYoungGen: 133216K->96K(129536K)] 135040K->1920K(304640K), 0,0004798 secs] [Times: user=0,00 sys=0,00, real=0,00 secs] 
41,379: [GC (Allocation Failure) [PSYoungGen: 129120K->96K(125440K)] 130944K->1920K(300544K), 0,0005039 secs] [Times: user=0,00 sys=0,00, real=0,00 secs] 
41,423: [GC (Allocation Failure) [PSYoungGen: 125024K->64K(121344K)] 126848K->1888K(296448K), 0,0004874 secs] [Times: user=0,00 sys=0,00, real=0,00 secs] 
41,464: [GC (Allocation Failure) [PSYoungGen: 120896K->96K(145920K)] 122720K->1920K(321024K), 0,0004854 secs] [Times: user=0,00 sys=0,00, real=0,00 secs] 
41,515: [GC (Allocation Failure) [PSYoungGen: 145504K->96K(141312K)] 147328K->1920K(316416K), 0,0004942 secs] [Times: user=0,00 sys=0,00, real=0,00 secs] 
41,564: [GC (Allocation Failure) [PSYoungGen: 140896K->96K(136704K)] 142720K->1920K(311808K), 0,0005427 secs] [Times: user=0,00 sys=0,00, real=0,00 secs] 
41,611: [GC (Allocation Failure) [PSYoungGen: 136288K->96K(132608K)] 138112K->1920K(307712K), 0,0004933 secs] [Times: user=0,00 sys=0,00, real=0,00 secs] 
41,657: [GC (Allocation Failure) [PSYoungGen: 132192K->96K(128512K)] 134016K->1920K(303616K), 0,0004765 secs] [Times: user=0,00 sys=0,00, real=0,00 secs] 
41,701: [GC (Allocation Failure) [PSYoungGen: 128096K->64K(124416K)] 129920K->1888K(299520K), 0,0004684 secs] [Times: user=0,01 sys=0,00, real=0,00 secs] 
41,745: [GC (Allocation Failure) [PSYoungGen: 123968K->96K(120832K)] 125792K->1920K(295936K), 0,0005228 secs] [Times: user=0,00 sys=0,00, real=0,00 secs] 
41,787: [GC (Allocation Failure) [PSYoungGen: 120415K->96K(144896K)] 122240K->1920K(320000K), 0,0005158 secs] [Times: user=0,00 sys=0,00, real=0,00 secs] 
41,837: [GC (Allocation Failure) [PSYoungGen: 144480K->96K(174080K)] 146304K->1920K(349184K), 0,0005129 secs] [Times: user=0,00 sys=0,00, real=0,00 secs] 
41,897: [GC (Allocation Failure) [PSYoungGen: 173664K->96K(167936K)] 175488K->1920K(343040K), 0,0005157 secs] [Times: user=0,00 sys=0,00, real=0,00 secs] 
41,955: [GC (Allocation Failure) [PSYoungGen: 167519K->96K(162304K)] 169344K->1920K(337408K), 0,0004933 secs] [Times: user=0,00 sys=0,00, real=0,00 secs] 
42,011: [GC (Allocation Failure) [PSYoungGen: 161888K->96K(156672K)] 163712K->1920K(331776K), 0,0004472 secs] [Times: user=0,00 sys=0,00, real=0,00 secs] 
42,065: [GC (Allocation Failure) [PSYoungGen: 156256K->96K(151552K)] 158080K->1920K(326656K), 0,0004975 secs] [Times: user=0,00 sys=0,00, real=0,01 secs] 
42,118: [GC (Allocation Failure) [PSYoungGen: 151136K->64K(146432K)] 152960K->1888K(321536K), 0,0005586 secs] [Times: user=0,01 sys=0,00, real=0,00 secs] 
42,169: [GC (Allocation Failure) [PSYoungGen: 145984K->64K(141824K)] 147808K->1888K(316928K), 0,0005526 secs] [Times: user=0,00 sys=0,00, real=0,00 secs] 
42,218: [GC (Allocation Failure) [PSYoungGen: 141376K->64K(137216K)] 143200K->1888K(312320K), 0,0004932 secs] [Times: user=0,00 sys=0,00, real=0,00 secs] 
42,266: [GC (Allocation Failure) [PSYoungGen: 136768K->96K(132608K)] 138592K->1920K(307712K), 0,0005159 secs] [Times: user=0,00 sys=0,00, real=0,00 secs] 
42,312: [GC (Allocation Failure) [PSYoungGen: 132192K->64K(128512K)] 134016K->1888K(303616K), 0,0005311 secs] [Times: user=0,00 sys=0,00, real=0,00 secs] 
42,357: [GC (Allocation Failure) [PSYoungGen: 128064K->96K(124416K)] 129888K->1920K(299520K), 0,0004879 secs] [Times: user=0,00 sys=0,00, real=0,00 secs] 
42,401: [GC (Allocation Failure) [PSYoungGen: 124000K->96K(120832K)] 125824K->1920K(295936K), 0,0004874 secs] [Times: user=0,00 sys=0,00, real=0,00 secs] 
42,442: [GC (Allocation Failure) [PSYoungGen: 120416K->32K(144896K)] 122240K->1856K(320000K), 0,0005609 secs] [Times: user=0,00 sys=0,00, real=0,00 secs] 
42,493: [GC (Allocation Failure) [PSYoungGen: 144416K->64K(174080K)] 146240K->1888K(349184K), 0,0005289 secs] [Times: user=0,00 sys=0,00, real=0,00 secs] 
42,553: [GC (Allocation Failure) [PSYoungGen: 173632K->96K(167936K)] 175456K->1920K(343040K), 0,0005023 secs] [Times: user=0,00 sys=0,00, real=0,00 secs] 
42,611: [GC (Allocation Failure) [PSYoungGen: 167520K->96K(162304K)] 169344K->1920K(337408K), 0,0005348 secs] [Times: user=0,00 sys=0,00, real=0,00 secs] 
42,667: [GC (Allocation Failure) [PSYoungGen: 161888K->96K(156672K)] 163712K->1920K(331776K), 0,0004899 secs] [Times: user=0,00 sys=0,00, real=0,00 secs] 
42,722: [GC (Allocation Failure) [PSYoungGen: 156256K->96K(151552K)] 158080K->1920K(326656K), 0,0005127 secs] [Times: user=0,00 sys=0,00, real=0,00 secs] 
42,775: [GC (Allocation Failure) [PSYoungGen: 151136K->96K(146432K)] 152960K->1920K(321536K), 0,0005416 secs] [Times: user=0,00 sys=0,00, real=0,00 secs] 
42,825: [GC (Allocation Failure) [PSYoungGen: 146016K->64K(141824K)] 147840K->1888K(316928K), 0,0006325 secs] [Times: user=0,00 sys=0,00, real=0,01 secs] 
42,875: [GC (Allocation Failure) [PSYoungGen: 141376K->96K(137216K)] 143200K->1920K(312320K), 0,0004932 secs] [Times: user=0,00 sys=0,00, real=0,00 secs] 
42,923: [GC (Allocation Failure) [PSYoungGen: 136800K->64K(132608K)] 138624K->1888K(307712K), 0,0004783 secs] [Times: user=0,01 sys=0,00, real=0,00 secs] 
42,969: [GC (Allocation Failure) [PSYoungGen: 132160K->96K(128512K)] 133984K->1920K(303616K), 0,0004723 secs] [Times: user=0,00 sys=0,00, real=0,00 secs] 
43,013: [GC (Allocation Failure) [PSYoungGen: 128096K->96K(124416K)] 129920K->1920K(299520K), 0,0005347 secs] [Times: user=0,00 sys=0,00, real=0,00 secs] 
43,057: [GC (Allocation Failure) [PSYoungGen: 123999K->96K(149504K)] 125824K->1920K(324608K), 0,0005029 secs] [Times: user=0,00 sys=0,00, real=0,00 secs] 
43,109: [GC (Allocation Failure) [PSYoungGen: 149088K->96K(144384K)] 150912K->1920K(319488K), 0,0004963 secs] [Times: user=0,00 sys=0,00, real=0,00 secs] 
43,159: [GC (Allocation Failure) [PSYoungGen: 143968K->64K(139776K)] 145792K->1888K(314880K), 0,0004962 secs] [Times: user=0,00 sys=0,00, real=0,00 secs] 
43,207: [GC (Allocation Failure) [PSYoungGen: 139328K->64K(167936K)] 141152K->1888K(343040K), 0,0007764 secs] [Times: user=0,00 sys=0,00, real=0,00 secs] 
43,266: [GC (Allocation Failure) [PSYoungGen: 167488K->96K(162304K)] 169312K->1920K(337408K), 0,0004583 secs] [Times: user=0,00 sys=0,00, real=0,00 secs] 
43,322: [GC (Allocation Failure) [PSYoungGen: 161888K->96K(156672K)] 163712K->1920K(331776K), 0,0005099 secs] [Times: user=0,00 sys=0,00, real=0,00 secs] 
43,388: [GC (Allocation Failure) [PSYoungGen: 156256K->64K(187904K)] 158080K->1888K(363008K), 0,0009725 secs] [Times: user=0,01 sys=0,00, real=0,00 secs] 
43,454: [GC (Allocation Failure) [PSYoungGen: 187456K->96K(181248K)] 189280K->1920K(356352K), 0,0021184 secs] [Times: user=0,00 sys=0,00, real=0,01 secs] 
43,519: [GC (Allocation Failure) [PSYoungGen: 180832K->96K(175104K)] 182656K->1920K(350208K), 0,0005141 secs] [Times: user=0,01 sys=0,00, real=0,00 secs] 
43,580: [GC (Allocation Failure) [PSYoungGen: 174688K->96K(168960K)] 176512K->1920K(344064K), 0,0005148 secs] [Times: user=0,00 sys=0,00, real=0,00 secs] 
43,638: [GC (Allocation Failure) [PSYoungGen: 168544K->96K(163328K)] 170368K->1920K(338432K), 0,0006906 secs] [Times: user=0,01 sys=0,00, real=0,00 secs] 
43,695: [GC (Allocation Failure) [PSYoungGen: 162912K->96K(157696K)] 164736K->1920K(332800K), 0,0005092 secs] [Times: user=0,00 sys=0,00, real=0,00 secs] 
43,749: [GC (Allocation Failure) [PSYoungGen: 157280K->96K(152576K)] 159104K->1920K(327680K), 0,0005034 secs] [Times: user=0,00 sys=0,00, real=0,00 secs] 
43,802: [GC (Allocation Failure) [PSYoungGen: 152160K->96K(147456K)] 153984K->1920K(322560K), 0,0005022 secs] [Times: user=0,00 sys=0,00, real=0,00 secs] 
43,853: [GC (Allocation Failure) [PSYoungGen: 147040K->64K(142848K)] 148864K->1888K(317952K), 0,0004904 secs] [Times: user=0,00 sys=0,00, real=0,00 secs] 
43,902: [GC (Allocation Failure) [PSYoungGen: 142399K->96K(138240K)] 144224K->1920K(313344K), 0,0005138 secs] [Times: user=0,00 sys=0,00, real=0,00 secs] 
43,950: [GC (Allocation Failure) [PSYoungGen: 137824K->96K(133632K)] 139648K->1920K(308736K), 0,0004783 secs] [Times: user=0,00 sys=0,00, real=0,00 secs] 
43,996: [GC (Allocation Failure) [PSYoungGen: 133216K->96K(129536K)] 135040K->1920K(304640K), 0,0005673 secs] [Times: user=0,00 sys=0,00, real=0,00 secs] 
44,041: [GC (Allocation Failure) [PSYoungGen: 129120K->96K(125440K)] 130944K->1920K(300544K), 0,0005020 secs] [Times: user=0,00 sys=0,00, real=0,00 secs] 
44,085: [GC (Allocation Failure) [PSYoungGen: 125024K->96K(121344K)] 126848K->1920K(296448K), 0,0004568 secs] [Times: user=0,00 sys=0,00, real=0,00 secs] 
44,128: [GC (Allocation Failure) [PSYoungGen: 120928K->96K(145920K)] 122752K->1920K(321024K), 0,0007778 secs] [Times: user=0,00 sys=0,00, real=0,00 secs] 
44,179: [GC (Allocation Failure) [PSYoungGen: 145504K->96K(175104K)] 147328K->1920K(350208K), 0,0005068 secs] [Times: user=0,00 sys=0,00, real=0,00 secs] 
44,240: [GC (Allocation Failure) [PSYoungGen: 174688K->96K(168960K)] 176512K->1920K(344064K), 0,0005233 secs] [Times: user=0,00 sys=0,00, real=0,00 secs] 
44,299: [GC (Allocation Failure) [PSYoungGen: 168544K->96K(163328K)] 170368K->1920K(338432K), 0,0005203 secs] [Times: user=0,00 sys=0,00, real=0,00 secs] 
44,355: [GC (Allocation Failure) [PSYoungGen: 162912K->96K(157696K)] 164736K->1920K(332800K), 0,0005221 secs] [Times: user=0,00 sys=0,00, real=0,01 secs] 
44,410: [GC (Allocation Failure) [PSYoungGen: 157280K->96K(152576K)] 159104K->1920K(327680K), 0,0005091 secs] [Times: user=0,00 sys=0,00, real=0,00 secs] 
44,463: [GC (Allocation Failure) [PSYoungGen: 152160K->96K(147456K)] 153984K->1920K(322560K), 0,0004937 secs] [Times: user=0,00 sys=0,00, real=0,00 secs] 
44,514: [GC (Allocation Failure) [PSYoungGen: 147040K->96K(142848K)] 148864K->1920K(317952K), 0,0005475 secs] [Times: user=0,00 sys=0,00, real=0,00 secs] 
44,563: [GC (Allocation Failure) [PSYoungGen: 142432K->96K(138240K)] 144256K->1920K(313344K), 0,0005349 secs] [Times: user=0,00 sys=0,00, real=0,00 secs] 
44,611: [GC (Allocation Failure) [PSYoungGen: 137824K->96K(133632K)] 139648K->1920K(308736K), 0,0005145 secs] [Times: user=0,00 sys=0,00, real=0,00 secs] 
44,657: [GC (Allocation Failure) [PSYoungGen: 133216K->64K(129536K)] 135040K->1888K(304640K), 0,0004971 secs] [Times: user=0,00 sys=0,00, real=0,00 secs] 
44,702: [GC (Allocation Failure) [PSYoungGen: 129088K->96K(125440K)] 130912K->1920K(300544K), 0,0005089 secs] [Times: user=0,00 sys=0,00, real=0,00 secs] 
44,746: [GC (Allocation Failure) [PSYoungGen: 125024K->96K(121344K)] 126848K->1920K(296448K), 0,0005211 secs] [Times: user=0,00 sys=0,00, real=0,00 secs] 
44,788: [GC (Allocation Failure) [PSYoungGen: 120928K->64K(145920K)] 122752K->1888K(321024K), 0,0009628 secs] [Times: user=0,01 sys=0,00, real=0,00 secs] 
44,839: [GC (Allocation Failure) [PSYoungGen: 145471K->96K(175104K)] 147296K->1920K(350208K), 0,0004837 secs] [Times: user=0,00 sys=0,00, real=0,00 secs] 
44,900: [GC (Allocation Failure) [PSYoungGen: 174688K->96K(210432K)] 176512K->1920K(385536K), 0,0005289 secs] [Times: user=0,00 sys=0,00, real=0,00 secs] 
44,973: [GC (Allocation Failure) [PSYoungGen: 210016K->96K(202752K)] 211840K->1920K(377856K), 0,0005157 secs] [Times: user=0,00 sys=0,00, real=0,00 secs] 
45,043: [GC (Allocation Failure) [PSYoungGen: 202336K->96K(195584K)] 204160K->1920K(370688K), 0,0004987 secs] [Times: user=0,00 sys=0,00, real=0,00 secs] 
45,111: [GC (Allocation Failure) [PSYoungGen: 195167K->96K(188416K)] 196992K->1920K(363520K), 0,0005241 secs] [Times: user=0,00 sys=0,00, real=0,00 secs] 
45,176: [GC (Allocation Failure) [PSYoungGen: 187999K->96K(181760K)] 189824K->1920K(356864K), 0,0005277 secs] [Times: user=0,00 sys=0,00, real=0,00 secs] 
45,239: [GC (Allocation Failure) [PSYoungGen: 181344K->64K(175616K)] 183168K->1888K(350720K), 0,0004957 secs] [Times: user=0,00 sys=0,00, real=0,00 secs] 
45,300: [GC (Allocation Failure) [PSYoungGen: 175168K->96K(169472K)] 176992K->1920K(344576K), 0,0005561 secs] [Times: user=0,00 sys=0,00, real=0,00 secs] 
45,359: [GC (Allocation Failure) [PSYoungGen: 169056K->96K(163840K)] 170880K->1920K(338944K), 0,0005097 secs] [Times: user=0,00 sys=0,00, real=0,00 secs] 
45,416: [GC (Allocation Failure) [PSYoungGen: 163424K->96K(158208K)] 165248K->1920K(333312K), 0,0005172 secs] [Times: user=0,00 sys=0,00, real=0,00 secs] 
45,470: [GC (Allocation Failure) [PSYoungGen: 157792K->96K(153088K)] 159616K->1920K(328192K), 0,0004758 secs] [Times: user=0,00 sys=0,00, real=0,00 secs] 
45,523: [GC (Allocation Failure) [PSYoungGen: 152672K->96K(147968K)] 154496K->1920K(323072K), 0,0004814 secs] [Times: user=0,01 sys=0,00, real=0,00 secs] 
45,575: [GC (Allocation Failure) [PSYoungGen: 147552K->96K(143360K)] 149376K->1920K(318464K), 0,0005134 secs] [Times: user=0,00 sys=0,00, real=0,00 secs] 
45,624: [GC (Allocation Failure) [PSYoungGen: 142944K->32K(138752K)] 144768K->1856K(313856K), 0,0007068 secs] [Times: user=0,00 sys=0,00, real=0,00 secs] 
45,672: [GC (Allocation Failure) [PSYoungGen: 138272K->96K(134144K)] 140096K->1920K(309248K), 0,0005187 secs] [Times: user=0,01 sys=0,00, real=0,00 secs] 
45,718: [GC (Allocation Failure) [PSYoungGen: 133728K->64K(130048K)] 135552K->1888K(305152K), 0,0005725 secs] [Times: user=0,00 sys=0,00, real=0,00 secs] 
45,764: [GC (Allocation Failure) [PSYoungGen: 129600K->96K(125952K)] 131424K->1920K(301056K), 0,0004939 secs] [Times: user=0,00 sys=0,00, real=0,00 secs] 
45,807: [GC (Allocation Failure) [PSYoungGen: 125536K->96K(151040K)] 127360K->1920K(326144K), 0,0005314 secs] [Times: user=0,00 sys=0,00, real=0,00 secs] 
45,860: [GC (Allocation Failure) [PSYoungGen: 150624K->96K(145920K)] 152448K->1920K(321024K), 0,0004876 secs] [Times: user=0,00 sys=0,00, real=0,00 secs] 
45,910: [GC (Allocation Failure) [PSYoungGen: 145504K->96K(141312K)] 147328K->1920K(316416K), 0,0005241 secs] [Times: user=0,01 sys=0,00, real=0,00 secs] 
45,959: [GC (Allocation Failure) [PSYoungGen: 140896K->96K(136704K)] 142720K->1920K(311808K), 0,0005099 secs] [Times: user=0,01 sys=0,00, real=0,00 secs] 
46,007: [GC (Allocation Failure) [PSYoungGen: 136288K->96K(132608K)] 138112K->1920K(307712K), 0,0005095 secs] [Times: user=0,00 sys=0,00, real=0,00 secs] 
46,053: [GC (Allocation Failure) [PSYoungGen: 132192K->64K(128512K)] 134016K->1888K(303616K), 0,0005300 secs] [Times: user=0,00 sys=0,00, real=0,00 secs] 
46,097: [GC (Allocation Failure) [PSYoungGen: 128064K->96K(124416K)] 129888K->1920K(299520K), 0,0005027 secs] [Times: user=0,00 sys=0,00, real=0,00 secs] 
46,140: [GC (Allocation Failure) [PSYoungGen: 124000K->96K(149504K)] 125824K->1920K(324608K), 0,0004921 secs] [Times: user=0,00 sys=0,00, real=0,00 secs] 
46,192: [GC (Allocation Failure) [PSYoungGen: 149088K->96K(144384K)] 150912K->1920K(319488K), 0,0004990 secs] [Times: user=0,00 sys=0,01, real=0,00 secs] 
46,242: [GC (Allocation Failure) [PSYoungGen: 143968K->96K(139776K)] 145792K->1920K(314880K), 0,0005026 secs] [Times: user=0,00 sys=0,00, real=0,00 secs] 
46,291: [GC (Allocation Failure) [PSYoungGen: 139360K->96K(135168K)] 141184K->1920K(310272K), 0,0005062 secs] [Times: user=0,00 sys=0,00, real=0,00 secs] 
46,338: [GC (Allocation Failure) [PSYoungGen: 134751K->64K(131072K)] 136576K->1888K(306176K), 0,0005387 secs] [Times: user=0,00 sys=0,00, real=0,00 secs] 
46,383: [GC (Allocation Failure) [PSYoungGen: 130624K->96K(126976K)] 132448K->1920K(302080K), 0,0005023 secs] [Times: user=0,00 sys=0,00, real=0,00 secs] 
46,427: [GC (Allocation Failure) [PSYoungGen: 126560K->96K(122880K)] 128384K->1920K(297984K), 0,0004936 secs] [Times: user=0,00 sys=0,00, real=0,00 secs] 
46,470: [GC (Allocation Failure) [PSYoungGen: 122464K->96K(147456K)] 124288K->1920K(322560K), 0,0005013 secs] [Times: user=0,00 sys=0,00, real=0,00 secs] 
46,521: [GC (Allocation Failure) [PSYoungGen: 147040K->64K(142848K)] 148864K->1888K(317952K), 0,0005020 secs] [Times: user=0,00 sys=0,00, real=0,00 secs] 
46,570: [GC (Allocation Failure) [PSYoungGen: 142399K->96K(138240K)] 144224K->1920K(313344K), 0,0004754 secs] [Times: user=0,00 sys=0,00, real=0,00 secs] 
46,618: [GC (Allocation Failure) [PSYoungGen: 137824K->96K(133632K)] 139648K->1920K(308736K), 0,0005110 secs] [Times: user=0,00 sys=0,00, real=0,00 secs] 
46,664: [GC (Allocation Failure) [PSYoungGen: 133216K->96K(129536K)] 135040K->1920K(304640K), 0,0004963 secs] [Times: user=0,00 sys=0,00, real=0,00 secs] 
46,710: [GC (Allocation Failure) [PSYoungGen: 129120K->64K(125440K)] 130944K->1888K(300544K), 0,0005340 secs] [Times: user=0,00 sys=0,00, real=0,00 secs] 
46,753: [GC (Allocation Failure) [PSYoungGen: 124992K->96K(121344K)] 126816K->1920K(296448K), 0,0004899 secs] [Times: user=0,00 sys=0,00, real=0,00 secs] 
46,795: [GC (Allocation Failure) [PSYoungGen: 120928K->96K(145920K)] 122752K->1920K(321024K), 0,0005561 secs] [Times: user=0,00 sys=0,00, real=0,01 secs] 
46,846: [GC (Allocation Failure) [PSYoungGen: 145504K->96K(175104K)] 147328K->1920K(350208K), 0,0005188 secs] [Times: user=0,00 sys=0,00, real=0,00 secs] 
46,906: [GC (Allocation Failure) [PSYoungGen: 174687K->64K(168960K)] 176512K->1888K(344064K), 0,0005193 secs] [Times: user=0,00 sys=0,00, real=0,00 secs] 
46,965: [GC (Allocation Failure) [PSYoungGen: 168512K->96K(163328K)] 170336K->1920K(338432K), 0,0004961 secs] [Times: user=0,00 sys=0,00, real=0,00 secs] 
47,021: [GC (Allocation Failure) [PSYoungGen: 162912K->64K(157696K)] 164736K->1888K(332800K), 0,0005020 secs] [Times: user=0,00 sys=0,00, real=0,00 secs] 
47,076: [GC (Allocation Failure) [PSYoungGen: 157248K->96K(152576K)] 159072K->1920K(327680K), 0,0005858 secs] [Times: user=0,00 sys=0,00, real=0,00 secs] 
47,128: [GC (Allocation Failure) [PSYoungGen: 152160K->96K(147456K)] 153984K->1920K(322560K), 0,0005685 secs] [Times: user=0,00 sys=0,00, real=0,00 secs] 
47,179: [GC (Allocation Failure) [PSYoungGen: 147040K->96K(142848K)] 148864K->1920K(317952K), 0,0005963 secs] [Times: user=0,01 sys=0,00, real=0,00 secs] 
47,229: [GC (Allocation Failure) [PSYoungGen: 142432K->96K(138240K)] 144256K->1920K(313344K), 0,0005054 secs] [Times: user=0,00 sys=0,00, real=0,00 secs] 
47,277: [GC (Allocation Failure) [PSYoungGen: 137824K->96K(133632K)] 139648K->1920K(308736K), 0,0004751 secs] [Times: user=0,00 sys=0,00, real=0,00 secs] 
47,323: [GC (Allocation Failure) [PSYoungGen: 133216K->64K(160256K)] 135040K->1888K(335360K), 0,0006681 secs] [Times: user=0,00 sys=0,00, real=0,00 secs] 
47,379: [GC (Allocation Failure) [PSYoungGen: 159808K->96K(154624K)] 161632K->1920K(329728K), 0,0004914 secs] [Times: user=0,00 sys=0,00, real=0,00 secs] 
47,433: [GC (Allocation Failure) [PSYoungGen: 154208K->64K(149504K)] 156032K->1888K(324608K), 0,0005082 secs] [Times: user=0,00 sys=0,00, real=0,00 secs] 
47,484: [GC (Allocation Failure) [PSYoungGen: 149056K->64K(144384K)] 150880K->1888K(319488K), 0,0004574 secs] [Times: user=0,00 sys=0,00, real=0,00 secs] 
47,534: [GC (Allocation Failure) [PSYoungGen: 143936K->64K(139776K)] 145760K->1888K(314880K), 0,0005512 secs] [Times: user=0,00 sys=0,00, real=0,00 secs] 
47,583: [GC (Allocation Failure) [PSYoungGen: 139328K->96K(135168K)] 141152K->1920K(310272K), 0,0004976 secs] [Times: user=0,00 sys=0,00, real=0,00 secs] 
47,630: [GC (Allocation Failure) [PSYoungGen: 134752K->96K(131072K)] 136576K->1920K(306176K), 0,0005011 secs] [Times: user=0,00 sys=0,00, real=0,00 secs] 
47,675: [GC (Allocation Failure) [PSYoungGen: 130656K->96K(126976K)] 132480K->1920K(302080K), 0,0005761 secs] [Times: user=0,00 sys=0,00, real=0,00 secs] 
47,720: [GC (Allocation Failure) [PSYoungGen: 126560K->64K(152576K)] 128384K->1888K(327680K), 0,0007800 secs] [Times: user=0,00 sys=0,00, real=0,00 secs] 
47,773: [GC (Allocation Failure) [PSYoungGen: 152128K->32K(183296K)] 153952K->1856K(358400K), 0,0005852 secs] [Times: user=0,00 sys=0,00, real=0,00 secs] 
47,837: [GC (Allocation Failure) [PSYoungGen: 182816K->64K(220160K)] 184640K->1888K(395264K), 0,0005226 secs] [Times: user=0,00 sys=0,00, real=0,00 secs] 
47,913: [GC (Allocation Failure) [PSYoungGen: 219712K->96K(211968K)] 221536K->1920K(387072K), 0,0005616 secs] [Times: user=0,01 sys=0,00, real=0,00 secs] 
47,986: [GC (Allocation Failure) [PSYoungGen: 211552K->64K(204288K)] 213376K->1888K(379392K), 0,0005267 secs] [Times: user=0,00 sys=0,00, real=0,00 secs] 
48,056: [GC (Allocation Failure) [PSYoungGen: 203840K->64K(196608K)] 205664K->1888K(371712K), 0,0004947 secs] [Times: user=0,00 sys=0,00, real=0,00 secs] 
48,124: [GC (Allocation Failure) [PSYoungGen: 196160K->96K(189440K)] 197984K->1920K(364544K), 0,0004961 secs] [Times: user=0,00 sys=0,00, real=0,00 secs] 
48,190: [GC (Allocation Failure) [PSYoungGen: 189024K->96K(182784K)] 190848K->1920K(357888K), 0,0005296 secs] [Times: user=0,00 sys=0,00, real=0,00 secs] 
48,253: [GC (Allocation Failure) [PSYoungGen: 182368K->64K(176128K)] 184192K->1888K(351232K), 0,0005308 secs] [Times: user=0,00 sys=0,00, real=0,00 secs] 
48,314: [GC (Allocation Failure) [PSYoungGen: 175680K->96K(169984K)] 177504K->1920K(345088K), 0,0005321 secs] [Times: user=0,00 sys=0,00, real=0,00 secs] 
48,373: [GC (Allocation Failure) [PSYoungGen: 169568K->96K(164352K)] 171392K->1920K(339456K), 0,0005350 secs] [Times: user=0,00 sys=0,00, real=0,00 secs] 
48,430: [GC (Allocation Failure) [PSYoungGen: 163936K->96K(158720K)] 165760K->1920K(333824K), 0,0004982 secs] [Times: user=0,01 sys=0,00, real=0,00 secs] 
48,485: [GC (Allocation Failure) [PSYoungGen: 158304K->96K(153600K)] 160128K->1920K(328704K), 0,0005692 secs] [Times: user=0,00 sys=0,00, real=0,01 secs] 
48,538: [GC (Allocation Failure) [PSYoungGen: 153184K->96K(148480K)] 155008K->1920K(323584K), 0,0004970 secs] [Times: user=0,00 sys=0,00, real=0,00 secs] 
48,590: [GC (Allocation Failure) [PSYoungGen: 148064K->64K(143360K)] 149888K->1888K(318464K), 0,0004896 secs] [Times: user=0,00 sys=0,00, real=0,00 secs] 
48,640: [GC (Allocation Failure) [PSYoungGen: 142912K->96K(138752K)] 144736K->1920K(313856K), 0,0005018 secs] [Times: user=0,00 sys=0,00, real=0,00 secs] 
48,687: [GC (Allocation Failure) [PSYoungGen: 138336K->96K(134144K)] 140160K->1920K(309248K), 0,0005047 secs] [Times: user=0,00 sys=0,00, real=0,00 secs] 
48,734: [GC (Allocation Failure) [PSYoungGen: 133728K->96K(130048K)] 135552K->1920K(305152K), 0,0005285 secs] [Times: user=0,00 sys=0,00, real=0,00 secs] 
48,779: [GC (Allocation Failure) [PSYoungGen: 129632K->64K(125952K)] 131456K->1888K(301056K), 0,0004797 secs] [Times: user=0,00 sys=0,00, real=0,00 secs] 
48,823: [GC (Allocation Failure) [PSYoungGen: 125504K->64K(121856K)] 127328K->1888K(296960K), 0,0005530 secs] [Times: user=0,00 sys=0,00, real=0,00 secs] 
48,865: [GC (Allocation Failure) [PSYoungGen: 121408K->96K(118272K)] 123232K->1920K(293376K), 0,0004962 secs] [Times: user=0,00 sys=0,00, real=0,01 secs] 
48,906: [GC (Allocation Failure) [PSYoungGen: 117856K->96K(141824K)] 119680K->1920K(316928K), 0,0005148 secs] [Times: user=0,01 sys=0,00, real=0,00 secs] 
48,955: [GC (Allocation Failure) [PSYoungGen: 141408K->96K(170496K)] 143232K->1920K(345600K), 0,0005090 secs] [Times: user=0,01 sys=0,00, real=0,00 secs] 
49,014: [GC (Allocation Failure) [PSYoungGen: 170080K->96K(164864K)] 171904K->1920K(339968K), 0,0005142 secs] [Times: user=0,00 sys=0,00, real=0,00 secs] 
49,071: [GC (Allocation Failure) [PSYoungGen: 164448K->96K(159232K)] 166272K->1920K(334336K), 0,0005024 secs] [Times: user=0,00 sys=0,00, real=0,00 secs] 
49,126: [GC (Allocation Failure) [PSYoungGen: 158816K->96K(154112K)] 160640K->1920K(329216K), 0,0004990 secs] [Times: user=0,00 sys=0,00, real=0,00 secs] 
49,180: [GC (Allocation Failure) [PSYoungGen: 153696K->96K(148992K)] 155520K->1920K(324096K), 0,0005134 secs] [Times: user=0,00 sys=0,00, real=0,00 secs] 
49,232: [GC (Allocation Failure) [PSYoungGen: 148576K->64K(143872K)] 150400K->1888K(318976K), 0,0004956 secs] [Times: user=0,00 sys=0,00, real=0,00 secs] 
49,281: [GC (Allocation Failure) [PSYoungGen: 143424K->96K(139264K)] 145248K->1920K(314368K), 0,0005269 secs] [Times: user=0,00 sys=0,00, real=0,00 secs] 
49,330: [GC (Allocation Failure) [PSYoungGen: 138848K->96K(134656K)] 140672K->1920K(309760K), 0,0005275 secs] [Times: user=0,00 sys=0,00, real=0,00 secs] 
49,376: [GC (Allocation Failure) [PSYoungGen: 134240K->96K(130560K)] 136064K->1920K(305664K), 0,0004925 secs] [Times: user=0,00 sys=0,00, real=0,00 secs] 
49,421: [GC (Allocation Failure) [PSYoungGen: 130144K->64K(126464K)] 131968K->1888K(301568K), 0,0005340 secs] [Times: user=0,01 sys=0,00, real=0,00 secs] 
49,465: [GC (Allocation Failure) [PSYoungGen: 126016K->96K(122368K)] 127840K->1920K(297472K), 0,0005015 secs] [Times: user=0,00 sys=0,00, real=0,01 secs] 
49,508: [GC (Allocation Failure) [PSYoungGen: 121952K->64K(146944K)] 123776K->1888K(322048K), 0,0005668 secs] [Times: user=0,00 sys=0,00, real=0,00 secs] 
49,559: [GC (Allocation Failure) [PSYoungGen: 146496K->96K(176640K)] 148320K->1920K(351744K), 0,0005599 secs] [Times: user=0,00 sys=0,00, real=0,00 secs] 
49,620: [GC (Allocation Failure) [PSYoungGen: 176223K->96K(170496K)] 178048K->1920K(345600K), 0,0005139 secs] [Times: user=0,01 sys=0,00, real=0,00 secs] 
49,679: [GC (Allocation Failure) [PSYoungGen: 170080K->96K(164864K)] 171904K->1920K(339968K), 0,0005094 secs] [Times: user=0,00 sys=0,00, real=0,00 secs] 
49,736: [GC (Allocation Failure) [PSYoungGen: 164448K->32K(159232K)] 166272K->1856K(334336K), 0,0005157 secs] [Times: user=0,00 sys=0,00, real=0,00 secs] 
49,791: [GC (Allocation Failure) [PSYoungGen: 158752K->96K(154112K)] 160576K->1920K(329216K), 0,0006007 secs] [Times: user=0,00 sys=0,00, real=0,00 secs] 
49,845: [GC (Allocation Failure) [PSYoungGen: 153696K->96K(148992K)] 155520K->1920K(324096K), 0,0005111 secs] [Times: user=0,00 sys=0,00, real=0,01 secs] 
49,896: [GC (Allocation Failure) [PSYoungGen: 148576K->64K(143872K)] 150400K->1888K(318976K), 0,0005428 secs] [Times: user=0,00 sys=0,00, real=0,00 secs] 
49,946: [GC (Allocation Failure) [PSYoungGen: 143424K->64K(139264K)] 145248K->1888K(314368K), 0,0004882 secs] [Times: user=0,00 sys=0,00, real=0,00 secs] 
49,994: [GC (Allocation Failure) [PSYoungGen: 138816K->96K(134656K)] 140640K->1920K(309760K), 0,0004809 secs] [Times: user=0,00 sys=0,00, real=0,00 secs] 
50,041: [GC (Allocation Failure) [PSYoungGen: 134240K->64K(130560K)] 136064K->1888K(305664K), 0,0005063 secs] [Times: user=0,00 sys=0,00, real=0,00 secs] 
50,086: [GC (Allocation Failure) [PSYoungGen: 130112K->96K(126464K)] 131936K->1920K(301568K), 0,0004703 secs] [Times: user=0,00 sys=0,00, real=0,00 secs] 
50,130: [GC (Allocation Failure) [PSYoungGen: 126048K->96K(122368K)] 127872K->1920K(297472K), 0,0005182 secs] [Times: user=0,00 sys=0,00, real=0,00 secs] 
50,172: [GC (Allocation Failure) [PSYoungGen: 121952K->96K(118784K)] 123776K->1920K(293888K), 0,0004789 secs] [Times: user=0,00 sys=0,00, real=0,00 secs] 
50,214: [GC (Allocation Failure) [PSYoungGen: 118368K->96K(142848K)] 120192K->1920K(317952K), 0,0005080 secs] [Times: user=0,00 sys=0,00, real=0,00 secs] 
50,264: [GC (Allocation Failure) [PSYoungGen: 142432K->96K(171520K)] 144256K->1920K(346624K), 0,0005764 secs] [Times: user=0,00 sys=0,00, real=0,00 secs] 
50,323: [GC (Allocation Failure) [PSYoungGen: 171104K->64K(205824K)] 172928K->1904K(380928K), 0,0006109 secs] [Times: user=0,00 sys=0,00, real=0,00 secs] 
50,395: [GC (Allocation Failure) [PSYoungGen: 205376K->96K(198144K)] 207216K->1936K(373248K), 0,0005027 secs] [Times: user=0,01 sys=0,00, real=0,00 secs] 
50,463: [GC (Allocation Failure) [PSYoungGen: 197728K->96K(190976K)] 199568K->1936K(366080K), 0,0005260 secs] [Times: user=0,00 sys=0,00, real=0,00 secs] 
50,529: [GC (Allocation Failure) [PSYoungGen: 190560K->96K(184320K)] 192400K->1936K(359424K), 0,0005145 secs] [Times: user=0,00 sys=0,00, real=0,00 secs] 
50,593: [GC (Allocation Failure) [PSYoungGen: 183904K->96K(177664K)] 185744K->1936K(352768K), 0,0005038 secs] [Times: user=0,01 sys=0,00, real=0,00 secs] 
50,654: [GC (Allocation Failure) [PSYoungGen: 177248K->96K(171520K)] 179088K->1936K(346624K), 0,0004839 secs] [Times: user=0,00 sys=0,00, real=0,00 secs] 
50,713: [GC (Allocation Failure) [PSYoungGen: 171104K->96K(165376K)] 172944K->1936K(340480K), 0,0005191 secs] [Times: user=0,00 sys=0,00, real=0,00 secs] 
50,771: [GC (Allocation Failure) [PSYoungGen: 164960K->96K(159744K)] 166800K->1944K(334848K), 0,0005948 secs] [Times: user=0,00 sys=0,00, real=0,00 secs] 
50,826: [GC (Allocation Failure) [PSYoungGen: 159328K->96K(154112K)] 161176K->1944K(329216K), 0,0005146 secs] [Times: user=0,00 sys=0,00, real=0,00 secs] 
50,879: [GC (Allocation Failure) [PSYoungGen: 153696K->96K(148992K)] 155544K->1944K(324096K), 0,0004856 secs] [Times: user=0,00 sys=0,00, real=0,00 secs] 
50,931: [GC (Allocation Failure) [PSYoungGen: 148576K->96K(143872K)] 150424K->1944K(318976K), 0,0005106 secs] [Times: user=0,01 sys=0,00, real=0,00 secs] 
50,981: [GC (Allocation Failure) [PSYoungGen: 143456K->96K(139264K)] 145304K->1944K(314368K), 0,0005215 secs] [Times: user=0,00 sys=0,00, real=0,00 secs] 
51,029: [GC (Allocation Failure) [PSYoungGen: 138848K->96K(134656K)] 140696K->1944K(309760K), 0,0005019 secs] [Times: user=0,00 sys=0,00, real=0,00 secs] 
51,076: [GC (Allocation Failure) [PSYoungGen: 134239K->96K(130560K)] 136088K->1944K(305664K), 0,0004712 secs] [Times: user=0,00 sys=0,00, real=0,00 secs] 
51,121: [GC (Allocation Failure) [PSYoungGen: 130144K->96K(126464K)] 131992K->1944K(301568K), 0,0005158 secs] [Times: user=0,00 sys=0,00, real=0,00 secs] 
51,165: [GC (Allocation Failure) [PSYoungGen: 126048K->64K(122368K)] 127896K->1912K(297472K), 0,0004965 secs] [Times: user=0,00 sys=0,00, real=0,01 secs] 
51,208: [GC (Allocation Failure) [PSYoungGen: 121920K->96K(118784K)] 123768K->1944K(293888K), 0,0005028 secs] [Times: user=0,01 sys=0,00, real=0,00 secs] 
51,249: [GC (Allocation Failure) [PSYoungGen: 118368K->64K(142848K)] 120216K->1912K(317952K), 0,0004783 secs] [Times: user=0,00 sys=0,00, real=0,00 secs] 
51,299: [GC (Allocation Failure) [PSYoungGen: 142400K->96K(138240K)] 144248K->1944K(313344K), 0,0004904 secs] [Times: user=0,00 sys=0,00, real=0,00 secs] 
51,347: [GC (Allocation Failure) [PSYoungGen: 137824K->96K(133632K)] 139672K->1944K(308736K), 0,0005356 secs] [Times: user=0,01 sys=0,00, real=0,00 secs] 
51,393: [GC (Allocation Failure) [PSYoungGen: 133216K->96K(129536K)] 135064K->1944K(304640K), 0,0004985 secs] [Times: user=0,00 sys=0,00, real=0,00 secs] 
51,438: [GC (Allocation Failure) [PSYoungGen: 129120K->96K(155648K)] 130968K->1944K(330752K), 0,0005626 secs] [Times: user=0,00 sys=0,01, real=0,00 secs] 
51,492: [GC (Allocation Failure) [PSYoungGen: 155232K->96K(150528K)] 157080K->1944K(325632K), 0,0005030 secs] [Times: user=0,00 sys=0,00, real=0,00 secs] 
51,544: [GC (Allocation Failure) [PSYoungGen: 150112K->96K(145408K)] 151960K->1944K(320512K), 0,0004952 secs] [Times: user=0,00 sys=0,00, real=0,00 secs] 
51,594: [GC (Allocation Failure) [PSYoungGen: 144992K->32K(174592K)] 146840K->1880K(349696K), 0,0006293 secs] [Times: user=0,01 sys=0,00, real=0,00 secs] 
51,655: [GC (Allocation Failure) [PSYoungGen: 174112K->96K(168448K)] 175960K->1944K(343552K), 0,0005042 secs] [Times: user=0,00 sys=0,00, real=0,01 secs] 
51,713: [GC (Allocation Failure) [PSYoungGen: 168032K->96K(162816K)] 169880K->1944K(337920K), 0,0005205 secs] [Times: user=0,01 sys=0,00, real=0,00 secs] 
51,770: [GC (Allocation Failure) [PSYoungGen: 162400K->96K(157184K)] 164248K->1944K(332288K), 0,0004980 secs] [Times: user=0,00 sys=0,00, real=0,00 secs] 
51,824: [GC (Allocation Failure) [PSYoungGen: 156768K->96K(152064K)] 158616K->1944K(327168K), 0,0005178 secs] [Times: user=0,00 sys=0,00, real=0,00 secs] 
51,877: [GC (Allocation Failure) [PSYoungGen: 151648K->96K(146944K)] 153496K->1944K(322048K), 0,0005053 secs] [Times: user=0,00 sys=0,00, real=0,00 secs] 
51,928: [GC (Allocation Failure) [PSYoungGen: 146528K->96K(142336K)] 148376K->1944K(317440K), 0,0005002 secs] [Times: user=0,00 sys=0,00, real=0,00 secs] 
51,978: [GC (Allocation Failure) [PSYoungGen: 141920K->64K(137728K)] 143768K->1912K(312832K), 0,0005002 secs] [Times: user=0,00 sys=0,00, real=0,00 secs] 
52,025: [GC (Allocation Failure) [PSYoungGen: 137280K->96K(133120K)] 139128K->1944K(308224K), 0,0004896 secs] [Times: user=0,00 sys=0,00, real=0,01 secs] 
52,072: [GC (Allocation Failure) [PSYoungGen: 132704K->96K(129024K)] 134552K->1944K(304128K), 0,0004925 secs] [Times: user=0,00 sys=0,00, real=0,00 secs] 
52,116: [GC (Allocation Failure) [PSYoungGen: 128608K->96K(124928K)] 130456K->1944K(300032K), 0,0004833 secs] [Times: user=0,00 sys=0,00, real=0,00 secs] 
52,160: [GC (Allocation Failure) [PSYoungGen: 124512K->96K(121344K)] 126360K->1944K(296448K), 0,0004980 secs] [Times: user=0,01 sys=0,00, real=0,00 secs] 
52,202: [GC (Allocation Failure) [PSYoungGen: 120928K->96K(117760K)] 122776K->1944K(292864K), 0,0004830 secs] [Times: user=0,00 sys=0,00, real=0,00 secs] 
52,243: [GC (Allocation Failure) [PSYoungGen: 117344K->96K(141312K)] 119192K->1944K(316416K), 0,0004866 secs] [Times: user=0,00 sys=0,00, real=0,00 secs] 
52,292: [GC (Allocation Failure) [PSYoungGen: 140896K->96K(169472K)] 142744K->1944K(344576K), 0,0006050 secs] [Times: user=0,00 sys=0,00, real=0,00 secs] 
52,351: [GC (Allocation Failure) [PSYoungGen: 169056K->96K(163840K)] 170904K->1944K(338944K), 0,0005214 secs] [Times: user=0,00 sys=0,00, real=0,00 secs] 
52,408: [GC (Allocation Failure) [PSYoungGen: 163424K->96K(158208K)] 165272K->1944K(333312K), 0,0004850 secs] [Times: user=0,01 sys=0,00, real=0,00 secs] 
52,463: [GC (Allocation Failure) [PSYoungGen: 157792K->64K(153088K)] 159640K->1912K(328192K), 0,0004878 secs] [Times: user=0,00 sys=0,00, real=0,00 secs] 
52,516: [GC (Allocation Failure) [PSYoungGen: 152640K->96K(147968K)] 154488K->1944K(323072K), 0,0004844 secs] [Times: user=0,00 sys=0,00, real=0,00 secs] 
52,567: [GC (Allocation Failure) [PSYoungGen: 147552K->96K(143360K)] 149400K->1944K(318464K), 0,0004773 secs] [Times: user=0,00 sys=0,00, real=0,00 secs] 
52,617: [GC (Allocation Failure) [PSYoungGen: 142944K->96K(138752K)] 144792K->1944K(313856K), 0,0005002 secs] [Times: user=0,00 sys=0,00, real=0,00 secs] 
52,665: [GC (Allocation Failure) [PSYoungGen: 138336K->64K(134144K)] 140184K->1912K(309248K), 0,0005100 secs] [Times: user=0,00 sys=0,00, real=0,00 secs] 
52,711: [GC (Allocation Failure) [PSYoungGen: 133696K->64K(161280K)] 135544K->1912K(336384K), 0,0007022 secs] [Times: user=0,00 sys=0,00, real=0,00 secs] 
52,767: [GC (Allocation Failure) [PSYoungGen: 160832K->64K(155648K)] 162680K->1912K(330752K), 0,0005424 secs] [Times: user=0,00 sys=0,00, real=0,00 secs] 
52,821: [GC (Allocation Failure) [PSYoungGen: 155200K->96K(150528K)] 157048K->1944K(325632K), 0,0005071 secs] [Times: user=0,00 sys=0,00, real=0,00 secs] 
52,874: [GC (Allocation Failure) [PSYoungGen: 150112K->96K(145408K)] 151960K->1944K(320512K), 0,0004948 secs] [Times: user=0,01 sys=0,00, real=0,00 secs] 
52,924: [GC (Allocation Failure) [PSYoungGen: 144992K->96K(140800K)] 146840K->1944K(315904K), 0,0004869 secs] [Times: user=0,00 sys=0,00, real=0,00 secs] 
52,973: [GC (Allocation Failure) [PSYoungGen: 140384K->64K(136192K)] 142232K->1912K(311296K), 0,0004894 secs] [Times: user=0,01 sys=0,00, real=0,00 secs] 
53,020: [GC (Allocation Failure) [PSYoungGen: 135744K->96K(132096K)] 137592K->1944K(307200K), 0,0004973 secs] [Times: user=0,00 sys=0,00, real=0,00 secs] 
53,066: [GC (Allocation Failure) [PSYoungGen: 131680K->96K(128000K)] 133528K->1944K(303104K), 0,0005222 secs] [Times: user=0,00 sys=0,00, real=0,00 secs] 
53,110: [GC (Allocation Failure) [PSYoungGen: 127584K->96K(123904K)] 129432K->1944K(299008K), 0,0005045 secs] [Times: user=0,00 sys=0,00, real=0,00 secs] 
53,153: [GC (Allocation Failure) [PSYoungGen: 123488K->96K(148992K)] 125336K->1944K(324096K), 0,0004969 secs] [Times: user=0,00 sys=0,00, real=0,00 secs] 
53,205: [GC (Allocation Failure) [PSYoungGen: 148576K->96K(143872K)] 150424K->1944K(318976K), 0,0005304 secs] [Times: user=0,00 sys=0,00, real=0,01 secs] 
53,255: [GC (Allocation Failure) [PSYoungGen: 143456K->96K(139264K)] 145304K->1944K(314368K), 0,0005079 secs] [Times: user=0,00 sys=0,00, real=0,01 secs] 
53,303: [GC (Allocation Failure) [PSYoungGen: 138848K->64K(167424K)] 140696K->1912K(342528K), 0,0006535 secs] [Times: user=0,00 sys=0,00, real=0,00 secs] 
53,362: [GC (Allocation Failure) [PSYoungGen: 166975K->96K(201216K)] 168824K->1944K(376320K), 0,0005845 secs] [Times: user=0,00 sys=0,00, real=0,00 secs] 
53,431: [GC (Allocation Failure) [PSYoungGen: 200800K->96K(194048K)] 202648K->1944K(369152K), 0,0004846 secs] [Times: user=0,00 sys=0,00, real=0,00 secs] 
53,498: [GC (Allocation Failure) [PSYoungGen: 193632K->64K(186880K)] 195480K->1912K(361984K), 0,0005730 secs] [Times: user=0,00 sys=0,00, real=0,00 secs] 
53,563: [GC (Allocation Failure) [PSYoungGen: 186432K->96K(180224K)] 188280K->1944K(355328K), 0,0005126 secs] [Times: user=0,00 sys=0,00, real=0,00 secs] 
53,625: [GC (Allocation Failure) [PSYoungGen: 179808K->64K(174080K)] 181656K->1912K(349184K), 0,0005455 secs] [Times: user=0,00 sys=0,00, real=0,00 secs] 
53,685: [GC (Allocation Failure) [PSYoungGen: 173632K->64K(167936K)] 175480K->1912K(343040K), 0,0006141 secs] [Times: user=0,00 sys=0,00, real=0,01 secs] 
53,743: [GC (Allocation Failure) [PSYoungGen: 167488K->64K(162304K)] 169336K->1912K(337408K), 0,0006053 secs] [Times: user=0,00 sys=0,00, real=0,00 secs] 
53,799: [GC (Allocation Failure) [PSYoungGen: 161856K->96K(156672K)] 163704K->1944K(331776K), 0,0005729 secs] [Times: user=0,00 sys=0,00, real=0,00 secs] 
53,854: [GC (Allocation Failure) [PSYoungGen: 156256K->96K(151552K)] 158104K->1944K(326656K), 0,0005265 secs] [Times: user=0,00 sys=0,00, real=0,00 secs] 
53,906: [GC (Allocation Failure) [PSYoungGen: 151136K->96K(146432K)] 152984K->1944K(321536K), 0,0005075 secs] [Times: user=0,00 sys=0,00, real=0,00 secs] 
53,957: [GC (Allocation Failure) [PSYoungGen: 146016K->96K(141824K)] 147864K->1944K(316928K), 0,0005244 secs] [Times: user=0,00 sys=0,00, real=0,00 secs] 
54,006: [GC (Allocation Failure) [PSYoungGen: 141408K->96K(137216K)] 143256K->1944K(312320K), 0,0004947 secs] [Times: user=0,00 sys=0,00, real=0,00 secs] 
54,053: [GC (Allocation Failure) [PSYoungGen: 136800K->96K(132608K)] 138648K->1944K(307712K), 0,0005034 secs] [Times: user=0,00 sys=0,00, real=0,00 secs] 
54,099: [GC (Allocation Failure) [PSYoungGen: 132192K->96K(128512K)] 134040K->1944K(303616K), 0,0005009 secs] [Times: user=0,00 sys=0,00, real=0,00 secs] 
54,144: [GC (Allocation Failure) [PSYoungGen: 128096K->96K(124416K)] 129944K->1944K(299520K), 0,0004898 secs] [Times: user=0,01 sys=0,00, real=0,00 secs] 
54,187: [GC (Allocation Failure) [PSYoungGen: 124000K->96K(120832K)] 125848K->1944K(295936K), 0,0004975 secs] [Times: user=0,00 sys=0,00, real=0,00 secs] 
54,229: [GC (Allocation Failure) [PSYoungGen: 120416K->64K(117248K)] 122264K->1912K(292352K), 0,0004718 secs] [Times: user=0,00 sys=0,01, real=0,00 secs] 
54,269: [GC (Allocation Failure) [PSYoungGen: 116800K->96K(140800K)] 118648K->1944K(315904K), 0,0004817 secs] [Times: user=0,00 sys=0,00, real=0,00 secs] 
54,319: [GC (Allocation Failure) [PSYoungGen: 140384K->32K(136192K)] 142232K->1880K(311296K), 0,0004943 secs] [Times: user=0,00 sys=0,00, real=0,00 secs] 
54,366: [GC (Allocation Failure) [PSYoungGen: 135712K->96K(163328K)] 137560K->1944K(338432K), 0,0005294 secs] [Times: user=0,00 sys=0,00, real=0,00 secs] 
54,422: [GC (Allocation Failure) [PSYoungGen: 162912K->96K(157696K)] 164760K->1944K(332800K), 0,0005579 secs] [Times: user=0,00 sys=0,00, real=0,00 secs] 
54,477: [GC (Allocation Failure) [PSYoungGen: 157280K->64K(152576K)] 159128K->1912K(327680K), 0,0005427 secs] [Times: user=0,00 sys=0,00, real=0,00 secs] 
54,530: [GC (Allocation Failure) [PSYoungGen: 152128K->96K(147456K)] 153976K->1944K(322560K), 0,0004904 secs] [Times: user=0,01 sys=0,00, real=0,00 secs] 
54,581: [GC (Allocation Failure) [PSYoungGen: 147040K->96K(142848K)] 148888K->1944K(317952K), 0,0004976 secs] [Times: user=0,00 sys=0,00, real=0,00 secs] 
54,630: [GC (Allocation Failure) [PSYoungGen: 142432K->64K(138240K)] 144280K->1912K(313344K), 0,0005597 secs] [Times: user=0,00 sys=0,00, real=0,00 secs] 
54,678: [GC (Allocation Failure) [PSYoungGen: 137792K->96K(133632K)] 139640K->1944K(308736K), 0,0004625 secs] [Times: user=0,00 sys=0,00, real=0,00 secs] 
54,725: [GC (Allocation Failure) [PSYoungGen: 133216K->96K(129536K)] 135064K->1944K(304640K), 0,0005157 secs] [Times: user=0,00 sys=0,00, real=0,00 secs] 
54,770: [GC (Allocation Failure) [PSYoungGen: 129120K->96K(125440K)] 130968K->1944K(300544K), 0,0004988 secs] [Times: user=0,00 sys=0,00, real=0,00 secs] 
54,813: [GC (Allocation Failure) [PSYoungGen: 125024K->64K(121344K)] 126872K->1912K(296448K), 0,0005021 secs] [Times: user=0,00 sys=0,00, real=0,00 secs] 
54,856: [GC (Allocation Failure) [PSYoungGen: 120896K->96K(145920K)] 122744K->1944K(321024K), 0,0005235 secs] [Times: user=0,00 sys=0,00, real=0,00 secs] 
54,906: [GC (Allocation Failure) [PSYoungGen: 145504K->96K(141312K)] 147352K->1944K(316416K), 0,0004896 secs] [Times: user=0,01 sys=0,00, real=0,00 secs] 
54,955: [GC (Allocation Failure) [PSYoungGen: 140896K->96K(136704K)] 142744K->1944K(311808K), 0,0005006 secs] [Times: user=0,00 sys=0,00, real=0,00 secs] 
55,003: [GC (Allocation Failure) [PSYoungGen: 136288K->96K(132608K)] 138136K->1944K(307712K), 0,0005131 secs] [Times: user=0,00 sys=0,00, real=0,00 secs] 
55,049: [GC (Allocation Failure) [PSYoungGen: 132192K->64K(128512K)] 134040K->1912K(303616K), 0,0005087 secs] [Times: user=0,00 sys=0,00, real=0,00 secs] 
55,094: [GC (Allocation Failure) [PSYoungGen: 128064K->96K(124416K)] 129912K->1944K(299520K), 0,0004805 secs] [Times: user=0,00 sys=0,00, real=0,00 secs] 
55,137: [GC (Allocation Failure) [PSYoungGen: 124000K->96K(149504K)] 125848K->1944K(324608K), 0,0004871 secs] [Times: user=0,00 sys=0,00, real=0,00 secs] 
55,189: [GC (Allocation Failure) [PSYoungGen: 149088K->64K(179712K)] 150936K->1912K(354816K), 0,0005886 secs] [Times: user=0,00 sys=0,00, real=0,00 secs] 
55,251: [GC (Allocation Failure) [PSYoungGen: 179264K->96K(173568K)] 181112K->1944K(348672K), 0,0005047 secs] [Times: user=0,00 sys=0,00, real=0,00 secs] 
55,311: [GC (Allocation Failure) [PSYoungGen: 173152K->96K(167424K)] 175000K->1944K(342528K), 0,0005349 secs] [Times: user=0,00 sys=0,00, real=0,00 secs] 
55,369: [GC (Allocation Failure) [PSYoungGen: 167008K->96K(161792K)] 168856K->1944K(336896K), 0,0005074 secs] [Times: user=0,00 sys=0,00, real=0,00 secs] 
55,425: [GC (Allocation Failure) [PSYoungGen: 161376K->96K(156160K)] 163224K->1944K(331264K), 0,0005015 secs] [Times: user=0,00 sys=0,00, real=0,01 secs] 
55,479: [GC (Allocation Failure) [PSYoungGen: 155744K->96K(151040K)] 157592K->1944K(326144K), 0,0005690 secs] [Times: user=0,00 sys=0,00, real=0,00 secs] 
55,532: [GC (Allocation Failure) [PSYoungGen: 150624K->96K(145920K)] 152472K->1944K(321024K), 0,0005623 secs] [Times: user=0,01 sys=0,00, real=0,00 secs] 
55,582: [GC (Allocation Failure) [PSYoungGen: 145504K->64K(141312K)] 147352K->1912K(316416K), 0,0004999 secs] [Times: user=0,00 sys=0,00, real=0,00 secs] 
55,631: [GC (Allocation Failure) [PSYoungGen: 140864K->96K(136704K)] 142712K->1944K(311808K), 0,0004733 secs] [Times: user=0,01 sys=0,00, real=0,00 secs] 
55,678: [GC (Allocation Failure) [PSYoungGen: 136288K->96K(132608K)] 138136K->1944K(307712K), 0,0004780 secs] [Times: user=0,00 sys=0,00, real=0,00 secs] 
55,724: [GC (Allocation Failure) [PSYoungGen: 132192K->64K(159232K)] 134040K->1912K(334336K), 0,0010447 secs] [Times: user=0,00 sys=0,00, real=0,00 secs] 
55,780: [GC (Allocation Failure) [PSYoungGen: 158784K->64K(190976K)] 160632K->1912K(366080K), 0,0008597 secs] [Times: user=0,00 sys=0,00, real=0,00 secs] 
55,846: [GC (Allocation Failure) [PSYoungGen: 190528K->96K(229376K)] 192376K->1944K(404480K), 0,0005312 secs] [Times: user=0,00 sys=0,00, real=0,00 secs] 
55,925: [GC (Allocation Failure) [PSYoungGen: 228960K->96K(275456K)] 230808K->1944K(450560K), 0,0005141 secs] [Times: user=0,00 sys=0,00, real=0,01 secs] 
56,020: [GC (Allocation Failure) [PSYoungGen: 275040K->96K(264704K)] 276888K->1944K(439808K), 0,0005171 secs] [Times: user=0,00 sys=0,00, real=0,00 secs] 
56,111: [GC (Allocation Failure) [PSYoungGen: 264288K->96K(254464K)] 266136K->1944K(429568K), 0,0005675 secs] [Times: user=0,00 sys=0,00, real=0,00 secs] 
56,199: [GC (Allocation Failure) [PSYoungGen: 254048K->96K(244736K)] 255896K->1944K(419840K), 0,0005401 secs] [Times: user=0,00 sys=0,00, real=0,00 secs] 
56,284: [GC (Allocation Failure) [PSYoungGen: 244319K->64K(235520K)] 246168K->1912K(410624K), 0,0005076 secs] [Times: user=0,00 sys=0,00, real=0,00 secs] 
56,366: [GC (Allocation Failure) [PSYoungGen: 235072K->96K(226816K)] 236920K->1944K(401920K), 0,0005301 secs] [Times: user=0,01 sys=0,00, real=0,00 secs] 
56,444: [GC (Allocation Failure) [PSYoungGen: 226400K->64K(218112K)] 228248K->1912K(393216K), 0,0005736 secs] [Times: user=0,00 sys=0,00, real=0,00 secs] 
56,519: [GC (Allocation Failure) [PSYoungGen: 217664K->96K(209920K)] 219512K->1944K(385024K), 0,0006012 secs] [Times: user=0,00 sys=0,00, real=0,00 secs] 
56,592: [GC (Allocation Failure) [PSYoungGen: 209504K->64K(202240K)] 211352K->1912K(377344K), 0,0005092 secs] [Times: user=0,00 sys=0,00, real=0,00 secs] 
56,662: [GC (Allocation Failure) [PSYoungGen: 201792K->96K(195072K)] 203640K->1944K(370176K), 0,0004973 secs] [Times: user=0,00 sys=0,00, real=0,00 secs] 
56,730: [GC (Allocation Failure) [PSYoungGen: 194656K->96K(187904K)] 196504K->1944K(363008K), 0,0005078 secs] [Times: user=0,00 sys=0,00, real=0,00 secs] 
56,795: [GC (Allocation Failure) [PSYoungGen: 187488K->96K(181248K)] 189336K->1944K(356352K), 0,0005720 secs] [Times: user=0,00 sys=0,00, real=0,00 secs] 
56,858: [GC (Allocation Failure) [PSYoungGen: 180832K->96K(175104K)] 182680K->1944K(350208K), 0,0005193 secs] [Times: user=0,00 sys=0,00, real=0,00 secs] 
56,918: [GC (Allocation Failure) [PSYoungGen: 174688K->96K(168960K)] 176536K->1944K(344064K), 0,0005108 secs] [Times: user=0,00 sys=0,00, real=0,00 secs] 
56,977: [GC (Allocation Failure) [PSYoungGen: 168544K->96K(163328K)] 170392K->1944K(338432K), 0,0005166 secs] [Times: user=0,00 sys=0,00, real=0,00 secs] 
57,033: [GC (Allocation Failure) [PSYoungGen: 162912K->64K(157696K)] 164760K->1912K(332800K), 0,0004744 secs] [Times: user=0,00 sys=0,00, real=0,00 secs] 
57,088: [GC (Allocation Failure) [PSYoungGen: 157248K->96K(152576K)] 159096K->1944K(327680K), 0,0004611 secs] [Times: user=0,00 sys=0,00, real=0,00 secs] 
57,141: [GC (Allocation Failure) [PSYoungGen: 152160K->96K(147456K)] 154008K->1944K(322560K), 0,0005157 secs] [Times: user=0,01 sys=0,00, real=0,00 secs] 
57,192: [GC (Allocation Failure) [PSYoungGen: 147040K->96K(142848K)] 148888K->1944K(317952K), 0,0004918 secs] [Times: user=0,00 sys=0,00, real=0,00 secs] 
57,242: [GC (Allocation Failure) [PSYoungGen: 142432K->96K(138240K)] 144280K->1944K(313344K), 0,0004876 secs] [Times: user=0,00 sys=0,00, real=0,00 secs] 
57,290: [GC (Allocation Failure) [PSYoungGen: 137824K->96K(133632K)] 139672K->1944K(308736K), 0,0005035 secs] [Times: user=0,01 sys=0,00, real=0,00 secs] 
57,336: [GC (Allocation Failure) [PSYoungGen: 133216K->96K(129536K)] 135064K->1944K(304640K), 0,0005170 secs] [Times: user=0,00 sys=0,00, real=0,00 secs] 
57,381: [GC (Allocation Failure) [PSYoungGen: 129120K->64K(125440K)] 130968K->1912K(300544K), 0,0004993 secs] [Times: user=0,00 sys=0,00, real=0,00 secs] 
57,424: [GC (Allocation Failure) [PSYoungGen: 124992K->96K(121344K)] 126840K->1944K(296448K), 0,0005130 secs] [Times: user=0,00 sys=0,00, real=0,00 secs] 
57,466: [GC (Allocation Failure) [PSYoungGen: 120928K->96K(117760K)] 122776K->1944K(292864K), 0,0004925 secs] [Times: user=0,00 sys=0,00, real=0,00 secs] 
57,507: [GC (Allocation Failure) [PSYoungGen: 117344K->96K(141312K)] 119192K->1944K(316416K), 0,0004729 secs] [Times: user=0,01 sys=0,00, real=0,00 secs] 
57,556: [GC (Allocation Failure) [PSYoungGen: 140896K->96K(169472K)] 142744K->1944K(344576K), 0,0005306 secs] [Times: user=0,00 sys=0,00, real=0,00 secs] 
57,615: [GC (Allocation Failure) [PSYoungGen: 169056K->96K(163840K)] 170904K->1944K(338944K), 0,0004767 secs] [Times: user=0,00 sys=0,00, real=0,00 secs] 
57,671: [GC (Allocation Failure) [PSYoungGen: 163424K->96K(158208K)] 165272K->1944K(333312K), 0,0005739 secs] [Times: user=0,00 sys=0,00, real=0,00 secs] 
57,726: [GC (Allocation Failure) [PSYoungGen: 157792K->64K(153088K)] 159640K->1912K(328192K), 0,0005286 secs] [Times: user=0,01 sys=0,00, real=0,00 secs] 
57,779: [GC (Allocation Failure) [PSYoungGen: 152640K->96K(147968K)] 154488K->1944K(323072K), 0,0004857 secs] [Times: user=0,00 sys=0,00, real=0,00 secs] 
57,830: [GC (Allocation Failure) [PSYoungGen: 147552K->96K(143360K)] 149400K->1944K(318464K), 0,0005229 secs] [Times: user=0,00 sys=0,00, real=0,00 secs] 
57,880: [GC (Allocation Failure) [PSYoungGen: 142944K->96K(138752K)] 144792K->1944K(313856K), 0,0005043 secs] [Times: user=0,00 sys=0,00, real=0,00 secs] 
57,928: [GC (Allocation Failure) [PSYoungGen: 138336K->64K(134144K)] 140184K->1912K(309248K), 0,0005049 secs] [Times: user=0,00 sys=0,00, real=0,00 secs] 
57,975: [GC (Allocation Failure) [PSYoungGen: 133696K->96K(130048K)] 135544K->1944K(305152K), 0,0004896 secs] [Times: user=0,00 sys=0,00, real=0,00 secs] 
58,020: [GC (Allocation Failure) [PSYoungGen: 129632K->96K(125952K)] 131480K->1944K(301056K), 0,0004869 secs] [Times: user=0,00 sys=0,00, real=0,00 secs] 
58,064: [GC (Allocation Failure) [PSYoungGen: 125536K->96K(121856K)] 127384K->1944K(296960K), 0,0005060 secs] [Times: user=0,00 sys=0,00, real=0,00 secs] 
58,106: [GC (Allocation Failure) [PSYoungGen: 121440K->96K(146432K)] 123288K->1944K(321536K), 0,0005332 secs] [Times: user=0,00 sys=0,00, real=0,00 secs] 
58,157: [GC (Allocation Failure) [PSYoungGen: 146016K->96K(141824K)] 147864K->1944K(316928K), 0,0005090 secs] [Times: user=0,00 sys=0,00, real=0,00 secs] 
58,206: [GC (Allocation Failure) [PSYoungGen: 141408K->96K(137216K)] 143256K->1944K(312320K), 0,0004909 secs] [Times: user=0,00 sys=0,00, real=0,00 secs] 
58,254: [GC (Allocation Failure) [PSYoungGen: 136800K->64K(132608K)] 138648K->1912K(307712K), 0,0005064 secs] [Times: user=0,00 sys=0,00, real=0,00 secs] 
58,300: [GC (Allocation Failure) [PSYoungGen: 132160K->96K(128512K)] 134008K->1944K(303616K), 0,0005335 secs] [Times: user=0,00 sys=0,00, real=0,00 secs] 
58,345: [GC (Allocation Failure) [PSYoungGen: 128096K->64K(154112K)] 129944K->1912K(329216K), 0,0005423 secs] [Times: user=0,00 sys=0,00, real=0,01 secs] 
58,398: [GC (Allocation Failure) [PSYoungGen: 153664K->96K(148992K)] 155512K->1944K(324096K), 0,0004911 secs] [Times: user=0,00 sys=0,00, real=0,00 secs] 
58,450: [GC (Allocation Failure) [PSYoungGen: 148576K->96K(143872K)] 150424K->1944K(318976K), 0,0004945 secs] [Times: user=0,00 sys=0,00, real=0,00 secs] 
58,500: [GC (Allocation Failure) [PSYoungGen: 143456K->64K(139264K)] 145304K->1912K(314368K), 0,0005103 secs] [Times: user=0,00 sys=0,00, real=0,00 secs] 
58,549: [GC (Allocation Failure) [PSYoungGen: 138816K->96K(134656K)] 140664K->1944K(309760K), 0,0004990 secs] [Times: user=0,01 sys=0,00, real=0,00 secs] 
58,595: [GC (Allocation Failure) [PSYoungGen: 134240K->96K(161792K)] 136088K->1944K(336896K), 0,0011131 secs] [Times: user=0,00 sys=0,00, real=0,00 secs] 
58,652: [GC (Allocation Failure) [PSYoungGen: 161376K->96K(194048K)] 163224K->1944K(369152K), 0,0004991 secs] [Times: user=0,00 sys=0,00, real=0,00 secs] 
58,719: [GC (Allocation Failure) [PSYoungGen: 193632K->64K(232960K)] 195480K->1912K(408064K), 0,0004781 secs] [Times: user=0,00 sys=0,00, real=0,00 secs] 
58,800: [GC (Allocation Failure) [PSYoungGen: 232512K->64K(224256K)] 234360K->1912K(399360K), 0,0006869 secs] [Times: user=0,00 sys=0,00, real=0,00 secs] 
58,878: [GC (Allocation Failure) [PSYoungGen: 223808K->96K(216064K)] 225656K->1944K(391168K), 0,0005144 secs] [Times: user=0,00 sys=0,00, real=0,00 secs] 
58,953: [GC (Allocation Failure) [PSYoungGen: 215648K->64K(207872K)] 217496K->1912K(382976K), 0,0005406 secs] [Times: user=0,00 sys=0,00, real=0,00 secs] 
59,025: [GC (Allocation Failure) [PSYoungGen: 207424K->96K(200192K)] 209272K->1944K(375296K), 0,0005035 secs] [Times: user=0,00 sys=0,00, real=0,00 secs] 
59,094: [GC (Allocation Failure) [PSYoungGen: 199776K->96K(193024K)] 201624K->1944K(368128K), 0,0005239 secs] [Times: user=0,00 sys=0,00, real=0,00 secs] 
59,161: [GC (Allocation Failure) [PSYoungGen: 192608K->96K(185856K)] 194456K->1944K(360960K), 0,0005056 secs] [Times: user=0,00 sys=0,00, real=0,00 secs] 
59,225: [GC (Allocation Failure) [PSYoungGen: 185440K->96K(179200K)] 187288K->1944K(354304K), 0,0005789 secs] [Times: user=0,01 sys=0,00, real=0,00 secs] 
59,287: [GC (Allocation Failure) [PSYoungGen: 178784K->96K(173056K)] 180632K->1944K(348160K), 0,0005063 secs] [Times: user=0,00 sys=0,00, real=0,00 secs] 
59,347: [GC (Allocation Failure) [PSYoungGen: 172640K->96K(166912K)] 174488K->1944K(342016K), 0,0005204 secs] [Times: user=0,00 sys=0,00, real=0,00 secs] 
59,405: [GC (Allocation Failure) [PSYoungGen: 166496K->96K(161280K)] 168344K->1944K(336384K), 0,0005154 secs] [Times: user=0,00 sys=0,00, real=0,00 secs] 
59,460: [GC (Allocation Failure) [PSYoungGen: 160864K->96K(155648K)] 162712K->1944K(330752K), 0,0004798 secs] [Times: user=0,00 sys=0,00, real=0,00 secs] 
59,514: [GC (Allocation Failure) [PSYoungGen: 155232K->96K(150528K)] 157080K->1944K(325632K), 0,0004869 secs] [Times: user=0,00 sys=0,00, real=0,00 secs] 
59,566: [GC (Allocation Failure) [PSYoungGen: 150112K->96K(145408K)] 151960K->1944K(320512K), 0,0004979 secs] [Times: user=0,00 sys=0,00, real=0,00 secs] 
59,617: [GC (Allocation Failure) [PSYoungGen: 144992K->96K(140800K)] 146840K->1944K(315904K), 0,0004981 secs] [Times: user=0,00 sys=0,00, real=0,00 secs] 
59,665: [GC (Allocation Failure) [PSYoungGen: 140384K->96K(136192K)] 142232K->1944K(311296K), 0,0005068 secs] [Times: user=0,00 sys=0,00, real=0,00 secs] 
59,713: [GC (Allocation Failure) [PSYoungGen: 135776K->96K(132096K)] 137624K->1944K(307200K), 0,0004899 secs] [Times: user=0,00 sys=0,00, real=0,00 secs] 
59,760: [GC (Allocation Failure) [PSYoungGen: 131680K->64K(128000K)] 133528K->1912K(303104K), 0,0005493 secs] [Times: user=0,01 sys=0,00, real=0,00 secs] 
59,805: [GC (Allocation Failure) [PSYoungGen: 127552K->96K(123904K)] 129400K->1944K(299008K), 0,0004847 secs] [Times: user=0,00 sys=0,00, real=0,00 secs] 
59,848: [GC (Allocation Failure) [PSYoungGen: 123488K->64K(120320K)] 125336K->1912K(295424K), 0,0004991 secs] [Times: user=0,00 sys=0,00, real=0,00 secs] 
59,890: [GC (Allocation Failure) [PSYoungGen: 119872K->96K(116736K)] 121720K->1944K(291840K), 0,0004924 secs] [Times: user=0,00 sys=0,00, real=0,00 secs] 
59,930: [GC (Allocation Failure) [PSYoungGen: 116320K->96K(140288K)] 118168K->1944K(315392K), 0,0004993 secs] [Times: user=0,00 sys=0,00, real=0,00 secs] 
59,979: [GC (Allocation Failure) [PSYoungGen: 139872K->96K(168448K)] 141720K->1944K(343552K), 0,0005624 secs] [Times: user=0,00 sys=0,00, real=0,00 secs] 
60,037: [GC (Allocation Failure) [PSYoungGen: 168032K->64K(162816K)] 169880K->1912K(337920K), 0,0005380 secs] [Times: user=0,01 sys=0,01, real=0,00 secs] 
60,094: [GC (Allocation Failure) [PSYoungGen: 162368K->96K(157184K)] 164216K->1944K(332288K), 0,0005130 secs] [Times: user=0,00 sys=0,00, real=0,00 secs] 
60,148: [GC (Allocation Failure) [PSYoungGen: 156768K->64K(152064K)] 158616K->1912K(327168K), 0,0005131 secs] [Times: user=0,00 sys=0,00, real=0,00 secs] 
60,201: [GC (Allocation Failure) [PSYoungGen: 151616K->96K(146944K)] 153464K->1944K(322048K), 0,0005404 secs] [Times: user=0,00 sys=0,00, real=0,00 secs] 
60,252: [GC (Allocation Failure) [PSYoungGen: 146528K->96K(142336K)] 148376K->1944K(317440K), 0,0004982 secs] [Times: user=0,00 sys=0,00, real=0,00 secs] 
60,302: [GC (Allocation Failure) [PSYoungGen: 141920K->160K(137728K)] 143768K->2008K(312832K), 0,0005188 secs] [Times: user=0,00 sys=0,00, real=0,00 secs] 
60,350: [GC (Allocation Failure) [PSYoungGen: 137376K->96K(133120K)] 139224K->1976K(308224K), 0,0005044 secs] [Times: user=0,00 sys=0,00, real=0,00 secs] 
60,396: [GC (Allocation Failure) [PSYoungGen: 132704K->96K(129024K)] 134584K->1976K(304128K), 0,0004996 secs] [Times: user=0,00 sys=0,00, real=0,00 secs] 
60,440: [GC (Allocation Failure) [PSYoungGen: 128608K->96K(124928K)] 130488K->1976K(300032K), 0,0005063 secs] [Times: user=0,00 sys=0,00, real=0,00 secs] 
60,484: [GC (Allocation Failure) [PSYoungGen: 124512K->96K(121344K)] 126392K->1976K(296448K), 0,0004742 secs] [Times: user=0,00 sys=0,00, real=0,00 secs] 
60,526: [GC (Allocation Failure) [PSYoungGen: 120928K->96K(117760K)] 122808K->1976K(292864K), 0,0004637 secs] [Times: user=0,00 sys=0,00, real=0,00 secs] 
60,566: [GC (Allocation Failure) [PSYoungGen: 117344K->96K(141312K)] 119224K->1976K(316416K), 0,0004946 secs] [Times: user=0,00 sys=0,00, real=0,00 secs] 
60,615: [GC (Allocation Failure) [PSYoungGen: 140896K->64K(169472K)] 142776K->1944K(344576K), 0,0005310 secs] [Times: user=0,00 sys=0,00, real=0,00 secs] 
60,674: [GC (Allocation Failure) [PSYoungGen: 169024K->96K(163840K)] 170904K->1976K(338944K), 0,0005046 secs] [Times: user=0,00 sys=0,00, real=0,00 secs] 
60,731: [GC (Allocation Failure) [PSYoungGen: 163424K->32K(158208K)] 165304K->1912K(333312K), 0,0004981 secs] [Times: user=0,00 sys=0,00, real=0,00 secs] 
60,785: [GC (Allocation Failure) [PSYoungGen: 157728K->96K(153088K)] 159608K->1976K(328192K), 0,0004995 secs] [Times: user=0,00 sys=0,00, real=0,00 secs] 
60,839: [GC (Allocation Failure) [PSYoungGen: 152672K->64K(147968K)] 154552K->1944K(323072K), 0,0005112 secs] [Times: user=0,00 sys=0,00, real=0,00 secs] 
60,890: [GC (Allocation Failure) [PSYoungGen: 147520K->96K(143360K)] 149400K->1976K(318464K), 0,0005011 secs] [Times: user=0,00 sys=0,00, real=0,00 secs] 
60,940: [GC (Allocation Failure) [PSYoungGen: 142944K->96K(138752K)] 144824K->1976K(313856K), 0,0004966 secs] [Times: user=0,00 sys=0,00, real=0,00 secs] 
60,988: [GC (Allocation Failure) [PSYoungGen: 138336K->96K(134144K)] 140216K->1976K(309248K), 0,0004638 secs] [Times: user=0,01 sys=0,00, real=0,00 secs] 
61,034: [GC (Allocation Failure) [PSYoungGen: 133728K->96K(130048K)] 135608K->1976K(305152K), 0,0004677 secs] [Times: user=0,00 sys=0,00, real=0,00 secs] 
61,079: [GC (Allocation Failure) [PSYoungGen: 129632K->64K(125952K)] 131512K->1944K(301056K), 0,0004386 secs] [Times: user=0,00 sys=0,00, real=0,00 secs] 
61,122: [GC (Allocation Failure) [PSYoungGen: 125504K->64K(121856K)] 127384K->1944K(296960K), 0,0004130 secs] [Times: user=0,00 sys=0,00, real=0,00 secs] 
61,165: [GC (Allocation Failure) [PSYoungGen: 121408K->96K(118272K)] 123288K->1976K(293376K), 0,0004869 secs] [Times: user=0,00 sys=0,00, real=0,00 secs] 
61,205: [GC (Allocation Failure) [PSYoungGen: 117856K->96K(114688K)] 119736K->1976K(289792K), 0,0005097 secs] [Times: user=0,00 sys=0,00, real=0,00 secs] 
61,245: [GC (Allocation Failure) [PSYoungGen: 114272K->96K(137728K)] 116152K->1976K(312832K), 0,0004692 secs] [Times: user=0,00 sys=0,00, real=0,01 secs] 
61,292: [GC (Allocation Failure) [PSYoungGen: 137312K->96K(165376K)] 139192K->1976K(340480K), 0,0004950 secs] [Times: user=0,00 sys=0,00, real=0,00 secs] 
61,350: [GC (Allocation Failure) [PSYoungGen: 164960K->96K(159744K)] 166840K->1976K(334848K), 0,0005207 secs] [Times: user=0,00 sys=0,00, real=0,00 secs] 
61,405: [GC (Allocation Failure) [PSYoungGen: 159328K->64K(154112K)] 161208K->1944K(329216K), 0,0005609 secs] [Times: user=0,00 sys=0,00, real=0,01 secs] 
61,458: [GC (Allocation Failure) [PSYoungGen: 153664K->96K(148992K)] 155544K->1976K(324096K), 0,0004742 secs] [Times: user=0,00 sys=0,00, real=0,00 secs] 
61,510: [GC (Allocation Failure) [PSYoungGen: 148576K->96K(143872K)] 150456K->1976K(318976K), 0,0005044 secs] [Times: user=0,00 sys=0,00, real=0,00 secs] 
61,559: [GC (Allocation Failure) [PSYoungGen: 143456K->64K(139264K)] 145336K->1944K(314368K), 0,0005495 secs] [Times: user=0,00 sys=0,00, real=0,00 secs] 
61,607: [GC (Allocation Failure) [PSYoungGen: 138816K->64K(134656K)] 140696K->1944K(309760K), 0,0004782 secs] [Times: user=0,00 sys=0,00, real=0,00 secs] 
61,654: [GC (Allocation Failure) [PSYoungGen: 134208K->64K(130560K)] 136088K->1944K(305664K), 0,0005067 secs] [Times: user=0,00 sys=0,00, real=0,00 secs] 
61,699: [GC (Allocation Failure) [PSYoungGen: 130112K->96K(126464K)] 131992K->1976K(301568K), 0,0005253 secs] [Times: user=0,00 sys=0,00, real=0,00 secs] 
61,743: [GC (Allocation Failure) [PSYoungGen: 126048K->96K(122368K)] 127928K->1976K(297472K), 0,0005093 secs] [Times: user=0,00 sys=0,00, real=0,00 secs] 
61,786: [GC (Allocation Failure) [PSYoungGen: 121952K->96K(146944K)] 123832K->1976K(322048K), 0,0005067 secs] [Times: user=0,00 sys=0,00, real=0,00 secs] 
61,837: [GC (Allocation Failure) [PSYoungGen: 146528K->64K(176640K)] 148408K->1944K(351744K), 0,0005636 secs] [Times: user=0,00 sys=0,00, real=0,00 secs] 
61,898: [GC (Allocation Failure) [PSYoungGen: 176192K->96K(170496K)] 178072K->1976K(345600K), 0,0005020 secs] [Times: user=0,00 sys=0,00, real=0,00 secs] 
61,956: [GC (Allocation Failure) [PSYoungGen: 170080K->96K(164864K)] 171960K->1976K(339968K), 0,0004827 secs] [Times: user=0,00 sys=0,00, real=0,00 secs] 
62,013: [GC (Allocation Failure) [PSYoungGen: 164448K->96K(159232K)] 166328K->1976K(334336K), 0,0005195 secs] [Times: user=0,00 sys=0,00, real=0,00 secs] 
62,068: [GC (Allocation Failure) [PSYoungGen: 158816K->96K(154112K)] 160696K->1976K(329216K), 0,0004791 secs] [Times: user=0,00 sys=0,00, real=0,00 secs] 
62,122: [GC (Allocation Failure) [PSYoungGen: 153696K->96K(148992K)] 155576K->1976K(324096K), 0,0005864 secs] [Times: user=0,00 sys=0,00, real=0,00 secs] 
62,174: [GC (Allocation Failure) [PSYoungGen: 148576K->64K(143872K)] 150456K->1944K(318976K), 0,0004976 secs] [Times: user=0,00 sys=0,00, real=0,00 secs] 
62,223: [GC (Allocation Failure) [PSYoungGen: 143424K->96K(139264K)] 145304K->1976K(314368K), 0,0005030 secs] [Times: user=0,00 sys=0,00, real=0,00 secs] 
62,272: [GC (Allocation Failure) [PSYoungGen: 138847K->96K(134656K)] 140728K->1976K(309760K), 0,0004729 secs] [Times: user=0,00 sys=0,00, real=0,00 secs] 
62,318: [GC (Allocation Failure) [PSYoungGen: 134240K->96K(130560K)] 136120K->1976K(305664K), 0,0005036 secs] [Times: user=0,00 sys=0,00, real=0,00 secs] 
62,363: [GC (Allocation Failure) [PSYoungGen: 130144K->64K(126464K)] 132024K->1944K(301568K), 0,0005532 secs] [Times: user=0,00 sys=0,00, real=0,00 secs] 
62,408: [GC (Allocation Failure) [PSYoungGen: 126016K->96K(122368K)] 127896K->1976K(297472K), 0,0004970 secs] [Times: user=0,00 sys=0,00, real=0,00 secs] 
62,450: [GC (Allocation Failure) [PSYoungGen: 121952K->96K(146944K)] 123832K->1976K(322048K), 0,0004913 secs] [Times: user=0,00 sys=0,00, real=0,00 secs] 
62,501: [GC (Allocation Failure) [PSYoungGen: 146528K->96K(142336K)] 148408K->1976K(317440K), 0,0004951 secs] [Times: user=0,00 sys=0,00, real=0,00 secs] 
62,550: [GC (Allocation Failure) [PSYoungGen: 141920K->96K(137728K)] 143800K->1976K(312832K), 0,0004935 secs] [Times: user=0,00 sys=0,00, real=0,00 secs] 
62,598: [GC (Allocation Failure) [PSYoungGen: 137312K->96K(133120K)] 139192K->1976K(308224K), 0,0004902 secs] [Times: user=0,00 sys=0,00, real=0,00 secs] 
62,644: [GC (Allocation Failure) [PSYoungGen: 132704K->96K(129024K)] 134584K->1976K(304128K), 0,0005050 secs] [Times: user=0,01 sys=0,00, real=0,00 secs] 
62,689: [GC (Allocation Failure) [PSYoungGen: 128608K->96K(124928K)] 130488K->1976K(300032K), 0,0004977 secs] [Times: user=0,00 sys=0,00, real=0,00 secs] 
62,732: [GC (Allocation Failure) [PSYoungGen: 124512K->64K(150016K)] 126392K->1944K(325120K), 0,0005114 secs] [Times: user=0,00 sys=0,00, real=0,00 secs] 
62,784: [GC (Allocation Failure) [PSYoungGen: 149568K->64K(144896K)] 151448K->1944K(320000K), 0,0004828 secs] [Times: user=0,00 sys=0,00, real=0,00 secs] 
62,835: [GC (Allocation Failure) [PSYoungGen: 144448K->64K(174080K)] 146328K->1944K(349184K), 0,0006439 secs] [Times: user=0,00 sys=0,00, real=0,00 secs] 
62,895: [GC (Allocation Failure) [PSYoungGen: 173632K->96K(167936K)] 175512K->1976K(343040K), 0,0005333 secs] [Times: user=0,00 sys=0,00, real=0,01 secs] 
62,953: [GC (Allocation Failure) [PSYoungGen: 167520K->96K(162304K)] 169400K->1976K(337408K), 0,0005101 secs] [Times: user=0,00 sys=0,00, real=0,00 secs] 
63,009: [GC (Allocation Failure) [PSYoungGen: 161888K->64K(156672K)] 163768K->1944K(331776K), 0,0005326 secs] [Times: user=0,00 sys=0,00, real=0,00 secs] 
63,063: [GC (Allocation Failure) [PSYoungGen: 156224K->96K(151552K)] 158104K->1976K(326656K), 0,0004904 secs] [Times: user=0,00 sys=0,00, real=0,00 secs] 
63,116: [GC (Allocation Failure) [PSYoungGen: 151136K->96K(146432K)] 153016K->1976K(321536K), 0,0004878 secs] [Times: user=0,00 sys=0,00, real=0,00 secs] 
63,167: [GC (Allocation Failure) [PSYoungGen: 146016K->96K(141824K)] 147896K->1976K(316928K), 0,0005103 secs] [Times: user=0,00 sys=0,00, real=0,00 secs] 
63,216: [GC (Allocation Failure) [PSYoungGen: 141408K->96K(137216K)] 143288K->1976K(312320K), 0,0005094 secs] [Times: user=0,00 sys=0,00, real=0,00 secs] 
63,264: [GC (Allocation Failure) [PSYoungGen: 136800K->64K(132608K)] 138680K->1944K(307712K), 0,0004655 secs] [Times: user=0,00 sys=0,00, real=0,00 secs] 
63,310: [GC (Allocation Failure) [PSYoungGen: 132160K->96K(128512K)] 134040K->1976K(303616K), 0,0004853 secs] [Times: user=0,00 sys=0,00, real=0,00 secs] 
63,361: [GC (Allocation Failure) [PSYoungGen: 128096K->96K(124416K)] 129976K->1976K(299520K), 0,0005040 secs] [Times: user=0,00 sys=0,00, real=0,00 secs] 
63,405: [GC (Allocation Failure) [PSYoungGen: 124000K->96K(120832K)] 125880K->1976K(295936K), 0,0004808 secs] [Times: user=0,00 sys=0,00, real=0,00 secs] 
63,447: [GC (Allocation Failure) [PSYoungGen: 120416K->96K(117248K)] 122296K->1976K(292352K), 0,0004759 secs] [Times: user=0,00 sys=0,00, real=0,00 secs] 
63,487: [GC (Allocation Failure) [PSYoungGen: 116832K->96K(140800K)] 118712K->1976K(315904K), 0,0007000 secs] [Times: user=0,00 sys=0,00, real=0,00 secs] 
63,536: [GC (Allocation Failure) [PSYoungGen: 140384K->96K(168960K)] 142264K->1976K(344064K), 0,0005618 secs] [Times: user=0,01 sys=0,00, real=0,00 secs] 
63,595: [GC (Allocation Failure) [PSYoungGen: 168544K->96K(202752K)] 170424K->1976K(377856K), 0,0005226 secs] [Times: user=0,00 sys=0,00, real=0,01 secs] 
63,665: [GC (Allocation Failure) [PSYoungGen: 202336K->96K(195584K)] 204216K->1976K(370688K), 0,0005163 secs] [Times: user=0,01 sys=0,00, real=0,00 secs] 
63,733: [GC (Allocation Failure) [PSYoungGen: 195168K->96K(188416K)] 197048K->1976K(363520K), 0,0005233 secs] [Times: user=0,00 sys=0,00, real=0,00 secs] 
63,799: [GC (Allocation Failure) [PSYoungGen: 188000K->96K(181760K)] 189880K->1976K(356864K), 0,0004946 secs] [Times: user=0,00 sys=0,00, real=0,00 secs] 
63,862: [GC (Allocation Failure) [PSYoungGen: 181344K->96K(175616K)] 183224K->1976K(350720K), 0,0005431 secs] [Times: user=0,00 sys=0,00, real=0,00 secs] 
63,923: [GC (Allocation Failure) [PSYoungGen: 175200K->64K(169472K)] 177080K->1944K(344576K), 0,0004950 secs] [Times: user=0,00 sys=0,00, real=0,00 secs] 
63,982: [GC (Allocation Failure) [PSYoungGen: 169024K->96K(163840K)] 170904K->1976K(338944K), 0,0005003 secs] [Times: user=0,00 sys=0,00, real=0,00 secs] 
64,038: [GC (Allocation Failure) [PSYoungGen: 163424K->96K(158208K)] 165304K->1976K(333312K), 0,0005114 secs] [Times: user=0,00 sys=0,00, real=0,00 secs] 
64,093: [GC (Allocation Failure) [PSYoungGen: 157792K->96K(153088K)] 159672K->1976K(328192K), 0,0005735 secs] [Times: user=0,00 sys=0,00, real=0,00 secs] 
64,147: [GC (Allocation Failure) [PSYoungGen: 152672K->96K(147968K)] 154552K->1976K(323072K), 0,0005164 secs] [Times: user=0,00 sys=0,00, real=0,00 secs] 
64,198: [GC (Allocation Failure) [PSYoungGen: 147551K->96K(143360K)] 149432K->1976K(318464K), 0,0005201 secs] [Times: user=0,00 sys=0,00, real=0,00 secs] 
64,248: [GC (Allocation Failure) [PSYoungGen: 142944K->96K(138752K)] 144824K->1976K(313856K), 0,0004987 secs] [Times: user=0,00 sys=0,00, real=0,00 secs] 
64,296: [GC (Allocation Failure) [PSYoungGen: 138336K->32K(134144K)] 140216K->1912K(309248K), 0,0005591 secs] [Times: user=0,00 sys=0,00, real=0,00 secs] 
64,343: [GC (Allocation Failure) [PSYoungGen: 133664K->96K(130048K)] 135544K->1976K(305152K), 0,0005160 secs] [Times: user=0,00 sys=0,00, real=0,00 secs] 
64,388: [GC (Allocation Failure) [PSYoungGen: 129632K->96K(125952K)] 131512K->1976K(301056K), 0,0004943 secs] [Times: user=0,00 sys=0,00, real=0,00 secs] 
64,432: [GC (Allocation Failure) [PSYoungGen: 125536K->96K(121856K)] 127416K->1976K(296960K), 0,0004866 secs] [Times: user=0,00 sys=0,00, real=0,00 secs] 
64,474: [GC (Allocation Failure) [PSYoungGen: 121440K->96K(146432K)] 123320K->1976K(321536K), 0,0005043 secs] [Times: user=0,00 sys=0,00, real=0,00 secs] 
64,525: [GC (Allocation Failure) [PSYoungGen: 146016K->96K(141824K)] 147896K->1976K(316928K), 0,0005316 secs] [Times: user=0,00 sys=0,00, real=0,00 secs] 
64,574: [GC (Allocation Failure) [PSYoungGen: 141408K->96K(137216K)] 143288K->1976K(312320K), 0,0005021 secs] [Times: user=0,00 sys=0,00, real=0,00 secs] 
64,622: [GC (Allocation Failure) [PSYoungGen: 136800K->96K(132608K)] 138680K->1976K(307712K), 0,0005076 secs] [Times: user=0,00 sys=0,00, real=0,00 secs] 
64,668: [GC (Allocation Failure) [PSYoungGen: 132192K->96K(128512K)] 134072K->1976K(303616K), 0,0004933 secs] [Times: user=0,00 sys=0,00, real=0,00 secs] 
64,713: [GC (Allocation Failure) [PSYoungGen: 128096K->64K(154112K)] 129976K->1944K(329216K), 0,0005379 secs] [Times: user=0,00 sys=0,00, real=0,00 secs] 
64,766: [GC (Allocation Failure) [PSYoungGen: 153664K->96K(148992K)] 155544K->1976K(324096K), 0,0005179 secs] [Times: user=0,01 sys=0,00, real=0,00 secs] 
64,818: [GC (Allocation Failure) [PSYoungGen: 148576K->96K(143872K)] 150456K->1976K(318976K), 0,0004732 secs] [Times: user=0,00 sys=0,00, real=0,00 secs] 
64,868: [GC (Allocation Failure) [PSYoungGen: 143456K->96K(139264K)] 145336K->1976K(314368K), 0,0005192 secs] [Times: user=0,00 sys=0,00, real=0,00 secs] 
64,916: [GC (Allocation Failure) [PSYoungGen: 138848K->64K(134656K)] 140728K->1944K(309760K), 0,0005237 secs] [Times: user=0,00 sys=0,00, real=0,00 secs] 
64,963: [GC (Allocation Failure) [PSYoungGen: 134208K->64K(130560K)] 136088K->1944K(305664K), 0,0005077 secs] [Times: user=0,00 sys=0,00, real=0,00 secs] 
65,008: [GC (Allocation Failure) [PSYoungGen: 130112K->96K(126464K)] 131992K->1976K(301568K), 0,0004794 secs] [Times: user=0,00 sys=0,00, real=0,00 secs] 
65,052: [GC (Allocation Failure) [PSYoungGen: 126048K->96K(122368K)] 127928K->1976K(297472K), 0,0004831 secs] [Times: user=0,00 sys=0,00, real=0,00 secs] 
65,094: [GC (Allocation Failure) [PSYoungGen: 121952K->96K(118784K)] 123832K->1976K(293888K), 0,0004967 secs] [Times: user=0,00 sys=0,00, real=0,00 secs] 
65,136: [GC (Allocation Failure) [PSYoungGen: 118368K->96K(142848K)] 120248K->1976K(317952K), 0,0004774 secs] [Times: user=0,00 sys=0,00, real=0,00 secs] 
65,185: [GC (Allocation Failure) [PSYoungGen: 142432K->96K(138240K)] 144312K->1976K(313344K), 0,0004859 secs] [Times: user=0,00 sys=0,00, real=0,00 secs] 
65,233: [GC (Allocation Failure) [PSYoungGen: 137824K->96K(133632K)] 139704K->1976K(308736K), 0,0005051 secs] [Times: user=0,00 sys=0,00, real=0,00 secs] 
65,280: [GC (Allocation Failure) [PSYoungGen: 133216K->96K(129536K)] 135096K->1976K(304640K), 0,0005051 secs] [Times: user=0,00 sys=0,00, real=0,00 secs] 
65,325: [GC (Allocation Failure) [PSYoungGen: 129119K->96K(125440K)] 131000K->1976K(300544K), 0,0004986 secs] [Times: user=0,00 sys=0,00, real=0,01 secs] 
65,369: [GC (Allocation Failure) [PSYoungGen: 125024K->96K(150528K)] 126904K->1976K(325632K), 0,0005532 secs] [Times: user=0,00 sys=0,00, real=0,00 secs] 
65,421: [GC (Allocation Failure) [PSYoungGen: 150112K->96K(145408K)] 151992K->1976K(320512K), 0,0004700 secs] [Times: user=0,01 sys=0,00, real=0,00 secs] 
65,471: [GC (Allocation Failure) [PSYoungGen: 144992K->96K(140800K)] 146872K->1976K(315904K), 0,0004882 secs] [Times: user=0,00 sys=0,00, real=0,00 secs] 
65,520: [GC (Allocation Failure) [PSYoungGen: 140384K->96K(136192K)] 142264K->1976K(311296K), 0,0004992 secs] [Times: user=0,01 sys=0,00, real=0,00 secs] 
65,567: [GC (Allocation Failure) [PSYoungGen: 135776K->96K(132096K)] 137656K->1976K(307200K), 0,0004622 secs] [Times: user=0,00 sys=0,00, real=0,00 secs] 
65,613: [GC (Allocation Failure) [PSYoungGen: 131680K->96K(128000K)] 133560K->1976K(303104K), 0,0004999 secs] [Times: user=0,00 sys=0,00, real=0,00 secs] 
65,658: [GC (Allocation Failure) [PSYoungGen: 127584K->96K(123904K)] 129464K->1976K(299008K), 0,0004840 secs] [Times: user=0,00 sys=0,00, real=0,00 secs] 
65,701: [GC (Allocation Failure) [PSYoungGen: 123488K->96K(120320K)] 125368K->1976K(295424K), 0,0004882 secs] [Times: user=0,00 sys=0,00, real=0,00 secs] 
65,742: [GC (Allocation Failure) [PSYoungGen: 119904K->96K(144384K)] 121784K->1976K(319488K), 0,0005199 secs] [Times: user=0,00 sys=0,00, real=0,00 secs] 
65,792: [GC (Allocation Failure) [PSYoungGen: 143968K->96K(173568K)] 145848K->1976K(348672K), 0,0005621 secs] [Times: user=0,00 sys=0,00, real=0,00 secs] 
65,853: [GC (Allocation Failure) [PSYoungGen: 173152K->96K(167424K)] 175032K->1976K(342528K), 0,0005228 secs] [Times: user=0,00 sys=0,00, real=0,00 secs] 
65,910: [GC (Allocation Failure) [PSYoungGen: 167008K->96K(161792K)] 168888K->1976K(336896K), 0,0004974 secs] [Times: user=0,00 sys=0,00, real=0,00 secs] 
65,966: [GC (Allocation Failure) [PSYoungGen: 161376K->64K(156160K)] 163256K->1944K(331264K), 0,0005064 secs] [Times: user=0,00 sys=0,00, real=0,00 secs] 
66,020: [GC (Allocation Failure) [PSYoungGen: 155712K->96K(151040K)] 157592K->1976K(326144K), 0,0004807 secs] [Times: user=0,00 sys=0,00, real=0,00 secs] 
66,073: [GC (Allocation Failure) [PSYoungGen: 150624K->64K(145920K)] 152504K->1944K(321024K), 0,0004873 secs] [Times: user=0,00 sys=0,00, real=0,00 secs] 
66,123: [GC (Allocation Failure) [PSYoungGen: 145472K->96K(141312K)] 147352K->1976K(316416K), 0,0004890 secs] [Times: user=0,00 sys=0,00, real=0,00 secs] 
66,172: [GC (Allocation Failure) [PSYoungGen: 140896K->96K(136704K)] 142776K->1976K(311808K), 0,0005094 secs] [Times: user=0,00 sys=0,00, real=0,00 secs] 
66,220: [GC (Allocation Failure) [PSYoungGen: 136288K->64K(132608K)] 138168K->1944K(307712K), 0,0005669 secs] [Times: user=0,00 sys=0,00, real=0,00 secs] 
66,266: [GC (Allocation Failure) [PSYoungGen: 132160K->96K(128512K)] 134040K->1976K(303616K), 0,0004741 secs] [Times: user=0,00 sys=0,00, real=0,00 secs] 
66,310: [GC (Allocation Failure) [PSYoungGen: 128096K->64K(124416K)] 129976K->1944K(299520K), 0,0004934 secs] [Times: user=0,00 sys=0,00, real=0,00 secs] 
66,354: [GC (Allocation Failure) [PSYoungGen: 123968K->96K(120832K)] 125848K->1976K(295936K), 0,0005177 secs] [Times: user=0,00 sys=0,00, real=0,00 secs] 
66,396: [GC (Allocation Failure) [PSYoungGen: 120416K->96K(144896K)] 122296K->1976K(320000K), 0,0004875 secs] [Times: user=0,00 sys=0,00, real=0,00 secs] 
66,446: [GC (Allocation Failure) [PSYoungGen: 144480K->96K(140288K)] 146360K->1976K(315392K), 0,0004765 secs] [Times: user=0,00 sys=0,00, real=0,00 secs] 
66,495: [GC (Allocation Failure) [PSYoungGen: 139872K->96K(135680K)] 141752K->1976K(310784K), 0,0004766 secs] [Times: user=0,00 sys=0,00, real=0,01 secs] 
66,542: [GC (Allocation Failure) [PSYoungGen: 135264K->96K(131584K)] 137144K->1976K(306688K), 0,0004685 secs] [Times: user=0,00 sys=0,00, real=0,00 secs] 
66,588: [GC (Allocation Failure) [PSYoungGen: 131167K->96K(127488K)] 133048K->1976K(302592K), 0,0005115 secs] [Times: user=0,00 sys=0,00, real=0,00 secs] 
66,632: [GC (Allocation Failure) [PSYoungGen: 127072K->96K(123392K)] 128952K->1976K(298496K), 0,0004775 secs] [Times: user=0,00 sys=0,00, real=0,00 secs] 
66,675: [GC (Allocation Failure) [PSYoungGen: 122976K->96K(119808K)] 124856K->1976K(294912K), 0,0004780 secs] [Times: user=0,00 sys=0,00, real=0,01 secs] 
66,717: [GC (Allocation Failure) [PSYoungGen: 119392K->96K(143872K)] 121272K->1976K(318976K), 0,0005131 secs] [Times: user=0,00 sys=0,00, real=0,00 secs] 
66,767: [GC (Allocation Failure) [PSYoungGen: 143456K->96K(139264K)] 145336K->1976K(314368K), 0,0005116 secs] [Times: user=0,00 sys=0,00, real=0,00 secs] 
66,815: [GC (Allocation Failure) [PSYoungGen: 138848K->96K(134656K)] 140728K->1976K(309760K), 0,0004957 secs] [Times: user=0,00 sys=0,00, real=0,01 secs] 
66,862: [GC (Allocation Failure) [PSYoungGen: 134240K->96K(130560K)] 136120K->1976K(305664K), 0,0005094 secs] [Times: user=0,00 sys=0,00, real=0,00 secs] 
66,907: [GC (Allocation Failure) [PSYoungGen: 130144K->96K(126464K)] 132024K->1976K(301568K), 0,0004802 secs] [Times: user=0,01 sys=0,00, real=0,00 secs] 
66,951: [GC (Allocation Failure) [PSYoungGen: 126048K->64K(122368K)] 127928K->1944K(297472K), 0,0004805 secs] [Times: user=0,00 sys=0,00, real=0,00 secs] 
66,994: [GC (Allocation Failure) [PSYoungGen: 121920K->96K(146944K)] 123800K->1976K(322048K), 0,0005738 secs] [Times: user=0,00 sys=0,00, real=0,00 secs] 
67,045: [GC (Allocation Failure) [PSYoungGen: 146528K->96K(176640K)] 148408K->1976K(351744K), 0,0004831 secs] [Times: user=0,00 sys=0,00, real=0,00 secs] 
67,106: [GC (Allocation Failure) [PSYoungGen: 176224K->96K(170496K)] 178104K->1976K(345600K), 0,0004937 secs] [Times: user=0,01 sys=0,00, real=0,00 secs] 
67,165: [GC (Allocation Failure) [PSYoungGen: 170080K->64K(164864K)] 171960K->1944K(339968K), 0,0005274 secs] [Times: user=0,00 sys=0,00, real=0,01 secs] 
67,222: [GC (Allocation Failure) [PSYoungGen: 164416K->96K(159232K)] 166296K->1976K(334336K), 0,0005306 secs] [Times: user=0,00 sys=0,00, real=0,00 secs] 
67,277: [GC (Allocation Failure) [PSYoungGen: 158816K->96K(154112K)] 160696K->1976K(329216K), 0,0005016 secs] [Times: user=0,00 sys=0,00, real=0,00 secs] 
67,331: [GC (Allocation Failure) [PSYoungGen: 153695K->96K(148992K)] 155576K->1976K(324096K), 0,0004981 secs] [Times: user=0,00 sys=0,00, real=0,00 secs] 
67,383: [GC (Allocation Failure) [PSYoungGen: 148576K->96K(143872K)] 150456K->1976K(318976K), 0,0005489 secs] [Times: user=0,00 sys=0,00, real=0,00 secs] 
67,432: [GC (Allocation Failure) [PSYoungGen: 143456K->96K(139264K)] 145336K->1976K(314368K), 0,0004971 secs] [Times: user=0,00 sys=0,00, real=0,00 secs] 
67,481: [GC (Allocation Failure) [PSYoungGen: 138848K->96K(134656K)] 140728K->1976K(309760K), 0,0004825 secs] [Times: user=0,00 sys=0,00, real=0,00 secs] 
67,527: [GC (Allocation Failure) [PSYoungGen: 134240K->96K(130560K)] 136120K->1976K(305664K), 0,0004829 secs] [Times: user=0,00 sys=0,00, real=0,00 secs] 
67,573: [GC (Allocation Failure) [PSYoungGen: 130144K->96K(126464K)] 132024K->1976K(301568K), 0,0004826 secs] [Times: user=0,00 sys=0,00, real=0,00 secs] 
67,616: [GC (Allocation Failure) [PSYoungGen: 126048K->96K(122368K)] 127928K->1976K(297472K), 0,0005068 secs] [Times: user=0,00 sys=0,00, real=0,00 secs] 
67,659: [GC (Allocation Failure) [PSYoungGen: 121952K->96K(146944K)] 123832K->1976K(322048K), 0,0005379 secs] [Times: user=0,00 sys=0,00, real=0,00 secs] 
67,710: [GC (Allocation Failure) [PSYoungGen: 146528K->96K(176640K)] 148408K->1976K(351744K), 0,0006117 secs] [Times: user=0,00 sys=0,00, real=0,00 secs] 
67,771: [GC (Allocation Failure) [PSYoungGen: 176224K->96K(170496K)] 178104K->1976K(345600K), 0,0004890 secs] [Times: user=0,00 sys=0,00, real=0,00 secs] 
67,830: [GC (Allocation Failure) [PSYoungGen: 170080K->96K(164864K)] 171960K->1976K(339968K), 0,0005141 secs] [Times: user=0,01 sys=0,00, real=0,00 secs] 
67,887: [GC (Allocation Failure) [PSYoungGen: 164448K->32K(159232K)] 166328K->1912K(334336K), 0,0005404 secs] [Times: user=0,00 sys=0,00, real=0,00 secs] 
67,942: [GC (Allocation Failure) [PSYoungGen: 158752K->96K(154112K)] 160632K->1976K(329216K), 0,0005032 secs] [Times: user=0,00 sys=0,00, real=0,00 secs] 
67,995: [GC (Allocation Failure) [PSYoungGen: 153696K->96K(148992K)] 155576K->1976K(324096K), 0,0004724 secs] [Times: user=0,00 sys=0,00, real=0,00 secs] 
68,047: [GC (Allocation Failure) [PSYoungGen: 148576K->96K(143872K)] 150456K->1976K(318976K), 0,0004908 secs] [Times: user=0,00 sys=0,00, real=0,00 secs] 
68,097: [GC (Allocation Failure) [PSYoungGen: 143456K->96K(139264K)] 145336K->1976K(314368K), 0,0005236 secs] [Times: user=0,00 sys=0,00, real=0,00 secs] 
68,145: [GC (Allocation Failure) [PSYoungGen: 138848K->64K(134656K)] 140728K->1944K(309760K), 0,0004908 secs] [Times: user=0,00 sys=0,00, real=0,01 secs] 
68,192: [GC (Allocation Failure) [PSYoungGen: 134208K->64K(130560K)] 136088K->1944K(305664K), 0,0004934 secs] [Times: user=0,00 sys=0,00, real=0,00 secs] 
68,237: [GC (Allocation Failure) [PSYoungGen: 130112K->96K(126464K)] 131992K->1976K(301568K), 0,0005137 secs] [Times: user=0,00 sys=0,00, real=0,00 secs] 
68,281: [GC (Allocation Failure) [PSYoungGen: 126048K->64K(122368K)] 127928K->1944K(297472K), 0,0005018 secs] [Times: user=0,00 sys=0,00, real=0,00 secs] 
68,323: [GC (Allocation Failure) [PSYoungGen: 121920K->96K(146944K)] 123800K->1976K(322048K), 0,0004947 secs] [Times: user=0,00 sys=0,00, real=0,00 secs] 
68,374: [GC (Allocation Failure) [PSYoungGen: 146528K->96K(142336K)] 148408K->1976K(317440K), 0,0005104 secs] [Times: user=0,00 sys=0,00, real=0,00 secs] 
68,424: [GC (Allocation Failure) [PSYoungGen: 141920K->96K(137728K)] 143800K->1976K(312832K), 0,0004832 secs] [Times: user=0,00 sys=0,00, real=0,00 secs] 
68,471: [GC (Allocation Failure) [PSYoungGen: 137312K->96K(133120K)] 139192K->1976K(308224K), 0,0005016 secs] [Times: user=0,00 sys=0,00, real=0,00 secs] 
68,517: [GC (Allocation Failure) [PSYoungGen: 132704K->64K(129024K)] 134584K->1944K(304128K), 0,0004681 secs] [Times: user=0,00 sys=0,00, real=0,00 secs] 
68,562: [GC (Allocation Failure) [PSYoungGen: 128576K->96K(124928K)] 130456K->1976K(300032K), 0,0004906 secs] [Times: user=0,00 sys=0,00, real=0,00 secs] 
68,605: [GC (Allocation Failure) [PSYoungGen: 124512K->96K(121344K)] 126392K->1976K(296448K), 0,0005089 secs] [Times: user=0,00 sys=0,00, real=0,00 secs] 
68,647: [GC (Allocation Failure) [PSYoungGen: 120928K->96K(145920K)] 122808K->1976K(321024K), 0,0004899 secs] [Times: user=0,00 sys=0,00, real=0,00 secs] 
68,698: [GC (Allocation Failure) [PSYoungGen: 145504K->96K(175104K)] 147384K->1976K(350208K), 0,0005542 secs] [Times: user=0,00 sys=0,00, real=0,00 secs] 
68,759: [GC (Allocation Failure) [PSYoungGen: 174688K->64K(168960K)] 176568K->1944K(344064K), 0,0004976 secs] [Times: user=0,00 sys=0,00, real=0,00 secs] 
68,817: [GC (Allocation Failure) [PSYoungGen: 168512K->96K(163328K)] 170392K->1976K(338432K), 0,0005084 secs] [Times: user=0,00 sys=0,00, real=0,00 secs] 
68,874: [GC (Allocation Failure) [PSYoungGen: 162912K->96K(157696K)] 164792K->1976K(332800K), 0,0005125 secs] [Times: user=0,00 sys=0,00, real=0,00 secs] 
68,929: [GC (Allocation Failure) [PSYoungGen: 157280K->96K(152576K)] 159160K->1976K(327680K), 0,0004912 secs] [Times: user=0,00 sys=0,00, real=0,00 secs] 
68,982: [GC (Allocation Failure) [PSYoungGen: 152160K->96K(147456K)] 154040K->1976K(322560K), 0,0005098 secs] [Times: user=0,00 sys=0,00, real=0,00 secs] 
69,033: [GC (Allocation Failure) [PSYoungGen: 147040K->96K(142848K)] 148920K->1976K(317952K), 0,0004991 secs] [Times: user=0,00 sys=0,00, real=0,00 secs] 
69,082: [GC (Allocation Failure) [PSYoungGen: 142432K->96K(138240K)] 144312K->1976K(313344K), 0,0004979 secs] [Times: user=0,00 sys=0,00, real=0,00 secs] 
69,130: [GC (Allocation Failure) [PSYoungGen: 137824K->96K(133632K)] 139704K->1976K(308736K), 0,0004738 secs] [Times: user=0,00 sys=0,00, real=0,00 secs] 
69,176: [GC (Allocation Failure) [PSYoungGen: 133216K->64K(129536K)] 135096K->1944K(304640K), 0,0004858 secs] [Times: user=0,00 sys=0,00, real=0,00 secs] 
69,221: [GC (Allocation Failure) [PSYoungGen: 129088K->96K(125440K)] 130968K->1976K(300544K), 0,0004950 secs] [Times: user=0,00 sys=0,00, real=0,00 secs] 
69,265: [GC (Allocation Failure) [PSYoungGen: 125024K->96K(121344K)] 126904K->1976K(296448K), 0,0005463 secs] [Times: user=0,00 sys=0,00, real=0,00 secs] 
69,308: [GC (Allocation Failure) [PSYoungGen: 120928K->96K(145920K)] 122808K->1976K(321024K), 0,0005297 secs] [Times: user=0,01 sys=0,00, real=0,00 secs] 
69,359: [GC (Allocation Failure) [PSYoungGen: 145504K->64K(141312K)] 147384K->1944K(316416K), 0,0005124 secs] [Times: user=0,00 sys=0,00, real=0,00 secs] 
69,407: [GC (Allocation Failure) [PSYoungGen: 140864K->96K(136704K)] 142744K->1976K(311808K), 0,0004955 secs] [Times: user=0,00 sys=0,00, real=0,00 secs] 
69,455: [GC (Allocation Failure) [PSYoungGen: 136288K->96K(132608K)] 138168K->1976K(307712K), 0,0005659 secs] [Times: user=0,00 sys=0,00, real=0,01 secs] 
69,500: [GC (Allocation Failure) [PSYoungGen: 132192K->96K(128512K)] 134072K->1976K(303616K), 0,0004769 secs] [Times: user=0,00 sys=0,00, real=0,00 secs] 
69,545: [GC (Allocation Failure) [PSYoungGen: 128096K->64K(124416K)] 129976K->1944K(299520K), 0,0004855 secs] [Times: user=0,00 sys=0,00, real=0,01 secs] 
69,588: [GC (Allocation Failure) [PSYoungGen: 123968K->96K(149504K)] 125848K->1976K(324608K), 0,0004869 secs] [Times: user=0,00 sys=0,00, real=0,00 secs] 
69,640: [GC (Allocation Failure) [PSYoungGen: 149088K->96K(144384K)] 150968K->1976K(319488K), 0,0004990 secs] [Times: user=0,00 sys=0,00, real=0,00 secs] 
69,689: [GC (Allocation Failure) [PSYoungGen: 143968K->64K(139776K)] 145848K->1944K(314880K), 0,0005275 secs] [Times: user=0,00 sys=0,00, real=0,00 secs] 
69,738: [GC (Allocation Failure) [PSYoungGen: 139328K->96K(135168K)] 141208K->1976K(310272K), 0,0005100 secs] [Times: user=0,00 sys=0,00, real=0,00 secs] 
69,785: [GC (Allocation Failure) [PSYoungGen: 134752K->96K(131072K)] 136632K->1976K(306176K), 0,0004694 secs] [Times: user=0,00 sys=0,00, real=0,01 secs] 
69,830: [GC (Allocation Failure) [PSYoungGen: 130656K->96K(126976K)] 132536K->1976K(302080K), 0,0005006 secs] [Times: user=0,00 sys=0,00, real=0,00 secs] 
69,874: [GC (Allocation Failure) [PSYoungGen: 126560K->64K(152576K)] 128440K->1944K(327680K), 0,0005485 secs] [Times: user=0,00 sys=0,00, real=0,00 secs] 
69,927: [GC (Allocation Failure) [PSYoungGen: 152128K->96K(147456K)] 154008K->1976K(322560K), 0,0004851 secs] [Times: user=0,00 sys=0,00, real=0,00 secs] 
69,978: [GC (Allocation Failure) [PSYoungGen: 147040K->96K(142848K)] 148920K->1976K(317952K), 0,0005128 secs] [Times: user=0,00 sys=0,00, real=0,00 secs] 
70,027: [GC (Allocation Failure) [PSYoungGen: 142432K->96K(138240K)] 144312K->1976K(313344K), 0,0005004 secs] [Times: user=0,00 sys=0,00, real=0,00 secs] 
70,075: [GC (Allocation Failure) [PSYoungGen: 137824K->96K(133632K)] 139704K->1976K(308736K), 0,0004648 secs] [Times: user=0,00 sys=0,00, real=0,00 secs] 
70,122: [GC (Allocation Failure) [PSYoungGen: 133216K->96K(129536K)] 135096K->1976K(304640K), 0,0004734 secs] [Times: user=0,00 sys=0,00, real=0,00 secs] 
70,167: [GC (Allocation Failure) [PSYoungGen: 129120K->64K(155648K)] 131000K->1944K(330752K), 0,0006354 secs] [Times: user=0,00 sys=0,00, real=0,00 secs] 
70,221: [GC (Allocation Failure) [PSYoungGen: 155200K->96K(150528K)] 157080K->1976K(325632K), 0,0005084 secs] [Times: user=0,00 sys=0,00, real=0,00 secs] 
70,273: [GC (Allocation Failure) [PSYoungGen: 150112K->96K(145408K)] 151992K->1976K(320512K), 0,0004924 secs] [Times: user=0,00 sys=0,00, real=0,00 secs] 
70,324: [GC (Allocation Failure) [PSYoungGen: 144992K->96K(140800K)] 146872K->2000K(315904K), 0,0004977 secs] [Times: user=0,00 sys=0,00, real=0,00 secs] 
70,372: [GC (Allocation Failure) [PSYoungGen: 140384K->96K(136192K)] 142288K->2000K(311296K), 0,0005489 secs] [Times: user=0,00 sys=0,00, real=0,00 secs] 
70,420: [GC (Allocation Failure) [PSYoungGen: 135776K->96K(132096K)] 137680K->2000K(307200K), 0,0005050 secs] [Times: user=0,00 sys=0,00, real=0,00 secs] 
70,466: [GC (Allocation Failure) [PSYoungGen: 131680K->96K(128000K)] 133584K->2000K(303104K), 0,0005246 secs] [Times: user=0,00 sys=0,00, real=0,00 secs] 
70,511: [GC (Allocation Failure) [PSYoungGen: 127584K->96K(123904K)] 129488K->2000K(299008K), 0,0005154 secs] [Times: user=0,00 sys=0,00, real=0,00 secs] 
70,554: [GC (Allocation Failure) [PSYoungGen: 123488K->96K(148992K)] 125392K->2000K(324096K), 0,0005229 secs] [Times: user=0,00 sys=0,00, real=0,00 secs] 
70,605: [GC (Allocation Failure) [PSYoungGen: 148576K->64K(178688K)] 150480K->1968K(353792K), 0,0009508 secs] [Times: user=0,01 sys=0,00, real=0,00 secs] 
70,667: [GC (Allocation Failure) [PSYoungGen: 178240K->96K(214528K)] 180144K->2000K(389632K), 0,0004967 secs] [Times: user=0,00 sys=0,00, real=0,00 secs] 
70,741: [GC (Allocation Failure) [PSYoungGen: 214112K->96K(206336K)] 216016K->2000K(381440K), 0,0005121 secs] [Times: user=0,00 sys=0,00, real=0,00 secs] 
70,813: [GC (Allocation Failure) [PSYoungGen: 205920K->96K(198656K)] 207824K->2000K(373760K), 0,0005166 secs] [Times: user=0,00 sys=0,00, real=0,00 secs] 
70,882: [GC (Allocation Failure) [PSYoungGen: 198240K->96K(191488K)] 200144K->2000K(366592K), 0,0005250 secs] [Times: user=0,00 sys=0,00, real=0,00 secs] 
70,949: [GC (Allocation Failure) [PSYoungGen: 191072K->96K(184832K)] 192976K->2000K(359936K), 0,0005081 secs] [Times: user=0,00 sys=0,00, real=0,00 secs] 
71,013: [GC (Allocation Failure) [PSYoungGen: 184416K->96K(178176K)] 186320K->2000K(353280K), 0,0005219 secs] [Times: user=0,01 sys=0,00, real=0,00 secs] 
71,074: [GC (Allocation Failure) [PSYoungGen: 177760K->96K(172032K)] 179664K->2000K(347136K), 0,0005059 secs] [Times: user=0,00 sys=0,00, real=0,00 secs] 
71,134: [GC (Allocation Failure) [PSYoungGen: 171616K->96K(165888K)] 173520K->2000K(340992K), 0,0005397 secs] [Times: user=0,00 sys=0,00, real=0,00 secs] 
71,192: [GC (Allocation Failure) [PSYoungGen: 165472K->96K(160256K)] 167376K->2000K(335360K), 0,0005166 secs] [Times: user=0,01 sys=0,00, real=0,00 secs] 
71,247: [GC (Allocation Failure) [PSYoungGen: 159840K->96K(154624K)] 161744K->2000K(329728K), 0,0005083 secs] [Times: user=0,00 sys=0,00, real=0,00 secs] 
71,301: [GC (Allocation Failure) [PSYoungGen: 154208K->96K(149504K)] 156112K->2000K(324608K), 0,0005129 secs] [Times: user=0,01 sys=0,00, real=0,00 secs] 
71,353: [GC (Allocation Failure) [PSYoungGen: 149088K->96K(144384K)] 150992K->2000K(319488K), 0,0004986 secs] [Times: user=0,00 sys=0,00, real=0,00 secs] 
71,403: [GC (Allocation Failure) [PSYoungGen: 143968K->96K(139776K)] 145872K->2000K(314880K), 0,0005283 secs] [Times: user=0,00 sys=0,00, real=0,00 secs] 
71,452: [GC (Allocation Failure) [PSYoungGen: 139360K->96K(135168K)] 141264K->2000K(310272K), 0,0004946 secs] [Times: user=0,00 sys=0,00, real=0,00 secs] 
71,499: [GC (Allocation Failure) [PSYoungGen: 134752K->96K(131072K)] 136656K->2000K(306176K), 0,0004962 secs] [Times: user=0,00 sys=0,00, real=0,00 secs] 
71,544: [GC (Allocation Failure) [PSYoungGen: 130656K->96K(126976K)] 132560K->2000K(302080K), 0,0005001 secs] [Times: user=0,00 sys=0,00, real=0,00 secs] 
71,588: [GC (Allocation Failure) [PSYoungGen: 126560K->96K(122880K)] 128464K->2000K(297984K), 0,0005001 secs] [Times: user=0,01 sys=0,00, real=0,00 secs] 
71,631: [GC (Allocation Failure) [PSYoungGen: 122464K->96K(119296K)] 124368K->2000K(294400K), 0,0004944 secs] [Times: user=0,00 sys=0,00, real=0,00 secs] 
71,672: [GC (Allocation Failure) [PSYoungGen: 118880K->96K(143360K)] 120784K->2000K(318464K), 0,0005277 secs] [Times: user=0,00 sys=0,00, real=0,00 secs] 
71,722: [GC (Allocation Failure) [PSYoungGen: 142944K->96K(172032K)] 144848K->2000K(347136K), 0,0005238 secs] [Times: user=0,00 sys=0,00, real=0,00 secs] 
71,781: [GC (Allocation Failure) [PSYoungGen: 171616K->96K(165888K)] 173520K->2000K(340992K), 0,0005035 secs] [Times: user=0,00 sys=0,00, real=0,00 secs] 
71,839: [GC (Allocation Failure) [PSYoungGen: 165471K->96K(160256K)] 167376K->2000K(335360K), 0,0004787 secs] [Times: user=0,00 sys=0,00, real=0,00 secs] 
71,894: [GC (Allocation Failure) [PSYoungGen: 159840K->96K(154624K)] 161744K->2000K(329728K), 0,0005163 secs] [Times: user=0,00 sys=0,00, real=0,00 secs] 
71,948: [GC (Allocation Failure) [PSYoungGen: 154208K->96K(149504K)] 156112K->2000K(324608K), 0,0004816 secs] [Times: user=0,00 sys=0,00, real=0,00 secs] 
72,000: [GC (Allocation Failure) [PSYoungGen: 149088K->96K(144384K)] 150992K->2000K(319488K), 0,0004946 secs] [Times: user=0,00 sys=0,00, real=0,00 secs] 
72,050: [GC (Allocation Failure) [PSYoungGen: 143968K->96K(139776K)] 145872K->2000K(314880K), 0,0004765 secs] [Times: user=0,00 sys=0,00, real=0,00 secs] 
72,098: [GC (Allocation Failure) [PSYoungGen: 139360K->64K(135168K)] 141264K->1968K(310272K), 0,0005013 secs] [Times: user=0,00 sys=0,00, real=0,00 secs] 
72,145: [GC (Allocation Failure) [PSYoungGen: 134720K->96K(131072K)] 136624K->2000K(306176K), 0,0005126 secs] [Times: user=0,00 sys=0,00, real=0,01 secs] 
72,190: [GC (Allocation Failure) [PSYoungGen: 130656K->96K(126976K)] 132560K->2000K(302080K), 0,0004766 secs] [Times: user=0,00 sys=0,00, real=0,00 secs] 
72,234: [GC (Allocation Failure) [PSYoungGen: 126560K->96K(122880K)] 128464K->2000K(297984K), 0,0005062 secs] [Times: user=0,00 sys=0,00, real=0,00 secs] 
72,277: [GC (Allocation Failure) [PSYoungGen: 122464K->64K(119296K)] 124368K->1968K(294400K), 0,0004884 secs] [Times: user=0,00 sys=0,00, real=0,00 secs] 
72,319: [GC (Allocation Failure) [PSYoungGen: 118848K->96K(143360K)] 120752K->2000K(318464K), 0,0004807 secs] [Times: user=0,00 sys=0,00, real=0,00 secs] 
72,369: [GC (Allocation Failure) [PSYoungGen: 142944K->32K(172032K)] 144848K->1936K(347136K), 0,0006304 secs] [Times: user=0,00 sys=0,00, real=0,00 secs] 
72,428: [GC (Allocation Failure) [PSYoungGen: 171552K->96K(165888K)] 173456K->2000K(340992K), 0,0005218 secs] [Times: user=0,00 sys=0,00, real=0,00 secs] 
72,486: [GC (Allocation Failure) [PSYoungGen: 165472K->96K(160256K)] 167376K->2000K(335360K), 0,0005078 secs] [Times: user=0,00 sys=0,00, real=0,00 secs] 
72,541: [GC (Allocation Failure) [PSYoungGen: 159840K->96K(154624K)] 161744K->2000K(329728K), 0,0004840 secs] [Times: user=0,01 sys=0,00, real=0,00 secs] 
72,595: [GC (Allocation Failure) [PSYoungGen: 154208K->64K(149504K)] 156112K->1968K(324608K), 0,0004736 secs] [Times: user=0,00 sys=0,00, real=0,01 secs] 
72,647: [GC (Allocation Failure) [PSYoungGen: 149056K->96K(144384K)] 150960K->2000K(319488K), 0,0005068 secs] [Times: user=0,00 sys=0,00, real=0,00 secs] 
72,697: [GC (Allocation Failure) [PSYoungGen: 143968K->96K(139776K)] 145872K->2000K(314880K), 0,0004656 secs] [Times: user=0,00 sys=0,00, real=0,00 secs] 
72,745: [GC (Allocation Failure) [PSYoungGen: 139360K->96K(135168K)] 141264K->2000K(310272K), 0,0005254 secs] [Times: user=0,00 sys=0,00, real=0,00 secs] 
72,792: [GC (Allocation Failure) [PSYoungGen: 134751K->96K(131072K)] 136656K->2000K(306176K), 0,0005712 secs] [Times: user=0,00 sys=0,00, real=0,00 secs] 
72,838: [GC (Allocation Failure) [PSYoungGen: 130656K->96K(126976K)] 132560K->2000K(302080K), 0,0004904 secs] [Times: user=0,00 sys=0,00, real=0,00 secs] 
72,882: [GC (Allocation Failure) [PSYoungGen: 126560K->96K(122880K)] 128464K->2000K(297984K), 0,0005432 secs] [Times: user=0,00 sys=0,00, real=0,00 secs] 
72,924: [GC (Allocation Failure) [PSYoungGen: 122464K->96K(119296K)] 124368K->2000K(294400K), 0,0004678 secs] [Times: user=0,00 sys=0,00, real=0,00 secs] 
72,966: [GC (Allocation Failure) [PSYoungGen: 118880K->128K(115712K)] 120784K->2032K(290816K), 0,0004468 secs] [Times: user=0,00 sys=0,00, real=0,00 secs] 
73,006: [GC (Allocation Failure) [PSYoungGen: 115328K->96K(138752K)] 117232K->2000K(313856K), 0,0004821 secs] [Times: user=0,00 sys=0,00, real=0,00 secs] 
73,054: [GC (Allocation Failure) [PSYoungGen: 138336K->96K(166400K)] 140240K->2000K(341504K), 0,0005585 secs] [Times: user=0,00 sys=0,00, real=0,00 secs] 
73,112: [GC (Allocation Failure) [PSYoungGen: 165984K->64K(160768K)] 167888K->1968K(335872K), 0,0004776 secs] [Times: user=0,00 sys=0,00, real=0,00 secs] 
73,167: [GC (Allocation Failure) [PSYoungGen: 160320K->96K(155136K)] 162224K->2000K(330240K), 0,0005736 secs] [Times: user=0,00 sys=0,00, real=0,00 secs] 
73,221: [GC (Allocation Failure) [PSYoungGen: 154719K->96K(150016K)] 156624K->2000K(325120K), 0,0005228 secs] [Times: user=0,00 sys=0,00, real=0,00 secs] 
73,273: [GC (Allocation Failure) [PSYoungGen: 149600K->96K(144896K)] 151504K->2000K(320000K), 0,0004718 secs] [Times: user=0,00 sys=0,00, real=0,00 secs] 
73,327: [GC (Allocation Failure) [PSYoungGen: 144480K->64K(140288K)] 146384K->1968K(315392K), 0,0005611 secs] [Times: user=0,00 sys=0,00, real=0,00 secs] 
73,376: [GC (Allocation Failure) [PSYoungGen: 139840K->96K(168448K)] 141744K->2000K(343552K), 0,0009559 secs] [Times: user=0,00 sys=0,00, real=0,00 secs] 
73,435: [GC (Allocation Failure) [PSYoungGen: 168032K->96K(202240K)] 169936K->2000K(377344K), 0,0010626 secs] [Times: user=0,00 sys=0,00, real=0,00 secs] 
73,506: [GC (Allocation Failure) [PSYoungGen: 201824K->96K(242688K)] 203728K->2000K(417792K), 0,0005598 secs] [Times: user=0,00 sys=0,01, real=0,00 secs] 
73,590: [GC (Allocation Failure) [PSYoungGen: 242272K->96K(233472K)] 244176K->2000K(408576K), 0,0005026 secs] [Times: user=0,00 sys=0,00, real=0,00 secs] 
73,670: [GC (Allocation Failure) [PSYoungGen: 233055K->96K(224768K)] 234960K->2000K(399872K), 0,0005294 secs] [Times: user=0,00 sys=0,00, real=0,00 secs] 
73,748: [GC (Allocation Failure) [PSYoungGen: 224352K->96K(216576K)] 226256K->2000K(391680K), 0,0005832 secs] [Times: user=0,00 sys=0,00, real=0,00 secs] 
73,823: [GC (Allocation Failure) [PSYoungGen: 216160K->96K(208384K)] 218064K->2000K(383488K), 0,0005964 secs] [Times: user=0,00 sys=0,00, real=0,00 secs] 
73,895: [GC (Allocation Failure) [PSYoungGen: 207968K->96K(200704K)] 209872K->2000K(375808K), 0,0005409 secs] [Times: user=0,00 sys=0,00, real=0,01 secs] 
73,964: [GC (Allocation Failure) [PSYoungGen: 200288K->64K(193536K)] 202192K->1968K(368640K), 0,0005329 secs] [Times: user=0,00 sys=0,00, real=0,00 secs] 
74,032: [GC (Allocation Failure) [PSYoungGen: 193088K->96K(186368K)] 194992K->2000K(361472K), 0,0005907 secs] [Times: user=0,00 sys=0,00, real=0,00 secs] 
74,096: [GC (Allocation Failure) [PSYoungGen: 185952K->96K(179712K)] 187856K->2000K(354816K), 0,0005044 secs] [Times: user=0,00 sys=0,00, real=0,00 secs] 
74,159: [GC (Allocation Failure) [PSYoungGen: 179296K->96K(173568K)] 181200K->2000K(348672K), 0,0005132 secs] [Times: user=0,00 sys=0,00, real=0,00 secs] 
74,219: [GC (Allocation Failure) [PSYoungGen: 173152K->96K(167424K)] 175056K->2000K(342528K), 0,0005237 secs] [Times: user=0,01 sys=0,00, real=0,00 secs] 
74,278: [GC (Allocation Failure) [PSYoungGen: 167008K->96K(161792K)] 168912K->2000K(336896K), 0,0005149 secs] [Times: user=0,00 sys=0,00, real=0,00 secs] 
74,334: [GC (Allocation Failure) [PSYoungGen: 161376K->64K(156160K)] 163280K->1968K(331264K), 0,0005074 secs] [Times: user=0,00 sys=0,00, real=0,00 secs] 
74,388: [GC (Allocation Failure) [PSYoungGen: 155712K->96K(151040K)] 157616K->2000K(326144K), 0,0005145 secs] [Times: user=0,01 sys=0,00, real=0,00 secs] 
74,440: [GC (Allocation Failure) [PSYoungGen: 150624K->96K(145920K)] 152528K->2000K(321024K), 0,0005056 secs] [Times: user=0,00 sys=0,00, real=0,00 secs] 
74,491: [GC (Allocation Failure) [PSYoungGen: 145504K->64K(141312K)] 147408K->1968K(316416K), 0,0004793 secs] [Times: user=0,00 sys=0,00, real=0,00 secs] 
74,540: [GC (Allocation Failure) [PSYoungGen: 140864K->96K(136704K)] 142768K->2000K(311808K), 0,0005206 secs] [Times: user=0,00 sys=0,00, real=0,00 secs] 
74,587: [GC (Allocation Failure) [PSYoungGen: 136288K->96K(132608K)] 138192K->2000K(307712K), 0,0004873 secs] [Times: user=0,00 sys=0,00, real=0,00 secs] 
74,633: [GC (Allocation Failure) [PSYoungGen: 132192K->96K(128512K)] 134096K->2000K(303616K), 0,0005026 secs] [Times: user=0,00 sys=0,00, real=0,00 secs] 
74,678: [GC (Allocation Failure) [PSYoungGen: 128096K->64K(124416K)] 130000K->1968K(299520K), 0,0005097 secs] [Times: user=0,00 sys=0,00, real=0,00 secs] 
74,721: [GC (Allocation Failure) [PSYoungGen: 123968K->96K(120832K)] 125872K->2000K(295936K), 0,0005229 secs] [Times: user=0,00 sys=0,00, real=0,00 secs] 
74,763: [GC (Allocation Failure) [PSYoungGen: 120415K->96K(117248K)] 122320K->2000K(292352K), 0,0004907 secs] [Times: user=0,00 sys=0,00, real=0,00 secs] 
74,804: [GC (Allocation Failure) [PSYoungGen: 116832K->96K(140800K)] 118736K->2000K(315904K), 0,0004806 secs] [Times: user=0,00 sys=0,00, real=0,00 secs] 
74,852: [GC (Allocation Failure) [PSYoungGen: 140384K->64K(136192K)] 142288K->1968K(311296K), 0,0005072 secs] [Times: user=0,00 sys=0,00, real=0,00 secs] 
74,900: [GC (Allocation Failure) [PSYoungGen: 135744K->96K(132096K)] 137648K->2000K(307200K), 0,0005329 secs] [Times: user=0,00 sys=0,00, real=0,00 secs] 
74,946: [GC (Allocation Failure) [PSYoungGen: 131680K->96K(128000K)] 133584K->2000K(303104K), 0,0004964 secs] [Times: user=0,00 sys=0,00, real=0,00 secs] 
74,990: [GC (Allocation Failure) [PSYoungGen: 127584K->96K(153600K)] 129488K->2000K(328704K), 0,0005244 secs] [Times: user=0,00 sys=0,00, real=0,00 secs] 
75,043: [GC (Allocation Failure) [PSYoungGen: 153184K->96K(148480K)] 155088K->2000K(323584K), 0,0005136 secs] [Times: user=0,00 sys=0,00, real=0,00 secs] 
75,095: [GC (Allocation Failure) [PSYoungGen: 148064K->64K(143360K)] 149968K->1968K(318464K), 0,0005966 secs] [Times: user=0,00 sys=0,00, real=0,01 secs] 
75,144: [GC (Allocation Failure) [PSYoungGen: 142912K->96K(138752K)] 144816K->2000K(313856K), 0,0005556 secs] [Times: user=0,00 sys=0,00, real=0,01 secs] 
75,193: [GC (Allocation Failure) [PSYoungGen: 138335K->96K(134144K)] 140240K->2000K(309248K), 0,0005261 secs] [Times: user=0,00 sys=0,00, real=0,00 secs] 
75,240: [GC (Allocation Failure) [PSYoungGen: 133728K->96K(130048K)] 135632K->2000K(305152K), 0,0004827 secs] [Times: user=0,00 sys=0,00, real=0,00 secs] 
75,285: [GC (Allocation Failure) [PSYoungGen: 129632K->64K(125952K)] 131536K->1968K(301056K), 0,0004944 secs] [Times: user=0,00 sys=0,00, real=0,01 secs] 
75,328: [GC (Allocation Failure) [PSYoungGen: 125504K->96K(121856K)] 127408K->2000K(296960K), 0,0004946 secs] [Times: user=0,00 sys=0,00, real=0,00 secs] 
75,370: [GC (Allocation Failure) [PSYoungGen: 121440K->96K(146432K)] 123344K->2000K(321536K), 0,0005260 secs] [Times: user=0,00 sys=0,00, real=0,00 secs] 
75,422: [GC (Allocation Failure) [PSYoungGen: 146016K->96K(175616K)] 147920K->2000K(350720K), 0,0005376 secs] [Times: user=0,00 sys=0,00, real=0,00 secs] 
75,483: [GC (Allocation Failure) [PSYoungGen: 175200K->96K(169472K)] 177104K->2000K(344576K), 0,0005085 secs] [Times: user=0,00 sys=0,00, real=0,00 secs] 
75,541: [GC (Allocation Failure) [PSYoungGen: 169056K->64K(163840K)] 170960K->1968K(338944K), 0,0004956 secs] [Times: user=0,00 sys=0,00, real=0,00 secs] 
75,598: [GC (Allocation Failure) [PSYoungGen: 163392K->64K(158208K)] 165296K->1968K(333312K), 0,0005201 secs] [Times: user=0,01 sys=0,00, real=0,00 secs] 
75,653: [GC (Allocation Failure) [PSYoungGen: 157760K->96K(153088K)] 159664K->2000K(328192K), 0,0004839 secs] [Times: user=0,00 sys=0,00, real=0,00 secs] 
75,706: [GC (Allocation Failure) [PSYoungGen: 152672K->96K(147968K)] 154576K->2000K(323072K), 0,0005175 secs] [Times: user=0,00 sys=0,00, real=0,00 secs] 
75,757: [GC (Allocation Failure) [PSYoungGen: 147552K->96K(143360K)] 149456K->2000K(318464K), 0,0005151 secs] [Times: user=0,01 sys=0,00, real=0,00 secs] 
75,807: [GC (Allocation Failure) [PSYoungGen: 142944K->96K(138752K)] 144848K->2000K(313856K), 0,0005049 secs] [Times: user=0,00 sys=0,00, real=0,00 secs] 
75,855: [GC (Allocation Failure) [PSYoungGen: 138335K->96K(134144K)] 140240K->2000K(309248K), 0,0005081 secs] [Times: user=0,00 sys=0,00, real=0,01 secs] 
75,901: [GC (Allocation Failure) [PSYoungGen: 133728K->96K(130048K)] 135632K->2000K(305152K), 0,0005366 secs] [Times: user=0,00 sys=0,00, real=0,00 secs] 
75,946: [GC (Allocation Failure) [PSYoungGen: 129632K->96K(156160K)] 131536K->2000K(331264K), 0,0007851 secs] [Times: user=0,00 sys=0,00, real=0,00 secs] 
76,001: [GC (Allocation Failure) [PSYoungGen: 155744K->96K(187392K)] 157648K->2000K(362496K), 0,0004991 secs] [Times: user=0,00 sys=0,00, real=0,00 secs] 
76,065: [GC (Allocation Failure) [PSYoungGen: 186976K->96K(180736K)] 188880K->2000K(355840K), 0,0005017 secs] [Times: user=0,00 sys=0,00, real=0,00 secs] 
76,128: [GC (Allocation Failure) [PSYoungGen: 180320K->96K(174592K)] 182224K->2000K(349696K), 0,0005093 secs] [Times: user=0,00 sys=0,00, real=0,00 secs] 
76,188: [GC (Allocation Failure) [PSYoungGen: 174176K->96K(168448K)] 176080K->2000K(343552K), 0,0005323 secs] [Times: user=0,00 sys=0,00, real=0,00 secs] 
76,247: [GC (Allocation Failure) [PSYoungGen: 168032K->64K(162816K)] 169936K->1968K(337920K), 0,0005301 secs] [Times: user=0,00 sys=0,00, real=0,00 secs] 
76,303: [GC (Allocation Failure) [PSYoungGen: 162367K->96K(157184K)] 164272K->2000K(332288K), 0,0005079 secs] [Times: user=0,00 sys=0,00, real=0,00 secs] 
76,357: [GC (Allocation Failure) [PSYoungGen: 156768K->96K(152064K)] 158672K->2000K(327168K), 0,0004789 secs] [Times: user=0,00 sys=0,00, real=0,00 secs] 
76,410: [GC (Allocation Failure) [PSYoungGen: 151648K->96K(146944K)] 153552K->2000K(322048K), 0,0005180 secs] [Times: user=0,00 sys=0,00, real=0,00 secs] 
76,461: [GC (Allocation Failure) [PSYoungGen: 146528K->96K(142336K)] 148432K->2000K(317440K), 0,0005641 secs] [Times: user=0,01 sys=0,00, real=0,00 secs] 
76,510: [GC (Allocation Failure) [PSYoungGen: 141920K->96K(137728K)] 143824K->2000K(312832K), 0,0005056 secs] [Times: user=0,01 sys=0,00, real=0,00 secs] 
76,558: [GC (Allocation Failure) [PSYoungGen: 137312K->96K(133120K)] 139216K->2000K(308224K), 0,0004759 secs] [Times: user=0,00 sys=0,00, real=0,00 secs] 
76,604: [GC (Allocation Failure) [PSYoungGen: 132704K->96K(129024K)] 134608K->2000K(304128K), 0,0004740 secs] [Times: user=0,00 sys=0,00, real=0,00 secs] 
76,649: [GC (Allocation Failure) [PSYoungGen: 128608K->96K(124928K)] 130512K->2000K(300032K), 0,0005047 secs] [Times: user=0,01 sys=0,00, real=0,00 secs] 
76,692: [GC (Allocation Failure) [PSYoungGen: 124512K->64K(121344K)] 126416K->1968K(296448K), 0,0004903 secs] [Times: user=0,00 sys=0,00, real=0,00 secs] 
76,735: [GC (Allocation Failure) [PSYoungGen: 120896K->96K(117760K)] 122800K->2000K(292864K), 0,0005121 secs] [Times: user=0,00 sys=0,00, real=0,01 secs] 
76,776: [GC (Allocation Failure) [PSYoungGen: 117344K->96K(141312K)] 119248K->2000K(316416K), 0,0004993 secs] [Times: user=0,00 sys=0,00, real=0,00 secs] 
76,825: [GC (Allocation Failure) [PSYoungGen: 140896K->96K(136704K)] 142800K->2000K(311808K), 0,0005031 secs] [Times: user=0,00 sys=0,00, real=0,01 secs] 
76,872: [GC (Allocation Failure) [PSYoungGen: 136288K->96K(132608K)] 138192K->2000K(307712K), 0,0004905 secs] [Times: user=0,00 sys=0,00, real=0,00 secs] 
76,918: [GC (Allocation Failure) [PSYoungGen: 132192K->64K(159232K)] 134096K->1968K(334336K), 0,0006679 secs] [Times: user=0,00 sys=0,00, real=0,00 secs] 
76,973: [GC (Allocation Failure) [PSYoungGen: 158784K->96K(190976K)] 160688K->2000K(366080K), 0,0004988 secs] [Times: user=0,00 sys=0,00, real=0,00 secs] 
77,039: [GC (Allocation Failure) [PSYoungGen: 190560K->96K(184320K)] 192464K->2000K(359424K), 0,0004828 secs] [Times: user=0,00 sys=0,00, real=0,00 secs] 
77,102: [GC (Allocation Failure) [PSYoungGen: 183904K->96K(177664K)] 185808K->2000K(352768K), 0,0005073 secs] [Times: user=0,00 sys=0,00, real=0,00 secs] 
77,164: [GC (Allocation Failure) [PSYoungGen: 177248K->64K(171520K)] 179152K->1968K(346624K), 0,0005046 secs] [Times: user=0,00 sys=0,00, real=0,00 secs] 
77,223: [GC (Allocation Failure) [PSYoungGen: 171072K->96K(165376K)] 172976K->2000K(340480K), 0,0005275 secs] [Times: user=0,00 sys=0,00, real=0,00 secs] 
77,281: [GC (Allocation Failure) [PSYoungGen: 164960K->96K(159744K)] 166864K->2000K(334848K), 0,0004903 secs] [Times: user=0,00 sys=0,00, real=0,00 secs] 
77,336: [GC (Allocation Failure) [PSYoungGen: 159328K->96K(154112K)] 161232K->2000K(329216K), 0,0005088 secs] [Times: user=0,00 sys=0,00, real=0,00 secs] 
77,390: [GC (Allocation Failure) [PSYoungGen: 153696K->96K(148992K)] 155600K->2000K(324096K), 0,0005274 secs] [Times: user=0,00 sys=0,00, real=0,00 secs] 
77,441: [GC (Allocation Failure) [PSYoungGen: 148576K->64K(143872K)] 150480K->1968K(318976K), 0,0005294 secs] [Times: user=0,00 sys=0,00, real=0,00 secs] 
77,491: [GC (Allocation Failure) [PSYoungGen: 143424K->96K(139264K)] 145328K->2000K(314368K), 0,0005009 secs] [Times: user=0,00 sys=0,00, real=0,00 secs] 
77,539: [GC (Allocation Failure) [PSYoungGen: 138848K->96K(134656K)] 140752K->2000K(309760K), 0,0005076 secs] [Times: user=0,00 sys=0,00, real=0,00 secs] 
77,586: [GC (Allocation Failure) [PSYoungGen: 134240K->64K(130560K)] 136144K->1968K(305664K), 0,0004820 secs] [Times: user=0,00 sys=0,00, real=0,00 secs] 
77,631: [GC (Allocation Failure) [PSYoungGen: 130112K->96K(126464K)] 132016K->2000K(301568K), 0,0005004 secs] [Times: user=0,01 sys=0,00, real=0,00 secs] 
77,675: [GC (Allocation Failure) [PSYoungGen: 126048K->96K(122368K)] 127952K->2000K(297472K), 0,0004866 secs] [Times: user=0,00 sys=0,00, real=0,00 secs] 
77,718: [GC (Allocation Failure) [PSYoungGen: 121952K->96K(118784K)] 123856K->2000K(293888K), 0,0005222 secs] [Times: user=0,00 sys=0,00, real=0,00 secs] 
77,759: [GC (Allocation Failure) [PSYoungGen: 118368K->96K(142848K)] 120272K->2000K(317952K), 0,0004726 secs] [Times: user=0,00 sys=0,00, real=0,00 secs] 
77,809: [GC (Allocation Failure) [PSYoungGen: 142432K->96K(138240K)] 144336K->2000K(313344K), 0,0004865 secs] [Times: user=0,00 sys=0,00, real=0,00 secs] 
77,857: [GC (Allocation Failure) [PSYoungGen: 137824K->96K(133632K)] 139728K->2000K(308736K), 0,0004924 secs] [Times: user=0,00 sys=0,00, real=0,00 secs] 
77,906: [GC (Allocation Failure) [PSYoungGen: 133216K->96K(129536K)] 135120K->2000K(304640K), 0,0005301 secs] [Times: user=0,00 sys=0,00, real=0,00 secs] 
77,951: [GC (Allocation Failure) [PSYoungGen: 129120K->96K(125440K)] 131024K->2000K(300544K), 0,0004922 secs] [Times: user=0,00 sys=0,00, real=0,00 secs] 
77,994: [GC (Allocation Failure) [PSYoungGen: 125024K->96K(150528K)] 126928K->2000K(325632K), 0,0005262 secs] [Times: user=0,00 sys=0,00, real=0,00 secs] 
78,046: [GC (Allocation Failure) [PSYoungGen: 150112K->96K(145408K)] 152016K->2000K(320512K), 0,0004790 secs] [Times: user=0,00 sys=0,00, real=0,00 secs] 
78,097: [GC (Allocation Failure) [PSYoungGen: 144992K->64K(174592K)] 146896K->1968K(349696K), 0,0009776 secs] [Times: user=0,01 sys=0,00, real=0,00 secs] 
78,158: [GC (Allocation Failure) [PSYoungGen: 174144K->96K(209408K)] 176048K->2000K(384512K), 0,0005261 secs] [Times: user=0,00 sys=0,00, real=0,00 secs] 
78,230: [GC (Allocation Failure) [PSYoungGen: 208992K->96K(201728K)] 210896K->2000K(376832K), 0,0005212 secs] [Times: user=0,00 sys=0,00, real=0,00 secs] 
78,300: [GC (Allocation Failure) [PSYoungGen: 201312K->96K(194560K)] 203216K->2000K(369664K), 0,0005241 secs] [Times: user=0,00 sys=0,00, real=0,00 secs] 
78,368: [GC (Allocation Failure) [PSYoungGen: 194144K->96K(187392K)] 196048K->2000K(362496K), 0,0005738 secs] [Times: user=0,00 sys=0,00, real=0,00 secs] 
78,433: [GC (Allocation Failure) [PSYoungGen: 186976K->96K(180736K)] 188880K->2000K(355840K), 0,0005326 secs] [Times: user=0,00 sys=0,00, real=0,00 secs] 
78,495: [GC (Allocation Failure) [PSYoungGen: 180319K->96K(174592K)] 182224K->2000K(349696K), 0,0005153 secs] [Times: user=0,00 sys=0,00, real=0,00 secs] 
78,555: [GC (Allocation Failure) [PSYoungGen: 174176K->64K(168448K)] 176080K->1968K(343552K), 0,0005114 secs] [Times: user=0,00 sys=0,00, real=0,00 secs] 
78,614: [GC (Allocation Failure) [PSYoungGen: 168000K->64K(162816K)] 169904K->1968K(337920K), 0,0005191 secs] [Times: user=0,01 sys=0,00, real=0,00 secs] 
78,670: [GC (Allocation Failure) [PSYoungGen: 162368K->96K(157184K)] 164272K->2000K(332288K), 0,0005104 secs] [Times: user=0,00 sys=0,00, real=0,00 secs] 
78,725: [GC (Allocation Failure) [PSYoungGen: 156768K->64K(152064K)] 158672K->1968K(327168K), 0,0005323 secs] [Times: user=0,00 sys=0,00, real=0,00 secs] 
78,778: [GC (Allocation Failure) [PSYoungGen: 151616K->96K(146944K)] 153520K->2000K(322048K), 0,0005170 secs] [Times: user=0,00 sys=0,00, real=0,00 secs] 
78,829: [GC (Allocation Failure) [PSYoungGen: 146528K->96K(142336K)] 148432K->2000K(317440K), 0,0004979 secs] [Times: user=0,00 sys=0,00, real=0,00 secs] 
78,878: [GC (Allocation Failure) [PSYoungGen: 141920K->96K(137728K)] 143824K->2000K(312832K), 0,0005725 secs] [Times: user=0,00 sys=0,00, real=0,00 secs] 
78,926: [GC (Allocation Failure) [PSYoungGen: 137312K->64K(133120K)] 139216K->1968K(308224K), 0,0005195 secs] [Times: user=0,00 sys=0,00, real=0,00 secs] 
78,972: [GC (Allocation Failure) [PSYoungGen: 132672K->64K(129024K)] 134576K->1968K(304128K), 0,0004966 secs] [Times: user=0,00 sys=0,00, real=0,00 secs] 
79,017: [GC (Allocation Failure) [PSYoungGen: 128576K->96K(124928K)] 130480K->2000K(300032K), 0,0005778 secs] [Times: user=0,00 sys=0,00, real=0,00 secs] 
79,060: [GC (Allocation Failure) [PSYoungGen: 124512K->96K(150016K)] 126416K->2000K(325120K), 0,0005053 secs] [Times: user=0,01 sys=0,00, real=0,00 secs] 
79,112: [GC (Allocation Failure) [PSYoungGen: 149600K->96K(144896K)] 151504K->2000K(320000K), 0,0005233 secs] [Times: user=0,00 sys=0,00, real=0,00 secs] 
79,162: [GC (Allocation Failure) [PSYoungGen: 144480K->32K(140288K)] 146384K->1936K(315392K), 0,0005718 secs] [Times: user=0,00 sys=0,00, real=0,00 secs] 
79,211: [GC (Allocation Failure) [PSYoungGen: 139808K->96K(135680K)] 141712K->2000K(310784K), 0,0005155 secs] [Times: user=0,00 sys=0,00, real=0,00 secs] 
79,258: [GC (Allocation Failure) [PSYoungGen: 135264K->96K(131584K)] 137168K->2000K(306688K), 0,0004777 secs] [Times: user=0,01 sys=0,00, real=0,00 secs] 
79,304: [GC (Allocation Failure) [PSYoungGen: 131168K->96K(127488K)] 133072K->2000K(302592K), 0,0005048 secs] [Times: user=0,00 sys=0,00, real=0,00 secs] 
79,348: [GC (Allocation Failure) [PSYoungGen: 127072K->96K(123392K)] 128976K->2000K(298496K), 0,0004845 secs] [Times: user=0,00 sys=0,00, real=0,00 secs] 
79,391: [GC (Allocation Failure) [PSYoungGen: 122976K->64K(147968K)] 124880K->1968K(323072K), 0,0005726 secs] [Times: user=0,00 sys=0,00, real=0,00 secs] 
79,442: [GC (Allocation Failure) [PSYoungGen: 147519K->96K(177664K)] 149424K->2000K(352768K), 0,0005670 secs] [Times: user=0,00 sys=0,00, real=0,00 secs] 
79,504: [GC (Allocation Failure) [PSYoungGen: 177248K->96K(171520K)] 179152K->2000K(346624K), 0,0005176 secs] [Times: user=0,00 sys=0,00, real=0,00 secs] 
79,565: [GC (Allocation Failure) [PSYoungGen: 171104K->96K(165376K)] 173008K->2000K(340480K), 0,0005137 secs] [Times: user=0,01 sys=0,00, real=0,00 secs] 
79,623: [GC (Allocation Failure) [PSYoungGen: 164960K->96K(159744K)] 166864K->2000K(334848K), 0,0005121 secs] [Times: user=0,00 sys=0,00, real=0,00 secs] 
79,678: [GC (Allocation Failure) [PSYoungGen: 159328K->96K(154112K)] 161232K->2000K(329216K), 0,0004836 secs] [Times: user=0,00 sys=0,00, real=0,00 secs] 
79,731: [GC (Allocation Failure) [PSYoungGen: 153696K->96K(148992K)] 155600K->2000K(324096K), 0,0005252 secs] [Times: user=0,00 sys=0,00, real=0,00 secs] 
79,783: [GC (Allocation Failure) [PSYoungGen: 148576K->96K(143872K)] 150480K->2000K(318976K), 0,0005299 secs] [Times: user=0,00 sys=0,00, real=0,00 secs] 
79,833: [GC (Allocation Failure) [PSYoungGen: 143456K->96K(139264K)] 145360K->2000K(314368K), 0,0005013 secs] [Times: user=0,00 sys=0,00, real=0,00 secs] 
79,881: [GC (Allocation Failure) [PSYoungGen: 138848K->96K(134656K)] 140752K->2000K(309760K), 0,0005085 secs] [Times: user=0,00 sys=0,00, real=0,00 secs] 
79,928: [GC (Allocation Failure) [PSYoungGen: 134240K->96K(130560K)] 136144K->2000K(305664K), 0,0005207 secs] [Times: user=0,00 sys=0,00, real=0,00 secs] 
79,974: [GC (Allocation Failure) [PSYoungGen: 130144K->96K(126464K)] 132048K->2000K(301568K), 0,0004752 secs] [Times: user=0,00 sys=0,00, real=0,00 secs] 
80,018: [GC (Allocation Failure) [PSYoungGen: 126048K->64K(122368K)] 127952K->1968K(297472K), 0,0004920 secs] [Times: user=0,00 sys=0,00, real=0,00 secs] 
80,060: [GC (Allocation Failure) [PSYoungGen: 121920K->96K(118784K)] 123824K->2000K(293888K), 0,0005019 secs] [Times: user=0,00 sys=0,00, real=0,00 secs] 
80,102: [GC (Allocation Failure) [PSYoungGen: 118367K->64K(142848K)] 120272K->1968K(317952K), 0,0004840 secs] [Times: user=0,01 sys=0,00, real=0,00 secs] 
80,151: [GC (Allocation Failure) [PSYoungGen: 142400K->96K(138240K)] 144304K->2000K(313344K), 0,0004831 secs] [Times: user=0,01 sys=0,00, real=0,00 secs] 
80,200: [GC (Allocation Failure) [PSYoungGen: 137824K->96K(133632K)] 139728K->2000K(308736K), 0,0005173 secs] [Times: user=0,00 sys=0,00, real=0,00 secs] 
80,246: [GC (Allocation Failure) [PSYoungGen: 133216K->96K(129536K)] 135120K->2000K(304640K), 0,0005111 secs] [Times: user=0,00 sys=0,00, real=0,00 secs] 
80,291: [GC (Allocation Failure) [PSYoungGen: 129120K->96K(125440K)] 131024K->2000K(300544K), 0,0005408 secs] [Times: user=0,00 sys=0,00, real=0,00 secs] 
80,335: [GC (Allocation Failure) [PSYoungGen: 125024K->96K(150528K)] 126928K->2024K(325632K), 0,0004990 secs] [Times: user=0,00 sys=0,00, real=0,00 secs] 
80,387: [GC (Allocation Failure) [PSYoungGen: 150112K->96K(145408K)] 152040K->2024K(320512K), 0,0005208 secs] [Times: user=0,00 sys=0,00, real=0,00 secs] 
80,438: [GC (Allocation Failure) [PSYoungGen: 144992K->64K(140800K)] 146920K->1992K(315904K), 0,0005160 secs] [Times: user=0,01 sys=0,00, real=0,00 secs] 
80,487: [GC (Allocation Failure) [PSYoungGen: 140352K->96K(136192K)] 142280K->2024K(311296K), 0,0004923 secs] [Times: user=0,00 sys=0,00, real=0,00 secs] 
80,534: [GC (Allocation Failure) [PSYoungGen: 135776K->96K(132096K)] 137704K->2024K(307200K), 0,0005402 secs] [Times: user=0,00 sys=0,00, real=0,00 secs] 
80,580: [GC (Allocation Failure) [PSYoungGen: 131680K->96K(128000K)] 133608K->2024K(303104K), 0,0005074 secs] [Times: user=0,00 sys=0,00, real=0,00 secs] 
80,624: [GC (Allocation Failure) [PSYoungGen: 127584K->96K(123904K)] 129512K->2024K(299008K), 0,0005039 secs] [Times: user=0,00 sys=0,00, real=0,00 secs] 
80,667: [GC (Allocation Failure) [PSYoungGen: 123488K->96K(148992K)] 125416K->2024K(324096K), 0,0005039 secs] [Times: user=0,00 sys=0,00, real=0,00 secs] 
80,719: [GC (Allocation Failure) [PSYoungGen: 148576K->96K(143872K)] 150504K->2024K(318976K), 0,0005354 secs] [Times: user=0,00 sys=0,00, real=0,00 secs] 
80,769: [GC (Allocation Failure) [PSYoungGen: 143456K->96K(139264K)] 145384K->2024K(314368K), 0,0004735 secs] [Times: user=0,00 sys=0,00, real=0,00 secs] 
80,817: [GC (Allocation Failure) [PSYoungGen: 138848K->96K(134656K)] 140776K->2024K(309760K), 0,0005192 secs] [Times: user=0,00 sys=0,00, real=0,00 secs] 
80,864: [GC (Allocation Failure) [PSYoungGen: 134240K->96K(130560K)] 136168K->2024K(305664K), 0,0005057 secs] [Times: user=0,01 sys=0,00, real=0,00 secs] 
80,910: [GC (Allocation Failure) [PSYoungGen: 130144K->96K(126464K)] 132072K->2024K(301568K), 0,0005176 secs] [Times: user=0,00 sys=0,00, real=0,00 secs] 
80,954: [GC (Allocation Failure) [PSYoungGen: 126048K->96K(152064K)] 127976K->2024K(327168K), 0,0005336 secs] [Times: user=0,01 sys=0,00, real=0,00 secs] 
81,006: [GC (Allocation Failure) [PSYoungGen: 151648K->96K(146944K)] 153576K->2024K(322048K), 0,0005079 secs] [Times: user=0,00 sys=0,00, real=0,00 secs] 
81,057: [GC (Allocation Failure) [PSYoungGen: 146528K->64K(142336K)] 148456K->1992K(317440K), 0,0005370 secs] [Times: user=0,00 sys=0,00, real=0,00 secs] 
81,106: [GC (Allocation Failure) [PSYoungGen: 141888K->96K(137728K)] 143816K->2024K(312832K), 0,0005040 secs] [Times: user=0,00 sys=0,00, real=0,00 secs] 
81,154: [GC (Allocation Failure) [PSYoungGen: 137312K->96K(165376K)] 139240K->2024K(340480K), 0,0005844 secs] [Times: user=0,00 sys=0,00, real=0,00 secs] 
81,211: [GC (Allocation Failure) [PSYoungGen: 164960K->96K(159744K)] 166888K->2024K(334848K), 0,0005102 secs] [Times: user=0,01 sys=0,00, real=0,00 secs] 
81,267: [GC (Allocation Failure) [PSYoungGen: 159328K->96K(154112K)] 161256K->2024K(329216K), 0,0005399 secs] [Times: user=0,00 sys=0,00, real=0,00 secs] 
81,320: [GC (Allocation Failure) [PSYoungGen: 153696K->96K(148992K)] 155624K->2024K(324096K), 0,0005091 secs] [Times: user=0,00 sys=0,00, real=0,00 secs] 
81,372: [GC (Allocation Failure) [PSYoungGen: 148576K->96K(143872K)] 150504K->2024K(318976K), 0,0005111 secs] [Times: user=0,00 sys=0,00, real=0,00 secs] 
81,422: [GC (Allocation Failure) [PSYoungGen: 143456K->96K(139264K)] 145384K->2024K(314368K), 0,0005298 secs] [Times: user=0,00 sys=0,00, real=0,00 secs] 
81,470: [GC (Allocation Failure) [PSYoungGen: 138848K->64K(134656K)] 140776K->1992K(309760K), 0,0004978 secs] [Times: user=0,00 sys=0,00, real=0,00 secs] 
81,518: [GC (Allocation Failure) [PSYoungGen: 134208K->96K(130560K)] 136136K->2024K(305664K), 0,0004857 secs] [Times: user=0,00 sys=0,00, real=0,00 secs] 
81,563: [GC (Allocation Failure) [PSYoungGen: 130144K->96K(126464K)] 132072K->2024K(301568K), 0,0005756 secs] [Times: user=0,00 sys=0,00, real=0,00 secs] 
81,607: [GC (Allocation Failure) [PSYoungGen: 126048K->64K(152064K)] 127976K->1992K(327168K), 0,0005011 secs] [Times: user=0,00 sys=0,00, real=0,00 secs] 
81,659: [GC (Allocation Failure) [PSYoungGen: 151616K->64K(146944K)] 153544K->1992K(322048K), 0,0005198 secs] [Times: user=0,00 sys=0,00, real=0,00 secs] 
81,710: [GC (Allocation Failure) [PSYoungGen: 146496K->96K(142336K)] 148424K->2024K(317440K), 0,0005290 secs] [Times: user=0,00 sys=0,00, real=0,00 secs] 
81,760: [GC (Allocation Failure) [PSYoungGen: 141920K->96K(137728K)] 143848K->2024K(312832K), 0,0005190 secs] [Times: user=0,00 sys=0,00, real=0,00 secs] 
81,808: [GC (Allocation Failure) [PSYoungGen: 137312K->96K(133120K)] 139240K->2024K(308224K), 0,0005194 secs] [Times: user=0,00 sys=0,00, real=0,00 secs] 
81,854: [GC (Allocation Failure) [PSYoungGen: 132704K->64K(129024K)] 134632K->1992K(304128K), 0,0004350 secs] [Times: user=0,00 sys=0,00, real=0,00 secs] 
81,899: [GC (Allocation Failure) [PSYoungGen: 128576K->96K(124928K)] 130504K->2024K(300032K), 0,0005254 secs] [Times: user=0,00 sys=0,00, real=0,00 secs] 
81,942: [GC (Allocation Failure) [PSYoungGen: 124512K->96K(121344K)] 126440K->2024K(296448K), 0,0005141 secs] [Times: user=0,00 sys=0,00, real=0,00 secs] 
81,984: [GC (Allocation Failure) [PSYoungGen: 120928K->96K(145920K)] 122856K->2024K(321024K), 0,0004976 secs] [Times: user=0,00 sys=0,00, real=0,00 secs] 
82,034: [GC (Allocation Failure) [PSYoungGen: 145504K->96K(175104K)] 147432K->2024K(350208K), 0,0005814 secs] [Times: user=0,01 sys=0,00, real=0,01 secs] 
82,095: [GC (Allocation Failure) [PSYoungGen: 174688K->96K(168960K)] 176616K->2024K(344064K), 0,0004884 secs] [Times: user=0,01 sys=0,00, real=0,00 secs] 
82,153: [GC (Allocation Failure) [PSYoungGen: 168544K->96K(163328K)] 170472K->2024K(338432K), 0,0005161 secs] [Times: user=0,00 sys=0,00, real=0,00 secs] 
82,210: [GC (Allocation Failure) [PSYoungGen: 162912K->96K(157696K)] 164840K->2024K(332800K), 0,0005210 secs] [Times: user=0,00 sys=0,00, real=0,00 secs] 
82,264: [GC (Allocation Failure) [PSYoungGen: 157280K->96K(152576K)] 159208K->2024K(327680K), 0,0004899 secs] [Times: user=0,00 sys=0,00, real=0,01 secs] 
82,317: [GC (Allocation Failure) [PSYoungGen: 152160K->96K(147456K)] 154088K->2024K(322560K), 0,0004477 secs] [Times: user=0,00 sys=0,00, real=0,00 secs] 
82,368: [GC (Allocation Failure) [PSYoungGen: 147040K->64K(142848K)] 148968K->1992K(317952K), 0,0005014 secs] [Times: user=0,00 sys=0,00, real=0,00 secs] 
82,418: [GC (Allocation Failure) [PSYoungGen: 142400K->96K(138240K)] 144328K->2024K(313344K), 0,0004869 secs] [Times: user=0,00 sys=0,00, real=0,00 secs] 
82,466: [GC (Allocation Failure) [PSYoungGen: 137824K->96K(133632K)] 139752K->2024K(308736K), 0,0005008 secs] [Times: user=0,00 sys=0,00, real=0,00 secs] 
82,513: [GC (Allocation Failure) [PSYoungGen: 133216K->96K(129536K)] 135144K->2024K(304640K), 0,0005386 secs] [Times: user=0,00 sys=0,00, real=0,00 secs] 
82,558: [GC (Allocation Failure) [PSYoungGen: 129120K->96K(125440K)] 131048K->2024K(300544K), 0,0004855 secs] [Times: user=0,00 sys=0,00, real=0,00 secs] 
82,601: [GC (Allocation Failure) [PSYoungGen: 125024K->96K(121344K)] 126952K->2024K(296448K), 0,0004867 secs] [Times: user=0,01 sys=0,00, real=0,00 secs] 
82,643: [GC (Allocation Failure) [PSYoungGen: 120928K->96K(145920K)] 122856K->2024K(321024K), 0,0005717 secs] [Times: user=0,00 sys=0,00, real=0,00 secs] 
82,694: [GC (Allocation Failure) [PSYoungGen: 145504K->64K(175104K)] 147432K->1992K(350208K), 0,0007035 secs] [Times: user=0,00 sys=0,00, real=0,00 secs] 
82,755: [GC (Allocation Failure) [PSYoungGen: 174656K->96K(210432K)] 176584K->2024K(385536K), 0,0005257 secs] [Times: user=0,00 sys=0,00, real=0,01 secs] 
82,827: [GC (Allocation Failure) [PSYoungGen: 210016K->64K(202752K)] 211944K->1992K(377856K), 0,0004949 secs] [Times: user=0,00 sys=0,00, real=0,00 secs] 
82,897: [GC (Allocation Failure) [PSYoungGen: 202303K->64K(195584K)] 204232K->1992K(370688K), 0,0005645 secs] [Times: user=0,00 sys=0,00, real=0,00 secs] 
82,965: [GC (Allocation Failure) [PSYoungGen: 195135K->96K(188416K)] 197064K->2024K(363520K), 0,0005353 secs] [Times: user=0,00 sys=0,00, real=0,01 secs] 
83,030: [GC (Allocation Failure) [PSYoungGen: 188000K->96K(181760K)] 189928K->2024K(356864K), 0,0005183 secs] [Times: user=0,00 sys=0,00, real=0,00 secs] 
83,093: [GC (Allocation Failure) [PSYoungGen: 181344K->96K(175616K)] 183272K->2024K(350720K), 0,0005633 secs] [Times: user=0,00 sys=0,00, real=0,00 secs] 
83,154: [GC (Allocation Failure) [PSYoungGen: 175200K->96K(169472K)] 177128K->2024K(344576K), 0,0004819 secs] [Times: user=0,00 sys=0,00, real=0,00 secs] 
83,213: [GC (Allocation Failure) [PSYoungGen: 169056K->96K(163840K)] 170984K->2024K(338944K), 0,0005295 secs] [Times: user=0,00 sys=0,00, real=0,00 secs] 
83,269: [GC (Allocation Failure) [PSYoungGen: 163424K->32K(158208K)] 165352K->1960K(333312K), 0,0004710 secs] [Times: user=0,00 sys=0,00, real=0,00 secs] 
83,327: [GC (Allocation Failure) [PSYoungGen: 157728K->96K(153088K)] 159656K->2024K(328192K), 0,0005340 secs] [Times: user=0,00 sys=0,00, real=0,00 secs] 
83,380: [GC (Allocation Failure) [PSYoungGen: 152672K->96K(147968K)] 154600K->2024K(323072K), 0,0005545 secs] [Times: user=0,00 sys=0,00, real=0,00 secs] 
83,431: [GC (Allocation Failure) [PSYoungGen: 147552K->64K(143360K)] 149480K->1992K(318464K), 0,0005241 secs] [Times: user=0,00 sys=0,00, real=0,00 secs] 
83,481: [GC (Allocation Failure) [PSYoungGen: 142912K->96K(138752K)] 144840K->2024K(313856K), 0,0005790 secs] [Times: user=0,00 sys=0,00, real=0,00 secs] 
83,529: [GC (Allocation Failure) [PSYoungGen: 138336K->96K(134144K)] 140264K->2024K(309248K), 0,0005123 secs] [Times: user=0,00 sys=0,00, real=0,00 secs] 
83,576: [GC (Allocation Failure) [PSYoungGen: 133728K->96K(130048K)] 135656K->2024K(305152K), 0,0004915 secs] [Times: user=0,00 sys=0,00, real=0,00 secs] 
83,621: [GC (Allocation Failure) [PSYoungGen: 129632K->96K(125952K)] 131560K->2024K(301056K), 0,0005019 secs] [Times: user=0,00 sys=0,00, real=0,00 secs] 
83,665: [GC (Allocation Failure) [PSYoungGen: 125536K->96K(151040K)] 127464K->2024K(326144K), 0,0005738 secs] [Times: user=0,00 sys=0,00, real=0,01 secs] 
83,717: [GC (Allocation Failure) [PSYoungGen: 150624K->96K(145920K)] 152552K->2024K(321024K), 0,0005145 secs] [Times: user=0,00 sys=0,00, real=0,00 secs] 
83,768: [GC (Allocation Failure) [PSYoungGen: 145504K->64K(141312K)] 147432K->1992K(316416K), 0,0005595 secs] [Times: user=0,00 sys=0,00, real=0,00 secs] 
83,817: [GC (Allocation Failure) [PSYoungGen: 140864K->96K(136704K)] 142792K->2024K(311808K), 0,0005069 secs] [Times: user=0,00 sys=0,00, real=0,00 secs] 
83,865: [GC (Allocation Failure) [PSYoungGen: 136288K->96K(132608K)] 138216K->2024K(307712K), 0,0005462 secs] [Times: user=0,00 sys=0,00, real=0,01 secs] 
83,911: [GC (Allocation Failure) [PSYoungGen: 132192K->96K(128512K)] 134120K->2024K(303616K), 0,0005146 secs] [Times: user=0,01 sys=0,00, real=0,00 secs] 
83,956: [GC (Allocation Failure) [PSYoungGen: 128096K->96K(154112K)] 130024K->2024K(329216K), 0,0005164 secs] [Times: user=0,00 sys=0,01, real=0,00 secs] 
84,009: [GC (Allocation Failure) [PSYoungGen: 153696K->96K(148992K)] 155624K->2024K(324096K), 0,0005017 secs] [Times: user=0,00 sys=0,00, real=0,00 secs] 
84,061: [GC (Allocation Failure) [PSYoungGen: 148576K->96K(143872K)] 150504K->2024K(318976K), 0,0004827 secs] [Times: user=0,00 sys=0,00, real=0,00 secs] 
84,115: [GC (Allocation Failure) [PSYoungGen: 143456K->64K(139264K)] 145384K->1992K(314368K), 0,0006408 secs] [Times: user=0,00 sys=0,00, real=0,00 secs] 
84,164: [GC (Allocation Failure) [PSYoungGen: 138816K->96K(167424K)] 140744K->2024K(342528K), 0,0006131 secs] [Times: user=0,00 sys=0,00, real=0,01 secs] 
84,223: [GC (Allocation Failure) [PSYoungGen: 167008K->64K(161792K)] 168936K->1992K(336896K), 0,0005102 secs] [Times: user=0,01 sys=0,00, real=0,00 secs] 
84,279: [GC (Allocation Failure) [PSYoungGen: 161344K->96K(156160K)] 163272K->2024K(331264K), 0,0004859 secs] [Times: user=0,00 sys=0,00, real=0,00 secs] 
84,333: [GC (Allocation Failure) [PSYoungGen: 155744K->96K(151040K)] 157672K->2024K(326144K), 0,0005303 secs] [Times: user=0,00 sys=0,00, real=0,00 secs] 
84,386: [GC (Allocation Failure) [PSYoungGen: 150624K->96K(145920K)] 152552K->2024K(321024K), 0,0005173 secs] [Times: user=0,00 sys=0,00, real=0,00 secs] 
84,436: [GC (Allocation Failure) [PSYoungGen: 145504K->96K(141312K)] 147432K->2024K(316416K), 0,0005308 secs] [Times: user=0,00 sys=0,00, real=0,00 secs] 
84,485: [GC (Allocation Failure) [PSYoungGen: 140896K->96K(136704K)] 142824K->2024K(311808K), 0,0004976 secs] [Times: user=0,00 sys=0,00, real=0,00 secs] 
84,533: [GC (Allocation Failure) [PSYoungGen: 136288K->96K(132608K)] 138216K->2024K(307712K), 0,0004944 secs] [Times: user=0,00 sys=0,00, real=0,00 secs] 
84,579: [GC (Allocation Failure) [PSYoungGen: 132192K->96K(128512K)] 134120K->2024K(303616K), 0,0004821 secs] [Times: user=0,00 sys=0,00, real=0,00 secs] 
84,623: [GC (Allocation Failure) [PSYoungGen: 128096K->96K(124416K)] 130024K->2024K(299520K), 0,0005005 secs] [Times: user=0,00 sys=0,00, real=0,00 secs] 
84,667: [GC (Allocation Failure) [PSYoungGen: 124000K->96K(120832K)] 125928K->2024K(295936K), 0,0005058 secs] [Times: user=0,00 sys=0,00, real=0,00 secs] 
84,709: [GC (Allocation Failure) [PSYoungGen: 120416K->96K(144896K)] 122344K->2024K(320000K), 0,0005237 secs] [Times: user=0,01 sys=0,00, real=0,00 secs] 
84,759: [GC (Allocation Failure) [PSYoungGen: 144480K->96K(174080K)] 146408K->2024K(349184K), 0,0005291 secs] [Times: user=0,00 sys=0,00, real=0,00 secs] 
84,819: [GC (Allocation Failure) [PSYoungGen: 173664K->96K(167936K)] 175592K->2024K(343040K), 0,0005113 secs] [Times: user=0,00 sys=0,00, real=0,00 secs] 
84,877: [GC (Allocation Failure) [PSYoungGen: 167520K->96K(162304K)] 169448K->2024K(337408K), 0,0005131 secs] [Times: user=0,01 sys=0,00, real=0,00 secs] 
84,934: [GC (Allocation Failure) [PSYoungGen: 161887K->96K(156672K)] 163816K->2024K(331776K), 0,0005241 secs] [Times: user=0,00 sys=0,00, real=0,00 secs] 
84,988: [GC (Allocation Failure) [PSYoungGen: 156256K->96K(151552K)] 158184K->2024K(326656K), 0,0005084 secs] [Times: user=0,00 sys=0,00, real=0,00 secs] 
85,041: [GC (Allocation Failure) [PSYoungGen: 151136K->64K(181760K)] 153064K->1992K(356864K), 0,0010134 secs] [Times: user=0,00 sys=0,00, real=0,00 secs] 
85,105: [GC (Allocation Failure) [PSYoungGen: 181312K->96K(218112K)] 183240K->2024K(393216K), 0,0005332 secs] [Times: user=0,01 sys=0,00, real=0,00 secs] 
85,181: [GC (Allocation Failure) [PSYoungGen: 217696K->96K(209920K)] 219624K->2024K(385024K), 0,0005501 secs] [Times: user=0,00 sys=0,00, real=0,00 secs] 
85,253: [GC (Allocation Failure) [PSYoungGen: 209504K->96K(202240K)] 211432K->2024K(377344K), 0,0005613 secs] [Times: user=0,00 sys=0,00, real=0,00 secs] 
85,324: [GC (Allocation Failure) [PSYoungGen: 201824K->96K(195072K)] 203752K->2024K(370176K), 0,0005300 secs] [Times: user=0,01 sys=0,00, real=0,00 secs] 
85,391: [GC (Allocation Failure) [PSYoungGen: 194656K->96K(187904K)] 196584K->2024K(363008K), 0,0004848 secs] [Times: user=0,00 sys=0,00, real=0,00 secs] 
85,456: [GC (Allocation Failure) [PSYoungGen: 187488K->96K(181248K)] 189416K->2024K(356352K), 0,0005122 secs] [Times: user=0,00 sys=0,00, real=0,00 secs] 
85,519: [GC (Allocation Failure) [PSYoungGen: 180832K->96K(175104K)] 182760K->2024K(350208K), 0,0004843 secs] [Times: user=0,00 sys=0,00, real=0,00 secs] 
85,580: [GC (Allocation Failure) [PSYoungGen: 174688K->96K(168960K)] 176616K->2024K(344064K), 0,0005077 secs] [Times: user=0,00 sys=0,00, real=0,00 secs] 
85,638: [GC (Allocation Failure) [PSYoungGen: 168544K->96K(163328K)] 170472K->2024K(338432K), 0,0005152 secs] [Times: user=0,00 sys=0,00, real=0,00 secs] 
85,695: [GC (Allocation Failure) [PSYoungGen: 162912K->96K(157696K)] 164840K->2024K(332800K), 0,0005097 secs] [Times: user=0,00 sys=0,00, real=0,01 secs] 
85,749: [GC (Allocation Failure) [PSYoungGen: 157280K->96K(152576K)] 159208K->2024K(327680K), 0,0005024 secs] [Times: user=0,00 sys=0,00, real=0,00 secs] 
85,802: [GC (Allocation Failure) [PSYoungGen: 152160K->64K(147456K)] 154088K->1992K(322560K), 0,0005263 secs] [Times: user=0,00 sys=0,00, real=0,00 secs] 
85,853: [GC (Allocation Failure) [PSYoungGen: 147008K->96K(142848K)] 148936K->2024K(317952K), 0,0004810 secs] [Times: user=0,00 sys=0,00, real=0,00 secs] 
85,903: [GC (Allocation Failure) [PSYoungGen: 142432K->96K(138240K)] 144360K->2032K(313344K), 0,0005420 secs] [Times: user=0,00 sys=0,00, real=0,00 secs] 
85,952: [GC (Allocation Failure) [PSYoungGen: 137824K->96K(133632K)] 139760K->2032K(308736K), 0,0005298 secs] [Times: user=0,00 sys=0,00, real=0,00 secs] 
85,998: [GC (Allocation Failure) [PSYoungGen: 133216K->96K(160256K)] 135152K->2032K(335360K), 0,0006660 secs] [Times: user=0,00 sys=0,00, real=0,00 secs] 
86,053: [GC (Allocation Failure) [PSYoungGen: 159840K->96K(154624K)] 161776K->2032K(329728K), 0,0005078 secs] [Times: user=0,00 sys=0,00, real=0,00 secs] 
86,107: [GC (Allocation Failure) [PSYoungGen: 154208K->32K(185856K)] 156144K->1968K(360960K), 0,0006444 secs] [Times: user=0,00 sys=0,00, real=0,00 secs] 
86,171: [GC (Allocation Failure) [PSYoungGen: 185376K->64K(179200K)] 187312K->2000K(354304K), 0,0005398 secs] [Times: user=0,00 sys=0,00, real=0,00 secs] 
86,233: [GC (Allocation Failure) [PSYoungGen: 178752K->96K(173056K)] 180688K->2032K(348160K), 0,0005757 secs] [Times: user=0,00 sys=0,00, real=0,00 secs] 
86,293: [GC (Allocation Failure) [PSYoungGen: 172640K->96K(166912K)] 174576K->2032K(342016K), 0,0005079 secs] [Times: user=0,00 sys=0,00, real=0,00 secs] 
86,351: [GC (Allocation Failure) [PSYoungGen: 166496K->96K(161280K)] 168432K->2032K(336384K), 0,0005223 secs] [Times: user=0,00 sys=0,00, real=0,00 secs] 
86,407: [GC (Allocation Failure) [PSYoungGen: 160864K->96K(155648K)] 162800K->2032K(330752K), 0,0005338 secs] [Times: user=0,00 sys=0,00, real=0,00 secs] 
86,461: [GC (Allocation Failure) [PSYoungGen: 155232K->96K(150528K)] 157168K->2032K(325632K), 0,0005301 secs] [Times: user=0,00 sys=0,00, real=0,00 secs] 
86,514: [GC (Allocation Failure) [PSYoungGen: 150112K->96K(145408K)] 152048K->2032K(320512K), 0,0004880 secs] [Times: user=0,00 sys=0,00, real=0,00 secs] 
86,564: [GC (Allocation Failure) [PSYoungGen: 144992K->96K(140800K)] 146928K->2032K(315904K), 0,0004942 secs] [Times: user=0,00 sys=0,00, real=0,00 secs] 
86,613: [GC (Allocation Failure) [PSYoungGen: 140384K->96K(136192K)] 142320K->2032K(311296K), 0,0004807 secs] [Times: user=0,00 sys=0,00, real=0,00 secs] 
86,660: [GC (Allocation Failure) [PSYoungGen: 135776K->64K(132096K)] 137712K->2000K(307200K), 0,0005052 secs] [Times: user=0,00 sys=0,00, real=0,00 secs] 
86,706: [GC (Allocation Failure) [PSYoungGen: 131648K->96K(128000K)] 133584K->2032K(303104K), 0,0005000 secs] [Times: user=0,00 sys=0,00, real=0,00 secs] 
86,750: [GC (Allocation Failure) [PSYoungGen: 127584K->96K(123904K)] 129520K->2032K(299008K), 0,0005366 secs] [Times: user=0,00 sys=0,00, real=0,00 secs] 
86,793: [GC (Allocation Failure) [PSYoungGen: 123488K->96K(120320K)] 125424K->2032K(295424K), 0,0004808 secs] [Times: user=0,01 sys=0,00, real=0,00 secs] 
86,835: [GC (Allocation Failure) [PSYoungGen: 119904K->96K(144384K)] 121840K->2032K(319488K), 0,0004934 secs] [Times: user=0,00 sys=0,00, real=0,01 secs] 
86,885: [GC (Allocation Failure) [PSYoungGen: 143968K->96K(139776K)] 145904K->2032K(314880K), 0,0005052 secs] [Times: user=0,00 sys=0,00, real=0,01 secs] 
86,933: [GC (Allocation Failure) [PSYoungGen: 139360K->96K(135168K)] 141296K->2032K(310272K), 0,0005223 secs] [Times: user=0,00 sys=0,00, real=0,00 secs] 
86,980: [GC (Allocation Failure) [PSYoungGen: 134752K->96K(131072K)] 136688K->2032K(306176K), 0,0005483 secs] [Times: user=0,00 sys=0,00, real=0,00 secs] 
87,026: [GC (Allocation Failure) [PSYoungGen: 130656K->96K(157184K)] 132592K->2032K(332288K), 0,0005187 secs] [Times: user=0,00 sys=0,00, real=0,00 secs] 
87,080: [GC (Allocation Failure) [PSYoungGen: 156768K->96K(152064K)] 158704K->2032K(327168K), 0,0004941 secs] [Times: user=0,01 sys=0,00, real=0,00 secs] 
87,133: [GC (Allocation Failure) [PSYoungGen: 151648K->96K(146944K)] 153584K->2032K(322048K), 0,0005187 secs] [Times: user=0,00 sys=0,00, real=0,00 secs] 
87,184: [GC (Allocation Failure) [PSYoungGen: 146528K->64K(142336K)] 148464K->2000K(317440K), 0,0005452 secs] [Times: user=0,00 sys=0,00, real=0,00 secs] 
87,233: [GC (Allocation Failure) [PSYoungGen: 141888K->64K(137728K)] 143824K->2000K(312832K), 0,0005114 secs] [Times: user=0,00 sys=0,00, real=0,00 secs] 
87,281: [GC (Allocation Failure) [PSYoungGen: 137280K->96K(133120K)] 139216K->2032K(308224K), 0,0005234 secs] [Times: user=0,00 sys=0,00, real=0,00 secs] 
87,327: [GC (Allocation Failure) [PSYoungGen: 132704K->96K(129024K)] 134640K->2032K(304128K), 0,0005063 secs] [Times: user=0,00 sys=0,00, real=0,00 secs] 
87,372: [GC (Allocation Failure) [PSYoungGen: 128608K->96K(155136K)] 130544K->2032K(330240K), 0,0005815 secs] [Times: user=0,00 sys=0,00, real=0,00 secs] 
87,426: [GC (Allocation Failure) [PSYoungGen: 154720K->96K(150016K)] 156656K->2032K(325120K), 0,0004864 secs] [Times: user=0,00 sys=0,00, real=0,00 secs] 
87,478: [GC (Allocation Failure) [PSYoungGen: 149600K->96K(144896K)] 151536K->2032K(320000K), 0,0005188 secs] [Times: user=0,00 sys=0,00, real=0,00 secs] 
87,528: [GC (Allocation Failure) [PSYoungGen: 144480K->96K(140288K)] 146416K->2032K(315392K), 0,0005027 secs] [Times: user=0,00 sys=0,00, real=0,00 secs] 
87,577: [GC (Allocation Failure) [PSYoungGen: 139872K->96K(135680K)] 141808K->2032K(310784K), 0,0005136 secs] [Times: user=0,00 sys=0,00, real=0,00 secs] 
87,625: [GC (Allocation Failure) [PSYoungGen: 135264K->96K(131584K)] 137200K->2032K(306688K), 0,0005038 secs] [Times: user=0,00 sys=0,00, real=0,01 secs] 
87,670: [GC (Allocation Failure) [PSYoungGen: 131168K->96K(127488K)] 133104K->2032K(302592K), 0,0004692 secs] [Times: user=0,00 sys=0,00, real=0,00 secs] 
87,714: [GC (Allocation Failure) [PSYoungGen: 127072K->96K(123392K)] 129008K->2032K(298496K), 0,0005138 secs] [Times: user=0,00 sys=0,00, real=0,01 secs] 
87,757: [GC (Allocation Failure) [PSYoungGen: 122976K->96K(119808K)] 124912K->2032K(294912K), 0,0004853 secs] [Times: user=0,00 sys=0,00, real=0,00 secs] 
87,799: [GC (Allocation Failure) [PSYoungGen: 119392K->96K(143872K)] 121328K->2032K(318976K), 0,0004984 secs] [Times: user=0,00 sys=0,00, real=0,00 secs] 
87,849: [GC (Allocation Failure) [PSYoungGen: 143455K->96K(139264K)] 145392K->2032K(314368K), 0,0004956 secs] [Times: user=0,00 sys=0,00, real=0,00 secs] 
87,897: [GC (Allocation Failure) [PSYoungGen: 138848K->96K(134656K)] 140784K->2032K(309760K), 0,0004922 secs] [Times: user=0,00 sys=0,00, real=0,00 secs] 
87,944: [GC (Allocation Failure) [PSYoungGen: 134240K->64K(130560K)] 136176K->2000K(305664K), 0,0005110 secs] [Times: user=0,00 sys=0,00, real=0,00 secs] 
87,989: [GC (Allocation Failure) [PSYoungGen: 130112K->96K(126464K)] 132048K->2032K(301568K), 0,0005052 secs] [Times: user=0,00 sys=0,00, real=0,00 secs] 
88,033: [GC (Allocation Failure) [PSYoungGen: 126048K->96K(122368K)] 127984K->2032K(297472K), 0,0004791 secs] [Times: user=0,00 sys=0,00, real=0,00 secs] 
88,075: [GC (Allocation Failure) [PSYoungGen: 121952K->96K(146944K)] 123888K->2032K(322048K), 0,0004946 secs] [Times: user=0,00 sys=0,00, real=0,00 secs] 
88,126: [GC (Allocation Failure) [PSYoungGen: 146528K->96K(142336K)] 148464K->2032K(317440K), 0,0004761 secs] [Times: user=0,00 sys=0,00, real=0,00 secs] 
88,176: [GC (Allocation Failure) [PSYoungGen: 141919K->96K(137728K)] 143856K->2032K(312832K), 0,0005099 secs] [Times: user=0,00 sys=0,00, real=0,00 secs] 
88,224: [GC (Allocation Failure) [PSYoungGen: 137312K->96K(133120K)] 139248K->2032K(308224K), 0,0005242 secs] [Times: user=0,00 sys=0,00, real=0,00 secs] 
88,270: [GC (Allocation Failure) [PSYoungGen: 132704K->64K(129024K)] 134640K->2000K(304128K), 0,0004917 secs] [Times: user=0,00 sys=0,00, real=0,00 secs] 
88,315: [GC (Allocation Failure) [PSYoungGen: 128576K->64K(124928K)] 130512K->2000K(300032K), 0,0005074 secs] [Times: user=0,00 sys=0,00, real=0,00 secs] 
88,359: [GC (Allocation Failure) [PSYoungGen: 124480K->96K(150016K)] 126416K->2032K(325120K), 0,0005522 secs] [Times: user=0,01 sys=0,00, real=0,00 secs] 
88,411: [GC (Allocation Failure) [PSYoungGen: 149600K->96K(144896K)] 151536K->2032K(320000K), 0,0005155 secs] [Times: user=0,00 sys=0,00, real=0,00 secs] 
88,461: [GC (Allocation Failure) [PSYoungGen: 144480K->96K(140288K)] 146416K->2032K(315392K), 0,0005365 secs] [Times: user=0,00 sys=0,00, real=0,00 secs] 
88,510: [GC (Allocation Failure) [PSYoungGen: 139872K->96K(135680K)] 141808K->2032K(310784K), 0,0005041 secs] [Times: user=0,00 sys=0,00, real=0,00 secs] 
88,557: [GC (Allocation Failure) [PSYoungGen: 135264K->96K(131584K)] 137200K->2032K(306688K), 0,0004768 secs] [Times: user=0,00 sys=0,00, real=0,00 secs] 
88,603: [GC (Allocation Failure) [PSYoungGen: 131168K->64K(158208K)] 133104K->2000K(333312K), 0,0009544 secs] [Times: user=0,00 sys=0,00, real=0,00 secs] 
88,658: [GC (Allocation Failure) [PSYoungGen: 157760K->96K(189952K)] 159696K->2032K(365056K), 0,0005796 secs] [Times: user=0,00 sys=0,00, real=0,00 secs] 
88,723: [GC (Allocation Failure) [PSYoungGen: 189536K->96K(227840K)] 191472K->2032K(402944K), 0,0005079 secs] [Times: user=0,00 sys=0,00, real=0,00 secs] 
88,802: [GC (Allocation Failure) [PSYoungGen: 227424K->96K(219136K)] 229360K->2032K(394240K), 0,0005206 secs] [Times: user=0,00 sys=0,00, real=0,00 secs] 
88,877: [GC (Allocation Failure) [PSYoungGen: 218720K->96K(210944K)] 220656K->2032K(386048K), 0,0004937 secs] [Times: user=0,00 sys=0,00, real=0,00 secs] 
88,950: [GC (Allocation Failure) [PSYoungGen: 210528K->96K(203264K)] 212464K->2032K(378368K), 0,0005427 secs] [Times: user=0,00 sys=0,00, real=0,00 secs] 
89,021: [GC (Allocation Failure) [PSYoungGen: 202848K->96K(196096K)] 204784K->2032K(371200K), 0,0005132 secs] [Times: user=0,00 sys=0,00, real=0,00 secs] 
89,088: [GC (Allocation Failure) [PSYoungGen: 195680K->96K(188928K)] 197616K->2032K(364032K), 0,0005232 secs] [Times: user=0,00 sys=0,00, real=0,00 secs] 
89,153: [GC (Allocation Failure) [PSYoungGen: 188512K->96K(182272K)] 190448K->2032K(357376K), 0,0005412 secs] [Times: user=0,01 sys=0,00, real=0,00 secs] 
89,217: [GC (Allocation Failure) [PSYoungGen: 181856K->96K(175616K)] 183792K->2032K(350720K), 0,0005196 secs] [Times: user=0,00 sys=0,00, real=0,00 secs] 
89,277: [GC (Allocation Failure) [PSYoungGen: 175200K->96K(169472K)] 177136K->2032K(344576K), 0,0005464 secs] [Times: user=0,00 sys=0,00, real=0,00 secs] 
89,336: [GC (Allocation Failure) [PSYoungGen: 169056K->96K(163840K)] 170992K->2032K(338944K), 0,0005467 secs] [Times: user=0,00 sys=0,00, real=0,00 secs] 
89,393: [GC (Allocation Failure) [PSYoungGen: 163424K->96K(158208K)] 165360K->2032K(333312K), 0,0005371 secs] [Times: user=0,00 sys=0,00, real=0,00 secs] 
89,448: [GC (Allocation Failure) [PSYoungGen: 157792K->96K(153088K)] 159728K->2032K(328192K), 0,0005207 secs] [Times: user=0,00 sys=0,00, real=0,00 secs] 
89,501: [GC (Allocation Failure) [PSYoungGen: 152672K->96K(147968K)] 154608K->2032K(323072K), 0,0005069 secs] [Times: user=0,01 sys=0,00, real=0,00 secs] 
89,552: [GC (Allocation Failure) [PSYoungGen: 147552K->96K(143360K)] 149488K->2032K(318464K), 0,0005054 secs] [Times: user=0,00 sys=0,00, real=0,00 secs] 
89,602: [GC (Allocation Failure) [PSYoungGen: 142944K->96K(138752K)] 144880K->2032K(313856K), 0,0004884 secs] [Times: user=0,00 sys=0,00, real=0,00 secs] 
89,650: [GC (Allocation Failure) [PSYoungGen: 138336K->96K(134144K)] 140272K->2032K(309248K), 0,0004954 secs] [Times: user=0,00 sys=0,00, real=0,00 secs] 
89,696: [GC (Allocation Failure) [PSYoungGen: 133728K->96K(130048K)] 135664K->2032K(305152K), 0,0004936 secs] [Times: user=0,00 sys=0,00, real=0,00 secs] 
89,742: [GC (Allocation Failure) [PSYoungGen: 129632K->96K(125952K)] 131568K->2032K(301056K), 0,0005276 secs] [Times: user=0,00 sys=0,00, real=0,00 secs] 
89,786: [GC (Allocation Failure) [PSYoungGen: 125536K->96K(121856K)] 127472K->2032K(296960K), 0,0005225 secs] [Times: user=0,00 sys=0,00, real=0,00 secs] 
89,828: [GC (Allocation Failure) [PSYoungGen: 121440K->96K(118272K)] 123376K->2032K(293376K), 0,0005007 secs] [Times: user=0,01 sys=0,00, real=0,00 secs] 
89,869: [GC (Allocation Failure) [PSYoungGen: 117856K->96K(141824K)] 119792K->2032K(316928K), 0,0004990 secs] [Times: user=0,00 sys=0,00, real=0,00 secs] 
89,918: [GC (Allocation Failure) [PSYoungGen: 141408K->96K(170496K)] 143344K->2032K(345600K), 0,0005163 secs] [Times: user=0,00 sys=0,00, real=0,00 secs] 
89,978: [GC (Allocation Failure) [PSYoungGen: 170080K->96K(164864K)] 172016K->2032K(339968K), 0,0005151 secs] [Times: user=0,00 sys=0,00, real=0,00 secs] 
90,035: [GC (Allocation Failure) [PSYoungGen: 164448K->96K(159232K)] 166384K->2032K(334336K), 0,0004858 secs] [Times: user=0,00 sys=0,00, real=0,01 secs] 
90,090: [GC (Allocation Failure) [PSYoungGen: 158816K->96K(154112K)] 160752K->2032K(329216K), 0,0004976 secs] [Times: user=0,00 sys=0,00, real=0,00 secs] 
90,143: [GC (Allocation Failure) [PSYoungGen: 153696K->96K(148992K)] 155632K->2032K(324096K), 0,0005296 secs] [Times: user=0,00 sys=0,00, real=0,00 secs] 
90,195: [GC (Allocation Failure) [PSYoungGen: 148576K->96K(143872K)] 150512K->2032K(318976K), 0,0005126 secs] [Times: user=0,01 sys=0,00, real=0,00 secs] 
90,245: [GC (Allocation Failure) [PSYoungGen: 143456K->96K(139264K)] 145392K->2032K(314368K), 0,0005182 secs] [Times: user=0,01 sys=0,00, real=0,00 secs] 
90,294: [GC (Allocation Failure) [PSYoungGen: 138848K->96K(134656K)] 140784K->2032K(309760K), 0,0005829 secs] [Times: user=0,00 sys=0,00, real=0,01 secs] 
90,342: [GC (Allocation Failure) [PSYoungGen: 134240K->96K(130560K)] 136176K->2056K(305664K), 0,0005381 secs] [Times: user=0,00 sys=0,00, real=0,00 secs] 
90,387: [GC (Allocation Failure) [PSYoungGen: 130144K->96K(126464K)] 132104K->2056K(301568K), 0,0004675 secs] [Times: user=0,00 sys=0,00, real=0,00 secs] 
90,430: [GC (Allocation Failure) [PSYoungGen: 126048K->96K(122368K)] 128008K->2056K(297472K), 0,0004930 secs] [Times: user=0,00 sys=0,00, real=0,00 secs] 
90,473: [GC (Allocation Failure) [PSYoungGen: 121952K->96K(146944K)] 123912K->2056K(322048K), 0,0005224 secs] [Times: user=0,00 sys=0,00, real=0,00 secs] 
90,524: [GC (Allocation Failure) [PSYoungGen: 146528K->96K(142336K)] 148488K->2056K(317440K), 0,0005277 secs] [Times: user=0,00 sys=0,00, real=0,00 secs] 
90,573: [GC (Allocation Failure) [PSYoungGen: 141920K->96K(137728K)] 143880K->2056K(312832K), 0,0005030 secs] [Times: user=0,00 sys=0,00, real=0,00 secs] 
90,621: [GC (Allocation Failure) [PSYoungGen: 137312K->96K(133120K)] 139272K->2056K(308224K), 0,0005288 secs] [Times: user=0,00 sys=0,00, real=0,00 secs] 
90,667: [GC (Allocation Failure) [PSYoungGen: 132704K->64K(129024K)] 134664K->2024K(304128K), 0,0004881 secs] [Times: user=0,01 sys=0,00, real=0,00 secs] 
90,712: [GC (Allocation Failure) [PSYoungGen: 128576K->96K(124928K)] 130536K->2056K(300032K), 0,0005124 secs] [Times: user=0,00 sys=0,00, real=0,00 secs] 
90,755: [GC (Allocation Failure) [PSYoungGen: 124512K->96K(150016K)] 126472K->2056K(325120K), 0,0005028 secs] [Times: user=0,00 sys=0,00, real=0,00 secs] 
90,807: [GC (Allocation Failure) [PSYoungGen: 149600K->96K(144896K)] 151560K->2056K(320000K), 0,0005126 secs] [Times: user=0,00 sys=0,00, real=0,00 secs] 
90,857: [GC (Allocation Failure) [PSYoungGen: 144480K->64K(140288K)] 146440K->2024K(315392K), 0,0005245 secs] [Times: user=0,00 sys=0,00, real=0,00 secs] 
90,906: [GC (Allocation Failure) [PSYoungGen: 139839K->64K(135680K)] 141800K->2024K(310784K), 0,0005379 secs] [Times: user=0,01 sys=0,00, real=0,00 secs] 
90,953: [GC (Allocation Failure) [PSYoungGen: 135232K->96K(131584K)] 137192K->2056K(306688K), 0,0005105 secs] [Times: user=0,00 sys=0,00, real=0,00 secs] 
90,998: [GC (Allocation Failure) [PSYoungGen: 131167K->96K(127488K)] 133128K->2056K(302592K), 0,0005394 secs] [Times: user=0,00 sys=0,00, real=0,00 secs] 
91,043: [GC (Allocation Failure) [PSYoungGen: 127072K->96K(153088K)] 129032K->2056K(328192K), 0,0004862 secs] [Times: user=0,00 sys=0,00, real=0,00 secs] 
91,095: [GC (Allocation Failure) [PSYoungGen: 152671K->64K(183808K)] 154632K->2024K(358912K), 0,0010282 secs] [Times: user=0,00 sys=0,00, real=0,00 secs] 
91,159: [GC (Allocation Failure) [PSYoungGen: 183360K->96K(220672K)] 185320K->2056K(395776K), 0,0004864 secs] [Times: user=0,00 sys=0,00, real=0,00 secs] 
91,235: [GC (Allocation Failure) [PSYoungGen: 220256K->96K(212480K)] 222216K->2056K(387584K), 0,0005276 secs] [Times: user=0,00 sys=0,00, real=0,00 secs] 
91,309: [GC (Allocation Failure) [PSYoungGen: 212064K->96K(204800K)] 214024K->2056K(379904K), 0,0005583 secs] [Times: user=0,00 sys=0,00, real=0,00 secs] 
91,379: [GC (Allocation Failure) [PSYoungGen: 204384K->96K(197120K)] 206344K->2056K(372224K), 0,0005199 secs] [Times: user=0,00 sys=0,00, real=0,00 secs] 
91,447: [GC (Allocation Failure) [PSYoungGen: 196704K->96K(189952K)] 198664K->2056K(365056K), 0,0005273 secs] [Times: user=0,00 sys=0,00, real=0,00 secs] 
91,513: [GC (Allocation Failure) [PSYoungGen: 189535K->96K(183296K)] 191496K->2056K(358400K), 0,0005805 secs] [Times: user=0,00 sys=0,00, real=0,00 secs] 
91,576: [GC (Allocation Failure) [PSYoungGen: 182880K->96K(176640K)] 184840K->2056K(351744K), 0,0005414 secs] [Times: user=0,00 sys=0,00, real=0,00 secs] 
91,638: [GC (Allocation Failure) [PSYoungGen: 176224K->96K(170496K)] 178184K->2056K(345600K), 0,0005255 secs] [Times: user=0,00 sys=0,00, real=0,00 secs] 
91,696: [GC (Allocation Failure) [PSYoungGen: 170080K->96K(164864K)] 172040K->2056K(339968K), 0,0005174 secs] [Times: user=0,00 sys=0,00, real=0,00 secs] 
91,754: [GC (Allocation Failure) [PSYoungGen: 164448K->96K(159232K)] 166408K->2056K(334336K), 0,0005297 secs] [Times: user=0,00 sys=0,00, real=0,00 secs] 
91,809: [GC (Allocation Failure) [PSYoungGen: 158816K->96K(154112K)] 160776K->2056K(329216K), 0,0005081 secs] [Times: user=0,01 sys=0,00, real=0,00 secs] 
91,862: [GC (Allocation Failure) [PSYoungGen: 153696K->96K(148992K)] 155656K->2056K(324096K), 0,0005123 secs] [Times: user=0,00 sys=0,00, real=0,00 secs] 
91,914: [GC (Allocation Failure) [PSYoungGen: 148576K->96K(143872K)] 150536K->2056K(318976K), 0,0004966 secs] [Times: user=0,00 sys=0,00, real=0,00 secs] 
91,964: [GC (Allocation Failure) [PSYoungGen: 143456K->96K(139264K)] 145416K->2056K(314368K), 0,0005248 secs] [Times: user=0,00 sys=0,00, real=0,00 secs] 
92,012: [GC (Allocation Failure) [PSYoungGen: 138848K->96K(134656K)] 140808K->2056K(309760K), 0,0004952 secs] [Times: user=0,00 sys=0,00, real=0,00 secs] 
92,058: [GC (Allocation Failure) [PSYoungGen: 134240K->96K(130560K)] 136200K->2056K(305664K), 0,0005023 secs] [Times: user=0,00 sys=0,00, real=0,00 secs] 
92,104: [GC (Allocation Failure) [PSYoungGen: 130144K->96K(126464K)] 132104K->2056K(301568K), 0,0005114 secs] [Times: user=0,00 sys=0,00, real=0,00 secs] 
92,148: [GC (Allocation Failure) [PSYoungGen: 126048K->96K(122368K)] 128008K->2056K(297472K), 0,0004781 secs] [Times: user=0,00 sys=0,00, real=0,00 secs] 
92,190: [GC (Allocation Failure) [PSYoungGen: 121952K->96K(118784K)] 123912K->2056K(293888K), 0,0005025 secs] [Times: user=0,00 sys=0,00, real=0,00 secs] 
92,232: [GC (Allocation Failure) [PSYoungGen: 118368K->96K(142848K)] 120328K->2056K(317952K), 0,0005151 secs] [Times: user=0,00 sys=0,00, real=0,00 secs] 
92,281: [GC (Allocation Failure) [PSYoungGen: 142432K->96K(138240K)] 144392K->2056K(313344K), 0,0005078 secs] [Times: user=0,00 sys=0,00, real=0,00 secs] 
92,329: [GC (Allocation Failure) [PSYoungGen: 137824K->96K(133632K)] 139784K->2056K(308736K), 0,0004952 secs] [Times: user=0,00 sys=0,00, real=0,00 secs] 
92,376: [GC (Allocation Failure) [PSYoungGen: 133216K->96K(129536K)] 135176K->2056K(304640K), 0,0004964 secs] [Times: user=0,00 sys=0,00, real=0,00 secs] 
92,421: [GC (Allocation Failure) [PSYoungGen: 129119K->96K(125440K)] 131080K->2056K(300544K), 0,0004841 secs] [Times: user=0,00 sys=0,00, real=0,00 secs] 
92,464: [GC (Allocation Failure) [PSYoungGen: 125024K->96K(121344K)] 126984K->2056K(296448K), 0,0005181 secs] [Times: user=0,00 sys=0,00, real=0,01 secs] 
92,507: [GC (Allocation Failure) [PSYoungGen: 120928K->96K(145920K)] 122888K->2056K(321024K), 0,0005099 secs] [Times: user=0,00 sys=0,00, real=0,00 secs] 
92,557: [GC (Allocation Failure) [PSYoungGen: 145504K->96K(141312K)] 147464K->2056K(316416K), 0,0004971 secs] [Times: user=0,00 sys=0,00, real=0,00 secs] 
92,606: [GC (Allocation Failure) [PSYoungGen: 140896K->96K(136704K)] 142856K->2056K(311808K), 0,0005124 secs] [Times: user=0,00 sys=0,00, real=0,00 secs] 
92,653: [GC (Allocation Failure) [PSYoungGen: 136288K->96K(132608K)] 138248K->2056K(307712K), 0,0005069 secs] [Times: user=0,00 sys=0,00, real=0,00 secs] 
92,699: [GC (Allocation Failure) [PSYoungGen: 132192K->96K(128512K)] 134152K->2056K(303616K), 0,0005040 secs] [Times: user=0,00 sys=0,00, real=0,00 secs] 
92,744: [GC (Allocation Failure) [PSYoungGen: 128096K->96K(154112K)] 130056K->2056K(329216K), 0,0005270 secs] [Times: user=0,00 sys=0,00, real=0,01 secs] 
92,798: [GC (Allocation Failure) [PSYoungGen: 153696K->96K(148992K)] 155656K->2056K(324096K), 0,0005169 secs] [Times: user=0,00 sys=0,00, real=0,00 secs] 
92,849: [GC (Allocation Failure) [PSYoungGen: 148576K->64K(143872K)] 150536K->2024K(318976K), 0,0005028 secs] [Times: user=0,01 sys=0,00, real=0,00 secs] 
92,899: [GC (Allocation Failure) [PSYoungGen: 143424K->64K(139264K)] 145384K->2024K(314368K), 0,0004980 secs] [Times: user=0,01 sys=0,00, real=0,00 secs] 
92,948: [GC (Allocation Failure) [PSYoungGen: 138815K->96K(134656K)] 140776K->2056K(309760K), 0,0005120 secs] [Times: user=0,00 sys=0,00, real=0,00 secs] 
92,994: [GC (Allocation Failure) [PSYoungGen: 134240K->96K(130560K)] 136200K->2056K(305664K), 0,0005039 secs] [Times: user=0,00 sys=0,00, real=0,00 secs] 
93,040: [GC (Allocation Failure) [PSYoungGen: 130144K->64K(126464K)] 132104K->2024K(301568K), 0,0004990 secs] [Times: user=0,00 sys=0,00, real=0,00 secs] 
93,085: [GC (Allocation Failure) [PSYoungGen: 126016K->96K(122368K)] 127976K->2056K(297472K), 0,0005017 secs] [Times: user=0,00 sys=0,00, real=0,01 secs] 
93,127: [GC (Allocation Failure) [PSYoungGen: 121952K->64K(118784K)] 123912K->2024K(293888K), 0,0005116 secs] [Times: user=0,01 sys=0,00, real=0,00 secs] 
93,169: [GC (Allocation Failure) [PSYoungGen: 118336K->96K(142848K)] 120296K->2056K(317952K), 0,0005448 secs] [Times: user=0,00 sys=0,00, real=0,00 secs] 
93,218: [GC (Allocation Failure) [PSYoungGen: 142432K->64K(171520K)] 144392K->2024K(346624K), 0,0004971 secs] [Times: user=0,00 sys=0,00, real=0,00 secs] 
93,277: [GC (Allocation Failure) [PSYoungGen: 171072K->96K(165376K)] 173032K->2056K(340480K), 0,0005097 secs] [Times: user=0,00 sys=0,00, real=0,00 secs] 
93,335: [GC (Allocation Failure) [PSYoungGen: 164960K->96K(159744K)] 166920K->2056K(334848K), 0,0005381 secs] [Times: user=0,00 sys=0,00, real=0,01 secs] 
93,390: [GC (Allocation Failure) [PSYoungGen: 159328K->96K(154112K)] 161288K->2056K(329216K), 0,0005315 secs] [Times: user=0,00 sys=0,00, real=0,00 secs] 
93,444: [GC (Allocation Failure) [PSYoungGen: 153696K->96K(148992K)] 155656K->2056K(324096K), 0,0005184 secs] [Times: user=0,00 sys=0,00, real=0,00 secs] 
93,495: [GC (Allocation Failure) [PSYoungGen: 148576K->96K(143872K)] 150536K->2056K(318976K), 0,0004948 secs] [Times: user=0,00 sys=0,00, real=0,00 secs] 
93,545: [GC (Allocation Failure) [PSYoungGen: 143456K->96K(139264K)] 145416K->2056K(314368K), 0,0004993 secs] [Times: user=0,00 sys=0,00, real=0,00 secs] 
93,593: [GC (Allocation Failure) [PSYoungGen: 138848K->96K(134656K)] 140808K->2056K(309760K), 0,0005493 secs] [Times: user=0,01 sys=0,00, real=0,00 secs] 
93,640: [GC (Allocation Failure) [PSYoungGen: 134240K->96K(130560K)] 136200K->2056K(305664K), 0,0005325 secs] [Times: user=0,00 sys=0,00, real=0,00 secs] 
93,686: [GC (Allocation Failure) [PSYoungGen: 130144K->96K(126464K)] 132104K->2056K(301568K), 0,0004957 secs] [Times: user=0,00 sys=0,00, real=0,00 secs] 
93,730: [GC (Allocation Failure) [PSYoungGen: 126048K->96K(122368K)] 128008K->2056K(297472K), 0,0005228 secs] [Times: user=0,00 sys=0,00, real=0,00 secs] 
93,772: [GC (Allocation Failure) [PSYoungGen: 121952K->96K(146944K)] 123912K->2056K(322048K), 0,0004990 secs] [Times: user=0,01 sys=0,00, real=0,00 secs] 
93,823: [GC (Allocation Failure) [PSYoungGen: 146528K->96K(142336K)] 148488K->2056K(317440K), 0,0004977 secs] [Times: user=0,00 sys=0,00, real=0,00 secs] 
93,873: [GC (Allocation Failure) [PSYoungGen: 141920K->96K(137728K)] 143880K->2056K(312832K), 0,0005249 secs] [Times: user=0,00 sys=0,00, real=0,00 secs] 
93,921: [GC (Allocation Failure) [PSYoungGen: 137312K->96K(165376K)] 139272K->2056K(340480K), 0,0006035 secs] [Times: user=0,01 sys=0,00, real=0,00 secs] 
93,978: [GC (Allocation Failure) [PSYoungGen: 164959K->96K(159744K)] 166920K->2056K(334848K), 0,0005027 secs] [Times: user=0,00 sys=0,00, real=0,00 secs] 
94,033: [GC (Allocation Failure) [PSYoungGen: 159328K->32K(154112K)] 161288K->1992K(329216K), 0,0005794 secs] [Times: user=0,00 sys=0,00, real=0,00 secs] 
94,087: [GC (Allocation Failure) [PSYoungGen: 153632K->32K(148992K)] 155592K->1992K(324096K), 0,0005855 secs] [Times: user=0,00 sys=0,00, real=0,00 secs] 
94,139: [GC (Allocation Failure) [PSYoungGen: 148512K->96K(143872K)] 150472K->2056K(318976K), 0,0005183 secs] [Times: user=0,00 sys=0,00, real=0,00 secs] 
94,189: [GC (Allocation Failure) [PSYoungGen: 143456K->96K(139264K)] 145416K->2056K(314368K), 0,0005506 secs] [Times: user=0,01 sys=0,00, real=0,00 secs] 
94,237: [GC (Allocation Failure) [PSYoungGen: 138848K->64K(134656K)] 140808K->2024K(309760K), 0,0005082 secs] [Times: user=0,00 sys=0,00, real=0,00 secs] 
94,284: [GC (Allocation Failure) [PSYoungGen: 134208K->64K(130560K)] 136168K->2024K(305664K), 0,0005224 secs] [Times: user=0,00 sys=0,00, real=0,00 secs] 
94,329: [GC (Allocation Failure) [PSYoungGen: 130112K->96K(126464K)] 132072K->2056K(301568K), 0,0005061 secs] [Times: user=0,00 sys=0,00, real=0,00 secs] 
94,373: [GC (Allocation Failure) [PSYoungGen: 126048K->96K(122368K)] 128008K->2056K(297472K), 0,0004874 secs] [Times: user=0,00 sys=0,00, real=0,00 secs] 
94,415: [GC (Allocation Failure) [PSYoungGen: 121952K->96K(146944K)] 123912K->2056K(322048K), 0,0005312 secs] [Times: user=0,00 sys=0,00, real=0,00 secs] 
94,467: [GC (Allocation Failure) [PSYoungGen: 146528K->96K(176640K)] 148488K->2056K(351744K), 0,0005283 secs] [Times: user=0,00 sys=0,00, real=0,00 secs] 
94,528: [GC (Allocation Failure) [PSYoungGen: 176224K->96K(170496K)] 178184K->2056K(345600K), 0,0005371 secs] [Times: user=0,00 sys=0,00, real=0,00 secs] 
94,587: [GC (Allocation Failure) [PSYoungGen: 170080K->96K(164864K)] 172040K->2056K(339968K), 0,0004927 secs] [Times: user=0,00 sys=0,00, real=0,00 secs] 
94,644: [GC (Allocation Failure) [PSYoungGen: 164448K->96K(159232K)] 166408K->2056K(334336K), 0,0005122 secs] [Times: user=0,00 sys=0,00, real=0,00 secs] 
94,699: [GC (Allocation Failure) [PSYoungGen: 158816K->96K(154112K)] 160776K->2056K(329216K), 0,0004871 secs] [Times: user=0,00 sys=0,00, real=0,00 secs] 
94,752: [GC (Allocation Failure) [PSYoungGen: 153696K->96K(148992K)] 155656K->2056K(324096K), 0,0005262 secs] [Times: user=0,00 sys=0,00, real=0,00 secs] 
94,804: [GC (Allocation Failure) [PSYoungGen: 148576K->96K(143872K)] 150536K->2056K(318976K), 0,0004973 secs] [Times: user=0,01 sys=0,00, real=0,00 secs] 
94,853: [GC (Allocation Failure) [PSYoungGen: 143456K->64K(139264K)] 145416K->2024K(314368K), 0,0005016 secs] [Times: user=0,01 sys=0,00, real=0,00 secs] 
94,901: [GC (Allocation Failure) [PSYoungGen: 138816K->96K(134656K)] 140776K->2056K(309760K), 0,0006004 secs] [Times: user=0,00 sys=0,00, real=0,00 secs] 
94,948: [GC (Allocation Failure) [PSYoungGen: 134240K->96K(130560K)] 136200K->2056K(305664K), 0,0005535 secs] [Times: user=0,00 sys=0,00, real=0,00 secs] 
94,993: [GC (Allocation Failure) [PSYoungGen: 130144K->96K(156672K)] 132104K->2056K(331776K), 0,0005588 secs] [Times: user=0,00 sys=0,00, real=0,00 secs] 
95,048: [GC (Allocation Failure) [PSYoungGen: 156256K->96K(151552K)] 158216K->2056K(326656K), 0,0005098 secs] [Times: user=0,00 sys=0,00, real=0,00 secs] 
95,100: [GC (Allocation Failure) [PSYoungGen: 151136K->96K(146432K)] 153096K->2056K(321536K), 0,0005126 secs] [Times: user=0,00 sys=0,00, real=0,00 secs] 
95,151: [GC (Allocation Failure) [PSYoungGen: 146016K->96K(141824K)] 147976K->2056K(316928K), 0,0005588 secs] [Times: user=0,01 sys=0,00, real=0,00 secs] 
95,200: [GC (Allocation Failure) [PSYoungGen: 141408K->96K(137216K)] 143368K->2056K(312320K), 0,0005042 secs] [Times: user=0,01 sys=0,00, real=0,00 secs] 
95,248: [GC (Allocation Failure) [PSYoungGen: 136800K->96K(132608K)] 138760K->2056K(307712K), 0,0004986 secs] [Times: user=0,00 sys=0,00, real=0,00 secs] 
95,294: [GC (Allocation Failure) [PSYoungGen: 132192K->96K(128512K)] 134152K->2056K(303616K), 0,0005041 secs] [Times: user=0,00 sys=0,00, real=0,00 secs] 
95,338: [GC (Allocation Failure) [PSYoungGen: 128096K->96K(124416K)] 130056K->2056K(299520K), 0,0004641 secs] [Times: user=0,00 sys=0,00, real=0,00 secs] 
95,381: [GC (Allocation Failure) [PSYoungGen: 124000K->96K(120832K)] 125960K->2056K(295936K), 0,0005082 secs] [Times: user=0,00 sys=0,00, real=0,00 secs] 
95,423: [GC (Allocation Failure) [PSYoungGen: 120416K->96K(144896K)] 122376K->2056K(320000K), 0,0004715 secs] [Times: user=0,00 sys=0,00, real=0,00 secs] 
95,474: [GC (Allocation Failure) [PSYoungGen: 144480K->96K(140288K)] 146440K->2056K(315392K), 0,0005022 secs] [Times: user=0,00 sys=0,00, real=0,00 secs] 
95,522: [GC (Allocation Failure) [PSYoungGen: 139872K->96K(135680K)] 141832K->2056K(310784K), 0,0005080 secs] [Times: user=0,00 sys=0,00, real=0,00 secs] 
95,569: [GC (Allocation Failure) [PSYoungGen: 135264K->96K(131584K)] 137224K->2056K(306688K), 0,0004738 secs] [Times: user=0,00 sys=0,00, real=0,00 secs] 
95,615: [GC (Allocation Failure) [PSYoungGen: 131168K->96K(127488K)] 133128K->2056K(302592K), 0,0004809 secs] [Times: user=0,00 sys=0,00, real=0,00 secs] 
95,660: [GC (Allocation Failure) [PSYoungGen: 127072K->96K(123392K)] 129032K->2056K(298496K), 0,0005299 secs] [Times: user=0,00 sys=0,00, real=0,00 secs] 
95,702: [GC (Allocation Failure) [PSYoungGen: 122976K->96K(147968K)] 124936K->2056K(323072K), 0,0005665 secs] [Times: user=0,00 sys=0,00, real=0,00 secs] 
95,754: [GC (Allocation Failure) [PSYoungGen: 147552K->96K(177664K)] 149512K->2056K(352768K), 0,0005215 secs] [Times: user=0,00 sys=0,00, real=0,00 secs] 
95,815: [GC (Allocation Failure) [PSYoungGen: 177248K->96K(171520K)] 179208K->2056K(346624K), 0,0005352 secs] [Times: user=0,00 sys=0,00, real=0,00 secs] 
95,875: [GC (Allocation Failure) [PSYoungGen: 171104K->96K(165376K)] 173064K->2056K(340480K), 0,0005092 secs] [Times: user=0,00 sys=0,00, real=0,00 secs] 
95,932: [GC (Allocation Failure) [PSYoungGen: 164960K->64K(159744K)] 166920K->2024K(334848K), 0,0005019 secs] [Times: user=0,00 sys=0,00, real=0,00 secs] 
95,988: [GC (Allocation Failure) [PSYoungGen: 159296K->96K(154112K)] 161256K->2056K(329216K), 0,0005294 secs] [Times: user=0,00 sys=0,00, real=0,00 secs] 
96,042: [GC (Allocation Failure) [PSYoungGen: 153696K->64K(148992K)] 155656K->2024K(324096K), 0,0004989 secs] [Times: user=0,00 sys=0,00, real=0,00 secs] 
96,093: [GC (Allocation Failure) [PSYoungGen: 148544K->96K(143872K)] 150504K->2056K(318976K), 0,0005014 secs] [Times: user=0,00 sys=0,00, real=0,00 secs] 
96,144: [GC (Allocation Failure) [PSYoungGen: 143456K->96K(139264K)] 145416K->2056K(314368K), 0,0005338 secs] [Times: user=0,00 sys=0,00, real=0,00 secs] 
96,192: [GC (Allocation Failure) [PSYoungGen: 138848K->96K(134656K)] 140808K->2056K(309760K), 0,0004982 secs] [Times: user=0,01 sys=0,00, real=0,00 secs] 
96,239: [GC (Allocation Failure) [PSYoungGen: 134240K->96K(130560K)] 136200K->2056K(305664K), 0,0004874 secs] [Times: user=0,00 sys=0,00, real=0,00 secs] 
96,284: [GC (Allocation Failure) [PSYoungGen: 130144K->64K(126464K)] 132104K->2024K(301568K), 0,0004965 secs] [Times: user=0,00 sys=0,00, real=0,00 secs] 
96,328: [GC (Allocation Failure) [PSYoungGen: 126016K->96K(122368K)] 127976K->2056K(297472K), 0,0004891 secs] [Times: user=0,00 sys=0,00, real=0,00 secs] 
96,370: [GC (Allocation Failure) [PSYoungGen: 121952K->64K(118784K)] 123912K->2024K(293888K), 0,0004964 secs] [Times: user=0,01 sys=0,00, real=0,00 secs] 
96,412: [GC (Allocation Failure) [PSYoungGen: 118336K->96K(142848K)] 120296K->2056K(317952K), 0,0004918 secs] [Times: user=0,00 sys=0,00, real=0,00 secs] 
96,461: [GC (Allocation Failure) [PSYoungGen: 142432K->96K(138240K)] 144392K->2056K(313344K), 0,0005102 secs] [Times: user=0,00 sys=0,00, real=0,00 secs] 
96,509: [GC (Allocation Failure) [PSYoungGen: 137824K->96K(165888K)] 139784K->2056K(340992K), 0,0005458 secs] [Times: user=0,00 sys=0,00, real=0,00 secs] 
96,567: [GC (Allocation Failure) [PSYoungGen: 165472K->96K(160256K)] 167432K->2056K(335360K), 0,0005037 secs] [Times: user=0,00 sys=0,00, real=0,00 secs] 
96,622: [GC (Allocation Failure) [PSYoungGen: 159840K->96K(154624K)] 161800K->2056K(329728K), 0,0005054 secs] [Times: user=0,00 sys=0,00, real=0,00 secs] 
96,675: [GC (Allocation Failure) [PSYoungGen: 154208K->96K(149504K)] 156168K->2056K(324608K), 0,0004980 secs] [Times: user=0,00 sys=0,00, real=0,00 secs] 
96,727: [GC (Allocation Failure) [PSYoungGen: 149088K->96K(144384K)] 151048K->2056K(319488K), 0,0005724 secs] [Times: user=0,01 sys=0,01, real=0,00 secs] 
96,777: [GC (Allocation Failure) [PSYoungGen: 143968K->96K(139776K)] 145928K->2056K(314880K), 0,0004826 secs] [Times: user=0,00 sys=0,00, real=0,00 secs] 
96,826: [GC (Allocation Failure) [PSYoungGen: 139360K->96K(135168K)] 141320K->2056K(310272K), 0,0005001 secs] [Times: user=0,01 sys=0,00, real=0,00 secs] 
96,873: [GC (Allocation Failure) [PSYoungGen: 134752K->96K(131072K)] 136712K->2056K(306176K), 0,0004971 secs] [Times: user=0,00 sys=0,00, real=0,00 secs] 
96,918: [GC (Allocation Failure) [PSYoungGen: 130656K->64K(126976K)] 132616K->2024K(302080K), 0,0004979 secs] [Times: user=0,00 sys=0,00, real=0,00 secs] 
96,963: [GC (Allocation Failure) [PSYoungGen: 126528K->96K(122880K)] 128488K->2056K(297984K), 0,0004962 secs] [Times: user=0,00 sys=0,00, real=0,00 secs] 
97,005: [GC (Allocation Failure) [PSYoungGen: 122464K->96K(147456K)] 124424K->2056K(322560K), 0,0005670 secs] [Times: user=0,00 sys=0,00, real=0,00 secs] 
97,057: [GC (Allocation Failure) [PSYoungGen: 147040K->64K(177152K)] 149000K->2024K(352256K), 0,0009917 secs] [Times: user=0,00 sys=0,00, real=0,00 secs] 
97,118: [GC (Allocation Failure) [PSYoungGen: 176704K->96K(212480K)] 178664K->2056K(387584K), 0,0005338 secs] [Times: user=0,00 sys=0,00, real=0,00 secs] 
97,192: [GC (Allocation Failure) [PSYoungGen: 212064K->96K(254976K)] 214024K->2056K(430080K), 0,0005279 secs] [Times: user=0,00 sys=0,00, real=0,00 secs] 
97,280: [GC (Allocation Failure) [PSYoungGen: 254560K->96K(245248K)] 256520K->2056K(420352K), 0,0004986 secs] [Times: user=0,00 sys=0,00, real=0,00 secs] 
97,364: [GC (Allocation Failure) [PSYoungGen: 244832K->64K(236032K)] 246792K->2024K(411136K), 0,0005089 secs] [Times: user=0,00 sys=0,00, real=0,00 secs] 
97,446: [GC (Allocation Failure) [PSYoungGen: 235584K->96K(227328K)] 237544K->2056K(402432K), 0,0005225 secs] [Times: user=0,00 sys=0,00, real=0,00 secs] 
97,524: [GC (Allocation Failure) [PSYoungGen: 226912K->96K(218624K)] 228872K->2056K(393728K), 0,0005953 secs] [Times: user=0,00 sys=0,00, real=0,01 secs] 
97,600: [GC (Allocation Failure) [PSYoungGen: 218208K->96K(210432K)] 220168K->2056K(385536K), 0,0004703 secs] [Times: user=0,00 sys=0,00, real=0,00 secs] 
97,672: [GC (Allocation Failure) [PSYoungGen: 210016K->96K(202752K)] 211976K->2056K(377856K), 0,0005224 secs] [Times: user=0,00 sys=0,00, real=0,00 secs] 
97,742: [GC (Allocation Failure) [PSYoungGen: 202336K->96K(195584K)] 204296K->2056K(370688K), 0,0005256 secs] [Times: user=0,00 sys=0,00, real=0,00 secs] 
97,810: [GC (Allocation Failure) [PSYoungGen: 195167K->64K(188416K)] 197128K->2024K(363520K), 0,0006667 secs] [Times: user=0,00 sys=0,00, real=0,00 secs] 
97,875: [GC (Allocation Failure) [PSYoungGen: 187968K->96K(181760K)] 189928K->2056K(356864K), 0,0004935 secs] [Times: user=0,00 sys=0,00, real=0,00 secs] 
97,938: [GC (Allocation Failure) [PSYoungGen: 181344K->96K(175616K)] 183304K->2056K(350720K), 0,0005201 secs] [Times: user=0,01 sys=0,00, real=0,00 secs] 
97,999: [GC (Allocation Failure) [PSYoungGen: 175200K->96K(169472K)] 177160K->2056K(344576K), 0,0005225 secs] [Times: user=0,00 sys=0,00, real=0,00 secs] 
98,058: [GC (Allocation Failure) [PSYoungGen: 169056K->96K(163840K)] 171016K->2056K(338944K), 0,0004938 secs] [Times: user=0,01 sys=0,00, real=0,00 secs] 
98,114: [GC (Allocation Failure) [PSYoungGen: 163424K->64K(158208K)] 165384K->2024K(333312K), 0,0005029 secs] [Times: user=0,00 sys=0,00, real=0,01 secs] 
98,169: [GC (Allocation Failure) [PSYoungGen: 157760K->96K(153088K)] 159720K->2056K(328192K), 0,0005357 secs] [Times: user=0,00 sys=0,00, real=0,00 secs] 
98,223: [GC (Allocation Failure) [PSYoungGen: 152672K->96K(147968K)] 154632K->2056K(323072K), 0,0005233 secs] [Times: user=0,00 sys=0,00, real=0,00 secs] 
98,274: [GC (Allocation Failure) [PSYoungGen: 147551K->96K(143360K)] 149512K->2056K(318464K), 0,0004942 secs] [Times: user=0,00 sys=0,00, real=0,00 secs] 
98,323: [GC (Allocation Failure) [PSYoungGen: 142944K->64K(138752K)] 144904K->2024K(313856K), 0,0005325 secs] [Times: user=0,00 sys=0,00, real=0,00 secs] 
98,372: [GC (Allocation Failure) [PSYoungGen: 138304K->96K(134144K)] 140264K->2056K(309248K), 0,0004897 secs] [Times: user=0,00 sys=0,00, real=0,00 secs] 
98,418: [GC (Allocation Failure) [PSYoungGen: 133728K->96K(130048K)] 135688K->2056K(305152K), 0,0004882 secs] [Times: user=0,00 sys=0,00, real=0,00 secs] 
98,463: [GC (Allocation Failure) [PSYoungGen: 129632K->96K(125952K)] 131592K->2056K(301056K), 0,0005117 secs] [Times: user=0,00 sys=0,00, real=0,00 secs] 
98,507: [GC (Allocation Failure) [PSYoungGen: 125536K->96K(121856K)] 127496K->2056K(296960K), 0,0005058 secs] [Times: user=0,00 sys=0,00, real=0,00 secs] 
98,549: [GC (Allocation Failure) [PSYoungGen: 121440K->96K(118272K)] 123400K->2056K(293376K), 0,0004884 secs] [Times: user=0,00 sys=0,00, real=0,00 secs] 
98,590: [GC (Allocation Failure) [PSYoungGen: 117856K->96K(141824K)] 119816K->2056K(316928K), 0,0004777 secs] [Times: user=0,00 sys=0,00, real=0,00 secs] 
98,640: [GC (Allocation Failure) [PSYoungGen: 141408K->96K(170496K)] 143368K->2056K(345600K), 0,0005365 secs] [Times: user=0,00 sys=0,00, real=0,00 secs] 
98,699: [GC (Allocation Failure) [PSYoungGen: 170080K->96K(164864K)] 172040K->2056K(339968K), 0,0004921 secs] [Times: user=0,00 sys=0,00, real=0,00 secs] 
98,756: [GC (Allocation Failure) [PSYoungGen: 164448K->96K(159232K)] 166408K->2056K(334336K), 0,0005267 secs] [Times: user=0,00 sys=0,00, real=0,00 secs] 
98,811: [GC (Allocation Failure) [PSYoungGen: 158816K->96K(154112K)] 160776K->2056K(329216K), 0,0005756 secs] [Times: user=0,01 sys=0,00, real=0,00 secs] 
98,865: [GC (Allocation Failure) [PSYoungGen: 153695K->96K(148992K)] 155656K->2056K(324096K), 0,0004814 secs] [Times: user=0,00 sys=0,00, real=0,01 secs] 
98,916: [GC (Allocation Failure) [PSYoungGen: 148576K->96K(143872K)] 150536K->2056K(318976K), 0,0005121 secs] [Times: user=0,00 sys=0,00, real=0,00 secs] 
98,966: [GC (Allocation Failure) [PSYoungGen: 143456K->96K(139264K)] 145416K->2056K(314368K), 0,0004933 secs] [Times: user=0,00 sys=0,00, real=0,00 secs] 
99,014: [GC (Allocation Failure) [PSYoungGen: 138848K->64K(134656K)] 140808K->2024K(309760K), 0,0005141 secs] [Times: user=0,00 sys=0,00, real=0,01 secs] 
99,061: [GC (Allocation Failure) [PSYoungGen: 134208K->96K(130560K)] 136168K->2056K(305664K), 0,0004874 secs] [Times: user=0,00 sys=0,00, real=0,00 secs] 
99,106: [GC (Allocation Failure) [PSYoungGen: 130144K->64K(126464K)] 132104K->2024K(301568K), 0,0005046 secs] [Times: user=0,00 sys=0,00, real=0,00 secs] 
99,150: [GC (Allocation Failure) [PSYoungGen: 126016K->96K(122368K)] 127976K->2056K(297472K), 0,0004800 secs] [Times: user=0,00 sys=0,00, real=0,00 secs] 
99,193: [GC (Allocation Failure) [PSYoungGen: 121952K->96K(118784K)] 123912K->2056K(293888K), 0,0004840 secs] [Times: user=0,00 sys=0,00, real=0,00 secs] 
99,234: [GC (Allocation Failure) [PSYoungGen: 118368K->96K(142848K)] 120328K->2056K(317952K), 0,0005215 secs] [Times: user=0,00 sys=0,00, real=0,01 secs] 
99,284: [GC (Allocation Failure) [PSYoungGen: 142432K->96K(171520K)] 144392K->2056K(346624K), 0,0005182 secs] [Times: user=0,00 sys=0,00, real=0,00 secs] 
99,343: [GC (Allocation Failure) [PSYoungGen: 171104K->96K(165376K)] 173064K->2056K(340480K), 0,0004716 secs] [Times: user=0,00 sys=0,00, real=0,00 secs] 
99,400: [GC (Allocation Failure) [PSYoungGen: 164960K->96K(159744K)] 166920K->2056K(334848K), 0,0005210 secs] [Times: user=0,00 sys=0,00, real=0,00 secs] 
99,455: [GC (Allocation Failure) [PSYoungGen: 159328K->32K(154112K)] 161288K->1992K(329216K), 0,0005654 secs] [Times: user=0,00 sys=0,00, real=0,00 secs] 
99,509: [GC (Allocation Failure) [PSYoungGen: 153632K->64K(148992K)] 155592K->2024K(324096K), 0,0005074 secs] [Times: user=0,00 sys=0,00, real=0,00 secs] 
99,560: [GC (Allocation Failure) [PSYoungGen: 148544K->96K(143872K)] 150504K->2056K(318976K), 0,0004893 secs] [Times: user=0,00 sys=0,00, real=0,00 secs] 
99,610: [GC (Allocation Failure) [PSYoungGen: 143456K->96K(139264K)] 145416K->2056K(314368K), 0,0005045 secs] [Times: user=0,00 sys=0,00, real=0,00 secs] 
99,658: [GC (Allocation Failure) [PSYoungGen: 138848K->96K(134656K)] 140808K->2056K(309760K), 0,0005209 secs] [Times: user=0,00 sys=0,01, real=0,00 secs] 
99,705: [GC (Allocation Failure) [PSYoungGen: 134240K->64K(130560K)] 136200K->2024K(305664K), 0,0004917 secs] [Times: user=0,00 sys=0,00, real=0,00 secs] 
99,750: [GC (Allocation Failure) [PSYoungGen: 130112K->96K(126464K)] 132072K->2056K(301568K), 0,0005057 secs] [Times: user=0,00 sys=0,00, real=0,00 secs] 
99,794: [GC (Allocation Failure) [PSYoungGen: 126048K->96K(122368K)] 128008K->2056K(297472K), 0,0005002 secs] [Times: user=0,00 sys=0,00, real=0,00 secs] 
99,837: [GC (Allocation Failure) [PSYoungGen: 121952K->96K(146944K)] 123912K->2056K(322048K), 0,0004942 secs] [Times: user=0,00 sys=0,00, real=0,00 secs] 
99,887: [GC (Allocation Failure) [PSYoungGen: 146528K->96K(142336K)] 148488K->2056K(317440K), 0,0004987 secs] [Times: user=0,00 sys=0,00, real=0,00 secs] 
99,936: [GC (Allocation Failure) [PSYoungGen: 141920K->64K(137728K)] 143880K->2024K(312832K), 0,0004868 secs] [Times: user=0,00 sys=0,00, real=0,00 secs] 
99,985: [GC (Allocation Failure) [PSYoungGen: 137280K->32K(165376K)] 139240K->1992K(340480K), 0,0010044 secs] [Times: user=0,00 sys=0,00, real=0,00 secs] 
100,043: [GC (Allocation Failure) [PSYoungGen: 164896K->96K(198656K)] 166856K->2056K(373760K), 0,0005301 secs] [Times: user=0,00 sys=0,00, real=0,00 secs] 
100,111: [GC (Allocation Failure) [PSYoungGen: 198240K->96K(191488K)] 200200K->2056K(366592K), 0,0004786 secs] [Times: user=0,00 sys=0,00, real=0,00 secs] 
100,177: [GC (Allocation Failure) [PSYoungGen: 191072K->96K(184832K)] 193032K->2056K(359936K), 0,0005275 secs] [Times: user=0,00 sys=0,00, real=0,00 secs] 
100,241: [GC (Allocation Failure) [PSYoungGen: 184416K->64K(178176K)] 186376K->2024K(353280K), 0,0005108 secs] [Times: user=0,00 sys=0,00, real=0,00 secs] 
Heap
 PSYoungGen      total 178176K, used 104345K [0x000000076ab00000, 0x00000007bb480000, 0x00000007c0000000)
  eden space 177664K, 58% used [0x000000076ab00000,0x00000007710d6668,0x0000000775880000)
  from space 512K, 12% used [0x00000007bb400000,0x00000007bb410000,0x00000007bb480000)
  to   space 512K, 0% used [0x00000007bb380000,0x00000007bb380000,0x00000007bb400000)
 ParOldGen       total 175104K, used 1960K [0x00000006c0000000, 0x00000006cab00000, 0x000000076ab00000)
  object space 175104K, 1% used [0x00000006c0000000,0x00000006c01ea0a0,0x00000006cab00000)
 Metaspace       used 9610K, capacity 9892K, committed 10112K, reserved 1058816K
  class space    used 1013K, capacity 1108K, committed 1152K, reserved 1048576K
