OpenJDK 64-Bit Server VM (25.202-b05) for bsd-amd64 JRE (Zulu 8.36.0.1-CA-macosx) (1.8.0_202-b05), built on Jan 29 2019 06:07:09 by "zulu_re" with gcc 4.2.1 (Based on Apple Inc. build 5658) (LLVM build 2336.11.00)
Memory: 4k page, physical 16777216k(3223932k free)

/proc/meminfo:

CommandLine flags: -XX:InitialHeapSize=268435456 -XX:MaxHeapSize=4294967296 -XX:+PrintGC -XX:+PrintGCDetails -XX:+PrintGCTimeStamps -XX:+UseCompressedClassPointers -XX:+UseCompressedOops -XX:+UseParallelGC 
Heap
 PSYoungGen      total 76288K, used 35680K [0x000000076ab00000, 0x0000000770000000, 0x00000007c0000000)
  eden space 65536K, 54% used [0x000000076ab00000,0x000000076cdd8070,0x000000076eb00000)
  from space 10752K, 0% used [0x000000076f580000,0x000000076f580000,0x0000000770000000)
  to   space 10752K, 0% used [0x000000076eb00000,0x000000076eb00000,0x000000076f580000)
 ParOldGen       total 175104K, used 0K [0x00000006c0000000, 0x00000006cab00000, 0x000000076ab00000)
  object space 175104K, 0% used [0x00000006c0000000,0x00000006c0000000,0x00000006cab00000)
 Metaspace       used 7668K, capacity 8005K, committed 8192K, reserved 1056768K
  class space    used 852K, capacity 948K, committed 1024K, reserved 1048576K
94: [GC (Allocation Failure) [PSYoungGen: 67136K->1584K(76288K)] 67160K->1616K(251392K), 0,0015747 secs] [Times: user=0,01 sys=0,00, real=0,00 secs] 
1,175: [GC (Allocation Failure) [PSYoungGen: 67120K->1600K(135168K)] 67152K->1632K(310272K), 0,0021709 secs] [Times: user=0,00 sys=0,00, real=0,00 secs] 
1,365: [GC (Allocation Failure) [PSYoungGen: 132672K->96K(135168K)] 132704K->1644K(310272K), 0,0019067 secs] [Times: user=0,00 sys=0,00, real=0,00 secs] 
1,521: [GC (Allocation Failure) [PSYoungGen: 131168K->96K(266240K)] 132716K->1660K(441344K), 0,0005568 secs] [Times: user=0,01 sys=0,00, real=0,00 secs] 
1,881: [GC (Allocation Failure) [PSYoungGen: 262240K->96K(252416K)] 263804K->1676K(427520K), 0,0005852 secs] [Times: user=0,00 sys=0,00, real=0,00 secs] 
2,172: [GC (Allocation Failure) [PSYoungGen: 252000K->96K(242688K)] 253580K->1676K(417792K), 0,0005158 secs] [Times: user=0,01 sys=0,00, real=0,00 secs] 
2,448: [GC (Allocation Failure) [PSYoungGen: 242272K->96K(237056K)] 243852K->1692K(412160K), 0,0005771 secs] [Times: user=0,00 sys=0,00, real=0,00 secs] 
2,714: [GC (Allocation Failure) [PSYoungGen: 233056K->96K(224768K)] 234652K->1692K(399872K), 0,0005256 secs] [Times: user=0,01 sys=0,00, real=0,00 secs] 
2,964: [GC (Allocation Failure) [PSYoungGen: 224352K->64K(220160K)] 225948K->1660K(395264K), 0,0011225 secs] [Times: user=0,01 sys=0,00, real=0,00 secs] 
3,203: [GC (Allocation Failure) [PSYoungGen: 216128K->64K(208384K)] 217724K->1660K(383488K), 0,0005244 secs] [Times: user=0,00 sys=0,00, real=0,00 secs] 
3,429: [GC (Allocation Failure) [PSYoungGen: 207936K->96K(203776K)] 209532K->1692K(378880K), 0,0004274 secs] [Times: user=0,00 sys=0,00, real=0,00 secs] 
3,643: [GC (Allocation Failure) [PSYoungGen: 200288K->64K(193536K)] 201884K->1668K(368640K), 0,0005613 secs] [Times: user=0,00 sys=0,00, real=0,00 secs] 
3,851: [GC (Allocation Failure) [PSYoungGen: 193088K->96K(189440K)] 194692K->1700K(364544K), 0,0004669 secs] [Times: user=0,00 sys=0,00, real=0,01 secs] 
4,050: [GC (Allocation Failure) [PSYoungGen: 185952K->64K(179712K)] 187556K->1668K(354816K), 0,0005597 secs] [Times: user=0,00 sys=0,00, real=0,00 secs] 
4,242: [GC (Allocation Failure) [PSYoungGen: 179264K->96K(176128K)] 180868K->1700K(351232K), 0,0006045 secs] [Times: user=0,00 sys=0,00, real=0,00 secs] 
4,426: [GC (Allocation Failure) [PSYoungGen: 173152K->64K(167424K)] 174756K->1668K(342528K), 0,0005742 secs] [Times: user=0,00 sys=0,00, real=0,00 secs] 
4,605: [GC (Allocation Failure) [PSYoungGen: 166976K->96K(164352K)] 168580K->1700K(339456K), 0,0004109 secs] [Times: user=0,00 sys=0,00, real=0,00 secs] 
4,771: [GC (Allocation Failure) [PSYoungGen: 161376K->96K(156160K)] 162980K->1700K(331264K), 0,0004758 secs] [Times: user=0,00 sys=0,00, real=0,00 secs] 
4,935: [GC (Allocation Failure) [PSYoungGen: 155744K->64K(153088K)] 157348K->1668K(328192K), 0,0006524 secs] [Times: user=0,00 sys=0,00, real=0,00 secs] 
5,095: [GC (Allocation Failure) [PSYoungGen: 150591K->96K(145920K)] 152196K->1700K(321024K), 0,0004888 secs] [Times: user=0,00 sys=0,00, real=0,00 secs] 
5,246: [GC (Allocation Failure) [PSYoungGen: 145504K->96K(142848K)] 147108K->1700K(317952K), 0,0004048 secs] [Times: user=0,00 sys=0,00, real=0,00 secs] 
5,393: [GC (Allocation Failure) [PSYoungGen: 140896K->96K(136704K)] 142500K->1700K(311808K), 0,0004506 secs] [Times: user=0,00 sys=0,00, real=0,00 secs] 
5,535: [GC (Allocation Failure) [PSYoungGen: 136288K->64K(134144K)] 137892K->1668K(309248K), 0,0005010 secs] [Times: user=0,00 sys=0,00, real=0,00 secs] 
5,672: [GC (Allocation Failure) [PSYoungGen: 132160K->96K(128512K)] 133764K->1700K(303616K), 0,0004501 secs] [Times: user=0,00 sys=0,00, real=0,00 secs] 
5,807: [GC (Allocation Failure) [PSYoungGen: 128096K->96K(125952K)] 129700K->1700K(301056K), 0,0004522 secs] [Times: user=0,00 sys=0,00, real=0,00 secs] 
5,936: [GC (Allocation Failure) [PSYoungGen: 124000K->64K(120832K)] 125604K->1676K(295936K), 0,0004875 secs] [Times: user=0,00 sys=0,00, real=0,00 secs] 
6,062: [GC (Allocation Failure) [PSYoungGen: 120384K->96K(118272K)] 121996K->1708K(293376K), 0,0010007 secs] [Times: user=0,01 sys=0,00, real=0,00 secs] 
6,185: [GC (Allocation Failure) [PSYoungGen: 116832K->64K(113664K)] 118444K->1676K(288768K), 0,0006881 secs] [Times: user=0,00 sys=0,00, real=0,00 secs] 
6,303: [GC (Allocation Failure) [PSYoungGen: 113216K->96K(111616K)] 114828K->1708K(286720K), 0,0004096 secs] [Times: user=0,01 sys=0,00, real=0,00 secs] 
6,417: [GC (Allocation Failure) [PSYoungGen: 110176K->64K(107520K)] 111788K->1676K(282624K), 0,0005646 secs] [Times: user=0,00 sys=0,00, real=0,00 secs] 
6,529: [GC (Allocation Failure) [PSYoungGen: 107072K->64K(105472K)] 108684K->1676K(280576K), 0,0004888 secs] [Times: user=0,00 sys=0,00, real=0,00 secs] 
6,641: [GC (Allocation Failure) [PSYoungGen: 104000K->96K(101376K)] 105612K->1708K(276480K), 0,0004417 secs] [Times: user=0,00 sys=0,00, real=0,01 secs] 
6,747: [GC (Allocation Failure) [PSYoungGen: 100960K->64K(99328K)] 102572K->1676K(274432K), 0,0004891 secs] [Times: user=0,00 sys=0,00, real=0,00 secs] 
6,852: [GC (Allocation Failure) [PSYoungGen: 98368K->64K(96256K)] 99980K->1676K(271360K), 0,0004558 secs] [Times: user=0,00 sys=0,00, real=0,00 secs] 
6,952: [GC (Allocation Failure) [PSYoungGen: 95808K->96K(94208K)] 97420K->1708K(269312K), 0,0004119 secs] [Times: user=0,00 sys=0,00, real=0,00 secs] 
7,051: [GC (Allocation Failure) [PSYoungGen: 93280K->96K(91136K)] 94892K->1708K(266240K), 0,0004364 secs] [Times: user=0,00 sys=0,00, real=0,01 secs] 
7,146: [GC (Allocation Failure) [PSYoungGen: 90720K->96K(89088K)] 92332K->1708K(264192K), 0,0004064 secs] [Times: user=0,00 sys=0,00, real=0,00 secs] 
7,239: [GC (Allocation Failure) [PSYoungGen: 88160K->96K(86528K)] 89772K->1708K(261632K), 0,0004362 secs] [Times: user=0,00 sys=0,00, real=0,00 secs] 
7,330: [GC (Allocation Failure) [PSYoungGen: 86112K->96K(84992K)] 87724K->1708K(260096K), 0,0004198 secs] [Times: user=0,00 sys=0,00, real=0,00 secs] 
7,417: [GC (Allocation Failure) [PSYoungGen: 84064K->64K(82432K)] 85676K->1676K(257536K), 0,0005419 secs] [Times: user=0,00 sys=0,00, real=0,00 secs] 
7,511: [GC (Allocation Failure) [PSYoungGen: 81984K->64K(80384K)] 83596K->1676K(255488K), 0,0004217 secs] [Times: user=0,00 sys=0,00, real=0,01 secs] 
7,595: [GC (Allocation Failure) [PSYoungGen: 79936K->64K(78336K)] 81548K->1676K(253440K), 0,0004773 secs] [Times: user=0,00 sys=0,00, real=0,00 secs] 
7,677: [GC (Allocation Failure) [PSYoungGen: 77888K->96K(76288K)] 79500K->1708K(251392K), 0,0004658 secs] [Times: user=0,00 sys=0,00, real=0,00 secs] 
7,756: [GC (Allocation Failure) [PSYoungGen: 75872K->64K(74752K)] 77484K->1676K(249856K), 0,0004621 secs] [Times: user=0,00 sys=0,00, real=0,00 secs] 
7,835: [GC (Allocation Failure) [PSYoungGen: 74304K->64K(73216K)] 75916K->1676K(248320K), 0,0004853 secs] [Times: user=0,00 sys=0,00, real=0,00 secs] 
7,912: [GC (Allocation Failure) [PSYoungGen: 72768K->64K(71680K)] 74380K->1676K(246784K), 0,0004720 secs] [Times: user=0,00 sys=0,00, real=0,00 secs] 
7,987: [GC (Allocation Failure) [PSYoungGen: 71232K->64K(70144K)] 72844K->1676K(245248K), 0,0004536 secs] [Times: user=0,00 sys=0,00, real=0,00 secs] 
8,062: [GC (Allocation Failure) [PSYoungGen: 69696K->64K(68608K)] 71308K->1676K(243712K), 0,0005097 secs] [Times: user=0,00 sys=0,00, real=0,00 secs] 
8,133: [GC (Allocation Failure) [PSYoungGen: 68160K->96K(67072K)] 69772K->1708K(242176K), 0,0004530 secs] [Times: user=0,00 sys=0,00, real=0,00 secs] 
8,202: [GC (Allocation Failure) [PSYoungGen: 66656K->96K(65536K)] 68268K->1708K(240640K), 0,0005274 secs] [Times: user=0,00 sys=0,00, real=0,00 secs] 
8,270: [GC (Allocation Failure) [PSYoungGen: 65120K->64K(64000K)] 66732K->1676K(239104K), 0,0004020 secs] [Times: user=0,00 sys=0,00, real=0,00 secs] 
8,336: [GC (Allocation Failure) [PSYoungGen: 63552K->64K(62464K)] 65164K->1676K(237568K), 0,0004086 secs] [Times: user=0,00 sys=0,00, real=0,00 secs] 
8,401: [GC (Allocation Failure) [PSYoungGen: 62016K->96K(61440K)] 63628K->1708K(236544K), 0,0005360 secs] [Times: user=0,00 sys=0,00, real=0,00 secs] 
8,465: [GC (Allocation Failure) [PSYoungGen: 61024K->64K(60416K)] 62636K->1676K(235520K), 0,0004600 secs] [Times: user=0,00 sys=0,00, real=0,00 secs] 
8,529: [GC (Allocation Failure) [PSYoungGen: 59968K->96K(59392K)] 61580K->1708K(234496K), 0,0004138 secs] [Times: user=0,00 sys=0,00, real=0,00 secs] 
8,592: [GC (Allocation Failure) [PSYoungGen: 58976K->96K(58368K)] 60588K->1708K(233472K), 0,0005455 secs] [Times: user=0,00 sys=0,00, real=0,00 secs] 
8,653: [GC (Allocation Failure) [PSYoungGen: 57952K->96K(57344K)] 59564K->1708K(232448K), 0,0005153 secs] [Times: user=0,00 sys=0,00, real=0,00 secs] 
8,713: [GC (Allocation Failure) [PSYoungGen: 56928K->64K(56320K)] 58540K->1676K(231424K), 0,0004821 secs] [Times: user=0,00 sys=0,00, real=0,00 secs] 
8,772: [GC (Allocation Failure) [PSYoungGen: 55872K->64K(55296K)] 57484K->1676K(230400K), 0,0004956 secs] [Times: user=0,00 sys=0,00, real=0,00 secs] 
8,833: [GC (Allocation Failure) [PSYoungGen: 54848K->96K(54272K)] 56460K->1708K(229376K), 0,0003987 secs] [Times: user=0,00 sys=0,00, real=0,00 secs] 
8,890: [GC (Allocation Failure) [PSYoungGen: 53856K->64K(53248K)] 55468K->1676K(228352K), 0,0009079 secs] [Times: user=0,00 sys=0,00, real=0,01 secs] 
8,947: [GC (Allocation Failure) [PSYoungGen: 52800K->96K(52224K)] 54412K->1708K(227328K), 0,0004196 secs] [Times: user=0,00 sys=0,00, real=0,00 secs] 
9,002: [GC (Allocation Failure) [PSYoungGen: 51808K->64K(51200K)] 53420K->1676K(226304K), 0,0005090 secs] [Times: user=0,00 sys=0,00, real=0,00 secs] 
9,056: [GC (Allocation Failure) [PSYoungGen: 50752K->64K(50176K)] 52364K->1676K(225280K), 0,0005034 secs] [Times: user=0,00 sys=0,00, real=0,00 secs] 
9,109: [GC (Allocation Failure) [PSYoungGen: 49728K->96K(49152K)] 51340K->1708K(224256K), 0,0004107 secs] [Times: user=0,00 sys=0,00, real=0,00 secs] 
9,161: [GC (Allocation Failure) [PSYoungGen: 48736K->64K(48128K)] 50348K->1676K(223232K), 0,0005917 secs] [Times: user=0,01 sys=0,00, real=0,00 secs] 
9,226: [GC (Allocation Failure) [PSYoungGen: 47680K->64K(47616K)] 49292K->1676K(222720K), 0,0009668 secs] [Times: user=0,00 sys=0,00, real=0,00 secs] 
9,279: [GC (Allocation Failure) [PSYoungGen: 47168K->64K(57344K)] 48780K->1676K(232448K), 0,0006409 secs] [Times: user=0,00 sys=0,00, real=0,00 secs] 
9,339: [GC (Allocation Failure) [PSYoungGen: 56896K->96K(56320K)] 58508K->1708K(231424K), 0,0004186 secs] [Times: user=0,00 sys=0,00, real=0,00 secs] 
9,397: [GC (Allocation Failure) [PSYoungGen: 55904K->96K(55296K)] 57516K->1708K(230400K), 0,0004145 secs] [Times: user=0,00 sys=0,00, real=0,00 secs] 
9,454: [GC (Allocation Failure) [PSYoungGen: 54880K->96K(54272K)] 56492K->1708K(229376K), 0,0004194 secs] [Times: user=0,00 sys=0,00, real=0,00 secs] 
9,509: [GC (Allocation Failure) [PSYoungGen: 53856K->64K(53248K)] 55468K->1676K(228352K), 0,0005454 secs] [Times: user=0,00 sys=0,00, real=0,00 secs] 
9,566: [GC (Allocation Failure) [PSYoungGen: 52800K->96K(52224K)] 54412K->1708K(227328K), 0,0004112 secs] [Times: user=0,00 sys=0,00, real=0,00 secs] 
9,620: [GC (Allocation Failure) [PSYoungGen: 51808K->96K(51200K)] 53420K->1708K(226304K), 0,0004084 secs] [Times: user=0,00 sys=0,00, real=0,00 secs] 
9,673: [GC (Allocation Failure) [PSYoungGen: 50784K->96K(50176K)] 52396K->1708K(225280K), 0,0004138 secs] [Times: user=0,00 sys=0,00, real=0,00 secs] 
9,725: [GC (Allocation Failure) [PSYoungGen: 49760K->96K(49152K)] 51372K->1708K(224256K), 0,0004015 secs] [Times: user=0,00 sys=0,00, real=0,00 secs] 
9,775: [GC (Allocation Failure) [PSYoungGen: 48736K->96K(48128K)] 50348K->1708K(223232K), 0,0004984 secs] [Times: user=0,00 sys=0,00, real=0,00 secs] 
9,827: [GC (Allocation Failure) [PSYoungGen: 47712K->64K(47616K)] 49324K->1676K(222720K), 0,0004725 secs] [Times: user=0,01 sys=0,00, real=0,00 secs] 
9,876: [GC (Allocation Failure) [PSYoungGen: 47168K->96K(47104K)] 48780K->1708K(222208K), 0,0005048 secs] [Times: user=0,01 sys=0,00, real=0,00 secs] 
9,925: [GC (Allocation Failure) [PSYoungGen: 46688K->64K(46592K)] 48300K->1676K(221696K), 0,0005045 secs] [Times: user=0,00 sys=0,00, real=0,00 secs] 
9,973: [GC (Allocation Failure) [PSYoungGen: 46144K->96K(46080K)] 47756K->1708K(221184K), 0,0006108 secs] [Times: user=0,00 sys=0,00, real=0,00 secs] 
10,021: [GC (Allocation Failure) [PSYoungGen: 45664K->96K(45568K)] 47276K->1708K(220672K), 0,0003995 secs] [Times: user=0,00 sys=0,00, real=0,00 secs] 
10,069: [GC (Allocation Failure) [PSYoungGen: 45152K->96K(45056K)] 46764K->1708K(220160K), 0,0004151 secs] [Times: user=0,00 sys=0,00, real=0,00 secs] 
10,115: [GC (Allocation Failure) [PSYoungGen: 44640K->96K(44544K)] 46252K->1708K(219648K), 0,0004287 secs] [Times: user=0,00 sys=0,00, real=0,00 secs] 
10,161: [GC (Allocation Failure) [PSYoungGen: 44128K->96K(44032K)] 45740K->1708K(219136K), 0,0004235 secs] [Times: user=0,00 sys=0,00, real=0,00 secs] 
10,206: [GC (Allocation Failure) [PSYoungGen: 43616K->96K(43520K)] 45228K->1708K(218624K), 0,0004011 secs] [Times: user=0,01 sys=0,00, real=0,00 secs] 
10,265: [GC (Allocation Failure) [PSYoungGen: 43104K->160K(43008K)] 44716K->1772K(218112K), 0,0004936 secs] [Times: user=0,01 sys=0,00, real=0,00 secs] 
10,312: [GC (Allocation Failure) [PSYoungGen: 42656K->64K(42496K)] 44268K->1748K(217600K), 0,0004834 secs] [Times: user=0,00 sys=0,00, real=0,00 secs] 
10,356: [GC (Allocation Failure) [PSYoungGen: 42048K->96K(41984K)] 43732K->1780K(217088K), 0,0004098 secs] [Times: user=0,00 sys=0,00, real=0,00 secs] 
10,400: [GC (Allocation Failure) [PSYoungGen: 41568K->96K(41472K)] 43252K->1780K(216576K), 0,0004069 secs] [Times: user=0,00 sys=0,00, real=0,00 secs] 
10,444: [GC (Allocation Failure) [PSYoungGen: 41056K->64K(40960K)] 42740K->1748K(216064K), 0,0004882 secs] [Times: user=0,00 sys=0,00, real=0,00 secs] 
10,487: [GC (Allocation Failure) [PSYoungGen: 40512K->128K(40448K)] 42196K->1812K(215552K), 0,0004180 secs] [Times: user=0,00 sys=0,00, real=0,00 secs] 
10,529: [GC (Allocation Failure) [PSYoungGen: 40064K->96K(39936K)] 41748K->1780K(215040K), 0,0004116 secs] [Times: user=0,00 sys=0,00, real=0,00 secs] 
10,571: [GC (Allocation Failure) [PSYoungGen: 39520K->96K(39424K)] 41204K->1780K(214528K), 0,0005382 secs] [Times: user=0,00 sys=0,00, real=0,00 secs] 
10,612: [GC (Allocation Failure) [PSYoungGen: 39008K->64K(47616K)] 40692K->1748K(222720K), 0,0007431 secs] [Times: user=0,00 sys=0,01, real=0,00 secs] 
10,664: [GC (Allocation Failure) [PSYoungGen: 47168K->96K(57344K)] 48852K->1780K(232448K), 0,0009328 secs] [Times: user=0,00 sys=0,00, real=0,00 secs] 
10,724: [GC (Allocation Failure) [PSYoungGen: 56928K->96K(69120K)] 58612K->1780K(244224K), 0,0004165 secs] [Times: user=0,00 sys=0,00, real=0,00 secs] 
10,798: [GC (Allocation Failure) [PSYoungGen: 68704K->64K(67584K)] 70388K->1748K(242688K), 0,0005051 secs] [Times: user=0,00 sys=0,00, real=0,00 secs] 
10,879: [GC (Allocation Failure) [PSYoungGen: 67136K->96K(66048K)] 68820K->1780K(241152K), 0,0004768 secs] [Times: user=0,00 sys=0,00, real=0,00 secs] 
10,949: [GC (Allocation Failure) [PSYoungGen: 65632K->64K(64512K)] 67316K->1748K(239616K), 0,0005229 secs] [Times: user=0,00 sys=0,00, real=0,00 secs] 
11,017: [GC (Allocation Failure) [PSYoungGen: 64064K->128K(62976K)] 65748K->1812K(238080K), 0,0005337 secs] [Times: user=0,00 sys=0,00, real=0,00 secs] 
11,087: [GC (Allocation Failure) [PSYoungGen: 62592K->64K(61952K)] 64276K->1756K(237056K), 0,0006109 secs] [Times: user=0,00 sys=0,00, real=0,00 secs] 
11,154: [GC (Allocation Failure) [PSYoungGen: 61504K->96K(60928K)] 63196K->1788K(236032K), 0,0004071 secs] [Times: user=0,01 sys=0,00, real=0,00 secs] 
11,223: [GC (Allocation Failure) [PSYoungGen: 60511K->96K(59904K)] 62204K->1788K(235008K), 0,0004044 secs] [Times: user=0,00 sys=0,00, real=0,00 secs] 
11,286: [GC (Allocation Failure) [PSYoungGen: 59488K->96K(58880K)] 61180K->1788K(233984K), 0,0005209 secs] [Times: user=0,00 sys=0,00, real=0,00 secs] 
11,353: [GC (Allocation Failure) [PSYoungGen: 58464K->96K(57856K)] 60156K->1788K(232960K), 0,0005757 secs] [Times: user=0,00 sys=0,00, real=0,00 secs] 
11,419: [GC (Allocation Failure) [PSYoungGen: 57440K->64K(56832K)] 59132K->1756K(231936K), 0,0004892 secs] [Times: user=0,00 sys=0,00, real=0,00 secs] 
11,479: [GC (Allocation Failure) [PSYoungGen: 56384K->64K(55808K)] 58076K->1756K(230912K), 0,0004075 secs] [Times: user=0,00 sys=0,00, real=0,00 secs] 
11,537: [GC (Allocation Failure) [PSYoungGen: 55360K->64K(54784K)] 57052K->1756K(229888K), 0,0005432 secs] [Times: user=0,00 sys=0,00, real=0,00 secs] 
11,594: [GC (Allocation Failure) [PSYoungGen: 54336K->64K(53760K)] 56028K->1756K(228864K), 0,0005238 secs] [Times: user=0,00 sys=0,00, real=0,00 secs] 
11,650: [GC (Allocation Failure) [PSYoungGen: 53312K->64K(52736K)] 55004K->1756K(227840K), 0,0004291 secs] [Times: user=0,00 sys=0,00, real=0,01 secs] 
11,706: [GC (Allocation Failure) [PSYoungGen: 52288K->64K(51712K)] 53980K->1756K(226816K), 0,0005363 secs] [Times: user=0,00 sys=0,00, real=0,00 secs] 
11,760: [GC (Allocation Failure) [PSYoungGen: 51264K->64K(50688K)] 52956K->1756K(225792K), 0,0005231 secs] [Times: user=0,00 sys=0,00, real=0,00 secs] 
11,814: [GC (Allocation Failure) [PSYoungGen: 50240K->96K(60928K)] 51932K->1788K(236032K), 0,0013996 secs] [Times: user=0,00 sys=0,00, real=0,00 secs] 
11,879: [GC (Allocation Failure) [PSYoungGen: 60512K->64K(73216K)] 62204K->1756K(248320K), 0,0004936 secs] [Times: user=0,00 sys=0,00, real=0,00 secs] 
11,955: [GC (Allocation Failure) [PSYoungGen: 72768K->96K(71680K)] 74460K->1788K(246784K), 0,0004580 secs] [Times: user=0,00 sys=0,00, real=0,00 secs] 
12,031: [GC (Allocation Failure) [PSYoungGen: 71264K->64K(70144K)] 72956K->1756K(245248K), 0,0005198 secs] [Times: user=0,00 sys=0,00, real=0,00 secs] 
12,106: [GC (Allocation Failure) [PSYoungGen: 69696K->96K(68608K)] 71388K->1788K(243712K), 0,0004289 secs] [Times: user=0,00 sys=0,00, real=0,00 secs] 
12,177: [GC (Allocation Failure) [PSYoungGen: 68192K->64K(67072K)] 69884K->1756K(242176K), 0,0005304 secs] [Times: user=0,00 sys=0,00, real=0,00 secs] 
12,248: [GC (Allocation Failure) [PSYoungGen: 66624K->96K(65536K)] 68316K->1788K(240640K), 0,0004607 secs] [Times: user=0,00 sys=0,00, real=0,00 secs] 
12,320: [GC (Allocation Failure) [PSYoungGen: 65119K->64K(64000K)] 66812K->1756K(239104K), 0,0004913 secs] [Times: user=0,00 sys=0,00, real=0,01 secs] 
12,387: [GC (Allocation Failure) [PSYoungGen: 63552K->64K(62464K)] 65244K->1756K(237568K), 0,0005456 secs] [Times: user=0,00 sys=0,00, real=0,00 secs] 
12,452: [GC (Allocation Failure) [PSYoungGen: 62016K->64K(61440K)] 63708K->1756K(236544K), 0,0005373 secs] [Times: user=0,00 sys=0,00, real=0,00 secs] 
12,516: [GC (Allocation Failure) [PSYoungGen: 60992K->64K(60416K)] 62684K->1756K(235520K), 0,0005009 secs] [Times: user=0,00 sys=0,00, real=0,00 secs] 
12,583: [GC (Allocation Failure) [PSYoungGen: 59968K->64K(59392K)] 61660K->1756K(234496K), 0,0005744 secs] [Times: user=0,00 sys=0,00, real=0,00 secs] 
12,646: [GC (Allocation Failure) [PSYoungGen: 58944K->96K(58368K)] 60636K->1788K(233472K), 0,0003953 secs] [Times: user=0,00 sys=0,00, real=0,00 secs] 
12,707: [GC (Allocation Failure) [PSYoungGen: 57952K->96K(57344K)] 59644K->1788K(232448K), 0,0005132 secs] [Times: user=0,00 sys=0,01, real=0,00 secs] 
12,767: [GC (Allocation Failure) [PSYoungGen: 56928K->64K(56320K)] 58620K->1756K(231424K), 0,0005204 secs] [Times: user=0,00 sys=0,00, real=0,00 secs] 
12,827: [GC (Allocation Failure) [PSYoungGen: 55872K->96K(55296K)] 57564K->1788K(230400K), 0,0004216 secs] [Times: user=0,00 sys=0,00, real=0,00 secs] 
12,885: [GC (Allocation Failure) [PSYoungGen: 54880K->96K(54272K)] 56572K->1788K(229376K), 0,0004947 secs] [Times: user=0,00 sys=0,00, real=0,00 secs] 
12,942: [GC (Allocation Failure) [PSYoungGen: 53856K->64K(53248K)] 55548K->1756K(228352K), 0,0004036 secs] [Times: user=0,00 sys=0,00, real=0,00 secs] 
12,997: [GC (Allocation Failure) [PSYoungGen: 52800K->96K(52224K)] 54492K->1788K(227328K), 0,0004130 secs] [Times: user=0,00 sys=0,00, real=0,00 secs] 
13,051: [GC (Allocation Failure) [PSYoungGen: 51808K->64K(51200K)] 53500K->1756K(226304K), 0,0009998 secs] [Times: user=0,00 sys=0,00, real=0,00 secs] 
13,112: [GC (Allocation Failure) [PSYoungGen: 50752K->96K(50176K)] 52444K->1788K(225280K), 0,0005114 secs] [Times: user=0,01 sys=0,00, real=0,00 secs] 
13,164: [GC (Allocation Failure) [PSYoungGen: 49760K->64K(49152K)] 51452K->1756K(224256K), 0,0005030 secs] [Times: user=0,00 sys=0,00, real=0,00 secs] 
13,216: [GC (Allocation Failure) [PSYoungGen: 48704K->64K(48128K)] 50396K->1756K(223232K), 0,0005110 secs] [Times: user=0,00 sys=0,00, real=0,00 secs] 
13,268: [GC (Allocation Failure) [PSYoungGen: 47680K->96K(47616K)] 49372K->1788K(222720K), 0,0004103 secs] [Times: user=0,00 sys=0,00, real=0,00 secs] 
13,318: [GC (Allocation Failure) [PSYoungGen: 47200K->96K(47104K)] 48892K->1788K(222208K), 0,0004090 secs] [Times: user=0,00 sys=0,00, real=0,00 secs] 
13,368: [GC (Allocation Failure) [PSYoungGen: 46688K->96K(46592K)] 48380K->1788K(221696K), 0,0004044 secs] [Times: user=0,00 sys=0,00, real=0,00 secs] 
13,417: [GC (Allocation Failure) [PSYoungGen: 46176K->64K(46080K)] 47868K->1756K(221184K), 0,0005561 secs] [Times: user=0,00 sys=0,00, real=0,00 secs] 
13,466: [GC (Allocation Failure) [PSYoungGen: 45632K->96K(45568K)] 47324K->1788K(220672K), 0,0004043 secs] [Times: user=0,00 sys=0,00, real=0,00 secs] 
13,514: [GC (Allocation Failure) [PSYoungGen: 45152K->64K(54784K)] 46844K->1756K(229888K), 0,0010351 secs] [Times: user=0,01 sys=0,00, real=0,00 secs] 
13,573: [GC (Allocation Failure) [PSYoungGen: 54336K->64K(66048K)] 56028K->1756K(241152K), 0,0005900 secs] [Times: user=0,01 sys=0,00, real=0,00 secs] 
13,642: [GC (Allocation Failure) [PSYoungGen: 65600K->64K(64512K)] 67292K->1756K(239616K), 0,0005703 secs] [Times: user=0,00 sys=0,00, real=0,00 secs] 
13,709: [GC (Allocation Failure) [PSYoungGen: 64064K->96K(62976K)] 65756K->1788K(238080K), 0,0005030 secs] [Times: user=0,00 sys=0,00, real=0,00 secs] 
13,776: [GC (Allocation Failure) [PSYoungGen: 62560K->64K(61952K)] 64252K->1756K(237056K), 0,0006092 secs] [Times: user=0,00 sys=0,00, real=0,00 secs] 
13,843: [GC (Allocation Failure) [PSYoungGen: 61504K->64K(60928K)] 63196K->1756K(236032K), 0,0004971 secs] [Times: user=0,00 sys=0,00, real=0,00 secs] 
13,908: [GC (Allocation Failure) [PSYoungGen: 60480K->96K(59904K)] 62172K->1788K(235008K), 0,0007007 secs] [Times: user=0,00 sys=0,00, real=0,00 secs] 
13,970: [GC (Allocation Failure) [PSYoungGen: 59488K->96K(58880K)] 61180K->1788K(233984K), 0,0005536 secs] [Times: user=0,00 sys=0,00, real=0,00 secs] 
14,032: [GC (Allocation Failure) [PSYoungGen: 58464K->96K(57856K)] 60156K->1788K(232960K), 0,0004025 secs] [Times: user=0,00 sys=0,00, real=0,00 secs] 
14,092: [GC (Allocation Failure) [PSYoungGen: 57440K->64K(56832K)] 59132K->1756K(231936K), 0,0006158 secs] [Times: user=0,00 sys=0,00, real=0,00 secs] 
14,152: [GC (Allocation Failure) [PSYoungGen: 56384K->64K(55808K)] 58076K->1756K(230912K), 0,0004243 secs] [Times: user=0,00 sys=0,00, real=0,00 secs] 
14,215: [GC (Allocation Failure) [PSYoungGen: 55360K->96K(54784K)] 57052K->1788K(229888K), 0,0005767 secs] [Times: user=0,01 sys=0,00, real=0,00 secs] 
14,273: [GC (Allocation Failure) [PSYoungGen: 54368K->64K(53760K)] 56060K->1756K(228864K), 0,0005055 secs] [Times: user=0,00 sys=0,00, real=0,00 secs] 
14,330: [GC (Allocation Failure) [PSYoungGen: 53312K->96K(52736K)] 55004K->1788K(227840K), 0,0005300 secs] [Times: user=0,00 sys=0,01, real=0,00 secs] 
14,389: [GC (Allocation Failure) [PSYoungGen: 52320K->32K(51712K)] 54012K->1724K(226816K), 0,0005050 secs] [Times: user=0,00 sys=0,00, real=0,00 secs] 
14,444: [GC (Allocation Failure) [PSYoungGen: 51232K->96K(50688K)] 52924K->1788K(225792K), 0,0004024 secs] [Times: user=0,00 sys=0,00, real=0,00 secs] 
14,498: [GC (Allocation Failure) [PSYoungGen: 50272K->96K(49664K)] 51964K->1788K(224768K), 0,0004993 secs] [Times: user=0,00 sys=0,00, real=0,00 secs] 
14,553: [GC (Allocation Failure) [PSYoungGen: 49248K->64K(48640K)] 50940K->1756K(223744K), 0,0007309 secs] [Times: user=0,00 sys=0,00, real=0,00 secs] 
14,605: [GC (Allocation Failure) [PSYoungGen: 48192K->96K(48128K)] 49884K->1788K(223232K), 0,0004098 secs] [Times: user=0,00 sys=0,00, real=0,00 secs] 
14,655: [GC (Allocation Failure) [PSYoungGen: 47712K->96K(47616K)] 49404K->1788K(222720K), 0,0004039 secs] [Times: user=0,00 sys=0,00, real=0,00 secs] 
14,706: [GC (Allocation Failure) [PSYoungGen: 47200K->96K(47104K)] 48892K->1788K(222208K), 0,0004688 secs] [Times: user=0,00 sys=0,00, real=0,00 secs] 
14,756: [GC (Allocation Failure) [PSYoungGen: 46688K->96K(46592K)] 48380K->1788K(221696K), 0,0004033 secs] [Times: user=0,00 sys=0,00, real=0,00 secs] 
14,806: [GC (Allocation Failure) [PSYoungGen: 46176K->96K(46080K)] 47868K->1788K(221184K), 0,0004115 secs] [Times: user=0,00 sys=0,00, real=0,00 secs] 
14,857: [GC (Allocation Failure) [PSYoungGen: 45664K->64K(45568K)] 47356K->1756K(220672K), 0,0004902 secs] [Times: user=0,00 sys=0,00, real=0,00 secs] 
14,905: [GC (Allocation Failure) [PSYoungGen: 45119K->96K(45056K)] 46812K->1788K(220160K), 0,0004075 secs] [Times: user=0,00 sys=0,00, real=0,00 secs] 
14,952: [GC (Allocation Failure) [PSYoungGen: 44640K->64K(44544K)] 46332K->1756K(219648K), 0,0004212 secs] [Times: user=0,00 sys=0,00, real=0,00 secs] 
14,999: [GC (Allocation Failure) [PSYoungGen: 44096K->64K(44032K)] 45788K->1756K(219136K), 0,0004392 secs] [Times: user=0,00 sys=0,00, real=0,00 secs] 
15,046: [GC (Allocation Failure) [PSYoungGen: 43584K->96K(43520K)] 45276K->1788K(218624K), 0,0004024 secs] [Times: user=0,00 sys=0,00, real=0,00 secs] 
15,092: [GC (Allocation Failure) [PSYoungGen: 43104K->96K(43008K)] 44796K->1788K(218112K), 0,0004100 secs] [Times: user=0,00 sys=0,00, real=0,00 secs] 
15,137: [GC (Allocation Failure) [PSYoungGen: 42592K->96K(42496K)] 44284K->1788K(217600K), 0,0004046 secs] [Times: user=0,00 sys=0,00, real=0,00 secs] 
15,181: [GC (Allocation Failure) [PSYoungGen: 42080K->96K(41984K)] 43772K->1788K(217088K), 0,0005667 secs] [Times: user=0,00 sys=0,00, real=0,00 secs] 
15,226: [GC (Allocation Failure) [PSYoungGen: 41568K->96K(41472K)] 43260K->1788K(216576K), 0,0006248 secs] [Times: user=0,00 sys=0,00, real=0,00 secs] 
15,269: [GC (Allocation Failure) [PSYoungGen: 41056K->64K(49664K)] 42748K->1756K(224768K), 0,0005355 secs] [Times: user=0,00 sys=0,00, real=0,00 secs] 
15,321: [GC (Allocation Failure) [PSYoungGen: 49216K->96K(48640K)] 50908K->1788K(223744K), 0,0005295 secs] [Times: user=0,00 sys=0,00, real=0,00 secs] 
15,372: [GC (Allocation Failure) [PSYoungGen: 48224K->64K(48128K)] 49916K->1756K(223232K), 0,0004962 secs] [Times: user=0,00 sys=0,00, real=0,00 secs] 
15,423: [GC (Allocation Failure) [PSYoungGen: 47680K->96K(47616K)] 49372K->1788K(222720K), 0,0004036 secs] [Times: user=0,00 sys=0,00, real=0,00 secs] 
15,472: [GC (Allocation Failure) [PSYoungGen: 47200K->96K(47104K)] 48892K->1788K(222208K), 0,0004503 secs] [Times: user=0,00 sys=0,00, real=0,00 secs] 
15,522: [GC (Allocation Failure) [PSYoungGen: 46688K->96K(46592K)] 48380K->1788K(221696K), 0,0004060 secs] [Times: user=0,00 sys=0,00, real=0,00 secs] 
15,577: [GC (Allocation Failure) [PSYoungGen: 46176K->64K(46080K)] 47868K->1756K(221184K), 0,0004946 secs] [Times: user=0,00 sys=0,00, real=0,00 secs] 
15,626: [GC (Allocation Failure) [PSYoungGen: 45632K->96K(45568K)] 47324K->1788K(220672K), 0,0004873 secs] [Times: user=0,00 sys=0,00, real=0,00 secs] 
15,674: [GC (Allocation Failure) [PSYoungGen: 45152K->64K(45056K)] 46844K->1756K(220160K), 0,0004440 secs] [Times: user=0,00 sys=0,00, real=0,00 secs] 
15,721: [GC (Allocation Failure) [PSYoungGen: 44608K->64K(44544K)] 46300K->1756K(219648K), 0,0005832 secs] [Times: user=0,00 sys=0,01, real=0,01 secs] 
15,767: [GC (Allocation Failure) [PSYoungGen: 44096K->96K(44032K)] 45788K->1788K(219136K), 0,0003996 secs] [Times: user=0,00 sys=0,00, real=0,00 secs] 
15,813: [GC (Allocation Failure) [PSYoungGen: 43616K->96K(43520K)] 45308K->1788K(218624K), 0,0004127 secs] [Times: user=0,00 sys=0,00, real=0,00 secs] 
15,862: [GC (Allocation Failure) [PSYoungGen: 43104K->96K(43008K)] 44796K->1788K(218112K), 0,0004097 secs] [Times: user=0,00 sys=0,00, real=0,00 secs] 
15,907: [GC (Allocation Failure) [PSYoungGen: 42592K->96K(42496K)] 44284K->1788K(217600K), 0,0004101 secs] [Times: user=0,00 sys=0,00, real=0,00 secs] 
15,952: [GC (Allocation Failure) [PSYoungGen: 42080K->96K(41984K)] 43772K->1788K(217088K), 0,0004191 secs] [Times: user=0,00 sys=0,00, real=0,00 secs] 
15,998: [GC (Allocation Failure) [PSYoungGen: 41568K->96K(41472K)] 43260K->1788K(216576K), 0,0003953 secs] [Times: user=0,00 sys=0,00, real=0,00 secs] 
16,045: [GC (Allocation Failure) [PSYoungGen: 41056K->96K(49664K)] 42748K->1788K(224768K), 0,0009065 secs] [Times: user=0,00 sys=0,00, real=0,00 secs] 
16,098: [GC (Allocation Failure) [PSYoungGen: 49248K->96K(48640K)] 50940K->1788K(223744K), 0,0004248 secs] [Times: user=0,00 sys=0,00, real=0,00 secs] 
16,150: [GC (Allocation Failure) [PSYoungGen: 48224K->96K(48128K)] 49916K->1788K(223232K), 0,0004797 secs] [Times: user=0,00 sys=0,00, real=0,00 secs] 
16,200: [GC (Allocation Failure) [PSYoungGen: 47712K->96K(47616K)] 49404K->1788K(222720K), 0,0004997 secs] [Times: user=0,01 sys=0,00, real=0,00 secs] 
16,251: [GC (Allocation Failure) [PSYoungGen: 47200K->32K(47104K)] 48892K->1724K(222208K), 0,0005048 secs] [Times: user=0,00 sys=0,00, real=0,00 secs] 
16,300: [GC (Allocation Failure) [PSYoungGen: 46624K->96K(46592K)] 48316K->1788K(221696K), 0,0004245 secs] [Times: user=0,01 sys=0,00, real=0,00 secs] 
16,349: [GC (Allocation Failure) [PSYoungGen: 46176K->96K(46080K)] 47868K->1788K(221184K), 0,0004071 secs] [Times: user=0,00 sys=0,00, real=0,00 secs] 
16,398: [GC (Allocation Failure) [PSYoungGen: 45664K->64K(45568K)] 47356K->1756K(220672K), 0,0004894 secs] [Times: user=0,00 sys=0,00, real=0,00 secs] 
16,446: [GC (Allocation Failure) [PSYoungGen: 45120K->96K(45056K)] 46812K->1788K(220160K), 0,0004051 secs] [Times: user=0,00 sys=0,00, real=0,00 secs] 
16,494: [GC (Allocation Failure) [PSYoungGen: 44640K->96K(44544K)] 46332K->1788K(219648K), 0,0004353 secs] [Times: user=0,00 sys=0,00, real=0,00 secs] 
16,541: [GC (Allocation Failure) [PSYoungGen: 44128K->96K(44032K)] 45820K->1788K(219136K), 0,0004094 secs] [Times: user=0,00 sys=0,00, real=0,00 secs] 
16,588: [GC (Allocation Failure) [PSYoungGen: 43616K->64K(43520K)] 45308K->1756K(218624K), 0,0004420 secs] [Times: user=0,00 sys=0,00, real=0,00 secs] 
16,638: [GC (Allocation Failure) [PSYoungGen: 43072K->96K(43008K)] 44764K->1788K(218112K), 0,0004616 secs] [Times: user=0,00 sys=0,00, real=0,00 secs] 
16,683: [GC (Allocation Failure) [PSYoungGen: 42592K->64K(42496K)] 44284K->1756K(217600K), 0,0005156 secs] [Times: user=0,00 sys=0,00, real=0,00 secs] 
16,728: [GC (Allocation Failure) [PSYoungGen: 42048K->64K(41984K)] 43740K->1756K(217088K), 0,0005038 secs] [Times: user=0,00 sys=0,00, real=0,00 secs] 
16,773: [GC (Allocation Failure) [PSYoungGen: 41536K->96K(41472K)] 43228K->1788K(216576K), 0,0004099 secs] [Times: user=0,00 sys=0,00, real=0,00 secs] 
16,817: [GC (Allocation Failure) [PSYoungGen: 41056K->64K(40960K)] 42748K->1756K(216064K), 0,0004901 secs] [Times: user=0,00 sys=0,00, real=0,00 secs] 
16,862: [GC (Allocation Failure) [PSYoungGen: 40512K->96K(40448K)] 42204K->1788K(215552K), 0,0004032 secs] [Times: user=0,00 sys=0,00, real=0,00 secs] 
16,904: [GC (Allocation Failure) [PSYoungGen: 40032K->96K(39936K)] 41724K->1788K(215040K), 0,0005036 secs] [Times: user=0,00 sys=0,00, real=0,00 secs] 
16,947: [GC (Allocation Failure) [PSYoungGen: 39520K->64K(39424K)] 41212K->1756K(214528K), 0,0004983 secs] [Times: user=0,00 sys=0,00, real=0,00 secs] 
16,988: [GC (Allocation Failure) [PSYoungGen: 38976K->64K(47616K)] 40668K->1756K(222720K), 0,0008035 secs] [Times: user=0,00 sys=0,00, real=0,00 secs] 
17,039: [GC (Allocation Failure) [PSYoungGen: 47168K->64K(57344K)] 48860K->1756K(232448K), 0,0004910 secs] [Times: user=0,00 sys=0,01, real=0,00 secs] 
17,100: [GC (Allocation Failure) [PSYoungGen: 56896K->96K(56320K)] 58588K->1788K(231424K), 0,0004295 secs] [Times: user=0,00 sys=0,00, real=0,01 secs] 
17,160: [GC (Allocation Failure) [PSYoungGen: 55904K->96K(55296K)] 57596K->1788K(230400K), 0,0005033 secs] [Times: user=0,00 sys=0,00, real=0,00 secs] 
17,218: [GC (Allocation Failure) [PSYoungGen: 54880K->96K(54272K)] 56572K->1788K(229376K), 0,0004190 secs] [Times: user=0,00 sys=0,00, real=0,00 secs] 
17,275: [GC (Allocation Failure) [PSYoungGen: 53856K->96K(53248K)] 55548K->1788K(228352K), 0,0003981 secs] [Times: user=0,00 sys=0,00, real=0,00 secs] 
17,332: [GC (Allocation Failure) [PSYoungGen: 52832K->96K(52224K)] 54524K->1788K(227328K), 0,0004866 secs] [Times: user=0,01 sys=0,00, real=0,00 secs] 
17,387: [GC (Allocation Failure) [PSYoungGen: 51808K->32K(51200K)] 53500K->1724K(226304K), 0,0009353 secs] [Times: user=0,00 sys=0,00, real=0,00 secs] 
17,445: [GC (Allocation Failure) [PSYoungGen: 50720K->64K(50176K)] 52412K->1756K(225280K), 0,0005046 secs] [Times: user=0,00 sys=0,00, real=0,00 secs] 
17,499: [GC (Allocation Failure) [PSYoungGen: 49728K->96K(49152K)] 51420K->1788K(224256K), 0,0004884 secs] [Times: user=0,00 sys=0,00, real=0,00 secs] 
17,551: [GC (Allocation Failure) [PSYoungGen: 48736K->64K(48128K)] 50428K->1756K(223232K), 0,0004889 secs] [Times: user=0,00 sys=0,00, real=0,00 secs] 
17,602: [GC (Allocation Failure) [PSYoungGen: 47680K->96K(47616K)] 49372K->1788K(222720K), 0,0004052 secs] [Times: user=0,01 sys=0,00, real=0,00 secs] 
17,652: [GC (Allocation Failure) [PSYoungGen: 47200K->96K(47104K)] 48892K->1788K(222208K), 0,0004241 secs] [Times: user=0,00 sys=0,00, real=0,00 secs] 
17,702: [GC (Allocation Failure) [PSYoungGen: 46688K->96K(46592K)] 48380K->1788K(221696K), 0,0004859 secs] [Times: user=0,01 sys=0,00, real=0,00 secs] 
17,751: [GC (Allocation Failure) [PSYoungGen: 46176K->96K(46080K)] 47868K->1788K(221184K), 0,0004012 secs] [Times: user=0,00 sys=0,00, real=0,00 secs] 
17,800: [GC (Allocation Failure) [PSYoungGen: 45664K->64K(45568K)] 47356K->1756K(220672K), 0,0004800 secs] [Times: user=0,00 sys=0,00, real=0,00 secs] 
17,851: [GC (Allocation Failure) [PSYoungGen: 45120K->96K(45056K)] 46812K->1788K(220160K), 0,0004874 secs] [Times: user=0,00 sys=0,00, real=0,01 secs] 
17,902: [GC (Allocation Failure) [PSYoungGen: 44640K->64K(54272K)] 46332K->1756K(229376K), 0,0009781 secs] [Times: user=0,01 sys=0,00, real=0,00 secs] 
17,974: [GC (Allocation Failure) [PSYoungGen: 53824K->32K(65024K)] 55516K->1724K(240128K), 0,0024466 secs] [Times: user=0,01 sys=0,00, real=0,00 secs] 
18,058: [GC (Allocation Failure) [PSYoungGen: 64544K->64K(78336K)] 66236K->1756K(253440K), 0,0005210 secs] [Times: user=0,00 sys=0,00, real=0,00 secs] 
18,142: [GC (Allocation Failure) [PSYoungGen: 77888K->96K(94208K)] 79580K->1788K(269312K), 0,0005218 secs] [Times: user=0,00 sys=0,00, real=0,00 secs] 
18,241: [GC (Allocation Failure) [PSYoungGen: 93792K->32K(91648K)] 95484K->1724K(266752K), 0,0006016 secs] [Times: user=0,01 sys=0,00, real=0,00 secs] 
18,339: [GC (Allocation Failure) [PSYoungGen: 91168K->64K(89088K)] 92860K->1756K(264192K), 0,0005130 secs] [Times: user=0,00 sys=0,00, real=0,00 secs] 
18,433: [GC (Allocation Failure) [PSYoungGen: 88640K->96K(87040K)] 90332K->1788K(262144K), 0,0005377 secs] [Times: user=0,01 sys=0,00, real=0,00 secs] 
18,525: [GC (Allocation Failure) [PSYoungGen: 86624K->96K(84992K)] 88316K->1788K(260096K), 0,0005017 secs] [Times: user=0,00 sys=0,00, real=0,00 secs] 
18,616: [GC (Allocation Failure) [PSYoungGen: 84576K->64K(82944K)] 86268K->1756K(258048K), 0,0004997 secs] [Times: user=0,00 sys=0,00, real=0,00 secs] 
18,703: [GC (Allocation Failure) [PSYoungGen: 82496K->64K(80896K)] 84188K->1756K(256000K), 0,0007476 secs] [Times: user=0,00 sys=0,00, real=0,00 secs] 
18,790: [GC (Allocation Failure) [PSYoungGen: 80448K->96K(78848K)] 82140K->1788K(253952K), 0,0005147 secs] [Times: user=0,00 sys=0,00, real=0,01 secs] 
18,878: [GC (Allocation Failure) [PSYoungGen: 78432K->96K(76800K)] 80124K->1788K(251904K), 0,0005057 secs] [Times: user=0,00 sys=0,00, real=0,00 secs] 
18,962: [GC (Allocation Failure) [PSYoungGen: 76384K->64K(74752K)] 78076K->1756K(249856K), 0,0005088 secs] [Times: user=0,00 sys=0,00, real=0,00 secs] 
19,046: [GC (Allocation Failure) [PSYoungGen: 74304K->96K(73216K)] 75996K->1788K(248320K), 0,0005134 secs] [Times: user=0,00 sys=0,00, real=0,00 secs] 
19,126: [GC (Allocation Failure) [PSYoungGen: 72800K->64K(71680K)] 74492K->1756K(246784K), 0,0005153 secs] [Times: user=0,00 sys=0,00, real=0,00 secs] 
19,204: [GC (Allocation Failure) [PSYoungGen: 71232K->64K(70144K)] 72924K->1756K(245248K), 0,0005001 secs] [Times: user=0,00 sys=0,00, real=0,00 secs] 
19,279: [GC (Allocation Failure) [PSYoungGen: 69696K->64K(68608K)] 71388K->1756K(243712K), 0,0008887 secs] [Times: user=0,01 sys=0,00, real=0,00 secs] 
19,354: [GC (Allocation Failure) [PSYoungGen: 68160K->64K(67072K)] 69852K->1756K(242176K), 0,0004989 secs] [Times: user=0,00 sys=0,00, real=0,00 secs] 
19,426: [GC (Allocation Failure) [PSYoungGen: 66624K->96K(65536K)] 68316K->1788K(240640K), 0,0005281 secs] [Times: user=0,00 sys=0,00, real=0,00 secs] 
19,497: [GC (Allocation Failure) [PSYoungGen: 65120K->64K(64000K)] 66812K->1756K(239104K), 0,0006307 secs] [Times: user=0,00 sys=0,00, real=0,00 secs] 
19,568: [GC (Allocation Failure) [PSYoungGen: 63552K->64K(62464K)] 65244K->1756K(237568K), 0,0005424 secs] [Times: user=0,01 sys=0,00, real=0,00 secs] 
19,636: [GC (Allocation Failure) [PSYoungGen: 62016K->96K(61440K)] 63708K->1788K(236544K), 0,0004913 secs] [Times: user=0,00 sys=0,00, real=0,00 secs] 
19,702: [GC (Allocation Failure) [PSYoungGen: 61024K->96K(60416K)] 62716K->1788K(235520K), 0,0005333 secs] [Times: user=0,00 sys=0,00, real=0,00 secs] 
19,767: [GC (Allocation Failure) [PSYoungGen: 60000K->96K(59392K)] 61692K->1788K(234496K), 0,0005080 secs] [Times: user=0,00 sys=0,00, real=0,00 secs] 
19,832: [GC (Allocation Failure) [PSYoungGen: 58976K->96K(58368K)] 60668K->1788K(233472K), 0,0004969 secs] [Times: user=0,00 sys=0,00, real=0,00 secs] 
19,895: [GC (Allocation Failure) [PSYoungGen: 57952K->64K(57344K)] 59644K->1756K(232448K), 0,0005440 secs] [Times: user=0,00 sys=0,00, real=0,00 secs] 
19,958: [GC (Allocation Failure) [PSYoungGen: 56896K->64K(56320K)] 58588K->1756K(231424K), 0,0004938 secs] [Times: user=0,01 sys=0,00, real=0,00 secs] 
20,018: [GC (Allocation Failure) [PSYoungGen: 55872K->64K(55296K)] 57564K->1756K(230400K), 0,0005173 secs] [Times: user=0,00 sys=0,00, real=0,00 secs] 
20,078: [GC (Allocation Failure) [PSYoungGen: 54848K->96K(54272K)] 56540K->1788K(229376K), 0,0005323 secs] [Times: user=0,00 sys=0,00, real=0,00 secs] 
20,136: [GC (Allocation Failure) [PSYoungGen: 53856K->96K(53248K)] 55548K->1788K(228352K), 0,0005062 secs] [Times: user=0,00 sys=0,00, real=0,00 secs] 
20,194: [GC (Allocation Failure) [PSYoungGen: 52832K->96K(52224K)] 54524K->1788K(227328K), 0,0009007 secs] [Times: user=0,00 sys=0,00, real=0,00 secs] 
20,250: [GC (Allocation Failure) [PSYoungGen: 51808K->64K(51200K)] 53500K->1756K(226304K), 0,0005762 secs] [Times: user=0,00 sys=0,00, real=0,00 secs] 
20,306: [GC (Allocation Failure) [PSYoungGen: 50752K->96K(50176K)] 52444K->1788K(225280K), 0,0004307 secs] [Times: user=0,00 sys=0,00, real=0,00 secs] 
20,362: [GC (Allocation Failure) [PSYoungGen: 49760K->64K(60416K)] 51452K->1780K(235520K), 0,0009717 secs] [Times: user=0,00 sys=0,00, real=0,00 secs] 
20,429: [GC (Allocation Failure) [PSYoungGen: 59968K->96K(59392K)] 61684K->1812K(234496K), 0,0005177 secs] [Times: user=0,00 sys=0,00, real=0,00 secs] 
20,495: [GC (Allocation Failure) [PSYoungGen: 58976K->96K(58368K)] 60692K->1812K(233472K), 0,0005206 secs] [Times: user=0,00 sys=0,00, real=0,00 secs] 
20,559: [GC (Allocation Failure) [PSYoungGen: 57952K->96K(57344K)] 59668K->1812K(232448K), 0,0005025 secs] [Times: user=0,00 sys=0,00, real=0,00 secs] 
20,623: [GC (Allocation Failure) [PSYoungGen: 56928K->96K(56320K)] 58644K->1812K(231424K), 0,0005408 secs] [Times: user=0,01 sys=0,00, real=0,00 secs] 
20,685: [GC (Allocation Failure) [PSYoungGen: 55904K->96K(55296K)] 57620K->1812K(230400K), 0,0005014 secs] [Times: user=0,00 sys=0,00, real=0,00 secs] 
20,746: [GC (Allocation Failure) [PSYoungGen: 54880K->96K(54272K)] 56596K->1812K(229376K), 0,0005164 secs] [Times: user=0,00 sys=0,00, real=0,00 secs] 
20,805: [GC (Allocation Failure) [PSYoungGen: 53856K->96K(53248K)] 55572K->1812K(228352K), 0,0005154 secs] [Times: user=0,00 sys=0,00, real=0,00 secs] 
20,865: [GC (Allocation Failure) [PSYoungGen: 52832K->64K(52224K)] 54548K->1780K(227328K), 0,0005123 secs] [Times: user=0,00 sys=0,00, real=0,00 secs] 
20,922: [GC (Allocation Failure) [PSYoungGen: 51776K->64K(51200K)] 53492K->1780K(226304K), 0,0007103 secs] [Times: user=0,01 sys=0,00, real=0,00 secs] 
20,978: [GC (Allocation Failure) [PSYoungGen: 50752K->64K(50176K)] 52468K->1780K(225280K), 0,0005038 secs] [Times: user=0,00 sys=0,00, real=0,00 secs] 
21,033: [GC (Allocation Failure) [PSYoungGen: 49728K->64K(49152K)] 51444K->1780K(224256K), 0,0005645 secs] [Times: user=0,00 sys=0,00, real=0,00 secs] 
21,088: [GC (Allocation Failure) [PSYoungGen: 48704K->64K(48128K)] 50420K->1780K(223232K), 0,0005351 secs] [Times: user=0,00 sys=0,00, real=0,00 secs] 
21,140: [GC (Allocation Failure) [PSYoungGen: 47680K->96K(47616K)] 49396K->1812K(222720K), 0,0005152 secs] [Times: user=0,01 sys=0,00, real=0,01 secs] 
21,193: [GC (Allocation Failure) [PSYoungGen: 47200K->64K(47104K)] 48916K->1780K(222208K), 0,0005917 secs] [Times: user=0,00 sys=0,00, real=0,00 secs] 
21,245: [GC (Allocation Failure) [PSYoungGen: 46656K->96K(46592K)] 48372K->1812K(221696K), 0,0005113 secs] [Times: user=0,00 sys=0,00, real=0,00 secs] 
21,297: [GC (Allocation Failure) [PSYoungGen: 46176K->64K(46080K)] 47892K->1780K(221184K), 0,0005625 secs] [Times: user=0,00 sys=0,00, real=0,00 secs] 
21,348: [GC (Allocation Failure) [PSYoungGen: 45632K->96K(45568K)] 47348K->1812K(220672K), 0,0004933 secs] [Times: user=0,00 sys=0,00, real=0,00 secs] 
21,398: [GC (Allocation Failure) [PSYoungGen: 45152K->96K(45056K)] 46868K->1812K(220160K), 0,0004993 secs] [Times: user=0,00 sys=0,00, real=0,00 secs] 
21,448: [GC (Allocation Failure) [PSYoungGen: 44640K->96K(44544K)] 46356K->1812K(219648K), 0,0005656 secs] [Times: user=0,00 sys=0,00, real=0,00 secs] 
21,498: [GC (Allocation Failure) [PSYoungGen: 44128K->96K(44032K)] 45844K->1812K(219136K), 0,0005041 secs] [Times: user=0,00 sys=0,00, real=0,00 secs] 
21,547: [GC (Allocation Failure) [PSYoungGen: 43616K->96K(43520K)] 45332K->1812K(218624K), 0,0004758 secs] [Times: user=0,00 sys=0,00, real=0,00 secs] 
21,595: [GC (Allocation Failure) [PSYoungGen: 43104K->96K(43008K)] 44820K->1812K(218112K), 0,0005403 secs] [Times: user=0,00 sys=0,00, real=0,00 secs] 
21,643: [GC (Allocation Failure) [PSYoungGen: 42592K->96K(42496K)] 44308K->1820K(217600K), 0,0005412 secs] [Times: user=0,00 sys=0,00, real=0,00 secs] 
21,690: [GC (Allocation Failure) [PSYoungGen: 42080K->96K(41984K)] 43804K->1820K(217088K), 0,0004171 secs] [Times: user=0,00 sys=0,00, real=0,00 secs] 
21,736: [GC (Allocation Failure) [PSYoungGen: 41568K->64K(41472K)] 43292K->1788K(216576K), 0,0005086 secs] [Times: user=0,00 sys=0,00, real=0,00 secs] 
21,782: [GC (Allocation Failure) [PSYoungGen: 41024K->96K(40960K)] 42748K->1820K(216064K), 0,0004215 secs] [Times: user=0,00 sys=0,00, real=0,00 secs] 
21,827: [GC (Allocation Failure) [PSYoungGen: 40544K->64K(40448K)] 42268K->1788K(215552K), 0,0005552 secs] [Times: user=0,00 sys=0,00, real=0,00 secs] 
21,874: [GC (Allocation Failure) [PSYoungGen: 40000K->96K(39936K)] 41724K->1820K(215040K), 0,0005250 secs] [Times: user=0,00 sys=0,00, real=0,00 secs] 
21,918: [GC (Allocation Failure) [PSYoungGen: 39520K->64K(39424K)] 41244K->1788K(214528K), 0,0004816 secs] [Times: user=0,00 sys=0,00, real=0,00 secs] 
21,961: [GC (Allocation Failure) [PSYoungGen: 38976K->96K(38912K)] 40700K->1820K(214016K), 0,0004633 secs] [Times: user=0,00 sys=0,00, real=0,00 secs] 
22,005: [GC (Allocation Failure) [PSYoungGen: 38496K->64K(46592K)] 40220K->1788K(221696K), 0,0005701 secs] [Times: user=0,00 sys=0,00, real=0,00 secs] 
22,056: [GC (Allocation Failure) [PSYoungGen: 46144K->96K(46080K)] 47868K->1820K(221184K), 0,0004966 secs] [Times: user=0,00 sys=0,00, real=0,00 secs] 
22,106: [GC (Allocation Failure) [PSYoungGen: 45664K->96K(45568K)] 47388K->1820K(220672K), 0,0004057 secs] [Times: user=0,00 sys=0,00, real=0,00 secs] 
22,156: [GC (Allocation Failure) [PSYoungGen: 45152K->96K(45056K)] 46876K->1820K(220160K), 0,0004193 secs] [Times: user=0,00 sys=0,00, real=0,00 secs] 
22,205: [GC (Allocation Failure) [PSYoungGen: 44640K->96K(44544K)] 46364K->1820K(219648K), 0,0004512 secs] [Times: user=0,00 sys=0,00, real=0,00 secs] 
22,254: [GC (Allocation Failure) [PSYoungGen: 44128K->96K(44032K)] 45852K->1820K(219136K), 0,0005190 secs] [Times: user=0,00 sys=0,00, real=0,00 secs] 
22,302: [GC (Allocation Failure) [PSYoungGen: 43616K->96K(43520K)] 45340K->1820K(218624K), 0,0004137 secs] [Times: user=0,00 sys=0,00, real=0,00 secs] 
22,350: [GC (Allocation Failure) [PSYoungGen: 43104K->96K(43008K)] 44828K->1820K(218112K), 0,0004533 secs] [Times: user=0,00 sys=0,01, real=0,01 secs] 
22,398: [GC (Allocation Failure) [PSYoungGen: 42592K->96K(42496K)] 44316K->1820K(217600K), 0,0004151 secs] [Times: user=0,00 sys=0,00, real=0,00 secs] 
22,445: [GC (Allocation Failure) [PSYoungGen: 42080K->96K(41984K)] 43804K->1820K(217088K), 0,0004148 secs] [Times: user=0,00 sys=0,00, real=0,00 secs] 
22,491: [GC (Allocation Failure) [PSYoungGen: 41568K->96K(41472K)] 43292K->1820K(216576K), 0,0004954 secs] [Times: user=0,00 sys=0,00, real=0,00 secs] 
22,537: [GC (Allocation Failure) [PSYoungGen: 41056K->128K(40960K)] 42780K->1852K(216064K), 0,0004127 secs] [Times: user=0,00 sys=0,00, real=0,00 secs] 
22,586: [GC (Allocation Failure) [PSYoungGen: 40576K->96K(40448K)] 42300K->1820K(215552K), 0,0004094 secs] [Times: user=0,01 sys=0,00, real=0,00 secs] 
22,631: [GC (Allocation Failure) [PSYoungGen: 40032K->96K(39936K)] 41756K->1820K(215040K), 0,0004205 secs] [Times: user=0,00 sys=0,00, real=0,01 secs] 
22,674: [GC (Allocation Failure) [PSYoungGen: 39520K->96K(39424K)] 41244K->1820K(214528K), 0,0004079 secs] [Times: user=0,00 sys=0,00, real=0,00 secs] 
22,718: [GC (Allocation Failure) [PSYoungGen: 39008K->96K(38912K)] 40732K->1820K(214016K), 0,0004809 secs] [Times: user=0,00 sys=0,00, real=0,00 secs] 
22,760: [GC (Allocation Failure) [PSYoungGen: 38496K->96K(38400K)] 40220K->1820K(213504K), 0,0004088 secs] [Times: user=0,00 sys=0,00, real=0,01 secs] 
22,803: [GC (Allocation Failure) [PSYoungGen: 37984K->64K(46080K)] 39708K->1788K(221184K), 0,0007074 secs] [Times: user=0,00 sys=0,00, real=0,00 secs] 
22,855: [GC (Allocation Failure) [PSYoungGen: 45632K->96K(55296K)] 47356K->1820K(230400K), 0,0005497 secs] [Times: user=0,01 sys=0,00, real=0,00 secs] 
22,916: [GC (Allocation Failure) [PSYoungGen: 54880K->64K(66560K)] 56604K->1788K(241664K), 0,0009727 secs] [Times: user=0,00 sys=0,00, real=0,00 secs] 
22,991: [GC (Allocation Failure) [PSYoungGen: 66112K->96K(79872K)] 67836K->1820K(254976K), 0,0005626 secs] [Times: user=0,00 sys=0,00, real=0,00 secs] 
23,081: [GC (Allocation Failure) [PSYoungGen: 79456K->96K(77824K)] 81180K->1820K(252928K), 0,0005959 secs] [Times: user=0,00 sys=0,00, real=0,00 secs] 
23,168: [GC (Allocation Failure) [PSYoungGen: 77408K->96K(75776K)] 79132K->1820K(250880K), 0,0005213 secs] [Times: user=0,00 sys=0,00, real=0,00 secs] 
23,251: [GC (Allocation Failure) [PSYoungGen: 75360K->96K(74240K)] 77084K->1820K(249344K), 0,0005607 secs] [Times: user=0,00 sys=0,00, real=0,00 secs] 
23,334: [GC (Allocation Failure) [PSYoungGen: 73824K->32K(72704K)] 75548K->1756K(247808K), 0,0010791 secs] [Times: user=0,01 sys=0,00, real=0,00 secs] 
23,414: [GC (Allocation Failure) [PSYoungGen: 72224K->64K(71168K)] 73948K->1788K(246272K), 0,0005555 secs] [Times: user=0,00 sys=0,00, real=0,00 secs] 
23,492: [GC (Allocation Failure) [PSYoungGen: 70720K->96K(69632K)] 72444K->1820K(244736K), 0,0005826 secs] [Times: user=0,00 sys=0,00, real=0,00 secs] 
23,568: [GC (Allocation Failure) [PSYoungGen: 69216K->96K(68096K)] 70940K->1820K(243200K), 0,0005343 secs] [Times: user=0,00 sys=0,00, real=0,00 secs] 
23,643: [GC (Allocation Failure) [PSYoungGen: 67680K->96K(66560K)] 69404K->1820K(241664K), 0,0005023 secs] [Times: user=0,00 sys=0,00, real=0,00 secs] 
23,716: [GC (Allocation Failure) [PSYoungGen: 66144K->64K(65024K)] 67868K->1788K(240128K), 0,0005143 secs] [Times: user=0,00 sys=0,00, real=0,00 secs] 
23,787: [GC (Allocation Failure) [PSYoungGen: 64576K->96K(63488K)] 66300K->1820K(238592K), 0,0005172 secs] [Times: user=0,00 sys=0,00, real=0,00 secs] 
23,859: [GC (Allocation Failure) [PSYoungGen: 63072K->96K(61952K)] 64796K->1820K(237056K), 0,0005652 secs] [Times: user=0,00 sys=0,00, real=0,00 secs] 
23,928: [GC (Allocation Failure) [PSYoungGen: 61536K->96K(60928K)] 63260K->1820K(236032K), 0,0005251 secs] [Times: user=0,00 sys=0,00, real=0,00 secs] 
23,996: [GC (Allocation Failure) [PSYoungGen: 60512K->96K(59904K)] 62236K->1820K(235008K), 0,0005476 secs] [Times: user=0,00 sys=0,00, real=0,00 secs] 
24,063: [GC (Allocation Failure) [PSYoungGen: 59488K->96K(58880K)] 61212K->1820K(233984K), 0,0005038 secs] [Times: user=0,00 sys=0,00, real=0,00 secs] 
24,127: [GC (Allocation Failure) [PSYoungGen: 58464K->96K(57856K)] 60188K->1820K(232960K), 0,0005525 secs] [Times: user=0,00 sys=0,00, real=0,00 secs] 
24,190: [GC (Allocation Failure) [PSYoungGen: 57440K->64K(56832K)] 59164K->1788K(231936K), 0,0007333 secs] [Times: user=0,01 sys=0,00, real=0,01 secs] 
24,253: [GC (Allocation Failure) [PSYoungGen: 56384K->64K(55808K)] 58108K->1788K(230912K), 0,0005130 secs] [Times: user=0,00 sys=0,00, real=0,00 secs] 
24,315: [GC (Allocation Failure) [PSYoungGen: 55360K->96K(54784K)] 57084K->1820K(229888K), 0,0005031 secs] [Times: user=0,00 sys=0,00, real=0,00 secs] 
24,375: [GC (Allocation Failure) [PSYoungGen: 54368K->96K(53760K)] 56092K->1820K(228864K), 0,0004994 secs] [Times: user=0,00 sys=0,00, real=0,00 secs] 
24,432: [GC (Allocation Failure) [PSYoungGen: 53344K->96K(52736K)] 55068K->1820K(227840K), 0,0004916 secs] [Times: user=0,00 sys=0,00, real=0,00 secs] 
24,490: [GC (Allocation Failure) [PSYoungGen: 52320K->32K(51712K)] 54044K->1756K(226816K), 0,0004882 secs] [Times: user=0,01 sys=0,00, real=0,00 secs] 
24,550: [GC (Allocation Failure) [PSYoungGen: 51232K->64K(50688K)] 52956K->1788K(225792K), 0,0007978 secs] [Times: user=0,01 sys=0,01, real=0,00 secs] 
24,604: [GC (Allocation Failure) [PSYoungGen: 50240K->96K(49664K)] 51964K->1820K(224768K), 0,0005621 secs] [Times: user=0,00 sys=0,00, real=0,00 secs] 
24,658: [GC (Allocation Failure) [PSYoungGen: 49248K->96K(48640K)] 50972K->1820K(223744K), 0,0004916 secs] [Times: user=0,00 sys=0,00, real=0,00 secs] 
24,710: [GC (Allocation Failure) [PSYoungGen: 48224K->64K(48128K)] 49948K->1788K(223232K), 0,0004914 secs] [Times: user=0,00 sys=0,00, real=0,00 secs] 
24,761: [GC (Allocation Failure) [PSYoungGen: 47680K->96K(47616K)] 49404K->1820K(222720K), 0,0004932 secs] [Times: user=0,00 sys=0,00, real=0,00 secs] 
24,812: [GC (Allocation Failure) [PSYoungGen: 47200K->64K(57344K)] 48924K->1788K(232448K), 0,0008093 secs] [Times: user=0,00 sys=0,00, real=0,00 secs] 
24,876: [GC (Allocation Failure) [PSYoungGen: 56896K->96K(56320K)] 58620K->1820K(231424K), 0,0005156 secs] [Times: user=0,00 sys=0,00, real=0,00 secs] 
24,936: [GC (Allocation Failure) [PSYoungGen: 55904K->96K(55296K)] 57628K->1820K(230400K), 0,0005319 secs] [Times: user=0,00 sys=0,00, real=0,00 secs] 
24,996: [GC (Allocation Failure) [PSYoungGen: 54880K->64K(54272K)] 56604K->1788K(229376K), 0,0005066 secs] [Times: user=0,00 sys=0,00, real=0,00 secs] 
25,054: [GC (Allocation Failure) [PSYoungGen: 53824K->64K(53248K)] 55548K->1788K(228352K), 0,0004974 secs] [Times: user=0,00 sys=0,00, real=0,00 secs] 
25,111: [GC (Allocation Failure) [PSYoungGen: 52800K->128K(52224K)] 54524K->1852K(227328K), 0,0005159 secs] [Times: user=0,00 sys=0,00, real=0,00 secs] 
25,166: [GC (Allocation Failure) [PSYoungGen: 51840K->96K(51200K)] 53564K->1820K(226304K), 0,0004892 secs] [Times: user=0,01 sys=0,00, real=0,00 secs] 
25,220: [GC (Allocation Failure) [PSYoungGen: 50784K->64K(50176K)] 52508K->1788K(225280K), 0,0004932 secs] [Times: user=0,00 sys=0,00, real=0,01 secs] 
25,274: [GC (Allocation Failure) [PSYoungGen: 49728K->96K(49152K)] 51452K->1820K(224256K), 0,0004959 secs] [Times: user=0,00 sys=0,00, real=0,00 secs] 
25,327: [GC (Allocation Failure) [PSYoungGen: 48736K->96K(48128K)] 50460K->1820K(223232K), 0,0005027 secs] [Times: user=0,00 sys=0,00, real=0,00 secs] 
25,379: [GC (Allocation Failure) [PSYoungGen: 47712K->64K(47616K)] 49436K->1788K(222720K), 0,0005245 secs] [Times: user=0,00 sys=0,00, real=0,00 secs] 
25,430: [GC (Allocation Failure) [PSYoungGen: 47168K->32K(47104K)] 48892K->1756K(222208K), 0,0005305 secs] [Times: user=0,00 sys=0,00, real=0,01 secs] 
25,481: [GC (Allocation Failure) [PSYoungGen: 46624K->96K(46592K)] 48348K->1820K(221696K), 0,0004957 secs] [Times: user=0,00 sys=0,00, real=0,00 secs] 
25,531: [GC (Allocation Failure) [PSYoungGen: 46176K->64K(46080K)] 47900K->1788K(221184K), 0,0005419 secs] [Times: user=0,00 sys=0,00, real=0,00 secs] 
25,580: [GC (Allocation Failure) [PSYoungGen: 45632K->96K(45568K)] 47356K->1820K(220672K), 0,0004932 secs] [Times: user=0,00 sys=0,00, real=0,01 secs] 
25,629: [GC (Allocation Failure) [PSYoungGen: 45152K->96K(45056K)] 46876K->1820K(220160K), 0,0004057 secs] [Times: user=0,00 sys=0,00, real=0,00 secs] 
25,677: [GC (Allocation Failure) [PSYoungGen: 44640K->64K(44544K)] 46364K->1788K(219648K), 0,0004959 secs] [Times: user=0,00 sys=0,00, real=0,00 secs] 
25,725: [GC (Allocation Failure) [PSYoungGen: 44096K->128K(44032K)] 45820K->1852K(219136K), 0,0004672 secs] [Times: user=0,00 sys=0,00, real=0,00 secs] 
25,772: [GC (Allocation Failure) [PSYoungGen: 43648K->96K(43520K)] 45372K->1820K(218624K), 0,0004811 secs] [Times: user=0,00 sys=0,00, real=0,00 secs] 
25,819: [GC (Allocation Failure) [PSYoungGen: 43104K->64K(43008K)] 44828K->1788K(218112K), 0,0004330 secs] [Times: user=0,00 sys=0,00, real=0,00 secs] 
25,866: [GC (Allocation Failure) [PSYoungGen: 42560K->96K(42496K)] 44284K->1820K(217600K), 0,0005464 secs] [Times: user=0,00 sys=0,00, real=0,00 secs] 
25,912: [GC (Allocation Failure) [PSYoungGen: 42080K->96K(41984K)] 43804K->1820K(217088K), 0,0005100 secs] [Times: user=0,00 sys=0,00, real=0,00 secs] 
25,958: [GC (Allocation Failure) [PSYoungGen: 41568K->96K(41472K)] 43292K->1820K(216576K), 0,0004535 secs] [Times: user=0,00 sys=0,00, real=0,00 secs] 
26,002: [GC (Allocation Failure) [PSYoungGen: 41056K->64K(40960K)] 42780K->1788K(216064K), 0,0004865 secs] [Times: user=0,01 sys=0,00, real=0,00 secs] 
26,047: [GC (Allocation Failure) [PSYoungGen: 40512K->64K(49152K)] 42236K->1788K(224256K), 0,0005805 secs] [Times: user=0,00 sys=0,00, real=0,00 secs] 
26,101: [GC (Allocation Failure) [PSYoungGen: 48704K->96K(48128K)] 50428K->1820K(223232K), 0,0005806 secs] [Times: user=0,00 sys=0,00, real=0,00 secs] 
26,153: [GC (Allocation Failure) [PSYoungGen: 47712K->96K(47616K)] 49436K->1820K(222720K), 0,0005374 secs] [Times: user=0,00 sys=0,00, real=0,00 secs] 
26,203: [GC (Allocation Failure) [PSYoungGen: 47200K->96K(47104K)] 48924K->1820K(222208K), 0,0004809 secs] [Times: user=0,00 sys=0,00, real=0,00 secs] 
26,254: [GC (Allocation Failure) [PSYoungGen: 46688K->96K(46592K)] 48412K->1820K(221696K), 0,0004193 secs] [Times: user=0,00 sys=0,00, real=0,00 secs] 
26,303: [GC (Allocation Failure) [PSYoungGen: 46176K->96K(46080K)] 47900K->1820K(221184K), 0,0004862 secs] [Times: user=0,00 sys=0,00, real=0,00 secs] 
26,353: [GC (Allocation Failure) [PSYoungGen: 45664K->64K(45568K)] 47388K->1788K(220672K), 0,0004221 secs] [Times: user=0,00 sys=0,00, real=0,00 secs] 
26,403: [GC (Allocation Failure) [PSYoungGen: 45120K->64K(54784K)] 46844K->1788K(229888K), 0,0009794 secs] [Times: user=0,00 sys=0,00, real=0,00 secs] 
26,464: [GC (Allocation Failure) [PSYoungGen: 54336K->64K(66048K)] 56060K->1788K(241152K), 0,0005170 secs] [Times: user=0,00 sys=0,00, real=0,00 secs] 
26,535: [GC (Allocation Failure) [PSYoungGen: 65600K->32K(64512K)] 67324K->1756K(239616K), 0,0005098 secs] [Times: user=0,00 sys=0,00, real=0,00 secs] 
26,605: [GC (Allocation Failure) [PSYoungGen: 64032K->64K(62976K)] 65756K->1788K(238080K), 0,0005289 secs] [Times: user=0,00 sys=0,00, real=0,00 secs] 
26,674: [GC (Allocation Failure) [PSYoungGen: 62528K->96K(61952K)] 64252K->1820K(237056K), 0,0005084 secs] [Times: user=0,00 sys=0,00, real=0,00 secs] 
26,740: [GC (Allocation Failure) [PSYoungGen: 61536K->96K(60928K)] 63260K->1820K(236032K), 0,0005369 secs] [Times: user=0,01 sys=0,00, real=0,01 secs] 
26,806: [GC (Allocation Failure) [PSYoungGen: 60512K->64K(59904K)] 62236K->1788K(235008K), 0,0005018 secs] [Times: user=0,00 sys=0,00, real=0,00 secs] 
26,872: [GC (Allocation Failure) [PSYoungGen: 59456K->96K(58880K)] 61180K->1820K(233984K), 0,0005133 secs] [Times: user=0,00 sys=0,00, real=0,00 secs] 
26,935: [GC (Allocation Failure) [PSYoungGen: 58464K->64K(57856K)] 60188K->1788K(232960K), 0,0005005 secs] [Times: user=0,00 sys=0,00, real=0,00 secs] 
26,997: [GC (Allocation Failure) [PSYoungGen: 57408K->64K(56832K)] 59132K->1788K(231936K), 0,0004866 secs] [Times: user=0,00 sys=0,00, real=0,00 secs] 
27,058: [GC (Allocation Failure) [PSYoungGen: 56384K->64K(55808K)] 58108K->1788K(230912K), 0,0005028 secs] [Times: user=0,00 sys=0,00, real=0,00 secs] 
27,118: [GC (Allocation Failure) [PSYoungGen: 55360K->96K(54784K)] 57084K->1820K(229888K), 0,0004932 secs] [Times: user=0,00 sys=0,00, real=0,00 secs] 
27,176: [GC (Allocation Failure) [PSYoungGen: 54368K->96K(53760K)] 56092K->1820K(228864K), 0,0004946 secs] [Times: user=0,00 sys=0,00, real=0,00 secs] 
27,238: [GC (Allocation Failure) [PSYoungGen: 53344K->96K(52736K)] 55068K->1820K(227840K), 0,0005504 secs] [Times: user=0,00 sys=0,00, real=0,00 secs] 
27,297: [GC (Allocation Failure) [PSYoungGen: 52320K->32K(51712K)] 54044K->1756K(226816K), 0,0005000 secs] [Times: user=0,00 sys=0,00, real=0,00 secs] 
27,354: [GC (Allocation Failure) [PSYoungGen: 51232K->96K(50688K)] 52956K->1820K(225792K), 0,0005187 secs] [Times: user=0,00 sys=0,00, real=0,00 secs] 
27,411: [GC (Allocation Failure) [PSYoungGen: 50272K->64K(49664K)] 51996K->1788K(224768K), 0,0005166 secs] [Times: user=0,00 sys=0,00, real=0,00 secs] 
27,469: [GC (Allocation Failure) [PSYoungGen: 49216K->96K(48640K)] 50940K->1820K(223744K), 0,0004936 secs] [Times: user=0,00 sys=0,00, real=0,00 secs] 
27,522: [GC (Allocation Failure) [PSYoungGen: 48224K->64K(48128K)] 49948K->1788K(223232K), 0,0005447 secs] [Times: user=0,00 sys=0,00, real=0,00 secs] 
27,574: [GC (Allocation Failure) [PSYoungGen: 47680K->96K(47616K)] 49404K->1820K(222720K), 0,0005089 secs] [Times: user=0,00 sys=0,00, real=0,00 secs] 
27,625: [GC (Allocation Failure) [PSYoungGen: 47200K->96K(47104K)] 48924K->1820K(222208K), 0,0004882 secs] [Times: user=0,00 sys=0,00, real=0,00 secs] 
27,676: [GC (Allocation Failure) [PSYoungGen: 46688K->96K(46592K)] 48412K->1820K(221696K), 0,0005671 secs] [Times: user=0,00 sys=0,00, real=0,00 secs] 
27,727: [GC (Allocation Failure) [PSYoungGen: 46176K->96K(46080K)] 47900K->1820K(221184K), 0,0004936 secs] [Times: user=0,00 sys=0,00, real=0,00 secs] 
27,776: [GC (Allocation Failure) [PSYoungGen: 45664K->96K(45568K)] 47388K->1820K(220672K), 0,0004921 secs] [Times: user=0,00 sys=0,00, real=0,00 secs] 
27,826: [GC (Allocation Failure) [PSYoungGen: 45152K->64K(45056K)] 46876K->1788K(220160K), 0,0004831 secs] [Times: user=0,00 sys=0,00, real=0,00 secs] 
27,875: [GC (Allocation Failure) [PSYoungGen: 44608K->64K(44544K)] 46332K->1788K(219648K), 0,0005270 secs] [Times: user=0,01 sys=0,00, real=0,00 secs] 
27,924: [GC (Allocation Failure) [PSYoungGen: 44096K->96K(44032K)] 45820K->1820K(219136K), 0,0004912 secs] [Times: user=0,00 sys=0,00, real=0,00 secs] 
27,971: [GC (Allocation Failure) [PSYoungGen: 43616K->64K(52736K)] 45340K->1788K(227840K), 0,0009707 secs] [Times: user=0,00 sys=0,00, real=0,00 secs] 
28,028: [GC (Allocation Failure) [PSYoungGen: 52287K->32K(63488K)] 54012K->1756K(238592K), 0,0006297 secs] [Times: user=0,00 sys=0,00, real=0,00 secs] 
28,097: [GC (Allocation Failure) [PSYoungGen: 63008K->64K(76288K)] 64732K->1788K(251392K), 0,0006357 secs] [Times: user=0,00 sys=0,00, real=0,00 secs] 
28,178: [GC (Allocation Failure) [PSYoungGen: 75840K->96K(74752K)] 77564K->1820K(249856K), 0,0005082 secs] [Times: user=0,00 sys=0,00, real=0,00 secs] 
28,257: [GC (Allocation Failure) [PSYoungGen: 74336K->64K(73216K)] 76060K->1788K(248320K), 0,0005093 secs] [Times: user=0,00 sys=0,00, real=0,00 secs] 
28,335: [GC (Allocation Failure) [PSYoungGen: 72768K->64K(71680K)] 74492K->1788K(246784K), 0,0005090 secs] [Times: user=0,00 sys=0,00, real=0,00 secs] 
28,411: [GC (Allocation Failure) [PSYoungGen: 71232K->64K(70144K)] 72956K->1788K(245248K), 0,0005056 secs] [Times: user=0,00 sys=0,00, real=0,00 secs] 
28,487: [GC (Allocation Failure) [PSYoungGen: 69695K->32K(68608K)] 71420K->1756K(243712K), 0,0005725 secs] [Times: user=0,00 sys=0,00, real=0,00 secs] 
28,561: [GC (Allocation Failure) [PSYoungGen: 68128K->96K(67072K)] 69852K->1820K(242176K), 0,0004959 secs] [Times: user=0,00 sys=0,00, real=0,00 secs] 
28,632: [GC (Allocation Failure) [PSYoungGen: 66656K->96K(65536K)] 68380K->1820K(240640K), 0,0004895 secs] [Times: user=0,00 sys=0,00, real=0,00 secs] 
28,702: [GC (Allocation Failure) [PSYoungGen: 65120K->64K(64000K)] 66844K->1788K(239104K), 0,0005377 secs] [Times: user=0,01 sys=0,00, real=0,00 secs] 
28,770: [GC (Allocation Failure) [PSYoungGen: 63552K->64K(62464K)] 65276K->1788K(237568K), 0,0005613 secs] [Times: user=0,00 sys=0,00, real=0,00 secs] 
28,836: [GC (Allocation Failure) [PSYoungGen: 62016K->96K(61440K)] 63740K->1820K(236544K), 0,0004984 secs] [Times: user=0,00 sys=0,00, real=0,00 secs] 
28,903: [GC (Allocation Failure) [PSYoungGen: 61024K->64K(60416K)] 62748K->1788K(235520K), 0,0005492 secs] [Times: user=0,00 sys=0,00, real=0,00 secs] 
28,967: [GC (Allocation Failure) [PSYoungGen: 59968K->96K(59392K)] 61692K->1820K(234496K), 0,0005059 secs] [Times: user=0,00 sys=0,00, real=0,00 secs] 
29,030: [GC (Allocation Failure) [PSYoungGen: 58976K->96K(58368K)] 60700K->1820K(233472K), 0,0005128 secs] [Times: user=0,01 sys=0,00, real=0,01 secs] 
29,093: [GC (Allocation Failure) [PSYoungGen: 57952K->96K(57344K)] 59676K->1820K(232448K), 0,0005032 secs] [Times: user=0,00 sys=0,00, real=0,00 secs] 
29,154: [GC (Allocation Failure) [PSYoungGen: 56928K->96K(56320K)] 58652K->1820K(231424K), 0,0005632 secs] [Times: user=0,00 sys=0,00, real=0,00 secs] 
29,214: [GC (Allocation Failure) [PSYoungGen: 55904K->96K(55296K)] 57628K->1820K(230400K), 0,0005530 secs] [Times: user=0,00 sys=0,00, real=0,00 secs] 
29,272: [GC (Allocation Failure) [PSYoungGen: 54880K->96K(54272K)] 56604K->1820K(229376K), 0,0005648 secs] [Times: user=0,00 sys=0,00, real=0,00 secs] 
29,330: [GC (Allocation Failure) [PSYoungGen: 53856K->96K(53248K)] 55580K->1820K(228352K), 0,0005427 secs] [Times: user=0,00 sys=0,00, real=0,01 secs] 
29,387: [GC (Allocation Failure) [PSYoungGen: 52832K->96K(52224K)] 54556K->1820K(227328K), 0,0005290 secs] [Times: user=0,00 sys=0,00, real=0,00 secs] 
29,443: [GC (Allocation Failure) [PSYoungGen: 51808K->96K(51200K)] 53532K->1820K(226304K), 0,0004886 secs] [Times: user=0,00 sys=0,00, real=0,00 secs] 
29,498: [GC (Allocation Failure) [PSYoungGen: 50784K->96K(50176K)] 52508K->1820K(225280K), 0,0004967 secs] [Times: user=0,01 sys=0,00, real=0,00 secs] 
29,554: [GC (Allocation Failure) [PSYoungGen: 49760K->96K(49152K)] 51484K->1820K(224256K), 0,0005205 secs] [Times: user=0,00 sys=0,00, real=0,00 secs] 
29,606: [GC (Allocation Failure) [PSYoungGen: 48736K->96K(48128K)] 50460K->1820K(223232K), 0,0005050 secs] [Times: user=0,00 sys=0,00, real=0,00 secs] 
29,658: [GC (Allocation Failure) [PSYoungGen: 47712K->96K(47616K)] 49436K->1820K(222720K), 0,0004807 secs] [Times: user=0,01 sys=0,00, real=0,00 secs] 
29,709: [GC (Allocation Failure) [PSYoungGen: 47200K->64K(47104K)] 48924K->1788K(222208K), 0,0004873 secs] [Times: user=0,00 sys=0,00, real=0,00 secs] 
29,760: [GC (Allocation Failure) [PSYoungGen: 46656K->96K(46592K)] 48380K->1820K(221696K), 0,0005038 secs] [Times: user=0,00 sys=0,00, real=0,00 secs] 
29,809: [GC (Allocation Failure) [PSYoungGen: 46176K->64K(46080K)] 47900K->1788K(221184K), 0,0004948 secs] [Times: user=0,00 sys=0,00, real=0,00 secs] 
29,861: [GC (Allocation Failure) [PSYoungGen: 45632K->96K(45568K)] 47356K->1820K(220672K), 0,0005042 secs] [Times: user=0,00 sys=0,00, real=0,00 secs] 
29,911: [GC (Allocation Failure) [PSYoungGen: 45152K->64K(45056K)] 46876K->1788K(220160K), 0,0005085 secs] [Times: user=0,00 sys=0,00, real=0,00 secs] 
29,961: [GC (Allocation Failure) [PSYoungGen: 44608K->64K(44544K)] 46332K->1788K(219648K), 0,0005280 secs] [Times: user=0,00 sys=0,00, real=0,00 secs] 
30,011: [GC (Allocation Failure) [PSYoungGen: 44096K->64K(44032K)] 45820K->1788K(219136K), 0,0004909 secs] [Times: user=0,00 sys=0,00, real=0,00 secs] 
30,060: [GC (Allocation Failure) [PSYoungGen: 43584K->96K(43520K)] 45308K->1820K(218624K), 0,0005055 secs] [Times: user=0,00 sys=0,00, real=0,01 secs] 
30,109: [GC (Allocation Failure) [PSYoungGen: 43104K->96K(43008K)] 44828K->1820K(218112K), 0,0005812 secs] [Times: user=0,00 sys=0,00, real=0,00 secs] 
30,156: [GC (Allocation Failure) [PSYoungGen: 42592K->96K(42496K)] 44316K->1820K(217600K), 0,0004360 secs] [Times: user=0,00 sys=0,00, real=0,00 secs] 
30,203: [GC (Allocation Failure) [PSYoungGen: 42080K->96K(41984K)] 43804K->1820K(217088K), 0,0004640 secs] [Times: user=0,00 sys=0,00, real=0,00 secs] 
30,250: [GC (Allocation Failure) [PSYoungGen: 41568K->64K(41472K)] 43292K->1788K(216576K), 0,0005163 secs] [Times: user=0,00 sys=0,00, real=0,00 secs] 
30,295: [GC (Allocation Failure) [PSYoungGen: 41024K->96K(40960K)] 42748K->1820K(216064K), 0,0004727 secs] [Times: user=0,00 sys=0,00, real=0,00 secs] 
30,340: [GC (Allocation Failure) [PSYoungGen: 40544K->96K(40448K)] 42268K->1844K(215552K), 0,0004153 secs] [Times: user=0,00 sys=0,00, real=0,01 secs] 
30,385: [GC (Allocation Failure) [PSYoungGen: 40032K->64K(39936K)] 41780K->1812K(215040K), 0,0005114 secs] [Times: user=0,00 sys=0,00, real=0,00 secs] 
30,429: [GC (Allocation Failure) [PSYoungGen: 39488K->96K(39424K)] 41236K->1844K(214528K), 0,0004538 secs] [Times: user=0,00 sys=0,00, real=0,00 secs] 
30,473: [GC (Allocation Failure) [PSYoungGen: 39008K->96K(38912K)] 40756K->1844K(214016K), 0,0004465 secs] [Times: user=0,00 sys=0,00, real=0,00 secs] 
30,516: [GC (Allocation Failure) [PSYoungGen: 38496K->64K(38400K)] 40244K->1812K(213504K), 0,0005104 secs] [Times: user=0,00 sys=0,00, real=0,00 secs] 
30,558: [GC (Allocation Failure) [PSYoungGen: 37952K->96K(37888K)] 39700K->1844K(212992K), 0,0004031 secs] [Times: user=0,00 sys=0,00, real=0,00 secs] 
30,600: [GC (Allocation Failure) [PSYoungGen: 37472K->96K(37376K)] 39220K->1844K(212480K), 0,0004074 secs] [Times: user=0,00 sys=0,00, real=0,01 secs] 
30,641: [GC (Allocation Failure) [PSYoungGen: 36960K->96K(36864K)] 38708K->1844K(211968K), 0,0004117 secs] [Times: user=0,00 sys=0,00, real=0,00 secs] 
30,682: [GC (Allocation Failure) [PSYoungGen: 36448K->64K(44544K)] 38196K->1812K(219648K), 0,0007488 secs] [Times: user=0,00 sys=0,01, real=0,00 secs] 
30,731: [GC (Allocation Failure) [PSYoungGen: 44096K->96K(53760K)] 45844K->1844K(228864K), 0,0005062 secs] [Times: user=0,00 sys=0,00, real=0,00 secs] 
30,791: [GC (Allocation Failure) [PSYoungGen: 53344K->96K(52736K)] 55092K->1844K(227840K), 0,0004570 secs] [Times: user=0,00 sys=0,00, real=0,00 secs] 
30,850: [GC (Allocation Failure) [PSYoungGen: 52320K->32K(51712K)] 54068K->1780K(226816K), 0,0005758 secs] [Times: user=0,00 sys=0,00, real=0,01 secs] 
30,908: [GC (Allocation Failure) [PSYoungGen: 51232K->96K(50688K)] 52980K->1844K(225792K), 0,0005528 secs] [Times: user=0,00 sys=0,00, real=0,00 secs] 
30,964: [GC (Allocation Failure) [PSYoungGen: 50272K->64K(49664K)] 52020K->1812K(224768K), 0,0005491 secs] [Times: user=0,00 sys=0,00, real=0,00 secs] 
31,020: [GC (Allocation Failure) [PSYoungGen: 49216K->96K(48640K)] 50964K->1844K(223744K), 0,0005202 secs] [Times: user=0,00 sys=0,00, real=0,00 secs] 
31,073: [GC (Allocation Failure) [PSYoungGen: 48224K->64K(48128K)] 49972K->1812K(223232K), 0,0005443 secs] [Times: user=0,00 sys=0,00, real=0,00 secs] 
31,127: [GC (Allocation Failure) [PSYoungGen: 47680K->96K(47616K)] 49428K->1844K(222720K), 0,0005050 secs] [Times: user=0,00 sys=0,00, real=0,00 secs] 
31,180: [GC (Allocation Failure) [PSYoungGen: 47200K->96K(47104K)] 48948K->1844K(222208K), 0,0004587 secs] [Times: user=0,00 sys=0,00, real=0,00 secs] 
31,232: [GC (Allocation Failure) [PSYoungGen: 46688K->96K(46592K)] 48436K->1844K(221696K), 0,0005014 secs] [Times: user=0,01 sys=0,00, real=0,00 secs] 
31,284: [GC (Allocation Failure) [PSYoungGen: 46176K->96K(46080K)] 47924K->1844K(221184K), 0,0005174 secs] [Times: user=0,00 sys=0,00, real=0,00 secs] 
31,334: [GC (Allocation Failure) [PSYoungGen: 45664K->96K(45568K)] 47412K->1844K(220672K), 0,0005068 secs] [Times: user=0,00 sys=0,00, real=0,00 secs] 
31,385: [GC (Allocation Failure) [PSYoungGen: 45152K->96K(45056K)] 46900K->1844K(220160K), 0,0004440 secs] [Times: user=0,00 sys=0,00, real=0,00 secs] 
31,434: [GC (Allocation Failure) [PSYoungGen: 44640K->96K(44544K)] 46388K->1844K(219648K), 0,0004102 secs] [Times: user=0,00 sys=0,00, real=0,00 secs] 
31,484: [GC (Allocation Failure) [PSYoungGen: 44128K->96K(44032K)] 45876K->1844K(219136K), 0,0005402 secs] [Times: user=0,00 sys=0,00, real=0,00 secs] 
31,533: [GC (Allocation Failure) [PSYoungGen: 43616K->96K(43520K)] 45364K->1844K(218624K), 0,0004291 secs] [Times: user=0,00 sys=0,00, real=0,00 secs] 
31,582: [GC (Allocation Failure) [PSYoungGen: 43104K->96K(43008K)] 44852K->1844K(218112K), 0,0005338 secs] [Times: user=0,00 sys=0,00, real=0,00 secs] 
31,629: [GC (Allocation Failure) [PSYoungGen: 42592K->64K(51712K)] 44340K->1812K(226816K), 0,0008280 secs] [Times: user=0,00 sys=0,00, real=0,00 secs] 
31,687: [GC (Allocation Failure) [PSYoungGen: 51264K->96K(50688K)] 53012K->1844K(225792K), 0,0004078 secs] [Times: user=0,00 sys=0,00, real=0,00 secs] 
31,742: [GC (Allocation Failure) [PSYoungGen: 50272K->96K(49664K)] 52020K->1844K(224768K), 0,0004947 secs] [Times: user=0,00 sys=0,00, real=0,00 secs] 
31,797: [GC (Allocation Failure) [PSYoungGen: 49248K->96K(48640K)] 50996K->1844K(223744K), 0,0005485 secs] [Times: user=0,00 sys=0,00, real=0,00 secs] 
31,852: [GC (Allocation Failure) [PSYoungGen: 48224K->96K(48128K)] 49972K->1844K(223232K), 0,0005601 secs] [Times: user=0,00 sys=0,00, real=0,00 secs] 
31,906: [GC (Allocation Failure) [PSYoungGen: 47712K->96K(47616K)] 49460K->1844K(222720K), 0,0005169 secs] [Times: user=0,00 sys=0,00, real=0,00 secs] 
31,959: [GC (Allocation Failure) [PSYoungGen: 47200K->64K(57344K)] 48948K->1812K(232448K), 0,0008764 secs] [Times: user=0,01 sys=0,00, real=0,00 secs] 
32,023: [GC (Allocation Failure) [PSYoungGen: 56896K->96K(69120K)] 58644K->1844K(244224K), 0,0005774 secs] [Times: user=0,00 sys=0,00, real=0,00 secs] 
32,099: [GC (Allocation Failure) [PSYoungGen: 68704K->96K(67584K)] 70452K->1844K(242688K), 0,0005449 secs] [Times: user=0,00 sys=0,00, real=0,00 secs] 
32,174: [GC (Allocation Failure) [PSYoungGen: 67168K->96K(66048K)] 68916K->1844K(241152K), 0,0005977 secs] [Times: user=0,00 sys=0,00, real=0,00 secs] 
32,247: [GC (Allocation Failure) [PSYoungGen: 65632K->64K(64512K)] 67380K->1812K(239616K), 0,0005141 secs] [Times: user=0,00 sys=0,00, real=0,00 secs] 
32,318: [GC (Allocation Failure) [PSYoungGen: 64064K->96K(62976K)] 65812K->1844K(238080K), 0,0005567 secs] [Times: user=0,01 sys=0,00, real=0,00 secs] 
32,388: [GC (Allocation Failure) [PSYoungGen: 62560K->96K(61952K)] 64308K->1852K(237056K), 0,0005377 secs] [Times: user=0,01 sys=0,00, real=0,00 secs] 
32,456: [GC (Allocation Failure) [PSYoungGen: 61536K->96K(60928K)] 63292K->1852K(236032K), 0,0005193 secs] [Times: user=0,00 sys=0,00, real=0,00 secs] 
32,524: [GC (Allocation Failure) [PSYoungGen: 60512K->64K(59904K)] 62268K->1820K(235008K), 0,0007119 secs] [Times: user=0,00 sys=0,00, real=0,00 secs] 
32,591: [GC (Allocation Failure) [PSYoungGen: 59456K->96K(58880K)] 61212K->1852K(233984K), 0,0005209 secs] [Times: user=0,00 sys=0,00, real=0,00 secs] 
32,656: [GC (Allocation Failure) [PSYoungGen: 58464K->96K(57856K)] 60220K->1852K(232960K), 0,0005129 secs] [Times: user=0,00 sys=0,00, real=0,00 secs] 
32,720: [GC (Allocation Failure) [PSYoungGen: 57440K->64K(56832K)] 59196K->1820K(231936K), 0,0004882 secs] [Times: user=0,00 sys=0,00, real=0,00 secs] 
32,780: [GC (Allocation Failure) [PSYoungGen: 56384K->64K(55808K)] 58140K->1820K(230912K), 0,0005011 secs] [Times: user=0,00 sys=0,00, real=0,01 secs] 
32,840: [GC (Allocation Failure) [PSYoungGen: 55360K->96K(54784K)] 57116K->1852K(229888K), 0,0004994 secs] [Times: user=0,00 sys=0,00, real=0,01 secs] 
32,900: [GC (Allocation Failure) [PSYoungGen: 54368K->96K(53760K)] 56124K->1852K(228864K), 0,0005177 secs] [Times: user=0,00 sys=0,00, real=0,01 secs] 
32,958: [GC (Allocation Failure) [PSYoungGen: 53344K->96K(52736K)] 55100K->1852K(227840K), 0,0005588 secs] [Times: user=0,00 sys=0,00, real=0,00 secs] 
33,015: [GC (Allocation Failure) [PSYoungGen: 52320K->64K(51712K)] 54076K->1820K(226816K), 0,0007218 secs] [Times: user=0,01 sys=0,00, real=0,00 secs] 
33,075: [GC (Allocation Failure) [PSYoungGen: 51264K->64K(50688K)] 53020K->1820K(225792K), 0,0005289 secs] [Times: user=0,00 sys=0,00, real=0,00 secs] 
33,129: [GC (Allocation Failure) [PSYoungGen: 50240K->96K(49664K)] 51996K->1852K(224768K), 0,0005008 secs] [Times: user=0,00 sys=0,00, real=0,00 secs] 
33,182: [GC (Allocation Failure) [PSYoungGen: 49248K->96K(48640K)] 51004K->1852K(223744K), 0,0004847 secs] [Times: user=0,00 sys=0,00, real=0,00 secs] 
33,234: [GC (Allocation Failure) [PSYoungGen: 48224K->64K(48128K)] 49980K->1820K(223232K), 0,0005300 secs] [Times: user=0,01 sys=0,00, real=0,00 secs] 
33,286: [GC (Allocation Failure) [PSYoungGen: 47680K->96K(47616K)] 49436K->1852K(222720K), 0,0005459 secs] [Times: user=0,00 sys=0,00, real=0,00 secs] 
33,337: [GC (Allocation Failure) [PSYoungGen: 47200K->96K(47104K)] 48956K->1852K(222208K), 0,0004940 secs] [Times: user=0,00 sys=0,00, real=0,00 secs] 
33,388: [GC (Allocation Failure) [PSYoungGen: 46688K->96K(46592K)] 48444K->1852K(221696K), 0,0004921 secs] [Times: user=0,00 sys=0,00, real=0,00 secs] 
33,438: [GC (Allocation Failure) [PSYoungGen: 46176K->64K(55808K)] 47932K->1820K(230912K), 0,0008194 secs] [Times: user=0,00 sys=0,00, real=0,00 secs] 
33,499: [GC (Allocation Failure) [PSYoungGen: 55360K->96K(54784K)] 57116K->1852K(229888K), 0,0004911 secs] [Times: user=0,00 sys=0,00, real=0,00 secs] 
33,558: [GC (Allocation Failure) [PSYoungGen: 54368K->64K(53760K)] 56124K->1820K(228864K), 0,0005490 secs] [Times: user=0,00 sys=0,00, real=0,00 secs] 
33,615: [GC (Allocation Failure) [PSYoungGen: 53312K->96K(52736K)] 55068K->1852K(227840K), 0,0004893 secs] [Times: user=0,00 sys=0,00, real=0,00 secs] 
33,672: [GC (Allocation Failure) [PSYoungGen: 52320K->64K(51712K)] 54076K->1820K(226816K), 0,0005210 secs] [Times: user=0,01 sys=0,00, real=0,00 secs] 
33,727: [GC (Allocation Failure) [PSYoungGen: 51264K->96K(50688K)] 53020K->1852K(225792K), 0,0005035 secs] [Times: user=0,00 sys=0,00, real=0,00 secs] 
33,781: [GC (Allocation Failure) [PSYoungGen: 50272K->64K(49664K)] 52028K->1820K(224768K), 0,0005274 secs] [Times: user=0,01 sys=0,00, real=0,00 secs] 
33,835: [GC (Allocation Failure) [PSYoungGen: 49216K->96K(48640K)] 50972K->1852K(223744K), 0,0005011 secs] [Times: user=0,00 sys=0,00, real=0,00 secs] 
33,889: [GC (Allocation Failure) [PSYoungGen: 48224K->96K(48128K)] 49980K->1852K(223232K), 0,0005008 secs] [Times: user=0,00 sys=0,00, real=0,00 secs] 
33,941: [GC (Allocation Failure) [PSYoungGen: 47712K->96K(47616K)] 49468K->1852K(222720K), 0,0005080 secs] [Times: user=0,01 sys=0,00, real=0,00 secs] 
33,992: [GC (Allocation Failure) [PSYoungGen: 47200K->96K(47104K)] 48956K->1852K(222208K), 0,0004973 secs] [Times: user=0,00 sys=0,00, real=0,00 secs] 
34,044: [GC (Allocation Failure) [PSYoungGen: 46688K->96K(46592K)] 48444K->1852K(221696K), 0,0005060 secs] [Times: user=0,00 sys=0,00, real=0,00 secs] 
34,094: [GC (Allocation Failure) [PSYoungGen: 46176K->96K(46080K)] 47932K->1852K(221184K), 0,0004995 secs] [Times: user=0,00 sys=0,00, real=0,00 secs] 
34,143: [GC (Allocation Failure) [PSYoungGen: 45664K->96K(45568K)] 47420K->1852K(220672K), 0,0004142 secs] [Times: user=0,00 sys=0,00, real=0,00 secs] 
34,192: [GC (Allocation Failure) [PSYoungGen: 45152K->96K(45056K)] 46908K->1852K(220160K), 0,0004969 secs] [Times: user=0,00 sys=0,00, real=0,00 secs] 
34,240: [GC (Allocation Failure) [PSYoungGen: 44640K->96K(44544K)] 46396K->1852K(219648K), 0,0005288 secs] [Times: user=0,01 sys=0,00, real=0,00 secs] 
34,288: [GC (Allocation Failure) [PSYoungGen: 44128K->96K(44032K)] 45884K->1852K(219136K), 0,0005070 secs] [Times: user=0,00 sys=0,00, real=0,00 secs] 
34,336: [GC (Allocation Failure) [PSYoungGen: 43616K->96K(43520K)] 45372K->1852K(218624K), 0,0005066 secs] [Times: user=0,00 sys=0,00, real=0,00 secs] 
34,382: [GC (Allocation Failure) [PSYoungGen: 43104K->64K(43008K)] 44860K->1820K(218112K), 0,0005157 secs] [Times: user=0,00 sys=0,00, real=0,00 secs] 
34,428: [GC (Allocation Failure) [PSYoungGen: 42560K->64K(42496K)] 44316K->1820K(217600K), 0,0005101 secs] [Times: user=0,00 sys=0,00, real=0,00 secs] 
34,474: [GC (Allocation Failure) [PSYoungGen: 42048K->64K(41984K)] 43804K->1820K(217088K), 0,0003969 secs] [Times: user=0,00 sys=0,00, real=0,00 secs] 
34,520: [GC (Allocation Failure) [PSYoungGen: 41536K->64K(41472K)] 43292K->1820K(216576K), 0,0005060 secs] [Times: user=0,00 sys=0,00, real=0,00 secs] 
34,565: [GC (Allocation Failure) [PSYoungGen: 41024K->64K(40960K)] 42780K->1820K(216064K), 0,0005213 secs] [Times: user=0,00 sys=0,00, real=0,00 secs] 
34,609: [GC (Allocation Failure) [PSYoungGen: 40512K->96K(40448K)] 42268K->1852K(215552K), 0,0003974 secs] [Times: user=0,00 sys=0,00, real=0,00 secs] 
34,652: [GC (Allocation Failure) [PSYoungGen: 40032K->64K(39936K)] 41788K->1820K(215040K), 0,0005844 secs] [Times: user=0,00 sys=0,00, real=0,00 secs] 
34,695: [GC (Allocation Failure) [PSYoungGen: 39488K->96K(39424K)] 41244K->1852K(214528K), 0,0004129 secs] [Times: user=0,00 sys=0,00, real=0,00 secs] 
34,737: [GC (Allocation Failure) [PSYoungGen: 39008K->96K(38912K)] 40764K->1852K(214016K), 0,0003924 secs] [Times: user=0,01 sys=0,00, real=0,00 secs] 
34,779: [GC (Allocation Failure) [PSYoungGen: 38496K->64K(46592K)] 40252K->1820K(221696K), 0,0010072 secs] [Times: user=0,00 sys=0,00, real=0,00 secs] 
34,830: [GC (Allocation Failure) [PSYoungGen: 46144K->96K(55808K)] 47900K->1852K(230912K), 0,0005980 secs] [Times: user=0,00 sys=0,00, real=0,01 secs] 
34,893: [GC (Allocation Failure) [PSYoungGen: 55392K->96K(67072K)] 57148K->1852K(242176K), 0,0005165 secs] [Times: user=0,00 sys=0,00, real=0,00 secs] 
34,965: [GC (Allocation Failure) [PSYoungGen: 66656K->96K(65536K)] 68412K->1852K(240640K), 0,0005159 secs] [Times: user=0,00 sys=0,00, real=0,00 secs] 
35,037: [GC (Allocation Failure) [PSYoungGen: 65120K->96K(78848K)] 66876K->1852K(253952K), 0,0011648 secs] [Times: user=0,00 sys=0,00, real=0,00 secs] 
35,122: [GC (Allocation Failure) [PSYoungGen: 78432K->64K(76800K)] 80188K->1820K(251904K), 0,0005271 secs] [Times: user=0,00 sys=0,00, real=0,00 secs] 
35,204: [GC (Allocation Failure) [PSYoungGen: 76352K->32K(74752K)] 78108K->1788K(249856K), 0,0005119 secs] [Times: user=0,00 sys=0,00, real=0,00 secs] 
35,284: [GC (Allocation Failure) [PSYoungGen: 74272K->96K(73216K)] 76028K->1852K(248320K), 0,0004908 secs] [Times: user=0,00 sys=0,00, real=0,00 secs] 
35,362: [GC (Allocation Failure) [PSYoungGen: 72800K->64K(71680K)] 74556K->1820K(246784K), 0,0005037 secs] [Times: user=0,00 sys=0,00, real=0,00 secs] 
35,439: [GC (Allocation Failure) [PSYoungGen: 71232K->64K(70144K)] 72988K->1820K(245248K), 0,0005173 secs] [Times: user=0,00 sys=0,00, real=0,00 secs] 
35,514: [GC (Allocation Failure) [PSYoungGen: 69696K->96K(68608K)] 71452K->1852K(243712K), 0,0005466 secs] [Times: user=0,01 sys=0,00, real=0,00 secs] 
35,588: [GC (Allocation Failure) [PSYoungGen: 68192K->96K(67072K)] 69948K->1852K(242176K), 0,0005384 secs] [Times: user=0,00 sys=0,00, real=0,00 secs] 
35,660: [GC (Allocation Failure) [PSYoungGen: 66656K->96K(65536K)] 68412K->1852K(240640K), 0,0005089 secs] [Times: user=0,00 sys=0,00, real=0,01 secs] 
35,730: [GC (Allocation Failure) [PSYoungGen: 65120K->96K(64000K)] 66876K->1852K(239104K), 0,0005479 secs] [Times: user=0,00 sys=0,00, real=0,01 secs] 
35,799: [GC (Allocation Failure) [PSYoungGen: 63584K->96K(62464K)] 65340K->1852K(237568K), 0,0004974 secs] [Times: user=0,00 sys=0,00, real=0,00 secs] 
35,867: [GC (Allocation Failure) [PSYoungGen: 62048K->64K(61440K)] 63804K->1820K(236544K), 0,0005352 secs] [Times: user=0,00 sys=0,00, real=0,00 secs] 
35,934: [GC (Allocation Failure) [PSYoungGen: 60992K->96K(60416K)] 62748K->1852K(235520K), 0,0005028 secs] [Times: user=0,01 sys=0,00, real=0,00 secs] 
35,998: [GC (Allocation Failure) [PSYoungGen: 60000K->64K(59392K)] 61756K->1820K(234496K), 0,0004902 secs] [Times: user=0,00 sys=0,00, real=0,00 secs] 
36,063: [GC (Allocation Failure) [PSYoungGen: 58944K->96K(58368K)] 60700K->1852K(233472K), 0,0005038 secs] [Times: user=0,01 sys=0,00, real=0,00 secs] 
36,125: [GC (Allocation Failure) [PSYoungGen: 57952K->64K(57344K)] 59708K->1820K(232448K), 0,0004904 secs] [Times: user=0,00 sys=0,00, real=0,00 secs] 
36,187: [GC (Allocation Failure) [PSYoungGen: 56896K->64K(56320K)] 58652K->1820K(231424K), 0,0005537 secs] [Times: user=0,00 sys=0,00, real=0,00 secs] 
36,247: [GC (Allocation Failure) [PSYoungGen: 55872K->64K(55296K)] 57628K->1820K(230400K), 0,0005410 secs] [Times: user=0,00 sys=0,00, real=0,00 secs] 
36,307: [GC (Allocation Failure) [PSYoungGen: 54848K->96K(54272K)] 56604K->1852K(229376K), 0,0004996 secs] [Times: user=0,00 sys=0,00, real=0,00 secs] 
36,367: [GC (Allocation Failure) [PSYoungGen: 53856K->96K(53248K)] 55612K->1852K(228352K), 0,0005163 secs] [Times: user=0,00 sys=0,00, real=0,00 secs] 
36,426: [GC (Allocation Failure) [PSYoungGen: 52832K->64K(52224K)] 54588K->1820K(227328K), 0,0005227 secs] [Times: user=0,00 sys=0,00, real=0,00 secs] 
36,484: [GC (Allocation Failure) [PSYoungGen: 51776K->64K(51200K)] 53532K->1820K(226304K), 0,0005095 secs] [Times: user=0,00 sys=0,00, real=0,00 secs] 
36,541: [GC (Allocation Failure) [PSYoungGen: 50752K->96K(50176K)] 52508K->1852K(225280K), 0,0005106 secs] [Times: user=0,01 sys=0,00, real=0,00 secs] 
36,601: [GC (Allocation Failure) [PSYoungGen: 49760K->64K(49152K)] 51516K->1820K(224256K), 0,0005073 secs] [Times: user=0,01 sys=0,00, real=0,00 secs] 
36,655: [GC (Allocation Failure) [PSYoungGen: 48704K->96K(48128K)] 50460K->1852K(223232K), 0,0005026 secs] [Times: user=0,00 sys=0,00, real=0,00 secs] 
36,708: [GC (Allocation Failure) [PSYoungGen: 47712K->96K(47616K)] 49468K->1852K(222720K), 0,0004347 secs] [Times: user=0,00 sys=0,00, real=0,00 secs] 
36,761: [GC (Allocation Failure) [PSYoungGen: 47200K->96K(47104K)] 48956K->1852K(222208K), 0,0006050 secs] [Times: user=0,00 sys=0,00, real=0,00 secs] 
36,812: [GC (Allocation Failure) [PSYoungGen: 46688K->64K(46592K)] 48444K->1820K(221696K), 0,0004877 secs] [Times: user=0,00 sys=0,00, real=0,00 secs] 
36,864: [GC (Allocation Failure) [PSYoungGen: 46144K->96K(46080K)] 47900K->1852K(221184K), 0,0005557 secs] [Times: user=0,00 sys=0,00, real=0,00 secs] 
36,915: [GC (Allocation Failure) [PSYoungGen: 45664K->96K(45568K)] 47420K->1852K(220672K), 0,0004984 secs] [Times: user=0,00 sys=0,00, real=0,00 secs] 
36,966: [GC (Allocation Failure) [PSYoungGen: 45152K->64K(54784K)] 46908K->1820K(229888K), 0,0010423 secs] [Times: user=0,00 sys=0,00, real=0,00 secs] 
37,027: [GC (Allocation Failure) [PSYoungGen: 54336K->96K(66048K)] 56092K->1852K(241152K), 0,0005100 secs] [Times: user=0,00 sys=0,00, real=0,00 secs] 
37,101: [GC (Allocation Failure) [PSYoungGen: 65632K->64K(64512K)] 67388K->1820K(239616K), 0,0006286 secs] [Times: user=0,00 sys=0,00, real=0,00 secs] 
37,172: [GC (Allocation Failure) [PSYoungGen: 64064K->96K(62976K)] 65820K->1852K(238080K), 0,0005062 secs] [Times: user=0,00 sys=0,00, real=0,00 secs] 
37,241: [GC (Allocation Failure) [PSYoungGen: 62560K->96K(61952K)] 64316K->1852K(237056K), 0,0005278 secs] [Times: user=0,00 sys=0,01, real=0,00 secs] 
37,310: [GC (Allocation Failure) [PSYoungGen: 61536K->96K(60928K)] 63292K->1852K(236032K), 0,0005098 secs] [Times: user=0,00 sys=0,00, real=0,00 secs] 
37,378: [GC (Allocation Failure) [PSYoungGen: 60512K->96K(59904K)] 62268K->1852K(235008K), 0,0005304 secs] [Times: user=0,00 sys=0,00, real=0,00 secs] 
37,449: [GC (Allocation Failure) [PSYoungGen: 59488K->64K(58880K)] 61244K->1820K(233984K), 0,0005313 secs] [Times: user=0,00 sys=0,00, real=0,00 secs] 
37,514: [GC (Allocation Failure) [PSYoungGen: 58432K->96K(57856K)] 60188K->1852K(232960K), 0,0005678 secs] [Times: user=0,00 sys=0,00, real=0,00 secs] 
37,578: [GC (Allocation Failure) [PSYoungGen: 57440K->96K(56832K)] 59196K->1852K(231936K), 0,0005021 secs] [Times: user=0,00 sys=0,00, real=0,00 secs] 
37,641: [GC (Allocation Failure) [PSYoungGen: 56416K->64K(55808K)] 58172K->1820K(230912K), 0,0005530 secs] [Times: user=0,00 sys=0,00, real=0,00 secs] 
37,703: [GC (Allocation Failure) [PSYoungGen: 55360K->64K(54784K)] 57116K->1820K(229888K), 0,0005050 secs] [Times: user=0,00 sys=0,00, real=0,00 secs] 
37,764: [GC (Allocation Failure) [PSYoungGen: 54336K->96K(53760K)] 56092K->1852K(228864K), 0,0005081 secs] [Times: user=0,00 sys=0,00, real=0,00 secs] 
37,823: [GC (Allocation Failure) [PSYoungGen: 53344K->96K(52736K)] 55100K->1852K(227840K), 0,0005341 secs] [Times: user=0,00 sys=0,00, real=0,00 secs] 
37,883: [GC (Allocation Failure) [PSYoungGen: 52320K->96K(51712K)] 54076K->1852K(226816K), 0,0005297 secs] [Times: user=0,00 sys=0,00, real=0,00 secs] 
37,940: [GC (Allocation Failure) [PSYoungGen: 51296K->64K(50688K)] 53052K->1820K(225792K), 0,0008451 secs] [Times: user=0,00 sys=0,00, real=0,01 secs] 
37,998: [GC (Allocation Failure) [PSYoungGen: 50240K->96K(49664K)] 51996K->1852K(224768K), 0,0005165 secs] [Times: user=0,00 sys=0,00, real=0,00 secs] 
38,053: [GC (Allocation Failure) [PSYoungGen: 49248K->96K(48640K)] 51004K->1852K(223744K), 0,0005844 secs] [Times: user=0,00 sys=0,00, real=0,00 secs] 
38,107: [GC (Allocation Failure) [PSYoungGen: 48224K->96K(48128K)] 49980K->1852K(223232K), 0,0005166 secs] [Times: user=0,00 sys=0,00, real=0,00 secs] 
38,160: [GC (Allocation Failure) [PSYoungGen: 47712K->96K(47616K)] 49468K->1852K(222720K), 0,0004355 secs] [Times: user=0,00 sys=0,00, real=0,01 secs] 
38,213: [GC (Allocation Failure) [PSYoungGen: 47200K->96K(47104K)] 48956K->1852K(222208K), 0,0004996 secs] [Times: user=0,00 sys=0,00, real=0,00 secs] 
38,265: [GC (Allocation Failure) [PSYoungGen: 46688K->64K(46592K)] 48444K->1820K(221696K), 0,0005165 secs] [Times: user=0,00 sys=0,00, real=0,00 secs] 
38,317: [GC (Allocation Failure) [PSYoungGen: 46144K->96K(46080K)] 47900K->1852K(221184K), 0,0004572 secs] [Times: user=0,00 sys=0,00, real=0,00 secs] 
38,367: [GC (Allocation Failure) [PSYoungGen: 45664K->96K(45568K)] 47420K->1852K(220672K), 0,0004106 secs] [Times: user=0,00 sys=0,00, real=0,00 secs] 
38,418: [GC (Allocation Failure) [PSYoungGen: 45152K->96K(45056K)] 46908K->1852K(220160K), 0,0004950 secs] [Times: user=0,00 sys=0,00, real=0,00 secs] 
38,468: [GC (Allocation Failure) [PSYoungGen: 44640K->96K(44544K)] 46396K->1852K(219648K), 0,0004205 secs] [Times: user=0,00 sys=0,00, real=0,00 secs] 
38,517: [GC (Allocation Failure) [PSYoungGen: 44128K->96K(44032K)] 45884K->1852K(219136K), 0,0004197 secs] [Times: user=0,00 sys=0,00, real=0,00 secs] 
38,566: [GC (Allocation Failure) [PSYoungGen: 43616K->96K(43520K)] 45372K->1852K(218624K), 0,0005503 secs] [Times: user=0,00 sys=0,00, real=0,00 secs] 
38,614: [GC (Allocation Failure) [PSYoungGen: 43104K->96K(43008K)] 44860K->1852K(218112K), 0,0004351 secs] [Times: user=0,00 sys=0,00, real=0,00 secs] 
38,661: [GC (Allocation Failure) [PSYoungGen: 42592K->64K(42496K)] 44348K->1820K(217600K), 0,0003973 secs] [Times: user=0,00 sys=0,00, real=0,00 secs] 
38,708: [GC (Allocation Failure) [PSYoungGen: 42048K->96K(41984K)] 43804K->1852K(217088K), 0,0004742 secs] [Times: user=0,00 sys=0,00, real=0,00 secs] 
38,754: [GC (Allocation Failure) [PSYoungGen: 41568K->96K(41472K)] 43324K->1852K(216576K), 0,0004142 secs] [Times: user=0,00 sys=0,00, real=0,00 secs] 
38,800: [GC (Allocation Failure) [PSYoungGen: 41056K->96K(40960K)] 42812K->1852K(216064K), 0,0004056 secs] [Times: user=0,00 sys=0,00, real=0,01 secs] 
38,845: [GC (Allocation Failure) [PSYoungGen: 40544K->96K(40448K)] 42300K->1852K(215552K), 0,0004220 secs] [Times: user=0,00 sys=0,00, real=0,00 secs] 
38,891: [GC (Allocation Failure) [PSYoungGen: 40032K->64K(39936K)] 41788K->1820K(215040K), 0,0005102 secs] [Times: user=0,00 sys=0,00, real=0,00 secs] 
38,936: [GC (Allocation Failure) [PSYoungGen: 39488K->96K(39424K)] 41244K->1852K(214528K), 0,0004319 secs] [Times: user=0,00 sys=0,00, real=0,00 secs] 
38,979: [GC (Allocation Failure) [PSYoungGen: 39008K->64K(38912K)] 40764K->1820K(214016K), 0,0004040 secs] [Times: user=0,00 sys=0,00, real=0,00 secs] 
39,022: [GC (Allocation Failure) [PSYoungGen: 38464K->64K(46592K)] 40220K->1820K(221696K), 0,0007709 secs] [Times: user=0,01 sys=0,00, real=0,00 secs] 
39,075: [GC (Allocation Failure) [PSYoungGen: 46144K->96K(46080K)] 47900K->1852K(221184K), 0,0004441 secs] [Times: user=0,00 sys=0,00, real=0,00 secs] 
39,125: [GC (Allocation Failure) [PSYoungGen: 45664K->96K(45568K)] 47420K->1852K(220672K), 0,0005442 secs] [Times: user=0,00 sys=0,00, real=0,00 secs] 
39,177: [GC (Allocation Failure) [PSYoungGen: 45152K->64K(54784K)] 46908K->1820K(229888K), 0,0011256 secs] [Times: user=0,00 sys=0,00, real=0,00 secs] 
39,241: [GC (Allocation Failure) [PSYoungGen: 54336K->64K(66048K)] 56092K->1820K(241152K), 0,0011955 secs] [Times: user=0,01 sys=0,00, real=0,00 secs] 
39,317: [GC (Allocation Failure) [PSYoungGen: 65600K->96K(79360K)] 67356K->1852K(254464K), 0,0005438 secs] [Times: user=0,00 sys=0,00, real=0,00 secs] 
39,407: [GC (Allocation Failure) [PSYoungGen: 78944K->96K(77312K)] 80700K->1852K(252416K), 0,0005523 secs] [Times: user=0,00 sys=0,00, real=0,00 secs] 
39,494: [GC (Allocation Failure) [PSYoungGen: 76896K->96K(75264K)] 78652K->1852K(250368K), 0,0005148 secs] [Times: user=0,00 sys=0,00, real=0,00 secs] 
39,580: [GC (Allocation Failure) [PSYoungGen: 74848K->96K(73728K)] 76604K->1852K(248832K), 0,0005181 secs] [Times: user=0,00 sys=0,00, real=0,01 secs] 
39,663: [GC (Allocation Failure) [PSYoungGen: 73312K->96K(72192K)] 75068K->1852K(247296K), 0,0005342 secs] [Times: user=0,00 sys=0,00, real=0,00 secs] 
39,745: [GC (Allocation Failure) [PSYoungGen: 71776K->64K(70656K)] 73532K->1820K(245760K), 0,0005671 secs] [Times: user=0,00 sys=0,00, real=0,00 secs] 
39,824: [GC (Allocation Failure) [PSYoungGen: 70208K->96K(69120K)] 71964K->1852K(244224K), 0,0005244 secs] [Times: user=0,00 sys=0,00, real=0,00 secs] 
39,902: [GC (Allocation Failure) [PSYoungGen: 68704K->96K(67584K)] 70460K->1852K(242688K), 0,0005280 secs] [Times: user=0,00 sys=0,00, real=0,00 secs] 
39,978: [GC (Allocation Failure) [PSYoungGen: 67168K->96K(66048K)] 68924K->1852K(241152K), 0,0005214 secs] [Times: user=0,00 sys=0,00, real=0,00 secs] 
40,051: [GC (Allocation Failure) [PSYoungGen: 65632K->96K(64512K)] 67388K->1852K(239616K), 0,0005130 secs] [Times: user=0,00 sys=0,00, real=0,00 secs] 
40,122: [GC (Allocation Failure) [PSYoungGen: 64096K->96K(62976K)] 65852K->1852K(238080K), 0,0005146 secs] [Times: user=0,00 sys=0,00, real=0,00 secs] 
40,192: [GC (Allocation Failure) [PSYoungGen: 62560K->96K(61952K)] 64316K->1852K(237056K), 0,0005189 secs] [Times: user=0,00 sys=0,00, real=0,00 secs] 
40,259: [GC (Allocation Failure) [PSYoungGen: 61536K->128K(60928K)] 63292K->1884K(236032K), 0,0008537 secs] [Times: user=0,00 sys=0,00, real=0,00 secs] 
40,325: [GC (Allocation Failure) [PSYoungGen: 60544K->96K(59904K)] 62300K->1876K(235008K), 0,0005243 secs] [Times: user=0,00 sys=0,00, real=0,00 secs] 
40,390: [GC (Allocation Failure) [PSYoungGen: 59488K->96K(58880K)] 61268K->1900K(233984K), 0,0005228 secs] [Times: user=0,00 sys=0,00, real=0,01 secs] 
40,453: [GC (Allocation Failure) [PSYoungGen: 58464K->96K(57856K)] 60268K->1900K(232960K), 0,0005077 secs] [Times: user=0,00 sys=0,00, real=0,00 secs] 
40,515: [GC (Allocation Failure) [PSYoungGen: 57440K->128K(56832K)] 59244K->1932K(231936K), 0,0004742 secs] [Times: user=0,00 sys=0,00, real=0,00 secs] 
40,576: [GC (Allocation Failure) [PSYoungGen: 56448K->96K(55808K)] 58252K->1900K(230912K), 0,0005019 secs] [Times: user=0,01 sys=0,00, real=0,00 secs] 
40,636: [GC (Allocation Failure) [PSYoungGen: 55392K->64K(54784K)] 57196K->1868K(229888K), 0,0005463 secs] [Times: user=0,00 sys=0,00, real=0,00 secs] 
40,695: [GC (Allocation Failure) [PSYoungGen: 54336K->96K(53760K)] 56140K->1900K(228864K), 0,0005394 secs] [Times: user=0,01 sys=0,00, real=0,00 secs] 
40,753: [GC (Allocation Failure) [PSYoungGen: 53344K->96K(52736K)] 55148K->1900K(227840K), 0,0005452 secs] [Times: user=0,00 sys=0,00, real=0,00 secs] 
40,809: [GC (Allocation Failure) [PSYoungGen: 52320K->96K(51712K)] 54124K->1900K(226816K), 0,0005576 secs] [Times: user=0,00 sys=0,00, real=0,00 secs] 
40,865: [GC (Allocation Failure) [PSYoungGen: 51296K->96K(50688K)] 53100K->1900K(225792K), 0,0004851 secs] [Times: user=0,01 sys=0,00, real=0,00 secs] 
40,920: [GC (Allocation Failure) [PSYoungGen: 50272K->96K(49664K)] 52076K->1900K(224768K), 0,0005085 secs] [Times: user=0,00 sys=0,00, real=0,01 secs] 
40,974: [GC (Allocation Failure) [PSYoungGen: 49248K->64K(48640K)] 51052K->1868K(223744K), 0,0005086 secs] [Times: user=0,01 sys=0,01, real=0,00 secs] 
41,026: [GC (Allocation Failure) [PSYoungGen: 48192K->96K(48128K)] 49996K->1900K(223232K), 0,0005358 secs] [Times: user=0,00 sys=0,00, real=0,00 secs] 
41,079: [GC (Allocation Failure) [PSYoungGen: 47712K->96K(47616K)] 49516K->1900K(222720K), 0,0005120 secs] [Times: user=0,00 sys=0,00, real=0,00 secs] 
41,130: [GC (Allocation Failure) [PSYoungGen: 47200K->96K(47104K)] 49004K->1900K(222208K), 0,0005147 secs] [Times: user=0,00 sys=0,00, real=0,01 secs] 
41,181: [GC (Allocation Failure) [PSYoungGen: 46688K->96K(46592K)] 48492K->1900K(221696K), 0,0004184 secs] [Times: user=0,00 sys=0,00, real=0,00 secs] 
41,230: [GC (Allocation Failure) [PSYoungGen: 46176K->64K(46080K)] 47980K->1868K(221184K), 0,0004926 secs] [Times: user=0,00 sys=0,00, real=0,01 secs] 
41,280: [GC (Allocation Failure) [PSYoungGen: 45632K->96K(45568K)] 47436K->1900K(220672K), 0,0004936 secs] [Times: user=0,00 sys=0,00, real=0,01 secs] 
41,329: [GC (Allocation Failure) [PSYoungGen: 45152K->96K(45056K)] 46956K->1900K(220160K), 0,0004433 secs] [Times: user=0,00 sys=0,00, real=0,00 secs] 
41,377: [GC (Allocation Failure) [PSYoungGen: 44640K->64K(44544K)] 46444K->1868K(219648K), 0,0004910 secs] [Times: user=0,00 sys=0,00, real=0,00 secs] 
41,425: [GC (Allocation Failure) [PSYoungGen: 44096K->96K(44032K)] 45900K->1900K(219136K), 0,0004167 secs] [Times: user=0,00 sys=0,00, real=0,00 secs] 
41,473: [GC (Allocation Failure) [PSYoungGen: 43616K->96K(43520K)] 45420K->1900K(218624K), 0,0004957 secs] [Times: user=0,01 sys=0,00, real=0,00 secs] 
41,519: [GC (Allocation Failure) [PSYoungGen: 43104K->64K(43008K)] 44908K->1868K(218112K), 0,0006788 secs] [Times: user=0,00 sys=0,00, real=0,00 secs] 
41,566: [GC (Allocation Failure) [PSYoungGen: 42560K->96K(42496K)] 44364K->1900K(217600K), 0,0004920 secs] [Times: user=0,00 sys=0,00, real=0,00 secs] 
41,611: [GC (Allocation Failure) [PSYoungGen: 42080K->96K(41984K)] 43884K->1900K(217088K), 0,0004380 secs] [Times: user=0,00 sys=0,00, real=0,00 secs] 
41,657: [GC (Allocation Failure) [PSYoungGen: 41568K->96K(41472K)] 43372K->1900K(216576K), 0,0004087 secs] [Times: user=0,00 sys=0,00, real=0,00 secs] 
41,701: [GC (Allocation Failure) [PSYoungGen: 41056K->96K(40960K)] 42860K->1900K(216064K), 0,0004588 secs] [Times: user=0,00 sys=0,00, real=0,00 secs] 
41,745: [GC (Allocation Failure) [PSYoungGen: 40544K->64K(40448K)] 42348K->1868K(215552K), 0,0004873 secs] [Times: user=0,00 sys=0,00, real=0,00 secs] 
41,789: [GC (Allocation Failure) [PSYoungGen: 40000K->96K(39936K)] 41804K->1900K(215040K), 0,0005355 secs] [Times: user=0,00 sys=0,00, real=0,00 secs] 
41,832: [GC (Allocation Failure) [PSYoungGen: 39520K->96K(39424K)] 41324K->1900K(214528K), 0,0005016 secs] [Times: user=0,00 sys=0,00, real=0,00 secs] 
41,876: [GC (Allocation Failure) [PSYoungGen: 39008K->96K(38912K)] 40812K->1900K(214016K), 0,0005007 secs] [Times: user=0,00 sys=0,00, real=0,00 secs] 
41,918: [GC (Allocation Failure) [PSYoungGen: 38496K->64K(46592K)] 40300K->1868K(221696K), 0,0005542 secs] [Times: user=0,00 sys=0,00, real=0,00 secs] 
41,969: [GC (Allocation Failure) [PSYoungGen: 46144K->96K(55808K)] 47948K->1900K(230912K), 0,0005057 secs] [Times: user=0,00 sys=0,00, real=0,00 secs] 
42,029: [GC (Allocation Failure) [PSYoungGen: 55392K->64K(54784K)] 57196K->1868K(229888K), 0,0005137 secs] [Times: user=0,00 sys=0,00, real=0,00 secs] 
42,087: [GC (Allocation Failure) [PSYoungGen: 54336K->96K(53760K)] 56140K->1900K(228864K), 0,0004952 secs] [Times: user=0,00 sys=0,00, real=0,00 secs] 
42,145: [GC (Allocation Failure) [PSYoungGen: 53344K->96K(52736K)] 55148K->1900K(227840K), 0,0005097 secs] [Times: user=0,00 sys=0,00, real=0,00 secs] 
42,202: [GC (Allocation Failure) [PSYoungGen: 52320K->96K(51712K)] 54124K->1900K(226816K), 0,0005155 secs] [Times: user=0,00 sys=0,00, real=0,00 secs] 
42,265: [GC (Allocation Failure) [PSYoungGen: 51296K->96K(50688K)] 53100K->1900K(225792K), 0,0005332 secs] [Times: user=0,00 sys=0,00, real=0,00 secs] 
42,320: [GC (Allocation Failure) [PSYoungGen: 50272K->96K(49664K)] 52076K->1900K(224768K), 0,0004948 secs] [Times: user=0,00 sys=0,00, real=0,00 secs] 
42,373: [GC (Allocation Failure) [PSYoungGen: 49248K->96K(48640K)] 51052K->1900K(223744K), 0,0004978 secs] [Times: user=0,00 sys=0,00, real=0,00 secs] 
42,425: [GC (Allocation Failure) [PSYoungGen: 48224K->64K(48128K)] 50028K->1868K(223232K), 0,0004757 secs] [Times: user=0,00 sys=0,00, real=0,00 secs] 
42,477: [GC (Allocation Failure) [PSYoungGen: 47680K->64K(47616K)] 49484K->1868K(222720K), 0,0005542 secs] [Times: user=0,00 sys=0,00, real=0,00 secs] 
42,528: [GC (Allocation Failure) [PSYoungGen: 47168K->96K(47104K)] 48972K->1900K(222208K), 0,0005053 secs] [Times: user=0,00 sys=0,00, real=0,00 secs] 
42,583: [GC (Allocation Failure) [PSYoungGen: 46688K->96K(46592K)] 48492K->1900K(221696K), 0,0004427 secs] [Times: user=0,00 sys=0,00, real=0,00 secs] 
42,632: [GC (Allocation Failure) [PSYoungGen: 46176K->96K(46080K)] 47980K->1900K(221184K), 0,0004174 secs] [Times: user=0,00 sys=0,00, real=0,00 secs] 
42,682: [GC (Allocation Failure) [PSYoungGen: 45664K->96K(45568K)] 47468K->1900K(220672K), 0,0005152 secs] [Times: user=0,00 sys=0,00, real=0,00 secs] 
42,730: [GC (Allocation Failure) [PSYoungGen: 45152K->64K(45056K)] 46956K->1868K(220160K), 0,0004986 secs] [Times: user=0,01 sys=0,00, real=0,00 secs] 
42,779: [GC (Allocation Failure) [PSYoungGen: 44608K->96K(44544K)] 46412K->1900K(219648K), 0,0004961 secs] [Times: user=0,00 sys=0,01, real=0,00 secs] 
42,827: [GC (Allocation Failure) [PSYoungGen: 44128K->64K(44032K)] 45932K->1868K(219136K), 0,0005150 secs] [Times: user=0,00 sys=0,00, real=0,00 secs] 
42,875: [GC (Allocation Failure) [PSYoungGen: 43584K->96K(43520K)] 45388K->1900K(218624K), 0,0005557 secs] [Times: user=0,00 sys=0,00, real=0,00 secs] 
42,923: [GC (Allocation Failure) [PSYoungGen: 43104K->64K(52224K)] 44908K->1868K(227328K), 0,0006636 secs] [Times: user=0,00 sys=0,00, real=0,00 secs] 
42,979: [GC (Allocation Failure) [PSYoungGen: 51776K->96K(51200K)] 53580K->1900K(226304K), 0,0005100 secs] [Times: user=0,00 sys=0,00, real=0,00 secs] 
43,036: [GC (Allocation Failure) [PSYoungGen: 50784K->96K(61440K)] 52588K->1900K(236544K), 0,0007908 secs] [Times: user=0,00 sys=0,00, real=0,00 secs] 
43,102: [GC (Allocation Failure) [PSYoungGen: 61024K->96K(60416K)] 62828K->1900K(235520K), 0,0005011 secs] [Times: user=0,00 sys=0,00, real=0,00 secs] 
43,167: [GC (Allocation Failure) [PSYoungGen: 60000K->96K(59392K)] 61804K->1900K(234496K), 0,0005356 secs] [Times: user=0,00 sys=0,00, real=0,00 secs] 
43,231: [GC (Allocation Failure) [PSYoungGen: 58976K->96K(58368K)] 60780K->1900K(233472K), 0,0005113 secs] [Times: user=0,00 sys=0,00, real=0,00 secs] 
43,294: [GC (Allocation Failure) [PSYoungGen: 57952K->64K(57344K)] 59756K->1868K(232448K), 0,0005442 secs] [Times: user=0,00 sys=0,00, real=0,00 secs] 
43,356: [GC (Allocation Failure) [PSYoungGen: 56896K->96K(56320K)] 58700K->1900K(231424K), 0,0005724 secs] [Times: user=0,00 sys=0,00, real=0,00 secs] 
43,417: [GC (Allocation Failure) [PSYoungGen: 55904K->96K(55296K)] 57708K->1900K(230400K), 0,0005111 secs] [Times: user=0,00 sys=0,00, real=0,00 secs] 
43,476: [GC (Allocation Failure) [PSYoungGen: 54880K->96K(54272K)] 56684K->1900K(229376K), 0,0005104 secs] [Times: user=0,00 sys=0,00, real=0,00 secs] 
43,535: [GC (Allocation Failure) [PSYoungGen: 53856K->96K(53248K)] 55660K->1900K(228352K), 0,0005073 secs] [Times: user=0,00 sys=0,00, real=0,00 secs] 
43,593: [GC (Allocation Failure) [PSYoungGen: 52832K->96K(52224K)] 54636K->1900K(227328K), 0,0005083 secs] [Times: user=0,00 sys=0,00, real=0,00 secs] 
43,649: [GC (Allocation Failure) [PSYoungGen: 51808K->96K(51200K)] 53612K->1900K(226304K), 0,0004937 secs] [Times: user=0,01 sys=0,00, real=0,00 secs] 
43,705: [GC (Allocation Failure) [PSYoungGen: 50784K->64K(50176K)] 52588K->1868K(225280K), 0,0007593 secs] [Times: user=0,00 sys=0,00, real=0,00 secs] 
43,759: [GC (Allocation Failure) [PSYoungGen: 49728K->96K(60416K)] 51532K->1900K(235520K), 0,0008611 secs] [Times: user=0,01 sys=0,00, real=0,00 secs] 
43,825: [GC (Allocation Failure) [PSYoungGen: 60000K->96K(59392K)] 61804K->1900K(234496K), 0,0005454 secs] [Times: user=0,00 sys=0,00, real=0,00 secs] 
43,890: [GC (Allocation Failure) [PSYoungGen: 58976K->96K(58368K)] 60780K->1900K(233472K), 0,0005129 secs] [Times: user=0,00 sys=0,00, real=0,01 secs] 
43,953: [GC (Allocation Failure) [PSYoungGen: 57952K->64K(57344K)] 59756K->1868K(232448K), 0,0007071 secs] [Times: user=0,00 sys=0,00, real=0,00 secs] 
44,015: [GC (Allocation Failure) [PSYoungGen: 56896K->96K(56320K)] 58700K->1900K(231424K), 0,0005055 secs] [Times: user=0,00 sys=0,00, real=0,00 secs] 
44,077: [GC (Allocation Failure) [PSYoungGen: 55904K->96K(55296K)] 57708K->1900K(230400K), 0,0005477 secs] [Times: user=0,01 sys=0,00, real=0,00 secs] 
44,137: [GC (Allocation Failure) [PSYoungGen: 54880K->96K(54272K)] 56684K->1900K(229376K), 0,0005089 secs] [Times: user=0,01 sys=0,00, real=0,00 secs] 
44,196: [GC (Allocation Failure) [PSYoungGen: 53856K->96K(53248K)] 55660K->1900K(228352K), 0,0005618 secs] [Times: user=0,00 sys=0,00, real=0,00 secs] 
44,255: [GC (Allocation Failure) [PSYoungGen: 52832K->96K(52224K)] 54636K->1900K(227328K), 0,0005203 secs] [Times: user=0,00 sys=0,00, real=0,00 secs] 
44,313: [GC (Allocation Failure) [PSYoungGen: 51808K->96K(51200K)] 53612K->1900K(226304K), 0,0005197 secs] [Times: user=0,00 sys=0,00, real=0,00 secs] 
44,370: [GC (Allocation Failure) [PSYoungGen: 50784K->64K(50176K)] 52588K->1868K(225280K), 0,0006776 secs] [Times: user=0,00 sys=0,00, real=0,01 secs] 
44,426: [GC (Allocation Failure) [PSYoungGen: 49728K->64K(49152K)] 51532K->1868K(224256K), 0,0007495 secs] [Times: user=0,00 sys=0,00, real=0,00 secs] 
44,480: [GC (Allocation Failure) [PSYoungGen: 48704K->96K(48128K)] 50508K->1900K(223232K), 0,0005153 secs] [Times: user=0,00 sys=0,00, real=0,01 secs] 
44,535: [GC (Allocation Failure) [PSYoungGen: 47712K->96K(47616K)] 49516K->1900K(222720K), 0,0005573 secs] [Times: user=0,00 sys=0,00, real=0,00 secs] 
44,589: [GC (Allocation Failure) [PSYoungGen: 47200K->96K(47104K)] 49004K->1900K(222208K), 0,0005680 secs] [Times: user=0,00 sys=0,00, real=0,00 secs] 
44,641: [GC (Allocation Failure) [PSYoungGen: 46688K->96K(46592K)] 48492K->1900K(221696K), 0,0005215 secs] [Times: user=0,00 sys=0,00, real=0,00 secs] 
44,693: [GC (Allocation Failure) [PSYoungGen: 46176K->96K(46080K)] 47980K->1900K(221184K), 0,0005133 secs] [Times: user=0,00 sys=0,00, real=0,00 secs] 
44,745: [GC (Allocation Failure) [PSYoungGen: 45664K->96K(45568K)] 47468K->1900K(220672K), 0,0005130 secs] [Times: user=0,00 sys=0,00, real=0,00 secs] 
44,796: [GC (Allocation Failure) [PSYoungGen: 45152K->96K(45056K)] 46956K->1900K(220160K), 0,0005105 secs] [Times: user=0,00 sys=0,00, real=0,00 secs] 
44,846: [GC (Allocation Failure) [PSYoungGen: 44640K->96K(44544K)] 46444K->1900K(219648K), 0,0004218 secs] [Times: user=0,00 sys=0,00, real=0,00 secs] 
44,897: [GC (Allocation Failure) [PSYoungGen: 44128K->96K(44032K)] 45932K->1900K(219136K), 0,0005531 secs] [Times: user=0,01 sys=0,00, real=0,00 secs] 
44,946: [GC (Allocation Failure) [PSYoungGen: 43616K->96K(43520K)] 45420K->1900K(218624K), 0,0005162 secs] [Times: user=0,00 sys=0,00, real=0,00 secs] 
44,995: [GC (Allocation Failure) [PSYoungGen: 43104K->96K(43008K)] 44908K->1900K(218112K), 0,0005607 secs] [Times: user=0,00 sys=0,00, real=0,00 secs] 
45,043: [GC (Allocation Failure) [PSYoungGen: 42592K->96K(42496K)] 44396K->1900K(217600K), 0,0005405 secs] [Times: user=0,00 sys=0,00, real=0,00 secs] 
45,091: [GC (Allocation Failure) [PSYoungGen: 42080K->96K(41984K)] 43884K->1900K(217088K), 0,0004263 secs] [Times: user=0,00 sys=0,00, real=0,00 secs] 
45,138: [GC (Allocation Failure) [PSYoungGen: 41568K->96K(41472K)] 43372K->1900K(216576K), 0,0004583 secs] [Times: user=0,00 sys=0,00, real=0,00 secs] 
45,183: [GC (Allocation Failure) [PSYoungGen: 41056K->96K(40960K)] 42860K->1900K(216064K), 0,0004134 secs] [Times: user=0,00 sys=0,00, real=0,00 secs] 
45,229: [GC (Allocation Failure) [PSYoungGen: 40544K->64K(40448K)] 42348K->1868K(215552K), 0,0005981 secs] [Times: user=0,00 sys=0,00, real=0,00 secs] 
45,274: [GC (Allocation Failure) [PSYoungGen: 40000K->96K(39936K)] 41804K->1900K(215040K), 0,0004199 secs] [Times: user=0,00 sys=0,00, real=0,00 secs] 
45,318: [GC (Allocation Failure) [PSYoungGen: 39520K->64K(39424K)] 41324K->1868K(214528K), 0,0005457 secs] [Times: user=0,00 sys=0,00, real=0,00 secs] 
45,361: [GC (Allocation Failure) [PSYoungGen: 38976K->96K(38912K)] 40780K->1900K(214016K), 0,0004026 secs] [Times: user=0,00 sys=0,00, real=0,00 secs] 
45,405: [GC (Allocation Failure) [PSYoungGen: 38496K->96K(38400K)] 40300K->1900K(213504K), 0,0005191 secs] [Times: user=0,00 sys=0,00, real=0,00 secs] 
45,447: [GC (Allocation Failure) [PSYoungGen: 37984K->64K(46080K)] 39788K->1868K(221184K), 0,0005255 secs] [Times: user=0,00 sys=0,00, real=0,00 secs] 
45,498: [GC (Allocation Failure) [PSYoungGen: 45632K->96K(45568K)] 47436K->1900K(220672K), 0,0004779 secs] [Times: user=0,00 sys=0,00, real=0,00 secs] 
45,549: [GC (Allocation Failure) [PSYoungGen: 45152K->64K(45056K)] 46956K->1868K(220160K), 0,0005563 secs] [Times: user=0,00 sys=0,00, real=0,00 secs] 
45,599: [GC (Allocation Failure) [PSYoungGen: 44608K->64K(44544K)] 46412K->1868K(219648K), 0,0005455 secs] [Times: user=0,00 sys=0,00, real=0,00 secs] 
45,648: [GC (Allocation Failure) [PSYoungGen: 44096K->32K(53760K)] 45900K->1836K(228864K), 0,0008921 secs] [Times: user=0,00 sys=0,00, real=0,00 secs] 
45,708: [GC (Allocation Failure) [PSYoungGen: 53280K->64K(64512K)] 55084K->1868K(239616K), 0,0005785 secs] [Times: user=0,00 sys=0,00, real=0,00 secs] 
45,780: [GC (Allocation Failure) [PSYoungGen: 64064K->96K(62976K)] 65868K->1900K(238080K), 0,0005246 secs] [Times: user=0,00 sys=0,00, real=0,00 secs] 
45,849: [GC (Allocation Failure) [PSYoungGen: 62560K->64K(61952K)] 64364K->1868K(237056K), 0,0005378 secs] [Times: user=0,00 sys=0,00, real=0,00 secs] 
45,919: [GC (Allocation Failure) [PSYoungGen: 61504K->96K(60928K)] 63308K->1900K(236032K), 0,0005198 secs] [Times: user=0,00 sys=0,00, real=0,00 secs] 
45,987: [GC (Allocation Failure) [PSYoungGen: 60512K->96K(59904K)] 62316K->1900K(235008K), 0,0010029 secs] [Times: user=0,00 sys=0,00, real=0,00 secs] 
46,056: [GC (Allocation Failure) [PSYoungGen: 59488K->96K(58880K)] 61292K->1900K(233984K), 0,0005442 secs] [Times: user=0,00 sys=0,00, real=0,00 secs] 
46,122: [GC (Allocation Failure) [PSYoungGen: 58464K->128K(57856K)] 60268K->1932K(232960K), 0,0007310 secs] [Times: user=0,00 sys=0,00, real=0,00 secs] 
46,187: [GC (Allocation Failure) [PSYoungGen: 57472K->96K(56832K)] 59276K->1900K(231936K), 0,0005135 secs] [Times: user=0,00 sys=0,00, real=0,00 secs] 
46,249: [GC (Allocation Failure) [PSYoungGen: 56416K->96K(55808K)] 58220K->1900K(230912K), 0,0004675 secs] [Times: user=0,00 sys=0,00, real=0,00 secs] 
46,311: [GC (Allocation Failure) [PSYoungGen: 55392K->96K(54784K)] 57196K->1900K(229888K), 0,0005195 secs] [Times: user=0,00 sys=0,00, real=0,00 secs] 
46,371: [GC (Allocation Failure) [PSYoungGen: 54368K->96K(53760K)] 56172K->1900K(228864K), 0,0005197 secs] [Times: user=0,00 sys=0,00, real=0,00 secs] 
46,430: [GC (Allocation Failure) [PSYoungGen: 53344K->64K(52736K)] 55148K->1868K(227840K), 0,0005948 secs] [Times: user=0,00 sys=0,00, real=0,00 secs] 
46,489: [GC (Allocation Failure) [PSYoungGen: 52288K->96K(51712K)] 54092K->1900K(226816K), 0,0005088 secs] [Times: user=0,00 sys=0,00, real=0,00 secs] 
46,546: [GC (Allocation Failure) [PSYoungGen: 51296K->96K(50688K)] 53100K->1900K(225792K), 0,0005531 secs] [Times: user=0,00 sys=0,00, real=0,00 secs] 
46,605: [GC (Allocation Failure) [PSYoungGen: 50272K->96K(49664K)] 52076K->1900K(224768K), 0,0005352 secs] [Times: user=0,00 sys=0,00, real=0,00 secs] 
46,660: [GC (Allocation Failure) [PSYoungGen: 49248K->64K(48640K)] 51052K->1868K(223744K), 0,0005675 secs] [Times: user=0,00 sys=0,00, real=0,00 secs] 
46,714: [GC (Allocation Failure) [PSYoungGen: 48192K->96K(48128K)] 49996K->1900K(223232K), 0,0005052 secs] [Times: user=0,00 sys=0,00, real=0,00 secs] 
46,767: [GC (Allocation Failure) [PSYoungGen: 47712K->64K(57856K)] 49516K->1868K(232960K), 0,0009207 secs] [Times: user=0,00 sys=0,00, real=0,00 secs] 
46,832: [GC (Allocation Failure) [PSYoungGen: 57408K->96K(56832K)] 59212K->1900K(231936K), 0,0005121 secs] [Times: user=0,00 sys=0,00, real=0,00 secs] 
46,896: [GC (Allocation Failure) [PSYoungGen: 56415K->96K(55808K)] 58219K->1900K(230912K), 0,0005194 secs] [Times: user=0,00 sys=0,00, real=0,00 secs] 
46,958: [GC (Allocation Failure) [PSYoungGen: 55392K->96K(54784K)] 57196K->1900K(229888K), 0,0006047 secs] [Times: user=0,00 sys=0,00, real=0,00 secs] 
47,020: [GC (Allocation Failure) [PSYoungGen: 54368K->96K(53760K)] 56172K->1900K(228864K), 0,0005455 secs] [Times: user=0,00 sys=0,00, real=0,00 secs] 
47,079: [GC (Allocation Failure) [PSYoungGen: 53344K->64K(64512K)] 55148K->1868K(239616K), 0,0012070 secs] [Times: user=0,01 sys=0,00, real=0,01 secs] 
47,153: [GC (Allocation Failure) [PSYoungGen: 64064K->96K(77312K)] 65868K->1900K(252416K), 0,0012386 secs] [Times: user=0,00 sys=0,00, real=0,00 secs] 
47,239: [GC (Allocation Failure) [PSYoungGen: 76896K->96K(92672K)] 78700K->1900K(267776K), 0,0005282 secs] [Times: user=0,00 sys=0,00, real=0,00 secs] 
47,342: [GC (Allocation Failure) [PSYoungGen: 92256K->96K(90112K)] 94060K->1900K(265216K), 0,0005787 secs] [Times: user=0,00 sys=0,00, real=0,00 secs] 
47,443: [GC (Allocation Failure) [PSYoungGen: 89696K->96K(87552K)] 91500K->1900K(262656K), 0,0005325 secs] [Times: user=0,00 sys=0,00, real=0,00 secs] 
47,539: [GC (Allocation Failure) [PSYoungGen: 87136K->96K(85504K)] 88940K->1900K(260608K), 0,0006160 secs] [Times: user=0,01 sys=0,00, real=0,00 secs] 
47,634: [GC (Allocation Failure) [PSYoungGen: 85088K->96K(83456K)] 86892K->1900K(258560K), 0,0005309 secs] [Times: user=0,00 sys=0,00, real=0,00 secs] 
47,726: [GC (Allocation Failure) [PSYoungGen: 83040K->64K(81408K)] 84844K->1868K(256512K), 0,0005458 secs] [Times: user=0,00 sys=0,00, real=0,00 secs] 
47,822: [GC (Allocation Failure) [PSYoungGen: 80960K->64K(79360K)] 82764K->1868K(254464K), 0,0010462 secs] [Times: user=0,00 sys=0,00, real=0,00 secs] 
47,937: [GC (Allocation Failure) [PSYoungGen: 78912K->64K(77312K)] 80716K->1868K(252416K), 0,0015287 secs] [Times: user=0,00 sys=0,00, real=0,00 secs] 
48,027: [GC (Allocation Failure) [PSYoungGen: 76864K->96K(75264K)] 78668K->1900K(250368K), 0,0005356 secs] [Times: user=0,01 sys=0,00, real=0,00 secs] 
48,111: [GC (Allocation Failure) [PSYoungGen: 74848K->64K(73728K)] 76652K->1868K(248832K), 0,0005071 secs] [Times: user=0,00 sys=0,00, real=0,00 secs] 
48,192: [GC (Allocation Failure) [PSYoungGen: 73280K->64K(72192K)] 75084K->1868K(247296K), 0,0005299 secs] [Times: user=0,00 sys=0,00, real=0,00 secs] 
48,273: [GC (Allocation Failure) [PSYoungGen: 71744K->96K(70656K)] 73548K->1900K(245760K), 0,0005133 secs] [Times: user=0,00 sys=0,00, real=0,00 secs] 
48,351: [GC (Allocation Failure) [PSYoungGen: 70240K->96K(69120K)] 72044K->1900K(244224K), 0,0005493 secs] [Times: user=0,00 sys=0,00, real=0,00 secs] 
48,428: [GC (Allocation Failure) [PSYoungGen: 68704K->96K(67584K)] 70508K->1900K(242688K), 0,0005219 secs] [Times: user=0,00 sys=0,00, real=0,00 secs] 
48,502: [GC (Allocation Failure) [PSYoungGen: 67168K->96K(66048K)] 68972K->1900K(241152K), 0,0005141 secs] [Times: user=0,00 sys=0,00, real=0,00 secs] 
48,576: [GC (Allocation Failure) [PSYoungGen: 65632K->96K(64512K)] 67436K->1900K(239616K), 0,0005247 secs] [Times: user=0,01 sys=0,00, real=0,00 secs] 
48,647: [GC (Allocation Failure) [PSYoungGen: 64096K->96K(62976K)] 65900K->1900K(238080K), 0,0005168 secs] [Times: user=0,00 sys=0,00, real=0,00 secs] 
48,717: [GC (Allocation Failure) [PSYoungGen: 62560K->64K(61952K)] 64364K->1868K(237056K), 0,0005204 secs] [Times: user=0,00 sys=0,00, real=0,00 secs] 
48,785: [GC (Allocation Failure) [PSYoungGen: 61504K->96K(60928K)] 63308K->1900K(236032K), 0,0005235 secs] [Times: user=0,01 sys=0,00, real=0,00 secs] 
48,853: [GC (Allocation Failure) [PSYoungGen: 60512K->96K(59904K)] 62316K->1900K(235008K), 0,0005307 secs] [Times: user=0,00 sys=0,00, real=0,00 secs] 
48,920: [GC (Allocation Failure) [PSYoungGen: 59488K->96K(58880K)] 61292K->1900K(233984K), 0,0005543 secs] [Times: user=0,00 sys=0,00, real=0,00 secs] 
48,985: [GC (Allocation Failure) [PSYoungGen: 58464K->96K(57856K)] 60268K->1900K(232960K), 0,0005279 secs] [Times: user=0,01 sys=0,00, real=0,00 secs] 
49,049: [GC (Allocation Failure) [PSYoungGen: 57440K->96K(56832K)] 59244K->1900K(231936K), 0,0005166 secs] [Times: user=0,00 sys=0,00, real=0,00 secs] 
49,112: [GC (Allocation Failure) [PSYoungGen: 56416K->96K(55808K)] 58220K->1900K(230912K), 0,0006016 secs] [Times: user=0,00 sys=0,00, real=0,00 secs] 
49,174: [GC (Allocation Failure) [PSYoungGen: 55392K->96K(54784K)] 57196K->1900K(229888K), 0,0005104 secs] [Times: user=0,01 sys=0,00, real=0,00 secs] 
49,234: [GC (Allocation Failure) [PSYoungGen: 54368K->96K(53760K)] 56172K->1900K(228864K), 0,0005315 secs] [Times: user=0,00 sys=0,00, real=0,00 secs] 
49,294: [GC (Allocation Failure) [PSYoungGen: 53344K->96K(52736K)] 55148K->1900K(227840K), 0,0005494 secs] [Times: user=0,00 sys=0,00, real=0,00 secs] 
49,353: [GC (Allocation Failure) [PSYoungGen: 52320K->96K(51712K)] 54124K->1900K(226816K), 0,0005129 secs] [Times: user=0,01 sys=0,00, real=0,00 secs] 
49,410: [GC (Allocation Failure) [PSYoungGen: 51296K->96K(50688K)] 53100K->1900K(225792K), 0,0005300 secs] [Times: user=0,00 sys=0,00, real=0,01 secs] 
49,465: [GC (Allocation Failure) [PSYoungGen: 50272K->96K(49664K)] 52076K->1900K(224768K), 0,0005263 secs] [Times: user=0,00 sys=0,00, real=0,00 secs] 
49,521: [GC (Allocation Failure) [PSYoungGen: 49248K->96K(48640K)] 51052K->1900K(223744K), 0,0005265 secs] [Times: user=0,00 sys=0,00, real=0,00 secs] 
49,576: [GC (Allocation Failure) [PSYoungGen: 48224K->96K(48128K)] 50028K->1900K(223232K), 0,0005139 secs] [Times: user=0,00 sys=0,00, real=0,00 secs] 
49,629: [GC (Allocation Failure) [PSYoungGen: 47712K->96K(47616K)] 49516K->1900K(222720K), 0,0005811 secs] [Times: user=0,00 sys=0,00, real=0,00 secs] 
49,681: [GC (Allocation Failure) [PSYoungGen: 47200K->96K(47104K)] 49004K->1900K(222208K), 0,0004178 secs] [Times: user=0,00 sys=0,00, real=0,00 secs] 
49,733: [GC (Allocation Failure) [PSYoungGen: 46688K->96K(46592K)] 48492K->1900K(221696K), 0,0005056 secs] [Times: user=0,00 sys=0,00, real=0,00 secs] 
49,784: [GC (Allocation Failure) [PSYoungGen: 46176K->96K(46080K)] 47980K->1900K(221184K), 0,0004405 secs] [Times: user=0,00 sys=0,00, real=0,00 secs] 
49,835: [GC (Allocation Failure) [PSYoungGen: 45664K->64K(45568K)] 47468K->1868K(220672K), 0,0004529 secs] [Times: user=0,00 sys=0,00, real=0,00 secs] 
49,886: [GC (Allocation Failure) [PSYoungGen: 45120K->64K(45056K)] 46924K->1868K(220160K), 0,0005393 secs] [Times: user=0,00 sys=0,00, real=0,00 secs] 
49,937: [GC (Allocation Failure) [PSYoungGen: 44608K->64K(44544K)] 46412K->1868K(219648K), 0,0005081 secs] [Times: user=0,00 sys=0,00, real=0,00 secs] 
49,986: [GC (Allocation Failure) [PSYoungGen: 44096K->96K(44032K)] 45900K->1900K(219136K), 0,0004507 secs] [Times: user=0,00 sys=0,00, real=0,00 secs] 
50,035: [GC (Allocation Failure) [PSYoungGen: 43616K->96K(43520K)] 45420K->1900K(218624K), 0,0005222 secs] [Times: user=0,00 sys=0,00, real=0,00 secs] 
50,083: [GC (Allocation Failure) [PSYoungGen: 43104K->96K(43008K)] 44908K->1900K(218112K), 0,0004217 secs] [Times: user=0,00 sys=0,00, real=0,00 secs] 
50,131: [GC (Allocation Failure) [PSYoungGen: 42592K->96K(42496K)] 44396K->1900K(217600K), 0,0004460 secs] [Times: user=0,00 sys=0,00, real=0,00 secs] 
50,178: [GC (Allocation Failure) [PSYoungGen: 42080K->96K(41984K)] 43884K->1900K(217088K), 0,0004239 secs] [Times: user=0,00 sys=0,00, real=0,00 secs] 
50,224: [GC (Allocation Failure) [PSYoungGen: 41568K->96K(41472K)] 43372K->1900K(216576K), 0,0004172 secs] [Times: user=0,00 sys=0,00, real=0,00 secs] 
50,270: [GC (Allocation Failure) [PSYoungGen: 41056K->96K(40960K)] 42860K->1900K(216064K), 0,0004603 secs] [Times: user=0,00 sys=0,00, real=0,01 secs] 
50,316: [GC (Allocation Failure) [PSYoungGen: 40544K->96K(49152K)] 42348K->1924K(224256K), 0,0008908 secs] [Times: user=0,00 sys=0,00, real=0,00 secs] 
50,371: [GC (Allocation Failure) [PSYoungGen: 48736K->96K(58880K)] 50564K->1924K(233984K), 0,0004631 secs] [Times: user=0,00 sys=0,00, real=0,00 secs] 
50,436: [GC (Allocation Failure) [PSYoungGen: 58464K->96K(57856K)] 60292K->1924K(232960K), 0,0005256 secs] [Times: user=0,00 sys=0,00, real=0,00 secs] 
50,500: [GC (Allocation Failure) [PSYoungGen: 57440K->96K(56832K)] 59268K->1924K(231936K), 0,0005608 secs] [Times: user=0,00 sys=0,00, real=0,01 secs] 
50,564: [GC (Allocation Failure) [PSYoungGen: 56416K->32K(55808K)] 58244K->1860K(230912K), 0,0005431 secs] [Times: user=0,00 sys=0,00, real=0,00 secs] 
50,625: [GC (Allocation Failure) [PSYoungGen: 55327K->96K(54784K)] 57156K->1924K(229888K), 0,0005426 secs] [Times: user=0,00 sys=0,00, real=0,00 secs] 
50,686: [GC (Allocation Failure) [PSYoungGen: 54368K->64K(53760K)] 56196K->1892K(228864K), 0,0005586 secs] [Times: user=0,00 sys=0,00, real=0,00 secs] 
50,745: [GC (Allocation Failure) [PSYoungGen: 53312K->96K(52736K)] 55140K->1924K(227840K), 0,0005134 secs] [Times: user=0,00 sys=0,00, real=0,00 secs] 
50,803: [GC (Allocation Failure) [PSYoungGen: 52320K->96K(51712K)] 54148K->1924K(226816K), 0,0005186 secs] [Times: user=0,00 sys=0,00, real=0,00 secs] 
50,861: [GC (Allocation Failure) [PSYoungGen: 51296K->96K(50688K)] 53124K->1924K(225792K), 0,0005870 secs] [Times: user=0,00 sys=0,00, real=0,00 secs] 
50,916: [GC (Allocation Failure) [PSYoungGen: 50272K->96K(49664K)] 52100K->1924K(224768K), 0,0005273 secs] [Times: user=0,00 sys=0,00, real=0,00 secs] 
50,970: [GC (Allocation Failure) [PSYoungGen: 49248K->96K(48640K)] 51076K->1924K(223744K), 0,0005096 secs] [Times: user=0,00 sys=0,00, real=0,00 secs] 
51,022: [GC (Allocation Failure) [PSYoungGen: 48224K->96K(48128K)] 50052K->1924K(223232K), 0,0005067 secs] [Times: user=0,00 sys=0,00, real=0,00 secs] 
51,074: [GC (Allocation Failure) [PSYoungGen: 47712K->64K(47616K)] 49540K->1892K(222720K), 0,0004965 secs] [Times: user=0,00 sys=0,00, real=0,00 secs] 
51,125: [GC (Allocation Failure) [PSYoungGen: 47168K->96K(47104K)] 48996K->1924K(222208K), 0,0004930 secs] [Times: user=0,00 sys=0,00, real=0,00 secs] 
51,176: [GC (Allocation Failure) [PSYoungGen: 46688K->96K(46592K)] 48516K->1924K(221696K), 0,0004905 secs] [Times: user=0,00 sys=0,00, real=0,00 secs] 
51,226: [GC (Allocation Failure) [PSYoungGen: 46176K->96K(46080K)] 48004K->1924K(221184K), 0,0005028 secs] [Times: user=0,00 sys=0,00, real=0,00 secs] 
51,275: [GC (Allocation Failure) [PSYoungGen: 45664K->64K(55296K)] 47492K->1892K(230400K), 0,0010363 secs] [Times: user=0,01 sys=0,00, real=0,00 secs] 
51,335: [GC (Allocation Failure) [PSYoungGen: 54848K->96K(66560K)] 56676K->1924K(241664K), 0,0004996 secs] [Times: user=0,01 sys=0,00, real=0,00 secs] 
51,406: [GC (Allocation Failure) [PSYoungGen: 66144K->64K(65024K)] 67972K->1892K(240128K), 0,0006285 secs] [Times: user=0,00 sys=0,00, real=0,00 secs] 
51,476: [GC (Allocation Failure) [PSYoungGen: 64576K->96K(63488K)] 66404K->1924K(238592K), 0,0005095 secs] [Times: user=0,00 sys=0,00, real=0,00 secs] 
51,544: [GC (Allocation Failure) [PSYoungGen: 63072K->96K(61952K)] 64900K->1924K(237056K), 0,0005304 secs] [Times: user=0,00 sys=0,00, real=0,00 secs] 
51,611: [GC (Allocation Failure) [PSYoungGen: 61536K->96K(60928K)] 63364K->1924K(236032K), 0,0005110 secs] [Times: user=0,00 sys=0,00, real=0,00 secs] 
51,676: [GC (Allocation Failure) [PSYoungGen: 60512K->96K(59904K)] 62340K->1924K(235008K), 0,0005880 secs] [Times: user=0,00 sys=0,00, real=0,00 secs] 
51,740: [GC (Allocation Failure) [PSYoungGen: 59488K->64K(58880K)] 61316K->1892K(233984K), 0,0008616 secs] [Times: user=0,00 sys=0,00, real=0,01 secs] 
51,804: [GC (Allocation Failure) [PSYoungGen: 58432K->96K(57856K)] 60260K->1924K(232960K), 0,0005016 secs] [Times: user=0,01 sys=0,00, real=0,00 secs] 
51,866: [GC (Allocation Failure) [PSYoungGen: 57440K->96K(56832K)] 59268K->1924K(231936K), 0,0004837 secs] [Times: user=0,00 sys=0,00, real=0,00 secs] 
51,929: [GC (Allocation Failure) [PSYoungGen: 56416K->96K(55808K)] 58244K->1924K(230912K), 0,0004960 secs] [Times: user=0,00 sys=0,00, real=0,00 secs] 
51,990: [GC (Allocation Failure) [PSYoungGen: 55392K->96K(54784K)] 57220K->1924K(229888K), 0,0005140 secs] [Times: user=0,00 sys=0,00, real=0,00 secs] 
52,049: [GC (Allocation Failure) [PSYoungGen: 54368K->96K(53760K)] 56196K->1924K(228864K), 0,0005771 secs] [Times: user=0,00 sys=0,00, real=0,00 secs] 
52,107: [GC (Allocation Failure) [PSYoungGen: 53344K->96K(52736K)] 55172K->1924K(227840K), 0,0005109 secs] [Times: user=0,00 sys=0,00, real=0,00 secs] 
52,163: [GC (Allocation Failure) [PSYoungGen: 52320K->32K(51712K)] 54148K->1860K(226816K), 0,0005326 secs] [Times: user=0,00 sys=0,00, real=0,00 secs] 
52,219: [GC (Allocation Failure) [PSYoungGen: 51232K->96K(50688K)] 53060K->1924K(225792K), 0,0004870 secs] [Times: user=0,00 sys=0,00, real=0,00 secs] 
52,273: [GC (Allocation Failure) [PSYoungGen: 50272K->64K(49664K)] 52100K->1892K(224768K), 0,0005404 secs] [Times: user=0,00 sys=0,00, real=0,00 secs] 
52,327: [GC (Allocation Failure) [PSYoungGen: 49216K->96K(48640K)] 51044K->1924K(223744K), 0,0005073 secs] [Times: user=0,00 sys=0,00, real=0,00 secs] 
52,378: [GC (Allocation Failure) [PSYoungGen: 48224K->64K(48128K)] 50052K->1892K(223232K), 0,0005845 secs] [Times: user=0,00 sys=0,00, real=0,00 secs] 
52,430: [GC (Allocation Failure) [PSYoungGen: 47680K->96K(47616K)] 49508K->1924K(222720K), 0,0005090 secs] [Times: user=0,00 sys=0,00, real=0,00 secs] 
52,481: [GC (Allocation Failure) [PSYoungGen: 47200K->96K(47104K)] 49028K->1924K(222208K), 0,0004222 secs] [Times: user=0,01 sys=0,00, real=0,00 secs] 
52,532: [GC (Allocation Failure) [PSYoungGen: 46688K->96K(46592K)] 48516K->1924K(221696K), 0,0006407 secs] [Times: user=0,00 sys=0,00, real=0,00 secs] 
52,584: [GC (Allocation Failure) [PSYoungGen: 46176K->64K(46080K)] 48004K->1892K(221184K), 0,0004530 secs] [Times: user=0,00 sys=0,00, real=0,00 secs] 
52,634: [GC (Allocation Failure) [PSYoungGen: 45632K->64K(45568K)] 47460K->1892K(220672K), 0,0006967 secs] [Times: user=0,00 sys=0,00, real=0,00 secs] 
52,682: [GC (Allocation Failure) [PSYoungGen: 45120K->96K(45056K)] 46948K->1924K(220160K), 0,0004115 secs] [Times: user=0,00 sys=0,00, real=0,00 secs] 
52,731: [GC (Allocation Failure) [PSYoungGen: 44640K->64K(44544K)] 46468K->1892K(219648K), 0,0006154 secs] [Times: user=0,01 sys=0,00, real=0,00 secs] 
52,778: [GC (Allocation Failure) [PSYoungGen: 44096K->64K(53760K)] 45924K->1892K(228864K), 0,0008570 secs] [Times: user=0,00 sys=0,00, real=0,00 secs] 
52,836: [GC (Allocation Failure) [PSYoungGen: 53312K->64K(64512K)] 55140K->1892K(239616K), 0,0005968 secs] [Times: user=0,00 sys=0,00, real=0,00 secs] 
52,907: [GC (Allocation Failure) [PSYoungGen: 64064K->96K(62976K)] 65892K->1924K(238080K), 0,0005469 secs] [Times: user=0,00 sys=0,00, real=0,00 secs] 
52,975: [GC (Allocation Failure) [PSYoungGen: 62560K->96K(61952K)] 64388K->1924K(237056K), 0,0005204 secs] [Times: user=0,00 sys=0,00, real=0,00 secs] 
53,042: [GC (Allocation Failure) [PSYoungGen: 61536K->96K(60928K)] 63364K->1924K(236032K), 0,0005146 secs] [Times: user=0,00 sys=0,00, real=0,00 secs] 
53,108: [GC (Allocation Failure) [PSYoungGen: 60512K->96K(59904K)] 62340K->1924K(235008K), 0,0005579 secs] [Times: user=0,00 sys=0,00, real=0,00 secs] 
53,172: [GC (Allocation Failure) [PSYoungGen: 59488K->96K(58880K)] 61316K->1924K(233984K), 0,0005130 secs] [Times: user=0,00 sys=0,00, real=0,00 secs] 
53,235: [GC (Allocation Failure) [PSYoungGen: 58464K->32K(57856K)] 60292K->1860K(232960K), 0,0005177 secs] [Times: user=0,00 sys=0,00, real=0,00 secs] 
53,297: [GC (Allocation Failure) [PSYoungGen: 57376K->64K(56832K)] 59204K->1892K(231936K), 0,0005475 secs] [Times: user=0,00 sys=0,00, real=0,00 secs] 
53,359: [GC (Allocation Failure) [PSYoungGen: 56384K->96K(55808K)] 58212K->1924K(230912K), 0,0007590 secs] [Times: user=0,01 sys=0,00, real=0,00 secs] 
53,419: [GC (Allocation Failure) [PSYoungGen: 55392K->96K(54784K)] 57220K->1924K(229888K), 0,0004977 secs] [Times: user=0,01 sys=0,00, real=0,00 secs] 
53,478: [GC (Allocation Failure) [PSYoungGen: 54368K->96K(53760K)] 56196K->1924K(228864K), 0,0007481 secs] [Times: user=0,01 sys=0,00, real=0,00 secs] 
53,536: [GC (Allocation Failure) [PSYoungGen: 53344K->96K(52736K)] 55172K->1924K(227840K), 0,0005122 secs] [Times: user=0,00 sys=0,00, real=0,00 secs] 
53,593: [GC (Allocation Failure) [PSYoungGen: 52320K->96K(51712K)] 54148K->1924K(226816K), 0,0004614 secs] [Times: user=0,00 sys=0,00, real=0,00 secs] 
53,648: [GC (Allocation Failure) [PSYoungGen: 51296K->96K(50688K)] 53124K->1924K(225792K), 0,0005042 secs] [Times: user=0,01 sys=0,00, real=0,00 secs] 
53,702: [GC (Allocation Failure) [PSYoungGen: 50272K->96K(49664K)] 52100K->1924K(224768K), 0,0004969 secs] [Times: user=0,00 sys=0,00, real=0,00 secs] 
53,756: [GC (Allocation Failure) [PSYoungGen: 49248K->96K(48640K)] 51076K->1924K(223744K), 0,0004247 secs] [Times: user=0,00 sys=0,00, real=0,00 secs] 
53,808: [GC (Allocation Failure) [PSYoungGen: 48224K->96K(48128K)] 50052K->1924K(223232K), 0,0004948 secs] [Times: user=0,01 sys=0,00, real=0,00 secs] 
53,859: [GC (Allocation Failure) [PSYoungGen: 47712K->96K(47616K)] 49540K->1924K(222720K), 0,0004389 secs] [Times: user=0,00 sys=0,00, real=0,00 secs] 
53,912: [GC (Allocation Failure) [PSYoungGen: 47200K->64K(47104K)] 49028K->1892K(222208K), 0,0005325 secs] [Times: user=0,00 sys=0,00, real=0,00 secs] 
53,963: [GC (Allocation Failure) [PSYoungGen: 46656K->64K(46592K)] 48484K->1892K(221696K), 0,0005671 secs] [Times: user=0,00 sys=0,00, real=0,00 secs] 
54,013: [GC (Allocation Failure) [PSYoungGen: 46144K->96K(46080K)] 47972K->1924K(221184K), 0,0004212 secs] [Times: user=0,00 sys=0,00, real=0,00 secs] 
54,063: [GC (Allocation Failure) [PSYoungGen: 45664K->64K(45568K)] 47492K->1892K(220672K), 0,0005047 secs] [Times: user=0,00 sys=0,00, real=0,00 secs] 
54,112: [GC (Allocation Failure) [PSYoungGen: 45120K->96K(45056K)] 46948K->1924K(220160K), 0,0005039 secs] [Times: user=0,00 sys=0,00, real=0,00 secs] 
54,161: [GC (Allocation Failure) [PSYoungGen: 44640K->96K(44544K)] 46468K->1924K(219648K), 0,0004942 secs] [Times: user=0,00 sys=0,00, real=0,00 secs] 
54,209: [GC (Allocation Failure) [PSYoungGen: 44128K->96K(44032K)] 45956K->1924K(219136K), 0,0005030 secs] [Times: user=0,00 sys=0,00, real=0,00 secs] 
54,256: [GC (Allocation Failure) [PSYoungGen: 43616K->96K(43520K)] 45444K->1924K(218624K), 0,0004230 secs] [Times: user=0,00 sys=0,00, real=0,00 secs] 
54,303: [GC (Allocation Failure) [PSYoungGen: 43104K->96K(43008K)] 44932K->1924K(218112K), 0,0004212 secs] [Times: user=0,00 sys=0,00, real=0,00 secs] 
54,349: [GC (Allocation Failure) [PSYoungGen: 42592K->96K(42496K)] 44420K->1924K(217600K), 0,0005088 secs] [Times: user=0,00 sys=0,00, real=0,00 secs] 
54,395: [GC (Allocation Failure) [PSYoungGen: 42080K->96K(41984K)] 43908K->1924K(217088K), 0,0004262 secs] [Times: user=0,00 sys=0,00, real=0,00 secs] 
54,440: [GC (Allocation Failure) [PSYoungGen: 41568K->96K(41472K)] 43396K->1924K(216576K), 0,0004205 secs] [Times: user=0,00 sys=0,00, real=0,00 secs] 
54,484: [GC (Allocation Failure) [PSYoungGen: 41056K->96K(40960K)] 42884K->1924K(216064K), 0,0004098 secs] [Times: user=0,00 sys=0,00, real=0,00 secs] 
54,529: [GC (Allocation Failure) [PSYoungGen: 40544K->96K(40448K)] 42372K->1924K(215552K), 0,0005630 secs] [Times: user=0,00 sys=0,00, real=0,00 secs] 
54,574: [GC (Allocation Failure) [PSYoungGen: 40032K->64K(39936K)] 41860K->1892K(215040K), 0,0005150 secs] [Times: user=0,00 sys=0,00, real=0,00 secs] 
54,617: [GC (Allocation Failure) [PSYoungGen: 39488K->96K(48128K)] 41316K->1924K(223232K), 0,0006307 secs] [Times: user=0,00 sys=0,00, real=0,00 secs] 
54,669: [GC (Allocation Failure) [PSYoungGen: 47712K->96K(47616K)] 49540K->1924K(222720K), 0,0004975 secs] [Times: user=0,00 sys=0,00, real=0,00 secs] 
54,720: [GC (Allocation Failure) [PSYoungGen: 47200K->96K(47104K)] 49028K->1924K(222208K), 0,0005425 secs] [Times: user=0,00 sys=0,00, real=0,00 secs] 
54,770: [GC (Allocation Failure) [PSYoungGen: 46688K->96K(46592K)] 48516K->1924K(221696K), 0,0004009 secs] [Times: user=0,00 sys=0,00, real=0,01 secs] 
54,820: [GC (Allocation Failure) [PSYoungGen: 46176K->96K(46080K)] 48004K->1924K(221184K), 0,0005073 secs] [Times: user=0,00 sys=0,00, real=0,01 secs] 
54,869: [GC (Allocation Failure) [PSYoungGen: 45664K->96K(45568K)] 47492K->1924K(220672K), 0,0004924 secs] [Times: user=0,00 sys=0,00, real=0,00 secs] 
54,920: [GC (Allocation Failure) [PSYoungGen: 45152K->96K(45056K)] 46980K->1924K(220160K), 0,0005327 secs] [Times: user=0,00 sys=0,00, real=0,00 secs] 
54,968: [GC (Allocation Failure) [PSYoungGen: 44640K->96K(44544K)] 46468K->1924K(219648K), 0,0004944 secs] [Times: user=0,00 sys=0,00, real=0,00 secs] 
55,016: [GC (Allocation Failure) [PSYoungGen: 44128K->96K(44032K)] 45956K->1924K(219136K), 0,0005449 secs] [Times: user=0,00 sys=0,00, real=0,00 secs] 
55,064: [GC (Allocation Failure) [PSYoungGen: 43616K->96K(43520K)] 45444K->1924K(218624K), 0,0005035 secs] [Times: user=0,01 sys=0,00, real=0,00 secs] 
55,111: [GC (Allocation Failure) [PSYoungGen: 43104K->96K(43008K)] 44932K->1924K(218112K), 0,0004100 secs] [Times: user=0,00 sys=0,00, real=0,00 secs] 
55,157: [GC (Allocation Failure) [PSYoungGen: 42592K->32K(42496K)] 44420K->1860K(217600K), 0,0004776 secs] [Times: user=0,00 sys=0,00, real=0,00 secs] 
55,202: [GC (Allocation Failure) [PSYoungGen: 42016K->96K(41984K)] 43844K->1924K(217088K), 0,0004133 secs] [Times: user=0,00 sys=0,00, real=0,00 secs] 
55,247: [GC (Allocation Failure) [PSYoungGen: 41568K->96K(41472K)] 43396K->1924K(216576K), 0,0004166 secs] [Times: user=0,00 sys=0,00, real=0,00 secs] 
55,292: [GC (Allocation Failure) [PSYoungGen: 41056K->64K(40960K)] 42884K->1892K(216064K), 0,0005652 secs] [Times: user=0,00 sys=0,00, real=0,00 secs] 
55,336: [GC (Allocation Failure) [PSYoungGen: 40512K->64K(40448K)] 42340K->1892K(215552K), 0,0005088 secs] [Times: user=0,00 sys=0,00, real=0,00 secs] 
55,379: [GC (Allocation Failure) [PSYoungGen: 40000K->96K(39936K)] 41828K->1924K(215040K), 0,0004013 secs] [Times: user=0,00 sys=0,00, real=0,00 secs] 
55,422: [GC (Allocation Failure) [PSYoungGen: 39520K->96K(39424K)] 41348K->1924K(214528K), 0,0004017 secs] [Times: user=0,01 sys=0,00, real=0,00 secs] 
55,464: [GC (Allocation Failure) [PSYoungGen: 39008K->64K(38912K)] 40836K->1892K(214016K), 0,0004154 secs] [Times: user=0,00 sys=0,00, real=0,00 secs] 
55,506: [GC (Allocation Failure) [PSYoungGen: 38464K->96K(38400K)] 40292K->1924K(213504K), 0,0004197 secs] [Times: user=0,00 sys=0,00, real=0,00 secs] 
55,547: [GC (Allocation Failure) [PSYoungGen: 37984K->64K(37888K)] 39812K->1892K(212992K), 0,0004105 secs] [Times: user=0,00 sys=0,00, real=0,00 secs] 
55,588: [GC (Allocation Failure) [PSYoungGen: 37440K->96K(37376K)] 39268K->1924K(212480K), 0,0004053 secs] [Times: user=0,00 sys=0,00, real=0,00 secs] 
55,628: [GC (Allocation Failure) [PSYoungGen: 36960K->96K(36864K)] 38788K->1924K(211968K), 0,0005018 secs] [Times: user=0,00 sys=0,00, real=0,00 secs] 
55,668: [GC (Allocation Failure) [PSYoungGen: 36448K->96K(36352K)] 38276K->1924K(211456K), 0,0004152 secs] [Times: user=0,00 sys=0,00, real=0,00 secs] 
55,707: [GC (Allocation Failure) [PSYoungGen: 35936K->64K(43520K)] 37764K->1892K(218624K), 0,0007366 secs] [Times: user=0,00 sys=0,00, real=0,00 secs] 
55,754: [GC (Allocation Failure) [PSYoungGen: 43072K->32K(52224K)] 44900K->1860K(227328K), 0,0006110 secs] [Times: user=0,00 sys=0,00, real=0,00 secs] 
55,810: [GC (Allocation Failure) [PSYoungGen: 51744K->96K(62976K)] 53572K->1924K(238080K), 0,0005362 secs] [Times: user=0,00 sys=0,00, real=0,00 secs] 
55,877: [GC (Allocation Failure) [PSYoungGen: 62560K->96K(61952K)] 64388K->1924K(237056K), 0,0004949 secs] [Times: user=0,00 sys=0,00, real=0,00 secs] 
55,946: [GC (Allocation Failure) [PSYoungGen: 61536K->64K(74240K)] 63364K->1892K(249344K), 0,0010207 secs] [Times: user=0,00 sys=0,00, real=0,00 secs] 
56,027: [GC (Allocation Failure) [PSYoungGen: 73792K->96K(72704K)] 75620K->1924K(247808K), 0,0005181 secs] [Times: user=0,00 sys=0,00, real=0,00 secs] 
56,105: [GC (Allocation Failure) [PSYoungGen: 72287K->96K(71168K)] 74115K->1924K(246272K), 0,0004973 secs] [Times: user=0,00 sys=0,00, real=0,00 secs] 
56,181: [GC (Allocation Failure) [PSYoungGen: 70752K->64K(69632K)] 72580K->1892K(244736K), 0,0005113 secs] [Times: user=0,00 sys=0,00, real=0,00 secs] 
56,256: [GC (Allocation Failure) [PSYoungGen: 69184K->96K(68096K)] 71012K->1924K(243200K), 0,0005680 secs] [Times: user=0,00 sys=0,00, real=0,00 secs] 
56,328: [GC (Allocation Failure) [PSYoungGen: 67680K->96K(66560K)] 69508K->1924K(241664K), 0,0005052 secs] [Times: user=0,00 sys=0,00, real=0,00 secs] 
56,400: [GC (Allocation Failure) [PSYoungGen: 66144K->96K(65024K)] 67972K->1924K(240128K), 0,0004993 secs] [Times: user=0,00 sys=0,00, real=0,00 secs] 
56,470: [GC (Allocation Failure) [PSYoungGen: 64608K->96K(63488K)] 66436K->1924K(238592K), 0,0007477 secs] [Times: user=0,00 sys=0,00, real=0,00 secs] 
56,537: [GC (Allocation Failure) [PSYoungGen: 63072K->96K(61952K)] 64900K->1924K(237056K), 0,0004973 secs] [Times: user=0,00 sys=0,00, real=0,00 secs] 
56,609: [GC (Allocation Failure) [PSYoungGen: 61536K->96K(60928K)] 63364K->1924K(236032K), 0,0005089 secs] [Times: user=0,00 sys=0,00, real=0,00 secs] 
56,674: [GC (Allocation Failure) [PSYoungGen: 60512K->96K(59904K)] 62340K->1924K(235008K), 0,0004958 secs] [Times: user=0,00 sys=0,00, real=0,00 secs] 
56,738: [GC (Allocation Failure) [PSYoungGen: 59488K->96K(58880K)] 61316K->1924K(233984K), 0,0005408 secs] [Times: user=0,00 sys=0,00, real=0,00 secs] 
56,802: [GC (Allocation Failure) [PSYoungGen: 58464K->96K(57856K)] 60292K->1924K(232960K), 0,0004940 secs] [Times: user=0,00 sys=0,00, real=0,00 secs] 
56,864: [GC (Allocation Failure) [PSYoungGen: 57440K->96K(56832K)] 59268K->1924K(231936K), 0,0004981 secs] [Times: user=0,00 sys=0,00, real=0,00 secs] 
56,926: [GC (Allocation Failure) [PSYoungGen: 56416K->96K(55808K)] 58244K->1924K(230912K), 0,0005440 secs] [Times: user=0,01 sys=0,00, real=0,00 secs] 
56,989: [GC (Allocation Failure) [PSYoungGen: 55392K->96K(54784K)] 57220K->1924K(229888K), 0,0005655 secs] [Times: user=0,00 sys=0,00, real=0,00 secs] 
57,050: [GC (Allocation Failure) [PSYoungGen: 54368K->32K(53760K)] 56196K->1860K(228864K), 0,0005435 secs] [Times: user=0,00 sys=0,00, real=0,00 secs] 
57,110: [GC (Allocation Failure) [PSYoungGen: 53280K->96K(52736K)] 55108K->1924K(227840K), 0,0005203 secs] [Times: user=0,00 sys=0,00, real=0,01 secs] 
57,168: [GC (Allocation Failure) [PSYoungGen: 52320K->96K(51712K)] 54148K->1924K(226816K), 0,0005138 secs] [Times: user=0,00 sys=0,00, real=0,00 secs] 
57,226: [GC (Allocation Failure) [PSYoungGen: 51296K->128K(50688K)] 53124K->1956K(225792K), 0,0004923 secs] [Times: user=0,01 sys=0,00, real=0,00 secs] 
57,282: [GC (Allocation Failure) [PSYoungGen: 50304K->96K(49664K)] 52132K->1924K(224768K), 0,0005046 secs] [Times: user=0,00 sys=0,00, real=0,00 secs] 
57,337: [GC (Allocation Failure) [PSYoungGen: 49248K->96K(48640K)] 51076K->1924K(223744K), 0,0005092 secs] [Times: user=0,00 sys=0,00, real=0,00 secs] 
57,390: [GC (Allocation Failure) [PSYoungGen: 48224K->96K(48128K)] 50052K->1924K(223232K), 0,0005023 secs] [Times: user=0,00 sys=0,00, real=0,01 secs] 
57,447: [GC (Allocation Failure) [PSYoungGen: 47712K->96K(47616K)] 49540K->1924K(222720K), 0,0005132 secs] [Times: user=0,00 sys=0,00, real=0,00 secs] 
57,500: [GC (Allocation Failure) [PSYoungGen: 47200K->96K(47104K)] 49028K->1924K(222208K), 0,0004162 secs] [Times: user=0,00 sys=0,00, real=0,00 secs] 
57,551: [GC (Allocation Failure) [PSYoungGen: 46688K->96K(46592K)] 48516K->1924K(221696K), 0,0004604 secs] [Times: user=0,00 sys=0,00, real=0,00 secs] 
57,603: [GC (Allocation Failure) [PSYoungGen: 46176K->96K(46080K)] 48004K->1924K(221184K), 0,0005164 secs] [Times: user=0,00 sys=0,00, real=0,00 secs] 
57,654: [GC (Allocation Failure) [PSYoungGen: 45664K->96K(45568K)] 47492K->1924K(220672K), 0,0005029 secs] [Times: user=0,00 sys=0,00, real=0,00 secs] 
57,704: [GC (Allocation Failure) [PSYoungGen: 45151K->96K(45056K)] 46980K->1924K(220160K), 0,0004086 secs] [Times: user=0,00 sys=0,00, real=0,00 secs] 
57,754: [GC (Allocation Failure) [PSYoungGen: 44640K->96K(44544K)] 46468K->1924K(219648K), 0,0004094 secs] [Times: user=0,00 sys=0,00, real=0,00 secs] 
57,804: [GC (Allocation Failure) [PSYoungGen: 44128K->96K(44032K)] 45956K->1924K(219136K), 0,0005089 secs] [Times: user=0,00 sys=0,00, real=0,00 secs] 
57,853: [GC (Allocation Failure) [PSYoungGen: 43616K->96K(43520K)] 45444K->1924K(218624K), 0,0005161 secs] [Times: user=0,01 sys=0,00, real=0,00 secs] 
57,902: [GC (Allocation Failure) [PSYoungGen: 43104K->64K(52224K)] 44932K->1892K(227328K), 0,0010975 secs] [Times: user=0,01 sys=0,00, real=0,00 secs] 
57,960: [GC (Allocation Failure) [PSYoungGen: 51776K->96K(62976K)] 53604K->1924K(238080K), 0,0005355 secs] [Times: user=0,00 sys=0,00, real=0,01 secs] 
58,030: [GC (Allocation Failure) [PSYoungGen: 62560K->96K(61952K)] 64388K->1924K(237056K), 0,0005466 secs] [Times: user=0,00 sys=0,00, real=0,01 secs] 
58,099: [GC (Allocation Failure) [PSYoungGen: 61536K->64K(60928K)] 63364K->1892K(236032K), 0,0005196 secs] [Times: user=0,00 sys=0,00, real=0,00 secs] 
58,166: [GC (Allocation Failure) [PSYoungGen: 60479K->96K(59904K)] 62308K->1924K(235008K), 0,0005507 secs] [Times: user=0,00 sys=0,00, real=0,00 secs] 
58,233: [GC (Allocation Failure) [PSYoungGen: 59488K->64K(58880K)] 61316K->1892K(233984K), 0,0005111 secs] [Times: user=0,00 sys=0,00, real=0,00 secs] 
58,298: [GC (Allocation Failure) [PSYoungGen: 58432K->96K(57856K)] 60260K->1924K(232960K), 0,0005487 secs] [Times: user=0,00 sys=0,00, real=0,00 secs] 
58,362: [GC (Allocation Failure) [PSYoungGen: 57440K->96K(56832K)] 59268K->1924K(231936K), 0,0005036 secs] [Times: user=0,00 sys=0,00, real=0,00 secs] 
58,425: [GC (Allocation Failure) [PSYoungGen: 56416K->64K(68096K)] 58244K->1892K(243200K), 0,0012169 secs] [Times: user=0,00 sys=0,00, real=0,00 secs] 
58,501: [GC (Allocation Failure) [PSYoungGen: 67648K->96K(66560K)] 69476K->1924K(241664K), 0,0005250 secs] [Times: user=0,01 sys=0,00, real=0,00 secs] 
58,575: [GC (Allocation Failure) [PSYoungGen: 66144K->96K(65024K)] 67972K->1924K(240128K), 0,0005227 secs] [Times: user=0,00 sys=0,00, real=0,00 secs] 
58,647: [GC (Allocation Failure) [PSYoungGen: 64608K->96K(63488K)] 66436K->1924K(238592K), 0,0005149 secs] [Times: user=0,00 sys=0,00, real=0,00 secs] 
58,717: [GC (Allocation Failure) [PSYoungGen: 63072K->96K(61952K)] 64900K->1924K(237056K), 0,0005467 secs] [Times: user=0,00 sys=0,00, real=0,00 secs] 
58,786: [GC (Allocation Failure) [PSYoungGen: 61536K->96K(60928K)] 63364K->1924K(236032K), 0,0005421 secs] [Times: user=0,00 sys=0,00, real=0,00 secs] 
58,853: [GC (Allocation Failure) [PSYoungGen: 60512K->96K(59904K)] 62340K->1924K(235008K), 0,0005412 secs] [Times: user=0,00 sys=0,00, real=0,00 secs] 
58,921: [GC (Allocation Failure) [PSYoungGen: 59488K->64K(58880K)] 61316K->1892K(233984K), 0,0005304 secs] [Times: user=0,00 sys=0,00, real=0,00 secs] 
58,987: [GC (Allocation Failure) [PSYoungGen: 58432K->96K(57856K)] 60260K->1924K(232960K), 0,0005592 secs] [Times: user=0,00 sys=0,00, real=0,00 secs] 
59,051: [GC (Allocation Failure) [PSYoungGen: 57440K->96K(56832K)] 59268K->1924K(231936K), 0,0005760 secs] [Times: user=0,00 sys=0,00, real=0,00 secs] 
59,115: [GC (Allocation Failure) [PSYoungGen: 56416K->64K(55808K)] 58244K->1892K(230912K), 0,0005538 secs] [Times: user=0,00 sys=0,00, real=0,00 secs] 
59,177: [GC (Allocation Failure) [PSYoungGen: 55360K->96K(54784K)] 57188K->1924K(229888K), 0,0005041 secs] [Times: user=0,00 sys=0,00, real=0,00 secs] 
59,238: [GC (Allocation Failure) [PSYoungGen: 54368K->96K(53760K)] 56196K->1924K(228864K), 0,0005184 secs] [Times: user=0,00 sys=0,00, real=0,00 secs] 
59,297: [GC (Allocation Failure) [PSYoungGen: 53344K->96K(52736K)] 55172K->1924K(227840K), 0,0005126 secs] [Times: user=0,00 sys=0,00, real=0,00 secs] 
59,355: [GC (Allocation Failure) [PSYoungGen: 52320K->96K(51712K)] 54148K->1924K(226816K), 0,0006176 secs] [Times: user=0,00 sys=0,00, real=0,00 secs] 
59,413: [GC (Allocation Failure) [PSYoungGen: 51296K->96K(50688K)] 53124K->1924K(225792K), 0,0005150 secs] [Times: user=0,00 sys=0,00, real=0,00 secs] 
59,469: [GC (Allocation Failure) [PSYoungGen: 50272K->64K(49664K)] 52100K->1892K(224768K), 0,0005806 secs] [Times: user=0,00 sys=0,00, real=0,00 secs] 
59,525: [GC (Allocation Failure) [PSYoungGen: 49216K->96K(48640K)] 51044K->1924K(223744K), 0,0005287 secs] [Times: user=0,00 sys=0,00, real=0,00 secs] 
59,580: [GC (Allocation Failure) [PSYoungGen: 48224K->96K(48128K)] 50052K->1924K(223232K), 0,0005253 secs] [Times: user=0,00 sys=0,00, real=0,01 secs] 
59,633: [GC (Allocation Failure) [PSYoungGen: 47712K->96K(47616K)] 49540K->1924K(222720K), 0,0004999 secs] [Times: user=0,00 sys=0,00, real=0,00 secs] 
59,686: [GC (Allocation Failure) [PSYoungGen: 47200K->96K(47104K)] 49028K->1924K(222208K), 0,0005170 secs] [Times: user=0,00 sys=0,00, real=0,00 secs] 
59,738: [GC (Allocation Failure) [PSYoungGen: 46688K->96K(46592K)] 48516K->1924K(221696K), 0,0004186 secs] [Times: user=0,00 sys=0,00, real=0,00 secs] 
59,789: [GC (Allocation Failure) [PSYoungGen: 46176K->96K(46080K)] 48004K->1924K(221184K), 0,0005229 secs] [Times: user=0,00 sys=0,00, real=0,00 secs] 
59,840: [GC (Allocation Failure) [PSYoungGen: 45664K->64K(45568K)] 47492K->1892K(220672K), 0,0005510 secs] [Times: user=0,00 sys=0,00, real=0,00 secs] 
59,891: [GC (Allocation Failure) [PSYoungGen: 45120K->64K(45056K)] 46948K->1892K(220160K), 0,0005029 secs] [Times: user=0,00 sys=0,00, real=0,00 secs] 
59,942: [GC (Allocation Failure) [PSYoungGen: 44608K->96K(44544K)] 46436K->1924K(219648K), 0,0006354 secs] [Times: user=0,00 sys=0,00, real=0,00 secs] 
59,992: [GC (Allocation Failure) [PSYoungGen: 44128K->96K(44032K)] 45956K->1924K(219136K), 0,0005050 secs] [Times: user=0,00 sys=0,00, real=0,00 secs] 
60,042: [GC (Allocation Failure) [PSYoungGen: 43616K->96K(43520K)] 45444K->1924K(218624K), 0,0005020 secs] [Times: user=0,00 sys=0,00, real=0,00 secs] 
60,091: [GC (Allocation Failure) [PSYoungGen: 43104K->64K(52224K)] 44932K->1892K(227328K), 0,0007472 secs] [Times: user=0,00 sys=0,00, real=0,00 secs] 
60,150: [GC (Allocation Failure) [PSYoungGen: 51776K->96K(51200K)] 53604K->1924K(226304K), 0,0005123 secs] [Times: user=0,00 sys=0,00, real=0,00 secs] 
60,207: [GC (Allocation Failure) [PSYoungGen: 50784K->96K(50176K)] 52612K->1924K(225280K), 0,0005114 secs] [Times: user=0,00 sys=0,00, real=0,00 secs] 
60,262: [GC (Allocation Failure) [PSYoungGen: 49760K->96K(49152K)] 51588K->1924K(224256K), 0,0004934 secs] [Times: user=0,00 sys=0,00, real=0,00 secs] 
60,316: [GC (Allocation Failure) [PSYoungGen: 48736K->160K(48128K)] 50564K->1988K(223232K), 0,0004199 secs] [Times: user=0,00 sys=0,00, real=0,00 secs] 
60,368: [GC (Allocation Failure) [PSYoungGen: 47776K->96K(47616K)] 49604K->1956K(222720K), 0,0004614 secs] [Times: user=0,00 sys=0,00, real=0,00 secs] 
60,419: [GC (Allocation Failure) [PSYoungGen: 47200K->96K(47104K)] 49060K->1956K(222208K), 0,0004991 secs] [Times: user=0,00 sys=0,00, real=0,00 secs] 
60,470: [GC (Allocation Failure) [PSYoungGen: 46688K->96K(46592K)] 48548K->1956K(221696K), 0,0004813 secs] [Times: user=0,00 sys=0,00, real=0,01 secs] 
60,520: [GC (Allocation Failure) [PSYoungGen: 46176K->96K(46080K)] 48036K->1956K(221184K), 0,0004078 secs] [Times: user=0,00 sys=0,00, real=0,01 secs] 
60,569: [GC (Allocation Failure) [PSYoungGen: 45664K->96K(55296K)] 47524K->1956K(230400K), 0,0008106 secs] [Times: user=0,00 sys=0,00, real=0,00 secs] 
60,629: [GC (Allocation Failure) [PSYoungGen: 54880K->96K(54272K)] 56740K->1956K(229376K), 0,0004984 secs] [Times: user=0,00 sys=0,00, real=0,00 secs] 
60,688: [GC (Allocation Failure) [PSYoungGen: 53856K->96K(53248K)] 55716K->1956K(228352K), 0,0004088 secs] [Times: user=0,00 sys=0,00, real=0,00 secs] 
60,745: [GC (Allocation Failure) [PSYoungGen: 52832K->96K(52224K)] 54692K->1956K(227328K), 0,0004871 secs] [Times: user=0,00 sys=0,00, real=0,00 secs] 
60,801: [GC (Allocation Failure) [PSYoungGen: 51808K->96K(51200K)] 53668K->1956K(226304K), 0,0005026 secs] [Times: user=0,00 sys=0,00, real=0,00 secs] 
60,857: [GC (Allocation Failure) [PSYoungGen: 50784K->96K(50176K)] 52644K->1956K(225280K), 0,0004997 secs] [Times: user=0,01 sys=0,00, real=0,00 secs] 
60,912: [GC (Allocation Failure) [PSYoungGen: 49760K->64K(60416K)] 51620K->1924K(235520K), 0,0010538 secs] [Times: user=0,00 sys=0,00, real=0,00 secs] 
60,977: [GC (Allocation Failure) [PSYoungGen: 59968K->96K(59392K)] 61828K->1956K(234496K), 0,0005112 secs] [Times: user=0,00 sys=0,00, real=0,00 secs] 
61,041: [GC (Allocation Failure) [PSYoungGen: 58976K->96K(58368K)] 60836K->1956K(233472K), 0,0004936 secs] [Times: user=0,00 sys=0,00, real=0,00 secs] 
61,103: [GC (Allocation Failure) [PSYoungGen: 57952K->96K(57344K)] 59812K->1956K(232448K), 0,0004973 secs] [Times: user=0,00 sys=0,00, real=0,00 secs] 
61,164: [GC (Allocation Failure) [PSYoungGen: 56928K->96K(56320K)] 58788K->1956K(231424K), 0,0005594 secs] [Times: user=0,00 sys=0,00, real=0,00 secs] 
61,224: [GC (Allocation Failure) [PSYoungGen: 55904K->96K(55296K)] 57764K->1956K(230400K), 0,0005016 secs] [Times: user=0,00 sys=0,00, real=0,00 secs] 
61,282: [GC (Allocation Failure) [PSYoungGen: 54880K->96K(54272K)] 56740K->1956K(229376K), 0,0005626 secs] [Times: user=0,00 sys=0,00, real=0,00 secs] 
61,340: [GC (Allocation Failure) [PSYoungGen: 53856K->96K(53248K)] 55716K->1956K(228352K), 0,0005122 secs] [Times: user=0,00 sys=0,00, real=0,01 secs] 
61,397: [GC (Allocation Failure) [PSYoungGen: 52832K->64K(52224K)] 54692K->1924K(227328K), 0,0005331 secs] [Times: user=0,00 sys=0,00, real=0,00 secs] 
61,452: [GC (Allocation Failure) [PSYoungGen: 51776K->96K(51200K)] 53636K->1956K(226304K), 0,0005584 secs] [Times: user=0,00 sys=0,00, real=0,00 secs] 
61,506: [GC (Allocation Failure) [PSYoungGen: 50784K->96K(50176K)] 52644K->1956K(225280K), 0,0006118 secs] [Times: user=0,00 sys=0,00, real=0,00 secs] 
61,560: [GC (Allocation Failure) [PSYoungGen: 49760K->96K(49152K)] 51620K->1956K(224256K), 0,0005076 secs] [Times: user=0,00 sys=0,00, real=0,00 secs] 
61,612: [GC (Allocation Failure) [PSYoungGen: 48736K->64K(48128K)] 50596K->1924K(223232K), 0,0004974 secs] [Times: user=0,00 sys=0,00, real=0,00 secs] 
61,663: [GC (Allocation Failure) [PSYoungGen: 47680K->96K(47616K)] 49540K->1956K(222720K), 0,0005355 secs] [Times: user=0,01 sys=0,00, real=0,00 secs] 
61,714: [GC (Allocation Failure) [PSYoungGen: 47200K->96K(47104K)] 49060K->1956K(222208K), 0,0005341 secs] [Times: user=0,00 sys=0,00, real=0,00 secs] 
61,764: [GC (Allocation Failure) [PSYoungGen: 46688K->96K(46592K)] 48548K->1956K(221696K), 0,0004093 secs] [Times: user=0,00 sys=0,00, real=0,00 secs] 
61,813: [GC (Allocation Failure) [PSYoungGen: 46176K->96K(46080K)] 48036K->1956K(221184K), 0,0005515 secs] [Times: user=0,00 sys=0,00, real=0,00 secs] 
61,862: [GC (Allocation Failure) [PSYoungGen: 45664K->96K(45568K)] 47524K->1956K(220672K), 0,0004877 secs] [Times: user=0,01 sys=0,00, real=0,00 secs] 
61,911: [GC (Allocation Failure) [PSYoungGen: 45152K->96K(54784K)] 47012K->1956K(229888K), 0,0011928 secs] [Times: user=0,01 sys=0,00, real=0,00 secs] 
61,971: [GC (Allocation Failure) [PSYoungGen: 54368K->96K(66048K)] 56228K->1956K(241152K), 0,0005125 secs] [Times: user=0,01 sys=0,00, real=0,00 secs] 
62,041: [GC (Allocation Failure) [PSYoungGen: 65632K->96K(64512K)] 67492K->1956K(239616K), 0,0005095 secs] [Times: user=0,01 sys=0,00, real=0,00 secs] 
62,111: [GC (Allocation Failure) [PSYoungGen: 64096K->96K(62976K)] 65956K->1956K(238080K), 0,0005103 secs] [Times: user=0,01 sys=0,00, real=0,00 secs] 
62,178: [GC (Allocation Failure) [PSYoungGen: 62560K->96K(61952K)] 64420K->1956K(237056K), 0,0005041 secs] [Times: user=0,00 sys=0,00, real=0,00 secs] 
62,244: [GC (Allocation Failure) [PSYoungGen: 61536K->96K(60928K)] 63396K->1956K(236032K), 0,0004985 secs] [Times: user=0,00 sys=0,00, real=0,00 secs] 
62,308: [GC (Allocation Failure) [PSYoungGen: 60512K->96K(59904K)] 62372K->1956K(235008K), 0,0005347 secs] [Times: user=0,00 sys=0,00, real=0,00 secs] 
62,371: [GC (Allocation Failure) [PSYoungGen: 59488K->96K(58880K)] 61348K->1956K(233984K), 0,0005017 secs] [Times: user=0,00 sys=0,00, real=0,00 secs] 
62,434: [GC (Allocation Failure) [PSYoungGen: 58464K->96K(57856K)] 60324K->1956K(232960K), 0,0005191 secs] [Times: user=0,00 sys=0,00, real=0,00 secs] 
62,495: [GC (Allocation Failure) [PSYoungGen: 57440K->96K(56832K)] 59300K->1956K(231936K), 0,0005030 secs] [Times: user=0,00 sys=0,00, real=0,00 secs] 
62,559: [GC (Allocation Failure) [PSYoungGen: 56416K->64K(55808K)] 58276K->1924K(230912K), 0,0005182 secs] [Times: user=0,01 sys=0,01, real=0,00 secs] 
62,619: [GC (Allocation Failure) [PSYoungGen: 55360K->96K(54784K)] 57220K->1956K(229888K), 0,0004942 secs] [Times: user=0,01 sys=0,00, real=0,00 secs] 
62,677: [GC (Allocation Failure) [PSYoungGen: 54368K->128K(53760K)] 56228K->1988K(228864K), 0,0004857 secs] [Times: user=0,00 sys=0,00, real=0,00 secs] 
62,734: [GC (Allocation Failure) [PSYoungGen: 53376K->96K(52736K)] 55236K->1956K(227840K), 0,0005200 secs] [Times: user=0,00 sys=0,00, real=0,00 secs] 
62,790: [GC (Allocation Failure) [PSYoungGen: 52320K->64K(51712K)] 54180K->1924K(226816K), 0,0008063 secs] [Times: user=0,00 sys=0,00, real=0,01 secs] 
62,845: [GC (Allocation Failure) [PSYoungGen: 51264K->96K(50688K)] 53124K->1956K(225792K), 0,0005490 secs] [Times: user=0,00 sys=0,00, real=0,00 secs] 
62,899: [GC (Allocation Failure) [PSYoungGen: 50272K->96K(49664K)] 52132K->1956K(224768K), 0,0004961 secs] [Times: user=0,00 sys=0,00, real=0,00 secs] 
62,954: [GC (Allocation Failure) [PSYoungGen: 49248K->96K(48640K)] 51108K->1956K(223744K), 0,0005047 secs] [Times: user=0,00 sys=0,00, real=0,00 secs] 
63,005: [GC (Allocation Failure) [PSYoungGen: 48224K->96K(48128K)] 50084K->1956K(223232K), 0,0004979 secs] [Times: user=0,00 sys=0,00, real=0,00 secs] 
63,056: [GC (Allocation Failure) [PSYoungGen: 47712K->96K(47616K)] 49572K->1956K(222720K), 0,0006018 secs] [Times: user=0,00 sys=0,00, real=0,00 secs] 
63,108: [GC (Allocation Failure) [PSYoungGen: 47200K->96K(47104K)] 49060K->1956K(222208K), 0,0004920 secs] [Times: user=0,00 sys=0,00, real=0,00 secs] 
63,158: [GC (Allocation Failure) [PSYoungGen: 46688K->64K(46592K)] 48548K->1924K(221696K), 0,0005272 secs] [Times: user=0,00 sys=0,00, real=0,00 secs] 
63,207: [GC (Allocation Failure) [PSYoungGen: 46144K->96K(46080K)] 48004K->1956K(221184K), 0,0003968 secs] [Times: user=0,01 sys=0,00, real=0,00 secs] 
63,256: [GC (Allocation Failure) [PSYoungGen: 45664K->96K(45568K)] 47524K->1956K(220672K), 0,0004909 secs] [Times: user=0,00 sys=0,00, real=0,00 secs] 
63,304: [GC (Allocation Failure) [PSYoungGen: 45151K->96K(45056K)] 47012K->1956K(220160K), 0,0004891 secs] [Times: user=0,00 sys=0,00, real=0,00 secs] 
63,352: [GC (Allocation Failure) [PSYoungGen: 44640K->96K(44544K)] 46500K->1956K(219648K), 0,0004918 secs] [Times: user=0,00 sys=0,00, real=0,00 secs] 
63,400: [GC (Allocation Failure) [PSYoungGen: 44128K->64K(44032K)] 45988K->1924K(219136K), 0,0005213 secs] [Times: user=0,00 sys=0,00, real=0,00 secs] 
63,447: [GC (Allocation Failure) [PSYoungGen: 43584K->96K(43520K)] 45444K->1956K(218624K), 0,0004142 secs] [Times: user=0,00 sys=0,00, real=0,00 secs] 
63,493: [GC (Allocation Failure) [PSYoungGen: 43104K->96K(43008K)] 44964K->1956K(218112K), 0,0005821 secs] [Times: user=0,00 sys=0,00, real=0,00 secs] 
63,539: [GC (Allocation Failure) [PSYoungGen: 42592K->96K(42496K)] 44452K->1956K(217600K), 0,0004024 secs] [Times: user=0,00 sys=0,00, real=0,00 secs] 
63,584: [GC (Allocation Failure) [PSYoungGen: 42080K->96K(41984K)] 43940K->1956K(217088K), 0,0005990 secs] [Times: user=0,00 sys=0,00, real=0,00 secs] 
63,629: [GC (Allocation Failure) [PSYoungGen: 41568K->96K(41472K)] 43428K->1956K(216576K), 0,0004060 secs] [Times: user=0,00 sys=0,00, real=0,00 secs] 
63,673: [GC (Allocation Failure) [PSYoungGen: 41056K->32K(40960K)] 42916K->1892K(216064K), 0,0005278 secs] [Times: user=0,00 sys=0,00, real=0,00 secs] 
63,716: [GC (Allocation Failure) [PSYoungGen: 40480K->96K(40448K)] 42340K->1956K(215552K), 0,0004116 secs] [Times: user=0,00 sys=0,00, real=0,00 secs] 
63,759: [GC (Allocation Failure) [PSYoungGen: 40032K->96K(39936K)] 41892K->1956K(215040K), 0,0003992 secs] [Times: user=0,00 sys=0,00, real=0,00 secs] 
63,802: [GC (Allocation Failure) [PSYoungGen: 39520K->96K(39424K)] 41380K->1956K(214528K), 0,0004012 secs] [Times: user=0,00 sys=0,00, real=0,00 secs] 
63,844: [GC (Allocation Failure) [PSYoungGen: 39008K->64K(38912K)] 40868K->1924K(214016K), 0,0004023 secs] [Times: user=0,00 sys=0,00, real=0,00 secs] 
63,885: [GC (Allocation Failure) [PSYoungGen: 38464K->96K(38400K)] 40324K->1956K(213504K), 0,0004285 secs] [Times: user=0,01 sys=0,00, real=0,00 secs] 
63,927: [GC (Allocation Failure) [PSYoungGen: 37984K->96K(37888K)] 39844K->1956K(212992K), 0,0005307 secs] [Times: user=0,00 sys=0,00, real=0,00 secs] 
63,968: [GC (Allocation Failure) [PSYoungGen: 37472K->64K(37376K)] 39332K->1924K(212480K), 0,0005059 secs] [Times: user=0,00 sys=0,00, real=0,00 secs] 
64,007: [GC (Allocation Failure) [PSYoungGen: 36928K->96K(45056K)] 38788K->1956K(220160K), 0,0004933 secs] [Times: user=0,00 sys=0,00, real=0,00 secs] 
64,056: [GC (Allocation Failure) [PSYoungGen: 44640K->96K(44544K)] 46500K->1956K(219648K), 0,0004073 secs] [Times: user=0,00 sys=0,00, real=0,00 secs] 
64,104: [GC (Allocation Failure) [PSYoungGen: 44128K->64K(53760K)] 45988K->1924K(228864K), 0,0006779 secs] [Times: user=0,01 sys=0,00, real=0,00 secs] 
64,161: [GC (Allocation Failure) [PSYoungGen: 53312K->64K(52736K)] 55172K->1924K(227840K), 0,0005232 secs] [Times: user=0,00 sys=0,00, real=0,00 secs] 
64,217: [GC (Allocation Failure) [PSYoungGen: 52288K->96K(51712K)] 54148K->1956K(226816K), 0,0004896 secs] [Times: user=0,00 sys=0,00, real=0,00 secs] 
64,272: [GC (Allocation Failure) [PSYoungGen: 51296K->96K(50688K)] 53156K->1956K(225792K), 0,0005289 secs] [Times: user=0,00 sys=0,00, real=0,00 secs] 
64,326: [GC (Allocation Failure) [PSYoungGen: 50272K->96K(49664K)] 52132K->1956K(224768K), 0,0005005 secs] [Times: user=0,00 sys=0,00, real=0,00 secs] 
64,379: [GC (Allocation Failure) [PSYoungGen: 49248K->96K(48640K)] 51108K->1956K(223744K), 0,0005432 secs] [Times: user=0,00 sys=0,00, real=0,00 secs] 
64,430: [GC (Allocation Failure) [PSYoungGen: 48224K->96K(48128K)] 50084K->1956K(223232K), 0,0005962 secs] [Times: user=0,00 sys=0,00, real=0,01 secs] 
64,481: [GC (Allocation Failure) [PSYoungGen: 47712K->96K(47616K)] 49572K->1956K(222720K), 0,0004118 secs] [Times: user=0,00 sys=0,00, real=0,00 secs] 
64,533: [GC (Allocation Failure) [PSYoungGen: 47200K->32K(57344K)] 49060K->1892K(232448K), 0,0009426 secs] [Times: user=0,00 sys=0,00, real=0,00 secs] 
64,595: [GC (Allocation Failure) [PSYoungGen: 56864K->64K(69120K)] 58724K->1924K(244224K), 0,0005580 secs] [Times: user=0,00 sys=0,00, real=0,00 secs] 
64,668: [GC (Allocation Failure) [PSYoungGen: 68672K->96K(67584K)] 70532K->1956K(242688K), 0,0005329 secs] [Times: user=0,00 sys=0,00, real=0,00 secs] 
64,740: [GC (Allocation Failure) [PSYoungGen: 67168K->32K(66048K)] 69028K->1892K(241152K), 0,0005087 secs] [Times: user=0,00 sys=0,00, real=0,00 secs] 
64,810: [GC (Allocation Failure) [PSYoungGen: 65568K->96K(64512K)] 67428K->1956K(239616K), 0,0005046 secs] [Times: user=0,00 sys=0,00, real=0,01 secs] 
64,878: [GC (Allocation Failure) [PSYoungGen: 64096K->96K(62976K)] 65956K->1956K(238080K), 0,0005356 secs] [Times: user=0,00 sys=0,00, real=0,00 secs] 
64,946: [GC (Allocation Failure) [PSYoungGen: 62560K->128K(61952K)] 64420K->1988K(237056K), 0,0005109 secs] [Times: user=0,00 sys=0,00, real=0,00 secs] 
65,012: [GC (Allocation Failure) [PSYoungGen: 61568K->96K(60928K)] 63428K->1956K(236032K), 0,0005244 secs] [Times: user=0,00 sys=0,00, real=0,00 secs] 
65,077: [GC (Allocation Failure) [PSYoungGen: 60512K->96K(59904K)] 62372K->1956K(235008K), 0,0005025 secs] [Times: user=0,00 sys=0,00, real=0,00 secs] 
65,141: [GC (Allocation Failure) [PSYoungGen: 59488K->96K(58880K)] 61348K->1956K(233984K), 0,0005001 secs] [Times: user=0,00 sys=0,00, real=0,00 secs] 
65,203: [GC (Allocation Failure) [PSYoungGen: 58464K->96K(57856K)] 60324K->1956K(232960K), 0,0005461 secs] [Times: user=0,00 sys=0,00, real=0,00 secs] 
65,265: [GC (Allocation Failure) [PSYoungGen: 57440K->64K(56832K)] 59300K->1924K(231936K), 0,0005464 secs] [Times: user=0,00 sys=0,00, real=0,00 secs] 
65,325: [GC (Allocation Failure) [PSYoungGen: 56384K->96K(55808K)] 58244K->1956K(230912K), 0,0004909 secs] [Times: user=0,00 sys=0,00, real=0,00 secs] 
65,392: [GC (Allocation Failure) [PSYoungGen: 55392K->96K(54784K)] 57252K->1956K(229888K), 0,0005558 secs] [Times: user=0,01 sys=0,00, real=0,00 secs] 
65,450: [GC (Allocation Failure) [PSYoungGen: 54368K->96K(53760K)] 56228K->1956K(228864K), 0,0004920 secs] [Times: user=0,00 sys=0,00, real=0,01 secs] 
65,507: [GC (Allocation Failure) [PSYoungGen: 53344K->96K(52736K)] 55204K->1956K(227840K), 0,0005192 secs] [Times: user=0,00 sys=0,00, real=0,00 secs] 
65,563: [GC (Allocation Failure) [PSYoungGen: 52320K->32K(51712K)] 54180K->1892K(226816K), 0,0005387 secs] [Times: user=0,00 sys=0,00, real=0,00 secs] 
65,618: [GC (Allocation Failure) [PSYoungGen: 51232K->96K(50688K)] 53092K->1956K(225792K), 0,0005811 secs] [Times: user=0,00 sys=0,00, real=0,00 secs] 
65,672: [GC (Allocation Failure) [PSYoungGen: 50272K->64K(49664K)] 52132K->1924K(224768K), 0,0005454 secs] [Times: user=0,00 sys=0,00, real=0,00 secs] 
65,725: [GC (Allocation Failure) [PSYoungGen: 49216K->96K(48640K)] 51076K->1956K(223744K), 0,0005438 secs] [Times: user=0,00 sys=0,00, real=0,00 secs] 
65,777: [GC (Allocation Failure) [PSYoungGen: 48224K->32K(58368K)] 50084K->1892K(233472K), 0,0007924 secs] [Times: user=0,00 sys=0,00, real=0,00 secs] 
65,839: [GC (Allocation Failure) [PSYoungGen: 57888K->96K(57344K)] 59748K->1956K(232448K), 0,0004946 secs] [Times: user=0,00 sys=0,00, real=0,00 secs] 
65,900: [GC (Allocation Failure) [PSYoungGen: 56928K->96K(56320K)] 58788K->1956K(231424K), 0,0005248 secs] [Times: user=0,01 sys=0,00, real=0,01 secs] 
65,961: [GC (Allocation Failure) [PSYoungGen: 55904K->96K(55296K)] 57764K->1956K(230400K), 0,0005005 secs] [Times: user=0,00 sys=0,00, real=0,00 secs] 
66,021: [GC (Allocation Failure) [PSYoungGen: 54880K->64K(54272K)] 56740K->1924K(229376K), 0,0005076 secs] [Times: user=0,00 sys=0,00, real=0,00 secs] 
66,080: [GC (Allocation Failure) [PSYoungGen: 53824K->96K(53248K)] 55684K->1956K(228352K), 0,0006187 secs] [Times: user=0,01 sys=0,00, real=0,01 secs] 
66,137: [GC (Allocation Failure) [PSYoungGen: 52832K->64K(52224K)] 54692K->1924K(227328K), 0,0005169 secs] [Times: user=0,00 sys=0,00, real=0,00 secs] 
66,193: [GC (Allocation Failure) [PSYoungGen: 51776K->96K(51200K)] 53636K->1956K(226304K), 0,0005326 secs] [Times: user=0,00 sys=0,00, real=0,00 secs] 
66,248: [GC (Allocation Failure) [PSYoungGen: 50784K->96K(50176K)] 52644K->1956K(225280K), 0,0005253 secs] [Times: user=0,00 sys=0,00, real=0,00 secs] 
66,302: [GC (Allocation Failure) [PSYoungGen: 49760K->96K(49152K)] 51620K->1956K(224256K), 0,0005279 secs] [Times: user=0,00 sys=0,00, real=0,00 secs] 
66,354: [GC (Allocation Failure) [PSYoungGen: 48736K->64K(48128K)] 50596K->1924K(223232K), 0,0006986 secs] [Times: user=0,00 sys=0,00, real=0,00 secs] 
66,406: [GC (Allocation Failure) [PSYoungGen: 47680K->64K(47616K)] 49540K->1924K(222720K), 0,0005241 secs] [Times: user=0,00 sys=0,00, real=0,00 secs] 
66,457: [GC (Allocation Failure) [PSYoungGen: 47168K->64K(47104K)] 49028K->1924K(222208K), 0,0005766 secs] [Times: user=0,00 sys=0,00, real=0,00 secs] 
66,507: [GC (Allocation Failure) [PSYoungGen: 46656K->96K(46592K)] 48516K->1956K(221696K), 0,0005530 secs] [Times: user=0,00 sys=0,00, real=0,00 secs] 
66,561: [GC (Allocation Failure) [PSYoungGen: 46176K->96K(46080K)] 48036K->1956K(221184K), 0,0005066 secs] [Times: user=0,00 sys=0,00, real=0,00 secs] 
66,612: [GC (Allocation Failure) [PSYoungGen: 45664K->96K(45568K)] 47524K->1956K(220672K), 0,0005428 secs] [Times: user=0,00 sys=0,00, real=0,00 secs] 
66,661: [GC (Allocation Failure) [PSYoungGen: 45152K->64K(45056K)] 47012K->1924K(220160K), 0,0005378 secs] [Times: user=0,00 sys=0,00, real=0,00 secs] 
66,709: [GC (Allocation Failure) [PSYoungGen: 44608K->64K(44544K)] 46468K->1924K(219648K), 0,0004944 secs] [Times: user=0,00 sys=0,00, real=0,00 secs] 
66,758: [GC (Allocation Failure) [PSYoungGen: 44096K->96K(44032K)] 45956K->1956K(219136K), 0,0005161 secs] [Times: user=0,00 sys=0,00, real=0,00 secs] 
66,807: [GC (Allocation Failure) [PSYoungGen: 43616K->96K(43520K)] 45476K->1956K(218624K), 0,0005425 secs] [Times: user=0,00 sys=0,00, real=0,00 secs] 
66,855: [GC (Allocation Failure) [PSYoungGen: 43104K->96K(43008K)] 44964K->1956K(218112K), 0,0005053 secs] [Times: user=0,00 sys=0,00, real=0,00 secs] 
66,902: [GC (Allocation Failure) [PSYoungGen: 42592K->64K(51712K)] 44452K->1924K(226816K), 0,0009827 secs] [Times: user=0,00 sys=0,00, real=0,00 secs] 
66,961: [GC (Allocation Failure) [PSYoungGen: 51264K->96K(61952K)] 53124K->1956K(237056K), 0,0005115 secs] [Times: user=0,00 sys=0,00, real=0,00 secs] 
67,030: [GC (Allocation Failure) [PSYoungGen: 61536K->96K(74240K)] 63396K->1956K(249344K), 0,0005578 secs] [Times: user=0,00 sys=0,00, real=0,01 secs] 
67,112: [GC (Allocation Failure) [PSYoungGen: 73824K->96K(72704K)] 75684K->1956K(247808K), 0,0005567 secs] [Times: user=0,00 sys=0,00, real=0,00 secs] 
67,192: [GC (Allocation Failure) [PSYoungGen: 72288K->96K(71168K)] 74148K->1956K(246272K), 0,0005644 secs] [Times: user=0,00 sys=0,00, real=0,00 secs] 
67,271: [GC (Allocation Failure) [PSYoungGen: 70752K->96K(69632K)] 72612K->1956K(244736K), 0,0005084 secs] [Times: user=0,00 sys=0,00, real=0,00 secs] 
67,349: [GC (Allocation Failure) [PSYoungGen: 69216K->96K(68096K)] 71076K->1956K(243200K), 0,0005906 secs] [Times: user=0,01 sys=0,00, real=0,00 secs] 
67,429: [GC (Allocation Failure) [PSYoungGen: 67680K->96K(66560K)] 69540K->1956K(241664K), 0,0006107 secs] [Times: user=0,00 sys=0,00, real=0,00 secs] 
67,502: [GC (Allocation Failure) [PSYoungGen: 66144K->96K(65024K)] 68004K->1956K(240128K), 0,0005229 secs] [Times: user=0,00 sys=0,00, real=0,00 secs] 
67,574: [GC (Allocation Failure) [PSYoungGen: 64608K->96K(63488K)] 66468K->1956K(238592K), 0,0005219 secs] [Times: user=0,00 sys=0,00, real=0,00 secs] 
67,644: [GC (Allocation Failure) [PSYoungGen: 63072K->96K(61952K)] 64932K->1956K(237056K), 0,0005174 secs] [Times: user=0,00 sys=0,00, real=0,00 secs] 
67,713: [GC (Allocation Failure) [PSYoungGen: 61536K->96K(60928K)] 63396K->1956K(236032K), 0,0005549 secs] [Times: user=0,00 sys=0,00, real=0,00 secs] 
67,779: [GC (Allocation Failure) [PSYoungGen: 60512K->64K(59904K)] 62372K->1924K(235008K), 0,0012662 secs] [Times: user=0,01 sys=0,00, real=0,01 secs] 
67,848: [GC (Allocation Failure) [PSYoungGen: 59456K->96K(58880K)] 61316K->1956K(233984K), 0,0005484 secs] [Times: user=0,00 sys=0,00, real=0,00 secs] 
67,913: [GC (Allocation Failure) [PSYoungGen: 58464K->64K(57856K)] 60324K->1924K(232960K), 0,0005453 secs] [Times: user=0,00 sys=0,00, real=0,00 secs] 
67,978: [GC (Allocation Failure) [PSYoungGen: 57408K->96K(56832K)] 59268K->1956K(231936K), 0,0005748 secs] [Times: user=0,00 sys=0,00, real=0,00 secs] 
68,042: [GC (Allocation Failure) [PSYoungGen: 56416K->96K(55808K)] 58276K->1956K(230912K), 0,0005199 secs] [Times: user=0,00 sys=0,00, real=0,00 secs] 
68,103: [GC (Allocation Failure) [PSYoungGen: 55392K->96K(54784K)] 57252K->1956K(229888K), 0,0005160 secs] [Times: user=0,00 sys=0,00, real=0,00 secs] 
68,163: [GC (Allocation Failure) [PSYoungGen: 54368K->96K(53760K)] 56228K->1956K(228864K), 0,0006070 secs] [Times: user=0,00 sys=0,00, real=0,00 secs] 
68,222: [GC (Allocation Failure) [PSYoungGen: 53344K->96K(52736K)] 55204K->1956K(227840K), 0,0005015 secs] [Times: user=0,00 sys=0,00, real=0,00 secs] 
68,280: [GC (Allocation Failure) [PSYoungGen: 52320K->96K(51712K)] 54180K->1956K(226816K), 0,0005102 secs] [Times: user=0,00 sys=0,00, real=0,01 secs] 
68,336: [GC (Allocation Failure) [PSYoungGen: 51296K->96K(50688K)] 53156K->1956K(225792K), 0,0005453 secs] [Times: user=0,00 sys=0,00, real=0,00 secs] 
68,392: [GC (Allocation Failure) [PSYoungGen: 50272K->96K(49664K)] 52132K->1956K(224768K), 0,0004959 secs] [Times: user=0,00 sys=0,00, real=0,00 secs] 
68,447: [GC (Allocation Failure) [PSYoungGen: 49248K->96K(48640K)] 51108K->1956K(223744K), 0,0005140 secs] [Times: user=0,00 sys=0,00, real=0,00 secs] 
68,499: [GC (Allocation Failure) [PSYoungGen: 48224K->96K(48128K)] 50084K->1956K(223232K), 0,0004348 secs] [Times: user=0,00 sys=0,00, real=0,00 secs] 
68,552: [GC (Allocation Failure) [PSYoungGen: 47712K->96K(47616K)] 49572K->1956K(222720K), 0,0005627 secs] [Times: user=0,00 sys=0,00, real=0,00 secs] 
68,605: [GC (Allocation Failure) [PSYoungGen: 47200K->64K(47104K)] 49060K->1924K(222208K), 0,0005145 secs] [Times: user=0,00 sys=0,00, real=0,00 secs] 
68,656: [GC (Allocation Failure) [PSYoungGen: 46656K->96K(46592K)] 48516K->1956K(221696K), 0,0005068 secs] [Times: user=0,00 sys=0,00, real=0,00 secs] 
68,707: [GC (Allocation Failure) [PSYoungGen: 46176K->96K(46080K)] 48036K->1956K(221184K), 0,0004209 secs] [Times: user=0,01 sys=0,00, real=0,00 secs] 
68,757: [GC (Allocation Failure) [PSYoungGen: 45664K->96K(45568K)] 47524K->1956K(220672K), 0,0004176 secs] [Times: user=0,01 sys=0,00, real=0,00 secs] 
68,807: [GC (Allocation Failure) [PSYoungGen: 45152K->96K(45056K)] 47012K->1956K(220160K), 0,0004248 secs] [Times: user=0,01 sys=0,00, real=0,00 secs] 
68,856: [GC (Allocation Failure) [PSYoungGen: 44640K->96K(44544K)] 46500K->1956K(219648K), 0,0007935 secs] [Times: user=0,01 sys=0,00, real=0,00 secs] 
68,905: [GC (Allocation Failure) [PSYoungGen: 44128K->64K(44032K)] 45988K->1924K(219136K), 0,0004589 secs] [Times: user=0,00 sys=0,00, real=0,00 secs] 
68,955: [GC (Allocation Failure) [PSYoungGen: 43584K->96K(43520K)] 45444K->1956K(218624K), 0,0005210 secs] [Times: user=0,00 sys=0,00, real=0,00 secs] 
69,003: [GC (Allocation Failure) [PSYoungGen: 43104K->96K(43008K)] 44964K->1956K(218112K), 0,0005623 secs] [Times: user=0,00 sys=0,00, real=0,00 secs] 
69,052: [GC (Allocation Failure) [PSYoungGen: 42592K->96K(42496K)] 44452K->1956K(217600K), 0,0005112 secs] [Times: user=0,00 sys=0,00, real=0,00 secs] 
69,099: [GC (Allocation Failure) [PSYoungGen: 42080K->96K(41984K)] 43940K->1956K(217088K), 0,0004077 secs] [Times: user=0,00 sys=0,00, real=0,00 secs] 
69,145: [GC (Allocation Failure) [PSYoungGen: 41568K->64K(41472K)] 43428K->1924K(216576K), 0,0004966 secs] [Times: user=0,00 sys=0,00, real=0,00 secs] 
69,196: [GC (Allocation Failure) [PSYoungGen: 41024K->64K(49664K)] 42884K->1924K(224768K), 0,0010226 secs] [Times: user=0,00 sys=0,00, real=0,00 secs] 
69,253: [GC (Allocation Failure) [PSYoungGen: 49216K->96K(59904K)] 51076K->1956K(235008K), 0,0014603 secs] [Times: user=0,00 sys=0,00, real=0,00 secs] 
69,321: [GC (Allocation Failure) [PSYoungGen: 59488K->96K(72192K)] 61348K->1956K(247296K), 0,0005111 secs] [Times: user=0,00 sys=0,00, real=0,00 secs] 
69,401: [GC (Allocation Failure) [PSYoungGen: 71776K->64K(70656K)] 73636K->1924K(245760K), 0,0005519 secs] [Times: user=0,00 sys=0,00, real=0,00 secs] 
69,479: [GC (Allocation Failure) [PSYoungGen: 70208K->96K(69120K)] 72068K->1956K(244224K), 0,0005266 secs] [Times: user=0,00 sys=0,00, real=0,00 secs] 
69,558: [GC (Allocation Failure) [PSYoungGen: 68704K->96K(67584K)] 70564K->1956K(242688K), 0,0005282 secs] [Times: user=0,00 sys=0,00, real=0,00 secs] 
69,633: [GC (Allocation Failure) [PSYoungGen: 67168K->96K(66048K)] 69028K->1956K(241152K), 0,0005403 secs] [Times: user=0,00 sys=0,01, real=0,00 secs] 
69,707: [GC (Allocation Failure) [PSYoungGen: 65632K->96K(64512K)] 67492K->1956K(239616K), 0,0005145 secs] [Times: user=0,00 sys=0,00, real=0,00 secs] 
69,778: [GC (Allocation Failure) [PSYoungGen: 64096K->96K(62976K)] 65956K->1956K(238080K), 0,0005059 secs] [Times: user=0,00 sys=0,00, real=0,00 secs] 
69,848: [GC (Allocation Failure) [PSYoungGen: 62560K->64K(61952K)] 64420K->1924K(237056K), 0,0005988 secs] [Times: user=0,00 sys=0,00, real=0,00 secs] 
69,916: [GC (Allocation Failure) [PSYoungGen: 61504K->96K(60928K)] 63364K->1956K(236032K), 0,0005209 secs] [Times: user=0,00 sys=0,00, real=0,00 secs] 
69,985: [GC (Allocation Failure) [PSYoungGen: 60512K->64K(59904K)] 62372K->1924K(235008K), 0,0005275 secs] [Times: user=0,00 sys=0,00, real=0,00 secs] 
70,051: [GC (Allocation Failure) [PSYoungGen: 59456K->96K(58880K)] 61316K->1956K(233984K), 0,0005963 secs] [Times: user=0,00 sys=0,00, real=0,00 secs] 
70,115: [GC (Allocation Failure) [PSYoungGen: 58464K->96K(57856K)] 60324K->1956K(232960K), 0,0005144 secs] [Times: user=0,00 sys=0,00, real=0,00 secs] 
70,179: [GC (Allocation Failure) [PSYoungGen: 57440K->96K(56832K)] 59300K->1956K(231936K), 0,0005106 secs] [Times: user=0,00 sys=0,00, real=0,00 secs] 
70,242: [GC (Allocation Failure) [PSYoungGen: 56416K->96K(55808K)] 58276K->1956K(230912K), 0,0005206 secs] [Times: user=0,00 sys=0,00, real=0,00 secs] 
70,304: [GC (Allocation Failure) [PSYoungGen: 55392K->96K(54784K)] 57252K->1956K(229888K), 0,0005261 secs] [Times: user=0,00 sys=0,00, real=0,00 secs] 
70,363: [GC (Allocation Failure) [PSYoungGen: 54368K->96K(53760K)] 56228K->1980K(228864K), 0,0004417 secs] [Times: user=0,00 sys=0,00, real=0,00 secs] 
70,422: [GC (Allocation Failure) [PSYoungGen: 53344K->96K(52736K)] 55228K->1980K(227840K), 0,0005072 secs] [Times: user=0,01 sys=0,00, real=0,00 secs] 
70,480: [GC (Allocation Failure) [PSYoungGen: 52320K->96K(51712K)] 54204K->1980K(226816K), 0,0004990 secs] [Times: user=0,00 sys=0,00, real=0,00 secs] 
70,536: [GC (Allocation Failure) [PSYoungGen: 51296K->96K(50688K)] 53180K->1980K(225792K), 0,0005989 secs] [Times: user=0,00 sys=0,00, real=0,00 secs] 
70,592: [GC (Allocation Failure) [PSYoungGen: 50272K->32K(49664K)] 52156K->1916K(224768K), 0,0007403 secs] [Times: user=0,01 sys=0,00, real=0,00 secs] 
70,646: [GC (Allocation Failure) [PSYoungGen: 49183K->96K(48640K)] 51068K->1980K(223744K), 0,0005042 secs] [Times: user=0,00 sys=0,00, real=0,00 secs] 
70,700: [GC (Allocation Failure) [PSYoungGen: 48224K->96K(48128K)] 50108K->1980K(223232K), 0,0004430 secs] [Times: user=0,00 sys=0,00, real=0,01 secs] 
70,753: [GC (Allocation Failure) [PSYoungGen: 47712K->96K(47616K)] 49596K->1980K(222720K), 0,0004181 secs] [Times: user=0,00 sys=0,00, real=0,00 secs] 
70,805: [GC (Allocation Failure) [PSYoungGen: 47200K->32K(47104K)] 49084K->1916K(222208K), 0,0005181 secs] [Times: user=0,00 sys=0,00, real=0,00 secs] 
70,856: [GC (Allocation Failure) [PSYoungGen: 46624K->96K(46592K)] 48508K->1980K(221696K), 0,0005195 secs] [Times: user=0,00 sys=0,00, real=0,00 secs] 
70,907: [GC (Allocation Failure) [PSYoungGen: 46176K->96K(46080K)] 48060K->1980K(221184K), 0,0004524 secs] [Times: user=0,00 sys=0,00, real=0,00 secs] 
70,959: [GC (Allocation Failure) [PSYoungGen: 45664K->96K(45568K)] 47548K->1980K(220672K), 0,0005249 secs] [Times: user=0,00 sys=0,00, real=0,00 secs] 
71,009: [GC (Allocation Failure) [PSYoungGen: 45152K->96K(45056K)] 47036K->1980K(220160K), 0,0005213 secs] [Times: user=0,00 sys=0,00, real=0,00 secs] 
71,058: [GC (Allocation Failure) [PSYoungGen: 44640K->64K(54272K)] 46524K->1948K(229376K), 0,0007789 secs] [Times: user=0,00 sys=0,00, real=0,00 secs] 
71,118: [GC (Allocation Failure) [PSYoungGen: 53824K->96K(53248K)] 55708K->1980K(228352K), 0,0006074 secs] [Times: user=0,00 sys=0,00, real=0,00 secs] 
71,176: [GC (Allocation Failure) [PSYoungGen: 52832K->96K(52224K)] 54716K->1980K(227328K), 0,0005343 secs] [Times: user=0,00 sys=0,00, real=0,00 secs] 
71,233: [GC (Allocation Failure) [PSYoungGen: 51808K->96K(51200K)] 53692K->1980K(226304K), 0,0005739 secs] [Times: user=0,00 sys=0,00, real=0,00 secs] 
71,290: [GC (Allocation Failure) [PSYoungGen: 50784K->64K(50176K)] 52668K->1948K(225280K), 0,0005072 secs] [Times: user=0,00 sys=0,00, real=0,00 secs] 
71,344: [GC (Allocation Failure) [PSYoungGen: 49728K->96K(49152K)] 51612K->1980K(224256K), 0,0005027 secs] [Times: user=0,00 sys=0,00, real=0,00 secs] 
71,398: [GC (Allocation Failure) [PSYoungGen: 48736K->128K(48128K)] 50620K->2012K(223232K), 0,0005647 secs] [Times: user=0,00 sys=0,00, real=0,00 secs] 
71,450: [GC (Allocation Failure) [PSYoungGen: 47744K->96K(47616K)] 49628K->1980K(222720K), 0,0004356 secs] [Times: user=0,00 sys=0,00, real=0,00 secs] 
71,502: [GC (Allocation Failure) [PSYoungGen: 47200K->96K(47104K)] 49084K->1980K(222208K), 0,0004650 secs] [Times: user=0,00 sys=0,00, real=0,00 secs] 
71,554: [GC (Allocation Failure) [PSYoungGen: 46688K->96K(46592K)] 48572K->1980K(221696K), 0,0004452 secs] [Times: user=0,00 sys=0,00, real=0,00 secs] 
71,605: [GC (Allocation Failure) [PSYoungGen: 46176K->64K(46080K)] 48060K->1948K(221184K), 0,0005389 secs] [Times: user=0,00 sys=0,00, real=0,00 secs] 
71,656: [GC (Allocation Failure) [PSYoungGen: 45632K->96K(45568K)] 47516K->1980K(220672K), 0,0005130 secs] [Times: user=0,00 sys=0,00, real=0,00 secs] 
71,706: [GC (Allocation Failure) [PSYoungGen: 45151K->96K(45056K)] 47036K->1980K(220160K), 0,0005088 secs] [Times: user=0,00 sys=0,00, real=0,00 secs] 
71,755: [GC (Allocation Failure) [PSYoungGen: 44640K->96K(44544K)] 46524K->1980K(219648K), 0,0004258 secs] [Times: user=0,00 sys=0,00, real=0,00 secs] 
71,804: [GC (Allocation Failure) [PSYoungGen: 44128K->96K(44032K)] 46012K->1980K(219136K), 0,0004191 secs] [Times: user=0,00 sys=0,00, real=0,00 secs] 
71,852: [GC (Allocation Failure) [PSYoungGen: 43616K->96K(43520K)] 45500K->1980K(218624K), 0,0004422 secs] [Times: user=0,00 sys=0,00, real=0,00 secs] 
71,900: [GC (Allocation Failure) [PSYoungGen: 43104K->96K(43008K)] 44988K->1980K(218112K), 0,0005064 secs] [Times: user=0,00 sys=0,00, real=0,01 secs] 
71,948: [GC (Allocation Failure) [PSYoungGen: 42592K->96K(42496K)] 44476K->1980K(217600K), 0,0005885 secs] [Times: user=0,00 sys=0,00, real=0,00 secs] 
71,995: [GC (Allocation Failure) [PSYoungGen: 42080K->96K(41984K)] 43964K->1980K(217088K), 0,0005187 secs] [Times: user=0,00 sys=0,00, real=0,00 secs] 
72,042: [GC (Allocation Failure) [PSYoungGen: 41568K->96K(41472K)] 43452K->1980K(216576K), 0,0004273 secs] [Times: user=0,00 sys=0,00, real=0,00 secs] 
72,087: [GC (Allocation Failure) [PSYoungGen: 41056K->96K(40960K)] 42940K->1980K(216064K), 0,0004217 secs] [Times: user=0,01 sys=0,00, real=0,00 secs] 
72,132: [GC (Allocation Failure) [PSYoungGen: 40544K->96K(40448K)] 42428K->1980K(215552K), 0,0004392 secs] [Times: user=0,00 sys=0,00, real=0,00 secs] 
72,177: [GC (Allocation Failure) [PSYoungGen: 40032K->96K(39936K)] 41916K->1980K(215040K), 0,0005013 secs] [Times: user=0,01 sys=0,00, real=0,00 secs] 
72,221: [GC (Allocation Failure) [PSYoungGen: 39520K->32K(39424K)] 41404K->1916K(214528K), 0,0004764 secs] [Times: user=0,00 sys=0,00, real=0,00 secs] 
72,264: [GC (Allocation Failure) [PSYoungGen: 38944K->96K(38912K)] 40828K->1980K(214016K), 0,0004209 secs] [Times: user=0,00 sys=0,00, real=0,00 secs] 
72,306: [GC (Allocation Failure) [PSYoungGen: 38496K->96K(38400K)] 40380K->1980K(213504K), 0,0004269 secs] [Times: user=0,01 sys=0,00, real=0,00 secs] 
72,348: [GC (Allocation Failure) [PSYoungGen: 37984K->96K(37888K)] 39868K->1980K(212992K), 0,0004240 secs] [Times: user=0,00 sys=0,00, real=0,00 secs] 
72,389: [GC (Allocation Failure) [PSYoungGen: 37472K->96K(37376K)] 39356K->1980K(212480K), 0,0004025 secs] [Times: user=0,00 sys=0,00, real=0,00 secs] 
72,430: [GC (Allocation Failure) [PSYoungGen: 36960K->96K(36864K)] 38844K->1980K(211968K), 0,0004671 secs] [Times: user=0,00 sys=0,00, real=0,01 secs] 
72,470: [GC (Allocation Failure) [PSYoungGen: 36448K->96K(36352K)] 38332K->1980K(211456K), 0,0004563 secs] [Times: user=0,00 sys=0,00, real=0,00 secs] 
72,510: [GC (Allocation Failure) [PSYoungGen: 35936K->64K(43520K)] 37820K->1948K(218624K), 0,0006613 secs] [Times: user=0,00 sys=0,00, real=0,00 secs] 
72,562: [GC (Allocation Failure) [PSYoungGen: 43072K->96K(43008K)] 44956K->1980K(218112K), 0,0004626 secs] [Times: user=0,00 sys=0,00, real=0,00 secs] 
72,609: [GC (Allocation Failure) [PSYoungGen: 42592K->96K(42496K)] 44476K->1980K(217600K), 0,0005049 secs] [Times: user=0,00 sys=0,00, real=0,00 secs] 
72,655: [GC (Allocation Failure) [PSYoungGen: 42080K->96K(41984K)] 43964K->1980K(217088K), 0,0005837 secs] [Times: user=0,01 sys=0,00, real=0,00 secs] 
72,701: [GC (Allocation Failure) [PSYoungGen: 41568K->96K(41472K)] 43452K->1980K(216576K), 0,0004084 secs] [Times: user=0,00 sys=0,00, real=0,00 secs] 
72,747: [GC (Allocation Failure) [PSYoungGen: 41056K->96K(40960K)] 42940K->1980K(216064K), 0,0004577 secs] [Times: user=0,00 sys=0,00, real=0,00 secs] 
72,792: [GC (Allocation Failure) [PSYoungGen: 40544K->64K(49152K)] 42428K->1948K(224256K), 0,0043517 secs] [Times: user=0,00 sys=0,00, real=0,00 secs] 
72,861: [GC (Allocation Failure) [PSYoungGen: 48704K->96K(58880K)] 50588K->1980K(233984K), 0,0005141 secs] [Times: user=0,00 sys=0,00, real=0,00 secs] 
72,925: [GC (Allocation Failure) [PSYoungGen: 58464K->96K(70656K)] 60348K->1980K(245760K), 0,0004998 secs] [Times: user=0,01 sys=0,00, real=0,00 secs] 
73,002: [GC (Allocation Failure) [PSYoungGen: 70240K->96K(69120K)] 72124K->1980K(244224K), 0,0005271 secs] [Times: user=0,00 sys=0,00, real=0,00 secs] 
73,076: [GC (Allocation Failure) [PSYoungGen: 68704K->96K(67584K)] 70588K->1980K(242688K), 0,0005244 secs] [Times: user=0,00 sys=0,00, real=0,00 secs] 
73,148: [GC (Allocation Failure) [PSYoungGen: 67168K->64K(66048K)] 69052K->1948K(241152K), 0,0005266 secs] [Times: user=0,00 sys=0,00, real=0,00 secs] 
73,218: [GC (Allocation Failure) [PSYoungGen: 65600K->96K(64512K)] 67484K->1980K(239616K), 0,0007796 secs] [Times: user=0,00 sys=0,00, real=0,00 secs] 
73,287: [GC (Allocation Failure) [PSYoungGen: 64096K->96K(62976K)] 65980K->1980K(238080K), 0,0005437 secs] [Times: user=0,00 sys=0,00, real=0,00 secs] 
73,354: [GC (Allocation Failure) [PSYoungGen: 62560K->64K(61952K)] 64444K->1948K(237056K), 0,0005407 secs] [Times: user=0,01 sys=0,00, real=0,00 secs] 
73,420: [GC (Allocation Failure) [PSYoungGen: 61504K->96K(60928K)] 63388K->1980K(236032K), 0,0005489 secs] [Times: user=0,00 sys=0,00, real=0,01 secs] 
73,485: [GC (Allocation Failure) [PSYoungGen: 60512K->96K(59904K)] 62396K->1980K(235008K), 0,0005010 secs] [Times: user=0,00 sys=0,00, real=0,00 secs] 
73,549: [GC (Allocation Failure) [PSYoungGen: 59488K->96K(58880K)] 61372K->1980K(233984K), 0,0004981 secs] [Times: user=0,00 sys=0,00, real=0,00 secs] 
73,612: [GC (Allocation Failure) [PSYoungGen: 58464K->64K(57856K)] 60348K->1948K(232960K), 0,0005106 secs] [Times: user=0,00 sys=0,00, real=0,00 secs] 
73,673: [GC (Allocation Failure) [PSYoungGen: 57408K->96K(56832K)] 59292K->1980K(231936K), 0,0004955 secs] [Times: user=0,01 sys=0,00, real=0,00 secs] 
73,733: [GC (Allocation Failure) [PSYoungGen: 56416K->96K(55808K)] 58300K->1980K(230912K), 0,0005104 secs] [Times: user=0,01 sys=0,00, real=0,00 secs] 
73,792: [GC (Allocation Failure) [PSYoungGen: 55392K->64K(54784K)] 57276K->1948K(229888K), 0,0009735 secs] [Times: user=0,01 sys=0,00, real=0,00 secs] 
73,851: [GC (Allocation Failure) [PSYoungGen: 54336K->32K(53760K)] 56220K->1916K(228864K), 0,0005278 secs] [Times: user=0,00 sys=0,00, real=0,00 secs] 
73,908: [GC (Allocation Failure) [PSYoungGen: 53280K->96K(52736K)] 55164K->1980K(227840K), 0,0005091 secs] [Times: user=0,00 sys=0,00, real=0,00 secs] 
73,965: [GC (Allocation Failure) [PSYoungGen: 52320K->96K(51712K)] 54204K->1980K(226816K), 0,0005130 secs] [Times: user=0,00 sys=0,00, real=0,00 secs] 
74,021: [GC (Allocation Failure) [PSYoungGen: 51296K->96K(50688K)] 53180K->1980K(225792K), 0,0005166 secs] [Times: user=0,01 sys=0,00, real=0,00 secs] 
74,076: [GC (Allocation Failure) [PSYoungGen: 50272K->96K(49664K)] 52156K->1980K(224768K), 0,0004874 secs] [Times: user=0,00 sys=0,00, real=0,00 secs] 
74,129: [GC (Allocation Failure) [PSYoungGen: 49248K->96K(48640K)] 51132K->1980K(223744K), 0,0005509 secs] [Times: user=0,00 sys=0,00, real=0,00 secs] 
74,181: [GC (Allocation Failure) [PSYoungGen: 48224K->96K(48128K)] 50108K->1980K(223232K), 0,0005005 secs] [Times: user=0,01 sys=0,00, real=0,00 secs] 
74,232: [GC (Allocation Failure) [PSYoungGen: 47712K->96K(47616K)] 49596K->1980K(222720K), 0,0005133 secs] [Times: user=0,00 sys=0,00, real=0,00 secs] 
74,283: [GC (Allocation Failure) [PSYoungGen: 47200K->96K(47104K)] 49084K->1980K(222208K), 0,0005450 secs] [Times: user=0,00 sys=0,00, real=0,00 secs] 
74,333: [GC (Allocation Failure) [PSYoungGen: 46688K->96K(46592K)] 48572K->1980K(221696K), 0,0005065 secs] [Times: user=0,00 sys=0,00, real=0,00 secs] 
74,382: [GC (Allocation Failure) [PSYoungGen: 46176K->96K(55808K)] 48060K->1980K(230912K), 0,0009395 secs] [Times: user=0,00 sys=0,00, real=0,00 secs] 
74,442: [GC (Allocation Failure) [PSYoungGen: 55392K->96K(67072K)] 57276K->1980K(242176K), 0,0005040 secs] [Times: user=0,00 sys=0,00, real=0,00 secs] 
74,513: [GC (Allocation Failure) [PSYoungGen: 66656K->64K(65536K)] 68540K->1948K(240640K), 0,0005467 secs] [Times: user=0,00 sys=0,00, real=0,00 secs] 
74,585: [GC (Allocation Failure) [PSYoungGen: 65088K->96K(64000K)] 66972K->1980K(239104K), 0,0005921 secs] [Times: user=0,00 sys=0,00, real=0,00 secs] 
74,656: [GC (Allocation Failure) [PSYoungGen: 63584K->64K(62464K)] 65468K->1948K(237568K), 0,0009595 secs] [Times: user=0,00 sys=0,00, real=0,00 secs] 
74,727: [GC (Allocation Failure) [PSYoungGen: 62016K->96K(61440K)] 63900K->1980K(236544K), 0,0005119 secs] [Times: user=0,00 sys=0,00, real=0,00 secs] 
74,795: [GC (Allocation Failure) [PSYoungGen: 61024K->64K(73728K)] 62908K->1948K(248832K), 0,0009605 secs] [Times: user=0,00 sys=0,00, real=0,00 secs] 
74,874: [GC (Allocation Failure) [PSYoungGen: 73280K->96K(88576K)] 75164K->1980K(263680K), 0,0009846 secs] [Times: user=0,00 sys=0,00, real=0,00 secs] 
74,978: [GC (Allocation Failure) [PSYoungGen: 88160K->96K(86528K)] 90044K->1980K(261632K), 0,0005185 secs] [Times: user=0,01 sys=0,00, real=0,00 secs] 
75,073: [GC (Allocation Failure) [PSYoungGen: 86112K->96K(84480K)] 87996K->1980K(259584K), 0,0005022 secs] [Times: user=0,00 sys=0,00, real=0,00 secs] 
75,163: [GC (Allocation Failure) [PSYoungGen: 84064K->96K(82432K)] 85948K->1980K(257536K), 0,0005187 secs] [Times: user=0,00 sys=0,00, real=0,00 secs] 
75,257: [GC (Allocation Failure) [PSYoungGen: 82015K->96K(80384K)] 83900K->1980K(255488K), 0,0006031 secs] [Times: user=0,00 sys=0,00, real=0,00 secs] 
75,350: [GC (Allocation Failure) [PSYoungGen: 79968K->96K(78336K)] 81852K->1980K(253440K), 0,0005457 secs] [Times: user=0,00 sys=0,00, real=0,01 secs] 
75,436: [GC (Allocation Failure) [PSYoungGen: 77920K->96K(76288K)] 79804K->1988K(251392K), 0,0005217 secs] [Times: user=0,00 sys=0,00, real=0,00 secs] 
75,520: [GC (Allocation Failure) [PSYoungGen: 75872K->96K(74752K)] 77764K->1988K(249856K), 0,0005785 secs] [Times: user=0,00 sys=0,00, real=0,01 secs] 
75,603: [GC (Allocation Failure) [PSYoungGen: 74336K->96K(73216K)] 76228K->1988K(248320K), 0,0005229 secs] [Times: user=0,00 sys=0,00, real=0,00 secs] 
75,683: [GC (Allocation Failure) [PSYoungGen: 72800K->96K(71680K)] 74692K->1988K(246784K), 0,0005250 secs] [Times: user=0,00 sys=0,00, real=0,00 secs] 
75,762: [GC (Allocation Failure) [PSYoungGen: 71264K->96K(70144K)] 73156K->1988K(245248K), 0,0005233 secs] [Times: user=0,00 sys=0,00, real=0,00 secs] 
75,839: [GC (Allocation Failure) [PSYoungGen: 69728K->96K(68608K)] 71620K->1988K(243712K), 0,0005237 secs] [Times: user=0,00 sys=0,00, real=0,00 secs] 
75,914: [GC (Allocation Failure) [PSYoungGen: 68192K->96K(67072K)] 70084K->1988K(242176K), 0,0005178 secs] [Times: user=0,00 sys=0,00, real=0,00 secs] 
75,989: [GC (Allocation Failure) [PSYoungGen: 66656K->96K(65536K)] 68548K->1988K(240640K), 0,0005355 secs] [Times: user=0,00 sys=0,00, real=0,00 secs] 
76,060: [GC (Allocation Failure) [PSYoungGen: 65119K->96K(64000K)] 67012K->1988K(239104K), 0,0005212 secs] [Times: user=0,01 sys=0,00, real=0,01 secs] 
76,129: [GC (Allocation Failure) [PSYoungGen: 63584K->96K(62464K)] 65476K->1988K(237568K), 0,0010472 secs] [Times: user=0,01 sys=0,00, real=0,01 secs] 
76,201: [GC (Allocation Failure) [PSYoungGen: 62048K->96K(61440K)] 63940K->1988K(236544K), 0,0006566 secs] [Times: user=0,00 sys=0,00, real=0,00 secs] 
76,273: [GC (Allocation Failure) [PSYoungGen: 61024K->96K(60416K)] 62916K->1988K(235520K), 0,0009736 secs] [Times: user=0,00 sys=0,00, real=0,00 secs] 
76,340: [GC (Allocation Failure) [PSYoungGen: 60000K->96K(59392K)] 61892K->1988K(234496K), 0,0005468 secs] [Times: user=0,00 sys=0,00, real=0,01 secs] 
76,404: [GC (Allocation Failure) [PSYoungGen: 58976K->96K(58368K)] 60868K->1988K(233472K), 0,0005284 secs] [Times: user=0,00 sys=0,00, real=0,00 secs] 
76,468: [GC (Allocation Failure) [PSYoungGen: 57952K->96K(57344K)] 59844K->1988K(232448K), 0,0005503 secs] [Times: user=0,00 sys=0,00, real=0,00 secs] 
76,530: [GC (Allocation Failure) [PSYoungGen: 56928K->96K(56320K)] 58820K->1988K(231424K), 0,0005106 secs] [Times: user=0,00 sys=0,00, real=0,01 secs] 
76,595: [GC (Allocation Failure) [PSYoungGen: 55904K->64K(55296K)] 57796K->1956K(230400K), 0,0005224 secs] [Times: user=0,00 sys=0,00, real=0,00 secs] 
76,656: [GC (Allocation Failure) [PSYoungGen: 54848K->64K(54272K)] 56740K->1956K(229376K), 0,0007174 secs] [Times: user=0,01 sys=0,00, real=0,00 secs] 
76,715: [GC (Allocation Failure) [PSYoungGen: 53824K->96K(53248K)] 55716K->1988K(228352K), 0,0005090 secs] [Times: user=0,01 sys=0,00, real=0,00 secs] 
76,772: [GC (Allocation Failure) [PSYoungGen: 52832K->96K(52224K)] 54724K->1988K(227328K), 0,0004133 secs] [Times: user=0,00 sys=0,00, real=0,00 secs] 
76,830: [GC (Allocation Failure) [PSYoungGen: 51808K->64K(62976K)] 53700K->1956K(238080K), 0,0010090 secs] [Times: user=0,00 sys=0,00, real=0,01 secs] 
76,898: [GC (Allocation Failure) [PSYoungGen: 62528K->96K(61952K)] 64420K->1988K(237056K), 0,0005165 secs] [Times: user=0,00 sys=0,00, real=0,00 secs] 
76,967: [GC (Allocation Failure) [PSYoungGen: 61536K->96K(60928K)] 63428K->1988K(236032K), 0,0005306 secs] [Times: user=0,00 sys=0,00, real=0,00 secs] 
77,034: [GC (Allocation Failure) [PSYoungGen: 60512K->96K(59904K)] 62404K->1988K(235008K), 0,0005402 secs] [Times: user=0,01 sys=0,00, real=0,00 secs] 
77,099: [GC (Allocation Failure) [PSYoungGen: 59488K->96K(58880K)] 61380K->1988K(233984K), 0,0005578 secs] [Times: user=0,00 sys=0,00, real=0,00 secs] 
77,163: [GC (Allocation Failure) [PSYoungGen: 58464K->64K(57856K)] 60356K->1956K(232960K), 0,0005313 secs] [Times: user=0,01 sys=0,00, real=0,00 secs] 
77,226: [GC (Allocation Failure) [PSYoungGen: 57408K->96K(56832K)] 59300K->1988K(231936K), 0,0005132 secs] [Times: user=0,00 sys=0,00, real=0,00 secs] 
77,287: [GC (Allocation Failure) [PSYoungGen: 56416K->96K(55808K)] 58308K->1988K(230912K), 0,0005251 secs] [Times: user=0,00 sys=0,00, real=0,00 secs] 
77,348: [GC (Allocation Failure) [PSYoungGen: 55392K->96K(54784K)] 57284K->1988K(229888K), 0,0005659 secs] [Times: user=0,00 sys=0,00, real=0,00 secs] 
77,415: [GC (Allocation Failure) [PSYoungGen: 54368K->64K(53760K)] 56260K->1956K(228864K), 0,0010785 secs] [Times: user=0,00 sys=0,00, real=0,00 secs] 
77,474: [GC (Allocation Failure) [PSYoungGen: 53312K->96K(52736K)] 55204K->1988K(227840K), 0,0005237 secs] [Times: user=0,00 sys=0,00, real=0,00 secs] 
77,531: [GC (Allocation Failure) [PSYoungGen: 52320K->96K(51712K)] 54212K->1988K(226816K), 0,0004454 secs] [Times: user=0,00 sys=0,00, real=0,00 secs] 
77,587: [GC (Allocation Failure) [PSYoungGen: 51296K->96K(50688K)] 53188K->1988K(225792K), 0,0005306 secs] [Times: user=0,00 sys=0,01, real=0,00 secs] 
77,642: [GC (Allocation Failure) [PSYoungGen: 50272K->64K(49664K)] 52164K->1956K(224768K), 0,0004100 secs] [Times: user=0,00 sys=0,00, real=0,00 secs] 
77,695: [GC (Allocation Failure) [PSYoungGen: 49216K->96K(48640K)] 51108K->1988K(223744K), 0,0004054 secs] [Times: user=0,00 sys=0,00, real=0,00 secs] 
77,748: [GC (Allocation Failure) [PSYoungGen: 48224K->64K(48128K)] 50116K->1956K(223232K), 0,0009278 secs] [Times: user=0,01 sys=0,00, real=0,00 secs] 
77,801: [GC (Allocation Failure) [PSYoungGen: 47680K->96K(47616K)] 49572K->1988K(222720K), 0,0005541 secs] [Times: user=0,00 sys=0,00, real=0,00 secs] 
77,853: [GC (Allocation Failure) [PSYoungGen: 47200K->96K(47104K)] 49092K->1988K(222208K), 0,0005144 secs] [Times: user=0,00 sys=0,00, real=0,00 secs] 
77,904: [GC (Allocation Failure) [PSYoungGen: 46688K->96K(46592K)] 48580K->1988K(221696K), 0,0004269 secs] [Times: user=0,00 sys=0,00, real=0,00 secs] 
77,956: [GC (Allocation Failure) [PSYoungGen: 46176K->96K(46080K)] 48068K->1988K(221184K), 0,0005369 secs] [Times: user=0,00 sys=0,00, real=0,00 secs] 
78,007: [GC (Allocation Failure) [PSYoungGen: 45664K->96K(45568K)] 47556K->1988K(220672K), 0,0005165 secs] [Times: user=0,00 sys=0,00, real=0,00 secs] 
78,056: [GC (Allocation Failure) [PSYoungGen: 45152K->64K(45056K)] 47044K->1956K(220160K), 0,0004118 secs] [Times: user=0,00 sys=0,00, real=0,00 secs] 
78,109: [GC (Allocation Failure) [PSYoungGen: 44608K->96K(44544K)] 46500K->1988K(219648K), 0,0005359 secs] [Times: user=0,00 sys=0,00, real=0,00 secs] 
78,158: [GC (Allocation Failure) [PSYoungGen: 44128K->96K(44032K)] 46020K->1988K(219136K), 0,0005783 secs] [Times: user=0,00 sys=0,00, real=0,00 secs] 
78,206: [GC (Allocation Failure) [PSYoungGen: 43616K->96K(43520K)] 45508K->1988K(218624K), 0,0004167 secs] [Times: user=0,00 sys=0,00, real=0,00 secs] 
78,257: [GC (Allocation Failure) [PSYoungGen: 43104K->96K(43008K)] 44996K->1988K(218112K), 0,0005491 secs] [Times: user=0,00 sys=0,00, real=0,00 secs] 
78,308: [GC (Allocation Failure) [PSYoungGen: 42592K->96K(42496K)] 44484K->1988K(217600K), 0,0004234 secs] [Times: user=0,00 sys=0,00, real=0,00 secs] 
78,354: [GC (Allocation Failure) [PSYoungGen: 42080K->96K(41984K)] 43972K->1988K(217088K), 0,0004742 secs] [Times: user=0,00 sys=0,00, real=0,00 secs] 
78,398: [GC (Allocation Failure) [PSYoungGen: 41568K->64K(50688K)] 43460K->1956K(225792K), 0,0011277 secs] [Times: user=0,00 sys=0,00, real=0,00 secs] 
78,453: [GC (Allocation Failure) [PSYoungGen: 50240K->96K(60928K)] 52132K->1988K(236032K), 0,0004968 secs] [Times: user=0,00 sys=0,00, real=0,00 secs] 
78,517: [GC (Allocation Failure) [PSYoungGen: 60512K->96K(73216K)] 62404K->1988K(248320K), 0,0005003 secs] [Times: user=0,00 sys=0,00, real=0,00 secs] 
78,593: [GC (Allocation Failure) [PSYoungGen: 72800K->96K(71680K)] 74692K->1988K(246784K), 0,0004967 secs] [Times: user=0,00 sys=0,00, real=0,00 secs] 
78,669: [GC (Allocation Failure) [PSYoungGen: 71264K->96K(70144K)] 73156K->1988K(245248K), 0,0005116 secs] [Times: user=0,00 sys=0,00, real=0,00 secs] 
78,743: [GC (Allocation Failure) [PSYoungGen: 69728K->64K(68608K)] 71620K->1956K(243712K), 0,0005122 secs] [Times: user=0,00 sys=0,00, real=0,00 secs] 
78,815: [GC (Allocation Failure) [PSYoungGen: 68160K->96K(67072K)] 70052K->1988K(242176K), 0,0005078 secs] [Times: user=0,00 sys=0,00, real=0,00 secs] 
78,885: [GC (Allocation Failure) [PSYoungGen: 66656K->96K(65536K)] 68548K->1988K(240640K), 0,0005172 secs] [Times: user=0,00 sys=0,00, real=0,00 secs] 
78,956: [GC (Allocation Failure) [PSYoungGen: 65120K->96K(64000K)] 67012K->1988K(239104K), 0,0005155 secs] [Times: user=0,00 sys=0,00, real=0,00 secs] 
79,023: [GC (Allocation Failure) [PSYoungGen: 63584K->96K(62464K)] 65476K->1988K(237568K), 0,0005048 secs] [Times: user=0,00 sys=0,00, real=0,00 secs] 
79,089: [GC (Allocation Failure) [PSYoungGen: 62048K->96K(61440K)] 63940K->1988K(236544K), 0,0005079 secs] [Times: user=0,00 sys=0,00, real=0,00 secs] 
79,154: [GC (Allocation Failure) [PSYoungGen: 61024K->96K(60416K)] 62916K->1988K(235520K), 0,0005005 secs] [Times: user=0,00 sys=0,00, real=0,00 secs] 
79,219: [GC (Allocation Failure) [PSYoungGen: 60000K->64K(59392K)] 61892K->1956K(234496K), 0,0005222 secs] [Times: user=0,00 sys=0,00, real=0,00 secs] 
79,282: [GC (Allocation Failure) [PSYoungGen: 58944K->96K(58368K)] 60836K->1988K(233472K), 0,0005075 secs] [Times: user=0,00 sys=0,00, real=0,00 secs] 
79,344: [GC (Allocation Failure) [PSYoungGen: 57952K->96K(57344K)] 59844K->1988K(232448K), 0,0005063 secs] [Times: user=0,00 sys=0,00, real=0,00 secs] 
79,404: [GC (Allocation Failure) [PSYoungGen: 56928K->96K(56320K)] 58820K->1988K(231424K), 0,0004959 secs] [Times: user=0,00 sys=0,00, real=0,00 secs] 
79,463: [GC (Allocation Failure) [PSYoungGen: 55904K->96K(55296K)] 57796K->1988K(230400K), 0,0005026 secs] [Times: user=0,00 sys=0,00, real=0,00 secs] 
79,522: [GC (Allocation Failure) [PSYoungGen: 54880K->96K(54272K)] 56772K->1988K(229376K), 0,0005111 secs] [Times: user=0,00 sys=0,00, real=0,00 secs] 
79,580: [GC (Allocation Failure) [PSYoungGen: 53855K->96K(53248K)] 55748K->1988K(228352K), 0,0005550 secs] [Times: user=0,00 sys=0,00, real=0,00 secs] 
79,637: [GC (Allocation Failure) [PSYoungGen: 52832K->96K(52224K)] 54724K->1988K(227328K), 0,0005286 secs] [Times: user=0,00 sys=0,00, real=0,00 secs] 
79,692: [GC (Allocation Failure) [PSYoungGen: 51808K->96K(51200K)] 53700K->1988K(226304K), 0,0005104 secs] [Times: user=0,00 sys=0,00, real=0,00 secs] 
79,746: [GC (Allocation Failure) [PSYoungGen: 50784K->64K(50176K)] 52676K->1956K(225280K), 0,0004953 secs] [Times: user=0,00 sys=0,00, real=0,00 secs] 
79,799: [GC (Allocation Failure) [PSYoungGen: 49728K->96K(49152K)] 51620K->1988K(224256K), 0,0005074 secs] [Times: user=0,00 sys=0,00, real=0,00 secs] 
79,851: [GC (Allocation Failure) [PSYoungGen: 48736K->96K(48128K)] 50628K->1988K(223232K), 0,0005374 secs] [Times: user=0,00 sys=0,00, real=0,00 secs] 
79,902: [GC (Allocation Failure) [PSYoungGen: 47712K->32K(47616K)] 49604K->1924K(222720K), 0,0005808 secs] [Times: user=0,00 sys=0,00, real=0,00 secs] 
79,952: [GC (Allocation Failure) [PSYoungGen: 47136K->96K(47104K)] 49028K->1988K(222208K), 0,0005912 secs] [Times: user=0,00 sys=0,00, real=0,00 secs] 
80,004: [GC (Allocation Failure) [PSYoungGen: 46688K->96K(46592K)] 48580K->1988K(221696K), 0,0005113 secs] [Times: user=0,00 sys=0,00, real=0,00 secs] 
80,054: [GC (Allocation Failure) [PSYoungGen: 46176K->96K(46080K)] 48068K->1988K(221184K), 0,0005367 secs] [Times: user=0,00 sys=0,00, real=0,00 secs] 
80,103: [GC (Allocation Failure) [PSYoungGen: 45664K->96K(45568K)] 47556K->1988K(220672K), 0,0004034 secs] [Times: user=0,00 sys=0,00, real=0,00 secs] 
80,152: [GC (Allocation Failure) [PSYoungGen: 45152K->96K(45056K)] 47044K->1988K(220160K), 0,0005258 secs] [Times: user=0,00 sys=0,00, real=0,00 secs] 
80,201: [GC (Allocation Failure) [PSYoungGen: 44640K->96K(44544K)] 46532K->1988K(219648K), 0,0005056 secs] [Times: user=0,00 sys=0,00, real=0,00 secs] 
80,248: [GC (Allocation Failure) [PSYoungGen: 44128K->96K(44032K)] 46020K->1988K(219136K), 0,0004328 secs] [Times: user=0,00 sys=0,00, real=0,00 secs] 
80,296: [GC (Allocation Failure) [PSYoungGen: 43616K->64K(43520K)] 45508K->1956K(218624K), 0,0006863 secs] [Times: user=0,00 sys=0,00, real=0,00 secs] 
80,343: [GC (Allocation Failure) [PSYoungGen: 43072K->96K(43008K)] 44964K->2012K(218112K), 0,0004179 secs] [Times: user=0,00 sys=0,00, real=0,00 secs] 
80,390: [GC (Allocation Failure) [PSYoungGen: 42592K->96K(42496K)] 44508K->2012K(217600K), 0,0004196 secs] [Times: user=0,00 sys=0,00, real=0,01 secs] 
80,435: [GC (Allocation Failure) [PSYoungGen: 42080K->64K(41984K)] 43996K->1980K(217088K), 0,0005691 secs] [Times: user=0,00 sys=0,00, real=0,00 secs] 
80,481: [GC (Allocation Failure) [PSYoungGen: 41536K->96K(41472K)] 43452K->2012K(216576K), 0,0004237 secs] [Times: user=0,00 sys=0,00, real=0,00 secs] 
80,525: [GC (Allocation Failure) [PSYoungGen: 41056K->64K(40960K)] 42972K->1980K(216064K), 0,0004110 secs] [Times: user=0,00 sys=0,00, real=0,00 secs] 
80,569: [GC (Allocation Failure) [PSYoungGen: 40512K->96K(40448K)] 42428K->2012K(215552K), 0,0004188 secs] [Times: user=0,00 sys=0,00, real=0,00 secs] 
80,614: [GC (Allocation Failure) [PSYoungGen: 40032K->96K(39936K)] 41948K->2012K(215040K), 0,0004340 secs] [Times: user=0,00 sys=0,00, real=0,00 secs] 
80,657: [GC (Allocation Failure) [PSYoungGen: 39520K->96K(39424K)] 41436K->2012K(214528K), 0,0004340 secs] [Times: user=0,00 sys=0,00, real=0,00 secs] 
80,699: [GC (Allocation Failure) [PSYoungGen: 39008K->96K(38912K)] 40924K->2012K(214016K), 0,0004631 secs] [Times: user=0,00 sys=0,00, real=0,00 secs] 
80,740: [GC (Allocation Failure) [PSYoungGen: 38496K->96K(38400K)] 40412K->2012K(213504K), 0,0004122 secs] [Times: user=0,00 sys=0,00, real=0,01 secs] 
80,781: [GC (Allocation Failure) [PSYoungGen: 37984K->64K(46080K)] 39900K->1980K(221184K), 0,0010450 secs] [Times: user=0,01 sys=0,00, real=0,00 secs] 
80,830: [GC (Allocation Failure) [PSYoungGen: 45632K->64K(55296K)] 47548K->1980K(230400K), 0,0004554 secs] [Times: user=0,00 sys=0,00, real=0,00 secs] 
80,889: [GC (Allocation Failure) [PSYoungGen: 54848K->64K(66560K)] 56764K->1980K(241664K), 0,0007011 secs] [Times: user=0,01 sys=0,00, real=0,00 secs] 
80,961: [GC (Allocation Failure) [PSYoungGen: 66112K->96K(79872K)] 68028K->2012K(254976K), 0,0005103 secs] [Times: user=0,00 sys=0,00, real=0,00 secs] 
81,046: [GC (Allocation Failure) [PSYoungGen: 79456K->96K(77824K)] 81372K->2012K(252928K), 0,0005013 secs] [Times: user=0,00 sys=0,00, real=0,00 secs] 
81,130: [GC (Allocation Failure) [PSYoungGen: 77408K->64K(75776K)] 79324K->1980K(250880K), 0,0004913 secs] [Times: user=0,00 sys=0,00, real=0,01 secs] 
81,210: [GC (Allocation Failure) [PSYoungGen: 75328K->96K(74240K)] 77244K->2012K(249344K), 0,0005014 secs] [Times: user=0,00 sys=0,00, real=0,00 secs] 
81,290: [GC (Allocation Failure) [PSYoungGen: 73824K->96K(72704K)] 75740K->2012K(247808K), 0,0005094 secs] [Times: user=0,00 sys=0,00, real=0,01 secs] 
81,367: [GC (Allocation Failure) [PSYoungGen: 72288K->96K(71168K)] 74204K->2012K(246272K), 0,0004997 secs] [Times: user=0,00 sys=0,00, real=0,00 secs] 
81,443: [GC (Allocation Failure) [PSYoungGen: 70752K->96K(69632K)] 72668K->2012K(244736K), 0,0004969 secs] [Times: user=0,00 sys=0,00, real=0,00 secs] 
81,516: [GC (Allocation Failure) [PSYoungGen: 69216K->96K(68096K)] 71132K->2012K(243200K), 0,0004977 secs] [Times: user=0,00 sys=0,00, real=0,00 secs] 
81,589: [GC (Allocation Failure) [PSYoungGen: 67679K->96K(66560K)] 69596K->2012K(241664K), 0,0005192 secs] [Times: user=0,00 sys=0,00, real=0,00 secs] 
81,660: [GC (Allocation Failure) [PSYoungGen: 66144K->96K(65024K)] 68060K->2012K(240128K), 0,0005029 secs] [Times: user=0,00 sys=0,00, real=0,01 secs] 
81,729: [GC (Allocation Failure) [PSYoungGen: 64608K->64K(63488K)] 66524K->1980K(238592K), 0,0004887 secs] [Times: user=0,00 sys=0,00, real=0,00 secs] 
81,796: [GC (Allocation Failure) [PSYoungGen: 63040K->96K(61952K)] 64956K->2012K(237056K), 0,0004922 secs] [Times: user=0,01 sys=0,00, real=0,00 secs] 
81,863: [GC (Allocation Failure) [PSYoungGen: 61536K->96K(60928K)] 63452K->2012K(236032K), 0,0005247 secs] [Times: user=0,00 sys=0,00, real=0,00 secs] 
81,927: [GC (Allocation Failure) [PSYoungGen: 60512K->96K(59904K)] 62428K->2012K(235008K), 0,0005568 secs] [Times: user=0,00 sys=0,00, real=0,00 secs] 
81,993: [GC (Allocation Failure) [PSYoungGen: 59488K->96K(58880K)] 61404K->2012K(233984K), 0,0005794 secs] [Times: user=0,00 sys=0,00, real=0,00 secs] 
82,055: [GC (Allocation Failure) [PSYoungGen: 58464K->96K(57856K)] 60380K->2012K(232960K), 0,0004961 secs] [Times: user=0,00 sys=0,00, real=0,00 secs] 
82,116: [GC (Allocation Failure) [PSYoungGen: 57440K->64K(56832K)] 59356K->1980K(231936K), 0,0005149 secs] [Times: user=0,00 sys=0,00, real=0,00 secs] 
82,176: [GC (Allocation Failure) [PSYoungGen: 56384K->96K(55808K)] 58300K->2012K(230912K), 0,0004937 secs] [Times: user=0,00 sys=0,00, real=0,00 secs] 
82,235: [GC (Allocation Failure) [PSYoungGen: 55392K->96K(54784K)] 57308K->2012K(229888K), 0,0008090 secs] [Times: user=0,01 sys=0,00, real=0,00 secs] 
82,293: [GC (Allocation Failure) [PSYoungGen: 54368K->64K(53760K)] 56284K->1980K(228864K), 0,0005159 secs] [Times: user=0,00 sys=0,00, real=0,00 secs] 
82,350: [GC (Allocation Failure) [PSYoungGen: 53312K->96K(52736K)] 55228K->2012K(227840K), 0,0004967 secs] [Times: user=0,00 sys=0,00, real=0,01 secs] 
82,405: [GC (Allocation Failure) [PSYoungGen: 52320K->96K(51712K)] 54236K->2012K(226816K), 0,0004925 secs] [Times: user=0,00 sys=0,00, real=0,00 secs] 
82,459: [GC (Allocation Failure) [PSYoungGen: 51296K->96K(50688K)] 53212K->2012K(225792K), 0,0004897 secs] [Times: user=0,00 sys=0,00, real=0,00 secs] 
82,516: [GC (Allocation Failure) [PSYoungGen: 50272K->96K(49664K)] 52188K->2012K(224768K), 0,0004997 secs] [Times: user=0,00 sys=0,00, real=0,00 secs] 
82,568: [GC (Allocation Failure) [PSYoungGen: 49248K->96K(48640K)] 51164K->2012K(223744K), 0,0004105 secs] [Times: user=0,00 sys=0,00, real=0,00 secs] 
82,620: [GC (Allocation Failure) [PSYoungGen: 48224K->96K(48128K)] 50140K->2012K(223232K), 0,0004927 secs] [Times: user=0,00 sys=0,00, real=0,01 secs] 
82,670: [GC (Allocation Failure) [PSYoungGen: 47712K->96K(47616K)] 49628K->2012K(222720K), 0,0004128 secs] [Times: user=0,00 sys=0,00, real=0,00 secs] 
82,720: [GC (Allocation Failure) [PSYoungGen: 47200K->96K(47104K)] 49116K->2012K(222208K), 0,0004903 secs] [Times: user=0,00 sys=0,00, real=0,00 secs] 
82,770: [GC (Allocation Failure) [PSYoungGen: 46688K->64K(46592K)] 48604K->1980K(221696K), 0,0005088 secs] [Times: user=0,00 sys=0,00, real=0,01 secs] 
82,819: [GC (Allocation Failure) [PSYoungGen: 46144K->96K(46080K)] 48060K->2012K(221184K), 0,0005034 secs] [Times: user=0,00 sys=0,00, real=0,00 secs] 
82,867: [GC (Allocation Failure) [PSYoungGen: 45664K->96K(45568K)] 47580K->2012K(220672K), 0,0004086 secs] [Times: user=0,00 sys=0,00, real=0,00 secs] 
82,915: [GC (Allocation Failure) [PSYoungGen: 45152K->64K(45056K)] 47068K->1980K(220160K), 0,0003975 secs] [Times: user=0,00 sys=0,00, real=0,00 secs] 
82,964: [GC (Allocation Failure) [PSYoungGen: 44608K->96K(44544K)] 46524K->2012K(219648K), 0,0005922 secs] [Times: user=0,00 sys=0,00, real=0,00 secs] 
83,011: [GC (Allocation Failure) [PSYoungGen: 44128K->96K(44032K)] 46044K->2012K(219136K), 0,0005111 secs] [Times: user=0,01 sys=0,00, real=0,00 secs] 
83,057: [GC (Allocation Failure) [PSYoungGen: 43616K->96K(43520K)] 45532K->2012K(218624K), 0,0004976 secs] [Times: user=0,00 sys=0,00, real=0,00 secs] 
83,103: [GC (Allocation Failure) [PSYoungGen: 43104K->96K(43008K)] 45020K->2012K(218112K), 0,0004055 secs] [Times: user=0,00 sys=0,00, real=0,00 secs] 
83,149: [GC (Allocation Failure) [PSYoungGen: 42592K->96K(42496K)] 44508K->2012K(217600K), 0,0004031 secs] [Times: user=0,00 sys=0,00, real=0,00 secs] 
83,193: [GC (Allocation Failure) [PSYoungGen: 42080K->96K(41984K)] 43996K->2012K(217088K), 0,0003940 secs] [Times: user=0,00 sys=0,00, real=0,00 secs] 
83,237: [GC (Allocation Failure) [PSYoungGen: 41568K->96K(41472K)] 43484K->2012K(216576K), 0,0003878 secs] [Times: user=0,00 sys=0,00, real=0,00 secs] 
83,281: [GC (Allocation Failure) [PSYoungGen: 41056K->96K(40960K)] 42972K->2012K(216064K), 0,0004342 secs] [Times: user=0,00 sys=0,00, real=0,00 secs] 
83,324: [GC (Allocation Failure) [PSYoungGen: 40544K->96K(40448K)] 42460K->2012K(215552K), 0,0004127 secs] [Times: user=0,00 sys=0,00, real=0,00 secs] 
83,367: [GC (Allocation Failure) [PSYoungGen: 40032K->96K(39936K)] 41948K->2012K(215040K), 0,0004010 secs] [Times: user=0,00 sys=0,00, real=0,00 secs] 
83,408: [GC (Allocation Failure) [PSYoungGen: 39520K->32K(39424K)] 41436K->1948K(214528K), 0,0003873 secs] [Times: user=0,00 sys=0,00, real=0,00 secs] 
83,450: [GC (Allocation Failure) [PSYoungGen: 38944K->96K(38912K)] 40860K->2012K(214016K), 0,0003964 secs] [Times: user=0,00 sys=0,00, real=0,00 secs] 
83,491: [GC (Allocation Failure) [PSYoungGen: 38496K->128K(38400K)] 40412K->2044K(213504K), 0,0004128 secs] [Times: user=0,00 sys=0,00, real=0,00 secs] 
83,531: [GC (Allocation Failure) [PSYoungGen: 38016K->64K(37888K)] 39932K->1980K(212992K), 0,0003746 secs] [Times: user=0,00 sys=0,00, real=0,00 secs] 
83,571: [GC (Allocation Failure) [PSYoungGen: 37440K->96K(37376K)] 39356K->2012K(212480K), 0,0004938 secs] [Times: user=0,00 sys=0,00, real=0,00 secs] 
83,611: [GC (Allocation Failure) [PSYoungGen: 36960K->64K(36864K)] 38876K->1980K(211968K), 0,0004815 secs] [Times: user=0,00 sys=0,00, real=0,00 secs] 
83,649: [GC (Allocation Failure) [PSYoungGen: 36416K->96K(36352K)] 38332K->2012K(211456K), 0,0004401 secs] [Times: user=0,00 sys=0,00, real=0,00 secs] 
83,688: [GC (Allocation Failure) [PSYoungGen: 35936K->64K(35840K)] 37852K->1980K(210944K), 0,0003979 secs] [Times: user=0,00 sys=0,00, real=0,00 secs] 
83,725: [GC (Allocation Failure) [PSYoungGen: 35392K->96K(35328K)] 37308K->2012K(210432K), 0,0003707 secs] [Times: user=0,00 sys=0,00, real=0,00 secs] 
83,763: [GC (Allocation Failure) [PSYoungGen: 34912K->96K(34816K)] 36828K->2012K(209920K), 0,0004100 secs] [Times: user=0,00 sys=0,00, real=0,00 secs] 
83,799: [GC (Allocation Failure) [PSYoungGen: 34400K->64K(34304K)] 36316K->1980K(209408K), 0,0004117 secs] [Times: user=0,00 sys=0,00, real=0,00 secs] 
83,835: [GC (Allocation Failure) [PSYoungGen: 33856K->64K(41472K)] 35772K->1980K(216576K), 0,0005096 secs] [Times: user=0,00 sys=0,00, real=0,00 secs] 
83,879: [GC (Allocation Failure) [PSYoungGen: 41024K->96K(49664K)] 42940K->2012K(224768K), 0,0004293 secs] [Times: user=0,00 sys=0,00, real=0,00 secs] 
83,932: [GC (Allocation Failure) [PSYoungGen: 49248K->96K(48640K)] 51164K->2012K(223744K), 0,0004033 secs] [Times: user=0,00 sys=0,00, real=0,00 secs] 
83,984: [GC (Allocation Failure) [PSYoungGen: 48224K->64K(48128K)] 50140K->1980K(223232K), 0,0005023 secs] [Times: user=0,00 sys=0,00, real=0,00 secs] 
84,035: [GC (Allocation Failure) [PSYoungGen: 47680K->96K(47616K)] 49596K->2012K(222720K), 0,0005526 secs] [Times: user=0,00 sys=0,00, real=0,00 secs] 
84,085: [GC (Allocation Failure) [PSYoungGen: 47200K->64K(47104K)] 49116K->1980K(222208K), 0,0004947 secs] [Times: user=0,00 sys=0,00, real=0,00 secs] 
84,135: [GC (Allocation Failure) [PSYoungGen: 46656K->96K(46592K)] 48572K->2012K(221696K), 0,0003949 secs] [Times: user=0,00 sys=0,00, real=0,00 secs] 
84,183: [GC (Allocation Failure) [PSYoungGen: 46176K->96K(46080K)] 48092K->2012K(221184K), 0,0004087 secs] [Times: user=0,00 sys=0,00, real=0,00 secs] 
84,232: [GC (Allocation Failure) [PSYoungGen: 45664K->96K(45568K)] 47580K->2012K(220672K), 0,0004942 secs] [Times: user=0,00 sys=0,00, real=0,00 secs] 
84,280: [GC (Allocation Failure) [PSYoungGen: 45152K->96K(45056K)] 47068K->2012K(220160K), 0,0005039 secs] [Times: user=0,00 sys=0,00, real=0,00 secs] 
84,328: [GC (Allocation Failure) [PSYoungGen: 44640K->96K(44544K)] 46556K->2012K(219648K), 0,0004468 secs] [Times: user=0,00 sys=0,00, real=0,00 secs] 
84,375: [GC (Allocation Failure) [PSYoungGen: 44128K->96K(44032K)] 46044K->2012K(219136K), 0,0005503 secs] [Times: user=0,01 sys=0,00, real=0,00 secs] 
84,421: [GC (Allocation Failure) [PSYoungGen: 43616K->96K(43520K)] 45532K->2012K(218624K), 0,0004147 secs] [Times: user=0,00 sys=0,00, real=0,00 secs] 
84,468: [GC (Allocation Failure) [PSYoungGen: 43104K->64K(43008K)] 45020K->1980K(218112K), 0,0004868 secs] [Times: user=0,00 sys=0,00, real=0,00 secs] 
84,513: [GC (Allocation Failure) [PSYoungGen: 42560K->96K(42496K)] 44476K->2012K(217600K), 0,0005267 secs] [Times: user=0,00 sys=0,00, real=0,00 secs] 
84,559: [GC (Allocation Failure) [PSYoungGen: 42080K->96K(41984K)] 43996K->2012K(217088K), 0,0005121 secs] [Times: user=0,00 sys=0,00, real=0,00 secs] 
84,604: [GC (Allocation Failure) [PSYoungGen: 41568K->96K(41472K)] 43484K->2012K(216576K), 0,0004206 secs] [Times: user=0,01 sys=0,00, real=0,00 secs] 
84,648: [GC (Allocation Failure) [PSYoungGen: 41056K->96K(40960K)] 42972K->2012K(216064K), 0,0004027 secs] [Times: user=0,00 sys=0,00, real=0,00 secs] 
84,692: [GC (Allocation Failure) [PSYoungGen: 40544K->96K(40448K)] 42460K->2012K(215552K), 0,0004050 secs] [Times: user=0,00 sys=0,00, real=0,00 secs] 
84,734: [GC (Allocation Failure) [PSYoungGen: 40032K->96K(39936K)] 41948K->2012K(215040K), 0,0004584 secs] [Times: user=0,00 sys=0,00, real=0,00 secs] 
84,776: [GC (Allocation Failure) [PSYoungGen: 39520K->96K(39424K)] 41436K->2012K(214528K), 0,0004095 secs] [Times: user=0,00 sys=0,00, real=0,00 secs] 
84,818: [GC (Allocation Failure) [PSYoungGen: 39008K->96K(38912K)] 40924K->2012K(214016K), 0,0004383 secs] [Times: user=0,00 sys=0,00, real=0,00 secs] 
84,859: [GC (Allocation Failure) [PSYoungGen: 38496K->64K(46592K)] 40412K->1980K(221696K), 0,0011393 secs] [Times: user=0,00 sys=0,00, real=0,00 secs] 
84,909: [GC (Allocation Failure) [PSYoungGen: 46144K->96K(55808K)] 48060K->2012K(230912K), 0,0005317 secs] [Times: user=0,00 sys=0,00, real=0,00 secs] 
84,970: [GC (Allocation Failure) [PSYoungGen: 55392K->96K(67072K)] 57308K->2012K(242176K), 0,0005550 secs] [Times: user=0,00 sys=0,00, real=0,01 secs] 
85,042: [GC (Allocation Failure) [PSYoungGen: 66656K->96K(80384K)] 68572K->2012K(255488K), 0,0005119 secs] [Times: user=0,01 sys=0,00, real=0,00 secs] 
85,128: [GC (Allocation Failure) [PSYoungGen: 79968K->64K(78336K)] 81884K->1980K(253440K), 0,0005570 secs] [Times: user=0,00 sys=0,00, real=0,00 secs] 
85,213: [GC (Allocation Failure) [PSYoungGen: 77888K->96K(76288K)] 79804K->2012K(251392K), 0,0005114 secs] [Times: user=0,00 sys=0,00, real=0,00 secs] 
85,294: [GC (Allocation Failure) [PSYoungGen: 75872K->96K(74752K)] 77788K->2012K(249856K), 0,0005102 secs] [Times: user=0,00 sys=0,00, real=0,00 secs] 
85,373: [GC (Allocation Failure) [PSYoungGen: 74336K->64K(73216K)] 76252K->1980K(248320K), 0,0006510 secs] [Times: user=0,00 sys=0,00, real=0,00 secs] 
85,451: [GC (Allocation Failure) [PSYoungGen: 72768K->96K(71680K)] 74684K->2012K(246784K), 0,0005147 secs] [Times: user=0,01 sys=0,00, real=0,00 secs] 
85,528: [GC (Allocation Failure) [PSYoungGen: 71264K->96K(70144K)] 73180K->2012K(245248K), 0,0005063 secs] [Times: user=0,00 sys=0,00, real=0,00 secs] 
85,602: [GC (Allocation Failure) [PSYoungGen: 69728K->96K(68608K)] 71644K->2012K(243712K), 0,0005057 secs] [Times: user=0,00 sys=0,00, real=0,00 secs] 
85,676: [GC (Allocation Failure) [PSYoungGen: 68192K->96K(67072K)] 70108K->2012K(242176K), 0,0005088 secs] [Times: user=0,00 sys=0,00, real=0,00 secs] 
85,747: [GC (Allocation Failure) [PSYoungGen: 66656K->96K(65536K)] 68572K->2012K(240640K), 0,0005055 secs] [Times: user=0,00 sys=0,00, real=0,00 secs] 
85,816: [GC (Allocation Failure) [PSYoungGen: 65120K->96K(64000K)] 67036K->2012K(239104K), 0,0004933 secs] [Times: user=0,00 sys=0,00, real=0,00 secs] 
85,885: [GC (Allocation Failure) [PSYoungGen: 63584K->96K(62464K)] 65500K->2012K(237568K), 0,0005136 secs] [Times: user=0,00 sys=0,00, real=0,00 secs] 
85,951: [GC (Allocation Failure) [PSYoungGen: 62048K->64K(61440K)] 63964K->1980K(236544K), 0,0005059 secs] [Times: user=0,00 sys=0,00, real=0,00 secs] 
86,018: [GC (Allocation Failure) [PSYoungGen: 60992K->96K(60416K)] 62908K->2012K(235520K), 0,0005406 secs] [Times: user=0,00 sys=0,00, real=0,00 secs] 
86,082: [GC (Allocation Failure) [PSYoungGen: 60000K->96K(59392K)] 61916K->2012K(234496K), 0,0005187 secs] [Times: user=0,00 sys=0,00, real=0,00 secs] 
86,146: [GC (Allocation Failure) [PSYoungGen: 58976K->96K(58368K)] 60892K->2012K(233472K), 0,0005133 secs] [Times: user=0,00 sys=0,00, real=0,00 secs] 
86,208: [GC (Allocation Failure) [PSYoungGen: 57952K->96K(57344K)] 59868K->2012K(232448K), 0,0005136 secs] [Times: user=0,00 sys=0,00, real=0,00 secs] 
86,269: [GC (Allocation Failure) [PSYoungGen: 56928K->64K(56320K)] 58844K->1980K(231424K), 0,0005086 secs] [Times: user=0,01 sys=0,00, real=0,00 secs] 
86,328: [GC (Allocation Failure) [PSYoungGen: 55872K->64K(55296K)] 57788K->1980K(230400K), 0,0005238 secs] [Times: user=0,01 sys=0,00, real=0,00 secs] 
86,387: [GC (Allocation Failure) [PSYoungGen: 54848K->96K(54272K)] 56764K->2012K(229376K), 0,0005202 secs] [Times: user=0,01 sys=0,01, real=0,00 secs] 
86,445: [GC (Allocation Failure) [PSYoungGen: 53856K->96K(53248K)] 55772K->2012K(228352K), 0,0005155 secs] [Times: user=0,00 sys=0,00, real=0,00 secs] 
86,502: [GC (Allocation Failure) [PSYoungGen: 52832K->96K(52224K)] 54748K->2012K(227328K), 0,0005033 secs] [Times: user=0,00 sys=0,00, real=0,00 secs] 
86,562: [GC (Allocation Failure) [PSYoungGen: 51808K->96K(51200K)] 53724K->2012K(226304K), 0,0005011 secs] [Times: user=0,00 sys=0,00, real=0,00 secs] 
86,617: [GC (Allocation Failure) [PSYoungGen: 50784K->96K(50176K)] 52700K->2012K(225280K), 0,0005047 secs] [Times: user=0,01 sys=0,00, real=0,00 secs] 
86,671: [GC (Allocation Failure) [PSYoungGen: 49760K->96K(49152K)] 51676K->2012K(224256K), 0,0004928 secs] [Times: user=0,00 sys=0,00, real=0,00 secs] 
86,723: [GC (Allocation Failure) [PSYoungGen: 48736K->96K(48128K)] 50652K->2012K(223232K), 0,0005343 secs] [Times: user=0,00 sys=0,00, real=0,00 secs] 
86,774: [GC (Allocation Failure) [PSYoungGen: 47712K->96K(47616K)] 49628K->2012K(222720K), 0,0004928 secs] [Times: user=0,00 sys=0,00, real=0,00 secs] 
86,825: [GC (Allocation Failure) [PSYoungGen: 47200K->96K(47104K)] 49116K->2012K(222208K), 0,0004950 secs] [Times: user=0,00 sys=0,00, real=0,00 secs] 
86,875: [GC (Allocation Failure) [PSYoungGen: 46688K->96K(46592K)] 48604K->2012K(221696K), 0,0005152 secs] [Times: user=0,00 sys=0,00, real=0,00 secs] 
86,924: [GC (Allocation Failure) [PSYoungGen: 46176K->96K(46080K)] 48092K->2012K(221184K), 0,0004829 secs] [Times: user=0,00 sys=0,00, real=0,00 secs] 
86,974: [GC (Allocation Failure) [PSYoungGen: 45664K->96K(45568K)] 47580K->2012K(220672K), 0,0005122 secs] [Times: user=0,00 sys=0,00, real=0,00 secs] 
87,022: [GC (Allocation Failure) [PSYoungGen: 45152K->96K(45056K)] 47068K->2012K(220160K), 0,0005005 secs] [Times: user=0,00 sys=0,00, real=0,00 secs] 
87,070: [GC (Allocation Failure) [PSYoungGen: 44640K->96K(44544K)] 46556K->2012K(219648K), 0,0004920 secs] [Times: user=0,00 sys=0,00, real=0,01 secs] 
87,117: [GC (Allocation Failure) [PSYoungGen: 44128K->64K(44032K)] 46044K->1980K(219136K), 0,0004868 secs] [Times: user=0,00 sys=0,00, real=0,00 secs] 
87,164: [GC (Allocation Failure) [PSYoungGen: 43584K->96K(43520K)] 45500K->2012K(218624K), 0,0004051 secs] [Times: user=0,01 sys=0,00, real=0,00 secs] 
87,211: [GC (Allocation Failure) [PSYoungGen: 43104K->96K(43008K)] 45020K->2012K(218112K), 0,0004888 secs] [Times: user=0,00 sys=0,00, real=0,00 secs] 
87,257: [GC (Allocation Failure) [PSYoungGen: 42592K->96K(42496K)] 44508K->2012K(217600K), 0,0004861 secs] [Times: user=0,00 sys=0,00, real=0,00 secs] 
87,303: [GC (Allocation Failure) [PSYoungGen: 42080K->64K(41984K)] 43996K->1980K(217088K), 0,0004826 secs] [Times: user=0,00 sys=0,00, real=0,00 secs] 
87,349: [GC (Allocation Failure) [PSYoungGen: 41536K->64K(41472K)] 43452K->1980K(216576K), 0,0004898 secs] [Times: user=0,00 sys=0,00, real=0,00 secs] 
87,401: [GC (Allocation Failure) [PSYoungGen: 41024K->96K(40960K)] 42940K->2012K(216064K), 0,0004851 secs] [Times: user=0,00 sys=0,00, real=0,00 secs] 
87,445: [GC (Allocation Failure) [PSYoungGen: 40544K->96K(40448K)] 42460K->2012K(215552K), 0,0004156 secs] [Times: user=0,00 sys=0,00, real=0,00 secs] 
87,489: [GC (Allocation Failure) [PSYoungGen: 40032K->96K(39936K)] 41948K->2012K(215040K), 0,0004427 secs] [Times: user=0,00 sys=0,00, real=0,00 secs] 
87,533: [GC (Allocation Failure) [PSYoungGen: 39520K->96K(39424K)] 41436K->2012K(214528K), 0,0005183 secs] [Times: user=0,00 sys=0,00, real=0,00 secs] 
87,576: [GC (Allocation Failure) [PSYoungGen: 39008K->96K(38912K)] 40924K->2012K(214016K), 0,0004137 secs] [Times: user=0,00 sys=0,00, real=0,00 secs] 
87,618: [GC (Allocation Failure) [PSYoungGen: 38496K->96K(38400K)] 40412K->2012K(213504K), 0,0004159 secs] [Times: user=0,00 sys=0,00, real=0,00 secs] 
87,660: [GC (Allocation Failure) [PSYoungGen: 37984K->96K(37888K)] 39900K->2012K(212992K), 0,0004105 secs] [Times: user=0,01 sys=0,00, real=0,00 secs] 
87,701: [GC (Allocation Failure) [PSYoungGen: 37472K->96K(37376K)] 39388K->2012K(212480K), 0,0004069 secs] [Times: user=0,00 sys=0,00, real=0,00 secs] 
87,741: [GC (Allocation Failure) [PSYoungGen: 36960K->96K(36864K)] 38876K->2012K(211968K), 0,0005127 secs] [Times: user=0,00 sys=0,00, real=0,00 secs] 
87,781: [GC (Allocation Failure) [PSYoungGen: 36448K->96K(36352K)] 38364K->2012K(211456K), 0,0003929 secs] [Times: user=0,00 sys=0,00, real=0,00 secs] 
87,820: [GC (Allocation Failure) [PSYoungGen: 35936K->96K(35840K)] 37852K->2012K(210944K), 0,0004164 secs] [Times: user=0,01 sys=0,00, real=0,00 secs] 
87,859: [GC (Allocation Failure) [PSYoungGen: 35424K->96K(35328K)] 37340K->2012K(210432K), 0,0004170 secs] [Times: user=0,00 sys=0,00, real=0,00 secs] 
87,897: [GC (Allocation Failure) [PSYoungGen: 34912K->96K(34816K)] 36828K->2012K(209920K), 0,0003957 secs] [Times: user=0,00 sys=0,01, real=0,00 secs] 
87,935: [GC (Allocation Failure) [PSYoungGen: 34400K->64K(34304K)] 36316K->1980K(209408K), 0,0004068 secs] [Times: user=0,00 sys=0,00, real=0,00 secs] 
87,972: [GC (Allocation Failure) [PSYoungGen: 33856K->96K(41472K)] 35772K->2012K(216576K), 0,0004962 secs] [Times: user=0,00 sys=0,00, real=0,00 secs] 
88,017: [GC (Allocation Failure) [PSYoungGen: 41056K->96K(49664K)] 42972K->2012K(224768K), 0,0006734 secs] [Times: user=0,00 sys=0,00, real=0,00 secs] 
88,070: [GC (Allocation Failure) [PSYoungGen: 49248K->96K(59904K)] 51164K->2012K(235008K), 0,0004969 secs] [Times: user=0,01 sys=0,00, real=0,00 secs] 
88,135: [GC (Allocation Failure) [PSYoungGen: 59488K->96K(58880K)] 61404K->2012K(233984K), 0,0005117 secs] [Times: user=0,00 sys=0,00, real=0,00 secs] 
88,197: [GC (Allocation Failure) [PSYoungGen: 58464K->96K(57856K)] 60380K->2012K(232960K), 0,0005390 secs] [Times: user=0,00 sys=0,00, real=0,00 secs] 
88,259: [GC (Allocation Failure) [PSYoungGen: 57440K->96K(56832K)] 59356K->2012K(231936K), 0,0005766 secs] [Times: user=0,00 sys=0,00, real=0,00 secs] 
88,320: [GC (Allocation Failure) [PSYoungGen: 56416K->96K(55808K)] 58332K->2012K(230912K), 0,0004984 secs] [Times: user=0,01 sys=0,00, real=0,01 secs] 
88,379: [GC (Allocation Failure) [PSYoungGen: 55392K->64K(54784K)] 57308K->1980K(229888K), 0,0005620 secs] [Times: user=0,01 sys=0,00, real=0,00 secs] 
88,437: [GC (Allocation Failure) [PSYoungGen: 54336K->96K(53760K)] 56252K->2012K(228864K), 0,0005083 secs] [Times: user=0,00 sys=0,00, real=0,00 secs] 
88,495: [GC (Allocation Failure) [PSYoungGen: 53344K->64K(52736K)] 55260K->1980K(227840K), 0,0005241 secs] [Times: user=0,00 sys=0,00, real=0,00 secs] 
88,551: [GC (Allocation Failure) [PSYoungGen: 52288K->96K(51712K)] 54204K->2012K(226816K), 0,0005210 secs] [Times: user=0,00 sys=0,00, real=0,00 secs] 
88,606: [GC (Allocation Failure) [PSYoungGen: 51296K->96K(50688K)] 53212K->2012K(225792K), 0,0004680 secs] [Times: user=0,00 sys=0,00, real=0,00 secs] 
88,660: [GC (Allocation Failure) [PSYoungGen: 50272K->96K(49664K)] 52188K->2012K(224768K), 0,0004966 secs] [Times: user=0,00 sys=0,00, real=0,00 secs] 
88,713: [GC (Allocation Failure) [PSYoungGen: 49248K->64K(48640K)] 51164K->1980K(223744K), 0,0004967 secs] [Times: user=0,00 sys=0,00, real=0,00 secs] 
88,765: [GC (Allocation Failure) [PSYoungGen: 48192K->64K(48128K)] 50108K->1980K(223232K), 0,0006266 secs] [Times: user=0,00 sys=0,00, real=0,00 secs] 
88,817: [GC (Allocation Failure) [PSYoungGen: 47680K->96K(47616K)] 49596K->2012K(222720K), 0,0004863 secs] [Times: user=0,00 sys=0,00, real=0,00 secs] 
88,867: [GC (Allocation Failure) [PSYoungGen: 47200K->64K(47104K)] 49116K->1980K(222208K), 0,0004845 secs] [Times: user=0,00 sys=0,00, real=0,00 secs] 
88,918: [GC (Allocation Failure) [PSYoungGen: 46656K->96K(46592K)] 48572K->2012K(221696K), 0,0004950 secs] [Times: user=0,01 sys=0,00, real=0,00 secs] 
88,970: [GC (Allocation Failure) [PSYoungGen: 46176K->96K(55808K)] 48092K->2012K(230912K), 0,0009197 secs] [Times: user=0,00 sys=0,00, real=0,01 secs] 
89,030: [GC (Allocation Failure) [PSYoungGen: 55392K->64K(54784K)] 57308K->1980K(229888K), 0,0005490 secs] [Times: user=0,00 sys=0,00, real=0,01 secs] 
89,088: [GC (Allocation Failure) [PSYoungGen: 54336K->96K(53760K)] 56252K->2012K(228864K), 0,0004933 secs] [Times: user=0,00 sys=0,00, real=0,00 secs] 
89,146: [GC (Allocation Failure) [PSYoungGen: 53344K->64K(52736K)] 55260K->1980K(227840K), 0,0005428 secs] [Times: user=0,00 sys=0,00, real=0,00 secs] 
89,202: [GC (Allocation Failure) [PSYoungGen: 52288K->96K(51712K)] 54204K->2012K(226816K), 0,0005023 secs] [Times: user=0,00 sys=0,00, real=0,00 secs] 
89,257: [GC (Allocation Failure) [PSYoungGen: 51296K->96K(50688K)] 53212K->2012K(225792K), 0,0005387 secs] [Times: user=0,00 sys=0,00, real=0,00 secs] 
89,311: [GC (Allocation Failure) [PSYoungGen: 50272K->96K(49664K)] 52188K->2012K(224768K), 0,0004840 secs] [Times: user=0,00 sys=0,00, real=0,00 secs] 
89,364: [GC (Allocation Failure) [PSYoungGen: 49248K->64K(48640K)] 51164K->1980K(223744K), 0,0004742 secs] [Times: user=0,00 sys=0,00, real=0,00 secs] 
89,415: [GC (Allocation Failure) [PSYoungGen: 48192K->96K(48128K)] 50108K->2012K(223232K), 0,0004148 secs] [Times: user=0,01 sys=0,00, real=0,00 secs] 
89,466: [GC (Allocation Failure) [PSYoungGen: 47712K->96K(47616K)] 49628K->2012K(222720K), 0,0005745 secs] [Times: user=0,00 sys=0,00, real=0,00 secs] 
89,517: [GC (Allocation Failure) [PSYoungGen: 47200K->96K(47104K)] 49116K->2012K(222208K), 0,0004934 secs] [Times: user=0,00 sys=0,00, real=0,00 secs] 
89,569: [GC (Allocation Failure) [PSYoungGen: 46688K->96K(46592K)] 48604K->2012K(221696K), 0,0005022 secs] [Times: user=0,00 sys=0,00, real=0,00 secs] 
89,618: [GC (Allocation Failure) [PSYoungGen: 46176K->96K(46080K)] 48092K->2012K(221184K), 0,0004926 secs] [Times: user=0,00 sys=0,00, real=0,00 secs] 
89,667: [GC (Allocation Failure) [PSYoungGen: 45664K->64K(45568K)] 47580K->1980K(220672K), 0,0004372 secs] [Times: user=0,00 sys=0,00, real=0,00 secs] 
89,716: [GC (Allocation Failure) [PSYoungGen: 45120K->96K(45056K)] 47036K->2012K(220160K), 0,0004877 secs] [Times: user=0,00 sys=0,00, real=0,00 secs] 
89,764: [GC (Allocation Failure) [PSYoungGen: 44640K->96K(44544K)] 46556K->2012K(219648K), 0,0005041 secs] [Times: user=0,01 sys=0,00, real=0,00 secs] 
89,811: [GC (Allocation Failure) [PSYoungGen: 44128K->64K(44032K)] 46044K->1980K(219136K), 0,0005299 secs] [Times: user=0,00 sys=0,00, real=0,00 secs] 
89,858: [GC (Allocation Failure) [PSYoungGen: 43584K->96K(43520K)] 45500K->2012K(218624K), 0,0004835 secs] [Times: user=0,00 sys=0,00, real=0,00 secs] 
89,904: [GC (Allocation Failure) [PSYoungGen: 43104K->96K(43008K)] 45020K->2012K(218112K), 0,0005024 secs] [Times: user=0,00 sys=0,00, real=0,00 secs] 
89,950: [GC (Allocation Failure) [PSYoungGen: 42592K->64K(42496K)] 44508K->1980K(217600K), 0,0004428 secs] [Times: user=0,00 sys=0,00, real=0,01 secs] 
89,997: [GC (Allocation Failure) [PSYoungGen: 42048K->96K(41984K)] 43964K->2012K(217088K), 0,0005062 secs] [Times: user=0,00 sys=0,00, real=0,00 secs] 
90,041: [GC (Allocation Failure) [PSYoungGen: 41568K->96K(41472K)] 43484K->2012K(216576K), 0,0005031 secs] [Times: user=0,00 sys=0,00, real=0,00 secs] 
90,085: [GC (Allocation Failure) [PSYoungGen: 41056K->64K(40960K)] 42972K->1980K(216064K), 0,0004919 secs] [Times: user=0,00 sys=0,00, real=0,00 secs] 
90,129: [GC (Allocation Failure) [PSYoungGen: 40512K->96K(40448K)] 42428K->2012K(215552K), 0,0004386 secs] [Times: user=0,00 sys=0,00, real=0,00 secs] 
90,172: [GC (Allocation Failure) [PSYoungGen: 40032K->96K(39936K)] 41948K->2012K(215040K), 0,0004016 secs] [Times: user=0,00 sys=0,00, real=0,00 secs] 
90,214: [GC (Allocation Failure) [PSYoungGen: 39520K->64K(39424K)] 41436K->1980K(214528K), 0,0004915 secs] [Times: user=0,00 sys=0,00, real=0,00 secs] 
90,256: [GC (Allocation Failure) [PSYoungGen: 38976K->96K(38912K)] 40892K->2012K(214016K), 0,0004422 secs] [Times: user=0,00 sys=0,00, real=0,00 secs] 
90,299: [GC (Allocation Failure) [PSYoungGen: 38496K->96K(38400K)] 40412K->2012K(213504K), 0,0004225 secs] [Times: user=0,01 sys=0,00, real=0,00 secs] 
90,339: [GC (Allocation Failure) [PSYoungGen: 37984K->96K(37888K)] 39900K->2036K(212992K), 0,0004502 secs] [Times: user=0,00 sys=0,00, real=0,00 secs] 
90,379: [GC (Allocation Failure) [PSYoungGen: 37472K->96K(37376K)] 39412K->2036K(212480K), 0,0004054 secs] [Times: user=0,00 sys=0,00, real=0,00 secs] 
90,419: [GC (Allocation Failure) [PSYoungGen: 36959K->96K(36864K)] 38900K->2036K(211968K), 0,0003982 secs] [Times: user=0,00 sys=0,00, real=0,00 secs] 
90,458: [GC (Allocation Failure) [PSYoungGen: 36448K->96K(36352K)] 38388K->2036K(211456K), 0,0003998 secs] [Times: user=0,01 sys=0,00, real=0,00 secs] 
90,497: [GC (Allocation Failure) [PSYoungGen: 35936K->96K(35840K)] 37876K->2036K(210944K), 0,0003960 secs] [Times: user=0,00 sys=0,00, real=0,00 secs] 
90,534: [GC (Allocation Failure) [PSYoungGen: 35424K->96K(35328K)] 37364K->2036K(210432K), 0,0003866 secs] [Times: user=0,00 sys=0,00, real=0,00 secs] 
90,572: [GC (Allocation Failure) [PSYoungGen: 34912K->96K(34816K)] 36852K->2036K(209920K), 0,0004031 secs] [Times: user=0,00 sys=0,00, real=0,00 secs] 
90,609: [GC (Allocation Failure) [PSYoungGen: 34400K->128K(34304K)] 36340K->2068K(209408K), 0,0004133 secs] [Times: user=0,00 sys=0,00, real=0,00 secs] 
90,646: [GC (Allocation Failure) [PSYoungGen: 33920K->96K(41472K)] 35860K->2036K(216576K), 0,0005313 secs] [Times: user=0,00 sys=0,00, real=0,00 secs] 
90,690: [GC (Allocation Failure) [PSYoungGen: 41055K->96K(40960K)] 42996K->2036K(216064K), 0,0003981 secs] [Times: user=0,00 sys=0,00, real=0,00 secs] 
90,734: [GC (Allocation Failure) [PSYoungGen: 40544K->96K(49152K)] 42484K->2036K(224256K), 0,0005268 secs] [Times: user=0,00 sys=0,00, real=0,00 secs] 
90,786: [GC (Allocation Failure) [PSYoungGen: 48736K->64K(48128K)] 50676K->2004K(223232K), 0,0004622 secs] [Times: user=0,00 sys=0,00, real=0,00 secs] 
90,837: [GC (Allocation Failure) [PSYoungGen: 47680K->96K(47616K)] 49620K->2036K(222720K), 0,0004999 secs] [Times: user=0,00 sys=0,00, real=0,00 secs] 
90,888: [GC (Allocation Failure) [PSYoungGen: 47200K->96K(47104K)] 49140K->2036K(222208K), 0,0005451 secs] [Times: user=0,00 sys=0,00, real=0,00 secs] 
90,938: [GC (Allocation Failure) [PSYoungGen: 46688K->96K(46592K)] 48628K->2036K(221696K), 0,0004898 secs] [Times: user=0,00 sys=0,00, real=0,00 secs] 
90,989: [GC (Allocation Failure) [PSYoungGen: 46176K->96K(46080K)] 48116K->2036K(221184K), 0,0005124 secs] [Times: user=0,00 sys=0,00, real=0,00 secs] 
91,038: [GC (Allocation Failure) [PSYoungGen: 45664K->64K(55296K)] 47604K->2004K(230400K), 0,0007189 secs] [Times: user=0,00 sys=0,00, real=0,00 secs] 
91,097: [GC (Allocation Failure) [PSYoungGen: 54848K->96K(54272K)] 56788K->2036K(229376K), 0,0005192 secs] [Times: user=0,00 sys=0,00, real=0,00 secs] 
91,155: [GC (Allocation Failure) [PSYoungGen: 53856K->96K(53248K)] 55796K->2036K(228352K), 0,0004974 secs] [Times: user=0,01 sys=0,00, real=0,00 secs] 
91,211: [GC (Allocation Failure) [PSYoungGen: 52832K->96K(52224K)] 54772K->2036K(227328K), 0,0005348 secs] [Times: user=0,00 sys=0,00, real=0,00 secs] 
91,269: [GC (Allocation Failure) [PSYoungGen: 51808K->96K(51200K)] 53748K->2036K(226304K), 0,0005065 secs] [Times: user=0,00 sys=0,00, real=0,00 secs] 
91,329: [GC (Allocation Failure) [PSYoungGen: 50784K->32K(50176K)] 52724K->1972K(225280K), 0,0007001 secs] [Times: user=0,00 sys=0,00, real=0,00 secs] 
91,391: [GC (Allocation Failure) [PSYoungGen: 49696K->96K(49152K)] 51636K->2036K(224256K), 0,0005179 secs] [Times: user=0,00 sys=0,00, real=0,00 secs] 
91,455: [GC (Allocation Failure) [PSYoungGen: 48736K->96K(48128K)] 50676K->2036K(223232K), 0,0005366 secs] [Times: user=0,00 sys=0,00, real=0,00 secs] 
91,521: [GC (Allocation Failure) [PSYoungGen: 47712K->64K(47616K)] 49652K->2004K(222720K), 0,0005718 secs] [Times: user=0,00 sys=0,00, real=0,00 secs] 
91,578: [GC (Allocation Failure) [PSYoungGen: 47168K->64K(57344K)] 49108K->2004K(232448K), 0,0012562 secs] [Times: user=0,00 sys=0,00, real=0,00 secs] 
91,661: [GC (Allocation Failure) [PSYoungGen: 56896K->32K(69120K)] 58836K->1972K(244224K), 0,0006559 secs] [Times: user=0,00 sys=0,00, real=0,00 secs] 
91,769: [GC (Allocation Failure) [PSYoungGen: 68640K->32K(67584K)] 70580K->1972K(242688K), 0,0009058 secs] [Times: user=0,01 sys=0,00, real=0,00 secs] 
91,899: [GC (Allocation Failure) [PSYoungGen: 67103K->96K(66048K)] 69044K->2036K(241152K), 0,0007086 secs] [Times: user=0,01 sys=0,00, real=0,00 secs] 
92,053: [GC (Allocation Failure) [PSYoungGen: 65632K->64K(64512K)] 67572K->2004K(239616K), 0,0005718 secs] [Times: user=0,00 sys=0,00, real=0,00 secs] 
92,166: [GC (Allocation Failure) [PSYoungGen: 64064K->96K(62976K)] 66004K->2036K(238080K), 0,0005330 secs] [Times: user=0,00 sys=0,00, real=0,00 secs] 
92,239: [GC (Allocation Failure) [PSYoungGen: 62560K->96K(61952K)] 64500K->2036K(237056K), 0,0005280 secs] [Times: user=0,00 sys=0,00, real=0,00 secs] 
92,309: [GC (Allocation Failure) [PSYoungGen: 61536K->64K(60928K)] 63476K->2004K(236032K), 0,0006022 secs] [Times: user=0,00 sys=0,00, real=0,00 secs] 
92,378: [GC (Allocation Failure) [PSYoungGen: 60480K->96K(59904K)] 62420K->2036K(235008K), 0,0005278 secs] [Times: user=0,00 sys=0,00, real=0,00 secs] 
92,447: [GC (Allocation Failure) [PSYoungGen: 59488K->96K(58880K)] 61428K->2036K(233984K), 0,0005249 secs] [Times: user=0,00 sys=0,00, real=0,00 secs] 
92,520: [GC (Allocation Failure) [PSYoungGen: 58464K->96K(57856K)] 60404K->2036K(232960K), 0,0005182 secs] [Times: user=0,00 sys=0,00, real=0,00 secs] 
92,586: [GC (Allocation Failure) [PSYoungGen: 57440K->96K(56832K)] 59380K->2036K(231936K), 0,0005335 secs] [Times: user=0,00 sys=0,00, real=0,00 secs] 
92,651: [GC (Allocation Failure) [PSYoungGen: 56416K->96K(55808K)] 58356K->2036K(230912K), 0,0005815 secs] [Times: user=0,00 sys=0,00, real=0,00 secs] 
92,715: [GC (Allocation Failure) [PSYoungGen: 55392K->96K(54784K)] 57332K->2036K(229888K), 0,0005630 secs] [Times: user=0,00 sys=0,00, real=0,00 secs] 
92,777: [GC (Allocation Failure) [PSYoungGen: 54368K->32K(53760K)] 56308K->1972K(228864K), 0,0005449 secs] [Times: user=0,00 sys=0,00, real=0,00 secs] 
92,839: [GC (Allocation Failure) [PSYoungGen: 53280K->96K(52736K)] 55220K->2036K(227840K), 0,0005442 secs] [Times: user=0,01 sys=0,00, real=0,00 secs] 
92,899: [GC (Allocation Failure) [PSYoungGen: 52320K->96K(51712K)] 54260K->2036K(226816K), 0,0005395 secs] [Times: user=0,01 sys=0,00, real=0,00 secs] 
92,958: [GC (Allocation Failure) [PSYoungGen: 51296K->96K(50688K)] 53236K->2036K(225792K), 0,0005259 secs] [Times: user=0,00 sys=0,00, real=0,00 secs] 
93,017: [GC (Allocation Failure) [PSYoungGen: 50272K->96K(49664K)] 52212K->2036K(224768K), 0,0005325 secs] [Times: user=0,00 sys=0,00, real=0,00 secs] 
93,073: [GC (Allocation Failure) [PSYoungGen: 49248K->96K(48640K)] 51188K->2036K(223744K), 0,0005360 secs] [Times: user=0,00 sys=0,00, real=0,00 secs] 
93,128: [GC (Allocation Failure) [PSYoungGen: 48224K->96K(48128K)] 50164K->2036K(223232K), 0,0005588 secs] [Times: user=0,01 sys=0,00, real=0,00 secs] 
93,183: [GC (Allocation Failure) [PSYoungGen: 47712K->96K(47616K)] 49652K->2036K(222720K), 0,0005253 secs] [Times: user=0,00 sys=0,00, real=0,00 secs] 
93,237: [GC (Allocation Failure) [PSYoungGen: 47200K->96K(47104K)] 49140K->2036K(222208K), 0,0005531 secs] [Times: user=0,00 sys=0,00, real=0,00 secs] 
93,290: [GC (Allocation Failure) [PSYoungGen: 46688K->96K(46592K)] 48628K->2036K(221696K), 0,0004664 secs] [Times: user=0,00 sys=0,00, real=0,00 secs] 
93,343: [GC (Allocation Failure) [PSYoungGen: 46176K->96K(46080K)] 48116K->2036K(221184K), 0,0004416 secs] [Times: user=0,00 sys=0,00, real=0,00 secs] 
93,396: [GC (Allocation Failure) [PSYoungGen: 45664K->64K(45568K)] 47604K->2004K(220672K), 0,0005269 secs] [Times: user=0,00 sys=0,00, real=0,00 secs] 
93,447: [GC (Allocation Failure) [PSYoungGen: 45120K->96K(45056K)] 47060K->2036K(220160K), 0,0005189 secs] [Times: user=0,01 sys=0,00, real=0,00 secs] 
93,498: [GC (Allocation Failure) [PSYoungGen: 44640K->96K(44544K)] 46580K->2036K(219648K), 0,0005642 secs] [Times: user=0,00 sys=0,00, real=0,00 secs] 
93,549: [GC (Allocation Failure) [PSYoungGen: 44128K->96K(44032K)] 46068K->2036K(219136K), 0,0005107 secs] [Times: user=0,00 sys=0,00, real=0,00 secs] 
93,598: [GC (Allocation Failure) [PSYoungGen: 43616K->96K(43520K)] 45556K->2036K(218624K), 0,0004242 secs] [Times: user=0,00 sys=0,00, real=0,00 secs] 
93,648: [GC (Allocation Failure) [PSYoungGen: 43104K->96K(43008K)] 45044K->2036K(218112K), 0,0004641 secs] [Times: user=0,00 sys=0,00, real=0,00 secs] 
93,695: [GC (Allocation Failure) [PSYoungGen: 42591K->64K(42496K)] 44532K->2004K(217600K), 0,0004709 secs] [Times: user=0,00 sys=0,00, real=0,00 secs] 
93,743: [GC (Allocation Failure) [PSYoungGen: 42048K->96K(41984K)] 43988K->2036K(217088K), 0,0004541 secs] [Times: user=0,00 sys=0,00, real=0,00 secs] 
93,790: [GC (Allocation Failure) [PSYoungGen: 41568K->96K(41472K)] 43508K->2036K(216576K), 0,0004579 secs] [Times: user=0,00 sys=0,00, real=0,00 secs] 
93,837: [GC (Allocation Failure) [PSYoungGen: 41056K->96K(40960K)] 42996K->2036K(216064K), 0,0004297 secs] [Times: user=0,00 sys=0,00, real=0,00 secs] 
93,883: [GC (Allocation Failure) [PSYoungGen: 40544K->96K(40448K)] 42484K->2036K(215552K), 0,0004289 secs] [Times: user=0,00 sys=0,00, real=0,00 secs] 
93,928: [GC (Allocation Failure) [PSYoungGen: 40032K->32K(39936K)] 41972K->1972K(215040K), 0,0005860 secs] [Times: user=0,00 sys=0,00, real=0,00 secs] 
93,974: [GC (Allocation Failure) [PSYoungGen: 39456K->64K(39424K)] 41396K->2004K(214528K), 0,0005626 secs] [Times: user=0,00 sys=0,00, real=0,00 secs] 
94,020: [GC (Allocation Failure) [PSYoungGen: 38976K->96K(38912K)] 40916K->2036K(214016K), 0,0005424 secs] [Times: user=0,00 sys=0,00, real=0,00 secs] 
94,064: [GC (Allocation Failure) [PSYoungGen: 38496K->64K(38400K)] 40436K->2004K(213504K), 0,0004469 secs] [Times: user=0,00 sys=0,00, real=0,00 secs] 
94,108: [GC (Allocation Failure) [PSYoungGen: 37952K->96K(37888K)] 39892K->2036K(212992K), 0,0004635 secs] [Times: user=0,00 sys=0,00, real=0,00 secs] 
94,150: [GC (Allocation Failure) [PSYoungGen: 37472K->96K(37376K)] 39412K->2036K(212480K), 0,0004659 secs] [Times: user=0,00 sys=0,00, real=0,00 secs] 
94,192: [GC (Allocation Failure) [PSYoungGen: 36960K->96K(36864K)] 38900K->2036K(211968K), 0,0004609 secs] [Times: user=0,00 sys=0,00, real=0,00 secs] 
94,234: [GC (Allocation Failure) [PSYoungGen: 36448K->96K(36352K)] 38388K->2036K(211456K), 0,0004536 secs] [Times: user=0,00 sys=0,00, real=0,00 secs] 
94,275: [GC (Allocation Failure) [PSYoungGen: 35936K->96K(35840K)] 37876K->2036K(210944K), 0,0004379 secs] [Times: user=0,00 sys=0,00, real=0,00 secs] 
94,315: [GC (Allocation Failure) [PSYoungGen: 35424K->96K(35328K)] 37364K->2036K(210432K), 0,0004341 secs] [Times: user=0,01 sys=0,00, real=0,00 secs] 
94,355: [GC (Allocation Failure) [PSYoungGen: 34912K->96K(34816K)] 36852K->2036K(209920K), 0,0004514 secs] [Times: user=0,01 sys=0,00, real=0,00 secs] 
94,394: [GC (Allocation Failure) [PSYoungGen: 34400K->96K(34304K)] 36340K->2036K(209408K), 0,0004194 secs] [Times: user=0,00 sys=0,00, real=0,00 secs] 
94,433: [GC (Allocation Failure) [PSYoungGen: 33888K->96K(33792K)] 35828K->2036K(208896K), 0,0004070 secs] [Times: user=0,00 sys=0,00, real=0,00 secs] 
94,471: [GC (Allocation Failure) [PSYoungGen: 33376K->64K(33280K)] 35316K->2004K(208384K), 0,0004440 secs] [Times: user=0,00 sys=0,00, real=0,00 secs] 
94,508: [GC (Allocation Failure) [PSYoungGen: 32832K->64K(39936K)] 34772K->2004K(215040K), 0,0005049 secs] [Times: user=0,00 sys=0,00, real=0,00 secs] 
94,553: [GC (Allocation Failure) [PSYoungGen: 39488K->96K(48128K)] 41428K->2036K(223232K), 0,0005295 secs] [Times: user=0,00 sys=0,00, real=0,00 secs] 
94,606: [GC (Allocation Failure) [PSYoungGen: 47712K->96K(57856K)] 49652K->2036K(232960K), 0,0005042 secs] [Times: user=0,00 sys=0,00, real=0,00 secs] 
94,669: [GC (Allocation Failure) [PSYoungGen: 57440K->96K(56832K)] 59380K->2036K(231936K), 0,0005526 secs] [Times: user=0,00 sys=0,00, real=0,00 secs] 
94,732: [GC (Allocation Failure) [PSYoungGen: 56416K->96K(55808K)] 58356K->2036K(230912K), 0,0005378 secs] [Times: user=0,00 sys=0,00, real=0,00 secs] 
94,793: [GC (Allocation Failure) [PSYoungGen: 55392K->96K(54784K)] 57332K->2036K(229888K), 0,0005025 secs] [Times: user=0,00 sys=0,00, real=0,00 secs] 
94,853: [GC (Allocation Failure) [PSYoungGen: 54368K->96K(53760K)] 56308K->2036K(228864K), 0,0005133 secs] [Times: user=0,00 sys=0,00, real=0,00 secs] 
94,912: [GC (Allocation Failure) [PSYoungGen: 53344K->96K(52736K)] 55284K->2036K(227840K), 0,0005496 secs] [Times: user=0,00 sys=0,00, real=0,00 secs] 
94,970: [GC (Allocation Failure) [PSYoungGen: 52320K->96K(51712K)] 54260K->2036K(226816K), 0,0005363 secs] [Times: user=0,00 sys=0,00, real=0,01 secs] 
95,028: [GC (Allocation Failure) [PSYoungGen: 51296K->64K(50688K)] 53236K->2004K(225792K), 0,0005163 secs] [Times: user=0,00 sys=0,00, real=0,00 secs] 
95,083: [GC (Allocation Failure) [PSYoungGen: 50240K->96K(49664K)] 52180K->2036K(224768K), 0,0005115 secs] [Times: user=0,01 sys=0,00, real=0,00 secs] 
95,137: [GC (Allocation Failure) [PSYoungGen: 49248K->96K(48640K)] 51188K->2036K(223744K), 0,0005027 secs] [Times: user=0,00 sys=0,00, real=0,00 secs] 
95,191: [GC (Allocation Failure) [PSYoungGen: 48224K->64K(48128K)] 50164K->2004K(223232K), 0,0005775 secs] [Times: user=0,00 sys=0,00, real=0,00 secs] 
95,244: [GC (Allocation Failure) [PSYoungGen: 47680K->96K(57856K)] 49620K->2036K(232960K), 0,0008013 secs] [Times: user=0,00 sys=0,00, real=0,00 secs] 
95,308: [GC (Allocation Failure) [PSYoungGen: 57440K->64K(56832K)] 59380K->2004K(231936K), 0,0005418 secs] [Times: user=0,00 sys=0,00, real=0,00 secs] 
95,370: [GC (Allocation Failure) [PSYoungGen: 56384K->96K(55808K)] 58324K->2036K(230912K), 0,0005038 secs] [Times: user=0,00 sys=0,00, real=0,00 secs] 
95,431: [GC (Allocation Failure) [PSYoungGen: 55392K->96K(54784K)] 57332K->2036K(229888K), 0,0005479 secs] [Times: user=0,01 sys=0,00, real=0,00 secs] 
95,491: [GC (Allocation Failure) [PSYoungGen: 54368K->96K(53760K)] 56308K->2036K(228864K), 0,0007181 secs] [Times: user=0,01 sys=0,00, real=0,00 secs] 
95,551: [GC (Allocation Failure) [PSYoungGen: 53344K->96K(52736K)] 55284K->2036K(227840K), 0,0006061 secs] [Times: user=0,01 sys=0,00, real=0,00 secs] 
95,608: [GC (Allocation Failure) [PSYoungGen: 52320K->96K(51712K)] 54260K->2036K(226816K), 0,0005122 secs] [Times: user=0,00 sys=0,00, real=0,00 secs] 
95,664: [GC (Allocation Failure) [PSYoungGen: 51296K->64K(50688K)] 53236K->2004K(225792K), 0,0005369 secs] [Times: user=0,00 sys=0,00, real=0,00 secs] 
95,718: [GC (Allocation Failure) [PSYoungGen: 50240K->96K(49664K)] 52180K->2036K(224768K), 0,0004933 secs] [Times: user=0,00 sys=0,00, real=0,00 secs] 
95,771: [GC (Allocation Failure) [PSYoungGen: 49248K->96K(48640K)] 51188K->2036K(223744K), 0,0004857 secs] [Times: user=0,00 sys=0,00, real=0,00 secs] 
95,823: [GC (Allocation Failure) [PSYoungGen: 48224K->96K(48128K)] 50164K->2036K(223232K), 0,0004899 secs] [Times: user=0,00 sys=0,00, real=0,00 secs] 
95,874: [GC (Allocation Failure) [PSYoungGen: 47712K->64K(47616K)] 49652K->2004K(222720K), 0,0005167 secs] [Times: user=0,00 sys=0,00, real=0,00 secs] 
95,925: [GC (Allocation Failure) [PSYoungGen: 47168K->96K(47104K)] 49108K->2036K(222208K), 0,0005291 secs] [Times: user=0,00 sys=0,00, real=0,00 secs] 
95,974: [GC (Allocation Failure) [PSYoungGen: 46688K->96K(46592K)] 48628K->2036K(221696K), 0,0005030 secs] [Times: user=0,00 sys=0,00, real=0,00 secs] 
96,026: [GC (Allocation Failure) [PSYoungGen: 46176K->96K(46080K)] 48116K->2036K(221184K), 0,0005181 secs] [Times: user=0,00 sys=0,00, real=0,00 secs] 
96,075: [GC (Allocation Failure) [PSYoungGen: 45664K->96K(45568K)] 47604K->2036K(220672K), 0,0005684 secs] [Times: user=0,00 sys=0,00, real=0,00 secs] 
96,123: [GC (Allocation Failure) [PSYoungGen: 45151K->64K(45056K)] 47092K->2004K(220160K), 0,0005574 secs] [Times: user=0,00 sys=0,00, real=0,00 secs] 
96,171: [GC (Allocation Failure) [PSYoungGen: 44608K->96K(44544K)] 46548K->2036K(219648K), 0,0004958 secs] [Times: user=0,00 sys=0,00, real=0,00 secs] 
96,218: [GC (Allocation Failure) [PSYoungGen: 44128K->96K(44032K)] 46068K->2036K(219136K), 0,0005398 secs] [Times: user=0,00 sys=0,00, real=0,00 secs] 
96,265: [GC (Allocation Failure) [PSYoungGen: 43616K->96K(43520K)] 45556K->2036K(218624K), 0,0004100 secs] [Times: user=0,00 sys=0,00, real=0,00 secs] 
96,311: [GC (Allocation Failure) [PSYoungGen: 43104K->96K(43008K)] 45044K->2036K(218112K), 0,0004868 secs] [Times: user=0,00 sys=0,00, real=0,00 secs] 
96,357: [GC (Allocation Failure) [PSYoungGen: 42592K->96K(42496K)] 44532K->2036K(217600K), 0,0004103 secs] [Times: user=0,01 sys=0,00, real=0,00 secs] 
96,402: [GC (Allocation Failure) [PSYoungGen: 42080K->96K(41984K)] 44020K->2036K(217088K), 0,0004090 secs] [Times: user=0,00 sys=0,00, real=0,00 secs] 
96,447: [GC (Allocation Failure) [PSYoungGen: 41568K->96K(41472K)] 43508K->2036K(216576K), 0,0004019 secs] [Times: user=0,01 sys=0,00, real=0,00 secs] 
96,496: [GC (Allocation Failure) [PSYoungGen: 41056K->96K(40960K)] 42996K->2036K(216064K), 0,0005481 secs] [Times: user=0,00 sys=0,01, real=0,00 secs] 
96,545: [GC (Allocation Failure) [PSYoungGen: 40544K->96K(40448K)] 42484K->2036K(215552K), 0,0005279 secs] [Times: user=0,00 sys=0,00, real=0,00 secs] 
96,589: [GC (Allocation Failure) [PSYoungGen: 40032K->96K(39936K)] 41972K->2036K(215040K), 0,0005374 secs] [Times: user=0,01 sys=0,00, real=0,00 secs] 
96,631: [GC (Allocation Failure) [PSYoungGen: 39520K->96K(39424K)] 41460K->2036K(214528K), 0,0003966 secs] [Times: user=0,00 sys=0,00, real=0,00 secs] 
96,673: [GC (Allocation Failure) [PSYoungGen: 39008K->96K(38912K)] 40948K->2036K(214016K), 0,0004896 secs] [Times: user=0,00 sys=0,00, real=0,00 secs] 
96,714: [GC (Allocation Failure) [PSYoungGen: 38496K->96K(38400K)] 40436K->2036K(213504K), 0,0004096 secs] [Times: user=0,00 sys=0,00, real=0,00 secs] 
96,755: [GC (Allocation Failure) [PSYoungGen: 37984K->64K(46080K)] 39924K->2004K(221184K), 0,0005987 secs] [Times: user=0,00 sys=0,00, real=0,00 secs] 
96,804: [GC (Allocation Failure) [PSYoungGen: 45632K->96K(55296K)] 47572K->2036K(230400K), 0,0005602 secs] [Times: user=0,00 sys=0,00, real=0,00 secs] 
96,862: [GC (Allocation Failure) [PSYoungGen: 54880K->64K(54272K)] 56820K->2004K(229376K), 0,0005003 secs] [Times: user=0,00 sys=0,00, real=0,00 secs] 
96,920: [GC (Allocation Failure) [PSYoungGen: 53824K->96K(53248K)] 55764K->2036K(228352K), 0,0005463 secs] [Times: user=0,00 sys=0,00, real=0,01 secs] 
96,981: [GC (Allocation Failure) [PSYoungGen: 52832K->96K(52224K)] 54772K->2036K(227328K), 0,0006497 secs] [Times: user=0,00 sys=0,00, real=0,00 secs] 
97,038: [GC (Allocation Failure) [PSYoungGen: 51808K->96K(51200K)] 53748K->2036K(226304K), 0,0005015 secs] [Times: user=0,00 sys=0,00, real=0,00 secs] 
97,093: [GC (Allocation Failure) [PSYoungGen: 50784K->96K(50176K)] 52724K->2036K(225280K), 0,0005612 secs] [Times: user=0,00 sys=0,00, real=0,00 secs] 
97,147: [GC (Allocation Failure) [PSYoungGen: 49760K->96K(49152K)] 51700K->2036K(224256K), 0,0005295 secs] [Times: user=0,00 sys=0,00, real=0,00 secs] 
97,200: [GC (Allocation Failure) [PSYoungGen: 48736K->96K(48128K)] 50676K->2036K(223232K), 0,0004951 secs] [Times: user=0,00 sys=0,00, real=0,01 secs] 
97,251: [GC (Allocation Failure) [PSYoungGen: 47712K->64K(47616K)] 49652K->2004K(222720K), 0,0005322 secs] [Times: user=0,00 sys=0,00, real=0,00 secs] 
97,302: [GC (Allocation Failure) [PSYoungGen: 47168K->64K(47104K)] 49108K->2004K(222208K), 0,0006862 secs] [Times: user=0,00 sys=0,00, real=0,00 secs] 
97,353: [GC (Allocation Failure) [PSYoungGen: 46656K->96K(46592K)] 48596K->2036K(221696K), 0,0005471 secs] [Times: user=0,00 sys=0,00, real=0,00 secs] 
97,405: [GC (Allocation Failure) [PSYoungGen: 46176K->128K(46080K)] 48116K->2068K(221184K), 0,0005281 secs] [Times: user=0,00 sys=0,00, real=0,00 secs] 
97,454: [GC (Allocation Failure) [PSYoungGen: 45696K->96K(45568K)] 47636K->2036K(220672K), 0,0005156 secs] [Times: user=0,00 sys=0,00, real=0,00 secs] 
97,503: [GC (Allocation Failure) [PSYoungGen: 45152K->96K(45056K)] 47092K->2036K(220160K), 0,0004972 secs] [Times: user=0,00 sys=0,00, real=0,00 secs] 
97,551: [GC (Allocation Failure) [PSYoungGen: 44640K->96K(44544K)] 46580K->2036K(219648K), 0,0005015 secs] [Times: user=0,00 sys=0,00, real=0,00 secs] 
97,599: [GC (Allocation Failure) [PSYoungGen: 44128K->96K(44032K)] 46068K->2036K(219136K), 0,0004639 secs] [Times: user=0,00 sys=0,00, real=0,00 secs] 
97,646: [GC (Allocation Failure) [PSYoungGen: 43616K->64K(43520K)] 45556K->2004K(218624K), 0,0005589 secs] [Times: user=0,00 sys=0,00, real=0,00 secs] 
97,693: [GC (Allocation Failure) [PSYoungGen: 43072K->96K(43008K)] 45012K->2036K(218112K), 0,0004959 secs] [Times: user=0,00 sys=0,00, real=0,00 secs] 
97,739: [GC (Allocation Failure) [PSYoungGen: 42592K->64K(42496K)] 44532K->2004K(217600K), 0,0005112 secs] [Times: user=0,00 sys=0,00, real=0,00 secs] 
97,784: [GC (Allocation Failure) [PSYoungGen: 42048K->96K(41984K)] 43988K->2036K(217088K), 0,0004875 secs] [Times: user=0,00 sys=0,00, real=0,00 secs] 
97,829: [GC (Allocation Failure) [PSYoungGen: 41568K->96K(41472K)] 43508K->2036K(216576K), 0,0004935 secs] [Times: user=0,00 sys=0,00, real=0,00 secs] 
97,874: [GC (Allocation Failure) [PSYoungGen: 41056K->96K(40960K)] 42996K->2036K(216064K), 0,0004077 secs] [Times: user=0,00 sys=0,00, real=0,00 secs] 
97,918: [GC (Allocation Failure) [PSYoungGen: 40544K->64K(40448K)] 42484K->2004K(215552K), 0,0005713 secs] [Times: user=0,00 sys=0,00, real=0,00 secs] 
97,961: [GC (Allocation Failure) [PSYoungGen: 40000K->96K(39936K)] 41940K->2036K(215040K), 0,0004884 secs] [Times: user=0,00 sys=0,00, real=0,00 secs] 
98,006: [GC (Allocation Failure) [PSYoungGen: 39520K->96K(39424K)] 41460K->2036K(214528K), 0,0005017 secs] [Times: user=0,00 sys=0,00, real=0,00 secs] 
98,050: [GC (Allocation Failure) [PSYoungGen: 39008K->96K(38912K)] 40948K->2036K(214016K), 0,0004063 secs] [Times: user=0,00 sys=0,00, real=0,01 secs] 
98,092: [GC (Allocation Failure) [PSYoungGen: 38496K->96K(38400K)] 40436K->2036K(213504K), 0,0004796 secs] [Times: user=0,00 sys=0,00, real=0,00 secs] 
98,133: [GC (Allocation Failure) [PSYoungGen: 37984K->96K(37888K)] 39924K->2036K(212992K), 0,0003992 secs] [Times: user=0,00 sys=0,00, real=0,00 secs] 
98,175: [GC (Allocation Failure) [PSYoungGen: 37472K->64K(37376K)] 39412K->2004K(212480K), 0,0004963 secs] [Times: user=0,00 sys=0,00, real=0,00 secs] 
98,214: [GC (Allocation Failure) [PSYoungGen: 36928K->96K(36864K)] 38868K->2036K(211968K), 0,0004196 secs] [Times: user=0,00 sys=0,00, real=0,00 secs] 
98,254: [GC (Allocation Failure) [PSYoungGen: 36448K->96K(36352K)] 38388K->2036K(211456K), 0,0004089 secs] [Times: user=0,00 sys=0,00, real=0,00 secs] 
98,293: [GC (Allocation Failure) [PSYoungGen: 35936K->64K(43520K)] 37876K->2004K(218624K), 0,0004913 secs] [Times: user=0,00 sys=0,00, real=0,00 secs] 
98,340: [GC (Allocation Failure) [PSYoungGen: 43072K->96K(52224K)] 45012K->2036K(227328K), 0,0006877 secs] [Times: user=0,00 sys=0,00, real=0,00 secs] 
98,397: [GC (Allocation Failure) [PSYoungGen: 51808K->96K(62976K)] 53748K->2036K(238080K), 0,0005379 secs] [Times: user=0,00 sys=0,00, real=0,00 secs] 
98,465: [GC (Allocation Failure) [PSYoungGen: 62560K->64K(75776K)] 64500K->2004K(250880K), 0,0008946 secs] [Times: user=0,00 sys=0,00, real=0,00 secs] 
98,547: [GC (Allocation Failure) [PSYoungGen: 75328K->64K(74240K)] 77268K->2004K(249344K), 0,0005052 secs] [Times: user=0,00 sys=0,00, real=0,00 secs] 
98,627: [GC (Allocation Failure) [PSYoungGen: 73792K->96K(72704K)] 75732K->2036K(247808K), 0,0005085 secs] [Times: user=0,00 sys=0,00, real=0,00 secs] 
98,706: [GC (Allocation Failure) [PSYoungGen: 72288K->64K(71168K)] 74228K->2004K(246272K), 0,0004899 secs] [Times: user=0,00 sys=0,00, real=0,00 secs] 
98,782: [GC (Allocation Failure) [PSYoungGen: 70719K->96K(69632K)] 72660K->2036K(244736K), 0,0004956 secs] [Times: user=0,00 sys=0,00, real=0,00 secs] 
98,857: [GC (Allocation Failure) [PSYoungGen: 69216K->64K(68096K)] 71156K->2004K(243200K), 0,0005010 secs] [Times: user=0,00 sys=0,00, real=0,00 secs] 
98,930: [GC (Allocation Failure) [PSYoungGen: 67648K->96K(66560K)] 69588K->2036K(241664K), 0,0005050 secs] [Times: user=0,00 sys=0,00, real=0,01 secs] 
99,004: [GC (Allocation Failure) [PSYoungGen: 66144K->96K(65024K)] 68084K->2036K(240128K), 0,0005051 secs] [Times: user=0,00 sys=0,00, real=0,00 secs] 
99,075: [GC (Allocation Failure) [PSYoungGen: 64608K->64K(63488K)] 66548K->2004K(238592K), 0,0008889 secs] [Times: user=0,00 sys=0,00, real=0,00 secs] 
99,145: [GC (Allocation Failure) [PSYoungGen: 63040K->64K(61952K)] 64980K->2004K(237056K), 0,0005111 secs] [Times: user=0,00 sys=0,00, real=0,00 secs] 
99,223: [GC (Allocation Failure) [PSYoungGen: 61504K->64K(60928K)] 63444K->2004K(236032K), 0,0010218 secs] [Times: user=0,01 sys=0,00, real=0,00 secs] 
99,290: [GC (Allocation Failure) [PSYoungGen: 60480K->96K(59904K)] 62420K->2036K(235008K), 0,0015539 secs] [Times: user=0,00 sys=0,00, real=0,00 secs] 
99,360: [GC (Allocation Failure) [PSYoungGen: 59488K->96K(58880K)] 61428K->2036K(233984K), 0,0005243 secs] [Times: user=0,00 sys=0,00, real=0,01 secs] 
99,426: [GC (Allocation Failure) [PSYoungGen: 58464K->96K(57856K)] 60404K->2036K(232960K), 0,0005248 secs] [Times: user=0,00 sys=0,00, real=0,00 secs] 
99,490: [GC (Allocation Failure) [PSYoungGen: 57440K->96K(56832K)] 59380K->2036K(231936K), 0,0005159 secs] [Times: user=0,00 sys=0,00, real=0,01 secs] 
99,555: [GC (Allocation Failure) [PSYoungGen: 56416K->96K(55808K)] 58356K->2036K(230912K), 0,0005836 secs] [Times: user=0,00 sys=0,00, real=0,00 secs] 
99,617: [GC (Allocation Failure) [PSYoungGen: 55392K->96K(54784K)] 57332K->2036K(229888K), 0,0005179 secs] [Times: user=0,00 sys=0,00, real=0,00 secs] 
99,678: [GC (Allocation Failure) [PSYoungGen: 54368K->96K(53760K)] 56308K->2036K(228864K), 0,0005615 secs] [Times: user=0,00 sys=0,00, real=0,00 secs] 
99,738: [GC (Allocation Failure) [PSYoungGen: 53344K->96K(52736K)] 55284K->2036K(227840K), 0,0005203 secs] [Times: user=0,00 sys=0,00, real=0,00 secs] 
99,797: [GC (Allocation Failure) [PSYoungGen: 52320K->96K(51712K)] 54260K->2036K(226816K), 0,0005458 secs] [Times: user=0,00 sys=0,00, real=0,00 secs] 
99,854: [GC (Allocation Failure) [PSYoungGen: 51296K->96K(50688K)] 53236K->2036K(225792K), 0,0005641 secs] [Times: user=0,00 sys=0,00, real=0,00 secs] 
99,911: [GC (Allocation Failure) [PSYoungGen: 50272K->96K(49664K)] 52212K->2036K(224768K), 0,0005975 secs] [Times: user=0,00 sys=0,00, real=0,00 secs] 
99,967: [GC (Allocation Failure) [PSYoungGen: 49248K->96K(48640K)] 51188K->2036K(223744K), 0,0005363 secs] [Times: user=0,00 sys=0,00, real=0,00 secs] 
100,024: [GC (Allocation Failure) [PSYoungGen: 48224K->96K(48128K)] 50164K->2036K(223232K), 0,0005190 secs] [Times: user=0,00 sys=0,00, real=0,00 secs] 
100,077: [GC (Allocation Failure) [PSYoungGen: 47712K->64K(47616K)] 49652K->2004K(222720K), 0,0006403 secs] [Times: user=0,01 sys=0,00, real=0,00 secs] 
100,129: [GC (Allocation Failure) [PSYoungGen: 47168K->64K(47104K)] 49108K->2004K(222208K), 0,0004596 secs] [Times: user=0,00 sys=0,00, real=0,00 secs] 
100,181: [GC (Allocation Failure) [PSYoungGen: 46656K->96K(46592K)] 48596K->2036K(221696K), 0,0004992 secs] [Times: user=0,00 sys=0,00, real=0,00 secs] 
100,232: [GC (Allocation Failure) [PSYoungGen: 46176K->96K(46080K)] 48116K->2036K(221184K), 0,0004977 secs] [Times: user=0,00 sys=0,00, real=0,00 secs] 
Heap
 PSYoungGen      total 46080K, used 45138K [0x000000076ab00000, 0x0000000779100000, 0x00000007c0000000)
  eden space 45568K, 98% used [0x000000076ab00000,0x000000076d6fca80,0x000000076d780000)
  from space 512K, 18% used [0x0000000779080000,0x0000000779098000,0x0000000779100000)
  to   space 512K, 0% used [0x0000000779000000,0x0000000779000000,0x0000000779080000)
 ParOldGen       total 175104K, used 1940K [0x00000006c0000000, 0x00000006cab00000, 0x000000076ab00000)
  object space 175104K, 1% used [0x00000006c0000000,0x00000006c01e50d0,0x00000006cab00000)
 Metaspace       used 8714K, capacity 9040K, committed 9344K, reserved 1056768K
  class space    used 963K, capacity 1078K, committed 1152K, reserved 1048576K
