OpenJDK 64-Bit Server VM (25.202-b05) for bsd-amd64 JRE (Zulu 8.36.0.1-CA-macosx) (1.8.0_202-b05), built on Jan 29 2019 06:07:09 by "zulu_re" with gcc 4.2.1 (Based on Apple Inc. build 5658) (LLVM build 2336.11.00)
Memory: 4k page, physical 16777216k(1486796k free)

/proc/meminfo:

CommandLine flags: -XX:InitialHeapSize=268435456 -XX:MaxHeapSize=4294967296 -XX:+PrintGC -XX:+PrintGCDetails -XX:+PrintGCTimeStamps -XX:+UseCompressedClassPointers -XX:+UseCompressedOops -XX:+UseParallelGC 
Heap
 PSYoungGen      total 76288K, used 35676K [0x000000076ab00000, 0x0000000770000000, 0x00000007c0000000)
  eden space 65536K, 54% used [0x000000076ab00000,0x000000076cdd7298,0x000000076eb00000)
  from space 10752K, 0% used [0x000000076f580000,0x000000076f580000,0x0000000770000000)
  to   space 10752K, 0% used [0x000000076eb00000,0x000000076eb00000,0x000000076f580000)
 ParOldGen       total 175104K, used 0K [0x00000006c0000000, 0x00000006cab00000, 0x000000076ab00000)
  object space 175104K, 0% used [0x00000006c0000000,0x00000006c0000000,0x00000006cab00000)
 Metaspace       used 7652K, capacity 8005K, committed 8192K, reserved 1056768K
  class space    used 852K, capacity 948K, committed 1024K, reserved 1048576K
147: [GC (Allocation Failure) [PSYoungGen: 132672K->1616K(141824K)] 132704K->1656K(316928K), 0,0018623 secs] [Times: user=0,01 sys=0,00, real=0,00 secs] 
1,354: [GC (Allocation Failure) [PSYoungGen: 132688K->1632K(266752K)] 132728K->1680K(441856K), 0,0016794 secs] [Times: user=0,00 sys=0,00, real=0,00 secs] 
1,821: [GC (Allocation Failure) [PSYoungGen: 263776K->128K(266752K)] 263824K->1716K(441856K), 0,0022105 secs] [Times: user=0,01 sys=0,00, real=0,00 secs] 
2,056: [GC (Allocation Failure) [PSYoungGen: 262272K->96K(252416K)] 263860K->1700K(427520K), 0,0006321 secs] [Times: user=0,00 sys=0,00, real=0,00 secs] 
2,283: [GC (Allocation Failure) [PSYoungGen: 252000K->96K(246784K)] 253604K->1700K(421888K), 0,0005379 secs] [Times: user=0,00 sys=0,00, real=0,00 secs] 
2,697: [GC (Allocation Failure) [PSYoungGen: 242272K->96K(233472K)] 243876K->1716K(408576K), 0,0005641 secs] [Times: user=0,00 sys=0,00, real=0,00 secs] 
2,956: [GC (Allocation Failure) [PSYoungGen: 233056K->64K(228864K)] 234676K->1684K(403968K), 0,0009993 secs] [Times: user=0,00 sys=0,00, real=0,00 secs] 
3,158: [GC (Allocation Failure) [PSYoungGen: 224320K->96K(216576K)] 225940K->1724K(391680K), 0,0005556 secs] [Times: user=0,00 sys=0,00, real=0,00 secs] 
3,664: [GC (Allocation Failure) [PSYoungGen: 216160K->96K(212480K)] 217788K->1724K(387584K), 0,0005460 secs] [Times: user=0,00 sys=0,00, real=0,00 secs] 
4,040: [GC (Allocation Failure) [PSYoungGen: 207968K->64K(200704K)] 209596K->1692K(375808K), 0,0109624 secs] [Times: user=0,01 sys=0,00, real=0,02 secs] 
4,381: [GC (Allocation Failure) [PSYoungGen: 200256K->96K(197120K)] 201884K->1724K(372224K), 0,0005302 secs] [Times: user=0,00 sys=0,00, real=0,00 secs] 
4,656: [GC (Allocation Failure) [PSYoungGen: 193120K->96K(186368K)] 194748K->1724K(361472K), 0,0005519 secs] [Times: user=0,00 sys=0,00, real=0,00 secs] 
4,811: [GC (Allocation Failure) [PSYoungGen: 185952K->96K(182784K)] 187580K->1740K(357888K), 0,0005341 secs] [Times: user=0,00 sys=0,00, real=0,00 secs] 
4,960: [GC (Allocation Failure) [PSYoungGen: 179296K->96K(173568K)] 180940K->1740K(348672K), 0,0005759 secs] [Times: user=0,00 sys=0,00, real=0,00 secs] 
5,125: [GC (Allocation Failure) [PSYoungGen: 173152K->96K(170496K)] 174796K->1740K(345600K), 0,0005257 secs] [Times: user=0,00 sys=0,00, real=0,00 secs] 
5,298: [GC (Allocation Failure) [PSYoungGen: 167008K->96K(161792K)] 168652K->1740K(336896K), 0,0005709 secs] [Times: user=0,00 sys=0,00, real=0,00 secs] 
5,449: [GC (Allocation Failure) [PSYoungGen: 161376K->96K(158720K)] 163020K->1740K(333824K), 0,0005576 secs] [Times: user=0,00 sys=0,00, real=0,00 secs] 
5,577: [GC (Allocation Failure) [PSYoungGen: 155744K->64K(151040K)] 157388K->1708K(326144K), 0,0010663 secs] [Times: user=0,01 sys=0,00, real=0,00 secs] 
5,708: [GC (Allocation Failure) [PSYoungGen: 150592K->64K(147968K)] 152236K->1708K(323072K), 0,0009599 secs] [Times: user=0,01 sys=0,00, real=0,00 secs] 
5,908: [GC (Allocation Failure) [PSYoungGen: 145472K->96K(141312K)] 147116K->1740K(316416K), 0,0005650 secs] [Times: user=0,00 sys=0,00, real=0,00 secs] 
6,055: [GC (Allocation Failure) [PSYoungGen: 140896K->96K(138752K)] 142540K->1740K(313856K), 0,0005358 secs] [Times: user=0,01 sys=0,00, real=0,00 secs] 
6,161: [GC (Allocation Failure) [PSYoungGen: 136288K->96K(132608K)] 137932K->1740K(307712K), 0,0005826 secs] [Times: user=0,00 sys=0,00, real=0,00 secs] 
6,282: [GC (Allocation Failure) [PSYoungGen: 132192K->96K(130048K)] 133836K->1740K(305152K), 0,0007431 secs] [Times: user=0,00 sys=0,00, real=0,00 secs] 
6,399: [GC (Allocation Failure) [PSYoungGen: 128096K->64K(124416K)] 129740K->1708K(299520K), 0,0006002 secs] [Times: user=0,00 sys=0,00, real=0,00 secs] 
6,514: [GC (Allocation Failure) [PSYoungGen: 123968K->96K(122368K)] 125612K->1740K(297472K), 0,0005477 secs] [Times: user=0,00 sys=0,00, real=0,00 secs] 
6,631: [GC (Allocation Failure) [PSYoungGen: 120416K->96K(117248K)] 122060K->1740K(292352K), 0,0005717 secs] [Times: user=0,00 sys=0,00, real=0,00 secs] 
6,757: [GC (Allocation Failure) [PSYoungGen: 116832K->96K(114688K)] 118476K->1740K(289792K), 0,0006002 secs] [Times: user=0,00 sys=0,00, real=0,00 secs] 
6,881: [GC (Allocation Failure) [PSYoungGen: 113248K->96K(110592K)] 114892K->1740K(285696K), 0,0005640 secs] [Times: user=0,00 sys=0,00, real=0,01 secs] 
6,996: [GC (Allocation Failure) [PSYoungGen: 110176K->64K(108544K)] 111820K->1708K(283648K), 0,0005729 secs] [Times: user=0,01 sys=0,00, real=0,00 secs] 
7,131: [GC (Allocation Failure) [PSYoungGen: 107072K->64K(104448K)] 108716K->1708K(279552K), 0,0006121 secs] [Times: user=0,01 sys=0,00, real=0,00 secs] 
7,264: [GC (Allocation Failure) [PSYoungGen: 104000K->96K(102400K)] 105644K->1740K(277504K), 0,0005587 secs] [Times: user=0,01 sys=0,00, real=0,00 secs] 
7,367: [GC (Allocation Failure) [PSYoungGen: 100960K->96K(98816K)] 102604K->1740K(273920K), 0,0005761 secs] [Times: user=0,00 sys=0,00, real=0,00 secs] 
7,473: [GC (Allocation Failure) [PSYoungGen: 98400K->32K(96768K)] 100044K->1676K(271872K), 0,0011433 secs] [Times: user=0,00 sys=0,00, real=0,00 secs] 
7,561: [GC (Allocation Failure) [PSYoungGen: 95776K->96K(93696K)] 97420K->1740K(268800K), 0,0006078 secs] [Times: user=0,00 sys=0,00, real=0,00 secs] 
7,650: [GC (Allocation Failure) [PSYoungGen: 93280K->32K(91648K)] 94924K->1676K(266752K), 0,0005401 secs] [Times: user=0,00 sys=0,00, real=0,00 secs] 
7,727: [GC (Allocation Failure) [PSYoungGen: 90656K->96K(88576K)] 92300K->1740K(263680K), 0,0005654 secs] [Times: user=0,00 sys=0,00, real=0,00 secs] 
7,804: [GC (Allocation Failure) [PSYoungGen: 88160K->96K(87040K)] 89804K->1740K(262144K), 0,0005259 secs] [Times: user=0,00 sys=0,00, real=0,00 secs] 
7,894: [GC (Allocation Failure) [PSYoungGen: 86112K->64K(84480K)] 87756K->1708K(259584K), 0,0007892 secs] [Times: user=0,01 sys=0,00, real=0,00 secs] 
7,991: [GC (Allocation Failure) [PSYoungGen: 84032K->64K(82944K)] 85676K->1708K(258048K), 0,0012561 secs] [Times: user=0,00 sys=0,00, real=0,00 secs] 
8,130: [GC (Allocation Failure) [PSYoungGen: 81984K->96K(80384K)] 83628K->1740K(255488K), 0,0005551 secs] [Times: user=0,00 sys=0,00, real=0,00 secs] 
8,221: [GC (Allocation Failure) [PSYoungGen: 79968K->96K(78848K)] 81612K->1748K(253952K), 0,0006424 secs] [Times: user=0,00 sys=0,00, real=0,01 secs] 
8,298: [GC (Allocation Failure) [PSYoungGen: 77920K->96K(76288K)] 79572K->1748K(251392K), 0,0005707 secs] [Times: user=0,01 sys=0,00, real=0,00 secs] 
8,371: [GC (Allocation Failure) [PSYoungGen: 75872K->96K(74752K)] 77524K->1748K(249856K), 0,0005451 secs] [Times: user=0,00 sys=0,00, real=0,00 secs] 
8,454: [GC (Allocation Failure) [PSYoungGen: 74336K->96K(73216K)] 75988K->1748K(248320K), 0,0005230 secs] [Times: user=0,01 sys=0,00, real=0,00 secs] 
8,515: [GC (Allocation Failure) [PSYoungGen: 72800K->96K(71680K)] 74452K->1748K(246784K), 0,0004997 secs] [Times: user=0,01 sys=0,00, real=0,00 secs] 
8,568: [GC (Allocation Failure) [PSYoungGen: 71264K->64K(70144K)] 72916K->1716K(245248K), 0,0005371 secs] [Times: user=0,00 sys=0,00, real=0,00 secs] 
8,630: [GC (Allocation Failure) [PSYoungGen: 69696K->96K(68608K)] 71348K->1748K(243712K), 0,0005488 secs] [Times: user=0,00 sys=0,00, real=0,00 secs] 
8,692: [GC (Allocation Failure) [PSYoungGen: 68192K->96K(67072K)] 69844K->1748K(242176K), 0,0005452 secs] [Times: user=0,01 sys=0,00, real=0,00 secs] 
8,751: [GC (Allocation Failure) [PSYoungGen: 66656K->96K(65536K)] 68308K->1748K(240640K), 0,0005450 secs] [Times: user=0,00 sys=0,00, real=0,00 secs] 
8,812: [GC (Allocation Failure) [PSYoungGen: 65120K->96K(64000K)] 66772K->1748K(239104K), 0,0005836 secs] [Times: user=0,00 sys=0,00, real=0,00 secs] 
8,868: [GC (Allocation Failure) [PSYoungGen: 63584K->96K(62464K)] 65236K->1748K(237568K), 0,0005224 secs] [Times: user=0,00 sys=0,00, real=0,00 secs] 
8,927: [GC (Allocation Failure) [PSYoungGen: 62048K->96K(61440K)] 63700K->1748K(236544K), 0,0005553 secs] [Times: user=0,00 sys=0,00, real=0,00 secs] 
8,979: [GC (Allocation Failure) [PSYoungGen: 61024K->96K(60416K)] 62676K->1748K(235520K), 0,0005297 secs] [Times: user=0,00 sys=0,00, real=0,00 secs] 
9,030: [GC (Allocation Failure) [PSYoungGen: 60000K->64K(59392K)] 61652K->1716K(234496K), 0,0005590 secs] [Times: user=0,00 sys=0,00, real=0,00 secs] 
9,085: [GC (Allocation Failure) [PSYoungGen: 58944K->96K(58368K)] 60596K->1748K(233472K), 0,0005471 secs] [Times: user=0,00 sys=0,00, real=0,00 secs] 
9,139: [GC (Allocation Failure) [PSYoungGen: 57952K->96K(57344K)] 59604K->1748K(232448K), 0,0005182 secs] [Times: user=0,00 sys=0,00, real=0,00 secs] 
9,189: [GC (Allocation Failure) [PSYoungGen: 56928K->96K(56320K)] 58580K->1748K(231424K), 0,0005295 secs] [Times: user=0,00 sys=0,00, real=0,00 secs] 
9,232: [GC (Allocation Failure) [PSYoungGen: 55904K->96K(55296K)] 57556K->1748K(230400K), 0,0005202 secs] [Times: user=0,00 sys=0,00, real=0,00 secs] 
9,280: [GC (Allocation Failure) [PSYoungGen: 54880K->96K(54272K)] 56532K->1748K(229376K), 0,0005291 secs] [Times: user=0,00 sys=0,00, real=0,00 secs] 
9,327: [GC (Allocation Failure) [PSYoungGen: 53856K->96K(65024K)] 55508K->1748K(240128K), 0,0006078 secs] [Times: user=0,00 sys=0,00, real=0,00 secs] 
9,380: [GC (Allocation Failure) [PSYoungGen: 64608K->96K(63488K)] 66260K->1748K(238592K), 0,0005152 secs] [Times: user=0,00 sys=0,00, real=0,00 secs] 
9,432: [GC (Allocation Failure) [PSYoungGen: 63072K->96K(61952K)] 64724K->1748K(237056K), 0,0005495 secs] [Times: user=0,00 sys=0,00, real=0,00 secs] 
9,495: [GC (Allocation Failure) [PSYoungGen: 61536K->96K(60928K)] 63188K->1748K(236032K), 0,0005398 secs] [Times: user=0,00 sys=0,00, real=0,00 secs] 
9,545: [GC (Allocation Failure) [PSYoungGen: 60512K->96K(59904K)] 62164K->1748K(235008K), 0,0005434 secs] [Times: user=0,00 sys=0,00, real=0,00 secs] 
9,598: [GC (Allocation Failure) [PSYoungGen: 59488K->96K(58880K)] 61140K->1748K(233984K), 0,0005362 secs] [Times: user=0,00 sys=0,00, real=0,00 secs] 
9,648: [GC (Allocation Failure) [PSYoungGen: 58464K->96K(57856K)] 60116K->1748K(232960K), 0,0005676 secs] [Times: user=0,00 sys=0,00, real=0,00 secs] 
9,698: [GC (Allocation Failure) [PSYoungGen: 57440K->96K(56832K)] 59092K->1748K(231936K), 0,0006174 secs] [Times: user=0,00 sys=0,00, real=0,00 secs] 
9,745: [GC (Allocation Failure) [PSYoungGen: 56416K->96K(55808K)] 58068K->1748K(230912K), 0,0005186 secs] [Times: user=0,00 sys=0,00, real=0,00 secs] 
9,790: [GC (Allocation Failure) [PSYoungGen: 55392K->64K(67072K)] 57044K->1716K(242176K), 0,0010120 secs] [Times: user=0,01 sys=0,00, real=0,01 secs] 
9,842: [GC (Allocation Failure) [PSYoungGen: 66624K->96K(80384K)] 68276K->1748K(255488K), 0,0005400 secs] [Times: user=0,00 sys=0,00, real=0,00 secs] 
9,911: [GC (Allocation Failure) [PSYoungGen: 79968K->96K(96768K)] 81620K->1748K(271872K), 0,0005434 secs] [Times: user=0,00 sys=0,00, real=0,00 secs] 
9,998: [GC (Allocation Failure) [PSYoungGen: 96352K->96K(94208K)] 98004K->1748K(269312K), 0,0005352 secs] [Times: user=0,00 sys=0,00, real=0,00 secs] 
10,075: [GC (Allocation Failure) [PSYoungGen: 93792K->64K(113152K)] 95444K->1716K(288256K), 0,0011585 secs] [Times: user=0,00 sys=0,00, real=0,00 secs] 
10,175: [GC (Allocation Failure) [PSYoungGen: 112704K->32K(135680K)] 114356K->1684K(310784K), 0,0012388 secs] [Times: user=0,00 sys=0,00, real=0,00 secs] 
10,287: [GC (Allocation Failure) [PSYoungGen: 135200K->64K(162816K)] 136852K->1716K(337920K), 0,0011852 secs] [Times: user=0,00 sys=0,00, real=0,00 secs] 
10,442: [GC (Allocation Failure) [PSYoungGen: 162368K->160K(157184K)] 164020K->1820K(332288K), 0,0006629 secs] [Times: user=0,00 sys=0,00, real=0,00 secs] 
10,570: [GC (Allocation Failure) [PSYoungGen: 156832K->96K(152064K)] 158492K->1820K(327168K), 0,0004980 secs] [Times: user=0,00 sys=0,00, real=0,00 secs] 
10,704: [GC (Allocation Failure) [PSYoungGen: 151648K->96K(146944K)] 153372K->1820K(322048K), 0,0005530 secs] [Times: user=0,00 sys=0,00, real=0,00 secs] 
10,835: [GC (Allocation Failure) [PSYoungGen: 146528K->96K(142336K)] 148252K->1820K(317440K), 0,0005505 secs] [Times: user=0,00 sys=0,00, real=0,00 secs] 
10,978: [GC (Allocation Failure) [PSYoungGen: 141920K->96K(137728K)] 143644K->1820K(312832K), 0,0005419 secs] [Times: user=0,00 sys=0,00, real=0,00 secs] 
11,108: [GC (Allocation Failure) [PSYoungGen: 137312K->96K(133120K)] 139036K->1820K(308224K), 0,0005418 secs] [Times: user=0,00 sys=0,00, real=0,00 secs] 
11,253: [GC (Allocation Failure) [PSYoungGen: 132704K->64K(129024K)] 134428K->1788K(304128K), 0,0005890 secs] [Times: user=0,00 sys=0,00, real=0,00 secs] 
11,374: [GC (Allocation Failure) [PSYoungGen: 128576K->96K(124928K)] 130300K->1820K(300032K), 0,0006016 secs] [Times: user=0,00 sys=0,00, real=0,00 secs] 
11,495: [GC (Allocation Failure) [PSYoungGen: 124512K->96K(121344K)] 126236K->1820K(296448K), 0,0005396 secs] [Times: user=0,00 sys=0,00, real=0,00 secs] 
11,616: [GC (Allocation Failure) [PSYoungGen: 120928K->96K(117760K)] 122652K->1820K(292864K), 0,0005588 secs] [Times: user=0,00 sys=0,00, real=0,00 secs] 
11,729: [GC (Allocation Failure) [PSYoungGen: 117344K->64K(141312K)] 119068K->1788K(316416K), 0,0038128 secs] [Times: user=0,00 sys=0,00, real=0,01 secs] 
11,872: [GC (Allocation Failure) [PSYoungGen: 140864K->96K(136704K)] 142588K->1820K(311808K), 0,0005309 secs] [Times: user=0,00 sys=0,00, real=0,00 secs] 
11,999: [GC (Allocation Failure) [PSYoungGen: 136288K->96K(132608K)] 138012K->1820K(307712K), 0,0005444 secs] [Times: user=0,00 sys=0,00, real=0,00 secs] 
12,131: [GC (Allocation Failure) [PSYoungGen: 132192K->96K(128512K)] 133916K->1820K(303616K), 0,0005426 secs] [Times: user=0,00 sys=0,00, real=0,00 secs] 
12,256: [GC (Allocation Failure) [PSYoungGen: 128096K->64K(124416K)] 129820K->1788K(299520K), 0,0006964 secs] [Times: user=0,00 sys=0,00, real=0,00 secs] 
12,375: [GC (Allocation Failure) [PSYoungGen: 123968K->96K(120832K)] 125692K->1820K(295936K), 0,0005594 secs] [Times: user=0,00 sys=0,00, real=0,00 secs] 
12,511: [GC (Allocation Failure) [PSYoungGen: 120416K->64K(117248K)] 122140K->1788K(292352K), 0,0005516 secs] [Times: user=0,00 sys=0,00, real=0,01 secs] 
12,646: [GC (Allocation Failure) [PSYoungGen: 116800K->64K(113664K)] 118524K->1788K(288768K), 0,0005475 secs] [Times: user=0,00 sys=0,00, real=0,00 secs] 
12,764: [GC (Allocation Failure) [PSYoungGen: 113216K->96K(110592K)] 114940K->1820K(285696K), 0,0005948 secs] [Times: user=0,00 sys=0,00, real=0,00 secs] 
12,900: [GC (Allocation Failure) [PSYoungGen: 110175K->64K(107520K)] 111900K->1788K(282624K), 0,0008436 secs] [Times: user=0,00 sys=0,00, real=0,00 secs] 
13,026: [GC (Allocation Failure) [PSYoungGen: 107072K->64K(104448K)] 108796K->1788K(279552K), 0,0005839 secs] [Times: user=0,00 sys=0,00, real=0,00 secs] 
13,171: [GC (Allocation Failure) [PSYoungGen: 104000K->96K(101376K)] 105724K->1820K(276480K), 0,0005722 secs] [Times: user=0,00 sys=0,00, real=0,01 secs] 
13,268: [GC (Allocation Failure) [PSYoungGen: 100960K->96K(98816K)] 102684K->1820K(273920K), 0,0005246 secs] [Times: user=0,00 sys=0,00, real=0,00 secs] 
13,354: [GC (Allocation Failure) [PSYoungGen: 98400K->96K(96256K)] 100124K->1820K(271360K), 0,0005493 secs] [Times: user=0,00 sys=0,00, real=0,00 secs] 
13,442: [GC (Allocation Failure) [PSYoungGen: 95840K->96K(93696K)] 97564K->1820K(268800K), 0,0005686 secs] [Times: user=0,00 sys=0,00, real=0,00 secs] 
13,527: [GC (Allocation Failure) [PSYoungGen: 93280K->96K(91136K)] 95004K->1820K(266240K), 0,0004666 secs] [Times: user=0,00 sys=0,00, real=0,00 secs] 
13,625: [GC (Allocation Failure) [PSYoungGen: 90720K->96K(88576K)] 92444K->1820K(263680K), 0,0005166 secs] [Times: user=0,00 sys=0,00, real=0,00 secs] 
13,724: [GC (Allocation Failure) [PSYoungGen: 88160K->96K(86528K)] 89884K->1820K(261632K), 0,0012018 secs] [Times: user=0,00 sys=0,00, real=0,00 secs] 
13,805: [GC (Allocation Failure) [PSYoungGen: 86112K->64K(84480K)] 87836K->1788K(259584K), 0,0007332 secs] [Times: user=0,00 sys=0,00, real=0,00 secs] 
13,891: [GC (Allocation Failure) [PSYoungGen: 84032K->64K(82432K)] 85756K->1788K(257536K), 0,0006266 secs] [Times: user=0,00 sys=0,00, real=0,01 secs] 
13,994: [GC (Allocation Failure) [PSYoungGen: 81984K->64K(80384K)] 83708K->1788K(255488K), 0,0005872 secs] [Times: user=0,00 sys=0,00, real=0,00 secs] 
14,127: [GC (Allocation Failure) [PSYoungGen: 79936K->96K(78336K)] 81660K->1820K(253440K), 0,0005226 secs] [Times: user=0,00 sys=0,00, real=0,00 secs] 
14,227: [GC (Allocation Failure) [PSYoungGen: 77920K->64K(76288K)] 79644K->1788K(251392K), 0,0007525 secs] [Times: user=0,00 sys=0,00, real=0,00 secs] 
14,419: [GC (Allocation Failure) [PSYoungGen: 75840K->96K(74752K)] 77564K->1820K(249856K), 0,0005330 secs] [Times: user=0,00 sys=0,00, real=0,00 secs] 
14,484: [GC (Allocation Failure) [PSYoungGen: 74336K->96K(73216K)] 76060K->1820K(248320K), 0,0005426 secs] [Times: user=0,00 sys=0,00, real=0,00 secs] 
14,551: [GC (Allocation Failure) [PSYoungGen: 72800K->96K(71680K)] 74524K->1820K(246784K), 0,0005452 secs] [Times: user=0,00 sys=0,00, real=0,01 secs] 
14,608: [GC (Allocation Failure) [PSYoungGen: 71264K->32K(70144K)] 72988K->1756K(245248K), 0,0010722 secs] [Times: user=0,01 sys=0,00, real=0,00 secs] 
14,657: [GC (Allocation Failure) [PSYoungGen: 69664K->64K(84480K)] 71388K->1788K(259584K), 0,0010826 secs] [Times: user=0,00 sys=0,00, real=0,00 secs] 
14,724: [GC (Allocation Failure) [PSYoungGen: 84032K->64K(101376K)] 85756K->1788K(276480K), 0,0007867 secs] [Times: user=0,01 sys=0,00, real=0,00 secs] 
14,805: [GC (Allocation Failure) [PSYoungGen: 100928K->96K(121856K)] 102652K->1820K(296960K), 0,0005453 secs] [Times: user=0,01 sys=0,00, real=0,00 secs] 
14,922: [GC (Allocation Failure) [PSYoungGen: 121440K->96K(118272K)] 123164K->1820K(293376K), 0,0005117 secs] [Times: user=0,01 sys=0,00, real=0,00 secs] 
15,033: [GC (Allocation Failure) [PSYoungGen: 117856K->64K(114688K)] 119580K->1788K(289792K), 0,0005752 secs] [Times: user=0,00 sys=0,00, real=0,00 secs] 
15,151: [GC (Allocation Failure) [PSYoungGen: 114240K->64K(111104K)] 115964K->1788K(286208K), 0,0009381 secs] [Times: user=0,00 sys=0,00, real=0,00 secs] 
15,371: [GC (Allocation Failure) [PSYoungGen: 110656K->96K(108032K)] 112380K->1820K(283136K), 0,0005494 secs] [Times: user=0,00 sys=0,00, real=0,01 secs] 
15,456: [GC (Allocation Failure) [PSYoungGen: 107616K->96K(104960K)] 109340K->1828K(280064K), 0,0005136 secs] [Times: user=0,00 sys=0,00, real=0,00 secs] 
15,536: [GC (Allocation Failure) [PSYoungGen: 104544K->96K(101888K)] 106276K->1828K(276992K), 0,0005256 secs] [Times: user=0,00 sys=0,00, real=0,00 secs] 
15,611: [GC (Allocation Failure) [PSYoungGen: 101472K->32K(98816K)] 103204K->1764K(273920K), 0,0006003 secs] [Times: user=0,00 sys=0,00, real=0,01 secs] 
15,719: [GC (Allocation Failure) [PSYoungGen: 98336K->96K(96256K)] 100068K->1828K(271360K), 0,0005330 secs] [Times: user=0,00 sys=0,00, real=0,00 secs] 
15,801: [GC (Allocation Failure) [PSYoungGen: 95840K->96K(93696K)] 97572K->1828K(268800K), 0,0005499 secs] [Times: user=0,00 sys=0,00, real=0,01 secs] 
15,896: [GC (Allocation Failure) [PSYoungGen: 93280K->96K(91136K)] 95012K->1828K(266240K), 0,0005263 secs] [Times: user=0,00 sys=0,00, real=0,00 secs] 
16,075: [GC (Allocation Failure) [PSYoungGen: 90720K->64K(109568K)] 92452K->1796K(284672K), 0,0102827 secs] [Times: user=0,00 sys=0,00, real=0,01 secs] 
16,252: [GC (Allocation Failure) [PSYoungGen: 109120K->96K(131584K)] 110852K->1828K(306688K), 0,0005220 secs] [Times: user=0,00 sys=0,00, real=0,00 secs] 
16,469: [GC (Allocation Failure) [PSYoungGen: 131167K->64K(158208K)] 132900K->1796K(333312K), 0,0005560 secs] [Times: user=0,00 sys=0,00, real=0,00 secs] 
16,694: [GC (Allocation Failure) [PSYoungGen: 157760K->96K(153088K)] 159492K->1828K(328192K), 0,0005478 secs] [Times: user=0,00 sys=0,00, real=0,00 secs] 
16,855: [GC (Allocation Failure) [PSYoungGen: 152672K->64K(183808K)] 154404K->1796K(358912K), 0,0057840 secs] [Times: user=0,01 sys=0,00, real=0,00 secs] 
17,170: [GC (Allocation Failure) [PSYoungGen: 183360K->96K(220672K)] 185092K->1828K(395776K), 0,0005400 secs] [Times: user=0,00 sys=0,00, real=0,00 secs] 
17,464: [GC (Allocation Failure) [PSYoungGen: 220256K->96K(212480K)] 221988K->1828K(387584K), 0,0005616 secs] [Times: user=0,00 sys=0,00, real=0,00 secs] 
17,727: [GC (Allocation Failure) [PSYoungGen: 212064K->96K(204800K)] 213796K->1828K(379904K), 0,0005485 secs] [Times: user=0,00 sys=0,00, real=0,00 secs] 
17,927: [GC (Allocation Failure) [PSYoungGen: 204384K->96K(197120K)] 206116K->1828K(372224K), 0,0005334 secs] [Times: user=0,00 sys=0,00, real=0,00 secs] 
18,143: [GC (Allocation Failure) [PSYoungGen: 196704K->64K(189952K)] 198436K->1796K(365056K), 0,0005501 secs] [Times: user=0,00 sys=0,00, real=0,00 secs] 
18,322: [GC (Allocation Failure) [PSYoungGen: 189504K->96K(183296K)] 191236K->1828K(358400K), 0,0005376 secs] [Times: user=0,00 sys=0,00, real=0,00 secs] 
18,502: [GC (Allocation Failure) [PSYoungGen: 182880K->96K(176640K)] 184612K->1828K(351744K), 0,0005700 secs] [Times: user=0,00 sys=0,00, real=0,00 secs] 
18,684: [GC (Allocation Failure) [PSYoungGen: 176224K->96K(170496K)] 177956K->1828K(345600K), 0,0005239 secs] [Times: user=0,00 sys=0,00, real=0,00 secs] 
18,864: [GC (Allocation Failure) [PSYoungGen: 170080K->96K(164864K)] 171812K->1828K(339968K), 0,0005828 secs] [Times: user=0,00 sys=0,00, real=0,00 secs] 
19,094: [GC (Allocation Failure) [PSYoungGen: 164448K->64K(159232K)] 166180K->1796K(334336K), 0,0005998 secs] [Times: user=0,00 sys=0,00, real=0,00 secs] 
19,227: [GC (Allocation Failure) [PSYoungGen: 158784K->96K(154112K)] 160516K->1828K(329216K), 0,0005275 secs] [Times: user=0,00 sys=0,00, real=0,00 secs] 
19,352: [GC (Allocation Failure) [PSYoungGen: 153696K->96K(148992K)] 155428K->1828K(324096K), 0,0005462 secs] [Times: user=0,00 sys=0,00, real=0,00 secs] 
19,515: [GC (Allocation Failure) [PSYoungGen: 148576K->96K(143872K)] 150308K->1828K(318976K), 0,0005828 secs] [Times: user=0,00 sys=0,00, real=0,00 secs] 
19,666: [GC (Allocation Failure) [PSYoungGen: 143456K->96K(139264K)] 145188K->1828K(314368K), 0,0005477 secs] [Times: user=0,00 sys=0,00, real=0,00 secs] 
19,933: [GC (Allocation Failure) [PSYoungGen: 138848K->96K(134656K)] 140580K->1828K(309760K), 0,0005686 secs] [Times: user=0,00 sys=0,00, real=0,00 secs] 
20,062: [GC (Allocation Failure) [PSYoungGen: 134240K->64K(130560K)] 135972K->1796K(305664K), 0,0005568 secs] [Times: user=0,00 sys=0,00, real=0,00 secs] 
20,191: [GC (Allocation Failure) [PSYoungGen: 130112K->96K(126464K)] 131844K->1828K(301568K), 0,0005393 secs] [Times: user=0,00 sys=0,01, real=0,01 secs] 
20,303: [GC (Allocation Failure) [PSYoungGen: 126048K->96K(122368K)] 127780K->1828K(297472K), 0,0005168 secs] [Times: user=0,00 sys=0,00, real=0,00 secs] 
20,412: [GC (Allocation Failure) [PSYoungGen: 121952K->96K(118784K)] 123684K->1828K(293888K), 0,0006153 secs] [Times: user=0,00 sys=0,00, real=0,00 secs] 
20,520: [GC (Allocation Failure) [PSYoungGen: 118368K->96K(115200K)] 120100K->1852K(290304K), 0,0004338 secs] [Times: user=0,00 sys=0,00, real=0,00 secs] 
20,611: [GC (Allocation Failure) [PSYoungGen: 114784K->96K(111616K)] 116540K->1852K(286720K), 0,0005043 secs] [Times: user=0,00 sys=0,00, real=0,00 secs] 
20,709: [GC (Allocation Failure) [PSYoungGen: 111200K->96K(108544K)] 112956K->1852K(283648K), 0,0005478 secs] [Times: user=0,00 sys=0,00, real=0,00 secs] 
20,807: [GC (Allocation Failure) [PSYoungGen: 108128K->96K(105472K)] 109884K->1852K(280576K), 0,0005620 secs] [Times: user=0,00 sys=0,00, real=0,00 secs] 
20,934: [GC (Allocation Failure) [PSYoungGen: 105056K->96K(102400K)] 106812K->1852K(277504K), 0,0005463 secs] [Times: user=0,00 sys=0,00, real=0,00 secs] 
21,044: [GC (Allocation Failure) [PSYoungGen: 101984K->96K(99328K)] 103740K->1852K(274432K), 0,0005410 secs] [Times: user=0,00 sys=0,00, real=0,00 secs] 
21,144: [GC (Allocation Failure) [PSYoungGen: 98912K->64K(96768K)] 100668K->1820K(271872K), 0,0006146 secs] [Times: user=0,00 sys=0,00, real=0,00 secs] 
21,240: [GC (Allocation Failure) [PSYoungGen: 96320K->64K(94208K)] 98076K->1820K(269312K), 0,0007413 secs] [Times: user=0,00 sys=0,00, real=0,00 secs] 
21,358: [GC (Allocation Failure) [PSYoungGen: 93760K->96K(91648K)] 95516K->1852K(266752K), 0,0005767 secs] [Times: user=0,00 sys=0,00, real=0,00 secs] 
21,467: [GC (Allocation Failure) [PSYoungGen: 91232K->64K(89088K)] 92988K->1820K(264192K), 0,0006417 secs] [Times: user=0,00 sys=0,00, real=0,00 secs] 
21,574: [GC (Allocation Failure) [PSYoungGen: 88640K->96K(87040K)] 90396K->1852K(262144K), 0,0005467 secs] [Times: user=0,00 sys=0,00, real=0,00 secs] 
21,679: [GC (Allocation Failure) [PSYoungGen: 86624K->96K(84992K)] 88380K->1852K(260096K), 0,0005690 secs] [Times: user=0,01 sys=0,00, real=0,00 secs] 
21,774: [GC (Allocation Failure) [PSYoungGen: 84576K->64K(82944K)] 86332K->1820K(258048K), 0,0010367 secs] [Times: user=0,01 sys=0,00, real=0,00 secs] 
21,857: [GC (Allocation Failure) [PSYoungGen: 82496K->96K(80896K)] 84252K->1852K(256000K), 0,0006278 secs] [Times: user=0,00 sys=0,00, real=0,00 secs] 
21,988: [GC (Allocation Failure) [PSYoungGen: 80480K->96K(78848K)] 82236K->1852K(253952K), 0,0005408 secs] [Times: user=0,00 sys=0,01, real=0,00 secs] 
22,114: [GC (Allocation Failure) [PSYoungGen: 78432K->96K(76800K)] 80188K->1852K(251904K), 0,0005529 secs] [Times: user=0,00 sys=0,00, real=0,00 secs] 
22,221: [GC (Allocation Failure) [PSYoungGen: 76384K->96K(74752K)] 78140K->1852K(249856K), 0,0005240 secs] [Times: user=0,01 sys=0,00, real=0,01 secs] 
22,380: [GC (Allocation Failure) [PSYoungGen: 74336K->64K(73216K)] 76092K->1820K(248320K), 0,0010318 secs] [Times: user=0,00 sys=0,00, real=0,00 secs] 
22,623: [GC (Allocation Failure) [PSYoungGen: 72768K->96K(71680K)] 74524K->1852K(246784K), 0,0011678 secs] [Times: user=0,00 sys=0,00, real=0,00 secs] 
22,841: [GC (Allocation Failure) [PSYoungGen: 71264K->96K(70144K)] 73020K->1852K(245248K), 0,0005613 secs] [Times: user=0,00 sys=0,00, real=0,01 secs] 
22,973: [GC (Allocation Failure) [PSYoungGen: 69728K->64K(68608K)] 71484K->1820K(243712K), 0,0005429 secs] [Times: user=0,00 sys=0,00, real=0,00 secs] 
23,090: [GC (Allocation Failure) [PSYoungGen: 68160K->64K(82432K)] 69916K->1820K(257536K), 0,0109477 secs] [Times: user=0,00 sys=0,00, real=0,02 secs] 
23,256: [GC (Allocation Failure) [PSYoungGen: 81984K->96K(98816K)] 83740K->1852K(273920K), 0,0005251 secs] [Times: user=0,00 sys=0,00, real=0,00 secs] 
23,657: [GC (Allocation Failure) [PSYoungGen: 98400K->96K(118784K)] 100156K->1852K(293888K), 0,0005401 secs] [Times: user=0,00 sys=0,00, real=0,00 secs] 
24,022: [GC (Allocation Failure) [PSYoungGen: 118368K->96K(142848K)] 120124K->1852K(317952K), 0,0005769 secs] [Times: user=0,00 sys=0,00, real=0,00 secs] 
24,532: [GC (Allocation Failure) [PSYoungGen: 142432K->96K(138240K)] 144188K->1852K(313344K), 0,0005604 secs] [Times: user=0,00 sys=0,00, real=0,00 secs] 
24,985: [GC (Allocation Failure) [PSYoungGen: 137824K->96K(133632K)] 139580K->1852K(308736K), 0,0005333 secs] [Times: user=0,00 sys=0,00, real=0,00 secs] 
25,404: [GC (Allocation Failure) [PSYoungGen: 133216K->96K(129536K)] 134972K->1852K(304640K), 0,0005460 secs] [Times: user=0,00 sys=0,00, real=0,00 secs] 
25,712: [GC (Allocation Failure) [PSYoungGen: 129120K->96K(125440K)] 130876K->1852K(300544K), 0,0005471 secs] [Times: user=0,00 sys=0,00, real=0,00 secs] 
26,124: [GC (Allocation Failure) [PSYoungGen: 125024K->96K(121344K)] 126780K->1852K(296448K), 0,0005757 secs] [Times: user=0,00 sys=0,00, real=0,00 secs] 
26,531: [GC (Allocation Failure) [PSYoungGen: 120928K->96K(117760K)] 122684K->1852K(292864K), 0,0005878 secs] [Times: user=0,00 sys=0,00, real=0,00 secs] 
26,897: [GC (Allocation Failure) [PSYoungGen: 117344K->64K(114176K)] 119100K->1820K(289280K), 0,0005403 secs] [Times: user=0,00 sys=0,00, real=0,00 secs] 
27,270: [GC (Allocation Failure) [PSYoungGen: 113728K->96K(110592K)] 115484K->1852K(285696K), 0,0005459 secs] [Times: user=0,00 sys=0,00, real=0,00 secs] 
27,666: [GC (Allocation Failure) [PSYoungGen: 110176K->64K(107520K)] 111932K->1820K(282624K), 0,0007622 secs] [Times: user=0,00 sys=0,00, real=0,00 secs] 
27,978: [GC (Allocation Failure) [PSYoungGen: 107071K->96K(104448K)] 108828K->1852K(279552K), 0,0005321 secs] [Times: user=0,00 sys=0,00, real=0,00 secs] 
28,278: [GC (Allocation Failure) [PSYoungGen: 104032K->96K(101376K)] 105788K->1852K(276480K), 0,0005329 secs] [Times: user=0,00 sys=0,00, real=0,00 secs] 
28,407: [GC (Allocation Failure) [PSYoungGen: 100960K->96K(98816K)] 102716K->1852K(273920K), 0,0005278 secs] [Times: user=0,00 sys=0,00, real=0,00 secs] 
28,518: [GC (Allocation Failure) [PSYoungGen: 98400K->64K(96256K)] 100156K->1820K(271360K), 0,0010981 secs] [Times: user=0,00 sys=0,00, real=0,00 secs] 
28,637: [GC (Allocation Failure) [PSYoungGen: 95808K->96K(93696K)] 97564K->1852K(268800K), 0,0005477 secs] [Times: user=0,00 sys=0,00, real=0,00 secs] 
28,747: [GC (Allocation Failure) [PSYoungGen: 93280K->96K(91136K)] 95036K->1852K(266240K), 0,0005504 secs] [Times: user=0,00 sys=0,00, real=0,00 secs] 
28,882: [GC (Allocation Failure) [PSYoungGen: 90720K->96K(88576K)] 92476K->1852K(263680K), 0,0005492 secs] [Times: user=0,00 sys=0,00, real=0,00 secs] 
29,085: [GC (Allocation Failure) [PSYoungGen: 88160K->64K(106496K)] 89916K->1820K(281600K), 0,0110248 secs] [Times: user=0,01 sys=0,00, real=0,01 secs] 
29,286: [GC (Allocation Failure) [PSYoungGen: 106048K->96K(128000K)] 107804K->1852K(303104K), 0,0005351 secs] [Times: user=0,01 sys=0,00, real=0,00 secs] 
29,792: [GC (Allocation Failure) [PSYoungGen: 127584K->96K(123904K)] 129340K->1852K(299008K), 0,0006132 secs] [Times: user=0,00 sys=0,00, real=0,00 secs] 
30,024: [GC (Allocation Failure) [PSYoungGen: 123488K->96K(120320K)] 125244K->1852K(295424K), 0,0005505 secs] [Times: user=0,00 sys=0,00, real=0,00 secs] 
30,343: [GC (Allocation Failure) [PSYoungGen: 119904K->96K(116736K)] 121660K->1852K(291840K), 0,0005667 secs] [Times: user=0,00 sys=0,00, real=0,00 secs] 
30,574: [GC (Allocation Failure) [PSYoungGen: 116320K->96K(113152K)] 118076K->1876K(288256K), 0,0004968 secs] [Times: user=0,00 sys=0,00, real=0,00 secs] 
30,933: [GC (Allocation Failure) [PSYoungGen: 112736K->32K(135680K)] 114516K->1812K(310784K), 0,0111587 secs] [Times: user=0,01 sys=0,00, real=0,01 secs] 
31,212: [GC (Allocation Failure) [PSYoungGen: 135200K->96K(131584K)] 136980K->1876K(306688K), 0,0006438 secs] [Times: user=0,00 sys=0,00, real=0,00 secs] 
31,384: [GC (Allocation Failure) [PSYoungGen: 131168K->96K(127488K)] 132948K->1876K(302592K), 0,0005730 secs] [Times: user=0,00 sys=0,00, real=0,00 secs] 
31,493: [GC (Allocation Failure) [PSYoungGen: 127072K->96K(123392K)] 128852K->1876K(298496K), 0,0005539 secs] [Times: user=0,00 sys=0,00, real=0,00 secs] 
31,742: [GC (Allocation Failure) [PSYoungGen: 122976K->96K(119808K)] 124756K->1876K(294912K), 0,0005559 secs] [Times: user=0,00 sys=0,00, real=0,00 secs] 
31,990: [GC (Allocation Failure) [PSYoungGen: 119392K->96K(116224K)] 121172K->1876K(291328K), 0,0005703 secs] [Times: user=0,00 sys=0,00, real=0,01 secs] 
32,305: [GC (Allocation Failure) [PSYoungGen: 115808K->64K(112640K)] 117588K->1844K(287744K), 0,0006128 secs] [Times: user=0,00 sys=0,00, real=0,00 secs] 
32,407: [GC (Allocation Failure) [PSYoungGen: 112192K->96K(109568K)] 113972K->1876K(284672K), 0,0005546 secs] [Times: user=0,00 sys=0,00, real=0,00 secs] 
32,749: [GC (Allocation Failure) [PSYoungGen: 109152K->96K(106496K)] 110932K->1876K(281600K), 0,0005372 secs] [Times: user=0,00 sys=0,00, real=0,00 secs] 
32,907: [GC (Allocation Failure) [PSYoungGen: 106080K->64K(128000K)] 107860K->1844K(303104K), 0,0067069 secs] [Times: user=0,00 sys=0,00, real=0,01 secs] 
33,093: [GC (Allocation Failure) [PSYoungGen: 127552K->96K(153600K)] 129332K->1876K(328704K), 0,0009282 secs] [Times: user=0,01 sys=0,00, real=0,00 secs] 
33,352: [GC (Allocation Failure) [PSYoungGen: 153184K->96K(148480K)] 154964K->1876K(323584K), 0,0005397 secs] [Times: user=0,00 sys=0,00, real=0,00 secs] 
33,747: [GC (Allocation Failure) [PSYoungGen: 148064K->96K(143360K)] 149844K->1876K(318464K), 0,0005451 secs] [Times: user=0,00 sys=0,00, real=0,00 secs] 
34,072: [GC (Allocation Failure) [PSYoungGen: 142944K->96K(138752K)] 144724K->1876K(313856K), 0,0005659 secs] [Times: user=0,01 sys=0,00, real=0,00 secs] 
34,383: [GC (Allocation Failure) [PSYoungGen: 138336K->96K(134144K)] 140116K->1876K(309248K), 0,0005577 secs] [Times: user=0,00 sys=0,00, real=0,00 secs] 
34,653: [GC (Allocation Failure) [PSYoungGen: 133728K->96K(130048K)] 135508K->1876K(305152K), 0,0005534 secs] [Times: user=0,01 sys=0,00, real=0,00 secs] 
34,869: [GC (Allocation Failure) [PSYoungGen: 129632K->96K(125952K)] 131412K->1876K(301056K), 0,0005743 secs] [Times: user=0,00 sys=0,00, real=0,00 secs] 
35,115: [GC (Allocation Failure) [PSYoungGen: 125536K->96K(121856K)] 127316K->1876K(296960K), 0,0005450 secs] [Times: user=0,00 sys=0,00, real=0,00 secs] 
35,319: [GC (Allocation Failure) [PSYoungGen: 121440K->96K(118272K)] 123220K->1876K(293376K), 0,0005725 secs] [Times: user=0,00 sys=0,00, real=0,00 secs] 
35,468: [GC (Allocation Failure) [PSYoungGen: 117856K->96K(114688K)] 119636K->1876K(289792K), 0,0005484 secs] [Times: user=0,00 sys=0,00, real=0,00 secs] 
35,620: [GC (Allocation Failure) [PSYoungGen: 114272K->96K(111104K)] 116052K->1876K(286208K), 0,0005774 secs] [Times: user=0,00 sys=0,00, real=0,01 secs] 
35,771: [GC (Allocation Failure) [PSYoungGen: 110688K->96K(108032K)] 112468K->1876K(283136K), 0,0005908 secs] [Times: user=0,00 sys=0,00, real=0,00 secs] 
35,934: [GC (Allocation Failure) [PSYoungGen: 107616K->96K(104960K)] 109396K->1876K(280064K), 0,0005899 secs] [Times: user=0,00 sys=0,00, real=0,00 secs] 
36,024: [GC (Allocation Failure) [PSYoungGen: 104544K->96K(101888K)] 106324K->1876K(276992K), 0,0005655 secs] [Times: user=0,00 sys=0,00, real=0,00 secs] 
36,123: [GC (Allocation Failure) [PSYoungGen: 101472K->64K(98816K)] 103252K->1844K(273920K), 0,0010735 secs] [Times: user=0,01 sys=0,00, real=0,00 secs] 
36,313: [GC (Allocation Failure) [PSYoungGen: 98368K->96K(96256K)] 100148K->1876K(271360K), 0,0005643 secs] [Times: user=0,00 sys=0,00, real=0,00 secs] 
36,464: [GC (Allocation Failure) [PSYoungGen: 95840K->96K(93696K)] 97620K->1876K(268800K), 0,0005977 secs] [Times: user=0,00 sys=0,00, real=0,00 secs] 
36,584: [GC (Allocation Failure) [PSYoungGen: 93280K->64K(91136K)] 95060K->1844K(266240K), 0,0007769 secs] [Times: user=0,01 sys=0,00, real=0,00 secs] 
36,728: [GC (Allocation Failure) [PSYoungGen: 90688K->64K(88576K)] 92468K->1844K(263680K), 0,0005687 secs] [Times: user=0,00 sys=0,00, real=0,00 secs] 
36,817: [GC (Allocation Failure) [PSYoungGen: 88128K->96K(86528K)] 89908K->1876K(261632K), 0,0005691 secs] [Times: user=0,00 sys=0,00, real=0,00 secs] 
36,920: [GC (Allocation Failure) [PSYoungGen: 86112K->96K(84480K)] 87892K->1876K(259584K), 0,0005689 secs] [Times: user=0,00 sys=0,00, real=0,01 secs] 
37,026: [GC (Allocation Failure) [PSYoungGen: 84064K->96K(82432K)] 85844K->1876K(257536K), 0,0006326 secs] [Times: user=0,00 sys=0,00, real=0,00 secs] 
37,119: [GC (Allocation Failure) [PSYoungGen: 82016K->96K(80384K)] 83796K->1876K(255488K), 0,0005530 secs] [Times: user=0,00 sys=0,00, real=0,00 secs] 
37,187: [GC (Allocation Failure) [PSYoungGen: 79968K->96K(78336K)] 81748K->1876K(253440K), 0,0005950 secs] [Times: user=0,00 sys=0,00, real=0,00 secs] 
37,257: [GC (Allocation Failure) [PSYoungGen: 77920K->96K(76288K)] 79700K->1876K(251392K), 0,0005509 secs] [Times: user=0,01 sys=0,00, real=0,00 secs] 
37,324: [GC (Allocation Failure) [PSYoungGen: 75872K->96K(74752K)] 77652K->1876K(249856K), 0,0005352 secs] [Times: user=0,00 sys=0,00, real=0,00 secs] 
37,387: [GC (Allocation Failure) [PSYoungGen: 74336K->64K(73216K)] 76116K->1844K(248320K), 0,0005547 secs] [Times: user=0,00 sys=0,00, real=0,00 secs] 
37,456: [GC (Allocation Failure) [PSYoungGen: 72768K->64K(71680K)] 74548K->1844K(246784K), 0,0005847 secs] [Times: user=0,00 sys=0,00, real=0,00 secs] 
37,521: [GC (Allocation Failure) [PSYoungGen: 71232K->96K(70144K)] 73012K->1876K(245248K), 0,0005362 secs] [Times: user=0,00 sys=0,00, real=0,00 secs] 
37,587: [GC (Allocation Failure) [PSYoungGen: 69728K->96K(68608K)] 71508K->1876K(243712K), 0,0005570 secs] [Times: user=0,00 sys=0,00, real=0,00 secs] 
37,653: [GC (Allocation Failure) [PSYoungGen: 68192K->96K(67072K)] 69972K->1876K(242176K), 0,0005762 secs] [Times: user=0,00 sys=0,00, real=0,00 secs] 
37,712: [GC (Allocation Failure) [PSYoungGen: 66656K->96K(65536K)] 68436K->1876K(240640K), 0,0005744 secs] [Times: user=0,00 sys=0,00, real=0,00 secs] 
37,769: [GC (Allocation Failure) [PSYoungGen: 65120K->96K(64000K)] 66900K->1876K(239104K), 0,0005818 secs] [Times: user=0,00 sys=0,00, real=0,00 secs] 
37,832: [GC (Allocation Failure) [PSYoungGen: 63584K->96K(62464K)] 65364K->1876K(237568K), 0,0008397 secs] [Times: user=0,00 sys=0,00, real=0,00 secs] 
37,890: [GC (Allocation Failure) [PSYoungGen: 62048K->96K(61440K)] 63828K->1876K(236544K), 0,0005442 secs] [Times: user=0,00 sys=0,00, real=0,00 secs] 
37,946: [GC (Allocation Failure) [PSYoungGen: 61024K->96K(60416K)] 62804K->1876K(235520K), 0,0006032 secs] [Times: user=0,00 sys=0,00, real=0,00 secs] 
37,998: [GC (Allocation Failure) [PSYoungGen: 60000K->96K(59392K)] 61780K->1876K(234496K), 0,0005562 secs] [Times: user=0,00 sys=0,00, real=0,00 secs] 
38,045: [GC (Allocation Failure) [PSYoungGen: 58976K->96K(58368K)] 60756K->1876K(233472K), 0,0005615 secs] [Times: user=0,00 sys=0,00, real=0,00 secs] 
38,101: [GC (Allocation Failure) [PSYoungGen: 57952K->64K(57344K)] 59732K->1844K(232448K), 0,0005918 secs] [Times: user=0,00 sys=0,00, real=0,00 secs] 
38,159: [GC (Allocation Failure) [PSYoungGen: 56896K->96K(56320K)] 58676K->1876K(231424K), 0,0005662 secs] [Times: user=0,00 sys=0,00, real=0,00 secs] 
38,205: [GC (Allocation Failure) [PSYoungGen: 55904K->96K(55296K)] 57684K->1876K(230400K), 0,0005430 secs] [Times: user=0,00 sys=0,00, real=0,00 secs] 
38,252: [GC (Allocation Failure) [PSYoungGen: 54880K->96K(54272K)] 56660K->1876K(229376K), 0,0005376 secs] [Times: user=0,00 sys=0,00, real=0,00 secs] 
38,295: [GC (Allocation Failure) [PSYoungGen: 53856K->96K(65024K)] 55636K->1876K(240128K), 0,0005565 secs] [Times: user=0,01 sys=0,00, real=0,00 secs] 
38,350: [GC (Allocation Failure) [PSYoungGen: 64608K->64K(63488K)] 66388K->1844K(238592K), 0,0005584 secs] [Times: user=0,00 sys=0,00, real=0,00 secs] 
38,409: [GC (Allocation Failure) [PSYoungGen: 63040K->96K(61952K)] 64820K->1884K(237056K), 0,0005371 secs] [Times: user=0,00 sys=0,00, real=0,00 secs] 
38,461: [GC (Allocation Failure) [PSYoungGen: 61536K->96K(60928K)] 63324K->1884K(236032K), 0,0006096 secs] [Times: user=0,00 sys=0,00, real=0,00 secs] 
38,516: [GC (Allocation Failure) [PSYoungGen: 60512K->96K(59904K)] 62300K->1884K(235008K), 0,0005411 secs] [Times: user=0,00 sys=0,00, real=0,00 secs] 
38,567: [GC (Allocation Failure) [PSYoungGen: 59488K->96K(58880K)] 61276K->1884K(233984K), 0,0005308 secs] [Times: user=0,00 sys=0,00, real=0,00 secs] 
38,613: [GC (Allocation Failure) [PSYoungGen: 58464K->96K(57856K)] 60252K->1884K(232960K), 0,0005583 secs] [Times: user=0,00 sys=0,00, real=0,00 secs] 
38,664: [GC (Allocation Failure) [PSYoungGen: 57440K->96K(56832K)] 59228K->1884K(231936K), 0,0005380 secs] [Times: user=0,00 sys=0,00, real=0,00 secs] 
38,709: [GC (Allocation Failure) [PSYoungGen: 56416K->96K(68096K)] 58204K->1884K(243200K), 0,0005733 secs] [Times: user=0,00 sys=0,00, real=0,00 secs] 
38,786: [GC (Allocation Failure) [PSYoungGen: 67680K->96K(66560K)] 69468K->1884K(241664K), 0,0004969 secs] [Times: user=0,00 sys=0,00, real=0,00 secs] 
38,862: [GC (Allocation Failure) [PSYoungGen: 66144K->96K(65024K)] 67932K->1884K(240128K), 0,0006066 secs] [Times: user=0,00 sys=0,00, real=0,00 secs] 
38,941: [GC (Allocation Failure) [PSYoungGen: 64608K->64K(63488K)] 66396K->1852K(238592K), 0,0008416 secs] [Times: user=0,00 sys=0,00, real=0,00 secs] 
39,012: [GC (Allocation Failure) [PSYoungGen: 63040K->96K(61952K)] 64828K->1884K(237056K), 0,0006964 secs] [Times: user=0,00 sys=0,00, real=0,00 secs] 
39,070: [GC (Allocation Failure) [PSYoungGen: 61536K->96K(60928K)] 63324K->1884K(236032K), 0,0006003 secs] [Times: user=0,00 sys=0,00, real=0,01 secs] 
39,155: [GC (Allocation Failure) [PSYoungGen: 60512K->96K(59904K)] 62300K->1884K(235008K), 0,0005382 secs] [Times: user=0,00 sys=0,00, real=0,00 secs] 
39,225: [GC (Allocation Failure) [PSYoungGen: 59488K->96K(58880K)] 61276K->1884K(233984K), 0,0005466 secs] [Times: user=0,00 sys=0,00, real=0,00 secs] 
39,312: [GC (Allocation Failure) [PSYoungGen: 58464K->64K(57856K)] 60252K->1852K(232960K), 0,0004970 secs] [Times: user=0,00 sys=0,00, real=0,00 secs] 
39,410: [GC (Allocation Failure) [PSYoungGen: 57408K->96K(56832K)] 59196K->1884K(231936K), 0,0005224 secs] [Times: user=0,00 sys=0,00, real=0,01 secs] 
39,481: [GC (Allocation Failure) [PSYoungGen: 56416K->64K(55808K)] 58204K->1852K(230912K), 0,0010032 secs] [Times: user=0,00 sys=0,00, real=0,00 secs] 
39,580: [GC (Allocation Failure) [PSYoungGen: 55360K->64K(67072K)] 57148K->1852K(242176K), 0,0085684 secs] [Times: user=0,00 sys=0,00, real=0,01 secs] 
39,719: [GC (Allocation Failure) [PSYoungGen: 66624K->96K(80384K)] 68412K->1884K(255488K), 0,0005441 secs] [Times: user=0,00 sys=0,00, real=0,00 secs] 
39,833: [GC (Allocation Failure) [PSYoungGen: 79968K->96K(96768K)] 81756K->1884K(271872K), 0,0005564 secs] [Times: user=0,00 sys=0,00, real=0,00 secs] 
39,970: [GC (Allocation Failure) [PSYoungGen: 96352K->96K(116224K)] 98140K->1884K(291328K), 0,0125108 secs] [Times: user=0,00 sys=0,00, real=0,02 secs] 
40,232: [GC (Allocation Failure) [PSYoungGen: 115808K->96K(139776K)] 117596K->1884K(314880K), 0,0005281 secs] [Times: user=0,00 sys=0,00, real=0,00 secs] 
40,405: [GC (Allocation Failure) [PSYoungGen: 139360K->96K(167936K)] 141148K->1884K(343040K), 0,0005465 secs] [Times: user=0,00 sys=0,00, real=0,00 secs] 
40,728: [GC (Allocation Failure) [PSYoungGen: 167520K->96K(201728K)] 169308K->1908K(376832K), 0,0007705 secs] [Times: user=0,00 sys=0,00, real=0,00 secs] 
40,975: [GC (Allocation Failure) [PSYoungGen: 201312K->96K(242176K)] 203124K->1908K(417280K), 0,0014795 secs] [Times: user=0,00 sys=0,00, real=0,00 secs] 
41,351: [GC (Allocation Failure) [PSYoungGen: 241760K->64K(290816K)] 243572K->1876K(465920K), 0,0010832 secs] [Times: user=0,00 sys=0,00, real=0,01 secs] 
41,798: [GC (Allocation Failure) [PSYoungGen: 290368K->96K(279040K)] 292180K->1908K(454144K), 0,0005220 secs] [Times: user=0,00 sys=0,00, real=0,00 secs] 
42,068: [GC (Allocation Failure) [PSYoungGen: 278624K->96K(267776K)] 280436K->1908K(442880K), 0,0005519 secs] [Times: user=0,00 sys=0,00, real=0,00 secs] 
42,326: [GC (Allocation Failure) [PSYoungGen: 267360K->96K(257536K)] 269172K->1908K(432640K), 0,0005975 secs] [Times: user=0,01 sys=0,00, real=0,00 secs] 
42,579: [GC (Allocation Failure) [PSYoungGen: 257120K->96K(247296K)] 258932K->1908K(422400K), 0,0011527 secs] [Times: user=0,00 sys=0,00, real=0,00 secs] 
43,124: [GC (Allocation Failure) [PSYoungGen: 246880K->96K(237568K)] 248692K->1908K(412672K), 0,0005784 secs] [Times: user=0,00 sys=0,00, real=0,00 secs] 
43,424: [GC (Allocation Failure) [PSYoungGen: 237152K->96K(228352K)] 238964K->1908K(403456K), 0,0005556 secs] [Times: user=0,01 sys=0,00, real=0,00 secs] 
43,569: [GC (Allocation Failure) [PSYoungGen: 227936K->96K(219648K)] 229748K->1908K(394752K), 0,0005397 secs] [Times: user=0,00 sys=0,00, real=0,00 secs] 
43,775: [GC (Allocation Failure) [PSYoungGen: 219232K->96K(211456K)] 221044K->1908K(386560K), 0,0005396 secs] [Times: user=0,00 sys=0,00, real=0,00 secs] 
43,906: [GC (Allocation Failure) [PSYoungGen: 211040K->64K(203776K)] 212852K->1876K(378880K), 0,0005334 secs] [Times: user=0,00 sys=0,00, real=0,00 secs] 
44,031: [GC (Allocation Failure) [PSYoungGen: 203328K->96K(196096K)] 205140K->1908K(371200K), 0,0005288 secs] [Times: user=0,00 sys=0,00, real=0,00 secs] 
44,149: [GC (Allocation Failure) [PSYoungGen: 195680K->64K(188928K)] 197492K->1876K(364032K), 0,0005909 secs] [Times: user=0,00 sys=0,00, real=0,00 secs] 
44,260: [GC (Allocation Failure) [PSYoungGen: 188480K->96K(182272K)] 190292K->1908K(357376K), 0,0007791 secs] [Times: user=0,00 sys=0,00, real=0,01 secs] 
44,366: [GC (Allocation Failure) [PSYoungGen: 181856K->96K(175616K)] 183668K->1908K(350720K), 0,0005126 secs] [Times: user=0,01 sys=0,00, real=0,00 secs] 
44,466: [GC (Allocation Failure) [PSYoungGen: 175200K->96K(169472K)] 177012K->1908K(344576K), 0,0005434 secs] [Times: user=0,00 sys=0,00, real=0,00 secs] 
44,561: [GC (Allocation Failure) [PSYoungGen: 169056K->64K(163840K)] 170868K->1876K(338944K), 0,0005968 secs] [Times: user=0,00 sys=0,00, real=0,00 secs] 
44,652: [GC (Allocation Failure) [PSYoungGen: 163392K->96K(158208K)] 165204K->1908K(333312K), 0,0005251 secs] [Times: user=0,00 sys=0,00, real=0,00 secs] 
44,741: [GC (Allocation Failure) [PSYoungGen: 157792K->64K(153088K)] 159604K->1876K(328192K), 0,0004919 secs] [Times: user=0,00 sys=0,00, real=0,00 secs] 
44,826: [GC (Allocation Failure) [PSYoungGen: 152640K->64K(147968K)] 154452K->1876K(323072K), 0,0004993 secs] [Times: user=0,00 sys=0,00, real=0,00 secs] 
44,908: [GC (Allocation Failure) [PSYoungGen: 147520K->96K(143360K)] 149332K->1908K(318464K), 0,0005259 secs] [Times: user=0,00 sys=0,00, real=0,00 secs] 
44,988: [GC (Allocation Failure) [PSYoungGen: 142944K->96K(138752K)] 144756K->1908K(313856K), 0,0005056 secs] [Times: user=0,00 sys=0,00, real=0,00 secs] 
45,065: [GC (Allocation Failure) [PSYoungGen: 138336K->96K(134144K)] 140148K->1908K(309248K), 0,0005182 secs] [Times: user=0,00 sys=0,01, real=0,00 secs] 
45,140: [GC (Allocation Failure) [PSYoungGen: 133728K->96K(130048K)] 135540K->1908K(305152K), 0,0004950 secs] [Times: user=0,00 sys=0,00, real=0,00 secs] 
45,213: [GC (Allocation Failure) [PSYoungGen: 129632K->96K(125952K)] 131444K->1908K(301056K), 0,0004987 secs] [Times: user=0,01 sys=0,00, real=0,00 secs] 
45,285: [GC (Allocation Failure) [PSYoungGen: 125536K->96K(121856K)] 127348K->1908K(296960K), 0,0005198 secs] [Times: user=0,00 sys=0,00, real=0,00 secs] 
45,353: [GC (Allocation Failure) [PSYoungGen: 121440K->96K(118272K)] 123252K->1908K(293376K), 0,0005619 secs] [Times: user=0,00 sys=0,00, real=0,00 secs] 
45,419: [GC (Allocation Failure) [PSYoungGen: 117856K->96K(114688K)] 119668K->1908K(289792K), 0,0004935 secs] [Times: user=0,00 sys=0,00, real=0,00 secs] 
45,483: [GC (Allocation Failure) [PSYoungGen: 114272K->64K(111104K)] 116084K->1876K(286208K), 0,0004982 secs] [Times: user=0,00 sys=0,00, real=0,00 secs] 
45,547: [GC (Allocation Failure) [PSYoungGen: 110656K->96K(108032K)] 112468K->1908K(283136K), 0,0005117 secs] [Times: user=0,00 sys=0,00, real=0,00 secs] 
45,608: [GC (Allocation Failure) [PSYoungGen: 107616K->96K(104960K)] 109428K->1908K(280064K), 0,0005971 secs] [Times: user=0,00 sys=0,00, real=0,00 secs] 
45,669: [GC (Allocation Failure) [PSYoungGen: 104544K->96K(101888K)] 106356K->1908K(276992K), 0,0004950 secs] [Times: user=0,00 sys=0,00, real=0,00 secs] 
45,725: [GC (Allocation Failure) [PSYoungGen: 101472K->96K(98816K)] 103284K->1908K(273920K), 0,0004926 secs] [Times: user=0,00 sys=0,00, real=0,00 secs] 
45,780: [GC (Allocation Failure) [PSYoungGen: 98400K->96K(96256K)] 100212K->1908K(271360K), 0,0005172 secs] [Times: user=0,00 sys=0,00, real=0,00 secs] 
45,833: [GC (Allocation Failure) [PSYoungGen: 95840K->64K(93696K)] 97652K->1876K(268800K), 0,0009586 secs] [Times: user=0,00 sys=0,00, real=0,00 secs] 
45,886: [GC (Allocation Failure) [PSYoungGen: 93248K->96K(91136K)] 95060K->1908K(266240K), 0,0005093 secs] [Times: user=0,00 sys=0,00, real=0,00 secs] 
45,937: [GC (Allocation Failure) [PSYoungGen: 90720K->96K(88576K)] 92532K->1908K(263680K), 0,0005040 secs] [Times: user=0,00 sys=0,00, real=0,00 secs] 
45,986: [GC (Allocation Failure) [PSYoungGen: 88160K->64K(86528K)] 89972K->1876K(261632K), 0,0004869 secs] [Times: user=0,00 sys=0,00, real=0,00 secs] 
46,034: [GC (Allocation Failure) [PSYoungGen: 86080K->96K(84480K)] 87892K->1908K(259584K), 0,0004960 secs] [Times: user=0,00 sys=0,00, real=0,00 secs] 
46,081: [GC (Allocation Failure) [PSYoungGen: 84064K->32K(101376K)] 85876K->1844K(276480K), 0,0007404 secs] [Times: user=0,00 sys=0,00, real=0,01 secs] 
46,137: [GC (Allocation Failure) [PSYoungGen: 100896K->64K(98816K)] 102708K->1876K(273920K), 0,0004976 secs] [Times: user=0,01 sys=0,00, real=0,00 secs] 
46,192: [GC (Allocation Failure) [PSYoungGen: 98368K->96K(96256K)] 100180K->1908K(271360K), 0,0005114 secs] [Times: user=0,00 sys=0,00, real=0,00 secs] 
46,247: [GC (Allocation Failure) [PSYoungGen: 95840K->64K(93696K)] 97652K->1876K(268800K), 0,0004920 secs] [Times: user=0,01 sys=0,00, real=0,00 secs] 
46,301: [GC (Allocation Failure) [PSYoungGen: 93248K->64K(91136K)] 95060K->1876K(266240K), 0,0005196 secs] [Times: user=0,00 sys=0,00, real=0,00 secs] 
46,352: [GC (Allocation Failure) [PSYoungGen: 90688K->96K(88576K)] 92500K->1908K(263680K), 0,0005000 secs] [Times: user=0,00 sys=0,00, real=0,00 secs] 
46,402: [GC (Allocation Failure) [PSYoungGen: 88160K->96K(86528K)] 89972K->1908K(261632K), 0,0005093 secs] [Times: user=0,00 sys=0,00, real=0,00 secs] 
46,450: [GC (Allocation Failure) [PSYoungGen: 86112K->64K(84480K)] 87924K->1876K(259584K), 0,0005762 secs] [Times: user=0,00 sys=0,00, real=0,00 secs] 
46,497: [GC (Allocation Failure) [PSYoungGen: 84032K->64K(82432K)] 85844K->1876K(257536K), 0,0005005 secs] [Times: user=0,00 sys=0,00, real=0,00 secs] 
46,543: [GC (Allocation Failure) [PSYoungGen: 81984K->96K(80384K)] 83796K->1908K(255488K), 0,0005052 secs] [Times: user=0,00 sys=0,00, real=0,00 secs] 
46,588: [GC (Allocation Failure) [PSYoungGen: 79968K->96K(78336K)] 81780K->1908K(253440K), 0,0005128 secs] [Times: user=0,00 sys=0,00, real=0,00 secs] 
46,632: [GC (Allocation Failure) [PSYoungGen: 77920K->96K(76288K)] 79732K->1908K(251392K), 0,0004873 secs] [Times: user=0,00 sys=0,00, real=0,00 secs] 
46,675: [GC (Allocation Failure) [PSYoungGen: 75872K->96K(74752K)] 77684K->1908K(249856K), 0,0004921 secs] [Times: user=0,00 sys=0,00, real=0,00 secs] 
46,717: [GC (Allocation Failure) [PSYoungGen: 74336K->96K(89600K)] 76148K->1908K(264704K), 0,0004846 secs] [Times: user=0,00 sys=0,00, real=0,00 secs] 
46,767: [GC (Allocation Failure) [PSYoungGen: 89184K->96K(87040K)] 90996K->1908K(262144K), 0,0004951 secs] [Times: user=0,00 sys=0,00, real=0,00 secs] 
46,816: [GC (Allocation Failure) [PSYoungGen: 86624K->96K(84992K)] 88436K->1908K(260096K), 0,0005174 secs] [Times: user=0,00 sys=0,00, real=0,00 secs] 
46,863: [GC (Allocation Failure) [PSYoungGen: 84576K->64K(82944K)] 86388K->1876K(258048K), 0,0005030 secs] [Times: user=0,00 sys=0,00, real=0,00 secs] 
46,910: [GC (Allocation Failure) [PSYoungGen: 82496K->96K(80896K)] 84308K->1908K(256000K), 0,0005078 secs] [Times: user=0,00 sys=0,00, real=0,00 secs] 
46,955: [GC (Allocation Failure) [PSYoungGen: 80480K->96K(78848K)] 82292K->1908K(253952K), 0,0004873 secs] [Times: user=0,00 sys=0,00, real=0,00 secs] 
46,999: [GC (Allocation Failure) [PSYoungGen: 78432K->64K(76800K)] 80244K->1876K(251904K), 0,0004911 secs] [Times: user=0,00 sys=0,00, real=0,00 secs] 
47,042: [GC (Allocation Failure) [PSYoungGen: 76352K->64K(74752K)] 78164K->1876K(249856K), 0,0004883 secs] [Times: user=0,00 sys=0,00, real=0,00 secs] 
47,088: [GC (Allocation Failure) [PSYoungGen: 74304K->64K(89600K)] 76116K->1876K(264704K), 0,0011061 secs] [Times: user=0,00 sys=0,00, real=0,00 secs] 
47,145: [GC (Allocation Failure) [PSYoungGen: 89152K->64K(107520K)] 90964K->1876K(282624K), 0,0004984 secs] [Times: user=0,00 sys=0,00, real=0,00 secs] 
47,204: [GC (Allocation Failure) [PSYoungGen: 107072K->96K(129024K)] 108884K->1908K(304128K), 0,0005649 secs] [Times: user=0,00 sys=0,00, real=0,00 secs] 
47,278: [GC (Allocation Failure) [PSYoungGen: 128608K->64K(124928K)] 130420K->1876K(300032K), 0,0005129 secs] [Times: user=0,00 sys=0,00, real=0,00 secs] 
47,347: [GC (Allocation Failure) [PSYoungGen: 124480K->96K(121344K)] 126292K->1908K(296448K), 0,0005900 secs] [Times: user=0,00 sys=0,01, real=0,00 secs] 
47,415: [GC (Allocation Failure) [PSYoungGen: 120928K->96K(117760K)] 122740K->1908K(292864K), 0,0004757 secs] [Times: user=0,00 sys=0,00, real=0,00 secs] 
47,480: [GC (Allocation Failure) [PSYoungGen: 117343K->96K(114176K)] 119156K->1908K(289280K), 0,0004993 secs] [Times: user=0,00 sys=0,00, real=0,00 secs] 
47,544: [GC (Allocation Failure) [PSYoungGen: 113760K->96K(110592K)] 115572K->1908K(285696K), 0,0004931 secs] [Times: user=0,00 sys=0,00, real=0,00 secs] 
47,606: [GC (Allocation Failure) [PSYoungGen: 110176K->64K(107520K)] 111988K->1876K(282624K), 0,0006670 secs] [Times: user=0,00 sys=0,00, real=0,00 secs] 
47,667: [GC (Allocation Failure) [PSYoungGen: 107072K->96K(104448K)] 108884K->1908K(279552K), 0,0005045 secs] [Times: user=0,00 sys=0,00, real=0,00 secs] 
47,727: [GC (Allocation Failure) [PSYoungGen: 104032K->64K(101376K)] 105844K->1876K(276480K), 0,0004919 secs] [Times: user=0,00 sys=0,00, real=0,00 secs] 
47,784: [GC (Allocation Failure) [PSYoungGen: 100928K->96K(98816K)] 102740K->1908K(273920K), 0,0005053 secs] [Times: user=0,00 sys=0,00, real=0,00 secs] 
47,839: [GC (Allocation Failure) [PSYoungGen: 98400K->96K(96256K)] 100212K->1908K(271360K), 0,0004919 secs] [Times: user=0,00 sys=0,00, real=0,00 secs] 
47,893: [GC (Allocation Failure) [PSYoungGen: 95840K->96K(93696K)] 97652K->1908K(268800K), 0,0005023 secs] [Times: user=0,00 sys=0,00, real=0,00 secs] 
47,945: [GC (Allocation Failure) [PSYoungGen: 93280K->64K(91136K)] 95092K->1876K(266240K), 0,0004955 secs] [Times: user=0,00 sys=0,00, real=0,00 secs] 
47,996: [GC (Allocation Failure) [PSYoungGen: 90688K->96K(88576K)] 92500K->1908K(263680K), 0,0004891 secs] [Times: user=0,00 sys=0,00, real=0,00 secs] 
48,046: [GC (Allocation Failure) [PSYoungGen: 88160K->64K(86528K)] 89972K->1876K(261632K), 0,0004914 secs] [Times: user=0,01 sys=0,00, real=0,00 secs] 
48,095: [GC (Allocation Failure) [PSYoungGen: 86080K->64K(84480K)] 87892K->1876K(259584K), 0,0004957 secs] [Times: user=0,00 sys=0,00, real=0,00 secs] 
48,142: [GC (Allocation Failure) [PSYoungGen: 84032K->96K(82432K)] 85844K->1908K(257536K), 0,0004935 secs] [Times: user=0,00 sys=0,00, real=0,00 secs] 
48,189: [GC (Allocation Failure) [PSYoungGen: 82016K->32K(80384K)] 83828K->1844K(255488K), 0,0005108 secs] [Times: user=0,00 sys=0,00, real=0,00 secs] 
48,233: [GC (Allocation Failure) [PSYoungGen: 79904K->96K(78336K)] 81716K->1908K(253440K), 0,0004801 secs] [Times: user=0,00 sys=0,00, real=0,00 secs] 
48,279: [GC (Allocation Failure) [PSYoungGen: 77920K->64K(76288K)] 79732K->1876K(251392K), 0,0005000 secs] [Times: user=0,00 sys=0,00, real=0,00 secs] 
48,322: [GC (Allocation Failure) [PSYoungGen: 75840K->96K(74752K)] 77652K->1908K(249856K), 0,0005053 secs] [Times: user=0,00 sys=0,00, real=0,00 secs] 
48,363: [GC (Allocation Failure) [PSYoungGen: 74336K->96K(73216K)] 76148K->1908K(248320K), 0,0004895 secs] [Times: user=0,00 sys=0,00, real=0,00 secs] 
48,404: [GC (Allocation Failure) [PSYoungGen: 72800K->64K(88064K)] 74612K->1876K(263168K), 0,0004944 secs] [Times: user=0,01 sys=0,00, real=0,00 secs] 
48,454: [GC (Allocation Failure) [PSYoungGen: 87616K->96K(86016K)] 89428K->1908K(261120K), 0,0004919 secs] [Times: user=0,01 sys=0,00, real=0,00 secs] 
48,502: [GC (Allocation Failure) [PSYoungGen: 85600K->64K(83968K)] 87412K->1876K(259072K), 0,0005266 secs] [Times: user=0,00 sys=0,00, real=0,00 secs] 
48,549: [GC (Allocation Failure) [PSYoungGen: 83520K->96K(81920K)] 85332K->1908K(257024K), 0,0004933 secs] [Times: user=0,00 sys=0,00, real=0,00 secs] 
48,595: [GC (Allocation Failure) [PSYoungGen: 81504K->64K(79872K)] 83316K->1876K(254976K), 0,0004982 secs] [Times: user=0,00 sys=0,00, real=0,00 secs] 
48,640: [GC (Allocation Failure) [PSYoungGen: 79424K->96K(77824K)] 81236K->1908K(252928K), 0,0004880 secs] [Times: user=0,00 sys=0,00, real=0,00 secs] 
48,683: [GC (Allocation Failure) [PSYoungGen: 77408K->96K(75776K)] 79220K->1908K(250880K), 0,0004861 secs] [Times: user=0,00 sys=0,00, real=0,00 secs] 
48,725: [GC (Allocation Failure) [PSYoungGen: 75360K->64K(74240K)] 77172K->1876K(249344K), 0,0004876 secs] [Times: user=0,00 sys=0,00, real=0,00 secs] 
48,766: [GC (Allocation Failure) [PSYoungGen: 73792K->96K(89088K)] 75604K->1908K(264192K), 0,0005514 secs] [Times: user=0,00 sys=0,00, real=0,00 secs] 
48,816: [GC (Allocation Failure) [PSYoungGen: 88672K->64K(107008K)] 90484K->1876K(282112K), 0,0004889 secs] [Times: user=0,00 sys=0,00, real=0,00 secs] 
48,876: [GC (Allocation Failure) [PSYoungGen: 106560K->32K(128512K)] 108372K->1844K(303616K), 0,0007561 secs] [Times: user=0,00 sys=0,00, real=0,00 secs] 
48,947: [GC (Allocation Failure) [PSYoungGen: 128032K->64K(124416K)] 129844K->1876K(299520K), 0,0004989 secs] [Times: user=0,00 sys=0,00, real=0,00 secs] 
49,016: [GC (Allocation Failure) [PSYoungGen: 123968K->64K(120832K)] 125780K->1876K(295936K), 0,0004986 secs] [Times: user=0,00 sys=0,00, real=0,00 secs] 
49,084: [GC (Allocation Failure) [PSYoungGen: 120383K->96K(117248K)] 122196K->1908K(292352K), 0,0004964 secs] [Times: user=0,00 sys=0,00, real=0,00 secs] 
49,149: [GC (Allocation Failure) [PSYoungGen: 116832K->64K(113664K)] 118644K->1876K(288768K), 0,0009954 secs] [Times: user=0,01 sys=0,00, real=0,00 secs] 
49,215: [GC (Allocation Failure) [PSYoungGen: 113216K->96K(110592K)] 115028K->1908K(285696K), 0,0004855 secs] [Times: user=0,00 sys=0,00, real=0,00 secs] 
49,277: [GC (Allocation Failure) [PSYoungGen: 110176K->96K(107520K)] 111988K->1908K(282624K), 0,0004900 secs] [Times: user=0,00 sys=0,00, real=0,00 secs] 
49,353: [GC (Allocation Failure) [PSYoungGen: 107104K->96K(104448K)] 108916K->1908K(279552K), 0,0005238 secs] [Times: user=0,00 sys=0,00, real=0,00 secs] 
49,420: [GC (Allocation Failure) [PSYoungGen: 104032K->64K(101376K)] 105844K->1876K(276480K), 0,0011302 secs] [Times: user=0,00 sys=0,00, real=0,01 secs] 
49,489: [GC (Allocation Failure) [PSYoungGen: 100928K->64K(121856K)] 102740K->1876K(296960K), 0,0016156 secs] [Times: user=0,00 sys=0,01, real=0,01 secs] 
49,572: [GC (Allocation Failure) [PSYoungGen: 121408K->64K(146432K)] 123220K->1876K(321536K), 0,0009955 secs] [Times: user=0,00 sys=0,00, real=0,00 secs] 
49,658: [GC (Allocation Failure) [PSYoungGen: 145984K->64K(175616K)] 147796K->1876K(350720K), 0,0005032 secs] [Times: user=0,00 sys=0,00, real=0,00 secs] 
49,761: [GC (Allocation Failure) [PSYoungGen: 175168K->64K(210944K)] 176980K->1876K(386048K), 0,0010035 secs] [Times: user=0,00 sys=0,00, real=0,00 secs] 
49,880: [GC (Allocation Failure) [PSYoungGen: 210496K->64K(203264K)] 212308K->1876K(378368K), 0,0005130 secs] [Times: user=0,00 sys=0,00, real=0,01 secs] 
49,993: [GC (Allocation Failure) [PSYoungGen: 202816K->96K(196096K)] 204628K->1908K(371200K), 0,0004913 secs] [Times: user=0,00 sys=0,00, real=0,00 secs] 
50,102: [GC (Allocation Failure) [PSYoungGen: 195680K->64K(188928K)] 197492K->1876K(364032K), 0,0004807 secs] [Times: user=0,00 sys=0,00, real=0,00 secs] 
50,207: [GC (Allocation Failure) [PSYoungGen: 188480K->96K(182272K)] 190292K->1908K(357376K), 0,0005346 secs] [Times: user=0,01 sys=0,00, real=0,00 secs] 
50,317: [GC (Allocation Failure) [PSYoungGen: 181856K->64K(175616K)] 183668K->1876K(350720K), 0,0009988 secs] [Times: user=0,00 sys=0,00, real=0,00 secs] 
50,415: [GC (Allocation Failure) [PSYoungGen: 175168K->96K(169472K)] 176980K->1908K(344576K), 0,0005216 secs] [Times: user=0,00 sys=0,00, real=0,00 secs] 
50,510: [GC (Allocation Failure) [PSYoungGen: 169056K->96K(163840K)] 170868K->1932K(338944K), 0,0005056 secs] [Times: user=0,00 sys=0,00, real=0,01 secs] 
50,602: [GC (Allocation Failure) [PSYoungGen: 163424K->64K(158208K)] 165260K->1900K(333312K), 0,0005435 secs] [Times: user=0,00 sys=0,00, real=0,00 secs] 
50,689: [GC (Allocation Failure) [PSYoungGen: 157760K->96K(153088K)] 159596K->1932K(328192K), 0,0005802 secs] [Times: user=0,00 sys=0,00, real=0,00 secs] 
50,774: [GC (Allocation Failure) [PSYoungGen: 152672K->64K(147968K)] 154508K->1900K(323072K), 0,0006054 secs] [Times: user=0,00 sys=0,00, real=0,00 secs] 
50,860: [GC (Allocation Failure) [PSYoungGen: 147520K->96K(143360K)] 149356K->1932K(318464K), 0,0005121 secs] [Times: user=0,00 sys=0,00, real=0,00 secs] 
50,940: [GC (Allocation Failure) [PSYoungGen: 142944K->96K(138752K)] 144780K->1932K(313856K), 0,0004989 secs] [Times: user=0,00 sys=0,00, real=0,00 secs] 
51,017: [GC (Allocation Failure) [PSYoungGen: 138336K->64K(134144K)] 140172K->1900K(309248K), 0,0004921 secs] [Times: user=0,01 sys=0,00, real=0,00 secs] 
51,091: [GC (Allocation Failure) [PSYoungGen: 133696K->96K(130048K)] 135532K->1932K(305152K), 0,0004960 secs] [Times: user=0,00 sys=0,00, real=0,00 secs] 
51,166: [GC (Allocation Failure) [PSYoungGen: 129632K->64K(125952K)] 131468K->1900K(301056K), 0,0005071 secs] [Times: user=0,01 sys=0,00, real=0,00 secs] 
51,236: [GC (Allocation Failure) [PSYoungGen: 125504K->96K(121856K)] 127340K->1932K(296960K), 0,0005287 secs] [Times: user=0,01 sys=0,00, real=0,00 secs] 
51,305: [GC (Allocation Failure) [PSYoungGen: 121440K->96K(118272K)] 123276K->1932K(293376K), 0,0005376 secs] [Times: user=0,01 sys=0,00, real=0,00 secs] 
51,371: [GC (Allocation Failure) [PSYoungGen: 117856K->96K(114688K)] 119692K->1932K(289792K), 0,0004924 secs] [Times: user=0,00 sys=0,00, real=0,00 secs] 
51,435: [GC (Allocation Failure) [PSYoungGen: 114272K->96K(111104K)] 116108K->1932K(286208K), 0,0005066 secs] [Times: user=0,01 sys=0,00, real=0,00 secs] 
51,497: [GC (Allocation Failure) [PSYoungGen: 110688K->96K(108032K)] 112524K->1932K(283136K), 0,0005169 secs] [Times: user=0,00 sys=0,00, real=0,00 secs] 
51,557: [GC (Allocation Failure) [PSYoungGen: 107616K->96K(104960K)] 109452K->1932K(280064K), 0,0005007 secs] [Times: user=0,00 sys=0,00, real=0,00 secs] 
51,615: [GC (Allocation Failure) [PSYoungGen: 104544K->96K(101888K)] 106380K->1932K(276992K), 0,0005097 secs] [Times: user=0,00 sys=0,00, real=0,00 secs] 
51,672: [GC (Allocation Failure) [PSYoungGen: 101472K->96K(98816K)] 103308K->1932K(273920K), 0,0005054 secs] [Times: user=0,00 sys=0,00, real=0,00 secs] 
51,727: [GC (Allocation Failure) [PSYoungGen: 98400K->64K(96256K)] 100236K->1900K(271360K), 0,0005069 secs] [Times: user=0,00 sys=0,00, real=0,00 secs] 
51,781: [GC (Allocation Failure) [PSYoungGen: 95808K->96K(93696K)] 97644K->1932K(268800K), 0,0004981 secs] [Times: user=0,00 sys=0,00, real=0,00 secs] 
51,833: [GC (Allocation Failure) [PSYoungGen: 93280K->96K(91136K)] 95116K->1932K(266240K), 0,0005060 secs] [Times: user=0,00 sys=0,00, real=0,00 secs] 
51,884: [GC (Allocation Failure) [PSYoungGen: 90720K->96K(88576K)] 92556K->1932K(263680K), 0,0006904 secs] [Times: user=0,00 sys=0,00, real=0,00 secs] 
51,933: [GC (Allocation Failure) [PSYoungGen: 88160K->96K(86528K)] 89996K->1932K(261632K), 0,0005020 secs] [Times: user=0,00 sys=0,00, real=0,00 secs] 
51,981: [GC (Allocation Failure) [PSYoungGen: 86112K->96K(84480K)] 87948K->1932K(259584K), 0,0004858 secs] [Times: user=0,01 sys=0,00, real=0,00 secs] 
52,028: [GC (Allocation Failure) [PSYoungGen: 84064K->96K(82432K)] 85900K->1932K(257536K), 0,0004891 secs] [Times: user=0,00 sys=0,00, real=0,00 secs] 
52,074: [GC (Allocation Failure) [PSYoungGen: 82016K->64K(80384K)] 83852K->1900K(255488K), 0,0005540 secs] [Times: user=0,00 sys=0,00, real=0,00 secs] 
52,119: [GC (Allocation Failure) [PSYoungGen: 79936K->64K(96768K)] 81772K->1900K(271872K), 0,0010035 secs] [Times: user=0,01 sys=0,00, real=0,00 secs] 
52,174: [GC (Allocation Failure) [PSYoungGen: 96320K->96K(116224K)] 98156K->1932K(291328K), 0,0004895 secs] [Times: user=0,00 sys=0,00, real=0,00 secs] 
52,238: [GC (Allocation Failure) [PSYoungGen: 115808K->96K(139776K)] 117644K->1932K(314880K), 0,0005140 secs] [Times: user=0,00 sys=0,00, real=0,00 secs] 
52,317: [GC (Allocation Failure) [PSYoungGen: 139360K->64K(135168K)] 141196K->1900K(310272K), 0,0005014 secs] [Times: user=0,00 sys=0,00, real=0,00 secs] 
52,394: [GC (Allocation Failure) [PSYoungGen: 134720K->96K(131072K)] 136556K->1932K(306176K), 0,0004904 secs] [Times: user=0,00 sys=0,00, real=0,00 secs] 
52,467: [GC (Allocation Failure) [PSYoungGen: 130656K->64K(126976K)] 132492K->1900K(302080K), 0,0004952 secs] [Times: user=0,00 sys=0,00, real=0,00 secs] 
52,537: [GC (Allocation Failure) [PSYoungGen: 126528K->96K(122880K)] 128364K->1932K(297984K), 0,0004956 secs] [Times: user=0,00 sys=0,00, real=0,00 secs] 
52,606: [GC (Allocation Failure) [PSYoungGen: 122464K->96K(119296K)] 124300K->1932K(294400K), 0,0005059 secs] [Times: user=0,00 sys=0,00, real=0,00 secs] 
52,673: [GC (Allocation Failure) [PSYoungGen: 118880K->96K(115712K)] 120716K->1932K(290816K), 0,0004854 secs] [Times: user=0,00 sys=0,00, real=0,00 secs] 
52,737: [GC (Allocation Failure) [PSYoungGen: 115296K->96K(112128K)] 117132K->1932K(287232K), 0,0005016 secs] [Times: user=0,01 sys=0,00, real=0,00 secs] 
52,799: [GC (Allocation Failure) [PSYoungGen: 111712K->96K(109056K)] 113548K->1932K(284160K), 0,0004994 secs] [Times: user=0,00 sys=0,00, real=0,00 secs] 
52,860: [GC (Allocation Failure) [PSYoungGen: 108640K->96K(105984K)] 110476K->1932K(281088K), 0,0004923 secs] [Times: user=0,00 sys=0,00, real=0,00 secs] 
52,919: [GC (Allocation Failure) [PSYoungGen: 105568K->96K(102912K)] 107404K->1932K(278016K), 0,0004968 secs] [Times: user=0,00 sys=0,00, real=0,00 secs] 
52,976: [GC (Allocation Failure) [PSYoungGen: 102496K->64K(123392K)] 104332K->1900K(298496K), 0,0020116 secs] [Times: user=0,01 sys=0,00, real=0,00 secs] 
53,046: [GC (Allocation Failure) [PSYoungGen: 122944K->64K(147968K)] 124780K->1900K(323072K), 0,0004894 secs] [Times: user=0,01 sys=0,00, real=0,00 secs] 
53,129: [GC (Allocation Failure) [PSYoungGen: 147520K->32K(177664K)] 149356K->1868K(352768K), 0,0008855 secs] [Times: user=0,00 sys=0,00, real=0,00 secs] 
53,285: [GC (Allocation Failure) [PSYoungGen: 177184K->96K(171520K)] 179020K->1932K(346624K), 0,0004963 secs] [Times: user=0,00 sys=0,00, real=0,00 secs] 
53,380: [GC (Allocation Failure) [PSYoungGen: 171104K->96K(165376K)] 172940K->1932K(340480K), 0,0004978 secs] [Times: user=0,00 sys=0,00, real=0,00 secs] 
53,471: [GC (Allocation Failure) [PSYoungGen: 164960K->64K(159744K)] 166796K->1900K(334848K), 0,0005043 secs] [Times: user=0,01 sys=0,00, real=0,00 secs] 
53,560: [GC (Allocation Failure) [PSYoungGen: 159295K->96K(154112K)] 161132K->1932K(329216K), 0,0005031 secs] [Times: user=0,00 sys=0,00, real=0,00 secs] 
53,646: [GC (Allocation Failure) [PSYoungGen: 153696K->64K(148992K)] 155532K->1900K(324096K), 0,0005000 secs] [Times: user=0,00 sys=0,00, real=0,00 secs] 
53,728: [GC (Allocation Failure) [PSYoungGen: 148544K->96K(143872K)] 150380K->1932K(318976K), 0,0004989 secs] [Times: user=0,00 sys=0,00, real=0,00 secs] 
53,808: [GC (Allocation Failure) [PSYoungGen: 143456K->96K(139264K)] 145292K->1932K(314368K), 0,0005084 secs] [Times: user=0,00 sys=0,00, real=0,00 secs] 
53,885: [GC (Allocation Failure) [PSYoungGen: 138848K->64K(134656K)] 140684K->1900K(309760K), 0,0006036 secs] [Times: user=0,00 sys=0,00, real=0,00 secs] 
53,960: [GC (Allocation Failure) [PSYoungGen: 134208K->64K(130560K)] 136044K->1900K(305664K), 0,0007274 secs] [Times: user=0,01 sys=0,00, real=0,00 secs] 
54,034: [GC (Allocation Failure) [PSYoungGen: 130112K->96K(126464K)] 131948K->1932K(301568K), 0,0004959 secs] [Times: user=0,00 sys=0,00, real=0,00 secs] 
54,105: [GC (Allocation Failure) [PSYoungGen: 126048K->96K(122368K)] 127884K->1932K(297472K), 0,0005018 secs] [Times: user=0,00 sys=0,00, real=0,00 secs] 
54,173: [GC (Allocation Failure) [PSYoungGen: 121952K->96K(118784K)] 123788K->1932K(293888K), 0,0006001 secs] [Times: user=0,00 sys=0,00, real=0,00 secs] 
54,240: [GC (Allocation Failure) [PSYoungGen: 118368K->96K(115200K)] 120204K->1932K(290304K), 0,0004950 secs] [Times: user=0,00 sys=0,00, real=0,01 secs] 
54,308: [GC (Allocation Failure) [PSYoungGen: 114784K->96K(111616K)] 116620K->1932K(286720K), 0,0004893 secs] [Times: user=0,00 sys=0,00, real=0,00 secs] 
54,371: [GC (Allocation Failure) [PSYoungGen: 111200K->96K(108544K)] 113036K->1932K(283648K), 0,0004992 secs] [Times: user=0,00 sys=0,00, real=0,00 secs] 
54,432: [GC (Allocation Failure) [PSYoungGen: 108128K->96K(105472K)] 109964K->1932K(280576K), 0,0005269 secs] [Times: user=0,00 sys=0,00, real=0,00 secs] 
54,491: [GC (Allocation Failure) [PSYoungGen: 105056K->96K(102400K)] 106892K->1932K(277504K), 0,0005300 secs] [Times: user=0,00 sys=0,00, real=0,00 secs] 
54,549: [GC (Allocation Failure) [PSYoungGen: 101984K->96K(99328K)] 103820K->1932K(274432K), 0,0004999 secs] [Times: user=0,00 sys=0,00, real=0,00 secs] 
54,605: [GC (Allocation Failure) [PSYoungGen: 98912K->96K(96768K)] 100748K->1932K(271872K), 0,0004929 secs] [Times: user=0,00 sys=0,00, real=0,00 secs] 
54,659: [GC (Allocation Failure) [PSYoungGen: 96352K->96K(94208K)] 98188K->1932K(269312K), 0,0005021 secs] [Times: user=0,00 sys=0,01, real=0,00 secs] 
54,712: [GC (Allocation Failure) [PSYoungGen: 93792K->64K(91648K)] 95628K->1900K(266752K), 0,0005089 secs] [Times: user=0,00 sys=0,00, real=0,00 secs] 
54,764: [GC (Allocation Failure) [PSYoungGen: 91200K->64K(110080K)] 93036K->1900K(285184K), 0,0009677 secs] [Times: user=0,00 sys=0,00, real=0,00 secs] 
54,827: [GC (Allocation Failure) [PSYoungGen: 109632K->64K(107008K)] 111468K->1900K(282112K), 0,0005870 secs] [Times: user=0,00 sys=0,00, real=0,00 secs] 
54,887: [GC (Allocation Failure) [PSYoungGen: 106560K->96K(103936K)] 108396K->1932K(279040K), 0,0005326 secs] [Times: user=0,00 sys=0,00, real=0,00 secs] 
54,945: [GC (Allocation Failure) [PSYoungGen: 103520K->64K(100864K)] 105356K->1900K(275968K), 0,0004940 secs] [Times: user=0,00 sys=0,00, real=0,00 secs] 
55,001: [GC (Allocation Failure) [PSYoungGen: 100416K->64K(98304K)] 102252K->1900K(273408K), 0,0005499 secs] [Times: user=0,00 sys=0,00, real=0,00 secs] 
55,056: [GC (Allocation Failure) [PSYoungGen: 97856K->96K(95744K)] 99692K->1932K(270848K), 0,0005160 secs] [Times: user=0,00 sys=0,00, real=0,00 secs] 
55,109: [GC (Allocation Failure) [PSYoungGen: 95328K->64K(93184K)] 97164K->1900K(268288K), 0,0005031 secs] [Times: user=0,00 sys=0,00, real=0,00 secs] 
55,161: [GC (Allocation Failure) [PSYoungGen: 92736K->96K(90624K)] 94572K->1932K(265728K), 0,0005969 secs] [Times: user=0,00 sys=0,00, real=0,00 secs] 
55,212: [GC (Allocation Failure) [PSYoungGen: 90208K->96K(88064K)] 92044K->1932K(263168K), 0,0005204 secs] [Times: user=0,00 sys=0,00, real=0,00 secs] 
55,261: [GC (Allocation Failure) [PSYoungGen: 87648K->64K(86016K)] 89484K->1900K(261120K), 0,0004960 secs] [Times: user=0,00 sys=0,00, real=0,00 secs] 
55,311: [GC (Allocation Failure) [PSYoungGen: 85568K->64K(83968K)] 87404K->1900K(259072K), 0,0004910 secs] [Times: user=0,00 sys=0,00, real=0,00 secs] 
55,357: [GC (Allocation Failure) [PSYoungGen: 83520K->64K(81920K)] 85356K->1900K(257024K), 0,0005120 secs] [Times: user=0,00 sys=0,00, real=0,00 secs] 
55,403: [GC (Allocation Failure) [PSYoungGen: 81472K->96K(79872K)] 83308K->1932K(254976K), 0,0004984 secs] [Times: user=0,00 sys=0,00, real=0,00 secs] 
55,447: [GC (Allocation Failure) [PSYoungGen: 79456K->96K(77824K)] 81292K->1932K(252928K), 0,0005583 secs] [Times: user=0,00 sys=0,00, real=0,00 secs] 
55,490: [GC (Allocation Failure) [PSYoungGen: 77408K->96K(93696K)] 79244K->1932K(268800K), 0,0005798 secs] [Times: user=0,00 sys=0,00, real=0,01 secs] 
55,545: [GC (Allocation Failure) [PSYoungGen: 93280K->96K(91136K)] 95116K->1932K(266240K), 0,0005022 secs] [Times: user=0,01 sys=0,00, real=0,00 secs] 
55,596: [GC (Allocation Failure) [PSYoungGen: 90720K->64K(109568K)] 92556K->1900K(284672K), 0,0007728 secs] [Times: user=0,00 sys=0,00, real=0,00 secs] 
55,657: [GC (Allocation Failure) [PSYoungGen: 109120K->96K(131584K)] 110956K->1932K(306688K), 0,0005123 secs] [Times: user=0,00 sys=0,00, real=0,00 secs] 
55,730: [GC (Allocation Failure) [PSYoungGen: 131168K->64K(127488K)] 133004K->1900K(302592K), 0,0005068 secs] [Times: user=0,00 sys=0,00, real=0,01 secs] 
55,801: [GC (Allocation Failure) [PSYoungGen: 127040K->64K(123392K)] 128876K->1900K(298496K), 0,0005160 secs] [Times: user=0,00 sys=0,00, real=0,00 secs] 
55,870: [GC (Allocation Failure) [PSYoungGen: 122944K->96K(119808K)] 124780K->1932K(294912K), 0,0005309 secs] [Times: user=0,00 sys=0,00, real=0,00 secs] 
55,936: [GC (Allocation Failure) [PSYoungGen: 119392K->64K(116224K)] 121228K->1900K(291328K), 0,0004976 secs] [Times: user=0,00 sys=0,00, real=0,00 secs] 
56,001: [GC (Allocation Failure) [PSYoungGen: 115776K->96K(112640K)] 117612K->1932K(287744K), 0,0004986 secs] [Times: user=0,00 sys=0,00, real=0,01 secs] 
56,064: [GC (Allocation Failure) [PSYoungGen: 112224K->64K(109568K)] 114060K->1900K(284672K), 0,0005057 secs] [Times: user=0,00 sys=0,00, real=0,00 secs] 
56,125: [GC (Allocation Failure) [PSYoungGen: 109120K->96K(106496K)] 110956K->1932K(281600K), 0,0009444 secs] [Times: user=0,00 sys=0,00, real=0,00 secs] 
56,185: [GC (Allocation Failure) [PSYoungGen: 106080K->96K(103424K)] 107916K->1932K(278528K), 0,0005017 secs] [Times: user=0,00 sys=0,00, real=0,00 secs] 
56,243: [GC (Allocation Failure) [PSYoungGen: 103008K->96K(100352K)] 104844K->1932K(275456K), 0,0005326 secs] [Times: user=0,00 sys=0,00, real=0,00 secs] 
56,300: [GC (Allocation Failure) [PSYoungGen: 99936K->96K(97792K)] 101772K->1932K(272896K), 0,0004980 secs] [Times: user=0,01 sys=0,00, real=0,01 secs] 
56,355: [GC (Allocation Failure) [PSYoungGen: 97376K->96K(95232K)] 99212K->1932K(270336K), 0,0004950 secs] [Times: user=0,00 sys=0,00, real=0,00 secs] 
56,408: [GC (Allocation Failure) [PSYoungGen: 94816K->96K(92672K)] 96652K->1932K(267776K), 0,0004919 secs] [Times: user=0,00 sys=0,00, real=0,00 secs] 
56,460: [GC (Allocation Failure) [PSYoungGen: 92256K->96K(90112K)] 94092K->1932K(265216K), 0,0005550 secs] [Times: user=0,00 sys=0,00, real=0,00 secs] 
56,510: [GC (Allocation Failure) [PSYoungGen: 89696K->64K(87552K)] 91532K->1900K(262656K), 0,0005139 secs] [Times: user=0,00 sys=0,00, real=0,01 secs] 
56,559: [GC (Allocation Failure) [PSYoungGen: 87104K->64K(85504K)] 88940K->1900K(260608K), 0,0004888 secs] [Times: user=0,00 sys=0,00, real=0,00 secs] 
56,606: [GC (Allocation Failure) [PSYoungGen: 85056K->64K(83456K)] 86892K->1900K(258560K), 0,0005200 secs] [Times: user=0,00 sys=0,00, real=0,00 secs] 
56,653: [GC (Allocation Failure) [PSYoungGen: 83008K->96K(81408K)] 84844K->1932K(256512K), 0,0004957 secs] [Times: user=0,00 sys=0,00, real=0,00 secs] 
56,699: [GC (Allocation Failure) [PSYoungGen: 80992K->96K(79360K)] 82828K->1932K(254464K), 0,0005581 secs] [Times: user=0,00 sys=0,00, real=0,00 secs] 
56,743: [GC (Allocation Failure) [PSYoungGen: 78944K->96K(77312K)] 80780K->1932K(252416K), 0,0004901 secs] [Times: user=0,00 sys=0,00, real=0,00 secs] 
56,786: [GC (Allocation Failure) [PSYoungGen: 76896K->64K(75264K)] 78732K->1900K(250368K), 0,0005006 secs] [Times: user=0,00 sys=0,00, real=0,00 secs] 
56,828: [GC (Allocation Failure) [PSYoungGen: 74816K->64K(90624K)] 76652K->1900K(265728K), 0,0004901 secs] [Times: user=0,00 sys=0,00, real=0,00 secs] 
56,878: [GC (Allocation Failure) [PSYoungGen: 90176K->96K(88064K)] 92012K->1932K(263168K), 0,0004878 secs] [Times: user=0,00 sys=0,00, real=0,00 secs] 
56,928: [GC (Allocation Failure) [PSYoungGen: 87648K->96K(86016K)] 89484K->1932K(261120K), 0,0004929 secs] [Times: user=0,00 sys=0,00, real=0,00 secs] 
56,975: [GC (Allocation Failure) [PSYoungGen: 85600K->96K(83968K)] 87436K->1932K(259072K), 0,0004944 secs] [Times: user=0,00 sys=0,00, real=0,00 secs] 
57,022: [GC (Allocation Failure) [PSYoungGen: 83552K->64K(81920K)] 85388K->1900K(257024K), 0,0004924 secs] [Times: user=0,00 sys=0,00, real=0,00 secs] 
57,068: [GC (Allocation Failure) [PSYoungGen: 81472K->96K(98304K)] 83308K->1932K(273408K), 0,0009178 secs] [Times: user=0,00 sys=0,00, real=0,00 secs] 
57,125: [GC (Allocation Failure) [PSYoungGen: 97887K->96K(118272K)] 99724K->1932K(293376K), 0,0005131 secs] [Times: user=0,00 sys=0,00, real=0,00 secs] 
57,192: [GC (Allocation Failure) [PSYoungGen: 117856K->96K(114688K)] 119692K->1932K(289792K), 0,0005274 secs] [Times: user=0,00 sys=0,00, real=0,00 secs] 
57,256: [GC (Allocation Failure) [PSYoungGen: 114271K->96K(111104K)] 116108K->1932K(286208K), 0,0005904 secs] [Times: user=0,00 sys=0,00, real=0,00 secs] 
57,320: [GC (Allocation Failure) [PSYoungGen: 110688K->96K(108032K)] 112524K->1932K(283136K), 0,0005100 secs] [Times: user=0,00 sys=0,00, real=0,01 secs] 
57,382: [GC (Allocation Failure) [PSYoungGen: 107616K->64K(129536K)] 109452K->1900K(304640K), 0,0010764 secs] [Times: user=0,01 sys=0,00, real=0,00 secs] 
57,458: [GC (Allocation Failure) [PSYoungGen: 129088K->96K(125440K)] 130924K->1932K(300544K), 0,0004928 secs] [Times: user=0,00 sys=0,00, real=0,00 secs] 
57,531: [GC (Allocation Failure) [PSYoungGen: 125023K->96K(121344K)] 126860K->1932K(296448K), 0,0005529 secs] [Times: user=0,00 sys=0,00, real=0,00 secs] 
57,601: [GC (Allocation Failure) [PSYoungGen: 120928K->64K(117760K)] 122764K->1900K(292864K), 0,0004950 secs] [Times: user=0,00 sys=0,00, real=0,00 secs] 
57,683: [GC (Allocation Failure) [PSYoungGen: 117312K->64K(114176K)] 119148K->1900K(289280K), 0,0008552 secs] [Times: user=0,00 sys=0,00, real=0,00 secs] 
57,750: [GC (Allocation Failure) [PSYoungGen: 113728K->64K(137216K)] 115564K->1900K(312320K), 0,0010262 secs] [Times: user=0,00 sys=0,00, real=0,01 secs] 
57,830: [GC (Allocation Failure) [PSYoungGen: 136767K->96K(132608K)] 138604K->1932K(307712K), 0,0005704 secs] [Times: user=0,00 sys=0,00, real=0,01 secs] 
57,909: [GC (Allocation Failure) [PSYoungGen: 132192K->64K(128512K)] 134028K->1908K(303616K), 0,0010070 secs] [Times: user=0,00 sys=0,00, real=0,00 secs] 
57,982: [GC (Allocation Failure) [PSYoungGen: 128064K->96K(124416K)] 129908K->1940K(299520K), 0,0004976 secs] [Times: user=0,00 sys=0,00, real=0,00 secs] 
58,052: [GC (Allocation Failure) [PSYoungGen: 124000K->96K(120832K)] 125844K->1940K(295936K), 0,0005073 secs] [Times: user=0,00 sys=0,00, real=0,00 secs] 
58,119: [GC (Allocation Failure) [PSYoungGen: 120416K->96K(117248K)] 122260K->1940K(292352K), 0,0004977 secs] [Times: user=0,00 sys=0,00, real=0,00 secs] 
58,189: [GC (Allocation Failure) [PSYoungGen: 116832K->96K(113664K)] 118676K->1940K(288768K), 0,0005155 secs] [Times: user=0,00 sys=0,00, real=0,00 secs] 
58,252: [GC (Allocation Failure) [PSYoungGen: 113248K->96K(110592K)] 115092K->1940K(285696K), 0,0004946 secs] [Times: user=0,00 sys=0,00, real=0,00 secs] 
58,315: [GC (Allocation Failure) [PSYoungGen: 110176K->96K(107520K)] 112020K->1940K(282624K), 0,0005018 secs] [Times: user=0,00 sys=0,00, real=0,00 secs] 
58,376: [GC (Allocation Failure) [PSYoungGen: 107104K->96K(104448K)] 108948K->1940K(279552K), 0,0005038 secs] [Times: user=0,00 sys=0,00, real=0,00 secs] 
58,435: [GC (Allocation Failure) [PSYoungGen: 104032K->96K(101376K)] 105876K->1940K(276480K), 0,0004937 secs] [Times: user=0,00 sys=0,00, real=0,00 secs] 
58,495: [GC (Allocation Failure) [PSYoungGen: 100960K->96K(98816K)] 102804K->1940K(273920K), 0,0005025 secs] [Times: user=0,00 sys=0,00, real=0,00 secs] 
58,552: [GC (Allocation Failure) [PSYoungGen: 98400K->64K(96256K)] 100244K->1908K(271360K), 0,0004936 secs] [Times: user=0,00 sys=0,00, real=0,00 secs] 
58,606: [GC (Allocation Failure) [PSYoungGen: 95808K->64K(93696K)] 97652K->1908K(268800K), 0,0005125 secs] [Times: user=0,00 sys=0,00, real=0,00 secs] 
58,661: [GC (Allocation Failure) [PSYoungGen: 93248K->96K(91136K)] 95092K->1940K(266240K), 0,0004940 secs] [Times: user=0,00 sys=0,00, real=0,00 secs] 
58,715: [GC (Allocation Failure) [PSYoungGen: 90720K->96K(88576K)] 92564K->1940K(263680K), 0,0004896 secs] [Times: user=0,00 sys=0,00, real=0,00 secs] 
58,766: [GC (Allocation Failure) [PSYoungGen: 88160K->96K(86528K)] 90004K->1940K(261632K), 0,0008232 secs] [Times: user=0,00 sys=0,00, real=0,00 secs] 
58,818: [GC (Allocation Failure) [PSYoungGen: 86112K->96K(84480K)] 87956K->1940K(259584K), 0,0004960 secs] [Times: user=0,01 sys=0,00, real=0,00 secs] 
58,866: [GC (Allocation Failure) [PSYoungGen: 84064K->64K(82432K)] 85908K->1908K(257536K), 0,0005253 secs] [Times: user=0,00 sys=0,00, real=0,00 secs] 
58,913: [GC (Allocation Failure) [PSYoungGen: 81984K->64K(80384K)] 83828K->1908K(255488K), 0,0005347 secs] [Times: user=0,00 sys=0,00, real=0,00 secs] 
58,958: [GC (Allocation Failure) [PSYoungGen: 79936K->96K(78336K)] 81780K->1940K(253440K), 0,0004905 secs] [Times: user=0,01 sys=0,00, real=0,00 secs] 
59,001: [GC (Allocation Failure) [PSYoungGen: 77920K->96K(76288K)] 79764K->1940K(251392K), 0,0005375 secs] [Times: user=0,00 sys=0,00, real=0,00 secs] 
59,044: [GC (Allocation Failure) [PSYoungGen: 75872K->96K(91648K)] 77716K->1940K(266752K), 0,0004871 secs] [Times: user=0,00 sys=0,00, real=0,00 secs] 
59,097: [GC (Allocation Failure) [PSYoungGen: 91232K->96K(89088K)] 93076K->1940K(264192K), 0,0005672 secs] [Times: user=0,01 sys=0,00, real=0,00 secs] 
59,170: [GC (Allocation Failure) [PSYoungGen: 88672K->64K(107008K)] 90516K->1908K(282112K), 0,0010210 secs] [Times: user=0,01 sys=0,00, real=0,01 secs] 
59,273: [GC (Allocation Failure) [PSYoungGen: 106560K->32K(128512K)] 108404K->1876K(303616K), 0,0018103 secs] [Times: user=0,00 sys=0,00, real=0,00 secs] 
59,387: [GC (Allocation Failure) [PSYoungGen: 128032K->64K(154112K)] 129876K->1908K(329216K), 0,0009894 secs] [Times: user=0,01 sys=0,00, real=0,00 secs] 
59,475: [GC (Allocation Failure) [PSYoungGen: 153664K->96K(148992K)] 155508K->1940K(324096K), 0,0005421 secs] [Times: user=0,00 sys=0,00, real=0,00 secs] 
59,558: [GC (Allocation Failure) [PSYoungGen: 148576K->96K(143872K)] 150420K->1940K(318976K), 0,0005428 secs] [Times: user=0,01 sys=0,00, real=0,00 secs] 
59,639: [GC (Allocation Failure) [PSYoungGen: 143455K->96K(139264K)] 145300K->1940K(314368K), 0,0005438 secs] [Times: user=0,00 sys=0,00, real=0,00 secs] 
59,721: [GC (Allocation Failure) [PSYoungGen: 138848K->64K(134656K)] 140692K->1908K(309760K), 0,0004930 secs] [Times: user=0,00 sys=0,00, real=0,01 secs] 
59,797: [GC (Allocation Failure) [PSYoungGen: 134208K->96K(130560K)] 136052K->1940K(305664K), 0,0005409 secs] [Times: user=0,00 sys=0,00, real=0,00 secs] 
59,874: [GC (Allocation Failure) [PSYoungGen: 130144K->64K(126464K)] 131988K->1908K(301568K), 0,0008174 secs] [Times: user=0,00 sys=0,00, real=0,00 secs] 
59,951: [GC (Allocation Failure) [PSYoungGen: 126016K->96K(122368K)] 127860K->1940K(297472K), 0,0005039 secs] [Times: user=0,00 sys=0,00, real=0,00 secs] 
60,032: [GC (Allocation Failure) [PSYoungGen: 121952K->96K(118784K)] 123796K->1940K(293888K), 0,0006220 secs] [Times: user=0,00 sys=0,00, real=0,00 secs] 
60,101: [GC (Allocation Failure) [PSYoungGen: 118368K->64K(115200K)] 120212K->1908K(290304K), 0,0005083 secs] [Times: user=0,00 sys=0,00, real=0,00 secs] 
60,169: [GC (Allocation Failure) [PSYoungGen: 114752K->64K(111616K)] 116596K->1908K(286720K), 0,0004964 secs] [Times: user=0,01 sys=0,00, real=0,00 secs] 
60,235: [GC (Allocation Failure) [PSYoungGen: 111168K->96K(108544K)] 113012K->1940K(283648K), 0,0005131 secs] [Times: user=0,00 sys=0,00, real=0,00 secs] 
60,299: [GC (Allocation Failure) [PSYoungGen: 108128K->96K(105472K)] 109972K->1940K(280576K), 0,0004897 secs] [Times: user=0,00 sys=0,00, real=0,00 secs] 
60,367: [GC (Allocation Failure) [PSYoungGen: 105056K->160K(102400K)] 106900K->2004K(277504K), 0,0005052 secs] [Times: user=0,00 sys=0,00, real=0,00 secs] 
60,426: [GC (Allocation Failure) [PSYoungGen: 102048K->96K(99328K)] 103892K->1972K(274432K), 0,0005155 secs] [Times: user=0,00 sys=0,01, real=0,00 secs] 
60,483: [GC (Allocation Failure) [PSYoungGen: 98912K->96K(96768K)] 100788K->1972K(271872K), 0,0004933 secs] [Times: user=0,00 sys=0,00, real=0,00 secs] 
60,540: [GC (Allocation Failure) [PSYoungGen: 96352K->96K(94208K)] 98228K->1972K(269312K), 0,0004983 secs] [Times: user=0,00 sys=0,00, real=0,01 secs] 
60,593: [GC (Allocation Failure) [PSYoungGen: 93792K->96K(91648K)] 95668K->1972K(266752K), 0,0004956 secs] [Times: user=0,00 sys=0,00, real=0,00 secs] 
60,644: [GC (Allocation Failure) [PSYoungGen: 91232K->96K(89088K)] 93108K->1972K(264192K), 0,0005395 secs] [Times: user=0,00 sys=0,00, real=0,00 secs] 
60,696: [GC (Allocation Failure) [PSYoungGen: 88672K->96K(87040K)] 90548K->1972K(262144K), 0,0005342 secs] [Times: user=0,00 sys=0,00, real=0,00 secs] 
60,745: [GC (Allocation Failure) [PSYoungGen: 86624K->96K(84992K)] 88500K->1972K(260096K), 0,0004966 secs] [Times: user=0,00 sys=0,00, real=0,00 secs] 
60,793: [GC (Allocation Failure) [PSYoungGen: 84576K->64K(82944K)] 86452K->1940K(258048K), 0,0005117 secs] [Times: user=0,00 sys=0,00, real=0,00 secs] 
60,843: [GC (Allocation Failure) [PSYoungGen: 82496K->96K(80896K)] 84372K->1972K(256000K), 0,0005630 secs] [Times: user=0,00 sys=0,00, real=0,00 secs] 
60,890: [GC (Allocation Failure) [PSYoungGen: 80480K->96K(78848K)] 82356K->1972K(253952K), 0,0004918 secs] [Times: user=0,00 sys=0,00, real=0,01 secs] 
60,936: [GC (Allocation Failure) [PSYoungGen: 78432K->64K(94720K)] 80308K->1940K(269824K), 0,0009411 secs] [Times: user=0,00 sys=0,00, real=0,00 secs] 
60,990: [GC (Allocation Failure) [PSYoungGen: 94272K->64K(113664K)] 96148K->1940K(288768K), 0,0004850 secs] [Times: user=0,00 sys=0,00, real=0,01 secs] 
61,054: [GC (Allocation Failure) [PSYoungGen: 113216K->96K(136704K)] 115092K->1972K(311808K), 0,0009445 secs] [Times: user=0,00 sys=0,00, real=0,00 secs] 
61,146: [GC (Allocation Failure) [PSYoungGen: 136288K->64K(164352K)] 138164K->1940K(339456K), 0,0020302 secs] [Times: user=0,00 sys=0,00, real=0,00 secs] 
61,244: [GC (Allocation Failure) [PSYoungGen: 163904K->96K(197120K)] 165780K->1972K(372224K), 0,0005123 secs] [Times: user=0,00 sys=0,00, real=0,00 secs] 
61,358: [GC (Allocation Failure) [PSYoungGen: 196704K->96K(189952K)] 198580K->1972K(365056K), 0,0005087 secs] [Times: user=0,00 sys=0,00, real=0,00 secs] 
61,465: [GC (Allocation Failure) [PSYoungGen: 189536K->96K(183296K)] 191412K->1972K(358400K), 0,0005104 secs] [Times: user=0,00 sys=0,00, real=0,00 secs] 
61,567: [GC (Allocation Failure) [PSYoungGen: 182880K->64K(176640K)] 184756K->1940K(351744K), 0,0004957 secs] [Times: user=0,00 sys=0,00, real=0,00 secs] 
61,670: [GC (Allocation Failure) [PSYoungGen: 176191K->96K(170496K)] 178068K->1972K(345600K), 0,0005038 secs] [Times: user=0,00 sys=0,00, real=0,00 secs] 
61,770: [GC (Allocation Failure) [PSYoungGen: 170080K->96K(164864K)] 171956K->1972K(339968K), 0,0005342 secs] [Times: user=0,00 sys=0,00, real=0,00 secs] 
61,866: [GC (Allocation Failure) [PSYoungGen: 164448K->96K(159232K)] 166324K->1972K(334336K), 0,0005188 secs] [Times: user=0,00 sys=0,00, real=0,00 secs] 
61,964: [GC (Allocation Failure) [PSYoungGen: 158816K->96K(154112K)] 160692K->1972K(329216K), 0,0005050 secs] [Times: user=0,00 sys=0,00, real=0,00 secs] 
62,054: [GC (Allocation Failure) [PSYoungGen: 153696K->96K(148992K)] 155572K->1972K(324096K), 0,0005381 secs] [Times: user=0,00 sys=0,00, real=0,00 secs] 
62,142: [GC (Allocation Failure) [PSYoungGen: 148575K->64K(143872K)] 150452K->1940K(318976K), 0,0006997 secs] [Times: user=0,00 sys=0,00, real=0,00 secs] 
62,240: [GC (Allocation Failure) [PSYoungGen: 143423K->96K(139264K)] 145300K->1972K(314368K), 0,0005050 secs] [Times: user=0,00 sys=0,00, real=0,00 secs] 
62,323: [GC (Allocation Failure) [PSYoungGen: 138848K->64K(134656K)] 140724K->1940K(309760K), 0,0005024 secs] [Times: user=0,01 sys=0,00, real=0,00 secs] 
62,399: [GC (Allocation Failure) [PSYoungGen: 134208K->96K(130560K)] 136084K->1972K(305664K), 0,0004980 secs] [Times: user=0,00 sys=0,00, real=0,00 secs] 
62,473: [GC (Allocation Failure) [PSYoungGen: 130144K->64K(126464K)] 132020K->1940K(301568K), 0,0005787 secs] [Times: user=0,00 sys=0,00, real=0,00 secs] 
62,578: [GC (Allocation Failure) [PSYoungGen: 126016K->64K(122368K)] 127892K->1940K(297472K), 0,0011395 secs] [Times: user=0,00 sys=0,00, real=0,00 secs] 
62,649: [GC (Allocation Failure) [PSYoungGen: 121920K->64K(118784K)] 123796K->1940K(293888K), 0,0005316 secs] [Times: user=0,00 sys=0,00, real=0,00 secs] 
62,723: [GC (Allocation Failure) [PSYoungGen: 118336K->96K(115200K)] 120212K->1972K(290304K), 0,0005187 secs] [Times: user=0,00 sys=0,00, real=0,00 secs] 
62,790: [GC (Allocation Failure) [PSYoungGen: 114784K->96K(111616K)] 116660K->1972K(286720K), 0,0004910 secs] [Times: user=0,00 sys=0,00, real=0,00 secs] 
62,853: [GC (Allocation Failure) [PSYoungGen: 111200K->64K(108544K)] 113076K->1940K(283648K), 0,0005414 secs] [Times: user=0,00 sys=0,00, real=0,00 secs] 
62,914: [GC (Allocation Failure) [PSYoungGen: 108096K->64K(130560K)] 109972K->1940K(305664K), 0,0023117 secs] [Times: user=0,01 sys=0,00, real=0,00 secs] 
62,989: [GC (Allocation Failure) [PSYoungGen: 130112K->96K(156672K)] 131988K->1972K(331776K), 0,0005552 secs] [Times: user=0,00 sys=0,00, real=0,00 secs] 
63,078: [GC (Allocation Failure) [PSYoungGen: 156256K->64K(187904K)] 158132K->1940K(363008K), 0,0008940 secs] [Times: user=0,00 sys=0,00, real=0,00 secs] 
63,242: [GC (Allocation Failure) [PSYoungGen: 187456K->32K(225792K)] 189332K->1908K(400896K), 0,0010405 secs] [Times: user=0,00 sys=0,00, real=0,00 secs] 
63,405: [GC (Allocation Failure) [PSYoungGen: 225312K->96K(217088K)] 227188K->1972K(392192K), 0,0005462 secs] [Times: user=0,00 sys=0,00, real=0,00 secs] 
63,540: [GC (Allocation Failure) [PSYoungGen: 216671K->96K(208896K)] 218548K->1972K(384000K), 0,0004946 secs] [Times: user=0,01 sys=0,00, real=0,01 secs] 
63,670: [GC (Allocation Failure) [PSYoungGen: 208480K->96K(201216K)] 210356K->1972K(376320K), 0,0013101 secs] [Times: user=0,00 sys=0,00, real=0,01 secs] 
63,793: [GC (Allocation Failure) [PSYoungGen: 200800K->96K(194048K)] 202676K->1972K(369152K), 0,0005254 secs] [Times: user=0,00 sys=0,00, real=0,00 secs] 
63,906: [GC (Allocation Failure) [PSYoungGen: 193632K->96K(186880K)] 195508K->1972K(361984K), 0,0005204 secs] [Times: user=0,00 sys=0,00, real=0,00 secs] 
64,036: [GC (Allocation Failure) [PSYoungGen: 186464K->64K(180224K)] 188340K->1940K(355328K), 0,0014787 secs] [Times: user=0,00 sys=0,00, real=0,00 secs] 
64,149: [GC (Allocation Failure) [PSYoungGen: 179776K->96K(174080K)] 181652K->1972K(349184K), 0,0004928 secs] [Times: user=0,00 sys=0,00, real=0,00 secs] 
64,251: [GC (Allocation Failure) [PSYoungGen: 173664K->96K(167936K)] 175540K->1972K(343040K), 0,0005528 secs] [Times: user=0,00 sys=0,00, real=0,00 secs] 
64,346: [GC (Allocation Failure) [PSYoungGen: 167520K->96K(162304K)] 169396K->1972K(337408K), 0,0005116 secs] [Times: user=0,00 sys=0,00, real=0,00 secs] 
64,438: [GC (Allocation Failure) [PSYoungGen: 161888K->96K(156672K)] 163764K->1972K(331776K), 0,0005339 secs] [Times: user=0,01 sys=0,00, real=0,00 secs] 
64,527: [GC (Allocation Failure) [PSYoungGen: 156256K->64K(151552K)] 158132K->1940K(326656K), 0,0005152 secs] [Times: user=0,00 sys=0,00, real=0,00 secs] 
64,616: [GC (Allocation Failure) [PSYoungGen: 151104K->96K(146432K)] 152980K->1972K(321536K), 0,0005476 secs] [Times: user=0,00 sys=0,00, real=0,00 secs] 
64,704: [GC (Allocation Failure) [PSYoungGen: 146016K->64K(141824K)] 147892K->1940K(316928K), 0,0010501 secs] [Times: user=0,00 sys=0,00, real=0,00 secs] 
64,788: [GC (Allocation Failure) [PSYoungGen: 141376K->96K(137216K)] 143252K->1972K(312320K), 0,0005096 secs] [Times: user=0,00 sys=0,00, real=0,00 secs] 
64,866: [GC (Allocation Failure) [PSYoungGen: 136800K->64K(132608K)] 138676K->1940K(307712K), 0,0005113 secs] [Times: user=0,00 sys=0,00, real=0,00 secs] 
64,942: [GC (Allocation Failure) [PSYoungGen: 132160K->96K(128512K)] 134036K->1972K(303616K), 0,0004944 secs] [Times: user=0,00 sys=0,00, real=0,00 secs] 
65,016: [GC (Allocation Failure) [PSYoungGen: 128096K->64K(124416K)] 129972K->1940K(299520K), 0,0005530 secs] [Times: user=0,00 sys=0,00, real=0,00 secs] 
65,100: [GC (Allocation Failure) [PSYoungGen: 123968K->64K(120832K)] 125844K->1940K(295936K), 0,0013020 secs] [Times: user=0,00 sys=0,00, real=0,01 secs] 
65,207: [GC (Allocation Failure) [PSYoungGen: 120384K->32K(144896K)] 122260K->1908K(320000K), 0,0020509 secs] [Times: user=0,00 sys=0,00, real=0,00 secs] 
65,318: [GC (Allocation Failure) [PSYoungGen: 144416K->64K(174080K)] 146292K->1940K(349184K), 0,0010020 secs] [Times: user=0,00 sys=0,00, real=0,00 secs] 
65,458: [GC (Allocation Failure) [PSYoungGen: 173632K->96K(167936K)] 175508K->1972K(343040K), 0,0005053 secs] [Times: user=0,00 sys=0,00, real=0,00 secs] 
65,690: [GC (Allocation Failure) [PSYoungGen: 167520K->64K(162304K)] 169396K->1940K(337408K), 0,0010346 secs] [Times: user=0,01 sys=0,00, real=0,01 secs] 
66,034: [GC (Allocation Failure) [PSYoungGen: 161856K->64K(156672K)] 163732K->1940K(331776K), 0,0005468 secs] [Times: user=0,00 sys=0,00, real=0,00 secs] 
66,226: [GC (Allocation Failure) [PSYoungGen: 156224K->96K(151552K)] 158100K->1972K(326656K), 0,0005300 secs] [Times: user=0,00 sys=0,00, real=0,00 secs] 
66,400: [GC (Allocation Failure) [PSYoungGen: 151136K->96K(146432K)] 153012K->1972K(321536K), 0,0005202 secs] [Times: user=0,00 sys=0,00, real=0,00 secs] 
66,644: [GC (Allocation Failure) [PSYoungGen: 146016K->64K(141824K)] 147892K->1940K(316928K), 0,0008544 secs] [Times: user=0,00 sys=0,00, real=0,00 secs] 
66,763: [GC (Allocation Failure) [PSYoungGen: 141376K->96K(137216K)] 143252K->1972K(312320K), 0,0005406 secs] [Times: user=0,00 sys=0,00, real=0,00 secs] 
66,956: [GC (Allocation Failure) [PSYoungGen: 136800K->96K(132608K)] 138676K->1972K(307712K), 0,0005216 secs] [Times: user=0,01 sys=0,00, real=0,00 secs] 
67,201: [GC (Allocation Failure) [PSYoungGen: 132192K->96K(128512K)] 134068K->1972K(303616K), 0,0005226 secs] [Times: user=0,00 sys=0,00, real=0,00 secs] 
67,448: [GC (Allocation Failure) [PSYoungGen: 128096K->96K(124416K)] 129972K->1972K(299520K), 0,0005513 secs] [Times: user=0,00 sys=0,00, real=0,00 secs] 
67,600: [GC (Allocation Failure) [PSYoungGen: 124000K->64K(120832K)] 125876K->1940K(295936K), 0,0005283 secs] [Times: user=0,00 sys=0,00, real=0,01 secs] 
67,817: [GC (Allocation Failure) [PSYoungGen: 120384K->64K(144896K)] 122260K->1940K(320000K), 0,0109840 secs] [Times: user=0,00 sys=0,00, real=0,01 secs] 
68,193: [GC (Allocation Failure) [PSYoungGen: 144448K->64K(174080K)] 146324K->1940K(349184K), 0,0007599 secs] [Times: user=0,00 sys=0,00, real=0,00 secs] 
68,477: [GC (Allocation Failure) [PSYoungGen: 173632K->96K(167936K)] 175508K->1972K(343040K), 0,0006233 secs] [Times: user=0,01 sys=0,00, real=0,00 secs] 
68,746: [GC (Allocation Failure) [PSYoungGen: 167520K->96K(162304K)] 169396K->1972K(337408K), 0,0005421 secs] [Times: user=0,00 sys=0,00, real=0,00 secs] 
68,967: [GC (Allocation Failure) [PSYoungGen: 161888K->96K(156672K)] 163764K->1972K(331776K), 0,0005211 secs] [Times: user=0,00 sys=0,00, real=0,00 secs] 
69,061: [GC (Allocation Failure) [PSYoungGen: 156256K->96K(151552K)] 158132K->1972K(326656K), 0,0005611 secs] [Times: user=0,00 sys=0,00, real=0,00 secs] 
69,166: [GC (Allocation Failure) [PSYoungGen: 151136K->32K(146432K)] 153012K->1908K(321536K), 0,0009462 secs] [Times: user=0,00 sys=0,00, real=0,00 secs] 
69,312: [GC (Allocation Failure) [PSYoungGen: 145952K->96K(141824K)] 147828K->1972K(316928K), 0,0007042 secs] [Times: user=0,00 sys=0,01, real=0,00 secs] 
69,432: [GC (Allocation Failure) [PSYoungGen: 141408K->64K(137216K)] 143284K->1940K(312320K), 0,0008504 secs] [Times: user=0,00 sys=0,00, real=0,00 secs] 
69,517: [GC (Allocation Failure) [PSYoungGen: 136768K->96K(132608K)] 138644K->1972K(307712K), 0,0005839 secs] [Times: user=0,00 sys=0,00, real=0,00 secs] 
69,597: [GC (Allocation Failure) [PSYoungGen: 132192K->96K(128512K)] 134068K->1972K(303616K), 0,0006191 secs] [Times: user=0,00 sys=0,00, real=0,00 secs] 
69,676: [GC (Allocation Failure) [PSYoungGen: 128096K->64K(124416K)] 129972K->1940K(299520K), 0,0011609 secs] [Times: user=0,00 sys=0,00, real=0,00 secs] 
69,753: [GC (Allocation Failure) [PSYoungGen: 123968K->32K(120832K)] 125844K->1908K(295936K), 0,0013054 secs] [Times: user=0,00 sys=0,00, real=0,00 secs] 
69,827: [GC (Allocation Failure) [PSYoungGen: 120352K->64K(144896K)] 122228K->1940K(320000K), 0,0010212 secs] [Times: user=0,00 sys=0,00, real=0,00 secs] 
69,914: [GC (Allocation Failure) [PSYoungGen: 144448K->64K(174080K)] 146324K->1940K(349184K), 0,0010366 secs] [Times: user=0,00 sys=0,00, real=0,00 secs] 
70,023: [GC (Allocation Failure) [PSYoungGen: 173632K->64K(208896K)] 175508K->1940K(384000K), 0,0011197 secs] [Times: user=0,00 sys=0,00, real=0,00 secs] 
70,149: [GC (Allocation Failure) [PSYoungGen: 208448K->64K(201216K)] 210324K->1940K(376320K), 0,0007611 secs] [Times: user=0,00 sys=0,00, real=0,00 secs] 
70,269: [GC (Allocation Failure) [PSYoungGen: 200768K->64K(194048K)] 202644K->1940K(369152K), 0,0008934 secs] [Times: user=0,00 sys=0,00, real=0,00 secs] 
70,392: [GC (Allocation Failure) [PSYoungGen: 193600K->96K(186880K)] 195476K->1972K(361984K), 0,0010053 secs] [Times: user=0,00 sys=0,00, real=0,00 secs] 
70,513: [GC (Allocation Failure) [PSYoungGen: 186464K->96K(180224K)] 188340K->1996K(355328K), 0,0007453 secs] [Times: user=0,00 sys=0,00, real=0,00 secs] 
70,623: [GC (Allocation Failure) [PSYoungGen: 179808K->64K(174080K)] 181708K->1964K(349184K), 0,0007476 secs] [Times: user=0,00 sys=0,00, real=0,00 secs] 
70,729: [GC (Allocation Failure) [PSYoungGen: 173632K->64K(167936K)] 175532K->1964K(343040K), 0,0010205 secs] [Times: user=0,01 sys=0,00, real=0,00 secs] 
70,835: [GC (Allocation Failure) [PSYoungGen: 167488K->64K(162304K)] 169388K->1964K(337408K), 0,0010149 secs] [Times: user=0,00 sys=0,00, real=0,00 secs] 
70,935: [GC (Allocation Failure) [PSYoungGen: 161856K->64K(156672K)] 163756K->1964K(331776K), 0,0010253 secs] [Times: user=0,00 sys=0,00, real=0,00 secs] 
71,051: [GC (Allocation Failure) [PSYoungGen: 156224K->64K(151552K)] 158124K->1964K(326656K), 0,0010192 secs] [Times: user=0,00 sys=0,00, real=0,00 secs] 
71,162: [GC (Allocation Failure) [PSYoungGen: 151104K->96K(146432K)] 153004K->1996K(321536K), 0,0005414 secs] [Times: user=0,00 sys=0,00, real=0,00 secs] 
71,252: [GC (Allocation Failure) [PSYoungGen: 146016K->96K(141824K)] 147916K->1996K(316928K), 0,0005325 secs] [Times: user=0,00 sys=0,00, real=0,00 secs] 
71,359: [GC (Allocation Failure) [PSYoungGen: 141408K->96K(137216K)] 143308K->1996K(312320K), 0,0005245 secs] [Times: user=0,01 sys=0,00, real=0,00 secs] 
71,469: [GC (Allocation Failure) [PSYoungGen: 136800K->32K(132608K)] 138700K->1932K(307712K), 0,0011104 secs] [Times: user=0,01 sys=0,00, real=0,00 secs] 
71,566: [GC (Allocation Failure) [PSYoungGen: 132128K->32K(128512K)] 134028K->1932K(303616K), 0,0010850 secs] [Times: user=0,00 sys=0,00, real=0,00 secs] 
71,645: [GC (Allocation Failure) [PSYoungGen: 128032K->64K(124416K)] 129932K->1964K(299520K), 0,0005383 secs] [Times: user=0,00 sys=0,00, real=0,00 secs] 
71,722: [GC (Allocation Failure) [PSYoungGen: 123968K->96K(120832K)] 125868K->1996K(295936K), 0,0005248 secs] [Times: user=0,00 sys=0,00, real=0,00 secs] 
71,795: [GC (Allocation Failure) [PSYoungGen: 120416K->64K(117248K)] 122316K->1964K(292352K), 0,0006068 secs] [Times: user=0,00 sys=0,00, real=0,00 secs] 
71,864: [GC (Allocation Failure) [PSYoungGen: 116800K->96K(113664K)] 118700K->1996K(288768K), 0,0005276 secs] [Times: user=0,00 sys=0,00, real=0,00 secs] 
71,933: [GC (Allocation Failure) [PSYoungGen: 113248K->64K(110592K)] 115148K->1964K(285696K), 0,0010112 secs] [Times: user=0,00 sys=0,00, real=0,00 secs] 
72,000: [GC (Allocation Failure) [PSYoungGen: 110143K->32K(107520K)] 112044K->1932K(282624K), 0,0009953 secs] [Times: user=0,00 sys=0,00, real=0,01 secs] 
72,065: [GC (Allocation Failure) [PSYoungGen: 107040K->64K(129024K)] 108940K->1964K(304128K), 0,0007529 secs] [Times: user=0,01 sys=0,00, real=0,00 secs] 
72,154: [GC (Allocation Failure) [PSYoungGen: 128576K->64K(124928K)] 130476K->1964K(300032K), 0,0008544 secs] [Times: user=0,00 sys=0,00, real=0,00 secs] 
72,248: [GC (Allocation Failure) [PSYoungGen: 124480K->96K(121344K)] 126380K->1996K(296448K), 0,0006749 secs] [Times: user=0,00 sys=0,00, real=0,00 secs] 
72,346: [GC (Allocation Failure) [PSYoungGen: 120928K->96K(117760K)] 122828K->1996K(292864K), 0,0005283 secs] [Times: user=0,00 sys=0,00, real=0,00 secs] 
72,417: [GC (Allocation Failure) [PSYoungGen: 117344K->96K(114176K)] 119244K->1996K(289280K), 0,0005980 secs] [Times: user=0,00 sys=0,00, real=0,00 secs] 
72,494: [GC (Allocation Failure) [PSYoungGen: 113760K->96K(110592K)] 115660K->1996K(285696K), 0,0005969 secs] [Times: user=0,00 sys=0,00, real=0,00 secs] 
72,564: [GC (Allocation Failure) [PSYoungGen: 110176K->64K(107520K)] 112076K->1964K(282624K), 0,0008365 secs] [Times: user=0,00 sys=0,00, real=0,00 secs] 
72,629: [GC (Allocation Failure) [PSYoungGen: 107072K->96K(104448K)] 108972K->1996K(279552K), 0,0005520 secs] [Times: user=0,00 sys=0,00, real=0,00 secs] 
72,692: [GC (Allocation Failure) [PSYoungGen: 104032K->96K(101376K)] 105932K->1996K(276480K), 0,0005591 secs] [Times: user=0,00 sys=0,00, real=0,00 secs] 
72,765: [GC (Allocation Failure) [PSYoungGen: 100960K->96K(98816K)] 102860K->1996K(273920K), 0,0005482 secs] [Times: user=0,00 sys=0,00, real=0,00 secs] 
72,841: [GC (Allocation Failure) [PSYoungGen: 98400K->96K(96256K)] 100300K->1996K(271360K), 0,0005246 secs] [Times: user=0,00 sys=0,00, real=0,00 secs] 
72,899: [GC (Allocation Failure) [PSYoungGen: 95840K->96K(93696K)] 97740K->1996K(268800K), 0,0005251 secs] [Times: user=0,00 sys=0,00, real=0,00 secs] 
72,955: [GC (Allocation Failure) [PSYoungGen: 93280K->96K(91136K)] 95180K->1996K(266240K), 0,0005424 secs] [Times: user=0,00 sys=0,00, real=0,00 secs] 
73,010: [GC (Allocation Failure) [PSYoungGen: 90720K->96K(88576K)] 92620K->1996K(263680K), 0,0005050 secs] [Times: user=0,00 sys=0,00, real=0,00 secs] 
73,065: [GC (Allocation Failure) [PSYoungGen: 88160K->96K(86528K)] 90060K->1996K(261632K), 0,0005179 secs] [Times: user=0,00 sys=0,00, real=0,00 secs] 
73,118: [GC (Allocation Failure) [PSYoungGen: 86112K->96K(84480K)] 88012K->1996K(259584K), 0,0005294 secs] [Times: user=0,01 sys=0,00, real=0,00 secs] 
73,206: [GC (Allocation Failure) [PSYoungGen: 84064K->64K(82432K)] 85964K->1964K(257536K), 0,0010899 secs] [Times: user=0,00 sys=0,00, real=0,00 secs] 
73,296: [GC (Allocation Failure) [PSYoungGen: 81984K->64K(80384K)] 83884K->1964K(255488K), 0,0005817 secs] [Times: user=0,00 sys=0,00, real=0,00 secs] 
73,351: [GC (Allocation Failure) [PSYoungGen: 79936K->64K(78336K)] 81836K->1964K(253440K), 0,0005640 secs] [Times: user=0,00 sys=0,00, real=0,00 secs] 
73,404: [GC (Allocation Failure) [PSYoungGen: 77888K->96K(76288K)] 79788K->1996K(251392K), 0,0005271 secs] [Times: user=0,00 sys=0,00, real=0,00 secs] 
73,454: [GC (Allocation Failure) [PSYoungGen: 75872K->96K(74752K)] 77772K->1996K(249856K), 0,0005275 secs] [Times: user=0,00 sys=0,00, real=0,00 secs] 
73,510: [GC (Allocation Failure) [PSYoungGen: 74336K->96K(73216K)] 76236K->1996K(248320K), 0,0009118 secs] [Times: user=0,00 sys=0,00, real=0,01 secs] 
73,556: [GC (Allocation Failure) [PSYoungGen: 72800K->96K(71680K)] 74700K->1996K(246784K), 0,0005277 secs] [Times: user=0,00 sys=0,00, real=0,00 secs] 
73,603: [GC (Allocation Failure) [PSYoungGen: 71264K->96K(70144K)] 73164K->1996K(245248K), 0,0005282 secs] [Times: user=0,00 sys=0,00, real=0,00 secs] 
73,649: [GC (Allocation Failure) [PSYoungGen: 69728K->96K(84480K)] 71628K->1996K(259584K), 0,0005418 secs] [Times: user=0,00 sys=0,00, real=0,00 secs] 
73,705: [GC (Allocation Failure) [PSYoungGen: 84064K->96K(82432K)] 85964K->1996K(257536K), 0,0005277 secs] [Times: user=0,00 sys=0,00, real=0,00 secs] 
73,760: [GC (Allocation Failure) [PSYoungGen: 82016K->64K(80384K)] 83916K->1964K(255488K), 0,0005347 secs] [Times: user=0,00 sys=0,00, real=0,00 secs] 
73,811: [GC (Allocation Failure) [PSYoungGen: 79936K->64K(96768K)] 81836K->1964K(271872K), 0,0008499 secs] [Times: user=0,00 sys=0,00, real=0,00 secs] 
73,873: [GC (Allocation Failure) [PSYoungGen: 96320K->64K(116224K)] 98220K->1964K(291328K), 0,0009200 secs] [Times: user=0,00 sys=0,00, real=0,00 secs] 
73,953: [GC (Allocation Failure) [PSYoungGen: 115776K->32K(139776K)] 117676K->1932K(314880K), 0,0071782 secs] [Times: user=0,00 sys=0,00, real=0,00 secs] 
74,059: [GC (Allocation Failure) [PSYoungGen: 139296K->96K(167936K)] 141196K->1996K(343040K), 0,0005462 secs] [Times: user=0,00 sys=0,00, real=0,00 secs] 
74,164: [GC (Allocation Failure) [PSYoungGen: 167520K->96K(201728K)] 169420K->1996K(376832K), 0,0005456 secs] [Times: user=0,00 sys=0,00, real=0,00 secs] 
74,311: [GC (Allocation Failure) [PSYoungGen: 201312K->64K(242176K)] 203212K->1964K(417280K), 0,0010242 secs] [Times: user=0,00 sys=0,00, real=0,00 secs] 
74,483: [GC (Allocation Failure) [PSYoungGen: 241728K->32K(290816K)] 243628K->1932K(465920K), 0,0019141 secs] [Times: user=0,00 sys=0,00, real=0,00 secs] 
74,694: [GC (Allocation Failure) [PSYoungGen: 290336K->64K(349184K)] 292236K->1964K(524288K), 0,0005998 secs] [Times: user=0,00 sys=0,00, real=0,00 secs] 
74,944: [GC (Allocation Failure) [PSYoungGen: 348736K->64K(334848K)] 350636K->1964K(509952K), 0,0005776 secs] [Times: user=0,00 sys=0,00, real=0,00 secs] 
75,147: [GC (Allocation Failure) [PSYoungGen: 334400K->96K(321024K)] 336300K->1996K(496128K), 0,0005362 secs] [Times: user=0,01 sys=0,00, real=0,00 secs] 
75,342: [GC (Allocation Failure) [PSYoungGen: 320608K->64K(308224K)] 322508K->1964K(483328K), 0,0008646 secs] [Times: user=0,00 sys=0,00, real=0,00 secs] 
75,535: [GC (Allocation Failure) [PSYoungGen: 307776K->96K(295936K)] 309676K->1996K(471040K), 0,0010262 secs] [Times: user=0,00 sys=0,00, real=0,00 secs] 
75,746: [GC (Allocation Failure) [PSYoungGen: 295520K->64K(284160K)] 297420K->1964K(459264K), 0,0009014 secs] [Times: user=0,00 sys=0,00, real=0,00 secs] 
75,937: [GC (Allocation Failure) [PSYoungGen: 283712K->32K(272896K)] 285612K->1932K(448000K), 0,0023042 secs] [Times: user=0,00 sys=0,00, real=0,00 secs] 
76,134: [GC (Allocation Failure) [PSYoungGen: 272416K->64K(262144K)] 274316K->1964K(437248K), 0,0015765 secs] [Times: user=0,01 sys=0,00, real=0,00 secs] 
76,309: [GC (Allocation Failure) [PSYoungGen: 261696K->96K(251904K)] 263596K->1996K(427008K), 0,0005358 secs] [Times: user=0,00 sys=0,00, real=0,00 secs] 
76,460: [GC (Allocation Failure) [PSYoungGen: 251488K->96K(242176K)] 253388K->1996K(417280K), 0,0005355 secs] [Times: user=0,00 sys=0,00, real=0,01 secs] 
76,617: [GC (Allocation Failure) [PSYoungGen: 241760K->96K(232960K)] 243660K->1996K(408064K), 0,0005581 secs] [Times: user=0,00 sys=0,00, real=0,00 secs] 
76,760: [GC (Allocation Failure) [PSYoungGen: 232544K->96K(224256K)] 234444K->1996K(399360K), 0,0005384 secs] [Times: user=0,00 sys=0,00, real=0,00 secs] 
76,896: [GC (Allocation Failure) [PSYoungGen: 223840K->96K(216064K)] 225740K->1996K(391168K), 0,0010566 secs] [Times: user=0,01 sys=0,00, real=0,00 secs] 
77,027: [GC (Allocation Failure) [PSYoungGen: 215648K->64K(207872K)] 217548K->1964K(382976K), 0,0010624 secs] [Times: user=0,00 sys=0,00, real=0,00 secs] 
77,167: [GC (Allocation Failure) [PSYoungGen: 207424K->64K(200192K)] 209324K->1964K(375296K), 0,0010474 secs] [Times: user=0,00 sys=0,00, real=0,00 secs] 
77,315: [GC (Allocation Failure) [PSYoungGen: 199744K->64K(193024K)] 201644K->1964K(368128K), 0,0017067 secs] [Times: user=0,00 sys=0,00, real=0,00 secs] 
77,442: [GC (Allocation Failure) [PSYoungGen: 192576K->64K(185856K)] 194476K->1964K(360960K), 0,0010428 secs] [Times: user=0,01 sys=0,00, real=0,00 secs] 
77,590: [GC (Allocation Failure) [PSYoungGen: 185408K->32K(179200K)] 187308K->1932K(354304K), 0,0010441 secs] [Times: user=0,00 sys=0,00, real=0,01 secs] 
77,704: [GC (Allocation Failure) [PSYoungGen: 178720K->96K(173056K)] 180620K->1996K(348160K), 0,0005183 secs] [Times: user=0,00 sys=0,00, real=0,00 secs] 
77,815: [GC (Allocation Failure) [PSYoungGen: 172640K->64K(166912K)] 174540K->1964K(342016K), 0,0005348 secs] [Times: user=0,00 sys=0,00, real=0,00 secs] 
77,957: [GC (Allocation Failure) [PSYoungGen: 166464K->64K(161280K)] 168364K->1964K(336384K), 0,0012303 secs] [Times: user=0,00 sys=0,00, real=0,00 secs] 
78,072: [GC (Allocation Failure) [PSYoungGen: 160832K->96K(155648K)] 162732K->1996K(330752K), 0,0005336 secs] [Times: user=0,00 sys=0,00, real=0,00 secs] 
78,177: [GC (Allocation Failure) [PSYoungGen: 155232K->96K(150528K)] 157132K->1996K(325632K), 0,0005165 secs] [Times: user=0,00 sys=0,00, real=0,00 secs] 
78,275: [GC (Allocation Failure) [PSYoungGen: 150112K->96K(145408K)] 152012K->1996K(320512K), 0,0005180 secs] [Times: user=0,00 sys=0,00, real=0,00 secs] 
78,378: [GC (Allocation Failure) [PSYoungGen: 144992K->64K(140800K)] 146892K->1964K(315904K), 0,0005848 secs] [Times: user=0,00 sys=0,00, real=0,00 secs] 
78,490: [GC (Allocation Failure) [PSYoungGen: 140352K->96K(136192K)] 142252K->1996K(311296K), 0,0005319 secs] [Times: user=0,00 sys=0,00, real=0,00 secs] 
78,575: [GC (Allocation Failure) [PSYoungGen: 135776K->96K(132096K)] 137676K->1996K(307200K), 0,0005203 secs] [Times: user=0,00 sys=0,00, real=0,00 secs] 
78,653: [GC (Allocation Failure) [PSYoungGen: 131680K->64K(128000K)] 133580K->1972K(303104K), 0,0005829 secs] [Times: user=0,00 sys=0,00, real=0,00 secs] 
78,728: [GC (Allocation Failure) [PSYoungGen: 127552K->32K(123904K)] 129460K->1940K(299008K), 0,0011310 secs] [Times: user=0,00 sys=0,00, real=0,00 secs] 
78,802: [GC (Allocation Failure) [PSYoungGen: 123424K->96K(120320K)] 125332K->2004K(295424K), 0,0005263 secs] [Times: user=0,00 sys=0,00, real=0,00 secs] 
78,871: [GC (Allocation Failure) [PSYoungGen: 119904K->96K(116736K)] 121812K->2004K(291840K), 0,0005096 secs] [Times: user=0,00 sys=0,00, real=0,00 secs] 
78,938: [GC (Allocation Failure) [PSYoungGen: 116320K->64K(113152K)] 118228K->1972K(288256K), 0,0005106 secs] [Times: user=0,00 sys=0,00, real=0,00 secs] 
79,002: [GC (Allocation Failure) [PSYoungGen: 112704K->96K(110080K)] 114612K->2004K(285184K), 0,0005201 secs] [Times: user=0,00 sys=0,00, real=0,00 secs] 
79,064: [GC (Allocation Failure) [PSYoungGen: 109664K->96K(107008K)] 111572K->2004K(282112K), 0,0005256 secs] [Times: user=0,00 sys=0,00, real=0,00 secs] 
79,124: [GC (Allocation Failure) [PSYoungGen: 106592K->64K(103936K)] 108500K->1972K(279040K), 0,0004814 secs] [Times: user=0,00 sys=0,00, real=0,00 secs] 
79,183: [GC (Allocation Failure) [PSYoungGen: 103488K->96K(100864K)] 105396K->2004K(275968K), 0,0004962 secs] [Times: user=0,00 sys=0,00, real=0,00 secs] 
79,240: [GC (Allocation Failure) [PSYoungGen: 100448K->64K(98304K)] 102356K->1972K(273408K), 0,0005119 secs] [Times: user=0,00 sys=0,00, real=0,00 secs] 
79,294: [GC (Allocation Failure) [PSYoungGen: 97856K->96K(95744K)] 99764K->2004K(270848K), 0,0004998 secs] [Times: user=0,01 sys=0,00, real=0,00 secs] 
79,349: [GC (Allocation Failure) [PSYoungGen: 95328K->64K(93184K)] 97236K->1972K(268288K), 0,0005146 secs] [Times: user=0,00 sys=0,00, real=0,00 secs] 
79,401: [GC (Allocation Failure) [PSYoungGen: 92736K->96K(90624K)] 94644K->2004K(265728K), 0,0005107 secs] [Times: user=0,00 sys=0,00, real=0,00 secs] 
79,452: [GC (Allocation Failure) [PSYoungGen: 90208K->96K(88064K)] 92116K->2004K(263168K), 0,0005195 secs] [Times: user=0,00 sys=0,00, real=0,00 secs] 
79,501: [GC (Allocation Failure) [PSYoungGen: 87648K->96K(86016K)] 89556K->2004K(261120K), 0,0004987 secs] [Times: user=0,00 sys=0,00, real=0,00 secs] 
79,552: [GC (Allocation Failure) [PSYoungGen: 85600K->64K(103424K)] 87508K->1972K(278528K), 0,0014496 secs] [Times: user=0,01 sys=0,01, real=0,00 secs] 
79,625: [GC (Allocation Failure) [PSYoungGen: 102976K->32K(124416K)] 104884K->1940K(299520K), 0,0013561 secs] [Times: user=0,00 sys=0,00, real=0,00 secs] 
79,706: [GC (Allocation Failure) [PSYoungGen: 123936K->64K(149504K)] 125844K->1972K(324608K), 0,0010116 secs] [Times: user=0,00 sys=0,00, real=0,00 secs] 
79,796: [GC (Allocation Failure) [PSYoungGen: 149056K->96K(179712K)] 150964K->2004K(354816K), 0,0009901 secs] [Times: user=0,00 sys=0,00, real=0,00 secs] 
79,896: [GC (Allocation Failure) [PSYoungGen: 179296K->64K(215552K)] 181204K->1972K(390656K), 0,0005000 secs] [Times: user=0,00 sys=0,00, real=0,00 secs] 
80,015: [GC (Allocation Failure) [PSYoungGen: 215104K->64K(207360K)] 217012K->1972K(382464K), 0,0005011 secs] [Times: user=0,00 sys=0,00, real=0,00 secs] 
80,130: [GC (Allocation Failure) [PSYoungGen: 206912K->96K(199680K)] 208820K->2004K(374784K), 0,0005134 secs] [Times: user=0,00 sys=0,00, real=0,01 secs] 
80,241: [GC (Allocation Failure) [PSYoungGen: 199264K->64K(192512K)] 201172K->1972K(367616K), 0,0005850 secs] [Times: user=0,00 sys=0,00, real=0,00 secs] 
80,350: [GC (Allocation Failure) [PSYoungGen: 192064K->96K(185856K)] 193972K->2004K(360960K), 0,0005112 secs] [Times: user=0,00 sys=0,00, real=0,00 secs] 
80,453: [GC (Allocation Failure) [PSYoungGen: 185440K->96K(179200K)] 187348K->2028K(354304K), 0,0005247 secs] [Times: user=0,00 sys=0,00, real=0,00 secs] 
80,554: [GC (Allocation Failure) [PSYoungGen: 178784K->96K(173056K)] 180716K->2028K(348160K), 0,0005287 secs] [Times: user=0,00 sys=0,00, real=0,00 secs] 
80,650: [GC (Allocation Failure) [PSYoungGen: 172640K->64K(166912K)] 174572K->1996K(342016K), 0,0005072 secs] [Times: user=0,00 sys=0,00, real=0,00 secs] 
80,743: [GC (Allocation Failure) [PSYoungGen: 166464K->96K(161280K)] 168396K->2028K(336384K), 0,0004988 secs] [Times: user=0,00 sys=0,00, real=0,00 secs] 
80,836: [GC (Allocation Failure) [PSYoungGen: 160864K->96K(155648K)] 162796K->2028K(330752K), 0,0005082 secs] [Times: user=0,00 sys=0,00, real=0,00 secs] 
80,923: [GC (Allocation Failure) [PSYoungGen: 155232K->96K(150528K)] 157164K->2028K(325632K), 0,0005247 secs] [Times: user=0,00 sys=0,00, real=0,00 secs] 
81,007: [GC (Allocation Failure) [PSYoungGen: 150112K->64K(145408K)] 152044K->1996K(320512K), 0,0009592 secs] [Times: user=0,00 sys=0,00, real=0,00 secs] 
81,094: [GC (Allocation Failure) [PSYoungGen: 144960K->64K(140800K)] 146892K->1996K(315904K), 0,0011294 secs] [Times: user=0,00 sys=0,00, real=0,00 secs] 
81,177: [GC (Allocation Failure) [PSYoungGen: 140352K->96K(136192K)] 142284K->2028K(311296K), 0,0005429 secs] [Times: user=0,00 sys=0,00, real=0,00 secs] 
81,254: [GC (Allocation Failure) [PSYoungGen: 135776K->96K(132096K)] 137708K->2028K(307200K), 0,0005526 secs] [Times: user=0,00 sys=0,00, real=0,00 secs] 
81,327: [GC (Allocation Failure) [PSYoungGen: 131680K->96K(128000K)] 133612K->2028K(303104K), 0,0005081 secs] [Times: user=0,01 sys=0,00, real=0,00 secs] 
81,400: [GC (Allocation Failure) [PSYoungGen: 127584K->96K(123904K)] 129516K->2028K(299008K), 0,0005424 secs] [Times: user=0,00 sys=0,00, real=0,00 secs] 
81,469: [GC (Allocation Failure) [PSYoungGen: 123488K->96K(120320K)] 125420K->2028K(295424K), 0,0004967 secs] [Times: user=0,00 sys=0,00, real=0,00 secs] 
81,536: [GC (Allocation Failure) [PSYoungGen: 119904K->64K(116736K)] 121836K->1996K(291840K), 0,0005554 secs] [Times: user=0,00 sys=0,00, real=0,00 secs] 
81,600: [GC (Allocation Failure) [PSYoungGen: 116288K->96K(113152K)] 118220K->2028K(288256K), 0,0005000 secs] [Times: user=0,00 sys=0,00, real=0,01 secs] 
81,663: [GC (Allocation Failure) [PSYoungGen: 112736K->96K(110080K)] 114668K->2028K(285184K), 0,0004936 secs] [Times: user=0,00 sys=0,00, real=0,00 secs] 
81,724: [GC (Allocation Failure) [PSYoungGen: 109664K->96K(107008K)] 111596K->2028K(282112K), 0,0005057 secs] [Times: user=0,00 sys=0,00, real=0,00 secs] 
81,784: [GC (Allocation Failure) [PSYoungGen: 106592K->96K(103936K)] 108524K->2028K(279040K), 0,0005480 secs] [Times: user=0,00 sys=0,00, real=0,00 secs] 
81,842: [GC (Allocation Failure) [PSYoungGen: 103520K->96K(100864K)] 105452K->2028K(275968K), 0,0004998 secs] [Times: user=0,00 sys=0,00, real=0,00 secs] 
81,898: [GC (Allocation Failure) [PSYoungGen: 100448K->96K(98304K)] 102380K->2028K(273408K), 0,0004981 secs] [Times: user=0,00 sys=0,00, real=0,00 secs] 
81,952: [GC (Allocation Failure) [PSYoungGen: 97888K->96K(95744K)] 99820K->2028K(270848K), 0,0005002 secs] [Times: user=0,00 sys=0,00, real=0,00 secs] 
82,005: [GC (Allocation Failure) [PSYoungGen: 95328K->96K(93184K)] 97260K->2028K(268288K), 0,0004986 secs] [Times: user=0,00 sys=0,00, real=0,00 secs] 
82,057: [GC (Allocation Failure) [PSYoungGen: 92768K->96K(90624K)] 94700K->2028K(265728K), 0,0005198 secs] [Times: user=0,00 sys=0,00, real=0,00 secs] 
82,107: [GC (Allocation Failure) [PSYoungGen: 90208K->96K(88064K)] 92140K->2028K(263168K), 0,0005050 secs] [Times: user=0,00 sys=0,00, real=0,00 secs] 
82,156: [GC (Allocation Failure) [PSYoungGen: 87648K->96K(86016K)] 89580K->2028K(261120K), 0,0005021 secs] [Times: user=0,00 sys=0,01, real=0,00 secs] 
82,204: [GC (Allocation Failure) [PSYoungGen: 85600K->96K(83968K)] 87532K->2028K(259072K), 0,0005058 secs] [Times: user=0,00 sys=0,00, real=0,00 secs] 
82,251: [GC (Allocation Failure) [PSYoungGen: 83552K->96K(81920K)] 85484K->2028K(257024K), 0,0005083 secs] [Times: user=0,00 sys=0,00, real=0,00 secs] 
82,297: [GC (Allocation Failure) [PSYoungGen: 81504K->96K(79872K)] 83436K->2028K(254976K), 0,0005544 secs] [Times: user=0,00 sys=0,00, real=0,00 secs] 
82,343: [GC (Allocation Failure) [PSYoungGen: 79456K->96K(77824K)] 81388K->2028K(252928K), 0,0005065 secs] [Times: user=0,00 sys=0,00, real=0,00 secs] 
82,386: [GC (Allocation Failure) [PSYoungGen: 77408K->64K(75776K)] 79340K->1996K(250880K), 0,0004974 secs] [Times: user=0,00 sys=0,00, real=0,00 secs] 
82,429: [GC (Allocation Failure) [PSYoungGen: 75328K->96K(74240K)] 77260K->2028K(249344K), 0,0004895 secs] [Times: user=0,00 sys=0,00, real=0,00 secs] 
82,470: [GC (Allocation Failure) [PSYoungGen: 73824K->96K(89088K)] 75756K->2028K(264192K), 0,0004965 secs] [Times: user=0,01 sys=0,00, real=0,01 secs] 
82,520: [GC (Allocation Failure) [PSYoungGen: 88672K->64K(87040K)] 90604K->1996K(262144K), 0,0004990 secs] [Times: user=0,01 sys=0,00, real=0,00 secs] 
82,568: [GC (Allocation Failure) [PSYoungGen: 86592K->96K(84992K)] 88524K->2028K(260096K), 0,0004848 secs] [Times: user=0,00 sys=0,00, real=0,00 secs] 
82,616: [GC (Allocation Failure) [PSYoungGen: 84576K->64K(82944K)] 86508K->1996K(258048K), 0,0004909 secs] [Times: user=0,00 sys=0,00, real=0,00 secs] 
82,662: [GC (Allocation Failure) [PSYoungGen: 82496K->96K(80896K)] 84428K->2028K(256000K), 0,0004891 secs] [Times: user=0,00 sys=0,00, real=0,00 secs] 
82,707: [GC (Allocation Failure) [PSYoungGen: 80480K->64K(78848K)] 82412K->1996K(253952K), 0,0005063 secs] [Times: user=0,01 sys=0,00, real=0,00 secs] 
82,752: [GC (Allocation Failure) [PSYoungGen: 78400K->96K(76800K)] 80332K->2028K(251904K), 0,0004887 secs] [Times: user=0,00 sys=0,00, real=0,00 secs] 
82,794: [GC (Allocation Failure) [PSYoungGen: 76384K->96K(74752K)] 78316K->2028K(249856K), 0,0005017 secs] [Times: user=0,00 sys=0,00, real=0,00 secs] 
82,836: [GC (Allocation Failure) [PSYoungGen: 74336K->64K(89600K)] 76268K->1996K(264704K), 0,0005559 secs] [Times: user=0,00 sys=0,00, real=0,00 secs] 
82,886: [GC (Allocation Failure) [PSYoungGen: 89152K->96K(107520K)] 91084K->2028K(282624K), 0,0005063 secs] [Times: user=0,00 sys=0,00, real=0,00 secs] 
82,946: [GC (Allocation Failure) [PSYoungGen: 107104K->96K(104448K)] 109036K->2028K(279552K), 0,0004993 secs] [Times: user=0,01 sys=0,00, real=0,00 secs] 
83,004: [GC (Allocation Failure) [PSYoungGen: 104032K->96K(101376K)] 105964K->2028K(276480K), 0,0005084 secs] [Times: user=0,00 sys=0,00, real=0,00 secs] 
83,061: [GC (Allocation Failure) [PSYoungGen: 100960K->96K(98816K)] 102892K->2028K(273920K), 0,0005048 secs] [Times: user=0,00 sys=0,00, real=0,00 secs] 
83,117: [GC (Allocation Failure) [PSYoungGen: 98400K->96K(96256K)] 100332K->2028K(271360K), 0,0005053 secs] [Times: user=0,00 sys=0,00, real=0,00 secs] 
83,170: [GC (Allocation Failure) [PSYoungGen: 95840K->96K(93696K)] 97772K->2028K(268800K), 0,0004975 secs] [Times: user=0,00 sys=0,00, real=0,01 secs] 
83,223: [GC (Allocation Failure) [PSYoungGen: 93280K->64K(91136K)] 95212K->1996K(266240K), 0,0005073 secs] [Times: user=0,00 sys=0,00, real=0,00 secs] 
83,273: [GC (Allocation Failure) [PSYoungGen: 90688K->64K(88576K)] 92620K->1996K(263680K), 0,0005046 secs] [Times: user=0,01 sys=0,00, real=0,00 secs] 
83,324: [GC (Allocation Failure) [PSYoungGen: 88128K->96K(86528K)] 90060K->2028K(261632K), 0,0005472 secs] [Times: user=0,01 sys=0,00, real=0,00 secs] 
83,374: [GC (Allocation Failure) [PSYoungGen: 86112K->128K(84480K)] 88044K->2060K(259584K), 0,0006261 secs] [Times: user=0,01 sys=0,00, real=0,00 secs] 
83,421: [GC (Allocation Failure) [PSYoungGen: 84096K->96K(82432K)] 86028K->2028K(257536K), 0,0004948 secs] [Times: user=0,00 sys=0,00, real=0,00 secs] 
83,467: [GC (Allocation Failure) [PSYoungGen: 82016K->96K(80384K)] 83948K->2028K(255488K), 0,0005027 secs] [Times: user=0,00 sys=0,00, real=0,00 secs] 
83,511: [GC (Allocation Failure) [PSYoungGen: 79968K->96K(78336K)] 81900K->2028K(253440K), 0,0005046 secs] [Times: user=0,00 sys=0,00, real=0,00 secs] 
83,555: [GC (Allocation Failure) [PSYoungGen: 77920K->96K(76288K)] 79852K->2028K(251392K), 0,0004877 secs] [Times: user=0,00 sys=0,00, real=0,00 secs] 
83,597: [GC (Allocation Failure) [PSYoungGen: 75872K->96K(74752K)] 77804K->2028K(249856K), 0,0004801 secs] [Times: user=0,00 sys=0,00, real=0,00 secs] 
83,639: [GC (Allocation Failure) [PSYoungGen: 74336K->64K(89600K)] 76268K->1996K(264704K), 0,0004892 secs] [Times: user=0,00 sys=0,00, real=0,00 secs] 
83,689: [GC (Allocation Failure) [PSYoungGen: 89152K->96K(87040K)] 91084K->2028K(262144K), 0,0005099 secs] [Times: user=0,00 sys=0,00, real=0,00 secs] 
83,738: [GC (Allocation Failure) [PSYoungGen: 86624K->96K(84992K)] 88556K->2028K(260096K), 0,0005159 secs] [Times: user=0,00 sys=0,00, real=0,00 secs] 
83,785: [GC (Allocation Failure) [PSYoungGen: 84576K->96K(82944K)] 86508K->2028K(258048K), 0,0005063 secs] [Times: user=0,00 sys=0,00, real=0,00 secs] 
83,831: [GC (Allocation Failure) [PSYoungGen: 82528K->96K(80896K)] 84460K->2028K(256000K), 0,0004913 secs] [Times: user=0,00 sys=0,00, real=0,00 secs] 
83,876: [GC (Allocation Failure) [PSYoungGen: 80480K->64K(78848K)] 82412K->1996K(253952K), 0,0004828 secs] [Times: user=0,00 sys=0,00, real=0,00 secs] 
83,920: [GC (Allocation Failure) [PSYoungGen: 78400K->96K(76800K)] 80332K->2028K(251904K), 0,0004903 secs] [Times: user=0,00 sys=0,00, real=0,01 secs] 
83,968: [GC (Allocation Failure) [PSYoungGen: 76384K->96K(74752K)] 78316K->2028K(249856K), 0,0005662 secs] [Times: user=0,00 sys=0,00, real=0,00 secs] 
84,018: [GC (Allocation Failure) [PSYoungGen: 74336K->64K(73216K)] 76268K->1996K(248320K), 0,0005148 secs] [Times: user=0,00 sys=0,00, real=0,00 secs] 
84,066: [GC (Allocation Failure) [PSYoungGen: 72768K->64K(88064K)] 74700K->1996K(263168K), 0,0009717 secs] [Times: user=0,00 sys=0,00, real=0,00 secs] 
84,117: [GC (Allocation Failure) [PSYoungGen: 87616K->96K(105984K)] 89548K->2028K(281088K), 0,0005329 secs] [Times: user=0,00 sys=0,01, real=0,00 secs] 
84,177: [GC (Allocation Failure) [PSYoungGen: 105568K->64K(127488K)] 107500K->1996K(302592K), 0,0005194 secs] [Times: user=0,00 sys=0,00, real=0,00 secs] 
84,250: [GC (Allocation Failure) [PSYoungGen: 127040K->96K(123392K)] 128972K->2028K(298496K), 0,0004993 secs] [Times: user=0,00 sys=0,00, real=0,00 secs] 
84,320: [GC (Allocation Failure) [PSYoungGen: 122976K->96K(119808K)] 124908K->2028K(294912K), 0,0005026 secs] [Times: user=0,01 sys=0,00, real=0,01 secs] 
84,389: [GC (Allocation Failure) [PSYoungGen: 119392K->96K(116224K)] 121324K->2028K(291328K), 0,0005095 secs] [Times: user=0,00 sys=0,00, real=0,00 secs] 
84,453: [GC (Allocation Failure) [PSYoungGen: 115808K->64K(112640K)] 117740K->1996K(287744K), 0,0005739 secs] [Times: user=0,00 sys=0,00, real=0,00 secs] 
84,516: [GC (Allocation Failure) [PSYoungGen: 112191K->96K(109568K)] 114124K->2028K(284672K), 0,0005033 secs] [Times: user=0,00 sys=0,00, real=0,00 secs] 
84,577: [GC (Allocation Failure) [PSYoungGen: 109152K->64K(106496K)] 111084K->1996K(281600K), 0,0005074 secs] [Times: user=0,00 sys=0,00, real=0,00 secs] 
84,637: [GC (Allocation Failure) [PSYoungGen: 106048K->96K(103424K)] 107980K->2028K(278528K), 0,0005004 secs] [Times: user=0,00 sys=0,00, real=0,00 secs] 
84,695: [GC (Allocation Failure) [PSYoungGen: 103008K->96K(100352K)] 104940K->2028K(275456K), 0,0005229 secs] [Times: user=0,00 sys=0,00, real=0,00 secs] 
84,753: [GC (Allocation Failure) [PSYoungGen: 99936K->96K(97792K)] 101868K->2028K(272896K), 0,0004956 secs] [Times: user=0,00 sys=0,00, real=0,00 secs] 
84,809: [GC (Allocation Failure) [PSYoungGen: 97376K->64K(95232K)] 99308K->1996K(270336K), 0,0007353 secs] [Times: user=0,00 sys=0,00, real=0,00 secs] 
84,863: [GC (Allocation Failure) [PSYoungGen: 94784K->96K(92672K)] 96716K->2028K(267776K), 0,0005020 secs] [Times: user=0,00 sys=0,00, real=0,00 secs] 
84,922: [GC (Allocation Failure) [PSYoungGen: 92256K->96K(111104K)] 94188K->2028K(286208K), 0,0011256 secs] [Times: user=0,00 sys=0,00, real=0,00 secs] 
85,015: [GC (Allocation Failure) [PSYoungGen: 110688K->32K(133632K)] 112620K->1964K(308736K), 0,0014110 secs] [Times: user=0,00 sys=0,00, real=0,00 secs] 
85,107: [GC (Allocation Failure) [PSYoungGen: 133152K->64K(129536K)] 135084K->1996K(304640K), 0,0005193 secs] [Times: user=0,00 sys=0,00, real=0,00 secs] 
85,212: [GC (Allocation Failure) [PSYoungGen: 129088K->96K(125440K)] 131020K->2028K(300544K), 0,0005113 secs] [Times: user=0,00 sys=0,00, real=0,00 secs] 
85,286: [GC (Allocation Failure) [PSYoungGen: 125024K->96K(121344K)] 126956K->2028K(296448K), 0,0005153 secs] [Times: user=0,00 sys=0,00, real=0,00 secs] 
85,358: [GC (Allocation Failure) [PSYoungGen: 120927K->96K(117760K)] 122860K->2028K(292864K), 0,0006263 secs] [Times: user=0,00 sys=0,00, real=0,00 secs] 
85,425: [GC (Allocation Failure) [PSYoungGen: 117344K->64K(114176K)] 119276K->1996K(289280K), 0,0005096 secs] [Times: user=0,01 sys=0,00, real=0,00 secs] 
85,507: [GC (Allocation Failure) [PSYoungGen: 113728K->96K(110592K)] 115660K->2028K(285696K), 0,0005620 secs] [Times: user=0,00 sys=0,00, real=0,00 secs] 
85,579: [GC (Allocation Failure) [PSYoungGen: 110176K->96K(107520K)] 112108K->2028K(282624K), 0,0004936 secs] [Times: user=0,00 sys=0,00, real=0,00 secs] 
85,641: [GC (Allocation Failure) [PSYoungGen: 107104K->96K(104448K)] 109036K->2028K(279552K), 0,0005040 secs] [Times: user=0,00 sys=0,00, real=0,00 secs] 
85,700: [GC (Allocation Failure) [PSYoungGen: 104032K->96K(101376K)] 105964K->2028K(276480K), 0,0005121 secs] [Times: user=0,00 sys=0,00, real=0,00 secs] 
85,760: [GC (Allocation Failure) [PSYoungGen: 100960K->32K(98816K)] 102892K->1964K(273920K), 0,0006122 secs] [Times: user=0,00 sys=0,00, real=0,01 secs] 
85,817: [GC (Allocation Failure) [PSYoungGen: 98336K->96K(96256K)] 100268K->2028K(271360K), 0,0005091 secs] [Times: user=0,00 sys=0,00, real=0,00 secs] 
85,872: [GC (Allocation Failure) [PSYoungGen: 95840K->96K(93696K)] 97772K->2028K(268800K), 0,0007522 secs] [Times: user=0,00 sys=0,00, real=0,00 secs] 
85,926: [GC (Allocation Failure) [PSYoungGen: 93280K->96K(91136K)] 95212K->2028K(266240K), 0,0005116 secs] [Times: user=0,00 sys=0,00, real=0,00 secs] 
85,979: [GC (Allocation Failure) [PSYoungGen: 90720K->96K(88576K)] 92652K->2028K(263680K), 0,0006670 secs] [Times: user=0,00 sys=0,00, real=0,00 secs] 
86,031: [GC (Allocation Failure) [PSYoungGen: 88160K->96K(86528K)] 90092K->2028K(261632K), 0,0005200 secs] [Times: user=0,00 sys=0,00, real=0,00 secs] 
86,106: [GC (Allocation Failure) [PSYoungGen: 86112K->32K(103936K)] 88044K->1964K(279040K), 0,0016162 secs] [Times: user=0,00 sys=0,00, real=0,00 secs] 
86,197: [GC (Allocation Failure) [PSYoungGen: 103456K->96K(124928K)] 105388K->2028K(300032K), 0,0005322 secs] [Times: user=0,00 sys=0,00, real=0,00 secs] 
86,295: [GC (Allocation Failure) [PSYoungGen: 124512K->96K(121344K)] 126444K->2028K(296448K), 0,0005059 secs] [Times: user=0,00 sys=0,00, real=0,00 secs] 
86,375: [GC (Allocation Failure) [PSYoungGen: 120928K->96K(117760K)] 122860K->2028K(292864K), 0,0005047 secs] [Times: user=0,00 sys=0,00, real=0,00 secs] 
86,444: [GC (Allocation Failure) [PSYoungGen: 117344K->96K(114176K)] 119276K->2028K(289280K), 0,0005087 secs] [Times: user=0,00 sys=0,00, real=0,00 secs] 
86,509: [GC (Allocation Failure) [PSYoungGen: 113760K->96K(110592K)] 115692K->2028K(285696K), 0,0005328 secs] [Times: user=0,00 sys=0,00, real=0,00 secs] 
86,582: [GC (Allocation Failure) [PSYoungGen: 110176K->96K(107520K)] 112108K->2028K(282624K), 0,0005045 secs] [Times: user=0,00 sys=0,00, real=0,00 secs] 
86,645: [GC (Allocation Failure) [PSYoungGen: 107104K->96K(104448K)] 109036K->2028K(279552K), 0,0005736 secs] [Times: user=0,00 sys=0,00, real=0,00 secs] 
86,705: [GC (Allocation Failure) [PSYoungGen: 104032K->96K(101376K)] 105964K->2028K(276480K), 0,0005667 secs] [Times: user=0,00 sys=0,00, real=0,00 secs] 
86,765: [GC (Allocation Failure) [PSYoungGen: 100960K->96K(98816K)] 102892K->2028K(273920K), 0,0005329 secs] [Times: user=0,00 sys=0,00, real=0,00 secs] 
86,822: [GC (Allocation Failure) [PSYoungGen: 98400K->96K(96256K)] 100332K->2028K(271360K), 0,0005066 secs] [Times: user=0,00 sys=0,00, real=0,00 secs] 
86,913: [GC (Allocation Failure) [PSYoungGen: 95840K->96K(93696K)] 97772K->2028K(268800K), 0,0005501 secs] [Times: user=0,00 sys=0,00, real=0,00 secs] 
86,971: [GC (Allocation Failure) [PSYoungGen: 93280K->96K(91136K)] 95212K->2028K(266240K), 0,0005380 secs] [Times: user=0,00 sys=0,00, real=0,00 secs] 
87,024: [GC (Allocation Failure) [PSYoungGen: 90720K->96K(88576K)] 92652K->2028K(263680K), 0,0005022 secs] [Times: user=0,00 sys=0,00, real=0,00 secs] 
87,082: [GC (Allocation Failure) [PSYoungGen: 88160K->96K(86528K)] 90092K->2028K(261632K), 0,0005032 secs] [Times: user=0,01 sys=0,00, real=0,00 secs] 
87,131: [GC (Allocation Failure) [PSYoungGen: 86112K->64K(84480K)] 88044K->1996K(259584K), 0,0005035 secs] [Times: user=0,00 sys=0,00, real=0,00 secs] 
87,178: [GC (Allocation Failure) [PSYoungGen: 84032K->64K(82432K)] 85964K->1996K(257536K), 0,0005255 secs] [Times: user=0,00 sys=0,00, real=0,00 secs] 
87,225: [GC (Allocation Failure) [PSYoungGen: 81984K->96K(80384K)] 83916K->2028K(255488K), 0,0005006 secs] [Times: user=0,00 sys=0,00, real=0,00 secs] 
87,270: [GC (Allocation Failure) [PSYoungGen: 79968K->96K(78336K)] 81900K->2028K(253440K), 0,0005413 secs] [Times: user=0,00 sys=0,00, real=0,01 secs] 
87,315: [GC (Allocation Failure) [PSYoungGen: 77920K->64K(76288K)] 79852K->1996K(251392K), 0,0005035 secs] [Times: user=0,00 sys=0,00, real=0,00 secs] 
87,359: [GC (Allocation Failure) [PSYoungGen: 75840K->64K(74752K)] 77772K->1996K(249856K), 0,0004998 secs] [Times: user=0,00 sys=0,00, real=0,00 secs] 
87,401: [GC (Allocation Failure) [PSYoungGen: 74304K->96K(73216K)] 76236K->2028K(248320K), 0,0004975 secs] [Times: user=0,00 sys=0,00, real=0,00 secs] 
87,442: [GC (Allocation Failure) [PSYoungGen: 72800K->96K(88064K)] 74732K->2028K(263168K), 0,0004997 secs] [Times: user=0,00 sys=0,00, real=0,00 secs] 
87,492: [GC (Allocation Failure) [PSYoungGen: 87648K->96K(86016K)] 89580K->2028K(261120K), 0,0005080 secs] [Times: user=0,01 sys=0,00, real=0,00 secs] 
87,542: [GC (Allocation Failure) [PSYoungGen: 85600K->96K(83968K)] 87532K->2028K(259072K), 0,0005076 secs] [Times: user=0,01 sys=0,01, real=0,00 secs] 
87,600: [GC (Allocation Failure) [PSYoungGen: 83552K->64K(100864K)] 85484K->1996K(275968K), 0,0010086 secs] [Times: user=0,00 sys=0,00, real=0,01 secs] 
87,686: [GC (Allocation Failure) [PSYoungGen: 100416K->64K(98304K)] 102348K->1996K(273408K), 0,0005159 secs] [Times: user=0,00 sys=0,00, real=0,00 secs] 
87,779: [GC (Allocation Failure) [PSYoungGen: 97856K->32K(118272K)] 99788K->1964K(293376K), 0,0017657 secs] [Times: user=0,00 sys=0,00, real=0,01 secs] 
87,881: [GC (Allocation Failure) [PSYoungGen: 117792K->96K(141824K)] 119724K->2028K(316928K), 0,0005142 secs] [Times: user=0,00 sys=0,00, real=0,00 secs] 
87,966: [GC (Allocation Failure) [PSYoungGen: 141408K->64K(170496K)] 143340K->1996K(345600K), 0,0010466 secs] [Times: user=0,01 sys=0,00, real=0,00 secs] 
88,200: [GC (Allocation Failure) [PSYoungGen: 170048K->64K(164864K)] 171980K->1996K(339968K), 0,0007246 secs] [Times: user=0,00 sys=0,00, real=0,01 secs] 
88,298: [GC (Allocation Failure) [PSYoungGen: 164416K->96K(159232K)] 166348K->2028K(334336K), 0,0005266 secs] [Times: user=0,00 sys=0,00, real=0,00 secs] 
88,389: [GC (Allocation Failure) [PSYoungGen: 158816K->64K(154112K)] 160748K->1996K(329216K), 0,0005099 secs] [Times: user=0,00 sys=0,00, real=0,00 secs] 
88,477: [GC (Allocation Failure) [PSYoungGen: 153664K->96K(148992K)] 155596K->2028K(324096K), 0,0005092 secs] [Times: user=0,00 sys=0,00, real=0,00 secs] 
88,563: [GC (Allocation Failure) [PSYoungGen: 148576K->96K(143872K)] 150508K->2028K(318976K), 0,0005121 secs] [Times: user=0,00 sys=0,00, real=0,00 secs] 
88,643: [GC (Allocation Failure) [PSYoungGen: 143456K->96K(139264K)] 145388K->2028K(314368K), 0,0005060 secs] [Times: user=0,00 sys=0,00, real=0,00 secs] 
88,722: [GC (Allocation Failure) [PSYoungGen: 138847K->96K(134656K)] 140780K->2028K(309760K), 0,0005258 secs] [Times: user=0,00 sys=0,00, real=0,00 secs] 
88,798: [GC (Allocation Failure) [PSYoungGen: 134240K->64K(130560K)] 136172K->1996K(305664K), 0,0005038 secs] [Times: user=0,00 sys=0,00, real=0,00 secs] 
88,871: [GC (Allocation Failure) [PSYoungGen: 130112K->64K(126464K)] 132044K->1996K(301568K), 0,0007055 secs] [Times: user=0,00 sys=0,00, real=0,00 secs] 
88,942: [GC (Allocation Failure) [PSYoungGen: 126016K->96K(122368K)] 127948K->2028K(297472K), 0,0005079 secs] [Times: user=0,00 sys=0,00, real=0,00 secs] 
89,012: [GC (Allocation Failure) [PSYoungGen: 121952K->64K(118784K)] 123884K->1996K(293888K), 0,0005047 secs] [Times: user=0,00 sys=0,00, real=0,00 secs] 
89,080: [GC (Allocation Failure) [PSYoungGen: 118336K->96K(115200K)] 120268K->2028K(290304K), 0,0005433 secs] [Times: user=0,00 sys=0,00, real=0,00 secs] 
89,144: [GC (Allocation Failure) [PSYoungGen: 114784K->96K(111616K)] 116716K->2028K(286720K), 0,0005018 secs] [Times: user=0,00 sys=0,00, real=0,00 secs] 
89,206: [GC (Allocation Failure) [PSYoungGen: 111200K->96K(108544K)] 113132K->2028K(283648K), 0,0005379 secs] [Times: user=0,00 sys=0,00, real=0,00 secs] 
89,266: [GC (Allocation Failure) [PSYoungGen: 108128K->32K(105472K)] 110060K->1964K(280576K), 0,0008448 secs] [Times: user=0,01 sys=0,00, real=0,00 secs] 
89,325: [GC (Allocation Failure) [PSYoungGen: 104992K->64K(102400K)] 106924K->1996K(277504K), 0,0004959 secs] [Times: user=0,00 sys=0,00, real=0,00 secs] 
89,384: [GC (Allocation Failure) [PSYoungGen: 101952K->96K(99328K)] 103884K->2028K(274432K), 0,0005272 secs] [Times: user=0,00 sys=0,00, real=0,00 secs] 
89,439: [GC (Allocation Failure) [PSYoungGen: 98912K->96K(96768K)] 100844K->2028K(271872K), 0,0005051 secs] [Times: user=0,00 sys=0,00, real=0,00 secs] 
89,492: [GC (Allocation Failure) [PSYoungGen: 96352K->96K(94208K)] 98284K->2028K(269312K), 0,0005082 secs] [Times: user=0,00 sys=0,00, real=0,00 secs] 
89,546: [GC (Allocation Failure) [PSYoungGen: 93792K->96K(91648K)] 95724K->2028K(266752K), 0,0004945 secs] [Times: user=0,00 sys=0,00, real=0,00 secs] 
89,597: [GC (Allocation Failure) [PSYoungGen: 91232K->96K(89088K)] 93164K->2028K(264192K), 0,0005283 secs] [Times: user=0,00 sys=0,00, real=0,00 secs] 
89,647: [GC (Allocation Failure) [PSYoungGen: 88672K->96K(87040K)] 90604K->2028K(262144K), 0,0005131 secs] [Times: user=0,00 sys=0,00, real=0,00 secs] 
89,695: [GC (Allocation Failure) [PSYoungGen: 86624K->96K(84992K)] 88556K->2028K(260096K), 0,0004910 secs] [Times: user=0,00 sys=0,00, real=0,00 secs] 
89,743: [GC (Allocation Failure) [PSYoungGen: 84576K->96K(82944K)] 86508K->2028K(258048K), 0,0004960 secs] [Times: user=0,01 sys=0,00, real=0,00 secs] 
89,789: [GC (Allocation Failure) [PSYoungGen: 82528K->96K(80896K)] 84460K->2028K(256000K), 0,0004911 secs] [Times: user=0,00 sys=0,00, real=0,00 secs] 
89,834: [GC (Allocation Failure) [PSYoungGen: 80480K->96K(78848K)] 82412K->2028K(253952K), 0,0006001 secs] [Times: user=0,00 sys=0,00, real=0,00 secs] 
89,878: [GC (Allocation Failure) [PSYoungGen: 78432K->64K(94720K)] 80364K->1996K(269824K), 0,0005808 secs] [Times: user=0,00 sys=0,00, real=0,00 secs] 
89,931: [GC (Allocation Failure) [PSYoungGen: 94272K->96K(92160K)] 96204K->2028K(267264K), 0,0004976 secs] [Times: user=0,01 sys=0,00, real=0,00 secs] 
89,983: [GC (Allocation Failure) [PSYoungGen: 91744K->96K(89600K)] 93676K->2028K(264704K), 0,0004977 secs] [Times: user=0,00 sys=0,00, real=0,00 secs] 
90,033: [GC (Allocation Failure) [PSYoungGen: 89184K->96K(87040K)] 91116K->2028K(262144K), 0,0005601 secs] [Times: user=0,00 sys=0,00, real=0,00 secs] 
90,083: [GC (Allocation Failure) [PSYoungGen: 86624K->96K(84992K)] 88556K->2028K(260096K), 0,0004997 secs] [Times: user=0,00 sys=0,00, real=0,00 secs] 
90,130: [GC (Allocation Failure) [PSYoungGen: 84576K->96K(82944K)] 86508K->2028K(258048K), 0,0005118 secs] [Times: user=0,01 sys=0,00, real=0,01 secs] 
90,176: [GC (Allocation Failure) [PSYoungGen: 82528K->64K(99840K)] 84460K->1996K(274944K), 0,0009460 secs] [Times: user=0,00 sys=0,00, real=0,00 secs] 
90,233: [GC (Allocation Failure) [PSYoungGen: 99392K->64K(119808K)] 101324K->1996K(294912K), 0,0005063 secs] [Times: user=0,00 sys=0,00, real=0,00 secs] 
90,301: [GC (Allocation Failure) [PSYoungGen: 119360K->96K(116224K)] 121292K->2028K(291328K), 0,0005054 secs] [Times: user=0,00 sys=0,00, real=0,00 secs] 
90,369: [GC (Allocation Failure) [PSYoungGen: 115808K->96K(112640K)] 117740K->2028K(287744K), 0,0004940 secs] [Times: user=0,00 sys=0,00, real=0,00 secs] 
90,432: [GC (Allocation Failure) [PSYoungGen: 112224K->96K(109568K)] 114156K->2052K(284672K), 0,0005687 secs] [Times: user=0,00 sys=0,00, real=0,00 secs] 
90,493: [GC (Allocation Failure) [PSYoungGen: 109152K->64K(106496K)] 111108K->2020K(281600K), 0,0004932 secs] [Times: user=0,01 sys=0,00, real=0,00 secs] 
90,557: [GC (Allocation Failure) [PSYoungGen: 106048K->96K(103424K)] 108004K->2052K(278528K), 0,0008679 secs] [Times: user=0,00 sys=0,00, real=0,00 secs] 
90,618: [GC (Allocation Failure) [PSYoungGen: 103008K->32K(124416K)] 104964K->1988K(299520K), 0,0010023 secs] [Times: user=0,00 sys=0,00, real=0,00 secs] 
90,714: [GC (Allocation Failure) [PSYoungGen: 123936K->32K(149504K)] 125892K->1988K(324608K), 0,0011148 secs] [Times: user=0,01 sys=0,00, real=0,00 secs] 
90,835: [GC (Allocation Failure) [PSYoungGen: 149024K->64K(179712K)] 150980K->2020K(354816K), 0,0010405 secs] [Times: user=0,00 sys=0,00, real=0,00 secs] 
91,034: [GC (Allocation Failure) [PSYoungGen: 179264K->96K(173568K)] 181220K->2052K(348672K), 0,0008688 secs] [Times: user=0,00 sys=0,00, real=0,00 secs] 
91,278: [GC (Allocation Failure) [PSYoungGen: 173152K->32K(167424K)] 175108K->1988K(342528K), 0,0013964 secs] [Times: user=0,00 sys=0,00, real=0,00 secs] 
91,457: [GC (Allocation Failure) [PSYoungGen: 166944K->96K(161792K)] 168900K->2052K(336896K), 0,0005726 secs] [Times: user=0,00 sys=0,00, real=0,00 secs] 
91,558: [GC (Allocation Failure) [PSYoungGen: 161376K->96K(156160K)] 163332K->2052K(331264K), 0,0005104 secs] [Times: user=0,00 sys=0,00, real=0,00 secs] 
91,647: [GC (Allocation Failure) [PSYoungGen: 155744K->96K(151040K)] 157700K->2052K(326144K), 0,0005147 secs] [Times: user=0,00 sys=0,00, real=0,00 secs] 
91,732: [GC (Allocation Failure) [PSYoungGen: 150624K->96K(145920K)] 152580K->2052K(321024K), 0,0005034 secs] [Times: user=0,00 sys=0,00, real=0,00 secs] 
91,816: [GC (Allocation Failure) [PSYoungGen: 145504K->96K(141312K)] 147460K->2052K(316416K), 0,0006363 secs] [Times: user=0,00 sys=0,00, real=0,00 secs] 
91,930: [GC (Allocation Failure) [PSYoungGen: 140896K->96K(136704K)] 142852K->2052K(311808K), 0,0005034 secs] [Times: user=0,01 sys=0,00, real=0,00 secs] 
92,021: [GC (Allocation Failure) [PSYoungGen: 136288K->64K(132608K)] 138244K->2020K(307712K), 0,0005156 secs] [Times: user=0,00 sys=0,00, real=0,00 secs] 
92,177: [GC (Allocation Failure) [PSYoungGen: 132160K->96K(128512K)] 134116K->2052K(303616K), 0,0005552 secs] [Times: user=0,00 sys=0,00, real=0,00 secs] 
92,277: [GC (Allocation Failure) [PSYoungGen: 128096K->96K(124416K)] 130052K->2052K(299520K), 0,0005271 secs] [Times: user=0,00 sys=0,00, real=0,00 secs] 
92,357: [GC (Allocation Failure) [PSYoungGen: 124000K->64K(120832K)] 125956K->2020K(295936K), 0,0006695 secs] [Times: user=0,00 sys=0,00, real=0,00 secs] 
92,432: [GC (Allocation Failure) [PSYoungGen: 120384K->96K(117248K)] 122340K->2052K(292352K), 0,0005277 secs] [Times: user=0,00 sys=0,00, real=0,00 secs] 
92,723: [GC (Allocation Failure) [PSYoungGen: 116832K->96K(113664K)] 118788K->2052K(288768K), 0,0005296 secs] [Times: user=0,00 sys=0,00, real=0,00 secs] 
92,844: [GC (Allocation Failure) [PSYoungGen: 113248K->64K(110592K)] 115204K->2020K(285696K), 0,0009756 secs] [Times: user=0,00 sys=0,00, real=0,00 secs] 
92,932: [GC (Allocation Failure) [PSYoungGen: 110144K->96K(107520K)] 112100K->2052K(282624K), 0,0010733 secs] [Times: user=0,00 sys=0,00, real=0,00 secs] 
92,999: [GC (Allocation Failure) [PSYoungGen: 107104K->96K(104448K)] 109060K->2052K(279552K), 0,0005554 secs] [Times: user=0,00 sys=0,00, real=0,00 secs] 
93,059: [GC (Allocation Failure) [PSYoungGen: 104032K->64K(101376K)] 105988K->2020K(276480K), 0,0005477 secs] [Times: user=0,00 sys=0,00, real=0,00 secs] 
93,116: [GC (Allocation Failure) [PSYoungGen: 100928K->96K(98816K)] 102884K->2052K(273920K), 0,0005226 secs] [Times: user=0,00 sys=0,00, real=0,00 secs] 
93,176: [GC (Allocation Failure) [PSYoungGen: 98400K->96K(96256K)] 100356K->2052K(271360K), 0,0004988 secs] [Times: user=0,00 sys=0,00, real=0,00 secs] 
93,268: [GC (Allocation Failure) [PSYoungGen: 95840K->64K(93696K)] 97796K->2020K(268800K), 0,0006432 secs] [Times: user=0,00 sys=0,00, real=0,00 secs] 
93,361: [GC (Allocation Failure) [PSYoungGen: 93248K->64K(91136K)] 95204K->2020K(266240K), 0,0007526 secs] [Times: user=0,01 sys=0,00, real=0,00 secs] 
93,414: [GC (Allocation Failure) [PSYoungGen: 90688K->96K(88576K)] 92644K->2052K(263680K), 0,0005062 secs] [Times: user=0,00 sys=0,00, real=0,00 secs] 
93,468: [GC (Allocation Failure) [PSYoungGen: 88160K->96K(86528K)] 90116K->2052K(261632K), 0,0005126 secs] [Times: user=0,00 sys=0,00, real=0,00 secs] 
93,517: [GC (Allocation Failure) [PSYoungGen: 86112K->96K(84480K)] 88068K->2052K(259584K), 0,0005154 secs] [Times: user=0,00 sys=0,00, real=0,00 secs] 
93,572: [GC (Allocation Failure) [PSYoungGen: 84064K->96K(82432K)] 86020K->2052K(257536K), 0,0004846 secs] [Times: user=0,00 sys=0,00, real=0,00 secs] 
93,743: [GC (Allocation Failure) [PSYoungGen: 82016K->64K(80384K)] 83972K->2020K(255488K), 0,0016764 secs] [Times: user=0,01 sys=0,00, real=0,00 secs] 
93,865: [GC (Allocation Failure) [PSYoungGen: 79936K->96K(78336K)] 81892K->2052K(253440K), 0,0005404 secs] [Times: user=0,00 sys=0,00, real=0,00 secs] 
93,962: [GC (Allocation Failure) [PSYoungGen: 77920K->96K(76288K)] 79876K->2052K(251392K), 0,0005156 secs] [Times: user=0,00 sys=0,00, real=0,00 secs] 
94,008: [GC (Allocation Failure) [PSYoungGen: 75872K->96K(74752K)] 77828K->2052K(249856K), 0,0005099 secs] [Times: user=0,00 sys=0,00, real=0,00 secs] 
94,054: [GC (Allocation Failure) [PSYoungGen: 74336K->96K(73216K)] 76292K->2052K(248320K), 0,0005170 secs] [Times: user=0,00 sys=0,00, real=0,00 secs] 
94,097: [GC (Allocation Failure) [PSYoungGen: 72800K->96K(71680K)] 74756K->2052K(246784K), 0,0005252 secs] [Times: user=0,00 sys=0,00, real=0,00 secs] 
94,137: [GC (Allocation Failure) [PSYoungGen: 71264K->96K(70144K)] 73220K->2052K(245248K), 0,0004809 secs] [Times: user=0,00 sys=0,00, real=0,00 secs] 
94,177: [GC (Allocation Failure) [PSYoungGen: 69728K->96K(68608K)] 71684K->2052K(243712K), 0,0004933 secs] [Times: user=0,00 sys=0,00, real=0,00 secs] 
94,216: [GC (Allocation Failure) [PSYoungGen: 68191K->96K(82432K)] 70148K->2052K(257536K), 0,0004958 secs] [Times: user=0,00 sys=0,00, real=0,00 secs] 
94,279: [GC (Allocation Failure) [PSYoungGen: 82016K->96K(80384K)] 83972K->2052K(255488K), 0,0005029 secs] [Times: user=0,00 sys=0,00, real=0,00 secs] 
94,328: [GC (Allocation Failure) [PSYoungGen: 79968K->96K(78336K)] 81924K->2052K(253440K), 0,0004901 secs] [Times: user=0,00 sys=0,00, real=0,00 secs] 
94,391: [GC (Allocation Failure) [PSYoungGen: 77920K->96K(76288K)] 79876K->2052K(251392K), 0,0005202 secs] [Times: user=0,00 sys=0,00, real=0,00 secs] 
94,436: [GC (Allocation Failure) [PSYoungGen: 75872K->64K(74752K)] 77828K->2020K(249856K), 0,0005567 secs] [Times: user=0,00 sys=0,00, real=0,00 secs] 
94,479: [GC (Allocation Failure) [PSYoungGen: 74304K->64K(73216K)] 76260K->2020K(248320K), 0,0005038 secs] [Times: user=0,00 sys=0,00, real=0,00 secs] 
94,556: [GC (Allocation Failure) [PSYoungGen: 72768K->32K(88064K)] 74724K->1988K(263168K), 0,0115435 secs] [Times: user=0,00 sys=0,00, real=0,01 secs] 
94,731: [GC (Allocation Failure) [PSYoungGen: 87584K->64K(105984K)] 89540K->2020K(281088K), 0,0008603 secs] [Times: user=0,00 sys=0,00, real=0,00 secs] 
94,856: [GC (Allocation Failure) [PSYoungGen: 105536K->32K(127488K)] 107492K->1988K(302592K), 0,0007278 secs] [Times: user=0,00 sys=0,00, real=0,00 secs] 
94,932: [GC (Allocation Failure) [PSYoungGen: 127008K->96K(153088K)] 128964K->2052K(328192K), 0,0005068 secs] [Times: user=0,00 sys=0,00, real=0,00 secs] 
95,023: [GC (Allocation Failure) [PSYoungGen: 152672K->96K(183808K)] 154628K->2052K(358912K), 0,0005414 secs] [Times: user=0,00 sys=0,00, real=0,00 secs] 
95,132: [GC (Allocation Failure) [PSYoungGen: 183392K->96K(220672K)] 185348K->2052K(395776K), 0,0005274 secs] [Times: user=0,00 sys=0,00, real=0,00 secs] 
95,265: [GC (Allocation Failure) [PSYoungGen: 220256K->96K(264704K)] 222212K->2052K(439808K), 0,0005188 secs] [Times: user=0,01 sys=0,00, real=0,00 secs] 
95,430: [GC (Allocation Failure) [PSYoungGen: 264288K->96K(254464K)] 266244K->2052K(429568K), 0,0005807 secs] [Times: user=0,01 sys=0,00, real=0,01 secs] 
95,601: [GC (Allocation Failure) [PSYoungGen: 254048K->96K(244736K)] 256004K->2052K(419840K), 0,0005574 secs] [Times: user=0,00 sys=0,00, real=0,00 secs] 
95,746: [GC (Allocation Failure) [PSYoungGen: 244320K->64K(235520K)] 246276K->2020K(410624K), 0,0005058 secs] [Times: user=0,00 sys=0,00, real=0,00 secs] 
96,037: [GC (Allocation Failure) [PSYoungGen: 235072K->96K(226816K)] 237028K->2052K(401920K), 0,0007010 secs] [Times: user=0,00 sys=0,00, real=0,00 secs] 
96,197: [GC (Allocation Failure) [PSYoungGen: 226400K->96K(218112K)] 228356K->2052K(393216K), 0,0005553 secs] [Times: user=0,00 sys=0,00, real=0,00 secs] 
96,335: [GC (Allocation Failure) [PSYoungGen: 217696K->96K(209920K)] 219652K->2052K(385024K), 0,0005170 secs] [Times: user=0,00 sys=0,00, real=0,00 secs] 
96,463: [GC (Allocation Failure) [PSYoungGen: 209504K->64K(202240K)] 211460K->2020K(377344K), 0,0009825 secs] [Times: user=0,00 sys=0,00, real=0,00 secs] 
96,582: [GC (Allocation Failure) [PSYoungGen: 201792K->64K(195072K)] 203748K->2020K(370176K), 0,0008460 secs] [Times: user=0,00 sys=0,00, real=0,00 secs] 
96,708: [GC (Allocation Failure) [PSYoungGen: 194624K->96K(187904K)] 196580K->2052K(363008K), 0,0008275 secs] [Times: user=0,00 sys=0,00, real=0,00 secs] 
96,833: [GC (Allocation Failure) [PSYoungGen: 187488K->64K(181248K)] 189444K->2020K(356352K), 0,0009889 secs] [Times: user=0,00 sys=0,00, real=0,00 secs] 
96,946: [GC (Allocation Failure) [PSYoungGen: 180800K->96K(175104K)] 182756K->2052K(350208K), 0,0005322 secs] [Times: user=0,00 sys=0,00, real=0,00 secs] 
97,051: [GC (Allocation Failure) [PSYoungGen: 174688K->96K(168960K)] 176644K->2052K(344064K), 0,0005412 secs] [Times: user=0,00 sys=0,00, real=0,00 secs] 
97,149: [GC (Allocation Failure) [PSYoungGen: 168544K->64K(163328K)] 170500K->2020K(338432K), 0,0005098 secs] [Times: user=0,00 sys=0,00, real=0,00 secs] 
97,241: [GC (Allocation Failure) [PSYoungGen: 162880K->64K(157696K)] 164836K->2020K(332800K), 0,0010318 secs] [Times: user=0,00 sys=0,00, real=0,00 secs] 
97,335: [GC (Allocation Failure) [PSYoungGen: 157248K->64K(152576K)] 159204K->2020K(327680K), 0,0005420 secs] [Times: user=0,00 sys=0,00, real=0,00 secs] 
97,426: [GC (Allocation Failure) [PSYoungGen: 152128K->64K(147456K)] 154084K->2020K(322560K), 0,0008562 secs] [Times: user=0,00 sys=0,00, real=0,00 secs] 
97,510: [GC (Allocation Failure) [PSYoungGen: 147008K->96K(142848K)] 148964K->2052K(317952K), 0,0005629 secs] [Times: user=0,00 sys=0,00, real=0,01 secs] 
97,595: [GC (Allocation Failure) [PSYoungGen: 142432K->96K(138240K)] 144388K->2052K(313344K), 0,0005122 secs] [Times: user=0,00 sys=0,00, real=0,00 secs] 
97,676: [GC (Allocation Failure) [PSYoungGen: 137824K->64K(133632K)] 139780K->2020K(308736K), 0,0010520 secs] [Times: user=0,00 sys=0,00, real=0,00 secs] 
97,758: [GC (Allocation Failure) [PSYoungGen: 133184K->64K(129536K)] 135140K->2020K(304640K), 0,0009673 secs] [Times: user=0,00 sys=0,00, real=0,00 secs] 
97,834: [GC (Allocation Failure) [PSYoungGen: 129088K->96K(125440K)] 131044K->2052K(300544K), 0,0004982 secs] [Times: user=0,00 sys=0,00, real=0,00 secs] 
97,908: [GC (Allocation Failure) [PSYoungGen: 125024K->96K(121344K)] 126980K->2052K(296448K), 0,0005583 secs] [Times: user=0,00 sys=0,00, real=0,00 secs] 
97,983: [GC (Allocation Failure) [PSYoungGen: 120928K->32K(145920K)] 122884K->1988K(321024K), 0,0016747 secs] [Times: user=0,00 sys=0,00, real=0,00 secs] 
98,070: [GC (Allocation Failure) [PSYoungGen: 145440K->96K(141312K)] 147396K->2052K(316416K), 0,0005345 secs] [Times: user=0,00 sys=0,00, real=0,01 secs] 
98,152: [GC (Allocation Failure) [PSYoungGen: 140896K->32K(136704K)] 142852K->1988K(311808K), 0,0005342 secs] [Times: user=0,00 sys=0,00, real=0,00 secs] 
98,233: [GC (Allocation Failure) [PSYoungGen: 136224K->96K(132608K)] 138180K->2052K(307712K), 0,0005159 secs] [Times: user=0,00 sys=0,00, real=0,00 secs] 
98,310: [GC (Allocation Failure) [PSYoungGen: 132192K->64K(128512K)] 134148K->2020K(303616K), 0,0010784 secs] [Times: user=0,00 sys=0,00, real=0,01 secs] 
98,384: [GC (Allocation Failure) [PSYoungGen: 128064K->64K(124416K)] 130020K->2020K(299520K), 0,0005058 secs] [Times: user=0,00 sys=0,00, real=0,00 secs] 
98,454: [GC (Allocation Failure) [PSYoungGen: 123968K->64K(120832K)] 125924K->2020K(295936K), 0,0005562 secs] [Times: user=0,00 sys=0,00, real=0,00 secs] 
98,523: [GC (Allocation Failure) [PSYoungGen: 120384K->64K(117248K)] 122340K->2020K(292352K), 0,0005216 secs] [Times: user=0,00 sys=0,00, real=0,00 secs] 
98,591: [GC (Allocation Failure) [PSYoungGen: 116800K->64K(113664K)] 118756K->2020K(288768K), 0,0005036 secs] [Times: user=0,00 sys=0,00, real=0,00 secs] 
98,655: [GC (Allocation Failure) [PSYoungGen: 113216K->96K(110592K)] 115172K->2052K(285696K), 0,0004939 secs] [Times: user=0,00 sys=0,00, real=0,00 secs] 
98,718: [GC (Allocation Failure) [PSYoungGen: 110176K->96K(107520K)] 112132K->2052K(282624K), 0,0005061 secs] [Times: user=0,00 sys=0,00, real=0,00 secs] 
98,783: [GC (Allocation Failure) [PSYoungGen: 107104K->96K(104448K)] 109060K->2052K(279552K), 0,0005115 secs] [Times: user=0,00 sys=0,00, real=0,00 secs] 
98,844: [GC (Allocation Failure) [PSYoungGen: 104032K->96K(101376K)] 105988K->2052K(276480K), 0,0004871 secs] [Times: user=0,00 sys=0,00, real=0,00 secs] 
98,903: [GC (Allocation Failure) [PSYoungGen: 100960K->96K(98816K)] 102916K->2052K(273920K), 0,0005126 secs] [Times: user=0,00 sys=0,00, real=0,00 secs] 
98,958: [GC (Allocation Failure) [PSYoungGen: 98400K->96K(96256K)] 100356K->2052K(271360K), 0,0004926 secs] [Times: user=0,00 sys=0,00, real=0,00 secs] 
99,013: [GC (Allocation Failure) [PSYoungGen: 95840K->64K(93696K)] 97796K->2020K(268800K), 0,0005018 secs] [Times: user=0,00 sys=0,00, real=0,00 secs] 
99,067: [GC (Allocation Failure) [PSYoungGen: 93248K->96K(91136K)] 95204K->2052K(266240K), 0,0004959 secs] [Times: user=0,00 sys=0,00, real=0,00 secs] 
99,119: [GC (Allocation Failure) [PSYoungGen: 90720K->96K(88576K)] 92676K->2052K(263680K), 0,0005493 secs] [Times: user=0,00 sys=0,00, real=0,00 secs] 
99,169: [GC (Allocation Failure) [PSYoungGen: 88160K->64K(86528K)] 90116K->2020K(261632K), 0,0007649 secs] [Times: user=0,00 sys=0,00, real=0,00 secs] 
99,218: [GC (Allocation Failure) [PSYoungGen: 86080K->96K(84480K)] 88036K->2052K(259584K), 0,0005401 secs] [Times: user=0,00 sys=0,00, real=0,00 secs] 
99,266: [GC (Allocation Failure) [PSYoungGen: 84064K->64K(82432K)] 86020K->2020K(257536K), 0,0005003 secs] [Times: user=0,01 sys=0,00, real=0,00 secs] 
99,313: [GC (Allocation Failure) [PSYoungGen: 81984K->96K(98816K)] 83940K->2052K(273920K), 0,0010109 secs] [Times: user=0,00 sys=0,00, real=0,00 secs] 
99,370: [GC (Allocation Failure) [PSYoungGen: 98399K->96K(118784K)] 100356K->2052K(293888K), 0,0005341 secs] [Times: user=0,00 sys=0,00, real=0,01 secs] 
99,437: [GC (Allocation Failure) [PSYoungGen: 118368K->96K(142848K)] 120324K->2052K(317952K), 0,0005069 secs] [Times: user=0,00 sys=0,00, real=0,00 secs] 
99,517: [GC (Allocation Failure) [PSYoungGen: 142431K->64K(138240K)] 144388K->2020K(313344K), 0,0005010 secs] [Times: user=0,00 sys=0,00, real=0,00 secs] 
99,597: [GC (Allocation Failure) [PSYoungGen: 137792K->96K(133632K)] 139748K->2052K(308736K), 0,0005032 secs] [Times: user=0,00 sys=0,00, real=0,00 secs] 
99,675: [GC (Allocation Failure) [PSYoungGen: 133216K->64K(129536K)] 135172K->2020K(304640K), 0,0005151 secs] [Times: user=0,00 sys=0,00, real=0,00 secs] 
99,749: [GC (Allocation Failure) [PSYoungGen: 129088K->64K(125440K)] 131044K->2020K(300544K), 0,0005498 secs] [Times: user=0,00 sys=0,00, real=0,00 secs] 
99,827: [GC (Allocation Failure) [PSYoungGen: 124992K->64K(121344K)] 126948K->2020K(296448K), 0,0005373 secs] [Times: user=0,01 sys=0,00, real=0,00 secs] 
99,915: [GC (Allocation Failure) [PSYoungGen: 120896K->32K(117760K)] 122852K->1988K(292864K), 0,0014142 secs] [Times: user=0,00 sys=0,00, real=0,00 secs] 
99,985: [GC (Allocation Failure) [PSYoungGen: 117280K->96K(114176K)] 119236K->2052K(289280K), 0,0005055 secs] [Times: user=0,00 sys=0,00, real=0,00 secs] 
100,050: [GC (Allocation Failure) [PSYoungGen: 113760K->64K(110592K)] 115716K->2020K(285696K), 0,0004988 secs] [Times: user=0,01 sys=0,01, real=0,01 secs] 
100,114: [GC (Allocation Failure) [PSYoungGen: 110144K->64K(107520K)] 112100K->2020K(282624K), 0,0009765 secs] [Times: user=0,00 sys=0,00, real=0,00 secs] 
100,179: [GC (Allocation Failure) [PSYoungGen: 107072K->64K(129024K)] 109028K->2020K(304128K), 0,0044359 secs] [Times: user=0,00 sys=0,00, real=0,01 secs] 
100,298: [GC (Allocation Failure) [PSYoungGen: 128575K->96K(155136K)] 130532K->2052K(330240K), 0,0005023 secs] [Times: user=0,00 sys=0,00, real=0,00 secs] 
Heap
 PSYoungGen      total 155136K, used 96722K [0x000000076ab00000, 0x0000000788c80000, 0x00000007c0000000)
  eden space 154624K, 62% used [0x000000076ab00000,0x000000077095c928,0x0000000774200000)
  from space 512K, 18% used [0x0000000788c00000,0x0000000788c18000,0x0000000788c80000)
  to   space 512K, 0% used [0x0000000788b80000,0x0000000788b80000,0x0000000788c00000)
 ParOldGen       total 175104K, used 1956K [0x00000006c0000000, 0x00000006cab00000, 0x000000076ab00000)
  object space 175104K, 1% used [0x00000006c0000000,0x00000006c01e90b0,0x00000006cab00000)
 Metaspace       used 9693K, capacity 10022K, committed 10112K, reserved 1058816K
  class space    used 1039K, capacity 1149K, committed 1152K, reserved 1048576K
