OpenJDK 64-Bit Server VM (25.202-b05) for bsd-amd64 JRE (Zulu 8.36.0.1-CA-macosx) (1.8.0_202-b05), built on Jan 29 2019 06:07:09 by "zulu_re" with gcc 4.2.1 (Based on Apple Inc. build 5658) (LLVM build 2336.11.00)
Memory: 4k page, physical 16777216k(2461916k free)

/proc/meminfo:

CommandLine flags: -XX:InitialHeapSize=268435456 -XX:MaxHeapSize=4294967296 -XX:+PrintGC -XX:+PrintGCDetails -XX:+PrintGCTimeStamps -XX:+UseCompressedClassPointers -XX:+UseCompressedOops -XX:+UseParallelGC 
Heap
 PSYoungGen      total 76288K, used 35778K [0x000000076ab00000, 0x0000000770000000, 0x00000007c0000000)
  eden space 65536K, 54% used [0x000000076ab00000,0x000000076cdf0b00,0x000000076eb00000)
  from space 10752K, 0% used [0x000000076f580000,0x000000076f580000,0x0000000770000000)
  to   space 10752K, 0% used [0x000000076eb00000,0x000000076eb00000,0x000000076f580000)
 ParOldGen       total 175104K, used 0K [0x00000006c0000000, 0x00000006cab00000, 0x000000076ab00000)
  object space 175104K, 0% used [0x00000006c0000000,0x00000006c0000000,0x00000006cab00000)
 Metaspace       used 7648K, capacity 8005K, committed 8192K, reserved 1056768K
  class space    used 852K, capacity 948K, committed 1024K, reserved 1048576K
21: [GC (Allocation Failure) [PSYoungGen: 132640K->1600K(141824K)] 132656K->1624K(316928K), 0,0017537 secs] [Times: user=0,00 sys=0,00, real=0,00 secs] 
0,763: [GC (Allocation Failure) [PSYoungGen: 132672K->1568K(266240K)] 132696K->1600K(441344K), 0,0017536 secs] [Times: user=0,00 sys=0,00, real=0,00 secs] 
0,898: [GC (Allocation Failure) [PSYoungGen: 263712K->128K(266240K)] 263744K->1680K(441344K), 0,0021907 secs] [Times: user=0,01 sys=0,00, real=0,00 secs] 
0,975: [GC (Allocation Failure) [PSYoungGen: 262272K->64K(528384K)] 263824K->1616K(703488K), 0,0009463 secs] [Times: user=0,00 sys=0,00, real=0,01 secs] 
1,257: [GC (Allocation Failure) [PSYoungGen: 524352K->96K(528384K)] 525904K->1656K(703488K), 0,0008288 secs] [Times: user=0,00 sys=0,00, real=0,00 secs] 
1,427: [GC (Allocation Failure) [PSYoungGen: 524384K->96K(843264K)] 525944K->1656K(1018368K), 0,0006947 secs] [Times: user=0,00 sys=0,00, real=0,00 secs] 
1,932: [GC (Allocation Failure) [PSYoungGen: 839264K->64K(843264K)] 840824K->1624K(1018368K), 0,0011360 secs] [Times: user=0,00 sys=0,00, real=0,00 secs] 
2,174: [GC (Allocation Failure) [PSYoungGen: 839232K->64K(1347072K)] 840792K->1632K(1522176K), 0,0013595 secs] [Times: user=0,00 sys=0,00, real=0,01 secs] 
2,901: [GC (Allocation Failure) [PSYoungGen: 1343040K->64K(1279488K)] 1344608K->1632K(1454592K), 0,0007386 secs] [Times: user=0,00 sys=0,00, real=0,00 secs] 
3,276: [GC (Allocation Failure) [PSYoungGen: 1279040K->96K(1219072K)] 1280608K->1672K(1394176K), 0,0006849 secs] [Times: user=0,00 sys=0,00, real=0,00 secs] 
3,630: [GC (Allocation Failure) [PSYoungGen: 1218656K->96K(1164800K)] 1220232K->1688K(1339904K), 0,0005483 secs] [Times: user=0,00 sys=0,00, real=0,00 secs] 
3,954: [GC (Allocation Failure) [PSYoungGen: 1161312K->96K(1106944K)] 1162904K->1696K(1282048K), 0,0006150 secs] [Times: user=0,01 sys=0,00, real=0,00 secs] 
4,255: [GC (Allocation Failure) [PSYoungGen: 1106528K->96K(1057792K)] 1108128K->1696K(1232896K), 0,0006160 secs] [Times: user=0,00 sys=0,00, real=0,00 secs] 
4,567: [GC (Allocation Failure) [PSYoungGen: 1054304K->64K(1005568K)] 1055904K->1664K(1180672K), 0,0014540 secs] [Times: user=0,00 sys=0,00, real=0,00 secs] 
4,944: [GC (Allocation Failure) [PSYoungGen: 1005120K->32K(961024K)] 1006720K->1632K(1136128K), 0,0012481 secs] [Times: user=0,00 sys=0,00, real=0,00 secs] 
5,272: [GC (Allocation Failure) [PSYoungGen: 957984K->96K(913920K)] 959584K->1696K(1089024K), 0,0006893 secs] [Times: user=0,00 sys=0,00, real=0,00 secs] 
5,608: [GC (Allocation Failure) [PSYoungGen: 913504K->64K(873984K)] 915104K->1664K(1049088K), 0,0004746 secs] [Times: user=0,00 sys=0,00, real=0,00 secs] 
5,924: [GC (Allocation Failure) [PSYoungGen: 870976K->96K(830976K)] 872576K->1696K(1006080K), 0,0006833 secs] [Times: user=0,00 sys=0,00, real=0,00 secs] 
6,174: [GC (Allocation Failure) [PSYoungGen: 830560K->96K(794624K)] 832160K->1704K(969728K), 0,0005950 secs] [Times: user=0,00 sys=0,00, real=0,00 secs] 
6,419: [GC (Allocation Failure) [PSYoungGen: 792160K->64K(756224K)] 793768K->1672K(931328K), 0,0006534 secs] [Times: user=0,00 sys=0,00, real=0,00 secs] 
6,660: [GC (Allocation Failure) [PSYoungGen: 755776K->64K(723456K)] 757384K->1672K(898560K), 0,0006029 secs] [Times: user=0,00 sys=0,00, real=0,00 secs] 
6,908: [GC (Allocation Failure) [PSYoungGen: 721472K->96K(689152K)] 723080K->1704K(864256K), 0,0006690 secs] [Times: user=0,00 sys=0,00, real=0,00 secs] 
7,102: [GC (Allocation Failure) [PSYoungGen: 688736K->96K(659456K)] 690344K->1704K(834560K), 0,0005787 secs] [Times: user=0,00 sys=0,00, real=0,00 secs] 
7,287: [GC (Allocation Failure) [PSYoungGen: 657504K->96K(628224K)] 659112K->1704K(803328K), 0,0006416 secs] [Times: user=0,00 sys=0,00, real=0,00 secs] 
7,466: [GC (Allocation Failure) [PSYoungGen: 627808K->96K(601600K)] 629416K->1704K(776704K), 0,0007117 secs] [Times: user=0,00 sys=0,00, real=0,00 secs] 
7,633: [GC (Allocation Failure) [PSYoungGen: 599648K->96K(573440K)] 601256K->1704K(748544K), 0,0006198 secs] [Times: user=0,00 sys=0,00, real=0,00 secs] 
7,791: [GC (Allocation Failure) [PSYoungGen: 573024K->96K(548864K)] 574632K->1704K(723968K), 0,0005687 secs] [Times: user=0,00 sys=0,00, real=0,00 secs] 
7,947: [GC (Allocation Failure) [PSYoungGen: 547424K->96K(523776K)] 549032K->1704K(698880K), 0,0006920 secs] [Times: user=0,00 sys=0,01, real=0,00 secs] 
8,105: [GC (Allocation Failure) [PSYoungGen: 523360K->96K(501760K)] 524968K->1704K(676864K), 0,0005486 secs] [Times: user=0,00 sys=0,00, real=0,00 secs] 
8,249: [GC (Allocation Failure) [PSYoungGen: 500320K->96K(478720K)] 501928K->1704K(653824K), 0,0006020 secs] [Times: user=0,00 sys=0,00, real=0,00 secs] 
8,388: [GC (Allocation Failure) [PSYoungGen: 478304K->96K(458752K)] 479912K->1704K(633856K), 0,0005617 secs] [Times: user=0,00 sys=0,00, real=0,00 secs] 
8,514: [GC (Allocation Failure) [PSYoungGen: 457312K->96K(437760K)] 458920K->1704K(612864K), 0,0005869 secs] [Times: user=0,00 sys=0,00, real=0,00 secs] 
8,634: [GC (Allocation Failure) [PSYoungGen: 437344K->96K(419328K)] 438952K->1704K(594432K), 0,0005481 secs] [Times: user=0,01 sys=0,00, real=0,00 secs] 
8,770: [GC (Allocation Failure) [PSYoungGen: 418400K->32K(400896K)] 420008K->1640K(576000K), 0,0037683 secs] [Times: user=0,01 sys=0,00, real=0,00 secs] 
8,895: [GC (Allocation Failure) [PSYoungGen: 400416K->96K(384512K)] 402024K->1704K(559616K), 0,0005650 secs] [Times: user=0,00 sys=0,00, real=0,00 secs] 
9,005: [GC (Allocation Failure) [PSYoungGen: 383584K->96K(368128K)] 385192K->1704K(543232K), 0,0005912 secs] [Times: user=0,00 sys=0,00, real=0,00 secs] 
9,121: [GC (Allocation Failure) [PSYoungGen: 367712K->64K(353280K)] 369320K->1672K(528384K), 0,0006896 secs] [Times: user=0,00 sys=0,00, real=0,00 secs] 
9,224: [GC (Allocation Failure) [PSYoungGen: 352320K->96K(337920K)] 353928K->1704K(513024K), 0,0006300 secs] [Times: user=0,01 sys=0,00, real=0,00 secs] 
9,326: [GC (Allocation Failure) [PSYoungGen: 337504K->64K(324608K)] 339112K->1672K(499712K), 0,0009219 secs] [Times: user=0,00 sys=0,00, real=0,00 secs] 
9,423: [GC (Allocation Failure) [PSYoungGen: 323648K->96K(310784K)] 325256K->1704K(485888K), 0,0005925 secs] [Times: user=0,00 sys=0,00, real=0,00 secs] 
9,520: [GC (Allocation Failure) [PSYoungGen: 310368K->96K(298496K)] 311976K->1704K(473600K), 0,0005511 secs] [Times: user=0,00 sys=0,00, real=0,00 secs] 
9,611: [GC (Allocation Failure) [PSYoungGen: 297568K->96K(286208K)] 299176K->1704K(461312K), 0,0005466 secs] [Times: user=0,00 sys=0,00, real=0,00 secs] 
9,697: [GC (Allocation Failure) [PSYoungGen: 285792K->64K(274944K)] 287400K->1672K(450048K), 0,0006538 secs] [Times: user=0,00 sys=0,00, real=0,00 secs] 
9,783: [GC (Allocation Failure) [PSYoungGen: 274496K->96K(264192K)] 276104K->1704K(439296K), 0,0007961 secs] [Times: user=0,00 sys=0,00, real=0,00 secs] 
9,858: [GC (Allocation Failure) [PSYoungGen: 263776K->96K(253952K)] 265384K->1704K(429056K), 0,0005639 secs] [Times: user=0,01 sys=0,01, real=0,00 secs] 
9,926: [GC (Allocation Failure) [PSYoungGen: 253536K->96K(244224K)] 255144K->1704K(419328K), 0,0006600 secs] [Times: user=0,00 sys=0,00, real=0,00 secs] 
9,992: [GC (Allocation Failure) [PSYoungGen: 243808K->64K(235008K)] 245416K->1672K(410112K), 0,0011314 secs] [Times: user=0,00 sys=0,00, real=0,00 secs] 
10,055: [GC (Allocation Failure) [PSYoungGen: 234560K->96K(226304K)] 236168K->1704K(401408K), 0,0005648 secs] [Times: user=0,00 sys=0,00, real=0,01 secs] 
10,116: [GC (Allocation Failure) [PSYoungGen: 225888K->96K(217600K)] 227496K->1704K(392704K), 0,0005541 secs] [Times: user=0,00 sys=0,00, real=0,00 secs] 
10,176: [GC (Allocation Failure) [PSYoungGen: 217184K->96K(209408K)] 218792K->1704K(384512K), 0,0005576 secs] [Times: user=0,00 sys=0,00, real=0,00 secs] 
10,234: [GC (Allocation Failure) [PSYoungGen: 208992K->96K(201728K)] 210600K->1704K(376832K), 0,0005876 secs] [Times: user=0,00 sys=0,00, real=0,00 secs] 
10,296: [GC (Allocation Failure) [PSYoungGen: 201312K->160K(194560K)] 202920K->1768K(369664K), 0,0005172 secs] [Times: user=0,00 sys=0,00, real=0,00 secs] 
10,354: [GC (Allocation Failure) [PSYoungGen: 194208K->64K(187392K)] 195816K->1736K(362496K), 0,0005123 secs] [Times: user=0,00 sys=0,00, real=0,00 secs] 
10,412: [GC (Allocation Failure) [PSYoungGen: 186944K->96K(180736K)] 188616K->1768K(355840K), 0,0005400 secs] [Times: user=0,00 sys=0,00, real=0,00 secs] 
10,464: [GC (Allocation Failure) [PSYoungGen: 180320K->96K(217088K)] 181992K->1768K(392192K), 0,0014491 secs] [Times: user=0,00 sys=0,00, real=0,01 secs] 
10,528: [GC (Allocation Failure) [PSYoungGen: 216672K->96K(260608K)] 218344K->1768K(435712K), 0,0005466 secs] [Times: user=0,00 sys=0,00, real=0,00 secs] 
10,603: [GC (Allocation Failure) [PSYoungGen: 260192K->96K(312832K)] 261864K->1768K(487936K), 0,0006598 secs] [Times: user=0,00 sys=0,00, real=0,00 secs] 
10,693: [GC (Allocation Failure) [PSYoungGen: 312416K->32K(300032K)] 314088K->1704K(475136K), 0,0006695 secs] [Times: user=0,00 sys=0,00, real=0,00 secs] 
10,777: [GC (Allocation Failure) [PSYoungGen: 299552K->96K(288256K)] 301224K->1768K(463360K), 0,0006320 secs] [Times: user=0,00 sys=0,01, real=0,00 secs] 
10,856: [GC (Allocation Failure) [PSYoungGen: 287840K->96K(276992K)] 289512K->1768K(452096K), 0,0007213 secs] [Times: user=0,00 sys=0,00, real=0,00 secs] 
10,952: [GC (Allocation Failure) [PSYoungGen: 276576K->32K(266240K)] 278248K->1704K(441344K), 0,0014219 secs] [Times: user=0,01 sys=0,00, real=0,00 secs] 
11,051: [GC (Allocation Failure) [PSYoungGen: 265760K->96K(319488K)] 267432K->1768K(494592K), 0,0021499 secs] [Times: user=0,00 sys=0,00, real=0,00 secs] 
11,176: [GC (Allocation Failure) [PSYoungGen: 319072K->96K(383488K)] 320744K->1768K(558592K), 0,0005344 secs] [Times: user=0,01 sys=0,00, real=0,00 secs] 
11,326: [GC (Allocation Failure) [PSYoungGen: 383072K->96K(367616K)] 384744K->1768K(542720K), 0,0004546 secs] [Times: user=0,00 sys=0,00, real=0,00 secs] 
11,460: [GC (Allocation Failure) [PSYoungGen: 367200K->96K(352256K)] 368872K->1768K(527360K), 0,0005738 secs] [Times: user=0,00 sys=0,00, real=0,00 secs] 
11,560: [GC (Allocation Failure) [PSYoungGen: 351840K->96K(337920K)] 353512K->1768K(513024K), 0,0005874 secs] [Times: user=0,00 sys=0,00, real=0,00 secs] 
11,655: [GC (Allocation Failure) [PSYoungGen: 337504K->64K(324096K)] 339176K->1736K(499200K), 0,0005704 secs] [Times: user=0,00 sys=0,00, real=0,00 secs] 
11,748: [GC (Allocation Failure) [PSYoungGen: 323648K->96K(310784K)] 325320K->1768K(485888K), 0,0005636 secs] [Times: user=0,00 sys=0,00, real=0,00 secs] 
11,835: [GC (Allocation Failure) [PSYoungGen: 310368K->96K(297984K)] 312040K->1768K(473088K), 0,0006091 secs] [Times: user=0,00 sys=0,00, real=0,01 secs] 
11,920: [GC (Allocation Failure) [PSYoungGen: 297568K->64K(286208K)] 299240K->1736K(461312K), 0,0005756 secs] [Times: user=0,01 sys=0,00, real=0,00 secs] 
12,000: [GC (Allocation Failure) [PSYoungGen: 285759K->96K(274944K)] 287432K->1768K(450048K), 0,0008637 secs] [Times: user=0,00 sys=0,00, real=0,00 secs] 
12,075: [GC (Allocation Failure) [PSYoungGen: 274528K->96K(264192K)] 276200K->1768K(439296K), 0,0005530 secs] [Times: user=0,00 sys=0,00, real=0,01 secs] 
12,149: [GC (Allocation Failure) [PSYoungGen: 263776K->96K(253952K)] 265448K->1768K(429056K), 0,0005532 secs] [Times: user=0,00 sys=0,00, real=0,00 secs] 
12,222: [GC (Allocation Failure) [PSYoungGen: 253536K->64K(244224K)] 255208K->1736K(419328K), 0,0006601 secs] [Times: user=0,00 sys=0,00, real=0,00 secs] 
12,297: [GC (Allocation Failure) [PSYoungGen: 243776K->32K(293376K)] 245448K->1704K(468480K), 0,0018314 secs] [Times: user=0,00 sys=0,00, real=0,00 secs] 
12,386: [GC (Allocation Failure) [PSYoungGen: 292896K->64K(281600K)] 294568K->1736K(456704K), 0,0005507 secs] [Times: user=0,00 sys=0,00, real=0,00 secs] 
12,471: [GC (Allocation Failure) [PSYoungGen: 281152K->96K(270336K)] 282824K->1768K(445440K), 0,0005535 secs] [Times: user=0,00 sys=0,00, real=0,00 secs] 
12,550: [GC (Allocation Failure) [PSYoungGen: 269920K->96K(259584K)] 271592K->1768K(434688K), 0,0010923 secs] [Times: user=0,00 sys=0,00, real=0,00 secs] 
12,627: [GC (Allocation Failure) [PSYoungGen: 259168K->96K(249344K)] 260840K->1768K(424448K), 0,0005597 secs] [Times: user=0,00 sys=0,00, real=0,00 secs] 
12,700: [GC (Allocation Failure) [PSYoungGen: 248928K->96K(239616K)] 250600K->1768K(414720K), 0,0006177 secs] [Times: user=0,00 sys=0,00, real=0,00 secs] 
12,771: [GC (Allocation Failure) [PSYoungGen: 239200K->96K(230400K)] 240872K->1768K(405504K), 0,0005543 secs] [Times: user=0,00 sys=0,00, real=0,00 secs] 
12,839: [GC (Allocation Failure) [PSYoungGen: 229984K->96K(221696K)] 231656K->1768K(396800K), 0,0005588 secs] [Times: user=0,01 sys=0,00, real=0,00 secs] 
12,901: [GC (Allocation Failure) [PSYoungGen: 221280K->96K(213504K)] 222952K->1768K(388608K), 0,0005672 secs] [Times: user=0,00 sys=0,00, real=0,00 secs] 
12,972: [GC (Allocation Failure) [PSYoungGen: 213088K->96K(205824K)] 214760K->1768K(380928K), 0,0005499 secs] [Times: user=0,00 sys=0,00, real=0,00 secs] 
13,029: [GC (Allocation Failure) [PSYoungGen: 205408K->64K(247296K)] 207080K->1736K(422400K), 0,0010292 secs] [Times: user=0,00 sys=0,00, real=0,00 secs] 
13,095: [GC (Allocation Failure) [PSYoungGen: 246848K->96K(237568K)] 248520K->1768K(412672K), 0,0004984 secs] [Times: user=0,00 sys=0,00, real=0,01 secs] 
13,162: [GC (Allocation Failure) [PSYoungGen: 237152K->64K(228352K)] 238824K->1736K(403456K), 0,0005748 secs] [Times: user=0,00 sys=0,00, real=0,00 secs] 
13,224: [GC (Allocation Failure) [PSYoungGen: 227904K->64K(219648K)] 229576K->1736K(394752K), 0,0006363 secs] [Times: user=0,01 sys=0,00, real=0,00 secs] 
13,283: [GC (Allocation Failure) [PSYoungGen: 219200K->96K(211456K)] 220872K->1768K(386560K), 0,0005659 secs] [Times: user=0,01 sys=0,00, real=0,00 secs] 
13,341: [GC (Allocation Failure) [PSYoungGen: 211040K->96K(203776K)] 212712K->1768K(378880K), 0,0005987 secs] [Times: user=0,00 sys=0,00, real=0,00 secs] 
13,396: [GC (Allocation Failure) [PSYoungGen: 203360K->96K(196096K)] 205032K->1768K(371200K), 0,0005460 secs] [Times: user=0,00 sys=0,00, real=0,00 secs] 
13,449: [GC (Allocation Failure) [PSYoungGen: 195680K->96K(188928K)] 197352K->1768K(364032K), 0,0005626 secs] [Times: user=0,00 sys=0,00, real=0,00 secs] 
13,500: [GC (Allocation Failure) [PSYoungGen: 188512K->96K(182272K)] 190184K->1768K(357376K), 0,0005954 secs] [Times: user=0,00 sys=0,00, real=0,00 secs] 
13,549: [GC (Allocation Failure) [PSYoungGen: 181856K->96K(175616K)] 183528K->1768K(350720K), 0,0005574 secs] [Times: user=0,00 sys=0,00, real=0,00 secs] 
13,601: [GC (Allocation Failure) [PSYoungGen: 175200K->64K(169472K)] 176872K->1736K(344576K), 0,0006206 secs] [Times: user=0,00 sys=0,00, real=0,00 secs] 
13,646: [GC (Allocation Failure) [PSYoungGen: 169024K->96K(203264K)] 170696K->1768K(378368K), 0,0006029 secs] [Times: user=0,00 sys=0,00, real=0,00 secs] 
13,703: [GC (Allocation Failure) [PSYoungGen: 202848K->96K(244224K)] 204520K->1768K(419328K), 0,0005546 secs] [Times: user=0,00 sys=0,00, real=0,00 secs] 
13,771: [GC (Allocation Failure) [PSYoungGen: 243808K->64K(235008K)] 245480K->1736K(410112K), 0,0005880 secs] [Times: user=0,00 sys=0,00, real=0,00 secs] 
13,836: [GC (Allocation Failure) [PSYoungGen: 234560K->64K(282112K)] 236232K->1736K(457216K), 0,0008359 secs] [Times: user=0,00 sys=0,00, real=0,00 secs] 
13,913: [GC (Allocation Failure) [PSYoungGen: 281664K->96K(270848K)] 283336K->1768K(445952K), 0,0005512 secs] [Times: user=0,01 sys=0,00, real=0,00 secs] 
13,988: [GC (Allocation Failure) [PSYoungGen: 270432K->64K(260096K)] 272104K->1736K(435200K), 0,0006936 secs] [Times: user=0,00 sys=0,00, real=0,00 secs] 
14,059: [GC (Allocation Failure) [PSYoungGen: 259648K->96K(249856K)] 261320K->1768K(424960K), 0,0005609 secs] [Times: user=0,00 sys=0,00, real=0,00 secs] 
14,127: [GC (Allocation Failure) [PSYoungGen: 249440K->96K(240128K)] 251112K->1776K(415232K), 0,0005423 secs] [Times: user=0,00 sys=0,00, real=0,00 secs] 
14,192: [GC (Allocation Failure) [PSYoungGen: 239712K->96K(230912K)] 241392K->1776K(406016K), 0,0005357 secs] [Times: user=0,00 sys=0,00, real=0,00 secs] 
14,253: [GC (Allocation Failure) [PSYoungGen: 230496K->32K(222208K)] 232176K->1712K(397312K), 0,0009977 secs] [Times: user=0,01 sys=0,00, real=0,00 secs] 
14,314: [GC (Allocation Failure) [PSYoungGen: 221728K->64K(266752K)] 223408K->1744K(441856K), 0,0012039 secs] [Times: user=0,01 sys=0,00, real=0,00 secs] 
14,385: [GC (Allocation Failure) [PSYoungGen: 266304K->64K(320000K)] 267984K->1744K(495104K), 0,0005545 secs] [Times: user=0,00 sys=0,00, real=0,00 secs] 
14,470: [GC (Allocation Failure) [PSYoungGen: 319552K->64K(307200K)] 321232K->1744K(482304K), 0,0005412 secs] [Times: user=0,00 sys=0,00, real=0,00 secs] 
14,555: [GC (Allocation Failure) [PSYoungGen: 306752K->64K(368640K)] 308432K->1744K(543744K), 0,0010891 secs] [Times: user=0,01 sys=0,00, real=0,01 secs] 
14,657: [GC (Allocation Failure) [PSYoungGen: 368192K->64K(442368K)] 369872K->1744K(617472K), 0,0083173 secs] [Times: user=0,01 sys=0,00, real=0,00 secs] 
14,787: [GC (Allocation Failure) [PSYoungGen: 441920K->96K(530944K)] 443600K->1776K(706048K), 0,0005432 secs] [Times: user=0,00 sys=0,00, real=0,00 secs] 
14,926: [GC (Allocation Failure) [PSYoungGen: 530528K->96K(637440K)] 532208K->1776K(812544K), 0,0005737 secs] [Times: user=0,01 sys=0,00, real=0,00 secs] 
15,103: [GC (Allocation Failure) [PSYoungGen: 637024K->96K(764928K)] 638704K->1776K(940032K), 0,0005382 secs] [Times: user=0,00 sys=0,00, real=0,00 secs] 
15,324: [GC (Allocation Failure) [PSYoungGen: 764512K->64K(918016K)] 766192K->1744K(1093120K), 0,0012368 secs] [Times: user=0,00 sys=0,00, real=0,00 secs] 
15,580: [GC (Allocation Failure) [PSYoungGen: 917568K->64K(875520K)] 919248K->1744K(1050624K), 0,0006797 secs] [Times: user=0,00 sys=0,00, real=0,00 secs] 
15,880: [GC (Allocation Failure) [PSYoungGen: 875072K->96K(835072K)] 876752K->1776K(1010176K), 0,0005316 secs] [Times: user=0,00 sys=0,00, real=0,00 secs] 
16,167: [GC (Allocation Failure) [PSYoungGen: 834656K->64K(796672K)] 836336K->1744K(971776K), 0,0011260 secs] [Times: user=0,00 sys=0,00, real=0,00 secs] 
16,452: [GC (Allocation Failure) [PSYoungGen: 796223K->32K(760320K)] 797904K->1712K(935424K), 0,0012173 secs] [Times: user=0,01 sys=0,00, real=0,00 secs] 
16,681: [GC (Allocation Failure) [PSYoungGen: 759840K->64K(725504K)] 761520K->1744K(900608K), 0,0011065 secs] [Times: user=0,00 sys=0,00, real=0,00 secs] 
16,920: [GC (Allocation Failure) [PSYoungGen: 725056K->96K(692736K)] 726736K->1776K(867840K), 0,0006019 secs] [Times: user=0,00 sys=0,00, real=0,00 secs] 
17,120: [GC (Allocation Failure) [PSYoungGen: 692320K->96K(661504K)] 694000K->1776K(836608K), 0,0005979 secs] [Times: user=0,01 sys=0,00, real=0,00 secs] 
17,416: [GC (Allocation Failure) [PSYoungGen: 661088K->64K(631808K)] 662768K->1744K(806912K), 0,0005423 secs] [Times: user=0,00 sys=0,00, real=0,00 secs] 
17,612: [GC (Allocation Failure) [PSYoungGen: 631360K->64K(603648K)] 633040K->1744K(778752K), 0,0006280 secs] [Times: user=0,00 sys=0,00, real=0,00 secs] 
17,779: [GC (Allocation Failure) [PSYoungGen: 603200K->64K(576512K)] 604880K->1744K(751616K), 0,0005626 secs] [Times: user=0,00 sys=0,00, real=0,00 secs] 
17,937: [GC (Allocation Failure) [PSYoungGen: 576064K->64K(550912K)] 577744K->1744K(726016K), 0,0005577 secs] [Times: user=0,00 sys=0,00, real=0,00 secs] 
18,088: [GC (Allocation Failure) [PSYoungGen: 550464K->96K(526336K)] 552144K->1776K(701440K), 0,0005622 secs] [Times: user=0,00 sys=0,00, real=0,00 secs] 
18,231: [GC (Allocation Failure) [PSYoungGen: 525920K->96K(503296K)] 527600K->1776K(678400K), 0,0006300 secs] [Times: user=0,00 sys=0,00, real=0,00 secs] 
18,371: [GC (Allocation Failure) [PSYoungGen: 502880K->96K(481280K)] 504560K->1776K(656384K), 0,0005916 secs] [Times: user=0,00 sys=0,01, real=0,00 secs] 
18,503: [GC (Allocation Failure) [PSYoungGen: 480864K->96K(460288K)] 482544K->1776K(635392K), 0,0005691 secs] [Times: user=0,00 sys=0,00, real=0,00 secs] 
18,632: [GC (Allocation Failure) [PSYoungGen: 459872K->64K(440320K)] 461552K->1744K(615424K), 0,0009632 secs] [Times: user=0,00 sys=0,00, real=0,00 secs] 
18,772: [GC (Allocation Failure) [PSYoungGen: 439872K->96K(421376K)] 441552K->1776K(596480K), 0,0005693 secs] [Times: user=0,01 sys=0,00, real=0,00 secs] 
18,893: [GC (Allocation Failure) [PSYoungGen: 420960K->64K(403456K)] 422640K->1744K(578560K), 0,0013432 secs] [Times: user=0,01 sys=0,00, real=0,00 secs] 
19,017: [GC (Allocation Failure) [PSYoungGen: 403008K->96K(386560K)] 404688K->1776K(561664K), 0,0005566 secs] [Times: user=0,00 sys=0,00, real=0,00 secs] 
19,141: [GC (Allocation Failure) [PSYoungGen: 386144K->96K(370176K)] 387824K->1776K(545280K), 0,0005579 secs] [Times: user=0,00 sys=0,00, real=0,00 secs] 
19,246: [GC (Allocation Failure) [PSYoungGen: 369760K->96K(354816K)] 371440K->1776K(529920K), 0,0005480 secs] [Times: user=0,00 sys=0,00, real=0,00 secs] 
19,344: [GC (Allocation Failure) [PSYoungGen: 354400K->96K(339968K)] 356080K->1776K(515072K), 0,0005859 secs] [Times: user=0,00 sys=0,00, real=0,00 secs] 
19,443: [GC (Allocation Failure) [PSYoungGen: 339552K->96K(326144K)] 341232K->1776K(501248K), 0,0005590 secs] [Times: user=0,00 sys=0,00, real=0,00 secs] 
19,537: [GC (Allocation Failure) [PSYoungGen: 325728K->96K(312832K)] 327408K->1776K(487936K), 0,0005648 secs] [Times: user=0,00 sys=0,00, real=0,00 secs] 
19,629: [GC (Allocation Failure) [PSYoungGen: 312416K->96K(300032K)] 314096K->1776K(475136K), 0,0006498 secs] [Times: user=0,00 sys=0,00, real=0,00 secs] 
19,713: [GC (Allocation Failure) [PSYoungGen: 299616K->64K(288256K)] 301296K->1744K(463360K), 0,0006169 secs] [Times: user=0,00 sys=0,00, real=0,00 secs] 
19,794: [GC (Allocation Failure) [PSYoungGen: 287808K->96K(276992K)] 289488K->1776K(452096K), 0,0005663 secs] [Times: user=0,00 sys=0,00, real=0,00 secs] 
19,869: [GC (Allocation Failure) [PSYoungGen: 276576K->96K(266240K)] 278256K->1776K(441344K), 0,0005589 secs] [Times: user=0,01 sys=0,00, real=0,00 secs] 
19,942: [GC (Allocation Failure) [PSYoungGen: 265824K->96K(256000K)] 267504K->1776K(431104K), 0,0005541 secs] [Times: user=0,00 sys=0,00, real=0,00 secs] 
20,018: [GC (Allocation Failure) [PSYoungGen: 255584K->96K(246272K)] 257264K->1776K(421376K), 0,0005532 secs] [Times: user=0,00 sys=0,00, real=0,00 secs] 
20,089: [GC (Allocation Failure) [PSYoungGen: 245856K->96K(237056K)] 247536K->1776K(412160K), 0,0006345 secs] [Times: user=0,00 sys=0,00, real=0,00 secs] 
20,156: [GC (Allocation Failure) [PSYoungGen: 236640K->96K(227840K)] 238320K->1776K(402944K), 0,0005498 secs] [Times: user=0,00 sys=0,00, real=0,00 secs] 
20,222: [GC (Allocation Failure) [PSYoungGen: 227424K->96K(219136K)] 229104K->1776K(394240K), 0,0005424 secs] [Times: user=0,00 sys=0,00, real=0,00 secs] 
20,284: [GC (Allocation Failure) [PSYoungGen: 218720K->96K(210944K)] 220400K->1776K(386048K), 0,0005529 secs] [Times: user=0,00 sys=0,00, real=0,00 secs] 
20,352: [GC (Allocation Failure) [PSYoungGen: 210528K->96K(203264K)] 212208K->1776K(378368K), 0,0005536 secs] [Times: user=0,00 sys=0,00, real=0,00 secs] 
20,412: [GC (Allocation Failure) [PSYoungGen: 202848K->96K(196096K)] 204528K->1800K(371200K), 0,0005661 secs] [Times: user=0,00 sys=0,00, real=0,00 secs] 
20,471: [GC (Allocation Failure) [PSYoungGen: 195680K->96K(188928K)] 197384K->1800K(364032K), 0,0006074 secs] [Times: user=0,01 sys=0,00, real=0,00 secs] 
20,529: [GC (Allocation Failure) [PSYoungGen: 188512K->96K(182272K)] 190216K->1800K(357376K), 0,0005424 secs] [Times: user=0,00 sys=0,00, real=0,00 secs] 
20,583: [GC (Allocation Failure) [PSYoungGen: 181856K->96K(175616K)] 183560K->1800K(350720K), 0,0005544 secs] [Times: user=0,00 sys=0,00, real=0,00 secs] 
20,634: [GC (Allocation Failure) [PSYoungGen: 175200K->96K(169472K)] 176904K->1800K(344576K), 0,0005437 secs] [Times: user=0,01 sys=0,00, real=0,00 secs] 
20,683: [GC (Allocation Failure) [PSYoungGen: 169056K->96K(163840K)] 170760K->1800K(338944K), 0,0005876 secs] [Times: user=0,00 sys=0,00, real=0,00 secs] 
20,727: [GC (Allocation Failure) [PSYoungGen: 163424K->64K(196608K)] 165128K->1768K(371712K), 0,0006308 secs] [Times: user=0,00 sys=0,00, real=0,00 secs] 
20,786: [GC (Allocation Failure) [PSYoungGen: 196160K->64K(189440K)] 197864K->1768K(364544K), 0,0005013 secs] [Times: user=0,00 sys=0,00, real=0,00 secs] 
20,841: [GC (Allocation Failure) [PSYoungGen: 188992K->64K(227328K)] 190696K->1768K(402432K), 0,0008304 secs] [Times: user=0,01 sys=0,00, real=0,00 secs] 
20,906: [GC (Allocation Failure) [PSYoungGen: 226880K->64K(272896K)] 228584K->1768K(448000K), 0,0006800 secs] [Times: user=0,00 sys=0,00, real=0,00 secs] 
20,987: [GC (Allocation Failure) [PSYoungGen: 272448K->32K(327680K)] 274152K->1736K(502784K), 0,0009333 secs] [Times: user=0,01 sys=0,00, real=0,00 secs] 
21,085: [GC (Allocation Failure) [PSYoungGen: 327200K->96K(314368K)] 328904K->1800K(489472K), 0,0005286 secs] [Times: user=0,00 sys=0,00, real=0,00 secs] 
21,168: [GC (Allocation Failure) [PSYoungGen: 313952K->32K(301568K)] 315656K->1736K(476672K), 0,0011237 secs] [Times: user=0,00 sys=0,00, real=0,00 secs] 
21,252: [GC (Allocation Failure) [PSYoungGen: 301088K->96K(289280K)] 302792K->1800K(464384K), 0,0005397 secs] [Times: user=0,01 sys=0,00, real=0,00 secs] 
21,333: [GC (Allocation Failure) [PSYoungGen: 288864K->64K(347136K)] 290568K->1768K(522240K), 0,0017521 secs] [Times: user=0,01 sys=0,00, real=0,00 secs] 
21,433: [GC (Allocation Failure) [PSYoungGen: 346688K->96K(332800K)] 348392K->1800K(507904K), 0,0006248 secs] [Times: user=0,00 sys=0,00, real=0,00 secs] 
21,527: [GC (Allocation Failure) [PSYoungGen: 332384K->96K(318976K)] 334088K->1800K(494080K), 0,0006650 secs] [Times: user=0,00 sys=0,00, real=0,00 secs] 
21,618: [GC (Allocation Failure) [PSYoungGen: 318560K->64K(382976K)] 320264K->1768K(558080K), 0,0014877 secs] [Times: user=0,00 sys=0,01, real=0,00 secs] 
21,726: [GC (Allocation Failure) [PSYoungGen: 382528K->96K(367104K)] 384232K->1800K(542208K), 0,0005436 secs] [Times: user=0,00 sys=0,00, real=0,00 secs] 
21,827: [GC (Allocation Failure) [PSYoungGen: 366688K->96K(351744K)] 368392K->1800K(526848K), 0,0005791 secs] [Times: user=0,00 sys=0,00, real=0,00 secs] 
21,934: [GC (Allocation Failure) [PSYoungGen: 351328K->32K(422400K)] 353032K->1736K(597504K), 0,0030433 secs] [Times: user=0,00 sys=0,00, real=0,01 secs] 
22,083: [GC (Allocation Failure) [PSYoungGen: 421920K->64K(506880K)] 423624K->1768K(681984K), 0,0004984 secs] [Times: user=0,00 sys=0,00, real=0,00 secs] 
22,263: [GC (Allocation Failure) [PSYoungGen: 506432K->96K(484864K)] 508136K->1800K(659968K), 0,0008493 secs] [Times: user=0,00 sys=0,00, real=0,00 secs] 
22,435: [GC (Allocation Failure) [PSYoungGen: 484448K->64K(463872K)] 486152K->1768K(638976K), 0,0005505 secs] [Times: user=0,00 sys=0,00, real=0,00 secs] 
22,578: [GC (Allocation Failure) [PSYoungGen: 463424K->96K(443904K)] 465128K->1800K(619008K), 0,0005639 secs] [Times: user=0,00 sys=0,00, real=0,00 secs] 
22,708: [GC (Allocation Failure) [PSYoungGen: 443488K->64K(424960K)] 445192K->1768K(600064K), 0,0007947 secs] [Times: user=0,00 sys=0,00, real=0,00 secs] 
22,906: [GC (Allocation Failure) [PSYoungGen: 424512K->96K(407040K)] 426216K->1800K(582144K), 0,0006665 secs] [Times: user=0,00 sys=0,00, real=0,00 secs] 
23,094: [GC (Allocation Failure) [PSYoungGen: 406624K->64K(389632K)] 408328K->1768K(564736K), 0,0006103 secs] [Times: user=0,00 sys=0,00, real=0,00 secs] 
23,219: [GC (Allocation Failure) [PSYoungGen: 389184K->96K(373248K)] 390888K->1800K(548352K), 0,0006557 secs] [Times: user=0,00 sys=0,01, real=0,00 secs] 
23,348: [GC (Allocation Failure) [PSYoungGen: 372832K->96K(357888K)] 374536K->1800K(532992K), 0,0005871 secs] [Times: user=0,00 sys=0,00, real=0,00 secs] 
23,501: [GC (Allocation Failure) [PSYoungGen: 357472K->64K(343040K)] 359176K->1768K(518144K), 0,0012451 secs] [Times: user=0,00 sys=0,00, real=0,00 secs] 
23,618: [GC (Allocation Failure) [PSYoungGen: 342592K->32K(411648K)] 344296K->1736K(586752K), 0,0063443 secs] [Times: user=0,00 sys=0,00, real=0,00 secs] 
23,788: [GC (Allocation Failure) [PSYoungGen: 411168K->96K(494080K)] 412872K->1800K(669184K), 0,0006036 secs] [Times: user=0,00 sys=0,00, real=0,00 secs] 
24,061: [GC (Allocation Failure) [PSYoungGen: 493664K->96K(592896K)] 495368K->1800K(768000K), 0,0005928 secs] [Times: user=0,00 sys=0,00, real=0,00 secs] 
24,355: [GC (Allocation Failure) [PSYoungGen: 592480K->96K(566272K)] 594184K->1800K(741376K), 0,0005003 secs] [Times: user=0,00 sys=0,00, real=0,00 secs] 
24,582: [GC (Allocation Failure) [PSYoungGen: 565856K->96K(541184K)] 567560K->1800K(716288K), 0,0004884 secs] [Times: user=0,00 sys=0,00, real=0,00 secs] 
24,785: [GC (Allocation Failure) [PSYoungGen: 540768K->96K(517120K)] 542472K->1800K(692224K), 0,0005949 secs] [Times: user=0,00 sys=0,00, real=0,00 secs] 
24,964: [GC (Allocation Failure) [PSYoungGen: 516704K->96K(494592K)] 518408K->1800K(669696K), 0,0006032 secs] [Times: user=0,00 sys=0,00, real=0,00 secs] 
25,112: [GC (Allocation Failure) [PSYoungGen: 494176K->96K(473088K)] 495880K->1800K(648192K), 0,0005892 secs] [Times: user=0,00 sys=0,00, real=0,00 secs] 
25,259: [GC (Allocation Failure) [PSYoungGen: 472672K->64K(452608K)] 474376K->1768K(627712K), 0,0010167 secs] [Times: user=0,00 sys=0,00, real=0,00 secs] 
25,399: [GC (Allocation Failure) [PSYoungGen: 452160K->96K(433152K)] 453864K->1800K(608256K), 0,0005997 secs] [Times: user=0,00 sys=0,00, real=0,00 secs] 
25,527: [GC (Allocation Failure) [PSYoungGen: 432736K->64K(414720K)] 434440K->1768K(589824K), 0,0011986 secs] [Times: user=0,00 sys=0,00, real=0,00 secs] 
25,650: [GC (Allocation Failure) [PSYoungGen: 414272K->96K(397312K)] 415976K->1800K(572416K), 0,0006009 secs] [Times: user=0,00 sys=0,00, real=0,00 secs] 
25,774: [GC (Allocation Failure) [PSYoungGen: 396896K->96K(380416K)] 398600K->1800K(555520K), 0,0005960 secs] [Times: user=0,00 sys=0,00, real=0,00 secs] 
25,888: [GC (Allocation Failure) [PSYoungGen: 380000K->96K(364544K)] 381704K->1800K(539648K), 0,0006053 secs] [Times: user=0,00 sys=0,00, real=0,00 secs] 
25,993: [GC (Allocation Failure) [PSYoungGen: 364128K->96K(349184K)] 365832K->1800K(524288K), 0,0005957 secs] [Times: user=0,00 sys=0,00, real=0,00 secs] 
26,101: [GC (Allocation Failure) [PSYoungGen: 348768K->64K(334848K)] 350472K->1768K(509952K), 0,0012665 secs] [Times: user=0,00 sys=0,00, real=0,00 secs] 
26,204: [GC (Allocation Failure) [PSYoungGen: 334400K->64K(321024K)] 336104K->1768K(496128K), 0,0005919 secs] [Times: user=0,00 sys=0,00, real=0,00 secs] 
26,299: [GC (Allocation Failure) [PSYoungGen: 320576K->64K(308224K)] 322280K->1768K(483328K), 0,0012811 secs] [Times: user=0,00 sys=0,00, real=0,00 secs] 
26,397: [GC (Allocation Failure) [PSYoungGen: 307776K->64K(295936K)] 309480K->1768K(471040K), 0,0012632 secs] [Times: user=0,00 sys=0,00, real=0,00 secs] 
26,487: [GC (Allocation Failure) [PSYoungGen: 295488K->96K(284160K)] 297192K->1800K(459264K), 0,0006311 secs] [Times: user=0,00 sys=0,00, real=0,00 secs] 
26,567: [GC (Allocation Failure) [PSYoungGen: 283744K->96K(272896K)] 285448K->1800K(448000K), 0,0005782 secs] [Times: user=0,00 sys=0,00, real=0,00 secs] 
26,643: [GC (Allocation Failure) [PSYoungGen: 272480K->96K(262144K)] 274184K->1800K(437248K), 0,0005976 secs] [Times: user=0,00 sys=0,00, real=0,00 secs] 
26,723: [GC (Allocation Failure) [PSYoungGen: 261728K->96K(251904K)] 263432K->1800K(427008K), 0,0005828 secs] [Times: user=0,00 sys=0,00, real=0,00 secs] 
26,801: [GC (Allocation Failure) [PSYoungGen: 251488K->32K(242176K)] 253192K->1736K(417280K), 0,0013679 secs] [Times: user=0,00 sys=0,00, real=0,00 secs] 
26,875: [GC (Allocation Failure) [PSYoungGen: 241696K->96K(232960K)] 243400K->1800K(408064K), 0,0005930 secs] [Times: user=0,00 sys=0,00, real=0,00 secs] 
26,947: [GC (Allocation Failure) [PSYoungGen: 232544K->96K(224256K)] 234248K->1800K(399360K), 0,0005810 secs] [Times: user=0,00 sys=0,00, real=0,00 secs] 
27,014: [GC (Allocation Failure) [PSYoungGen: 223840K->96K(216064K)] 225544K->1800K(391168K), 0,0006279 secs] [Times: user=0,00 sys=0,00, real=0,00 secs] 
27,078: [GC (Allocation Failure) [PSYoungGen: 215648K->96K(207872K)] 217352K->1800K(382976K), 0,0005718 secs] [Times: user=0,00 sys=0,00, real=0,00 secs] 
27,137: [GC (Allocation Failure) [PSYoungGen: 207456K->96K(200192K)] 209160K->1800K(375296K), 0,0005708 secs] [Times: user=0,00 sys=0,00, real=0,00 secs] 
27,194: [GC (Allocation Failure) [PSYoungGen: 199776K->64K(193024K)] 201480K->1768K(368128K), 0,0008240 secs] [Times: user=0,00 sys=0,00, real=0,00 secs] 
27,249: [GC (Allocation Failure) [PSYoungGen: 192576K->64K(185856K)] 194280K->1768K(360960K), 0,0005225 secs] [Times: user=0,00 sys=0,00, real=0,00 secs] 
27,302: [GC (Allocation Failure) [PSYoungGen: 185408K->96K(179200K)] 187112K->1800K(354304K), 0,0005752 secs] [Times: user=0,00 sys=0,00, real=0,00 secs] 
27,356: [GC (Allocation Failure) [PSYoungGen: 178784K->64K(173056K)] 180488K->1768K(348160K), 0,0005711 secs] [Times: user=0,00 sys=0,00, real=0,00 secs] 
27,406: [GC (Allocation Failure) [PSYoungGen: 172608K->96K(166912K)] 174312K->1800K(342016K), 0,0005920 secs] [Times: user=0,00 sys=0,00, real=0,00 secs] 
27,454: [GC (Allocation Failure) [PSYoungGen: 166496K->96K(200192K)] 168200K->1800K(375296K), 0,0005780 secs] [Times: user=0,00 sys=0,00, real=0,00 secs] 
27,512: [GC (Allocation Failure) [PSYoungGen: 199776K->96K(240128K)] 201480K->1800K(415232K), 0,0006382 secs] [Times: user=0,00 sys=0,00, real=0,00 secs] 
27,594: [GC (Allocation Failure) [PSYoungGen: 239712K->32K(288256K)] 241416K->1736K(463360K), 0,0013204 secs] [Times: user=0,00 sys=0,00, real=0,01 secs] 
27,769: [GC (Allocation Failure) [PSYoungGen: 287776K->96K(276992K)] 289480K->1800K(452096K), 0,0007205 secs] [Times: user=0,00 sys=0,00, real=0,00 secs] 
27,895: [GC (Allocation Failure) [PSYoungGen: 276576K->96K(266240K)] 278280K->1800K(441344K), 0,0005588 secs] [Times: user=0,00 sys=0,00, real=0,01 secs] 
27,980: [GC (Allocation Failure) [PSYoungGen: 265823K->96K(256000K)] 267528K->1800K(431104K), 0,0006529 secs] [Times: user=0,00 sys=0,00, real=0,00 secs] 
28,058: [GC (Allocation Failure) [PSYoungGen: 255584K->96K(246272K)] 257288K->1800K(421376K), 0,0006325 secs] [Times: user=0,00 sys=0,00, real=0,00 secs] 
28,157: [GC (Allocation Failure) [PSYoungGen: 245856K->96K(237056K)] 247560K->1800K(412160K), 0,0005941 secs] [Times: user=0,00 sys=0,00, real=0,00 secs] 
28,255: [GC (Allocation Failure) [PSYoungGen: 236640K->96K(227840K)] 238344K->1800K(402944K), 0,0006804 secs] [Times: user=0,00 sys=0,00, real=0,00 secs] 
28,326: [GC (Allocation Failure) [PSYoungGen: 227424K->96K(219136K)] 229128K->1800K(394240K), 0,0006348 secs] [Times: user=0,00 sys=0,00, real=0,00 secs] 
28,406: [GC (Allocation Failure) [PSYoungGen: 218719K->64K(210944K)] 220424K->1768K(386048K), 0,0012648 secs] [Times: user=0,00 sys=0,00, real=0,00 secs] 
28,486: [GC (Allocation Failure) [PSYoungGen: 210496K->96K(203264K)] 212200K->1800K(378368K), 0,0005427 secs] [Times: user=0,00 sys=0,00, real=0,00 secs] 
28,576: [GC (Allocation Failure) [PSYoungGen: 202848K->96K(196096K)] 204552K->1800K(371200K), 0,0005850 secs] [Times: user=0,00 sys=0,00, real=0,00 secs] 
28,653: [GC (Allocation Failure) [PSYoungGen: 195680K->96K(188928K)] 197384K->1800K(364032K), 0,0005645 secs] [Times: user=0,00 sys=0,00, real=0,00 secs] 
28,718: [GC (Allocation Failure) [PSYoungGen: 188512K->96K(182272K)] 190216K->1800K(357376K), 0,0007190 secs] [Times: user=0,00 sys=0,00, real=0,00 secs] 
28,776: [GC (Allocation Failure) [PSYoungGen: 181856K->96K(175616K)] 183560K->1800K(350720K), 0,0005907 secs] [Times: user=0,00 sys=0,00, real=0,00 secs] 
28,834: [GC (Allocation Failure) [PSYoungGen: 175200K->96K(169472K)] 176904K->1800K(344576K), 0,0006909 secs] [Times: user=0,00 sys=0,00, real=0,00 secs] 
28,898: [GC (Allocation Failure) [PSYoungGen: 169056K->96K(163840K)] 170760K->1800K(338944K), 0,0007280 secs] [Times: user=0,00 sys=0,00, real=0,00 secs] 
28,964: [GC (Allocation Failure) [PSYoungGen: 163424K->96K(158208K)] 165128K->1800K(333312K), 0,0004743 secs] [Times: user=0,01 sys=0,00, real=0,00 secs] 
29,032: [GC (Allocation Failure) [PSYoungGen: 157792K->64K(153088K)] 159496K->1768K(328192K), 0,0010152 secs] [Times: user=0,00 sys=0,00, real=0,00 secs] 
29,097: [GC (Allocation Failure) [PSYoungGen: 152640K->64K(147968K)] 154344K->1768K(323072K), 0,0007279 secs] [Times: user=0,00 sys=0,00, real=0,00 secs] 
29,179: [GC (Allocation Failure) [PSYoungGen: 147520K->64K(143360K)] 149224K->1768K(318464K), 0,0007309 secs] [Times: user=0,00 sys=0,00, real=0,00 secs] 
29,247: [GC (Allocation Failure) [PSYoungGen: 142912K->64K(138752K)] 144616K->1768K(313856K), 0,0006665 secs] [Times: user=0,00 sys=0,00, real=0,00 secs] 
29,326: [GC (Allocation Failure) [PSYoungGen: 138304K->96K(134144K)] 140008K->1800K(309248K), 0,0004741 secs] [Times: user=0,00 sys=0,00, real=0,00 secs] 
29,383: [GC (Allocation Failure) [PSYoungGen: 133728K->64K(161280K)] 135432K->1768K(336384K), 0,0049220 secs] [Times: user=0,00 sys=0,00, real=0,01 secs] 
29,454: [GC (Allocation Failure) [PSYoungGen: 160832K->96K(193536K)] 162536K->1800K(368640K), 0,0007041 secs] [Times: user=0,00 sys=0,00, real=0,00 secs] 
29,542: [GC (Allocation Failure) [PSYoungGen: 193120K->96K(232448K)] 194824K->1800K(407552K), 0,0006852 secs] [Times: user=0,00 sys=0,00, real=0,00 secs] 
29,635: [GC (Allocation Failure) [PSYoungGen: 232032K->96K(279040K)] 233736K->1800K(454144K), 0,0004792 secs] [Times: user=0,00 sys=0,00, real=0,00 secs] 
29,742: [GC (Allocation Failure) [PSYoungGen: 278624K->96K(334848K)] 280328K->1800K(509952K), 0,0006121 secs] [Times: user=0,01 sys=0,00, real=0,00 secs] 
29,868: [GC (Allocation Failure) [PSYoungGen: 334432K->96K(401920K)] 336136K->1800K(577024K), 0,0006185 secs] [Times: user=0,01 sys=0,00, real=0,00 secs] 
29,987: [GC (Allocation Failure) [PSYoungGen: 401504K->64K(385024K)] 403208K->1768K(560128K), 0,0007327 secs] [Times: user=0,00 sys=0,00, real=0,00 secs] 
30,104: [GC (Allocation Failure) [PSYoungGen: 384576K->96K(368640K)] 386280K->1800K(543744K), 0,0012023 secs] [Times: user=0,00 sys=0,00, real=0,00 secs] 
30,222: [GC (Allocation Failure) [PSYoungGen: 368224K->96K(353280K)] 369928K->1800K(528384K), 0,0006159 secs] [Times: user=0,00 sys=0,00, real=0,00 secs] 
30,341: [GC (Allocation Failure) [PSYoungGen: 352864K->96K(338432K)] 354568K->1800K(513536K), 0,0005053 secs] [Times: user=0,00 sys=0,00, real=0,00 secs] 
30,451: [GC (Allocation Failure) [PSYoungGen: 338016K->64K(324608K)] 339720K->1784K(499712K), 0,0007562 secs] [Times: user=0,00 sys=0,00, real=0,00 secs] 
30,552: [GC (Allocation Failure) [PSYoungGen: 324160K->96K(311296K)] 325880K->1816K(486400K), 0,0005578 secs] [Times: user=0,00 sys=0,00, real=0,00 secs] 
30,644: [GC (Allocation Failure) [PSYoungGen: 310880K->96K(298496K)] 312600K->1816K(473600K), 0,0011672 secs] [Times: user=0,00 sys=0,00, real=0,01 secs] 
30,733: [GC (Allocation Failure) [PSYoungGen: 298080K->96K(286720K)] 299800K->1816K(461824K), 0,0008680 secs] [Times: user=0,00 sys=0,00, real=0,00 secs] 
30,821: [GC (Allocation Failure) [PSYoungGen: 286304K->96K(275456K)] 288024K->1816K(450560K), 0,0005971 secs] [Times: user=0,00 sys=0,00, real=0,00 secs] 
30,903: [GC (Allocation Failure) [PSYoungGen: 275040K->96K(264704K)] 276760K->1816K(439808K), 0,0005969 secs] [Times: user=0,01 sys=0,00, real=0,00 secs] 
31,001: [GC (Allocation Failure) [PSYoungGen: 264288K->96K(254464K)] 266008K->1816K(429568K), 0,0004972 secs] [Times: user=0,00 sys=0,00, real=0,00 secs] 
31,113: [GC (Allocation Failure) [PSYoungGen: 254048K->64K(244736K)] 255768K->1784K(419840K), 0,0013447 secs] [Times: user=0,00 sys=0,00, real=0,00 secs] 
31,218: [GC (Allocation Failure) [PSYoungGen: 244288K->96K(235520K)] 246008K->1816K(410624K), 0,0004858 secs] [Times: user=0,00 sys=0,00, real=0,00 secs] 
31,329: [GC (Allocation Failure) [PSYoungGen: 235104K->96K(226816K)] 236824K->1816K(401920K), 0,0004780 secs] [Times: user=0,00 sys=0,00, real=0,00 secs] 
31,423: [GC (Allocation Failure) [PSYoungGen: 226400K->32K(218112K)] 228120K->1752K(393216K), 0,0020539 secs] [Times: user=0,00 sys=0,00, real=0,00 secs] 
31,501: [GC (Allocation Failure) [PSYoungGen: 217632K->96K(209920K)] 219352K->1816K(385024K), 0,0006014 secs] [Times: user=0,00 sys=0,00, real=0,00 secs] 
31,563: [GC (Allocation Failure) [PSYoungGen: 209504K->96K(202240K)] 211224K->1816K(377344K), 0,0006164 secs] [Times: user=0,00 sys=0,00, real=0,00 secs] 
31,622: [GC (Allocation Failure) [PSYoungGen: 201824K->96K(195072K)] 203544K->1816K(370176K), 0,0005927 secs] [Times: user=0,00 sys=0,00, real=0,00 secs] 
31,679: [GC (Allocation Failure) [PSYoungGen: 194656K->96K(187904K)] 196376K->1816K(363008K), 0,0005910 secs] [Times: user=0,01 sys=0,00, real=0,00 secs] 
31,735: [GC (Allocation Failure) [PSYoungGen: 187488K->64K(181248K)] 189208K->1784K(356352K), 0,0005883 secs] [Times: user=0,00 sys=0,00, real=0,01 secs] 
31,787: [GC (Allocation Failure) [PSYoungGen: 180800K->96K(175104K)] 182520K->1816K(350208K), 0,0005766 secs] [Times: user=0,00 sys=0,00, real=0,00 secs] 
31,837: [GC (Allocation Failure) [PSYoungGen: 174688K->96K(168960K)] 176408K->1816K(344064K), 0,0005638 secs] [Times: user=0,00 sys=0,00, real=0,00 secs] 
31,886: [GC (Allocation Failure) [PSYoungGen: 168544K->96K(163328K)] 170264K->1816K(338432K), 0,0005694 secs] [Times: user=0,00 sys=0,00, real=0,00 secs] 
31,934: [GC (Allocation Failure) [PSYoungGen: 162912K->64K(196096K)] 164632K->1784K(371200K), 0,0006161 secs] [Times: user=0,00 sys=0,00, real=0,00 secs] 
31,994: [GC (Allocation Failure) [PSYoungGen: 195648K->64K(235520K)] 197368K->1784K(410624K), 0,0010596 secs] [Times: user=0,00 sys=0,00, real=0,00 secs] 
32,065: [GC (Allocation Failure) [PSYoungGen: 235072K->96K(282624K)] 236792K->1824K(457728K), 0,0005791 secs] [Times: user=0,00 sys=0,00, real=0,01 secs] 
32,148: [GC (Allocation Failure) [PSYoungGen: 282208K->96K(271360K)] 283936K->1824K(446464K), 0,0005721 secs] [Times: user=0,00 sys=0,00, real=0,00 secs] 
32,227: [GC (Allocation Failure) [PSYoungGen: 270944K->64K(260608K)] 272672K->1792K(435712K), 0,0005942 secs] [Times: user=0,00 sys=0,00, real=0,00 secs] 
32,323: [GC (Allocation Failure) [PSYoungGen: 260159K->64K(312832K)] 261888K->1792K(487936K), 0,0029983 secs] [Times: user=0,01 sys=0,00, real=0,01 secs] 
32,447: [GC (Allocation Failure) [PSYoungGen: 312384K->96K(375296K)] 314112K->1824K(550400K), 0,0004919 secs] [Times: user=0,00 sys=0,00, real=0,00 secs] 
32,596: [GC (Allocation Failure) [PSYoungGen: 374880K->64K(450560K)] 376608K->1792K(625664K), 0,0011515 secs] [Times: user=0,00 sys=0,00, real=0,00 secs] 
32,782: [GC (Allocation Failure) [PSYoungGen: 450112K->96K(431104K)] 451840K->1824K(606208K), 0,0005675 secs] [Times: user=0,00 sys=0,00, real=0,00 secs] 
32,906: [GC (Allocation Failure) [PSYoungGen: 430688K->64K(412672K)] 432416K->1792K(587776K), 0,0007572 secs] [Times: user=0,00 sys=0,00, real=0,00 secs] 
33,030: [GC (Allocation Failure) [PSYoungGen: 412224K->96K(395264K)] 413952K->1824K(570368K), 0,0005770 secs] [Times: user=0,00 sys=0,00, real=0,00 secs] 
33,173: [GC (Allocation Failure) [PSYoungGen: 394848K->64K(378368K)] 396576K->1792K(553472K), 0,0024672 secs] [Times: user=0,00 sys=0,00, real=0,01 secs] 
33,315: [GC (Allocation Failure) [PSYoungGen: 377920K->96K(362496K)] 379648K->1824K(537600K), 0,0005865 secs] [Times: user=0,00 sys=0,00, real=0,01 secs] 
33,459: [GC (Allocation Failure) [PSYoungGen: 362080K->64K(347648K)] 363808K->1792K(522752K), 0,0013426 secs] [Times: user=0,01 sys=0,00, real=0,00 secs] 
33,591: [GC (Allocation Failure) [PSYoungGen: 347200K->64K(333312K)] 348928K->1792K(508416K), 0,0013123 secs] [Times: user=0,00 sys=0,00, real=0,00 secs] 
33,700: [GC (Allocation Failure) [PSYoungGen: 332864K->96K(319488K)] 334592K->1824K(494592K), 0,0005836 secs] [Times: user=0,00 sys=0,00, real=0,00 secs] 
33,801: [GC (Allocation Failure) [PSYoungGen: 319072K->64K(306688K)] 320800K->1792K(481792K), 0,0005737 secs] [Times: user=0,00 sys=0,00, real=0,00 secs] 
33,895: [GC (Allocation Failure) [PSYoungGen: 306240K->96K(294400K)] 307968K->1824K(469504K), 0,0005739 secs] [Times: user=0,01 sys=0,00, real=0,01 secs] 
33,990: [GC (Allocation Failure) [PSYoungGen: 293984K->96K(282624K)] 295712K->1824K(457728K), 0,0005836 secs] [Times: user=0,01 sys=0,00, real=0,00 secs] 
34,078: [GC (Allocation Failure) [PSYoungGen: 282208K->96K(271360K)] 283936K->1824K(446464K), 0,0006151 secs] [Times: user=0,00 sys=0,00, real=0,00 secs] 
34,156: [GC (Allocation Failure) [PSYoungGen: 270944K->96K(260608K)] 272672K->1824K(435712K), 0,0005824 secs] [Times: user=0,00 sys=0,00, real=0,00 secs] 
34,231: [GC (Allocation Failure) [PSYoungGen: 260192K->96K(250368K)] 261920K->1824K(425472K), 0,0006411 secs] [Times: user=0,00 sys=0,00, real=0,00 secs] 
34,305: [GC (Allocation Failure) [PSYoungGen: 249952K->96K(240640K)] 251680K->1824K(415744K), 0,0005710 secs] [Times: user=0,00 sys=0,00, real=0,01 secs] 
34,376: [GC (Allocation Failure) [PSYoungGen: 240224K->96K(231424K)] 241952K->1824K(406528K), 0,0005128 secs] [Times: user=0,00 sys=0,00, real=0,00 secs] 
34,443: [GC (Allocation Failure) [PSYoungGen: 231008K->64K(222720K)] 232736K->1792K(397824K), 0,0005784 secs] [Times: user=0,00 sys=0,00, real=0,00 secs] 
34,512: [GC (Allocation Failure) [PSYoungGen: 222272K->64K(214528K)] 224000K->1792K(389632K), 0,0005911 secs] [Times: user=0,00 sys=0,00, real=0,00 secs] 
34,575: [GC (Allocation Failure) [PSYoungGen: 214080K->64K(206336K)] 215808K->1792K(381440K), 0,0005681 secs] [Times: user=0,00 sys=0,00, real=0,00 secs] 
34,680: [GC (Allocation Failure) [PSYoungGen: 205888K->96K(198656K)] 207616K->1824K(373760K), 0,0011568 secs] [Times: user=0,00 sys=0,00, real=0,00 secs] 
34,741: [GC (Allocation Failure) [PSYoungGen: 198240K->96K(191488K)] 199968K->1824K(366592K), 0,0005753 secs] [Times: user=0,00 sys=0,00, real=0,00 secs] 
34,800: [GC (Allocation Failure) [PSYoungGen: 191072K->96K(184832K)] 192800K->1824K(359936K), 0,0006371 secs] [Times: user=0,00 sys=0,00, real=0,00 secs] 
34,857: [GC (Allocation Failure) [PSYoungGen: 184416K->96K(178176K)] 186144K->1824K(353280K), 0,0005987 secs] [Times: user=0,00 sys=0,00, real=0,00 secs] 
34,907: [GC (Allocation Failure) [PSYoungGen: 177760K->96K(172032K)] 179488K->1824K(347136K), 0,0005735 secs] [Times: user=0,00 sys=0,00, real=0,00 secs] 
34,956: [GC (Allocation Failure) [PSYoungGen: 171616K->96K(165888K)] 173344K->1824K(340992K), 0,0005984 secs] [Times: user=0,00 sys=0,00, real=0,00 secs] 
35,004: [GC (Allocation Failure) [PSYoungGen: 165472K->96K(160256K)] 167200K->1824K(335360K), 0,0005629 secs] [Times: user=0,00 sys=0,00, real=0,00 secs] 
35,051: [GC (Allocation Failure) [PSYoungGen: 159840K->96K(192512K)] 161568K->1824K(367616K), 0,0005677 secs] [Times: user=0,00 sys=0,00, real=0,00 secs] 
35,105: [GC (Allocation Failure) [PSYoungGen: 192096K->96K(230912K)] 193824K->1824K(406016K), 0,0006327 secs] [Times: user=0,00 sys=0,00, real=0,01 secs] 
35,171: [GC (Allocation Failure) [PSYoungGen: 230496K->96K(222208K)] 232224K->1824K(397312K), 0,0006116 secs] [Times: user=0,00 sys=0,00, real=0,00 secs] 
35,233: [GC (Allocation Failure) [PSYoungGen: 221792K->96K(214016K)] 223520K->1824K(389120K), 0,0005822 secs] [Times: user=0,01 sys=0,00, real=0,00 secs] 
35,293: [GC (Allocation Failure) [PSYoungGen: 213600K->96K(206336K)] 215328K->1824K(381440K), 0,0005754 secs] [Times: user=0,01 sys=0,00, real=0,00 secs] 
35,351: [GC (Allocation Failure) [PSYoungGen: 205920K->96K(198656K)] 207648K->1824K(373760K), 0,0005783 secs] [Times: user=0,00 sys=0,00, real=0,00 secs] 
35,407: [GC (Allocation Failure) [PSYoungGen: 198240K->64K(191488K)] 199968K->1792K(366592K), 0,0006941 secs] [Times: user=0,00 sys=0,00, real=0,00 secs] 
35,459: [GC (Allocation Failure) [PSYoungGen: 191040K->96K(184832K)] 192768K->1824K(359936K), 0,0005545 secs] [Times: user=0,00 sys=0,00, real=0,00 secs] 
35,510: [GC (Allocation Failure) [PSYoungGen: 184416K->96K(178176K)] 186144K->1824K(353280K), 0,0006023 secs] [Times: user=0,00 sys=0,00, real=0,00 secs] 
35,559: [GC (Allocation Failure) [PSYoungGen: 177760K->64K(214016K)] 179488K->1792K(389120K), 0,0005532 secs] [Times: user=0,00 sys=0,00, real=0,00 secs] 
35,618: [GC (Allocation Failure) [PSYoungGen: 213568K->96K(206336K)] 215296K->1824K(381440K), 0,0005600 secs] [Times: user=0,00 sys=0,00, real=0,00 secs] 
35,676: [GC (Allocation Failure) [PSYoungGen: 205920K->96K(198656K)] 207648K->1824K(373760K), 0,0006374 secs] [Times: user=0,01 sys=0,00, real=0,00 secs] 
35,740: [GC (Allocation Failure) [PSYoungGen: 198240K->96K(191488K)] 199968K->1824K(366592K), 0,0005583 secs] [Times: user=0,00 sys=0,00, real=0,00 secs] 
35,802: [GC (Allocation Failure) [PSYoungGen: 191072K->96K(184832K)] 192800K->1824K(359936K), 0,0005672 secs] [Times: user=0,00 sys=0,00, real=0,00 secs] 
35,862: [GC (Allocation Failure) [PSYoungGen: 184416K->96K(178176K)] 186144K->1824K(353280K), 0,0005599 secs] [Times: user=0,00 sys=0,00, real=0,00 secs] 
35,916: [GC (Allocation Failure) [PSYoungGen: 177760K->96K(172032K)] 179488K->1824K(347136K), 0,0006425 secs] [Times: user=0,00 sys=0,00, real=0,00 secs] 
35,968: [GC (Allocation Failure) [PSYoungGen: 171616K->96K(165888K)] 173344K->1824K(340992K), 0,0005646 secs] [Times: user=0,00 sys=0,00, real=0,00 secs] 
36,019: [GC (Allocation Failure) [PSYoungGen: 165472K->64K(160256K)] 167200K->1792K(335360K), 0,0005570 secs] [Times: user=0,00 sys=0,00, real=0,00 secs] 
36,069: [GC (Allocation Failure) [PSYoungGen: 159808K->64K(154624K)] 161536K->1792K(329728K), 0,0005704 secs] [Times: user=0,00 sys=0,00, real=0,00 secs] 
36,117: [GC (Allocation Failure) [PSYoungGen: 154176K->96K(149504K)] 155904K->1824K(324608K), 0,0005721 secs] [Times: user=0,00 sys=0,00, real=0,00 secs] 
36,162: [GC (Allocation Failure) [PSYoungGen: 149088K->96K(179712K)] 150816K->1824K(354816K), 0,0005782 secs] [Times: user=0,00 sys=0,00, real=0,00 secs] 
36,213: [GC (Allocation Failure) [PSYoungGen: 179296K->64K(215552K)] 181024K->1792K(390656K), 0,0006462 secs] [Times: user=0,00 sys=0,00, real=0,00 secs] 
36,296: [GC (Allocation Failure) [PSYoungGen: 215104K->32K(258560K)] 216832K->1760K(433664K), 0,0010630 secs] [Times: user=0,00 sys=0,00, real=0,00 secs] 
36,383: [GC (Allocation Failure) [PSYoungGen: 258080K->96K(248320K)] 259808K->1824K(423424K), 0,0005454 secs] [Times: user=0,00 sys=0,00, real=0,00 secs] 
36,448: [GC (Allocation Failure) [PSYoungGen: 247904K->96K(238592K)] 249632K->1824K(413696K), 0,0005444 secs] [Times: user=0,00 sys=0,00, real=0,00 secs] 
36,514: [GC (Allocation Failure) [PSYoungGen: 238176K->64K(229376K)] 239904K->1792K(404480K), 0,0005575 secs] [Times: user=0,00 sys=0,00, real=0,00 secs] 
36,575: [GC (Allocation Failure) [PSYoungGen: 228928K->96K(220672K)] 230656K->1824K(395776K), 0,0005817 secs] [Times: user=0,00 sys=0,00, real=0,01 secs] 
36,635: [GC (Allocation Failure) [PSYoungGen: 220256K->96K(212480K)] 221984K->1824K(387584K), 0,0005715 secs] [Times: user=0,00 sys=0,00, real=0,01 secs] 
36,691: [GC (Allocation Failure) [PSYoungGen: 212064K->96K(204800K)] 213792K->1824K(379904K), 0,0005429 secs] [Times: user=0,00 sys=0,00, real=0,00 secs] 
36,745: [GC (Allocation Failure) [PSYoungGen: 204384K->96K(197120K)] 206112K->1824K(372224K), 0,0005366 secs] [Times: user=0,00 sys=0,00, real=0,00 secs] 
36,797: [GC (Allocation Failure) [PSYoungGen: 196704K->96K(189952K)] 198432K->1824K(365056K), 0,0005628 secs] [Times: user=0,00 sys=0,00, real=0,00 secs] 
36,848: [GC (Allocation Failure) [PSYoungGen: 189536K->96K(183296K)] 191264K->1824K(358400K), 0,0005457 secs] [Times: user=0,00 sys=0,00, real=0,00 secs] 
36,896: [GC (Allocation Failure) [PSYoungGen: 182880K->64K(176640K)] 184608K->1792K(351744K), 0,0006093 secs] [Times: user=0,00 sys=0,00, real=0,00 secs] 
36,942: [GC (Allocation Failure) [PSYoungGen: 176192K->96K(170496K)] 177920K->1824K(345600K), 0,0005416 secs] [Times: user=0,01 sys=0,00, real=0,00 secs] 
36,987: [GC (Allocation Failure) [PSYoungGen: 170080K->96K(204800K)] 171808K->1824K(379904K), 0,0005510 secs] [Times: user=0,00 sys=0,00, real=0,00 secs] 
37,042: [GC (Allocation Failure) [PSYoungGen: 204384K->96K(197120K)] 206112K->1824K(372224K), 0,0005514 secs] [Times: user=0,00 sys=0,00, real=0,00 secs] 
37,094: [GC (Allocation Failure) [PSYoungGen: 196704K->96K(236544K)] 198432K->1824K(411648K), 0,0006936 secs] [Times: user=0,00 sys=0,00, real=0,00 secs] 
37,156: [GC (Allocation Failure) [PSYoungGen: 236127K->96K(227328K)] 237856K->1824K(402432K), 0,0005450 secs] [Times: user=0,00 sys=0,00, real=0,00 secs] 
37,216: [GC (Allocation Failure) [PSYoungGen: 226912K->96K(218624K)] 228640K->1824K(393728K), 0,0005741 secs] [Times: user=0,00 sys=0,00, real=0,00 secs] 
37,274: [GC (Allocation Failure) [PSYoungGen: 218207K->96K(210432K)] 219936K->1824K(385536K), 0,0006645 secs] [Times: user=0,00 sys=0,00, real=0,00 secs] 
37,329: [GC (Allocation Failure) [PSYoungGen: 210016K->96K(202752K)] 211744K->1824K(377856K), 0,0005539 secs] [Times: user=0,00 sys=0,00, real=0,00 secs] 
37,383: [GC (Allocation Failure) [PSYoungGen: 202336K->96K(195584K)] 204064K->1824K(370688K), 0,0005370 secs] [Times: user=0,00 sys=0,00, real=0,00 secs] 
37,434: [GC (Allocation Failure) [PSYoungGen: 195168K->64K(235008K)] 196896K->1792K(410112K), 0,0008738 secs] [Times: user=0,00 sys=0,00, real=0,01 secs] 
37,495: [GC (Allocation Failure) [PSYoungGen: 234560K->96K(282112K)] 236288K->1824K(457216K), 0,0005427 secs] [Times: user=0,00 sys=0,00, real=0,00 secs] 
37,572: [GC (Allocation Failure) [PSYoungGen: 281696K->64K(338432K)] 283424K->1792K(513536K), 0,0010616 secs] [Times: user=0,01 sys=0,00, real=0,00 secs] 
37,679: [GC (Allocation Failure) [PSYoungGen: 337984K->64K(406016K)] 339712K->1792K(581120K), 0,0011118 secs] [Times: user=0,00 sys=0,00, real=0,00 secs] 
37,795: [GC (Allocation Failure) [PSYoungGen: 405568K->96K(388608K)] 407296K->1824K(563712K), 0,0005290 secs] [Times: user=0,00 sys=0,00, real=0,00 secs] 
37,894: [GC (Allocation Failure) [PSYoungGen: 388192K->64K(372224K)] 389920K->1792K(547328K), 0,0005302 secs] [Times: user=0,00 sys=0,00, real=0,00 secs] 
37,987: [GC (Allocation Failure) [PSYoungGen: 371776K->96K(356864K)] 373504K->1824K(531968K), 0,0005426 secs] [Times: user=0,01 sys=0,00, real=0,00 secs] 
38,081: [GC (Allocation Failure) [PSYoungGen: 356448K->96K(342016K)] 358176K->1824K(517120K), 0,0005320 secs] [Times: user=0,00 sys=0,00, real=0,00 secs] 
38,168: [GC (Allocation Failure) [PSYoungGen: 341600K->96K(328192K)] 343328K->1824K(503296K), 0,0005385 secs] [Times: user=0,00 sys=0,00, real=0,00 secs] 
38,251: [GC (Allocation Failure) [PSYoungGen: 327776K->96K(314880K)] 329504K->1824K(489984K), 0,0005477 secs] [Times: user=0,00 sys=0,00, real=0,00 secs] 
38,330: [GC (Allocation Failure) [PSYoungGen: 314464K->96K(302080K)] 316192K->1824K(477184K), 0,0005525 secs] [Times: user=0,00 sys=0,00, real=0,00 secs] 
38,411: [GC (Allocation Failure) [PSYoungGen: 301664K->96K(289792K)] 303392K->1824K(464896K), 0,0005379 secs] [Times: user=0,00 sys=0,00, real=0,00 secs] 
38,485: [GC (Allocation Failure) [PSYoungGen: 289376K->96K(278016K)] 291104K->1824K(453120K), 0,0005289 secs] [Times: user=0,00 sys=0,00, real=0,00 secs] 
38,555: [GC (Allocation Failure) [PSYoungGen: 277600K->96K(267264K)] 279328K->1824K(442368K), 0,0005654 secs] [Times: user=0,00 sys=0,00, real=0,00 secs] 
38,623: [GC (Allocation Failure) [PSYoungGen: 266848K->96K(257024K)] 268576K->1824K(432128K), 0,0005985 secs] [Times: user=0,00 sys=0,00, real=0,00 secs] 
38,688: [GC (Allocation Failure) [PSYoungGen: 256608K->96K(247296K)] 258336K->1824K(422400K), 0,0005347 secs] [Times: user=0,00 sys=0,00, real=0,00 secs] 
38,751: [GC (Allocation Failure) [PSYoungGen: 246880K->96K(237568K)] 248608K->1824K(412672K), 0,0005741 secs] [Times: user=0,00 sys=0,00, real=0,00 secs] 
38,815: [GC (Allocation Failure) [PSYoungGen: 237152K->96K(228352K)] 238880K->1824K(403456K), 0,0005292 secs] [Times: user=0,00 sys=0,01, real=0,00 secs] 
38,873: [GC (Allocation Failure) [PSYoungGen: 227936K->96K(219648K)] 229664K->1824K(394752K), 0,0005263 secs] [Times: user=0,00 sys=0,00, real=0,00 secs] 
38,929: [GC (Allocation Failure) [PSYoungGen: 219232K->96K(211456K)] 220960K->1824K(386560K), 0,0005436 secs] [Times: user=0,00 sys=0,00, real=0,00 secs] 
38,982: [GC (Allocation Failure) [PSYoungGen: 211040K->64K(203776K)] 212768K->1792K(378880K), 0,0006475 secs] [Times: user=0,00 sys=0,00, real=0,00 secs] 
39,037: [GC (Allocation Failure) [PSYoungGen: 203328K->64K(196096K)] 205056K->1792K(371200K), 0,0005584 secs] [Times: user=0,01 sys=0,00, real=0,00 secs] 
39,086: [GC (Allocation Failure) [PSYoungGen: 195648K->64K(235520K)] 197376K->1792K(410624K), 0,0009865 secs] [Times: user=0,01 sys=0,00, real=0,00 secs] 
39,147: [GC (Allocation Failure) [PSYoungGen: 235071K->96K(282624K)] 236800K->1824K(457728K), 0,0005266 secs] [Times: user=0,00 sys=0,00, real=0,00 secs] 
39,218: [GC (Allocation Failure) [PSYoungGen: 282208K->96K(271360K)] 283936K->1824K(446464K), 0,0005821 secs] [Times: user=0,00 sys=0,00, real=0,00 secs] 
39,287: [GC (Allocation Failure) [PSYoungGen: 270943K->96K(260608K)] 272672K->1824K(435712K), 0,0005435 secs] [Times: user=0,00 sys=0,00, real=0,00 secs] 
39,353: [GC (Allocation Failure) [PSYoungGen: 260192K->96K(250368K)] 261920K->1824K(425472K), 0,0005305 secs] [Times: user=0,00 sys=0,00, real=0,00 secs] 
39,419: [GC (Allocation Failure) [PSYoungGen: 249952K->96K(240640K)] 251680K->1824K(415744K), 0,0005953 secs] [Times: user=0,00 sys=0,00, real=0,00 secs] 
39,480: [GC (Allocation Failure) [PSYoungGen: 240223K->96K(231424K)] 241952K->1824K(406528K), 0,0005323 secs] [Times: user=0,00 sys=0,00, real=0,00 secs] 
39,540: [GC (Allocation Failure) [PSYoungGen: 231008K->96K(222720K)] 232736K->1824K(397824K), 0,0006073 secs] [Times: user=0,00 sys=0,00, real=0,00 secs] 
39,596: [GC (Allocation Failure) [PSYoungGen: 222304K->96K(214528K)] 224032K->1824K(389632K), 0,0006431 secs] [Times: user=0,00 sys=0,00, real=0,00 secs] 
39,650: [GC (Allocation Failure) [PSYoungGen: 214112K->96K(206336K)] 215840K->1824K(381440K), 0,0005416 secs] [Times: user=0,00 sys=0,00, real=0,00 secs] 
39,702: [GC (Allocation Failure) [PSYoungGen: 205920K->96K(198656K)] 207648K->1824K(373760K), 0,0006170 secs] [Times: user=0,00 sys=0,00, real=0,00 secs] 
39,753: [GC (Allocation Failure) [PSYoungGen: 198240K->64K(191488K)] 199968K->1792K(366592K), 0,0005314 secs] [Times: user=0,00 sys=0,00, real=0,00 secs] 
39,802: [GC (Allocation Failure) [PSYoungGen: 191040K->96K(184832K)] 192768K->1824K(359936K), 0,0006322 secs] [Times: user=0,00 sys=0,00, real=0,00 secs] 
39,849: [GC (Allocation Failure) [PSYoungGen: 184416K->64K(221696K)] 186144K->1792K(396800K), 0,0005377 secs] [Times: user=0,00 sys=0,00, real=0,00 secs] 
39,907: [GC (Allocation Failure) [PSYoungGen: 221248K->96K(213504K)] 222976K->1824K(388608K), 0,0005272 secs] [Times: user=0,00 sys=0,00, real=0,00 secs] 
39,963: [GC (Allocation Failure) [PSYoungGen: 213088K->64K(256512K)] 214816K->1792K(431616K), 0,0012214 secs] [Times: user=0,01 sys=0,00, real=0,00 secs] 
40,034: [GC (Allocation Failure) [PSYoungGen: 256064K->64K(307712K)] 257792K->1792K(482816K), 0,0010064 secs] [Times: user=0,01 sys=0,00, real=0,01 secs] 
40,125: [GC (Allocation Failure) [PSYoungGen: 307264K->96K(369152K)] 308992K->1824K(544256K), 0,0006538 secs] [Times: user=0,00 sys=0,00, real=0,01 secs] 
40,228: [GC (Allocation Failure) [PSYoungGen: 368736K->96K(353792K)] 370464K->1824K(528896K), 0,0006356 secs] [Times: user=0,00 sys=0,00, real=0,00 secs] 
40,323: [GC (Allocation Failure) [PSYoungGen: 353376K->96K(338944K)] 355104K->1824K(514048K), 0,0005437 secs] [Times: user=0,00 sys=0,00, real=0,00 secs] 
40,413: [GC (Allocation Failure) [PSYoungGen: 338528K->96K(325120K)] 340256K->1848K(500224K), 0,0005533 secs] [Times: user=0,01 sys=0,00, real=0,00 secs] 
40,499: [GC (Allocation Failure) [PSYoungGen: 324704K->96K(311808K)] 326456K->1848K(486912K), 0,0005643 secs] [Times: user=0,00 sys=0,00, real=0,00 secs] 
40,582: [GC (Allocation Failure) [PSYoungGen: 311392K->96K(299008K)] 313144K->1848K(474112K), 0,0005609 secs] [Times: user=0,00 sys=0,00, real=0,00 secs] 
40,660: [GC (Allocation Failure) [PSYoungGen: 298592K->96K(287232K)] 300344K->1848K(462336K), 0,0005504 secs] [Times: user=0,00 sys=0,00, real=0,00 secs] 
40,758: [GC (Allocation Failure) [PSYoungGen: 286816K->64K(275968K)] 288568K->1816K(451072K), 0,0005442 secs] [Times: user=0,00 sys=0,00, real=0,00 secs] 
40,832: [GC (Allocation Failure) [PSYoungGen: 275520K->96K(265216K)] 277272K->1848K(440320K), 0,0005467 secs] [Times: user=0,00 sys=0,00, real=0,00 secs] 
40,905: [GC (Allocation Failure) [PSYoungGen: 264800K->96K(254976K)] 266552K->1848K(430080K), 0,0006402 secs] [Times: user=0,00 sys=0,00, real=0,01 secs] 
40,973: [GC (Allocation Failure) [PSYoungGen: 254560K->96K(245248K)] 256312K->1848K(420352K), 0,0005396 secs] [Times: user=0,00 sys=0,00, real=0,00 secs] 
41,038: [GC (Allocation Failure) [PSYoungGen: 244832K->96K(236032K)] 246584K->1848K(411136K), 0,0006753 secs] [Times: user=0,00 sys=0,00, real=0,00 secs] 
41,101: [GC (Allocation Failure) [PSYoungGen: 235616K->96K(227328K)] 237368K->1848K(402432K), 0,0005412 secs] [Times: user=0,01 sys=0,00, real=0,00 secs] 
41,161: [GC (Allocation Failure) [PSYoungGen: 226912K->96K(218624K)] 228664K->1848K(393728K), 0,0005832 secs] [Times: user=0,01 sys=0,00, real=0,00 secs] 
41,219: [GC (Allocation Failure) [PSYoungGen: 218208K->96K(210432K)] 219960K->1848K(385536K), 0,0006163 secs] [Times: user=0,00 sys=0,00, real=0,00 secs] 
41,275: [GC (Allocation Failure) [PSYoungGen: 210016K->96K(202752K)] 211768K->1848K(377856K), 0,0005444 secs] [Times: user=0,00 sys=0,00, real=0,00 secs] 
41,330: [GC (Allocation Failure) [PSYoungGen: 202336K->96K(195584K)] 204088K->1848K(370688K), 0,0007477 secs] [Times: user=0,00 sys=0,00, real=0,00 secs] 
41,385: [GC (Allocation Failure) [PSYoungGen: 195168K->96K(188416K)] 196920K->1848K(363520K), 0,0005509 secs] [Times: user=0,00 sys=0,00, real=0,00 secs] 
41,436: [GC (Allocation Failure) [PSYoungGen: 188000K->96K(181760K)] 189752K->1848K(356864K), 0,0005525 secs] [Times: user=0,00 sys=0,00, real=0,00 secs] 
41,489: [GC (Allocation Failure) [PSYoungGen: 181344K->96K(175616K)] 183096K->1848K(350720K), 0,0005526 secs] [Times: user=0,00 sys=0,00, real=0,00 secs] 
41,540: [GC (Allocation Failure) [PSYoungGen: 175200K->32K(210944K)] 176952K->1784K(386048K), 0,0011045 secs] [Times: user=0,00 sys=0,00, real=0,00 secs] 
41,610: [GC (Allocation Failure) [PSYoungGen: 210464K->64K(253440K)] 212216K->1816K(428544K), 0,0005686 secs] [Times: user=0,00 sys=0,00, real=0,00 secs] 
41,687: [GC (Allocation Failure) [PSYoungGen: 252992K->64K(304128K)] 254744K->1816K(479232K), 0,0018846 secs] [Times: user=0,00 sys=0,00, real=0,00 secs] 
41,772: [GC (Allocation Failure) [PSYoungGen: 303680K->96K(365056K)] 305432K->1848K(540160K), 0,0005403 secs] [Times: user=0,00 sys=0,00, real=0,00 secs] 
41,869: [GC (Allocation Failure) [PSYoungGen: 364640K->96K(438272K)] 366392K->1848K(613376K), 0,0005885 secs] [Times: user=0,00 sys=0,00, real=0,00 secs] 
41,988: [GC (Allocation Failure) [PSYoungGen: 437856K->96K(419328K)] 439608K->1848K(594432K), 0,0005434 secs] [Times: user=0,00 sys=0,01, real=0,00 secs] 
42,101: [GC (Allocation Failure) [PSYoungGen: 418912K->96K(401408K)] 420664K->1848K(576512K), 0,0005451 secs] [Times: user=0,00 sys=0,00, real=0,00 secs] 
42,249: [GC (Allocation Failure) [PSYoungGen: 400992K->96K(384512K)] 402744K->1848K(559616K), 0,0006208 secs] [Times: user=0,00 sys=0,00, real=0,00 secs] 
42,359: [GC (Allocation Failure) [PSYoungGen: 384096K->96K(368128K)] 385848K->1848K(543232K), 0,0005937 secs] [Times: user=0,00 sys=0,00, real=0,00 secs] 
42,458: [GC (Allocation Failure) [PSYoungGen: 367712K->96K(352768K)] 369464K->1848K(527872K), 0,0008726 secs] [Times: user=0,00 sys=0,00, real=0,00 secs] 
42,553: [GC (Allocation Failure) [PSYoungGen: 352352K->96K(337920K)] 354104K->1848K(513024K), 0,0006029 secs] [Times: user=0,00 sys=0,00, real=0,00 secs] 
42,643: [GC (Allocation Failure) [PSYoungGen: 337504K->64K(324096K)] 339256K->1816K(499200K), 0,0005444 secs] [Times: user=0,00 sys=0,00, real=0,00 secs] 
42,728: [GC (Allocation Failure) [PSYoungGen: 323648K->96K(310784K)] 325400K->1848K(485888K), 0,0005547 secs] [Times: user=0,00 sys=0,00, real=0,00 secs] 
42,813: [GC (Allocation Failure) [PSYoungGen: 310368K->96K(297984K)] 312120K->1848K(473088K), 0,0005716 secs] [Times: user=0,00 sys=0,00, real=0,00 secs] 
42,892: [GC (Allocation Failure) [PSYoungGen: 297568K->96K(286208K)] 299320K->1848K(461312K), 0,0005909 secs] [Times: user=0,00 sys=0,00, real=0,00 secs] 
42,967: [GC (Allocation Failure) [PSYoungGen: 285792K->96K(274944K)] 287544K->1848K(450048K), 0,0005755 secs] [Times: user=0,00 sys=0,00, real=0,00 secs] 
43,039: [GC (Allocation Failure) [PSYoungGen: 274528K->96K(264192K)] 276280K->1848K(439296K), 0,0006381 secs] [Times: user=0,00 sys=0,01, real=0,00 secs] 
43,110: [GC (Allocation Failure) [PSYoungGen: 263776K->96K(253952K)] 265528K->1848K(429056K), 0,0005417 secs] [Times: user=0,00 sys=0,00, real=0,00 secs] 
43,179: [GC (Allocation Failure) [PSYoungGen: 253536K->96K(244224K)] 255288K->1848K(419328K), 0,0005472 secs] [Times: user=0,00 sys=0,00, real=0,00 secs] 
43,243: [GC (Allocation Failure) [PSYoungGen: 243808K->96K(235008K)] 245560K->1848K(410112K), 0,0005385 secs] [Times: user=0,00 sys=0,00, real=0,00 secs] 
43,305: [GC (Allocation Failure) [PSYoungGen: 234592K->96K(226304K)] 236344K->1848K(401408K), 0,0006002 secs] [Times: user=0,00 sys=0,00, real=0,00 secs] 
43,365: [GC (Allocation Failure) [PSYoungGen: 225888K->96K(217600K)] 227640K->1848K(392704K), 0,0005441 secs] [Times: user=0,00 sys=0,00, real=0,00 secs] 
43,424: [GC (Allocation Failure) [PSYoungGen: 217184K->32K(209408K)] 218936K->1784K(384512K), 0,0006722 secs] [Times: user=0,00 sys=0,00, real=0,01 secs] 
43,480: [GC (Allocation Failure) [PSYoungGen: 208928K->96K(201728K)] 210680K->1848K(376832K), 0,0005827 secs] [Times: user=0,00 sys=0,00, real=0,00 secs] 
43,535: [GC (Allocation Failure) [PSYoungGen: 201312K->96K(194560K)] 203064K->1848K(369664K), 0,0005403 secs] [Times: user=0,00 sys=0,00, real=0,00 secs] 
43,586: [GC (Allocation Failure) [PSYoungGen: 194144K->96K(187392K)] 195896K->1848K(362496K), 0,0005415 secs] [Times: user=0,00 sys=0,00, real=0,00 secs] 
43,635: [GC (Allocation Failure) [PSYoungGen: 186976K->96K(180736K)] 188728K->1848K(355840K), 0,0005471 secs] [Times: user=0,00 sys=0,00, real=0,00 secs] 
43,683: [GC (Allocation Failure) [PSYoungGen: 180320K->96K(174592K)] 182072K->1848K(349696K), 0,0005880 secs] [Times: user=0,00 sys=0,00, real=0,00 secs] 
43,729: [GC (Allocation Failure) [PSYoungGen: 174176K->96K(209408K)] 175928K->1848K(384512K), 0,0005797 secs] [Times: user=0,00 sys=0,00, real=0,00 secs] 
43,785: [GC (Allocation Failure) [PSYoungGen: 208992K->64K(201728K)] 210744K->1816K(376832K), 0,0005390 secs] [Times: user=0,00 sys=0,00, real=0,01 secs] 
43,838: [GC (Allocation Failure) [PSYoungGen: 201280K->96K(194560K)] 203032K->1848K(369664K), 0,0005384 secs] [Times: user=0,00 sys=0,00, real=0,00 secs] 
43,890: [GC (Allocation Failure) [PSYoungGen: 194144K->128K(233472K)] 195896K->1880K(408576K), 0,0007844 secs] [Times: user=0,01 sys=0,00, real=0,00 secs] 
43,956: [GC (Allocation Failure) [PSYoungGen: 233087K->64K(280064K)] 234840K->1816K(455168K), 0,0012197 secs] [Times: user=0,00 sys=0,00, real=0,00 secs] 
44,037: [GC (Allocation Failure) [PSYoungGen: 279616K->96K(336384K)] 281368K->1848K(511488K), 0,0005713 secs] [Times: user=0,00 sys=0,00, real=0,00 secs] 
44,136: [GC (Allocation Failure) [PSYoungGen: 335968K->96K(322560K)] 337720K->1848K(497664K), 0,0005387 secs] [Times: user=0,00 sys=0,00, real=0,00 secs] 
44,226: [GC (Allocation Failure) [PSYoungGen: 322144K->96K(309248K)] 323896K->1848K(484352K), 0,0008889 secs] [Times: user=0,01 sys=0,00, real=0,00 secs] 
44,313: [GC (Allocation Failure) [PSYoungGen: 308832K->64K(296960K)] 310584K->1816K(472064K), 0,0005845 secs] [Times: user=0,00 sys=0,00, real=0,00 secs] 
44,397: [GC (Allocation Failure) [PSYoungGen: 296512K->96K(285184K)] 298264K->1848K(460288K), 0,0011759 secs] [Times: user=0,00 sys=0,00, real=0,00 secs] 
44,475: [GC (Allocation Failure) [PSYoungGen: 284768K->96K(273920K)] 286520K->1848K(449024K), 0,0005439 secs] [Times: user=0,00 sys=0,00, real=0,00 secs] 
44,551: [GC (Allocation Failure) [PSYoungGen: 273504K->64K(263168K)] 275256K->1816K(438272K), 0,0008477 secs] [Times: user=0,01 sys=0,00, real=0,00 secs] 
44,625: [GC (Allocation Failure) [PSYoungGen: 262720K->64K(315904K)] 264472K->1816K(491008K), 0,0080579 secs] [Times: user=0,00 sys=0,00, real=0,01 secs] 
44,736: [GC (Allocation Failure) [PSYoungGen: 315456K->96K(379392K)] 317208K->1848K(554496K), 0,0005426 secs] [Times: user=0,00 sys=0,00, real=0,00 secs] 
44,838: [GC (Allocation Failure) [PSYoungGen: 378976K->96K(363520K)] 380728K->1848K(538624K), 0,0005499 secs] [Times: user=0,00 sys=0,00, real=0,00 secs] 
44,934: [GC (Allocation Failure) [PSYoungGen: 363104K->96K(348160K)] 364856K->1848K(523264K), 0,0005772 secs] [Times: user=0,00 sys=0,00, real=0,00 secs] 
45,025: [GC (Allocation Failure) [PSYoungGen: 347744K->96K(333824K)] 349496K->1848K(508928K), 0,0005454 secs] [Times: user=0,00 sys=0,00, real=0,01 secs] 
45,113: [GC (Allocation Failure) [PSYoungGen: 333408K->64K(320000K)] 335160K->1816K(495104K), 0,0005424 secs] [Times: user=0,00 sys=0,00, real=0,00 secs] 
45,199: [GC (Allocation Failure) [PSYoungGen: 319552K->64K(307200K)] 321304K->1816K(482304K), 0,0005823 secs] [Times: user=0,00 sys=0,00, real=0,00 secs] 
45,280: [GC (Allocation Failure) [PSYoungGen: 306752K->96K(294912K)] 308504K->1848K(470016K), 0,0005407 secs] [Times: user=0,00 sys=0,00, real=0,00 secs] 
45,357: [GC (Allocation Failure) [PSYoungGen: 294496K->96K(283136K)] 296248K->1848K(458240K), 0,0005525 secs] [Times: user=0,00 sys=0,00, real=0,00 secs] 
45,432: [GC (Allocation Failure) [PSYoungGen: 282720K->96K(271872K)] 284472K->1848K(446976K), 0,0005494 secs] [Times: user=0,00 sys=0,00, real=0,00 secs] 
45,502: [GC (Allocation Failure) [PSYoungGen: 271456K->128K(261120K)] 273208K->1880K(436224K), 0,0005775 secs] [Times: user=0,00 sys=0,00, real=0,00 secs] 
45,570: [GC (Allocation Failure) [PSYoungGen: 260736K->96K(250880K)] 262488K->1848K(425984K), 0,0005848 secs] [Times: user=0,00 sys=0,00, real=0,00 secs] 
45,637: [GC (Allocation Failure) [PSYoungGen: 250464K->64K(241152K)] 252216K->1816K(416256K), 0,0005480 secs] [Times: user=0,00 sys=0,00, real=0,00 secs] 
45,703: [GC (Allocation Failure) [PSYoungGen: 240704K->32K(231936K)] 242456K->1784K(407040K), 0,0011292 secs] [Times: user=0,00 sys=0,00, real=0,00 secs] 
45,767: [GC (Allocation Failure) [PSYoungGen: 231456K->64K(278528K)] 233208K->1816K(453632K), 0,0008437 secs] [Times: user=0,01 sys=0,00, real=0,00 secs] 
45,849: [GC (Allocation Failure) [PSYoungGen: 278080K->64K(267776K)] 279832K->1816K(442880K), 0,0005524 secs] [Times: user=0,01 sys=0,00, real=0,00 secs] 
45,925: [GC (Allocation Failure) [PSYoungGen: 267327K->64K(257536K)] 269080K->1816K(432640K), 0,0005737 secs] [Times: user=0,00 sys=0,00, real=0,01 secs] 
46,004: [GC (Allocation Failure) [PSYoungGen: 257088K->64K(247296K)] 258840K->1816K(422400K), 0,0005373 secs] [Times: user=0,01 sys=0,00, real=0,00 secs] 
46,074: [GC (Allocation Failure) [PSYoungGen: 246848K->32K(237568K)] 248600K->1784K(412672K), 0,0006699 secs] [Times: user=0,00 sys=0,00, real=0,00 secs] 
46,142: [GC (Allocation Failure) [PSYoungGen: 237088K->96K(228352K)] 238840K->1848K(403456K), 0,0005481 secs] [Times: user=0,00 sys=0,00, real=0,00 secs] 
46,207: [GC (Allocation Failure) [PSYoungGen: 227936K->64K(219648K)] 229688K->1816K(394752K), 0,0009194 secs] [Times: user=0,00 sys=0,00, real=0,00 secs] 
46,271: [GC (Allocation Failure) [PSYoungGen: 219200K->96K(211456K)] 220952K->1848K(386560K), 0,0006189 secs] [Times: user=0,01 sys=0,00, real=0,00 secs] 
46,330: [GC (Allocation Failure) [PSYoungGen: 211040K->64K(203776K)] 212792K->1816K(378880K), 0,0005535 secs] [Times: user=0,00 sys=0,00, real=0,00 secs] 
46,385: [GC (Allocation Failure) [PSYoungGen: 203328K->64K(244736K)] 205080K->1816K(419840K), 0,0009904 secs] [Times: user=0,00 sys=0,00, real=0,00 secs] 
46,452: [GC (Allocation Failure) [PSYoungGen: 244288K->96K(293888K)] 246040K->1848K(468992K), 0,0005539 secs] [Times: user=0,00 sys=0,00, real=0,00 secs] 
46,529: [GC (Allocation Failure) [PSYoungGen: 293472K->64K(352768K)] 295224K->1816K(527872K), 0,0008863 secs] [Times: user=0,00 sys=0,00, real=0,00 secs] 
46,627: [GC (Allocation Failure) [PSYoungGen: 352320K->96K(337920K)] 354072K->1848K(513024K), 0,0005427 secs] [Times: user=0,00 sys=0,00, real=0,00 secs] 
46,728: [GC (Allocation Failure) [PSYoungGen: 337504K->32K(405504K)] 339256K->1784K(580608K), 0,0028056 secs] [Times: user=0,01 sys=0,00, real=0,00 secs] 
46,849: [GC (Allocation Failure) [PSYoungGen: 405024K->96K(486912K)] 406776K->1848K(662016K), 0,0005844 secs] [Times: user=0,00 sys=0,00, real=0,00 secs] 
46,985: [GC (Allocation Failure) [PSYoungGen: 486496K->64K(465920K)] 488248K->1816K(641024K), 0,0006248 secs] [Times: user=0,00 sys=0,00, real=0,01 secs] 
47,111: [GC (Allocation Failure) [PSYoungGen: 465472K->96K(445952K)] 467224K->1848K(621056K), 0,0005403 secs] [Times: user=0,00 sys=0,00, real=0,00 secs] 
47,261: [GC (Allocation Failure) [PSYoungGen: 445536K->96K(427008K)] 447288K->1848K(602112K), 0,0005981 secs] [Times: user=0,00 sys=0,00, real=0,00 secs] 
47,416: [GC (Allocation Failure) [PSYoungGen: 426592K->32K(408576K)] 428344K->1784K(583680K), 0,0014207 secs] [Times: user=0,01 sys=0,00, real=0,00 secs] 
47,566: [GC (Allocation Failure) [PSYoungGen: 408096K->64K(391168K)] 409848K->1816K(566272K), 0,0014245 secs] [Times: user=0,01 sys=0,00, real=0,00 secs] 
47,700: [GC (Allocation Failure) [PSYoungGen: 390720K->96K(374784K)] 392472K->1848K(549888K), 0,0005395 secs] [Times: user=0,00 sys=0,00, real=0,00 secs] 
47,812: [GC (Allocation Failure) [PSYoungGen: 374368K->96K(358912K)] 376120K->1848K(534016K), 0,0006021 secs] [Times: user=0,00 sys=0,00, real=0,00 secs] 
47,916: [GC (Allocation Failure) [PSYoungGen: 358496K->64K(430592K)] 360248K->1816K(605696K), 0,0026349 secs] [Times: user=0,00 sys=0,00, real=0,00 secs] 
48,068: [GC (Allocation Failure) [PSYoungGen: 430144K->64K(516608K)] 431896K->1816K(691712K), 0,0014783 secs] [Times: user=0,00 sys=0,00, real=0,00 secs] 
48,256: [GC (Allocation Failure) [PSYoungGen: 516160K->128K(494080K)] 517912K->1880K(669184K), 0,0007494 secs] [Times: user=0,00 sys=0,00, real=0,00 secs] 
48,432: [GC (Allocation Failure) [PSYoungGen: 493696K->96K(472576K)] 495448K->1848K(647680K), 0,0005824 secs] [Times: user=0,00 sys=0,00, real=0,00 secs] 
48,577: [GC (Allocation Failure) [PSYoungGen: 472160K->64K(452096K)] 473912K->1816K(627200K), 0,0010076 secs] [Times: user=0,00 sys=0,00, real=0,00 secs] 
48,710: [GC (Allocation Failure) [PSYoungGen: 451648K->32K(432640K)] 453400K->1784K(607744K), 0,0006474 secs] [Times: user=0,00 sys=0,00, real=0,00 secs] 
48,836: [GC (Allocation Failure) [PSYoungGen: 432160K->96K(414208K)] 433912K->1848K(589312K), 0,0005598 secs] [Times: user=0,00 sys=0,00, real=0,00 secs] 
48,957: [GC (Allocation Failure) [PSYoungGen: 413792K->96K(396800K)] 415544K->1848K(571904K), 0,0005674 secs] [Times: user=0,00 sys=0,00, real=0,00 secs] 
49,073: [GC (Allocation Failure) [PSYoungGen: 396384K->32K(476160K)] 398136K->1784K(651264K), 0,0136139 secs] [Times: user=0,00 sys=0,00, real=0,02 secs] 
49,239: [GC (Allocation Failure) [PSYoungGen: 475680K->96K(571392K)] 477432K->1848K(746496K), 0,0005698 secs] [Times: user=0,00 sys=0,00, real=0,00 secs] 
49,397: [GC (Allocation Failure) [PSYoungGen: 570976K->96K(685568K)] 572728K->1848K(860672K), 0,0005752 secs] [Times: user=0,00 sys=0,00, real=0,00 secs] 
49,599: [GC (Allocation Failure) [PSYoungGen: 685152K->96K(822784K)] 686904K->1848K(997888K), 0,0006034 secs] [Times: user=0,00 sys=0,00, real=0,00 secs] 
49,836: [GC (Allocation Failure) [PSYoungGen: 822368K->96K(987648K)] 824120K->1848K(1162752K), 0,0005583 secs] [Times: user=0,00 sys=0,00, real=0,00 secs] 
50,150: [GC (Allocation Failure) [PSYoungGen: 987232K->96K(941568K)] 988984K->1848K(1116672K), 0,0005728 secs] [Times: user=0,00 sys=0,00, real=0,00 secs] 
50,439: [GC (Allocation Failure) [PSYoungGen: 941152K->128K(898048K)] 942904K->1880K(1073152K), 0,0006495 secs] [Times: user=0,00 sys=0,00, real=0,00 secs] 
50,710: [GC (Allocation Failure) [PSYoungGen: 897664K->96K(856576K)] 899416K->1872K(1031680K), 0,0005154 secs] [Times: user=0,01 sys=0,00, real=0,00 secs] 
50,949: [GC (Allocation Failure) [PSYoungGen: 856160K->96K(817152K)] 857936K->1872K(992256K), 0,0006372 secs] [Times: user=0,00 sys=0,00, real=0,00 secs] 
51,189: [GC (Allocation Failure) [PSYoungGen: 816736K->64K(779776K)] 818512K->1840K(954880K), 0,0006511 secs] [Times: user=0,01 sys=0,00, real=0,00 secs] 
51,419: [GC (Allocation Failure) [PSYoungGen: 779328K->64K(743936K)] 781104K->1840K(919040K), 0,0005302 secs] [Times: user=0,00 sys=0,00, real=0,00 secs] 
51,631: [GC (Allocation Failure) [PSYoungGen: 743488K->96K(710144K)] 745264K->1872K(885248K), 0,0006805 secs] [Times: user=0,00 sys=0,00, real=0,00 secs] 
51,835: [GC (Allocation Failure) [PSYoungGen: 709728K->64K(677888K)] 711504K->1840K(852992K), 0,0008118 secs] [Times: user=0,01 sys=0,00, real=0,00 secs] 
52,024: [GC (Allocation Failure) [PSYoungGen: 677440K->96K(647168K)] 679216K->1872K(822272K), 0,0005499 secs] [Times: user=0,00 sys=0,00, real=0,01 secs] 
52,233: [GC (Allocation Failure) [PSYoungGen: 646752K->96K(617984K)] 648528K->1872K(793088K), 0,0006135 secs] [Times: user=0,00 sys=0,00, real=0,00 secs] 
52,444: [GC (Allocation Failure) [PSYoungGen: 617568K->96K(590336K)] 619344K->1872K(765440K), 0,0005615 secs] [Times: user=0,00 sys=0,00, real=0,01 secs] 
52,613: [GC (Allocation Failure) [PSYoungGen: 589920K->96K(564224K)] 591696K->1872K(739328K), 0,0012195 secs] [Times: user=0,00 sys=0,00, real=0,00 secs] 
52,783: [GC (Allocation Failure) [PSYoungGen: 563808K->96K(539136K)] 565584K->1872K(714240K), 0,0005515 secs] [Times: user=0,01 sys=0,00, real=0,00 secs] 
52,938: [GC (Allocation Failure) [PSYoungGen: 538720K->96K(515584K)] 540496K->1872K(690688K), 0,0005642 secs] [Times: user=0,00 sys=0,00, real=0,00 secs] 
53,088: [GC (Allocation Failure) [PSYoungGen: 515168K->96K(493056K)] 516944K->1872K(668160K), 0,0005565 secs] [Times: user=0,01 sys=0,00, real=0,00 secs] 
53,233: [GC (Allocation Failure) [PSYoungGen: 492640K->32K(471552K)] 494416K->1808K(646656K), 0,0006626 secs] [Times: user=0,00 sys=0,00, real=0,00 secs] 
53,398: [GC (Allocation Failure) [PSYoungGen: 471072K->64K(451072K)] 472848K->1840K(626176K), 0,0028631 secs] [Times: user=0,00 sys=0,00, real=0,00 secs] 
53,535: [GC (Allocation Failure) [PSYoungGen: 450624K->64K(431616K)] 452400K->1840K(606720K), 0,0005625 secs] [Times: user=0,00 sys=0,00, real=0,00 secs] 
53,656: [GC (Allocation Failure) [PSYoungGen: 431168K->96K(413184K)] 432944K->1872K(588288K), 0,0005512 secs] [Times: user=0,00 sys=0,00, real=0,00 secs] 
53,778: [GC (Allocation Failure) [PSYoungGen: 412768K->96K(395776K)] 414544K->1872K(570880K), 0,0005536 secs] [Times: user=0,00 sys=0,00, real=0,00 secs] 
53,904: [GC (Allocation Failure) [PSYoungGen: 395360K->64K(378880K)] 397136K->1840K(553984K), 0,0016516 secs] [Times: user=0,00 sys=0,00, real=0,01 secs] 
54,011: [GC (Allocation Failure) [PSYoungGen: 378432K->96K(363008K)] 380208K->1872K(538112K), 0,0011654 secs] [Times: user=0,00 sys=0,00, real=0,00 secs] 
54,126: [GC (Allocation Failure) [PSYoungGen: 362592K->64K(348160K)] 364368K->1840K(523264K), 0,0011866 secs] [Times: user=0,00 sys=0,00, real=0,00 secs] 
54,231: [GC (Allocation Failure) [PSYoungGen: 347712K->96K(333824K)] 349488K->1872K(508928K), 0,0005523 secs] [Times: user=0,00 sys=0,00, real=0,00 secs] 
54,328: [GC (Allocation Failure) [PSYoungGen: 333408K->96K(320000K)] 335184K->1872K(495104K), 0,0005639 secs] [Times: user=0,00 sys=0,00, real=0,00 secs] 
54,420: [GC (Allocation Failure) [PSYoungGen: 319584K->96K(307200K)] 321360K->1872K(482304K), 0,0005600 secs] [Times: user=0,00 sys=0,00, real=0,00 secs] 
54,507: [GC (Allocation Failure) [PSYoungGen: 306784K->96K(294912K)] 308560K->1872K(470016K), 0,0005619 secs] [Times: user=0,00 sys=0,00, real=0,00 secs] 
54,589: [GC (Allocation Failure) [PSYoungGen: 294496K->96K(283136K)] 296272K->1872K(458240K), 0,0005660 secs] [Times: user=0,00 sys=0,00, real=0,00 secs] 
54,667: [GC (Allocation Failure) [PSYoungGen: 282720K->64K(271872K)] 284496K->1840K(446976K), 0,0006620 secs] [Times: user=0,00 sys=0,00, real=0,00 secs] 
54,747: [GC (Allocation Failure) [PSYoungGen: 271424K->96K(261120K)] 273200K->1872K(436224K), 0,0005959 secs] [Times: user=0,00 sys=0,00, real=0,00 secs] 
54,819: [GC (Allocation Failure) [PSYoungGen: 260704K->96K(250880K)] 262480K->1872K(425984K), 0,0005607 secs] [Times: user=0,00 sys=0,00, real=0,00 secs] 
54,906: [GC (Allocation Failure) [PSYoungGen: 250464K->96K(241152K)] 252240K->1872K(416256K), 0,0004964 secs] [Times: user=0,00 sys=0,00, real=0,00 secs] 
54,971: [GC (Allocation Failure) [PSYoungGen: 240736K->96K(231936K)] 242512K->1872K(407040K), 0,0006296 secs] [Times: user=0,00 sys=0,00, real=0,00 secs] 
55,035: [GC (Allocation Failure) [PSYoungGen: 231520K->64K(223232K)] 233296K->1840K(398336K), 0,0008466 secs] [Times: user=0,00 sys=0,00, real=0,00 secs] 
55,097: [GC (Allocation Failure) [PSYoungGen: 222784K->96K(215040K)] 224560K->1872K(390144K), 0,0005835 secs] [Times: user=0,00 sys=0,00, real=0,00 secs] 
55,157: [GC (Allocation Failure) [PSYoungGen: 214624K->128K(206848K)] 216400K->1904K(381952K), 0,0005802 secs] [Times: user=0,00 sys=0,00, real=0,00 secs] 
55,212: [GC (Allocation Failure) [PSYoungGen: 206464K->96K(199168K)] 208240K->1872K(374272K), 0,0005672 secs] [Times: user=0,00 sys=0,00, real=0,00 secs] 
55,266: [GC (Allocation Failure) [PSYoungGen: 198752K->64K(192000K)] 200528K->1840K(367104K), 0,0005685 secs] [Times: user=0,00 sys=0,00, real=0,00 secs] 
55,318: [GC (Allocation Failure) [PSYoungGen: 191552K->64K(185344K)] 193328K->1840K(360448K), 0,0005911 secs] [Times: user=0,01 sys=0,01, real=0,00 secs] 
55,368: [GC (Allocation Failure) [PSYoungGen: 184896K->64K(178688K)] 186672K->1840K(353792K), 0,0005865 secs] [Times: user=0,01 sys=0,00, real=0,00 secs] 
55,417: [GC (Allocation Failure) [PSYoungGen: 178240K->96K(172544K)] 180016K->1872K(347648K), 0,0005552 secs] [Times: user=0,00 sys=0,00, real=0,00 secs] 
55,467: [GC (Allocation Failure) [PSYoungGen: 172128K->96K(166400K)] 173904K->1872K(341504K), 0,0005668 secs] [Times: user=0,00 sys=0,00, real=0,00 secs] 
55,511: [GC (Allocation Failure) [PSYoungGen: 165984K->96K(199680K)] 167760K->1872K(374784K), 0,0005700 secs] [Times: user=0,00 sys=0,00, real=0,00 secs] 
55,565: [GC (Allocation Failure) [PSYoungGen: 199264K->96K(192512K)] 201040K->1872K(367616K), 0,0005640 secs] [Times: user=0,00 sys=0,00, real=0,00 secs] 
55,617: [GC (Allocation Failure) [PSYoungGen: 192096K->96K(185856K)] 193872K->1872K(360960K), 0,0005922 secs] [Times: user=0,01 sys=0,00, real=0,00 secs] 
55,667: [GC (Allocation Failure) [PSYoungGen: 185440K->96K(223232K)] 187216K->1872K(398336K), 0,0005643 secs] [Times: user=0,01 sys=0,00, real=0,00 secs] 
55,728: [GC (Allocation Failure) [PSYoungGen: 222816K->96K(215040K)] 224592K->1872K(390144K), 0,0006217 secs] [Times: user=0,00 sys=0,00, real=0,00 secs] 
55,789: [GC (Allocation Failure) [PSYoungGen: 214624K->96K(206848K)] 216400K->1872K(381952K), 0,0005666 secs] [Times: user=0,00 sys=0,00, real=0,00 secs] 
55,846: [GC (Allocation Failure) [PSYoungGen: 206432K->64K(248320K)] 208208K->1840K(423424K), 0,0008797 secs] [Times: user=0,00 sys=0,00, real=0,00 secs] 
55,920: [GC (Allocation Failure) [PSYoungGen: 247872K->96K(238592K)] 249648K->1872K(413696K), 0,0005705 secs] [Times: user=0,01 sys=0,00, real=0,00 secs] 
55,994: [GC (Allocation Failure) [PSYoungGen: 238176K->96K(229376K)] 239952K->1872K(404480K), 0,0006115 secs] [Times: user=0,01 sys=0,00, real=0,00 secs] 
56,058: [GC (Allocation Failure) [PSYoungGen: 228960K->96K(220672K)] 230736K->1872K(395776K), 0,0006152 secs] [Times: user=0,00 sys=0,00, real=0,00 secs] 
56,118: [GC (Allocation Failure) [PSYoungGen: 220256K->96K(212480K)] 222032K->1872K(387584K), 0,0006056 secs] [Times: user=0,00 sys=0,00, real=0,00 secs] 
56,175: [GC (Allocation Failure) [PSYoungGen: 212064K->96K(204800K)] 213840K->1872K(379904K), 0,0006099 secs] [Times: user=0,00 sys=0,00, real=0,00 secs] 
56,231: [GC (Allocation Failure) [PSYoungGen: 204384K->96K(197120K)] 206160K->1872K(372224K), 0,0005846 secs] [Times: user=0,00 sys=0,00, real=0,00 secs] 
56,283: [GC (Allocation Failure) [PSYoungGen: 196704K->64K(236544K)] 198480K->1840K(411648K), 0,0011373 secs] [Times: user=0,01 sys=0,00, real=0,00 secs] 
56,345: [GC (Allocation Failure) [PSYoungGen: 236096K->64K(284160K)] 237872K->1840K(459264K), 0,0005954 secs] [Times: user=0,00 sys=0,00, real=0,00 secs] 
56,420: [GC (Allocation Failure) [PSYoungGen: 283712K->96K(272896K)] 285488K->1872K(448000K), 0,0005668 secs] [Times: user=0,00 sys=0,00, real=0,00 secs] 
56,495: [GC (Allocation Failure) [PSYoungGen: 272480K->96K(262144K)] 274256K->1872K(437248K), 0,0005706 secs] [Times: user=0,00 sys=0,00, real=0,01 secs] 
56,570: [GC (Allocation Failure) [PSYoungGen: 261728K->64K(251904K)] 263504K->1840K(427008K), 0,0006877 secs] [Times: user=0,00 sys=0,00, real=0,00 secs] 
56,642: [GC (Allocation Failure) [PSYoungGen: 251456K->96K(242176K)] 253232K->1872K(417280K), 0,0005474 secs] [Times: user=0,00 sys=0,00, real=0,00 secs] 
56,711: [GC (Allocation Failure) [PSYoungGen: 241760K->96K(232960K)] 243536K->1872K(408064K), 0,0005490 secs] [Times: user=0,00 sys=0,00, real=0,00 secs] 
56,778: [GC (Allocation Failure) [PSYoungGen: 232544K->64K(279552K)] 234320K->1840K(454656K), 0,0011647 secs] [Times: user=0,00 sys=0,00, real=0,00 secs] 
56,859: [GC (Allocation Failure) [PSYoungGen: 279104K->128K(335360K)] 280880K->1904K(510464K), 0,0012034 secs] [Times: user=0,00 sys=0,00, real=0,00 secs] 
56,956: [GC (Allocation Failure) [PSYoungGen: 334976K->96K(321536K)] 336752K->1872K(496640K), 0,0005553 secs] [Times: user=0,00 sys=0,00, real=0,00 secs] 
57,043: [GC (Allocation Failure) [PSYoungGen: 321119K->96K(308224K)] 322896K->1872K(483328K), 0,0005451 secs] [Times: user=0,00 sys=0,00, real=0,00 secs] 
57,140: [GC (Allocation Failure) [PSYoungGen: 307807K->64K(295936K)] 309584K->1840K(471040K), 0,0007023 secs] [Times: user=0,00 sys=0,00, real=0,00 secs] 
57,236: [GC (Allocation Failure) [PSYoungGen: 295488K->64K(284160K)] 297264K->1840K(459264K), 0,0005902 secs] [Times: user=0,00 sys=0,00, real=0,00 secs] 
57,339: [GC (Allocation Failure) [PSYoungGen: 283712K->96K(272896K)] 285488K->1872K(448000K), 0,0011142 secs] [Times: user=0,01 sys=0,00, real=0,00 secs] 
57,457: [GC (Allocation Failure) [PSYoungGen: 272480K->64K(262144K)] 274256K->1840K(437248K), 0,0005666 secs] [Times: user=0,00 sys=0,00, real=0,00 secs] 
57,566: [GC (Allocation Failure) [PSYoungGen: 261696K->96K(251904K)] 263472K->1872K(427008K), 0,0005453 secs] [Times: user=0,00 sys=0,00, real=0,00 secs] 
57,656: [GC (Allocation Failure) [PSYoungGen: 251488K->96K(242176K)] 253264K->1872K(417280K), 0,0005553 secs] [Times: user=0,00 sys=0,00, real=0,00 secs] 
57,729: [GC (Allocation Failure) [PSYoungGen: 241760K->96K(232960K)] 243536K->1872K(408064K), 0,0005431 secs] [Times: user=0,00 sys=0,00, real=0,00 secs] 
57,791: [GC (Allocation Failure) [PSYoungGen: 232544K->64K(224256K)] 234320K->1840K(399360K), 0,0011239 secs] [Times: user=0,00 sys=0,00, real=0,00 secs] 
57,853: [GC (Allocation Failure) [PSYoungGen: 223808K->64K(216064K)] 225584K->1840K(391168K), 0,0005524 secs] [Times: user=0,00 sys=0,00, real=0,00 secs] 
57,921: [GC (Allocation Failure) [PSYoungGen: 215616K->96K(207872K)] 217392K->1872K(382976K), 0,0005619 secs] [Times: user=0,00 sys=0,00, real=0,00 secs] 
57,985: [GC (Allocation Failure) [PSYoungGen: 207456K->96K(200192K)] 209232K->1872K(375296K), 0,0006402 secs] [Times: user=0,00 sys=0,00, real=0,01 secs] 
58,046: [GC (Allocation Failure) [PSYoungGen: 199776K->64K(193024K)] 201552K->1840K(368128K), 0,0009763 secs] [Times: user=0,00 sys=0,00, real=0,00 secs] 
58,103: [GC (Allocation Failure) [PSYoungGen: 192576K->128K(231936K)] 194352K->1904K(407040K), 0,0013614 secs] [Times: user=0,00 sys=0,00, real=0,00 secs] 
58,174: [GC (Allocation Failure) [PSYoungGen: 231552K->96K(278528K)] 233328K->1872K(453632K), 0,0005752 secs] [Times: user=0,00 sys=0,00, real=0,00 secs] 
58,260: [GC (Allocation Failure) [PSYoungGen: 278112K->96K(334336K)] 279888K->1872K(509440K), 0,0007009 secs] [Times: user=0,00 sys=0,00, real=0,00 secs] 
58,362: [GC (Allocation Failure) [PSYoungGen: 333920K->96K(320512K)] 335696K->1872K(495616K), 0,0005652 secs] [Times: user=0,00 sys=0,00, real=0,00 secs] 
58,456: [GC (Allocation Failure) [PSYoungGen: 320096K->96K(307712K)] 321872K->1872K(482816K), 0,0005677 secs] [Times: user=0,00 sys=0,00, real=0,00 secs] 
58,540: [GC (Allocation Failure) [PSYoungGen: 307296K->96K(295424K)] 309072K->1872K(470528K), 0,0006320 secs] [Times: user=0,00 sys=0,00, real=0,00 secs] 
58,621: [GC (Allocation Failure) [PSYoungGen: 295008K->96K(283648K)] 296784K->1872K(458752K), 0,0006252 secs] [Times: user=0,01 sys=0,00, real=0,00 secs] 
58,704: [GC (Allocation Failure) [PSYoungGen: 283232K->96K(272384K)] 285008K->1872K(447488K), 0,0005633 secs] [Times: user=0,01 sys=0,00, real=0,00 secs] 
58,787: [GC (Allocation Failure) [PSYoungGen: 271968K->64K(261632K)] 273744K->1840K(436736K), 0,0005976 secs] [Times: user=0,00 sys=0,00, real=0,00 secs] 
58,870: [GC (Allocation Failure) [PSYoungGen: 261184K->96K(251392K)] 262960K->1872K(426496K), 0,0006165 secs] [Times: user=0,01 sys=0,01, real=0,00 secs] 
58,951: [GC (Allocation Failure) [PSYoungGen: 250976K->64K(241664K)] 252752K->1840K(416768K), 0,0015123 secs] [Times: user=0,01 sys=0,00, real=0,00 secs] 
59,018: [GC (Allocation Failure) [PSYoungGen: 241216K->96K(232448K)] 242992K->1872K(407552K), 0,0005989 secs] [Times: user=0,00 sys=0,00, real=0,00 secs] 
59,088: [GC (Allocation Failure) [PSYoungGen: 232032K->96K(223744K)] 233808K->1872K(398848K), 0,0005648 secs] [Times: user=0,00 sys=0,00, real=0,00 secs] 
59,149: [GC (Allocation Failure) [PSYoungGen: 223328K->96K(215552K)] 225104K->1872K(390656K), 0,0005670 secs] [Times: user=0,00 sys=0,00, real=0,00 secs] 
59,209: [GC (Allocation Failure) [PSYoungGen: 215136K->96K(207360K)] 216912K->1872K(382464K), 0,0006912 secs] [Times: user=0,00 sys=0,00, real=0,00 secs] 
59,265: [GC (Allocation Failure) [PSYoungGen: 206944K->96K(199680K)] 208720K->1872K(374784K), 0,0005694 secs] [Times: user=0,01 sys=0,00, real=0,01 secs] 
59,329: [GC (Allocation Failure) [PSYoungGen: 199264K->96K(192512K)] 201040K->1872K(367616K), 0,0008846 secs] [Times: user=0,01 sys=0,00, real=0,00 secs] 
59,382: [GC (Allocation Failure) [PSYoungGen: 192096K->96K(185856K)] 193872K->1872K(360960K), 0,0005534 secs] [Times: user=0,00 sys=0,00, real=0,00 secs] 
59,445: [GC (Allocation Failure) [PSYoungGen: 185440K->64K(223232K)] 187216K->1840K(398336K), 0,0012429 secs] [Times: user=0,00 sys=0,00, real=0,01 secs] 
59,514: [GC (Allocation Failure) [PSYoungGen: 222784K->96K(267776K)] 224560K->1872K(442880K), 0,0005716 secs] [Times: user=0,00 sys=0,00, real=0,00 secs] 
59,591: [GC (Allocation Failure) [PSYoungGen: 267360K->96K(257536K)] 269136K->1872K(432640K), 0,0005627 secs] [Times: user=0,00 sys=0,00, real=0,00 secs] 
59,664: [GC (Allocation Failure) [PSYoungGen: 257120K->96K(247296K)] 258896K->1872K(422400K), 0,0005612 secs] [Times: user=0,00 sys=0,00, real=0,00 secs] 
59,732: [GC (Allocation Failure) [PSYoungGen: 246880K->96K(237568K)] 248656K->1872K(412672K), 0,0005761 secs] [Times: user=0,00 sys=0,00, real=0,00 secs] 
59,808: [GC (Allocation Failure) [PSYoungGen: 237152K->96K(228352K)] 238928K->1872K(403456K), 0,0006027 secs] [Times: user=0,01 sys=0,00, real=0,00 secs] 
59,872: [GC (Allocation Failure) [PSYoungGen: 227936K->96K(219648K)] 229712K->1872K(394752K), 0,0005658 secs] [Times: user=0,00 sys=0,00, real=0,00 secs] 
59,932: [GC (Allocation Failure) [PSYoungGen: 219232K->96K(211456K)] 221008K->1872K(386560K), 0,0005772 secs] [Times: user=0,00 sys=0,00, real=0,00 secs] 
59,995: [GC (Allocation Failure) [PSYoungGen: 211040K->96K(203776K)] 212816K->1872K(378880K), 0,0005902 secs] [Times: user=0,00 sys=0,00, real=0,00 secs] 
60,054: [GC (Allocation Failure) [PSYoungGen: 203360K->64K(196096K)] 205136K->1840K(371200K), 0,0009059 secs] [Times: user=0,00 sys=0,00, real=0,00 secs] 
60,113: [GC (Allocation Failure) [PSYoungGen: 195648K->96K(188928K)] 197424K->1872K(364032K), 0,0006180 secs] [Times: user=0,00 sys=0,00, real=0,00 secs] 
60,167: [GC (Allocation Failure) [PSYoungGen: 188512K->96K(182272K)] 190288K->1872K(357376K), 0,0006503 secs] [Times: user=0,00 sys=0,00, real=0,00 secs] 
60,220: [GC (Allocation Failure) [PSYoungGen: 181856K->96K(218624K)] 183632K->1872K(393728K), 0,0007310 secs] [Times: user=0,00 sys=0,00, real=0,00 secs] 
60,291: [GC (Allocation Failure) [PSYoungGen: 218208K->64K(210432K)] 219984K->1840K(385536K), 0,0006526 secs] [Times: user=0,00 sys=0,00, real=0,00 secs] 
60,356: [GC (Allocation Failure) [PSYoungGen: 209984K->160K(202752K)] 211760K->1936K(377856K), 0,0005913 secs] [Times: user=0,00 sys=0,00, real=0,00 secs] 
60,415: [GC (Allocation Failure) [PSYoungGen: 202400K->64K(243200K)] 204176K->1864K(418304K), 0,0011007 secs] [Times: user=0,00 sys=0,00, real=0,01 secs] 
60,488: [GC (Allocation Failure) [PSYoungGen: 242752K->96K(291840K)] 244552K->1896K(466944K), 0,0006074 secs] [Times: user=0,00 sys=0,01, real=0,00 secs] 
60,568: [GC (Allocation Failure) [PSYoungGen: 291424K->96K(280064K)] 293224K->1896K(455168K), 0,0006218 secs] [Times: user=0,00 sys=0,00, real=0,00 secs] 
60,649: [GC (Allocation Failure) [PSYoungGen: 279648K->96K(268800K)] 281448K->1896K(443904K), 0,0005753 secs] [Times: user=0,00 sys=0,00, real=0,00 secs] 
60,724: [GC (Allocation Failure) [PSYoungGen: 268384K->96K(258048K)] 270184K->1896K(433152K), 0,0006515 secs] [Times: user=0,00 sys=0,00, real=0,00 secs] 
60,806: [GC (Allocation Failure) [PSYoungGen: 257632K->96K(247808K)] 259432K->1896K(422912K), 0,0005636 secs] [Times: user=0,00 sys=0,00, real=0,00 secs] 
60,887: [GC (Allocation Failure) [PSYoungGen: 247392K->64K(297472K)] 249192K->1864K(472576K), 0,0015694 secs] [Times: user=0,00 sys=0,00, real=0,00 secs] 
60,991: [GC (Allocation Failure) [PSYoungGen: 297024K->64K(285696K)] 298824K->1864K(460800K), 0,0007342 secs] [Times: user=0,00 sys=0,00, real=0,00 secs] 
61,076: [GC (Allocation Failure) [PSYoungGen: 285248K->64K(274432K)] 287048K->1864K(449536K), 0,0008250 secs] [Times: user=0,00 sys=0,00, real=0,00 secs] 
61,165: [GC (Allocation Failure) [PSYoungGen: 273984K->96K(263680K)] 275784K->1896K(438784K), 0,0006504 secs] [Times: user=0,00 sys=0,00, real=0,00 secs] 
61,256: [GC (Allocation Failure) [PSYoungGen: 263264K->32K(316416K)] 265064K->1832K(491520K), 0,0024125 secs] [Times: user=0,01 sys=0,00, real=0,00 secs] 
61,369: [GC (Allocation Failure) [PSYoungGen: 315936K->96K(379904K)] 317736K->1896K(555008K), 0,0006055 secs] [Times: user=0,01 sys=0,00, real=0,00 secs] 
61,473: [GC (Allocation Failure) [PSYoungGen: 379488K->96K(364032K)] 381288K->1896K(539136K), 0,0005631 secs] [Times: user=0,00 sys=0,00, real=0,00 secs] 
61,571: [GC (Allocation Failure) [PSYoungGen: 363616K->96K(348672K)] 365416K->1896K(523776K), 0,0005833 secs] [Times: user=0,00 sys=0,00, real=0,00 secs] 
61,664: [GC (Allocation Failure) [PSYoungGen: 348256K->96K(334336K)] 350056K->1896K(509440K), 0,0005778 secs] [Times: user=0,00 sys=0,00, real=0,00 secs] 
61,790: [GC (Allocation Failure) [PSYoungGen: 333920K->96K(320512K)] 335720K->1896K(495616K), 0,0006433 secs] [Times: user=0,00 sys=0,00, real=0,00 secs] 
61,923: [GC (Allocation Failure) [PSYoungGen: 320096K->32K(307712K)] 321896K->1832K(482816K), 0,0009540 secs] [Times: user=0,00 sys=0,00, real=0,00 secs] 
62,043: [GC (Allocation Failure) [PSYoungGen: 307232K->32K(295424K)] 309032K->1832K(470528K), 0,0009879 secs] [Times: user=0,00 sys=0,00, real=0,00 secs] 
62,163: [GC (Allocation Failure) [PSYoungGen: 294943K->96K(283648K)] 296744K->1896K(458752K), 0,0006639 secs] [Times: user=0,00 sys=0,00, real=0,00 secs] 
62,279: [GC (Allocation Failure) [PSYoungGen: 283232K->96K(272384K)] 285032K->1896K(447488K), 0,0006340 secs] [Times: user=0,00 sys=0,00, real=0,00 secs] 
62,376: [GC (Allocation Failure) [PSYoungGen: 271968K->96K(261632K)] 273768K->1896K(436736K), 0,0006748 secs] [Times: user=0,00 sys=0,00, real=0,00 secs] 
62,474: [GC (Allocation Failure) [PSYoungGen: 261216K->64K(251392K)] 263016K->1864K(426496K), 0,0005788 secs] [Times: user=0,00 sys=0,00, real=0,00 secs] 
62,577: [GC (Allocation Failure) [PSYoungGen: 250944K->64K(241664K)] 252744K->1864K(416768K), 0,0007312 secs] [Times: user=0,00 sys=0,00, real=0,00 secs] 
62,668: [GC (Allocation Failure) [PSYoungGen: 241216K->96K(232448K)] 243016K->1896K(407552K), 0,0006464 secs] [Times: user=0,00 sys=0,00, real=0,00 secs] 
62,741: [GC (Allocation Failure) [PSYoungGen: 232032K->96K(223744K)] 233832K->1896K(398848K), 0,0005641 secs] [Times: user=0,00 sys=0,00, real=0,00 secs] 
62,802: [GC (Allocation Failure) [PSYoungGen: 223328K->96K(215552K)] 225128K->1896K(390656K), 0,0005733 secs] [Times: user=0,00 sys=0,00, real=0,00 secs] 
62,861: [GC (Allocation Failure) [PSYoungGen: 215136K->96K(207360K)] 216936K->1896K(382464K), 0,0005726 secs] [Times: user=0,00 sys=0,00, real=0,00 secs] 
62,918: [GC (Allocation Failure) [PSYoungGen: 206944K->96K(199680K)] 208744K->1896K(374784K), 0,0005891 secs] [Times: user=0,00 sys=0,00, real=0,00 secs] 
62,972: [GC (Allocation Failure) [PSYoungGen: 199264K->64K(192512K)] 201064K->1864K(367616K), 0,0006631 secs] [Times: user=0,00 sys=0,00, real=0,00 secs] 
63,025: [GC (Allocation Failure) [PSYoungGen: 192064K->96K(185856K)] 193864K->1896K(360960K), 0,0005746 secs] [Times: user=0,00 sys=0,00, real=0,01 secs] 
63,075: [GC (Allocation Failure) [PSYoungGen: 185440K->96K(179200K)] 187240K->1896K(354304K), 0,0006135 secs] [Times: user=0,00 sys=0,00, real=0,00 secs] 
63,125: [GC (Allocation Failure) [PSYoungGen: 178784K->96K(173056K)] 180584K->1896K(348160K), 0,0006267 secs] [Times: user=0,00 sys=0,00, real=0,00 secs] 
63,173: [GC (Allocation Failure) [PSYoungGen: 172640K->96K(207872K)] 174440K->1896K(382976K), 0,0005675 secs] [Times: user=0,00 sys=0,00, real=0,00 secs] 
63,230: [GC (Allocation Failure) [PSYoungGen: 207456K->96K(200192K)] 209256K->1896K(375296K), 0,0006017 secs] [Times: user=0,00 sys=0,00, real=0,00 secs] 
63,288: [GC (Allocation Failure) [PSYoungGen: 199776K->32K(193024K)] 201576K->1832K(368128K), 0,0005911 secs] [Times: user=0,00 sys=0,00, real=0,00 secs] 
63,342: [GC (Allocation Failure) [PSYoungGen: 192544K->96K(185856K)] 194344K->1896K(360960K), 0,0005650 secs] [Times: user=0,01 sys=0,00, real=0,00 secs] 
63,393: [GC (Allocation Failure) [PSYoungGen: 185439K->96K(179200K)] 187240K->1896K(354304K), 0,0006132 secs] [Times: user=0,01 sys=0,00, real=0,00 secs] 
63,443: [GC (Allocation Failure) [PSYoungGen: 178784K->96K(173056K)] 180584K->1896K(348160K), 0,0005809 secs] [Times: user=0,01 sys=0,00, real=0,00 secs] 
63,491: [GC (Allocation Failure) [PSYoungGen: 172640K->96K(207872K)] 174440K->1896K(382976K), 0,0005763 secs] [Times: user=0,00 sys=0,00, real=0,00 secs] 
63,548: [GC (Allocation Failure) [PSYoungGen: 207456K->96K(249344K)] 209256K->1896K(424448K), 0,0006417 secs] [Times: user=0,00 sys=0,00, real=0,00 secs] 
63,616: [GC (Allocation Failure) [PSYoungGen: 248928K->96K(239616K)] 250728K->1896K(414720K), 0,0005645 secs] [Times: user=0,00 sys=0,00, real=0,00 secs] 
63,681: [GC (Allocation Failure) [PSYoungGen: 239200K->96K(230400K)] 241000K->1896K(405504K), 0,0005754 secs] [Times: user=0,00 sys=0,00, real=0,00 secs] 
63,743: [GC (Allocation Failure) [PSYoungGen: 229984K->96K(221696K)] 231784K->1896K(396800K), 0,0005741 secs] [Times: user=0,00 sys=0,00, real=0,00 secs] 
63,806: [GC (Allocation Failure) [PSYoungGen: 221280K->32K(213504K)] 223080K->1832K(388608K), 0,0007085 secs] [Times: user=0,00 sys=0,00, real=0,00 secs] 
63,875: [GC (Allocation Failure) [PSYoungGen: 213024K->96K(205824K)] 214824K->1896K(380928K), 0,0005735 secs] [Times: user=0,01 sys=0,00, real=0,01 secs] 
63,942: [GC (Allocation Failure) [PSYoungGen: 205408K->96K(198144K)] 207208K->1896K(373248K), 0,0006430 secs] [Times: user=0,00 sys=0,00, real=0,00 secs] 
64,004: [GC (Allocation Failure) [PSYoungGen: 197728K->96K(190976K)] 199528K->1896K(366080K), 0,0005775 secs] [Times: user=0,00 sys=0,00, real=0,00 secs] 
64,062: [GC (Allocation Failure) [PSYoungGen: 190560K->64K(184320K)] 192360K->1864K(359424K), 0,0007782 secs] [Times: user=0,00 sys=0,00, real=0,00 secs] 
64,117: [GC (Allocation Failure) [PSYoungGen: 183872K->64K(221184K)] 185672K->1864K(396288K), 0,0011446 secs] [Times: user=0,01 sys=0,00, real=0,00 secs] 
64,186: [GC (Allocation Failure) [PSYoungGen: 220736K->64K(265728K)] 222536K->1864K(440832K), 0,0013226 secs] [Times: user=0,00 sys=0,00, real=0,00 secs] 
64,265: [GC (Allocation Failure) [PSYoungGen: 265280K->64K(318976K)] 267080K->1864K(494080K), 0,0007918 secs] [Times: user=0,00 sys=0,00, real=0,01 secs] 
64,514: [GC (Allocation Failure) [PSYoungGen: 318528K->96K(306176K)] 320328K->1896K(481280K), 0,0006427 secs] [Times: user=0,00 sys=0,00, real=0,00 secs] 
64,614: [GC (Allocation Failure) [PSYoungGen: 305760K->64K(367616K)] 307560K->1864K(542720K), 0,0041046 secs] [Times: user=0,00 sys=0,00, real=0,01 secs] 
64,732: [GC (Allocation Failure) [PSYoungGen: 367168K->96K(441344K)] 368968K->1896K(616448K), 0,0005779 secs] [Times: user=0,00 sys=0,00, real=0,00 secs] 
64,906: [GC (Allocation Failure) [PSYoungGen: 440928K->96K(529920K)] 442728K->1896K(705024K), 0,0005557 secs] [Times: user=0,01 sys=0,00, real=0,00 secs] 
65,110: [GC (Allocation Failure) [PSYoungGen: 529504K->64K(506368K)] 531304K->1872K(681472K), 0,0011691 secs] [Times: user=0,00 sys=0,00, real=0,00 secs] 
65,300: [GC (Allocation Failure) [PSYoungGen: 505920K->96K(484352K)] 507728K->1904K(659456K), 0,0005630 secs] [Times: user=0,00 sys=0,00, real=0,00 secs] 
65,481: [GC (Allocation Failure) [PSYoungGen: 483936K->96K(463360K)] 485744K->1904K(638464K), 0,0005571 secs] [Times: user=0,00 sys=0,00, real=0,00 secs] 
65,678: [GC (Allocation Failure) [PSYoungGen: 462944K->32K(443392K)] 464752K->1840K(618496K), 0,0008930 secs] [Times: user=0,01 sys=0,00, real=0,00 secs] 
65,862: [GC (Allocation Failure) [PSYoungGen: 442912K->96K(424448K)] 444720K->1904K(599552K), 0,0005929 secs] [Times: user=0,00 sys=0,00, real=0,00 secs] 
65,986: [GC (Allocation Failure) [PSYoungGen: 424032K->64K(406528K)] 425840K->1872K(581632K), 0,0008500 secs] [Times: user=0,00 sys=0,00, real=0,00 secs] 
66,101: [GC (Allocation Failure) [PSYoungGen: 406080K->96K(389120K)] 407888K->1904K(564224K), 0,0005777 secs] [Times: user=0,00 sys=0,00, real=0,00 secs] 
66,212: [GC (Allocation Failure) [PSYoungGen: 388704K->96K(372736K)] 390512K->1904K(547840K), 0,0005780 secs] [Times: user=0,00 sys=0,00, real=0,00 secs] 
66,319: [GC (Allocation Failure) [PSYoungGen: 372320K->96K(357376K)] 374128K->1904K(532480K), 0,0005953 secs] [Times: user=0,01 sys=0,00, real=0,00 secs] 
66,420: [GC (Allocation Failure) [PSYoungGen: 356960K->96K(342528K)] 358768K->1904K(517632K), 0,0005878 secs] [Times: user=0,01 sys=0,00, real=0,00 secs] 
66,521: [GC (Allocation Failure) [PSYoungGen: 342112K->96K(328192K)] 343920K->1904K(503296K), 0,0006060 secs] [Times: user=0,00 sys=0,00, real=0,00 secs] 
66,615: [GC (Allocation Failure) [PSYoungGen: 327776K->64K(314880K)] 329584K->1872K(489984K), 0,0006407 secs] [Times: user=0,01 sys=0,00, real=0,01 secs] 
66,701: [GC (Allocation Failure) [PSYoungGen: 314432K->96K(302080K)] 316240K->1904K(477184K), 0,0005894 secs] [Times: user=0,00 sys=0,00, real=0,00 secs] 
66,785: [GC (Allocation Failure) [PSYoungGen: 301664K->96K(289792K)] 303472K->1904K(464896K), 0,0005691 secs] [Times: user=0,00 sys=0,00, real=0,00 secs] 
66,866: [GC (Allocation Failure) [PSYoungGen: 289376K->64K(278016K)] 291184K->1872K(453120K), 0,0008680 secs] [Times: user=0,00 sys=0,00, real=0,00 secs] 
66,945: [GC (Allocation Failure) [PSYoungGen: 277568K->64K(267264K)] 279376K->1872K(442368K), 0,0006805 secs] [Times: user=0,00 sys=0,00, real=0,01 secs] 
67,021: [GC (Allocation Failure) [PSYoungGen: 266816K->64K(257024K)] 268624K->1872K(432128K), 0,0005754 secs] [Times: user=0,00 sys=0,00, real=0,00 secs] 
67,092: [GC (Allocation Failure) [PSYoungGen: 256576K->96K(247296K)] 258384K->1904K(422400K), 0,0005916 secs] [Times: user=0,00 sys=0,00, real=0,00 secs] 
67,164: [GC (Allocation Failure) [PSYoungGen: 246880K->64K(237568K)] 248688K->1872K(412672K), 0,0005805 secs] [Times: user=0,00 sys=0,00, real=0,01 secs] 
67,229: [GC (Allocation Failure) [PSYoungGen: 237120K->96K(228352K)] 238928K->1904K(403456K), 0,0005721 secs] [Times: user=0,00 sys=0,00, real=0,00 secs] 
67,290: [GC (Allocation Failure) [PSYoungGen: 227936K->64K(219648K)] 229744K->1872K(394752K), 0,0005922 secs] [Times: user=0,00 sys=0,00, real=0,00 secs] 
67,351: [GC (Allocation Failure) [PSYoungGen: 219200K->64K(211456K)] 221008K->1872K(386560K), 0,0006063 secs] [Times: user=0,00 sys=0,00, real=0,00 secs] 
67,409: [GC (Allocation Failure) [PSYoungGen: 211008K->96K(203776K)] 212816K->1904K(378880K), 0,0005576 secs] [Times: user=0,00 sys=0,00, real=0,00 secs] 
67,468: [GC (Allocation Failure) [PSYoungGen: 203360K->96K(196096K)] 205168K->1904K(371200K), 0,0005610 secs] [Times: user=0,00 sys=0,00, real=0,00 secs] 
67,523: [GC (Allocation Failure) [PSYoungGen: 195680K->96K(188928K)] 197488K->1904K(364032K), 0,0005809 secs] [Times: user=0,00 sys=0,00, real=0,00 secs] 
67,579: [GC (Allocation Failure) [PSYoungGen: 188512K->64K(182272K)] 190320K->1872K(357376K), 0,0006009 secs] [Times: user=0,00 sys=0,00, real=0,00 secs] 
67,631: [GC (Allocation Failure) [PSYoungGen: 181824K->96K(175616K)] 183632K->1904K(350720K), 0,0005652 secs] [Times: user=0,00 sys=0,00, real=0,00 secs] 
67,692: [GC (Allocation Failure) [PSYoungGen: 175200K->96K(169472K)] 177008K->1904K(344576K), 0,0006288 secs] [Times: user=0,00 sys=0,00, real=0,00 secs] 
67,756: [GC (Allocation Failure) [PSYoungGen: 169056K->64K(203264K)] 170864K->1872K(378368K), 0,0013002 secs] [Times: user=0,00 sys=0,00, real=0,00 secs] 
67,833: [GC (Allocation Failure) [PSYoungGen: 202816K->96K(244224K)] 204624K->1904K(419328K), 0,0011146 secs] [Times: user=0,00 sys=0,01, real=0,00 secs] 
67,924: [GC (Allocation Failure) [PSYoungGen: 243808K->64K(293376K)] 245616K->1872K(468480K), 0,0005811 secs] [Times: user=0,00 sys=0,00, real=0,01 secs] 
68,039: [GC (Allocation Failure) [PSYoungGen: 292928K->64K(281600K)] 294736K->1872K(456704K), 0,0009781 secs] [Times: user=0,00 sys=0,00, real=0,00 secs] 
68,143: [GC (Allocation Failure) [PSYoungGen: 281152K->96K(270336K)] 282960K->1904K(445440K), 0,0005711 secs] [Times: user=0,00 sys=0,00, real=0,00 secs] 
68,227: [GC (Allocation Failure) [PSYoungGen: 269920K->64K(259584K)] 271728K->1872K(434688K), 0,0008400 secs] [Times: user=0,00 sys=0,00, real=0,00 secs] 
68,298: [GC (Allocation Failure) [PSYoungGen: 259136K->96K(249344K)] 260944K->1904K(424448K), 0,0005616 secs] [Times: user=0,00 sys=0,00, real=0,00 secs] 
68,366: [GC (Allocation Failure) [PSYoungGen: 248928K->64K(239616K)] 250736K->1872K(414720K), 0,0005822 secs] [Times: user=0,00 sys=0,00, real=0,00 secs] 
68,431: [GC (Allocation Failure) [PSYoungGen: 239168K->96K(230400K)] 240976K->1904K(405504K), 0,0005688 secs] [Times: user=0,00 sys=0,00, real=0,00 secs] 
68,497: [GC (Allocation Failure) [PSYoungGen: 229984K->96K(221696K)] 231792K->1904K(396800K), 0,0005917 secs] [Times: user=0,00 sys=0,00, real=0,00 secs] 
68,559: [GC (Allocation Failure) [PSYoungGen: 221280K->96K(213504K)] 223088K->1904K(388608K), 0,0006226 secs] [Times: user=0,00 sys=0,00, real=0,00 secs] 
68,622: [GC (Allocation Failure) [PSYoungGen: 213088K->96K(205824K)] 214896K->1904K(380928K), 0,0005775 secs] [Times: user=0,00 sys=0,00, real=0,00 secs] 
68,683: [GC (Allocation Failure) [PSYoungGen: 205408K->64K(198144K)] 207216K->1872K(373248K), 0,0007164 secs] [Times: user=0,00 sys=0,00, real=0,00 secs] 
68,741: [GC (Allocation Failure) [PSYoungGen: 197696K->96K(190976K)] 199504K->1904K(366080K), 0,0006810 secs] [Times: user=0,01 sys=0,00, real=0,00 secs] 
68,797: [GC (Allocation Failure) [PSYoungGen: 190560K->96K(184320K)] 192368K->1904K(359424K), 0,0005851 secs] [Times: user=0,00 sys=0,00, real=0,00 secs] 
68,852: [GC (Allocation Failure) [PSYoungGen: 183904K->96K(177664K)] 185712K->1904K(352768K), 0,0005816 secs] [Times: user=0,00 sys=0,00, real=0,00 secs] 
68,905: [GC (Allocation Failure) [PSYoungGen: 177248K->32K(213504K)] 179056K->1840K(388608K), 0,0014371 secs] [Times: user=0,00 sys=0,00, real=0,00 secs] 
68,991: [GC (Allocation Failure) [PSYoungGen: 213024K->64K(256512K)] 214832K->1872K(431616K), 0,0016584 secs] [Times: user=0,00 sys=0,00, real=0,00 secs] 
69,106: [GC (Allocation Failure) [PSYoungGen: 256064K->96K(307712K)] 257872K->1904K(482816K), 0,0006406 secs] [Times: user=0,00 sys=0,00, real=0,00 secs] 
69,203: [GC (Allocation Failure) [PSYoungGen: 307296K->64K(369152K)] 309104K->1872K(544256K), 0,0010988 secs] [Times: user=0,00 sys=0,00, real=0,00 secs] 
69,308: [GC (Allocation Failure) [PSYoungGen: 368704K->64K(442880K)] 370512K->1872K(617984K), 0,0012157 secs] [Times: user=0,00 sys=0,01, real=0,00 secs] 
69,468: [GC (Allocation Failure) [PSYoungGen: 442432K->96K(423936K)] 444240K->1904K(599040K), 0,0005950 secs] [Times: user=0,00 sys=0,00, real=0,00 secs] 
69,588: [GC (Allocation Failure) [PSYoungGen: 423520K->96K(406016K)] 425328K->1904K(581120K), 0,0005671 secs] [Times: user=0,00 sys=0,00, real=0,00 secs] 
69,701: [GC (Allocation Failure) [PSYoungGen: 405600K->96K(388608K)] 407408K->1904K(563712K), 0,0005725 secs] [Times: user=0,01 sys=0,00, real=0,00 secs] 
69,807: [GC (Allocation Failure) [PSYoungGen: 388191K->96K(372224K)] 390000K->1904K(547328K), 0,0005683 secs] [Times: user=0,00 sys=0,00, real=0,00 secs] 
69,917: [GC (Allocation Failure) [PSYoungGen: 371808K->96K(356864K)] 373616K->1904K(531968K), 0,0005546 secs] [Times: user=0,00 sys=0,00, real=0,00 secs] 
70,014: [GC (Allocation Failure) [PSYoungGen: 356448K->96K(342016K)] 358256K->1904K(517120K), 0,0005682 secs] [Times: user=0,00 sys=0,00, real=0,01 secs] 
70,109: [GC (Allocation Failure) [PSYoungGen: 341600K->96K(328192K)] 343408K->1904K(503296K), 0,0005921 secs] [Times: user=0,00 sys=0,00, real=0,00 secs] 
70,198: [GC (Allocation Failure) [PSYoungGen: 327776K->96K(314880K)] 329584K->1904K(489984K), 0,0006195 secs] [Times: user=0,00 sys=0,00, real=0,00 secs] 
70,286: [GC (Allocation Failure) [PSYoungGen: 314464K->64K(302080K)] 316272K->1872K(477184K), 0,0008763 secs] [Times: user=0,00 sys=0,00, real=0,00 secs] 
70,368: [GC (Allocation Failure) [PSYoungGen: 301632K->96K(289792K)] 303440K->1904K(464896K), 0,0005992 secs] [Times: user=0,00 sys=0,00, real=0,00 secs] 
70,446: [GC (Allocation Failure) [PSYoungGen: 289376K->96K(278016K)] 291184K->1928K(453120K), 0,0006118 secs] [Times: user=0,00 sys=0,00, real=0,00 secs] 
70,521: [GC (Allocation Failure) [PSYoungGen: 277600K->96K(267264K)] 279432K->1928K(442368K), 0,0005780 secs] [Times: user=0,01 sys=0,00, real=0,00 secs] 
70,592: [GC (Allocation Failure) [PSYoungGen: 266848K->96K(257024K)] 268680K->1928K(432128K), 0,0005503 secs] [Times: user=0,00 sys=0,00, real=0,00 secs] 
70,658: [GC (Allocation Failure) [PSYoungGen: 256608K->64K(247296K)] 258440K->1896K(422400K), 0,0005695 secs] [Times: user=0,00 sys=0,00, real=0,00 secs] 
70,722: [GC (Allocation Failure) [PSYoungGen: 246848K->96K(237568K)] 248680K->1928K(412672K), 0,0005813 secs] [Times: user=0,00 sys=0,00, real=0,00 secs] 
70,784: [GC (Allocation Failure) [PSYoungGen: 237152K->96K(228352K)] 238984K->1928K(403456K), 0,0005504 secs] [Times: user=0,00 sys=0,00, real=0,00 secs] 
70,843: [GC (Allocation Failure) [PSYoungGen: 227936K->64K(219648K)] 229768K->1896K(394752K), 0,0005594 secs] [Times: user=0,00 sys=0,00, real=0,00 secs] 
70,901: [GC (Allocation Failure) [PSYoungGen: 219200K->96K(211456K)] 221032K->1928K(386560K), 0,0005614 secs] [Times: user=0,00 sys=0,00, real=0,00 secs] 
70,956: [GC (Allocation Failure) [PSYoungGen: 211040K->96K(203776K)] 212872K->1928K(378880K), 0,0005491 secs] [Times: user=0,00 sys=0,00, real=0,00 secs] 
71,011: [GC (Allocation Failure) [PSYoungGen: 203360K->96K(196096K)] 205192K->1928K(371200K), 0,0005456 secs] [Times: user=0,00 sys=0,00, real=0,00 secs] 
71,064: [GC (Allocation Failure) [PSYoungGen: 195680K->96K(235520K)] 197512K->1928K(410624K), 0,0011759 secs] [Times: user=0,00 sys=0,00, real=0,01 secs] 
71,131: [GC (Allocation Failure) [PSYoungGen: 235104K->64K(282624K)] 236936K->1896K(457728K), 0,0012700 secs] [Times: user=0,01 sys=0,00, real=0,00 secs] 
71,213: [GC (Allocation Failure) [PSYoungGen: 282176K->96K(339456K)] 284008K->1928K(514560K), 0,0005501 secs] [Times: user=0,01 sys=0,00, real=0,00 secs] 
71,311: [GC (Allocation Failure) [PSYoungGen: 339040K->64K(407552K)] 340872K->1896K(582656K), 0,0010951 secs] [Times: user=0,00 sys=0,00, real=0,00 secs] 
71,424: [GC (Allocation Failure) [PSYoungGen: 407104K->96K(390144K)] 408936K->1928K(565248K), 0,0006164 secs] [Times: user=0,00 sys=0,00, real=0,01 secs] 
71,532: [GC (Allocation Failure) [PSYoungGen: 389728K->96K(373760K)] 391560K->1928K(548864K), 0,0005626 secs] [Times: user=0,00 sys=0,00, real=0,00 secs] 
71,630: [GC (Allocation Failure) [PSYoungGen: 373344K->96K(357888K)] 375176K->1928K(532992K), 0,0005638 secs] [Times: user=0,00 sys=0,00, real=0,00 secs] 
71,723: [GC (Allocation Failure) [PSYoungGen: 357472K->96K(343040K)] 359304K->1928K(518144K), 0,0005678 secs] [Times: user=0,00 sys=0,00, real=0,00 secs] 
71,813: [GC (Allocation Failure) [PSYoungGen: 342623K->64K(328704K)] 344456K->1896K(503808K), 0,0005958 secs] [Times: user=0,00 sys=0,00, real=0,00 secs] 
71,899: [GC (Allocation Failure) [PSYoungGen: 328256K->96K(315392K)] 330088K->1928K(490496K), 0,0005577 secs] [Times: user=0,01 sys=0,00, real=0,00 secs] 
71,982: [GC (Allocation Failure) [PSYoungGen: 314976K->96K(302592K)] 316808K->1928K(477696K), 0,0008789 secs] [Times: user=0,00 sys=0,00, real=0,00 secs] 
72,061: [GC (Allocation Failure) [PSYoungGen: 302176K->96K(290304K)] 304008K->1928K(465408K), 0,0005668 secs] [Times: user=0,00 sys=0,00, real=0,00 secs] 
72,136: [GC (Allocation Failure) [PSYoungGen: 289888K->96K(278528K)] 291720K->1928K(453632K), 0,0005642 secs] [Times: user=0,00 sys=0,00, real=0,00 secs] 
72,210: [GC (Allocation Failure) [PSYoungGen: 278112K->96K(267776K)] 279944K->1928K(442880K), 0,0005330 secs] [Times: user=0,00 sys=0,00, real=0,00 secs] 
72,282: [GC (Allocation Failure) [PSYoungGen: 267360K->64K(257536K)] 269192K->1896K(432640K), 0,0005570 secs] [Times: user=0,00 sys=0,00, real=0,00 secs] 
72,347: [GC (Allocation Failure) [PSYoungGen: 257088K->96K(247296K)] 258920K->1928K(422400K), 0,0005340 secs] [Times: user=0,01 sys=0,00, real=0,00 secs] 
72,410: [GC (Allocation Failure) [PSYoungGen: 246880K->96K(237568K)] 248712K->1928K(412672K), 0,0005449 secs] [Times: user=0,00 sys=0,00, real=0,00 secs] 
72,472: [GC (Allocation Failure) [PSYoungGen: 237152K->96K(228352K)] 238984K->1928K(403456K), 0,0005454 secs] [Times: user=0,00 sys=0,00, real=0,00 secs] 
72,530: [GC (Allocation Failure) [PSYoungGen: 227936K->96K(219648K)] 229768K->1928K(394752K), 0,0005963 secs] [Times: user=0,00 sys=0,00, real=0,00 secs] 
72,587: [GC (Allocation Failure) [PSYoungGen: 219232K->96K(211456K)] 221064K->1928K(386560K), 0,0006735 secs] [Times: user=0,01 sys=0,00, real=0,00 secs] 
72,644: [GC (Allocation Failure) [PSYoungGen: 211040K->96K(203776K)] 212872K->1928K(378880K), 0,0005619 secs] [Times: user=0,00 sys=0,00, real=0,00 secs] 
72,696: [GC (Allocation Failure) [PSYoungGen: 203360K->96K(196096K)] 205192K->1928K(371200K), 0,0005506 secs] [Times: user=0,01 sys=0,00, real=0,00 secs] 
72,745: [GC (Allocation Failure) [PSYoungGen: 195680K->96K(188928K)] 197512K->1928K(364032K), 0,0005343 secs] [Times: user=0,00 sys=0,00, real=0,00 secs] 
72,793: [GC (Allocation Failure) [PSYoungGen: 188512K->64K(226816K)] 190344K->1896K(401920K), 0,0011580 secs] [Times: user=0,00 sys=0,00, real=0,00 secs] 
72,851: [GC (Allocation Failure) [PSYoungGen: 226368K->96K(272384K)] 228200K->1928K(447488K), 0,0005463 secs] [Times: user=0,00 sys=0,00, real=0,00 secs] 
72,920: [GC (Allocation Failure) [PSYoungGen: 271968K->32K(327168K)] 273800K->1864K(502272K), 0,0006395 secs] [Times: user=0,00 sys=0,00, real=0,00 secs] 
73,002: [GC (Allocation Failure) [PSYoungGen: 326688K->64K(313856K)] 328520K->1896K(488960K), 0,0005867 secs] [Times: user=0,00 sys=0,00, real=0,00 secs] 
73,084: [GC (Allocation Failure) [PSYoungGen: 313408K->96K(301056K)] 315240K->1928K(476160K), 0,0005846 secs] [Times: user=0,00 sys=0,00, real=0,00 secs] 
73,160: [GC (Allocation Failure) [PSYoungGen: 300640K->64K(288768K)] 302472K->1896K(463872K), 0,0007386 secs] [Times: user=0,00 sys=0,00, real=0,00 secs] 
73,232: [GC (Allocation Failure) [PSYoungGen: 288320K->96K(277504K)] 290152K->1928K(452608K), 0,0005464 secs] [Times: user=0,00 sys=0,00, real=0,00 secs] 
73,303: [GC (Allocation Failure) [PSYoungGen: 277088K->96K(266752K)] 278920K->1928K(441856K), 0,0009668 secs] [Times: user=0,01 sys=0,00, real=0,00 secs] 
73,370: [GC (Allocation Failure) [PSYoungGen: 266336K->96K(256512K)] 268168K->1928K(431616K), 0,0005451 secs] [Times: user=0,00 sys=0,00, real=0,00 secs] 
73,436: [GC (Allocation Failure) [PSYoungGen: 256096K->96K(246784K)] 257928K->1928K(421888K), 0,0005464 secs] [Times: user=0,00 sys=0,00, real=0,00 secs] 
73,500: [GC (Allocation Failure) [PSYoungGen: 246368K->64K(237568K)] 248200K->1896K(412672K), 0,0005956 secs] [Times: user=0,00 sys=0,00, real=0,00 secs] 
73,559: [GC (Allocation Failure) [PSYoungGen: 237120K->96K(228352K)] 238952K->1928K(403456K), 0,0005890 secs] [Times: user=0,00 sys=0,00, real=0,00 secs] 
73,618: [GC (Allocation Failure) [PSYoungGen: 227936K->64K(219648K)] 229768K->1896K(394752K), 0,0005580 secs] [Times: user=0,00 sys=0,00, real=0,00 secs] 
73,673: [GC (Allocation Failure) [PSYoungGen: 219200K->96K(211456K)] 221032K->1928K(386560K), 0,0005629 secs] [Times: user=0,00 sys=0,00, real=0,00 secs] 
73,726: [GC (Allocation Failure) [PSYoungGen: 211040K->32K(203776K)] 212872K->1864K(378880K), 0,0006482 secs] [Times: user=0,00 sys=0,00, real=0,00 secs] 
73,779: [GC (Allocation Failure) [PSYoungGen: 203296K->96K(196096K)] 205128K->1928K(371200K), 0,0005374 secs] [Times: user=0,00 sys=0,00, real=0,00 secs] 
73,828: [GC (Allocation Failure) [PSYoungGen: 195680K->96K(188928K)] 197512K->1928K(364032K), 0,0005674 secs] [Times: user=0,00 sys=0,00, real=0,00 secs] 
73,877: [GC (Allocation Failure) [PSYoungGen: 188512K->64K(182272K)] 190344K->1896K(357376K), 0,0005905 secs] [Times: user=0,00 sys=0,00, real=0,00 secs] 
73,923: [GC (Allocation Failure) [PSYoungGen: 181824K->96K(175616K)] 183656K->1928K(350720K), 0,0005313 secs] [Times: user=0,00 sys=0,00, real=0,00 secs] 
73,967: [GC (Allocation Failure) [PSYoungGen: 175200K->96K(210944K)] 177032K->1928K(386048K), 0,0005411 secs] [Times: user=0,00 sys=0,00, real=0,00 secs] 
74,020: [GC (Allocation Failure) [PSYoungGen: 210528K->64K(253440K)] 212360K->1896K(428544K), 0,0008548 secs] [Times: user=0,01 sys=0,00, real=0,00 secs] 
74,085: [GC (Allocation Failure) [PSYoungGen: 252992K->96K(304128K)] 254824K->1928K(479232K), 0,0005431 secs] [Times: user=0,00 sys=0,00, real=0,00 secs] 
74,162: [GC (Allocation Failure) [PSYoungGen: 303712K->96K(291840K)] 305544K->1928K(466944K), 0,0005578 secs] [Times: user=0,00 sys=0,00, real=0,00 secs] 
74,236: [GC (Allocation Failure) [PSYoungGen: 291424K->96K(280064K)] 293256K->1928K(455168K), 0,0006202 secs] [Times: user=0,00 sys=0,00, real=0,00 secs] 
74,307: [GC (Allocation Failure) [PSYoungGen: 279648K->96K(268800K)] 281480K->1928K(443904K), 0,0005469 secs] [Times: user=0,00 sys=0,00, real=0,00 secs] 
74,384: [GC (Allocation Failure) [PSYoungGen: 268384K->96K(258048K)] 270216K->1928K(433152K), 0,0005333 secs] [Times: user=0,00 sys=0,00, real=0,00 secs] 
74,449: [GC (Allocation Failure) [PSYoungGen: 257632K->96K(247808K)] 259464K->1928K(422912K), 0,0006072 secs] [Times: user=0,00 sys=0,00, real=0,00 secs] 
74,514: [GC (Allocation Failure) [PSYoungGen: 247392K->128K(238080K)] 249224K->1960K(413184K), 0,0005486 secs] [Times: user=0,00 sys=0,00, real=0,00 secs] 
74,574: [GC (Allocation Failure) [PSYoungGen: 237696K->96K(228864K)] 239528K->1928K(403968K), 0,0005414 secs] [Times: user=0,00 sys=0,00, real=0,00 secs] 
74,632: [GC (Allocation Failure) [PSYoungGen: 228448K->96K(220160K)] 230280K->1928K(395264K), 0,0005392 secs] [Times: user=0,00 sys=0,00, real=0,00 secs] 
74,688: [GC (Allocation Failure) [PSYoungGen: 219744K->64K(211968K)] 221576K->1896K(387072K), 0,0005506 secs] [Times: user=0,01 sys=0,00, real=0,00 secs] 
74,741: [GC (Allocation Failure) [PSYoungGen: 211520K->96K(204288K)] 213352K->1928K(379392K), 0,0005472 secs] [Times: user=0,00 sys=0,00, real=0,00 secs] 
74,793: [GC (Allocation Failure) [PSYoungGen: 203872K->96K(196608K)] 205704K->1928K(371712K), 0,0005972 secs] [Times: user=0,00 sys=0,00, real=0,00 secs] 
74,842: [GC (Allocation Failure) [PSYoungGen: 196192K->96K(189440K)] 198024K->1928K(364544K), 0,0005355 secs] [Times: user=0,00 sys=0,00, real=0,00 secs] 
74,891: [GC (Allocation Failure) [PSYoungGen: 189024K->64K(182784K)] 190856K->1896K(357888K), 0,0005735 secs] [Times: user=0,00 sys=0,00, real=0,00 secs] 
74,937: [GC (Allocation Failure) [PSYoungGen: 182336K->96K(176128K)] 184168K->1928K(351232K), 0,0005371 secs] [Times: user=0,01 sys=0,00, real=0,00 secs] 
74,982: [GC (Allocation Failure) [PSYoungGen: 175712K->96K(211456K)] 177544K->1928K(386560K), 0,0006056 secs] [Times: user=0,00 sys=0,00, real=0,00 secs] 
75,036: [GC (Allocation Failure) [PSYoungGen: 211040K->96K(253952K)] 212872K->1928K(429056K), 0,0005809 secs] [Times: user=0,01 sys=0,00, real=0,00 secs] 
75,100: [GC (Allocation Failure) [PSYoungGen: 253536K->64K(244224K)] 255368K->1896K(419328K), 0,0006275 secs] [Times: user=0,00 sys=0,00, real=0,00 secs] 
75,162: [GC (Allocation Failure) [PSYoungGen: 243776K->96K(293376K)] 245608K->1928K(468480K), 0,0009845 secs] [Times: user=0,00 sys=0,00, real=0,00 secs] 
75,237: [GC (Allocation Failure) [PSYoungGen: 292960K->96K(281600K)] 294792K->1928K(456704K), 0,0005266 secs] [Times: user=0,00 sys=0,00, real=0,00 secs] 
75,308: [GC (Allocation Failure) [PSYoungGen: 281184K->96K(270336K)] 283016K->1928K(445440K), 0,0006125 secs] [Times: user=0,00 sys=0,00, real=0,00 secs] 
75,377: [GC (Allocation Failure) [PSYoungGen: 269920K->96K(259584K)] 271752K->1928K(434688K), 0,0005329 secs] [Times: user=0,00 sys=0,00, real=0,00 secs] 
75,446: [GC (Allocation Failure) [PSYoungGen: 259168K->96K(249344K)] 261000K->1928K(424448K), 0,0006137 secs] [Times: user=0,00 sys=0,00, real=0,00 secs] 
75,512: [GC (Allocation Failure) [PSYoungGen: 248928K->96K(239616K)] 250760K->1928K(414720K), 0,0006283 secs] [Times: user=0,00 sys=0,00, real=0,00 secs] 
75,572: [GC (Allocation Failure) [PSYoungGen: 239200K->96K(230400K)] 241032K->1928K(405504K), 0,0005454 secs] [Times: user=0,00 sys=0,00, real=0,00 secs] 
75,630: [GC (Allocation Failure) [PSYoungGen: 229984K->96K(221696K)] 231816K->1928K(396800K), 0,0005361 secs] [Times: user=0,00 sys=0,00, real=0,00 secs] 
75,686: [GC (Allocation Failure) [PSYoungGen: 221280K->96K(213504K)] 223112K->1928K(388608K), 0,0005397 secs] [Times: user=0,00 sys=0,00, real=0,00 secs] 
75,740: [GC (Allocation Failure) [PSYoungGen: 213088K->96K(205824K)] 214920K->1928K(380928K), 0,0005484 secs] [Times: user=0,00 sys=0,00, real=0,00 secs] 
75,793: [GC (Allocation Failure) [PSYoungGen: 205408K->64K(198144K)] 207240K->1896K(373248K), 0,0005200 secs] [Times: user=0,00 sys=0,00, real=0,00 secs] 
75,843: [GC (Allocation Failure) [PSYoungGen: 197696K->96K(190976K)] 199528K->1928K(366080K), 0,0005785 secs] [Times: user=0,01 sys=0,00, real=0,00 secs] 
75,892: [GC (Allocation Failure) [PSYoungGen: 190560K->64K(184320K)] 192392K->1896K(359424K), 0,0005399 secs] [Times: user=0,00 sys=0,00, real=0,00 secs] 
75,938: [GC (Allocation Failure) [PSYoungGen: 183872K->96K(177664K)] 185704K->1928K(352768K), 0,0005316 secs] [Times: user=0,00 sys=0,00, real=0,00 secs] 
75,983: [GC (Allocation Failure) [PSYoungGen: 177248K->64K(213504K)] 179080K->1896K(388608K), 0,0006066 secs] [Times: user=0,00 sys=0,00, real=0,00 secs] 
76,037: [GC (Allocation Failure) [PSYoungGen: 213056K->96K(205824K)] 214888K->1928K(380928K), 0,0005396 secs] [Times: user=0,00 sys=0,00, real=0,00 secs] 
76,089: [GC (Allocation Failure) [PSYoungGen: 205407K->96K(198144K)] 207240K->1928K(373248K), 0,0005373 secs] [Times: user=0,00 sys=0,00, real=0,00 secs] 
76,140: [GC (Allocation Failure) [PSYoungGen: 197728K->96K(190976K)] 199560K->1928K(366080K), 0,0005243 secs] [Times: user=0,00 sys=0,00, real=0,00 secs] 
76,188: [GC (Allocation Failure) [PSYoungGen: 190560K->64K(229376K)] 192392K->1896K(404480K), 0,0006438 secs] [Times: user=0,00 sys=0,00, real=0,00 secs] 
76,247: [GC (Allocation Failure) [PSYoungGen: 228928K->96K(220672K)] 230760K->1928K(395776K), 0,0005306 secs] [Times: user=0,00 sys=0,00, real=0,00 secs] 
76,302: [GC (Allocation Failure) [PSYoungGen: 220256K->96K(212480K)] 222088K->1928K(387584K), 0,0005525 secs] [Times: user=0,00 sys=0,00, real=0,00 secs] 
76,356: [GC (Allocation Failure) [PSYoungGen: 212064K->96K(204800K)] 213896K->1928K(379904K), 0,0005312 secs] [Times: user=0,00 sys=0,00, real=0,00 secs] 
76,408: [GC (Allocation Failure) [PSYoungGen: 204384K->96K(197120K)] 206216K->1928K(372224K), 0,0005474 secs] [Times: user=0,00 sys=0,00, real=0,00 secs] 
76,459: [GC (Allocation Failure) [PSYoungGen: 196704K->96K(189952K)] 198536K->1928K(365056K), 0,0005871 secs] [Times: user=0,01 sys=0,00, real=0,00 secs] 
76,508: [GC (Allocation Failure) [PSYoungGen: 189536K->96K(183296K)] 191368K->1928K(358400K), 0,0005631 secs] [Times: user=0,00 sys=0,00, real=0,00 secs] 
76,555: [GC (Allocation Failure) [PSYoungGen: 182880K->96K(176640K)] 184712K->1928K(351744K), 0,0005477 secs] [Times: user=0,00 sys=0,00, real=0,00 secs] 
76,600: [GC (Allocation Failure) [PSYoungGen: 176224K->96K(211968K)] 178056K->1928K(387072K), 0,0005410 secs] [Times: user=0,00 sys=0,00, real=0,00 secs] 
76,653: [GC (Allocation Failure) [PSYoungGen: 211552K->96K(254464K)] 213384K->1928K(429568K), 0,0006114 secs] [Times: user=0,00 sys=0,00, real=0,00 secs] 
76,718: [GC (Allocation Failure) [PSYoungGen: 254048K->96K(244736K)] 255880K->1928K(419840K), 0,0006157 secs] [Times: user=0,01 sys=0,00, real=0,00 secs] 
76,780: [GC (Allocation Failure) [PSYoungGen: 244320K->96K(235520K)] 246152K->1928K(410624K), 0,0005409 secs] [Times: user=0,00 sys=0,00, real=0,00 secs] 
76,839: [GC (Allocation Failure) [PSYoungGen: 235104K->64K(226816K)] 236936K->1896K(401920K), 0,0005844 secs] [Times: user=0,00 sys=0,00, real=0,00 secs] 
76,897: [GC (Allocation Failure) [PSYoungGen: 226368K->96K(218112K)] 228200K->1928K(393216K), 0,0005453 secs] [Times: user=0,00 sys=0,00, real=0,00 secs] 
76,952: [GC (Allocation Failure) [PSYoungGen: 217696K->64K(209920K)] 219528K->1896K(385024K), 0,0005339 secs] [Times: user=0,00 sys=0,00, real=0,00 secs] 
77,005: [GC (Allocation Failure) [PSYoungGen: 209472K->96K(202240K)] 211304K->1928K(377344K), 0,0005353 secs] [Times: user=0,00 sys=0,00, real=0,00 secs] 
77,057: [GC (Allocation Failure) [PSYoungGen: 201824K->96K(195072K)] 203656K->1928K(370176K), 0,0005427 secs] [Times: user=0,01 sys=0,00, real=0,00 secs] 
77,108: [GC (Allocation Failure) [PSYoungGen: 194656K->96K(187904K)] 196488K->1928K(363008K), 0,0005691 secs] [Times: user=0,00 sys=0,00, real=0,00 secs] 
77,156: [GC (Allocation Failure) [PSYoungGen: 187488K->64K(181248K)] 189320K->1896K(356352K), 0,0005361 secs] [Times: user=0,01 sys=0,00, real=0,00 secs] 
77,202: [GC (Allocation Failure) [PSYoungGen: 180800K->96K(175104K)] 182632K->1928K(350208K), 0,0005457 secs] [Times: user=0,00 sys=0,00, real=0,00 secs] 
77,246: [GC (Allocation Failure) [PSYoungGen: 174688K->32K(210432K)] 176520K->1864K(385536K), 0,0005610 secs] [Times: user=0,00 sys=0,00, real=0,00 secs] 
77,300: [GC (Allocation Failure) [PSYoungGen: 209952K->96K(202752K)] 211784K->1928K(377856K), 0,0005555 secs] [Times: user=0,00 sys=0,00, real=0,00 secs] 
77,351: [GC (Allocation Failure) [PSYoungGen: 202336K->96K(195584K)] 204168K->1928K(370688K), 0,0005347 secs] [Times: user=0,00 sys=0,00, real=0,00 secs] 
77,400: [GC (Allocation Failure) [PSYoungGen: 195168K->96K(188416K)] 197000K->1928K(363520K), 0,0005912 secs] [Times: user=0,00 sys=0,00, real=0,00 secs] 
77,448: [GC (Allocation Failure) [PSYoungGen: 188000K->64K(226304K)] 189832K->1896K(401408K), 0,0005719 secs] [Times: user=0,00 sys=0,00, real=0,00 secs] 
77,511: [GC (Allocation Failure) [PSYoungGen: 225856K->96K(217600K)] 227688K->1928K(392704K), 0,0005329 secs] [Times: user=0,00 sys=0,00, real=0,00 secs] 
77,574: [GC (Allocation Failure) [PSYoungGen: 217184K->96K(209408K)] 219016K->1928K(384512K), 0,0005333 secs] [Times: user=0,00 sys=0,00, real=0,01 secs] 
77,632: [GC (Allocation Failure) [PSYoungGen: 208992K->32K(251392K)] 210824K->1864K(426496K), 0,0011577 secs] [Times: user=0,00 sys=0,00, real=0,00 secs] 
77,698: [GC (Allocation Failure) [PSYoungGen: 250912K->64K(301568K)] 252744K->1896K(476672K), 0,0006002 secs] [Times: user=0,01 sys=0,00, real=0,00 secs] 
77,778: [GC (Allocation Failure) [PSYoungGen: 301120K->96K(289280K)] 302952K->1928K(464384K), 0,0005430 secs] [Times: user=0,00 sys=0,00, real=0,00 secs] 
77,856: [GC (Allocation Failure) [PSYoungGen: 288864K->96K(278016K)] 290696K->1928K(453120K), 0,0005524 secs] [Times: user=0,00 sys=0,00, real=0,00 secs] 
77,935: [GC (Allocation Failure) [PSYoungGen: 277600K->64K(267264K)] 279432K->1896K(442368K), 0,0006311 secs] [Times: user=0,00 sys=0,00, real=0,01 secs] 
78,008: [GC (Allocation Failure) [PSYoungGen: 266816K->96K(257024K)] 268648K->1928K(432128K), 0,0005818 secs] [Times: user=0,00 sys=0,00, real=0,00 secs] 
78,077: [GC (Allocation Failure) [PSYoungGen: 256608K->96K(247296K)] 258440K->1928K(422400K), 0,0005527 secs] [Times: user=0,00 sys=0,00, real=0,00 secs] 
78,142: [GC (Allocation Failure) [PSYoungGen: 246880K->96K(237568K)] 248712K->1928K(412672K), 0,0005412 secs] [Times: user=0,00 sys=0,00, real=0,00 secs] 
78,207: [GC (Allocation Failure) [PSYoungGen: 237152K->64K(228352K)] 238984K->1896K(403456K), 0,0011358 secs] [Times: user=0,01 sys=0,00, real=0,00 secs] 
78,275: [GC (Allocation Failure) [PSYoungGen: 227904K->96K(219648K)] 229736K->1928K(394752K), 0,0005709 secs] [Times: user=0,00 sys=0,00, real=0,01 secs] 
78,336: [GC (Allocation Failure) [PSYoungGen: 219232K->96K(211456K)] 221064K->1928K(386560K), 0,0005970 secs] [Times: user=0,00 sys=0,00, real=0,00 secs] 
78,395: [GC (Allocation Failure) [PSYoungGen: 211040K->64K(253952K)] 212872K->1896K(429056K), 0,0009475 secs] [Times: user=0,00 sys=0,00, real=0,01 secs] 
78,463: [GC (Allocation Failure) [PSYoungGen: 253504K->96K(244224K)] 255336K->1928K(419328K), 0,0005878 secs] [Times: user=0,00 sys=0,00, real=0,00 secs] 
78,530: [GC (Allocation Failure) [PSYoungGen: 243808K->64K(293376K)] 245640K->1896K(468480K), 0,0011387 secs] [Times: user=0,00 sys=0,00, real=0,00 secs] 
78,611: [GC (Allocation Failure) [PSYoungGen: 292928K->64K(352256K)] 294760K->1896K(527360K), 0,0005651 secs] [Times: user=0,00 sys=0,00, real=0,00 secs] 
78,700: [GC (Allocation Failure) [PSYoungGen: 351808K->96K(337920K)] 353640K->1928K(513024K), 0,0005395 secs] [Times: user=0,00 sys=0,00, real=0,00 secs] 
78,785: [GC (Allocation Failure) [PSYoungGen: 337504K->96K(324096K)] 339336K->1928K(499200K), 0,0005707 secs] [Times: user=0,00 sys=0,00, real=0,01 secs] 
78,867: [GC (Allocation Failure) [PSYoungGen: 323680K->96K(310784K)] 325512K->1928K(485888K), 0,0005323 secs] [Times: user=0,00 sys=0,00, real=0,00 secs] 
78,948: [GC (Allocation Failure) [PSYoungGen: 310368K->64K(297984K)] 312200K->1896K(473088K), 0,0005533 secs] [Times: user=0,00 sys=0,00, real=0,00 secs] 
79,023: [GC (Allocation Failure) [PSYoungGen: 297536K->96K(286208K)] 299368K->1928K(461312K), 0,0005452 secs] [Times: user=0,00 sys=0,00, real=0,00 secs] 
79,098: [GC (Allocation Failure) [PSYoungGen: 285792K->64K(274944K)] 287624K->1896K(450048K), 0,0005293 secs] [Times: user=0,00 sys=0,00, real=0,00 secs] 
79,173: [GC (Allocation Failure) [PSYoungGen: 274496K->96K(264192K)] 276328K->1928K(439296K), 0,0005277 secs] [Times: user=0,00 sys=0,00, real=0,00 secs] 
79,246: [GC (Allocation Failure) [PSYoungGen: 263776K->32K(253952K)] 265608K->1864K(429056K), 0,0006030 secs] [Times: user=0,00 sys=0,00, real=0,00 secs] 
79,319: [GC (Allocation Failure) [PSYoungGen: 253472K->64K(244224K)] 255304K->1896K(419328K), 0,0006190 secs] [Times: user=0,00 sys=0,00, real=0,00 secs] 
79,390: [GC (Allocation Failure) [PSYoungGen: 243776K->64K(235008K)] 245608K->1896K(410112K), 0,0007518 secs] [Times: user=0,00 sys=0,00, real=0,00 secs] 
79,457: [GC (Allocation Failure) [PSYoungGen: 234560K->64K(226304K)] 236392K->1896K(401408K), 0,0005219 secs] [Times: user=0,00 sys=0,00, real=0,00 secs] 
79,522: [GC (Allocation Failure) [PSYoungGen: 225856K->96K(217600K)] 227688K->1928K(392704K), 0,0005481 secs] [Times: user=0,00 sys=0,00, real=0,00 secs] 
79,581: [GC (Allocation Failure) [PSYoungGen: 217184K->96K(209408K)] 219016K->1928K(384512K), 0,0006381 secs] [Times: user=0,00 sys=0,00, real=0,00 secs] 
79,642: [GC (Allocation Failure) [PSYoungGen: 208992K->96K(201728K)] 210824K->1928K(376832K), 0,0005570 secs] [Times: user=0,00 sys=0,00, real=0,00 secs] 
79,699: [GC (Allocation Failure) [PSYoungGen: 201312K->96K(194560K)] 203144K->1928K(369664K), 0,0005933 secs] [Times: user=0,00 sys=0,00, real=0,00 secs] 
79,754: [GC (Allocation Failure) [PSYoungGen: 194144K->96K(187392K)] 195976K->1928K(362496K), 0,0005678 secs] [Times: user=0,00 sys=0,00, real=0,00 secs] 
79,804: [GC (Allocation Failure) [PSYoungGen: 186976K->96K(180736K)] 188808K->1928K(355840K), 0,0005878 secs] [Times: user=0,00 sys=0,00, real=0,00 secs] 
79,852: [GC (Allocation Failure) [PSYoungGen: 180320K->96K(174592K)] 182152K->1928K(349696K), 0,0005575 secs] [Times: user=0,00 sys=0,00, real=0,00 secs] 
79,899: [GC (Allocation Failure) [PSYoungGen: 174176K->96K(168448K)] 176008K->1928K(343552K), 0,0005441 secs] [Times: user=0,00 sys=0,00, real=0,00 secs] 
79,943: [GC (Allocation Failure) [PSYoungGen: 168032K->96K(162816K)] 169864K->1928K(337920K), 0,0005500 secs] [Times: user=0,00 sys=0,00, real=0,00 secs] 
79,987: [GC (Allocation Failure) [PSYoungGen: 162400K->96K(195584K)] 164232K->1928K(370688K), 0,0005505 secs] [Times: user=0,00 sys=0,00, real=0,00 secs] 
80,038: [GC (Allocation Failure) [PSYoungGen: 195168K->64K(235008K)] 197000K->1896K(410112K), 0,0006173 secs] [Times: user=0,00 sys=0,00, real=0,00 secs] 
80,104: [GC (Allocation Failure) [PSYoungGen: 234560K->96K(226304K)] 236392K->1928K(401408K), 0,0005423 secs] [Times: user=0,00 sys=0,00, real=0,00 secs] 
80,164: [GC (Allocation Failure) [PSYoungGen: 225888K->64K(217600K)] 227720K->1896K(392704K), 0,0005956 secs] [Times: user=0,00 sys=0,00, real=0,00 secs] 
80,221: [GC (Allocation Failure) [PSYoungGen: 217152K->64K(261120K)] 218984K->1896K(436224K), 0,0012375 secs] [Times: user=0,00 sys=0,00, real=0,00 secs] 
80,292: [GC (Allocation Failure) [PSYoungGen: 260672K->96K(313344K)] 262504K->1928K(488448K), 0,0005400 secs] [Times: user=0,00 sys=0,00, real=0,00 secs] 
80,379: [GC (Allocation Failure) [PSYoungGen: 312928K->64K(376320K)] 314760K->1896K(551424K), 0,0014811 secs] [Times: user=0,01 sys=0,00, real=0,00 secs] 
80,489: [GC (Allocation Failure) [PSYoungGen: 375872K->96K(451584K)] 377704K->1952K(626688K), 0,0005607 secs] [Times: user=0,00 sys=0,00, real=0,00 secs] 
80,617: [GC (Allocation Failure) [PSYoungGen: 451168K->64K(432128K)] 453024K->1920K(607232K), 0,0005901 secs] [Times: user=0,00 sys=0,00, real=0,00 secs] 
80,735: [GC (Allocation Failure) [PSYoungGen: 431680K->96K(413696K)] 433536K->1952K(588800K), 0,0005532 secs] [Times: user=0,00 sys=0,00, real=0,00 secs] 
80,975: [GC (Allocation Failure) [PSYoungGen: 413280K->64K(396288K)] 415136K->1920K(571392K), 0,0020672 secs] [Times: user=0,00 sys=0,00, real=0,00 secs] 
81,116: [GC (Allocation Failure) [PSYoungGen: 395840K->96K(379392K)] 397696K->1952K(554496K), 0,0007072 secs] [Times: user=0,00 sys=0,00, real=0,00 secs] 
81,260: [GC (Allocation Failure) [PSYoungGen: 378976K->64K(363520K)] 380832K->1920K(538624K), 0,0006222 secs] [Times: user=0,00 sys=0,00, real=0,00 secs] 
81,390: [GC (Allocation Failure) [PSYoungGen: 363072K->96K(348160K)] 364928K->1952K(523264K), 0,0005646 secs] [Times: user=0,01 sys=0,00, real=0,00 secs] 
81,537: [GC (Allocation Failure) [PSYoungGen: 347744K->64K(333824K)] 349600K->1920K(508928K), 0,0005984 secs] [Times: user=0,00 sys=0,00, real=0,00 secs] 
81,670: [GC (Allocation Failure) [PSYoungGen: 333376K->96K(320000K)] 335232K->1952K(495104K), 0,0007049 secs] [Times: user=0,00 sys=0,00, real=0,00 secs] 
81,799: [GC (Allocation Failure) [PSYoungGen: 319584K->32K(307200K)] 321440K->1888K(482304K), 0,0006503 secs] [Times: user=0,00 sys=0,01, real=0,00 secs] 
81,922: [GC (Allocation Failure) [PSYoungGen: 306720K->64K(294912K)] 308576K->1920K(470016K), 0,0015121 secs] [Times: user=0,01 sys=0,00, real=0,00 secs] 
82,034: [GC (Allocation Failure) [PSYoungGen: 294463K->96K(283136K)] 296320K->1952K(458240K), 0,0005534 secs] [Times: user=0,00 sys=0,00, real=0,00 secs] 
82,120: [GC (Allocation Failure) [PSYoungGen: 282720K->96K(271872K)] 284576K->1952K(446976K), 0,0006098 secs] [Times: user=0,00 sys=0,00, real=0,00 secs] 
82,208: [GC (Allocation Failure) [PSYoungGen: 271455K->64K(261120K)] 273312K->1920K(436224K), 0,0012728 secs] [Times: user=0,01 sys=0,00, real=0,00 secs] 
82,300: [GC (Allocation Failure) [PSYoungGen: 260672K->96K(250880K)] 262528K->1952K(425984K), 0,0005687 secs] [Times: user=0,00 sys=0,00, real=0,00 secs] 
82,384: [GC (Allocation Failure) [PSYoungGen: 250464K->64K(241152K)] 252320K->1920K(416256K), 0,0015627 secs] [Times: user=0,00 sys=0,00, real=0,01 secs] 
82,475: [GC (Allocation Failure) [PSYoungGen: 240704K->32K(289280K)] 242560K->1888K(464384K), 0,0010201 secs] [Times: user=0,00 sys=0,00, real=0,00 secs] 
82,580: [GC (Allocation Failure) [PSYoungGen: 288800K->96K(278016K)] 290656K->1952K(453120K), 0,0005852 secs] [Times: user=0,00 sys=0,00, real=0,00 secs] 
82,691: [GC (Allocation Failure) [PSYoungGen: 277600K->96K(267264K)] 279456K->1952K(442368K), 0,0005178 secs] [Times: user=0,00 sys=0,00, real=0,00 secs] 
82,820: [GC (Allocation Failure) [PSYoungGen: 266848K->64K(257024K)] 268704K->1920K(432128K), 0,0014030 secs] [Times: user=0,00 sys=0,00, real=0,00 secs] 
83,049: [GC (Allocation Failure) [PSYoungGen: 256576K->96K(247296K)] 258432K->1952K(422400K), 0,0008769 secs] [Times: user=0,00 sys=0,00, real=0,00 secs] 
83,279: [GC (Allocation Failure) [PSYoungGen: 246880K->64K(237568K)] 248736K->1920K(412672K), 0,0030368 secs] [Times: user=0,00 sys=0,00, real=0,00 secs] 
83,377: [GC (Allocation Failure) [PSYoungGen: 237120K->96K(228352K)] 238976K->1952K(403456K), 0,0006511 secs] [Times: user=0,00 sys=0,00, real=0,00 secs] 
83,454: [GC (Allocation Failure) [PSYoungGen: 227936K->64K(219648K)] 229792K->1920K(394752K), 0,0013016 secs] [Times: user=0,01 sys=0,01, real=0,01 secs] 
83,533: [GC (Allocation Failure) [PSYoungGen: 219200K->64K(211456K)] 221056K->1920K(386560K), 0,0005836 secs] [Times: user=0,00 sys=0,00, real=0,00 secs] 
83,601: [GC (Allocation Failure) [PSYoungGen: 211008K->96K(203776K)] 212864K->1952K(378880K), 0,0005885 secs] [Times: user=0,00 sys=0,00, real=0,00 secs] 
83,667: [GC (Allocation Failure) [PSYoungGen: 203360K->96K(196096K)] 205216K->1952K(371200K), 0,0007010 secs] [Times: user=0,01 sys=0,00, real=0,00 secs] 
83,730: [GC (Allocation Failure) [PSYoungGen: 195680K->64K(235520K)] 197536K->1920K(410624K), 0,0028477 secs] [Times: user=0,00 sys=0,00, real=0,00 secs] 
83,860: [GC (Allocation Failure) [PSYoungGen: 235072K->64K(282624K)] 236928K->1920K(457728K), 0,0012037 secs] [Times: user=0,00 sys=0,00, real=0,00 secs] 
83,978: [GC (Allocation Failure) [PSYoungGen: 282176K->96K(339456K)] 284032K->1952K(514560K), 0,0005298 secs] [Times: user=0,00 sys=0,00, real=0,00 secs] 
84,085: [GC (Allocation Failure) [PSYoungGen: 339040K->96K(407552K)] 340896K->1952K(582656K), 0,0006884 secs] [Times: user=0,00 sys=0,00, real=0,00 secs] 
84,224: [GC (Allocation Failure) [PSYoungGen: 407136K->64K(390144K)] 408992K->1920K(565248K), 0,0006774 secs] [Times: user=0,00 sys=0,00, real=0,01 secs] 
84,364: [GC (Allocation Failure) [PSYoungGen: 389696K->64K(373760K)] 391552K->1920K(548864K), 0,0014724 secs] [Times: user=0,00 sys=0,00, real=0,01 secs] 
84,497: [GC (Allocation Failure) [PSYoungGen: 373312K->64K(357888K)] 375168K->1920K(532992K), 0,0007072 secs] [Times: user=0,00 sys=0,00, real=0,00 secs] 
84,622: [GC (Allocation Failure) [PSYoungGen: 357440K->96K(343040K)] 359296K->1952K(518144K), 0,0005280 secs] [Times: user=0,00 sys=0,00, real=0,00 secs] 
84,742: [GC (Allocation Failure) [PSYoungGen: 342623K->96K(328704K)] 344480K->1952K(503808K), 0,0006344 secs] [Times: user=0,00 sys=0,00, real=0,00 secs] 
84,861: [GC (Allocation Failure) [PSYoungGen: 328288K->64K(315392K)] 330144K->1920K(490496K), 0,0009224 secs] [Times: user=0,00 sys=0,00, real=0,00 secs] 
84,967: [GC (Allocation Failure) [PSYoungGen: 314944K->96K(302592K)] 316800K->1952K(477696K), 0,0005135 secs] [Times: user=0,00 sys=0,00, real=0,00 secs] 
85,063: [GC (Allocation Failure) [PSYoungGen: 302176K->64K(290304K)] 304032K->1920K(465408K), 0,0012890 secs] [Times: user=0,00 sys=0,01, real=0,01 secs] 
85,192: [GC (Allocation Failure) [PSYoungGen: 289856K->32K(278528K)] 291712K->1888K(453632K), 0,0006372 secs] [Times: user=0,00 sys=0,00, real=0,00 secs] 
85,282: [GC (Allocation Failure) [PSYoungGen: 278048K->96K(267776K)] 279904K->1952K(442880K), 0,0006145 secs] [Times: user=0,00 sys=0,00, real=0,00 secs] 
85,371: [GC (Allocation Failure) [PSYoungGen: 267360K->96K(257536K)] 269216K->1952K(432640K), 0,0006189 secs] [Times: user=0,01 sys=0,00, real=0,00 secs] 
85,450: [GC (Allocation Failure) [PSYoungGen: 257120K->64K(247296K)] 258976K->1920K(422400K), 0,0006234 secs] [Times: user=0,00 sys=0,00, real=0,00 secs] 
85,531: [GC (Allocation Failure) [PSYoungGen: 246848K->96K(237568K)] 248704K->1952K(412672K), 0,0005342 secs] [Times: user=0,00 sys=0,00, real=0,00 secs] 
85,610: [GC (Allocation Failure) [PSYoungGen: 237152K->64K(228352K)] 239008K->1920K(403456K), 0,0013605 secs] [Times: user=0,00 sys=0,00, real=0,00 secs] 
85,686: [GC (Allocation Failure) [PSYoungGen: 227904K->64K(273920K)] 229760K->1920K(449024K), 0,0013120 secs] [Times: user=0,01 sys=0,00, real=0,00 secs] 
85,778: [GC (Allocation Failure) [PSYoungGen: 273472K->64K(263168K)] 275328K->1920K(438272K), 0,0038872 secs] [Times: user=0,00 sys=0,00, real=0,01 secs] 
85,872: [GC (Allocation Failure) [PSYoungGen: 262720K->96K(252928K)] 264576K->1952K(428032K), 0,0006275 secs] [Times: user=0,00 sys=0,00, real=0,00 secs] 
85,963: [GC (Allocation Failure) [PSYoungGen: 252512K->96K(243200K)] 254368K->1952K(418304K), 0,0006714 secs] [Times: user=0,00 sys=0,00, real=0,00 secs] 
86,048: [GC (Allocation Failure) [PSYoungGen: 242784K->64K(233984K)] 244640K->1920K(409088K), 0,0009555 secs] [Times: user=0,00 sys=0,00, real=0,00 secs] 
86,131: [GC (Allocation Failure) [PSYoungGen: 233536K->64K(225280K)] 235392K->1920K(400384K), 0,0006494 secs] [Times: user=0,00 sys=0,00, real=0,00 secs] 
86,213: [GC (Allocation Failure) [PSYoungGen: 224832K->64K(217088K)] 226688K->1920K(392192K), 0,0006287 secs] [Times: user=0,00 sys=0,00, real=0,00 secs] 
86,287: [GC (Allocation Failure) [PSYoungGen: 216640K->64K(208896K)] 218496K->1920K(384000K), 0,0005910 secs] [Times: user=0,00 sys=0,00, real=0,00 secs] 
86,360: [GC (Allocation Failure) [PSYoungGen: 208448K->64K(250880K)] 210304K->1920K(425984K), 0,0013014 secs] [Times: user=0,00 sys=0,00, real=0,00 secs] 
86,445: [GC (Allocation Failure) [PSYoungGen: 250432K->96K(241152K)] 252288K->1952K(416256K), 0,0006037 secs] [Times: user=0,00 sys=0,00, real=0,00 secs] 
86,524: [GC (Allocation Failure) [PSYoungGen: 240736K->96K(231936K)] 242592K->1952K(407040K), 0,0006209 secs] [Times: user=0,00 sys=0,00, real=0,00 secs] 
86,603: [GC (Allocation Failure) [PSYoungGen: 231520K->96K(223232K)] 233376K->1952K(398336K), 0,0005220 secs] [Times: user=0,00 sys=0,00, real=0,00 secs] 
86,679: [GC (Allocation Failure) [PSYoungGen: 222816K->96K(215040K)] 224672K->1952K(390144K), 0,0006555 secs] [Times: user=0,00 sys=0,00, real=0,00 secs] 
86,748: [GC (Allocation Failure) [PSYoungGen: 214624K->96K(206848K)] 216480K->1952K(381952K), 0,0004932 secs] [Times: user=0,00 sys=0,00, real=0,00 secs] 
86,814: [GC (Allocation Failure) [PSYoungGen: 206432K->128K(199168K)] 208288K->1984K(374272K), 0,0008384 secs] [Times: user=0,01 sys=0,00, real=0,01 secs] 
86,876: [GC (Allocation Failure) [PSYoungGen: 198784K->96K(192000K)] 200640K->1952K(367104K), 0,0006494 secs] [Times: user=0,00 sys=0,00, real=0,00 secs] 
86,939: [GC (Allocation Failure) [PSYoungGen: 191584K->96K(185344K)] 193440K->1952K(360448K), 0,0004908 secs] [Times: user=0,00 sys=0,00, real=0,00 secs] 
86,994: [GC (Allocation Failure) [PSYoungGen: 184928K->96K(178688K)] 186784K->1952K(353792K), 0,0006440 secs] [Times: user=0,00 sys=0,00, real=0,00 secs] 
87,045: [GC (Allocation Failure) [PSYoungGen: 178272K->96K(172544K)] 180128K->1952K(347648K), 0,0005988 secs] [Times: user=0,00 sys=0,00, real=0,00 secs] 
87,097: [GC (Allocation Failure) [PSYoungGen: 172128K->96K(166400K)] 173984K->1952K(341504K), 0,0005900 secs] [Times: user=0,01 sys=0,00, real=0,00 secs] 
87,154: [GC (Allocation Failure) [PSYoungGen: 165984K->32K(160768K)] 167840K->1888K(335872K), 0,0005521 secs] [Times: user=0,00 sys=0,00, real=0,00 secs] 
87,207: [GC (Allocation Failure) [PSYoungGen: 160288K->96K(155136K)] 162144K->1952K(330240K), 0,0005868 secs] [Times: user=0,00 sys=0,00, real=0,00 secs] 
87,261: [GC (Allocation Failure) [PSYoungGen: 154720K->64K(186368K)] 156576K->1920K(361472K), 0,0013383 secs] [Times: user=0,01 sys=0,00, real=0,00 secs] 
87,329: [GC (Allocation Failure) [PSYoungGen: 185920K->64K(223744K)] 187776K->1920K(398848K), 0,0011296 secs] [Times: user=0,00 sys=0,00, real=0,00 secs] 
87,411: [GC (Allocation Failure) [PSYoungGen: 223296K->64K(268800K)] 225152K->1920K(443904K), 0,0006645 secs] [Times: user=0,01 sys=0,00, real=0,00 secs] 
87,520: [GC (Allocation Failure) [PSYoungGen: 268352K->64K(322560K)] 270208K->1920K(497664K), 0,0012032 secs] [Times: user=0,01 sys=0,00, real=0,00 secs] 
87,652: [GC (Allocation Failure) [PSYoungGen: 322112K->96K(309248K)] 323968K->1952K(484352K), 0,0006156 secs] [Times: user=0,01 sys=0,00, real=0,00 secs] 
87,756: [GC (Allocation Failure) [PSYoungGen: 308832K->96K(296960K)] 310688K->1952K(472064K), 0,0006381 secs] [Times: user=0,00 sys=0,00, real=0,00 secs] 
87,856: [GC (Allocation Failure) [PSYoungGen: 296543K->96K(285184K)] 298400K->1952K(460288K), 0,0006462 secs] [Times: user=0,00 sys=0,00, real=0,00 secs] 
87,988: [GC (Allocation Failure) [PSYoungGen: 284768K->96K(273920K)] 286624K->1952K(449024K), 0,0004882 secs] [Times: user=0,00 sys=0,00, real=0,00 secs] 
88,095: [GC (Allocation Failure) [PSYoungGen: 273504K->96K(263168K)] 275360K->1952K(438272K), 0,0005370 secs] [Times: user=0,00 sys=0,00, real=0,00 secs] 
88,192: [GC (Allocation Failure) [PSYoungGen: 262752K->96K(252928K)] 264608K->1952K(428032K), 0,0006276 secs] [Times: user=0,00 sys=0,00, real=0,00 secs] 
88,283: [GC (Allocation Failure) [PSYoungGen: 252512K->64K(243200K)] 254368K->1920K(418304K), 0,0006570 secs] [Times: user=0,00 sys=0,00, real=0,00 secs] 
88,370: [GC (Allocation Failure) [PSYoungGen: 242752K->96K(233984K)] 244608K->1952K(409088K), 0,0005836 secs] [Times: user=0,00 sys=0,00, real=0,00 secs] 
88,461: [GC (Allocation Failure) [PSYoungGen: 233568K->96K(225280K)] 235424K->1952K(400384K), 0,0006730 secs] [Times: user=0,00 sys=0,00, real=0,00 secs] 
88,544: [GC (Allocation Failure) [PSYoungGen: 224864K->96K(217088K)] 226720K->1952K(392192K), 0,0006260 secs] [Times: user=0,00 sys=0,00, real=0,00 secs] 
88,630: [GC (Allocation Failure) [PSYoungGen: 216672K->64K(260608K)] 218528K->1920K(435712K), 0,0065864 secs] [Times: user=0,00 sys=0,00, real=0,01 secs] 
88,790: [GC (Allocation Failure) [PSYoungGen: 260160K->64K(312832K)] 262016K->1920K(487936K), 0,0012942 secs] [Times: user=0,00 sys=0,00, real=0,00 secs] 
89,112: [GC (Allocation Failure) [PSYoungGen: 312384K->96K(375296K)] 314240K->1952K(550400K), 0,0005689 secs] [Times: user=0,00 sys=0,00, real=0,00 secs] 
89,263: [GC (Allocation Failure) [PSYoungGen: 374880K->96K(450560K)] 376736K->1952K(625664K), 0,0005204 secs] [Times: user=0,00 sys=0,00, real=0,00 secs] 
89,439: [GC (Allocation Failure) [PSYoungGen: 450144K->64K(540672K)] 452000K->1920K(715776K), 0,0012041 secs] [Times: user=0,00 sys=0,00, real=0,00 secs] 
89,653: [GC (Allocation Failure) [PSYoungGen: 540224K->96K(516608K)] 542080K->1952K(691712K), 0,0006090 secs] [Times: user=0,00 sys=0,00, real=0,00 secs] 
89,828: [GC (Allocation Failure) [PSYoungGen: 516192K->96K(494080K)] 518048K->1952K(669184K), 0,0006184 secs] [Times: user=0,00 sys=0,00, real=0,00 secs] 
89,994: [GC (Allocation Failure) [PSYoungGen: 493664K->64K(472576K)] 495520K->1920K(647680K), 0,0014186 secs] [Times: user=0,00 sys=0,00, real=0,01 secs] 
90,161: [GC (Allocation Failure) [PSYoungGen: 472128K->96K(567296K)] 473984K->1952K(742400K), 0,0195340 secs] [Times: user=0,00 sys=0,00, real=0,02 secs] 
90,649: [GC (Allocation Failure) [PSYoungGen: 566880K->96K(680960K)] 568736K->1952K(856064K), 0,0005212 secs] [Times: user=0,00 sys=0,00, real=0,00 secs] 
91,112: [GC (Allocation Failure) [PSYoungGen: 680544K->96K(817152K)] 682400K->1976K(992256K), 0,0006127 secs] [Times: user=0,01 sys=0,00, real=0,00 secs] 
91,707: [GC (Allocation Failure) [PSYoungGen: 816736K->96K(980480K)] 818616K->1976K(1155584K), 0,0005695 secs] [Times: user=0,00 sys=0,00, real=0,00 secs] 
92,495: [GC (Allocation Failure) [PSYoungGen: 980064K->64K(1176576K)] 981944K->1944K(1351680K), 0,0006301 secs] [Times: user=0,00 sys=0,00, real=0,00 secs] 
93,197: [GC (Allocation Failure) [PSYoungGen: 1176128K->64K(1121280K)] 1178008K->1944K(1296384K), 0,0008110 secs] [Times: user=0,00 sys=0,00, real=0,00 secs] 
94,050: [GC (Allocation Failure) [PSYoungGen: 1120832K->96K(1068544K)] 1122712K->1976K(1243648K), 0,0006187 secs] [Times: user=0,00 sys=0,00, real=0,00 secs] 
94,592: [GC (Allocation Failure) [PSYoungGen: 1068128K->96K(1018368K)] 1070008K->1976K(1193472K), 0,0005095 secs] [Times: user=0,01 sys=0,00, real=0,00 secs] 
94,930: [GC (Allocation Failure) [PSYoungGen: 1017952K->96K(970752K)] 1019832K->1976K(1145856K), 0,0014486 secs] [Times: user=0,00 sys=0,00, real=0,00 secs] 
95,259: [GC (Allocation Failure) [PSYoungGen: 970336K->64K(925696K)] 972216K->1944K(1100800K), 0,0006694 secs] [Times: user=0,01 sys=0,00, real=0,00 secs] 
95,654: [GC (Allocation Failure) [PSYoungGen: 925248K->64K(882688K)] 927128K->1944K(1057792K), 0,0007125 secs] [Times: user=0,00 sys=0,00, real=0,00 secs] 
96,047: [GC (Allocation Failure) [PSYoungGen: 882240K->96K(841728K)] 884120K->1976K(1016832K), 0,0004937 secs] [Times: user=0,00 sys=0,00, real=0,00 secs] 
96,327: [GC (Allocation Failure) [PSYoungGen: 841312K->96K(802816K)] 843192K->1976K(977920K), 0,0005858 secs] [Times: user=0,00 sys=0,00, real=0,00 secs] 
96,568: [GC (Allocation Failure) [PSYoungGen: 802400K->96K(765952K)] 804280K->1976K(941056K), 0,0006123 secs] [Times: user=0,00 sys=0,00, real=0,00 secs] 
96,804: [GC (Allocation Failure) [PSYoungGen: 765536K->64K(731136K)] 767416K->1944K(906240K), 0,0010164 secs] [Times: user=0,00 sys=0,00, real=0,01 secs] 
97,086: [GC (Allocation Failure) [PSYoungGen: 730688K->96K(697856K)] 732568K->1976K(872960K), 0,0007410 secs] [Times: user=0,00 sys=0,00, real=0,00 secs] 
97,411: [GC (Allocation Failure) [PSYoungGen: 697440K->96K(666112K)] 699320K->1976K(841216K), 0,0005998 secs] [Times: user=0,00 sys=0,00, real=0,00 secs] 
97,648: [GC (Allocation Failure) [PSYoungGen: 665696K->96K(635904K)] 667576K->1976K(811008K), 0,0007034 secs] [Times: user=0,00 sys=0,00, real=0,00 secs] 
97,845: [GC (Allocation Failure) [PSYoungGen: 635488K->96K(607232K)] 637368K->1976K(782336K), 0,0006107 secs] [Times: user=0,00 sys=0,00, real=0,00 secs] 
98,044: [GC (Allocation Failure) [PSYoungGen: 606816K->96K(580096K)] 608696K->1976K(755200K), 0,0005598 secs] [Times: user=0,00 sys=0,00, real=0,01 secs] 
98,317: [GC (Allocation Failure) [PSYoungGen: 579680K->32K(554496K)] 581560K->1912K(729600K), 0,0007275 secs] [Times: user=0,00 sys=0,00, real=0,00 secs] 
98,774: [GC (Allocation Failure) [PSYoungGen: 554016K->96K(529920K)] 555896K->1976K(705024K), 0,0006392 secs] [Times: user=0,00 sys=0,00, real=0,01 secs] 
98,997: [GC (Allocation Failure) [PSYoungGen: 529504K->64K(506368K)] 531384K->1944K(681472K), 0,0009083 secs] [Times: user=0,00 sys=0,00, real=0,00 secs] 
99,204: [GC (Allocation Failure) [PSYoungGen: 505920K->96K(484352K)] 507800K->1976K(659456K), 0,0005362 secs] [Times: user=0,00 sys=0,00, real=0,00 secs] 
99,386: [GC (Allocation Failure) [PSYoungGen: 483936K->128K(463360K)] 485816K->2008K(638464K), 0,0006300 secs] [Times: user=0,00 sys=0,00, real=0,00 secs] 
99,582: [GC (Allocation Failure) [PSYoungGen: 462976K->96K(443392K)] 464856K->1976K(618496K), 0,0008319 secs] [Times: user=0,00 sys=0,00, real=0,00 secs] 
99,778: [GC (Allocation Failure) [PSYoungGen: 442976K->96K(424448K)] 444856K->1976K(599552K), 0,0004902 secs] [Times: user=0,00 sys=0,00, real=0,00 secs] 
99,944: [GC (Allocation Failure) [PSYoungGen: 424032K->96K(406528K)] 425912K->1976K(581632K), 0,0005480 secs] [Times: user=0,01 sys=0,00, real=0,00 secs] 
100,187: [GC (Allocation Failure) [PSYoungGen: 406112K->96K(389120K)] 407992K->1976K(564224K), 0,0006049 secs] [Times: user=0,00 sys=0,00, real=0,00 secs] 
100,307: [GC (Allocation Failure) [PSYoungGen: 388704K->96K(372736K)] 390584K->1976K(547840K), 0,0005966 secs] [Times: user=0,00 sys=0,00, real=0,00 secs] 
Heap
 PSYoungGen      total 372736K, used 77045K [0x000000076ab00000, 0x00000007bb780000, 0x00000007c0000000)
  eden space 372224K, 20% used [0x000000076ab00000,0x000000076f625750,0x0000000781680000)
  from space 512K, 18% used [0x00000007bb700000,0x00000007bb718000,0x00000007bb780000)
  to   space 512K, 0% used [0x00000007bb680000,0x00000007bb680000,0x00000007bb700000)
 ParOldGen       total 175104K, used 1880K [0x00000006c0000000, 0x00000006cab00000, 0x000000076ab00000)
  object space 175104K, 1% used [0x00000006c0000000,0x00000006c01d60c0,0x00000006cab00000)
 Metaspace       used 8699K, capacity 9028K, committed 9344K, reserved 1056768K
  class space    used 969K, capacity 1076K, committed 1152K, reserved 1048576K
