OpenJDK 64-Bit Server VM (25.202-b05) for bsd-amd64 JRE (Zulu 8.36.0.1-CA-macosx) (1.8.0_202-b05), built on Jan 29 2019 06:07:09 by "zulu_re" with gcc 4.2.1 (Based on Apple Inc. build 5658) (LLVM build 2336.11.00)
Memory: 4k page, physical 16777216k(2128940k free)

/proc/meminfo:

CommandLine flags: -XX:InitialHeapSize=268435456 -XX:MaxHeapSize=4294967296 -XX:+PrintGC -XX:+PrintGCDetails -XX:+PrintGCTimeStamps -XX:+UseCompressedClassPointers -XX:+UseCompressedOops -XX:+UseParallelGC 
Heap
 PSYoungGen      total 76288K, used 34345K [0x000000076ab00000, 0x0000000770000000, 0x00000007c0000000)
  eden space 65536K, 52% used [0x000000076ab00000,0x000000076cc8a7e8,0x000000076eb00000)
  from space 10752K, 0% used [0x000000076f580000,0x000000076f580000,0x0000000770000000)
  to   space 10752K, 0% used [0x000000076eb00000,0x000000076eb00000,0x000000076f580000)
 ParOldGen       total 175104K, used 0K [0x00000006c0000000, 0x00000006cab00000, 0x000000076ab00000)
  object space 175104K, 0% used [0x00000006c0000000,0x00000006c0000000,0x00000006cab00000)
 Metaspace       used 7662K, capacity 7997K, committed 8192K, reserved 1056768K
  class space    used 852K, capacity 948K, committed 1024K, reserved 1048576K
s] 
0.770: [GC (Allocation Failure) [PSYoungGen: 263776K->1584K(272896K)] 263808K->1616K(448000K), 0.0018945 secs] [Times: user=0.01 sys=0.00, real=0.00 secs] 
0.814: [GC (Allocation Failure) [PSYoungGen: 263728K->1632K(528896K)] 263760K->1664K(704000K), 0.0016632 secs] [Times: user=0.00 sys=0.00, real=0.01 secs] 
1.013: [GC (Allocation Failure) [PSYoungGen: 525920K->128K(528896K)] 525952K->1708K(704000K), 0.0021551 secs] [Times: user=0.00 sys=0.00, real=0.00 secs] 
1.101: [GC (Allocation Failure) [PSYoungGen: 524416K->96K(1053184K)] 525996K->1692K(1228288K), 0.0005524 secs] [Times: user=0.00 sys=0.00, real=0.00 secs] 
1.490: [GC (Allocation Failure) [PSYoungGen: 1048672K->64K(1053184K)] 1050268K->1660K(1228288K), 0.0008758 secs] [Times: user=0.00 sys=0.00, real=0.00 secs] 
1.666: [GC (Allocation Failure) [PSYoungGen: 1048640K->96K(1393152K)] 1050236K->1692K(1568256K), 0.0005425 secs] [Times: user=0.00 sys=0.00, real=0.00 secs] 
2.023: [GC (Allocation Failure) [PSYoungGen: 1388640K->32K(1393152K)] 1390236K->1644K(1568256K), 0.0006201 secs] [Times: user=0.01 sys=0.00, real=0.00 secs] 
2.248: [GC (Allocation Failure) [PSYoungGen: 1388576K->96K(1323008K)] 1390188K->1708K(1498112K), 0.0005939 secs] [Times: user=0.00 sys=0.00, real=0.00 secs] 
2.509: [GC (Allocation Failure) [PSYoungGen: 1322592K->96K(1264128K)] 1324204K->1708K(1439232K), 0.0010936 secs] [Times: user=0.00 sys=0.00, real=0.00 secs] 
2.722: [GC (Allocation Failure) [PSYoungGen: 1259616K->96K(1200640K)] 1261228K->1716K(1375744K), 0.0005455 secs] [Times: user=0.00 sys=0.00, real=0.00 secs] 
2.914: [GC (Allocation Failure) [PSYoungGen: 1200224K->32K(1147392K)] 1201844K->1652K(1322496K), 0.0005539 secs] [Times: user=0.00 sys=0.00, real=0.00 secs] 
3.096: [GC (Allocation Failure) [PSYoungGen: 1143328K->96K(1090048K)] 1144948K->1716K(1265152K), 0.0005816 secs] [Times: user=0.00 sys=0.00, real=0.00 secs] 
3.263: [GC (Allocation Failure) [PSYoungGen: 1089632K->96K(1041920K)] 1091252K->1716K(1217024K), 0.0005242 secs] [Times: user=0.01 sys=0.00, real=0.00 secs] 
3.439: [GC (Allocation Failure) [PSYoungGen: 1038432K->32K(990208K)] 1040052K->1660K(1165312K), 0.0006197 secs] [Times: user=0.00 sys=0.00, real=0.00 secs] 
3.604: [GC (Allocation Failure) [PSYoungGen: 989728K->96K(947200K)] 991356K->1724K(1122304K), 0.0005355 secs] [Times: user=0.00 sys=0.00, real=0.00 secs] 
3.759: [GC (Allocation Failure) [PSYoungGen: 943712K->96K(900096K)] 945340K->1724K(1075200K), 0.0019006 secs] [Times: user=0.00 sys=0.00, real=0.00 secs] 
3.910: [GC (Allocation Failure) [PSYoungGen: 899680K->96K(861184K)] 901308K->1724K(1036288K), 0.0005420 secs] [Times: user=0.00 sys=0.00, real=0.00 secs] 
4.052: [GC (Allocation Failure) [PSYoungGen: 858208K->64K(819200K)] 859836K->1692K(994304K), 0.0006083 secs] [Times: user=0.00 sys=0.00, real=0.00 secs] 
4.188: [GC (Allocation Failure) [PSYoungGen: 818752K->64K(783360K)] 820380K->1692K(958464K), 0.0005263 secs] [Times: user=0.00 sys=0.00, real=0.00 secs] 
4.314: [GC (Allocation Failure) [PSYoungGen: 780864K->64K(745472K)] 782492K->1692K(920576K), 0.0009283 secs] [Times: user=0.00 sys=0.00, real=0.00 secs] 
4.435: [GC (Allocation Failure) [PSYoungGen: 745024K->32K(713728K)] 746652K->1660K(888832K), 0.0005229 secs] [Times: user=0.00 sys=0.00, real=0.01 secs] 
4.550: [GC (Allocation Failure) [PSYoungGen: 711200K->96K(679424K)] 712828K->1724K(854528K), 0.0006367 secs] [Times: user=0.00 sys=0.00, real=0.00 secs] 
4.664: [GC (Allocation Failure) [PSYoungGen: 679008K->32K(650240K)] 680636K->1668K(825344K), 0.0005640 secs] [Times: user=0.00 sys=0.00, real=0.00 secs] 
4.772: [GC (Allocation Failure) [PSYoungGen: 648224K->64K(619520K)] 649860K->1700K(794624K), 0.0006173 secs] [Times: user=0.00 sys=0.00, real=0.00 secs] 
4.872: [GC (Allocation Failure) [PSYoungGen: 619072K->32K(593408K)] 620708K->1668K(768512K), 0.0006095 secs] [Times: user=0.00 sys=0.00, real=0.00 secs] 
4.968: [GC (Allocation Failure) [PSYoungGen: 591392K->32K(565760K)] 593028K->1668K(740864K), 0.0005910 secs] [Times: user=0.00 sys=0.00, real=0.00 secs] 
5.062: [GC (Allocation Failure) [PSYoungGen: 565280K->96K(541696K)] 566916K->1732K(716800K), 0.0005348 secs] [Times: user=0.00 sys=0.00, real=0.00 secs] 
5.150: [GC (Allocation Failure) [PSYoungGen: 540256K->96K(516608K)] 541892K->1732K(691712K), 0.0006254 secs] [Times: user=0.00 sys=0.00, real=0.00 secs] 
5.233: [GC (Allocation Failure) [PSYoungGen: 516192K->96K(495104K)] 517828K->1732K(670208K), 0.0005285 secs] [Times: user=0.00 sys=0.00, real=0.00 secs] 
5.315: [GC (Allocation Failure) [PSYoungGen: 493664K->64K(472576K)] 495300K->1700K(647680K), 0.0005824 secs] [Times: user=0.00 sys=0.00, real=0.00 secs] 
5.392: [GC (Allocation Failure) [PSYoungGen: 472128K->96K(453120K)] 473764K->1732K(628224K), 0.0005855 secs] [Times: user=0.00 sys=0.00, real=0.00 secs] 
5.467: [GC (Allocation Failure) [PSYoungGen: 451680K->96K(432640K)] 453316K->1732K(607744K), 0.0006026 secs] [Times: user=0.00 sys=0.00, real=0.00 secs] 
5.537: [GC (Allocation Failure) [PSYoungGen: 432224K->96K(414720K)] 433860K->1732K(589824K), 0.0005734 secs] [Times: user=0.00 sys=0.00, real=0.00 secs] 
5.605: [GC (Allocation Failure) [PSYoungGen: 413792K->96K(396800K)] 415428K->1732K(571904K), 0.0005785 secs] [Times: user=0.00 sys=0.00, real=0.01 secs] 
5.669: [GC (Allocation Failure) [PSYoungGen: 396384K->64K(380416K)] 398020K->1700K(555520K), 0.0005447 secs] [Times: user=0.00 sys=0.00, real=0.00 secs] 
5.733: [GC (Allocation Failure) [PSYoungGen: 379456K->96K(364032K)] 381092K->1732K(539136K), 0.0005645 secs] [Times: user=0.00 sys=0.00, real=0.00 secs] 
5.790: [GC (Allocation Failure) [PSYoungGen: 363616K->32K(349184K)] 365252K->1668K(524288K), 0.0005407 secs] [Times: user=0.00 sys=0.00, real=0.00 secs] 
5.852: [GC (Allocation Failure) [PSYoungGen: 348192K->96K(334336K)] 349828K->1732K(509440K), 0.0005447 secs] [Times: user=0.00 sys=0.00, real=0.00 secs] 
5.906: [GC (Allocation Failure) [PSYoungGen: 333920K->96K(321024K)] 335556K->1732K(496128K), 0.0005752 secs] [Times: user=0.00 sys=0.00, real=0.00 secs] 
5.957: [GC (Allocation Failure) [PSYoungGen: 320096K->96K(307712K)] 321732K->1732K(482816K), 0.0005826 secs] [Times: user=0.01 sys=0.00, real=0.00 secs] 
6.012: [GC (Allocation Failure) [PSYoungGen: 307296K->96K(295936K)] 308932K->1732K(471040K), 0.0006366 secs] [Times: user=0.00 sys=0.00, real=0.00 secs] 
6.067: [GC (Allocation Failure) [PSYoungGen: 295008K->96K(283648K)] 296644K->1732K(458752K), 0.0005361 secs] [Times: user=0.00 sys=0.00, real=0.00 secs] 
6.118: [GC (Allocation Failure) [PSYoungGen: 283232K->96K(272384K)] 284868K->1732K(447488K), 0.0006358 secs] [Times: user=0.00 sys=0.00, real=0.00 secs] 
6.167: [GC (Allocation Failure) [PSYoungGen: 271968K->96K(261632K)] 273604K->1732K(436736K), 0.0005531 secs] [Times: user=0.00 sys=0.00, real=0.00 secs] 
6.213: [GC (Allocation Failure) [PSYoungGen: 261216K->32K(251392K)] 262852K->1668K(426496K), 0.0005555 secs] [Times: user=0.00 sys=0.00, real=0.00 secs] 
6.258: [GC (Allocation Failure) [PSYoungGen: 250912K->96K(304128K)] 252548K->1732K(479232K), 0.0005948 secs] [Times: user=0.00 sys=0.00, real=0.00 secs] 
6.308: [GC (Allocation Failure) [PSYoungGen: 303712K->64K(368128K)] 305348K->1700K(543232K), 0.0005627 secs] [Times: user=0.00 sys=0.00, real=0.00 secs] 
6.367: [GC (Allocation Failure) [PSYoungGen: 367680K->96K(352768K)] 369316K->1732K(527872K), 0.0005316 secs] [Times: user=0.00 sys=0.00, real=0.00 secs] 
6.423: [GC (Allocation Failure) [PSYoungGen: 352352K->96K(337920K)] 353988K->1732K(513024K), 0.0005374 secs] [Times: user=0.00 sys=0.00, real=0.00 secs] 
6.476: [GC (Allocation Failure) [PSYoungGen: 337504K->64K(324096K)] 339140K->1700K(499200K), 0.0005324 secs] [Times: user=0.00 sys=0.00, real=0.00 secs] 
6.527: [GC (Allocation Failure) [PSYoungGen: 323648K->32K(310784K)] 325284K->1668K(485888K), 0.0005279 secs] [Times: user=0.00 sys=0.00, real=0.00 secs] 
6.575: [GC (Allocation Failure) [PSYoungGen: 310304K->96K(297984K)] 311940K->1732K(473088K), 0.0005251 secs] [Times: user=0.00 sys=0.00, real=0.01 secs] 
6.622: [GC (Allocation Failure) [PSYoungGen: 297568K->32K(286208K)] 299204K->1668K(461312K), 0.0005334 secs] [Times: user=0.00 sys=0.00, real=0.00 secs] 
6.667: [GC (Allocation Failure) [PSYoungGen: 285728K->96K(274944K)] 287364K->1732K(450048K), 0.0005429 secs] [Times: user=0.00 sys=0.00, real=0.00 secs] 
6.710: [GC (Allocation Failure) [PSYoungGen: 274528K->96K(330240K)] 276164K->1732K(505344K), 0.0005305 secs] [Times: user=0.00 sys=0.00, real=0.00 secs] 
6.761: [GC (Allocation Failure) [PSYoungGen: 329824K->64K(396288K)] 331460K->1700K(571392K), 0.0006632 secs] [Times: user=0.00 sys=0.00, real=0.00 secs] 
6.823: [GC (Allocation Failure) [PSYoungGen: 395840K->32K(379392K)] 397476K->1668K(554496K), 0.0005400 secs] [Times: user=0.00 sys=0.00, real=0.00 secs] 
6.883: [GC (Allocation Failure) [PSYoungGen: 378912K->32K(455168K)] 380548K->1668K(630272K), 0.0010431 secs] [Times: user=0.00 sys=0.00, real=0.00 secs] 
6.954: [GC (Allocation Failure) [PSYoungGen: 454688K->96K(546304K)] 456324K->1732K(721408K), 0.0005394 secs] [Times: user=0.00 sys=0.00, real=0.00 secs] 
7.039: [GC (Allocation Failure) [PSYoungGen: 545888K->96K(522240K)] 547524K->1732K(697344K), 0.0005267 secs] [Times: user=0.00 sys=0.00, real=0.00 secs] 
7.122: [GC (Allocation Failure) [PSYoungGen: 521824K->96K(499200K)] 523460K->1732K(674304K), 0.0005263 secs] [Times: user=0.00 sys=0.00, real=0.00 secs] 
7.200: [GC (Allocation Failure) [PSYoungGen: 498784K->64K(477184K)] 500420K->1700K(652288K), 0.0005317 secs] [Times: user=0.00 sys=0.00, real=0.00 secs] 
7.274: [GC (Allocation Failure) [PSYoungGen: 476736K->64K(456704K)] 478372K->1700K(631808K), 0.0005289 secs] [Times: user=0.01 sys=0.00, real=0.00 secs] 
7.346: [GC (Allocation Failure) [PSYoungGen: 456256K->32K(437248K)] 457892K->1676K(612352K), 0.0006074 secs] [Times: user=0.00 sys=0.00, real=0.00 secs] 
7.415: [GC (Allocation Failure) [PSYoungGen: 436768K->64K(418304K)] 438412K->1708K(593408K), 0.0005238 secs] [Times: user=0.00 sys=0.00, real=0.00 secs] 
7.479: [GC (Allocation Failure) [PSYoungGen: 417856K->64K(400384K)] 419500K->1708K(575488K), 0.0005222 secs] [Times: user=0.00 sys=0.00, real=0.00 secs] 
7.540: [GC (Allocation Failure) [PSYoungGen: 399936K->96K(383488K)] 401580K->1740K(558592K), 0.0005238 secs] [Times: user=0.00 sys=0.00, real=0.00 secs] 
7.598: [GC (Allocation Failure) [PSYoungGen: 383072K->96K(367616K)] 384716K->1740K(542720K), 0.0006166 secs] [Times: user=0.00 sys=0.00, real=0.00 secs] 
7.656: [GC (Allocation Failure) [PSYoungGen: 367200K->64K(352256K)] 368844K->1708K(527360K), 0.0005281 secs] [Times: user=0.00 sys=0.00, real=0.00 secs] 
7.714: [GC (Allocation Failure) [PSYoungGen: 351808K->96K(337920K)] 353452K->1740K(513024K), 0.0005094 secs] [Times: user=0.00 sys=0.00, real=0.00 secs] 
7.770: [GC (Allocation Failure) [PSYoungGen: 337504K->32K(324096K)] 339148K->1676K(499200K), 0.0005632 secs] [Times: user=0.00 sys=0.00, real=0.00 secs] 
7.825: [GC (Allocation Failure) [PSYoungGen: 323616K->96K(310784K)] 325260K->1740K(485888K), 0.0005132 secs] [Times: user=0.00 sys=0.00, real=0.01 secs] 
7.876: [GC (Allocation Failure) [PSYoungGen: 310368K->64K(297984K)] 312012K->1708K(473088K), 0.0006919 secs] [Times: user=0.00 sys=0.01, real=0.01 secs] 
7.923: [GC (Allocation Failure) [PSYoungGen: 297536K->64K(286208K)] 299180K->1708K(461312K), 0.0005607 secs] [Times: user=0.00 sys=0.00, real=0.00 secs] 
7.968: [GC (Allocation Failure) [PSYoungGen: 285760K->96K(274944K)] 287404K->1740K(450048K), 0.0005179 secs] [Times: user=0.00 sys=0.00, real=0.00 secs] 
8.012: [GC (Allocation Failure) [PSYoungGen: 274528K->32K(264192K)] 276172K->1676K(439296K), 0.0005245 secs] [Times: user=0.00 sys=0.00, real=0.00 secs] 
8.052: [GC (Allocation Failure) [PSYoungGen: 263712K->64K(316928K)] 265356K->1708K(492032K), 0.0005166 secs] [Times: user=0.00 sys=0.00, real=0.00 secs] 
8.100: [GC (Allocation Failure) [PSYoungGen: 316480K->96K(380416K)] 318124K->1740K(555520K), 0.0005171 secs] [Times: user=0.00 sys=0.00, real=0.00 secs] 
8.159: [GC (Allocation Failure) [PSYoungGen: 380000K->96K(364544K)] 381644K->1740K(539648K), 0.0005359 secs] [Times: user=0.00 sys=0.00, real=0.00 secs] 
8.216: [GC (Allocation Failure) [PSYoungGen: 364128K->32K(349184K)] 365772K->1676K(524288K), 0.0005297 secs] [Times: user=0.00 sys=0.00, real=0.00 secs] 
8.272: [GC (Allocation Failure) [PSYoungGen: 348704K->96K(334848K)] 350348K->1740K(509952K), 0.0005260 secs] [Times: user=0.00 sys=0.00, real=0.00 secs] 
8.334: [GC (Allocation Failure) [PSYoungGen: 334432K->64K(401920K)] 336076K->1708K(577024K), 0.0011229 secs] [Times: user=0.00 sys=0.00, real=0.00 secs] 
8.413: [GC (Allocation Failure) [PSYoungGen: 401472K->96K(385024K)] 403116K->1740K(560128K), 0.0005586 secs] [Times: user=0.01 sys=0.00, real=0.00 secs] 
8.479: [GC (Allocation Failure) [PSYoungGen: 384608K->32K(368640K)] 386252K->1676K(543744K), 0.0005302 secs] [Times: user=0.00 sys=0.00, real=0.00 secs] 
8.543: [GC (Allocation Failure) [PSYoungGen: 368160K->96K(353280K)] 369804K->1740K(528384K), 0.0005132 secs] [Times: user=0.00 sys=0.00, real=0.00 secs] 
8.599: [GC (Allocation Failure) [PSYoungGen: 352864K->64K(338432K)] 354508K->1708K(513536K), 0.0005235 secs] [Times: user=0.00 sys=0.00, real=0.00 secs] 
8.651: [GC (Allocation Failure) [PSYoungGen: 337984K->64K(406016K)] 339628K->1708K(581120K), 0.0010300 secs] [Times: user=0.00 sys=0.00, real=0.00 secs] 
8.713: [GC (Allocation Failure) [PSYoungGen: 405568K->96K(487424K)] 407212K->1740K(662528K), 0.0005169 secs] [Times: user=0.00 sys=0.00, real=0.00 secs] 
8.792: [GC (Allocation Failure) [PSYoungGen: 487008K->32K(466432K)] 488652K->1676K(641536K), 0.0005057 secs] [Times: user=0.00 sys=0.00, real=0.00 secs] 
8.867: [GC (Allocation Failure) [PSYoungGen: 465952K->32K(446464K)] 467596K->1676K(621568K), 0.0005345 secs] [Times: user=0.00 sys=0.00, real=0.00 secs] 
8.936: [GC (Allocation Failure) [PSYoungGen: 445984K->64K(427520K)] 447628K->1708K(602624K), 0.0005238 secs] [Times: user=0.01 sys=0.00, real=0.00 secs] 
9.003: [GC (Allocation Failure) [PSYoungGen: 427072K->64K(409088K)] 428716K->1708K(584192K), 0.0009878 secs] [Times: user=0.00 sys=0.00, real=0.00 secs] 
9.068: [GC (Allocation Failure) [PSYoungGen: 408640K->64K(491008K)] 410284K->1708K(666112K), 0.0010589 secs] [Times: user=0.00 sys=0.00, real=0.00 secs] 
9.144: [GC (Allocation Failure) [PSYoungGen: 490560K->96K(469504K)] 492204K->1740K(644608K), 0.0005242 secs] [Times: user=0.01 sys=0.00, real=0.00 secs] 
9.217: [GC (Allocation Failure) [PSYoungGen: 469088K->32K(449024K)] 470732K->1676K(624128K), 0.0005389 secs] [Times: user=0.00 sys=0.00, real=0.00 secs] 
9.290: [GC (Allocation Failure) [PSYoungGen: 448544K->96K(429568K)] 450188K->1740K(604672K), 0.0005156 secs] [Times: user=0.00 sys=0.00, real=0.00 secs] 
9.371: [GC (Allocation Failure) [PSYoungGen: 429152K->96K(411136K)] 430796K->1740K(586240K), 0.0005213 secs] [Times: user=0.01 sys=0.00, real=0.00 secs] 
9.448: [GC (Allocation Failure) [PSYoungGen: 410720K->32K(393728K)] 412364K->1676K(568832K), 0.0010451 secs] [Times: user=0.00 sys=0.00, real=0.00 secs] 
9.519: [GC (Allocation Failure) [PSYoungGen: 393248K->64K(377344K)] 394892K->1708K(552448K), 0.0006472 secs] [Times: user=0.00 sys=0.00, real=0.00 secs] 
9.584: [GC (Allocation Failure) [PSYoungGen: 376896K->96K(361472K)] 378540K->1740K(536576K), 0.0005278 secs] [Times: user=0.00 sys=0.00, real=0.00 secs] 
9.641: [GC (Allocation Failure) [PSYoungGen: 361056K->32K(346624K)] 362700K->1676K(521728K), 0.0005710 secs] [Times: user=0.00 sys=0.00, real=0.00 secs] 
9.703: [GC (Allocation Failure) [PSYoungGen: 346144K->32K(332288K)] 347788K->1676K(507392K), 0.0005216 secs] [Times: user=0.00 sys=0.00, real=0.00 secs] 
9.754: [GC (Allocation Failure) [PSYoungGen: 331808K->96K(318464K)] 333452K->1740K(493568K), 0.0005242 secs] [Times: user=0.00 sys=0.00, real=0.00 secs] 
9.804: [GC (Allocation Failure) [PSYoungGen: 318048K->32K(305664K)] 319692K->1676K(480768K), 0.0005506 secs] [Times: user=0.00 sys=0.00, real=0.00 secs] 
9.851: [GC (Allocation Failure) [PSYoungGen: 305184K->96K(293376K)] 306828K->1740K(468480K), 0.0005120 secs] [Times: user=0.00 sys=0.00, real=0.00 secs] 
9.897: [GC (Allocation Failure) [PSYoungGen: 292960K->64K(281600K)] 294604K->1708K(456704K), 0.0005153 secs] [Times: user=0.00 sys=0.00, real=0.00 secs] 
9.940: [GC (Allocation Failure) [PSYoungGen: 281152K->96K(270336K)] 282796K->1740K(445440K), 0.0005202 secs] [Times: user=0.00 sys=0.00, real=0.00 secs] 
9.983: [GC (Allocation Failure) [PSYoungGen: 269920K->32K(324608K)] 271564K->1676K(499712K), 0.0005434 secs] [Times: user=0.00 sys=0.00, real=0.00 secs] 
10.033: [GC (Allocation Failure) [PSYoungGen: 324128K->32K(311296K)] 325772K->1676K(486400K), 0.0005439 secs] [Times: user=0.00 sys=0.00, real=0.00 secs] 
10.081: [GC (Allocation Failure) [PSYoungGen: 310816K->32K(298496K)] 312460K->1676K(473600K), 0.0005095 secs] [Times: user=0.00 sys=0.00, real=0.00 secs] 
10.128: [GC (Allocation Failure) [PSYoungGen: 298016K->96K(286720K)] 299660K->1740K(461824K), 0.0005194 secs] [Times: user=0.00 sys=0.00, real=0.00 secs] 
10.172: [GC (Allocation Failure) [PSYoungGen: 286304K->32K(344064K)] 287948K->1676K(519168K), 0.0005453 secs] [Times: user=0.00 sys=0.00, real=0.00 secs] 
10.225: [GC (Allocation Failure) [PSYoungGen: 343584K->64K(329728K)] 345228K->1708K(504832K), 0.0005136 secs] [Times: user=0.00 sys=0.00, real=0.00 secs] 
10.284: [GC (Allocation Failure) [PSYoungGen: 329280K->160K(316416K)] 330924K->1804K(491520K), 0.0005095 secs] [Times: user=0.00 sys=0.01, real=0.00 secs] 
10.337: [GC (Allocation Failure) [PSYoungGen: 316064K->32K(303616K)] 317708K->1740K(478720K), 0.0005409 secs] [Times: user=0.00 sys=0.00, real=0.00 secs] 
10.387: [GC (Allocation Failure) [PSYoungGen: 303136K->96K(291328K)] 304844K->1804K(466432K), 0.0005185 secs] [Times: user=0.00 sys=0.00, real=0.00 secs] 
10.433: [GC (Allocation Failure) [PSYoungGen: 290912K->64K(279552K)] 292620K->1772K(454656K), 0.0005277 secs] [Times: user=0.00 sys=0.00, real=0.00 secs] 
10.478: [GC (Allocation Failure) [PSYoungGen: 279104K->96K(268288K)] 280812K->1804K(443392K), 0.0005621 secs] [Times: user=0.00 sys=0.00, real=0.00 secs] 
10.522: [GC (Allocation Failure) [PSYoungGen: 267872K->32K(322048K)] 269580K->1740K(497152K), 0.0010205 secs] [Times: user=0.00 sys=0.00, real=0.00 secs] 
10.574: [GC (Allocation Failure) [PSYoungGen: 321568K->96K(386560K)] 323276K->1804K(561664K), 0.0005287 secs] [Times: user=0.00 sys=0.00, real=0.00 secs] 
10.636: [GC (Allocation Failure) [PSYoungGen: 386144K->32K(463872K)] 387852K->1740K(638976K), 0.0005276 secs] [Times: user=0.00 sys=0.00, real=0.00 secs] 
10.708: [GC (Allocation Failure) [PSYoungGen: 463392K->96K(443904K)] 465100K->1804K(619008K), 0.0005260 secs] [Times: user=0.00 sys=0.00, real=0.00 secs] 
10.778: [GC (Allocation Failure) [PSYoungGen: 443488K->64K(424960K)] 445196K->1772K(600064K), 0.0005793 secs] [Times: user=0.00 sys=0.00, real=0.00 secs] 
10.847: [GC (Allocation Failure) [PSYoungGen: 424512K->64K(407040K)] 426220K->1772K(582144K), 0.0005514 secs] [Times: user=0.00 sys=0.00, real=0.00 secs] 
10.910: [GC (Allocation Failure) [PSYoungGen: 406592K->64K(389632K)] 408300K->1772K(564736K), 0.0005459 secs] [Times: user=0.00 sys=0.00, real=0.00 secs] 
10.971: [GC (Allocation Failure) [PSYoungGen: 389184K->96K(373248K)] 390892K->1804K(548352K), 0.0005446 secs] [Times: user=0.00 sys=0.00, real=0.00 secs] 
11.030: [GC (Allocation Failure) [PSYoungGen: 372832K->32K(357888K)] 374540K->1740K(532992K), 0.0005561 secs] [Times: user=0.00 sys=0.00, real=0.00 secs] 
11.086: [GC (Allocation Failure) [PSYoungGen: 357408K->96K(343040K)] 359116K->1804K(518144K), 0.0005914 secs] [Times: user=0.00 sys=0.00, real=0.00 secs] 
11.140: [GC (Allocation Failure) [PSYoungGen: 342624K->64K(328704K)] 344332K->1772K(503808K), 0.0005391 secs] [Times: user=0.00 sys=0.00, real=0.00 secs] 
11.192: [GC (Allocation Failure) [PSYoungGen: 328256K->64K(315392K)] 329964K->1772K(490496K), 0.0005287 secs] [Times: user=0.00 sys=0.00, real=0.00 secs] 
11.241: [GC (Allocation Failure) [PSYoungGen: 314944K->64K(302592K)] 316652K->1772K(477696K), 0.0005900 secs] [Times: user=0.00 sys=0.00, real=0.00 secs] 
11.289: [GC (Allocation Failure) [PSYoungGen: 302136K->32K(290304K)] 303844K->1740K(465408K), 0.0005531 secs] [Times: user=0.00 sys=0.00, real=0.00 secs] 
11.334: [GC (Allocation Failure) [PSYoungGen: 289824K->64K(348672K)] 291532K->1772K(523776K), 0.0005747 secs] [Times: user=0.00 sys=0.00, real=0.00 secs] 
11.390: [GC (Allocation Failure) [PSYoungGen: 348224K->96K(334336K)] 349932K->1804K(509440K), 0.0005566 secs] [Times: user=0.00 sys=0.00, real=0.00 secs] 
11.443: [GC (Allocation Failure) [PSYoungGen: 333920K->64K(320512K)] 335628K->1772K(495616K), 0.0005330 secs] [Times: user=0.00 sys=0.00, real=0.00 secs] 
11.494: [GC (Allocation Failure) [PSYoungGen: 320064K->96K(307712K)] 321772K->1804K(482816K), 0.0005670 secs] [Times: user=0.00 sys=0.00, real=0.00 secs] 
11.544: [GC (Allocation Failure) [PSYoungGen: 307296K->96K(295424K)] 309004K->1804K(470528K), 0.0005566 secs] [Times: user=0.00 sys=0.00, real=0.00 secs] 
11.590: [GC (Allocation Failure) [PSYoungGen: 295008K->64K(283648K)] 296716K->1772K(458752K), 0.0005367 secs] [Times: user=0.01 sys=0.00, real=0.00 secs] 
11.635: [GC (Allocation Failure) [PSYoungGen: 283200K->64K(340480K)] 284908K->1772K(515584K), 0.0005288 secs] [Times: user=0.00 sys=0.00, real=0.00 secs] 
11.690: [GC (Allocation Failure) [PSYoungGen: 340032K->96K(326656K)] 341740K->1804K(501760K), 0.0005668 secs] [Times: user=0.01 sys=0.00, real=0.00 secs] 
11.741: [GC (Allocation Failure) [PSYoungGen: 326240K->32K(313344K)] 327948K->1740K(488448K), 0.0005395 secs] [Times: user=0.00 sys=0.00, real=0.00 secs] 
11.790: [GC (Allocation Failure) [PSYoungGen: 312864K->64K(300544K)] 314572K->1772K(475648K), 0.0005340 secs] [Times: user=0.00 sys=0.00, real=0.00 secs] 
11.838: [GC (Allocation Failure) [PSYoungGen: 300096K->96K(288256K)] 301804K->1804K(463360K), 0.0005262 secs] [Times: user=0.00 sys=0.00, real=0.00 secs] 
11.883: [GC (Allocation Failure) [PSYoungGen: 287840K->96K(346112K)] 289548K->1804K(521216K), 0.0005452 secs] [Times: user=0.00 sys=0.00, real=0.00 secs] 
11.937: [GC (Allocation Failure) [PSYoungGen: 345696K->96K(331776K)] 347404K->1804K(506880K), 0.0005351 secs] [Times: user=0.00 sys=0.00, real=0.00 secs] 
11.989: [GC (Allocation Failure) [PSYoungGen: 331360K->32K(317952K)] 333068K->1740K(493056K), 0.0005393 secs] [Times: user=0.00 sys=0.00, real=0.00 secs] 
12.039: [GC (Allocation Failure) [PSYoungGen: 317472K->96K(305152K)] 319180K->1804K(480256K), 0.0005404 secs] [Times: user=0.00 sys=0.00, real=0.00 secs] 
12.086: [GC (Allocation Failure) [PSYoungGen: 304736K->64K(292864K)] 306444K->1772K(467968K), 0.0005537 secs] [Times: user=0.01 sys=0.00, real=0.00 secs] 
12.133: [GC (Allocation Failure) [PSYoungGen: 292416K->96K(281088K)] 294124K->1804K(456192K), 0.0005311 secs] [Times: user=0.00 sys=0.00, real=0.00 secs] 
12.177: [GC (Allocation Failure) [PSYoungGen: 280672K->96K(337408K)] 282380K->1804K(512512K), 0.0005358 secs] [Times: user=0.00 sys=0.01, real=0.00 secs] 
12.228: [GC (Allocation Failure) [PSYoungGen: 336992K->64K(323584K)] 338700K->1772K(498688K), 0.0005208 secs] [Times: user=0.00 sys=0.00, real=0.00 secs] 
12.278: [GC (Allocation Failure) [PSYoungGen: 323136K->96K(310272K)] 324844K->1804K(485376K), 0.0005466 secs] [Times: user=0.00 sys=0.00, real=0.00 secs] 
12.325: [GC (Allocation Failure) [PSYoungGen: 309856K->96K(297984K)] 311564K->1804K(473088K), 0.0005171 secs] [Times: user=0.01 sys=0.00, real=0.01 secs] 
12.373: [GC (Allocation Failure) [PSYoungGen: 297568K->64K(286208K)] 299276K->1772K(461312K), 0.0005275 secs] [Times: user=0.00 sys=0.00, real=0.00 secs] 
12.418: [GC (Allocation Failure) [PSYoungGen: 285760K->64K(274944K)] 287468K->1772K(450048K), 0.0005293 secs] [Times: user=0.00 sys=0.00, real=0.00 secs] 
12.460: [GC (Allocation Failure) [PSYoungGen: 274496K->64K(330240K)] 276204K->1772K(505344K), 0.0005579 secs] [Times: user=0.00 sys=0.00, real=0.00 secs] 
12.510: [GC (Allocation Failure) [PSYoungGen: 329792K->64K(396288K)] 331500K->1772K(571392K), 0.0005348 secs] [Times: user=0.00 sys=0.00, real=0.00 secs] 
12.571: [GC (Allocation Failure) [PSYoungGen: 395840K->96K(379392K)] 397548K->1804K(554496K), 0.0005259 secs] [Times: user=0.00 sys=0.00, real=0.00 secs] 
12.629: [GC (Allocation Failure) [PSYoungGen: 378976K->64K(363520K)] 380684K->1780K(538624K), 0.0005230 secs] [Times: user=0.00 sys=0.00, real=0.00 secs] 
12.684: [GC (Allocation Failure) [PSYoungGen: 363072K->32K(348160K)] 364788K->1748K(523264K), 0.0005167 secs] [Times: user=0.00 sys=0.00, real=0.00 secs] 
12.738: [GC (Allocation Failure) [PSYoungGen: 347680K->96K(333824K)] 349396K->1812K(508928K), 0.0005193 secs] [Times: user=0.00 sys=0.00, real=0.00 secs] 
12.791: [GC (Allocation Failure) [PSYoungGen: 333408K->96K(320000K)] 335124K->1812K(495104K), 0.0005713 secs] [Times: user=0.00 sys=0.00, real=0.00 secs] 
12.840: [GC (Allocation Failure) [PSYoungGen: 319584K->64K(307200K)] 321300K->1780K(482304K), 0.0005228 secs] [Times: user=0.00 sys=0.00, real=0.00 secs] 
12.887: [GC (Allocation Failure) [PSYoungGen: 306752K->96K(294912K)] 308468K->1812K(470016K), 0.0005185 secs] [Times: user=0.00 sys=0.00, real=0.00 secs] 
12.931: [GC (Allocation Failure) [PSYoungGen: 294496K->96K(283136K)] 296212K->1812K(458240K), 0.0005193 secs] [Times: user=0.00 sys=0.00, real=0.00 secs] 
12.976: [GC (Allocation Failure) [PSYoungGen: 282720K->32K(339968K)] 284436K->1748K(515072K), 0.0005736 secs] [Times: user=0.00 sys=0.00, real=0.00 secs] 
13.029: [GC (Allocation Failure) [PSYoungGen: 339488K->32K(326144K)] 341204K->1748K(501248K), 0.0005646 secs] [Times: user=0.01 sys=0.00, real=0.00 secs] 
13.079: [GC (Allocation Failure) [PSYoungGen: 325664K->64K(391680K)] 327380K->1780K(566784K), 0.0005738 secs] [Times: user=0.01 sys=0.00, real=0.00 secs] 
13.139: [GC (Allocation Failure) [PSYoungGen: 391232K->64K(375296K)] 392948K->1780K(550400K), 0.0005266 secs] [Times: user=0.01 sys=0.00, real=0.00 secs] 
13.196: [GC (Allocation Failure) [PSYoungGen: 374848K->96K(359424K)] 376564K->1812K(534528K), 0.0005464 secs] [Times: user=0.00 sys=0.00, real=0.00 secs] 
13.251: [GC (Allocation Failure) [PSYoungGen: 359008K->96K(344576K)] 360724K->1812K(519680K), 0.0005113 secs] [Times: user=0.00 sys=0.00, real=0.00 secs] 
13.307: [GC (Allocation Failure) [PSYoungGen: 344160K->32K(330240K)] 345876K->1748K(505344K), 0.0005549 secs] [Times: user=0.00 sys=0.00, real=0.00 secs] 
13.360: [GC (Allocation Failure) [PSYoungGen: 329760K->96K(316928K)] 331476K->1812K(492032K), 0.0005278 secs] [Times: user=0.00 sys=0.00, real=0.00 secs] 
13.412: [GC (Allocation Failure) [PSYoungGen: 316512K->96K(304128K)] 318228K->1812K(479232K), 0.0005164 secs] [Times: user=0.00 sys=0.00, real=0.00 secs] 
13.459: [GC (Allocation Failure) [PSYoungGen: 303712K->96K(291840K)] 305428K->1812K(466944K), 0.0005252 secs] [Times: user=0.01 sys=0.00, real=0.00 secs] 
13.504: [GC (Allocation Failure) [PSYoungGen: 291424K->96K(280064K)] 293140K->1812K(455168K), 0.0005232 secs] [Times: user=0.00 sys=0.00, real=0.00 secs] 
13.548: [GC (Allocation Failure) [PSYoungGen: 279648K->64K(268800K)] 281364K->1780K(443904K), 0.0005229 secs] [Times: user=0.01 sys=0.00, real=0.00 secs] 
13.589: [GC (Allocation Failure) [PSYoungGen: 268352K->64K(322560K)] 270068K->1780K(497664K), 0.0005325 secs] [Times: user=0.00 sys=0.00, real=0.00 secs] 
13.639: [GC (Allocation Failure) [PSYoungGen: 322112K->64K(387072K)] 323828K->1780K(562176K), 0.0005415 secs] [Times: user=0.00 sys=0.00, real=0.00 secs] 
13.699: [GC (Allocation Failure) [PSYoungGen: 386624K->96K(370688K)] 388340K->1812K(545792K), 0.0005433 secs] [Times: user=0.00 sys=0.00, real=0.00 secs] 
13.758: [GC (Allocation Failure) [PSYoungGen: 370272K->96K(355328K)] 371988K->1812K(530432K), 0.0005298 secs] [Times: user=0.00 sys=0.00, real=0.00 secs] 
13.813: [GC (Allocation Failure) [PSYoungGen: 354912K->128K(340480K)] 356628K->1844K(515584K), 0.0007384 secs] [Times: user=0.00 sys=0.00, real=0.00 secs] 
13.870: [GC (Allocation Failure) [PSYoungGen: 340096K->32K(326656K)] 341812K->1748K(501760K), 0.0005651 secs] [Times: user=0.00 sys=0.00, real=0.00 secs] 
13.921: [GC (Allocation Failure) [PSYoungGen: 326176K->32K(313344K)] 327892K->1748K(488448K), 0.0005518 secs] [Times: user=0.00 sys=0.00, real=0.00 secs] 
13.970: [GC (Allocation Failure) [PSYoungGen: 312864K->64K(300544K)] 314580K->1780K(475648K), 0.0005152 secs] [Times: user=0.00 sys=0.00, real=0.00 secs] 
14.020: [GC (Allocation Failure) [PSYoungGen: 300096K->64K(360960K)] 301812K->1780K(536064K), 0.0010358 secs] [Times: user=0.00 sys=0.00, real=0.00 secs] 
14.082: [GC (Allocation Failure) [PSYoungGen: 360512K->96K(433152K)] 362228K->1812K(608256K), 0.0005698 secs] [Times: user=0.00 sys=0.00, real=0.00 secs] 
14.147: [GC (Allocation Failure) [PSYoungGen: 432736K->96K(519680K)] 434452K->1812K(694784K), 0.0005018 secs] [Times: user=0.00 sys=0.01, real=0.00 secs] 
14.225: [GC (Allocation Failure) [PSYoungGen: 519264K->32K(496640K)] 520980K->1748K(671744K), 0.0005234 secs] [Times: user=0.00 sys=0.00, real=0.00 secs] 
14.300: [GC (Allocation Failure) [PSYoungGen: 496160K->96K(475136K)] 497876K->1812K(650240K), 0.0005685 secs] [Times: user=0.00 sys=0.00, real=0.00 secs] 
14.376: [GC (Allocation Failure) [PSYoungGen: 474720K->96K(454656K)] 476436K->1812K(629760K), 0.0005505 secs] [Times: user=0.00 sys=0.00, real=0.00 secs] 
14.449: [GC (Allocation Failure) [PSYoungGen: 454240K->32K(435200K)] 455956K->1748K(610304K), 0.0005053 secs] [Times: user=0.00 sys=0.00, real=0.00 secs] 
14.541: [GC (Allocation Failure) [PSYoungGen: 434720K->96K(416768K)] 436436K->1812K(591872K), 0.0005308 secs] [Times: user=0.00 sys=0.00, real=0.00 secs] 
14.626: [GC (Allocation Failure) [PSYoungGen: 416352K->96K(398848K)] 418068K->1812K(573952K), 0.0004931 secs] [Times: user=0.00 sys=0.00, real=0.00 secs] 
14.707: [GC (Allocation Failure) [PSYoungGen: 398432K->64K(381952K)] 400148K->1780K(557056K), 0.0006836 secs] [Times: user=0.00 sys=0.00, real=0.00 secs] 
14.781: [GC (Allocation Failure) [PSYoungGen: 381504K->64K(366080K)] 383220K->1780K(541184K), 0.0011827 secs] [Times: user=0.00 sys=0.00, real=0.00 secs] 
14.857: [GC (Allocation Failure) [PSYoungGen: 365632K->96K(350720K)] 367348K->1812K(525824K), 0.0005676 secs] [Times: user=0.00 sys=0.00, real=0.00 secs] 
14.927: [GC (Allocation Failure) [PSYoungGen: 350304K->32K(336384K)] 352020K->1748K(511488K), 0.0004989 secs] [Times: user=0.00 sys=0.00, real=0.00 secs] 
14.999: [GC (Allocation Failure) [PSYoungGen: 335904K->32K(322560K)] 337620K->1748K(497664K), 0.0006071 secs] [Times: user=0.00 sys=0.00, real=0.00 secs] 
15.061: [GC (Allocation Failure) [PSYoungGen: 322080K->96K(309248K)] 323796K->1812K(484352K), 0.0005641 secs] [Times: user=0.00 sys=0.00, real=0.00 secs] 
15.115: [GC (Allocation Failure) [PSYoungGen: 308832K->96K(296960K)] 310548K->1812K(472064K), 0.0006206 secs] [Times: user=0.01 sys=0.00, real=0.01 secs] 
15.161: [GC (Allocation Failure) [PSYoungGen: 296544K->32K(285184K)] 298260K->1748K(460288K), 0.0005280 secs] [Times: user=0.00 sys=0.00, real=0.00 secs] 
15.205: [GC (Allocation Failure) [PSYoungGen: 284704K->32K(342528K)] 286420K->1748K(517632K), 0.0013022 secs] [Times: user=0.01 sys=0.00, real=0.01 secs] 
15.258: [GC (Allocation Failure) [PSYoungGen: 342048K->32K(411136K)] 343764K->1748K(586240K), 0.0005182 secs] [Times: user=0.00 sys=0.00, real=0.00 secs] 
15.320: [GC (Allocation Failure) [PSYoungGen: 410656K->32K(493568K)] 412372K->1748K(668672K), 0.0005225 secs] [Times: user=0.00 sys=0.00, real=0.00 secs] 
15.425: [GC (Allocation Failure) [PSYoungGen: 493088K->32K(592384K)] 494804K->1748K(767488K), 0.0024346 secs] [Times: user=0.00 sys=0.00, real=0.01 secs] 
15.573: [GC (Allocation Failure) [PSYoungGen: 591904K->64K(711168K)] 593620K->1780K(886272K), 0.0010963 secs] [Times: user=0.01 sys=0.00, real=0.00 secs] 
15.700: [GC (Allocation Failure) [PSYoungGen: 710720K->32K(678912K)] 712436K->1748K(854016K), 0.0005318 secs] [Times: user=0.00 sys=0.00, real=0.00 secs] 
15.812: [GC (Allocation Failure) [PSYoungGen: 678432K->32K(648192K)] 680148K->1748K(823296K), 0.0005353 secs] [Times: user=0.01 sys=0.00, real=0.00 secs] 
15.914: [GC (Allocation Failure) [PSYoungGen: 647712K->96K(619008K)] 649428K->1812K(794112K), 0.0005499 secs] [Times: user=0.00 sys=0.00, real=0.00 secs] 
16.016: [GC (Allocation Failure) [PSYoungGen: 618592K->32K(591360K)] 620308K->1748K(766464K), 0.0005193 secs] [Times: user=0.00 sys=0.01, real=0.00 secs] 
16.110: [GC (Allocation Failure) [PSYoungGen: 590880K->96K(565248K)] 592596K->1812K(740352K), 0.0005339 secs] [Times: user=0.00 sys=0.00, real=0.00 secs] 
16.225: [GC (Allocation Failure) [PSYoungGen: 564832K->32K(540160K)] 566548K->1748K(715264K), 0.0005411 secs] [Times: user=0.00 sys=0.00, real=0.01 secs] 
16.310: [GC (Allocation Failure) [PSYoungGen: 539680K->96K(516608K)] 541396K->1812K(691712K), 0.0005426 secs] [Times: user=0.00 sys=0.00, real=0.00 secs] 
16.395: [GC (Allocation Failure) [PSYoungGen: 516192K->64K(494080K)] 517908K->1780K(669184K), 0.0005275 secs] [Times: user=0.00 sys=0.00, real=0.00 secs] 
16.473: [GC (Allocation Failure) [PSYoungGen: 493632K->64K(472576K)] 495348K->1780K(647680K), 0.0010527 secs] [Times: user=0.00 sys=0.00, real=0.00 secs] 
16.550: [GC (Allocation Failure) [PSYoungGen: 472128K->32K(452096K)] 473844K->1748K(627200K), 0.0005420 secs] [Times: user=0.00 sys=0.00, real=0.00 secs] 
16.622: [GC (Allocation Failure) [PSYoungGen: 451616K->96K(432640K)] 453332K->1812K(607744K), 0.0005294 secs] [Times: user=0.00 sys=0.00, real=0.00 secs] 
16.692: [GC (Allocation Failure) [PSYoungGen: 432224K->64K(414208K)] 433940K->1780K(589312K), 0.0006145 secs] [Times: user=0.00 sys=0.00, real=0.00 secs] 
16.758: [GC (Allocation Failure) [PSYoungGen: 413760K->96K(396800K)] 415476K->1812K(571904K), 0.0005246 secs] [Times: user=0.00 sys=0.00, real=0.00 secs] 
16.847: [GC (Allocation Failure) [PSYoungGen: 396384K->96K(379904K)] 398100K->1812K(555008K), 0.0005209 secs] [Times: user=0.00 sys=0.00, real=0.00 secs] 
16.913: [GC (Allocation Failure) [PSYoungGen: 379488K->64K(364032K)] 381204K->1780K(539136K), 0.0006624 secs] [Times: user=0.00 sys=0.00, real=0.00 secs] 
16.971: [GC (Allocation Failure) [PSYoungGen: 363584K->32K(348672K)] 365300K->1748K(523776K), 0.0005701 secs] [Times: user=0.00 sys=0.00, real=0.00 secs] 
17.026: [GC (Allocation Failure) [PSYoungGen: 348192K->96K(334336K)] 349908K->1812K(509440K), 0.0005370 secs] [Times: user=0.00 sys=0.00, real=0.00 secs] 
17.080: [GC (Allocation Failure) [PSYoungGen: 333920K->96K(320512K)] 335636K->1812K(495616K), 0.0005453 secs] [Times: user=0.01 sys=0.00, real=0.00 secs] 
17.130: [GC (Allocation Failure) [PSYoungGen: 320096K->96K(307712K)] 321812K->1812K(482816K), 0.0005419 secs] [Times: user=0.00 sys=0.00, real=0.00 secs] 
17.185: [GC (Allocation Failure) [PSYoungGen: 307296K->96K(295424K)] 309012K->1812K(470528K), 0.0005265 secs] [Times: user=0.00 sys=0.00, real=0.00 secs] 
17.231: [GC (Allocation Failure) [PSYoungGen: 295008K->96K(283648K)] 296724K->1812K(458752K), 0.0005301 secs] [Times: user=0.00 sys=0.00, real=0.00 secs] 
17.276: [GC (Allocation Failure) [PSYoungGen: 283232K->96K(272384K)] 284948K->1812K(447488K), 0.0005374 secs] [Times: user=0.00 sys=0.01, real=0.00 secs] 
17.319: [GC (Allocation Failure) [PSYoungGen: 271968K->96K(261632K)] 273684K->1812K(436736K), 0.0005333 secs] [Times: user=0.01 sys=0.00, real=0.00 secs] 
17.361: [GC (Allocation Failure) [PSYoungGen: 261216K->32K(313856K)] 262932K->1748K(488960K), 0.0005688 secs] [Times: user=0.00 sys=0.00, real=0.00 secs] 
17.412: [GC (Allocation Failure) [PSYoungGen: 313376K->96K(376832K)] 315092K->1812K(551936K), 0.0005645 secs] [Times: user=0.00 sys=0.00, real=0.00 secs] 
17.471: [GC (Allocation Failure) [PSYoungGen: 376416K->96K(360960K)] 378132K->1812K(536064K), 0.0005802 secs] [Times: user=0.00 sys=0.00, real=0.00 secs] 
17.528: [GC (Allocation Failure) [PSYoungGen: 360544K->96K(346112K)] 362260K->1812K(521216K), 0.0005477 secs] [Times: user=0.00 sys=0.00, real=0.00 secs] 
17.582: [GC (Allocation Failure) [PSYoungGen: 345696K->64K(331776K)] 347412K->1780K(506880K), 0.0005429 secs] [Times: user=0.00 sys=0.00, real=0.00 secs] 
17.637: [GC (Allocation Failure) [PSYoungGen: 331328K->96K(317952K)] 333044K->1812K(493056K), 0.0005612 secs] [Times: user=0.00 sys=0.00, real=0.00 secs] 
17.687: [GC (Allocation Failure) [PSYoungGen: 317536K->96K(305152K)] 319252K->1812K(480256K), 0.0005257 secs] [Times: user=0.00 sys=0.00, real=0.00 secs] 
17.736: [GC (Allocation Failure) [PSYoungGen: 304736K->32K(292864K)] 306452K->1748K(467968K), 0.0006025 secs] [Times: user=0.00 sys=0.00, real=0.00 secs] 
17.783: [GC (Allocation Failure) [PSYoungGen: 292384K->96K(281088K)] 294100K->1812K(456192K), 0.0005614 secs] [Times: user=0.00 sys=0.00, real=0.00 secs] 
17.828: [GC (Allocation Failure) [PSYoungGen: 280672K->64K(337408K)] 282388K->1780K(512512K), 0.0005500 secs] [Times: user=0.01 sys=0.00, real=0.00 secs] 
17.882: [GC (Allocation Failure) [PSYoungGen: 336960K->96K(323584K)] 338676K->1812K(498688K), 0.0005327 secs] [Times: user=0.00 sys=0.00, real=0.00 secs] 
17.934: [GC (Allocation Failure) [PSYoungGen: 323168K->96K(310272K)] 324884K->1812K(485376K), 0.0005833 secs] [Times: user=0.00 sys=0.00, real=0.00 secs] 
17.982: [GC (Allocation Failure) [PSYoungGen: 309856K->96K(372224K)] 311572K->1812K(547328K), 0.0005779 secs] [Times: user=0.00 sys=0.00, real=0.00 secs] 
18.040: [GC (Allocation Failure) [PSYoungGen: 371808K->96K(356864K)] 373524K->1812K(531968K), 0.0005319 secs] [Times: user=0.00 sys=0.00, real=0.00 secs] 
18.096: [GC (Allocation Failure) [PSYoungGen: 356448K->64K(342016K)] 358164K->1780K(517120K), 0.0005290 secs] [Times: user=0.00 sys=0.00, real=0.00 secs] 
18.149: [GC (Allocation Failure) [PSYoungGen: 341568K->96K(328192K)] 343284K->1812K(503296K), 0.0005494 secs] [Times: user=0.00 sys=0.00, real=0.00 secs] 
18.201: [GC (Allocation Failure) [PSYoungGen: 327776K->96K(314880K)] 329492K->1812K(489984K), 0.0005336 secs] [Times: user=0.00 sys=0.00, real=0.00 secs] 
18.250: [GC (Allocation Failure) [PSYoungGen: 314464K->96K(302080K)] 316180K->1812K(477184K), 0.0005479 secs] [Times: user=0.00 sys=0.00, real=0.00 secs] 
18.297: [GC (Allocation Failure) [PSYoungGen: 301664K->96K(289792K)] 303380K->1812K(464896K), 0.0005388 secs] [Times: user=0.00 sys=0.00, real=0.00 secs] 
18.342: [GC (Allocation Failure) [PSYoungGen: 289376K->96K(278016K)] 291092K->1812K(453120K), 0.0005482 secs] [Times: user=0.00 sys=0.00, real=0.00 secs] 
18.388: [GC (Allocation Failure) [PSYoungGen: 277600K->96K(333824K)] 279316K->1812K(508928K), 0.0005544 secs] [Times: user=0.00 sys=0.00, real=0.00 secs] 
18.440: [GC (Allocation Failure) [PSYoungGen: 333408K->96K(320000K)] 335124K->1812K(495104K), 0.0005234 secs] [Times: user=0.00 sys=0.00, real=0.00 secs] 
18.490: [GC (Allocation Failure) [PSYoungGen: 319584K->32K(307200K)] 321300K->1748K(482304K), 0.0005385 secs] [Times: user=0.00 sys=0.00, real=0.00 secs] 
18.538: [GC (Allocation Failure) [PSYoungGen: 306720K->96K(294912K)] 308436K->1812K(470016K), 0.0005587 secs] [Times: user=0.00 sys=0.00, real=0.00 secs] 
18.585: [GC (Allocation Failure) [PSYoungGen: 294496K->64K(353792K)] 296212K->1780K(528896K), 0.0005364 secs] [Times: user=0.00 sys=0.00, real=0.00 secs] 
18.640: [GC (Allocation Failure) [PSYoungGen: 353344K->96K(338944K)] 355060K->1812K(514048K), 0.0005702 secs] [Times: user=0.00 sys=0.00, real=0.00 secs] 
18.693: [GC (Allocation Failure) [PSYoungGen: 338528K->96K(325120K)] 340244K->1812K(500224K), 0.0004952 secs] [Times: user=0.00 sys=0.00, real=0.00 secs] 
18.744: [GC (Allocation Failure) [PSYoungGen: 324704K->96K(311808K)] 326420K->1812K(486912K), 0.0005446 secs] [Times: user=0.00 sys=0.00, real=0.00 secs] 
18.793: [GC (Allocation Failure) [PSYoungGen: 311392K->64K(299008K)] 313108K->1780K(474112K), 0.0005732 secs] [Times: user=0.00 sys=0.00, real=0.00 secs] 
18.840: [GC (Allocation Failure) [PSYoungGen: 298560K->32K(287232K)] 300276K->1748K(462336K), 0.0005441 secs] [Times: user=0.00 sys=0.00, real=0.00 secs] 
18.885: [GC (Allocation Failure) [PSYoungGen: 286752K->64K(344576K)] 288468K->1780K(519680K), 0.0005338 secs] [Times: user=0.00 sys=0.00, real=0.00 secs] 
18.939: [GC (Allocation Failure) [PSYoungGen: 344128K->96K(330240K)] 345844K->1812K(505344K), 0.0005523 secs] [Times: user=0.00 sys=0.00, real=0.00 secs] 
18.991: [GC (Allocation Failure) [PSYoungGen: 329824K->96K(316928K)] 331540K->1812K(492032K), 0.0005833 secs] [Times: user=0.00 sys=0.00, real=0.00 secs] 
19.044: [GC (Allocation Failure) [PSYoungGen: 316512K->96K(304128K)] 318228K->1812K(479232K), 0.0005586 secs] [Times: user=0.00 sys=0.00, real=0.00 secs] 
19.092: [GC (Allocation Failure) [PSYoungGen: 303712K->96K(291840K)] 305428K->1812K(466944K), 0.0005311 secs] [Times: user=0.00 sys=0.00, real=0.00 secs] 
19.138: [GC (Allocation Failure) [PSYoungGen: 291424K->96K(280064K)] 293140K->1812K(455168K), 0.0005292 secs] [Times: user=0.00 sys=0.00, real=0.00 secs] 
19.182: [GC (Allocation Failure) [PSYoungGen: 279648K->96K(336384K)] 281364K->1812K(511488K), 0.0006309 secs] [Times: user=0.00 sys=0.00, real=0.00 secs] 
19.235: [GC (Allocation Failure) [PSYoungGen: 335968K->64K(403968K)] 337684K->1780K(579072K), 0.0006728 secs] [Times: user=0.00 sys=0.00, real=0.01 secs] 
19.298: [GC (Allocation Failure) [PSYoungGen: 403520K->96K(484864K)] 405236K->1812K(659968K), 0.0005765 secs] [Times: user=0.01 sys=0.00, real=0.00 secs] 
19.376: [GC (Allocation Failure) [PSYoungGen: 484448K->96K(463872K)] 486164K->1812K(638976K), 0.0005542 secs] [Times: user=0.00 sys=0.00, real=0.00 secs] 
19.449: [GC (Allocation Failure) [PSYoungGen: 463456K->96K(443904K)] 465172K->1812K(619008K), 0.0005380 secs] [Times: user=0.00 sys=0.00, real=0.00 secs] 
19.519: [GC (Allocation Failure) [PSYoungGen: 443488K->96K(424960K)] 445204K->1812K(600064K), 0.0005702 secs] [Times: user=0.00 sys=0.00, real=0.00 secs] 
19.585: [GC (Allocation Failure) [PSYoungGen: 424544K->32K(407040K)] 426260K->1748K(582144K), 0.0005371 secs] [Times: user=0.00 sys=0.00, real=0.01 secs] 
19.649: [GC (Allocation Failure) [PSYoungGen: 406560K->32K(389632K)] 408276K->1748K(564736K), 0.0005365 secs] [Times: user=0.00 sys=0.00, real=0.00 secs] 
19.712: [GC (Allocation Failure) [PSYoungGen: 389152K->96K(373248K)] 390868K->1812K(548352K), 0.0005880 secs] [Times: user=0.00 sys=0.00, real=0.00 secs] 
19.773: [GC (Allocation Failure) [PSYoungGen: 372832K->32K(357888K)] 374548K->1748K(532992K), 0.0005749 secs] [Times: user=0.00 sys=0.00, real=0.00 secs] 
19.829: [GC (Allocation Failure) [PSYoungGen: 357408K->96K(343040K)] 359124K->1812K(518144K), 0.0005358 secs] [Times: user=0.00 sys=0.00, real=0.00 secs] 
19.884: [GC (Allocation Failure) [PSYoungGen: 342624K->32K(328704K)] 344340K->1748K(503808K), 0.0005438 secs] [Times: user=0.00 sys=0.00, real=0.00 secs] 
19.935: [GC (Allocation Failure) [PSYoungGen: 328224K->64K(315392K)] 329940K->1780K(490496K), 0.0005362 secs] [Times: user=0.01 sys=0.00, real=0.00 secs] 
19.985: [GC (Allocation Failure) [PSYoungGen: 314944K->64K(302592K)] 316660K->1780K(477696K), 0.0005473 secs] [Times: user=0.01 sys=0.00, real=0.00 secs] 
20.032: [GC (Allocation Failure) [PSYoungGen: 302144K->32K(290304K)] 303860K->1748K(465408K), 0.0005246 secs] [Times: user=0.00 sys=0.00, real=0.00 secs] 
20.077: [GC (Allocation Failure) [PSYoungGen: 289824K->96K(278528K)] 291540K->1812K(453632K), 0.0004911 secs] [Times: user=0.00 sys=0.00, real=0.00 secs] 
20.119: [GC (Allocation Failure) [PSYoungGen: 278112K->96K(267776K)] 279828K->1812K(442880K), 0.0005516 secs] [Times: user=0.00 sys=0.00, real=0.00 secs] 
20.161: [GC (Allocation Failure) [PSYoungGen: 267360K->64K(321536K)] 269076K->1780K(496640K), 0.0005339 secs] [Times: user=0.00 sys=0.00, real=0.00 secs] 
20.212: [GC (Allocation Failure) [PSYoungGen: 321088K->64K(308224K)] 322804K->1780K(483328K), 0.0005178 secs] [Times: user=0.00 sys=0.00, real=0.00 secs] 
20.259: [GC (Allocation Failure) [PSYoungGen: 307776K->96K(295936K)] 309492K->1812K(471040K), 0.0005279 secs] [Times: user=0.00 sys=0.00, real=0.00 secs] 
20.309: [GC (Allocation Failure) [PSYoungGen: 295520K->96K(284160K)] 297236K->1812K(459264K), 0.0005469 secs] [Times: user=0.00 sys=0.00, real=0.00 secs] 
20.352: [GC (Allocation Failure) [PSYoungGen: 283744K->32K(340992K)] 285460K->1772K(516096K), 0.0005352 secs] [Times: user=0.00 sys=0.00, real=0.00 secs] 
20.406: [GC (Allocation Failure) [PSYoungGen: 340512K->32K(327168K)] 342252K->1772K(502272K), 0.0005607 secs] [Times: user=0.00 sys=0.00, real=0.00 secs] 
20.456: [GC (Allocation Failure) [PSYoungGen: 326688K->32K(313856K)] 328428K->1772K(488960K), 0.0005621 secs] [Times: user=0.00 sys=0.00, real=0.00 secs] 
20.504: [GC (Allocation Failure) [PSYoungGen: 313376K->32K(301056K)] 315116K->1772K(476160K), 0.0005182 secs] [Times: user=0.00 sys=0.00, real=0.00 secs] 
20.550: [GC (Allocation Failure) [PSYoungGen: 300576K->96K(361472K)] 302316K->1836K(536576K), 0.0005449 secs] [Times: user=0.01 sys=0.00, real=0.00 secs] 
20.605: [GC (Allocation Failure) [PSYoungGen: 361056K->96K(346624K)] 362796K->1836K(521728K), 0.0005433 secs] [Times: user=0.00 sys=0.00, real=0.01 secs] 
20.658: [GC (Allocation Failure) [PSYoungGen: 346208K->32K(332288K)] 347948K->1772K(507392K), 0.0005556 secs] [Times: user=0.00 sys=0.00, real=0.00 secs] 
20.709: [GC (Allocation Failure) [PSYoungGen: 331808K->96K(318464K)] 333548K->1836K(493568K), 0.0005451 secs] [Times: user=0.01 sys=0.00, real=0.00 secs] 
20.758: [GC (Allocation Failure) [PSYoungGen: 318048K->64K(305664K)] 319788K->1804K(480768K), 0.0005175 secs] [Times: user=0.01 sys=0.00, real=0.00 secs] 
20.805: [GC (Allocation Failure) [PSYoungGen: 305216K->96K(293376K)] 306956K->1836K(468480K), 0.0005240 secs] [Times: user=0.00 sys=0.00, real=0.00 secs] 
20.851: [GC (Allocation Failure) [PSYoungGen: 292960K->32K(281600K)] 294700K->1772K(456704K), 0.0005551 secs] [Times: user=0.00 sys=0.00, real=0.00 secs] 
20.897: [GC (Allocation Failure) [PSYoungGen: 281120K->96K(337920K)] 282860K->1836K(513024K), 0.0007071 secs] [Times: user=0.00 sys=0.00, real=0.00 secs] 
20.948: [GC (Allocation Failure) [PSYoungGen: 337504K->64K(405504K)] 339244K->1804K(580608K), 0.0005397 secs] [Times: user=0.00 sys=0.00, real=0.00 secs] 
21.010: [GC (Allocation Failure) [PSYoungGen: 405056K->64K(388096K)] 406796K->1804K(563200K), 0.0005415 secs] [Times: user=0.00 sys=0.00, real=0.00 secs] 
21.069: [GC (Allocation Failure) [PSYoungGen: 387648K->32K(371712K)] 389388K->1772K(546816K), 0.0005518 secs] [Times: user=0.00 sys=0.00, real=0.00 secs] 
21.128: [GC (Allocation Failure) [PSYoungGen: 371232K->96K(356352K)] 372972K->1836K(531456K), 0.0005144 secs] [Times: user=0.00 sys=0.00, real=0.00 secs] 
21.183: [GC (Allocation Failure) [PSYoungGen: 355936K->96K(341504K)] 357676K->1836K(516608K), 0.0005385 secs] [Times: user=0.00 sys=0.00, real=0.00 secs] 
21.238: [GC (Allocation Failure) [PSYoungGen: 341088K->64K(327680K)] 342828K->1804K(502784K), 0.0005238 secs] [Times: user=0.00 sys=0.00, real=0.00 secs] 
21.288: [GC (Allocation Failure) [PSYoungGen: 327232K->32K(314368K)] 328972K->1772K(489472K), 0.0005203 secs] [Times: user=0.00 sys=0.00, real=0.00 secs] 
21.335: [GC (Allocation Failure) [PSYoungGen: 313888K->96K(301568K)] 315628K->1836K(476672K), 0.0005140 secs] [Times: user=0.01 sys=0.00, real=0.01 secs] 
21.384: [GC (Allocation Failure) [PSYoungGen: 301152K->96K(289280K)] 302892K->1836K(464384K), 0.0005867 secs] [Times: user=0.00 sys=0.00, real=0.00 secs] 
21.432: [GC (Allocation Failure) [PSYoungGen: 288864K->32K(278016K)] 290604K->1772K(453120K), 0.0005008 secs] [Times: user=0.00 sys=0.00, real=0.00 secs] 
21.476: [GC (Allocation Failure) [PSYoungGen: 277536K->96K(267264K)] 279276K->1836K(442368K), 0.0005179 secs] [Times: user=0.00 sys=0.00, real=0.00 secs] 
21.517: [GC (Allocation Failure) [PSYoungGen: 266848K->64K(321024K)] 268588K->1804K(496128K), 0.0005258 secs] [Times: user=0.00 sys=0.00, real=0.00 secs] 
21.566: [GC (Allocation Failure) [PSYoungGen: 320576K->96K(308224K)] 322316K->1836K(483328K), 0.0005273 secs] [Times: user=0.00 sys=0.00, real=0.00 secs] 
21.613: [GC (Allocation Failure) [PSYoungGen: 307808K->96K(295936K)] 309548K->1836K(471040K), 0.0005314 secs] [Times: user=0.01 sys=0.00, real=0.00 secs] 
21.658: [GC (Allocation Failure) [PSYoungGen: 295520K->96K(355328K)] 297260K->1836K(530432K), 0.0005166 secs] [Times: user=0.00 sys=0.00, real=0.00 secs] 
21.714: [GC (Allocation Failure) [PSYoungGen: 354912K->32K(340480K)] 356652K->1772K(515584K), 0.0005317 secs] [Times: user=0.00 sys=0.00, real=0.00 secs] 
21.768: [GC (Allocation Failure) [PSYoungGen: 340000K->64K(326656K)] 341740K->1804K(501760K), 0.0005284 secs] [Times: user=0.00 sys=0.00, real=0.00 secs] 
21.819: [GC (Allocation Failure) [PSYoungGen: 326208K->96K(313344K)] 327948K->1836K(488448K), 0.0005607 secs] [Times: user=0.00 sys=0.00, real=0.00 secs] 
21.870: [GC (Allocation Failure) [PSYoungGen: 312928K->32K(300544K)] 314668K->1772K(475648K), 0.0005173 secs] [Times: user=0.00 sys=0.00, real=0.00 secs] 
21.916: [GC (Allocation Failure) [PSYoungGen: 300064K->32K(288256K)] 301804K->1772K(463360K), 0.0005685 secs] [Times: user=0.00 sys=0.00, real=0.00 secs] 
21.963: [GC (Allocation Failure) [PSYoungGen: 287776K->96K(346112K)] 289516K->1836K(521216K), 0.0005704 secs] [Times: user=0.00 sys=0.00, real=0.00 secs] 
22.017: [GC (Allocation Failure) [PSYoungGen: 345696K->96K(331776K)] 347436K->1836K(506880K), 0.0005129 secs] [Times: user=0.00 sys=0.00, real=0.00 secs] 
22.068: [GC (Allocation Failure) [PSYoungGen: 331360K->96K(317952K)] 333100K->1836K(493056K), 0.0005562 secs] [Times: user=0.00 sys=0.00, real=0.00 secs] 
22.117: [GC (Allocation Failure) [PSYoungGen: 317536K->96K(305152K)] 319276K->1836K(480256K), 0.0005494 secs] [Times: user=0.00 sys=0.00, real=0.00 secs] 
22.164: [GC (Allocation Failure) [PSYoungGen: 304736K->96K(292864K)] 306476K->1836K(467968K), 0.0005181 secs] [Times: user=0.00 sys=0.00, real=0.00 secs] 
22.209: [GC (Allocation Failure) [PSYoungGen: 292448K->64K(281088K)] 294188K->1804K(456192K), 0.0005187 secs] [Times: user=0.01 sys=0.00, real=0.00 secs] 
22.252: [GC (Allocation Failure) [PSYoungGen: 280640K->64K(337408K)] 282380K->1804K(512512K), 0.0005130 secs] [Times: user=0.00 sys=0.00, real=0.00 secs] 
22.303: [GC (Allocation Failure) [PSYoungGen: 336960K->32K(323584K)] 338700K->1772K(498688K), 0.0005351 secs] [Times: user=0.00 sys=0.00, real=0.00 secs] 
22.353: [GC (Allocation Failure) [PSYoungGen: 323104K->96K(310272K)] 324844K->1836K(485376K), 0.0005338 secs] [Times: user=0.00 sys=0.00, real=0.00 secs] 
22.403: [GC (Allocation Failure) [PSYoungGen: 309856K->32K(297984K)] 311596K->1772K(473088K), 0.0005464 secs] [Times: user=0.00 sys=0.00, real=0.00 secs] 
22.452: [GC (Allocation Failure) [PSYoungGen: 297504K->32K(286208K)] 299244K->1772K(461312K), 0.0005305 secs] [Times: user=0.00 sys=0.00, real=0.00 secs] 
22.497: [GC (Allocation Failure) [PSYoungGen: 285728K->96K(343552K)] 287468K->1836K(518656K), 0.0005777 secs] [Times: user=0.01 sys=0.00, real=0.00 secs] 
22.550: [GC (Allocation Failure) [PSYoungGen: 343136K->96K(412160K)] 344876K->1836K(587264K), 0.0005729 secs] [Times: user=0.00 sys=0.00, real=0.00 secs] 
22.612: [GC (Allocation Failure) [PSYoungGen: 411744K->96K(394752K)] 413484K->1836K(569856K), 0.0005210 secs] [Times: user=0.00 sys=0.00, real=0.00 secs] 
22.676: [GC (Allocation Failure) [PSYoungGen: 394336K->32K(377856K)] 396076K->1772K(552960K), 0.0005873 secs] [Times: user=0.01 sys=0.00, real=0.00 secs] 
22.733: [GC (Allocation Failure) [PSYoungGen: 377376K->64K(361984K)] 379116K->1804K(537088K), 0.0005209 secs] [Times: user=0.00 sys=0.00, real=0.00 secs] 
22.791: [GC (Allocation Failure) [PSYoungGen: 361536K->96K(347136K)] 363276K->1836K(522240K), 0.0005198 secs] [Times: user=0.00 sys=0.00, real=0.00 secs] 
22.844: [GC (Allocation Failure) [PSYoungGen: 346720K->96K(332800K)] 348460K->1836K(507904K), 0.0005381 secs] [Times: user=0.00 sys=0.00, real=0.00 secs] 
22.895: [GC (Allocation Failure) [PSYoungGen: 332384K->32K(318976K)] 334124K->1772K(494080K), 0.0005353 secs] [Times: user=0.01 sys=0.00, real=0.00 secs] 
22.943: [GC (Allocation Failure) [PSYoungGen: 318496K->32K(306176K)] 320236K->1772K(481280K), 0.0005258 secs] [Times: user=0.00 sys=0.00, real=0.00 secs] 
22.992: [GC (Allocation Failure) [PSYoungGen: 305696K->32K(293888K)] 307436K->1772K(468992K), 0.0005426 secs] [Times: user=0.00 sys=0.00, real=0.00 secs] 
23.037: [GC (Allocation Failure) [PSYoungGen: 293408K->32K(282112K)] 295148K->1772K(457216K), 0.0005283 secs] [Times: user=0.00 sys=0.00, real=0.00 secs] 
23.081: [GC (Allocation Failure) [PSYoungGen: 281632K->64K(270848K)] 283372K->1804K(445952K), 0.0005195 secs] [Times: user=0.00 sys=0.00, real=0.00 secs] 
23.122: [GC (Allocation Failure) [PSYoungGen: 270400K->32K(325120K)] 272140K->1772K(500224K), 0.0005143 secs] [Times: user=0.00 sys=0.00, real=0.00 secs] 
23.172: [GC (Allocation Failure) [PSYoungGen: 324640K->64K(390144K)] 326380K->1804K(565248K), 0.0005595 secs] [Times: user=0.00 sys=0.00, real=0.00 secs] 
23.231: [GC (Allocation Failure) [PSYoungGen: 389696K->32K(373760K)] 391436K->1772K(548864K), 0.0005356 secs] [Times: user=0.00 sys=0.00, real=0.00 secs] 
23.288: [GC (Allocation Failure) [PSYoungGen: 373280K->32K(357888K)] 375020K->1772K(532992K), 0.0005174 secs] [Times: user=0.00 sys=0.00, real=0.00 secs] 
23.344: [GC (Allocation Failure) [PSYoungGen: 357408K->96K(343040K)] 359148K->1836K(518144K), 0.0005430 secs] [Times: user=0.00 sys=0.00, real=0.00 secs] 
23.400: [GC (Allocation Failure) [PSYoungGen: 342624K->96K(328704K)] 344364K->1844K(503808K), 0.0005504 secs] [Times: user=0.00 sys=0.00, real=0.00 secs] 
23.452: [GC (Allocation Failure) [PSYoungGen: 328288K->96K(315392K)] 330036K->1844K(490496K), 0.0005625 secs] [Times: user=0.00 sys=0.00, real=0.00 secs] 
23.500: [GC (Allocation Failure) [PSYoungGen: 314976K->64K(302592K)] 316724K->1812K(477696K), 0.0005455 secs] [Times: user=0.00 sys=0.00, real=0.00 secs] 
23.547: [GC (Allocation Failure) [PSYoungGen: 302139K->32K(290304K)] 303887K->1780K(465408K), 0.0005258 secs] [Times: user=0.00 sys=0.00, real=0.00 secs] 
23.592: [GC (Allocation Failure) [PSYoungGen: 289824K->64K(278528K)] 291572K->1812K(453632K), 0.0005168 secs] [Times: user=0.01 sys=0.00, real=0.00 secs] 
23.635: [GC (Allocation Failure) [PSYoungGen: 278080K->96K(334336K)] 279828K->1844K(509440K), 0.0005302 secs] [Times: user=0.00 sys=0.00, real=0.01 secs] 
23.686: [GC (Allocation Failure) [PSYoungGen: 333920K->32K(320512K)] 335668K->1780K(495616K), 0.0005052 secs] [Times: user=0.00 sys=0.00, real=0.00 secs] 
23.735: [GC (Allocation Failure) [PSYoungGen: 320032K->64K(307712K)] 321780K->1812K(482816K), 0.0005637 secs] [Times: user=0.00 sys=0.00, real=0.01 secs] 
23.782: [GC (Allocation Failure) [PSYoungGen: 307264K->96K(295424K)] 309012K->1844K(470528K), 0.0005319 secs] [Times: user=0.00 sys=0.00, real=0.00 secs] 
23.828: [GC (Allocation Failure) [PSYoungGen: 295008K->32K(354816K)] 296756K->1780K(529920K), 0.0005983 secs] [Times: user=0.00 sys=0.00, real=0.00 secs] 
23.885: [GC (Allocation Failure) [PSYoungGen: 354336K->32K(339968K)] 356084K->1780K(515072K), 0.0005311 secs] [Times: user=0.00 sys=0.00, real=0.00 secs] 
23.937: [GC (Allocation Failure) [PSYoungGen: 339488K->64K(326144K)] 341236K->1812K(501248K), 0.0005237 secs] [Times: user=0.00 sys=0.00, real=0.00 secs] 
23.987: [GC (Allocation Failure) [PSYoungGen: 325696K->96K(312832K)] 327444K->1844K(487936K), 0.0005663 secs] [Times: user=0.00 sys=0.00, real=0.00 secs] 
24.037: [GC (Allocation Failure) [PSYoungGen: 312416K->96K(300032K)] 314164K->1844K(475136K), 0.0005592 secs] [Times: user=0.00 sys=0.00, real=0.00 secs] 
24.084: [GC (Allocation Failure) [PSYoungGen: 299616K->64K(359936K)] 301364K->1812K(535040K), 0.0005555 secs] [Times: user=0.00 sys=0.00, real=0.00 secs] 
24.138: [GC (Allocation Failure) [PSYoungGen: 359488K->64K(345088K)] 361236K->1812K(520192K), 0.0005358 secs] [Times: user=0.01 sys=0.00, real=0.00 secs] 
24.191: [GC (Allocation Failure) [PSYoungGen: 344640K->96K(330752K)] 346388K->1844K(505856K), 0.0005215 secs] [Times: user=0.00 sys=0.00, real=0.00 secs] 
24.242: [GC (Allocation Failure) [PSYoungGen: 330336K->96K(317440K)] 332084K->1844K(492544K), 0.0005547 secs] [Times: user=0.00 sys=0.00, real=0.00 secs] 
24.291: [GC (Allocation Failure) [PSYoungGen: 317024K->96K(304640K)] 318772K->1844K(479744K), 0.0005311 secs] [Times: user=0.00 sys=0.00, real=0.00 secs] 
24.337: [GC (Allocation Failure) [PSYoungGen: 304224K->32K(292352K)] 305972K->1780K(467456K), 0.0005526 secs] [Times: user=0.01 sys=0.00, real=0.00 secs] 
24.384: [GC (Allocation Failure) [PSYoungGen: 291872K->96K(350720K)] 293620K->1844K(525824K), 0.0005792 secs] [Times: user=0.00 sys=0.00, real=0.00 secs] 
24.441: [GC (Allocation Failure) [PSYoungGen: 350304K->32K(336384K)] 352052K->1780K(511488K), 0.0005282 secs] [Times: user=0.00 sys=0.00, real=0.00 secs] 
24.493: [GC (Allocation Failure) [PSYoungGen: 335904K->64K(322560K)] 337652K->1812K(497664K), 0.0005277 secs] [Times: user=0.00 sys=0.00, real=0.00 secs] 
24.542: [GC (Allocation Failure) [PSYoungGen: 322112K->64K(309248K)] 323860K->1812K(484352K), 0.0005208 secs] [Times: user=0.00 sys=0.00, real=0.00 secs] 
24.589: [GC (Allocation Failure) [PSYoungGen: 308800K->96K(296960K)] 310548K->1844K(472064K), 0.0005231 secs] [Times: user=0.00 sys=0.00, real=0.00 secs] 
24.634: [GC (Allocation Failure) [PSYoungGen: 296544K->64K(285184K)] 298292K->1812K(460288K), 0.0005223 secs] [Times: user=0.00 sys=0.00, real=0.00 secs] 
24.678: [GC (Allocation Failure) [PSYoungGen: 284736K->96K(342528K)] 286484K->1844K(517632K), 0.0005466 secs] [Times: user=0.00 sys=0.00, real=0.00 secs] 
24.730: [GC (Allocation Failure) [PSYoungGen: 342112K->32K(328192K)] 343860K->1780K(503296K), 0.0005223 secs] [Times: user=0.00 sys=0.00, real=0.00 secs] 
24.779: [GC (Allocation Failure) [PSYoungGen: 327712K->96K(314880K)] 329460K->1844K(489984K), 0.0005186 secs] [Times: user=0.00 sys=0.00, real=0.00 secs] 
24.827: [GC (Allocation Failure) [PSYoungGen: 314464K->64K(302080K)] 316212K->1812K(477184K), 0.0005098 secs] [Times: user=0.00 sys=0.00, real=0.00 secs] 
24.873: [GC (Allocation Failure) [PSYoungGen: 301632K->32K(362496K)] 303380K->1780K(537600K), 0.0008279 secs] [Times: user=0.01 sys=0.00, real=0.00 secs] 
24.929: [GC (Allocation Failure) [PSYoungGen: 362016K->32K(435200K)] 363764K->1780K(610304K), 0.0005283 secs] [Times: user=0.00 sys=0.00, real=0.00 secs] 
24.995: [GC (Allocation Failure) [PSYoungGen: 434720K->96K(416768K)] 436468K->1844K(591872K), 0.0005300 secs] [Times: user=0.00 sys=0.00, real=0.00 secs] 
25.058: [GC (Allocation Failure) [PSYoungGen: 416352K->64K(398848K)] 418100K->1812K(573952K), 0.0005240 secs] [Times: user=0.00 sys=0.00, real=0.00 secs] 
25.118: [GC (Allocation Failure) [PSYoungGen: 398400K->32K(381952K)] 400148K->1780K(557056K), 0.0005461 secs] [Times: user=0.00 sys=0.00, real=0.00 secs] 
25.178: [GC (Allocation Failure) [PSYoungGen: 381472K->64K(366080K)] 383220K->1812K(541184K), 0.0005134 secs] [Times: user=0.00 sys=0.00, real=0.00 secs] 
25.234: [GC (Allocation Failure) [PSYoungGen: 365632K->96K(350720K)] 367380K->1844K(525824K), 0.0005238 secs] [Times: user=0.00 sys=0.00, real=0.00 secs] 
25.287: [GC (Allocation Failure) [PSYoungGen: 350304K->32K(336384K)] 352052K->1780K(511488K), 0.0005587 secs] [Times: user=0.00 sys=0.01, real=0.00 secs] 
25.339: [GC (Allocation Failure) [PSYoungGen: 335904K->64K(322560K)] 337652K->1812K(497664K), 0.0005429 secs] [Times: user=0.00 sys=0.00, real=0.00 secs] 
25.391: [GC (Allocation Failure) [PSYoungGen: 322112K->96K(309248K)] 323860K->1844K(484352K), 0.0005234 secs] [Times: user=0.00 sys=0.00, real=0.00 secs] 
25.439: [GC (Allocation Failure) [PSYoungGen: 308832K->64K(371200K)] 310580K->1812K(546304K), 0.0009948 secs] [Times: user=0.01 sys=0.00, real=0.00 secs] 
25.495: [GC (Allocation Failure) [PSYoungGen: 370752K->64K(445440K)] 372500K->1812K(620544K), 0.0005279 secs] [Times: user=0.00 sys=0.00, real=0.01 secs] 
25.565: [GC (Allocation Failure) [PSYoungGen: 444992K->96K(426496K)] 446740K->1844K(601600K), 0.0005565 secs] [Times: user=0.00 sys=0.00, real=0.00 secs] 
25.629: [GC (Allocation Failure) [PSYoungGen: 426080K->96K(408064K)] 427828K->1844K(583168K), 0.0005152 secs] [Times: user=0.00 sys=0.00, real=0.00 secs] 
25.694: [GC (Allocation Failure) [PSYoungGen: 407648K->32K(390656K)] 409396K->1780K(565760K), 0.0005380 secs] [Times: user=0.00 sys=0.00, real=0.00 secs] 
25.755: [GC (Allocation Failure) [PSYoungGen: 390176K->32K(374272K)] 391924K->1780K(549376K), 0.0005571 secs] [Times: user=0.00 sys=0.00, real=0.00 secs] 
25.812: [GC (Allocation Failure) [PSYoungGen: 373792K->96K(358400K)] 375540K->1844K(533504K), 0.0005282 secs] [Times: user=0.00 sys=0.00, real=0.00 secs] 
25.867: [GC (Allocation Failure) [PSYoungGen: 357984K->96K(343552K)] 359732K->1844K(518656K), 0.0005251 secs] [Times: user=0.01 sys=0.00, real=0.00 secs] 
25.920: [GC (Allocation Failure) [PSYoungGen: 343136K->96K(329216K)] 344884K->1844K(504320K), 0.0005149 secs] [Times: user=0.00 sys=0.00, real=0.00 secs] 
25.970: [GC (Allocation Failure) [PSYoungGen: 328800K->96K(315904K)] 330548K->1844K(491008K), 0.0005453 secs] [Times: user=0.00 sys=0.00, real=0.00 secs] 
26.019: [GC (Allocation Failure) [PSYoungGen: 315488K->32K(303104K)] 317236K->1780K(478208K), 0.0005103 secs] [Times: user=0.00 sys=0.00, real=0.00 secs] 
26.068: [GC (Allocation Failure) [PSYoungGen: 302624K->32K(290816K)] 304372K->1780K(465920K), 0.0005361 secs] [Times: user=0.00 sys=0.00, real=0.00 secs] 
26.112: [GC (Allocation Failure) [PSYoungGen: 290336K->64K(279040K)] 292084K->1812K(454144K), 0.0005280 secs] [Times: user=0.00 sys=0.00, real=0.00 secs] 
26.155: [GC (Allocation Failure) [PSYoungGen: 278592K->32K(334848K)] 280340K->1780K(509952K), 0.0005925 secs] [Times: user=0.00 sys=0.00, real=0.01 secs] 
26.207: [GC (Allocation Failure) [PSYoungGen: 334368K->96K(401920K)] 336116K->1844K(577024K), 0.0005658 secs] [Times: user=0.00 sys=0.00, real=0.00 secs] 
26.269: [GC (Allocation Failure) [PSYoungGen: 401504K->64K(385024K)] 403252K->1812K(560128K), 0.0005563 secs] [Times: user=0.00 sys=0.00, real=0.00 secs] 
26.327: [GC (Allocation Failure) [PSYoungGen: 384576K->64K(368640K)] 386324K->1812K(543744K), 0.0005249 secs] [Times: user=0.00 sys=0.00, real=0.00 secs] 
26.385: [GC (Allocation Failure) [PSYoungGen: 368192K->64K(353280K)] 369940K->1812K(528384K), 0.0005809 secs] [Times: user=0.00 sys=0.00, real=0.01 secs] 
26.439: [GC (Allocation Failure) [PSYoungGen: 352832K->96K(338432K)] 354580K->1844K(513536K), 0.0005171 secs] [Times: user=0.00 sys=0.00, real=0.00 secs] 
26.491: [GC (Allocation Failure) [PSYoungGen: 338016K->32K(324608K)] 339764K->1780K(499712K), 0.0005031 secs] [Times: user=0.00 sys=0.00, real=0.00 secs] 
26.541: [GC (Allocation Failure) [PSYoungGen: 324128K->32K(311296K)] 325876K->1780K(486400K), 0.0005481 secs] [Times: user=0.00 sys=0.00, real=0.00 secs] 
26.588: [GC (Allocation Failure) [PSYoungGen: 310816K->96K(298496K)] 312564K->1844K(473600K), 0.0005180 secs] [Times: user=0.00 sys=0.00, real=0.00 secs] 
26.634: [GC (Allocation Failure) [PSYoungGen: 298080K->32K(286720K)] 299828K->1780K(461824K), 0.0005957 secs] [Times: user=0.00 sys=0.00, real=0.00 secs] 
26.679: [GC (Allocation Failure) [PSYoungGen: 286240K->32K(344064K)] 287988K->1780K(519168K), 0.0005792 secs] [Times: user=0.00 sys=0.00, real=0.00 secs] 
26.731: [GC (Allocation Failure) [PSYoungGen: 343584K->64K(413184K)] 345332K->1812K(588288K), 0.0005530 secs] [Times: user=0.01 sys=0.00, real=0.00 secs] 
26.794: [GC (Allocation Failure) [PSYoungGen: 412736K->96K(395776K)] 414484K->1844K(570880K), 0.0005161 secs] [Times: user=0.00 sys=0.00, real=0.00 secs] 
26.854: [GC (Allocation Failure) [PSYoungGen: 395360K->96K(378880K)] 397108K->1844K(553984K), 0.0006051 secs] [Times: user=0.00 sys=0.00, real=0.00 secs] 
26.913: [GC (Allocation Failure) [PSYoungGen: 378464K->32K(363008K)] 380212K->1780K(538112K), 0.0005605 secs] [Times: user=0.00 sys=0.00, real=0.00 secs] 
26.969: [GC (Allocation Failure) [PSYoungGen: 362528K->96K(348160K)] 364276K->1844K(523264K), 0.0005303 secs] [Times: user=0.00 sys=0.00, real=0.00 secs] 
27.024: [GC (Allocation Failure) [PSYoungGen: 347744K->96K(333824K)] 349492K->1844K(508928K), 0.0005485 secs] [Times: user=0.00 sys=0.00, real=0.00 secs] 
27.076: [GC (Allocation Failure) [PSYoungGen: 333408K->96K(320000K)] 335156K->1844K(495104K), 0.0005543 secs] [Times: user=0.00 sys=0.00, real=0.00 secs] 
27.126: [GC (Allocation Failure) [PSYoungGen: 319584K->64K(307200K)] 321332K->1812K(482304K), 0.0005686 secs] [Times: user=0.00 sys=0.00, real=0.00 secs] 
27.173: [GC (Allocation Failure) [PSYoungGen: 306752K->32K(294912K)] 308500K->1780K(470016K), 0.0005774 secs] [Times: user=0.00 sys=0.00, real=0.00 secs] 
27.219: [GC (Allocation Failure) [PSYoungGen: 294432K->96K(283136K)] 296180K->1844K(458240K), 0.0005274 secs] [Times: user=0.01 sys=0.00, real=0.00 secs] 
27.262: [GC (Allocation Failure) [PSYoungGen: 282720K->64K(339968K)] 284468K->1812K(515072K), 0.0005539 secs] [Times: user=0.00 sys=0.00, real=0.00 secs] 
27.314: [GC (Allocation Failure) [PSYoungGen: 339520K->96K(326144K)] 341268K->1844K(501248K), 0.0005305 secs] [Times: user=0.00 sys=0.00, real=0.00 secs] 
27.365: [GC (Allocation Failure) [PSYoungGen: 325728K->96K(312832K)] 327476K->1844K(487936K), 0.0005520 secs] [Times: user=0.00 sys=0.00, real=0.01 secs] 
27.416: [GC (Allocation Failure) [PSYoungGen: 312416K->32K(375296K)] 314164K->1780K(550400K), 0.0006716 secs] [Times: user=0.00 sys=0.00, real=0.00 secs] 
27.477: [GC (Allocation Failure) [PSYoungGen: 374816K->96K(359424K)] 376564K->1844K(534528K), 0.0005758 secs] [Times: user=0.01 sys=0.00, real=0.00 secs] 
27.533: [GC (Allocation Failure) [PSYoungGen: 359008K->96K(344576K)] 360756K->1844K(519680K), 0.0005182 secs] [Times: user=0.00 sys=0.00, real=0.00 secs] 
27.585: [GC (Allocation Failure) [PSYoungGen: 344160K->32K(413696K)] 345908K->1780K(588800K), 0.0010272 secs] [Times: user=0.01 sys=0.00, real=0.01 secs] 
27.649: [GC (Allocation Failure) [PSYoungGen: 413216K->64K(496640K)] 414964K->1812K(671744K), 0.0005299 secs] [Times: user=0.00 sys=0.00, real=0.00 secs] 
27.725: [GC (Allocation Failure) [PSYoungGen: 496192K->96K(475136K)] 497940K->1844K(650240K), 0.0005512 secs] [Times: user=0.01 sys=0.00, real=0.01 secs] 
27.797: [GC (Allocation Failure) [PSYoungGen: 474720K->96K(454656K)] 476468K->1844K(629760K), 0.0005169 secs] [Times: user=0.00 sys=0.00, real=0.00 secs] 
27.869: [GC (Allocation Failure) [PSYoungGen: 454240K->96K(435200K)] 455988K->1844K(610304K), 0.0006454 secs] [Times: user=0.00 sys=0.00, real=0.00 secs] 
27.937: [GC (Allocation Failure) [PSYoungGen: 434784K->32K(416768K)] 436532K->1780K(591872K), 0.0005473 secs] [Times: user=0.00 sys=0.00, real=0.00 secs] 
28.001: [GC (Allocation Failure) [PSYoungGen: 416288K->32K(398848K)] 418036K->1780K(573952K), 0.0005663 secs] [Times: user=0.00 sys=0.00, real=0.00 secs] 
28.063: [GC (Allocation Failure) [PSYoungGen: 398368K->96K(381952K)] 400116K->1844K(557056K), 0.0005455 secs] [Times: user=0.00 sys=0.00, real=0.00 secs] 
28.126: [GC (Allocation Failure) [PSYoungGen: 381536K->64K(366080K)] 383284K->1812K(541184K), 0.0005853 secs] [Times: user=0.00 sys=0.00, real=0.00 secs] 
28.184: [GC (Allocation Failure) [PSYoungGen: 365630K->32K(350720K)] 367378K->1780K(525824K), 0.0005437 secs] [Times: user=0.00 sys=0.00, real=0.00 secs] 
28.237: [GC (Allocation Failure) [PSYoungGen: 350240K->96K(336384K)] 351988K->1844K(511488K), 0.0005286 secs] [Times: user=0.00 sys=0.00, real=0.00 secs] 
28.289: [GC (Allocation Failure) [PSYoungGen: 335968K->32K(322560K)] 337716K->1780K(497664K), 0.0005257 secs] [Times: user=0.00 sys=0.00, real=0.00 secs] 
28.338: [GC (Allocation Failure) [PSYoungGen: 322080K->64K(309248K)] 323828K->1812K(484352K), 0.0005245 secs] [Times: user=0.00 sys=0.00, real=0.00 secs] 
28.387: [GC (Allocation Failure) [PSYoungGen: 308800K->96K(296960K)] 310548K->1844K(472064K), 0.0005412 secs] [Times: user=0.00 sys=0.00, real=0.00 secs] 
28.433: [GC (Allocation Failure) [PSYoungGen: 296544K->96K(285184K)] 298292K->1844K(460288K), 0.0005215 secs] [Times: user=0.00 sys=0.00, real=0.00 secs] 
28.476: [GC (Allocation Failure) [PSYoungGen: 284768K->96K(273920K)] 286516K->1844K(449024K), 0.0005289 secs] [Times: user=0.00 sys=0.00, real=0.00 secs] 
28.520: [GC (Allocation Failure) [PSYoungGen: 273504K->96K(328704K)] 275252K->1844K(503808K), 0.0005625 secs] [Times: user=0.01 sys=0.00, real=0.00 secs] 
28.570: [GC (Allocation Failure) [PSYoungGen: 328288K->96K(315392K)] 330036K->1844K(490496K), 0.0005234 secs] [Times: user=0.01 sys=0.00, real=0.00 secs] 
28.619: [GC (Allocation Failure) [PSYoungGen: 314976K->96K(302592K)] 316724K->1844K(477696K), 0.0005275 secs] [Times: user=0.00 sys=0.00, real=0.00 secs] 
28.665: [GC (Allocation Failure) [PSYoungGen: 302176K->64K(290304K)] 303924K->1812K(465408K), 0.0005173 secs] [Times: user=0.00 sys=0.00, real=0.01 secs] 
28.709: [GC (Allocation Failure) [PSYoungGen: 289856K->64K(348672K)] 291604K->1812K(523776K), 0.0005687 secs] [Times: user=0.00 sys=0.00, real=0.00 secs] 
28.762: [GC (Allocation Failure) [PSYoungGen: 348224K->96K(334336K)] 349972K->1844K(509440K), 0.0005211 secs] [Times: user=0.00 sys=0.00, real=0.00 secs] 
28.814: [GC (Allocation Failure) [PSYoungGen: 333920K->96K(401408K)] 335668K->1844K(576512K), 0.0006253 secs] [Times: user=0.00 sys=0.00, real=0.00 secs] 
28.876: [GC (Allocation Failure) [PSYoungGen: 400992K->96K(384512K)] 402740K->1844K(559616K), 0.0005850 secs] [Times: user=0.00 sys=0.00, real=0.00 secs] 
28.935: [GC (Allocation Failure) [PSYoungGen: 384096K->32K(368128K)] 385844K->1780K(543232K), 0.0005271 secs] [Times: user=0.00 sys=0.00, real=0.01 secs] 
28.994: [GC (Allocation Failure) [PSYoungGen: 367648K->96K(352768K)] 369396K->1844K(527872K), 0.0006164 secs] [Times: user=0.00 sys=0.00, real=0.00 secs] 
29.051: [GC (Allocation Failure) [PSYoungGen: 352352K->32K(337920K)] 354100K->1780K(513024K), 0.0005242 secs] [Times: user=0.00 sys=0.00, real=0.00 secs] 
29.103: [GC (Allocation Failure) [PSYoungGen: 337440K->96K(324096K)] 339188K->1844K(499200K), 0.0005615 secs] [Times: user=0.00 sys=0.00, real=0.00 secs] 
29.156: [GC (Allocation Failure) [PSYoungGen: 323680K->96K(310784K)] 325428K->1844K(485888K), 0.0006049 secs] [Times: user=0.00 sys=0.00, real=0.00 secs] 
29.205: [GC (Allocation Failure) [PSYoungGen: 310368K->64K(297984K)] 312116K->1812K(473088K), 0.0005152 secs] [Times: user=0.00 sys=0.00, real=0.00 secs] 
29.250: [GC (Allocation Failure) [PSYoungGen: 297536K->32K(286208K)] 299284K->1780K(461312K), 0.0005315 secs] [Times: user=0.00 sys=0.00, real=0.00 secs] 
29.294: [GC (Allocation Failure) [PSYoungGen: 285728K->96K(343552K)] 287476K->1844K(518656K), 0.0005501 secs] [Times: user=0.00 sys=0.00, real=0.00 secs] 
29.346: [GC (Allocation Failure) [PSYoungGen: 343136K->32K(329216K)] 344884K->1780K(504320K), 0.0005349 secs] [Times: user=0.00 sys=0.00, real=0.00 secs] 
29.398: [GC (Allocation Failure) [PSYoungGen: 328736K->32K(315904K)] 330484K->1780K(491008K), 0.0005507 secs] [Times: user=0.00 sys=0.00, real=0.00 secs] 
29.446: [GC (Allocation Failure) [PSYoungGen: 315424K->96K(303104K)] 317172K->1844K(478208K), 0.0005448 secs] [Times: user=0.00 sys=0.00, real=0.00 secs] 
29.493: [GC (Allocation Failure) [PSYoungGen: 302688K->96K(364032K)] 304436K->1844K(539136K), 0.0005391 secs] [Times: user=0.00 sys=0.00, real=0.00 secs] 
29.548: [GC (Allocation Failure) [PSYoungGen: 363616K->96K(348672K)] 365364K->1844K(523776K), 0.0005634 secs] [Times: user=0.00 sys=0.00, real=0.00 secs] 
29.601: [GC (Allocation Failure) [PSYoungGen: 348256K->96K(334336K)] 350004K->1844K(509440K), 0.0005212 secs] [Times: user=0.00 sys=0.00, real=0.00 secs] 
29.652: [GC (Allocation Failure) [PSYoungGen: 333920K->96K(320512K)] 335668K->1844K(495616K), 0.0005602 secs] [Times: user=0.00 sys=0.00, real=0.00 secs] 
29.702: [GC (Allocation Failure) [PSYoungGen: 320096K->32K(307712K)] 321844K->1780K(482816K), 0.0005351 secs] [Times: user=0.01 sys=0.00, real=0.00 secs] 
29.750: [GC (Allocation Failure) [PSYoungGen: 307232K->96K(295424K)] 308980K->1844K(470528K), 0.0005225 secs] [Times: user=0.00 sys=0.00, real=0.00 secs] 
29.796: [GC (Allocation Failure) [PSYoungGen: 295008K->96K(283648K)] 296756K->1844K(458752K), 0.0005451 secs] [Times: user=0.00 sys=0.00, real=0.00 secs] 
29.842: [GC (Allocation Failure) [PSYoungGen: 283232K->96K(340480K)] 284980K->1844K(515584K), 0.0006034 secs] [Times: user=0.00 sys=0.00, real=0.00 secs] 
29.895: [GC (Allocation Failure) [PSYoungGen: 340064K->32K(408576K)] 341812K->1780K(583680K), 0.0005454 secs] [Times: user=0.00 sys=0.00, real=0.00 secs] 
29.957: [GC (Allocation Failure) [PSYoungGen: 408096K->64K(391168K)] 409844K->1812K(566272K), 0.0005222 secs] [Times: user=0.00 sys=0.00, real=0.00 secs] 
30.016: [GC (Allocation Failure) [PSYoungGen: 390720K->64K(374784K)] 392468K->1812K(549888K), 0.0005215 secs] [Times: user=0.00 sys=0.00, real=0.00 secs] 
30.073: [GC (Allocation Failure) [PSYoungGen: 374336K->96K(358912K)] 376084K->1844K(534016K), 0.0005181 secs] [Times: user=0.00 sys=0.00, real=0.00 secs] 
30.128: [GC (Allocation Failure) [PSYoungGen: 358496K->32K(344064K)] 360244K->1780K(519168K), 0.0005213 secs] [Times: user=0.00 sys=0.00, real=0.00 secs] 
30.181: [GC (Allocation Failure) [PSYoungGen: 343584K->96K(329728K)] 345332K->1844K(504832K), 0.0005215 secs] [Times: user=0.00 sys=0.00, real=0.00 secs] 
30.232: [GC (Allocation Failure) [PSYoungGen: 329312K->96K(316416K)] 331060K->1844K(491520K), 0.0005222 secs] [Times: user=0.00 sys=0.00, real=0.00 secs] 
30.285: [GC (Allocation Failure) [PSYoungGen: 316000K->96K(303616K)] 317748K->1844K(478720K), 0.0007351 secs] [Times: user=0.00 sys=0.00, real=0.01 secs] 
30.333: [GC (Allocation Failure) [PSYoungGen: 303200K->96K(291328K)] 304948K->1868K(466432K), 0.0005575 secs] [Times: user=0.00 sys=0.00, real=0.00 secs] 
30.380: [GC (Allocation Failure) [PSYoungGen: 290912K->96K(279552K)] 292684K->1868K(454656K), 0.0005218 secs] [Times: user=0.00 sys=0.00, real=0.00 secs] 
30.423: [GC (Allocation Failure) [PSYoungGen: 279136K->96K(335360K)] 280908K->1868K(510464K), 0.0005689 secs] [Times: user=0.00 sys=0.00, real=0.00 secs] 
30.474: [GC (Allocation Failure) [PSYoungGen: 334944K->96K(402432K)] 336716K->1868K(577536K), 0.0005291 secs] [Times: user=0.00 sys=0.00, real=0.00 secs] 
30.535: [GC (Allocation Failure) [PSYoungGen: 402016K->64K(385536K)] 403788K->1836K(560640K), 0.0005768 secs] [Times: user=0.00 sys=0.00, real=0.01 secs] 
30.594: [GC (Allocation Failure) [PSYoungGen: 385088K->96K(369152K)] 386860K->1868K(544256K), 0.0005859 secs] [Times: user=0.00 sys=0.00, real=0.00 secs] 
30.651: [GC (Allocation Failure) [PSYoungGen: 368736K->96K(353792K)] 370508K->1868K(528896K), 0.0005118 secs] [Times: user=0.00 sys=0.00, real=0.00 secs] 
30.707: [GC (Allocation Failure) [PSYoungGen: 353376K->96K(338944K)] 355148K->1868K(514048K), 0.0005678 secs] [Times: user=0.00 sys=0.00, real=0.00 secs] 
30.761: [GC (Allocation Failure) [PSYoungGen: 338528K->0K(325120K)] 340300K->1772K(500224K), 0.0005228 secs] [Times: user=0.00 sys=0.00, real=0.00 secs] 
30.810: [GC (Allocation Failure) [PSYoungGen: 324608K->96K(311808K)] 326380K->1868K(486912K), 0.0005169 secs] [Times: user=0.00 sys=0.00, real=0.00 secs] 
30.858: [GC (Allocation Failure) [PSYoungGen: 311392K->32K(299008K)] 313164K->1804K(474112K), 0.0005060 secs] [Times: user=0.00 sys=0.00, real=0.00 secs] 
30.903: [GC (Allocation Failure) [PSYoungGen: 298528K->96K(287232K)] 300300K->1868K(462336K), 0.0005658 secs] [Times: user=0.01 sys=0.00, real=0.00 secs] 
30.949: [GC (Allocation Failure) [PSYoungGen: 286816K->96K(275968K)] 288588K->1868K(451072K), 0.0005538 secs] [Times: user=0.00 sys=0.00, real=0.00 secs] 
30.992: [GC (Allocation Failure) [PSYoungGen: 275552K->96K(331264K)] 277324K->1868K(506368K), 0.0005109 secs] [Times: user=0.00 sys=0.00, real=0.00 secs] 
31.042: [GC (Allocation Failure) [PSYoungGen: 330848K->32K(397824K)] 332620K->1804K(572928K), 0.0005517 secs] [Times: user=0.00 sys=0.00, real=0.00 secs] 
31.102: [GC (Allocation Failure) [PSYoungGen: 397344K->64K(380928K)] 399116K->1836K(556032K), 0.0005358 secs] [Times: user=0.01 sys=0.00, real=0.00 secs] 
31.160: [GC (Allocation Failure) [PSYoungGen: 380480K->96K(365056K)] 382252K->1868K(540160K), 0.0005336 secs] [Times: user=0.00 sys=0.00, real=0.00 secs] 
31.216: [GC (Allocation Failure) [PSYoungGen: 364640K->96K(349696K)] 366412K->1868K(524800K), 0.0005371 secs] [Times: user=0.00 sys=0.00, real=0.00 secs] 
31.270: [GC (Allocation Failure) [PSYoungGen: 349280K->96K(335360K)] 351052K->1868K(510464K), 0.0005502 secs] [Times: user=0.00 sys=0.00, real=0.00 secs] 
31.321: [GC (Allocation Failure) [PSYoungGen: 334944K->96K(321536K)] 336716K->1868K(496640K), 0.0005145 secs] [Times: user=0.01 sys=0.00, real=0.00 secs] 
31.370: [GC (Allocation Failure) [PSYoungGen: 321120K->96K(308224K)] 322892K->1868K(483328K), 0.0005174 secs] [Times: user=0.01 sys=0.00, real=0.00 secs] 
31.420: [GC (Allocation Failure) [PSYoungGen: 307808K->96K(295936K)] 309580K->1868K(471040K), 0.0005643 secs] [Times: user=0.01 sys=0.00, real=0.00 secs] 
31.466: [GC (Allocation Failure) [PSYoungGen: 295520K->96K(284160K)] 297292K->1868K(459264K), 0.0005174 secs] [Times: user=0.00 sys=0.00, real=0.00 secs] 
31.510: [GC (Allocation Failure) [PSYoungGen: 283744K->96K(340992K)] 285516K->1868K(516096K), 0.0005723 secs] [Times: user=0.01 sys=0.00, real=0.00 secs] 
31.562: [GC (Allocation Failure) [PSYoungGen: 340576K->32K(409088K)] 342348K->1804K(584192K), 0.0005756 secs] [Times: user=0.00 sys=0.00, real=0.00 secs] 
31.625: [GC (Allocation Failure) [PSYoungGen: 408608K->64K(391680K)] 410380K->1836K(566784K), 0.0005399 secs] [Times: user=0.00 sys=0.00, real=0.01 secs] 
31.686: [GC (Allocation Failure) [PSYoungGen: 391232K->32K(375296K)] 393004K->1804K(550400K), 0.0005809 secs] [Times: user=0.00 sys=0.00, real=0.00 secs] 
31.744: [GC (Allocation Failure) [PSYoungGen: 374816K->32K(359424K)] 376588K->1804K(534528K), 0.0005275 secs] [Times: user=0.00 sys=0.00, real=0.00 secs] 
31.799: [GC (Allocation Failure) [PSYoungGen: 358944K->96K(344576K)] 360716K->1868K(519680K), 0.0005211 secs] [Times: user=0.00 sys=0.00, real=0.00 secs] 
31.852: [GC (Allocation Failure) [PSYoungGen: 344160K->96K(330240K)] 345932K->1868K(505344K), 0.0005456 secs] [Times: user=0.00 sys=0.00, real=0.00 secs] 
31.904: [GC (Allocation Failure) [PSYoungGen: 329824K->32K(316928K)] 331596K->1804K(492032K), 0.0005636 secs] [Times: user=0.00 sys=0.00, real=0.00 secs] 
31.961: [GC (Allocation Failure) [PSYoungGen: 316448K->96K(304128K)] 318220K->1868K(479232K), 0.0005967 secs] [Times: user=0.00 sys=0.00, real=0.00 secs] 
32.022: [GC (Allocation Failure) [PSYoungGen: 303712K->64K(291840K)] 305484K->1836K(466944K), 0.0005617 secs] [Times: user=0.00 sys=0.00, real=0.00 secs] 
32.079: [GC (Allocation Failure) [PSYoungGen: 291392K->96K(280064K)] 293164K->1868K(455168K), 0.0007127 secs] [Times: user=0.00 sys=0.00, real=0.00 secs] 
32.137: [GC (Allocation Failure) [PSYoungGen: 279648K->64K(336384K)] 281420K->1836K(511488K), 0.0011524 secs] [Times: user=0.00 sys=0.00, real=0.00 secs] 
32.207: [GC (Allocation Failure) [PSYoungGen: 335936K->96K(403968K)] 337708K->1868K(579072K), 0.0006017 secs] [Times: user=0.00 sys=0.00, real=0.00 secs] 
32.297: [GC (Allocation Failure) [PSYoungGen: 403552K->96K(387072K)] 405324K->1868K(562176K), 0.0005321 secs] [Times: user=0.00 sys=0.00, real=0.00 secs] 
32.375: [GC (Allocation Failure) [PSYoungGen: 386656K->32K(370688K)] 388428K->1804K(545792K), 0.0005149 secs] [Times: user=0.00 sys=0.00, real=0.00 secs] 
32.440: [GC (Allocation Failure) [PSYoungGen: 370208K->96K(355328K)] 371980K->1868K(530432K), 0.0005406 secs] [Times: user=0.00 sys=0.00, real=0.00 secs] 
32.496: [GC (Allocation Failure) [PSYoungGen: 354912K->96K(340480K)] 356684K->1868K(515584K), 0.0005327 secs] [Times: user=0.01 sys=0.00, real=0.00 secs] 
32.550: [GC (Allocation Failure) [PSYoungGen: 340064K->32K(326656K)] 341836K->1804K(501760K), 0.0005162 secs] [Times: user=0.00 sys=0.00, real=0.00 secs] 
32.602: [GC (Allocation Failure) [PSYoungGen: 326176K->32K(313344K)] 327948K->1804K(488448K), 0.0005838 secs] [Times: user=0.00 sys=0.00, real=0.00 secs] 
32.651: [GC (Allocation Failure) [PSYoungGen: 312864K->32K(300544K)] 314636K->1804K(475648K), 0.0005360 secs] [Times: user=0.00 sys=0.00, real=0.00 secs] 
32.699: [GC (Allocation Failure) [PSYoungGen: 300064K->96K(288256K)] 301836K->1868K(463360K), 0.0005343 secs] [Times: user=0.00 sys=0.00, real=0.00 secs] 
32.744: [GC (Allocation Failure) [PSYoungGen: 287840K->96K(276992K)] 289612K->1868K(452096K), 0.0005452 secs] [Times: user=0.00 sys=0.00, real=0.00 secs] 
32.788: [GC (Allocation Failure) [PSYoungGen: 276576K->96K(266240K)] 278348K->1868K(441344K), 0.0005471 secs] [Times: user=0.00 sys=0.00, real=0.00 secs] 
32.830: [GC (Allocation Failure) [PSYoungGen: 265824K->32K(319488K)] 267596K->1804K(494592K), 0.0005530 secs] [Times: user=0.00 sys=0.01, real=0.00 secs] 
32.880: [GC (Allocation Failure) [PSYoungGen: 319008K->96K(383488K)] 320780K->1868K(558592K), 0.0005287 secs] [Times: user=0.00 sys=0.00, real=0.00 secs] 
32.941: [GC (Allocation Failure) [PSYoungGen: 383072K->64K(367616K)] 384844K->1836K(542720K), 0.0005421 secs] [Times: user=0.00 sys=0.00, real=0.00 secs] 
32.999: [GC (Allocation Failure) [PSYoungGen: 367168K->96K(352256K)] 368940K->1868K(527360K), 0.0005351 secs] [Times: user=0.00 sys=0.00, real=0.00 secs] 
33.055: [GC (Allocation Failure) [PSYoungGen: 351840K->32K(337920K)] 353612K->1804K(513024K), 0.0005279 secs] [Times: user=0.00 sys=0.00, real=0.00 secs] 
33.108: [GC (Allocation Failure) [PSYoungGen: 337440K->96K(324096K)] 339212K->1868K(499200K), 0.0005477 secs] [Times: user=0.00 sys=0.00, real=0.00 secs] 
33.159: [GC (Allocation Failure) [PSYoungGen: 323680K->32K(310784K)] 325452K->1804K(485888K), 0.0005713 secs] [Times: user=0.00 sys=0.00, real=0.00 secs] 
33.208: [GC (Allocation Failure) [PSYoungGen: 310304K->32K(297984K)] 312076K->1804K(473088K), 0.0005337 secs] [Times: user=0.00 sys=0.00, real=0.00 secs] 
33.254: [GC (Allocation Failure) [PSYoungGen: 297504K->96K(286208K)] 299276K->1868K(461312K), 0.0005504 secs] [Times: user=0.00 sys=0.00, real=0.00 secs] 
33.300: [GC (Allocation Failure) [PSYoungGen: 285792K->32K(343552K)] 287564K->1804K(518656K), 0.0005756 secs] [Times: user=0.00 sys=0.00, real=0.00 secs] 
33.353: [GC (Allocation Failure) [PSYoungGen: 343072K->96K(329216K)] 344844K->1868K(504320K), 0.0005328 secs] [Times: user=0.00 sys=0.00, real=0.00 secs] 
33.407: [GC (Allocation Failure) [PSYoungGen: 328800K->64K(395264K)] 330572K->1836K(570368K), 0.0007387 secs] [Times: user=0.00 sys=0.00, real=0.00 secs] 
33.472: [GC (Allocation Failure) [PSYoungGen: 394816K->96K(378368K)] 396588K->1868K(553472K), 0.0005313 secs] [Times: user=0.00 sys=0.00, real=0.00 secs] 
33.531: [GC (Allocation Failure) [PSYoungGen: 377952K->32K(362496K)] 379724K->1804K(537600K), 0.0005410 secs] [Times: user=0.00 sys=0.00, real=0.00 secs] 
33.589: [GC (Allocation Failure) [PSYoungGen: 362016K->32K(347648K)] 363788K->1804K(522752K), 0.0005444 secs] [Times: user=0.00 sys=0.00, real=0.00 secs] 
33.643: [GC (Allocation Failure) [PSYoungGen: 347168K->64K(333312K)] 348940K->1836K(508416K), 0.0005340 secs] [Times: user=0.00 sys=0.00, real=0.00 secs] 
33.695: [GC (Allocation Failure) [PSYoungGen: 332864K->32K(319488K)] 334636K->1804K(494592K), 0.0005463 secs] [Times: user=0.00 sys=0.00, real=0.00 secs] 
33.745: [GC (Allocation Failure) [PSYoungGen: 319008K->64K(383488K)] 320780K->1836K(558592K), 0.0010324 secs] [Times: user=0.00 sys=0.00, real=0.01 secs] 
33.806: [GC (Allocation Failure) [PSYoungGen: 383040K->96K(460288K)] 384812K->1868K(635392K), 0.0021502 secs] [Times: user=0.00 sys=0.00, real=0.00 secs] 
33.880: [GC (Allocation Failure) [PSYoungGen: 459872K->96K(440320K)] 461644K->1868K(615424K), 0.0005512 secs] [Times: user=0.00 sys=0.00, real=0.00 secs] 
33.949: [GC (Allocation Failure) [PSYoungGen: 439904K->96K(421376K)] 441676K->1868K(596480K), 0.0005465 secs] [Times: user=0.01 sys=0.00, real=0.00 secs] 
34.015: [GC (Allocation Failure) [PSYoungGen: 420960K->96K(403456K)] 422732K->1868K(578560K), 0.0005763 secs] [Times: user=0.00 sys=0.00, real=0.01 secs] 
34.080: [GC (Allocation Failure) [PSYoungGen: 403040K->32K(386560K)] 404812K->1804K(561664K), 0.0005554 secs] [Times: user=0.00 sys=0.00, real=0.00 secs] 
34.140: [GC (Allocation Failure) [PSYoungGen: 386080K->96K(370176K)] 387852K->1868K(545280K), 0.0005366 secs] [Times: user=0.00 sys=0.00, real=0.00 secs] 
34.198: [GC (Allocation Failure) [PSYoungGen: 369760K->32K(354816K)] 371532K->1804K(529920K), 0.0005852 secs] [Times: user=0.01 sys=0.00, real=0.00 secs] 
34.253: [GC (Allocation Failure) [PSYoungGen: 354336K->96K(339968K)] 356108K->1868K(515072K), 0.0005378 secs] [Times: user=0.00 sys=0.00, real=0.00 secs] 
34.306: [GC (Allocation Failure) [PSYoungGen: 339552K->96K(326144K)] 341324K->1868K(501248K), 0.0006031 secs] [Times: user=0.00 sys=0.00, real=0.00 secs] 
34.357: [GC (Allocation Failure) [PSYoungGen: 325728K->64K(312832K)] 327500K->1836K(487936K), 0.0005555 secs] [Times: user=0.01 sys=0.00, real=0.00 secs] 
34.408: [GC (Allocation Failure) [PSYoungGen: 312384K->96K(300032K)] 314156K->1868K(475136K), 0.0005356 secs] [Times: user=0.00 sys=0.00, real=0.00 secs] 
34.455: [GC (Allocation Failure) [PSYoungGen: 299616K->96K(288256K)] 301388K->1868K(463360K), 0.0005592 secs] [Times: user=0.00 sys=0.00, real=0.01 secs] 
34.500: [GC (Allocation Failure) [PSYoungGen: 287840K->32K(276992K)] 289612K->1804K(452096K), 0.0005536 secs] [Times: user=0.00 sys=0.00, real=0.00 secs] 
34.544: [GC (Allocation Failure) [PSYoungGen: 276512K->96K(332288K)] 278284K->1868K(507392K), 0.0005929 secs] [Times: user=0.00 sys=0.00, real=0.00 secs] 
34.608: [GC (Allocation Failure) [PSYoungGen: 331872K->32K(398848K)] 333644K->1804K(573952K), 0.0011589 secs] [Times: user=0.00 sys=0.00, real=0.00 secs] 
34.677: [GC (Allocation Failure) [PSYoungGen: 398368K->32K(478720K)] 400140K->1804K(653824K), 0.0005245 secs] [Times: user=0.00 sys=0.00, real=0.00 secs] 
34.753: [GC (Allocation Failure) [PSYoungGen: 478240K->96K(457728K)] 480012K->1868K(632832K), 0.0005468 secs] [Times: user=0.00 sys=0.00, real=0.00 secs] 
34.824: [GC (Allocation Failure) [PSYoungGen: 457312K->96K(437760K)] 459084K->1868K(612864K), 0.0005634 secs] [Times: user=0.01 sys=0.00, real=0.00 secs] 
34.893: [GC (Allocation Failure) [PSYoungGen: 437344K->32K(418816K)] 439116K->1804K(593920K), 0.0005588 secs] [Times: user=0.00 sys=0.00, real=0.00 secs] 
34.959: [GC (Allocation Failure) [PSYoungGen: 418336K->96K(400896K)] 420108K->1868K(576000K), 0.0005410 secs] [Times: user=0.00 sys=0.00, real=0.00 secs] 
35.021: [GC (Allocation Failure) [PSYoungGen: 400480K->32K(384000K)] 402252K->1804K(559104K), 0.0005990 secs] [Times: user=0.00 sys=0.00, real=0.00 secs] 
35.081: [GC (Allocation Failure) [PSYoungGen: 383520K->32K(368128K)] 385292K->1804K(543232K), 0.0005509 secs] [Times: user=0.00 sys=0.00, real=0.00 secs] 
35.139: [GC (Allocation Failure) [PSYoungGen: 367648K->64K(352768K)] 369420K->1836K(527872K), 0.0007649 secs] [Times: user=0.00 sys=0.00, real=0.00 secs] 
35.194: [GC (Allocation Failure) [PSYoungGen: 352320K->64K(337920K)] 354092K->1836K(513024K), 0.0005472 secs] [Times: user=0.00 sys=0.00, real=0.00 secs] 
35.247: [GC (Allocation Failure) [PSYoungGen: 337472K->96K(324096K)] 339244K->1868K(499200K), 0.0005412 secs] [Times: user=0.00 sys=0.00, real=0.00 secs] 
35.297: [GC (Allocation Failure) [PSYoungGen: 323680K->96K(310784K)] 325452K->1868K(485888K), 0.0005534 secs] [Times: user=0.00 sys=0.00, real=0.00 secs] 
35.346: [GC (Allocation Failure) [PSYoungGen: 310368K->32K(297984K)] 312140K->1804K(473088K), 0.0005490 secs] [Times: user=0.00 sys=0.00, real=0.00 secs] 
35.394: [GC (Allocation Failure) [PSYoungGen: 297504K->96K(286208K)] 299276K->1868K(461312K), 0.0005445 secs] [Times: user=0.00 sys=0.00, real=0.00 secs] 
35.439: [GC (Allocation Failure) [PSYoungGen: 285792K->32K(274944K)] 287564K->1804K(450048K), 0.0005381 secs] [Times: user=0.00 sys=0.00, real=0.00 secs] 
35.483: [GC (Allocation Failure) [PSYoungGen: 274464K->96K(330240K)] 276236K->1868K(505344K), 0.0005377 secs] [Times: user=0.00 sys=0.00, real=0.00 secs] 
35.535: [GC (Allocation Failure) [PSYoungGen: 329824K->96K(396288K)] 331596K->1868K(571392K), 0.0010742 secs] [Times: user=0.00 sys=0.00, real=0.01 secs] 
35.597: [GC (Allocation Failure) [PSYoungGen: 395872K->96K(475648K)] 397644K->1868K(650752K), 0.0005453 secs] [Times: user=0.00 sys=0.00, real=0.00 secs] 
35.671: [GC (Allocation Failure) [PSYoungGen: 475232K->32K(570880K)] 477004K->1804K(745984K), 0.0005897 secs] [Times: user=0.00 sys=0.00, real=0.00 secs] 
35.760: [GC (Allocation Failure) [PSYoungGen: 570400K->96K(545792K)] 572172K->1868K(720896K), 0.0005445 secs] [Times: user=0.00 sys=0.00, real=0.00 secs] 
35.846: [GC (Allocation Failure) [PSYoungGen: 545376K->64K(521728K)] 547148K->1836K(696832K), 0.0005673 secs] [Times: user=0.00 sys=0.00, real=0.00 secs] 
35.927: [GC (Allocation Failure) [PSYoungGen: 521280K->96K(498688K)] 523052K->1868K(673792K), 0.0005402 secs] [Times: user=0.00 sys=0.00, real=0.00 secs] 
36.005: [GC (Allocation Failure) [PSYoungGen: 498272K->32K(477184K)] 500044K->1804K(652288K), 0.0005992 secs] [Times: user=0.00 sys=0.00, real=0.00 secs] 
36.079: [GC (Allocation Failure) [PSYoungGen: 476704K->96K(456704K)] 478476K->1868K(631808K), 0.0005417 secs] [Times: user=0.00 sys=0.00, real=0.00 secs] 
36.151: [GC (Allocation Failure) [PSYoungGen: 456288K->96K(437248K)] 458060K->1868K(612352K), 0.0005450 secs] [Times: user=0.00 sys=0.00, real=0.00 secs] 
36.222: [GC (Allocation Failure) [PSYoungGen: 436832K->96K(418304K)] 438604K->1868K(593408K), 0.0005628 secs] [Times: user=0.00 sys=0.00, real=0.00 secs] 
36.287: [GC (Allocation Failure) [PSYoungGen: 417888K->96K(400384K)] 419660K->1868K(575488K), 0.0005802 secs] [Times: user=0.00 sys=0.00, real=0.00 secs] 
36.350: [GC (Allocation Failure) [PSYoungGen: 399968K->96K(383488K)] 401740K->1868K(558592K), 0.0005799 secs] [Times: user=0.00 sys=0.00, real=0.00 secs] 
36.412: [GC (Allocation Failure) [PSYoungGen: 383072K->96K(367616K)] 384844K->1868K(542720K), 0.0005828 secs] [Times: user=0.00 sys=0.00, real=0.00 secs] 
36.471: [GC (Allocation Failure) [PSYoungGen: 367200K->96K(352256K)] 368972K->1868K(527360K), 0.0005765 secs] [Times: user=0.00 sys=0.00, real=0.00 secs] 
36.527: [GC (Allocation Failure) [PSYoungGen: 351840K->32K(337920K)] 353612K->1804K(513024K), 0.0005268 secs] [Times: user=0.00 sys=0.00, real=0.00 secs] 
36.580: [GC (Allocation Failure) [PSYoungGen: 337440K->64K(324096K)] 339212K->1836K(499200K), 0.0005736 secs] [Times: user=0.00 sys=0.00, real=0.00 secs] 
36.631: [GC (Allocation Failure) [PSYoungGen: 323648K->64K(310784K)] 325420K->1836K(485888K), 0.0005426 secs] [Times: user=0.00 sys=0.00, real=0.00 secs] 
36.680: [GC (Allocation Failure) [PSYoungGen: 310336K->96K(297984K)] 312108K->1868K(473088K), 0.0005438 secs] [Times: user=0.00 sys=0.00, real=0.00 secs] 
36.726: [GC (Allocation Failure) [PSYoungGen: 297568K->32K(286208K)] 299340K->1804K(461312K), 0.0005732 secs] [Times: user=0.00 sys=0.00, real=0.00 secs] 
36.771: [GC (Allocation Failure) [PSYoungGen: 285728K->96K(274944K)] 287500K->1868K(450048K), 0.0005517 secs] [Times: user=0.00 sys=0.00, real=0.00 secs] 
36.814: [GC (Allocation Failure) [PSYoungGen: 274528K->96K(330240K)] 276300K->1868K(505344K), 0.0005424 secs] [Times: user=0.00 sys=0.00, real=0.00 secs] 
36.866: [GC (Allocation Failure) [PSYoungGen: 329824K->96K(396288K)] 331596K->1868K(571392K), 0.0007789 secs] [Times: user=0.01 sys=0.00, real=0.00 secs] 
36.929: [GC (Allocation Failure) [PSYoungGen: 395872K->96K(475648K)] 397644K->1868K(650752K), 0.0005563 secs] [Times: user=0.00 sys=0.00, real=0.00 secs] 
37.003: [GC (Allocation Failure) [PSYoungGen: 475232K->32K(455168K)] 477004K->1804K(630272K), 0.0005401 secs] [Times: user=0.00 sys=0.01, real=0.00 secs] 
37.074: [GC (Allocation Failure) [PSYoungGen: 454688K->32K(435712K)] 456460K->1804K(610816K), 0.0005853 secs] [Times: user=0.00 sys=0.00, real=0.00 secs] 
37.142: [GC (Allocation Failure) [PSYoungGen: 435232K->96K(417280K)] 437004K->1868K(592384K), 0.0005566 secs] [Times: user=0.00 sys=0.00, real=0.00 secs] 
37.207: [GC (Allocation Failure) [PSYoungGen: 416864K->32K(399360K)] 418636K->1804K(574464K), 0.0005210 secs] [Times: user=0.00 sys=0.00, real=0.00 secs] 
37.269: [GC (Allocation Failure) [PSYoungGen: 398880K->64K(382464K)] 400652K->1836K(557568K), 0.0005883 secs] [Times: user=0.00 sys=0.00, real=0.00 secs] 
37.329: [GC (Allocation Failure) [PSYoungGen: 382016K->64K(366592K)] 383788K->1836K(541696K), 0.0005479 secs] [Times: user=0.00 sys=0.00, real=0.00 secs] 
37.388: [GC (Allocation Failure) [PSYoungGen: 366144K->96K(351232K)] 367916K->1868K(526336K), 0.0006504 secs] [Times: user=0.00 sys=0.00, real=0.00 secs] 
37.443: [GC (Allocation Failure) [PSYoungGen: 350816K->96K(336896K)] 352588K->1868K(512000K), 0.0005447 secs] [Times: user=0.01 sys=0.00, real=0.00 secs] 
37.496: [GC (Allocation Failure) [PSYoungGen: 336480K->32K(323072K)] 338252K->1804K(498176K), 0.0006112 secs] [Times: user=0.00 sys=0.00, real=0.00 secs] 
37.546: [GC (Allocation Failure) [PSYoungGen: 322592K->96K(309760K)] 324364K->1868K(484864K), 0.0005432 secs] [Times: user=0.00 sys=0.00, real=0.00 secs] 
37.595: [GC (Allocation Failure) [PSYoungGen: 309344K->32K(297472K)] 311116K->1804K(472576K), 0.0005338 secs] [Times: user=0.00 sys=0.00, real=0.00 secs] 
37.642: [GC (Allocation Failure) [PSYoungGen: 296992K->32K(285696K)] 298764K->1804K(460800K), 0.0005578 secs] [Times: user=0.01 sys=0.00, real=0.00 secs] 
37.687: [GC (Allocation Failure) [PSYoungGen: 285216K->64K(274432K)] 286988K->1836K(449536K), 0.0005449 secs] [Times: user=0.00 sys=0.00, real=0.00 secs] 
37.730: [GC (Allocation Failure) [PSYoungGen: 273984K->96K(329216K)] 275756K->1868K(504320K), 0.0005291 secs] [Times: user=0.00 sys=0.00, real=0.00 secs] 
37.782: [GC (Allocation Failure) [PSYoungGen: 328800K->64K(315904K)] 330572K->1836K(491008K), 0.0005691 secs] [Times: user=0.00 sys=0.00, real=0.00 secs] 
37.831: [GC (Allocation Failure) [PSYoungGen: 315456K->96K(303104K)] 317228K->1868K(478208K), 0.0005508 secs] [Times: user=0.00 sys=0.00, real=0.00 secs] 
37.879: [GC (Allocation Failure) [PSYoungGen: 302688K->96K(364032K)] 304460K->1868K(539136K), 0.0005604 secs] [Times: user=0.00 sys=0.00, real=0.00 secs] 
37.936: [GC (Allocation Failure) [PSYoungGen: 363616K->96K(436736K)] 365388K->1868K(611840K), 0.0006749 secs] [Times: user=0.00 sys=0.00, real=0.00 secs] 
38.004: [GC (Allocation Failure) [PSYoungGen: 436320K->96K(417792K)] 438092K->1868K(592896K), 0.0005298 secs] [Times: user=0.00 sys=0.00, real=0.00 secs] 
38.067: [GC (Allocation Failure) [PSYoungGen: 417376K->64K(399872K)] 419148K->1836K(574976K), 0.0005173 secs] [Times: user=0.00 sys=0.00, real=0.00 secs] 
38.128: [GC (Allocation Failure) [PSYoungGen: 399424K->96K(382976K)] 401196K->1868K(558080K), 0.0005452 secs] [Times: user=0.00 sys=0.00, real=0.00 secs] 
38.186: [GC (Allocation Failure) [PSYoungGen: 382560K->96K(367104K)] 384332K->1868K(542208K), 0.0005740 secs] [Times: user=0.00 sys=0.00, real=0.00 secs] 
38.243: [GC (Allocation Failure) [PSYoungGen: 366688K->32K(351744K)] 368460K->1804K(526848K), 0.0005355 secs] [Times: user=0.00 sys=0.00, real=0.00 secs] 
38.298: [GC (Allocation Failure) [PSYoungGen: 351264K->96K(337408K)] 353036K->1868K(512512K), 0.0005361 secs] [Times: user=0.01 sys=0.00, real=0.00 secs] 
38.349: [GC (Allocation Failure) [PSYoungGen: 336992K->32K(323584K)] 338764K->1804K(498688K), 0.0005342 secs] [Times: user=0.00 sys=0.00, real=0.00 secs] 
38.402: [GC (Allocation Failure) [PSYoungGen: 323104K->96K(310272K)] 324876K->1868K(485376K), 0.0005918 secs] [Times: user=0.00 sys=0.00, real=0.00 secs] 
38.450: [GC (Allocation Failure) [PSYoungGen: 309856K->96K(297984K)] 311628K->1868K(473088K), 0.0005334 secs] [Times: user=0.00 sys=0.00, real=0.00 secs] 
38.496: [GC (Allocation Failure) [PSYoungGen: 297568K->64K(286208K)] 299340K->1836K(461312K), 0.0005261 secs] [Times: user=0.00 sys=0.00, real=0.00 secs] 
38.541: [GC (Allocation Failure) [PSYoungGen: 285760K->32K(274944K)] 287532K->1804K(450048K), 0.0005717 secs] [Times: user=0.00 sys=0.00, real=0.00 secs] 
38.584: [GC (Allocation Failure) [PSYoungGen: 274464K->32K(330240K)] 276236K->1804K(505344K), 0.0005311 secs] [Times: user=0.00 sys=0.00, real=0.00 secs] 
38.634: [GC (Allocation Failure) [PSYoungGen: 329760K->32K(316928K)] 331532K->1804K(492032K), 0.0005301 secs] [Times: user=0.00 sys=0.00, real=0.00 secs] 
38.682: [GC (Allocation Failure) [PSYoungGen: 316448K->96K(304128K)] 318220K->1868K(479232K), 0.0005291 secs] [Times: user=0.00 sys=0.00, real=0.00 secs] 
38.729: [GC (Allocation Failure) [PSYoungGen: 303712K->96K(291840K)] 305484K->1868K(466944K), 0.0005265 secs] [Times: user=0.00 sys=0.00, real=0.00 secs] 
38.776: [GC (Allocation Failure) [PSYoungGen: 291424K->96K(350208K)] 293196K->1868K(525312K), 0.0005591 secs] [Times: user=0.00 sys=0.00, real=0.00 secs] 
38.830: [GC (Allocation Failure) [PSYoungGen: 349792K->32K(335872K)] 351564K->1804K(510976K), 0.0005119 secs] [Times: user=0.00 sys=0.00, real=0.00 secs] 
38.882: [GC (Allocation Failure) [PSYoungGen: 335392K->96K(322048K)] 337164K->1868K(497152K), 0.0005269 secs] [Times: user=0.00 sys=0.00, real=0.00 secs] 
38.931: [GC (Allocation Failure) [PSYoungGen: 321632K->32K(308736K)] 323404K->1804K(483840K), 0.0005160 secs] [Times: user=0.00 sys=0.00, real=0.00 secs] 
38.978: [GC (Allocation Failure) [PSYoungGen: 308256K->32K(296448K)] 310028K->1804K(471552K), 0.0005792 secs] [Times: user=0.00 sys=0.00, real=0.00 secs] 
39.024: [GC (Allocation Failure) [PSYoungGen: 295968K->96K(284672K)] 297740K->1868K(459776K), 0.0005300 secs] [Times: user=0.00 sys=0.00, real=0.00 secs] 
39.069: [GC (Allocation Failure) [PSYoungGen: 284256K->96K(273408K)] 286028K->1868K(448512K), 0.0005285 secs] [Times: user=0.00 sys=0.00, real=0.00 secs] 
39.111: [GC (Allocation Failure) [PSYoungGen: 272992K->32K(328192K)] 274764K->1804K(503296K), 0.0005329 secs] [Times: user=0.00 sys=0.00, real=0.00 secs] 
39.161: [GC (Allocation Failure) [PSYoungGen: 327712K->96K(393728K)] 329484K->1868K(568832K), 0.0005347 secs] [Times: user=0.00 sys=0.00, real=0.00 secs] 
39.221: [GC (Allocation Failure) [PSYoungGen: 393312K->64K(377344K)] 395084K->1836K(552448K), 0.0005257 secs] [Times: user=0.00 sys=0.00, real=0.00 secs] 
39.281: [GC (Allocation Failure) [PSYoungGen: 376896K->96K(361472K)] 378668K->1868K(536576K), 0.0005556 secs] [Times: user=0.00 sys=0.00, real=0.00 secs] 
39.336: [GC (Allocation Failure) [PSYoungGen: 361056K->96K(346624K)] 362828K->1868K(521728K), 0.0005682 secs] [Times: user=0.00 sys=0.00, real=0.00 secs] 
39.390: [GC (Allocation Failure) [PSYoungGen: 346208K->96K(332288K)] 347980K->1868K(507392K), 0.0005230 secs] [Times: user=0.00 sys=0.00, real=0.00 secs] 
39.442: [GC (Allocation Failure) [PSYoungGen: 331872K->64K(318464K)] 333644K->1836K(493568K), 0.0005307 secs] [Times: user=0.00 sys=0.00, real=0.00 secs] 
39.490: [GC (Allocation Failure) [PSYoungGen: 318016K->96K(305664K)] 319788K->1868K(480768K), 0.0005323 secs] [Times: user=0.00 sys=0.00, real=0.00 secs] 
39.537: [GC (Allocation Failure) [PSYoungGen: 305248K->64K(293376K)] 307020K->1836K(468480K), 0.0005646 secs] [Times: user=0.00 sys=0.00, real=0.00 secs] 
39.582: [GC (Allocation Failure) [PSYoungGen: 292928K->96K(281600K)] 294700K->1868K(456704K), 0.0005278 secs] [Times: user=0.01 sys=0.00, real=0.00 secs] 
39.625: [GC (Allocation Failure) [PSYoungGen: 281184K->64K(337920K)] 282956K->1836K(513024K), 0.0006417 secs] [Times: user=0.00 sys=0.00, real=0.01 secs] 
39.676: [GC (Allocation Failure) [PSYoungGen: 337472K->64K(405504K)] 339244K->1836K(580608K), 0.0005452 secs] [Times: user=0.00 sys=0.00, real=0.00 secs] 
39.741: [GC (Allocation Failure) [PSYoungGen: 405056K->96K(388096K)] 406828K->1868K(563200K), 0.0005519 secs] [Times: user=0.01 sys=0.00, real=0.00 secs] 
39.801: [GC (Allocation Failure) [PSYoungGen: 387680K->96K(371712K)] 389452K->1868K(546816K), 0.0005324 secs] [Times: user=0.00 sys=0.00, real=0.00 secs] 
39.858: [GC (Allocation Failure) [PSYoungGen: 371296K->64K(356352K)] 373068K->1836K(531456K), 0.0005264 secs] [Times: user=0.00 sys=0.00, real=0.00 secs] 
39.914: [GC (Allocation Failure) [PSYoungGen: 355904K->32K(341504K)] 357676K->1804K(516608K), 0.0005458 secs] [Times: user=0.00 sys=0.00, real=0.00 secs] 
39.966: [GC (Allocation Failure) [PSYoungGen: 341024K->32K(327680K)] 342796K->1804K(502784K), 0.0005146 secs] [Times: user=0.00 sys=0.00, real=0.00 secs] 
40.016: [GC (Allocation Failure) [PSYoungGen: 327200K->64K(314368K)] 328972K->1836K(489472K), 0.0005253 secs] [Times: user=0.00 sys=0.00, real=0.01 secs] 
40.063: [GC (Allocation Failure) [PSYoungGen: 313920K->0K(301568K)] 315692K->1772K(476672K), 0.0005697 secs] [Times: user=0.00 sys=0.00, real=0.00 secs] 
40.110: [GC (Allocation Failure) [PSYoungGen: 301056K->96K(289280K)] 302828K->1868K(464384K), 0.0005284 secs] [Times: user=0.00 sys=0.00, real=0.00 secs] 
40.154: [GC (Allocation Failure) [PSYoungGen: 288864K->96K(278016K)] 290636K->1868K(453120K), 0.0005304 secs] [Times: user=0.00 sys=0.00, real=0.00 secs] 
40.196: [GC (Allocation Failure) [PSYoungGen: 277600K->32K(333824K)] 279372K->1804K(508928K), 0.0005428 secs] [Times: user=0.00 sys=0.00, real=0.00 secs] 
40.247: [GC (Allocation Failure) [PSYoungGen: 333344K->96K(320000K)] 335116K->1868K(495104K), 0.0005320 secs] [Times: user=0.01 sys=0.00, real=0.00 secs] 
40.301: [GC (Allocation Failure) [PSYoungGen: 319584K->96K(307200K)] 321356K->1868K(482304K), 0.0005114 secs] [Times: user=0.00 sys=0.00, real=0.00 secs] 
40.361: [GC (Allocation Failure) [PSYoungGen: 306784K->32K(294912K)] 308556K->1828K(470016K), 0.0005485 secs] [Times: user=0.00 sys=0.00, real=0.00 secs] 
40.407: [GC (Allocation Failure) [PSYoungGen: 294432K->96K(283136K)] 296228K->1892K(458240K), 0.0005420 secs] [Times: user=0.00 sys=0.00, real=0.00 secs] 
40.452: [GC (Allocation Failure) [PSYoungGen: 282720K->96K(271872K)] 284516K->1892K(446976K), 0.0005670 secs] [Times: user=0.00 sys=0.00, real=0.00 secs] 
40.495: [GC (Allocation Failure) [PSYoungGen: 271456K->64K(326144K)] 273252K->1860K(501248K), 0.0005729 secs] [Times: user=0.00 sys=0.00, real=0.01 secs] 
40.545: [GC (Allocation Failure) [PSYoungGen: 325696K->32K(391680K)] 327492K->1828K(566784K), 0.0005753 secs] [Times: user=0.00 sys=0.00, real=0.01 secs] 
40.605: [GC (Allocation Failure) [PSYoungGen: 391200K->96K(375296K)] 392996K->1892K(550400K), 0.0005308 secs] [Times: user=0.00 sys=0.00, real=0.00 secs] 
40.662: [GC (Allocation Failure) [PSYoungGen: 374880K->32K(359424K)] 376676K->1828K(534528K), 0.0005740 secs] [Times: user=0.00 sys=0.00, real=0.00 secs] 
40.717: [GC (Allocation Failure) [PSYoungGen: 358944K->96K(344576K)] 360740K->1892K(519680K), 0.0005402 secs] [Times: user=0.00 sys=0.00, real=0.00 secs] 
40.770: [GC (Allocation Failure) [PSYoungGen: 344160K->64K(330240K)] 345956K->1860K(505344K), 0.0005357 secs] [Times: user=0.00 sys=0.00, real=0.00 secs] 
40.820: [GC (Allocation Failure) [PSYoungGen: 329792K->96K(316928K)] 331588K->1892K(492032K), 0.0005493 secs] [Times: user=0.00 sys=0.00, real=0.00 secs] 
40.871: [GC (Allocation Failure) [PSYoungGen: 316512K->96K(304128K)] 318308K->1892K(479232K), 0.0005239 secs] [Times: user=0.00 sys=0.01, real=0.00 secs] 
40.918: [GC (Allocation Failure) [PSYoungGen: 303712K->64K(291840K)] 305508K->1860K(466944K), 0.0005201 secs] [Times: user=0.00 sys=0.00, real=0.00 secs] 
40.962: [GC (Allocation Failure) [PSYoungGen: 291392K->96K(280064K)] 293188K->1892K(455168K), 0.0005266 secs] [Times: user=0.00 sys=0.00, real=0.00 secs] 
41.005: [GC (Allocation Failure) [PSYoungGen: 279648K->96K(268800K)] 281444K->1892K(443904K), 0.0005199 secs] [Times: user=0.00 sys=0.00, real=0.01 secs] 
41.048: [GC (Allocation Failure) [PSYoungGen: 268384K->96K(322560K)] 270180K->1892K(497664K), 0.0005444 secs] [Times: user=0.00 sys=0.00, real=0.00 secs] 
41.099: [GC (Allocation Failure) [PSYoungGen: 322144K->32K(387072K)] 323940K->1828K(562176K), 0.0005732 secs] [Times: user=0.00 sys=0.00, real=0.00 secs] 
41.158: [GC (Allocation Failure) [PSYoungGen: 386592K->96K(370688K)] 388388K->1892K(545792K), 0.0005631 secs] [Times: user=0.00 sys=0.00, real=0.00 secs] 
41.216: [GC (Allocation Failure) [PSYoungGen: 370272K->96K(355328K)] 372068K->1892K(530432K), 0.0005502 secs] [Times: user=0.00 sys=0.00, real=0.00 secs] 
41.271: [GC (Allocation Failure) [PSYoungGen: 354912K->32K(340480K)] 356708K->1828K(515584K), 0.0005470 secs] [Times: user=0.00 sys=0.00, real=0.00 secs] 
41.325: [GC (Allocation Failure) [PSYoungGen: 340000K->96K(326656K)] 341796K->1892K(501760K), 0.0005599 secs] [Times: user=0.00 sys=0.00, real=0.01 secs] 
41.379: [GC (Allocation Failure) [PSYoungGen: 326240K->32K(392192K)] 328036K->1828K(567296K), 0.0007478 secs] [Times: user=0.00 sys=0.00, real=0.00 secs] 
41.445: [GC (Allocation Failure) [PSYoungGen: 391712K->96K(375808K)] 393508K->1892K(550912K), 0.0005545 secs] [Times: user=0.00 sys=0.00, real=0.00 secs] 
41.506: [GC (Allocation Failure) [PSYoungGen: 375392K->96K(359936K)] 377188K->1892K(535040K), 0.0005813 secs] [Times: user=0.00 sys=0.00, real=0.00 secs] 
41.561: [GC (Allocation Failure) [PSYoungGen: 359520K->96K(345088K)] 361316K->1892K(520192K), 0.0005496 secs] [Times: user=0.01 sys=0.00, real=0.00 secs] 
41.614: [GC (Allocation Failure) [PSYoungGen: 344672K->96K(330752K)] 346468K->1892K(505856K), 0.0005215 secs] [Times: user=0.00 sys=0.00, real=0.00 secs] 
41.664: [GC (Allocation Failure) [PSYoungGen: 330336K->96K(317440K)] 332132K->1892K(492544K), 0.0005351 secs] [Times: user=0.00 sys=0.00, real=0.00 secs] 
41.712: [GC (Allocation Failure) [PSYoungGen: 317024K->64K(304640K)] 318820K->1860K(479744K), 0.0005289 secs] [Times: user=0.00 sys=0.00, real=0.00 secs] 
41.759: [GC (Allocation Failure) [PSYoungGen: 304192K->96K(292352K)] 305988K->1892K(467456K), 0.0005266 secs] [Times: user=0.01 sys=0.00, real=0.00 secs] 
41.803: [GC (Allocation Failure) [PSYoungGen: 291936K->32K(280576K)] 293732K->1828K(455680K), 0.0005295 secs] [Times: user=0.00 sys=0.00, real=0.00 secs] 
41.847: [GC (Allocation Failure) [PSYoungGen: 280096K->32K(336896K)] 281892K->1828K(512000K), 0.0007218 secs] [Times: user=0.00 sys=0.00, real=0.00 secs] 
41.901: [GC (Allocation Failure) [PSYoungGen: 336416K->96K(404480K)] 338212K->1892K(579584K), 0.0005351 secs] [Times: user=0.00 sys=0.00, real=0.00 secs] 
41.963: [GC (Allocation Failure) [PSYoungGen: 404064K->96K(387584K)] 405860K->1892K(562688K), 0.0005356 secs] [Times: user=0.00 sys=0.00, real=0.00 secs] 
42.023: [GC (Allocation Failure) [PSYoungGen: 387168K->64K(371200K)] 388964K->1860K(546304K), 0.0005248 secs] [Times: user=0.00 sys=0.00, real=0.00 secs] 
42.079: [GC (Allocation Failure) [PSYoungGen: 370752K->32K(355840K)] 372548K->1828K(530944K), 0.0005295 secs] [Times: user=0.00 sys=0.00, real=0.00 secs] 
42.134: [GC (Allocation Failure) [PSYoungGen: 355360K->96K(340992K)] 357156K->1892K(516096K), 0.0005296 secs] [Times: user=0.00 sys=0.00, real=0.00 secs] 
42.186: [GC (Allocation Failure) [PSYoungGen: 340576K->96K(327168K)] 342372K->1892K(502272K), 0.0005588 secs] [Times: user=0.01 sys=0.00, real=0.00 secs] 
42.238: [GC (Allocation Failure) [PSYoungGen: 326752K->32K(313856K)] 328548K->1828K(488960K), 0.0005713 secs] [Times: user=0.00 sys=0.00, real=0.00 secs] 
42.286: [GC (Allocation Failure) [PSYoungGen: 313376K->96K(301056K)] 315172K->1892K(476160K), 0.0005696 secs] [Times: user=0.01 sys=0.00, real=0.00 secs] 
42.334: [GC (Allocation Failure) [PSYoungGen: 300640K->96K(288768K)] 302436K->1892K(463872K), 0.0005511 secs] [Times: user=0.00 sys=0.00, real=0.00 secs] 
42.380: [GC (Allocation Failure) [PSYoungGen: 288352K->96K(277504K)] 290148K->1892K(452608K), 0.0005783 secs] [Times: user=0.00 sys=0.00, real=0.00 secs] 
42.425: [GC (Allocation Failure) [PSYoungGen: 277088K->96K(333312K)] 278884K->1892K(508416K), 0.0005818 secs] [Times: user=0.00 sys=0.00, real=0.01 secs] 
42.479: [GC (Allocation Failure) [PSYoungGen: 332896K->96K(399872K)] 334692K->1892K(574976K), 0.0005486 secs] [Times: user=0.00 sys=0.00, real=0.00 secs] 
42.541: [GC (Allocation Failure) [PSYoungGen: 399456K->96K(382976K)] 401252K->1892K(558080K), 0.0005597 secs] [Times: user=0.00 sys=0.00, real=0.00 secs] 
42.601: [GC (Allocation Failure) [PSYoungGen: 382560K->32K(367104K)] 384356K->1828K(542208K), 0.0006330 secs] [Times: user=0.00 sys=0.00, real=0.00 secs] 
42.658: [GC (Allocation Failure) [PSYoungGen: 366624K->96K(351744K)] 368420K->1892K(526848K), 0.0005378 secs] [Times: user=0.00 sys=0.00, real=0.00 secs] 
42.712: [GC (Allocation Failure) [PSYoungGen: 351328K->96K(337408K)] 353124K->1892K(512512K), 0.0005298 secs] [Times: user=0.00 sys=0.00, real=0.00 secs] 
42.764: [GC (Allocation Failure) [PSYoungGen: 336992K->96K(323584K)] 338788K->1892K(498688K), 0.0005353 secs] [Times: user=0.01 sys=0.00, real=0.00 secs] 
42.814: [GC (Allocation Failure) [PSYoungGen: 323168K->96K(310272K)] 324964K->1892K(485376K), 0.0005626 secs] [Times: user=0.00 sys=0.00, real=0.00 secs] 
42.861: [GC (Allocation Failure) [PSYoungGen: 309856K->32K(297984K)] 311652K->1828K(473088K), 0.0005334 secs] [Times: user=0.00 sys=0.01, real=0.00 secs] 
42.907: [GC (Allocation Failure) [PSYoungGen: 297504K->96K(286208K)] 299300K->1892K(461312K), 0.0005630 secs] [Times: user=0.00 sys=0.00, real=0.00 secs] 
42.952: [GC (Allocation Failure) [PSYoungGen: 285792K->64K(274944K)] 287588K->1860K(450048K), 0.0005343 secs] [Times: user=0.00 sys=0.00, real=0.00 secs] 
42.994: [GC (Allocation Failure) [PSYoungGen: 274496K->96K(330240K)] 276292K->1892K(505344K), 0.0005321 secs] [Times: user=0.00 sys=0.00, real=0.00 secs] 
43.044: [GC (Allocation Failure) [PSYoungGen: 329824K->32K(316928K)] 331620K->1828K(492032K), 0.0005278 secs] [Times: user=0.00 sys=0.00, real=0.00 secs] 
43.093: [GC (Allocation Failure) [PSYoungGen: 316448K->64K(304128K)] 318244K->1860K(479232K), 0.0005278 secs] [Times: user=0.00 sys=0.00, real=0.00 secs] 
43.139: [GC (Allocation Failure) [PSYoungGen: 303680K->96K(291840K)] 305476K->1892K(466944K), 0.0005237 secs] [Times: user=0.00 sys=0.00, real=0.00 secs] 
43.184: [GC (Allocation Failure) [PSYoungGen: 291424K->96K(350208K)] 293220K->1892K(525312K), 0.0005289 secs] [Times: user=0.00 sys=0.00, real=0.00 secs] 
43.238: [GC (Allocation Failure) [PSYoungGen: 349792K->96K(335872K)] 351588K->1892K(510976K), 0.0005248 secs] [Times: user=0.00 sys=0.00, real=0.00 secs] 
43.290: [GC (Allocation Failure) [PSYoungGen: 335456K->96K(322048K)] 337252K->1892K(497152K), 0.0005383 secs] [Times: user=0.01 sys=0.00, real=0.00 secs] 
43.340: [GC (Allocation Failure) [PSYoungGen: 321632K->96K(308736K)] 323428K->1892K(483840K), 0.0005426 secs] [Times: user=0.00 sys=0.00, real=0.00 secs] 
43.388: [GC (Allocation Failure) [PSYoungGen: 308320K->64K(296448K)] 310116K->1860K(471552K), 0.0005265 secs] [Times: user=0.00 sys=0.00, real=0.00 secs] 
43.436: [GC (Allocation Failure) [PSYoungGen: 296000K->96K(355840K)] 297796K->1892K(530944K), 0.0006757 secs] [Times: user=0.00 sys=0.00, real=0.00 secs] 
43.494: [GC (Allocation Failure) [PSYoungGen: 355424K->96K(340992K)] 357220K->1892K(516096K), 0.0005722 secs] [Times: user=0.00 sys=0.00, real=0.00 secs] 
43.547: [GC (Allocation Failure) [PSYoungGen: 340576K->96K(327168K)] 342372K->1892K(502272K), 0.0005707 secs] [Times: user=0.00 sys=0.00, real=0.00 secs] 
43.598: [GC (Allocation Failure) [PSYoungGen: 326752K->96K(313856K)] 328548K->1892K(488960K), 0.0005361 secs] [Times: user=0.01 sys=0.00, real=0.00 secs] 
43.648: [GC (Allocation Failure) [PSYoungGen: 313440K->32K(301056K)] 315236K->1828K(476160K), 0.0005299 secs] [Times: user=0.00 sys=0.00, real=0.00 secs] 
43.694: [GC (Allocation Failure) [PSYoungGen: 300576K->96K(361472K)] 302372K->1892K(536576K), 0.0005955 secs] [Times: user=0.00 sys=0.00, real=0.00 secs] 
43.750: [GC (Allocation Failure) [PSYoungGen: 361056K->32K(346624K)] 362852K->1828K(521728K), 0.0005263 secs] [Times: user=0.00 sys=0.00, real=0.00 secs] 
43.803: [GC (Allocation Failure) [PSYoungGen: 346144K->32K(332288K)] 347940K->1828K(507392K), 0.0005343 secs] [Times: user=0.00 sys=0.00, real=0.00 secs] 
43.853: [GC (Allocation Failure) [PSYoungGen: 331808K->96K(318464K)] 333604K->1892K(493568K), 0.0005327 secs] [Times: user=0.00 sys=0.00, real=0.00 secs] 
43.902: [GC (Allocation Failure) [PSYoungGen: 318048K->96K(305664K)] 319844K->1892K(480768K), 0.0005368 secs] [Times: user=0.00 sys=0.00, real=0.00 secs] 
43.949: [GC (Allocation Failure) [PSYoungGen: 305248K->96K(293376K)] 307044K->1892K(468480K), 0.0005665 secs] [Times: user=0.00 sys=0.00, real=0.00 secs] 
43.994: [GC (Allocation Failure) [PSYoungGen: 292960K->96K(281600K)] 294756K->1892K(456704K), 0.0005208 secs] [Times: user=0.00 sys=0.00, real=0.00 secs] 
44.038: [GC (Allocation Failure) [PSYoungGen: 281184K->96K(337920K)] 282980K->1892K(513024K), 0.0005270 secs] [Times: user=0.00 sys=0.00, real=0.00 secs] 
44.090: [GC (Allocation Failure) [PSYoungGen: 337504K->96K(324096K)] 339300K->1892K(499200K), 0.0005310 secs] [Times: user=0.00 sys=0.00, real=0.00 secs] 
44.139: [GC (Allocation Failure) [PSYoungGen: 323680K->96K(310784K)] 325476K->1892K(485888K), 0.0005539 secs] [Times: user=0.00 sys=0.00, real=0.00 secs] 
44.187: [GC (Allocation Failure) [PSYoungGen: 310368K->64K(297984K)] 312164K->1860K(473088K), 0.0005322 secs] [Times: user=0.00 sys=0.00, real=0.00 secs] 
44.232: [GC (Allocation Failure) [PSYoungGen: 297536K->96K(286208K)] 299332K->1892K(461312K), 0.0005329 secs] [Times: user=0.00 sys=0.00, real=0.00 secs] 
44.276: [GC (Allocation Failure) [PSYoungGen: 285792K->64K(343552K)] 287588K->1868K(518656K), 0.0005532 secs] [Times: user=0.00 sys=0.00, real=0.00 secs] 
44.329: [GC (Allocation Failure) [PSYoungGen: 343104K->96K(412160K)] 344908K->1900K(587264K), 0.0005772 secs] [Times: user=0.00 sys=0.00, real=0.00 secs] 
44.394: [GC (Allocation Failure) [PSYoungGen: 411744K->32K(394752K)] 413548K->1836K(569856K), 0.0005323 secs] [Times: user=0.00 sys=0.00, real=0.00 secs] 
44.457: [GC (Allocation Failure) [PSYoungGen: 394272K->64K(377856K)] 396076K->1868K(552960K), 0.0007210 secs] [Times: user=0.00 sys=0.00, real=0.00 secs] 
44.516: [GC (Allocation Failure) [PSYoungGen: 377408K->64K(361984K)] 379212K->1868K(537088K), 0.0006358 secs] [Times: user=0.00 sys=0.00, real=0.00 secs] 
44.572: [GC (Allocation Failure) [PSYoungGen: 361536K->32K(347136K)] 363340K->1836K(522240K), 0.0005727 secs] [Times: user=0.00 sys=0.00, real=0.00 secs] 
44.625: [GC (Allocation Failure) [PSYoungGen: 346656K->96K(332800K)] 348460K->1900K(507904K), 0.0005368 secs] [Times: user=0.00 sys=0.00, real=0.00 secs] 
44.676: [GC (Allocation Failure) [PSYoungGen: 332384K->96K(318976K)] 334188K->1900K(494080K), 0.0005685 secs] [Times: user=0.00 sys=0.00, real=0.00 secs] 
44.726: [GC (Allocation Failure) [PSYoungGen: 318560K->96K(306176K)] 320364K->1900K(481280K), 0.0005525 secs] [Times: user=0.00 sys=0.00, real=0.00 secs] 
44.773: [GC (Allocation Failure) [PSYoungGen: 305760K->96K(293888K)] 307564K->1900K(468992K), 0.0005432 secs] [Times: user=0.00 sys=0.00, real=0.00 secs] 
44.818: [GC (Allocation Failure) [PSYoungGen: 293472K->96K(282112K)] 295276K->1900K(457216K), 0.0005430 secs] [Times: user=0.00 sys=0.00, real=0.00 secs] 
44.861: [GC (Allocation Failure) [PSYoungGen: 281696K->32K(338432K)] 283500K->1836K(513536K), 0.0005338 secs] [Times: user=0.00 sys=0.01, real=0.00 secs] 
44.914: [GC (Allocation Failure) [PSYoungGen: 337952K->96K(324608K)] 339756K->1900K(499712K), 0.0005354 secs] [Times: user=0.00 sys=0.00, real=0.00 secs] 
44.963: [GC (Allocation Failure) [PSYoungGen: 324192K->96K(311296K)] 325996K->1900K(486400K), 0.0005243 secs] [Times: user=0.00 sys=0.00, real=0.00 secs] 
45.011: [GC (Allocation Failure) [PSYoungGen: 310880K->96K(298496K)] 312684K->1900K(473600K), 0.0005295 secs] [Times: user=0.00 sys=0.00, real=0.00 secs] 
45.056: [GC (Allocation Failure) [PSYoungGen: 298080K->96K(286720K)] 299884K->1900K(461824K), 0.0005292 secs] [Times: user=0.01 sys=0.00, real=0.00 secs] 
45.101: [GC (Allocation Failure) [PSYoungGen: 286304K->96K(344064K)] 288108K->1900K(519168K), 0.0005539 secs] [Times: user=0.00 sys=0.00, real=0.00 secs] 
45.154: [GC (Allocation Failure) [PSYoungGen: 343648K->96K(329728K)] 345452K->1900K(504832K), 0.0005343 secs] [Times: user=0.00 sys=0.00, real=0.00 secs] 
45.204: [GC (Allocation Failure) [PSYoungGen: 329312K->96K(316416K)] 331116K->1900K(491520K), 0.0005265 secs] [Times: user=0.00 sys=0.00, real=0.00 secs] 
45.254: [GC (Allocation Failure) [PSYoungGen: 316000K->32K(303616K)] 317804K->1836K(478720K), 0.0005369 secs] [Times: user=0.00 sys=0.00, real=0.00 secs] 
45.301: [GC (Allocation Failure) [PSYoungGen: 303136K->64K(364544K)] 304940K->1868K(539648K), 0.0010462 secs] [Times: user=0.00 sys=0.00, real=0.00 secs] 
45.357: [GC (Allocation Failure) [PSYoungGen: 364096K->96K(437760K)] 365900K->1900K(612864K), 0.0005229 secs] [Times: user=0.00 sys=0.00, real=0.00 secs] 
45.426: [GC (Allocation Failure) [PSYoungGen: 437344K->64K(525312K)] 439148K->1868K(700416K), 0.0005353 secs] [Times: user=0.00 sys=0.00, real=0.00 secs] 
45.505: [GC (Allocation Failure) [PSYoungGen: 524864K->96K(502272K)] 526668K->1900K(677376K), 0.0005196 secs] [Times: user=0.00 sys=0.00, real=0.01 secs] 
45.583: [GC (Allocation Failure) [PSYoungGen: 501856K->32K(480256K)] 503660K->1836K(655360K), 0.0005215 secs] [Times: user=0.00 sys=0.00, real=0.00 secs] 
45.656: [GC (Allocation Failure) [PSYoungGen: 479776K->96K(459264K)] 481580K->1900K(634368K), 0.0005352 secs] [Times: user=0.00 sys=0.00, real=0.00 secs] 
45.726: [GC (Allocation Failure) [PSYoungGen: 458848K->96K(439296K)] 460652K->1900K(614400K), 0.0005252 secs] [Times: user=0.00 sys=0.00, real=0.01 secs] 
45.794: [GC (Allocation Failure) [PSYoungGen: 438880K->32K(420352K)] 440684K->1836K(595456K), 0.0005657 secs] [Times: user=0.00 sys=0.00, real=0.00 secs] 
45.858: [GC (Allocation Failure) [PSYoungGen: 419872K->64K(402432K)] 421676K->1868K(577536K), 0.0005675 secs] [Times: user=0.00 sys=0.00, real=0.00 secs] 
45.919: [GC (Allocation Failure) [PSYoungGen: 401984K->32K(385536K)] 403788K->1836K(560640K), 0.0005287 secs] [Times: user=0.00 sys=0.00, real=0.00 secs] 
45.981: [GC (Allocation Failure) [PSYoungGen: 385056K->96K(369152K)] 386860K->1900K(544256K), 0.0005315 secs] [Times: user=0.00 sys=0.00, real=0.00 secs] 
46.037: [GC (Allocation Failure) [PSYoungGen: 368736K->64K(353792K)] 370540K->1868K(528896K), 0.0005592 secs] [Times: user=0.00 sys=0.00, real=0.00 secs] 
46.091: [GC (Allocation Failure) [PSYoungGen: 353344K->96K(338944K)] 355148K->1900K(514048K), 0.0005295 secs] [Times: user=0.01 sys=0.00, real=0.00 secs] 
46.143: [GC (Allocation Failure) [PSYoungGen: 338528K->64K(325120K)] 340332K->1868K(500224K), 0.0005714 secs] [Times: user=0.00 sys=0.00, real=0.00 secs] 
46.193: [GC (Allocation Failure) [PSYoungGen: 324672K->128K(311808K)] 326476K->1932K(486912K), 0.0005658 secs] [Times: user=0.00 sys=0.00, real=0.00 secs] 
46.243: [GC (Allocation Failure) [PSYoungGen: 311424K->32K(299008K)] 313228K->1836K(474112K), 0.0005308 secs] [Times: user=0.00 sys=0.00, real=0.00 secs] 
46.289: [GC (Allocation Failure) [PSYoungGen: 298528K->96K(287232K)] 300332K->1900K(462336K), 0.0005153 secs] [Times: user=0.00 sys=0.00, real=0.00 secs] 
46.334: [GC (Allocation Failure) [PSYoungGen: 286816K->0K(275968K)] 288620K->1804K(451072K), 0.0005204 secs] [Times: user=0.00 sys=0.00, real=0.00 secs] 
46.376: [GC (Allocation Failure) [PSYoungGen: 275456K->96K(265216K)] 277260K->1900K(440320K), 0.0005297 secs] [Times: user=0.00 sys=0.00, real=0.00 secs] 
46.418: [GC (Allocation Failure) [PSYoungGen: 264800K->96K(318464K)] 266604K->1900K(493568K), 0.0005749 secs] [Times: user=0.00 sys=0.00, real=0.00 secs] 
46.469: [GC (Allocation Failure) [PSYoungGen: 318048K->96K(382464K)] 319852K->1900K(557568K), 0.0005606 secs] [Times: user=0.01 sys=0.00, real=0.00 secs] 
46.528: [GC (Allocation Failure) [PSYoungGen: 382048K->64K(366592K)] 383852K->1868K(541696K), 0.0005261 secs] [Times: user=0.00 sys=0.00, real=0.00 secs] 
46.584: [GC (Allocation Failure) [PSYoungGen: 366144K->96K(351232K)] 367948K->1900K(526336K), 0.0006010 secs] [Times: user=0.00 sys=0.00, real=0.00 secs] 
46.637: [GC (Allocation Failure) [PSYoungGen: 350816K->64K(336896K)] 352620K->1868K(512000K), 0.0005482 secs] [Times: user=0.00 sys=0.00, real=0.00 secs] 
46.689: [GC (Allocation Failure) [PSYoungGen: 336448K->96K(323072K)] 338252K->1900K(498176K), 0.0005369 secs] [Times: user=0.00 sys=0.00, real=0.00 secs] 
46.739: [GC (Allocation Failure) [PSYoungGen: 322656K->96K(309760K)] 324460K->1900K(484864K), 0.0005530 secs] [Times: user=0.00 sys=0.00, real=0.00 secs] 
46.791: [GC (Allocation Failure) [PSYoungGen: 309344K->32K(371712K)] 311148K->1836K(546816K), 0.0013234 secs] [Times: user=0.00 sys=0.00, real=0.00 secs] 
46.849: [GC (Allocation Failure) [PSYoungGen: 371232K->32K(445952K)] 373036K->1836K(621056K), 0.0005242 secs] [Times: user=0.00 sys=0.00, real=0.00 secs] 
46.918: [GC (Allocation Failure) [PSYoungGen: 445472K->96K(535040K)] 447276K->1900K(710144K), 0.0005455 secs] [Times: user=0.01 sys=0.00, real=0.00 secs] 
46.999: [GC (Allocation Failure) [PSYoungGen: 534624K->96K(511488K)] 536428K->1900K(686592K), 0.0005190 secs] [Times: user=0.00 sys=0.00, real=0.00 secs] 
47.078: [GC (Allocation Failure) [PSYoungGen: 511072K->32K(488960K)] 512876K->1836K(664064K), 0.0005274 secs] [Times: user=0.00 sys=0.00, real=0.00 secs] 
47.153: [GC (Allocation Failure) [PSYoungGen: 488480K->96K(467456K)] 490284K->1900K(642560K), 0.0005432 secs] [Times: user=0.00 sys=0.00, real=0.00 secs] 
47.224: [GC (Allocation Failure) [PSYoungGen: 467040K->96K(447488K)] 468844K->1900K(622592K), 0.0005346 secs] [Times: user=0.00 sys=0.00, real=0.00 secs] 
47.295: [GC (Allocation Failure) [PSYoungGen: 447072K->96K(428032K)] 448876K->1900K(603136K), 0.0006043 secs] [Times: user=0.00 sys=0.00, real=0.01 secs] 
47.362: [GC (Allocation Failure) [PSYoungGen: 427616K->96K(409600K)] 429420K->1900K(584704K), 0.0005595 secs] [Times: user=0.00 sys=0.00, real=0.00 secs] 
47.427: [GC (Allocation Failure) [PSYoungGen: 409184K->96K(392192K)] 410988K->1900K(567296K), 0.0005504 secs] [Times: user=0.00 sys=0.00, real=0.00 secs] 
47.488: [GC (Allocation Failure) [PSYoungGen: 391776K->96K(375808K)] 393580K->1900K(550912K), 0.0005310 secs] [Times: user=0.00 sys=0.00, real=0.00 secs] 
47.545: [GC (Allocation Failure) [PSYoungGen: 375392K->96K(359936K)] 377196K->1900K(535040K), 0.0005447 secs] [Times: user=0.01 sys=0.00, real=0.00 secs] 
47.599: [GC (Allocation Failure) [PSYoungGen: 359520K->96K(345088K)] 361324K->1900K(520192K), 0.0005268 secs] [Times: user=0.00 sys=0.00, real=0.00 secs] 
47.653: [GC (Allocation Failure) [PSYoungGen: 344672K->64K(330752K)] 346476K->1868K(505856K), 0.0005412 secs] [Times: user=0.00 sys=0.00, real=0.00 secs] 
47.703: [GC (Allocation Failure) [PSYoungGen: 330304K->96K(317440K)] 332108K->1900K(492544K), 0.0005621 secs] [Times: user=0.00 sys=0.00, real=0.00 secs] 
47.751: [GC (Allocation Failure) [PSYoungGen: 317024K->32K(304640K)] 318828K->1836K(479744K), 0.0005441 secs] [Times: user=0.00 sys=0.00, real=0.00 secs] 
47.798: [GC (Allocation Failure) [PSYoungGen: 304160K->64K(365568K)] 305964K->1868K(540672K), 0.0010462 secs] [Times: user=0.00 sys=0.00, real=0.00 secs] 
47.854: [GC (Allocation Failure) [PSYoungGen: 365120K->96K(438784K)] 366924K->1900K(613888K), 0.0005300 secs] [Times: user=0.00 sys=0.00, real=0.00 secs] 
47.921: [GC (Allocation Failure) [PSYoungGen: 438368K->32K(419840K)] 440172K->1836K(594944K), 0.0005113 secs] [Times: user=0.00 sys=0.00, real=0.00 secs] 
47.985: [GC (Allocation Failure) [PSYoungGen: 419360K->32K(401920K)] 421164K->1836K(577024K), 0.0005303 secs] [Times: user=0.00 sys=0.00, real=0.00 secs] 
48.046: [GC (Allocation Failure) [PSYoungGen: 401440K->96K(385024K)] 403244K->1900K(560128K), 0.0005608 secs] [Times: user=0.00 sys=0.00, real=0.00 secs] 
48.104: [GC (Allocation Failure) [PSYoungGen: 384608K->64K(368640K)] 386412K->1868K(543744K), 0.0005616 secs] [Times: user=0.00 sys=0.00, real=0.00 secs] 
48.160: [GC (Allocation Failure) [PSYoungGen: 368192K->96K(353280K)] 369996K->1900K(528384K), 0.0005259 secs] [Times: user=0.01 sys=0.00, real=0.00 secs] 
48.214: [GC (Allocation Failure) [PSYoungGen: 352864K->96K(338432K)] 354668K->1900K(513536K), 0.0005275 secs] [Times: user=0.00 sys=0.00, real=0.00 secs] 
48.266: [GC (Allocation Failure) [PSYoungGen: 338016K->32K(324608K)] 339820K->1836K(499712K), 0.0005379 secs] [Times: user=0.00 sys=0.00, real=0.00 secs] 
48.316: [GC (Allocation Failure) [PSYoungGen: 324128K->96K(311296K)] 325932K->1900K(486400K), 0.0005313 secs] [Times: user=0.00 sys=0.00, real=0.01 secs] 
48.364: [GC (Allocation Failure) [PSYoungGen: 310880K->96K(298496K)] 312684K->1900K(473600K), 0.0005665 secs] [Times: user=0.00 sys=0.00, real=0.00 secs] 
48.413: [GC (Allocation Failure) [PSYoungGen: 298080K->32K(286720K)] 299884K->1836K(461824K), 0.0005236 secs] [Times: user=0.00 sys=0.00, real=0.00 secs] 
48.457: [GC (Allocation Failure) [PSYoungGen: 286240K->64K(275456K)] 288044K->1868K(450560K), 0.0005384 secs] [Times: user=0.00 sys=0.00, real=0.00 secs] 
48.499: [GC (Allocation Failure) [PSYoungGen: 275008K->96K(330752K)] 276812K->1900K(505856K), 0.0005265 secs] [Times: user=0.00 sys=0.00, real=0.00 secs] 
48.550: [GC (Allocation Failure) [PSYoungGen: 330336K->96K(317440K)] 332140K->1900K(492544K), 0.0005361 secs] [Times: user=0.00 sys=0.00, real=0.00 secs] 
48.598: [GC (Allocation Failure) [PSYoungGen: 317024K->96K(304640K)] 318828K->1900K(479744K), 0.0005324 secs] [Times: user=0.00 sys=0.00, real=0.00 secs] 
48.645: [GC (Allocation Failure) [PSYoungGen: 304224K->96K(292352K)] 306028K->1900K(467456K), 0.0005308 secs] [Times: user=0.00 sys=0.00, real=0.01 secs] 
48.689: [GC (Allocation Failure) [PSYoungGen: 291936K->64K(280576K)] 293740K->1868K(455680K), 0.0005254 secs] [Times: user=0.00 sys=0.00, real=0.00 secs] 
48.732: [GC (Allocation Failure) [PSYoungGen: 280128K->96K(336896K)] 281932K->1900K(512000K), 0.0005230 secs] [Times: user=0.00 sys=0.00, real=0.00 secs] 
48.784: [GC (Allocation Failure) [PSYoungGen: 336480K->32K(323072K)] 338284K->1836K(498176K), 0.0005261 secs] [Times: user=0.00 sys=0.00, real=0.00 secs] 
48.834: [GC (Allocation Failure) [PSYoungGen: 322592K->64K(309760K)] 324396K->1868K(484864K), 0.0005293 secs] [Times: user=0.00 sys=0.00, real=0.00 secs] 
48.881: [GC (Allocation Failure) [PSYoungGen: 309312K->32K(297472K)] 311116K->1836K(472576K), 0.0005597 secs] [Times: user=0.00 sys=0.00, real=0.00 secs] 
48.927: [GC (Allocation Failure) [PSYoungGen: 296992K->64K(285696K)] 298796K->1868K(460800K), 0.0005273 secs] [Times: user=0.00 sys=0.00, real=0.00 secs] 
48.971: [GC (Allocation Failure) [PSYoungGen: 285248K->64K(343040K)] 287052K->1868K(518144K), 0.0005353 secs] [Times: user=0.00 sys=0.00, real=0.00 secs] 
49.023: [GC (Allocation Failure) [PSYoungGen: 342592K->96K(328704K)] 344396K->1900K(503808K), 0.0005334 secs] [Times: user=0.00 sys=0.00, real=0.00 secs] 
49.076: [GC (Allocation Failure) [PSYoungGen: 328288K->96K(315392K)] 330092K->1900K(490496K), 0.0005961 secs] [Times: user=0.00 sys=0.00, real=0.00 secs] 
49.124: [GC (Allocation Failure) [PSYoungGen: 314976K->64K(378368K)] 316780K->1868K(553472K), 0.0005727 secs] [Times: user=0.01 sys=0.00, real=0.00 secs] 
49.183: [GC (Allocation Failure) [PSYoungGen: 377920K->64K(362496K)] 379724K->1868K(537600K), 0.0005941 secs] [Times: user=0.01 sys=0.00, real=0.00 secs] 
49.238: [GC (Allocation Failure) [PSYoungGen: 362048K->32K(347648K)] 363852K->1836K(522752K), 0.0005331 secs] [Times: user=0.00 sys=0.00, real=0.00 secs] 
49.291: [GC (Allocation Failure) [PSYoungGen: 347168K->96K(333312K)] 348972K->1900K(508416K), 0.0005231 secs] [Times: user=0.00 sys=0.00, real=0.00 secs] 
49.343: [GC (Allocation Failure) [PSYoungGen: 332896K->96K(319488K)] 334700K->1900K(494592K), 0.0005360 secs] [Times: user=0.01 sys=0.00, real=0.00 secs] 
49.393: [GC (Allocation Failure) [PSYoungGen: 319072K->32K(306688K)] 320876K->1836K(481792K), 0.0005075 secs] [Times: user=0.00 sys=0.00, real=0.00 secs] 
49.441: [GC (Allocation Failure) [PSYoungGen: 306208K->64K(294400K)] 308012K->1868K(469504K), 0.0005389 secs] [Times: user=0.00 sys=0.00, real=0.00 secs] 
49.486: [GC (Allocation Failure) [PSYoungGen: 293952K->96K(282624K)] 295756K->1900K(457728K), 0.0005343 secs] [Times: user=0.00 sys=0.00, real=0.00 secs] 
49.529: [GC (Allocation Failure) [PSYoungGen: 282208K->96K(271360K)] 284012K->1900K(446464K), 0.0005211 secs] [Times: user=0.00 sys=0.00, real=0.00 secs] 
49.571: [GC (Allocation Failure) [PSYoungGen: 270944K->64K(325632K)] 272748K->1868K(500736K), 0.0005654 secs] [Times: user=0.00 sys=0.00, real=0.00 secs] 
49.623: [GC (Allocation Failure) [PSYoungGen: 325184K->64K(390656K)] 326988K->1868K(565760K), 0.0005588 secs] [Times: user=0.00 sys=0.00, real=0.00 secs] 
49.686: [GC (Allocation Failure) [PSYoungGen: 390208K->96K(374272K)] 392012K->1900K(549376K), 0.0005660 secs] [Times: user=0.00 sys=0.00, real=0.00 secs] 
49.744: [GC (Allocation Failure) [PSYoungGen: 373856K->96K(358400K)] 375660K->1900K(533504K), 0.0005636 secs] [Times: user=0.00 sys=0.00, real=0.00 secs] 
49.800: [GC (Allocation Failure) [PSYoungGen: 357984K->96K(343552K)] 359788K->1900K(518656K), 0.0005795 secs] [Times: user=0.00 sys=0.00, real=0.00 secs] 
49.854: [GC (Allocation Failure) [PSYoungGen: 343136K->96K(329216K)] 344940K->1900K(504320K), 0.0005298 secs] [Times: user=0.00 sys=0.00, real=0.00 secs] 
49.904: [GC (Allocation Failure) [PSYoungGen: 328800K->32K(315904K)] 330604K->1836K(491008K), 0.0005247 secs] [Times: user=0.00 sys=0.00, real=0.00 secs] 
49.953: [GC (Allocation Failure) [PSYoungGen: 315424K->64K(303104K)] 317228K->1868K(478208K), 0.0005384 secs] [Times: user=0.00 sys=0.00, real=0.00 secs] 
49.999: [GC (Allocation Failure) [PSYoungGen: 302656K->64K(290816K)] 304460K->1868K(465920K), 0.0005251 secs] [Times: user=0.00 sys=0.00, real=0.00 secs] 
50.044: [GC (Allocation Failure) [PSYoungGen: 290368K->32K(279040K)] 292172K->1836K(454144K), 0.0005547 secs] [Times: user=0.00 sys=0.00, real=0.00 secs] 
50.086: [GC (Allocation Failure) [PSYoungGen: 278560K->96K(334848K)] 280364K->1900K(509952K), 0.0005338 secs] [Times: user=0.01 sys=0.00, real=0.00 secs] 
50.138: [GC (Allocation Failure) [PSYoungGen: 334432K->96K(321024K)] 336236K->1900K(496128K), 0.0005375 secs] [Times: user=0.00 sys=0.00, real=0.00 secs] 
50.187: [GC (Allocation Failure) [PSYoungGen: 320608K->64K(308224K)] 322412K->1868K(483328K), 0.0005317 secs] [Times: user=0.00 sys=0.00, real=0.00 secs] 
50.234: [GC (Allocation Failure) [PSYoungGen: 307776K->96K(295936K)] 309580K->1900K(471040K), 0.0005326 secs] [Times: user=0.00 sys=0.00, real=0.00 secs] 
50.279: [GC (Allocation Failure) [PSYoungGen: 295520K->64K(355328K)] 297324K->1868K(530432K), 0.0005875 secs] [Times: user=0.00 sys=0.00, real=0.00 secs] 
50.337: [GC (Allocation Failure) [PSYoungGen: 354880K->96K(340480K)] 356684K->1900K(515584K), 0.0005519 secs] [Times: user=0.00 sys=0.00, real=0.00 secs] 
50.390: [GC (Allocation Failure) [PSYoungGen: 340064K->96K(326656K)] 341868K->1924K(501760K), 0.0005420 secs] [Times: user=0.00 sys=0.00, real=0.00 secs] 
50.442: [GC (Allocation Failure) [PSYoungGen: 326240K->96K(313344K)] 328068K->1924K(488448K), 0.0005502 secs] [Times: user=0.00 sys=0.00, real=0.00 secs] 
50.490: [GC (Allocation Failure) [PSYoungGen: 312928K->32K(300544K)] 314756K->1860K(475648K), 0.0005311 secs] [Times: user=0.00 sys=0.00, real=0.00 secs] 
50.536: [GC (Allocation Failure) [PSYoungGen: 300064K->64K(288256K)] 301892K->1892K(463360K), 0.0005740 secs] [Times: user=0.00 sys=0.00, real=0.00 secs] 
50.581: [GC (Allocation Failure) [PSYoungGen: 287808K->96K(276992K)] 289636K->1924K(452096K), 0.0005468 secs] [Times: user=0.00 sys=0.00, real=0.00 secs] 
50.624: [GC (Allocation Failure) [PSYoungGen: 276576K->32K(332288K)] 278404K->1860K(507392K), 0.0005473 secs] [Times: user=0.00 sys=0.00, real=0.00 secs] 
50.674: [GC (Allocation Failure) [PSYoungGen: 331808K->96K(318464K)] 333636K->1924K(493568K), 0.0005262 secs] [Times: user=0.00 sys=0.00, real=0.00 secs] 
50.724: [GC (Allocation Failure) [PSYoungGen: 318048K->64K(382464K)] 319876K->1892K(557568K), 0.0010639 secs] [Times: user=0.00 sys=0.00, real=0.00 secs] 
50.783: [GC (Allocation Failure) [PSYoungGen: 382016K->96K(459264K)] 383844K->1924K(634368K), 0.0005323 secs] [Times: user=0.00 sys=0.00, real=0.00 secs] 
50.853: [GC (Allocation Failure) [PSYoungGen: 458848K->64K(551424K)] 460676K->1892K(726528K), 0.0005510 secs] [Times: user=0.00 sys=0.00, real=0.00 secs] 
50.938: [GC (Allocation Failure) [PSYoungGen: 550976K->32K(526848K)] 552804K->1860K(701952K), 0.0005271 secs] [Times: user=0.00 sys=0.00, real=0.00 secs] 
51.018: [GC (Allocation Failure) [PSYoungGen: 526368K->96K(503808K)] 528196K->1924K(678912K), 0.0005308 secs] [Times: user=0.00 sys=0.00, real=0.00 secs] 
51.095: [GC (Allocation Failure) [PSYoungGen: 503392K->64K(481792K)] 505220K->1892K(656896K), 0.0006438 secs] [Times: user=0.00 sys=0.00, real=0.00 secs] 
51.168: [GC (Allocation Failure) [PSYoungGen: 481344K->32K(460800K)] 483172K->1860K(635904K), 0.0005573 secs] [Times: user=0.00 sys=0.00, real=0.00 secs] 
51.239: [GC (Allocation Failure) [PSYoungGen: 460320K->32K(440832K)] 462148K->1860K(615936K), 0.0005953 secs] [Times: user=0.01 sys=0.01, real=0.00 secs] 
51.306: [GC (Allocation Failure) [PSYoungGen: 440352K->96K(421888K)] 442180K->1924K(596992K), 0.0005883 secs] [Times: user=0.00 sys=0.00, real=0.00 secs] 
51.371: [GC (Allocation Failure) [PSYoungGen: 421472K->32K(403968K)] 423300K->1860K(579072K), 0.0005376 secs] [Times: user=0.00 sys=0.00, real=0.00 secs] 
51.435: [GC (Allocation Failure) [PSYoungGen: 403488K->32K(387072K)] 405316K->1860K(562176K), 0.0005475 secs] [Times: user=0.00 sys=0.00, real=0.00 secs] 
51.495: [GC (Allocation Failure) [PSYoungGen: 386592K->96K(370688K)] 388420K->1924K(545792K), 0.0005442 secs] [Times: user=0.00 sys=0.00, real=0.00 secs] 
51.553: [GC (Allocation Failure) [PSYoungGen: 370272K->64K(355328K)] 372100K->1892K(530432K), 0.0005306 secs] [Times: user=0.00 sys=0.00, real=0.00 secs] 
51.608: [GC (Allocation Failure) [PSYoungGen: 354880K->96K(340480K)] 356708K->1924K(515584K), 0.0005310 secs] [Times: user=0.01 sys=0.00, real=0.00 secs] 
51.661: [GC (Allocation Failure) [PSYoungGen: 340064K->32K(326656K)] 341892K->1860K(501760K), 0.0005152 secs] [Times: user=0.00 sys=0.00, real=0.00 secs] 
51.712: [GC (Allocation Failure) [PSYoungGen: 326176K->32K(313344K)] 328004K->1860K(488448K), 0.0005720 secs] [Times: user=0.00 sys=0.00, real=0.00 secs] 
51.761: [GC (Allocation Failure) [PSYoungGen: 312864K->32K(300544K)] 314692K->1860K(475648K), 0.0005143 secs] [Times: user=0.00 sys=0.00, real=0.00 secs] 
51.808: [GC (Allocation Failure) [PSYoungGen: 300064K->32K(288256K)] 301892K->1860K(463360K), 0.0005359 secs] [Times: user=0.00 sys=0.00, real=0.00 secs] 
51.853: [GC (Allocation Failure) [PSYoungGen: 287776K->32K(276992K)] 289604K->1860K(452096K), 0.0005437 secs] [Times: user=0.00 sys=0.00, real=0.00 secs] 
51.897: [GC (Allocation Failure) [PSYoungGen: 276512K->96K(266240K)] 278340K->1924K(441344K), 0.0005349 secs] [Times: user=0.00 sys=0.00, real=0.00 secs] 
51.939: [GC (Allocation Failure) [PSYoungGen: 265824K->32K(319488K)] 267652K->1860K(494592K), 0.0005156 secs] [Times: user=0.00 sys=0.00, real=0.00 secs] 
51.989: [GC (Allocation Failure) [PSYoungGen: 319008K->32K(383488K)] 320836K->1860K(558592K), 0.0005850 secs] [Times: user=0.00 sys=0.00, real=0.00 secs] 
52.050: [GC (Allocation Failure) [PSYoungGen: 383008K->32K(367616K)] 384836K->1860K(542720K), 0.0005693 secs] [Times: user=0.00 sys=0.00, real=0.00 secs] 
52.107: [GC (Allocation Failure) [PSYoungGen: 367136K->96K(352256K)] 368964K->1924K(527360K), 0.0005777 secs] [Times: user=0.00 sys=0.00, real=0.00 secs] 
52.163: [GC (Allocation Failure) [PSYoungGen: 351840K->96K(337920K)] 353668K->1924K(513024K), 0.0005395 secs] [Times: user=0.00 sys=0.00, real=0.00 secs] 
52.216: [GC (Allocation Failure) [PSYoungGen: 337504K->64K(324096K)] 339332K->1892K(499200K), 0.0005317 secs] [Times: user=0.00 sys=0.00, real=0.00 secs] 
52.267: [GC (Allocation Failure) [PSYoungGen: 323648K->32K(310784K)] 325476K->1860K(485888K), 0.0005439 secs] [Times: user=0.00 sys=0.00, real=0.00 secs] 
52.315: [GC (Allocation Failure) [PSYoungGen: 310304K->96K(297984K)] 312132K->1924K(473088K), 0.0005557 secs] [Times: user=0.00 sys=0.00, real=0.01 secs] 
52.362: [GC (Allocation Failure) [PSYoungGen: 297568K->32K(286208K)] 299396K->1860K(461312K), 0.0005533 secs] [Times: user=0.01 sys=0.00, real=0.00 secs] 
52.407: [GC (Allocation Failure) [PSYoungGen: 285728K->64K(343552K)] 287556K->1892K(518656K), 0.0005369 secs] [Times: user=0.00 sys=0.00, real=0.00 secs] 
52.463: [GC (Allocation Failure) [PSYoungGen: 343104K->32K(412160K)] 344932K->1860K(587264K), 0.0006247 secs] [Times: user=0.00 sys=0.00, real=0.00 secs] 
52.527: [GC (Allocation Failure) [PSYoungGen: 411680K->96K(394752K)] 413508K->1924K(569856K), 0.0005333 secs] [Times: user=0.00 sys=0.00, real=0.00 secs] 
52.588: [GC (Allocation Failure) [PSYoungGen: 394336K->96K(377856K)] 396164K->1924K(552960K), 0.0005309 secs] [Times: user=0.00 sys=0.00, real=0.00 secs] 
52.647: [GC (Allocation Failure) [PSYoungGen: 377440K->96K(361984K)] 379268K->1924K(537088K), 0.0005742 secs] [Times: user=0.00 sys=0.00, real=0.00 secs] 
52.704: [GC (Allocation Failure) [PSYoungGen: 361568K->64K(347136K)] 363396K->1892K(522240K), 0.0006112 secs] [Times: user=0.00 sys=0.00, real=0.00 secs] 
52.758: [GC (Allocation Failure) [PSYoungGen: 346688K->96K(332800K)] 348516K->1924K(507904K), 0.0006089 secs] [Times: user=0.00 sys=0.00, real=0.00 secs] 
52.810: [GC (Allocation Failure) [PSYoungGen: 332384K->64K(318976K)] 334212K->1892K(494080K), 0.0005389 secs] [Times: user=0.00 sys=0.00, real=0.00 secs] 
52.860: [GC (Allocation Failure) [PSYoungGen: 318528K->96K(306176K)] 320356K->1924K(481280K), 0.0005271 secs] [Times: user=0.00 sys=0.00, real=0.00 secs] 
52.911: [GC (Allocation Failure) [PSYoungGen: 305760K->96K(293888K)] 307588K->1924K(468992K), 0.0005370 secs] [Times: user=0.00 sys=0.00, real=0.00 secs] 
52.957: [GC (Allocation Failure) [PSYoungGen: 293472K->96K(282112K)] 295300K->1924K(457216K), 0.0005427 secs] [Times: user=0.00 sys=0.00, real=0.00 secs] 
53.002: [GC (Allocation Failure) [PSYoungGen: 281696K->32K(338432K)] 283524K->1860K(513536K), 0.0005476 secs] [Times: user=0.00 sys=0.00, real=0.00 secs] 
53.054: [GC (Allocation Failure) [PSYoungGen: 337952K->96K(324608K)] 339780K->1924K(499712K), 0.0005461 secs] [Times: user=0.00 sys=0.00, real=0.00 secs] 
53.105: [GC (Allocation Failure) [PSYoungGen: 324192K->96K(389632K)] 326020K->1924K(564736K), 0.0006086 secs] [Times: user=0.00 sys=0.00, real=0.01 secs] 
53.166: [GC (Allocation Failure) [PSYoungGen: 389216K->96K(373248K)] 391044K->1924K(548352K), 0.0005303 secs] [Times: user=0.00 sys=0.00, real=0.00 secs] 
53.224: [GC (Allocation Failure) [PSYoungGen: 372832K->64K(357888K)] 374660K->1892K(532992K), 0.0005302 secs] [Times: user=0.00 sys=0.00, real=0.00 secs] 
53.279: [GC (Allocation Failure) [PSYoungGen: 357440K->32K(343040K)] 359268K->1860K(518144K), 0.0005407 secs] [Times: user=0.00 sys=0.00, real=0.00 secs] 
53.333: [GC (Allocation Failure) [PSYoungGen: 342560K->32K(328704K)] 344388K->1860K(503808K), 0.0005959 secs] [Times: user=0.00 sys=0.00, real=0.00 secs] 
53.384: [GC (Allocation Failure) [PSYoungGen: 328224K->96K(315392K)] 330052K->1924K(490496K), 0.0005289 secs] [Times: user=0.00 sys=0.00, real=0.00 secs] 
53.435: [GC (Allocation Failure) [PSYoungGen: 314976K->96K(302592K)] 316804K->1924K(477696K), 0.0005315 secs] [Times: user=0.00 sys=0.00, real=0.01 secs] 
53.483: [GC (Allocation Failure) [PSYoungGen: 302176K->32K(290304K)] 304004K->1860K(465408K), 0.0005293 secs] [Times: user=0.00 sys=0.00, real=0.00 secs] 
53.529: [GC (Allocation Failure) [PSYoungGen: 289824K->96K(278528K)] 291652K->1924K(453632K), 0.0005372 secs] [Times: user=0.00 sys=0.00, real=0.00 secs] 
53.572: [GC (Allocation Failure) [PSYoungGen: 278112K->64K(334336K)] 279940K->1892K(509440K), 0.0005531 secs] [Times: user=0.00 sys=0.00, real=0.00 secs] 
53.625: [GC (Allocation Failure) [PSYoungGen: 333888K->96K(401408K)] 335716K->1924K(576512K), 0.0005713 secs] [Times: user=0.00 sys=0.00, real=0.00 secs] 
53.687: [GC (Allocation Failure) [PSYoungGen: 400992K->96K(384512K)] 402820K->1924K(559616K), 0.0005412 secs] [Times: user=0.00 sys=0.00, real=0.00 secs] 
53.747: [GC (Allocation Failure) [PSYoungGen: 384096K->64K(368128K)] 385924K->1892K(543232K), 0.0005383 secs] [Times: user=0.00 sys=0.00, real=0.00 secs] 
53.804: [GC (Allocation Failure) [PSYoungGen: 367680K->96K(352768K)] 369508K->1924K(527872K), 0.0005345 secs] [Times: user=0.00 sys=0.00, real=0.00 secs] 
53.859: [GC (Allocation Failure) [PSYoungGen: 352352K->96K(337920K)] 354180K->1924K(513024K), 0.0005397 secs] [Times: user=0.00 sys=0.00, real=0.00 secs] 
53.912: [GC (Allocation Failure) [PSYoungGen: 337504K->64K(324096K)] 339332K->1892K(499200K), 0.0005684 secs] [Times: user=0.00 sys=0.00, real=0.00 secs] 
53.963: [GC (Allocation Failure) [PSYoungGen: 323648K->32K(310784K)] 325476K->1860K(485888K), 0.0005108 secs] [Times: user=0.00 sys=0.00, real=0.00 secs] 
54.012: [GC (Allocation Failure) [PSYoungGen: 310304K->96K(297984K)] 312132K->1924K(473088K), 0.0005310 secs] [Times: user=0.00 sys=0.00, real=0.00 secs] 
54.060: [GC (Allocation Failure) [PSYoungGen: 297568K->96K(286208K)] 299396K->1924K(461312K), 0.0005409 secs] [Times: user=0.01 sys=0.00, real=0.00 secs] 
54.105: [GC (Allocation Failure) [PSYoungGen: 285792K->96K(274944K)] 287620K->1924K(450048K), 0.0005777 secs] [Times: user=0.00 sys=0.00, real=0.01 secs] 
54.148: [GC (Allocation Failure) [PSYoungGen: 274528K->96K(330240K)] 276356K->1924K(505344K), 0.0005327 secs] [Times: user=0.00 sys=0.00, real=0.00 secs] 
54.200: [GC (Allocation Failure) [PSYoungGen: 329824K->64K(396288K)] 331652K->1892K(571392K), 0.0007768 secs] [Times: user=0.00 sys=0.00, real=0.00 secs] 
54.262: [GC (Allocation Failure) [PSYoungGen: 395840K->96K(475648K)] 397668K->1924K(650752K), 0.0005351 secs] [Times: user=0.00 sys=0.00, real=0.00 secs] 
54.336: [GC (Allocation Failure) [PSYoungGen: 475232K->64K(455168K)] 477060K->1892K(630272K), 0.0005425 secs] [Times: user=0.00 sys=0.00, real=0.00 secs] 
54.407: [GC (Allocation Failure) [PSYoungGen: 454720K->96K(435712K)] 456548K->1924K(610816K), 0.0005852 secs] [Times: user=0.01 sys=0.00, real=0.00 secs] 
54.477: [GC (Allocation Failure) [PSYoungGen: 435296K->96K(417280K)] 437124K->1924K(592384K), 0.0005388 secs] [Times: user=0.01 sys=0.00, real=0.00 secs] 
54.542: [GC (Allocation Failure) [PSYoungGen: 416864K->96K(399360K)] 418692K->1924K(574464K), 0.0005440 secs] [Times: user=0.00 sys=0.00, real=0.00 secs] 
54.604: [GC (Allocation Failure) [PSYoungGen: 398944K->96K(382464K)] 400772K->1924K(557568K), 0.0005314 secs] [Times: user=0.00 sys=0.00, real=0.00 secs] 
54.664: [GC (Allocation Failure) [PSYoungGen: 382048K->96K(366592K)] 383876K->1924K(541696K), 0.0007064 secs] [Times: user=0.00 sys=0.00, real=0.00 secs] 
54.721: [GC (Allocation Failure) [PSYoungGen: 366176K->64K(351232K)] 368004K->1892K(526336K), 0.0005469 secs] [Times: user=0.00 sys=0.00, real=0.00 secs] 
54.776: [GC (Allocation Failure) [PSYoungGen: 350784K->96K(336896K)] 352612K->1924K(512000K), 0.0005756 secs] [Times: user=0.01 sys=0.00, real=0.00 secs] 
54.828: [GC (Allocation Failure) [PSYoungGen: 336480K->96K(323072K)] 338308K->1924K(498176K), 0.0005332 secs] [Times: user=0.00 sys=0.00, real=0.00 secs] 
54.879: [GC (Allocation Failure) [PSYoungGen: 322656K->96K(309760K)] 324484K->1924K(484864K), 0.0005463 secs] [Times: user=0.00 sys=0.00, real=0.00 secs] 
54.928: [GC (Allocation Failure) [PSYoungGen: 309344K->96K(297472K)] 311172K->1924K(472576K), 0.0005384 secs] [Times: user=0.00 sys=0.00, real=0.00 secs] 
54.973: [GC (Allocation Failure) [PSYoungGen: 297056K->96K(285696K)] 298884K->1924K(460800K), 0.0005291 secs] [Times: user=0.00 sys=0.00, real=0.00 secs] 
55.017: [GC (Allocation Failure) [PSYoungGen: 285280K->32K(274432K)] 287108K->1860K(449536K), 0.0005163 secs] [Times: user=0.00 sys=0.00, real=0.00 secs] 
55.059: [GC (Allocation Failure) [PSYoungGen: 273952K->64K(329216K)] 275780K->1892K(504320K), 0.0005385 secs] [Times: user=0.00 sys=0.00, real=0.00 secs] 
55.109: [GC (Allocation Failure) [PSYoungGen: 328768K->32K(395264K)] 330596K->1860K(570368K), 0.0005303 secs] [Times: user=0.00 sys=0.00, real=0.00 secs] 
55.169: [GC (Allocation Failure) [PSYoungGen: 394784K->32K(378368K)] 396612K->1860K(553472K), 0.0005740 secs] [Times: user=0.00 sys=0.00, real=0.00 secs] 
55.227: [GC (Allocation Failure) [PSYoungGen: 377888K->32K(362496K)] 379716K->1860K(537600K), 0.0005085 secs] [Times: user=0.00 sys=0.00, real=0.00 secs] 
55.282: [GC (Allocation Failure) [PSYoungGen: 362016K->32K(347648K)] 363844K->1860K(522752K), 0.0005196 secs] [Times: user=0.01 sys=0.00, real=0.00 secs] 
55.335: [GC (Allocation Failure) [PSYoungGen: 347168K->64K(333312K)] 348996K->1892K(508416K), 0.0005243 secs] [Times: user=0.00 sys=0.00, real=0.00 secs] 
55.386: [GC (Allocation Failure) [PSYoungGen: 332864K->32K(319488K)] 334692K->1860K(494592K), 0.0005988 secs] [Times: user=0.00 sys=0.00, real=0.00 secs] 
55.436: [GC (Allocation Failure) [PSYoungGen: 319008K->96K(306688K)] 320836K->1924K(481792K), 0.0005175 secs] [Times: user=0.00 sys=0.00, real=0.00 secs] 
55.484: [GC (Allocation Failure) [PSYoungGen: 306272K->96K(294400K)] 308100K->1924K(469504K), 0.0005392 secs] [Times: user=0.00 sys=0.00, real=0.00 secs] 
55.531: [GC (Allocation Failure) [PSYoungGen: 293984K->32K(282624K)] 295812K->1860K(457728K), 0.0005967 secs] [Times: user=0.01 sys=0.00, real=0.00 secs] 
55.576: [GC (Allocation Failure) [PSYoungGen: 282144K->32K(339456K)] 283972K->1860K(514560K), 0.0005555 secs] [Times: user=0.00 sys=0.00, real=0.00 secs] 
55.627: [GC (Allocation Failure) [PSYoungGen: 338976K->96K(325632K)] 340804K->1924K(500736K), 0.0005351 secs] [Times: user=0.00 sys=0.00, real=0.00 secs] 
55.677: [GC (Allocation Failure) [PSYoungGen: 325216K->32K(312320K)] 327044K->1860K(487424K), 0.0005104 secs] [Times: user=0.00 sys=0.00, real=0.00 secs] 
55.725: [GC (Allocation Failure) [PSYoungGen: 311840K->32K(299520K)] 313668K->1860K(474624K), 0.0005562 secs] [Times: user=0.00 sys=0.01, real=0.00 secs] 
55.771: [GC (Allocation Failure) [PSYoungGen: 299040K->96K(359424K)] 300868K->1924K(534528K), 0.0005586 secs] [Times: user=0.00 sys=0.00, real=0.00 secs] 
55.826: [GC (Allocation Failure) [PSYoungGen: 359008K->128K(344576K)] 360836K->1956K(519680K), 0.0005647 secs] [Times: user=0.00 sys=0.00, real=0.00 secs] 
55.878: [GC (Allocation Failure) [PSYoungGen: 344192K->32K(330240K)] 346020K->1860K(505344K), 0.0005107 secs] [Times: user=0.00 sys=0.00, real=0.00 secs] 
55.929: [GC (Allocation Failure) [PSYoungGen: 329760K->96K(316928K)] 331588K->1924K(492032K), 0.0005570 secs] [Times: user=0.00 sys=0.00, real=0.00 secs] 
55.977: [GC (Allocation Failure) [PSYoungGen: 316512K->96K(304128K)] 318340K->1924K(479232K), 0.0005261 secs] [Times: user=0.01 sys=0.00, real=0.00 secs] 
56.023: [GC (Allocation Failure) [PSYoungGen: 303712K->64K(291840K)] 305540K->1892K(466944K), 0.0005200 secs] [Times: user=0.00 sys=0.00, real=0.00 secs] 
56.068: [GC (Allocation Failure) [PSYoungGen: 291392K->64K(350208K)] 293220K->1892K(525312K), 0.0005760 secs] [Times: user=0.00 sys=0.00, real=0.00 secs] 
56.122: [GC (Allocation Failure) [PSYoungGen: 349760K->32K(335872K)] 351588K->1860K(510976K), 0.0005695 secs] [Times: user=0.00 sys=0.00, real=0.00 secs] 
56.176: [GC (Allocation Failure) [PSYoungGen: 335392K->96K(322048K)] 337220K->1924K(497152K), 0.0005335 secs] [Times: user=0.01 sys=0.00, real=0.00 secs] 
56.227: [GC (Allocation Failure) [PSYoungGen: 321632K->32K(308736K)] 323460K->1860K(483840K), 0.0005311 secs] [Times: user=0.00 sys=0.00, real=0.00 secs] 
56.274: [GC (Allocation Failure) [PSYoungGen: 308256K->32K(370688K)] 310084K->1860K(545792K), 0.0006035 secs] [Times: user=0.01 sys=0.00, real=0.00 secs] 
56.332: [GC (Allocation Failure) [PSYoungGen: 370208K->64K(355328K)] 372036K->1892K(530432K), 0.0006316 secs] [Times: user=0.00 sys=0.00, real=0.00 secs] 
56.386: [GC (Allocation Failure) [PSYoungGen: 354880K->96K(340480K)] 356708K->1924K(515584K), 0.0005350 secs] [Times: user=0.00 sys=0.00, real=0.00 secs] 
56.440: [GC (Allocation Failure) [PSYoungGen: 340064K->32K(326656K)] 341892K->1860K(501760K), 0.0005192 secs] [Times: user=0.00 sys=0.00, real=0.00 secs] 
56.490: [GC (Allocation Failure) [PSYoungGen: 326176K->32K(313344K)] 328004K->1860K(488448K), 0.0005203 secs] [Times: user=0.00 sys=0.00, real=0.00 secs] 
56.538: [GC (Allocation Failure) [PSYoungGen: 312864K->32K(300544K)] 314692K->1860K(475648K), 0.0005177 secs] [Times: user=0.00 sys=0.00, real=0.00 secs] 
56.584: [GC (Allocation Failure) [PSYoungGen: 300064K->64K(288256K)] 301892K->1892K(463360K), 0.0005299 secs] [Times: user=0.00 sys=0.00, real=0.00 secs] 
56.628: [GC (Allocation Failure) [PSYoungGen: 287808K->96K(276992K)] 289636K->1924K(452096K), 0.0005164 secs] [Times: user=0.00 sys=0.00, real=0.00 secs] 
56.671: [GC (Allocation Failure) [PSYoungGen: 276576K->96K(332288K)] 278404K->1924K(507392K), 0.0005239 secs] [Times: user=0.00 sys=0.00, real=0.00 secs] 
56.722: [GC (Allocation Failure) [PSYoungGen: 331872K->96K(398848K)] 333700K->1924K(573952K), 0.0005840 secs] [Times: user=0.00 sys=0.00, real=0.00 secs] 
56.783: [GC (Allocation Failure) [PSYoungGen: 398432K->96K(381952K)] 400260K->1924K(557056K), 0.0005223 secs] [Times: user=0.00 sys=0.00, real=0.00 secs] 
56.843: [GC (Allocation Failure) [PSYoungGen: 381536K->96K(366080K)] 383364K->1924K(541184K), 0.0005178 secs] [Times: user=0.01 sys=0.00, real=0.00 secs] 
56.900: [GC (Allocation Failure) [PSYoungGen: 365664K->32K(350720K)] 367492K->1860K(525824K), 0.0005268 secs] [Times: user=0.00 sys=0.00, real=0.00 secs] 
56.954: [GC (Allocation Failure) [PSYoungGen: 350240K->96K(336384K)] 352068K->1924K(511488K), 0.0005232 secs] [Times: user=0.00 sys=0.00, real=0.00 secs] 
57.005: [GC (Allocation Failure) [PSYoungGen: 335968K->96K(322560K)] 337796K->1924K(497664K), 0.0005639 secs] [Times: user=0.00 sys=0.00, real=0.01 secs] 
57.055: [GC (Allocation Failure) [PSYoungGen: 322144K->32K(309248K)] 323972K->1860K(484352K), 0.0005162 secs] [Times: user=0.00 sys=0.00, real=0.00 secs] 
57.103: [GC (Allocation Failure) [PSYoungGen: 308768K->64K(296960K)] 310596K->1892K(472064K), 0.0005498 secs] [Times: user=0.00 sys=0.00, real=0.00 secs] 
57.148: [GC (Allocation Failure) [PSYoungGen: 296512K->64K(356352K)] 298340K->1892K(531456K), 0.0007298 secs] [Times: user=0.00 sys=0.00, real=0.00 secs] 
57.203: [GC (Allocation Failure) [PSYoungGen: 355904K->64K(427520K)] 357732K->1892K(602624K), 0.0005405 secs] [Times: user=0.00 sys=0.00, real=0.00 secs] 
57.268: [GC (Allocation Failure) [PSYoungGen: 427072K->96K(409088K)] 428900K->1924K(584192K), 0.0005136 secs] [Times: user=0.00 sys=0.00, real=0.00 secs] 
57.332: [GC (Allocation Failure) [PSYoungGen: 408672K->96K(391680K)] 410500K->1924K(566784K), 0.0005175 secs] [Times: user=0.01 sys=0.00, real=0.00 secs] 
57.393: [GC (Allocation Failure) [PSYoungGen: 391264K->96K(375296K)] 393092K->1924K(550400K), 0.0005460 secs] [Times: user=0.00 sys=0.00, real=0.00 secs] 
57.454: [GC (Allocation Failure) [PSYoungGen: 374880K->32K(359424K)] 376708K->1860K(534528K), 0.0005801 secs] [Times: user=0.00 sys=0.00, real=0.00 secs] 
57.510: [GC (Allocation Failure) [PSYoungGen: 358944K->128K(344576K)] 360772K->1956K(519680K), 0.0005482 secs] [Times: user=0.01 sys=0.00, real=0.00 secs] 
57.563: [GC (Allocation Failure) [PSYoungGen: 344192K->96K(330240K)] 346020K->1924K(505344K), 0.0005314 secs] [Times: user=0.00 sys=0.00, real=0.00 secs] 
57.614: [GC (Allocation Failure) [PSYoungGen: 329824K->32K(316928K)] 331652K->1860K(492032K), 0.0007150 secs] [Times: user=0.00 sys=0.00, real=0.00 secs] 
57.665: [GC (Allocation Failure) [PSYoungGen: 316448K->96K(304128K)] 318276K->1924K(479232K), 0.0005633 secs] [Times: user=0.00 sys=0.00, real=0.00 secs] 
57.713: [GC (Allocation Failure) [PSYoungGen: 303712K->96K(365056K)] 305540K->1924K(540160K), 0.0005782 secs] [Times: user=0.00 sys=0.00, real=0.00 secs] 
57.771: [GC (Allocation Failure) [PSYoungGen: 364640K->96K(349696K)] 366468K->1924K(524800K), 0.0005655 secs] [Times: user=0.00 sys=0.00, real=0.00 secs] 
57.827: [GC (Allocation Failure) [PSYoungGen: 349280K->32K(335360K)] 351108K->1860K(510464K), 0.0005223 secs] [Times: user=0.00 sys=0.00, real=0.00 secs] 
57.878: [GC (Allocation Failure) [PSYoungGen: 334880K->64K(321536K)] 336708K->1892K(496640K), 0.0005317 secs] [Times: user=0.00 sys=0.00, real=0.00 secs] 
57.927: [GC (Allocation Failure) [PSYoungGen: 321088K->96K(308224K)] 322916K->1924K(483328K), 0.0006146 secs] [Times: user=0.01 sys=0.00, real=0.00 secs] 
57.974: [GC (Allocation Failure) [PSYoungGen: 307808K->96K(370176K)] 309636K->1924K(545280K), 0.0005510 secs] [Times: user=0.00 sys=0.00, real=0.00 secs] 
58.031: [GC (Allocation Failure) [PSYoungGen: 369760K->64K(354816K)] 371588K->1892K(529920K), 0.0005202 secs] [Times: user=0.00 sys=0.00, real=0.00 secs] 
58.086: [GC (Allocation Failure) [PSYoungGen: 354368K->32K(339968K)] 356196K->1860K(515072K), 0.0005588 secs] [Times: user=0.01 sys=0.00, real=0.00 secs] 
58.139: [GC (Allocation Failure) [PSYoungGen: 339488K->96K(326144K)] 341316K->1924K(501248K), 0.0005342 secs] [Times: user=0.00 sys=0.00, real=0.00 secs] 
58.189: [GC (Allocation Failure) [PSYoungGen: 325728K->96K(312832K)] 327556K->1924K(487936K), 0.0005698 secs] [Times: user=0.00 sys=0.00, real=0.00 secs] 
58.237: [GC (Allocation Failure) [PSYoungGen: 312416K->96K(300032K)] 314244K->1924K(475136K), 0.0005132 secs] [Times: user=0.00 sys=0.00, real=0.00 secs] 
58.284: [GC (Allocation Failure) [PSYoungGen: 299616K->96K(288256K)] 301444K->1924K(463360K), 0.0005444 secs] [Times: user=0.01 sys=0.00, real=0.00 secs] 
58.330: [GC (Allocation Failure) [PSYoungGen: 287840K->64K(276992K)] 289668K->1892K(452096K), 0.0005474 secs] [Times: user=0.00 sys=0.00, real=0.00 secs] 
58.375: [GC (Allocation Failure) [PSYoungGen: 276544K->96K(332288K)] 278372K->1924K(507392K), 0.0005470 secs] [Times: user=0.00 sys=0.00, real=0.00 secs] 
58.429: [GC (Allocation Failure) [PSYoungGen: 331872K->96K(318464K)] 333700K->1924K(493568K), 0.0005585 secs] [Times: user=0.00 sys=0.00, real=0.00 secs] 
58.479: [GC (Allocation Failure) [PSYoungGen: 318048K->32K(305664K)] 319876K->1860K(480768K), 0.0005563 secs] [Times: user=0.00 sys=0.00, real=0.00 secs] 
58.526: [GC (Allocation Failure) [PSYoungGen: 305184K->96K(367104K)] 307012K->1924K(542208K), 0.0005661 secs] [Times: user=0.00 sys=0.00, real=0.00 secs] 
58.583: [GC (Allocation Failure) [PSYoungGen: 366688K->64K(351744K)] 368516K->1892K(526848K), 0.0005267 secs] [Times: user=0.01 sys=0.00, real=0.00 secs] 
58.636: [GC (Allocation Failure) [PSYoungGen: 351296K->32K(337408K)] 353124K->1860K(512512K), 0.0005062 secs] [Times: user=0.00 sys=0.00, real=0.00 secs] 
58.688: [GC (Allocation Failure) [PSYoungGen: 336928K->96K(323584K)] 338756K->1924K(498688K), 0.0005297 secs] [Times: user=0.00 sys=0.00, real=0.00 secs] 
58.737: [GC (Allocation Failure) [PSYoungGen: 323168K->32K(310272K)] 324996K->1860K(485376K), 0.0005558 secs] [Times: user=0.00 sys=0.00, real=0.00 secs] 
58.785: [GC (Allocation Failure) [PSYoungGen: 309792K->96K(297984K)] 311620K->1924K(473088K), 0.0005388 secs] [Times: user=0.00 sys=0.00, real=0.00 secs] 
58.832: [GC (Allocation Failure) [PSYoungGen: 297568K->96K(286208K)] 299396K->1924K(461312K), 0.0005157 secs] [Times: user=0.01 sys=0.00, real=0.00 secs] 
58.876: [GC (Allocation Failure) [PSYoungGen: 285792K->96K(343552K)] 287620K->1924K(518656K), 0.0005360 secs] [Times: user=0.00 sys=0.00, real=0.01 secs] 
58.928: [GC (Allocation Failure) [PSYoungGen: 343136K->64K(329216K)] 344964K->1892K(504320K), 0.0005146 secs] [Times: user=0.00 sys=0.00, real=0.00 secs] 
58.979: [GC (Allocation Failure) [PSYoungGen: 328768K->64K(395264K)] 330596K->1892K(570368K), 0.0010168 secs] [Times: user=0.00 sys=0.00, real=0.00 secs] 
59.041: [GC (Allocation Failure) [PSYoungGen: 394816K->64K(474624K)] 396644K->1892K(649728K), 0.0005289 secs] [Times: user=0.00 sys=0.00, real=0.00 secs] 
59.114: [GC (Allocation Failure) [PSYoungGen: 474176K->32K(454144K)] 476004K->1860K(629248K), 0.0005195 secs] [Times: user=0.00 sys=0.00, real=0.00 secs] 
59.184: [GC (Allocation Failure) [PSYoungGen: 453664K->96K(434688K)] 455492K->1924K(609792K), 0.0005623 secs] [Times: user=0.00 sys=0.00, real=0.00 secs] 
59.251: [GC (Allocation Failure) [PSYoungGen: 434272K->32K(416256K)] 436100K->1860K(591360K), 0.0005305 secs] [Times: user=0.00 sys=0.00, real=0.00 secs] 
59.314: [GC (Allocation Failure) [PSYoungGen: 415776K->32K(398336K)] 417604K->1860K(573440K), 0.0005588 secs] [Times: user=0.00 sys=0.00, real=0.00 secs] 
59.376: [GC (Allocation Failure) [PSYoungGen: 397856K->32K(381440K)] 399684K->1860K(556544K), 0.0005205 secs] [Times: user=0.00 sys=0.00, real=0.00 secs] 
59.436: [GC (Allocation Failure) [PSYoungGen: 380960K->96K(365568K)] 382788K->1924K(540672K), 0.0005223 secs] [Times: user=0.00 sys=0.00, real=0.00 secs] 
59.492: [GC (Allocation Failure) [PSYoungGen: 365152K->96K(350208K)] 366980K->1924K(525312K), 0.0005894 secs] [Times: user=0.00 sys=0.00, real=0.00 secs] 
59.546: [GC (Allocation Failure) [PSYoungGen: 349792K->96K(335872K)] 351620K->1924K(510976K), 0.0005229 secs] [Times: user=0.00 sys=0.00, real=0.00 secs] 
59.597: [GC (Allocation Failure) [PSYoungGen: 335456K->96K(322048K)] 337284K->1924K(497152K), 0.0006435 secs] [Times: user=0.00 sys=0.00, real=0.00 secs] 
59.647: [GC (Allocation Failure) [PSYoungGen: 321632K->32K(308736K)] 323460K->1860K(483840K), 0.0005141 secs] [Times: user=0.00 sys=0.00, real=0.00 secs] 
59.695: [GC (Allocation Failure) [PSYoungGen: 308256K->96K(296448K)] 310084K->1924K(471552K), 0.0005299 secs] [Times: user=0.00 sys=0.00, real=0.01 secs] 
59.740: [GC (Allocation Failure) [PSYoungGen: 296032K->96K(284672K)] 297860K->1924K(459776K), 0.0005670 secs] [Times: user=0.00 sys=0.00, real=0.00 secs] 
59.784: [GC (Allocation Failure) [PSYoungGen: 284256K->32K(341504K)] 286084K->1860K(516608K), 0.0005177 secs] [Times: user=0.00 sys=0.00, real=0.00 secs] 
59.836: [GC (Allocation Failure) [PSYoungGen: 341024K->96K(327680K)] 342852K->1924K(502784K), 0.0005222 secs] [Times: user=0.01 sys=0.00, real=0.00 secs] 
59.886: [GC (Allocation Failure) [PSYoungGen: 327264K->32K(314368K)] 329092K->1860K(489472K), 0.0005140 secs] [Times: user=0.01 sys=0.00, real=0.00 secs] 
59.935: [GC (Allocation Failure) [PSYoungGen: 313888K->96K(301568K)] 315716K->1924K(476672K), 0.0005241 secs] [Times: user=0.00 sys=0.00, real=0.00 secs] 
59.981: [GC (Allocation Failure) [PSYoungGen: 301152K->64K(289280K)] 302980K->1892K(464384K), 0.0005128 secs] [Times: user=0.00 sys=0.00, real=0.00 secs] 
60.025: [GC (Allocation Failure) [PSYoungGen: 288832K->96K(278016K)] 290660K->1924K(453120K), 0.0005245 secs] [Times: user=0.01 sys=0.00, real=0.00 secs] 
60.068: [GC (Allocation Failure) [PSYoungGen: 277600K->96K(333824K)] 279428K->1924K(508928K), 0.0005621 secs] [Times: user=0.00 sys=0.00, real=0.00 secs] 
60.122: [GC (Allocation Failure) [PSYoungGen: 333406K->32K(320000K)] 335234K->1860K(495104K), 0.0005179 secs] [Times: user=0.00 sys=0.00, real=0.00 secs] 
60.171: [GC (Allocation Failure) [PSYoungGen: 319520K->96K(307200K)] 321348K->1924K(482304K), 0.0005169 secs] [Times: user=0.00 sys=0.00, real=0.00 secs] 
60.219: [GC (Allocation Failure) [PSYoungGen: 306784K->32K(368640K)] 308612K->1860K(543744K), 0.0010496 secs] [Times: user=0.00 sys=0.00, real=0.00 secs] 
60.278: [GC (Allocation Failure) [PSYoungGen: 368160K->64K(442368K)] 369988K->1892K(617472K), 0.0005772 secs] [Times: user=0.00 sys=0.00, real=0.00 secs] 
60.351: [GC (Allocation Failure) [PSYoungGen: 441920K->160K(530944K)] 443748K->1988K(706048K), 0.0005318 secs] [Times: user=0.01 sys=0.00, real=0.00 secs] 
60.435: [GC (Allocation Failure) [PSYoungGen: 530592K->96K(507392K)] 532420K->1956K(682496K), 0.0005448 secs] [Times: user=0.00 sys=0.00, real=0.00 secs] 
60.512: [GC (Allocation Failure) [PSYoungGen: 506976K->32K(485376K)] 508836K->1892K(660480K), 0.0005255 secs] [Times: user=0.00 sys=0.00, real=0.00 secs] 
60.587: [GC (Allocation Failure) [PSYoungGen: 484896K->96K(464384K)] 486756K->1956K(639488K), 0.0005364 secs] [Times: user=0.00 sys=0.00, real=0.00 secs] 
60.657: [GC (Allocation Failure) [PSYoungGen: 463968K->96K(444416K)] 465828K->1956K(619520K), 0.0005425 secs] [Times: user=0.00 sys=0.00, real=0.00 secs] 
60.725: [GC (Allocation Failure) [PSYoungGen: 444000K->96K(425472K)] 445860K->1956K(600576K), 0.0005904 secs] [Times: user=0.00 sys=0.00, real=0.00 secs] 
60.789: [GC (Allocation Failure) [PSYoungGen: 425056K->96K(407552K)] 426916K->1956K(582656K), 0.0010691 secs] [Times: user=0.00 sys=0.00, real=0.00 secs] 
60.852: [GC (Allocation Failure) [PSYoungGen: 407136K->96K(390144K)] 408996K->1956K(565248K), 0.0005174 secs] [Times: user=0.00 sys=0.00, real=0.00 secs] 
60.912: [GC (Allocation Failure) [PSYoungGen: 389728K->96K(373760K)] 391588K->1956K(548864K), 0.0005457 secs] [Times: user=0.00 sys=0.00, real=0.00 secs] 
60.969: [GC (Allocation Failure) [PSYoungGen: 373344K->96K(357888K)] 375204K->1956K(532992K), 0.0005288 secs] [Times: user=0.00 sys=0.00, real=0.00 secs] 
61.023: [GC (Allocation Failure) [PSYoungGen: 357472K->64K(343040K)] 359332K->1924K(518144K), 0.0005286 secs] [Times: user=0.00 sys=0.00, real=0.00 secs] 
61.076: [GC (Allocation Failure) [PSYoungGen: 342592K->32K(328704K)] 344452K->1892K(503808K), 0.0005114 secs] [Times: user=0.01 sys=0.00, real=0.00 secs] 
61.126: [GC (Allocation Failure) [PSYoungGen: 328224K->32K(315392K)] 330084K->1892K(490496K), 0.0005614 secs] [Times: user=0.01 sys=0.00, real=0.00 secs] 
61.174: [GC (Allocation Failure) [PSYoungGen: 314912K->96K(302592K)] 316772K->1956K(477696K), 0.0005200 secs] [Times: user=0.00 sys=0.00, real=0.00 secs] 
61.222: [GC (Allocation Failure) [PSYoungGen: 302176K->96K(290304K)] 304036K->1956K(465408K), 0.0005363 secs] [Times: user=0.00 sys=0.00, real=0.00 secs] 
61.268: [GC (Allocation Failure) [PSYoungGen: 289888K->96K(278528K)] 291748K->1956K(453632K), 0.0005450 secs] [Times: user=0.00 sys=0.00, real=0.00 secs] 
61.311: [GC (Allocation Failure) [PSYoungGen: 278112K->96K(334336K)] 279972K->1956K(509440K), 0.0005283 secs] [Times: user=0.00 sys=0.00, real=0.00 secs] 
61.362: [GC (Allocation Failure) [PSYoungGen: 333920K->96K(401408K)] 335780K->1956K(576512K), 0.0006022 secs] [Times: user=0.00 sys=0.00, real=0.00 secs] 
61.423: [GC (Allocation Failure) [PSYoungGen: 400992K->64K(384512K)] 402852K->1924K(559616K), 0.0006284 secs] [Times: user=0.01 sys=0.00, real=0.00 secs] 
61.483: [GC (Allocation Failure) [PSYoungGen: 384064K->96K(368128K)] 385924K->1956K(543232K), 0.0005783 secs] [Times: user=0.01 sys=0.00, real=0.00 secs] 
61.541: [GC (Allocation Failure) [PSYoungGen: 367712K->32K(352768K)] 369572K->1892K(527872K), 0.0005281 secs] [Times: user=0.00 sys=0.00, real=0.00 secs] 
61.595: [GC (Allocation Failure) [PSYoungGen: 352288K->96K(337920K)] 354148K->1956K(513024K), 0.0005138 secs] [Times: user=0.00 sys=0.00, real=0.01 secs] 
61.646: [GC (Allocation Failure) [PSYoungGen: 337504K->96K(324096K)] 339364K->1956K(499200K), 0.0005373 secs] [Times: user=0.00 sys=0.00, real=0.00 secs] 
61.696: [GC (Allocation Failure) [PSYoungGen: 323680K->64K(310784K)] 325540K->1924K(485888K), 0.0005878 secs] [Times: user=0.00 sys=0.00, real=0.00 secs] 
61.743: [GC (Allocation Failure) [PSYoungGen: 310336K->96K(297984K)] 312196K->1956K(473088K), 0.0005249 secs] [Times: user=0.00 sys=0.00, real=0.00 secs] 
61.788: [GC (Allocation Failure) [PSYoungGen: 297568K->96K(286208K)] 299428K->1956K(461312K), 0.0005544 secs] [Times: user=0.00 sys=0.00, real=0.00 secs] 
61.832: [GC (Allocation Failure) [PSYoungGen: 285792K->96K(343552K)] 287652K->1956K(518656K), 0.0005283 secs] [Times: user=0.00 sys=0.00, real=0.00 secs] 
61.885: [GC (Allocation Failure) [PSYoungGen: 343136K->96K(329216K)] 344996K->1956K(504320K), 0.0005329 secs] [Times: user=0.00 sys=0.00, real=0.00 secs] 
61.936: [GC (Allocation Failure) [PSYoungGen: 328800K->32K(315904K)] 330660K->1892K(491008K), 0.0005421 secs] [Times: user=0.00 sys=0.00, real=0.00 secs] 
61.985: [GC (Allocation Failure) [PSYoungGen: 315424K->64K(303104K)] 317284K->1924K(478208K), 0.0005823 secs] [Times: user=0.00 sys=0.00, real=0.00 secs] 
62.031: [GC (Allocation Failure) [PSYoungGen: 302656K->64K(364032K)] 304516K->1924K(539136K), 0.0005399 secs] [Times: user=0.00 sys=0.01, real=0.00 secs] 
62.086: [GC (Allocation Failure) [PSYoungGen: 363584K->32K(348672K)] 365444K->1892K(523776K), 0.0005276 secs] [Times: user=0.00 sys=0.00, real=0.00 secs] 
62.139: [GC (Allocation Failure) [PSYoungGen: 348192K->64K(334336K)] 350052K->1924K(509440K), 0.0005426 secs] [Times: user=0.00 sys=0.00, real=0.00 secs] 
62.190: [GC (Allocation Failure) [PSYoungGen: 333888K->96K(320512K)] 335748K->1956K(495616K), 0.0005214 secs] [Times: user=0.00 sys=0.00, real=0.00 secs] 
62.239: [GC (Allocation Failure) [PSYoungGen: 320096K->32K(307712K)] 321956K->1892K(482816K), 0.0005184 secs] [Times: user=0.00 sys=0.00, real=0.00 secs] 
62.286: [GC (Allocation Failure) [PSYoungGen: 307232K->32K(295424K)] 309092K->1892K(470528K), 0.0005257 secs] [Times: user=0.00 sys=0.00, real=0.00 secs] 
62.331: [GC (Allocation Failure) [PSYoungGen: 294944K->64K(283648K)] 296804K->1924K(458752K), 0.0005141 secs] [Times: user=0.00 sys=0.00, real=0.00 secs] 
62.374: [GC (Allocation Failure) [PSYoungGen: 283200K->64K(340480K)] 285060K->1924K(515584K), 0.0005992 secs] [Times: user=0.00 sys=0.00, real=0.00 secs] 
62.429: [GC (Allocation Failure) [PSYoungGen: 340032K->96K(326656K)] 341892K->1956K(501760K), 0.0005428 secs] [Times: user=0.00 sys=0.00, real=0.00 secs] 
62.479: [GC (Allocation Failure) [PSYoungGen: 326240K->96K(313344K)] 328100K->1956K(488448K), 0.0005421 secs] [Times: user=0.00 sys=0.00, real=0.00 secs] 
62.529: [GC (Allocation Failure) [PSYoungGen: 312928K->32K(376320K)] 314788K->1892K(551424K), 0.0005687 secs] [Times: user=0.00 sys=0.00, real=0.00 secs] 
62.587: [GC (Allocation Failure) [PSYoungGen: 375840K->96K(360448K)] 377700K->1956K(535552K), 0.0005740 secs] [Times: user=0.00 sys=0.00, real=0.00 secs] 
62.643: [GC (Allocation Failure) [PSYoungGen: 360032K->96K(345600K)] 361892K->1956K(520704K), 0.0005785 secs] [Times: user=0.00 sys=0.00, real=0.00 secs] 
62.696: [GC (Allocation Failure) [PSYoungGen: 345184K->96K(331264K)] 347044K->1956K(506368K), 0.0005165 secs] [Times: user=0.00 sys=0.00, real=0.00 secs] 
62.748: [GC (Allocation Failure) [PSYoungGen: 330848K->96K(317952K)] 332708K->1956K(493056K), 0.0005216 secs] [Times: user=0.00 sys=0.00, real=0.00 secs] 
62.796: [GC (Allocation Failure) [PSYoungGen: 317536K->64K(305152K)] 319396K->1924K(480256K), 0.0005896 secs] [Times: user=0.00 sys=0.00, real=0.00 secs] 
62.843: [GC (Allocation Failure) [PSYoungGen: 304704K->64K(292864K)] 306564K->1924K(467968K), 0.0005525 secs] [Times: user=0.00 sys=0.00, real=0.00 secs] 
62.888: [GC (Allocation Failure) [PSYoungGen: 292416K->96K(351744K)] 294276K->1956K(526848K), 0.0005267 secs] [Times: user=0.00 sys=0.00, real=0.00 secs] 
62.943: [GC (Allocation Failure) [PSYoungGen: 351328K->64K(337408K)] 353188K->1924K(512512K), 0.0005297 secs] [Times: user=0.00 sys=0.00, real=0.00 secs] 
62.994: [GC (Allocation Failure) [PSYoungGen: 336960K->96K(323584K)] 338820K->1956K(498688K), 0.0005641 secs] [Times: user=0.00 sys=0.00, real=0.00 secs] 
63.043: [GC (Allocation Failure) [PSYoungGen: 323168K->64K(310272K)] 325028K->1924K(485376K), 0.0005210 secs] [Times: user=0.00 sys=0.00, real=0.00 secs] 
63.091: [GC (Allocation Failure) [PSYoungGen: 309824K->96K(297984K)] 311684K->1956K(473088K), 0.0005221 secs] [Times: user=0.00 sys=0.00, real=0.00 secs] 
63.137: [GC (Allocation Failure) [PSYoungGen: 297568K->96K(286208K)] 299428K->1956K(461312K), 0.0005250 secs] [Times: user=0.00 sys=0.00, real=0.00 secs] 
63.181: [GC (Allocation Failure) [PSYoungGen: 285792K->32K(274944K)] 287652K->1892K(450048K), 0.0005195 secs] [Times: user=0.01 sys=0.00, real=0.00 secs] 
63.225: [GC (Allocation Failure) [PSYoungGen: 274464K->32K(330240K)] 276324K->1892K(505344K), 0.0005423 secs] [Times: user=0.00 sys=0.00, real=0.00 secs] 
63.276: [GC (Allocation Failure) [PSYoungGen: 329760K->32K(396288K)] 331620K->1892K(571392K), 0.0005421 secs] [Times: user=0.00 sys=0.00, real=0.00 secs] 
63.339: [GC (Allocation Failure) [PSYoungGen: 395808K->32K(379392K)] 397668K->1892K(554496K), 0.0005299 secs] [Times: user=0.00 sys=0.00, real=0.00 secs] 
63.398: [GC (Allocation Failure) [PSYoungGen: 378912K->32K(363520K)] 380772K->1892K(538624K), 0.0005430 secs] [Times: user=0.00 sys=0.00, real=0.00 secs] 
63.456: [GC (Allocation Failure) [PSYoungGen: 363040K->96K(348160K)] 364900K->1956K(523264K), 0.0005498 secs] [Times: user=0.00 sys=0.00, real=0.00 secs] 
63.511: [GC (Allocation Failure) [PSYoungGen: 347744K->96K(333824K)] 349604K->1956K(508928K), 0.0005274 secs] [Times: user=0.00 sys=0.00, real=0.00 secs] 
63.563: [GC (Allocation Failure) [PSYoungGen: 333408K->96K(320000K)] 335268K->1956K(495104K), 0.0005834 secs] [Times: user=0.00 sys=0.00, real=0.00 secs] 
63.613: [GC (Allocation Failure) [PSYoungGen: 319584K->32K(307200K)] 321444K->1892K(482304K), 0.0005498 secs] [Times: user=0.00 sys=0.00, real=0.00 secs] 
63.662: [GC (Allocation Failure) [PSYoungGen: 306720K->32K(294912K)] 308580K->1892K(470016K), 0.0022714 secs] [Times: user=0.00 sys=0.00, real=0.00 secs] 
63.710: [GC (Allocation Failure) [PSYoungGen: 294432K->96K(283136K)] 296292K->1956K(458240K), 0.0005369 secs] [Times: user=0.01 sys=0.00, real=0.00 secs] 
63.754: [GC (Allocation Failure) [PSYoungGen: 282720K->96K(339968K)] 284580K->1956K(515072K), 0.0005527 secs] [Times: user=0.00 sys=0.00, real=0.00 secs] 
63.808: [GC (Allocation Failure) [PSYoungGen: 339552K->96K(326144K)] 341412K->1956K(501248K), 0.0005333 secs] [Times: user=0.00 sys=0.00, real=0.00 secs] 
63.859: [GC (Allocation Failure) [PSYoungGen: 325728K->64K(312832K)] 327588K->1924K(487936K), 0.0005814 secs] [Times: user=0.00 sys=0.00, real=0.00 secs] 
63.908: [GC (Allocation Failure) [PSYoungGen: 312384K->96K(300032K)] 314244K->1956K(475136K), 0.0005386 secs] [Times: user=0.00 sys=0.00, real=0.00 secs] 
63.955: [GC (Allocation Failure) [PSYoungGen: 299616K->32K(359936K)] 301476K->1892K(535040K), 0.0006059 secs] [Times: user=0.00 sys=0.01, real=0.01 secs] 
64.011: [GC (Allocation Failure) [PSYoungGen: 359456K->96K(345088K)] 361316K->1956K(520192K), 0.0005914 secs] [Times: user=0.00 sys=0.00, real=0.00 secs] 
64.066: [GC (Allocation Failure) [PSYoungGen: 344672K->32K(330752K)] 346532K->1892K(505856K), 0.0006021 secs] [Times: user=0.00 sys=0.00, real=0.00 secs] 
64.118: [GC (Allocation Failure) [PSYoungGen: 330272K->32K(317440K)] 332132K->1892K(492544K), 0.0005228 secs] [Times: user=0.01 sys=0.00, real=0.00 secs] 
64.168: [GC (Allocation Failure) [PSYoungGen: 316960K->96K(380928K)] 318820K->1956K(556032K), 0.0006391 secs] [Times: user=0.01 sys=0.00, real=0.00 secs] 
64.227: [GC (Allocation Failure) [PSYoungGen: 380512K->96K(365056K)] 382372K->1956K(540160K), 0.0005388 secs] [Times: user=0.01 sys=0.00, real=0.00 secs] 
64.284: [GC (Allocation Failure) [PSYoungGen: 364640K->96K(349696K)] 366500K->1956K(524800K), 0.0005383 secs] [Times: user=0.00 sys=0.00, real=0.00 secs] 
64.339: [GC (Allocation Failure) [PSYoungGen: 349280K->96K(335360K)] 351140K->1956K(510464K), 0.0006185 secs] [Times: user=0.00 sys=0.00, real=0.00 secs] 
64.392: [GC (Allocation Failure) [PSYoungGen: 334944K->32K(321536K)] 336804K->1892K(496640K), 0.0005284 secs] [Times: user=0.00 sys=0.00, real=0.00 secs] 
64.443: [GC (Allocation Failure) [PSYoungGen: 321056K->64K(308224K)] 322916K->1924K(483328K), 0.0005839 secs] [Times: user=0.00 sys=0.00, real=0.00 secs] 
64.492: [GC (Allocation Failure) [PSYoungGen: 307776K->64K(295936K)] 309636K->1924K(471040K), 0.0005459 secs] [Times: user=0.00 sys=0.00, real=0.00 secs] 
64.538: [GC (Allocation Failure) [PSYoungGen: 295488K->32K(284160K)] 297348K->1892K(459264K), 0.0005493 secs] [Times: user=0.00 sys=0.00, real=0.00 secs] 
64.583: [GC (Allocation Failure) [PSYoungGen: 283680K->96K(340992K)] 285540K->1956K(516096K), 0.0005470 secs] [Times: user=0.00 sys=0.00, real=0.00 secs] 
64.636: [GC (Allocation Failure) [PSYoungGen: 340576K->32K(327168K)] 342436K->1892K(502272K), 0.0005303 secs] [Times: user=0.00 sys=0.00, real=0.00 secs] 
64.687: [GC (Allocation Failure) [PSYoungGen: 326688K->96K(313856K)] 328548K->1956K(488960K), 0.0005436 secs] [Times: user=0.00 sys=0.00, real=0.00 secs] 
64.736: [GC (Allocation Failure) [PSYoungGen: 313440K->96K(301056K)] 315300K->1956K(476160K), 0.0005413 secs] [Times: user=0.00 sys=0.00, real=0.00 secs] 
64.783: [GC (Allocation Failure) [PSYoungGen: 300640K->96K(288768K)] 302500K->1956K(463872K), 0.0005350 secs] [Times: user=0.01 sys=0.00, real=0.00 secs] 
64.828: [GC (Allocation Failure) [PSYoungGen: 288352K->96K(346624K)] 290212K->1956K(521728K), 0.0005879 secs] [Times: user=0.00 sys=0.00, real=0.00 secs] 
64.883: [GC (Allocation Failure) [PSYoungGen: 346208K->96K(332288K)] 348068K->1956K(507392K), 0.0005575 secs] [Times: user=0.01 sys=0.00, real=0.00 secs] 
64.934: [GC (Allocation Failure) [PSYoungGen: 331872K->32K(318464K)] 333732K->1892K(493568K), 0.0005314 secs] [Times: user=0.00 sys=0.00, real=0.00 secs] 
64.984: [GC (Allocation Failure) [PSYoungGen: 317984K->96K(305664K)] 319844K->1956K(480768K), 0.0005861 secs] [Times: user=0.00 sys=0.00, real=0.00 secs] 
65.032: [GC (Allocation Failure) [PSYoungGen: 305248K->32K(293376K)] 307108K->1892K(468480K), 0.0005249 secs] [Times: user=0.01 sys=0.00, real=0.00 secs] 
65.078: [GC (Allocation Failure) [PSYoungGen: 292896K->32K(352256K)] 294756K->1892K(527360K), 0.0005756 secs] [Times: user=0.00 sys=0.00, real=0.00 secs] 
65.133: [GC (Allocation Failure) [PSYoungGen: 351776K->96K(337920K)] 353636K->1956K(513024K), 0.0005428 secs] [Times: user=0.00 sys=0.00, real=0.00 secs] 
65.186: [GC (Allocation Failure) [PSYoungGen: 337504K->64K(405504K)] 339364K->1924K(580608K), 0.0010772 secs] [Times: user=0.00 sys=0.00, real=0.00 secs] 
65.250: [GC (Allocation Failure) [PSYoungGen: 405056K->96K(486912K)] 406916K->1956K(662016K), 0.0005351 secs] [Times: user=0.01 sys=0.00, real=0.00 secs] 
65.325: [GC (Allocation Failure) [PSYoungGen: 486496K->96K(465920K)] 488356K->1956K(641024K), 0.0005386 secs] [Times: user=0.00 sys=0.00, real=0.01 secs] 
65.398: [GC (Allocation Failure) [PSYoungGen: 465504K->96K(445952K)] 467364K->1956K(621056K), 0.0005411 secs] [Times: user=0.00 sys=0.00, real=0.00 secs] 
65.469: [GC (Allocation Failure) [PSYoungGen: 445536K->64K(427008K)] 447396K->1924K(602112K), 0.0005522 secs] [Times: user=0.01 sys=0.00, real=0.00 secs] 
65.536: [GC (Allocation Failure) [PSYoungGen: 426560K->32K(408576K)] 428420K->1892K(583680K), 0.0006162 secs] [Times: user=0.00 sys=0.00, real=0.00 secs] 
65.599: [GC (Allocation Failure) [PSYoungGen: 408096K->96K(391168K)] 409956K->1956K(566272K), 0.0005354 secs] [Times: user=0.00 sys=0.00, real=0.00 secs] 
65.660: [GC (Allocation Failure) [PSYoungGen: 390752K->96K(374784K)] 392612K->1956K(549888K), 0.0005879 secs] [Times: user=0.00 sys=0.00, real=0.00 secs] 
65.719: [GC (Allocation Failure) [PSYoungGen: 374368K->96K(358912K)] 376228K->1956K(534016K), 0.0005927 secs] [Times: user=0.00 sys=0.00, real=0.00 secs] 
65.774: [GC (Allocation Failure) [PSYoungGen: 358496K->96K(344064K)] 360356K->1956K(519168K), 0.0005422 secs] [Times: user=0.00 sys=0.00, real=0.00 secs] 
65.828: [GC (Allocation Failure) [PSYoungGen: 343648K->32K(329728K)] 345508K->1892K(504832K), 0.0005498 secs] [Times: user=0.00 sys=0.00, real=0.00 secs] 
65.880: [GC (Allocation Failure) [PSYoungGen: 329248K->32K(316416K)] 331108K->1892K(491520K), 0.0005228 secs] [Times: user=0.00 sys=0.00, real=0.00 secs] 
65.929: [GC (Allocation Failure) [PSYoungGen: 315936K->64K(303616K)] 317796K->1924K(478720K), 0.0006513 secs] [Times: user=0.00 sys=0.00, real=0.00 secs] 
65.977: [GC (Allocation Failure) [PSYoungGen: 303168K->64K(364544K)] 305028K->1924K(539648K), 0.0009463 secs] [Times: user=0.00 sys=0.00, real=0.00 secs] 
66.036: [GC (Allocation Failure) [PSYoungGen: 364096K->96K(437760K)] 365956K->1956K(612864K), 0.0005591 secs] [Times: user=0.00 sys=0.00, real=0.00 secs] 
66.105: [GC (Allocation Failure) [PSYoungGen: 437344K->64K(418816K)] 439204K->1924K(593920K), 0.0005464 secs] [Times: user=0.01 sys=0.00, real=0.01 secs] 
66.171: [GC (Allocation Failure) [PSYoungGen: 418368K->96K(400896K)] 420228K->1956K(576000K), 0.0005386 secs] [Times: user=0.00 sys=0.00, real=0.00 secs] 
66.233: [GC (Allocation Failure) [PSYoungGen: 400480K->96K(384000K)] 402340K->1956K(559104K), 0.0005608 secs] [Times: user=0.00 sys=0.00, real=0.00 secs] 
66.293: [GC (Allocation Failure) [PSYoungGen: 383584K->64K(368128K)] 385444K->1924K(543232K), 0.0005282 secs] [Times: user=0.00 sys=0.00, real=0.00 secs] 
66.349: [GC (Allocation Failure) [PSYoungGen: 367680K->96K(352768K)] 369540K->1956K(527872K), 0.0005272 secs] [Times: user=0.00 sys=0.00, real=0.00 secs] 
66.403: [GC (Allocation Failure) [PSYoungGen: 352352K->64K(337920K)] 354212K->1924K(513024K), 0.0005338 secs] [Times: user=0.00 sys=0.00, real=0.00 secs] 
66.455: [GC (Allocation Failure) [PSYoungGen: 337472K->96K(324096K)] 339332K->1956K(499200K), 0.0005393 secs] [Times: user=0.00 sys=0.00, real=0.01 secs] 
66.505: [GC (Allocation Failure) [PSYoungGen: 323680K->96K(310784K)] 325540K->1956K(485888K), 0.0005243 secs] [Times: user=0.00 sys=0.00, real=0.00 secs] 
66.552: [GC (Allocation Failure) [PSYoungGen: 310368K->96K(297984K)] 312228K->1956K(473088K), 0.0005684 secs] [Times: user=0.01 sys=0.00, real=0.00 secs] 
66.598: [GC (Allocation Failure) [PSYoungGen: 297568K->96K(286208K)] 299428K->1956K(461312K), 0.0005313 secs] [Times: user=0.00 sys=0.00, real=0.00 secs] 
66.642: [GC (Allocation Failure) [PSYoungGen: 285792K->64K(274944K)] 287652K->1924K(450048K), 0.0005351 secs] [Times: user=0.01 sys=0.00, real=0.00 secs] 
66.684: [GC (Allocation Failure) [PSYoungGen: 274496K->64K(330240K)] 276356K->1924K(505344K), 0.0005431 secs] [Times: user=0.00 sys=0.00, real=0.00 secs] 
66.736: [GC (Allocation Failure) [PSYoungGen: 329792K->96K(396288K)] 331652K->1956K(571392K), 0.0005497 secs] [Times: user=0.00 sys=0.00, real=0.00 secs] 
66.796: [GC (Allocation Failure) [PSYoungGen: 395872K->96K(379392K)] 397732K->1956K(554496K), 0.0005304 secs] [Times: user=0.00 sys=0.00, real=0.00 secs] 
66.856: [GC (Allocation Failure) [PSYoungGen: 378976K->96K(363520K)] 380836K->1956K(538624K), 0.0005536 secs] [Times: user=0.00 sys=0.00, real=0.00 secs] 
66.912: [GC (Allocation Failure) [PSYoungGen: 363104K->64K(348160K)] 364964K->1924K(523264K), 0.0005445 secs] [Times: user=0.00 sys=0.00, real=0.00 secs] 
66.967: [GC (Allocation Failure) [PSYoungGen: 347712K->32K(333824K)] 349572K->1892K(508928K), 0.0005477 secs] [Times: user=0.00 sys=0.00, real=0.00 secs] 
67.019: [GC (Allocation Failure) [PSYoungGen: 333344K->32K(320000K)] 335204K->1892K(495104K), 0.0005765 secs] [Times: user=0.00 sys=0.00, real=0.00 secs] 
67.068: [GC (Allocation Failure) [PSYoungGen: 319520K->64K(307200K)] 321380K->1924K(482304K), 0.0005279 secs] [Times: user=0.00 sys=0.00, real=0.00 secs] 
67.115: [GC (Allocation Failure) [PSYoungGen: 306752K->64K(294912K)] 308612K->1924K(470016K), 0.0005235 secs] [Times: user=0.00 sys=0.00, real=0.00 secs] 
67.160: [GC (Allocation Failure) [PSYoungGen: 294464K->32K(283136K)] 296324K->1892K(458240K), 0.0005412 secs] [Times: user=0.00 sys=0.00, real=0.00 secs] 
67.203: [GC (Allocation Failure) [PSYoungGen: 282656K->32K(339968K)] 284516K->1892K(515072K), 0.0005540 secs] [Times: user=0.00 sys=0.00, real=0.00 secs] 
67.257: [GC (Allocation Failure) [PSYoungGen: 339488K->96K(326144K)] 341348K->1956K(501248K), 0.0005456 secs] [Times: user=0.00 sys=0.00, real=0.00 secs] 
67.307: [GC (Allocation Failure) [PSYoungGen: 325728K->96K(312832K)] 327588K->1956K(487936K), 0.0005253 secs] [Times: user=0.00 sys=0.00, real=0.00 secs] 
67.355: [GC (Allocation Failure) [PSYoungGen: 312416K->96K(300032K)] 314276K->1956K(475136K), 0.0005388 secs] [Times: user=0.00 sys=0.00, real=0.00 secs] 
67.403: [GC (Allocation Failure) [PSYoungGen: 299616K->96K(288256K)] 301476K->1956K(463360K), 0.0005445 secs] [Times: user=0.00 sys=0.00, real=0.00 secs] 
67.448: [GC (Allocation Failure) [PSYoungGen: 287840K->96K(276992K)] 289700K->1956K(452096K), 0.0005249 secs] [Times: user=0.00 sys=0.00, real=0.00 secs] 
67.491: [GC (Allocation Failure) [PSYoungGen: 276576K->32K(332288K)] 278436K->1892K(507392K), 0.0006254 secs] [Times: user=0.00 sys=0.00, real=0.00 secs] 
67.542: [GC (Allocation Failure) [PSYoungGen: 331808K->96K(398848K)] 333668K->1956K(573952K), 0.0005335 secs] [Times: user=0.00 sys=0.00, real=0.00 secs] 
67.603: [GC (Allocation Failure) [PSYoungGen: 398432K->96K(381952K)] 400292K->1956K(557056K), 0.0005524 secs] [Times: user=0.00 sys=0.00, real=0.00 secs] 
67.661: [GC (Allocation Failure) [PSYoungGen: 381536K->32K(366080K)] 383396K->1892K(541184K), 0.0006207 secs] [Times: user=0.00 sys=0.00, real=0.00 secs] 
67.716: [GC (Allocation Failure) [PSYoungGen: 365600K->96K(350720K)] 367460K->1956K(525824K), 0.0005542 secs] [Times: user=0.00 sys=0.00, real=0.00 secs] 
67.770: [GC (Allocation Failure) [PSYoungGen: 350304K->96K(336384K)] 352164K->1956K(511488K), 0.0005395 secs] [Times: user=0.00 sys=0.00, real=0.00 secs] 
67.821: [GC (Allocation Failure) [PSYoungGen: 335968K->64K(322560K)] 337828K->1924K(497664K), 0.0005314 secs] [Times: user=0.00 sys=0.00, real=0.00 secs] 
67.871: [GC (Allocation Failure) [PSYoungGen: 322112K->32K(309248K)] 323972K->1892K(484352K), 0.0005322 secs] [Times: user=0.00 sys=0.00, real=0.00 secs] 
67.918: [GC (Allocation Failure) [PSYoungGen: 308768K->96K(296960K)] 310628K->1956K(472064K), 0.0005617 secs] [Times: user=0.00 sys=0.00, real=0.00 secs] 
67.963: [GC (Allocation Failure) [PSYoungGen: 296544K->96K(285184K)] 298404K->1956K(460288K), 0.0005282 secs] [Times: user=0.01 sys=0.00, real=0.00 secs] 
68.006: [GC (Allocation Failure) [PSYoungGen: 284768K->32K(273920K)] 286628K->1892K(449024K), 0.0005181 secs] [Times: user=0.00 sys=0.00, real=0.00 secs] 
68.048: [GC (Allocation Failure) [PSYoungGen: 273440K->64K(328704K)] 275300K->1924K(503808K), 0.0006011 secs] [Times: user=0.00 sys=0.00, real=0.00 secs] 
68.098: [GC (Allocation Failure) [PSYoungGen: 328256K->96K(394752K)] 330116K->1956K(569856K), 0.0005557 secs] [Times: user=0.00 sys=0.00, real=0.00 secs] 
68.158: [GC (Allocation Failure) [PSYoungGen: 394336K->96K(377856K)] 396196K->1956K(552960K), 0.0005267 secs] [Times: user=0.00 sys=0.00, real=0.00 secs] 
68.216: [GC (Allocation Failure) [PSYoungGen: 377440K->96K(361984K)] 379300K->1956K(537088K), 0.0005707 secs] [Times: user=0.00 sys=0.00, real=0.00 secs] 
68.271: [GC (Allocation Failure) [PSYoungGen: 361568K->32K(347136K)] 363428K->1892K(522240K), 0.0005321 secs] [Times: user=0.01 sys=0.00, real=0.00 secs] 
68.324: [GC (Allocation Failure) [PSYoungGen: 346656K->32K(332800K)] 348516K->1892K(507904K), 0.0005362 secs] [Times: user=0.00 sys=0.00, real=0.00 secs] 
68.376: [GC (Allocation Failure) [PSYoungGen: 332320K->96K(318976K)] 334180K->1956K(494080K), 0.0005245 secs] [Times: user=0.00 sys=0.00, real=0.00 secs] 
68.425: [GC (Allocation Failure) [PSYoungGen: 318560K->64K(306176K)] 320420K->1924K(481280K), 0.0005749 secs] [Times: user=0.00 sys=0.00, real=0.01 secs] 
68.474: [GC (Allocation Failure) [PSYoungGen: 305728K->96K(293888K)] 307588K->1956K(468992K), 0.0005548 secs] [Times: user=0.00 sys=0.00, real=0.00 secs] 
68.520: [GC (Allocation Failure) [PSYoungGen: 293472K->96K(282112K)] 295332K->1956K(457216K), 0.0005319 secs] [Times: user=0.00 sys=0.00, real=0.00 secs] 
68.563: [GC (Allocation Failure) [PSYoungGen: 281696K->32K(338432K)] 283556K->1892K(513536K), 0.0005650 secs] [Times: user=0.00 sys=0.00, real=0.00 secs] 
68.615: [GC (Allocation Failure) [PSYoungGen: 337952K->96K(324608K)] 339812K->1956K(499712K), 0.0005379 secs] [Times: user=0.00 sys=0.00, real=0.00 secs] 
68.664: [GC (Allocation Failure) [PSYoungGen: 324192K->96K(311296K)] 326052K->1956K(486400K), 0.0005260 secs] [Times: user=0.00 sys=0.00, real=0.00 secs] 
68.713: [GC (Allocation Failure) [PSYoungGen: 310880K->96K(298496K)] 312740K->1956K(473600K), 0.0005536 secs] [Times: user=0.00 sys=0.00, real=0.00 secs] 
68.759: [GC (Allocation Failure) [PSYoungGen: 298080K->96K(286720K)] 299940K->1956K(461824K), 0.0005252 secs] [Times: user=0.00 sys=0.00, real=0.00 secs] 
68.803: [GC (Allocation Failure) [PSYoungGen: 286304K->96K(344064K)] 288164K->1956K(519168K), 0.0005210 secs] [Times: user=0.00 sys=0.00, real=0.00 secs] 
68.856: [GC (Allocation Failure) [PSYoungGen: 343648K->32K(329728K)] 345508K->1892K(504832K), 0.0005089 secs] [Times: user=0.00 sys=0.00, real=0.00 secs] 
68.906: [GC (Allocation Failure) [PSYoungGen: 329248K->64K(395776K)] 331108K->1924K(570880K), 0.0008010 secs] [Times: user=0.01 sys=0.00, real=0.00 secs] 
68.969: [GC (Allocation Failure) [PSYoungGen: 395328K->96K(378880K)] 397188K->1956K(553984K), 0.0005223 secs] [Times: user=0.00 sys=0.00, real=0.00 secs] 
69.027: [GC (Allocation Failure) [PSYoungGen: 378464K->96K(363008K)] 380324K->1956K(538112K), 0.0005651 secs] [Times: user=0.01 sys=0.00, real=0.00 secs] 
69.085: [GC (Allocation Failure) [PSYoungGen: 362592K->96K(348160K)] 364452K->1956K(523264K), 0.0005376 secs] [Times: user=0.00 sys=0.00, real=0.00 secs] 
69.138: [GC (Allocation Failure) [PSYoungGen: 347744K->32K(333824K)] 349604K->1892K(508928K), 0.0005660 secs] [Times: user=0.00 sys=0.00, real=0.00 secs] 
69.190: [GC (Allocation Failure) [PSYoungGen: 333344K->32K(320000K)] 335204K->1892K(495104K), 0.0005330 secs] [Times: user=0.00 sys=0.00, real=0.00 secs] 
69.238: [GC (Allocation Failure) [PSYoungGen: 319520K->96K(307200K)] 321380K->1956K(482304K), 0.0005299 secs] [Times: user=0.00 sys=0.00, real=0.00 secs] 
69.285: [GC (Allocation Failure) [PSYoungGen: 306784K->96K(294912K)] 308644K->1956K(470016K), 0.0005460 secs] [Times: user=0.01 sys=0.00, real=0.01 secs] 
69.330: [GC (Allocation Failure) [PSYoungGen: 294496K->32K(283136K)] 296356K->1892K(458240K), 0.0005598 secs] [Times: user=0.00 sys=0.00, real=0.00 secs] 
69.374: [GC (Allocation Failure) [PSYoungGen: 282656K->96K(339968K)] 284516K->1956K(515072K), 0.0005207 secs] [Times: user=0.00 sys=0.00, real=0.00 secs] 
69.426: [GC (Allocation Failure) [PSYoungGen: 339552K->96K(408064K)] 341412K->1956K(583168K), 0.0005755 secs] [Times: user=0.00 sys=0.00, real=0.00 secs] 
69.490: [GC (Allocation Failure) [PSYoungGen: 407648K->64K(390656K)] 409508K->1924K(565760K), 0.0005243 secs] [Times: user=0.00 sys=0.00, real=0.00 secs] 
69.549: [GC (Allocation Failure) [PSYoungGen: 390208K->32K(374272K)] 392068K->1892K(549376K), 0.0005803 secs] [Times: user=0.00 sys=0.00, real=0.00 secs] 
69.606: [GC (Allocation Failure) [PSYoungGen: 373792K->64K(358400K)] 375652K->1924K(533504K), 0.0005723 secs] [Times: user=0.00 sys=0.00, real=0.00 secs] 
69.661: [GC (Allocation Failure) [PSYoungGen: 357952K->32K(343552K)] 359812K->1892K(518656K), 0.0005751 secs] [Times: user=0.00 sys=0.00, real=0.00 secs] 
69.713: [GC (Allocation Failure) [PSYoungGen: 343072K->32K(329216K)] 344932K->1892K(504320K), 0.0005346 secs] [Times: user=0.01 sys=0.00, real=0.00 secs] 
69.763: [GC (Allocation Failure) [PSYoungGen: 328736K->64K(315904K)] 330596K->1924K(491008K), 0.0005384 secs] [Times: user=0.01 sys=0.00, real=0.00 secs] 
69.811: [GC (Allocation Failure) [PSYoungGen: 315456K->96K(303104K)] 317316K->1956K(478208K), 0.0005327 secs] [Times: user=0.00 sys=0.00, real=0.00 secs] 
69.858: [GC (Allocation Failure) [PSYoungGen: 302688K->96K(290816K)] 304548K->1956K(465920K), 0.0005297 secs] [Times: user=0.00 sys=0.00, real=0.00 secs] 
69.902: [GC (Allocation Failure) [PSYoungGen: 290400K->32K(279040K)] 292260K->1892K(454144K), 0.0005487 secs] [Times: user=0.01 sys=0.00, real=0.00 secs] 
69.945: [GC (Allocation Failure) [PSYoungGen: 278560K->32K(334848K)] 280420K->1892K(509952K), 0.0005821 secs] [Times: user=0.00 sys=0.00, real=0.00 secs] 
69.996: [GC (Allocation Failure) [PSYoungGen: 334368K->32K(401920K)] 336228K->1892K(577024K), 0.0005250 secs] [Times: user=0.00 sys=0.00, real=0.00 secs] 
70.058: [GC (Allocation Failure) [PSYoungGen: 401440K->32K(482304K)] 403300K->1892K(657408K), 0.0010915 secs] [Times: user=0.00 sys=0.00, real=0.00 secs] 
70.135: [GC (Allocation Failure) [PSYoungGen: 481824K->64K(579072K)] 483684K->1924K(754176K), 0.0006539 secs] [Times: user=0.00 sys=0.00, real=0.00 secs] 
70.224: [GC (Allocation Failure) [PSYoungGen: 578624K->96K(553472K)] 580484K->1956K(728576K), 0.0005735 secs] [Times: user=0.00 sys=0.00, real=0.00 secs] 
70.309: [GC (Allocation Failure) [PSYoungGen: 553056K->96K(528896K)] 554916K->1956K(704000K), 0.0005322 secs] [Times: user=0.00 sys=0.00, real=0.00 secs] 
70.392: [GC (Allocation Failure) [PSYoungGen: 528480K->96K(505856K)] 530340K->1980K(680960K), 0.0005731 secs] [Times: user=0.00 sys=0.00, real=0.00 secs] 
70.471: [GC (Allocation Failure) [PSYoungGen: 505440K->96K(483840K)] 507324K->1980K(658944K), 0.0005277 secs] [Times: user=0.00 sys=0.00, real=0.00 secs] 
70.545: [GC (Allocation Failure) [PSYoungGen: 483424K->64K(462848K)] 485308K->1948K(637952K), 0.0005656 secs] [Times: user=0.00 sys=0.00, real=0.00 secs] 
70.615: [GC (Allocation Failure) [PSYoungGen: 462400K->64K(442880K)] 464284K->1948K(617984K), 0.0005469 secs] [Times: user=0.00 sys=0.00, real=0.00 secs] 
70.682: [GC (Allocation Failure) [PSYoungGen: 442432K->96K(423936K)] 444316K->1980K(599040K), 0.0005573 secs] [Times: user=0.00 sys=0.00, real=0.00 secs] 
70.747: [GC (Allocation Failure) [PSYoungGen: 423520K->96K(406016K)] 425404K->1980K(581120K), 0.0005366 secs] [Times: user=0.00 sys=0.00, real=0.00 secs] 
70.808: [GC (Allocation Failure) [PSYoungGen: 405600K->96K(388608K)] 407484K->1980K(563712K), 0.0005260 secs] [Times: user=0.00 sys=0.00, real=0.00 secs] 
70.868: [GC (Allocation Failure) [PSYoungGen: 388192K->64K(372224K)] 390076K->1948K(547328K), 0.0005677 secs] [Times: user=0.00 sys=0.00, real=0.00 secs] 
70.925: [GC (Allocation Failure) [PSYoungGen: 371776K->64K(356864K)] 373660K->1948K(531968K), 0.0005432 secs] [Times: user=0.00 sys=0.00, real=0.00 secs] 
70.979: [GC (Allocation Failure) [PSYoungGen: 356416K->32K(342016K)] 358300K->1916K(517120K), 0.0005777 secs] [Times: user=0.00 sys=0.00, real=0.00 secs] 
71.032: [GC (Allocation Failure) [PSYoungGen: 341536K->64K(328192K)] 343420K->1948K(503296K), 0.0005635 secs] [Times: user=0.00 sys=0.00, real=0.00 secs] 
71.082: [GC (Allocation Failure) [PSYoungGen: 327744K->96K(314880K)] 329628K->1980K(489984K), 0.0005273 secs] [Times: user=0.00 sys=0.00, real=0.00 secs] 
71.130: [GC (Allocation Failure) [PSYoungGen: 314464K->96K(302080K)] 316348K->1980K(477184K), 0.0005406 secs] [Times: user=0.00 sys=0.00, real=0.00 secs] 
71.176: [GC (Allocation Failure) [PSYoungGen: 301664K->32K(289792K)] 303548K->1916K(464896K), 0.0005383 secs] [Times: user=0.00 sys=0.00, real=0.00 secs] 
71.221: [GC (Allocation Failure) [PSYoungGen: 289312K->96K(278016K)] 291196K->1980K(453120K), 0.0005709 secs] [Times: user=0.00 sys=0.00, real=0.00 secs] 
71.263: [GC (Allocation Failure) [PSYoungGen: 277600K->32K(333824K)] 279484K->1916K(508928K), 0.0005907 secs] [Times: user=0.00 sys=0.00, real=0.00 secs] 
71.316: [GC (Allocation Failure) [PSYoungGen: 333344K->32K(400896K)] 335228K->1916K(576000K), 0.0005480 secs] [Times: user=0.00 sys=0.00, real=0.00 secs] 
71.379: [GC (Allocation Failure) [PSYoungGen: 400416K->32K(384000K)] 402300K->1916K(559104K), 0.0005251 secs] [Times: user=0.00 sys=0.00, real=0.00 secs] 
71.437: [GC (Allocation Failure) [PSYoungGen: 383520K->64K(368128K)] 385404K->1948K(543232K), 0.0005351 secs] [Times: user=0.00 sys=0.00, real=0.00 secs] 
71.495: [GC (Allocation Failure) [PSYoungGen: 367680K->96K(352768K)] 369564K->1980K(527872K), 0.0005323 secs] [Times: user=0.00 sys=0.00, real=0.00 secs] 
71.549: [GC (Allocation Failure) [PSYoungGen: 352352K->96K(337920K)] 354236K->1980K(513024K), 0.0005693 secs] [Times: user=0.00 sys=0.00, real=0.00 secs] 
71.600: [GC (Allocation Failure) [PSYoungGen: 337504K->64K(324096K)] 339388K->1948K(499200K), 0.0005251 secs] [Times: user=0.00 sys=0.00, real=0.00 secs] 
71.650: [GC (Allocation Failure) [PSYoungGen: 323648K->32K(310784K)] 325532K->1916K(485888K), 0.0005465 secs] [Times: user=0.00 sys=0.00, real=0.00 secs] 
71.697: [GC (Allocation Failure) [PSYoungGen: 310304K->96K(297984K)] 312188K->1980K(473088K), 0.0005250 secs] [Times: user=0.00 sys=0.00, real=0.00 secs] 
71.743: [GC (Allocation Failure) [PSYoungGen: 297568K->32K(286208K)] 299452K->1916K(461312K), 0.0005369 secs] [Times: user=0.00 sys=0.00, real=0.00 secs] 
71.787: [GC (Allocation Failure) [PSYoungGen: 285728K->96K(274944K)] 287612K->1980K(450048K), 0.0005379 secs] [Times: user=0.00 sys=0.00, real=0.00 secs] 
71.829: [GC (Allocation Failure) [PSYoungGen: 274528K->96K(330240K)] 276412K->1980K(505344K), 0.0005274 secs] [Times: user=0.00 sys=0.00, real=0.00 secs] 
71.880: [GC (Allocation Failure) [PSYoungGen: 329824K->64K(396288K)] 331708K->1948K(571392K), 0.0005932 secs] [Times: user=0.01 sys=0.00, real=0.00 secs] 
71.940: [GC (Allocation Failure) [PSYoungGen: 395840K->32K(379392K)] 397724K->1916K(554496K), 0.0005094 secs] [Times: user=0.01 sys=0.00, real=0.00 secs] 
71.998: [GC (Allocation Failure) [PSYoungGen: 378912K->32K(363520K)] 380796K->1916K(538624K), 0.0006054 secs] [Times: user=0.00 sys=0.00, real=0.00 secs] 
72.053: [GC (Allocation Failure) [PSYoungGen: 363040K->96K(348160K)] 364924K->1980K(523264K), 0.0005239 secs] [Times: user=0.00 sys=0.01, real=0.00 secs] 
72.106: [GC (Allocation Failure) [PSYoungGen: 347744K->96K(333824K)] 349628K->1980K(508928K), 0.0005373 secs] [Times: user=0.00 sys=0.00, real=0.00 secs] 
72.157: [GC (Allocation Failure) [PSYoungGen: 333408K->96K(320000K)] 335292K->1980K(495104K), 0.0005242 secs] [Times: user=0.00 sys=0.00, real=0.00 secs] 
72.206: [GC (Allocation Failure) [PSYoungGen: 319584K->32K(307200K)] 321468K->1916K(482304K), 0.0005707 secs] [Times: user=0.00 sys=0.00, real=0.00 secs] 
72.253: [GC (Allocation Failure) [PSYoungGen: 306720K->32K(294912K)] 308604K->1916K(470016K), 0.0005736 secs] [Times: user=0.00 sys=0.00, real=0.00 secs] 
72.297: [GC (Allocation Failure) [PSYoungGen: 294432K->96K(283136K)] 296316K->1980K(458240K), 0.0005322 secs] [Times: user=0.01 sys=0.00, real=0.00 secs] 
72.341: [GC (Allocation Failure) [PSYoungGen: 282720K->96K(339968K)] 284604K->1980K(515072K), 0.0007357 secs] [Times: user=0.00 sys=0.00, real=0.00 secs] 
72.393: [GC (Allocation Failure) [PSYoungGen: 339552K->96K(408064K)] 341436K->1980K(583168K), 0.0005263 secs] [Times: user=0.00 sys=0.00, real=0.00 secs] 
72.457: [GC (Allocation Failure) [PSYoungGen: 407648K->96K(390656K)] 409532K->1980K(565760K), 0.0005163 secs] [Times: user=0.00 sys=0.00, real=0.00 secs] 
72.518: [GC (Allocation Failure) [PSYoungGen: 390240K->96K(374272K)] 392124K->1980K(549376K), 0.0005532 secs] [Times: user=0.00 sys=0.00, real=0.00 secs] 
72.576: [GC (Allocation Failure) [PSYoungGen: 373856K->32K(358400K)] 375740K->1916K(533504K), 0.0005427 secs] [Times: user=0.00 sys=0.00, real=0.00 secs] 
72.631: [GC (Allocation Failure) [PSYoungGen: 357920K->64K(343552K)] 359804K->1948K(518656K), 0.0005684 secs] [Times: user=0.00 sys=0.00, real=0.00 secs] 
72.683: [GC (Allocation Failure) [PSYoungGen: 343104K->32K(329216K)] 344988K->1916K(504320K), 0.0005338 secs] [Times: user=0.00 sys=0.00, real=0.00 secs] 
72.734: [GC (Allocation Failure) [PSYoungGen: 328736K->96K(315904K)] 330620K->1980K(491008K), 0.0005804 secs] [Times: user=0.00 sys=0.00, real=0.00 secs] 
72.782: [GC (Allocation Failure) [PSYoungGen: 315488K->96K(303104K)] 317372K->1980K(478208K), 0.0005257 secs] [Times: user=0.00 sys=0.00, real=0.00 secs] 
72.828: [GC (Allocation Failure) [PSYoungGen: 302688K->96K(290816K)] 304572K->1980K(465920K), 0.0005558 secs] [Times: user=0.00 sys=0.00, real=0.00 secs] 
72.875: [GC (Allocation Failure) [PSYoungGen: 290400K->96K(349184K)] 292284K->1980K(524288K), 0.0005714 secs] [Times: user=0.00 sys=0.00, real=0.00 secs] 
72.930: [GC (Allocation Failure) [PSYoungGen: 348768K->32K(334848K)] 350652K->1916K(509952K), 0.0005296 secs] [Times: user=0.00 sys=0.00, real=0.00 secs] 
72.982: [GC (Allocation Failure) [PSYoungGen: 334368K->32K(321024K)] 336252K->1916K(496128K), 0.0005488 secs] [Times: user=0.01 sys=0.00, real=0.00 secs] 
73.031: [GC (Allocation Failure) [PSYoungGen: 320544K->32K(308224K)] 322428K->1916K(483328K), 0.0005128 secs] [Times: user=0.01 sys=0.00, real=0.00 secs] 
73.080: [GC (Allocation Failure) [PSYoungGen: 307744K->96K(295936K)] 309628K->1980K(471040K), 0.0005377 secs] [Times: user=0.00 sys=0.00, real=0.00 secs] 
73.125: [GC (Allocation Failure) [PSYoungGen: 295520K->96K(284160K)] 297404K->1980K(459264K), 0.0005237 secs] [Times: user=0.00 sys=0.00, real=0.01 secs] 
73.169: [GC (Allocation Failure) [PSYoungGen: 283744K->96K(340992K)] 285628K->1980K(516096K), 0.0005515 secs] [Times: user=0.00 sys=0.00, real=0.00 secs] 
73.221: [GC (Allocation Failure) [PSYoungGen: 340576K->96K(327168K)] 342460K->1980K(502272K), 0.0005343 secs] [Times: user=0.00 sys=0.00, real=0.00 secs] 
73.271: [GC (Allocation Failure) [PSYoungGen: 326752K->32K(313856K)] 328636K->1916K(488960K), 0.0005143 secs] [Times: user=0.00 sys=0.00, real=0.00 secs] 
73.321: [GC (Allocation Failure) [PSYoungGen: 313376K->96K(301056K)] 315260K->1980K(476160K), 0.0005273 secs] [Times: user=0.00 sys=0.00, real=0.00 secs] 
73.368: [GC (Allocation Failure) [PSYoungGen: 300640K->32K(288768K)] 302524K->1916K(463872K), 0.0005797 secs] [Times: user=0.00 sys=0.00, real=0.00 secs] 
73.413: [GC (Allocation Failure) [PSYoungGen: 288288K->32K(277504K)] 290172K->1916K(452608K), 0.0005187 secs] [Times: user=0.00 sys=0.00, real=0.00 secs] 
73.457: [GC (Allocation Failure) [PSYoungGen: 277024K->96K(333312K)] 278908K->1980K(508416K), 0.0005561 secs] [Times: user=0.00 sys=0.00, real=0.00 secs] 
73.508: [GC (Allocation Failure) [PSYoungGen: 332896K->32K(319488K)] 334780K->1916K(494592K), 0.0005205 secs] [Times: user=0.00 sys=0.00, real=0.00 secs] 
73.556: [GC (Allocation Failure) [PSYoungGen: 319008K->32K(306688K)] 320892K->1916K(481792K), 0.0005241 secs] [Times: user=0.00 sys=0.00, real=0.00 secs] 
73.603: [GC (Allocation Failure) [PSYoungGen: 306208K->96K(294400K)] 308092K->1980K(469504K), 0.0005352 secs] [Times: user=0.00 sys=0.00, real=0.00 secs] 
73.648: [GC (Allocation Failure) [PSYoungGen: 293984K->96K(353280K)] 295868K->1980K(528384K), 0.0005364 secs] [Times: user=0.00 sys=0.00, real=0.00 secs] 
73.702: [GC (Allocation Failure) [PSYoungGen: 352864K->64K(338432K)] 354748K->1948K(513536K), 0.0005771 secs] [Times: user=0.00 sys=0.00, real=0.00 secs] 
73.756: [GC (Allocation Failure) [PSYoungGen: 337984K->64K(324608K)] 339868K->1948K(499712K), 0.0005400 secs] [Times: user=0.00 sys=0.00, real=0.00 secs] 
73.805: [GC (Allocation Failure) [PSYoungGen: 324160K->96K(311296K)] 326044K->1980K(486400K), 0.0005144 secs] [Times: user=0.00 sys=0.00, real=0.01 secs] 
73.854: [GC (Allocation Failure) [PSYoungGen: 310880K->64K(298496K)] 312764K->1948K(473600K), 0.0005436 secs] [Times: user=0.00 sys=0.00, real=0.00 secs] 
73.899: [GC (Allocation Failure) [PSYoungGen: 298048K->96K(358400K)] 299932K->1980K(533504K), 0.0005939 secs] [Times: user=0.00 sys=0.00, real=0.00 secs] 
73.956: [GC (Allocation Failure) [PSYoungGen: 357984K->32K(430080K)] 359868K->1916K(605184K), 0.0006409 secs] [Times: user=0.00 sys=0.00, real=0.00 secs] 
74.022: [GC (Allocation Failure) [PSYoungGen: 429600K->96K(411648K)] 431484K->1980K(586752K), 0.0005226 secs] [Times: user=0.00 sys=0.00, real=0.00 secs] 
74.087: [GC (Allocation Failure) [PSYoungGen: 411232K->96K(394240K)] 413116K->1980K(569344K), 0.0005688 secs] [Times: user=0.00 sys=0.00, real=0.00 secs] 
74.149: [GC (Allocation Failure) [PSYoungGen: 393824K->96K(377856K)] 395708K->1980K(552960K), 0.0005411 secs] [Times: user=0.00 sys=0.01, real=0.00 secs] 
74.207: [GC (Allocation Failure) [PSYoungGen: 377440K->96K(361984K)] 379324K->1980K(537088K), 0.0005644 secs] [Times: user=0.00 sys=0.00, real=0.00 secs] 
74.263: [GC (Allocation Failure) [PSYoungGen: 361568K->32K(347136K)] 363452K->1916K(522240K), 0.0005270 secs] [Times: user=0.01 sys=0.00, real=0.00 secs] 
74.318: [GC (Allocation Failure) [PSYoungGen: 346656K->96K(332800K)] 348540K->1980K(507904K), 0.0005109 secs] [Times: user=0.00 sys=0.00, real=0.00 secs] 
74.369: [GC (Allocation Failure) [PSYoungGen: 332384K->96K(318976K)] 334268K->1980K(494080K), 0.0005191 secs] [Times: user=0.00 sys=0.00, real=0.00 secs] 
74.418: [GC (Allocation Failure) [PSYoungGen: 318560K->96K(306176K)] 320444K->1980K(481280K), 0.0005201 secs] [Times: user=0.00 sys=0.00, real=0.00 secs] 
74.467: [GC (Allocation Failure) [PSYoungGen: 305760K->96K(293888K)] 307644K->1980K(468992K), 0.0005301 secs] [Times: user=0.00 sys=0.00, real=0.00 secs] 
74.511: [GC (Allocation Failure) [PSYoungGen: 293472K->96K(282112K)] 295356K->1980K(457216K), 0.0005243 secs] [Times: user=0.01 sys=0.00, real=0.00 secs] 
74.554: [GC (Allocation Failure) [PSYoungGen: 281696K->32K(270848K)] 283580K->1916K(445952K), 0.0005314 secs] [Times: user=0.00 sys=0.00, real=0.00 secs] 
74.596: [GC (Allocation Failure) [PSYoungGen: 270368K->32K(325120K)] 272252K->1916K(500224K), 0.0005094 secs] [Times: user=0.00 sys=0.00, real=0.00 secs] 
74.645: [GC (Allocation Failure) [PSYoungGen: 324640K->96K(390144K)] 326524K->1980K(565248K), 0.0005738 secs] [Times: user=0.00 sys=0.00, real=0.01 secs] 
74.704: [GC (Allocation Failure) [PSYoungGen: 389728K->96K(373760K)] 391612K->1980K(548864K), 0.0005434 secs] [Times: user=0.00 sys=0.00, real=0.00 secs] 
74.763: [GC (Allocation Failure) [PSYoungGen: 373344K->96K(357888K)] 375228K->1980K(532992K), 0.0005151 secs] [Times: user=0.00 sys=0.00, real=0.00 secs] 
74.818: [GC (Allocation Failure) [PSYoungGen: 357472K->32K(343040K)] 359356K->1916K(518144K), 0.0005257 secs] [Times: user=0.00 sys=0.00, real=0.00 secs] 
74.873: [GC (Allocation Failure) [PSYoungGen: 342560K->32K(328704K)] 344444K->1916K(503808K), 0.0005292 secs] [Times: user=0.00 sys=0.00, real=0.00 secs] 
74.925: [GC (Allocation Failure) [PSYoungGen: 328224K->32K(315392K)] 330108K->1916K(490496K), 0.0005599 secs] [Times: user=0.00 sys=0.00, real=0.01 secs] 
74.974: [GC (Allocation Failure) [PSYoungGen: 314912K->96K(302592K)] 316796K->1980K(477696K), 0.0005249 secs] [Times: user=0.00 sys=0.00, real=0.00 secs] 
75.020: [GC (Allocation Failure) [PSYoungGen: 302176K->96K(290304K)] 304060K->1980K(465408K), 0.0005499 secs] [Times: user=0.00 sys=0.00, real=0.00 secs] 
75.065: [GC (Allocation Failure) [PSYoungGen: 289888K->96K(278528K)] 291772K->1980K(453632K), 0.0005330 secs] [Times: user=0.00 sys=0.00, real=0.01 secs] 
75.108: [GC (Allocation Failure) [PSYoungGen: 278112K->64K(334336K)] 279996K->1948K(509440K), 0.0005201 secs] [Times: user=0.01 sys=0.00, real=0.00 secs] 
75.159: [GC (Allocation Failure) [PSYoungGen: 333888K->96K(401408K)] 335772K->1980K(576512K), 0.0005661 secs] [Times: user=0.00 sys=0.00, real=0.00 secs] 
75.221: [GC (Allocation Failure) [PSYoungGen: 400992K->64K(384512K)] 402876K->1948K(559616K), 0.0005221 secs] [Times: user=0.00 sys=0.00, real=0.00 secs] 
75.280: [GC (Allocation Failure) [PSYoungGen: 384064K->96K(368128K)] 385948K->1980K(543232K), 0.0005282 secs] [Times: user=0.00 sys=0.00, real=0.00 secs] 
75.336: [GC (Allocation Failure) [PSYoungGen: 367712K->32K(352768K)] 369596K->1916K(527872K), 0.0005251 secs] [Times: user=0.01 sys=0.00, real=0.00 secs] 
75.390: [GC (Allocation Failure) [PSYoungGen: 352288K->96K(337920K)] 354172K->1980K(513024K), 0.0005423 secs] [Times: user=0.00 sys=0.00, real=0.00 secs] 
75.441: [GC (Allocation Failure) [PSYoungGen: 337504K->96K(324096K)] 339388K->1980K(499200K), 0.0005387 secs] [Times: user=0.00 sys=0.00, real=0.00 secs] 
75.493: [GC (Allocation Failure) [PSYoungGen: 323680K->96K(310784K)] 325564K->1980K(485888K), 0.0005185 secs] [Times: user=0.00 sys=0.00, real=0.00 secs] 
75.541: [GC (Allocation Failure) [PSYoungGen: 310368K->64K(297984K)] 312252K->1948K(473088K), 0.0005322 secs] [Times: user=0.00 sys=0.00, real=0.00 secs] 
75.586: [GC (Allocation Failure) [PSYoungGen: 297536K->96K(286208K)] 299420K->1980K(461312K), 0.0005256 secs] [Times: user=0.00 sys=0.00, real=0.00 secs] 
75.630: [GC (Allocation Failure) [PSYoungGen: 285792K->96K(274944K)] 287676K->1980K(450048K), 0.0005272 secs] [Times: user=0.00 sys=0.00, real=0.00 secs] 
75.672: [GC (Allocation Failure) [PSYoungGen: 274528K->64K(330240K)] 276412K->1948K(505344K), 0.0005290 secs] [Times: user=0.01 sys=0.00, real=0.00 secs] 
75.723: [GC (Allocation Failure) [PSYoungGen: 329792K->96K(316928K)] 331676K->1980K(492032K), 0.0005181 secs] [Times: user=0.01 sys=0.00, real=0.00 secs] 
75.771: [GC (Allocation Failure) [PSYoungGen: 316512K->96K(304128K)] 318396K->1980K(479232K), 0.0005203 secs] [Times: user=0.00 sys=0.00, real=0.00 secs] 
75.817: [GC (Allocation Failure) [PSYoungGen: 303712K->96K(291840K)] 305596K->1980K(466944K), 0.0005338 secs] [Times: user=0.00 sys=0.00, real=0.00 secs] 
75.862: [GC (Allocation Failure) [PSYoungGen: 291424K->32K(350208K)] 293308K->1916K(525312K), 0.0005304 secs] [Times: user=0.00 sys=0.00, real=0.00 secs] 
75.915: [GC (Allocation Failure) [PSYoungGen: 349728K->32K(420352K)] 351612K->1916K(595456K), 0.0005827 secs] [Times: user=0.00 sys=0.00, real=0.01 secs] 
75.979: [GC (Allocation Failure) [PSYoungGen: 419872K->96K(402432K)] 421756K->1980K(577536K), 0.0005163 secs] [Times: user=0.00 sys=0.00, real=0.00 secs] 
76.042: [GC (Allocation Failure) [PSYoungGen: 402016K->32K(385536K)] 403900K->1916K(560640K), 0.0005638 secs] [Times: user=0.00 sys=0.00, real=0.00 secs] 
76.101: [GC (Allocation Failure) [PSYoungGen: 385056K->96K(369152K)] 386940K->1980K(544256K), 0.0005280 secs] [Times: user=0.00 sys=0.00, real=0.00 secs] 
76.159: [GC (Allocation Failure) [PSYoungGen: 368736K->96K(353792K)] 370620K->1980K(528896K), 0.0005363 secs] [Times: user=0.01 sys=0.00, real=0.00 secs] 
76.214: [GC (Allocation Failure) [PSYoungGen: 353376K->64K(338944K)] 355260K->1948K(514048K), 0.0006408 secs] [Times: user=0.00 sys=0.00, real=0.00 secs] 
76.267: [GC (Allocation Failure) [PSYoungGen: 338496K->96K(325120K)] 340380K->1980K(500224K), 0.0005324 secs] [Times: user=0.00 sys=0.00, real=0.00 secs] 
76.318: [GC (Allocation Failure) [PSYoungGen: 324704K->32K(311808K)] 326588K->1916K(486912K), 0.0005219 secs] [Times: user=0.01 sys=0.00, real=0.00 secs] 
76.367: [GC (Allocation Failure) [PSYoungGen: 311328K->64K(299008K)] 313212K->1948K(474112K), 0.0005382 secs] [Times: user=0.01 sys=0.00, real=0.00 secs] 
76.414: [GC (Allocation Failure) [PSYoungGen: 298560K->96K(287232K)] 300444K->1980K(462336K), 0.0005417 secs] [Times: user=0.00 sys=0.01, real=0.00 secs] 
76.459: [GC (Allocation Failure) [PSYoungGen: 286816K->96K(344576K)] 288700K->1980K(519680K), 0.0008509 secs] [Times: user=0.00 sys=0.00, real=0.00 secs] 
76.515: [GC (Allocation Failure) [PSYoungGen: 344160K->96K(413696K)] 346044K->1980K(588800K), 0.0005331 secs] [Times: user=0.00 sys=0.00, real=0.00 secs] 
76.579: [GC (Allocation Failure) [PSYoungGen: 413280K->96K(396288K)] 415164K->1980K(571392K), 0.0005387 secs] [Times: user=0.00 sys=0.00, real=0.00 secs] 
76.641: [GC (Allocation Failure) [PSYoungGen: 395872K->96K(379392K)] 397756K->1980K(554496K), 0.0005462 secs] [Times: user=0.00 sys=0.00, real=0.00 secs] 
76.700: [GC (Allocation Failure) [PSYoungGen: 378976K->64K(363520K)] 380860K->1948K(538624K), 0.0005788 secs] [Times: user=0.00 sys=0.00, real=0.00 secs] 
76.757: [GC (Allocation Failure) [PSYoungGen: 363072K->96K(348160K)] 364956K->1980K(523264K), 0.0006115 secs] [Times: user=0.00 sys=0.00, real=0.00 secs] 
76.815: [GC (Allocation Failure) [PSYoungGen: 347744K->32K(333824K)] 349628K->1916K(508928K), 0.0005205 secs] [Times: user=0.00 sys=0.00, real=0.00 secs] 
76.867: [GC (Allocation Failure) [PSYoungGen: 333344K->32K(320000K)] 335228K->1916K(495104K), 0.0005302 secs] [Times: user=0.01 sys=0.00, real=0.00 secs] 
76.919: [GC (Allocation Failure) [PSYoungGen: 319520K->96K(307200K)] 321404K->1980K(482304K), 0.0005351 secs] [Times: user=0.00 sys=0.00, real=0.00 secs] 
76.967: [GC (Allocation Failure) [PSYoungGen: 306784K->32K(294912K)] 308668K->1916K(470016K), 0.0005799 secs] [Times: user=0.00 sys=0.00, real=0.00 secs] 
77.013: [GC (Allocation Failure) [PSYoungGen: 294432K->96K(353792K)] 296316K->1980K(528896K), 0.0005959 secs] [Times: user=0.00 sys=0.00, real=0.00 secs] 
77.070: [GC (Allocation Failure) [PSYoungGen: 353376K->96K(338944K)] 355260K->1980K(514048K), 0.0005937 secs] [Times: user=0.00 sys=0.00, real=0.00 secs] 
77.123: [GC (Allocation Failure) [PSYoungGen: 338528K->96K(325120K)] 340412K->1980K(500224K), 0.0005262 secs] [Times: user=0.00 sys=0.00, real=0.00 secs] 
77.174: [GC (Allocation Failure) [PSYoungGen: 324704K->96K(311808K)] 326588K->1980K(486912K), 0.0005320 secs] [Times: user=0.00 sys=0.00, real=0.00 secs] 
77.223: [GC (Allocation Failure) [PSYoungGen: 311392K->32K(299008K)] 313276K->1916K(474112K), 0.0005150 secs] [Times: user=0.00 sys=0.00, real=0.00 secs] 
77.270: [GC (Allocation Failure) [PSYoungGen: 298528K->96K(287232K)] 300412K->1980K(462336K), 0.0005310 secs] [Times: user=0.00 sys=0.00, real=0.00 secs] 
77.314: [GC (Allocation Failure) [PSYoungGen: 286816K->96K(275968K)] 288700K->1980K(451072K), 0.0005334 secs] [Times: user=0.00 sys=0.00, real=0.00 secs] 
77.358: [GC (Allocation Failure) [PSYoungGen: 275552K->96K(331264K)] 277436K->1980K(506368K), 0.0005351 secs] [Times: user=0.00 sys=0.00, real=0.00 secs] 
77.410: [GC (Allocation Failure) [PSYoungGen: 330848K->32K(397824K)] 332732K->1916K(572928K), 0.0005592 secs] [Times: user=0.00 sys=0.00, real=0.00 secs] 
77.474: [GC (Allocation Failure) [PSYoungGen: 397344K->64K(380928K)] 399228K->1948K(556032K), 0.0005290 secs] [Times: user=0.00 sys=0.00, real=0.00 secs] 
77.534: [GC (Allocation Failure) [PSYoungGen: 380480K->96K(365056K)] 382364K->1980K(540160K), 0.0005397 secs] [Times: user=0.00 sys=0.00, real=0.00 secs] 
77.591: [GC (Allocation Failure) [PSYoungGen: 364640K->96K(349696K)] 366524K->1980K(524800K), 0.0005351 secs] [Times: user=0.00 sys=0.00, real=0.00 secs] 
77.645: [GC (Allocation Failure) [PSYoungGen: 349280K->96K(335360K)] 351164K->1980K(510464K), 0.0005658 secs] [Times: user=0.00 sys=0.00, real=0.01 secs] 
77.698: [GC (Allocation Failure) [PSYoungGen: 334944K->96K(321536K)] 336828K->1980K(496640K), 0.0005399 secs] [Times: user=0.00 sys=0.00, real=0.00 secs] 
77.748: [GC (Allocation Failure) [PSYoungGen: 321120K->96K(308224K)] 323004K->1980K(483328K), 0.0005451 secs] [Times: user=0.00 sys=0.00, real=0.00 secs] 
77.796: [GC (Allocation Failure) [PSYoungGen: 307808K->96K(295936K)] 309692K->1980K(471040K), 0.0005435 secs] [Times: user=0.00 sys=0.00, real=0.00 secs] 
77.842: [GC (Allocation Failure) [PSYoungGen: 295520K->96K(284160K)] 297404K->1980K(459264K), 0.0005328 secs] [Times: user=0.00 sys=0.00, real=0.00 secs] 
77.886: [GC (Allocation Failure) [PSYoungGen: 283744K->64K(272896K)] 285628K->1948K(448000K), 0.0005282 secs] [Times: user=0.00 sys=0.00, real=0.00 secs] 
77.929: [GC (Allocation Failure) [PSYoungGen: 272448K->64K(327680K)] 274332K->1948K(502784K), 0.0005378 secs] [Times: user=0.01 sys=0.00, real=0.00 secs] 
77.981: [GC (Allocation Failure) [PSYoungGen: 327232K->32K(314368K)] 329116K->1916K(489472K), 0.0005216 secs] [Times: user=0.00 sys=0.00, real=0.00 secs] 
78.030: [GC (Allocation Failure) [PSYoungGen: 313888K->96K(301568K)] 315772K->1980K(476672K), 0.0005280 secs] [Times: user=0.00 sys=0.00, real=0.00 secs] 
78.077: [GC (Allocation Failure) [PSYoungGen: 301152K->96K(289280K)] 303036K->1980K(464384K), 0.0005331 secs] [Times: user=0.00 sys=0.00, real=0.00 secs] 
78.122: [GC (Allocation Failure) [PSYoungGen: 288864K->96K(347136K)] 290748K->1980K(522240K), 0.0005332 secs] [Times: user=0.00 sys=0.00, real=0.00 secs] 
78.176: [GC (Allocation Failure) [PSYoungGen: 346720K->96K(332800K)] 348604K->1980K(507904K), 0.0005485 secs] [Times: user=0.00 sys=0.00, real=0.00 secs] 
78.228: [GC (Allocation Failure) [PSYoungGen: 332384K->96K(318976K)] 334268K->1980K(494080K), 0.0005656 secs] [Times: user=0.00 sys=0.00, real=0.00 secs] 
78.278: [GC (Allocation Failure) [PSYoungGen: 318560K->96K(306176K)] 320444K->1980K(481280K), 0.0005434 secs] [Times: user=0.00 sys=0.00, real=0.00 secs] 
78.325: [GC (Allocation Failure) [PSYoungGen: 305760K->96K(367616K)] 307644K->1980K(542720K), 0.0005689 secs] [Times: user=0.01 sys=0.00, real=0.01 secs] 
78.383: [GC (Allocation Failure) [PSYoungGen: 367200K->96K(352256K)] 369084K->1980K(527360K), 0.0005259 secs] [Times: user=0.00 sys=0.00, real=0.00 secs] 
78.438: [GC (Allocation Failure) [PSYoungGen: 351840K->96K(337920K)] 353724K->1980K(513024K), 0.0005406 secs] [Times: user=0.00 sys=0.00, real=0.00 secs] 
78.493: [GC (Allocation Failure) [PSYoungGen: 337504K->96K(324096K)] 339388K->1980K(499200K), 0.0005429 secs] [Times: user=0.00 sys=0.00, real=0.00 secs] 
78.543: [GC (Allocation Failure) [PSYoungGen: 323680K->32K(310784K)] 325564K->1916K(485888K), 0.0005202 secs] [Times: user=0.00 sys=0.00, real=0.00 secs] 
78.592: [GC (Allocation Failure) [PSYoungGen: 310304K->32K(297984K)] 312188K->1916K(473088K), 0.0005212 secs] [Times: user=0.00 sys=0.00, real=0.00 secs] 
78.639: [GC (Allocation Failure) [PSYoungGen: 297504K->96K(286208K)] 299388K->1980K(461312K), 0.0005281 secs] [Times: user=0.00 sys=0.00, real=0.00 secs] 
78.683: [GC (Allocation Failure) [PSYoungGen: 285792K->32K(274944K)] 287676K->1916K(450048K), 0.0005389 secs] [Times: user=0.01 sys=0.00, real=0.00 secs] 
78.726: [GC (Allocation Failure) [PSYoungGen: 274464K->96K(330240K)] 276348K->1980K(505344K), 0.0005332 secs] [Times: user=0.00 sys=0.00, real=0.00 secs] 
78.778: [GC (Allocation Failure) [PSYoungGen: 329824K->96K(316928K)] 331708K->1980K(492032K), 0.0005372 secs] [Times: user=0.00 sys=0.00, real=0.00 secs] 
78.827: [GC (Allocation Failure) [PSYoungGen: 316512K->32K(304128K)] 318396K->1916K(479232K), 0.0005243 secs] [Times: user=0.00 sys=0.00, real=0.00 secs] 
78.876: [GC (Allocation Failure) [PSYoungGen: 303648K->96K(291840K)] 305532K->1980K(466944K), 0.0005323 secs] [Times: user=0.00 sys=0.00, real=0.00 secs] 
78.921: [GC (Allocation Failure) [PSYoungGen: 291424K->96K(350208K)] 293308K->1980K(525312K), 0.0005542 secs] [Times: user=0.01 sys=0.00, real=0.00 secs] 
78.976: [GC (Allocation Failure) [PSYoungGen: 349792K->96K(335872K)] 351676K->1980K(510976K), 0.0005680 secs] [Times: user=0.00 sys=0.00, real=0.00 secs] 
79.029: [GC (Allocation Failure) [PSYoungGen: 335456K->96K(322048K)] 337340K->1980K(497152K), 0.0005408 secs] [Times: user=0.00 sys=0.00, real=0.00 secs] 
79.081: [GC (Allocation Failure) [PSYoungGen: 321632K->96K(308736K)] 323516K->1980K(483840K), 0.0005356 secs] [Times: user=0.00 sys=0.00, real=0.00 secs] 
79.129: [GC (Allocation Failure) [PSYoungGen: 308320K->96K(296448K)] 310204K->1980K(471552K), 0.0005765 secs] [Times: user=0.01 sys=0.00, real=0.00 secs] 
79.175: [GC (Allocation Failure) [PSYoungGen: 296032K->32K(355840K)] 297916K->1916K(530944K), 0.0005397 secs] [Times: user=0.00 sys=0.00, real=0.00 secs] 
79.229: [GC (Allocation Failure) [PSYoungGen: 355360K->32K(340992K)] 357244K->1916K(516096K), 0.0005315 secs] [Times: user=0.01 sys=0.00, real=0.00 secs] 
79.281: [GC (Allocation Failure) [PSYoungGen: 340512K->96K(327168K)] 342396K->1980K(502272K), 0.0005298 secs] [Times: user=0.00 sys=0.00, real=0.00 secs] 
79.331: [GC (Allocation Failure) [PSYoungGen: 326752K->96K(313856K)] 328636K->1980K(488960K), 0.0005718 secs] [Times: user=0.00 sys=0.00, real=0.00 secs] 
79.380: [GC (Allocation Failure) [PSYoungGen: 313440K->96K(376832K)] 315324K->1980K(551936K), 0.0005844 secs] [Times: user=0.00 sys=0.00, real=0.00 secs] 
79.439: [GC (Allocation Failure) [PSYoungGen: 376416K->32K(360960K)] 378300K->1916K(536064K), 0.0005336 secs] [Times: user=0.00 sys=0.00, real=0.00 secs] 
79.497: [GC (Allocation Failure) [PSYoungGen: 360480K->32K(346112K)] 362364K->1916K(521216K), 0.0005722 secs] [Times: user=0.01 sys=0.00, real=0.00 secs] 
79.551: [GC (Allocation Failure) [PSYoungGen: 345632K->32K(331776K)] 347516K->1916K(506880K), 0.0005429 secs] [Times: user=0.00 sys=0.00, real=0.00 secs] 
79.602: [GC (Allocation Failure) [PSYoungGen: 331296K->64K(317952K)] 333180K->1948K(493056K), 0.0005180 secs] [Times: user=0.00 sys=0.00, real=0.00 secs] 
79.650: [GC (Allocation Failure) [PSYoungGen: 317504K->96K(305152K)] 319388K->1980K(480256K), 0.0005178 secs] [Times: user=0.00 sys=0.00, real=0.00 secs] 
79.696: [GC (Allocation Failure) [PSYoungGen: 304736K->64K(292864K)] 306620K->1948K(467968K), 0.0005301 secs] [Times: user=0.00 sys=0.00, real=0.00 secs] 
79.741: [GC (Allocation Failure) [PSYoungGen: 292416K->32K(351744K)] 294300K->1916K(526848K), 0.0005768 secs] [Times: user=0.00 sys=0.00, real=0.00 secs] 
79.794: [GC (Allocation Failure) [PSYoungGen: 351264K->96K(337408K)] 353148K->1980K(512512K), 0.0005731 secs] [Times: user=0.01 sys=0.00, real=0.00 secs] 
79.846: [GC (Allocation Failure) [PSYoungGen: 336992K->32K(323584K)] 338876K->1916K(498688K), 0.0005229 secs] [Times: user=0.00 sys=0.00, real=0.00 secs] 
79.895: [GC (Allocation Failure) [PSYoungGen: 323104K->64K(310272K)] 324988K->1948K(485376K), 0.0005266 secs] [Times: user=0.00 sys=0.00, real=0.01 secs] 
79.942: [GC (Allocation Failure) [PSYoungGen: 309824K->96K(297984K)] 311708K->1980K(473088K), 0.0005318 secs] [Times: user=0.00 sys=0.00, real=0.00 secs] 
79.988: [GC (Allocation Failure) [PSYoungGen: 297568K->96K(286208K)] 299452K->1980K(461312K), 0.0005210 secs] [Times: user=0.00 sys=0.00, real=0.00 secs] 
80.032: [GC (Allocation Failure) [PSYoungGen: 285792K->96K(274944K)] 287676K->1980K(450048K), 0.0005128 secs] [Times: user=0.01 sys=0.00, real=0.00 secs] 
80.075: [GC (Allocation Failure) [PSYoungGen: 274528K->32K(330240K)] 276412K->1916K(505344K), 0.0005736 secs] [Times: user=0.00 sys=0.00, real=0.01 secs] 
80.125: [GC (Allocation Failure) [PSYoungGen: 329760K->96K(396288K)] 331644K->1980K(571392K), 0.0006152 secs] [Times: user=0.00 sys=0.00, real=0.01 secs] 
80.186: [GC (Allocation Failure) [PSYoungGen: 395872K->96K(379392K)] 397756K->1980K(554496K), 0.0005202 secs] [Times: user=0.00 sys=0.00, real=0.00 secs] 
80.244: [GC (Allocation Failure) [PSYoungGen: 378976K->96K(363520K)] 380860K->1980K(538624K), 0.0005302 secs] [Times: user=0.00 sys=0.00, real=0.00 secs] 
80.300: [GC (Allocation Failure) [PSYoungGen: 363104K->64K(436224K)] 364988K->1948K(611328K), 0.0010155 secs] [Times: user=0.01 sys=0.00, real=0.00 secs] 
80.372: [GC (Allocation Failure) [PSYoungGen: 435776K->32K(523776K)] 437660K->1940K(698880K), 0.0005901 secs] [Times: user=0.00 sys=0.00, real=0.00 secs] 
80.451: [GC (Allocation Failure) [PSYoungGen: 523296K->32K(500736K)] 525204K->1940K(675840K), 0.0005138 secs] [Times: user=0.00 sys=0.00, real=0.00 secs] 
80.529: [GC (Allocation Failure) [PSYoungGen: 500256K->96K(478720K)] 502164K->2004K(653824K), 0.0005319 secs] [Times: user=0.01 sys=0.00, real=0.00 secs] 
80.602: [GC (Allocation Failure) [PSYoungGen: 478304K->96K(457728K)] 480212K->2004K(632832K), 0.0005891 secs] [Times: user=0.00 sys=0.00, real=0.00 secs] 
80.672: [GC (Allocation Failure) [PSYoungGen: 457312K->96K(437760K)] 459220K->2004K(612864K), 0.0005170 secs] [Times: user=0.00 sys=0.00, real=0.00 secs] 
80.739: [GC (Allocation Failure) [PSYoungGen: 437344K->96K(418816K)] 439252K->2004K(593920K), 0.0006585 secs] [Times: user=0.00 sys=0.01, real=0.00 secs] 
80.803: [GC (Allocation Failure) [PSYoungGen: 418400K->96K(400896K)] 420308K->2004K(576000K), 0.0005260 secs] [Times: user=0.00 sys=0.00, real=0.00 secs] 
80.865: [GC (Allocation Failure) [PSYoungGen: 400480K->96K(384000K)] 402388K->2004K(559104K), 0.0005927 secs] [Times: user=0.00 sys=0.00, real=0.01 secs] 
80.924: [GC (Allocation Failure) [PSYoungGen: 383584K->96K(368128K)] 385492K->2004K(543232K), 0.0005294 secs] [Times: user=0.00 sys=0.00, real=0.00 secs] 
80.980: [GC (Allocation Failure) [PSYoungGen: 367712K->96K(352768K)] 369620K->2004K(527872K), 0.0005372 secs] [Times: user=0.00 sys=0.00, real=0.00 secs] 
81.034: [GC (Allocation Failure) [PSYoungGen: 352352K->96K(337920K)] 354260K->2004K(513024K), 0.0005702 secs] [Times: user=0.00 sys=0.00, real=0.00 secs] 
81.085: [GC (Allocation Failure) [PSYoungGen: 337504K->96K(324096K)] 339412K->2004K(499200K), 0.0005223 secs] [Times: user=0.01 sys=0.00, real=0.01 secs] 
81.135: [GC (Allocation Failure) [PSYoungGen: 323680K->96K(310784K)] 325588K->2004K(485888K), 0.0005259 secs] [Times: user=0.01 sys=0.00, real=0.00 secs] 
81.182: [GC (Allocation Failure) [PSYoungGen: 310368K->64K(297984K)] 312276K->1972K(473088K), 0.0005144 secs] [Times: user=0.00 sys=0.00, real=0.00 secs] 
81.228: [GC (Allocation Failure) [PSYoungGen: 297536K->96K(286208K)] 299444K->2004K(461312K), 0.0005712 secs] [Times: user=0.00 sys=0.00, real=0.00 secs] 
81.272: [GC (Allocation Failure) [PSYoungGen: 285792K->64K(343552K)] 287700K->1972K(518656K), 0.0010444 secs] [Times: user=0.00 sys=0.00, real=0.00 secs] 
81.325: [GC (Allocation Failure) [PSYoungGen: 343104K->96K(412160K)] 345012K->2004K(587264K), 0.0005181 secs] [Times: user=0.00 sys=0.00, real=0.00 secs] 
81.388: [GC (Allocation Failure) [PSYoungGen: 411744K->96K(494592K)] 413652K->2004K(669696K), 0.0005306 secs] [Times: user=0.00 sys=0.00, real=0.00 secs] 
81.464: [GC (Allocation Failure) [PSYoungGen: 494168K->32K(473088K)] 496077K->1940K(648192K), 0.0005096 secs] [Times: user=0.00 sys=0.00, real=0.00 secs] 
81.537: [GC (Allocation Failure) [PSYoungGen: 472608K->32K(452608K)] 474516K->1940K(627712K), 0.0005708 secs] [Times: user=0.00 sys=0.00, real=0.00 secs] 
81.606: [GC (Allocation Failure) [PSYoungGen: 452128K->96K(433152K)] 454036K->2004K(608256K), 0.0005555 secs] [Times: user=0.00 sys=0.00, real=0.00 secs] 
81.672: [GC (Allocation Failure) [PSYoungGen: 432736K->64K(414720K)] 434644K->1972K(589824K), 0.0005795 secs] [Times: user=0.00 sys=0.00, real=0.00 secs] 
81.737: [GC (Allocation Failure) [PSYoungGen: 414272K->32K(397312K)] 416180K->1940K(572416K), 0.0005357 secs] [Times: user=0.00 sys=0.00, real=0.00 secs] 
81.800: [GC (Allocation Failure) [PSYoungGen: 396832K->96K(380416K)] 398740K->2004K(555520K), 0.0005487 secs] [Times: user=0.01 sys=0.00, real=0.00 secs] 
81.859: [GC (Allocation Failure) [PSYoungGen: 380000K->96K(364544K)] 381908K->2004K(539648K), 0.0005414 secs] [Times: user=0.00 sys=0.00, real=0.00 secs] 
81.915: [GC (Allocation Failure) [PSYoungGen: 364128K->96K(349184K)] 366036K->2004K(524288K), 0.0005136 secs] [Times: user=0.00 sys=0.00, real=0.00 secs] 
81.968: [GC (Allocation Failure) [PSYoungGen: 348768K->96K(334848K)] 350676K->2004K(509952K), 0.0005221 secs] [Times: user=0.00 sys=0.00, real=0.00 secs] 
82.019: [GC (Allocation Failure) [PSYoungGen: 334432K->96K(321024K)] 336340K->2004K(496128K), 0.0005242 secs] [Times: user=0.01 sys=0.00, real=0.00 secs] 
82.068: [GC (Allocation Failure) [PSYoungGen: 320608K->96K(308224K)] 322516K->2004K(483328K), 0.0005406 secs] [Times: user=0.01 sys=0.00, real=0.00 secs] 
82.115: [GC (Allocation Failure) [PSYoungGen: 307808K->96K(295936K)] 309716K->2004K(471040K), 0.0005153 secs] [Times: user=0.00 sys=0.00, real=0.01 secs] 
82.160: [GC (Allocation Failure) [PSYoungGen: 295520K->96K(284160K)] 297428K->2004K(459264K), 0.0005643 secs] [Times: user=0.00 sys=0.00, real=0.00 secs] 
82.204: [GC (Allocation Failure) [PSYoungGen: 283744K->64K(272896K)] 285652K->1972K(448000K), 0.0005202 secs] [Times: user=0.00 sys=0.00, real=0.00 secs] 
82.245: [GC (Allocation Failure) [PSYoungGen: 272448K->96K(327680K)] 274356K->2004K(502784K), 0.0005128 secs] [Times: user=0.00 sys=0.00, real=0.01 secs] 
82.296: [GC (Allocation Failure) [PSYoungGen: 327264K->32K(314368K)] 329172K->1940K(489472K), 0.0005387 secs] [Times: user=0.01 sys=0.00, real=0.00 secs] 
82.344: [GC (Allocation Failure) [PSYoungGen: 313888K->64K(377344K)] 315796K->1972K(552448K), 0.0005683 secs] [Times: user=0.00 sys=0.00, real=0.00 secs] 
82.402: [GC (Allocation Failure) [PSYoungGen: 376896K->96K(361472K)] 378804K->2004K(536576K), 0.0005280 secs] [Times: user=0.00 sys=0.00, real=0.00 secs] 
82.458: [GC (Allocation Failure) [PSYoungGen: 361056K->96K(346624K)] 362964K->2004K(521728K), 0.0005626 secs] [Times: user=0.00 sys=0.00, real=0.00 secs] 
82.513: [GC (Allocation Failure) [PSYoungGen: 346208K->96K(332288K)] 348116K->2004K(507392K), 0.0005419 secs] [Times: user=0.00 sys=0.00, real=0.00 secs] 
82.564: [GC (Allocation Failure) [PSYoungGen: 331872K->96K(318464K)] 333780K->2004K(493568K), 0.0005248 secs] [Times: user=0.01 sys=0.00, real=0.00 secs] 
82.613: [GC (Allocation Failure) [PSYoungGen: 318048K->32K(305664K)] 319956K->1940K(480768K), 0.0005782 secs] [Times: user=0.00 sys=0.00, real=0.00 secs] 
82.660: [GC (Allocation Failure) [PSYoungGen: 305184K->96K(293376K)] 307092K->2004K(468480K), 0.0005539 secs] [Times: user=0.00 sys=0.00, real=0.00 secs] 
82.705: [GC (Allocation Failure) [PSYoungGen: 292960K->64K(281600K)] 294868K->1972K(456704K), 0.0005210 secs] [Times: user=0.00 sys=0.00, real=0.00 secs] 
82.748: [GC (Allocation Failure) [PSYoungGen: 281152K->96K(337920K)] 283060K->2004K(513024K), 0.0005871 secs] [Times: user=0.00 sys=0.00, real=0.00 secs] 
82.800: [GC (Allocation Failure) [PSYoungGen: 337504K->96K(405504K)] 339412K->2004K(580608K), 0.0005180 secs] [Times: user=0.00 sys=0.00, real=0.00 secs] 
82.861: [GC (Allocation Failure) [PSYoungGen: 405088K->64K(388096K)] 406996K->1972K(563200K), 0.0005793 secs] [Times: user=0.01 sys=0.00, real=0.00 secs] 
82.920: [GC (Allocation Failure) [PSYoungGen: 387648K->96K(371712K)] 389556K->2004K(546816K), 0.0005099 secs] [Times: user=0.00 sys=0.00, real=0.00 secs] 
82.977: [GC (Allocation Failure) [PSYoungGen: 371296K->96K(356352K)] 373204K->2004K(531456K), 0.0005282 secs] [Times: user=0.00 sys=0.00, real=0.00 secs] 
83.032: [GC (Allocation Failure) [PSYoungGen: 355936K->32K(341504K)] 357844K->1940K(516608K), 0.0005277 secs] [Times: user=0.00 sys=0.00, real=0.00 secs] 
83.084: [GC (Allocation Failure) [PSYoungGen: 341024K->32K(327680K)] 342932K->1940K(502784K), 0.0005625 secs] [Times: user=0.00 sys=0.00, real=0.00 secs] 
83.134: [GC (Allocation Failure) [PSYoungGen: 327200K->64K(314368K)] 329108K->1972K(489472K), 0.0005280 secs] [Times: user=0.00 sys=0.00, real=0.00 secs] 
83.183: [GC (Allocation Failure) [PSYoungGen: 313920K->0K(301568K)] 315828K->1908K(476672K), 0.0005468 secs] [Times: user=0.00 sys=0.00, real=0.00 secs] 
83.230: [GC (Allocation Failure) [PSYoungGen: 301056K->128K(289280K)] 302964K->2036K(464384K), 0.0005357 secs] [Times: user=0.00 sys=0.00, real=0.00 secs] 
83.274: [GC (Allocation Failure) [PSYoungGen: 288896K->32K(278016K)] 290804K->1940K(453120K), 0.0005249 secs] [Times: user=0.00 sys=0.00, real=0.00 secs] 
83.316: [GC (Allocation Failure) [PSYoungGen: 277536K->32K(333824K)] 279444K->1940K(508928K), 0.0005017 secs] [Times: user=0.00 sys=0.00, real=0.00 secs] 
83.368: [GC (Allocation Failure) [PSYoungGen: 333344K->96K(320000K)] 335252K->2004K(495104K), 0.0005174 secs] [Times: user=0.01 sys=0.00, real=0.00 secs] 
83.418: [GC (Allocation Failure) [PSYoungGen: 319584K->64K(307200K)] 321492K->1972K(482304K), 0.0005629 secs] [Times: user=0.00 sys=0.00, real=0.00 secs] 
83.467: [GC (Allocation Failure) [PSYoungGen: 306752K->32K(294912K)] 308660K->1940K(470016K), 0.0005458 secs] [Times: user=0.01 sys=0.00, real=0.00 secs] 
83.514: [GC (Allocation Failure) [PSYoungGen: 294432K->32K(353792K)] 296340K->1940K(528896K), 0.0005596 secs] [Times: user=0.00 sys=0.00, real=0.00 secs] 
83.568: [GC (Allocation Failure) [PSYoungGen: 353312K->96K(338944K)] 355220K->2004K(514048K), 0.0005294 secs] [Times: user=0.00 sys=0.00, real=0.00 secs] 
83.619: [GC (Allocation Failure) [PSYoungGen: 338528K->32K(325120K)] 340436K->1940K(500224K), 0.0005253 secs] [Times: user=0.00 sys=0.00, real=0.00 secs] 
83.668: [GC (Allocation Failure) [PSYoungGen: 324640K->96K(311808K)] 326548K->2004K(486912K), 0.0005290 secs] [Times: user=0.00 sys=0.00, real=0.00 secs] 
83.716: [GC (Allocation Failure) [PSYoungGen: 311392K->96K(299008K)] 313300K->2004K(474112K), 0.0005182 secs] [Times: user=0.00 sys=0.00, real=0.00 secs] 
83.762: [GC (Allocation Failure) [PSYoungGen: 298592K->96K(287232K)] 300500K->2004K(462336K), 0.0005400 secs] [Times: user=0.00 sys=0.00, real=0.00 secs] 
83.806: [GC (Allocation Failure) [PSYoungGen: 286816K->96K(344576K)] 288724K->2004K(519680K), 0.0005407 secs] [Times: user=0.00 sys=0.00, real=0.01 secs] 
83.858: [GC (Allocation Failure) [PSYoungGen: 344160K->96K(413696K)] 346068K->2004K(588800K), 0.0005726 secs] [Times: user=0.00 sys=0.00, real=0.00 secs] 
83.924: [GC (Allocation Failure) [PSYoungGen: 413280K->32K(396288K)] 415188K->1940K(571392K), 0.0005219 secs] [Times: user=0.01 sys=0.00, real=0.00 secs] 
83.984: [GC (Allocation Failure) [PSYoungGen: 395808K->64K(379392K)] 397716K->1972K(554496K), 0.0005240 secs] [Times: user=0.00 sys=0.00, real=0.00 secs] 
84.044: [GC (Allocation Failure) [PSYoungGen: 378944K->96K(363520K)] 380852K->2004K(538624K), 0.0005419 secs] [Times: user=0.00 sys=0.00, real=0.00 secs] 
84.099: [GC (Allocation Failure) [PSYoungGen: 363104K->96K(348160K)] 365012K->2004K(523264K), 0.0005281 secs] [Times: user=0.00 sys=0.00, real=0.00 secs] 
84.152: [GC (Allocation Failure) [PSYoungGen: 347744K->96K(333824K)] 349652K->2004K(508928K), 0.0005189 secs] [Times: user=0.01 sys=0.00, real=0.00 secs] 
84.205: [GC (Allocation Failure) [PSYoungGen: 333408K->96K(320000K)] 335316K->2004K(495104K), 0.0005983 secs] [Times: user=0.00 sys=0.00, real=0.00 secs] 
84.254: [GC (Allocation Failure) [PSYoungGen: 319584K->32K(307200K)] 321492K->1940K(482304K), 0.0005586 secs] [Times: user=0.00 sys=0.00, real=0.00 secs] 
84.301: [GC (Allocation Failure) [PSYoungGen: 306720K->96K(294912K)] 308628K->2004K(470016K), 0.0005609 secs] [Times: user=0.01 sys=0.00, real=0.00 secs] 
84.348: [GC (Allocation Failure) [PSYoungGen: 294496K->96K(353792K)] 296404K->2004K(528896K), 0.0006095 secs] [Times: user=0.00 sys=0.00, real=0.00 secs] 
84.404: [GC (Allocation Failure) [PSYoungGen: 353376K->32K(338944K)] 355284K->1940K(514048K), 0.0005182 secs] [Times: user=0.00 sys=0.00, real=0.00 secs] 
84.456: [GC (Allocation Failure) [PSYoungGen: 338464K->32K(325120K)] 340372K->1940K(500224K), 0.0005202 secs] [Times: user=0.00 sys=0.00, real=0.00 secs] 
84.507: [GC (Allocation Failure) [PSYoungGen: 324640K->64K(311808K)] 326548K->1972K(486912K), 0.0005625 secs] [Times: user=0.00 sys=0.00, real=0.00 secs] 
84.555: [GC (Allocation Failure) [PSYoungGen: 311360K->96K(299008K)] 313268K->2004K(474112K), 0.0005274 secs] [Times: user=0.00 sys=0.00, real=0.01 secs] 
84.601: [GC (Allocation Failure) [PSYoungGen: 298592K->96K(358912K)] 300500K->2004K(534016K), 0.0005709 secs] [Times: user=0.00 sys=0.00, real=0.00 secs] 
84.657: [GC (Allocation Failure) [PSYoungGen: 358496K->96K(430592K)] 360404K->2004K(605696K), 0.0006151 secs] [Times: user=0.00 sys=0.00, real=0.00 secs] 
84.726: [GC (Allocation Failure) [PSYoungGen: 430176K->96K(412160K)] 432084K->2004K(587264K), 0.0005366 secs] [Times: user=0.00 sys=0.00, real=0.00 secs] 
84.788: [GC (Allocation Failure) [PSYoungGen: 411744K->96K(394752K)] 413652K->2004K(569856K), 0.0005197 secs] [Times: user=0.00 sys=0.00, real=0.00 secs] 
84.850: [GC (Allocation Failure) [PSYoungGen: 394336K->32K(377856K)] 396244K->1940K(552960K), 0.0005475 secs] [Times: user=0.00 sys=0.00, real=0.00 secs] 
84.908: [GC (Allocation Failure) [PSYoungGen: 377376K->96K(361984K)] 379284K->2004K(537088K), 0.0005816 secs] [Times: user=0.00 sys=0.00, real=0.00 secs] 
84.963: [GC (Allocation Failure) [PSYoungGen: 361568K->96K(347136K)] 363476K->2004K(522240K), 0.0005309 secs] [Times: user=0.00 sys=0.00, real=0.00 secs] 
85.016: [GC (Allocation Failure) [PSYoungGen: 346720K->96K(332800K)] 348628K->2004K(507904K), 0.0005302 secs] [Times: user=0.01 sys=0.00, real=0.00 secs] 
85.067: [GC (Allocation Failure) [PSYoungGen: 332384K->96K(318976K)] 334292K->2004K(494080K), 0.0005155 secs] [Times: user=0.00 sys=0.00, real=0.00 secs] 
85.115: [GC (Allocation Failure) [PSYoungGen: 318560K->96K(306176K)] 320468K->2004K(481280K), 0.0005805 secs] [Times: user=0.01 sys=0.00, real=0.01 secs] 
85.163: [GC (Allocation Failure) [PSYoungGen: 305760K->96K(293888K)] 307668K->2004K(468992K), 0.0005745 secs] [Times: user=0.00 sys=0.00, real=0.00 secs] 
85.209: [GC (Allocation Failure) [PSYoungGen: 293472K->32K(282112K)] 295380K->1940K(457216K), 0.0005026 secs] [Times: user=0.00 sys=0.00, real=0.00 secs] 
85.253: [GC (Allocation Failure) [PSYoungGen: 281632K->96K(270848K)] 283540K->2004K(445952K), 0.0005246 secs] [Times: user=0.00 sys=0.00, real=0.00 secs] 
85.295: [GC (Allocation Failure) [PSYoungGen: 270432K->96K(325120K)] 272340K->2004K(500224K), 0.0005233 secs] [Times: user=0.00 sys=0.01, real=0.01 secs] 
85.345: [GC (Allocation Failure) [PSYoungGen: 324704K->96K(390144K)] 326612K->2004K(565248K), 0.0005233 secs] [Times: user=0.00 sys=0.00, real=0.01 secs] 
85.405: [GC (Allocation Failure) [PSYoungGen: 389728K->32K(373760K)] 391636K->1940K(548864K), 0.0005297 secs] [Times: user=0.00 sys=0.00, real=0.00 secs] 
85.463: [GC (Allocation Failure) [PSYoungGen: 373280K->32K(357888K)] 375188K->1940K(532992K), 0.0005521 secs] [Times: user=0.01 sys=0.00, real=0.00 secs] 
85.520: [GC (Allocation Failure) [PSYoungGen: 357408K->96K(343040K)] 359316K->2004K(518144K), 0.0005393 secs] [Times: user=0.00 sys=0.00, real=0.00 secs] 
85.572: [GC (Allocation Failure) [PSYoungGen: 342624K->64K(328704K)] 344532K->1972K(503808K), 0.0005127 secs] [Times: user=0.01 sys=0.00, real=0.00 secs] 
85.623: [GC (Allocation Failure) [PSYoungGen: 328256K->96K(315392K)] 330164K->2004K(490496K), 0.0005622 secs] [Times: user=0.00 sys=0.00, real=0.00 secs] 
85.672: [GC (Allocation Failure) [PSYoungGen: 314976K->64K(302592K)] 316884K->1972K(477696K), 0.0005188 secs] [Times: user=0.01 sys=0.00, real=0.00 secs] 
85.718: [GC (Allocation Failure) [PSYoungGen: 302140K->32K(290304K)] 304048K->1940K(465408K), 0.0005961 secs] [Times: user=0.00 sys=0.00, real=0.00 secs] 
85.764: [GC (Allocation Failure) [PSYoungGen: 289824K->96K(348672K)] 291732K->2004K(523776K), 0.0005792 secs] [Times: user=0.00 sys=0.00, real=0.00 secs] 
85.817: [GC (Allocation Failure) [PSYoungGen: 348256K->96K(334336K)] 350164K->2004K(509440K), 0.0005232 secs] [Times: user=0.00 sys=0.00, real=0.00 secs] 
85.868: [GC (Allocation Failure) [PSYoungGen: 333920K->32K(320512K)] 335828K->1940K(495616K), 0.0005532 secs] [Times: user=0.00 sys=0.00, real=0.00 secs] 
85.917: [GC (Allocation Failure) [PSYoungGen: 320032K->96K(307712K)] 321940K->2004K(482816K), 0.0005207 secs] [Times: user=0.00 sys=0.00, real=0.00 secs] 
85.964: [GC (Allocation Failure) [PSYoungGen: 307296K->96K(369152K)] 309204K->2004K(544256K), 0.0006296 secs] [Times: user=0.00 sys=0.00, real=0.00 secs] 
86.020: [GC (Allocation Failure) [PSYoungGen: 368736K->96K(353792K)] 370644K->2004K(528896K), 0.0005418 secs] [Times: user=0.00 sys=0.00, real=0.00 secs] 
86.074: [GC (Allocation Failure) [PSYoungGen: 353376K->96K(338944K)] 355284K->2004K(514048K), 0.0005334 secs] [Times: user=0.00 sys=0.00, real=0.00 secs] 
86.127: [GC (Allocation Failure) [PSYoungGen: 338528K->96K(325120K)] 340436K->2004K(500224K), 0.0005319 secs] [Times: user=0.00 sys=0.00, real=0.00 secs] 
86.178: [GC (Allocation Failure) [PSYoungGen: 324704K->96K(311808K)] 326612K->2004K(486912K), 0.0005093 secs] [Times: user=0.00 sys=0.00, real=0.00 secs] 
86.228: [GC (Allocation Failure) [PSYoungGen: 311392K->64K(299008K)] 313300K->1972K(474112K), 0.0006293 secs] [Times: user=0.00 sys=0.00, real=0.00 secs] 
86.274: [GC (Allocation Failure) [PSYoungGen: 298560K->96K(287232K)] 300468K->2004K(462336K), 0.0005501 secs] [Times: user=0.00 sys=0.00, real=0.00 secs] 
86.318: [GC (Allocation Failure) [PSYoungGen: 286816K->96K(344576K)] 288724K->2004K(519680K), 0.0005508 secs] [Times: user=0.00 sys=0.00, real=0.00 secs] 
86.371: [GC (Allocation Failure) [PSYoungGen: 344160K->64K(330240K)] 346068K->1972K(505344K), 0.0005141 secs] [Times: user=0.00 sys=0.00, real=0.00 secs] 
86.421: [GC (Allocation Failure) [PSYoungGen: 329792K->96K(316928K)] 331700K->2004K(492032K), 0.0005290 secs] [Times: user=0.00 sys=0.00, real=0.00 secs] 
86.470: [GC (Allocation Failure) [PSYoungGen: 316512K->96K(304128K)] 318420K->2004K(479232K), 0.0005211 secs] [Times: user=0.00 sys=0.00, real=0.00 secs] 
86.518: [GC (Allocation Failure) [PSYoungGen: 303712K->32K(291840K)] 305620K->1940K(466944K), 0.0005469 secs] [Times: user=0.00 sys=0.00, real=0.00 secs] 
86.562: [GC (Allocation Failure) [PSYoungGen: 291360K->96K(350208K)] 293268K->2004K(525312K), 0.0005204 secs] [Times: user=0.00 sys=0.00, real=0.00 secs] 
86.616: [GC (Allocation Failure) [PSYoungGen: 349792K->64K(335872K)] 351700K->1972K(510976K), 0.0005229 secs] [Times: user=0.00 sys=0.00, real=0.00 secs] 
86.667: [GC (Allocation Failure) [PSYoungGen: 335424K->64K(322048K)] 337332K->1972K(497152K), 0.0005248 secs] [Times: user=0.00 sys=0.00, real=0.00 secs] 
86.716: [GC (Allocation Failure) [PSYoungGen: 321600K->64K(308736K)] 323508K->1972K(483840K), 0.0005604 secs] [Times: user=0.00 sys=0.00, real=0.00 secs] 
86.763: [GC (Allocation Failure) [PSYoungGen: 308288K->96K(296448K)] 310196K->2004K(471552K), 0.0005229 secs] [Times: user=0.00 sys=0.00, real=0.00 secs] 
86.808: [GC (Allocation Failure) [PSYoungGen: 296032K->96K(284672K)] 297940K->2004K(459776K), 0.0005203 secs] [Times: user=0.00 sys=0.00, real=0.00 secs] 
86.853: [GC (Allocation Failure) [PSYoungGen: 284256K->32K(341504K)] 286164K->1940K(516608K), 0.0005179 secs] [Times: user=0.00 sys=0.00, real=0.00 secs] 
86.906: [GC (Allocation Failure) [PSYoungGen: 341024K->96K(327680K)] 342932K->2004K(502784K), 0.0005286 secs] [Times: user=0.00 sys=0.00, real=0.00 secs] 
86.958: [GC (Allocation Failure) [PSYoungGen: 327264K->96K(314368K)] 329172K->2004K(489472K), 0.0005636 secs] [Times: user=0.00 sys=0.00, real=0.00 secs] 
87.007: [GC (Allocation Failure) [PSYoungGen: 313952K->96K(301568K)] 315860K->2004K(476672K), 0.0005270 secs] [Times: user=0.00 sys=0.00, real=0.00 secs] 
87.053: [GC (Allocation Failure) [PSYoungGen: 301152K->32K(289280K)] 303060K->1940K(464384K), 0.0005204 secs] [Times: user=0.00 sys=0.00, real=0.00 secs] 
87.097: [GC (Allocation Failure) [PSYoungGen: 288800K->32K(347136K)] 290708K->1940K(522240K), 0.0005172 secs] [Times: user=0.00 sys=0.00, real=0.00 secs] 
87.150: [GC (Allocation Failure) [PSYoungGen: 346656K->64K(332800K)] 348564K->1972K(507904K), 0.0005204 secs] [Times: user=0.00 sys=0.00, real=0.00 secs] 
87.201: [GC (Allocation Failure) [PSYoungGen: 332352K->96K(318976K)] 334260K->2004K(494080K), 0.0005263 secs] [Times: user=0.00 sys=0.00, real=0.00 secs] 
87.249: [GC (Allocation Failure) [PSYoungGen: 318560K->96K(306176K)] 320468K->2004K(481280K), 0.0005352 secs] [Times: user=0.00 sys=0.00, real=0.00 secs] 
87.296: [GC (Allocation Failure) [PSYoungGen: 305760K->32K(293888K)] 307668K->1940K(468992K), 0.0005027 secs] [Times: user=0.00 sys=0.00, real=0.00 secs] 
87.341: [GC (Allocation Failure) [PSYoungGen: 293408K->96K(282112K)] 295316K->2004K(457216K), 0.0005238 secs] [Times: user=0.00 sys=0.00, real=0.00 secs] 
87.384: [GC (Allocation Failure) [PSYoungGen: 281696K->32K(338432K)] 283604K->1940K(513536K), 0.0005261 secs] [Times: user=0.00 sys=0.00, real=0.00 secs] 
87.436: [GC (Allocation Failure) [PSYoungGen: 337952K->32K(324608K)] 339860K->1940K(499712K), 0.0005022 secs] [Times: user=0.00 sys=0.00, real=0.00 secs] 
87.487: [GC (Allocation Failure) [PSYoungGen: 324128K->96K(311296K)] 326036K->2004K(486400K), 0.0005206 secs] [Times: user=0.01 sys=0.00, real=0.00 secs] 
87.534: [GC (Allocation Failure) [PSYoungGen: 310880K->96K(298496K)] 312788K->2004K(473600K), 0.0005222 secs] [Times: user=0.00 sys=0.00, real=0.00 secs] 
87.580: [GC (Allocation Failure) [PSYoungGen: 298080K->32K(286720K)] 299988K->1940K(461824K), 0.0005512 secs] [Times: user=0.00 sys=0.00, real=0.00 secs] 
87.624: [GC (Allocation Failure) [PSYoungGen: 286240K->96K(344064K)] 288148K->2004K(519168K), 0.0005371 secs] [Times: user=0.00 sys=0.00, real=0.00 secs] 
87.676: [GC (Allocation Failure) [PSYoungGen: 343648K->64K(329728K)] 345556K->1972K(504832K), 0.0005223 secs] [Times: user=0.00 sys=0.00, real=0.00 secs] 
87.726: [GC (Allocation Failure) [PSYoungGen: 329280K->96K(316416K)] 331188K->2004K(491520K), 0.0005363 secs] [Times: user=0.00 sys=0.00, real=0.00 secs] 
87.774: [GC (Allocation Failure) [PSYoungGen: 316000K->32K(379904K)] 317908K->1940K(555008K), 0.0005751 secs] [Times: user=0.00 sys=0.00, real=0.00 secs] 
87.832: [GC (Allocation Failure) [PSYoungGen: 379424K->32K(364032K)] 381332K->1940K(539136K), 0.0005358 secs] [Times: user=0.00 sys=0.00, real=0.00 secs] 
87.888: [GC (Allocation Failure) [PSYoungGen: 363552K->64K(348672K)] 365460K->1972K(523776K), 0.0005470 secs] [Times: user=0.00 sys=0.00, real=0.00 secs] 
87.942: [GC (Allocation Failure) [PSYoungGen: 348224K->96K(334336K)] 350132K->2004K(509440K), 0.0005358 secs] [Times: user=0.00 sys=0.00, real=0.00 secs] 
87.994: [GC (Allocation Failure) [PSYoungGen: 333920K->96K(320512K)] 335828K->2004K(495616K), 0.0005291 secs] [Times: user=0.00 sys=0.00, real=0.00 secs] 
88.043: [GC (Allocation Failure) [PSYoungGen: 320096K->32K(307712K)] 322004K->1940K(482816K), 0.0005455 secs] [Times: user=0.00 sys=0.00, real=0.00 secs] 
88.091: [GC (Allocation Failure) [PSYoungGen: 307232K->64K(295424K)] 309140K->1972K(470528K), 0.0005760 secs] [Times: user=0.00 sys=0.00, real=0.00 secs] 
88.136: [GC (Allocation Failure) [PSYoungGen: 294976K->96K(283648K)] 296884K->2004K(458752K), 0.0005333 secs] [Times: user=0.00 sys=0.00, real=0.00 secs] 
88.181: [GC (Allocation Failure) [PSYoungGen: 283232K->96K(340480K)] 285140K->2004K(515584K), 0.0005277 secs] [Times: user=0.00 sys=0.00, real=0.00 secs] 
88.234: [GC (Allocation Failure) [PSYoungGen: 340064K->32K(326656K)] 341972K->1940K(501760K), 0.0005076 secs] [Times: user=0.00 sys=0.00, real=0.00 secs] 
88.283: [GC (Allocation Failure) [PSYoungGen: 326176K->32K(313344K)] 328084K->1940K(488448K), 0.0005322 secs] [Times: user=0.00 sys=0.00, real=0.00 secs] 
88.332: [GC (Allocation Failure) [PSYoungGen: 312864K->64K(300544K)] 314772K->1972K(475648K), 0.0005425 secs] [Times: user=0.00 sys=0.00, real=0.00 secs] 
88.378: [GC (Allocation Failure) [PSYoungGen: 300096K->96K(288256K)] 302004K->2004K(463360K), 0.0005267 secs] [Times: user=0.00 sys=0.00, real=0.00 secs] 
88.422: [GC (Allocation Failure) [PSYoungGen: 287840K->96K(346112K)] 289748K->2004K(521216K), 0.0005237 secs] [Times: user=0.00 sys=0.00, real=0.00 secs] 
88.474: [GC (Allocation Failure) [PSYoungGen: 345696K->96K(331776K)] 347604K->2004K(506880K), 0.0005357 secs] [Times: user=0.00 sys=0.00, real=0.00 secs] 
88.527: [GC (Allocation Failure) [PSYoungGen: 331360K->96K(398336K)] 333268K->2004K(573440K), 0.0006248 secs] [Times: user=0.00 sys=0.00, real=0.00 secs] 
88.588: [GC (Allocation Failure) [PSYoungGen: 397920K->96K(381440K)] 399828K->2004K(556544K), 0.0005323 secs] [Times: user=0.00 sys=0.00, real=0.00 secs] 
88.646: [GC (Allocation Failure) [PSYoungGen: 381024K->64K(365568K)] 382932K->1972K(540672K), 0.0005279 secs] [Times: user=0.00 sys=0.00, real=0.00 secs] 
88.702: [GC (Allocation Failure) [PSYoungGen: 365120K->96K(350208K)] 367028K->2004K(525312K), 0.0005247 secs] [Times: user=0.00 sys=0.00, real=0.00 secs] 
88.755: [GC (Allocation Failure) [PSYoungGen: 349792K->96K(335872K)] 351700K->2004K(510976K), 0.0005345 secs] [Times: user=0.00 sys=0.00, real=0.01 secs] 
88.807: [GC (Allocation Failure) [PSYoungGen: 335456K->96K(322048K)] 337364K->2004K(497152K), 0.0005445 secs] [Times: user=0.00 sys=0.00, real=0.00 secs] 
88.856: [GC (Allocation Failure) [PSYoungGen: 321632K->32K(308736K)] 323540K->1940K(483840K), 0.0005212 secs] [Times: user=0.00 sys=0.00, real=0.00 secs] 
88.904: [GC (Allocation Failure) [PSYoungGen: 308256K->96K(296448K)] 310164K->2004K(471552K), 0.0005226 secs] [Times: user=0.00 sys=0.00, real=0.00 secs] 
88.950: [GC (Allocation Failure) [PSYoungGen: 296032K->96K(284672K)] 297940K->2004K(459776K), 0.0005229 secs] [Times: user=0.00 sys=0.00, real=0.00 secs] 
88.993: [GC (Allocation Failure) [PSYoungGen: 284256K->32K(273408K)] 286164K->1940K(448512K), 0.0005047 secs] [Times: user=0.00 sys=0.00, real=0.00 secs] 
89.035: [GC (Allocation Failure) [PSYoungGen: 272928K->96K(328192K)] 274836K->2004K(503296K), 0.0005236 secs] [Times: user=0.00 sys=0.00, real=0.01 secs] 
89.087: [GC (Allocation Failure) [PSYoungGen: 327776K->96K(314880K)] 329684K->2004K(489984K), 0.0005281 secs] [Times: user=0.01 sys=0.00, real=0.00 secs] 
89.136: [GC (Allocation Failure) [PSYoungGen: 314464K->96K(302080K)] 316372K->2004K(477184K), 0.0005233 secs] [Times: user=0.00 sys=0.00, real=0.00 secs] 
89.182: [GC (Allocation Failure) [PSYoungGen: 301664K->96K(289792K)] 303572K->2004K(464896K), 0.0005308 secs] [Times: user=0.00 sys=0.00, real=0.00 secs] 
89.226: [GC (Allocation Failure) [PSYoungGen: 289376K->96K(347648K)] 291284K->2004K(522752K), 0.0005186 secs] [Times: user=0.00 sys=0.00, real=0.00 secs] 
89.280: [GC (Allocation Failure) [PSYoungGen: 347232K->64K(333312K)] 349140K->1972K(508416K), 0.0005162 secs] [Times: user=0.00 sys=0.00, real=0.00 secs] 
89.331: [GC (Allocation Failure) [PSYoungGen: 332864K->96K(319488K)] 334772K->2004K(494592K), 0.0005540 secs] [Times: user=0.00 sys=0.00, real=0.00 secs] 
89.381: [GC (Allocation Failure) [PSYoungGen: 319072K->96K(306688K)] 320980K->2004K(481792K), 0.0005393 secs] [Times: user=0.00 sys=0.00, real=0.00 secs] 
89.428: [GC (Allocation Failure) [PSYoungGen: 306272K->64K(294400K)] 308180K->1972K(469504K), 0.0005536 secs] [Times: user=0.00 sys=0.00, real=0.00 secs] 
89.478: [GC (Allocation Failure) [PSYoungGen: 293952K->64K(353280K)] 295860K->1972K(528384K), 0.0008882 secs] [Times: user=0.00 sys=0.00, real=0.00 secs] 
89.540: [GC (Allocation Failure) [PSYoungGen: 352832K->96K(423936K)] 354740K->2004K(599040K), 0.0005245 secs] [Times: user=0.00 sys=0.00, real=0.00 secs] 
89.605: [GC (Allocation Failure) [PSYoungGen: 423520K->64K(406016K)] 425428K->1972K(581120K), 0.0005179 secs] [Times: user=0.00 sys=0.00, real=0.00 secs] 
89.667: [GC (Allocation Failure) [PSYoungGen: 405568K->32K(388608K)] 407476K->1940K(563712K), 0.0005257 secs] [Times: user=0.01 sys=0.00, real=0.00 secs] 
89.726: [GC (Allocation Failure) [PSYoungGen: 388128K->32K(372224K)] 390036K->1940K(547328K), 0.0005241 secs] [Times: user=0.00 sys=0.00, real=0.00 secs] 
89.782: [GC (Allocation Failure) [PSYoungGen: 371744K->96K(356864K)] 373652K->2004K(531968K), 0.0005210 secs] [Times: user=0.00 sys=0.00, real=0.00 secs] 
89.837: [GC (Allocation Failure) [PSYoungGen: 356448K->64K(342016K)] 358356K->1972K(517120K), 0.0005882 secs] [Times: user=0.00 sys=0.00, real=0.00 secs] 
89.890: [GC (Allocation Failure) [PSYoungGen: 341568K->96K(328192K)] 343476K->2004K(503296K), 0.0005183 secs] [Times: user=0.00 sys=0.00, real=0.00 secs] 
89.940: [GC (Allocation Failure) [PSYoungGen: 327776K->96K(314880K)] 329684K->2004K(489984K), 0.0005311 secs] [Times: user=0.00 sys=0.00, real=0.00 secs] 
89.988: [GC (Allocation Failure) [PSYoungGen: 314464K->96K(302080K)] 316372K->2004K(477184K), 0.0005220 secs] [Times: user=0.00 sys=0.00, real=0.00 secs] 
90.034: [GC (Allocation Failure) [PSYoungGen: 301664K->96K(289792K)] 303572K->2004K(464896K), 0.0005164 secs] [Times: user=0.00 sys=0.00, real=0.00 secs] 
90.078: [GC (Allocation Failure) [PSYoungGen: 289376K->96K(278016K)] 291284K->2004K(453120K), 0.0005182 secs] [Times: user=0.00 sys=0.00, real=0.00 secs] 
90.121: [GC (Allocation Failure) [PSYoungGen: 277600K->96K(333824K)] 279508K->2004K(508928K), 0.0005305 secs] [Times: user=0.00 sys=0.00, real=0.00 secs] 
90.172: [GC (Allocation Failure) [PSYoungGen: 333408K->96K(320000K)] 335316K->2004K(495104K), 0.0005381 secs] [Times: user=0.00 sys=0.00, real=0.00 secs] 
90.221: [GC (Allocation Failure) [PSYoungGen: 319584K->96K(307200K)] 321492K->2004K(482304K), 0.0005208 secs] [Times: user=0.00 sys=0.00, real=0.00 secs] 
90.267: [GC (Allocation Failure) [PSYoungGen: 306784K->32K(294912K)] 308692K->1940K(470016K), 0.0005359 secs] [Times: user=0.00 sys=0.00, real=0.00 secs] 
90.315: [GC (Allocation Failure) [PSYoungGen: 294432K->96K(353792K)] 296340K->2004K(528896K), 0.0010510 secs] [Times: user=0.00 sys=0.00, real=0.01 secs] 
90.371: [GC (Allocation Failure) [PSYoungGen: 353376K->32K(424448K)] 355284K->1964K(599552K), 0.0010060 secs] [Times: user=0.01 sys=0.00, real=0.00 secs] 
90.437: [GC (Allocation Failure) [PSYoungGen: 423968K->96K(509440K)] 425900K->2028K(684544K), 0.0005282 secs] [Times: user=0.00 sys=0.00, real=0.00 secs] 
90.518: [GC (Allocation Failure) [PSYoungGen: 509024K->96K(611328K)] 510956K->2028K(786432K), 0.0005457 secs] [Times: user=0.00 sys=0.00, real=0.00 secs] 
90.613: [GC (Allocation Failure) [PSYoungGen: 610912K->64K(584192K)] 612844K->1996K(759296K), 0.0005298 secs] [Times: user=0.00 sys=0.00, real=0.00 secs] 
90.704: [GC (Allocation Failure) [PSYoungGen: 583744K->32K(558080K)] 585676K->1964K(733184K), 0.0005436 secs] [Times: user=0.00 sys=0.00, real=0.00 secs] 
90.790: [GC (Allocation Failure) [PSYoungGen: 557600K->96K(533504K)] 559532K->2028K(708608K), 0.0005311 secs] [Times: user=0.00 sys=0.00, real=0.00 secs] 
90.874: [GC (Allocation Failure) [PSYoungGen: 533088K->96K(509952K)] 535020K->2028K(685056K), 0.0005354 secs] [Times: user=0.00 sys=0.00, real=0.00 secs] 
90.953: [GC (Allocation Failure) [PSYoungGen: 509536K->96K(487424K)] 511468K->2028K(662528K), 0.0005799 secs] [Times: user=0.00 sys=0.00, real=0.00 secs] 
91.029: [GC (Allocation Failure) [PSYoungGen: 487008K->96K(466432K)] 488940K->2028K(641536K), 0.0005328 secs] [Times: user=0.00 sys=0.00, real=0.00 secs] 
91.102: [GC (Allocation Failure) [PSYoungGen: 466016K->96K(446464K)] 467948K->2028K(621568K), 0.0005256 secs] [Times: user=0.00 sys=0.00, real=0.00 secs] 
91.172: [GC (Allocation Failure) [PSYoungGen: 446048K->96K(427520K)] 447980K->2028K(602624K), 0.0005821 secs] [Times: user=0.00 sys=0.00, real=0.00 secs] 
91.239: [GC (Allocation Failure) [PSYoungGen: 427104K->96K(409088K)] 429036K->2028K(584192K), 0.0006228 secs] [Times: user=0.00 sys=0.00, real=0.00 secs] 
91.302: [GC (Allocation Failure) [PSYoungGen: 408672K->96K(391680K)] 410604K->2028K(566784K), 0.0005748 secs] [Times: user=0.00 sys=0.00, real=0.00 secs] 
91.364: [GC (Allocation Failure) [PSYoungGen: 391264K->96K(375296K)] 393196K->2028K(550400K), 0.0005316 secs] [Times: user=0.00 sys=0.00, real=0.00 secs] 
91.422: [GC (Allocation Failure) [PSYoungGen: 374880K->32K(359424K)] 376812K->1964K(534528K), 0.0005381 secs] [Times: user=0.00 sys=0.00, real=0.00 secs] 
91.478: [GC (Allocation Failure) [PSYoungGen: 358944K->64K(344576K)] 360876K->1996K(519680K), 0.0005561 secs] [Times: user=0.00 sys=0.00, real=0.00 secs] 
91.533: [GC (Allocation Failure) [PSYoungGen: 344128K->96K(330240K)] 346060K->2028K(505344K), 0.0005334 secs] [Times: user=0.00 sys=0.00, real=0.00 secs] 
91.585: [GC (Allocation Failure) [PSYoungGen: 329824K->32K(316928K)] 331756K->1964K(492032K), 0.0005772 secs] [Times: user=0.01 sys=0.00, real=0.00 secs] 
91.634: [GC (Allocation Failure) [PSYoungGen: 316448K->32K(304128K)] 318380K->1964K(479232K), 0.0005459 secs] [Times: user=0.01 sys=0.00, real=0.00 secs] 
91.682: [GC (Allocation Failure) [PSYoungGen: 303648K->96K(291840K)] 305580K->2028K(466944K), 0.0005305 secs] [Times: user=0.00 sys=0.00, real=0.00 secs] 
91.727: [GC (Allocation Failure) [PSYoungGen: 291424K->32K(280064K)] 293356K->1964K(455168K), 0.0005139 secs] [Times: user=0.00 sys=0.00, real=0.00 secs] 
91.771: [GC (Allocation Failure) [PSYoungGen: 279584K->32K(336384K)] 281516K->1964K(511488K), 0.0005728 secs] [Times: user=0.00 sys=0.00, real=0.00 secs] 
91.824: [GC (Allocation Failure) [PSYoungGen: 335904K->64K(322560K)] 337836K->1996K(497664K), 0.0005641 secs] [Times: user=0.00 sys=0.00, real=0.00 secs] 
91.874: [GC (Allocation Failure) [PSYoungGen: 322112K->96K(309248K)] 324044K->2028K(484352K), 0.0005314 secs] [Times: user=0.00 sys=0.00, real=0.00 secs] 
91.923: [GC (Allocation Failure) [PSYoungGen: 308832K->96K(371200K)] 310764K->2028K(546304K), 0.0005732 secs] [Times: user=0.00 sys=0.00, real=0.00 secs] 
91.994: [GC (Allocation Failure) [PSYoungGen: 370784K->96K(355840K)] 372716K->2028K(530944K), 0.0005431 secs] [Times: user=0.00 sys=0.00, real=0.00 secs] 
92.061: [GC (Allocation Failure) [PSYoungGen: 355424K->96K(340992K)] 357356K->2028K(516096K), 0.0005487 secs] [Times: user=0.00 sys=0.00, real=0.00 secs] 
92.126: [GC (Allocation Failure) [PSYoungGen: 340576K->96K(327168K)] 342508K->2028K(502272K), 0.0006744 secs] [Times: user=0.01 sys=0.00, real=0.00 secs] 
92.196: [GC (Allocation Failure) [PSYoungGen: 326752K->32K(313856K)] 328684K->1964K(488960K), 0.0005186 secs] [Times: user=0.00 sys=0.00, real=0.00 secs] 
92.258: [GC (Allocation Failure) [PSYoungGen: 313376K->96K(301056K)] 315308K->2028K(476160K), 0.0006575 secs] [Times: user=0.00 sys=0.00, real=0.00 secs] 
92.319: [GC (Allocation Failure) [PSYoungGen: 300640K->96K(288768K)] 302572K->2028K(463872K), 0.0005358 secs] [Times: user=0.00 sys=0.00, real=0.00 secs] 
92.373: [GC (Allocation Failure) [PSYoungGen: 288352K->96K(277504K)] 290284K->2028K(452608K), 0.0005354 secs] [Times: user=0.00 sys=0.00, real=0.00 secs] 
92.419: [GC (Allocation Failure) [PSYoungGen: 277088K->96K(266752K)] 279020K->2028K(441856K), 0.0005377 secs] [Times: user=0.00 sys=0.00, real=0.00 secs] 
92.461: [GC (Allocation Failure) [PSYoungGen: 266336K->96K(256512K)] 268268K->2028K(431616K), 0.0005367 secs] [Times: user=0.00 sys=0.00, real=0.00 secs] 
92.502: [GC (Allocation Failure) [PSYoungGen: 256096K->96K(307712K)] 258028K->2028K(482816K), 0.0005331 secs] [Times: user=0.00 sys=0.00, real=0.00 secs] 
92.551: [GC (Allocation Failure) [PSYoungGen: 307296K->96K(295424K)] 309228K->2028K(470528K), 0.0005279 secs] [Times: user=0.00 sys=0.00, real=0.00 secs] 
92.598: [GC (Allocation Failure) [PSYoungGen: 295008K->64K(354816K)] 296940K->1996K(529920K), 0.0010386 secs] [Times: user=0.00 sys=0.00, real=0.00 secs] 
92.656: [GC (Allocation Failure) [PSYoungGen: 354368K->96K(425984K)] 356300K->2028K(601088K), 0.0005400 secs] [Times: user=0.00 sys=0.00, real=0.00 secs] 
92.723: [GC (Allocation Failure) [PSYoungGen: 425568K->96K(511488K)] 427500K->2028K(686592K), 0.0005303 secs] [Times: user=0.00 sys=0.00, real=0.00 secs] 
92.802: [GC (Allocation Failure) [PSYoungGen: 511072K->96K(488960K)] 513004K->2028K(664064K), 0.0005278 secs] [Times: user=0.00 sys=0.00, real=0.00 secs] 
92.879: [GC (Allocation Failure) [PSYoungGen: 488544K->32K(467456K)] 490476K->1964K(642560K), 0.0005436 secs] [Times: user=0.00 sys=0.00, real=0.00 secs] 
92.952: [GC (Allocation Failure) [PSYoungGen: 466976K->96K(447488K)] 468908K->2028K(622592K), 0.0005433 secs] [Times: user=0.00 sys=0.00, real=0.00 secs] 
93.022: [GC (Allocation Failure) [PSYoungGen: 447072K->64K(428032K)] 449004K->1996K(603136K), 0.0005427 secs] [Times: user=0.00 sys=0.00, real=0.00 secs] 
93.088: [GC (Allocation Failure) [PSYoungGen: 427584K->128K(409600K)] 429516K->2060K(584704K), 0.0005853 secs] [Times: user=0.00 sys=0.00, real=0.00 secs] 
93.152: [GC (Allocation Failure) [PSYoungGen: 409216K->32K(392192K)] 411148K->1964K(567296K), 0.0005438 secs] [Times: user=0.01 sys=0.00, real=0.00 secs] 
93.213: [GC (Allocation Failure) [PSYoungGen: 391712K->96K(375808K)] 393644K->2028K(550912K), 0.0005341 secs] [Times: user=0.00 sys=0.00, real=0.00 secs] 
93.273: [GC (Allocation Failure) [PSYoungGen: 375392K->96K(359936K)] 377324K->2028K(535040K), 0.0005340 secs] [Times: user=0.00 sys=0.00, real=0.00 secs] 
93.329: [GC (Allocation Failure) [PSYoungGen: 359520K->96K(345088K)] 361452K->2028K(520192K), 0.0005669 secs] [Times: user=0.00 sys=0.00, real=0.00 secs] 
93.383: [GC (Allocation Failure) [PSYoungGen: 344672K->96K(330752K)] 346604K->2028K(505856K), 0.0005871 secs] [Times: user=0.00 sys=0.00, real=0.00 secs] 
93.435: [GC (Allocation Failure) [PSYoungGen: 330336K->96K(317440K)] 332268K->2028K(492544K), 0.0005347 secs] [Times: user=0.00 sys=0.00, real=0.01 secs] 
93.485: [GC (Allocation Failure) [PSYoungGen: 317024K->96K(304640K)] 318956K->2028K(479744K), 0.0006276 secs] [Times: user=0.00 sys=0.00, real=0.00 secs] 
93.533: [GC (Allocation Failure) [PSYoungGen: 304224K->32K(292352K)] 306156K->1964K(467456K), 0.0005405 secs] [Times: user=0.00 sys=0.00, real=0.00 secs] 
93.579: [GC (Allocation Failure) [PSYoungGen: 291872K->96K(280576K)] 293804K->2028K(455680K), 0.0005277 secs] [Times: user=0.00 sys=0.00, real=0.00 secs] 
93.623: [GC (Allocation Failure) [PSYoungGen: 280160K->96K(336896K)] 282092K->2028K(512000K), 0.0005450 secs] [Times: user=0.00 sys=0.00, real=0.00 secs] 
93.675: [GC (Allocation Failure) [PSYoungGen: 336480K->96K(323072K)] 338412K->2028K(498176K), 0.0005312 secs] [Times: user=0.00 sys=0.00, real=0.01 secs] 
93.727: [GC (Allocation Failure) [PSYoungGen: 322656K->96K(309760K)] 324588K->2028K(484864K), 0.0012178 secs] [Times: user=0.00 sys=0.00, real=0.00 secs] 
93.777: [GC (Allocation Failure) [PSYoungGen: 309344K->64K(297472K)] 311276K->1996K(472576K), 0.0005703 secs] [Times: user=0.00 sys=0.00, real=0.00 secs] 
93.823: [GC (Allocation Failure) [PSYoungGen: 297024K->96K(285696K)] 298956K->2028K(460800K), 0.0005451 secs] [Times: user=0.00 sys=0.00, real=0.00 secs] 
93.868: [GC (Allocation Failure) [PSYoungGen: 285280K->64K(343040K)] 287212K->1996K(518144K), 0.0005418 secs] [Times: user=0.00 sys=0.00, real=0.00 secs] 
93.922: [GC (Allocation Failure) [PSYoungGen: 342592K->96K(411648K)] 344524K->2028K(586752K), 0.0005979 secs] [Times: user=0.00 sys=0.00, real=0.00 secs] 
93.986: [GC (Allocation Failure) [PSYoungGen: 411232K->32K(394240K)] 413164K->1964K(569344K), 0.0006335 secs] [Times: user=0.00 sys=0.00, real=0.00 secs] 
94.048: [GC (Allocation Failure) [PSYoungGen: 393760K->96K(377856K)] 395692K->2028K(552960K), 0.0005823 secs] [Times: user=0.01 sys=0.00, real=0.00 secs] 
94.108: [GC (Allocation Failure) [PSYoungGen: 377440K->96K(453632K)] 379372K->2028K(628736K), 0.0010542 secs] [Times: user=0.01 sys=0.00, real=0.00 secs] 
94.178: [GC (Allocation Failure) [PSYoungGen: 453216K->96K(544256K)] 455148K->2028K(719360K), 0.0005674 secs] [Times: user=0.00 sys=0.00, real=0.00 secs] 
94.264: [GC (Allocation Failure) [PSYoungGen: 543840K->64K(520192K)] 545772K->1996K(695296K), 0.0005765 secs] [Times: user=0.00 sys=0.00, real=0.00 secs] 
94.345: [GC (Allocation Failure) [PSYoungGen: 519744K->96K(497152K)] 521676K->2028K(672256K), 0.0005375 secs] [Times: user=0.00 sys=0.00, real=0.00 secs] 
94.422: [GC (Allocation Failure) [PSYoungGen: 496736K->96K(475648K)] 498668K->2028K(650752K), 0.0005458 secs] [Times: user=0.00 sys=0.00, real=0.00 secs] 
94.497: [GC (Allocation Failure) [PSYoungGen: 475232K->96K(455168K)] 477164K->2028K(630272K), 0.0005953 secs] [Times: user=0.00 sys=0.00, real=0.00 secs] 
94.569: [GC (Allocation Failure) [PSYoungGen: 454752K->96K(435712K)] 456684K->2028K(610816K), 0.0005404 secs] [Times: user=0.00 sys=0.00, real=0.00 secs] 
94.636: [GC (Allocation Failure) [PSYoungGen: 435296K->32K(417280K)] 437228K->1964K(592384K), 0.0005937 secs] [Times: user=0.00 sys=0.00, real=0.00 secs] 
94.701: [GC (Allocation Failure) [PSYoungGen: 416800K->96K(399360K)] 418732K->2028K(574464K), 0.0005386 secs] [Times: user=0.00 sys=0.00, real=0.00 secs] 
94.764: [GC (Allocation Failure) [PSYoungGen: 398944K->96K(382464K)] 400876K->2028K(557568K), 0.0005320 secs] [Times: user=0.01 sys=0.00, real=0.00 secs] 
94.823: [GC (Allocation Failure) [PSYoungGen: 382048K->32K(366592K)] 383980K->1964K(541696K), 0.0005515 secs] [Times: user=0.01 sys=0.00, real=0.00 secs] 
94.881: [GC (Allocation Failure) [PSYoungGen: 366112K->96K(351232K)] 368044K->2028K(526336K), 0.0005439 secs] [Times: user=0.00 sys=0.00, real=0.00 secs] 
94.936: [GC (Allocation Failure) [PSYoungGen: 350816K->32K(336896K)] 352748K->1964K(512000K), 0.0005412 secs] [Times: user=0.00 sys=0.00, real=0.01 secs] 
94.988: [GC (Allocation Failure) [PSYoungGen: 336416K->96K(323072K)] 338348K->2028K(498176K), 0.0005403 secs] [Times: user=0.00 sys=0.00, real=0.00 secs] 
95.038: [GC (Allocation Failure) [PSYoungGen: 322656K->32K(309760K)] 324588K->1964K(484864K), 0.0005556 secs] [Times: user=0.00 sys=0.00, real=0.00 secs] 
95.087: [GC (Allocation Failure) [PSYoungGen: 309280K->96K(297472K)] 311212K->2028K(472576K), 0.0005506 secs] [Times: user=0.00 sys=0.00, real=0.00 secs] 
95.133: [GC (Allocation Failure) [PSYoungGen: 297056K->32K(285696K)] 298988K->1964K(460800K), 0.0005909 secs] [Times: user=0.00 sys=0.00, real=0.00 secs] 
95.178: [GC (Allocation Failure) [PSYoungGen: 285216K->64K(274432K)] 287148K->1996K(449536K), 0.0005484 secs] [Times: user=0.00 sys=0.01, real=0.00 secs] 
95.221: [GC (Allocation Failure) [PSYoungGen: 273984K->96K(329216K)] 275916K->2028K(504320K), 0.0005363 secs] [Times: user=0.00 sys=0.00, real=0.00 secs] 
95.273: [GC (Allocation Failure) [PSYoungGen: 328800K->64K(315904K)] 330732K->1996K(491008K), 0.0005552 secs] [Times: user=0.00 sys=0.00, real=0.00 secs] 
95.322: [GC (Allocation Failure) [PSYoungGen: 315456K->96K(303104K)] 317388K->2028K(478208K), 0.0005507 secs] [Times: user=0.00 sys=0.00, real=0.00 secs] 
95.370: [GC (Allocation Failure) [PSYoungGen: 302688K->96K(290816K)] 304620K->2028K(465920K), 0.0005924 secs] [Times: user=0.01 sys=0.00, real=0.00 secs] 
95.415: [GC (Allocation Failure) [PSYoungGen: 290400K->96K(349184K)] 292332K->2028K(524288K), 0.0005432 secs] [Times: user=0.00 sys=0.00, real=0.01 secs] 
95.470: [GC (Allocation Failure) [PSYoungGen: 348768K->96K(334848K)] 350700K->2028K(509952K), 0.0005451 secs] [Times: user=0.00 sys=0.00, real=0.00 secs] 
95.523: [GC (Allocation Failure) [PSYoungGen: 334432K->96K(321024K)] 336364K->2028K(496128K), 0.0005881 secs] [Times: user=0.00 sys=0.00, real=0.00 secs] 
95.574: [GC (Allocation Failure) [PSYoungGen: 320608K->64K(308224K)] 322540K->1996K(483328K), 0.0005440 secs] [Times: user=0.00 sys=0.00, real=0.00 secs] 
95.622: [GC (Allocation Failure) [PSYoungGen: 307776K->32K(295936K)] 309708K->1964K(471040K), 0.0005647 secs] [Times: user=0.00 sys=0.00, real=0.00 secs] 
95.668: [GC (Allocation Failure) [PSYoungGen: 295456K->96K(284160K)] 297388K->2028K(459264K), 0.0005395 secs] [Times: user=0.00 sys=0.00, real=0.00 secs] 
95.713: [GC (Allocation Failure) [PSYoungGen: 283744K->96K(340992K)] 285676K->2028K(516096K), 0.0005316 secs] [Times: user=0.00 sys=0.00, real=0.00 secs] 
95.766: [GC (Allocation Failure) [PSYoungGen: 340576K->96K(327168K)] 342508K->2028K(502272K), 0.0005483 secs] [Times: user=0.01 sys=0.00, real=0.00 secs] 
95.817: [GC (Allocation Failure) [PSYoungGen: 326752K->32K(392704K)] 328684K->1964K(567808K), 0.0007081 secs] [Times: user=0.00 sys=0.00, real=0.00 secs] 
95.882: [GC (Allocation Failure) [PSYoungGen: 392224K->96K(376320K)] 394156K->2028K(551424K), 0.0005527 secs] [Times: user=0.00 sys=0.00, real=0.00 secs] 
95.941: [GC (Allocation Failure) [PSYoungGen: 375904K->96K(360448K)] 377836K->2028K(535552K), 0.0005412 secs] [Times: user=0.00 sys=0.00, real=0.00 secs] 
95.997: [GC (Allocation Failure) [PSYoungGen: 360032K->96K(345600K)] 361964K->2028K(520704K), 0.0006027 secs] [Times: user=0.00 sys=0.00, real=0.00 secs] 
96.052: [GC (Allocation Failure) [PSYoungGen: 345184K->96K(331264K)] 347116K->2028K(506368K), 0.0005592 secs] [Times: user=0.00 sys=0.00, real=0.00 secs] 
96.104: [GC (Allocation Failure) [PSYoungGen: 330848K->96K(317952K)] 332780K->2028K(493056K), 0.0005405 secs] [Times: user=0.00 sys=0.00, real=0.00 secs] 
96.154: [GC (Allocation Failure) [PSYoungGen: 317536K->96K(305152K)] 319468K->2028K(480256K), 0.0005435 secs] [Times: user=0.00 sys=0.00, real=0.00 secs] 
96.201: [GC (Allocation Failure) [PSYoungGen: 304736K->96K(292864K)] 306668K->2028K(467968K), 0.0005550 secs] [Times: user=0.00 sys=0.00, real=0.00 secs] 
96.248: [GC (Allocation Failure) [PSYoungGen: 292448K->96K(281088K)] 294380K->2028K(456192K), 0.0005370 secs] [Times: user=0.00 sys=0.00, real=0.00 secs] 
96.292: [GC (Allocation Failure) [PSYoungGen: 280672K->32K(269824K)] 282604K->1964K(444928K), 0.0005380 secs] [Times: user=0.00 sys=0.00, real=0.00 secs] 
96.337: [GC (Allocation Failure) [PSYoungGen: 269344K->96K(324096K)] 271276K->2028K(499200K), 0.0005420 secs] [Times: user=0.00 sys=0.00, real=0.00 secs] 
96.388: [GC (Allocation Failure) [PSYoungGen: 323680K->64K(389120K)] 325612K->1996K(564224K), 0.0009466 secs] [Times: user=0.00 sys=0.00, real=0.00 secs] 
96.450: [GC (Allocation Failure) [PSYoungGen: 388672K->96K(466944K)] 390604K->2028K(642048K), 0.0005409 secs] [Times: user=0.00 sys=0.00, real=0.00 secs] 
96.525: [GC (Allocation Failure) [PSYoungGen: 466528K->32K(446976K)] 468460K->1964K(622080K), 0.0005206 secs] [Times: user=0.00 sys=0.00, real=0.00 secs] 
96.593: [GC (Allocation Failure) [PSYoungGen: 446496K->32K(427520K)] 448428K->1964K(602624K), 0.0005114 secs] [Times: user=0.01 sys=0.00, real=0.00 secs] 
96.658: [GC (Allocation Failure) [PSYoungGen: 427040K->64K(409088K)] 428972K->1996K(584192K), 0.0005291 secs] [Times: user=0.00 sys=0.00, real=0.00 secs] 
96.720: [GC (Allocation Failure) [PSYoungGen: 408640K->96K(391680K)] 410572K->2028K(566784K), 0.0005301 secs] [Times: user=0.00 sys=0.00, real=0.00 secs] 
96.781: [GC (Allocation Failure) [PSYoungGen: 391264K->32K(375296K)] 393196K->1964K(550400K), 0.0005390 secs] [Times: user=0.00 sys=0.00, real=0.00 secs] 
96.839: [GC (Allocation Failure) [PSYoungGen: 374816K->96K(359424K)] 376748K->2028K(534528K), 0.0005306 secs] [Times: user=0.00 sys=0.00, real=0.00 secs] 
96.894: [GC (Allocation Failure) [PSYoungGen: 359008K->32K(344576K)] 360940K->1964K(519680K), 0.0005042 secs] [Times: user=0.00 sys=0.00, real=0.00 secs] 
96.948: [GC (Allocation Failure) [PSYoungGen: 344096K->32K(330240K)] 346028K->1964K(505344K), 0.0005241 secs] [Times: user=0.00 sys=0.00, real=0.00 secs] 
97.000: [GC (Allocation Failure) [PSYoungGen: 329760K->96K(316928K)] 331692K->2028K(492032K), 0.0005182 secs] [Times: user=0.00 sys=0.00, real=0.00 secs] 
97.049: [GC (Allocation Failure) [PSYoungGen: 316512K->96K(304128K)] 318444K->2028K(479232K), 0.0005377 secs] [Times: user=0.00 sys=0.00, real=0.00 secs] 
97.095: [GC (Allocation Failure) [PSYoungGen: 303712K->96K(291840K)] 305644K->2028K(466944K), 0.0005278 secs] [Times: user=0.00 sys=0.00, real=0.00 secs] 
97.139: [GC (Allocation Failure) [PSYoungGen: 291424K->64K(280064K)] 293356K->1996K(455168K), 0.0005396 secs] [Times: user=0.01 sys=0.00, real=0.00 secs] 
97.182: [GC (Allocation Failure) [PSYoungGen: 279616K->96K(268800K)] 281548K->2028K(443904K), 0.0005176 secs] [Times: user=0.00 sys=0.01, real=0.00 secs] 
97.223: [GC (Allocation Failure) [PSYoungGen: 268384K->96K(322560K)] 270316K->2028K(497664K), 0.0005433 secs] [Times: user=0.00 sys=0.00, real=0.00 secs] 
97.272: [GC (Allocation Failure) [PSYoungGen: 322144K->64K(387072K)] 324076K->1996K(562176K), 0.0005158 secs] [Times: user=0.00 sys=0.00, real=0.00 secs] 
97.331: [GC (Allocation Failure) [PSYoungGen: 386624K->32K(370688K)] 388556K->1964K(545792K), 0.0004904 secs] [Times: user=0.00 sys=0.00, real=0.00 secs] 
97.388: [GC (Allocation Failure) [PSYoungGen: 370208K->64K(355328K)] 372140K->1996K(530432K), 0.0005621 secs] [Times: user=0.01 sys=0.00, real=0.00 secs] 
97.442: [GC (Allocation Failure) [PSYoungGen: 354880K->96K(340480K)] 356812K->2028K(515584K), 0.0006667 secs] [Times: user=0.00 sys=0.00, real=0.00 secs] 
97.494: [GC (Allocation Failure) [PSYoungGen: 340064K->32K(326656K)] 341996K->1964K(501760K), 0.0005208 secs] [Times: user=0.00 sys=0.00, real=0.00 secs] 
97.546: [GC (Allocation Failure) [PSYoungGen: 326176K->32K(313344K)] 328108K->1964K(488448K), 0.0005228 secs] [Times: user=0.01 sys=0.00, real=0.00 secs] 
97.595: [GC (Allocation Failure) [PSYoungGen: 312864K->64K(300544K)] 314796K->1996K(475648K), 0.0005243 secs] [Times: user=0.00 sys=0.00, real=0.00 secs] 
97.641: [GC (Allocation Failure) [PSYoungGen: 300096K->96K(288256K)] 302028K->2028K(463360K), 0.0005167 secs] [Times: user=0.00 sys=0.00, real=0.00 secs] 
97.686: [GC (Allocation Failure) [PSYoungGen: 287840K->64K(346112K)] 289772K->1996K(521216K), 0.0005923 secs] [Times: user=0.01 sys=0.00, real=0.00 secs] 
97.739: [GC (Allocation Failure) [PSYoungGen: 345664K->32K(331776K)] 347596K->1964K(506880K), 0.0005309 secs] [Times: user=0.00 sys=0.00, real=0.00 secs] 
97.790: [GC (Allocation Failure) [PSYoungGen: 331296K->96K(317952K)] 333228K->2028K(493056K), 0.0005223 secs] [Times: user=0.00 sys=0.00, real=0.00 secs] 
97.838: [GC (Allocation Failure) [PSYoungGen: 317536K->96K(305152K)] 319468K->2028K(480256K), 0.0005730 secs] [Times: user=0.00 sys=0.00, real=0.00 secs] 
97.885: [GC (Allocation Failure) [PSYoungGen: 304736K->32K(292864K)] 306668K->1964K(467968K), 0.0005197 secs] [Times: user=0.00 sys=0.00, real=0.00 secs] 
97.929: [GC (Allocation Failure) [PSYoungGen: 292384K->64K(351744K)] 294316K->1996K(526848K), 0.0005181 secs] [Times: user=0.00 sys=0.00, real=0.00 secs] 
97.983: [GC (Allocation Failure) [PSYoungGen: 351296K->64K(337408K)] 353228K->1996K(512512K), 0.0005403 secs] [Times: user=0.01 sys=0.00, real=0.00 secs] 
98.034: [GC (Allocation Failure) [PSYoungGen: 336960K->96K(323584K)] 338892K->2028K(498688K), 0.0005201 secs] [Times: user=0.00 sys=0.00, real=0.00 secs] 
98.084: [GC (Allocation Failure) [PSYoungGen: 323168K->96K(310272K)] 325100K->2028K(485376K), 0.0005235 secs] [Times: user=0.00 sys=0.00, real=0.00 secs] 
98.131: [GC (Allocation Failure) [PSYoungGen: 309856K->32K(297984K)] 311788K->1964K(473088K), 0.0005802 secs] [Times: user=0.00 sys=0.00, real=0.00 secs] 
98.176: [GC (Allocation Failure) [PSYoungGen: 297504K->32K(357888K)] 299436K->1964K(532992K), 0.0005360 secs] [Times: user=0.00 sys=0.00, real=0.00 secs] 
98.230: [GC (Allocation Failure) [PSYoungGen: 357408K->32K(343040K)] 359340K->1964K(518144K), 0.0005450 secs] [Times: user=0.00 sys=0.00, real=0.00 secs] 
98.283: [GC (Allocation Failure) [PSYoungGen: 342560K->96K(328704K)] 344492K->2028K(503808K), 0.0005271 secs] [Times: user=0.00 sys=0.00, real=0.00 secs] 
98.333: [GC (Allocation Failure) [PSYoungGen: 328288K->96K(315392K)] 330220K->2028K(490496K), 0.0005318 secs] [Times: user=0.00 sys=0.00, real=0.00 secs] 
98.381: [GC (Allocation Failure) [PSYoungGen: 314976K->96K(302592K)] 316908K->2028K(477696K), 0.0005125 secs] [Times: user=0.00 sys=0.00, real=0.00 secs] 
98.427: [GC (Allocation Failure) [PSYoungGen: 302176K->96K(290304K)] 304108K->2028K(465408K), 0.0005637 secs] [Times: user=0.00 sys=0.00, real=0.00 secs] 
98.472: [GC (Allocation Failure) [PSYoungGen: 289888K->64K(348672K)] 291820K->1996K(523776K), 0.0005420 secs] [Times: user=0.00 sys=0.00, real=0.00 secs] 
98.526: [GC (Allocation Failure) [PSYoungGen: 348224K->32K(334336K)] 350156K->1964K(509440K), 0.0005240 secs] [Times: user=0.00 sys=0.00, real=0.00 secs] 
98.577: [GC (Allocation Failure) [PSYoungGen: 333856K->96K(320512K)] 335788K->2028K(495616K), 0.0005663 secs] [Times: user=0.00 sys=0.00, real=0.00 secs] 
98.626: [GC (Allocation Failure) [PSYoungGen: 320096K->32K(307712K)] 322028K->1964K(482816K), 0.0005115 secs] [Times: user=0.00 sys=0.00, real=0.00 secs] 
98.673: [GC (Allocation Failure) [PSYoungGen: 307232K->96K(295424K)] 309164K->2028K(470528K), 0.0005244 secs] [Times: user=0.00 sys=0.00, real=0.00 secs] 
98.718: [GC (Allocation Failure) [PSYoungGen: 295008K->96K(283648K)] 296940K->2028K(458752K), 0.0005141 secs] [Times: user=0.00 sys=0.00, real=0.00 secs] 
98.761: [GC (Allocation Failure) [PSYoungGen: 283232K->96K(340480K)] 285164K->2028K(515584K), 0.0005222 secs] [Times: user=0.00 sys=0.00, real=0.00 secs] 
98.813: [GC (Allocation Failure) [PSYoungGen: 340064K->32K(326656K)] 341996K->1964K(501760K), 0.0005412 secs] [Times: user=0.00 sys=0.00, real=0.00 secs] 
98.863: [GC (Allocation Failure) [PSYoungGen: 326176K->32K(313344K)] 328108K->1964K(488448K), 0.0005202 secs] [Times: user=0.00 sys=0.00, real=0.00 secs] 
98.911: [GC (Allocation Failure) [PSYoungGen: 312864K->96K(300544K)] 314796K->2028K(475648K), 0.0005481 secs] [Times: user=0.00 sys=0.00, real=0.00 secs] 
98.960: [GC (Allocation Failure) [PSYoungGen: 300128K->96K(288256K)] 302060K->2028K(463360K), 0.0005486 secs] [Times: user=0.00 sys=0.00, real=0.00 secs] 
99.004: [GC (Allocation Failure) [PSYoungGen: 287840K->32K(346112K)] 289772K->1964K(521216K), 0.0005572 secs] [Times: user=0.00 sys=0.00, real=0.00 secs] 
99.059: [GC (Allocation Failure) [PSYoungGen: 345632K->96K(331776K)] 347564K->2028K(506880K), 0.0005445 secs] [Times: user=0.00 sys=0.00, real=0.00 secs] 
99.110: [GC (Allocation Failure) [PSYoungGen: 331360K->32K(398336K)] 333292K->1964K(573440K), 0.0010819 secs] [Times: user=0.00 sys=0.00, real=0.00 secs] 
99.174: [GC (Allocation Failure) [PSYoungGen: 397856K->96K(478208K)] 399788K->2028K(653312K), 0.0005069 secs] [Times: user=0.00 sys=0.00, real=0.00 secs] 
99.247: [GC (Allocation Failure) [PSYoungGen: 477792K->96K(573952K)] 479724K->2028K(749056K), 0.0005856 secs] [Times: user=0.00 sys=0.00, real=0.00 secs] 
99.335: [GC (Allocation Failure) [PSYoungGen: 573536K->96K(548352K)] 575468K->2028K(723456K), 0.0005537 secs] [Times: user=0.01 sys=0.00, real=0.00 secs] 
99.418: [GC (Allocation Failure) [PSYoungGen: 547936K->32K(524288K)] 549868K->1964K(699392K), 0.0005323 secs] [Times: user=0.00 sys=0.00, real=0.00 secs] 
99.498: [GC (Allocation Failure) [PSYoungGen: 523808K->96K(501248K)] 525740K->2028K(676352K), 0.0007793 secs] [Times: user=0.00 sys=0.00, real=0.00 secs] 
99.576: [GC (Allocation Failure) [PSYoungGen: 500832K->96K(479232K)] 502764K->2028K(654336K), 0.0005126 secs] [Times: user=0.00 sys=0.00, real=0.00 secs] 
99.649: [GC (Allocation Failure) [PSYoungGen: 478816K->64K(458240K)] 480748K->1996K(633344K), 0.0005468 secs] [Times: user=0.00 sys=0.00, real=0.00 secs] 
99.719: [GC (Allocation Failure) [PSYoungGen: 457792K->64K(438272K)] 459724K->1996K(613376K), 0.0005302 secs] [Times: user=0.00 sys=0.00, real=0.00 secs] 
99.785: [GC (Allocation Failure) [PSYoungGen: 437824K->64K(419328K)] 439756K->1996K(594432K), 0.0005221 secs] [Times: user=0.00 sys=0.00, real=0.01 secs] 
99.850: [GC (Allocation Failure) [PSYoungGen: 418880K->96K(401408K)] 420812K->2028K(576512K), 0.0005205 secs] [Times: user=0.00 sys=0.00, real=0.00 secs] 
99.911: [GC (Allocation Failure) [PSYoungGen: 400992K->32K(384512K)] 402924K->1964K(559616K), 0.0005364 secs] [Times: user=0.00 sys=0.00, real=0.00 secs] 
99.970: [GC (Allocation Failure) [PSYoungGen: 384032K->96K(368128K)] 385964K->2028K(543232K), 0.0005259 secs] [Times: user=0.00 sys=0.00, real=0.00 secs] 
100.027: [GC (Allocation Failure) [PSYoungGen: 367712K->96K(352768K)] 369644K->2028K(527872K), 0.0005654 secs] [Times: user=0.00 sys=0.00, real=0.00 secs] 
100.081: [GC (Allocation Failure) [PSYoungGen: 352352K->96K(337920K)] 354284K->2028K(513024K), 0.0005225 secs] [Times: user=0.00 sys=0.00, real=0.00 secs] 
100.132: [GC (Allocation Failure) [PSYoungGen: 337504K->64K(324096K)] 339436K->1996K(499200K), 0.0006280 secs] [Times: user=0.00 sys=0.00, real=0.00 secs] 
100.181: [GC (Allocation Failure) [PSYoungGen: 323648K->32K(310784K)] 325580K->1964K(485888K), 0.0005277 secs] [Times: user=0.00 sys=0.00, real=0.00 secs] 
100.229: [GC (Allocation Failure) [PSYoungGen: 310304K->96K(297984K)] 312236K->2028K(473088K), 0.0005568 secs] [Times: user=0.00 sys=0.00, real=0.00 secs] 
100.278: [GC (Allocation Failure) [PSYoungGen: 297568K->96K(357888K)] 299500K->2028K(532992K), 0.0007402 secs] [Times: user=0.00 sys=0.00, real=0.00 secs] 
Heap
 PSYoungGen      total 357888K, used 145435K [0x000000076ab00000, 0x00000007be100000, 0x00000007c0000000)
  eden space 357376K, 40% used [0x000000076ab00000,0x00000007738eeec0,0x0000000780800000)
  from space 512K, 18% used [0x00000007be080000,0x00000007be098000,0x00000007be100000)
  to   space 512K, 0% used [0x00000007be000000,0x00000007be000000,0x00000007be080000)
 ParOldGen       total 175104K, used 1932K [0x00000006c0000000, 0x00000006cab00000, 0x000000076ab00000)
  object space 175104K, 1% used [0x00000006c0000000,0x00000006c01e30a0,0x00000006cab00000)
 Metaspace       used 9249K, capacity 9524K, committed 9856K, reserved 1058816K
  class space    used 994K, capacity 1074K, committed 1152K, reserved 1048576K
