OpenJDK 64-Bit Server VM (25.202-b05) for bsd-amd64 JRE (Zulu 8.36.0.1-CA-macosx) (1.8.0_202-b05), built on Jan 29 2019 06:07:09 by "zulu_re" with gcc 4.2.1 (Based on Apple Inc. build 5658) (LLVM build 2336.11.00)
Memory: 4k page, physical 16777216k(1673500k free)

/proc/meminfo:

CommandLine flags: -XX:InitialHeapSize=268435456 -XX:MaxHeapSize=4294967296 -XX:+PrintGC -XX:+PrintGCDetails -XX:+PrintGCTimeStamps -XX:+UseCompressedClassPointers -XX:+UseCompressedOops -XX:+UseParallelGC 
Heap
 PSYoungGen      total 76288K, used 35656K [0x000000076ab00000, 0x0000000770000000, 0x00000007c0000000)
  eden space 65536K, 54% used [0x000000076ab00000,0x000000076cdd22e8,0x000000076eb00000)
  from space 10752K, 0% used [0x000000076f580000,0x000000076f580000,0x0000000770000000)
  to   space 10752K, 0% used [0x000000076eb00000,0x000000076eb00000,0x000000076f580000)
 ParOldGen       total 175104K, used 0K [0x00000006c0000000, 0x00000006cab00000, 0x000000076ab00000)
  object space 175104K, 0% used [0x00000006c0000000,0x00000006c0000000,0x00000006cab00000)
 Metaspace       used 7652K, capacity 8001K, committed 8192K, reserved 1056768K
  class space    used 852K, capacity 948K, committed 1024K, reserved 1048576K
29: [GC (Allocation Failure) [PSYoungGen: 132800K->1712K(141824K)] 132824K->1744K(316928K), 0.0018382 secs] [Times: user=0.01 sys=0.00, real=0.00 secs] 
0.893: [GC (Allocation Failure) [PSYoungGen: 132784K->1696K(266240K)] 132816K->1728K(441344K), 0.0017979 secs] [Times: user=0.01 sys=0.01, real=0.00 secs] 
1.068: [GC (Allocation Failure) [PSYoungGen: 263840K->96K(266752K)] 263872K->1744K(441856K), 0.0019384 secs] [Times: user=0.01 sys=0.00, real=0.00 secs] 
1.191: [GC (Allocation Failure) [PSYoungGen: 262240K->64K(529408K)] 263888K->1752K(704512K), 0.0005334 secs] [Times: user=0.00 sys=0.00, real=0.00 secs] 
1.540: [GC (Allocation Failure) [PSYoungGen: 524352K->96K(529408K)] 526040K->1784K(704512K), 0.0008874 secs] [Times: user=0.01 sys=0.00, real=0.00 secs] 
1.782: [GC (Allocation Failure) [PSYoungGen: 524384K->96K(843264K)] 526072K->1784K(1018368K), 0.0005440 secs] [Times: user=0.00 sys=0.00, real=0.00 secs] 
2.293: [GC (Allocation Failure) [PSYoungGen: 839264K->96K(800768K)] 840952K->1792K(975872K), 0.0005324 secs] [Times: user=0.01 sys=0.00, real=0.00 secs] 
2.659: [GC (Allocation Failure) [PSYoungGen: 800352K->96K(763904K)] 802048K->1800K(939008K), 0.0009610 secs] [Times: user=0.00 sys=0.00, real=0.00 secs] 
3.008: [GC (Allocation Failure) [PSYoungGen: 763488K->96K(733184K)] 765192K->1800K(908288K), 0.0005263 secs] [Times: user=0.00 sys=0.00, real=0.00 secs] 
3.336: [GC (Allocation Failure) [PSYoungGen: 728672K->96K(695808K)] 730376K->1800K(870912K), 0.0006039 secs] [Times: user=0.00 sys=0.00, real=0.01 secs] 
3.652: [GC (Allocation Failure) [PSYoungGen: 695392K->64K(667648K)] 697096K->1768K(842752K), 0.0005376 secs] [Times: user=0.00 sys=0.00, real=0.00 secs] 
3.947: [GC (Allocation Failure) [PSYoungGen: 663616K->96K(634368K)] 665320K->1800K(809472K), 0.0006017 secs] [Times: user=0.00 sys=0.00, real=0.00 secs] 
4.235: [GC (Allocation Failure) [PSYoungGen: 633952K->64K(609280K)] 635656K->1768K(784384K), 0.0006842 secs] [Times: user=0.00 sys=0.00, real=0.00 secs] 
4.504: [GC (Allocation Failure) [PSYoungGen: 605248K->96K(578560K)] 606952K->1800K(753664K), 0.0010632 secs] [Times: user=0.00 sys=0.00, real=0.00 secs] 
4.760: [GC (Allocation Failure) [PSYoungGen: 578144K->64K(556032K)] 579848K->1768K(731136K), 0.0005129 secs] [Times: user=0.00 sys=0.00, real=0.00 secs] 
5.007: [GC (Allocation Failure) [PSYoungGen: 552512K->96K(528384K)] 554216K->1808K(703488K), 0.0005880 secs] [Times: user=0.01 sys=0.00, real=0.00 secs] 
5.240: [GC (Allocation Failure) [PSYoungGen: 527968K->64K(507904K)] 529680K->1776K(683008K), 0.0005136 secs] [Times: user=0.00 sys=0.00, real=0.00 secs] 
5.469: [GC (Allocation Failure) [PSYoungGen: 504896K->96K(483328K)] 506608K->1808K(658432K), 0.0005811 secs] [Times: user=0.00 sys=0.01, real=0.00 secs] 
5.687: [GC (Allocation Failure) [PSYoungGen: 482912K->64K(464896K)] 484624K->1776K(640000K), 0.0005474 secs] [Times: user=0.00 sys=0.00, real=0.00 secs] 
5.898: [GC (Allocation Failure) [PSYoungGen: 461888K->64K(442368K)] 463600K->1776K(617472K), 0.0005605 secs] [Times: user=0.00 sys=0.00, real=0.00 secs] 
6.097: [GC (Allocation Failure) [PSYoungGen: 441920K->96K(425472K)] 443632K->1808K(600576K), 0.0005209 secs] [Times: user=0.00 sys=0.00, real=0.00 secs] 
6.283: [GC (Allocation Failure) [PSYoungGen: 423008K->96K(405504K)] 424720K->1808K(580608K), 0.0005700 secs] [Times: user=0.00 sys=0.00, real=0.00 secs] 
6.464: [GC (Allocation Failure) [PSYoungGen: 405088K->64K(390144K)] 406800K->1776K(565248K), 0.0005021 secs] [Times: user=0.00 sys=0.00, real=0.00 secs] 
6.635: [GC (Allocation Failure) [PSYoungGen: 387648K->96K(371712K)] 389360K->1808K(546816K), 0.0005468 secs] [Times: user=0.00 sys=0.00, real=0.00 secs] 
6.797: [GC (Allocation Failure) [PSYoungGen: 371296K->96K(357888K)] 373008K->1808K(532992K), 0.0004971 secs] [Times: user=0.00 sys=0.00, real=0.00 secs] 
6.954: [GC (Allocation Failure) [PSYoungGen: 355936K->64K(341504K)] 357648K->1776K(516608K), 0.0005513 secs] [Times: user=0.00 sys=0.00, real=0.00 secs] 
7.105: [GC (Allocation Failure) [PSYoungGen: 341056K->64K(329216K)] 342768K->1776K(504320K), 0.0005024 secs] [Times: user=0.00 sys=0.00, real=0.00 secs] 
7.248: [GC (Allocation Failure) [PSYoungGen: 327232K->96K(314368K)] 328944K->1808K(489472K), 0.0005329 secs] [Times: user=0.00 sys=0.00, real=0.00 secs] 
7.388: [GC (Allocation Failure) [PSYoungGen: 313952K->64K(302592K)] 315664K->1776K(477696K), 0.0005030 secs] [Times: user=0.00 sys=0.00, real=0.00 secs] 
7.527: [GC (Allocation Failure) [PSYoungGen: 301120K->96K(289280K)] 302832K->1808K(464384K), 0.0005606 secs] [Times: user=0.00 sys=0.00, real=0.00 secs] 
7.657: [GC (Allocation Failure) [PSYoungGen: 288864K->64K(279040K)] 290576K->1776K(454144K), 0.0004984 secs] [Times: user=0.00 sys=0.00, real=0.00 secs] 
7.780: [GC (Allocation Failure) [PSYoungGen: 277568K->96K(267264K)] 279280K->1808K(442368K), 0.0005278 secs] [Times: user=0.00 sys=0.00, real=0.00 secs] 
7.908: [GC (Allocation Failure) [PSYoungGen: 266848K->64K(258048K)] 268560K->1776K(433152K), 0.0005301 secs] [Times: user=0.00 sys=0.00, real=0.00 secs] 
8.027: [GC (Allocation Failure) [PSYoungGen: 256576K->96K(247296K)] 258288K->1808K(422400K), 0.0005586 secs] [Times: user=0.00 sys=0.00, real=0.00 secs] 
8.143: [GC (Allocation Failure) [PSYoungGen: 246880K->64K(238080K)] 248592K->1776K(413184K), 0.0005869 secs] [Times: user=0.00 sys=0.00, real=0.00 secs] 
8.253: [GC (Allocation Failure) [PSYoungGen: 237120K->64K(228352K)] 238832K->1776K(403456K), 0.0005598 secs] [Times: user=0.00 sys=0.00, real=0.00 secs] 
8.358: [GC (Allocation Failure) [PSYoungGen: 227904K->64K(220160K)] 229616K->1776K(395264K), 0.0007959 secs] [Times: user=0.00 sys=0.00, real=0.00 secs] 
8.460: [GC (Allocation Failure) [PSYoungGen: 219200K->96K(211456K)] 220912K->1808K(386560K), 0.0005323 secs] [Times: user=0.00 sys=0.00, real=0.00 secs] 
8.558: [GC (Allocation Failure) [PSYoungGen: 211040K->96K(204288K)] 212752K->1808K(379392K), 0.0005128 secs] [Times: user=0.00 sys=0.00, real=0.00 secs] 
8.651: [GC (Allocation Failure) [PSYoungGen: 203360K->64K(196096K)] 205072K->1776K(371200K), 0.0005289 secs] [Times: user=0.00 sys=0.00, real=0.00 secs] 
8.743: [GC (Allocation Failure) [PSYoungGen: 195648K->96K(189440K)] 197360K->1808K(364544K), 0.0005181 secs] [Times: user=0.00 sys=0.00, real=0.00 secs] 
8.829: [GC (Allocation Failure) [PSYoungGen: 188512K->32K(182272K)] 190224K->1744K(357376K), 0.0007341 secs] [Times: user=0.01 sys=0.00, real=0.00 secs] 
8.914: [GC (Allocation Failure) [PSYoungGen: 181792K->64K(175616K)] 183504K->1776K(350720K), 0.0004950 secs] [Times: user=0.00 sys=0.00, real=0.00 secs] 
8.992: [GC (Allocation Failure) [PSYoungGen: 175168K->96K(169472K)] 176880K->1808K(344576K), 0.0005001 secs] [Times: user=0.00 sys=0.00, real=0.00 secs] 
9.066: [GC (Allocation Failure) [PSYoungGen: 169056K->64K(163840K)] 170768K->1776K(338944K), 0.0005007 secs] [Times: user=0.00 sys=0.00, real=0.00 secs] 
9.140: [GC (Allocation Failure) [PSYoungGen: 163392K->64K(158208K)] 165104K->1776K(333312K), 0.0005395 secs] [Times: user=0.00 sys=0.00, real=0.00 secs] 
9.211: [GC (Allocation Failure) [PSYoungGen: 157760K->96K(153088K)] 159472K->1808K(328192K), 0.0005380 secs] [Times: user=0.00 sys=0.00, real=0.00 secs] 
9.281: [GC (Allocation Failure) [PSYoungGen: 152672K->64K(147968K)] 154384K->1776K(323072K), 0.0005221 secs] [Times: user=0.00 sys=0.00, real=0.00 secs] 
9.345: [GC (Allocation Failure) [PSYoungGen: 147520K->64K(143360K)] 149232K->1776K(318464K), 0.0005090 secs] [Times: user=0.00 sys=0.00, real=0.00 secs] 
9.410: [GC (Allocation Failure) [PSYoungGen: 142912K->64K(138752K)] 144624K->1776K(313856K), 0.0004972 secs] [Times: user=0.00 sys=0.00, real=0.00 secs] 
9.474: [GC (Allocation Failure) [PSYoungGen: 138304K->64K(134144K)] 140016K->1776K(309248K), 0.0005077 secs] [Times: user=0.00 sys=0.00, real=0.00 secs] 
9.537: [GC (Allocation Failure) [PSYoungGen: 133696K->96K(130048K)] 135408K->1808K(305152K), 0.0005231 secs] [Times: user=0.01 sys=0.00, real=0.00 secs] 
9.593: [GC (Allocation Failure) [PSYoungGen: 129632K->96K(125952K)] 131344K->1808K(301056K), 0.0005420 secs] [Times: user=0.00 sys=0.00, real=0.00 secs] 
9.650: [GC (Allocation Failure) [PSYoungGen: 125536K->64K(121856K)] 127248K->1784K(296960K), 0.0005189 secs] [Times: user=0.00 sys=0.00, real=0.00 secs] 
9.706: [GC (Allocation Failure) [PSYoungGen: 121408K->96K(118272K)] 123128K->1816K(293376K), 0.0005777 secs] [Times: user=0.00 sys=0.00, real=0.00 secs] 
9.760: [GC (Allocation Failure) [PSYoungGen: 117856K->96K(114688K)] 119576K->1816K(289792K), 0.0004992 secs] [Times: user=0.00 sys=0.00, real=0.00 secs] 
9.810: [GC (Allocation Failure) [PSYoungGen: 114272K->96K(111104K)] 115992K->1816K(286208K), 0.0005075 secs] [Times: user=0.00 sys=0.00, real=0.00 secs] 
9.859: [GC (Allocation Failure) [PSYoungGen: 110688K->64K(108032K)] 112408K->1784K(283136K), 0.0005316 secs] [Times: user=0.00 sys=0.00, real=0.00 secs] 
9.910: [GC (Allocation Failure) [PSYoungGen: 107584K->96K(104960K)] 109304K->1816K(280064K), 0.0004974 secs] [Times: user=0.00 sys=0.00, real=0.00 secs] 
9.958: [GC (Allocation Failure) [PSYoungGen: 104544K->96K(101888K)] 106264K->1816K(276992K), 0.0005083 secs] [Times: user=0.00 sys=0.00, real=0.00 secs] 
10.004: [GC (Allocation Failure) [PSYoungGen: 101472K->96K(98816K)] 103192K->1816K(273920K), 0.0004933 secs] [Times: user=0.01 sys=0.00, real=0.00 secs] 
10.050: [GC (Allocation Failure) [PSYoungGen: 98400K->96K(96256K)] 100120K->1816K(271360K), 0.0005294 secs] [Times: user=0.00 sys=0.00, real=0.00 secs] 
10.096: [GC (Allocation Failure) [PSYoungGen: 95840K->96K(93696K)] 97560K->1816K(268800K), 0.0005328 secs] [Times: user=0.00 sys=0.00, real=0.01 secs] 
10.139: [GC (Allocation Failure) [PSYoungGen: 93280K->96K(112640K)] 95000K->1816K(287744K), 0.0005451 secs] [Times: user=0.00 sys=0.00, real=0.00 secs] 
10.192: [GC (Allocation Failure) [PSYoungGen: 112224K->96K(109568K)] 113944K->1816K(284672K), 0.0005252 secs] [Times: user=0.00 sys=0.00, real=0.00 secs] 
10.246: [GC (Allocation Failure) [PSYoungGen: 109152K->96K(106496K)] 110872K->1816K(281600K), 0.0005969 secs] [Times: user=0.00 sys=0.00, real=0.01 secs] 
10.304: [GC (Allocation Failure) [PSYoungGen: 106080K->160K(103424K)] 107800K->1888K(278528K), 0.0005157 secs] [Times: user=0.00 sys=0.00, real=0.00 secs] 
10.352: [GC (Allocation Failure) [PSYoungGen: 103072K->32K(100352K)] 104800K->1832K(275456K), 0.0005256 secs] [Times: user=0.00 sys=0.00, real=0.00 secs] 
10.400: [GC (Allocation Failure) [PSYoungGen: 99872K->96K(97792K)] 101672K->1896K(272896K), 0.0005669 secs] [Times: user=0.00 sys=0.00, real=0.00 secs] 
10.448: [GC (Allocation Failure) [PSYoungGen: 97376K->64K(95232K)] 99176K->1864K(270336K), 0.0005072 secs] [Times: user=0.00 sys=0.00, real=0.00 secs] 
10.493: [GC (Allocation Failure) [PSYoungGen: 94784K->64K(92672K)] 96584K->1864K(267776K), 0.0005260 secs] [Times: user=0.00 sys=0.00, real=0.00 secs] 
10.538: [GC (Allocation Failure) [PSYoungGen: 92224K->96K(90112K)] 94024K->1896K(265216K), 0.0004955 secs] [Times: user=0.00 sys=0.00, real=0.00 secs] 
10.581: [GC (Allocation Failure) [PSYoungGen: 89696K->96K(108032K)] 91496K->1896K(283136K), 0.0005182 secs] [Times: user=0.00 sys=0.00, real=0.00 secs] 
10.632: [GC (Allocation Failure) [PSYoungGen: 107616K->96K(129536K)] 109416K->1896K(304640K), 0.0006163 secs] [Times: user=0.00 sys=0.00, real=0.00 secs] 
10.690: [GC (Allocation Failure) [PSYoungGen: 129120K->96K(125440K)] 130920K->1896K(300544K), 0.0004896 secs] [Times: user=0.00 sys=0.00, real=0.00 secs] 
10.746: [GC (Allocation Failure) [PSYoungGen: 125024K->64K(121344K)] 126824K->1864K(296448K), 0.0005037 secs] [Times: user=0.00 sys=0.01, real=0.01 secs] 
10.801: [GC (Allocation Failure) [PSYoungGen: 120896K->96K(117760K)] 122696K->1896K(292864K), 0.0004977 secs] [Times: user=0.00 sys=0.00, real=0.00 secs] 
10.852: [GC (Allocation Failure) [PSYoungGen: 117344K->96K(114176K)] 119144K->1896K(289280K), 0.0005070 secs] [Times: user=0.00 sys=0.00, real=0.00 secs] 
10.904: [GC (Allocation Failure) [PSYoungGen: 113760K->96K(110592K)] 115560K->1896K(285696K), 0.0004963 secs] [Times: user=0.00 sys=0.00, real=0.00 secs] 
10.955: [GC (Allocation Failure) [PSYoungGen: 110176K->96K(107520K)] 111976K->1896K(282624K), 0.0005077 secs] [Times: user=0.00 sys=0.00, real=0.00 secs] 
11.002: [GC (Allocation Failure) [PSYoungGen: 107104K->96K(104448K)] 108904K->1896K(279552K), 0.0004911 secs] [Times: user=0.00 sys=0.00, real=0.00 secs] 
11.048: [GC (Allocation Failure) [PSYoungGen: 104031K->32K(101376K)] 105831K->1832K(276480K), 0.0004912 secs] [Times: user=0.00 sys=0.00, real=0.00 secs] 
11.093: [GC (Allocation Failure) [PSYoungGen: 100896K->96K(98816K)] 102696K->1896K(273920K), 0.0004688 secs] [Times: user=0.00 sys=0.00, real=0.00 secs] 
11.136: [GC (Allocation Failure) [PSYoungGen: 98400K->64K(96256K)] 100200K->1864K(271360K), 0.0004929 secs] [Times: user=0.01 sys=0.00, real=0.00 secs] 
11.178: [GC (Allocation Failure) [PSYoungGen: 95808K->64K(93696K)] 97608K->1864K(268800K), 0.0004736 secs] [Times: user=0.00 sys=0.00, real=0.00 secs] 
11.219: [GC (Allocation Failure) [PSYoungGen: 93248K->96K(112640K)] 95048K->1896K(287744K), 0.0005112 secs] [Times: user=0.00 sys=0.00, real=0.00 secs] 
11.270: [GC (Allocation Failure) [PSYoungGen: 112224K->32K(109568K)] 114024K->1832K(284672K), 0.0005295 secs] [Times: user=0.00 sys=0.00, real=0.00 secs] 
11.318: [GC (Allocation Failure) [PSYoungGen: 109088K->96K(106496K)] 110888K->1896K(281600K), 0.0004962 secs] [Times: user=0.00 sys=0.00, real=0.00 secs] 
11.365: [GC (Allocation Failure) [PSYoungGen: 106080K->64K(103424K)] 107880K->1864K(278528K), 0.0004912 secs] [Times: user=0.00 sys=0.00, real=0.00 secs] 
11.410: [GC (Allocation Failure) [PSYoungGen: 102976K->96K(100352K)] 104776K->1896K(275456K), 0.0004701 secs] [Times: user=0.00 sys=0.00, real=0.00 secs] 
11.456: [GC (Allocation Failure) [PSYoungGen: 99936K->128K(97792K)] 101736K->1928K(272896K), 0.0005137 secs] [Times: user=0.00 sys=0.00, real=0.00 secs] 
11.499: [GC (Allocation Failure) [PSYoungGen: 97408K->64K(95232K)] 99208K->1864K(270336K), 0.0004985 secs] [Times: user=0.00 sys=0.00, real=0.00 secs] 
11.547: [GC (Allocation Failure) [PSYoungGen: 94784K->32K(92672K)] 96584K->1832K(267776K), 0.0005172 secs] [Times: user=0.00 sys=0.00, real=0.00 secs] 
11.588: [GC (Allocation Failure) [PSYoungGen: 92192K->96K(111104K)] 93992K->1896K(286208K), 0.0004968 secs] [Times: user=0.00 sys=0.00, real=0.00 secs] 
11.638: [GC (Allocation Failure) [PSYoungGen: 110688K->96K(108032K)] 112488K->1896K(283136K), 0.0005023 secs] [Times: user=0.00 sys=0.00, real=0.00 secs] 
11.688: [GC (Allocation Failure) [PSYoungGen: 107616K->96K(104960K)] 109416K->1896K(280064K), 0.0005058 secs] [Times: user=0.00 sys=0.00, real=0.00 secs] 
11.734: [GC (Allocation Failure) [PSYoungGen: 104544K->96K(101888K)] 106344K->1896K(276992K), 0.0004920 secs] [Times: user=0.01 sys=0.00, real=0.00 secs] 
11.780: [GC (Allocation Failure) [PSYoungGen: 101472K->96K(98816K)] 103272K->1896K(273920K), 0.0005222 secs] [Times: user=0.00 sys=0.00, real=0.00 secs] 
11.823: [GC (Allocation Failure) [PSYoungGen: 98400K->96K(96256K)] 100200K->1896K(271360K), 0.0004756 secs] [Times: user=0.01 sys=0.00, real=0.00 secs] 
11.865: [GC (Allocation Failure) [PSYoungGen: 95840K->96K(115712K)] 97640K->1896K(290816K), 0.0005138 secs] [Times: user=0.00 sys=0.00, real=0.00 secs] 
11.916: [GC (Allocation Failure) [PSYoungGen: 115296K->32K(138752K)] 117096K->1832K(313856K), 0.0005237 secs] [Times: user=0.00 sys=0.00, real=0.00 secs] 
11.978: [GC (Allocation Failure) [PSYoungGen: 138272K->96K(134144K)] 140072K->1896K(309248K), 0.0005141 secs] [Times: user=0.00 sys=0.00, real=0.00 secs] 
12.037: [GC (Allocation Failure) [PSYoungGen: 133728K->96K(130048K)] 135528K->1896K(305152K), 0.0004775 secs] [Times: user=0.00 sys=0.00, real=0.00 secs] 
12.094: [GC (Allocation Failure) [PSYoungGen: 129632K->96K(125952K)] 131432K->1896K(301056K), 0.0004726 secs] [Times: user=0.00 sys=0.00, real=0.00 secs] 
12.149: [GC (Allocation Failure) [PSYoungGen: 125536K->64K(121856K)] 127336K->1864K(296960K), 0.0004997 secs] [Times: user=0.00 sys=0.00, real=0.00 secs] 
12.202: [GC (Allocation Failure) [PSYoungGen: 121408K->64K(118272K)] 123208K->1864K(293376K), 0.0004811 secs] [Times: user=0.00 sys=0.00, real=0.00 secs] 
12.254: [GC (Allocation Failure) [PSYoungGen: 117824K->96K(114688K)] 119624K->1896K(289792K), 0.0005176 secs] [Times: user=0.00 sys=0.00, real=0.00 secs] 
12.304: [GC (Allocation Failure) [PSYoungGen: 114272K->96K(111104K)] 116072K->1896K(286208K), 0.0005048 secs] [Times: user=0.00 sys=0.00, real=0.00 secs] 
12.354: [GC (Allocation Failure) [PSYoungGen: 110688K->96K(108032K)] 112488K->1896K(283136K), 0.0004969 secs] [Times: user=0.00 sys=0.00, real=0.00 secs] 
12.401: [GC (Allocation Failure) [PSYoungGen: 107616K->64K(104960K)] 109416K->1864K(280064K), 0.0004893 secs] [Times: user=0.00 sys=0.00, real=0.00 secs] 
12.448: [GC (Allocation Failure) [PSYoungGen: 104512K->96K(101888K)] 106312K->1896K(276992K), 0.0006706 secs] [Times: user=0.01 sys=0.00, real=0.00 secs] 
12.494: [GC (Allocation Failure) [PSYoungGen: 101472K->64K(98816K)] 103272K->1864K(273920K), 0.0005287 secs] [Times: user=0.00 sys=0.00, real=0.00 secs] 
12.537: [GC (Allocation Failure) [PSYoungGen: 98368K->96K(118784K)] 100168K->1896K(293888K), 0.0004877 secs] [Times: user=0.01 sys=0.00, real=0.00 secs] 
12.589: [GC (Allocation Failure) [PSYoungGen: 118368K->32K(115200K)] 120168K->1832K(290304K), 0.0004758 secs] [Times: user=0.00 sys=0.00, real=0.00 secs] 
12.641: [GC (Allocation Failure) [PSYoungGen: 114720K->96K(111616K)] 116520K->1896K(286720K), 0.0004972 secs] [Times: user=0.00 sys=0.00, real=0.00 secs] 
12.691: [GC (Allocation Failure) [PSYoungGen: 111200K->96K(108544K)] 113000K->1896K(283648K), 0.0005178 secs] [Times: user=0.00 sys=0.00, real=0.00 secs] 
12.739: [GC (Allocation Failure) [PSYoungGen: 108128K->96K(105472K)] 109928K->1896K(280576K), 0.0005612 secs] [Times: user=0.00 sys=0.00, real=0.00 secs] 
12.786: [GC (Allocation Failure) [PSYoungGen: 105056K->96K(102400K)] 106856K->1896K(277504K), 0.0004811 secs] [Times: user=0.00 sys=0.00, real=0.01 secs] 
12.831: [GC (Allocation Failure) [PSYoungGen: 101984K->96K(99328K)] 103784K->1896K(274432K), 0.0004940 secs] [Times: user=0.00 sys=0.00, real=0.00 secs] 
12.876: [GC (Allocation Failure) [PSYoungGen: 98912K->64K(96768K)] 100712K->1864K(271872K), 0.0004809 secs] [Times: user=0.00 sys=0.00, real=0.00 secs] 
12.918: [GC (Allocation Failure) [PSYoungGen: 96320K->64K(94208K)] 98120K->1864K(269312K), 0.0004706 secs] [Times: user=0.00 sys=0.00, real=0.00 secs] 
12.959: [GC (Allocation Failure) [PSYoungGen: 93760K->96K(113152K)] 95560K->1896K(288256K), 0.0006127 secs] [Times: user=0.00 sys=0.00, real=0.00 secs] 
13.012: [GC (Allocation Failure) [PSYoungGen: 112736K->96K(135680K)] 114536K->1896K(310784K), 0.0005443 secs] [Times: user=0.00 sys=0.00, real=0.00 secs] 
13.071: [GC (Allocation Failure) [PSYoungGen: 135264K->96K(131584K)] 137064K->1896K(306688K), 0.0004776 secs] [Times: user=0.00 sys=0.01, real=0.00 secs] 
13.128: [GC (Allocation Failure) [PSYoungGen: 131168K->96K(127488K)] 132968K->1896K(302592K), 0.0004845 secs] [Times: user=0.00 sys=0.00, real=0.00 secs] 
13.185: [GC (Allocation Failure) [PSYoungGen: 127072K->64K(123392K)] 128872K->1864K(298496K), 0.0004965 secs] [Times: user=0.00 sys=0.00, real=0.00 secs] 
13.239: [GC (Allocation Failure) [PSYoungGen: 122944K->64K(119808K)] 124744K->1864K(294912K), 0.0005165 secs] [Times: user=0.00 sys=0.00, real=0.00 secs] 
13.292: [GC (Allocation Failure) [PSYoungGen: 119360K->96K(116224K)] 121160K->1896K(291328K), 0.0004940 secs] [Times: user=0.00 sys=0.00, real=0.00 secs] 
13.342: [GC (Allocation Failure) [PSYoungGen: 115808K->96K(112640K)] 117608K->1896K(287744K), 0.0004788 secs] [Times: user=0.00 sys=0.00, real=0.00 secs] 
13.393: [GC (Allocation Failure) [PSYoungGen: 112224K->96K(109568K)] 114024K->1896K(284672K), 0.0005208 secs] [Times: user=0.00 sys=0.00, real=0.00 secs] 
13.442: [GC (Allocation Failure) [PSYoungGen: 109152K->96K(106496K)] 110952K->1896K(281600K), 0.0005079 secs] [Times: user=0.00 sys=0.00, real=0.00 secs] 
13.492: [GC (Allocation Failure) [PSYoungGen: 106080K->96K(103424K)] 107880K->1896K(278528K), 0.0005221 secs] [Times: user=0.00 sys=0.00, real=0.00 secs] 
13.537: [GC (Allocation Failure) [PSYoungGen: 103008K->64K(100352K)] 104808K->1864K(275456K), 0.0004788 secs] [Times: user=0.00 sys=0.00, real=0.00 secs] 
13.581: [GC (Allocation Failure) [PSYoungGen: 99904K->64K(97792K)] 101704K->1864K(272896K), 0.0004841 secs] [Times: user=0.00 sys=0.00, real=0.00 secs] 
13.625: [GC (Allocation Failure) [PSYoungGen: 97344K->96K(95232K)] 99144K->1896K(270336K), 0.0005018 secs] [Times: user=0.00 sys=0.00, real=0.00 secs] 
13.667: [GC (Allocation Failure) [PSYoungGen: 94816K->96K(92672K)] 96616K->1896K(267776K), 0.0004996 secs] [Times: user=0.00 sys=0.00, real=0.00 secs] 
13.707: [GC (Allocation Failure) [PSYoungGen: 92256K->64K(111104K)] 94056K->1864K(286208K), 0.0004794 secs] [Times: user=0.01 sys=0.00, real=0.00 secs] 
13.757: [GC (Allocation Failure) [PSYoungGen: 110656K->64K(108032K)] 112456K->1864K(283136K), 0.0005257 secs] [Times: user=0.01 sys=0.00, real=0.00 secs] 
13.804: [GC (Allocation Failure) [PSYoungGen: 107584K->96K(104960K)] 109384K->1896K(280064K), 0.0005017 secs] [Times: user=0.00 sys=0.00, real=0.00 secs] 
13.850: [GC (Allocation Failure) [PSYoungGen: 104544K->96K(101888K)] 106344K->1896K(276992K), 0.0004782 secs] [Times: user=0.00 sys=0.00, real=0.00 secs] 
13.894: [GC (Allocation Failure) [PSYoungGen: 101472K->96K(122368K)] 103272K->1896K(297472K), 0.0005708 secs] [Times: user=0.00 sys=0.00, real=0.00 secs] 
13.948: [GC (Allocation Failure) [PSYoungGen: 121952K->32K(118784K)] 123752K->1832K(293888K), 0.0004829 secs] [Times: user=0.00 sys=0.00, real=0.00 secs] 
14.002: [GC (Allocation Failure) [PSYoungGen: 118304K->64K(115200K)] 120104K->1864K(290304K), 0.0005022 secs] [Times: user=0.00 sys=0.00, real=0.00 secs] 
14.052: [GC (Allocation Failure) [PSYoungGen: 114752K->64K(111616K)] 116552K->1864K(286720K), 0.0005560 secs] [Times: user=0.00 sys=0.00, real=0.00 secs] 
14.102: [GC (Allocation Failure) [PSYoungGen: 111168K->96K(108544K)] 112968K->1896K(283648K), 0.0005069 secs] [Times: user=0.00 sys=0.00, real=0.00 secs] 
14.151: [GC (Allocation Failure) [PSYoungGen: 108128K->64K(105472K)] 109928K->1864K(280576K), 0.0004790 secs] [Times: user=0.00 sys=0.00, real=0.00 secs] 
14.198: [GC (Allocation Failure) [PSYoungGen: 105024K->96K(102400K)] 106824K->1896K(277504K), 0.0005144 secs] [Times: user=0.00 sys=0.00, real=0.00 secs] 
14.245: [GC (Allocation Failure) [PSYoungGen: 101984K->64K(99328K)] 103784K->1864K(274432K), 0.0005001 secs] [Times: user=0.00 sys=0.00, real=0.00 secs] 
14.288: [GC (Allocation Failure) [PSYoungGen: 98880K->96K(96768K)] 100680K->1896K(271872K), 0.0004959 secs] [Times: user=0.00 sys=0.00, real=0.00 secs] 
14.331: [GC (Allocation Failure) [PSYoungGen: 96352K->96K(94208K)] 98152K->1896K(269312K), 0.0004900 secs] [Times: user=0.00 sys=0.00, real=0.00 secs] 
14.373: [GC (Allocation Failure) [PSYoungGen: 93792K->96K(113152K)] 95592K->1896K(288256K), 0.0005002 secs] [Times: user=0.01 sys=0.00, real=0.00 secs] 
14.423: [GC (Allocation Failure) [PSYoungGen: 112736K->64K(135680K)] 114536K->1864K(310784K), 0.0006726 secs] [Times: user=0.00 sys=0.00, real=0.00 secs] 
14.491: [GC (Allocation Failure) [PSYoungGen: 135232K->96K(131584K)] 137032K->1896K(306688K), 0.0005008 secs] [Times: user=0.00 sys=0.00, real=0.00 secs] 
14.550: [GC (Allocation Failure) [PSYoungGen: 131168K->96K(127488K)] 132968K->1904K(302592K), 0.0005055 secs] [Times: user=0.00 sys=0.00, real=0.00 secs] 
14.607: [GC (Allocation Failure) [PSYoungGen: 127072K->64K(123392K)] 128880K->1872K(298496K), 0.0005432 secs] [Times: user=0.00 sys=0.00, real=0.00 secs] 
14.664: [GC (Allocation Failure) [PSYoungGen: 122944K->64K(119808K)] 124752K->1872K(294912K), 0.0005014 secs] [Times: user=0.00 sys=0.00, real=0.00 secs] 
14.717: [GC (Allocation Failure) [PSYoungGen: 119360K->96K(116224K)] 121168K->1904K(291328K), 0.0005028 secs] [Times: user=0.00 sys=0.00, real=0.00 secs] 
14.768: [GC (Allocation Failure) [PSYoungGen: 115808K->96K(112640K)] 117616K->1904K(287744K), 0.0005043 secs] [Times: user=0.00 sys=0.00, real=0.00 secs] 
14.819: [GC (Allocation Failure) [PSYoungGen: 112224K->64K(109568K)] 114032K->1872K(284672K), 0.0005911 secs] [Times: user=0.00 sys=0.00, real=0.00 secs] 
14.870: [GC (Allocation Failure) [PSYoungGen: 109120K->64K(106496K)] 110928K->1872K(281600K), 0.0005307 secs] [Times: user=0.00 sys=0.00, real=0.00 secs] 
14.917: [GC (Allocation Failure) [PSYoungGen: 106048K->96K(103424K)] 107856K->1904K(278528K), 0.0004905 secs] [Times: user=0.00 sys=0.00, real=0.00 secs] 
14.963: [GC (Allocation Failure) [PSYoungGen: 103008K->96K(100352K)] 104816K->1904K(275456K), 0.0005020 secs] [Times: user=0.00 sys=0.01, real=0.00 secs] 
15.008: [GC (Allocation Failure) [PSYoungGen: 99936K->96K(97792K)] 101744K->1904K(272896K), 0.0005070 secs] [Times: user=0.00 sys=0.00, real=0.00 secs] 
15.054: [GC (Allocation Failure) [PSYoungGen: 97376K->96K(117248K)] 99184K->1904K(292352K), 0.0010381 secs] [Times: user=0.00 sys=0.00, real=0.00 secs] 
15.106: [GC (Allocation Failure) [PSYoungGen: 116832K->96K(140800K)] 118640K->1904K(315904K), 0.0005161 secs] [Times: user=0.00 sys=0.00, real=0.01 secs] 
15.169: [GC (Allocation Failure) [PSYoungGen: 140384K->96K(168960K)] 142192K->1904K(344064K), 0.0005093 secs] [Times: user=0.00 sys=0.00, real=0.00 secs] 
15.246: [GC (Allocation Failure) [PSYoungGen: 168544K->64K(163328K)] 170352K->1872K(338432K), 0.0006372 secs] [Times: user=0.00 sys=0.00, real=0.01 secs] 
15.321: [GC (Allocation Failure) [PSYoungGen: 162880K->64K(196096K)] 164688K->1872K(371200K), 0.0010819 secs] [Times: user=0.00 sys=0.00, real=0.00 secs] 
15.411: [GC (Allocation Failure) [PSYoungGen: 195648K->64K(235520K)] 197456K->1872K(410624K), 0.0010312 secs] [Times: user=0.00 sys=0.00, real=0.00 secs] 
15.518: [GC (Allocation Failure) [PSYoungGen: 235072K->96K(226816K)] 236880K->1904K(401920K), 0.0005061 secs] [Times: user=0.01 sys=0.00, real=0.00 secs] 
15.618: [GC (Allocation Failure) [PSYoungGen: 226400K->64K(218112K)] 228208K->1872K(393216K), 0.0005656 secs] [Times: user=0.01 sys=0.00, real=0.00 secs] 
15.716: [GC (Allocation Failure) [PSYoungGen: 217664K->96K(209920K)] 219472K->1904K(385024K), 0.0005114 secs] [Times: user=0.00 sys=0.00, real=0.00 secs] 
15.813: [GC (Allocation Failure) [PSYoungGen: 209504K->96K(202240K)] 211312K->1904K(377344K), 0.0005211 secs] [Times: user=0.00 sys=0.00, real=0.00 secs] 
15.903: [GC (Allocation Failure) [PSYoungGen: 201824K->96K(195072K)] 203632K->1904K(370176K), 0.0005074 secs] [Times: user=0.00 sys=0.00, real=0.00 secs] 
15.990: [GC (Allocation Failure) [PSYoungGen: 194655K->96K(187904K)] 196463K->1904K(363008K), 0.0005512 secs] [Times: user=0.00 sys=0.00, real=0.00 secs] 
16.074: [GC (Allocation Failure) [PSYoungGen: 187488K->96K(181248K)] 189296K->1904K(356352K), 0.0005393 secs] [Times: user=0.00 sys=0.00, real=0.00 secs] 
16.156: [GC (Allocation Failure) [PSYoungGen: 180832K->96K(175104K)] 182640K->1904K(350208K), 0.0004985 secs] [Times: user=0.00 sys=0.00, real=0.00 secs] 
16.234: [GC (Allocation Failure) [PSYoungGen: 174688K->96K(168960K)] 176496K->1904K(344064K), 0.0005602 secs] [Times: user=0.00 sys=0.00, real=0.00 secs] 
16.313: [GC (Allocation Failure) [PSYoungGen: 168544K->96K(163328K)] 170352K->1904K(338432K), 0.0005721 secs] [Times: user=0.00 sys=0.00, real=0.00 secs] 
16.386: [GC (Allocation Failure) [PSYoungGen: 162912K->96K(157696K)] 164720K->1904K(332800K), 0.0005110 secs] [Times: user=0.00 sys=0.00, real=0.01 secs] 
16.460: [GC (Allocation Failure) [PSYoungGen: 157280K->64K(152576K)] 159088K->1872K(327680K), 0.0005273 secs] [Times: user=0.00 sys=0.00, real=0.00 secs] 
16.530: [GC (Allocation Failure) [PSYoungGen: 152128K->64K(147456K)] 153936K->1872K(322560K), 0.0005373 secs] [Times: user=0.00 sys=0.00, real=0.00 secs] 
16.597: [GC (Allocation Failure) [PSYoungGen: 147008K->96K(142848K)] 148816K->1904K(317952K), 0.0005605 secs] [Times: user=0.00 sys=0.00, real=0.00 secs] 
16.663: [GC (Allocation Failure) [PSYoungGen: 142432K->96K(138240K)] 144240K->1904K(313344K), 0.0005425 secs] [Times: user=0.00 sys=0.00, real=0.00 secs] 
16.728: [GC (Allocation Failure) [PSYoungGen: 137824K->96K(133632K)] 139632K->1904K(308736K), 0.0005030 secs] [Times: user=0.00 sys=0.00, real=0.00 secs] 
16.789: [GC (Allocation Failure) [PSYoungGen: 133216K->64K(129536K)] 135024K->1872K(304640K), 0.0008588 secs] [Times: user=0.00 sys=0.00, real=0.00 secs] 
16.851: [GC (Allocation Failure) [PSYoungGen: 129088K->96K(125440K)] 130896K->1904K(300544K), 0.0005212 secs] [Times: user=0.00 sys=0.00, real=0.00 secs] 
16.908: [GC (Allocation Failure) [PSYoungGen: 125024K->96K(121344K)] 126832K->1904K(296448K), 0.0004999 secs] [Times: user=0.00 sys=0.00, real=0.00 secs] 
16.963: [GC (Allocation Failure) [PSYoungGen: 120928K->64K(117760K)] 122736K->1872K(292864K), 0.0005062 secs] [Times: user=0.01 sys=0.00, real=0.00 secs] 
17.019: [GC (Allocation Failure) [PSYoungGen: 117312K->96K(114176K)] 119120K->1904K(289280K), 0.0005051 secs] [Times: user=0.00 sys=0.00, real=0.00 secs] 
17.071: [GC (Allocation Failure) [PSYoungGen: 113760K->64K(110592K)] 115568K->1872K(285696K), 0.0005600 secs] [Times: user=0.00 sys=0.00, real=0.00 secs] 
17.122: [GC (Allocation Failure) [PSYoungGen: 110144K->64K(107520K)] 111952K->1872K(282624K), 0.0005281 secs] [Times: user=0.01 sys=0.00, real=0.00 secs] 
17.171: [GC (Allocation Failure) [PSYoungGen: 107072K->96K(104448K)] 108880K->1904K(279552K), 0.0005086 secs] [Times: user=0.00 sys=0.00, real=0.00 secs] 
17.220: [GC (Allocation Failure) [PSYoungGen: 104032K->96K(101376K)] 105840K->1904K(276480K), 0.0005772 secs] [Times: user=0.00 sys=0.00, real=0.00 secs] 
17.266: [GC (Allocation Failure) [PSYoungGen: 100960K->96K(98816K)] 102768K->1904K(273920K), 0.0005017 secs] [Times: user=0.00 sys=0.00, real=0.00 secs] 
17.311: [GC (Allocation Failure) [PSYoungGen: 98400K->32K(96256K)] 100208K->1840K(271360K), 0.0005494 secs] [Times: user=0.01 sys=0.00, real=0.00 secs] 
17.354: [GC (Allocation Failure) [PSYoungGen: 95776K->64K(93696K)] 97584K->1872K(268800K), 0.0004824 secs] [Times: user=0.00 sys=0.00, real=0.00 secs] 
17.396: [GC (Allocation Failure) [PSYoungGen: 93248K->96K(112640K)] 95056K->1904K(287744K), 0.0004954 secs] [Times: user=0.00 sys=0.00, real=0.00 secs] 
17.450: [GC (Allocation Failure) [PSYoungGen: 112224K->96K(109568K)] 114032K->1904K(284672K), 0.0005096 secs] [Times: user=0.01 sys=0.00, real=0.00 secs] 
17.500: [GC (Allocation Failure) [PSYoungGen: 109152K->96K(106496K)] 110960K->1904K(281600K), 0.0005118 secs] [Times: user=0.01 sys=0.00, real=0.00 secs] 
17.548: [GC (Allocation Failure) [PSYoungGen: 106080K->96K(103424K)] 107888K->1904K(278528K), 0.0005046 secs] [Times: user=0.00 sys=0.00, real=0.00 secs] 
17.594: [GC (Allocation Failure) [PSYoungGen: 103008K->96K(100352K)] 104816K->1904K(275456K), 0.0005271 secs] [Times: user=0.00 sys=0.00, real=0.00 secs] 
17.642: [GC (Allocation Failure) [PSYoungGen: 99936K->96K(120320K)] 101744K->1904K(295424K), 0.0005638 secs] [Times: user=0.00 sys=0.00, real=0.00 secs] 
17.699: [GC (Allocation Failure) [PSYoungGen: 119904K->96K(116736K)] 121712K->1904K(291840K), 0.0005270 secs] [Times: user=0.01 sys=0.00, real=0.00 secs] 
17.751: [GC (Allocation Failure) [PSYoungGen: 116320K->96K(113152K)] 118128K->1904K(288256K), 0.0005196 secs] [Times: user=0.00 sys=0.00, real=0.00 secs] 
17.802: [GC (Allocation Failure) [PSYoungGen: 112736K->64K(110080K)] 114544K->1872K(285184K), 0.0005229 secs] [Times: user=0.00 sys=0.00, real=0.00 secs] 
17.853: [GC (Allocation Failure) [PSYoungGen: 109632K->96K(107008K)] 111440K->1904K(282112K), 0.0005068 secs] [Times: user=0.00 sys=0.00, real=0.00 secs] 
17.903: [GC (Allocation Failure) [PSYoungGen: 106592K->96K(103936K)] 108400K->1904K(279040K), 0.0005579 secs] [Times: user=0.00 sys=0.00, real=0.00 secs] 
17.951: [GC (Allocation Failure) [PSYoungGen: 103520K->96K(100864K)] 105328K->1904K(275968K), 0.0005173 secs] [Times: user=0.00 sys=0.00, real=0.00 secs] 
17.997: [GC (Allocation Failure) [PSYoungGen: 100448K->96K(98304K)] 102256K->1904K(273408K), 0.0005190 secs] [Times: user=0.01 sys=0.00, real=0.00 secs] 
18.042: [GC (Allocation Failure) [PSYoungGen: 97888K->96K(118272K)] 99696K->1904K(293376K), 0.0005490 secs] [Times: user=0.00 sys=0.00, real=0.00 secs] 
18.096: [GC (Allocation Failure) [PSYoungGen: 117856K->96K(114688K)] 119664K->1904K(289792K), 0.0005100 secs] [Times: user=0.00 sys=0.00, real=0.00 secs] 
18.149: [GC (Allocation Failure) [PSYoungGen: 114272K->64K(111104K)] 116080K->1872K(286208K), 0.0005136 secs] [Times: user=0.00 sys=0.00, real=0.00 secs] 
18.200: [GC (Allocation Failure) [PSYoungGen: 110656K->96K(108032K)] 112464K->1904K(283136K), 0.0005599 secs] [Times: user=0.00 sys=0.00, real=0.00 secs] 
18.250: [GC (Allocation Failure) [PSYoungGen: 107616K->96K(104960K)] 109424K->1904K(280064K), 0.0005548 secs] [Times: user=0.00 sys=0.00, real=0.00 secs] 
18.297: [GC (Allocation Failure) [PSYoungGen: 104544K->0K(101888K)] 106352K->1808K(276992K), 0.0005092 secs] [Times: user=0.00 sys=0.00, real=0.00 secs] 
18.343: [GC (Allocation Failure) [PSYoungGen: 101376K->96K(122368K)] 103184K->1904K(297472K), 0.0005655 secs] [Times: user=0.00 sys=0.00, real=0.00 secs] 
18.398: [GC (Allocation Failure) [PSYoungGen: 121952K->96K(118784K)] 123760K->1904K(293888K), 0.0005142 secs] [Times: user=0.00 sys=0.00, real=0.00 secs] 
18.451: [GC (Allocation Failure) [PSYoungGen: 118368K->96K(115200K)] 120176K->1904K(290304K), 0.0004945 secs] [Times: user=0.00 sys=0.00, real=0.00 secs] 
18.504: [GC (Allocation Failure) [PSYoungGen: 114784K->32K(138240K)] 116592K->1840K(313344K), 0.0011936 secs] [Times: user=0.01 sys=0.00, real=0.00 secs] 
18.568: [GC (Allocation Failure) [PSYoungGen: 137760K->96K(165888K)] 139568K->1904K(340992K), 0.0005372 secs] [Times: user=0.00 sys=0.00, real=0.00 secs] 
18.645: [GC (Allocation Failure) [PSYoungGen: 165472K->64K(160256K)] 167280K->1872K(335360K), 0.0005461 secs] [Times: user=0.00 sys=0.00, real=0.00 secs] 
18.716: [GC (Allocation Failure) [PSYoungGen: 159808K->32K(154624K)] 161616K->1840K(329728K), 0.0005606 secs] [Times: user=0.00 sys=0.00, real=0.00 secs] 
18.788: [GC (Allocation Failure) [PSYoungGen: 154144K->96K(149504K)] 155952K->1904K(324608K), 0.0005295 secs] [Times: user=0.00 sys=0.00, real=0.00 secs] 
18.859: [GC (Allocation Failure) [PSYoungGen: 149088K->96K(144384K)] 150896K->1904K(319488K), 0.0005087 secs] [Times: user=0.00 sys=0.00, real=0.00 secs] 
18.924: [GC (Allocation Failure) [PSYoungGen: 143968K->96K(139776K)] 145776K->1904K(314880K), 0.0005081 secs] [Times: user=0.00 sys=0.00, real=0.00 secs] 
18.987: [GC (Allocation Failure) [PSYoungGen: 139360K->96K(135168K)] 141168K->1904K(310272K), 0.0004984 secs] [Times: user=0.00 sys=0.00, real=0.00 secs] 
19.050: [GC (Allocation Failure) [PSYoungGen: 134752K->64K(131072K)] 136560K->1872K(306176K), 0.0005177 secs] [Times: user=0.00 sys=0.00, real=0.00 secs] 
19.110: [GC (Allocation Failure) [PSYoungGen: 130624K->96K(126976K)] 132432K->1904K(302080K), 0.0005276 secs] [Times: user=0.00 sys=0.00, real=0.00 secs] 
19.168: [GC (Allocation Failure) [PSYoungGen: 126560K->96K(122880K)] 128368K->1904K(297984K), 0.0005141 secs] [Times: user=0.00 sys=0.00, real=0.00 secs] 
19.224: [GC (Allocation Failure) [PSYoungGen: 122464K->64K(119296K)] 124272K->1872K(294400K), 0.0005136 secs] [Times: user=0.00 sys=0.00, real=0.00 secs] 
19.277: [GC (Allocation Failure) [PSYoungGen: 118848K->96K(115712K)] 120656K->1904K(290816K), 0.0004992 secs] [Times: user=0.00 sys=0.00, real=0.00 secs] 
19.330: [GC (Allocation Failure) [PSYoungGen: 115296K->96K(112128K)] 117104K->1904K(287232K), 0.0005152 secs] [Times: user=0.00 sys=0.00, real=0.00 secs] 
19.380: [GC (Allocation Failure) [PSYoungGen: 111712K->96K(109056K)] 113520K->1904K(284160K), 0.0004943 secs] [Times: user=0.01 sys=0.00, real=0.00 secs] 
19.429: [GC (Allocation Failure) [PSYoungGen: 108640K->96K(105984K)] 110448K->1904K(281088K), 0.0005600 secs] [Times: user=0.00 sys=0.01, real=0.00 secs] 
19.477: [GC (Allocation Failure) [PSYoungGen: 105568K->64K(102912K)] 107376K->1872K(278016K), 0.0004725 secs] [Times: user=0.00 sys=0.00, real=0.00 secs] 
19.524: [GC (Allocation Failure) [PSYoungGen: 102464K->96K(99840K)] 104272K->1904K(274944K), 0.0005241 secs] [Times: user=0.00 sys=0.00, real=0.00 secs] 
19.572: [GC (Allocation Failure) [PSYoungGen: 99424K->96K(97280K)] 101232K->1904K(272384K), 0.0005689 secs] [Times: user=0.00 sys=0.00, real=0.00 secs] 
19.617: [GC (Allocation Failure) [PSYoungGen: 96864K->96K(94720K)] 98672K->1904K(269824K), 0.0005559 secs] [Times: user=0.00 sys=0.00, real=0.00 secs] 
19.660: [GC (Allocation Failure) [PSYoungGen: 94304K->96K(113664K)] 96112K->1904K(288768K), 0.0005065 secs] [Times: user=0.00 sys=0.00, real=0.00 secs] 
19.713: [GC (Allocation Failure) [PSYoungGen: 113248K->96K(110592K)] 115056K->1904K(285696K), 0.0005129 secs] [Times: user=0.00 sys=0.00, real=0.00 secs] 
19.764: [GC (Allocation Failure) [PSYoungGen: 110176K->32K(107520K)] 111984K->1840K(282624K), 0.0005157 secs] [Times: user=0.00 sys=0.00, real=0.00 secs] 
19.814: [GC (Allocation Failure) [PSYoungGen: 107040K->96K(129024K)] 108848K->1904K(304128K), 0.0011612 secs] [Times: user=0.00 sys=0.00, real=0.00 secs] 
19.873: [GC (Allocation Failure) [PSYoungGen: 128608K->96K(155136K)] 130416K->1904K(330240K), 0.0005159 secs] [Times: user=0.00 sys=0.00, real=0.00 secs] 
19.943: [GC (Allocation Failure) [PSYoungGen: 154720K->96K(186368K)] 156528K->1904K(361472K), 0.0005123 secs] [Times: user=0.00 sys=0.00, real=0.00 secs] 
20.029: [GC (Allocation Failure) [PSYoungGen: 185952K->96K(179712K)] 187760K->1904K(354816K), 0.0005196 secs] [Times: user=0.00 sys=0.00, real=0.00 secs] 
20.110: [GC (Allocation Failure) [PSYoungGen: 179296K->64K(173568K)] 181104K->1872K(348672K), 0.0006559 secs] [Times: user=0.00 sys=0.00, real=0.00 secs] 
20.188: [GC (Allocation Failure) [PSYoungGen: 173120K->96K(167424K)] 174928K->1904K(342528K), 0.0005107 secs] [Times: user=0.00 sys=0.00, real=0.00 secs] 
20.265: [GC (Allocation Failure) [PSYoungGen: 167008K->96K(161792K)] 168816K->1904K(336896K), 0.0005817 secs] [Times: user=0.00 sys=0.00, real=0.00 secs] 
20.338: [GC (Allocation Failure) [PSYoungGen: 161376K->96K(156160K)] 163184K->1904K(331264K), 0.0005390 secs] [Times: user=0.00 sys=0.00, real=0.00 secs] 
20.408: [GC (Allocation Failure) [PSYoungGen: 155744K->96K(151040K)] 157552K->1928K(326144K), 0.0005406 secs] [Times: user=0.00 sys=0.00, real=0.00 secs] 
20.476: [GC (Allocation Failure) [PSYoungGen: 150624K->64K(145920K)] 152456K->1896K(321024K), 0.0005093 secs] [Times: user=0.00 sys=0.00, real=0.01 secs] 
20.542: [GC (Allocation Failure) [PSYoungGen: 145472K->96K(141312K)] 147304K->1928K(316416K), 0.0005140 secs] [Times: user=0.00 sys=0.00, real=0.00 secs] 
20.608: [GC (Allocation Failure) [PSYoungGen: 140896K->64K(136704K)] 142728K->1896K(311808K), 0.0005862 secs] [Times: user=0.00 sys=0.00, real=0.00 secs] 
20.670: [GC (Allocation Failure) [PSYoungGen: 136256K->96K(132608K)] 138088K->1928K(307712K), 0.0005107 secs] [Times: user=0.00 sys=0.00, real=0.00 secs] 
20.730: [GC (Allocation Failure) [PSYoungGen: 132192K->96K(128512K)] 134024K->1928K(303616K), 0.0004973 secs] [Times: user=0.00 sys=0.00, real=0.00 secs] 
20.790: [GC (Allocation Failure) [PSYoungGen: 128096K->96K(124416K)] 129928K->1928K(299520K), 0.0005225 secs] [Times: user=0.00 sys=0.00, real=0.00 secs] 
20.847: [GC (Allocation Failure) [PSYoungGen: 124000K->96K(120832K)] 125832K->1928K(295936K), 0.0005313 secs] [Times: user=0.00 sys=0.00, real=0.00 secs] 
20.909: [GC (Allocation Failure) [PSYoungGen: 120416K->64K(117248K)] 122248K->1896K(292352K), 0.0006136 secs] [Times: user=0.00 sys=0.00, real=0.00 secs] 
20.964: [GC (Allocation Failure) [PSYoungGen: 116800K->96K(113664K)] 118632K->1928K(288768K), 0.0005581 secs] [Times: user=0.00 sys=0.00, real=0.00 secs] 
21.015: [GC (Allocation Failure) [PSYoungGen: 113248K->96K(110592K)] 115080K->1928K(285696K), 0.0005115 secs] [Times: user=0.00 sys=0.00, real=0.00 secs] 
21.065: [GC (Allocation Failure) [PSYoungGen: 110176K->96K(107520K)] 112008K->1928K(282624K), 0.0005476 secs] [Times: user=0.00 sys=0.00, real=0.01 secs] 
21.115: [GC (Allocation Failure) [PSYoungGen: 107104K->64K(104448K)] 108936K->1896K(279552K), 0.0005198 secs] [Times: user=0.00 sys=0.00, real=0.00 secs] 
21.162: [GC (Allocation Failure) [PSYoungGen: 104000K->96K(101376K)] 105832K->1928K(276480K), 0.0005352 secs] [Times: user=0.00 sys=0.00, real=0.00 secs] 
21.209: [GC (Allocation Failure) [PSYoungGen: 100960K->96K(98816K)] 102792K->1928K(273920K), 0.0005169 secs] [Times: user=0.01 sys=0.00, real=0.00 secs] 
21.256: [GC (Allocation Failure) [PSYoungGen: 98400K->64K(96256K)] 100232K->1896K(271360K), 0.0005931 secs] [Times: user=0.00 sys=0.00, real=0.00 secs] 
21.301: [GC (Allocation Failure) [PSYoungGen: 95808K->96K(93696K)] 97640K->1928K(268800K), 0.0005325 secs] [Times: user=0.00 sys=0.00, real=0.00 secs] 
21.344: [GC (Allocation Failure) [PSYoungGen: 93280K->96K(112640K)] 95112K->1928K(287744K), 0.0005648 secs] [Times: user=0.00 sys=0.00, real=0.00 secs] 
21.395: [GC (Allocation Failure) [PSYoungGen: 112224K->64K(135168K)] 114056K->1896K(310272K), 0.0005209 secs] [Times: user=0.00 sys=0.00, real=0.00 secs] 
21.456: [GC (Allocation Failure) [PSYoungGen: 134720K->96K(131072K)] 136552K->1928K(306176K), 0.0005106 secs] [Times: user=0.00 sys=0.00, real=0.01 secs] 
21.515: [GC (Allocation Failure) [PSYoungGen: 130656K->64K(126976K)] 132488K->1896K(302080K), 0.0005456 secs] [Times: user=0.00 sys=0.00, real=0.00 secs] 
21.573: [GC (Allocation Failure) [PSYoungGen: 126528K->96K(122880K)] 128360K->1928K(297984K), 0.0005239 secs] [Times: user=0.00 sys=0.00, real=0.00 secs] 
21.630: [GC (Allocation Failure) [PSYoungGen: 122464K->96K(119296K)] 124296K->1928K(294400K), 0.0005414 secs] [Times: user=0.00 sys=0.00, real=0.00 secs] 
21.687: [GC (Allocation Failure) [PSYoungGen: 118880K->96K(115712K)] 120712K->1928K(290816K), 0.0005125 secs] [Times: user=0.00 sys=0.00, real=0.00 secs] 
21.739: [GC (Allocation Failure) [PSYoungGen: 115296K->64K(138752K)] 117128K->1896K(313856K), 0.0010219 secs] [Times: user=0.00 sys=0.00, real=0.00 secs] 
21.802: [GC (Allocation Failure) [PSYoungGen: 138304K->96K(166400K)] 140136K->1928K(341504K), 0.0005193 secs] [Times: user=0.00 sys=0.00, real=0.00 secs] 
21.877: [GC (Allocation Failure) [PSYoungGen: 165984K->96K(160768K)] 167816K->1928K(335872K), 0.0005101 secs] [Times: user=0.00 sys=0.00, real=0.00 secs] 
21.951: [GC (Allocation Failure) [PSYoungGen: 160352K->96K(155136K)] 162184K->1928K(330240K), 0.0005295 secs] [Times: user=0.00 sys=0.00, real=0.00 secs] 
22.022: [GC (Allocation Failure) [PSYoungGen: 154720K->64K(150016K)] 156552K->1896K(325120K), 0.0005245 secs] [Times: user=0.00 sys=0.00, real=0.00 secs] 
22.089: [GC (Allocation Failure) [PSYoungGen: 149568K->64K(144896K)] 151400K->1896K(320000K), 0.0005176 secs] [Times: user=0.00 sys=0.00, real=0.00 secs] 
22.154: [GC (Allocation Failure) [PSYoungGen: 144448K->64K(140288K)] 146280K->1896K(315392K), 0.0005285 secs] [Times: user=0.00 sys=0.00, real=0.00 secs] 
22.218: [GC (Allocation Failure) [PSYoungGen: 139840K->64K(135680K)] 141672K->1896K(310784K), 0.0005990 secs] [Times: user=0.00 sys=0.00, real=0.00 secs] 
22.279: [GC (Allocation Failure) [PSYoungGen: 135232K->96K(131584K)] 137064K->1928K(306688K), 0.0005112 secs] [Times: user=0.00 sys=0.00, real=0.00 secs] 
22.339: [GC (Allocation Failure) [PSYoungGen: 131168K->96K(127488K)] 133000K->1928K(302592K), 0.0005155 secs] [Times: user=0.00 sys=0.00, real=0.00 secs] 
22.397: [GC (Allocation Failure) [PSYoungGen: 127072K->64K(123392K)] 128904K->1896K(298496K), 0.0005022 secs] [Times: user=0.00 sys=0.00, real=0.00 secs] 
22.454: [GC (Allocation Failure) [PSYoungGen: 122944K->96K(119808K)] 124776K->1928K(294912K), 0.0005522 secs] [Times: user=0.01 sys=0.00, real=0.00 secs] 
22.508: [GC (Allocation Failure) [PSYoungGen: 119392K->64K(143872K)] 121224K->1896K(318976K), 0.0009679 secs] [Times: user=0.00 sys=0.00, real=0.00 secs] 
22.574: [GC (Allocation Failure) [PSYoungGen: 143424K->96K(139264K)] 145256K->1928K(314368K), 0.0005200 secs] [Times: user=0.00 sys=0.00, real=0.00 secs] 
22.637: [GC (Allocation Failure) [PSYoungGen: 138848K->96K(134656K)] 140680K->1928K(309760K), 0.0005572 secs] [Times: user=0.00 sys=0.00, real=0.00 secs] 
22.698: [GC (Allocation Failure) [PSYoungGen: 134240K->96K(130560K)] 136072K->1928K(305664K), 0.0005077 secs] [Times: user=0.00 sys=0.00, real=0.00 secs] 
22.757: [GC (Allocation Failure) [PSYoungGen: 130144K->64K(126464K)] 131976K->1896K(301568K), 0.0005782 secs] [Times: user=0.00 sys=0.00, real=0.00 secs] 
22.814: [GC (Allocation Failure) [PSYoungGen: 126016K->96K(122368K)] 127848K->1928K(297472K), 0.0005156 secs] [Times: user=0.00 sys=0.00, real=0.00 secs] 
22.869: [GC (Allocation Failure) [PSYoungGen: 121952K->96K(118784K)] 123784K->1928K(293888K), 0.0005180 secs] [Times: user=0.00 sys=0.00, real=0.00 secs] 
22.922: [GC (Allocation Failure) [PSYoungGen: 118368K->64K(115200K)] 120200K->1896K(290304K), 0.0005176 secs] [Times: user=0.00 sys=0.00, real=0.00 secs] 
22.975: [GC (Allocation Failure) [PSYoungGen: 114752K->64K(111616K)] 116584K->1896K(286720K), 0.0005537 secs] [Times: user=0.00 sys=0.00, real=0.00 secs] 
23.025: [GC (Allocation Failure) [PSYoungGen: 111168K->64K(108544K)] 113000K->1896K(283648K), 0.0005241 secs] [Times: user=0.00 sys=0.00, real=0.00 secs] 
23.074: [GC (Allocation Failure) [PSYoungGen: 108096K->96K(105472K)] 109928K->1928K(280576K), 0.0004851 secs] [Times: user=0.00 sys=0.00, real=0.00 secs] 
23.121: [GC (Allocation Failure) [PSYoungGen: 105056K->96K(102400K)] 106888K->1928K(277504K), 0.0005353 secs] [Times: user=0.00 sys=0.00, real=0.00 secs] 
23.170: [GC (Allocation Failure) [PSYoungGen: 101984K->64K(122880K)] 103816K->1896K(297984K), 0.0011111 secs] [Times: user=0.00 sys=0.00, real=0.00 secs] 
23.227: [GC (Allocation Failure) [PSYoungGen: 122432K->96K(147456K)] 124264K->1928K(322560K), 0.0005155 secs] [Times: user=0.00 sys=0.00, real=0.00 secs] 
23.294: [GC (Allocation Failure) [PSYoungGen: 147040K->64K(177152K)] 148872K->1896K(352256K), 0.0005163 secs] [Times: user=0.00 sys=0.00, real=0.00 secs] 
23.375: [GC (Allocation Failure) [PSYoungGen: 176704K->64K(212480K)] 178536K->1896K(387584K), 0.0009300 secs] [Times: user=0.00 sys=0.00, real=0.00 secs] 
23.475: [GC (Allocation Failure) [PSYoungGen: 212032K->64K(254976K)] 213864K->1896K(430080K), 0.0011754 secs] [Times: user=0.00 sys=0.00, real=0.00 secs] 
23.604: [GC (Allocation Failure) [PSYoungGen: 254528K->64K(245248K)] 256360K->1896K(420352K), 0.0010205 secs] [Times: user=0.00 sys=0.00, real=0.00 secs] 
23.755: [GC (Allocation Failure) [PSYoungGen: 244800K->96K(236032K)] 246632K->1928K(411136K), 0.0005322 secs] [Times: user=0.00 sys=0.00, real=0.00 secs] 
23.906: [GC (Allocation Failure) [PSYoungGen: 235616K->64K(227328K)] 237448K->1896K(402432K), 0.0009140 secs] [Times: user=0.01 sys=0.00, real=0.00 secs] 
24.020: [GC (Allocation Failure) [PSYoungGen: 226880K->96K(218624K)] 228712K->1928K(393728K), 0.0005296 secs] [Times: user=0.00 sys=0.00, real=0.00 secs] 
24.119: [GC (Allocation Failure) [PSYoungGen: 218208K->96K(210432K)] 220040K->1928K(385536K), 0.0005538 secs] [Times: user=0.00 sys=0.00, real=0.00 secs] 
24.215: [GC (Allocation Failure) [PSYoungGen: 210016K->96K(202752K)] 211848K->1928K(377856K), 0.0005235 secs] [Times: user=0.00 sys=0.00, real=0.00 secs] 
24.307: [GC (Allocation Failure) [PSYoungGen: 202336K->96K(195584K)] 204168K->1928K(370688K), 0.0005566 secs] [Times: user=0.01 sys=0.00, real=0.00 secs] 
24.399: [GC (Allocation Failure) [PSYoungGen: 195168K->96K(188416K)] 197000K->1928K(363520K), 0.0005155 secs] [Times: user=0.00 sys=0.00, real=0.00 secs] 
24.483: [GC (Allocation Failure) [PSYoungGen: 188000K->96K(181760K)] 189832K->1928K(356864K), 0.0005214 secs] [Times: user=0.00 sys=0.00, real=0.00 secs] 
24.571: [GC (Allocation Failure) [PSYoungGen: 181344K->32K(175616K)] 183176K->1864K(350720K), 0.0005441 secs] [Times: user=0.00 sys=0.00, real=0.00 secs] 
24.653: [GC (Allocation Failure) [PSYoungGen: 175136K->96K(169472K)] 176968K->1928K(344576K), 0.0005524 secs] [Times: user=0.00 sys=0.00, real=0.00 secs] 
24.734: [GC (Allocation Failure) [PSYoungGen: 169056K->96K(163840K)] 170888K->1928K(338944K), 0.0005165 secs] [Times: user=0.00 sys=0.00, real=0.00 secs] 
24.807: [GC (Allocation Failure) [PSYoungGen: 163424K->64K(158208K)] 165256K->1896K(333312K), 0.0005027 secs] [Times: user=0.00 sys=0.00, real=0.00 secs] 
24.882: [GC (Allocation Failure) [PSYoungGen: 157760K->96K(153088K)] 159592K->1928K(328192K), 0.0005621 secs] [Times: user=0.00 sys=0.00, real=0.00 secs] 
24.957: [GC (Allocation Failure) [PSYoungGen: 152672K->96K(147968K)] 154504K->1928K(323072K), 0.0005027 secs] [Times: user=0.00 sys=0.00, real=0.00 secs] 
25.025: [GC (Allocation Failure) [PSYoungGen: 147552K->32K(143360K)] 149384K->1864K(318464K), 0.0010369 secs] [Times: user=0.00 sys=0.00, real=0.00 secs] 
25.090: [GC (Allocation Failure) [PSYoungGen: 142880K->128K(138752K)] 144712K->1960K(313856K), 0.0005164 secs] [Times: user=0.00 sys=0.00, real=0.00 secs] 
25.153: [GC (Allocation Failure) [PSYoungGen: 138368K->96K(134144K)] 140200K->1928K(309248K), 0.0005636 secs] [Times: user=0.00 sys=0.00, real=0.00 secs] 
25.219: [GC (Allocation Failure) [PSYoungGen: 133728K->64K(130048K)] 135560K->1896K(305152K), 0.0005254 secs] [Times: user=0.00 sys=0.00, real=0.00 secs] 
25.278: [GC (Allocation Failure) [PSYoungGen: 129600K->96K(125952K)] 131432K->1928K(301056K), 0.0005109 secs] [Times: user=0.00 sys=0.00, real=0.00 secs] 
25.334: [GC (Allocation Failure) [PSYoungGen: 125536K->96K(121856K)] 127368K->1928K(296960K), 0.0005167 secs] [Times: user=0.01 sys=0.00, real=0.00 secs] 
25.390: [GC (Allocation Failure) [PSYoungGen: 121440K->32K(118272K)] 123272K->1864K(293376K), 0.0004987 secs] [Times: user=0.00 sys=0.00, real=0.00 secs] 
25.443: [GC (Allocation Failure) [PSYoungGen: 117792K->96K(114688K)] 119624K->1928K(289792K), 0.0005377 secs] [Times: user=0.00 sys=0.00, real=0.00 secs] 
25.505: [GC (Allocation Failure) [PSYoungGen: 114272K->96K(137728K)] 116104K->1928K(312832K), 0.0010192 secs] [Times: user=0.00 sys=0.00, real=0.01 secs] 
25.570: [GC (Allocation Failure) [PSYoungGen: 137312K->96K(133120K)] 139144K->1928K(308224K), 0.0018886 secs] [Times: user=0.00 sys=0.00, real=0.00 secs] 
25.634: [GC (Allocation Failure) [PSYoungGen: 132704K->64K(159744K)] 134536K->1896K(334848K), 0.0010161 secs] [Times: user=0.01 sys=0.00, real=0.00 secs] 
25.712: [GC (Allocation Failure) [PSYoungGen: 159296K->96K(192000K)] 161128K->1928K(367104K), 0.0006876 secs] [Times: user=0.00 sys=0.00, real=0.00 secs] 
25.802: [GC (Allocation Failure) [PSYoungGen: 191584K->96K(185344K)] 193416K->1928K(360448K), 0.0005246 secs] [Times: user=0.00 sys=0.01, real=0.00 secs] 
25.886: [GC (Allocation Failure) [PSYoungGen: 184928K->96K(178688K)] 186760K->1928K(353792K), 0.0005288 secs] [Times: user=0.00 sys=0.00, real=0.01 secs] 
25.966: [GC (Allocation Failure) [PSYoungGen: 178272K->96K(172544K)] 180104K->1928K(347648K), 0.0005582 secs] [Times: user=0.00 sys=0.00, real=0.01 secs] 
26.043: [GC (Allocation Failure) [PSYoungGen: 172128K->64K(166400K)] 173960K->1896K(341504K), 0.0005251 secs] [Times: user=0.00 sys=0.00, real=0.00 secs] 
26.117: [GC (Allocation Failure) [PSYoungGen: 165952K->64K(160768K)] 167784K->1896K(335872K), 0.0005521 secs] [Times: user=0.00 sys=0.00, real=0.00 secs] 
26.191: [GC (Allocation Failure) [PSYoungGen: 160320K->64K(155136K)] 162152K->1896K(330240K), 0.0005200 secs] [Times: user=0.01 sys=0.00, real=0.00 secs] 
26.261: [GC (Allocation Failure) [PSYoungGen: 154688K->96K(150016K)] 156520K->1928K(325120K), 0.0005250 secs] [Times: user=0.01 sys=0.00, real=0.00 secs] 
26.328: [GC (Allocation Failure) [PSYoungGen: 149600K->32K(144896K)] 151432K->1864K(320000K), 0.0004938 secs] [Times: user=0.00 sys=0.00, real=0.00 secs] 
26.394: [GC (Allocation Failure) [PSYoungGen: 144416K->96K(140288K)] 146248K->1928K(315392K), 0.0005067 secs] [Times: user=0.00 sys=0.00, real=0.00 secs] 
26.457: [GC (Allocation Failure) [PSYoungGen: 139872K->96K(135680K)] 141704K->1928K(310784K), 0.0004970 secs] [Times: user=0.00 sys=0.00, real=0.00 secs] 
26.520: [GC (Allocation Failure) [PSYoungGen: 135264K->64K(131584K)] 137096K->1896K(306688K), 0.0005204 secs] [Times: user=0.00 sys=0.00, real=0.00 secs] 
26.581: [GC (Allocation Failure) [PSYoungGen: 131136K->96K(127488K)] 132968K->1928K(302592K), 0.0005520 secs] [Times: user=0.00 sys=0.00, real=0.00 secs] 
26.642: [GC (Allocation Failure) [PSYoungGen: 127072K->64K(123392K)] 128904K->1896K(298496K), 0.0010683 secs] [Times: user=0.00 sys=0.00, real=0.00 secs] 
26.702: [GC (Allocation Failure) [PSYoungGen: 122944K->64K(119808K)] 124776K->1896K(294912K), 0.0005398 secs] [Times: user=0.00 sys=0.00, real=0.00 secs] 
26.756: [GC (Allocation Failure) [PSYoungGen: 119360K->96K(116224K)] 121192K->1928K(291328K), 0.0005507 secs] [Times: user=0.00 sys=0.00, real=0.00 secs] 
26.809: [GC (Allocation Failure) [PSYoungGen: 115808K->96K(112640K)] 117640K->1928K(287744K), 0.0005050 secs] [Times: user=0.00 sys=0.00, real=0.00 secs] 
26.859: [GC (Allocation Failure) [PSYoungGen: 112224K->96K(109568K)] 114056K->1928K(284672K), 0.0005102 secs] [Times: user=0.00 sys=0.00, real=0.00 secs] 
26.909: [GC (Allocation Failure) [PSYoungGen: 109152K->96K(106496K)] 110984K->1928K(281600K), 0.0005158 secs] [Times: user=0.00 sys=0.00, real=0.00 secs] 
26.957: [GC (Allocation Failure) [PSYoungGen: 106080K->96K(103424K)] 107912K->1928K(278528K), 0.0005269 secs] [Times: user=0.00 sys=0.00, real=0.00 secs] 
27.004: [GC (Allocation Failure) [PSYoungGen: 103008K->96K(100352K)] 104840K->1928K(275456K), 0.0005510 secs] [Times: user=0.00 sys=0.00, real=0.00 secs] 
27.049: [GC (Allocation Failure) [PSYoungGen: 99936K->64K(97792K)] 101768K->1896K(272896K), 0.0004897 secs] [Times: user=0.00 sys=0.00, real=0.00 secs] 
27.093: [GC (Allocation Failure) [PSYoungGen: 97344K->96K(95232K)] 99176K->1928K(270336K), 0.0004974 secs] [Times: user=0.00 sys=0.00, real=0.00 secs] 
27.136: [GC (Allocation Failure) [PSYoungGen: 94816K->96K(114176K)] 96648K->1928K(289280K), 0.0004977 secs] [Times: user=0.00 sys=0.00, real=0.01 secs] 
27.188: [GC (Allocation Failure) [PSYoungGen: 113760K->64K(110592K)] 115592K->1896K(285696K), 0.0005130 secs] [Times: user=0.00 sys=0.00, real=0.00 secs] 
27.240: [GC (Allocation Failure) [PSYoungGen: 110144K->96K(107520K)] 111976K->1928K(282624K), 0.0005900 secs] [Times: user=0.00 sys=0.00, real=0.00 secs] 
27.291: [GC (Allocation Failure) [PSYoungGen: 107104K->96K(104448K)] 108936K->1928K(279552K), 0.0005065 secs] [Times: user=0.00 sys=0.00, real=0.00 secs] 
27.338: [GC (Allocation Failure) [PSYoungGen: 104032K->96K(101376K)] 105864K->1928K(276480K), 0.0004923 secs] [Times: user=0.00 sys=0.00, real=0.00 secs] 
27.384: [GC (Allocation Failure) [PSYoungGen: 100960K->96K(98816K)] 102792K->1928K(273920K), 0.0005414 secs] [Times: user=0.00 sys=0.00, real=0.00 secs] 
27.429: [GC (Allocation Failure) [PSYoungGen: 98400K->96K(118784K)] 100232K->1928K(293888K), 0.0005283 secs] [Times: user=0.00 sys=0.00, real=0.00 secs] 
27.482: [GC (Allocation Failure) [PSYoungGen: 118368K->96K(115200K)] 120200K->1928K(290304K), 0.0005119 secs] [Times: user=0.01 sys=0.00, real=0.00 secs] 
27.534: [GC (Allocation Failure) [PSYoungGen: 114784K->32K(138240K)] 116616K->1864K(313344K), 0.0008836 secs] [Times: user=0.00 sys=0.00, real=0.00 secs] 
27.596: [GC (Allocation Failure) [PSYoungGen: 137760K->96K(165888K)] 139592K->1928K(340992K), 0.0005033 secs] [Times: user=0.00 sys=0.00, real=0.00 secs] 
27.673: [GC (Allocation Failure) [PSYoungGen: 165472K->96K(160256K)] 167304K->1928K(335360K), 0.0005752 secs] [Times: user=0.00 sys=0.00, real=0.00 secs] 
27.748: [GC (Allocation Failure) [PSYoungGen: 159840K->96K(154624K)] 161672K->1928K(329728K), 0.0005465 secs] [Times: user=0.00 sys=0.00, real=0.00 secs] 
27.819: [GC (Allocation Failure) [PSYoungGen: 154208K->96K(149504K)] 156040K->1928K(324608K), 0.0005051 secs] [Times: user=0.00 sys=0.00, real=0.00 secs] 
27.887: [GC (Allocation Failure) [PSYoungGen: 149088K->96K(144384K)] 150920K->1928K(319488K), 0.0005633 secs] [Times: user=0.00 sys=0.00, real=0.00 secs] 
27.952: [GC (Allocation Failure) [PSYoungGen: 143968K->64K(139776K)] 145800K->1896K(314880K), 0.0005510 secs] [Times: user=0.00 sys=0.00, real=0.00 secs] 
28.016: [GC (Allocation Failure) [PSYoungGen: 139328K->96K(135168K)] 141160K->1928K(310272K), 0.0005017 secs] [Times: user=0.00 sys=0.00, real=0.01 secs] 
28.080: [GC (Allocation Failure) [PSYoungGen: 134752K->64K(131072K)] 136584K->1896K(306176K), 0.0005442 secs] [Times: user=0.00 sys=0.00, real=0.00 secs] 
28.140: [GC (Allocation Failure) [PSYoungGen: 130624K->96K(126976K)] 132456K->1928K(302080K), 0.0005342 secs] [Times: user=0.00 sys=0.00, real=0.00 secs] 
28.197: [GC (Allocation Failure) [PSYoungGen: 126560K->64K(152576K)] 128392K->1896K(327680K), 0.0011786 secs] [Times: user=0.00 sys=0.00, real=0.00 secs] 
28.269: [GC (Allocation Failure) [PSYoungGen: 152128K->96K(147456K)] 153960K->1928K(322560K), 0.0005384 secs] [Times: user=0.00 sys=0.00, real=0.00 secs] 
28.336: [GC (Allocation Failure) [PSYoungGen: 147040K->96K(142848K)] 148872K->1928K(317952K), 0.0005184 secs] [Times: user=0.00 sys=0.00, real=0.00 secs] 
28.400: [GC (Allocation Failure) [PSYoungGen: 142432K->96K(138240K)] 144264K->1928K(313344K), 0.0005020 secs] [Times: user=0.01 sys=0.00, real=0.00 secs] 
28.463: [GC (Allocation Failure) [PSYoungGen: 137824K->96K(133632K)] 139656K->1928K(308736K), 0.0005568 secs] [Times: user=0.00 sys=0.00, real=0.00 secs] 
28.523: [GC (Allocation Failure) [PSYoungGen: 133216K->96K(129536K)] 135048K->1928K(304640K), 0.0005210 secs] [Times: user=0.00 sys=0.00, real=0.00 secs] 
28.582: [GC (Allocation Failure) [PSYoungGen: 129120K->64K(125440K)] 130952K->1896K(300544K), 0.0005054 secs] [Times: user=0.00 sys=0.00, real=0.00 secs] 
28.639: [GC (Allocation Failure) [PSYoungGen: 124992K->32K(121344K)] 126824K->1864K(296448K), 0.0005221 secs] [Times: user=0.01 sys=0.00, real=0.00 secs] 
28.695: [GC (Allocation Failure) [PSYoungGen: 120864K->96K(117760K)] 122696K->1928K(292864K), 0.0005205 secs] [Times: user=0.00 sys=0.00, real=0.01 secs] 
28.752: [GC (Allocation Failure) [PSYoungGen: 117344K->96K(114176K)] 119176K->1928K(289280K), 0.0005098 secs] [Times: user=0.00 sys=0.00, real=0.00 secs] 
28.803: [GC (Allocation Failure) [PSYoungGen: 113760K->96K(110592K)] 115592K->1928K(285696K), 0.0005656 secs] [Times: user=0.00 sys=0.00, real=0.00 secs] 
28.853: [GC (Allocation Failure) [PSYoungGen: 110176K->64K(107520K)] 112008K->1896K(282624K), 0.0007299 secs] [Times: user=0.00 sys=0.00, real=0.00 secs] 
28.902: [GC (Allocation Failure) [PSYoungGen: 107072K->64K(104448K)] 108904K->1896K(279552K), 0.0005055 secs] [Times: user=0.00 sys=0.00, real=0.00 secs] 
28.949: [GC (Allocation Failure) [PSYoungGen: 103999K->96K(101376K)] 105831K->1928K(276480K), 0.0005080 secs] [Times: user=0.00 sys=0.00, real=0.00 secs] 
28.995: [GC (Allocation Failure) [PSYoungGen: 100960K->96K(98816K)] 102792K->1928K(273920K), 0.0005220 secs] [Times: user=0.00 sys=0.00, real=0.00 secs] 
29.042: [GC (Allocation Failure) [PSYoungGen: 98400K->96K(118784K)] 100232K->1928K(293888K), 0.0005523 secs] [Times: user=0.00 sys=0.00, real=0.00 secs] 
29.096: [GC (Allocation Failure) [PSYoungGen: 118368K->96K(115200K)] 120200K->1928K(290304K), 0.0005093 secs] [Times: user=0.00 sys=0.00, real=0.01 secs] 
29.147: [GC (Allocation Failure) [PSYoungGen: 114784K->96K(111616K)] 116616K->1928K(286720K), 0.0004993 secs] [Times: user=0.00 sys=0.00, real=0.00 secs] 
29.199: [GC (Allocation Failure) [PSYoungGen: 111200K->96K(108544K)] 113032K->1928K(283648K), 0.0005239 secs] [Times: user=0.00 sys=0.00, real=0.00 secs] 
29.251: [GC (Allocation Failure) [PSYoungGen: 108128K->96K(105472K)] 109960K->1928K(280576K), 0.0005849 secs] [Times: user=0.00 sys=0.00, real=0.00 secs] 
29.299: [GC (Allocation Failure) [PSYoungGen: 105056K->64K(102400K)] 106888K->1896K(277504K), 0.0005127 secs] [Times: user=0.00 sys=0.00, real=0.00 secs] 
29.346: [GC (Allocation Failure) [PSYoungGen: 101952K->96K(99328K)] 103784K->1928K(274432K), 0.0005117 secs] [Times: user=0.01 sys=0.00, real=0.01 secs] 
29.391: [GC (Allocation Failure) [PSYoungGen: 98912K->96K(96768K)] 100744K->1928K(271872K), 0.0005125 secs] [Times: user=0.00 sys=0.00, real=0.00 secs] 
29.437: [GC (Allocation Failure) [PSYoungGen: 96352K->64K(94208K)] 98184K->1896K(269312K), 0.0005165 secs] [Times: user=0.00 sys=0.00, real=0.00 secs] 
29.480: [GC (Allocation Failure) [PSYoungGen: 93760K->96K(113152K)] 95592K->1928K(288256K), 0.0005156 secs] [Times: user=0.00 sys=0.00, real=0.00 secs] 
29.531: [GC (Allocation Failure) [PSYoungGen: 112736K->96K(110080K)] 114568K->1928K(285184K), 0.0005018 secs] [Times: user=0.00 sys=0.00, real=0.00 secs] 
29.583: [GC (Allocation Failure) [PSYoungGen: 109664K->96K(107008K)] 111496K->1928K(282112K), 0.0005902 secs] [Times: user=0.00 sys=0.00, real=0.00 secs] 
29.631: [GC (Allocation Failure) [PSYoungGen: 106592K->64K(103936K)] 108424K->1896K(279040K), 0.0005371 secs] [Times: user=0.00 sys=0.00, real=0.00 secs] 
29.681: [GC (Allocation Failure) [PSYoungGen: 103488K->96K(100864K)] 105320K->1928K(275968K), 0.0005214 secs] [Times: user=0.00 sys=0.00, real=0.00 secs] 
29.728: [GC (Allocation Failure) [PSYoungGen: 100448K->96K(121344K)] 102280K->1928K(296448K), 0.0005829 secs] [Times: user=0.00 sys=0.00, real=0.00 secs] 
29.783: [GC (Allocation Failure) [PSYoungGen: 120928K->96K(117760K)] 122760K->1928K(292864K), 0.0005072 secs] [Times: user=0.01 sys=0.00, real=0.00 secs] 
29.845: [GC (Allocation Failure) [PSYoungGen: 117344K->64K(141312K)] 119176K->1896K(316416K), 0.0010595 secs] [Times: user=0.00 sys=0.00, real=0.01 secs] 
29.911: [GC (Allocation Failure) [PSYoungGen: 140864K->64K(169472K)] 142696K->1896K(344576K), 0.0009745 secs] [Times: user=0.00 sys=0.00, real=0.00 secs] 
29.988: [GC (Allocation Failure) [PSYoungGen: 169024K->64K(203264K)] 170856K->1896K(378368K), 0.0009924 secs] [Times: user=0.00 sys=0.00, real=0.00 secs] 
30.080: [GC (Allocation Failure) [PSYoungGen: 202816K->96K(244224K)] 204648K->1928K(419328K), 0.0005563 secs] [Times: user=0.00 sys=0.00, real=0.00 secs] 
30.191: [GC (Allocation Failure) [PSYoungGen: 243808K->32K(293376K)] 245640K->1864K(468480K), 0.0010646 secs] [Times: user=0.01 sys=0.00, real=0.00 secs] 
30.336: [GC (Allocation Failure) [PSYoungGen: 292896K->96K(281600K)] 294728K->1928K(456704K), 0.0005286 secs] [Times: user=0.00 sys=0.00, real=0.00 secs] 
30.467: [GC (Allocation Failure) [PSYoungGen: 281184K->32K(270336K)] 283016K->1880K(445440K), 0.0010615 secs] [Times: user=0.00 sys=0.00, real=0.00 secs] 
30.593: [GC (Allocation Failure) [PSYoungGen: 269856K->64K(259584K)] 271704K->1912K(434688K), 0.0010530 secs] [Times: user=0.01 sys=0.00, real=0.00 secs] 
30.718: [GC (Allocation Failure) [PSYoungGen: 259136K->32K(249344K)] 260984K->1880K(424448K), 0.0005388 secs] [Times: user=0.00 sys=0.00, real=0.00 secs] 
30.838: [GC (Allocation Failure) [PSYoungGen: 248864K->64K(239616K)] 250712K->1912K(414720K), 0.0010220 secs] [Times: user=0.00 sys=0.00, real=0.00 secs] 
30.954: [GC (Allocation Failure) [PSYoungGen: 239168K->64K(230400K)] 241016K->1912K(405504K), 0.0006049 secs] [Times: user=0.00 sys=0.00, real=0.00 secs] 
31.064: [GC (Allocation Failure) [PSYoungGen: 229952K->64K(221696K)] 231800K->1912K(396800K), 0.0011344 secs] [Times: user=0.00 sys=0.00, real=0.00 secs] 
31.171: [GC (Allocation Failure) [PSYoungGen: 221248K->64K(213504K)] 223096K->1912K(388608K), 0.0010288 secs] [Times: user=0.01 sys=0.00, real=0.00 secs] 
31.274: [GC (Allocation Failure) [PSYoungGen: 213056K->64K(205824K)] 214904K->1912K(380928K), 0.0010355 secs] [Times: user=0.00 sys=0.00, real=0.00 secs] 
31.374: [GC (Allocation Failure) [PSYoungGen: 205376K->64K(198144K)] 207224K->1912K(373248K), 0.0010327 secs] [Times: user=0.00 sys=0.00, real=0.00 secs] 
31.470: [GC (Allocation Failure) [PSYoungGen: 197696K->64K(190976K)] 199544K->1912K(366080K), 0.0010936 secs] [Times: user=0.00 sys=0.00, real=0.00 secs] 
31.566: [GC (Allocation Failure) [PSYoungGen: 190528K->64K(229376K)] 192376K->1912K(404480K), 0.0022065 secs] [Times: user=0.01 sys=0.00, real=0.00 secs] 
31.684: [GC (Allocation Failure) [PSYoungGen: 228928K->96K(275456K)] 230776K->1944K(450560K), 0.0006020 secs] [Times: user=0.00 sys=0.00, real=0.00 secs] 
31.820: [GC (Allocation Failure) [PSYoungGen: 275040K->64K(264704K)] 276888K->1912K(439808K), 0.0010997 secs] [Times: user=0.00 sys=0.00, real=0.00 secs] 
31.955: [GC (Allocation Failure) [PSYoungGen: 264256K->64K(254464K)] 266104K->1912K(429568K), 0.0011589 secs] [Times: user=0.01 sys=0.00, real=0.01 secs] 
32.088: [GC (Allocation Failure) [PSYoungGen: 254016K->96K(244736K)] 255864K->1944K(419840K), 0.0005715 secs] [Times: user=0.00 sys=0.00, real=0.00 secs] 
32.212: [GC (Allocation Failure) [PSYoungGen: 244320K->96K(235520K)] 246168K->1944K(410624K), 0.0005956 secs] [Times: user=0.00 sys=0.00, real=0.00 secs] 
32.332: [GC (Allocation Failure) [PSYoungGen: 235104K->96K(226816K)] 236952K->1944K(401920K), 0.0005694 secs] [Times: user=0.00 sys=0.00, real=0.00 secs] 
32.447: [GC (Allocation Failure) [PSYoungGen: 226400K->96K(218112K)] 228248K->1944K(393216K), 0.0005685 secs] [Times: user=0.00 sys=0.00, real=0.00 secs] 
32.559: [GC (Allocation Failure) [PSYoungGen: 217696K->96K(209920K)] 219544K->1944K(385024K), 0.0005759 secs] [Times: user=0.00 sys=0.01, real=0.00 secs] 
32.667: [GC (Allocation Failure) [PSYoungGen: 209504K->96K(202240K)] 211352K->1944K(377344K), 0.0005732 secs] [Times: user=0.00 sys=0.00, real=0.00 secs] 
32.769: [GC (Allocation Failure) [PSYoungGen: 201824K->96K(195072K)] 203672K->1944K(370176K), 0.0005451 secs] [Times: user=0.00 sys=0.00, real=0.00 secs] 
32.865: [GC (Allocation Failure) [PSYoungGen: 194656K->96K(187904K)] 196504K->1944K(363008K), 0.0005767 secs] [Times: user=0.01 sys=0.00, real=0.00 secs] 
32.956: [GC (Allocation Failure) [PSYoungGen: 187488K->64K(181248K)] 189336K->1912K(356352K), 0.0006869 secs] [Times: user=0.00 sys=0.00, real=0.01 secs] 
33.045: [GC (Allocation Failure) [PSYoungGen: 180800K->96K(175104K)] 182648K->1944K(350208K), 0.0005385 secs] [Times: user=0.00 sys=0.00, real=0.00 secs] 
33.129: [GC (Allocation Failure) [PSYoungGen: 174688K->96K(168960K)] 176536K->1944K(344064K), 0.0005320 secs] [Times: user=0.00 sys=0.00, real=0.00 secs] 
33.209: [GC (Allocation Failure) [PSYoungGen: 168544K->0K(163328K)] 170392K->1848K(338432K), 0.0005419 secs] [Times: user=0.00 sys=0.00, real=0.00 secs] 
33.289: [GC (Allocation Failure) [PSYoungGen: 162816K->64K(157696K)] 164664K->1912K(332800K), 0.0005487 secs] [Times: user=0.00 sys=0.00, real=0.00 secs] 
33.364: [GC (Allocation Failure) [PSYoungGen: 157248K->32K(152576K)] 159096K->1880K(327680K), 0.0005019 secs] [Times: user=0.00 sys=0.00, real=0.00 secs] 
33.435: [GC (Allocation Failure) [PSYoungGen: 152096K->96K(147456K)] 153944K->1944K(322560K), 0.0005142 secs] [Times: user=0.00 sys=0.00, real=0.00 secs] 
33.503: [GC (Allocation Failure) [PSYoungGen: 147040K->96K(142848K)] 148888K->1944K(317952K), 0.0005079 secs] [Times: user=0.00 sys=0.00, real=0.00 secs] 
33.569: [GC (Allocation Failure) [PSYoungGen: 142432K->96K(138240K)] 144280K->1944K(313344K), 0.0005652 secs] [Times: user=0.00 sys=0.00, real=0.00 secs] 
33.634: [GC (Allocation Failure) [PSYoungGen: 137824K->96K(133632K)] 139672K->1944K(308736K), 0.0006148 secs] [Times: user=0.00 sys=0.00, real=0.00 secs] 
33.697: [GC (Allocation Failure) [PSYoungGen: 133216K->96K(129536K)] 135064K->1944K(304640K), 0.0005637 secs] [Times: user=0.00 sys=0.00, real=0.00 secs] 
33.757: [GC (Allocation Failure) [PSYoungGen: 129120K->96K(125440K)] 130968K->1944K(300544K), 0.0005304 secs] [Times: user=0.00 sys=0.00, real=0.00 secs] 
33.815: [GC (Allocation Failure) [PSYoungGen: 125024K->96K(121344K)] 126872K->1944K(296448K), 0.0005044 secs] [Times: user=0.00 sys=0.00, real=0.01 secs] 
33.870: [GC (Allocation Failure) [PSYoungGen: 120928K->96K(117760K)] 122776K->1944K(292864K), 0.0005368 secs] [Times: user=0.01 sys=0.00, real=0.00 secs] 
33.923: [GC (Allocation Failure) [PSYoungGen: 117344K->96K(114176K)] 119192K->1944K(289280K), 0.0005386 secs] [Times: user=0.00 sys=0.00, real=0.00 secs] 
33.974: [GC (Allocation Failure) [PSYoungGen: 113760K->96K(110592K)] 115608K->1944K(285696K), 0.0005109 secs] [Times: user=0.00 sys=0.00, real=0.00 secs] 
34.024: [GC (Allocation Failure) [PSYoungGen: 110176K->64K(107520K)] 112024K->1912K(282624K), 0.0004819 secs] [Times: user=0.00 sys=0.00, real=0.00 secs] 
34.072: [GC (Allocation Failure) [PSYoungGen: 107072K->96K(104448K)] 108920K->1944K(279552K), 0.0004995 secs] [Times: user=0.00 sys=0.00, real=0.00 secs] 
34.120: [GC (Allocation Failure) [PSYoungGen: 104032K->96K(101376K)] 105880K->1944K(276480K), 0.0005268 secs] [Times: user=0.00 sys=0.00, real=0.00 secs] 
34.166: [GC (Allocation Failure) [PSYoungGen: 100960K->96K(98816K)] 102808K->1944K(273920K), 0.0004819 secs] [Times: user=0.00 sys=0.00, real=0.00 secs] 
34.210: [GC (Allocation Failure) [PSYoungGen: 98400K->96K(96256K)] 100248K->1944K(271360K), 0.0005066 secs] [Times: user=0.00 sys=0.00, real=0.00 secs] 
34.254: [GC (Allocation Failure) [PSYoungGen: 95840K->64K(93696K)] 97688K->1912K(268800K), 0.0005262 secs] [Times: user=0.00 sys=0.00, real=0.00 secs] 
34.296: [GC (Allocation Failure) [PSYoungGen: 93248K->96K(112640K)] 95096K->1944K(287744K), 0.0005115 secs] [Times: user=0.01 sys=0.00, real=0.00 secs] 
34.347: [GC (Allocation Failure) [PSYoungGen: 112224K->96K(109568K)] 114072K->1944K(284672K), 0.0005063 secs] [Times: user=0.00 sys=0.00, real=0.00 secs] 
34.396: [GC (Allocation Failure) [PSYoungGen: 109152K->96K(106496K)] 111000K->1944K(281600K), 0.0004877 secs] [Times: user=0.00 sys=0.00, real=0.00 secs] 
34.444: [GC (Allocation Failure) [PSYoungGen: 106080K->64K(103424K)] 107928K->1912K(278528K), 0.0005685 secs] [Times: user=0.01 sys=0.00, real=0.00 secs] 
34.492: [GC (Allocation Failure) [PSYoungGen: 102976K->96K(100352K)] 104824K->1944K(275456K), 0.0005181 secs] [Times: user=0.00 sys=0.00, real=0.00 secs] 
34.539: [GC (Allocation Failure) [PSYoungGen: 99936K->32K(97792K)] 101784K->1880K(272896K), 0.0005160 secs] [Times: user=0.00 sys=0.00, real=0.00 secs] 
34.583: [GC (Allocation Failure) [PSYoungGen: 97312K->96K(117248K)] 99160K->1944K(292352K), 0.0005338 secs] [Times: user=0.00 sys=0.00, real=0.00 secs] 
34.636: [GC (Allocation Failure) [PSYoungGen: 116832K->96K(140800K)] 118680K->1952K(315904K), 0.0005876 secs] [Times: user=0.00 sys=0.00, real=0.00 secs] 
34.701: [GC (Allocation Failure) [PSYoungGen: 140383K->96K(136192K)] 142239K->1952K(311296K), 0.0005144 secs] [Times: user=0.00 sys=0.00, real=0.00 secs] 
34.763: [GC (Allocation Failure) [PSYoungGen: 135776K->96K(132096K)] 137632K->1952K(307200K), 0.0005568 secs] [Times: user=0.00 sys=0.00, real=0.00 secs] 
34.825: [GC (Allocation Failure) [PSYoungGen: 131680K->96K(128000K)] 133536K->1952K(303104K), 0.0005271 secs] [Times: user=0.00 sys=0.00, real=0.00 secs] 
34.882: [GC (Allocation Failure) [PSYoungGen: 127584K->96K(123904K)] 129440K->1952K(299008K), 0.0005044 secs] [Times: user=0.01 sys=0.00, real=0.00 secs] 
34.938: [GC (Allocation Failure) [PSYoungGen: 123488K->96K(120320K)] 125344K->1952K(295424K), 0.0005182 secs] [Times: user=0.00 sys=0.00, real=0.00 secs] 
34.992: [GC (Allocation Failure) [PSYoungGen: 119904K->32K(116736K)] 121760K->1888K(291840K), 0.0005242 secs] [Times: user=0.00 sys=0.00, real=0.00 secs] 
35.045: [GC (Allocation Failure) [PSYoungGen: 116256K->96K(113152K)] 118112K->1952K(288256K), 0.0005025 secs] [Times: user=0.00 sys=0.00, real=0.00 secs] 
35.096: [GC (Allocation Failure) [PSYoungGen: 112736K->96K(110080K)] 114592K->1952K(285184K), 0.0004843 secs] [Times: user=0.00 sys=0.00, real=0.01 secs] 
35.146: [GC (Allocation Failure) [PSYoungGen: 109664K->96K(107008K)] 111520K->1952K(282112K), 0.0005229 secs] [Times: user=0.00 sys=0.00, real=0.00 secs] 
35.195: [GC (Allocation Failure) [PSYoungGen: 106592K->96K(103936K)] 108448K->1952K(279040K), 0.0005235 secs] [Times: user=0.00 sys=0.00, real=0.00 secs] 
35.243: [GC (Allocation Failure) [PSYoungGen: 103520K->64K(100864K)] 105376K->1920K(275968K), 0.0005514 secs] [Times: user=0.00 sys=0.01, real=0.00 secs] 
35.288: [GC (Allocation Failure) [PSYoungGen: 100416K->96K(98304K)] 102272K->1952K(273408K), 0.0005069 secs] [Times: user=0.01 sys=0.00, real=0.00 secs] 
35.333: [GC (Allocation Failure) [PSYoungGen: 97888K->96K(95744K)] 99744K->1952K(270848K), 0.0005408 secs] [Times: user=0.00 sys=0.00, real=0.00 secs] 
35.376: [GC (Allocation Failure) [PSYoungGen: 95328K->64K(115200K)] 97184K->1920K(290304K), 0.0004996 secs] [Times: user=0.00 sys=0.00, real=0.00 secs] 
35.427: [GC (Allocation Failure) [PSYoungGen: 114752K->96K(111616K)] 116608K->1952K(286720K), 0.0004865 secs] [Times: user=0.01 sys=0.00, real=0.00 secs] 
35.478: [GC (Allocation Failure) [PSYoungGen: 111200K->96K(108544K)] 113056K->1952K(283648K), 0.0005000 secs] [Times: user=0.00 sys=0.00, real=0.00 secs] 
35.527: [GC (Allocation Failure) [PSYoungGen: 108128K->64K(105472K)] 109984K->1920K(280576K), 0.0004919 secs] [Times: user=0.01 sys=0.00, real=0.00 secs] 
35.575: [GC (Allocation Failure) [PSYoungGen: 105024K->96K(102400K)] 106880K->1952K(277504K), 0.0004896 secs] [Times: user=0.00 sys=0.00, real=0.00 secs] 
35.621: [GC (Allocation Failure) [PSYoungGen: 101984K->96K(99328K)] 103840K->1952K(274432K), 0.0004995 secs] [Times: user=0.00 sys=0.00, real=0.00 secs] 
35.668: [GC (Allocation Failure) [PSYoungGen: 98912K->64K(119296K)] 100768K->1920K(294400K), 0.0005856 secs] [Times: user=0.00 sys=0.00, real=0.00 secs] 
35.720: [GC (Allocation Failure) [PSYoungGen: 118848K->64K(143360K)] 120704K->1920K(318464K), 0.0009938 secs] [Times: user=0.00 sys=0.00, real=0.00 secs] 
35.785: [GC (Allocation Failure) [PSYoungGen: 142912K->96K(172032K)] 144768K->1952K(347136K), 0.0005132 secs] [Times: user=0.00 sys=0.00, real=0.01 secs] 
35.860: [GC (Allocation Failure) [PSYoungGen: 171616K->96K(165888K)] 173472K->1952K(340992K), 0.0005195 secs] [Times: user=0.00 sys=0.00, real=0.00 secs] 
35.932: [GC (Allocation Failure) [PSYoungGen: 165472K->64K(160256K)] 167328K->1920K(335360K), 0.0005102 secs] [Times: user=0.00 sys=0.00, real=0.00 secs] 
36.002: [GC (Allocation Failure) [PSYoungGen: 159808K->96K(154624K)] 161664K->1952K(329728K), 0.0004958 secs] [Times: user=0.00 sys=0.00, real=0.00 secs] 
36.070: [GC (Allocation Failure) [PSYoungGen: 154208K->64K(149504K)] 156064K->1920K(324608K), 0.0005024 secs] [Times: user=0.00 sys=0.00, real=0.00 secs] 
36.136: [GC (Allocation Failure) [PSYoungGen: 149056K->96K(144384K)] 150912K->1952K(319488K), 0.0004901 secs] [Times: user=0.00 sys=0.00, real=0.00 secs] 
36.201: [GC (Allocation Failure) [PSYoungGen: 143968K->96K(139776K)] 145824K->1952K(314880K), 0.0005068 secs] [Times: user=0.00 sys=0.00, real=0.00 secs] 
36.262: [GC (Allocation Failure) [PSYoungGen: 139360K->96K(135168K)] 141216K->1952K(310272K), 0.0005407 secs] [Times: user=0.01 sys=0.00, real=0.00 secs] 
36.322: [GC (Allocation Failure) [PSYoungGen: 134752K->96K(131072K)] 136608K->1952K(306176K), 0.0005047 secs] [Times: user=0.00 sys=0.00, real=0.00 secs] 
36.379: [GC (Allocation Failure) [PSYoungGen: 130656K->96K(126976K)] 132512K->1952K(302080K), 0.0004828 secs] [Times: user=0.00 sys=0.00, real=0.00 secs] 
36.437: [GC (Allocation Failure) [PSYoungGen: 126560K->64K(122880K)] 128416K->1920K(297984K), 0.0010063 secs] [Times: user=0.00 sys=0.00, real=0.00 secs] 
36.491: [GC (Allocation Failure) [PSYoungGen: 122432K->32K(119296K)] 124288K->1888K(294400K), 0.0005365 secs] [Times: user=0.00 sys=0.00, real=0.00 secs] 
36.546: [GC (Allocation Failure) [PSYoungGen: 118816K->64K(115712K)] 120672K->1920K(290816K), 0.0005120 secs] [Times: user=0.00 sys=0.00, real=0.00 secs] 
36.598: [GC (Allocation Failure) [PSYoungGen: 115264K->64K(112128K)] 117120K->1920K(287232K), 0.0004917 secs] [Times: user=0.01 sys=0.00, real=0.00 secs] 
36.648: [GC (Allocation Failure) [PSYoungGen: 111680K->96K(109056K)] 113536K->1952K(284160K), 0.0005052 secs] [Times: user=0.01 sys=0.00, real=0.00 secs] 
36.700: [GC (Allocation Failure) [PSYoungGen: 108640K->96K(105984K)] 110496K->1952K(281088K), 0.0005014 secs] [Times: user=0.00 sys=0.00, real=0.00 secs] 
36.746: [GC (Allocation Failure) [PSYoungGen: 105568K->64K(102912K)] 107424K->1920K(278016K), 0.0004951 secs] [Times: user=0.00 sys=0.00, real=0.00 secs] 
36.791: [GC (Allocation Failure) [PSYoungGen: 102464K->96K(99840K)] 104320K->1952K(274944K), 0.0004767 secs] [Times: user=0.00 sys=0.00, real=0.00 secs] 
36.835: [GC (Allocation Failure) [PSYoungGen: 99424K->96K(97280K)] 101280K->1952K(272384K), 0.0005009 secs] [Times: user=0.00 sys=0.00, real=0.00 secs] 
36.877: [GC (Allocation Failure) [PSYoungGen: 96864K->96K(94720K)] 98720K->1952K(269824K), 0.0004810 secs] [Times: user=0.00 sys=0.00, real=0.00 secs] 
36.919: [GC (Allocation Failure) [PSYoungGen: 94304K->64K(92160K)] 96160K->1920K(267264K), 0.0004792 secs] [Times: user=0.00 sys=0.00, real=0.00 secs] 
36.959: [GC (Allocation Failure) [PSYoungGen: 91712K->64K(110592K)] 93568K->1920K(285696K), 0.0004670 secs] [Times: user=0.00 sys=0.00, real=0.00 secs] 
37.008: [GC (Allocation Failure) [PSYoungGen: 110144K->96K(107520K)] 112000K->1952K(282624K), 0.0004816 secs] [Times: user=0.00 sys=0.00, real=0.00 secs] 
37.054: [GC (Allocation Failure) [PSYoungGen: 107104K->96K(104448K)] 108960K->1952K(279552K), 0.0004702 secs] [Times: user=0.01 sys=0.00, real=0.00 secs] 
37.100: [GC (Allocation Failure) [PSYoungGen: 104032K->96K(101376K)] 105888K->1952K(276480K), 0.0004909 secs] [Times: user=0.00 sys=0.00, real=0.00 secs] 
37.144: [GC (Allocation Failure) [PSYoungGen: 100960K->64K(98816K)] 102816K->1920K(273920K), 0.0004885 secs] [Times: user=0.00 sys=0.00, real=0.00 secs] 
37.190: [GC (Allocation Failure) [PSYoungGen: 98368K->96K(96256K)] 100224K->1952K(271360K), 0.0004906 secs] [Times: user=0.00 sys=0.00, real=0.00 secs] 
37.234: [GC (Allocation Failure) [PSYoungGen: 95840K->96K(93696K)] 97696K->1952K(268800K), 0.0005102 secs] [Times: user=0.00 sys=0.00, real=0.00 secs] 
37.278: [GC (Allocation Failure) [PSYoungGen: 93280K->96K(91136K)] 95136K->1952K(266240K), 0.0004958 secs] [Times: user=0.00 sys=0.00, real=0.00 secs] 
37.318: [GC (Allocation Failure) [PSYoungGen: 90720K->64K(109568K)] 92576K->1920K(284672K), 0.0004869 secs] [Times: user=0.00 sys=0.00, real=0.00 secs] 
37.366: [GC (Allocation Failure) [PSYoungGen: 109120K->64K(131584K)] 110976K->1920K(306688K), 0.0004839 secs] [Times: user=0.00 sys=0.00, real=0.00 secs] 
37.423: [GC (Allocation Failure) [PSYoungGen: 131136K->96K(127488K)] 132992K->1952K(302592K), 0.0004956 secs] [Times: user=0.00 sys=0.00, real=0.00 secs] 
37.479: [GC (Allocation Failure) [PSYoungGen: 127072K->96K(123392K)] 128928K->1952K(298496K), 0.0005009 secs] [Times: user=0.00 sys=0.00, real=0.00 secs] 
37.533: [GC (Allocation Failure) [PSYoungGen: 122976K->96K(119808K)] 124832K->1952K(294912K), 0.0004867 secs] [Times: user=0.00 sys=0.00, real=0.00 secs] 
37.586: [GC (Allocation Failure) [PSYoungGen: 119392K->96K(116224K)] 121248K->1952K(291328K), 0.0005094 secs] [Times: user=0.00 sys=0.00, real=0.00 secs] 
37.639: [GC (Allocation Failure) [PSYoungGen: 115808K->64K(112640K)] 117664K->1920K(287744K), 0.0006799 secs] [Times: user=0.01 sys=0.00, real=0.00 secs] 
37.691: [GC (Allocation Failure) [PSYoungGen: 112192K->96K(109568K)] 114048K->1952K(284672K), 0.0005964 secs] [Times: user=0.00 sys=0.00, real=0.00 secs] 
37.743: [GC (Allocation Failure) [PSYoungGen: 109152K->96K(106496K)] 111008K->1952K(281600K), 0.0005365 secs] [Times: user=0.00 sys=0.00, real=0.00 secs] 
37.790: [GC (Allocation Failure) [PSYoungGen: 106080K->96K(103424K)] 107936K->1952K(278528K), 0.0004747 secs] [Times: user=0.00 sys=0.01, real=0.00 secs] 
37.835: [GC (Allocation Failure) [PSYoungGen: 103008K->64K(100352K)] 104864K->1920K(275456K), 0.0005049 secs] [Times: user=0.00 sys=0.00, real=0.00 secs] 
37.879: [GC (Allocation Failure) [PSYoungGen: 99904K->96K(97792K)] 101760K->1952K(272896K), 0.0004789 secs] [Times: user=0.00 sys=0.00, real=0.00 secs] 
37.921: [GC (Allocation Failure) [PSYoungGen: 97376K->64K(95232K)] 99232K->1920K(270336K), 0.0004865 secs] [Times: user=0.00 sys=0.00, real=0.00 secs] 
37.963: [GC (Allocation Failure) [PSYoungGen: 94784K->64K(114176K)] 96640K->1920K(289280K), 0.0004713 secs] [Times: user=0.00 sys=0.00, real=0.00 secs] 
38.013: [GC (Allocation Failure) [PSYoungGen: 113728K->96K(110592K)] 115584K->1952K(285696K), 0.0004868 secs] [Times: user=0.00 sys=0.00, real=0.00 secs] 
38.062: [GC (Allocation Failure) [PSYoungGen: 110176K->96K(107520K)] 112032K->1952K(282624K), 0.0004956 secs] [Times: user=0.00 sys=0.00, real=0.00 secs] 
38.111: [GC (Allocation Failure) [PSYoungGen: 107104K->64K(104448K)] 108960K->1920K(279552K), 0.0004801 secs] [Times: user=0.00 sys=0.00, real=0.00 secs] 
38.158: [GC (Allocation Failure) [PSYoungGen: 104000K->96K(101376K)] 105856K->1952K(276480K), 0.0004855 secs] [Times: user=0.00 sys=0.00, real=0.00 secs] 
38.203: [GC (Allocation Failure) [PSYoungGen: 100960K->64K(121856K)] 102816K->1920K(296960K), 0.0008204 secs] [Times: user=0.00 sys=0.00, real=0.00 secs] 
38.259: [GC (Allocation Failure) [PSYoungGen: 121408K->96K(146432K)] 123264K->1952K(321536K), 0.0005032 secs] [Times: user=0.00 sys=0.00, real=0.00 secs] 
38.324: [GC (Allocation Failure) [PSYoungGen: 146016K->64K(141824K)] 147872K->1920K(316928K), 0.0005010 secs] [Times: user=0.01 sys=0.00, real=0.00 secs] 
38.386: [GC (Allocation Failure) [PSYoungGen: 141376K->64K(137216K)] 143232K->1920K(312320K), 0.0004908 secs] [Times: user=0.00 sys=0.00, real=0.00 secs] 
38.447: [GC (Allocation Failure) [PSYoungGen: 136768K->64K(132608K)] 138624K->1920K(307712K), 0.0005290 secs] [Times: user=0.00 sys=0.00, real=0.00 secs] 
38.505: [GC (Allocation Failure) [PSYoungGen: 132160K->64K(128512K)] 134016K->1920K(303616K), 0.0004981 secs] [Times: user=0.00 sys=0.00, real=0.00 secs] 
38.561: [GC (Allocation Failure) [PSYoungGen: 128064K->96K(124416K)] 129920K->1952K(299520K), 0.0004899 secs] [Times: user=0.00 sys=0.00, real=0.00 secs] 
38.616: [GC (Allocation Failure) [PSYoungGen: 124000K->96K(120832K)] 125856K->1952K(295936K), 0.0005089 secs] [Times: user=0.00 sys=0.00, real=0.00 secs] 
38.670: [GC (Allocation Failure) [PSYoungGen: 120416K->96K(117248K)] 122272K->1952K(292352K), 0.0004990 secs] [Times: user=0.00 sys=0.00, real=0.00 secs] 
38.725: [GC (Allocation Failure) [PSYoungGen: 116832K->96K(113664K)] 118688K->1952K(288768K), 0.0005281 secs] [Times: user=0.00 sys=0.00, real=0.01 secs] 
38.776: [GC (Allocation Failure) [PSYoungGen: 113248K->96K(110592K)] 115104K->1952K(285696K), 0.0005144 secs] [Times: user=0.00 sys=0.00, real=0.00 secs] 
38.826: [GC (Allocation Failure) [PSYoungGen: 110176K->96K(107520K)] 112032K->1952K(282624K), 0.0005115 secs] [Times: user=0.00 sys=0.00, real=0.00 secs] 
38.873: [GC (Allocation Failure) [PSYoungGen: 107104K->96K(104448K)] 108960K->1952K(279552K), 0.0004965 secs] [Times: user=0.00 sys=0.00, real=0.00 secs] 
38.918: [GC (Allocation Failure) [PSYoungGen: 104032K->96K(101376K)] 105888K->1952K(276480K), 0.0004846 secs] [Times: user=0.00 sys=0.00, real=0.00 secs] 
38.963: [GC (Allocation Failure) [PSYoungGen: 100960K->64K(98816K)] 102816K->1920K(273920K), 0.0004831 secs] [Times: user=0.00 sys=0.00, real=0.00 secs] 
39.006: [GC (Allocation Failure) [PSYoungGen: 98368K->96K(96256K)] 100224K->1952K(271360K), 0.0004916 secs] [Times: user=0.00 sys=0.00, real=0.00 secs] 
39.048: [GC (Allocation Failure) [PSYoungGen: 95840K->96K(93696K)] 97696K->1952K(268800K), 0.0004894 secs] [Times: user=0.01 sys=0.00, real=0.00 secs] 
39.089: [GC (Allocation Failure) [PSYoungGen: 93280K->32K(112640K)] 95136K->1888K(287744K), 0.0004746 secs] [Times: user=0.00 sys=0.00, real=0.00 secs] 
39.139: [GC (Allocation Failure) [PSYoungGen: 112160K->96K(109568K)] 114016K->1952K(284672K), 0.0004837 secs] [Times: user=0.00 sys=0.00, real=0.00 secs] 
39.189: [GC (Allocation Failure) [PSYoungGen: 109152K->64K(106496K)] 111008K->1920K(281600K), 0.0004746 secs] [Times: user=0.00 sys=0.00, real=0.00 secs] 
39.239: [GC (Allocation Failure) [PSYoungGen: 106048K->96K(103424K)] 107904K->1952K(278528K), 0.0006427 secs] [Times: user=0.00 sys=0.00, real=0.00 secs] 
39.285: [GC (Allocation Failure) [PSYoungGen: 103007K->96K(100352K)] 104863K->1952K(275456K), 0.0004952 secs] [Times: user=0.00 sys=0.00, real=0.00 secs] 
39.330: [GC (Allocation Failure) [PSYoungGen: 99936K->96K(97792K)] 101792K->1952K(272896K), 0.0005114 secs] [Times: user=0.00 sys=0.00, real=0.00 secs] 
39.374: [GC (Allocation Failure) [PSYoungGen: 97376K->96K(95232K)] 99232K->1952K(270336K), 0.0004823 secs] [Times: user=0.00 sys=0.00, real=0.00 secs] 
39.416: [GC (Allocation Failure) [PSYoungGen: 94816K->64K(114176K)] 96672K->1920K(289280K), 0.0004955 secs] [Times: user=0.00 sys=0.00, real=0.00 secs] 
39.465: [GC (Allocation Failure) [PSYoungGen: 113728K->96K(110592K)] 115584K->1952K(285696K), 0.0005275 secs] [Times: user=0.00 sys=0.00, real=0.01 secs] 
39.514: [GC (Allocation Failure) [PSYoungGen: 110176K->96K(107520K)] 112032K->1952K(282624K), 0.0004890 secs] [Times: user=0.01 sys=0.00, real=0.00 secs] 
39.561: [GC (Allocation Failure) [PSYoungGen: 107104K->96K(104448K)] 108960K->1952K(279552K), 0.0004935 secs] [Times: user=0.00 sys=0.00, real=0.00 secs] 
39.607: [GC (Allocation Failure) [PSYoungGen: 104032K->64K(101376K)] 105888K->1920K(276480K), 0.0004854 secs] [Times: user=0.00 sys=0.00, real=0.00 secs] 
39.655: [GC (Allocation Failure) [PSYoungGen: 100928K->64K(98816K)] 102784K->1920K(273920K), 0.0005477 secs] [Times: user=0.00 sys=0.00, real=0.00 secs] 
39.699: [GC (Allocation Failure) [PSYoungGen: 98368K->96K(96256K)] 100224K->1952K(271360K), 0.0005118 secs] [Times: user=0.00 sys=0.00, real=0.00 secs] 
39.742: [GC (Allocation Failure) [PSYoungGen: 95840K->96K(115712K)] 97696K->1952K(290816K), 0.0005619 secs] [Times: user=0.01 sys=0.00, real=0.00 secs] 
39.794: [GC (Allocation Failure) [PSYoungGen: 115296K->64K(112128K)] 117152K->1920K(287232K), 0.0005005 secs] [Times: user=0.00 sys=0.00, real=0.00 secs] 
39.845: [GC (Allocation Failure) [PSYoungGen: 111680K->96K(109056K)] 113536K->1952K(284160K), 0.0004989 secs] [Times: user=0.00 sys=0.00, real=0.00 secs] 
39.894: [GC (Allocation Failure) [PSYoungGen: 108640K->96K(105984K)] 110496K->1952K(281088K), 0.0005617 secs] [Times: user=0.00 sys=0.00, real=0.00 secs] 
39.942: [GC (Allocation Failure) [PSYoungGen: 105568K->32K(102912K)] 107424K->1888K(278016K), 0.0004986 secs] [Times: user=0.01 sys=0.00, real=0.00 secs] 
39.987: [GC (Allocation Failure) [PSYoungGen: 102432K->64K(99840K)] 104288K->1920K(274944K), 0.0004986 secs] [Times: user=0.00 sys=0.00, real=0.00 secs] 
40.032: [GC (Allocation Failure) [PSYoungGen: 99392K->96K(97280K)] 101248K->1952K(272384K), 0.0004834 secs] [Times: user=0.00 sys=0.00, real=0.00 secs] 
40.075: [GC (Allocation Failure) [PSYoungGen: 96864K->64K(94720K)] 98720K->1920K(269824K), 0.0004651 secs] [Times: user=0.00 sys=0.00, real=0.00 secs] 
40.116: [GC (Allocation Failure) [PSYoungGen: 94272K->96K(113664K)] 96128K->1952K(288768K), 0.0004771 secs] [Times: user=0.00 sys=0.00, real=0.00 secs] 
40.165: [GC (Allocation Failure) [PSYoungGen: 113248K->64K(110592K)] 115104K->1920K(285696K), 0.0004996 secs] [Times: user=0.00 sys=0.00, real=0.01 secs] 
40.213: [GC (Allocation Failure) [PSYoungGen: 110144K->96K(107520K)] 112000K->1952K(282624K), 0.0004893 secs] [Times: user=0.00 sys=0.00, real=0.00 secs] 
40.261: [GC (Allocation Failure) [PSYoungGen: 107104K->96K(104448K)] 108960K->1952K(279552K), 0.0005768 secs] [Times: user=0.00 sys=0.00, real=0.00 secs] 
40.310: [GC (Allocation Failure) [PSYoungGen: 104032K->96K(101376K)] 105888K->1952K(276480K), 0.0005334 secs] [Times: user=0.00 sys=0.00, real=0.00 secs] 
40.354: [GC (Allocation Failure) [PSYoungGen: 100960K->96K(121856K)] 102816K->1976K(296960K), 0.0004999 secs] [Times: user=0.00 sys=0.00, real=0.00 secs] 
40.408: [GC (Allocation Failure) [PSYoungGen: 121440K->96K(118272K)] 123320K->1976K(293376K), 0.0005038 secs] [Times: user=0.01 sys=0.00, real=0.00 secs] 
40.461: [GC (Allocation Failure) [PSYoungGen: 117856K->96K(114688K)] 119736K->1976K(289792K), 0.0005019 secs] [Times: user=0.00 sys=0.00, real=0.00 secs] 
40.511: [GC (Allocation Failure) [PSYoungGen: 114272K->96K(111104K)] 116152K->1976K(286208K), 0.0004853 secs] [Times: user=0.00 sys=0.00, real=0.00 secs] 
40.560: [GC (Allocation Failure) [PSYoungGen: 110688K->96K(108032K)] 112568K->1976K(283136K), 0.0005238 secs] [Times: user=0.00 sys=0.00, real=0.00 secs] 
40.609: [GC (Allocation Failure) [PSYoungGen: 107616K->32K(104960K)] 109496K->1912K(280064K), 0.0005038 secs] [Times: user=0.00 sys=0.00, real=0.00 secs] 
40.656: [GC (Allocation Failure) [PSYoungGen: 104480K->96K(101888K)] 106360K->1976K(276992K), 0.0005046 secs] [Times: user=0.01 sys=0.00, real=0.00 secs] 
40.701: [GC (Allocation Failure) [PSYoungGen: 101472K->64K(98816K)] 103352K->1944K(273920K), 0.0004993 secs] [Times: user=0.00 sys=0.00, real=0.00 secs] 
40.745: [GC (Allocation Failure) [PSYoungGen: 98368K->96K(96256K)] 100248K->1976K(271360K), 0.0005081 secs] [Times: user=0.01 sys=0.00, real=0.01 secs] 
40.790: [GC (Allocation Failure) [PSYoungGen: 95840K->32K(115712K)] 97720K->1912K(290816K), 0.0005575 secs] [Times: user=0.00 sys=0.00, real=0.00 secs] 
40.842: [GC (Allocation Failure) [PSYoungGen: 115232K->96K(112128K)] 117112K->1976K(287232K), 0.0005400 secs] [Times: user=0.00 sys=0.00, real=0.00 secs] 
40.893: [GC (Allocation Failure) [PSYoungGen: 111711K->96K(109056K)] 113591K->1976K(284160K), 0.0004942 secs] [Times: user=0.00 sys=0.00, real=0.00 secs] 
40.941: [GC (Allocation Failure) [PSYoungGen: 108640K->96K(105984K)] 110520K->1976K(281088K), 0.0004931 secs] [Times: user=0.00 sys=0.00, real=0.00 secs] 
40.988: [GC (Allocation Failure) [PSYoungGen: 105568K->96K(102912K)] 107448K->1976K(278016K), 0.0005275 secs] [Times: user=0.00 sys=0.00, real=0.00 secs] 
41.034: [GC (Allocation Failure) [PSYoungGen: 102496K->64K(99840K)] 104376K->1944K(274944K), 0.0005170 secs] [Times: user=0.01 sys=0.00, real=0.00 secs] 
41.078: [GC (Allocation Failure) [PSYoungGen: 99392K->96K(97280K)] 101272K->1976K(272384K), 0.0004603 secs] [Times: user=0.00 sys=0.00, real=0.00 secs] 
41.122: [GC (Allocation Failure) [PSYoungGen: 96864K->64K(94720K)] 98744K->1944K(269824K), 0.0004450 secs] [Times: user=0.00 sys=0.00, real=0.00 secs] 
41.164: [GC (Allocation Failure) [PSYoungGen: 94272K->64K(113664K)] 96152K->1944K(288768K), 0.0005778 secs] [Times: user=0.00 sys=0.00, real=0.00 secs] 
41.213: [GC (Allocation Failure) [PSYoungGen: 113216K->96K(136704K)] 115096K->1976K(311808K), 0.0005005 secs] [Times: user=0.00 sys=0.00, real=0.00 secs] 
41.273: [GC (Allocation Failure) [PSYoungGen: 136288K->96K(132608K)] 138168K->1976K(307712K), 0.0005225 secs] [Times: user=0.00 sys=0.00, real=0.00 secs] 
41.335: [GC (Allocation Failure) [PSYoungGen: 132192K->96K(128512K)] 134072K->1976K(303616K), 0.0004964 secs] [Times: user=0.00 sys=0.00, real=0.00 secs] 
41.391: [GC (Allocation Failure) [PSYoungGen: 128096K->64K(154112K)] 129976K->1944K(329216K), 0.0009594 secs] [Times: user=0.01 sys=0.00, real=0.00 secs] 
41.458: [GC (Allocation Failure) [PSYoungGen: 153664K->96K(148992K)] 155544K->1976K(324096K), 0.0004839 secs] [Times: user=0.00 sys=0.00, real=0.00 secs] 
41.525: [GC (Allocation Failure) [PSYoungGen: 148576K->96K(143872K)] 150456K->1976K(318976K), 0.0005116 secs] [Times: user=0.00 sys=0.00, real=0.00 secs] 
41.587: [GC (Allocation Failure) [PSYoungGen: 143456K->96K(139264K)] 145336K->1976K(314368K), 0.0004994 secs] [Times: user=0.00 sys=0.00, real=0.00 secs] 
41.649: [GC (Allocation Failure) [PSYoungGen: 138848K->96K(134656K)] 140728K->1976K(309760K), 0.0004993 secs] [Times: user=0.01 sys=0.00, real=0.00 secs] 
41.709: [GC (Allocation Failure) [PSYoungGen: 134240K->96K(130560K)] 136120K->1976K(305664K), 0.0005204 secs] [Times: user=0.01 sys=0.00, real=0.00 secs] 
41.766: [GC (Allocation Failure) [PSYoungGen: 130144K->96K(126464K)] 132024K->1976K(301568K), 0.0005052 secs] [Times: user=0.00 sys=0.00, real=0.00 secs] 
41.824: [GC (Allocation Failure) [PSYoungGen: 126048K->96K(122368K)] 127928K->1976K(297472K), 0.0005086 secs] [Times: user=0.00 sys=0.00, real=0.00 secs] 
41.877: [GC (Allocation Failure) [PSYoungGen: 121952K->96K(118784K)] 123832K->1976K(293888K), 0.0004923 secs] [Times: user=0.01 sys=0.00, real=0.00 secs] 
41.930: [GC (Allocation Failure) [PSYoungGen: 118368K->96K(115200K)] 120248K->1976K(290304K), 0.0005107 secs] [Times: user=0.00 sys=0.00, real=0.00 secs] 
41.982: [GC (Allocation Failure) [PSYoungGen: 114784K->96K(111616K)] 116664K->1976K(286720K), 0.0005248 secs] [Times: user=0.00 sys=0.00, real=0.00 secs] 
42.030: [GC (Allocation Failure) [PSYoungGen: 111200K->96K(108544K)] 113080K->1976K(283648K), 0.0004938 secs] [Times: user=0.00 sys=0.00, real=0.00 secs] 
42.078: [GC (Allocation Failure) [PSYoungGen: 108128K->64K(105472K)] 110008K->1944K(280576K), 0.0005059 secs] [Times: user=0.00 sys=0.00, real=0.00 secs] 
42.126: [GC (Allocation Failure) [PSYoungGen: 105024K->96K(102400K)] 106904K->1976K(277504K), 0.0005045 secs] [Times: user=0.00 sys=0.00, real=0.00 secs] 
42.170: [GC (Allocation Failure) [PSYoungGen: 101984K->0K(99328K)] 103864K->1880K(274432K), 0.0004686 secs] [Times: user=0.00 sys=0.00, real=0.00 secs] 
42.214: [GC (Allocation Failure) [PSYoungGen: 98816K->96K(96768K)] 100696K->1976K(271872K), 0.0005727 secs] [Times: user=0.00 sys=0.00, real=0.00 secs] 
42.258: [GC (Allocation Failure) [PSYoungGen: 96352K->96K(94208K)] 98232K->1976K(269312K), 0.0005174 secs] [Times: user=0.00 sys=0.00, real=0.00 secs] 
42.299: [GC (Allocation Failure) [PSYoungGen: 93792K->96K(113152K)] 95672K->1976K(288256K), 0.0005107 secs] [Times: user=0.00 sys=0.00, real=0.00 secs] 
42.353: [GC (Allocation Failure) [PSYoungGen: 112736K->96K(110080K)] 114616K->1976K(285184K), 0.0005107 secs] [Times: user=0.00 sys=0.00, real=0.00 secs] 
42.402: [GC (Allocation Failure) [PSYoungGen: 109664K->96K(107008K)] 111544K->1976K(282112K), 0.0005069 secs] [Times: user=0.00 sys=0.00, real=0.00 secs] 
42.449: [GC (Allocation Failure) [PSYoungGen: 106592K->96K(103936K)] 108472K->1976K(279040K), 0.0004753 secs] [Times: user=0.00 sys=0.00, real=0.00 secs] 
42.495: [GC (Allocation Failure) [PSYoungGen: 103520K->96K(100864K)] 105400K->1976K(275968K), 0.0005095 secs] [Times: user=0.00 sys=0.00, real=0.00 secs] 
42.540: [GC (Allocation Failure) [PSYoungGen: 100448K->96K(98304K)] 102328K->1976K(273408K), 0.0005031 secs] [Times: user=0.00 sys=0.00, real=0.00 secs] 
42.584: [GC (Allocation Failure) [PSYoungGen: 97888K->96K(118272K)] 99768K->1976K(293376K), 0.0005357 secs] [Times: user=0.00 sys=0.00, real=0.00 secs] 
42.637: [GC (Allocation Failure) [PSYoungGen: 117856K->96K(114688K)] 119736K->1976K(289792K), 0.0004886 secs] [Times: user=0.00 sys=0.00, real=0.00 secs] 
42.692: [GC (Allocation Failure) [PSYoungGen: 114272K->96K(111104K)] 116152K->1976K(286208K), 0.0005147 secs] [Times: user=0.01 sys=0.00, real=0.00 secs] 
42.742: [GC (Allocation Failure) [PSYoungGen: 110688K->96K(108032K)] 112568K->1976K(283136K), 0.0005381 secs] [Times: user=0.01 sys=0.00, real=0.00 secs] 
42.790: [GC (Allocation Failure) [PSYoungGen: 107616K->96K(104960K)] 109496K->1976K(280064K), 0.0004943 secs] [Times: user=0.00 sys=0.00, real=0.00 secs] 
42.838: [GC (Allocation Failure) [PSYoungGen: 104544K->64K(101888K)] 106424K->1944K(276992K), 0.0005308 secs] [Times: user=0.00 sys=0.00, real=0.00 secs] 
42.885: [GC (Allocation Failure) [PSYoungGen: 101440K->64K(98816K)] 103320K->1944K(273920K), 0.0005389 secs] [Times: user=0.00 sys=0.00, real=0.00 secs] 
42.929: [GC (Allocation Failure) [PSYoungGen: 98368K->64K(96256K)] 100248K->1944K(271360K), 0.0005149 secs] [Times: user=0.01 sys=0.00, real=0.00 secs] 
42.973: [GC (Allocation Failure) [PSYoungGen: 95808K->96K(93696K)] 97688K->1976K(268800K), 0.0005066 secs] [Times: user=0.00 sys=0.00, real=0.00 secs] 
43.016: [GC (Allocation Failure) [PSYoungGen: 93280K->64K(112640K)] 95160K->1944K(287744K), 0.0005329 secs] [Times: user=0.00 sys=0.00, real=0.00 secs] 
43.068: [GC (Allocation Failure) [PSYoungGen: 112192K->96K(109568K)] 114072K->1976K(284672K), 0.0004947 secs] [Times: user=0.01 sys=0.00, real=0.00 secs] 
43.119: [GC (Allocation Failure) [PSYoungGen: 109152K->32K(106496K)] 111032K->1912K(281600K), 0.0005388 secs] [Times: user=0.00 sys=0.00, real=0.00 secs] 
43.168: [GC (Allocation Failure) [PSYoungGen: 106016K->96K(128000K)] 107896K->1976K(303104K), 0.0005953 secs] [Times: user=0.00 sys=0.00, real=0.00 secs] 
43.225: [GC (Allocation Failure) [PSYoungGen: 127584K->96K(123904K)] 129464K->1976K(299008K), 0.0005439 secs] [Times: user=0.00 sys=0.00, real=0.01 secs] 
43.281: [GC (Allocation Failure) [PSYoungGen: 123488K->32K(120320K)] 125368K->1912K(295424K), 0.0005144 secs] [Times: user=0.00 sys=0.00, real=0.00 secs] 
43.335: [GC (Allocation Failure) [PSYoungGen: 119840K->64K(144384K)] 121720K->1944K(319488K), 0.0009213 secs] [Times: user=0.01 sys=0.00, real=0.01 secs] 
43.403: [GC (Allocation Failure) [PSYoungGen: 143936K->96K(139776K)] 145816K->1976K(314880K), 0.0005137 secs] [Times: user=0.00 sys=0.00, real=0.00 secs] 
43.466: [GC (Allocation Failure) [PSYoungGen: 139360K->96K(135168K)] 141240K->1976K(310272K), 0.0005119 secs] [Times: user=0.00 sys=0.00, real=0.00 secs] 
43.529: [GC (Allocation Failure) [PSYoungGen: 134752K->96K(131072K)] 136632K->1976K(306176K), 0.0005482 secs] [Times: user=0.00 sys=0.00, real=0.00 secs] 
43.588: [GC (Allocation Failure) [PSYoungGen: 130656K->96K(126976K)] 132536K->1976K(302080K), 0.0005206 secs] [Times: user=0.00 sys=0.00, real=0.00 secs] 
43.647: [GC (Allocation Failure) [PSYoungGen: 126560K->64K(122880K)] 128440K->1944K(297984K), 0.0005196 secs] [Times: user=0.00 sys=0.00, real=0.00 secs] 
43.703: [GC (Allocation Failure) [PSYoungGen: 122432K->64K(119296K)] 124312K->1944K(294400K), 0.0005532 secs] [Times: user=0.01 sys=0.00, real=0.00 secs] 
43.757: [GC (Allocation Failure) [PSYoungGen: 118848K->64K(115712K)] 120728K->1944K(290816K), 0.0005074 secs] [Times: user=0.00 sys=0.00, real=0.00 secs] 
43.809: [GC (Allocation Failure) [PSYoungGen: 115264K->64K(112128K)] 117144K->1944K(287232K), 0.0005126 secs] [Times: user=0.00 sys=0.00, real=0.00 secs] 
43.860: [GC (Allocation Failure) [PSYoungGen: 111680K->96K(109056K)] 113560K->1976K(284160K), 0.0005873 secs] [Times: user=0.00 sys=0.00, real=0.00 secs] 
43.911: [GC (Allocation Failure) [PSYoungGen: 108640K->96K(105984K)] 110520K->1976K(281088K), 0.0005142 secs] [Times: user=0.00 sys=0.00, real=0.00 secs] 
43.958: [GC (Allocation Failure) [PSYoungGen: 105568K->64K(102912K)] 107448K->1944K(278016K), 0.0004982 secs] [Times: user=0.00 sys=0.00, real=0.00 secs] 
44.005: [GC (Allocation Failure) [PSYoungGen: 102464K->96K(99840K)] 104344K->1976K(274944K), 0.0004910 secs] [Times: user=0.00 sys=0.00, real=0.00 secs] 
44.050: [GC (Allocation Failure) [PSYoungGen: 99424K->96K(97280K)] 101304K->1976K(272384K), 0.0004973 secs] [Times: user=0.01 sys=0.00, real=0.00 secs] 
44.096: [GC (Allocation Failure) [PSYoungGen: 96864K->96K(94720K)] 98744K->1976K(269824K), 0.0005506 secs] [Times: user=0.00 sys=0.00, real=0.00 secs] 
44.140: [GC (Allocation Failure) [PSYoungGen: 94304K->64K(92160K)] 96184K->1944K(267264K), 0.0004734 secs] [Times: user=0.01 sys=0.00, real=0.00 secs] 
44.182: [GC (Allocation Failure) [PSYoungGen: 91712K->64K(110592K)] 93592K->1944K(285696K), 0.0005138 secs] [Times: user=0.00 sys=0.00, real=0.00 secs] 
44.233: [GC (Allocation Failure) [PSYoungGen: 110144K->96K(107520K)] 112024K->1976K(282624K), 0.0005162 secs] [Times: user=0.00 sys=0.00, real=0.00 secs] 
44.282: [GC (Allocation Failure) [PSYoungGen: 107104K->96K(104448K)] 108984K->1976K(279552K), 0.0005116 secs] [Times: user=0.00 sys=0.00, real=0.00 secs] 
44.329: [GC (Allocation Failure) [PSYoungGen: 104032K->96K(125440K)] 105912K->1976K(300544K), 0.0005518 secs] [Times: user=0.00 sys=0.00, real=0.00 secs] 
44.387: [GC (Allocation Failure) [PSYoungGen: 125024K->96K(121344K)] 126904K->1976K(296448K), 0.0005393 secs] [Times: user=0.01 sys=0.00, real=0.00 secs] 
44.442: [GC (Allocation Failure) [PSYoungGen: 120928K->64K(145920K)] 122808K->1944K(321024K), 0.0009806 secs] [Times: user=0.00 sys=0.00, real=0.00 secs] 
44.508: [GC (Allocation Failure) [PSYoungGen: 145472K->96K(175104K)] 147352K->1976K(350208K), 0.0005218 secs] [Times: user=0.00 sys=0.00, real=0.00 secs] 
44.588: [GC (Allocation Failure) [PSYoungGen: 174688K->96K(168960K)] 176568K->1976K(344064K), 0.0005524 secs] [Times: user=0.00 sys=0.00, real=0.00 secs] 
44.665: [GC (Allocation Failure) [PSYoungGen: 168544K->32K(163328K)] 170424K->1912K(338432K), 0.0005390 secs] [Times: user=0.01 sys=0.00, real=0.01 secs] 
44.738: [GC (Allocation Failure) [PSYoungGen: 162848K->32K(157696K)] 164728K->1912K(332800K), 0.0005529 secs] [Times: user=0.00 sys=0.00, real=0.00 secs] 
44.809: [GC (Allocation Failure) [PSYoungGen: 157216K->96K(152576K)] 159096K->1976K(327680K), 0.0005610 secs] [Times: user=0.00 sys=0.00, real=0.00 secs] 
44.877: [GC (Allocation Failure) [PSYoungGen: 152160K->64K(147456K)] 154040K->1944K(322560K), 0.0010571 secs] [Times: user=0.00 sys=0.00, real=0.00 secs] 
44.946: [GC (Allocation Failure) [PSYoungGen: 147008K->96K(142848K)] 148888K->1976K(317952K), 0.0005578 secs] [Times: user=0.00 sys=0.00, real=0.00 secs] 
45.010: [GC (Allocation Failure) [PSYoungGen: 142432K->96K(138240K)] 144312K->1976K(313344K), 0.0005475 secs] [Times: user=0.00 sys=0.00, real=0.00 secs] 
45.072: [GC (Allocation Failure) [PSYoungGen: 137824K->96K(133632K)] 139704K->1976K(308736K), 0.0004903 secs] [Times: user=0.01 sys=0.00, real=0.00 secs] 
45.131: [GC (Allocation Failure) [PSYoungGen: 133216K->96K(129536K)] 135096K->1976K(304640K), 0.0004969 secs] [Times: user=0.00 sys=0.00, real=0.00 secs] 
45.189: [GC (Allocation Failure) [PSYoungGen: 129120K->64K(125440K)] 131000K->1944K(300544K), 0.0004756 secs] [Times: user=0.00 sys=0.01, real=0.00 secs] 
45.245: [GC (Allocation Failure) [PSYoungGen: 124992K->96K(121344K)] 126872K->1976K(296448K), 0.0005253 secs] [Times: user=0.00 sys=0.00, real=0.00 secs] 
45.298: [GC (Allocation Failure) [PSYoungGen: 120928K->32K(117760K)] 122808K->1912K(292864K), 0.0005140 secs] [Times: user=0.00 sys=0.00, real=0.00 secs] 
45.351: [GC (Allocation Failure) [PSYoungGen: 117280K->96K(114176K)] 119160K->1976K(289280K), 0.0005085 secs] [Times: user=0.00 sys=0.00, real=0.00 secs] 
45.403: [GC (Allocation Failure) [PSYoungGen: 113760K->64K(110592K)] 115640K->1944K(285696K), 0.0005099 secs] [Times: user=0.00 sys=0.00, real=0.00 secs] 
45.452: [GC (Allocation Failure) [PSYoungGen: 110144K->64K(107520K)] 112024K->1944K(282624K), 0.0005070 secs] [Times: user=0.00 sys=0.00, real=0.00 secs] 
45.499: [GC (Allocation Failure) [PSYoungGen: 107072K->64K(104448K)] 108952K->1944K(279552K), 0.0006540 secs] [Times: user=0.01 sys=0.00, real=0.00 secs] 
45.545: [GC (Allocation Failure) [PSYoungGen: 104000K->96K(101376K)] 105880K->1976K(276480K), 0.0004868 secs] [Times: user=0.00 sys=0.00, real=0.01 secs] 
45.589: [GC (Allocation Failure) [PSYoungGen: 100960K->128K(98816K)] 102840K->2008K(273920K), 0.0004860 secs] [Times: user=0.00 sys=0.00, real=0.00 secs] 
45.633: [GC (Allocation Failure) [PSYoungGen: 98432K->96K(96256K)] 100312K->1976K(271360K), 0.0004912 secs] [Times: user=0.00 sys=0.00, real=0.00 secs] 
45.681: [GC (Allocation Failure) [PSYoungGen: 95840K->64K(93696K)] 97720K->1944K(268800K), 0.0005117 secs] [Times: user=0.00 sys=0.00, real=0.00 secs] 
45.725: [GC (Allocation Failure) [PSYoungGen: 93248K->96K(91136K)] 95128K->1976K(266240K), 0.0005001 secs] [Times: user=0.00 sys=0.00, real=0.00 secs] 
45.765: [GC (Allocation Failure) [PSYoungGen: 90720K->64K(109568K)] 92600K->1944K(284672K), 0.0004945 secs] [Times: user=0.00 sys=0.00, real=0.00 secs] 
45.814: [GC (Allocation Failure) [PSYoungGen: 109120K->96K(106496K)] 111000K->1976K(281600K), 0.0004903 secs] [Times: user=0.00 sys=0.00, real=0.00 secs] 
45.860: [GC (Allocation Failure) [PSYoungGen: 106080K->96K(103424K)] 107960K->1976K(278528K), 0.0004830 secs] [Times: user=0.00 sys=0.00, real=0.00 secs] 
45.908: [GC (Allocation Failure) [PSYoungGen: 103008K->96K(124416K)] 104888K->1976K(299520K), 0.0005541 secs] [Times: user=0.00 sys=0.00, real=0.00 secs] 
45.964: [GC (Allocation Failure) [PSYoungGen: 124000K->64K(120832K)] 125880K->1944K(295936K), 0.0004946 secs] [Times: user=0.00 sys=0.00, real=0.00 secs] 
46.018: [GC (Allocation Failure) [PSYoungGen: 120384K->96K(117248K)] 122264K->1976K(292352K), 0.0005034 secs] [Times: user=0.00 sys=0.00, real=0.00 secs] 
46.071: [GC (Allocation Failure) [PSYoungGen: 116832K->96K(113664K)] 118712K->1976K(288768K), 0.0004985 secs] [Times: user=0.00 sys=0.00, real=0.00 secs] 
46.121: [GC (Allocation Failure) [PSYoungGen: 113248K->64K(110592K)] 115128K->1944K(285696K), 0.0004784 secs] [Times: user=0.00 sys=0.00, real=0.00 secs] 
46.169: [GC (Allocation Failure) [PSYoungGen: 110144K->64K(107520K)] 112024K->1944K(282624K), 0.0004864 secs] [Times: user=0.00 sys=0.00, real=0.00 secs] 
46.216: [GC (Allocation Failure) [PSYoungGen: 107072K->96K(129024K)] 108952K->1976K(304128K), 0.0006529 secs] [Times: user=0.00 sys=0.00, real=0.00 secs] 
46.274: [GC (Allocation Failure) [PSYoungGen: 128608K->96K(124928K)] 130488K->1976K(300032K), 0.0005090 secs] [Times: user=0.01 sys=0.00, real=0.00 secs] 
46.330: [GC (Allocation Failure) [PSYoungGen: 124512K->64K(121344K)] 126392K->1944K(296448K), 0.0004937 secs] [Times: user=0.00 sys=0.00, real=0.00 secs] 
46.382: [GC (Allocation Failure) [PSYoungGen: 120896K->64K(117760K)] 122776K->1944K(292864K), 0.0004995 secs] [Times: user=0.01 sys=0.00, real=0.00 secs] 
46.436: [GC (Allocation Failure) [PSYoungGen: 117312K->32K(114176K)] 119192K->1912K(289280K), 0.0005120 secs] [Times: user=0.00 sys=0.00, real=0.00 secs] 
46.486: [GC (Allocation Failure) [PSYoungGen: 113696K->96K(110592K)] 115576K->1976K(285696K), 0.0004839 secs] [Times: user=0.00 sys=0.00, real=0.00 secs] 
46.537: [GC (Allocation Failure) [PSYoungGen: 110176K->128K(107520K)] 112056K->2008K(282624K), 0.0005235 secs] [Times: user=0.00 sys=0.00, real=0.00 secs] 
46.584: [GC (Allocation Failure) [PSYoungGen: 107136K->64K(104448K)] 109016K->1944K(279552K), 0.0004896 secs] [Times: user=0.00 sys=0.00, real=0.00 secs] 
46.630: [GC (Allocation Failure) [PSYoungGen: 104000K->32K(101376K)] 105880K->1912K(276480K), 0.0004874 secs] [Times: user=0.00 sys=0.00, real=0.00 secs] 
46.676: [GC (Allocation Failure) [PSYoungGen: 100896K->64K(121856K)] 102776K->1944K(296960K), 0.0010161 secs] [Times: user=0.00 sys=0.00, real=0.00 secs] 
46.730: [GC (Allocation Failure) [PSYoungGen: 121408K->96K(146432K)] 123288K->1976K(321536K), 0.0004995 secs] [Times: user=0.01 sys=0.00, real=0.00 secs] 
46.794: [GC (Allocation Failure) [PSYoungGen: 146016K->64K(175616K)] 147896K->1944K(350720K), 0.0005210 secs] [Times: user=0.00 sys=0.00, real=0.00 secs] 
46.870: [GC (Allocation Failure) [PSYoungGen: 175168K->96K(169472K)] 177048K->1976K(344576K), 0.0005040 secs] [Times: user=0.00 sys=0.00, real=0.00 secs] 
46.947: [GC (Allocation Failure) [PSYoungGen: 169056K->96K(163840K)] 170936K->1976K(338944K), 0.0005004 secs] [Times: user=0.00 sys=0.00, real=0.00 secs] 
47.022: [GC (Allocation Failure) [PSYoungGen: 163424K->96K(158208K)] 165304K->1976K(333312K), 0.0005796 secs] [Times: user=0.00 sys=0.00, real=0.00 secs] 
47.091: [GC (Allocation Failure) [PSYoungGen: 157792K->64K(153088K)] 159672K->1944K(328192K), 0.0004897 secs] [Times: user=0.00 sys=0.00, real=0.00 secs] 
47.157: [GC (Allocation Failure) [PSYoungGen: 152640K->64K(147968K)] 154520K->1944K(323072K), 0.0004789 secs] [Times: user=0.00 sys=0.00, real=0.00 secs] 
47.222: [GC (Allocation Failure) [PSYoungGen: 147520K->96K(143360K)] 149400K->1976K(318464K), 0.0005016 secs] [Times: user=0.00 sys=0.00, real=0.00 secs] 
47.286: [GC (Allocation Failure) [PSYoungGen: 142944K->96K(138752K)] 144824K->1976K(313856K), 0.0005185 secs] [Times: user=0.00 sys=0.00, real=0.00 secs] 
47.350: [GC (Allocation Failure) [PSYoungGen: 138336K->96K(134144K)] 140216K->1976K(309248K), 0.0005235 secs] [Times: user=0.00 sys=0.00, real=0.00 secs] 
47.408: [GC (Allocation Failure) [PSYoungGen: 133728K->32K(130048K)] 135608K->1912K(305152K), 0.0004962 secs] [Times: user=0.00 sys=0.00, real=0.00 secs] 
47.466: [GC (Allocation Failure) [PSYoungGen: 129568K->96K(125952K)] 131448K->1976K(301056K), 0.0005776 secs] [Times: user=0.01 sys=0.00, real=0.00 secs] 
47.521: [GC (Allocation Failure) [PSYoungGen: 125536K->96K(121856K)] 127416K->1976K(296960K), 0.0004874 secs] [Times: user=0.00 sys=0.00, real=0.00 secs] 
47.574: [GC (Allocation Failure) [PSYoungGen: 121440K->96K(118272K)] 123320K->1976K(293376K), 0.0004778 secs] [Times: user=0.00 sys=0.00, real=0.00 secs] 
47.626: [GC (Allocation Failure) [PSYoungGen: 117856K->64K(114688K)] 119736K->1944K(289792K), 0.0004847 secs] [Times: user=0.00 sys=0.01, real=0.00 secs] 
47.677: [GC (Allocation Failure) [PSYoungGen: 114240K->64K(111104K)] 116120K->1944K(286208K), 0.0005171 secs] [Times: user=0.00 sys=0.00, real=0.00 secs] 
47.726: [GC (Allocation Failure) [PSYoungGen: 110656K->64K(108032K)] 112536K->1944K(283136K), 0.0005189 secs] [Times: user=0.00 sys=0.00, real=0.00 secs] 
47.773: [GC (Allocation Failure) [PSYoungGen: 107584K->96K(104960K)] 109464K->1976K(280064K), 0.0004880 secs] [Times: user=0.01 sys=0.00, real=0.00 secs] 
47.819: [GC (Allocation Failure) [PSYoungGen: 104544K->64K(101888K)] 106424K->1944K(276992K), 0.0004842 secs] [Times: user=0.00 sys=0.00, real=0.00 secs] 
47.864: [GC (Allocation Failure) [PSYoungGen: 101440K->32K(98816K)] 103320K->1912K(273920K), 0.0005460 secs] [Times: user=0.00 sys=0.00, real=0.00 secs] 
47.907: [GC (Allocation Failure) [PSYoungGen: 98336K->96K(96256K)] 100216K->1976K(271360K), 0.0004859 secs] [Times: user=0.00 sys=0.00, real=0.00 secs] 
47.949: [GC (Allocation Failure) [PSYoungGen: 95840K->64K(115712K)] 97720K->1944K(290816K), 0.0006873 secs] [Times: user=0.00 sys=0.00, real=0.00 secs] 
48.001: [GC (Allocation Failure) [PSYoungGen: 115264K->96K(138752K)] 117144K->1976K(313856K), 0.0005464 secs] [Times: user=0.01 sys=0.00, real=0.00 secs] 
48.066: [GC (Allocation Failure) [PSYoungGen: 138336K->96K(134144K)] 140216K->1976K(309248K), 0.0004960 secs] [Times: user=0.00 sys=0.00, real=0.00 secs] 
48.128: [GC (Allocation Failure) [PSYoungGen: 133728K->96K(130048K)] 135608K->1976K(305152K), 0.0005438 secs] [Times: user=0.00 sys=0.00, real=0.00 secs] 
48.192: [GC (Allocation Failure) [PSYoungGen: 129632K->96K(125952K)] 131512K->1976K(301056K), 0.0005587 secs] [Times: user=0.01 sys=0.00, real=0.00 secs] 
48.253: [GC (Allocation Failure) [PSYoungGen: 125536K->64K(151040K)] 127416K->1944K(326144K), 0.0012297 secs] [Times: user=0.01 sys=0.00, real=0.00 secs] 
48.322: [GC (Allocation Failure) [PSYoungGen: 150592K->96K(181248K)] 152472K->1976K(356352K), 0.0004992 secs] [Times: user=0.00 sys=0.00, real=0.00 secs] 
48.402: [GC (Allocation Failure) [PSYoungGen: 180832K->64K(175104K)] 182712K->1944K(350208K), 0.0004952 secs] [Times: user=0.00 sys=0.00, real=0.00 secs] 
48.480: [GC (Allocation Failure) [PSYoungGen: 174656K->96K(168960K)] 176536K->1976K(344064K), 0.0005764 secs] [Times: user=0.00 sys=0.00, real=0.00 secs] 
48.561: [GC (Allocation Failure) [PSYoungGen: 168544K->96K(163328K)] 170424K->1976K(338432K), 0.0005791 secs] [Times: user=0.00 sys=0.00, real=0.00 secs] 
48.634: [GC (Allocation Failure) [PSYoungGen: 162912K->96K(157696K)] 164792K->1976K(332800K), 0.0004968 secs] [Times: user=0.01 sys=0.00, real=0.00 secs] 
48.706: [GC (Allocation Failure) [PSYoungGen: 157280K->96K(152576K)] 159160K->1976K(327680K), 0.0005172 secs] [Times: user=0.00 sys=0.00, real=0.00 secs] 
48.773: [GC (Allocation Failure) [PSYoungGen: 152160K->96K(147456K)] 154040K->1976K(322560K), 0.0005077 secs] [Times: user=0.00 sys=0.00, real=0.00 secs] 
48.849: [GC (Allocation Failure) [PSYoungGen: 147040K->32K(142848K)] 148920K->1912K(317952K), 0.0006210 secs] [Times: user=0.00 sys=0.00, real=0.00 secs] 
48.922: [GC (Allocation Failure) [PSYoungGen: 142368K->96K(138240K)] 144248K->1976K(313344K), 0.0006838 secs] [Times: user=0.00 sys=0.00, real=0.00 secs] 
48.988: [GC (Allocation Failure) [PSYoungGen: 137824K->96K(133632K)] 139704K->1976K(308736K), 0.0005147 secs] [Times: user=0.01 sys=0.00, real=0.00 secs] 
49.050: [GC (Allocation Failure) [PSYoungGen: 133216K->32K(129536K)] 135096K->1912K(304640K), 0.0005311 secs] [Times: user=0.00 sys=0.00, real=0.00 secs] 
49.109: [GC (Allocation Failure) [PSYoungGen: 129056K->96K(125440K)] 130936K->1976K(300544K), 0.0005102 secs] [Times: user=0.00 sys=0.00, real=0.00 secs] 
49.167: [GC (Allocation Failure) [PSYoungGen: 125024K->96K(121344K)] 126904K->1976K(296448K), 0.0006387 secs] [Times: user=0.00 sys=0.00, real=0.00 secs] 
49.223: [GC (Allocation Failure) [PSYoungGen: 120928K->96K(117760K)] 122808K->1976K(292864K), 0.0005529 secs] [Times: user=0.00 sys=0.00, real=0.00 secs] 
49.278: [GC (Allocation Failure) [PSYoungGen: 117344K->96K(114176K)] 119224K->1976K(289280K), 0.0005172 secs] [Times: user=0.01 sys=0.00, real=0.00 secs] 
49.330: [GC (Allocation Failure) [PSYoungGen: 113760K->64K(137216K)] 115640K->1944K(312320K), 0.0010250 secs] [Times: user=0.00 sys=0.00, real=0.00 secs] 
49.394: [GC (Allocation Failure) [PSYoungGen: 136768K->96K(164864K)] 138648K->1976K(339968K), 0.0005327 secs] [Times: user=0.00 sys=0.00, real=0.00 secs] 
49.469: [GC (Allocation Failure) [PSYoungGen: 164448K->96K(159232K)] 166328K->1976K(334336K), 0.0005103 secs] [Times: user=0.00 sys=0.00, real=0.00 secs] 
49.544: [GC (Allocation Failure) [PSYoungGen: 158816K->96K(154112K)] 160696K->1976K(329216K), 0.0005132 secs] [Times: user=0.00 sys=0.00, real=0.00 secs] 
49.615: [GC (Allocation Failure) [PSYoungGen: 153696K->96K(148992K)] 155576K->1976K(324096K), 0.0005255 secs] [Times: user=0.00 sys=0.00, real=0.01 secs] 
49.684: [GC (Allocation Failure) [PSYoungGen: 148576K->96K(143872K)] 150456K->1976K(318976K), 0.0005110 secs] [Times: user=0.00 sys=0.00, real=0.00 secs] 
49.749: [GC (Allocation Failure) [PSYoungGen: 143456K->96K(139264K)] 145336K->1976K(314368K), 0.0005153 secs] [Times: user=0.00 sys=0.00, real=0.00 secs] 
49.812: [GC (Allocation Failure) [PSYoungGen: 138848K->96K(134656K)] 140728K->1976K(309760K), 0.0005143 secs] [Times: user=0.00 sys=0.00, real=0.00 secs] 
49.873: [GC (Allocation Failure) [PSYoungGen: 134240K->64K(130560K)] 136120K->1944K(305664K), 0.0009847 secs] [Times: user=0.00 sys=0.00, real=0.00 secs] 
49.934: [GC (Allocation Failure) [PSYoungGen: 130112K->96K(126464K)] 131992K->1976K(301568K), 0.0005220 secs] [Times: user=0.00 sys=0.00, real=0.00 secs] 
49.993: [GC (Allocation Failure) [PSYoungGen: 126048K->96K(122368K)] 127928K->1976K(297472K), 0.0005098 secs] [Times: user=0.00 sys=0.00, real=0.00 secs] 
50.052: [GC (Allocation Failure) [PSYoungGen: 121952K->96K(118784K)] 123832K->1976K(293888K), 0.0005125 secs] [Times: user=0.00 sys=0.00, real=0.00 secs] 
50.108: [GC (Allocation Failure) [PSYoungGen: 118368K->96K(115200K)] 120248K->1976K(290304K), 0.0005236 secs] [Times: user=0.01 sys=0.00, real=0.00 secs] 
50.161: [GC (Allocation Failure) [PSYoungGen: 114784K->96K(111616K)] 116664K->1976K(286720K), 0.0005472 secs] [Times: user=0.00 sys=0.00, real=0.00 secs] 
50.212: [GC (Allocation Failure) [PSYoungGen: 111200K->96K(108544K)] 113080K->1976K(283648K), 0.0005135 secs] [Times: user=0.00 sys=0.00, real=0.00 secs] 
50.262: [GC (Allocation Failure) [PSYoungGen: 108128K->64K(105472K)] 110008K->1944K(280576K), 0.0005603 secs] [Times: user=0.00 sys=0.00, real=0.00 secs] 
50.310: [GC (Allocation Failure) [PSYoungGen: 105024K->64K(102400K)] 106904K->1944K(277504K), 0.0005900 secs] [Times: user=0.00 sys=0.00, real=0.00 secs] 
50.357: [GC (Allocation Failure) [PSYoungGen: 101952K->96K(99328K)] 103832K->2000K(274432K), 0.0005559 secs] [Times: user=0.00 sys=0.00, real=0.00 secs] 
50.403: [GC (Allocation Failure) [PSYoungGen: 98912K->96K(96768K)] 100816K->2000K(271872K), 0.0005206 secs] [Times: user=0.00 sys=0.00, real=0.00 secs] 
50.448: [GC (Allocation Failure) [PSYoungGen: 96352K->96K(116224K)] 98256K->2000K(291328K), 0.0005097 secs] [Times: user=0.01 sys=0.00, real=0.00 secs] 
50.502: [GC (Allocation Failure) [PSYoungGen: 115808K->96K(112640K)] 117712K->2000K(287744K), 0.0005210 secs] [Times: user=0.00 sys=0.00, real=0.00 secs] 
50.556: [GC (Allocation Failure) [PSYoungGen: 112224K->96K(109568K)] 114128K->2000K(284672K), 0.0005084 secs] [Times: user=0.00 sys=0.00, real=0.00 secs] 
50.608: [GC (Allocation Failure) [PSYoungGen: 109152K->96K(106496K)] 111056K->2000K(281600K), 0.0005211 secs] [Times: user=0.01 sys=0.00, real=0.00 secs] 
50.658: [GC (Allocation Failure) [PSYoungGen: 106080K->96K(103424K)] 107984K->2000K(278528K), 0.0005567 secs] [Times: user=0.01 sys=0.00, real=0.00 secs] 
50.707: [GC (Allocation Failure) [PSYoungGen: 103008K->96K(100352K)] 104912K->2000K(275456K), 0.0005117 secs] [Times: user=0.00 sys=0.00, real=0.00 secs] 
50.754: [GC (Allocation Failure) [PSYoungGen: 99936K->64K(97792K)] 101840K->1968K(272896K), 0.0005283 secs] [Times: user=0.00 sys=0.00, real=0.00 secs] 
50.799: [GC (Allocation Failure) [PSYoungGen: 97344K->32K(95232K)] 99248K->1936K(270336K), 0.0005199 secs] [Times: user=0.01 sys=0.00, real=0.00 secs] 
50.842: [GC (Allocation Failure) [PSYoungGen: 94752K->64K(114176K)] 96656K->1968K(289280K), 0.0005545 secs] [Times: user=0.00 sys=0.00, real=0.00 secs] 
50.894: [GC (Allocation Failure) [PSYoungGen: 113727K->64K(110592K)] 115631K->1968K(285696K), 0.0005349 secs] [Times: user=0.00 sys=0.00, real=0.00 secs] 
50.945: [GC (Allocation Failure) [PSYoungGen: 110144K->64K(107520K)] 112048K->1968K(282624K), 0.0005181 secs] [Times: user=0.00 sys=0.00, real=0.01 secs] 
51.006: [GC (Allocation Failure) [PSYoungGen: 107072K->0K(129024K)] 108976K->1904K(304128K), 0.0007709 secs] [Times: user=0.00 sys=0.00, real=0.00 secs] 
51.102: [GC (Allocation Failure) [PSYoungGen: 128512K->96K(124928K)] 130416K->2000K(300032K), 0.0005402 secs] [Times: user=0.00 sys=0.00, real=0.00 secs] 
51.188: [GC (Allocation Failure) [PSYoungGen: 124512K->64K(121344K)] 126416K->1968K(296448K), 0.0010636 secs] [Times: user=0.00 sys=0.00, real=0.00 secs] 
51.273: [GC (Allocation Failure) [PSYoungGen: 120896K->64K(145920K)] 122800K->1968K(321024K), 0.0013827 secs] [Times: user=0.01 sys=0.00, real=0.00 secs] 
51.436: [GC (Allocation Failure) [PSYoungGen: 145472K->96K(141312K)] 147376K->2000K(316416K), 0.0005481 secs] [Times: user=0.00 sys=0.00, real=0.00 secs] 
51.525: [GC (Allocation Failure) [PSYoungGen: 140896K->96K(136704K)] 142800K->2000K(311808K), 0.0005913 secs] [Times: user=0.00 sys=0.00, real=0.01 secs] 
51.600: [GC (Allocation Failure) [PSYoungGen: 136288K->32K(132608K)] 138192K->1936K(307712K), 0.0011206 secs] [Times: user=0.00 sys=0.00, real=0.00 secs] 
51.696: [GC (Allocation Failure) [PSYoungGen: 132128K->96K(128512K)] 134032K->2000K(303616K), 0.0005616 secs] [Times: user=0.00 sys=0.00, real=0.00 secs] 
51.831: [GC (Allocation Failure) [PSYoungGen: 128096K->96K(124416K)] 130000K->2000K(299520K), 0.0005884 secs] [Times: user=0.00 sys=0.00, real=0.00 secs] 
51.918: [GC (Allocation Failure) [PSYoungGen: 124000K->96K(120832K)] 125904K->2000K(295936K), 0.0005947 secs] [Times: user=0.00 sys=0.00, real=0.00 secs] 
52.049: [GC (Allocation Failure) [PSYoungGen: 120416K->32K(144896K)] 122320K->1936K(320000K), 0.0079007 secs] [Times: user=0.01 sys=0.00, real=0.01 secs] 
52.176: [GC (Allocation Failure) [PSYoungGen: 144416K->96K(174080K)] 146320K->2000K(349184K), 0.0006013 secs] [Times: user=0.00 sys=0.00, real=0.00 secs] 
52.273: [GC (Allocation Failure) [PSYoungGen: 173664K->96K(208896K)] 175568K->2000K(384000K), 0.0005928 secs] [Times: user=0.00 sys=0.00, real=0.00 secs] 
52.387: [GC (Allocation Failure) [PSYoungGen: 208479K->96K(250880K)] 210383K->2000K(425984K), 0.0006164 secs] [Times: user=0.00 sys=0.00, real=0.00 secs] 
52.523: [GC (Allocation Failure) [PSYoungGen: 250464K->96K(241152K)] 252368K->2000K(416256K), 0.0004769 secs] [Times: user=0.00 sys=0.00, real=0.00 secs] 
52.653: [GC (Allocation Failure) [PSYoungGen: 240736K->96K(231936K)] 242640K->2000K(407040K), 0.0006106 secs] [Times: user=0.00 sys=0.00, real=0.00 secs] 
52.778: [GC (Allocation Failure) [PSYoungGen: 231520K->96K(223232K)] 233424K->2000K(398336K), 0.0004855 secs] [Times: user=0.00 sys=0.00, real=0.00 secs] 
52.898: [GC (Allocation Failure) [PSYoungGen: 222816K->64K(215040K)] 224720K->1968K(390144K), 0.0007864 secs] [Times: user=0.00 sys=0.00, real=0.00 secs] 
53.014: [GC (Allocation Failure) [PSYoungGen: 214592K->96K(206848K)] 216496K->2000K(381952K), 0.0005603 secs] [Times: user=0.00 sys=0.00, real=0.00 secs] 
53.268: [GC (Allocation Failure) [PSYoungGen: 206432K->96K(199168K)] 208336K->2000K(374272K), 0.0006026 secs] [Times: user=0.00 sys=0.00, real=0.00 secs] 
53.409: [GC (Allocation Failure) [PSYoungGen: 198752K->96K(192000K)] 200656K->2000K(367104K), 0.0005757 secs] [Times: user=0.00 sys=0.00, real=0.00 secs] 
53.510: [GC (Allocation Failure) [PSYoungGen: 191584K->96K(185344K)] 193488K->2000K(360448K), 0.0005749 secs] [Times: user=0.00 sys=0.00, real=0.00 secs] 
53.608: [GC (Allocation Failure) [PSYoungGen: 184928K->96K(178688K)] 186832K->2000K(353792K), 0.0006234 secs] [Times: user=0.00 sys=0.00, real=0.00 secs] 
53.709: [GC (Allocation Failure) [PSYoungGen: 178272K->96K(172544K)] 180176K->2000K(347648K), 0.0005868 secs] [Times: user=0.00 sys=0.00, real=0.00 secs] 
53.797: [GC (Allocation Failure) [PSYoungGen: 172128K->96K(166400K)] 174032K->2000K(341504K), 0.0005787 secs] [Times: user=0.00 sys=0.00, real=0.00 secs] 
53.882: [GC (Allocation Failure) [PSYoungGen: 165984K->96K(160768K)] 167888K->2000K(335872K), 0.0005592 secs] [Times: user=0.00 sys=0.00, real=0.00 secs] 
53.963: [GC (Allocation Failure) [PSYoungGen: 160352K->96K(155136K)] 162256K->2000K(330240K), 0.0005508 secs] [Times: user=0.00 sys=0.00, real=0.00 secs] 
54.041: [GC (Allocation Failure) [PSYoungGen: 154720K->96K(150016K)] 156624K->2000K(325120K), 0.0005650 secs] [Times: user=0.00 sys=0.00, real=0.00 secs] 
54.117: [GC (Allocation Failure) [PSYoungGen: 149600K->64K(144896K)] 151504K->1968K(320000K), 0.0005639 secs] [Times: user=0.00 sys=0.00, real=0.00 secs] 
54.190: [GC (Allocation Failure) [PSYoungGen: 144448K->32K(140288K)] 146352K->1936K(315392K), 0.0005406 secs] [Times: user=0.00 sys=0.00, real=0.00 secs] 
54.258: [GC (Allocation Failure) [PSYoungGen: 139808K->96K(135680K)] 141712K->2000K(310784K), 0.0005567 secs] [Times: user=0.00 sys=0.00, real=0.00 secs] 
54.323: [GC (Allocation Failure) [PSYoungGen: 135264K->96K(131584K)] 137168K->2000K(306688K), 0.0005928 secs] [Times: user=0.00 sys=0.00, real=0.00 secs] 
54.387: [GC (Allocation Failure) [PSYoungGen: 131168K->96K(127488K)] 133072K->2000K(302592K), 0.0005407 secs] [Times: user=0.01 sys=0.00, real=0.00 secs] 
54.450: [GC (Allocation Failure) [PSYoungGen: 127072K->96K(123392K)] 128976K->2000K(298496K), 0.0005463 secs] [Times: user=0.00 sys=0.00, real=0.00 secs] 
54.511: [GC (Allocation Failure) [PSYoungGen: 122976K->96K(119808K)] 124880K->2000K(294912K), 0.0005836 secs] [Times: user=0.00 sys=0.00, real=0.00 secs] 
54.570: [GC (Allocation Failure) [PSYoungGen: 119392K->96K(116224K)] 121296K->2000K(291328K), 0.0005563 secs] [Times: user=0.00 sys=0.00, real=0.00 secs] 
54.626: [GC (Allocation Failure) [PSYoungGen: 115808K->96K(112640K)] 117712K->2000K(287744K), 0.0005337 secs] [Times: user=0.00 sys=0.00, real=0.00 secs] 
54.682: [GC (Allocation Failure) [PSYoungGen: 112224K->96K(109568K)] 114128K->2000K(284672K), 0.0005430 secs] [Times: user=0.00 sys=0.00, real=0.00 secs] 
54.735: [GC (Allocation Failure) [PSYoungGen: 109152K->64K(106496K)] 111056K->1968K(281600K), 0.0006103 secs] [Times: user=0.00 sys=0.00, real=0.00 secs] 
54.786: [GC (Allocation Failure) [PSYoungGen: 106048K->96K(103424K)] 107952K->2000K(278528K), 0.0005456 secs] [Times: user=0.00 sys=0.00, real=0.00 secs] 
54.836: [GC (Allocation Failure) [PSYoungGen: 103008K->96K(100352K)] 104912K->2000K(275456K), 0.0005646 secs] [Times: user=0.00 sys=0.00, real=0.00 secs] 
54.887: [GC (Allocation Failure) [PSYoungGen: 99936K->96K(97792K)] 101840K->2000K(272896K), 0.0005332 secs] [Times: user=0.01 sys=0.00, real=0.00 secs] 
54.934: [GC (Allocation Failure) [PSYoungGen: 97376K->96K(95232K)] 99280K->2000K(270336K), 0.0006040 secs] [Times: user=0.00 sys=0.00, real=0.00 secs] 
54.980: [GC (Allocation Failure) [PSYoungGen: 94816K->96K(92672K)] 96720K->2000K(267776K), 0.0005426 secs] [Times: user=0.00 sys=0.00, real=0.00 secs] 
55.024: [GC (Allocation Failure) [PSYoungGen: 92256K->64K(90112K)] 94160K->1968K(265216K), 0.0005097 secs] [Times: user=0.00 sys=0.00, real=0.00 secs] 
55.066: [GC (Allocation Failure) [PSYoungGen: 89664K->96K(108032K)] 91568K->2000K(283136K), 0.0005659 secs] [Times: user=0.01 sys=0.00, real=0.00 secs] 
55.116: [GC (Allocation Failure) [PSYoungGen: 107616K->96K(129536K)] 109520K->2000K(304640K), 0.0005220 secs] [Times: user=0.01 sys=0.00, real=0.00 secs] 
55.176: [GC (Allocation Failure) [PSYoungGen: 129120K->96K(125440K)] 131024K->2000K(300544K), 0.0005253 secs] [Times: user=0.00 sys=0.00, real=0.00 secs] 
55.235: [GC (Allocation Failure) [PSYoungGen: 125023K->96K(121344K)] 126927K->2008K(296448K), 0.0005700 secs] [Times: user=0.01 sys=0.00, real=0.00 secs] 
55.292: [GC (Allocation Failure) [PSYoungGen: 120928K->96K(117760K)] 122840K->2008K(292864K), 0.0005336 secs] [Times: user=0.00 sys=0.00, real=0.00 secs] 
55.347: [GC (Allocation Failure) [PSYoungGen: 117344K->96K(114176K)] 119256K->2008K(289280K), 0.0005246 secs] [Times: user=0.00 sys=0.00, real=0.00 secs] 
55.401: [GC (Allocation Failure) [PSYoungGen: 113760K->96K(110592K)] 115672K->2008K(285696K), 0.0005523 secs] [Times: user=0.00 sys=0.00, real=0.00 secs] 
55.454: [GC (Allocation Failure) [PSYoungGen: 110176K->96K(107520K)] 112088K->2008K(282624K), 0.0005885 secs] [Times: user=0.00 sys=0.00, real=0.00 secs] 
55.506: [GC (Allocation Failure) [PSYoungGen: 107104K->96K(104448K)] 109016K->2008K(279552K), 0.0111812 secs] [Times: user=0.00 sys=0.00, real=0.01 secs] 
55.567: [GC (Allocation Failure) [PSYoungGen: 104031K->96K(101376K)] 105943K->2008K(276480K), 0.0005629 secs] [Times: user=0.00 sys=0.00, real=0.00 secs] 
55.614: [GC (Allocation Failure) [PSYoungGen: 100960K->96K(98816K)] 102872K->2008K(273920K), 0.0005998 secs] [Times: user=0.00 sys=0.00, real=0.01 secs] 
55.660: [GC (Allocation Failure) [PSYoungGen: 98400K->96K(118784K)] 100312K->2008K(293888K), 0.0013154 secs] [Times: user=0.00 sys=0.00, real=0.00 secs] 
55.717: [GC (Allocation Failure) [PSYoungGen: 118368K->64K(142848K)] 120280K->1976K(317952K), 0.0009632 secs] [Times: user=0.00 sys=0.00, real=0.00 secs] 
55.782: [GC (Allocation Failure) [PSYoungGen: 142400K->96K(171520K)] 144312K->2008K(346624K), 0.0005620 secs] [Times: user=0.00 sys=0.00, real=0.00 secs] 
55.860: [GC (Allocation Failure) [PSYoungGen: 171104K->96K(205824K)] 173016K->2008K(380928K), 0.0005379 secs] [Times: user=0.00 sys=0.00, real=0.00 secs] 
55.953: [GC (Allocation Failure) [PSYoungGen: 205408K->96K(198144K)] 207320K->2008K(373248K), 0.0005258 secs] [Times: user=0.00 sys=0.00, real=0.00 secs] 
56.043: [GC (Allocation Failure) [PSYoungGen: 197728K->96K(190976K)] 199640K->2008K(366080K), 0.0005157 secs] [Times: user=0.00 sys=0.00, real=0.00 secs] 
56.129: [GC (Allocation Failure) [PSYoungGen: 190560K->96K(184320K)] 192472K->2008K(359424K), 0.0005218 secs] [Times: user=0.00 sys=0.00, real=0.00 secs] 
56.216: [GC (Allocation Failure) [PSYoungGen: 183904K->96K(177664K)] 185816K->2008K(352768K), 0.0005100 secs] [Times: user=0.01 sys=0.00, real=0.00 secs] 
56.298: [GC (Allocation Failure) [PSYoungGen: 177248K->64K(171520K)] 179160K->1976K(346624K), 0.0005203 secs] [Times: user=0.00 sys=0.00, real=0.00 secs] 
56.377: [GC (Allocation Failure) [PSYoungGen: 171072K->96K(165376K)] 172984K->2008K(340480K), 0.0005341 secs] [Times: user=0.01 sys=0.00, real=0.00 secs] 
56.452: [GC (Allocation Failure) [PSYoungGen: 164960K->96K(159744K)] 166872K->2008K(334848K), 0.0005226 secs] [Times: user=0.00 sys=0.00, real=0.00 secs] 
56.526: [GC (Allocation Failure) [PSYoungGen: 159328K->96K(154112K)] 161240K->2008K(329216K), 0.0005506 secs] [Times: user=0.00 sys=0.00, real=0.00 secs] 
56.601: [GC (Allocation Failure) [PSYoungGen: 153696K->64K(148992K)] 155608K->1976K(324096K), 0.0005277 secs] [Times: user=0.00 sys=0.00, real=0.00 secs] 
56.678: [GC (Allocation Failure) [PSYoungGen: 148544K->64K(143872K)] 150456K->1976K(318976K), 0.0011396 secs] [Times: user=0.00 sys=0.00, real=0.00 secs] 
56.751: [GC (Allocation Failure) [PSYoungGen: 143424K->96K(139264K)] 145336K->2008K(314368K), 0.0005208 secs] [Times: user=0.00 sys=0.00, real=0.00 secs] 
56.816: [GC (Allocation Failure) [PSYoungGen: 138848K->96K(134656K)] 140760K->2008K(309760K), 0.0005293 secs] [Times: user=0.00 sys=0.00, real=0.00 secs] 
56.879: [GC (Allocation Failure) [PSYoungGen: 134240K->96K(130560K)] 136152K->2008K(305664K), 0.0005911 secs] [Times: user=0.00 sys=0.00, real=0.00 secs] 
56.940: [GC (Allocation Failure) [PSYoungGen: 130144K->64K(126464K)] 132056K->1976K(301568K), 0.0005235 secs] [Times: user=0.00 sys=0.00, real=0.00 secs] 
56.997: [GC (Allocation Failure) [PSYoungGen: 126016K->96K(122368K)] 127928K->2008K(297472K), 0.0005278 secs] [Times: user=0.00 sys=0.00, real=0.00 secs] 
57.053: [GC (Allocation Failure) [PSYoungGen: 121952K->96K(118784K)] 123864K->2008K(293888K), 0.0005188 secs] [Times: user=0.00 sys=0.00, real=0.00 secs] 
57.110: [GC (Allocation Failure) [PSYoungGen: 118368K->96K(115200K)] 120280K->2008K(290304K), 0.0005154 secs] [Times: user=0.00 sys=0.00, real=0.00 secs] 
57.164: [GC (Allocation Failure) [PSYoungGen: 114784K->96K(111616K)] 116696K->2008K(286720K), 0.0005202 secs] [Times: user=0.00 sys=0.00, real=0.00 secs] 
57.215: [GC (Allocation Failure) [PSYoungGen: 111200K->96K(108544K)] 113112K->2008K(283648K), 0.0005139 secs] [Times: user=0.00 sys=0.00, real=0.00 secs] 
57.265: [GC (Allocation Failure) [PSYoungGen: 108128K->64K(105472K)] 110040K->1976K(280576K), 0.0007931 secs] [Times: user=0.00 sys=0.00, real=0.00 secs] 
57.314: [GC (Allocation Failure) [PSYoungGen: 105024K->96K(102400K)] 106936K->2008K(277504K), 0.0005126 secs] [Times: user=0.00 sys=0.00, real=0.00 secs] 
57.360: [GC (Allocation Failure) [PSYoungGen: 101984K->96K(99328K)] 103896K->2008K(274432K), 0.0005275 secs] [Times: user=0.00 sys=0.00, real=0.00 secs] 
57.405: [GC (Allocation Failure) [PSYoungGen: 98912K->96K(119296K)] 100824K->2008K(294400K), 0.0005671 secs] [Times: user=0.00 sys=0.00, real=0.00 secs] 
57.460: [GC (Allocation Failure) [PSYoungGen: 118880K->96K(115712K)] 120792K->2008K(290816K), 0.0005605 secs] [Times: user=0.00 sys=0.00, real=0.00 secs] 
57.512: [GC (Allocation Failure) [PSYoungGen: 115296K->96K(112128K)] 117208K->2008K(287232K), 0.0005496 secs] [Times: user=0.00 sys=0.00, real=0.00 secs] 
57.564: [GC (Allocation Failure) [PSYoungGen: 111712K->64K(134656K)] 113624K->1976K(309760K), 0.0006351 secs] [Times: user=0.00 sys=0.00, real=0.00 secs] 
57.627: [GC (Allocation Failure) [PSYoungGen: 134208K->64K(130560K)] 136120K->1976K(305664K), 0.0005205 secs] [Times: user=0.00 sys=0.00, real=0.00 secs] 
57.691: [GC (Allocation Failure) [PSYoungGen: 130112K->96K(126464K)] 132024K->2008K(301568K), 0.0005326 secs] [Times: user=0.00 sys=0.00, real=0.00 secs] 
57.750: [GC (Allocation Failure) [PSYoungGen: 126048K->96K(122368K)] 127960K->2008K(297472K), 0.0005217 secs] [Times: user=0.00 sys=0.00, real=0.00 secs] 
57.807: [GC (Allocation Failure) [PSYoungGen: 121952K->96K(118784K)] 123864K->2008K(293888K), 0.0005209 secs] [Times: user=0.00 sys=0.00, real=0.00 secs] 
57.863: [GC (Allocation Failure) [PSYoungGen: 118368K->64K(142848K)] 120280K->1976K(317952K), 0.0048148 secs] [Times: user=0.00 sys=0.00, real=0.01 secs] 
57.949: [GC (Allocation Failure) [PSYoungGen: 142400K->64K(171520K)] 144312K->1976K(346624K), 0.0012065 secs] [Times: user=0.00 sys=0.00, real=0.00 secs] 
58.038: [GC (Allocation Failure) [PSYoungGen: 171072K->96K(205824K)] 172984K->2008K(380928K), 0.0005522 secs] [Times: user=0.00 sys=0.00, real=0.00 secs] 
58.138: [GC (Allocation Failure) [PSYoungGen: 205407K->96K(247296K)] 207319K->2008K(422400K), 0.0005235 secs] [Times: user=0.00 sys=0.00, real=0.00 secs] 
58.250: [GC (Allocation Failure) [PSYoungGen: 246880K->96K(296960K)] 248792K->2008K(472064K), 0.0005248 secs] [Times: user=0.00 sys=0.00, real=0.00 secs] 
58.384: [GC (Allocation Failure) [PSYoungGen: 296544K->64K(356352K)] 298456K->1976K(531456K), 0.0005278 secs] [Times: user=0.01 sys=0.00, real=0.01 secs] 
58.545: [GC (Allocation Failure) [PSYoungGen: 355904K->96K(341504K)] 357816K->2008K(516608K), 0.0005184 secs] [Times: user=0.01 sys=0.00, real=0.00 secs] 
58.700: [GC (Allocation Failure) [PSYoungGen: 341088K->96K(327680K)] 343000K->2008K(502784K), 0.0005470 secs] [Times: user=0.00 sys=0.00, real=0.00 secs] 
58.850: [GC (Allocation Failure) [PSYoungGen: 327264K->96K(314368K)] 329176K->2008K(489472K), 0.0005646 secs] [Times: user=0.00 sys=0.00, real=0.00 secs] 
58.993: [GC (Allocation Failure) [PSYoungGen: 313952K->96K(301568K)] 315864K->2008K(476672K), 0.0005652 secs] [Times: user=0.00 sys=0.00, real=0.00 secs] 
59.129: [GC (Allocation Failure) [PSYoungGen: 301152K->96K(289280K)] 303064K->2008K(464384K), 0.0005353 secs] [Times: user=0.00 sys=0.00, real=0.00 secs] 
59.263: [GC (Allocation Failure) [PSYoungGen: 288864K->96K(278016K)] 290776K->2008K(453120K), 0.0005220 secs] [Times: user=0.00 sys=0.00, real=0.00 secs] 
59.390: [GC (Allocation Failure) [PSYoungGen: 277600K->96K(267264K)] 279512K->2008K(442368K), 0.0005194 secs] [Times: user=0.00 sys=0.00, real=0.00 secs] 
59.512: [GC (Allocation Failure) [PSYoungGen: 266848K->96K(257024K)] 268760K->2008K(432128K), 0.0005102 secs] [Times: user=0.00 sys=0.00, real=0.00 secs] 
59.628: [GC (Allocation Failure) [PSYoungGen: 256608K->64K(247296K)] 258520K->1976K(422400K), 0.0005472 secs] [Times: user=0.00 sys=0.00, real=0.00 secs] 
59.743: [GC (Allocation Failure) [PSYoungGen: 246848K->96K(237568K)] 248760K->2008K(412672K), 0.0005337 secs] [Times: user=0.00 sys=0.00, real=0.00 secs] 
59.854: [GC (Allocation Failure) [PSYoungGen: 237152K->96K(228352K)] 239064K->2008K(403456K), 0.0005186 secs] [Times: user=0.00 sys=0.00, real=0.00 secs] 
59.958: [GC (Allocation Failure) [PSYoungGen: 227936K->96K(219648K)] 229848K->2008K(394752K), 0.0004955 secs] [Times: user=0.00 sys=0.00, real=0.00 secs] 
60.062: [GC (Allocation Failure) [PSYoungGen: 219232K->96K(211456K)] 221144K->2008K(386560K), 0.0005079 secs] [Times: user=0.01 sys=0.00, real=0.00 secs] 
60.156: [GC (Allocation Failure) [PSYoungGen: 211040K->64K(203776K)] 212952K->1976K(378880K), 0.0005329 secs] [Times: user=0.00 sys=0.00, real=0.00 secs] 
60.250: [GC (Allocation Failure) [PSYoungGen: 203328K->96K(196096K)] 205240K->2008K(371200K), 0.0009531 secs] [Times: user=0.00 sys=0.00, real=0.00 secs] 
60.339: [GC (Allocation Failure) [PSYoungGen: 195680K->160K(188928K)] 197592K->2072K(364032K), 0.0005765 secs] [Times: user=0.00 sys=0.00, real=0.00 secs] 
60.422: [GC (Allocation Failure) [PSYoungGen: 188576K->96K(182272K)] 190488K->2040K(357376K), 0.0005333 secs] [Times: user=0.01 sys=0.00, real=0.00 secs] 
60.503: [GC (Allocation Failure) [PSYoungGen: 181856K->96K(175616K)] 183800K->2040K(350720K), 0.0004968 secs] [Times: user=0.00 sys=0.00, real=0.00 secs] 
60.581: [GC (Allocation Failure) [PSYoungGen: 175200K->96K(169472K)] 177144K->2040K(344576K), 0.0005000 secs] [Times: user=0.00 sys=0.00, real=0.00 secs] 
60.656: [GC (Allocation Failure) [PSYoungGen: 169056K->96K(163840K)] 171000K->2040K(338944K), 0.0005103 secs] [Times: user=0.00 sys=0.00, real=0.00 secs] 
60.734: [GC (Allocation Failure) [PSYoungGen: 163424K->96K(158208K)] 165368K->2040K(333312K), 0.0005038 secs] [Times: user=0.00 sys=0.00, real=0.00 secs] 
60.805: [GC (Allocation Failure) [PSYoungGen: 157792K->96K(153088K)] 159736K->2040K(328192K), 0.0005089 secs] [Times: user=0.00 sys=0.00, real=0.00 secs] 
60.874: [GC (Allocation Failure) [PSYoungGen: 152672K->96K(147968K)] 154616K->2040K(323072K), 0.0005103 secs] [Times: user=0.00 sys=0.00, real=0.00 secs] 
60.942: [GC (Allocation Failure) [PSYoungGen: 147552K->64K(143360K)] 149496K->2008K(318464K), 0.0010375 secs] [Times: user=0.01 sys=0.00, real=0.00 secs] 
61.011: [GC (Allocation Failure) [PSYoungGen: 142912K->96K(138752K)] 144856K->2040K(313856K), 0.0005011 secs] [Times: user=0.00 sys=0.00, real=0.00 secs] 
61.076: [GC (Allocation Failure) [PSYoungGen: 138336K->96K(134144K)] 140280K->2040K(309248K), 0.0004958 secs] [Times: user=0.00 sys=0.00, real=0.00 secs] 
61.140: [GC (Allocation Failure) [PSYoungGen: 133728K->96K(130048K)] 135672K->2040K(305152K), 0.0006529 secs] [Times: user=0.00 sys=0.00, real=0.00 secs] 
61.199: [GC (Allocation Failure) [PSYoungGen: 129632K->96K(125952K)] 131576K->2040K(301056K), 0.0005016 secs] [Times: user=0.00 sys=0.00, real=0.00 secs] 
61.256: [GC (Allocation Failure) [PSYoungGen: 125536K->96K(121856K)] 127480K->2040K(296960K), 0.0005015 secs] [Times: user=0.00 sys=0.00, real=0.00 secs] 
61.309: [GC (Allocation Failure) [PSYoungGen: 121440K->32K(118272K)] 123384K->1976K(293376K), 0.0004876 secs] [Times: user=0.00 sys=0.00, real=0.00 secs] 
61.362: [GC (Allocation Failure) [PSYoungGen: 117792K->64K(114688K)] 119736K->2008K(289792K), 0.0004963 secs] [Times: user=0.00 sys=0.00, real=0.00 secs] 
61.422: [GC (Allocation Failure) [PSYoungGen: 114240K->96K(111104K)] 116184K->2040K(286208K), 0.0005496 secs] [Times: user=0.00 sys=0.00, real=0.00 secs] 
61.482: [GC (Allocation Failure) [PSYoungGen: 110688K->96K(108032K)] 112632K->2040K(283136K), 0.0006501 secs] [Times: user=0.00 sys=0.00, real=0.00 secs] 
61.538: [GC (Allocation Failure) [PSYoungGen: 107616K->32K(104960K)] 109560K->1976K(280064K), 0.0005621 secs] [Times: user=0.00 sys=0.00, real=0.00 secs] 
61.585: [GC (Allocation Failure) [PSYoungGen: 104480K->32K(101888K)] 106424K->1976K(276992K), 0.0005455 secs] [Times: user=0.00 sys=0.00, real=0.00 secs] 
61.630: [GC (Allocation Failure) [PSYoungGen: 101408K->64K(122368K)] 103352K->2008K(297472K), 0.0009635 secs] [Times: user=0.01 sys=0.00, real=0.00 secs] 
61.686: [GC (Allocation Failure) [PSYoungGen: 121920K->64K(146944K)] 123864K->2008K(322048K), 0.0006154 secs] [Times: user=0.00 sys=0.00, real=0.00 secs] 
61.753: [GC (Allocation Failure) [PSYoungGen: 146496K->64K(176640K)] 148440K->2008K(351744K), 0.0012512 secs] [Times: user=0.00 sys=0.00, real=0.00 secs] 
61.851: [GC (Allocation Failure) [PSYoungGen: 176192K->96K(211968K)] 178136K->2040K(387072K), 0.0006303 secs] [Times: user=0.00 sys=0.00, real=0.00 secs] 
61.964: [GC (Allocation Failure) [PSYoungGen: 211552K->96K(204288K)] 213496K->2040K(379392K), 0.0006454 secs] [Times: user=0.00 sys=0.00, real=0.00 secs] 
62.064: [GC (Allocation Failure) [PSYoungGen: 203872K->96K(196608K)] 205816K->2040K(371712K), 0.0005973 secs] [Times: user=0.00 sys=0.00, real=0.00 secs] 
62.153: [GC (Allocation Failure) [PSYoungGen: 196192K->96K(189440K)] 198136K->2040K(364544K), 0.0005403 secs] [Times: user=0.00 sys=0.00, real=0.00 secs] 
62.240: [GC (Allocation Failure) [PSYoungGen: 189024K->64K(182784K)] 190968K->2008K(357888K), 0.0005204 secs] [Times: user=0.00 sys=0.00, real=0.00 secs] 
62.322: [GC (Allocation Failure) [PSYoungGen: 182336K->96K(176128K)] 184280K->2040K(351232K), 0.0005332 secs] [Times: user=0.00 sys=0.00, real=0.00 secs] 
62.402: [GC (Allocation Failure) [PSYoungGen: 175712K->96K(169984K)] 177656K->2040K(345088K), 0.0005508 secs] [Times: user=0.00 sys=0.00, real=0.00 secs] 
62.482: [GC (Allocation Failure) [PSYoungGen: 169568K->96K(164352K)] 171512K->2040K(339456K), 0.0005334 secs] [Times: user=0.00 sys=0.00, real=0.00 secs] 
62.557: [GC (Allocation Failure) [PSYoungGen: 163936K->96K(158720K)] 165880K->2040K(333824K), 0.0006096 secs] [Times: user=0.00 sys=0.00, real=0.00 secs] 
62.629: [GC (Allocation Failure) [PSYoungGen: 158304K->64K(153600K)] 160248K->2008K(328704K), 0.0010796 secs] [Times: user=0.00 sys=0.00, real=0.00 secs] 
62.701: [GC (Allocation Failure) [PSYoungGen: 153152K->64K(148480K)] 155096K->2008K(323584K), 0.0005448 secs] [Times: user=0.00 sys=0.00, real=0.00 secs] 
62.769: [GC (Allocation Failure) [PSYoungGen: 148032K->96K(143360K)] 149976K->2040K(318464K), 0.0005063 secs] [Times: user=0.00 sys=0.00, real=0.00 secs] 
62.833: [GC (Allocation Failure) [PSYoungGen: 142944K->64K(138752K)] 144888K->2008K(313856K), 0.0005204 secs] [Times: user=0.00 sys=0.00, real=0.00 secs] 
62.901: [GC (Allocation Failure) [PSYoungGen: 138304K->64K(134144K)] 140248K->2008K(309248K), 0.0006321 secs] [Times: user=0.00 sys=0.00, real=0.00 secs] 
62.968: [GC (Allocation Failure) [PSYoungGen: 133696K->96K(130048K)] 135640K->2040K(305152K), 0.0006743 secs] [Times: user=0.00 sys=0.00, real=0.00 secs] 
63.027: [GC (Allocation Failure) [PSYoungGen: 129632K->64K(125952K)] 131576K->2008K(301056K), 0.0006074 secs] [Times: user=0.00 sys=0.00, real=0.00 secs] 
63.088: [GC (Allocation Failure) [PSYoungGen: 125504K->64K(121856K)] 127448K->2008K(296960K), 0.0005275 secs] [Times: user=0.00 sys=0.00, real=0.00 secs] 
63.147: [GC (Allocation Failure) [PSYoungGen: 121408K->64K(118272K)] 123352K->2008K(293376K), 0.0005772 secs] [Times: user=0.00 sys=0.00, real=0.00 secs] 
63.203: [GC (Allocation Failure) [PSYoungGen: 117824K->96K(114688K)] 119768K->2040K(289792K), 0.0005064 secs] [Times: user=0.00 sys=0.00, real=0.00 secs] 
63.255: [GC (Allocation Failure) [PSYoungGen: 114272K->96K(111104K)] 116216K->2040K(286208K), 0.0005194 secs] [Times: user=0.00 sys=0.00, real=0.00 secs] 
63.306: [GC (Allocation Failure) [PSYoungGen: 110688K->96K(133632K)] 112632K->2040K(308736K), 0.0009147 secs] [Times: user=0.00 sys=0.00, real=0.00 secs] 
63.368: [GC (Allocation Failure) [PSYoungGen: 133216K->96K(129536K)] 135160K->2040K(304640K), 0.0005199 secs] [Times: user=0.00 sys=0.00, real=0.00 secs] 
63.426: [GC (Allocation Failure) [PSYoungGen: 129120K->64K(125440K)] 131064K->2008K(300544K), 0.0004949 secs] [Times: user=0.00 sys=0.00, real=0.00 secs] 
63.483: [GC (Allocation Failure) [PSYoungGen: 124992K->64K(121344K)] 126936K->2008K(296448K), 0.0005130 secs] [Times: user=0.00 sys=0.00, real=0.00 secs] 
63.538: [GC (Allocation Failure) [PSYoungGen: 120896K->96K(117760K)] 122840K->2040K(292864K), 0.0005541 secs] [Times: user=0.01 sys=0.00, real=0.00 secs] 
63.591: [GC (Allocation Failure) [PSYoungGen: 117344K->32K(114176K)] 119288K->1976K(289280K), 0.0005123 secs] [Times: user=0.00 sys=0.00, real=0.00 secs] 
63.643: [GC (Allocation Failure) [PSYoungGen: 113696K->96K(110592K)] 115640K->2040K(285696K), 0.0005474 secs] [Times: user=0.00 sys=0.00, real=0.00 secs] 
63.694: [GC (Allocation Failure) [PSYoungGen: 110176K->96K(107520K)] 112120K->2040K(282624K), 0.0005060 secs] [Times: user=0.00 sys=0.00, real=0.01 secs] 
63.743: [GC (Allocation Failure) [PSYoungGen: 107104K->96K(104448K)] 109048K->2040K(279552K), 0.0005281 secs] [Times: user=0.00 sys=0.00, real=0.00 secs] 
63.791: [GC (Allocation Failure) [PSYoungGen: 104032K->64K(101376K)] 105976K->2008K(276480K), 0.0005022 secs] [Times: user=0.00 sys=0.00, real=0.00 secs] 
63.836: [GC (Allocation Failure) [PSYoungGen: 100928K->96K(98816K)] 102872K->2040K(273920K), 0.0005027 secs] [Times: user=0.01 sys=0.00, real=0.00 secs] 
63.881: [GC (Allocation Failure) [PSYoungGen: 98400K->96K(96256K)] 100344K->2040K(271360K), 0.0005147 secs] [Times: user=0.00 sys=0.00, real=0.00 secs] 
63.925: [GC (Allocation Failure) [PSYoungGen: 95840K->96K(115712K)] 97784K->2040K(290816K), 0.0005293 secs] [Times: user=0.00 sys=0.00, real=0.00 secs] 
63.978: [GC (Allocation Failure) [PSYoungGen: 115296K->96K(112128K)] 117240K->2040K(287232K), 0.0005089 secs] [Times: user=0.00 sys=0.00, real=0.00 secs] 
64.028: [GC (Allocation Failure) [PSYoungGen: 111712K->64K(109056K)] 113656K->2008K(284160K), 0.0004971 secs] [Times: user=0.00 sys=0.00, real=0.00 secs] 
64.078: [GC (Allocation Failure) [PSYoungGen: 108608K->96K(105984K)] 110552K->2040K(281088K), 0.0005487 secs] [Times: user=0.00 sys=0.00, real=0.00 secs] 
64.126: [GC (Allocation Failure) [PSYoungGen: 105568K->96K(102912K)] 107512K->2040K(278016K), 0.0005041 secs] [Times: user=0.01 sys=0.00, real=0.00 secs] 
64.173: [GC (Allocation Failure) [PSYoungGen: 102496K->96K(99840K)] 104440K->2040K(274944K), 0.0005293 secs] [Times: user=0.00 sys=0.00, real=0.00 secs] 
64.218: [GC (Allocation Failure) [PSYoungGen: 99424K->96K(119808K)] 101368K->2040K(294912K), 0.0005538 secs] [Times: user=0.00 sys=0.00, real=0.00 secs] 
64.272: [GC (Allocation Failure) [PSYoungGen: 119392K->96K(116224K)] 121336K->2040K(291328K), 0.0005665 secs] [Times: user=0.00 sys=0.00, real=0.00 secs] 
64.325: [GC (Allocation Failure) [PSYoungGen: 115808K->96K(112640K)] 117752K->2040K(287744K), 0.0005257 secs] [Times: user=0.00 sys=0.00, real=0.00 secs] 
64.377: [GC (Allocation Failure) [PSYoungGen: 112224K->96K(109568K)] 114168K->2040K(284672K), 0.0005126 secs] [Times: user=0.00 sys=0.00, real=0.00 secs] 
64.427: [GC (Allocation Failure) [PSYoungGen: 109152K->96K(106496K)] 111096K->2040K(281600K), 0.0005089 secs] [Times: user=0.00 sys=0.00, real=0.00 secs] 
64.475: [GC (Allocation Failure) [PSYoungGen: 106080K->96K(103424K)] 108024K->2040K(278528K), 0.0005304 secs] [Times: user=0.00 sys=0.00, real=0.00 secs] 
64.523: [GC (Allocation Failure) [PSYoungGen: 103008K->96K(100352K)] 104952K->2040K(275456K), 0.0005095 secs] [Times: user=0.00 sys=0.00, real=0.00 secs] 
64.568: [GC (Allocation Failure) [PSYoungGen: 99936K->96K(97792K)] 101880K->2040K(272896K), 0.0005164 secs] [Times: user=0.00 sys=0.00, real=0.00 secs] 
64.613: [GC (Allocation Failure) [PSYoungGen: 97376K->96K(117248K)] 99320K->2040K(292352K), 0.0005590 secs] [Times: user=0.00 sys=0.00, real=0.00 secs] 
64.666: [GC (Allocation Failure) [PSYoungGen: 116832K->96K(113664K)] 118776K->2040K(288768K), 0.0005034 secs] [Times: user=0.00 sys=0.00, real=0.00 secs] 
64.720: [GC (Allocation Failure) [PSYoungGen: 113248K->96K(110592K)] 115192K->2040K(285696K), 0.0005118 secs] [Times: user=0.00 sys=0.00, real=0.00 secs] 
64.770: [GC (Allocation Failure) [PSYoungGen: 110176K->32K(107520K)] 112120K->1976K(282624K), 0.0005147 secs] [Times: user=0.00 sys=0.00, real=0.00 secs] 
64.820: [GC (Allocation Failure) [PSYoungGen: 107040K->96K(104448K)] 108984K->2040K(279552K), 0.0005240 secs] [Times: user=0.00 sys=0.00, real=0.00 secs] 
64.873: [GC (Allocation Failure) [PSYoungGen: 104031K->32K(125440K)] 105975K->1976K(300544K), 0.0015597 secs] [Times: user=0.01 sys=0.00, real=0.01 secs] 
64.939: [GC (Allocation Failure) [PSYoungGen: 124960K->64K(150528K)] 126904K->2008K(325632K), 0.0010102 secs] [Times: user=0.00 sys=0.00, real=0.00 secs] 
65.012: [GC (Allocation Failure) [PSYoungGen: 150080K->96K(180736K)] 152024K->2040K(355840K), 0.0005164 secs] [Times: user=0.00 sys=0.00, real=0.00 secs] 
65.095: [GC (Allocation Failure) [PSYoungGen: 180320K->96K(217088K)] 182264K->2040K(392192K), 0.0005234 secs] [Times: user=0.00 sys=0.00, real=0.00 secs] 
65.200: [GC (Allocation Failure) [PSYoungGen: 216672K->96K(208896K)] 218616K->2040K(384000K), 0.0006336 secs] [Times: user=0.00 sys=0.00, real=0.00 secs] 
65.317: [GC (Allocation Failure) [PSYoungGen: 208480K->96K(201216K)] 210424K->2040K(376320K), 0.0005343 secs] [Times: user=0.00 sys=0.00, real=0.00 secs] 
65.416: [GC (Allocation Failure) [PSYoungGen: 200800K->96K(194048K)] 202744K->2040K(369152K), 0.0005103 secs] [Times: user=0.00 sys=0.00, real=0.00 secs] 
65.510: [GC (Allocation Failure) [PSYoungGen: 193632K->64K(186880K)] 195576K->2008K(361984K), 0.0005628 secs] [Times: user=0.00 sys=0.00, real=0.00 secs] 
65.602: [GC (Allocation Failure) [PSYoungGen: 186432K->96K(180224K)] 188376K->2040K(355328K), 0.0005194 secs] [Times: user=0.00 sys=0.00, real=0.00 secs] 
65.688: [GC (Allocation Failure) [PSYoungGen: 179808K->64K(174080K)] 181752K->2008K(349184K), 0.0011776 secs] [Times: user=0.01 sys=0.00, real=0.00 secs] 
65.769: [GC (Allocation Failure) [PSYoungGen: 173632K->96K(167936K)] 175576K->2040K(343040K), 0.0005328 secs] [Times: user=0.01 sys=0.00, real=0.00 secs] 
65.849: [GC (Allocation Failure) [PSYoungGen: 167520K->96K(162304K)] 169464K->2040K(337408K), 0.0005589 secs] [Times: user=0.01 sys=0.00, real=0.00 secs] 
65.925: [GC (Allocation Failure) [PSYoungGen: 161888K->96K(156672K)] 163832K->2040K(331776K), 0.0005212 secs] [Times: user=0.00 sys=0.00, real=0.00 secs] 
65.998: [GC (Allocation Failure) [PSYoungGen: 156256K->96K(151552K)] 158200K->2040K(326656K), 0.0005107 secs] [Times: user=0.00 sys=0.01, real=0.00 secs] 
66.067: [GC (Allocation Failure) [PSYoungGen: 151136K->96K(146432K)] 153080K->2040K(321536K), 0.0005286 secs] [Times: user=0.00 sys=0.00, real=0.00 secs] 
66.134: [GC (Allocation Failure) [PSYoungGen: 146016K->96K(141824K)] 147960K->2040K(316928K), 0.0005195 secs] [Times: user=0.00 sys=0.00, real=0.00 secs] 
66.198: [GC (Allocation Failure) [PSYoungGen: 141408K->64K(137216K)] 143352K->2008K(312320K), 0.0005532 secs] [Times: user=0.00 sys=0.00, real=0.00 secs] 
66.262: [GC (Allocation Failure) [PSYoungGen: 136768K->96K(132608K)] 138712K->2040K(307712K), 0.0005063 secs] [Times: user=0.00 sys=0.00, real=0.00 secs] 
66.325: [GC (Allocation Failure) [PSYoungGen: 132192K->96K(128512K)] 134136K->2040K(303616K), 0.0005559 secs] [Times: user=0.00 sys=0.00, real=0.00 secs] 
66.387: [GC (Allocation Failure) [PSYoungGen: 128096K->96K(124416K)] 130040K->2040K(299520K), 0.0005397 secs] [Times: user=0.00 sys=0.00, real=0.00 secs] 
66.445: [GC (Allocation Failure) [PSYoungGen: 124000K->64K(120832K)] 125944K->2008K(295936K), 0.0005632 secs] [Times: user=0.00 sys=0.00, real=0.00 secs] 
66.502: [GC (Allocation Failure) [PSYoungGen: 120384K->64K(117248K)] 122328K->2008K(292352K), 0.0005641 secs] [Times: user=0.00 sys=0.00, real=0.00 secs] 
66.561: [GC (Allocation Failure) [PSYoungGen: 116800K->96K(113664K)] 118744K->2040K(288768K), 0.0005214 secs] [Times: user=0.00 sys=0.00, real=0.00 secs] 
66.618: [GC (Allocation Failure) [PSYoungGen: 113248K->64K(110592K)] 115192K->2008K(285696K), 0.0005449 secs] [Times: user=0.00 sys=0.00, real=0.00 secs] 
66.669: [GC (Allocation Failure) [PSYoungGen: 110144K->64K(107520K)] 112088K->2008K(282624K), 0.0005301 secs] [Times: user=0.00 sys=0.00, real=0.00 secs] 
66.720: [GC (Allocation Failure) [PSYoungGen: 107072K->96K(104448K)] 109016K->2040K(279552K), 0.0005066 secs] [Times: user=0.00 sys=0.00, real=0.00 secs] 
66.767: [GC (Allocation Failure) [PSYoungGen: 104032K->96K(101376K)] 105976K->2040K(276480K), 0.0005126 secs] [Times: user=0.00 sys=0.00, real=0.00 secs] 
66.813: [GC (Allocation Failure) [PSYoungGen: 100960K->96K(98816K)] 102904K->2040K(273920K), 0.0005025 secs] [Times: user=0.00 sys=0.00, real=0.00 secs] 
66.858: [GC (Allocation Failure) [PSYoungGen: 98400K->96K(96256K)] 100344K->2040K(271360K), 0.0005480 secs] [Times: user=0.00 sys=0.00, real=0.00 secs] 
66.902: [GC (Allocation Failure) [PSYoungGen: 95840K->96K(93696K)] 97784K->2040K(268800K), 0.0005152 secs] [Times: user=0.00 sys=0.00, real=0.00 secs] 
66.945: [GC (Allocation Failure) [PSYoungGen: 93280K->96K(112640K)] 95224K->2040K(287744K), 0.0005035 secs] [Times: user=0.01 sys=0.00, real=0.00 secs] 
66.996: [GC (Allocation Failure) [PSYoungGen: 112224K->96K(109568K)] 114168K->2040K(284672K), 0.0005552 secs] [Times: user=0.00 sys=0.00, real=0.00 secs] 
67.046: [GC (Allocation Failure) [PSYoungGen: 109152K->96K(106496K)] 111096K->2040K(281600K), 0.0004993 secs] [Times: user=0.00 sys=0.00, real=0.00 secs] 
67.094: [GC (Allocation Failure) [PSYoungGen: 106080K->96K(103424K)] 108024K->2040K(278528K), 0.0005047 secs] [Times: user=0.01 sys=0.00, real=0.00 secs] 
67.141: [GC (Allocation Failure) [PSYoungGen: 103008K->64K(124416K)] 104952K->2008K(299520K), 0.0006994 secs] [Times: user=0.00 sys=0.00, real=0.00 secs] 
67.197: [GC (Allocation Failure) [PSYoungGen: 123968K->96K(149504K)] 125912K->2040K(324608K), 0.0005149 secs] [Times: user=0.00 sys=0.00, real=0.00 secs] 
67.268: [GC (Allocation Failure) [PSYoungGen: 149088K->64K(179712K)] 151032K->2008K(354816K), 0.0009109 secs] [Times: user=0.00 sys=0.00, real=0.00 secs] 
67.352: [GC (Allocation Failure) [PSYoungGen: 179264K->96K(173568K)] 181208K->2040K(348672K), 0.0005501 secs] [Times: user=0.00 sys=0.00, real=0.00 secs] 
67.434: [GC (Allocation Failure) [PSYoungGen: 173152K->64K(208384K)] 175096K->2008K(383488K), 0.0010778 secs] [Times: user=0.01 sys=0.00, real=0.01 secs] 
67.531: [GC (Allocation Failure) [PSYoungGen: 207936K->64K(200704K)] 209880K->2008K(375808K), 0.0005601 secs] [Times: user=0.00 sys=0.00, real=0.00 secs] 
67.622: [GC (Allocation Failure) [PSYoungGen: 200256K->96K(193536K)] 202200K->2040K(368640K), 0.0005640 secs] [Times: user=0.00 sys=0.00, real=0.00 secs] 
67.712: [GC (Allocation Failure) [PSYoungGen: 193120K->96K(186368K)] 195064K->2040K(361472K), 0.0005315 secs] [Times: user=0.00 sys=0.00, real=0.00 secs] 
67.801: [GC (Allocation Failure) [PSYoungGen: 185952K->96K(179712K)] 187896K->2040K(354816K), 0.0005029 secs] [Times: user=0.00 sys=0.00, real=0.00 secs] 
67.885: [GC (Allocation Failure) [PSYoungGen: 179296K->96K(173568K)] 181240K->2040K(348672K), 0.0005193 secs] [Times: user=0.00 sys=0.00, real=0.00 secs] 
67.968: [GC (Allocation Failure) [PSYoungGen: 173152K->64K(167424K)] 175096K->2008K(342528K), 0.0005189 secs] [Times: user=0.00 sys=0.00, real=0.00 secs] 
68.044: [GC (Allocation Failure) [PSYoungGen: 166976K->96K(161792K)] 168920K->2040K(336896K), 0.0005077 secs] [Times: user=0.00 sys=0.00, real=0.01 secs] 
68.117: [GC (Allocation Failure) [PSYoungGen: 161376K->96K(156160K)] 163320K->2040K(331264K), 0.0005343 secs] [Times: user=0.00 sys=0.00, real=0.00 secs] 
68.188: [GC (Allocation Failure) [PSYoungGen: 155744K->96K(151040K)] 157688K->2040K(326144K), 0.0005550 secs] [Times: user=0.01 sys=0.00, real=0.00 secs] 
68.262: [GC (Allocation Failure) [PSYoungGen: 150624K->96K(145920K)] 152568K->2040K(321024K), 0.0005371 secs] [Times: user=0.00 sys=0.00, real=0.00 secs] 
68.340: [GC (Allocation Failure) [PSYoungGen: 145504K->96K(141312K)] 147448K->2040K(316416K), 0.0005102 secs] [Times: user=0.00 sys=0.00, real=0.00 secs] 
68.405: [GC (Allocation Failure) [PSYoungGen: 140896K->96K(136704K)] 142840K->2040K(311808K), 0.0005551 secs] [Times: user=0.00 sys=0.00, real=0.01 secs] 
68.467: [GC (Allocation Failure) [PSYoungGen: 136288K->96K(132608K)] 138232K->2040K(307712K), 0.0005086 secs] [Times: user=0.00 sys=0.00, real=0.00 secs] 
68.527: [GC (Allocation Failure) [PSYoungGen: 132192K->96K(128512K)] 134136K->2040K(303616K), 0.0005114 secs] [Times: user=0.00 sys=0.00, real=0.00 secs] 
68.589: [GC (Allocation Failure) [PSYoungGen: 128096K->64K(124416K)] 130040K->2008K(299520K), 0.0010713 secs] [Times: user=0.00 sys=0.00, real=0.00 secs] 
68.664: [GC (Allocation Failure) [PSYoungGen: 123968K->96K(120832K)] 125912K->2040K(295936K), 0.0005276 secs] [Times: user=0.01 sys=0.00, real=0.00 secs] 
68.741: [GC (Allocation Failure) [PSYoungGen: 120416K->96K(117248K)] 122360K->2040K(292352K), 0.0008311 secs] [Times: user=0.00 sys=0.00, real=0.00 secs] 
68.804: [GC (Allocation Failure) [PSYoungGen: 116832K->96K(113664K)] 118776K->2040K(288768K), 0.0005175 secs] [Times: user=0.00 sys=0.00, real=0.01 secs] 
68.856: [GC (Allocation Failure) [PSYoungGen: 113248K->96K(110592K)] 115192K->2040K(285696K), 0.0005295 secs] [Times: user=0.00 sys=0.00, real=0.00 secs] 
68.907: [GC (Allocation Failure) [PSYoungGen: 110176K->96K(107520K)] 112120K->2040K(282624K), 0.0005115 secs] [Times: user=0.00 sys=0.00, real=0.00 secs] 
68.956: [GC (Allocation Failure) [PSYoungGen: 107104K->96K(104448K)] 109048K->2040K(279552K), 0.0005240 secs] [Times: user=0.00 sys=0.00, real=0.00 secs] 
69.004: [GC (Allocation Failure) [PSYoungGen: 104032K->96K(101376K)] 105976K->2040K(276480K), 0.0005033 secs] [Times: user=0.00 sys=0.00, real=0.00 secs] 
69.050: [GC (Allocation Failure) [PSYoungGen: 100960K->96K(98816K)] 102904K->2040K(273920K), 0.0005017 secs] [Times: user=0.00 sys=0.00, real=0.00 secs] 
69.095: [GC (Allocation Failure) [PSYoungGen: 98400K->64K(96256K)] 100344K->2008K(271360K), 0.0005398 secs] [Times: user=0.00 sys=0.00, real=0.00 secs] 
69.138: [GC (Allocation Failure) [PSYoungGen: 95808K->64K(93696K)] 97752K->2008K(268800K), 0.0004996 secs] [Times: user=0.00 sys=0.00, real=0.00 secs] 
69.181: [GC (Allocation Failure) [PSYoungGen: 93248K->96K(112640K)] 95192K->2040K(287744K), 0.0005122 secs] [Times: user=0.00 sys=0.00, real=0.00 secs] 
69.233: [GC (Allocation Failure) [PSYoungGen: 112224K->96K(109568K)] 114168K->2040K(284672K), 0.0005341 secs] [Times: user=0.00 sys=0.00, real=0.00 secs] 
69.283: [GC (Allocation Failure) [PSYoungGen: 109152K->96K(106496K)] 111096K->2040K(281600K), 0.0005562 secs] [Times: user=0.00 sys=0.00, real=0.00 secs] 
69.331: [GC (Allocation Failure) [PSYoungGen: 106080K->96K(103424K)] 108024K->2040K(278528K), 0.0005046 secs] [Times: user=0.00 sys=0.01, real=0.00 secs] 
69.379: [GC (Allocation Failure) [PSYoungGen: 103008K->96K(100352K)] 104952K->2040K(275456K), 0.0005112 secs] [Times: user=0.00 sys=0.00, real=0.00 secs] 
69.429: [GC (Allocation Failure) [PSYoungGen: 99936K->96K(97792K)] 101880K->2040K(272896K), 0.0005110 secs] [Times: user=0.00 sys=0.00, real=0.00 secs] 
69.486: [GC (Allocation Failure) [PSYoungGen: 97376K->64K(117248K)] 99320K->2008K(292352K), 0.0007838 secs] [Times: user=0.00 sys=0.00, real=0.00 secs] 
69.556: [GC (Allocation Failure) [PSYoungGen: 116800K->64K(140800K)] 118744K->2008K(315904K), 0.0011361 secs] [Times: user=0.00 sys=0.00, real=0.00 secs] 
69.634: [GC (Allocation Failure) [PSYoungGen: 140352K->96K(168960K)] 142296K->2040K(344064K), 0.0005290 secs] [Times: user=0.01 sys=0.00, real=0.00 secs] 
69.713: [GC (Allocation Failure) [PSYoungGen: 168544K->96K(163328K)] 170488K->2040K(338432K), 0.0005120 secs] [Times: user=0.01 sys=0.00, real=0.00 secs] 
69.787: [GC (Allocation Failure) [PSYoungGen: 162912K->0K(157696K)] 164856K->1944K(332800K), 0.0005771 secs] [Times: user=0.00 sys=0.00, real=0.00 secs] 
69.859: [GC (Allocation Failure) [PSYoungGen: 157184K->64K(152576K)] 159128K->2008K(327680K), 0.0005899 secs] [Times: user=0.00 sys=0.00, real=0.00 secs] 
69.928: [GC (Allocation Failure) [PSYoungGen: 152128K->96K(147456K)] 154072K->2040K(322560K), 0.0005122 secs] [Times: user=0.00 sys=0.00, real=0.00 secs] 
69.994: [GC (Allocation Failure) [PSYoungGen: 147040K->96K(142848K)] 148984K->2040K(317952K), 0.0005612 secs] [Times: user=0.00 sys=0.00, real=0.01 secs] 
70.059: [GC (Allocation Failure) [PSYoungGen: 142432K->96K(138240K)] 144376K->2040K(313344K), 0.0005113 secs] [Times: user=0.00 sys=0.00, real=0.00 secs] 
70.121: [GC (Allocation Failure) [PSYoungGen: 137824K->96K(133632K)] 139768K->2040K(308736K), 0.0005079 secs] [Times: user=0.00 sys=0.00, real=0.00 secs] 
70.182: [GC (Allocation Failure) [PSYoungGen: 133216K->96K(129536K)] 135160K->2040K(304640K), 0.0005183 secs] [Times: user=0.00 sys=0.00, real=0.00 secs] 
70.241: [GC (Allocation Failure) [PSYoungGen: 129120K->96K(125440K)] 131064K->2040K(300544K), 0.0005209 secs] [Times: user=0.00 sys=0.00, real=0.00 secs] 
70.298: [GC (Allocation Failure) [PSYoungGen: 125024K->96K(121344K)] 126968K->2040K(296448K), 0.0005477 secs] [Times: user=0.00 sys=0.00, real=0.00 secs] 
70.353: [GC (Allocation Failure) [PSYoungGen: 120928K->96K(117760K)] 122872K->2064K(292864K), 0.0005757 secs] [Times: user=0.01 sys=0.01, real=0.00 secs] 
70.406: [GC (Allocation Failure) [PSYoungGen: 117344K->96K(114176K)] 119312K->2064K(289280K), 0.0005401 secs] [Times: user=0.00 sys=0.00, real=0.00 secs] 
70.458: [GC (Allocation Failure) [PSYoungGen: 113760K->96K(110592K)] 115728K->2064K(285696K), 0.0005093 secs] [Times: user=0.00 sys=0.00, real=0.00 secs] 
70.508: [GC (Allocation Failure) [PSYoungGen: 110176K->64K(107520K)] 112144K->2032K(282624K), 0.0005022 secs] [Times: user=0.00 sys=0.00, real=0.00 secs] 
70.557: [GC (Allocation Failure) [PSYoungGen: 107072K->96K(104448K)] 109040K->2064K(279552K), 0.0005167 secs] [Times: user=0.00 sys=0.00, real=0.00 secs] 
70.610: [GC (Allocation Failure) [PSYoungGen: 104032K->96K(101376K)] 106000K->2064K(276480K), 0.0005874 secs] [Times: user=0.00 sys=0.00, real=0.00 secs] 
70.669: [GC (Allocation Failure) [PSYoungGen: 100960K->64K(98816K)] 102928K->2032K(273920K), 0.0006983 secs] [Times: user=0.00 sys=0.00, real=0.00 secs] 
70.726: [GC (Allocation Failure) [PSYoungGen: 98368K->32K(118784K)] 100336K->2000K(293888K), 0.0007511 secs] [Times: user=0.00 sys=0.00, real=0.00 secs] 
70.785: [GC (Allocation Failure) [PSYoungGen: 118304K->96K(115200K)] 120272K->2064K(290304K), 0.0005730 secs] [Times: user=0.00 sys=0.00, real=0.01 secs] 
70.838: [GC (Allocation Failure) [PSYoungGen: 114784K->96K(111616K)] 116752K->2064K(286720K), 0.0005172 secs] [Times: user=0.00 sys=0.00, real=0.00 secs] 
70.892: [GC (Allocation Failure) [PSYoungGen: 111200K->96K(108544K)] 113168K->2064K(283648K), 0.0005078 secs] [Times: user=0.00 sys=0.00, real=0.00 secs] 
70.941: [GC (Allocation Failure) [PSYoungGen: 108128K->96K(105472K)] 110096K->2064K(280576K), 0.0005112 secs] [Times: user=0.00 sys=0.00, real=0.00 secs] 
70.989: [GC (Allocation Failure) [PSYoungGen: 105056K->96K(102400K)] 107024K->2064K(277504K), 0.0005051 secs] [Times: user=0.00 sys=0.00, real=0.00 secs] 
71.036: [GC (Allocation Failure) [PSYoungGen: 101984K->96K(99328K)] 103952K->2064K(274432K), 0.0005515 secs] [Times: user=0.01 sys=0.00, real=0.00 secs] 
71.081: [GC (Allocation Failure) [PSYoungGen: 98912K->64K(119296K)] 100880K->2032K(294400K), 0.0007222 secs] [Times: user=0.00 sys=0.00, real=0.00 secs] 
71.136: [GC (Allocation Failure) [PSYoungGen: 118848K->96K(143360K)] 120816K->2064K(318464K), 0.0005046 secs] [Times: user=0.01 sys=0.00, real=0.00 secs] 
71.201: [GC (Allocation Failure) [PSYoungGen: 142944K->32K(172032K)] 144912K->2000K(347136K), 0.0007196 secs] [Times: user=0.00 sys=0.00, real=0.00 secs] 
71.280: [GC (Allocation Failure) [PSYoungGen: 171552K->96K(165888K)] 173520K->2064K(340992K), 0.0005221 secs] [Times: user=0.00 sys=0.00, real=0.00 secs] 
71.356: [GC (Allocation Failure) [PSYoungGen: 165472K->96K(160256K)] 167440K->2064K(335360K), 0.0005332 secs] [Times: user=0.01 sys=0.00, real=0.00 secs] 
71.428: [GC (Allocation Failure) [PSYoungGen: 159840K->96K(154624K)] 161808K->2064K(329728K), 0.0005373 secs] [Times: user=0.00 sys=0.00, real=0.00 secs] 
71.498: [GC (Allocation Failure) [PSYoungGen: 154208K->96K(149504K)] 156176K->2064K(324608K), 0.0005176 secs] [Times: user=0.00 sys=0.00, real=0.00 secs] 
71.567: [GC (Allocation Failure) [PSYoungGen: 149088K->96K(144384K)] 151056K->2064K(319488K), 0.0005902 secs] [Times: user=0.00 sys=0.00, real=0.00 secs] 
71.633: [GC (Allocation Failure) [PSYoungGen: 143968K->96K(139776K)] 145936K->2064K(314880K), 0.0005155 secs] [Times: user=0.00 sys=0.00, real=0.00 secs] 
71.699: [GC (Allocation Failure) [PSYoungGen: 139360K->96K(135168K)] 141328K->2064K(310272K), 0.0005065 secs] [Times: user=0.00 sys=0.00, real=0.00 secs] 
71.760: [GC (Allocation Failure) [PSYoungGen: 134752K->96K(131072K)] 136720K->2064K(306176K), 0.0005545 secs] [Times: user=0.00 sys=0.00, real=0.00 secs] 
71.820: [GC (Allocation Failure) [PSYoungGen: 130656K->96K(126976K)] 132624K->2064K(302080K), 0.0005311 secs] [Times: user=0.00 sys=0.00, real=0.00 secs] 
71.877: [GC (Allocation Failure) [PSYoungGen: 126560K->96K(122880K)] 128528K->2064K(297984K), 0.0005414 secs] [Times: user=0.00 sys=0.00, real=0.00 secs] 
71.934: [GC (Allocation Failure) [PSYoungGen: 122464K->64K(119296K)] 124432K->2032K(294400K), 0.0005660 secs] [Times: user=0.00 sys=0.00, real=0.00 secs] 
71.988: [GC (Allocation Failure) [PSYoungGen: 118848K->64K(115712K)] 120816K->2032K(290816K), 0.0005698 secs] [Times: user=0.00 sys=0.00, real=0.00 secs] 
72.041: [GC (Allocation Failure) [PSYoungGen: 115264K->96K(112128K)] 117232K->2064K(287232K), 0.0005513 secs] [Times: user=0.00 sys=0.00, real=0.00 secs] 
72.092: [GC (Allocation Failure) [PSYoungGen: 111712K->96K(109056K)] 113680K->2064K(284160K), 0.0004951 secs] [Times: user=0.00 sys=0.00, real=0.00 secs] 
72.141: [GC (Allocation Failure) [PSYoungGen: 108640K->96K(105984K)] 110608K->2064K(281088K), 0.0005044 secs] [Times: user=0.00 sys=0.00, real=0.00 secs] 
72.189: [GC (Allocation Failure) [PSYoungGen: 105568K->96K(102912K)] 107536K->2064K(278016K), 0.0005498 secs] [Times: user=0.00 sys=0.00, real=0.00 secs] 
72.237: [GC (Allocation Failure) [PSYoungGen: 102496K->96K(99840K)] 104464K->2064K(274944K), 0.0005293 secs] [Times: user=0.00 sys=0.00, real=0.00 secs] 
72.282: [GC (Allocation Failure) [PSYoungGen: 99424K->96K(97280K)] 101392K->2064K(272384K), 0.0005416 secs] [Times: user=0.00 sys=0.00, real=0.00 secs] 
72.326: [GC (Allocation Failure) [PSYoungGen: 96864K->96K(94720K)] 98832K->2064K(269824K), 0.0005003 secs] [Times: user=0.00 sys=0.00, real=0.00 secs] 
72.370: [GC (Allocation Failure) [PSYoungGen: 94304K->96K(113664K)] 96272K->2064K(288768K), 0.0005254 secs] [Times: user=0.00 sys=0.00, real=0.00 secs] 
72.421: [GC (Allocation Failure) [PSYoungGen: 113248K->96K(110592K)] 115216K->2064K(285696K), 0.0005117 secs] [Times: user=0.00 sys=0.00, real=0.00 secs] 
72.472: [GC (Allocation Failure) [PSYoungGen: 110176K->64K(107520K)] 112144K->2032K(282624K), 0.0005148 secs] [Times: user=0.00 sys=0.00, real=0.00 secs] 
72.521: [GC (Allocation Failure) [PSYoungGen: 107072K->96K(129024K)] 109040K->2064K(304128K), 0.0006163 secs] [Times: user=0.00 sys=0.00, real=0.00 secs] 
72.580: [GC (Allocation Failure) [PSYoungGen: 128608K->96K(124928K)] 130576K->2064K(300032K), 0.0005177 secs] [Times: user=0.00 sys=0.00, real=0.00 secs] 
72.636: [GC (Allocation Failure) [PSYoungGen: 124512K->96K(121344K)] 126480K->2064K(296448K), 0.0005390 secs] [Times: user=0.00 sys=0.00, real=0.00 secs] 
72.694: [GC (Allocation Failure) [PSYoungGen: 120928K->96K(117760K)] 122896K->2064K(292864K), 0.0005535 secs] [Times: user=0.01 sys=0.00, real=0.01 secs] 
72.748: [GC (Allocation Failure) [PSYoungGen: 117344K->96K(114176K)] 119312K->2064K(289280K), 0.0005371 secs] [Times: user=0.00 sys=0.00, real=0.00 secs] 
72.800: [GC (Allocation Failure) [PSYoungGen: 113760K->96K(110592K)] 115728K->2064K(285696K), 0.0004975 secs] [Times: user=0.00 sys=0.00, real=0.00 secs] 
72.850: [GC (Allocation Failure) [PSYoungGen: 110176K->96K(107520K)] 112144K->2064K(282624K), 0.0005268 secs] [Times: user=0.00 sys=0.00, real=0.00 secs] 
72.899: [GC (Allocation Failure) [PSYoungGen: 107104K->96K(104448K)] 109072K->2064K(279552K), 0.0005144 secs] [Times: user=0.00 sys=0.00, real=0.00 secs] 
72.946: [GC (Allocation Failure) [PSYoungGen: 104032K->64K(101376K)] 106000K->2032K(276480K), 0.0005039 secs] [Times: user=0.00 sys=0.00, real=0.00 secs] 
72.992: [GC (Allocation Failure) [PSYoungGen: 100928K->96K(98816K)] 102896K->2064K(273920K), 0.0004961 secs] [Times: user=0.01 sys=0.00, real=0.00 secs] 
73.037: [GC (Allocation Failure) [PSYoungGen: 98400K->96K(96256K)] 100368K->2064K(271360K), 0.0004939 secs] [Times: user=0.00 sys=0.00, real=0.00 secs] 
73.081: [GC (Allocation Failure) [PSYoungGen: 95840K->96K(93696K)] 97808K->2064K(268800K), 0.0005013 secs] [Times: user=0.00 sys=0.00, real=0.00 secs] 
73.123: [GC (Allocation Failure) [PSYoungGen: 93280K->96K(91136K)] 95248K->2064K(266240K), 0.0005034 secs] [Times: user=0.00 sys=0.00, real=0.00 secs] 
73.165: [GC (Allocation Failure) [PSYoungGen: 90720K->96K(109568K)] 92688K->2064K(284672K), 0.0005051 secs] [Times: user=0.00 sys=0.00, real=0.00 secs] 
73.215: [GC (Allocation Failure) [PSYoungGen: 109152K->64K(131584K)] 111120K->2032K(306688K), 0.0005205 secs] [Times: user=0.00 sys=0.00, real=0.00 secs] 
73.274: [GC (Allocation Failure) [PSYoungGen: 131136K->64K(127488K)] 133104K->2032K(302592K), 0.0006127 secs] [Times: user=0.00 sys=0.00, real=0.01 secs] 
73.332: [GC (Allocation Failure) [PSYoungGen: 127040K->96K(153088K)] 129008K->2064K(328192K), 0.0008905 secs] [Times: user=0.00 sys=0.00, real=0.00 secs] 
73.402: [GC (Allocation Failure) [PSYoungGen: 152672K->96K(147968K)] 154640K->2064K(323072K), 0.0005255 secs] [Times: user=0.00 sys=0.00, real=0.00 secs] 
73.469: [GC (Allocation Failure) [PSYoungGen: 147552K->96K(143360K)] 149520K->2064K(318464K), 0.0005318 secs] [Times: user=0.00 sys=0.00, real=0.00 secs] 
73.534: [GC (Allocation Failure) [PSYoungGen: 142944K->96K(138752K)] 144912K->2064K(313856K), 0.0005115 secs] [Times: user=0.00 sys=0.00, real=0.00 secs] 
73.597: [GC (Allocation Failure) [PSYoungGen: 138336K->64K(134144K)] 140304K->2032K(309248K), 0.0005161 secs] [Times: user=0.00 sys=0.00, real=0.00 secs] 
73.657: [GC (Allocation Failure) [PSYoungGen: 133696K->96K(130048K)] 135664K->2064K(305152K), 0.0005356 secs] [Times: user=0.00 sys=0.00, real=0.00 secs] 
73.718: [GC (Allocation Failure) [PSYoungGen: 129632K->64K(125952K)] 131600K->2032K(301056K), 0.0005610 secs] [Times: user=0.00 sys=0.00, real=0.00 secs] 
73.776: [GC (Allocation Failure) [PSYoungGen: 125504K->96K(121856K)] 127472K->2064K(296960K), 0.0005411 secs] [Times: user=0.00 sys=0.00, real=0.00 secs] 
73.831: [GC (Allocation Failure) [PSYoungGen: 121440K->96K(118272K)] 123408K->2064K(293376K), 0.0005359 secs] [Times: user=0.00 sys=0.00, real=0.00 secs] 
73.883: [GC (Allocation Failure) [PSYoungGen: 117856K->64K(114688K)] 119824K->2032K(289792K), 0.0005558 secs] [Times: user=0.00 sys=0.00, real=0.00 secs] 
73.934: [GC (Allocation Failure) [PSYoungGen: 114240K->96K(111104K)] 116208K->2064K(286208K), 0.0005427 secs] [Times: user=0.00 sys=0.00, real=0.01 secs] 
73.983: [GC (Allocation Failure) [PSYoungGen: 110688K->96K(108032K)] 112656K->2064K(283136K), 0.0005274 secs] [Times: user=0.00 sys=0.00, real=0.00 secs] 
74.032: [GC (Allocation Failure) [PSYoungGen: 107616K->96K(104960K)] 109584K->2064K(280064K), 0.0004979 secs] [Times: user=0.00 sys=0.00, real=0.00 secs] 
74.078: [GC (Allocation Failure) [PSYoungGen: 104544K->96K(101888K)] 106512K->2064K(276992K), 0.0005283 secs] [Times: user=0.00 sys=0.00, real=0.00 secs] 
74.123: [GC (Allocation Failure) [PSYoungGen: 101472K->96K(98816K)] 103440K->2064K(273920K), 0.0005002 secs] [Times: user=0.00 sys=0.00, real=0.00 secs] 
74.177: [GC (Allocation Failure) [PSYoungGen: 98400K->32K(118784K)] 100368K->2000K(293888K), 0.0010979 secs] [Times: user=0.00 sys=0.00, real=0.00 secs] 
74.249: [GC (Allocation Failure) [PSYoungGen: 118304K->64K(142848K)] 120272K->2032K(317952K), 0.0011148 secs] [Times: user=0.00 sys=0.00, real=0.00 secs] 
74.333: [GC (Allocation Failure) [PSYoungGen: 142400K->96K(171520K)] 144368K->2064K(346624K), 0.0006133 secs] [Times: user=0.00 sys=0.00, real=0.00 secs] 
74.418: [GC (Allocation Failure) [PSYoungGen: 171104K->64K(165376K)] 173072K->2032K(340480K), 0.0005141 secs] [Times: user=0.00 sys=0.00, real=0.00 secs] 
74.493: [GC (Allocation Failure) [PSYoungGen: 164928K->96K(159744K)] 166896K->2064K(334848K), 0.0005087 secs] [Times: user=0.00 sys=0.00, real=0.00 secs] 
74.565: [GC (Allocation Failure) [PSYoungGen: 159328K->96K(154112K)] 161296K->2064K(329216K), 0.0005096 secs] [Times: user=0.00 sys=0.00, real=0.00 secs] 
74.635: [GC (Allocation Failure) [PSYoungGen: 153696K->96K(148992K)] 155664K->2064K(324096K), 0.0006105 secs] [Times: user=0.00 sys=0.00, real=0.00 secs] 
74.705: [GC (Allocation Failure) [PSYoungGen: 148576K->64K(143872K)] 150544K->2032K(318976K), 0.0005196 secs] [Times: user=0.00 sys=0.00, real=0.00 secs] 
74.770: [GC (Allocation Failure) [PSYoungGen: 143424K->96K(139264K)] 145392K->2064K(314368K), 0.0005148 secs] [Times: user=0.00 sys=0.00, real=0.00 secs] 
74.833: [GC (Allocation Failure) [PSYoungGen: 138848K->64K(134656K)] 140816K->2032K(309760K), 0.0005257 secs] [Times: user=0.00 sys=0.00, real=0.00 secs] 
74.895: [GC (Allocation Failure) [PSYoungGen: 134207K->96K(130560K)] 136175K->2064K(305664K), 0.0005145 secs] [Times: user=0.00 sys=0.00, real=0.00 secs] 
74.954: [GC (Allocation Failure) [PSYoungGen: 130144K->96K(126464K)] 132112K->2064K(301568K), 0.0005211 secs] [Times: user=0.00 sys=0.00, real=0.01 secs] 
75.012: [GC (Allocation Failure) [PSYoungGen: 126048K->96K(122368K)] 128016K->2064K(297472K), 0.0005289 secs] [Times: user=0.00 sys=0.00, real=0.00 secs] 
75.067: [GC (Allocation Failure) [PSYoungGen: 121952K->96K(118784K)] 123920K->2064K(293888K), 0.0005460 secs] [Times: user=0.00 sys=0.00, real=0.00 secs] 
75.122: [GC (Allocation Failure) [PSYoungGen: 118368K->96K(115200K)] 120336K->2064K(290304K), 0.0005098 secs] [Times: user=0.00 sys=0.00, real=0.00 secs] 
75.175: [GC (Allocation Failure) [PSYoungGen: 114784K->96K(111616K)] 116752K->2064K(286720K), 0.0006439 secs] [Times: user=0.01 sys=0.00, real=0.00 secs] 
75.231: [GC (Allocation Failure) [PSYoungGen: 111200K->96K(108544K)] 113168K->2064K(283648K), 0.0005087 secs] [Times: user=0.00 sys=0.00, real=0.00 secs] 
75.284: [GC (Allocation Failure) [PSYoungGen: 108128K->64K(105472K)] 110096K->2032K(280576K), 0.0006060 secs] [Times: user=0.00 sys=0.00, real=0.01 secs] 
75.333: [GC (Allocation Failure) [PSYoungGen: 105024K->96K(102400K)] 106992K->2064K(277504K), 0.0005273 secs] [Times: user=0.00 sys=0.00, real=0.00 secs] 
75.383: [GC (Allocation Failure) [PSYoungGen: 101984K->32K(122880K)] 103952K->2000K(297984K), 0.0007100 secs] [Times: user=0.00 sys=0.00, real=0.00 secs] 
75.444: [GC (Allocation Failure) [PSYoungGen: 122400K->96K(119296K)] 124368K->2064K(294400K), 0.0005968 secs] [Times: user=0.00 sys=0.01, real=0.01 secs] 
75.501: [GC (Allocation Failure) [PSYoungGen: 118880K->96K(115712K)] 120848K->2064K(290816K), 0.0005168 secs] [Times: user=0.00 sys=0.00, real=0.00 secs] 
75.553: [GC (Allocation Failure) [PSYoungGen: 115296K->64K(138752K)] 117264K->2032K(313856K), 0.0008508 secs] [Times: user=0.00 sys=0.00, real=0.00 secs] 
75.617: [GC (Allocation Failure) [PSYoungGen: 138304K->96K(134144K)] 140272K->2064K(309248K), 0.0005076 secs] [Times: user=0.00 sys=0.00, real=0.00 secs] 
75.677: [GC (Allocation Failure) [PSYoungGen: 133728K->96K(130048K)] 135696K->2064K(305152K), 0.0005604 secs] [Times: user=0.01 sys=0.00, real=0.00 secs] 
75.739: [GC (Allocation Failure) [PSYoungGen: 129632K->96K(125952K)] 131600K->2064K(301056K), 0.0005321 secs] [Times: user=0.00 sys=0.00, real=0.00 secs] 
75.796: [GC (Allocation Failure) [PSYoungGen: 125536K->96K(121856K)] 127504K->2064K(296960K), 0.0005231 secs] [Times: user=0.00 sys=0.00, real=0.00 secs] 
75.852: [GC (Allocation Failure) [PSYoungGen: 121440K->64K(118272K)] 123408K->2032K(293376K), 0.0004983 secs] [Times: user=0.00 sys=0.00, real=0.00 secs] 
75.905: [GC (Allocation Failure) [PSYoungGen: 117824K->96K(114688K)] 119792K->2064K(289792K), 0.0005202 secs] [Times: user=0.00 sys=0.00, real=0.00 secs] 
75.958: [GC (Allocation Failure) [PSYoungGen: 114272K->96K(111104K)] 116240K->2064K(286208K), 0.0005351 secs] [Times: user=0.01 sys=0.00, real=0.00 secs] 
76.008: [GC (Allocation Failure) [PSYoungGen: 110688K->96K(108032K)] 112656K->2064K(283136K), 0.0005529 secs] [Times: user=0.00 sys=0.00, real=0.00 secs] 
76.057: [GC (Allocation Failure) [PSYoungGen: 107616K->96K(104960K)] 109584K->2064K(280064K), 0.0004937 secs] [Times: user=0.01 sys=0.00, real=0.00 secs] 
76.104: [GC (Allocation Failure) [PSYoungGen: 104544K->96K(101888K)] 106512K->2064K(276992K), 0.0004930 secs] [Times: user=0.00 sys=0.00, real=0.00 secs] 
76.151: [GC (Allocation Failure) [PSYoungGen: 101472K->64K(98816K)] 103440K->2032K(273920K), 0.0004973 secs] [Times: user=0.00 sys=0.00, real=0.00 secs] 
76.196: [GC (Allocation Failure) [PSYoungGen: 98368K->96K(96256K)] 100336K->2064K(271360K), 0.0005396 secs] [Times: user=0.01 sys=0.00, real=0.00 secs] 
76.240: [GC (Allocation Failure) [PSYoungGen: 95840K->64K(115712K)] 97808K->2032K(290816K), 0.0005585 secs] [Times: user=0.00 sys=0.00, real=0.00 secs] 
76.292: [GC (Allocation Failure) [PSYoungGen: 115264K->96K(112128K)] 117232K->2064K(287232K), 0.0005066 secs] [Times: user=0.00 sys=0.00, real=0.00 secs] 
76.343: [GC (Allocation Failure) [PSYoungGen: 111712K->96K(109056K)] 113680K->2064K(284160K), 0.0005115 secs] [Times: user=0.00 sys=0.00, real=0.00 secs] 
76.393: [GC (Allocation Failure) [PSYoungGen: 108640K->32K(105984K)] 110608K->2000K(281088K), 0.0005231 secs] [Times: user=0.00 sys=0.00, real=0.00 secs] 
76.441: [GC (Allocation Failure) [PSYoungGen: 105504K->96K(102912K)] 107472K->2064K(278016K), 0.0005038 secs] [Times: user=0.00 sys=0.00, real=0.00 secs] 
76.487: [GC (Allocation Failure) [PSYoungGen: 102496K->96K(99840K)] 104464K->2064K(274944K), 0.0004994 secs] [Times: user=0.00 sys=0.00, real=0.00 secs] 
76.533: [GC (Allocation Failure) [PSYoungGen: 99424K->64K(119808K)] 101392K->2032K(294912K), 0.0006002 secs] [Times: user=0.00 sys=0.00, real=0.00 secs] 
76.588: [GC (Allocation Failure) [PSYoungGen: 119360K->96K(116224K)] 121328K->2064K(291328K), 0.0005213 secs] [Times: user=0.00 sys=0.00, real=0.00 secs] 
76.641: [GC (Allocation Failure) [PSYoungGen: 115808K->96K(112640K)] 117776K->2064K(287744K), 0.0005700 secs] [Times: user=0.00 sys=0.00, real=0.00 secs] 
76.693: [GC (Allocation Failure) [PSYoungGen: 112224K->96K(109568K)] 114192K->2064K(284672K), 0.0005079 secs] [Times: user=0.00 sys=0.00, real=0.00 secs] 
76.743: [GC (Allocation Failure) [PSYoungGen: 109152K->96K(106496K)] 111120K->2064K(281600K), 0.0005397 secs] [Times: user=0.00 sys=0.00, real=0.00 secs] 
76.791: [GC (Allocation Failure) [PSYoungGen: 106080K->96K(103424K)] 108048K->2064K(278528K), 0.0005115 secs] [Times: user=0.00 sys=0.00, real=0.00 secs] 
76.838: [GC (Allocation Failure) [PSYoungGen: 103008K->96K(100352K)] 104976K->2064K(275456K), 0.0005124 secs] [Times: user=0.00 sys=0.00, real=0.00 secs] 
76.884: [GC (Allocation Failure) [PSYoungGen: 99936K->96K(97792K)] 101904K->2064K(272896K), 0.0005120 secs] [Times: user=0.01 sys=0.00, real=0.01 secs] 
76.929: [GC (Allocation Failure) [PSYoungGen: 97376K->96K(95232K)] 99344K->2064K(270336K), 0.0005098 secs] [Times: user=0.00 sys=0.00, real=0.00 secs] 
76.973: [GC (Allocation Failure) [PSYoungGen: 94816K->96K(92672K)] 96784K->2064K(267776K), 0.0004982 secs] [Times: user=0.00 sys=0.00, real=0.00 secs] 
77.018: [GC (Allocation Failure) [PSYoungGen: 92256K->64K(111104K)] 94224K->2032K(286208K), 0.0005401 secs] [Times: user=0.00 sys=0.00, real=0.00 secs] 
77.070: [GC (Allocation Failure) [PSYoungGen: 110656K->64K(108032K)] 112624K->2032K(283136K), 0.0005230 secs] [Times: user=0.00 sys=0.00, real=0.00 secs] 
77.120: [GC (Allocation Failure) [PSYoungGen: 107584K->96K(104960K)] 109552K->2064K(280064K), 0.0005173 secs] [Times: user=0.00 sys=0.00, real=0.00 secs] 
77.171: [GC (Allocation Failure) [PSYoungGen: 104544K->96K(101888K)] 106512K->2064K(276992K), 0.0005476 secs] [Times: user=0.00 sys=0.00, real=0.00 secs] 
77.218: [GC (Allocation Failure) [PSYoungGen: 101472K->96K(98816K)] 103440K->2064K(273920K), 0.0005171 secs] [Times: user=0.00 sys=0.00, real=0.00 secs] 
77.263: [GC (Allocation Failure) [PSYoungGen: 98400K->96K(96256K)] 100368K->2064K(271360K), 0.0005251 secs] [Times: user=0.00 sys=0.00, real=0.00 secs] 
77.307: [GC (Allocation Failure) [PSYoungGen: 95840K->96K(115712K)] 97808K->2064K(290816K), 0.0005180 secs] [Times: user=0.00 sys=0.00, real=0.00 secs] 
77.360: [GC (Allocation Failure) [PSYoungGen: 115296K->96K(112128K)] 117264K->2064K(287232K), 0.0005601 secs] [Times: user=0.00 sys=0.00, real=0.00 secs] 
77.411: [GC (Allocation Failure) [PSYoungGen: 111712K->96K(134656K)] 113680K->2064K(309760K), 0.0005793 secs] [Times: user=0.00 sys=0.00, real=0.00 secs] 
77.472: [GC (Allocation Failure) [PSYoungGen: 134240K->96K(130560K)] 136208K->2064K(305664K), 0.0005192 secs] [Times: user=0.00 sys=0.00, real=0.00 secs] 
77.531: [GC (Allocation Failure) [PSYoungGen: 130144K->64K(126464K)] 132112K->2032K(301568K), 0.0005557 secs] [Times: user=0.00 sys=0.00, real=0.00 secs] 
77.588: [GC (Allocation Failure) [PSYoungGen: 126016K->96K(122368K)] 127984K->2064K(297472K), 0.0005227 secs] [Times: user=0.00 sys=0.00, real=0.00 secs] 
77.643: [GC (Allocation Failure) [PSYoungGen: 121952K->96K(118784K)] 123920K->2064K(293888K), 0.0005218 secs] [Times: user=0.00 sys=0.00, real=0.00 secs] 
77.697: [GC (Allocation Failure) [PSYoungGen: 118368K->64K(115200K)] 120336K->2032K(290304K), 0.0005125 secs] [Times: user=0.00 sys=0.00, real=0.00 secs] 
77.753: [GC (Allocation Failure) [PSYoungGen: 114752K->64K(111616K)] 116720K->2032K(286720K), 0.0005019 secs] [Times: user=0.00 sys=0.00, real=0.00 secs] 
77.802: [GC (Allocation Failure) [PSYoungGen: 111168K->96K(108544K)] 113136K->2064K(283648K), 0.0005111 secs] [Times: user=0.00 sys=0.00, real=0.00 secs] 
77.850: [GC (Allocation Failure) [PSYoungGen: 108128K->96K(105472K)] 110096K->2064K(280576K), 0.0004970 secs] [Times: user=0.00 sys=0.00, real=0.00 secs] 
77.899: [GC (Allocation Failure) [PSYoungGen: 105056K->96K(102400K)] 107024K->2064K(277504K), 0.0004956 secs] [Times: user=0.00 sys=0.00, real=0.00 secs] 
77.944: [GC (Allocation Failure) [PSYoungGen: 101984K->32K(99328K)] 103952K->2000K(274432K), 0.0005030 secs] [Times: user=0.01 sys=0.00, real=0.01 secs] 
77.988: [GC (Allocation Failure) [PSYoungGen: 98848K->96K(96768K)] 100816K->2064K(271872K), 0.0005233 secs] [Times: user=0.00 sys=0.00, real=0.00 secs] 
78.033: [GC (Allocation Failure) [PSYoungGen: 96352K->96K(94208K)] 98320K->2064K(269312K), 0.0005004 secs] [Times: user=0.01 sys=0.00, real=0.00 secs] 
78.075: [GC (Allocation Failure) [PSYoungGen: 93792K->96K(91648K)] 95760K->2064K(266752K), 0.0004903 secs] [Times: user=0.00 sys=0.00, real=0.00 secs] 
78.116: [GC (Allocation Failure) [PSYoungGen: 91232K->64K(110080K)] 93200K->2032K(285184K), 0.0005278 secs] [Times: user=0.00 sys=0.00, real=0.00 secs] 
78.164: [GC (Allocation Failure) [PSYoungGen: 109632K->96K(132096K)] 111600K->2064K(307200K), 0.0005085 secs] [Times: user=0.00 sys=0.00, real=0.00 secs] 
78.224: [GC (Allocation Failure) [PSYoungGen: 131680K->96K(128000K)] 133648K->2064K(303104K), 0.0005034 secs] [Times: user=0.00 sys=0.00, real=0.00 secs] 
78.281: [GC (Allocation Failure) [PSYoungGen: 127584K->96K(123904K)] 129552K->2064K(299008K), 0.0005189 secs] [Times: user=0.00 sys=0.00, real=0.00 secs] 
78.336: [GC (Allocation Failure) [PSYoungGen: 123488K->64K(120320K)] 125456K->2032K(295424K), 0.0005012 secs] [Times: user=0.00 sys=0.00, real=0.00 secs] 
78.389: [GC (Allocation Failure) [PSYoungGen: 119872K->96K(116736K)] 121840K->2064K(291840K), 0.0005041 secs] [Times: user=0.00 sys=0.00, real=0.00 secs] 
78.441: [GC (Allocation Failure) [PSYoungGen: 116320K->96K(113152K)] 118288K->2064K(288256K), 0.0005048 secs] [Times: user=0.00 sys=0.00, real=0.00 secs] 
78.491: [GC (Allocation Failure) [PSYoungGen: 112736K->96K(110080K)] 114704K->2064K(285184K), 0.0004960 secs] [Times: user=0.01 sys=0.00, real=0.00 secs] 
78.540: [GC (Allocation Failure) [PSYoungGen: 109664K->96K(107008K)] 111632K->2064K(282112K), 0.0005465 secs] [Times: user=0.00 sys=0.00, real=0.00 secs] 
78.587: [GC (Allocation Failure) [PSYoungGen: 106592K->96K(103936K)] 108560K->2064K(279040K), 0.0004960 secs] [Times: user=0.00 sys=0.00, real=0.00 secs] 
78.633: [GC (Allocation Failure) [PSYoungGen: 103520K->96K(100864K)] 105488K->2064K(275968K), 0.0005139 secs] [Times: user=0.00 sys=0.00, real=0.00 secs] 
78.678: [GC (Allocation Failure) [PSYoungGen: 100448K->96K(98304K)] 102416K->2064K(273408K), 0.0005491 secs] [Times: user=0.00 sys=0.00, real=0.00 secs] 
78.725: [GC (Allocation Failure) [PSYoungGen: 97888K->96K(95744K)] 99856K->2064K(270848K), 0.0004987 secs] [Times: user=0.00 sys=0.00, real=0.00 secs] 
78.767: [GC (Allocation Failure) [PSYoungGen: 95328K->64K(93184K)] 97296K->2032K(268288K), 0.0004851 secs] [Times: user=0.00 sys=0.00, real=0.00 secs] 
78.809: [GC (Allocation Failure) [PSYoungGen: 92736K->96K(112128K)] 94704K->2064K(287232K), 0.0005102 secs] [Times: user=0.00 sys=0.00, real=0.00 secs] 
78.860: [GC (Allocation Failure) [PSYoungGen: 111712K->96K(134656K)] 113680K->2064K(309760K), 0.0009825 secs] [Times: user=0.01 sys=0.00, real=0.00 secs] 
78.920: [GC (Allocation Failure) [PSYoungGen: 134240K->96K(161792K)] 136208K->2064K(336896K), 0.0005153 secs] [Times: user=0.00 sys=0.00, real=0.00 secs] 
78.993: [GC (Allocation Failure) [PSYoungGen: 161376K->96K(156160K)] 163344K->2064K(331264K), 0.0005438 secs] [Times: user=0.00 sys=0.00, real=0.00 secs] 
79.063: [GC (Allocation Failure) [PSYoungGen: 155743K->96K(151040K)] 157711K->2064K(326144K), 0.0005248 secs] [Times: user=0.00 sys=0.00, real=0.00 secs] 
79.129: [GC (Allocation Failure) [PSYoungGen: 150624K->96K(145920K)] 152592K->2064K(321024K), 0.0004952 secs] [Times: user=0.01 sys=0.00, real=0.00 secs] 
79.194: [GC (Allocation Failure) [PSYoungGen: 145504K->64K(141312K)] 147472K->2032K(316416K), 0.0004960 secs] [Times: user=0.00 sys=0.00, real=0.00 secs] 
79.256: [GC (Allocation Failure) [PSYoungGen: 140864K->96K(136704K)] 142832K->2064K(311808K), 0.0005109 secs] [Times: user=0.00 sys=0.00, real=0.00 secs] 
79.316: [GC (Allocation Failure) [PSYoungGen: 136288K->96K(132608K)] 138256K->2064K(307712K), 0.0005192 secs] [Times: user=0.00 sys=0.00, real=0.00 secs] 
79.375: [GC (Allocation Failure) [PSYoungGen: 132192K->96K(128512K)] 134160K->2064K(303616K), 0.0005001 secs] [Times: user=0.00 sys=0.00, real=0.00 secs] 
79.431: [GC (Allocation Failure) [PSYoungGen: 128096K->96K(124416K)] 130064K->2064K(299520K), 0.0004939 secs] [Times: user=0.00 sys=0.00, real=0.00 secs] 
79.485: [GC (Allocation Failure) [PSYoungGen: 124000K->64K(120832K)] 125968K->2032K(295936K), 0.0005464 secs] [Times: user=0.00 sys=0.00, real=0.00 secs] 
79.539: [GC (Allocation Failure) [PSYoungGen: 120384K->96K(117248K)] 122352K->2064K(292352K), 0.0005000 secs] [Times: user=0.00 sys=0.00, real=0.00 secs] 
79.591: [GC (Allocation Failure) [PSYoungGen: 116832K->96K(113664K)] 118800K->2064K(288768K), 0.0004878 secs] [Times: user=0.00 sys=0.00, real=0.00 secs] 
79.640: [GC (Allocation Failure) [PSYoungGen: 113248K->96K(110592K)] 115216K->2064K(285696K), 0.0005014 secs] [Times: user=0.00 sys=0.00, real=0.00 secs] 
79.689: [GC (Allocation Failure) [PSYoungGen: 110176K->96K(107520K)] 112144K->2064K(282624K), 0.0005682 secs] [Times: user=0.00 sys=0.00, real=0.00 secs] 
79.739: [GC (Allocation Failure) [PSYoungGen: 107104K->96K(104448K)] 109072K->2064K(279552K), 0.0005017 secs] [Times: user=0.00 sys=0.00, real=0.00 secs] 
79.785: [GC (Allocation Failure) [PSYoungGen: 104031K->96K(101376K)] 105999K->2064K(276480K), 0.0005043 secs] [Times: user=0.01 sys=0.00, real=0.00 secs] 
79.831: [GC (Allocation Failure) [PSYoungGen: 100960K->96K(98816K)] 102928K->2064K(273920K), 0.0004981 secs] [Times: user=0.00 sys=0.00, real=0.00 secs] 
79.874: [GC (Allocation Failure) [PSYoungGen: 98400K->96K(96256K)] 100368K->2064K(271360K), 0.0004894 secs] [Times: user=0.00 sys=0.00, real=0.01 secs] 
79.916: [GC (Allocation Failure) [PSYoungGen: 95840K->64K(93696K)] 97808K->2032K(268800K), 0.0005073 secs] [Times: user=0.00 sys=0.00, real=0.00 secs] 
79.957: [GC (Allocation Failure) [PSYoungGen: 93248K->96K(112640K)] 95216K->2064K(287744K), 0.0004909 secs] [Times: user=0.00 sys=0.00, real=0.00 secs] 
80.007: [GC (Allocation Failure) [PSYoungGen: 112224K->96K(109568K)] 114192K->2064K(284672K), 0.0004977 secs] [Times: user=0.00 sys=0.00, real=0.00 secs] 
80.057: [GC (Allocation Failure) [PSYoungGen: 109152K->96K(106496K)] 111120K->2064K(281600K), 0.0005399 secs] [Times: user=0.00 sys=0.00, real=0.00 secs] 
80.104: [GC (Allocation Failure) [PSYoungGen: 106080K->96K(103424K)] 108048K->2064K(278528K), 0.0004854 secs] [Times: user=0.00 sys=0.00, real=0.00 secs] 
80.149: [GC (Allocation Failure) [PSYoungGen: 103008K->96K(100352K)] 104976K->2064K(275456K), 0.0004830 secs] [Times: user=0.00 sys=0.00, real=0.00 secs] 
80.194: [GC (Allocation Failure) [PSYoungGen: 99936K->64K(97792K)] 101904K->2032K(272896K), 0.0005120 secs] [Times: user=0.00 sys=0.00, real=0.00 secs] 
80.237: [GC (Allocation Failure) [PSYoungGen: 97344K->96K(117248K)] 99312K->2064K(292352K), 0.0005285 secs] [Times: user=0.00 sys=0.00, real=0.00 secs] 
80.289: [GC (Allocation Failure) [PSYoungGen: 116832K->96K(113664K)] 118800K->2064K(288768K), 0.0004909 secs] [Times: user=0.00 sys=0.00, real=0.00 secs] 
80.339: [GC (Allocation Failure) [PSYoungGen: 113248K->96K(110592K)] 115216K->2088K(285696K), 0.0005219 secs] [Times: user=0.00 sys=0.00, real=0.00 secs] 
80.387: [GC (Allocation Failure) [PSYoungGen: 110176K->64K(107520K)] 112168K->2056K(282624K), 0.0005030 secs] [Times: user=0.00 sys=0.00, real=0.00 secs] 
80.435: [GC (Allocation Failure) [PSYoungGen: 107072K->96K(104448K)] 109064K->2088K(279552K), 0.0005511 secs] [Times: user=0.00 sys=0.00, real=0.00 secs] 
80.482: [GC (Allocation Failure) [PSYoungGen: 104032K->96K(101376K)] 106024K->2088K(276480K), 0.0005088 secs] [Times: user=0.00 sys=0.00, real=0.00 secs] 
80.527: [GC (Allocation Failure) [PSYoungGen: 100960K->64K(121856K)] 102952K->2056K(296960K), 0.0010167 secs] [Times: user=0.01 sys=0.00, real=0.00 secs] 
80.583: [GC (Allocation Failure) [PSYoungGen: 121408K->96K(146432K)] 123400K->2088K(321536K), 0.0004855 secs] [Times: user=0.00 sys=0.00, real=0.00 secs] 
80.647: [GC (Allocation Failure) [PSYoungGen: 146016K->96K(175616K)] 148008K->2088K(350720K), 0.0005023 secs] [Times: user=0.00 sys=0.00, real=0.00 secs] 
80.726: [GC (Allocation Failure) [PSYoungGen: 175200K->96K(169472K)] 177192K->2088K(344576K), 0.0005288 secs] [Times: user=0.00 sys=0.00, real=0.00 secs] 
80.801: [GC (Allocation Failure) [PSYoungGen: 169056K->96K(163840K)] 171048K->2088K(338944K), 0.0005051 secs] [Times: user=0.00 sys=0.00, real=0.00 secs] 
80.873: [GC (Allocation Failure) [PSYoungGen: 163424K->64K(158208K)] 165416K->2056K(333312K), 0.0005108 secs] [Times: user=0.00 sys=0.00, real=0.00 secs] 
80.945: [GC (Allocation Failure) [PSYoungGen: 157760K->96K(153088K)] 159752K->2088K(328192K), 0.0005450 secs] [Times: user=0.00 sys=0.00, real=0.00 secs] 
81.014: [GC (Allocation Failure) [PSYoungGen: 152672K->96K(147968K)] 154664K->2088K(323072K), 0.0005176 secs] [Times: user=0.00 sys=0.00, real=0.00 secs] 
81.080: [GC (Allocation Failure) [PSYoungGen: 147552K->96K(143360K)] 149544K->2088K(318464K), 0.0005062 secs] [Times: user=0.00 sys=0.00, real=0.00 secs] 
81.144: [GC (Allocation Failure) [PSYoungGen: 142944K->64K(138752K)] 144936K->2056K(313856K), 0.0005235 secs] [Times: user=0.00 sys=0.00, real=0.00 secs] 
81.207: [GC (Allocation Failure) [PSYoungGen: 138304K->96K(134144K)] 140296K->2088K(309248K), 0.0005104 secs] [Times: user=0.00 sys=0.00, real=0.00 secs] 
81.268: [GC (Allocation Failure) [PSYoungGen: 133728K->96K(130048K)] 135720K->2088K(305152K), 0.0005530 secs] [Times: user=0.00 sys=0.00, real=0.00 secs] 
81.327: [GC (Allocation Failure) [PSYoungGen: 129632K->96K(125952K)] 131624K->2088K(301056K), 0.0005512 secs] [Times: user=0.00 sys=0.00, real=0.00 secs] 
81.383: [GC (Allocation Failure) [PSYoungGen: 125536K->96K(121856K)] 127528K->2088K(296960K), 0.0005237 secs] [Times: user=0.00 sys=0.00, real=0.00 secs] 
81.439: [GC (Allocation Failure) [PSYoungGen: 121440K->0K(118272K)] 123432K->1992K(293376K), 0.0005159 secs] [Times: user=0.00 sys=0.00, real=0.00 secs] 
81.492: [GC (Allocation Failure) [PSYoungGen: 117760K->96K(114688K)] 119752K->2088K(289792K), 0.0005092 secs] [Times: user=0.00 sys=0.00, real=0.00 secs] 
81.545: [GC (Allocation Failure) [PSYoungGen: 114272K->96K(111104K)] 116264K->2088K(286208K), 0.0008083 secs] [Times: user=0.00 sys=0.00, real=0.00 secs] 
81.596: [GC (Allocation Failure) [PSYoungGen: 110688K->96K(108032K)] 112680K->2088K(283136K), 0.0005607 secs] [Times: user=0.00 sys=0.00, real=0.00 secs] 
81.645: [GC (Allocation Failure) [PSYoungGen: 107616K->64K(104960K)] 109608K->2056K(280064K), 0.0005121 secs] [Times: user=0.00 sys=0.00, real=0.00 secs] 
81.693: [GC (Allocation Failure) [PSYoungGen: 104512K->96K(125952K)] 106504K->2088K(301056K), 0.0006260 secs] [Times: user=0.00 sys=0.00, real=0.00 secs] 
81.751: [GC (Allocation Failure) [PSYoungGen: 125536K->96K(121856K)] 127528K->2088K(296960K), 0.0005110 secs] [Times: user=0.00 sys=0.00, real=0.00 secs] 
81.806: [GC (Allocation Failure) [PSYoungGen: 121440K->96K(118272K)] 123432K->2088K(293376K), 0.0005058 secs] [Times: user=0.00 sys=0.00, real=0.00 secs] 
81.859: [GC (Allocation Failure) [PSYoungGen: 117856K->64K(114688K)] 119848K->2056K(289792K), 0.0005142 secs] [Times: user=0.00 sys=0.00, real=0.00 secs] 
81.911: [GC (Allocation Failure) [PSYoungGen: 114240K->96K(111104K)] 116232K->2088K(286208K), 0.0005170 secs] [Times: user=0.01 sys=0.00, real=0.00 secs] 
81.961: [GC (Allocation Failure) [PSYoungGen: 110688K->96K(108032K)] 112680K->2088K(283136K), 0.0005023 secs] [Times: user=0.00 sys=0.00, real=0.00 secs] 
82.010: [GC (Allocation Failure) [PSYoungGen: 107616K->96K(104960K)] 109608K->2088K(280064K), 0.0005391 secs] [Times: user=0.01 sys=0.00, real=0.00 secs] 
82.057: [GC (Allocation Failure) [PSYoungGen: 104544K->96K(101888K)] 106536K->2088K(276992K), 0.0004969 secs] [Times: user=0.00 sys=0.00, real=0.00 secs] 
82.103: [GC (Allocation Failure) [PSYoungGen: 101472K->96K(98816K)] 103464K->2088K(273920K), 0.0005501 secs] [Times: user=0.00 sys=0.00, real=0.00 secs] 
82.147: [GC (Allocation Failure) [PSYoungGen: 98400K->64K(118784K)] 100392K->2056K(293888K), 0.0005574 secs] [Times: user=0.00 sys=0.00, real=0.00 secs] 
82.201: [GC (Allocation Failure) [PSYoungGen: 118336K->96K(115200K)] 120328K->2088K(290304K), 0.0004943 secs] [Times: user=0.00 sys=0.00, real=0.00 secs] 
82.253: [GC (Allocation Failure) [PSYoungGen: 114784K->96K(111616K)] 116776K->2088K(286720K), 0.0005634 secs] [Times: user=0.00 sys=0.00, real=0.00 secs] 
82.303: [GC (Allocation Failure) [PSYoungGen: 111200K->64K(134144K)] 113192K->2056K(309248K), 0.0007279 secs] [Times: user=0.00 sys=0.00, real=0.00 secs] 
82.364: [GC (Allocation Failure) [PSYoungGen: 133696K->96K(130048K)] 135688K->2088K(305152K), 0.0005123 secs] [Times: user=0.00 sys=0.00, real=0.01 secs] 
82.422: [GC (Allocation Failure) [PSYoungGen: 129632K->96K(125952K)] 131624K->2088K(301056K), 0.0005019 secs] [Times: user=0.00 sys=0.00, real=0.00 secs] 
82.480: [GC (Allocation Failure) [PSYoungGen: 125536K->96K(121856K)] 127528K->2088K(296960K), 0.0006158 secs] [Times: user=0.00 sys=0.00, real=0.00 secs] 
82.541: [GC (Allocation Failure) [PSYoungGen: 121440K->96K(118272K)] 123432K->2088K(293376K), 0.0005041 secs] [Times: user=0.00 sys=0.00, real=0.00 secs] 
82.597: [GC (Allocation Failure) [PSYoungGen: 117856K->96K(114688K)] 119848K->2088K(289792K), 0.0005238 secs] [Times: user=0.00 sys=0.00, real=0.00 secs] 
82.654: [GC (Allocation Failure) [PSYoungGen: 114272K->96K(111104K)] 116264K->2088K(286208K), 0.0005515 secs] [Times: user=0.00 sys=0.00, real=0.00 secs] 
82.708: [GC (Allocation Failure) [PSYoungGen: 110688K->64K(108032K)] 112680K->2056K(283136K), 0.0007098 secs] [Times: user=0.00 sys=0.00, real=0.00 secs] 
82.762: [GC (Allocation Failure) [PSYoungGen: 107584K->64K(129536K)] 109576K->2056K(304640K), 0.0013044 secs] [Times: user=0.00 sys=0.00, real=0.00 secs] 
82.826: [GC (Allocation Failure) [PSYoungGen: 129088K->64K(155648K)] 131080K->2056K(330752K), 0.0012598 secs] [Times: user=0.00 sys=0.00, real=0.00 secs] 
82.903: [GC (Allocation Failure) [PSYoungGen: 155200K->64K(186880K)] 157192K->2056K(361984K), 0.0009943 secs] [Times: user=0.00 sys=0.00, real=0.00 secs] 
82.995: [GC (Allocation Failure) [PSYoungGen: 186432K->64K(224256K)] 188424K->2056K(399360K), 0.0006099 secs] [Times: user=0.00 sys=0.00, real=0.00 secs] 
83.100: [GC (Allocation Failure) [PSYoungGen: 223808K->64K(269312K)] 225800K->2056K(444416K), 0.0005728 secs] [Times: user=0.00 sys=0.00, real=0.00 secs] 
83.226: [GC (Allocation Failure) [PSYoungGen: 268864K->96K(258560K)] 270856K->2088K(433664K), 0.0005474 secs] [Times: user=0.00 sys=0.00, real=0.00 secs] 
83.348: [GC (Allocation Failure) [PSYoungGen: 258144K->96K(248320K)] 260136K->2088K(423424K), 0.0005184 secs] [Times: user=0.00 sys=0.00, real=0.00 secs] 
83.462: [GC (Allocation Failure) [PSYoungGen: 247904K->96K(238592K)] 249896K->2088K(413696K), 0.0005605 secs] [Times: user=0.00 sys=0.00, real=0.00 secs] 
83.572: [GC (Allocation Failure) [PSYoungGen: 238176K->96K(229376K)] 240168K->2088K(404480K), 0.0005097 secs] [Times: user=0.00 sys=0.00, real=0.00 secs] 
83.705: [GC (Allocation Failure) [PSYoungGen: 228960K->96K(220672K)] 230952K->2088K(395776K), 0.0006893 secs] [Times: user=0.00 sys=0.00, real=0.00 secs] 
83.840: [GC (Allocation Failure) [PSYoungGen: 220256K->64K(212480K)] 222248K->2056K(387584K), 0.0005732 secs] [Times: user=0.00 sys=0.00, real=0.00 secs] 
83.969: [GC (Allocation Failure) [PSYoungGen: 212032K->96K(204800K)] 214024K->2088K(379904K), 0.0005369 secs] [Times: user=0.01 sys=0.00, real=0.00 secs] 
84.066: [GC (Allocation Failure) [PSYoungGen: 204384K->96K(197120K)] 206376K->2088K(372224K), 0.0005471 secs] [Times: user=0.00 sys=0.00, real=0.00 secs] 
84.158: [GC (Allocation Failure) [PSYoungGen: 196704K->96K(189952K)] 198696K->2088K(365056K), 0.0009902 secs] [Times: user=0.00 sys=0.00, real=0.00 secs] 
84.247: [GC (Allocation Failure) [PSYoungGen: 189536K->96K(183296K)] 191528K->2088K(358400K), 0.0005314 secs] [Times: user=0.00 sys=0.00, real=0.00 secs] 
84.333: [GC (Allocation Failure) [PSYoungGen: 182880K->96K(176640K)] 184872K->2088K(351744K), 0.0005381 secs] [Times: user=0.00 sys=0.00, real=0.00 secs] 
84.416: [GC (Allocation Failure) [PSYoungGen: 176224K->96K(170496K)] 178216K->2088K(345600K), 0.0005641 secs] [Times: user=0.00 sys=0.00, real=0.00 secs] 
84.496: [GC (Allocation Failure) [PSYoungGen: 170080K->96K(164864K)] 172072K->2088K(339968K), 0.0005350 secs] [Times: user=0.00 sys=0.00, real=0.00 secs] 
84.573: [GC (Allocation Failure) [PSYoungGen: 164448K->96K(159232K)] 166440K->2088K(334336K), 0.0005314 secs] [Times: user=0.00 sys=0.00, real=0.00 secs] 
84.649: [GC (Allocation Failure) [PSYoungGen: 158816K->96K(154112K)] 160808K->2088K(329216K), 0.0005421 secs] [Times: user=0.00 sys=0.00, real=0.00 secs] 
84.725: [GC (Allocation Failure) [PSYoungGen: 153696K->96K(148992K)] 155688K->2088K(324096K), 0.0005161 secs] [Times: user=0.00 sys=0.00, real=0.00 secs] 
84.795: [GC (Allocation Failure) [PSYoungGen: 148576K->96K(143872K)] 150568K->2088K(318976K), 0.0005274 secs] [Times: user=0.00 sys=0.00, real=0.00 secs] 
84.863: [GC (Allocation Failure) [PSYoungGen: 143456K->96K(139264K)] 145448K->2088K(314368K), 0.0005390 secs] [Times: user=0.00 sys=0.00, real=0.00 secs] 
84.928: [GC (Allocation Failure) [PSYoungGen: 138848K->96K(134656K)] 140840K->2088K(309760K), 0.0005290 secs] [Times: user=0.00 sys=0.00, real=0.00 secs] 
84.990: [GC (Allocation Failure) [PSYoungGen: 134240K->64K(130560K)] 136232K->2056K(305664K), 0.0006428 secs] [Times: user=0.01 sys=0.00, real=0.00 secs] 
85.054: [GC (Allocation Failure) [PSYoungGen: 130112K->64K(126464K)] 132104K->2056K(301568K), 0.0006025 secs] [Times: user=0.00 sys=0.00, real=0.00 secs] 
85.114: [GC (Allocation Failure) [PSYoungGen: 126016K->96K(122368K)] 128008K->2088K(297472K), 0.0005271 secs] [Times: user=0.00 sys=0.00, real=0.00 secs] 
85.172: [GC (Allocation Failure) [PSYoungGen: 121952K->96K(118784K)] 123944K->2088K(293888K), 0.0005229 secs] [Times: user=0.00 sys=0.00, real=0.00 secs] 
85.228: [GC (Allocation Failure) [PSYoungGen: 118368K->96K(115200K)] 120360K->2088K(290304K), 0.0005541 secs] [Times: user=0.00 sys=0.00, real=0.00 secs] 
85.282: [GC (Allocation Failure) [PSYoungGen: 114784K->96K(111616K)] 116776K->2088K(286720K), 0.0005902 secs] [Times: user=0.00 sys=0.00, real=0.00 secs] 
85.334: [GC (Allocation Failure) [PSYoungGen: 111200K->96K(108544K)] 113192K->2088K(283648K), 0.0005378 secs] [Times: user=0.00 sys=0.00, real=0.00 secs] 
85.385: [GC (Allocation Failure) [PSYoungGen: 108128K->96K(105472K)] 110120K->2088K(280576K), 0.0005343 secs] [Times: user=0.00 sys=0.00, real=0.00 secs] 
85.434: [GC (Allocation Failure) [PSYoungGen: 105056K->96K(102400K)] 107048K->2088K(277504K), 0.0005323 secs] [Times: user=0.00 sys=0.00, real=0.00 secs] 
85.482: [GC (Allocation Failure) [PSYoungGen: 101984K->96K(99328K)] 103976K->2088K(274432K), 0.0005573 secs] [Times: user=0.00 sys=0.00, real=0.01 secs] 
85.538: [GC (Allocation Failure) [PSYoungGen: 98912K->96K(96768K)] 100904K->2088K(271872K), 0.0038617 secs] [Times: user=0.00 sys=0.01, real=0.00 secs] 
85.588: [GC (Allocation Failure) [PSYoungGen: 96352K->96K(94208K)] 98344K->2088K(269312K), 0.0005266 secs] [Times: user=0.01 sys=0.00, real=0.00 secs] 
85.632: [GC (Allocation Failure) [PSYoungGen: 93792K->96K(91648K)] 95784K->2088K(266752K), 0.0005251 secs] [Times: user=0.00 sys=0.00, real=0.00 secs] 
85.675: [GC (Allocation Failure) [PSYoungGen: 91232K->96K(110080K)] 93224K->2088K(285184K), 0.0005347 secs] [Times: user=0.00 sys=0.00, real=0.00 secs] 
85.728: [GC (Allocation Failure) [PSYoungGen: 109663K->96K(107008K)] 111655K->2088K(282112K), 0.0005321 secs] [Times: user=0.00 sys=0.00, real=0.00 secs] 
85.779: [GC (Allocation Failure) [PSYoungGen: 106592K->96K(103936K)] 108584K->2088K(279040K), 0.0005403 secs] [Times: user=0.00 sys=0.00, real=0.00 secs] 
85.827: [GC (Allocation Failure) [PSYoungGen: 103520K->64K(100864K)] 105512K->2056K(275968K), 0.0005484 secs] [Times: user=0.01 sys=0.00, real=0.00 secs] 
85.874: [GC (Allocation Failure) [PSYoungGen: 100416K->64K(98304K)] 102408K->2056K(273408K), 0.0005369 secs] [Times: user=0.00 sys=0.00, real=0.00 secs] 
85.920: [GC (Allocation Failure) [PSYoungGen: 97856K->96K(118272K)] 99848K->2088K(293376K), 0.0005391 secs] [Times: user=0.00 sys=0.00, real=0.00 secs] 
85.975: [GC (Allocation Failure) [PSYoungGen: 117856K->96K(114688K)] 119848K->2088K(289792K), 0.0005219 secs] [Times: user=0.00 sys=0.00, real=0.00 secs] 
86.028: [GC (Allocation Failure) [PSYoungGen: 114272K->96K(111104K)] 116264K->2088K(286208K), 0.0005880 secs] [Times: user=0.00 sys=0.00, real=0.00 secs] 
86.078: [GC (Allocation Failure) [PSYoungGen: 110688K->96K(108032K)] 112680K->2088K(283136K), 0.0005134 secs] [Times: user=0.00 sys=0.00, real=0.00 secs] 
86.127: [GC (Allocation Failure) [PSYoungGen: 107616K->96K(104960K)] 109608K->2088K(280064K), 0.0005110 secs] [Times: user=0.00 sys=0.00, real=0.00 secs] 
86.175: [GC (Allocation Failure) [PSYoungGen: 104544K->96K(101888K)] 106536K->2088K(276992K), 0.0005313 secs] [Times: user=0.00 sys=0.00, real=0.00 secs] 
86.221: [GC (Allocation Failure) [PSYoungGen: 101472K->96K(98816K)] 103464K->2088K(273920K), 0.0005194 secs] [Times: user=0.00 sys=0.00, real=0.00 secs] 
86.266: [GC (Allocation Failure) [PSYoungGen: 98400K->96K(96256K)] 100392K->2088K(271360K), 0.0005107 secs] [Times: user=0.00 sys=0.00, real=0.00 secs] 
86.310: [GC (Allocation Failure) [PSYoungGen: 95840K->96K(115712K)] 97832K->2088K(290816K), 0.0005208 secs] [Times: user=0.00 sys=0.00, real=0.00 secs] 
86.362: [GC (Allocation Failure) [PSYoungGen: 115296K->96K(112128K)] 117288K->2088K(287232K), 0.0005144 secs] [Times: user=0.00 sys=0.00, real=0.00 secs] 
86.413: [GC (Allocation Failure) [PSYoungGen: 111712K->64K(109056K)] 113704K->2056K(284160K), 0.0005445 secs] [Times: user=0.00 sys=0.00, real=0.00 secs] 
86.462: [GC (Allocation Failure) [PSYoungGen: 108608K->96K(105984K)] 110600K->2088K(281088K), 0.0005170 secs] [Times: user=0.00 sys=0.00, real=0.00 secs] 
86.510: [GC (Allocation Failure) [PSYoungGen: 105568K->96K(102912K)] 107560K->2088K(278016K), 0.0005211 secs] [Times: user=0.00 sys=0.00, real=0.00 secs] 
86.559: [GC (Allocation Failure) [PSYoungGen: 102496K->64K(99840K)] 104488K->2056K(274944K), 0.0005407 secs] [Times: user=0.00 sys=0.00, real=0.00 secs] 
86.604: [GC (Allocation Failure) [PSYoungGen: 99392K->96K(97280K)] 101384K->2088K(272384K), 0.0005149 secs] [Times: user=0.01 sys=0.00, real=0.00 secs] 
86.648: [GC (Allocation Failure) [PSYoungGen: 96864K->64K(116736K)] 98856K->2056K(291840K), 0.0005560 secs] [Times: user=0.00 sys=0.00, real=0.00 secs] 
86.704: [GC (Allocation Failure) [PSYoungGen: 116288K->64K(113152K)] 118280K->2056K(288256K), 0.0005116 secs] [Times: user=0.00 sys=0.00, real=0.01 secs] 
86.756: [GC (Allocation Failure) [PSYoungGen: 112704K->64K(135680K)] 114696K->2056K(310784K), 0.0007318 secs] [Times: user=0.00 sys=0.00, real=0.00 secs] 
86.818: [GC (Allocation Failure) [PSYoungGen: 135232K->64K(131584K)] 137224K->2056K(306688K), 0.0005486 secs] [Times: user=0.00 sys=0.00, real=0.00 secs] 
86.878: [GC (Allocation Failure) [PSYoungGen: 131136K->96K(127488K)] 133128K->2088K(302592K), 0.0005576 secs] [Times: user=0.00 sys=0.00, real=0.00 secs] 
86.935: [GC (Allocation Failure) [PSYoungGen: 127072K->96K(123392K)] 129064K->2088K(298496K), 0.0005115 secs] [Times: user=0.00 sys=0.00, real=0.00 secs] 
86.991: [GC (Allocation Failure) [PSYoungGen: 122976K->96K(119808K)] 124968K->2088K(294912K), 0.0005756 secs] [Times: user=0.00 sys=0.00, real=0.00 secs] 
87.046: [GC (Allocation Failure) [PSYoungGen: 119392K->64K(116224K)] 121384K->2056K(291328K), 0.0005436 secs] [Times: user=0.00 sys=0.00, real=0.00 secs] 
87.099: [GC (Allocation Failure) [PSYoungGen: 115776K->96K(112640K)] 117768K->2088K(287744K), 0.0005220 secs] [Times: user=0.00 sys=0.00, real=0.00 secs] 
87.150: [GC (Allocation Failure) [PSYoungGen: 112224K->96K(109568K)] 114216K->2088K(284672K), 0.0005301 secs] [Times: user=0.00 sys=0.00, real=0.00 secs] 
87.200: [GC (Allocation Failure) [PSYoungGen: 109152K->96K(106496K)] 111144K->2088K(281600K), 0.0005378 secs] [Times: user=0.00 sys=0.00, real=0.00 secs] 
87.248: [GC (Allocation Failure) [PSYoungGen: 106080K->96K(103424K)] 108072K->2088K(278528K), 0.0006285 secs] [Times: user=0.00 sys=0.00, real=0.00 secs] 
87.296: [GC (Allocation Failure) [PSYoungGen: 103008K->96K(100352K)] 105000K->2088K(275456K), 0.0005080 secs] [Times: user=0.00 sys=0.00, real=0.00 secs] 
87.341: [GC (Allocation Failure) [PSYoungGen: 99936K->96K(120320K)] 101928K->2088K(295424K), 0.0005647 secs] [Times: user=0.01 sys=0.00, real=0.00 secs] 
87.396: [GC (Allocation Failure) [PSYoungGen: 119904K->96K(116736K)] 121896K->2088K(291840K), 0.0005516 secs] [Times: user=0.00 sys=0.00, real=0.00 secs] 
87.449: [GC (Allocation Failure) [PSYoungGen: 116320K->96K(113152K)] 118312K->2088K(288256K), 0.0005216 secs] [Times: user=0.00 sys=0.00, real=0.00 secs] 
87.500: [GC (Allocation Failure) [PSYoungGen: 112736K->96K(110080K)] 114728K->2088K(285184K), 0.0005184 secs] [Times: user=0.00 sys=0.00, real=0.00 secs] 
87.550: [GC (Allocation Failure) [PSYoungGen: 109664K->96K(107008K)] 111656K->2088K(282112K), 0.0005328 secs] [Times: user=0.01 sys=0.00, real=0.00 secs] 
87.599: [GC (Allocation Failure) [PSYoungGen: 106592K->96K(103936K)] 108584K->2088K(279040K), 0.0005388 secs] [Times: user=0.00 sys=0.00, real=0.00 secs] 
87.646: [GC (Allocation Failure) [PSYoungGen: 103520K->96K(100864K)] 105512K->2088K(275968K), 0.0005347 secs] [Times: user=0.00 sys=0.00, real=0.00 secs] 
87.693: [GC (Allocation Failure) [PSYoungGen: 100448K->96K(98304K)] 102440K->2088K(273408K), 0.0005223 secs] [Times: user=0.00 sys=0.00, real=0.00 secs] 
87.740: [GC (Allocation Failure) [PSYoungGen: 97888K->64K(95744K)] 99880K->2056K(270848K), 0.0005559 secs] [Times: user=0.00 sys=0.00, real=0.00 secs] 
87.783: [GC (Allocation Failure) [PSYoungGen: 95296K->96K(115200K)] 97288K->2088K(290304K), 0.0005441 secs] [Times: user=0.00 sys=0.00, real=0.00 secs] 
87.836: [GC (Allocation Failure) [PSYoungGen: 114784K->96K(111616K)] 116776K->2088K(286720K), 0.0005187 secs] [Times: user=0.00 sys=0.00, real=0.00 secs] 
87.887: [GC (Allocation Failure) [PSYoungGen: 111200K->96K(108544K)] 113192K->2088K(283648K), 0.0005280 secs] [Times: user=0.00 sys=0.00, real=0.00 secs] 
87.936: [GC (Allocation Failure) [PSYoungGen: 108128K->96K(105472K)] 110120K->2088K(280576K), 0.0005119 secs] [Times: user=0.00 sys=0.00, real=0.00 secs] 
87.984: [GC (Allocation Failure) [PSYoungGen: 105056K->96K(102400K)] 107048K->2088K(277504K), 0.0005166 secs] [Times: user=0.00 sys=0.00, real=0.01 secs] 
88.030: [GC (Allocation Failure) [PSYoungGen: 101984K->96K(99328K)] 103976K->2088K(274432K), 0.0005191 secs] [Times: user=0.01 sys=0.00, real=0.00 secs] 
88.076: [GC (Allocation Failure) [PSYoungGen: 98912K->32K(96768K)] 100904K->2024K(271872K), 0.0004915 secs] [Times: user=0.00 sys=0.00, real=0.00 secs] 
88.119: [GC (Allocation Failure) [PSYoungGen: 96288K->96K(116224K)] 98280K->2088K(291328K), 0.0005553 secs] [Times: user=0.01 sys=0.00, real=0.00 secs] 
88.172: [GC (Allocation Failure) [PSYoungGen: 115808K->64K(112640K)] 117800K->2056K(287744K), 0.0005451 secs] [Times: user=0.00 sys=0.00, real=0.00 secs] 
88.223: [GC (Allocation Failure) [PSYoungGen: 112192K->64K(109568K)] 114184K->2056K(284672K), 0.0005348 secs] [Times: user=0.00 sys=0.00, real=0.00 secs] 
88.271: [GC (Allocation Failure) [PSYoungGen: 109120K->96K(106496K)] 111112K->2088K(281600K), 0.0005007 secs] [Times: user=0.00 sys=0.00, real=0.00 secs] 
88.318: [GC (Allocation Failure) [PSYoungGen: 106080K->96K(103424K)] 108072K->2088K(278528K), 0.0005273 secs] [Times: user=0.01 sys=0.00, real=0.00 secs] 
88.365: [GC (Allocation Failure) [PSYoungGen: 103008K->96K(100352K)] 105000K->2088K(275456K), 0.0005296 secs] [Times: user=0.00 sys=0.00, real=0.00 secs] 
88.409: [GC (Allocation Failure) [PSYoungGen: 99936K->96K(97792K)] 101928K->2088K(272896K), 0.0005137 secs] [Times: user=0.00 sys=0.00, real=0.00 secs] 
88.452: [GC (Allocation Failure) [PSYoungGen: 97376K->96K(117248K)] 99368K->2088K(292352K), 0.0005069 secs] [Times: user=0.00 sys=0.00, real=0.00 secs] 
88.504: [GC (Allocation Failure) [PSYoungGen: 116832K->96K(113664K)] 118824K->2088K(288768K), 0.0005086 secs] [Times: user=0.00 sys=0.00, real=0.00 secs] 
88.555: [GC (Allocation Failure) [PSYoungGen: 113248K->96K(110592K)] 115240K->2088K(285696K), 0.0005236 secs] [Times: user=0.00 sys=0.00, real=0.00 secs] 
88.604: [GC (Allocation Failure) [PSYoungGen: 110176K->64K(107520K)] 112168K->2056K(282624K), 0.0005150 secs] [Times: user=0.00 sys=0.00, real=0.01 secs] 
88.651: [GC (Allocation Failure) [PSYoungGen: 107072K->96K(104448K)] 109064K->2088K(279552K), 0.0005076 secs] [Times: user=0.00 sys=0.00, real=0.00 secs] 
88.698: [GC (Allocation Failure) [PSYoungGen: 104032K->64K(125440K)] 106024K->2056K(300544K), 0.0006299 secs] [Times: user=0.00 sys=0.00, real=0.00 secs] 
88.757: [GC (Allocation Failure) [PSYoungGen: 124992K->96K(121344K)] 126984K->2088K(296448K), 0.0005710 secs] [Times: user=0.00 sys=0.00, real=0.00 secs] 
88.811: [GC (Allocation Failure) [PSYoungGen: 120928K->64K(117760K)] 122920K->2056K(292864K), 0.0005480 secs] [Times: user=0.00 sys=0.00, real=0.00 secs] 
88.863: [GC (Allocation Failure) [PSYoungGen: 117311K->64K(114176K)] 119303K->2056K(289280K), 0.0005500 secs] [Times: user=0.00 sys=0.00, real=0.00 secs] 
88.914: [GC (Allocation Failure) [PSYoungGen: 113728K->96K(110592K)] 115720K->2088K(285696K), 0.0005127 secs] [Times: user=0.00 sys=0.00, real=0.01 secs] 
88.963: [GC (Allocation Failure) [PSYoungGen: 110176K->64K(107520K)] 112168K->2056K(282624K), 0.0005132 secs] [Times: user=0.00 sys=0.00, real=0.00 secs] 
89.012: [GC (Allocation Failure) [PSYoungGen: 107072K->96K(104448K)] 109064K->2088K(279552K), 0.0005071 secs] [Times: user=0.00 sys=0.00, real=0.00 secs] 
89.059: [GC (Allocation Failure) [PSYoungGen: 104032K->96K(101376K)] 106024K->2088K(276480K), 0.0005171 secs] [Times: user=0.00 sys=0.00, real=0.00 secs] 
89.103: [GC (Allocation Failure) [PSYoungGen: 100960K->96K(98816K)] 102952K->2088K(273920K), 0.0005185 secs] [Times: user=0.00 sys=0.00, real=0.00 secs] 
89.147: [GC (Allocation Failure) [PSYoungGen: 98400K->32K(96256K)] 100392K->2024K(271360K), 0.0005266 secs] [Times: user=0.00 sys=0.00, real=0.00 secs] 
89.190: [GC (Allocation Failure) [PSYoungGen: 95776K->96K(115712K)] 97768K->2088K(290816K), 0.0004979 secs] [Times: user=0.00 sys=0.00, real=0.00 secs] 
89.241: [GC (Allocation Failure) [PSYoungGen: 115296K->96K(112128K)] 117288K->2088K(287232K), 0.0005068 secs] [Times: user=0.00 sys=0.00, real=0.00 secs] 
89.293: [GC (Allocation Failure) [PSYoungGen: 111712K->64K(109056K)] 113704K->2056K(284160K), 0.0005986 secs] [Times: user=0.00 sys=0.00, real=0.00 secs] 
89.343: [GC (Allocation Failure) [PSYoungGen: 108608K->64K(105984K)] 110600K->2056K(281088K), 0.0005080 secs] [Times: user=0.00 sys=0.00, real=0.01 secs] 
89.394: [GC (Allocation Failure) [PSYoungGen: 105536K->96K(102912K)] 107528K->2088K(278016K), 0.0005353 secs] [Times: user=0.00 sys=0.00, real=0.01 secs] 
89.441: [GC (Allocation Failure) [PSYoungGen: 102496K->96K(99840K)] 104488K->2088K(274944K), 0.0005279 secs] [Times: user=0.00 sys=0.00, real=0.00 secs] 
89.487: [GC (Allocation Failure) [PSYoungGen: 99424K->96K(97280K)] 101416K->2088K(272384K), 0.0005135 secs] [Times: user=0.00 sys=0.00, real=0.00 secs] 
89.531: [GC (Allocation Failure) [PSYoungGen: 96864K->96K(94720K)] 98856K->2088K(269824K), 0.0005142 secs] [Times: user=0.00 sys=0.00, real=0.00 secs] 
89.573: [GC (Allocation Failure) [PSYoungGen: 94304K->96K(113664K)] 96296K->2088K(288768K), 0.0005321 secs] [Times: user=0.00 sys=0.00, real=0.00 secs] 
89.623: [GC (Allocation Failure) [PSYoungGen: 113248K->64K(136704K)] 115240K->2056K(311808K), 0.0005606 secs] [Times: user=0.00 sys=0.00, real=0.00 secs] 
89.684: [GC (Allocation Failure) [PSYoungGen: 136255K->64K(132608K)] 138247K->2056K(307712K), 0.0005050 secs] [Times: user=0.00 sys=0.00, real=0.01 secs] 
89.747: [GC (Allocation Failure) [PSYoungGen: 132160K->96K(128512K)] 134152K->2088K(303616K), 0.0005046 secs] [Times: user=0.01 sys=0.00, real=0.00 secs] 
89.807: [GC (Allocation Failure) [PSYoungGen: 128096K->64K(124416K)] 130088K->2056K(299520K), 0.0005163 secs] [Times: user=0.01 sys=0.00, real=0.00 secs] 
89.865: [GC (Allocation Failure) [PSYoungGen: 123968K->64K(149504K)] 125960K->2056K(324608K), 0.0010086 secs] [Times: user=0.00 sys=0.00, real=0.00 secs] 
89.935: [GC (Allocation Failure) [PSYoungGen: 149056K->96K(144384K)] 151048K->2088K(319488K), 0.0005529 secs] [Times: user=0.00 sys=0.00, real=0.00 secs] 
89.999: [GC (Allocation Failure) [PSYoungGen: 143968K->64K(139776K)] 145960K->2056K(314880K), 0.0004934 secs] [Times: user=0.00 sys=0.00, real=0.00 secs] 
90.064: [GC (Allocation Failure) [PSYoungGen: 139328K->96K(135168K)] 141320K->2088K(310272K), 0.0005090 secs] [Times: user=0.00 sys=0.00, real=0.00 secs] 
90.124: [GC (Allocation Failure) [PSYoungGen: 134752K->96K(131072K)] 136744K->2088K(306176K), 0.0005068 secs] [Times: user=0.00 sys=0.00, real=0.00 secs] 
90.185: [GC (Allocation Failure) [PSYoungGen: 130656K->64K(126976K)] 132648K->2056K(302080K), 0.0007353 secs] [Times: user=0.00 sys=0.00, real=0.00 secs] 
90.243: [GC (Allocation Failure) [PSYoungGen: 126528K->96K(122880K)] 128520K->2088K(297984K), 0.0005123 secs] [Times: user=0.00 sys=0.00, real=0.00 secs] 
90.298: [GC (Allocation Failure) [PSYoungGen: 122464K->96K(119296K)] 124456K->2088K(294400K), 0.0005357 secs] [Times: user=0.00 sys=0.00, real=0.00 secs] 
90.351: [GC (Allocation Failure) [PSYoungGen: 118880K->32K(115712K)] 120872K->2048K(290816K), 0.0005115 secs] [Times: user=0.00 sys=0.00, real=0.00 secs] 
90.402: [GC (Allocation Failure) [PSYoungGen: 115232K->96K(112128K)] 117248K->2112K(287232K), 0.0005229 secs] [Times: user=0.00 sys=0.00, real=0.00 secs] 
90.452: [GC (Allocation Failure) [PSYoungGen: 111712K->96K(109056K)] 113728K->2112K(284160K), 0.0005238 secs] [Times: user=0.00 sys=0.00, real=0.00 secs] 
90.500: [GC (Allocation Failure) [PSYoungGen: 108640K->96K(105984K)] 110656K->2112K(281088K), 0.0005035 secs] [Times: user=0.00 sys=0.00, real=0.00 secs] 
90.548: [GC (Allocation Failure) [PSYoungGen: 105568K->64K(102912K)] 107584K->2080K(278016K), 0.0005013 secs] [Times: user=0.00 sys=0.00, real=0.00 secs] 
90.593: [GC (Allocation Failure) [PSYoungGen: 102464K->96K(99840K)] 104480K->2112K(274944K), 0.0004958 secs] [Times: user=0.00 sys=0.00, real=0.00 secs] 
90.637: [GC (Allocation Failure) [PSYoungGen: 99424K->96K(97280K)] 101440K->2112K(272384K), 0.0005010 secs] [Times: user=0.00 sys=0.00, real=0.00 secs] 
90.681: [GC (Allocation Failure) [PSYoungGen: 96864K->96K(94720K)] 98880K->2112K(269824K), 0.0005136 secs] [Times: user=0.00 sys=0.00, real=0.00 secs] 
90.724: [GC (Allocation Failure) [PSYoungGen: 94304K->96K(113664K)] 96320K->2112K(288768K), 0.0005235 secs] [Times: user=0.00 sys=0.00, real=0.00 secs] 
90.774: [GC (Allocation Failure) [PSYoungGen: 113248K->64K(136704K)] 115264K->2080K(311808K), 0.0010964 secs] [Times: user=0.00 sys=0.00, real=0.00 secs] 
90.835: [GC (Allocation Failure) [PSYoungGen: 136256K->96K(164352K)] 138272K->2112K(339456K), 0.0005128 secs] [Times: user=0.01 sys=0.00, real=0.00 secs] 
90.907: [GC (Allocation Failure) [PSYoungGen: 163936K->96K(197120K)] 165952K->2112K(372224K), 0.0005056 secs] [Times: user=0.00 sys=0.00, real=0.00 secs] 
90.994: [GC (Allocation Failure) [PSYoungGen: 196704K->96K(189952K)] 198720K->2112K(365056K), 0.0005104 secs] [Times: user=0.00 sys=0.00, real=0.00 secs] 
91.077: [GC (Allocation Failure) [PSYoungGen: 189536K->96K(183296K)] 191552K->2112K(358400K), 0.0005243 secs] [Times: user=0.00 sys=0.00, real=0.00 secs] 
91.158: [GC (Allocation Failure) [PSYoungGen: 182880K->96K(176640K)] 184896K->2112K(351744K), 0.0005178 secs] [Times: user=0.00 sys=0.00, real=0.00 secs] 
91.236: [GC (Allocation Failure) [PSYoungGen: 176224K->64K(170496K)] 178240K->2080K(345600K), 0.0005201 secs] [Times: user=0.00 sys=0.00, real=0.00 secs] 
91.315: [GC (Allocation Failure) [PSYoungGen: 170048K->64K(164864K)] 172064K->2080K(339968K), 0.0005645 secs] [Times: user=0.00 sys=0.00, real=0.00 secs] 
91.388: [GC (Allocation Failure) [PSYoungGen: 164416K->96K(159232K)] 166432K->2112K(334336K), 0.0005142 secs] [Times: user=0.00 sys=0.00, real=0.00 secs] 
91.459: [GC (Allocation Failure) [PSYoungGen: 158816K->96K(154112K)] 160832K->2112K(329216K), 0.0005319 secs] [Times: user=0.00 sys=0.00, real=0.00 secs] 
91.530: [GC (Allocation Failure) [PSYoungGen: 153696K->32K(184832K)] 155712K->2048K(359936K), 0.0094106 secs] [Times: user=0.00 sys=0.00, real=0.01 secs] 
91.622: [GC (Allocation Failure) [PSYoungGen: 184352K->32K(221696K)] 186368K->2048K(396800K), 0.0008878 secs] [Times: user=0.00 sys=0.00, real=0.00 secs] 
91.726: [GC (Allocation Failure) [PSYoungGen: 221216K->96K(266240K)] 223232K->2112K(441344K), 0.0005025 secs] [Times: user=0.00 sys=0.00, real=0.00 secs] 
91.847: [GC (Allocation Failure) [PSYoungGen: 265823K->96K(319488K)] 267839K->2112K(494592K), 0.0005225 secs] [Times: user=0.00 sys=0.00, real=0.00 secs] 
91.993: [GC (Allocation Failure) [PSYoungGen: 319072K->64K(383488K)] 321088K->2080K(558592K), 0.0005276 secs] [Times: user=0.00 sys=0.00, real=0.00 secs] 
92.183: [GC (Allocation Failure) [PSYoungGen: 383040K->64K(460288K)] 385056K->2080K(635392K), 0.0007492 secs] [Times: user=0.00 sys=0.00, real=0.01 secs] 
92.415: [GC (Allocation Failure) [PSYoungGen: 459840K->96K(440320K)] 461856K->2112K(615424K), 0.0005814 secs] [Times: user=0.00 sys=0.00, real=0.00 secs] 
92.647: [GC (Allocation Failure) [PSYoungGen: 439904K->96K(421376K)] 441920K->2112K(596480K), 0.0005927 secs] [Times: user=0.00 sys=0.00, real=0.00 secs] 
92.843: [GC (Allocation Failure) [PSYoungGen: 420959K->64K(403456K)] 422975K->2080K(578560K), 0.0005561 secs] [Times: user=0.00 sys=0.00, real=0.00 secs] 
93.026: [GC (Allocation Failure) [PSYoungGen: 403008K->96K(386560K)] 405024K->2112K(561664K), 0.0011370 secs] [Times: user=0.00 sys=0.00, real=0.00 secs] 
93.248: [GC (Allocation Failure) [PSYoungGen: 386144K->64K(370176K)] 388160K->2080K(545280K), 0.0011894 secs] [Times: user=0.00 sys=0.00, real=0.00 secs] 
93.478: [GC (Allocation Failure) [PSYoungGen: 369728K->64K(354816K)] 371744K->2080K(529920K), 0.0013183 secs] [Times: user=0.01 sys=0.00, real=0.00 secs] 
93.675: [GC (Allocation Failure) [PSYoungGen: 354368K->96K(339968K)] 356384K->2112K(515072K), 0.0006197 secs] [Times: user=0.00 sys=0.00, real=0.00 secs] 
93.847: [GC (Allocation Failure) [PSYoungGen: 339552K->96K(326144K)] 341568K->2112K(501248K), 0.0005704 secs] [Times: user=0.00 sys=0.00, real=0.00 secs] 
94.010: [GC (Allocation Failure) [PSYoungGen: 325728K->96K(312832K)] 327744K->2112K(487936K), 0.0005549 secs] [Times: user=0.00 sys=0.00, real=0.00 secs] 
94.170: [GC (Allocation Failure) [PSYoungGen: 312416K->96K(300032K)] 314432K->2112K(475136K), 0.0005540 secs] [Times: user=0.00 sys=0.00, real=0.00 secs] 
94.318: [GC (Allocation Failure) [PSYoungGen: 299616K->96K(288256K)] 301632K->2112K(463360K), 0.0005522 secs] [Times: user=0.00 sys=0.00, real=0.00 secs] 
94.459: [GC (Allocation Failure) [PSYoungGen: 287840K->96K(276992K)] 289856K->2112K(452096K), 0.0005512 secs] [Times: user=0.00 sys=0.00, real=0.00 secs] 
94.594: [GC (Allocation Failure) [PSYoungGen: 276576K->96K(266240K)] 278592K->2112K(441344K), 0.0005510 secs] [Times: user=0.00 sys=0.00, real=0.01 secs] 
94.729: [GC (Allocation Failure) [PSYoungGen: 265824K->96K(256000K)] 267840K->2112K(431104K), 0.0005772 secs] [Times: user=0.00 sys=0.00, real=0.00 secs] 
94.859: [GC (Allocation Failure) [PSYoungGen: 255584K->96K(246272K)] 257600K->2112K(421376K), 0.0005521 secs] [Times: user=0.00 sys=0.00, real=0.00 secs] 
94.983: [GC (Allocation Failure) [PSYoungGen: 245856K->96K(237056K)] 247872K->2112K(412160K), 0.0005899 secs] [Times: user=0.00 sys=0.00, real=0.00 secs] 
95.101: [GC (Allocation Failure) [PSYoungGen: 236640K->64K(227840K)] 238656K->2080K(402944K), 0.0005827 secs] [Times: user=0.00 sys=0.00, real=0.00 secs] 
95.212: [GC (Allocation Failure) [PSYoungGen: 227392K->64K(219136K)] 229408K->2080K(394240K), 0.0005633 secs] [Times: user=0.00 sys=0.00, real=0.00 secs] 
95.319: [GC (Allocation Failure) [PSYoungGen: 218688K->96K(210944K)] 220704K->2112K(386048K), 0.0005471 secs] [Times: user=0.00 sys=0.00, real=0.00 secs] 
95.421: [GC (Allocation Failure) [PSYoungGen: 210528K->96K(203264K)] 212544K->2112K(378368K), 0.0005475 secs] [Times: user=0.00 sys=0.00, real=0.00 secs] 
95.520: [GC (Allocation Failure) [PSYoungGen: 202848K->96K(196096K)] 204864K->2112K(371200K), 0.0005491 secs] [Times: user=0.00 sys=0.00, real=0.00 secs] 
95.617: [GC (Allocation Failure) [PSYoungGen: 195680K->96K(188928K)] 197696K->2112K(364032K), 0.0005495 secs] [Times: user=0.00 sys=0.00, real=0.00 secs] 
95.713: [GC (Allocation Failure) [PSYoungGen: 188512K->96K(182272K)] 190528K->2112K(357376K), 0.0005559 secs] [Times: user=0.01 sys=0.00, real=0.01 secs] 
95.805: [GC (Allocation Failure) [PSYoungGen: 181856K->96K(175616K)] 183872K->2112K(350720K), 0.0005572 secs] [Times: user=0.01 sys=0.00, real=0.00 secs] 
95.890: [GC (Allocation Failure) [PSYoungGen: 175200K->96K(169472K)] 177216K->2112K(344576K), 0.0005516 secs] [Times: user=0.00 sys=0.00, real=0.00 secs] 
95.972: [GC (Allocation Failure) [PSYoungGen: 169056K->96K(163840K)] 171072K->2112K(338944K), 0.0005591 secs] [Times: user=0.00 sys=0.00, real=0.00 secs] 
96.052: [GC (Allocation Failure) [PSYoungGen: 163424K->96K(158208K)] 165440K->2112K(333312K), 0.0005888 secs] [Times: user=0.00 sys=0.00, real=0.00 secs] 
96.130: [GC (Allocation Failure) [PSYoungGen: 157792K->96K(153088K)] 159808K->2112K(328192K), 0.0005745 secs] [Times: user=0.01 sys=0.00, real=0.00 secs] 
96.205: [GC (Allocation Failure) [PSYoungGen: 152672K->96K(147968K)] 154688K->2112K(323072K), 0.0005436 secs] [Times: user=0.00 sys=0.00, real=0.00 secs] 
96.276: [GC (Allocation Failure) [PSYoungGen: 147552K->96K(143360K)] 149568K->2112K(318464K), 0.0005443 secs] [Times: user=0.00 sys=0.00, real=0.00 secs] 
96.345: [GC (Allocation Failure) [PSYoungGen: 142944K->96K(138752K)] 144960K->2112K(313856K), 0.0005526 secs] [Times: user=0.00 sys=0.00, real=0.00 secs] 
96.411: [GC (Allocation Failure) [PSYoungGen: 138336K->96K(134144K)] 140352K->2112K(309248K), 0.0005570 secs] [Times: user=0.00 sys=0.00, real=0.00 secs] 
96.475: [GC (Allocation Failure) [PSYoungGen: 133728K->96K(130048K)] 135744K->2112K(305152K), 0.0006308 secs] [Times: user=0.00 sys=0.00, real=0.00 secs] 
96.541: [GC (Allocation Failure) [PSYoungGen: 129632K->96K(125952K)] 131648K->2112K(301056K), 0.0010864 secs] [Times: user=0.01 sys=0.00, real=0.00 secs] 
96.602: [GC (Allocation Failure) [PSYoungGen: 125536K->96K(121856K)] 127552K->2112K(296960K), 0.0005581 secs] [Times: user=0.00 sys=0.00, real=0.00 secs] 
96.660: [GC (Allocation Failure) [PSYoungGen: 121440K->96K(118272K)] 123456K->2112K(293376K), 0.0006327 secs] [Times: user=0.00 sys=0.00, real=0.00 secs] 
96.720: [GC (Allocation Failure) [PSYoungGen: 117856K->64K(114688K)] 119872K->2080K(289792K), 0.0005537 secs] [Times: user=0.01 sys=0.00, real=0.00 secs] 
96.775: [GC (Allocation Failure) [PSYoungGen: 114240K->96K(111104K)] 116256K->2112K(286208K), 0.0005766 secs] [Times: user=0.00 sys=0.00, real=0.00 secs] 
96.842: [GC (Allocation Failure) [PSYoungGen: 110688K->64K(133632K)] 112704K->2080K(308736K), 0.0012967 secs] [Times: user=0.01 sys=0.00, real=0.00 secs] 
96.919: [GC (Allocation Failure) [PSYoungGen: 133183K->96K(160256K)] 135199K->2112K(335360K), 0.0005666 secs] [Times: user=0.00 sys=0.00, real=0.00 secs] 
96.996: [GC (Allocation Failure) [PSYoungGen: 159840K->96K(154624K)] 161856K->2112K(329728K), 0.0005695 secs] [Times: user=0.00 sys=0.00, real=0.00 secs] 
97.070: [GC (Allocation Failure) [PSYoungGen: 154208K->96K(149504K)] 156224K->2112K(324608K), 0.0005553 secs] [Times: user=0.00 sys=0.00, real=0.00 secs] 
97.141: [GC (Allocation Failure) [PSYoungGen: 149088K->96K(144384K)] 151104K->2112K(319488K), 0.0005469 secs] [Times: user=0.00 sys=0.00, real=0.00 secs] 
97.209: [GC (Allocation Failure) [PSYoungGen: 143968K->32K(139776K)] 145984K->2048K(314880K), 0.0006266 secs] [Times: user=0.00 sys=0.00, real=0.00 secs] 
97.280: [GC (Allocation Failure) [PSYoungGen: 139296K->96K(135168K)] 141312K->2112K(310272K), 0.0007599 secs] [Times: user=0.00 sys=0.00, real=0.00 secs] 
97.344: [GC (Allocation Failure) [PSYoungGen: 134752K->96K(131072K)] 136768K->2112K(306176K), 0.0005577 secs] [Times: user=0.00 sys=0.00, real=0.00 secs] 
97.406: [GC (Allocation Failure) [PSYoungGen: 130656K->96K(126976K)] 132672K->2112K(302080K), 0.0005826 secs] [Times: user=0.00 sys=0.00, real=0.00 secs] 
97.466: [GC (Allocation Failure) [PSYoungGen: 126560K->96K(122880K)] 128576K->2112K(297984K), 0.0005491 secs] [Times: user=0.00 sys=0.00, real=0.00 secs] 
97.523: [GC (Allocation Failure) [PSYoungGen: 122464K->96K(119296K)] 124480K->2112K(294400K), 0.0006309 secs] [Times: user=0.00 sys=0.00, real=0.00 secs] 
97.582: [GC (Allocation Failure) [PSYoungGen: 118880K->96K(115712K)] 120896K->2112K(290816K), 0.0008396 secs] [Times: user=0.00 sys=0.01, real=0.00 secs] 
97.638: [GC (Allocation Failure) [PSYoungGen: 115296K->96K(112128K)] 117312K->2112K(287232K), 0.0005807 secs] [Times: user=0.00 sys=0.00, real=0.00 secs] 
97.693: [GC (Allocation Failure) [PSYoungGen: 111712K->64K(109056K)] 113728K->2080K(284160K), 0.0005511 secs] [Times: user=0.00 sys=0.00, real=0.00 secs] 
97.746: [GC (Allocation Failure) [PSYoungGen: 108608K->96K(105984K)] 110624K->2112K(281088K), 0.0005717 secs] [Times: user=0.00 sys=0.00, real=0.00 secs] 
97.795: [GC (Allocation Failure) [PSYoungGen: 105568K->96K(102912K)] 107584K->2112K(278016K), 0.0005250 secs] [Times: user=0.00 sys=0.00, real=0.00 secs] 
97.843: [GC (Allocation Failure) [PSYoungGen: 102496K->96K(99840K)] 104512K->2112K(274944K), 0.0005538 secs] [Times: user=0.00 sys=0.00, real=0.00 secs] 
97.889: [GC (Allocation Failure) [PSYoungGen: 99424K->96K(97280K)] 101440K->2112K(272384K), 0.0005812 secs] [Times: user=0.01 sys=0.00, real=0.00 secs] 
97.934: [GC (Allocation Failure) [PSYoungGen: 96864K->96K(116736K)] 98880K->2112K(291840K), 0.0006108 secs] [Times: user=0.00 sys=0.00, real=0.00 secs] 
97.989: [GC (Allocation Failure) [PSYoungGen: 116320K->64K(140288K)] 118336K->2080K(315392K), 0.0006151 secs] [Times: user=0.00 sys=0.00, real=0.00 secs] 
98.054: [GC (Allocation Failure) [PSYoungGen: 139840K->96K(135680K)] 141856K->2112K(310784K), 0.0005237 secs] [Times: user=0.00 sys=0.00, real=0.00 secs] 
98.117: [GC (Allocation Failure) [PSYoungGen: 135264K->64K(131584K)] 137280K->2080K(306688K), 0.0005813 secs] [Times: user=0.00 sys=0.00, real=0.00 secs] 
98.180: [GC (Allocation Failure) [PSYoungGen: 131136K->96K(127488K)] 133152K->2112K(302592K), 0.0005905 secs] [Times: user=0.00 sys=0.00, real=0.00 secs] 
98.240: [GC (Allocation Failure) [PSYoungGen: 127072K->96K(123392K)] 129088K->2112K(298496K), 0.0005642 secs] [Times: user=0.00 sys=0.00, real=0.00 secs] 
98.297: [GC (Allocation Failure) [PSYoungGen: 122976K->96K(119808K)] 124992K->2112K(294912K), 0.0005304 secs] [Times: user=0.01 sys=0.00, real=0.00 secs] 
98.352: [GC (Allocation Failure) [PSYoungGen: 119392K->64K(116224K)] 121408K->2080K(291328K), 0.0005467 secs] [Times: user=0.00 sys=0.00, real=0.00 secs] 
98.406: [GC (Allocation Failure) [PSYoungGen: 115776K->64K(112640K)] 117792K->2080K(287744K), 0.0005229 secs] [Times: user=0.01 sys=0.00, real=0.00 secs] 
98.458: [GC (Allocation Failure) [PSYoungGen: 112192K->96K(109568K)] 114208K->2112K(284672K), 0.0005179 secs] [Times: user=0.00 sys=0.00, real=0.00 secs] 
98.509: [GC (Allocation Failure) [PSYoungGen: 109152K->96K(106496K)] 111168K->2112K(281600K), 0.0005463 secs] [Times: user=0.00 sys=0.00, real=0.00 secs] 
98.558: [GC (Allocation Failure) [PSYoungGen: 106080K->96K(103424K)] 108096K->2112K(278528K), 0.0005556 secs] [Times: user=0.00 sys=0.00, real=0.00 secs] 
98.606: [GC (Allocation Failure) [PSYoungGen: 103008K->96K(100352K)] 105024K->2112K(275456K), 0.0005122 secs] [Times: user=0.00 sys=0.00, real=0.00 secs] 
98.652: [GC (Allocation Failure) [PSYoungGen: 99936K->96K(97792K)] 101952K->2112K(272896K), 0.0005648 secs] [Times: user=0.00 sys=0.00, real=0.00 secs] 
98.698: [GC (Allocation Failure) [PSYoungGen: 97376K->96K(117248K)] 99392K->2112K(292352K), 0.0006931 secs] [Times: user=0.00 sys=0.00, real=0.00 secs] 
98.753: [GC (Allocation Failure) [PSYoungGen: 116832K->96K(140800K)] 118848K->2112K(315904K), 0.0005392 secs] [Times: user=0.00 sys=0.00, real=0.00 secs] 
98.817: [GC (Allocation Failure) [PSYoungGen: 140384K->96K(136192K)] 142400K->2112K(311296K), 0.0005281 secs] [Times: user=0.00 sys=0.00, real=0.00 secs] 
98.878: [GC (Allocation Failure) [PSYoungGen: 135776K->96K(132096K)] 137792K->2112K(307200K), 0.0005414 secs] [Times: user=0.00 sys=0.00, real=0.00 secs] 
98.941: [GC (Allocation Failure) [PSYoungGen: 131680K->96K(128000K)] 133696K->2112K(303104K), 0.0005115 secs] [Times: user=0.00 sys=0.00, real=0.00 secs] 
98.999: [GC (Allocation Failure) [PSYoungGen: 127584K->96K(123904K)] 129600K->2112K(299008K), 0.0005322 secs] [Times: user=0.00 sys=0.00, real=0.00 secs] 
99.054: [GC (Allocation Failure) [PSYoungGen: 123488K->96K(120320K)] 125504K->2112K(295424K), 0.0005012 secs] [Times: user=0.00 sys=0.00, real=0.00 secs] 
99.109: [GC (Allocation Failure) [PSYoungGen: 119904K->96K(116736K)] 121920K->2112K(291840K), 0.0005188 secs] [Times: user=0.00 sys=0.00, real=0.00 secs] 
99.164: [GC (Allocation Failure) [PSYoungGen: 116320K->64K(113152K)] 118336K->2080K(288256K), 0.0005546 secs] [Times: user=0.00 sys=0.00, real=0.00 secs] 
99.218: [GC (Allocation Failure) [PSYoungGen: 112704K->96K(110080K)] 114720K->2112K(285184K), 0.0005172 secs] [Times: user=0.00 sys=0.00, real=0.00 secs] 
99.268: [GC (Allocation Failure) [PSYoungGen: 109664K->96K(107008K)] 111680K->2112K(282112K), 0.0005345 secs] [Times: user=0.00 sys=0.00, real=0.00 secs] 
99.317: [GC (Allocation Failure) [PSYoungGen: 106592K->96K(103936K)] 108608K->2112K(279040K), 0.0005154 secs] [Times: user=0.00 sys=0.00, real=0.00 secs] 
99.365: [GC (Allocation Failure) [PSYoungGen: 103520K->96K(100864K)] 105536K->2112K(275968K), 0.0005603 secs] [Times: user=0.00 sys=0.00, real=0.00 secs] 
99.411: [GC (Allocation Failure) [PSYoungGen: 100448K->96K(98304K)] 102464K->2112K(273408K), 0.0005184 secs] [Times: user=0.00 sys=0.00, real=0.00 secs] 
99.457: [GC (Allocation Failure) [PSYoungGen: 97888K->96K(95744K)] 99904K->2112K(270848K), 0.0005505 secs] [Times: user=0.01 sys=0.00, real=0.00 secs] 
99.501: [GC (Allocation Failure) [PSYoungGen: 95328K->64K(115200K)] 97344K->2080K(290304K), 0.0006058 secs] [Times: user=0.00 sys=0.00, real=0.00 secs] 
99.553: [GC (Allocation Failure) [PSYoungGen: 114752K->32K(138240K)] 116768K->2048K(313344K), 0.0004930 secs] [Times: user=0.00 sys=0.00, real=0.00 secs] 
99.615: [GC (Allocation Failure) [PSYoungGen: 137759K->32K(133632K)] 139775K->2048K(308736K), 0.0005119 secs] [Times: user=0.00 sys=0.00, real=0.00 secs] 
99.675: [GC (Allocation Failure) [PSYoungGen: 133152K->96K(129536K)] 135168K->2112K(304640K), 0.0005016 secs] [Times: user=0.00 sys=0.00, real=0.00 secs] 
99.735: [GC (Allocation Failure) [PSYoungGen: 129120K->96K(125440K)] 131136K->2112K(300544K), 0.0005228 secs] [Times: user=0.00 sys=0.00, real=0.00 secs] 
99.792: [GC (Allocation Failure) [PSYoungGen: 125024K->96K(121344K)] 127040K->2112K(296448K), 0.0005480 secs] [Times: user=0.00 sys=0.00, real=0.00 secs] 
99.847: [GC (Allocation Failure) [PSYoungGen: 120928K->96K(117760K)] 122944K->2112K(292864K), 0.0005031 secs] [Times: user=0.00 sys=0.00, real=0.00 secs] 
99.900: [GC (Allocation Failure) [PSYoungGen: 117344K->96K(114176K)] 119360K->2112K(289280K), 0.0005232 secs] [Times: user=0.00 sys=0.00, real=0.00 secs] 
99.953: [GC (Allocation Failure) [PSYoungGen: 113760K->96K(110592K)] 115776K->2112K(285696K), 0.0005063 secs] [Times: user=0.00 sys=0.00, real=0.00 secs] 
100.004: [GC (Allocation Failure) [PSYoungGen: 110176K->96K(107520K)] 112192K->2112K(282624K), 0.0005669 secs] [Times: user=0.00 sys=0.01, real=0.00 secs] 
100.054: [GC (Allocation Failure) [PSYoungGen: 107104K->96K(104448K)] 109120K->2112K(279552K), 0.0005146 secs] [Times: user=0.00 sys=0.00, real=0.00 secs] 
100.102: [GC (Allocation Failure) [PSYoungGen: 104032K->96K(101376K)] 106048K->2112K(276480K), 0.0005140 secs] [Times: user=0.00 sys=0.00, real=0.00 secs] 
100.151: [GC (Allocation Failure) [PSYoungGen: 100960K->32K(121856K)] 102976K->2048K(296960K), 0.0009495 secs] [Times: user=0.00 sys=0.00, real=0.00 secs] 
100.209: [GC (Allocation Failure) [PSYoungGen: 121376K->96K(146432K)] 123392K->2112K(321536K), 0.0005234 secs] [Times: user=0.00 sys=0.00, real=0.00 secs] 
100.277: [GC (Allocation Failure) [PSYoungGen: 146016K->96K(175616K)] 148032K->2112K(350720K), 0.0008659 secs] [Times: user=0.00 sys=0.00, real=0.00 secs] 
Heap
 PSYoungGen      total 175616K, used 35976K [0x000000076ab00000, 0x000000079c380000, 0x00000007c0000000)
  eden space 175104K, 20% used [0x000000076ab00000,0x000000076ce0a280,0x0000000775600000)
  from space 512K, 18% used [0x000000079c300000,0x000000079c318000,0x000000079c380000)
  to   space 512K, 0% used [0x000000079c280000,0x000000079c280000,0x000000079c300000)
 ParOldGen       total 175104K, used 2016K [0x00000006c0000000, 0x00000006cab00000, 0x000000076ab00000)
  object space 175104K, 1% used [0x00000006c0000000,0x00000006c01f8000,0x00000006cab00000)
 Metaspace       used 9675K, capacity 9960K, committed 10240K, reserved 1058816K
  class space    used 1107K, capacity 1223K, committed 1280K, reserved 1048576K
