OpenJDK 64-Bit Server VM (25.202-b05) for bsd-amd64 JRE (Zulu 8.36.0.1-CA-macosx) (1.8.0_202-b05), built on Jan 29 2019 06:07:09 by "zulu_re" with gcc 4.2.1 (Based on Apple Inc. build 5658) (LLVM build 2336.11.00)
Memory: 4k page, physical 16777216k(2706936k free)

/proc/meminfo:

CommandLine flags: -XX:InitialHeapSize=268435456 -XX:MaxHeapSize=4294967296 -XX:+PrintGC -XX:+PrintGCDetails -XX:+PrintGCTimeStamps -XX:+UseCompressedClassPointers -XX:+UseCompressedOops -XX:+UseParallelGC 
Heap
 PSYoungGen      total 76288K, used 35657K [0x000000076ab00000, 0x0000000770000000, 0x00000007c0000000)
  eden space 65536K, 54% used [0x000000076ab00000,0x000000076cdd26e0,0x000000076eb00000)
  from space 10752K, 0% used [0x000000076f580000,0x000000076f580000,0x0000000770000000)
  to   space 10752K, 0% used [0x000000076eb00000,0x000000076eb00000,0x000000076f580000)
 ParOldGen       total 175104K, used 0K [0x00000006c0000000, 0x00000006cab00000, 0x000000076ab00000)
  object space 175104K, 0% used [0x00000006c0000000,0x00000006c0000000,0x00000006cab00000)
 Metaspace       used 7639K, capacity 8001K, committed 8192K, reserved 1056768K
  class space    used 852K, capacity 948K, committed 1024K, reserved 1048576K
711: [GC (Allocation Failure) [PSYoungGen: 132656K->1616K(141824K)] 132672K->1640K(316928K), 0.0017639 secs] [Times: user=0.01 sys=0.00, real=0.01 secs] 
0.750: [GC (Allocation Failure) [PSYoungGen: 132688K->1600K(266752K)] 132712K->1624K(441856K), 0.0021698 secs] [Times: user=0.01 sys=0.00, real=0.01 secs] 
0.892: [GC (Allocation Failure) [PSYoungGen: 263744K->128K(266752K)] 263768K->1716K(441856K), 0.0019107 secs] [Times: user=0.01 sys=0.00, real=0.01 secs] 
0.962: [GC (Allocation Failure) [PSYoungGen: 262272K->64K(528896K)] 263860K->1660K(704000K), 0.0005444 secs] [Times: user=0.00 sys=0.00, real=0.01 secs] 
1.209: [GC (Allocation Failure) [PSYoungGen: 524352K->64K(528896K)] 525948K->1660K(704000K), 0.0008550 secs] [Times: user=0.00 sys=0.00, real=0.00 secs] 
1.355: [GC (Allocation Failure) [PSYoungGen: 524352K->64K(843776K)] 525948K->1660K(1018880K), 0.0005547 secs] [Times: user=0.00 sys=0.00, real=0.00 secs] 
1.704: [GC (Allocation Failure) [PSYoungGen: 839232K->96K(843776K)] 840828K->1708K(1018880K), 0.0010083 secs] [Times: user=0.00 sys=0.00, real=0.00 secs] 
1.931: [GC (Allocation Failure) [PSYoungGen: 839264K->64K(1347584K)] 840876K->1676K(1522688K), 0.0007798 secs] [Times: user=0.00 sys=0.00, real=0.00 secs] 
2.474: [GC (Allocation Failure) [PSYoungGen: 1343040K->32K(1279488K)] 1344652K->1652K(1454592K), 0.0005867 secs] [Times: user=0.00 sys=0.00, real=0.00 secs] 
2.809: [GC (Allocation Failure) [PSYoungGen: 1279008K->32K(1219072K)] 1280628K->1652K(1394176K), 0.0005913 secs] [Times: user=0.00 sys=0.00, real=0.00 secs] 
3.117: [GC (Allocation Failure) [PSYoungGen: 1218592K->64K(1165312K)] 1220212K->1684K(1340416K), 0.0005397 secs] [Times: user=0.01 sys=0.00, real=0.00 secs] 
3.411: [GC (Allocation Failure) [PSYoungGen: 1161280K->32K(1106944K)] 1162900K->1660K(1282048K), 0.0006058 secs] [Times: user=0.00 sys=0.00, real=0.00 secs] 
3.690: [GC (Allocation Failure) [PSYoungGen: 1106464K->96K(1057792K)] 1108092K->1724K(1232896K), 0.0005538 secs] [Times: user=0.00 sys=0.00, real=0.00 secs] 
3.948: [GC (Allocation Failure) [PSYoungGen: 1054304K->64K(1005568K)] 1055932K->1692K(1180672K), 0.0006328 secs] [Times: user=0.01 sys=0.00, real=0.00 secs] 
4.193: [GC (Allocation Failure) [PSYoungGen: 1005120K->32K(961536K)] 1006748K->1668K(1136640K), 0.0005337 secs] [Times: user=0.00 sys=0.00, real=0.00 secs] 
4.424: [GC (Allocation Failure) [PSYoungGen: 957984K->32K(913920K)] 959620K->1668K(1089024K), 0.0005726 secs] [Times: user=0.00 sys=0.00, real=0.00 secs] 
4.644: [GC (Allocation Failure) [PSYoungGen: 913440K->32K(873984K)] 915076K->1668K(1049088K), 0.0004952 secs] [Times: user=0.00 sys=0.00, real=0.00 secs] 
4.854: [GC (Allocation Failure) [PSYoungGen: 870944K->32K(830976K)] 872580K->1668K(1006080K), 0.0006184 secs] [Times: user=0.00 sys=0.00, real=0.00 secs] 
5.054: [GC (Allocation Failure) [PSYoungGen: 830496K->32K(794624K)] 832132K->1668K(969728K), 0.0005147 secs] [Times: user=0.00 sys=0.00, real=0.00 secs] 
5.246: [GC (Allocation Failure) [PSYoungGen: 792096K->32K(756224K)] 793732K->1668K(931328K), 0.0005799 secs] [Times: user=0.00 sys=0.00, real=0.00 secs] 
5.429: [GC (Allocation Failure) [PSYoungGen: 755744K->96K(723968K)] 757380K->1732K(899072K), 0.0005565 secs] [Times: user=0.01 sys=0.00, real=0.00 secs] 
5.606: [GC (Allocation Failure) [PSYoungGen: 721504K->64K(689152K)] 723140K->1700K(864256K), 0.0005594 secs] [Times: user=0.00 sys=0.00, real=0.00 secs] 
5.770: [GC (Allocation Failure) [PSYoungGen: 688704K->32K(659456K)] 690340K->1676K(834560K), 0.0005597 secs] [Times: user=0.00 sys=0.00, real=0.00 secs] 
5.929: [GC (Allocation Failure) [PSYoungGen: 657440K->32K(628224K)] 659084K->1676K(803328K), 0.0006978 secs] [Times: user=0.01 sys=0.00, real=0.00 secs] 
6.079: [GC (Allocation Failure) [PSYoungGen: 627744K->96K(601600K)] 629388K->1740K(776704K), 0.0005436 secs] [Times: user=0.01 sys=0.00, real=0.00 secs] 
6.222: [GC (Allocation Failure) [PSYoungGen: 599648K->32K(573440K)] 601292K->1676K(748544K), 0.0005820 secs] [Times: user=0.00 sys=0.00, real=0.01 secs] 
6.358: [GC (Allocation Failure) [PSYoungGen: 572960K->32K(548864K)] 574604K->1676K(723968K), 0.0005256 secs] [Times: user=0.00 sys=0.00, real=0.00 secs] 
6.493: [GC (Allocation Failure) [PSYoungGen: 547360K->96K(523776K)] 549004K->1740K(698880K), 0.0005774 secs] [Times: user=0.00 sys=0.00, real=0.00 secs] 
6.617: [GC (Allocation Failure) [PSYoungGen: 523360K->32K(501760K)] 525004K->1676K(676864K), 0.0005673 secs] [Times: user=0.00 sys=0.00, real=0.00 secs] 
6.737: [GC (Allocation Failure) [PSYoungGen: 500256K->96K(478720K)] 501900K->1740K(653824K), 0.0005487 secs] [Times: user=0.00 sys=0.00, real=0.00 secs] 
6.850: [GC (Allocation Failure) [PSYoungGen: 478304K->96K(458752K)] 479948K->1740K(633856K), 0.0005071 secs] [Times: user=0.00 sys=0.00, real=0.00 secs] 
6.962: [GC (Allocation Failure) [PSYoungGen: 457312K->64K(437760K)] 458956K->1708K(612864K), 0.0005493 secs] [Times: user=0.00 sys=0.00, real=0.01 secs] 
7.066: [GC (Allocation Failure) [PSYoungGen: 437312K->32K(419328K)] 438956K->1676K(594432K), 0.0004910 secs] [Times: user=0.00 sys=0.00, real=0.00 secs] 
7.167: [GC (Allocation Failure) [PSYoungGen: 418336K->96K(400896K)] 419980K->1740K(576000K), 0.0005253 secs] [Times: user=0.00 sys=0.00, real=0.00 secs] 
7.265: [GC (Allocation Failure) [PSYoungGen: 400480K->64K(384512K)] 402124K->1708K(559616K), 0.0005651 secs] [Times: user=0.00 sys=0.00, real=0.00 secs] 
7.356: [GC (Allocation Failure) [PSYoungGen: 383552K->32K(368128K)] 385196K->1676K(543232K), 0.0005373 secs] [Times: user=0.00 sys=0.00, real=0.00 secs] 
7.445: [GC (Allocation Failure) [PSYoungGen: 367648K->32K(353280K)] 369292K->1676K(528384K), 0.0010240 secs] [Times: user=0.00 sys=0.00, real=0.00 secs] 
7.532: [GC (Allocation Failure) [PSYoungGen: 352288K->32K(337920K)] 353932K->1676K(513024K), 0.0010347 secs] [Times: user=0.00 sys=0.00, real=0.00 secs] 
7.613: [GC (Allocation Failure) [PSYoungGen: 337440K->32K(324608K)] 339084K->1676K(499712K), 0.0006032 secs] [Times: user=0.00 sys=0.00, real=0.00 secs] 
7.691: [GC (Allocation Failure) [PSYoungGen: 323616K->32K(310784K)] 325260K->1676K(485888K), 0.0005529 secs] [Times: user=0.00 sys=0.00, real=0.00 secs] 
7.766: [GC (Allocation Failure) [PSYoungGen: 310304K->32K(298496K)] 311948K->1676K(473600K), 0.0005044 secs] [Times: user=0.01 sys=0.00, real=0.00 secs] 
7.838: [GC (Allocation Failure) [PSYoungGen: 297504K->32K(286208K)] 299148K->1676K(461312K), 0.0010265 secs] [Times: user=0.00 sys=0.00, real=0.00 secs] 
7.907: [GC (Allocation Failure) [PSYoungGen: 285728K->96K(274944K)] 287372K->1740K(450048K), 0.0005523 secs] [Times: user=0.00 sys=0.00, real=0.00 secs] 
7.974: [GC (Allocation Failure) [PSYoungGen: 274528K->32K(264192K)] 276172K->1676K(439296K), 0.0005474 secs] [Times: user=0.01 sys=0.00, real=0.00 secs] 
8.040: [GC (Allocation Failure) [PSYoungGen: 263712K->96K(253952K)] 265356K->1740K(429056K), 0.0005074 secs] [Times: user=0.00 sys=0.00, real=0.00 secs] 
8.101: [GC (Allocation Failure) [PSYoungGen: 253536K->96K(244224K)] 255180K->1740K(419328K), 0.0005579 secs] [Times: user=0.00 sys=0.00, real=0.00 secs] 
8.159: [GC (Allocation Failure) [PSYoungGen: 243808K->32K(235008K)] 245452K->1676K(410112K), 0.0005264 secs] [Times: user=0.00 sys=0.00, real=0.00 secs] 
8.216: [GC (Allocation Failure) [PSYoungGen: 234528K->32K(226304K)] 236172K->1676K(401408K), 0.0005037 secs] [Times: user=0.00 sys=0.01, real=0.00 secs] 
8.270: [GC (Allocation Failure) [PSYoungGen: 225824K->96K(217600K)] 227468K->1740K(392704K), 0.0005164 secs] [Times: user=0.00 sys=0.00, real=0.00 secs] 
8.322: [GC (Allocation Failure) [PSYoungGen: 217184K->64K(209408K)] 218828K->1708K(384512K), 0.0005170 secs] [Times: user=0.00 sys=0.00, real=0.00 secs] 
8.371: [GC (Allocation Failure) [PSYoungGen: 208960K->32K(201728K)] 210604K->1676K(376832K), 0.0005356 secs] [Times: user=0.01 sys=0.00, real=0.00 secs] 
8.419: [GC (Allocation Failure) [PSYoungGen: 201248K->32K(194560K)] 202892K->1676K(369664K), 0.0005355 secs] [Times: user=0.00 sys=0.00, real=0.00 secs] 
8.468: [GC (Allocation Failure) [PSYoungGen: 194080K->96K(187392K)] 195724K->1740K(362496K), 0.0005078 secs] [Times: user=0.00 sys=0.00, real=0.00 secs] 
8.515: [GC (Allocation Failure) [PSYoungGen: 186976K->32K(180736K)] 188620K->1676K(355840K), 0.0005071 secs] [Times: user=0.00 sys=0.00, real=0.00 secs] 
8.558: [GC (Allocation Failure) [PSYoungGen: 180256K->32K(174592K)] 181900K->1676K(349696K), 0.0005257 secs] [Times: user=0.00 sys=0.00, real=0.00 secs] 
8.602: [GC (Allocation Failure) [PSYoungGen: 174112K->32K(168448K)] 175756K->1676K(343552K), 0.0005171 secs] [Times: user=0.00 sys=0.00, real=0.01 secs] 
8.642: [GC (Allocation Failure) [PSYoungGen: 167968K->32K(202240K)] 169612K->1676K(377344K), 0.0005170 secs] [Times: user=0.00 sys=0.00, real=0.01 secs] 
8.691: [GC (Allocation Failure) [PSYoungGen: 201760K->32K(242688K)] 203404K->1676K(417792K), 0.0005041 secs] [Times: user=0.00 sys=0.00, real=0.00 secs] 
8.748: [GC (Allocation Failure) [PSYoungGen: 242208K->64K(233472K)] 243852K->1708K(408576K), 0.0005838 secs] [Times: user=0.00 sys=0.00, real=0.00 secs] 
8.804: [GC (Allocation Failure) [PSYoungGen: 233024K->32K(224768K)] 234668K->1676K(399872K), 0.0005185 secs] [Times: user=0.00 sys=0.00, real=0.00 secs] 
8.858: [GC (Allocation Failure) [PSYoungGen: 224288K->32K(216576K)] 225932K->1676K(391680K), 0.0005538 secs] [Times: user=0.00 sys=0.00, real=0.00 secs] 
8.910: [GC (Allocation Failure) [PSYoungGen: 216096K->96K(208384K)] 217740K->1740K(383488K), 0.0005187 secs] [Times: user=0.00 sys=0.00, real=0.00 secs] 
8.959: [GC (Allocation Failure) [PSYoungGen: 207968K->32K(200704K)] 209612K->1676K(375808K), 0.0005208 secs] [Times: user=0.00 sys=0.00, real=0.00 secs] 
9.010: [GC (Allocation Failure) [PSYoungGen: 200224K->32K(193536K)] 201868K->1676K(368640K), 0.0005098 secs] [Times: user=0.00 sys=0.00, real=0.00 secs] 
9.057: [GC (Allocation Failure) [PSYoungGen: 193056K->96K(186368K)] 194700K->1740K(361472K), 0.0005511 secs] [Times: user=0.01 sys=0.00, real=0.00 secs] 
9.102: [GC (Allocation Failure) [PSYoungGen: 185952K->32K(223744K)] 187596K->1684K(398848K), 0.0006011 secs] [Times: user=0.00 sys=0.00, real=0.01 secs] 
9.158: [GC (Allocation Failure) [PSYoungGen: 223264K->32K(215552K)] 224916K->1684K(390656K), 0.0005480 secs] [Times: user=0.00 sys=0.00, real=0.00 secs] 
9.210: [GC (Allocation Failure) [PSYoungGen: 215072K->32K(207360K)] 216724K->1684K(382464K), 0.0005083 secs] [Times: user=0.00 sys=0.00, real=0.00 secs] 
9.259: [GC (Allocation Failure) [PSYoungGen: 206880K->64K(199680K)] 208532K->1716K(374784K), 0.0005066 secs] [Times: user=0.00 sys=0.00, real=0.00 secs] 
9.307: [GC (Allocation Failure) [PSYoungGen: 199232K->96K(192512K)] 200884K->1748K(367616K), 0.0005044 secs] [Times: user=0.00 sys=0.00, real=0.00 secs] 
9.353: [GC (Allocation Failure) [PSYoungGen: 192096K->32K(185856K)] 193748K->1684K(360960K), 0.0005206 secs] [Times: user=0.00 sys=0.00, real=0.00 secs] 
9.397: [GC (Allocation Failure) [PSYoungGen: 185376K->96K(179200K)] 187028K->1748K(354304K), 0.0005458 secs] [Times: user=0.00 sys=0.00, real=0.00 secs] 
9.440: [GC (Allocation Failure) [PSYoungGen: 178784K->96K(215040K)] 180436K->1748K(390144K), 0.0005014 secs] [Times: user=0.00 sys=0.00, real=0.00 secs] 
9.493: [GC (Allocation Failure) [PSYoungGen: 214624K->32K(206848K)] 216276K->1684K(381952K), 0.0005408 secs] [Times: user=0.00 sys=0.00, real=0.00 secs] 
9.544: [GC (Allocation Failure) [PSYoungGen: 206368K->32K(199168K)] 208020K->1684K(374272K), 0.0005531 secs] [Times: user=0.01 sys=0.00, real=0.00 secs] 
9.592: [GC (Allocation Failure) [PSYoungGen: 198688K->32K(192000K)] 200340K->1684K(367104K), 0.0005459 secs] [Times: user=0.00 sys=0.00, real=0.01 secs] 
9.638: [GC (Allocation Failure) [PSYoungGen: 191520K->96K(185344K)] 193172K->1748K(360448K), 0.0005018 secs] [Times: user=0.00 sys=0.00, real=0.00 secs] 
9.682: [GC (Allocation Failure) [PSYoungGen: 184928K->96K(178688K)] 186580K->1748K(353792K), 0.0005142 secs] [Times: user=0.00 sys=0.00, real=0.00 secs] 
9.725: [GC (Allocation Failure) [PSYoungGen: 178272K->32K(214528K)] 179924K->1684K(389632K), 0.0005125 secs] [Times: user=0.00 sys=0.00, real=0.00 secs] 
9.777: [GC (Allocation Failure) [PSYoungGen: 214048K->32K(206336K)] 215700K->1684K(381440K), 0.0004902 secs] [Times: user=0.00 sys=0.00, real=0.00 secs] 
9.827: [GC (Allocation Failure) [PSYoungGen: 205856K->32K(198656K)] 207508K->1684K(373760K), 0.0005762 secs] [Times: user=0.00 sys=0.00, real=0.00 secs] 
9.877: [GC (Allocation Failure) [PSYoungGen: 198176K->32K(191488K)] 199828K->1684K(366592K), 0.0005172 secs] [Times: user=0.00 sys=0.00, real=0.00 secs] 
9.925: [GC (Allocation Failure) [PSYoungGen: 191008K->32K(184832K)] 192660K->1684K(359936K), 0.0005510 secs] [Times: user=0.00 sys=0.00, real=0.00 secs] 
9.972: [GC (Allocation Failure) [PSYoungGen: 184352K->32K(178176K)] 186004K->1684K(353280K), 0.0005204 secs] [Times: user=0.00 sys=0.00, real=0.01 secs] 
10.017: [GC (Allocation Failure) [PSYoungGen: 177696K->32K(214016K)] 179348K->1684K(389120K), 0.0011102 secs] [Times: user=0.00 sys=0.00, real=0.00 secs] 
10.074: [GC (Allocation Failure) [PSYoungGen: 213536K->32K(257024K)] 215188K->1684K(432128K), 0.0005468 secs] [Times: user=0.00 sys=0.00, real=0.00 secs] 
10.141: [GC (Allocation Failure) [PSYoungGen: 256544K->96K(308736K)] 258196K->1748K(483840K), 0.0005362 secs] [Times: user=0.00 sys=0.00, real=0.00 secs] 
10.219: [GC (Allocation Failure) [PSYoungGen: 308320K->96K(296448K)] 309972K->1748K(471552K), 0.0005352 secs] [Times: user=0.01 sys=0.00, real=0.00 secs] 
10.300: [GC (Allocation Failure) [PSYoungGen: 296032K->160K(284672K)] 297684K->1812K(459776K), 0.0005010 secs] [Times: user=0.00 sys=0.00, real=0.00 secs] 
10.372: [GC (Allocation Failure) [PSYoungGen: 284320K->32K(273408K)] 285972K->1740K(448512K), 0.0005103 secs] [Times: user=0.00 sys=0.00, real=0.01 secs] 
10.441: [GC (Allocation Failure) [PSYoungGen: 272928K->96K(262656K)] 274636K->1804K(437760K), 0.0005441 secs] [Times: user=0.00 sys=0.00, real=0.00 secs] 
10.510: [GC (Allocation Failure) [PSYoungGen: 262240K->32K(252416K)] 263948K->1740K(427520K), 0.0005145 secs] [Times: user=0.01 sys=0.00, real=0.00 secs] 
10.575: [GC (Allocation Failure) [PSYoungGen: 251936K->32K(242688K)] 253644K->1740K(417792K), 0.0005199 secs] [Times: user=0.00 sys=0.00, real=0.00 secs] 
10.636: [GC (Allocation Failure) [PSYoungGen: 242208K->32K(233472K)] 243916K->1740K(408576K), 0.0005258 secs] [Times: user=0.00 sys=0.00, real=0.00 secs] 
10.696: [GC (Allocation Failure) [PSYoungGen: 232992K->96K(224768K)] 234700K->1804K(399872K), 0.0005301 secs] [Times: user=0.00 sys=0.00, real=0.00 secs] 
10.753: [GC (Allocation Failure) [PSYoungGen: 224352K->32K(216576K)] 226060K->1740K(391680K), 0.0005248 secs] [Times: user=0.00 sys=0.00, real=0.00 secs] 
10.808: [GC (Allocation Failure) [PSYoungGen: 216096K->32K(208384K)] 217804K->1740K(383488K), 0.0005216 secs] [Times: user=0.01 sys=0.00, real=0.00 secs] 
10.860: [GC (Allocation Failure) [PSYoungGen: 207904K->32K(200704K)] 209612K->1740K(375808K), 0.0005379 secs] [Times: user=0.00 sys=0.00, real=0.00 secs] 
10.911: [GC (Allocation Failure) [PSYoungGen: 200224K->96K(193536K)] 201932K->1804K(368640K), 0.0005624 secs] [Times: user=0.00 sys=0.00, real=0.00 secs] 
10.960: [GC (Allocation Failure) [PSYoungGen: 193120K->32K(186368K)] 194828K->1740K(361472K), 0.0005551 secs] [Times: user=0.00 sys=0.00, real=0.00 secs] 
11.008: [GC (Allocation Failure) [PSYoungGen: 185888K->96K(179712K)] 187596K->1804K(354816K), 0.0006125 secs] [Times: user=0.00 sys=0.00, real=0.00 secs] 
11.053: [GC (Allocation Failure) [PSYoungGen: 179296K->96K(173568K)] 181004K->1804K(348672K), 0.0005526 secs] [Times: user=0.00 sys=0.00, real=0.00 secs] 
11.099: [GC (Allocation Failure) [PSYoungGen: 173152K->96K(208384K)] 174860K->1804K(383488K), 0.0005402 secs] [Times: user=0.00 sys=0.00, real=0.00 secs] 
11.152: [GC (Allocation Failure) [PSYoungGen: 207968K->96K(250368K)] 209676K->1804K(425472K), 0.0005830 secs] [Times: user=0.00 sys=0.00, real=0.01 secs] 
11.216: [GC (Allocation Failure) [PSYoungGen: 249952K->96K(240640K)] 251660K->1804K(415744K), 0.0005838 secs] [Times: user=0.00 sys=0.00, real=0.00 secs] 
11.277: [GC (Allocation Failure) [PSYoungGen: 240224K->32K(288768K)] 241932K->1740K(463872K), 0.0010703 secs] [Times: user=0.00 sys=0.00, real=0.00 secs] 
11.350: [GC (Allocation Failure) [PSYoungGen: 288288K->32K(346624K)] 289996K->1740K(521728K), 0.0005532 secs] [Times: user=0.00 sys=0.00, real=0.00 secs] 
11.438: [GC (Allocation Failure) [PSYoungGen: 346144K->96K(332288K)] 347852K->1804K(507392K), 0.0007445 secs] [Times: user=0.00 sys=0.00, real=0.00 secs] 
11.524: [GC (Allocation Failure) [PSYoungGen: 331872K->32K(318464K)] 333580K->1740K(493568K), 0.0006131 secs] [Times: user=0.00 sys=0.00, real=0.00 secs] 
11.607: [GC (Allocation Failure) [PSYoungGen: 317984K->32K(305664K)] 319692K->1740K(480768K), 0.0005191 secs] [Times: user=0.00 sys=0.00, real=0.00 secs] 
11.684: [GC (Allocation Failure) [PSYoungGen: 305184K->96K(293376K)] 306892K->1804K(468480K), 0.0005393 secs] [Times: user=0.00 sys=0.00, real=0.00 secs] 
11.758: [GC (Allocation Failure) [PSYoungGen: 292960K->96K(281600K)] 294668K->1804K(456704K), 0.0005377 secs] [Times: user=0.00 sys=0.00, real=0.00 secs] 
11.829: [GC (Allocation Failure) [PSYoungGen: 281184K->32K(270336K)] 282892K->1740K(445440K), 0.0005356 secs] [Times: user=0.00 sys=0.00, real=0.00 secs] 
11.898: [GC (Allocation Failure) [PSYoungGen: 269856K->32K(259584K)] 271564K->1740K(434688K), 0.0009292 secs] [Times: user=0.00 sys=0.00, real=0.00 secs] 
11.965: [GC (Allocation Failure) [PSYoungGen: 259104K->32K(249344K)] 260812K->1740K(424448K), 0.0005162 secs] [Times: user=0.00 sys=0.00, real=0.00 secs] 
12.027: [GC (Allocation Failure) [PSYoungGen: 248864K->96K(239616K)] 250572K->1804K(414720K), 0.0005494 secs] [Times: user=0.00 sys=0.00, real=0.00 secs] 
12.088: [GC (Allocation Failure) [PSYoungGen: 239200K->96K(230400K)] 240908K->1804K(405504K), 0.0005312 secs] [Times: user=0.00 sys=0.00, real=0.00 secs] 
12.149: [GC (Allocation Failure) [PSYoungGen: 229984K->32K(276480K)] 231692K->1740K(451584K), 0.0010850 secs] [Times: user=0.01 sys=0.00, real=0.00 secs] 
12.219: [GC (Allocation Failure) [PSYoungGen: 276000K->64K(265728K)] 277708K->1772K(440832K), 0.0005405 secs] [Times: user=0.01 sys=0.00, real=0.00 secs] 
12.286: [GC (Allocation Failure) [PSYoungGen: 265280K->32K(255488K)] 266988K->1740K(430592K), 0.0005320 secs] [Times: user=0.00 sys=0.00, real=0.00 secs] 
12.349: [GC (Allocation Failure) [PSYoungGen: 255008K->32K(245760K)] 256716K->1740K(420864K), 0.0005270 secs] [Times: user=0.01 sys=0.00, real=0.00 secs] 
12.409: [GC (Allocation Failure) [PSYoungGen: 245280K->32K(236544K)] 246988K->1740K(411648K), 0.0005343 secs] [Times: user=0.01 sys=0.00, real=0.00 secs] 
12.468: [GC (Allocation Failure) [PSYoungGen: 236064K->32K(284160K)] 237772K->1740K(459264K), 0.0012362 secs] [Times: user=0.01 sys=0.00, real=0.00 secs] 
12.540: [GC (Allocation Failure) [PSYoungGen: 283680K->96K(272896K)] 285388K->1804K(448000K), 0.0005273 secs] [Times: user=0.00 sys=0.00, real=0.00 secs] 
12.607: [GC (Allocation Failure) [PSYoungGen: 272480K->96K(262144K)] 274188K->1804K(437248K), 0.0005620 secs] [Times: user=0.00 sys=0.00, real=0.00 secs] 
12.674: [GC (Allocation Failure) [PSYoungGen: 261728K->32K(251904K)] 263436K->1740K(427008K), 0.0005718 secs] [Times: user=0.00 sys=0.00, real=0.00 secs] 
12.736: [GC (Allocation Failure) [PSYoungGen: 251424K->32K(242176K)] 253132K->1740K(417280K), 0.0005208 secs] [Times: user=0.00 sys=0.00, real=0.00 secs] 
12.796: [GC (Allocation Failure) [PSYoungGen: 241696K->32K(232960K)] 243404K->1740K(408064K), 0.0005382 secs] [Times: user=0.00 sys=0.00, real=0.00 secs] 
12.853: [GC (Allocation Failure) [PSYoungGen: 232480K->64K(224256K)] 234188K->1772K(399360K), 0.0005234 secs] [Times: user=0.00 sys=0.00, real=0.00 secs] 
12.909: [GC (Allocation Failure) [PSYoungGen: 223808K->32K(216064K)] 225516K->1740K(391168K), 0.0005355 secs] [Times: user=0.00 sys=0.00, real=0.00 secs] 
12.962: [GC (Allocation Failure) [PSYoungGen: 215584K->32K(207872K)] 217292K->1740K(382976K), 0.0005173 secs] [Times: user=0.00 sys=0.00, real=0.01 secs] 
13.013: [GC (Allocation Failure) [PSYoungGen: 207392K->64K(200192K)] 209100K->1772K(375296K), 0.0005931 secs] [Times: user=0.00 sys=0.00, real=0.00 secs] 
13.062: [GC (Allocation Failure) [PSYoungGen: 199744K->96K(193024K)] 201452K->1804K(368128K), 0.0005331 secs] [Times: user=0.00 sys=0.00, real=0.00 secs] 
13.111: [GC (Allocation Failure) [PSYoungGen: 192608K->32K(185856K)] 194316K->1740K(360960K), 0.0005057 secs] [Times: user=0.00 sys=0.00, real=0.00 secs] 
13.159: [GC (Allocation Failure) [PSYoungGen: 185376K->32K(179200K)] 187084K->1740K(354304K), 0.0005116 secs] [Times: user=0.00 sys=0.00, real=0.00 secs] 
13.204: [GC (Allocation Failure) [PSYoungGen: 178720K->32K(173056K)] 180428K->1740K(348160K), 0.0005197 secs] [Times: user=0.00 sys=0.00, real=0.00 secs] 
13.246: [GC (Allocation Failure) [PSYoungGen: 172576K->32K(166912K)] 174284K->1740K(342016K), 0.0005472 secs] [Times: user=0.00 sys=0.00, real=0.00 secs] 
13.287: [GC (Allocation Failure) [PSYoungGen: 166432K->32K(200192K)] 168140K->1740K(375296K), 0.0005280 secs] [Times: user=0.00 sys=0.00, real=0.00 secs] 
13.337: [GC (Allocation Failure) [PSYoungGen: 199712K->32K(240128K)] 201420K->1740K(415232K), 0.0009664 secs] [Times: user=0.00 sys=0.00, real=0.00 secs] 
13.396: [GC (Allocation Failure) [PSYoungGen: 239648K->32K(288256K)] 241356K->1740K(463360K), 0.0005268 secs] [Times: user=0.00 sys=0.00, real=0.00 secs] 
13.467: [GC (Allocation Failure) [PSYoungGen: 287776K->96K(346112K)] 289484K->1804K(521216K), 0.0005718 secs] [Times: user=0.00 sys=0.00, real=0.00 secs] 
13.554: [GC (Allocation Failure) [PSYoungGen: 345696K->64K(415232K)] 347404K->1772K(590336K), 0.0010121 secs] [Times: user=0.01 sys=0.00, real=0.00 secs] 
13.659: [GC (Allocation Failure) [PSYoungGen: 414784K->32K(397824K)] 416492K->1740K(572928K), 0.0005022 secs] [Times: user=0.00 sys=0.00, real=0.00 secs] 
13.756: [GC (Allocation Failure) [PSYoungGen: 397344K->96K(380928K)] 399052K->1804K(556032K), 0.0005226 secs] [Times: user=0.00 sys=0.00, real=0.00 secs] 
13.849: [GC (Allocation Failure) [PSYoungGen: 380512K->32K(365056K)] 382220K->1740K(540160K), 0.0005319 secs] [Times: user=0.00 sys=0.00, real=0.00 secs] 
13.939: [GC (Allocation Failure) [PSYoungGen: 364576K->32K(349696K)] 366284K->1740K(524800K), 0.0005750 secs] [Times: user=0.00 sys=0.00, real=0.00 secs] 
14.025: [GC (Allocation Failure) [PSYoungGen: 349216K->64K(335360K)] 350924K->1772K(510464K), 0.0005998 secs] [Times: user=0.00 sys=0.00, real=0.00 secs] 
14.107: [GC (Allocation Failure) [PSYoungGen: 334912K->96K(321536K)] 336620K->1804K(496640K), 0.0005560 secs] [Times: user=0.00 sys=0.00, real=0.00 secs] 
14.188: [GC (Allocation Failure) [PSYoungGen: 321120K->32K(308224K)] 322828K->1740K(483328K), 0.0005376 secs] [Times: user=0.00 sys=0.00, real=0.00 secs] 
14.264: [GC (Allocation Failure) [PSYoungGen: 307744K->32K(295936K)] 309452K->1740K(471040K), 0.0005447 secs] [Times: user=0.00 sys=0.00, real=0.00 secs] 
14.336: [GC (Allocation Failure) [PSYoungGen: 295456K->32K(284160K)] 297164K->1740K(459264K), 0.0005623 secs] [Times: user=0.00 sys=0.00, real=0.00 secs] 
14.406: [GC (Allocation Failure) [PSYoungGen: 283680K->32K(272896K)] 285388K->1740K(448000K), 0.0006118 secs] [Times: user=0.00 sys=0.00, real=0.00 secs] 
14.472: [GC (Allocation Failure) [PSYoungGen: 272416K->32K(262144K)] 274124K->1740K(437248K), 0.0004931 secs] [Times: user=0.00 sys=0.00, real=0.00 secs] 
14.537: [GC (Allocation Failure) [PSYoungGen: 261664K->32K(251904K)] 263372K->1740K(427008K), 0.0005883 secs] [Times: user=0.00 sys=0.01, real=0.00 secs] 
14.597: [GC (Allocation Failure) [PSYoungGen: 251424K->32K(242176K)] 253132K->1740K(417280K), 0.0005524 secs] [Times: user=0.00 sys=0.00, real=0.00 secs] 
14.656: [GC (Allocation Failure) [PSYoungGen: 241696K->32K(232960K)] 243404K->1740K(408064K), 0.0005160 secs] [Times: user=0.00 sys=0.00, real=0.00 secs] 
14.716: [GC (Allocation Failure) [PSYoungGen: 232480K->64K(224256K)] 234188K->1772K(399360K), 0.0005143 secs] [Times: user=0.00 sys=0.00, real=0.00 secs] 
14.770: [GC (Allocation Failure) [PSYoungGen: 223808K->32K(216064K)] 225516K->1740K(391168K), 0.0005327 secs] [Times: user=0.00 sys=0.00, real=0.00 secs] 
14.821: [GC (Allocation Failure) [PSYoungGen: 215584K->32K(207872K)] 217292K->1740K(382976K), 0.0005098 secs] [Times: user=0.00 sys=0.00, real=0.00 secs] 
14.871: [GC (Allocation Failure) [PSYoungGen: 207392K->96K(200192K)] 209100K->1804K(375296K), 0.0005195 secs] [Times: user=0.00 sys=0.00, real=0.00 secs] 
14.919: [GC (Allocation Failure) [PSYoungGen: 199776K->64K(193024K)] 201484K->1772K(368128K), 0.0005338 secs] [Times: user=0.00 sys=0.00, real=0.00 secs] 
14.965: [GC (Allocation Failure) [PSYoungGen: 192576K->32K(185856K)] 194284K->1740K(360960K), 0.0004906 secs] [Times: user=0.00 sys=0.00, real=0.00 secs] 
15.010: [GC (Allocation Failure) [PSYoungGen: 185376K->32K(179200K)] 187084K->1740K(354304K), 0.0005049 secs] [Times: user=0.00 sys=0.00, real=0.00 secs] 
15.052: [GC (Allocation Failure) [PSYoungGen: 178720K->32K(173056K)] 180428K->1740K(348160K), 0.0004977 secs] [Times: user=0.00 sys=0.00, real=0.00 secs] 
15.094: [GC (Allocation Failure) [PSYoungGen: 172576K->32K(166912K)] 174284K->1740K(342016K), 0.0005190 secs] [Times: user=0.00 sys=0.00, real=0.00 secs] 
15.136: [GC (Allocation Failure) [PSYoungGen: 166432K->32K(200192K)] 168140K->1740K(375296K), 0.0008859 secs] [Times: user=0.01 sys=0.00, real=0.00 secs] 
15.187: [GC (Allocation Failure) [PSYoungGen: 199712K->32K(240128K)] 201420K->1740K(415232K), 0.0004999 secs] [Times: user=0.00 sys=0.00, real=0.00 secs] 
15.244: [GC (Allocation Failure) [PSYoungGen: 239648K->32K(288256K)] 241356K->1740K(463360K), 0.0005243 secs] [Times: user=0.00 sys=0.00, real=0.00 secs] 
15.313: [GC (Allocation Failure) [PSYoungGen: 287776K->64K(276992K)] 289484K->1772K(452096K), 0.0005118 secs] [Times: user=0.00 sys=0.00, real=0.00 secs] 
15.379: [GC (Allocation Failure) [PSYoungGen: 276544K->32K(266240K)] 278252K->1740K(441344K), 0.0005140 secs] [Times: user=0.00 sys=0.00, real=0.00 secs] 
15.443: [GC (Allocation Failure) [PSYoungGen: 265760K->96K(256000K)] 267468K->1804K(431104K), 0.0005239 secs] [Times: user=0.00 sys=0.00, real=0.00 secs] 
15.506: [GC (Allocation Failure) [PSYoungGen: 255584K->32K(246272K)] 257292K->1740K(421376K), 0.0004878 secs] [Times: user=0.00 sys=0.00, real=0.00 secs] 
15.565: [GC (Allocation Failure) [PSYoungGen: 245792K->32K(237056K)] 247500K->1740K(412160K), 0.0005053 secs] [Times: user=0.00 sys=0.00, real=0.00 secs] 
15.622: [GC (Allocation Failure) [PSYoungGen: 236576K->96K(227840K)] 238284K->1804K(402944K), 0.0005157 secs] [Times: user=0.00 sys=0.00, real=0.01 secs] 
15.678: [GC (Allocation Failure) [PSYoungGen: 227424K->96K(219136K)] 229132K->1804K(394240K), 0.0005203 secs] [Times: user=0.00 sys=0.00, real=0.00 secs] 
15.735: [GC (Allocation Failure) [PSYoungGen: 218720K->96K(210944K)] 220428K->1804K(386048K), 0.0005345 secs] [Times: user=0.00 sys=0.00, real=0.00 secs] 
15.785: [GC (Allocation Failure) [PSYoungGen: 210528K->64K(203264K)] 212236K->1772K(378368K), 0.0005162 secs] [Times: user=0.00 sys=0.00, real=0.00 secs] 
15.834: [GC (Allocation Failure) [PSYoungGen: 202816K->32K(196096K)] 204524K->1740K(371200K), 0.0005040 secs] [Times: user=0.00 sys=0.00, real=0.00 secs] 
15.881: [GC (Allocation Failure) [PSYoungGen: 195616K->32K(188928K)] 197324K->1740K(364032K), 0.0004981 secs] [Times: user=0.00 sys=0.00, real=0.00 secs] 
15.926: [GC (Allocation Failure) [PSYoungGen: 188448K->96K(182272K)] 190156K->1804K(357376K), 0.0005338 secs] [Times: user=0.00 sys=0.00, real=0.00 secs] 
15.970: [GC (Allocation Failure) [PSYoungGen: 181856K->32K(175616K)] 183564K->1740K(350720K), 0.0005264 secs] [Times: user=0.00 sys=0.00, real=0.00 secs] 
16.012: [GC (Allocation Failure) [PSYoungGen: 175136K->32K(210944K)] 176844K->1740K(386048K), 0.0005361 secs] [Times: user=0.00 sys=0.00, real=0.01 secs] 
16.063: [GC (Allocation Failure) [PSYoungGen: 210464K->32K(203264K)] 212172K->1740K(378368K), 0.0005173 secs] [Times: user=0.00 sys=0.00, real=0.00 secs] 
16.111: [GC (Allocation Failure) [PSYoungGen: 202784K->32K(196096K)] 204492K->1740K(371200K), 0.0004929 secs] [Times: user=0.00 sys=0.00, real=0.00 secs] 
16.159: [GC (Allocation Failure) [PSYoungGen: 195616K->64K(235520K)] 197324K->1772K(410624K), 0.0007061 secs] [Times: user=0.01 sys=0.00, real=0.00 secs] 
16.219: [GC (Allocation Failure) [PSYoungGen: 235072K->32K(226816K)] 236780K->1740K(401920K), 0.0005339 secs] [Times: user=0.01 sys=0.00, real=0.00 secs] 
16.278: [GC (Allocation Failure) [PSYoungGen: 226336K->32K(218112K)] 228044K->1740K(393216K), 0.0005402 secs] [Times: user=0.00 sys=0.00, real=0.00 secs] 
16.330: [GC (Allocation Failure) [PSYoungGen: 217632K->32K(209920K)] 219340K->1740K(385024K), 0.0005348 secs] [Times: user=0.00 sys=0.00, real=0.00 secs] 
16.380: [GC (Allocation Failure) [PSYoungGen: 209440K->64K(202240K)] 211148K->1772K(377344K), 0.0005530 secs] [Times: user=0.00 sys=0.00, real=0.00 secs] 
16.430: [GC (Allocation Failure) [PSYoungGen: 201792K->96K(195072K)] 203500K->1804K(370176K), 0.0005297 secs] [Times: user=0.00 sys=0.00, real=0.00 secs] 
16.480: [GC (Allocation Failure) [PSYoungGen: 194656K->32K(187904K)] 196364K->1740K(363008K), 0.0004915 secs] [Times: user=0.00 sys=0.00, real=0.00 secs] 
16.526: [GC (Allocation Failure) [PSYoungGen: 187424K->32K(181248K)] 189132K->1740K(356352K), 0.0005935 secs] [Times: user=0.00 sys=0.00, real=0.00 secs] 
16.569: [GC (Allocation Failure) [PSYoungGen: 180768K->96K(217600K)] 182476K->1804K(392704K), 0.0005063 secs] [Times: user=0.00 sys=0.00, real=0.00 secs] 
16.622: [GC (Allocation Failure) [PSYoungGen: 217184K->96K(209408K)] 218892K->1804K(384512K), 0.0005215 secs] [Times: user=0.00 sys=0.00, real=0.00 secs] 
16.672: [GC (Allocation Failure) [PSYoungGen: 208992K->96K(201728K)] 210700K->1804K(376832K), 0.0005140 secs] [Times: user=0.00 sys=0.00, real=0.00 secs] 
16.723: [GC (Allocation Failure) [PSYoungGen: 201312K->64K(194560K)] 203020K->1772K(369664K), 0.0005126 secs] [Times: user=0.00 sys=0.00, real=0.00 secs] 
16.770: [GC (Allocation Failure) [PSYoungGen: 194112K->96K(187392K)] 195820K->1804K(362496K), 0.0005078 secs] [Times: user=0.00 sys=0.00, real=0.00 secs] 
16.816: [GC (Allocation Failure) [PSYoungGen: 186976K->96K(180736K)] 188684K->1804K(355840K), 0.0005616 secs] [Times: user=0.00 sys=0.00, real=0.00 secs] 
16.860: [GC (Allocation Failure) [PSYoungGen: 180320K->96K(174592K)] 182028K->1804K(349696K), 0.0005086 secs] [Times: user=0.00 sys=0.00, real=0.00 secs] 
16.902: [GC (Allocation Failure) [PSYoungGen: 174176K->32K(209408K)] 175884K->1740K(384512K), 0.0005100 secs] [Times: user=0.00 sys=0.00, real=0.00 secs] 
16.952: [GC (Allocation Failure) [PSYoungGen: 208928K->32K(201728K)] 210636K->1740K(376832K), 0.0005099 secs] [Times: user=0.00 sys=0.00, real=0.00 secs] 
17.001: [GC (Allocation Failure) [PSYoungGen: 201248K->32K(194560K)] 202956K->1740K(369664K), 0.0005492 secs] [Times: user=0.00 sys=0.00, real=0.00 secs] 
17.049: [GC (Allocation Failure) [PSYoungGen: 194080K->32K(233472K)] 195788K->1740K(408576K), 0.0005598 secs] [Times: user=0.00 sys=0.00, real=0.00 secs] 
17.106: [GC (Allocation Failure) [PSYoungGen: 232992K->32K(224768K)] 234700K->1740K(399872K), 0.0005634 secs] [Times: user=0.00 sys=0.00, real=0.00 secs] 
17.161: [GC (Allocation Failure) [PSYoungGen: 224288K->32K(216576K)] 225996K->1740K(391680K), 0.0005409 secs] [Times: user=0.00 sys=0.00, real=0.00 secs] 
17.215: [GC (Allocation Failure) [PSYoungGen: 216096K->32K(260096K)] 217804K->1740K(435200K), 0.0010343 secs] [Times: user=0.00 sys=0.00, real=0.00 secs] 
17.281: [GC (Allocation Failure) [PSYoungGen: 259616K->96K(312320K)] 261324K->1804K(487424K), 0.0005247 secs] [Times: user=0.01 sys=0.00, real=0.00 secs] 
17.358: [GC (Allocation Failure) [PSYoungGen: 311904K->96K(299520K)] 313612K->1804K(474624K), 0.0005270 secs] [Times: user=0.00 sys=0.00, real=0.00 secs] 
17.431: [GC (Allocation Failure) [PSYoungGen: 299104K->96K(287744K)] 300812K->1804K(462848K), 0.0005505 secs] [Times: user=0.01 sys=0.00, real=0.00 secs] 
17.504: [GC (Allocation Failure) [PSYoungGen: 287328K->0K(276480K)] 289036K->1708K(451584K), 0.0005176 secs] [Times: user=0.00 sys=0.00, real=0.00 secs] 
17.572: [GC (Allocation Failure) [PSYoungGen: 275968K->96K(265728K)] 277676K->1804K(440832K), 0.0005378 secs] [Times: user=0.00 sys=0.00, real=0.01 secs] 
17.637: [GC (Allocation Failure) [PSYoungGen: 265312K->32K(255488K)] 267020K->1740K(430592K), 0.0005229 secs] [Times: user=0.00 sys=0.00, real=0.00 secs] 
17.701: [GC (Allocation Failure) [PSYoungGen: 255008K->32K(245760K)] 256716K->1740K(420864K), 0.0005113 secs] [Times: user=0.01 sys=0.00, real=0.00 secs] 
17.764: [GC (Allocation Failure) [PSYoungGen: 245280K->32K(236544K)] 246988K->1740K(411648K), 0.0005056 secs] [Times: user=0.00 sys=0.00, real=0.00 secs] 
17.822: [GC (Allocation Failure) [PSYoungGen: 236064K->32K(227328K)] 237772K->1740K(402432K), 0.0005042 secs] [Times: user=0.00 sys=0.00, real=0.01 secs] 
17.877: [GC (Allocation Failure) [PSYoungGen: 226848K->96K(218624K)] 228556K->1804K(393728K), 0.0005267 secs] [Times: user=0.00 sys=0.00, real=0.00 secs] 
17.931: [GC (Allocation Failure) [PSYoungGen: 218208K->96K(210432K)] 219916K->1804K(385536K), 0.0005346 secs] [Times: user=0.00 sys=0.00, real=0.00 secs] 
17.983: [GC (Allocation Failure) [PSYoungGen: 210016K->96K(202752K)] 211724K->1804K(377856K), 0.0005558 secs] [Times: user=0.00 sys=0.00, real=0.00 secs] 
18.033: [GC (Allocation Failure) [PSYoungGen: 202336K->64K(195584K)] 204044K->1772K(370688K), 0.0005194 secs] [Times: user=0.00 sys=0.00, real=0.00 secs] 
18.081: [GC (Allocation Failure) [PSYoungGen: 195136K->32K(188416K)] 196844K->1740K(363520K), 0.0005254 secs] [Times: user=0.00 sys=0.00, real=0.00 secs] 
18.128: [GC (Allocation Failure) [PSYoungGen: 187936K->32K(181760K)] 189644K->1740K(356864K), 0.0005743 secs] [Times: user=0.00 sys=0.00, real=0.00 secs] 
18.173: [GC (Allocation Failure) [PSYoungGen: 181280K->96K(175616K)] 182988K->1804K(350720K), 0.0005245 secs] [Times: user=0.00 sys=0.00, real=0.00 secs] 
18.216: [GC (Allocation Failure) [PSYoungGen: 175200K->96K(169472K)] 176908K->1804K(344576K), 0.0005279 secs] [Times: user=0.00 sys=0.00, real=0.00 secs] 
18.260: [GC (Allocation Failure) [PSYoungGen: 169056K->32K(203264K)] 170764K->1740K(378368K), 0.0005092 secs] [Times: user=0.00 sys=0.00, real=0.00 secs] 
18.310: [GC (Allocation Failure) [PSYoungGen: 202784K->96K(196096K)] 204492K->1804K(371200K), 0.0005245 secs] [Times: user=0.00 sys=0.00, real=0.00 secs] 
18.358: [GC (Allocation Failure) [PSYoungGen: 195680K->32K(188928K)] 197388K->1740K(364032K), 0.0005349 secs] [Times: user=0.00 sys=0.00, real=0.00 secs] 
18.404: [GC (Allocation Failure) [PSYoungGen: 188448K->64K(226816K)] 190156K->1772K(401920K), 0.0005353 secs] [Times: user=0.00 sys=0.00, real=0.00 secs] 
18.460: [GC (Allocation Failure) [PSYoungGen: 226368K->32K(218112K)] 228076K->1740K(393216K), 0.0005375 secs] [Times: user=0.00 sys=0.00, real=0.00 secs] 
18.515: [GC (Allocation Failure) [PSYoungGen: 217632K->32K(209920K)] 219340K->1740K(385024K), 0.0005618 secs] [Times: user=0.00 sys=0.00, real=0.00 secs] 
18.567: [GC (Allocation Failure) [PSYoungGen: 209440K->96K(202240K)] 211148K->1804K(377344K), 0.0005847 secs] [Times: user=0.00 sys=0.00, real=0.00 secs] 
18.617: [GC (Allocation Failure) [PSYoungGen: 201824K->32K(195072K)] 203532K->1740K(370176K), 0.0005292 secs] [Times: user=0.00 sys=0.00, real=0.00 secs] 
18.665: [GC (Allocation Failure) [PSYoungGen: 194592K->32K(187904K)] 196300K->1740K(363008K), 0.0005252 secs] [Times: user=0.01 sys=0.00, real=0.00 secs] 
18.711: [GC (Allocation Failure) [PSYoungGen: 187424K->96K(181248K)] 189132K->1804K(356352K), 0.0005573 secs] [Times: user=0.00 sys=0.01, real=0.00 secs] 
18.757: [GC (Allocation Failure) [PSYoungGen: 180832K->96K(217600K)] 182540K->1804K(392704K), 0.0012608 secs] [Times: user=0.00 sys=0.00, real=0.00 secs] 
18.812: [GC (Allocation Failure) [PSYoungGen: 217184K->32K(261120K)] 218892K->1740K(436224K), 0.0005765 secs] [Times: user=0.00 sys=0.00, real=0.00 secs] 
18.875: [GC (Allocation Failure) [PSYoungGen: 260640K->32K(313344K)] 262348K->1740K(488448K), 0.0005953 secs] [Times: user=0.00 sys=0.00, real=0.00 secs] 
18.952: [GC (Allocation Failure) [PSYoungGen: 312864K->96K(376320K)] 314572K->1804K(551424K), 0.0005807 secs] [Times: user=0.00 sys=0.00, real=0.01 secs] 
19.044: [GC (Allocation Failure) [PSYoungGen: 375904K->32K(360448K)] 377612K->1740K(535552K), 0.0005632 secs] [Times: user=0.00 sys=0.00, real=0.00 secs] 
19.132: [GC (Allocation Failure) [PSYoungGen: 359968K->32K(345600K)] 361676K->1740K(520704K), 0.0005342 secs] [Times: user=0.01 sys=0.00, real=0.01 secs] 
19.218: [GC (Allocation Failure) [PSYoungGen: 345120K->96K(331264K)] 346828K->1804K(506368K), 0.0005264 secs] [Times: user=0.00 sys=0.00, real=0.00 secs] 
19.301: [GC (Allocation Failure) [PSYoungGen: 330848K->96K(317952K)] 332556K->1804K(493056K), 0.0005173 secs] [Times: user=0.00 sys=0.00, real=0.00 secs] 
19.379: [GC (Allocation Failure) [PSYoungGen: 317536K->96K(305152K)] 319244K->1804K(480256K), 0.0005329 secs] [Times: user=0.00 sys=0.00, real=0.00 secs] 
19.454: [GC (Allocation Failure) [PSYoungGen: 304736K->96K(292864K)] 306444K->1804K(467968K), 0.0005321 secs] [Times: user=0.00 sys=0.00, real=0.00 secs] 
19.529: [GC (Allocation Failure) [PSYoungGen: 292448K->96K(281088K)] 294156K->1804K(456192K), 0.0013407 secs] [Times: user=0.00 sys=0.00, real=0.00 secs] 
19.599: [GC (Allocation Failure) [PSYoungGen: 280672K->32K(269824K)] 282380K->1740K(444928K), 0.0005313 secs] [Times: user=0.00 sys=0.00, real=0.00 secs] 
19.666: [GC (Allocation Failure) [PSYoungGen: 269344K->32K(259072K)] 271052K->1740K(434176K), 0.0005884 secs] [Times: user=0.00 sys=0.00, real=0.00 secs] 
19.729: [GC (Allocation Failure) [PSYoungGen: 258592K->32K(248832K)] 260300K->1740K(423936K), 0.0005299 secs] [Times: user=0.00 sys=0.00, real=0.00 secs] 
19.792: [GC (Allocation Failure) [PSYoungGen: 248352K->32K(239104K)] 250060K->1740K(414208K), 0.0005148 secs] [Times: user=0.01 sys=0.00, real=0.00 secs] 
19.850: [GC (Allocation Failure) [PSYoungGen: 238624K->32K(229888K)] 240332K->1740K(404992K), 0.0005126 secs] [Times: user=0.00 sys=0.00, real=0.00 secs] 
19.907: [GC (Allocation Failure) [PSYoungGen: 229408K->64K(221184K)] 231116K->1772K(396288K), 0.0005363 secs] [Times: user=0.00 sys=0.00, real=0.00 secs] 
19.961: [GC (Allocation Failure) [PSYoungGen: 220736K->96K(212992K)] 222444K->1804K(388096K), 0.0005795 secs] [Times: user=0.01 sys=0.00, real=0.00 secs] 
20.013: [GC (Allocation Failure) [PSYoungGen: 212576K->96K(205312K)] 214284K->1804K(380416K), 0.0005469 secs] [Times: user=0.00 sys=0.00, real=0.00 secs] 
20.064: [GC (Allocation Failure) [PSYoungGen: 204896K->96K(197632K)] 206604K->1804K(372736K), 0.0005369 secs] [Times: user=0.00 sys=0.00, real=0.00 secs] 
20.112: [GC (Allocation Failure) [PSYoungGen: 197216K->64K(190464K)] 198924K->1772K(365568K), 0.0005371 secs] [Times: user=0.00 sys=0.00, real=0.01 secs] 
20.161: [GC (Allocation Failure) [PSYoungGen: 190016K->96K(183808K)] 191724K->1804K(358912K), 0.0005208 secs] [Times: user=0.00 sys=0.00, real=0.00 secs] 
20.206: [GC (Allocation Failure) [PSYoungGen: 183392K->64K(177152K)] 185100K->1772K(352256K), 0.0005600 secs] [Times: user=0.00 sys=0.00, real=0.00 secs] 
20.249: [GC (Allocation Failure) [PSYoungGen: 176704K->32K(171008K)] 178412K->1740K(346112K), 0.0005346 secs] [Times: user=0.00 sys=0.00, real=0.00 secs] 
20.293: [GC (Allocation Failure) [PSYoungGen: 170528K->96K(205312K)] 172236K->1804K(380416K), 0.0005708 secs] [Times: user=0.00 sys=0.00, real=0.00 secs] 
20.343: [GC (Allocation Failure) [PSYoungGen: 204896K->32K(246272K)] 206604K->1764K(421376K), 0.0005203 secs] [Times: user=0.00 sys=0.00, real=0.00 secs] 
20.404: [GC (Allocation Failure) [PSYoungGen: 245792K->32K(237056K)] 247524K->1764K(412160K), 0.0005849 secs] [Times: user=0.00 sys=0.00, real=0.00 secs] 
20.462: [GC (Allocation Failure) [PSYoungGen: 236576K->32K(227840K)] 238308K->1764K(402944K), 0.0005647 secs] [Times: user=0.00 sys=0.00, real=0.01 secs] 
20.518: [GC (Allocation Failure) [PSYoungGen: 227360K->32K(219136K)] 229092K->1764K(394240K), 0.0005051 secs] [Times: user=0.00 sys=0.00, real=0.00 secs] 
20.572: [GC (Allocation Failure) [PSYoungGen: 218656K->96K(210944K)] 220388K->1828K(386048K), 0.0005346 secs] [Times: user=0.00 sys=0.00, real=0.00 secs] 
20.624: [GC (Allocation Failure) [PSYoungGen: 210528K->32K(203264K)] 212260K->1764K(378368K), 0.0006151 secs] [Times: user=0.00 sys=0.00, real=0.00 secs] 
20.674: [GC (Allocation Failure) [PSYoungGen: 202784K->32K(196096K)] 204516K->1764K(371200K), 0.0005275 secs] [Times: user=0.00 sys=0.00, real=0.00 secs] 
20.722: [GC (Allocation Failure) [PSYoungGen: 195616K->32K(188928K)] 197348K->1764K(364032K), 0.0005008 secs] [Times: user=0.00 sys=0.00, real=0.01 secs] 
20.768: [GC (Allocation Failure) [PSYoungGen: 188448K->32K(182272K)] 190180K->1764K(357376K), 0.0005485 secs] [Times: user=0.00 sys=0.01, real=0.00 secs] 
20.814: [GC (Allocation Failure) [PSYoungGen: 181792K->32K(175616K)] 183524K->1764K(350720K), 0.0005246 secs] [Times: user=0.01 sys=0.00, real=0.00 secs] 
20.858: [GC (Allocation Failure) [PSYoungGen: 175136K->32K(210944K)] 176868K->1764K(386048K), 0.0005703 secs] [Times: user=0.00 sys=0.00, real=0.00 secs] 
20.909: [GC (Allocation Failure) [PSYoungGen: 210464K->96K(203264K)] 212196K->1828K(378368K), 0.0005188 secs] [Times: user=0.00 sys=0.00, real=0.00 secs] 
20.959: [GC (Allocation Failure) [PSYoungGen: 202848K->96K(196096K)] 204580K->1828K(371200K), 0.0005253 secs] [Times: user=0.00 sys=0.00, real=0.00 secs] 
21.008: [GC (Allocation Failure) [PSYoungGen: 195680K->32K(188928K)] 197412K->1764K(364032K), 0.0005590 secs] [Times: user=0.00 sys=0.00, real=0.00 secs] 
21.054: [GC (Allocation Failure) [PSYoungGen: 188448K->32K(226816K)] 190180K->1764K(401920K), 0.0006023 secs] [Times: user=0.00 sys=0.00, real=0.00 secs] 
21.109: [GC (Allocation Failure) [PSYoungGen: 226336K->96K(218112K)] 228068K->1828K(393216K), 0.0005221 secs] [Times: user=0.00 sys=0.00, real=0.00 secs] 
21.163: [GC (Allocation Failure) [PSYoungGen: 217696K->32K(261632K)] 219428K->1764K(436736K), 0.0006296 secs] [Times: user=0.00 sys=0.00, real=0.00 secs] 
21.227: [GC (Allocation Failure) [PSYoungGen: 261152K->96K(251392K)] 262884K->1828K(426496K), 0.0005202 secs] [Times: user=0.00 sys=0.00, real=0.00 secs] 
21.289: [GC (Allocation Failure) [PSYoungGen: 250976K->32K(241664K)] 252708K->1764K(416768K), 0.0005232 secs] [Times: user=0.00 sys=0.00, real=0.00 secs] 
21.349: [GC (Allocation Failure) [PSYoungGen: 241184K->32K(232448K)] 242916K->1764K(407552K), 0.0005183 secs] [Times: user=0.00 sys=0.00, real=0.00 secs] 
21.406: [GC (Allocation Failure) [PSYoungGen: 231968K->32K(223744K)] 233700K->1764K(398848K), 0.0005597 secs] [Times: user=0.00 sys=0.00, real=0.00 secs] 
21.461: [GC (Allocation Failure) [PSYoungGen: 223264K->32K(215552K)] 224996K->1764K(390656K), 0.0005683 secs] [Times: user=0.00 sys=0.00, real=0.00 secs] 
21.515: [GC (Allocation Failure) [PSYoungGen: 215072K->32K(207360K)] 216804K->1764K(382464K), 0.0005382 secs] [Times: user=0.00 sys=0.00, real=0.00 secs] 
21.566: [GC (Allocation Failure) [PSYoungGen: 206880K->96K(199680K)] 208612K->1828K(374784K), 0.0005310 secs] [Times: user=0.00 sys=0.00, real=0.00 secs] 
21.615: [GC (Allocation Failure) [PSYoungGen: 199264K->96K(192512K)] 200996K->1828K(367616K), 0.0005349 secs] [Times: user=0.00 sys=0.00, real=0.00 secs] 
21.663: [GC (Allocation Failure) [PSYoungGen: 192096K->32K(185856K)] 193828K->1764K(360960K), 0.0005652 secs] [Times: user=0.00 sys=0.00, real=0.00 secs] 
21.709: [GC (Allocation Failure) [PSYoungGen: 185376K->96K(179200K)] 187108K->1828K(354304K), 0.0005570 secs] [Times: user=0.01 sys=0.00, real=0.00 secs] 
21.752: [GC (Allocation Failure) [PSYoungGen: 178784K->96K(215040K)] 180516K->1828K(390144K), 0.0005568 secs] [Times: user=0.00 sys=0.00, real=0.01 secs] 
21.805: [GC (Allocation Failure) [PSYoungGen: 214624K->32K(258048K)] 216356K->1764K(433152K), 0.0005592 secs] [Times: user=0.00 sys=0.00, real=0.00 secs] 
21.868: [GC (Allocation Failure) [PSYoungGen: 257568K->32K(247808K)] 259300K->1764K(422912K), 0.0005330 secs] [Times: user=0.00 sys=0.00, real=0.00 secs] 
21.927: [GC (Allocation Failure) [PSYoungGen: 247328K->96K(238080K)] 249060K->1828K(413184K), 0.0005176 secs] [Times: user=0.00 sys=0.00, real=0.00 secs] 
21.984: [GC (Allocation Failure) [PSYoungGen: 237664K->64K(228864K)] 239396K->1796K(403968K), 0.0005303 secs] [Times: user=0.00 sys=0.00, real=0.00 secs] 
22.038: [GC (Allocation Failure) [PSYoungGen: 228416K->32K(220160K)] 230148K->1764K(395264K), 0.0005109 secs] [Times: user=0.00 sys=0.00, real=0.00 secs] 
22.091: [GC (Allocation Failure) [PSYoungGen: 219680K->64K(211968K)] 221412K->1796K(387072K), 0.0005769 secs] [Times: user=0.00 sys=0.00, real=0.00 secs] 
22.142: [GC (Allocation Failure) [PSYoungGen: 211520K->32K(204288K)] 213252K->1764K(379392K), 0.0005428 secs] [Times: user=0.00 sys=0.00, real=0.01 secs] 
22.192: [GC (Allocation Failure) [PSYoungGen: 203808K->32K(196608K)] 205540K->1764K(371712K), 0.0004916 secs] [Times: user=0.00 sys=0.00, real=0.01 secs] 
22.239: [GC (Allocation Failure) [PSYoungGen: 196128K->96K(189440K)] 197860K->1828K(364544K), 0.0005698 secs] [Times: user=0.00 sys=0.00, real=0.00 secs] 
22.284: [GC (Allocation Failure) [PSYoungGen: 189024K->64K(182784K)] 190756K->1796K(357888K), 0.0005593 secs] [Times: user=0.00 sys=0.00, real=0.00 secs] 
22.328: [GC (Allocation Failure) [PSYoungGen: 182336K->32K(176128K)] 184068K->1764K(351232K), 0.0004967 secs] [Times: user=0.00 sys=0.00, real=0.00 secs] 
22.371: [GC (Allocation Failure) [PSYoungGen: 175648K->32K(169984K)] 177380K->1764K(345088K), 0.0004966 secs] [Times: user=0.00 sys=0.00, real=0.00 secs] 
22.412: [GC (Allocation Failure) [PSYoungGen: 169504K->32K(204288K)] 171236K->1764K(379392K), 0.0005551 secs] [Times: user=0.00 sys=0.00, real=0.00 secs] 
22.460: [GC (Allocation Failure) [PSYoungGen: 203808K->96K(245248K)] 205540K->1828K(420352K), 0.0005551 secs] [Times: user=0.00 sys=0.00, real=0.00 secs] 
22.520: [GC (Allocation Failure) [PSYoungGen: 244832K->32K(236032K)] 246564K->1764K(411136K), 0.0005258 secs] [Times: user=0.00 sys=0.00, real=0.00 secs] 
22.576: [GC (Allocation Failure) [PSYoungGen: 235552K->32K(227328K)] 237284K->1764K(402432K), 0.0006132 secs] [Times: user=0.00 sys=0.00, real=0.00 secs] 
22.631: [GC (Allocation Failure) [PSYoungGen: 226848K->96K(218624K)] 228580K->1828K(393728K), 0.0005185 secs] [Times: user=0.00 sys=0.00, real=0.00 secs] 
22.683: [GC (Allocation Failure) [PSYoungGen: 218208K->96K(210432K)] 219940K->1828K(385536K), 0.0005106 secs] [Times: user=0.01 sys=0.00, real=0.00 secs] 
22.733: [GC (Allocation Failure) [PSYoungGen: 210016K->32K(202752K)] 211748K->1764K(377856K), 0.0005272 secs] [Times: user=0.01 sys=0.00, real=0.00 secs] 
22.783: [GC (Allocation Failure) [PSYoungGen: 202272K->96K(195584K)] 204004K->1828K(370688K), 0.0005167 secs] [Times: user=0.00 sys=0.00, real=0.00 secs] 
22.831: [GC (Allocation Failure) [PSYoungGen: 195168K->96K(188416K)] 196900K->1828K(363520K), 0.0005664 secs] [Times: user=0.00 sys=0.00, real=0.00 secs] 
22.877: [GC (Allocation Failure) [PSYoungGen: 188000K->96K(181760K)] 189732K->1828K(356864K), 0.0005233 secs] [Times: user=0.00 sys=0.00, real=0.00 secs] 
22.921: [GC (Allocation Failure) [PSYoungGen: 181344K->96K(218112K)] 183076K->1828K(393216K), 0.0005572 secs] [Times: user=0.00 sys=0.00, real=0.00 secs] 
22.973: [GC (Allocation Failure) [PSYoungGen: 217696K->96K(209920K)] 219428K->1828K(385024K), 0.0005204 secs] [Times: user=0.00 sys=0.00, real=0.00 secs] 
23.023: [GC (Allocation Failure) [PSYoungGen: 209504K->32K(202240K)] 211236K->1764K(377344K), 0.0004915 secs] [Times: user=0.00 sys=0.00, real=0.00 secs] 
23.071: [GC (Allocation Failure) [PSYoungGen: 201760K->32K(195072K)] 203492K->1764K(370176K), 0.0004938 secs] [Times: user=0.00 sys=0.00, real=0.00 secs] 
23.118: [GC (Allocation Failure) [PSYoungGen: 194592K->32K(187904K)] 196324K->1764K(363008K), 0.0005056 secs] [Times: user=0.00 sys=0.00, real=0.00 secs] 
23.163: [GC (Allocation Failure) [PSYoungGen: 187424K->32K(181248K)] 189156K->1764K(356352K), 0.0005328 secs] [Times: user=0.00 sys=0.00, real=0.00 secs] 
23.206: [GC (Allocation Failure) [PSYoungGen: 180768K->96K(217600K)] 182500K->1828K(392704K), 0.0005278 secs] [Times: user=0.00 sys=0.00, real=0.00 secs] 
23.260: [GC (Allocation Failure) [PSYoungGen: 217184K->32K(209408K)] 218916K->1764K(384512K), 0.0004935 secs] [Times: user=0.00 sys=0.00, real=0.00 secs] 
23.310: [GC (Allocation Failure) [PSYoungGen: 208928K->64K(201728K)] 210660K->1796K(376832K), 0.0005508 secs] [Times: user=0.00 sys=0.00, real=0.00 secs] 
23.359: [GC (Allocation Failure) [PSYoungGen: 201280K->32K(194560K)] 203012K->1772K(369664K), 0.0005155 secs] [Times: user=0.01 sys=0.00, real=0.00 secs] 
23.406: [GC (Allocation Failure) [PSYoungGen: 194080K->32K(187392K)] 195820K->1772K(362496K), 0.0005282 secs] [Times: user=0.00 sys=0.00, real=0.00 secs] 
23.450: [GC (Allocation Failure) [PSYoungGen: 186912K->96K(180736K)] 188652K->1836K(355840K), 0.0005074 secs] [Times: user=0.00 sys=0.00, real=0.00 secs] 
23.493: [GC (Allocation Failure) [PSYoungGen: 180320K->96K(217088K)] 182060K->1836K(392192K), 0.0005085 secs] [Times: user=0.00 sys=0.00, real=0.00 secs] 
23.550: [GC (Allocation Failure) [PSYoungGen: 216672K->96K(260608K)] 218412K->1836K(435712K), 0.0006205 secs] [Times: user=0.00 sys=0.00, real=0.00 secs] 
23.613: [GC (Allocation Failure) [PSYoungGen: 260192K->96K(250368K)] 261932K->1836K(425472K), 0.0005340 secs] [Times: user=0.00 sys=0.00, real=0.00 secs] 
23.672: [GC (Allocation Failure) [PSYoungGen: 249952K->32K(240640K)] 251692K->1772K(415744K), 0.0005491 secs] [Times: user=0.00 sys=0.00, real=0.00 secs] 
23.730: [GC (Allocation Failure) [PSYoungGen: 240160K->96K(231424K)] 241900K->1836K(406528K), 0.0005081 secs] [Times: user=0.00 sys=0.00, real=0.00 secs] 
23.786: [GC (Allocation Failure) [PSYoungGen: 231008K->32K(222720K)] 232748K->1772K(397824K), 0.0005138 secs] [Times: user=0.00 sys=0.00, real=0.00 secs] 
23.839: [GC (Allocation Failure) [PSYoungGen: 222240K->32K(214528K)] 223980K->1772K(389632K), 0.0005042 secs] [Times: user=0.00 sys=0.00, real=0.00 secs] 
23.891: [GC (Allocation Failure) [PSYoungGen: 214048K->32K(206336K)] 215788K->1772K(381440K), 0.0005155 secs] [Times: user=0.00 sys=0.00, real=0.00 secs] 
23.940: [GC (Allocation Failure) [PSYoungGen: 205856K->96K(198656K)] 207596K->1836K(373760K), 0.0005151 secs] [Times: user=0.00 sys=0.00, real=0.00 secs] 
23.988: [GC (Allocation Failure) [PSYoungGen: 198240K->32K(191488K)] 199980K->1772K(366592K), 0.0005525 secs] [Times: user=0.00 sys=0.00, real=0.00 secs] 
24.034: [GC (Allocation Failure) [PSYoungGen: 191008K->96K(184832K)] 192748K->1836K(359936K), 0.0005676 secs] [Times: user=0.00 sys=0.00, real=0.00 secs] 
24.078: [GC (Allocation Failure) [PSYoungGen: 184416K->32K(178176K)] 186156K->1772K(353280K), 0.0005266 secs] [Times: user=0.00 sys=0.00, real=0.00 secs] 
24.121: [GC (Allocation Failure) [PSYoungGen: 177696K->96K(214016K)] 179436K->1836K(389120K), 0.0005058 secs] [Times: user=0.00 sys=0.00, real=0.00 secs] 
24.172: [GC (Allocation Failure) [PSYoungGen: 213600K->32K(257024K)] 215340K->1772K(432128K), 0.0005935 secs] [Times: user=0.00 sys=0.00, real=0.01 secs] 
24.236: [GC (Allocation Failure) [PSYoungGen: 256544K->32K(247296K)] 258284K->1772K(422400K), 0.0004930 secs] [Times: user=0.00 sys=0.00, real=0.00 secs] 
24.296: [GC (Allocation Failure) [PSYoungGen: 246816K->96K(237568K)] 248556K->1836K(412672K), 0.0005587 secs] [Times: user=0.00 sys=0.00, real=0.00 secs] 
24.355: [GC (Allocation Failure) [PSYoungGen: 237152K->96K(228352K)] 238892K->1836K(403456K), 0.0005346 secs] [Times: user=0.00 sys=0.00, real=0.00 secs] 
24.410: [GC (Allocation Failure) [PSYoungGen: 227936K->32K(219648K)] 229676K->1772K(394752K), 0.0005237 secs] [Times: user=0.00 sys=0.00, real=0.00 secs] 
24.462: [GC (Allocation Failure) [PSYoungGen: 219168K->32K(211456K)] 220908K->1772K(386560K), 0.0005287 secs] [Times: user=0.00 sys=0.00, real=0.01 secs] 
24.512: [GC (Allocation Failure) [PSYoungGen: 210976K->96K(203776K)] 212716K->1836K(378880K), 0.0005107 secs] [Times: user=0.00 sys=0.00, real=0.01 secs] 
24.562: [GC (Allocation Failure) [PSYoungGen: 203360K->64K(196096K)] 205100K->1804K(371200K), 0.0005366 secs] [Times: user=0.00 sys=0.00, real=0.01 secs] 
24.609: [GC (Allocation Failure) [PSYoungGen: 195648K->32K(188928K)] 197388K->1772K(364032K), 0.0005511 secs] [Times: user=0.00 sys=0.00, real=0.00 secs] 
24.654: [GC (Allocation Failure) [PSYoungGen: 188448K->32K(182272K)] 190188K->1772K(357376K), 0.0005094 secs] [Times: user=0.00 sys=0.00, real=0.00 secs] 
24.698: [GC (Allocation Failure) [PSYoungGen: 181792K->32K(175616K)] 183532K->1772K(350720K), 0.0005298 secs] [Times: user=0.00 sys=0.00, real=0.00 secs] 
24.741: [GC (Allocation Failure) [PSYoungGen: 175136K->96K(169472K)] 176876K->1836K(344576K), 0.0005021 secs] [Times: user=0.01 sys=0.00, real=0.00 secs] 
24.782: [GC (Allocation Failure) [PSYoungGen: 169056K->96K(203264K)] 170796K->1836K(378368K), 0.0005235 secs] [Times: user=0.00 sys=0.00, real=0.00 secs] 
24.832: [GC (Allocation Failure) [PSYoungGen: 202848K->64K(244224K)] 204588K->1804K(419328K), 0.0010404 secs] [Times: user=0.00 sys=0.00, real=0.01 secs] 
24.892: [GC (Allocation Failure) [PSYoungGen: 243776K->96K(293376K)] 245516K->1836K(468480K), 0.0005320 secs] [Times: user=0.00 sys=0.00, real=0.00 secs] 
24.964: [GC (Allocation Failure) [PSYoungGen: 292960K->32K(352256K)] 294700K->1772K(527360K), 0.0005623 secs] [Times: user=0.00 sys=0.00, real=0.00 secs] 
25.050: [GC (Allocation Failure) [PSYoungGen: 351776K->32K(337920K)] 353516K->1772K(513024K), 0.0005045 secs] [Times: user=0.00 sys=0.00, real=0.00 secs] 
25.134: [GC (Allocation Failure) [PSYoungGen: 337440K->32K(324096K)] 339180K->1772K(499200K), 0.0005834 secs] [Times: user=0.00 sys=0.00, real=0.00 secs] 
25.214: [GC (Allocation Failure) [PSYoungGen: 323616K->32K(310784K)] 325356K->1772K(485888K), 0.0005429 secs] [Times: user=0.00 sys=0.00, real=0.00 secs] 
25.290: [GC (Allocation Failure) [PSYoungGen: 310304K->96K(297984K)] 312044K->1836K(473088K), 0.0005246 secs] [Times: user=0.00 sys=0.00, real=0.00 secs] 
25.364: [GC (Allocation Failure) [PSYoungGen: 297568K->96K(286208K)] 299308K->1836K(461312K), 0.0005454 secs] [Times: user=0.00 sys=0.00, real=0.00 secs] 
25.434: [GC (Allocation Failure) [PSYoungGen: 285792K->32K(274944K)] 287532K->1772K(450048K), 0.0005324 secs] [Times: user=0.00 sys=0.00, real=0.00 secs] 
25.502: [GC (Allocation Failure) [PSYoungGen: 274464K->96K(264192K)] 276204K->1836K(439296K), 0.0005219 secs] [Times: user=0.00 sys=0.00, real=0.01 secs] 
25.568: [GC (Allocation Failure) [PSYoungGen: 263776K->32K(253952K)] 265516K->1772K(429056K), 0.0005076 secs] [Times: user=0.00 sys=0.00, real=0.00 secs] 
25.631: [GC (Allocation Failure) [PSYoungGen: 253472K->32K(244224K)] 255212K->1772K(419328K), 0.0005092 secs] [Times: user=0.00 sys=0.00, real=0.00 secs] 
25.690: [GC (Allocation Failure) [PSYoungGen: 243744K->96K(235008K)] 245484K->1836K(410112K), 0.0005270 secs] [Times: user=0.00 sys=0.00, real=0.00 secs] 
25.748: [GC (Allocation Failure) [PSYoungGen: 234591K->32K(226304K)] 236331K->1772K(401408K), 0.0005814 secs] [Times: user=0.01 sys=0.00, real=0.00 secs] 
25.804: [GC (Allocation Failure) [PSYoungGen: 225824K->64K(217600K)] 227564K->1804K(392704K), 0.0005319 secs] [Times: user=0.00 sys=0.00, real=0.00 secs] 
25.859: [GC (Allocation Failure) [PSYoungGen: 217152K->96K(209408K)] 218892K->1836K(384512K), 0.0010293 secs] [Times: user=0.00 sys=0.00, real=0.00 secs] 
25.911: [GC (Allocation Failure) [PSYoungGen: 208992K->32K(201728K)] 210732K->1772K(376832K), 0.0005330 secs] [Times: user=0.00 sys=0.00, real=0.00 secs] 
25.961: [GC (Allocation Failure) [PSYoungGen: 201248K->32K(194560K)] 202988K->1772K(369664K), 0.0005031 secs] [Times: user=0.00 sys=0.00, real=0.00 secs] 
26.009: [GC (Allocation Failure) [PSYoungGen: 194080K->96K(187392K)] 195820K->1836K(362496K), 0.0005429 secs] [Times: user=0.00 sys=0.00, real=0.00 secs] 
26.055: [GC (Allocation Failure) [PSYoungGen: 186976K->96K(180736K)] 188716K->1836K(355840K), 0.0005253 secs] [Times: user=0.00 sys=0.00, real=0.00 secs] 
26.100: [GC (Allocation Failure) [PSYoungGen: 180320K->96K(174592K)] 182060K->1836K(349696K), 0.0005330 secs] [Times: user=0.00 sys=0.00, real=0.00 secs] 
26.143: [GC (Allocation Failure) [PSYoungGen: 174176K->32K(209408K)] 175916K->1772K(384512K), 0.0005449 secs] [Times: user=0.00 sys=0.00, real=0.00 secs] 
26.195: [GC (Allocation Failure) [PSYoungGen: 208928K->32K(201728K)] 210668K->1772K(376832K), 0.0005051 secs] [Times: user=0.00 sys=0.00, real=0.00 secs] 
26.245: [GC (Allocation Failure) [PSYoungGen: 201248K->32K(194560K)] 202988K->1772K(369664K), 0.0005261 secs] [Times: user=0.00 sys=0.00, real=0.00 secs] 
26.293: [GC (Allocation Failure) [PSYoungGen: 194080K->96K(187392K)] 195820K->1836K(362496K), 0.0005227 secs] [Times: user=0.00 sys=0.00, real=0.00 secs] 
26.339: [GC (Allocation Failure) [PSYoungGen: 186976K->64K(180736K)] 188716K->1804K(355840K), 0.0005250 secs] [Times: user=0.00 sys=0.00, real=0.00 secs] 
26.386: [GC (Allocation Failure) [PSYoungGen: 180288K->96K(217088K)] 182028K->1836K(392192K), 0.0005517 secs] [Times: user=0.00 sys=0.00, real=0.00 secs] 
26.439: [GC (Allocation Failure) [PSYoungGen: 216672K->96K(208896K)] 218412K->1836K(384000K), 0.0005069 secs] [Times: user=0.00 sys=0.00, real=0.00 secs] 
26.491: [GC (Allocation Failure) [PSYoungGen: 208480K->96K(201216K)] 210220K->1836K(376320K), 0.0005399 secs] [Times: user=0.00 sys=0.00, real=0.00 secs] 
26.541: [GC (Allocation Failure) [PSYoungGen: 200800K->64K(194048K)] 202540K->1804K(369152K), 0.0005324 secs] [Times: user=0.00 sys=0.00, real=0.00 secs] 
26.590: [GC (Allocation Failure) [PSYoungGen: 193600K->64K(186880K)] 195340K->1804K(361984K), 0.0005519 secs] [Times: user=0.00 sys=0.00, real=0.00 secs] 
26.636: [GC (Allocation Failure) [PSYoungGen: 186432K->96K(180224K)] 188172K->1836K(355328K), 0.0005190 secs] [Times: user=0.00 sys=0.00, real=0.00 secs] 
26.681: [GC (Allocation Failure) [PSYoungGen: 179808K->96K(216576K)] 181548K->1836K(391680K), 0.0005837 secs] [Times: user=0.00 sys=0.00, real=0.00 secs] 
26.734: [GC (Allocation Failure) [PSYoungGen: 216160K->32K(208384K)] 217900K->1772K(383488K), 0.0005336 secs] [Times: user=0.00 sys=0.00, real=0.00 secs] 
26.785: [GC (Allocation Failure) [PSYoungGen: 207904K->32K(200704K)] 209644K->1772K(375808K), 0.0005596 secs] [Times: user=0.00 sys=0.00, real=0.00 secs] 
26.834: [GC (Allocation Failure) [PSYoungGen: 200224K->32K(193536K)] 201964K->1772K(368640K), 0.0005469 secs] [Times: user=0.00 sys=0.00, real=0.00 secs] 
26.883: [GC (Allocation Failure) [PSYoungGen: 193056K->32K(186368K)] 194796K->1772K(361472K), 0.0005523 secs] [Times: user=0.00 sys=0.00, real=0.00 secs] 
26.929: [GC (Allocation Failure) [PSYoungGen: 185888K->32K(179712K)] 187628K->1772K(354816K), 0.0005288 secs] [Times: user=0.00 sys=0.00, real=0.00 secs] 
26.973: [GC (Allocation Failure) [PSYoungGen: 179232K->32K(215552K)] 180972K->1772K(390656K), 0.0005432 secs] [Times: user=0.00 sys=0.00, real=0.00 secs] 
27.026: [GC (Allocation Failure) [PSYoungGen: 215072K->32K(258560K)] 216812K->1772K(433664K), 0.0005754 secs] [Times: user=0.00 sys=0.00, real=0.00 secs] 
27.089: [GC (Allocation Failure) [PSYoungGen: 258076K->32K(248320K)] 259816K->1772K(423424K), 0.0005334 secs] [Times: user=0.00 sys=0.00, real=0.00 secs] 
27.150: [GC (Allocation Failure) [PSYoungGen: 247840K->96K(238592K)] 249580K->1836K(413696K), 0.0005394 secs] [Times: user=0.01 sys=0.00, real=0.00 secs] 
27.209: [GC (Allocation Failure) [PSYoungGen: 238176K->32K(229376K)] 239916K->1772K(404480K), 0.0005732 secs] [Times: user=0.00 sys=0.00, real=0.00 secs] 
27.264: [GC (Allocation Failure) [PSYoungGen: 228896K->96K(220672K)] 230636K->1836K(395776K), 0.0005047 secs] [Times: user=0.00 sys=0.00, real=0.00 secs] 
27.317: [GC (Allocation Failure) [PSYoungGen: 220256K->32K(212480K)] 221996K->1772K(387584K), 0.0005214 secs] [Times: user=0.00 sys=0.00, real=0.00 secs] 
27.367: [GC (Allocation Failure) [PSYoungGen: 212000K->96K(204800K)] 213740K->1836K(379904K), 0.0005219 secs] [Times: user=0.00 sys=0.00, real=0.00 secs] 
27.419: [GC (Allocation Failure) [PSYoungGen: 204384K->32K(197120K)] 206124K->1772K(372224K), 0.0005003 secs] [Times: user=0.01 sys=0.00, real=0.00 secs] 
27.466: [GC (Allocation Failure) [PSYoungGen: 196640K->96K(189952K)] 198380K->1836K(365056K), 0.0005016 secs] [Times: user=0.00 sys=0.00, real=0.00 secs] 
27.511: [GC (Allocation Failure) [PSYoungGen: 189536K->32K(183296K)] 191276K->1772K(358400K), 0.0004986 secs] [Times: user=0.00 sys=0.00, real=0.00 secs] 
27.557: [GC (Allocation Failure) [PSYoungGen: 182816K->96K(176640K)] 184556K->1836K(351744K), 0.0005144 secs] [Times: user=0.01 sys=0.00, real=0.00 secs] 
27.599: [GC (Allocation Failure) [PSYoungGen: 176224K->32K(170496K)] 177964K->1772K(345600K), 0.0004976 secs] [Times: user=0.00 sys=0.00, real=0.00 secs] 
27.640: [GC (Allocation Failure) [PSYoungGen: 170016K->32K(204800K)] 171756K->1772K(379904K), 0.0005111 secs] [Times: user=0.00 sys=0.00, real=0.00 secs] 
27.689: [GC (Allocation Failure) [PSYoungGen: 204320K->96K(197120K)] 206060K->1836K(372224K), 0.0005368 secs] [Times: user=0.00 sys=0.00, real=0.00 secs] 
27.736: [GC (Allocation Failure) [PSYoungGen: 196704K->32K(189952K)] 198444K->1772K(365056K), 0.0005225 secs] [Times: user=0.00 sys=0.00, real=0.00 secs] 
27.782: [GC (Allocation Failure) [PSYoungGen: 189472K->96K(227840K)] 191212K->1836K(402944K), 0.0005422 secs] [Times: user=0.00 sys=0.00, real=0.01 secs] 
27.838: [GC (Allocation Failure) [PSYoungGen: 227424K->96K(219136K)] 229164K->1836K(394240K), 0.0005183 secs] [Times: user=0.00 sys=0.00, real=0.00 secs] 
27.890: [GC (Allocation Failure) [PSYoungGen: 218720K->96K(210944K)] 220460K->1836K(386048K), 0.0005119 secs] [Times: user=0.00 sys=0.00, real=0.00 secs] 
27.944: [GC (Allocation Failure) [PSYoungGen: 210528K->32K(203264K)] 212268K->1772K(378368K), 0.0005648 secs] [Times: user=0.00 sys=0.00, real=0.00 secs] 
27.992: [GC (Allocation Failure) [PSYoungGen: 202784K->96K(196096K)] 204524K->1836K(371200K), 0.0005088 secs] [Times: user=0.00 sys=0.00, real=0.01 secs] 
28.039: [GC (Allocation Failure) [PSYoungGen: 195680K->32K(188928K)] 197420K->1772K(364032K), 0.0005530 secs] [Times: user=0.00 sys=0.00, real=0.00 secs] 
28.084: [GC (Allocation Failure) [PSYoungGen: 188448K->32K(182272K)] 190188K->1772K(357376K), 0.0005135 secs] [Times: user=0.00 sys=0.00, real=0.00 secs] 
28.128: [GC (Allocation Failure) [PSYoungGen: 181792K->96K(218624K)] 183532K->1836K(393728K), 0.0005705 secs] [Times: user=0.00 sys=0.00, real=0.00 secs] 
28.181: [GC (Allocation Failure) [PSYoungGen: 218208K->96K(210432K)] 219948K->1836K(385536K), 0.0005084 secs] [Times: user=0.00 sys=0.00, real=0.00 secs] 
28.231: [GC (Allocation Failure) [PSYoungGen: 210016K->32K(202752K)] 211756K->1772K(377856K), 0.0004894 secs] [Times: user=0.00 sys=0.00, real=0.00 secs] 
28.280: [GC (Allocation Failure) [PSYoungGen: 202272K->96K(195584K)] 204012K->1836K(370688K), 0.0005336 secs] [Times: user=0.00 sys=0.00, real=0.00 secs] 
28.327: [GC (Allocation Failure) [PSYoungGen: 195168K->32K(188416K)] 196908K->1772K(363520K), 0.0005283 secs] [Times: user=0.00 sys=0.00, real=0.00 secs] 
28.372: [GC (Allocation Failure) [PSYoungGen: 187936K->32K(181760K)] 189676K->1772K(356864K), 0.0005354 secs] [Times: user=0.00 sys=0.00, real=0.01 secs] 
28.415: [GC (Allocation Failure) [PSYoungGen: 181280K->64K(218112K)] 183020K->1804K(393216K), 0.0009711 secs] [Times: user=0.00 sys=0.00, real=0.00 secs] 
28.470: [GC (Allocation Failure) [PSYoungGen: 217664K->32K(261632K)] 219404K->1772K(436736K), 0.0004978 secs] [Times: user=0.01 sys=0.00, real=0.00 secs] 
28.532: [GC (Allocation Failure) [PSYoungGen: 261152K->32K(313856K)] 262892K->1772K(488960K), 0.0007285 secs] [Times: user=0.00 sys=0.00, real=0.01 secs] 
28.609: [GC (Allocation Failure) [PSYoungGen: 313376K->32K(376832K)] 315116K->1772K(551936K), 0.0005513 secs] [Times: user=0.01 sys=0.00, real=0.00 secs] 
28.700: [GC (Allocation Failure) [PSYoungGen: 376352K->32K(360960K)] 378092K->1772K(536064K), 0.0005915 secs] [Times: user=0.00 sys=0.00, real=0.00 secs] 
28.786: [GC (Allocation Failure) [PSYoungGen: 360480K->64K(346112K)] 362220K->1804K(521216K), 0.0005146 secs] [Times: user=0.00 sys=0.00, real=0.00 secs] 
28.868: [GC (Allocation Failure) [PSYoungGen: 345664K->96K(331776K)] 347404K->1836K(506880K), 0.0005161 secs] [Times: user=0.00 sys=0.01, real=0.00 secs] 
28.950: [GC (Allocation Failure) [PSYoungGen: 331360K->32K(317952K)] 333100K->1772K(493056K), 0.0005171 secs] [Times: user=0.00 sys=0.00, real=0.00 secs] 
29.026: [GC (Allocation Failure) [PSYoungGen: 317472K->32K(305152K)] 319212K->1772K(480256K), 0.0005252 secs] [Times: user=0.00 sys=0.00, real=0.00 secs] 
29.100: [GC (Allocation Failure) [PSYoungGen: 304672K->96K(292864K)] 306412K->1836K(467968K), 0.0005098 secs] [Times: user=0.00 sys=0.00, real=0.00 secs] 
29.170: [GC (Allocation Failure) [PSYoungGen: 292448K->32K(281088K)] 294188K->1772K(456192K), 0.0005179 secs] [Times: user=0.00 sys=0.00, real=0.00 secs] 
29.237: [GC (Allocation Failure) [PSYoungGen: 280608K->64K(269824K)] 282348K->1804K(444928K), 0.0005058 secs] [Times: user=0.00 sys=0.00, real=0.00 secs] 
29.302: [GC (Allocation Failure) [PSYoungGen: 269376K->96K(259072K)] 271116K->1836K(434176K), 0.0005225 secs] [Times: user=0.00 sys=0.00, real=0.00 secs] 
29.366: [GC (Allocation Failure) [PSYoungGen: 258656K->32K(248832K)] 260396K->1772K(423936K), 0.0005489 secs] [Times: user=0.00 sys=0.00, real=0.00 secs] 
29.425: [GC (Allocation Failure) [PSYoungGen: 248352K->32K(239104K)] 250092K->1772K(414208K), 0.0005510 secs] [Times: user=0.00 sys=0.00, real=0.00 secs] 
29.484: [GC (Allocation Failure) [PSYoungGen: 238624K->32K(229888K)] 240364K->1772K(404992K), 0.0005186 secs] [Times: user=0.00 sys=0.00, real=0.00 secs] 
29.541: [GC (Allocation Failure) [PSYoungGen: 229408K->96K(221184K)] 231148K->1836K(396288K), 0.0005144 secs] [Times: user=0.00 sys=0.00, real=0.00 secs] 
29.595: [GC (Allocation Failure) [PSYoungGen: 220768K->64K(212992K)] 222508K->1804K(388096K), 0.0005064 secs] [Times: user=0.00 sys=0.00, real=0.00 secs] 
29.646: [GC (Allocation Failure) [PSYoungGen: 212544K->96K(205312K)] 214284K->1836K(380416K), 0.0005139 secs] [Times: user=0.00 sys=0.00, real=0.00 secs] 
29.696: [GC (Allocation Failure) [PSYoungGen: 204896K->96K(197632K)] 206636K->1836K(372736K), 0.0005327 secs] [Times: user=0.00 sys=0.00, real=0.00 secs] 
29.743: [GC (Allocation Failure) [PSYoungGen: 197216K->32K(190464K)] 198956K->1772K(365568K), 0.0004950 secs] [Times: user=0.00 sys=0.00, real=0.00 secs] 
29.789: [GC (Allocation Failure) [PSYoungGen: 189984K->96K(183808K)] 191724K->1836K(358912K), 0.0005093 secs] [Times: user=0.00 sys=0.00, real=0.00 secs] 
29.832: [GC (Allocation Failure) [PSYoungGen: 183392K->32K(177152K)] 185132K->1772K(352256K), 0.0005133 secs] [Times: user=0.00 sys=0.00, real=0.00 secs] 
29.875: [GC (Allocation Failure) [PSYoungGen: 176672K->96K(171008K)] 178412K->1836K(346112K), 0.0005207 secs] [Times: user=0.00 sys=0.00, real=0.00 secs] 
29.915: [GC (Allocation Failure) [PSYoungGen: 170592K->32K(205312K)] 172332K->1772K(380416K), 0.0006652 secs] [Times: user=0.00 sys=0.00, real=0.00 secs] 
29.964: [GC (Allocation Failure) [PSYoungGen: 204832K->32K(246272K)] 206572K->1772K(421376K), 0.0005278 secs] [Times: user=0.01 sys=0.00, real=0.00 secs] 
30.025: [GC (Allocation Failure) [PSYoungGen: 245792K->32K(237056K)] 247532K->1772K(412160K), 0.0004946 secs] [Times: user=0.01 sys=0.00, real=0.00 secs] 
30.082: [GC (Allocation Failure) [PSYoungGen: 236576K->96K(227840K)] 238316K->1836K(402944K), 0.0005170 secs] [Times: user=0.00 sys=0.00, real=0.00 secs] 
30.137: [GC (Allocation Failure) [PSYoungGen: 227424K->96K(219136K)] 229164K->1836K(394240K), 0.0005525 secs] [Times: user=0.00 sys=0.00, real=0.00 secs] 
30.190: [GC (Allocation Failure) [PSYoungGen: 218720K->96K(210944K)] 220460K->1836K(386048K), 0.0005590 secs] [Times: user=0.00 sys=0.00, real=0.00 secs] 
30.240: [GC (Allocation Failure) [PSYoungGen: 210528K->96K(203264K)] 212268K->1836K(378368K), 0.0005943 secs] [Times: user=0.00 sys=0.00, real=0.00 secs] 
30.289: [GC (Allocation Failure) [PSYoungGen: 202848K->96K(196096K)] 204588K->1836K(371200K), 0.0004923 secs] [Times: user=0.00 sys=0.00, real=0.00 secs] 
30.336: [GC (Allocation Failure) [PSYoungGen: 195680K->32K(188928K)] 197420K->1796K(364032K), 0.0005095 secs] [Times: user=0.00 sys=0.00, real=0.00 secs] 
30.382: [GC (Allocation Failure) [PSYoungGen: 188448K->32K(182272K)] 190212K->1796K(357376K), 0.0005184 secs] [Times: user=0.01 sys=0.00, real=0.01 secs] 
30.426: [GC (Allocation Failure) [PSYoungGen: 181792K->96K(175616K)] 183556K->1860K(350720K), 0.0005086 secs] [Times: user=0.00 sys=0.00, real=0.00 secs] 
30.468: [GC (Allocation Failure) [PSYoungGen: 175200K->32K(210944K)] 176964K->1796K(386048K), 0.0005887 secs] [Times: user=0.00 sys=0.00, real=0.00 secs] 
30.521: [GC (Allocation Failure) [PSYoungGen: 210464K->32K(203264K)] 212228K->1796K(378368K), 0.0004955 secs] [Times: user=0.01 sys=0.00, real=0.00 secs] 
30.571: [GC (Allocation Failure) [PSYoungGen: 202784K->96K(196096K)] 204548K->1860K(371200K), 0.0005273 secs] [Times: user=0.00 sys=0.00, real=0.00 secs] 
30.618: [GC (Allocation Failure) [PSYoungGen: 195680K->32K(235520K)] 197444K->1796K(410624K), 0.0010213 secs] [Times: user=0.00 sys=0.00, real=0.00 secs] 
30.676: [GC (Allocation Failure) [PSYoungGen: 235040K->32K(282624K)] 236804K->1796K(457728K), 0.0005499 secs] [Times: user=0.00 sys=0.00, real=0.00 secs] 
30.743: [GC (Allocation Failure) [PSYoungGen: 282144K->32K(339456K)] 283908K->1796K(514560K), 0.0004950 secs] [Times: user=0.00 sys=0.00, real=0.00 secs] 
30.824: [GC (Allocation Failure) [PSYoungGen: 338976K->32K(325632K)] 340740K->1796K(500736K), 0.0005204 secs] [Times: user=0.00 sys=0.00, real=0.00 secs] 
30.903: [GC (Allocation Failure) [PSYoungGen: 325152K->32K(312320K)] 326916K->1796K(487424K), 0.0005231 secs] [Times: user=0.00 sys=0.00, real=0.00 secs] 
30.978: [GC (Allocation Failure) [PSYoungGen: 311840K->32K(299520K)] 313604K->1796K(474624K), 0.0005185 secs] [Times: user=0.01 sys=0.00, real=0.00 secs] 
31.052: [GC (Allocation Failure) [PSYoungGen: 299040K->32K(287744K)] 300804K->1796K(462848K), 0.0005110 secs] [Times: user=0.00 sys=0.00, real=0.01 secs] 
31.121: [GC (Allocation Failure) [PSYoungGen: 287264K->32K(276480K)] 289028K->1796K(451584K), 0.0005997 secs] [Times: user=0.00 sys=0.00, real=0.00 secs] 
31.189: [GC (Allocation Failure) [PSYoungGen: 276000K->32K(265728K)] 277764K->1796K(440832K), 0.0005179 secs] [Times: user=0.00 sys=0.00, real=0.00 secs] 
31.252: [GC (Allocation Failure) [PSYoungGen: 265248K->32K(255488K)] 267012K->1796K(430592K), 0.0005104 secs] [Times: user=0.00 sys=0.00, real=0.01 secs] 
31.313: [GC (Allocation Failure) [PSYoungGen: 255008K->32K(245760K)] 256772K->1796K(420864K), 0.0005066 secs] [Times: user=0.00 sys=0.00, real=0.00 secs] 
31.372: [GC (Allocation Failure) [PSYoungGen: 245280K->32K(236544K)] 247044K->1796K(411648K), 0.0005232 secs] [Times: user=0.00 sys=0.00, real=0.01 secs] 
31.428: [GC (Allocation Failure) [PSYoungGen: 236064K->32K(227328K)] 237828K->1796K(402432K), 0.0005303 secs] [Times: user=0.00 sys=0.00, real=0.00 secs] 
31.482: [GC (Allocation Failure) [PSYoungGen: 226848K->96K(218624K)] 228612K->1860K(393728K), 0.0005088 secs] [Times: user=0.00 sys=0.00, real=0.01 secs] 
31.536: [GC (Allocation Failure) [PSYoungGen: 218208K->32K(210432K)] 219972K->1796K(385536K), 0.0007241 secs] [Times: user=0.01 sys=0.00, real=0.00 secs] 
31.588: [GC (Allocation Failure) [PSYoungGen: 209952K->32K(202752K)] 211716K->1796K(377856K), 0.0005030 secs] [Times: user=0.00 sys=0.00, real=0.00 secs] 
31.637: [GC (Allocation Failure) [PSYoungGen: 202272K->96K(195584K)] 204036K->1860K(370688K), 0.0005463 secs] [Times: user=0.00 sys=0.00, real=0.00 secs] 
31.687: [GC (Allocation Failure) [PSYoungGen: 195168K->32K(188416K)] 196932K->1796K(363520K), 0.0005608 secs] [Times: user=0.00 sys=0.00, real=0.00 secs] 
31.733: [GC (Allocation Failure) [PSYoungGen: 187936K->32K(181760K)] 189700K->1796K(356864K), 0.0005235 secs] [Times: user=0.00 sys=0.00, real=0.00 secs] 
31.777: [GC (Allocation Failure) [PSYoungGen: 181280K->96K(218112K)] 183044K->1860K(393216K), 0.0005749 secs] [Times: user=0.00 sys=0.00, real=0.00 secs] 
31.831: [GC (Allocation Failure) [PSYoungGen: 217696K->32K(209920K)] 219460K->1796K(385024K), 0.0005578 secs] [Times: user=0.00 sys=0.00, real=0.00 secs] 
31.882: [GC (Allocation Failure) [PSYoungGen: 209440K->32K(202240K)] 211204K->1796K(377344K), 0.0005255 secs] [Times: user=0.00 sys=0.00, real=0.01 secs] 
31.932: [GC (Allocation Failure) [PSYoungGen: 201760K->32K(195072K)] 203524K->1796K(370176K), 0.0005058 secs] [Times: user=0.00 sys=0.00, real=0.01 secs] 
31.980: [GC (Allocation Failure) [PSYoungGen: 194592K->32K(187904K)] 196356K->1796K(363008K), 0.0005018 secs] [Times: user=0.00 sys=0.00, real=0.00 secs] 
32.026: [GC (Allocation Failure) [PSYoungGen: 187424K->32K(181248K)] 189188K->1796K(356352K), 0.0005726 secs] [Times: user=0.00 sys=0.00, real=0.00 secs] 
32.072: [GC (Allocation Failure) [PSYoungGen: 180768K->96K(175104K)] 182532K->1860K(350208K), 0.0005209 secs] [Times: user=0.00 sys=0.00, real=0.01 secs] 
32.115: [GC (Allocation Failure) [PSYoungGen: 174688K->32K(210432K)] 176452K->1796K(385536K), 0.0005084 secs] [Times: user=0.00 sys=0.00, real=0.00 secs] 
32.167: [GC (Allocation Failure) [PSYoungGen: 209952K->32K(202752K)] 211716K->1796K(377856K), 0.0005253 secs] [Times: user=0.00 sys=0.00, real=0.00 secs] 
32.217: [GC (Allocation Failure) [PSYoungGen: 202272K->32K(195584K)] 204036K->1796K(370688K), 0.0005409 secs] [Times: user=0.00 sys=0.00, real=0.00 secs] 
32.265: [GC (Allocation Failure) [PSYoungGen: 195104K->32K(188416K)] 196868K->1796K(363520K), 0.0005522 secs] [Times: user=0.00 sys=0.00, real=0.00 secs] 
32.311: [GC (Allocation Failure) [PSYoungGen: 187936K->96K(226304K)] 189700K->1860K(401408K), 0.0005364 secs] [Times: user=0.00 sys=0.00, real=0.00 secs] 
32.367: [GC (Allocation Failure) [PSYoungGen: 225888K->32K(217600K)] 227652K->1796K(392704K), 0.0005092 secs] [Times: user=0.00 sys=0.00, real=0.00 secs] 
32.420: [GC (Allocation Failure) [PSYoungGen: 217120K->96K(209408K)] 218884K->1860K(384512K), 0.0005175 secs] [Times: user=0.01 sys=0.00, real=0.00 secs] 
32.472: [GC (Allocation Failure) [PSYoungGen: 208992K->96K(201728K)] 210756K->1860K(376832K), 0.0005123 secs] [Times: user=0.00 sys=0.00, real=0.00 secs] 
32.521: [GC (Allocation Failure) [PSYoungGen: 201312K->32K(194560K)] 203076K->1796K(369664K), 0.0005080 secs] [Times: user=0.00 sys=0.00, real=0.00 secs] 
32.572: [GC (Allocation Failure) [PSYoungGen: 194080K->96K(187392K)] 195844K->1860K(362496K), 0.0005228 secs] [Times: user=0.00 sys=0.00, real=0.00 secs] 
32.619: [GC (Allocation Failure) [PSYoungGen: 186976K->32K(180736K)] 188740K->1796K(355840K), 0.0005262 secs] [Times: user=0.01 sys=0.00, real=0.00 secs] 
32.664: [GC (Allocation Failure) [PSYoungGen: 180256K->32K(174592K)] 182020K->1796K(349696K), 0.0005665 secs] [Times: user=0.00 sys=0.00, real=0.00 secs] 
32.707: [GC (Allocation Failure) [PSYoungGen: 174112K->32K(209408K)] 175876K->1796K(384512K), 0.0005296 secs] [Times: user=0.00 sys=0.00, real=0.00 secs] 
32.758: [GC (Allocation Failure) [PSYoungGen: 208928K->32K(251392K)] 210692K->1796K(426496K), 0.0005597 secs] [Times: user=0.01 sys=0.00, real=0.00 secs] 
32.819: [GC (Allocation Failure) [PSYoungGen: 250912K->96K(241664K)] 252676K->1860K(416768K), 0.0005276 secs] [Times: user=0.00 sys=0.00, real=0.00 secs] 
32.878: [GC (Allocation Failure) [PSYoungGen: 241248K->32K(232448K)] 243012K->1796K(407552K), 0.0005374 secs] [Times: user=0.00 sys=0.00, real=0.00 secs] 
32.936: [GC (Allocation Failure) [PSYoungGen: 231968K->32K(223744K)] 233732K->1796K(398848K), 0.0005263 secs] [Times: user=0.00 sys=0.00, real=0.00 secs] 
32.991: [GC (Allocation Failure) [PSYoungGen: 223264K->32K(215552K)] 225028K->1796K(390656K), 0.0005159 secs] [Times: user=0.00 sys=0.00, real=0.00 secs] 
33.044: [GC (Allocation Failure) [PSYoungGen: 215072K->32K(207360K)] 216836K->1796K(382464K), 0.0005857 secs] [Times: user=0.00 sys=0.00, real=0.00 secs] 
33.096: [GC (Allocation Failure) [PSYoungGen: 206880K->96K(199680K)] 208644K->1860K(374784K), 0.0005320 secs] [Times: user=0.01 sys=0.00, real=0.00 secs] 
33.146: [GC (Allocation Failure) [PSYoungGen: 199264K->96K(192512K)] 201028K->1860K(367616K), 0.0005332 secs] [Times: user=0.01 sys=0.01, real=0.00 secs] 
33.194: [GC (Allocation Failure) [PSYoungGen: 192096K->32K(185856K)] 193860K->1796K(360960K), 0.0005050 secs] [Times: user=0.00 sys=0.00, real=0.00 secs] 
33.239: [GC (Allocation Failure) [PSYoungGen: 185376K->96K(179200K)] 187140K->1860K(354304K), 0.0005282 secs] [Times: user=0.00 sys=0.00, real=0.00 secs] 
33.284: [GC (Allocation Failure) [PSYoungGen: 178784K->96K(215040K)] 180548K->1860K(390144K), 0.0006073 secs] [Times: user=0.00 sys=0.00, real=0.00 secs] 
33.337: [GC (Allocation Failure) [PSYoungGen: 214624K->32K(206848K)] 216388K->1796K(381952K), 0.0005454 secs] [Times: user=0.00 sys=0.00, real=0.00 secs] 
33.387: [GC (Allocation Failure) [PSYoungGen: 206368K->32K(199168K)] 208132K->1796K(374272K), 0.0005339 secs] [Times: user=0.00 sys=0.00, real=0.00 secs] 
33.437: [GC (Allocation Failure) [PSYoungGen: 198688K->32K(192000K)] 200452K->1796K(367104K), 0.0005244 secs] [Times: user=0.00 sys=0.00, real=0.00 secs] 
33.484: [GC (Allocation Failure) [PSYoungGen: 191520K->96K(185344K)] 193284K->1860K(360448K), 0.0005237 secs] [Times: user=0.01 sys=0.00, real=0.00 secs] 
33.530: [GC (Allocation Failure) [PSYoungGen: 184928K->64K(222720K)] 186692K->1828K(397824K), 0.0005817 secs] [Times: user=0.00 sys=0.00, real=0.00 secs] 
33.587: [GC (Allocation Failure) [PSYoungGen: 222272K->32K(214528K)] 224036K->1796K(389632K), 0.0005627 secs] [Times: user=0.00 sys=0.00, real=0.00 secs] 
33.642: [GC (Allocation Failure) [PSYoungGen: 214048K->32K(206336K)] 215812K->1796K(381440K), 0.0005363 secs] [Times: user=0.00 sys=0.00, real=0.00 secs] 
33.692: [GC (Allocation Failure) [PSYoungGen: 205856K->32K(198656K)] 207620K->1796K(373760K), 0.0005387 secs] [Times: user=0.00 sys=0.00, real=0.00 secs] 
33.741: [GC (Allocation Failure) [PSYoungGen: 198176K->64K(191488K)] 199940K->1828K(366592K), 0.0005552 secs] [Times: user=0.00 sys=0.00, real=0.00 secs] 
33.788: [GC (Allocation Failure) [PSYoungGen: 191040K->32K(184832K)] 192804K->1796K(359936K), 0.0005572 secs] [Times: user=0.00 sys=0.00, real=0.00 secs] 
33.834: [GC (Allocation Failure) [PSYoungGen: 184352K->32K(221696K)] 186116K->1796K(396800K), 0.0005602 secs] [Times: user=0.00 sys=0.00, real=0.00 secs] 
33.888: [GC (Allocation Failure) [PSYoungGen: 221216K->96K(213504K)] 222980K->1860K(388608K), 0.0005344 secs] [Times: user=0.00 sys=0.00, real=0.00 secs] 
33.941: [GC (Allocation Failure) [PSYoungGen: 213088K->32K(205824K)] 214852K->1796K(380928K), 0.0005216 secs] [Times: user=0.00 sys=0.00, real=0.00 secs] 
33.991: [GC (Allocation Failure) [PSYoungGen: 205344K->96K(198144K)] 207108K->1860K(373248K), 0.0005416 secs] [Times: user=0.01 sys=0.00, real=0.00 secs] 
34.040: [GC (Allocation Failure) [PSYoungGen: 197728K->96K(190976K)] 199492K->1860K(366080K), 0.0005264 secs] [Times: user=0.00 sys=0.00, real=0.00 secs] 
34.087: [GC (Allocation Failure) [PSYoungGen: 190560K->32K(184320K)] 192324K->1796K(359424K), 0.0005144 secs] [Times: user=0.00 sys=0.00, real=0.00 secs] 
34.134: [GC (Allocation Failure) [PSYoungGen: 183840K->32K(177664K)] 185604K->1796K(352768K), 0.0005001 secs] [Times: user=0.00 sys=0.00, real=0.00 secs] 
34.178: [GC (Allocation Failure) [PSYoungGen: 177184K->96K(171520K)] 178948K->1860K(346624K), 0.0005247 secs] [Times: user=0.00 sys=0.00, real=0.00 secs] 
34.220: [GC (Allocation Failure) [PSYoungGen: 171104K->32K(205824K)] 172868K->1796K(380928K), 0.0005047 secs] [Times: user=0.00 sys=0.00, real=0.00 secs] 
34.270: [GC (Allocation Failure) [PSYoungGen: 205344K->96K(198144K)] 207108K->1860K(373248K), 0.0005213 secs] [Times: user=0.00 sys=0.00, real=0.00 secs] 
34.319: [GC (Allocation Failure) [PSYoungGen: 197728K->96K(190976K)] 199492K->1860K(366080K), 0.0005597 secs] [Times: user=0.01 sys=0.00, real=0.00 secs] 
34.366: [GC (Allocation Failure) [PSYoungGen: 190560K->32K(229376K)] 192324K->1796K(404480K), 0.0005783 secs] [Times: user=0.00 sys=0.00, real=0.00 secs] 
34.422: [GC (Allocation Failure) [PSYoungGen: 228896K->32K(220672K)] 230660K->1796K(395776K), 0.0005335 secs] [Times: user=0.00 sys=0.00, real=0.01 secs] 
34.477: [GC (Allocation Failure) [PSYoungGen: 220192K->32K(212480K)] 221956K->1796K(387584K), 0.0005224 secs] [Times: user=0.00 sys=0.00, real=0.00 secs] 
34.529: [GC (Allocation Failure) [PSYoungGen: 212000K->32K(204800K)] 213764K->1796K(379904K), 0.0005484 secs] [Times: user=0.00 sys=0.00, real=0.00 secs] 
34.581: [GC (Allocation Failure) [PSYoungGen: 204320K->32K(197120K)] 206084K->1796K(372224K), 0.0005764 secs] [Times: user=0.00 sys=0.00, real=0.00 secs] 
34.631: [GC (Allocation Failure) [PSYoungGen: 196640K->32K(189952K)] 198404K->1796K(365056K), 0.0005677 secs] [Times: user=0.00 sys=0.00, real=0.00 secs] 
34.678: [GC (Allocation Failure) [PSYoungGen: 189472K->96K(183296K)] 191236K->1860K(358400K), 0.0005521 secs] [Times: user=0.00 sys=0.00, real=0.00 secs] 
34.723: [GC (Allocation Failure) [PSYoungGen: 182880K->64K(220160K)] 184644K->1828K(395264K), 0.0005365 secs] [Times: user=0.00 sys=0.00, real=0.00 secs] 
34.777: [GC (Allocation Failure) [PSYoungGen: 219712K->64K(211968K)] 221476K->1828K(387072K), 0.0005290 secs] [Times: user=0.00 sys=0.00, real=0.00 secs] 
34.829: [GC (Allocation Failure) [PSYoungGen: 211520K->96K(204288K)] 213284K->1860K(379392K), 0.0005794 secs] [Times: user=0.00 sys=0.00, real=0.00 secs] 
34.879: [GC (Allocation Failure) [PSYoungGen: 203872K->32K(196608K)] 205636K->1796K(371712K), 0.0005417 secs] [Times: user=0.00 sys=0.00, real=0.00 secs] 
34.927: [GC (Allocation Failure) [PSYoungGen: 196128K->32K(236032K)] 197892K->1796K(411136K), 0.0005948 secs] [Times: user=0.00 sys=0.00, real=0.00 secs] 
34.985: [GC (Allocation Failure) [PSYoungGen: 235552K->96K(227328K)] 237316K->1860K(402432K), 0.0005284 secs] [Times: user=0.00 sys=0.00, real=0.00 secs] 
35.041: [GC (Allocation Failure) [PSYoungGen: 226912K->32K(218624K)] 228676K->1796K(393728K), 0.0005179 secs] [Times: user=0.00 sys=0.00, real=0.00 secs] 
35.094: [GC (Allocation Failure) [PSYoungGen: 218144K->32K(210432K)] 219908K->1796K(385536K), 0.0005000 secs] [Times: user=0.00 sys=0.00, real=0.00 secs] 
35.150: [GC (Allocation Failure) [PSYoungGen: 209952K->96K(202752K)] 211716K->1860K(377856K), 0.0005334 secs] [Times: user=0.00 sys=0.00, real=0.00 secs] 
35.200: [GC (Allocation Failure) [PSYoungGen: 202336K->32K(195584K)] 204100K->1796K(370688K), 0.0005471 secs] [Times: user=0.00 sys=0.00, real=0.00 secs] 
35.248: [GC (Allocation Failure) [PSYoungGen: 195104K->32K(188416K)] 196868K->1796K(363520K), 0.0005418 secs] [Times: user=0.00 sys=0.00, real=0.00 secs] 
35.294: [GC (Allocation Failure) [PSYoungGen: 187936K->32K(181760K)] 189700K->1796K(356864K), 0.0004988 secs] [Times: user=0.00 sys=0.00, real=0.00 secs] 
35.339: [GC (Allocation Failure) [PSYoungGen: 181280K->64K(175616K)] 183044K->1828K(350720K), 0.0005499 secs] [Times: user=0.00 sys=0.00, real=0.00 secs] 
35.382: [GC (Allocation Failure) [PSYoungGen: 175168K->96K(210944K)] 176932K->1860K(386048K), 0.0005449 secs] [Times: user=0.00 sys=0.00, real=0.00 secs] 
35.435: [GC (Allocation Failure) [PSYoungGen: 210528K->32K(203264K)] 212292K->1796K(378368K), 0.0005156 secs] [Times: user=0.00 sys=0.00, real=0.00 secs] 
35.486: [GC (Allocation Failure) [PSYoungGen: 202784K->32K(196096K)] 204548K->1796K(371200K), 0.0005526 secs] [Times: user=0.00 sys=0.00, real=0.00 secs] 
35.536: [GC (Allocation Failure) [PSYoungGen: 195616K->32K(188928K)] 197380K->1796K(364032K), 0.0005390 secs] [Times: user=0.00 sys=0.00, real=0.00 secs] 
35.585: [GC (Allocation Failure) [PSYoungGen: 188448K->32K(182272K)] 190212K->1796K(357376K), 0.0005402 secs] [Times: user=0.00 sys=0.00, real=0.00 secs] 
35.633: [GC (Allocation Failure) [PSYoungGen: 181792K->32K(218624K)] 183556K->1796K(393728K), 0.0006609 secs] [Times: user=0.00 sys=0.00, real=0.00 secs] 
35.689: [GC (Allocation Failure) [PSYoungGen: 218144K->32K(262656K)] 219908K->1796K(437760K), 0.0005724 secs] [Times: user=0.00 sys=0.00, real=0.00 secs] 
35.755: [GC (Allocation Failure) [PSYoungGen: 262176K->32K(252416K)] 263940K->1796K(427520K), 0.0005163 secs] [Times: user=0.00 sys=0.00, real=0.00 secs] 
35.819: [GC (Allocation Failure) [PSYoungGen: 251936K->32K(242688K)] 253700K->1796K(417792K), 0.0005462 secs] [Times: user=0.01 sys=0.00, real=0.00 secs] 
35.880: [GC (Allocation Failure) [PSYoungGen: 242208K->32K(233472K)] 243972K->1796K(408576K), 0.0005432 secs] [Times: user=0.00 sys=0.00, real=0.00 secs] 
35.939: [GC (Allocation Failure) [PSYoungGen: 232992K->64K(224768K)] 234756K->1828K(399872K), 0.0005263 secs] [Times: user=0.01 sys=0.00, real=0.00 secs] 
35.995: [GC (Allocation Failure) [PSYoungGen: 224320K->96K(216576K)] 226084K->1860K(391680K), 0.0005405 secs] [Times: user=0.00 sys=0.00, real=0.00 secs] 
36.050: [GC (Allocation Failure) [PSYoungGen: 216160K->32K(208384K)] 217924K->1796K(383488K), 0.0006529 secs] [Times: user=0.00 sys=0.00, real=0.00 secs] 
36.103: [GC (Allocation Failure) [PSYoungGen: 207904K->32K(200704K)] 209668K->1796K(375808K), 0.0005182 secs] [Times: user=0.00 sys=0.00, real=0.00 secs] 
36.155: [GC (Allocation Failure) [PSYoungGen: 200224K->32K(193536K)] 201988K->1796K(368640K), 0.0005354 secs] [Times: user=0.00 sys=0.00, real=0.00 secs] 
36.204: [GC (Allocation Failure) [PSYoungGen: 193056K->64K(232448K)] 194820K->1828K(407552K), 0.0010476 secs] [Times: user=0.00 sys=0.00, real=0.00 secs] 
36.264: [GC (Allocation Failure) [PSYoungGen: 232000K->32K(279040K)] 233764K->1796K(454144K), 0.0005715 secs] [Times: user=0.00 sys=0.00, real=0.00 secs] 
36.334: [GC (Allocation Failure) [PSYoungGen: 278560K->96K(267776K)] 280324K->1860K(442880K), 0.0005361 secs] [Times: user=0.00 sys=0.00, real=0.00 secs] 
36.401: [GC (Allocation Failure) [PSYoungGen: 267360K->96K(257536K)] 269124K->1860K(432640K), 0.0005444 secs] [Times: user=0.00 sys=0.00, real=0.00 secs] 
36.466: [GC (Allocation Failure) [PSYoungGen: 257120K->32K(247296K)] 258884K->1796K(422400K), 0.0005319 secs] [Times: user=0.00 sys=0.00, real=0.00 secs] 
36.528: [GC (Allocation Failure) [PSYoungGen: 246816K->64K(237568K)] 248580K->1828K(412672K), 0.0005308 secs] [Times: user=0.00 sys=0.00, real=0.00 secs] 
36.590: [GC (Allocation Failure) [PSYoungGen: 237120K->32K(228352K)] 238884K->1796K(403456K), 0.0005442 secs] [Times: user=0.00 sys=0.00, real=0.00 secs] 
36.648: [GC (Allocation Failure) [PSYoungGen: 227872K->32K(219648K)] 229636K->1796K(394752K), 0.0005396 secs] [Times: user=0.00 sys=0.00, real=0.00 secs] 
36.705: [GC (Allocation Failure) [PSYoungGen: 219168K->96K(211456K)] 220932K->1860K(386560K), 0.0005318 secs] [Times: user=0.00 sys=0.00, real=0.00 secs] 
36.759: [GC (Allocation Failure) [PSYoungGen: 211040K->96K(203776K)] 212804K->1860K(378880K), 0.0005451 secs] [Times: user=0.00 sys=0.00, real=0.00 secs] 
36.810: [GC (Allocation Failure) [PSYoungGen: 203360K->32K(196096K)] 205124K->1796K(371200K), 0.0005324 secs] [Times: user=0.00 sys=0.00, real=0.00 secs] 
36.860: [GC (Allocation Failure) [PSYoungGen: 195616K->96K(188928K)] 197380K->1860K(364032K), 0.0005428 secs] [Times: user=0.00 sys=0.00, real=0.00 secs] 
36.907: [GC (Allocation Failure) [PSYoungGen: 188512K->64K(182272K)] 190276K->1828K(357376K), 0.0005712 secs] [Times: user=0.00 sys=0.00, real=0.00 secs] 
36.953: [GC (Allocation Failure) [PSYoungGen: 181824K->32K(175616K)] 183588K->1796K(350720K), 0.0005205 secs] [Times: user=0.00 sys=0.00, real=0.00 secs] 
36.998: [GC (Allocation Failure) [PSYoungGen: 175136K->32K(169472K)] 176900K->1796K(344576K), 0.0005232 secs] [Times: user=0.00 sys=0.00, real=0.00 secs] 
37.041: [GC (Allocation Failure) [PSYoungGen: 168992K->64K(203264K)] 170756K->1828K(378368K), 0.0005454 secs] [Times: user=0.01 sys=0.00, real=0.00 secs] 
37.092: [GC (Allocation Failure) [PSYoungGen: 202816K->32K(196096K)] 204580K->1796K(371200K), 0.0005385 secs] [Times: user=0.00 sys=0.00, real=0.01 secs] 
37.142: [GC (Allocation Failure) [PSYoungGen: 195613K->32K(188928K)] 197377K->1796K(364032K), 0.0005169 secs] [Times: user=0.00 sys=0.00, real=0.00 secs] 
37.192: [GC (Allocation Failure) [PSYoungGen: 188448K->32K(226816K)] 190212K->1796K(401920K), 0.0007178 secs] [Times: user=0.00 sys=0.00, real=0.01 secs] 
37.249: [GC (Allocation Failure) [PSYoungGen: 226336K->32K(218112K)] 228100K->1796K(393216K), 0.0005275 secs] [Times: user=0.01 sys=0.00, real=0.00 secs] 
37.304: [GC (Allocation Failure) [PSYoungGen: 217632K->32K(209920K)] 219396K->1796K(385024K), 0.0005182 secs] [Times: user=0.00 sys=0.01, real=0.00 secs] 
37.357: [GC (Allocation Failure) [PSYoungGen: 209440K->96K(202240K)] 211204K->1860K(377344K), 0.0005421 secs] [Times: user=0.00 sys=0.00, real=0.00 secs] 
37.408: [GC (Allocation Failure) [PSYoungGen: 201824K->32K(195072K)] 203588K->1796K(370176K), 0.0005633 secs] [Times: user=0.01 sys=0.00, real=0.00 secs] 
37.457: [GC (Allocation Failure) [PSYoungGen: 194592K->32K(187904K)] 196356K->1796K(363008K), 0.0005074 secs] [Times: user=0.01 sys=0.00, real=0.00 secs] 
37.505: [GC (Allocation Failure) [PSYoungGen: 187424K->96K(181248K)] 189188K->1860K(356352K), 0.0005515 secs] [Times: user=0.00 sys=0.00, real=0.00 secs] 
37.551: [GC (Allocation Failure) [PSYoungGen: 180832K->64K(217600K)] 182596K->1828K(392704K), 0.0005766 secs] [Times: user=0.00 sys=0.00, real=0.00 secs] 
37.608: [GC (Allocation Failure) [PSYoungGen: 217152K->32K(209408K)] 218916K->1796K(384512K), 0.0005434 secs] [Times: user=0.00 sys=0.00, real=0.00 secs] 
37.661: [GC (Allocation Failure) [PSYoungGen: 208928K->32K(201728K)] 210692K->1796K(376832K), 0.0005526 secs] [Times: user=0.00 sys=0.00, real=0.00 secs] 
37.714: [GC (Allocation Failure) [PSYoungGen: 201248K->32K(194560K)] 203012K->1796K(369664K), 0.0005670 secs] [Times: user=0.00 sys=0.00, real=0.00 secs] 
37.763: [GC (Allocation Failure) [PSYoungGen: 194080K->32K(187392K)] 195844K->1796K(362496K), 0.0005790 secs] [Times: user=0.00 sys=0.00, real=0.00 secs] 
37.814: [GC (Allocation Failure) [PSYoungGen: 186912K->96K(180736K)] 188676K->1860K(355840K), 0.0005756 secs] [Times: user=0.00 sys=0.00, real=0.00 secs] 
37.860: [GC (Allocation Failure) [PSYoungGen: 180320K->96K(174592K)] 182084K->1860K(349696K), 0.0005347 secs] [Times: user=0.00 sys=0.00, real=0.00 secs] 
37.904: [GC (Allocation Failure) [PSYoungGen: 174176K->32K(209408K)] 175940K->1796K(384512K), 0.0005607 secs] [Times: user=0.01 sys=0.00, real=0.00 secs] 
37.957: [GC (Allocation Failure) [PSYoungGen: 208928K->32K(201728K)] 210692K->1796K(376832K), 0.0005131 secs] [Times: user=0.00 sys=0.00, real=0.00 secs] 
38.008: [GC (Allocation Failure) [PSYoungGen: 201248K->64K(194560K)] 203012K->1828K(369664K), 0.0005720 secs] [Times: user=0.00 sys=0.00, real=0.00 secs] 
38.057: [GC (Allocation Failure) [PSYoungGen: 194112K->32K(187392K)] 195876K->1796K(362496K), 0.0005410 secs] [Times: user=0.00 sys=0.00, real=0.00 secs] 
38.104: [GC (Allocation Failure) [PSYoungGen: 186912K->32K(224768K)] 188676K->1796K(399872K), 0.0005934 secs] [Times: user=0.00 sys=0.00, real=0.00 secs] 
38.160: [GC (Allocation Failure) [PSYoungGen: 224288K->32K(216576K)] 226052K->1796K(391680K), 0.0005015 secs] [Times: user=0.00 sys=0.00, real=0.00 secs] 
38.217: [GC (Allocation Failure) [PSYoungGen: 216096K->32K(208384K)] 217860K->1796K(383488K), 0.0005622 secs] [Times: user=0.00 sys=0.00, real=0.00 secs] 
38.268: [GC (Allocation Failure) [PSYoungGen: 207904K->96K(200704K)] 209668K->1860K(375808K), 0.0005840 secs] [Times: user=0.00 sys=0.00, real=0.00 secs] 
38.317: [GC (Allocation Failure) [PSYoungGen: 200288K->32K(193536K)] 202052K->1796K(368640K), 0.0005180 secs] [Times: user=0.00 sys=0.00, real=0.00 secs] 
38.365: [GC (Allocation Failure) [PSYoungGen: 193056K->32K(186368K)] 194820K->1796K(361472K), 0.0005663 secs] [Times: user=0.00 sys=0.00, real=0.00 secs] 
38.411: [GC (Allocation Failure) [PSYoungGen: 185888K->96K(179712K)] 187652K->1860K(354816K), 0.0005210 secs] [Times: user=0.00 sys=0.00, real=0.00 secs] 
38.455: [GC (Allocation Failure) [PSYoungGen: 179296K->64K(215552K)] 181060K->1828K(390656K), 0.0005257 secs] [Times: user=0.00 sys=0.00, real=0.00 secs] 
38.508: [GC (Allocation Failure) [PSYoungGen: 215104K->96K(207360K)] 216868K->1860K(382464K), 0.0005350 secs] [Times: user=0.00 sys=0.00, real=0.00 secs] 
38.560: [GC (Allocation Failure) [PSYoungGen: 206944K->32K(199680K)] 208708K->1796K(374784K), 0.0005715 secs] [Times: user=0.00 sys=0.00, real=0.00 secs] 
38.610: [GC (Allocation Failure) [PSYoungGen: 199200K->32K(192512K)] 200964K->1796K(367616K), 0.0005062 secs] [Times: user=0.01 sys=0.00, real=0.00 secs] 
38.657: [GC (Allocation Failure) [PSYoungGen: 192032K->32K(185856K)] 193796K->1796K(360960K), 0.0005009 secs] [Times: user=0.00 sys=0.00, real=0.00 secs] 
38.703: [GC (Allocation Failure) [PSYoungGen: 185376K->96K(179200K)] 187140K->1860K(354304K), 0.0005224 secs] [Times: user=0.00 sys=0.00, real=0.00 secs] 
38.750: [GC (Allocation Failure) [PSYoungGen: 178784K->96K(173056K)] 180548K->1860K(348160K), 0.0005357 secs] [Times: user=0.01 sys=0.00, real=0.00 secs] 
38.792: [GC (Allocation Failure) [PSYoungGen: 172640K->96K(207872K)] 174404K->1860K(382976K), 0.0010342 secs] [Times: user=0.00 sys=0.00, real=0.01 secs] 
38.844: [GC (Allocation Failure) [PSYoungGen: 207456K->96K(249344K)] 209220K->1860K(424448K), 0.0005225 secs] [Times: user=0.00 sys=0.00, real=0.00 secs] 
38.905: [GC (Allocation Failure) [PSYoungGen: 248928K->64K(299520K)] 250692K->1828K(474624K), 0.0005471 secs] [Times: user=0.00 sys=0.00, real=0.00 secs] 
38.978: [GC (Allocation Failure) [PSYoungGen: 299072K->96K(359424K)] 300836K->1860K(534528K), 0.0005714 secs] [Times: user=0.00 sys=0.00, real=0.00 secs] 
39.065: [GC (Allocation Failure) [PSYoungGen: 359008K->96K(344576K)] 360772K->1860K(519680K), 0.0005291 secs] [Times: user=0.00 sys=0.00, real=0.00 secs] 
39.150: [GC (Allocation Failure) [PSYoungGen: 344160K->32K(330240K)] 345924K->1796K(505344K), 0.0005389 secs] [Times: user=0.00 sys=0.00, real=0.00 secs] 
39.231: [GC (Allocation Failure) [PSYoungGen: 329760K->32K(316928K)] 331524K->1796K(492032K), 0.0005624 secs] [Times: user=0.00 sys=0.00, real=0.00 secs] 
39.310: [GC (Allocation Failure) [PSYoungGen: 316448K->96K(304128K)] 318212K->1860K(479232K), 0.0010263 secs] [Times: user=0.00 sys=0.00, real=0.00 secs] 
39.385: [GC (Allocation Failure) [PSYoungGen: 303712K->64K(291840K)] 305476K->1828K(466944K), 0.0006452 secs] [Times: user=0.01 sys=0.00, real=0.00 secs] 
39.456: [GC (Allocation Failure) [PSYoungGen: 291392K->32K(280064K)] 293156K->1796K(455168K), 0.0005073 secs] [Times: user=0.00 sys=0.00, real=0.00 secs] 
39.524: [GC (Allocation Failure) [PSYoungGen: 279584K->96K(268800K)] 281348K->1860K(443904K), 0.0005306 secs] [Times: user=0.01 sys=0.00, real=0.00 secs] 
39.592: [GC (Allocation Failure) [PSYoungGen: 268384K->32K(258048K)] 270148K->1796K(433152K), 0.0005271 secs] [Times: user=0.00 sys=0.00, real=0.00 secs] 
39.656: [GC (Allocation Failure) [PSYoungGen: 257568K->64K(247808K)] 259332K->1828K(422912K), 0.0005256 secs] [Times: user=0.00 sys=0.00, real=0.00 secs] 
39.716: [GC (Allocation Failure) [PSYoungGen: 247360K->96K(238080K)] 249124K->1860K(413184K), 0.0005329 secs] [Times: user=0.00 sys=0.00, real=0.00 secs] 
39.778: [GC (Allocation Failure) [PSYoungGen: 237664K->32K(228864K)] 239428K->1796K(403968K), 0.0006214 secs] [Times: user=0.00 sys=0.00, real=0.00 secs] 
39.834: [GC (Allocation Failure) [PSYoungGen: 228384K->32K(220160K)] 230148K->1796K(395264K), 0.0005372 secs] [Times: user=0.00 sys=0.00, real=0.00 secs] 
39.888: [GC (Allocation Failure) [PSYoungGen: 219680K->32K(211968K)] 221444K->1796K(387072K), 0.0005509 secs] [Times: user=0.00 sys=0.00, real=0.00 secs] 
39.940: [GC (Allocation Failure) [PSYoungGen: 211488K->32K(204288K)] 213252K->1796K(379392K), 0.0005280 secs] [Times: user=0.00 sys=0.00, real=0.00 secs] 
39.989: [GC (Allocation Failure) [PSYoungGen: 203808K->32K(196608K)] 205572K->1796K(371712K), 0.0004981 secs] [Times: user=0.00 sys=0.00, real=0.00 secs] 
40.037: [GC (Allocation Failure) [PSYoungGen: 196128K->64K(189440K)] 197892K->1828K(364544K), 0.0005299 secs] [Times: user=0.00 sys=0.00, real=0.00 secs] 
40.083: [GC (Allocation Failure) [PSYoungGen: 188992K->64K(182784K)] 190756K->1828K(357888K), 0.0005153 secs] [Times: user=0.00 sys=0.00, real=0.00 secs] 
40.127: [GC (Allocation Failure) [PSYoungGen: 182336K->32K(176128K)] 184100K->1796K(351232K), 0.0005615 secs] [Times: user=0.00 sys=0.00, real=0.00 secs] 
40.171: [GC (Allocation Failure) [PSYoungGen: 175648K->32K(211456K)] 177412K->1796K(386560K), 0.0005488 secs] [Times: user=0.01 sys=0.00, real=0.00 secs] 
40.222: [GC (Allocation Failure) [PSYoungGen: 210976K->96K(203776K)] 212740K->1860K(378880K), 0.0005256 secs] [Times: user=0.00 sys=0.00, real=0.01 secs] 
40.272: [GC (Allocation Failure) [PSYoungGen: 203360K->32K(244736K)] 205124K->1796K(419840K), 0.0008850 secs] [Times: user=0.00 sys=0.00, real=0.01 secs] 
40.331: [GC (Allocation Failure) [PSYoungGen: 244256K->96K(293888K)] 246020K->1860K(468992K), 0.0005565 secs] [Times: user=0.00 sys=0.00, real=0.00 secs] 
40.401: [GC (Allocation Failure) [PSYoungGen: 293472K->32K(282112K)] 295236K->1820K(457216K), 0.0005215 secs] [Times: user=0.00 sys=0.00, real=0.00 secs] 
40.469: [GC (Allocation Failure) [PSYoungGen: 281632K->32K(270848K)] 283420K->1820K(445952K), 0.0005143 secs] [Times: user=0.01 sys=0.00, real=0.00 secs] 
40.533: [GC (Allocation Failure) [PSYoungGen: 270368K->32K(260096K)] 272156K->1820K(435200K), 0.0004904 secs] [Times: user=0.00 sys=0.00, real=0.00 secs] 
40.598: [GC (Allocation Failure) [PSYoungGen: 259616K->32K(249856K)] 261404K->1820K(424960K), 0.0005019 secs] [Times: user=0.01 sys=0.00, real=0.00 secs] 
40.658: [GC (Allocation Failure) [PSYoungGen: 249376K->32K(240128K)] 251164K->1820K(415232K), 0.0005296 secs] [Times: user=0.01 sys=0.00, real=0.00 secs] 
40.715: [GC (Allocation Failure) [PSYoungGen: 239648K->32K(230912K)] 241436K->1820K(406016K), 0.0005967 secs] [Times: user=0.00 sys=0.00, real=0.00 secs] 
40.770: [GC (Allocation Failure) [PSYoungGen: 230432K->96K(222208K)] 232220K->1884K(397312K), 0.0005532 secs] [Times: user=0.00 sys=0.00, real=0.00 secs] 
40.827: [GC (Allocation Failure) [PSYoungGen: 221792K->96K(214016K)] 223580K->1884K(389120K), 0.0005274 secs] [Times: user=0.00 sys=0.00, real=0.00 secs] 
40.878: [GC (Allocation Failure) [PSYoungGen: 213600K->32K(206336K)] 215388K->1820K(381440K), 0.0005358 secs] [Times: user=0.00 sys=0.00, real=0.00 secs] 
40.928: [GC (Allocation Failure) [PSYoungGen: 205856K->32K(198656K)] 207644K->1820K(373760K), 0.0005443 secs] [Times: user=0.00 sys=0.00, real=0.00 secs] 
40.975: [GC (Allocation Failure) [PSYoungGen: 198176K->32K(191488K)] 199964K->1820K(366592K), 0.0005142 secs] [Times: user=0.00 sys=0.00, real=0.00 secs] 
41.021: [GC (Allocation Failure) [PSYoungGen: 191008K->96K(184832K)] 192796K->1884K(359936K), 0.0005187 secs] [Times: user=0.00 sys=0.00, real=0.00 secs] 
41.066: [GC (Allocation Failure) [PSYoungGen: 184416K->32K(178176K)] 186204K->1820K(353280K), 0.0005162 secs] [Times: user=0.00 sys=0.00, real=0.00 secs] 
41.108: [GC (Allocation Failure) [PSYoungGen: 177696K->96K(172032K)] 179484K->1884K(347136K), 0.0005107 secs] [Times: user=0.00 sys=0.00, real=0.00 secs] 
41.149: [GC (Allocation Failure) [PSYoungGen: 171616K->32K(206336K)] 173404K->1820K(381440K), 0.0005130 secs] [Times: user=0.00 sys=0.00, real=0.00 secs] 
41.199: [GC (Allocation Failure) [PSYoungGen: 205856K->32K(247808K)] 207644K->1820K(422912K), 0.0005709 secs] [Times: user=0.00 sys=0.00, real=0.00 secs] 
41.258: [GC (Allocation Failure) [PSYoungGen: 247328K->96K(238080K)] 249116K->1884K(413184K), 0.0005177 secs] [Times: user=0.00 sys=0.00, real=0.00 secs] 
41.317: [GC (Allocation Failure) [PSYoungGen: 237664K->32K(228864K)] 239452K->1820K(403968K), 0.0004959 secs] [Times: user=0.00 sys=0.00, real=0.00 secs] 
41.372: [GC (Allocation Failure) [PSYoungGen: 228384K->32K(220160K)] 230172K->1820K(395264K), 0.0005324 secs] [Times: user=0.00 sys=0.00, real=0.01 secs] 
41.425: [GC (Allocation Failure) [PSYoungGen: 219680K->32K(211968K)] 221468K->1820K(387072K), 0.0005245 secs] [Times: user=0.00 sys=0.00, real=0.00 secs] 
41.476: [GC (Allocation Failure) [PSYoungGen: 211488K->32K(204288K)] 213276K->1820K(379392K), 0.0005231 secs] [Times: user=0.00 sys=0.00, real=0.00 secs] 
41.524: [GC (Allocation Failure) [PSYoungGen: 203808K->32K(196608K)] 205596K->1820K(371712K), 0.0005678 secs] [Times: user=0.00 sys=0.01, real=0.00 secs] 
41.573: [GC (Allocation Failure) [PSYoungGen: 196128K->96K(189440K)] 197916K->1884K(364544K), 0.0005130 secs] [Times: user=0.01 sys=0.00, real=0.00 secs] 
41.619: [GC (Allocation Failure) [PSYoungGen: 189024K->96K(182784K)] 190812K->1884K(357888K), 0.0004692 secs] [Times: user=0.00 sys=0.00, real=0.00 secs] 
41.662: [GC (Allocation Failure) [PSYoungGen: 182368K->32K(176128K)] 184156K->1820K(351232K), 0.0005567 secs] [Times: user=0.01 sys=0.00, real=0.01 secs] 
41.706: [GC (Allocation Failure) [PSYoungGen: 175648K->32K(169984K)] 177436K->1820K(345088K), 0.0005199 secs] [Times: user=0.00 sys=0.00, real=0.00 secs] 
41.746: [GC (Allocation Failure) [PSYoungGen: 169504K->32K(204288K)] 171292K->1820K(379392K), 0.0005145 secs] [Times: user=0.00 sys=0.00, real=0.00 secs] 
41.795: [GC (Allocation Failure) [PSYoungGen: 203808K->64K(245248K)] 205596K->1852K(420352K), 0.0006575 secs] [Times: user=0.00 sys=0.00, real=0.00 secs] 
41.856: [GC (Allocation Failure) [PSYoungGen: 244800K->32K(294400K)] 246588K->1820K(469504K), 0.0005465 secs] [Times: user=0.00 sys=0.00, real=0.00 secs] 
41.927: [GC (Allocation Failure) [PSYoungGen: 293920K->32K(282624K)] 295708K->1820K(457728K), 0.0004995 secs] [Times: user=0.00 sys=0.00, real=0.00 secs] 
41.996: [GC (Allocation Failure) [PSYoungGen: 282144K->96K(271360K)] 283932K->1884K(446464K), 0.0005267 secs] [Times: user=0.00 sys=0.00, real=0.00 secs] 
42.062: [GC (Allocation Failure) [PSYoungGen: 270944K->32K(260608K)] 272732K->1820K(435712K), 0.0005739 secs] [Times: user=0.00 sys=0.00, real=0.00 secs] 
42.126: [GC (Allocation Failure) [PSYoungGen: 260128K->32K(250368K)] 261916K->1820K(425472K), 0.0005316 secs] [Times: user=0.00 sys=0.00, real=0.00 secs] 
42.187: [GC (Allocation Failure) [PSYoungGen: 249888K->32K(240640K)] 251676K->1820K(415744K), 0.0005149 secs] [Times: user=0.00 sys=0.00, real=0.00 secs] 
42.245: [GC (Allocation Failure) [PSYoungGen: 240160K->32K(231424K)] 241948K->1820K(406528K), 0.0005078 secs] [Times: user=0.00 sys=0.00, real=0.00 secs] 
42.300: [GC (Allocation Failure) [PSYoungGen: 230944K->64K(278016K)] 232732K->1852K(453120K), 0.0010357 secs] [Times: user=0.00 sys=0.00, real=0.00 secs] 
42.370: [GC (Allocation Failure) [PSYoungGen: 277568K->32K(267264K)] 279356K->1820K(442368K), 0.0005302 secs] [Times: user=0.00 sys=0.00, real=0.00 secs] 
42.435: [GC (Allocation Failure) [PSYoungGen: 266784K->96K(257024K)] 268572K->1884K(432128K), 0.0005170 secs] [Times: user=0.00 sys=0.00, real=0.00 secs] 
42.498: [GC (Allocation Failure) [PSYoungGen: 256608K->32K(247296K)] 258396K->1820K(422400K), 0.0005237 secs] [Times: user=0.00 sys=0.00, real=0.00 secs] 
42.559: [GC (Allocation Failure) [PSYoungGen: 246816K->96K(237568K)] 248604K->1884K(412672K), 0.0005446 secs] [Times: user=0.00 sys=0.00, real=0.00 secs] 
42.619: [GC (Allocation Failure) [PSYoungGen: 237152K->32K(228352K)] 238940K->1820K(403456K), 0.0005125 secs] [Times: user=0.00 sys=0.00, real=0.00 secs] 
42.675: [GC (Allocation Failure) [PSYoungGen: 227872K->96K(219648K)] 229660K->1884K(394752K), 0.0005227 secs] [Times: user=0.00 sys=0.00, real=0.00 secs] 
42.729: [GC (Allocation Failure) [PSYoungGen: 219232K->96K(211456K)] 221020K->1884K(386560K), 0.0005300 secs] [Times: user=0.00 sys=0.00, real=0.00 secs] 
42.781: [GC (Allocation Failure) [PSYoungGen: 211040K->32K(203776K)] 212828K->1820K(378880K), 0.0005236 secs] [Times: user=0.00 sys=0.00, real=0.00 secs] 
42.832: [GC (Allocation Failure) [PSYoungGen: 203296K->32K(196096K)] 205084K->1820K(371200K), 0.0006548 secs] [Times: user=0.00 sys=0.00, real=0.00 secs] 
42.881: [GC (Allocation Failure) [PSYoungGen: 195616K->32K(188928K)] 197404K->1820K(364032K), 0.0005289 secs] [Times: user=0.00 sys=0.00, real=0.00 secs] 
42.928: [GC (Allocation Failure) [PSYoungGen: 188448K->32K(182272K)] 190236K->1820K(357376K), 0.0005026 secs] [Times: user=0.00 sys=0.00, real=0.00 secs] 
42.972: [GC (Allocation Failure) [PSYoungGen: 181792K->64K(175616K)] 183580K->1852K(350720K), 0.0005717 secs] [Times: user=0.00 sys=0.00, real=0.00 secs] 
43.016: [GC (Allocation Failure) [PSYoungGen: 175168K->96K(210944K)] 176956K->1884K(386048K), 0.0005279 secs] [Times: user=0.00 sys=0.00, real=0.00 secs] 
43.067: [GC (Allocation Failure) [PSYoungGen: 210528K->32K(203264K)] 212316K->1820K(378368K), 0.0005403 secs] [Times: user=0.00 sys=0.00, real=0.00 secs] 
43.117: [GC (Allocation Failure) [PSYoungGen: 202784K->32K(196096K)] 204572K->1820K(371200K), 0.0005056 secs] [Times: user=0.00 sys=0.00, real=0.00 secs] 
43.165: [GC (Allocation Failure) [PSYoungGen: 195616K->96K(188928K)] 197404K->1884K(364032K), 0.0005152 secs] [Times: user=0.00 sys=0.00, real=0.00 secs] 
43.212: [GC (Allocation Failure) [PSYoungGen: 188512K->32K(182272K)] 190300K->1820K(357376K), 0.0005433 secs] [Times: user=0.00 sys=0.00, real=0.00 secs] 
43.256: [GC (Allocation Failure) [PSYoungGen: 181792K->32K(218624K)] 183580K->1820K(393728K), 0.0006093 secs] [Times: user=0.00 sys=0.00, real=0.00 secs] 
43.314: [GC (Allocation Failure) [PSYoungGen: 218144K->32K(210432K)] 219932K->1820K(385536K), 0.0005633 secs] [Times: user=0.00 sys=0.00, real=0.00 secs] 
43.368: [GC (Allocation Failure) [PSYoungGen: 209952K->32K(202752K)] 211740K->1820K(377856K), 0.0005130 secs] [Times: user=0.00 sys=0.00, real=0.00 secs] 
43.417: [GC (Allocation Failure) [PSYoungGen: 202272K->32K(243200K)] 204060K->1820K(418304K), 0.0006194 secs] [Times: user=0.00 sys=0.00, real=0.00 secs] 
43.477: [GC (Allocation Failure) [PSYoungGen: 242720K->32K(233984K)] 244508K->1820K(409088K), 0.0005398 secs] [Times: user=0.00 sys=0.00, real=0.00 secs] 
43.534: [GC (Allocation Failure) [PSYoungGen: 233504K->32K(225280K)] 235292K->1820K(400384K), 0.0004998 secs] [Times: user=0.00 sys=0.00, real=0.00 secs] 
43.591: [GC (Allocation Failure) [PSYoungGen: 224800K->32K(217088K)] 226588K->1820K(392192K), 0.0005048 secs] [Times: user=0.00 sys=0.00, real=0.00 secs] 
43.644: [GC (Allocation Failure) [PSYoungGen: 216608K->96K(208896K)] 218396K->1884K(384000K), 0.0005807 secs] [Times: user=0.00 sys=0.00, real=0.00 secs] 
43.696: [GC (Allocation Failure) [PSYoungGen: 208480K->96K(201216K)] 210268K->1884K(376320K), 0.0005194 secs] [Times: user=0.00 sys=0.00, real=0.00 secs] 
43.745: [GC (Allocation Failure) [PSYoungGen: 200800K->32K(194048K)] 202588K->1820K(369152K), 0.0006094 secs] [Times: user=0.00 sys=0.00, real=0.00 secs] 
43.793: [GC (Allocation Failure) [PSYoungGen: 193568K->32K(186880K)] 195356K->1820K(361984K), 0.0005088 secs] [Times: user=0.00 sys=0.00, real=0.00 secs] 
43.838: [GC (Allocation Failure) [PSYoungGen: 186400K->32K(180224K)] 188188K->1820K(355328K), 0.0005072 secs] [Times: user=0.01 sys=0.00, real=0.00 secs] 
43.886: [GC (Allocation Failure) [PSYoungGen: 179744K->32K(174080K)] 181532K->1820K(349184K), 0.0005161 secs] [Times: user=0.00 sys=0.00, real=0.00 secs] 
43.929: [GC (Allocation Failure) [PSYoungGen: 173600K->96K(167936K)] 175388K->1884K(343040K), 0.0005215 secs] [Times: user=0.00 sys=0.00, real=0.00 secs] 
43.971: [GC (Allocation Failure) [PSYoungGen: 167520K->32K(201728K)] 169308K->1820K(376832K), 0.0005247 secs] [Times: user=0.00 sys=0.00, real=0.00 secs] 
44.020: [GC (Allocation Failure) [PSYoungGen: 201248K->32K(242176K)] 203036K->1820K(417280K), 0.0005255 secs] [Times: user=0.00 sys=0.00, real=0.00 secs] 
44.079: [GC (Allocation Failure) [PSYoungGen: 241696K->32K(232960K)] 243484K->1820K(408064K), 0.0005042 secs] [Times: user=0.00 sys=0.00, real=0.00 secs] 
44.137: [GC (Allocation Failure) [PSYoungGen: 232480K->32K(224256K)] 234268K->1820K(399360K), 0.0005101 secs] [Times: user=0.01 sys=0.00, real=0.00 secs] 
44.194: [GC (Allocation Failure) [PSYoungGen: 223776K->96K(216064K)] 225564K->1884K(391168K), 0.0005561 secs] [Times: user=0.00 sys=0.00, real=0.00 secs] 
44.247: [GC (Allocation Failure) [PSYoungGen: 215648K->32K(207872K)] 217436K->1820K(382976K), 0.0005432 secs] [Times: user=0.00 sys=0.00, real=0.00 secs] 
44.298: [GC (Allocation Failure) [PSYoungGen: 207392K->96K(200192K)] 209180K->1884K(375296K), 0.0005168 secs] [Times: user=0.00 sys=0.00, real=0.00 secs] 
44.347: [GC (Allocation Failure) [PSYoungGen: 199776K->96K(193024K)] 201564K->1884K(368128K), 0.0005172 secs] [Times: user=0.00 sys=0.00, real=0.00 secs] 
44.396: [GC (Allocation Failure) [PSYoungGen: 192608K->32K(185856K)] 194396K->1820K(360960K), 0.0005235 secs] [Times: user=0.00 sys=0.00, real=0.00 secs] 
44.442: [GC (Allocation Failure) [PSYoungGen: 185376K->32K(179200K)] 187164K->1820K(354304K), 0.0005610 secs] [Times: user=0.00 sys=0.00, real=0.01 secs] 
44.486: [GC (Allocation Failure) [PSYoungGen: 178720K->32K(173056K)] 180508K->1820K(348160K), 0.0005299 secs] [Times: user=0.00 sys=0.00, real=0.00 secs] 
44.529: [GC (Allocation Failure) [PSYoungGen: 172576K->32K(207872K)] 174364K->1820K(382976K), 0.0005035 secs] [Times: user=0.00 sys=0.00, real=0.00 secs] 
44.581: [GC (Allocation Failure) [PSYoungGen: 207392K->32K(200192K)] 209180K->1820K(375296K), 0.0005162 secs] [Times: user=0.00 sys=0.00, real=0.00 secs] 
44.631: [GC (Allocation Failure) [PSYoungGen: 199708K->32K(193024K)] 201497K->1820K(368128K), 0.0005877 secs] [Times: user=0.00 sys=0.00, real=0.00 secs] 
44.679: [GC (Allocation Failure) [PSYoungGen: 192544K->32K(185856K)] 194332K->1820K(360960K), 0.0004998 secs] [Times: user=0.00 sys=0.00, real=0.00 secs] 
44.724: [GC (Allocation Failure) [PSYoungGen: 185376K->96K(223232K)] 187164K->1884K(398336K), 0.0005658 secs] [Times: user=0.00 sys=0.00, real=0.00 secs] 
44.779: [GC (Allocation Failure) [PSYoungGen: 222816K->64K(215040K)] 224604K->1852K(390144K), 0.0005189 secs] [Times: user=0.00 sys=0.00, real=0.00 secs] 
44.832: [GC (Allocation Failure) [PSYoungGen: 214592K->96K(206848K)] 216380K->1884K(381952K), 0.0005300 secs] [Times: user=0.01 sys=0.00, real=0.00 secs] 
44.882: [GC (Allocation Failure) [PSYoungGen: 206432K->32K(199168K)] 208220K->1820K(374272K), 0.0005757 secs] [Times: user=0.00 sys=0.00, real=0.00 secs] 
44.935: [GC (Allocation Failure) [PSYoungGen: 198688K->32K(192000K)] 200476K->1820K(367104K), 0.0005046 secs] [Times: user=0.00 sys=0.00, real=0.00 secs] 
44.982: [GC (Allocation Failure) [PSYoungGen: 191520K->96K(185344K)] 193308K->1884K(360448K), 0.0005302 secs] [Times: user=0.00 sys=0.00, real=0.01 secs] 
45.027: [GC (Allocation Failure) [PSYoungGen: 184928K->96K(178688K)] 186716K->1884K(353792K), 0.0005135 secs] [Times: user=0.00 sys=0.00, real=0.00 secs] 
45.071: [GC (Allocation Failure) [PSYoungGen: 178272K->32K(214528K)] 180060K->1820K(389632K), 0.0005606 secs] [Times: user=0.00 sys=0.00, real=0.00 secs] 
45.124: [GC (Allocation Failure) [PSYoungGen: 214048K->32K(257536K)] 215836K->1820K(432640K), 0.0005626 secs] [Times: user=0.00 sys=0.00, real=0.00 secs] 
45.190: [GC (Allocation Failure) [PSYoungGen: 257056K->32K(247296K)] 258844K->1820K(422400K), 0.0005243 secs] [Times: user=0.01 sys=0.00, real=0.00 secs] 
45.250: [GC (Allocation Failure) [PSYoungGen: 246816K->32K(237568K)] 248604K->1820K(412672K), 0.0005031 secs] [Times: user=0.00 sys=0.00, real=0.00 secs] 
45.309: [GC (Allocation Failure) [PSYoungGen: 237088K->96K(228352K)] 238876K->1884K(403456K), 0.0005271 secs] [Times: user=0.01 sys=0.00, real=0.00 secs] 
45.365: [GC (Allocation Failure) [PSYoungGen: 227936K->32K(219648K)] 229724K->1820K(394752K), 0.0005145 secs] [Times: user=0.00 sys=0.00, real=0.00 secs] 
45.421: [GC (Allocation Failure) [PSYoungGen: 219168K->32K(211456K)] 220956K->1820K(386560K), 0.0005177 secs] [Times: user=0.00 sys=0.00, real=0.00 secs] 
45.473: [GC (Allocation Failure) [PSYoungGen: 210976K->32K(203776K)] 212764K->1820K(378880K), 0.0005770 secs] [Times: user=0.00 sys=0.00, real=0.00 secs] 
45.523: [GC (Allocation Failure) [PSYoungGen: 203296K->96K(196096K)] 205084K->1884K(371200K), 0.0005492 secs] [Times: user=0.00 sys=0.00, real=0.00 secs] 
45.572: [GC (Allocation Failure) [PSYoungGen: 195680K->32K(188928K)] 197468K->1820K(364032K), 0.0005359 secs] [Times: user=0.00 sys=0.00, real=0.00 secs] 
45.621: [GC (Allocation Failure) [PSYoungGen: 188448K->96K(182272K)] 190236K->1884K(357376K), 0.0005305 secs] [Times: user=0.00 sys=0.00, real=0.00 secs] 
45.666: [GC (Allocation Failure) [PSYoungGen: 181856K->96K(175616K)] 183644K->1884K(350720K), 0.0005360 secs] [Times: user=0.00 sys=0.00, real=0.00 secs] 
45.709: [GC (Allocation Failure) [PSYoungGen: 175200K->32K(169472K)] 176988K->1820K(344576K), 0.0005304 secs] [Times: user=0.00 sys=0.00, real=0.00 secs] 
45.751: [GC (Allocation Failure) [PSYoungGen: 168992K->96K(203264K)] 170780K->1884K(378368K), 0.0005343 secs] [Times: user=0.00 sys=0.00, real=0.00 secs] 
45.801: [GC (Allocation Failure) [PSYoungGen: 202848K->96K(244224K)] 204636K->1884K(419328K), 0.0005336 secs] [Times: user=0.00 sys=0.00, real=0.00 secs] 
45.861: [GC (Allocation Failure) [PSYoungGen: 243808K->32K(235008K)] 245596K->1820K(410112K), 0.0005261 secs] [Times: user=0.00 sys=0.00, real=0.00 secs] 
45.919: [GC (Allocation Failure) [PSYoungGen: 234528K->96K(282112K)] 236316K->1884K(457216K), 0.0009287 secs] [Times: user=0.00 sys=0.00, real=0.00 secs] 
45.990: [GC (Allocation Failure) [PSYoungGen: 281696K->96K(270848K)] 283484K->1884K(445952K), 0.0005661 secs] [Times: user=0.00 sys=0.00, real=0.00 secs] 
46.057: [GC (Allocation Failure) [PSYoungGen: 270432K->64K(260096K)] 272220K->1852K(435200K), 0.0005229 secs] [Times: user=0.01 sys=0.00, real=0.00 secs] 
46.121: [GC (Allocation Failure) [PSYoungGen: 259648K->32K(249856K)] 261436K->1820K(424960K), 0.0005241 secs] [Times: user=0.00 sys=0.00, real=0.00 secs] 
46.182: [GC (Allocation Failure) [PSYoungGen: 249376K->96K(240128K)] 251164K->1884K(415232K), 0.0005173 secs] [Times: user=0.00 sys=0.00, real=0.00 secs] 
46.242: [GC (Allocation Failure) [PSYoungGen: 239712K->32K(230912K)] 241500K->1820K(406016K), 0.0005466 secs] [Times: user=0.00 sys=0.00, real=0.01 secs] 
46.298: [GC (Allocation Failure) [PSYoungGen: 230432K->96K(222208K)] 232220K->1884K(397312K), 0.0005221 secs] [Times: user=0.00 sys=0.00, real=0.00 secs] 
46.353: [GC (Allocation Failure) [PSYoungGen: 221792K->64K(214016K)] 223580K->1852K(389120K), 0.0005237 secs] [Times: user=0.00 sys=0.00, real=0.00 secs] 
46.405: [GC (Allocation Failure) [PSYoungGen: 213568K->32K(206336K)] 215356K->1820K(381440K), 0.0005285 secs] [Times: user=0.00 sys=0.00, real=0.00 secs] 
46.458: [GC (Allocation Failure) [PSYoungGen: 205856K->96K(198656K)] 207644K->1884K(373760K), 0.0005369 secs] [Times: user=0.00 sys=0.00, real=0.00 secs] 
46.507: [GC (Allocation Failure) [PSYoungGen: 198240K->96K(191488K)] 200028K->1884K(366592K), 0.0005228 secs] [Times: user=0.00 sys=0.00, real=0.00 secs] 
46.554: [GC (Allocation Failure) [PSYoungGen: 191072K->32K(184832K)] 192860K->1820K(359936K), 0.0005311 secs] [Times: user=0.01 sys=0.00, real=0.00 secs] 
46.601: [GC (Allocation Failure) [PSYoungGen: 184352K->32K(178176K)] 186140K->1820K(353280K), 0.0005212 secs] [Times: user=0.00 sys=0.00, real=0.00 secs] 
46.645: [GC (Allocation Failure) [PSYoungGen: 177696K->96K(172032K)] 179484K->1884K(347136K), 0.0005645 secs] [Times: user=0.00 sys=0.00, real=0.00 secs] 
46.688: [GC (Allocation Failure) [PSYoungGen: 171616K->32K(206336K)] 173404K->1820K(381440K), 0.0004989 secs] [Times: user=0.00 sys=0.00, real=0.00 secs] 
46.743: [GC (Allocation Failure) [PSYoungGen: 205856K->32K(198656K)] 207644K->1820K(373760K), 0.0005324 secs] [Times: user=0.00 sys=0.00, real=0.00 secs] 
46.792: [GC (Allocation Failure) [PSYoungGen: 198176K->64K(191488K)] 199964K->1852K(366592K), 0.0005212 secs] [Times: user=0.01 sys=0.00, real=0.00 secs] 
46.838: [GC (Allocation Failure) [PSYoungGen: 191040K->64K(184832K)] 192828K->1852K(359936K), 0.0005314 secs] [Times: user=0.00 sys=0.00, real=0.00 secs] 
46.884: [GC (Allocation Failure) [PSYoungGen: 184384K->32K(178176K)] 186172K->1820K(353280K), 0.0005300 secs] [Times: user=0.00 sys=0.00, real=0.00 secs] 
46.928: [GC (Allocation Failure) [PSYoungGen: 177696K->64K(214016K)] 179484K->1852K(389120K), 0.0005308 secs] [Times: user=0.00 sys=0.00, real=0.00 secs] 
46.982: [GC (Allocation Failure) [PSYoungGen: 213568K->32K(206336K)] 215356K->1820K(381440K), 0.0005412 secs] [Times: user=0.00 sys=0.00, real=0.00 secs] 
47.033: [GC (Allocation Failure) [PSYoungGen: 205856K->96K(198656K)] 207644K->1884K(373760K), 0.0005266 secs] [Times: user=0.00 sys=0.00, real=0.00 secs] 
47.082: [GC (Allocation Failure) [PSYoungGen: 198240K->64K(191488K)] 200028K->1852K(366592K), 0.0005225 secs] [Times: user=0.00 sys=0.00, real=0.01 secs] 
47.129: [GC (Allocation Failure) [PSYoungGen: 191040K->32K(184832K)] 192828K->1820K(359936K), 0.0005095 secs] [Times: user=0.00 sys=0.00, real=0.00 secs] 
47.174: [GC (Allocation Failure) [PSYoungGen: 184352K->32K(178176K)] 186140K->1820K(353280K), 0.0005010 secs] [Times: user=0.00 sys=0.00, real=0.00 secs] 
47.219: [GC (Allocation Failure) [PSYoungGen: 177696K->32K(172032K)] 179484K->1820K(347136K), 0.0005139 secs] [Times: user=0.01 sys=0.00, real=0.00 secs] 
47.261: [GC (Allocation Failure) [PSYoungGen: 171552K->96K(206336K)] 173340K->1884K(381440K), 0.0005198 secs] [Times: user=0.00 sys=0.00, real=0.00 secs] 
47.311: [GC (Allocation Failure) [PSYoungGen: 205920K->64K(247808K)] 207708K->1852K(422912K), 0.0006322 secs] [Times: user=0.00 sys=0.00, real=0.00 secs] 
47.372: [GC (Allocation Failure) [PSYoungGen: 247360K->32K(238080K)] 249148K->1820K(413184K), 0.0005474 secs] [Times: user=0.00 sys=0.00, real=0.00 secs] 
47.431: [GC (Allocation Failure) [PSYoungGen: 237600K->96K(228864K)] 239388K->1884K(403968K), 0.0005450 secs] [Times: user=0.00 sys=0.00, real=0.00 secs] 
47.488: [GC (Allocation Failure) [PSYoungGen: 228448K->96K(220160K)] 230236K->1884K(395264K), 0.0005243 secs] [Times: user=0.01 sys=0.00, real=0.00 secs] 
47.541: [GC (Allocation Failure) [PSYoungGen: 219744K->96K(211968K)] 221532K->1884K(387072K), 0.0005246 secs] [Times: user=0.00 sys=0.00, real=0.00 secs] 
47.593: [GC (Allocation Failure) [PSYoungGen: 211552K->96K(254464K)] 213340K->1884K(429568K), 0.0010219 secs] [Times: user=0.00 sys=0.00, real=0.00 secs] 
47.655: [GC (Allocation Failure) [PSYoungGen: 254048K->32K(305664K)] 255836K->1820K(480768K), 0.0005544 secs] [Times: user=0.00 sys=0.00, real=0.00 secs] 
47.745: [GC (Allocation Failure) [PSYoungGen: 305184K->32K(293376K)] 306972K->1820K(468480K), 0.0005471 secs] [Times: user=0.00 sys=0.00, real=0.00 secs] 
47.831: [GC (Allocation Failure) [PSYoungGen: 292896K->96K(281600K)] 294684K->1884K(456704K), 0.0005259 secs] [Times: user=0.00 sys=0.00, real=0.00 secs] 
47.915: [GC (Allocation Failure) [PSYoungGen: 281184K->96K(270336K)] 282972K->1884K(445440K), 0.0005416 secs] [Times: user=0.00 sys=0.00, real=0.00 secs] 
48.006: [GC (Allocation Failure) [PSYoungGen: 269920K->96K(259584K)] 271708K->1884K(434688K), 0.0006901 secs] [Times: user=0.00 sys=0.00, real=0.00 secs] 
48.084: [GC (Allocation Failure) [PSYoungGen: 259168K->32K(249344K)] 260956K->1820K(424448K), 0.0005002 secs] [Times: user=0.01 sys=0.00, real=0.00 secs] 
48.145: [GC (Allocation Failure) [PSYoungGen: 248864K->96K(239616K)] 250652K->1884K(414720K), 0.0005331 secs] [Times: user=0.00 sys=0.00, real=0.00 secs] 
48.204: [GC (Allocation Failure) [PSYoungGen: 239200K->32K(230400K)] 240988K->1820K(405504K), 0.0005321 secs] [Times: user=0.01 sys=0.00, real=0.00 secs] 
48.260: [GC (Allocation Failure) [PSYoungGen: 229920K->96K(221696K)] 231708K->1884K(396800K), 0.0005283 secs] [Times: user=0.00 sys=0.00, real=0.00 secs] 
48.315: [GC (Allocation Failure) [PSYoungGen: 221280K->32K(213504K)] 223068K->1820K(388608K), 0.0005422 secs] [Times: user=0.00 sys=0.00, real=0.00 secs] 
48.368: [GC (Allocation Failure) [PSYoungGen: 213024K->96K(205824K)] 214812K->1884K(380928K), 0.0005386 secs] [Times: user=0.00 sys=0.00, real=0.00 secs] 
48.420: [GC (Allocation Failure) [PSYoungGen: 205408K->96K(198144K)] 207196K->1884K(373248K), 0.0005090 secs] [Times: user=0.00 sys=0.00, real=0.00 secs] 
48.468: [GC (Allocation Failure) [PSYoungGen: 197728K->64K(190976K)] 199516K->1852K(366080K), 0.0005504 secs] [Times: user=0.00 sys=0.00, real=0.00 secs] 
48.517: [GC (Allocation Failure) [PSYoungGen: 190528K->32K(184320K)] 192316K->1820K(359424K), 0.0005756 secs] [Times: user=0.00 sys=0.00, real=0.00 secs] 
48.563: [GC (Allocation Failure) [PSYoungGen: 183840K->32K(177664K)] 185628K->1820K(352768K), 0.0006107 secs] [Times: user=0.00 sys=0.00, real=0.00 secs] 
48.609: [GC (Allocation Failure) [PSYoungGen: 177184K->32K(213504K)] 178972K->1820K(388608K), 0.0005501 secs] [Times: user=0.00 sys=0.00, real=0.00 secs] 
48.661: [GC (Allocation Failure) [PSYoungGen: 213024K->96K(205824K)] 214812K->1884K(380928K), 0.0005247 secs] [Times: user=0.00 sys=0.00, real=0.00 secs] 
48.712: [GC (Allocation Failure) [PSYoungGen: 205408K->32K(198144K)] 207196K->1820K(373248K), 0.0005426 secs] [Times: user=0.00 sys=0.00, real=0.00 secs] 
48.760: [GC (Allocation Failure) [PSYoungGen: 197664K->32K(190976K)] 199452K->1820K(366080K), 0.0005395 secs] [Times: user=0.00 sys=0.00, real=0.00 secs] 
48.807: [GC (Allocation Failure) [PSYoungGen: 190496K->32K(184320K)] 192284K->1820K(359424K), 0.0005359 secs] [Times: user=0.00 sys=0.00, real=0.00 secs] 
48.852: [GC (Allocation Failure) [PSYoungGen: 183840K->32K(221184K)] 185628K->1820K(396288K), 0.0005637 secs] [Times: user=0.00 sys=0.00, real=0.01 secs] 
48.906: [GC (Allocation Failure) [PSYoungGen: 220704K->96K(265728K)] 222492K->1884K(440832K), 0.0005612 secs] [Times: user=0.00 sys=0.00, real=0.00 secs] 
48.971: [GC (Allocation Failure) [PSYoungGen: 265312K->32K(255488K)] 267100K->1820K(430592K), 0.0005238 secs] [Times: user=0.00 sys=0.00, real=0.00 secs] 
49.036: [GC (Allocation Failure) [PSYoungGen: 255008K->96K(245760K)] 256796K->1884K(420864K), 0.0005461 secs] [Times: user=0.00 sys=0.00, real=0.00 secs] 
49.096: [GC (Allocation Failure) [PSYoungGen: 245344K->96K(236544K)] 247132K->1884K(411648K), 0.0005438 secs] [Times: user=0.00 sys=0.00, real=0.00 secs] 
49.154: [GC (Allocation Failure) [PSYoungGen: 236128K->96K(227328K)] 237916K->1884K(402432K), 0.0005311 secs] [Times: user=0.00 sys=0.00, real=0.00 secs] 
49.210: [GC (Allocation Failure) [PSYoungGen: 226912K->32K(218624K)] 228700K->1820K(393728K), 0.0007133 secs] [Times: user=0.00 sys=0.00, real=0.00 secs] 
49.264: [GC (Allocation Failure) [PSYoungGen: 218144K->32K(210432K)] 219932K->1820K(385536K), 0.0005619 secs] [Times: user=0.00 sys=0.00, real=0.00 secs] 
49.316: [GC (Allocation Failure) [PSYoungGen: 209952K->96K(202752K)] 211740K->1884K(377856K), 0.0005188 secs] [Times: user=0.01 sys=0.00, real=0.00 secs] 
49.366: [GC (Allocation Failure) [PSYoungGen: 202336K->32K(195584K)] 204124K->1820K(370688K), 0.0005250 secs] [Times: user=0.01 sys=0.00, real=0.00 secs] 
49.413: [GC (Allocation Failure) [PSYoungGen: 195104K->32K(188416K)] 196892K->1820K(363520K), 0.0005221 secs] [Times: user=0.00 sys=0.00, real=0.00 secs] 
49.460: [GC (Allocation Failure) [PSYoungGen: 187936K->32K(181760K)] 189724K->1820K(356864K), 0.0005627 secs] [Times: user=0.00 sys=0.00, real=0.00 secs] 
49.519: [GC (Allocation Failure) [PSYoungGen: 181280K->96K(175616K)] 183068K->1884K(350720K), 0.0014610 secs] [Times: user=0.00 sys=0.00, real=0.00 secs] 
49.565: [GC (Allocation Failure) [PSYoungGen: 175200K->96K(169472K)] 176988K->1884K(344576K), 0.0005289 secs] [Times: user=0.00 sys=0.00, real=0.00 secs] 
49.607: [GC (Allocation Failure) [PSYoungGen: 169056K->32K(203264K)] 170844K->1820K(378368K), 0.0005607 secs] [Times: user=0.00 sys=0.00, real=0.00 secs] 
49.657: [GC (Allocation Failure) [PSYoungGen: 202784K->96K(244224K)] 204572K->1884K(419328K), 0.0005500 secs] [Times: user=0.00 sys=0.00, real=0.00 secs] 
49.717: [GC (Allocation Failure) [PSYoungGen: 243808K->96K(235008K)] 245596K->1884K(410112K), 0.0005438 secs] [Times: user=0.00 sys=0.00, real=0.00 secs] 
49.775: [GC (Allocation Failure) [PSYoungGen: 234592K->96K(226304K)] 236380K->1884K(401408K), 0.0005264 secs] [Times: user=0.01 sys=0.00, real=0.00 secs] 
49.831: [GC (Allocation Failure) [PSYoungGen: 225888K->64K(217600K)] 227676K->1852K(392704K), 0.0005296 secs] [Times: user=0.00 sys=0.00, real=0.00 secs] 
49.884: [GC (Allocation Failure) [PSYoungGen: 217152K->32K(209408K)] 218940K->1820K(384512K), 0.0005924 secs] [Times: user=0.01 sys=0.00, real=0.00 secs] 
49.935: [GC (Allocation Failure) [PSYoungGen: 208928K->32K(201728K)] 210716K->1820K(376832K), 0.0005279 secs] [Times: user=0.00 sys=0.00, real=0.00 secs] 
49.985: [GC (Allocation Failure) [PSYoungGen: 201248K->32K(194560K)] 203036K->1820K(369664K), 0.0005357 secs] [Times: user=0.00 sys=0.00, real=0.00 secs] 
50.034: [GC (Allocation Failure) [PSYoungGen: 194080K->32K(187392K)] 195868K->1820K(362496K), 0.0005283 secs] [Times: user=0.01 sys=0.00, real=0.00 secs] 
50.080: [GC (Allocation Failure) [PSYoungGen: 186912K->32K(180736K)] 188700K->1820K(355840K), 0.0005170 secs] [Times: user=0.00 sys=0.00, real=0.00 secs] 
50.124: [GC (Allocation Failure) [PSYoungGen: 180256K->32K(174592K)] 182044K->1820K(349696K), 0.0005466 secs] [Times: user=0.00 sys=0.00, real=0.00 secs] 
50.168: [GC (Allocation Failure) [PSYoungGen: 174112K->96K(168448K)] 175900K->1884K(343552K), 0.0005242 secs] [Times: user=0.00 sys=0.00, real=0.00 secs] 
50.210: [GC (Allocation Failure) [PSYoungGen: 168032K->32K(202240K)] 169820K->1820K(377344K), 0.0005896 secs] [Times: user=0.00 sys=0.00, real=0.00 secs] 
50.260: [GC (Allocation Failure) [PSYoungGen: 201760K->96K(242688K)] 203548K->1884K(417792K), 0.0005353 secs] [Times: user=0.00 sys=0.00, real=0.00 secs] 
50.319: [GC (Allocation Failure) [PSYoungGen: 242272K->96K(233472K)] 244060K->1884K(408576K), 0.0005372 secs] [Times: user=0.00 sys=0.00, real=0.00 secs] 
50.377: [GC (Allocation Failure) [PSYoungGen: 233056K->96K(224768K)] 234844K->1908K(399872K), 0.0005603 secs] [Times: user=0.00 sys=0.00, real=0.00 secs] 
50.432: [GC (Allocation Failure) [PSYoungGen: 224352K->96K(216576K)] 226164K->1908K(391680K), 0.0005799 secs] [Times: user=0.00 sys=0.00, real=0.00 secs] 
50.485: [GC (Allocation Failure) [PSYoungGen: 216160K->32K(208384K)] 217972K->1844K(383488K), 0.0005769 secs] [Times: user=0.00 sys=0.00, real=0.00 secs] 
50.537: [GC (Allocation Failure) [PSYoungGen: 207904K->32K(200704K)] 209716K->1844K(375808K), 0.0005410 secs] [Times: user=0.00 sys=0.00, real=0.00 secs] 
50.586: [GC (Allocation Failure) [PSYoungGen: 200224K->32K(241152K)] 202036K->1844K(416256K), 0.0007997 secs] [Times: user=0.00 sys=0.00, real=0.00 secs] 
50.646: [GC (Allocation Failure) [PSYoungGen: 240672K->32K(289280K)] 242484K->1844K(464384K), 0.0005700 secs] [Times: user=0.00 sys=0.00, real=0.00 secs] 
50.718: [GC (Allocation Failure) [PSYoungGen: 288800K->32K(278016K)] 290612K->1844K(453120K), 0.0005353 secs] [Times: user=0.00 sys=0.00, real=0.00 secs] 
50.786: [GC (Allocation Failure) [PSYoungGen: 277536K->32K(267264K)] 279348K->1844K(442368K), 0.0005824 secs] [Times: user=0.00 sys=0.00, real=0.00 secs] 
50.851: [GC (Allocation Failure) [PSYoungGen: 266784K->96K(257024K)] 268596K->1908K(432128K), 0.0005450 secs] [Times: user=0.00 sys=0.00, real=0.00 secs] 
50.914: [GC (Allocation Failure) [PSYoungGen: 256608K->64K(247296K)] 258420K->1876K(422400K), 0.0005290 secs] [Times: user=0.00 sys=0.00, real=0.00 secs] 
50.975: [GC (Allocation Failure) [PSYoungGen: 246848K->32K(237568K)] 248660K->1844K(412672K), 0.0005478 secs] [Times: user=0.00 sys=0.00, real=0.00 secs] 
51.033: [GC (Allocation Failure) [PSYoungGen: 237088K->32K(228352K)] 238900K->1844K(403456K), 0.0005253 secs] [Times: user=0.00 sys=0.00, real=0.00 secs] 
51.090: [GC (Allocation Failure) [PSYoungGen: 227872K->32K(219648K)] 229684K->1844K(394752K), 0.0005713 secs] [Times: user=0.00 sys=0.00, real=0.00 secs] 
51.144: [GC (Allocation Failure) [PSYoungGen: 219168K->32K(211456K)] 220980K->1844K(386560K), 0.0005311 secs] [Times: user=0.00 sys=0.00, real=0.00 secs] 
51.195: [GC (Allocation Failure) [PSYoungGen: 210976K->96K(203776K)] 212788K->1908K(378880K), 0.0005482 secs] [Times: user=0.00 sys=0.00, real=0.00 secs] 
51.246: [GC (Allocation Failure) [PSYoungGen: 203360K->96K(196096K)] 205172K->1908K(371200K), 0.0005302 secs] [Times: user=0.00 sys=0.00, real=0.00 secs] 
51.295: [GC (Allocation Failure) [PSYoungGen: 195680K->32K(188928K)] 197492K->1844K(364032K), 0.0005142 secs] [Times: user=0.00 sys=0.01, real=0.00 secs] 
51.341: [GC (Allocation Failure) [PSYoungGen: 188448K->32K(182272K)] 190260K->1844K(357376K), 0.0005661 secs] [Times: user=0.00 sys=0.00, real=0.00 secs] 
51.386: [GC (Allocation Failure) [PSYoungGen: 181792K->32K(175616K)] 183604K->1844K(350720K), 0.0005399 secs] [Times: user=0.00 sys=0.00, real=0.00 secs] 
51.429: [GC (Allocation Failure) [PSYoungGen: 175136K->96K(169472K)] 176948K->1908K(344576K), 0.0005285 secs] [Times: user=0.00 sys=0.00, real=0.00 secs] 
51.471: [GC (Allocation Failure) [PSYoungGen: 169056K->96K(203264K)] 170868K->1908K(378368K), 0.0005322 secs] [Times: user=0.00 sys=0.00, real=0.00 secs] 
51.521: [GC (Allocation Failure) [PSYoungGen: 202848K->96K(244224K)] 204660K->1908K(419328K), 0.0005843 secs] [Times: user=0.00 sys=0.00, real=0.00 secs] 
51.582: [GC (Allocation Failure) [PSYoungGen: 243808K->96K(235008K)] 245620K->1908K(410112K), 0.0005381 secs] [Times: user=0.00 sys=0.00, real=0.01 secs] 
51.640: [GC (Allocation Failure) [PSYoungGen: 234592K->64K(226304K)] 236404K->1876K(401408K), 0.0005341 secs] [Times: user=0.00 sys=0.00, real=0.00 secs] 
51.696: [GC (Allocation Failure) [PSYoungGen: 225856K->32K(217600K)] 227668K->1844K(392704K), 0.0005120 secs] [Times: user=0.00 sys=0.00, real=0.00 secs] 
51.749: [GC (Allocation Failure) [PSYoungGen: 217120K->32K(209408K)] 218932K->1844K(384512K), 0.0005565 secs] [Times: user=0.00 sys=0.00, real=0.00 secs] 
51.800: [GC (Allocation Failure) [PSYoungGen: 208928K->32K(201728K)] 210740K->1844K(376832K), 0.0005124 secs] [Times: user=0.00 sys=0.00, real=0.00 secs] 
51.850: [GC (Allocation Failure) [PSYoungGen: 201248K->32K(194560K)] 203060K->1844K(369664K), 0.0005487 secs] [Times: user=0.00 sys=0.00, real=0.00 secs] 
51.898: [GC (Allocation Failure) [PSYoungGen: 194080K->64K(187392K)] 195892K->1876K(362496K), 0.0005350 secs] [Times: user=0.00 sys=0.00, real=0.00 secs] 
51.944: [GC (Allocation Failure) [PSYoungGen: 186944K->32K(180736K)] 188756K->1852K(355840K), 0.0005719 secs] [Times: user=0.00 sys=0.00, real=0.00 secs] 
51.988: [GC (Allocation Failure) [PSYoungGen: 180256K->32K(217088K)] 182076K->1852K(392192K), 0.0005520 secs] [Times: user=0.00 sys=0.00, real=0.00 secs] 
52.042: [GC (Allocation Failure) [PSYoungGen: 216608K->96K(208896K)] 218428K->1916K(384000K), 0.0005487 secs] [Times: user=0.00 sys=0.00, real=0.00 secs] 
52.094: [GC (Allocation Failure) [PSYoungGen: 208480K->32K(201216K)] 210300K->1852K(376320K), 0.0005481 secs] [Times: user=0.00 sys=0.00, real=0.00 secs] 
52.143: [GC (Allocation Failure) [PSYoungGen: 200736K->96K(194048K)] 202556K->1916K(369152K), 0.0005231 secs] [Times: user=0.00 sys=0.00, real=0.00 secs] 
52.191: [GC (Allocation Failure) [PSYoungGen: 193632K->96K(186880K)] 195452K->1916K(361984K), 0.0005328 secs] [Times: user=0.00 sys=0.00, real=0.00 secs] 
52.237: [GC (Allocation Failure) [PSYoungGen: 186464K->96K(180224K)] 188284K->1916K(355328K), 0.0005353 secs] [Times: user=0.00 sys=0.00, real=0.00 secs] 
52.281: [GC (Allocation Failure) [PSYoungGen: 179808K->96K(216576K)] 181628K->1916K(391680K), 0.0005346 secs] [Times: user=0.00 sys=0.00, real=0.00 secs] 
52.334: [GC (Allocation Failure) [PSYoungGen: 216160K->32K(208384K)] 217980K->1852K(383488K), 0.0005153 secs] [Times: user=0.00 sys=0.00, real=0.00 secs] 
52.385: [GC (Allocation Failure) [PSYoungGen: 207904K->96K(200704K)] 209724K->1916K(375808K), 0.0005394 secs] [Times: user=0.00 sys=0.00, real=0.00 secs] 
52.435: [GC (Allocation Failure) [PSYoungGen: 200288K->96K(193536K)] 202108K->1916K(368640K), 0.0005362 secs] [Times: user=0.00 sys=0.00, real=0.00 secs] 
52.482: [GC (Allocation Failure) [PSYoungGen: 193120K->96K(186368K)] 194940K->1916K(361472K), 0.0005368 secs] [Times: user=0.00 sys=0.00, real=0.00 secs] 
52.528: [GC (Allocation Failure) [PSYoungGen: 185952K->32K(179712K)] 187772K->1852K(354816K), 0.0005275 secs] [Times: user=0.00 sys=0.00, real=0.00 secs] 
52.574: [GC (Allocation Failure) [PSYoungGen: 179232K->32K(215552K)] 181052K->1852K(390656K), 0.0005756 secs] [Times: user=0.00 sys=0.00, real=0.00 secs] 
52.628: [GC (Allocation Failure) [PSYoungGen: 215072K->32K(207360K)] 216892K->1852K(382464K), 0.0005341 secs] [Times: user=0.00 sys=0.00, real=0.00 secs] 
52.680: [GC (Allocation Failure) [PSYoungGen: 206880K->96K(199680K)] 208700K->1916K(374784K), 0.0005913 secs] [Times: user=0.00 sys=0.00, real=0.00 secs] 
52.729: [GC (Allocation Failure) [PSYoungGen: 199264K->96K(192512K)] 201084K->1916K(367616K), 0.0005124 secs] [Times: user=0.00 sys=0.00, real=0.00 secs] 
52.776: [GC (Allocation Failure) [PSYoungGen: 192096K->32K(185856K)] 193916K->1852K(360960K), 0.0005208 secs] [Times: user=0.00 sys=0.00, real=0.00 secs] 
52.822: [GC (Allocation Failure) [PSYoungGen: 185376K->96K(179200K)] 187196K->1916K(354304K), 0.0005428 secs] [Times: user=0.00 sys=0.00, real=0.01 secs] 
52.866: [GC (Allocation Failure) [PSYoungGen: 178784K->32K(215040K)] 180604K->1852K(390144K), 0.0006236 secs] [Times: user=0.00 sys=0.00, real=0.00 secs] 
52.919: [GC (Allocation Failure) [PSYoungGen: 214560K->32K(258048K)] 216380K->1852K(433152K), 0.0005141 secs] [Times: user=0.00 sys=0.00, real=0.00 secs] 
52.982: [GC (Allocation Failure) [PSYoungGen: 257568K->32K(247808K)] 259388K->1852K(422912K), 0.0005240 secs] [Times: user=0.00 sys=0.00, real=0.00 secs] 
53.042: [GC (Allocation Failure) [PSYoungGen: 247328K->96K(238080K)] 249148K->1916K(413184K), 0.0005537 secs] [Times: user=0.01 sys=0.00, real=0.01 secs] 
53.105: [GC (Allocation Failure) [PSYoungGen: 237664K->64K(228864K)] 239484K->1884K(403968K), 0.0005195 secs] [Times: user=0.00 sys=0.00, real=0.00 secs] 
53.161: [GC (Allocation Failure) [PSYoungGen: 228416K->32K(220160K)] 230236K->1852K(395264K), 0.0005290 secs] [Times: user=0.00 sys=0.00, real=0.00 secs] 
53.216: [GC (Allocation Failure) [PSYoungGen: 219680K->64K(211968K)] 221500K->1884K(387072K), 0.0005562 secs] [Times: user=0.00 sys=0.00, real=0.00 secs] 
53.268: [GC (Allocation Failure) [PSYoungGen: 211520K->32K(204288K)] 213340K->1852K(379392K), 0.0006023 secs] [Times: user=0.00 sys=0.00, real=0.00 secs] 
53.321: [GC (Allocation Failure) [PSYoungGen: 203808K->32K(196608K)] 205628K->1852K(371712K), 0.0005344 secs] [Times: user=0.00 sys=0.00, real=0.00 secs] 
53.369: [GC (Allocation Failure) [PSYoungGen: 196128K->96K(189440K)] 197948K->1916K(364544K), 0.0005255 secs] [Times: user=0.00 sys=0.00, real=0.00 secs] 
53.415: [GC (Allocation Failure) [PSYoungGen: 189024K->96K(182784K)] 190844K->1916K(357888K), 0.0005337 secs] [Times: user=0.00 sys=0.00, real=0.00 secs] 
53.460: [GC (Allocation Failure) [PSYoungGen: 182368K->32K(176128K)] 184188K->1852K(351232K), 0.0005439 secs] [Times: user=0.01 sys=0.00, real=0.00 secs] 
53.503: [GC (Allocation Failure) [PSYoungGen: 175648K->32K(211456K)] 177468K->1852K(386560K), 0.0005769 secs] [Times: user=0.00 sys=0.00, real=0.00 secs] 
53.555: [GC (Allocation Failure) [PSYoungGen: 210976K->96K(253952K)] 212796K->1916K(429056K), 0.0005168 secs] [Times: user=0.00 sys=0.00, real=0.00 secs] 
53.619: [GC (Allocation Failure) [PSYoungGen: 253536K->32K(244224K)] 255356K->1852K(419328K), 0.0005498 secs] [Times: user=0.01 sys=0.00, real=0.00 secs] 
53.680: [GC (Allocation Failure) [PSYoungGen: 243744K->96K(235008K)] 245564K->1916K(410112K), 0.0005339 secs] [Times: user=0.00 sys=0.00, real=0.00 secs] 
53.737: [GC (Allocation Failure) [PSYoungGen: 234592K->32K(226304K)] 236412K->1852K(401408K), 0.0005235 secs] [Times: user=0.00 sys=0.00, real=0.00 secs] 
53.793: [GC (Allocation Failure) [PSYoungGen: 225824K->96K(217600K)] 227644K->1916K(392704K), 0.0005704 secs] [Times: user=0.00 sys=0.00, real=0.00 secs] 
53.846: [GC (Allocation Failure) [PSYoungGen: 217184K->32K(209408K)] 219004K->1852K(384512K), 0.0004919 secs] [Times: user=0.00 sys=0.00, real=0.00 secs] 
53.896: [GC (Allocation Failure) [PSYoungGen: 208928K->32K(201728K)] 210748K->1852K(376832K), 0.0005301 secs] [Times: user=0.00 sys=0.00, real=0.00 secs] 
53.944: [GC (Allocation Failure) [PSYoungGen: 201248K->32K(194560K)] 203068K->1852K(369664K), 0.0005504 secs] [Times: user=0.00 sys=0.00, real=0.00 secs] 
53.991: [GC (Allocation Failure) [PSYoungGen: 194080K->32K(187392K)] 195900K->1852K(362496K), 0.0004928 secs] [Times: user=0.00 sys=0.00, real=0.00 secs] 
54.036: [GC (Allocation Failure) [PSYoungGen: 186912K->32K(180736K)] 188732K->1852K(355840K), 0.0005368 secs] [Times: user=0.00 sys=0.00, real=0.00 secs] 
54.079: [GC (Allocation Failure) [PSYoungGen: 180256K->32K(217088K)] 182076K->1852K(392192K), 0.0005378 secs] [Times: user=0.00 sys=0.00, real=0.00 secs] 
54.132: [GC (Allocation Failure) [PSYoungGen: 216608K->96K(208896K)] 218428K->1916K(384000K), 0.0005136 secs] [Times: user=0.00 sys=0.00, real=0.01 secs] 
54.183: [GC (Allocation Failure) [PSYoungGen: 208480K->32K(201216K)] 210300K->1852K(376320K), 0.0005075 secs] [Times: user=0.00 sys=0.00, real=0.00 secs] 
54.232: [GC (Allocation Failure) [PSYoungGen: 200736K->96K(194048K)] 202556K->1916K(369152K), 0.0005707 secs] [Times: user=0.00 sys=0.00, real=0.00 secs] 
54.280: [GC (Allocation Failure) [PSYoungGen: 193632K->96K(186880K)] 195452K->1916K(361984K), 0.0005070 secs] [Times: user=0.00 sys=0.00, real=0.00 secs] 
54.325: [GC (Allocation Failure) [PSYoungGen: 186464K->64K(180224K)] 188284K->1884K(355328K), 0.0005177 secs] [Times: user=0.01 sys=0.00, real=0.00 secs] 
54.368: [GC (Allocation Failure) [PSYoungGen: 179776K->96K(216576K)] 181596K->1916K(391680K), 0.0005377 secs] [Times: user=0.00 sys=0.00, real=0.00 secs] 
54.420: [GC (Allocation Failure) [PSYoungGen: 216160K->32K(208384K)] 217980K->1852K(383488K), 0.0004964 secs] [Times: user=0.00 sys=0.00, real=0.00 secs] 
54.469: [GC (Allocation Failure) [PSYoungGen: 207904K->96K(200704K)] 209724K->1916K(375808K), 0.0005133 secs] [Times: user=0.00 sys=0.00, real=0.00 secs] 
54.517: [GC (Allocation Failure) [PSYoungGen: 200288K->96K(193536K)] 202108K->1916K(368640K), 0.0005247 secs] [Times: user=0.00 sys=0.00, real=0.00 secs] 
54.563: [GC (Allocation Failure) [PSYoungGen: 193120K->64K(186368K)] 194940K->1884K(361472K), 0.0005555 secs] [Times: user=0.00 sys=0.00, real=0.00 secs] 
54.609: [GC (Allocation Failure) [PSYoungGen: 185920K->32K(223744K)] 187740K->1852K(398848K), 0.0010408 secs] [Times: user=0.00 sys=0.00, real=0.00 secs] 
54.664: [GC (Allocation Failure) [PSYoungGen: 223264K->32K(268800K)] 225084K->1852K(443904K), 0.0005404 secs] [Times: user=0.00 sys=0.00, real=0.00 secs] 
54.728: [GC (Allocation Failure) [PSYoungGen: 268320K->32K(322560K)] 270140K->1852K(497664K), 0.0005330 secs] [Times: user=0.00 sys=0.00, real=0.00 secs] 
54.806: [GC (Allocation Failure) [PSYoungGen: 322080K->96K(309248K)] 323900K->1916K(484352K), 0.0005176 secs] [Times: user=0.00 sys=0.00, real=0.00 secs] 
54.881: [GC (Allocation Failure) [PSYoungGen: 308832K->64K(296960K)] 310652K->1884K(472064K), 0.0007580 secs] [Times: user=0.01 sys=0.00, real=0.00 secs] 
54.951: [GC (Allocation Failure) [PSYoungGen: 296512K->96K(285184K)] 298332K->1916K(460288K), 0.0005227 secs] [Times: user=0.00 sys=0.00, real=0.00 secs] 
55.019: [GC (Allocation Failure) [PSYoungGen: 284768K->32K(273920K)] 286588K->1852K(449024K), 0.0005130 secs] [Times: user=0.01 sys=0.00, real=0.00 secs] 
55.085: [GC (Allocation Failure) [PSYoungGen: 273440K->32K(263168K)] 275260K->1852K(438272K), 0.0004975 secs] [Times: user=0.00 sys=0.00, real=0.00 secs] 
55.153: [GC (Allocation Failure) [PSYoungGen: 262688K->32K(252928K)] 264508K->1852K(428032K), 0.0005683 secs] [Times: user=0.00 sys=0.00, real=0.00 secs] 
55.219: [GC (Allocation Failure) [PSYoungGen: 252448K->32K(243200K)] 254268K->1852K(418304K), 0.0008830 secs] [Times: user=0.01 sys=0.00, real=0.00 secs] 
55.278: [GC (Allocation Failure) [PSYoungGen: 242720K->32K(233984K)] 244540K->1852K(409088K), 0.0005190 secs] [Times: user=0.00 sys=0.00, real=0.00 secs] 
55.334: [GC (Allocation Failure) [PSYoungGen: 233504K->96K(225280K)] 235324K->1916K(400384K), 0.0005108 secs] [Times: user=0.00 sys=0.00, real=0.00 secs] 
55.387: [GC (Allocation Failure) [PSYoungGen: 224864K->32K(217088K)] 226684K->1852K(392192K), 0.0004947 secs] [Times: user=0.00 sys=0.00, real=0.00 secs] 
55.440: [GC (Allocation Failure) [PSYoungGen: 216608K->32K(208896K)] 218428K->1852K(384000K), 0.0005495 secs] [Times: user=0.00 sys=0.00, real=0.00 secs] 
55.490: [GC (Allocation Failure) [PSYoungGen: 208416K->32K(201216K)] 210236K->1852K(376320K), 0.0005047 secs] [Times: user=0.00 sys=0.00, real=0.00 secs] 
55.538: [GC (Allocation Failure) [PSYoungGen: 200736K->96K(194048K)] 202556K->1916K(369152K), 0.0005468 secs] [Times: user=0.01 sys=0.00, real=0.00 secs] 
55.584: [GC (Allocation Failure) [PSYoungGen: 193632K->32K(186880K)] 195452K->1852K(361984K), 0.0005223 secs] [Times: user=0.00 sys=0.00, real=0.00 secs] 
55.630: [GC (Allocation Failure) [PSYoungGen: 186400K->32K(180224K)] 188220K->1852K(355328K), 0.0004982 secs] [Times: user=0.00 sys=0.00, real=0.00 secs] 
55.676: [GC (Allocation Failure) [PSYoungGen: 179744K->32K(174080K)] 181564K->1852K(349184K), 0.0005239 secs] [Times: user=0.01 sys=0.00, real=0.00 secs] 
55.719: [GC (Allocation Failure) [PSYoungGen: 173600K->64K(208896K)] 175420K->1884K(384000K), 0.0005576 secs] [Times: user=0.00 sys=0.00, real=0.00 secs] 
55.769: [GC (Allocation Failure) [PSYoungGen: 208448K->32K(201216K)] 210268K->1852K(376320K), 0.0005073 secs] [Times: user=0.00 sys=0.00, real=0.00 secs] 
55.817: [GC (Allocation Failure) [PSYoungGen: 200736K->64K(194048K)] 202556K->1884K(369152K), 0.0005438 secs] [Times: user=0.00 sys=0.00, real=0.00 secs] 
55.864: [GC (Allocation Failure) [PSYoungGen: 193600K->96K(186880K)] 195420K->1916K(361984K), 0.0005437 secs] [Times: user=0.00 sys=0.00, real=0.00 secs] 
55.909: [GC (Allocation Failure) [PSYoungGen: 186464K->96K(224256K)] 188284K->1916K(399360K), 0.0005291 secs] [Times: user=0.00 sys=0.00, real=0.00 secs] 
55.963: [GC (Allocation Failure) [PSYoungGen: 223840K->32K(216064K)] 225660K->1852K(391168K), 0.0005154 secs] [Times: user=0.00 sys=0.00, real=0.00 secs] 
56.017: [GC (Allocation Failure) [PSYoungGen: 215584K->32K(207872K)] 217404K->1852K(382976K), 0.0005053 secs] [Times: user=0.00 sys=0.00, real=0.00 secs] 
56.067: [GC (Allocation Failure) [PSYoungGen: 207392K->32K(200192K)] 209212K->1852K(375296K), 0.0005053 secs] [Times: user=0.00 sys=0.00, real=0.00 secs] 
56.115: [GC (Allocation Failure) [PSYoungGen: 199712K->32K(193024K)] 201532K->1852K(368128K), 0.0005106 secs] [Times: user=0.00 sys=0.00, real=0.00 secs] 
56.161: [GC (Allocation Failure) [PSYoungGen: 192544K->32K(185856K)] 194364K->1852K(360960K), 0.0005542 secs] [Times: user=0.00 sys=0.00, real=0.00 secs] 
56.208: [GC (Allocation Failure) [PSYoungGen: 185376K->32K(179200K)] 187196K->1852K(354304K), 0.0005250 secs] [Times: user=0.00 sys=0.00, real=0.00 secs] 
56.251: [GC (Allocation Failure) [PSYoungGen: 178720K->32K(215040K)] 180540K->1852K(390144K), 0.0005237 secs] [Times: user=0.00 sys=0.00, real=0.00 secs] 
56.303: [GC (Allocation Failure) [PSYoungGen: 214560K->32K(206848K)] 216380K->1852K(381952K), 0.0005155 secs] [Times: user=0.00 sys=0.00, real=0.00 secs] 
56.352: [GC (Allocation Failure) [PSYoungGen: 206368K->64K(199168K)] 208188K->1884K(374272K), 0.0005149 secs] [Times: user=0.00 sys=0.00, real=0.00 secs] 
56.402: [GC (Allocation Failure) [PSYoungGen: 198720K->96K(192000K)] 200540K->1916K(367104K), 0.0005178 secs] [Times: user=0.00 sys=0.00, real=0.00 secs] 
56.448: [GC (Allocation Failure) [PSYoungGen: 191584K->96K(185344K)] 193404K->1916K(360448K), 0.0005057 secs] [Times: user=0.00 sys=0.00, real=0.00 secs] 
56.492: [GC (Allocation Failure) [PSYoungGen: 184928K->96K(178688K)] 186748K->1916K(353792K), 0.0005013 secs] [Times: user=0.00 sys=0.00, real=0.00 secs] 
56.535: [GC (Allocation Failure) [PSYoungGen: 178272K->32K(214528K)] 180092K->1852K(389632K), 0.0005516 secs] [Times: user=0.00 sys=0.00, real=0.00 secs] 
56.586: [GC (Allocation Failure) [PSYoungGen: 214048K->32K(206336K)] 215868K->1852K(381440K), 0.0005215 secs] [Times: user=0.00 sys=0.00, real=0.00 secs] 
56.638: [GC (Allocation Failure) [PSYoungGen: 205856K->32K(198656K)] 207676K->1852K(373760K), 0.0005099 secs] [Times: user=0.00 sys=0.00, real=0.00 secs] 
56.685: [GC (Allocation Failure) [PSYoungGen: 198176K->32K(238592K)] 199996K->1852K(413696K), 0.0008802 secs] [Times: user=0.00 sys=0.00, real=0.00 secs] 
56.746: [GC (Allocation Failure) [PSYoungGen: 238112K->96K(286208K)] 239932K->1916K(461312K), 0.0005326 secs] [Times: user=0.00 sys=0.00, real=0.00 secs] 
56.816: [GC (Allocation Failure) [PSYoungGen: 285792K->96K(274944K)] 287612K->1916K(450048K), 0.0005087 secs] [Times: user=0.00 sys=0.00, real=0.00 secs] 
56.882: [GC (Allocation Failure) [PSYoungGen: 274528K->32K(264192K)] 276348K->1852K(439296K), 0.0005030 secs] [Times: user=0.00 sys=0.00, real=0.01 secs] 
56.945: [GC (Allocation Failure) [PSYoungGen: 263712K->32K(253952K)] 265532K->1852K(429056K), 0.0005186 secs] [Times: user=0.00 sys=0.00, real=0.00 secs] 
57.005: [GC (Allocation Failure) [PSYoungGen: 253472K->96K(244224K)] 255292K->1916K(419328K), 0.0005190 secs] [Times: user=0.00 sys=0.00, real=0.00 secs] 
57.063: [GC (Allocation Failure) [PSYoungGen: 243808K->32K(235008K)] 245628K->1852K(410112K), 0.0005304 secs] [Times: user=0.00 sys=0.00, real=0.00 secs] 
57.120: [GC (Allocation Failure) [PSYoungGen: 234528K->32K(226304K)] 236348K->1852K(401408K), 0.0004937 secs] [Times: user=0.00 sys=0.00, real=0.00 secs] 
57.174: [GC (Allocation Failure) [PSYoungGen: 225824K->96K(217600K)] 227644K->1916K(392704K), 0.0005372 secs] [Times: user=0.00 sys=0.00, real=0.00 secs] 
57.228: [GC (Allocation Failure) [PSYoungGen: 217184K->32K(209408K)] 219004K->1852K(384512K), 0.0004922 secs] [Times: user=0.00 sys=0.00, real=0.00 secs] 
57.279: [GC (Allocation Failure) [PSYoungGen: 208928K->64K(201728K)] 210748K->1884K(376832K), 0.0005529 secs] [Times: user=0.00 sys=0.00, real=0.00 secs] 
57.327: [GC (Allocation Failure) [PSYoungGen: 201280K->96K(194560K)] 203100K->1916K(369664K), 0.0005079 secs] [Times: user=0.00 sys=0.00, real=0.00 secs] 
57.374: [GC (Allocation Failure) [PSYoungGen: 194144K->96K(187392K)] 195964K->1916K(362496K), 0.0005205 secs] [Times: user=0.01 sys=0.00, real=0.00 secs] 
57.419: [GC (Allocation Failure) [PSYoungGen: 186976K->32K(180736K)] 188796K->1852K(355840K), 0.0005007 secs] [Times: user=0.00 sys=0.00, real=0.00 secs] 
57.462: [GC (Allocation Failure) [PSYoungGen: 180256K->32K(174592K)] 182076K->1852K(349696K), 0.0005327 secs] [Times: user=0.00 sys=0.00, real=0.01 secs] 
57.504: [GC (Allocation Failure) [PSYoungGen: 174112K->96K(209408K)] 175932K->1916K(384512K), 0.0005365 secs] [Times: user=0.01 sys=0.00, real=0.00 secs] 
57.553: [GC (Allocation Failure) [PSYoungGen: 208992K->32K(251392K)] 210812K->1852K(426496K), 0.0005588 secs] [Times: user=0.00 sys=0.00, real=0.00 secs] 
57.615: [GC (Allocation Failure) [PSYoungGen: 250912K->96K(241664K)] 252732K->1916K(416768K), 0.0005190 secs] [Times: user=0.00 sys=0.00, real=0.00 secs] 
57.673: [GC (Allocation Failure) [PSYoungGen: 241248K->96K(232448K)] 243068K->1916K(407552K), 0.0005112 secs] [Times: user=0.00 sys=0.00, real=0.00 secs] 
57.729: [GC (Allocation Failure) [PSYoungGen: 232032K->32K(279040K)] 233852K->1852K(454144K), 0.0013981 secs] [Times: user=0.00 sys=0.00, real=0.00 secs] 
57.797: [GC (Allocation Failure) [PSYoungGen: 278560K->32K(334848K)] 280380K->1852K(509952K), 0.0004974 secs] [Times: user=0.00 sys=0.00, real=0.00 secs] 
57.878: [GC (Allocation Failure) [PSYoungGen: 334368K->96K(321024K)] 336188K->1916K(496128K), 0.0005057 secs] [Times: user=0.00 sys=0.00, real=0.00 secs] 
57.954: [GC (Allocation Failure) [PSYoungGen: 320608K->32K(308224K)] 322428K->1852K(483328K), 0.0005212 secs] [Times: user=0.00 sys=0.00, real=0.00 secs] 
58.027: [GC (Allocation Failure) [PSYoungGen: 307744K->96K(295936K)] 309564K->1916K(471040K), 0.0005133 secs] [Times: user=0.00 sys=0.00, real=0.00 secs] 
58.098: [GC (Allocation Failure) [PSYoungGen: 295520K->32K(284160K)] 297340K->1852K(459264K), 0.0005267 secs] [Times: user=0.00 sys=0.00, real=0.00 secs] 
58.165: [GC (Allocation Failure) [PSYoungGen: 283680K->96K(272896K)] 285500K->1916K(448000K), 0.0005147 secs] [Times: user=0.00 sys=0.00, real=0.00 secs] 
58.231: [GC (Allocation Failure) [PSYoungGen: 272480K->32K(262144K)] 274300K->1852K(437248K), 0.0004994 secs] [Times: user=0.00 sys=0.00, real=0.00 secs] 
58.296: [GC (Allocation Failure) [PSYoungGen: 261664K->32K(251904K)] 263484K->1852K(427008K), 0.0005670 secs] [Times: user=0.00 sys=0.00, real=0.00 secs] 
58.356: [GC (Allocation Failure) [PSYoungGen: 251424K->32K(242176K)] 253244K->1852K(417280K), 0.0005115 secs] [Times: user=0.00 sys=0.00, real=0.00 secs] 
58.414: [GC (Allocation Failure) [PSYoungGen: 241696K->32K(232960K)] 243516K->1852K(408064K), 0.0004919 secs] [Times: user=0.00 sys=0.00, real=0.00 secs] 
58.472: [GC (Allocation Failure) [PSYoungGen: 232480K->96K(224256K)] 234300K->1916K(399360K), 0.0006043 secs] [Times: user=0.00 sys=0.00, real=0.01 secs] 
58.527: [GC (Allocation Failure) [PSYoungGen: 223840K->32K(216064K)] 225660K->1852K(391168K), 0.0005169 secs] [Times: user=0.00 sys=0.00, real=0.00 secs] 
58.578: [GC (Allocation Failure) [PSYoungGen: 215584K->32K(207872K)] 217404K->1852K(382976K), 0.0004944 secs] [Times: user=0.00 sys=0.00, real=0.00 secs] 
58.631: [GC (Allocation Failure) [PSYoungGen: 207392K->96K(200192K)] 209212K->1916K(375296K), 0.0005107 secs] [Times: user=0.00 sys=0.00, real=0.00 secs] 
58.678: [GC (Allocation Failure) [PSYoungGen: 199776K->96K(193024K)] 201596K->1916K(368128K), 0.0005256 secs] [Times: user=0.00 sys=0.00, real=0.00 secs] 
58.725: [GC (Allocation Failure) [PSYoungGen: 192608K->32K(185856K)] 194428K->1852K(360960K), 0.0005516 secs] [Times: user=0.00 sys=0.00, real=0.00 secs] 
58.772: [GC (Allocation Failure) [PSYoungGen: 185376K->32K(179200K)] 187196K->1852K(354304K), 0.0004956 secs] [Times: user=0.00 sys=0.00, real=0.00 secs] 
58.815: [GC (Allocation Failure) [PSYoungGen: 178720K->32K(173056K)] 180540K->1852K(348160K), 0.0005555 secs] [Times: user=0.00 sys=0.00, real=0.00 secs] 
58.856: [GC (Allocation Failure) [PSYoungGen: 172576K->32K(207872K)] 174396K->1852K(382976K), 0.0005472 secs] [Times: user=0.00 sys=0.00, real=0.00 secs] 
58.906: [GC (Allocation Failure) [PSYoungGen: 207392K->32K(200192K)] 209212K->1852K(375296K), 0.0005052 secs] [Times: user=0.00 sys=0.00, real=0.00 secs] 
58.954: [GC (Allocation Failure) [PSYoungGen: 199708K->32K(193024K)] 201529K->1852K(368128K), 0.0004941 secs] [Times: user=0.01 sys=0.00, real=0.00 secs] 
59.000: [GC (Allocation Failure) [PSYoungGen: 192544K->32K(231936K)] 194364K->1852K(407040K), 0.0006932 secs] [Times: user=0.00 sys=0.00, real=0.00 secs] 
59.059: [GC (Allocation Failure) [PSYoungGen: 231456K->32K(223232K)] 233276K->1852K(398336K), 0.0005161 secs] [Times: user=0.00 sys=0.00, real=0.00 secs] 
59.113: [GC (Allocation Failure) [PSYoungGen: 222752K->96K(215040K)] 224572K->1916K(390144K), 0.0005051 secs] [Times: user=0.00 sys=0.00, real=0.00 secs] 
59.164: [GC (Allocation Failure) [PSYoungGen: 214624K->32K(206848K)] 216444K->1852K(381952K), 0.0005928 secs] [Times: user=0.00 sys=0.00, real=0.00 secs] 
59.213: [GC (Allocation Failure) [PSYoungGen: 206368K->64K(248320K)] 208188K->1884K(423424K), 0.0006125 secs] [Times: user=0.00 sys=0.00, real=0.00 secs] 
59.277: [GC (Allocation Failure) [PSYoungGen: 247872K->96K(238592K)] 249692K->1916K(413696K), 0.0005089 secs] [Times: user=0.00 sys=0.00, real=0.00 secs] 
59.336: [GC (Allocation Failure) [PSYoungGen: 238176K->96K(229376K)] 239996K->1916K(404480K), 0.0005150 secs] [Times: user=0.00 sys=0.00, real=0.00 secs] 
59.390: [GC (Allocation Failure) [PSYoungGen: 228960K->32K(220672K)] 230780K->1852K(395776K), 0.0004955 secs] [Times: user=0.00 sys=0.00, real=0.00 secs] 
59.444: [GC (Allocation Failure) [PSYoungGen: 220192K->32K(212480K)] 222012K->1852K(387584K), 0.0005046 secs] [Times: user=0.00 sys=0.00, real=0.00 secs] 
59.494: [GC (Allocation Failure) [PSYoungGen: 212000K->32K(204800K)] 213820K->1852K(379904K), 0.0004952 secs] [Times: user=0.00 sys=0.00, real=0.00 secs] 
59.543: [GC (Allocation Failure) [PSYoungGen: 204320K->32K(197120K)] 206140K->1852K(372224K), 0.0005254 secs] [Times: user=0.00 sys=0.00, real=0.00 secs] 
59.590: [GC (Allocation Failure) [PSYoungGen: 196640K->64K(189952K)] 198460K->1884K(365056K), 0.0005110 secs] [Times: user=0.01 sys=0.00, real=0.00 secs] 
59.637: [GC (Allocation Failure) [PSYoungGen: 189504K->96K(183296K)] 191324K->1916K(358400K), 0.0005078 secs] [Times: user=0.00 sys=0.00, real=0.00 secs] 
59.682: [GC (Allocation Failure) [PSYoungGen: 182880K->32K(176640K)] 184700K->1852K(351744K), 0.0004996 secs] [Times: user=0.00 sys=0.00, real=0.00 secs] 
59.724: [GC (Allocation Failure) [PSYoungGen: 176160K->32K(170496K)] 177980K->1852K(345600K), 0.0005020 secs] [Times: user=0.00 sys=0.00, real=0.00 secs] 
59.765: [GC (Allocation Failure) [PSYoungGen: 170016K->32K(204800K)] 171836K->1852K(379904K), 0.0005402 secs] [Times: user=0.00 sys=0.00, real=0.00 secs] 
59.817: [GC (Allocation Failure) [PSYoungGen: 204320K->64K(197120K)] 206140K->1884K(372224K), 0.0005208 secs] [Times: user=0.00 sys=0.00, real=0.00 secs] 
59.866: [GC (Allocation Failure) [PSYoungGen: 196672K->32K(189952K)] 198492K->1852K(365056K), 0.0005333 secs] [Times: user=0.00 sys=0.00, real=0.00 secs] 
59.912: [GC (Allocation Failure) [PSYoungGen: 189472K->64K(227840K)] 191292K->1884K(402944K), 0.0005487 secs] [Times: user=0.00 sys=0.00, real=0.01 secs] 
59.968: [GC (Allocation Failure) [PSYoungGen: 227392K->96K(219136K)] 229212K->1916K(394240K), 0.0005109 secs] [Times: user=0.01 sys=0.00, real=0.00 secs] 
60.020: [GC (Allocation Failure) [PSYoungGen: 218720K->96K(210944K)] 220540K->1916K(386048K), 0.0005175 secs] [Times: user=0.00 sys=0.00, real=0.00 secs] 
60.070: [GC (Allocation Failure) [PSYoungGen: 210528K->32K(203264K)] 212348K->1852K(378368K), 0.0005381 secs] [Times: user=0.00 sys=0.00, real=0.00 secs] 
60.119: [GC (Allocation Failure) [PSYoungGen: 202784K->96K(196096K)] 204604K->1916K(371200K), 0.0005102 secs] [Times: user=0.00 sys=0.00, real=0.00 secs] 
60.168: [GC (Allocation Failure) [PSYoungGen: 195680K->32K(188928K)] 197500K->1852K(364032K), 0.0005330 secs] [Times: user=0.00 sys=0.00, real=0.00 secs] 
60.214: [GC (Allocation Failure) [PSYoungGen: 188448K->32K(182272K)] 190268K->1852K(357376K), 0.0005374 secs] [Times: user=0.00 sys=0.00, real=0.00 secs] 
60.258: [GC (Allocation Failure) [PSYoungGen: 181792K->96K(175616K)] 183612K->1916K(350720K), 0.0005167 secs] [Times: user=0.00 sys=0.00, real=0.00 secs] 
60.301: [GC (Allocation Failure) [PSYoungGen: 175200K->160K(210944K)] 177020K->1980K(386048K), 0.0005054 secs] [Times: user=0.00 sys=0.00, real=0.00 secs] 
60.354: [GC (Allocation Failure) [PSYoungGen: 210592K->32K(203264K)] 212412K->1884K(378368K), 0.0005389 secs] [Times: user=0.00 sys=0.00, real=0.00 secs] 
60.405: [GC (Allocation Failure) [PSYoungGen: 202784K->64K(196096K)] 204636K->1916K(371200K), 0.0005623 secs] [Times: user=0.00 sys=0.00, real=0.00 secs] 
60.452: [GC (Allocation Failure) [PSYoungGen: 195648K->96K(188928K)] 197500K->1948K(364032K), 0.0005234 secs] [Times: user=0.01 sys=0.00, real=0.01 secs] 
60.497: [GC (Allocation Failure) [PSYoungGen: 188512K->96K(182272K)] 190364K->1948K(357376K), 0.0005122 secs] [Times: user=0.00 sys=0.00, real=0.00 secs] 
60.541: [GC (Allocation Failure) [PSYoungGen: 181856K->32K(218624K)] 183708K->1884K(393728K), 0.0005415 secs] [Times: user=0.00 sys=0.00, real=0.00 secs] 
60.593: [GC (Allocation Failure) [PSYoungGen: 218144K->96K(262656K)] 219996K->1948K(437760K), 0.0005489 secs] [Times: user=0.00 sys=0.00, real=0.00 secs] 
60.657: [GC (Allocation Failure) [PSYoungGen: 262240K->64K(252416K)] 264092K->1916K(427520K), 0.0005517 secs] [Times: user=0.00 sys=0.00, real=0.00 secs] 
60.718: [GC (Allocation Failure) [PSYoungGen: 251968K->32K(242688K)] 253820K->1884K(417792K), 0.0005285 secs] [Times: user=0.00 sys=0.00, real=0.00 secs] 
60.777: [GC (Allocation Failure) [PSYoungGen: 242208K->32K(233472K)] 244060K->1884K(408576K), 0.0005472 secs] [Times: user=0.00 sys=0.00, real=0.00 secs] 
60.832: [GC (Allocation Failure) [PSYoungGen: 232992K->96K(224768K)] 234844K->1948K(399872K), 0.0005261 secs] [Times: user=0.00 sys=0.00, real=0.01 secs] 
60.888: [GC (Allocation Failure) [PSYoungGen: 224352K->96K(216576K)] 226204K->1948K(391680K), 0.0005508 secs] [Times: user=0.00 sys=0.00, real=0.00 secs] 
60.940: [GC (Allocation Failure) [PSYoungGen: 216160K->32K(208384K)] 218012K->1884K(383488K), 0.0005218 secs] [Times: user=0.00 sys=0.00, real=0.00 secs] 
60.990: [GC (Allocation Failure) [PSYoungGen: 207904K->64K(200704K)] 209756K->1916K(375808K), 0.0005269 secs] [Times: user=0.00 sys=0.00, real=0.00 secs] 
61.038: [GC (Allocation Failure) [PSYoungGen: 200256K->32K(193536K)] 202108K->1884K(368640K), 0.0005100 secs] [Times: user=0.00 sys=0.00, real=0.00 secs] 
61.084: [GC (Allocation Failure) [PSYoungGen: 193056K->32K(186368K)] 194908K->1884K(361472K), 0.0005772 secs] [Times: user=0.00 sys=0.00, real=0.00 secs] 
61.128: [GC (Allocation Failure) [PSYoungGen: 185888K->96K(179712K)] 187740K->1948K(354816K), 0.0005064 secs] [Times: user=0.01 sys=0.00, real=0.00 secs] 
61.172: [GC (Allocation Failure) [PSYoungGen: 179296K->96K(173568K)] 181148K->1948K(348672K), 0.0005125 secs] [Times: user=0.00 sys=0.00, real=0.00 secs] 
61.214: [GC (Allocation Failure) [PSYoungGen: 173152K->96K(208384K)] 175004K->1948K(383488K), 0.0005509 secs] [Times: user=0.00 sys=0.00, real=0.00 secs] 
61.265: [GC (Allocation Failure) [PSYoungGen: 207968K->96K(250368K)] 209820K->1948K(425472K), 0.0005212 secs] [Times: user=0.00 sys=0.00, real=0.00 secs] 
61.326: [GC (Allocation Failure) [PSYoungGen: 249952K->96K(240640K)] 251804K->1948K(415744K), 0.0005217 secs] [Times: user=0.01 sys=0.00, real=0.00 secs] 
61.387: [GC (Allocation Failure) [PSYoungGen: 240224K->32K(231424K)] 242076K->1884K(406528K), 0.0005482 secs] [Times: user=0.00 sys=0.00, real=0.00 secs] 
61.444: [GC (Allocation Failure) [PSYoungGen: 230944K->32K(222720K)] 232796K->1884K(397824K), 0.0005203 secs] [Times: user=0.00 sys=0.00, real=0.00 secs] 
61.499: [GC (Allocation Failure) [PSYoungGen: 222240K->32K(214528K)] 224092K->1884K(389632K), 0.0005150 secs] [Times: user=0.00 sys=0.00, real=0.00 secs] 
61.558: [GC (Allocation Failure) [PSYoungGen: 214048K->32K(206336K)] 215900K->1884K(381440K), 0.0005476 secs] [Times: user=0.00 sys=0.00, real=0.00 secs] 
61.609: [GC (Allocation Failure) [PSYoungGen: 205856K->32K(198656K)] 207708K->1884K(373760K), 0.0005888 secs] [Times: user=0.00 sys=0.00, real=0.00 secs] 
61.660: [GC (Allocation Failure) [PSYoungGen: 198176K->32K(191488K)] 200028K->1884K(366592K), 0.0005201 secs] [Times: user=0.00 sys=0.00, real=0.00 secs] 
61.707: [GC (Allocation Failure) [PSYoungGen: 191008K->96K(184832K)] 192860K->1948K(359936K), 0.0005360 secs] [Times: user=0.00 sys=0.00, real=0.00 secs] 
61.753: [GC (Allocation Failure) [PSYoungGen: 184416K->32K(178176K)] 186268K->1884K(353280K), 0.0005484 secs] [Times: user=0.00 sys=0.00, real=0.00 secs] 
61.797: [GC (Allocation Failure) [PSYoungGen: 177696K->96K(172032K)] 179548K->1948K(347136K), 0.0005278 secs] [Times: user=0.00 sys=0.00, real=0.00 secs] 
61.839: [GC (Allocation Failure) [PSYoungGen: 171616K->32K(206336K)] 173468K->1884K(381440K), 0.0005099 secs] [Times: user=0.00 sys=0.00, real=0.00 secs] 
61.892: [GC (Allocation Failure) [PSYoungGen: 205856K->32K(198656K)] 207708K->1884K(373760K), 0.0005440 secs] [Times: user=0.00 sys=0.00, real=0.01 secs] 
61.941: [GC (Allocation Failure) [PSYoungGen: 198176K->96K(191488K)] 200028K->1948K(366592K), 0.0005335 secs] [Times: user=0.00 sys=0.00, real=0.00 secs] 
61.988: [GC (Allocation Failure) [PSYoungGen: 191072K->96K(184832K)] 192924K->1948K(359936K), 0.0005348 secs] [Times: user=0.00 sys=0.00, real=0.00 secs] 
62.033: [GC (Allocation Failure) [PSYoungGen: 184416K->32K(178176K)] 186268K->1884K(353280K), 0.0005089 secs] [Times: user=0.00 sys=0.00, real=0.00 secs] 
62.077: [GC (Allocation Failure) [PSYoungGen: 177696K->96K(214016K)] 179548K->1948K(389120K), 0.0005257 secs] [Times: user=0.00 sys=0.00, real=0.00 secs] 
62.130: [GC (Allocation Failure) [PSYoungGen: 213600K->32K(206336K)] 215452K->1884K(381440K), 0.0005018 secs] [Times: user=0.00 sys=0.00, real=0.00 secs] 
62.187: [GC (Allocation Failure) [PSYoungGen: 205856K->96K(198656K)] 207708K->1948K(373760K), 0.0005638 secs] [Times: user=0.00 sys=0.00, real=0.00 secs] 
62.236: [GC (Allocation Failure) [PSYoungGen: 198240K->96K(191488K)] 200092K->1948K(366592K), 0.0005319 secs] [Times: user=0.00 sys=0.00, real=0.00 secs] 
62.283: [GC (Allocation Failure) [PSYoungGen: 191072K->32K(184832K)] 192924K->1884K(359936K), 0.0005692 secs] [Times: user=0.00 sys=0.00, real=0.00 secs] 
62.328: [GC (Allocation Failure) [PSYoungGen: 184352K->32K(221696K)] 186204K->1884K(396800K), 0.0005637 secs] [Times: user=0.00 sys=0.00, real=0.00 secs] 
62.385: [GC (Allocation Failure) [PSYoungGen: 221216K->96K(213504K)] 223068K->1948K(388608K), 0.0005317 secs] [Times: user=0.00 sys=0.00, real=0.00 secs] 
62.437: [GC (Allocation Failure) [PSYoungGen: 213088K->32K(205824K)] 214940K->1884K(380928K), 0.0005092 secs] [Times: user=0.00 sys=0.00, real=0.00 secs] 
62.487: [GC (Allocation Failure) [PSYoungGen: 205344K->96K(198144K)] 207196K->1948K(373248K), 0.0005219 secs] [Times: user=0.00 sys=0.00, real=0.00 secs] 
62.536: [GC (Allocation Failure) [PSYoungGen: 197728K->64K(190976K)] 199580K->1916K(366080K), 0.0005887 secs] [Times: user=0.00 sys=0.00, real=0.00 secs] 
62.583: [GC (Allocation Failure) [PSYoungGen: 190528K->32K(184320K)] 192380K->1884K(359424K), 0.0005154 secs] [Times: user=0.00 sys=0.00, real=0.00 secs] 
62.631: [GC (Allocation Failure) [PSYoungGen: 183840K->32K(177664K)] 185692K->1884K(352768K), 0.0005254 secs] [Times: user=0.00 sys=0.00, real=0.00 secs] 
62.675: [GC (Allocation Failure) [PSYoungGen: 177184K->96K(171520K)] 179036K->1948K(346624K), 0.0005264 secs] [Times: user=0.00 sys=0.00, real=0.00 secs] 
62.717: [GC (Allocation Failure) [PSYoungGen: 171104K->32K(205824K)] 172956K->1884K(380928K), 0.0005218 secs] [Times: user=0.01 sys=0.00, real=0.00 secs] 
62.767: [GC (Allocation Failure) [PSYoungGen: 205344K->96K(247296K)] 207196K->1948K(422400K), 0.0005858 secs] [Times: user=0.00 sys=0.00, real=0.00 secs] 
62.828: [GC (Allocation Failure) [PSYoungGen: 246880K->96K(237568K)] 248732K->1948K(412672K), 0.0005244 secs] [Times: user=0.00 sys=0.00, real=0.00 secs] 
62.888: [GC (Allocation Failure) [PSYoungGen: 237152K->32K(228352K)] 239004K->1884K(403456K), 0.0005628 secs] [Times: user=0.00 sys=0.00, real=0.00 secs] 
62.944: [GC (Allocation Failure) [PSYoungGen: 227872K->32K(219648K)] 229724K->1884K(394752K), 0.0005306 secs] [Times: user=0.00 sys=0.00, real=0.00 secs] 
62.998: [GC (Allocation Failure) [PSYoungGen: 219168K->32K(211456K)] 221020K->1884K(386560K), 0.0005253 secs] [Times: user=0.00 sys=0.00, real=0.00 secs] 
63.049: [GC (Allocation Failure) [PSYoungGen: 210976K->32K(203776K)] 212828K->1884K(378880K), 0.0005285 secs] [Times: user=0.00 sys=0.00, real=0.00 secs] 
63.100: [GC (Allocation Failure) [PSYoungGen: 203296K->64K(196096K)] 205148K->1916K(371200K), 0.0005326 secs] [Times: user=0.00 sys=0.00, real=0.00 secs] 
63.148: [GC (Allocation Failure) [PSYoungGen: 195648K->32K(188928K)] 197500K->1884K(364032K), 0.0005366 secs] [Times: user=0.00 sys=0.00, real=0.00 secs] 
63.195: [GC (Allocation Failure) [PSYoungGen: 188448K->32K(182272K)] 190300K->1884K(357376K), 0.0005841 secs] [Times: user=0.00 sys=0.00, real=0.00 secs] 
63.240: [GC (Allocation Failure) [PSYoungGen: 181792K->32K(218624K)] 183644K->1884K(393728K), 0.0005440 secs] [Times: user=0.00 sys=0.00, real=0.00 secs] 
63.294: [GC (Allocation Failure) [PSYoungGen: 218144K->96K(210432K)] 219996K->1948K(385536K), 0.0005309 secs] [Times: user=0.01 sys=0.00, real=0.00 secs] 
63.345: [GC (Allocation Failure) [PSYoungGen: 210016K->32K(252416K)] 211868K->1884K(427520K), 0.0006198 secs] [Times: user=0.00 sys=0.00, real=0.00 secs] 
63.410: [GC (Allocation Failure) [PSYoungGen: 251936K->32K(242688K)] 253788K->1884K(417792K), 0.0005295 secs] [Times: user=0.00 sys=0.00, real=0.00 secs] 
63.470: [GC (Allocation Failure) [PSYoungGen: 242208K->32K(233472K)] 244060K->1884K(408576K), 0.0005199 secs] [Times: user=0.00 sys=0.00, real=0.00 secs] 
63.528: [GC (Allocation Failure) [PSYoungGen: 232992K->96K(224768K)] 234844K->1948K(399872K), 0.0005295 secs] [Times: user=0.00 sys=0.00, real=0.00 secs] 
63.583: [GC (Allocation Failure) [PSYoungGen: 224352K->96K(216576K)] 226204K->1948K(391680K), 0.0005705 secs] [Times: user=0.01 sys=0.00, real=0.00 secs] 
63.638: [GC (Allocation Failure) [PSYoungGen: 216160K->32K(208384K)] 218012K->1884K(383488K), 0.0005112 secs] [Times: user=0.00 sys=0.00, real=0.00 secs] 
63.689: [GC (Allocation Failure) [PSYoungGen: 207904K->32K(200704K)] 209756K->1884K(375808K), 0.0005317 secs] [Times: user=0.00 sys=0.00, real=0.00 secs] 
63.739: [GC (Allocation Failure) [PSYoungGen: 200224K->32K(193536K)] 202076K->1884K(368640K), 0.0005049 secs] [Times: user=0.00 sys=0.00, real=0.00 secs] 
63.786: [GC (Allocation Failure) [PSYoungGen: 193056K->32K(186368K)] 194908K->1884K(361472K), 0.0005243 secs] [Times: user=0.00 sys=0.00, real=0.00 secs] 
63.832: [GC (Allocation Failure) [PSYoungGen: 185888K->96K(179712K)] 187740K->1948K(354816K), 0.0005301 secs] [Times: user=0.01 sys=0.01, real=0.01 secs] 
63.876: [GC (Allocation Failure) [PSYoungGen: 179296K->64K(215552K)] 181148K->1916K(390656K), 0.0009415 secs] [Times: user=0.00 sys=0.00, real=0.00 secs] 
63.931: [GC (Allocation Failure) [PSYoungGen: 215104K->96K(258560K)] 216956K->1948K(433664K), 0.0005281 secs] [Times: user=0.00 sys=0.00, real=0.00 secs] 
63.995: [GC (Allocation Failure) [PSYoungGen: 258144K->32K(310272K)] 259996K->1884K(485376K), 0.0005422 secs] [Times: user=0.00 sys=0.00, real=0.00 secs] 
64.070: [GC (Allocation Failure) [PSYoungGen: 309792K->32K(297984K)] 311644K->1884K(473088K), 0.0005295 secs] [Times: user=0.01 sys=0.00, real=0.00 secs] 
64.142: [GC (Allocation Failure) [PSYoungGen: 297504K->32K(286208K)] 299356K->1884K(461312K), 0.0005761 secs] [Times: user=0.00 sys=0.00, real=0.01 secs] 
64.210: [GC (Allocation Failure) [PSYoungGen: 285728K->32K(274944K)] 287580K->1884K(450048K), 0.0005164 secs] [Times: user=0.01 sys=0.00, real=0.00 secs] 
64.281: [GC (Allocation Failure) [PSYoungGen: 274464K->96K(264192K)] 276316K->1948K(439296K), 0.0006195 secs] [Times: user=0.00 sys=0.00, real=0.00 secs] 
64.346: [GC (Allocation Failure) [PSYoungGen: 263776K->32K(253952K)] 265628K->1884K(429056K), 0.0005144 secs] [Times: user=0.00 sys=0.00, real=0.00 secs] 
64.410: [GC (Allocation Failure) [PSYoungGen: 253472K->32K(244224K)] 255324K->1884K(419328K), 0.0004970 secs] [Times: user=0.00 sys=0.00, real=0.00 secs] 
64.469: [GC (Allocation Failure) [PSYoungGen: 243744K->96K(235008K)] 245596K->1948K(410112K), 0.0005122 secs] [Times: user=0.00 sys=0.00, real=0.00 secs] 
64.526: [GC (Allocation Failure) [PSYoungGen: 234591K->32K(226304K)] 236443K->1884K(401408K), 0.0005351 secs] [Times: user=0.00 sys=0.00, real=0.00 secs] 
64.581: [GC (Allocation Failure) [PSYoungGen: 225824K->32K(217600K)] 227676K->1884K(392704K), 0.0005886 secs] [Times: user=0.01 sys=0.00, real=0.00 secs] 
64.637: [GC (Allocation Failure) [PSYoungGen: 217120K->96K(209408K)] 218972K->1948K(384512K), 0.0005427 secs] [Times: user=0.00 sys=0.00, real=0.00 secs] 
64.687: [GC (Allocation Failure) [PSYoungGen: 208992K->32K(201728K)] 210844K->1884K(376832K), 0.0005287 secs] [Times: user=0.00 sys=0.00, real=0.00 secs] 
64.736: [GC (Allocation Failure) [PSYoungGen: 201248K->32K(194560K)] 203100K->1884K(369664K), 0.0005355 secs] [Times: user=0.00 sys=0.00, real=0.00 secs] 
64.787: [GC (Allocation Failure) [PSYoungGen: 194080K->96K(187392K)] 195932K->1948K(362496K), 0.0005594 secs] [Times: user=0.00 sys=0.00, real=0.00 secs] 
64.832: [GC (Allocation Failure) [PSYoungGen: 186976K->96K(180736K)] 188828K->1948K(355840K), 0.0005659 secs] [Times: user=0.00 sys=0.00, real=0.01 secs] 
64.875: [GC (Allocation Failure) [PSYoungGen: 180320K->96K(217088K)] 182172K->1948K(392192K), 0.0005670 secs] [Times: user=0.00 sys=0.00, real=0.00 secs] 
64.930: [GC (Allocation Failure) [PSYoungGen: 216672K->32K(260608K)] 218524K->1884K(435712K), 0.0005771 secs] [Times: user=0.00 sys=0.00, real=0.00 secs] 
64.994: [GC (Allocation Failure) [PSYoungGen: 260128K->32K(250368K)] 261980K->1884K(425472K), 0.0004959 secs] [Times: user=0.00 sys=0.00, real=0.00 secs] 
65.054: [GC (Allocation Failure) [PSYoungGen: 249888K->32K(240640K)] 251740K->1884K(415744K), 0.0005228 secs] [Times: user=0.00 sys=0.00, real=0.00 secs] 
65.112: [GC (Allocation Failure) [PSYoungGen: 240160K->96K(231424K)] 242012K->1948K(406528K), 0.0005196 secs] [Times: user=0.00 sys=0.00, real=0.00 secs] 
65.171: [GC (Allocation Failure) [PSYoungGen: 231008K->32K(222720K)] 232860K->1884K(397824K), 0.0005154 secs] [Times: user=0.00 sys=0.00, real=0.00 secs] 
65.224: [GC (Allocation Failure) [PSYoungGen: 222240K->96K(214528K)] 224092K->1948K(389632K), 0.0005178 secs] [Times: user=0.00 sys=0.00, real=0.00 secs] 
65.276: [GC (Allocation Failure) [PSYoungGen: 214112K->96K(257536K)] 215964K->1948K(432640K), 0.0008616 secs] [Times: user=0.00 sys=0.00, real=0.00 secs] 
65.339: [GC (Allocation Failure) [PSYoungGen: 257120K->96K(247296K)] 258972K->1948K(422400K), 0.0005495 secs] [Times: user=0.00 sys=0.00, real=0.00 secs] 
65.399: [GC (Allocation Failure) [PSYoungGen: 246880K->96K(237568K)] 248732K->1948K(412672K), 0.0005391 secs] [Times: user=0.00 sys=0.00, real=0.00 secs] 
65.460: [GC (Allocation Failure) [PSYoungGen: 237152K->64K(228352K)] 239004K->1916K(403456K), 0.0005778 secs] [Times: user=0.00 sys=0.00, real=0.00 secs] 
65.516: [GC (Allocation Failure) [PSYoungGen: 227904K->96K(219648K)] 229756K->1948K(394752K), 0.0005219 secs] [Times: user=0.00 sys=0.00, real=0.00 secs] 
65.570: [GC (Allocation Failure) [PSYoungGen: 219232K->96K(211456K)] 221084K->1948K(386560K), 0.0005353 secs] [Times: user=0.00 sys=0.00, real=0.00 secs] 
65.621: [GC (Allocation Failure) [PSYoungGen: 211040K->32K(203776K)] 212892K->1884K(378880K), 0.0005657 secs] [Times: user=0.01 sys=0.00, real=0.00 secs] 
65.675: [GC (Allocation Failure) [PSYoungGen: 203296K->32K(196096K)] 205148K->1884K(371200K), 0.0005535 secs] [Times: user=0.00 sys=0.00, real=0.00 secs] 
65.723: [GC (Allocation Failure) [PSYoungGen: 195616K->32K(188928K)] 197468K->1884K(364032K), 0.0005050 secs] [Times: user=0.00 sys=0.00, real=0.00 secs] 
65.769: [GC (Allocation Failure) [PSYoungGen: 188448K->32K(182272K)] 190300K->1884K(357376K), 0.0005224 secs] [Times: user=0.00 sys=0.00, real=0.00 secs] 
65.814: [GC (Allocation Failure) [PSYoungGen: 181792K->64K(175616K)] 183644K->1916K(350720K), 0.0005565 secs] [Times: user=0.00 sys=0.00, real=0.00 secs] 
65.857: [GC (Allocation Failure) [PSYoungGen: 175168K->96K(210944K)] 177020K->1948K(386048K), 0.0005344 secs] [Times: user=0.00 sys=0.00, real=0.00 secs] 
65.909: [GC (Allocation Failure) [PSYoungGen: 210528K->32K(203264K)] 212380K->1884K(378368K), 0.0005400 secs] [Times: user=0.00 sys=0.00, real=0.00 secs] 
65.961: [GC (Allocation Failure) [PSYoungGen: 202784K->32K(196096K)] 204636K->1884K(371200K), 0.0005241 secs] [Times: user=0.01 sys=0.00, real=0.00 secs] 
66.009: [GC (Allocation Failure) [PSYoungGen: 195616K->96K(188928K)] 197468K->1948K(364032K), 0.0005823 secs] [Times: user=0.00 sys=0.00, real=0.00 secs] 
66.056: [GC (Allocation Failure) [PSYoungGen: 188512K->32K(226816K)] 190364K->1884K(401920K), 0.0006107 secs] [Times: user=0.00 sys=0.00, real=0.00 secs] 
66.112: [GC (Allocation Failure) [PSYoungGen: 226336K->96K(272384K)] 228188K->1948K(447488K), 0.0005365 secs] [Times: user=0.00 sys=0.00, real=0.00 secs] 
66.179: [GC (Allocation Failure) [PSYoungGen: 271968K->96K(261632K)] 273820K->1948K(436736K), 0.0006225 secs] [Times: user=0.01 sys=0.00, real=0.00 secs] 
66.245: [GC (Allocation Failure) [PSYoungGen: 261216K->32K(251392K)] 263068K->1884K(426496K), 0.0005047 secs] [Times: user=0.00 sys=0.00, real=0.00 secs] 
66.307: [GC (Allocation Failure) [PSYoungGen: 250912K->32K(241664K)] 252764K->1884K(416768K), 0.0005364 secs] [Times: user=0.00 sys=0.00, real=0.00 secs] 
66.366: [GC (Allocation Failure) [PSYoungGen: 241184K->96K(232448K)] 243036K->1948K(407552K), 0.0005394 secs] [Times: user=0.00 sys=0.00, real=0.00 secs] 
66.424: [GC (Allocation Failure) [PSYoungGen: 232032K->96K(223744K)] 233884K->1948K(398848K), 0.0005407 secs] [Times: user=0.00 sys=0.00, real=0.00 secs] 
66.483: [GC (Allocation Failure) [PSYoungGen: 223328K->96K(215552K)] 225180K->1948K(390656K), 0.0006163 secs] [Times: user=0.00 sys=0.00, real=0.00 secs] 
66.540: [GC (Allocation Failure) [PSYoungGen: 215136K->32K(207360K)] 216988K->1884K(382464K), 0.0005926 secs] [Times: user=0.01 sys=0.00, real=0.00 secs] 
66.592: [GC (Allocation Failure) [PSYoungGen: 206880K->96K(199680K)] 208732K->1948K(374784K), 0.0005454 secs] [Times: user=0.00 sys=0.00, real=0.01 secs] 
66.645: [GC (Allocation Failure) [PSYoungGen: 199264K->96K(239616K)] 201116K->1948K(414720K), 0.0013715 secs] [Times: user=0.00 sys=0.00, real=0.00 secs] 
66.707: [GC (Allocation Failure) [PSYoungGen: 239200K->32K(287744K)] 241052K->1884K(462848K), 0.0005846 secs] [Times: user=0.00 sys=0.00, real=0.00 secs] 
66.779: [GC (Allocation Failure) [PSYoungGen: 287264K->96K(276480K)] 289116K->1948K(451584K), 0.0005608 secs] [Times: user=0.00 sys=0.00, real=0.00 secs] 
66.849: [GC (Allocation Failure) [PSYoungGen: 276064K->32K(265728K)] 277916K->1884K(440832K), 0.0005707 secs] [Times: user=0.00 sys=0.00, real=0.00 secs] 
66.916: [GC (Allocation Failure) [PSYoungGen: 265248K->32K(255488K)] 267100K->1884K(430592K), 0.0005160 secs] [Times: user=0.00 sys=0.00, real=0.00 secs] 
66.983: [GC (Allocation Failure) [PSYoungGen: 255008K->64K(245760K)] 256860K->1916K(420864K), 0.0006674 secs] [Times: user=0.00 sys=0.00, real=0.00 secs] 
67.045: [GC (Allocation Failure) [PSYoungGen: 245312K->96K(236544K)] 247164K->1948K(411648K), 0.0005451 secs] [Times: user=0.00 sys=0.00, real=0.00 secs] 
67.105: [GC (Allocation Failure) [PSYoungGen: 236128K->32K(227328K)] 237980K->1884K(402432K), 0.0005496 secs] [Times: user=0.00 sys=0.00, real=0.00 secs] 
67.162: [GC (Allocation Failure) [PSYoungGen: 226848K->64K(218624K)] 228700K->1916K(393728K), 0.0006195 secs] [Times: user=0.00 sys=0.00, real=0.00 secs] 
67.219: [GC (Allocation Failure) [PSYoungGen: 218176K->96K(210432K)] 220028K->1948K(385536K), 0.0005390 secs] [Times: user=0.00 sys=0.00, real=0.00 secs] 
67.273: [GC (Allocation Failure) [PSYoungGen: 210016K->96K(202752K)] 211868K->1948K(377856K), 0.0005472 secs] [Times: user=0.00 sys=0.00, real=0.00 secs] 
67.325: [GC (Allocation Failure) [PSYoungGen: 202336K->64K(243200K)] 204188K->1916K(418304K), 0.0009148 secs] [Times: user=0.00 sys=0.00, real=0.00 secs] 
67.386: [GC (Allocation Failure) [PSYoungGen: 242752K->32K(291840K)] 244604K->1884K(466944K), 0.0006287 secs] [Times: user=0.00 sys=0.00, real=0.00 secs] 
67.463: [GC (Allocation Failure) [PSYoungGen: 291360K->96K(280064K)] 293212K->1948K(455168K), 0.0005395 secs] [Times: user=0.00 sys=0.00, real=0.00 secs] 
67.536: [GC (Allocation Failure) [PSYoungGen: 279648K->32K(268800K)] 281500K->1884K(443904K), 0.0005516 secs] [Times: user=0.01 sys=0.00, real=0.00 secs] 
67.606: [GC (Allocation Failure) [PSYoungGen: 268320K->32K(258048K)] 270172K->1884K(433152K), 0.0005882 secs] [Times: user=0.00 sys=0.00, real=0.00 secs] 
67.674: [GC (Allocation Failure) [PSYoungGen: 257568K->32K(247808K)] 259420K->1884K(422912K), 0.0006285 secs] [Times: user=0.00 sys=0.00, real=0.00 secs] 
67.737: [GC (Allocation Failure) [PSYoungGen: 247328K->32K(238080K)] 249180K->1884K(413184K), 0.0006669 secs] [Times: user=0.00 sys=0.00, real=0.00 secs] 
67.799: [GC (Allocation Failure) [PSYoungGen: 237600K->32K(228864K)] 239452K->1884K(403968K), 0.0005627 secs] [Times: user=0.00 sys=0.00, real=0.00 secs] 
67.859: [GC (Allocation Failure) [PSYoungGen: 228384K->32K(220160K)] 230236K->1884K(395264K), 0.0005426 secs] [Times: user=0.00 sys=0.01, real=0.00 secs] 
67.914: [GC (Allocation Failure) [PSYoungGen: 219680K->32K(211968K)] 221532K->1884K(387072K), 0.0005829 secs] [Times: user=0.00 sys=0.00, real=0.00 secs] 
67.967: [GC (Allocation Failure) [PSYoungGen: 211488K->64K(204288K)] 213340K->1916K(379392K), 0.0005333 secs] [Times: user=0.00 sys=0.00, real=0.00 secs] 
68.022: [GC (Allocation Failure) [PSYoungGen: 203840K->96K(196608K)] 205692K->1948K(371712K), 0.0005371 secs] [Times: user=0.00 sys=0.00, real=0.01 secs] 
68.072: [GC (Allocation Failure) [PSYoungGen: 196192K->96K(189440K)] 198044K->1948K(364544K), 0.0005408 secs] [Times: user=0.00 sys=0.00, real=0.01 secs] 
68.120: [GC (Allocation Failure) [PSYoungGen: 189024K->96K(182784K)] 190876K->1948K(357888K), 0.0005504 secs] [Times: user=0.00 sys=0.00, real=0.00 secs] 
68.166: [GC (Allocation Failure) [PSYoungGen: 182368K->32K(176128K)] 184220K->1884K(351232K), 0.0005165 secs] [Times: user=0.00 sys=0.00, real=0.00 secs] 
68.210: [GC (Allocation Failure) [PSYoungGen: 175648K->32K(169984K)] 177500K->1884K(345088K), 0.0005154 secs] [Times: user=0.00 sys=0.00, real=0.00 secs] 
68.257: [GC (Allocation Failure) [PSYoungGen: 169504K->32K(204288K)] 171356K->1884K(379392K), 0.0005746 secs] [Times: user=0.01 sys=0.00, real=0.00 secs] 
68.308: [GC (Allocation Failure) [PSYoungGen: 203808K->96K(196608K)] 205660K->1948K(371712K), 0.0005404 secs] [Times: user=0.00 sys=0.00, real=0.00 secs] 
68.358: [GC (Allocation Failure) [PSYoungGen: 196192K->32K(189440K)] 198044K->1884K(364544K), 0.0005504 secs] [Times: user=0.00 sys=0.00, real=0.00 secs] 
68.406: [GC (Allocation Failure) [PSYoungGen: 188960K->32K(227328K)] 190812K->1884K(402432K), 0.0005766 secs] [Times: user=0.01 sys=0.00, real=0.00 secs] 
68.464: [GC (Allocation Failure) [PSYoungGen: 226848K->64K(218624K)] 228700K->1916K(393728K), 0.0005572 secs] [Times: user=0.00 sys=0.00, real=0.00 secs] 
68.524: [GC (Allocation Failure) [PSYoungGen: 218176K->96K(210432K)] 220028K->1948K(385536K), 0.0005748 secs] [Times: user=0.00 sys=0.00, real=0.00 secs] 
68.577: [GC (Allocation Failure) [PSYoungGen: 210016K->96K(202752K)] 211868K->1948K(377856K), 0.0005391 secs] [Times: user=0.01 sys=0.00, real=0.00 secs] 
68.634: [GC (Allocation Failure) [PSYoungGen: 202336K->96K(195584K)] 204188K->1948K(370688K), 0.0006622 secs] [Times: user=0.00 sys=0.00, real=0.00 secs] 
68.686: [GC (Allocation Failure) [PSYoungGen: 195168K->96K(188416K)] 197020K->1948K(363520K), 0.0005490 secs] [Times: user=0.00 sys=0.00, real=0.00 secs] 
68.734: [GC (Allocation Failure) [PSYoungGen: 188000K->96K(226304K)] 189852K->1948K(401408K), 0.0006742 secs] [Times: user=0.00 sys=0.00, real=0.00 secs] 
68.795: [GC (Allocation Failure) [PSYoungGen: 225888K->96K(217600K)] 227740K->1948K(392704K), 0.0005458 secs] [Times: user=0.00 sys=0.00, real=0.00 secs] 
68.850: [GC (Allocation Failure) [PSYoungGen: 217184K->96K(209408K)] 219036K->1948K(384512K), 0.0005863 secs] [Times: user=0.00 sys=0.00, real=0.00 secs] 
68.906: [GC (Allocation Failure) [PSYoungGen: 208992K->32K(201728K)] 210844K->1884K(376832K), 0.0005561 secs] [Times: user=0.00 sys=0.00, real=0.00 secs] 
68.958: [GC (Allocation Failure) [PSYoungGen: 201248K->64K(194560K)] 203100K->1916K(369664K), 0.0005348 secs] [Times: user=0.01 sys=0.00, real=0.00 secs] 
69.007: [GC (Allocation Failure) [PSYoungGen: 194112K->32K(187392K)] 195964K->1884K(362496K), 0.0005807 secs] [Times: user=0.01 sys=0.00, real=0.00 secs] 
69.057: [GC (Allocation Failure) [PSYoungGen: 186912K->64K(180736K)] 188764K->1916K(355840K), 0.0005548 secs] [Times: user=0.01 sys=0.00, real=0.00 secs] 
69.103: [GC (Allocation Failure) [PSYoungGen: 180288K->96K(174592K)] 182140K->1948K(349696K), 0.0005402 secs] [Times: user=0.00 sys=0.00, real=0.00 secs] 
69.149: [GC (Allocation Failure) [PSYoungGen: 174176K->32K(209408K)] 176028K->1884K(384512K), 0.0007712 secs] [Times: user=0.00 sys=0.00, real=0.00 secs] 
69.202: [GC (Allocation Failure) [PSYoungGen: 208928K->32K(251392K)] 210780K->1884K(426496K), 0.0005370 secs] [Times: user=0.00 sys=0.00, real=0.01 secs] 
69.267: [GC (Allocation Failure) [PSYoungGen: 250912K->96K(241664K)] 252764K->1948K(416768K), 0.0005334 secs] [Times: user=0.00 sys=0.00, real=0.00 secs] 
69.328: [GC (Allocation Failure) [PSYoungGen: 241248K->32K(290304K)] 243100K->1884K(465408K), 0.0007768 secs] [Times: user=0.01 sys=0.00, real=0.00 secs] 
69.405: [GC (Allocation Failure) [PSYoungGen: 289824K->96K(278528K)] 291676K->1948K(453632K), 0.0005364 secs] [Times: user=0.00 sys=0.00, real=0.00 secs] 
69.475: [GC (Allocation Failure) [PSYoungGen: 278112K->64K(267776K)] 279964K->1916K(442880K), 0.0005610 secs] [Times: user=0.00 sys=0.00, real=0.00 secs] 
69.544: [GC (Allocation Failure) [PSYoungGen: 267328K->32K(257536K)] 269180K->1884K(432640K), 0.0005155 secs] [Times: user=0.00 sys=0.00, real=0.00 secs] 
69.610: [GC (Allocation Failure) [PSYoungGen: 257056K->32K(247296K)] 258908K->1884K(422400K), 0.0005192 secs] [Times: user=0.00 sys=0.00, real=0.00 secs] 
69.675: [GC (Allocation Failure) [PSYoungGen: 246816K->0K(237568K)] 248668K->1852K(412672K), 0.0006265 secs] [Times: user=0.00 sys=0.00, real=0.00 secs] 
69.735: [GC (Allocation Failure) [PSYoungGen: 237056K->96K(228352K)] 238908K->1948K(403456K), 0.0007175 secs] [Times: user=0.00 sys=0.00, real=0.00 secs] 
69.795: [GC (Allocation Failure) [PSYoungGen: 227936K->32K(219648K)] 229788K->1884K(394752K), 0.0005345 secs] [Times: user=0.00 sys=0.00, real=0.00 secs] 
69.850: [GC (Allocation Failure) [PSYoungGen: 219168K->32K(211456K)] 221020K->1884K(386560K), 0.0005285 secs] [Times: user=0.00 sys=0.00, real=0.00 secs] 
69.903: [GC (Allocation Failure) [PSYoungGen: 210976K->64K(203776K)] 212828K->1916K(378880K), 0.0005521 secs] [Times: user=0.00 sys=0.00, real=0.00 secs] 
69.955: [GC (Allocation Failure) [PSYoungGen: 203328K->32K(196096K)] 205180K->1884K(371200K), 0.0005373 secs] [Times: user=0.00 sys=0.00, real=0.00 secs] 
70.004: [GC (Allocation Failure) [PSYoungGen: 195616K->64K(188928K)] 197468K->1916K(364032K), 0.0006026 secs] [Times: user=0.00 sys=0.00, real=0.00 secs] 
70.052: [GC (Allocation Failure) [PSYoungGen: 188480K->64K(226816K)] 190332K->1916K(401920K), 0.0010891 secs] [Times: user=0.00 sys=0.00, real=0.00 secs] 
70.112: [GC (Allocation Failure) [PSYoungGen: 226368K->96K(272384K)] 228220K->1948K(447488K), 0.0005287 secs] [Times: user=0.00 sys=0.00, real=0.01 secs] 
70.183: [GC (Allocation Failure) [PSYoungGen: 271968K->32K(327168K)] 273820K->1884K(502272K), 0.0006324 secs] [Times: user=0.00 sys=0.00, real=0.00 secs] 
70.267: [GC (Allocation Failure) [PSYoungGen: 326688K->96K(313856K)] 328540K->1948K(488960K), 0.0005384 secs] [Times: user=0.00 sys=0.00, real=0.00 secs] 
70.346: [GC (Allocation Failure) [PSYoungGen: 313440K->96K(301056K)] 315292K->1948K(476160K), 0.0005520 secs] [Times: user=0.00 sys=0.00, real=0.00 secs] 
70.422: [GC (Allocation Failure) [PSYoungGen: 300640K->32K(288768K)] 302492K->1908K(463872K), 0.0005382 secs] [Times: user=0.00 sys=0.00, real=0.01 secs] 
70.495: [GC (Allocation Failure) [PSYoungGen: 288288K->32K(277504K)] 290164K->1908K(452608K), 0.0005170 secs] [Times: user=0.00 sys=0.00, real=0.00 secs] 
70.565: [GC (Allocation Failure) [PSYoungGen: 277024K->32K(266752K)] 278900K->1908K(441856K), 0.0007246 secs] [Times: user=0.00 sys=0.00, real=0.00 secs] 
70.636: [GC (Allocation Failure) [PSYoungGen: 266272K->32K(256512K)] 268148K->1908K(431616K), 0.0006211 secs] [Times: user=0.00 sys=0.00, real=0.00 secs] 
70.701: [GC (Allocation Failure) [PSYoungGen: 256032K->96K(246784K)] 257908K->1972K(421888K), 0.0005522 secs] [Times: user=0.00 sys=0.00, real=0.00 secs] 
70.764: [GC (Allocation Failure) [PSYoungGen: 246368K->96K(237568K)] 248244K->1972K(412672K), 0.0005541 secs] [Times: user=0.00 sys=0.00, real=0.00 secs] 
70.824: [GC (Allocation Failure) [PSYoungGen: 237152K->32K(228352K)] 239028K->1908K(403456K), 0.0006481 secs] [Times: user=0.00 sys=0.00, real=0.00 secs] 
70.882: [GC (Allocation Failure) [PSYoungGen: 227872K->96K(219648K)] 229748K->1972K(394752K), 0.0006301 secs] [Times: user=0.01 sys=0.00, real=0.00 secs] 
70.937: [GC (Allocation Failure) [PSYoungGen: 219232K->96K(211456K)] 221108K->1972K(386560K), 0.0006351 secs] [Times: user=0.00 sys=0.00, real=0.00 secs] 
70.991: [GC (Allocation Failure) [PSYoungGen: 211040K->96K(203776K)] 212916K->1972K(378880K), 0.0005646 secs] [Times: user=0.01 sys=0.00, real=0.00 secs] 
71.043: [GC (Allocation Failure) [PSYoungGen: 203360K->96K(196096K)] 205236K->1972K(371200K), 0.0005402 secs] [Times: user=0.00 sys=0.00, real=0.00 secs] 
71.095: [GC (Allocation Failure) [PSYoungGen: 195680K->32K(188928K)] 197556K->1908K(364032K), 0.0005547 secs] [Times: user=0.00 sys=0.00, real=0.00 secs] 
71.144: [GC (Allocation Failure) [PSYoungGen: 188448K->32K(182272K)] 190324K->1908K(357376K), 0.0005220 secs] [Times: user=0.00 sys=0.00, real=0.00 secs] 
71.190: [GC (Allocation Failure) [PSYoungGen: 181792K->32K(175616K)] 183668K->1908K(350720K), 0.0006093 secs] [Times: user=0.01 sys=0.00, real=0.00 secs] 
71.235: [GC (Allocation Failure) [PSYoungGen: 175136K->96K(210944K)] 177012K->1972K(386048K), 0.0005264 secs] [Times: user=0.00 sys=0.00, real=0.00 secs] 
71.289: [GC (Allocation Failure) [PSYoungGen: 210528K->32K(253440K)] 212404K->1908K(428544K), 0.0006329 secs] [Times: user=0.00 sys=0.00, real=0.00 secs] 
71.353: [GC (Allocation Failure) [PSYoungGen: 252960K->64K(243712K)] 254836K->1940K(418816K), 0.0006197 secs] [Times: user=0.00 sys=0.00, real=0.00 secs] 
71.415: [GC (Allocation Failure) [PSYoungGen: 243264K->96K(234496K)] 245140K->1972K(409600K), 0.0005497 secs] [Times: user=0.00 sys=0.00, real=0.00 secs] 
71.474: [GC (Allocation Failure) [PSYoungGen: 234080K->32K(225792K)] 235956K->1908K(400896K), 0.0005645 secs] [Times: user=0.00 sys=0.00, real=0.00 secs] 
71.531: [GC (Allocation Failure) [PSYoungGen: 225312K->96K(217088K)] 227188K->1972K(392192K), 0.0005425 secs] [Times: user=0.00 sys=0.00, real=0.00 secs] 
71.587: [GC (Allocation Failure) [PSYoungGen: 216672K->96K(208896K)] 218548K->1972K(384000K), 0.0005368 secs] [Times: user=0.00 sys=0.00, real=0.00 secs] 
71.642: [GC (Allocation Failure) [PSYoungGen: 208480K->32K(201216K)] 210356K->1908K(376320K), 0.0005274 secs] [Times: user=0.00 sys=0.00, real=0.01 secs] 
71.694: [GC (Allocation Failure) [PSYoungGen: 200736K->96K(194048K)] 202612K->1972K(369152K), 0.0005769 secs] [Times: user=0.00 sys=0.00, real=0.00 secs] 
71.742: [GC (Allocation Failure) [PSYoungGen: 193632K->32K(186880K)] 195508K->1908K(361984K), 0.0005023 secs] [Times: user=0.00 sys=0.00, real=0.01 secs] 
71.788: [GC (Allocation Failure) [PSYoungGen: 186400K->32K(180224K)] 188276K->1908K(355328K), 0.0005110 secs] [Times: user=0.01 sys=0.00, real=0.00 secs] 
71.832: [GC (Allocation Failure) [PSYoungGen: 179744K->32K(174080K)] 181620K->1908K(349184K), 0.0005086 secs] [Times: user=0.00 sys=0.00, real=0.01 secs] 
71.875: [GC (Allocation Failure) [PSYoungGen: 173600K->96K(167936K)] 175476K->1972K(343040K), 0.0005360 secs] [Times: user=0.00 sys=0.00, real=0.00 secs] 
71.917: [GC (Allocation Failure) [PSYoungGen: 167520K->32K(201728K)] 169396K->1908K(376832K), 0.0005301 secs] [Times: user=0.00 sys=0.00, real=0.00 secs] 
71.966: [GC (Allocation Failure) [PSYoungGen: 201248K->32K(242176K)] 203124K->1908K(417280K), 0.0005310 secs] [Times: user=0.00 sys=0.00, real=0.00 secs] 
72.025: [GC (Allocation Failure) [PSYoungGen: 241696K->32K(232960K)] 243572K->1908K(408064K), 0.0005661 secs] [Times: user=0.00 sys=0.00, real=0.00 secs] 
72.082: [GC (Allocation Failure) [PSYoungGen: 232480K->32K(279552K)] 234356K->1908K(454656K), 0.0010750 secs] [Times: user=0.00 sys=0.00, real=0.00 secs] 
72.155: [GC (Allocation Failure) [PSYoungGen: 279072K->32K(335360K)] 280948K->1908K(510464K), 0.0005263 secs] [Times: user=0.01 sys=0.00, real=0.00 secs] 
72.237: [GC (Allocation Failure) [PSYoungGen: 334880K->64K(321536K)] 336756K->1940K(496640K), 0.0005749 secs] [Times: user=0.00 sys=0.00, real=0.00 secs] 
72.316: [GC (Allocation Failure) [PSYoungGen: 321088K->32K(308224K)] 322964K->1908K(483328K), 0.0005770 secs] [Times: user=0.00 sys=0.00, real=0.00 secs] 
72.391: [GC (Allocation Failure) [PSYoungGen: 307744K->32K(295936K)] 309620K->1908K(471040K), 0.0005232 secs] [Times: user=0.00 sys=0.00, real=0.00 secs] 
72.462: [GC (Allocation Failure) [PSYoungGen: 295456K->96K(284160K)] 297332K->1972K(459264K), 0.0005164 secs] [Times: user=0.00 sys=0.00, real=0.01 secs] 
72.530: [GC (Allocation Failure) [PSYoungGen: 283744K->32K(272896K)] 285620K->1908K(448000K), 0.0005369 secs] [Times: user=0.00 sys=0.00, real=0.00 secs] 
72.596: [GC (Allocation Failure) [PSYoungGen: 272416K->32K(262144K)] 274292K->1908K(437248K), 0.0005764 secs] [Times: user=0.00 sys=0.00, real=0.00 secs] 
72.663: [GC (Allocation Failure) [PSYoungGen: 261664K->32K(251904K)] 263540K->1908K(427008K), 0.0004955 secs] [Times: user=0.00 sys=0.00, real=0.00 secs] 
72.725: [GC (Allocation Failure) [PSYoungGen: 251424K->32K(242176K)] 253300K->1908K(417280K), 0.0005588 secs] [Times: user=0.00 sys=0.00, real=0.00 secs] 
72.783: [GC (Allocation Failure) [PSYoungGen: 241696K->32K(232960K)] 243572K->1908K(408064K), 0.0004982 secs] [Times: user=0.00 sys=0.00, real=0.00 secs] 
72.840: [GC (Allocation Failure) [PSYoungGen: 232480K->96K(224256K)] 234356K->1972K(399360K), 0.0005244 secs] [Times: user=0.00 sys=0.00, real=0.00 secs] 
72.895: [GC (Allocation Failure) [PSYoungGen: 223840K->32K(216064K)] 225716K->1908K(391168K), 0.0005957 secs] [Times: user=0.00 sys=0.00, real=0.00 secs] 
72.947: [GC (Allocation Failure) [PSYoungGen: 215584K->32K(207872K)] 217460K->1908K(382976K), 0.0004956 secs] [Times: user=0.00 sys=0.00, real=0.00 secs] 
72.997: [GC (Allocation Failure) [PSYoungGen: 207392K->96K(200192K)] 209268K->1972K(375296K), 0.0005112 secs] [Times: user=0.00 sys=0.00, real=0.00 secs] 
73.045: [GC (Allocation Failure) [PSYoungGen: 199776K->96K(193024K)] 201652K->1972K(368128K), 0.0005209 secs] [Times: user=0.00 sys=0.00, real=0.00 secs] 
73.091: [GC (Allocation Failure) [PSYoungGen: 192608K->32K(185856K)] 194484K->1908K(360960K), 0.0005401 secs] [Times: user=0.00 sys=0.00, real=0.00 secs] 
73.138: [GC (Allocation Failure) [PSYoungGen: 185376K->32K(179200K)] 187252K->1908K(354304K), 0.0005173 secs] [Times: user=0.00 sys=0.00, real=0.00 secs] 
73.181: [GC (Allocation Failure) [PSYoungGen: 178720K->32K(173056K)] 180596K->1908K(348160K), 0.0005015 secs] [Times: user=0.00 sys=0.00, real=0.00 secs] 
73.223: [GC (Allocation Failure) [PSYoungGen: 172576K->32K(166912K)] 174452K->1908K(342016K), 0.0005019 secs] [Times: user=0.01 sys=0.00, real=0.00 secs] 
73.262: [GC (Allocation Failure) [PSYoungGen: 166432K->32K(200192K)] 168308K->1908K(375296K), 0.0005280 secs] [Times: user=0.01 sys=0.00, real=0.00 secs] 
73.311: [GC (Allocation Failure) [PSYoungGen: 199712K->32K(240128K)] 201588K->1908K(415232K), 0.0005157 secs] [Times: user=0.00 sys=0.00, real=0.00 secs] 
73.368: [GC (Allocation Failure) [PSYoungGen: 239648K->32K(230912K)] 241524K->1908K(406016K), 0.0005175 secs] [Times: user=0.00 sys=0.00, real=0.00 secs] 
73.423: [GC (Allocation Failure) [PSYoungGen: 230432K->32K(222208K)] 232308K->1908K(397312K), 0.0005140 secs] [Times: user=0.00 sys=0.00, real=0.00 secs] 
73.477: [GC (Allocation Failure) [PSYoungGen: 221728K->32K(214016K)] 223604K->1908K(389120K), 0.0004994 secs] [Times: user=0.00 sys=0.00, real=0.00 secs] 
73.528: [GC (Allocation Failure) [PSYoungGen: 213536K->32K(206336K)] 215412K->1908K(381440K), 0.0005461 secs] [Times: user=0.00 sys=0.00, real=0.00 secs] 
73.578: [GC (Allocation Failure) [PSYoungGen: 205856K->96K(198656K)] 207732K->1972K(373760K), 0.0005723 secs] [Times: user=0.00 sys=0.00, real=0.00 secs] 
73.626: [GC (Allocation Failure) [PSYoungGen: 198240K->32K(238592K)] 200116K->1908K(413696K), 0.0010018 secs] [Times: user=0.00 sys=0.00, real=0.00 secs] 
73.687: [GC (Allocation Failure) [PSYoungGen: 238112K->32K(286208K)] 239988K->1908K(461312K), 0.0005410 secs] [Times: user=0.00 sys=0.00, real=0.00 secs] 
73.755: [GC (Allocation Failure) [PSYoungGen: 285728K->96K(274944K)] 287604K->1972K(450048K), 0.0005316 secs] [Times: user=0.00 sys=0.01, real=0.00 secs] 
73.821: [GC (Allocation Failure) [PSYoungGen: 274528K->64K(264192K)] 276404K->1940K(439296K), 0.0005920 secs] [Times: user=0.00 sys=0.00, real=0.00 secs] 
73.884: [GC (Allocation Failure) [PSYoungGen: 263744K->96K(253952K)] 265620K->1972K(429056K), 0.0005105 secs] [Times: user=0.00 sys=0.00, real=0.00 secs] 
73.944: [GC (Allocation Failure) [PSYoungGen: 253536K->96K(244224K)] 255412K->1972K(419328K), 0.0005060 secs] [Times: user=0.00 sys=0.00, real=0.00 secs] 
74.003: [GC (Allocation Failure) [PSYoungGen: 243808K->32K(235008K)] 245684K->1908K(410112K), 0.0005125 secs] [Times: user=0.00 sys=0.00, real=0.00 secs] 
74.060: [GC (Allocation Failure) [PSYoungGen: 234528K->32K(226304K)] 236404K->1908K(401408K), 0.0005187 secs] [Times: user=0.00 sys=0.00, real=0.00 secs] 
74.115: [GC (Allocation Failure) [PSYoungGen: 225824K->96K(217600K)] 227700K->1972K(392704K), 0.0005618 secs] [Times: user=0.00 sys=0.00, real=0.00 secs] 
74.170: [GC (Allocation Failure) [PSYoungGen: 217184K->32K(209408K)] 219060K->1908K(384512K), 0.0005049 secs] [Times: user=0.00 sys=0.00, real=0.00 secs] 
74.220: [GC (Allocation Failure) [PSYoungGen: 208928K->96K(201728K)] 210804K->1972K(376832K), 0.0005164 secs] [Times: user=0.00 sys=0.00, real=0.00 secs] 
74.268: [GC (Allocation Failure) [PSYoungGen: 201312K->96K(194560K)] 203188K->1972K(369664K), 0.0005510 secs] [Times: user=0.00 sys=0.00, real=0.00 secs] 
74.315: [GC (Allocation Failure) [PSYoungGen: 194144K->96K(187392K)] 196020K->1972K(362496K), 0.0005171 secs] [Times: user=0.00 sys=0.00, real=0.00 secs] 
74.359: [GC (Allocation Failure) [PSYoungGen: 186976K->32K(180736K)] 188852K->1908K(355840K), 0.0005144 secs] [Times: user=0.00 sys=0.00, real=0.00 secs] 
74.402: [GC (Allocation Failure) [PSYoungGen: 180256K->32K(174592K)] 182132K->1908K(349696K), 0.0005320 secs] [Times: user=0.00 sys=0.00, real=0.00 secs] 
74.445: [GC (Allocation Failure) [PSYoungGen: 174112K->96K(209408K)] 175988K->1972K(384512K), 0.0005346 secs] [Times: user=0.01 sys=0.00, real=0.00 secs] 
74.495: [GC (Allocation Failure) [PSYoungGen: 208992K->32K(201728K)] 210868K->1908K(376832K), 0.0004919 secs] [Times: user=0.01 sys=0.00, real=0.00 secs] 
74.544: [GC (Allocation Failure) [PSYoungGen: 201248K->96K(194560K)] 203124K->1972K(369664K), 0.0005377 secs] [Times: user=0.01 sys=0.00, real=0.00 secs] 
74.592: [GC (Allocation Failure) [PSYoungGen: 194144K->32K(187392K)] 196020K->1908K(362496K), 0.0005478 secs] [Times: user=0.00 sys=0.00, real=0.01 secs] 
74.638: [GC (Allocation Failure) [PSYoungGen: 186912K->32K(224768K)] 188788K->1908K(399872K), 0.0005499 secs] [Times: user=0.00 sys=0.00, real=0.00 secs] 
74.696: [GC (Allocation Failure) [PSYoungGen: 224288K->32K(216576K)] 226164K->1908K(391680K), 0.0005383 secs] [Times: user=0.00 sys=0.00, real=0.00 secs] 
74.750: [GC (Allocation Failure) [PSYoungGen: 216096K->32K(208384K)] 217972K->1908K(383488K), 0.0005079 secs] [Times: user=0.00 sys=0.00, real=0.00 secs] 
74.802: [GC (Allocation Failure) [PSYoungGen: 207904K->96K(200704K)] 209780K->1972K(375808K), 0.0005415 secs] [Times: user=0.00 sys=0.00, real=0.01 secs] 
74.850: [GC (Allocation Failure) [PSYoungGen: 200288K->32K(193536K)] 202164K->1908K(368640K), 0.0005347 secs] [Times: user=0.00 sys=0.00, real=0.00 secs] 
74.896: [GC (Allocation Failure) [PSYoungGen: 193056K->32K(186368K)] 194932K->1908K(361472K), 0.0005463 secs] [Times: user=0.00 sys=0.00, real=0.00 secs] 
74.941: [GC (Allocation Failure) [PSYoungGen: 185888K->96K(179712K)] 187764K->1972K(354816K), 0.0005225 secs] [Times: user=0.01 sys=0.00, real=0.00 secs] 
74.984: [GC (Allocation Failure) [PSYoungGen: 179296K->96K(215552K)] 181172K->1972K(390656K), 0.0005156 secs] [Times: user=0.00 sys=0.00, real=0.00 secs] 
75.036: [GC (Allocation Failure) [PSYoungGen: 215136K->96K(207360K)] 217012K->1972K(382464K), 0.0005231 secs] [Times: user=0.00 sys=0.00, real=0.00 secs] 
75.086: [GC (Allocation Failure) [PSYoungGen: 206944K->32K(199680K)] 208820K->1908K(374784K), 0.0005400 secs] [Times: user=0.00 sys=0.00, real=0.00 secs] 
75.136: [GC (Allocation Failure) [PSYoungGen: 199200K->32K(192512K)] 201076K->1908K(367616K), 0.0005169 secs] [Times: user=0.00 sys=0.00, real=0.00 secs] 
75.187: [GC (Allocation Failure) [PSYoungGen: 192032K->32K(185856K)] 193908K->1908K(360960K), 0.0004944 secs] [Times: user=0.00 sys=0.00, real=0.00 secs] 
75.231: [GC (Allocation Failure) [PSYoungGen: 185376K->96K(179200K)] 187252K->1972K(354304K), 0.0005292 secs] [Times: user=0.00 sys=0.00, real=0.00 secs] 
75.275: [GC (Allocation Failure) [PSYoungGen: 178784K->96K(173056K)] 180660K->1972K(348160K), 0.0005031 secs] [Times: user=0.00 sys=0.00, real=0.00 secs] 
75.317: [GC (Allocation Failure) [PSYoungGen: 172640K->96K(207872K)] 174516K->1972K(382976K), 0.0005068 secs] [Times: user=0.00 sys=0.00, real=0.00 secs] 
75.368: [GC (Allocation Failure) [PSYoungGen: 207456K->96K(200192K)] 209332K->1972K(375296K), 0.0005459 secs] [Times: user=0.01 sys=0.00, real=0.00 secs] 
75.419: [GC (Allocation Failure) [PSYoungGen: 199776K->96K(240128K)] 201652K->1972K(415232K), 0.0005742 secs] [Times: user=0.00 sys=0.00, real=0.00 secs] 
75.479: [GC (Allocation Failure) [PSYoungGen: 239712K->32K(230912K)] 241588K->1908K(406016K), 0.0005736 secs] [Times: user=0.00 sys=0.00, real=0.00 secs] 
75.537: [GC (Allocation Failure) [PSYoungGen: 230432K->32K(222208K)] 232308K->1908K(397312K), 0.0005573 secs] [Times: user=0.01 sys=0.00, real=0.00 secs] 
75.594: [GC (Allocation Failure) [PSYoungGen: 221728K->96K(214016K)] 223604K->1972K(389120K), 0.0006038 secs] [Times: user=0.00 sys=0.00, real=0.00 secs] 
75.649: [GC (Allocation Failure) [PSYoungGen: 213600K->32K(206336K)] 215476K->1908K(381440K), 0.0005810 secs] [Times: user=0.00 sys=0.00, real=0.00 secs] 
75.705: [GC (Allocation Failure) [PSYoungGen: 205856K->96K(198656K)] 207732K->1972K(373760K), 0.0005495 secs] [Times: user=0.00 sys=0.00, real=0.00 secs] 
75.756: [GC (Allocation Failure) [PSYoungGen: 198240K->96K(191488K)] 200116K->1972K(366592K), 0.0005418 secs] [Times: user=0.01 sys=0.00, real=0.00 secs] 
75.804: [GC (Allocation Failure) [PSYoungGen: 191072K->32K(184832K)] 192948K->1908K(359936K), 0.0005431 secs] [Times: user=0.00 sys=0.00, real=0.00 secs] 
75.851: [GC (Allocation Failure) [PSYoungGen: 184352K->32K(221696K)] 186228K->1908K(396800K), 0.0005989 secs] [Times: user=0.00 sys=0.00, real=0.00 secs] 
75.907: [GC (Allocation Failure) [PSYoungGen: 221216K->32K(213504K)] 223092K->1908K(388608K), 0.0005199 secs] [Times: user=0.00 sys=0.00, real=0.00 secs] 
75.961: [GC (Allocation Failure) [PSYoungGen: 213024K->32K(205824K)] 214900K->1908K(380928K), 0.0005758 secs] [Times: user=0.00 sys=0.00, real=0.00 secs] 
76.013: [GC (Allocation Failure) [PSYoungGen: 205344K->96K(198144K)] 207220K->1972K(373248K), 0.0005587 secs] [Times: user=0.00 sys=0.00, real=0.00 secs] 
76.063: [GC (Allocation Failure) [PSYoungGen: 197728K->96K(190976K)] 199604K->1972K(366080K), 0.0005452 secs] [Times: user=0.00 sys=0.00, real=0.00 secs] 
76.112: [GC (Allocation Failure) [PSYoungGen: 190560K->32K(184320K)] 192436K->1908K(359424K), 0.0005182 secs] [Times: user=0.00 sys=0.00, real=0.00 secs] 
76.158: [GC (Allocation Failure) [PSYoungGen: 183840K->32K(221184K)] 185716K->1908K(396288K), 0.0005845 secs] [Times: user=0.00 sys=0.00, real=0.00 secs] 
76.216: [GC (Allocation Failure) [PSYoungGen: 220704K->96K(212992K)] 222580K->1972K(388096K), 0.0005533 secs] [Times: user=0.00 sys=0.00, real=0.00 secs] 
76.270: [GC (Allocation Failure) [PSYoungGen: 212576K->96K(205312K)] 214452K->1972K(380416K), 0.0005460 secs] [Times: user=0.00 sys=0.00, real=0.00 secs] 
76.322: [GC (Allocation Failure) [PSYoungGen: 204896K->32K(197632K)] 206772K->1908K(372736K), 0.0005779 secs] [Times: user=0.01 sys=0.00, real=0.00 secs] 
76.372: [GC (Allocation Failure) [PSYoungGen: 197152K->32K(190464K)] 199028K->1908K(365568K), 0.0005392 secs] [Times: user=0.01 sys=0.00, real=0.01 secs] 
76.420: [GC (Allocation Failure) [PSYoungGen: 189984K->32K(183808K)] 191860K->1908K(358912K), 0.0005399 secs] [Times: user=0.00 sys=0.00, real=0.00 secs] 
76.467: [GC (Allocation Failure) [PSYoungGen: 183328K->32K(177152K)] 185204K->1908K(352256K), 0.0005178 secs] [Times: user=0.00 sys=0.00, real=0.00 secs] 
76.512: [GC (Allocation Failure) [PSYoungGen: 176672K->32K(171008K)] 178548K->1908K(346112K), 0.0005175 secs] [Times: user=0.00 sys=0.00, real=0.01 secs] 
76.555: [GC (Allocation Failure) [PSYoungGen: 170528K->32K(205312K)] 172404K->1908K(380416K), 0.0005124 secs] [Times: user=0.00 sys=0.00, real=0.00 secs] 
76.606: [GC (Allocation Failure) [PSYoungGen: 204832K->32K(197632K)] 206708K->1908K(372736K), 0.0005181 secs] [Times: user=0.00 sys=0.00, real=0.00 secs] 
76.658: [GC (Allocation Failure) [PSYoungGen: 197152K->96K(190464K)] 199028K->1972K(365568K), 0.0005317 secs] [Times: user=0.00 sys=0.00, real=0.00 secs] 
76.707: [GC (Allocation Failure) [PSYoungGen: 190048K->32K(228864K)] 191924K->1908K(403968K), 0.0009261 secs] [Times: user=0.00 sys=0.00, real=0.00 secs] 
76.765: [GC (Allocation Failure) [PSYoungGen: 228384K->32K(274944K)] 230260K->1908K(450048K), 0.0005206 secs] [Times: user=0.00 sys=0.00, real=0.00 secs] 
76.835: [GC (Allocation Failure) [PSYoungGen: 274464K->64K(264192K)] 276340K->1940K(439296K), 0.0005510 secs] [Times: user=0.00 sys=0.00, real=0.00 secs] 
76.901: [GC (Allocation Failure) [PSYoungGen: 263744K->32K(253952K)] 265620K->1908K(429056K), 0.0005419 secs] [Times: user=0.00 sys=0.00, real=0.00 secs] 
76.965: [GC (Allocation Failure) [PSYoungGen: 253472K->96K(244224K)] 255348K->1972K(419328K), 0.0005410 secs] [Times: user=0.00 sys=0.00, real=0.00 secs] 
77.027: [GC (Allocation Failure) [PSYoungGen: 243808K->32K(235008K)] 245684K->1908K(410112K), 0.0005257 secs] [Times: user=0.01 sys=0.00, real=0.00 secs] 
77.086: [GC (Allocation Failure) [PSYoungGen: 234528K->32K(226304K)] 236404K->1908K(401408K), 0.0005194 secs] [Times: user=0.01 sys=0.00, real=0.00 secs] 
77.143: [GC (Allocation Failure) [PSYoungGen: 225824K->96K(217600K)] 227700K->1972K(392704K), 0.0005342 secs] [Times: user=0.00 sys=0.00, real=0.00 secs] 
77.199: [GC (Allocation Failure) [PSYoungGen: 217184K->32K(209408K)] 219060K->1908K(384512K), 0.0005170 secs] [Times: user=0.00 sys=0.00, real=0.00 secs] 
77.253: [GC (Allocation Failure) [PSYoungGen: 208928K->96K(201728K)] 210804K->1972K(376832K), 0.0005437 secs] [Times: user=0.00 sys=0.00, real=0.00 secs] 
77.303: [GC (Allocation Failure) [PSYoungGen: 201312K->96K(194560K)] 203188K->1972K(369664K), 0.0005902 secs] [Times: user=0.00 sys=0.00, real=0.00 secs] 
77.351: [GC (Allocation Failure) [PSYoungGen: 194144K->96K(187392K)] 196020K->1972K(362496K), 0.0005370 secs] [Times: user=0.00 sys=0.00, real=0.00 secs] 
77.397: [GC (Allocation Failure) [PSYoungGen: 186976K->32K(180736K)] 188852K->1908K(355840K), 0.0005237 secs] [Times: user=0.00 sys=0.00, real=0.00 secs] 
77.442: [GC (Allocation Failure) [PSYoungGen: 180256K->32K(174592K)] 182132K->1908K(349696K), 0.0005027 secs] [Times: user=0.00 sys=0.00, real=0.00 secs] 
77.485: [GC (Allocation Failure) [PSYoungGen: 174112K->96K(168448K)] 175988K->1972K(343552K), 0.0005297 secs] [Times: user=0.00 sys=0.00, real=0.00 secs] 
77.526: [GC (Allocation Failure) [PSYoungGen: 168032K->32K(202240K)] 169908K->1908K(377344K), 0.0005035 secs] [Times: user=0.00 sys=0.00, real=0.00 secs] 
77.576: [GC (Allocation Failure) [PSYoungGen: 201760K->96K(195072K)] 203636K->1972K(370176K), 0.0005132 secs] [Times: user=0.00 sys=0.00, real=0.00 secs] 
77.623: [GC (Allocation Failure) [PSYoungGen: 194656K->32K(187904K)] 196532K->1908K(363008K), 0.0005401 secs] [Times: user=0.00 sys=0.00, real=0.00 secs] 
77.671: [GC (Allocation Failure) [PSYoungGen: 187424K->96K(181248K)] 189300K->1972K(356352K), 0.0005212 secs] [Times: user=0.00 sys=0.00, real=0.00 secs] 
77.718: [GC (Allocation Failure) [PSYoungGen: 180832K->96K(217600K)] 182708K->1972K(392704K), 0.0005556 secs] [Times: user=0.00 sys=0.00, real=0.00 secs] 
77.772: [GC (Allocation Failure) [PSYoungGen: 217184K->32K(209408K)] 219060K->1908K(384512K), 0.0005449 secs] [Times: user=0.01 sys=0.00, real=0.00 secs] 
77.823: [GC (Allocation Failure) [PSYoungGen: 208928K->64K(251392K)] 210804K->1940K(426496K), 0.0010036 secs] [Times: user=0.00 sys=0.00, real=0.00 secs] 
77.885: [GC (Allocation Failure) [PSYoungGen: 250944K->32K(301568K)] 252820K->1908K(476672K), 0.0005214 secs] [Times: user=0.00 sys=0.00, real=0.00 secs] 
77.959: [GC (Allocation Failure) [PSYoungGen: 301088K->32K(289280K)] 302964K->1908K(464384K), 0.0005088 secs] [Times: user=0.00 sys=0.00, real=0.00 secs] 
78.030: [GC (Allocation Failure) [PSYoungGen: 288800K->32K(278016K)] 290676K->1908K(453120K), 0.0006134 secs] [Times: user=0.00 sys=0.01, real=0.00 secs] 
78.098: [GC (Allocation Failure) [PSYoungGen: 277536K->96K(267264K)] 279412K->1972K(442368K), 0.0006139 secs] [Times: user=0.00 sys=0.00, real=0.00 secs] 
78.163: [GC (Allocation Failure) [PSYoungGen: 266848K->96K(257024K)] 268724K->1972K(432128K), 0.0005280 secs] [Times: user=0.00 sys=0.00, real=0.00 secs] 
78.228: [GC (Allocation Failure) [PSYoungGen: 256608K->32K(247296K)] 258484K->1908K(422400K), 0.0005046 secs] [Times: user=0.00 sys=0.00, real=0.00 secs] 
78.289: [GC (Allocation Failure) [PSYoungGen: 246816K->0K(237568K)] 248692K->1876K(412672K), 0.0005086 secs] [Times: user=0.00 sys=0.00, real=0.00 secs] 
78.347: [GC (Allocation Failure) [PSYoungGen: 237056K->96K(228352K)] 238932K->1972K(403456K), 0.0005363 secs] [Times: user=0.00 sys=0.00, real=0.00 secs] 
78.404: [GC (Allocation Failure) [PSYoungGen: 227936K->96K(219648K)] 229812K->1972K(394752K), 0.0005317 secs] [Times: user=0.00 sys=0.00, real=0.00 secs] 
78.458: [GC (Allocation Failure) [PSYoungGen: 219232K->96K(211456K)] 221108K->1972K(386560K), 0.0005239 secs] [Times: user=0.00 sys=0.00, real=0.00 secs] 
78.510: [GC (Allocation Failure) [PSYoungGen: 211040K->32K(203776K)] 212916K->1908K(378880K), 0.0005169 secs] [Times: user=0.00 sys=0.00, real=0.00 secs] 
78.560: [GC (Allocation Failure) [PSYoungGen: 203296K->32K(196096K)] 205172K->1908K(371200K), 0.0005044 secs] [Times: user=0.00 sys=0.00, real=0.00 secs] 
78.609: [GC (Allocation Failure) [PSYoungGen: 195616K->32K(188928K)] 197492K->1908K(364032K), 0.0005078 secs] [Times: user=0.01 sys=0.00, real=0.00 secs] 
78.655: [GC (Allocation Failure) [PSYoungGen: 188448K->32K(182272K)] 190324K->1908K(357376K), 0.0005899 secs] [Times: user=0.00 sys=0.00, real=0.00 secs] 
78.700: [GC (Allocation Failure) [PSYoungGen: 181792K->96K(175616K)] 183668K->1972K(350720K), 0.0005261 secs] [Times: user=0.00 sys=0.00, real=0.00 secs] 
78.744: [GC (Allocation Failure) [PSYoungGen: 175200K->96K(169472K)] 177076K->1972K(344576K), 0.0005245 secs] [Times: user=0.00 sys=0.00, real=0.00 secs] 
78.786: [GC (Allocation Failure) [PSYoungGen: 169056K->96K(203264K)] 170932K->1972K(378368K), 0.0005060 secs] [Times: user=0.00 sys=0.00, real=0.00 secs] 
78.836: [GC (Allocation Failure) [PSYoungGen: 202848K->96K(244224K)] 204724K->1972K(419328K), 0.0005368 secs] [Times: user=0.01 sys=0.00, real=0.00 secs] 
78.896: [GC (Allocation Failure) [PSYoungGen: 243808K->96K(235008K)] 245684K->1972K(410112K), 0.0005259 secs] [Times: user=0.01 sys=0.00, real=0.00 secs] 
78.953: [GC (Allocation Failure) [PSYoungGen: 234592K->96K(226304K)] 236468K->1972K(401408K), 0.0005115 secs] [Times: user=0.00 sys=0.00, real=0.00 secs] 
79.009: [GC (Allocation Failure) [PSYoungGen: 225888K->64K(217600K)] 227764K->1940K(392704K), 0.0005359 secs] [Times: user=0.00 sys=0.00, real=0.00 secs] 
79.062: [GC (Allocation Failure) [PSYoungGen: 217152K->32K(209408K)] 219028K->1908K(384512K), 0.0005103 secs] [Times: user=0.00 sys=0.00, real=0.01 secs] 
79.113: [GC (Allocation Failure) [PSYoungGen: 208928K->32K(201728K)] 210804K->1908K(376832K), 0.0005281 secs] [Times: user=0.00 sys=0.00, real=0.00 secs] 
79.163: [GC (Allocation Failure) [PSYoungGen: 201248K->32K(194560K)] 203124K->1908K(369664K), 0.0006351 secs] [Times: user=0.00 sys=0.00, real=0.00 secs] 
79.211: [GC (Allocation Failure) [PSYoungGen: 194080K->96K(187392K)] 195956K->1972K(362496K), 0.0005508 secs] [Times: user=0.00 sys=0.00, real=0.00 secs] 
79.259: [GC (Allocation Failure) [PSYoungGen: 186976K->32K(180736K)] 188852K->1908K(355840K), 0.0005066 secs] [Times: user=0.00 sys=0.00, real=0.00 secs] 
79.303: [GC (Allocation Failure) [PSYoungGen: 180256K->32K(174592K)] 182132K->1908K(349696K), 0.0005279 secs] [Times: user=0.01 sys=0.00, real=0.00 secs] 
79.346: [GC (Allocation Failure) [PSYoungGen: 174112K->32K(209408K)] 175988K->1908K(384512K), 0.0005162 secs] [Times: user=0.00 sys=0.00, real=0.00 secs] 
79.398: [GC (Allocation Failure) [PSYoungGen: 208928K->32K(201728K)] 210804K->1908K(376832K), 0.0005526 secs] [Times: user=0.00 sys=0.00, real=0.00 secs] 
79.447: [GC (Allocation Failure) [PSYoungGen: 201248K->64K(194560K)] 203124K->1940K(369664K), 0.0005348 secs] [Times: user=0.00 sys=0.00, real=0.00 secs] 
79.495: [GC (Allocation Failure) [PSYoungGen: 194112K->32K(233472K)] 195988K->1908K(408576K), 0.0010349 secs] [Times: user=0.00 sys=0.00, real=0.00 secs] 
79.553: [GC (Allocation Failure) [PSYoungGen: 232992K->32K(280064K)] 234868K->1908K(455168K), 0.0021713 secs] [Times: user=0.00 sys=0.00, real=0.00 secs] 
79.624: [GC (Allocation Failure) [PSYoungGen: 279584K->96K(336384K)] 281460K->1972K(511488K), 0.0005494 secs] [Times: user=0.00 sys=0.00, real=0.00 secs] 
79.707: [GC (Allocation Failure) [PSYoungGen: 335968K->96K(322560K)] 337844K->1972K(497664K), 0.0005504 secs] [Times: user=0.00 sys=0.00, real=0.00 secs] 
79.787: [GC (Allocation Failure) [PSYoungGen: 322144K->96K(309248K)] 324020K->1972K(484352K), 0.0005714 secs] [Times: user=0.00 sys=0.00, real=0.00 secs] 
79.863: [GC (Allocation Failure) [PSYoungGen: 308832K->32K(296960K)] 310708K->1908K(472064K), 0.0006349 secs] [Times: user=0.00 sys=0.00, real=0.00 secs] 
79.936: [GC (Allocation Failure) [PSYoungGen: 296480K->96K(285184K)] 298356K->1972K(460288K), 0.0005340 secs] [Times: user=0.00 sys=0.00, real=0.00 secs] 
80.006: [GC (Allocation Failure) [PSYoungGen: 284768K->32K(273920K)] 286644K->1908K(449024K), 0.0005479 secs] [Times: user=0.00 sys=0.00, real=0.00 secs] 
80.073: [GC (Allocation Failure) [PSYoungGen: 273440K->96K(263168K)] 275316K->1972K(438272K), 0.0005356 secs] [Times: user=0.00 sys=0.00, real=0.00 secs] 
80.137: [GC (Allocation Failure) [PSYoungGen: 262752K->32K(252928K)] 264628K->1908K(428032K), 0.0005423 secs] [Times: user=0.00 sys=0.00, real=0.00 secs] 
80.200: [GC (Allocation Failure) [PSYoungGen: 252448K->32K(243200K)] 254324K->1908K(418304K), 0.0005184 secs] [Times: user=0.01 sys=0.00, real=0.00 secs] 
80.262: [GC (Allocation Failure) [PSYoungGen: 242720K->96K(233984K)] 244596K->1972K(409088K), 0.0005350 secs] [Times: user=0.00 sys=0.00, real=0.00 secs] 
80.320: [GC (Allocation Failure) [PSYoungGen: 233568K->96K(225280K)] 235444K->1972K(400384K), 0.0005129 secs] [Times: user=0.00 sys=0.00, real=0.00 secs] 
80.376: [GC (Allocation Failure) [PSYoungGen: 224864K->96K(217088K)] 226740K->1996K(392192K), 0.0005914 secs] [Times: user=0.00 sys=0.00, real=0.00 secs] 
80.429: [GC (Allocation Failure) [PSYoungGen: 216672K->32K(208896K)] 218572K->1932K(384000K), 0.0005302 secs] [Times: user=0.01 sys=0.00, real=0.00 secs] 
80.480: [GC (Allocation Failure) [PSYoungGen: 208416K->32K(201216K)] 210316K->1932K(376320K), 0.0005063 secs] [Times: user=0.00 sys=0.00, real=0.00 secs] 
80.528: [GC (Allocation Failure) [PSYoungGen: 200736K->96K(194048K)] 202636K->1996K(369152K), 0.0005276 secs] [Times: user=0.01 sys=0.00, real=0.00 secs] 
80.575: [GC (Allocation Failure) [PSYoungGen: 193632K->32K(186880K)] 195532K->1932K(361984K), 0.0005686 secs] [Times: user=0.00 sys=0.00, real=0.00 secs] 
80.620: [GC (Allocation Failure) [PSYoungGen: 186400K->96K(180224K)] 188300K->1996K(355328K), 0.0005332 secs] [Times: user=0.00 sys=0.00, real=0.00 secs] 
80.665: [GC (Allocation Failure) [PSYoungGen: 179808K->32K(216576K)] 181708K->1932K(391680K), 0.0006087 secs] [Times: user=0.00 sys=0.00, real=0.00 secs] 
80.716: [GC (Allocation Failure) [PSYoungGen: 216096K->32K(208384K)] 217996K->1932K(383488K), 0.0005493 secs] [Times: user=0.00 sys=0.00, real=0.00 secs] 
80.768: [GC (Allocation Failure) [PSYoungGen: 207904K->96K(250368K)] 209804K->1996K(425472K), 0.0006944 secs] [Times: user=0.01 sys=0.00, real=0.00 secs] 
80.828: [GC (Allocation Failure) [PSYoungGen: 249952K->32K(300544K)] 251852K->1932K(475648K), 0.0010132 secs] [Times: user=0.00 sys=0.00, real=0.00 secs] 
80.901: [GC (Allocation Failure) [PSYoungGen: 300064K->64K(360960K)] 301964K->1964K(536064K), 0.0005419 secs] [Times: user=0.00 sys=0.00, real=0.00 secs] 
80.989: [GC (Allocation Failure) [PSYoungGen: 360512K->96K(346112K)] 362412K->1996K(521216K), 0.0005214 secs] [Times: user=0.00 sys=0.00, real=0.00 secs] 
81.071: [GC (Allocation Failure) [PSYoungGen: 345696K->96K(331776K)] 347596K->1996K(506880K), 0.0005219 secs] [Times: user=0.00 sys=0.00, real=0.00 secs] 
81.153: [GC (Allocation Failure) [PSYoungGen: 331360K->32K(317952K)] 333260K->1932K(493056K), 0.0005097 secs] [Times: user=0.00 sys=0.00, real=0.00 secs] 
81.229: [GC (Allocation Failure) [PSYoungGen: 317472K->32K(305152K)] 319372K->1932K(480256K), 0.0005191 secs] [Times: user=0.00 sys=0.00, real=0.00 secs] 
81.307: [GC (Allocation Failure) [PSYoungGen: 304672K->96K(292864K)] 306572K->1996K(467968K), 0.0005774 secs] [Times: user=0.00 sys=0.00, real=0.00 secs] 
81.379: [GC (Allocation Failure) [PSYoungGen: 292448K->32K(281088K)] 294348K->1932K(456192K), 0.0005525 secs] [Times: user=0.00 sys=0.00, real=0.00 secs] 
81.448: [GC (Allocation Failure) [PSYoungGen: 280608K->32K(269824K)] 282508K->1932K(444928K), 0.0005161 secs] [Times: user=0.00 sys=0.00, real=0.00 secs] 
81.514: [GC (Allocation Failure) [PSYoungGen: 269344K->32K(259072K)] 271244K->1932K(434176K), 0.0005787 secs] [Times: user=0.00 sys=0.00, real=0.00 secs] 
81.576: [GC (Allocation Failure) [PSYoungGen: 258592K->32K(248832K)] 260492K->1932K(423936K), 0.0005189 secs] [Times: user=0.00 sys=0.00, real=0.00 secs] 
81.635: [GC (Allocation Failure) [PSYoungGen: 248352K->96K(239104K)] 250252K->1996K(414208K), 0.0005601 secs] [Times: user=0.00 sys=0.00, real=0.00 secs] 
81.693: [GC (Allocation Failure) [PSYoungGen: 238688K->32K(229888K)] 240588K->1932K(404992K), 0.0005314 secs] [Times: user=0.00 sys=0.00, real=0.00 secs] 
81.748: [GC (Allocation Failure) [PSYoungGen: 229408K->32K(221184K)] 231308K->1932K(396288K), 0.0005474 secs] [Times: user=0.00 sys=0.00, real=0.00 secs] 
81.804: [GC (Allocation Failure) [PSYoungGen: 220704K->96K(212992K)] 222604K->1996K(388096K), 0.0005291 secs] [Times: user=0.01 sys=0.00, real=0.00 secs] 
81.856: [GC (Allocation Failure) [PSYoungGen: 212576K->32K(205312K)] 214476K->1932K(380416K), 0.0005473 secs] [Times: user=0.00 sys=0.00, real=0.00 secs] 
81.906: [GC (Allocation Failure) [PSYoungGen: 204832K->96K(197632K)] 206732K->1996K(372736K), 0.0005720 secs] [Times: user=0.00 sys=0.00, real=0.00 secs] 
81.953: [GC (Allocation Failure) [PSYoungGen: 197216K->96K(190464K)] 199116K->1996K(365568K), 0.0005393 secs] [Times: user=0.00 sys=0.00, real=0.00 secs] 
81.999: [GC (Allocation Failure) [PSYoungGen: 190048K->32K(183808K)] 191948K->1932K(358912K), 0.0005259 secs] [Times: user=0.00 sys=0.01, real=0.00 secs] 
82.043: [GC (Allocation Failure) [PSYoungGen: 183328K->32K(177152K)] 185228K->1932K(352256K), 0.0005774 secs] [Times: user=0.00 sys=0.00, real=0.00 secs] 
82.086: [GC (Allocation Failure) [PSYoungGen: 176672K->96K(212480K)] 178572K->1996K(387584K), 0.0005278 secs] [Times: user=0.00 sys=0.00, real=0.00 secs] 
82.136: [GC (Allocation Failure) [PSYoungGen: 212064K->96K(254976K)] 213964K->1996K(430080K), 0.0005666 secs] [Times: user=0.00 sys=0.00, real=0.00 secs] 
82.197: [GC (Allocation Failure) [PSYoungGen: 254560K->32K(245248K)] 256460K->1932K(420352K), 0.0005090 secs] [Times: user=0.00 sys=0.00, real=0.00 secs] 
82.256: [GC (Allocation Failure) [PSYoungGen: 244768K->96K(294400K)] 246668K->1996K(469504K), 0.0010567 secs] [Times: user=0.00 sys=0.00, real=0.00 secs] 
82.329: [GC (Allocation Failure) [PSYoungGen: 293984K->96K(353280K)] 295884K->1996K(528384K), 0.0005814 secs] [Times: user=0.00 sys=0.00, real=0.00 secs] 
82.415: [GC (Allocation Failure) [PSYoungGen: 352864K->32K(338432K)] 354764K->1932K(513536K), 0.0005638 secs] [Times: user=0.00 sys=0.00, real=0.00 secs] 
82.495: [GC (Allocation Failure) [PSYoungGen: 337952K->32K(324608K)] 339852K->1932K(499712K), 0.0004973 secs] [Times: user=0.00 sys=0.00, real=0.00 secs] 
82.572: [GC (Allocation Failure) [PSYoungGen: 324128K->32K(311296K)] 326028K->1932K(486400K), 0.0005259 secs] [Times: user=0.00 sys=0.00, real=0.00 secs] 
82.647: [GC (Allocation Failure) [PSYoungGen: 310816K->32K(298496K)] 312716K->1932K(473600K), 0.0005691 secs] [Times: user=0.00 sys=0.00, real=0.00 secs] 
82.720: [GC (Allocation Failure) [PSYoungGen: 298016K->96K(286720K)] 299916K->1996K(461824K), 0.0005279 secs] [Times: user=0.00 sys=0.00, real=0.00 secs] 
82.790: [GC (Allocation Failure) [PSYoungGen: 286304K->32K(275456K)] 288204K->1932K(450560K), 0.0005059 secs] [Times: user=0.00 sys=0.00, real=0.00 secs] 
82.857: [GC (Allocation Failure) [PSYoungGen: 274976K->32K(264704K)] 276876K->1932K(439808K), 0.0005773 secs] [Times: user=0.00 sys=0.00, real=0.00 secs] 
82.920: [GC (Allocation Failure) [PSYoungGen: 264224K->32K(254464K)] 266124K->1932K(429568K), 0.0005585 secs] [Times: user=0.00 sys=0.00, real=0.00 secs] 
82.981: [GC (Allocation Failure) [PSYoungGen: 253984K->32K(244736K)] 255884K->1932K(419840K), 0.0005061 secs] [Times: user=0.00 sys=0.00, real=0.00 secs] 
83.039: [GC (Allocation Failure) [PSYoungGen: 244256K->32K(235520K)] 246156K->1932K(410624K), 0.0005582 secs] [Times: user=0.00 sys=0.00, real=0.00 secs] 
83.096: [GC (Allocation Failure) [PSYoungGen: 235040K->32K(226816K)] 236940K->1932K(401920K), 0.0005684 secs] [Times: user=0.00 sys=0.00, real=0.00 secs] 
83.150: [GC (Allocation Failure) [PSYoungGen: 226336K->64K(218112K)] 228236K->1964K(393216K), 0.0005350 secs] [Times: user=0.00 sys=0.00, real=0.00 secs] 
83.202: [GC (Allocation Failure) [PSYoungGen: 217664K->64K(209920K)] 219564K->1964K(385024K), 0.0005284 secs] [Times: user=0.00 sys=0.00, real=0.00 secs] 
83.253: [GC (Allocation Failure) [PSYoungGen: 209472K->96K(202240K)] 211372K->1996K(377344K), 0.0005669 secs] [Times: user=0.00 sys=0.00, real=0.00 secs] 
83.304: [GC (Allocation Failure) [PSYoungGen: 201824K->96K(195072K)] 203724K->1996K(370176K), 0.0005442 secs] [Times: user=0.00 sys=0.00, real=0.00 secs] 
83.353: [GC (Allocation Failure) [PSYoungGen: 194656K->32K(187904K)] 196556K->1932K(363008K), 0.0005688 secs] [Times: user=0.00 sys=0.00, real=0.00 secs] 
83.399: [GC (Allocation Failure) [PSYoungGen: 187424K->96K(181248K)] 189324K->1996K(356352K), 0.0005435 secs] [Times: user=0.00 sys=0.00, real=0.00 secs] 
83.443: [GC (Allocation Failure) [PSYoungGen: 180832K->32K(175104K)] 182732K->1932K(350208K), 0.0005175 secs] [Times: user=0.00 sys=0.00, real=0.00 secs] 
83.486: [GC (Allocation Failure) [PSYoungGen: 174624K->32K(210432K)] 176524K->1932K(385536K), 0.0005443 secs] [Times: user=0.00 sys=0.00, real=0.00 secs] 
83.538: [GC (Allocation Failure) [PSYoungGen: 209952K->32K(202752K)] 211852K->1932K(377856K), 0.0005379 secs] [Times: user=0.00 sys=0.00, real=0.00 secs] 
83.588: [GC (Allocation Failure) [PSYoungGen: 202272K->0K(243200K)] 204172K->1900K(418304K), 0.0005860 secs] [Times: user=0.00 sys=0.00, real=0.00 secs] 
83.647: [GC (Allocation Failure) [PSYoungGen: 242688K->96K(233984K)] 244588K->1996K(409088K), 0.0005602 secs] [Times: user=0.00 sys=0.00, real=0.00 secs] 
83.707: [GC (Allocation Failure) [PSYoungGen: 233568K->96K(225280K)] 235468K->1996K(400384K), 0.0005389 secs] [Times: user=0.00 sys=0.00, real=0.00 secs] 
83.762: [GC (Allocation Failure) [PSYoungGen: 224864K->32K(217088K)] 226764K->1932K(392192K), 0.0005448 secs] [Times: user=0.00 sys=0.00, real=0.01 secs] 
83.816: [GC (Allocation Failure) [PSYoungGen: 216608K->32K(208896K)] 218508K->1932K(384000K), 0.0006563 secs] [Times: user=0.00 sys=0.00, real=0.00 secs] 
83.869: [GC (Allocation Failure) [PSYoungGen: 208416K->32K(201216K)] 210316K->1932K(376320K), 0.0005164 secs] [Times: user=0.00 sys=0.00, real=0.00 secs] 
83.918: [GC (Allocation Failure) [PSYoungGen: 200736K->96K(194048K)] 202636K->1996K(369152K), 0.0006249 secs] [Times: user=0.00 sys=0.00, real=0.00 secs] 
83.966: [GC (Allocation Failure) [PSYoungGen: 193632K->32K(186880K)] 195532K->1932K(361984K), 0.0005363 secs] [Times: user=0.00 sys=0.00, real=0.00 secs] 
84.012: [GC (Allocation Failure) [PSYoungGen: 186400K->96K(180224K)] 188300K->1996K(355328K), 0.0005317 secs] [Times: user=0.00 sys=0.00, real=0.01 secs] 
84.056: [GC (Allocation Failure) [PSYoungGen: 179808K->32K(216576K)] 181708K->1932K(391680K), 0.0005581 secs] [Times: user=0.00 sys=0.01, real=0.00 secs] 
84.109: [GC (Allocation Failure) [PSYoungGen: 216096K->32K(208384K)] 217996K->1932K(383488K), 0.0005125 secs] [Times: user=0.00 sys=0.00, real=0.00 secs] 
84.161: [GC (Allocation Failure) [PSYoungGen: 207904K->96K(200704K)] 209804K->1996K(375808K), 0.0005513 secs] [Times: user=0.01 sys=0.00, real=0.00 secs] 
84.210: [GC (Allocation Failure) [PSYoungGen: 200288K->32K(193536K)] 202188K->1932K(368640K), 0.0005346 secs] [Times: user=0.01 sys=0.00, real=0.00 secs] 
84.258: [GC (Allocation Failure) [PSYoungGen: 193056K->96K(186368K)] 194956K->1996K(361472K), 0.0005286 secs] [Times: user=0.00 sys=0.00, real=0.00 secs] 
84.304: [GC (Allocation Failure) [PSYoungGen: 185952K->32K(223744K)] 187852K->1932K(398848K), 0.0005698 secs] [Times: user=0.00 sys=0.00, real=0.00 secs] 
84.361: [GC (Allocation Failure) [PSYoungGen: 223264K->32K(215552K)] 225164K->1932K(390656K), 0.0005122 secs] [Times: user=0.00 sys=0.00, real=0.00 secs] 
84.414: [GC (Allocation Failure) [PSYoungGen: 215072K->32K(207360K)] 216972K->1932K(382464K), 0.0005664 secs] [Times: user=0.00 sys=0.00, real=0.00 secs] 
84.465: [GC (Allocation Failure) [PSYoungGen: 206880K->96K(199680K)] 208780K->1996K(374784K), 0.0005333 secs] [Times: user=0.00 sys=0.00, real=0.00 secs] 
84.514: [GC (Allocation Failure) [PSYoungGen: 199264K->96K(192512K)] 201164K->1996K(367616K), 0.0005371 secs] [Times: user=0.00 sys=0.00, real=0.00 secs] 
84.562: [GC (Allocation Failure) [PSYoungGen: 192096K->32K(185856K)] 193996K->1932K(360960K), 0.0005266 secs] [Times: user=0.00 sys=0.00, real=0.00 secs] 
84.608: [GC (Allocation Failure) [PSYoungGen: 185376K->96K(179200K)] 187276K->1996K(354304K), 0.0005387 secs] [Times: user=0.00 sys=0.00, real=0.00 secs] 
84.653: [GC (Allocation Failure) [PSYoungGen: 178784K->96K(215040K)] 180684K->1996K(390144K), 0.0005817 secs] [Times: user=0.00 sys=0.00, real=0.00 secs] 
84.708: [GC (Allocation Failure) [PSYoungGen: 214624K->32K(206848K)] 216524K->1932K(381952K), 0.0005217 secs] [Times: user=0.00 sys=0.00, real=0.00 secs] 
84.759: [GC (Allocation Failure) [PSYoungGen: 206368K->32K(199168K)] 208268K->1932K(374272K), 0.0005111 secs] [Times: user=0.00 sys=0.00, real=0.00 secs] 
84.808: [GC (Allocation Failure) [PSYoungGen: 198688K->32K(192000K)] 200588K->1932K(367104K), 0.0005134 secs] [Times: user=0.00 sys=0.00, real=0.00 secs] 
84.859: [GC (Allocation Failure) [PSYoungGen: 191520K->96K(185344K)] 193420K->1996K(360448K), 0.0005587 secs] [Times: user=0.00 sys=0.00, real=0.00 secs] 
84.908: [GC (Allocation Failure) [PSYoungGen: 184928K->96K(178688K)] 186828K->1996K(353792K), 0.0005501 secs] [Times: user=0.00 sys=0.00, real=0.00 secs] 
84.953: [GC (Allocation Failure) [PSYoungGen: 178272K->32K(214528K)] 180172K->1932K(389632K), 0.0005857 secs] [Times: user=0.00 sys=0.00, real=0.00 secs] 
85.008: [GC (Allocation Failure) [PSYoungGen: 214048K->32K(206336K)] 215948K->1932K(381440K), 0.0005293 secs] [Times: user=0.00 sys=0.00, real=0.00 secs] 
85.061: [GC (Allocation Failure) [PSYoungGen: 205856K->32K(198656K)] 207756K->1932K(373760K), 0.0005496 secs] [Times: user=0.00 sys=0.00, real=0.00 secs] 
85.111: [GC (Allocation Failure) [PSYoungGen: 198176K->32K(191488K)] 200076K->1932K(366592K), 0.0005977 secs] [Times: user=0.00 sys=0.00, real=0.00 secs] 
85.160: [GC (Allocation Failure) [PSYoungGen: 191008K->32K(229888K)] 192908K->1932K(404992K), 0.0012530 secs] [Times: user=0.00 sys=0.00, real=0.00 secs] 
85.220: [GC (Allocation Failure) [PSYoungGen: 229408K->32K(275968K)] 231308K->1932K(451072K), 0.0005833 secs] [Times: user=0.00 sys=0.00, real=0.00 secs] 
85.290: [GC (Allocation Failure) [PSYoungGen: 275488K->96K(331264K)] 277388K->1996K(506368K), 0.0006716 secs] [Times: user=0.00 sys=0.00, real=0.00 secs] 
85.380: [GC (Allocation Failure) [PSYoungGen: 330848K->32K(317952K)] 332748K->1932K(493056K), 0.0005736 secs] [Times: user=0.00 sys=0.00, real=0.00 secs] 
85.461: [GC (Allocation Failure) [PSYoungGen: 317472K->32K(305152K)] 319372K->1932K(480256K), 0.0005858 secs] [Times: user=0.00 sys=0.00, real=0.00 secs] 
85.538: [GC (Allocation Failure) [PSYoungGen: 304672K->32K(292864K)] 306572K->1932K(467968K), 0.0006909 secs] [Times: user=0.00 sys=0.00, real=0.00 secs] 
85.615: [GC (Allocation Failure) [PSYoungGen: 292384K->32K(281088K)] 294284K->1932K(456192K), 0.0005229 secs] [Times: user=0.00 sys=0.00, real=0.00 secs] 
85.689: [GC (Allocation Failure) [PSYoungGen: 280608K->32K(269824K)] 282508K->1932K(444928K), 0.0006115 secs] [Times: user=0.00 sys=0.00, real=0.00 secs] 
85.758: [GC (Allocation Failure) [PSYoungGen: 269344K->32K(259072K)] 271244K->1932K(434176K), 0.0005501 secs] [Times: user=0.00 sys=0.00, real=0.00 secs] 
85.824: [GC (Allocation Failure) [PSYoungGen: 258592K->32K(248832K)] 260492K->1932K(423936K), 0.0005783 secs] [Times: user=0.00 sys=0.00, real=0.00 secs] 
85.890: [GC (Allocation Failure) [PSYoungGen: 248352K->32K(239104K)] 250252K->1932K(414208K), 0.0005305 secs] [Times: user=0.00 sys=0.00, real=0.00 secs] 
85.951: [GC (Allocation Failure) [PSYoungGen: 238624K->32K(229888K)] 240524K->1932K(404992K), 0.0005572 secs] [Times: user=0.00 sys=0.01, real=0.00 secs] 
86.010: [GC (Allocation Failure) [PSYoungGen: 229408K->96K(221184K)] 231308K->1996K(396288K), 0.0005551 secs] [Times: user=0.00 sys=0.00, real=0.00 secs] 
86.066: [GC (Allocation Failure) [PSYoungGen: 220768K->96K(212992K)] 222668K->1996K(388096K), 0.0005454 secs] [Times: user=0.00 sys=0.00, real=0.00 secs] 
86.120: [GC (Allocation Failure) [PSYoungGen: 212576K->96K(205312K)] 214476K->1996K(380416K), 0.0005459 secs] [Times: user=0.00 sys=0.00, real=0.00 secs] 
86.172: [GC (Allocation Failure) [PSYoungGen: 204896K->96K(197632K)] 206796K->1996K(372736K), 0.0005527 secs] [Times: user=0.00 sys=0.00, real=0.01 secs] 
86.222: [GC (Allocation Failure) [PSYoungGen: 197216K->64K(190464K)] 199116K->1964K(365568K), 0.0005825 secs] [Times: user=0.00 sys=0.00, real=0.01 secs] 
86.270: [GC (Allocation Failure) [PSYoungGen: 190016K->96K(183808K)] 191916K->1996K(358912K), 0.0005365 secs] [Times: user=0.00 sys=0.00, real=0.00 secs] 
86.317: [GC (Allocation Failure) [PSYoungGen: 183392K->96K(177152K)] 185292K->1996K(352256K), 0.0005600 secs] [Times: user=0.00 sys=0.00, real=0.00 secs] 
86.361: [GC (Allocation Failure) [PSYoungGen: 176736K->32K(212480K)] 178636K->1932K(387584K), 0.0005841 secs] [Times: user=0.00 sys=0.00, real=0.00 secs] 
86.418: [GC (Allocation Failure) [PSYoungGen: 212000K->0K(204800K)] 213900K->1900K(379904K), 0.0005416 secs] [Times: user=0.00 sys=0.00, real=0.00 secs] 
86.470: [GC (Allocation Failure) [PSYoungGen: 204288K->32K(197120K)] 206188K->1932K(372224K), 0.0005446 secs] [Times: user=0.00 sys=0.00, real=0.00 secs] 
86.520: [GC (Allocation Failure) [PSYoungGen: 196640K->32K(189952K)] 198540K->1932K(365056K), 0.0005494 secs] [Times: user=0.00 sys=0.00, real=0.00 secs] 
86.568: [GC (Allocation Failure) [PSYoungGen: 189472K->32K(183296K)] 191372K->1932K(358400K), 0.0005699 secs] [Times: user=0.00 sys=0.00, real=0.00 secs] 
86.615: [GC (Allocation Failure) [PSYoungGen: 182816K->32K(220160K)] 184716K->1932K(395264K), 0.0005880 secs] [Times: user=0.00 sys=0.00, real=0.00 secs] 
86.671: [GC (Allocation Failure) [PSYoungGen: 219678K->32K(211968K)] 221578K->1932K(387072K), 0.0005507 secs] [Times: user=0.01 sys=0.00, real=0.00 secs] 
86.726: [GC (Allocation Failure) [PSYoungGen: 211488K->32K(204288K)] 213388K->1932K(379392K), 0.0005609 secs] [Times: user=0.00 sys=0.00, real=0.00 secs] 
86.778: [GC (Allocation Failure) [PSYoungGen: 203808K->96K(196608K)] 205708K->1996K(371712K), 0.0006395 secs] [Times: user=0.00 sys=0.00, real=0.00 secs] 
86.828: [GC (Allocation Failure) [PSYoungGen: 196192K->96K(189440K)] 198092K->1996K(364544K), 0.0005500 secs] [Times: user=0.00 sys=0.00, real=0.00 secs] 
86.876: [GC (Allocation Failure) [PSYoungGen: 189024K->32K(227328K)] 190924K->1932K(402432K), 0.0005697 secs] [Times: user=0.00 sys=0.00, real=0.00 secs] 
86.939: [GC (Allocation Failure) [PSYoungGen: 226848K->96K(218624K)] 228748K->1996K(393728K), 0.0006009 secs] [Times: user=0.00 sys=0.00, real=0.00 secs] 
86.995: [GC (Allocation Failure) [PSYoungGen: 218208K->96K(210432K)] 220108K->1996K(385536K), 0.0005556 secs] [Times: user=0.00 sys=0.00, real=0.00 secs] 
87.048: [GC (Allocation Failure) [PSYoungGen: 210016K->96K(202752K)] 211916K->1996K(377856K), 0.0005487 secs] [Times: user=0.00 sys=0.00, real=0.00 secs] 
87.099: [GC (Allocation Failure) [PSYoungGen: 202336K->32K(195584K)] 204236K->1932K(370688K), 0.0005612 secs] [Times: user=0.00 sys=0.00, real=0.00 secs] 
87.149: [GC (Allocation Failure) [PSYoungGen: 195104K->32K(188416K)] 197004K->1932K(363520K), 0.0005536 secs] [Times: user=0.00 sys=0.00, real=0.00 secs] 
87.197: [GC (Allocation Failure) [PSYoungGen: 187936K->32K(181760K)] 189836K->1932K(356864K), 0.0005832 secs] [Times: user=0.00 sys=0.00, real=0.00 secs] 
87.243: [GC (Allocation Failure) [PSYoungGen: 181280K->96K(218112K)] 183180K->1996K(393216K), 0.0005678 secs] [Times: user=0.00 sys=0.00, real=0.00 secs] 
87.298: [GC (Allocation Failure) [PSYoungGen: 217696K->32K(209920K)] 219596K->1932K(385024K), 0.0006014 secs] [Times: user=0.00 sys=0.00, real=0.00 secs] 
87.351: [GC (Allocation Failure) [PSYoungGen: 209440K->32K(202240K)] 211340K->1932K(377344K), 0.0005830 secs] [Times: user=0.00 sys=0.00, real=0.00 secs] 
87.403: [GC (Allocation Failure) [PSYoungGen: 201760K->32K(195072K)] 203660K->1932K(370176K), 0.0005475 secs] [Times: user=0.00 sys=0.00, real=0.00 secs] 
87.454: [GC (Allocation Failure) [PSYoungGen: 194592K->32K(187904K)] 196492K->1932K(363008K), 0.0005941 secs] [Times: user=0.00 sys=0.00, real=0.00 secs] 
87.502: [GC (Allocation Failure) [PSYoungGen: 187424K->32K(181248K)] 189324K->1932K(356352K), 0.0005263 secs] [Times: user=0.00 sys=0.00, real=0.00 secs] 
87.547: [GC (Allocation Failure) [PSYoungGen: 180768K->96K(217600K)] 182668K->1996K(392704K), 0.0005521 secs] [Times: user=0.01 sys=0.00, real=0.00 secs] 
87.602: [GC (Allocation Failure) [PSYoungGen: 217184K->96K(209408K)] 219084K->1996K(384512K), 0.0005309 secs] [Times: user=0.00 sys=0.00, real=0.00 secs] 
87.655: [GC (Allocation Failure) [PSYoungGen: 208992K->32K(201728K)] 210892K->1932K(376832K), 0.0005637 secs] [Times: user=0.00 sys=0.00, real=0.00 secs] 
87.709: [GC (Allocation Failure) [PSYoungGen: 201248K->32K(194560K)] 203148K->1932K(369664K), 0.0006010 secs] [Times: user=0.00 sys=0.00, real=0.00 secs] 
87.758: [GC (Allocation Failure) [PSYoungGen: 194080K->32K(187392K)] 195980K->1932K(362496K), 0.0005618 secs] [Times: user=0.00 sys=0.00, real=0.00 secs] 
87.806: [GC (Allocation Failure) [PSYoungGen: 186912K->64K(224768K)] 188812K->1964K(399872K), 0.0005861 secs] [Times: user=0.01 sys=0.00, real=0.00 secs] 
87.864: [GC (Allocation Failure) [PSYoungGen: 224320K->96K(216576K)] 226220K->1996K(391680K), 0.0005426 secs] [Times: user=0.00 sys=0.00, real=0.00 secs] 
87.919: [GC (Allocation Failure) [PSYoungGen: 216160K->32K(208384K)] 218060K->1932K(383488K), 0.0005599 secs] [Times: user=0.00 sys=0.01, real=0.00 secs] 
87.974: [GC (Allocation Failure) [PSYoungGen: 207904K->32K(200704K)] 209804K->1932K(375808K), 0.0006317 secs] [Times: user=0.00 sys=0.00, real=0.00 secs] 
88.025: [GC (Allocation Failure) [PSYoungGen: 200224K->32K(193536K)] 202124K->1932K(368640K), 0.0005213 secs] [Times: user=0.00 sys=0.00, real=0.00 secs] 
88.074: [GC (Allocation Failure) [PSYoungGen: 193056K->96K(186368K)] 194956K->1996K(361472K), 0.0005686 secs] [Times: user=0.00 sys=0.00, real=0.00 secs] 
88.125: [GC (Allocation Failure) [PSYoungGen: 185952K->32K(179712K)] 187852K->1932K(354816K), 0.0005851 secs] [Times: user=0.00 sys=0.00, real=0.00 secs] 
88.170: [GC (Allocation Failure) [PSYoungGen: 179232K->32K(215552K)] 181132K->1932K(390656K), 0.0005964 secs] [Times: user=0.00 sys=0.00, real=0.00 secs] 
88.225: [GC (Allocation Failure) [PSYoungGen: 215072K->32K(258560K)] 216972K->1932K(433664K), 0.0007449 secs] [Times: user=0.00 sys=0.00, real=0.00 secs] 
88.290: [GC (Allocation Failure) [PSYoungGen: 258076K->32K(310272K)] 259976K->1932K(485376K), 0.0006752 secs] [Times: user=0.00 sys=0.00, real=0.00 secs] 
88.370: [GC (Allocation Failure) [PSYoungGen: 309792K->32K(297984K)] 311692K->1932K(473088K), 0.0005793 secs] [Times: user=0.00 sys=0.00, real=0.00 secs] 
88.446: [GC (Allocation Failure) [PSYoungGen: 297504K->32K(286208K)] 299404K->1932K(461312K), 0.0005764 secs] [Times: user=0.00 sys=0.00, real=0.00 secs] 
88.519: [GC (Allocation Failure) [PSYoungGen: 285728K->96K(274944K)] 287628K->1996K(450048K), 0.0005501 secs] [Times: user=0.00 sys=0.00, real=0.00 secs] 
88.589: [GC (Allocation Failure) [PSYoungGen: 274528K->32K(264192K)] 276428K->1932K(439296K), 0.0005585 secs] [Times: user=0.00 sys=0.00, real=0.00 secs] 
88.657: [GC (Allocation Failure) [PSYoungGen: 263712K->96K(253952K)] 265612K->1996K(429056K), 0.0005803 secs] [Times: user=0.00 sys=0.00, real=0.00 secs] 
88.724: [GC (Allocation Failure) [PSYoungGen: 253536K->32K(244224K)] 255436K->1932K(419328K), 0.0005279 secs] [Times: user=0.00 sys=0.00, real=0.00 secs] 
88.786: [GC (Allocation Failure) [PSYoungGen: 243744K->96K(235008K)] 245644K->1996K(410112K), 0.0007573 secs] [Times: user=0.00 sys=0.00, real=0.00 secs] 
88.847: [GC (Allocation Failure) [PSYoungGen: 234591K->32K(226304K)] 236491K->1932K(401408K), 0.0005774 secs] [Times: user=0.00 sys=0.00, real=0.00 secs] 
88.904: [GC (Allocation Failure) [PSYoungGen: 225824K->32K(217600K)] 227724K->1932K(392704K), 0.0005292 secs] [Times: user=0.00 sys=0.00, real=0.00 secs] 
88.961: [GC (Allocation Failure) [PSYoungGen: 217120K->32K(209408K)] 219020K->1932K(384512K), 0.0005688 secs] [Times: user=0.00 sys=0.00, real=0.00 secs] 
89.015: [GC (Allocation Failure) [PSYoungGen: 208928K->96K(201728K)] 210828K->1996K(376832K), 0.0005591 secs] [Times: user=0.00 sys=0.00, real=0.00 secs] 
89.067: [GC (Allocation Failure) [PSYoungGen: 201312K->96K(194560K)] 203212K->1996K(369664K), 0.0005563 secs] [Times: user=0.00 sys=0.00, real=0.00 secs] 
89.118: [GC (Allocation Failure) [PSYoungGen: 194144K->96K(187392K)] 196044K->1996K(362496K), 0.0005489 secs] [Times: user=0.00 sys=0.00, real=0.00 secs] 
89.165: [GC (Allocation Failure) [PSYoungGen: 186976K->96K(180736K)] 188876K->1996K(355840K), 0.0005477 secs] [Times: user=0.00 sys=0.00, real=0.00 secs] 
89.212: [GC (Allocation Failure) [PSYoungGen: 180320K->96K(174592K)] 182220K->1996K(349696K), 0.0005802 secs] [Times: user=0.00 sys=0.00, real=0.00 secs] 
89.256: [GC (Allocation Failure) [PSYoungGen: 174176K->32K(209408K)] 176076K->1932K(384512K), 0.0005473 secs] [Times: user=0.00 sys=0.00, real=0.00 secs] 
89.309: [GC (Allocation Failure) [PSYoungGen: 208928K->32K(201728K)] 210828K->1932K(376832K), 0.0005853 secs] [Times: user=0.00 sys=0.00, real=0.00 secs] 
89.360: [GC (Allocation Failure) [PSYoungGen: 201248K->32K(194560K)] 203148K->1932K(369664K), 0.0005773 secs] [Times: user=0.00 sys=0.00, real=0.00 secs] 
89.410: [GC (Allocation Failure) [PSYoungGen: 194080K->64K(187392K)] 195980K->1964K(362496K), 0.0005586 secs] [Times: user=0.00 sys=0.00, real=0.00 secs] 
89.457: [GC (Allocation Failure) [PSYoungGen: 186944K->32K(224768K)] 188844K->1932K(399872K), 0.0005492 secs] [Times: user=0.00 sys=0.00, real=0.00 secs] 
89.516: [GC (Allocation Failure) [PSYoungGen: 224288K->96K(216576K)] 226188K->1996K(391680K), 0.0005495 secs] [Times: user=0.00 sys=0.00, real=0.00 secs] 
89.571: [GC (Allocation Failure) [PSYoungGen: 216160K->32K(208384K)] 218060K->1932K(383488K), 0.0006492 secs] [Times: user=0.00 sys=0.00, real=0.00 secs] 
89.624: [GC (Allocation Failure) [PSYoungGen: 207904K->96K(200704K)] 209804K->1996K(375808K), 0.0005608 secs] [Times: user=0.01 sys=0.00, real=0.00 secs] 
89.674: [GC (Allocation Failure) [PSYoungGen: 200288K->32K(193536K)] 202188K->1932K(368640K), 0.0005313 secs] [Times: user=0.00 sys=0.00, real=0.00 secs] 
89.726: [GC (Allocation Failure) [PSYoungGen: 193056K->32K(186368K)] 194956K->1932K(361472K), 0.0006135 secs] [Times: user=0.00 sys=0.01, real=0.00 secs] 
89.773: [GC (Allocation Failure) [PSYoungGen: 185888K->32K(223744K)] 187788K->1932K(398848K), 0.0005792 secs] [Times: user=0.01 sys=0.00, real=0.00 secs] 
89.830: [GC (Allocation Failure) [PSYoungGen: 223264K->32K(268800K)] 225164K->1932K(443904K), 0.0006497 secs] [Times: user=0.00 sys=0.00, real=0.00 secs] 
89.898: [GC (Allocation Failure) [PSYoungGen: 268320K->32K(258048K)] 270220K->1932K(433152K), 0.0005487 secs] [Times: user=0.00 sys=0.00, real=0.00 secs] 
89.963: [GC (Allocation Failure) [PSYoungGen: 257568K->64K(247808K)] 259468K->1964K(422912K), 0.0005820 secs] [Times: user=0.00 sys=0.00, real=0.00 secs] 
90.027: [GC (Allocation Failure) [PSYoungGen: 247360K->32K(238080K)] 249260K->1932K(413184K), 0.0006064 secs] [Times: user=0.00 sys=0.00, real=0.00 secs] 
90.088: [GC (Allocation Failure) [PSYoungGen: 237600K->32K(228864K)] 239500K->1932K(403968K), 0.0005738 secs] [Times: user=0.00 sys=0.00, real=0.00 secs] 
90.151: [GC (Allocation Failure) [PSYoungGen: 228384K->96K(220160K)] 230284K->1996K(395264K), 0.0005422 secs] [Times: user=0.00 sys=0.00, real=0.00 secs] 
90.207: [GC (Allocation Failure) [PSYoungGen: 219744K->96K(211968K)] 221644K->1996K(387072K), 0.0005465 secs] [Times: user=0.00 sys=0.00, real=0.00 secs] 
90.260: [GC (Allocation Failure) [PSYoungGen: 211552K->32K(204288K)] 213452K->1932K(379392K), 0.0005478 secs] [Times: user=0.00 sys=0.00, real=0.00 secs] 
90.311: [GC (Allocation Failure) [PSYoungGen: 203808K->64K(196608K)] 205708K->1964K(371712K), 0.0005448 secs] [Times: user=0.01 sys=0.00, real=0.00 secs] 
90.361: [GC (Allocation Failure) [PSYoungGen: 196160K->96K(189440K)] 198060K->1996K(364544K), 0.0005509 secs] [Times: user=0.00 sys=0.00, real=0.00 secs] 
90.409: [GC (Allocation Failure) [PSYoungGen: 189024K->32K(182784K)] 190924K->1956K(357888K), 0.0005429 secs] [Times: user=0.01 sys=0.00, real=0.00 secs] 
90.456: [GC (Allocation Failure) [PSYoungGen: 182304K->96K(176128K)] 184228K->2020K(351232K), 0.0005575 secs] [Times: user=0.00 sys=0.00, real=0.00 secs] 
90.501: [GC (Allocation Failure) [PSYoungGen: 175712K->64K(211456K)] 177636K->1988K(386560K), 0.0011294 secs] [Times: user=0.00 sys=0.00, real=0.00 secs] 
90.557: [GC (Allocation Failure) [PSYoungGen: 211008K->96K(253952K)] 212932K->2020K(429056K), 0.0005565 secs] [Times: user=0.00 sys=0.00, real=0.00 secs] 
90.622: [GC (Allocation Failure) [PSYoungGen: 253536K->32K(304640K)] 255460K->1956K(479744K), 0.0005855 secs] [Times: user=0.00 sys=0.00, real=0.00 secs] 
90.701: [GC (Allocation Failure) [PSYoungGen: 304160K->32K(292352K)] 306084K->1956K(467456K), 0.0005245 secs] [Times: user=0.00 sys=0.00, real=0.00 secs] 
90.775: [GC (Allocation Failure) [PSYoungGen: 291872K->96K(280576K)] 293796K->2020K(455680K), 0.0006498 secs] [Times: user=0.00 sys=0.00, real=0.00 secs] 
90.849: [GC (Allocation Failure) [PSYoungGen: 280160K->64K(269312K)] 282084K->1988K(444416K), 0.0005590 secs] [Times: user=0.00 sys=0.00, real=0.00 secs] 
90.917: [GC (Allocation Failure) [PSYoungGen: 268864K->96K(258560K)] 270788K->2020K(433664K), 0.0005585 secs] [Times: user=0.00 sys=0.00, real=0.00 secs] 
90.982: [GC (Allocation Failure) [PSYoungGen: 258144K->32K(248320K)] 260068K->1956K(423424K), 0.0006303 secs] [Times: user=0.00 sys=0.00, real=0.01 secs] 
91.050: [GC (Allocation Failure) [PSYoungGen: 247840K->32K(238592K)] 249764K->1956K(413696K), 0.0005789 secs] [Times: user=0.00 sys=0.00, real=0.00 secs] 
91.111: [GC (Allocation Failure) [PSYoungGen: 238112K->96K(229376K)] 240036K->2020K(404480K), 0.0006258 secs] [Times: user=0.00 sys=0.00, real=0.00 secs] 
91.169: [GC (Allocation Failure) [PSYoungGen: 228960K->32K(220672K)] 230884K->1956K(395776K), 0.0005722 secs] [Times: user=0.00 sys=0.00, real=0.00 secs] 
91.225: [GC (Allocation Failure) [PSYoungGen: 220192K->32K(264704K)] 222116K->1956K(439808K), 0.0009002 secs] [Times: user=0.00 sys=0.00, real=0.00 secs] 
91.294: [GC (Allocation Failure) [PSYoungGen: 264224K->96K(254464K)] 266148K->2020K(429568K), 0.0005558 secs] [Times: user=0.00 sys=0.00, real=0.00 secs] 
91.364: [GC (Allocation Failure) [PSYoungGen: 254048K->96K(244736K)] 255972K->2020K(419840K), 0.0005544 secs] [Times: user=0.00 sys=0.00, real=0.00 secs] 
91.426: [GC (Allocation Failure) [PSYoungGen: 244320K->32K(235520K)] 246244K->1956K(410624K), 0.0006288 secs] [Times: user=0.01 sys=0.00, real=0.00 secs] 
91.490: [GC (Allocation Failure) [PSYoungGen: 235040K->32K(226816K)] 236964K->1956K(401920K), 0.0008208 secs] [Times: user=0.00 sys=0.00, real=0.00 secs] 
91.552: [GC (Allocation Failure) [PSYoungGen: 226336K->96K(218112K)] 228260K->2020K(393216K), 0.0005475 secs] [Times: user=0.00 sys=0.00, real=0.01 secs] 
91.607: [GC (Allocation Failure) [PSYoungGen: 217696K->96K(209920K)] 219620K->2020K(385024K), 0.0005551 secs] [Times: user=0.00 sys=0.00, real=0.00 secs] 
91.660: [GC (Allocation Failure) [PSYoungGen: 209504K->96K(202240K)] 211428K->2020K(377344K), 0.0005529 secs] [Times: user=0.00 sys=0.00, real=0.00 secs] 
91.714: [GC (Allocation Failure) [PSYoungGen: 201824K->96K(195072K)] 203748K->2020K(370176K), 0.0005583 secs] [Times: user=0.00 sys=0.00, real=0.00 secs] 
91.763: [GC (Allocation Failure) [PSYoungGen: 194656K->32K(187904K)] 196580K->1956K(363008K), 0.0005640 secs] [Times: user=0.00 sys=0.01, real=0.00 secs] 
91.811: [GC (Allocation Failure) [PSYoungGen: 187424K->32K(181248K)] 189348K->1956K(356352K), 0.0005855 secs] [Times: user=0.00 sys=0.00, real=0.00 secs] 
91.856: [GC (Allocation Failure) [PSYoungGen: 180768K->96K(217600K)] 182692K->2020K(392704K), 0.0005591 secs] [Times: user=0.00 sys=0.00, real=0.00 secs] 
91.911: [GC (Allocation Failure) [PSYoungGen: 217184K->96K(209408K)] 219108K->2020K(384512K), 0.0005897 secs] [Times: user=0.00 sys=0.00, real=0.00 secs] 
91.964: [GC (Allocation Failure) [PSYoungGen: 208992K->96K(201728K)] 210916K->2020K(376832K), 0.0005489 secs] [Times: user=0.01 sys=0.00, real=0.00 secs] 
92.015: [GC (Allocation Failure) [PSYoungGen: 201312K->96K(194560K)] 203236K->2020K(369664K), 0.0005469 secs] [Times: user=0.00 sys=0.00, real=0.00 secs] 
92.068: [GC (Allocation Failure) [PSYoungGen: 194144K->96K(187392K)] 196068K->2020K(362496K), 0.0005886 secs] [Times: user=0.00 sys=0.00, real=0.00 secs] 
92.116: [GC (Allocation Failure) [PSYoungGen: 186976K->64K(224768K)] 188900K->1988K(399872K), 0.0010750 secs] [Times: user=0.00 sys=0.00, real=0.00 secs] 
92.173: [GC (Allocation Failure) [PSYoungGen: 224320K->96K(269824K)] 226244K->2020K(444928K), 0.0005423 secs] [Times: user=0.00 sys=0.00, real=0.00 secs] 
92.241: [GC (Allocation Failure) [PSYoungGen: 269408K->32K(324096K)] 271332K->1956K(499200K), 0.0007517 secs] [Times: user=0.01 sys=0.00, real=0.00 secs] 
92.324: [GC (Allocation Failure) [PSYoungGen: 323616K->32K(310784K)] 325540K->1956K(485888K), 0.0005586 secs] [Times: user=0.00 sys=0.00, real=0.00 secs] 
92.404: [GC (Allocation Failure) [PSYoungGen: 310304K->0K(297984K)] 312228K->1924K(473088K), 0.0005405 secs] [Times: user=0.00 sys=0.00, real=0.00 secs] 
92.479: [GC (Allocation Failure) [PSYoungGen: 297472K->32K(286208K)] 299396K->1956K(461312K), 0.0006670 secs] [Times: user=0.00 sys=0.00, real=0.00 secs] 
92.556: [GC (Allocation Failure) [PSYoungGen: 285728K->96K(274944K)] 287652K->2020K(450048K), 0.0005980 secs] [Times: user=0.00 sys=0.00, real=0.00 secs] 
92.627: [GC (Allocation Failure) [PSYoungGen: 274528K->32K(264192K)] 276452K->1956K(439296K), 0.0005687 secs] [Times: user=0.00 sys=0.00, real=0.00 secs] 
92.696: [GC (Allocation Failure) [PSYoungGen: 263712K->96K(253952K)] 265636K->2020K(429056K), 0.0005571 secs] [Times: user=0.00 sys=0.00, real=0.00 secs] 
92.761: [GC (Allocation Failure) [PSYoungGen: 253536K->32K(244224K)] 255460K->1956K(419328K), 0.0005893 secs] [Times: user=0.00 sys=0.00, real=0.00 secs] 
92.823: [GC (Allocation Failure) [PSYoungGen: 243744K->96K(235008K)] 245668K->2020K(410112K), 0.0005558 secs] [Times: user=0.00 sys=0.00, real=0.00 secs] 
92.884: [GC (Allocation Failure) [PSYoungGen: 234591K->32K(226304K)] 236516K->1956K(401408K), 0.0006890 secs] [Times: user=0.01 sys=0.00, real=0.00 secs] 
92.945: [GC (Allocation Failure) [PSYoungGen: 225824K->32K(217600K)] 227748K->1956K(392704K), 0.0005971 secs] [Times: user=0.00 sys=0.00, real=0.00 secs] 
92.999: [GC (Allocation Failure) [PSYoungGen: 217120K->32K(209408K)] 219044K->1956K(384512K), 0.0005987 secs] [Times: user=0.00 sys=0.00, real=0.00 secs] 
93.053: [GC (Allocation Failure) [PSYoungGen: 208928K->96K(201728K)] 210852K->2020K(376832K), 0.0005793 secs] [Times: user=0.00 sys=0.00, real=0.00 secs] 
93.107: [GC (Allocation Failure) [PSYoungGen: 201312K->96K(194560K)] 203236K->2020K(369664K), 0.0005989 secs] [Times: user=0.00 sys=0.00, real=0.00 secs] 
93.157: [GC (Allocation Failure) [PSYoungGen: 194144K->96K(187392K)] 196068K->2020K(362496K), 0.0005539 secs] [Times: user=0.00 sys=0.00, real=0.00 secs] 
93.204: [GC (Allocation Failure) [PSYoungGen: 186976K->96K(180736K)] 188900K->2020K(355840K), 0.0005367 secs] [Times: user=0.00 sys=0.00, real=0.00 secs] 
93.250: [GC (Allocation Failure) [PSYoungGen: 180320K->96K(174592K)] 182244K->2020K(349696K), 0.0005504 secs] [Times: user=0.00 sys=0.00, real=0.00 secs] 
93.295: [GC (Allocation Failure) [PSYoungGen: 174176K->32K(209408K)] 176100K->1956K(384512K), 0.0005498 secs] [Times: user=0.00 sys=0.00, real=0.00 secs] 
93.348: [GC (Allocation Failure) [PSYoungGen: 208928K->32K(201728K)] 210852K->1956K(376832K), 0.0005712 secs] [Times: user=0.00 sys=0.00, real=0.00 secs] 
93.399: [GC (Allocation Failure) [PSYoungGen: 201248K->32K(194560K)] 203172K->1956K(369664K), 0.0005515 secs] [Times: user=0.00 sys=0.00, real=0.00 secs] 
93.448: [GC (Allocation Failure) [PSYoungGen: 194080K->96K(187392K)] 196004K->2020K(362496K), 0.0005408 secs] [Times: user=0.00 sys=0.00, real=0.00 secs] 
93.495: [GC (Allocation Failure) [PSYoungGen: 186976K->64K(224768K)] 188900K->1988K(399872K), 0.0006301 secs] [Times: user=0.00 sys=0.00, real=0.00 secs] 
93.552: [GC (Allocation Failure) [PSYoungGen: 224320K->96K(216576K)] 226244K->2020K(391680K), 0.0005694 secs] [Times: user=0.00 sys=0.00, real=0.01 secs] 
93.609: [GC (Allocation Failure) [PSYoungGen: 216160K->32K(208384K)] 218084K->1956K(383488K), 0.0005772 secs] [Times: user=0.00 sys=0.00, real=0.00 secs] 
93.662: [GC (Allocation Failure) [PSYoungGen: 207904K->96K(200704K)] 209828K->2020K(375808K), 0.0005578 secs] [Times: user=0.00 sys=0.00, real=0.00 secs] 
93.715: [GC (Allocation Failure) [PSYoungGen: 200288K->32K(193536K)] 202212K->1956K(368640K), 0.0005475 secs] [Times: user=0.00 sys=0.00, real=0.00 secs] 
93.764: [GC (Allocation Failure) [PSYoungGen: 193056K->32K(186368K)] 194980K->1956K(361472K), 0.0005416 secs] [Times: user=0.00 sys=0.01, real=0.00 secs] 
93.811: [GC (Allocation Failure) [PSYoungGen: 185888K->32K(223744K)] 187812K->1956K(398848K), 0.0010749 secs] [Times: user=0.00 sys=0.00, real=0.01 secs] 
93.868: [GC (Allocation Failure) [PSYoungGen: 223264K->32K(268800K)] 225188K->1956K(443904K), 0.0005660 secs] [Times: user=0.01 sys=0.00, real=0.00 secs] 
93.936: [GC (Allocation Failure) [PSYoungGen: 268320K->32K(322560K)] 270244K->1956K(497664K), 0.0006042 secs] [Times: user=0.00 sys=0.00, real=0.00 secs] 
94.021: [GC (Allocation Failure) [PSYoungGen: 322080K->96K(309248K)] 324004K->2020K(484352K), 0.0005430 secs] [Times: user=0.00 sys=0.00, real=0.00 secs] 
94.099: [GC (Allocation Failure) [PSYoungGen: 308832K->32K(296960K)] 310756K->1956K(472064K), 0.0005857 secs] [Times: user=0.00 sys=0.00, real=0.00 secs] 
94.177: [GC (Allocation Failure) [PSYoungGen: 296480K->96K(285184K)] 298404K->2020K(460288K), 0.0006720 secs] [Times: user=0.00 sys=0.00, real=0.00 secs] 
94.249: [GC (Allocation Failure) [PSYoungGen: 284768K->32K(273920K)] 286692K->1956K(449024K), 0.0005851 secs] [Times: user=0.00 sys=0.00, real=0.00 secs] 
94.318: [GC (Allocation Failure) [PSYoungGen: 273440K->96K(263168K)] 275364K->2020K(438272K), 0.0005587 secs] [Times: user=0.00 sys=0.00, real=0.00 secs] 
94.386: [GC (Allocation Failure) [PSYoungGen: 262752K->32K(252928K)] 264676K->1956K(428032K), 0.0005678 secs] [Times: user=0.00 sys=0.00, real=0.00 secs] 
94.449: [GC (Allocation Failure) [PSYoungGen: 252448K->32K(243200K)] 254372K->1956K(418304K), 0.0005946 secs] [Times: user=0.00 sys=0.00, real=0.00 secs] 
94.511: [GC (Allocation Failure) [PSYoungGen: 242720K->96K(233984K)] 244644K->2020K(409088K), 0.0005514 secs] [Times: user=0.00 sys=0.00, real=0.00 secs] 
94.570: [GC (Allocation Failure) [PSYoungGen: 233568K->32K(225280K)] 235492K->1956K(400384K), 0.0005260 secs] [Times: user=0.00 sys=0.00, real=0.00 secs] 
94.628: [GC (Allocation Failure) [PSYoungGen: 224800K->96K(217088K)] 226724K->2020K(392192K), 0.0006044 secs] [Times: user=0.01 sys=0.00, real=0.00 secs] 
94.686: [GC (Allocation Failure) [PSYoungGen: 216672K->32K(208896K)] 218596K->1956K(384000K), 0.0006317 secs] [Times: user=0.00 sys=0.00, real=0.00 secs] 
94.740: [GC (Allocation Failure) [PSYoungGen: 208416K->96K(201216K)] 210340K->2020K(376320K), 0.0005515 secs] [Times: user=0.00 sys=0.00, real=0.00 secs] 
94.791: [GC (Allocation Failure) [PSYoungGen: 200800K->32K(194048K)] 202724K->1956K(369152K), 0.0005237 secs] [Times: user=0.00 sys=0.00, real=0.00 secs] 
94.841: [GC (Allocation Failure) [PSYoungGen: 193568K->96K(186880K)] 195492K->2020K(361984K), 0.0005745 secs] [Times: user=0.00 sys=0.00, real=0.00 secs] 
94.888: [GC (Allocation Failure) [PSYoungGen: 186464K->96K(180224K)] 188388K->2020K(355328K), 0.0005682 secs] [Times: user=0.00 sys=0.00, real=0.00 secs] 
94.933: [GC (Allocation Failure) [PSYoungGen: 179808K->96K(174080K)] 181732K->2020K(349184K), 0.0005799 secs] [Times: user=0.00 sys=0.00, real=0.00 secs] 
94.981: [GC (Allocation Failure) [PSYoungGen: 173664K->32K(208896K)] 175588K->1956K(384000K), 0.0006775 secs] [Times: user=0.00 sys=0.00, real=0.00 secs] 
95.034: [GC (Allocation Failure) [PSYoungGen: 208416K->32K(250880K)] 210340K->1956K(425984K), 0.0006472 secs] [Times: user=0.00 sys=0.00, real=0.00 secs] 
95.097: [GC (Allocation Failure) [PSYoungGen: 250400K->96K(241152K)] 252324K->2020K(416256K), 0.0005566 secs] [Times: user=0.00 sys=0.00, real=0.00 secs] 
95.162: [GC (Allocation Failure) [PSYoungGen: 240736K->32K(231936K)] 242660K->1956K(407040K), 0.0005263 secs] [Times: user=0.00 sys=0.00, real=0.01 secs] 
95.222: [GC (Allocation Failure) [PSYoungGen: 231456K->32K(223232K)] 233380K->1956K(398336K), 0.0007774 secs] [Times: user=0.00 sys=0.00, real=0.00 secs] 
95.280: [GC (Allocation Failure) [PSYoungGen: 222752K->96K(267776K)] 224676K->2020K(442880K), 0.0007035 secs] [Times: user=0.00 sys=0.00, real=0.00 secs] 
95.350: [GC (Allocation Failure) [PSYoungGen: 267360K->64K(257536K)] 269284K->1988K(432640K), 0.0005728 secs] [Times: user=0.00 sys=0.00, real=0.00 secs] 
95.415: [GC (Allocation Failure) [PSYoungGen: 257088K->32K(247296K)] 259012K->1956K(422400K), 0.0005546 secs] [Times: user=0.01 sys=0.00, real=0.00 secs] 
95.478: [GC (Allocation Failure) [PSYoungGen: 246816K->96K(237568K)] 248740K->2020K(412672K), 0.0007525 secs] [Times: user=0.00 sys=0.00, real=0.00 secs] 
95.538: [GC (Allocation Failure) [PSYoungGen: 237152K->96K(285184K)] 239076K->2020K(460288K), 0.0008668 secs] [Times: user=0.00 sys=0.00, real=0.00 secs] 
95.613: [GC (Allocation Failure) [PSYoungGen: 284768K->32K(273920K)] 286692K->1956K(449024K), 0.0005412 secs] [Times: user=0.00 sys=0.00, real=0.00 secs] 
95.684: [GC (Allocation Failure) [PSYoungGen: 273440K->96K(263168K)] 275364K->2020K(438272K), 0.0005500 secs] [Times: user=0.01 sys=0.00, real=0.00 secs] 
95.753: [GC (Allocation Failure) [PSYoungGen: 262752K->96K(252928K)] 264676K->2020K(428032K), 0.0005561 secs] [Times: user=0.00 sys=0.00, real=0.00 secs] 
95.817: [GC (Allocation Failure) [PSYoungGen: 252512K->96K(243200K)] 254436K->2020K(418304K), 0.0005416 secs] [Times: user=0.00 sys=0.00, real=0.00 secs] 
95.879: [GC (Allocation Failure) [PSYoungGen: 242784K->32K(233984K)] 244708K->1956K(409088K), 0.0008646 secs] [Times: user=0.00 sys=0.00, real=0.00 secs] 
95.939: [GC (Allocation Failure) [PSYoungGen: 233504K->96K(225280K)] 235428K->2020K(400384K), 0.0006413 secs] [Times: user=0.00 sys=0.00, real=0.00 secs] 
96.000: [GC (Allocation Failure) [PSYoungGen: 224864K->32K(217088K)] 226788K->1956K(392192K), 0.0005306 secs] [Times: user=0.00 sys=0.00, real=0.00 secs] 
96.055: [GC (Allocation Failure) [PSYoungGen: 216608K->96K(208896K)] 218532K->2020K(384000K), 0.0005887 secs] [Times: user=0.00 sys=0.00, real=0.00 secs] 
96.108: [GC (Allocation Failure) [PSYoungGen: 208480K->32K(201216K)] 210404K->1956K(376320K), 0.0005313 secs] [Times: user=0.00 sys=0.00, real=0.00 secs] 
96.160: [GC (Allocation Failure) [PSYoungGen: 200736K->96K(194048K)] 202660K->2020K(369152K), 0.0005676 secs] [Times: user=0.00 sys=0.00, real=0.00 secs] 
96.211: [GC (Allocation Failure) [PSYoungGen: 193632K->32K(186880K)] 195556K->1956K(361984K), 0.0005317 secs] [Times: user=0.00 sys=0.00, real=0.00 secs] 
96.260: [GC (Allocation Failure) [PSYoungGen: 186400K->32K(180224K)] 188324K->1956K(355328K), 0.0005567 secs] [Times: user=0.00 sys=0.00, real=0.00 secs] 
96.306: [GC (Allocation Failure) [PSYoungGen: 179744K->32K(174080K)] 181668K->1956K(349184K), 0.0005280 secs] [Times: user=0.00 sys=0.00, real=0.00 secs] 
96.350: [GC (Allocation Failure) [PSYoungGen: 173600K->96K(167936K)] 175524K->2020K(343040K), 0.0005486 secs] [Times: user=0.00 sys=0.00, real=0.00 secs] 
96.392: [GC (Allocation Failure) [PSYoungGen: 167520K->32K(201728K)] 169444K->1956K(376832K), 0.0005589 secs] [Times: user=0.00 sys=0.00, real=0.00 secs] 
96.443: [GC (Allocation Failure) [PSYoungGen: 201248K->32K(242176K)] 203172K->1956K(417280K), 0.0005456 secs] [Times: user=0.01 sys=0.00, real=0.00 secs] 
96.505: [GC (Allocation Failure) [PSYoungGen: 241696K->32K(232960K)] 243620K->1956K(408064K), 0.0005456 secs] [Times: user=0.00 sys=0.00, real=0.00 secs] 
96.564: [GC (Allocation Failure) [PSYoungGen: 232480K->32K(224256K)] 234404K->1956K(399360K), 0.0005929 secs] [Times: user=0.00 sys=0.00, real=0.00 secs] 
96.621: [GC (Allocation Failure) [PSYoungGen: 223776K->32K(216064K)] 225700K->1956K(391168K), 0.0005281 secs] [Times: user=0.00 sys=0.00, real=0.00 secs] 
96.678: [GC (Allocation Failure) [PSYoungGen: 215584K->96K(207872K)] 217508K->2020K(382976K), 0.0005235 secs] [Times: user=0.00 sys=0.00, real=0.00 secs] 
96.733: [GC (Allocation Failure) [PSYoungGen: 207456K->32K(249344K)] 209380K->1956K(424448K), 0.0009195 secs] [Times: user=0.01 sys=0.00, real=0.00 secs] 
96.798: [GC (Allocation Failure) [PSYoungGen: 248864K->96K(239616K)] 250788K->2020K(414720K), 0.0005618 secs] [Times: user=0.00 sys=0.00, real=0.00 secs] 
96.859: [GC (Allocation Failure) [PSYoungGen: 239200K->96K(230400K)] 241124K->2020K(405504K), 0.0005664 secs] [Times: user=0.00 sys=0.00, real=0.00 secs] 
96.917: [GC (Allocation Failure) [PSYoungGen: 229984K->32K(221696K)] 231908K->1956K(396800K), 0.0005287 secs] [Times: user=0.00 sys=0.00, real=0.00 secs] 
96.973: [GC (Allocation Failure) [PSYoungGen: 221216K->96K(213504K)] 223140K->2020K(388608K), 0.0005483 secs] [Times: user=0.01 sys=0.00, real=0.00 secs] 
97.027: [GC (Allocation Failure) [PSYoungGen: 213088K->96K(205824K)] 215012K->2020K(380928K), 0.0007654 secs] [Times: user=0.00 sys=0.00, real=0.00 secs] 
97.080: [GC (Allocation Failure) [PSYoungGen: 205408K->32K(247296K)] 207332K->1956K(422400K), 0.0006317 secs] [Times: user=0.00 sys=0.00, real=0.00 secs] 
97.146: [GC (Allocation Failure) [PSYoungGen: 246816K->32K(237568K)] 248740K->1956K(412672K), 0.0005249 secs] [Times: user=0.00 sys=0.00, real=0.00 secs] 
97.209: [GC (Allocation Failure) [PSYoungGen: 237088K->96K(228352K)] 239012K->2020K(403456K), 0.0005485 secs] [Times: user=0.00 sys=0.00, real=0.00 secs] 
97.268: [GC (Allocation Failure) [PSYoungGen: 227936K->32K(219648K)] 229860K->1956K(394752K), 0.0005463 secs] [Times: user=0.00 sys=0.00, real=0.00 secs] 
97.325: [GC (Allocation Failure) [PSYoungGen: 219168K->32K(211456K)] 221092K->1956K(386560K), 0.0006433 secs] [Times: user=0.00 sys=0.00, real=0.00 secs] 
97.382: [GC (Allocation Failure) [PSYoungGen: 210976K->32K(203776K)] 212900K->1956K(378880K), 0.0005546 secs] [Times: user=0.00 sys=0.00, real=0.01 secs] 
97.433: [GC (Allocation Failure) [PSYoungGen: 203296K->96K(196096K)] 205220K->2020K(371200K), 0.0005708 secs] [Times: user=0.00 sys=0.00, real=0.00 secs] 
97.483: [GC (Allocation Failure) [PSYoungGen: 195680K->32K(188928K)] 197604K->1956K(364032K), 0.0006320 secs] [Times: user=0.00 sys=0.00, real=0.00 secs] 
97.531: [GC (Allocation Failure) [PSYoungGen: 188448K->96K(226816K)] 190372K->2020K(401920K), 0.0006602 secs] [Times: user=0.00 sys=0.00, real=0.00 secs] 
97.588: [GC (Allocation Failure) [PSYoungGen: 226400K->96K(272384K)] 228324K->2020K(447488K), 0.0006836 secs] [Times: user=0.00 sys=0.00, real=0.00 secs] 
97.657: [GC (Allocation Failure) [PSYoungGen: 271968K->32K(261632K)] 273892K->1956K(436736K), 0.0005382 secs] [Times: user=0.00 sys=0.01, real=0.00 secs] 
97.726: [GC (Allocation Failure) [PSYoungGen: 261152K->96K(251392K)] 263076K->2020K(426496K), 0.0006055 secs] [Times: user=0.00 sys=0.00, real=0.00 secs] 
97.790: [GC (Allocation Failure) [PSYoungGen: 250976K->32K(241664K)] 252900K->1956K(416768K), 0.0006133 secs] [Times: user=0.00 sys=0.00, real=0.00 secs] 
97.853: [GC (Allocation Failure) [PSYoungGen: 241184K->32K(232448K)] 243108K->1956K(407552K), 0.0006082 secs] [Times: user=0.00 sys=0.00, real=0.00 secs] 
97.911: [GC (Allocation Failure) [PSYoungGen: 231968K->32K(223744K)] 233892K->1956K(398848K), 0.0005834 secs] [Times: user=0.00 sys=0.00, real=0.00 secs] 
97.968: [GC (Allocation Failure) [PSYoungGen: 223264K->32K(215552K)] 225188K->1956K(390656K), 0.0005653 secs] [Times: user=0.00 sys=0.00, real=0.00 secs] 
98.022: [GC (Allocation Failure) [PSYoungGen: 215072K->32K(207360K)] 216996K->1956K(382464K), 0.0005333 secs] [Times: user=0.01 sys=0.00, real=0.01 secs] 
98.075: [GC (Allocation Failure) [PSYoungGen: 206880K->96K(199680K)] 208804K->2020K(374784K), 0.0005771 secs] [Times: user=0.00 sys=0.00, real=0.00 secs] 
98.125: [GC (Allocation Failure) [PSYoungGen: 199264K->96K(192512K)] 201188K->2020K(367616K), 0.0005935 secs] [Times: user=0.00 sys=0.00, real=0.00 secs] 
98.174: [GC (Allocation Failure) [PSYoungGen: 192096K->32K(185856K)] 194020K->1956K(360960K), 0.0005501 secs] [Times: user=0.00 sys=0.00, real=0.00 secs] 
98.223: [GC (Allocation Failure) [PSYoungGen: 185376K->96K(179200K)] 187300K->2020K(354304K), 0.0005522 secs] [Times: user=0.00 sys=0.00, real=0.00 secs] 
98.268: [GC (Allocation Failure) [PSYoungGen: 178784K->96K(173056K)] 180708K->2020K(348160K), 0.0005409 secs] [Times: user=0.00 sys=0.00, real=0.00 secs] 
98.315: [GC (Allocation Failure) [PSYoungGen: 172640K->96K(166912K)] 174564K->2020K(342016K), 0.0005412 secs] [Times: user=0.00 sys=0.00, real=0.00 secs] 
98.357: [GC (Allocation Failure) [PSYoungGen: 166496K->32K(200192K)] 168420K->1956K(375296K), 0.0005511 secs] [Times: user=0.00 sys=0.00, real=0.00 secs] 
98.409: [GC (Allocation Failure) [PSYoungGen: 199712K->96K(240128K)] 201636K->2020K(415232K), 0.0005532 secs] [Times: user=0.00 sys=0.00, real=0.00 secs] 
98.470: [GC (Allocation Failure) [PSYoungGen: 239712K->96K(230912K)] 241636K->2020K(406016K), 0.0005403 secs] [Times: user=0.00 sys=0.00, real=0.00 secs] 
98.528: [GC (Allocation Failure) [PSYoungGen: 230496K->32K(222208K)] 232420K->1956K(397312K), 0.0005975 secs] [Times: user=0.00 sys=0.00, real=0.00 secs] 
98.588: [GC (Allocation Failure) [PSYoungGen: 221728K->32K(214016K)] 223652K->1956K(389120K), 0.0006199 secs] [Times: user=0.00 sys=0.00, real=0.00 secs] 
98.643: [GC (Allocation Failure) [PSYoungGen: 213536K->96K(206336K)] 215460K->2020K(381440K), 0.0005594 secs] [Times: user=0.00 sys=0.00, real=0.00 secs] 
98.695: [GC (Allocation Failure) [PSYoungGen: 205920K->32K(198656K)] 207844K->1956K(373760K), 0.0005291 secs] [Times: user=0.00 sys=0.00, real=0.00 secs] 
98.749: [GC (Allocation Failure) [PSYoungGen: 198176K->32K(191488K)] 200100K->1956K(366592K), 0.0005453 secs] [Times: user=0.00 sys=0.00, real=0.00 secs] 
98.798: [GC (Allocation Failure) [PSYoungGen: 191008K->32K(184832K)] 192932K->1956K(359936K), 0.0005363 secs] [Times: user=0.00 sys=0.00, real=0.00 secs] 
98.845: [GC (Allocation Failure) [PSYoungGen: 184352K->32K(178176K)] 186276K->1956K(353280K), 0.0005540 secs] [Times: user=0.00 sys=0.00, real=0.00 secs] 
98.890: [GC (Allocation Failure) [PSYoungGen: 177696K->32K(172032K)] 179620K->1956K(347136K), 0.0005593 secs] [Times: user=0.01 sys=0.00, real=0.00 secs] 
98.934: [GC (Allocation Failure) [PSYoungGen: 171552K->96K(206336K)] 173476K->2020K(381440K), 0.0006294 secs] [Times: user=0.00 sys=0.00, real=0.00 secs] 
98.987: [GC (Allocation Failure) [PSYoungGen: 205920K->96K(247808K)] 207844K->2020K(422912K), 0.0005832 secs] [Times: user=0.00 sys=0.00, real=0.00 secs] 
99.049: [GC (Allocation Failure) [PSYoungGen: 247392K->32K(238080K)] 249316K->1956K(413184K), 0.0005516 secs] [Times: user=0.01 sys=0.00, real=0.00 secs] 
99.110: [GC (Allocation Failure) [PSYoungGen: 237600K->96K(228864K)] 239524K->2020K(403968K), 0.0005531 secs] [Times: user=0.01 sys=0.00, real=0.00 secs] 
99.168: [GC (Allocation Failure) [PSYoungGen: 228448K->64K(220160K)] 230372K->1988K(395264K), 0.0006178 secs] [Times: user=0.00 sys=0.00, real=0.00 secs] 
99.226: [GC (Allocation Failure) [PSYoungGen: 219712K->96K(211968K)] 221636K->2020K(387072K), 0.0005545 secs] [Times: user=0.00 sys=0.00, real=0.00 secs] 
99.284: [GC (Allocation Failure) [PSYoungGen: 211552K->96K(204288K)] 213476K->2020K(379392K), 0.0005782 secs] [Times: user=0.00 sys=0.00, real=0.00 secs] 
99.339: [GC (Allocation Failure) [PSYoungGen: 203872K->96K(196608K)] 205796K->2020K(371712K), 0.0006868 secs] [Times: user=0.00 sys=0.00, real=0.00 secs] 
99.391: [GC (Allocation Failure) [PSYoungGen: 196192K->32K(189440K)] 198116K->1956K(364544K), 0.0005623 secs] [Times: user=0.01 sys=0.00, real=0.00 secs] 
99.439: [GC (Allocation Failure) [PSYoungGen: 188960K->32K(182784K)] 190884K->1956K(357888K), 0.0006482 secs] [Times: user=0.00 sys=0.00, real=0.00 secs] 
99.488: [GC (Allocation Failure) [PSYoungGen: 182304K->32K(176128K)] 184228K->1956K(351232K), 0.0005220 secs] [Times: user=0.00 sys=0.00, real=0.00 secs] 
99.533: [GC (Allocation Failure) [PSYoungGen: 175648K->32K(211456K)] 177572K->1956K(386560K), 0.0005779 secs] [Times: user=0.00 sys=0.00, real=0.00 secs] 
99.586: [GC (Allocation Failure) [PSYoungGen: 210976K->96K(253952K)] 212900K->2020K(429056K), 0.0006542 secs] [Times: user=0.00 sys=0.00, real=0.00 secs] 
99.653: [GC (Allocation Failure) [PSYoungGen: 253536K->32K(244224K)] 255460K->1956K(419328K), 0.0005155 secs] [Times: user=0.00 sys=0.00, real=0.00 secs] 
99.715: [GC (Allocation Failure) [PSYoungGen: 243744K->64K(235008K)] 245668K->1988K(410112K), 0.0005437 secs] [Times: user=0.00 sys=0.00, real=0.00 secs] 
99.781: [GC (Allocation Failure) [PSYoungGen: 234553K->32K(226304K)] 236477K->1956K(401408K), 0.0008621 secs] [Times: user=0.00 sys=0.00, real=0.00 secs] 
99.841: [GC (Allocation Failure) [PSYoungGen: 225824K->96K(217600K)] 227748K->2020K(392704K), 0.0005450 secs] [Times: user=0.00 sys=0.00, real=0.00 secs] 
99.896: [GC (Allocation Failure) [PSYoungGen: 217184K->64K(209408K)] 219108K->1988K(384512K), 0.0005332 secs] [Times: user=0.00 sys=0.00, real=0.00 secs] 
99.949: [GC (Allocation Failure) [PSYoungGen: 208960K->32K(201728K)] 210884K->1956K(376832K), 0.0005460 secs] [Times: user=0.01 sys=0.00, real=0.00 secs] 
100.000: [GC (Allocation Failure) [PSYoungGen: 201248K->32K(194560K)] 203172K->1956K(369664K), 0.0005230 secs] [Times: user=0.00 sys=0.00, real=0.00 secs] 
100.049: [GC (Allocation Failure) [PSYoungGen: 194080K->96K(187392K)] 196004K->2020K(362496K), 0.0005380 secs] [Times: user=0.00 sys=0.00, real=0.00 secs] 
100.097: [GC (Allocation Failure) [PSYoungGen: 186976K->32K(180736K)] 188900K->1956K(355840K), 0.0005244 secs] [Times: user=0.00 sys=0.00, real=0.00 secs] 
100.142: [GC (Allocation Failure) [PSYoungGen: 180256K->32K(174592K)] 182180K->1956K(349696K), 0.0005563 secs] [Times: user=0.00 sys=0.00, real=0.00 secs] 
100.189: [GC (Allocation Failure) [PSYoungGen: 174112K->32K(209408K)] 176036K->1956K(384512K), 0.0006344 secs] [Times: user=0.00 sys=0.00, real=0.00 secs] 
100.244: [GC (Allocation Failure) [PSYoungGen: 208928K->32K(201728K)] 210852K->1956K(376832K), 0.0005403 secs] [Times: user=0.00 sys=0.00, real=0.00 secs] 
100.299: [GC (Allocation Failure) [PSYoungGen: 201248K->64K(194560K)] 203172K->1988K(369664K), 0.0005504 secs] [Times: user=0.00 sys=0.00, real=0.00 secs] 
Heap
 PSYoungGen      total 194560K, used 63501K [0x000000076ab00000, 0x00000007bb500000, 0x00000007c0000000)
  eden space 194048K, 32% used [0x000000076ab00000,0x000000076e8f3758,0x0000000776880000)
  from space 512K, 12% used [0x00000007bb480000,0x00000007bb490000,0x00000007bb500000)
  to   space 512K, 0% used [0x00000007bb400000,0x00000007bb400000,0x00000007bb480000)
 ParOldGen       total 175104K, used 1924K [0x00000006c0000000, 0x00000006cab00000, 0x000000076ab00000)
  object space 175104K, 1% used [0x00000006c0000000,0x00000006c01e10a0,0x00000006cab00000)
 Metaspace       used 9297K, capacity 9620K, committed 9856K, reserved 1058816K
  class space    used 1002K, capacity 1106K, committed 1152K, reserved 1048576K
