OpenJDK 64-Bit Server VM (25.202-b05) for bsd-amd64 JRE (Zulu 8.36.0.1-CA-macosx) (1.8.0_202-b05), built on Jan 29 2019 06:07:09 by "zulu_re" with gcc 4.2.1 (Based on Apple Inc. build 5658) (LLVM build 2336.11.00)
Memory: 4k page, physical 16777216k(800588k free)

/proc/meminfo:

CommandLine flags: -XX:InitialHeapSize=268435456 -XX:MaxHeapSize=4294967296 -XX:+PrintGC -XX:+PrintGCDetails -XX:+PrintGCTimeStamps -XX:+UseCompressedClassPointers -XX:+UseCompressedOops -XX:+UseParallelGC 
Heap
 PSYoungGen      total 76288K, used 34346K [0x000000076ab00000, 0x0000000770000000, 0x00000007c0000000)
  eden space 65536K, 52% used [0x000000076ab00000,0x000000076cc8a870,0x000000076eb00000)
  from space 10752K, 0% used [0x000000076f580000,0x000000076f580000,0x0000000770000000)
  to   space 10752K, 0% used [0x000000076eb00000,0x000000076eb00000,0x000000076f580000)
 ParOldGen       total 175104K, used 0K [0x00000006c0000000, 0x00000006cab00000, 0x000000076ab00000)
  object space 175104K, 0% used [0x00000006c0000000,0x00000006c0000000,0x00000006cab00000)
 Metaspace       used 7651K, capacity 8001K, committed 8192K, reserved 1056768K
  class space    used 853K, capacity 948K, committed 1024K, reserved 1048576K
.775: [GC (Allocation Failure) [PSYoungGen: 133088K->2000K(141824K)] 133104K->2024K(316928K), 0.0020652 secs] [Times: user=0.01 sys=0.00, real=0.00 secs] 
0.872: [GC (Allocation Failure) [PSYoungGen: 133072K->2000K(267776K)] 133096K->2024K(442880K), 0.0020816 secs] [Times: user=0.01 sys=0.00, real=0.00 secs] 
1.111: [GC (Allocation Failure) [PSYoungGen: 264144K->64K(267776K)] 264168K->2064K(442880K), 0.0022188 secs] [Times: user=0.00 sys=0.00, real=0.00 secs] 
1.294: [GC (Allocation Failure) [PSYoungGen: 262208K->96K(529920K)] 264208K->2096K(705024K), 0.0005551 secs] [Times: user=0.00 sys=0.00, real=0.00 secs] 
1.851: [GC (Allocation Failure) [PSYoungGen: 524384K->64K(529920K)] 526384K->2064K(705024K), 0.0012570 secs] [Times: user=0.00 sys=0.00, real=0.00 secs] 
2.249: [GC (Allocation Failure) [PSYoungGen: 524352K->96K(501760K)] 526352K->2112K(676864K), 0.0005469 secs] [Times: user=0.00 sys=0.00, real=0.00 secs] 
2.597: [GC (Allocation Failure) [PSYoungGen: 501344K->96K(484864K)] 503360K->2120K(659968K), 0.0005306 secs] [Times: user=0.00 sys=0.00, real=0.00 secs] 
2.941: [GC (Allocation Failure) [PSYoungGen: 479328K->64K(458752K)] 481352K->2088K(633856K), 0.0011198 secs] [Times: user=0.00 sys=0.00, real=0.00 secs] 
3.265: [GC (Allocation Failure) [PSYoungGen: 458304K->96K(443392K)] 460328K->2128K(618496K), 0.0005494 secs] [Times: user=0.00 sys=0.00, real=0.00 secs] 
3.568: [GC (Allocation Failure) [PSYoungGen: 438368K->96K(419840K)] 440400K->2128K(594944K), 0.0039479 secs] [Times: user=0.00 sys=0.00, real=0.01 secs] 
3.888: [GC (Allocation Failure) [PSYoungGen: 419424K->96K(406528K)] 421456K->2128K(581632K), 0.0005961 secs] [Times: user=0.00 sys=0.00, real=0.01 secs] 
4.192: [GC (Allocation Failure) [PSYoungGen: 401504K->96K(385024K)] 403536K->2128K(560128K), 0.0007793 secs] [Times: user=0.00 sys=0.00, real=0.00 secs] 
4.468: [GC (Allocation Failure) [PSYoungGen: 384608K->96K(372736K)] 386640K->2128K(547840K), 0.0005372 secs] [Times: user=0.00 sys=0.00, real=0.00 secs] 
4.719: [GC (Allocation Failure) [PSYoungGen: 368224K->96K(353280K)] 370256K->2128K(528384K), 0.0005675 secs] [Times: user=0.00 sys=0.00, real=0.01 secs] 
4.959: [GC (Allocation Failure) [PSYoungGen: 352864K->96K(342016K)] 354896K->2128K(517120K), 0.0009006 secs] [Times: user=0.00 sys=0.00, real=0.01 secs] 
5.193: [GC (Allocation Failure) [PSYoungGen: 338016K->96K(324608K)] 340048K->2136K(499712K), 0.0005507 secs] [Times: user=0.00 sys=0.00, real=0.00 secs] 
5.414: [GC (Allocation Failure) [PSYoungGen: 324192K->96K(314368K)] 326232K->2136K(489472K), 0.0005556 secs] [Times: user=0.01 sys=0.00, real=0.00 secs] 
5.626: [GC (Allocation Failure) [PSYoungGen: 310880K->96K(298496K)] 312920K->2136K(473600K), 0.0005610 secs] [Times: user=0.00 sys=0.00, real=0.00 secs] 
5.828: [GC (Allocation Failure) [PSYoungGen: 298080K->96K(289792K)] 300120K->2136K(464896K), 0.0005389 secs] [Times: user=0.00 sys=0.00, real=0.00 secs] 
6.027: [GC (Allocation Failure) [PSYoungGen: 286304K->96K(275456K)] 288344K->2136K(450560K), 0.0005910 secs] [Times: user=0.00 sys=0.00, real=0.00 secs] 
6.213: [GC (Allocation Failure) [PSYoungGen: 275040K->96K(267264K)] 277080K->2136K(442368K), 0.0005279 secs] [Times: user=0.00 sys=0.00, real=0.00 secs] 
6.395: [GC (Allocation Failure) [PSYoungGen: 264288K->96K(254464K)] 266328K->2136K(429568K), 0.0006329 secs] [Times: user=0.00 sys=0.00, real=0.00 secs] 
6.569: [GC (Allocation Failure) [PSYoungGen: 254048K->96K(246784K)] 256088K->2136K(421888K), 0.0005137 secs] [Times: user=0.00 sys=0.00, real=0.01 secs] 
6.736: [GC (Allocation Failure) [PSYoungGen: 244320K->96K(235520K)] 246360K->2136K(410624K), 0.0005501 secs] [Times: user=0.00 sys=0.00, real=0.00 secs] 
6.895: [GC (Allocation Failure) [PSYoungGen: 235104K->96K(228864K)] 237144K->2136K(403968K), 0.0005118 secs] [Times: user=0.00 sys=0.00, real=0.00 secs] 
7.049: [GC (Allocation Failure) [PSYoungGen: 226400K->96K(218112K)] 228440K->2136K(393216K), 0.0005437 secs] [Times: user=0.00 sys=0.00, real=0.00 secs] 
7.197: [GC (Allocation Failure) [PSYoungGen: 217696K->96K(211456K)] 219736K->2136K(386560K), 0.0005185 secs] [Times: user=0.00 sys=0.00, real=0.00 secs] 
7.340: [GC (Allocation Failure) [PSYoungGen: 209504K->96K(202240K)] 211544K->2136K(377344K), 0.0005566 secs] [Times: user=0.00 sys=0.00, real=0.00 secs] 
7.477: [GC (Allocation Failure) [PSYoungGen: 201824K->96K(196608K)] 203864K->2136K(371712K), 0.0005199 secs] [Times: user=0.00 sys=0.00, real=0.00 secs] 
7.609: [GC (Allocation Failure) [PSYoungGen: 194656K->96K(187904K)] 196696K->2136K(363008K), 0.0005361 secs] [Times: user=0.00 sys=0.00, real=0.00 secs] 
7.736: [GC (Allocation Failure) [PSYoungGen: 187488K->96K(182272K)] 189528K->2136K(357376K), 0.0005358 secs] [Times: user=0.00 sys=0.00, real=0.00 secs] 
7.859: [GC (Allocation Failure) [PSYoungGen: 180832K->32K(175104K)] 182872K->2072K(350208K), 0.0005458 secs] [Times: user=0.00 sys=0.00, real=0.00 secs] 
7.978: [GC (Allocation Failure) [PSYoungGen: 174624K->96K(169984K)] 176664K->2136K(345088K), 0.0005287 secs] [Times: user=0.00 sys=0.00, real=0.00 secs] 
8.092: [GC (Allocation Failure) [PSYoungGen: 168544K->96K(163328K)] 170584K->2136K(338432K), 0.0005597 secs] [Times: user=0.00 sys=0.00, real=0.00 secs] 
8.203: [GC (Allocation Failure) [PSYoungGen: 162912K->96K(158720K)] 164952K->2136K(333824K), 0.0005257 secs] [Times: user=0.00 sys=0.00, real=0.00 secs] 
8.317: [GC (Allocation Failure) [PSYoungGen: 157280K->64K(152576K)] 159320K->2104K(327680K), 0.0008595 secs] [Times: user=0.00 sys=0.00, real=0.00 secs] 
8.434: [GC (Allocation Failure) [PSYoungGen: 152128K->96K(147968K)] 154168K->2136K(323072K), 0.0012955 secs] [Times: user=0.00 sys=0.00, real=0.00 secs] 
8.543: [GC (Allocation Failure) [PSYoungGen: 147040K->96K(142848K)] 149080K->2136K(317952K), 0.0005362 secs] [Times: user=0.01 sys=0.00, real=0.00 secs] 
8.642: [GC (Allocation Failure) [PSYoungGen: 142432K->96K(138752K)] 144472K->2136K(313856K), 0.0005300 secs] [Times: user=0.00 sys=0.00, real=0.00 secs] 
8.736: [GC (Allocation Failure) [PSYoungGen: 137824K->64K(133632K)] 139864K->2104K(308736K), 0.0005333 secs] [Times: user=0.00 sys=0.00, real=0.00 secs] 
8.827: [GC (Allocation Failure) [PSYoungGen: 133184K->96K(130048K)] 135224K->2136K(305152K), 0.0005255 secs] [Times: user=0.00 sys=0.00, real=0.00 secs] 
8.920: [GC (Allocation Failure) [PSYoungGen: 129120K->64K(125440K)] 131160K->2104K(300544K), 0.0007421 secs] [Times: user=0.00 sys=0.00, real=0.00 secs] 
9.016: [GC (Allocation Failure) [PSYoungGen: 124992K->96K(121856K)] 127032K->2136K(296960K), 0.0005217 secs] [Times: user=0.00 sys=0.00, real=0.00 secs] 
9.108: [GC (Allocation Failure) [PSYoungGen: 120928K->0K(117760K)] 122968K->2040K(292864K), 0.0005786 secs] [Times: user=0.00 sys=0.00, real=0.00 secs] 
9.193: [GC (Allocation Failure) [PSYoungGen: 117248K->96K(114688K)] 119288K->2136K(289792K), 0.0005269 secs] [Times: user=0.00 sys=0.00, real=0.00 secs] 
9.271: [GC (Allocation Failure) [PSYoungGen: 113760K->96K(110592K)] 115800K->2136K(285696K), 0.0005165 secs] [Times: user=0.00 sys=0.00, real=0.00 secs] 
9.348: [GC (Allocation Failure) [PSYoungGen: 110176K->64K(107520K)] 112216K->2104K(282624K), 0.0005304 secs] [Times: user=0.00 sys=0.00, real=0.00 secs] 
9.422: [GC (Allocation Failure) [PSYoungGen: 107072K->96K(104448K)] 109112K->2136K(279552K), 0.0005047 secs] [Times: user=0.00 sys=0.00, real=0.00 secs] 
9.494: [GC (Allocation Failure) [PSYoungGen: 104032K->64K(101376K)] 106072K->2104K(276480K), 0.0005839 secs] [Times: user=0.00 sys=0.00, real=0.00 secs] 
9.572: [GC (Allocation Failure) [PSYoungGen: 100928K->64K(98816K)] 102968K->2104K(273920K), 0.0005108 secs] [Times: user=0.00 sys=0.00, real=0.00 secs] 
9.649: [GC (Allocation Failure) [PSYoungGen: 98368K->64K(96256K)] 100408K->2104K(271360K), 0.0007252 secs] [Times: user=0.00 sys=0.00, real=0.01 secs] 
9.721: [GC (Allocation Failure) [PSYoungGen: 95808K->64K(93696K)] 97848K->2104K(268800K), 0.0005166 secs] [Times: user=0.00 sys=0.00, real=0.00 secs] 
9.787: [GC (Allocation Failure) [PSYoungGen: 93248K->96K(91136K)] 95288K->2136K(266240K), 0.0005422 secs] [Times: user=0.00 sys=0.00, real=0.00 secs] 
9.850: [GC (Allocation Failure) [PSYoungGen: 90720K->96K(88576K)] 92760K->2136K(263680K), 0.0005744 secs] [Times: user=0.00 sys=0.00, real=0.00 secs] 
9.910: [GC (Allocation Failure) [PSYoungGen: 88160K->64K(804352K)] 90200K->2104K(979456K), 0.0005050 secs] [Times: user=0.00 sys=0.00, real=0.00 secs] 
10.610: [GC (Allocation Failure) [PSYoungGen: 803904K->160K(767488K)] 805944K->2200K(942592K), 0.0005914 secs] [Times: user=0.00 sys=0.00, real=0.00 secs] 
11.161: [GC (Allocation Failure) [PSYoungGen: 767136K->32K(732160K)] 769176K->2136K(907264K), 0.0006116 secs] [Times: user=0.00 sys=0.00, real=0.00 secs] 
11.688: [GC (Allocation Failure) [PSYoungGen: 731680K->96K(698880K)] 733784K->2200K(873984K), 0.0005634 secs] [Times: user=0.00 sys=0.00, real=0.00 secs] 
12.175: [GC (Allocation Failure) [PSYoungGen: 698464K->96K(667136K)] 700568K->2200K(842240K), 0.0005253 secs] [Times: user=0.00 sys=0.00, real=0.00 secs] 
12.656: [GC (Allocation Failure) [PSYoungGen: 666720K->96K(636928K)] 668824K->2200K(812032K), 0.0005070 secs] [Times: user=0.00 sys=0.00, real=0.00 secs] 
13.095: [GC (Allocation Failure) [PSYoungGen: 636512K->64K(608256K)] 638616K->2176K(783360K), 0.0005205 secs] [Times: user=0.00 sys=0.00, real=0.00 secs] 
13.528: [GC (Allocation Failure) [PSYoungGen: 607808K->96K(581120K)] 609920K->2208K(756224K), 0.0005428 secs] [Times: user=0.00 sys=0.00, real=0.00 secs] 
13.941: [GC (Allocation Failure) [PSYoungGen: 580704K->64K(555520K)] 582816K->2176K(730624K), 0.0005023 secs] [Times: user=0.01 sys=0.00, real=0.00 secs] 
14.324: [GC (Allocation Failure) [PSYoungGen: 555072K->96K(530944K)] 557184K->2208K(706048K), 0.0005531 secs] [Times: user=0.01 sys=0.00, real=0.00 secs] 
14.695: [GC (Allocation Failure) [PSYoungGen: 530528K->64K(507392K)] 532640K->2176K(682496K), 0.0007852 secs] [Times: user=0.00 sys=0.00, real=0.00 secs] 
15.064: [GC (Allocation Failure) [PSYoungGen: 506944K->96K(485376K)] 509056K->2208K(660480K), 0.0005767 secs] [Times: user=0.00 sys=0.00, real=0.00 secs] 
15.405: [GC (Allocation Failure) [PSYoungGen: 484960K->64K(464384K)] 487072K->2176K(639488K), 0.0005207 secs] [Times: user=0.00 sys=0.00, real=0.00 secs] 
15.721: [GC (Allocation Failure) [PSYoungGen: 463936K->64K(444416K)] 466048K->2176K(619520K), 0.0005298 secs] [Times: user=0.00 sys=0.00, real=0.00 secs] 
16.029: [GC (Allocation Failure) [PSYoungGen: 443968K->64K(425472K)] 446080K->2176K(600576K), 0.0007552 secs] [Times: user=0.01 sys=0.00, real=0.00 secs] 
16.340: [GC (Allocation Failure) [PSYoungGen: 425024K->64K(407552K)] 427136K->2176K(582656K), 0.0005137 secs] [Times: user=0.01 sys=0.00, real=0.00 secs] 
16.638: [GC (Allocation Failure) [PSYoungGen: 407104K->64K(390144K)] 409216K->2176K(565248K), 0.0009282 secs] [Times: user=0.00 sys=0.00, real=0.01 secs] 
16.920: [GC (Allocation Failure) [PSYoungGen: 389696K->32K(373760K)] 391808K->2144K(548864K), 0.0005399 secs] [Times: user=0.00 sys=0.00, real=0.00 secs] 
17.185: [GC (Allocation Failure) [PSYoungGen: 373280K->96K(357888K)] 375392K->2208K(532992K), 0.0005250 secs] [Times: user=0.00 sys=0.00, real=0.00 secs] 
17.436: [GC (Allocation Failure) [PSYoungGen: 357472K->64K(343040K)] 359584K->2176K(518144K), 0.0005530 secs] [Times: user=0.00 sys=0.00, real=0.00 secs] 
17.680: [GC (Allocation Failure) [PSYoungGen: 342592K->64K(328704K)] 344704K->2176K(503808K), 0.0005281 secs] [Times: user=0.00 sys=0.00, real=0.00 secs] 
17.983: [GC (Allocation Failure) [PSYoungGen: 328256K->64K(315392K)] 330368K->2176K(490496K), 0.0005358 secs] [Times: user=0.00 sys=0.00, real=0.00 secs] 
18.205: [GC (Allocation Failure) [PSYoungGen: 314944K->96K(302592K)] 317056K->2208K(477696K), 0.0006381 secs] [Times: user=0.00 sys=0.00, real=0.00 secs] 
18.418: [GC (Allocation Failure) [PSYoungGen: 302176K->64K(290304K)] 304288K->2176K(465408K), 0.0005262 secs] [Times: user=0.00 sys=0.00, real=0.01 secs] 
18.620: [GC (Allocation Failure) [PSYoungGen: 289856K->96K(278528K)] 291968K->2208K(453632K), 0.0005124 secs] [Times: user=0.00 sys=0.00, real=0.00 secs] 
18.810: [GC (Allocation Failure) [PSYoungGen: 278112K->96K(267776K)] 280224K->2208K(442880K), 0.0005172 secs] [Times: user=0.00 sys=0.00, real=0.00 secs] 
19.008: [GC (Allocation Failure) [PSYoungGen: 267360K->32K(257536K)] 269472K->2144K(432640K), 0.0005073 secs] [Times: user=0.00 sys=0.00, real=0.00 secs] 
19.204: [GC (Allocation Failure) [PSYoungGen: 257056K->64K(247296K)] 259168K->2176K(422400K), 0.0010699 secs] [Times: user=0.00 sys=0.00, real=0.00 secs] 
19.379: [GC (Allocation Failure) [PSYoungGen: 246848K->96K(237568K)] 248960K->2208K(412672K), 0.0005099 secs] [Times: user=0.00 sys=0.01, real=0.00 secs] 
19.543: [GC (Allocation Failure) [PSYoungGen: 237152K->96K(228352K)] 239264K->2208K(403456K), 0.0005302 secs] [Times: user=0.00 sys=0.00, real=0.00 secs] 
19.701: [GC (Allocation Failure) [PSYoungGen: 227936K->64K(219648K)] 230048K->2176K(394752K), 0.0005808 secs] [Times: user=0.00 sys=0.00, real=0.00 secs] 
19.853: [GC (Allocation Failure) [PSYoungGen: 219200K->64K(211456K)] 221312K->2176K(386560K), 0.0005190 secs] [Times: user=0.00 sys=0.00, real=0.00 secs] 
20.014: [GC (Allocation Failure) [PSYoungGen: 211008K->64K(203776K)] 213120K->2176K(378880K), 0.0009682 secs] [Times: user=0.01 sys=0.00, real=0.00 secs] 
20.155: [GC (Allocation Failure) [PSYoungGen: 203328K->96K(196096K)] 205440K->2208K(371200K), 0.0006112 secs] [Times: user=0.00 sys=0.00, real=0.00 secs] 
20.290: [GC (Allocation Failure) [PSYoungGen: 195680K->96K(188928K)] 197792K->2208K(364032K), 0.0005985 secs] [Times: user=0.00 sys=0.00, real=0.00 secs] 
20.419: [GC (Allocation Failure) [PSYoungGen: 188512K->96K(182272K)] 190624K->2232K(357376K), 0.0005378 secs] [Times: user=0.00 sys=0.00, real=0.00 secs] 
20.543: [GC (Allocation Failure) [PSYoungGen: 181856K->96K(175616K)] 183992K->2232K(350720K), 0.0005160 secs] [Times: user=0.01 sys=0.00, real=0.00 secs] 
20.662: [GC (Allocation Failure) [PSYoungGen: 175200K->96K(169472K)] 177336K->2232K(344576K), 0.0005165 secs] [Times: user=0.01 sys=0.00, real=0.00 secs] 
20.777: [GC (Allocation Failure) [PSYoungGen: 169056K->96K(163840K)] 171192K->2232K(338944K), 0.0005128 secs] [Times: user=0.00 sys=0.00, real=0.00 secs] 
20.892: [GC (Allocation Failure) [PSYoungGen: 163424K->64K(158208K)] 165560K->2200K(333312K), 0.0005088 secs] [Times: user=0.00 sys=0.00, real=0.00 secs] 
21.007: [GC (Allocation Failure) [PSYoungGen: 157760K->96K(153088K)] 159896K->2232K(328192K), 0.0005101 secs] [Times: user=0.00 sys=0.00, real=0.00 secs] 
21.117: [GC (Allocation Failure) [PSYoungGen: 152672K->96K(147968K)] 154808K->2232K(323072K), 0.0005655 secs] [Times: user=0.00 sys=0.00, real=0.00 secs] 
21.221: [GC (Allocation Failure) [PSYoungGen: 147552K->96K(143360K)] 149688K->2232K(318464K), 0.0007141 secs] [Times: user=0.00 sys=0.00, real=0.00 secs] 
21.321: [GC (Allocation Failure) [PSYoungGen: 142944K->64K(138752K)] 145080K->2200K(313856K), 0.0007270 secs] [Times: user=0.00 sys=0.00, real=0.00 secs] 
21.419: [GC (Allocation Failure) [PSYoungGen: 138304K->64K(134144K)] 140440K->2200K(309248K), 0.0005795 secs] [Times: user=0.00 sys=0.00, real=0.00 secs] 
21.515: [GC (Allocation Failure) [PSYoungGen: 133696K->64K(130048K)] 135832K->2200K(305152K), 0.0005182 secs] [Times: user=0.00 sys=0.00, real=0.00 secs] 
21.606: [GC (Allocation Failure) [PSYoungGen: 129600K->64K(125952K)] 131736K->2200K(301056K), 0.0005133 secs] [Times: user=0.00 sys=0.00, real=0.00 secs] 
21.692: [GC (Allocation Failure) [PSYoungGen: 125504K->0K(121856K)] 127640K->2136K(296960K), 0.0005307 secs] [Times: user=0.00 sys=0.00, real=0.00 secs] 
21.774: [GC (Allocation Failure) [PSYoungGen: 121344K->64K(118272K)] 123480K->2200K(293376K), 0.0005150 secs] [Times: user=0.00 sys=0.00, real=0.00 secs] 
21.855: [GC (Allocation Failure) [PSYoungGen: 117824K->64K(114688K)] 119960K->2200K(289792K), 0.0005197 secs] [Times: user=0.00 sys=0.00, real=0.00 secs] 
21.934: [GC (Allocation Failure) [PSYoungGen: 114240K->96K(111104K)] 116376K->2232K(286208K), 0.0005264 secs] [Times: user=0.00 sys=0.00, real=0.00 secs] 
22.010: [GC (Allocation Failure) [PSYoungGen: 110688K->96K(108032K)] 112824K->2232K(283136K), 0.0005380 secs] [Times: user=0.00 sys=0.00, real=0.00 secs] 
22.085: [GC (Allocation Failure) [PSYoungGen: 107616K->0K(104960K)] 109752K->2136K(280064K), 0.0005581 secs] [Times: user=0.00 sys=0.00, real=0.00 secs] 
22.160: [GC (Allocation Failure) [PSYoungGen: 104448K->64K(101888K)] 106584K->2200K(276992K), 0.0013344 secs] [Times: user=0.00 sys=0.00, real=0.00 secs] 
22.239: [GC (Allocation Failure) [PSYoungGen: 101440K->32K(98816K)] 103576K->2168K(273920K), 0.0016975 secs] [Times: user=0.00 sys=0.00, real=0.00 secs] 
22.313: [GC (Allocation Failure) [PSYoungGen: 98336K->64K(96256K)] 100472K->2200K(271360K), 0.0005372 secs] [Times: user=0.00 sys=0.00, real=0.00 secs] 
22.381: [GC (Allocation Failure) [PSYoungGen: 95808K->96K(93696K)] 97944K->2232K(268800K), 0.0005177 secs] [Times: user=0.00 sys=0.00, real=0.00 secs] 
22.445: [GC (Allocation Failure) [PSYoungGen: 93280K->64K(91136K)] 95416K->2200K(266240K), 0.0005175 secs] [Times: user=0.00 sys=0.00, real=0.00 secs] 
22.510: [GC (Allocation Failure) [PSYoungGen: 90688K->64K(88576K)] 92824K->2200K(263680K), 0.0006251 secs] [Times: user=0.01 sys=0.00, real=0.00 secs] 
22.573: [GC (Allocation Failure) [PSYoungGen: 88128K->64K(804352K)] 90264K->2200K(979456K), 0.0005473 secs] [Times: user=0.00 sys=0.00, real=0.00 secs] 
23.159: [GC (Allocation Failure) [PSYoungGen: 803904K->32K(767488K)] 806040K->2168K(942592K), 0.0005719 secs] [Times: user=0.00 sys=0.00, real=0.00 secs] 
23.695: [GC (Allocation Failure) [PSYoungGen: 767008K->96K(732160K)] 769144K->2232K(907264K), 0.0005464 secs] [Times: user=0.01 sys=0.00, real=0.00 secs] 
24.208: [GC (Allocation Failure) [PSYoungGen: 731744K->96K(698880K)] 733880K->2232K(873984K), 0.0005321 secs] [Times: user=0.00 sys=0.00, real=0.00 secs] 
24.713: [GC (Allocation Failure) [PSYoungGen: 698464K->64K(667136K)] 700600K->2200K(842240K), 0.0007011 secs] [Times: user=0.00 sys=0.00, real=0.00 secs] 
25.203: [GC (Allocation Failure) [PSYoungGen: 666688K->64K(636928K)] 668824K->2200K(812032K), 0.0005207 secs] [Times: user=0.00 sys=0.00, real=0.00 secs] 
25.652: [GC (Allocation Failure) [PSYoungGen: 636480K->96K(608256K)] 638616K->2232K(783360K), 0.0005092 secs] [Times: user=0.00 sys=0.00, real=0.00 secs] 
26.070: [GC (Allocation Failure) [PSYoungGen: 607840K->64K(581120K)] 609976K->2200K(756224K), 0.0005275 secs] [Times: user=0.00 sys=0.00, real=0.00 secs] 
26.479: [GC (Allocation Failure) [PSYoungGen: 580672K->64K(555520K)] 582808K->2200K(730624K), 0.0005545 secs] [Times: user=0.00 sys=0.00, real=0.00 secs] 
26.867: [GC (Allocation Failure) [PSYoungGen: 555072K->96K(530944K)] 557208K->2232K(706048K), 0.0005214 secs] [Times: user=0.00 sys=0.01, real=0.00 secs] 
27.331: [GC (Allocation Failure) [PSYoungGen: 530528K->96K(507392K)] 532664K->2232K(682496K), 0.0005363 secs] [Times: user=0.00 sys=0.00, real=0.00 secs] 
28.094: [GC (Allocation Failure) [PSYoungGen: 506976K->96K(485376K)] 509112K->2232K(660480K), 0.0007349 secs] [Times: user=0.00 sys=0.00, real=0.00 secs] 
28.530: [GC (Allocation Failure) [PSYoungGen: 484960K->96K(464384K)] 487096K->2232K(639488K), 0.0005922 secs] [Times: user=0.00 sys=0.00, real=0.00 secs] 
28.912: [GC (Allocation Failure) [PSYoungGen: 463968K->32K(444416K)] 466104K->2176K(619520K), 0.0006742 secs] [Times: user=0.00 sys=0.00, real=0.00 secs] 
29.286: [GC (Allocation Failure) [PSYoungGen: 443936K->64K(425472K)] 446080K->2208K(600576K), 0.0009002 secs] [Times: user=0.00 sys=0.00, real=0.00 secs] 
29.639: [GC (Allocation Failure) [PSYoungGen: 425024K->96K(407552K)] 427168K->2240K(582656K), 0.0005672 secs] [Times: user=0.00 sys=0.00, real=0.00 secs] 
29.956: [GC (Allocation Failure) [PSYoungGen: 407136K->64K(390144K)] 409280K->2208K(565248K), 0.0011528 secs] [Times: user=0.00 sys=0.01, real=0.00 secs] 
30.244: [GC (Allocation Failure) [PSYoungGen: 389696K->64K(373760K)] 391840K->2208K(548864K), 0.0005742 secs] [Times: user=0.00 sys=0.00, real=0.00 secs] 
30.532: [GC (Allocation Failure) [PSYoungGen: 373312K->96K(357888K)] 375456K->2240K(532992K), 0.0005745 secs] [Times: user=0.00 sys=0.00, real=0.00 secs] 
30.787: [GC (Allocation Failure) [PSYoungGen: 357472K->96K(343040K)] 359616K->2264K(518144K), 0.0005298 secs] [Times: user=0.00 sys=0.00, real=0.00 secs] 
31.029: [GC (Allocation Failure) [PSYoungGen: 342624K->96K(328704K)] 344792K->2264K(503808K), 0.0005308 secs] [Times: user=0.00 sys=0.00, real=0.00 secs] 
31.277: [GC (Allocation Failure) [PSYoungGen: 328288K->96K(315392K)] 330456K->2264K(490496K), 0.0005683 secs] [Times: user=0.00 sys=0.00, real=0.00 secs] 
31.493: [GC (Allocation Failure) [PSYoungGen: 314976K->64K(302592K)] 317144K->2232K(477696K), 0.0005546 secs] [Times: user=0.00 sys=0.00, real=0.00 secs] 
31.708: [GC (Allocation Failure) [PSYoungGen: 302144K->96K(290304K)] 304312K->2264K(465408K), 0.0005558 secs] [Times: user=0.01 sys=0.00, real=0.01 secs] 
31.913: [GC (Allocation Failure) [PSYoungGen: 289888K->96K(278528K)] 292056K->2264K(453632K), 0.0005168 secs] [Times: user=0.00 sys=0.00, real=0.00 secs] 
32.160: [GC (Allocation Failure) [PSYoungGen: 278112K->64K(267776K)] 280280K->2232K(442880K), 0.0011182 secs] [Times: user=0.00 sys=0.00, real=0.00 secs] 
32.395: [GC (Allocation Failure) [PSYoungGen: 267328K->32K(321536K)] 269496K->2200K(496640K), 0.0159427 secs] [Times: user=0.00 sys=0.00, real=0.02 secs] 
32.721: [GC (Allocation Failure) [PSYoungGen: 321056K->96K(386048K)] 323224K->2264K(561152K), 0.0005493 secs] [Times: user=0.00 sys=0.00, real=0.00 secs] 
33.061: [GC (Allocation Failure) [PSYoungGen: 385632K->32K(463360K)] 387800K->2200K(638464K), 0.0012988 secs] [Times: user=0.01 sys=0.00, real=0.00 secs] 
33.489: [GC (Allocation Failure) [PSYoungGen: 462880K->96K(443392K)] 465048K->2264K(618496K), 0.0024353 secs] [Times: user=0.01 sys=0.00, real=0.00 secs] 
33.851: [GC (Allocation Failure) [PSYoungGen: 442976K->96K(424448K)] 445144K->2264K(599552K), 0.0005630 secs] [Times: user=0.00 sys=0.00, real=0.00 secs] 
34.177: [GC (Allocation Failure) [PSYoungGen: 424032K->64K(406528K)] 426200K->2232K(581632K), 0.0006341 secs] [Times: user=0.00 sys=0.00, real=0.00 secs] 
34.497: [GC (Allocation Failure) [PSYoungGen: 406080K->32K(389120K)] 408248K->2200K(564224K), 0.0008985 secs] [Times: user=0.00 sys=0.00, real=0.01 secs] 
34.845: [GC (Allocation Failure) [PSYoungGen: 388640K->96K(372736K)] 390808K->2264K(547840K), 0.0005562 secs] [Times: user=0.00 sys=0.00, real=0.00 secs] 
35.123: [GC (Allocation Failure) [PSYoungGen: 372320K->0K(357376K)] 374488K->2168K(532480K), 0.0005190 secs] [Times: user=0.00 sys=0.00, real=0.00 secs] 
35.383: [GC (Allocation Failure) [PSYoungGen: 356864K->96K(342528K)] 359032K->2264K(517632K), 0.0005144 secs] [Times: user=0.00 sys=0.00, real=0.00 secs] 
35.654: [GC (Allocation Failure) [PSYoungGen: 342112K->96K(328192K)] 344280K->2264K(503296K), 0.0005281 secs] [Times: user=0.00 sys=0.00, real=0.00 secs] 
35.884: [GC (Allocation Failure) [PSYoungGen: 327776K->96K(314880K)] 329944K->2264K(489984K), 0.0005131 secs] [Times: user=0.00 sys=0.00, real=0.00 secs] 
36.113: [GC (Allocation Failure) [PSYoungGen: 314464K->96K(302080K)] 316632K->2264K(477184K), 0.0005534 secs] [Times: user=0.00 sys=0.00, real=0.00 secs] 
36.327: [GC (Allocation Failure) [PSYoungGen: 301664K->96K(289792K)] 303832K->2264K(464896K), 0.0005139 secs] [Times: user=0.00 sys=0.00, real=0.00 secs] 
36.534: [GC (Allocation Failure) [PSYoungGen: 289376K->96K(278016K)] 291544K->2264K(453120K), 0.0005411 secs] [Times: user=0.00 sys=0.00, real=0.00 secs] 
36.729: [GC (Allocation Failure) [PSYoungGen: 277600K->64K(267264K)] 279768K->2232K(442368K), 0.0005092 secs] [Times: user=0.00 sys=0.00, real=0.00 secs] 
36.910: [GC (Allocation Failure) [PSYoungGen: 266816K->32K(257024K)] 268984K->2200K(432128K), 0.0006119 secs] [Times: user=0.00 sys=0.00, real=0.00 secs] 
37.086: [GC (Allocation Failure) [PSYoungGen: 256544K->96K(247296K)] 258712K->2264K(422400K), 0.0005158 secs] [Times: user=0.00 sys=0.00, real=0.00 secs] 
37.260: [GC (Allocation Failure) [PSYoungGen: 246880K->96K(237568K)] 249048K->2264K(412672K), 0.0005716 secs] [Times: user=0.00 sys=0.00, real=0.00 secs] 
37.429: [GC (Allocation Failure) [PSYoungGen: 237152K->64K(228352K)] 239320K->2232K(403456K), 0.0005166 secs] [Times: user=0.00 sys=0.00, real=0.00 secs] 
37.592: [GC (Allocation Failure) [PSYoungGen: 227904K->64K(219648K)] 230072K->2232K(394752K), 0.0005465 secs] [Times: user=0.00 sys=0.00, real=0.00 secs] 
37.744: [GC (Allocation Failure) [PSYoungGen: 219200K->128K(211456K)] 221368K->2296K(386560K), 0.0005643 secs] [Times: user=0.00 sys=0.00, real=0.00 secs] 
37.887: [GC (Allocation Failure) [PSYoungGen: 211072K->64K(203776K)] 213240K->2232K(378880K), 0.0005711 secs] [Times: user=0.00 sys=0.00, real=0.00 secs] 
38.024: [GC (Allocation Failure) [PSYoungGen: 203328K->64K(196096K)] 205496K->2232K(371200K), 0.0005830 secs] [Times: user=0.00 sys=0.00, real=0.00 secs] 
38.157: [GC (Allocation Failure) [PSYoungGen: 195648K->96K(188928K)] 197816K->2264K(364032K), 0.0005989 secs] [Times: user=0.00 sys=0.00, real=0.00 secs] 
38.289: [GC (Allocation Failure) [PSYoungGen: 188512K->96K(182272K)] 190680K->2264K(357376K), 0.0004946 secs] [Times: user=0.00 sys=0.00, real=0.00 secs] 
38.413: [GC (Allocation Failure) [PSYoungGen: 181856K->64K(175616K)] 184024K->2232K(350720K), 0.0005535 secs] [Times: user=0.00 sys=0.00, real=0.00 secs] 
38.530: [GC (Allocation Failure) [PSYoungGen: 175168K->96K(169472K)] 177336K->2264K(344576K), 0.0005383 secs] [Times: user=0.00 sys=0.00, real=0.00 secs] 
38.644: [GC (Allocation Failure) [PSYoungGen: 169056K->64K(163840K)] 171224K->2232K(338944K), 0.0005174 secs] [Times: user=0.01 sys=0.00, real=0.00 secs] 
38.756: [GC (Allocation Failure) [PSYoungGen: 163392K->64K(158208K)] 165560K->2232K(333312K), 0.0008435 secs] [Times: user=0.00 sys=0.00, real=0.00 secs] 
38.864: [GC (Allocation Failure) [PSYoungGen: 157760K->0K(153088K)] 159928K->2168K(328192K), 0.0005148 secs] [Times: user=0.00 sys=0.00, real=0.00 secs] 
38.966: [GC (Allocation Failure) [PSYoungGen: 152576K->64K(147968K)] 154744K->2232K(323072K), 0.0005150 secs] [Times: user=0.00 sys=0.00, real=0.00 secs] 
39.065: [GC (Allocation Failure) [PSYoungGen: 147520K->96K(143360K)] 149688K->2264K(318464K), 0.0004986 secs] [Times: user=0.01 sys=0.00, real=0.00 secs] 
39.162: [GC (Allocation Failure) [PSYoungGen: 142944K->64K(138752K)] 145112K->2232K(313856K), 0.0005464 secs] [Times: user=0.00 sys=0.00, real=0.00 secs] 
39.258: [GC (Allocation Failure) [PSYoungGen: 138304K->64K(134144K)] 140472K->2232K(309248K), 0.0005034 secs] [Times: user=0.00 sys=0.00, real=0.00 secs] 
39.348: [GC (Allocation Failure) [PSYoungGen: 133696K->96K(130048K)] 135864K->2264K(305152K), 0.0005182 secs] [Times: user=0.00 sys=0.00, real=0.00 secs] 
39.434: [GC (Allocation Failure) [PSYoungGen: 129632K->32K(125952K)] 131800K->2200K(301056K), 0.0004975 secs] [Times: user=0.00 sys=0.00, real=0.00 secs] 
39.518: [GC (Allocation Failure) [PSYoungGen: 125472K->32K(121856K)] 127640K->2200K(296960K), 0.0010325 secs] [Times: user=0.00 sys=0.00, real=0.01 secs] 
39.600: [GC (Allocation Failure) [PSYoungGen: 121376K->64K(118272K)] 123544K->2232K(293376K), 0.0006803 secs] [Times: user=0.00 sys=0.00, real=0.00 secs] 
39.680: [GC (Allocation Failure) [PSYoungGen: 117824K->64K(114688K)] 119992K->2232K(289792K), 0.0005011 secs] [Times: user=0.00 sys=0.00, real=0.00 secs] 
39.759: [GC (Allocation Failure) [PSYoungGen: 114240K->64K(111104K)] 116408K->2232K(286208K), 0.0005669 secs] [Times: user=0.00 sys=0.00, real=0.00 secs] 
39.837: [GC (Allocation Failure) [PSYoungGen: 110656K->32K(108032K)] 112824K->2200K(283136K), 0.0005293 secs] [Times: user=0.00 sys=0.00, real=0.00 secs] 
39.912: [GC (Allocation Failure) [PSYoungGen: 107552K->96K(104960K)] 109720K->2264K(280064K), 0.0005116 secs] [Times: user=0.00 sys=0.00, real=0.00 secs] 
39.985: [GC (Allocation Failure) [PSYoungGen: 104544K->64K(101888K)] 106712K->2232K(276992K), 0.0004989 secs] [Times: user=0.01 sys=0.00, real=0.00 secs] 
40.057: [GC (Allocation Failure) [PSYoungGen: 101440K->96K(98816K)] 103608K->2264K(273920K), 0.0005076 secs] [Times: user=0.01 sys=0.00, real=0.00 secs] 
40.128: [GC (Allocation Failure) [PSYoungGen: 98400K->96K(96256K)] 100568K->2264K(271360K), 0.0005211 secs] [Times: user=0.00 sys=0.00, real=0.01 secs] 
40.195: [GC (Allocation Failure) [PSYoungGen: 95840K->96K(93696K)] 98008K->2264K(268800K), 0.0005047 secs] [Times: user=0.00 sys=0.00, real=0.00 secs] 
40.263: [GC (Allocation Failure) [PSYoungGen: 93280K->96K(91136K)] 95448K->2264K(266240K), 0.0005638 secs] [Times: user=0.00 sys=0.00, real=0.00 secs] 
40.327: [GC (Allocation Failure) [PSYoungGen: 90720K->96K(88576K)] 92888K->2288K(263680K), 0.0005937 secs] [Times: user=0.01 sys=0.00, real=0.00 secs] 
40.392: [GC (Allocation Failure) [PSYoungGen: 88160K->64K(804352K)] 90352K->2256K(979456K), 0.0010926 secs] [Times: user=0.00 sys=0.00, real=0.00 secs] 
41.183: [GC (Allocation Failure) [PSYoungGen: 803904K->96K(767488K)] 806096K->2288K(942592K), 0.0005640 secs] [Times: user=0.00 sys=0.00, real=0.00 secs] 
41.774: [GC (Allocation Failure) [PSYoungGen: 767072K->64K(732160K)] 769264K->2256K(907264K), 0.0005638 secs] [Times: user=0.00 sys=0.00, real=0.00 secs] 
42.520: [GC (Allocation Failure) [PSYoungGen: 731712K->64K(698880K)] 733904K->2256K(873984K), 0.0005899 secs] [Times: user=0.00 sys=0.00, real=0.00 secs] 
43.058: [GC (Allocation Failure) [PSYoungGen: 698432K->96K(667136K)] 700624K->2288K(842240K), 0.0010671 secs] [Times: user=0.00 sys=0.00, real=0.01 secs] 
43.586: [GC (Allocation Failure) [PSYoungGen: 666720K->96K(636928K)] 668912K->2288K(812032K), 0.0005438 secs] [Times: user=0.00 sys=0.00, real=0.00 secs] 
44.125: [GC (Allocation Failure) [PSYoungGen: 636512K->96K(608256K)] 638704K->2288K(783360K), 0.0005322 secs] [Times: user=0.00 sys=0.00, real=0.00 secs] 
44.616: [GC (Allocation Failure) [PSYoungGen: 607840K->96K(581120K)] 610032K->2288K(756224K), 0.0005388 secs] [Times: user=0.00 sys=0.00, real=0.00 secs] 
45.025: [GC (Allocation Failure) [PSYoungGen: 580704K->96K(555520K)] 582896K->2288K(730624K), 0.0005387 secs] [Times: user=0.00 sys=0.00, real=0.00 secs] 
45.521: [GC (Allocation Failure) [PSYoungGen: 555104K->64K(530944K)] 557296K->2264K(706048K), 0.0005227 secs] [Times: user=0.01 sys=0.00, real=0.00 secs] 
45.894: [GC (Allocation Failure) [PSYoungGen: 530496K->64K(507392K)] 532696K->2264K(682496K), 0.0005671 secs] [Times: user=0.00 sys=0.00, real=0.00 secs] 
46.279: [GC (Allocation Failure) [PSYoungGen: 506944K->64K(485376K)] 509144K->2264K(660480K), 0.0010876 secs] [Times: user=0.00 sys=0.00, real=0.00 secs] 
46.676: [GC (Allocation Failure) [PSYoungGen: 484928K->32K(464384K)] 487128K->2232K(639488K), 0.0005407 secs] [Times: user=0.01 sys=0.00, real=0.00 secs] 
47.010: [GC (Allocation Failure) [PSYoungGen: 463904K->64K(444416K)] 466104K->2264K(619520K), 0.0005404 secs] [Times: user=0.00 sys=0.00, real=0.00 secs] 
47.360: [GC (Allocation Failure) [PSYoungGen: 443968K->64K(425472K)] 446168K->2264K(600576K), 0.0015781 secs] [Times: user=0.00 sys=0.00, real=0.00 secs] 
47.690: [GC (Allocation Failure) [PSYoungGen: 425024K->0K(407552K)] 427224K->2200K(582656K), 0.0005744 secs] [Times: user=0.00 sys=0.00, real=0.00 secs] 
47.982: [GC (Allocation Failure) [PSYoungGen: 407040K->96K(390144K)] 409240K->2296K(565248K), 0.0005436 secs] [Times: user=0.00 sys=0.00, real=0.00 secs] 
48.254: [GC (Allocation Failure) [PSYoungGen: 389728K->64K(373760K)] 391928K->2264K(548864K), 0.0005543 secs] [Times: user=0.00 sys=0.00, real=0.00 secs] 
48.552: [GC (Allocation Failure) [PSYoungGen: 373312K->96K(357888K)] 375512K->2296K(532992K), 0.0005893 secs] [Times: user=0.00 sys=0.00, real=0.00 secs] 
48.814: [GC (Allocation Failure) [PSYoungGen: 357472K->96K(343040K)] 359672K->2296K(518144K), 0.0005334 secs] [Times: user=0.00 sys=0.00, real=0.00 secs] 
49.055: [GC (Allocation Failure) [PSYoungGen: 342624K->96K(328704K)] 344824K->2296K(503808K), 0.0005218 secs] [Times: user=0.00 sys=0.00, real=0.00 secs] 
49.283: [GC (Allocation Failure) [PSYoungGen: 328288K->64K(315392K)] 330488K->2264K(490496K), 0.0005699 secs] [Times: user=0.00 sys=0.00, real=0.00 secs] 
49.505: [GC (Allocation Failure) [PSYoungGen: 314944K->96K(302592K)] 317144K->2296K(477696K), 0.0005504 secs] [Times: user=0.00 sys=0.00, real=0.00 secs] 
49.716: [GC (Allocation Failure) [PSYoungGen: 302176K->64K(290304K)] 304376K->2264K(465408K), 0.0005230 secs] [Times: user=0.00 sys=0.00, real=0.00 secs] 
49.912: [GC (Allocation Failure) [PSYoungGen: 289856K->64K(278528K)] 292056K->2264K(453632K), 0.0005150 secs] [Times: user=0.00 sys=0.00, real=0.00 secs] 
50.101: [GC (Allocation Failure) [PSYoungGen: 278080K->96K(267776K)] 280280K->2296K(442880K), 0.0005489 secs] [Times: user=0.00 sys=0.00, real=0.00 secs] 
50.302: [GC (Allocation Failure) [PSYoungGen: 267360K->96K(257536K)] 269560K->2296K(432640K), 0.0005847 secs] [Times: user=0.00 sys=0.00, real=0.00 secs] 
50.509: [GC (Allocation Failure) [PSYoungGen: 257120K->64K(247296K)] 259320K->2288K(422400K), 0.0011064 secs] [Times: user=0.00 sys=0.00, real=0.00 secs] 
50.729: [GC (Allocation Failure) [PSYoungGen: 246848K->64K(237568K)] 249072K->2288K(412672K), 0.0007750 secs] [Times: user=0.00 sys=0.00, real=0.00 secs] 
50.896: [GC (Allocation Failure) [PSYoungGen: 237120K->96K(228352K)] 239344K->2320K(403456K), 0.0005338 secs] [Times: user=0.01 sys=0.00, real=0.00 secs] 
51.058: [GC (Allocation Failure) [PSYoungGen: 227936K->96K(219648K)] 230160K->2320K(394752K), 0.0005462 secs] [Times: user=0.00 sys=0.00, real=0.00 secs] 
51.216: [GC (Allocation Failure) [PSYoungGen: 219232K->64K(211456K)] 221456K->2288K(386560K), 0.0005748 secs] [Times: user=0.00 sys=0.01, real=0.00 secs] 
51.369: [GC (Allocation Failure) [PSYoungGen: 211008K->64K(203776K)] 213232K->2288K(378880K), 0.0005704 secs] [Times: user=0.00 sys=0.00, real=0.00 secs] 
51.526: [GC (Allocation Failure) [PSYoungGen: 203328K->64K(196096K)] 205552K->2288K(371200K), 0.0005779 secs] [Times: user=0.01 sys=0.00, real=0.00 secs] 
51.691: [GC (Allocation Failure) [PSYoungGen: 195648K->64K(188928K)] 197872K->2288K(364032K), 0.0005687 secs] [Times: user=0.00 sys=0.00, real=0.00 secs] 
51.831: [GC (Allocation Failure) [PSYoungGen: 188480K->96K(182272K)] 190704K->2320K(357376K), 0.0005521 secs] [Times: user=0.00 sys=0.00, real=0.00 secs] 
51.962: [GC (Allocation Failure) [PSYoungGen: 181856K->96K(175616K)] 184080K->2320K(350720K), 0.0006032 secs] [Times: user=0.00 sys=0.00, real=0.00 secs] 
52.095: [GC (Allocation Failure) [PSYoungGen: 175200K->96K(169472K)] 177424K->2320K(344576K), 0.0005784 secs] [Times: user=0.00 sys=0.00, real=0.00 secs] 
52.244: [GC (Allocation Failure) [PSYoungGen: 169056K->64K(163840K)] 171280K->2288K(338944K), 0.0011739 secs] [Times: user=0.01 sys=0.00, real=0.00 secs] 
52.367: [GC (Allocation Failure) [PSYoungGen: 163392K->32K(158208K)] 165616K->2256K(333312K), 0.0005279 secs] [Times: user=0.00 sys=0.00, real=0.00 secs] 
52.484: [GC (Allocation Failure) [PSYoungGen: 157728K->96K(153088K)] 159952K->2320K(328192K), 0.0006134 secs] [Times: user=0.00 sys=0.00, real=0.00 secs] 
52.597: [GC (Allocation Failure) [PSYoungGen: 152672K->64K(147968K)] 154896K->2288K(323072K), 0.0005393 secs] [Times: user=0.00 sys=0.00, real=0.00 secs] 
52.704: [GC (Allocation Failure) [PSYoungGen: 147520K->32K(143360K)] 149744K->2256K(318464K), 0.0007955 secs] [Times: user=0.00 sys=0.00, real=0.00 secs] 
52.817: [GC (Allocation Failure) [PSYoungGen: 142880K->96K(138752K)] 145104K->2320K(313856K), 0.0007496 secs] [Times: user=0.00 sys=0.00, real=0.01 secs] 
52.926: [GC (Allocation Failure) [PSYoungGen: 138336K->96K(134144K)] 140560K->2320K(309248K), 0.0006063 secs] [Times: user=0.00 sys=0.00, real=0.00 secs] 
53.044: [GC (Allocation Failure) [PSYoungGen: 133728K->64K(130048K)] 135952K->2288K(305152K), 0.0012840 secs] [Times: user=0.00 sys=0.00, real=0.00 secs] 
53.145: [GC (Allocation Failure) [PSYoungGen: 129600K->64K(125952K)] 131824K->2288K(301056K), 0.0011225 secs] [Times: user=0.00 sys=0.00, real=0.00 secs] 
53.236: [GC (Allocation Failure) [PSYoungGen: 125504K->96K(121856K)] 127728K->2320K(296960K), 0.0005524 secs] [Times: user=0.00 sys=0.00, real=0.00 secs] 
53.323: [GC (Allocation Failure) [PSYoungGen: 121440K->64K(118272K)] 123664K->2288K(293376K), 0.0005450 secs] [Times: user=0.00 sys=0.00, real=0.00 secs] 
53.426: [GC (Allocation Failure) [PSYoungGen: 117824K->64K(114688K)] 120048K->2288K(289792K), 0.0005696 secs] [Times: user=0.00 sys=0.00, real=0.00 secs] 
53.534: [GC (Allocation Failure) [PSYoungGen: 114240K->64K(111104K)] 116464K->2288K(286208K), 0.0011497 secs] [Times: user=0.01 sys=0.00, real=0.00 secs] 
53.618: [GC (Allocation Failure) [PSYoungGen: 110656K->96K(108032K)] 112880K->2320K(283136K), 0.0005712 secs] [Times: user=0.00 sys=0.00, real=0.00 secs] 
53.698: [GC (Allocation Failure) [PSYoungGen: 107616K->0K(104960K)] 109840K->2224K(280064K), 0.0005465 secs] [Times: user=0.00 sys=0.00, real=0.00 secs] 
53.777: [GC (Allocation Failure) [PSYoungGen: 104448K->96K(101888K)] 106672K->2320K(276992K), 0.0005640 secs] [Times: user=0.00 sys=0.00, real=0.00 secs] 
53.852: [GC (Allocation Failure) [PSYoungGen: 101472K->64K(98816K)] 103696K->2288K(273920K), 0.0006068 secs] [Times: user=0.00 sys=0.00, real=0.00 secs] 
53.927: [GC (Allocation Failure) [PSYoungGen: 98368K->96K(96256K)] 100592K->2320K(271360K), 0.0005604 secs] [Times: user=0.00 sys=0.00, real=0.01 secs] 
54.006: [GC (Allocation Failure) [PSYoungGen: 95840K->96K(93696K)] 98064K->2320K(268800K), 0.0005621 secs] [Times: user=0.00 sys=0.00, real=0.00 secs] 
54.082: [GC (Allocation Failure) [PSYoungGen: 93280K->96K(91136K)] 95504K->2320K(266240K), 0.0005632 secs] [Times: user=0.00 sys=0.00, real=0.00 secs] 
54.150: [GC (Allocation Failure) [PSYoungGen: 90720K->96K(88576K)] 92944K->2320K(263680K), 0.0005597 secs] [Times: user=0.00 sys=0.00, real=0.00 secs] 
54.219: [GC (Allocation Failure) [PSYoungGen: 88160K->64K(804352K)] 90384K->2288K(979456K), 0.0008717 secs] [Times: user=0.00 sys=0.00, real=0.00 secs] 
54.933: [GC (Allocation Failure) [PSYoungGen: 803904K->32K(767488K)] 806128K->2256K(942592K), 0.0005919 secs] [Times: user=0.00 sys=0.00, real=0.00 secs] 
55.542: [GC (Allocation Failure) [PSYoungGen: 767008K->64K(732160K)] 769232K->2288K(907264K), 0.0017646 secs] [Times: user=0.00 sys=0.00, real=0.00 secs] 
56.183: [GC (Allocation Failure) [PSYoungGen: 731712K->96K(698880K)] 733936K->2320K(873984K), 0.0006414 secs] [Times: user=0.00 sys=0.00, real=0.00 secs] 
56.781: [GC (Allocation Failure) [PSYoungGen: 698464K->96K(667136K)] 700688K->2320K(842240K), 0.0005760 secs] [Times: user=0.01 sys=0.00, real=0.00 secs] 
57.647: [GC (Allocation Failure) [PSYoungGen: 666720K->96K(636928K)] 668944K->2320K(812032K), 0.0010445 secs] [Times: user=0.01 sys=0.00, real=0.01 secs] 
58.469: [GC (Allocation Failure) [PSYoungGen: 636512K->96K(608256K)] 638736K->2320K(783360K), 0.0006738 secs] [Times: user=0.00 sys=0.00, real=0.00 secs] 
58.981: [GC (Allocation Failure) [PSYoungGen: 607840K->96K(581120K)] 610064K->2320K(756224K), 0.0005603 secs] [Times: user=0.00 sys=0.00, real=0.00 secs] 
59.554: [GC (Allocation Failure) [PSYoungGen: 580704K->96K(555520K)] 582928K->2320K(730624K), 0.0005448 secs] [Times: user=0.00 sys=0.00, real=0.00 secs] 
60.028: [GC (Allocation Failure) [PSYoungGen: 555104K->96K(530944K)] 557328K->2320K(706048K), 0.0005543 secs] [Times: user=0.00 sys=0.00, real=0.00 secs] 
60.442: [GC (Allocation Failure) [PSYoungGen: 530528K->160K(507392K)] 532752K->2384K(682496K), 0.0005955 secs] [Times: user=0.00 sys=0.00, real=0.00 secs] 
60.810: [GC (Allocation Failure) [PSYoungGen: 507040K->0K(485376K)] 509264K->2256K(660480K), 0.0005665 secs] [Times: user=0.00 sys=0.00, real=0.00 secs] 
61.159: [GC (Allocation Failure) [PSYoungGen: 484864K->96K(464384K)] 487120K->2352K(639488K), 0.0005356 secs] [Times: user=0.00 sys=0.00, real=0.00 secs] 
61.500: [GC (Allocation Failure) [PSYoungGen: 463968K->96K(444416K)] 466224K->2352K(619520K), 0.0005610 secs] [Times: user=0.00 sys=0.01, real=0.00 secs] 
61.893: [GC (Allocation Failure) [PSYoungGen: 444000K->96K(425472K)] 446256K->2352K(600576K), 0.0005027 secs] [Times: user=0.01 sys=0.00, real=0.00 secs] 
62.185: [GC (Allocation Failure) [PSYoungGen: 425056K->96K(407552K)] 427312K->2352K(582656K), 0.0005307 secs] [Times: user=0.00 sys=0.00, real=0.00 secs] 
62.529: [GC (Allocation Failure) [PSYoungGen: 407136K->96K(390144K)] 409392K->2352K(565248K), 0.0005324 secs] [Times: user=0.00 sys=0.00, real=0.00 secs] 
62.821: [GC (Allocation Failure) [PSYoungGen: 389728K->64K(373760K)] 391984K->2320K(548864K), 0.0010771 secs] [Times: user=0.00 sys=0.00, real=0.00 secs] 
63.106: [GC (Allocation Failure) [PSYoungGen: 373312K->64K(357888K)] 375568K->2320K(532992K), 0.0010865 secs] [Times: user=0.00 sys=0.00, real=0.00 secs] 
63.377: [GC (Allocation Failure) [PSYoungGen: 357440K->64K(343040K)] 359696K->2320K(518144K), 0.0011234 secs] [Times: user=0.00 sys=0.00, real=0.00 secs] 
63.647: [GC (Allocation Failure) [PSYoungGen: 342592K->96K(328704K)] 344848K->2352K(503808K), 0.0037878 secs] [Times: user=0.00 sys=0.00, real=0.00 secs] 
63.907: [GC (Allocation Failure) [PSYoungGen: 328288K->64K(315392K)] 330544K->2320K(490496K), 0.0005502 secs] [Times: user=0.00 sys=0.00, real=0.00 secs] 
64.146: [GC (Allocation Failure) [PSYoungGen: 314944K->64K(302592K)] 317200K->2320K(477696K), 0.0006512 secs] [Times: user=0.00 sys=0.00, real=0.00 secs] 
64.369: [GC (Allocation Failure) [PSYoungGen: 302144K->96K(290304K)] 304400K->2352K(465408K), 0.0008605 secs] [Times: user=0.00 sys=0.00, real=0.00 secs] 
64.586: [GC (Allocation Failure) [PSYoungGen: 289888K->64K(278528K)] 292144K->2320K(453632K), 0.0005657 secs] [Times: user=0.00 sys=0.00, real=0.00 secs] 
64.793: [GC (Allocation Failure) [PSYoungGen: 278080K->96K(267776K)] 280336K->2352K(442880K), 0.0005402 secs] [Times: user=0.00 sys=0.00, real=0.00 secs] 
65.007: [GC (Allocation Failure) [PSYoungGen: 267360K->64K(257536K)] 269616K->2320K(432640K), 0.0011803 secs] [Times: user=0.00 sys=0.00, real=0.00 secs] 
65.212: [GC (Allocation Failure) [PSYoungGen: 257088K->64K(247296K)] 259344K->2320K(422400K), 0.0009522 secs] [Times: user=0.00 sys=0.00, real=0.00 secs] 
65.393: [GC (Allocation Failure) [PSYoungGen: 246848K->64K(237568K)] 249104K->2320K(412672K), 0.0005665 secs] [Times: user=0.00 sys=0.00, real=0.00 secs] 
65.568: [GC (Allocation Failure) [PSYoungGen: 237120K->96K(228352K)] 239376K->2352K(403456K), 0.0005517 secs] [Times: user=0.00 sys=0.00, real=0.00 secs] 
65.736: [GC (Allocation Failure) [PSYoungGen: 227936K->96K(219648K)] 230192K->2352K(394752K), 0.0005317 secs] [Times: user=0.00 sys=0.00, real=0.00 secs] 
65.911: [GC (Allocation Failure) [PSYoungGen: 219232K->64K(211456K)] 221488K->2320K(386560K), 0.0009775 secs] [Times: user=0.00 sys=0.00, real=0.00 secs] 
66.091: [GC (Allocation Failure) [PSYoungGen: 211008K->64K(203776K)] 213264K->2320K(378880K), 0.0005647 secs] [Times: user=0.00 sys=0.00, real=0.00 secs] 
66.235: [GC (Allocation Failure) [PSYoungGen: 203328K->32K(196096K)] 205584K->2288K(371200K), 0.0005429 secs] [Times: user=0.00 sys=0.00, real=0.00 secs] 
66.384: [GC (Allocation Failure) [PSYoungGen: 195616K->96K(188928K)] 197872K->2352K(364032K), 0.0006486 secs] [Times: user=0.00 sys=0.00, real=0.00 secs] 
66.522: [GC (Allocation Failure) [PSYoungGen: 188512K->64K(182272K)] 190768K->2320K(357376K), 0.0005307 secs] [Times: user=0.00 sys=0.00, real=0.00 secs] 
66.653: [GC (Allocation Failure) [PSYoungGen: 181824K->96K(175616K)] 184080K->2352K(350720K), 0.0005515 secs] [Times: user=0.00 sys=0.00, real=0.00 secs] 
66.777: [GC (Allocation Failure) [PSYoungGen: 175200K->96K(169472K)] 177456K->2352K(344576K), 0.0006001 secs] [Times: user=0.00 sys=0.00, real=0.01 secs] 
66.899: [GC (Allocation Failure) [PSYoungGen: 169056K->96K(163840K)] 171312K->2352K(338944K), 0.0005385 secs] [Times: user=0.00 sys=0.00, real=0.00 secs] 
67.017: [GC (Allocation Failure) [PSYoungGen: 163424K->96K(158208K)] 165680K->2352K(333312K), 0.0005725 secs] [Times: user=0.00 sys=0.00, real=0.01 secs] 
67.134: [GC (Allocation Failure) [PSYoungGen: 157792K->96K(153088K)] 160048K->2352K(328192K), 0.0005506 secs] [Times: user=0.00 sys=0.00, real=0.00 secs] 
67.243: [GC (Allocation Failure) [PSYoungGen: 152672K->96K(147968K)] 154928K->2352K(323072K), 0.0005450 secs] [Times: user=0.00 sys=0.00, real=0.00 secs] 
67.350: [GC (Allocation Failure) [PSYoungGen: 147552K->32K(143360K)] 149808K->2288K(318464K), 0.0009108 secs] [Times: user=0.00 sys=0.00, real=0.00 secs] 
67.455: [GC (Allocation Failure) [PSYoungGen: 142880K->32K(138752K)] 145136K->2288K(313856K), 0.0005396 secs] [Times: user=0.00 sys=0.00, real=0.00 secs] 
67.556: [GC (Allocation Failure) [PSYoungGen: 138272K->96K(134144K)] 140528K->2352K(309248K), 0.0006595 secs] [Times: user=0.00 sys=0.00, real=0.00 secs] 
67.656: [GC (Allocation Failure) [PSYoungGen: 133728K->0K(130048K)] 135984K->2256K(305152K), 0.0005715 secs] [Times: user=0.00 sys=0.00, real=0.00 secs] 
67.752: [GC (Allocation Failure) [PSYoungGen: 129536K->96K(125952K)] 131792K->2352K(301056K), 0.0005680 secs] [Times: user=0.01 sys=0.00, real=0.00 secs] 
67.854: [GC (Allocation Failure) [PSYoungGen: 125536K->32K(121856K)] 127792K->2288K(296960K), 0.0025795 secs] [Times: user=0.01 sys=0.00, real=0.00 secs] 
67.975: [GC (Allocation Failure) [PSYoungGen: 121376K->32K(118272K)] 123632K->2288K(293376K), 0.0007869 secs] [Times: user=0.00 sys=0.00, real=0.00 secs] 
68.121: [GC (Allocation Failure) [PSYoungGen: 117792K->96K(114688K)] 120048K->2352K(289792K), 0.0006156 secs] [Times: user=0.00 sys=0.00, real=0.00 secs] 
68.387: [GC (Allocation Failure) [PSYoungGen: 114272K->96K(111104K)] 116528K->2352K(286208K), 0.0006120 secs] [Times: user=0.00 sys=0.00, real=0.01 secs] 
68.535: [GC (Allocation Failure) [PSYoungGen: 110688K->96K(108032K)] 112944K->2352K(283136K), 0.0005704 secs] [Times: user=0.00 sys=0.00, real=0.00 secs] 
68.644: [GC (Allocation Failure) [PSYoungGen: 107616K->32K(104960K)] 109872K->2288K(280064K), 0.0006751 secs] [Times: user=0.00 sys=0.00, real=0.00 secs] 
68.792: [GC (Allocation Failure) [PSYoungGen: 104480K->64K(101888K)] 106736K->2320K(276992K), 0.0013035 secs] [Times: user=0.00 sys=0.00, real=0.00 secs] 
68.891: [GC (Allocation Failure) [PSYoungGen: 101440K->96K(98816K)] 103696K->2352K(273920K), 0.0009988 secs] [Times: user=0.00 sys=0.00, real=0.00 secs] 
68.979: [GC (Allocation Failure) [PSYoungGen: 98400K->32K(96256K)] 100656K->2288K(271360K), 0.0005779 secs] [Times: user=0.01 sys=0.00, real=0.00 secs] 
69.058: [GC (Allocation Failure) [PSYoungGen: 95776K->96K(93696K)] 98032K->2352K(268800K), 0.0005987 secs] [Times: user=0.00 sys=0.00, real=0.00 secs] 
69.134: [GC (Allocation Failure) [PSYoungGen: 93280K->64K(91136K)] 95536K->2320K(266240K), 0.0006606 secs] [Times: user=0.00 sys=0.00, real=0.00 secs] 
69.240: [GC (Allocation Failure) [PSYoungGen: 90688K->96K(88576K)] 92944K->2352K(263680K), 0.0011134 secs] [Times: user=0.00 sys=0.00, real=0.00 secs] 
69.352: [GC (Allocation Failure) [PSYoungGen: 88160K->64K(804352K)] 90416K->2320K(979456K), 0.0012512 secs] [Times: user=0.01 sys=0.00, real=0.00 secs] 
70.055: [GC (Allocation Failure) [PSYoungGen: 803904K->64K(767488K)] 806160K->2320K(942592K), 0.0013111 secs] [Times: user=0.01 sys=0.00, real=0.00 secs] 
70.706: [GC (Allocation Failure) [PSYoungGen: 767040K->96K(732160K)] 769296K->2352K(907264K), 0.0005932 secs] [Times: user=0.00 sys=0.00, real=0.00 secs] 
71.279: [GC (Allocation Failure) [PSYoungGen: 731744K->96K(698880K)] 734000K->2376K(873984K), 0.0006890 secs] [Times: user=0.00 sys=0.00, real=0.00 secs] 
71.848: [GC (Allocation Failure) [PSYoungGen: 698464K->96K(667136K)] 700744K->2376K(842240K), 0.0006596 secs] [Times: user=0.01 sys=0.00, real=0.00 secs] 
72.371: [GC (Allocation Failure) [PSYoungGen: 666720K->64K(636928K)] 669000K->2344K(812032K), 0.0015454 secs] [Times: user=0.00 sys=0.00, real=0.00 secs] 
72.897: [GC (Allocation Failure) [PSYoungGen: 636480K->64K(608256K)] 638760K->2344K(783360K), 0.0017910 secs] [Times: user=0.01 sys=0.00, real=0.01 secs] 
73.373: [GC (Allocation Failure) [PSYoungGen: 607808K->64K(581120K)] 610088K->2344K(756224K), 0.0010823 secs] [Times: user=0.01 sys=0.00, real=0.00 secs] 
73.793: [GC (Allocation Failure) [PSYoungGen: 580672K->64K(555520K)] 582952K->2344K(730624K), 0.0005414 secs] [Times: user=0.00 sys=0.00, real=0.00 secs] 
74.220: [GC (Allocation Failure) [PSYoungGen: 555072K->32K(530944K)] 557352K->2312K(706048K), 0.0015108 secs] [Times: user=0.00 sys=0.00, real=0.00 secs] 
74.619: [GC (Allocation Failure) [PSYoungGen: 530464K->96K(507392K)] 532744K->2376K(682496K), 0.0005342 secs] [Times: user=0.00 sys=0.00, real=0.00 secs] 
75.010: [GC (Allocation Failure) [PSYoungGen: 506976K->96K(485376K)] 509256K->2376K(660480K), 0.0005591 secs] [Times: user=0.00 sys=0.00, real=0.00 secs] 
75.397: [GC (Allocation Failure) [PSYoungGen: 484960K->64K(464384K)] 487240K->2344K(639488K), 0.0005648 secs] [Times: user=0.00 sys=0.00, real=0.00 secs] 
75.784: [GC (Allocation Failure) [PSYoungGen: 463936K->96K(444416K)] 466216K->2376K(619520K), 0.0011878 secs] [Times: user=0.00 sys=0.00, real=0.00 secs] 
76.172: [GC (Allocation Failure) [PSYoungGen: 444000K->32K(425472K)] 446280K->2312K(600576K), 0.0005669 secs] [Times: user=0.00 sys=0.00, real=0.00 secs] 
76.493: [GC (Allocation Failure) [PSYoungGen: 424992K->64K(407552K)] 427272K->2344K(582656K), 0.0005930 secs] [Times: user=0.00 sys=0.00, real=0.00 secs] 
76.800: [GC (Allocation Failure) [PSYoungGen: 407104K->64K(390144K)] 409384K->2344K(565248K), 0.0011311 secs] [Times: user=0.00 sys=0.00, real=0.00 secs] 
77.118: [GC (Allocation Failure) [PSYoungGen: 389696K->64K(373760K)] 391976K->2344K(548864K), 0.0006067 secs] [Times: user=0.01 sys=0.00, real=0.00 secs] 
77.395: [GC (Allocation Failure) [PSYoungGen: 373312K->64K(357888K)] 375592K->2344K(532992K), 0.0005999 secs] [Times: user=0.00 sys=0.00, real=0.00 secs] 
77.680: [GC (Allocation Failure) [PSYoungGen: 357440K->64K(343040K)] 359720K->2344K(518144K), 0.0010862 secs] [Times: user=0.00 sys=0.00, real=0.00 secs] 
77.958: [GC (Allocation Failure) [PSYoungGen: 342592K->32K(328704K)] 344872K->2312K(503808K), 0.0011094 secs] [Times: user=0.01 sys=0.00, real=0.00 secs] 
78.195: [GC (Allocation Failure) [PSYoungGen: 328224K->96K(315392K)] 330504K->2376K(490496K), 0.0005966 secs] [Times: user=0.00 sys=0.00, real=0.00 secs] 
78.427: [GC (Allocation Failure) [PSYoungGen: 314976K->96K(302592K)] 317256K->2376K(477696K), 0.0005826 secs] [Times: user=0.01 sys=0.00, real=0.00 secs] 
78.650: [GC (Allocation Failure) [PSYoungGen: 302176K->64K(290304K)] 304456K->2344K(465408K), 0.0005821 secs] [Times: user=0.00 sys=0.00, real=0.00 secs] 
78.882: [GC (Allocation Failure) [PSYoungGen: 289856K->64K(278528K)] 292136K->2344K(453632K), 0.0011709 secs] [Times: user=0.00 sys=0.00, real=0.00 secs] 
79.086: [GC (Allocation Failure) [PSYoungGen: 278080K->64K(267776K)] 280360K->2344K(442880K), 0.0005869 secs] [Times: user=0.00 sys=0.00, real=0.00 secs] 
79.273: [GC (Allocation Failure) [PSYoungGen: 267328K->96K(257536K)] 269608K->2376K(432640K), 0.0005311 secs] [Times: user=0.00 sys=0.00, real=0.00 secs] 
79.472: [GC (Allocation Failure) [PSYoungGen: 257120K->64K(247296K)] 259400K->2344K(422400K), 0.0014720 secs] [Times: user=0.00 sys=0.00, real=0.00 secs] 
79.671: [GC (Allocation Failure) [PSYoungGen: 246848K->64K(237568K)] 249128K->2344K(412672K), 0.0009447 secs] [Times: user=0.00 sys=0.00, real=0.00 secs] 
79.850: [GC (Allocation Failure) [PSYoungGen: 237120K->96K(228352K)] 239400K->2376K(403456K), 0.0005404 secs] [Times: user=0.00 sys=0.00, real=0.00 secs] 
80.014: [GC (Allocation Failure) [PSYoungGen: 227936K->64K(219648K)] 230216K->2344K(394752K), 0.0008597 secs] [Times: user=0.00 sys=0.00, real=0.00 secs] 
80.173: [GC (Allocation Failure) [PSYoungGen: 219200K->32K(211456K)] 221480K->2312K(386560K), 0.0005368 secs] [Times: user=0.01 sys=0.00, real=0.00 secs] 
80.323: [GC (Allocation Failure) [PSYoungGen: 210976K->64K(203776K)] 213256K->2344K(378880K), 0.0005365 secs] [Times: user=0.01 sys=0.00, real=0.00 secs] 
80.469: [GC (Allocation Failure) [PSYoungGen: 203328K->96K(196096K)] 205608K->2400K(371200K), 0.0005436 secs] [Times: user=0.00 sys=0.00, real=0.00 secs] 
80.610: [GC (Allocation Failure) [PSYoungGen: 195680K->96K(188928K)] 197984K->2400K(364032K), 0.0005306 secs] [Times: user=0.00 sys=0.00, real=0.00 secs] 
80.742: [GC (Allocation Failure) [PSYoungGen: 188512K->96K(182272K)] 190816K->2400K(357376K), 0.0007412 secs] [Times: user=0.00 sys=0.00, real=0.00 secs] 
80.872: [GC (Allocation Failure) [PSYoungGen: 181856K->64K(175616K)] 184160K->2368K(350720K), 0.0005181 secs] [Times: user=0.00 sys=0.00, real=0.00 secs] 
80.996: [GC (Allocation Failure) [PSYoungGen: 175168K->96K(169472K)] 177472K->2400K(344576K), 0.0005159 secs] [Times: user=0.00 sys=0.00, real=0.00 secs] 
81.120: [GC (Allocation Failure) [PSYoungGen: 169056K->64K(163840K)] 171360K->2368K(338944K), 0.0005862 secs] [Times: user=0.01 sys=0.00, real=0.00 secs] 
81.280: [GC (Allocation Failure) [PSYoungGen: 163392K->32K(158208K)] 165696K->2336K(333312K), 0.0016657 secs] [Times: user=0.00 sys=0.00, real=0.00 secs] 
81.443: [GC (Allocation Failure) [PSYoungGen: 157728K->64K(153088K)] 160032K->2368K(328192K), 0.0010310 secs] [Times: user=0.00 sys=0.00, real=0.00 secs] 
81.581: [GC (Allocation Failure) [PSYoungGen: 152640K->64K(147968K)] 154944K->2368K(323072K), 0.0011078 secs] [Times: user=0.01 sys=0.00, real=0.00 secs] 
81.755: [GC (Allocation Failure) [PSYoungGen: 147520K->32K(143360K)] 149824K->2336K(318464K), 0.0016188 secs] [Times: user=0.01 sys=0.00, real=0.01 secs] 
81.900: [GC (Allocation Failure) [PSYoungGen: 142880K->96K(138752K)] 145184K->2400K(313856K), 0.0005933 secs] [Times: user=0.00 sys=0.00, real=0.00 secs] 
82.026: [GC (Allocation Failure) [PSYoungGen: 138336K->96K(134144K)] 140640K->2400K(309248K), 0.0005692 secs] [Times: user=0.00 sys=0.00, real=0.00 secs] 
82.130: [GC (Allocation Failure) [PSYoungGen: 133728K->64K(130048K)] 136032K->2368K(305152K), 0.0006105 secs] [Times: user=0.00 sys=0.00, real=0.00 secs] 
82.236: [GC (Allocation Failure) [PSYoungGen: 129600K->96K(125952K)] 131904K->2400K(301056K), 0.0006100 secs] [Times: user=0.00 sys=0.00, real=0.01 secs] 
82.336: [GC (Allocation Failure) [PSYoungGen: 125536K->64K(121856K)] 127840K->2368K(296960K), 0.0007795 secs] [Times: user=0.00 sys=0.00, real=0.01 secs] 
82.432: [GC (Allocation Failure) [PSYoungGen: 121408K->64K(118272K)] 123712K->2368K(293376K), 0.0005641 secs] [Times: user=0.00 sys=0.00, real=0.00 secs] 
82.523: [GC (Allocation Failure) [PSYoungGen: 117824K->32K(114688K)] 120128K->2336K(289792K), 0.0006121 secs] [Times: user=0.00 sys=0.00, real=0.00 secs] 
82.611: [GC (Allocation Failure) [PSYoungGen: 114208K->96K(111104K)] 116512K->2400K(286208K), 0.0005980 secs] [Times: user=0.00 sys=0.00, real=0.00 secs] 
82.695: [GC (Allocation Failure) [PSYoungGen: 110688K->64K(108032K)] 112992K->2368K(283136K), 0.0005823 secs] [Times: user=0.00 sys=0.00, real=0.00 secs] 
82.775: [GC (Allocation Failure) [PSYoungGen: 107584K->96K(104960K)] 109888K->2400K(280064K), 0.0005599 secs] [Times: user=0.00 sys=0.00, real=0.00 secs] 
82.851: [GC (Allocation Failure) [PSYoungGen: 104544K->64K(101888K)] 106848K->2368K(276992K), 0.0005376 secs] [Times: user=0.00 sys=0.00, real=0.00 secs] 
82.924: [GC (Allocation Failure) [PSYoungGen: 101440K->96K(98816K)] 103744K->2400K(273920K), 0.0005793 secs] [Times: user=0.00 sys=0.00, real=0.00 secs] 
82.996: [GC (Allocation Failure) [PSYoungGen: 98400K->96K(96256K)] 100704K->2400K(271360K), 0.0006361 secs] [Times: user=0.00 sys=0.00, real=0.00 secs] 
83.066: [GC (Allocation Failure) [PSYoungGen: 95840K->96K(93696K)] 98144K->2400K(268800K), 0.0005536 secs] [Times: user=0.00 sys=0.00, real=0.00 secs] 
83.132: [GC (Allocation Failure) [PSYoungGen: 93280K->96K(91136K)] 95584K->2400K(266240K), 0.0005411 secs] [Times: user=0.00 sys=0.00, real=0.00 secs] 
83.196: [GC (Allocation Failure) [PSYoungGen: 90720K->96K(88576K)] 93024K->2400K(263680K), 0.0005977 secs] [Times: user=0.00 sys=0.00, real=0.00 secs] 
83.259: [GC (Allocation Failure) [PSYoungGen: 88160K->96K(804352K)] 90464K->2400K(979456K), 0.0005175 secs] [Times: user=0.00 sys=0.00, real=0.00 secs] 
83.904: [GC (Allocation Failure) [PSYoungGen: 803936K->64K(767488K)] 806240K->2368K(942592K), 0.0011777 secs] [Times: user=0.01 sys=0.00, real=0.00 secs] 
84.524: [GC (Allocation Failure) [PSYoungGen: 767040K->32K(732160K)] 769344K->2336K(907264K), 0.0011519 secs] [Times: user=0.00 sys=0.00, real=0.00 secs] 
85.085: [GC (Allocation Failure) [PSYoungGen: 731680K->64K(698880K)] 733984K->2368K(873984K), 0.0005673 secs] [Times: user=0.01 sys=0.00, real=0.00 secs] 
85.619: [GC (Allocation Failure) [PSYoungGen: 698432K->96K(667136K)] 700736K->2400K(842240K), 0.0005455 secs] [Times: user=0.00 sys=0.00, real=0.00 secs] 
86.100: [GC (Allocation Failure) [PSYoungGen: 666720K->96K(636928K)] 669024K->2400K(812032K), 0.0005497 secs] [Times: user=0.00 sys=0.00, real=0.00 secs] 
86.552: [GC (Allocation Failure) [PSYoungGen: 636512K->96K(608256K)] 638816K->2400K(783360K), 0.0005311 secs] [Times: user=0.01 sys=0.00, real=0.00 secs] 
86.968: [GC (Allocation Failure) [PSYoungGen: 607840K->64K(581120K)] 610144K->2368K(756224K), 0.0005063 secs] [Times: user=0.00 sys=0.00, real=0.00 secs] 
87.361: [GC (Allocation Failure) [PSYoungGen: 580672K->96K(555520K)] 582976K->2400K(730624K), 0.0005212 secs] [Times: user=0.00 sys=0.00, real=0.00 secs] 
87.795: [GC (Allocation Failure) [PSYoungGen: 555104K->64K(530944K)] 557408K->2368K(706048K), 0.0010521 secs] [Times: user=0.00 sys=0.00, real=0.00 secs] 
88.242: [GC (Allocation Failure) [PSYoungGen: 530496K->96K(507392K)] 532800K->2400K(682496K), 0.0005437 secs] [Times: user=0.00 sys=0.00, real=0.00 secs] 
88.690: [GC (Allocation Failure) [PSYoungGen: 506976K->96K(485376K)] 509280K->2400K(660480K), 0.0005918 secs] [Times: user=0.00 sys=0.00, real=0.00 secs] 
89.075: [GC (Allocation Failure) [PSYoungGen: 484960K->64K(464384K)] 487264K->2368K(639488K), 0.0014181 secs] [Times: user=0.00 sys=0.00, real=0.01 secs] 
89.460: [GC (Allocation Failure) [PSYoungGen: 463936K->96K(444416K)] 466240K->2400K(619520K), 0.0005999 secs] [Times: user=0.00 sys=0.00, real=0.00 secs] 
89.825: [GC (Allocation Failure) [PSYoungGen: 444000K->96K(425472K)] 446304K->2400K(600576K), 0.0005939 secs] [Times: user=0.00 sys=0.00, real=0.00 secs] 
90.142: [GC (Allocation Failure) [PSYoungGen: 425056K->96K(407552K)] 427360K->2400K(582656K), 0.0005678 secs] [Times: user=0.01 sys=0.00, real=0.00 secs] 
90.458: [GC (Allocation Failure) [PSYoungGen: 407136K->96K(390144K)] 409440K->2400K(565248K), 0.0006086 secs] [Times: user=0.00 sys=0.00, real=0.00 secs] 
90.784: [GC (Allocation Failure) [PSYoungGen: 389728K->96K(373760K)] 392032K->2424K(548864K), 0.0014113 secs] [Times: user=0.00 sys=0.00, real=0.00 secs] 
91.064: [GC (Allocation Failure) [PSYoungGen: 373344K->96K(357888K)] 375672K->2424K(532992K), 0.0005535 secs] [Times: user=0.00 sys=0.00, real=0.00 secs] 
91.323: [GC (Allocation Failure) [PSYoungGen: 357472K->96K(343040K)] 359800K->2424K(518144K), 0.0005384 secs] [Times: user=0.00 sys=0.00, real=0.00 secs] 
91.603: [GC (Allocation Failure) [PSYoungGen: 342624K->96K(328704K)] 344952K->2424K(503808K), 0.0005598 secs] [Times: user=0.00 sys=0.00, real=0.00 secs] 
91.842: [GC (Allocation Failure) [PSYoungGen: 328288K->96K(315392K)] 330616K->2424K(490496K), 0.0005430 secs] [Times: user=0.00 sys=0.01, real=0.00 secs] 
92.067: [GC (Allocation Failure) [PSYoungGen: 314976K->64K(302592K)] 317304K->2392K(477696K), 0.0005323 secs] [Times: user=0.00 sys=0.00, real=0.00 secs] 
92.285: [GC (Allocation Failure) [PSYoungGen: 302144K->64K(290304K)] 304472K->2392K(465408K), 0.0011017 secs] [Times: user=0.00 sys=0.00, real=0.00 secs] 
92.519: [GC (Allocation Failure) [PSYoungGen: 289856K->96K(278528K)] 292184K->2424K(453632K), 0.0005697 secs] [Times: user=0.00 sys=0.00, real=0.00 secs] 
92.718: [GC (Allocation Failure) [PSYoungGen: 278112K->64K(267776K)] 280440K->2392K(442880K), 0.0005495 secs] [Times: user=0.00 sys=0.00, real=0.00 secs] 
92.906: [GC (Allocation Failure) [PSYoungGen: 267328K->96K(257536K)] 269656K->2424K(432640K), 0.0005429 secs] [Times: user=0.00 sys=0.00, real=0.00 secs] 
93.102: [GC (Allocation Failure) [PSYoungGen: 257120K->32K(247296K)] 259448K->2360K(422400K), 0.0014966 secs] [Times: user=0.00 sys=0.00, real=0.00 secs] 
93.301: [GC (Allocation Failure) [PSYoungGen: 246816K->96K(237568K)] 249144K->2424K(412672K), 0.0005450 secs] [Times: user=0.00 sys=0.00, real=0.00 secs] 
93.470: [GC (Allocation Failure) [PSYoungGen: 237152K->96K(228352K)] 239480K->2424K(403456K), 0.0046392 secs] [Times: user=0.00 sys=0.00, real=0.00 secs] 
93.634: [GC (Allocation Failure) [PSYoungGen: 227936K->96K(219648K)] 230264K->2424K(394752K), 0.0005436 secs] [Times: user=0.00 sys=0.00, real=0.00 secs] 
93.789: [GC (Allocation Failure) [PSYoungGen: 219232K->64K(211456K)] 221560K->2392K(386560K), 0.0005411 secs] [Times: user=0.00 sys=0.00, real=0.00 secs] 
93.936: [GC (Allocation Failure) [PSYoungGen: 211008K->96K(203776K)] 213336K->2424K(378880K), 0.0005410 secs] [Times: user=0.00 sys=0.00, real=0.01 secs] 
94.092: [GC (Allocation Failure) [PSYoungGen: 203360K->96K(196096K)] 205688K->2424K(371200K), 0.0008463 secs] [Times: user=0.00 sys=0.00, real=0.00 secs] 
94.243: [GC (Allocation Failure) [PSYoungGen: 195680K->64K(188928K)] 198008K->2392K(364032K), 0.0011277 secs] [Times: user=0.01 sys=0.00, real=0.00 secs] 
94.378: [GC (Allocation Failure) [PSYoungGen: 188480K->96K(182272K)] 190808K->2424K(357376K), 0.0005364 secs] [Times: user=0.00 sys=0.00, real=0.00 secs] 
94.507: [GC (Allocation Failure) [PSYoungGen: 181856K->96K(175616K)] 184184K->2424K(350720K), 0.0005381 secs] [Times: user=0.00 sys=0.00, real=0.00 secs] 
94.630: [GC (Allocation Failure) [PSYoungGen: 175200K->96K(169472K)] 177528K->2424K(344576K), 0.0005369 secs] [Times: user=0.00 sys=0.00, real=0.00 secs] 
94.749: [GC (Allocation Failure) [PSYoungGen: 169056K->64K(163840K)] 171384K->2392K(338944K), 0.0005537 secs] [Times: user=0.00 sys=0.00, real=0.00 secs] 
94.865: [GC (Allocation Failure) [PSYoungGen: 163392K->96K(158208K)] 165720K->2424K(333312K), 0.0005775 secs] [Times: user=0.00 sys=0.00, real=0.00 secs] 
94.978: [GC (Allocation Failure) [PSYoungGen: 157792K->64K(153088K)] 160120K->2392K(328192K), 0.0006320 secs] [Times: user=0.00 sys=0.00, real=0.00 secs] 
95.086: [GC (Allocation Failure) [PSYoungGen: 152640K->96K(147968K)] 154968K->2424K(323072K), 0.0005280 secs] [Times: user=0.00 sys=0.00, real=0.00 secs] 
95.187: [GC (Allocation Failure) [PSYoungGen: 147552K->96K(143360K)] 149880K->2424K(318464K), 0.0005317 secs] [Times: user=0.00 sys=0.00, real=0.00 secs] 
95.286: [GC (Allocation Failure) [PSYoungGen: 142944K->96K(138752K)] 145272K->2424K(313856K), 0.0005376 secs] [Times: user=0.01 sys=0.00, real=0.00 secs] 
95.380: [GC (Allocation Failure) [PSYoungGen: 138336K->64K(134144K)] 140664K->2392K(309248K), 0.0005378 secs] [Times: user=0.00 sys=0.00, real=0.00 secs] 
95.472: [GC (Allocation Failure) [PSYoungGen: 133696K->64K(130048K)] 136024K->2392K(305152K), 0.0005339 secs] [Times: user=0.00 sys=0.00, real=0.00 secs] 
95.560: [GC (Allocation Failure) [PSYoungGen: 129600K->96K(125952K)] 131928K->2424K(301056K), 0.0005399 secs] [Times: user=0.00 sys=0.00, real=0.00 secs] 
95.646: [GC (Allocation Failure) [PSYoungGen: 125536K->96K(121856K)] 127864K->2424K(296960K), 0.0005259 secs] [Times: user=0.00 sys=0.00, real=0.01 secs] 
95.728: [GC (Allocation Failure) [PSYoungGen: 121440K->64K(118272K)] 123768K->2392K(293376K), 0.0005310 secs] [Times: user=0.00 sys=0.00, real=0.00 secs] 
95.811: [GC (Allocation Failure) [PSYoungGen: 117824K->96K(114688K)] 120152K->2424K(289792K), 0.0005295 secs] [Times: user=0.00 sys=0.00, real=0.00 secs] 
95.889: [GC (Allocation Failure) [PSYoungGen: 114272K->96K(111104K)] 116600K->2424K(286208K), 0.0005647 secs] [Times: user=0.00 sys=0.00, real=0.00 secs] 
95.964: [GC (Allocation Failure) [PSYoungGen: 110688K->64K(108032K)] 113016K->2392K(283136K), 0.0005132 secs] [Times: user=0.00 sys=0.00, real=0.00 secs] 
96.043: [GC (Allocation Failure) [PSYoungGen: 107584K->0K(104960K)] 109912K->2328K(280064K), 0.0005266 secs] [Times: user=0.00 sys=0.00, real=0.00 secs] 
96.114: [GC (Allocation Failure) [PSYoungGen: 104448K->96K(101888K)] 106776K->2424K(276992K), 0.0005177 secs] [Times: user=0.00 sys=0.00, real=0.00 secs] 
96.183: [GC (Allocation Failure) [PSYoungGen: 101472K->64K(98816K)] 103800K->2392K(273920K), 0.0005624 secs] [Times: user=0.01 sys=0.00, real=0.00 secs] 
96.250: [GC (Allocation Failure) [PSYoungGen: 98368K->96K(96256K)] 100696K->2424K(271360K), 0.0005144 secs] [Times: user=0.00 sys=0.00, real=0.00 secs] 
96.316: [GC (Allocation Failure) [PSYoungGen: 95840K->64K(93696K)] 98168K->2392K(268800K), 0.0005477 secs] [Times: user=0.00 sys=0.00, real=0.00 secs] 
96.380: [GC (Allocation Failure) [PSYoungGen: 93248K->64K(91136K)] 95576K->2392K(266240K), 0.0005125 secs] [Times: user=0.00 sys=0.00, real=0.00 secs] 
96.441: [GC (Allocation Failure) [PSYoungGen: 90688K->64K(88576K)] 93016K->2392K(263680K), 0.0005673 secs] [Times: user=0.00 sys=0.00, real=0.00 secs] 
96.500: [GC (Allocation Failure) [PSYoungGen: 88128K->96K(804352K)] 90456K->2424K(979456K), 0.0004990 secs] [Times: user=0.00 sys=0.00, real=0.00 secs] 
97.035: [GC (Allocation Failure) [PSYoungGen: 803936K->32K(767488K)] 806264K->2360K(942592K), 0.0005386 secs] [Times: user=0.00 sys=0.00, real=0.00 secs] 
97.543: [GC (Allocation Failure) [PSYoungGen: 767008K->96K(732160K)] 769336K->2424K(907264K), 0.0005121 secs] [Times: user=0.00 sys=0.00, real=0.00 secs] 
98.042: [GC (Allocation Failure) [PSYoungGen: 731744K->64K(698880K)] 734072K->2392K(873984K), 0.0010109 secs] [Times: user=0.00 sys=0.00, real=0.00 secs] 
98.525: [GC (Allocation Failure) [PSYoungGen: 698432K->96K(667136K)] 700760K->2424K(842240K), 0.0005085 secs] [Times: user=0.00 sys=0.00, real=0.00 secs] 
98.975: [GC (Allocation Failure) [PSYoungGen: 666720K->64K(636928K)] 669048K->2392K(812032K), 0.0005151 secs] [Times: user=0.00 sys=0.00, real=0.00 secs] 
99.398: [GC (Allocation Failure) [PSYoungGen: 636480K->64K(608256K)] 638808K->2392K(783360K), 0.0005111 secs] [Times: user=0.00 sys=0.00, real=0.00 secs] 
99.804: [GC (Allocation Failure) [PSYoungGen: 607808K->96K(581120K)] 610136K->2424K(756224K), 0.0005295 secs] [Times: user=0.00 sys=0.00, real=0.00 secs] 
100.191: [GC (Allocation Failure) [PSYoungGen: 580704K->96K(555520K)] 583032K->2424K(730624K), 0.0005228 secs] [Times: user=0.01 sys=0.00, real=0.00 secs] 
Heap
 PSYoungGen      total 555520K, used 148134K [0x000000076ab00000, 0x000000079bd00000, 0x00000007c0000000)
  eden space 555008K, 26% used [0x000000076ab00000,0x0000000773b91810,0x000000078c900000)
  from space 512K, 18% used [0x000000079bc00000,0x000000079bc18000,0x000000079bc80000)
  to   space 512K, 0% used [0x000000079bc80000,0x000000079bc80000,0x000000079bd00000)
 ParOldGen       total 175104K, used 2328K [0x00000006c0000000, 0x00000006cab00000, 0x000000076ab00000)
  object space 175104K, 1% used [0x00000006c0000000,0x00000006c0246000,0x00000006cab00000)
 Metaspace       used 10323K, capacity 10538K, committed 10752K, reserved 1058816K
  class space    used 1131K, capacity 1197K, committed 1280K, reserved 1048576K
