OpenJDK 64-Bit Server VM (25.202-b05) for bsd-amd64 JRE (Zulu 8.36.0.1-CA-macosx) (1.8.0_202-b05), built on Jan 29 2019 06:07:09 by "zulu_re" with gcc 4.2.1 (Based on Apple Inc. build 5658) (LLVM build 2336.11.00)
Memory: 4k page, physical 16777216k(2312176k free)

/proc/meminfo:

CommandLine flags: -XX:InitialHeapSize=268435456 -XX:MaxHeapSize=4294967296 -XX:+PrintGC -XX:+PrintGCDetails -XX:+PrintGCTimeStamps -XX:+UseCompressedClassPointers -XX:+UseCompressedOops -XX:+UseParallelGC 
Heap
 PSYoungGen      total 76288K, used 34346K [0x000000076ab00000, 0x0000000770000000, 0x00000007c0000000)
  eden space 65536K, 52% used [0x000000076ab00000,0x000000076cc8abf8,0x000000076eb00000)
  from space 10752K, 0% used [0x000000076f580000,0x000000076f580000,0x0000000770000000)
  to   space 10752K, 0% used [0x000000076eb00000,0x000000076eb00000,0x000000076f580000)
 ParOldGen       total 175104K, used 0K [0x00000006c0000000, 0x00000006cab00000, 0x000000076ab00000)
  object space 175104K, 0% used [0x00000006c0000000,0x00000006c0000000,0x00000006cab00000)
 Metaspace       used 7657K, capacity 7997K, committed 8192K, reserved 1056768K
  class space    used 852K, capacity 948K, committed 1024K, reserved 1048576K
797: [GC (Allocation Failure) [PSYoungGen: 133088K->2000K(141824K)] 133112K->2032K(316928K), 0.0021604 secs] [Times: user=0.01 sys=0.00, real=0.00 secs] 
0.869: [GC (Allocation Failure) [PSYoungGen: 133072K->1984K(267776K)] 133104K->2024K(442880K), 0.0020413 secs] [Times: user=0.01 sys=0.00, real=0.00 secs] 
1.061: [GC (Allocation Failure) [PSYoungGen: 264128K->96K(267776K)] 264168K->2104K(442880K), 0.0023863 secs] [Times: user=0.01 sys=0.00, real=0.01 secs] 
1.203: [GC (Allocation Failure) [PSYoungGen: 262240K->96K(529920K)] 264248K->2104K(705024K), 0.0005778 secs] [Times: user=0.01 sys=0.00, real=0.01 secs] 
1.591: [GC (Allocation Failure) [PSYoungGen: 524384K->96K(529920K)] 526392K->2120K(705024K), 0.0009300 secs] [Times: user=0.00 sys=0.00, real=0.00 secs] 
1.875: [GC (Allocation Failure) [PSYoungGen: 524384K->96K(844800K)] 526408K->2136K(1019904K), 0.0006167 secs] [Times: user=0.00 sys=0.00, real=0.00 secs] 
2.449: [GC (Allocation Failure) [PSYoungGen: 839264K->96K(800768K)] 841304K->2136K(975872K), 0.0005878 secs] [Times: user=0.00 sys=0.00, real=0.00 secs] 
2.876: [GC (Allocation Failure) [PSYoungGen: 800352K->96K(763904K)] 802392K->2144K(939008K), 0.0005874 secs] [Times: user=0.00 sys=0.00, real=0.00 secs] 
3.272: [GC (Allocation Failure) [PSYoungGen: 763488K->96K(733696K)] 765536K->2144K(908800K), 0.0005821 secs] [Times: user=0.00 sys=0.00, real=0.00 secs] 
3.645: [GC (Allocation Failure) [PSYoungGen: 728672K->96K(695808K)] 730720K->2144K(870912K), 0.0006409 secs] [Times: user=0.00 sys=0.00, real=0.00 secs] 
4.000: [GC (Allocation Failure) [PSYoungGen: 695392K->96K(668672K)] 697440K->2144K(843776K), 0.0005576 secs] [Times: user=0.00 sys=0.00, real=0.00 secs] 
4.340: [GC (Allocation Failure) [PSYoungGen: 663648K->96K(634368K)] 665696K->2152K(809472K), 0.0006257 secs] [Times: user=0.00 sys=0.00, real=0.00 secs] 
4.665: [GC (Allocation Failure) [PSYoungGen: 633952K->96K(609792K)] 636008K->2152K(784896K), 0.0005353 secs] [Times: user=0.00 sys=0.00, real=0.00 secs] 
4.975: [GC (Allocation Failure) [PSYoungGen: 605280K->64K(578560K)] 607336K->2120K(753664K), 0.0006374 secs] [Times: user=0.00 sys=0.00, real=0.00 secs] 
5.271: [GC (Allocation Failure) [PSYoungGen: 578112K->96K(556544K)] 580168K->2152K(731648K), 0.0005281 secs] [Times: user=0.00 sys=0.00, real=0.00 secs] 
5.555: [GC (Allocation Failure) [PSYoungGen: 552544K->64K(528384K)] 554600K->2120K(703488K), 0.0006365 secs] [Times: user=0.00 sys=0.00, real=0.00 secs] 
5.825: [GC (Allocation Failure) [PSYoungGen: 527936K->32K(508416K)] 529992K->2096K(683520K), 0.0005633 secs] [Times: user=0.00 sys=0.00, real=0.00 secs] 
6.083: [GC (Allocation Failure) [PSYoungGen: 504864K->32K(483328K)] 506928K->2096K(658432K), 0.0006207 secs] [Times: user=0.00 sys=0.00, real=0.00 secs] 
6.332: [GC (Allocation Failure) [PSYoungGen: 482848K->96K(465408K)] 484912K->2160K(640512K), 0.0005396 secs] [Times: user=0.00 sys=0.00, real=0.01 secs] 
6.570: [GC (Allocation Failure) [PSYoungGen: 461920K->64K(442368K)] 463984K->2128K(617472K), 0.0011298 secs] [Times: user=0.00 sys=0.00, real=0.00 secs] 
6.804: [GC (Allocation Failure) [PSYoungGen: 441920K->96K(425984K)] 443984K->2160K(601088K), 0.0005379 secs] [Times: user=0.00 sys=0.00, real=0.00 secs] 
7.029: [GC (Allocation Failure) [PSYoungGen: 423008K->64K(405504K)] 425072K->2128K(580608K), 0.0005941 secs] [Times: user=0.00 sys=0.00, real=0.00 secs] 
7.238: [GC (Allocation Failure) [PSYoungGen: 405056K->32K(390144K)] 407120K->2096K(565248K), 0.0005789 secs] [Times: user=0.00 sys=0.00, real=0.00 secs] 
7.442: [GC (Allocation Failure) [PSYoungGen: 387616K->96K(371712K)] 389680K->2160K(546816K), 0.0006616 secs] [Times: user=0.00 sys=0.00, real=0.01 secs] 
7.634: [GC (Allocation Failure) [PSYoungGen: 371296K->96K(358400K)] 373360K->2160K(533504K), 0.0005767 secs] [Times: user=0.00 sys=0.00, real=0.00 secs] 
7.816: [GC (Allocation Failure) [PSYoungGen: 355936K->96K(341504K)] 358000K->2160K(516608K), 0.0005717 secs] [Times: user=0.00 sys=0.00, real=0.00 secs] 
7.992: [GC (Allocation Failure) [PSYoungGen: 341088K->32K(329216K)] 343152K->2096K(504320K), 0.0005350 secs] [Times: user=0.00 sys=0.00, real=0.00 secs] 
8.161: [GC (Allocation Failure) [PSYoungGen: 327200K->32K(314368K)] 329264K->2096K(489472K), 0.0005763 secs] [Times: user=0.00 sys=0.00, real=0.00 secs] 
8.326: [GC (Allocation Failure) [PSYoungGen: 313888K->96K(303104K)] 315952K->2160K(478208K), 0.0005333 secs] [Times: user=0.00 sys=0.00, real=0.00 secs] 
8.481: [GC (Allocation Failure) [PSYoungGen: 301152K->96K(289280K)] 303216K->2160K(464384K), 0.0006064 secs] [Times: user=0.00 sys=0.00, real=0.00 secs] 
8.630: [GC (Allocation Failure) [PSYoungGen: 288864K->64K(279040K)] 290928K->2128K(454144K), 0.0005655 secs] [Times: user=0.01 sys=0.00, real=0.00 secs] 
8.772: [GC (Allocation Failure) [PSYoungGen: 277568K->32K(267264K)] 279632K->2096K(442368K), 0.0006036 secs] [Times: user=0.00 sys=0.00, real=0.00 secs] 
8.910: [GC (Allocation Failure) [PSYoungGen: 266784K->96K(258048K)] 268848K->2160K(433152K), 0.0005395 secs] [Times: user=0.01 sys=0.00, real=0.00 secs] 
9.043: [GC (Allocation Failure) [PSYoungGen: 256608K->96K(247296K)] 258672K->2160K(422400K), 0.0005601 secs] [Times: user=0.00 sys=0.00, real=0.01 secs] 
9.171: [GC (Allocation Failure) [PSYoungGen: 246880K->96K(238592K)] 248944K->2160K(413696K), 0.0005843 secs] [Times: user=0.00 sys=0.00, real=0.00 secs] 
9.294: [GC (Allocation Failure) [PSYoungGen: 237152K->32K(228352K)] 239216K->2096K(403456K), 0.0005729 secs] [Times: user=0.00 sys=0.00, real=0.00 secs] 
9.412: [GC (Allocation Failure) [PSYoungGen: 227872K->96K(220160K)] 229936K->2160K(395264K), 0.0005316 secs] [Times: user=0.00 sys=0.00, real=0.00 secs] 
9.526: [GC (Allocation Failure) [PSYoungGen: 219232K->64K(211456K)] 221296K->2128K(386560K), 0.0010683 secs] [Times: user=0.00 sys=0.00, real=0.00 secs] 
9.635: [GC (Allocation Failure) [PSYoungGen: 211008K->96K(204288K)] 213072K->2160K(379392K), 0.0005345 secs] [Times: user=0.00 sys=0.00, real=0.00 secs] 
9.740: [GC (Allocation Failure) [PSYoungGen: 203360K->96K(196096K)] 205424K->2160K(371200K), 0.0006194 secs] [Times: user=0.00 sys=0.00, real=0.00 secs] 
9.855: [GC (Allocation Failure) [PSYoungGen: 195680K->64K(189440K)] 197744K->2128K(364544K), 0.0005245 secs] [Times: user=0.00 sys=0.00, real=0.00 secs] 
9.985: [GC (Allocation Failure) [PSYoungGen: 188480K->96K(182272K)] 190544K->2160K(357376K), 0.0007047 secs] [Times: user=0.00 sys=0.00, real=0.00 secs] 
10.116: [GC (Allocation Failure) [PSYoungGen: 181856K->96K(176128K)] 183920K->2160K(351232K), 0.0006101 secs] [Times: user=0.00 sys=0.00, real=0.00 secs] 
10.232: [GC (Allocation Failure) [PSYoungGen: 175200K->32K(169472K)] 177264K->2096K(344576K), 0.0007710 secs] [Times: user=0.00 sys=0.00, real=0.01 secs] 
10.331: [GC (Allocation Failure) [PSYoungGen: 168992K->160K(163840K)] 171056K->2224K(338944K), 0.0006105 secs] [Times: user=0.01 sys=0.00, real=0.00 secs] 
10.419: [GC (Allocation Failure) [PSYoungGen: 163488K->32K(158208K)] 165552K->2160K(333312K), 0.0006554 secs] [Times: user=0.01 sys=0.00, real=0.00 secs] 
10.503: [GC (Allocation Failure) [PSYoungGen: 157728K->96K(153088K)] 159856K->2224K(328192K), 0.0005475 secs] [Times: user=0.00 sys=0.00, real=0.00 secs] 
10.584: [GC (Allocation Failure) [PSYoungGen: 152672K->96K(147968K)] 154800K->2224K(323072K), 0.0005554 secs] [Times: user=0.00 sys=0.00, real=0.00 secs] 
10.662: [GC (Allocation Failure) [PSYoungGen: 147552K->96K(143360K)] 149680K->2224K(318464K), 0.0005576 secs] [Times: user=0.00 sys=0.00, real=0.00 secs] 
10.739: [GC (Allocation Failure) [PSYoungGen: 142944K->32K(138752K)] 145072K->2160K(313856K), 0.0005346 secs] [Times: user=0.00 sys=0.00, real=0.00 secs] 
10.814: [GC (Allocation Failure) [PSYoungGen: 138272K->64K(134144K)] 140400K->2192K(309248K), 0.0005893 secs] [Times: user=0.01 sys=0.00, real=0.00 secs] 
10.885: [GC (Allocation Failure) [PSYoungGen: 133696K->96K(130048K)] 135824K->2224K(305152K), 0.0005417 secs] [Times: user=0.00 sys=0.00, real=0.00 secs] 
10.955: [GC (Allocation Failure) [PSYoungGen: 129632K->96K(125952K)] 131760K->2224K(301056K), 0.0005308 secs] [Times: user=0.00 sys=0.00, real=0.00 secs] 
11.022: [GC (Allocation Failure) [PSYoungGen: 125536K->96K(121856K)] 127664K->2224K(296960K), 0.0005363 secs] [Times: user=0.00 sys=0.00, real=0.00 secs] 
11.087: [GC (Allocation Failure) [PSYoungGen: 121440K->96K(118272K)] 123568K->2224K(293376K), 0.0005417 secs] [Times: user=0.00 sys=0.00, real=0.00 secs] 
11.150: [GC (Allocation Failure) [PSYoungGen: 117856K->96K(114688K)] 119984K->2224K(289792K), 0.0005721 secs] [Times: user=0.00 sys=0.00, real=0.00 secs] 
11.211: [GC (Allocation Failure) [PSYoungGen: 114272K->96K(111104K)] 116400K->2224K(286208K), 0.0005935 secs] [Times: user=0.00 sys=0.00, real=0.00 secs] 
11.270: [GC (Allocation Failure) [PSYoungGen: 110688K->96K(108032K)] 112816K->2224K(283136K), 0.0005267 secs] [Times: user=0.00 sys=0.00, real=0.00 secs] 
11.329: [GC (Allocation Failure) [PSYoungGen: 107616K->96K(104960K)] 109744K->2224K(280064K), 0.0005555 secs] [Times: user=0.00 sys=0.00, real=0.00 secs] 
11.385: [GC (Allocation Failure) [PSYoungGen: 104544K->64K(101888K)] 106672K->2192K(276992K), 0.0007283 secs] [Times: user=0.00 sys=0.00, real=0.00 secs] 
11.439: [GC (Allocation Failure) [PSYoungGen: 101440K->96K(98816K)] 103568K->2224K(273920K), 0.0005349 secs] [Times: user=0.00 sys=0.00, real=0.00 secs] 
11.492: [GC (Allocation Failure) [PSYoungGen: 98400K->96K(96256K)] 100528K->2224K(271360K), 0.0005308 secs] [Times: user=0.00 sys=0.00, real=0.00 secs] 
11.542: [GC (Allocation Failure) [PSYoungGen: 95840K->96K(93696K)] 97968K->2232K(268800K), 0.0005973 secs] [Times: user=0.00 sys=0.00, real=0.01 secs] 
11.594: [GC (Allocation Failure) [PSYoungGen: 93280K->64K(112640K)] 95416K->2200K(287744K), 0.0011082 secs] [Times: user=0.00 sys=0.00, real=0.00 secs] 
11.654: [GC (Allocation Failure) [PSYoungGen: 112192K->32K(135168K)] 114328K->2168K(310272K), 0.0021551 secs] [Times: user=0.00 sys=0.00, real=0.00 secs] 
11.728: [GC (Allocation Failure) [PSYoungGen: 134688K->64K(162304K)] 136824K->2200K(337408K), 0.0005583 secs] [Times: user=0.00 sys=0.00, real=0.00 secs] 
11.815: [GC (Allocation Failure) [PSYoungGen: 161856K->96K(156672K)] 163992K->2232K(331776K), 0.0005577 secs] [Times: user=0.00 sys=0.00, real=0.00 secs] 
11.898: [GC (Allocation Failure) [PSYoungGen: 156256K->64K(151552K)] 158392K->2200K(326656K), 0.0005383 secs] [Times: user=0.00 sys=0.00, real=0.00 secs] 
11.978: [GC (Allocation Failure) [PSYoungGen: 151104K->96K(146432K)] 153240K->2232K(321536K), 0.0005885 secs] [Times: user=0.00 sys=0.00, real=0.00 secs] 
12.056: [GC (Allocation Failure) [PSYoungGen: 146016K->32K(141824K)] 148152K->2168K(316928K), 0.0005485 secs] [Times: user=0.00 sys=0.00, real=0.00 secs] 
12.133: [GC (Allocation Failure) [PSYoungGen: 141344K->64K(137216K)] 143480K->2200K(312320K), 0.0005758 secs] [Times: user=0.00 sys=0.00, real=0.01 secs] 
12.205: [GC (Allocation Failure) [PSYoungGen: 136768K->96K(132608K)] 138904K->2232K(307712K), 0.0006001 secs] [Times: user=0.00 sys=0.00, real=0.00 secs] 
12.275: [GC (Allocation Failure) [PSYoungGen: 132192K->96K(128512K)] 134328K->2232K(303616K), 0.0005575 secs] [Times: user=0.00 sys=0.00, real=0.00 secs] 
12.345: [GC (Allocation Failure) [PSYoungGen: 128096K->96K(124416K)] 130232K->2232K(299520K), 0.0005515 secs] [Times: user=0.00 sys=0.00, real=0.00 secs] 
12.411: [GC (Allocation Failure) [PSYoungGen: 124000K->32K(120832K)] 126136K->2168K(295936K), 0.0005215 secs] [Times: user=0.00 sys=0.00, real=0.00 secs] 
12.475: [GC (Allocation Failure) [PSYoungGen: 120352K->96K(117248K)] 122488K->2232K(292352K), 0.0005390 secs] [Times: user=0.00 sys=0.00, real=0.00 secs] 
12.537: [GC (Allocation Failure) [PSYoungGen: 116832K->96K(113664K)] 118968K->2232K(288768K), 0.0005478 secs] [Times: user=0.00 sys=0.00, real=0.00 secs] 
12.597: [GC (Allocation Failure) [PSYoungGen: 113248K->0K(110592K)] 115384K->2136K(285696K), 0.0005477 secs] [Times: user=0.00 sys=0.00, real=0.00 secs] 
12.655: [GC (Allocation Failure) [PSYoungGen: 110080K->96K(107520K)] 112216K->2232K(282624K), 0.0005312 secs] [Times: user=0.00 sys=0.00, real=0.00 secs] 
12.712: [GC (Allocation Failure) [PSYoungGen: 107104K->96K(104448K)] 109240K->2232K(279552K), 0.0005227 secs] [Times: user=0.00 sys=0.00, real=0.00 secs] 
12.767: [GC (Allocation Failure) [PSYoungGen: 104032K->96K(101376K)] 106168K->2232K(276480K), 0.0005518 secs] [Times: user=0.00 sys=0.00, real=0.00 secs] 
12.821: [GC (Allocation Failure) [PSYoungGen: 100960K->96K(98816K)] 103096K->2232K(273920K), 0.0005274 secs] [Times: user=0.00 sys=0.00, real=0.00 secs] 
12.875: [GC (Allocation Failure) [PSYoungGen: 98400K->64K(96256K)] 100536K->2200K(271360K), 0.0005797 secs] [Times: user=0.00 sys=0.00, real=0.00 secs] 
12.926: [GC (Allocation Failure) [PSYoungGen: 95808K->96K(93696K)] 97944K->2232K(268800K), 0.0005474 secs] [Times: user=0.00 sys=0.00, real=0.00 secs] 
12.976: [GC (Allocation Failure) [PSYoungGen: 93280K->64K(91136K)] 95416K->2200K(266240K), 0.0005512 secs] [Times: user=0.00 sys=0.00, real=0.00 secs] 
13.024: [GC (Allocation Failure) [PSYoungGen: 90688K->64K(88576K)] 92824K->2200K(263680K), 0.0004971 secs] [Times: user=0.00 sys=0.00, real=0.00 secs] 
13.071: [GC (Allocation Failure) [PSYoungGen: 88128K->96K(804352K)] 90264K->2232K(979456K), 0.0005393 secs] [Times: user=0.01 sys=0.00, real=0.00 secs] 
13.486: [GC (Allocation Failure) [PSYoungGen: 803936K->96K(767488K)] 806072K->2232K(942592K), 0.0005840 secs] [Times: user=0.00 sys=0.00, real=0.00 secs] 
13.879: [GC (Allocation Failure) [PSYoungGen: 767072K->96K(732160K)] 769208K->2232K(907264K), 0.0005287 secs] [Times: user=0.00 sys=0.00, real=0.00 secs] 
14.253: [GC (Allocation Failure) [PSYoungGen: 731744K->96K(698880K)] 733880K->2232K(873984K), 0.0005426 secs] [Times: user=0.00 sys=0.00, real=0.00 secs] 
14.613: [GC (Allocation Failure) [PSYoungGen: 698464K->64K(667136K)] 700600K->2200K(842240K), 0.0005733 secs] [Times: user=0.00 sys=0.00, real=0.00 secs] 
14.953: [GC (Allocation Failure) [PSYoungGen: 666688K->96K(636928K)] 668824K->2232K(812032K), 0.0005265 secs] [Times: user=0.00 sys=0.00, real=0.00 secs] 
15.274: [GC (Allocation Failure) [PSYoungGen: 636512K->96K(608256K)] 638648K->2232K(783360K), 0.0005395 secs] [Times: user=0.00 sys=0.00, real=0.00 secs] 
15.578: [GC (Allocation Failure) [PSYoungGen: 607840K->96K(581120K)] 609976K->2232K(756224K), 0.0005352 secs] [Times: user=0.00 sys=0.00, real=0.00 secs] 
15.866: [GC (Allocation Failure) [PSYoungGen: 580704K->64K(555520K)] 582840K->2200K(730624K), 0.0005331 secs] [Times: user=0.00 sys=0.00, real=0.00 secs] 
16.151: [GC (Allocation Failure) [PSYoungGen: 555072K->96K(530944K)] 557208K->2232K(706048K), 0.0005597 secs] [Times: user=0.00 sys=0.00, real=0.00 secs] 
16.423: [GC (Allocation Failure) [PSYoungGen: 530528K->96K(507392K)] 532664K->2232K(682496K), 0.0005417 secs] [Times: user=0.00 sys=0.00, real=0.01 secs] 
16.683: [GC (Allocation Failure) [PSYoungGen: 506976K->96K(485376K)] 509112K->2232K(660480K), 0.0005345 secs] [Times: user=0.00 sys=0.00, real=0.00 secs] 
16.931: [GC (Allocation Failure) [PSYoungGen: 484960K->96K(464384K)] 487096K->2232K(639488K), 0.0005376 secs] [Times: user=0.00 sys=0.00, real=0.00 secs] 
17.173: [GC (Allocation Failure) [PSYoungGen: 463968K->64K(444416K)] 466104K->2200K(619520K), 0.0005387 secs] [Times: user=0.00 sys=0.00, real=0.00 secs] 
17.401: [GC (Allocation Failure) [PSYoungGen: 443968K->96K(425472K)] 446104K->2232K(600576K), 0.0005483 secs] [Times: user=0.00 sys=0.00, real=0.00 secs] 
17.620: [GC (Allocation Failure) [PSYoungGen: 425056K->96K(407552K)] 427192K->2232K(582656K), 0.0005458 secs] [Times: user=0.00 sys=0.00, real=0.00 secs] 
17.828: [GC (Allocation Failure) [PSYoungGen: 407136K->96K(390144K)] 409272K->2232K(565248K), 0.0005450 secs] [Times: user=0.00 sys=0.00, real=0.00 secs] 
18.029: [GC (Allocation Failure) [PSYoungGen: 389728K->96K(373760K)] 391864K->2232K(548864K), 0.0007780 secs] [Times: user=0.00 sys=0.00, real=0.00 secs] 
18.222: [GC (Allocation Failure) [PSYoungGen: 373344K->64K(357888K)] 375480K->2200K(532992K), 0.0006394 secs] [Times: user=0.00 sys=0.00, real=0.00 secs] 
18.410: [GC (Allocation Failure) [PSYoungGen: 357440K->96K(343040K)] 359576K->2232K(518144K), 0.0005736 secs] [Times: user=0.01 sys=0.00, real=0.00 secs] 
18.598: [GC (Allocation Failure) [PSYoungGen: 342624K->96K(328704K)] 344760K->2232K(503808K), 0.0005688 secs] [Times: user=0.00 sys=0.00, real=0.00 secs] 
18.776: [GC (Allocation Failure) [PSYoungGen: 328288K->96K(315392K)] 330424K->2232K(490496K), 0.0006135 secs] [Times: user=0.00 sys=0.00, real=0.00 secs] 
18.948: [GC (Allocation Failure) [PSYoungGen: 314976K->96K(302592K)] 317112K->2232K(477696K), 0.0006106 secs] [Times: user=0.00 sys=0.00, real=0.00 secs] 
19.113: [GC (Allocation Failure) [PSYoungGen: 302176K->96K(290304K)] 304312K->2232K(465408K), 0.0005685 secs] [Times: user=0.00 sys=0.00, real=0.00 secs] 
19.272: [GC (Allocation Failure) [PSYoungGen: 289888K->64K(278528K)] 292024K->2200K(453632K), 0.0005782 secs] [Times: user=0.00 sys=0.00, real=0.00 secs] 
19.423: [GC (Allocation Failure) [PSYoungGen: 278080K->96K(267776K)] 280216K->2232K(442880K), 0.0005728 secs] [Times: user=0.00 sys=0.00, real=0.00 secs] 
19.570: [GC (Allocation Failure) [PSYoungGen: 267360K->96K(257536K)] 269496K->2232K(432640K), 0.0005629 secs] [Times: user=0.00 sys=0.00, real=0.00 secs] 
19.709: [GC (Allocation Failure) [PSYoungGen: 257120K->96K(247296K)] 259256K->2232K(422400K), 0.0005687 secs] [Times: user=0.00 sys=0.00, real=0.00 secs] 
19.845: [GC (Allocation Failure) [PSYoungGen: 246880K->96K(237568K)] 249016K->2232K(412672K), 0.0005641 secs] [Times: user=0.00 sys=0.00, real=0.00 secs] 
19.974: [GC (Allocation Failure) [PSYoungGen: 237152K->32K(228352K)] 239288K->2168K(403456K), 0.0005333 secs] [Times: user=0.00 sys=0.00, real=0.00 secs] 
20.096: [GC (Allocation Failure) [PSYoungGen: 227872K->96K(219648K)] 230008K->2232K(394752K), 0.0005670 secs] [Times: user=0.00 sys=0.00, real=0.00 secs] 
20.213: [GC (Allocation Failure) [PSYoungGen: 219232K->96K(211456K)] 221368K->2232K(386560K), 0.0005529 secs] [Times: user=0.00 sys=0.00, real=0.00 secs] 
20.330: [GC (Allocation Failure) [PSYoungGen: 211040K->64K(203776K)] 213176K->2200K(378880K), 0.0015227 secs] [Times: user=0.00 sys=0.00, real=0.00 secs] 
20.439: [GC (Allocation Failure) [PSYoungGen: 203328K->96K(196096K)] 205464K->2256K(371200K), 0.0005913 secs] [Times: user=0.00 sys=0.00, real=0.00 secs] 
20.545: [GC (Allocation Failure) [PSYoungGen: 195680K->64K(188928K)] 197840K->2224K(364032K), 0.0005598 secs] [Times: user=0.01 sys=0.00, real=0.00 secs] 
20.645: [GC (Allocation Failure) [PSYoungGen: 188480K->96K(182272K)] 190640K->2256K(357376K), 0.0005485 secs] [Times: user=0.01 sys=0.00, real=0.00 secs] 
20.743: [GC (Allocation Failure) [PSYoungGen: 181856K->96K(175616K)] 184016K->2256K(350720K), 0.0005565 secs] [Times: user=0.00 sys=0.00, real=0.01 secs] 
20.838: [GC (Allocation Failure) [PSYoungGen: 175200K->96K(169472K)] 177360K->2256K(344576K), 0.0005528 secs] [Times: user=0.00 sys=0.00, real=0.00 secs] 
20.927: [GC (Allocation Failure) [PSYoungGen: 169056K->96K(163840K)] 171216K->2256K(338944K), 0.0005644 secs] [Times: user=0.00 sys=0.00, real=0.00 secs] 
21.014: [GC (Allocation Failure) [PSYoungGen: 163424K->32K(158208K)] 165584K->2192K(333312K), 0.0005527 secs] [Times: user=0.00 sys=0.00, real=0.00 secs] 
21.098: [GC (Allocation Failure) [PSYoungGen: 157728K->96K(153088K)] 159888K->2256K(328192K), 0.0005778 secs] [Times: user=0.00 sys=0.00, real=0.00 secs] 
21.181: [GC (Allocation Failure) [PSYoungGen: 152672K->96K(147968K)] 154832K->2256K(323072K), 0.0005541 secs] [Times: user=0.00 sys=0.00, real=0.00 secs] 
21.260: [GC (Allocation Failure) [PSYoungGen: 147552K->96K(143360K)] 149712K->2256K(318464K), 0.0005557 secs] [Times: user=0.00 sys=0.00, real=0.00 secs] 
21.336: [GC (Allocation Failure) [PSYoungGen: 142944K->96K(138752K)] 145104K->2256K(313856K), 0.0006011 secs] [Times: user=0.00 sys=0.00, real=0.00 secs] 
21.410: [GC (Allocation Failure) [PSYoungGen: 138336K->64K(134144K)] 140496K->2224K(309248K), 0.0005640 secs] [Times: user=0.00 sys=0.00, real=0.00 secs] 
21.480: [GC (Allocation Failure) [PSYoungGen: 133696K->96K(130048K)] 135856K->2256K(305152K), 0.0005687 secs] [Times: user=0.00 sys=0.00, real=0.00 secs] 
21.549: [GC (Allocation Failure) [PSYoungGen: 129632K->96K(125952K)] 131792K->2256K(301056K), 0.0005420 secs] [Times: user=0.00 sys=0.00, real=0.00 secs] 
21.616: [GC (Allocation Failure) [PSYoungGen: 125536K->96K(121856K)] 127696K->2256K(296960K), 0.0005415 secs] [Times: user=0.00 sys=0.00, real=0.00 secs] 
21.680: [GC (Allocation Failure) [PSYoungGen: 121440K->96K(118272K)] 123600K->2256K(293376K), 0.0005445 secs] [Times: user=0.00 sys=0.00, real=0.00 secs] 
21.743: [GC (Allocation Failure) [PSYoungGen: 117856K->64K(114688K)] 120016K->2224K(289792K), 0.0005614 secs] [Times: user=0.00 sys=0.00, real=0.01 secs] 
21.804: [GC (Allocation Failure) [PSYoungGen: 114240K->96K(111104K)] 116400K->2256K(286208K), 0.0005413 secs] [Times: user=0.00 sys=0.00, real=0.00 secs] 
21.864: [GC (Allocation Failure) [PSYoungGen: 110688K->32K(108032K)] 112848K->2192K(283136K), 0.0005700 secs] [Times: user=0.00 sys=0.00, real=0.00 secs] 
21.921: [GC (Allocation Failure) [PSYoungGen: 107552K->96K(104960K)] 109712K->2256K(280064K), 0.0005411 secs] [Times: user=0.00 sys=0.00, real=0.00 secs] 
21.977: [GC (Allocation Failure) [PSYoungGen: 104544K->96K(101888K)] 106704K->2256K(276992K), 0.0005542 secs] [Times: user=0.00 sys=0.00, real=0.00 secs] 
22.032: [GC (Allocation Failure) [PSYoungGen: 101472K->64K(98816K)] 103632K->2224K(273920K), 0.0005929 secs] [Times: user=0.00 sys=0.00, real=0.01 secs] 
22.085: [GC (Allocation Failure) [PSYoungGen: 98368K->64K(118784K)] 100528K->2224K(293888K), 0.0010494 secs] [Times: user=0.00 sys=0.00, real=0.00 secs] 
22.149: [GC (Allocation Failure) [PSYoungGen: 118336K->96K(142848K)] 120496K->2256K(317952K), 0.0008592 secs] [Times: user=0.01 sys=0.00, real=0.00 secs] 
22.225: [GC (Allocation Failure) [PSYoungGen: 142432K->96K(171520K)] 144592K->2256K(346624K), 0.0005529 secs] [Times: user=0.00 sys=0.00, real=0.00 secs] 
22.315: [GC (Allocation Failure) [PSYoungGen: 171104K->96K(165376K)] 173264K->2256K(340480K), 0.0005902 secs] [Times: user=0.00 sys=0.00, real=0.00 secs] 
22.404: [GC (Allocation Failure) [PSYoungGen: 164960K->64K(159744K)] 167120K->2224K(334848K), 0.0010851 secs] [Times: user=0.00 sys=0.00, real=0.00 secs] 
22.487: [GC (Allocation Failure) [PSYoungGen: 159296K->64K(154112K)] 161456K->2224K(329216K), 0.0005377 secs] [Times: user=0.00 sys=0.00, real=0.00 secs] 
22.566: [GC (Allocation Failure) [PSYoungGen: 153664K->96K(148992K)] 155824K->2256K(324096K), 0.0005475 secs] [Times: user=0.00 sys=0.00, real=0.00 secs] 
22.642: [GC (Allocation Failure) [PSYoungGen: 148576K->64K(143872K)] 150736K->2224K(318976K), 0.0005256 secs] [Times: user=0.00 sys=0.00, real=0.00 secs] 
22.716: [GC (Allocation Failure) [PSYoungGen: 143424K->32K(139264K)] 145584K->2192K(314368K), 0.0005255 secs] [Times: user=0.00 sys=0.00, real=0.00 secs] 
22.788: [GC (Allocation Failure) [PSYoungGen: 138784K->96K(134656K)] 140944K->2256K(309760K), 0.0005474 secs] [Times: user=0.00 sys=0.00, real=0.00 secs] 
22.858: [GC (Allocation Failure) [PSYoungGen: 134240K->96K(130560K)] 136400K->2256K(305664K), 0.0005573 secs] [Times: user=0.00 sys=0.00, real=0.00 secs] 
22.926: [GC (Allocation Failure) [PSYoungGen: 130144K->96K(126464K)] 132304K->2256K(301568K), 0.0005255 secs] [Times: user=0.00 sys=0.00, real=0.00 secs] 
22.990: [GC (Allocation Failure) [PSYoungGen: 126048K->64K(122368K)] 128208K->2224K(297472K), 0.0005276 secs] [Times: user=0.00 sys=0.00, real=0.00 secs] 
23.053: [GC (Allocation Failure) [PSYoungGen: 121920K->96K(118784K)] 124080K->2256K(293888K), 0.0005187 secs] [Times: user=0.01 sys=0.00, real=0.01 secs] 
23.114: [GC (Allocation Failure) [PSYoungGen: 118368K->96K(115200K)] 120528K->2256K(290304K), 0.0005091 secs] [Times: user=0.00 sys=0.00, real=0.00 secs] 
23.175: [GC (Allocation Failure) [PSYoungGen: 114784K->64K(111616K)] 116944K->2224K(286720K), 0.0005392 secs] [Times: user=0.00 sys=0.00, real=0.00 secs] 
23.232: [GC (Allocation Failure) [PSYoungGen: 111168K->96K(108544K)] 113328K->2256K(283648K), 0.0005331 secs] [Times: user=0.00 sys=0.00, real=0.00 secs] 
23.288: [GC (Allocation Failure) [PSYoungGen: 108128K->64K(105472K)] 110288K->2224K(280576K), 0.0005907 secs] [Times: user=0.00 sys=0.00, real=0.00 secs] 
23.343: [GC (Allocation Failure) [PSYoungGen: 105024K->64K(126464K)] 107184K->2224K(301568K), 0.0010699 secs] [Times: user=0.00 sys=0.00, real=0.01 secs] 
23.411: [GC (Allocation Failure) [PSYoungGen: 126016K->96K(122368K)] 128176K->2256K(297472K), 0.0005586 secs] [Times: user=0.00 sys=0.00, real=0.00 secs] 
23.474: [GC (Allocation Failure) [PSYoungGen: 121952K->64K(118784K)] 124112K->2224K(293888K), 0.0005337 secs] [Times: user=0.00 sys=0.00, real=0.00 secs] 
23.535: [GC (Allocation Failure) [PSYoungGen: 118336K->64K(142848K)] 120496K->2224K(317952K), 0.0008950 secs] [Times: user=0.00 sys=0.00, real=0.00 secs] 
23.608: [GC (Allocation Failure) [PSYoungGen: 142400K->64K(138240K)] 144560K->2232K(313344K), 0.0005414 secs] [Times: user=0.00 sys=0.00, real=0.00 secs] 
23.679: [GC (Allocation Failure) [PSYoungGen: 137792K->64K(133632K)] 139960K->2232K(308736K), 0.0005107 secs] [Times: user=0.00 sys=0.00, real=0.00 secs] 
23.747: [GC (Allocation Failure) [PSYoungGen: 133184K->96K(129536K)] 135352K->2264K(304640K), 0.0005145 secs] [Times: user=0.00 sys=0.00, real=0.00 secs] 
23.814: [GC (Allocation Failure) [PSYoungGen: 129120K->96K(125440K)] 131288K->2264K(300544K), 0.0005405 secs] [Times: user=0.00 sys=0.00, real=0.00 secs] 
23.878: [GC (Allocation Failure) [PSYoungGen: 125024K->64K(121344K)] 127192K->2232K(296448K), 0.0008896 secs] [Times: user=0.00 sys=0.00, real=0.00 secs] 
23.942: [GC (Allocation Failure) [PSYoungGen: 120896K->0K(117760K)] 123064K->2168K(292864K), 0.0006065 secs] [Times: user=0.00 sys=0.00, real=0.00 secs] 
24.002: [GC (Allocation Failure) [PSYoungGen: 117248K->96K(114176K)] 119416K->2264K(289280K), 0.0005149 secs] [Times: user=0.00 sys=0.00, real=0.00 secs] 
24.060: [GC (Allocation Failure) [PSYoungGen: 113760K->96K(110592K)] 115928K->2264K(285696K), 0.0005267 secs] [Times: user=0.00 sys=0.00, real=0.00 secs] 
24.117: [GC (Allocation Failure) [PSYoungGen: 110176K->96K(107520K)] 112344K->2264K(282624K), 0.0005372 secs] [Times: user=0.00 sys=0.00, real=0.00 secs] 
24.174: [GC (Allocation Failure) [PSYoungGen: 107104K->96K(104448K)] 109272K->2264K(279552K), 0.0005566 secs] [Times: user=0.00 sys=0.00, real=0.00 secs] 
24.227: [GC (Allocation Failure) [PSYoungGen: 104032K->96K(101376K)] 106200K->2264K(276480K), 0.0005508 secs] [Times: user=0.00 sys=0.00, real=0.00 secs] 
24.280: [GC (Allocation Failure) [PSYoungGen: 100960K->96K(98816K)] 103128K->2264K(273920K), 0.0005238 secs] [Times: user=0.00 sys=0.00, real=0.00 secs] 
24.331: [GC (Allocation Failure) [PSYoungGen: 98400K->96K(96256K)] 100568K->2264K(271360K), 0.0005364 secs] [Times: user=0.00 sys=0.00, real=0.00 secs] 
24.380: [GC (Allocation Failure) [PSYoungGen: 95840K->64K(93696K)] 98008K->2232K(268800K), 0.0005417 secs] [Times: user=0.00 sys=0.00, real=0.00 secs] 
24.430: [GC (Allocation Failure) [PSYoungGen: 93248K->64K(91136K)] 95416K->2232K(266240K), 0.0005377 secs] [Times: user=0.00 sys=0.00, real=0.00 secs] 
24.476: [GC (Allocation Failure) [PSYoungGen: 90688K->64K(88576K)] 92856K->2232K(263680K), 0.0005160 secs] [Times: user=0.00 sys=0.00, real=0.00 secs] 
24.522: [GC (Allocation Failure) [PSYoungGen: 88128K->96K(804352K)] 90296K->2264K(979456K), 0.0005226 secs] [Times: user=0.00 sys=0.00, real=0.00 secs] 
24.935: [GC (Allocation Failure) [PSYoungGen: 803936K->64K(767488K)] 806104K->2232K(942592K), 0.0005866 secs] [Times: user=0.00 sys=0.00, real=0.00 secs] 
25.328: [GC (Allocation Failure) [PSYoungGen: 767040K->96K(732160K)] 769208K->2264K(907264K), 0.0005419 secs] [Times: user=0.00 sys=0.00, real=0.00 secs] 
25.703: [GC (Allocation Failure) [PSYoungGen: 731744K->96K(698880K)] 733912K->2264K(873984K), 0.0005886 secs] [Times: user=0.00 sys=0.00, real=0.00 secs] 
26.061: [GC (Allocation Failure) [PSYoungGen: 698464K->64K(667136K)] 700632K->2232K(842240K), 0.0005401 secs] [Times: user=0.01 sys=0.00, real=0.00 secs] 
26.402: [GC (Allocation Failure) [PSYoungGen: 666688K->96K(636928K)] 668856K->2264K(812032K), 0.0005354 secs] [Times: user=0.00 sys=0.00, real=0.01 secs] 
26.729: [GC (Allocation Failure) [PSYoungGen: 636512K->96K(608256K)] 638680K->2264K(783360K), 0.0005679 secs] [Times: user=0.00 sys=0.00, real=0.00 secs] 
27.041: [GC (Allocation Failure) [PSYoungGen: 607840K->64K(581120K)] 610008K->2232K(756224K), 0.0005766 secs] [Times: user=0.00 sys=0.00, real=0.00 secs] 
27.339: [GC (Allocation Failure) [PSYoungGen: 580672K->96K(555520K)] 582840K->2264K(730624K), 0.0005295 secs] [Times: user=0.00 sys=0.00, real=0.00 secs] 
27.624: [GC (Allocation Failure) [PSYoungGen: 555104K->96K(530944K)] 557272K->2264K(706048K), 0.0005443 secs] [Times: user=0.00 sys=0.00, real=0.00 secs] 
27.895: [GC (Allocation Failure) [PSYoungGen: 530528K->96K(507392K)] 532696K->2264K(682496K), 0.0005430 secs] [Times: user=0.00 sys=0.00, real=0.00 secs] 
28.156: [GC (Allocation Failure) [PSYoungGen: 506976K->96K(485376K)] 509144K->2264K(660480K), 0.0005401 secs] [Times: user=0.00 sys=0.01, real=0.00 secs] 
28.405: [GC (Allocation Failure) [PSYoungGen: 484960K->64K(464384K)] 487128K->2232K(639488K), 0.0005715 secs] [Times: user=0.00 sys=0.00, real=0.00 secs] 
28.652: [GC (Allocation Failure) [PSYoungGen: 463936K->96K(444416K)] 466104K->2264K(619520K), 0.0005651 secs] [Times: user=0.00 sys=0.00, real=0.00 secs] 
28.886: [GC (Allocation Failure) [PSYoungGen: 444000K->96K(425472K)] 446168K->2264K(600576K), 0.0005531 secs] [Times: user=0.00 sys=0.00, real=0.00 secs] 
29.111: [GC (Allocation Failure) [PSYoungGen: 425056K->64K(407552K)] 427224K->2232K(582656K), 0.0005572 secs] [Times: user=0.00 sys=0.00, real=0.00 secs] 
29.327: [GC (Allocation Failure) [PSYoungGen: 407104K->96K(390144K)] 409272K->2264K(565248K), 0.0007181 secs] [Times: user=0.00 sys=0.00, real=0.00 secs] 
29.536: [GC (Allocation Failure) [PSYoungGen: 389728K->64K(373760K)] 391896K->2232K(548864K), 0.0005977 secs] [Times: user=0.00 sys=0.00, real=0.00 secs] 
29.733: [GC (Allocation Failure) [PSYoungGen: 373312K->0K(357888K)] 375480K->2168K(532992K), 0.0005407 secs] [Times: user=0.00 sys=0.00, real=0.00 secs] 
29.922: [GC (Allocation Failure) [PSYoungGen: 357376K->96K(343040K)] 359544K->2264K(518144K), 0.0005562 secs] [Times: user=0.00 sys=0.00, real=0.00 secs] 
30.103: [GC (Allocation Failure) [PSYoungGen: 342624K->96K(328704K)] 344792K->2264K(503808K), 0.0005511 secs] [Times: user=0.00 sys=0.00, real=0.00 secs] 
30.278: [GC (Allocation Failure) [PSYoungGen: 328288K->64K(315392K)] 330456K->2232K(490496K), 0.0011028 secs] [Times: user=0.01 sys=0.00, real=0.00 secs] 
30.446: [GC (Allocation Failure) [PSYoungGen: 314944K->32K(302592K)] 317112K->2224K(477696K), 0.0005626 secs] [Times: user=0.00 sys=0.00, real=0.00 secs] 
30.605: [GC (Allocation Failure) [PSYoungGen: 302112K->64K(290304K)] 304304K->2256K(465408K), 0.0006096 secs] [Times: user=0.00 sys=0.00, real=0.00 secs] 
30.757: [GC (Allocation Failure) [PSYoungGen: 289856K->64K(278528K)] 292048K->2256K(453632K), 0.0005688 secs] [Times: user=0.01 sys=0.00, real=0.00 secs] 
30.906: [GC (Allocation Failure) [PSYoungGen: 278080K->96K(267776K)] 280272K->2288K(442880K), 0.0005851 secs] [Times: user=0.00 sys=0.00, real=0.00 secs] 
31.047: [GC (Allocation Failure) [PSYoungGen: 267360K->64K(257536K)] 269552K->2256K(432640K), 0.0006818 secs] [Times: user=0.01 sys=0.00, real=0.00 secs] 
31.183: [GC (Allocation Failure) [PSYoungGen: 257088K->96K(247296K)] 259280K->2288K(422400K), 0.0005566 secs] [Times: user=0.00 sys=0.00, real=0.00 secs] 
31.315: [GC (Allocation Failure) [PSYoungGen: 246880K->64K(237568K)] 249072K->2256K(412672K), 0.0005574 secs] [Times: user=0.00 sys=0.00, real=0.00 secs] 
31.441: [GC (Allocation Failure) [PSYoungGen: 237120K->96K(228352K)] 239312K->2288K(403456K), 0.0005487 secs] [Times: user=0.00 sys=0.00, real=0.00 secs] 
31.561: [GC (Allocation Failure) [PSYoungGen: 227936K->96K(219648K)] 230128K->2288K(394752K), 0.0005650 secs] [Times: user=0.00 sys=0.00, real=0.00 secs] 
31.676: [GC (Allocation Failure) [PSYoungGen: 219232K->96K(211456K)] 221424K->2288K(386560K), 0.0005486 secs] [Times: user=0.00 sys=0.00, real=0.00 secs] 
31.784: [GC (Allocation Failure) [PSYoungGen: 211040K->96K(203776K)] 213232K->2288K(378880K), 0.0005553 secs] [Times: user=0.00 sys=0.00, real=0.00 secs] 
31.890: [GC (Allocation Failure) [PSYoungGen: 203360K->96K(196096K)] 205552K->2288K(371200K), 0.0005360 secs] [Times: user=0.00 sys=0.00, real=0.00 secs] 
31.990: [GC (Allocation Failure) [PSYoungGen: 195680K->96K(188928K)] 197872K->2288K(364032K), 0.0005291 secs] [Times: user=0.00 sys=0.00, real=0.00 secs] 
32.090: [GC (Allocation Failure) [PSYoungGen: 188512K->96K(182272K)] 190704K->2288K(357376K), 0.0005382 secs] [Times: user=0.00 sys=0.00, real=0.00 secs] 
32.184: [GC (Allocation Failure) [PSYoungGen: 181856K->64K(175616K)] 184048K->2256K(350720K), 0.0005421 secs] [Times: user=0.00 sys=0.00, real=0.00 secs] 
32.274: [GC (Allocation Failure) [PSYoungGen: 175168K->96K(169472K)] 177360K->2288K(344576K), 0.0005361 secs] [Times: user=0.00 sys=0.00, real=0.00 secs] 
32.362: [GC (Allocation Failure) [PSYoungGen: 169056K->96K(163840K)] 171248K->2288K(338944K), 0.0005485 secs] [Times: user=0.00 sys=0.00, real=0.00 secs] 
32.446: [GC (Allocation Failure) [PSYoungGen: 163424K->64K(158208K)] 165616K->2256K(333312K), 0.0005400 secs] [Times: user=0.01 sys=0.00, real=0.00 secs] 
32.527: [GC (Allocation Failure) [PSYoungGen: 157760K->96K(153088K)] 159952K->2288K(328192K), 0.0005511 secs] [Times: user=0.00 sys=0.01, real=0.00 secs] 
32.605: [GC (Allocation Failure) [PSYoungGen: 152672K->96K(147968K)] 154864K->2288K(323072K), 0.0005286 secs] [Times: user=0.01 sys=0.00, real=0.00 secs] 
32.681: [GC (Allocation Failure) [PSYoungGen: 147552K->64K(143360K)] 149744K->2256K(318464K), 0.0005245 secs] [Times: user=0.00 sys=0.00, real=0.00 secs] 
32.755: [GC (Allocation Failure) [PSYoungGen: 142912K->96K(138752K)] 145104K->2288K(313856K), 0.0005398 secs] [Times: user=0.00 sys=0.00, real=0.00 secs] 
32.826: [GC (Allocation Failure) [PSYoungGen: 138336K->96K(134144K)] 140528K->2288K(309248K), 0.0005402 secs] [Times: user=0.00 sys=0.00, real=0.00 secs] 
32.896: [GC (Allocation Failure) [PSYoungGen: 133728K->64K(130048K)] 135920K->2256K(305152K), 0.0005992 secs] [Times: user=0.00 sys=0.00, real=0.00 secs] 
32.962: [GC (Allocation Failure) [PSYoungGen: 129600K->96K(125952K)] 131792K->2288K(301056K), 0.0005844 secs] [Times: user=0.01 sys=0.00, real=0.01 secs] 
33.027: [GC (Allocation Failure) [PSYoungGen: 125536K->96K(121856K)] 127728K->2288K(296960K), 0.0005198 secs] [Times: user=0.00 sys=0.00, real=0.00 secs] 
33.089: [GC (Allocation Failure) [PSYoungGen: 121440K->32K(118272K)] 123632K->2224K(293376K), 0.0005632 secs] [Times: user=0.00 sys=0.00, real=0.00 secs] 
33.150: [GC (Allocation Failure) [PSYoungGen: 117792K->96K(114688K)] 119984K->2288K(289792K), 0.0005570 secs] [Times: user=0.00 sys=0.00, real=0.00 secs] 
33.210: [GC (Allocation Failure) [PSYoungGen: 114272K->64K(111104K)] 116464K->2256K(286208K), 0.0005400 secs] [Times: user=0.00 sys=0.00, real=0.00 secs] 
33.267: [GC (Allocation Failure) [PSYoungGen: 110656K->32K(108032K)] 112848K->2224K(283136K), 0.0005487 secs] [Times: user=0.00 sys=0.00, real=0.00 secs] 
33.323: [GC (Allocation Failure) [PSYoungGen: 107552K->96K(104960K)] 109744K->2288K(280064K), 0.0005362 secs] [Times: user=0.00 sys=0.00, real=0.01 secs] 
33.377: [GC (Allocation Failure) [PSYoungGen: 104544K->64K(101888K)] 106736K->2256K(276992K), 0.0005456 secs] [Times: user=0.00 sys=0.00, real=0.00 secs] 
33.429: [GC (Allocation Failure) [PSYoungGen: 101440K->96K(98816K)] 103632K->2288K(273920K), 0.0005161 secs] [Times: user=0.01 sys=0.00, real=0.00 secs] 
33.480: [GC (Allocation Failure) [PSYoungGen: 98400K->96K(96256K)] 100592K->2288K(271360K), 0.0005697 secs] [Times: user=0.00 sys=0.00, real=0.00 secs] 
33.530: [GC (Allocation Failure) [PSYoungGen: 95840K->96K(93696K)] 98032K->2288K(268800K), 0.0005626 secs] [Times: user=0.00 sys=0.00, real=0.00 secs] 
33.578: [GC (Allocation Failure) [PSYoungGen: 93280K->96K(91136K)] 95472K->2288K(266240K), 0.0005086 secs] [Times: user=0.01 sys=0.00, real=0.00 secs] 
33.625: [GC (Allocation Failure) [PSYoungGen: 90720K->96K(88576K)] 92912K->2288K(263680K), 0.0005015 secs] [Times: user=0.00 sys=0.00, real=0.00 secs] 
33.670: [GC (Allocation Failure) [PSYoungGen: 88160K->64K(804352K)] 90352K->2256K(979456K), 0.0005095 secs] [Times: user=0.00 sys=0.00, real=0.00 secs] 
34.085: [GC (Allocation Failure) [PSYoungGen: 803904K->96K(767488K)] 806096K->2288K(942592K), 0.0005723 secs] [Times: user=0.00 sys=0.00, real=0.00 secs] 
34.478: [GC (Allocation Failure) [PSYoungGen: 767072K->96K(732160K)] 769264K->2288K(907264K), 0.0005346 secs] [Times: user=0.01 sys=0.00, real=0.00 secs] 
34.852: [GC (Allocation Failure) [PSYoungGen: 731744K->96K(698880K)] 733936K->2288K(873984K), 0.0005326 secs] [Times: user=0.00 sys=0.00, real=0.00 secs] 
35.210: [GC (Allocation Failure) [PSYoungGen: 698464K->96K(667136K)] 700656K->2288K(842240K), 0.0005729 secs] [Times: user=0.00 sys=0.00, real=0.00 secs] 
35.552: [GC (Allocation Failure) [PSYoungGen: 666720K->96K(636928K)] 668912K->2288K(812032K), 0.0005726 secs] [Times: user=0.00 sys=0.00, real=0.00 secs] 
35.878: [GC (Allocation Failure) [PSYoungGen: 636512K->96K(608256K)] 638704K->2288K(783360K), 0.0007940 secs] [Times: user=0.01 sys=0.00, real=0.00 secs] 
36.190: [GC (Allocation Failure) [PSYoungGen: 607840K->96K(581120K)] 610032K->2288K(756224K), 0.0005314 secs] [Times: user=0.00 sys=0.00, real=0.00 secs] 
36.488: [GC (Allocation Failure) [PSYoungGen: 580704K->96K(555520K)] 582896K->2288K(730624K), 0.0005353 secs] [Times: user=0.00 sys=0.00, real=0.00 secs] 
36.771: [GC (Allocation Failure) [PSYoungGen: 555104K->96K(530944K)] 557296K->2288K(706048K), 0.0005383 secs] [Times: user=0.00 sys=0.00, real=0.00 secs] 
37.045: [GC (Allocation Failure) [PSYoungGen: 530528K->96K(507392K)] 532720K->2288K(682496K), 0.0005351 secs] [Times: user=0.00 sys=0.00, real=0.00 secs] 
37.305: [GC (Allocation Failure) [PSYoungGen: 506976K->96K(485376K)] 509168K->2288K(660480K), 0.0005341 secs] [Times: user=0.00 sys=0.00, real=0.00 secs] 
37.555: [GC (Allocation Failure) [PSYoungGen: 484959K->96K(464384K)] 487151K->2288K(639488K), 0.0005776 secs] [Times: user=0.00 sys=0.00, real=0.00 secs] 
37.792: [GC (Allocation Failure) [PSYoungGen: 463968K->96K(444416K)] 466160K->2288K(619520K), 0.0005402 secs] [Times: user=0.00 sys=0.00, real=0.01 secs] 
38.021: [GC (Allocation Failure) [PSYoungGen: 444000K->96K(425472K)] 446192K->2288K(600576K), 0.0005398 secs] [Times: user=0.00 sys=0.00, real=0.00 secs] 
38.240: [GC (Allocation Failure) [PSYoungGen: 425056K->96K(407552K)] 427248K->2288K(582656K), 0.0005630 secs] [Times: user=0.01 sys=0.00, real=0.00 secs] 
38.449: [GC (Allocation Failure) [PSYoungGen: 407136K->64K(390144K)] 409328K->2256K(565248K), 0.0005448 secs] [Times: user=0.01 sys=0.00, real=0.00 secs] 
38.648: [GC (Allocation Failure) [PSYoungGen: 389696K->96K(373760K)] 391888K->2288K(548864K), 0.0005444 secs] [Times: user=0.00 sys=0.00, real=0.00 secs] 
38.839: [GC (Allocation Failure) [PSYoungGen: 373344K->96K(357888K)] 375536K->2288K(532992K), 0.0006749 secs] [Times: user=0.00 sys=0.00, real=0.00 secs] 
39.028: [GC (Allocation Failure) [PSYoungGen: 357472K->32K(343040K)] 359664K->2224K(518144K), 0.0010770 secs] [Times: user=0.01 sys=0.00, real=0.00 secs] 
39.205: [GC (Allocation Failure) [PSYoungGen: 342560K->64K(328704K)] 344752K->2256K(503808K), 0.0005851 secs] [Times: user=0.00 sys=0.00, real=0.00 secs] 
39.373: [GC (Allocation Failure) [PSYoungGen: 328256K->96K(315392K)] 330448K->2288K(490496K), 0.0005461 secs] [Times: user=0.00 sys=0.00, real=0.00 secs] 
39.536: [GC (Allocation Failure) [PSYoungGen: 314976K->96K(302592K)] 317168K->2288K(477696K), 0.0005378 secs] [Times: user=0.00 sys=0.00, real=0.00 secs] 
39.691: [GC (Allocation Failure) [PSYoungGen: 302176K->96K(290304K)] 304368K->2288K(465408K), 0.0005422 secs] [Times: user=0.00 sys=0.00, real=0.00 secs] 
39.841: [GC (Allocation Failure) [PSYoungGen: 289888K->96K(278528K)] 292080K->2288K(453632K), 0.0005320 secs] [Times: user=0.00 sys=0.00, real=0.00 secs] 
39.985: [GC (Allocation Failure) [PSYoungGen: 278112K->96K(267776K)] 280304K->2288K(442880K), 0.0005572 secs] [Times: user=0.00 sys=0.00, real=0.00 secs] 
40.123: [GC (Allocation Failure) [PSYoungGen: 267360K->96K(257536K)] 269552K->2288K(432640K), 0.0005417 secs] [Times: user=0.00 sys=0.00, real=0.01 secs] 
40.256: [GC (Allocation Failure) [PSYoungGen: 257120K->96K(247296K)] 259312K->2288K(422400K), 0.0005619 secs] [Times: user=0.00 sys=0.00, real=0.00 secs] 
40.388: [GC (Allocation Failure) [PSYoungGen: 246880K->96K(237568K)] 249072K->2288K(412672K), 0.0005723 secs] [Times: user=0.01 sys=0.00, real=0.00 secs] 
40.513: [GC (Allocation Failure) [PSYoungGen: 237152K->96K(228352K)] 239344K->2312K(403456K), 0.0005884 secs] [Times: user=0.00 sys=0.00, real=0.00 secs] 
40.636: [GC (Allocation Failure) [PSYoungGen: 227936K->64K(219648K)] 230152K->2280K(394752K), 0.0005616 secs] [Times: user=0.00 sys=0.00, real=0.00 secs] 
40.753: [GC (Allocation Failure) [PSYoungGen: 219200K->96K(211456K)] 221416K->2312K(386560K), 0.0005533 secs] [Times: user=0.00 sys=0.00, real=0.00 secs] 
40.874: [GC (Allocation Failure) [PSYoungGen: 211040K->96K(203776K)] 213256K->2312K(378880K), 0.0005456 secs] [Times: user=0.00 sys=0.00, real=0.00 secs] 
40.994: [GC (Allocation Failure) [PSYoungGen: 203360K->64K(196096K)] 205576K->2280K(371200K), 0.0005878 secs] [Times: user=0.00 sys=0.00, real=0.00 secs] 
41.101: [GC (Allocation Failure) [PSYoungGen: 195648K->64K(188928K)] 197864K->2280K(364032K), 0.0005446 secs] [Times: user=0.00 sys=0.00, real=0.00 secs] 
41.205: [GC (Allocation Failure) [PSYoungGen: 188480K->96K(182272K)] 190696K->2312K(357376K), 0.0006327 secs] [Times: user=0.00 sys=0.00, real=0.00 secs] 
41.303: [GC (Allocation Failure) [PSYoungGen: 181856K->128K(175616K)] 184072K->2344K(350720K), 0.0008478 secs] [Times: user=0.00 sys=0.00, real=0.00 secs] 
41.396: [GC (Allocation Failure) [PSYoungGen: 175232K->96K(169472K)] 177448K->2312K(344576K), 0.0005625 secs] [Times: user=0.00 sys=0.00, real=0.00 secs] 
41.486: [GC (Allocation Failure) [PSYoungGen: 169056K->96K(163840K)] 171272K->2312K(338944K), 0.0005775 secs] [Times: user=0.00 sys=0.00, real=0.00 secs] 
41.574: [GC (Allocation Failure) [PSYoungGen: 163424K->96K(158208K)] 165640K->2312K(333312K), 0.0005853 secs] [Times: user=0.00 sys=0.01, real=0.00 secs] 
41.661: [GC (Allocation Failure) [PSYoungGen: 157792K->96K(153088K)] 160008K->2312K(328192K), 0.0027602 secs] [Times: user=0.01 sys=0.00, real=0.01 secs] 
41.745: [GC (Allocation Failure) [PSYoungGen: 152672K->64K(147968K)] 154888K->2280K(323072K), 0.0005866 secs] [Times: user=0.00 sys=0.00, real=0.00 secs] 
41.824: [GC (Allocation Failure) [PSYoungGen: 147520K->64K(143360K)] 149736K->2280K(318464K), 0.0005920 secs] [Times: user=0.00 sys=0.00, real=0.00 secs] 
41.901: [GC (Allocation Failure) [PSYoungGen: 142912K->96K(138752K)] 145128K->2312K(313856K), 0.0005531 secs] [Times: user=0.00 sys=0.00, real=0.00 secs] 
41.975: [GC (Allocation Failure) [PSYoungGen: 138336K->96K(134144K)] 140552K->2312K(309248K), 0.0005477 secs] [Times: user=0.00 sys=0.00, real=0.00 secs] 
42.049: [GC (Allocation Failure) [PSYoungGen: 133728K->64K(130048K)] 135944K->2280K(305152K), 0.0005969 secs] [Times: user=0.00 sys=0.00, real=0.00 secs] 
42.118: [GC (Allocation Failure) [PSYoungGen: 129600K->96K(125952K)] 131816K->2312K(301056K), 0.0005328 secs] [Times: user=0.00 sys=0.00, real=0.00 secs] 
42.184: [GC (Allocation Failure) [PSYoungGen: 125536K->64K(121856K)] 127752K->2280K(296960K), 0.0009954 secs] [Times: user=0.00 sys=0.00, real=0.00 secs] 
42.251: [GC (Allocation Failure) [PSYoungGen: 121407K->96K(118272K)] 123623K->2312K(293376K), 0.0005536 secs] [Times: user=0.00 sys=0.00, real=0.00 secs] 
42.314: [GC (Allocation Failure) [PSYoungGen: 117856K->64K(141824K)] 120072K->2280K(316928K), 0.0010985 secs] [Times: user=0.00 sys=0.00, real=0.00 secs] 
42.391: [GC (Allocation Failure) [PSYoungGen: 141376K->96K(137216K)] 143592K->2312K(312320K), 0.0006021 secs] [Times: user=0.00 sys=0.00, real=0.00 secs] 
42.463: [GC (Allocation Failure) [PSYoungGen: 136800K->64K(132608K)] 139016K->2280K(307712K), 0.0005877 secs] [Times: user=0.00 sys=0.00, real=0.00 secs] 
42.537: [GC (Allocation Failure) [PSYoungGen: 132160K->96K(128512K)] 134376K->2312K(303616K), 0.0006274 secs] [Times: user=0.00 sys=0.00, real=0.00 secs] 
42.609: [GC (Allocation Failure) [PSYoungGen: 128096K->96K(124416K)] 130312K->2312K(299520K), 0.0005457 secs] [Times: user=0.00 sys=0.00, real=0.00 secs] 
42.674: [GC (Allocation Failure) [PSYoungGen: 124000K->96K(120832K)] 126216K->2312K(295936K), 0.0005347 secs] [Times: user=0.00 sys=0.00, real=0.00 secs] 
42.738: [GC (Allocation Failure) [PSYoungGen: 120416K->96K(117248K)] 122632K->2312K(292352K), 0.0005693 secs] [Times: user=0.00 sys=0.00, real=0.00 secs] 
42.801: [GC (Allocation Failure) [PSYoungGen: 116832K->64K(113664K)] 119048K->2280K(288768K), 0.0005670 secs] [Times: user=0.01 sys=0.00, real=0.00 secs] 
42.863: [GC (Allocation Failure) [PSYoungGen: 113216K->96K(110592K)] 115432K->2312K(285696K), 0.0005519 secs] [Times: user=0.00 sys=0.00, real=0.00 secs] 
42.921: [GC (Allocation Failure) [PSYoungGen: 110176K->64K(107520K)] 112392K->2280K(282624K), 0.0005453 secs] [Times: user=0.00 sys=0.00, real=0.00 secs] 
42.978: [GC (Allocation Failure) [PSYoungGen: 107072K->32K(104448K)] 109288K->2248K(279552K), 0.0006136 secs] [Times: user=0.00 sys=0.00, real=0.00 secs] 
43.037: [GC (Allocation Failure) [PSYoungGen: 103968K->32K(101376K)] 106184K->2248K(276480K), 0.0005718 secs] [Times: user=0.00 sys=0.00, real=0.00 secs] 
43.092: [GC (Allocation Failure) [PSYoungGen: 100896K->64K(121856K)] 103112K->2280K(296960K), 0.0012797 secs] [Times: user=0.00 sys=0.00, real=0.01 secs] 
43.162: [GC (Allocation Failure) [PSYoungGen: 121408K->96K(146432K)] 123624K->2312K(321536K), 0.0005803 secs] [Times: user=0.00 sys=0.00, real=0.00 secs] 
43.240: [GC (Allocation Failure) [PSYoungGen: 146016K->64K(141824K)] 148232K->2280K(316928K), 0.0005597 secs] [Times: user=0.00 sys=0.00, real=0.00 secs] 
43.315: [GC (Allocation Failure) [PSYoungGen: 141376K->64K(137216K)] 143592K->2280K(312320K), 0.0006088 secs] [Times: user=0.00 sys=0.00, real=0.00 secs] 
43.389: [GC (Allocation Failure) [PSYoungGen: 136768K->32K(132608K)] 138984K->2248K(307712K), 0.0005565 secs] [Times: user=0.00 sys=0.00, real=0.00 secs] 
43.459: [GC (Allocation Failure) [PSYoungGen: 132128K->96K(128512K)] 134344K->2312K(303616K), 0.0005315 secs] [Times: user=0.00 sys=0.00, real=0.00 secs] 
43.527: [GC (Allocation Failure) [PSYoungGen: 128096K->96K(124416K)] 130312K->2312K(299520K), 0.0005365 secs] [Times: user=0.01 sys=0.00, real=0.00 secs] 
43.593: [GC (Allocation Failure) [PSYoungGen: 124000K->96K(120832K)] 126216K->2312K(295936K), 0.0005514 secs] [Times: user=0.00 sys=0.00, real=0.01 secs] 
43.656: [GC (Allocation Failure) [PSYoungGen: 120416K->64K(117248K)] 122632K->2280K(292352K), 0.0005267 secs] [Times: user=0.01 sys=0.00, real=0.00 secs] 
43.719: [GC (Allocation Failure) [PSYoungGen: 116800K->96K(113664K)] 119016K->2312K(288768K), 0.0005933 secs] [Times: user=0.00 sys=0.00, real=0.00 secs] 
43.779: [GC (Allocation Failure) [PSYoungGen: 113248K->64K(110592K)] 115464K->2280K(285696K), 0.0006148 secs] [Times: user=0.00 sys=0.00, real=0.00 secs] 
43.839: [GC (Allocation Failure) [PSYoungGen: 110144K->96K(107520K)] 112360K->2312K(282624K), 0.0005506 secs] [Times: user=0.00 sys=0.00, real=0.00 secs] 
43.898: [GC (Allocation Failure) [PSYoungGen: 107104K->64K(129024K)] 109320K->2280K(304128K), 0.0011436 secs] [Times: user=0.00 sys=0.00, real=0.00 secs] 
43.967: [GC (Allocation Failure) [PSYoungGen: 128576K->96K(124928K)] 130792K->2312K(300032K), 0.0005481 secs] [Times: user=0.00 sys=0.00, real=0.00 secs] 
44.033: [GC (Allocation Failure) [PSYoungGen: 124512K->64K(121344K)] 126728K->2280K(296448K), 0.0005713 secs] [Times: user=0.00 sys=0.00, real=0.01 secs] 
44.097: [GC (Allocation Failure) [PSYoungGen: 120896K->96K(117760K)] 123112K->2312K(292864K), 0.0005429 secs] [Times: user=0.00 sys=0.00, real=0.00 secs] 
44.159: [GC (Allocation Failure) [PSYoungGen: 117344K->96K(114176K)] 119560K->2312K(289280K), 0.0005401 secs] [Times: user=0.00 sys=0.00, real=0.00 secs] 
44.221: [GC (Allocation Failure) [PSYoungGen: 113760K->96K(110592K)] 115976K->2312K(285696K), 0.0005785 secs] [Times: user=0.00 sys=0.00, real=0.00 secs] 
44.280: [GC (Allocation Failure) [PSYoungGen: 110176K->96K(107520K)] 112392K->2312K(282624K), 0.0006895 secs] [Times: user=0.00 sys=0.00, real=0.00 secs] 
44.337: [GC (Allocation Failure) [PSYoungGen: 107104K->96K(104448K)] 109320K->2312K(279552K), 0.0005583 secs] [Times: user=0.00 sys=0.00, real=0.00 secs] 
44.394: [GC (Allocation Failure) [PSYoungGen: 104032K->64K(125440K)] 106248K->2280K(300544K), 0.0009643 secs] [Times: user=0.00 sys=0.00, real=0.00 secs] 
44.460: [GC (Allocation Failure) [PSYoungGen: 124992K->96K(121344K)] 127208K->2312K(296448K), 0.0005476 secs] [Times: user=0.01 sys=0.00, real=0.00 secs] 
44.525: [GC (Allocation Failure) [PSYoungGen: 120928K->32K(117760K)] 123144K->2248K(292864K), 0.0005577 secs] [Times: user=0.00 sys=0.00, real=0.00 secs] 
44.587: [GC (Allocation Failure) [PSYoungGen: 117280K->64K(114176K)] 119496K->2280K(289280K), 0.0005412 secs] [Times: user=0.00 sys=0.00, real=0.00 secs] 
44.647: [GC (Allocation Failure) [PSYoungGen: 113728K->64K(110592K)] 115944K->2280K(285696K), 0.0005276 secs] [Times: user=0.00 sys=0.00, real=0.00 secs] 
44.705: [GC (Allocation Failure) [PSYoungGen: 110144K->96K(107520K)] 112360K->2312K(282624K), 0.0005365 secs] [Times: user=0.00 sys=0.00, real=0.00 secs] 
44.762: [GC (Allocation Failure) [PSYoungGen: 107104K->96K(104448K)] 109320K->2312K(279552K), 0.0005373 secs] [Times: user=0.00 sys=0.00, real=0.00 secs] 
44.818: [GC (Allocation Failure) [PSYoungGen: 104032K->96K(101376K)] 106248K->2312K(276480K), 0.0005510 secs] [Times: user=0.01 sys=0.00, real=0.00 secs] 
44.873: [GC (Allocation Failure) [PSYoungGen: 100960K->96K(98816K)] 103176K->2312K(273920K), 0.0008020 secs] [Times: user=0.00 sys=0.00, real=0.01 secs] 
44.925: [GC (Allocation Failure) [PSYoungGen: 98400K->96K(96256K)] 100616K->2312K(271360K), 0.0005813 secs] [Times: user=0.00 sys=0.00, real=0.00 secs] 
44.976: [GC (Allocation Failure) [PSYoungGen: 95840K->96K(93696K)] 98056K->2312K(268800K), 0.0005439 secs] [Times: user=0.01 sys=0.00, real=0.00 secs] 
45.026: [GC (Allocation Failure) [PSYoungGen: 93280K->64K(91136K)] 95496K->2280K(266240K), 0.0005493 secs] [Times: user=0.01 sys=0.00, real=0.00 secs] 
45.074: [GC (Allocation Failure) [PSYoungGen: 90688K->32K(88576K)] 92904K->2248K(263680K), 0.0005091 secs] [Times: user=0.00 sys=0.00, real=0.00 secs] 
45.121: [GC (Allocation Failure) [PSYoungGen: 88096K->96K(106496K)] 90312K->2312K(281600K), 0.0005342 secs] [Times: user=0.00 sys=0.00, real=0.00 secs] 
45.177: [GC (Allocation Failure) [PSYoungGen: 106080K->96K(103424K)] 108296K->2312K(278528K), 0.0005266 secs] [Times: user=0.00 sys=0.00, real=0.00 secs] 
45.233: [GC (Allocation Failure) [PSYoungGen: 103008K->96K(100352K)] 105224K->2312K(275456K), 0.0005736 secs] [Times: user=0.00 sys=0.00, real=0.00 secs] 
45.286: [GC (Allocation Failure) [PSYoungGen: 99936K->96K(97792K)] 102152K->2312K(272896K), 0.0005277 secs] [Times: user=0.00 sys=0.00, real=0.00 secs] 
45.339: [GC (Allocation Failure) [PSYoungGen: 97376K->96K(95232K)] 99592K->2312K(270336K), 0.0005713 secs] [Times: user=0.00 sys=0.00, real=0.00 secs] 
45.391: [GC (Allocation Failure) [PSYoungGen: 94816K->0K(92672K)] 97032K->2216K(267776K), 0.0005494 secs] [Times: user=0.00 sys=0.00, real=0.00 secs] 
45.440: [GC (Allocation Failure) [PSYoungGen: 92160K->96K(90112K)] 94376K->2312K(265216K), 0.0006009 secs] [Times: user=0.00 sys=0.00, real=0.00 secs] 
45.488: [GC (Allocation Failure) [PSYoungGen: 89696K->96K(108032K)] 91912K->2312K(283136K), 0.0005439 secs] [Times: user=0.00 sys=0.00, real=0.00 secs] 
45.545: [GC (Allocation Failure) [PSYoungGen: 107616K->96K(104960K)] 109832K->2312K(280064K), 0.0005389 secs] [Times: user=0.00 sys=0.00, real=0.00 secs] 
45.601: [GC (Allocation Failure) [PSYoungGen: 104544K->96K(101888K)] 106760K->2312K(276992K), 0.0005476 secs] [Times: user=0.01 sys=0.00, real=0.00 secs] 
45.654: [GC (Allocation Failure) [PSYoungGen: 101472K->32K(98816K)] 103688K->2248K(273920K), 0.0005379 secs] [Times: user=0.00 sys=0.00, real=0.00 secs] 
45.706: [GC (Allocation Failure) [PSYoungGen: 98336K->96K(96256K)] 100552K->2312K(271360K), 0.0005366 secs] [Times: user=0.00 sys=0.00, real=0.00 secs] 
45.755: [GC (Allocation Failure) [PSYoungGen: 95840K->64K(93696K)] 98056K->2280K(268800K), 0.0005387 secs] [Times: user=0.00 sys=0.00, real=0.00 secs] 
45.803: [GC (Allocation Failure) [PSYoungGen: 93248K->96K(91136K)] 95464K->2312K(266240K), 0.0005393 secs] [Times: user=0.00 sys=0.00, real=0.00 secs] 
45.850: [GC (Allocation Failure) [PSYoungGen: 90720K->64K(109568K)] 92936K->2280K(284672K), 0.0005970 secs] [Times: user=0.00 sys=0.00, real=0.00 secs] 
45.908: [GC (Allocation Failure) [PSYoungGen: 109120K->96K(106496K)] 111336K->2312K(281600K), 0.0005504 secs] [Times: user=0.01 sys=0.00, real=0.00 secs] 
45.963: [GC (Allocation Failure) [PSYoungGen: 106080K->96K(103424K)] 108296K->2312K(278528K), 0.0005427 secs] [Times: user=0.00 sys=0.00, real=0.01 secs] 
46.016: [GC (Allocation Failure) [PSYoungGen: 103008K->32K(100352K)] 105224K->2248K(275456K), 0.0005083 secs] [Times: user=0.00 sys=0.00, real=0.00 secs] 
46.067: [GC (Allocation Failure) [PSYoungGen: 99872K->96K(97792K)] 102088K->2312K(272896K), 0.0005104 secs] [Times: user=0.01 sys=0.00, real=0.00 secs] 
46.117: [GC (Allocation Failure) [PSYoungGen: 97376K->96K(95232K)] 99592K->2312K(270336K), 0.0005347 secs] [Times: user=0.00 sys=0.00, real=0.00 secs] 
46.166: [GC (Allocation Failure) [PSYoungGen: 94816K->96K(92672K)] 97032K->2312K(267776K), 0.0005119 secs] [Times: user=0.01 sys=0.00, real=0.00 secs] 
46.215: [GC (Allocation Failure) [PSYoungGen: 92256K->64K(111104K)] 94472K->2280K(286208K), 0.0010502 secs] [Times: user=0.01 sys=0.00, real=0.00 secs] 
46.273: [GC (Allocation Failure) [PSYoungGen: 110656K->64K(133632K)] 112872K->2280K(308736K), 0.0010754 secs] [Times: user=0.00 sys=0.00, real=0.00 secs] 
46.342: [GC (Allocation Failure) [PSYoungGen: 133184K->96K(160256K)] 135400K->2312K(335360K), 0.0005340 secs] [Times: user=0.00 sys=0.00, real=0.01 secs] 
46.426: [GC (Allocation Failure) [PSYoungGen: 159840K->96K(192512K)] 162056K->2312K(367616K), 0.0005432 secs] [Times: user=0.00 sys=0.00, real=0.00 secs] 
46.524: [GC (Allocation Failure) [PSYoungGen: 192096K->64K(185856K)] 194312K->2280K(360960K), 0.0005413 secs] [Times: user=0.00 sys=0.00, real=0.00 secs] 
46.620: [GC (Allocation Failure) [PSYoungGen: 185408K->64K(179200K)] 187624K->2280K(354304K), 0.0005421 secs] [Times: user=0.00 sys=0.00, real=0.00 secs] 
46.711: [GC (Allocation Failure) [PSYoungGen: 178752K->96K(173056K)] 180968K->2312K(348160K), 0.0005462 secs] [Times: user=0.00 sys=0.00, real=0.00 secs] 
46.800: [GC (Allocation Failure) [PSYoungGen: 172640K->96K(166912K)] 174856K->2312K(342016K), 0.0005426 secs] [Times: user=0.00 sys=0.00, real=0.00 secs] 
46.885: [GC (Allocation Failure) [PSYoungGen: 166496K->96K(161280K)] 168712K->2312K(336384K), 0.0005875 secs] [Times: user=0.00 sys=0.00, real=0.00 secs] 
46.969: [GC (Allocation Failure) [PSYoungGen: 160864K->96K(155648K)] 163080K->2312K(330752K), 0.0005696 secs] [Times: user=0.00 sys=0.00, real=0.00 secs] 
47.050: [GC (Allocation Failure) [PSYoungGen: 155232K->64K(150528K)] 157448K->2280K(325632K), 0.0005736 secs] [Times: user=0.00 sys=0.00, real=0.00 secs] 
47.128: [GC (Allocation Failure) [PSYoungGen: 150080K->64K(145408K)] 152296K->2280K(320512K), 0.0005286 secs] [Times: user=0.00 sys=0.00, real=0.00 secs] 
47.203: [GC (Allocation Failure) [PSYoungGen: 144960K->96K(140800K)] 147176K->2312K(315904K), 0.0007869 secs] [Times: user=0.00 sys=0.00, real=0.00 secs] 
47.276: [GC (Allocation Failure) [PSYoungGen: 140384K->32K(136192K)] 142600K->2248K(311296K), 0.0005787 secs] [Times: user=0.00 sys=0.00, real=0.00 secs] 
47.346: [GC (Allocation Failure) [PSYoungGen: 135712K->96K(132096K)] 137928K->2312K(307200K), 0.0005556 secs] [Times: user=0.00 sys=0.00, real=0.00 secs] 
47.414: [GC (Allocation Failure) [PSYoungGen: 131680K->64K(128000K)] 133896K->2280K(303104K), 0.0011266 secs] [Times: user=0.00 sys=0.00, real=0.00 secs] 
47.482: [GC (Allocation Failure) [PSYoungGen: 127552K->96K(123904K)] 129768K->2312K(299008K), 0.0005438 secs] [Times: user=0.00 sys=0.00, real=0.00 secs] 
47.545: [GC (Allocation Failure) [PSYoungGen: 123488K->96K(120320K)] 125704K->2320K(295424K), 0.0005302 secs] [Times: user=0.00 sys=0.00, real=0.00 secs] 
47.607: [GC (Allocation Failure) [PSYoungGen: 119904K->64K(116736K)] 122128K->2288K(291840K), 0.0008989 secs] [Times: user=0.01 sys=0.00, real=0.00 secs] 
47.667: [GC (Allocation Failure) [PSYoungGen: 116288K->96K(113152K)] 118512K->2320K(288256K), 0.0005143 secs] [Times: user=0.00 sys=0.00, real=0.00 secs] 
47.725: [GC (Allocation Failure) [PSYoungGen: 112736K->64K(110080K)] 114960K->2288K(285184K), 0.0005263 secs] [Times: user=0.00 sys=0.00, real=0.00 secs] 
47.781: [GC (Allocation Failure) [PSYoungGen: 109632K->96K(107008K)] 111856K->2320K(282112K), 0.0005067 secs] [Times: user=0.00 sys=0.00, real=0.00 secs] 
47.837: [GC (Allocation Failure) [PSYoungGen: 106592K->96K(103936K)] 108816K->2320K(279040K), 0.0005729 secs] [Times: user=0.00 sys=0.00, real=0.00 secs] 
47.890: [GC (Allocation Failure) [PSYoungGen: 103520K->96K(100864K)] 105744K->2320K(275968K), 0.0005328 secs] [Times: user=0.00 sys=0.00, real=0.00 secs] 
47.942: [GC (Allocation Failure) [PSYoungGen: 100448K->96K(121344K)] 102672K->2320K(296448K), 0.0014753 secs] [Times: user=0.01 sys=0.00, real=0.01 secs] 
48.009: [GC (Allocation Failure) [PSYoungGen: 120928K->96K(145920K)] 123152K->2320K(321024K), 0.0005457 secs] [Times: user=0.00 sys=0.00, real=0.00 secs] 
48.084: [GC (Allocation Failure) [PSYoungGen: 145504K->96K(175104K)] 147728K->2320K(350208K), 0.0005407 secs] [Times: user=0.00 sys=0.00, real=0.00 secs] 
48.174: [GC (Allocation Failure) [PSYoungGen: 174688K->96K(168960K)] 176912K->2320K(344064K), 0.0005400 secs] [Times: user=0.00 sys=0.00, real=0.00 secs] 
48.262: [GC (Allocation Failure) [PSYoungGen: 168544K->64K(163328K)] 170768K->2288K(338432K), 0.0005517 secs] [Times: user=0.01 sys=0.00, real=0.00 secs] 
48.345: [GC (Allocation Failure) [PSYoungGen: 162880K->96K(157696K)] 165104K->2320K(332800K), 0.0005482 secs] [Times: user=0.00 sys=0.00, real=0.00 secs] 
48.426: [GC (Allocation Failure) [PSYoungGen: 157280K->32K(152576K)] 159504K->2256K(327680K), 0.0005069 secs] [Times: user=0.00 sys=0.00, real=0.00 secs] 
48.505: [GC (Allocation Failure) [PSYoungGen: 152096K->96K(147456K)] 154320K->2320K(322560K), 0.0005427 secs] [Times: user=0.00 sys=0.00, real=0.00 secs] 
48.581: [GC (Allocation Failure) [PSYoungGen: 147040K->64K(142848K)] 149264K->2288K(317952K), 0.0005701 secs] [Times: user=0.00 sys=0.00, real=0.00 secs] 
48.654: [GC (Allocation Failure) [PSYoungGen: 142400K->96K(138240K)] 144624K->2320K(313344K), 0.0005286 secs] [Times: user=0.00 sys=0.00, real=0.00 secs] 
48.724: [GC (Allocation Failure) [PSYoungGen: 137824K->96K(133632K)] 140048K->2320K(308736K), 0.0005257 secs] [Times: user=0.00 sys=0.00, real=0.00 secs] 
48.792: [GC (Allocation Failure) [PSYoungGen: 133216K->96K(129536K)] 135440K->2320K(304640K), 0.0005207 secs] [Times: user=0.00 sys=0.00, real=0.00 secs] 
48.857: [GC (Allocation Failure) [PSYoungGen: 129120K->0K(125440K)] 131344K->2224K(300544K), 0.0005600 secs] [Times: user=0.00 sys=0.00, real=0.00 secs] 
48.920: [GC (Allocation Failure) [PSYoungGen: 124928K->96K(121344K)] 127152K->2320K(296448K), 0.0005070 secs] [Times: user=0.00 sys=0.00, real=0.00 secs] 
48.981: [GC (Allocation Failure) [PSYoungGen: 120928K->96K(117760K)] 123152K->2320K(292864K), 0.0012188 secs] [Times: user=0.00 sys=0.00, real=0.00 secs] 
49.041: [GC (Allocation Failure) [PSYoungGen: 117344K->96K(114176K)] 119568K->2320K(289280K), 0.0005400 secs] [Times: user=0.00 sys=0.00, real=0.00 secs] 
49.098: [GC (Allocation Failure) [PSYoungGen: 113760K->64K(110592K)] 115984K->2288K(285696K), 0.0005609 secs] [Times: user=0.00 sys=0.00, real=0.00 secs] 
49.154: [GC (Allocation Failure) [PSYoungGen: 110144K->96K(107520K)] 112368K->2320K(282624K), 0.0005987 secs] [Times: user=0.00 sys=0.00, real=0.00 secs] 
49.209: [GC (Allocation Failure) [PSYoungGen: 107104K->64K(104448K)] 109328K->2288K(279552K), 0.0005271 secs] [Times: user=0.00 sys=0.00, real=0.00 secs] 
49.261: [GC (Allocation Failure) [PSYoungGen: 104000K->64K(101376K)] 106224K->2288K(276480K), 0.0005306 secs] [Times: user=0.00 sys=0.00, real=0.00 secs] 
49.312: [GC (Allocation Failure) [PSYoungGen: 100928K->96K(98816K)] 103152K->2320K(273920K), 0.0005282 secs] [Times: user=0.00 sys=0.00, real=0.01 secs] 
49.364: [GC (Allocation Failure) [PSYoungGen: 98400K->96K(96256K)] 100624K->2320K(271360K), 0.0005253 secs] [Times: user=0.00 sys=0.00, real=0.00 secs] 
49.413: [GC (Allocation Failure) [PSYoungGen: 95840K->96K(93696K)] 98064K->2320K(268800K), 0.0005299 secs] [Times: user=0.00 sys=0.00, real=0.01 secs] 
49.462: [GC (Allocation Failure) [PSYoungGen: 93280K->64K(91136K)] 95504K->2288K(266240K), 0.0005320 secs] [Times: user=0.00 sys=0.01, real=0.00 secs] 
49.510: [GC (Allocation Failure) [PSYoungGen: 90688K->96K(88576K)] 92912K->2320K(263680K), 0.0005359 secs] [Times: user=0.00 sys=0.00, real=0.00 secs] 
49.556: [GC (Allocation Failure) [PSYoungGen: 88160K->96K(106496K)] 90384K->2320K(281600K), 0.0005619 secs] [Times: user=0.00 sys=0.00, real=0.00 secs] 
49.611: [GC (Allocation Failure) [PSYoungGen: 106080K->0K(103424K)] 108304K->2224K(278528K), 0.0005188 secs] [Times: user=0.00 sys=0.00, real=0.00 secs] 
49.663: [GC (Allocation Failure) [PSYoungGen: 102912K->96K(100352K)] 105136K->2320K(275456K), 0.0005583 secs] [Times: user=0.00 sys=0.00, real=0.01 secs] 
49.717: [GC (Allocation Failure) [PSYoungGen: 99936K->96K(97792K)] 102160K->2320K(272896K), 0.0005556 secs] [Times: user=0.00 sys=0.00, real=0.00 secs] 
49.766: [GC (Allocation Failure) [PSYoungGen: 97376K->96K(95232K)] 99600K->2320K(270336K), 0.0005004 secs] [Times: user=0.00 sys=0.00, real=0.00 secs] 
49.814: [GC (Allocation Failure) [PSYoungGen: 94816K->64K(114176K)] 97040K->2288K(289280K), 0.0006903 secs] [Times: user=0.00 sys=0.00, real=0.00 secs] 
49.871: [GC (Allocation Failure) [PSYoungGen: 113728K->64K(110592K)] 115952K->2288K(285696K), 0.0005089 secs] [Times: user=0.00 sys=0.00, real=0.00 secs] 
49.926: [GC (Allocation Failure) [PSYoungGen: 110144K->96K(107520K)] 112368K->2320K(282624K), 0.0005159 secs] [Times: user=0.00 sys=0.00, real=0.00 secs] 
49.980: [GC (Allocation Failure) [PSYoungGen: 107104K->64K(104448K)] 109328K->2288K(279552K), 0.0005160 secs] [Times: user=0.01 sys=0.00, real=0.00 secs] 
50.033: [GC (Allocation Failure) [PSYoungGen: 104000K->128K(101376K)] 106224K->2352K(276480K), 0.0005297 secs] [Times: user=0.00 sys=0.00, real=0.00 secs] 
50.084: [GC (Allocation Failure) [PSYoungGen: 100992K->96K(98816K)] 103216K->2320K(273920K), 0.0005198 secs] [Times: user=0.00 sys=0.00, real=0.00 secs] 
50.133: [GC (Allocation Failure) [PSYoungGen: 98400K->96K(96256K)] 100624K->2320K(271360K), 0.0005286 secs] [Times: user=0.00 sys=0.00, real=0.01 secs] 
50.181: [GC (Allocation Failure) [PSYoungGen: 95840K->96K(93696K)] 98064K->2320K(268800K), 0.0005057 secs] [Times: user=0.00 sys=0.00, real=0.00 secs] 
50.230: [GC (Allocation Failure) [PSYoungGen: 93280K->96K(91136K)] 95504K->2320K(266240K), 0.0005417 secs] [Times: user=0.00 sys=0.00, real=0.00 secs] 
50.276: [GC (Allocation Failure) [PSYoungGen: 90720K->96K(88576K)] 92944K->2320K(263680K), 0.0005189 secs] [Times: user=0.00 sys=0.00, real=0.00 secs] 
50.323: [GC (Allocation Failure) [PSYoungGen: 88160K->96K(106496K)] 90384K->2320K(281600K), 0.0005879 secs] [Times: user=0.00 sys=0.00, real=0.00 secs] 
50.377: [GC (Allocation Failure) [PSYoungGen: 106080K->96K(103424K)] 108304K->2344K(278528K), 0.0005746 secs] [Times: user=0.01 sys=0.00, real=0.00 secs] 
50.429: [GC (Allocation Failure) [PSYoungGen: 103008K->96K(100352K)] 105256K->2344K(275456K), 0.0005183 secs] [Times: user=0.00 sys=0.00, real=0.00 secs] 
50.480: [GC (Allocation Failure) [PSYoungGen: 99936K->32K(97792K)] 102184K->2280K(272896K), 0.0004967 secs] [Times: user=0.00 sys=0.00, real=0.00 secs] 
50.529: [GC (Allocation Failure) [PSYoungGen: 97312K->96K(95232K)] 99560K->2344K(270336K), 0.0005257 secs] [Times: user=0.00 sys=0.00, real=0.00 secs] 
50.576: [GC (Allocation Failure) [PSYoungGen: 94816K->96K(92672K)] 97064K->2344K(267776K), 0.0005110 secs] [Times: user=0.00 sys=0.00, real=0.00 secs] 
50.622: [GC (Allocation Failure) [PSYoungGen: 92256K->96K(90112K)] 94504K->2344K(265216K), 0.0005192 secs] [Times: user=0.00 sys=0.00, real=0.00 secs] 
50.667: [GC (Allocation Failure) [PSYoungGen: 89696K->96K(87552K)] 91944K->2344K(262656K), 0.0004830 secs] [Times: user=0.00 sys=0.00, real=0.00 secs] 
50.711: [GC (Allocation Failure) [PSYoungGen: 87136K->96K(104960K)] 89384K->2344K(280064K), 0.0005727 secs] [Times: user=0.00 sys=0.00, real=0.00 secs] 
50.764: [GC (Allocation Failure) [PSYoungGen: 104544K->96K(125952K)] 106792K->2344K(301056K), 0.0005389 secs] [Times: user=0.00 sys=0.00, real=0.00 secs] 
50.828: [GC (Allocation Failure) [PSYoungGen: 125536K->64K(121856K)] 127784K->2312K(296960K), 0.0005190 secs] [Times: user=0.00 sys=0.00, real=0.00 secs] 
50.889: [GC (Allocation Failure) [PSYoungGen: 121408K->96K(118272K)] 123656K->2344K(293376K), 0.0005253 secs] [Times: user=0.00 sys=0.00, real=0.00 secs] 
50.948: [GC (Allocation Failure) [PSYoungGen: 117856K->64K(114688K)] 120104K->2312K(289792K), 0.0005446 secs] [Times: user=0.00 sys=0.00, real=0.00 secs] 
51.005: [GC (Allocation Failure) [PSYoungGen: 114240K->64K(111104K)] 116488K->2312K(286208K), 0.0005600 secs] [Times: user=0.00 sys=0.00, real=0.00 secs] 
51.061: [GC (Allocation Failure) [PSYoungGen: 110656K->96K(108032K)] 112904K->2344K(283136K), 0.0005314 secs] [Times: user=0.01 sys=0.00, real=0.00 secs] 
51.116: [GC (Allocation Failure) [PSYoungGen: 107616K->96K(104960K)] 109864K->2344K(280064K), 0.0005124 secs] [Times: user=0.00 sys=0.00, real=0.00 secs] 
51.169: [GC (Allocation Failure) [PSYoungGen: 104544K->96K(101888K)] 106792K->2344K(276992K), 0.0005268 secs] [Times: user=0.00 sys=0.00, real=0.00 secs] 
51.221: [GC (Allocation Failure) [PSYoungGen: 101472K->96K(98816K)] 103720K->2344K(273920K), 0.0005465 secs] [Times: user=0.00 sys=0.00, real=0.00 secs] 
51.271: [GC (Allocation Failure) [PSYoungGen: 98400K->64K(96256K)] 100648K->2312K(271360K), 0.0005392 secs] [Times: user=0.00 sys=0.00, real=0.00 secs] 
51.321: [GC (Allocation Failure) [PSYoungGen: 95808K->96K(93696K)] 98056K->2344K(268800K), 0.0005259 secs] [Times: user=0.00 sys=0.00, real=0.00 secs] 
51.368: [GC (Allocation Failure) [PSYoungGen: 93280K->96K(91136K)] 95528K->2344K(266240K), 0.0005954 secs] [Times: user=0.00 sys=0.00, real=0.00 secs] 
51.414: [GC (Allocation Failure) [PSYoungGen: 90720K->32K(109568K)] 92968K->2280K(284672K), 0.0010153 secs] [Times: user=0.00 sys=0.00, real=0.00 secs] 
51.469: [GC (Allocation Failure) [PSYoungGen: 109088K->96K(131584K)] 111336K->2344K(306688K), 0.0005181 secs] [Times: user=0.00 sys=0.00, real=0.00 secs] 
51.536: [GC (Allocation Failure) [PSYoungGen: 131168K->96K(158208K)] 133416K->2344K(333312K), 0.0005668 secs] [Times: user=0.00 sys=0.00, real=0.00 secs] 
51.616: [GC (Allocation Failure) [PSYoungGen: 157792K->64K(189952K)] 160040K->2312K(365056K), 0.0010462 secs] [Times: user=0.01 sys=0.00, real=0.00 secs] 
51.711: [GC (Allocation Failure) [PSYoungGen: 189504K->96K(183296K)] 191752K->2344K(358400K), 0.0005259 secs] [Times: user=0.00 sys=0.00, real=0.00 secs] 
51.804: [GC (Allocation Failure) [PSYoungGen: 182880K->96K(176640K)] 185128K->2344K(351744K), 0.0006770 secs] [Times: user=0.00 sys=0.00, real=0.00 secs] 
51.894: [GC (Allocation Failure) [PSYoungGen: 176224K->32K(170496K)] 178472K->2280K(345600K), 0.0007858 secs] [Times: user=0.00 sys=0.00, real=0.00 secs] 
51.980: [GC (Allocation Failure) [PSYoungGen: 170016K->96K(164864K)] 172264K->2344K(339968K), 0.0005369 secs] [Times: user=0.00 sys=0.01, real=0.00 secs] 
52.065: [GC (Allocation Failure) [PSYoungGen: 164448K->96K(159232K)] 166696K->2344K(334336K), 0.0005318 secs] [Times: user=0.00 sys=0.00, real=0.00 secs] 
52.145: [GC (Allocation Failure) [PSYoungGen: 158816K->0K(154112K)] 161064K->2248K(329216K), 0.0005130 secs] [Times: user=0.01 sys=0.00, real=0.00 secs] 
52.225: [GC (Allocation Failure) [PSYoungGen: 153600K->96K(148992K)] 155848K->2344K(324096K), 0.0008434 secs] [Times: user=0.01 sys=0.00, real=0.00 secs] 
52.303: [GC (Allocation Failure) [PSYoungGen: 148576K->96K(143872K)] 150824K->2344K(318976K), 0.0005552 secs] [Times: user=0.00 sys=0.00, real=0.01 secs] 
52.378: [GC (Allocation Failure) [PSYoungGen: 143456K->96K(139264K)] 145704K->2344K(314368K), 0.0005826 secs] [Times: user=0.00 sys=0.00, real=0.00 secs] 
52.450: [GC (Allocation Failure) [PSYoungGen: 138848K->96K(134656K)] 141096K->2344K(309760K), 0.0005405 secs] [Times: user=0.00 sys=0.00, real=0.00 secs] 
52.519: [GC (Allocation Failure) [PSYoungGen: 134240K->96K(130560K)] 136488K->2344K(305664K), 0.0005403 secs] [Times: user=0.00 sys=0.00, real=0.00 secs] 
52.586: [GC (Allocation Failure) [PSYoungGen: 130144K->64K(126464K)] 132392K->2312K(301568K), 0.0005228 secs] [Times: user=0.00 sys=0.00, real=0.00 secs] 
52.650: [GC (Allocation Failure) [PSYoungGen: 126016K->96K(122368K)] 128264K->2344K(297472K), 0.0005750 secs] [Times: user=0.00 sys=0.00, real=0.00 secs] 
52.715: [GC (Allocation Failure) [PSYoungGen: 121952K->96K(118784K)] 124200K->2344K(293888K), 0.0005414 secs] [Times: user=0.00 sys=0.00, real=0.00 secs] 
52.776: [GC (Allocation Failure) [PSYoungGen: 118368K->32K(115200K)] 120616K->2280K(290304K), 0.0005250 secs] [Times: user=0.00 sys=0.00, real=0.00 secs] 
52.835: [GC (Allocation Failure) [PSYoungGen: 114720K->64K(111616K)] 116968K->2312K(286720K), 0.0010853 secs] [Times: user=0.00 sys=0.00, real=0.00 secs] 
52.895: [GC (Allocation Failure) [PSYoungGen: 111168K->32K(108544K)] 113416K->2280K(283648K), 0.0005327 secs] [Times: user=0.00 sys=0.00, real=0.00 secs] 
52.950: [GC (Allocation Failure) [PSYoungGen: 108064K->96K(105472K)] 110312K->2344K(280576K), 0.0005409 secs] [Times: user=0.00 sys=0.00, real=0.00 secs] 
53.005: [GC (Allocation Failure) [PSYoungGen: 105056K->96K(102400K)] 107304K->2344K(277504K), 0.0005269 secs] [Times: user=0.00 sys=0.00, real=0.00 secs] 
53.057: [GC (Allocation Failure) [PSYoungGen: 101984K->96K(99328K)] 104232K->2344K(274432K), 0.0005279 secs] [Times: user=0.00 sys=0.00, real=0.00 secs] 
53.108: [GC (Allocation Failure) [PSYoungGen: 98912K->96K(96768K)] 101160K->2344K(271872K), 0.0005774 secs] [Times: user=0.01 sys=0.00, real=0.00 secs] 
53.158: [GC (Allocation Failure) [PSYoungGen: 96351K->64K(94208K)] 98599K->2312K(269312K), 0.0005964 secs] [Times: user=0.00 sys=0.00, real=0.00 secs] 
53.207: [GC (Allocation Failure) [PSYoungGen: 93760K->64K(113152K)] 96008K->2312K(288256K), 0.0005631 secs] [Times: user=0.00 sys=0.00, real=0.00 secs] 
53.267: [GC (Allocation Failure) [PSYoungGen: 112704K->96K(110080K)] 114952K->2344K(285184K), 0.0005604 secs] [Times: user=0.00 sys=0.00, real=0.00 secs] 
53.323: [GC (Allocation Failure) [PSYoungGen: 109664K->96K(107008K)] 111912K->2344K(282112K), 0.0005326 secs] [Times: user=0.00 sys=0.00, real=0.00 secs] 
53.379: [GC (Allocation Failure) [PSYoungGen: 106592K->96K(103936K)] 108840K->2344K(279040K), 0.0005417 secs] [Times: user=0.00 sys=0.00, real=0.00 secs] 
53.433: [GC (Allocation Failure) [PSYoungGen: 103520K->96K(100864K)] 105768K->2344K(275968K), 0.0005103 secs] [Times: user=0.00 sys=0.00, real=0.01 secs] 
53.485: [GC (Allocation Failure) [PSYoungGen: 100448K->96K(98304K)] 102696K->2344K(273408K), 0.0005536 secs] [Times: user=0.00 sys=0.00, real=0.00 secs] 
53.535: [GC (Allocation Failure) [PSYoungGen: 97888K->96K(95744K)] 100136K->2344K(270848K), 0.0005058 secs] [Times: user=0.01 sys=0.00, real=0.00 secs] 
53.585: [GC (Allocation Failure) [PSYoungGen: 95328K->32K(93184K)] 97576K->2280K(268288K), 0.0005073 secs] [Times: user=0.01 sys=0.00, real=0.00 secs] 
53.632: [GC (Allocation Failure) [PSYoungGen: 92704K->64K(90624K)] 94952K->2312K(265728K), 0.0004987 secs] [Times: user=0.00 sys=0.00, real=0.00 secs] 
53.679: [GC (Allocation Failure) [PSYoungGen: 90176K->64K(88064K)] 92424K->2312K(263168K), 0.0005287 secs] [Times: user=0.00 sys=0.00, real=0.00 secs] 
53.724: [GC (Allocation Failure) [PSYoungGen: 87616K->96K(804352K)] 89864K->2344K(979456K), 0.0005095 secs] [Times: user=0.00 sys=0.00, real=0.00 secs] 
54.142: [GC (Allocation Failure) [PSYoungGen: 803936K->96K(767488K)] 806184K->2344K(942592K), 0.0005532 secs] [Times: user=0.00 sys=0.00, real=0.00 secs] 
54.535: [GC (Allocation Failure) [PSYoungGen: 767072K->96K(732160K)] 769320K->2344K(907264K), 0.0005557 secs] [Times: user=0.00 sys=0.00, real=0.00 secs] 
54.910: [GC (Allocation Failure) [PSYoungGen: 731744K->96K(698880K)] 733992K->2344K(873984K), 0.0005350 secs] [Times: user=0.00 sys=0.00, real=0.00 secs] 
55.268: [GC (Allocation Failure) [PSYoungGen: 698464K->96K(667136K)] 700712K->2344K(842240K), 0.0006376 secs] [Times: user=0.00 sys=0.00, real=0.00 secs] 
55.610: [GC (Allocation Failure) [PSYoungGen: 666720K->96K(636928K)] 668968K->2344K(812032K), 0.0005873 secs] [Times: user=0.00 sys=0.00, real=0.00 secs] 
55.936: [GC (Allocation Failure) [PSYoungGen: 636512K->96K(608256K)] 638760K->2344K(783360K), 0.0005845 secs] [Times: user=0.00 sys=0.00, real=0.00 secs] 
56.248: [GC (Allocation Failure) [PSYoungGen: 607840K->96K(581120K)] 610088K->2344K(756224K), 0.0005404 secs] [Times: user=0.00 sys=0.00, real=0.00 secs] 
56.545: [GC (Allocation Failure) [PSYoungGen: 580704K->96K(555520K)] 582952K->2344K(730624K), 0.0005559 secs] [Times: user=0.00 sys=0.00, real=0.00 secs] 
56.824: [GC (Allocation Failure) [PSYoungGen: 555104K->64K(530944K)] 557352K->2312K(706048K), 0.0007400 secs] [Times: user=0.00 sys=0.00, real=0.00 secs] 
57.089: [GC (Allocation Failure) [PSYoungGen: 530496K->96K(507392K)] 532744K->2344K(682496K), 0.0005440 secs] [Times: user=0.00 sys=0.00, real=0.00 secs] 
57.342: [GC (Allocation Failure) [PSYoungGen: 506976K->96K(485376K)] 509224K->2344K(660480K), 0.0005380 secs] [Times: user=0.00 sys=0.00, real=0.00 secs] 
57.591: [GC (Allocation Failure) [PSYoungGen: 484960K->96K(464384K)] 487208K->2344K(639488K), 0.0005343 secs] [Times: user=0.00 sys=0.00, real=0.00 secs] 
57.830: [GC (Allocation Failure) [PSYoungGen: 463968K->96K(444416K)] 466216K->2344K(619520K), 0.0005296 secs] [Times: user=0.00 sys=0.00, real=0.00 secs] 
58.061: [GC (Allocation Failure) [PSYoungGen: 444000K->64K(425472K)] 446248K->2312K(600576K), 0.0005522 secs] [Times: user=0.00 sys=0.00, real=0.00 secs] 
58.274: [GC (Allocation Failure) [PSYoungGen: 425024K->96K(407552K)] 427272K->2344K(582656K), 0.0005306 secs] [Times: user=0.00 sys=0.00, real=0.00 secs] 
58.476: [GC (Allocation Failure) [PSYoungGen: 407136K->96K(390144K)] 409384K->2344K(565248K), 0.0005553 secs] [Times: user=0.00 sys=0.00, real=0.00 secs] 
58.672: [GC (Allocation Failure) [PSYoungGen: 389728K->96K(373760K)] 391976K->2344K(548864K), 0.0005282 secs] [Times: user=0.00 sys=0.00, real=0.00 secs] 
58.859: [GC (Allocation Failure) [PSYoungGen: 373344K->96K(357888K)] 375592K->2344K(532992K), 0.0005349 secs] [Times: user=0.00 sys=0.00, real=0.00 secs] 
59.037: [GC (Allocation Failure) [PSYoungGen: 357472K->96K(343040K)] 359720K->2344K(518144K), 0.0006066 secs] [Times: user=0.00 sys=0.00, real=0.00 secs] 
59.208: [GC (Allocation Failure) [PSYoungGen: 342624K->96K(328704K)] 344872K->2344K(503808K), 0.0005329 secs] [Times: user=0.00 sys=0.00, real=0.00 secs] 
59.373: [GC (Allocation Failure) [PSYoungGen: 328288K->0K(315392K)] 330536K->2248K(490496K), 0.0005188 secs] [Times: user=0.01 sys=0.00, real=0.01 secs] 
59.532: [GC (Allocation Failure) [PSYoungGen: 314880K->96K(302592K)] 317128K->2344K(477696K), 0.0005578 secs] [Times: user=0.01 sys=0.00, real=0.00 secs] 
59.686: [GC (Allocation Failure) [PSYoungGen: 302176K->96K(290304K)] 304424K->2344K(465408K), 0.0005299 secs] [Times: user=0.00 sys=0.00, real=0.00 secs] 
59.830: [GC (Allocation Failure) [PSYoungGen: 289887K->64K(278528K)] 292135K->2312K(453632K), 0.0005264 secs] [Times: user=0.00 sys=0.00, real=0.00 secs] 
59.968: [GC (Allocation Failure) [PSYoungGen: 278080K->96K(267776K)] 280328K->2344K(442880K), 0.0005366 secs] [Times: user=0.00 sys=0.00, real=0.00 secs] 
60.103: [GC (Allocation Failure) [PSYoungGen: 267360K->64K(257536K)] 269608K->2312K(432640K), 0.0005825 secs] [Times: user=0.00 sys=0.00, real=0.01 secs] 
60.231: [GC (Allocation Failure) [PSYoungGen: 257088K->32K(247296K)] 259336K->2280K(422400K), 0.0008072 secs] [Times: user=0.01 sys=0.00, real=0.00 secs] 
60.360: [GC (Allocation Failure) [PSYoungGen: 246816K->160K(237568K)] 249064K->2408K(412672K), 0.0006014 secs] [Times: user=0.00 sys=0.00, real=0.00 secs] 
60.482: [GC (Allocation Failure) [PSYoungGen: 237216K->96K(228352K)] 239464K->2376K(403456K), 0.0005593 secs] [Times: user=0.00 sys=0.00, real=0.00 secs] 
60.598: [GC (Allocation Failure) [PSYoungGen: 227936K->96K(219648K)] 230216K->2376K(394752K), 0.0005445 secs] [Times: user=0.01 sys=0.00, real=0.00 secs] 
60.710: [GC (Allocation Failure) [PSYoungGen: 219232K->96K(211456K)] 221512K->2376K(386560K), 0.0005397 secs] [Times: user=0.00 sys=0.00, real=0.00 secs] 
60.820: [GC (Allocation Failure) [PSYoungGen: 211040K->96K(203776K)] 213320K->2376K(378880K), 0.0005685 secs] [Times: user=0.00 sys=0.00, real=0.00 secs] 
60.924: [GC (Allocation Failure) [PSYoungGen: 203360K->96K(196096K)] 205640K->2376K(371200K), 0.0005531 secs] [Times: user=0.00 sys=0.00, real=0.00 secs] 
61.025: [GC (Allocation Failure) [PSYoungGen: 195680K->32K(188928K)] 197960K->2312K(364032K), 0.0005461 secs] [Times: user=0.00 sys=0.00, real=0.00 secs] 
61.123: [GC (Allocation Failure) [PSYoungGen: 188448K->96K(182272K)] 190728K->2376K(357376K), 0.0005963 secs] [Times: user=0.00 sys=0.00, real=0.00 secs] 
61.217: [GC (Allocation Failure) [PSYoungGen: 181856K->64K(175616K)] 184136K->2344K(350720K), 0.0005629 secs] [Times: user=0.00 sys=0.00, real=0.00 secs] 
61.308: [GC (Allocation Failure) [PSYoungGen: 175168K->64K(169472K)] 177448K->2344K(344576K), 0.0005441 secs] [Times: user=0.00 sys=0.00, real=0.00 secs] 
61.397: [GC (Allocation Failure) [PSYoungGen: 169024K->0K(163840K)] 171304K->2280K(338944K), 0.0005817 secs] [Times: user=0.00 sys=0.00, real=0.00 secs] 
61.481: [GC (Allocation Failure) [PSYoungGen: 163328K->64K(158208K)] 165608K->2344K(333312K), 0.0005455 secs] [Times: user=0.00 sys=0.00, real=0.00 secs] 
61.562: [GC (Allocation Failure) [PSYoungGen: 157760K->64K(153088K)] 160040K->2344K(328192K), 0.0005812 secs] [Times: user=0.00 sys=0.00, real=0.01 secs] 
61.641: [GC (Allocation Failure) [PSYoungGen: 152640K->96K(147968K)] 154920K->2376K(323072K), 0.0005335 secs] [Times: user=0.00 sys=0.00, real=0.00 secs] 
61.717: [GC (Allocation Failure) [PSYoungGen: 147552K->96K(143360K)] 149832K->2376K(318464K), 0.0005477 secs] [Times: user=0.00 sys=0.00, real=0.00 secs] 
61.790: [GC (Allocation Failure) [PSYoungGen: 142944K->96K(138752K)] 145224K->2376K(313856K), 0.0005453 secs] [Times: user=0.00 sys=0.00, real=0.00 secs] 
61.863: [GC (Allocation Failure) [PSYoungGen: 138336K->96K(134144K)] 140616K->2376K(309248K), 0.0005473 secs] [Times: user=0.01 sys=0.00, real=0.00 secs] 
61.932: [GC (Allocation Failure) [PSYoungGen: 133728K->96K(130048K)] 136008K->2376K(305152K), 0.0005278 secs] [Times: user=0.00 sys=0.00, real=0.00 secs] 
61.999: [GC (Allocation Failure) [PSYoungGen: 129632K->64K(125952K)] 131912K->2344K(301056K), 0.0005422 secs] [Times: user=0.00 sys=0.00, real=0.00 secs] 
62.065: [GC (Allocation Failure) [PSYoungGen: 125504K->64K(121856K)] 127784K->2344K(296960K), 0.0005576 secs] [Times: user=0.00 sys=0.00, real=0.00 secs] 
62.127: [GC (Allocation Failure) [PSYoungGen: 121408K->96K(118272K)] 123688K->2376K(293376K), 0.0005299 secs] [Times: user=0.00 sys=0.00, real=0.00 secs] 
62.188: [GC (Allocation Failure) [PSYoungGen: 117856K->96K(114688K)] 120136K->2376K(289792K), 0.0005188 secs] [Times: user=0.00 sys=0.00, real=0.00 secs] 
62.247: [GC (Allocation Failure) [PSYoungGen: 114272K->64K(137728K)] 116552K->2344K(312832K), 0.0012910 secs] [Times: user=0.00 sys=0.00, real=0.00 secs] 
62.319: [GC (Allocation Failure) [PSYoungGen: 137280K->64K(165376K)] 139560K->2344K(340480K), 0.0010687 secs] [Times: user=0.01 sys=0.00, real=0.00 secs] 
62.406: [GC (Allocation Failure) [PSYoungGen: 164928K->96K(198656K)] 167208K->2376K(373760K), 0.0005543 secs] [Times: user=0.00 sys=0.00, real=0.00 secs] 
62.508: [GC (Allocation Failure) [PSYoungGen: 198240K->64K(191488K)] 200520K->2344K(366592K), 0.0005263 secs] [Times: user=0.00 sys=0.00, real=0.00 secs] 
62.606: [GC (Allocation Failure) [PSYoungGen: 191040K->32K(184832K)] 193320K->2312K(359936K), 0.0005265 secs] [Times: user=0.00 sys=0.00, real=0.00 secs] 
62.700: [GC (Allocation Failure) [PSYoungGen: 184352K->96K(178176K)] 186632K->2376K(353280K), 0.0005418 secs] [Times: user=0.00 sys=0.00, real=0.00 secs] 
62.792: [GC (Allocation Failure) [PSYoungGen: 177760K->96K(172032K)] 180040K->2376K(347136K), 0.0005508 secs] [Times: user=0.00 sys=0.00, real=0.00 secs] 
62.882: [GC (Allocation Failure) [PSYoungGen: 171616K->96K(165888K)] 173896K->2376K(340992K), 0.0005409 secs] [Times: user=0.00 sys=0.00, real=0.00 secs] 
62.968: [GC (Allocation Failure) [PSYoungGen: 165472K->96K(160256K)] 167752K->2376K(335360K), 0.0005297 secs] [Times: user=0.00 sys=0.00, real=0.00 secs] 
63.050: [GC (Allocation Failure) [PSYoungGen: 159840K->96K(154624K)] 162120K->2376K(329728K), 0.0005187 secs] [Times: user=0.00 sys=0.00, real=0.00 secs] 
63.129: [GC (Allocation Failure) [PSYoungGen: 154208K->64K(149504K)] 156488K->2344K(324608K), 0.0005294 secs] [Times: user=0.00 sys=0.00, real=0.00 secs] 
63.206: [GC (Allocation Failure) [PSYoungGen: 149056K->64K(144384K)] 151336K->2344K(319488K), 0.0005369 secs] [Times: user=0.01 sys=0.00, real=0.00 secs] 
63.281: [GC (Allocation Failure) [PSYoungGen: 143936K->96K(139776K)] 146216K->2376K(314880K), 0.0005480 secs] [Times: user=0.00 sys=0.00, real=0.00 secs] 
63.353: [GC (Allocation Failure) [PSYoungGen: 139360K->96K(135168K)] 141640K->2376K(310272K), 0.0005403 secs] [Times: user=0.00 sys=0.00, real=0.01 secs] 
63.424: [GC (Allocation Failure) [PSYoungGen: 134752K->96K(131072K)] 137032K->2376K(306176K), 0.0005400 secs] [Times: user=0.01 sys=0.00, real=0.00 secs] 
63.495: [GC (Allocation Failure) [PSYoungGen: 130656K->64K(126976K)] 132936K->2344K(302080K), 0.0005427 secs] [Times: user=0.01 sys=0.00, real=0.00 secs] 
63.560: [GC (Allocation Failure) [PSYoungGen: 126528K->96K(122880K)] 128808K->2376K(297984K), 0.0005494 secs] [Times: user=0.00 sys=0.00, real=0.00 secs] 
63.624: [GC (Allocation Failure) [PSYoungGen: 122464K->96K(119296K)] 124744K->2376K(294400K), 0.0005231 secs] [Times: user=0.00 sys=0.00, real=0.00 secs] 
63.687: [GC (Allocation Failure) [PSYoungGen: 118880K->32K(115712K)] 121160K->2312K(290816K), 0.0005320 secs] [Times: user=0.00 sys=0.00, real=0.00 secs] 
63.746: [GC (Allocation Failure) [PSYoungGen: 115232K->96K(112128K)] 117512K->2376K(287232K), 0.0005180 secs] [Times: user=0.00 sys=0.00, real=0.00 secs] 
63.805: [GC (Allocation Failure) [PSYoungGen: 111712K->96K(109056K)] 113992K->2376K(284160K), 0.0005566 secs] [Times: user=0.00 sys=0.00, real=0.00 secs] 
63.861: [GC (Allocation Failure) [PSYoungGen: 108640K->96K(105984K)] 110920K->2376K(281088K), 0.0005202 secs] [Times: user=0.00 sys=0.00, real=0.00 secs] 
63.917: [GC (Allocation Failure) [PSYoungGen: 105568K->96K(102912K)] 107848K->2376K(278016K), 0.0005867 secs] [Times: user=0.00 sys=0.00, real=0.00 secs] 
63.969: [GC (Allocation Failure) [PSYoungGen: 102496K->96K(99840K)] 104776K->2376K(274944K), 0.0004998 secs] [Times: user=0.00 sys=0.00, real=0.00 secs] 
64.021: [GC (Allocation Failure) [PSYoungGen: 99424K->32K(97280K)] 101704K->2312K(272384K), 0.0005139 secs] [Times: user=0.00 sys=0.00, real=0.00 secs] 
64.071: [GC (Allocation Failure) [PSYoungGen: 96800K->64K(94720K)] 99080K->2344K(269824K), 0.0005468 secs] [Times: user=0.01 sys=0.00, real=0.00 secs] 
64.119: [GC (Allocation Failure) [PSYoungGen: 94272K->96K(92160K)] 96552K->2376K(267264K), 0.0005491 secs] [Times: user=0.00 sys=0.00, real=0.00 secs] 
64.167: [GC (Allocation Failure) [PSYoungGen: 91744K->96K(89600K)] 94024K->2376K(264704K), 0.0005587 secs] [Times: user=0.00 sys=0.00, real=0.00 secs] 
64.213: [GC (Allocation Failure) [PSYoungGen: 89184K->96K(107520K)] 91464K->2376K(282624K), 0.0007100 secs] [Times: user=0.00 sys=0.00, real=0.01 secs] 
64.273: [GC (Allocation Failure) [PSYoungGen: 107104K->96K(129024K)] 109384K->2376K(304128K), 0.0005529 secs] [Times: user=0.00 sys=0.00, real=0.00 secs] 
64.340: [GC (Allocation Failure) [PSYoungGen: 128608K->64K(124928K)] 130888K->2344K(300032K), 0.0005568 secs] [Times: user=0.01 sys=0.00, real=0.00 secs] 
64.406: [GC (Allocation Failure) [PSYoungGen: 124480K->64K(121344K)] 126760K->2344K(296448K), 0.0005422 secs] [Times: user=0.00 sys=0.00, real=0.00 secs] 
64.468: [GC (Allocation Failure) [PSYoungGen: 120896K->96K(117760K)] 123176K->2376K(292864K), 0.0005353 secs] [Times: user=0.00 sys=0.00, real=0.00 secs] 
64.529: [GC (Allocation Failure) [PSYoungGen: 117344K->96K(114176K)] 119624K->2376K(289280K), 0.0005222 secs] [Times: user=0.01 sys=0.00, real=0.00 secs] 
64.588: [GC (Allocation Failure) [PSYoungGen: 113760K->96K(110592K)] 116040K->2376K(285696K), 0.0005624 secs] [Times: user=0.00 sys=0.00, real=0.00 secs] 
64.645: [GC (Allocation Failure) [PSYoungGen: 110176K->32K(107520K)] 112456K->2312K(282624K), 0.0005292 secs] [Times: user=0.00 sys=0.00, real=0.00 secs] 
64.700: [GC (Allocation Failure) [PSYoungGen: 107040K->96K(104448K)] 109320K->2376K(279552K), 0.0005367 secs] [Times: user=0.00 sys=0.00, real=0.00 secs] 
64.754: [GC (Allocation Failure) [PSYoungGen: 104032K->32K(101376K)] 106312K->2312K(276480K), 0.0007131 secs] [Times: user=0.00 sys=0.00, real=0.00 secs] 
64.810: [GC (Allocation Failure) [PSYoungGen: 100896K->64K(98816K)] 103176K->2344K(273920K), 0.0005331 secs] [Times: user=0.00 sys=0.00, real=0.00 secs] 
64.861: [GC (Allocation Failure) [PSYoungGen: 98368K->96K(96256K)] 100648K->2376K(271360K), 0.0005401 secs] [Times: user=0.00 sys=0.00, real=0.00 secs] 
64.910: [GC (Allocation Failure) [PSYoungGen: 95840K->64K(93696K)] 98120K->2344K(268800K), 0.0005948 secs] [Times: user=0.00 sys=0.00, real=0.00 secs] 
64.960: [GC (Allocation Failure) [PSYoungGen: 93248K->96K(112640K)] 95528K->2376K(287744K), 0.0005902 secs] [Times: user=0.00 sys=0.00, real=0.00 secs] 
65.017: [GC (Allocation Failure) [PSYoungGen: 112224K->96K(109568K)] 114504K->2376K(284672K), 0.0005363 secs] [Times: user=0.00 sys=0.00, real=0.00 secs] 
65.074: [GC (Allocation Failure) [PSYoungGen: 109152K->96K(106496K)] 111432K->2376K(281600K), 0.0005307 secs] [Times: user=0.00 sys=0.00, real=0.00 secs] 
65.128: [GC (Allocation Failure) [PSYoungGen: 106080K->96K(103424K)] 108360K->2376K(278528K), 0.0005168 secs] [Times: user=0.00 sys=0.00, real=0.00 secs] 
65.181: [GC (Allocation Failure) [PSYoungGen: 103008K->64K(100352K)] 105288K->2344K(275456K), 0.0005259 secs] [Times: user=0.00 sys=0.00, real=0.00 secs] 
65.233: [GC (Allocation Failure) [PSYoungGen: 99904K->64K(97792K)] 102184K->2344K(272896K), 0.0006309 secs] [Times: user=0.00 sys=0.00, real=0.01 secs] 
65.284: [GC (Allocation Failure) [PSYoungGen: 97344K->64K(95232K)] 99624K->2344K(270336K), 0.0005732 secs] [Times: user=0.00 sys=0.00, real=0.00 secs] 
65.333: [GC (Allocation Failure) [PSYoungGen: 94784K->96K(92672K)] 97064K->2376K(267776K), 0.0005219 secs] [Times: user=0.01 sys=0.00, real=0.00 secs] 
65.381: [GC (Allocation Failure) [PSYoungGen: 92256K->96K(90112K)] 94536K->2376K(265216K), 0.0005188 secs] [Times: user=0.00 sys=0.00, real=0.00 secs] 
65.427: [GC (Allocation Failure) [PSYoungGen: 89696K->96K(87552K)] 91976K->2376K(262656K), 0.0005355 secs] [Times: user=0.00 sys=0.00, real=0.00 secs] 
65.474: [GC (Allocation Failure) [PSYoungGen: 87136K->64K(104960K)] 89416K->2344K(280064K), 0.0005876 secs] [Times: user=0.00 sys=0.00, real=0.00 secs] 
65.528: [GC (Allocation Failure) [PSYoungGen: 104512K->64K(125952K)] 106792K->2344K(301056K), 0.0005312 secs] [Times: user=0.00 sys=0.00, real=0.00 secs] 
65.592: [GC (Allocation Failure) [PSYoungGen: 125504K->96K(121856K)] 127784K->2376K(296960K), 0.0005383 secs] [Times: user=0.00 sys=0.00, real=0.00 secs] 
65.655: [GC (Allocation Failure) [PSYoungGen: 121440K->96K(118272K)] 123720K->2376K(293376K), 0.0006150 secs] [Times: user=0.00 sys=0.00, real=0.00 secs] 
65.715: [GC (Allocation Failure) [PSYoungGen: 117856K->96K(114688K)] 120136K->2376K(289792K), 0.0007034 secs] [Times: user=0.00 sys=0.00, real=0.00 secs] 
65.775: [GC (Allocation Failure) [PSYoungGen: 114272K->96K(111104K)] 116552K->2376K(286208K), 0.0005662 secs] [Times: user=0.00 sys=0.00, real=0.00 secs] 
65.832: [GC (Allocation Failure) [PSYoungGen: 110688K->96K(108032K)] 112968K->2376K(283136K), 0.0005242 secs] [Times: user=0.00 sys=0.00, real=0.00 secs] 
65.886: [GC (Allocation Failure) [PSYoungGen: 107616K->96K(104960K)] 109896K->2376K(280064K), 0.0005224 secs] [Times: user=0.00 sys=0.00, real=0.00 secs] 
65.941: [GC (Allocation Failure) [PSYoungGen: 104544K->96K(125952K)] 106824K->2376K(301056K), 0.0015184 secs] [Times: user=0.00 sys=0.00, real=0.00 secs] 
66.007: [GC (Allocation Failure) [PSYoungGen: 125536K->96K(151040K)] 127816K->2376K(326144K), 0.0005576 secs] [Times: user=0.01 sys=0.00, real=0.00 secs] 
66.082: [GC (Allocation Failure) [PSYoungGen: 150624K->96K(181248K)] 152904K->2376K(356352K), 0.0005237 secs] [Times: user=0.00 sys=0.00, real=0.00 secs] 
66.172: [GC (Allocation Failure) [PSYoungGen: 180832K->64K(175104K)] 183112K->2344K(350208K), 0.0005220 secs] [Times: user=0.00 sys=0.00, real=0.01 secs] 
66.260: [GC (Allocation Failure) [PSYoungGen: 174656K->96K(168960K)] 176936K->2376K(344064K), 0.0005194 secs] [Times: user=0.00 sys=0.00, real=0.00 secs] 
66.345: [GC (Allocation Failure) [PSYoungGen: 168544K->96K(163328K)] 170824K->2376K(338432K), 0.0005403 secs] [Times: user=0.00 sys=0.00, real=0.00 secs] 
66.427: [GC (Allocation Failure) [PSYoungGen: 162912K->96K(157696K)] 165192K->2376K(332800K), 0.0005296 secs] [Times: user=0.00 sys=0.00, real=0.00 secs] 
66.509: [GC (Allocation Failure) [PSYoungGen: 157280K->96K(152576K)] 159560K->2376K(327680K), 0.0005452 secs] [Times: user=0.00 sys=0.00, real=0.00 secs] 
66.587: [GC (Allocation Failure) [PSYoungGen: 152160K->64K(147456K)] 154440K->2344K(322560K), 0.0005911 secs] [Times: user=0.00 sys=0.00, real=0.00 secs] 
66.663: [GC (Allocation Failure) [PSYoungGen: 147008K->96K(142848K)] 149288K->2376K(317952K), 0.0005704 secs] [Times: user=0.00 sys=0.00, real=0.00 secs] 
66.734: [GC (Allocation Failure) [PSYoungGen: 142432K->96K(138240K)] 144712K->2376K(313344K), 0.0005142 secs] [Times: user=0.00 sys=0.00, real=0.00 secs] 
66.803: [GC (Allocation Failure) [PSYoungGen: 137824K->96K(133632K)] 140104K->2376K(308736K), 0.0005225 secs] [Times: user=0.01 sys=0.00, real=0.00 secs] 
66.870: [GC (Allocation Failure) [PSYoungGen: 133216K->96K(129536K)] 135496K->2376K(304640K), 0.0005456 secs] [Times: user=0.00 sys=0.00, real=0.00 secs] 
66.934: [GC (Allocation Failure) [PSYoungGen: 129120K->96K(125440K)] 131400K->2376K(300544K), 0.0005172 secs] [Times: user=0.00 sys=0.00, real=0.00 secs] 
66.999: [GC (Allocation Failure) [PSYoungGen: 125024K->96K(121344K)] 127304K->2376K(296448K), 0.0005213 secs] [Times: user=0.00 sys=0.00, real=0.00 secs] 
67.061: [GC (Allocation Failure) [PSYoungGen: 120928K->96K(117760K)] 123208K->2376K(292864K), 0.0005640 secs] [Times: user=0.00 sys=0.00, real=0.00 secs] 
67.119: [GC (Allocation Failure) [PSYoungGen: 117344K->96K(114176K)] 119624K->2376K(289280K), 0.0005541 secs] [Times: user=0.00 sys=0.00, real=0.00 secs] 
67.176: [GC (Allocation Failure) [PSYoungGen: 113760K->96K(110592K)] 116040K->2376K(285696K), 0.0005261 secs] [Times: user=0.00 sys=0.00, real=0.00 secs] 
67.232: [GC (Allocation Failure) [PSYoungGen: 110176K->96K(107520K)] 112456K->2376K(282624K), 0.0005426 secs] [Times: user=0.00 sys=0.00, real=0.00 secs] 
67.287: [GC (Allocation Failure) [PSYoungGen: 107104K->64K(104448K)] 109384K->2344K(279552K), 0.0005496 secs] [Times: user=0.00 sys=0.00, real=0.00 secs] 
67.341: [GC (Allocation Failure) [PSYoungGen: 104000K->96K(101376K)] 106280K->2376K(276480K), 0.0005033 secs] [Times: user=0.00 sys=0.00, real=0.00 secs] 
67.392: [GC (Allocation Failure) [PSYoungGen: 100960K->96K(98816K)] 103240K->2376K(273920K), 0.0005321 secs] [Times: user=0.00 sys=0.00, real=0.00 secs] 
67.441: [GC (Allocation Failure) [PSYoungGen: 98400K->96K(96256K)] 100680K->2376K(271360K), 0.0004963 secs] [Times: user=0.00 sys=0.00, real=0.00 secs] 
67.491: [GC (Allocation Failure) [PSYoungGen: 95840K->96K(93696K)] 98120K->2376K(268800K), 0.0005350 secs] [Times: user=0.00 sys=0.00, real=0.00 secs] 
67.539: [GC (Allocation Failure) [PSYoungGen: 93280K->64K(91136K)] 95560K->2344K(266240K), 0.0005566 secs] [Times: user=0.00 sys=0.00, real=0.00 secs] 
67.586: [GC (Allocation Failure) [PSYoungGen: 90688K->64K(88576K)] 92968K->2344K(263680K), 0.0005407 secs] [Times: user=0.00 sys=0.00, real=0.00 secs] 
67.631: [GC (Allocation Failure) [PSYoungGen: 88128K->96K(804352K)] 90408K->2376K(979456K), 0.0004789 secs] [Times: user=0.00 sys=0.00, real=0.00 secs] 
68.044: [GC (Allocation Failure) [PSYoungGen: 803936K->96K(767488K)] 806216K->2376K(942592K), 0.0007512 secs] [Times: user=0.00 sys=0.00, real=0.00 secs] 
68.443: [GC (Allocation Failure) [PSYoungGen: 767072K->96K(732160K)] 769352K->2376K(907264K), 0.0005487 secs] [Times: user=0.00 sys=0.00, real=0.01 secs] 
68.817: [GC (Allocation Failure) [PSYoungGen: 731744K->96K(698880K)] 734024K->2376K(873984K), 0.0005568 secs] [Times: user=0.00 sys=0.00, real=0.00 secs] 
69.175: [GC (Allocation Failure) [PSYoungGen: 698464K->64K(667136K)] 700744K->2344K(842240K), 0.0005347 secs] [Times: user=0.00 sys=0.00, real=0.00 secs] 
69.516: [GC (Allocation Failure) [PSYoungGen: 666688K->32K(636928K)] 668968K->2312K(812032K), 0.0005232 secs] [Times: user=0.00 sys=0.00, real=0.00 secs] 
69.866: [GC (Allocation Failure) [PSYoungGen: 636448K->96K(608256K)] 638728K->2376K(783360K), 0.0006011 secs] [Times: user=0.00 sys=0.00, real=0.00 secs] 
70.242: [GC (Allocation Failure) [PSYoungGen: 607840K->96K(581120K)] 610120K->2376K(756224K), 0.0005751 secs] [Times: user=0.00 sys=0.00, real=0.00 secs] 
70.551: [GC (Allocation Failure) [PSYoungGen: 580704K->96K(555520K)] 582984K->2376K(730624K), 0.0005932 secs] [Times: user=0.00 sys=0.01, real=0.00 secs] 
70.845: [GC (Allocation Failure) [PSYoungGen: 555104K->96K(530944K)] 557384K->2400K(706048K), 0.0005799 secs] [Times: user=0.00 sys=0.00, real=0.00 secs] 
71.124: [GC (Allocation Failure) [PSYoungGen: 530528K->96K(507392K)] 532832K->2400K(682496K), 0.0007466 secs] [Times: user=0.00 sys=0.00, real=0.00 secs] 
71.394: [GC (Allocation Failure) [PSYoungGen: 506976K->64K(485376K)] 509280K->2368K(660480K), 0.0007520 secs] [Times: user=0.00 sys=0.00, real=0.00 secs] 
71.650: [GC (Allocation Failure) [PSYoungGen: 484928K->96K(464384K)] 487232K->2400K(639488K), 0.0032041 secs] [Times: user=0.01 sys=0.00, real=0.01 secs] 
71.899: [GC (Allocation Failure) [PSYoungGen: 463968K->64K(444416K)] 466272K->2368K(619520K), 0.0005576 secs] [Times: user=0.00 sys=0.00, real=0.00 secs] 
72.134: [GC (Allocation Failure) [PSYoungGen: 443968K->96K(425472K)] 446272K->2400K(600576K), 0.0005705 secs] [Times: user=0.00 sys=0.00, real=0.00 secs] 
72.360: [GC (Allocation Failure) [PSYoungGen: 425056K->96K(407552K)] 427360K->2400K(582656K), 0.0005551 secs] [Times: user=0.00 sys=0.00, real=0.00 secs] 
72.575: [GC (Allocation Failure) [PSYoungGen: 407136K->32K(390144K)] 409440K->2336K(565248K), 0.0005727 secs] [Times: user=0.00 sys=0.00, real=0.00 secs] 
72.776: [GC (Allocation Failure) [PSYoungGen: 389664K->96K(373760K)] 391968K->2400K(548864K), 0.0005590 secs] [Times: user=0.00 sys=0.00, real=0.00 secs] 
72.970: [GC (Allocation Failure) [PSYoungGen: 373344K->96K(357888K)] 375648K->2400K(532992K), 0.0005517 secs] [Times: user=0.00 sys=0.00, real=0.00 secs] 
73.152: [GC (Allocation Failure) [PSYoungGen: 357472K->96K(343040K)] 359776K->2400K(518144K), 0.0005602 secs] [Times: user=0.01 sys=0.00, real=0.01 secs] 
73.329: [GC (Allocation Failure) [PSYoungGen: 342623K->96K(328704K)] 344927K->2400K(503808K), 0.0005596 secs] [Times: user=0.00 sys=0.00, real=0.00 secs] 
73.499: [GC (Allocation Failure) [PSYoungGen: 328288K->96K(315392K)] 330592K->2400K(490496K), 0.0005521 secs] [Times: user=0.00 sys=0.00, real=0.00 secs] 
73.660: [GC (Allocation Failure) [PSYoungGen: 314976K->96K(302592K)] 317280K->2400K(477696K), 0.0005524 secs] [Times: user=0.00 sys=0.00, real=0.00 secs] 
73.816: [GC (Allocation Failure) [PSYoungGen: 302176K->96K(290304K)] 304480K->2400K(465408K), 0.0005552 secs] [Times: user=0.00 sys=0.00, real=0.00 secs] 
73.966: [GC (Allocation Failure) [PSYoungGen: 289888K->64K(278528K)] 292192K->2368K(453632K), 0.0006564 secs] [Times: user=0.00 sys=0.00, real=0.00 secs] 
74.110: [GC (Allocation Failure) [PSYoungGen: 278080K->96K(267776K)] 280384K->2400K(442880K), 0.0005525 secs] [Times: user=0.00 sys=0.00, real=0.00 secs] 
74.244: [GC (Allocation Failure) [PSYoungGen: 267360K->96K(257536K)] 269664K->2400K(432640K), 0.0005479 secs] [Times: user=0.00 sys=0.00, real=0.00 secs] 
74.373: [GC (Allocation Failure) [PSYoungGen: 257120K->96K(247296K)] 259424K->2400K(422400K), 0.0005403 secs] [Times: user=0.00 sys=0.00, real=0.01 secs] 
74.499: [GC (Allocation Failure) [PSYoungGen: 246880K->96K(237568K)] 249184K->2400K(412672K), 0.0005393 secs] [Times: user=0.00 sys=0.00, real=0.00 secs] 
74.619: [GC (Allocation Failure) [PSYoungGen: 237152K->64K(228352K)] 239456K->2368K(403456K), 0.0005350 secs] [Times: user=0.00 sys=0.00, real=0.00 secs] 
74.733: [GC (Allocation Failure) [PSYoungGen: 227904K->96K(219648K)] 230208K->2400K(394752K), 0.0005462 secs] [Times: user=0.00 sys=0.00, real=0.00 secs] 
74.843: [GC (Allocation Failure) [PSYoungGen: 219232K->0K(211456K)] 221536K->2304K(386560K), 0.0005136 secs] [Times: user=0.00 sys=0.00, real=0.01 secs] 
74.950: [GC (Allocation Failure) [PSYoungGen: 210944K->64K(203776K)] 213248K->2368K(378880K), 0.0005555 secs] [Times: user=0.00 sys=0.01, real=0.00 secs] 
75.052: [GC (Allocation Failure) [PSYoungGen: 203328K->96K(196096K)] 205632K->2400K(371200K), 0.0005430 secs] [Times: user=0.00 sys=0.00, real=0.00 secs] 
75.150: [GC (Allocation Failure) [PSYoungGen: 195680K->64K(188928K)] 197984K->2368K(364032K), 0.0005311 secs] [Times: user=0.00 sys=0.00, real=0.00 secs] 
75.246: [GC (Allocation Failure) [PSYoungGen: 188480K->96K(182272K)] 190784K->2400K(357376K), 0.0005415 secs] [Times: user=0.00 sys=0.00, real=0.00 secs] 
75.338: [GC (Allocation Failure) [PSYoungGen: 181856K->64K(175616K)] 184160K->2368K(350720K), 0.0005388 secs] [Times: user=0.00 sys=0.00, real=0.00 secs] 
75.425: [GC (Allocation Failure) [PSYoungGen: 175168K->96K(169472K)] 177472K->2400K(344576K), 0.0005669 secs] [Times: user=0.00 sys=0.00, real=0.00 secs] 
75.511: [GC (Allocation Failure) [PSYoungGen: 169056K->96K(163840K)] 171360K->2400K(338944K), 0.0005575 secs] [Times: user=0.00 sys=0.00, real=0.00 secs] 
75.594: [GC (Allocation Failure) [PSYoungGen: 163424K->96K(158208K)] 165728K->2400K(333312K), 0.0005391 secs] [Times: user=0.00 sys=0.00, real=0.00 secs] 
75.673: [GC (Allocation Failure) [PSYoungGen: 157792K->32K(153088K)] 160096K->2336K(328192K), 0.0005054 secs] [Times: user=0.00 sys=0.00, real=0.01 secs] 
75.750: [GC (Allocation Failure) [PSYoungGen: 152608K->96K(147968K)] 154912K->2400K(323072K), 0.0005470 secs] [Times: user=0.00 sys=0.00, real=0.00 secs] 
75.826: [GC (Allocation Failure) [PSYoungGen: 147552K->96K(143360K)] 149856K->2400K(318464K), 0.0005768 secs] [Times: user=0.00 sys=0.00, real=0.00 secs] 
75.898: [GC (Allocation Failure) [PSYoungGen: 142944K->64K(138752K)] 145248K->2368K(313856K), 0.0005247 secs] [Times: user=0.01 sys=0.00, real=0.00 secs] 
75.969: [GC (Allocation Failure) [PSYoungGen: 138304K->32K(134144K)] 140608K->2336K(309248K), 0.0009305 secs] [Times: user=0.00 sys=0.00, real=0.00 secs] 
76.037: [GC (Allocation Failure) [PSYoungGen: 133664K->96K(130048K)] 135968K->2400K(305152K), 0.0005375 secs] [Times: user=0.01 sys=0.00, real=0.00 secs] 
76.103: [GC (Allocation Failure) [PSYoungGen: 129632K->96K(125952K)] 131936K->2400K(301056K), 0.0005229 secs] [Times: user=0.00 sys=0.00, real=0.00 secs] 
76.167: [GC (Allocation Failure) [PSYoungGen: 125536K->96K(121856K)] 127840K->2400K(296960K), 0.0005506 secs] [Times: user=0.01 sys=0.00, real=0.00 secs] 
76.229: [GC (Allocation Failure) [PSYoungGen: 121440K->96K(118272K)] 123744K->2400K(293376K), 0.0005313 secs] [Times: user=0.00 sys=0.00, real=0.00 secs] 
76.289: [GC (Allocation Failure) [PSYoungGen: 117856K->96K(114688K)] 120160K->2400K(289792K), 0.0005451 secs] [Times: user=0.00 sys=0.00, real=0.00 secs] 
76.348: [GC (Allocation Failure) [PSYoungGen: 114272K->96K(111104K)] 116576K->2400K(286208K), 0.0005405 secs] [Times: user=0.00 sys=0.00, real=0.00 secs] 
76.403: [GC (Allocation Failure) [PSYoungGen: 110688K->96K(108032K)] 112992K->2400K(283136K), 0.0005033 secs] [Times: user=0.00 sys=0.00, real=0.00 secs] 
76.457: [GC (Allocation Failure) [PSYoungGen: 107616K->64K(104960K)] 109920K->2368K(280064K), 0.0005242 secs] [Times: user=0.00 sys=0.00, real=0.00 secs] 
76.511: [GC (Allocation Failure) [PSYoungGen: 104512K->96K(101888K)] 106816K->2400K(276992K), 0.0005432 secs] [Times: user=0.00 sys=0.00, real=0.00 secs] 
76.562: [GC (Allocation Failure) [PSYoungGen: 101472K->64K(122368K)] 103776K->2368K(297472K), 0.0010368 secs] [Times: user=0.00 sys=0.00, real=0.01 secs] 
76.623: [GC (Allocation Failure) [PSYoungGen: 121920K->64K(146944K)] 124224K->2368K(322048K), 0.0005291 secs] [Times: user=0.01 sys=0.00, real=0.00 secs] 
76.697: [GC (Allocation Failure) [PSYoungGen: 146496K->96K(142336K)] 148800K->2400K(317440K), 0.0005549 secs] [Times: user=0.00 sys=0.00, real=0.00 secs] 
76.771: [GC (Allocation Failure) [PSYoungGen: 141920K->96K(137728K)] 144224K->2400K(312832K), 0.0005242 secs] [Times: user=0.00 sys=0.00, real=0.00 secs] 
76.839: [GC (Allocation Failure) [PSYoungGen: 137312K->64K(133120K)] 139616K->2368K(308224K), 0.0005587 secs] [Times: user=0.00 sys=0.00, real=0.00 secs] 
76.905: [GC (Allocation Failure) [PSYoungGen: 132672K->32K(129024K)] 134976K->2336K(304128K), 0.0005487 secs] [Times: user=0.00 sys=0.00, real=0.00 secs] 
76.969: [GC (Allocation Failure) [PSYoungGen: 128544K->96K(124928K)] 130848K->2400K(300032K), 0.0005173 secs] [Times: user=0.00 sys=0.00, real=0.00 secs] 
77.033: [GC (Allocation Failure) [PSYoungGen: 124512K->96K(121344K)] 126816K->2400K(296448K), 0.0005334 secs] [Times: user=0.00 sys=0.00, real=0.01 secs] 
77.096: [GC (Allocation Failure) [PSYoungGen: 120928K->64K(117760K)] 123232K->2368K(292864K), 0.0005376 secs] [Times: user=0.00 sys=0.00, real=0.00 secs] 
77.155: [GC (Allocation Failure) [PSYoungGen: 117312K->96K(114176K)] 119616K->2400K(289280K), 0.0005125 secs] [Times: user=0.00 sys=0.00, real=0.00 secs] 
77.214: [GC (Allocation Failure) [PSYoungGen: 113760K->96K(110592K)] 116064K->2400K(285696K), 0.0005271 secs] [Times: user=0.00 sys=0.00, real=0.00 secs] 
77.270: [GC (Allocation Failure) [PSYoungGen: 110176K->96K(107520K)] 112480K->2400K(282624K), 0.0005285 secs] [Times: user=0.01 sys=0.00, real=0.00 secs] 
77.325: [GC (Allocation Failure) [PSYoungGen: 107104K->96K(104448K)] 109408K->2400K(279552K), 0.0005404 secs] [Times: user=0.00 sys=0.00, real=0.00 secs] 
77.377: [GC (Allocation Failure) [PSYoungGen: 104032K->96K(101376K)] 106336K->2400K(276480K), 0.0005101 secs] [Times: user=0.00 sys=0.00, real=0.00 secs] 
77.428: [GC (Allocation Failure) [PSYoungGen: 100960K->96K(98816K)] 103264K->2400K(273920K), 0.0005207 secs] [Times: user=0.00 sys=0.00, real=0.00 secs] 
77.477: [GC (Allocation Failure) [PSYoungGen: 98400K->96K(96256K)] 100704K->2400K(271360K), 0.0004882 secs] [Times: user=0.00 sys=0.00, real=0.00 secs] 
77.526: [GC (Allocation Failure) [PSYoungGen: 95840K->96K(93696K)] 98144K->2400K(268800K), 0.0006760 secs] [Times: user=0.00 sys=0.00, real=0.00 secs] 
77.573: [GC (Allocation Failure) [PSYoungGen: 93280K->96K(91136K)] 95584K->2400K(266240K), 0.0005379 secs] [Times: user=0.00 sys=0.00, real=0.00 secs] 
77.619: [GC (Allocation Failure) [PSYoungGen: 90720K->64K(88576K)] 93024K->2368K(263680K), 0.0005166 secs] [Times: user=0.00 sys=0.00, real=0.00 secs] 
77.666: [GC (Allocation Failure) [PSYoungGen: 88128K->32K(106496K)] 90432K->2336K(281600K), 0.0005251 secs] [Times: user=0.00 sys=0.00, real=0.00 secs] 
77.722: [GC (Allocation Failure) [PSYoungGen: 106016K->64K(103424K)] 108320K->2368K(278528K), 0.0006037 secs] [Times: user=0.00 sys=0.01, real=0.00 secs] 
77.775: [GC (Allocation Failure) [PSYoungGen: 102976K->96K(100352K)] 105280K->2400K(275456K), 0.0005283 secs] [Times: user=0.00 sys=0.00, real=0.00 secs] 
77.827: [GC (Allocation Failure) [PSYoungGen: 99936K->96K(97792K)] 102240K->2400K(272896K), 0.0005124 secs] [Times: user=0.00 sys=0.00, real=0.00 secs] 
77.877: [GC (Allocation Failure) [PSYoungGen: 97376K->64K(95232K)] 99680K->2368K(270336K), 0.0005109 secs] [Times: user=0.00 sys=0.00, real=0.00 secs] 
77.925: [GC (Allocation Failure) [PSYoungGen: 94784K->64K(92672K)] 97088K->2368K(267776K), 0.0005370 secs] [Times: user=0.00 sys=0.00, real=0.00 secs] 
77.972: [GC (Allocation Failure) [PSYoungGen: 92224K->96K(90112K)] 94528K->2400K(265216K), 0.0005015 secs] [Times: user=0.00 sys=0.00, real=0.00 secs] 
78.017: [GC (Allocation Failure) [PSYoungGen: 89696K->96K(87552K)] 92000K->2400K(262656K), 0.0005414 secs] [Times: user=0.00 sys=0.00, real=0.00 secs] 
78.062: [GC (Allocation Failure) [PSYoungGen: 87136K->96K(104960K)] 89440K->2400K(280064K), 0.0005679 secs] [Times: user=0.00 sys=0.00, real=0.00 secs] 
78.115: [GC (Allocation Failure) [PSYoungGen: 104544K->96K(101888K)] 106848K->2400K(276992K), 0.0005375 secs] [Times: user=0.00 sys=0.00, real=0.00 secs] 
78.166: [GC (Allocation Failure) [PSYoungGen: 101472K->0K(98816K)] 103776K->2304K(273920K), 0.0005437 secs] [Times: user=0.00 sys=0.00, real=0.00 secs] 
78.217: [GC (Allocation Failure) [PSYoungGen: 98304K->96K(96256K)] 100608K->2400K(271360K), 0.0005678 secs] [Times: user=0.00 sys=0.00, real=0.00 secs] 
78.265: [GC (Allocation Failure) [PSYoungGen: 95840K->96K(93696K)] 98144K->2400K(268800K), 0.0005374 secs] [Times: user=0.00 sys=0.00, real=0.00 secs] 
78.313: [GC (Allocation Failure) [PSYoungGen: 93280K->96K(112640K)] 95584K->2400K(287744K), 0.0006926 secs] [Times: user=0.00 sys=0.00, real=0.00 secs] 
78.369: [GC (Allocation Failure) [PSYoungGen: 112224K->32K(135168K)] 114528K->2336K(310272K), 0.0005014 secs] [Times: user=0.00 sys=0.00, real=0.00 secs] 
78.437: [GC (Allocation Failure) [PSYoungGen: 134688K->64K(131072K)] 136992K->2368K(306176K), 0.0005524 secs] [Times: user=0.00 sys=0.00, real=0.00 secs] 
78.503: [GC (Allocation Failure) [PSYoungGen: 130624K->96K(126976K)] 132928K->2400K(302080K), 0.0005282 secs] [Times: user=0.00 sys=0.00, real=0.00 secs] 
78.568: [GC (Allocation Failure) [PSYoungGen: 126560K->96K(122880K)] 128864K->2400K(297984K), 0.0005376 secs] [Times: user=0.00 sys=0.00, real=0.00 secs] 
78.630: [GC (Allocation Failure) [PSYoungGen: 122464K->96K(119296K)] 124768K->2400K(294400K), 0.0005445 secs] [Times: user=0.00 sys=0.00, real=0.00 secs] 
78.691: [GC (Allocation Failure) [PSYoungGen: 118880K->96K(115712K)] 121184K->2400K(290816K), 0.0005156 secs] [Times: user=0.01 sys=0.00, real=0.00 secs] 
78.751: [GC (Allocation Failure) [PSYoungGen: 115296K->0K(112128K)] 117600K->2304K(287232K), 0.0006387 secs] [Times: user=0.01 sys=0.00, real=0.00 secs] 
78.809: [GC (Allocation Failure) [PSYoungGen: 111616K->96K(109056K)] 113920K->2400K(284160K), 0.0005624 secs] [Times: user=0.00 sys=0.00, real=0.00 secs] 
78.865: [GC (Allocation Failure) [PSYoungGen: 108640K->32K(105984K)] 110944K->2336K(281088K), 0.0005304 secs] [Times: user=0.00 sys=0.00, real=0.00 secs] 
78.919: [GC (Allocation Failure) [PSYoungGen: 105504K->64K(127488K)] 107808K->2368K(302592K), 0.0009063 secs] [Times: user=0.01 sys=0.00, real=0.00 secs] 
78.987: [GC (Allocation Failure) [PSYoungGen: 127040K->96K(123392K)] 129344K->2400K(298496K), 0.0005493 secs] [Times: user=0.00 sys=0.00, real=0.00 secs] 
79.050: [GC (Allocation Failure) [PSYoungGen: 122976K->96K(119808K)] 125280K->2400K(294912K), 0.0005517 secs] [Times: user=0.00 sys=0.00, real=0.00 secs] 
79.113: [GC (Allocation Failure) [PSYoungGen: 119392K->64K(116224K)] 121696K->2368K(291328K), 0.0006066 secs] [Times: user=0.00 sys=0.00, real=0.01 secs] 
79.172: [GC (Allocation Failure) [PSYoungGen: 115776K->96K(112640K)] 118080K->2400K(287744K), 0.0005221 secs] [Times: user=0.00 sys=0.00, real=0.00 secs] 
79.230: [GC (Allocation Failure) [PSYoungGen: 112224K->96K(109568K)] 114528K->2400K(284672K), 0.0005495 secs] [Times: user=0.00 sys=0.00, real=0.00 secs] 
79.286: [GC (Allocation Failure) [PSYoungGen: 109152K->96K(106496K)] 111456K->2400K(281600K), 0.0006037 secs] [Times: user=0.01 sys=0.00, real=0.00 secs] 
79.342: [GC (Allocation Failure) [PSYoungGen: 106080K->96K(103424K)] 108384K->2400K(278528K), 0.0005472 secs] [Times: user=0.00 sys=0.00, real=0.00 secs] 
79.395: [GC (Allocation Failure) [PSYoungGen: 103008K->96K(100352K)] 105312K->2400K(275456K), 0.0005196 secs] [Times: user=0.01 sys=0.00, real=0.00 secs] 
79.447: [GC (Allocation Failure) [PSYoungGen: 99936K->96K(97792K)] 102240K->2400K(272896K), 0.0005334 secs] [Times: user=0.00 sys=0.00, real=0.00 secs] 
79.497: [GC (Allocation Failure) [PSYoungGen: 97376K->96K(95232K)] 99680K->2400K(270336K), 0.0005666 secs] [Times: user=0.00 sys=0.00, real=0.00 secs] 
79.548: [GC (Allocation Failure) [PSYoungGen: 94816K->96K(92672K)] 97120K->2400K(267776K), 0.0005443 secs] [Times: user=0.00 sys=0.00, real=0.00 secs] 
79.596: [GC (Allocation Failure) [PSYoungGen: 92256K->32K(111104K)] 94560K->2336K(286208K), 0.0007539 secs] [Times: user=0.00 sys=0.00, real=0.00 secs] 
79.654: [GC (Allocation Failure) [PSYoungGen: 110624K->96K(133632K)] 112928K->2400K(308736K), 0.0005538 secs] [Times: user=0.01 sys=0.00, real=0.00 secs] 
79.722: [GC (Allocation Failure) [PSYoungGen: 133216K->96K(129536K)] 135520K->2400K(304640K), 0.0005444 secs] [Times: user=0.00 sys=0.00, real=0.00 secs] 
79.788: [GC (Allocation Failure) [PSYoungGen: 129120K->96K(125440K)] 131424K->2400K(300544K), 0.0005300 secs] [Times: user=0.00 sys=0.00, real=0.00 secs] 
79.853: [GC (Allocation Failure) [PSYoungGen: 125024K->96K(121344K)] 127328K->2400K(296448K), 0.0005513 secs] [Times: user=0.00 sys=0.00, real=0.00 secs] 
79.915: [GC (Allocation Failure) [PSYoungGen: 120928K->96K(117760K)] 123232K->2400K(292864K), 0.0005196 secs] [Times: user=0.00 sys=0.00, real=0.00 secs] 
79.976: [GC (Allocation Failure) [PSYoungGen: 117344K->64K(114176K)] 119648K->2368K(289280K), 0.0005320 secs] [Times: user=0.00 sys=0.00, real=0.00 secs] 
80.034: [GC (Allocation Failure) [PSYoungGen: 113728K->64K(110592K)] 116032K->2368K(285696K), 0.0005211 secs] [Times: user=0.00 sys=0.00, real=0.00 secs] 
80.093: [GC (Allocation Failure) [PSYoungGen: 110144K->96K(107520K)] 112448K->2400K(282624K), 0.0005545 secs] [Times: user=0.00 sys=0.00, real=0.01 secs] 
80.148: [GC (Allocation Failure) [PSYoungGen: 107104K->64K(104448K)] 109408K->2368K(279552K), 0.0005501 secs] [Times: user=0.00 sys=0.00, real=0.00 secs] 
80.202: [GC (Allocation Failure) [PSYoungGen: 104000K->64K(101376K)] 106304K->2368K(276480K), 0.0005046 secs] [Times: user=0.00 sys=0.00, real=0.00 secs] 
80.254: [GC (Allocation Failure) [PSYoungGen: 100928K->96K(98816K)] 103232K->2400K(273920K), 0.0005275 secs] [Times: user=0.00 sys=0.00, real=0.00 secs] 
80.306: [GC (Allocation Failure) [PSYoungGen: 98400K->96K(96256K)] 100704K->2400K(271360K), 0.0005429 secs] [Times: user=0.00 sys=0.00, real=0.00 secs] 
80.358: [GC (Allocation Failure) [PSYoungGen: 95840K->96K(93696K)] 98144K->2424K(268800K), 0.0005727 secs] [Times: user=0.01 sys=0.00, real=0.00 secs] 
80.406: [GC (Allocation Failure) [PSYoungGen: 93280K->96K(91136K)] 95608K->2424K(266240K), 0.0005486 secs] [Times: user=0.00 sys=0.00, real=0.00 secs] 
80.453: [GC (Allocation Failure) [PSYoungGen: 90720K->96K(88576K)] 93048K->2424K(263680K), 0.0005085 secs] [Times: user=0.00 sys=0.00, real=0.00 secs] 
80.499: [GC (Allocation Failure) [PSYoungGen: 88160K->96K(804352K)] 90488K->2424K(979456K), 0.0005492 secs] [Times: user=0.00 sys=0.00, real=0.00 secs] 
80.909: [GC (Allocation Failure) [PSYoungGen: 803936K->64K(767488K)] 806264K->2392K(942592K), 0.0005571 secs] [Times: user=0.00 sys=0.00, real=0.00 secs] 
81.302: [GC (Allocation Failure) [PSYoungGen: 767040K->96K(732160K)] 769368K->2424K(907264K), 0.0005500 secs] [Times: user=0.00 sys=0.00, real=0.00 secs] 
81.677: [GC (Allocation Failure) [PSYoungGen: 731744K->96K(698880K)] 734072K->2424K(873984K), 0.0005520 secs] [Times: user=0.01 sys=0.00, real=0.00 secs] 
82.034: [GC (Allocation Failure) [PSYoungGen: 698464K->96K(667136K)] 700792K->2424K(842240K), 0.0005517 secs] [Times: user=0.00 sys=0.00, real=0.00 secs] 
82.378: [GC (Allocation Failure) [PSYoungGen: 666720K->64K(636928K)] 669048K->2392K(812032K), 0.0006070 secs] [Times: user=0.01 sys=0.00, real=0.00 secs] 
82.703: [GC (Allocation Failure) [PSYoungGen: 636480K->96K(608256K)] 638808K->2424K(783360K), 0.0005987 secs] [Times: user=0.00 sys=0.00, real=0.00 secs] 
83.018: [GC (Allocation Failure) [PSYoungGen: 607840K->64K(581120K)] 610168K->2392K(756224K), 0.0005624 secs] [Times: user=0.01 sys=0.00, real=0.00 secs] 
83.316: [GC (Allocation Failure) [PSYoungGen: 580672K->96K(555520K)] 583000K->2424K(730624K), 0.0005561 secs] [Times: user=0.00 sys=0.00, real=0.00 secs] 
83.605: [GC (Allocation Failure) [PSYoungGen: 555104K->32K(530944K)] 557432K->2360K(706048K), 0.0005468 secs] [Times: user=0.00 sys=0.00, real=0.00 secs] 
83.879: [GC (Allocation Failure) [PSYoungGen: 530464K->96K(507392K)] 532792K->2424K(682496K), 0.0005641 secs] [Times: user=0.00 sys=0.00, real=0.00 secs] 
84.142: [GC (Allocation Failure) [PSYoungGen: 506976K->64K(485376K)] 509304K->2392K(660480K), 0.0005683 secs] [Times: user=0.00 sys=0.00, real=0.01 secs] 
84.395: [GC (Allocation Failure) [PSYoungGen: 484928K->64K(464384K)] 487256K->2392K(639488K), 0.0005525 secs] [Times: user=0.00 sys=0.00, real=0.00 secs] 
84.634: [GC (Allocation Failure) [PSYoungGen: 463936K->96K(444416K)] 466264K->2424K(619520K), 0.0006334 secs] [Times: user=0.00 sys=0.00, real=0.00 secs] 
84.866: [GC (Allocation Failure) [PSYoungGen: 444000K->96K(425472K)] 446328K->2424K(600576K), 0.0005426 secs] [Times: user=0.00 sys=0.00, real=0.00 secs] 
85.085: [GC (Allocation Failure) [PSYoungGen: 425056K->96K(407552K)] 427384K->2424K(582656K), 0.0005536 secs] [Times: user=0.00 sys=0.00, real=0.00 secs] 
85.300: [GC (Allocation Failure) [PSYoungGen: 407136K->96K(390144K)] 409464K->2424K(565248K), 0.0006394 secs] [Times: user=0.00 sys=0.00, real=0.00 secs] 
85.508: [GC (Allocation Failure) [PSYoungGen: 389728K->96K(373760K)] 392056K->2424K(548864K), 0.0005659 secs] [Times: user=0.00 sys=0.00, real=0.00 secs] 
85.704: [GC (Allocation Failure) [PSYoungGen: 373344K->96K(357888K)] 375672K->2424K(532992K), 0.0005658 secs] [Times: user=0.00 sys=0.00, real=0.00 secs] 
85.893: [GC (Allocation Failure) [PSYoungGen: 357472K->96K(343040K)] 359800K->2424K(518144K), 0.0005833 secs] [Times: user=0.00 sys=0.00, real=0.01 secs] 
86.076: [GC (Allocation Failure) [PSYoungGen: 342624K->96K(328704K)] 344952K->2424K(503808K), 0.0005682 secs] [Times: user=0.00 sys=0.00, real=0.00 secs] 
86.249: [GC (Allocation Failure) [PSYoungGen: 328288K->96K(315392K)] 330616K->2424K(490496K), 0.0005682 secs] [Times: user=0.00 sys=0.00, real=0.00 secs] 
86.416: [GC (Allocation Failure) [PSYoungGen: 314976K->64K(302592K)] 317304K->2392K(477696K), 0.0005675 secs] [Times: user=0.00 sys=0.00, real=0.00 secs] 
86.576: [GC (Allocation Failure) [PSYoungGen: 302144K->64K(290304K)] 304472K->2392K(465408K), 0.0006052 secs] [Times: user=0.00 sys=0.00, real=0.00 secs] 
86.728: [GC (Allocation Failure) [PSYoungGen: 289856K->64K(278528K)] 292184K->2392K(453632K), 0.0005919 secs] [Times: user=0.00 sys=0.00, real=0.00 secs] 
86.875: [GC (Allocation Failure) [PSYoungGen: 278080K->64K(267776K)] 280408K->2392K(442880K), 0.0005809 secs] [Times: user=0.00 sys=0.00, real=0.00 secs] 
87.017: [GC (Allocation Failure) [PSYoungGen: 267328K->96K(257536K)] 269656K->2424K(432640K), 0.0005646 secs] [Times: user=0.00 sys=0.00, real=0.00 secs] 
87.154: [GC (Allocation Failure) [PSYoungGen: 257120K->64K(247296K)] 259448K->2392K(422400K), 0.0005768 secs] [Times: user=0.00 sys=0.00, real=0.00 secs] 
87.285: [GC (Allocation Failure) [PSYoungGen: 246848K->96K(237568K)] 249176K->2424K(412672K), 0.0005592 secs] [Times: user=0.00 sys=0.00, real=0.00 secs] 
87.410: [GC (Allocation Failure) [PSYoungGen: 237152K->96K(228352K)] 239480K->2424K(403456K), 0.0005738 secs] [Times: user=0.00 sys=0.00, real=0.00 secs] 
87.531: [GC (Allocation Failure) [PSYoungGen: 227936K->64K(219648K)] 230264K->2392K(394752K), 0.0006039 secs] [Times: user=0.00 sys=0.00, real=0.00 secs] 
87.647: [GC (Allocation Failure) [PSYoungGen: 219200K->32K(211456K)] 221528K->2360K(386560K), 0.0005499 secs] [Times: user=0.00 sys=0.00, real=0.00 secs] 
87.755: [GC (Allocation Failure) [PSYoungGen: 210976K->96K(203776K)] 213304K->2424K(378880K), 0.0005626 secs] [Times: user=0.00 sys=0.00, real=0.00 secs] 
87.860: [GC (Allocation Failure) [PSYoungGen: 203360K->64K(196096K)] 205688K->2392K(371200K), 0.0005919 secs] [Times: user=0.01 sys=0.00, real=0.00 secs] 
87.960: [GC (Allocation Failure) [PSYoungGen: 195648K->96K(188928K)] 197976K->2424K(364032K), 0.0005409 secs] [Times: user=0.00 sys=0.00, real=0.00 secs] 
88.058: [GC (Allocation Failure) [PSYoungGen: 188512K->96K(182272K)] 190840K->2424K(357376K), 0.0005517 secs] [Times: user=0.00 sys=0.00, real=0.00 secs] 
88.152: [GC (Allocation Failure) [PSYoungGen: 181856K->64K(175616K)] 184184K->2392K(350720K), 0.0005491 secs] [Times: user=0.00 sys=0.00, real=0.00 secs] 
88.242: [GC (Allocation Failure) [PSYoungGen: 175168K->96K(169472K)] 177496K->2424K(344576K), 0.0005812 secs] [Times: user=0.00 sys=0.00, real=0.00 secs] 
88.330: [GC (Allocation Failure) [PSYoungGen: 169056K->96K(163840K)] 171384K->2424K(338944K), 0.0005694 secs] [Times: user=0.00 sys=0.00, real=0.00 secs] 
88.414: [GC (Allocation Failure) [PSYoungGen: 163424K->96K(158208K)] 165752K->2424K(333312K), 0.0005626 secs] [Times: user=0.00 sys=0.00, real=0.00 secs] 
88.495: [GC (Allocation Failure) [PSYoungGen: 157792K->64K(153088K)] 160120K->2392K(328192K), 0.0005477 secs] [Times: user=0.00 sys=0.00, real=0.00 secs] 
88.574: [GC (Allocation Failure) [PSYoungGen: 152640K->96K(147968K)] 154968K->2424K(323072K), 0.0005626 secs] [Times: user=0.00 sys=0.00, real=0.00 secs] 
88.650: [GC (Allocation Failure) [PSYoungGen: 147552K->96K(143360K)] 149880K->2424K(318464K), 0.0005434 secs] [Times: user=0.00 sys=0.00, real=0.00 secs] 
88.724: [GC (Allocation Failure) [PSYoungGen: 142944K->64K(138752K)] 145272K->2392K(313856K), 0.0005591 secs] [Times: user=0.00 sys=0.00, real=0.00 secs] 
88.795: [GC (Allocation Failure) [PSYoungGen: 138304K->96K(134144K)] 140632K->2424K(309248K), 0.0005485 secs] [Times: user=0.00 sys=0.00, real=0.00 secs] 
88.864: [GC (Allocation Failure) [PSYoungGen: 133728K->32K(130048K)] 136056K->2360K(305152K), 0.0005193 secs] [Times: user=0.00 sys=0.00, real=0.00 secs] 
88.931: [GC (Allocation Failure) [PSYoungGen: 129568K->96K(125952K)] 131896K->2424K(301056K), 0.0005469 secs] [Times: user=0.00 sys=0.00, real=0.00 secs] 
88.996: [GC (Allocation Failure) [PSYoungGen: 125536K->96K(121856K)] 127864K->2424K(296960K), 0.0005303 secs] [Times: user=0.01 sys=0.00, real=0.00 secs] 
89.058: [GC (Allocation Failure) [PSYoungGen: 121440K->64K(118272K)] 123768K->2392K(293376K), 0.0005678 secs] [Times: user=0.00 sys=0.00, real=0.00 secs] 
89.118: [GC (Allocation Failure) [PSYoungGen: 117824K->96K(114688K)] 120152K->2424K(289792K), 0.0005378 secs] [Times: user=0.00 sys=0.00, real=0.00 secs] 
89.175: [GC (Allocation Failure) [PSYoungGen: 114272K->96K(111104K)] 116600K->2424K(286208K), 0.0005316 secs] [Times: user=0.00 sys=0.01, real=0.00 secs] 
89.231: [GC (Allocation Failure) [PSYoungGen: 110688K->96K(108032K)] 113016K->2424K(283136K), 0.0005083 secs] [Times: user=0.00 sys=0.00, real=0.00 secs] 
89.286: [GC (Allocation Failure) [PSYoungGen: 107616K->32K(104960K)] 109944K->2360K(280064K), 0.0005437 secs] [Times: user=0.00 sys=0.00, real=0.00 secs] 
89.339: [GC (Allocation Failure) [PSYoungGen: 104480K->96K(101888K)] 106808K->2424K(276992K), 0.0005339 secs] [Times: user=0.00 sys=0.00, real=0.00 secs] 
89.390: [GC (Allocation Failure) [PSYoungGen: 101472K->96K(98816K)] 103800K->2424K(273920K), 0.0005371 secs] [Times: user=0.00 sys=0.00, real=0.00 secs] 
89.440: [GC (Allocation Failure) [PSYoungGen: 98400K->96K(96256K)] 100728K->2424K(271360K), 0.0005158 secs] [Times: user=0.00 sys=0.00, real=0.00 secs] 
89.488: [GC (Allocation Failure) [PSYoungGen: 95840K->96K(93696K)] 98168K->2424K(268800K), 0.0005043 secs] [Times: user=0.00 sys=0.00, real=0.00 secs] 
89.535: [GC (Allocation Failure) [PSYoungGen: 93280K->64K(112640K)] 95608K->2392K(287744K), 0.0011227 secs] [Times: user=0.00 sys=0.00, real=0.00 secs] 
89.593: [GC (Allocation Failure) [PSYoungGen: 112192K->64K(135168K)] 114520K->2392K(310272K), 0.0005439 secs] [Times: user=0.00 sys=0.00, real=0.00 secs] 
89.660: [GC (Allocation Failure) [PSYoungGen: 134720K->64K(162304K)] 137048K->2392K(337408K), 0.0005431 secs] [Times: user=0.01 sys=0.00, real=0.00 secs] 
89.741: [GC (Allocation Failure) [PSYoungGen: 161856K->96K(156672K)] 164184K->2424K(331776K), 0.0005794 secs] [Times: user=0.00 sys=0.00, real=0.00 secs] 
89.819: [GC (Allocation Failure) [PSYoungGen: 156255K->96K(151552K)] 158583K->2424K(326656K), 0.0005287 secs] [Times: user=0.01 sys=0.00, real=0.00 secs] 
89.896: [GC (Allocation Failure) [PSYoungGen: 151136K->96K(146432K)] 153464K->2424K(321536K), 0.0005721 secs] [Times: user=0.00 sys=0.00, real=0.00 secs] 
89.969: [GC (Allocation Failure) [PSYoungGen: 146016K->96K(141824K)] 148344K->2424K(316928K), 0.0005426 secs] [Times: user=0.01 sys=0.00, real=0.00 secs] 
90.041: [GC (Allocation Failure) [PSYoungGen: 141408K->64K(137216K)] 143736K->2392K(312320K), 0.0005830 secs] [Times: user=0.00 sys=0.00, real=0.00 secs] 
90.110: [GC (Allocation Failure) [PSYoungGen: 136768K->96K(132608K)] 139096K->2424K(307712K), 0.0005466 secs] [Times: user=0.00 sys=0.00, real=0.00 secs] 
90.177: [GC (Allocation Failure) [PSYoungGen: 132192K->96K(128512K)] 134520K->2424K(303616K), 0.0005304 secs] [Times: user=0.00 sys=0.00, real=0.00 secs] 
90.241: [GC (Allocation Failure) [PSYoungGen: 128096K->96K(124416K)] 130424K->2424K(299520K), 0.0005864 secs] [Times: user=0.00 sys=0.00, real=0.00 secs] 
90.305: [GC (Allocation Failure) [PSYoungGen: 124000K->96K(120832K)] 126328K->2424K(295936K), 0.0005135 secs] [Times: user=0.00 sys=0.00, real=0.00 secs] 
90.369: [GC (Allocation Failure) [PSYoungGen: 120416K->96K(117248K)] 122744K->2448K(292352K), 0.0005615 secs] [Times: user=0.00 sys=0.00, real=0.00 secs] 
90.428: [GC (Allocation Failure) [PSYoungGen: 116832K->64K(113664K)] 119184K->2416K(288768K), 0.0005707 secs] [Times: user=0.00 sys=0.00, real=0.00 secs] 
90.484: [GC (Allocation Failure) [PSYoungGen: 113216K->32K(110592K)] 115568K->2384K(285696K), 0.0005376 secs] [Times: user=0.00 sys=0.00, real=0.00 secs] 
90.540: [GC (Allocation Failure) [PSYoungGen: 110112K->96K(107520K)] 112464K->2448K(282624K), 0.0005458 secs] [Times: user=0.00 sys=0.00, real=0.00 secs] 
90.597: [GC (Allocation Failure) [PSYoungGen: 107104K->0K(104448K)] 109456K->2352K(279552K), 0.0005506 secs] [Times: user=0.00 sys=0.00, real=0.00 secs] 
90.650: [GC (Allocation Failure) [PSYoungGen: 103936K->96K(101376K)] 106288K->2448K(276480K), 0.0005429 secs] [Times: user=0.00 sys=0.00, real=0.00 secs] 
90.700: [GC (Allocation Failure) [PSYoungGen: 100960K->96K(98816K)] 103312K->2448K(273920K), 0.0005111 secs] [Times: user=0.00 sys=0.00, real=0.00 secs] 
90.750: [GC (Allocation Failure) [PSYoungGen: 98400K->96K(96256K)] 100752K->2448K(271360K), 0.0005378 secs] [Times: user=0.00 sys=0.00, real=0.00 secs] 
90.799: [GC (Allocation Failure) [PSYoungGen: 95840K->64K(93696K)] 98192K->2416K(268800K), 0.0005971 secs] [Times: user=0.00 sys=0.00, real=0.00 secs] 
90.847: [GC (Allocation Failure) [PSYoungGen: 93248K->96K(91136K)] 95600K->2448K(266240K), 0.0005391 secs] [Times: user=0.00 sys=0.00, real=0.00 secs] 
90.895: [GC (Allocation Failure) [PSYoungGen: 90720K->32K(88576K)] 93072K->2384K(263680K), 0.0005033 secs] [Times: user=0.00 sys=0.00, real=0.00 secs] 
90.940: [GC (Allocation Failure) [PSYoungGen: 88096K->96K(804352K)] 90448K->2448K(979456K), 0.0005372 secs] [Times: user=0.00 sys=0.00, real=0.00 secs] 
91.343: [GC (Allocation Failure) [PSYoungGen: 803936K->96K(767488K)] 806288K->2448K(942592K), 0.0005386 secs] [Times: user=0.00 sys=0.00, real=0.00 secs] 
91.726: [GC (Allocation Failure) [PSYoungGen: 767072K->64K(732160K)] 769424K->2416K(907264K), 0.0005399 secs] [Times: user=0.00 sys=0.00, real=0.00 secs] 
92.098: [GC (Allocation Failure) [PSYoungGen: 731712K->128K(698880K)] 734064K->2480K(873984K), 0.0005883 secs] [Times: user=0.00 sys=0.00, real=0.00 secs] 
92.458: [GC (Allocation Failure) [PSYoungGen: 698496K->96K(667136K)] 700848K->2448K(842240K), 0.0005565 secs] [Times: user=0.00 sys=0.00, real=0.00 secs] 
92.799: [GC (Allocation Failure) [PSYoungGen: 666720K->96K(636928K)] 669072K->2448K(812032K), 0.0005788 secs] [Times: user=0.00 sys=0.00, real=0.00 secs] 
93.126: [GC (Allocation Failure) [PSYoungGen: 636512K->64K(608256K)] 638864K->2416K(783360K), 0.0005321 secs] [Times: user=0.00 sys=0.00, real=0.00 secs] 
93.441: [GC (Allocation Failure) [PSYoungGen: 607808K->96K(581120K)] 610160K->2448K(756224K), 0.0005419 secs] [Times: user=0.00 sys=0.00, real=0.00 secs] 
93.737: [GC (Allocation Failure) [PSYoungGen: 580704K->96K(555520K)] 583056K->2448K(730624K), 0.0005984 secs] [Times: user=0.00 sys=0.00, real=0.00 secs] 
94.022: [GC (Allocation Failure) [PSYoungGen: 555104K->96K(530944K)] 557456K->2448K(706048K), 0.0005512 secs] [Times: user=0.00 sys=0.00, real=0.01 secs] 
94.293: [GC (Allocation Failure) [PSYoungGen: 530528K->64K(507392K)] 532880K->2416K(682496K), 0.0005484 secs] [Times: user=0.00 sys=0.00, real=0.00 secs] 
94.555: [GC (Allocation Failure) [PSYoungGen: 506944K->96K(485376K)] 509296K->2448K(660480K), 0.0005570 secs] [Times: user=0.01 sys=0.00, real=0.00 secs] 
94.803: [GC (Allocation Failure) [PSYoungGen: 484960K->96K(464384K)] 487312K->2448K(639488K), 0.0005517 secs] [Times: user=0.00 sys=0.00, real=0.00 secs] 
95.042: [GC (Allocation Failure) [PSYoungGen: 463968K->96K(444416K)] 466320K->2456K(619520K), 0.0005523 secs] [Times: user=0.00 sys=0.00, real=0.00 secs] 
95.269: [GC (Allocation Failure) [PSYoungGen: 444000K->96K(425472K)] 446360K->2456K(600576K), 0.0005469 secs] [Times: user=0.00 sys=0.00, real=0.00 secs] 
95.489: [GC (Allocation Failure) [PSYoungGen: 425056K->96K(407552K)] 427416K->2456K(582656K), 0.0005665 secs] [Times: user=0.00 sys=0.00, real=0.00 secs] 
95.697: [GC (Allocation Failure) [PSYoungGen: 407136K->64K(390144K)] 409496K->2424K(565248K), 0.0005863 secs] [Times: user=0.00 sys=0.00, real=0.00 secs] 
95.896: [GC (Allocation Failure) [PSYoungGen: 389696K->96K(373760K)] 392056K->2456K(548864K), 0.0005626 secs] [Times: user=0.00 sys=0.00, real=0.00 secs] 
96.088: [GC (Allocation Failure) [PSYoungGen: 373344K->96K(357888K)] 375704K->2456K(532992K), 0.0005557 secs] [Times: user=0.00 sys=0.00, real=0.00 secs] 
96.268: [GC (Allocation Failure) [PSYoungGen: 357472K->96K(343040K)] 359832K->2456K(518144K), 0.0005296 secs] [Times: user=0.00 sys=0.00, real=0.00 secs] 
96.443: [GC (Allocation Failure) [PSYoungGen: 342624K->64K(328704K)] 344984K->2424K(503808K), 0.0005570 secs] [Times: user=0.01 sys=0.00, real=0.00 secs] 
96.608: [GC (Allocation Failure) [PSYoungGen: 328256K->96K(315392K)] 330616K->2456K(490496K), 0.0005807 secs] [Times: user=0.00 sys=0.00, real=0.00 secs] 
96.764: [GC (Allocation Failure) [PSYoungGen: 314976K->96K(302592K)] 317336K->2456K(477696K), 0.0008232 secs] [Times: user=0.00 sys=0.00, real=0.00 secs] 
96.917: [GC (Allocation Failure) [PSYoungGen: 302176K->96K(290304K)] 304536K->2456K(465408K), 0.0005588 secs] [Times: user=0.00 sys=0.00, real=0.00 secs] 
97.064: [GC (Allocation Failure) [PSYoungGen: 289888K->64K(278528K)] 292248K->2424K(453632K), 0.0006345 secs] [Times: user=0.00 sys=0.00, real=0.00 secs] 
97.202: [GC (Allocation Failure) [PSYoungGen: 278080K->96K(267776K)] 280440K->2456K(442880K), 0.0005361 secs] [Times: user=0.01 sys=0.00, real=0.00 secs] 
97.335: [GC (Allocation Failure) [PSYoungGen: 267360K->64K(257536K)] 269720K->2424K(432640K), 0.0005859 secs] [Times: user=0.00 sys=0.00, real=0.00 secs] 
97.465: [GC (Allocation Failure) [PSYoungGen: 257088K->64K(247296K)] 259448K->2424K(422400K), 0.0005437 secs] [Times: user=0.00 sys=0.00, real=0.00 secs] 
97.591: [GC (Allocation Failure) [PSYoungGen: 246848K->64K(237568K)] 249208K->2424K(412672K), 0.0005471 secs] [Times: user=0.00 sys=0.00, real=0.00 secs] 
97.709: [GC (Allocation Failure) [PSYoungGen: 237120K->96K(228352K)] 239480K->2456K(403456K), 0.0005395 secs] [Times: user=0.00 sys=0.00, real=0.00 secs] 
97.824: [GC (Allocation Failure) [PSYoungGen: 227936K->96K(219648K)] 230296K->2456K(394752K), 0.0005293 secs] [Times: user=0.00 sys=0.00, real=0.00 secs] 
97.934: [GC (Allocation Failure) [PSYoungGen: 219232K->96K(211456K)] 221592K->2456K(386560K), 0.0005579 secs] [Times: user=0.00 sys=0.01, real=0.00 secs] 
98.041: [GC (Allocation Failure) [PSYoungGen: 211040K->96K(203776K)] 213400K->2456K(378880K), 0.0005336 secs] [Times: user=0.00 sys=0.00, real=0.00 secs] 
98.143: [GC (Allocation Failure) [PSYoungGen: 203360K->96K(196096K)] 205720K->2456K(371200K), 0.0005487 secs] [Times: user=0.00 sys=0.00, real=0.01 secs] 
98.242: [GC (Allocation Failure) [PSYoungGen: 195680K->96K(188928K)] 198040K->2456K(364032K), 0.0005765 secs] [Times: user=0.01 sys=0.00, real=0.00 secs] 
98.336: [GC (Allocation Failure) [PSYoungGen: 188512K->96K(182272K)] 190872K->2456K(357376K), 0.0005518 secs] [Times: user=0.00 sys=0.00, real=0.00 secs] 
98.429: [GC (Allocation Failure) [PSYoungGen: 181856K->96K(175616K)] 184216K->2456K(350720K), 0.0005365 secs] [Times: user=0.00 sys=0.00, real=0.00 secs] 
98.517: [GC (Allocation Failure) [PSYoungGen: 175200K->64K(169472K)] 177560K->2424K(344576K), 0.0005339 secs] [Times: user=0.00 sys=0.00, real=0.00 secs] 
98.603: [GC (Allocation Failure) [PSYoungGen: 169024K->64K(163840K)] 171384K->2424K(338944K), 0.0005371 secs] [Times: user=0.00 sys=0.00, real=0.01 secs] 
98.685: [GC (Allocation Failure) [PSYoungGen: 163392K->96K(158208K)] 165752K->2456K(333312K), 0.0005283 secs] [Times: user=0.00 sys=0.00, real=0.00 secs] 
98.767: [GC (Allocation Failure) [PSYoungGen: 157792K->96K(153088K)] 160152K->2456K(328192K), 0.0005403 secs] [Times: user=0.00 sys=0.00, real=0.00 secs] 
98.845: [GC (Allocation Failure) [PSYoungGen: 152672K->64K(147968K)] 155032K->2424K(323072K), 0.0005764 secs] [Times: user=0.00 sys=0.00, real=0.00 secs] 
98.919: [GC (Allocation Failure) [PSYoungGen: 147520K->64K(143360K)] 149880K->2424K(318464K), 0.0005338 secs] [Times: user=0.01 sys=0.00, real=0.00 secs] 
98.990: [GC (Allocation Failure) [PSYoungGen: 142912K->96K(138752K)] 145272K->2456K(313856K), 0.0005087 secs] [Times: user=0.00 sys=0.00, real=0.00 secs] 
99.060: [GC (Allocation Failure) [PSYoungGen: 138336K->64K(134144K)] 140696K->2424K(309248K), 0.0005743 secs] [Times: user=0.00 sys=0.00, real=0.00 secs] 
99.127: [GC (Allocation Failure) [PSYoungGen: 133696K->64K(130048K)] 136056K->2424K(305152K), 0.0005377 secs] [Times: user=0.01 sys=0.00, real=0.00 secs] 
99.194: [GC (Allocation Failure) [PSYoungGen: 129600K->32K(125952K)] 131960K->2392K(301056K), 0.0005248 secs] [Times: user=0.00 sys=0.00, real=0.00 secs] 
99.257: [GC (Allocation Failure) [PSYoungGen: 125472K->96K(121856K)] 127832K->2456K(296960K), 0.0005334 secs] [Times: user=0.01 sys=0.00, real=0.00 secs] 
99.319: [GC (Allocation Failure) [PSYoungGen: 121440K->96K(118272K)] 123800K->2456K(293376K), 0.0005504 secs] [Times: user=0.00 sys=0.00, real=0.00 secs] 
99.381: [GC (Allocation Failure) [PSYoungGen: 117856K->96K(114688K)] 120216K->2456K(289792K), 0.0005404 secs] [Times: user=0.00 sys=0.00, real=0.00 secs] 
99.439: [GC (Allocation Failure) [PSYoungGen: 114272K->96K(111104K)] 116632K->2456K(286208K), 0.0005397 secs] [Times: user=0.00 sys=0.00, real=0.00 secs] 
99.495: [GC (Allocation Failure) [PSYoungGen: 110688K->32K(108032K)] 113048K->2392K(283136K), 0.0005513 secs] [Times: user=0.01 sys=0.00, real=0.00 secs] 
99.550: [GC (Allocation Failure) [PSYoungGen: 107552K->96K(104960K)] 109912K->2456K(280064K), 0.0005540 secs] [Times: user=0.00 sys=0.00, real=0.00 secs] 
99.604: [GC (Allocation Failure) [PSYoungGen: 104544K->96K(101888K)] 106904K->2456K(276992K), 0.0005834 secs] [Times: user=0.01 sys=0.00, real=0.00 secs] 
99.657: [GC (Allocation Failure) [PSYoungGen: 101472K->96K(98816K)] 103832K->2456K(273920K), 0.0005958 secs] [Times: user=0.00 sys=0.00, real=0.00 secs] 
99.709: [GC (Allocation Failure) [PSYoungGen: 98400K->64K(96256K)] 100760K->2424K(271360K), 0.0005305 secs] [Times: user=0.00 sys=0.00, real=0.00 secs] 
99.759: [GC (Allocation Failure) [PSYoungGen: 95808K->96K(93696K)] 98168K->2456K(268800K), 0.0005006 secs] [Times: user=0.00 sys=0.00, real=0.00 secs] 
99.807: [GC (Allocation Failure) [PSYoungGen: 93280K->64K(112640K)] 95640K->2424K(287744K), 0.0010506 secs] [Times: user=0.00 sys=0.00, real=0.00 secs] 
99.863: [GC (Allocation Failure) [PSYoungGen: 112192K->64K(135168K)] 114552K->2424K(310272K), 0.0005390 secs] [Times: user=0.00 sys=0.00, real=0.00 secs] 
99.932: [GC (Allocation Failure) [PSYoungGen: 134720K->96K(162304K)] 137080K->2456K(337408K), 0.0005795 secs] [Times: user=0.01 sys=0.00, real=0.00 secs] 
100.013: [GC (Allocation Failure) [PSYoungGen: 161888K->96K(156672K)] 164248K->2456K(331776K), 0.0005314 secs] [Times: user=0.00 sys=0.00, real=0.00 secs] 
100.093: [GC (Allocation Failure) [PSYoungGen: 156256K->64K(151552K)] 158616K->2424K(326656K), 0.0006358 secs] [Times: user=0.00 sys=0.00, real=0.01 secs] 
100.168: [GC (Allocation Failure) [PSYoungGen: 151104K->96K(146432K)] 153464K->2456K(321536K), 0.0005609 secs] [Times: user=0.00 sys=0.00, real=0.00 secs] 
100.241: [GC (Allocation Failure) [PSYoungGen: 146016K->96K(141824K)] 148376K->2456K(316928K), 0.0005257 secs] [Times: user=0.00 sys=0.00, real=0.00 secs] 
Heap
 PSYoungGen      total 141824K, used 128297K [0x000000076ab00000, 0x000000079bd00000, 0x00000007c0000000)
  eden space 141312K, 90% used [0x000000076ab00000,0x0000000772832468,0x0000000773500000)
  from space 512K, 18% used [0x000000079bc00000,0x000000079bc18000,0x000000079bc80000)
  to   space 512K, 0% used [0x000000079bc80000,0x000000079bc80000,0x000000079bd00000)
 ParOldGen       total 175104K, used 2360K [0x00000006c0000000, 0x00000006cab00000, 0x000000076ab00000)
  object space 175104K, 1% used [0x00000006c0000000,0x00000006c024e000,0x00000006cab00000)
 Metaspace       used 10275K, capacity 10474K, committed 10752K, reserved 1058816K
  class space    used 1130K, capacity 1197K, committed 1280K, reserved 1048576K
