OpenJDK 64-Bit Server VM (25.202-b05) for bsd-amd64 JRE (Zulu 8.36.0.1-CA-macosx) (1.8.0_202-b05), built on Jan 29 2019 06:07:09 by "zulu_re" with gcc 4.2.1 (Based on Apple Inc. build 5658) (LLVM build 2336.11.00)
Memory: 4k page, physical 16777216k(2481664k free)

/proc/meminfo:

CommandLine flags: -XX:InitialHeapSize=268435456 -XX:MaxHeapSize=4294967296 -XX:+PrintGC -XX:+PrintGCDetails -XX:+PrintGCTimeStamps -XX:+UseCompressedClassPointers -XX:+UseCompressedOops -XX:+UseParallelGC 
Heap
 PSYoungGen      total 76288K, used 34353K [0x000000076ab00000, 0x0000000770000000, 0x00000007c0000000)
  eden space 65536K, 52% used [0x000000076ab00000,0x000000076cc8c498,0x000000076eb00000)
  from space 10752K, 0% used [0x000000076f580000,0x000000076f580000,0x0000000770000000)
  to   space 10752K, 0% used [0x000000076eb00000,0x000000076eb00000,0x000000076f580000)
 ParOldGen       total 175104K, used 0K [0x00000006c0000000, 0x00000006cab00000, 0x000000076ab00000)
  object space 175104K, 0% used [0x00000006c0000000,0x00000006c0000000,0x00000006cab00000)
 Metaspace       used 7641K, capacity 7997K, committed 8192K, reserved 1056768K
  class space    used 852K, capacity 948K, committed 1024K, reserved 1048576K
814: [GC (Allocation Failure) [PSYoungGen: 132672K->1600K(141824K)] 132704K->1640K(316928K), 0.0017675 secs] [Times: user=0.01 sys=0.00, real=0.00 secs] 
0.862: [GC (Allocation Failure) [PSYoungGen: 132672K->1600K(266752K)] 132712K->1648K(441856K), 0.0016559 secs] [Times: user=0.01 sys=0.00, real=0.01 secs] 
1.012: [GC (Allocation Failure) [PSYoungGen: 263744K->128K(266752K)] 263792K->1748K(441856K), 0.0019277 secs] [Times: user=0.00 sys=0.00, real=0.01 secs] 
1.107: [GC (Allocation Failure) [PSYoungGen: 262272K->96K(528896K)] 263892K->1732K(704000K), 0.0005736 secs] [Times: user=0.00 sys=0.00, real=0.00 secs] 
1.423: [GC (Allocation Failure) [PSYoungGen: 524384K->32K(528896K)] 526020K->1668K(704000K), 0.0008120 secs] [Times: user=0.00 sys=0.00, real=0.00 secs] 
1.636: [GC (Allocation Failure) [PSYoungGen: 524320K->96K(843776K)] 525956K->1732K(1018880K), 0.0005362 secs] [Times: user=0.00 sys=0.00, real=0.00 secs] 
2.077: [GC (Allocation Failure) [PSYoungGen: 839264K->64K(800768K)] 840900K->1716K(975872K), 0.0005850 secs] [Times: user=0.00 sys=0.00, real=0.00 secs] 
2.380: [GC (Allocation Failure) [PSYoungGen: 800320K->64K(763904K)] 801972K->1716K(939008K), 0.0005952 secs] [Times: user=0.00 sys=0.00, real=0.00 secs] 
2.667: [GC (Allocation Failure) [PSYoungGen: 763456K->96K(733184K)] 765108K->1756K(908288K), 0.0005834 secs] [Times: user=0.01 sys=0.00, real=0.00 secs] 
2.927: [GC (Allocation Failure) [PSYoungGen: 728672K->32K(695808K)] 730332K->1692K(870912K), 0.0006251 secs] [Times: user=0.00 sys=0.00, real=0.00 secs] 
3.203: [GC (Allocation Failure) [PSYoungGen: 695328K->32K(667648K)] 696988K->1692K(842752K), 0.0005123 secs] [Times: user=0.00 sys=0.00, real=0.01 secs] 
3.433: [GC (Allocation Failure) [PSYoungGen: 663584K->32K(634368K)] 665244K->1700K(809472K), 0.0006116 secs] [Times: user=0.00 sys=0.00, real=0.01 secs] 
3.671: [GC (Allocation Failure) [PSYoungGen: 633888K->32K(608768K)] 635556K->1700K(783872K), 0.0005811 secs] [Times: user=0.00 sys=0.00, real=0.00 secs] 
3.891: [GC (Allocation Failure) [PSYoungGen: 605216K->32K(578560K)] 606884K->1700K(753664K), 0.0005992 secs] [Times: user=0.00 sys=0.00, real=0.00 secs] 
4.089: [GC (Allocation Failure) [PSYoungGen: 578080K->64K(556032K)] 579748K->1732K(731136K), 0.0004807 secs] [Times: user=0.00 sys=0.00, real=0.00 secs] 
4.278: [GC (Allocation Failure) [PSYoungGen: 552512K->32K(528384K)] 554180K->1700K(703488K), 0.0006089 secs] [Times: user=0.00 sys=0.00, real=0.00 secs] 
4.460: [GC (Allocation Failure) [PSYoungGen: 527904K->96K(507904K)] 529572K->1764K(683008K), 0.0005972 secs] [Times: user=0.00 sys=0.00, real=0.00 secs] 
4.634: [GC (Allocation Failure) [PSYoungGen: 504928K->32K(483328K)] 506596K->1700K(658432K), 0.0005802 secs] [Times: user=0.00 sys=0.00, real=0.00 secs] 
4.801: [GC (Allocation Failure) [PSYoungGen: 482848K->96K(464384K)] 484516K->1764K(639488K), 0.0005335 secs] [Times: user=0.01 sys=0.00, real=0.00 secs] 
4.974: [GC (Allocation Failure) [PSYoungGen: 461920K->96K(442368K)] 463588K->1764K(617472K), 0.0005683 secs] [Times: user=0.00 sys=0.00, real=0.00 secs] 
5.126: [GC (Allocation Failure) [PSYoungGen: 441952K->32K(425472K)] 443620K->1700K(600576K), 0.0005267 secs] [Times: user=0.00 sys=0.00, real=0.00 secs] 
5.271: [GC (Allocation Failure) [PSYoungGen: 422944K->32K(405504K)] 424612K->1700K(580608K), 0.0006170 secs] [Times: user=0.00 sys=0.00, real=0.00 secs] 
5.410: [GC (Allocation Failure) [PSYoungGen: 405024K->64K(389632K)] 406692K->1732K(564736K), 0.0005341 secs] [Times: user=0.00 sys=0.00, real=0.00 secs] 
5.542: [GC (Allocation Failure) [PSYoungGen: 387648K->64K(371712K)] 389316K->1732K(546816K), 0.0006151 secs] [Times: user=0.01 sys=0.00, real=0.00 secs] 
5.670: [GC (Allocation Failure) [PSYoungGen: 371264K->64K(357888K)] 372932K->1732K(532992K), 0.0005975 secs] [Times: user=0.00 sys=0.00, real=0.00 secs] 
5.792: [GC (Allocation Failure) [PSYoungGen: 355904K->32K(341504K)] 357572K->1700K(516608K), 0.0006073 secs] [Times: user=0.00 sys=0.00, real=0.00 secs] 
5.909: [GC (Allocation Failure) [PSYoungGen: 341024K->32K(328704K)] 342692K->1700K(503808K), 0.0005266 secs] [Times: user=0.00 sys=0.00, real=0.00 secs] 
6.023: [GC (Allocation Failure) [PSYoungGen: 327200K->32K(314368K)] 328868K->1708K(489472K), 0.0005957 secs] [Times: user=0.00 sys=0.00, real=0.00 secs] 
6.140: [GC (Allocation Failure) [PSYoungGen: 313888K->96K(302592K)] 315564K->1772K(477696K), 0.0005274 secs] [Times: user=0.01 sys=0.00, real=0.00 secs] 
6.248: [GC (Allocation Failure) [PSYoungGen: 301152K->32K(289280K)] 302828K->1708K(464384K), 0.0005827 secs] [Times: user=0.00 sys=0.00, real=0.00 secs] 
6.347: [GC (Allocation Failure) [PSYoungGen: 288800K->32K(279040K)] 290476K->1708K(454144K), 0.0006054 secs] [Times: user=0.00 sys=0.00, real=0.00 secs] 
6.442: [GC (Allocation Failure) [PSYoungGen: 277536K->32K(267264K)] 279212K->1708K(442368K), 0.0005366 secs] [Times: user=0.01 sys=0.00, real=0.00 secs] 
6.534: [GC (Allocation Failure) [PSYoungGen: 266784K->32K(257536K)] 268460K->1708K(432640K), 0.0005068 secs] [Times: user=0.00 sys=0.00, real=0.00 secs] 
6.624: [GC (Allocation Failure) [PSYoungGen: 256544K->96K(247296K)] 258220K->1772K(422400K), 0.0005642 secs] [Times: user=0.00 sys=0.00, real=0.00 secs] 
6.709: [GC (Allocation Failure) [PSYoungGen: 246880K->32K(238080K)] 248556K->1708K(413184K), 0.0005634 secs] [Times: user=0.00 sys=0.00, real=0.00 secs] 
6.790: [GC (Allocation Failure) [PSYoungGen: 237088K->32K(228352K)] 238764K->1708K(403456K), 0.0005564 secs] [Times: user=0.00 sys=0.00, real=0.00 secs] 
6.869: [GC (Allocation Failure) [PSYoungGen: 227872K->96K(220160K)] 229548K->1772K(395264K), 0.0005780 secs] [Times: user=0.00 sys=0.00, real=0.00 secs] 
6.944: [GC (Allocation Failure) [PSYoungGen: 219232K->0K(211456K)] 220908K->1676K(386560K), 0.0005884 secs] [Times: user=0.01 sys=0.00, real=0.00 secs] 
7.017: [GC (Allocation Failure) [PSYoungGen: 210944K->32K(204288K)] 212620K->1708K(379392K), 0.0005595 secs] [Times: user=0.00 sys=0.00, real=0.00 secs] 
7.087: [GC (Allocation Failure) [PSYoungGen: 203296K->32K(196096K)] 204972K->1708K(371200K), 0.0005499 secs] [Times: user=0.00 sys=0.00, real=0.00 secs] 
7.155: [GC (Allocation Failure) [PSYoungGen: 195616K->96K(189440K)] 197292K->1772K(364544K), 0.0005629 secs] [Times: user=0.01 sys=0.00, real=0.00 secs] 
7.220: [GC (Allocation Failure) [PSYoungGen: 188512K->64K(182272K)] 190188K->1740K(357376K), 0.0006294 secs] [Times: user=0.00 sys=0.00, real=0.00 secs] 
7.283: [GC (Allocation Failure) [PSYoungGen: 181824K->64K(222720K)] 183500K->1740K(397824K), 0.0013031 secs] [Times: user=0.00 sys=0.00, real=0.01 secs] 
7.366: [GC (Allocation Failure) [PSYoungGen: 222272K->32K(214528K)] 223948K->1708K(389632K), 0.0005123 secs] [Times: user=0.00 sys=0.00, real=0.00 secs] 
7.440: [GC (Allocation Failure) [PSYoungGen: 214048K->96K(206336K)] 215724K->1772K(381440K), 0.0005438 secs] [Times: user=0.00 sys=0.00, real=0.00 secs] 
7.512: [GC (Allocation Failure) [PSYoungGen: 205920K->32K(198656K)] 207596K->1708K(373760K), 0.0005227 secs] [Times: user=0.00 sys=0.00, real=0.00 secs] 
7.583: [GC (Allocation Failure) [PSYoungGen: 198176K->96K(191488K)] 199852K->1772K(366592K), 0.0005131 secs] [Times: user=0.00 sys=0.00, real=0.01 secs] 
7.650: [GC (Allocation Failure) [PSYoungGen: 191072K->96K(184832K)] 192748K->1772K(359936K), 0.0005664 secs] [Times: user=0.01 sys=0.00, real=0.00 secs] 
7.715: [GC (Allocation Failure) [PSYoungGen: 184416K->32K(178176K)] 186092K->1708K(353280K), 0.0005178 secs] [Times: user=0.00 sys=0.00, real=0.00 secs] 
7.778: [GC (Allocation Failure) [PSYoungGen: 177696K->64K(172032K)] 179372K->1740K(347136K), 0.0005512 secs] [Times: user=0.00 sys=0.00, real=0.00 secs] 
7.836: [GC (Allocation Failure) [PSYoungGen: 171584K->32K(165888K)] 173260K->1708K(340992K), 0.0005190 secs] [Times: user=0.00 sys=0.00, real=0.00 secs] 
7.893: [GC (Allocation Failure) [PSYoungGen: 165408K->64K(160256K)] 167084K->1740K(335360K), 0.0005670 secs] [Times: user=0.00 sys=0.00, real=0.00 secs] 
7.948: [GC (Allocation Failure) [PSYoungGen: 159808K->96K(154624K)] 161484K->1772K(329728K), 0.0005231 secs] [Times: user=0.00 sys=0.00, real=0.00 secs] 
8.000: [GC (Allocation Failure) [PSYoungGen: 154208K->64K(149504K)] 155884K->1740K(324608K), 0.0005431 secs] [Times: user=0.01 sys=0.00, real=0.00 secs] 
8.051: [GC (Allocation Failure) [PSYoungGen: 149056K->96K(144384K)] 150732K->1772K(319488K), 0.0005296 secs] [Times: user=0.00 sys=0.00, real=0.00 secs] 
8.100: [GC (Allocation Failure) [PSYoungGen: 143961K->32K(139776K)] 145637K->1708K(314880K), 0.0005076 secs] [Times: user=0.00 sys=0.00, real=0.00 secs] 
8.148: [GC (Allocation Failure) [PSYoungGen: 139296K->32K(135168K)] 140972K->1708K(310272K), 0.0005398 secs] [Times: user=0.00 sys=0.00, real=0.00 secs] 
8.194: [GC (Allocation Failure) [PSYoungGen: 134688K->32K(131072K)] 136364K->1708K(306176K), 0.0005053 secs] [Times: user=0.00 sys=0.00, real=0.00 secs] 
8.239: [GC (Allocation Failure) [PSYoungGen: 130592K->64K(126976K)] 132268K->1740K(302080K), 0.0005125 secs] [Times: user=0.01 sys=0.00, real=0.00 secs] 
8.282: [GC (Allocation Failure) [PSYoungGen: 126528K->96K(122880K)] 128204K->1772K(297984K), 0.0005420 secs] [Times: user=0.00 sys=0.00, real=0.00 secs] 
8.323: [GC (Allocation Failure) [PSYoungGen: 122464K->32K(147456K)] 124140K->1708K(322560K), 0.0005658 secs] [Times: user=0.00 sys=0.00, real=0.00 secs] 
8.373: [GC (Allocation Failure) [PSYoungGen: 146976K->96K(177152K)] 148652K->1772K(352256K), 0.0005290 secs] [Times: user=0.00 sys=0.00, real=0.00 secs] 
8.434: [GC (Allocation Failure) [PSYoungGen: 176736K->96K(171008K)] 178412K->1772K(346112K), 0.0005220 secs] [Times: user=0.00 sys=0.00, real=0.00 secs] 
8.492: [GC (Allocation Failure) [PSYoungGen: 170592K->32K(164864K)] 172268K->1708K(339968K), 0.0005765 secs] [Times: user=0.00 sys=0.00, real=0.00 secs] 
8.548: [GC (Allocation Failure) [PSYoungGen: 164384K->32K(198144K)] 166060K->1708K(373248K), 0.0008915 secs] [Times: user=0.00 sys=0.00, real=0.00 secs] 
8.616: [GC (Allocation Failure) [PSYoungGen: 197664K->96K(190976K)] 199340K->1772K(366080K), 0.0005392 secs] [Times: user=0.01 sys=0.00, real=0.00 secs] 
8.682: [GC (Allocation Failure) [PSYoungGen: 190560K->96K(184320K)] 192236K->1772K(359424K), 0.0005305 secs] [Times: user=0.00 sys=0.00, real=0.00 secs] 
8.743: [GC (Allocation Failure) [PSYoungGen: 183904K->64K(177664K)] 185580K->1740K(352768K), 0.0005499 secs] [Times: user=0.00 sys=0.00, real=0.00 secs] 
8.802: [GC (Allocation Failure) [PSYoungGen: 177216K->32K(171520K)] 178892K->1716K(346624K), 0.0005345 secs] [Times: user=0.00 sys=0.00, real=0.00 secs] 
8.859: [GC (Allocation Failure) [PSYoungGen: 171040K->32K(165376K)] 172724K->1716K(340480K), 0.0005197 secs] [Times: user=0.00 sys=0.00, real=0.00 secs] 
8.913: [GC (Allocation Failure) [PSYoungGen: 164896K->32K(159744K)] 166580K->1716K(334848K), 0.0004967 secs] [Times: user=0.00 sys=0.00, real=0.00 secs] 
8.966: [GC (Allocation Failure) [PSYoungGen: 159264K->96K(154112K)] 160948K->1780K(329216K), 0.0005178 secs] [Times: user=0.00 sys=0.00, real=0.00 secs] 
9.017: [GC (Allocation Failure) [PSYoungGen: 153696K->96K(148992K)] 155380K->1780K(324096K), 0.0005167 secs] [Times: user=0.00 sys=0.00, real=0.00 secs] 
9.068: [GC (Allocation Failure) [PSYoungGen: 148576K->64K(143872K)] 150260K->1748K(318976K), 0.0005938 secs] [Times: user=0.00 sys=0.00, real=0.00 secs] 
9.115: [GC (Allocation Failure) [PSYoungGen: 143424K->96K(139264K)] 145108K->1780K(314368K), 0.0005045 secs] [Times: user=0.00 sys=0.00, real=0.00 secs] 
9.161: [GC (Allocation Failure) [PSYoungGen: 138848K->32K(134656K)] 140532K->1716K(309760K), 0.0005457 secs] [Times: user=0.00 sys=0.00, real=0.00 secs] 
9.206: [GC (Allocation Failure) [PSYoungGen: 134176K->32K(130560K)] 135860K->1716K(305664K), 0.0005420 secs] [Times: user=0.00 sys=0.00, real=0.00 secs] 
9.249: [GC (Allocation Failure) [PSYoungGen: 130080K->32K(156672K)] 131764K->1716K(331776K), 0.0005200 secs] [Times: user=0.00 sys=0.00, real=0.00 secs] 
9.301: [GC (Allocation Failure) [PSYoungGen: 156192K->64K(151552K)] 157876K->1748K(326656K), 0.0005118 secs] [Times: user=0.00 sys=0.00, real=0.00 secs] 
9.351: [GC (Allocation Failure) [PSYoungGen: 151104K->64K(146432K)] 152788K->1748K(321536K), 0.0005015 secs] [Times: user=0.00 sys=0.00, real=0.00 secs] 
9.399: [GC (Allocation Failure) [PSYoungGen: 145984K->32K(141824K)] 147668K->1716K(316928K), 0.0005249 secs] [Times: user=0.00 sys=0.00, real=0.00 secs] 
9.447: [GC (Allocation Failure) [PSYoungGen: 141344K->96K(137216K)] 143028K->1780K(312320K), 0.0005111 secs] [Times: user=0.00 sys=0.00, real=0.00 secs] 
9.492: [GC (Allocation Failure) [PSYoungGen: 136800K->32K(132608K)] 138484K->1716K(307712K), 0.0005172 secs] [Times: user=0.00 sys=0.00, real=0.00 secs] 
9.537: [GC (Allocation Failure) [PSYoungGen: 132128K->32K(128512K)] 133812K->1716K(303616K), 0.0005333 secs] [Times: user=0.00 sys=0.00, real=0.00 secs] 
9.580: [GC (Allocation Failure) [PSYoungGen: 128032K->96K(154112K)] 129716K->1780K(329216K), 0.0005558 secs] [Times: user=0.01 sys=0.00, real=0.00 secs] 
9.633: [GC (Allocation Failure) [PSYoungGen: 153696K->32K(148992K)] 155380K->1716K(324096K), 0.0004997 secs] [Times: user=0.00 sys=0.00, real=0.01 secs] 
9.682: [GC (Allocation Failure) [PSYoungGen: 148512K->32K(143872K)] 150196K->1716K(318976K), 0.0005128 secs] [Times: user=0.00 sys=0.00, real=0.00 secs] 
9.730: [GC (Allocation Failure) [PSYoungGen: 143392K->96K(139264K)] 145076K->1780K(314368K), 0.0005082 secs] [Times: user=0.00 sys=0.00, real=0.00 secs] 
9.776: [GC (Allocation Failure) [PSYoungGen: 138848K->64K(134656K)] 140532K->1748K(309760K), 0.0005193 secs] [Times: user=0.00 sys=0.00, real=0.00 secs] 
9.820: [GC (Allocation Failure) [PSYoungGen: 134208K->96K(161792K)] 135892K->1780K(336896K), 0.0005382 secs] [Times: user=0.00 sys=0.00, real=0.00 secs] 
9.874: [GC (Allocation Failure) [PSYoungGen: 161376K->32K(156160K)] 163060K->1716K(331264K), 0.0005105 secs] [Times: user=0.00 sys=0.00, real=0.00 secs] 
9.927: [GC (Allocation Failure) [PSYoungGen: 155680K->96K(151040K)] 157364K->1780K(326144K), 0.0005042 secs] [Times: user=0.00 sys=0.00, real=0.00 secs] 
9.977: [GC (Allocation Failure) [PSYoungGen: 150624K->32K(145920K)] 152308K->1716K(321024K), 0.0005159 secs] [Times: user=0.00 sys=0.00, real=0.00 secs] 
10.026: [GC (Allocation Failure) [PSYoungGen: 145440K->32K(141312K)] 147124K->1716K(316416K), 0.0005315 secs] [Times: user=0.01 sys=0.00, real=0.00 secs] 
10.074: [GC (Allocation Failure) [PSYoungGen: 140832K->32K(136704K)] 142516K->1716K(311808K), 0.0005283 secs] [Times: user=0.00 sys=0.00, real=0.00 secs] 
10.119: [GC (Allocation Failure) [PSYoungGen: 136224K->96K(132608K)] 137908K->1780K(307712K), 0.0005087 secs] [Times: user=0.00 sys=0.00, real=0.00 secs] 
10.165: [GC (Allocation Failure) [PSYoungGen: 132192K->96K(128512K)] 133876K->1780K(303616K), 0.0005170 secs] [Times: user=0.00 sys=0.00, real=0.00 secs] 
10.207: [GC (Allocation Failure) [PSYoungGen: 128096K->32K(124416K)] 129780K->1716K(299520K), 0.0005102 secs] [Times: user=0.00 sys=0.00, real=0.00 secs] 
10.248: [GC (Allocation Failure) [PSYoungGen: 123936K->32K(149504K)] 125620K->1716K(324608K), 0.0005234 secs] [Times: user=0.00 sys=0.00, real=0.00 secs] 
10.305: [GC (Allocation Failure) [PSYoungGen: 149024K->160K(179712K)] 150708K->1852K(354816K), 0.0005794 secs] [Times: user=0.00 sys=0.00, real=0.00 secs] 
10.364: [GC (Allocation Failure) [PSYoungGen: 179360K->32K(173568K)] 181052K->1788K(348672K), 0.0005765 secs] [Times: user=0.00 sys=0.00, real=0.00 secs] 
10.422: [GC (Allocation Failure) [PSYoungGen: 173088K->32K(208384K)] 174844K->1788K(383488K), 0.0007456 secs] [Times: user=0.00 sys=0.00, real=0.00 secs] 
10.491: [GC (Allocation Failure) [PSYoungGen: 207904K->96K(200704K)] 209660K->1852K(375808K), 0.0005268 secs] [Times: user=0.00 sys=0.00, real=0.00 secs] 
10.559: [GC (Allocation Failure) [PSYoungGen: 200288K->64K(193536K)] 202044K->1820K(368640K), 0.0005004 secs] [Times: user=0.00 sys=0.00, real=0.00 secs] 
10.624: [GC (Allocation Failure) [PSYoungGen: 193088K->32K(186368K)] 194844K->1788K(361472K), 0.0005147 secs] [Times: user=0.00 sys=0.00, real=0.00 secs] 
10.686: [GC (Allocation Failure) [PSYoungGen: 185888K->32K(179712K)] 187644K->1788K(354816K), 0.0005176 secs] [Times: user=0.00 sys=0.00, real=0.00 secs] 
10.745: [GC (Allocation Failure) [PSYoungGen: 179232K->96K(173568K)] 180988K->1852K(348672K), 0.0005591 secs] [Times: user=0.00 sys=0.00, real=0.00 secs] 
10.803: [GC (Allocation Failure) [PSYoungGen: 173152K->96K(167424K)] 174908K->1852K(342528K), 0.0005193 secs] [Times: user=0.00 sys=0.00, real=0.01 secs] 
10.859: [GC (Allocation Failure) [PSYoungGen: 167008K->64K(161792K)] 168764K->1820K(336896K), 0.0005567 secs] [Times: user=0.00 sys=0.00, real=0.00 secs] 
10.912: [GC (Allocation Failure) [PSYoungGen: 161344K->128K(156160K)] 163100K->1884K(331264K), 0.0005312 secs] [Times: user=0.00 sys=0.00, real=0.00 secs] 
10.964: [GC (Allocation Failure) [PSYoungGen: 155776K->96K(151040K)] 157532K->1852K(326144K), 0.0005531 secs] [Times: user=0.00 sys=0.00, real=0.00 secs] 
11.013: [GC (Allocation Failure) [PSYoungGen: 150624K->32K(145920K)] 152380K->1788K(321024K), 0.0006118 secs] [Times: user=0.00 sys=0.00, real=0.00 secs] 
11.062: [GC (Allocation Failure) [PSYoungGen: 145440K->32K(141312K)] 147196K->1788K(316416K), 0.0005141 secs] [Times: user=0.01 sys=0.00, real=0.00 secs] 
11.109: [GC (Allocation Failure) [PSYoungGen: 140832K->32K(169472K)] 142588K->1788K(344576K), 0.0010257 secs] [Times: user=0.00 sys=0.00, real=0.00 secs] 
11.166: [GC (Allocation Failure) [PSYoungGen: 168992K->96K(203264K)] 170748K->1852K(378368K), 0.0005559 secs] [Times: user=0.00 sys=0.00, real=0.00 secs] 
11.234: [GC (Allocation Failure) [PSYoungGen: 202848K->96K(244224K)] 204604K->1852K(419328K), 0.0005107 secs] [Times: user=0.00 sys=0.00, real=0.00 secs] 
11.319: [GC (Allocation Failure) [PSYoungGen: 243808K->64K(235008K)] 245564K->1820K(410112K), 0.0005499 secs] [Times: user=0.00 sys=0.00, real=0.00 secs] 
11.403: [GC (Allocation Failure) [PSYoungGen: 234560K->32K(226304K)] 236316K->1788K(401408K), 0.0005080 secs] [Times: user=0.00 sys=0.00, real=0.00 secs] 
11.483: [GC (Allocation Failure) [PSYoungGen: 225824K->96K(217600K)] 227580K->1852K(392704K), 0.0005043 secs] [Times: user=0.00 sys=0.00, real=0.00 secs] 
11.561: [GC (Allocation Failure) [PSYoungGen: 217184K->32K(209408K)] 218940K->1788K(384512K), 0.0006409 secs] [Times: user=0.00 sys=0.00, real=0.00 secs] 
11.636: [GC (Allocation Failure) [PSYoungGen: 208928K->32K(201728K)] 210684K->1788K(376832K), 0.0005529 secs] [Times: user=0.00 sys=0.00, real=0.00 secs] 
11.705: [GC (Allocation Failure) [PSYoungGen: 201248K->64K(194560K)] 203004K->1820K(369664K), 0.0005570 secs] [Times: user=0.00 sys=0.00, real=0.00 secs] 
11.770: [GC (Allocation Failure) [PSYoungGen: 194112K->64K(187392K)] 195868K->1820K(362496K), 0.0005176 secs] [Times: user=0.00 sys=0.00, real=0.00 secs] 
11.836: [GC (Allocation Failure) [PSYoungGen: 186944K->64K(180736K)] 188700K->1820K(355840K), 0.0005367 secs] [Times: user=0.00 sys=0.00, real=0.00 secs] 
11.901: [GC (Allocation Failure) [PSYoungGen: 180288K->64K(174592K)] 182044K->1820K(349696K), 0.0005183 secs] [Times: user=0.00 sys=0.00, real=0.00 secs] 
11.963: [GC (Allocation Failure) [PSYoungGen: 174144K->96K(168448K)] 175900K->1852K(343552K), 0.0005161 secs] [Times: user=0.00 sys=0.00, real=0.01 secs] 
12.023: [GC (Allocation Failure) [PSYoungGen: 168032K->64K(162816K)] 169788K->1820K(337920K), 0.0005283 secs] [Times: user=0.00 sys=0.00, real=0.01 secs] 
12.080: [GC (Allocation Failure) [PSYoungGen: 162368K->64K(157184K)] 164124K->1820K(332288K), 0.0005546 secs] [Times: user=0.00 sys=0.00, real=0.00 secs] 
12.135: [GC (Allocation Failure) [PSYoungGen: 156736K->64K(152064K)] 158492K->1820K(327168K), 0.0005880 secs] [Times: user=0.00 sys=0.00, real=0.00 secs] 
12.187: [GC (Allocation Failure) [PSYoungGen: 151616K->32K(146944K)] 153372K->1788K(322048K), 0.0005828 secs] [Times: user=0.01 sys=0.00, real=0.00 secs] 
12.237: [GC (Allocation Failure) [PSYoungGen: 146464K->32K(176640K)] 148220K->1788K(351744K), 0.0010283 secs] [Times: user=0.01 sys=0.00, real=0.00 secs] 
12.297: [GC (Allocation Failure) [PSYoungGen: 176160K->32K(211968K)] 177916K->1788K(387072K), 0.0005499 secs] [Times: user=0.01 sys=0.00, real=0.00 secs] 
12.366: [GC (Allocation Failure) [PSYoungGen: 211488K->96K(204288K)] 213244K->1852K(379392K), 0.0005112 secs] [Times: user=0.01 sys=0.00, real=0.00 secs] 
12.435: [GC (Allocation Failure) [PSYoungGen: 203872K->32K(196608K)] 205628K->1788K(371712K), 0.0005502 secs] [Times: user=0.00 sys=0.00, real=0.00 secs] 
12.503: [GC (Allocation Failure) [PSYoungGen: 196128K->32K(189440K)] 197884K->1788K(364544K), 0.0005927 secs] [Times: user=0.00 sys=0.00, real=0.01 secs] 
12.567: [GC (Allocation Failure) [PSYoungGen: 188960K->32K(182784K)] 190716K->1788K(357888K), 0.0005018 secs] [Times: user=0.01 sys=0.00, real=0.00 secs] 
12.628: [GC (Allocation Failure) [PSYoungGen: 182304K->96K(176128K)] 184060K->1852K(351232K), 0.0005094 secs] [Times: user=0.00 sys=0.00, real=0.00 secs] 
12.686: [GC (Allocation Failure) [PSYoungGen: 175712K->32K(169984K)] 177468K->1788K(345088K), 0.0005098 secs] [Times: user=0.00 sys=0.00, real=0.00 secs] 
12.746: [GC (Allocation Failure) [PSYoungGen: 169504K->64K(164352K)] 171260K->1820K(339456K), 0.0006118 secs] [Times: user=0.00 sys=0.00, real=0.00 secs] 
12.801: [GC (Allocation Failure) [PSYoungGen: 163904K->32K(158720K)] 165660K->1788K(333824K), 0.0005541 secs] [Times: user=0.00 sys=0.00, real=0.00 secs] 
12.855: [GC (Allocation Failure) [PSYoungGen: 158240K->32K(153600K)] 159996K->1788K(328704K), 0.0004889 secs] [Times: user=0.00 sys=0.00, real=0.00 secs] 
12.908: [GC (Allocation Failure) [PSYoungGen: 153120K->96K(148480K)] 154876K->1852K(323584K), 0.0005077 secs] [Times: user=0.00 sys=0.00, real=0.00 secs] 
12.958: [GC (Allocation Failure) [PSYoungGen: 148064K->32K(143360K)] 149820K->1788K(318464K), 0.0005452 secs] [Times: user=0.00 sys=0.00, real=0.00 secs] 
13.006: [GC (Allocation Failure) [PSYoungGen: 142880K->32K(138752K)] 144636K->1788K(313856K), 0.0004898 secs] [Times: user=0.00 sys=0.00, real=0.00 secs] 
13.052: [GC (Allocation Failure) [PSYoungGen: 138272K->32K(134144K)] 140028K->1788K(309248K), 0.0005769 secs] [Times: user=0.00 sys=0.00, real=0.00 secs] 
13.097: [GC (Allocation Failure) [PSYoungGen: 133664K->32K(130048K)] 135420K->1788K(305152K), 0.0005594 secs] [Times: user=0.00 sys=0.00, real=0.00 secs] 
13.142: [GC (Allocation Failure) [PSYoungGen: 129568K->32K(156160K)] 131324K->1788K(331264K), 0.0005324 secs] [Times: user=0.00 sys=0.00, real=0.00 secs] 
13.196: [GC (Allocation Failure) [PSYoungGen: 155680K->32K(151040K)] 157436K->1788K(326144K), 0.0004906 secs] [Times: user=0.00 sys=0.00, real=0.00 secs] 
13.252: [GC (Allocation Failure) [PSYoungGen: 150560K->64K(181248K)] 152316K->1820K(356352K), 0.0011785 secs] [Times: user=0.00 sys=0.00, real=0.01 secs] 
13.317: [GC (Allocation Failure) [PSYoungGen: 180800K->32K(217600K)] 182556K->1788K(392704K), 0.0005544 secs] [Times: user=0.00 sys=0.00, real=0.00 secs] 
13.397: [GC (Allocation Failure) [PSYoungGen: 217120K->64K(209408K)] 218876K->1820K(384512K), 0.0005927 secs] [Times: user=0.00 sys=0.00, real=0.00 secs] 
13.472: [GC (Allocation Failure) [PSYoungGen: 208960K->96K(201728K)] 210716K->1852K(376832K), 0.0005561 secs] [Times: user=0.00 sys=0.00, real=0.00 secs] 
13.544: [GC (Allocation Failure) [PSYoungGen: 201312K->32K(194560K)] 203068K->1788K(369664K), 0.0005305 secs] [Times: user=0.00 sys=0.00, real=0.00 secs] 
13.615: [GC (Allocation Failure) [PSYoungGen: 194080K->64K(187392K)] 195836K->1820K(362496K), 0.0005216 secs] [Times: user=0.00 sys=0.00, real=0.00 secs] 
13.678: [GC (Allocation Failure) [PSYoungGen: 186944K->32K(180736K)] 188700K->1788K(355840K), 0.0005291 secs] [Times: user=0.00 sys=0.00, real=0.00 secs] 
13.740: [GC (Allocation Failure) [PSYoungGen: 180256K->32K(174592K)] 182012K->1788K(349696K), 0.0005189 secs] [Times: user=0.00 sys=0.00, real=0.00 secs] 
13.799: [GC (Allocation Failure) [PSYoungGen: 174112K->32K(168448K)] 175868K->1788K(343552K), 0.0005456 secs] [Times: user=0.00 sys=0.00, real=0.00 secs] 
13.856: [GC (Allocation Failure) [PSYoungGen: 167968K->64K(162816K)] 169724K->1820K(337920K), 0.0005202 secs] [Times: user=0.00 sys=0.00, real=0.00 secs] 
13.912: [GC (Allocation Failure) [PSYoungGen: 162368K->96K(157184K)] 164124K->1852K(332288K), 0.0005137 secs] [Times: user=0.00 sys=0.00, real=0.00 secs] 
13.965: [GC (Allocation Failure) [PSYoungGen: 156768K->32K(152064K)] 158524K->1788K(327168K), 0.0005088 secs] [Times: user=0.00 sys=0.00, real=0.00 secs] 
14.017: [GC (Allocation Failure) [PSYoungGen: 151584K->32K(146944K)] 153340K->1788K(322048K), 0.0005215 secs] [Times: user=0.00 sys=0.00, real=0.00 secs] 
14.067: [GC (Allocation Failure) [PSYoungGen: 146464K->32K(142336K)] 148220K->1788K(317440K), 0.0005272 secs] [Times: user=0.00 sys=0.00, real=0.00 secs] 
14.115: [GC (Allocation Failure) [PSYoungGen: 141856K->32K(137728K)] 143612K->1788K(312832K), 0.0005316 secs] [Times: user=0.01 sys=0.00, real=0.00 secs] 
14.162: [GC (Allocation Failure) [PSYoungGen: 137248K->32K(133120K)] 139004K->1788K(308224K), 0.0005291 secs] [Times: user=0.00 sys=0.00, real=0.00 secs] 
14.207: [GC (Allocation Failure) [PSYoungGen: 132640K->32K(129024K)] 134396K->1788K(304128K), 0.0005367 secs] [Times: user=0.00 sys=0.00, real=0.00 secs] 
14.252: [GC (Allocation Failure) [PSYoungGen: 128544K->96K(124928K)] 130300K->1852K(300032K), 0.0005453 secs] [Times: user=0.00 sys=0.00, real=0.00 secs] 
14.295: [GC (Allocation Failure) [PSYoungGen: 124512K->64K(150016K)] 126268K->1820K(325120K), 0.0005336 secs] [Times: user=0.00 sys=0.00, real=0.00 secs] 
14.346: [GC (Allocation Failure) [PSYoungGen: 149568K->96K(144896K)] 151324K->1852K(320000K), 0.0005213 secs] [Times: user=0.00 sys=0.00, real=0.00 secs] 
14.395: [GC (Allocation Failure) [PSYoungGen: 144480K->64K(140288K)] 146236K->1820K(315392K), 0.0005114 secs] [Times: user=0.00 sys=0.00, real=0.00 secs] 
14.443: [GC (Allocation Failure) [PSYoungGen: 139840K->32K(135680K)] 141596K->1788K(310784K), 0.0005393 secs] [Times: user=0.01 sys=0.00, real=0.01 secs] 
14.489: [GC (Allocation Failure) [PSYoungGen: 135200K->96K(162816K)] 136956K->1852K(337920K), 0.0005554 secs] [Times: user=0.00 sys=0.00, real=0.00 secs] 
14.544: [GC (Allocation Failure) [PSYoungGen: 162400K->32K(157184K)] 164156K->1788K(332288K), 0.0005297 secs] [Times: user=0.00 sys=0.00, real=0.00 secs] 
14.599: [GC (Allocation Failure) [PSYoungGen: 156704K->96K(152064K)] 158460K->1852K(327168K), 0.0005279 secs] [Times: user=0.00 sys=0.00, real=0.00 secs] 
14.651: [GC (Allocation Failure) [PSYoungGen: 151648K->32K(146944K)] 153404K->1788K(322048K), 0.0005592 secs] [Times: user=0.01 sys=0.00, real=0.00 secs] 
14.701: [GC (Allocation Failure) [PSYoungGen: 146464K->32K(142336K)] 148220K->1788K(317440K), 0.0005128 secs] [Times: user=0.01 sys=0.00, real=0.00 secs] 
14.750: [GC (Allocation Failure) [PSYoungGen: 141856K->32K(137728K)] 143612K->1788K(312832K), 0.0006538 secs] [Times: user=0.00 sys=0.00, real=0.00 secs] 
14.797: [GC (Allocation Failure) [PSYoungGen: 137248K->64K(133120K)] 139004K->1820K(308224K), 0.0005304 secs] [Times: user=0.00 sys=0.00, real=0.00 secs] 
14.842: [GC (Allocation Failure) [PSYoungGen: 132672K->0K(129024K)] 134428K->1756K(304128K), 0.0005093 secs] [Times: user=0.00 sys=0.00, real=0.00 secs] 
14.886: [GC (Allocation Failure) [PSYoungGen: 128512K->32K(155136K)] 130268K->1788K(330240K), 0.0005220 secs] [Times: user=0.00 sys=0.00, real=0.00 secs] 
14.939: [GC (Allocation Failure) [PSYoungGen: 154656K->64K(150016K)] 156412K->1820K(325120K), 0.0005186 secs] [Times: user=0.01 sys=0.00, real=0.00 secs] 
14.990: [GC (Allocation Failure) [PSYoungGen: 149568K->96K(144896K)] 151324K->1852K(320000K), 0.0005213 secs] [Times: user=0.00 sys=0.00, real=0.00 secs] 
15.039: [GC (Allocation Failure) [PSYoungGen: 144480K->32K(140288K)] 146236K->1788K(315392K), 0.0005066 secs] [Times: user=0.01 sys=0.00, real=0.00 secs] 
15.087: [GC (Allocation Failure) [PSYoungGen: 139808K->96K(135680K)] 141564K->1852K(310784K), 0.0005120 secs] [Times: user=0.00 sys=0.00, real=0.00 secs] 
15.132: [GC (Allocation Failure) [PSYoungGen: 135264K->32K(131584K)] 137020K->1788K(306688K), 0.0005280 secs] [Times: user=0.00 sys=0.00, real=0.01 secs] 
15.177: [GC (Allocation Failure) [PSYoungGen: 131104K->32K(127488K)] 132860K->1788K(302592K), 0.0005441 secs] [Times: user=0.01 sys=0.00, real=0.00 secs] 
15.222: [GC (Allocation Failure) [PSYoungGen: 127008K->32K(153088K)] 128764K->1788K(328192K), 0.0005375 secs] [Times: user=0.00 sys=0.00, real=0.00 secs] 
15.275: [GC (Allocation Failure) [PSYoungGen: 152608K->32K(147968K)] 154364K->1788K(323072K), 0.0005253 secs] [Times: user=0.00 sys=0.00, real=0.00 secs] 
15.326: [GC (Allocation Failure) [PSYoungGen: 147488K->96K(143360K)] 149244K->1852K(318464K), 0.0005349 secs] [Times: user=0.00 sys=0.00, real=0.00 secs] 
15.375: [GC (Allocation Failure) [PSYoungGen: 142944K->32K(138752K)] 144700K->1788K(313856K), 0.0005012 secs] [Times: user=0.00 sys=0.00, real=0.00 secs] 
15.422: [GC (Allocation Failure) [PSYoungGen: 138272K->32K(166400K)] 140028K->1788K(341504K), 0.0006128 secs] [Times: user=0.00 sys=0.00, real=0.00 secs] 
15.479: [GC (Allocation Failure) [PSYoungGen: 165920K->64K(160768K)] 167676K->1820K(335872K), 0.0005266 secs] [Times: user=0.00 sys=0.00, real=0.00 secs] 
15.533: [GC (Allocation Failure) [PSYoungGen: 160320K->32K(155136K)] 162076K->1788K(330240K), 0.0005305 secs] [Times: user=0.00 sys=0.00, real=0.00 secs] 
15.588: [GC (Allocation Failure) [PSYoungGen: 154656K->32K(186368K)] 156412K->1788K(361472K), 0.0008604 secs] [Times: user=0.00 sys=0.00, real=0.00 secs] 
15.651: [GC (Allocation Failure) [PSYoungGen: 185888K->32K(223744K)] 187644K->1788K(398848K), 0.0005781 secs] [Times: user=0.00 sys=0.00, real=0.00 secs] 
15.726: [GC (Allocation Failure) [PSYoungGen: 223264K->96K(215552K)] 225020K->1852K(390656K), 0.0005465 secs] [Times: user=0.00 sys=0.00, real=0.00 secs] 
15.798: [GC (Allocation Failure) [PSYoungGen: 215136K->32K(207360K)] 216892K->1788K(382464K), 0.0005088 secs] [Times: user=0.00 sys=0.01, real=0.00 secs] 
15.866: [GC (Allocation Failure) [PSYoungGen: 206880K->64K(199680K)] 208636K->1820K(374784K), 0.0005209 secs] [Times: user=0.00 sys=0.00, real=0.00 secs] 
15.932: [GC (Allocation Failure) [PSYoungGen: 199232K->32K(192512K)] 200988K->1788K(367616K), 0.0005193 secs] [Times: user=0.00 sys=0.00, real=0.00 secs] 
15.997: [GC (Allocation Failure) [PSYoungGen: 192032K->32K(185856K)] 193788K->1788K(360960K), 0.0006048 secs] [Times: user=0.00 sys=0.00, real=0.00 secs] 
16.058: [GC (Allocation Failure) [PSYoungGen: 185376K->64K(179200K)] 187132K->1820K(354304K), 0.0005110 secs] [Times: user=0.00 sys=0.00, real=0.00 secs] 
16.120: [GC (Allocation Failure) [PSYoungGen: 178752K->32K(173056K)] 180508K->1788K(348160K), 0.0005575 secs] [Times: user=0.00 sys=0.00, real=0.00 secs] 
16.178: [GC (Allocation Failure) [PSYoungGen: 172576K->96K(166912K)] 174332K->1852K(342016K), 0.0005201 secs] [Times: user=0.00 sys=0.00, real=0.00 secs] 
16.235: [GC (Allocation Failure) [PSYoungGen: 166496K->64K(200192K)] 168252K->1820K(375296K), 0.0011605 secs] [Times: user=0.00 sys=0.00, real=0.00 secs] 
16.302: [GC (Allocation Failure) [PSYoungGen: 199744K->64K(193024K)] 201500K->1820K(368128K), 0.0005188 secs] [Times: user=0.01 sys=0.00, real=0.00 secs] 
16.365: [GC (Allocation Failure) [PSYoungGen: 192576K->32K(185856K)] 194332K->1788K(360960K), 0.0005269 secs] [Times: user=0.00 sys=0.00, real=0.00 secs] 
16.427: [GC (Allocation Failure) [PSYoungGen: 185376K->64K(179200K)] 187132K->1820K(354304K), 0.0005124 secs] [Times: user=0.00 sys=0.00, real=0.00 secs] 
16.487: [GC (Allocation Failure) [PSYoungGen: 178752K->32K(173056K)] 180508K->1788K(348160K), 0.0006049 secs] [Times: user=0.00 sys=0.00, real=0.00 secs] 
16.543: [GC (Allocation Failure) [PSYoungGen: 172576K->32K(166912K)] 174332K->1788K(342016K), 0.0007579 secs] [Times: user=0.00 sys=0.00, real=0.00 secs] 
16.600: [GC (Allocation Failure) [PSYoungGen: 166432K->32K(161280K)] 168188K->1788K(336384K), 0.0005313 secs] [Times: user=0.00 sys=0.00, real=0.00 secs] 
16.656: [GC (Allocation Failure) [PSYoungGen: 160800K->32K(155648K)] 162556K->1788K(330752K), 0.0005282 secs] [Times: user=0.00 sys=0.00, real=0.00 secs] 
16.709: [GC (Allocation Failure) [PSYoungGen: 155168K->32K(150528K)] 156924K->1788K(325632K), 0.0005917 secs] [Times: user=0.00 sys=0.00, real=0.00 secs] 
16.764: [GC (Allocation Failure) [PSYoungGen: 150048K->32K(145408K)] 151804K->1788K(320512K), 0.0005444 secs] [Times: user=0.00 sys=0.00, real=0.00 secs] 
16.815: [GC (Allocation Failure) [PSYoungGen: 144928K->32K(140800K)] 146684K->1788K(315904K), 0.0005200 secs] [Times: user=0.00 sys=0.00, real=0.00 secs] 
16.863: [GC (Allocation Failure) [PSYoungGen: 140320K->96K(136192K)] 142076K->1852K(311296K), 0.0005863 secs] [Times: user=0.01 sys=0.00, real=0.01 secs] 
16.910: [GC (Allocation Failure) [PSYoungGen: 135776K->32K(132096K)] 137532K->1788K(307200K), 0.0005068 secs] [Times: user=0.00 sys=0.00, real=0.00 secs] 
16.956: [GC (Allocation Failure) [PSYoungGen: 131616K->32K(128000K)] 133372K->1788K(303104K), 0.0005125 secs] [Times: user=0.00 sys=0.00, real=0.00 secs] 
16.999: [GC (Allocation Failure) [PSYoungGen: 127520K->32K(123904K)] 129276K->1788K(299008K), 0.0005157 secs] [Times: user=0.00 sys=0.00, real=0.00 secs] 
17.041: [GC (Allocation Failure) [PSYoungGen: 123424K->32K(148992K)] 125180K->1788K(324096K), 0.0005206 secs] [Times: user=0.00 sys=0.00, real=0.00 secs] 
17.091: [GC (Allocation Failure) [PSYoungGen: 148512K->32K(143872K)] 150268K->1788K(318976K), 0.0005156 secs] [Times: user=0.00 sys=0.00, real=0.00 secs] 
17.140: [GC (Allocation Failure) [PSYoungGen: 143392K->32K(139264K)] 145148K->1788K(314368K), 0.0005009 secs] [Times: user=0.00 sys=0.00, real=0.00 secs] 
17.186: [GC (Allocation Failure) [PSYoungGen: 138784K->96K(134656K)] 140540K->1852K(309760K), 0.0005500 secs] [Times: user=0.00 sys=0.00, real=0.00 secs] 
17.232: [GC (Allocation Failure) [PSYoungGen: 134240K->96K(130560K)] 135996K->1852K(305664K), 0.0005150 secs] [Times: user=0.00 sys=0.00, real=0.00 secs] 
17.275: [GC (Allocation Failure) [PSYoungGen: 130144K->32K(156672K)] 131900K->1788K(331776K), 0.0005295 secs] [Times: user=0.00 sys=0.00, real=0.00 secs] 
17.328: [GC (Allocation Failure) [PSYoungGen: 156192K->32K(151552K)] 157948K->1788K(326656K), 0.0005215 secs] [Times: user=0.00 sys=0.00, real=0.00 secs] 
17.385: [GC (Allocation Failure) [PSYoungGen: 151072K->96K(146432K)] 152828K->1852K(321536K), 0.0005440 secs] [Times: user=0.00 sys=0.00, real=0.00 secs] 
17.434: [GC (Allocation Failure) [PSYoungGen: 146016K->32K(141824K)] 147772K->1788K(316928K), 0.0005071 secs] [Times: user=0.00 sys=0.00, real=0.00 secs] 
17.482: [GC (Allocation Failure) [PSYoungGen: 141344K->96K(137216K)] 143100K->1852K(312320K), 0.0005211 secs] [Times: user=0.00 sys=0.00, real=0.00 secs] 
17.529: [GC (Allocation Failure) [PSYoungGen: 136800K->64K(132608K)] 138556K->1820K(307712K), 0.0005599 secs] [Times: user=0.00 sys=0.00, real=0.00 secs] 
17.574: [GC (Allocation Failure) [PSYoungGen: 132160K->32K(159232K)] 133916K->1788K(334336K), 0.0011818 secs] [Times: user=0.00 sys=0.00, real=0.00 secs] 
17.631: [GC (Allocation Failure) [PSYoungGen: 158752K->96K(190976K)] 160508K->1852K(366080K), 0.0005121 secs] [Times: user=0.00 sys=0.00, real=0.00 secs] 
17.696: [GC (Allocation Failure) [PSYoungGen: 190560K->96K(229376K)] 192316K->1852K(404480K), 0.0004988 secs] [Times: user=0.00 sys=0.00, real=0.00 secs] 
17.777: [GC (Allocation Failure) [PSYoungGen: 228960K->64K(275456K)] 230716K->1820K(450560K), 0.0014653 secs] [Times: user=0.00 sys=0.00, real=0.00 secs] 
17.872: [GC (Allocation Failure) [PSYoungGen: 275008K->32K(330752K)] 276764K->1788K(505856K), 0.0006252 secs] [Times: user=0.00 sys=0.00, real=0.00 secs] 
17.987: [GC (Allocation Failure) [PSYoungGen: 330272K->32K(317440K)] 332028K->1788K(492544K), 0.0005236 secs] [Times: user=0.00 sys=0.00, real=0.00 secs] 
18.091: [GC (Allocation Failure) [PSYoungGen: 316960K->32K(304640K)] 318716K->1788K(479744K), 0.0006053 secs] [Times: user=0.01 sys=0.00, real=0.00 secs] 
18.193: [GC (Allocation Failure) [PSYoungGen: 304160K->64K(292352K)] 305916K->1820K(467456K), 0.0006177 secs] [Times: user=0.00 sys=0.00, real=0.00 secs] 
18.290: [GC (Allocation Failure) [PSYoungGen: 291904K->32K(280576K)] 293660K->1788K(455680K), 0.0005571 secs] [Times: user=0.00 sys=0.00, real=0.00 secs] 
18.382: [GC (Allocation Failure) [PSYoungGen: 280096K->32K(269312K)] 281852K->1788K(444416K), 0.0007049 secs] [Times: user=0.00 sys=0.00, real=0.01 secs] 
18.472: [GC (Allocation Failure) [PSYoungGen: 268832K->32K(258560K)] 270588K->1788K(433664K), 0.0006104 secs] [Times: user=0.01 sys=0.00, real=0.01 secs] 
18.558: [GC (Allocation Failure) [PSYoungGen: 258080K->96K(248320K)] 259836K->1852K(423424K), 0.0005136 secs] [Times: user=0.00 sys=0.00, real=0.00 secs] 
18.642: [GC (Allocation Failure) [PSYoungGen: 247904K->32K(238592K)] 249660K->1788K(413696K), 0.0006130 secs] [Times: user=0.01 sys=0.00, real=0.00 secs] 
18.721: [GC (Allocation Failure) [PSYoungGen: 238112K->96K(229376K)] 239868K->1852K(404480K), 0.0004992 secs] [Times: user=0.00 sys=0.00, real=0.00 secs] 
18.799: [GC (Allocation Failure) [PSYoungGen: 228960K->32K(220672K)] 230716K->1788K(395776K), 0.0004979 secs] [Times: user=0.00 sys=0.00, real=0.00 secs] 
18.871: [GC (Allocation Failure) [PSYoungGen: 220192K->32K(212480K)] 221948K->1788K(387584K), 0.0004953 secs] [Times: user=0.01 sys=0.00, real=0.00 secs] 
18.943: [GC (Allocation Failure) [PSYoungGen: 212000K->32K(204800K)] 213756K->1788K(379904K), 0.0005417 secs] [Times: user=0.00 sys=0.00, real=0.00 secs] 
19.011: [GC (Allocation Failure) [PSYoungGen: 204320K->32K(197120K)] 206076K->1788K(372224K), 0.0005501 secs] [Times: user=0.00 sys=0.00, real=0.00 secs] 
19.076: [GC (Allocation Failure) [PSYoungGen: 196640K->32K(189952K)] 198396K->1788K(365056K), 0.0005183 secs] [Times: user=0.00 sys=0.00, real=0.00 secs] 
19.139: [GC (Allocation Failure) [PSYoungGen: 189472K->32K(183296K)] 191228K->1788K(358400K), 0.0005220 secs] [Times: user=0.00 sys=0.00, real=0.00 secs] 
19.199: [GC (Allocation Failure) [PSYoungGen: 182816K->32K(176640K)] 184572K->1788K(351744K), 0.0006632 secs] [Times: user=0.00 sys=0.00, real=0.00 secs] 
19.259: [GC (Allocation Failure) [PSYoungGen: 176160K->32K(170496K)] 177916K->1788K(345600K), 0.0005222 secs] [Times: user=0.00 sys=0.00, real=0.00 secs] 
19.315: [GC (Allocation Failure) [PSYoungGen: 170016K->32K(164864K)] 171772K->1788K(339968K), 0.0005022 secs] [Times: user=0.00 sys=0.00, real=0.00 secs] 
19.369: [GC (Allocation Failure) [PSYoungGen: 164384K->32K(159232K)] 166140K->1788K(334336K), 0.0004946 secs] [Times: user=0.00 sys=0.00, real=0.00 secs] 
19.422: [GC (Allocation Failure) [PSYoungGen: 158752K->32K(154112K)] 160508K->1788K(329216K), 0.0005519 secs] [Times: user=0.00 sys=0.00, real=0.00 secs] 
19.473: [GC (Allocation Failure) [PSYoungGen: 153632K->32K(148992K)] 155388K->1788K(324096K), 0.0005271 secs] [Times: user=0.00 sys=0.00, real=0.00 secs] 
19.522: [GC (Allocation Failure) [PSYoungGen: 148512K->32K(143872K)] 150268K->1788K(318976K), 0.0005416 secs] [Times: user=0.00 sys=0.00, real=0.01 secs] 
19.571: [GC (Allocation Failure) [PSYoungGen: 143392K->64K(172544K)] 145148K->1820K(347648K), 0.0010646 secs] [Times: user=0.00 sys=0.01, real=0.00 secs] 
19.629: [GC (Allocation Failure) [PSYoungGen: 172096K->32K(207360K)] 173852K->1788K(382464K), 0.0005232 secs] [Times: user=0.00 sys=0.00, real=0.00 secs] 
19.700: [GC (Allocation Failure) [PSYoungGen: 206880K->32K(199680K)] 208636K->1788K(374784K), 0.0005891 secs] [Times: user=0.00 sys=0.00, real=0.00 secs] 
19.766: [GC (Allocation Failure) [PSYoungGen: 199200K->32K(192512K)] 200956K->1788K(367616K), 0.0005148 secs] [Times: user=0.00 sys=0.00, real=0.00 secs] 
19.829: [GC (Allocation Failure) [PSYoungGen: 192032K->32K(185856K)] 193788K->1788K(360960K), 0.0005287 secs] [Times: user=0.00 sys=0.00, real=0.00 secs] 
19.891: [GC (Allocation Failure) [PSYoungGen: 185376K->64K(179200K)] 187132K->1820K(354304K), 0.0005143 secs] [Times: user=0.00 sys=0.00, real=0.00 secs] 
19.950: [GC (Allocation Failure) [PSYoungGen: 178752K->32K(173056K)] 180508K->1796K(348160K), 0.0005481 secs] [Times: user=0.00 sys=0.00, real=0.00 secs] 
20.008: [GC (Allocation Failure) [PSYoungGen: 172576K->32K(166912K)] 174340K->1796K(342016K), 0.0005348 secs] [Times: user=0.00 sys=0.00, real=0.00 secs] 
20.063: [GC (Allocation Failure) [PSYoungGen: 166432K->32K(161280K)] 168196K->1796K(336384K), 0.0005632 secs] [Times: user=0.00 sys=0.00, real=0.01 secs] 
20.118: [GC (Allocation Failure) [PSYoungGen: 160800K->32K(155648K)] 162564K->1796K(330752K), 0.0005142 secs] [Times: user=0.00 sys=0.00, real=0.00 secs] 
20.170: [GC (Allocation Failure) [PSYoungGen: 155168K->32K(150528K)] 156932K->1796K(325632K), 0.0005172 secs] [Times: user=0.00 sys=0.00, real=0.00 secs] 
20.220: [GC (Allocation Failure) [PSYoungGen: 150048K->32K(145408K)] 151812K->1796K(320512K), 0.0005121 secs] [Times: user=0.00 sys=0.00, real=0.00 secs] 
20.269: [GC (Allocation Failure) [PSYoungGen: 144928K->32K(140800K)] 146692K->1796K(315904K), 0.0005307 secs] [Times: user=0.00 sys=0.00, real=0.00 secs] 
20.320: [GC (Allocation Failure) [PSYoungGen: 140320K->96K(136192K)] 142084K->1860K(311296K), 0.0005169 secs] [Times: user=0.00 sys=0.00, real=0.00 secs] 
20.378: [GC (Allocation Failure) [PSYoungGen: 135776K->96K(132096K)] 137540K->1884K(307200K), 0.0006230 secs] [Times: user=0.00 sys=0.00, real=0.00 secs] 
20.436: [GC (Allocation Failure) [PSYoungGen: 131680K->64K(158720K)] 133468K->1852K(333824K), 0.0011523 secs] [Times: user=0.01 sys=0.00, real=0.00 secs] 
20.507: [GC (Allocation Failure) [PSYoungGen: 158272K->32K(190464K)] 160060K->1820K(365568K), 0.0005544 secs] [Times: user=0.00 sys=0.00, real=0.00 secs] 
20.594: [GC (Allocation Failure) [PSYoungGen: 189984K->32K(183808K)] 191772K->1820K(358912K), 0.0005097 secs] [Times: user=0.00 sys=0.00, real=0.00 secs] 
20.682: [GC (Allocation Failure) [PSYoungGen: 183328K->32K(177152K)] 185116K->1820K(352256K), 0.0004909 secs] [Times: user=0.00 sys=0.00, real=0.00 secs] 
20.749: [GC (Allocation Failure) [PSYoungGen: 176664K->32K(171008K)] 178452K->1820K(346112K), 0.0004917 secs] [Times: user=0.01 sys=0.00, real=0.00 secs] 
20.805: [GC (Allocation Failure) [PSYoungGen: 170528K->96K(164864K)] 172316K->1884K(339968K), 0.0005579 secs] [Times: user=0.00 sys=0.00, real=0.00 secs] 
20.860: [GC (Allocation Failure) [PSYoungGen: 164448K->32K(159232K)] 166236K->1820K(334336K), 0.0005682 secs] [Times: user=0.00 sys=0.00, real=0.00 secs] 
20.914: [GC (Allocation Failure) [PSYoungGen: 158752K->96K(154112K)] 160540K->1884K(329216K), 0.0005065 secs] [Times: user=0.00 sys=0.00, real=0.00 secs] 
20.965: [GC (Allocation Failure) [PSYoungGen: 153696K->32K(148992K)] 155484K->1820K(324096K), 0.0005223 secs] [Times: user=0.00 sys=0.00, real=0.00 secs] 
21.015: [GC (Allocation Failure) [PSYoungGen: 148512K->64K(143872K)] 150300K->1852K(318976K), 0.0005144 secs] [Times: user=0.00 sys=0.00, real=0.00 secs] 
21.062: [GC (Allocation Failure) [PSYoungGen: 143424K->64K(172544K)] 145212K->1852K(347648K), 0.0010332 secs] [Times: user=0.00 sys=0.01, real=0.01 secs] 
21.121: [GC (Allocation Failure) [PSYoungGen: 172096K->32K(207360K)] 173884K->1820K(382464K), 0.0005104 secs] [Times: user=0.00 sys=0.00, real=0.00 secs] 
21.191: [GC (Allocation Failure) [PSYoungGen: 206880K->32K(199680K)] 208668K->1820K(374784K), 0.0005353 secs] [Times: user=0.00 sys=0.00, real=0.00 secs] 
21.258: [GC (Allocation Failure) [PSYoungGen: 199200K->32K(192512K)] 200988K->1820K(367616K), 0.0005056 secs] [Times: user=0.00 sys=0.00, real=0.00 secs] 
21.322: [GC (Allocation Failure) [PSYoungGen: 192032K->32K(185856K)] 193820K->1820K(360960K), 0.0005939 secs] [Times: user=0.00 sys=0.00, real=0.00 secs] 
21.384: [GC (Allocation Failure) [PSYoungGen: 185376K->64K(179200K)] 187164K->1852K(354304K), 0.0005229 secs] [Times: user=0.00 sys=0.00, real=0.00 secs] 
21.443: [GC (Allocation Failure) [PSYoungGen: 178752K->32K(173056K)] 180540K->1820K(348160K), 0.0005462 secs] [Times: user=0.00 sys=0.00, real=0.00 secs] 
21.501: [GC (Allocation Failure) [PSYoungGen: 172576K->64K(166912K)] 174364K->1852K(342016K), 0.0005335 secs] [Times: user=0.00 sys=0.00, real=0.00 secs] 
21.556: [GC (Allocation Failure) [PSYoungGen: 166464K->96K(161280K)] 168252K->1884K(336384K), 0.0005656 secs] [Times: user=0.00 sys=0.00, real=0.00 secs] 
21.611: [GC (Allocation Failure) [PSYoungGen: 160864K->32K(155648K)] 162652K->1820K(330752K), 0.0005946 secs] [Times: user=0.00 sys=0.00, real=0.00 secs] 
21.664: [GC (Allocation Failure) [PSYoungGen: 155168K->32K(150528K)] 156956K->1820K(325632K), 0.0005208 secs] [Times: user=0.00 sys=0.00, real=0.00 secs] 
21.714: [GC (Allocation Failure) [PSYoungGen: 150048K->32K(145408K)] 151836K->1820K(320512K), 0.0005206 secs] [Times: user=0.00 sys=0.00, real=0.00 secs] 
21.763: [GC (Allocation Failure) [PSYoungGen: 144928K->32K(140800K)] 146716K->1820K(315904K), 0.0005210 secs] [Times: user=0.00 sys=0.00, real=0.01 secs] 
21.809: [GC (Allocation Failure) [PSYoungGen: 140320K->96K(136192K)] 142108K->1884K(311296K), 0.0005224 secs] [Times: user=0.00 sys=0.00, real=0.00 secs] 
21.855: [GC (Allocation Failure) [PSYoungGen: 135776K->32K(132096K)] 137564K->1820K(307200K), 0.0005199 secs] [Times: user=0.00 sys=0.00, real=0.00 secs] 
21.902: [GC (Allocation Failure) [PSYoungGen: 131616K->32K(128000K)] 133404K->1820K(303104K), 0.0005237 secs] [Times: user=0.00 sys=0.00, real=0.00 secs] 
21.945: [GC (Allocation Failure) [PSYoungGen: 127520K->32K(153600K)] 129308K->1820K(328704K), 0.0005364 secs] [Times: user=0.00 sys=0.00, real=0.00 secs] 
21.997: [GC (Allocation Failure) [PSYoungGen: 153120K->96K(148480K)] 154908K->1884K(323584K), 0.0005066 secs] [Times: user=0.00 sys=0.00, real=0.00 secs] 
22.046: [GC (Allocation Failure) [PSYoungGen: 148064K->32K(143360K)] 149852K->1820K(318464K), 0.0005304 secs] [Times: user=0.00 sys=0.00, real=0.00 secs] 
22.095: [GC (Allocation Failure) [PSYoungGen: 142880K->32K(138752K)] 144668K->1820K(313856K), 0.0005462 secs] [Times: user=0.00 sys=0.00, real=0.00 secs] 
22.141: [GC (Allocation Failure) [PSYoungGen: 138272K->32K(134144K)] 140060K->1820K(309248K), 0.0005203 secs] [Times: user=0.00 sys=0.00, real=0.00 secs] 
22.191: [GC (Allocation Failure) [PSYoungGen: 133664K->64K(130048K)] 135452K->1852K(305152K), 0.0014038 secs] [Times: user=0.00 sys=0.00, real=0.00 secs] 
22.237: [GC (Allocation Failure) [PSYoungGen: 129600K->32K(125952K)] 131388K->1820K(301056K), 0.0005366 secs] [Times: user=0.00 sys=0.00, real=0.00 secs] 
22.280: [GC (Allocation Failure) [PSYoungGen: 125472K->96K(151040K)] 127260K->1884K(326144K), 0.0005194 secs] [Times: user=0.00 sys=0.00, real=0.00 secs] 
22.331: [GC (Allocation Failure) [PSYoungGen: 150624K->64K(145920K)] 152412K->1852K(321024K), 0.0005219 secs] [Times: user=0.00 sys=0.00, real=0.00 secs] 
22.381: [GC (Allocation Failure) [PSYoungGen: 145472K->96K(141312K)] 147260K->1884K(316416K), 0.0005277 secs] [Times: user=0.00 sys=0.00, real=0.00 secs] 
22.430: [GC (Allocation Failure) [PSYoungGen: 140896K->96K(136704K)] 142684K->1884K(311808K), 0.0005198 secs] [Times: user=0.00 sys=0.00, real=0.00 secs] 
22.477: [GC (Allocation Failure) [PSYoungGen: 136288K->32K(132608K)] 138076K->1820K(307712K), 0.0005107 secs] [Times: user=0.00 sys=0.00, real=0.00 secs] 
22.523: [GC (Allocation Failure) [PSYoungGen: 132128K->32K(128512K)] 133916K->1820K(303616K), 0.0005136 secs] [Times: user=0.00 sys=0.00, real=0.00 secs] 
22.567: [GC (Allocation Failure) [PSYoungGen: 128032K->96K(124416K)] 129820K->1884K(299520K), 0.0005374 secs] [Times: user=0.00 sys=0.00, real=0.00 secs] 
22.611: [GC (Allocation Failure) [PSYoungGen: 124000K->32K(149504K)] 125788K->1820K(324608K), 0.0005311 secs] [Times: user=0.01 sys=0.00, real=0.00 secs] 
22.661: [GC (Allocation Failure) [PSYoungGen: 149024K->32K(144384K)] 150812K->1820K(319488K), 0.0005219 secs] [Times: user=0.00 sys=0.00, real=0.00 secs] 
22.710: [GC (Allocation Failure) [PSYoungGen: 143901K->32K(173568K)] 145689K->1820K(348672K), 0.0005675 secs] [Times: user=0.01 sys=0.00, real=0.00 secs] 
22.772: [GC (Allocation Failure) [PSYoungGen: 173088K->96K(167424K)] 174876K->1884K(342528K), 0.0006293 secs] [Times: user=0.00 sys=0.00, real=0.00 secs] 
22.829: [GC (Allocation Failure) [PSYoungGen: 167008K->32K(201216K)] 168796K->1820K(376320K), 0.0010498 secs] [Times: user=0.01 sys=0.00, real=0.00 secs] 
22.897: [GC (Allocation Failure) [PSYoungGen: 200736K->96K(241664K)] 202524K->1884K(416768K), 0.0005556 secs] [Times: user=0.00 sys=0.00, real=0.00 secs] 
22.979: [GC (Allocation Failure) [PSYoungGen: 241248K->32K(232448K)] 243036K->1820K(407552K), 0.0005282 secs] [Times: user=0.00 sys=0.00, real=0.00 secs] 
23.059: [GC (Allocation Failure) [PSYoungGen: 231968K->64K(223744K)] 233756K->1852K(398848K), 0.0005209 secs] [Times: user=0.01 sys=0.00, real=0.00 secs] 
23.135: [GC (Allocation Failure) [PSYoungGen: 223296K->32K(215552K)] 225084K->1820K(390656K), 0.0005150 secs] [Times: user=0.00 sys=0.00, real=0.00 secs] 
23.208: [GC (Allocation Failure) [PSYoungGen: 215072K->32K(207360K)] 216860K->1820K(382464K), 0.0005268 secs] [Times: user=0.01 sys=0.00, real=0.00 secs] 
23.279: [GC (Allocation Failure) [PSYoungGen: 206880K->96K(199680K)] 208668K->1884K(374784K), 0.0005691 secs] [Times: user=0.00 sys=0.00, real=0.00 secs] 
23.347: [GC (Allocation Failure) [PSYoungGen: 199264K->32K(192512K)] 201052K->1820K(367616K), 0.0005086 secs] [Times: user=0.00 sys=0.00, real=0.00 secs] 
23.412: [GC (Allocation Failure) [PSYoungGen: 192032K->32K(185856K)] 193820K->1820K(360960K), 0.0007374 secs] [Times: user=0.00 sys=0.00, real=0.01 secs] 
23.476: [GC (Allocation Failure) [PSYoungGen: 185376K->96K(179200K)] 187164K->1884K(354304K), 0.0005703 secs] [Times: user=0.00 sys=0.00, real=0.00 secs] 
23.537: [GC (Allocation Failure) [PSYoungGen: 178784K->32K(173056K)] 180572K->1820K(348160K), 0.0005268 secs] [Times: user=0.01 sys=0.00, real=0.00 secs] 
23.597: [GC (Allocation Failure) [PSYoungGen: 172576K->64K(166912K)] 174364K->1852K(342016K), 0.0005492 secs] [Times: user=0.01 sys=0.00, real=0.00 secs] 
23.654: [GC (Allocation Failure) [PSYoungGen: 166464K->64K(161280K)] 168252K->1852K(336384K), 0.0006501 secs] [Times: user=0.00 sys=0.00, real=0.00 secs] 
23.711: [GC (Allocation Failure) [PSYoungGen: 160832K->32K(155648K)] 162620K->1820K(330752K), 0.0005729 secs] [Times: user=0.00 sys=0.00, real=0.00 secs] 
23.764: [GC (Allocation Failure) [PSYoungGen: 155168K->32K(150528K)] 156956K->1820K(325632K), 0.0005299 secs] [Times: user=0.00 sys=0.00, real=0.00 secs] 
23.815: [GC (Allocation Failure) [PSYoungGen: 150048K->32K(145408K)] 151836K->1820K(320512K), 0.0005322 secs] [Times: user=0.00 sys=0.00, real=0.00 secs] 
23.865: [GC (Allocation Failure) [PSYoungGen: 144928K->32K(174592K)] 146716K->1820K(349696K), 0.0008627 secs] [Times: user=0.01 sys=0.00, real=0.00 secs] 
23.928: [GC (Allocation Failure) [PSYoungGen: 174112K->64K(168448K)] 175900K->1852K(343552K), 0.0005440 secs] [Times: user=0.00 sys=0.00, real=0.00 secs] 
23.990: [GC (Allocation Failure) [PSYoungGen: 168000K->32K(162816K)] 169788K->1820K(337920K), 0.0005022 secs] [Times: user=0.00 sys=0.00, real=0.00 secs] 
24.049: [GC (Allocation Failure) [PSYoungGen: 162336K->64K(157184K)] 164124K->1852K(332288K), 0.0007739 secs] [Times: user=0.01 sys=0.00, real=0.00 secs] 
24.105: [GC (Allocation Failure) [PSYoungGen: 156736K->64K(188928K)] 158524K->1852K(364032K), 0.0007185 secs] [Times: user=0.00 sys=0.00, real=0.00 secs] 
24.169: [GC (Allocation Failure) [PSYoungGen: 188480K->64K(226816K)] 190268K->1852K(401920K), 0.0008386 secs] [Times: user=0.01 sys=0.00, real=0.00 secs] 
24.251: [GC (Allocation Failure) [PSYoungGen: 226368K->32K(218112K)] 228156K->1820K(393216K), 0.0005200 secs] [Times: user=0.00 sys=0.00, real=0.00 secs] 
24.326: [GC (Allocation Failure) [PSYoungGen: 217632K->96K(209920K)] 219420K->1884K(385024K), 0.0005218 secs] [Times: user=0.00 sys=0.00, real=0.00 secs] 
24.398: [GC (Allocation Failure) [PSYoungGen: 209504K->32K(202240K)] 211292K->1820K(377344K), 0.0005244 secs] [Times: user=0.00 sys=0.00, real=0.00 secs] 
24.467: [GC (Allocation Failure) [PSYoungGen: 201760K->32K(195072K)] 203548K->1820K(370176K), 0.0005325 secs] [Times: user=0.00 sys=0.00, real=0.00 secs] 
24.536: [GC (Allocation Failure) [PSYoungGen: 194592K->32K(187904K)] 196380K->1820K(363008K), 0.0005181 secs] [Times: user=0.00 sys=0.00, real=0.00 secs] 
24.614: [GC (Allocation Failure) [PSYoungGen: 187424K->32K(181248K)] 189212K->1820K(356352K), 0.0005165 secs] [Times: user=0.00 sys=0.00, real=0.00 secs] 
24.678: [GC (Allocation Failure) [PSYoungGen: 180768K->32K(175104K)] 182556K->1820K(350208K), 0.0005560 secs] [Times: user=0.00 sys=0.00, real=0.00 secs] 
24.738: [GC (Allocation Failure) [PSYoungGen: 174624K->96K(168960K)] 176412K->1884K(344064K), 0.0006204 secs] [Times: user=0.00 sys=0.00, real=0.00 secs] 
24.800: [GC (Allocation Failure) [PSYoungGen: 168544K->32K(163328K)] 170332K->1820K(338432K), 0.0007389 secs] [Times: user=0.00 sys=0.00, real=0.00 secs] 
24.860: [GC (Allocation Failure) [PSYoungGen: 162848K->64K(157696K)] 164636K->1852K(332800K), 0.0005499 secs] [Times: user=0.00 sys=0.00, real=0.00 secs] 
24.919: [GC (Allocation Failure) [PSYoungGen: 157248K->96K(152576K)] 159036K->1884K(327680K), 0.0005079 secs] [Times: user=0.00 sys=0.00, real=0.00 secs] 
24.979: [GC (Allocation Failure) [PSYoungGen: 152160K->64K(147456K)] 153948K->1852K(322560K), 0.0005841 secs] [Times: user=0.00 sys=0.00, real=0.00 secs] 
25.035: [GC (Allocation Failure) [PSYoungGen: 147008K->64K(142848K)] 148796K->1852K(317952K), 0.0005640 secs] [Times: user=0.01 sys=0.00, real=0.00 secs] 
25.085: [GC (Allocation Failure) [PSYoungGen: 142400K->96K(138240K)] 144188K->1884K(313344K), 0.0005282 secs] [Times: user=0.01 sys=0.00, real=0.00 secs] 
25.135: [GC (Allocation Failure) [PSYoungGen: 137824K->32K(133632K)] 139612K->1820K(308736K), 0.0005797 secs] [Times: user=0.00 sys=0.00, real=0.00 secs] 
25.183: [GC (Allocation Failure) [PSYoungGen: 133152K->32K(160256K)] 134940K->1820K(335360K), 0.0007934 secs] [Times: user=0.00 sys=0.00, real=0.00 secs] 
25.244: [GC (Allocation Failure) [PSYoungGen: 159776K->32K(154624K)] 161564K->1820K(329728K), 0.0005068 secs] [Times: user=0.00 sys=0.00, real=0.00 secs] 
25.303: [GC (Allocation Failure) [PSYoungGen: 154144K->32K(185856K)] 155932K->1820K(360960K), 0.0007437 secs] [Times: user=0.00 sys=0.00, real=0.00 secs] 
25.372: [GC (Allocation Failure) [PSYoungGen: 185376K->64K(179200K)] 187164K->1852K(354304K), 0.0005124 secs] [Times: user=0.00 sys=0.00, real=0.01 secs] 
25.441: [GC (Allocation Failure) [PSYoungGen: 178752K->64K(215040K)] 180540K->1852K(390144K), 0.0010795 secs] [Times: user=0.00 sys=0.00, real=0.00 secs] 
25.520: [GC (Allocation Failure) [PSYoungGen: 214592K->96K(206848K)] 216380K->1884K(381952K), 0.0005268 secs] [Times: user=0.00 sys=0.00, real=0.00 secs] 
25.595: [GC (Allocation Failure) [PSYoungGen: 206432K->32K(199168K)] 208220K->1820K(374272K), 0.0005911 secs] [Times: user=0.00 sys=0.00, real=0.00 secs] 
25.684: [GC (Allocation Failure) [PSYoungGen: 198688K->32K(192000K)] 200476K->1820K(367104K), 0.0010907 secs] [Times: user=0.00 sys=0.00, real=0.00 secs] 
25.758: [GC (Allocation Failure) [PSYoungGen: 191520K->64K(230400K)] 193308K->1852K(405504K), 0.0010940 secs] [Times: user=0.00 sys=0.00, real=0.00 secs] 
25.870: [GC (Allocation Failure) [PSYoungGen: 229952K->32K(276480K)] 231740K->1820K(451584K), 0.0011752 secs] [Times: user=0.00 sys=0.00, real=0.00 secs] 
26.060: [GC (Allocation Failure) [PSYoungGen: 276000K->32K(331776K)] 277788K->1820K(506880K), 0.0030921 secs] [Times: user=0.01 sys=0.00, real=0.01 secs] 
26.256: [GC (Allocation Failure) [PSYoungGen: 331296K->32K(317952K)] 333084K->1820K(493056K), 0.0005373 secs] [Times: user=0.00 sys=0.00, real=0.00 secs] 
26.417: [GC (Allocation Failure) [PSYoungGen: 317472K->32K(305152K)] 319260K->1820K(480256K), 0.0005471 secs] [Times: user=0.00 sys=0.00, real=0.00 secs] 
26.550: [GC (Allocation Failure) [PSYoungGen: 304672K->32K(292864K)] 306460K->1820K(467968K), 0.0005709 secs] [Times: user=0.01 sys=0.00, real=0.00 secs] 
26.693: [GC (Allocation Failure) [PSYoungGen: 292384K->32K(281088K)] 294172K->1820K(456192K), 0.0020679 secs] [Times: user=0.01 sys=0.00, real=0.00 secs] 
26.834: [GC (Allocation Failure) [PSYoungGen: 280608K->32K(269824K)] 282396K->1820K(444928K), 0.0005790 secs] [Times: user=0.01 sys=0.00, real=0.00 secs] 
26.936: [GC (Allocation Failure) [PSYoungGen: 269344K->96K(259072K)] 271132K->1884K(434176K), 0.0005599 secs] [Times: user=0.01 sys=0.00, real=0.00 secs] 
27.034: [GC (Allocation Failure) [PSYoungGen: 258656K->64K(248832K)] 260444K->1852K(423936K), 0.0009682 secs] [Times: user=0.00 sys=0.00, real=0.00 secs] 
27.135: [GC (Allocation Failure) [PSYoungGen: 248384K->32K(239104K)] 250172K->1820K(414208K), 0.0005875 secs] [Times: user=0.00 sys=0.00, real=0.00 secs] 
27.229: [GC (Allocation Failure) [PSYoungGen: 238624K->96K(229888K)] 240412K->1884K(404992K), 0.0005678 secs] [Times: user=0.00 sys=0.00, real=0.00 secs] 
27.315: [GC (Allocation Failure) [PSYoungGen: 229472K->64K(221184K)] 231260K->1852K(396288K), 0.0005669 secs] [Times: user=0.00 sys=0.00, real=0.00 secs] 
27.399: [GC (Allocation Failure) [PSYoungGen: 220736K->32K(212992K)] 222524K->1820K(388096K), 0.0005698 secs] [Times: user=0.00 sys=0.00, real=0.00 secs] 
27.485: [GC (Allocation Failure) [PSYoungGen: 212512K->32K(205312K)] 214300K->1820K(380416K), 0.0005613 secs] [Times: user=0.00 sys=0.00, real=0.00 secs] 
27.569: [GC (Allocation Failure) [PSYoungGen: 204832K->64K(197632K)] 206620K->1852K(372736K), 0.0010327 secs] [Times: user=0.00 sys=0.00, real=0.00 secs] 
27.652: [GC (Allocation Failure) [PSYoungGen: 197184K->96K(190464K)] 198972K->1884K(365568K), 0.0005545 secs] [Times: user=0.00 sys=0.00, real=0.00 secs] 
27.729: [GC (Allocation Failure) [PSYoungGen: 190048K->32K(183808K)] 191836K->1820K(358912K), 0.0010145 secs] [Times: user=0.01 sys=0.00, real=0.00 secs] 
27.803: [GC (Allocation Failure) [PSYoungGen: 183328K->96K(177152K)] 185116K->1884K(352256K), 0.0005524 secs] [Times: user=0.00 sys=0.00, real=0.00 secs] 
27.870: [GC (Allocation Failure) [PSYoungGen: 176734K->32K(212480K)] 178522K->1820K(387584K), 0.0011673 secs] [Times: user=0.00 sys=0.00, real=0.00 secs] 
27.972: [GC (Allocation Failure) [PSYoungGen: 212000K->32K(254976K)] 213788K->1820K(430080K), 0.0012029 secs] [Times: user=0.00 sys=0.00, real=0.01 secs] 
28.076: [GC (Allocation Failure) [PSYoungGen: 254496K->32K(306176K)] 256284K->1820K(481280K), 0.0012065 secs] [Times: user=0.00 sys=0.00, real=0.00 secs] 
28.201: [GC (Allocation Failure) [PSYoungGen: 305696K->32K(293888K)] 307484K->1820K(468992K), 0.0012184 secs] [Times: user=0.00 sys=0.00, real=0.00 secs] 
28.331: [GC (Allocation Failure) [PSYoungGen: 293408K->32K(282112K)] 295196K->1820K(457216K), 0.0005636 secs] [Times: user=0.00 sys=0.00, real=0.00 secs] 
28.440: [GC (Allocation Failure) [PSYoungGen: 281632K->32K(270848K)] 283420K->1820K(445952K), 0.0005488 secs] [Times: user=0.00 sys=0.00, real=0.00 secs] 
28.538: [GC (Allocation Failure) [PSYoungGen: 270368K->96K(260096K)] 272156K->1884K(435200K), 0.0005424 secs] [Times: user=0.00 sys=0.00, real=0.00 secs] 
28.660: [GC (Allocation Failure) [PSYoungGen: 259680K->32K(249856K)] 261468K->1820K(424960K), 0.0005545 secs] [Times: user=0.00 sys=0.00, real=0.00 secs] 
28.763: [GC (Allocation Failure) [PSYoungGen: 249376K->64K(240128K)] 251164K->1852K(415232K), 0.0005600 secs] [Times: user=0.00 sys=0.00, real=0.00 secs] 
28.860: [GC (Allocation Failure) [PSYoungGen: 239680K->32K(230912K)] 241468K->1820K(406016K), 0.0005507 secs] [Times: user=0.00 sys=0.00, real=0.00 secs] 
28.947: [GC (Allocation Failure) [PSYoungGen: 230432K->32K(222208K)] 232220K->1820K(397312K), 0.0013623 secs] [Times: user=0.00 sys=0.00, real=0.00 secs] 
29.037: [GC (Allocation Failure) [PSYoungGen: 221728K->32K(214016K)] 223516K->1820K(389120K), 0.0013390 secs] [Times: user=0.01 sys=0.00, real=0.00 secs] 
29.146: [GC (Allocation Failure) [PSYoungGen: 213536K->96K(206336K)] 215324K->1884K(381440K), 0.0005621 secs] [Times: user=0.00 sys=0.00, real=0.00 secs] 
29.228: [GC (Allocation Failure) [PSYoungGen: 205920K->96K(198656K)] 207708K->1884K(373760K), 0.0005542 secs] [Times: user=0.00 sys=0.00, real=0.00 secs] 
29.314: [GC (Allocation Failure) [PSYoungGen: 198240K->64K(191488K)] 200028K->1852K(366592K), 0.0012560 secs] [Times: user=0.00 sys=0.00, real=0.00 secs] 
29.400: [GC (Allocation Failure) [PSYoungGen: 191040K->32K(229888K)] 192828K->1820K(404992K), 0.0012315 secs] [Times: user=0.00 sys=0.00, real=0.00 secs] 
29.494: [GC (Allocation Failure) [PSYoungGen: 229408K->96K(221184K)] 231196K->1884K(396288K), 0.0005370 secs] [Times: user=0.00 sys=0.00, real=0.00 secs] 
29.576: [GC (Allocation Failure) [PSYoungGen: 220768K->32K(212992K)] 222556K->1820K(388096K), 0.0005200 secs] [Times: user=0.00 sys=0.00, real=0.00 secs] 
29.655: [GC (Allocation Failure) [PSYoungGen: 212512K->96K(205312K)] 214300K->1884K(380416K), 0.0005436 secs] [Times: user=0.00 sys=0.00, real=0.00 secs] 
29.733: [GC (Allocation Failure) [PSYoungGen: 204896K->96K(197632K)] 206684K->1884K(372736K), 0.0005780 secs] [Times: user=0.00 sys=0.00, real=0.00 secs] 
29.808: [GC (Allocation Failure) [PSYoungGen: 197216K->32K(190464K)] 199004K->1820K(365568K), 0.0005794 secs] [Times: user=0.00 sys=0.00, real=0.00 secs] 
29.880: [GC (Allocation Failure) [PSYoungGen: 189984K->32K(183808K)] 191772K->1820K(358912K), 0.0010840 secs] [Times: user=0.00 sys=0.00, real=0.00 secs] 
29.952: [GC (Allocation Failure) [PSYoungGen: 183328K->96K(177152K)] 185116K->1884K(352256K), 0.0007308 secs] [Times: user=0.00 sys=0.00, real=0.00 secs] 
30.022: [GC (Allocation Failure) [PSYoungGen: 176736K->32K(171008K)] 178524K->1820K(346112K), 0.0005192 secs] [Times: user=0.00 sys=0.00, real=0.00 secs] 
30.088: [GC (Allocation Failure) [PSYoungGen: 170528K->32K(164864K)] 172316K->1820K(339968K), 0.0005439 secs] [Times: user=0.00 sys=0.00, real=0.00 secs] 
30.151: [GC (Allocation Failure) [PSYoungGen: 164384K->96K(159232K)] 166172K->1884K(334336K), 0.0005431 secs] [Times: user=0.00 sys=0.00, real=0.00 secs] 
30.212: [GC (Allocation Failure) [PSYoungGen: 158816K->32K(154112K)] 160604K->1820K(329216K), 0.0005798 secs] [Times: user=0.00 sys=0.00, real=0.01 secs] 
30.270: [GC (Allocation Failure) [PSYoungGen: 153632K->32K(148992K)] 155420K->1820K(324096K), 0.0005631 secs] [Times: user=0.00 sys=0.00, real=0.00 secs] 
30.339: [GC (Allocation Failure) [PSYoungGen: 148512K->96K(143872K)] 150300K->1884K(318976K), 0.0005056 secs] [Times: user=0.00 sys=0.00, real=0.00 secs] 
30.394: [GC (Allocation Failure) [PSYoungGen: 143456K->32K(139264K)] 145244K->1844K(314368K), 0.0005550 secs] [Times: user=0.00 sys=0.00, real=0.00 secs] 
30.450: [GC (Allocation Failure) [PSYoungGen: 138784K->32K(134656K)] 140596K->1844K(309760K), 0.0005151 secs] [Times: user=0.00 sys=0.00, real=0.00 secs] 
30.501: [GC (Allocation Failure) [PSYoungGen: 134176K->32K(161792K)] 135988K->1844K(336896K), 0.0012925 secs] [Times: user=0.00 sys=0.00, real=0.00 secs] 
30.563: [GC (Allocation Failure) [PSYoungGen: 161312K->32K(194048K)] 163124K->1844K(369152K), 0.0005914 secs] [Times: user=0.00 sys=0.00, real=0.00 secs] 
30.640: [GC (Allocation Failure) [PSYoungGen: 193568K->96K(186880K)] 195380K->1908K(361984K), 0.0005238 secs] [Times: user=0.00 sys=0.00, real=0.00 secs] 
30.716: [GC (Allocation Failure) [PSYoungGen: 186464K->32K(224256K)] 188276K->1844K(399360K), 0.0014868 secs] [Times: user=0.00 sys=0.00, real=0.00 secs] 
30.806: [GC (Allocation Failure) [PSYoungGen: 223776K->32K(269312K)] 225588K->1844K(444416K), 0.0005363 secs] [Times: user=0.00 sys=0.00, real=0.00 secs] 
30.906: [GC (Allocation Failure) [PSYoungGen: 268832K->32K(258560K)] 270644K->1844K(433664K), 0.0006208 secs] [Times: user=0.01 sys=0.00, real=0.00 secs] 
30.998: [GC (Allocation Failure) [PSYoungGen: 258080K->32K(248320K)] 259892K->1844K(423424K), 0.0009360 secs] [Times: user=0.00 sys=0.00, real=0.00 secs] 
31.089: [GC (Allocation Failure) [PSYoungGen: 247840K->32K(238592K)] 249652K->1844K(413696K), 0.0012710 secs] [Times: user=0.00 sys=0.00, real=0.00 secs] 
31.192: [GC (Allocation Failure) [PSYoungGen: 238112K->32K(229376K)] 239924K->1844K(404480K), 0.0008361 secs] [Times: user=0.00 sys=0.00, real=0.01 secs] 
31.275: [GC (Allocation Failure) [PSYoungGen: 228896K->64K(220672K)] 230708K->1876K(395776K), 0.0005451 secs] [Times: user=0.00 sys=0.00, real=0.00 secs] 
31.354: [GC (Allocation Failure) [PSYoungGen: 220224K->96K(212480K)] 222036K->1908K(387584K), 0.0005386 secs] [Times: user=0.01 sys=0.00, real=0.00 secs] 
31.429: [GC (Allocation Failure) [PSYoungGen: 212064K->64K(204800K)] 213876K->1876K(379904K), 0.0006833 secs] [Times: user=0.00 sys=0.00, real=0.00 secs] 
31.502: [GC (Allocation Failure) [PSYoungGen: 204352K->96K(197120K)] 206164K->1908K(372224K), 0.0005384 secs] [Times: user=0.00 sys=0.00, real=0.00 secs] 
31.572: [GC (Allocation Failure) [PSYoungGen: 196704K->32K(189952K)] 198516K->1844K(365056K), 0.0005530 secs] [Times: user=0.00 sys=0.00, real=0.01 secs] 
31.641: [GC (Allocation Failure) [PSYoungGen: 189472K->32K(183296K)] 191284K->1844K(358400K), 0.0005443 secs] [Times: user=0.00 sys=0.00, real=0.00 secs] 
31.706: [GC (Allocation Failure) [PSYoungGen: 182816K->64K(176640K)] 184628K->1876K(351744K), 0.0005596 secs] [Times: user=0.01 sys=0.00, real=0.00 secs] 
31.768: [GC (Allocation Failure) [PSYoungGen: 176192K->64K(170496K)] 178004K->1876K(345600K), 0.0010922 secs] [Times: user=0.00 sys=0.00, real=0.00 secs] 
31.833: [GC (Allocation Failure) [PSYoungGen: 170048K->32K(204800K)] 171860K->1844K(379904K), 0.0010913 secs] [Times: user=0.00 sys=0.00, real=0.00 secs] 
31.912: [GC (Allocation Failure) [PSYoungGen: 204320K->32K(245760K)] 206132K->1844K(420864K), 0.0005914 secs] [Times: user=0.00 sys=0.00, real=0.00 secs] 
32.006: [GC (Allocation Failure) [PSYoungGen: 245280K->32K(236544K)] 247092K->1844K(411648K), 0.0009323 secs] [Times: user=0.00 sys=0.00, real=0.00 secs] 
32.091: [GC (Allocation Failure) [PSYoungGen: 236064K->32K(227328K)] 237876K->1844K(402432K), 0.0005530 secs] [Times: user=0.00 sys=0.00, real=0.00 secs] 
32.172: [GC (Allocation Failure) [PSYoungGen: 226848K->32K(218624K)] 228660K->1844K(393728K), 0.0005188 secs] [Times: user=0.00 sys=0.00, real=0.00 secs] 
32.249: [GC (Allocation Failure) [PSYoungGen: 218144K->96K(210432K)] 219956K->1908K(385536K), 0.0005450 secs] [Times: user=0.00 sys=0.00, real=0.00 secs] 
32.323: [GC (Allocation Failure) [PSYoungGen: 210016K->32K(202752K)] 211828K->1844K(377856K), 0.0005476 secs] [Times: user=0.01 sys=0.00, real=0.00 secs] 
32.394: [GC (Allocation Failure) [PSYoungGen: 202272K->96K(195584K)] 204084K->1908K(370688K), 0.0005806 secs] [Times: user=0.00 sys=0.00, real=0.00 secs] 
32.461: [GC (Allocation Failure) [PSYoungGen: 195168K->32K(188416K)] 196980K->1844K(363520K), 0.0005829 secs] [Times: user=0.00 sys=0.00, real=0.00 secs] 
32.526: [GC (Allocation Failure) [PSYoungGen: 187936K->32K(181760K)] 189748K->1844K(356864K), 0.0005301 secs] [Times: user=0.00 sys=0.00, real=0.00 secs] 
32.590: [GC (Allocation Failure) [PSYoungGen: 181280K->64K(175616K)] 183092K->1876K(350720K), 0.0005200 secs] [Times: user=0.00 sys=0.00, real=0.00 secs] 
32.651: [GC (Allocation Failure) [PSYoungGen: 175168K->96K(169472K)] 176980K->1908K(344576K), 0.0005430 secs] [Times: user=0.00 sys=0.00, real=0.00 secs] 
32.709: [GC (Allocation Failure) [PSYoungGen: 169056K->32K(163840K)] 170868K->1844K(338944K), 0.0005466 secs] [Times: user=0.00 sys=0.00, real=0.00 secs] 
32.767: [GC (Allocation Failure) [PSYoungGen: 163360K->32K(158208K)] 165172K->1844K(333312K), 0.0005307 secs] [Times: user=0.00 sys=0.00, real=0.00 secs] 
32.822: [GC (Allocation Failure) [PSYoungGen: 157728K->96K(153088K)] 159540K->1908K(328192K), 0.0005113 secs] [Times: user=0.00 sys=0.00, real=0.01 secs] 
32.875: [GC (Allocation Failure) [PSYoungGen: 152672K->32K(147968K)] 154484K->1844K(323072K), 0.0005165 secs] [Times: user=0.00 sys=0.00, real=0.00 secs] 
32.926: [GC (Allocation Failure) [PSYoungGen: 147488K->64K(143360K)] 149300K->1876K(318464K), 0.0005190 secs] [Times: user=0.00 sys=0.00, real=0.00 secs] 
32.975: [GC (Allocation Failure) [PSYoungGen: 142912K->64K(138752K)] 144724K->1876K(313856K), 0.0005259 secs] [Times: user=0.00 sys=0.00, real=0.00 secs] 
33.023: [GC (Allocation Failure) [PSYoungGen: 138304K->32K(134144K)] 140116K->1844K(309248K), 0.0005088 secs] [Times: user=0.00 sys=0.00, real=0.00 secs] 
33.069: [GC (Allocation Failure) [PSYoungGen: 133664K->32K(130048K)] 135476K->1844K(305152K), 0.0005395 secs] [Times: user=0.00 sys=0.00, real=0.00 secs] 
33.114: [GC (Allocation Failure) [PSYoungGen: 129568K->32K(125952K)] 131380K->1844K(301056K), 0.0005306 secs] [Times: user=0.01 sys=0.00, real=0.00 secs] 
33.157: [GC (Allocation Failure) [PSYoungGen: 125472K->32K(121856K)] 127284K->1844K(296960K), 0.0005085 secs] [Times: user=0.00 sys=0.00, real=0.00 secs] 
33.200: [GC (Allocation Failure) [PSYoungGen: 121376K->32K(146432K)] 123188K->1844K(321536K), 0.0005201 secs] [Times: user=0.00 sys=0.00, real=0.00 secs] 
33.250: [GC (Allocation Failure) [PSYoungGen: 145952K->32K(141824K)] 147764K->1844K(316928K), 0.0005079 secs] [Times: user=0.00 sys=0.00, real=0.00 secs] 
33.297: [GC (Allocation Failure) [PSYoungGen: 141344K->96K(137216K)] 143156K->1908K(312320K), 0.0005130 secs] [Times: user=0.00 sys=0.00, real=0.00 secs] 
33.343: [GC (Allocation Failure) [PSYoungGen: 136800K->32K(164864K)] 138612K->1844K(339968K), 0.0005461 secs] [Times: user=0.00 sys=0.00, real=0.00 secs] 
33.399: [GC (Allocation Failure) [PSYoungGen: 164384K->96K(159232K)] 166196K->1908K(334336K), 0.0005012 secs] [Times: user=0.00 sys=0.00, real=0.00 secs] 
33.453: [GC (Allocation Failure) [PSYoungGen: 158816K->32K(154112K)] 160628K->1844K(329216K), 0.0004946 secs] [Times: user=0.01 sys=0.00, real=0.00 secs] 
33.505: [GC (Allocation Failure) [PSYoungGen: 153632K->96K(148992K)] 155444K->1908K(324096K), 0.0005116 secs] [Times: user=0.00 sys=0.00, real=0.00 secs] 
33.554: [GC (Allocation Failure) [PSYoungGen: 148576K->64K(143872K)] 150388K->1876K(318976K), 0.0005036 secs] [Times: user=0.00 sys=0.00, real=0.00 secs] 
33.603: [GC (Allocation Failure) [PSYoungGen: 143424K->32K(139264K)] 145236K->1844K(314368K), 0.0005330 secs] [Times: user=0.00 sys=0.00, real=0.00 secs] 
33.652: [GC (Allocation Failure) [PSYoungGen: 138784K->96K(134656K)] 140596K->1908K(309760K), 0.0005030 secs] [Times: user=0.00 sys=0.00, real=0.00 secs] 
33.696: [GC (Allocation Failure) [PSYoungGen: 134240K->32K(130560K)] 136052K->1844K(305664K), 0.0005146 secs] [Times: user=0.00 sys=0.00, real=0.00 secs] 
33.739: [GC (Allocation Failure) [PSYoungGen: 130080K->32K(156672K)] 131892K->1844K(331776K), 0.0005719 secs] [Times: user=0.00 sys=0.00, real=0.00 secs] 
33.791: [GC (Allocation Failure) [PSYoungGen: 156192K->32K(151552K)] 158004K->1844K(326656K), 0.0005484 secs] [Times: user=0.00 sys=0.00, real=0.00 secs] 
33.843: [GC (Allocation Failure) [PSYoungGen: 151072K->96K(146432K)] 152884K->1908K(321536K), 0.0005087 secs] [Times: user=0.01 sys=0.00, real=0.00 secs] 
33.891: [GC (Allocation Failure) [PSYoungGen: 146016K->32K(141824K)] 147828K->1844K(316928K), 0.0005109 secs] [Times: user=0.00 sys=0.00, real=0.00 secs] 
33.938: [GC (Allocation Failure) [PSYoungGen: 141344K->64K(137216K)] 143156K->1876K(312320K), 0.0005328 secs] [Times: user=0.00 sys=0.00, real=0.00 secs] 
33.983: [GC (Allocation Failure) [PSYoungGen: 136768K->96K(132608K)] 138580K->1908K(307712K), 0.0005262 secs] [Times: user=0.00 sys=0.00, real=0.00 secs] 
34.029: [GC (Allocation Failure) [PSYoungGen: 132192K->32K(128512K)] 134004K->1844K(303616K), 0.0005134 secs] [Times: user=0.00 sys=0.00, real=0.00 secs] 
34.072: [GC (Allocation Failure) [PSYoungGen: 128032K->64K(154112K)] 129844K->1876K(329216K), 0.0005521 secs] [Times: user=0.00 sys=0.00, real=0.01 secs] 
34.123: [GC (Allocation Failure) [PSYoungGen: 153664K->32K(148992K)] 155476K->1844K(324096K), 0.0005181 secs] [Times: user=0.00 sys=0.00, real=0.00 secs] 
34.173: [GC (Allocation Failure) [PSYoungGen: 148512K->32K(143872K)] 150324K->1844K(318976K), 0.0005223 secs] [Times: user=0.00 sys=0.00, real=0.00 secs] 
34.221: [GC (Allocation Failure) [PSYoungGen: 143392K->96K(139264K)] 145204K->1908K(314368K), 0.0005366 secs] [Times: user=0.00 sys=0.00, real=0.00 secs] 
34.268: [GC (Allocation Failure) [PSYoungGen: 138848K->64K(134656K)] 140660K->1876K(309760K), 0.0005122 secs] [Times: user=0.00 sys=0.00, real=0.00 secs] 
34.313: [GC (Allocation Failure) [PSYoungGen: 134208K->64K(130560K)] 136020K->1876K(305664K), 0.0005097 secs] [Times: user=0.00 sys=0.00, real=0.00 secs] 
34.356: [GC (Allocation Failure) [PSYoungGen: 130112K->64K(156672K)] 131924K->1876K(331776K), 0.0005088 secs] [Times: user=0.00 sys=0.00, real=0.00 secs] 
34.409: [GC (Allocation Failure) [PSYoungGen: 156224K->64K(151552K)] 158036K->1876K(326656K), 0.0005247 secs] [Times: user=0.01 sys=0.00, real=0.00 secs] 
34.461: [GC (Allocation Failure) [PSYoungGen: 151104K->32K(146432K)] 152916K->1844K(321536K), 0.0005271 secs] [Times: user=0.00 sys=0.00, real=0.00 secs] 
34.509: [GC (Allocation Failure) [PSYoungGen: 145952K->32K(141824K)] 147764K->1844K(316928K), 0.0004949 secs] [Times: user=0.00 sys=0.00, real=0.00 secs] 
34.556: [GC (Allocation Failure) [PSYoungGen: 141344K->32K(137216K)] 143156K->1844K(312320K), 0.0005089 secs] [Times: user=0.00 sys=0.00, real=0.00 secs] 
34.603: [GC (Allocation Failure) [PSYoungGen: 136736K->64K(132608K)] 138548K->1876K(307712K), 0.0005239 secs] [Times: user=0.00 sys=0.00, real=0.00 secs] 
34.647: [GC (Allocation Failure) [PSYoungGen: 132160K->32K(128512K)] 133972K->1844K(303616K), 0.0005100 secs] [Times: user=0.01 sys=0.00, real=0.00 secs] 
34.691: [GC (Allocation Failure) [PSYoungGen: 128032K->64K(154112K)] 129844K->1876K(329216K), 0.0005229 secs] [Times: user=0.00 sys=0.00, real=0.00 secs] 
34.742: [GC (Allocation Failure) [PSYoungGen: 153664K->32K(148992K)] 155476K->1844K(324096K), 0.0005282 secs] [Times: user=0.00 sys=0.00, real=0.01 secs] 
34.792: [GC (Allocation Failure) [PSYoungGen: 148512K->32K(178688K)] 150324K->1844K(353792K), 0.0009859 secs] [Times: user=0.00 sys=0.00, real=0.01 secs] 
34.853: [GC (Allocation Failure) [PSYoungGen: 178208K->64K(214528K)] 180020K->1876K(389632K), 0.0005206 secs] [Times: user=0.00 sys=0.00, real=0.00 secs] 
34.923: [GC (Allocation Failure) [PSYoungGen: 214080K->96K(206336K)] 215892K->1908K(381440K), 0.0005708 secs] [Times: user=0.00 sys=0.00, real=0.00 secs] 
34.992: [GC (Allocation Failure) [PSYoungGen: 205920K->32K(198656K)] 207732K->1844K(373760K), 0.0005330 secs] [Times: user=0.00 sys=0.00, real=0.00 secs] 
35.058: [GC (Allocation Failure) [PSYoungGen: 198176K->32K(191488K)] 199988K->1844K(366592K), 0.0006768 secs] [Times: user=0.00 sys=0.00, real=0.00 secs] 
35.123: [GC (Allocation Failure) [PSYoungGen: 191008K->64K(229888K)] 192820K->1876K(404992K), 0.0011384 secs] [Times: user=0.00 sys=0.00, real=0.00 secs] 
35.206: [GC (Allocation Failure) [PSYoungGen: 229440K->32K(221184K)] 231252K->1844K(396288K), 0.0005193 secs] [Times: user=0.00 sys=0.00, real=0.00 secs] 
35.287: [GC (Allocation Failure) [PSYoungGen: 220704K->96K(212992K)] 222516K->1908K(388096K), 0.0005516 secs] [Times: user=0.00 sys=0.00, real=0.00 secs] 
35.364: [GC (Allocation Failure) [PSYoungGen: 212576K->32K(205312K)] 214388K->1844K(380416K), 0.0005317 secs] [Times: user=0.00 sys=0.00, real=0.00 secs] 
35.439: [GC (Allocation Failure) [PSYoungGen: 204832K->32K(197632K)] 206644K->1844K(372736K), 0.0005201 secs] [Times: user=0.00 sys=0.00, real=0.00 secs] 
35.510: [GC (Allocation Failure) [PSYoungGen: 197152K->64K(190464K)] 198964K->1876K(365568K), 0.0005179 secs] [Times: user=0.00 sys=0.00, real=0.00 secs] 
35.578: [GC (Allocation Failure) [PSYoungGen: 190016K->96K(183808K)] 191828K->1908K(358912K), 0.0005547 secs] [Times: user=0.00 sys=0.00, real=0.00 secs] 
35.645: [GC (Allocation Failure) [PSYoungGen: 183392K->64K(177152K)] 185204K->1876K(352256K), 0.0005126 secs] [Times: user=0.00 sys=0.00, real=0.00 secs] 
35.708: [GC (Allocation Failure) [PSYoungGen: 176704K->32K(171008K)] 178516K->1844K(346112K), 0.0004981 secs] [Times: user=0.00 sys=0.00, real=0.00 secs] 
35.767: [GC (Allocation Failure) [PSYoungGen: 170528K->64K(164864K)] 172340K->1876K(339968K), 0.0005144 secs] [Times: user=0.00 sys=0.00, real=0.00 secs] 
35.823: [GC (Allocation Failure) [PSYoungGen: 164416K->32K(159232K)] 166228K->1844K(334336K), 0.0006108 secs] [Times: user=0.01 sys=0.01, real=0.00 secs] 
35.877: [GC (Allocation Failure) [PSYoungGen: 158752K->96K(154112K)] 160564K->1908K(329216K), 0.0005025 secs] [Times: user=0.00 sys=0.00, real=0.00 secs] 
35.930: [GC (Allocation Failure) [PSYoungGen: 153696K->32K(148992K)] 155508K->1844K(324096K), 0.0004909 secs] [Times: user=0.00 sys=0.00, real=0.00 secs] 
35.980: [GC (Allocation Failure) [PSYoungGen: 148512K->96K(143872K)] 150324K->1908K(318976K), 0.0005665 secs] [Times: user=0.00 sys=0.00, real=0.00 secs] 
36.028: [GC (Allocation Failure) [PSYoungGen: 143456K->96K(139264K)] 145268K->1908K(314368K), 0.0005040 secs] [Times: user=0.00 sys=0.00, real=0.00 secs] 
36.076: [GC (Allocation Failure) [PSYoungGen: 138848K->32K(134656K)] 140660K->1844K(309760K), 0.0005198 secs] [Times: user=0.00 sys=0.00, real=0.00 secs] 
36.123: [GC (Allocation Failure) [PSYoungGen: 134176K->32K(130560K)] 135988K->1844K(305664K), 0.0004918 secs] [Times: user=0.01 sys=0.00, real=0.00 secs] 
36.166: [GC (Allocation Failure) [PSYoungGen: 130080K->32K(126464K)] 131892K->1844K(301568K), 0.0005332 secs] [Times: user=0.00 sys=0.00, real=0.00 secs] 
36.208: [GC (Allocation Failure) [PSYoungGen: 125984K->32K(152064K)] 127796K->1844K(327168K), 0.0008775 secs] [Times: user=0.00 sys=0.00, real=0.00 secs] 
36.261: [GC (Allocation Failure) [PSYoungGen: 151584K->96K(182784K)] 153396K->1908K(357888K), 0.0005231 secs] [Times: user=0.00 sys=0.00, real=0.00 secs] 
36.322: [GC (Allocation Failure) [PSYoungGen: 182368K->32K(219648K)] 184180K->1844K(394752K), 0.0011963 secs] [Times: user=0.00 sys=0.00, real=0.00 secs] 
36.398: [GC (Allocation Failure) [PSYoungGen: 219168K->32K(263680K)] 220980K->1844K(438784K), 0.0004947 secs] [Times: user=0.00 sys=0.00, real=0.00 secs] 
36.486: [GC (Allocation Failure) [PSYoungGen: 263200K->32K(253440K)] 265012K->1844K(428544K), 0.0005822 secs] [Times: user=0.00 sys=0.00, real=0.00 secs] 
36.570: [GC (Allocation Failure) [PSYoungGen: 252960K->32K(243712K)] 254772K->1844K(418816K), 0.0004978 secs] [Times: user=0.00 sys=0.00, real=0.00 secs] 
36.652: [GC (Allocation Failure) [PSYoungGen: 243232K->32K(234496K)] 245044K->1844K(409600K), 0.0005642 secs] [Times: user=0.00 sys=0.00, real=0.00 secs] 
36.731: [GC (Allocation Failure) [PSYoungGen: 234016K->32K(225792K)] 235828K->1844K(400896K), 0.0005612 secs] [Times: user=0.01 sys=0.00, real=0.00 secs] 
36.812: [GC (Allocation Failure) [PSYoungGen: 225312K->64K(217088K)] 227124K->1876K(392192K), 0.0005068 secs] [Times: user=0.00 sys=0.00, real=0.00 secs] 
36.891: [GC (Allocation Failure) [PSYoungGen: 216640K->32K(208896K)] 218452K->1844K(384000K), 0.0005171 secs] [Times: user=0.00 sys=0.00, real=0.00 secs] 
36.966: [GC (Allocation Failure) [PSYoungGen: 208416K->64K(201216K)] 210228K->1876K(376320K), 0.0012308 secs] [Times: user=0.01 sys=0.00, real=0.00 secs] 
37.038: [GC (Allocation Failure) [PSYoungGen: 200768K->32K(194048K)] 202580K->1844K(369152K), 0.0005416 secs] [Times: user=0.01 sys=0.00, real=0.00 secs] 
37.107: [GC (Allocation Failure) [PSYoungGen: 193568K->32K(186880K)] 195380K->1844K(361984K), 0.0005104 secs] [Times: user=0.00 sys=0.00, real=0.00 secs] 
37.174: [GC (Allocation Failure) [PSYoungGen: 186400K->64K(180224K)] 188212K->1876K(355328K), 0.0007897 secs] [Times: user=0.00 sys=0.00, real=0.00 secs] 
37.238: [GC (Allocation Failure) [PSYoungGen: 179776K->64K(174080K)] 181588K->1876K(349184K), 0.0009997 secs] [Times: user=0.00 sys=0.00, real=0.00 secs] 
37.301: [GC (Allocation Failure) [PSYoungGen: 173632K->32K(167936K)] 175444K->1844K(343040K), 0.0006574 secs] [Times: user=0.00 sys=0.00, real=0.00 secs] 
37.360: [GC (Allocation Failure) [PSYoungGen: 167456K->64K(162304K)] 169268K->1876K(337408K), 0.0006390 secs] [Times: user=0.00 sys=0.00, real=0.00 secs] 
37.415: [GC (Allocation Failure) [PSYoungGen: 161856K->64K(156672K)] 163668K->1876K(331776K), 0.0005648 secs] [Times: user=0.01 sys=0.00, real=0.00 secs] 
37.473: [GC (Allocation Failure) [PSYoungGen: 156224K->64K(151552K)] 158036K->1876K(326656K), 0.0005375 secs] [Times: user=0.00 sys=0.00, real=0.00 secs] 
37.530: [GC (Allocation Failure) [PSYoungGen: 151104K->32K(146432K)] 152916K->1844K(321536K), 0.0005721 secs] [Times: user=0.00 sys=0.00, real=0.00 secs] 
37.584: [GC (Allocation Failure) [PSYoungGen: 145952K->32K(141824K)] 147764K->1844K(316928K), 0.0005469 secs] [Times: user=0.00 sys=0.00, real=0.00 secs] 
37.637: [GC (Allocation Failure) [PSYoungGen: 141344K->96K(170496K)] 143156K->1908K(345600K), 0.0011870 secs] [Times: user=0.01 sys=0.00, real=0.00 secs] 
37.697: [GC (Allocation Failure) [PSYoungGen: 170080K->32K(204800K)] 171892K->1844K(379904K), 0.0006508 secs] [Times: user=0.01 sys=0.00, real=0.00 secs] 
37.773: [GC (Allocation Failure) [PSYoungGen: 204320K->32K(245760K)] 206132K->1844K(420864K), 0.0009309 secs] [Times: user=0.00 sys=0.00, real=0.00 secs] 
37.868: [GC (Allocation Failure) [PSYoungGen: 245280K->32K(294912K)] 247092K->1844K(470016K), 0.0011085 secs] [Times: user=0.00 sys=0.00, real=0.00 secs] 
37.980: [GC (Allocation Failure) [PSYoungGen: 294432K->32K(283136K)] 296244K->1844K(458240K), 0.0005403 secs] [Times: user=0.00 sys=0.00, real=0.00 secs] 
38.079: [GC (Allocation Failure) [PSYoungGen: 282656K->32K(271872K)] 284468K->1844K(446976K), 0.0005561 secs] [Times: user=0.00 sys=0.01, real=0.00 secs] 
38.175: [GC (Allocation Failure) [PSYoungGen: 271392K->32K(261120K)] 273204K->1844K(436224K), 0.0005380 secs] [Times: user=0.00 sys=0.00, real=0.00 secs] 
38.271: [GC (Allocation Failure) [PSYoungGen: 260640K->32K(250880K)] 262452K->1844K(425984K), 0.0005497 secs] [Times: user=0.00 sys=0.00, real=0.00 secs] 
38.369: [GC (Allocation Failure) [PSYoungGen: 250400K->32K(241152K)] 252212K->1844K(416256K), 0.0005167 secs] [Times: user=0.01 sys=0.00, real=0.00 secs] 
38.456: [GC (Allocation Failure) [PSYoungGen: 240672K->32K(231936K)] 242484K->1844K(407040K), 0.0005212 secs] [Times: user=0.00 sys=0.00, real=0.00 secs] 
38.537: [GC (Allocation Failure) [PSYoungGen: 231456K->32K(223232K)] 233268K->1844K(398336K), 0.0005165 secs] [Times: user=0.00 sys=0.00, real=0.00 secs] 
38.615: [GC (Allocation Failure) [PSYoungGen: 222752K->96K(215040K)] 224564K->1908K(390144K), 0.0005489 secs] [Times: user=0.00 sys=0.00, real=0.00 secs] 
38.692: [GC (Allocation Failure) [PSYoungGen: 214624K->64K(206848K)] 216436K->1876K(381952K), 0.0005299 secs] [Times: user=0.00 sys=0.00, real=0.01 secs] 
38.767: [GC (Allocation Failure) [PSYoungGen: 206400K->96K(199168K)] 208212K->1908K(374272K), 0.0005303 secs] [Times: user=0.00 sys=0.00, real=0.00 secs] 
38.842: [GC (Allocation Failure) [PSYoungGen: 198752K->96K(192000K)] 200564K->1908K(367104K), 0.0011678 secs] [Times: user=0.01 sys=0.00, real=0.01 secs] 
38.916: [GC (Allocation Failure) [PSYoungGen: 191584K->32K(185344K)] 193396K->1844K(360448K), 0.0005372 secs] [Times: user=0.00 sys=0.00, real=0.00 secs] 
38.987: [GC (Allocation Failure) [PSYoungGen: 184864K->64K(178688K)] 186676K->1876K(353792K), 0.0011017 secs] [Times: user=0.00 sys=0.00, real=0.00 secs] 
39.055: [GC (Allocation Failure) [PSYoungGen: 178240K->64K(214528K)] 180052K->1876K(389632K), 0.0010432 secs] [Times: user=0.01 sys=0.00, real=0.00 secs] 
39.137: [GC (Allocation Failure) [PSYoungGen: 214080K->64K(257536K)] 215892K->1876K(432640K), 0.0012245 secs] [Times: user=0.01 sys=0.00, real=0.00 secs] 
39.234: [GC (Allocation Failure) [PSYoungGen: 257088K->32K(247296K)] 258900K->1844K(422400K), 0.0005347 secs] [Times: user=0.00 sys=0.00, real=0.00 secs] 
39.329: [GC (Allocation Failure) [PSYoungGen: 246816K->32K(237568K)] 248628K->1844K(412672K), 0.0005122 secs] [Times: user=0.00 sys=0.00, real=0.00 secs] 
39.425: [GC (Allocation Failure) [PSYoungGen: 237088K->96K(228352K)] 238900K->1908K(403456K), 0.0013200 secs] [Times: user=0.00 sys=0.00, real=0.00 secs] 
39.512: [GC (Allocation Failure) [PSYoungGen: 227936K->32K(219648K)] 229748K->1844K(394752K), 0.0005249 secs] [Times: user=0.00 sys=0.00, real=0.01 secs] 
39.596: [GC (Allocation Failure) [PSYoungGen: 219168K->32K(211456K)] 220980K->1844K(386560K), 0.0006183 secs] [Times: user=0.00 sys=0.00, real=0.00 secs] 
39.680: [GC (Allocation Failure) [PSYoungGen: 210976K->32K(203776K)] 212788K->1844K(378880K), 0.0013900 secs] [Times: user=0.00 sys=0.00, real=0.00 secs] 
39.762: [GC (Allocation Failure) [PSYoungGen: 203296K->32K(244736K)] 205108K->1844K(419840K), 0.0010190 secs] [Times: user=0.00 sys=0.00, real=0.01 secs] 
39.853: [GC (Allocation Failure) [PSYoungGen: 244256K->32K(235520K)] 246068K->1844K(410624K), 0.0005493 secs] [Times: user=0.00 sys=0.00, real=0.00 secs] 
39.936: [GC (Allocation Failure) [PSYoungGen: 235040K->32K(226816K)] 236852K->1844K(401920K), 0.0005458 secs] [Times: user=0.00 sys=0.00, real=0.00 secs] 
40.018: [GC (Allocation Failure) [PSYoungGen: 226336K->64K(218112K)] 228148K->1876K(393216K), 0.0005745 secs] [Times: user=0.00 sys=0.00, real=0.00 secs] 
40.100: [GC (Allocation Failure) [PSYoungGen: 217664K->64K(209920K)] 219476K->1876K(385024K), 0.0005387 secs] [Times: user=0.00 sys=0.00, real=0.00 secs] 
40.184: [GC (Allocation Failure) [PSYoungGen: 209472K->32K(202240K)] 211284K->1844K(377344K), 0.0011451 secs] [Times: user=0.00 sys=0.00, real=0.00 secs] 
40.263: [GC (Allocation Failure) [PSYoungGen: 201760K->96K(195072K)] 203572K->1908K(370176K), 0.0005250 secs] [Times: user=0.00 sys=0.00, real=0.00 secs] 
40.334: [GC (Allocation Failure) [PSYoungGen: 194656K->96K(187904K)] 196468K->1908K(363008K), 0.0011848 secs] [Times: user=0.00 sys=0.00, real=0.00 secs] 
40.412: [GC (Allocation Failure) [PSYoungGen: 187488K->32K(181248K)] 189300K->1860K(356352K), 0.0007476 secs] [Times: user=0.01 sys=0.00, real=0.01 secs] 
40.478: [GC (Allocation Failure) [PSYoungGen: 180768K->32K(175104K)] 182596K->1860K(350208K), 0.0005859 secs] [Times: user=0.00 sys=0.00, real=0.00 secs] 
40.555: [GC (Allocation Failure) [PSYoungGen: 174624K->32K(168960K)] 176452K->1860K(344064K), 0.0005966 secs] [Times: user=0.00 sys=0.00, real=0.00 secs] 
40.620: [GC (Allocation Failure) [PSYoungGen: 168480K->32K(202752K)] 170308K->1860K(377856K), 0.0012090 secs] [Times: user=0.00 sys=0.00, real=0.00 secs] 
40.700: [GC (Allocation Failure) [PSYoungGen: 202272K->32K(195584K)] 204100K->1860K(370688K), 0.0005225 secs] [Times: user=0.00 sys=0.00, real=0.00 secs] 
40.773: [GC (Allocation Failure) [PSYoungGen: 195104K->32K(235008K)] 196932K->1860K(410112K), 0.0019516 secs] [Times: user=0.00 sys=0.00, real=0.00 secs] 
40.885: [GC (Allocation Failure) [PSYoungGen: 234528K->64K(282112K)] 236356K->1892K(457216K), 0.0010261 secs] [Times: user=0.00 sys=0.00, real=0.00 secs] 
40.994: [GC (Allocation Failure) [PSYoungGen: 281664K->32K(338432K)] 283492K->1860K(513536K), 0.0005256 secs] [Times: user=0.00 sys=0.00, real=0.00 secs] 
41.112: [GC (Allocation Failure) [PSYoungGen: 337952K->32K(324608K)] 339780K->1860K(499712K), 0.0005002 secs] [Times: user=0.00 sys=0.00, real=0.01 secs] 
41.230: [GC (Allocation Failure) [PSYoungGen: 324128K->64K(311296K)] 325956K->1892K(486400K), 0.0005676 secs] [Times: user=0.00 sys=0.00, real=0.00 secs] 
41.345: [GC (Allocation Failure) [PSYoungGen: 310848K->64K(298496K)] 312676K->1892K(473600K), 0.0005205 secs] [Times: user=0.00 sys=0.00, real=0.00 secs] 
41.454: [GC (Allocation Failure) [PSYoungGen: 298048K->96K(286720K)] 299876K->1924K(461824K), 0.0005198 secs] [Times: user=0.01 sys=0.00, real=0.00 secs] 
41.557: [GC (Allocation Failure) [PSYoungGen: 286304K->32K(275456K)] 288132K->1860K(450560K), 0.0005914 secs] [Times: user=0.00 sys=0.00, real=0.00 secs] 
41.660: [GC (Allocation Failure) [PSYoungGen: 274976K->32K(264704K)] 276804K->1860K(439808K), 0.0005179 secs] [Times: user=0.00 sys=0.00, real=0.00 secs] 
41.762: [GC (Allocation Failure) [PSYoungGen: 264224K->64K(254464K)] 266052K->1892K(429568K), 0.0013428 secs] [Times: user=0.00 sys=0.00, real=0.01 secs] 
41.857: [GC (Allocation Failure) [PSYoungGen: 254016K->32K(244736K)] 255844K->1860K(419840K), 0.0008121 secs] [Times: user=0.01 sys=0.00, real=0.00 secs] 
41.946: [GC (Allocation Failure) [PSYoungGen: 244256K->32K(235520K)] 246084K->1860K(410624K), 0.0005655 secs] [Times: user=0.00 sys=0.00, real=0.00 secs] 
42.030: [GC (Allocation Failure) [PSYoungGen: 235040K->32K(226816K)] 236868K->1860K(401920K), 0.0005401 secs] [Times: user=0.00 sys=0.00, real=0.00 secs] 
42.111: [GC (Allocation Failure) [PSYoungGen: 226336K->96K(218112K)] 228164K->1924K(393216K), 0.0005240 secs] [Times: user=0.00 sys=0.00, real=0.00 secs] 
42.186: [GC (Allocation Failure) [PSYoungGen: 217696K->32K(209920K)] 219524K->1860K(385024K), 0.0005487 secs] [Times: user=0.00 sys=0.00, real=0.00 secs] 
42.258: [GC (Allocation Failure) [PSYoungGen: 209440K->96K(202240K)] 211268K->1924K(377344K), 0.0005326 secs] [Times: user=0.00 sys=0.00, real=0.00 secs] 
42.327: [GC (Allocation Failure) [PSYoungGen: 201824K->32K(195072K)] 203652K->1860K(370176K), 0.0005440 secs] [Times: user=0.00 sys=0.00, real=0.00 secs] 
42.393: [GC (Allocation Failure) [PSYoungGen: 194592K->32K(187904K)] 196420K->1860K(363008K), 0.0005074 secs] [Times: user=0.00 sys=0.00, real=0.00 secs] 
42.457: [GC (Allocation Failure) [PSYoungGen: 187424K->32K(181248K)] 189252K->1860K(356352K), 0.0005282 secs] [Times: user=0.00 sys=0.00, real=0.00 secs] 
42.519: [GC (Allocation Failure) [PSYoungGen: 180768K->32K(175104K)] 182596K->1860K(350208K), 0.0005312 secs] [Times: user=0.00 sys=0.00, real=0.00 secs] 
42.579: [GC (Allocation Failure) [PSYoungGen: 174624K->96K(168960K)] 176452K->1924K(344064K), 0.0006170 secs] [Times: user=0.00 sys=0.00, real=0.00 secs] 
42.639: [GC (Allocation Failure) [PSYoungGen: 168544K->32K(163328K)] 170372K->1860K(338432K), 0.0005544 secs] [Times: user=0.01 sys=0.00, real=0.00 secs] 
42.696: [GC (Allocation Failure) [PSYoungGen: 162848K->64K(157696K)] 164676K->1892K(332800K), 0.0006169 secs] [Times: user=0.00 sys=0.00, real=0.00 secs] 
42.755: [GC (Allocation Failure) [PSYoungGen: 157248K->96K(152576K)] 159076K->1924K(327680K), 0.0005177 secs] [Times: user=0.00 sys=0.00, real=0.00 secs] 
42.811: [GC (Allocation Failure) [PSYoungGen: 152160K->32K(147456K)] 153988K->1860K(322560K), 0.0005304 secs] [Times: user=0.01 sys=0.00, real=0.00 secs] 
42.863: [GC (Allocation Failure) [PSYoungGen: 146976K->64K(142848K)] 148804K->1892K(317952K), 0.0005821 secs] [Times: user=0.00 sys=0.00, real=0.00 secs] 
42.915: [GC (Allocation Failure) [PSYoungGen: 142400K->96K(138240K)] 144228K->1924K(313344K), 0.0005668 secs] [Times: user=0.00 sys=0.00, real=0.00 secs] 
42.965: [GC (Allocation Failure) [PSYoungGen: 137824K->32K(133632K)] 139652K->1860K(308736K), 0.0005039 secs] [Times: user=0.00 sys=0.00, real=0.00 secs] 
43.015: [GC (Allocation Failure) [PSYoungGen: 133152K->64K(160256K)] 134980K->1892K(335360K), 0.0012506 secs] [Times: user=0.00 sys=0.00, real=0.00 secs] 
43.074: [GC (Allocation Failure) [PSYoungGen: 159808K->32K(192512K)] 161636K->1860K(367616K), 0.0010381 secs] [Times: user=0.01 sys=0.00, real=0.00 secs] 
43.144: [GC (Allocation Failure) [PSYoungGen: 192032K->32K(230912K)] 193860K->1860K(406016K), 0.0005055 secs] [Times: user=0.00 sys=0.00, real=0.00 secs] 
43.225: [GC (Allocation Failure) [PSYoungGen: 230432K->32K(276992K)] 232260K->1860K(452096K), 0.0005263 secs] [Times: user=0.00 sys=0.00, real=0.00 secs] 
43.319: [GC (Allocation Failure) [PSYoungGen: 276512K->32K(266240K)] 278340K->1860K(441344K), 0.0005187 secs] [Times: user=0.00 sys=0.00, real=0.00 secs] 
43.414: [GC (Allocation Failure) [PSYoungGen: 265760K->64K(319488K)] 267588K->1892K(494592K), 0.0013757 secs] [Times: user=0.00 sys=0.00, real=0.00 secs] 
43.540: [GC (Allocation Failure) [PSYoungGen: 319040K->32K(306688K)] 320868K->1860K(481792K), 0.0010061 secs] [Times: user=0.01 sys=0.00, real=0.00 secs] 
43.647: [GC (Allocation Failure) [PSYoungGen: 306206K->32K(294400K)] 308035K->1860K(469504K), 0.0005694 secs] [Times: user=0.00 sys=0.00, real=0.00 secs] 
43.749: [GC (Allocation Failure) [PSYoungGen: 293920K->32K(282624K)] 295748K->1860K(457728K), 0.0006820 secs] [Times: user=0.00 sys=0.00, real=0.00 secs] 
43.846: [GC (Allocation Failure) [PSYoungGen: 282144K->64K(271360K)] 283972K->1892K(446464K), 0.0005262 secs] [Times: user=0.00 sys=0.00, real=0.00 secs] 
43.941: [GC (Allocation Failure) [PSYoungGen: 270908K->32K(260608K)] 272736K->1860K(435712K), 0.0005209 secs] [Times: user=0.00 sys=0.00, real=0.00 secs] 
44.031: [GC (Allocation Failure) [PSYoungGen: 260128K->32K(250368K)] 261956K->1860K(425472K), 0.0005382 secs] [Times: user=0.00 sys=0.00, real=0.00 secs] 
44.118: [GC (Allocation Failure) [PSYoungGen: 249888K->32K(240640K)] 251716K->1860K(415744K), 0.0005323 secs] [Times: user=0.00 sys=0.00, real=0.00 secs] 
44.201: [GC (Allocation Failure) [PSYoungGen: 240160K->32K(231424K)] 241988K->1868K(406528K), 0.0010670 secs] [Times: user=0.00 sys=0.00, real=0.01 secs] 
44.281: [GC (Allocation Failure) [PSYoungGen: 230944K->32K(222720K)] 232780K->1868K(397824K), 0.0005263 secs] [Times: user=0.00 sys=0.00, real=0.00 secs] 
44.358: [GC (Allocation Failure) [PSYoungGen: 222240K->96K(214528K)] 224076K->1932K(389632K), 0.0005308 secs] [Times: user=0.00 sys=0.00, real=0.00 secs] 
44.432: [GC (Allocation Failure) [PSYoungGen: 214112K->96K(206336K)] 215948K->1932K(381440K), 0.0005374 secs] [Times: user=0.00 sys=0.00, real=0.00 secs] 
44.504: [GC (Allocation Failure) [PSYoungGen: 205920K->96K(198656K)] 207756K->1932K(373760K), 0.0005260 secs] [Times: user=0.00 sys=0.00, real=0.00 secs] 
44.575: [GC (Allocation Failure) [PSYoungGen: 198240K->32K(191488K)] 200076K->1868K(366592K), 0.0005726 secs] [Times: user=0.00 sys=0.00, real=0.00 secs] 
44.647: [GC (Allocation Failure) [PSYoungGen: 191008K->32K(184832K)] 192844K->1868K(359936K), 0.0005229 secs] [Times: user=0.00 sys=0.00, real=0.00 secs] 
44.712: [GC (Allocation Failure) [PSYoungGen: 184352K->96K(178176K)] 186188K->1932K(353280K), 0.0005134 secs] [Times: user=0.00 sys=0.00, real=0.00 secs] 
44.775: [GC (Allocation Failure) [PSYoungGen: 177760K->96K(172032K)] 179596K->1932K(347136K), 0.0005261 secs] [Times: user=0.00 sys=0.00, real=0.00 secs] 
44.854: [GC (Allocation Failure) [PSYoungGen: 171616K->96K(165888K)] 173452K->1932K(340992K), 0.0005177 secs] [Times: user=0.00 sys=0.00, real=0.00 secs] 
44.917: [GC (Allocation Failure) [PSYoungGen: 165472K->96K(160256K)] 167308K->1932K(335360K), 0.0005065 secs] [Times: user=0.00 sys=0.00, real=0.00 secs] 
44.975: [GC (Allocation Failure) [PSYoungGen: 159840K->0K(154624K)] 161676K->1836K(329728K), 0.0005173 secs] [Times: user=0.00 sys=0.00, real=0.00 secs] 
45.032: [GC (Allocation Failure) [PSYoungGen: 154112K->32K(149504K)] 155948K->1868K(324608K), 0.0005111 secs] [Times: user=0.00 sys=0.00, real=0.00 secs] 
45.086: [GC (Allocation Failure) [PSYoungGen: 149024K->32K(144384K)] 150860K->1868K(319488K), 0.0007148 secs] [Times: user=0.00 sys=0.00, real=0.00 secs] 
45.138: [GC (Allocation Failure) [PSYoungGen: 143898K->32K(139776K)] 145734K->1868K(314880K), 0.0005328 secs] [Times: user=0.00 sys=0.00, real=0.00 secs] 
45.188: [GC (Allocation Failure) [PSYoungGen: 139296K->32K(135168K)] 141132K->1868K(310272K), 0.0005218 secs] [Times: user=0.00 sys=0.00, real=0.00 secs] 
45.236: [GC (Allocation Failure) [PSYoungGen: 134688K->64K(131072K)] 136524K->1900K(306176K), 0.0005415 secs] [Times: user=0.00 sys=0.00, real=0.00 secs] 
45.282: [GC (Allocation Failure) [PSYoungGen: 130624K->32K(126976K)] 132460K->1868K(302080K), 0.0005277 secs] [Times: user=0.00 sys=0.00, real=0.00 secs] 
45.326: [GC (Allocation Failure) [PSYoungGen: 126496K->32K(122880K)] 128332K->1868K(297984K), 0.0005381 secs] [Times: user=0.00 sys=0.00, real=0.00 secs] 
45.369: [GC (Allocation Failure) [PSYoungGen: 122400K->96K(147456K)] 124236K->1932K(322560K), 0.0005962 secs] [Times: user=0.00 sys=0.00, real=0.00 secs] 
45.420: [GC (Allocation Failure) [PSYoungGen: 147040K->64K(177152K)] 148876K->1900K(352256K), 0.0005188 secs] [Times: user=0.01 sys=0.00, real=0.00 secs] 
45.493: [GC (Allocation Failure) [PSYoungGen: 176704K->96K(171008K)] 178540K->1932K(346112K), 0.0005307 secs] [Times: user=0.00 sys=0.00, real=0.00 secs] 
45.562: [GC (Allocation Failure) [PSYoungGen: 170592K->64K(164864K)] 172428K->1900K(339968K), 0.0006342 secs] [Times: user=0.00 sys=0.00, real=0.01 secs] 
45.645: [GC (Allocation Failure) [PSYoungGen: 164416K->32K(159232K)] 166252K->1868K(334336K), 0.0005162 secs] [Times: user=0.00 sys=0.00, real=0.00 secs] 
45.701: [GC (Allocation Failure) [PSYoungGen: 158752K->32K(190976K)] 160588K->1868K(366080K), 0.0010271 secs] [Times: user=0.00 sys=0.00, real=0.01 secs] 
45.767: [GC (Allocation Failure) [PSYoungGen: 190496K->64K(184320K)] 192332K->1900K(359424K), 0.0005209 secs] [Times: user=0.00 sys=0.00, real=0.00 secs] 
45.830: [GC (Allocation Failure) [PSYoungGen: 183872K->32K(177664K)] 185708K->1868K(352768K), 0.0007647 secs] [Times: user=0.00 sys=0.00, real=0.00 secs] 
45.892: [GC (Allocation Failure) [PSYoungGen: 177184K->32K(171520K)] 179020K->1868K(346624K), 0.0005596 secs] [Times: user=0.00 sys=0.00, real=0.01 secs] 
45.955: [GC (Allocation Failure) [PSYoungGen: 171040K->32K(165376K)] 172876K->1868K(340480K), 0.0005044 secs] [Times: user=0.00 sys=0.00, real=0.00 secs] 
46.016: [GC (Allocation Failure) [PSYoungGen: 164896K->64K(159744K)] 166732K->1900K(334848K), 0.0005620 secs] [Times: user=0.00 sys=0.00, real=0.00 secs] 
46.074: [GC (Allocation Failure) [PSYoungGen: 159296K->96K(154112K)] 161132K->1932K(329216K), 0.0005673 secs] [Times: user=0.00 sys=0.00, real=0.00 secs] 
46.130: [GC (Allocation Failure) [PSYoungGen: 153696K->96K(148992K)] 155532K->1932K(324096K), 0.0005283 secs] [Times: user=0.00 sys=0.00, real=0.00 secs] 
46.181: [GC (Allocation Failure) [PSYoungGen: 148576K->96K(143872K)] 150412K->1932K(318976K), 0.0005220 secs] [Times: user=0.00 sys=0.01, real=0.00 secs] 
46.234: [GC (Allocation Failure) [PSYoungGen: 143456K->96K(139264K)] 145292K->1932K(314368K), 0.0005803 secs] [Times: user=0.01 sys=0.00, real=0.00 secs] 
46.285: [GC (Allocation Failure) [PSYoungGen: 138848K->0K(134656K)] 140684K->1836K(309760K), 0.0005570 secs] [Times: user=0.01 sys=0.00, real=0.00 secs] 
46.334: [GC (Allocation Failure) [PSYoungGen: 134144K->32K(161792K)] 135980K->1868K(336896K), 0.0012515 secs] [Times: user=0.01 sys=0.00, real=0.00 secs] 
46.394: [GC (Allocation Failure) [PSYoungGen: 161312K->32K(194048K)] 163148K->1868K(369152K), 0.0005039 secs] [Times: user=0.00 sys=0.00, real=0.00 secs] 
46.461: [GC (Allocation Failure) [PSYoungGen: 193568K->32K(232960K)] 195404K->1868K(408064K), 0.0005062 secs] [Times: user=0.00 sys=0.00, real=0.00 secs] 
46.540: [GC (Allocation Failure) [PSYoungGen: 232480K->96K(224256K)] 234316K->1932K(399360K), 0.0005439 secs] [Times: user=0.00 sys=0.00, real=0.00 secs] 
46.618: [GC (Allocation Failure) [PSYoungGen: 223840K->32K(216064K)] 225676K->1868K(391168K), 0.0005162 secs] [Times: user=0.00 sys=0.00, real=0.00 secs] 
46.693: [GC (Allocation Failure) [PSYoungGen: 215584K->32K(259584K)] 217420K->1868K(434688K), 0.0012440 secs] [Times: user=0.00 sys=0.00, real=0.00 secs] 
46.788: [GC (Allocation Failure) [PSYoungGen: 259104K->32K(249344K)] 260940K->1868K(424448K), 0.0005842 secs] [Times: user=0.01 sys=0.00, real=0.00 secs] 
46.877: [GC (Allocation Failure) [PSYoungGen: 248864K->96K(239616K)] 250700K->1932K(414720K), 0.0005146 secs] [Times: user=0.00 sys=0.00, real=0.00 secs] 
46.959: [GC (Allocation Failure) [PSYoungGen: 239200K->32K(230400K)] 241036K->1868K(405504K), 0.0005653 secs] [Times: user=0.01 sys=0.00, real=0.00 secs] 
47.037: [GC (Allocation Failure) [PSYoungGen: 229920K->32K(221696K)] 231756K->1868K(396800K), 0.0005517 secs] [Times: user=0.00 sys=0.00, real=0.00 secs] 
47.114: [GC (Allocation Failure) [PSYoungGen: 221216K->32K(213504K)] 223052K->1868K(388608K), 0.0005419 secs] [Times: user=0.00 sys=0.00, real=0.00 secs] 
47.186: [GC (Allocation Failure) [PSYoungGen: 213024K->32K(205824K)] 214860K->1868K(380928K), 0.0005237 secs] [Times: user=0.00 sys=0.00, real=0.00 secs] 
47.256: [GC (Allocation Failure) [PSYoungGen: 205344K->96K(198144K)] 207180K->1932K(373248K), 0.0005294 secs] [Times: user=0.00 sys=0.00, real=0.00 secs] 
47.325: [GC (Allocation Failure) [PSYoungGen: 197728K->32K(190976K)] 199564K->1868K(366080K), 0.0005256 secs] [Times: user=0.00 sys=0.00, real=0.00 secs] 
47.391: [GC (Allocation Failure) [PSYoungGen: 190496K->0K(184320K)] 192332K->1836K(359424K), 0.0005576 secs] [Times: user=0.00 sys=0.00, real=0.00 secs] 
47.453: [GC (Allocation Failure) [PSYoungGen: 183808K->32K(177664K)] 185644K->1868K(352768K), 0.0005064 secs] [Times: user=0.00 sys=0.00, real=0.00 secs] 
47.514: [GC (Allocation Failure) [PSYoungGen: 177184K->96K(171520K)] 179020K->1932K(346624K), 0.0005450 secs] [Times: user=0.00 sys=0.00, real=0.00 secs] 
47.573: [GC (Allocation Failure) [PSYoungGen: 171104K->64K(165376K)] 172940K->1900K(340480K), 0.0005187 secs] [Times: user=0.00 sys=0.00, real=0.00 secs] 
47.632: [GC (Allocation Failure) [PSYoungGen: 164928K->96K(159744K)] 166764K->1932K(334848K), 0.0005189 secs] [Times: user=0.00 sys=0.00, real=0.01 secs] 
47.688: [GC (Allocation Failure) [PSYoungGen: 159328K->32K(154112K)] 161164K->1868K(329216K), 0.0005264 secs] [Times: user=0.01 sys=0.01, real=0.00 secs] 
47.744: [GC (Allocation Failure) [PSYoungGen: 153632K->32K(148992K)] 155468K->1868K(324096K), 0.0005261 secs] [Times: user=0.00 sys=0.00, real=0.00 secs] 
47.797: [GC (Allocation Failure) [PSYoungGen: 148512K->96K(143872K)] 150348K->1932K(318976K), 0.0005879 secs] [Times: user=0.00 sys=0.00, real=0.00 secs] 
47.847: [GC (Allocation Failure) [PSYoungGen: 143456K->32K(139264K)] 145292K->1868K(314368K), 0.0005035 secs] [Times: user=0.00 sys=0.00, real=0.00 secs] 
47.895: [GC (Allocation Failure) [PSYoungGen: 138784K->64K(134656K)] 140620K->1900K(309760K), 0.0005575 secs] [Times: user=0.00 sys=0.00, real=0.00 secs] 
47.941: [GC (Allocation Failure) [PSYoungGen: 134208K->96K(130560K)] 136044K->1932K(305664K), 0.0005052 secs] [Times: user=0.00 sys=0.00, real=0.00 secs] 
47.986: [GC (Allocation Failure) [PSYoungGen: 130144K->96K(126464K)] 131980K->1932K(301568K), 0.0005085 secs] [Times: user=0.00 sys=0.00, real=0.00 secs] 
48.029: [GC (Allocation Failure) [PSYoungGen: 126048K->96K(122368K)] 127884K->1932K(297472K), 0.0005264 secs] [Times: user=0.00 sys=0.00, real=0.00 secs] 
48.070: [GC (Allocation Failure) [PSYoungGen: 121952K->32K(146944K)] 123788K->1868K(322048K), 0.0005225 secs] [Times: user=0.01 sys=0.00, real=0.00 secs] 
48.119: [GC (Allocation Failure) [PSYoungGen: 146464K->32K(142336K)] 148300K->1868K(317440K), 0.0004935 secs] [Times: user=0.00 sys=0.00, real=0.00 secs] 
48.169: [GC (Allocation Failure) [PSYoungGen: 141856K->32K(137728K)] 143692K->1868K(312832K), 0.0004845 secs] [Times: user=0.00 sys=0.00, real=0.00 secs] 
48.215: [GC (Allocation Failure) [PSYoungGen: 137248K->32K(165376K)] 139084K->1868K(340480K), 0.0006419 secs] [Times: user=0.00 sys=0.00, real=0.00 secs] 
48.270: [GC (Allocation Failure) [PSYoungGen: 164896K->96K(159744K)] 166732K->1932K(334848K), 0.0005267 secs] [Times: user=0.00 sys=0.00, real=0.00 secs] 
48.324: [GC (Allocation Failure) [PSYoungGen: 159328K->64K(154112K)] 161164K->1900K(329216K), 0.0005140 secs] [Times: user=0.00 sys=0.00, real=0.00 secs] 
48.377: [GC (Allocation Failure) [PSYoungGen: 153664K->32K(148992K)] 155500K->1868K(324096K), 0.0004990 secs] [Times: user=0.00 sys=0.00, real=0.00 secs] 
48.431: [GC (Allocation Failure) [PSYoungGen: 148512K->96K(143872K)] 150348K->1932K(318976K), 0.0005009 secs] [Times: user=0.00 sys=0.00, real=0.00 secs] 
48.481: [GC (Allocation Failure) [PSYoungGen: 143456K->32K(172544K)] 145292K->1868K(347648K), 0.0011208 secs] [Times: user=0.01 sys=0.00, real=0.01 secs] 
48.543: [GC (Allocation Failure) [PSYoungGen: 172064K->32K(207360K)] 173900K->1868K(382464K), 0.0005509 secs] [Times: user=0.01 sys=0.00, real=0.00 secs] 
48.616: [GC (Allocation Failure) [PSYoungGen: 206880K->32K(199680K)] 208716K->1868K(374784K), 0.0004979 secs] [Times: user=0.00 sys=0.00, real=0.00 secs] 
48.683: [GC (Allocation Failure) [PSYoungGen: 199200K->32K(192512K)] 201036K->1868K(367616K), 0.0005190 secs] [Times: user=0.00 sys=0.00, real=0.00 secs] 
48.747: [GC (Allocation Failure) [PSYoungGen: 192032K->96K(185856K)] 193868K->1932K(360960K), 0.0005165 secs] [Times: user=0.00 sys=0.00, real=0.00 secs] 
48.809: [GC (Allocation Failure) [PSYoungGen: 185440K->32K(179200K)] 187276K->1868K(354304K), 0.0004951 secs] [Times: user=0.00 sys=0.00, real=0.00 secs] 
48.872: [GC (Allocation Failure) [PSYoungGen: 178720K->32K(215040K)] 180556K->1868K(390144K), 0.0010472 secs] [Times: user=0.00 sys=0.01, real=0.01 secs] 
48.950: [GC (Allocation Failure) [PSYoungGen: 214560K->96K(206848K)] 216396K->1932K(381952K), 0.0005565 secs] [Times: user=0.00 sys=0.00, real=0.00 secs] 
49.022: [GC (Allocation Failure) [PSYoungGen: 206432K->128K(199168K)] 208268K->1964K(374272K), 0.0006144 secs] [Times: user=0.00 sys=0.00, real=0.00 secs] 
49.093: [GC (Allocation Failure) [PSYoungGen: 198784K->32K(192000K)] 200620K->1868K(367104K), 0.0005129 secs] [Times: user=0.00 sys=0.00, real=0.00 secs] 
49.162: [GC (Allocation Failure) [PSYoungGen: 191520K->64K(185344K)] 193356K->1900K(360448K), 0.0005280 secs] [Times: user=0.00 sys=0.00, real=0.01 secs] 
49.228: [GC (Allocation Failure) [PSYoungGen: 184896K->32K(178688K)] 186732K->1868K(353792K), 0.0005030 secs] [Times: user=0.00 sys=0.00, real=0.00 secs] 
49.291: [GC (Allocation Failure) [PSYoungGen: 178208K->64K(172544K)] 180044K->1900K(347648K), 0.0005244 secs] [Times: user=0.00 sys=0.00, real=0.00 secs] 
49.350: [GC (Allocation Failure) [PSYoungGen: 172096K->32K(166400K)] 173932K->1868K(341504K), 0.0009191 secs] [Times: user=0.00 sys=0.00, real=0.00 secs] 
49.411: [GC (Allocation Failure) [PSYoungGen: 165920K->32K(160768K)] 167756K->1868K(335872K), 0.0005288 secs] [Times: user=0.00 sys=0.00, real=0.00 secs] 
49.466: [GC (Allocation Failure) [PSYoungGen: 160288K->32K(155136K)] 162124K->1868K(330240K), 0.0004983 secs] [Times: user=0.00 sys=0.00, real=0.00 secs] 
49.519: [GC (Allocation Failure) [PSYoungGen: 154656K->32K(150016K)] 156492K->1868K(325120K), 0.0005155 secs] [Times: user=0.00 sys=0.00, real=0.00 secs] 
49.569: [GC (Allocation Failure) [PSYoungGen: 149536K->96K(144896K)] 151372K->1932K(320000K), 0.0005657 secs] [Times: user=0.00 sys=0.00, real=0.00 secs] 
49.618: [GC (Allocation Failure) [PSYoungGen: 144480K->96K(140288K)] 146316K->1932K(315392K), 0.0005043 secs] [Times: user=0.00 sys=0.00, real=0.00 secs] 
49.665: [GC (Allocation Failure) [PSYoungGen: 139872K->32K(135680K)] 141708K->1868K(310784K), 0.0005122 secs] [Times: user=0.00 sys=0.00, real=0.00 secs] 
49.710: [GC (Allocation Failure) [PSYoungGen: 135200K->64K(131584K)] 137036K->1900K(306688K), 0.0005189 secs] [Times: user=0.00 sys=0.00, real=0.00 secs] 
49.754: [GC (Allocation Failure) [PSYoungGen: 131136K->32K(127488K)] 132972K->1868K(302592K), 0.0005447 secs] [Times: user=0.00 sys=0.00, real=0.00 secs] 
49.799: [GC (Allocation Failure) [PSYoungGen: 127008K->32K(153088K)] 128844K->1868K(328192K), 0.0005236 secs] [Times: user=0.00 sys=0.00, real=0.00 secs] 
49.852: [GC (Allocation Failure) [PSYoungGen: 152608K->32K(147968K)] 154444K->1868K(323072K), 0.0005709 secs] [Times: user=0.01 sys=0.00, real=0.01 secs] 
49.904: [GC (Allocation Failure) [PSYoungGen: 147488K->96K(143360K)] 149324K->1932K(318464K), 0.0005261 secs] [Times: user=0.00 sys=0.00, real=0.00 secs] 
49.953: [GC (Allocation Failure) [PSYoungGen: 142944K->32K(138752K)] 144780K->1868K(313856K), 0.0005218 secs] [Times: user=0.01 sys=0.00, real=0.00 secs] 
50.002: [GC (Allocation Failure) [PSYoungGen: 138272K->32K(134144K)] 140108K->1868K(309248K), 0.0005347 secs] [Times: user=0.00 sys=0.00, real=0.01 secs] 
50.049: [GC (Allocation Failure) [PSYoungGen: 133664K->96K(130048K)] 135500K->1932K(305152K), 0.0005132 secs] [Times: user=0.00 sys=0.00, real=0.00 secs] 
50.092: [GC (Allocation Failure) [PSYoungGen: 129632K->32K(156160K)] 131468K->1868K(331264K), 0.0007393 secs] [Times: user=0.00 sys=0.00, real=0.00 secs] 
50.146: [GC (Allocation Failure) [PSYoungGen: 155680K->96K(187392K)] 157516K->1932K(362496K), 0.0005173 secs] [Times: user=0.00 sys=0.00, real=0.00 secs] 
50.214: [GC (Allocation Failure) [PSYoungGen: 186976K->32K(180736K)] 188812K->1868K(355840K), 0.0005551 secs] [Times: user=0.00 sys=0.00, real=0.00 secs] 
50.277: [GC (Allocation Failure) [PSYoungGen: 180256K->32K(174592K)] 182092K->1868K(349696K), 0.0004952 secs] [Times: user=0.00 sys=0.00, real=0.00 secs] 
50.339: [GC (Allocation Failure) [PSYoungGen: 174112K->96K(168448K)] 175948K->1932K(343552K), 0.0005681 secs] [Times: user=0.00 sys=0.00, real=0.00 secs] 
50.398: [GC (Allocation Failure) [PSYoungGen: 168032K->32K(162816K)] 169868K->1892K(337920K), 0.0006037 secs] [Times: user=0.00 sys=0.00, real=0.00 secs] 
50.454: [GC (Allocation Failure) [PSYoungGen: 162336K->64K(157184K)] 164196K->1924K(332288K), 0.0005492 secs] [Times: user=0.00 sys=0.00, real=0.00 secs] 
50.507: [GC (Allocation Failure) [PSYoungGen: 156736K->64K(152064K)] 158596K->1924K(327168K), 0.0005544 secs] [Times: user=0.01 sys=0.00, real=0.00 secs] 
50.557: [GC (Allocation Failure) [PSYoungGen: 151616K->96K(146944K)] 153476K->1956K(322048K), 0.0005677 secs] [Times: user=0.01 sys=0.00, real=0.00 secs] 
50.606: [GC (Allocation Failure) [PSYoungGen: 146528K->32K(142336K)] 148388K->1892K(317440K), 0.0005521 secs] [Times: user=0.00 sys=0.00, real=0.00 secs] 
50.654: [GC (Allocation Failure) [PSYoungGen: 141856K->32K(137728K)] 143716K->1892K(312832K), 0.0005193 secs] [Times: user=0.00 sys=0.00, real=0.00 secs] 
50.700: [GC (Allocation Failure) [PSYoungGen: 137248K->96K(133120K)] 139108K->1956K(308224K), 0.0005189 secs] [Times: user=0.00 sys=0.00, real=0.00 secs] 
50.745: [GC (Allocation Failure) [PSYoungGen: 132704K->96K(159744K)] 134564K->1956K(334848K), 0.0005866 secs] [Times: user=0.00 sys=0.00, real=0.00 secs] 
50.800: [GC (Allocation Failure) [PSYoungGen: 159328K->96K(154112K)] 161188K->1956K(329216K), 0.0005314 secs] [Times: user=0.00 sys=0.00, real=0.00 secs] 
50.854: [GC (Allocation Failure) [PSYoungGen: 153696K->64K(148992K)] 155556K->1924K(324096K), 0.0005508 secs] [Times: user=0.00 sys=0.00, real=0.00 secs] 
50.906: [GC (Allocation Failure) [PSYoungGen: 148544K->96K(143872K)] 150404K->1956K(318976K), 0.0005830 secs] [Times: user=0.00 sys=0.00, real=0.00 secs] 
50.956: [GC (Allocation Failure) [PSYoungGen: 143456K->96K(139264K)] 145316K->1956K(314368K), 0.0005491 secs] [Times: user=0.00 sys=0.00, real=0.00 secs] 
51.005: [GC (Allocation Failure) [PSYoungGen: 138848K->32K(134656K)] 140708K->1892K(309760K), 0.0005560 secs] [Times: user=0.00 sys=0.00, real=0.00 secs] 
51.052: [GC (Allocation Failure) [PSYoungGen: 134176K->64K(161792K)] 136036K->1924K(336896K), 0.0005922 secs] [Times: user=0.00 sys=0.00, real=0.00 secs] 
51.109: [GC (Allocation Failure) [PSYoungGen: 161344K->64K(156160K)] 163204K->1924K(331264K), 0.0005784 secs] [Times: user=0.00 sys=0.00, real=0.00 secs] 
51.164: [GC (Allocation Failure) [PSYoungGen: 155712K->32K(151040K)] 157572K->1892K(326144K), 0.0005224 secs] [Times: user=0.00 sys=0.00, real=0.00 secs] 
51.217: [GC (Allocation Failure) [PSYoungGen: 150560K->96K(145920K)] 152420K->1956K(321024K), 0.0005462 secs] [Times: user=0.00 sys=0.00, real=0.00 secs] 
51.268: [GC (Allocation Failure) [PSYoungGen: 145504K->32K(141312K)] 147364K->1892K(316416K), 0.0005329 secs] [Times: user=0.00 sys=0.00, real=0.00 secs] 
51.318: [GC (Allocation Failure) [PSYoungGen: 140832K->32K(136704K)] 142692K->1892K(311808K), 0.0005439 secs] [Times: user=0.00 sys=0.00, real=0.00 secs] 
51.366: [GC (Allocation Failure) [PSYoungGen: 136224K->32K(164352K)] 138084K->1892K(339456K), 0.0006237 secs] [Times: user=0.00 sys=0.01, real=0.00 secs] 
51.424: [GC (Allocation Failure) [PSYoungGen: 163872K->96K(158720K)] 165732K->1956K(333824K), 0.0005438 secs] [Times: user=0.00 sys=0.00, real=0.00 secs] 
51.479: [GC (Allocation Failure) [PSYoungGen: 158304K->32K(153600K)] 160164K->1892K(328704K), 0.0005208 secs] [Times: user=0.00 sys=0.00, real=0.00 secs] 
51.533: [GC (Allocation Failure) [PSYoungGen: 153120K->32K(148480K)] 154980K->1892K(323584K), 0.0005548 secs] [Times: user=0.00 sys=0.00, real=0.00 secs] 
51.585: [GC (Allocation Failure) [PSYoungGen: 148000K->96K(143360K)] 149860K->1956K(318464K), 0.0005956 secs] [Times: user=0.00 sys=0.00, real=0.00 secs] 
51.637: [GC (Allocation Failure) [PSYoungGen: 142944K->96K(138752K)] 144804K->1956K(313856K), 0.0005463 secs] [Times: user=0.00 sys=0.00, real=0.00 secs] 
51.685: [GC (Allocation Failure) [PSYoungGen: 138336K->32K(134144K)] 140196K->1892K(309248K), 0.0005249 secs] [Times: user=0.00 sys=0.00, real=0.00 secs] 
51.733: [GC (Allocation Failure) [PSYoungGen: 133664K->32K(130048K)] 135524K->1892K(305152K), 0.0005397 secs] [Times: user=0.00 sys=0.00, real=0.00 secs] 
51.779: [GC (Allocation Failure) [PSYoungGen: 129568K->96K(156160K)] 131428K->1956K(331264K), 0.0005818 secs] [Times: user=0.01 sys=0.00, real=0.00 secs] 
51.833: [GC (Allocation Failure) [PSYoungGen: 155744K->32K(151040K)] 157604K->1892K(326144K), 0.0005393 secs] [Times: user=0.00 sys=0.00, real=0.00 secs] 
51.889: [GC (Allocation Failure) [PSYoungGen: 150560K->96K(145920K)] 152420K->1956K(321024K), 0.0005366 secs] [Times: user=0.01 sys=0.00, real=0.00 secs] 
51.940: [GC (Allocation Failure) [PSYoungGen: 145504K->96K(141312K)] 147364K->1956K(316416K), 0.0005402 secs] [Times: user=0.00 sys=0.00, real=0.00 secs] 
51.990: [GC (Allocation Failure) [PSYoungGen: 140896K->32K(136704K)] 142756K->1892K(311808K), 0.0005187 secs] [Times: user=0.00 sys=0.00, real=0.00 secs] 
52.038: [GC (Allocation Failure) [PSYoungGen: 136224K->96K(132608K)] 138084K->1956K(307712K), 0.0005878 secs] [Times: user=0.01 sys=0.00, real=0.00 secs] 
52.084: [GC (Allocation Failure) [PSYoungGen: 132192K->32K(159232K)] 134052K->1892K(334336K), 0.0005654 secs] [Times: user=0.00 sys=0.00, real=0.00 secs] 
52.140: [GC (Allocation Failure) [PSYoungGen: 158752K->96K(154112K)] 160612K->1956K(329216K), 0.0005385 secs] [Times: user=0.00 sys=0.00, real=0.00 secs] 
52.211: [GC (Allocation Failure) [PSYoungGen: 153696K->32K(148992K)] 155556K->1892K(324096K), 0.0015333 secs] [Times: user=0.00 sys=0.00, real=0.01 secs] 
52.269: [GC (Allocation Failure) [PSYoungGen: 148512K->32K(143872K)] 150372K->1892K(318976K), 0.0005180 secs] [Times: user=0.00 sys=0.00, real=0.00 secs] 
52.324: [GC (Allocation Failure) [PSYoungGen: 143392K->96K(139264K)] 145252K->1956K(314368K), 0.0005497 secs] [Times: user=0.00 sys=0.00, real=0.00 secs] 
52.375: [GC (Allocation Failure) [PSYoungGen: 138848K->32K(134656K)] 140708K->1892K(309760K), 0.0005310 secs] [Times: user=0.00 sys=0.00, real=0.00 secs] 
52.424: [GC (Allocation Failure) [PSYoungGen: 134176K->32K(130560K)] 136036K->1892K(305664K), 0.0005571 secs] [Times: user=0.00 sys=0.00, real=0.00 secs] 
52.471: [GC (Allocation Failure) [PSYoungGen: 130080K->32K(126464K)] 131940K->1892K(301568K), 0.0005250 secs] [Times: user=0.00 sys=0.00, real=0.00 secs] 
52.521: [GC (Allocation Failure) [PSYoungGen: 125984K->32K(152064K)] 127844K->1892K(327168K), 0.0017436 secs] [Times: user=0.00 sys=0.00, real=0.01 secs] 
52.577: [GC (Allocation Failure) [PSYoungGen: 151584K->64K(182784K)] 153444K->1924K(357888K), 0.0005498 secs] [Times: user=0.00 sys=0.00, real=0.00 secs] 
52.643: [GC (Allocation Failure) [PSYoungGen: 182336K->32K(219648K)] 184196K->1892K(394752K), 0.0005543 secs] [Times: user=0.00 sys=0.00, real=0.00 secs] 
52.719: [GC (Allocation Failure) [PSYoungGen: 219168K->32K(263680K)] 221028K->1892K(438784K), 0.0005104 secs] [Times: user=0.00 sys=0.00, real=0.00 secs] 
52.810: [GC (Allocation Failure) [PSYoungGen: 263200K->32K(316416K)] 265060K->1892K(491520K), 0.0010399 secs] [Times: user=0.00 sys=0.00, real=0.00 secs] 
52.917: [GC (Allocation Failure) [PSYoungGen: 315936K->96K(303616K)] 317796K->1956K(478720K), 0.0005712 secs] [Times: user=0.00 sys=0.00, real=0.00 secs] 
53.020: [GC (Allocation Failure) [PSYoungGen: 303200K->32K(291328K)] 305060K->1892K(466432K), 0.0005847 secs] [Times: user=0.00 sys=0.00, real=0.00 secs] 
53.119: [GC (Allocation Failure) [PSYoungGen: 290848K->96K(279552K)] 292708K->1956K(454656K), 0.0005555 secs] [Times: user=0.00 sys=0.00, real=0.00 secs] 
53.215: [GC (Allocation Failure) [PSYoungGen: 279136K->96K(268288K)] 280996K->1956K(443392K), 0.0005537 secs] [Times: user=0.01 sys=0.00, real=0.00 secs] 
53.305: [GC (Allocation Failure) [PSYoungGen: 267872K->32K(257536K)] 269732K->1892K(432640K), 0.0005480 secs] [Times: user=0.00 sys=0.00, real=0.00 secs] 
53.392: [GC (Allocation Failure) [PSYoungGen: 257056K->96K(247296K)] 258916K->1956K(422400K), 0.0005277 secs] [Times: user=0.00 sys=0.00, real=0.00 secs] 
53.483: [GC (Allocation Failure) [PSYoungGen: 246880K->32K(237568K)] 248740K->1892K(412672K), 0.0005350 secs] [Times: user=0.00 sys=0.00, real=0.00 secs] 
53.565: [GC (Allocation Failure) [PSYoungGen: 237088K->32K(228352K)] 238948K->1892K(403456K), 0.0005506 secs] [Times: user=0.00 sys=0.00, real=0.00 secs] 
53.646: [GC (Allocation Failure) [PSYoungGen: 227872K->96K(219648K)] 229732K->1956K(394752K), 0.0005789 secs] [Times: user=0.00 sys=0.00, real=0.00 secs] 
53.722: [GC (Allocation Failure) [PSYoungGen: 219232K->96K(211456K)] 221092K->1956K(386560K), 0.0004890 secs] [Times: user=0.00 sys=0.00, real=0.00 secs] 
53.795: [GC (Allocation Failure) [PSYoungGen: 211040K->96K(203776K)] 212900K->1956K(378880K), 0.0005349 secs] [Times: user=0.00 sys=0.00, real=0.00 secs] 
53.865: [GC (Allocation Failure) [PSYoungGen: 203360K->64K(196096K)] 205220K->1924K(371200K), 0.0005428 secs] [Times: user=0.00 sys=0.00, real=0.00 secs] 
53.933: [GC (Allocation Failure) [PSYoungGen: 195648K->96K(188928K)] 197508K->1956K(364032K), 0.0005371 secs] [Times: user=0.00 sys=0.00, real=0.00 secs] 
53.999: [GC (Allocation Failure) [PSYoungGen: 188512K->96K(182272K)] 190372K->1956K(357376K), 0.0005313 secs] [Times: user=0.00 sys=0.00, real=0.00 secs] 
54.062: [GC (Allocation Failure) [PSYoungGen: 181856K->96K(175616K)] 183716K->1956K(350720K), 0.0005235 secs] [Times: user=0.00 sys=0.00, real=0.01 secs] 
54.122: [GC (Allocation Failure) [PSYoungGen: 175200K->64K(169472K)] 177060K->1924K(344576K), 0.0011255 secs] [Times: user=0.00 sys=0.00, real=0.01 secs] 
54.180: [GC (Allocation Failure) [PSYoungGen: 169024K->96K(163840K)] 170884K->1956K(338944K), 0.0005331 secs] [Times: user=0.00 sys=0.00, real=0.00 secs] 
54.237: [GC (Allocation Failure) [PSYoungGen: 163424K->64K(158208K)] 165284K->1924K(333312K), 0.0005152 secs] [Times: user=0.00 sys=0.00, real=0.00 secs] 
54.290: [GC (Allocation Failure) [PSYoungGen: 157760K->32K(153088K)] 159620K->1892K(328192K), 0.0005351 secs] [Times: user=0.01 sys=0.00, real=0.00 secs] 
54.341: [GC (Allocation Failure) [PSYoungGen: 152608K->96K(147968K)] 154468K->1956K(323072K), 0.0005304 secs] [Times: user=0.00 sys=0.00, real=0.01 secs] 
54.391: [GC (Allocation Failure) [PSYoungGen: 147552K->96K(143360K)] 149412K->1956K(318464K), 0.0005107 secs] [Times: user=0.00 sys=0.00, real=0.00 secs] 
54.438: [GC (Allocation Failure) [PSYoungGen: 142944K->32K(138752K)] 144804K->1892K(313856K), 0.0005554 secs] [Times: user=0.01 sys=0.00, real=0.00 secs] 
54.487: [GC (Allocation Failure) [PSYoungGen: 138272K->96K(134144K)] 140132K->1956K(309248K), 0.0005237 secs] [Times: user=0.00 sys=0.00, real=0.00 secs] 
54.532: [GC (Allocation Failure) [PSYoungGen: 133728K->96K(130048K)] 135588K->1956K(305152K), 0.0005198 secs] [Times: user=0.00 sys=0.00, real=0.01 secs] 
54.578: [GC (Allocation Failure) [PSYoungGen: 129632K->32K(156160K)] 131492K->1892K(331264K), 0.0009274 secs] [Times: user=0.01 sys=0.00, real=0.00 secs] 
54.634: [GC (Allocation Failure) [PSYoungGen: 155680K->96K(187392K)] 157540K->1956K(362496K), 0.0006113 secs] [Times: user=0.00 sys=0.00, real=0.00 secs] 
54.697: [GC (Allocation Failure) [PSYoungGen: 186976K->32K(224768K)] 188836K->1892K(399872K), 0.0005598 secs] [Times: user=0.00 sys=0.00, real=0.00 secs] 
54.772: [GC (Allocation Failure) [PSYoungGen: 224288K->32K(216576K)] 226148K->1892K(391680K), 0.0005737 secs] [Times: user=0.00 sys=0.00, real=0.01 secs] 
54.843: [GC (Allocation Failure) [PSYoungGen: 216096K->32K(208384K)] 217956K->1892K(383488K), 0.0005434 secs] [Times: user=0.00 sys=0.00, real=0.00 secs] 
54.913: [GC (Allocation Failure) [PSYoungGen: 207904K->64K(200704K)] 209764K->1924K(375808K), 0.0005791 secs] [Times: user=0.00 sys=0.00, real=0.00 secs] 
54.979: [GC (Allocation Failure) [PSYoungGen: 200256K->32K(193536K)] 202116K->1892K(368640K), 0.0004986 secs] [Times: user=0.00 sys=0.00, real=0.00 secs] 
55.045: [GC (Allocation Failure) [PSYoungGen: 193056K->32K(186368K)] 194916K->1892K(361472K), 0.0005597 secs] [Times: user=0.00 sys=0.00, real=0.00 secs] 
55.106: [GC (Allocation Failure) [PSYoungGen: 185888K->96K(179712K)] 187748K->1956K(354816K), 0.0005561 secs] [Times: user=0.00 sys=0.00, real=0.00 secs] 
55.166: [GC (Allocation Failure) [PSYoungGen: 179296K->32K(173568K)] 181156K->1892K(348672K), 0.0005148 secs] [Times: user=0.00 sys=0.00, real=0.00 secs] 
55.224: [GC (Allocation Failure) [PSYoungGen: 173088K->96K(167424K)] 174948K->1956K(342528K), 0.0005250 secs] [Times: user=0.00 sys=0.00, real=0.00 secs] 
55.279: [GC (Allocation Failure) [PSYoungGen: 167008K->32K(161792K)] 168868K->1892K(336896K), 0.0005787 secs] [Times: user=0.00 sys=0.00, real=0.00 secs] 
55.333: [GC (Allocation Failure) [PSYoungGen: 161312K->32K(156160K)] 163172K->1892K(331264K), 0.0005323 secs] [Times: user=0.00 sys=0.00, real=0.00 secs] 
55.384: [GC (Allocation Failure) [PSYoungGen: 155680K->32K(151040K)] 157540K->1892K(326144K), 0.0005257 secs] [Times: user=0.00 sys=0.00, real=0.00 secs] 
55.434: [GC (Allocation Failure) [PSYoungGen: 150560K->64K(145920K)] 152420K->1924K(321024K), 0.0005613 secs] [Times: user=0.00 sys=0.00, real=0.00 secs] 
55.483: [GC (Allocation Failure) [PSYoungGen: 145471K->32K(141312K)] 147331K->1892K(316416K), 0.0007128 secs] [Times: user=0.00 sys=0.00, real=0.00 secs] 
55.531: [GC (Allocation Failure) [PSYoungGen: 140832K->32K(136704K)] 142692K->1892K(311808K), 0.0004998 secs] [Times: user=0.00 sys=0.00, real=0.00 secs] 
55.576: [GC (Allocation Failure) [PSYoungGen: 136224K->64K(164352K)] 138084K->1924K(339456K), 0.0005696 secs] [Times: user=0.00 sys=0.00, real=0.00 secs] 
55.633: [GC (Allocation Failure) [PSYoungGen: 163904K->96K(158720K)] 165764K->1956K(333824K), 0.0005230 secs] [Times: user=0.00 sys=0.00, real=0.00 secs] 
55.686: [GC (Allocation Failure) [PSYoungGen: 158304K->96K(153600K)] 160164K->1956K(328704K), 0.0005617 secs] [Times: user=0.00 sys=0.00, real=0.00 secs] 
55.737: [GC (Allocation Failure) [PSYoungGen: 153184K->32K(148480K)] 155044K->1892K(323584K), 0.0005396 secs] [Times: user=0.00 sys=0.00, real=0.00 secs] 
55.788: [GC (Allocation Failure) [PSYoungGen: 148000K->96K(143360K)] 149860K->1956K(318464K), 0.0005089 secs] [Times: user=0.00 sys=0.00, real=0.00 secs] 
55.836: [GC (Allocation Failure) [PSYoungGen: 142944K->64K(138752K)] 144804K->1924K(313856K), 0.0005688 secs] [Times: user=0.00 sys=0.00, real=0.00 secs] 
55.883: [GC (Allocation Failure) [PSYoungGen: 138304K->32K(134144K)] 140164K->1892K(309248K), 0.0005430 secs] [Times: user=0.01 sys=0.00, real=0.00 secs] 
55.929: [GC (Allocation Failure) [PSYoungGen: 133664K->32K(161280K)] 135524K->1892K(336384K), 0.0005572 secs] [Times: user=0.00 sys=0.00, real=0.00 secs] 
55.985: [GC (Allocation Failure) [PSYoungGen: 160800K->32K(155648K)] 162660K->1892K(330752K), 0.0005211 secs] [Times: user=0.00 sys=0.00, real=0.00 secs] 
56.038: [GC (Allocation Failure) [PSYoungGen: 155168K->32K(150528K)] 157028K->1892K(325632K), 0.0005271 secs] [Times: user=0.00 sys=0.00, real=0.00 secs] 
56.087: [GC (Allocation Failure) [PSYoungGen: 150048K->32K(145408K)] 151908K->1892K(320512K), 0.0005152 secs] [Times: user=0.00 sys=0.00, real=0.00 secs] 
56.136: [GC (Allocation Failure) [PSYoungGen: 144928K->32K(140800K)] 146788K->1892K(315904K), 0.0005730 secs] [Times: user=0.00 sys=0.00, real=0.00 secs] 
56.182: [GC (Allocation Failure) [PSYoungGen: 140320K->96K(136192K)] 142180K->1956K(311296K), 0.0005365 secs] [Times: user=0.00 sys=0.00, real=0.00 secs] 
56.228: [GC (Allocation Failure) [PSYoungGen: 135776K->32K(132096K)] 137636K->1892K(307200K), 0.0005013 secs] [Times: user=0.00 sys=0.00, real=0.00 secs] 
56.271: [GC (Allocation Failure) [PSYoungGen: 131616K->32K(128000K)] 133476K->1892K(303104K), 0.0005015 secs] [Times: user=0.01 sys=0.00, real=0.01 secs] 
56.314: [GC (Allocation Failure) [PSYoungGen: 127520K->32K(153600K)] 129380K->1892K(328704K), 0.0005526 secs] [Times: user=0.00 sys=0.00, real=0.00 secs] 
56.365: [GC (Allocation Failure) [PSYoungGen: 153120K->32K(148480K)] 154980K->1892K(323584K), 0.0005083 secs] [Times: user=0.00 sys=0.00, real=0.00 secs] 
56.414: [GC (Allocation Failure) [PSYoungGen: 148000K->96K(143360K)] 149860K->1956K(318464K), 0.0005419 secs] [Times: user=0.00 sys=0.00, real=0.00 secs] 
56.463: [GC (Allocation Failure) [PSYoungGen: 142944K->96K(138752K)] 144804K->1956K(313856K), 0.0005370 secs] [Times: user=0.00 sys=0.00, real=0.00 secs] 
56.511: [GC (Allocation Failure) [PSYoungGen: 138336K->32K(134144K)] 140196K->1892K(309248K), 0.0004970 secs] [Times: user=0.01 sys=0.01, real=0.00 secs] 
56.555: [GC (Allocation Failure) [PSYoungGen: 133664K->32K(130048K)] 135524K->1892K(305152K), 0.0005519 secs] [Times: user=0.00 sys=0.00, real=0.00 secs] 
56.598: [GC (Allocation Failure) [PSYoungGen: 129568K->96K(156160K)] 131428K->1956K(331264K), 0.0005162 secs] [Times: user=0.00 sys=0.00, real=0.00 secs] 
56.651: [GC (Allocation Failure) [PSYoungGen: 155744K->32K(151040K)] 157604K->1892K(326144K), 0.0005575 secs] [Times: user=0.00 sys=0.00, real=0.01 secs] 
56.702: [GC (Allocation Failure) [PSYoungGen: 150560K->64K(145920K)] 152420K->1924K(321024K), 0.0005191 secs] [Times: user=0.00 sys=0.00, real=0.01 secs] 
56.750: [GC (Allocation Failure) [PSYoungGen: 145472K->64K(175104K)] 147332K->1924K(350208K), 0.0006079 secs] [Times: user=0.00 sys=0.00, real=0.00 secs] 
56.808: [GC (Allocation Failure) [PSYoungGen: 174656K->32K(168960K)] 176516K->1892K(344064K), 0.0004952 secs] [Times: user=0.00 sys=0.00, real=0.00 secs] 
56.864: [GC (Allocation Failure) [PSYoungGen: 168480K->96K(163328K)] 170340K->1956K(338432K), 0.0005677 secs] [Times: user=0.00 sys=0.00, real=0.00 secs] 
56.918: [GC (Allocation Failure) [PSYoungGen: 162912K->32K(157696K)] 164772K->1892K(332800K), 0.0005142 secs] [Times: user=0.01 sys=0.00, real=0.00 secs] 
56.971: [GC (Allocation Failure) [PSYoungGen: 157216K->32K(152576K)] 159076K->1892K(327680K), 0.0005271 secs] [Times: user=0.00 sys=0.00, real=0.00 secs] 
57.022: [GC (Allocation Failure) [PSYoungGen: 152096K->96K(147456K)] 153956K->1956K(322560K), 0.0005758 secs] [Times: user=0.00 sys=0.00, real=0.01 secs] 
57.071: [GC (Allocation Failure) [PSYoungGen: 147040K->96K(142848K)] 148900K->1956K(317952K), 0.0005181 secs] [Times: user=0.00 sys=0.00, real=0.00 secs] 
57.118: [GC (Allocation Failure) [PSYoungGen: 142432K->96K(138240K)] 144292K->1956K(313344K), 0.0005363 secs] [Times: user=0.00 sys=0.00, real=0.00 secs] 
57.164: [GC (Allocation Failure) [PSYoungGen: 137824K->32K(133632K)] 139684K->1892K(308736K), 0.0005168 secs] [Times: user=0.00 sys=0.00, real=0.00 secs] 
57.209: [GC (Allocation Failure) [PSYoungGen: 133152K->96K(129536K)] 135012K->1956K(304640K), 0.0005261 secs] [Times: user=0.00 sys=0.00, real=0.00 secs] 
57.253: [GC (Allocation Failure) [PSYoungGen: 129120K->96K(155648K)] 130980K->1956K(330752K), 0.0005509 secs] [Times: user=0.00 sys=0.00, real=0.00 secs] 
57.304: [GC (Allocation Failure) [PSYoungGen: 155232K->64K(150528K)] 157092K->1924K(325632K), 0.0005138 secs] [Times: user=0.00 sys=0.00, real=0.00 secs] 
57.355: [GC (Allocation Failure) [PSYoungGen: 150080K->32K(145408K)] 151940K->1892K(320512K), 0.0005447 secs] [Times: user=0.00 sys=0.00, real=0.00 secs] 
57.403: [GC (Allocation Failure) [PSYoungGen: 144928K->32K(174592K)] 146788K->1892K(349696K), 0.0006120 secs] [Times: user=0.00 sys=0.00, real=0.00 secs] 
57.463: [GC (Allocation Failure) [PSYoungGen: 174112K->32K(168448K)] 175972K->1892K(343552K), 0.0005222 secs] [Times: user=0.00 sys=0.00, real=0.00 secs] 
57.519: [GC (Allocation Failure) [PSYoungGen: 167968K->96K(162816K)] 169828K->1956K(337920K), 0.0005461 secs] [Times: user=0.00 sys=0.00, real=0.00 secs] 
57.574: [GC (Allocation Failure) [PSYoungGen: 162400K->32K(157184K)] 164260K->1892K(332288K), 0.0005484 secs] [Times: user=0.00 sys=0.00, real=0.00 secs] 
57.628: [GC (Allocation Failure) [PSYoungGen: 156704K->32K(152064K)] 158564K->1892K(327168K), 0.0005109 secs] [Times: user=0.00 sys=0.00, real=0.00 secs] 
57.680: [GC (Allocation Failure) [PSYoungGen: 151584K->32K(182784K)] 153444K->1892K(357888K), 0.0010164 secs] [Times: user=0.00 sys=0.00, real=0.00 secs] 
57.743: [GC (Allocation Failure) [PSYoungGen: 182304K->96K(219648K)] 184164K->1956K(394752K), 0.0005769 secs] [Times: user=0.00 sys=0.00, real=0.00 secs] 
57.815: [GC (Allocation Failure) [PSYoungGen: 219232K->96K(211456K)] 221092K->1956K(386560K), 0.0005127 secs] [Times: user=0.01 sys=0.00, real=0.00 secs] 
57.886: [GC (Allocation Failure) [PSYoungGen: 211040K->96K(203776K)] 212900K->1956K(378880K), 0.0005458 secs] [Times: user=0.01 sys=0.00, real=0.00 secs] 
57.956: [GC (Allocation Failure) [PSYoungGen: 203360K->96K(196096K)] 205220K->1956K(371200K), 0.0005195 secs] [Times: user=0.01 sys=0.00, real=0.00 secs] 
58.021: [GC (Allocation Failure) [PSYoungGen: 195680K->32K(188928K)] 197540K->1892K(364032K), 0.0005303 secs] [Times: user=0.00 sys=0.00, real=0.00 secs] 
58.083: [GC (Allocation Failure) [PSYoungGen: 188448K->32K(182272K)] 190308K->1892K(357376K), 0.0005270 secs] [Times: user=0.00 sys=0.00, real=0.00 secs] 
58.143: [GC (Allocation Failure) [PSYoungGen: 181792K->96K(175616K)] 183652K->1956K(350720K), 0.0005303 secs] [Times: user=0.00 sys=0.00, real=0.00 secs] 
58.202: [GC (Allocation Failure) [PSYoungGen: 175200K->96K(169472K)] 177060K->1956K(344576K), 0.0005151 secs] [Times: user=0.00 sys=0.00, real=0.00 secs] 
58.258: [GC (Allocation Failure) [PSYoungGen: 169056K->0K(163840K)] 170916K->1860K(338944K), 0.0005363 secs] [Times: user=0.00 sys=0.00, real=0.00 secs] 
58.312: [GC (Allocation Failure) [PSYoungGen: 163328K->32K(158208K)] 165188K->1892K(333312K), 0.0005172 secs] [Times: user=0.00 sys=0.00, real=0.00 secs] 
58.365: [GC (Allocation Failure) [PSYoungGen: 157728K->32K(153088K)] 159588K->1892K(328192K), 0.0005246 secs] [Times: user=0.00 sys=0.00, real=0.00 secs] 
58.419: [GC (Allocation Failure) [PSYoungGen: 152608K->96K(147968K)] 154468K->1956K(323072K), 0.0005537 secs] [Times: user=0.00 sys=0.00, real=0.00 secs] 
58.470: [GC (Allocation Failure) [PSYoungGen: 147552K->64K(143360K)] 149412K->1924K(318464K), 0.0005141 secs] [Times: user=0.00 sys=0.01, real=0.00 secs] 
58.517: [GC (Allocation Failure) [PSYoungGen: 142912K->32K(138752K)] 144772K->1892K(313856K), 0.0005071 secs] [Times: user=0.00 sys=0.00, real=0.00 secs] 
58.563: [GC (Allocation Failure) [PSYoungGen: 138272K->64K(166400K)] 140132K->1924K(341504K), 0.0009041 secs] [Times: user=0.00 sys=0.00, real=0.00 secs] 
58.619: [GC (Allocation Failure) [PSYoungGen: 165952K->32K(199680K)] 167812K->1892K(374784K), 0.0005299 secs] [Times: user=0.00 sys=0.00, real=0.00 secs] 
58.686: [GC (Allocation Failure) [PSYoungGen: 199200K->96K(192512K)] 201060K->1956K(367616K), 0.0005516 secs] [Times: user=0.00 sys=0.00, real=0.00 secs] 
58.750: [GC (Allocation Failure) [PSYoungGen: 192096K->32K(185856K)] 193956K->1892K(360960K), 0.0005140 secs] [Times: user=0.00 sys=0.00, real=0.00 secs] 
58.812: [GC (Allocation Failure) [PSYoungGen: 185376K->64K(179200K)] 187236K->1924K(354304K), 0.0005149 secs] [Times: user=0.00 sys=0.00, real=0.01 secs] 
58.871: [GC (Allocation Failure) [PSYoungGen: 178752K->32K(173056K)] 180612K->1892K(348160K), 0.0005283 secs] [Times: user=0.01 sys=0.00, real=0.00 secs] 
58.928: [GC (Allocation Failure) [PSYoungGen: 172576K->64K(166912K)] 174436K->1924K(342016K), 0.0005741 secs] [Times: user=0.00 sys=0.00, real=0.00 secs] 
58.983: [GC (Allocation Failure) [PSYoungGen: 166464K->96K(161280K)] 168324K->1956K(336384K), 0.0005861 secs] [Times: user=0.00 sys=0.00, real=0.00 secs] 
59.037: [GC (Allocation Failure) [PSYoungGen: 160864K->32K(155648K)] 162724K->1892K(330752K), 0.0004972 secs] [Times: user=0.00 sys=0.00, real=0.00 secs] 
59.089: [GC (Allocation Failure) [PSYoungGen: 155168K->32K(150528K)] 157028K->1892K(325632K), 0.0005153 secs] [Times: user=0.00 sys=0.00, real=0.00 secs] 
59.139: [GC (Allocation Failure) [PSYoungGen: 150048K->32K(145408K)] 151908K->1892K(320512K), 0.0005218 secs] [Times: user=0.00 sys=0.00, real=0.00 secs] 
59.187: [GC (Allocation Failure) [PSYoungGen: 144928K->32K(140800K)] 146788K->1892K(315904K), 0.0005509 secs] [Times: user=0.00 sys=0.00, real=0.00 secs] 
59.234: [GC (Allocation Failure) [PSYoungGen: 140320K->96K(136192K)] 142180K->1956K(311296K), 0.0005327 secs] [Times: user=0.00 sys=0.00, real=0.00 secs] 
59.279: [GC (Allocation Failure) [PSYoungGen: 135776K->32K(132096K)] 137636K->1892K(307200K), 0.0005099 secs] [Times: user=0.00 sys=0.00, real=0.00 secs] 
59.323: [GC (Allocation Failure) [PSYoungGen: 131616K->32K(128000K)] 133476K->1892K(303104K), 0.0005336 secs] [Times: user=0.00 sys=0.00, real=0.00 secs] 
59.366: [GC (Allocation Failure) [PSYoungGen: 127520K->32K(153600K)] 129380K->1892K(328704K), 0.0005464 secs] [Times: user=0.00 sys=0.00, real=0.00 secs] 
59.417: [GC (Allocation Failure) [PSYoungGen: 153120K->64K(148480K)] 154980K->1924K(323584K), 0.0005048 secs] [Times: user=0.01 sys=0.00, real=0.00 secs] 
59.466: [GC (Allocation Failure) [PSYoungGen: 148032K->32K(143360K)] 149892K->1892K(318464K), 0.0004968 secs] [Times: user=0.00 sys=0.00, real=0.00 secs] 
59.514: [GC (Allocation Failure) [PSYoungGen: 142880K->32K(138752K)] 144740K->1892K(313856K), 0.0005546 secs] [Times: user=0.00 sys=0.00, real=0.00 secs] 
59.560: [GC (Allocation Failure) [PSYoungGen: 138272K->96K(134144K)] 140132K->1956K(309248K), 0.0005024 secs] [Times: user=0.00 sys=0.00, real=0.00 secs] 
59.605: [GC (Allocation Failure) [PSYoungGen: 133728K->64K(161280K)] 135588K->1924K(336384K), 0.0005307 secs] [Times: user=0.00 sys=0.00, real=0.00 secs] 
59.660: [GC (Allocation Failure) [PSYoungGen: 160832K->64K(155648K)] 162692K->1924K(330752K), 0.0005546 secs] [Times: user=0.00 sys=0.00, real=0.00 secs] 
59.711: [GC (Allocation Failure) [PSYoungGen: 155200K->32K(186880K)] 157060K->1892K(361984K), 0.0010426 secs] [Times: user=0.00 sys=0.00, real=0.01 secs] 
59.773: [GC (Allocation Failure) [PSYoungGen: 186400K->64K(224256K)] 188260K->1924K(399360K), 0.0005226 secs] [Times: user=0.00 sys=0.00, real=0.00 secs] 
59.848: [GC (Allocation Failure) [PSYoungGen: 223808K->32K(216064K)] 225668K->1892K(391168K), 0.0005198 secs] [Times: user=0.00 sys=0.00, real=0.00 secs] 
59.921: [GC (Allocation Failure) [PSYoungGen: 215584K->32K(207872K)] 217444K->1892K(382976K), 0.0005185 secs] [Times: user=0.00 sys=0.00, real=0.00 secs] 
59.990: [GC (Allocation Failure) [PSYoungGen: 207392K->96K(200192K)] 209252K->1956K(375296K), 0.0005133 secs] [Times: user=0.00 sys=0.00, real=0.00 secs] 
60.058: [GC (Allocation Failure) [PSYoungGen: 199776K->32K(193024K)] 201636K->1892K(368128K), 0.0005163 secs] [Times: user=0.00 sys=0.00, real=0.00 secs] 
60.121: [GC (Allocation Failure) [PSYoungGen: 192544K->64K(185856K)] 194404K->1924K(360960K), 0.0005144 secs] [Times: user=0.00 sys=0.00, real=0.01 secs] 
60.183: [GC (Allocation Failure) [PSYoungGen: 185408K->96K(179200K)] 187268K->1956K(354304K), 0.0005329 secs] [Times: user=0.00 sys=0.00, real=0.00 secs] 
60.242: [GC (Allocation Failure) [PSYoungGen: 178784K->64K(173056K)] 180644K->1924K(348160K), 0.0005079 secs] [Times: user=0.00 sys=0.00, real=0.00 secs] 
60.301: [GC (Allocation Failure) [PSYoungGen: 172608K->160K(166912K)] 174468K->2020K(342016K), 0.0005419 secs] [Times: user=0.00 sys=0.00, real=0.00 secs] 
60.357: [GC (Allocation Failure) [PSYoungGen: 166560K->96K(161280K)] 168420K->1988K(336384K), 0.0005254 secs] [Times: user=0.00 sys=0.00, real=0.00 secs] 
60.411: [GC (Allocation Failure) [PSYoungGen: 160864K->32K(155648K)] 162756K->1924K(330752K), 0.0005094 secs] [Times: user=0.00 sys=0.00, real=0.00 secs] 
60.462: [GC (Allocation Failure) [PSYoungGen: 155168K->96K(150528K)] 157060K->1988K(325632K), 0.0005920 secs] [Times: user=0.00 sys=0.01, real=0.00 secs] 
60.513: [GC (Allocation Failure) [PSYoungGen: 150112K->32K(145408K)] 152004K->1924K(320512K), 0.0005211 secs] [Times: user=0.00 sys=0.00, real=0.00 secs] 
60.561: [GC (Allocation Failure) [PSYoungGen: 144928K->32K(140800K)] 146820K->1924K(315904K), 0.0006145 secs] [Times: user=0.01 sys=0.00, real=0.01 secs] 
60.608: [GC (Allocation Failure) [PSYoungGen: 140320K->96K(136192K)] 142212K->1988K(311296K), 0.0005539 secs] [Times: user=0.00 sys=0.00, real=0.00 secs] 
60.654: [GC (Allocation Failure) [PSYoungGen: 135776K->32K(163328K)] 137668K->1924K(338432K), 0.0005564 secs] [Times: user=0.00 sys=0.00, real=0.00 secs] 
60.708: [GC (Allocation Failure) [PSYoungGen: 162848K->96K(157696K)] 164740K->1988K(332800K), 0.0005160 secs] [Times: user=0.00 sys=0.00, real=0.00 secs] 
60.760: [GC (Allocation Failure) [PSYoungGen: 157280K->32K(152576K)] 159172K->1924K(327680K), 0.0005505 secs] [Times: user=0.00 sys=0.00, real=0.00 secs] 
60.811: [GC (Allocation Failure) [PSYoungGen: 152096K->32K(147456K)] 153988K->1924K(322560K), 0.0005150 secs] [Times: user=0.00 sys=0.00, real=0.00 secs] 
60.860: [GC (Allocation Failure) [PSYoungGen: 146976K->32K(142848K)] 148868K->1924K(317952K), 0.0004964 secs] [Times: user=0.00 sys=0.00, real=0.00 secs] 
60.907: [GC (Allocation Failure) [PSYoungGen: 142368K->32K(138240K)] 144260K->1924K(313344K), 0.0005458 secs] [Times: user=0.00 sys=0.00, real=0.00 secs] 
60.954: [GC (Allocation Failure) [PSYoungGen: 137760K->96K(133632K)] 139652K->1988K(308736K), 0.0005373 secs] [Times: user=0.00 sys=0.00, real=0.00 secs] 
60.998: [GC (Allocation Failure) [PSYoungGen: 133216K->32K(160256K)] 135108K->1924K(335360K), 0.0005294 secs] [Times: user=0.01 sys=0.00, real=0.00 secs] 
61.052: [GC (Allocation Failure) [PSYoungGen: 159776K->32K(154624K)] 161668K->1924K(329728K), 0.0004922 secs] [Times: user=0.00 sys=0.00, real=0.00 secs] 
61.104: [GC (Allocation Failure) [PSYoungGen: 154144K->32K(149504K)] 156036K->1924K(324608K), 0.0004974 secs] [Times: user=0.00 sys=0.00, real=0.00 secs] 
61.154: [GC (Allocation Failure) [PSYoungGen: 149024K->64K(144384K)] 150916K->1956K(319488K), 0.0005219 secs] [Times: user=0.00 sys=0.00, real=0.00 secs] 
61.201: [GC (Allocation Failure) [PSYoungGen: 143936K->96K(139776K)] 145828K->1988K(314880K), 0.0005172 secs] [Times: user=0.00 sys=0.00, real=0.01 secs] 
61.248: [GC (Allocation Failure) [PSYoungGen: 139360K->64K(135168K)] 141252K->1956K(310272K), 0.0005033 secs] [Times: user=0.01 sys=0.00, real=0.00 secs] 
61.293: [GC (Allocation Failure) [PSYoungGen: 134720K->32K(131072K)] 136612K->1924K(306176K), 0.0005110 secs] [Times: user=0.00 sys=0.00, real=0.00 secs] 
61.336: [GC (Allocation Failure) [PSYoungGen: 130592K->96K(126976K)] 132484K->1988K(302080K), 0.0005106 secs] [Times: user=0.01 sys=0.00, real=0.00 secs] 
61.379: [GC (Allocation Failure) [PSYoungGen: 126560K->96K(152576K)] 128452K->1988K(327680K), 0.0005167 secs] [Times: user=0.00 sys=0.00, real=0.00 secs] 
61.431: [GC (Allocation Failure) [PSYoungGen: 152160K->64K(147456K)] 154052K->1956K(322560K), 0.0005282 secs] [Times: user=0.00 sys=0.00, real=0.00 secs] 
61.481: [GC (Allocation Failure) [PSYoungGen: 147008K->96K(142848K)] 148900K->1988K(317952K), 0.0005094 secs] [Times: user=0.00 sys=0.00, real=0.00 secs] 
61.529: [GC (Allocation Failure) [PSYoungGen: 142432K->32K(138240K)] 144324K->1924K(313344K), 0.0005273 secs] [Times: user=0.00 sys=0.00, real=0.00 secs] 
61.576: [GC (Allocation Failure) [PSYoungGen: 137760K->32K(133632K)] 139652K->1924K(308736K), 0.0005072 secs] [Times: user=0.01 sys=0.00, real=0.00 secs] 
61.621: [GC (Allocation Failure) [PSYoungGen: 133152K->96K(129536K)] 135044K->1988K(304640K), 0.0005085 secs] [Times: user=0.00 sys=0.00, real=0.00 secs] 
61.665: [GC (Allocation Failure) [PSYoungGen: 129120K->96K(125440K)] 131012K->1988K(300544K), 0.0005104 secs] [Times: user=0.01 sys=0.00, real=0.00 secs] 
61.707: [GC (Allocation Failure) [PSYoungGen: 125024K->32K(150528K)] 126916K->1924K(325632K), 0.0005157 secs] [Times: user=0.00 sys=0.00, real=0.00 secs] 
61.759: [GC (Allocation Failure) [PSYoungGen: 150048K->32K(180736K)] 151940K->1924K(355840K), 0.0012344 secs] [Times: user=0.00 sys=0.00, real=0.00 secs] 
61.819: [GC (Allocation Failure) [PSYoungGen: 180256K->96K(217088K)] 182148K->1988K(392192K), 0.0006221 secs] [Times: user=0.00 sys=0.00, real=0.00 secs] 
61.892: [GC (Allocation Failure) [PSYoungGen: 216672K->32K(260608K)] 218564K->1924K(435712K), 0.0005075 secs] [Times: user=0.00 sys=0.00, real=0.00 secs] 
61.979: [GC (Allocation Failure) [PSYoungGen: 260128K->96K(250368K)] 262020K->1988K(425472K), 0.0005557 secs] [Times: user=0.00 sys=0.00, real=0.00 secs] 
62.062: [GC (Allocation Failure) [PSYoungGen: 249952K->64K(240640K)] 251844K->1956K(415744K), 0.0005316 secs] [Times: user=0.00 sys=0.00, real=0.00 secs] 
62.141: [GC (Allocation Failure) [PSYoungGen: 240192K->32K(231424K)] 242084K->1924K(406528K), 0.0005201 secs] [Times: user=0.00 sys=0.00, real=0.01 secs] 
62.222: [GC (Allocation Failure) [PSYoungGen: 230944K->64K(222720K)] 232836K->1956K(397824K), 0.0005761 secs] [Times: user=0.00 sys=0.00, real=0.00 secs] 
62.300: [GC (Allocation Failure) [PSYoungGen: 222272K->32K(214528K)] 224164K->1924K(389632K), 0.0010051 secs] [Times: user=0.00 sys=0.00, real=0.00 secs] 
62.372: [GC (Allocation Failure) [PSYoungGen: 214048K->32K(206336K)] 215940K->1924K(381440K), 0.0005201 secs] [Times: user=0.00 sys=0.00, real=0.01 secs] 
62.441: [GC (Allocation Failure) [PSYoungGen: 205856K->32K(198656K)] 207748K->1924K(373760K), 0.0005436 secs] [Times: user=0.00 sys=0.01, real=0.00 secs] 
62.507: [GC (Allocation Failure) [PSYoungGen: 198176K->32K(191488K)] 200068K->1924K(366592K), 0.0005501 secs] [Times: user=0.00 sys=0.00, real=0.00 secs] 
62.571: [GC (Allocation Failure) [PSYoungGen: 191008K->96K(184832K)] 192900K->1988K(359936K), 0.0005290 secs] [Times: user=0.00 sys=0.00, real=0.00 secs] 
62.632: [GC (Allocation Failure) [PSYoungGen: 184416K->32K(178176K)] 186308K->1924K(353280K), 0.0005007 secs] [Times: user=0.00 sys=0.00, real=0.00 secs] 
62.691: [GC (Allocation Failure) [PSYoungGen: 177696K->96K(172032K)] 179588K->1988K(347136K), 0.0005317 secs] [Times: user=0.01 sys=0.00, real=0.01 secs] 
62.750: [GC (Allocation Failure) [PSYoungGen: 171616K->32K(165888K)] 173508K->1924K(340992K), 0.0005326 secs] [Times: user=0.00 sys=0.00, real=0.00 secs] 
62.806: [GC (Allocation Failure) [PSYoungGen: 165408K->32K(160256K)] 167300K->1924K(335360K), 0.0005576 secs] [Times: user=0.00 sys=0.00, real=0.00 secs] 
62.859: [GC (Allocation Failure) [PSYoungGen: 159776K->96K(154624K)] 161668K->1988K(329728K), 0.0005114 secs] [Times: user=0.00 sys=0.00, real=0.00 secs] 
62.910: [GC (Allocation Failure) [PSYoungGen: 154208K->64K(149504K)] 156100K->1956K(324608K), 0.0005190 secs] [Times: user=0.00 sys=0.00, real=0.00 secs] 
62.960: [GC (Allocation Failure) [PSYoungGen: 149056K->96K(144384K)] 150948K->1988K(319488K), 0.0005511 secs] [Times: user=0.00 sys=0.00, real=0.00 secs] 
63.008: [GC (Allocation Failure) [PSYoungGen: 143961K->32K(139776K)] 145853K->1924K(314880K), 0.0005177 secs] [Times: user=0.00 sys=0.00, real=0.00 secs] 
63.054: [GC (Allocation Failure) [PSYoungGen: 139296K->32K(135168K)] 141188K->1924K(310272K), 0.0005247 secs] [Times: user=0.00 sys=0.00, real=0.00 secs] 
63.098: [GC (Allocation Failure) [PSYoungGen: 134688K->32K(131072K)] 136580K->1924K(306176K), 0.0005282 secs] [Times: user=0.00 sys=0.00, real=0.00 secs] 
63.142: [GC (Allocation Failure) [PSYoungGen: 130592K->96K(126976K)] 132484K->1988K(302080K), 0.0005102 secs] [Times: user=0.00 sys=0.00, real=0.00 secs] 
63.184: [GC (Allocation Failure) [PSYoungGen: 126560K->96K(152576K)] 128452K->1988K(327680K), 0.0005047 secs] [Times: user=0.00 sys=0.00, real=0.00 secs] 
63.235: [GC (Allocation Failure) [PSYoungGen: 152160K->64K(147456K)] 154052K->1956K(322560K), 0.0005103 secs] [Times: user=0.00 sys=0.00, real=0.00 secs] 
63.285: [GC (Allocation Failure) [PSYoungGen: 147008K->96K(142848K)] 148900K->1988K(317952K), 0.0005161 secs] [Times: user=0.00 sys=0.00, real=0.00 secs] 
63.333: [GC (Allocation Failure) [PSYoungGen: 142432K->32K(171520K)] 144324K->1924K(346624K), 0.0010653 secs] [Times: user=0.00 sys=0.00, real=0.00 secs] 
63.394: [GC (Allocation Failure) [PSYoungGen: 171040K->32K(205824K)] 172932K->1924K(380928K), 0.0004913 secs] [Times: user=0.00 sys=0.00, real=0.00 secs] 
63.464: [GC (Allocation Failure) [PSYoungGen: 205344K->96K(247296K)] 207236K->1988K(422400K), 0.0005401 secs] [Times: user=0.00 sys=0.00, real=0.00 secs] 
63.550: [GC (Allocation Failure) [PSYoungGen: 246880K->64K(237568K)] 248772K->1956K(412672K), 0.0005666 secs] [Times: user=0.00 sys=0.00, real=0.00 secs] 
63.628: [GC (Allocation Failure) [PSYoungGen: 237120K->32K(228352K)] 239012K->1924K(403456K), 0.0010531 secs] [Times: user=0.00 sys=0.00, real=0.00 secs] 
63.706: [GC (Allocation Failure) [PSYoungGen: 227872K->96K(219648K)] 229764K->1988K(394752K), 0.0005134 secs] [Times: user=0.00 sys=0.00, real=0.00 secs] 
63.779: [GC (Allocation Failure) [PSYoungGen: 219232K->64K(211456K)] 221124K->1956K(386560K), 0.0005561 secs] [Times: user=0.00 sys=0.00, real=0.00 secs] 
63.850: [GC (Allocation Failure) [PSYoungGen: 211008K->96K(203776K)] 212900K->1988K(378880K), 0.0005032 secs] [Times: user=0.00 sys=0.00, real=0.00 secs] 
63.918: [GC (Allocation Failure) [PSYoungGen: 203360K->96K(196096K)] 205252K->1988K(371200K), 0.0005162 secs] [Times: user=0.00 sys=0.00, real=0.00 secs] 
63.987: [GC (Allocation Failure) [PSYoungGen: 195680K->32K(188928K)] 197572K->1924K(364032K), 0.0005536 secs] [Times: user=0.00 sys=0.00, real=0.00 secs] 
64.051: [GC (Allocation Failure) [PSYoungGen: 188448K->64K(182272K)] 190340K->1956K(357376K), 0.0005126 secs] [Times: user=0.00 sys=0.00, real=0.00 secs] 
64.112: [GC (Allocation Failure) [PSYoungGen: 181824K->32K(175616K)] 183716K->1924K(350720K), 0.0007137 secs] [Times: user=0.01 sys=0.01, real=0.00 secs] 
64.172: [GC (Allocation Failure) [PSYoungGen: 175136K->32K(169472K)] 177028K->1924K(344576K), 0.0005150 secs] [Times: user=0.00 sys=0.00, real=0.00 secs] 
64.229: [GC (Allocation Failure) [PSYoungGen: 168992K->32K(163840K)] 170884K->1924K(338944K), 0.0005670 secs] [Times: user=0.00 sys=0.00, real=0.00 secs] 
64.284: [GC (Allocation Failure) [PSYoungGen: 163360K->32K(158208K)] 165252K->1924K(333312K), 0.0005120 secs] [Times: user=0.00 sys=0.00, real=0.00 secs] 
64.338: [GC (Allocation Failure) [PSYoungGen: 157728K->64K(153088K)] 159620K->1956K(328192K), 0.0005097 secs] [Times: user=0.00 sys=0.00, real=0.00 secs] 
64.390: [GC (Allocation Failure) [PSYoungGen: 152640K->32K(147968K)] 154532K->1924K(323072K), 0.0004933 secs] [Times: user=0.00 sys=0.00, real=0.00 secs] 
64.441: [GC (Allocation Failure) [PSYoungGen: 147488K->96K(143360K)] 149380K->1988K(318464K), 0.0005045 secs] [Times: user=0.00 sys=0.00, real=0.00 secs] 
64.489: [GC (Allocation Failure) [PSYoungGen: 142944K->64K(138752K)] 144836K->1956K(313856K), 0.0005085 secs] [Times: user=0.00 sys=0.00, real=0.00 secs] 
64.536: [GC (Allocation Failure) [PSYoungGen: 138304K->32K(134144K)] 140196K->1924K(309248K), 0.0006123 secs] [Times: user=0.00 sys=0.00, real=0.00 secs] 
64.581: [GC (Allocation Failure) [PSYoungGen: 133664K->32K(130048K)] 135556K->1924K(305152K), 0.0004935 secs] [Times: user=0.00 sys=0.00, real=0.01 secs] 
64.625: [GC (Allocation Failure) [PSYoungGen: 129568K->32K(125952K)] 131460K->1924K(301056K), 0.0005223 secs] [Times: user=0.00 sys=0.00, real=0.00 secs] 
64.669: [GC (Allocation Failure) [PSYoungGen: 125472K->32K(151040K)] 127364K->1924K(326144K), 0.0007100 secs] [Times: user=0.00 sys=0.00, real=0.00 secs] 
64.722: [GC (Allocation Failure) [PSYoungGen: 150560K->32K(181248K)] 152452K->1924K(356352K), 0.0005196 secs] [Times: user=0.00 sys=0.00, real=0.00 secs] 
64.783: [GC (Allocation Failure) [PSYoungGen: 180768K->96K(175104K)] 182660K->1988K(350208K), 0.0005177 secs] [Times: user=0.01 sys=0.00, real=0.00 secs] 
64.843: [GC (Allocation Failure) [PSYoungGen: 174688K->96K(168960K)] 176580K->1988K(344064K), 0.0005198 secs] [Times: user=0.00 sys=0.00, real=0.00 secs] 
64.901: [GC (Allocation Failure) [PSYoungGen: 168544K->32K(163328K)] 170436K->1924K(338432K), 0.0005189 secs] [Times: user=0.00 sys=0.00, real=0.01 secs] 
64.957: [GC (Allocation Failure) [PSYoungGen: 162848K->64K(196096K)] 164740K->1956K(371200K), 0.0009120 secs] [Times: user=0.00 sys=0.00, real=0.00 secs] 
65.024: [GC (Allocation Failure) [PSYoungGen: 195648K->32K(188928K)] 197540K->1924K(364032K), 0.0005160 secs] [Times: user=0.00 sys=0.00, real=0.00 secs] 
65.087: [GC (Allocation Failure) [PSYoungGen: 188448K->32K(182272K)] 190340K->1924K(357376K), 0.0005176 secs] [Times: user=0.00 sys=0.00, real=0.00 secs] 
65.150: [GC (Allocation Failure) [PSYoungGen: 181792K->0K(175616K)] 183684K->1892K(350720K), 0.0004944 secs] [Times: user=0.00 sys=0.00, real=0.00 secs] 
65.211: [GC (Allocation Failure) [PSYoungGen: 175104K->64K(169472K)] 176996K->1956K(344576K), 0.0005205 secs] [Times: user=0.00 sys=0.00, real=0.00 secs] 
65.269: [GC (Allocation Failure) [PSYoungGen: 169024K->96K(163840K)] 170916K->1988K(338944K), 0.0005857 secs] [Times: user=0.00 sys=0.00, real=0.00 secs] 
65.325: [GC (Allocation Failure) [PSYoungGen: 163424K->32K(158208K)] 165316K->1924K(333312K), 0.0004953 secs] [Times: user=0.00 sys=0.00, real=0.00 secs] 
65.380: [GC (Allocation Failure) [PSYoungGen: 157728K->96K(153088K)] 159620K->1988K(328192K), 0.0005924 secs] [Times: user=0.00 sys=0.00, real=0.00 secs] 
65.433: [GC (Allocation Failure) [PSYoungGen: 152672K->32K(147968K)] 154564K->1924K(323072K), 0.0005818 secs] [Times: user=0.00 sys=0.00, real=0.00 secs] 
65.485: [GC (Allocation Failure) [PSYoungGen: 147488K->32K(143360K)] 149380K->1924K(318464K), 0.0005207 secs] [Times: user=0.00 sys=0.00, real=0.00 secs] 
65.535: [GC (Allocation Failure) [PSYoungGen: 142880K->96K(138752K)] 144772K->1988K(313856K), 0.0005237 secs] [Times: user=0.00 sys=0.00, real=0.00 secs] 
65.583: [GC (Allocation Failure) [PSYoungGen: 138336K->64K(134144K)] 140228K->1956K(309248K), 0.0005185 secs] [Times: user=0.00 sys=0.00, real=0.00 secs] 
65.630: [GC (Allocation Failure) [PSYoungGen: 133696K->96K(130048K)] 135588K->1988K(305152K), 0.0005387 secs] [Times: user=0.01 sys=0.00, real=0.00 secs] 
65.675: [GC (Allocation Failure) [PSYoungGen: 129632K->32K(125952K)] 131524K->1924K(301056K), 0.0005384 secs] [Times: user=0.00 sys=0.00, real=0.00 secs] 
65.718: [GC (Allocation Failure) [PSYoungGen: 125472K->32K(151040K)] 127364K->1924K(326144K), 0.0006224 secs] [Times: user=0.00 sys=0.00, real=0.00 secs] 
65.771: [GC (Allocation Failure) [PSYoungGen: 150560K->32K(181248K)] 152452K->1924K(356352K), 0.0005084 secs] [Times: user=0.00 sys=0.00, real=0.00 secs] 
65.833: [GC (Allocation Failure) [PSYoungGen: 180768K->64K(175104K)] 182660K->1956K(350208K), 0.0005923 secs] [Times: user=0.00 sys=0.00, real=0.00 secs] 
65.894: [GC (Allocation Failure) [PSYoungGen: 174656K->96K(168960K)] 176548K->1988K(344064K), 0.0005182 secs] [Times: user=0.00 sys=0.00, real=0.00 secs] 
65.952: [GC (Allocation Failure) [PSYoungGen: 168544K->32K(163328K)] 170436K->1924K(338432K), 0.0005070 secs] [Times: user=0.00 sys=0.00, real=0.00 secs] 
66.008: [GC (Allocation Failure) [PSYoungGen: 162848K->96K(157696K)] 164740K->1988K(332800K), 0.0005657 secs] [Times: user=0.00 sys=0.00, real=0.00 secs] 
66.062: [GC (Allocation Failure) [PSYoungGen: 157280K->96K(152576K)] 159172K->1988K(327680K), 0.0005205 secs] [Times: user=0.00 sys=0.00, real=0.00 secs] 
66.115: [GC (Allocation Failure) [PSYoungGen: 152160K->32K(147456K)] 154052K->1924K(322560K), 0.0005226 secs] [Times: user=0.00 sys=0.00, real=0.00 secs] 
66.166: [GC (Allocation Failure) [PSYoungGen: 146976K->96K(142848K)] 148868K->1988K(317952K), 0.0005277 secs] [Times: user=0.00 sys=0.00, real=0.00 secs] 
66.214: [GC (Allocation Failure) [PSYoungGen: 142432K->96K(138240K)] 144324K->1988K(313344K), 0.0005169 secs] [Times: user=0.00 sys=0.00, real=0.00 secs] 
66.262: [GC (Allocation Failure) [PSYoungGen: 137824K->32K(165888K)] 139716K->1924K(340992K), 0.0011695 secs] [Times: user=0.00 sys=0.00, real=0.00 secs] 
66.320: [GC (Allocation Failure) [PSYoungGen: 165408K->32K(199168K)] 167300K->1924K(374272K), 0.0005224 secs] [Times: user=0.00 sys=0.00, real=0.00 secs] 
66.390: [GC (Allocation Failure) [PSYoungGen: 198688K->32K(239104K)] 200580K->1924K(414208K), 0.0005764 secs] [Times: user=0.01 sys=0.00, real=0.00 secs] 
66.473: [GC (Allocation Failure) [PSYoungGen: 238624K->64K(229888K)] 240516K->1956K(404992K), 0.0005622 secs] [Times: user=0.00 sys=0.00, real=0.00 secs] 
66.553: [GC (Allocation Failure) [PSYoungGen: 229440K->32K(221184K)] 231332K->1924K(396288K), 0.0005805 secs] [Times: user=0.00 sys=0.00, real=0.00 secs] 
66.630: [GC (Allocation Failure) [PSYoungGen: 220704K->96K(212992K)] 222596K->1988K(388096K), 0.0005448 secs] [Times: user=0.00 sys=0.00, real=0.00 secs] 
66.705: [GC (Allocation Failure) [PSYoungGen: 212576K->32K(205312K)] 214468K->1924K(380416K), 0.0005597 secs] [Times: user=0.00 sys=0.00, real=0.00 secs] 
66.777: [GC (Allocation Failure) [PSYoungGen: 204832K->32K(197632K)] 206724K->1924K(372736K), 0.0005170 secs] [Times: user=0.00 sys=0.00, real=0.00 secs] 
66.845: [GC (Allocation Failure) [PSYoungGen: 197152K->64K(190464K)] 199044K->1956K(365568K), 0.0006101 secs] [Times: user=0.00 sys=0.00, real=0.00 secs] 
66.912: [GC (Allocation Failure) [PSYoungGen: 190016K->64K(183808K)] 191908K->1956K(358912K), 0.0009734 secs] [Times: user=0.01 sys=0.00, real=0.00 secs] 
66.978: [GC (Allocation Failure) [PSYoungGen: 183360K->96K(177152K)] 185252K->1988K(352256K), 0.0005354 secs] [Times: user=0.00 sys=0.00, real=0.00 secs] 
67.039: [GC (Allocation Failure) [PSYoungGen: 176736K->32K(171008K)] 178628K->1924K(346112K), 0.0005586 secs] [Times: user=0.00 sys=0.00, real=0.00 secs] 
67.099: [GC (Allocation Failure) [PSYoungGen: 170528K->64K(164864K)] 172420K->1956K(339968K), 0.0005168 secs] [Times: user=0.00 sys=0.00, real=0.00 secs] 
67.161: [GC (Allocation Failure) [PSYoungGen: 164416K->32K(198144K)] 166308K->1924K(373248K), 0.0011661 secs] [Times: user=0.00 sys=0.00, real=0.00 secs] 
67.231: [GC (Allocation Failure) [PSYoungGen: 197664K->32K(190976K)] 199556K->1924K(366080K), 0.0005496 secs] [Times: user=0.00 sys=0.00, real=0.01 secs] 
67.297: [GC (Allocation Failure) [PSYoungGen: 190496K->96K(184320K)] 192388K->1988K(359424K), 0.0005301 secs] [Times: user=0.00 sys=0.00, real=0.00 secs] 
67.362: [GC (Allocation Failure) [PSYoungGen: 183904K->32K(177664K)] 185796K->1924K(352768K), 0.0007887 secs] [Times: user=0.00 sys=0.00, real=0.00 secs] 
67.424: [GC (Allocation Failure) [PSYoungGen: 177184K->64K(171520K)] 179076K->1956K(346624K), 0.0005227 secs] [Times: user=0.00 sys=0.00, real=0.00 secs] 
67.485: [GC (Allocation Failure) [PSYoungGen: 171072K->96K(165376K)] 172964K->1988K(340480K), 0.0005259 secs] [Times: user=0.00 sys=0.00, real=0.00 secs] 
67.542: [GC (Allocation Failure) [PSYoungGen: 164960K->32K(159744K)] 166852K->1924K(334848K), 0.0005250 secs] [Times: user=0.00 sys=0.00, real=0.00 secs] 
67.598: [GC (Allocation Failure) [PSYoungGen: 159264K->32K(154112K)] 161156K->1924K(329216K), 0.0005022 secs] [Times: user=0.01 sys=0.00, real=0.00 secs] 
67.653: [GC (Allocation Failure) [PSYoungGen: 153632K->32K(148992K)] 155524K->1924K(324096K), 0.0006919 secs] [Times: user=0.00 sys=0.00, real=0.00 secs] 
67.705: [GC (Allocation Failure) [PSYoungGen: 148512K->96K(143872K)] 150404K->1988K(318976K), 0.0005185 secs] [Times: user=0.00 sys=0.00, real=0.00 secs] 
67.757: [GC (Allocation Failure) [PSYoungGen: 143456K->32K(139264K)] 145348K->1924K(314368K), 0.0005269 secs] [Times: user=0.00 sys=0.00, real=0.00 secs] 
67.806: [GC (Allocation Failure) [PSYoungGen: 138784K->96K(134656K)] 140676K->1988K(309760K), 0.0005160 secs] [Times: user=0.00 sys=0.00, real=0.00 secs] 
67.853: [GC (Allocation Failure) [PSYoungGen: 134240K->96K(130560K)] 136132K->1988K(305664K), 0.0005162 secs] [Times: user=0.00 sys=0.00, real=0.00 secs] 
67.899: [GC (Allocation Failure) [PSYoungGen: 130144K->96K(126464K)] 132036K->1988K(301568K), 0.0005166 secs] [Times: user=0.00 sys=0.00, real=0.00 secs] 
67.943: [GC (Allocation Failure) [PSYoungGen: 126048K->64K(122368K)] 127940K->1956K(297472K), 0.0005209 secs] [Times: user=0.00 sys=0.00, real=0.00 secs] 
67.986: [GC (Allocation Failure) [PSYoungGen: 121920K->32K(146944K)] 123812K->1924K(322048K), 0.0007040 secs] [Times: user=0.00 sys=0.00, real=0.00 secs] 
68.037: [GC (Allocation Failure) [PSYoungGen: 146464K->32K(176640K)] 148356K->1924K(351744K), 0.0005072 secs] [Times: user=0.00 sys=0.00, real=0.00 secs] 
68.098: [GC (Allocation Failure) [PSYoungGen: 176160K->32K(170496K)] 178052K->1924K(345600K), 0.0005619 secs] [Times: user=0.00 sys=0.00, real=0.00 secs] 
68.157: [GC (Allocation Failure) [PSYoungGen: 170016K->32K(164864K)] 171908K->1924K(339968K), 0.0005264 secs] [Times: user=0.00 sys=0.00, real=0.00 secs] 
68.214: [GC (Allocation Failure) [PSYoungGen: 164384K->32K(159232K)] 166276K->1924K(334336K), 0.0005471 secs] [Times: user=0.00 sys=0.00, real=0.00 secs] 
68.269: [GC (Allocation Failure) [PSYoungGen: 158752K->32K(154112K)] 160644K->1924K(329216K), 0.0005898 secs] [Times: user=0.00 sys=0.00, real=0.00 secs] 
68.322: [GC (Allocation Failure) [PSYoungGen: 153632K->32K(148992K)] 155524K->1924K(324096K), 0.0005668 secs] [Times: user=0.01 sys=0.00, real=0.00 secs] 
68.376: [GC (Allocation Failure) [PSYoungGen: 148512K->32K(143872K)] 150404K->1924K(318976K), 0.0005243 secs] [Times: user=0.00 sys=0.00, real=0.00 secs] 
68.426: [GC (Allocation Failure) [PSYoungGen: 143392K->96K(139264K)] 145284K->1988K(314368K), 0.0005303 secs] [Times: user=0.00 sys=0.00, real=0.00 secs] 
68.474: [GC (Allocation Failure) [PSYoungGen: 138848K->32K(134656K)] 140740K->1924K(309760K), 0.0005168 secs] [Times: user=0.01 sys=0.00, real=0.00 secs] 
68.520: [GC (Allocation Failure) [PSYoungGen: 134176K->32K(130560K)] 136068K->1924K(305664K), 0.0005566 secs] [Times: user=0.00 sys=0.00, real=0.00 secs] 
68.565: [GC (Allocation Failure) [PSYoungGen: 130080K->32K(156672K)] 131972K->1924K(331776K), 0.0008928 secs] [Times: user=0.00 sys=0.00, real=0.00 secs] 
68.620: [GC (Allocation Failure) [PSYoungGen: 156192K->32K(187904K)] 158084K->1924K(363008K), 0.0005777 secs] [Times: user=0.00 sys=0.00, real=0.00 secs] 
68.685: [GC (Allocation Failure) [PSYoungGen: 187424K->64K(225792K)] 189316K->1956K(400896K), 0.0007303 secs] [Times: user=0.00 sys=0.00, real=0.00 secs] 
68.762: [GC (Allocation Failure) [PSYoungGen: 225344K->96K(217088K)] 227236K->1988K(392192K), 0.0005213 secs] [Times: user=0.00 sys=0.00, real=0.00 secs] 
68.836: [GC (Allocation Failure) [PSYoungGen: 216672K->32K(208896K)] 218564K->1924K(384000K), 0.0005319 secs] [Times: user=0.00 sys=0.00, real=0.00 secs] 
68.908: [GC (Allocation Failure) [PSYoungGen: 208416K->96K(201216K)] 210308K->1988K(376320K), 0.0005564 secs] [Times: user=0.00 sys=0.00, real=0.00 secs] 
68.977: [GC (Allocation Failure) [PSYoungGen: 200800K->32K(194048K)] 202692K->1924K(369152K), 0.0005430 secs] [Times: user=0.00 sys=0.00, real=0.00 secs] 
69.043: [GC (Allocation Failure) [PSYoungGen: 193568K->32K(186880K)] 195460K->1924K(361984K), 0.0005301 secs] [Times: user=0.01 sys=0.00, real=0.00 secs] 
69.106: [GC (Allocation Failure) [PSYoungGen: 186400K->32K(180224K)] 188292K->1924K(355328K), 0.0005878 secs] [Times: user=0.00 sys=0.00, real=0.00 secs] 
69.171: [GC (Allocation Failure) [PSYoungGen: 179744K->32K(174080K)] 181636K->1924K(349184K), 0.0006045 secs] [Times: user=0.00 sys=0.00, real=0.01 secs] 
69.232: [GC (Allocation Failure) [PSYoungGen: 173600K->32K(208896K)] 175492K->1924K(384000K), 0.0012148 secs] [Times: user=0.00 sys=0.00, real=0.00 secs] 
69.305: [GC (Allocation Failure) [PSYoungGen: 208416K->64K(201216K)] 210308K->1956K(376320K), 0.0005445 secs] [Times: user=0.00 sys=0.00, real=0.00 secs] 
69.375: [GC (Allocation Failure) [PSYoungGen: 200768K->64K(194048K)] 202660K->1956K(369152K), 0.0005690 secs] [Times: user=0.01 sys=0.00, real=0.00 secs] 
69.442: [GC (Allocation Failure) [PSYoungGen: 193600K->64K(186880K)] 195492K->1956K(361984K), 0.0005178 secs] [Times: user=0.00 sys=0.00, real=0.00 secs] 
69.506: [GC (Allocation Failure) [PSYoungGen: 186432K->32K(224256K)] 188324K->1924K(399360K), 0.0010405 secs] [Times: user=0.00 sys=0.00, real=0.00 secs] 
69.584: [GC (Allocation Failure) [PSYoungGen: 223776K->96K(216064K)] 225668K->1988K(391168K), 0.0005203 secs] [Times: user=0.01 sys=0.00, real=0.00 secs] 
69.660: [GC (Allocation Failure) [PSYoungGen: 215648K->96K(207872K)] 217540K->1988K(382976K), 0.0005246 secs] [Times: user=0.00 sys=0.00, real=0.00 secs] 
69.731: [GC (Allocation Failure) [PSYoungGen: 207456K->32K(200192K)] 209348K->1924K(375296K), 0.0006240 secs] [Times: user=0.00 sys=0.00, real=0.00 secs] 
69.799: [GC (Allocation Failure) [PSYoungGen: 199712K->32K(193024K)] 201604K->1924K(368128K), 0.0006211 secs] [Times: user=0.00 sys=0.00, real=0.00 secs] 
69.867: [GC (Allocation Failure) [PSYoungGen: 192544K->32K(185856K)] 194436K->1924K(360960K), 0.0004997 secs] [Times: user=0.00 sys=0.00, real=0.00 secs] 
69.932: [GC (Allocation Failure) [PSYoungGen: 185376K->96K(179200K)] 187268K->1988K(354304K), 0.0005230 secs] [Times: user=0.00 sys=0.00, real=0.00 secs] 
69.994: [GC (Allocation Failure) [PSYoungGen: 178784K->32K(173056K)] 180676K->1924K(348160K), 0.0005256 secs] [Times: user=0.00 sys=0.00, real=0.00 secs] 
70.054: [GC (Allocation Failure) [PSYoungGen: 172576K->64K(166912K)] 174468K->1956K(342016K), 0.0005296 secs] [Times: user=0.00 sys=0.00, real=0.00 secs] 
70.113: [GC (Allocation Failure) [PSYoungGen: 166464K->96K(161280K)] 168356K->1988K(336384K), 0.0005687 secs] [Times: user=0.00 sys=0.00, real=0.00 secs] 
70.168: [GC (Allocation Failure) [PSYoungGen: 160864K->32K(155648K)] 162756K->1924K(330752K), 0.0005046 secs] [Times: user=0.00 sys=0.00, real=0.00 secs] 
70.223: [GC (Allocation Failure) [PSYoungGen: 155168K->32K(186880K)] 157060K->1924K(361984K), 0.0011197 secs] [Times: user=0.00 sys=0.00, real=0.00 secs] 
70.288: [GC (Allocation Failure) [PSYoungGen: 186400K->96K(180224K)] 188292K->1988K(355328K), 0.0004954 secs] [Times: user=0.00 sys=0.00, real=0.00 secs] 
70.353: [GC (Allocation Failure) [PSYoungGen: 179808K->32K(174080K)] 181700K->1948K(349184K), 0.0005460 secs] [Times: user=0.00 sys=0.00, real=0.00 secs] 
70.414: [GC (Allocation Failure) [PSYoungGen: 173600K->96K(167936K)] 175516K->2012K(343040K), 0.0005742 secs] [Times: user=0.00 sys=0.00, real=0.00 secs] 
70.473: [GC (Allocation Failure) [PSYoungGen: 167520K->64K(201728K)] 169436K->1980K(376832K), 0.0010101 secs] [Times: user=0.00 sys=0.00, real=0.00 secs] 
70.542: [GC (Allocation Failure) [PSYoungGen: 201280K->64K(194560K)] 203196K->1980K(369664K), 0.0005225 secs] [Times: user=0.00 sys=0.00, real=0.00 secs] 
70.610: [GC (Allocation Failure) [PSYoungGen: 194112K->32K(187392K)] 196028K->1948K(362496K), 0.0005253 secs] [Times: user=0.00 sys=0.00, real=0.00 secs] 
70.676: [GC (Allocation Failure) [PSYoungGen: 186912K->32K(180736K)] 188828K->1948K(355840K), 0.0005295 secs] [Times: user=0.00 sys=0.00, real=0.00 secs] 
70.738: [GC (Allocation Failure) [PSYoungGen: 180256K->64K(174592K)] 182172K->1980K(349696K), 0.0005251 secs] [Times: user=0.01 sys=0.00, real=0.00 secs] 
70.800: [GC (Allocation Failure) [PSYoungGen: 174144K->96K(168448K)] 176060K->2012K(343552K), 0.0005230 secs] [Times: user=0.00 sys=0.00, real=0.00 secs] 
70.859: [GC (Allocation Failure) [PSYoungGen: 168024K->32K(162816K)] 169940K->1948K(337920K), 0.0005078 secs] [Times: user=0.00 sys=0.00, real=0.00 secs] 
70.915: [GC (Allocation Failure) [PSYoungGen: 162336K->32K(157184K)] 164252K->1948K(332288K), 0.0009560 secs] [Times: user=0.00 sys=0.00, real=0.00 secs] 
70.971: [GC (Allocation Failure) [PSYoungGen: 156704K->32K(152064K)] 158620K->1948K(327168K), 0.0005746 secs] [Times: user=0.00 sys=0.00, real=0.01 secs] 
71.024: [GC (Allocation Failure) [PSYoungGen: 151584K->64K(146944K)] 153500K->1980K(322048K), 0.0005365 secs] [Times: user=0.00 sys=0.00, real=0.00 secs] 
71.075: [GC (Allocation Failure) [PSYoungGen: 146496K->96K(142336K)] 148412K->2012K(317440K), 0.0005197 secs] [Times: user=0.00 sys=0.00, real=0.00 secs] 
71.124: [GC (Allocation Failure) [PSYoungGen: 141920K->32K(137728K)] 143836K->1948K(312832K), 0.0005411 secs] [Times: user=0.00 sys=0.00, real=0.00 secs] 
71.174: [GC (Allocation Failure) [PSYoungGen: 137248K->96K(133120K)] 139164K->2012K(308224K), 0.0005306 secs] [Times: user=0.00 sys=0.00, real=0.00 secs] 
71.220: [GC (Allocation Failure) [PSYoungGen: 132704K->96K(129024K)] 134620K->2012K(304128K), 0.0005188 secs] [Times: user=0.00 sys=0.00, real=0.00 secs] 
71.266: [GC (Allocation Failure) [PSYoungGen: 128608K->32K(124928K)] 130524K->1948K(300032K), 0.0005041 secs] [Times: user=0.00 sys=0.00, real=0.00 secs] 
71.309: [GC (Allocation Failure) [PSYoungGen: 124448K->32K(150016K)] 126364K->1948K(325120K), 0.0005622 secs] [Times: user=0.00 sys=0.00, real=0.00 secs] 
71.362: [GC (Allocation Failure) [PSYoungGen: 149536K->32K(144896K)] 151452K->1948K(320000K), 0.0005105 secs] [Times: user=0.00 sys=0.00, real=0.00 secs] 
71.413: [GC (Allocation Failure) [PSYoungGen: 144416K->96K(140288K)] 146332K->2012K(315392K), 0.0005203 secs] [Times: user=0.00 sys=0.00, real=0.00 secs] 
71.462: [GC (Allocation Failure) [PSYoungGen: 139872K->96K(135680K)] 141788K->2012K(310784K), 0.0005804 secs] [Times: user=0.01 sys=0.00, real=0.00 secs] 
71.509: [GC (Allocation Failure) [PSYoungGen: 135264K->32K(131584K)] 137180K->1948K(306688K), 0.0005213 secs] [Times: user=0.00 sys=0.00, real=0.00 secs] 
71.555: [GC (Allocation Failure) [PSYoungGen: 131103K->32K(158208K)] 133019K->1948K(333312K), 0.0005288 secs] [Times: user=0.00 sys=0.00, real=0.00 secs] 
71.612: [GC (Allocation Failure) [PSYoungGen: 157728K->32K(153088K)] 159644K->1948K(328192K), 0.0005208 secs] [Times: user=0.00 sys=0.00, real=0.00 secs] 
71.667: [GC (Allocation Failure) [PSYoungGen: 152608K->64K(147968K)] 154524K->1980K(323072K), 0.0005549 secs] [Times: user=0.00 sys=0.00, real=0.00 secs] 
71.721: [GC (Allocation Failure) [PSYoungGen: 147520K->32K(177664K)] 149436K->1948K(352768K), 0.0007577 secs] [Times: user=0.00 sys=0.00, real=0.01 secs] 
71.783: [GC (Allocation Failure) [PSYoungGen: 177184K->32K(171520K)] 179100K->1948K(346624K), 0.0005670 secs] [Times: user=0.00 sys=0.00, real=0.00 secs] 
71.844: [GC (Allocation Failure) [PSYoungGen: 171040K->32K(165376K)] 172956K->1948K(340480K), 0.0005264 secs] [Times: user=0.00 sys=0.00, real=0.00 secs] 
71.904: [GC (Allocation Failure) [PSYoungGen: 164896K->32K(159744K)] 166812K->1948K(334848K), 0.0005215 secs] [Times: user=0.00 sys=0.00, real=0.00 secs] 
71.962: [GC (Allocation Failure) [PSYoungGen: 159264K->32K(154112K)] 161180K->1948K(329216K), 0.0008277 secs] [Times: user=0.00 sys=0.00, real=0.00 secs] 
72.019: [GC (Allocation Failure) [PSYoungGen: 153632K->32K(148992K)] 155548K->1948K(324096K), 0.0005201 secs] [Times: user=0.00 sys=0.00, real=0.00 secs] 
72.074: [GC (Allocation Failure) [PSYoungGen: 148512K->96K(143872K)] 150428K->2012K(318976K), 0.0005157 secs] [Times: user=0.00 sys=0.00, real=0.00 secs] 
72.124: [GC (Allocation Failure) [PSYoungGen: 143456K->32K(139264K)] 145372K->1948K(314368K), 0.0005498 secs] [Times: user=0.00 sys=0.00, real=0.00 secs] 
72.173: [GC (Allocation Failure) [PSYoungGen: 138784K->64K(134656K)] 140700K->1980K(309760K), 0.0005644 secs] [Times: user=0.01 sys=0.00, real=0.00 secs] 
72.220: [GC (Allocation Failure) [PSYoungGen: 134208K->96K(130560K)] 136124K->2012K(305664K), 0.0005100 secs] [Times: user=0.00 sys=0.00, real=0.00 secs] 
72.266: [GC (Allocation Failure) [PSYoungGen: 130144K->64K(156672K)] 132060K->1980K(331776K), 0.0011240 secs] [Times: user=0.00 sys=0.00, real=0.00 secs] 
72.318: [GC (Allocation Failure) [PSYoungGen: 156224K->64K(187904K)] 158140K->1980K(363008K), 0.0005743 secs] [Times: user=0.00 sys=0.00, real=0.00 secs] 
72.383: [GC (Allocation Failure) [PSYoungGen: 187450K->32K(225792K)] 189366K->1948K(400896K), 0.0010281 secs] [Times: user=0.01 sys=0.00, real=0.00 secs] 
72.461: [GC (Allocation Failure) [PSYoungGen: 225312K->32K(270848K)] 227228K->1948K(445952K), 0.0005537 secs] [Times: user=0.00 sys=0.00, real=0.01 secs] 
72.552: [GC (Allocation Failure) [PSYoungGen: 270368K->32K(260096K)] 272284K->1948K(435200K), 0.0005400 secs] [Times: user=0.00 sys=0.01, real=0.00 secs] 
72.645: [GC (Allocation Failure) [PSYoungGen: 259616K->32K(249856K)] 261532K->1948K(424960K), 0.0005585 secs] [Times: user=0.00 sys=0.00, real=0.00 secs] 
72.732: [GC (Allocation Failure) [PSYoungGen: 249376K->64K(240128K)] 251292K->1980K(415232K), 0.0005046 secs] [Times: user=0.00 sys=0.00, real=0.00 secs] 
72.815: [GC (Allocation Failure) [PSYoungGen: 239680K->64K(230912K)] 241596K->1980K(406016K), 0.0005418 secs] [Times: user=0.00 sys=0.00, real=0.00 secs] 
72.893: [GC (Allocation Failure) [PSYoungGen: 230464K->32K(222208K)] 232380K->1948K(397312K), 0.0005178 secs] [Times: user=0.00 sys=0.00, real=0.00 secs] 
72.969: [GC (Allocation Failure) [PSYoungGen: 221728K->32K(214016K)] 223644K->1948K(389120K), 0.0005486 secs] [Times: user=0.00 sys=0.00, real=0.00 secs] 
73.041: [GC (Allocation Failure) [PSYoungGen: 213536K->32K(206336K)] 215452K->1948K(381440K), 0.0004974 secs] [Times: user=0.00 sys=0.00, real=0.00 secs] 
73.110: [GC (Allocation Failure) [PSYoungGen: 205856K->32K(198656K)] 207772K->1948K(373760K), 0.0005178 secs] [Times: user=0.01 sys=0.00, real=0.00 secs] 
73.177: [GC (Allocation Failure) [PSYoungGen: 198176K->32K(191488K)] 200092K->1948K(366592K), 0.0004887 secs] [Times: user=0.00 sys=0.00, real=0.00 secs] 
73.241: [GC (Allocation Failure) [PSYoungGen: 191008K->96K(184832K)] 192924K->2012K(359936K), 0.0005117 secs] [Times: user=0.01 sys=0.00, real=0.01 secs] 
73.302: [GC (Allocation Failure) [PSYoungGen: 184416K->32K(178176K)] 186332K->1948K(353280K), 0.0004987 secs] [Times: user=0.00 sys=0.00, real=0.00 secs] 
73.363: [GC (Allocation Failure) [PSYoungGen: 177696K->32K(172032K)] 179612K->1948K(347136K), 0.0005339 secs] [Times: user=0.00 sys=0.00, real=0.00 secs] 
73.421: [GC (Allocation Failure) [PSYoungGen: 171552K->32K(165888K)] 173468K->1948K(340992K), 0.0007044 secs] [Times: user=0.01 sys=0.00, real=0.01 secs] 
73.482: [GC (Allocation Failure) [PSYoungGen: 165408K->96K(160256K)] 167324K->2012K(335360K), 0.0008266 secs] [Times: user=0.00 sys=0.00, real=0.00 secs] 
73.537: [GC (Allocation Failure) [PSYoungGen: 159840K->64K(154624K)] 161756K->1980K(329728K), 0.0005362 secs] [Times: user=0.00 sys=0.00, real=0.00 secs] 
73.590: [GC (Allocation Failure) [PSYoungGen: 154176K->64K(185856K)] 156092K->1980K(360960K), 0.0012385 secs] [Times: user=0.00 sys=0.00, real=0.01 secs] 
73.656: [GC (Allocation Failure) [PSYoungGen: 185408K->64K(223232K)] 187324K->1980K(398336K), 0.0005841 secs] [Times: user=0.00 sys=0.00, real=0.00 secs] 
73.743: [GC (Allocation Failure) [PSYoungGen: 222784K->96K(215040K)] 224700K->2012K(390144K), 0.0005041 secs] [Times: user=0.00 sys=0.00, real=0.00 secs] 
73.815: [GC (Allocation Failure) [PSYoungGen: 214624K->96K(206848K)] 216540K->2012K(381952K), 0.0005072 secs] [Times: user=0.00 sys=0.00, real=0.00 secs] 
73.886: [GC (Allocation Failure) [PSYoungGen: 206432K->64K(199168K)] 208348K->1980K(374272K), 0.0007933 secs] [Times: user=0.00 sys=0.00, real=0.00 secs] 
73.953: [GC (Allocation Failure) [PSYoungGen: 198720K->32K(192000K)] 200636K->1948K(367104K), 0.0006114 secs] [Times: user=0.00 sys=0.00, real=0.00 secs] 
74.018: [GC (Allocation Failure) [PSYoungGen: 191520K->32K(185344K)] 193436K->1948K(360448K), 0.0005081 secs] [Times: user=0.01 sys=0.00, real=0.00 secs] 
74.081: [GC (Allocation Failure) [PSYoungGen: 184864K->32K(178688K)] 186780K->1948K(353792K), 0.0005256 secs] [Times: user=0.00 sys=0.00, real=0.01 secs] 
74.141: [GC (Allocation Failure) [PSYoungGen: 178208K->32K(172544K)] 180124K->1948K(347648K), 0.0005070 secs] [Times: user=0.00 sys=0.00, real=0.01 secs] 
74.200: [GC (Allocation Failure) [PSYoungGen: 172064K->32K(166400K)] 173980K->1948K(341504K), 0.0005080 secs] [Times: user=0.00 sys=0.00, real=0.00 secs] 
74.256: [GC (Allocation Failure) [PSYoungGen: 165920K->32K(199680K)] 167836K->1948K(374784K), 0.0009751 secs] [Times: user=0.00 sys=0.00, real=0.00 secs] 
74.323: [GC (Allocation Failure) [PSYoungGen: 199200K->32K(192512K)] 201116K->1948K(367616K), 0.0005425 secs] [Times: user=0.00 sys=0.00, real=0.00 secs] 
74.388: [GC (Allocation Failure) [PSYoungGen: 192032K->64K(185856K)] 193948K->1980K(360960K), 0.0005886 secs] [Times: user=0.01 sys=0.00, real=0.00 secs] 
74.453: [GC (Allocation Failure) [PSYoungGen: 185408K->96K(179200K)] 187324K->2012K(354304K), 0.0005132 secs] [Times: user=0.00 sys=0.00, real=0.00 secs] 
74.515: [GC (Allocation Failure) [PSYoungGen: 178784K->96K(173056K)] 180700K->2012K(348160K), 0.0005480 secs] [Times: user=0.00 sys=0.00, real=0.00 secs] 
74.574: [GC (Allocation Failure) [PSYoungGen: 172640K->96K(166912K)] 174556K->2012K(342016K), 0.0005160 secs] [Times: user=0.00 sys=0.00, real=0.00 secs] 
74.630: [GC (Allocation Failure) [PSYoungGen: 166496K->96K(161280K)] 168412K->2012K(336384K), 0.0005806 secs] [Times: user=0.00 sys=0.00, real=0.00 secs] 
74.685: [GC (Allocation Failure) [PSYoungGen: 160864K->32K(155648K)] 162780K->1948K(330752K), 0.0008473 secs] [Times: user=0.00 sys=0.00, real=0.00 secs] 
74.738: [GC (Allocation Failure) [PSYoungGen: 155168K->32K(150528K)] 157084K->1948K(325632K), 0.0004989 secs] [Times: user=0.00 sys=0.00, real=0.00 secs] 
74.790: [GC (Allocation Failure) [PSYoungGen: 150048K->32K(145408K)] 151964K->1948K(320512K), 0.0005294 secs] [Times: user=0.00 sys=0.00, real=0.00 secs] 
74.840: [GC (Allocation Failure) [PSYoungGen: 144928K->32K(140800K)] 146844K->1948K(315904K), 0.0005017 secs] [Times: user=0.00 sys=0.00, real=0.00 secs] 
74.887: [GC (Allocation Failure) [PSYoungGen: 140320K->32K(168960K)] 142236K->1948K(344064K), 0.0008095 secs] [Times: user=0.00 sys=0.00, real=0.00 secs] 
74.945: [GC (Allocation Failure) [PSYoungGen: 168480K->32K(202752K)] 170396K->1948K(377856K), 0.0005173 secs] [Times: user=0.00 sys=0.00, real=0.00 secs] 
75.018: [GC (Allocation Failure) [PSYoungGen: 202272K->64K(195584K)] 204188K->1980K(370688K), 0.0005225 secs] [Times: user=0.00 sys=0.00, real=0.00 secs] 
75.088: [GC (Allocation Failure) [PSYoungGen: 195136K->32K(188416K)] 197052K->1948K(363520K), 0.0005150 secs] [Times: user=0.00 sys=0.00, real=0.00 secs] 
75.152: [GC (Allocation Failure) [PSYoungGen: 187936K->96K(181760K)] 189852K->2012K(356864K), 0.0005068 secs] [Times: user=0.00 sys=0.00, real=0.00 secs] 
75.213: [GC (Allocation Failure) [PSYoungGen: 181344K->32K(175616K)] 183260K->1948K(350720K), 0.0006449 secs] [Times: user=0.00 sys=0.00, real=0.00 secs] 
75.273: [GC (Allocation Failure) [PSYoungGen: 175136K->32K(169472K)] 177052K->1948K(344576K), 0.0005871 secs] [Times: user=0.00 sys=0.00, real=0.00 secs] 
75.332: [GC (Allocation Failure) [PSYoungGen: 168992K->32K(163840K)] 170908K->1948K(338944K), 0.0007275 secs] [Times: user=0.00 sys=0.00, real=0.00 secs] 
75.389: [GC (Allocation Failure) [PSYoungGen: 163360K->32K(196608K)] 165276K->1948K(371712K), 0.0014621 secs] [Times: user=0.01 sys=0.00, real=0.00 secs] 
75.457: [GC (Allocation Failure) [PSYoungGen: 196128K->32K(236032K)] 198044K->1948K(411136K), 0.0005253 secs] [Times: user=0.00 sys=0.00, real=0.00 secs] 
75.539: [GC (Allocation Failure) [PSYoungGen: 235552K->32K(227328K)] 237468K->1948K(402432K), 0.0005274 secs] [Times: user=0.00 sys=0.00, real=0.00 secs] 
75.615: [GC (Allocation Failure) [PSYoungGen: 226848K->96K(218624K)] 228764K->2012K(393728K), 0.0005074 secs] [Times: user=0.00 sys=0.00, real=0.00 secs] 
75.689: [GC (Allocation Failure) [PSYoungGen: 218208K->96K(210432K)] 220124K->2012K(385536K), 0.0005912 secs] [Times: user=0.00 sys=0.00, real=0.00 secs] 
75.762: [GC (Allocation Failure) [PSYoungGen: 210016K->64K(202752K)] 211932K->1980K(377856K), 0.0005676 secs] [Times: user=0.01 sys=0.00, real=0.00 secs] 
75.833: [GC (Allocation Failure) [PSYoungGen: 202304K->96K(195584K)] 204220K->2012K(370688K), 0.0005675 secs] [Times: user=0.01 sys=0.00, real=0.00 secs] 
75.901: [GC (Allocation Failure) [PSYoungGen: 195168K->32K(188416K)] 197084K->1948K(363520K), 0.0006248 secs] [Times: user=0.00 sys=0.00, real=0.01 secs] 
75.966: [GC (Allocation Failure) [PSYoungGen: 187936K->32K(181760K)] 189852K->1948K(356864K), 0.0005085 secs] [Times: user=0.00 sys=0.00, real=0.00 secs] 
76.029: [GC (Allocation Failure) [PSYoungGen: 181280K->96K(175616K)] 183196K->2012K(350720K), 0.0005262 secs] [Times: user=0.00 sys=0.00, real=0.00 secs] 
76.090: [GC (Allocation Failure) [PSYoungGen: 175200K->64K(169472K)] 177116K->1980K(344576K), 0.0010341 secs] [Times: user=0.00 sys=0.00, real=0.00 secs] 
76.150: [GC (Allocation Failure) [PSYoungGen: 169024K->32K(203264K)] 170940K->1948K(378368K), 0.0009073 secs] [Times: user=0.00 sys=0.00, real=0.01 secs] 
76.220: [GC (Allocation Failure) [PSYoungGen: 202784K->32K(196096K)] 204700K->1948K(371200K), 0.0005342 secs] [Times: user=0.00 sys=0.00, real=0.00 secs] 
76.288: [GC (Allocation Failure) [PSYoungGen: 195616K->32K(188928K)] 197532K->1948K(364032K), 0.0005355 secs] [Times: user=0.00 sys=0.00, real=0.00 secs] 
76.353: [GC (Allocation Failure) [PSYoungGen: 188448K->32K(182272K)] 190364K->1948K(357376K), 0.0005712 secs] [Times: user=0.00 sys=0.00, real=0.00 secs] 
76.417: [GC (Allocation Failure) [PSYoungGen: 181792K->32K(175616K)] 183708K->1948K(350720K), 0.0005968 secs] [Times: user=0.00 sys=0.00, real=0.00 secs] 
76.478: [GC (Allocation Failure) [PSYoungGen: 175136K->64K(169472K)] 177052K->1980K(344576K), 0.0005613 secs] [Times: user=0.00 sys=0.00, real=0.00 secs] 
76.536: [GC (Allocation Failure) [PSYoungGen: 169024K->96K(163840K)] 170940K->2012K(338944K), 0.0005843 secs] [Times: user=0.00 sys=0.00, real=0.00 secs] 
76.592: [GC (Allocation Failure) [PSYoungGen: 163424K->32K(158208K)] 165340K->1948K(333312K), 0.0005063 secs] [Times: user=0.00 sys=0.00, real=0.00 secs] 
76.648: [GC (Allocation Failure) [PSYoungGen: 157728K->96K(153088K)] 159644K->2012K(328192K), 0.0005224 secs] [Times: user=0.00 sys=0.00, real=0.00 secs] 
76.700: [GC (Allocation Failure) [PSYoungGen: 152672K->64K(147968K)] 154588K->1980K(323072K), 0.0005317 secs] [Times: user=0.00 sys=0.00, real=0.00 secs] 
76.751: [GC (Allocation Failure) [PSYoungGen: 147520K->32K(143360K)] 149436K->1948K(318464K), 0.0005222 secs] [Times: user=0.00 sys=0.00, real=0.01 secs] 
76.800: [GC (Allocation Failure) [PSYoungGen: 142880K->96K(138752K)] 144796K->2012K(313856K), 0.0005174 secs] [Times: user=0.00 sys=0.00, real=0.00 secs] 
76.850: [GC (Allocation Failure) [PSYoungGen: 138336K->96K(134144K)] 140252K->2012K(309248K), 0.0005152 secs] [Times: user=0.00 sys=0.00, real=0.00 secs] 
76.896: [GC (Allocation Failure) [PSYoungGen: 133728K->96K(161280K)] 135644K->2012K(336384K), 0.0007136 secs] [Times: user=0.00 sys=0.00, real=0.00 secs] 
76.952: [GC (Allocation Failure) [PSYoungGen: 160864K->64K(193536K)] 162780K->1980K(368640K), 0.0010310 secs] [Times: user=0.00 sys=0.00, real=0.00 secs] 
77.024: [GC (Allocation Failure) [PSYoungGen: 193088K->32K(232448K)] 195004K->1948K(407552K), 0.0005639 secs] [Times: user=0.00 sys=0.00, real=0.00 secs] 
77.107: [GC (Allocation Failure) [PSYoungGen: 231968K->32K(279040K)] 233884K->1948K(454144K), 0.0011163 secs] [Times: user=0.01 sys=0.00, real=0.00 secs] 
77.204: [GC (Allocation Failure) [PSYoungGen: 278560K->32K(267776K)] 280476K->1948K(442880K), 0.0005195 secs] [Times: user=0.00 sys=0.00, real=0.00 secs] 
77.295: [GC (Allocation Failure) [PSYoungGen: 267296K->32K(257536K)] 269212K->1948K(432640K), 0.0005307 secs] [Times: user=0.00 sys=0.00, real=0.00 secs] 
77.383: [GC (Allocation Failure) [PSYoungGen: 257056K->96K(247296K)] 258972K->2012K(422400K), 0.0005428 secs] [Times: user=0.00 sys=0.00, real=0.00 secs] 
77.468: [GC (Allocation Failure) [PSYoungGen: 246880K->32K(237568K)] 248796K->1948K(412672K), 0.0007962 secs] [Times: user=0.01 sys=0.00, real=0.00 secs] 
77.549: [GC (Allocation Failure) [PSYoungGen: 237088K->32K(228352K)] 239004K->1948K(403456K), 0.0008134 secs] [Times: user=0.00 sys=0.00, real=0.00 secs] 
77.628: [GC (Allocation Failure) [PSYoungGen: 227872K->96K(219648K)] 229788K->2012K(394752K), 0.0005442 secs] [Times: user=0.01 sys=0.00, real=0.00 secs] 
77.703: [GC (Allocation Failure) [PSYoungGen: 219232K->32K(211456K)] 221148K->1948K(386560K), 0.0005107 secs] [Times: user=0.00 sys=0.00, real=0.00 secs] 
77.777: [GC (Allocation Failure) [PSYoungGen: 210976K->32K(203776K)] 212892K->1948K(378880K), 0.0005341 secs] [Times: user=0.00 sys=0.00, real=0.00 secs] 
77.846: [GC (Allocation Failure) [PSYoungGen: 203296K->32K(196096K)] 205212K->1948K(371200K), 0.0005565 secs] [Times: user=0.00 sys=0.01, real=0.00 secs] 
77.913: [GC (Allocation Failure) [PSYoungGen: 195616K->96K(188928K)] 197532K->2012K(364032K), 0.0005242 secs] [Times: user=0.00 sys=0.00, real=0.00 secs] 
77.979: [GC (Allocation Failure) [PSYoungGen: 188512K->96K(182272K)] 190428K->2012K(357376K), 0.0005316 secs] [Times: user=0.00 sys=0.00, real=0.00 secs] 
78.042: [GC (Allocation Failure) [PSYoungGen: 181856K->96K(175616K)] 183772K->2012K(350720K), 0.0005835 secs] [Times: user=0.00 sys=0.00, real=0.00 secs] 
78.102: [GC (Allocation Failure) [PSYoungGen: 175200K->64K(169472K)] 177116K->1980K(344576K), 0.0005860 secs] [Times: user=0.00 sys=0.00, real=0.00 secs] 
78.160: [GC (Allocation Failure) [PSYoungGen: 169024K->96K(163840K)] 170940K->2012K(338944K), 0.0006276 secs] [Times: user=0.00 sys=0.00, real=0.00 secs] 
78.216: [GC (Allocation Failure) [PSYoungGen: 163424K->64K(158208K)] 165340K->1980K(333312K), 0.0005168 secs] [Times: user=0.01 sys=0.00, real=0.00 secs] 
78.271: [GC (Allocation Failure) [PSYoungGen: 157760K->32K(153088K)] 159676K->1948K(328192K), 0.0005480 secs] [Times: user=0.00 sys=0.00, real=0.01 secs] 
78.323: [GC (Allocation Failure) [PSYoungGen: 152608K->96K(147968K)] 154524K->2012K(323072K), 0.0006206 secs] [Times: user=0.00 sys=0.00, real=0.00 secs] 
78.375: [GC (Allocation Failure) [PSYoungGen: 147552K->64K(177664K)] 149468K->1980K(352768K), 0.0011069 secs] [Times: user=0.00 sys=0.00, real=0.00 secs] 
78.436: [GC (Allocation Failure) [PSYoungGen: 177216K->32K(213504K)] 179132K->1948K(388608K), 0.0005152 secs] [Times: user=0.01 sys=0.00, real=0.00 secs] 
78.509: [GC (Allocation Failure) [PSYoungGen: 213024K->96K(205824K)] 214940K->2012K(380928K), 0.0005028 secs] [Times: user=0.00 sys=0.00, real=0.00 secs] 
78.577: [GC (Allocation Failure) [PSYoungGen: 205408K->96K(198144K)] 207324K->2012K(373248K), 0.0005129 secs] [Times: user=0.01 sys=0.00, real=0.00 secs] 
78.645: [GC (Allocation Failure) [PSYoungGen: 197728K->32K(190976K)] 199644K->1948K(366080K), 0.0005111 secs] [Times: user=0.00 sys=0.00, real=0.00 secs] 
78.711: [GC (Allocation Failure) [PSYoungGen: 190496K->32K(184320K)] 192412K->1948K(359424K), 0.0005129 secs] [Times: user=0.00 sys=0.00, real=0.00 secs] 
78.773: [GC (Allocation Failure) [PSYoungGen: 183840K->64K(177664K)] 185756K->1980K(352768K), 0.0005324 secs] [Times: user=0.00 sys=0.00, real=0.00 secs] 
78.833: [GC (Allocation Failure) [PSYoungGen: 177210K->32K(171520K)] 179126K->1948K(346624K), 0.0005167 secs] [Times: user=0.00 sys=0.00, real=0.00 secs] 
78.891: [GC (Allocation Failure) [PSYoungGen: 171040K->64K(165376K)] 172956K->1980K(340480K), 0.0005326 secs] [Times: user=0.00 sys=0.00, real=0.00 secs] 
78.948: [GC (Allocation Failure) [PSYoungGen: 164928K->96K(159744K)] 166844K->2012K(334848K), 0.0005210 secs] [Times: user=0.00 sys=0.00, real=0.00 secs] 
79.001: [GC (Allocation Failure) [PSYoungGen: 159328K->32K(154112K)] 161244K->1948K(329216K), 0.0005338 secs] [Times: user=0.00 sys=0.00, real=0.00 secs] 
79.053: [GC (Allocation Failure) [PSYoungGen: 153632K->32K(148992K)] 155548K->1948K(324096K), 0.0005143 secs] [Times: user=0.00 sys=0.00, real=0.00 secs] 
79.102: [GC (Allocation Failure) [PSYoungGen: 148512K->96K(143872K)] 150428K->2012K(318976K), 0.0005130 secs] [Times: user=0.00 sys=0.00, real=0.00 secs] 
79.150: [GC (Allocation Failure) [PSYoungGen: 143456K->32K(139264K)] 145372K->1948K(314368K), 0.0005644 secs] [Times: user=0.00 sys=0.00, real=0.00 secs] 
79.199: [GC (Allocation Failure) [PSYoungGen: 138784K->96K(134656K)] 140700K->2012K(309760K), 0.0005536 secs] [Times: user=0.01 sys=0.00, real=0.00 secs] 
79.245: [GC (Allocation Failure) [PSYoungGen: 134240K->96K(130560K)] 136156K->2012K(305664K), 0.0005018 secs] [Times: user=0.00 sys=0.00, real=0.00 secs] 
79.289: [GC (Allocation Failure) [PSYoungGen: 130144K->96K(126464K)] 132060K->2012K(301568K), 0.0005321 secs] [Times: user=0.01 sys=0.01, real=0.00 secs] 
79.334: [GC (Allocation Failure) [PSYoungGen: 126048K->64K(122368K)] 127964K->1980K(297472K), 0.0005112 secs] [Times: user=0.00 sys=0.00, real=0.00 secs] 
79.375: [GC (Allocation Failure) [PSYoungGen: 121920K->32K(146944K)] 123836K->1948K(322048K), 0.0005305 secs] [Times: user=0.00 sys=0.00, real=0.00 secs] 
79.425: [GC (Allocation Failure) [PSYoungGen: 146464K->32K(176640K)] 148380K->1948K(351744K), 0.0005224 secs] [Times: user=0.00 sys=0.00, real=0.00 secs] 
79.484: [GC (Allocation Failure) [PSYoungGen: 176160K->32K(170496K)] 178076K->1948K(345600K), 0.0005316 secs] [Times: user=0.00 sys=0.00, real=0.00 secs] 
79.541: [GC (Allocation Failure) [PSYoungGen: 170016K->32K(164864K)] 171932K->1948K(339968K), 0.0005069 secs] [Times: user=0.00 sys=0.00, real=0.01 secs] 
79.596: [GC (Allocation Failure) [PSYoungGen: 164384K->32K(159232K)] 166300K->1948K(334336K), 0.0005118 secs] [Times: user=0.00 sys=0.00, real=0.00 secs] 
79.649: [GC (Allocation Failure) [PSYoungGen: 158752K->32K(154112K)] 160668K->1948K(329216K), 0.0005597 secs] [Times: user=0.01 sys=0.00, real=0.00 secs] 
79.701: [GC (Allocation Failure) [PSYoungGen: 153632K->32K(148992K)] 155548K->1948K(324096K), 0.0005646 secs] [Times: user=0.00 sys=0.00, real=0.01 secs] 
79.751: [GC (Allocation Failure) [PSYoungGen: 148512K->32K(143872K)] 150428K->1948K(318976K), 0.0005109 secs] [Times: user=0.00 sys=0.00, real=0.00 secs] 
79.799: [GC (Allocation Failure) [PSYoungGen: 143392K->96K(139264K)] 145308K->2012K(314368K), 0.0005585 secs] [Times: user=0.01 sys=0.00, real=0.00 secs] 
79.846: [GC (Allocation Failure) [PSYoungGen: 138848K->32K(134656K)] 140764K->1948K(309760K), 0.0005133 secs] [Times: user=0.00 sys=0.00, real=0.00 secs] 
79.892: [GC (Allocation Failure) [PSYoungGen: 134176K->32K(130560K)] 136092K->1948K(305664K), 0.0005164 secs] [Times: user=0.00 sys=0.00, real=0.00 secs] 
79.935: [GC (Allocation Failure) [PSYoungGen: 130080K->32K(126464K)] 131996K->1948K(301568K), 0.0004914 secs] [Times: user=0.00 sys=0.00, real=0.00 secs] 
79.978: [GC (Allocation Failure) [PSYoungGen: 125984K->32K(122368K)] 127900K->1948K(297472K), 0.0005048 secs] [Times: user=0.00 sys=0.00, real=0.00 secs] 
80.019: [GC (Allocation Failure) [PSYoungGen: 121888K->32K(146944K)] 123804K->1948K(322048K), 0.0005224 secs] [Times: user=0.00 sys=0.00, real=0.00 secs] 
80.068: [GC (Allocation Failure) [PSYoungGen: 146464K->32K(176640K)] 148380K->1948K(351744K), 0.0005111 secs] [Times: user=0.00 sys=0.00, real=0.00 secs] 
80.126: [GC (Allocation Failure) [PSYoungGen: 176160K->32K(211968K)] 178076K->1948K(387072K), 0.0010014 secs] [Times: user=0.01 sys=0.00, real=0.00 secs] 
80.197: [GC (Allocation Failure) [PSYoungGen: 211488K->96K(254464K)] 213404K->2012K(429568K), 0.0005066 secs] [Times: user=0.00 sys=0.00, real=0.00 secs] 
80.285: [GC (Allocation Failure) [PSYoungGen: 254048K->32K(244736K)] 255964K->1948K(419840K), 0.0005130 secs] [Times: user=0.00 sys=0.00, real=0.00 secs] 
80.396: [GC (Allocation Failure) [PSYoungGen: 244256K->96K(235520K)] 246172K->2012K(410624K), 0.0005144 secs] [Times: user=0.00 sys=0.00, real=0.00 secs] 
80.511: [GC (Allocation Failure) [PSYoungGen: 235104K->32K(226816K)] 237020K->1972K(401920K), 0.0005513 secs] [Times: user=0.01 sys=0.00, real=0.00 secs] 
80.622: [GC (Allocation Failure) [PSYoungGen: 226336K->32K(218112K)] 228276K->1972K(393216K), 0.0005089 secs] [Times: user=0.00 sys=0.01, real=0.00 secs] 
80.714: [GC (Allocation Failure) [PSYoungGen: 217632K->32K(209920K)] 219572K->1972K(385024K), 0.0016491 secs] [Times: user=0.00 sys=0.00, real=0.00 secs] 
80.792: [GC (Allocation Failure) [PSYoungGen: 209440K->64K(202240K)] 211380K->2004K(377344K), 0.0005341 secs] [Times: user=0.00 sys=0.00, real=0.00 secs] 
80.867: [GC (Allocation Failure) [PSYoungGen: 201792K->32K(195072K)] 203732K->1972K(370176K), 0.0005008 secs] [Times: user=0.00 sys=0.00, real=0.00 secs] 
80.942: [GC (Allocation Failure) [PSYoungGen: 194592K->64K(187904K)] 196532K->2004K(363008K), 0.0005291 secs] [Times: user=0.00 sys=0.00, real=0.00 secs] 
81.008: [GC (Allocation Failure) [PSYoungGen: 187456K->32K(181248K)] 189396K->1972K(356352K), 0.0005277 secs] [Times: user=0.00 sys=0.00, real=0.00 secs] 
81.073: [GC (Allocation Failure) [PSYoungGen: 180768K->32K(175104K)] 182708K->1972K(350208K), 0.0005409 secs] [Times: user=0.00 sys=0.00, real=0.00 secs] 
81.135: [GC (Allocation Failure) [PSYoungGen: 174624K->64K(168960K)] 176564K->2004K(344064K), 0.0009913 secs] [Times: user=0.00 sys=0.00, real=0.00 secs] 
81.199: [GC (Allocation Failure) [PSYoungGen: 168512K->32K(163328K)] 170452K->1972K(338432K), 0.0005077 secs] [Times: user=0.00 sys=0.00, real=0.00 secs] 
81.258: [GC (Allocation Failure) [PSYoungGen: 162848K->64K(157696K)] 164788K->2004K(332800K), 0.0006217 secs] [Times: user=0.00 sys=0.00, real=0.00 secs] 
81.314: [GC (Allocation Failure) [PSYoungGen: 157248K->96K(152576K)] 159188K->2036K(327680K), 0.0005156 secs] [Times: user=0.00 sys=0.00, real=0.00 secs] 
81.374: [GC (Allocation Failure) [PSYoungGen: 152160K->96K(147456K)] 154100K->2036K(322560K), 0.0005306 secs] [Times: user=0.00 sys=0.00, real=0.00 secs] 
81.426: [GC (Allocation Failure) [PSYoungGen: 147040K->64K(177152K)] 148980K->2004K(352256K), 0.0014017 secs] [Times: user=0.00 sys=0.00, real=0.00 secs] 
81.490: [GC (Allocation Failure) [PSYoungGen: 176704K->96K(212480K)] 178644K->2036K(387584K), 0.0005289 secs] [Times: user=0.00 sys=0.00, real=0.00 secs] 
81.565: [GC (Allocation Failure) [PSYoungGen: 212064K->32K(254976K)] 214004K->1972K(430080K), 0.0005314 secs] [Times: user=0.00 sys=0.00, real=0.00 secs] 
81.654: [GC (Allocation Failure) [PSYoungGen: 254496K->32K(245248K)] 256436K->1972K(420352K), 0.0004997 secs] [Times: user=0.00 sys=0.00, real=0.00 secs] 
81.739: [GC (Allocation Failure) [PSYoungGen: 244768K->96K(236032K)] 246708K->2036K(411136K), 0.0005279 secs] [Times: user=0.00 sys=0.00, real=0.00 secs] 
81.822: [GC (Allocation Failure) [PSYoungGen: 235616K->96K(227328K)] 237556K->2036K(402432K), 0.0005208 secs] [Times: user=0.00 sys=0.00, real=0.00 secs] 
81.900: [GC (Allocation Failure) [PSYoungGen: 226912K->96K(218624K)] 228852K->2036K(393728K), 0.0005268 secs] [Times: user=0.00 sys=0.00, real=0.00 secs] 
81.974: [GC (Allocation Failure) [PSYoungGen: 218208K->32K(210432K)] 220148K->1972K(385536K), 0.0005027 secs] [Times: user=0.00 sys=0.00, real=0.00 secs] 
82.048: [GC (Allocation Failure) [PSYoungGen: 209952K->32K(202752K)] 211892K->1972K(377856K), 0.0005242 secs] [Times: user=0.00 sys=0.00, real=0.00 secs] 
82.117: [GC (Allocation Failure) [PSYoungGen: 202272K->32K(195584K)] 204212K->1972K(370688K), 0.0005269 secs] [Times: user=0.00 sys=0.00, real=0.00 secs] 
82.185: [GC (Allocation Failure) [PSYoungGen: 195104K->32K(188416K)] 197044K->1972K(363520K), 0.0014679 secs] [Times: user=0.00 sys=0.00, real=0.00 secs] 
82.252: [GC (Allocation Failure) [PSYoungGen: 187936K->32K(181760K)] 189876K->1972K(356864K), 0.0005644 secs] [Times: user=0.00 sys=0.00, real=0.00 secs] 
82.314: [GC (Allocation Failure) [PSYoungGen: 181280K->64K(175616K)] 183220K->2004K(350720K), 0.0006007 secs] [Times: user=0.00 sys=0.00, real=0.00 secs] 
82.376: [GC (Allocation Failure) [PSYoungGen: 175168K->64K(169472K)] 177108K->2004K(344576K), 0.0005885 secs] [Times: user=0.00 sys=0.00, real=0.00 secs] 
82.435: [GC (Allocation Failure) [PSYoungGen: 169024K->32K(163840K)] 170964K->1972K(338944K), 0.0007199 secs] [Times: user=0.00 sys=0.00, real=0.00 secs] 
82.493: [GC (Allocation Failure) [PSYoungGen: 163360K->32K(158208K)] 165300K->1972K(333312K), 0.0006071 secs] [Times: user=0.00 sys=0.00, real=0.00 secs] 
82.549: [GC (Allocation Failure) [PSYoungGen: 157728K->64K(153088K)] 159668K->2004K(328192K), 0.0005287 secs] [Times: user=0.00 sys=0.00, real=0.00 secs] 
82.601: [GC (Allocation Failure) [PSYoungGen: 152640K->32K(147968K)] 154580K->1972K(323072K), 0.0005178 secs] [Times: user=0.00 sys=0.00, real=0.00 secs] 
82.654: [GC (Allocation Failure) [PSYoungGen: 147488K->96K(143360K)] 149428K->2036K(318464K), 0.0005331 secs] [Times: user=0.00 sys=0.00, real=0.00 secs] 
82.702: [GC (Allocation Failure) [PSYoungGen: 142944K->96K(138752K)] 144884K->2036K(313856K), 0.0005363 secs] [Times: user=0.00 sys=0.00, real=0.00 secs] 
82.751: [GC (Allocation Failure) [PSYoungGen: 138336K->32K(134144K)] 140276K->1972K(309248K), 0.0005121 secs] [Times: user=0.00 sys=0.00, real=0.01 secs] 
82.798: [GC (Allocation Failure) [PSYoungGen: 133664K->32K(161280K)] 135604K->1972K(336384K), 0.0006860 secs] [Times: user=0.00 sys=0.00, real=0.00 secs] 
82.854: [GC (Allocation Failure) [PSYoungGen: 160800K->32K(155648K)] 162740K->1972K(330752K), 0.0005323 secs] [Times: user=0.00 sys=0.00, real=0.00 secs] 
82.908: [GC (Allocation Failure) [PSYoungGen: 155168K->32K(150528K)] 157108K->1972K(325632K), 0.0005245 secs] [Times: user=0.00 sys=0.00, real=0.00 secs] 
82.960: [GC (Allocation Failure) [PSYoungGen: 150048K->32K(145408K)] 151988K->1972K(320512K), 0.0005550 secs] [Times: user=0.01 sys=0.00, real=0.00 secs] 
83.009: [GC (Allocation Failure) [PSYoungGen: 144928K->32K(140800K)] 146868K->1972K(315904K), 0.0005600 secs] [Times: user=0.01 sys=0.00, real=0.00 secs] 
83.057: [GC (Allocation Failure) [PSYoungGen: 140320K->96K(136192K)] 142260K->2036K(311296K), 0.0005456 secs] [Times: user=0.00 sys=0.00, real=0.00 secs] 
83.105: [GC (Allocation Failure) [PSYoungGen: 135776K->32K(132096K)] 137716K->1972K(307200K), 0.0005536 secs] [Times: user=0.00 sys=0.00, real=0.00 secs] 
83.151: [GC (Allocation Failure) [PSYoungGen: 131616K->32K(128000K)] 133556K->1972K(303104K), 0.0005372 secs] [Times: user=0.00 sys=0.00, real=0.01 secs] 
83.195: [GC (Allocation Failure) [PSYoungGen: 127520K->32K(153600K)] 129460K->1972K(328704K), 0.0005717 secs] [Times: user=0.00 sys=0.00, real=0.00 secs] 
83.250: [GC (Allocation Failure) [PSYoungGen: 153120K->32K(148480K)] 155060K->1972K(323584K), 0.0005392 secs] [Times: user=0.00 sys=0.01, real=0.01 secs] 
83.303: [GC (Allocation Failure) [PSYoungGen: 148000K->64K(178176K)] 149940K->2004K(353280K), 0.0006368 secs] [Times: user=0.00 sys=0.00, real=0.00 secs] 
83.378: [GC (Allocation Failure) [PSYoungGen: 177728K->32K(172032K)] 179668K->1972K(347136K), 0.0006225 secs] [Times: user=0.00 sys=0.00, real=0.00 secs] 
83.439: [GC (Allocation Failure) [PSYoungGen: 171552K->96K(165888K)] 173492K->2036K(340992K), 0.0005312 secs] [Times: user=0.00 sys=0.00, real=0.00 secs] 
83.498: [GC (Allocation Failure) [PSYoungGen: 165472K->32K(160256K)] 167412K->1972K(335360K), 0.0005384 secs] [Times: user=0.01 sys=0.00, real=0.00 secs] 
83.557: [GC (Allocation Failure) [PSYoungGen: 159776K->32K(154624K)] 161716K->1972K(329728K), 0.0005284 secs] [Times: user=0.00 sys=0.00, real=0.00 secs] 
83.610: [GC (Allocation Failure) [PSYoungGen: 154144K->32K(149504K)] 156084K->1972K(324608K), 0.0006283 secs] [Times: user=0.01 sys=0.00, real=0.00 secs] 
83.662: [GC (Allocation Failure) [PSYoungGen: 149024K->32K(144384K)] 150964K->1972K(319488K), 0.0005180 secs] [Times: user=0.00 sys=0.00, real=0.00 secs] 
83.713: [GC (Allocation Failure) [PSYoungGen: 143901K->32K(139776K)] 145841K->1972K(314880K), 0.0005221 secs] [Times: user=0.00 sys=0.00, real=0.00 secs] 
83.760: [GC (Allocation Failure) [PSYoungGen: 139296K->32K(135168K)] 141236K->1972K(310272K), 0.0005420 secs] [Times: user=0.00 sys=0.00, real=0.01 secs] 
83.807: [GC (Allocation Failure) [PSYoungGen: 134688K->64K(131072K)] 136628K->2004K(306176K), 0.0005361 secs] [Times: user=0.00 sys=0.00, real=0.00 secs] 
83.852: [GC (Allocation Failure) [PSYoungGen: 130624K->32K(126976K)] 132564K->1972K(302080K), 0.0005328 secs] [Times: user=0.00 sys=0.00, real=0.00 secs] 
83.895: [GC (Allocation Failure) [PSYoungGen: 126496K->32K(152576K)] 128436K->1972K(327680K), 0.0006138 secs] [Times: user=0.00 sys=0.00, real=0.00 secs] 
83.947: [GC (Allocation Failure) [PSYoungGen: 152096K->96K(183296K)] 154036K->2036K(358400K), 0.0005380 secs] [Times: user=0.00 sys=0.00, real=0.00 secs] 
84.009: [GC (Allocation Failure) [PSYoungGen: 182880K->96K(176640K)] 184820K->2036K(351744K), 0.0005584 secs] [Times: user=0.00 sys=0.00, real=0.00 secs] 
84.071: [GC (Allocation Failure) [PSYoungGen: 176224K->64K(170496K)] 178164K->2004K(345600K), 0.0005346 secs] [Times: user=0.00 sys=0.00, real=0.01 secs] 
84.129: [GC (Allocation Failure) [PSYoungGen: 170048K->96K(204800K)] 171988K->2036K(379904K), 0.0010468 secs] [Times: user=0.00 sys=0.00, real=0.00 secs] 
84.199: [GC (Allocation Failure) [PSYoungGen: 204384K->96K(197120K)] 206324K->2036K(372224K), 0.0005350 secs] [Times: user=0.00 sys=0.00, real=0.00 secs] 
84.268: [GC (Allocation Failure) [PSYoungGen: 196704K->32K(189952K)] 198644K->1972K(365056K), 0.0005940 secs] [Times: user=0.00 sys=0.00, real=0.00 secs] 
84.333: [GC (Allocation Failure) [PSYoungGen: 189472K->32K(183296K)] 191412K->1972K(358400K), 0.0006379 secs] [Times: user=0.00 sys=0.00, real=0.00 secs] 
84.398: [GC (Allocation Failure) [PSYoungGen: 182816K->32K(176640K)] 184756K->1972K(351744K), 0.0005576 secs] [Times: user=0.01 sys=0.00, real=0.00 secs] 
84.460: [GC (Allocation Failure) [PSYoungGen: 176160K->32K(170496K)] 178100K->1972K(345600K), 0.0005140 secs] [Times: user=0.00 sys=0.00, real=0.00 secs] 
84.520: [GC (Allocation Failure) [PSYoungGen: 170016K->32K(164864K)] 171956K->1972K(339968K), 0.0005271 secs] [Times: user=0.00 sys=0.00, real=0.00 secs] 
84.580: [GC (Allocation Failure) [PSYoungGen: 164384K->32K(159232K)] 166324K->1972K(334336K), 0.0005463 secs] [Times: user=0.01 sys=0.00, real=0.00 secs] 
84.637: [GC (Allocation Failure) [PSYoungGen: 158752K->32K(154112K)] 160692K->1972K(329216K), 0.0005533 secs] [Times: user=0.00 sys=0.00, real=0.00 secs] 
84.690: [GC (Allocation Failure) [PSYoungGen: 153632K->32K(148992K)] 155572K->1972K(324096K), 0.0005131 secs] [Times: user=0.01 sys=0.00, real=0.01 secs] 
84.743: [GC (Allocation Failure) [PSYoungGen: 148512K->32K(143872K)] 150452K->1972K(318976K), 0.0005594 secs] [Times: user=0.00 sys=0.00, real=0.00 secs] 
84.792: [GC (Allocation Failure) [PSYoungGen: 143392K->96K(139264K)] 145332K->2036K(314368K), 0.0005280 secs] [Times: user=0.00 sys=0.00, real=0.00 secs] 
84.840: [GC (Allocation Failure) [PSYoungGen: 138848K->64K(134656K)] 140788K->2004K(309760K), 0.0005203 secs] [Times: user=0.01 sys=0.00, real=0.00 secs] 
84.886: [GC (Allocation Failure) [PSYoungGen: 134208K->32K(130560K)] 136148K->1972K(305664K), 0.0005142 secs] [Times: user=0.00 sys=0.00, real=0.00 secs] 
84.930: [GC (Allocation Failure) [PSYoungGen: 130080K->32K(126464K)] 132020K->1972K(301568K), 0.0005227 secs] [Times: user=0.00 sys=0.00, real=0.01 secs] 
84.973: [GC (Allocation Failure) [PSYoungGen: 125984K->32K(122368K)] 127924K->1972K(297472K), 0.0005347 secs] [Times: user=0.00 sys=0.00, real=0.00 secs] 
85.015: [GC (Allocation Failure) [PSYoungGen: 121888K->32K(146944K)] 123828K->1972K(322048K), 0.0005054 secs] [Times: user=0.00 sys=0.00, real=0.00 secs] 
85.065: [GC (Allocation Failure) [PSYoungGen: 146464K->32K(176640K)] 148404K->1972K(351744K), 0.0005680 secs] [Times: user=0.00 sys=0.00, real=0.00 secs] 
85.125: [GC (Allocation Failure) [PSYoungGen: 176160K->32K(170496K)] 178100K->1972K(345600K), 0.0005307 secs] [Times: user=0.00 sys=0.00, real=0.00 secs] 
85.183: [GC (Allocation Failure) [PSYoungGen: 170016K->64K(164864K)] 171956K->2004K(339968K), 0.0005721 secs] [Times: user=0.00 sys=0.00, real=0.00 secs] 
85.241: [GC (Allocation Failure) [PSYoungGen: 164416K->96K(159232K)] 166356K->2036K(334336K), 0.0005251 secs] [Times: user=0.00 sys=0.00, real=0.01 secs] 
85.295: [GC (Allocation Failure) [PSYoungGen: 158816K->96K(154112K)] 160756K->2036K(329216K), 0.0005757 secs] [Times: user=0.00 sys=0.00, real=0.00 secs] 
85.348: [GC (Allocation Failure) [PSYoungGen: 153696K->64K(148992K)] 155636K->2004K(324096K), 0.0005166 secs] [Times: user=0.00 sys=0.00, real=0.00 secs] 
85.402: [GC (Allocation Failure) [PSYoungGen: 148544K->64K(143872K)] 150484K->2004K(318976K), 0.0005544 secs] [Times: user=0.00 sys=0.00, real=0.00 secs] 
85.452: [GC (Allocation Failure) [PSYoungGen: 143424K->96K(139264K)] 145364K->2036K(314368K), 0.0005275 secs] [Times: user=0.00 sys=0.00, real=0.00 secs] 
85.500: [GC (Allocation Failure) [PSYoungGen: 138848K->32K(134656K)] 140788K->1972K(309760K), 0.0005341 secs] [Times: user=0.00 sys=0.00, real=0.01 secs] 
85.550: [GC (Allocation Failure) [PSYoungGen: 134176K->32K(161792K)] 136116K->1972K(336896K), 0.0010282 secs] [Times: user=0.01 sys=0.00, real=0.01 secs] 
85.607: [GC (Allocation Failure) [PSYoungGen: 161312K->32K(194048K)] 163252K->1972K(369152K), 0.0005736 secs] [Times: user=0.00 sys=0.00, real=0.00 secs] 
85.673: [GC (Allocation Failure) [PSYoungGen: 193568K->32K(232960K)] 195508K->1972K(408064K), 0.0005617 secs] [Times: user=0.00 sys=0.00, real=0.00 secs] 
85.751: [GC (Allocation Failure) [PSYoungGen: 232480K->96K(224256K)] 234420K->2036K(399360K), 0.0005234 secs] [Times: user=0.00 sys=0.00, real=0.00 secs] 
85.826: [GC (Allocation Failure) [PSYoungGen: 223840K->32K(216064K)] 225780K->1972K(391168K), 0.0005438 secs] [Times: user=0.00 sys=0.00, real=0.00 secs] 
85.899: [GC (Allocation Failure) [PSYoungGen: 215584K->32K(207872K)] 217524K->1972K(382976K), 0.0005506 secs] [Times: user=0.00 sys=0.00, real=0.00 secs] 
85.969: [GC (Allocation Failure) [PSYoungGen: 207392K->32K(200192K)] 209332K->1972K(375296K), 0.0004973 secs] [Times: user=0.00 sys=0.00, real=0.00 secs] 
86.036: [GC (Allocation Failure) [PSYoungGen: 199712K->32K(193024K)] 201652K->1972K(368128K), 0.0005127 secs] [Times: user=0.00 sys=0.00, real=0.00 secs] 
86.100: [GC (Allocation Failure) [PSYoungGen: 192544K->32K(185856K)] 194484K->1972K(360960K), 0.0004951 secs] [Times: user=0.01 sys=0.00, real=0.00 secs] 
86.163: [GC (Allocation Failure) [PSYoungGen: 185376K->64K(179200K)] 187316K->2004K(354304K), 0.0005228 secs] [Times: user=0.00 sys=0.00, real=0.00 secs] 
86.222: [GC (Allocation Failure) [PSYoungGen: 178752K->32K(173056K)] 180692K->1972K(348160K), 0.0005306 secs] [Times: user=0.00 sys=0.00, real=0.00 secs] 
86.280: [GC (Allocation Failure) [PSYoungGen: 172576K->64K(166912K)] 174516K->2004K(342016K), 0.0005255 secs] [Times: user=0.00 sys=0.00, real=0.00 secs] 
86.338: [GC (Allocation Failure) [PSYoungGen: 166464K->64K(161280K)] 168404K->2004K(336384K), 0.0006028 secs] [Times: user=0.00 sys=0.00, real=0.00 secs] 
86.394: [GC (Allocation Failure) [PSYoungGen: 160832K->32K(155648K)] 162772K->1972K(330752K), 0.0005452 secs] [Times: user=0.00 sys=0.00, real=0.00 secs] 
86.446: [GC (Allocation Failure) [PSYoungGen: 155168K->32K(186880K)] 157108K->1972K(361984K), 0.0008782 secs] [Times: user=0.00 sys=0.00, real=0.00 secs] 
86.509: [GC (Allocation Failure) [PSYoungGen: 186400K->32K(224256K)] 188340K->1972K(399360K), 0.0008632 secs] [Times: user=0.01 sys=0.00, real=0.00 secs] 
86.584: [GC (Allocation Failure) [PSYoungGen: 223776K->32K(216064K)] 225716K->1972K(391168K), 0.0004990 secs] [Times: user=0.00 sys=0.00, real=0.00 secs] 
86.658: [GC (Allocation Failure) [PSYoungGen: 215584K->32K(207872K)] 217524K->1972K(382976K), 0.0004938 secs] [Times: user=0.00 sys=0.00, real=0.00 secs] 
86.728: [GC (Allocation Failure) [PSYoungGen: 207392K->96K(200192K)] 209332K->2036K(375296K), 0.0005514 secs] [Times: user=0.00 sys=0.00, real=0.00 secs] 
86.794: [GC (Allocation Failure) [PSYoungGen: 199776K->32K(193024K)] 201716K->1972K(368128K), 0.0005209 secs] [Times: user=0.00 sys=0.00, real=0.00 secs] 
86.859: [GC (Allocation Failure) [PSYoungGen: 192544K->96K(185856K)] 194484K->2036K(360960K), 0.0005044 secs] [Times: user=0.01 sys=0.00, real=0.00 secs] 
86.921: [GC (Allocation Failure) [PSYoungGen: 185440K->96K(179200K)] 187380K->2036K(354304K), 0.0005436 secs] [Times: user=0.00 sys=0.00, real=0.00 secs] 
86.980: [GC (Allocation Failure) [PSYoungGen: 178784K->64K(173056K)] 180724K->2004K(348160K), 0.0005192 secs] [Times: user=0.00 sys=0.00, real=0.00 secs] 
87.039: [GC (Allocation Failure) [PSYoungGen: 172608K->32K(166912K)] 174548K->1972K(342016K), 0.0004867 secs] [Times: user=0.00 sys=0.00, real=0.00 secs] 
87.094: [GC (Allocation Failure) [PSYoungGen: 166432K->32K(161280K)] 168372K->1972K(336384K), 0.0004962 secs] [Times: user=0.00 sys=0.00, real=0.00 secs] 
87.148: [GC (Allocation Failure) [PSYoungGen: 160800K->32K(155648K)] 162740K->1972K(330752K), 0.0005605 secs] [Times: user=0.00 sys=0.00, real=0.00 secs] 
87.200: [GC (Allocation Failure) [PSYoungGen: 155168K->32K(150528K)] 157108K->1972K(325632K), 0.0005036 secs] [Times: user=0.00 sys=0.00, real=0.00 secs] 
87.250: [GC (Allocation Failure) [PSYoungGen: 150048K->32K(145408K)] 151988K->1972K(320512K), 0.0005163 secs] [Times: user=0.00 sys=0.00, real=0.01 secs] 
87.302: [GC (Allocation Failure) [PSYoungGen: 144928K->32K(140800K)] 146868K->1972K(315904K), 0.0005061 secs] [Times: user=0.00 sys=0.00, real=0.00 secs] 
87.349: [GC (Allocation Failure) [PSYoungGen: 140320K->32K(136192K)] 142260K->1972K(311296K), 0.0007284 secs] [Times: user=0.00 sys=0.00, real=0.00 secs] 
87.396: [GC (Allocation Failure) [PSYoungGen: 135712K->96K(132096K)] 137652K->2036K(307200K), 0.0005129 secs] [Times: user=0.00 sys=0.00, real=0.00 secs] 
87.441: [GC (Allocation Failure) [PSYoungGen: 131680K->96K(128000K)] 133620K->2036K(303104K), 0.0005123 secs] [Times: user=0.00 sys=0.00, real=0.00 secs] 
87.487: [GC (Allocation Failure) [PSYoungGen: 127584K->32K(153600K)] 129524K->1972K(328704K), 0.0005641 secs] [Times: user=0.00 sys=0.00, real=0.00 secs] 
87.538: [GC (Allocation Failure) [PSYoungGen: 153120K->64K(184320K)] 155060K->2004K(359424K), 0.0009856 secs] [Times: user=0.01 sys=0.00, real=0.00 secs] 
87.600: [GC (Allocation Failure) [PSYoungGen: 183872K->32K(221184K)] 185812K->1972K(396288K), 0.0005501 secs] [Times: user=0.00 sys=0.00, real=0.00 secs] 
87.676: [GC (Allocation Failure) [PSYoungGen: 220704K->32K(212992K)] 222644K->1972K(388096K), 0.0005207 secs] [Times: user=0.00 sys=0.00, real=0.00 secs] 
87.751: [GC (Allocation Failure) [PSYoungGen: 212512K->64K(205312K)] 214452K->2004K(380416K), 0.0006069 secs] [Times: user=0.00 sys=0.00, real=0.01 secs] 
87.822: [GC (Allocation Failure) [PSYoungGen: 204864K->32K(197632K)] 206804K->1972K(372736K), 0.0005169 secs] [Times: user=0.00 sys=0.00, real=0.00 secs] 
87.888: [GC (Allocation Failure) [PSYoungGen: 197152K->32K(190464K)] 199092K->1972K(365568K), 0.0009675 secs] [Times: user=0.01 sys=0.00, real=0.00 secs] 
87.951: [GC (Allocation Failure) [PSYoungGen: 189984K->32K(183808K)] 191924K->1972K(358912K), 0.0004934 secs] [Times: user=0.00 sys=0.00, real=0.00 secs] 
88.015: [GC (Allocation Failure) [PSYoungGen: 183328K->32K(177152K)] 185268K->1972K(352256K), 0.0005647 secs] [Times: user=0.00 sys=0.00, real=0.00 secs] 
88.074: [GC (Allocation Failure) [PSYoungGen: 176672K->32K(171008K)] 178612K->1972K(346112K), 0.0006079 secs] [Times: user=0.00 sys=0.00, real=0.00 secs] 
88.131: [GC (Allocation Failure) [PSYoungGen: 170528K->32K(164864K)] 172468K->1972K(339968K), 0.0005269 secs] [Times: user=0.00 sys=0.01, real=0.00 secs] 
88.186: [GC (Allocation Failure) [PSYoungGen: 164384K->64K(159232K)] 166324K->2004K(334336K), 0.0005231 secs] [Times: user=0.01 sys=0.00, real=0.00 secs] 
88.238: [GC (Allocation Failure) [PSYoungGen: 158784K->32K(154112K)] 160724K->1972K(329216K), 0.0004944 secs] [Times: user=0.00 sys=0.00, real=0.00 secs] 
88.290: [GC (Allocation Failure) [PSYoungGen: 153632K->32K(148992K)] 155572K->1972K(324096K), 0.0004939 secs] [Times: user=0.00 sys=0.00, real=0.00 secs] 
88.340: [GC (Allocation Failure) [PSYoungGen: 148512K->32K(143872K)] 150452K->1972K(318976K), 0.0005321 secs] [Times: user=0.00 sys=0.00, real=0.00 secs] 
88.390: [GC (Allocation Failure) [PSYoungGen: 143392K->96K(139264K)] 145332K->2036K(314368K), 0.0005123 secs] [Times: user=0.00 sys=0.00, real=0.01 secs] 
88.437: [GC (Allocation Failure) [PSYoungGen: 138848K->96K(134656K)] 140788K->2036K(309760K), 0.0005028 secs] [Times: user=0.00 sys=0.00, real=0.00 secs] 
88.483: [GC (Allocation Failure) [PSYoungGen: 134240K->96K(130560K)] 136180K->2036K(305664K), 0.0005995 secs] [Times: user=0.00 sys=0.00, real=0.00 secs] 
88.526: [GC (Allocation Failure) [PSYoungGen: 130144K->96K(126464K)] 132084K->2036K(301568K), 0.0005140 secs] [Times: user=0.00 sys=0.00, real=0.00 secs] 
88.568: [GC (Allocation Failure) [PSYoungGen: 126048K->96K(152064K)] 127988K->2036K(327168K), 0.0005103 secs] [Times: user=0.00 sys=0.00, real=0.00 secs] 
88.618: [GC (Allocation Failure) [PSYoungGen: 151648K->32K(146944K)] 153588K->1972K(322048K), 0.0005261 secs] [Times: user=0.00 sys=0.00, real=0.00 secs] 
88.669: [GC (Allocation Failure) [PSYoungGen: 146464K->32K(142336K)] 148404K->1972K(317440K), 0.0004982 secs] [Times: user=0.00 sys=0.00, real=0.00 secs] 
88.717: [GC (Allocation Failure) [PSYoungGen: 141856K->32K(137728K)] 143796K->1972K(312832K), 0.0005163 secs] [Times: user=0.00 sys=0.00, real=0.00 secs] 
88.764: [GC (Allocation Failure) [PSYoungGen: 137248K->32K(165376K)] 139188K->1972K(340480K), 0.0010731 secs] [Times: user=0.00 sys=0.00, real=0.00 secs] 
88.820: [GC (Allocation Failure) [PSYoungGen: 164896K->64K(198656K)] 166836K->2004K(373760K), 0.0005104 secs] [Times: user=0.00 sys=0.00, real=0.00 secs] 
88.887: [GC (Allocation Failure) [PSYoungGen: 198208K->96K(238592K)] 200148K->2036K(413696K), 0.0005018 secs] [Times: user=0.00 sys=0.00, real=0.00 secs] 
88.966: [GC (Allocation Failure) [PSYoungGen: 238176K->32K(229376K)] 240116K->1972K(404480K), 0.0005139 secs] [Times: user=0.00 sys=0.00, real=0.00 secs] 
89.042: [GC (Allocation Failure) [PSYoungGen: 228896K->32K(220672K)] 230836K->1972K(395776K), 0.0005102 secs] [Times: user=0.01 sys=0.00, real=0.00 secs] 
89.115: [GC (Allocation Failure) [PSYoungGen: 220192K->96K(212480K)] 222132K->2036K(387584K), 0.0005465 secs] [Times: user=0.00 sys=0.00, real=0.00 secs] 
89.185: [GC (Allocation Failure) [PSYoungGen: 212064K->96K(204800K)] 214004K->2036K(379904K), 0.0005605 secs] [Times: user=0.00 sys=0.00, real=0.00 secs] 
89.256: [GC (Allocation Failure) [PSYoungGen: 204384K->96K(197120K)] 206324K->2036K(372224K), 0.0005110 secs] [Times: user=0.00 sys=0.00, real=0.00 secs] 
89.321: [GC (Allocation Failure) [PSYoungGen: 196704K->32K(189952K)] 198644K->1972K(365056K), 0.0005231 secs] [Times: user=0.00 sys=0.00, real=0.00 secs] 
89.385: [GC (Allocation Failure) [PSYoungGen: 189472K->64K(183296K)] 191412K->2004K(358400K), 0.0005117 secs] [Times: user=0.00 sys=0.00, real=0.00 secs] 
89.446: [GC (Allocation Failure) [PSYoungGen: 182848K->96K(176640K)] 184788K->2036K(351744K), 0.0005210 secs] [Times: user=0.00 sys=0.00, real=0.00 secs] 
89.507: [GC (Allocation Failure) [PSYoungGen: 176224K->32K(170496K)] 178164K->1972K(345600K), 0.0005089 secs] [Times: user=0.00 sys=0.00, real=0.00 secs] 
89.564: [GC (Allocation Failure) [PSYoungGen: 170016K->32K(164864K)] 171956K->1980K(339968K), 0.0005882 secs] [Times: user=0.00 sys=0.00, real=0.00 secs] 
89.621: [GC (Allocation Failure) [PSYoungGen: 164384K->32K(159232K)] 166332K->1980K(334336K), 0.0006254 secs] [Times: user=0.00 sys=0.00, real=0.01 secs] 
89.676: [GC (Allocation Failure) [PSYoungGen: 158752K->32K(154112K)] 160700K->1980K(329216K), 0.0005213 secs] [Times: user=0.00 sys=0.00, real=0.00 secs] 
89.727: [GC (Allocation Failure) [PSYoungGen: 153632K->32K(148992K)] 155580K->1980K(324096K), 0.0004894 secs] [Times: user=0.00 sys=0.00, real=0.00 secs] 
89.778: [GC (Allocation Failure) [PSYoungGen: 148512K->32K(143872K)] 150460K->1980K(318976K), 0.0005416 secs] [Times: user=0.00 sys=0.00, real=0.00 secs] 
89.828: [GC (Allocation Failure) [PSYoungGen: 143392K->128K(139264K)] 145340K->2076K(314368K), 0.0005253 secs] [Times: user=0.00 sys=0.00, real=0.00 secs] 
89.879: [GC (Allocation Failure) [PSYoungGen: 138880K->96K(134656K)] 140828K->2044K(309760K), 0.0005085 secs] [Times: user=0.00 sys=0.00, real=0.00 secs] 
89.924: [GC (Allocation Failure) [PSYoungGen: 134240K->32K(130560K)] 136188K->1980K(305664K), 0.0004956 secs] [Times: user=0.01 sys=0.00, real=0.00 secs] 
89.968: [GC (Allocation Failure) [PSYoungGen: 130080K->32K(126464K)] 132028K->1980K(301568K), 0.0005835 secs] [Times: user=0.00 sys=0.00, real=0.00 secs] 
90.011: [GC (Allocation Failure) [PSYoungGen: 125984K->32K(122368K)] 127932K->1980K(297472K), 0.0004960 secs] [Times: user=0.00 sys=0.00, real=0.00 secs] 
90.052: [GC (Allocation Failure) [PSYoungGen: 121888K->32K(146944K)] 123836K->1980K(322048K), 0.0010505 secs] [Times: user=0.00 sys=0.00, real=0.00 secs] 
90.103: [GC (Allocation Failure) [PSYoungGen: 146464K->32K(176640K)] 148412K->1980K(351744K), 0.0006122 secs] [Times: user=0.01 sys=0.00, real=0.00 secs] 
90.163: [GC (Allocation Failure) [PSYoungGen: 176160K->32K(211968K)] 178108K->1980K(387072K), 0.0005283 secs] [Times: user=0.01 sys=0.00, real=0.00 secs] 
90.236: [GC (Allocation Failure) [PSYoungGen: 211488K->96K(254464K)] 213436K->2044K(429568K), 0.0006046 secs] [Times: user=0.00 sys=0.00, real=0.00 secs] 
90.321: [GC (Allocation Failure) [PSYoungGen: 254048K->96K(305664K)] 255996K->2044K(480768K), 0.0010471 secs] [Times: user=0.00 sys=0.00, real=0.00 secs] 
90.424: [GC (Allocation Failure) [PSYoungGen: 305248K->96K(293376K)] 307196K->2068K(468480K), 0.0005212 secs] [Times: user=0.00 sys=0.00, real=0.00 secs] 
90.521: [GC (Allocation Failure) [PSYoungGen: 292960K->32K(281600K)] 294932K->2004K(456704K), 0.0006118 secs] [Times: user=0.00 sys=0.00, real=0.00 secs] 
90.617: [GC (Allocation Failure) [PSYoungGen: 281120K->32K(270336K)] 283092K->2004K(445440K), 0.0005536 secs] [Times: user=0.00 sys=0.00, real=0.00 secs] 
90.707: [GC (Allocation Failure) [PSYoungGen: 269856K->64K(259584K)] 271828K->2036K(434688K), 0.0005270 secs] [Times: user=0.00 sys=0.00, real=0.00 secs] 
90.793: [GC (Allocation Failure) [PSYoungGen: 259136K->96K(249344K)] 261108K->2068K(424448K), 0.0005139 secs] [Times: user=0.00 sys=0.00, real=0.00 secs] 
90.876: [GC (Allocation Failure) [PSYoungGen: 248928K->64K(239616K)] 250900K->2036K(414720K), 0.0010514 secs] [Times: user=0.00 sys=0.00, real=0.00 secs] 
90.956: [GC (Allocation Failure) [PSYoungGen: 239168K->96K(230400K)] 241140K->2068K(405504K), 0.0005504 secs] [Times: user=0.00 sys=0.00, real=0.00 secs] 
91.035: [GC (Allocation Failure) [PSYoungGen: 229984K->64K(221696K)] 231956K->2036K(396800K), 0.0005655 secs] [Times: user=0.00 sys=0.00, real=0.00 secs] 
91.110: [GC (Allocation Failure) [PSYoungGen: 221248K->96K(213504K)] 223220K->2068K(388608K), 0.0005190 secs] [Times: user=0.00 sys=0.00, real=0.01 secs] 
91.181: [GC (Allocation Failure) [PSYoungGen: 213088K->96K(205824K)] 215060K->2068K(380928K), 0.0010062 secs] [Times: user=0.00 sys=0.00, real=0.00 secs] 
91.255: [GC (Allocation Failure) [PSYoungGen: 205408K->32K(198144K)] 207380K->2004K(373248K), 0.0005868 secs] [Times: user=0.00 sys=0.00, real=0.00 secs] 
91.325: [GC (Allocation Failure) [PSYoungGen: 197664K->32K(238080K)] 199636K->2004K(413184K), 0.0013711 secs] [Times: user=0.00 sys=0.00, real=0.00 secs] 
91.412: [GC (Allocation Failure) [PSYoungGen: 237600K->32K(228864K)] 239572K->2004K(403968K), 0.0005525 secs] [Times: user=0.01 sys=0.00, real=0.00 secs] 
91.495: [GC (Allocation Failure) [PSYoungGen: 228384K->32K(220160K)] 230356K->2004K(395264K), 0.0005802 secs] [Times: user=0.01 sys=0.00, real=0.00 secs] 
91.573: [GC (Allocation Failure) [PSYoungGen: 219680K->64K(211968K)] 221652K->2036K(387072K), 0.0011503 secs] [Times: user=0.00 sys=0.00, real=0.00 secs] 
91.649: [GC (Allocation Failure) [PSYoungGen: 211520K->96K(204288K)] 213492K->2068K(379392K), 0.0006137 secs] [Times: user=0.00 sys=0.00, real=0.00 secs] 
91.723: [GC (Allocation Failure) [PSYoungGen: 203872K->64K(196608K)] 205844K->2036K(371712K), 0.0005061 secs] [Times: user=0.00 sys=0.00, real=0.00 secs] 
91.792: [GC (Allocation Failure) [PSYoungGen: 196160K->32K(189440K)] 198132K->2004K(364544K), 0.0004953 secs] [Times: user=0.00 sys=0.00, real=0.00 secs] 
91.859: [GC (Allocation Failure) [PSYoungGen: 188960K->32K(182784K)] 190932K->2004K(357888K), 0.0005194 secs] [Times: user=0.00 sys=0.00, real=0.00 secs] 
91.926: [GC (Allocation Failure) [PSYoungGen: 182304K->32K(176128K)] 184276K->2004K(351232K), 0.0005135 secs] [Times: user=0.00 sys=0.00, real=0.00 secs] 
91.987: [GC (Allocation Failure) [PSYoungGen: 175648K->64K(169984K)] 177620K->2036K(345088K), 0.0005325 secs] [Times: user=0.00 sys=0.00, real=0.00 secs] 
92.055: [GC (Allocation Failure) [PSYoungGen: 169536K->32K(204288K)] 171508K->2004K(379392K), 0.0014065 secs] [Times: user=0.00 sys=0.00, real=0.00 secs] 
92.131: [GC (Allocation Failure) [PSYoungGen: 203808K->32K(245248K)] 205780K->2004K(420352K), 0.0010341 secs] [Times: user=0.00 sys=0.00, real=0.00 secs] 
92.217: [GC (Allocation Failure) [PSYoungGen: 244768K->32K(236032K)] 246740K->2004K(411136K), 0.0005971 secs] [Times: user=0.00 sys=0.00, real=0.00 secs] 
92.300: [GC (Allocation Failure) [PSYoungGen: 235552K->96K(227328K)] 237524K->2068K(402432K), 0.0005360 secs] [Times: user=0.00 sys=0.00, real=0.01 secs] 
92.380: [GC (Allocation Failure) [PSYoungGen: 226912K->96K(218624K)] 228884K->2068K(393728K), 0.0005831 secs] [Times: user=0.00 sys=0.00, real=0.00 secs] 
92.457: [GC (Allocation Failure) [PSYoungGen: 218208K->96K(210432K)] 220180K->2068K(385536K), 0.0005276 secs] [Times: user=0.00 sys=0.00, real=0.00 secs] 
92.528: [GC (Allocation Failure) [PSYoungGen: 210016K->64K(202752K)] 211988K->2036K(377856K), 0.0010227 secs] [Times: user=0.00 sys=0.00, real=0.00 secs] 
92.596: [GC (Allocation Failure) [PSYoungGen: 202304K->64K(195584K)] 204276K->2036K(370688K), 0.0005234 secs] [Times: user=0.00 sys=0.00, real=0.00 secs] 
92.663: [GC (Allocation Failure) [PSYoungGen: 195136K->96K(188416K)] 197108K->2068K(363520K), 0.0005492 secs] [Times: user=0.00 sys=0.00, real=0.00 secs] 
92.726: [GC (Allocation Failure) [PSYoungGen: 188000K->64K(181760K)] 189972K->2036K(356864K), 0.0005016 secs] [Times: user=0.00 sys=0.00, real=0.00 secs] 
92.788: [GC (Allocation Failure) [PSYoungGen: 181312K->96K(175616K)] 183284K->2068K(350720K), 0.0005493 secs] [Times: user=0.00 sys=0.00, real=0.00 secs] 
92.848: [GC (Allocation Failure) [PSYoungGen: 175200K->96K(169472K)] 177172K->2068K(344576K), 0.0005160 secs] [Times: user=0.00 sys=0.00, real=0.00 secs] 
92.906: [GC (Allocation Failure) [PSYoungGen: 169056K->32K(163840K)] 171028K->2004K(338944K), 0.0005111 secs] [Times: user=0.00 sys=0.00, real=0.00 secs] 
92.962: [GC (Allocation Failure) [PSYoungGen: 163360K->32K(196608K)] 165332K->2004K(371712K), 0.0011198 secs] [Times: user=0.01 sys=0.00, real=0.00 secs] 
93.030: [GC (Allocation Failure) [PSYoungGen: 196128K->96K(189440K)] 198100K->2068K(364544K), 0.0005651 secs] [Times: user=0.00 sys=0.00, real=0.00 secs] 
93.099: [GC (Allocation Failure) [PSYoungGen: 189024K->32K(182784K)] 190996K->2004K(357888K), 0.0004985 secs] [Times: user=0.00 sys=0.00, real=0.00 secs] 
93.166: [GC (Allocation Failure) [PSYoungGen: 182304K->32K(176128K)] 184276K->2004K(351232K), 0.0005594 secs] [Times: user=0.01 sys=0.00, real=0.00 secs] 
93.231: [GC (Allocation Failure) [PSYoungGen: 175640K->32K(169984K)] 177612K->2004K(345088K), 0.0005106 secs] [Times: user=0.00 sys=0.00, real=0.00 secs] 
93.292: [GC (Allocation Failure) [PSYoungGen: 169504K->64K(164352K)] 171476K->2036K(339456K), 0.0005511 secs] [Times: user=0.00 sys=0.00, real=0.00 secs] 
93.350: [GC (Allocation Failure) [PSYoungGen: 163904K->32K(158720K)] 165876K->2004K(333824K), 0.0005350 secs] [Times: user=0.00 sys=0.00, real=0.00 secs] 
93.406: [GC (Allocation Failure) [PSYoungGen: 158240K->32K(153600K)] 160212K->2004K(328704K), 0.0005424 secs] [Times: user=0.00 sys=0.00, real=0.00 secs] 
93.459: [GC (Allocation Failure) [PSYoungGen: 153120K->32K(148480K)] 155092K->2004K(323584K), 0.0006251 secs] [Times: user=0.01 sys=0.00, real=0.00 secs] 
93.511: [GC (Allocation Failure) [PSYoungGen: 148000K->96K(143360K)] 149972K->2068K(318464K), 0.0005251 secs] [Times: user=0.00 sys=0.00, real=0.00 secs] 
93.560: [GC (Allocation Failure) [PSYoungGen: 142944K->96K(138752K)] 144916K->2068K(313856K), 0.0005225 secs] [Times: user=0.01 sys=0.00, real=0.00 secs] 
93.607: [GC (Allocation Failure) [PSYoungGen: 138336K->32K(134144K)] 140308K->2004K(309248K), 0.0005345 secs] [Times: user=0.00 sys=0.00, real=0.00 secs] 
93.654: [GC (Allocation Failure) [PSYoungGen: 133664K->32K(130048K)] 135636K->2004K(305152K), 0.0005619 secs] [Times: user=0.00 sys=0.00, real=0.00 secs] 
93.699: [GC (Allocation Failure) [PSYoungGen: 129568K->96K(125952K)] 131540K->2068K(301056K), 0.0005304 secs] [Times: user=0.01 sys=0.00, real=0.00 secs] 
93.742: [GC (Allocation Failure) [PSYoungGen: 125536K->32K(151040K)] 127508K->2004K(326144K), 0.0007350 secs] [Times: user=0.00 sys=0.00, real=0.00 secs] 
93.794: [GC (Allocation Failure) [PSYoungGen: 150560K->32K(181248K)] 152532K->2004K(356352K), 0.0005437 secs] [Times: user=0.00 sys=0.00, real=0.00 secs] 
93.856: [GC (Allocation Failure) [PSYoungGen: 180768K->96K(217600K)] 182740K->2068K(392704K), 0.0005355 secs] [Times: user=0.00 sys=0.00, real=0.00 secs] 
93.932: [GC (Allocation Failure) [PSYoungGen: 217184K->96K(209408K)] 219156K->2068K(384512K), 0.0005515 secs] [Times: user=0.00 sys=0.00, real=0.00 secs] 
94.004: [GC (Allocation Failure) [PSYoungGen: 208992K->32K(201728K)] 210964K->2004K(376832K), 0.0005260 secs] [Times: user=0.00 sys=0.00, real=0.00 secs] 
94.073: [GC (Allocation Failure) [PSYoungGen: 201248K->96K(194560K)] 203220K->2068K(369664K), 0.0005202 secs] [Times: user=0.00 sys=0.00, real=0.00 secs] 
94.140: [GC (Allocation Failure) [PSYoungGen: 194144K->32K(187392K)] 196116K->2004K(362496K), 0.0005201 secs] [Times: user=0.00 sys=0.00, real=0.01 secs] 
94.205: [GC (Allocation Failure) [PSYoungGen: 186912K->32K(180736K)] 188884K->2004K(355840K), 0.0005269 secs] [Times: user=0.00 sys=0.00, real=0.00 secs] 
94.267: [GC (Allocation Failure) [PSYoungGen: 180256K->96K(174592K)] 182228K->2068K(349696K), 0.0005376 secs] [Times: user=0.00 sys=0.00, real=0.00 secs] 
94.326: [GC (Allocation Failure) [PSYoungGen: 174176K->64K(168448K)] 176148K->2036K(343552K), 0.0010045 secs] [Times: user=0.00 sys=0.00, real=0.00 secs] 
94.385: [GC (Allocation Failure) [PSYoungGen: 168000K->96K(162816K)] 169972K->2068K(337920K), 0.0005250 secs] [Times: user=0.00 sys=0.00, real=0.00 secs] 
94.442: [GC (Allocation Failure) [PSYoungGen: 162400K->64K(157184K)] 164372K->2036K(332288K), 0.0005837 secs] [Times: user=0.00 sys=0.00, real=0.00 secs] 
94.497: [GC (Allocation Failure) [PSYoungGen: 156736K->32K(152064K)] 158708K->2004K(327168K), 0.0005475 secs] [Times: user=0.00 sys=0.00, real=0.00 secs] 
94.550: [GC (Allocation Failure) [PSYoungGen: 151584K->32K(146944K)] 153556K->2004K(322048K), 0.0005211 secs] [Times: user=0.01 sys=0.00, real=0.00 secs] 
94.604: [GC (Allocation Failure) [PSYoungGen: 146464K->32K(142336K)] 148436K->2004K(317440K), 0.0005293 secs] [Times: user=0.00 sys=0.00, real=0.00 secs] 
94.657: [GC (Allocation Failure) [PSYoungGen: 141856K->32K(137728K)] 143828K->2004K(312832K), 0.0005194 secs] [Times: user=0.00 sys=0.00, real=0.00 secs] 
94.709: [GC (Allocation Failure) [PSYoungGen: 137248K->32K(165376K)] 139220K->2004K(340480K), 0.0011411 secs] [Times: user=0.00 sys=0.00, real=0.00 secs] 
94.772: [GC (Allocation Failure) [PSYoungGen: 164896K->32K(198656K)] 166868K->2004K(373760K), 0.0005389 secs] [Times: user=0.00 sys=0.00, real=0.00 secs] 
94.845: [GC (Allocation Failure) [PSYoungGen: 198176K->32K(238592K)] 200148K->2004K(413696K), 0.0012081 secs] [Times: user=0.00 sys=0.00, real=0.00 secs] 
94.928: [GC (Allocation Failure) [PSYoungGen: 238112K->32K(286208K)] 240084K->2004K(461312K), 0.0008914 secs] [Times: user=0.00 sys=0.00, real=0.00 secs] 
95.027: [GC (Allocation Failure) [PSYoungGen: 285728K->32K(343552K)] 287700K->2004K(518656K), 0.0009124 secs] [Times: user=0.01 sys=0.00, real=0.00 secs] 
95.145: [GC (Allocation Failure) [PSYoungGen: 343072K->32K(329216K)] 345044K->2004K(504320K), 0.0005280 secs] [Times: user=0.00 sys=0.00, real=0.00 secs] 
95.258: [GC (Allocation Failure) [PSYoungGen: 328736K->96K(315904K)] 330708K->2068K(491008K), 0.0005627 secs] [Times: user=0.00 sys=0.00, real=0.00 secs] 
95.369: [GC (Allocation Failure) [PSYoungGen: 315488K->32K(303104K)] 317460K->2004K(478208K), 0.0005339 secs] [Times: user=0.01 sys=0.00, real=0.00 secs] 
95.483: [GC (Allocation Failure) [PSYoungGen: 302624K->32K(290816K)] 304596K->2004K(465920K), 0.0009943 secs] [Times: user=0.01 sys=0.00, real=0.00 secs] 
95.583: [GC (Allocation Failure) [PSYoungGen: 290336K->96K(279040K)] 292308K->2068K(454144K), 0.0005287 secs] [Times: user=0.01 sys=0.00, real=0.00 secs] 
95.680: [GC (Allocation Failure) [PSYoungGen: 278624K->96K(267776K)] 280596K->2068K(442880K), 0.0005183 secs] [Times: user=0.00 sys=0.00, real=0.01 secs] 
95.773: [GC (Allocation Failure) [PSYoungGen: 267360K->64K(257536K)] 269332K->2036K(432640K), 0.0005623 secs] [Times: user=0.00 sys=0.00, real=0.00 secs] 
95.861: [GC (Allocation Failure) [PSYoungGen: 257088K->64K(247296K)] 259060K->2036K(422400K), 0.0005937 secs] [Times: user=0.00 sys=0.00, real=0.00 secs] 
95.947: [GC (Allocation Failure) [PSYoungGen: 246848K->32K(237568K)] 248820K->2004K(412672K), 0.0005697 secs] [Times: user=0.00 sys=0.00, real=0.00 secs] 
96.029: [GC (Allocation Failure) [PSYoungGen: 237088K->32K(228352K)] 239060K->2004K(403456K), 0.0005238 secs] [Times: user=0.00 sys=0.00, real=0.00 secs] 
96.107: [GC (Allocation Failure) [PSYoungGen: 227872K->96K(219648K)] 229844K->2068K(394752K), 0.0005360 secs] [Times: user=0.00 sys=0.00, real=0.00 secs] 
96.183: [GC (Allocation Failure) [PSYoungGen: 219232K->32K(211456K)] 221204K->2004K(386560K), 0.0005299 secs] [Times: user=0.00 sys=0.00, real=0.00 secs] 
96.255: [GC (Allocation Failure) [PSYoungGen: 210976K->32K(203776K)] 212948K->2004K(378880K), 0.0005318 secs] [Times: user=0.00 sys=0.00, real=0.00 secs] 
96.325: [GC (Allocation Failure) [PSYoungGen: 203296K->32K(196096K)] 205268K->2004K(371200K), 0.0005642 secs] [Times: user=0.00 sys=0.00, real=0.00 secs] 
96.398: [GC (Allocation Failure) [PSYoungGen: 195616K->96K(235520K)] 197588K->2068K(410624K), 0.0016615 secs] [Times: user=0.01 sys=0.00, real=0.00 secs] 
96.496: [GC (Allocation Failure) [PSYoungGen: 235103K->96K(226816K)] 237075K->2068K(401920K), 0.0005653 secs] [Times: user=0.00 sys=0.00, real=0.00 secs] 
96.576: [GC (Allocation Failure) [PSYoungGen: 226400K->64K(218112K)] 228372K->2036K(393216K), 0.0005432 secs] [Times: user=0.00 sys=0.00, real=0.00 secs] 
96.653: [GC (Allocation Failure) [PSYoungGen: 217664K->96K(209920K)] 219636K->2068K(385024K), 0.0005244 secs] [Times: user=0.00 sys=0.00, real=0.00 secs] 
96.726: [GC (Allocation Failure) [PSYoungGen: 209504K->32K(202240K)] 211476K->2004K(377344K), 0.0005333 secs] [Times: user=0.00 sys=0.00, real=0.00 secs] 
96.798: [GC (Allocation Failure) [PSYoungGen: 201760K->32K(195072K)] 203732K->2004K(370176K), 0.0005924 secs] [Times: user=0.00 sys=0.00, real=0.00 secs] 
96.870: [GC (Allocation Failure) [PSYoungGen: 194592K->96K(187904K)] 196564K->2068K(363008K), 0.0005043 secs] [Times: user=0.00 sys=0.00, real=0.00 secs] 
96.935: [GC (Allocation Failure) [PSYoungGen: 187488K->32K(181248K)] 189460K->2004K(356352K), 0.0007491 secs] [Times: user=0.00 sys=0.00, real=0.00 secs] 
96.998: [GC (Allocation Failure) [PSYoungGen: 180768K->96K(175104K)] 182740K->2068K(350208K), 0.0005535 secs] [Times: user=0.00 sys=0.00, real=0.00 secs] 
97.058: [GC (Allocation Failure) [PSYoungGen: 174688K->32K(168960K)] 176660K->2004K(344064K), 0.0005595 secs] [Times: user=0.00 sys=0.00, real=0.00 secs] 
97.115: [GC (Allocation Failure) [PSYoungGen: 168480K->32K(163328K)] 170452K->2004K(338432K), 0.0004919 secs] [Times: user=0.00 sys=0.00, real=0.00 secs] 
97.175: [GC (Allocation Failure) [PSYoungGen: 162848K->96K(196096K)] 164820K->2068K(371200K), 0.0010431 secs] [Times: user=0.01 sys=0.00, real=0.00 secs] 
97.244: [GC (Allocation Failure) [PSYoungGen: 195680K->64K(188928K)] 197652K->2036K(364032K), 0.0005410 secs] [Times: user=0.00 sys=0.00, real=0.00 secs] 
97.310: [GC (Allocation Failure) [PSYoungGen: 188480K->96K(182272K)] 190452K->2068K(357376K), 0.0005288 secs] [Times: user=0.00 sys=0.01, real=0.00 secs] 
97.372: [GC (Allocation Failure) [PSYoungGen: 181856K->96K(175616K)] 183828K->2068K(350720K), 0.0005190 secs] [Times: user=0.00 sys=0.00, real=0.00 secs] 
97.432: [GC (Allocation Failure) [PSYoungGen: 175200K->96K(169472K)] 177172K->2068K(344576K), 0.0005628 secs] [Times: user=0.00 sys=0.00, real=0.00 secs] 
97.491: [GC (Allocation Failure) [PSYoungGen: 169056K->96K(163840K)] 171028K->2068K(338944K), 0.0005139 secs] [Times: user=0.00 sys=0.00, real=0.00 secs] 
97.549: [GC (Allocation Failure) [PSYoungGen: 163424K->96K(158208K)] 165396K->2068K(333312K), 0.0005519 secs] [Times: user=0.01 sys=0.00, real=0.00 secs] 
97.603: [GC (Allocation Failure) [PSYoungGen: 157792K->32K(153088K)] 159764K->2004K(328192K), 0.0005007 secs] [Times: user=0.00 sys=0.00, real=0.00 secs] 
97.657: [GC (Allocation Failure) [PSYoungGen: 152608K->32K(147968K)] 154580K->2004K(323072K), 0.0005079 secs] [Times: user=0.00 sys=0.00, real=0.00 secs] 
97.713: [GC (Allocation Failure) [PSYoungGen: 147488K->96K(143360K)] 149460K->2068K(318464K), 0.0005146 secs] [Times: user=0.00 sys=0.00, real=0.00 secs] 
97.763: [GC (Allocation Failure) [PSYoungGen: 142944K->64K(138752K)] 144916K->2036K(313856K), 0.0004959 secs] [Times: user=0.00 sys=0.00, real=0.00 secs] 
97.809: [GC (Allocation Failure) [PSYoungGen: 138304K->32K(134144K)] 140276K->2004K(309248K), 0.0005329 secs] [Times: user=0.00 sys=0.00, real=0.00 secs] 
97.854: [GC (Allocation Failure) [PSYoungGen: 133664K->32K(130048K)] 135636K->2004K(305152K), 0.0005288 secs] [Times: user=0.00 sys=0.00, real=0.00 secs] 
97.899: [GC (Allocation Failure) [PSYoungGen: 129568K->32K(125952K)] 131540K->2004K(301056K), 0.0005597 secs] [Times: user=0.00 sys=0.00, real=0.00 secs] 
97.945: [GC (Allocation Failure) [PSYoungGen: 125472K->32K(151040K)] 127444K->2004K(326144K), 0.0005627 secs] [Times: user=0.00 sys=0.00, real=0.00 secs] 
97.996: [GC (Allocation Failure) [PSYoungGen: 150560K->32K(181248K)] 152532K->2004K(356352K), 0.0005602 secs] [Times: user=0.00 sys=0.00, real=0.00 secs] 
98.058: [GC (Allocation Failure) [PSYoungGen: 180768K->96K(175104K)] 182740K->2068K(350208K), 0.0005290 secs] [Times: user=0.00 sys=0.00, real=0.00 secs] 
98.118: [GC (Allocation Failure) [PSYoungGen: 174688K->96K(168960K)] 176660K->2068K(344064K), 0.0005897 secs] [Times: user=0.00 sys=0.00, real=0.00 secs] 
98.175: [GC (Allocation Failure) [PSYoungGen: 168544K->32K(163328K)] 170516K->2004K(338432K), 0.0004926 secs] [Times: user=0.00 sys=0.00, real=0.00 secs] 
98.232: [GC (Allocation Failure) [PSYoungGen: 162848K->96K(157696K)] 164820K->2068K(332800K), 0.0005602 secs] [Times: user=0.00 sys=0.00, real=0.00 secs] 
98.286: [GC (Allocation Failure) [PSYoungGen: 157280K->96K(152576K)] 159252K->2068K(327680K), 0.0005092 secs] [Times: user=0.00 sys=0.00, real=0.00 secs] 
98.336: [GC (Allocation Failure) [PSYoungGen: 152160K->32K(147456K)] 154132K->2004K(322560K), 0.0004923 secs] [Times: user=0.00 sys=0.00, real=0.00 secs] 
98.385: [GC (Allocation Failure) [PSYoungGen: 146976K->96K(142848K)] 148948K->2068K(317952K), 0.0005109 secs] [Times: user=0.00 sys=0.00, real=0.00 secs] 
98.433: [GC (Allocation Failure) [PSYoungGen: 142432K->96K(138240K)] 144404K->2068K(313344K), 0.0005867 secs] [Times: user=0.00 sys=0.00, real=0.00 secs] 
98.480: [GC (Allocation Failure) [PSYoungGen: 137824K->32K(133632K)] 139796K->2004K(308736K), 0.0005393 secs] [Times: user=0.00 sys=0.00, real=0.00 secs] 
98.526: [GC (Allocation Failure) [PSYoungGen: 133152K->96K(129536K)] 135124K->2068K(304640K), 0.0005564 secs] [Times: user=0.00 sys=0.01, real=0.00 secs] 
98.569: [GC (Allocation Failure) [PSYoungGen: 129120K->96K(155648K)] 131092K->2068K(330752K), 0.0005423 secs] [Times: user=0.00 sys=0.00, real=0.00 secs] 
98.621: [GC (Allocation Failure) [PSYoungGen: 155232K->64K(150528K)] 157204K->2036K(325632K), 0.0005198 secs] [Times: user=0.00 sys=0.00, real=0.00 secs] 
98.672: [GC (Allocation Failure) [PSYoungGen: 150080K->32K(145408K)] 152052K->2004K(320512K), 0.0005635 secs] [Times: user=0.00 sys=0.00, real=0.00 secs] 
98.720: [GC (Allocation Failure) [PSYoungGen: 144928K->32K(174592K)] 146900K->2004K(349696K), 0.0010025 secs] [Times: user=0.00 sys=0.00, real=0.01 secs] 
98.779: [GC (Allocation Failure) [PSYoungGen: 174112K->32K(209408K)] 176084K->2004K(384512K), 0.0005224 secs] [Times: user=0.00 sys=0.00, real=0.00 secs] 
98.849: [GC (Allocation Failure) [PSYoungGen: 208928K->32K(251392K)] 210900K->2004K(426496K), 0.0005189 secs] [Times: user=0.00 sys=0.00, real=0.00 secs] 
98.934: [GC (Allocation Failure) [PSYoungGen: 250912K->64K(241664K)] 252884K->2036K(416768K), 0.0005279 secs] [Times: user=0.00 sys=0.00, real=0.00 secs] 
99.017: [GC (Allocation Failure) [PSYoungGen: 241216K->32K(232448K)] 243188K->2004K(407552K), 0.0005161 secs] [Times: user=0.00 sys=0.00, real=0.00 secs] 
99.094: [GC (Allocation Failure) [PSYoungGen: 231968K->32K(279040K)] 233940K->2004K(454144K), 0.0014489 secs] [Times: user=0.01 sys=0.00, real=0.00 secs] 
99.186: [GC (Allocation Failure) [PSYoungGen: 278560K->32K(267776K)] 280532K->2004K(442880K), 0.0005988 secs] [Times: user=0.00 sys=0.00, real=0.00 secs] 
99.276: [GC (Allocation Failure) [PSYoungGen: 267296K->32K(257536K)] 269268K->2004K(432640K), 0.0004967 secs] [Times: user=0.00 sys=0.00, real=0.00 secs] 
99.365: [GC (Allocation Failure) [PSYoungGen: 257056K->32K(247296K)] 259028K->2004K(422400K), 0.0005278 secs] [Times: user=0.00 sys=0.00, real=0.00 secs] 
99.446: [GC (Allocation Failure) [PSYoungGen: 246816K->96K(237568K)] 248788K->2068K(412672K), 0.0005417 secs] [Times: user=0.00 sys=0.00, real=0.00 secs] 
99.526: [GC (Allocation Failure) [PSYoungGen: 237152K->64K(228352K)] 239124K->2036K(403456K), 0.0005996 secs] [Times: user=0.00 sys=0.00, real=0.00 secs] 
99.605: [GC (Allocation Failure) [PSYoungGen: 227904K->32K(219648K)] 229876K->2004K(394752K), 0.0005191 secs] [Times: user=0.00 sys=0.00, real=0.00 secs] 
99.684: [GC (Allocation Failure) [PSYoungGen: 219168K->64K(211456K)] 221140K->2036K(386560K), 0.0005052 secs] [Times: user=0.00 sys=0.00, real=0.00 secs] 
99.759: [GC (Allocation Failure) [PSYoungGen: 211008K->32K(203776K)] 212980K->2004K(378880K), 0.0005534 secs] [Times: user=0.00 sys=0.00, real=0.00 secs] 
99.831: [GC (Allocation Failure) [PSYoungGen: 203296K->32K(196096K)] 205268K->2004K(371200K), 0.0005383 secs] [Times: user=0.00 sys=0.00, real=0.00 secs] 
99.901: [GC (Allocation Failure) [PSYoungGen: 195616K->32K(188928K)] 197588K->2004K(364032K), 0.0005172 secs] [Times: user=0.00 sys=0.00, real=0.00 secs] 
99.968: [GC (Allocation Failure) [PSYoungGen: 188448K->32K(182272K)] 190420K->2004K(357376K), 0.0011176 secs] [Times: user=0.00 sys=0.00, real=0.00 secs] 
100.032: [GC (Allocation Failure) [PSYoungGen: 181792K->32K(175616K)] 183764K->2004K(350720K), 0.0005081 secs] [Times: user=0.00 sys=0.00, real=0.00 secs] 
100.091: [GC (Allocation Failure) [PSYoungGen: 175136K->32K(169472K)] 177108K->2004K(344576K), 0.0005120 secs] [Times: user=0.00 sys=0.00, real=0.00 secs] 
100.148: [GC (Allocation Failure) [PSYoungGen: 168992K->32K(163840K)] 170964K->2004K(338944K), 0.0005189 secs] [Times: user=0.00 sys=0.00, real=0.00 secs] 
100.206: [GC (Allocation Failure) [PSYoungGen: 163360K->32K(158208K)] 165332K->2004K(333312K), 0.0005494 secs] [Times: user=0.00 sys=0.00, real=0.00 secs] 
100.262: [GC (Allocation Failure) [PSYoungGen: 157728K->64K(153088K)] 159700K->2036K(328192K), 0.0005377 secs] [Times: user=0.00 sys=0.00, real=0.00 secs] 
Heap
 PSYoungGen      total 153088K, used 86421K [0x000000076ab00000, 0x000000079c480000, 0x00000007c0000000)
  eden space 152576K, 56% used [0x000000076ab00000,0x000000076ff554a8,0x0000000774000000)
  from space 512K, 12% used [0x000000079c400000,0x000000079c410000,0x000000079c480000)
  to   space 512K, 0% used [0x000000079c380000,0x000000079c380000,0x000000079c400000)
 ParOldGen       total 175104K, used 1972K [0x00000006c0000000, 0x00000006cab00000, 0x000000076ab00000)
  object space 175104K, 1% used [0x00000006c0000000,0x00000006c01ed0c0,0x00000006cab00000)
 Metaspace       used 9282K, capacity 9556K, committed 9856K, reserved 1058816K
  class space    used 1000K, capacity 1106K, committed 1152K, reserved 1048576K
